[2020-08-08T16:32:12.372+0300][0.008s][debug][gc] ConcGCThreads: 2 offset 12
[2020-08-08T16:32:12.372+0300][0.008s][debug][gc] ParallelGCThreads: 6
[2020-08-08T16:32:12.372+0300][0.008s][debug][gc] Initialize mark stack with 4096 chunks, maximum 16384
[2020-08-08T16:32:12.379+0300][0.015s][info ][gc] Using G1
[2020-08-08T16:32:12.396+0300][0.032s][info ][gc] Periodic GC disabled
[2020-08-08T16:32:37.935+0300][25.572s][info ][gc] GC(0) Pause Young (Normal) (G1 Evacuation Pause) 267M->64M(512M) 60.242ms
[2020-08-08T16:33:03.652+0300][51.289s][info ][gc] GC(1) Pause Young (Normal) (G1 Evacuation Pause) 317M->131M(512M) 70.449ms
[2020-08-08T16:33:26.337+0300][73.973s][info ][gc] GC(2) Pause Young (Normal) (G1 Evacuation Pause) 353M->191M(512M) 50.861ms
[2020-08-08T16:33:45.983+0300][93.620s][info ][gc] GC(3) Pause Young (Normal) (G1 Evacuation Pause) 363M->221M(512M) 33.974ms
[2020-08-08T16:34:04.112+0300][111.749s][info ][gc] GC(4) Pause Young (Normal) (G1 Evacuation Pause) 419M->286M(512M) 33.504ms
[2020-08-08T16:34:17.979+0300][125.616s][info ][gc] GC(5) Pause Young (Concurrent Start) (G1 Evacuation Pause) 411M->309M(512M) 25.274ms
[2020-08-08T16:34:17.979+0300][125.616s][info ][gc] GC(6) Concurrent Cycle
[2020-08-08T16:34:18.145+0300][125.781s][debug][gc] GC(6) Reclaimed 74 empty regions
[2020-08-08T16:34:18.145+0300][125.781s][info ][gc] GC(6) Pause Remark 311M->237M(512M) 0.868ms
[2020-08-08T16:34:18.245+0300][125.881s][info ][gc] GC(6) Pause Cleanup 237M->237M(512M) 0.125ms
[2020-08-08T16:34:18.247+0300][125.883s][info ][gc] GC(6) Concurrent Cycle 267.557ms
[2020-08-08T16:34:30.453+0300][138.089s][info ][gc] GC(7) Pause Young (Normal) (G1 Evacuation Pause) 344M->254M(512M) 21.020ms
[2020-08-08T16:34:33.880+0300][141.516s][info ][gc] GC(8) Pause Young (Concurrent Start) (G1 Humongous Allocation) 284M->263M(512M) 11.501ms
[2020-08-08T16:34:33.880+0300][141.516s][info ][gc] GC(9) Concurrent Cycle
[2020-08-08T16:34:34.081+0300][141.717s][info ][gc] GC(9) Pause Remark 318M->318M(512M) 0.751ms
[2020-08-08T16:34:34.216+0300][141.853s][info ][gc] GC(9) Pause Cleanup 320M->320M(512M) 0.135ms
[2020-08-08T16:34:34.218+0300][141.854s][info ][gc] GC(9) Concurrent Cycle 337.506ms
[2020-08-08T16:34:48.302+0300][155.939s][info ][gc] GC(10) Pause Young (Normal) (G1 Evacuation Pause) 458M->341M(512M) 21.949ms
[2020-08-08T16:34:57.239+0300][164.875s][info ][gc] GC(11) Pause Young (Concurrent Start) (G1 Evacuation Pause) 427M->357M(512M) 18.951ms
[2020-08-08T16:34:57.239+0300][164.876s][info ][gc] GC(12) Concurrent Cycle
[2020-08-08T16:34:57.473+0300][165.109s][debug][gc] GC(12) Reclaimed 36 empty regions
[2020-08-08T16:34:57.473+0300][165.109s][info ][gc] GC(12) Pause Remark 359M->323M(512M) 0.698ms
[2020-08-08T16:34:57.607+0300][165.243s][info ][gc] GC(12) Pause Cleanup 324M->324M(512M) 0.155ms
[2020-08-08T16:34:57.608+0300][165.244s][info ][gc] GC(12) Concurrent Cycle 368.570ms
[2020-08-08T16:35:05.255+0300][172.892s][info ][gc] GC(13) Pause Young (Normal) (G1 Evacuation Pause) 395M->335M(512M) 14.880ms
[2020-08-08T16:35:15.079+0300][182.716s][info ][gc] GC(14) Pause Young (Concurrent Start) (G1 Evacuation Pause) 425M->352M(512M) 17.044ms
[2020-08-08T16:35:15.079+0300][182.716s][info ][gc] GC(15) Concurrent Cycle
[2020-08-08T16:35:15.341+0300][182.978s][info ][gc] GC(15) Pause Remark 354M->354M(512M) 1.687ms
[2020-08-08T16:35:15.491+0300][183.127s][info ][gc] GC(15) Pause Cleanup 356M->356M(512M) 0.142ms
[2020-08-08T16:35:15.491+0300][183.128s][info ][gc] GC(15) Concurrent Cycle 412.048ms
[2020-08-08T16:35:23.535+0300][191.172s][info ][gc] GC(16) Pause Young (Normal) (G1 Evacuation Pause) 430M->366M(512M) 15.483ms
[2020-08-08T16:35:31.215+0300][198.851s][info ][gc] GC(17) Pause Young (Concurrent Start) (G1 Evacuation Pause) 433M->379M(512M) 14.851ms
[2020-08-08T16:35:31.215+0300][198.851s][info ][gc] GC(18) Concurrent Cycle
[2020-08-08T16:35:31.504+0300][199.140s][info ][gc] GC(18) Pause Remark 381M->381M(512M) 1.355ms
[2020-08-08T16:35:31.669+0300][199.305s][info ][gc] GC(18) Pause Cleanup 383M->383M(512M) 0.319ms
[2020-08-08T16:35:31.670+0300][199.306s][info ][gc] GC(18) Concurrent Cycle 455.050ms
[2020-08-08T16:35:37.843+0300][205.480s][info ][gc] GC(19) Pause Young (Normal) (G1 Evacuation Pause) 437M->390M(512M) 12.415ms
[2020-08-08T16:35:41.357+0300][208.993s][info ][gc] GC(20) Pause Young (Concurrent Start) (G1 Humongous Allocation) 421M->398M(512M) 7.880ms
[2020-08-08T16:35:41.357+0300][208.993s][info ][gc] GC(21) Concurrent Cycle
[2020-08-08T16:35:41.670+0300][209.306s][info ][gc] GC(21) Pause Remark 481M->481M(512M) 0.669ms
[2020-08-08T16:35:41.871+0300][209.507s][info ][gc] GC(21) Pause Cleanup 482M->482M(512M) 0.209ms
[2020-08-08T16:35:41.872+0300][209.508s][info ][gc] GC(21) Concurrent Cycle 514.380ms
[2020-08-08T16:35:45.170+0300][212.806s][info ][gc] GC(22) To-space exhausted
[2020-08-08T16:35:45.170+0300][212.807s][info ][gc] GC(22) Pause Young (Normal) (G1 Evacuation Pause) 511M->511M(512M) 23.096ms
[2020-08-08T16:35:45.435+0300][213.072s][info ][gc] GC(23) Pause Full (G1 Evacuation Pause) 511M->404M(512M) 265.073ms
[2020-08-08T16:35:49.763+0300][217.400s][info ][gc] GC(24) Pause Young (Concurrent Start) (G1 Evacuation Pause) 443M->411M(512M) 6.493ms
[2020-08-08T16:35:49.763+0300][217.400s][info ][gc] GC(25) Concurrent Cycle
[2020-08-08T16:35:50.092+0300][217.729s][info ][gc] GC(25) Pause Remark 415M->415M(512M) 0.859ms
[2020-08-08T16:35:50.270+0300][217.907s][info ][gc] GC(25) Pause Cleanup 418M->418M(512M) 0.196ms
[2020-08-08T16:35:50.270+0300][217.907s][info ][gc] GC(25) Concurrent Cycle 507.004ms
[2020-08-08T16:35:53.211+0300][220.847s][info ][gc] GC(26) Pause Young (Normal) (G1 Evacuation Pause) 444M->417M(512M) 6.743ms
[2020-08-08T16:35:56.430+0300][224.066s][info ][gc] GC(27) Pause Young (Concurrent Start) (G1 Evacuation Pause) 445M->422M(512M) 6.104ms
[2020-08-08T16:35:56.430+0300][224.066s][info ][gc] GC(28) Concurrent Cycle
[2020-08-08T16:35:56.767+0300][224.403s][info ][gc] GC(28) Pause Remark 426M->426M(512M) 1.245ms
[2020-08-08T16:35:56.948+0300][224.584s][info ][gc] GC(28) Pause Cleanup 427M->427M(512M) 0.147ms
[2020-08-08T16:35:56.949+0300][224.585s][info ][gc] GC(28) Concurrent Cycle 518.978ms
[2020-08-08T16:35:59.170+0300][226.807s][info ][gc] GC(29) Pause Young (Normal) (G1 Evacuation Pause) 446M->427M(512M) 5.221ms
[2020-08-08T16:36:01.550+0300][229.186s][info ][gc] GC(30) Pause Young (Concurrent Start) (G1 Evacuation Pause) 448M->431M(512M) 4.834ms
[2020-08-08T16:36:01.550+0300][229.186s][info ][gc] GC(31) Concurrent Cycle
[2020-08-08T16:36:01.897+0300][229.533s][info ][gc] GC(31) Pause Remark 435M->435M(512M) 0.748ms
[2020-08-08T16:36:02.083+0300][229.719s][info ][gc] GC(31) Pause Cleanup 437M->437M(512M) 0.157ms
[2020-08-08T16:36:02.083+0300][229.720s][info ][gc] GC(31) Concurrent Cycle 533.835ms
[2020-08-08T16:36:03.590+0300][231.226s][info ][gc] GC(32) Pause Young (Normal) (G1 Evacuation Pause) 452M->435M(512M) 4.971ms
[2020-08-08T16:36:05.979+0300][233.616s][info ][gc] GC(33) Pause Young (Concurrent Start) (G1 Evacuation Pause) 456M->439M(512M) 5.257ms
[2020-08-08T16:36:05.979+0300][233.616s][info ][gc] GC(34) Concurrent Cycle
[2020-08-08T16:36:06.333+0300][233.970s][info ][gc] GC(34) Pause Remark 442M->442M(512M) 0.800ms
[2020-08-08T16:36:06.522+0300][234.159s][info ][gc] GC(34) Pause Cleanup 443M->443M(512M) 0.170ms
[2020-08-08T16:36:06.522+0300][234.159s][info ][gc] GC(34) Concurrent Cycle 543.001ms
[2020-08-08T16:36:08.369+0300][236.006s][info ][gc] GC(35) Pause Young (Normal) (G1 Evacuation Pause) 460M->443M(512M) 4.800ms
[2020-08-08T16:36:10.311+0300][237.948s][info ][gc] GC(36) Pause Young (Concurrent Start) (G1 Evacuation Pause) 464M->447M(512M) 6.858ms
[2020-08-08T16:36:10.311+0300][237.948s][info ][gc] GC(37) Concurrent Cycle
[2020-08-08T16:36:10.670+0300][238.307s][info ][gc] GC(37) Pause Remark 450M->450M(512M) 0.809ms
[2020-08-08T16:36:10.867+0300][238.504s][info ][gc] GC(37) Pause Cleanup 452M->452M(512M) 0.171ms
[2020-08-08T16:36:10.868+0300][238.504s][info ][gc] GC(37) Concurrent Cycle 556.394ms
[2020-08-08T16:36:12.730+0300][240.366s][info ][gc] GC(38) Pause Young (Normal) (G1 Evacuation Pause) 468M->450M(512M) 4.852ms
[2020-08-08T16:36:15.094+0300][242.730s][info ][gc] GC(39) Pause Young (Concurrent Start) (G1 Evacuation Pause) 471M->454M(512M) 5.837ms
[2020-08-08T16:36:15.094+0300][242.730s][info ][gc] GC(40) Concurrent Cycle
[2020-08-08T16:36:15.456+0300][243.092s][info ][gc] GC(40) Pause Remark 458M->458M(512M) 0.833ms
[2020-08-08T16:36:15.652+0300][243.288s][info ][gc] GC(40) Pause Cleanup 459M->459M(512M) 0.177ms
[2020-08-08T16:36:15.653+0300][243.289s][info ][gc] GC(40) Concurrent Cycle 558.552ms
[2020-08-08T16:36:17.521+0300][245.157s][info ][gc] GC(41) Pause Young (Normal) (G1 Evacuation Pause) 475M->458M(512M) 5.970ms
[2020-08-08T16:36:19.902+0300][247.539s][info ][gc] GC(42) Pause Young (Concurrent Start) (G1 Evacuation Pause) 479M->462M(512M) 4.866ms
[2020-08-08T16:36:19.902+0300][247.539s][info ][gc] GC(43) Concurrent Cycle
[2020-08-08T16:36:20.274+0300][247.911s][info ][gc] GC(43) Pause Remark 465M->465M(512M) 0.770ms
[2020-08-08T16:36:20.473+0300][248.110s][info ][gc] GC(43) Pause Cleanup 467M->467M(512M) 0.172ms
[2020-08-08T16:36:20.474+0300][248.111s][info ][gc] GC(43) Concurrent Cycle 571.952ms
[2020-08-08T16:36:22.300+0300][249.937s][info ][gc] GC(44) Pause Young (Normal) (G1 Evacuation Pause) 483M->466M(512M) 5.168ms
[2020-08-08T16:36:24.430+0300][252.066s][info ][gc] GC(45) Pause Young (Concurrent Start) (G1 Evacuation Pause) 487M->470M(512M) 6.487ms
[2020-08-08T16:36:24.430+0300][252.066s][info ][gc] GC(46) Concurrent Cycle
[2020-08-08T16:36:24.810+0300][252.446s][info ][gc] GC(46) Pause Remark 474M->474M(512M) 0.747ms
[2020-08-08T16:36:25.014+0300][252.650s][info ][gc] GC(46) Pause Cleanup 476M->476M(512M) 0.162ms
[2020-08-08T16:36:25.014+0300][252.650s][info ][gc] GC(46) Concurrent Cycle 583.943ms
[2020-08-08T16:36:26.654+0300][254.290s][info ][gc] GC(47) Pause Young (Normal) (G1 Evacuation Pause) 491M->474M(512M) 5.124ms
[2020-08-08T16:36:29.041+0300][256.677s][info ][gc] GC(48) Pause Young (Concurrent Start) (G1 Evacuation Pause) 495M->477M(512M) 5.200ms
[2020-08-08T16:36:29.041+0300][256.677s][info ][gc] GC(49) Concurrent Cycle
[2020-08-08T16:36:29.443+0300][257.080s][info ][gc] GC(49) Pause Remark 481M->481M(512M) 0.994ms
[2020-08-08T16:36:29.649+0300][257.285s][info ][gc] GC(49) Pause Cleanup 483M->483M(512M) 0.177ms
[2020-08-08T16:36:29.649+0300][257.285s][info ][gc] GC(49) Concurrent Cycle 608.085ms
[2020-08-08T16:36:31.455+0300][259.091s][info ][gc] GC(50) Pause Young (Normal) (G1 Evacuation Pause) 498M->481M(512M) 5.024ms
[2020-08-08T16:36:33.838+0300][261.474s][info ][gc] GC(51) To-space exhausted
[2020-08-08T16:36:33.838+0300][261.474s][info ][gc] GC(51) Pause Young (Concurrent Start) (G1 Evacuation Pause) 502M->489M(512M) 5.958ms
[2020-08-08T16:36:33.838+0300][261.474s][info ][gc] GC(52) Concurrent Cycle
[2020-08-08T16:36:34.231+0300][261.867s][info ][gc] GC(52) Pause Remark 493M->493M(512M) 0.889ms
[2020-08-08T16:36:34.441+0300][262.077s][info ][gc] GC(52) Pause Cleanup 495M->495M(512M) 0.177ms
[2020-08-08T16:36:34.441+0300][262.077s][info ][gc] GC(52) Concurrent Cycle 603.095ms
[2020-08-08T16:36:36.116+0300][263.752s][info ][gc] GC(53) To-space exhausted
[2020-08-08T16:36:36.116+0300][263.752s][info ][gc] GC(53) Pause Young (Normal) (G1 Evacuation Pause) 509M->509M(512M) 15.468ms
[2020-08-08T16:36:36.400+0300][264.036s][info ][gc] GC(54) Pause Full (G1 Evacuation Pause) 509M->481M(512M) 283.837ms
[2020-08-08T16:36:39.254+0300][266.891s][info ][gc] GC(55) To-space exhausted
[2020-08-08T16:36:39.254+0300][266.891s][info ][gc] GC(55) Pause Young (Concurrent Start) (G1 Evacuation Pause) 506M->496M(512M) 6.186ms
[2020-08-08T16:36:39.254+0300][266.891s][info ][gc] GC(56) Concurrent Cycle
[2020-08-08T16:36:39.657+0300][267.293s][info ][gc] GC(56) Pause Remark 500M->500M(512M) 0.811ms
[2020-08-08T16:36:39.875+0300][267.511s][info ][gc] GC(56) Pause Cleanup 502M->502M(512M) 0.239ms
[2020-08-08T16:36:39.875+0300][267.512s][info ][gc] GC(56) Concurrent Cycle 620.580ms
[2020-08-08T16:36:40.767+0300][268.404s][info ][gc] GC(57) To-space exhausted
[2020-08-08T16:36:40.767+0300][268.404s][info ][gc] GC(57) Pause Young (Normal) (G1 Evacuation Pause) 509M->509M(512M) 10.581ms
[2020-08-08T16:36:40.987+0300][268.624s][info ][gc] GC(58) Pause Full (G1 Evacuation Pause) 509M->488M(512M) 219.798ms
[2020-08-08T16:36:43.379+0300][271.015s][info ][gc] GC(59) To-space exhausted
[2020-08-08T16:36:43.379+0300][271.015s][info ][gc] GC(59) Pause Young (Concurrent Start) (G1 Evacuation Pause) 509M->509M(512M) 10.302ms
[2020-08-08T16:36:43.379+0300][271.015s][info ][gc] GC(61) Concurrent Cycle
[2020-08-08T16:36:43.379+0300][271.016s][debug][gc] GC(60) Clear Next Bitmap 0.444ms
[2020-08-08T16:36:43.609+0300][271.245s][info ][gc] GC(60) Pause Full (G1 Evacuation Pause) 509M->491M(512M) 229.840ms
[2020-08-08T16:36:43.609+0300][271.245s][info ][gc] GC(61) Concurrent Cycle 230.103ms
[2020-08-08T16:36:45.491+0300][273.128s][info ][gc] GC(62) To-space exhausted
[2020-08-08T16:36:45.492+0300][273.128s][info ][gc] GC(62) Pause Young (Normal) (G1 Evacuation Pause) 508M->508M(512M) 9.795ms
[2020-08-08T16:36:45.707+0300][273.343s][info ][gc] GC(63) Pause Full (G1 Evacuation Pause) 508M->494M(512M) 215.409ms
[2020-08-08T16:36:47.306+0300][274.942s][info ][gc] GC(64) To-space exhausted
[2020-08-08T16:36:47.306+0300][274.942s][info ][gc] GC(64) Pause Young (Concurrent Start) (G1 Evacuation Pause) 508M->508M(512M) 7.680ms
[2020-08-08T16:36:47.306+0300][274.943s][info ][gc] GC(66) Concurrent Cycle
[2020-08-08T16:36:47.307+0300][274.943s][debug][gc] GC(65) Clear Next Bitmap 0.425ms
[2020-08-08T16:36:47.518+0300][275.154s][info ][gc] GC(65) Pause Full (G1 Evacuation Pause) 508M->496M(512M) 211.174ms
[2020-08-08T16:36:47.518+0300][275.154s][info ][gc] GC(66) Concurrent Cycle 211.472ms
[2020-08-08T16:36:48.994+0300][276.630s][info ][gc] GC(67) To-space exhausted
[2020-08-08T16:36:48.994+0300][276.630s][info ][gc] GC(67) Pause Young (Normal) (G1 Evacuation Pause) 509M->509M(512M) 7.812ms
[2020-08-08T16:36:49.205+0300][276.842s][info ][gc] GC(68) Pause Full (G1 Evacuation Pause) 509M->499M(512M) 211.614ms
[2020-08-08T16:36:50.449+0300][278.085s][info ][gc] GC(69) To-space exhausted
[2020-08-08T16:36:50.449+0300][278.085s][info ][gc] GC(69) Pause Young (Concurrent Start) (G1 Evacuation Pause) 510M->510M(512M) 6.049ms
[2020-08-08T16:36:50.449+0300][278.085s][info ][gc] GC(71) Concurrent Cycle
[2020-08-08T16:36:50.450+0300][278.086s][debug][gc] GC(70) Clear Next Bitmap 0.486ms
[2020-08-08T16:36:50.663+0300][278.299s][info ][gc] GC(70) Pause Full (G1 Evacuation Pause) 510M->500M(512M) 213.625ms
[2020-08-08T16:36:50.663+0300][278.299s][info ][gc] GC(71) Concurrent Cycle 213.891ms
[2020-08-08T16:36:51.505+0300][279.141s][info ][gc] GC(72) To-space exhausted
[2020-08-08T16:36:51.505+0300][279.142s][info ][gc] GC(72) Pause Young (Normal) (G1 Evacuation Pause) 508M->508M(512M) 4.972ms
[2020-08-08T16:36:51.719+0300][279.356s][info ][gc] GC(73) Pause Full (G1 Evacuation Pause) 508M->502M(512M) 214.476ms
[2020-08-08T16:36:52.517+0300][280.154s][info ][gc] GC(74) To-space exhausted
[2020-08-08T16:36:52.517+0300][280.154s][info ][gc] GC(74) Pause Young (Concurrent Start) (G1 Evacuation Pause) 509M->509M(512M) 5.558ms
[2020-08-08T16:36:52.517+0300][280.154s][info ][gc] GC(76) Concurrent Cycle
[2020-08-08T16:36:52.518+0300][280.154s][debug][gc] GC(75) Clear Next Bitmap 0.391ms
[2020-08-08T16:36:52.733+0300][280.369s][info ][gc] GC(75) Pause Full (G1 Evacuation Pause) 509M->503M(512M) 215.247ms
[2020-08-08T16:36:52.733+0300][280.369s][info ][gc] GC(76) Concurrent Cycle 215.517ms
[2020-08-08T16:36:53.247+0300][280.884s][info ][gc] GC(77) To-space exhausted
[2020-08-08T16:36:53.247+0300][280.884s][info ][gc] GC(77) Pause Young (Normal) (G1 Evacuation Pause) 508M->508M(512M) 3.673ms
[2020-08-08T16:36:53.461+0300][281.097s][info ][gc] GC(78) Pause Full (G1 Evacuation Pause) 508M->504M(512M) 213.100ms
[2020-08-08T16:36:53.709+0300][281.346s][info ][gc] GC(79) To-space exhausted
[2020-08-08T16:36:53.709+0300][281.346s][info ][gc] GC(79) Pause Young (Concurrent Start) (G1 Evacuation Pause) 507M->507M(512M) 3.503ms
[2020-08-08T16:36:53.709+0300][281.346s][info ][gc] GC(81) Concurrent Cycle
[2020-08-08T16:36:53.710+0300][281.346s][debug][gc] GC(80) Clear Next Bitmap 0.299ms
[2020-08-08T16:36:53.923+0300][281.559s][info ][gc] GC(80) Pause Full (G1 Evacuation Pause) 507M->504M(512M) 213.674ms
[2020-08-08T16:36:53.923+0300][281.560s][info ][gc] GC(81) Concurrent Cycle 213.986ms
[2020-08-08T16:36:54.275+0300][281.911s][info ][gc] GC(82) To-space exhausted
[2020-08-08T16:36:54.275+0300][281.911s][info ][gc] GC(82) Pause Young (Normal) (G1 Evacuation Pause) 508M->508M(512M) 4.844ms
[2020-08-08T16:36:54.490+0300][282.126s][info ][gc] GC(83) Pause Full (G1 Evacuation Pause) 508M->505M(512M) 215.153ms
[2020-08-08T16:36:54.817+0300][282.453s][info ][gc] GC(84) To-space exhausted
[2020-08-08T16:36:54.817+0300][282.453s][info ][gc] GC(84) Pause Young (Concurrent Start) (G1 Evacuation Pause) 508M->508M(512M) 3.950ms
[2020-08-08T16:36:54.817+0300][282.454s][info ][gc] GC(86) Concurrent Cycle
[2020-08-08T16:36:54.817+0300][282.454s][debug][gc] GC(85) Clear Next Bitmap 0.316ms
[2020-08-08T16:36:55.033+0300][282.669s][info ][gc] GC(85) Pause Full (G1 Evacuation Pause) 508M->505M(512M) 215.842ms
[2020-08-08T16:36:55.033+0300][282.670s][info ][gc] GC(86) Concurrent Cycle 216.157ms
[2020-08-08T16:36:55.364+0300][283.000s][info ][gc] GC(87) To-space exhausted
[2020-08-08T16:36:55.364+0300][283.000s][info ][gc] GC(87) Pause Young (Normal) (G1 Evacuation Pause) 508M->508M(512M) 3.141ms
[2020-08-08T16:36:55.580+0300][283.216s][info ][gc] GC(88) Pause Full (G1 Evacuation Pause) 508M->506M(512M) 216.003ms
[2020-08-08T16:36:55.816+0300][283.452s][info ][gc] GC(89) To-space exhausted
[2020-08-08T16:36:55.816+0300][283.452s][info ][gc] GC(89) Pause Young (Concurrent Start) (G1 Evacuation Pause) 508M->508M(512M) 3.357ms
[2020-08-08T16:36:55.816+0300][283.452s][info ][gc] GC(91) Concurrent Cycle
[2020-08-08T16:36:55.817+0300][283.453s][debug][gc] GC(90) Clear Next Bitmap 0.322ms
[2020-08-08T16:36:56.028+0300][283.665s][info ][gc] GC(90) Pause Full (G1 Evacuation Pause) 508M->506M(512M) 212.334ms
[2020-08-08T16:36:56.028+0300][283.665s][info ][gc] GC(91) Concurrent Cycle 212.608ms
[2020-08-08T16:36:56.361+0300][283.997s][info ][gc] GC(92) To-space exhausted
[2020-08-08T16:36:56.361+0300][283.997s][info ][gc] GC(92) Pause Young (Normal) (G1 Evacuation Pause) 509M->509M(512M) 3.184ms
[2020-08-08T16:36:56.579+0300][284.215s][info ][gc] GC(93) Pause Full (G1 Evacuation Pause) 509M->507M(512M) 217.678ms
[2020-08-08T16:36:56.797+0300][284.434s][info ][gc] GC(94) To-space exhausted
[2020-08-08T16:36:56.797+0300][284.434s][info ][gc] GC(94) Pause Young (Concurrent Start) (G1 Evacuation Pause) 509M->509M(512M) 3.625ms
[2020-08-08T16:36:56.797+0300][284.434s][info ][gc] GC(96) Concurrent Cycle
[2020-08-08T16:36:56.798+0300][284.434s][debug][gc] GC(95) Clear Next Bitmap 0.289ms
[2020-08-08T16:36:57.010+0300][284.646s][info ][gc] GC(95) Pause Full (G1 Evacuation Pause) 509M->507M(512M) 212.382ms
[2020-08-08T16:36:57.010+0300][284.646s][info ][gc] GC(96) Concurrent Cycle 212.686ms
[2020-08-08T16:36:57.187+0300][284.823s][info ][gc] GC(97) To-space exhausted
[2020-08-08T16:36:57.187+0300][284.824s][info ][gc] GC(97) Pause Young (Normal) (G1 Evacuation Pause) 509M->509M(512M) 2.871ms
[2020-08-08T16:36:57.403+0300][285.040s][info ][gc] GC(98) Pause Full (G1 Evacuation Pause) 509M->507M(512M) 215.889ms
[2020-08-08T16:36:57.729+0300][285.365s][info ][gc] GC(99) To-space exhausted
[2020-08-08T16:36:57.729+0300][285.365s][info ][gc] GC(99) Pause Young (Concurrent Start) (G1 Evacuation Pause) 510M->510M(512M) 3.854ms
[2020-08-08T16:36:57.729+0300][285.365s][info ][gc] GC(101) Concurrent Cycle
[2020-08-08T16:36:57.729+0300][285.365s][debug][gc] GC(100) Clear Next Bitmap 0.300ms
[2020-08-08T16:36:57.953+0300][285.589s][info ][gc] GC(100) Pause Full (G1 Evacuation Pause) 510M->508M(512M) 224.315ms
[2020-08-08T16:36:57.953+0300][285.589s][info ][gc] GC(101) Concurrent Cycle 224.582ms
[2020-08-08T16:36:58.074+0300][285.711s][info ][gc] GC(102) To-space exhausted
[2020-08-08T16:36:58.074+0300][285.711s][info ][gc] GC(102) Pause Young (Normal) (G1 Evacuation Pause) 509M->509M(512M) 7.230ms
[2020-08-08T16:36:58.335+0300][285.971s][info ][gc] GC(103) Pause Full (G1 Evacuation Pause) 509M->508M(512M) 260.095ms
[2020-08-08T16:36:58.425+0300][286.062s][info ][gc] GC(104) To-space exhausted
[2020-08-08T16:36:58.425+0300][286.062s][info ][gc] GC(104) Pause Young (Concurrent Start) (G1 Evacuation Pause) 509M->509M(512M) 2.443ms
[2020-08-08T16:36:58.425+0300][286.062s][info ][gc] GC(106) Concurrent Cycle
[2020-08-08T16:36:58.426+0300][286.062s][debug][gc] GC(105) Clear Next Bitmap 0.234ms
[2020-08-08T16:36:58.653+0300][286.290s][info ][gc] GC(105) Pause Full (G1 Evacuation Pause) 509M->508M(512M) 227.627ms
[2020-08-08T16:36:58.653+0300][286.290s][info ][gc] GC(106) Concurrent Cycle 227.910ms
[2020-08-08T16:36:58.877+0300][286.513s][info ][gc] GC(107) To-space exhausted
[2020-08-08T16:36:58.877+0300][286.513s][info ][gc] GC(107) Pause Young (Normal) (G1 Evacuation Pause) 510M->510M(512M) 2.898ms
[2020-08-08T16:36:59.090+0300][286.726s][info ][gc] GC(108) Pause Full (G1 Evacuation Pause) 510M->508M(512M) 212.811ms
[2020-08-08T16:36:59.207+0300][286.843s][info ][gc] GC(109) To-space exhausted
[2020-08-08T16:36:59.207+0300][286.843s][info ][gc] GC(109) Pause Young (Concurrent Start) (G1 Evacuation Pause) 509M->509M(512M) 6.121ms
[2020-08-08T16:36:59.207+0300][286.843s][info ][gc] GC(111) Concurrent Cycle
[2020-08-08T16:36:59.208+0300][286.844s][debug][gc] GC(110) Clear Next Bitmap 0.389ms
[2020-08-08T16:36:59.443+0300][287.079s][info ][gc] GC(110) Pause Full (G1 Evacuation Pause) 509M->508M(512M) 235.798ms
[2020-08-08T16:36:59.444+0300][287.080s][info ][gc] GC(111) Concurrent Cycle 236.404ms
[2020-08-08T16:36:59.672+0300][287.308s][info ][gc] GC(112) To-space exhausted
[2020-08-08T16:36:59.672+0300][287.309s][info ][gc] GC(112) Pause Young (Normal) (G1 Evacuation Pause) 510M->510M(512M) 3.029ms
[2020-08-08T16:36:59.887+0300][287.524s][info ][gc] GC(113) Pause Full (G1 Evacuation Pause) 510M->509M(512M) 215.055ms
[2020-08-08T16:37:00.109+0300][287.746s][info ][gc] GC(114) To-space exhausted
[2020-08-08T16:37:00.109+0300][287.746s][info ][gc] GC(114) Pause Young (Concurrent Start) (G1 Evacuation Pause) 511M->511M(512M) 3.113ms
[2020-08-08T16:37:00.109+0300][287.746s][info ][gc] GC(116) Concurrent Cycle
[2020-08-08T16:37:00.109+0300][287.746s][debug][gc] GC(115) Clear Next Bitmap 0.266ms
[2020-08-08T16:37:00.326+0300][287.963s][info ][gc] GC(115) Pause Full (G1 Evacuation Pause) 511M->509M(512M) 217.257ms
[2020-08-08T16:37:00.326+0300][287.963s][info ][gc] GC(116) Concurrent Cycle 217.545ms
[2020-08-08T16:37:00.469+0300][288.105s][info ][gc] GC(117) To-space exhausted
[2020-08-08T16:37:00.469+0300][288.105s][info ][gc] GC(117) Pause Young (Normal) (G1 Evacuation Pause) 511M->511M(512M) 2.831ms
[2020-08-08T16:37:00.690+0300][288.326s][info ][gc] GC(118) Pause Full (G1 Evacuation Pause) 511M->509M(512M) 220.889ms
[2020-08-08T16:37:00.936+0300][288.573s][info ][gc] GC(119) To-space exhausted
[2020-08-08T16:37:00.936+0300][288.573s][info ][gc] GC(119) Pause Young (Concurrent Start) (G1 Evacuation Pause) 511M->511M(512M) 3.024ms
[2020-08-08T16:37:00.936+0300][288.573s][info ][gc] GC(121) Concurrent Cycle
[2020-08-08T16:37:00.936+0300][288.573s][debug][gc] GC(120) Clear Next Bitmap 0.268ms
[2020-08-08T16:37:01.154+0300][288.791s][info ][gc] GC(120) Pause Full (G1 Evacuation Pause) 511M->509M(512M) 218.400ms
[2020-08-08T16:37:01.155+0300][288.791s][info ][gc] GC(121) Concurrent Cycle 218.676ms
[2020-08-08T16:37:01.361+0300][288.998s][info ][gc] GC(122) To-space exhausted
[2020-08-08T16:37:01.361+0300][288.998s][info ][gc] GC(122) Pause Young (Normal) (G1 Evacuation Pause) 511M->511M(512M) 5.541ms
[2020-08-08T16:37:01.585+0300][289.222s][info ][gc] GC(123) Pause Full (G1 Evacuation Pause) 511M->510M(512M) 223.714ms
[2020-08-08T16:37:01.591+0300][289.228s][info ][gc] GC(124) To-space exhausted
[2020-08-08T16:37:01.591+0300][289.228s][info ][gc] GC(124) Pause Young (Concurrent Start) (G1 Evacuation Pause) 511M->511M(512M) 1.349ms
[2020-08-08T16:37:01.591+0300][289.228s][info ][gc] GC(126) Concurrent Cycle
[2020-08-08T16:37:01.591+0300][289.228s][debug][gc] GC(125) Clear Next Bitmap 0.290ms
[2020-08-08T16:37:01.849+0300][289.486s][info ][gc] GC(125) Pause Full (G1 Evacuation Pause) 511M->510M(512M) 257.935ms
[2020-08-08T16:37:01.849+0300][289.486s][info ][gc] GC(126) Concurrent Cycle 258.290ms
[2020-08-08T16:37:01.854+0300][289.491s][info ][gc] GC(127) To-space exhausted
[2020-08-08T16:37:01.854+0300][289.491s][info ][gc] GC(127) Pause Young (Normal) (G1 Evacuation Pause) 511M->511M(512M) 1.111ms
[2020-08-08T16:37:02.068+0300][289.705s][info ][gc] GC(128) Pause Full (G1 Evacuation Pause) 511M->510M(512M) 214.373ms
[2020-08-08T16:37:02.168+0300][289.804s][info ][gc] GC(129) To-space exhausted
[2020-08-08T16:37:02.168+0300][289.804s][info ][gc] GC(129) Pause Young (Concurrent Start) (G1 Evacuation Pause) 511M->511M(512M) 2.078ms
[2020-08-08T16:37:02.168+0300][289.804s][info ][gc] GC(131) Concurrent Cycle
[2020-08-08T16:37:02.168+0300][289.804s][debug][gc] GC(130) Clear Next Bitmap 0.223ms
[2020-08-08T16:37:02.390+0300][290.026s][info ][gc] GC(130) Pause Full (G1 Evacuation Pause) 511M->510M(512M) 222.150ms
[2020-08-08T16:37:02.390+0300][290.027s][info ][gc] GC(131) Concurrent Cycle 222.443ms
[2020-08-08T16:37:02.395+0300][290.031s][info ][gc] GC(132) To-space exhausted
[2020-08-08T16:37:02.395+0300][290.032s][info ][gc] GC(132) Pause Young (Normal) (G1 Evacuation Pause) 511M->511M(512M) 0.929ms
[2020-08-08T16:37:02.619+0300][290.255s][info ][gc] GC(133) Pause Full (G1 Evacuation Pause) 511M->510M(512M) 223.329ms
[2020-08-08T16:37:02.624+0300][290.260s][info ][gc] GC(134) To-space exhausted
[2020-08-08T16:37:02.624+0300][290.260s][info ][gc] GC(134) Pause Young (Concurrent Start) (G1 Evacuation Pause) 511M->511M(512M) 1.279ms
[2020-08-08T16:37:02.624+0300][290.260s][info ][gc] GC(136) Concurrent Cycle
[2020-08-08T16:37:02.625+0300][290.261s][debug][gc] GC(135) Clear Next Bitmap 0.317ms
[2020-08-08T16:37:02.844+0300][290.480s][info ][gc] GC(135) Pause Full (G1 Evacuation Pause) 511M->510M(512M) 219.658ms
[2020-08-08T16:37:02.844+0300][290.481s][info ][gc] GC(136) Concurrent Cycle 220.019ms
[2020-08-08T16:37:02.950+0300][290.586s][info ][gc] GC(137) To-space exhausted
[2020-08-08T16:37:02.950+0300][290.586s][info ][gc] GC(137) Pause Young (Normal) (G1 Evacuation Pause) 511M->511M(512M) 2.200ms
[2020-08-08T16:37:03.171+0300][290.807s][info ][gc] GC(138) Pause Full (G1 Evacuation Pause) 511M->510M(512M) 220.499ms
[2020-08-08T16:37:03.281+0300][290.917s][info ][gc] GC(139) To-space exhausted
[2020-08-08T16:37:03.281+0300][290.917s][info ][gc] GC(139) Pause Young (Concurrent Start) (G1 Evacuation Pause) 511M->511M(512M) 6.429ms
[2020-08-08T16:37:03.281+0300][290.917s][info ][gc] GC(141) Concurrent Cycle
[2020-08-08T16:37:03.282+0300][290.918s][debug][gc] GC(140) Clear Next Bitmap 0.432ms
[2020-08-08T16:37:03.529+0300][291.165s][info ][gc] GC(140) Pause Full (G1 Evacuation Pause) 511M->510M(512M) 247.387ms
[2020-08-08T16:37:03.529+0300][291.165s][info ][gc] GC(141) Concurrent Cycle 247.875ms
[2020-08-08T16:37:03.534+0300][291.170s][info ][gc] GC(142) To-space exhausted
[2020-08-08T16:37:03.534+0300][291.170s][info ][gc] GC(142) Pause Young (Normal) (G1 Evacuation Pause) 511M->511M(512M) 0.853ms
[2020-08-08T16:37:03.756+0300][291.392s][info ][gc] GC(143) Pause Full (G1 Evacuation Pause) 511M->510M(512M) 221.779ms
[2020-08-08T16:37:03.761+0300][291.397s][info ][gc] GC(144) To-space exhausted
[2020-08-08T16:37:03.761+0300][291.397s][info ][gc] GC(144) Pause Young (Concurrent Start) (G1 Evacuation Pause) 511M->511M(512M) 1.152ms
[2020-08-08T16:37:03.761+0300][291.397s][info ][gc] GC(146) Concurrent Cycle
[2020-08-08T16:37:03.761+0300][291.397s][debug][gc] GC(145) Clear Next Bitmap 0.236ms
[2020-08-08T16:37:03.980+0300][291.616s][info ][gc] GC(145) Pause Full (G1 Evacuation Pause) 511M->511M(512M) 219.127ms
[2020-08-08T16:37:04.198+0300][291.834s][info ][gc] GC(147) Pause Full (G1 Evacuation Pause) 511M->511M(512M) 217.303ms
[2020-08-08T16:37:04.198+0300][291.834s][info ][gc] GC(146) Concurrent Cycle 437.014ms
[2020-08-08T16:37:04.198+0300][291.834s][info ][gc] GC(148) Pause Young (Normal) (G1 Evacuation Pause) 511M->511M(512M) 0.307ms
[2020-08-08T16:37:04.416+0300][292.052s][info ][gc] GC(149) Pause Full (G1 Evacuation Pause) 511M->510M(512M) 217.716ms
[2020-08-08T16:37:04.460+0300][292.096s][info ][gc] GC(150) To-space exhausted
[2020-08-08T16:37:04.460+0300][292.096s][info ][gc] GC(150) Pause Young (Concurrent Start) (G1 Evacuation Pause) 511M->511M(512M) 1.319ms
[2020-08-08T16:37:04.460+0300][292.096s][info ][gc] GC(152) Concurrent Cycle
[2020-08-08T16:37:04.460+0300][292.096s][debug][gc] GC(151) Clear Next Bitmap 0.226ms
[2020-08-08T16:37:04.690+0300][292.326s][info ][gc] GC(151) Pause Full (G1 Evacuation Pause) 511M->511M(512M) 229.908ms
[2020-08-08T16:37:04.918+0300][292.554s][info ][gc] GC(153) Pause Full (G1 Evacuation Pause) 511M->511M(512M) 227.261ms
[2020-08-08T16:37:04.918+0300][292.554s][info ][gc] GC(152) Concurrent Cycle 457.747ms
[2020-08-08T16:37:04.918+0300][292.554s][info ][gc] GC(154) Pause Young (Normal) (G1 Evacuation Pause) 511M->511M(512M) 0.242ms
[2020-08-08T16:37:05.147+0300][292.783s][info ][gc] GC(155) Pause Full (G1 Evacuation Pause) 511M->511M(512M) 228.159ms
[2020-08-08T16:37:05.364+0300][293.000s][info ][gc] GC(156) Pause Full (G1 Evacuation Pause) 511M->511M(512M) 217.498ms
[2020-08-08T16:37:05.365+0300][293.001s][info ][gc] GC(157) Pause Young (Concurrent Start) (G1 Evacuation Pause) 511M->511M(512M) 0.388ms
[2020-08-08T16:37:05.365+0300][293.001s][info ][gc] GC(159) Concurrent Cycle
[2020-08-08T16:37:05.366+0300][293.002s][debug][gc] GC(158) Clear Next Bitmap 0.250ms
[2020-08-08T16:37:05.620+0300][293.256s][info ][gc] GC(158) Pause Full (G1 Evacuation Pause) 511M->511M(512M) 254.596ms
[2020-08-08T16:37:05.847+0300][293.483s][info ][gc] GC(160) Pause Full (G1 Evacuation Pause) 511M->511M(512M) 226.713ms
[2020-08-08T16:37:05.847+0300][293.483s][info ][gc] GC(159) Concurrent Cycle 481.912ms
[2020-08-08T16:37:05.848+0300][293.484s][info ][gc] GC(161) Pause Young (Normal) (G1 Evacuation Pause) 511M->511M(512M) 0.305ms
[2020-08-08T16:37:06.078+0300][293.714s][info ][gc] GC(162) Pause Full (G1 Evacuation Pause) 511M->511M(512M) 230.582ms
[2020-08-08T16:37:06.323+0300][293.959s][info ][gc] GC(163) Pause Full (G1 Evacuation Pause) 511M->511M(512M) 244.064ms
[2020-08-08T16:37:06.323+0300][293.959s][info ][gc] GC(164) Pause Young (Concurrent Start) (G1 Evacuation Pause) 511M->511M(512M) 0.425ms
[2020-08-08T16:37:06.323+0300][293.959s][info ][gc] GC(166) Concurrent Cycle
[2020-08-08T16:37:06.324+0300][293.960s][debug][gc] GC(165) Clear Next Bitmap 0.220ms
[2020-08-08T16:37:06.607+0300][294.243s][info ][gc] GC(165) Pause Full (G1 Evacuation Pause) 511M->511M(512M) 283.118ms
[2020-08-08T16:37:06.846+0300][294.482s][info ][gc] GC(167) Pause Full (G1 Evacuation Pause) 511M->511M(512M) 239.238ms
[2020-08-08T16:37:06.846+0300][294.482s][info ][gc] GC(166) Concurrent Cycle 522.945ms
[2020-08-08T16:37:10.964+0300][298.601s][info ][gc] GC(168) Pause Young (Normal) (G1 Evacuation Pause) 511M->511M(512M) 0.693ms
[2020-08-08T16:37:11.178+0300][298.815s][info ][gc] GC(169) Pause Full (G1 Evacuation Pause) 511M->511M(512M) 214.581ms
[2020-08-08T16:37:11.394+0300][299.031s][info ][gc] GC(170) Pause Full (G1 Evacuation Pause) 511M->511M(512M) 215.026ms
[2020-08-08T16:37:11.394+0300][299.031s][info ][gc] GC(171) Pause Young (Concurrent Start) (G1 Evacuation Pause) 511M->511M(512M) 0.378ms
[2020-08-08T16:37:11.394+0300][299.031s][info ][gc] GC(173) Concurrent Cycle
[2020-08-08T16:37:11.395+0300][299.032s][debug][gc] GC(172) Clear Next Bitmap 0.233ms
[2020-08-08T16:37:11.609+0300][299.246s][info ][gc] GC(172) Pause Full (G1 Evacuation Pause) 511M->511M(512M) 214.727ms
[2020-08-08T16:37:11.834+0300][299.471s][info ][gc] GC(174) Pause Full (G1 Evacuation Pause) 511M->511M(512M) 224.281ms
[2020-08-08T16:37:11.834+0300][299.471s][info ][gc] GC(173) Concurrent Cycle 439.636ms
[2020-08-08T16:37:11.834+0300][299.471s][info ][gc] GC(175) Pause Young (Normal) (G1 Evacuation Pause) 511M->511M(512M) 0.308ms
[2020-08-08T16:37:11.840+0300][299.477s][info ][gc] GC(176) Pause Full (G1 Evacuation Pause) 511M->2M(512M) 5.753ms
