[2020-08-01T12:04:18.362+0300][0.009s][debug][gc] ConcGCThreads: 2 offset 12
[2020-08-01T12:04:18.362+0300][0.009s][debug][gc] ParallelGCThreads: 6
[2020-08-01T12:04:18.362+0300][0.009s][debug][gc] Initialize mark stack with 4096 chunks, maximum 16384
[2020-08-01T12:04:18.368+0300][0.015s][info ][gc] Using G1
[2020-08-01T12:04:18.385+0300][0.032s][info ][gc] Periodic GC disabled
[2020-08-01T12:04:18.961+0300][0.608s][info ][gc] GC(0) To-space exhausted
[2020-08-01T12:04:18.961+0300][0.608s][info ][gc] GC(0) Pause Young (Normal) (G1 Evacuation Pause) 304M->318M(512M) 174.792ms
[2020-08-01T12:04:19.132+0300][0.778s][info ][gc] GC(1) Pause Young (Concurrent Start) (G1 Evacuation Pause) 361M->362M(512M) 87.711ms
[2020-08-01T12:04:19.132+0300][0.778s][info ][gc] GC(2) Concurrent Cycle
[2020-08-01T12:04:19.176+0300][0.823s][info ][gc] GC(3) Pause Young (Normal) (G1 Evacuation Pause) 391M->392M(512M) 19.474ms
[2020-08-01T12:04:19.198+0300][0.844s][info ][gc] GC(4) Pause Young (Normal) (G1 Evacuation Pause) 412M->413M(512M) 11.339ms
[2020-08-01T12:04:19.206+0300][0.853s][debug][gc] GC(2) Reclaimed 227 empty regions
[2020-08-01T12:04:19.206+0300][0.853s][info ][gc] GC(2) Pause Remark 424M->197M(512M) 0.460ms
[2020-08-01T12:04:19.249+0300][0.896s][info ][gc] GC(5) Pause Young (Normal) (G1 Evacuation Pause) 227M->229M(512M) 12.472ms
[2020-08-01T12:04:19.268+0300][0.914s][info ][gc] GC(2) Pause Cleanup 269M->269M(512M) 0.111ms
[2020-08-01T12:04:19.270+0300][0.916s][info ][gc] GC(2) Concurrent Cycle 138.289ms
[2020-08-01T12:04:19.316+0300][0.963s][info ][gc] GC(6) Pause Young (Prepare Mixed) (G1 Evacuation Pause) 301M->303M(512M) 35.502ms
[2020-08-01T12:04:19.339+0300][0.985s][info ][gc] GC(7) Pause Young (Mixed) (G1 Evacuation Pause) 318M->285M(512M) 15.750ms
[2020-08-01T12:04:19.381+0300][1.027s][info ][gc] GC(8) Pause Young (Concurrent Start) (G1 Humongous Allocation) 310M->311M(512M) 13.925ms
[2020-08-01T12:04:19.381+0300][1.027s][info ][gc] GC(9) Concurrent Cycle
[2020-08-01T12:04:19.393+0300][1.039s][debug][gc] GC(9) Reclaimed 258 empty regions
[2020-08-01T12:04:19.393+0300][1.040s][info ][gc] GC(9) Pause Remark 340M->82M(512M) 0.471ms
[2020-08-01T12:04:19.410+0300][1.056s][info ][gc] GC(9) Pause Cleanup 109M->109M(512M) 0.115ms
[2020-08-01T12:04:19.412+0300][1.058s][info ][gc] GC(9) Concurrent Cycle 30.886ms
[2020-08-01T12:04:19.437+0300][1.084s][info ][gc] GC(10) Pause Young (Normal) (G1 Evacuation Pause) 119M->111M(512M) 21.654ms
[2020-08-01T12:04:19.563+0300][1.209s][info ][gc] GC(11) Pause Young (Normal) (G1 Evacuation Pause) 240M->241M(512M) 53.355ms
[2020-08-01T12:04:19.627+0300][1.274s][info ][gc] GC(12) Pause Young (Normal) (G1 Evacuation Pause) 308M->310M(512M) 32.154ms
[2020-08-01T12:04:19.656+0300][1.302s][info ][gc] GC(13) Pause Young (Concurrent Start) (G1 Humongous Allocation) 318M->320M(512M) 11.022ms
[2020-08-01T12:04:19.656+0300][1.302s][info ][gc] GC(14) Concurrent Cycle
[2020-08-01T12:04:19.667+0300][1.314s][debug][gc] GC(14) Reclaimed 262 empty regions
[2020-08-01T12:04:19.667+0300][1.314s][info ][gc] GC(14) Pause Remark 347M->85M(512M) 0.834ms
[2020-08-01T12:04:19.679+0300][1.326s][info ][gc] GC(14) Pause Cleanup 90M->90M(512M) 0.099ms
[2020-08-01T12:04:19.680+0300][1.326s][info ][gc] GC(14) Concurrent Cycle 24.139ms
[2020-08-01T12:04:19.713+0300][1.359s][info ][gc] GC(15) Pause Young (Prepare Mixed) (G1 Evacuation Pause) 121M->113M(512M) 19.564ms
[2020-08-01T12:04:19.753+0300][1.399s][info ][gc] GC(16) Pause Young (Mixed) (G1 Evacuation Pause) 131M->97M(512M) 23.036ms
[2020-08-01T12:04:19.876+0300][1.523s][info ][gc] GC(17) Pause Young (Normal) (G1 Evacuation Pause) 230M->231M(512M) 48.176ms
[2020-08-01T12:04:19.957+0300][1.603s][info ][gc] GC(18) Pause Young (Concurrent Start) (G1 Humongous Allocation) 287M->287M(512M) 32.280ms
[2020-08-01T12:04:19.957+0300][1.603s][info ][gc] GC(19) Concurrent Cycle
[2020-08-01T12:04:19.980+0300][1.627s][debug][gc] GC(19) Reclaimed 208 empty regions
[2020-08-01T12:04:19.980+0300][1.627s][info ][gc] GC(19) Pause Remark 336M->128M(512M) 0.443ms
[2020-08-01T12:04:20.021+0300][1.667s][info ][gc] GC(20) Pause Young (Normal) (G1 Evacuation Pause) 152M->143M(512M) 24.194ms
[2020-08-01T12:04:20.049+0300][1.696s][info ][gc] GC(19) Pause Cleanup 197M->197M(512M) 0.104ms
[2020-08-01T12:04:20.050+0300][1.696s][info ][gc] GC(19) Concurrent Cycle 92.777ms
[2020-08-01T12:04:20.123+0300][1.769s][info ][gc] GC(21) Pause Young (Normal) (G1 Evacuation Pause) 261M->263M(512M) 40.528ms
[2020-08-01T12:04:20.174+0300][1.821s][info ][gc] GC(22) Pause Young (Concurrent Start) (G1 Evacuation Pause) 323M->324M(512M) 27.277ms
[2020-08-01T12:04:20.174+0300][1.821s][info ][gc] GC(23) Concurrent Cycle
[2020-08-01T12:04:20.238+0300][1.884s][info ][gc] GC(24) Pause Young (Normal) (G1 Evacuation Pause) 385M->386M(512M) 20.132ms
[2020-08-01T12:04:20.260+0300][1.907s][info ][gc] GC(25) Pause Young (Normal) (G1 Evacuation Pause) 408M->410M(512M) 12.162ms
[2020-08-01T12:04:20.280+0300][1.926s][info ][gc] GC(26) Pause Young (Normal) (G1 Evacuation Pause) 431M->432M(512M) 10.882ms
[2020-08-01T12:04:20.280+0300][1.927s][debug][gc] GC(23) Reclaimed 165 empty regions
[2020-08-01T12:04:20.280+0300][1.927s][info ][gc] GC(23) Pause Remark 432M->267M(512M) 0.423ms
[2020-08-01T12:04:20.300+0300][1.946s][info ][gc] GC(27) Pause Young (Normal) (G1 Evacuation Pause) 288M->290M(512M) 10.623ms
[2020-08-01T12:04:20.363+0300][2.009s][info ][gc] GC(28) Pause Young (Normal) (G1 Evacuation Pause) 362M->363M(512M) 21.955ms
[2020-08-01T12:04:20.398+0300][2.045s][info ][gc] GC(29) Pause Young (Normal) (G1 Evacuation Pause) 392M->393M(512M) 22.130ms
[2020-08-01T12:04:20.444+0300][2.091s][info ][gc] GC(30) Pause Young (Normal) (G1 Evacuation Pause) 413M->415M(512M) 11.225ms
[2020-08-01T12:04:20.465+0300][2.111s][info ][gc] GC(31) Pause Young (Normal) (G1 Evacuation Pause) 436M->437M(512M) 12.080ms
[2020-08-01T12:04:20.489+0300][2.135s][info ][gc] GC(23) Pause Cleanup 458M->458M(512M) 0.089ms
[2020-08-01T12:04:20.489+0300][2.136s][info ][gc] GC(23) Concurrent Cycle 314.950ms
[2020-08-01T12:04:20.527+0300][2.173s][info ][gc] GC(32) Pause Young (Prepare Mixed) (G1 Evacuation Pause) 478M->479M(512M) 25.442ms
[2020-08-01T12:04:20.616+0300][2.262s][info ][gc] GC(33) To-space exhausted
[2020-08-01T12:04:20.616+0300][2.262s][info ][gc] GC(33) Pause Young (Mixed) (G1 Evacuation Pause) 500M->499M(512M) 72.288ms
[2020-08-01T12:04:20.654+0300][2.301s][info ][gc] GC(34) To-space exhausted
[2020-08-01T12:04:20.655+0300][2.301s][info ][gc] GC(34) Pause Young (Concurrent Start) (G1 Evacuation Pause) 512M->512M(512M) 24.587ms
[2020-08-01T12:04:20.655+0300][2.301s][info ][gc] GC(35) Concurrent Cycle
[2020-08-01T12:04:20.655+0300][2.301s][debug][gc] GC(36) Clear Next Bitmap 0.329ms
[2020-08-01T12:04:20.693+0300][2.340s][info ][gc] GC(36) Pause Full (G1 Evacuation Pause) 512M->55M(512M) 38.429ms
[2020-08-01T12:04:20.693+0300][2.340s][info ][gc] GC(35) Concurrent Cycle 38.761ms
[2020-08-01T12:04:20.825+0300][2.471s][info ][gc] GC(37) Pause Young (Normal) (G1 Evacuation Pause) 213M->213M(512M) 51.822ms
[2020-08-01T12:04:20.899+0300][2.546s][info ][gc] GC(38) Pause Young (Concurrent Start) (G1 Humongous Allocation) 271M->272M(512M) 28.477ms
[2020-08-01T12:04:20.899+0300][2.546s][info ][gc] GC(39) Concurrent Cycle
[2020-08-01T12:04:20.924+0300][2.570s][debug][gc] GC(39) Reclaimed 186 empty regions
[2020-08-01T12:04:20.924+0300][2.570s][info ][gc] GC(39) Pause Remark 324M->142M(512M) 0.519ms
[2020-08-01T12:04:20.958+0300][2.605s][info ][gc] GC(40) Pause Young (Normal) (G1 Evacuation Pause) 167M->156M(512M) 21.979ms
[2020-08-01T12:04:20.986+0300][2.632s][info ][gc] GC(39) Pause Cleanup 184M->184M(512M) 0.112ms
[2020-08-01T12:04:20.986+0300][2.633s][info ][gc] GC(39) Concurrent Cycle 87.045ms
[2020-08-01T12:04:21.038+0300][2.685s][info ][gc] GC(41) Pause Young (Concurrent Start) (G1 Humongous Allocation) 214M->215M(512M) 25.483ms
[2020-08-01T12:04:21.038+0300][2.685s][info ][gc] GC(42) Concurrent Cycle
[2020-08-01T12:04:21.061+0300][2.707s][debug][gc] GC(42) Reclaimed 132 empty regions
[2020-08-01T12:04:21.061+0300][2.707s][info ][gc] GC(42) Pause Remark 272M->140M(512M) 0.438ms
[2020-08-01T12:04:21.106+0300][2.753s][info ][gc] GC(43) Pause Young (Normal) (G1 Evacuation Pause) 178M->166M(512M) 28.330ms
[2020-08-01T12:04:21.130+0300][2.777s][info ][gc] GC(42) Pause Cleanup 206M->206M(512M) 0.078ms
[2020-08-01T12:04:21.131+0300][2.777s][info ][gc] GC(42) Concurrent Cycle 92.691ms
[2020-08-01T12:04:21.157+0300][2.803s][info ][gc] GC(44) Pause Young (Concurrent Start) (G1 Humongous Allocation) 206M->207M(512M) 19.879ms
[2020-08-01T12:04:21.157+0300][2.803s][info ][gc] GC(45) Concurrent Cycle
[2020-08-01T12:04:21.174+0300][2.820s][debug][gc] GC(45) Reclaimed 140 empty regions
[2020-08-01T12:04:21.174+0300][2.820s][info ][gc] GC(45) Pause Remark 259M->119M(512M) 0.414ms
[2020-08-01T12:04:21.228+0300][2.874s][info ][gc] GC(46) Pause Young (Normal) (G1 Evacuation Pause) 165M->153M(512M) 34.012ms
[2020-08-01T12:04:21.247+0300][2.894s][info ][gc] GC(45) Pause Cleanup 166M->166M(512M) 0.102ms
[2020-08-01T12:04:21.248+0300][2.895s][info ][gc] GC(45) Concurrent Cycle 91.809ms
[2020-08-01T12:04:21.301+0300][2.947s][info ][gc] GC(47) Pause Young (Concurrent Start) (G1 Humongous Allocation) 190M->192M(512M) 24.198ms
[2020-08-01T12:04:21.301+0300][2.947s][info ][gc] GC(48) Concurrent Cycle
[2020-08-01T12:04:21.319+0300][2.965s][debug][gc] GC(48) Reclaimed 127 empty regions
[2020-08-01T12:04:21.319+0300][2.965s][info ][gc] GC(48) Pause Remark 244M->117M(512M) 0.403ms
[2020-08-01T12:04:21.377+0300][3.023s][info ][gc] GC(49) Pause Young (Normal) (G1 Evacuation Pause) 167M->154M(512M) 36.558ms
[2020-08-01T12:04:21.397+0300][3.043s][info ][gc] GC(48) Pause Cleanup 155M->155M(512M) 0.122ms
[2020-08-01T12:04:21.397+0300][3.044s][info ][gc] GC(48) Concurrent Cycle 96.467ms
[2020-08-01T12:04:21.464+0300][3.111s][info ][gc] GC(50) Pause Young (Concurrent Start) (G1 Humongous Allocation) 187M->188M(512M) 31.734ms
[2020-08-01T12:04:21.465+0300][3.111s][info ][gc] GC(51) Concurrent Cycle
[2020-08-01T12:04:21.482+0300][3.128s][debug][gc] GC(51) Reclaimed 128 empty regions
[2020-08-01T12:04:21.482+0300][3.128s][info ][gc] GC(51) Pause Remark 239M->111M(512M) 0.438ms
[2020-08-01T12:04:21.536+0300][3.182s][info ][gc] GC(52) Pause Young (Normal) (G1 Evacuation Pause) 164M->151M(512M) 32.089ms
[2020-08-01T12:04:21.555+0300][3.202s][info ][gc] GC(51) Pause Cleanup 158M->158M(512M) 0.101ms
[2020-08-01T12:04:21.556+0300][3.202s][info ][gc] GC(51) Concurrent Cycle 91.247ms
[2020-08-01T12:04:21.615+0300][3.261s][info ][gc] GC(53) Pause Young (Concurrent Start) (G1 Humongous Allocation) 182M->183M(512M) 28.184ms
[2020-08-01T12:04:21.615+0300][3.262s][info ][gc] GC(54) Concurrent Cycle
[2020-08-01T12:04:21.631+0300][3.277s][debug][gc] GC(54) Reclaimed 123 empty regions
[2020-08-01T12:04:21.631+0300][3.277s][info ][gc] GC(54) Pause Remark 232M->109M(512M) 0.427ms
[2020-08-01T12:04:21.654+0300][3.301s][info ][gc] GC(54) Pause Cleanup 164M->164M(512M) 0.074ms
[2020-08-01T12:04:21.655+0300][3.301s][info ][gc] GC(54) Concurrent Cycle 39.708ms
[2020-08-01T12:04:21.691+0300][3.338s][info ][gc] GC(55) Pause Young (Normal) (G1 Evacuation Pause) 165M->153M(512M) 36.256ms
[2020-08-01T12:04:21.737+0300][3.384s][info ][gc] GC(56) Pause Young (Concurrent Start) (G1 Humongous Allocation) 183M->184M(512M) 21.389ms
[2020-08-01T12:04:21.737+0300][3.384s][info ][gc] GC(57) Concurrent Cycle
[2020-08-01T12:04:21.753+0300][3.400s][debug][gc] GC(57) Reclaimed 124 empty regions
[2020-08-01T12:04:21.753+0300][3.400s][info ][gc] GC(57) Pause Remark 230M->106M(512M) 0.456ms
[2020-08-01T12:04:21.776+0300][3.423s][info ][gc] GC(57) Pause Cleanup 156M->156M(512M) 0.091ms
[2020-08-01T12:04:21.777+0300][3.423s][info ][gc] GC(57) Concurrent Cycle 39.665ms
[2020-08-01T12:04:21.823+0300][3.470s][info ][gc] GC(58) Pause Young (Normal) (G1 Evacuation Pause) 165M->152M(512M) 43.018ms
[2020-08-01T12:04:21.870+0300][3.517s][info ][gc] GC(59) Pause Young (Concurrent Start) (G1 Humongous Allocation) 182M->183M(512M) 18.870ms
[2020-08-01T12:04:21.871+0300][3.517s][info ][gc] GC(60) Concurrent Cycle
[2020-08-01T12:04:21.886+0300][3.532s][debug][gc] GC(60) Reclaimed 124 empty regions
[2020-08-01T12:04:21.886+0300][3.532s][info ][gc] GC(60) Pause Remark 231M->107M(512M) 0.398ms
[2020-08-01T12:04:21.908+0300][3.555s][info ][gc] GC(60) Pause Cleanup 160M->160M(512M) 0.077ms
[2020-08-01T12:04:21.909+0300][3.556s][info ][gc] GC(60) Concurrent Cycle 38.506ms
[2020-08-01T12:04:21.945+0300][3.591s][info ][gc] GC(61) Pause Young (Normal) (G1 Evacuation Pause) 164M->152M(512M) 34.208ms
[2020-08-01T12:04:21.995+0300][3.641s][info ][gc] GC(62) Pause Young (Concurrent Start) (G1 Humongous Allocation) 182M->183M(512M) 18.056ms
[2020-08-01T12:04:21.995+0300][3.641s][info ][gc] GC(63) Concurrent Cycle
[2020-08-01T12:04:22.010+0300][3.656s][debug][gc] GC(63) Reclaimed 122 empty regions
[2020-08-01T12:04:22.010+0300][3.656s][info ][gc] GC(63) Pause Remark 234M->112M(512M) 0.396ms
[2020-08-01T12:04:22.067+0300][3.713s][info ][gc] GC(64) Pause Young (Normal) (G1 Evacuation Pause) 166M->152M(512M) 34.862ms
[2020-08-01T12:04:22.067+0300][3.714s][info ][gc] GC(63) Pause Cleanup 153M->153M(512M) 0.103ms
[2020-08-01T12:04:22.074+0300][3.721s][info ][gc] GC(63) Concurrent Cycle 79.277ms
[2020-08-01T12:04:22.120+0300][3.766s][info ][gc] GC(65) Pause Young (Concurrent Start) (G1 Humongous Allocation) 182M->184M(512M) 19.395ms
[2020-08-01T12:04:22.120+0300][3.767s][info ][gc] GC(66) Concurrent Cycle
[2020-08-01T12:04:22.135+0300][3.782s][debug][gc] GC(66) Reclaimed 123 empty regions
[2020-08-01T12:04:22.135+0300][3.782s][info ][gc] GC(66) Pause Remark 234M->111M(512M) 0.379ms
[2020-08-01T12:04:22.157+0300][3.804s][info ][gc] GC(66) Pause Cleanup 165M->165M(512M) 0.074ms
[2020-08-01T12:04:22.158+0300][3.804s][info ][gc] GC(66) Concurrent Cycle 37.852ms
[2020-08-01T12:04:22.190+0300][3.837s][info ][gc] GC(67) Pause Young (Normal) (G1 Evacuation Pause) 166M->153M(512M) 32.344ms
[2020-08-01T12:04:22.243+0300][3.890s][info ][gc] GC(68) Pause Young (Concurrent Start) (G1 Humongous Allocation) 183M->184M(512M) 18.802ms
[2020-08-01T12:04:22.243+0300][3.890s][info ][gc] GC(69) Concurrent Cycle
[2020-08-01T12:04:22.259+0300][3.905s][debug][gc] GC(69) Reclaimed 123 empty regions
[2020-08-01T12:04:22.259+0300][3.905s][info ][gc] GC(69) Pause Remark 234M->111M(512M) 0.381ms
[2020-08-01T12:04:22.281+0300][3.927s][info ][gc] GC(69) Pause Cleanup 166M->166M(512M) 0.073ms
[2020-08-01T12:04:22.313+0300][3.960s][info ][gc] GC(70) Pause Young (Normal) (G1 Evacuation Pause) 166M->153M(512M) 32.266ms
[2020-08-01T12:04:22.314+0300][3.960s][info ][gc] GC(69) Concurrent Cycle 70.205ms
[2020-08-01T12:04:22.376+0300][4.023s][info ][gc] GC(71) Pause Young (Concurrent Start) (G1 Humongous Allocation) 183M->185M(512M) 38.409ms
[2020-08-01T12:04:22.376+0300][4.023s][info ][gc] GC(72) Concurrent Cycle
[2020-08-01T12:04:22.394+0300][4.040s][debug][gc] GC(72) Reclaimed 124 empty regions
[2020-08-01T12:04:22.394+0300][4.040s][info ][gc] GC(72) Pause Remark 236M->112M(512M) 0.574ms
[2020-08-01T12:04:22.451+0300][4.097s][info ][gc] GC(73) Pause Young (Normal) (G1 Evacuation Pause) 166M->153M(512M) 34.518ms
[2020-08-01T12:04:22.463+0300][4.109s][info ][gc] GC(72) Pause Cleanup 164M->164M(512M) 0.156ms
[2020-08-01T12:04:22.464+0300][4.110s][info ][gc] GC(72) Concurrent Cycle 87.306ms
[2020-08-01T12:04:22.520+0300][4.166s][info ][gc] GC(74) Pause Young (Concurrent Start) (G1 Humongous Allocation) 183M->184M(512M) 29.184ms
[2020-08-01T12:04:22.520+0300][4.166s][info ][gc] GC(75) Concurrent Cycle
[2020-08-01T12:04:22.535+0300][4.182s][debug][gc] GC(75) Reclaimed 122 empty regions
[2020-08-01T12:04:22.535+0300][4.182s][info ][gc] GC(75) Pause Remark 234M->112M(512M) 0.389ms
[2020-08-01T12:04:22.557+0300][4.203s][info ][gc] GC(75) Pause Cleanup 165M->165M(512M) 0.089ms
[2020-08-01T12:04:22.558+0300][4.204s][info ][gc] GC(75) Concurrent Cycle 37.584ms
[2020-08-01T12:04:22.592+0300][4.238s][info ][gc] GC(76) Pause Young (Normal) (G1 Evacuation Pause) 167M->155M(512M) 33.666ms
[2020-08-01T12:04:22.632+0300][4.278s][info ][gc] GC(77) Pause Young (Concurrent Start) (G1 Humongous Allocation) 185M->187M(512M) 17.126ms
[2020-08-01T12:04:22.632+0300][4.278s][info ][gc] GC(78) Concurrent Cycle
[2020-08-01T12:04:22.648+0300][4.295s][debug][gc] GC(78) Reclaimed 124 empty regions
[2020-08-01T12:04:22.648+0300][4.295s][info ][gc] GC(78) Pause Remark 239M->115M(512M) 0.503ms
[2020-08-01T12:04:22.704+0300][4.350s][info ][gc] GC(79) Pause Young (Normal) (G1 Evacuation Pause) 167M->154M(512M) 34.607ms
[2020-08-01T12:04:22.717+0300][4.363s][info ][gc] GC(78) Pause Cleanup 156M->156M(512M) 0.115ms
[2020-08-01T12:04:22.718+0300][4.365s][info ][gc] GC(78) Concurrent Cycle 86.276ms
[2020-08-01T12:04:22.796+0300][4.442s][info ][gc] GC(80) Pause Young (Concurrent Start) (G1 Humongous Allocation) 185M->185M(512M) 42.059ms
[2020-08-01T12:04:22.796+0300][4.443s][info ][gc] GC(81) Concurrent Cycle
[2020-08-01T12:04:22.813+0300][4.460s][debug][gc] GC(81) Reclaimed 122 empty regions
[2020-08-01T12:04:22.813+0300][4.460s][info ][gc] GC(81) Pause Remark 235M->113M(512M) 0.410ms
[2020-08-01T12:04:22.875+0300][4.521s][info ][gc] GC(82) Pause Young (Normal) (G1 Evacuation Pause) 168M->155M(512M) 38.464ms
[2020-08-01T12:04:22.884+0300][4.530s][info ][gc] GC(81) Pause Cleanup 157M->157M(512M) 0.094ms
[2020-08-01T12:04:22.884+0300][4.531s][info ][gc] GC(81) Concurrent Cycle 88.202ms
[2020-08-01T12:04:22.927+0300][4.574s][info ][gc] GC(83) Pause Young (Concurrent Start) (G1 Humongous Allocation) 185M->186M(512M) 18.854ms
[2020-08-01T12:04:22.928+0300][4.574s][info ][gc] GC(84) Concurrent Cycle
[2020-08-01T12:04:22.944+0300][4.590s][debug][gc] GC(84) Reclaimed 123 empty regions
[2020-08-01T12:04:22.944+0300][4.590s][info ][gc] GC(84) Pause Remark 236M->113M(512M) 0.458ms
[2020-08-01T12:04:22.998+0300][4.644s][info ][gc] GC(85) Pause Young (Normal) (G1 Evacuation Pause) 167M->155M(512M) 32.510ms
[2020-08-01T12:04:23.008+0300][4.654s][info ][gc] GC(84) Pause Cleanup 165M->165M(512M) 0.115ms
[2020-08-01T12:04:23.008+0300][4.655s][info ][gc] GC(84) Concurrent Cycle 80.616ms
[2020-08-01T12:04:23.053+0300][4.699s][info ][gc] GC(86) Pause Young (Concurrent Start) (G1 Humongous Allocation) 186M->187M(512M) 20.411ms
[2020-08-01T12:04:23.053+0300][4.700s][info ][gc] GC(87) Concurrent Cycle
[2020-08-01T12:04:23.068+0300][4.715s][debug][gc] GC(87) Reclaimed 122 empty regions
[2020-08-01T12:04:23.068+0300][4.715s][info ][gc] GC(87) Pause Remark 238M->116M(512M) 0.396ms
[2020-08-01T12:04:23.122+0300][4.768s][info ][gc] GC(88) Pause Young (Normal) (G1 Evacuation Pause) 169M->156M(512M) 32.563ms
[2020-08-01T12:04:23.134+0300][4.780s][info ][gc] GC(87) Pause Cleanup 168M->168M(512M) 0.107ms
[2020-08-01T12:04:23.134+0300][4.781s][info ][gc] GC(87) Concurrent Cycle 81.254ms
[2020-08-01T12:04:23.178+0300][4.824s][info ][gc] GC(89) Pause Young (Concurrent Start) (G1 Humongous Allocation) 187M->187M(512M) 20.148ms
[2020-08-01T12:04:23.178+0300][4.824s][info ][gc] GC(90) Concurrent Cycle
[2020-08-01T12:04:23.193+0300][4.839s][debug][gc] GC(90) Reclaimed 123 empty regions
[2020-08-01T12:04:23.193+0300][4.839s][info ][gc] GC(90) Pause Remark 238M->115M(512M) 0.410ms
[2020-08-01T12:04:23.248+0300][4.895s][info ][gc] GC(91) Pause Young (Normal) (G1 Evacuation Pause) 168M->156M(512M) 34.423ms
[2020-08-01T12:04:23.251+0300][4.897s][info ][gc] GC(90) Pause Cleanup 161M->161M(512M) 0.114ms
[2020-08-01T12:04:23.253+0300][4.899s][info ][gc] GC(90) Concurrent Cycle 74.679ms
[2020-08-01T12:04:23.320+0300][4.966s][info ][gc] GC(92) Pause Young (Concurrent Start) (G1 Humongous Allocation) 187M->188M(512M) 37.867ms
[2020-08-01T12:04:23.320+0300][4.966s][info ][gc] GC(93) Concurrent Cycle
[2020-08-01T12:04:23.336+0300][4.982s][debug][gc] GC(93) Reclaimed 123 empty regions
[2020-08-01T12:04:23.336+0300][4.982s][info ][gc] GC(93) Pause Remark 239M->116M(512M) 0.428ms
[2020-08-01T12:04:23.391+0300][5.037s][info ][gc] GC(94) Pause Young (Normal) (G1 Evacuation Pause) 169M->157M(512M) 32.783ms
[2020-08-01T12:04:23.394+0300][5.041s][info ][gc] GC(93) Pause Cleanup 164M->164M(512M) 0.126ms
[2020-08-01T12:04:23.396+0300][5.042s][info ][gc] GC(93) Concurrent Cycle 76.084ms
[2020-08-01T12:04:23.455+0300][5.101s][info ][gc] GC(95) Pause Young (Concurrent Start) (G1 Humongous Allocation) 188M->189M(512M) 32.830ms
[2020-08-01T12:04:23.455+0300][5.101s][info ][gc] GC(96) Concurrent Cycle
[2020-08-01T12:04:23.471+0300][5.117s][debug][gc] GC(96) Reclaimed 124 empty regions
[2020-08-01T12:04:23.471+0300][5.117s][info ][gc] GC(96) Pause Remark 236M->112M(512M) 0.575ms
[2020-08-01T12:04:23.494+0300][5.140s][info ][gc] GC(96) Pause Cleanup 166M->166M(512M) 0.083ms
[2020-08-01T12:04:23.494+0300][5.141s][info ][gc] GC(96) Concurrent Cycle 39.470ms
[2020-08-01T12:04:23.528+0300][5.174s][info ][gc] GC(97) Pause Young (Normal) (G1 Evacuation Pause) 169M->157M(512M) 32.774ms
[2020-08-01T12:04:23.579+0300][5.226s][info ][gc] GC(98) Pause Young (Concurrent Start) (G1 Humongous Allocation) 190M->189M(512M) 17.752ms
[2020-08-01T12:04:23.580+0300][5.226s][info ][gc] GC(99) Concurrent Cycle
[2020-08-01T12:04:23.596+0300][5.243s][debug][gc] GC(99) Reclaimed 121 empty regions
[2020-08-01T12:04:23.596+0300][5.243s][info ][gc] GC(99) Pause Remark 237M->116M(512M) 0.581ms
[2020-08-01T12:04:23.620+0300][5.266s][info ][gc] GC(99) Pause Cleanup 160M->160M(512M) 0.092ms
[2020-08-01T12:04:23.621+0300][5.267s][info ][gc] GC(99) Concurrent Cycle 41.228ms
[2020-08-01T12:04:23.658+0300][5.305s][info ][gc] GC(100) Pause Young (Normal) (G1 Evacuation Pause) 172M->157M(512M) 32.418ms
[2020-08-01T12:04:23.710+0300][5.356s][info ][gc] GC(101) Pause Young (Concurrent Start) (G1 Humongous Allocation) 192M->192M(512M) 23.474ms
[2020-08-01T12:04:23.710+0300][5.357s][info ][gc] GC(102) Concurrent Cycle
[2020-08-01T12:04:23.727+0300][5.373s][debug][gc] GC(102) Reclaimed 108 empty regions
[2020-08-01T12:04:23.727+0300][5.373s][info ][gc] GC(102) Pause Remark 246M->138M(512M) 0.483ms
[2020-08-01T12:04:23.784+0300][5.431s][info ][gc] GC(103) Pause Young (Normal) (G1 Evacuation Pause) 189M->176M(512M) 34.437ms
[2020-08-01T12:04:23.793+0300][5.440s][info ][gc] GC(102) Pause Cleanup 187M->187M(512M) 0.115ms
[2020-08-01T12:04:23.794+0300][5.441s][info ][gc] GC(102) Concurrent Cycle 84.000ms
[2020-08-01T12:04:23.900+0300][5.546s][info ][gc] GC(104) Pause Young (Prepare Mixed) (G1 Evacuation Pause) 285M->286M(512M) 46.258ms
[2020-08-01T12:04:23.960+0300][5.606s][info ][gc] GC(105) Pause Young (Mixed) (G1 Evacuation Pause) 298M->265M(512M) 54.416ms
[2020-08-01T12:04:24.020+0300][5.666s][info ][gc] GC(106) Pause Young (Concurrent Start) (G1 Humongous Allocation) 308M->310M(512M) 21.994ms
[2020-08-01T12:04:24.020+0300][5.666s][info ][gc] GC(107) Concurrent Cycle
[2020-08-01T12:04:24.038+0300][5.684s][debug][gc] GC(107) Reclaimed 242 empty regions
[2020-08-01T12:04:24.038+0300][5.684s][info ][gc] GC(107) Pause Remark 364M->122M(512M) 0.914ms
[2020-08-01T12:04:24.064+0300][5.710s][info ][gc] GC(108) Pause Young (Normal) (G1 Evacuation Pause) 134M->127M(512M) 20.547ms
[2020-08-01T12:04:24.084+0300][5.730s][info ][gc] GC(107) Pause Cleanup 177M->177M(512M) 0.078ms
[2020-08-01T12:04:24.084+0300][5.731s][info ][gc] GC(107) Concurrent Cycle 64.625ms
[2020-08-01T12:04:24.162+0300][5.808s][info ][gc] GC(109) Pause Young (Concurrent Start) (G1 Humongous Allocation) 196M->197M(512M) 55.800ms
[2020-08-01T12:04:24.162+0300][5.808s][info ][gc] GC(110) Concurrent Cycle
[2020-08-01T12:04:24.189+0300][5.835s][debug][gc] GC(110) Reclaimed 100 empty regions
[2020-08-01T12:04:24.189+0300][5.835s][info ][gc] GC(110) Pause Remark 273M->173M(512M) 0.514ms
[2020-08-01T12:04:24.233+0300][5.879s][info ][gc] GC(111) Pause Young (Normal) (G1 Evacuation Pause) 198M->185M(512M) 33.364ms
[2020-08-01T12:04:24.277+0300][5.923s][info ][gc] GC(110) Pause Cleanup 239M->239M(512M) 0.094ms
[2020-08-01T12:04:24.277+0300][5.924s][info ][gc] GC(110) Concurrent Cycle 115.494ms
[2020-08-01T12:04:24.336+0300][5.982s][info ][gc] GC(112) Pause Young (Normal) (G1 Evacuation Pause) 290M->290M(512M) 38.400ms
[2020-08-01T12:04:24.382+0300][6.029s][info ][gc] GC(113) Pause Young (Concurrent Start) (G1 Evacuation Pause) 342M->343M(512M) 25.928ms
[2020-08-01T12:04:24.383+0300][6.029s][info ][gc] GC(114) Concurrent Cycle
[2020-08-01T12:04:24.434+0300][6.080s][info ][gc] GC(115) Pause Young (Normal) (G1 Evacuation Pause) 398M->400M(512M) 18.937ms
[2020-08-01T12:04:24.452+0300][6.099s][info ][gc] GC(116) Pause Young (Normal) (G1 Evacuation Pause) 419M->420M(512M) 10.308ms
[2020-08-01T12:04:24.472+0300][6.118s][info ][gc] GC(117) Pause Young (Normal) (G1 Evacuation Pause) 441M->443M(512M) 10.731ms
[2020-08-01T12:04:24.491+0300][6.137s][info ][gc] GC(118) Pause Young (Normal) (G1 Evacuation Pause) 464M->465M(512M) 10.330ms
[2020-08-01T12:04:24.511+0300][6.157s][info ][gc] GC(119) To-space exhausted
[2020-08-01T12:04:24.511+0300][6.157s][info ][gc] GC(119) Pause Young (Normal) (G1 Evacuation Pause) 486M->489M(512M) 11.276ms
[2020-08-01T12:04:24.517+0300][6.163s][debug][gc] GC(114) Reclaimed 174 empty regions
[2020-08-01T12:04:24.517+0300][6.163s][info ][gc] GC(114) Pause Remark 498M->324M(512M) 0.461ms
[2020-08-01T12:04:24.544+0300][6.190s][info ][gc] GC(120) Pause Young (Normal) (G1 Evacuation Pause) 356M->357M(512M) 11.393ms
[2020-08-01T12:04:24.573+0300][6.220s][info ][gc] GC(121) Pause Young (Normal) (G1 Evacuation Pause) 388M->390M(512M) 16.724ms
[2020-08-01T12:04:24.598+0300][6.245s][info ][gc] GC(122) Pause Young (Normal) (G1 Evacuation Pause) 411M->412M(512M) 16.484ms
[2020-08-01T12:04:24.628+0300][6.275s][info ][gc] GC(123) Pause Young (Normal) (G1 Evacuation Pause) 433M->434M(512M) 19.646ms
[2020-08-01T12:04:24.657+0300][6.303s][info ][gc] GC(124) Pause Young (Normal) (G1 Evacuation Pause) 455M->457M(512M) 18.422ms
[2020-08-01T12:04:24.726+0300][6.372s][info ][gc] GC(125) To-space exhausted
[2020-08-01T12:04:24.726+0300][6.372s][info ][gc] GC(125) Pause Young (Normal) (G1 Evacuation Pause) 498M->505M(512M) 30.523ms
[2020-08-01T12:04:24.756+0300][6.402s][info ][gc] GC(126) To-space exhausted
[2020-08-01T12:04:24.756+0300][6.402s][info ][gc] GC(126) Pause Young (Normal) (G1 Evacuation Pause) 512M->512M(512M) 25.409ms
[2020-08-01T12:04:24.756+0300][6.403s][debug][gc] GC(127) Clear Next Bitmap 0.244ms
[2020-08-01T12:04:24.781+0300][6.427s][info ][gc] GC(127) Pause Full (G1 Evacuation Pause) 512M->40M(512M) 24.723ms
[2020-08-01T12:04:24.781+0300][6.427s][info ][gc] GC(114) Concurrent Cycle 398.473ms
[2020-08-01T12:04:24.950+0300][6.596s][info ][gc] GC(128) Pause Young (Normal) (G1 Evacuation Pause) 191M->190M(512M) 68.565ms
[2020-08-01T12:04:25.034+0300][6.680s][info ][gc] GC(129) Pause Young (Concurrent Start) (G1 Humongous Allocation) 272M->273M(512M) 39.419ms
[2020-08-01T12:04:25.034+0300][6.681s][info ][gc] GC(130) Concurrent Cycle
[2020-08-01T12:04:25.088+0300][6.734s][info ][gc] GC(131) Pause Young (Normal) (G1 Evacuation Pause) 350M->351M(512M) 26.525ms
[2020-08-01T12:04:25.091+0300][6.738s][debug][gc] GC(130) Reclaimed 167 empty regions
[2020-08-01T12:04:25.091+0300][6.738s][info ][gc] GC(130) Pause Remark 357M->193M(512M) 0.461ms
[2020-08-01T12:04:25.121+0300][6.767s][info ][gc] GC(132) Pause Young (Normal) (G1 Evacuation Pause) 219M->221M(512M) 18.710ms
[2020-08-01T12:04:25.208+0300][6.855s][info ][gc] GC(133) Pause Young (Normal) (G1 Evacuation Pause) 314M->315M(512M) 38.515ms
[2020-08-01T12:04:25.227+0300][6.873s][info ][gc] GC(130) Pause Cleanup 354M->354M(512M) 0.132ms
[2020-08-01T12:04:25.228+0300][6.874s][info ][gc] GC(130) Concurrent Cycle 193.440ms
[2020-08-01T12:04:25.259+0300][6.905s][info ][gc] GC(134) Pause Young (Normal) (G1 Evacuation Pause) 359M->360M(512M) 29.278ms
[2020-08-01T12:04:25.323+0300][6.970s][info ][gc] GC(135) Pause Young (Concurrent Start) (G1 Humongous Allocation) 384M->385M(512M) 34.193ms
[2020-08-01T12:04:25.323+0300][6.970s][info ][gc] GC(136) Concurrent Cycle
[2020-08-01T12:04:25.353+0300][7.000s][info ][gc] GC(137) Pause Young (Normal) (G1 Evacuation Pause) 427M->429M(512M) 13.920ms
[2020-08-01T12:04:25.354+0300][7.001s][debug][gc] GC(136) Reclaimed 336 empty regions
[2020-08-01T12:04:25.354+0300][7.001s][info ][gc] GC(136) Pause Remark 429M->93M(512M) 0.871ms
[2020-08-01T12:04:25.375+0300][7.021s][info ][gc] GC(138) Pause Young (Normal) (G1 Evacuation Pause) 114M->115M(512M) 11.742ms
[2020-08-01T12:04:25.396+0300][7.043s][info ][gc] GC(136) Pause Cleanup 168M->168M(512M) 0.088ms
[2020-08-01T12:04:25.397+0300][7.043s][info ][gc] GC(136) Concurrent Cycle 73.362ms
[2020-08-01T12:04:25.469+0300][7.115s][info ][gc] GC(139) Pause Young (Concurrent Start) (G1 Humongous Allocation) 187M->189M(512M) 53.221ms
[2020-08-01T12:04:25.469+0300][7.116s][info ][gc] GC(140) Concurrent Cycle
[2020-08-01T12:04:25.497+0300][7.143s][debug][gc] GC(140) Reclaimed 94 empty regions
[2020-08-01T12:04:25.497+0300][7.143s][info ][gc] GC(140) Pause Remark 266M->172M(512M) 0.481ms
[2020-08-01T12:04:25.541+0300][7.187s][info ][gc] GC(141) Pause Young (Normal) (G1 Evacuation Pause) 198M->185M(512M) 33.391ms
[2020-08-01T12:04:25.570+0300][7.216s][info ][gc] GC(140) Pause Cleanup 217M->217M(512M) 0.080ms
[2020-08-01T12:04:25.570+0300][7.217s][info ][gc] GC(140) Concurrent Cycle 101.143ms
[2020-08-01T12:04:25.594+0300][7.241s][info ][gc] GC(142) Pause Young (Concurrent Start) (G1 Humongous Allocation) 217M->218M(512M) 23.697ms
[2020-08-01T12:04:25.594+0300][7.241s][info ][gc] GC(143) Concurrent Cycle
[2020-08-01T12:04:25.612+0300][7.258s][debug][gc] GC(143) Reclaimed 154 empty regions
[2020-08-01T12:04:25.612+0300][7.258s][info ][gc] GC(143) Pause Remark 271M->117M(512M) 0.502ms
[2020-08-01T12:04:25.660+0300][7.307s][info ][gc] GC(144) Pause Young (Normal) (G1 Evacuation Pause) 158M->147M(512M) 31.719ms
[2020-08-01T12:04:25.668+0300][7.314s][info ][gc] GC(143) Pause Cleanup 164M->164M(512M) 0.139ms
[2020-08-01T12:04:25.669+0300][7.315s][info ][gc] GC(143) Concurrent Cycle 74.559ms
[2020-08-01T12:04:25.722+0300][7.368s][info ][gc] GC(145) Pause Young (Concurrent Start) (G1 Humongous Allocation) 189M->189M(512M) 26.901ms
[2020-08-01T12:04:25.722+0300][7.368s][info ][gc] GC(146) Concurrent Cycle
[2020-08-01T12:04:25.740+0300][7.387s][debug][gc] GC(146) Reclaimed 118 empty regions
[2020-08-01T12:04:25.740+0300][7.387s][info ][gc] GC(146) Pause Remark 248M->130M(512M) 0.444ms
[2020-08-01T12:04:25.793+0300][7.439s][info ][gc] GC(147) Pause Young (Normal) (G1 Evacuation Pause) 174M->162M(512M) 34.939ms
[2020-08-01T12:04:25.801+0300][7.448s][info ][gc] GC(146) Pause Cleanup 182M->182M(512M) 0.080ms
[2020-08-01T12:04:25.802+0300][7.448s][info ][gc] GC(146) Concurrent Cycle 80.340ms
[2020-08-01T12:04:25.844+0300][7.491s][info ][gc] GC(148) Pause Young (Concurrent Start) (G1 Humongous Allocation) 194M->195M(512M) 25.471ms
[2020-08-01T12:04:25.844+0300][7.491s][info ][gc] GC(149) Concurrent Cycle
[2020-08-01T12:04:25.860+0300][7.507s][debug][gc] GC(149) Reclaimed 124 empty regions
[2020-08-01T12:04:25.860+0300][7.507s][info ][gc] GC(149) Pause Remark 248M->124M(512M) 0.441ms
[2020-08-01T12:04:25.912+0300][7.559s][info ][gc] GC(150) Pause Young (Normal) (G1 Evacuation Pause) 173M->160M(512M) 32.346ms
[2020-08-01T12:04:25.916+0300][7.562s][info ][gc] GC(149) Pause Cleanup 167M->167M(512M) 0.087ms
[2020-08-01T12:04:25.916+0300][7.563s][info ][gc] GC(149) Concurrent Cycle 72.281ms
[2020-08-01T12:04:25.966+0300][7.612s][info ][gc] GC(151) Pause Young (Concurrent Start) (G1 Humongous Allocation) 193M->194M(512M) 22.294ms
[2020-08-01T12:04:25.966+0300][7.612s][info ][gc] GC(152) Concurrent Cycle
[2020-08-01T12:04:25.982+0300][7.629s][debug][gc] GC(152) Reclaimed 123 empty regions
[2020-08-01T12:04:25.982+0300][7.629s][info ][gc] GC(152) Pause Remark 248M->125M(512M) 0.453ms
[2020-08-01T12:04:26.033+0300][7.679s][info ][gc] GC(153) Pause Young (Normal) (G1 Evacuation Pause) 173M->162M(512M) 31.100ms
[2020-08-01T12:04:26.037+0300][7.684s][info ][gc] GC(152) Pause Cleanup 172M->172M(512M) 0.085ms
[2020-08-01T12:04:26.038+0300][7.684s][info ][gc] GC(152) Concurrent Cycle 72.044ms
[2020-08-01T12:04:26.094+0300][7.741s][info ][gc] GC(154) Pause Young (Concurrent Start) (G1 Humongous Allocation) 195M->196M(512M) 25.600ms
[2020-08-01T12:04:26.094+0300][7.741s][info ][gc] GC(155) Concurrent Cycle
[2020-08-01T12:04:26.110+0300][7.757s][debug][gc] GC(155) Reclaimed 126 empty regions
[2020-08-01T12:04:26.110+0300][7.757s][info ][gc] GC(155) Pause Remark 248M->122M(512M) 0.481ms
[2020-08-01T12:04:26.160+0300][7.807s][info ][gc] GC(156) Pause Young (Normal) (G1 Evacuation Pause) 171M->160M(512M) 30.540ms
[2020-08-01T12:04:26.165+0300][7.811s][info ][gc] GC(155) Pause Cleanup 170M->170M(512M) 0.085ms
[2020-08-01T12:04:26.165+0300][7.812s][info ][gc] GC(155) Concurrent Cycle 70.789ms
[2020-08-01T12:04:26.250+0300][7.896s][info ][gc] GC(157) Pause Young (Concurrent Start) (G1 Humongous Allocation) 194M->194M(512M) 57.013ms
[2020-08-01T12:04:26.250+0300][7.896s][info ][gc] GC(158) Concurrent Cycle
[2020-08-01T12:04:26.268+0300][7.914s][debug][gc] GC(158) Reclaimed 122 empty regions
[2020-08-01T12:04:26.268+0300][7.914s][info ][gc] GC(158) Pause Remark 249M->127M(512M) 0.459ms
[2020-08-01T12:04:26.319+0300][7.966s][info ][gc] GC(159) Pause Young (Normal) (G1 Evacuation Pause) 174M->162M(512M) 32.328ms
[2020-08-01T12:04:26.324+0300][7.970s][info ][gc] GC(158) Pause Cleanup 173M->173M(512M) 0.093ms
[2020-08-01T12:04:26.324+0300][7.971s][info ][gc] GC(158) Concurrent Cycle 74.373ms
[2020-08-01T12:04:26.394+0300][8.040s][info ][gc] GC(160) Pause Young (Concurrent Start) (G1 Humongous Allocation) 195M->196M(512M) 45.130ms
[2020-08-01T12:04:26.394+0300][8.040s][info ][gc] GC(161) Concurrent Cycle
[2020-08-01T12:04:26.410+0300][8.057s][debug][gc] GC(161) Reclaimed 124 empty regions
[2020-08-01T12:04:26.410+0300][8.057s][info ][gc] GC(161) Pause Remark 248M->124M(512M) 0.490ms
[2020-08-01T12:04:26.465+0300][8.111s][info ][gc] GC(162) Pause Young (Normal) (G1 Evacuation Pause) 173M->160M(512M) 34.237ms
[2020-08-01T12:04:26.469+0300][8.115s][info ][gc] GC(161) Pause Cleanup 167M->167M(512M) 0.097ms
[2020-08-01T12:04:26.470+0300][8.116s][info ][gc] GC(161) Concurrent Cycle 75.585ms
[2020-08-01T12:04:26.532+0300][8.179s][info ][gc] GC(163) Pause Young (Concurrent Start) (G1 Humongous Allocation) 194M->195M(512M) 28.579ms
[2020-08-01T12:04:26.532+0300][8.179s][info ][gc] GC(164) Concurrent Cycle
[2020-08-01T12:04:26.549+0300][8.195s][debug][gc] GC(164) Reclaimed 123 empty regions
[2020-08-01T12:04:26.549+0300][8.195s][info ][gc] GC(164) Pause Remark 247M->124M(512M) 0.464ms
[2020-08-01T12:04:26.604+0300][8.250s][info ][gc] GC(165) Pause Young (Normal) (G1 Evacuation Pause) 174M->162M(512M) 35.086ms
[2020-08-01T12:04:26.608+0300][8.254s][info ][gc] GC(164) Pause Cleanup 171M->171M(512M) 0.099ms
[2020-08-01T12:04:26.608+0300][8.255s][info ][gc] GC(164) Concurrent Cycle 75.817ms
[2020-08-01T12:04:26.655+0300][8.301s][info ][gc] GC(166) Pause Young (Concurrent Start) (G1 Humongous Allocation) 195M->196M(512M) 27.162ms
[2020-08-01T12:04:26.655+0300][8.301s][info ][gc] GC(167) Concurrent Cycle
[2020-08-01T12:04:26.674+0300][8.320s][debug][gc] GC(167) Reclaimed 124 empty regions
[2020-08-01T12:04:26.674+0300][8.320s][info ][gc] GC(167) Pause Remark 250M->126M(512M) 0.567ms
[2020-08-01T12:04:26.733+0300][8.379s][info ][gc] GC(168) Pause Young (Normal) (G1 Evacuation Pause) 173M->160M(512M) 36.697ms
[2020-08-01T12:04:26.735+0300][8.382s][info ][gc] GC(167) Pause Cleanup 162M->162M(512M) 0.145ms
[2020-08-01T12:04:26.736+0300][8.383s][info ][gc] GC(167) Concurrent Cycle 81.286ms
[2020-08-01T12:04:26.789+0300][8.435s][info ][gc] GC(169) Pause Young (Concurrent Start) (G1 Humongous Allocation) 195M->196M(512M) 28.418ms
[2020-08-01T12:04:26.789+0300][8.436s][info ][gc] GC(170) Concurrent Cycle
[2020-08-01T12:04:26.808+0300][8.455s][debug][gc] GC(170) Reclaimed 123 empty regions
[2020-08-01T12:04:26.808+0300][8.455s][info ][gc] GC(170) Pause Remark 250M->127M(512M) 0.482ms
[2020-08-01T12:04:26.863+0300][8.509s][info ][gc] GC(171) Pause Young (Normal) (G1 Evacuation Pause) 174M->161M(512M) 35.219ms
[2020-08-01T12:04:26.867+0300][8.513s][info ][gc] GC(170) Pause Cleanup 169M->169M(512M) 0.110ms
[2020-08-01T12:04:26.868+0300][8.514s][info ][gc] GC(170) Concurrent Cycle 78.550ms
[2020-08-01T12:04:26.934+0300][8.580s][info ][gc] GC(172) Pause Young (Concurrent Start) (G1 Humongous Allocation) 195M->196M(512M) 44.015ms
[2020-08-01T12:04:26.934+0300][8.580s][info ][gc] GC(173) Concurrent Cycle
[2020-08-01T12:04:26.951+0300][8.597s][debug][gc] GC(173) Reclaimed 124 empty regions
[2020-08-01T12:04:26.951+0300][8.597s][info ][gc] GC(173) Pause Remark 249M->125M(512M) 0.447ms
[2020-08-01T12:04:27.002+0300][8.648s][info ][gc] GC(174) Pause Young (Normal) (G1 Evacuation Pause) 173M->161M(512M) 31.827ms
[2020-08-01T12:04:27.007+0300][8.654s][info ][gc] GC(173) Pause Cleanup 174M->174M(512M) 0.086ms
[2020-08-01T12:04:27.008+0300][8.654s][info ][gc] GC(173) Concurrent Cycle 73.816ms
[2020-08-01T12:04:27.052+0300][8.699s][info ][gc] GC(175) Pause Young (Concurrent Start) (G1 Humongous Allocation) 195M->196M(512M) 25.701ms
[2020-08-01T12:04:27.052+0300][8.699s][info ][gc] GC(176) Concurrent Cycle
[2020-08-01T12:04:27.068+0300][8.715s][debug][gc] GC(176) Reclaimed 123 empty regions
[2020-08-01T12:04:27.069+0300][8.715s][info ][gc] GC(176) Pause Remark 250M->127M(512M) 0.474ms
[2020-08-01T12:04:27.118+0300][8.765s][info ][gc] GC(177) Pause Young (Normal) (G1 Evacuation Pause) 174M->162M(512M) 31.089ms
[2020-08-01T12:04:27.123+0300][8.770s][info ][gc] GC(176) Pause Cleanup 174M->174M(512M) 0.088ms
[2020-08-01T12:04:27.124+0300][8.770s][info ][gc] GC(176) Concurrent Cycle 71.513ms
[2020-08-01T12:04:27.196+0300][8.842s][info ][gc] GC(178) Pause Young (Concurrent Start) (G1 Humongous Allocation) 196M->197M(512M) 52.053ms
[2020-08-01T12:04:27.196+0300][8.842s][info ][gc] GC(179) Concurrent Cycle
[2020-08-01T12:04:27.213+0300][8.859s][debug][gc] GC(179) Reclaimed 125 empty regions
[2020-08-01T12:04:27.213+0300][8.859s][info ][gc] GC(179) Pause Remark 252M->127M(512M) 0.446ms
[2020-08-01T12:04:27.263+0300][8.910s][info ][gc] GC(180) Pause Young (Normal) (G1 Evacuation Pause) 173M->161M(512M) 31.017ms
[2020-08-01T12:04:27.269+0300][8.915s][info ][gc] GC(179) Pause Cleanup 173M->173M(512M) 0.095ms
[2020-08-01T12:04:27.269+0300][8.916s][info ][gc] GC(179) Concurrent Cycle 73.289ms
[2020-08-01T12:04:27.332+0300][8.979s][info ][gc] GC(181) Pause Young (Concurrent Start) (G1 Humongous Allocation) 195M->197M(512M) 43.525ms
[2020-08-01T12:04:27.332+0300][8.979s][info ][gc] GC(182) Concurrent Cycle
[2020-08-01T12:04:27.348+0300][8.995s][debug][gc] GC(182) Reclaimed 124 empty regions
[2020-08-01T12:04:27.348+0300][8.995s][info ][gc] GC(182) Pause Remark 251M->127M(512M) 0.476ms
[2020-08-01T12:04:27.399+0300][9.045s][info ][gc] GC(183) Pause Young (Normal) (G1 Evacuation Pause) 174M->162M(512M) 31.600ms
[2020-08-01T12:04:27.404+0300][9.050s][info ][gc] GC(182) Pause Cleanup 175M->175M(512M) 0.083ms
[2020-08-01T12:04:27.404+0300][9.051s][info ][gc] GC(182) Concurrent Cycle 72.173ms
[2020-08-01T12:04:27.470+0300][9.116s][info ][gc] GC(184) Pause Young (Concurrent Start) (G1 Humongous Allocation) 196M->197M(512M) 47.103ms
[2020-08-01T12:04:27.470+0300][9.116s][info ][gc] GC(185) Concurrent Cycle
[2020-08-01T12:04:27.487+0300][9.133s][debug][gc] GC(185) Reclaimed 125 empty regions
[2020-08-01T12:04:27.487+0300][9.134s][info ][gc] GC(185) Pause Remark 251M->126M(512M) 0.585ms
[2020-08-01T12:04:27.538+0300][9.184s][info ][gc] GC(186) Pause Young (Normal) (G1 Evacuation Pause) 173M->161M(512M) 31.514ms
[2020-08-01T12:04:27.542+0300][9.189s][info ][gc] GC(185) Pause Cleanup 173M->173M(512M) 0.084ms
[2020-08-01T12:04:27.543+0300][9.189s][info ][gc] GC(185) Concurrent Cycle 73.027ms
[2020-08-01T12:04:27.587+0300][9.234s][info ][gc] GC(187) Pause Young (Concurrent Start) (G1 Humongous Allocation) 195M->197M(512M) 25.520ms
[2020-08-01T12:04:27.587+0300][9.234s][info ][gc] GC(188) Concurrent Cycle
[2020-08-01T12:04:27.603+0300][9.250s][debug][gc] GC(188) Reclaimed 124 empty regions
[2020-08-01T12:04:27.603+0300][9.250s][info ][gc] GC(188) Pause Remark 250M->126M(512M) 0.463ms
[2020-08-01T12:04:27.659+0300][9.305s][info ][gc] GC(189) Pause Young (Normal) (G1 Evacuation Pause) 174M->162M(512M) 36.065ms
[2020-08-01T12:04:27.663+0300][9.310s][info ][gc] GC(188) Pause Cleanup 172M->172M(512M) 0.269ms
[2020-08-01T12:04:27.665+0300][9.311s][info ][gc] GC(188) Concurrent Cycle 77.618ms
[2020-08-01T12:04:27.714+0300][9.360s][info ][gc] GC(190) Pause Young (Concurrent Start) (G1 Humongous Allocation) 197M->198M(512M) 28.959ms
[2020-08-01T12:04:27.714+0300][9.360s][info ][gc] GC(191) Concurrent Cycle
[2020-08-01T12:04:27.731+0300][9.378s][debug][gc] GC(191) Reclaimed 125 empty regions
[2020-08-01T12:04:27.731+0300][9.378s][info ][gc] GC(191) Pause Remark 253M->128M(512M) 0.492ms
[2020-08-01T12:04:27.785+0300][9.431s][info ][gc] GC(192) Pause Young (Normal) (G1 Evacuation Pause) 174M->162M(512M) 34.845ms
[2020-08-01T12:04:27.790+0300][9.437s][info ][gc] GC(191) Pause Cleanup 176M->176M(512M) 0.086ms
[2020-08-01T12:04:27.791+0300][9.437s][info ][gc] GC(191) Concurrent Cycle 77.372ms
[2020-08-01T12:04:27.850+0300][9.496s][info ][gc] GC(193) Pause Young (Concurrent Start) (G1 Humongous Allocation) 196M->197M(512M) 25.991ms
[2020-08-01T12:04:27.850+0300][9.496s][info ][gc] GC(194) Concurrent Cycle
[2020-08-01T12:04:27.866+0300][9.512s][debug][gc] GC(194) Reclaimed 122 empty regions
[2020-08-01T12:04:27.866+0300][9.512s][info ][gc] GC(194) Pause Remark 251M->129M(512M) 0.504ms
[2020-08-01T12:04:27.919+0300][9.565s][info ][gc] GC(195) Pause Young (Normal) (G1 Evacuation Pause) 176M->164M(512M) 33.969ms
[2020-08-01T12:04:27.924+0300][9.571s][info ][gc] GC(194) Pause Cleanup 176M->176M(512M) 0.093ms
[2020-08-01T12:04:27.925+0300][9.571s][info ][gc] GC(194) Concurrent Cycle 75.300ms
[2020-08-01T12:04:28.022+0300][9.668s][info ][gc] GC(196) Pause Young (Prepare Mixed) (G1 Evacuation Pause) 275M->276M(512M) 50.588ms
[2020-08-01T12:04:28.089+0300][9.735s][info ][gc] GC(197) Pause Young (Mixed) (G1 Evacuation Pause) 288M->263M(512M) 58.333ms
[2020-08-01T12:04:28.140+0300][9.786s][info ][gc] GC(198) Pause Young (Concurrent Start) (G1 Humongous Allocation) 309M->310M(512M) 19.882ms
[2020-08-01T12:04:28.140+0300][9.786s][info ][gc] GC(199) Concurrent Cycle
[2020-08-01T12:04:28.158+0300][9.805s][debug][gc] GC(199) Reclaimed 253 empty regions
[2020-08-01T12:04:28.158+0300][9.805s][info ][gc] GC(199) Pause Remark 367M->114M(512M) 0.492ms
[2020-08-01T12:04:28.182+0300][9.828s][info ][gc] GC(200) Pause Young (Normal) (G1 Evacuation Pause) 123M->116M(512M) 19.703ms
[2020-08-01T12:04:28.206+0300][9.852s][info ][gc] GC(199) Pause Cleanup 177M->177M(512M) 0.064ms
[2020-08-01T12:04:28.206+0300][9.853s][info ][gc] GC(199) Concurrent Cycle 66.657ms
[2020-08-01T12:04:28.261+0300][9.908s][info ][gc] GC(201) Pause Young (Concurrent Start) (G1 Humongous Allocation) 185M->187M(512M) 32.569ms
[2020-08-01T12:04:28.261+0300][9.908s][info ][gc] GC(202) Concurrent Cycle
[2020-08-01T12:04:28.289+0300][9.935s][debug][gc] GC(202) Reclaimed 103 empty regions
[2020-08-01T12:04:28.289+0300][9.935s][info ][gc] GC(202) Pause Remark 264M->161M(512M) 0.496ms
[2020-08-01T12:04:28.343+0300][9.990s][info ][gc] GC(203) Pause Young (Normal) (G1 Evacuation Pause) 188M->173M(512M) 42.733ms
[2020-08-01T12:04:28.369+0300][10.016s][info ][gc] GC(202) Pause Cleanup 204M->204M(512M) 0.058ms
[2020-08-01T12:04:28.370+0300][10.016s][info ][gc] GC(202) Concurrent Cycle 108.712ms
[2020-08-01T12:04:28.440+0300][10.087s][info ][gc] GC(204) Pause Young (Normal) (G1 Evacuation Pause) 281M->282M(512M) 45.906ms
[2020-08-01T12:04:28.489+0300][10.136s][info ][gc] GC(205) Pause Young (Concurrent Start) (G1 Evacuation Pause) 336M->337M(512M) 27.849ms
[2020-08-01T12:04:28.490+0300][10.136s][info ][gc] GC(206) Concurrent Cycle
[2020-08-01T12:04:28.545+0300][10.191s][info ][gc] GC(207) Pause Young (Normal) (G1 Evacuation Pause) 394M->395M(512M) 20.421ms
[2020-08-01T12:04:28.564+0300][10.211s][info ][gc] GC(208) Pause Young (Normal) (G1 Evacuation Pause) 414M->416M(512M) 11.303ms
[2020-08-01T12:04:28.588+0300][10.235s][info ][gc] GC(209) Pause Young (Normal) (G1 Evacuation Pause) 437M->438M(512M) 13.879ms
[2020-08-01T12:04:28.610+0300][10.256s][info ][gc] GC(210) Pause Young (Normal) (G1 Evacuation Pause) 459M->461M(512M) 12.629ms
[2020-08-01T12:04:28.622+0300][10.269s][debug][gc] GC(206) Reclaimed 185 empty regions
[2020-08-01T12:04:28.622+0300][10.269s][info ][gc] GC(206) Pause Remark 481M->296M(512M) 0.507ms
[2020-08-01T12:04:28.650+0300][10.297s][info ][gc] GC(211) Pause Young (Normal) (G1 Evacuation Pause) 317M->319M(512M) 13.019ms
[2020-08-01T12:04:28.697+0300][10.344s][info ][gc] GC(212) Pause Young (Normal) (G1 Evacuation Pause) 362M->363M(512M) 27.455ms
[2020-08-01T12:04:28.743+0300][10.390s][info ][gc] GC(213) Pause Young (Normal) (G1 Evacuation Pause) 392M->393M(512M) 27.270ms
[2020-08-01T12:04:28.773+0300][10.420s][info ][gc] GC(214) Pause Young (Normal) (G1 Evacuation Pause) 413M->414M(512M) 21.868ms
[2020-08-01T12:04:28.807+0300][10.454s][info ][gc] GC(215) Pause Young (Normal) (G1 Evacuation Pause) 435M->436M(512M) 24.534ms
[2020-08-01T12:04:28.853+0300][10.500s][info ][gc] GC(216) Pause Young (Normal) (G1 Evacuation Pause) 477M->478M(512M) 23.915ms
[2020-08-01T12:04:28.901+0300][10.547s][info ][gc] GC(217) To-space exhausted
[2020-08-01T12:04:28.901+0300][10.547s][info ][gc] GC(217) Pause Young (Normal) (G1 Evacuation Pause) 499M->506M(512M) 38.115ms
[2020-08-01T12:04:28.932+0300][10.579s][info ][gc] GC(218) To-space exhausted
[2020-08-01T12:04:28.932+0300][10.579s][info ][gc] GC(218) Pause Young (Normal) (G1 Evacuation Pause) 512M->512M(512M) 28.839ms
[2020-08-01T12:04:28.933+0300][10.579s][debug][gc] GC(219) Clear Next Bitmap 0.274ms
[2020-08-01T12:04:28.980+0300][10.626s][info ][gc] GC(219) Pause Full (G1 Evacuation Pause) 512M->68M(512M) 47.127ms
[2020-08-01T12:04:28.980+0300][10.626s][info ][gc] GC(206) Concurrent Cycle 490.428ms
[2020-08-01T12:04:29.088+0300][10.734s][info ][gc] GC(220) Pause Young (Normal) (G1 Evacuation Pause) 210M->210M(512M) 45.894ms
[2020-08-01T12:04:29.182+0300][10.829s][info ][gc] GC(221) Pause Young (Concurrent Start) (G1 Humongous Allocation) 271M->272M(512M) 58.684ms
[2020-08-01T12:04:29.183+0300][10.829s][info ][gc] GC(222) Concurrent Cycle
[2020-08-01T12:04:29.208+0300][10.855s][debug][gc] GC(222) Reclaimed 193 empty regions
[2020-08-01T12:04:29.208+0300][10.855s][info ][gc] GC(222) Pause Remark 346M->156M(512M) 0.490ms
[2020-08-01T12:04:29.234+0300][10.880s][info ][gc] GC(223) Pause Young (Normal) (G1 Evacuation Pause) 159M->149M(512M) 23.635ms
[2020-08-01T12:04:29.268+0300][10.915s][info ][gc] GC(222) Pause Cleanup 207M->207M(512M) 0.069ms
[2020-08-01T12:04:29.268+0300][10.915s][info ][gc] GC(222) Concurrent Cycle 85.842ms
[2020-08-01T12:04:29.302+0300][10.949s][info ][gc] GC(224) Pause Young (Concurrent Start) (G1 Humongous Allocation) 207M->208M(512M) 33.757ms
[2020-08-01T12:04:29.302+0300][10.949s][info ][gc] GC(225) Concurrent Cycle
[2020-08-01T12:04:29.325+0300][10.971s][debug][gc] GC(225) Reclaimed 136 empty regions
[2020-08-01T12:04:29.325+0300][10.971s][info ][gc] GC(225) Pause Remark 275M->139M(512M) 0.455ms
[2020-08-01T12:04:29.367+0300][11.014s][info ][gc] GC(226) Pause Young (Normal) (G1 Evacuation Pause) 169M->157M(512M) 30.535ms
[2020-08-01T12:04:29.388+0300][11.035s][info ][gc] GC(225) Pause Cleanup 195M->195M(512M) 0.093ms
[2020-08-01T12:04:29.389+0300][11.035s][info ][gc] GC(225) Concurrent Cycle 86.285ms
[2020-08-01T12:04:29.422+0300][11.069s][info ][gc] GC(227) Pause Young (Concurrent Start) (G1 Humongous Allocation) 195M->195M(512M) 28.602ms
[2020-08-01T12:04:29.422+0300][11.069s][info ][gc] GC(228) Concurrent Cycle
[2020-08-01T12:04:29.441+0300][11.087s][debug][gc] GC(228) Reclaimed 140 empty regions
[2020-08-01T12:04:29.441+0300][11.087s][info ][gc] GC(228) Pause Remark 250M->110M(512M) 0.939ms
[2020-08-01T12:04:29.498+0300][11.145s][info ][gc] GC(229) Pause Young (Normal) (G1 Evacuation Pause) 157M->145M(512M) 36.977ms
[2020-08-01T12:04:29.504+0300][11.150s][info ][gc] GC(228) Pause Cleanup 156M->156M(512M) 0.140ms
[2020-08-01T12:04:29.505+0300][11.151s][info ][gc] GC(228) Concurrent Cycle 82.423ms
[2020-08-01T12:04:29.553+0300][11.199s][info ][gc] GC(230) Pause Young (Concurrent Start) (G1 Humongous Allocation) 178M->179M(512M) 29.262ms
[2020-08-01T12:04:29.553+0300][11.199s][info ][gc] GC(231) Concurrent Cycle
[2020-08-01T12:04:29.569+0300][11.215s][debug][gc] GC(231) Reclaimed 128 empty regions
[2020-08-01T12:04:29.569+0300][11.215s][info ][gc] GC(231) Pause Remark 230M->102M(512M) 0.515ms
[2020-08-01T12:04:29.629+0300][11.276s][info ][gc] GC(232) Pause Young (Normal) (G1 Evacuation Pause) 158M->146M(512M) 36.988ms
[2020-08-01T12:04:29.630+0300][11.277s][info ][gc] GC(231) Pause Cleanup 147M->147M(512M) 0.074ms
[2020-08-01T12:04:29.631+0300][11.277s][info ][gc] GC(231) Concurrent Cycle 77.993ms
[2020-08-01T12:04:29.685+0300][11.332s][info ][gc] GC(233) Pause Young (Concurrent Start) (G1 Humongous Allocation) 174M->175M(512M) 31.444ms
[2020-08-01T12:04:29.685+0300][11.332s][info ][gc] GC(234) Concurrent Cycle
[2020-08-01T12:04:29.702+0300][11.349s][debug][gc] GC(234) Reclaimed 128 empty regions
[2020-08-01T12:04:29.703+0300][11.349s][info ][gc] GC(234) Pause Remark 208M->80M(512M) 0.670ms
[2020-08-01T12:04:29.725+0300][11.372s][info ][gc] GC(234) Pause Cleanup 126M->126M(512M) 0.082ms
[2020-08-01T12:04:29.726+0300][11.373s][info ][gc] GC(234) Concurrent Cycle 40.964ms
[2020-08-01T12:04:29.780+0300][11.426s][info ][gc] GC(235) Pause Young (Normal) (G1 Evacuation Pause) 155M->141M(512M) 42.163ms
[2020-08-01T12:04:29.820+0300][11.466s][info ][gc] GC(236) Pause Young (Concurrent Start) (G1 Humongous Allocation) 169M->170M(512M) 18.263ms
[2020-08-01T12:04:29.820+0300][11.466s][info ][gc] GC(237) Concurrent Cycle
[2020-08-01T12:04:29.836+0300][11.482s][debug][gc] GC(237) Reclaimed 119 empty regions
[2020-08-01T12:04:29.836+0300][11.482s][info ][gc] GC(237) Pause Remark 222M->103M(512M) 0.551ms
[2020-08-01T12:04:29.858+0300][11.504s][info ][gc] GC(237) Pause Cleanup 155M->155M(512M) 0.061ms
[2020-08-01T12:04:29.858+0300][11.505s][info ][gc] GC(237) Concurrent Cycle 38.376ms
[2020-08-01T12:04:29.896+0300][11.543s][info ][gc] GC(238) Pause Young (Normal) (G1 Evacuation Pause) 161M->148M(512M) 35.412ms
[2020-08-01T12:04:29.950+0300][11.596s][info ][gc] GC(239) Pause Young (Concurrent Start) (G1 Humongous Allocation) 173M->174M(512M) 32.257ms
[2020-08-01T12:04:29.950+0300][11.597s][info ][gc] GC(240) Concurrent Cycle
[2020-08-01T12:04:29.966+0300][11.613s][debug][gc] GC(240) Reclaimed 122 empty regions
[2020-08-01T12:04:29.966+0300][11.613s][info ][gc] GC(240) Pause Remark 222M->100M(512M) 0.478ms
[2020-08-01T12:04:29.986+0300][11.633s][info ][gc] GC(240) Pause Cleanup 149M->149M(512M) 0.065ms
[2020-08-01T12:04:29.987+0300][11.633s][info ][gc] GC(240) Concurrent Cycle 36.709ms
[2020-08-01T12:04:30.026+0300][11.672s][info ][gc] GC(241) Pause Young (Normal) (G1 Evacuation Pause) 160M->147M(512M) 34.917ms
[2020-08-01T12:04:30.064+0300][11.711s][info ][gc] GC(242) Pause Young (Concurrent Start) (G1 Humongous Allocation) 174M->175M(512M) 16.813ms
[2020-08-01T12:04:30.064+0300][11.711s][info ][gc] GC(243) Concurrent Cycle
[2020-08-01T12:04:30.079+0300][11.726s][debug][gc] GC(243) Reclaimed 121 empty regions
[2020-08-01T12:04:30.079+0300][11.726s][info ][gc] GC(243) Pause Remark 225M->104M(512M) 0.466ms
[2020-08-01T12:04:30.100+0300][11.747s][info ][gc] GC(243) Pause Cleanup 157M->157M(512M) 0.078ms
[2020-08-01T12:04:30.101+0300][11.748s][info ][gc] GC(243) Concurrent Cycle 36.637ms
[2020-08-01T12:04:30.136+0300][11.782s][info ][gc] GC(244) Pause Young (Normal) (G1 Evacuation Pause) 162M->149M(512M) 33.160ms
[2020-08-01T12:04:30.173+0300][11.820s][info ][gc] GC(245) Pause Young (Concurrent Start) (G1 Humongous Allocation) 176M->178M(512M) 15.624ms
[2020-08-01T12:04:30.173+0300][11.820s][info ][gc] GC(246) Concurrent Cycle
[2020-08-01T12:04:30.188+0300][11.834s][debug][gc] GC(246) Reclaimed 123 empty regions
[2020-08-01T12:04:30.188+0300][11.834s][info ][gc] GC(246) Pause Remark 227M->104M(512M) 0.658ms
[2020-08-01T12:04:30.208+0300][11.855s][info ][gc] GC(246) Pause Cleanup 157M->157M(512M) 0.073ms
[2020-08-01T12:04:30.209+0300][11.855s][info ][gc] GC(246) Concurrent Cycle 35.631ms
[2020-08-01T12:04:30.247+0300][11.894s][info ][gc] GC(247) Pause Young (Normal) (G1 Evacuation Pause) 162M->149M(512M) 36.244ms
[2020-08-01T12:04:30.287+0300][11.933s][info ][gc] GC(248) Pause Young (Concurrent Start) (G1 Humongous Allocation) 177M->178M(512M) 18.359ms
[2020-08-01T12:04:30.287+0300][11.933s][info ][gc] GC(249) Concurrent Cycle
[2020-08-01T12:04:30.302+0300][11.948s][debug][gc] GC(249) Reclaimed 123 empty regions
[2020-08-01T12:04:30.302+0300][11.949s][info ][gc] GC(249) Pause Remark 226M->103M(512M) 0.464ms
[2020-08-01T12:04:30.324+0300][11.970s][info ][gc] GC(249) Pause Cleanup 156M->156M(512M) 0.077ms
[2020-08-01T12:04:30.324+0300][11.971s][info ][gc] GC(249) Concurrent Cycle 37.376ms
[2020-08-01T12:04:30.364+0300][12.010s][info ][gc] GC(250) Pause Young (Normal) (G1 Evacuation Pause) 162M->149M(512M) 37.316ms
[2020-08-01T12:04:30.403+0300][12.049s][info ][gc] GC(251) Pause Young (Concurrent Start) (G1 Humongous Allocation) 177M->178M(512M) 17.365ms
[2020-08-01T12:04:30.403+0300][12.050s][info ][gc] GC(252) Concurrent Cycle
[2020-08-01T12:04:30.419+0300][12.065s][debug][gc] GC(252) Reclaimed 123 empty regions
[2020-08-01T12:04:30.419+0300][12.065s][info ][gc] GC(252) Pause Remark 228M->105M(512M) 0.667ms
[2020-08-01T12:04:30.440+0300][12.086s][info ][gc] GC(252) Pause Cleanup 156M->156M(512M) 0.072ms
[2020-08-01T12:04:30.440+0300][12.087s][info ][gc] GC(252) Concurrent Cycle 37.322ms
[2020-08-01T12:04:30.481+0300][12.128s][info ][gc] GC(253) Pause Young (Normal) (G1 Evacuation Pause) 162M->150M(512M) 38.561ms
[2020-08-01T12:04:30.520+0300][12.166s][info ][gc] GC(254) Pause Young (Concurrent Start) (G1 Humongous Allocation) 178M->179M(512M) 17.314ms
[2020-08-01T12:04:30.520+0300][12.166s][info ][gc] GC(255) Concurrent Cycle
[2020-08-01T12:04:30.535+0300][12.182s][debug][gc] GC(255) Reclaimed 123 empty regions
[2020-08-01T12:04:30.535+0300][12.182s][info ][gc] GC(255) Pause Remark 228M->105M(512M) 0.454ms
[2020-08-01T12:04:30.557+0300][12.203s][info ][gc] GC(255) Pause Cleanup 157M->157M(512M) 0.075ms
[2020-08-01T12:04:30.557+0300][12.204s][info ][gc] GC(255) Concurrent Cycle 37.042ms
[2020-08-01T12:04:30.593+0300][12.240s][info ][gc] GC(256) Pause Young (Normal) (G1 Evacuation Pause) 163M->150M(512M) 33.693ms
[2020-08-01T12:04:30.631+0300][12.278s][info ][gc] GC(257) Pause Young (Concurrent Start) (G1 Humongous Allocation) 178M->179M(512M) 16.554ms
[2020-08-01T12:04:30.631+0300][12.278s][info ][gc] GC(258) Concurrent Cycle
[2020-08-01T12:04:30.647+0300][12.294s][debug][gc] GC(258) Reclaimed 123 empty regions
[2020-08-01T12:04:30.647+0300][12.294s][info ][gc] GC(258) Pause Remark 230M->107M(512M) 0.574ms
[2020-08-01T12:04:30.669+0300][12.316s][info ][gc] GC(258) Pause Cleanup 162M->162M(512M) 0.072ms
[2020-08-01T12:04:30.670+0300][12.316s][info ][gc] GC(258) Concurrent Cycle 38.578ms
[2020-08-01T12:04:30.707+0300][12.354s][info ][gc] GC(259) Pause Young (Normal) (G1 Evacuation Pause) 163M->151M(512M) 36.877ms
[2020-08-01T12:04:30.749+0300][12.395s][info ][gc] GC(260) Pause Young (Concurrent Start) (G1 Humongous Allocation) 179M->180M(512M) 19.416ms
[2020-08-01T12:04:30.749+0300][12.396s][info ][gc] GC(261) Concurrent Cycle
[2020-08-01T12:04:30.764+0300][12.411s][debug][gc] GC(261) Reclaimed 124 empty regions
[2020-08-01T12:04:30.764+0300][12.411s][info ][gc] GC(261) Pause Remark 230M->106M(512M) 0.471ms
[2020-08-01T12:04:30.785+0300][12.432s][info ][gc] GC(261) Pause Cleanup 160M->160M(512M) 0.070ms
[2020-08-01T12:04:30.786+0300][12.432s][info ][gc] GC(261) Concurrent Cycle 36.825ms
[2020-08-01T12:04:30.821+0300][12.468s][info ][gc] GC(262) Pause Young (Normal) (G1 Evacuation Pause) 163M->150M(512M) 33.892ms
[2020-08-01T12:04:30.859+0300][12.505s][info ][gc] GC(263) Pause Young (Concurrent Start) (G1 Humongous Allocation) 178M->180M(512M) 15.977ms
[2020-08-01T12:04:30.859+0300][12.505s][info ][gc] GC(264) Concurrent Cycle
[2020-08-01T12:04:30.875+0300][12.522s][debug][gc] GC(264) Reclaimed 119 empty regions
[2020-08-01T12:04:30.875+0300][12.522s][info ][gc] GC(264) Pause Remark 230M->111M(512M) 0.487ms
[2020-08-01T12:04:30.897+0300][12.543s][info ][gc] GC(264) Pause Cleanup 164M->164M(512M) 0.072ms
[2020-08-01T12:04:30.898+0300][12.544s][info ][gc] GC(264) Concurrent Cycle 38.940ms
[2020-08-01T12:04:30.931+0300][12.578s][info ][gc] GC(265) Pause Young (Normal) (G1 Evacuation Pause) 167M->155M(512M) 32.886ms
[2020-08-01T12:04:30.975+0300][12.622s][info ][gc] GC(266) Pause Young (Concurrent Start) (G1 Humongous Allocation) 184M->184M(512M) 21.586ms
[2020-08-01T12:04:30.975+0300][12.622s][info ][gc] GC(267) Concurrent Cycle
[2020-08-01T12:04:30.991+0300][12.637s][debug][gc] GC(267) Reclaimed 123 empty regions
[2020-08-01T12:04:30.991+0300][12.637s][info ][gc] GC(267) Pause Remark 233M->110M(512M) 0.597ms
[2020-08-01T12:04:31.013+0300][12.659s][info ][gc] GC(267) Pause Cleanup 164M->164M(512M) 0.076ms
[2020-08-01T12:04:31.014+0300][12.660s][info ][gc] GC(267) Concurrent Cycle 38.241ms
[2020-08-01T12:04:31.051+0300][12.698s][info ][gc] GC(268) Pause Young (Normal) (G1 Evacuation Pause) 166M->154M(512M) 37.178ms
[2020-08-01T12:04:31.094+0300][12.740s][info ][gc] GC(269) Pause Young (Concurrent Start) (G1 Humongous Allocation) 184M->185M(512M) 19.070ms
[2020-08-01T12:04:31.094+0300][12.740s][info ][gc] GC(270) Concurrent Cycle
[2020-08-01T12:04:31.111+0300][12.758s][debug][gc] GC(270) Reclaimed 120 empty regions
[2020-08-01T12:04:31.111+0300][12.758s][info ][gc] GC(270) Pause Remark 238M->118M(512M) 0.548ms
[2020-08-01T12:04:31.169+0300][12.816s][info ][gc] GC(271) Pause Young (Normal) (G1 Evacuation Pause) 170M->157M(512M) 36.660ms
[2020-08-01T12:04:31.171+0300][12.818s][info ][gc] GC(270) Pause Cleanup 162M->162M(512M) 0.100ms
[2020-08-01T12:04:31.172+0300][12.818s][info ][gc] GC(270) Concurrent Cycle 78.254ms
[2020-08-01T12:04:31.223+0300][12.870s][info ][gc] GC(272) Pause Young (Concurrent Start) (G1 Humongous Allocation) 187M->188M(512M) 30.697ms
[2020-08-01T12:04:31.223+0300][12.870s][info ][gc] GC(273) Concurrent Cycle
[2020-08-01T12:04:31.239+0300][12.886s][debug][gc] GC(273) Reclaimed 123 empty regions
[2020-08-01T12:04:31.239+0300][12.886s][info ][gc] GC(273) Pause Remark 237M->114M(512M) 0.571ms
[2020-08-01T12:04:31.262+0300][12.908s][info ][gc] GC(273) Pause Cleanup 169M->169M(512M) 0.073ms
[2020-08-01T12:04:31.300+0300][12.947s][info ][gc] GC(274) Pause Young (Normal) (G1 Evacuation Pause) 169M->156M(512M) 38.065ms
[2020-08-01T12:04:31.301+0300][12.947s][info ][gc] GC(273) Concurrent Cycle 77.224ms
[2020-08-01T12:04:31.344+0300][12.990s][info ][gc] GC(275) Pause Young (Concurrent Start) (G1 Humongous Allocation) 187M->189M(512M) 17.913ms
[2020-08-01T12:04:31.344+0300][12.990s][info ][gc] GC(276) Concurrent Cycle
[2020-08-01T12:04:31.360+0300][13.006s][debug][gc] GC(276) Reclaimed 122 empty regions
[2020-08-01T12:04:31.360+0300][13.006s][info ][gc] GC(276) Pause Remark 241M->119M(512M) 0.532ms
[2020-08-01T12:04:31.419+0300][13.066s][info ][gc] GC(277) Pause Young (Normal) (G1 Evacuation Pause) 171M->158M(512M) 38.518ms
[2020-08-01T12:04:31.421+0300][13.068s][info ][gc] GC(276) Pause Cleanup 160M->160M(512M) 0.090ms
[2020-08-01T12:04:31.422+0300][13.068s][info ][gc] GC(276) Concurrent Cycle 78.181ms
[2020-08-01T12:04:31.475+0300][13.122s][info ][gc] GC(278) Pause Young (Concurrent Start) (G1 Humongous Allocation) 189M->190M(512M) 30.666ms
[2020-08-01T12:04:31.475+0300][13.122s][info ][gc] GC(279) Concurrent Cycle
[2020-08-01T12:04:31.491+0300][13.138s][debug][gc] GC(279) Reclaimed 124 empty regions
[2020-08-01T12:04:31.491+0300][13.138s][info ][gc] GC(279) Pause Remark 241M->117M(512M) 0.517ms
[2020-08-01T12:04:31.546+0300][13.193s][info ][gc] GC(280) Pause Young (Normal) (G1 Evacuation Pause) 169M->157M(512M) 33.433ms
[2020-08-01T12:04:31.549+0300][13.195s][info ][gc] GC(279) Pause Cleanup 163M->163M(512M) 0.088ms
[2020-08-01T12:04:31.549+0300][13.196s][info ][gc] GC(279) Concurrent Cycle 73.871ms
[2020-08-01T12:04:31.597+0300][13.243s][info ][gc] GC(281) Pause Young (Concurrent Start) (G1 Humongous Allocation) 189M->190M(512M) 26.063ms
[2020-08-01T12:04:31.597+0300][13.243s][info ][gc] GC(282) Concurrent Cycle
[2020-08-01T12:04:31.613+0300][13.259s][debug][gc] GC(282) Reclaimed 122 empty regions
[2020-08-01T12:04:31.613+0300][13.259s][info ][gc] GC(282) Pause Remark 243M->121M(512M) 0.501ms
[2020-08-01T12:04:31.668+0300][13.315s][info ][gc] GC(283) Pause Young (Normal) (G1 Evacuation Pause) 171M->159M(512M) 35.170ms
[2020-08-01T12:04:31.673+0300][13.319s][info ][gc] GC(282) Pause Cleanup 167M->167M(512M) 0.110ms
[2020-08-01T12:04:31.674+0300][13.320s][info ][gc] GC(282) Concurrent Cycle 77.091ms
[2020-08-01T12:04:31.723+0300][13.370s][info ][gc] GC(284) Pause Young (Concurrent Start) (G1 Humongous Allocation) 191M->192M(512M) 28.776ms
[2020-08-01T12:04:31.723+0300][13.370s][info ][gc] GC(285) Concurrent Cycle
[2020-08-01T12:04:31.741+0300][13.388s][debug][gc] GC(285) Reclaimed 124 empty regions
[2020-08-01T12:04:31.741+0300][13.388s][info ][gc] GC(285) Pause Remark 244M->120M(512M) 0.648ms
[2020-08-01T12:04:31.802+0300][13.449s][info ][gc] GC(286) Pause Young (Normal) (G1 Evacuation Pause) 171M->158M(512M) 38.883ms
[2020-08-01T12:04:31.806+0300][13.452s][info ][gc] GC(285) Pause Cleanup 165M->165M(512M) 0.089ms
[2020-08-01T12:04:31.806+0300][13.453s][info ][gc] GC(285) Concurrent Cycle 82.825ms
[2020-08-01T12:04:31.873+0300][13.519s][info ][gc] GC(287) Pause Young (Concurrent Start) (G1 Humongous Allocation) 190M->191M(512M) 45.114ms
[2020-08-01T12:04:31.873+0300][13.519s][info ][gc] GC(288) Concurrent Cycle
[2020-08-01T12:04:31.890+0300][13.536s][debug][gc] GC(288) Reclaimed 124 empty regions
[2020-08-01T12:04:31.890+0300][13.536s][info ][gc] GC(288) Pause Remark 246M->122M(512M) 0.459ms
[2020-08-01T12:04:31.942+0300][13.589s][info ][gc] GC(289) Pause Young (Normal) (G1 Evacuation Pause) 170M->157M(512M) 32.910ms
[2020-08-01T12:04:31.946+0300][13.592s][info ][gc] GC(288) Pause Cleanup 166M->166M(512M) 0.087ms
[2020-08-01T12:04:31.947+0300][13.593s][info ][gc] GC(288) Concurrent Cycle 73.656ms
[2020-08-01T12:04:32.013+0300][13.659s][info ][gc] GC(290) Pause Young (Concurrent Start) (G1 Humongous Allocation) 189M->190M(512M) 46.233ms
[2020-08-01T12:04:32.013+0300][13.660s][info ][gc] GC(291) Concurrent Cycle
[2020-08-01T12:04:32.031+0300][13.677s][debug][gc] GC(291) Reclaimed 123 empty regions
[2020-08-01T12:04:32.031+0300][13.678s][info ][gc] GC(291) Pause Remark 242M->119M(512M) 0.542ms
[2020-08-01T12:04:32.086+0300][13.733s][info ][gc] GC(292) Pause Young (Normal) (G1 Evacuation Pause) 170M->158M(512M) 34.232ms
[2020-08-01T12:04:32.089+0300][13.736s][info ][gc] GC(291) Pause Cleanup 162M->162M(512M) 0.086ms
[2020-08-01T12:04:32.090+0300][13.736s][info ][gc] GC(291) Concurrent Cycle 76.817ms
[2020-08-01T12:04:32.139+0300][13.785s][info ][gc] GC(293) Pause Young (Concurrent Start) (G1 Humongous Allocation) 190M->191M(512M) 26.311ms
[2020-08-01T12:04:32.139+0300][13.785s][info ][gc] GC(294) Concurrent Cycle
[2020-08-01T12:04:32.155+0300][13.801s][debug][gc] GC(294) Reclaimed 123 empty regions
[2020-08-01T12:04:32.155+0300][13.801s][info ][gc] GC(294) Pause Remark 243M->120M(512M) 0.692ms
[2020-08-01T12:04:32.207+0300][13.854s][info ][gc] GC(295) Pause Young (Normal) (G1 Evacuation Pause) 171M->158M(512M) 32.590ms
[2020-08-01T12:04:32.211+0300][13.857s][info ][gc] GC(294) Pause Cleanup 166M->166M(512M) 0.088ms
[2020-08-01T12:04:32.211+0300][13.858s][info ][gc] GC(294) Concurrent Cycle 72.330ms
[2020-08-01T12:04:32.257+0300][13.904s][info ][gc] GC(296) Pause Young (Concurrent Start) (G1 Humongous Allocation) 190M->190M(512M) 25.675ms
[2020-08-01T12:04:32.257+0300][13.904s][info ][gc] GC(297) Concurrent Cycle
[2020-08-01T12:04:32.273+0300][13.920s][debug][gc] GC(297) Reclaimed 123 empty regions
[2020-08-01T12:04:32.273+0300][13.920s][info ][gc] GC(297) Pause Remark 244M->121M(512M) 0.491ms
[2020-08-01T12:04:32.327+0300][13.973s][info ][gc] GC(298) Pause Young (Normal) (G1 Evacuation Pause) 170M->157M(512M) 33.581ms
[2020-08-01T12:04:32.331+0300][13.977s][info ][gc] GC(297) Pause Cleanup 167M->167M(512M) 0.092ms
[2020-08-01T12:04:32.332+0300][13.978s][info ][gc] GC(297) Concurrent Cycle 74.284ms
[2020-08-01T12:04:32.389+0300][14.036s][info ][gc] GC(299) Pause Young (Concurrent Start) (G1 Humongous Allocation) 189M->190M(512M) 37.450ms
[2020-08-01T12:04:32.389+0300][14.036s][info ][gc] GC(300) Concurrent Cycle
[2020-08-01T12:04:32.405+0300][14.051s][debug][gc] GC(300) Reclaimed 123 empty regions
[2020-08-01T12:04:32.405+0300][14.051s][info ][gc] GC(300) Pause Remark 244M->121M(512M) 0.454ms
[2020-08-01T12:04:32.456+0300][14.102s][info ][gc] GC(301) Pause Young (Normal) (G1 Evacuation Pause) 170M->158M(512M) 31.290ms
[2020-08-01T12:04:32.460+0300][14.106s][info ][gc] GC(300) Pause Cleanup 167M->167M(512M) 0.106ms
[2020-08-01T12:04:32.461+0300][14.107s][info ][gc] GC(300) Concurrent Cycle 71.678ms
[2020-08-01T12:04:32.508+0300][14.155s][info ][gc] GC(302) Pause Young (Concurrent Start) (G1 Humongous Allocation) 190M->191M(512M) 26.650ms
[2020-08-01T12:04:32.508+0300][14.155s][info ][gc] GC(303) Concurrent Cycle
[2020-08-01T12:04:32.525+0300][14.172s][debug][gc] GC(303) Reclaimed 123 empty regions
[2020-08-01T12:04:32.525+0300][14.172s][info ][gc] GC(303) Pause Remark 246M->123M(512M) 0.474ms
[2020-08-01T12:04:32.579+0300][14.226s][info ][gc] GC(304) Pause Young (Normal) (G1 Evacuation Pause) 171M->159M(512M) 34.534ms
[2020-08-01T12:04:32.583+0300][14.229s][info ][gc] GC(303) Pause Cleanup 168M->168M(512M) 0.091ms
[2020-08-01T12:04:32.583+0300][14.230s][info ][gc] GC(303) Concurrent Cycle 75.030ms
[2020-08-01T12:04:32.648+0300][14.294s][info ][gc] GC(305) Pause Young (Concurrent Start) (G1 Humongous Allocation) 191M->192M(512M) 44.972ms
[2020-08-01T12:04:32.648+0300][14.294s][info ][gc] GC(306) Concurrent Cycle
[2020-08-01T12:04:32.666+0300][14.312s][debug][gc] GC(306) Reclaimed 124 empty regions
[2020-08-01T12:04:32.666+0300][14.312s][info ][gc] GC(306) Pause Remark 247M->123M(512M) 0.499ms
[2020-08-01T12:04:32.720+0300][14.366s][info ][gc] GC(307) Pause Young (Normal) (G1 Evacuation Pause) 171M->158M(512M) 34.642ms
[2020-08-01T12:04:32.725+0300][14.372s][info ][gc] GC(306) Pause Cleanup 168M->168M(512M) 0.124ms
[2020-08-01T12:04:32.726+0300][14.373s][info ][gc] GC(306) Concurrent Cycle 78.520ms
[2020-08-01T12:04:32.775+0300][14.422s][info ][gc] GC(308) Pause Young (Concurrent Start) (G1 Humongous Allocation) 190M->191M(512M) 27.739ms
[2020-08-01T12:04:32.775+0300][14.422s][info ][gc] GC(309) Concurrent Cycle
[2020-08-01T12:04:32.791+0300][14.438s][debug][gc] GC(309) Reclaimed 124 empty regions
[2020-08-01T12:04:32.791+0300][14.438s][info ][gc] GC(309) Pause Remark 244M->120M(512M) 0.490ms
[2020-08-01T12:04:32.843+0300][14.489s][info ][gc] GC(310) Pause Young (Normal) (G1 Evacuation Pause) 170M->158M(512M) 31.275ms
[2020-08-01T12:04:32.846+0300][14.492s][info ][gc] GC(309) Pause Cleanup 166M->166M(512M) 0.084ms
[2020-08-01T12:04:32.847+0300][14.493s][info ][gc] GC(309) Concurrent Cycle 71.248ms
[2020-08-01T12:04:32.897+0300][14.543s][info ][gc] GC(311) Pause Young (Concurrent Start) (G1 Humongous Allocation) 190M->191M(512M) 25.006ms
[2020-08-01T12:04:32.897+0300][14.543s][info ][gc] GC(312) Concurrent Cycle
[2020-08-01T12:04:32.914+0300][14.560s][debug][gc] GC(312) Reclaimed 119 empty regions
[2020-08-01T12:04:32.914+0300][14.560s][info ][gc] GC(312) Pause Remark 245M->126M(512M) 0.468ms
[2020-08-01T12:04:32.968+0300][14.614s][info ][gc] GC(313) Pause Young (Normal) (G1 Evacuation Pause) 175M->162M(512M) 34.486ms
[2020-08-01T12:04:32.972+0300][14.618s][info ][gc] GC(312) Pause Cleanup 172M->172M(512M) 0.085ms
[2020-08-01T12:04:32.972+0300][14.619s][info ][gc] GC(312) Concurrent Cycle 75.573ms
[2020-08-01T12:04:33.023+0300][14.669s][info ][gc] GC(314) Pause Young (Concurrent Start) (G1 Humongous Allocation) 194M->195M(512M) 25.957ms
[2020-08-01T12:04:33.023+0300][14.669s][info ][gc] GC(315) Concurrent Cycle
[2020-08-01T12:04:33.039+0300][14.685s][debug][gc] GC(315) Reclaimed 123 empty regions
[2020-08-01T12:04:33.039+0300][14.685s][info ][gc] GC(315) Pause Remark 249M->126M(512M) 0.549ms
[2020-08-01T12:04:33.094+0300][14.740s][info ][gc] GC(316) Pause Young (Normal) (G1 Evacuation Pause) 174M->162M(512M) 35.390ms
[2020-08-01T12:04:33.098+0300][14.744s][info ][gc] GC(315) Pause Cleanup 170M->170M(512M) 0.097ms
[2020-08-01T12:04:33.098+0300][14.745s][info ][gc] GC(315) Concurrent Cycle 75.459ms
[2020-08-01T12:04:33.148+0300][14.794s][info ][gc] GC(317) Pause Young (Concurrent Start) (G1 Humongous Allocation) 195M->196M(512M) 28.244ms
[2020-08-01T12:04:33.148+0300][14.794s][info ][gc] GC(318) Concurrent Cycle
[2020-08-01T12:04:33.164+0300][14.810s][debug][gc] GC(318) Reclaimed 124 empty regions
[2020-08-01T12:04:33.164+0300][14.810s][info ][gc] GC(318) Pause Remark 249M->125M(512M) 0.460ms
[2020-08-01T12:04:33.219+0300][14.866s][info ][gc] GC(319) Pause Young (Normal) (G1 Evacuation Pause) 173M->162M(512M) 34.806ms
[2020-08-01T12:04:33.223+0300][14.870s][info ][gc] GC(318) Pause Cleanup 172M->172M(512M) 0.087ms
[2020-08-01T12:04:33.224+0300][14.870s][info ][gc] GC(318) Concurrent Cycle 75.922ms
[2020-08-01T12:04:33.286+0300][14.932s][info ][gc] GC(320) Pause Young (Concurrent Start) (G1 Humongous Allocation) 196M->197M(512M) 28.362ms
[2020-08-01T12:04:33.286+0300][14.932s][info ][gc] GC(321) Concurrent Cycle
[2020-08-01T12:04:33.303+0300][14.949s][debug][gc] GC(321) Reclaimed 123 empty regions
[2020-08-01T12:04:33.303+0300][14.949s][info ][gc] GC(321) Pause Remark 250M->127M(512M) 0.523ms
[2020-08-01T12:04:33.358+0300][15.005s][info ][gc] GC(322) Pause Young (Normal) (G1 Evacuation Pause) 175M->163M(512M) 35.245ms
[2020-08-01T12:04:33.362+0300][15.009s][info ][gc] GC(321) Pause Cleanup 174M->174M(512M) 0.121ms
[2020-08-01T12:04:33.363+0300][15.010s][info ][gc] GC(321) Concurrent Cycle 77.095ms
[2020-08-01T12:04:33.410+0300][15.056s][info ][gc] GC(323) Pause Young (Concurrent Start) (G1 Humongous Allocation) 197M->199M(512M) 26.968ms
[2020-08-01T12:04:33.410+0300][15.056s][info ][gc] GC(324) Concurrent Cycle
[2020-08-01T12:04:33.427+0300][15.073s][debug][gc] GC(324) Reclaimed 125 empty regions
[2020-08-01T12:04:33.427+0300][15.073s][info ][gc] GC(324) Pause Remark 253M->128M(512M) 0.562ms
[2020-08-01T12:04:33.483+0300][15.130s][info ][gc] GC(325) Pause Young (Normal) (G1 Evacuation Pause) 174M->162M(512M) 37.505ms
[2020-08-01T12:04:33.489+0300][15.135s][info ][gc] GC(324) Pause Cleanup 173M->173M(512M) 0.104ms
[2020-08-01T12:04:33.490+0300][15.136s][info ][gc] GC(324) Concurrent Cycle 79.876ms
[2020-08-01T12:04:33.551+0300][15.198s][info ][gc] GC(326) Pause Young (Concurrent Start) (G1 Humongous Allocation) 197M->198M(512M) 28.695ms
[2020-08-01T12:04:33.551+0300][15.198s][info ][gc] GC(327) Concurrent Cycle
[2020-08-01T12:04:33.568+0300][15.214s][debug][gc] GC(327) Reclaimed 124 empty regions
[2020-08-01T12:04:33.568+0300][15.214s][info ][gc] GC(327) Pause Remark 251M->127M(512M) 0.485ms
[2020-08-01T12:04:33.620+0300][15.266s][info ][gc] GC(328) Pause Young (Normal) (G1 Evacuation Pause) 175M->163M(512M) 32.659ms
[2020-08-01T12:04:33.625+0300][15.271s][info ][gc] GC(327) Pause Cleanup 173M->173M(512M) 0.098ms
[2020-08-01T12:04:33.626+0300][15.272s][info ][gc] GC(327) Concurrent Cycle 74.053ms
[2020-08-01T12:04:33.676+0300][15.323s][info ][gc] GC(329) Pause Young (Concurrent Start) (G1 Humongous Allocation) 197M->198M(512M) 29.631ms
[2020-08-01T12:04:33.676+0300][15.323s][info ][gc] GC(330) Concurrent Cycle
[2020-08-01T12:04:33.694+0300][15.341s][debug][gc] GC(330) Reclaimed 125 empty regions
[2020-08-01T12:04:33.694+0300][15.341s][info ][gc] GC(330) Pause Remark 251M->126M(512M) 0.436ms
[2020-08-01T12:04:33.748+0300][15.395s][info ][gc] GC(331) Pause Young (Normal) (G1 Evacuation Pause) 174M->162M(512M) 34.201ms
[2020-08-01T12:04:33.753+0300][15.399s][info ][gc] GC(330) Pause Cleanup 168M->168M(512M) 0.124ms
[2020-08-01T12:04:33.754+0300][15.400s][info ][gc] GC(330) Concurrent Cycle 77.378ms
[2020-08-01T12:04:33.836+0300][15.482s][info ][gc] GC(332) Pause Young (Concurrent Start) (G1 Humongous Allocation) 196M->197M(512M) 47.202ms
[2020-08-01T12:04:33.836+0300][15.482s][info ][gc] GC(333) Concurrent Cycle
[2020-08-01T12:04:33.853+0300][15.499s][debug][gc] GC(333) Reclaimed 123 empty regions
[2020-08-01T12:04:33.853+0300][15.499s][info ][gc] GC(333) Pause Remark 248M->125M(512M) 0.496ms
[2020-08-01T12:04:33.906+0300][15.553s][info ][gc] GC(334) Pause Young (Normal) (G1 Evacuation Pause) 175M->164M(512M) 32.801ms
[2020-08-01T12:04:33.911+0300][15.557s][info ][gc] GC(333) Pause Cleanup 174M->174M(512M) 0.093ms
[2020-08-01T12:04:33.912+0300][15.558s][info ][gc] GC(333) Concurrent Cycle 75.587ms
[2020-08-01T12:04:34.043+0300][15.690s][info ][gc] GC(335) Pause Young (Prepare Mixed) (G1 Evacuation Pause) 276M->277M(512M) 54.215ms
[2020-08-01T12:04:34.107+0300][15.753s][info ][gc] GC(336) Pause Young (Mixed) (G1 Evacuation Pause) 289M->264M(512M) 58.541ms
[2020-08-01T12:04:34.199+0300][15.845s][info ][gc] GC(337) Pause Young (Concurrent Start) (G1 Humongous Allocation) 309M->310M(512M) 51.919ms
[2020-08-01T12:04:34.199+0300][15.845s][info ][gc] GC(338) Concurrent Cycle
[2020-08-01T12:04:34.218+0300][15.865s][debug][gc] GC(338) Reclaimed 252 empty regions
[2020-08-01T12:04:34.218+0300][15.865s][info ][gc] GC(338) Pause Remark 365M->113M(512M) 0.545ms
[2020-08-01T12:04:34.243+0300][15.889s][info ][gc] GC(339) Pause Young (Normal) (G1 Evacuation Pause) 124M->117M(512M) 19.410ms
[2020-08-01T12:04:34.266+0300][15.912s][info ][gc] GC(338) Pause Cleanup 174M->174M(512M) 0.074ms
[2020-08-01T12:04:34.266+0300][15.913s][info ][gc] GC(338) Concurrent Cycle 67.441ms
[2020-08-01T12:04:34.357+0300][16.003s][info ][gc] GC(340) Pause Young (Concurrent Start) (G1 Humongous Allocation) 186M->187M(512M) 68.795ms
[2020-08-01T12:04:34.357+0300][16.003s][info ][gc] GC(341) Concurrent Cycle
[2020-08-01T12:04:34.382+0300][16.028s][debug][gc] GC(341) Reclaimed 102 empty regions
[2020-08-01T12:04:34.382+0300][16.028s][info ][gc] GC(341) Pause Remark 260M->158M(512M) 0.477ms
[2020-08-01T12:04:34.426+0300][16.073s][info ][gc] GC(342) Pause Young (Normal) (G1 Evacuation Pause) 189M->175M(512M) 32.126ms
[2020-08-01T12:04:34.451+0300][16.097s][info ][gc] GC(341) Pause Cleanup 206M->206M(512M) 0.064ms
[2020-08-01T12:04:34.451+0300][16.097s][info ][gc] GC(341) Concurrent Cycle 94.112ms
[2020-08-01T12:04:34.501+0300][16.147s][info ][gc] GC(343) Pause Young (Concurrent Start) (G1 Humongous Allocation) 206M->208M(512M) 43.147ms
[2020-08-01T12:04:34.501+0300][16.147s][info ][gc] GC(344) Concurrent Cycle
[2020-08-01T12:04:34.516+0300][16.163s][debug][gc] GC(344) Reclaimed 154 empty regions
[2020-08-01T12:04:34.516+0300][16.163s][info ][gc] GC(344) Pause Remark 260M->106M(512M) 0.497ms
[2020-08-01T12:04:34.565+0300][16.211s][info ][gc] GC(345) Pause Young (Normal) (G1 Evacuation Pause) 151M->139M(512M) 30.378ms
[2020-08-01T12:04:34.570+0300][16.216s][info ][gc] GC(344) Pause Cleanup 151M->151M(512M) 0.098ms
[2020-08-01T12:04:34.571+0300][16.218s][info ][gc] GC(344) Concurrent Cycle 70.163ms
[2020-08-01T12:04:34.638+0300][16.284s][info ][gc] GC(346) Pause Young (Concurrent Start) (G1 Humongous Allocation) 177M->177M(512M) 38.927ms
[2020-08-01T12:04:34.638+0300][16.284s][info ][gc] GC(347) Concurrent Cycle
[2020-08-01T12:04:34.655+0300][16.301s][debug][gc] GC(347) Reclaimed 118 empty regions
[2020-08-01T12:04:34.655+0300][16.301s][info ][gc] GC(347) Pause Remark 234M->116M(512M) 0.556ms
[2020-08-01T12:04:34.709+0300][16.356s][info ][gc] GC(348) Pause Young (Normal) (G1 Evacuation Pause) 166M->153M(512M) 33.899ms
[2020-08-01T12:04:34.715+0300][16.362s][info ][gc] GC(347) Pause Cleanup 164M->164M(512M) 0.078ms
[2020-08-01T12:04:34.716+0300][16.362s][info ][gc] GC(347) Concurrent Cycle 78.315ms
[2020-08-01T12:04:34.766+0300][16.412s][info ][gc] GC(349) Pause Young (Concurrent Start) (G1 Humongous Allocation) 182M->182M(512M) 26.866ms
[2020-08-01T12:04:34.766+0300][16.412s][info ][gc] GC(350) Concurrent Cycle
[2020-08-01T12:04:34.781+0300][16.428s][debug][gc] GC(350) Reclaimed 132 empty regions
[2020-08-01T12:04:34.781+0300][16.428s][info ][gc] GC(350) Pause Remark 233M->101M(512M) 0.551ms
[2020-08-01T12:04:34.803+0300][16.449s][info ][gc] GC(350) Pause Cleanup 155M->155M(512M) 0.058ms
[2020-08-01T12:04:34.803+0300][16.450s][info ][gc] GC(350) Concurrent Cycle 37.567ms
[2020-08-01T12:04:34.836+0300][16.483s][info ][gc] GC(351) Pause Young (Normal) (G1 Evacuation Pause) 156M->143M(512M) 32.715ms
[2020-08-01T12:04:34.878+0300][16.524s][info ][gc] GC(352) Pause Young (Concurrent Start) (G1 Humongous Allocation) 172M->172M(512M) 17.079ms
[2020-08-01T12:04:34.878+0300][16.524s][info ][gc] GC(353) Concurrent Cycle
[2020-08-01T12:04:34.893+0300][16.540s][debug][gc] GC(353) Reclaimed 118 empty regions
[2020-08-01T12:04:34.893+0300][16.540s][info ][gc] GC(353) Pause Remark 223M->105M(512M) 0.495ms
[2020-08-01T12:04:34.916+0300][16.562s][info ][gc] GC(353) Pause Cleanup 161M->161M(512M) 0.077ms
[2020-08-01T12:04:34.916+0300][16.563s][info ][gc] GC(353) Concurrent Cycle 38.462ms
[2020-08-01T12:04:34.952+0300][16.599s][info ][gc] GC(354) Pause Young (Normal) (G1 Evacuation Pause) 163M->151M(512M) 35.507ms
[2020-08-01T12:04:34.989+0300][16.636s][info ][gc] GC(355) Pause Young (Concurrent Start) (G1 Humongous Allocation) 177M->179M(512M) 15.798ms
[2020-08-01T12:04:34.989+0300][16.636s][info ][gc] GC(356) Concurrent Cycle
[2020-08-01T12:04:35.003+0300][16.650s][debug][gc] GC(356) Reclaimed 126 empty regions
[2020-08-01T12:04:35.003+0300][16.650s][info ][gc] GC(356) Pause Remark 228M->102M(512M) 0.483ms
[2020-08-01T12:04:35.024+0300][16.670s][info ][gc] GC(356) Pause Cleanup 141M->141M(512M) 0.067ms
[2020-08-01T12:04:35.024+0300][16.671s][info ][gc] GC(356) Concurrent Cycle 34.835ms
[2020-08-01T12:04:35.064+0300][16.711s][info ][gc] GC(357) Pause Young (Normal) (G1 Evacuation Pause) 160M->147M(512M) 32.740ms
[2020-08-01T12:04:35.124+0300][16.770s][info ][gc] GC(358) Pause Young (Concurrent Start) (G1 Humongous Allocation) 175M->176M(512M) 37.114ms
[2020-08-01T12:04:35.124+0300][16.770s][info ][gc] GC(359) Concurrent Cycle
[2020-08-01T12:04:35.141+0300][16.788s][debug][gc] GC(359) Reclaimed 122 empty regions
[2020-08-01T12:04:35.141+0300][16.788s][info ][gc] GC(359) Pause Remark 225M->103M(512M) 0.488ms
[2020-08-01T12:04:35.163+0300][16.809s][info ][gc] GC(359) Pause Cleanup 157M->157M(512M) 0.104ms
[2020-08-01T12:04:35.163+0300][16.809s][info ][gc] GC(359) Concurrent Cycle 39.145ms
[2020-08-01T12:04:35.198+0300][16.844s][info ][gc] GC(360) Pause Young (Normal) (G1 Evacuation Pause) 162M->150M(512M) 32.851ms
[2020-08-01T12:04:35.235+0300][16.881s][info ][gc] GC(361) Pause Young (Concurrent Start) (G1 Humongous Allocation) 177M->178M(512M) 16.217ms
[2020-08-01T12:04:35.235+0300][16.881s][info ][gc] GC(362) Concurrent Cycle
[2020-08-01T12:04:35.249+0300][16.895s][debug][gc] GC(362) Reclaimed 125 empty regions
[2020-08-01T12:04:35.249+0300][16.895s][info ][gc] GC(362) Pause Remark 226M->101M(512M) 0.492ms
[2020-08-01T12:04:35.270+0300][16.917s][info ][gc] GC(362) Pause Cleanup 153M->153M(512M) 0.105ms
[2020-08-01T12:04:35.271+0300][16.918s][info ][gc] GC(362) Concurrent Cycle 36.193ms
[2020-08-01T12:04:35.306+0300][16.952s][info ][gc] GC(363) Pause Young (Normal) (G1 Evacuation Pause) 160M->148M(512M) 32.425ms
[2020-08-01T12:04:35.359+0300][17.006s][info ][gc] GC(364) Pause Young (Concurrent Start) (G1 Humongous Allocation) 176M->176M(512M) 29.348ms
[2020-08-01T12:04:35.359+0300][17.006s][info ][gc] GC(365) Concurrent Cycle
[2020-08-01T12:04:35.375+0300][17.022s][debug][gc] GC(365) Reclaimed 123 empty regions
[2020-08-01T12:04:35.375+0300][17.022s][info ][gc] GC(365) Pause Remark 226M->103M(512M) 0.508ms
[2020-08-01T12:04:35.396+0300][17.043s][info ][gc] GC(365) Pause Cleanup 157M->157M(512M) 0.068ms
[2020-08-01T12:04:35.397+0300][17.044s][info ][gc] GC(365) Concurrent Cycle 37.950ms
[2020-08-01T12:04:35.431+0300][17.077s][info ][gc] GC(366) Pause Young (Normal) (G1 Evacuation Pause) 161M->149M(512M) 32.424ms
[2020-08-01T12:04:35.470+0300][17.117s][info ][gc] GC(367) Pause Young (Concurrent Start) (G1 Humongous Allocation) 176M->177M(512M) 16.734ms
[2020-08-01T12:04:35.470+0300][17.117s][info ][gc] GC(368) Concurrent Cycle
[2020-08-01T12:04:35.485+0300][17.131s][debug][gc] GC(368) Reclaimed 125 empty regions
[2020-08-01T12:04:35.485+0300][17.131s][info ][gc] GC(368) Pause Remark 227M->102M(512M) 0.519ms
[2020-08-01T12:04:35.506+0300][17.153s][info ][gc] GC(368) Pause Cleanup 155M->155M(512M) 0.074ms
[2020-08-01T12:04:35.507+0300][17.153s][info ][gc] GC(368) Concurrent Cycle 36.406ms
[2020-08-01T12:04:35.545+0300][17.191s][info ][gc] GC(369) Pause Young (Normal) (G1 Evacuation Pause) 159M->147M(512M) 36.451ms
[2020-08-01T12:04:35.598+0300][17.245s][info ][gc] GC(370) Pause Young (Concurrent Start) (G1 Humongous Allocation) 175M->176M(512M) 30.566ms
[2020-08-01T12:04:35.598+0300][17.245s][info ][gc] GC(371) Concurrent Cycle
[2020-08-01T12:04:35.615+0300][17.261s][debug][gc] GC(371) Reclaimed 122 empty regions
[2020-08-01T12:04:35.615+0300][17.261s][info ][gc] GC(371) Pause Remark 225M->103M(512M) 0.509ms
[2020-08-01T12:04:35.636+0300][17.283s][info ][gc] GC(371) Pause Cleanup 158M->158M(512M) 0.066ms
[2020-08-01T12:04:35.637+0300][17.283s][info ][gc] GC(371) Concurrent Cycle 38.596ms
[2020-08-01T12:04:35.672+0300][17.318s][info ][gc] GC(372) Pause Young (Normal) (G1 Evacuation Pause) 162M->150M(512M) 33.490ms
[2020-08-01T12:04:35.711+0300][17.358s][info ][gc] GC(373) Pause Young (Concurrent Start) (G1 Humongous Allocation) 177M->178M(512M) 15.742ms
[2020-08-01T12:04:35.711+0300][17.358s][info ][gc] GC(374) Concurrent Cycle
[2020-08-01T12:04:35.727+0300][17.374s][debug][gc] GC(374) Reclaimed 125 empty regions
[2020-08-01T12:04:35.727+0300][17.374s][info ][gc] GC(374) Pause Remark 227M->102M(512M) 0.618ms
[2020-08-01T12:04:35.750+0300][17.396s][info ][gc] GC(374) Pause Cleanup 153M->153M(512M) 0.132ms
[2020-08-01T12:04:35.751+0300][17.397s][info ][gc] GC(374) Concurrent Cycle 39.475ms
[2020-08-01T12:04:35.788+0300][17.435s][info ][gc] GC(375) Pause Young (Normal) (G1 Evacuation Pause) 160M->147M(512M) 34.356ms
[2020-08-01T12:04:35.832+0300][17.478s][info ][gc] GC(376) Pause Young (Concurrent Start) (G1 Humongous Allocation) 175M->177M(512M) 17.143ms
[2020-08-01T12:04:35.832+0300][17.478s][info ][gc] GC(377) Concurrent Cycle
[2020-08-01T12:04:35.847+0300][17.493s][debug][gc] GC(377) Reclaimed 123 empty regions
[2020-08-01T12:04:35.847+0300][17.493s][info ][gc] GC(377) Pause Remark 227M->104M(512M) 0.571ms
[2020-08-01T12:04:35.868+0300][17.514s][info ][gc] GC(377) Pause Cleanup 157M->157M(512M) 0.063ms
[2020-08-01T12:04:35.868+0300][17.515s][info ][gc] GC(377) Concurrent Cycle 36.594ms
[2020-08-01T12:04:35.904+0300][17.551s][info ][gc] GC(378) Pause Young (Normal) (G1 Evacuation Pause) 161M->148M(512M) 34.227ms
[2020-08-01T12:04:35.972+0300][17.618s][info ][gc] GC(379) Pause Young (Concurrent Start) (G1 Humongous Allocation) 176M->177M(512M) 32.815ms
[2020-08-01T12:04:35.972+0300][17.618s][info ][gc] GC(380) Concurrent Cycle
[2020-08-01T12:04:35.988+0300][17.635s][debug][gc] GC(380) Reclaimed 124 empty regions
[2020-08-01T12:04:35.988+0300][17.635s][info ][gc] GC(380) Pause Remark 227M->103M(512M) 0.499ms
[2020-08-01T12:04:36.011+0300][17.657s][info ][gc] GC(380) Pause Cleanup 158M->158M(512M) 0.066ms
[2020-08-01T12:04:36.011+0300][17.658s][info ][gc] GC(380) Concurrent Cycle 39.549ms
[2020-08-01T12:04:36.047+0300][17.693s][info ][gc] GC(381) Pause Young (Normal) (G1 Evacuation Pause) 160M->147M(512M) 35.058ms
[2020-08-01T12:04:36.107+0300][17.753s][info ][gc] GC(382) Pause Young (Concurrent Start) (G1 Humongous Allocation) 175M->177M(512M) 28.115ms
[2020-08-01T12:04:36.107+0300][17.753s][info ][gc] GC(383) Concurrent Cycle
[2020-08-01T12:04:36.122+0300][17.768s][debug][gc] GC(383) Reclaimed 123 empty regions
[2020-08-01T12:04:36.122+0300][17.769s][info ][gc] GC(383) Pause Remark 228M->105M(512M) 0.478ms
[2020-08-01T12:04:36.144+0300][17.790s][info ][gc] GC(383) Pause Cleanup 159M->159M(512M) 0.071ms
[2020-08-01T12:04:36.144+0300][17.791s][info ][gc] GC(383) Concurrent Cycle 37.125ms
[2020-08-01T12:04:36.177+0300][17.823s][info ][gc] GC(384) Pause Young (Normal) (G1 Evacuation Pause) 161M->148M(512M) 32.193ms
[2020-08-01T12:04:36.232+0300][17.879s][info ][gc] GC(385) Pause Young (Concurrent Start) (G1 Humongous Allocation) 176M->177M(512M) 29.668ms
[2020-08-01T12:04:36.233+0300][17.879s][info ][gc] GC(386) Concurrent Cycle
[2020-08-01T12:04:36.248+0300][17.894s][debug][gc] GC(386) Reclaimed 123 empty regions
[2020-08-01T12:04:36.248+0300][17.894s][info ][gc] GC(386) Pause Remark 227M->104M(512M) 0.514ms
[2020-08-01T12:04:36.269+0300][17.916s][info ][gc] GC(386) Pause Cleanup 157M->157M(512M) 0.075ms
[2020-08-01T12:04:36.270+0300][17.916s][info ][gc] GC(386) Concurrent Cycle 37.380ms
[2020-08-01T12:04:36.305+0300][17.951s][info ][gc] GC(387) Pause Young (Normal) (G1 Evacuation Pause) 161M->148M(512M) 32.804ms
[2020-08-01T12:04:36.374+0300][18.020s][info ][gc] GC(388) Pause Young (Concurrent Start) (G1 Humongous Allocation) 176M->177M(512M) 44.860ms
[2020-08-01T12:04:36.374+0300][18.020s][info ][gc] GC(389) Concurrent Cycle
[2020-08-01T12:04:36.391+0300][18.038s][debug][gc] GC(389) Reclaimed 124 empty regions
[2020-08-01T12:04:36.391+0300][18.038s][info ][gc] GC(389) Pause Remark 227M->103M(512M) 0.491ms
[2020-08-01T12:04:36.413+0300][18.059s][info ][gc] GC(389) Pause Cleanup 156M->156M(512M) 0.069ms
[2020-08-01T12:04:36.413+0300][18.060s][info ][gc] GC(389) Concurrent Cycle 39.336ms
[2020-08-01T12:04:36.448+0300][18.094s][info ][gc] GC(390) Pause Young (Normal) (G1 Evacuation Pause) 160M->147M(512M) 33.323ms
[2020-08-01T12:04:36.515+0300][18.161s][info ][gc] GC(391) Pause Young (Concurrent Start) (G1 Humongous Allocation) 175M->176M(512M) 43.666ms
[2020-08-01T12:04:36.515+0300][18.161s][info ][gc] GC(392) Concurrent Cycle
[2020-08-01T12:04:36.532+0300][18.179s][debug][gc] GC(392) Reclaimed 123 empty regions
[2020-08-01T12:04:36.532+0300][18.179s][info ][gc] GC(392) Pause Remark 226M->103M(512M) 0.555ms
[2020-08-01T12:04:36.554+0300][18.200s][info ][gc] GC(392) Pause Cleanup 157M->157M(512M) 0.079ms
[2020-08-01T12:04:36.555+0300][18.201s][info ][gc] GC(392) Concurrent Cycle 39.940ms
[2020-08-01T12:04:36.590+0300][18.236s][info ][gc] GC(393) Pause Young (Normal) (G1 Evacuation Pause) 161M->148M(512M) 33.647ms
[2020-08-01T12:04:36.644+0300][18.290s][info ][gc] GC(394) Pause Young (Concurrent Start) (G1 Humongous Allocation) 175M->177M(512M) 30.806ms
[2020-08-01T12:04:36.644+0300][18.290s][info ][gc] GC(395) Concurrent Cycle
[2020-08-01T12:04:36.662+0300][18.308s][debug][gc] GC(395) Reclaimed 124 empty regions
[2020-08-01T12:04:36.662+0300][18.308s][info ][gc] GC(395) Pause Remark 229M->105M(512M) 0.543ms
[2020-08-01T12:04:36.683+0300][18.329s][info ][gc] GC(395) Pause Cleanup 158M->158M(512M) 0.073ms
[2020-08-01T12:04:36.683+0300][18.330s][info ][gc] GC(395) Concurrent Cycle 39.878ms
[2020-08-01T12:04:36.717+0300][18.364s][info ][gc] GC(396) Pause Young (Normal) (G1 Evacuation Pause) 161M->148M(512M) 32.700ms
[2020-08-01T12:04:36.766+0300][18.412s][info ][gc] GC(397) Pause Young (Concurrent Start) (G1 Humongous Allocation) 175M->176M(512M) 16.034ms
[2020-08-01T12:04:36.766+0300][18.412s][info ][gc] GC(398) Concurrent Cycle
[2020-08-01T12:04:36.782+0300][18.428s][debug][gc] GC(398) Reclaimed 124 empty regions
[2020-08-01T12:04:36.782+0300][18.428s][info ][gc] GC(398) Pause Remark 226M->102M(512M) 0.483ms
[2020-08-01T12:04:36.803+0300][18.449s][info ][gc] GC(398) Pause Cleanup 155M->155M(512M) 0.075ms
[2020-08-01T12:04:36.803+0300][18.450s][info ][gc] GC(398) Concurrent Cycle 37.255ms
[2020-08-01T12:04:36.838+0300][18.485s][info ][gc] GC(399) Pause Young (Normal) (G1 Evacuation Pause) 160M->148M(512M) 32.992ms
[2020-08-01T12:04:36.919+0300][18.565s][info ][gc] GC(400) Pause Young (Concurrent Start) (G1 Humongous Allocation) 175M->176M(512M) 45.134ms
[2020-08-01T12:04:36.919+0300][18.566s][info ][gc] GC(401) Concurrent Cycle
[2020-08-01T12:04:36.937+0300][18.583s][debug][gc] GC(401) Reclaimed 119 empty regions
[2020-08-01T12:04:36.937+0300][18.583s][info ][gc] GC(401) Pause Remark 225M->106M(512M) 0.698ms
[2020-08-01T12:04:36.959+0300][18.606s][info ][gc] GC(401) Pause Cleanup 158M->158M(512M) 0.075ms
[2020-08-01T12:04:36.960+0300][18.606s][info ][gc] GC(401) Concurrent Cycle 40.559ms
[2020-08-01T12:04:36.996+0300][18.642s][info ][gc] GC(402) Pause Young (Normal) (G1 Evacuation Pause) 165M->153M(512M) 33.402ms
[2020-08-01T12:04:37.044+0300][18.691s][info ][gc] GC(403) Pause Young (Concurrent Start) (G1 Humongous Allocation) 180M->181M(512M) 15.590ms
[2020-08-01T12:04:37.044+0300][18.691s][info ][gc] GC(404) Concurrent Cycle
[2020-08-01T12:04:37.059+0300][18.705s][debug][gc] GC(404) Reclaimed 124 empty regions
[2020-08-01T12:04:37.059+0300][18.705s][info ][gc] GC(404) Pause Remark 230M->106M(512M) 0.633ms
[2020-08-01T12:04:37.080+0300][18.726s][info ][gc] GC(404) Pause Cleanup 159M->159M(512M) 0.085ms
[2020-08-01T12:04:37.080+0300][18.727s][info ][gc] GC(404) Concurrent Cycle 35.738ms
[2020-08-01T12:04:37.114+0300][18.760s][info ][gc] GC(405) Pause Young (Normal) (G1 Evacuation Pause) 163M->150M(512M) 32.292ms
[2020-08-01T12:04:37.170+0300][18.816s][info ][gc] GC(406) Pause Young (Concurrent Start) (G1 Humongous Allocation) 179M->180M(512M) 32.855ms
[2020-08-01T12:04:37.170+0300][18.816s][info ][gc] GC(407) Concurrent Cycle
[2020-08-01T12:04:37.186+0300][18.833s][debug][gc] GC(407) Reclaimed 121 empty regions
[2020-08-01T12:04:37.186+0300][18.833s][info ][gc] GC(407) Pause Remark 231M->110M(512M) 0.531ms
[2020-08-01T12:04:37.242+0300][18.889s][info ][gc] GC(408) Pause Young (Normal) (G1 Evacuation Pause) 165M->152M(512M) 33.554ms
[2020-08-01T12:04:37.243+0300][18.889s][info ][gc] GC(407) Pause Cleanup 154M->154M(512M) 0.078ms
[2020-08-01T12:04:37.244+0300][18.890s][info ][gc] GC(407) Concurrent Cycle 73.921ms
[2020-08-01T12:04:37.301+0300][18.948s][info ][gc] GC(409) Pause Young (Concurrent Start) (G1 Humongous Allocation) 181M->183M(512M) 25.782ms
[2020-08-01T12:04:37.302+0300][18.948s][info ][gc] GC(410) Concurrent Cycle
[2020-08-01T12:04:37.316+0300][18.963s][debug][gc] GC(410) Reclaimed 124 empty regions
[2020-08-01T12:04:37.316+0300][18.963s][info ][gc] GC(410) Pause Remark 234M->110M(512M) 0.481ms
[2020-08-01T12:04:37.373+0300][19.019s][info ][gc] GC(411) Pause Young (Normal) (G1 Evacuation Pause) 165M->152M(512M) 34.170ms
[2020-08-01T12:04:37.373+0300][19.019s][info ][gc] GC(410) Pause Cleanup 153M->153M(512M) 0.066ms
[2020-08-01T12:04:37.374+0300][19.020s][info ][gc] GC(410) Concurrent Cycle 72.175ms
[2020-08-01T12:04:37.442+0300][19.089s][info ][gc] GC(412) Pause Young (Concurrent Start) (G1 Humongous Allocation) 181M->182M(512M) 43.640ms
[2020-08-01T12:04:37.442+0300][19.089s][info ][gc] GC(413) Concurrent Cycle
[2020-08-01T12:04:37.458+0300][19.105s][debug][gc] GC(413) Reclaimed 124 empty regions
[2020-08-01T12:04:37.458+0300][19.105s][info ][gc] GC(413) Pause Remark 233M->109M(512M) 0.490ms
[2020-08-01T12:04:37.513+0300][19.159s][info ][gc] GC(414) Pause Young (Normal) (G1 Evacuation Pause) 164M->151M(512M) 32.503ms
[2020-08-01T12:04:37.513+0300][19.160s][info ][gc] GC(413) Pause Cleanup 153M->153M(512M) 0.083ms
[2020-08-01T12:04:37.514+0300][19.161s][info ][gc] GC(413) Concurrent Cycle 71.931ms
[2020-08-01T12:04:37.586+0300][19.232s][info ][gc] GC(415) Pause Young (Concurrent Start) (G1 Humongous Allocation) 180M->181M(512M) 46.996ms
[2020-08-01T12:04:37.586+0300][19.232s][info ][gc] GC(416) Concurrent Cycle
[2020-08-01T12:04:37.601+0300][19.248s][debug][gc] GC(416) Reclaimed 123 empty regions
[2020-08-01T12:04:37.601+0300][19.248s][info ][gc] GC(416) Pause Remark 231M->108M(512M) 0.487ms
[2020-08-01T12:04:37.623+0300][19.270s][info ][gc] GC(416) Pause Cleanup 162M->162M(512M) 0.075ms
[2020-08-01T12:04:37.624+0300][19.270s][info ][gc] GC(416) Concurrent Cycle 37.699ms
[2020-08-01T12:04:37.657+0300][19.303s][info ][gc] GC(417) Pause Young (Normal) (G1 Evacuation Pause) 164M->151M(512M) 32.532ms
[2020-08-01T12:04:37.710+0300][19.357s][info ][gc] GC(418) Pause Young (Concurrent Start) (G1 Humongous Allocation) 180M->180M(512M) 16.622ms
[2020-08-01T12:04:37.710+0300][19.357s][info ][gc] GC(419) Concurrent Cycle
[2020-08-01T12:04:37.727+0300][19.373s][debug][gc] GC(419) Reclaimed 122 empty regions
[2020-08-01T12:04:37.727+0300][19.373s][info ][gc] GC(419) Pause Remark 232M->110M(512M) 0.567ms
[2020-08-01T12:04:37.750+0300][19.396s][info ][gc] GC(419) Pause Cleanup 165M->165M(512M) 0.088ms
[2020-08-01T12:04:37.783+0300][19.430s][info ][gc] GC(420) Pause Young (Normal) (G1 Evacuation Pause) 165M->152M(512M) 33.036ms
[2020-08-01T12:04:37.784+0300][19.430s][info ][gc] GC(419) Concurrent Cycle 73.459ms
[2020-08-01T12:04:37.822+0300][19.468s][info ][gc] GC(421) Pause Young (Concurrent Start) (G1 Humongous Allocation) 180M->181M(512M) 16.443ms
[2020-08-01T12:04:37.822+0300][19.469s][info ][gc] GC(422) Concurrent Cycle
[2020-08-01T12:04:37.836+0300][19.483s][debug][gc] GC(422) Reclaimed 122 empty regions
[2020-08-01T12:04:37.836+0300][19.483s][info ][gc] GC(422) Pause Remark 231M->109M(512M) 0.494ms
[2020-08-01T12:04:37.858+0300][19.504s][info ][gc] GC(422) Pause Cleanup 163M->163M(512M) 0.081ms
[2020-08-01T12:04:37.859+0300][19.505s][info ][gc] GC(422) Concurrent Cycle 36.627ms
[2020-08-01T12:04:37.891+0300][19.538s][info ][gc] GC(423) Pause Young (Normal) (G1 Evacuation Pause) 165M->152M(512M) 32.224ms
[2020-08-01T12:04:37.957+0300][19.604s][info ][gc] GC(424) Pause Young (Concurrent Start) (G1 Humongous Allocation) 181M->183M(512M) 42.577ms
[2020-08-01T12:04:37.957+0300][19.604s][info ][gc] GC(425) Concurrent Cycle
[2020-08-01T12:04:37.975+0300][19.622s][debug][gc] GC(425) Reclaimed 121 empty regions
[2020-08-01T12:04:37.975+0300][19.622s][info ][gc] GC(425) Pause Remark 234M->113M(512M) 0.534ms
[2020-08-01T12:04:38.032+0300][19.678s][info ][gc] GC(426) Pause Young (Normal) (G1 Evacuation Pause) 168M->155M(512M) 33.428ms
[2020-08-01T12:04:38.032+0300][19.679s][info ][gc] GC(425) Pause Cleanup 156M->156M(512M) 0.088ms
[2020-08-01T12:04:38.033+0300][19.680s][info ][gc] GC(425) Concurrent Cycle 75.634ms
[2020-08-01T12:04:38.081+0300][19.727s][info ][gc] GC(427) Pause Young (Concurrent Start) (G1 Humongous Allocation) 184M->185M(512M) 25.237ms
[2020-08-01T12:04:38.081+0300][19.727s][info ][gc] GC(428) Concurrent Cycle
[2020-08-01T12:04:38.096+0300][19.742s][debug][gc] GC(428) Reclaimed 123 empty regions
[2020-08-01T12:04:38.096+0300][19.742s][info ][gc] GC(428) Pause Remark 236M->113M(512M) 0.523ms
[2020-08-01T12:04:38.151+0300][19.798s][info ][gc] GC(429) Pause Young (Normal) (G1 Evacuation Pause) 167M->153M(512M) 33.220ms
[2020-08-01T12:04:38.152+0300][19.798s][info ][gc] GC(428) Pause Cleanup 154M->154M(512M) 0.093ms
[2020-08-01T12:04:38.153+0300][19.799s][info ][gc] GC(428) Concurrent Cycle 71.740ms
[2020-08-01T12:04:38.213+0300][19.860s][info ][gc] GC(430) Pause Young (Concurrent Start) (G1 Humongous Allocation) 183M->185M(512M) 37.568ms
[2020-08-01T12:04:38.213+0300][19.860s][info ][gc] GC(431) Concurrent Cycle
[2020-08-01T12:04:38.228+0300][19.875s][debug][gc] GC(431) Reclaimed 122 empty regions
[2020-08-01T12:04:38.228+0300][19.875s][info ][gc] GC(431) Pause Remark 236M->114M(512M) 0.482ms
[2020-08-01T12:04:38.284+0300][19.930s][info ][gc] GC(432) Pause Young (Normal) (G1 Evacuation Pause) 168M->155M(512M) 33.263ms
[2020-08-01T12:04:38.285+0300][19.932s][info ][gc] GC(431) Pause Cleanup 159M->159M(512M) 0.080ms
[2020-08-01T12:04:38.286+0300][19.933s][info ][gc] GC(431) Concurrent Cycle 72.795ms
[2020-08-01T12:04:38.334+0300][19.980s][info ][gc] GC(433) Pause Young (Concurrent Start) (G1 Humongous Allocation) 185M->186M(512M) 26.022ms
[2020-08-01T12:04:38.334+0300][19.980s][info ][gc] GC(434) Concurrent Cycle
[2020-08-01T12:04:38.349+0300][19.995s][debug][gc] GC(434) Reclaimed 123 empty regions
[2020-08-01T12:04:38.349+0300][19.995s][info ][gc] GC(434) Pause Remark 237M->114M(512M) 0.500ms
[2020-08-01T12:04:38.403+0300][20.050s][info ][gc] GC(435) Pause Young (Normal) (G1 Evacuation Pause) 168M->155M(512M) 33.317ms
[2020-08-01T12:04:38.405+0300][20.051s][info ][gc] GC(434) Pause Cleanup 158M->158M(512M) 0.077ms
[2020-08-01T12:04:38.405+0300][20.052s][info ][gc] GC(434) Concurrent Cycle 71.631ms
[2020-08-01T12:04:38.470+0300][20.116s][info ][gc] GC(436) Pause Young (Concurrent Start) (G1 Humongous Allocation) 185M->187M(512M) 43.299ms
[2020-08-01T12:04:38.470+0300][20.117s][info ][gc] GC(437) Concurrent Cycle
[2020-08-01T12:04:38.485+0300][20.132s][debug][gc] GC(437) Reclaimed 124 empty regions
[2020-08-01T12:04:38.485+0300][20.132s][info ][gc] GC(437) Pause Remark 238M->114M(512M) 0.485ms
[2020-08-01T12:04:38.541+0300][20.188s][info ][gc] GC(438) Pause Young (Normal) (G1 Evacuation Pause) 167M->153M(512M) 33.586ms
[2020-08-01T12:04:38.542+0300][20.189s][info ][gc] GC(437) Pause Cleanup 155M->155M(512M) 0.110ms
[2020-08-01T12:04:38.543+0300][20.190s][info ][gc] GC(437) Concurrent Cycle 73.358ms
[2020-08-01T12:04:38.592+0300][20.238s][info ][gc] GC(439) Pause Young (Concurrent Start) (G1 Humongous Allocation) 184M->185M(512M) 26.037ms
[2020-08-01T12:04:38.592+0300][20.238s][info ][gc] GC(440) Concurrent Cycle
[2020-08-01T12:04:38.607+0300][20.254s][debug][gc] GC(440) Reclaimed 122 empty regions
[2020-08-01T12:04:38.607+0300][20.254s][info ][gc] GC(440) Pause Remark 237M->115M(512M) 0.492ms
[2020-08-01T12:04:38.661+0300][20.308s][info ][gc] GC(441) Pause Young (Normal) (G1 Evacuation Pause) 168M->155M(512M) 32.634ms
[2020-08-01T12:04:38.663+0300][20.310s][info ][gc] GC(440) Pause Cleanup 160M->160M(512M) 0.077ms
[2020-08-01T12:04:38.664+0300][20.310s][info ][gc] GC(440) Concurrent Cycle 72.056ms
[2020-08-01T12:04:38.709+0300][20.356s][info ][gc] GC(442) Pause Young (Concurrent Start) (G1 Humongous Allocation) 185M->185M(512M) 24.652ms
[2020-08-01T12:04:38.709+0300][20.356s][info ][gc] GC(443) Concurrent Cycle
[2020-08-01T12:04:38.725+0300][20.371s][debug][gc] GC(443) Reclaimed 124 empty regions
[2020-08-01T12:04:38.725+0300][20.371s][info ][gc] GC(443) Pause Remark 237M->113M(512M) 0.506ms
[2020-08-01T12:04:38.786+0300][20.433s][info ][gc] GC(444) Pause Young (Normal) (G1 Evacuation Pause) 166M->153M(512M) 38.749ms
[2020-08-01T12:04:38.788+0300][20.434s][info ][gc] GC(443) Pause Cleanup 155M->155M(512M) 0.146ms
[2020-08-01T12:04:38.788+0300][20.435s][info ][gc] GC(443) Concurrent Cycle 79.161ms
[2020-08-01T12:04:38.863+0300][20.509s][info ][gc] GC(445) Pause Young (Concurrent Start) (G1 Humongous Allocation) 183M->185M(512M) 47.758ms
[2020-08-01T12:04:38.863+0300][20.509s][info ][gc] GC(446) Concurrent Cycle
[2020-08-01T12:04:38.878+0300][20.524s][debug][gc] GC(446) Reclaimed 121 empty regions
[2020-08-01T12:04:38.878+0300][20.524s][info ][gc] GC(446) Pause Remark 236M->115M(512M) 0.517ms
[2020-08-01T12:04:38.933+0300][20.580s][info ][gc] GC(447) Pause Young (Normal) (G1 Evacuation Pause) 169M->157M(512M) 33.250ms
[2020-08-01T12:04:38.934+0300][20.580s][info ][gc] GC(446) Pause Cleanup 158M->158M(512M) 0.099ms
[2020-08-01T12:04:38.935+0300][20.581s][info ][gc] GC(446) Concurrent Cycle 72.191ms
[2020-08-01T12:04:39.032+0300][20.678s][info ][gc] GC(448) Pause Young (Concurrent Start) (G1 Humongous Allocation) 187M->188M(512M) 60.699ms
[2020-08-01T12:04:39.032+0300][20.678s][info ][gc] GC(449) Concurrent Cycle
[2020-08-01T12:04:39.051+0300][20.697s][debug][gc] GC(449) Reclaimed 123 empty regions
[2020-08-01T12:04:39.051+0300][20.697s][info ][gc] GC(449) Pause Remark 243M->120M(512M) 0.537ms
[2020-08-01T12:04:39.103+0300][20.749s][info ][gc] GC(450) Pause Young (Normal) (G1 Evacuation Pause) 169M->156M(512M) 32.093ms
[2020-08-01T12:04:39.106+0300][20.752s][info ][gc] GC(449) Pause Cleanup 163M->163M(512M) 0.093ms
[2020-08-01T12:04:39.107+0300][20.753s][info ][gc] GC(449) Concurrent Cycle 74.891ms
[2020-08-01T12:04:39.169+0300][20.816s][info ][gc] GC(451) Pause Young (Concurrent Start) (G1 Humongous Allocation) 187M->188M(512M) 42.610ms
[2020-08-01T12:04:39.169+0300][20.816s][info ][gc] GC(452) Concurrent Cycle
[2020-08-01T12:04:39.185+0300][20.832s][debug][gc] GC(452) Reclaimed 122 empty regions
[2020-08-01T12:04:39.185+0300][20.832s][info ][gc] GC(452) Pause Remark 241M->119M(512M) 0.512ms
[2020-08-01T12:04:39.238+0300][20.884s][info ][gc] GC(453) Pause Young (Normal) (G1 Evacuation Pause) 170M->157M(512M) 31.874ms
[2020-08-01T12:04:39.240+0300][20.887s][info ][gc] GC(452) Pause Cleanup 162M->162M(512M) 0.096ms
[2020-08-01T12:04:39.241+0300][20.887s][info ][gc] GC(452) Concurrent Cycle 71.263ms
[2020-08-01T12:04:39.310+0300][20.957s][info ][gc] GC(454) Pause Young (Concurrent Start) (G1 Humongous Allocation) 188M->189M(512M) 43.188ms
[2020-08-01T12:04:39.310+0300][20.957s][info ][gc] GC(455) Concurrent Cycle
[2020-08-01T12:04:39.328+0300][20.974s][debug][gc] GC(455) Reclaimed 123 empty regions
[2020-08-01T12:04:39.328+0300][20.974s][info ][gc] GC(455) Pause Remark 242M->119M(512M) 0.521ms
[2020-08-01T12:04:39.381+0300][21.027s][info ][gc] GC(456) Pause Young (Normal) (G1 Evacuation Pause) 170M->158M(512M) 33.015ms
[2020-08-01T12:04:39.384+0300][21.031s][info ][gc] GC(455) Pause Cleanup 166M->166M(512M) 0.095ms
[2020-08-01T12:04:39.385+0300][21.031s][info ][gc] GC(455) Concurrent Cycle 74.488ms
[2020-08-01T12:04:39.432+0300][21.078s][info ][gc] GC(457) Pause Young (Concurrent Start) (G1 Humongous Allocation) 189M->190M(512M) 25.284ms
[2020-08-01T12:04:39.432+0300][21.078s][info ][gc] GC(458) Concurrent Cycle
[2020-08-01T12:04:39.448+0300][21.094s][debug][gc] GC(458) Reclaimed 124 empty regions
[2020-08-01T12:04:39.448+0300][21.094s][info ][gc] GC(458) Pause Remark 242M->118M(512M) 0.549ms
[2020-08-01T12:04:39.500+0300][21.146s][info ][gc] GC(459) Pause Young (Normal) (G1 Evacuation Pause) 169M->157M(512M) 31.577ms
[2020-08-01T12:04:39.502+0300][21.149s][info ][gc] GC(458) Pause Cleanup 162M->162M(512M) 0.083ms
[2020-08-01T12:04:39.503+0300][21.149s][info ][gc] GC(458) Concurrent Cycle 70.683ms
[2020-08-01T12:04:39.592+0300][21.239s][info ][gc] GC(460) Pause Young (Concurrent Start) (G1 Humongous Allocation) 189M->190M(512M) 61.543ms
[2020-08-01T12:04:39.593+0300][21.239s][info ][gc] GC(461) Concurrent Cycle
[2020-08-01T12:04:39.610+0300][21.256s][debug][gc] GC(461) Reclaimed 123 empty regions
[2020-08-01T12:04:39.610+0300][21.256s][info ][gc] GC(461) Pause Remark 242M->119M(512M) 0.533ms
[2020-08-01T12:04:39.661+0300][21.307s][info ][gc] GC(462) Pause Young (Normal) (G1 Evacuation Pause) 170M->157M(512M) 31.003ms
[2020-08-01T12:04:39.664+0300][21.310s][info ][gc] GC(461) Pause Cleanup 165M->165M(512M) 0.093ms
[2020-08-01T12:04:39.666+0300][21.312s][info ][gc] GC(461) Concurrent Cycle 73.440ms
[2020-08-01T12:04:39.713+0300][21.360s][info ][gc] GC(463) Pause Young (Concurrent Start) (G1 Humongous Allocation) 189M->190M(512M) 25.838ms
[2020-08-01T12:04:39.713+0300][21.360s][info ][gc] GC(464) Concurrent Cycle
[2020-08-01T12:04:39.730+0300][21.376s][debug][gc] GC(464) Reclaimed 124 empty regions
[2020-08-01T12:04:39.730+0300][21.376s][info ][gc] GC(464) Pause Remark 244M->120M(512M) 0.500ms
[2020-08-01T12:04:39.785+0300][21.431s][info ][gc] GC(465) Pause Young (Normal) (G1 Evacuation Pause) 169M->156M(512M) 34.040ms
[2020-08-01T12:04:39.788+0300][21.435s][info ][gc] GC(464) Pause Cleanup 163M->163M(512M) 0.090ms
[2020-08-01T12:04:39.789+0300][21.435s][info ][gc] GC(464) Concurrent Cycle 75.443ms
[2020-08-01T12:04:39.866+0300][21.512s][info ][gc] GC(466) Pause Young (Concurrent Start) (G1 Humongous Allocation) 188M->189M(512M) 52.963ms
[2020-08-01T12:04:39.866+0300][21.512s][info ][gc] GC(467) Concurrent Cycle
[2020-08-01T12:04:39.883+0300][21.529s][debug][gc] GC(467) Reclaimed 119 empty regions
[2020-08-01T12:04:39.883+0300][21.529s][info ][gc] GC(467) Pause Remark 242M->123M(512M) 0.503ms
[2020-08-01T12:04:39.935+0300][21.581s][info ][gc] GC(468) Pause Young (Normal) (G1 Evacuation Pause) 173M->160M(512M) 31.713ms
[2020-08-01T12:04:39.938+0300][21.585s][info ][gc] GC(467) Pause Cleanup 168M->168M(512M) 0.087ms
[2020-08-01T12:04:39.939+0300][21.585s][info ][gc] GC(467) Concurrent Cycle 72.870ms
[2020-08-01T12:04:40.020+0300][21.666s][info ][gc] GC(469) Pause Young (Concurrent Start) (G1 Humongous Allocation) 192M->193M(512M) 52.858ms
[2020-08-01T12:04:40.020+0300][21.666s][info ][gc] GC(470) Concurrent Cycle
[2020-08-01T12:04:40.037+0300][21.683s][debug][gc] GC(470) Reclaimed 123 empty regions
[2020-08-01T12:04:40.037+0300][21.683s][info ][gc] GC(470) Pause Remark 246M->123M(512M) 0.538ms
[2020-08-01T12:04:40.088+0300][21.735s][info ][gc] GC(471) Pause Young (Normal) (G1 Evacuation Pause) 172M->160M(512M) 31.803ms
[2020-08-01T12:04:40.093+0300][21.739s][info ][gc] GC(470) Pause Cleanup 170M->170M(512M) 0.142ms
[2020-08-01T12:04:40.094+0300][21.740s][info ][gc] GC(470) Concurrent Cycle 73.918ms
[2020-08-01T12:04:40.185+0300][21.831s][info ][gc] GC(472) Pause Young (Concurrent Start) (G1 Humongous Allocation) 193M->194M(512M) 61.079ms
[2020-08-01T12:04:40.185+0300][21.832s][info ][gc] GC(473) Concurrent Cycle
[2020-08-01T12:04:40.203+0300][21.849s][debug][gc] GC(473) Reclaimed 123 empty regions
[2020-08-01T12:04:40.203+0300][21.849s][info ][gc] GC(473) Pause Remark 246M->123M(512M) 0.506ms
[2020-08-01T12:04:40.254+0300][21.901s][info ][gc] GC(474) Pause Young (Normal) (G1 Evacuation Pause) 173M->161M(512M) 31.274ms
[2020-08-01T12:04:40.258+0300][21.904s][info ][gc] GC(473) Pause Cleanup 170M->170M(512M) 0.093ms
[2020-08-01T12:04:40.258+0300][21.905s][info ][gc] GC(473) Concurrent Cycle 73.394ms
[2020-08-01T12:04:40.304+0300][21.950s][info ][gc] GC(475) Pause Young (Concurrent Start) (G1 Humongous Allocation) 194M->196M(512M) 25.382ms
[2020-08-01T12:04:40.304+0300][21.950s][info ][gc] GC(476) Concurrent Cycle
[2020-08-01T12:04:40.320+0300][21.967s][debug][gc] GC(476) Reclaimed 125 empty regions
[2020-08-01T12:04:40.320+0300][21.967s][info ][gc] GC(476) Pause Remark 249M->124M(512M) 0.597ms
[2020-08-01T12:04:40.371+0300][22.017s][info ][gc] GC(477) Pause Young (Normal) (G1 Evacuation Pause) 172M->160M(512M) 31.230ms
[2020-08-01T12:04:40.375+0300][22.022s][info ][gc] GC(476) Pause Cleanup 171M->171M(512M) 0.098ms
[2020-08-01T12:04:40.376+0300][22.022s][info ][gc] GC(476) Concurrent Cycle 71.664ms
[2020-08-01T12:04:40.445+0300][22.092s][info ][gc] GC(478) Pause Young (Concurrent Start) (G1 Humongous Allocation) 194M->196M(512M) 42.339ms
[2020-08-01T12:04:40.445+0300][22.092s][info ][gc] GC(479) Concurrent Cycle
[2020-08-01T12:04:40.462+0300][22.109s][debug][gc] GC(479) Reclaimed 122 empty regions
[2020-08-01T12:04:40.462+0300][22.109s][info ][gc] GC(479) Pause Remark 250M->128M(512M) 0.497ms
[2020-08-01T12:04:40.513+0300][22.159s][info ][gc] GC(480) Pause Young (Normal) (G1 Evacuation Pause) 175M->162M(512M) 31.540ms
[2020-08-01T12:04:40.517+0300][22.164s][info ][gc] GC(479) Pause Cleanup 173M->173M(512M) 0.088ms
[2020-08-01T12:04:40.518+0300][22.164s][info ][gc] GC(479) Concurrent Cycle 72.710ms
[2020-08-01T12:04:40.601+0300][22.247s][info ][gc] GC(481) Pause Young (Concurrent Start) (G1 Humongous Allocation) 196M->197M(512M) 56.672ms
[2020-08-01T12:04:40.601+0300][22.247s][info ][gc] GC(482) Concurrent Cycle
[2020-08-01T12:04:40.617+0300][22.264s][debug][gc] GC(482) Reclaimed 124 empty regions
[2020-08-01T12:04:40.617+0300][22.264s][info ][gc] GC(482) Pause Remark 251M->127M(512M) 0.506ms
[2020-08-01T12:04:40.668+0300][22.315s][info ][gc] GC(483) Pause Young (Normal) (G1 Evacuation Pause) 174M->163M(512M) 32.547ms
[2020-08-01T12:04:40.675+0300][22.322s][info ][gc] GC(482) Pause Cleanup 176M->176M(512M) 0.105ms
[2020-08-01T12:04:40.676+0300][22.322s][info ][gc] GC(482) Concurrent Cycle 75.358ms
[2020-08-01T12:04:40.725+0300][22.372s][info ][gc] GC(484) Pause Young (Concurrent Start) (G1 Humongous Allocation) 197M->199M(512M) 25.675ms
[2020-08-01T12:04:40.725+0300][22.372s][info ][gc] GC(485) Concurrent Cycle
[2020-08-01T12:04:40.743+0300][22.389s][debug][gc] GC(485) Reclaimed 124 empty regions
[2020-08-01T12:04:40.743+0300][22.389s][info ][gc] GC(485) Pause Remark 249M->125M(512M) 0.551ms
[2020-08-01T12:04:40.797+0300][22.443s][info ][gc] GC(486) Pause Young (Normal) (G1 Evacuation Pause) 176M->163M(512M) 32.351ms
[2020-08-01T12:04:40.800+0300][22.447s][info ][gc] GC(485) Pause Cleanup 170M->170M(512M) 0.095ms
[2020-08-01T12:04:40.801+0300][22.447s][info ][gc] GC(485) Concurrent Cycle 75.572ms
[2020-08-01T12:04:40.851+0300][22.497s][info ][gc] GC(487) Pause Young (Concurrent Start) (G1 Humongous Allocation) 197M->199M(512M) 27.443ms
[2020-08-01T12:04:40.851+0300][22.498s][info ][gc] GC(488) Concurrent Cycle
[2020-08-01T12:04:40.868+0300][22.514s][debug][gc] GC(488) Reclaimed 124 empty regions
[2020-08-01T12:04:40.868+0300][22.514s][info ][gc] GC(488) Pause Remark 254M->130M(512M) 0.526ms
[2020-08-01T12:04:40.920+0300][22.567s][info ][gc] GC(489) Pause Young (Normal) (G1 Evacuation Pause) 176M->164M(512M) 33.536ms
[2020-08-01T12:04:40.926+0300][22.572s][info ][gc] GC(488) Pause Cleanup 177M->177M(512M) 0.110ms
[2020-08-01T12:04:40.927+0300][22.573s][info ][gc] GC(488) Concurrent Cycle 75.657ms
[2020-08-01T12:04:41.024+0300][22.670s][info ][gc] GC(490) Pause Young (Prepare Mixed) (G1 Evacuation Pause) 275M->276M(512M) 51.184ms
[2020-08-01T12:04:41.088+0300][22.734s][info ][gc] GC(491) Pause Young (Mixed) (G1 Evacuation Pause) 288M->264M(512M) 59.079ms
[2020-08-01T12:04:41.143+0300][22.789s][info ][gc] GC(492) Pause Young (Concurrent Start) (G1 Humongous Allocation) 310M->310M(512M) 23.456ms
[2020-08-01T12:04:41.143+0300][22.790s][info ][gc] GC(493) Concurrent Cycle
[2020-08-01T12:04:41.162+0300][22.808s][debug][gc] GC(493) Reclaimed 254 empty regions
[2020-08-01T12:04:41.162+0300][22.809s][info ][gc] GC(493) Pause Remark 366M->112M(512M) 0.545ms
[2020-08-01T12:04:41.185+0300][22.832s][info ][gc] GC(494) Pause Young (Normal) (G1 Evacuation Pause) 122M->116M(512M) 19.090ms
[2020-08-01T12:04:41.210+0300][22.856s][info ][gc] GC(493) Pause Cleanup 177M->177M(512M) 0.080ms
[2020-08-01T12:04:41.210+0300][22.857s][info ][gc] GC(493) Concurrent Cycle 67.120ms
[2020-08-01T12:04:41.262+0300][22.909s][info ][gc] GC(495) Pause Young (Concurrent Start) (G1 Humongous Allocation) 185M->185M(512M) 33.626ms
[2020-08-01T12:04:41.262+0300][22.909s][info ][gc] GC(496) Concurrent Cycle
[2020-08-01T12:04:41.286+0300][22.933s][debug][gc] GC(496) Reclaimed 103 empty regions
[2020-08-01T12:04:41.286+0300][22.933s][info ][gc] GC(496) Pause Remark 258M->155M(512M) 0.488ms
[2020-08-01T12:04:41.333+0300][22.979s][info ][gc] GC(497) Pause Young (Normal) (G1 Evacuation Pause) 187M->173M(512M) 33.290ms
[2020-08-01T12:04:41.356+0300][23.003s][info ][gc] GC(496) Pause Cleanup 203M->203M(512M) 0.071ms
[2020-08-01T12:04:41.357+0300][23.003s][info ][gc] GC(496) Concurrent Cycle 94.219ms
[2020-08-01T12:04:41.393+0300][23.040s][info ][gc] GC(498) Pause Young (Concurrent Start) (G1 Humongous Allocation) 203M->205M(512M) 24.747ms
[2020-08-01T12:04:41.393+0300][23.040s][info ][gc] GC(499) Concurrent Cycle
[2020-08-01T12:04:41.409+0300][23.056s][debug][gc] GC(499) Reclaimed 155 empty regions
[2020-08-01T12:04:41.409+0300][23.056s][info ][gc] GC(499) Pause Remark 257M->102M(512M) 0.506ms
[2020-08-01T12:04:41.458+0300][23.105s][info ][gc] GC(500) Pause Young (Normal) (G1 Evacuation Pause) 148M->136M(512M) 30.626ms
[2020-08-01T12:04:41.462+0300][23.108s][info ][gc] GC(499) Pause Cleanup 146M->146M(512M) 0.065ms
[2020-08-01T12:04:41.463+0300][23.109s][info ][gc] GC(499) Concurrent Cycle 69.327ms
[2020-08-01T12:04:41.559+0300][23.206s][info ][gc] GC(501) Pause Young (Concurrent Start) (G1 Humongous Allocation) 173M->175M(512M) 65.373ms
[2020-08-01T12:04:41.559+0300][23.206s][info ][gc] GC(502) Concurrent Cycle
[2020-08-01T12:04:41.577+0300][23.223s][debug][gc] GC(502) Reclaimed 118 empty regions
[2020-08-01T12:04:41.577+0300][23.223s][info ][gc] GC(502) Pause Remark 230M->112M(512M) 0.524ms
[2020-08-01T12:04:41.633+0300][23.279s][info ][gc] GC(503) Pause Young (Normal) (G1 Evacuation Pause) 165M->152M(512M) 34.912ms
[2020-08-01T12:04:41.637+0300][23.283s][info ][gc] GC(502) Pause Cleanup 161M->161M(512M) 0.082ms
[2020-08-01T12:04:41.638+0300][23.284s][info ][gc] GC(502) Concurrent Cycle 78.241ms
[2020-08-01T12:04:41.693+0300][23.340s][info ][gc] GC(504) Pause Young (Concurrent Start) (G1 Humongous Allocation) 179M->180M(512M) 27.867ms
[2020-08-01T12:04:41.694+0300][23.340s][info ][gc] GC(505) Concurrent Cycle
[2020-08-01T12:04:41.708+0300][23.355s][debug][gc] GC(505) Reclaimed 133 empty regions
[2020-08-01T12:04:41.708+0300][23.355s][info ][gc] GC(505) Pause Remark 231M->98M(512M) 0.517ms
[2020-08-01T12:04:41.729+0300][23.376s][info ][gc] GC(505) Pause Cleanup 150M->150M(512M) 0.059ms
[2020-08-01T12:04:41.730+0300][23.376s][info ][gc] GC(505) Concurrent Cycle 36.532ms
[2020-08-01T12:04:41.764+0300][23.410s][info ][gc] GC(506) Pause Young (Normal) (G1 Evacuation Pause) 153M->140M(512M) 32.837ms
[2020-08-01T12:04:41.807+0300][23.454s][info ][gc] GC(507) Pause Young (Concurrent Start) (G1 Humongous Allocation) 169M->171M(512M) 16.599ms
[2020-08-01T12:04:41.807+0300][23.454s][info ][gc] GC(508) Concurrent Cycle
[2020-08-01T12:04:41.822+0300][23.469s][debug][gc] GC(508) Reclaimed 121 empty regions
[2020-08-01T12:04:41.822+0300][23.469s][info ][gc] GC(508) Pause Remark 222M->101M(512M) 0.535ms
[2020-08-01T12:04:41.844+0300][23.491s][info ][gc] GC(508) Pause Cleanup 157M->157M(512M) 0.062ms
[2020-08-01T12:04:41.845+0300][23.492s][info ][gc] GC(508) Concurrent Cycle 37.781ms
[2020-08-01T12:04:41.881+0300][23.527s][info ][gc] GC(509) Pause Young (Normal) (G1 Evacuation Pause) 160M->148M(512M) 34.644ms
[2020-08-01T12:04:41.962+0300][23.608s][info ][gc] GC(510) Pause Young (Concurrent Start) (G1 Humongous Allocation) 173M->174M(512M) 47.793ms
[2020-08-01T12:04:41.962+0300][23.608s][info ][gc] GC(511) Concurrent Cycle
[2020-08-01T12:04:41.980+0300][23.626s][debug][gc] GC(511) Reclaimed 128 empty regions
[2020-08-01T12:04:41.980+0300][23.626s][info ][gc] GC(511) Pause Remark 222M->94M(512M) 0.566ms
[2020-08-01T12:04:42.000+0300][23.647s][info ][gc] GC(511) Pause Cleanup 144M->144M(512M) 0.062ms
[2020-08-01T12:04:42.001+0300][23.647s][info ][gc] GC(511) Concurrent Cycle 39.298ms
[2020-08-01T12:04:42.038+0300][23.684s][info ][gc] GC(512) Pause Young (Normal) (G1 Evacuation Pause) 154M->141M(512M) 32.825ms
[2020-08-01T12:04:42.086+0300][23.732s][info ][gc] GC(513) Pause Young (Concurrent Start) (G1 Humongous Allocation) 168M->170M(512M) 15.397ms
[2020-08-01T12:04:42.086+0300][23.733s][info ][gc] GC(514) Concurrent Cycle
[2020-08-01T12:04:42.102+0300][23.749s][debug][gc] GC(514) Reclaimed 122 empty regions
[2020-08-01T12:04:42.102+0300][23.749s][info ][gc] GC(514) Pause Remark 220M->98M(512M) 0.555ms
[2020-08-01T12:04:42.123+0300][23.770s][info ][gc] GC(514) Pause Cleanup 149M->149M(512M) 0.063ms
[2020-08-01T12:04:42.124+0300][23.770s][info ][gc] GC(514) Concurrent Cycle 37.605ms
[2020-08-01T12:04:42.161+0300][23.807s][info ][gc] GC(515) Pause Young (Normal) (G1 Evacuation Pause) 158M->145M(512M) 33.947ms
[2020-08-01T12:04:42.234+0300][23.881s][info ][gc] GC(516) Pause Young (Concurrent Start) (G1 Humongous Allocation) 170M->172M(512M) 38.230ms
[2020-08-01T12:04:42.234+0300][23.881s][info ][gc] GC(517) Concurrent Cycle
[2020-08-01T12:04:42.251+0300][23.897s][debug][gc] GC(517) Reclaimed 126 empty regions
[2020-08-01T12:04:42.251+0300][23.897s][info ][gc] GC(517) Pause Remark 220M->94M(512M) 0.621ms
[2020-08-01T12:04:42.271+0300][23.918s][info ][gc] GC(517) Pause Cleanup 143M->143M(512M) 0.067ms
[2020-08-01T12:04:42.272+0300][23.918s][info ][gc] GC(517) Concurrent Cycle 37.485ms
[2020-08-01T12:04:42.311+0300][23.957s][info ][gc] GC(518) Pause Young (Normal) (G1 Evacuation Pause) 155M->142M(512M) 34.604ms
[2020-08-01T12:04:42.365+0300][24.011s][info ][gc] GC(519) Pause Young (Concurrent Start) (G1 Humongous Allocation) 168M->170M(512M) 30.123ms
[2020-08-01T12:04:42.365+0300][24.011s][info ][gc] GC(520) Concurrent Cycle
[2020-08-01T12:04:42.381+0300][24.027s][debug][gc] GC(520) Reclaimed 123 empty regions
[2020-08-01T12:04:42.381+0300][24.027s][info ][gc] GC(520) Pause Remark 219M->96M(512M) 0.581ms
[2020-08-01T12:04:42.401+0300][24.048s][info ][gc] GC(520) Pause Cleanup 147M->147M(512M) 0.059ms
[2020-08-01T12:04:42.402+0300][24.048s][info ][gc] GC(520) Concurrent Cycle 36.555ms
[2020-08-01T12:04:42.441+0300][24.088s][info ][gc] GC(521) Pause Young (Normal) (G1 Evacuation Pause) 157M->144M(512M) 35.667ms
[2020-08-01T12:04:42.490+0300][24.136s][info ][gc] GC(522) Pause Young (Concurrent Start) (G1 Humongous Allocation) 169M->170M(512M) 16.414ms
[2020-08-01T12:04:42.490+0300][24.137s][info ][gc] GC(523) Concurrent Cycle
[2020-08-01T12:04:42.505+0300][24.151s][debug][gc] GC(523) Reclaimed 125 empty regions
[2020-08-01T12:04:42.505+0300][24.151s][info ][gc] GC(523) Pause Remark 219M->94M(512M) 0.581ms
[2020-08-01T12:04:42.525+0300][24.171s][info ][gc] GC(523) Pause Cleanup 143M->143M(512M) 0.067ms
[2020-08-01T12:04:42.525+0300][24.172s][info ][gc] GC(523) Concurrent Cycle 35.208ms
[2020-08-01T12:04:42.566+0300][24.212s][info ][gc] GC(524) Pause Young (Normal) (G1 Evacuation Pause) 155M->142M(512M) 35.926ms
[2020-08-01T12:04:42.644+0300][24.290s][info ][gc] GC(525) Pause Young (Concurrent Start) (G1 Humongous Allocation) 167M->168M(512M) 44.706ms
[2020-08-01T12:04:42.644+0300][24.290s][info ][gc] GC(526) Concurrent Cycle
[2020-08-01T12:04:42.661+0300][24.308s][debug][gc] GC(526) Reclaimed 123 empty regions
[2020-08-01T12:04:42.661+0300][24.308s][info ][gc] GC(526) Pause Remark 217M->94M(512M) 0.586ms
[2020-08-01T12:04:42.683+0300][24.330s][info ][gc] GC(526) Pause Cleanup 144M->144M(512M) 0.063ms
[2020-08-01T12:04:42.684+0300][24.330s][info ][gc] GC(526) Concurrent Cycle 40.145ms
[2020-08-01T12:04:42.723+0300][24.369s][info ][gc] GC(527) Pause Young (Normal) (G1 Evacuation Pause) 155M->142M(512M) 35.048ms
[2020-08-01T12:04:42.759+0300][24.405s][info ][gc] GC(528) Pause Young (Concurrent Start) (G1 Humongous Allocation) 167M->168M(512M) 15.346ms
[2020-08-01T12:04:42.759+0300][24.405s][info ][gc] GC(529) Concurrent Cycle
[2020-08-01T12:04:42.775+0300][24.422s][debug][gc] GC(529) Reclaimed 123 empty regions
[2020-08-01T12:04:42.775+0300][24.422s][info ][gc] GC(529) Pause Remark 219M->96M(512M) 0.497ms
[2020-08-01T12:04:42.795+0300][24.441s][info ][gc] GC(529) Pause Cleanup 144M->144M(512M) 0.058ms
[2020-08-01T12:04:42.796+0300][24.442s][info ][gc] GC(529) Concurrent Cycle 36.494ms
[2020-08-01T12:04:42.834+0300][24.480s][info ][gc] GC(530) Pause Young (Normal) (G1 Evacuation Pause) 155M->143M(512M) 34.234ms
[2020-08-01T12:04:42.870+0300][24.516s][info ][gc] GC(531) Pause Young (Concurrent Start) (G1 Humongous Allocation) 168M->169M(512M) 15.385ms
[2020-08-01T12:04:42.870+0300][24.516s][info ][gc] GC(532) Concurrent Cycle
[2020-08-01T12:04:42.884+0300][24.531s][debug][gc] GC(532) Reclaimed 123 empty regions
[2020-08-01T12:04:42.884+0300][24.531s][info ][gc] GC(532) Pause Remark 217M->94M(512M) 0.496ms
[2020-08-01T12:04:42.904+0300][24.550s][info ][gc] GC(532) Pause Cleanup 142M->142M(512M) 0.082ms
[2020-08-01T12:04:42.905+0300][24.551s][info ][gc] GC(532) Concurrent Cycle 34.490ms
[2020-08-01T12:04:42.947+0300][24.593s][info ][gc] GC(533) Pause Young (Normal) (G1 Evacuation Pause) 156M->143M(512M) 37.301ms
[2020-08-01T12:04:42.984+0300][24.631s][info ][gc] GC(534) Pause Young (Concurrent Start) (G1 Humongous Allocation) 168M->168M(512M) 16.655ms
[2020-08-01T12:04:42.984+0300][24.631s][info ][gc] GC(535) Concurrent Cycle
[2020-08-01T12:04:42.999+0300][24.645s][debug][gc] GC(535) Reclaimed 123 empty regions
[2020-08-01T12:04:42.999+0300][24.646s][info ][gc] GC(535) Pause Remark 216M->93M(512M) 0.590ms
[2020-08-01T12:04:43.019+0300][24.665s][info ][gc] GC(535) Pause Cleanup 142M->142M(512M) 0.062ms
[2020-08-01T12:04:43.020+0300][24.666s][info ][gc] GC(535) Concurrent Cycle 35.195ms
[2020-08-01T12:04:43.060+0300][24.707s][info ][gc] GC(536) Pause Young (Normal) (G1 Evacuation Pause) 155M->143M(512M) 35.226ms
[2020-08-01T12:04:43.112+0300][24.758s][info ][gc] GC(537) Pause Young (Concurrent Start) (G1 Humongous Allocation) 168M->169M(512M) 29.115ms
[2020-08-01T12:04:43.112+0300][24.758s][info ][gc] GC(538) Concurrent Cycle
[2020-08-01T12:04:43.128+0300][24.775s][debug][gc] GC(538) Reclaimed 123 empty regions
[2020-08-01T12:04:43.128+0300][24.775s][info ][gc] GC(538) Pause Remark 217M->94M(512M) 0.526ms
[2020-08-01T12:04:43.148+0300][24.794s][info ][gc] GC(538) Pause Cleanup 142M->142M(512M) 0.065ms
[2020-08-01T12:04:43.148+0300][24.795s][info ][gc] GC(538) Concurrent Cycle 36.329ms
[2020-08-01T12:04:43.188+0300][24.834s][info ][gc] GC(539) Pause Young (Normal) (G1 Evacuation Pause) 156M->144M(512M) 34.026ms
[2020-08-01T12:04:43.223+0300][24.870s][info ][gc] GC(540) Pause Young (Concurrent Start) (G1 Humongous Allocation) 169M->170M(512M) 15.511ms
[2020-08-01T12:04:43.223+0300][24.870s][info ][gc] GC(541) Concurrent Cycle
[2020-08-01T12:04:43.237+0300][24.884s][debug][gc] GC(541) Reclaimed 124 empty regions
[2020-08-01T12:04:43.238+0300][24.884s][info ][gc] GC(541) Pause Remark 218M->94M(512M) 0.734ms
[2020-08-01T12:04:43.257+0300][24.903s][info ][gc] GC(541) Pause Cleanup 144M->144M(512M) 0.065ms
[2020-08-01T12:04:43.258+0300][24.904s][info ][gc] GC(541) Concurrent Cycle 34.328ms
[2020-08-01T12:04:43.296+0300][24.943s][info ][gc] GC(542) Pause Young (Normal) (G1 Evacuation Pause) 155M->142M(512M) 34.667ms
[2020-08-01T12:04:43.334+0300][24.980s][info ][gc] GC(543) Pause Young (Concurrent Start) (G1 Humongous Allocation) 168M->169M(512M) 15.981ms
[2020-08-01T12:04:43.334+0300][24.980s][info ][gc] GC(544) Concurrent Cycle
[2020-08-01T12:04:43.348+0300][24.994s][debug][gc] GC(544) Reclaimed 122 empty regions
[2020-08-01T12:04:43.348+0300][24.994s][info ][gc] GC(544) Pause Remark 217M->95M(512M) 0.547ms
[2020-08-01T12:04:43.369+0300][25.015s][info ][gc] GC(544) Pause Cleanup 147M->147M(512M) 0.072ms
[2020-08-01T12:04:43.369+0300][25.016s][info ][gc] GC(544) Concurrent Cycle 35.674ms
[2020-08-01T12:04:43.408+0300][25.055s][info ][gc] GC(545) Pause Young (Normal) (G1 Evacuation Pause) 157M->144M(512M) 35.111ms
[2020-08-01T12:04:43.444+0300][25.091s][info ][gc] GC(546) Pause Young (Concurrent Start) (G1 Humongous Allocation) 169M->171M(512M) 15.565ms
[2020-08-01T12:04:43.444+0300][25.091s][info ][gc] GC(547) Concurrent Cycle
[2020-08-01T12:04:43.458+0300][25.105s][debug][gc] GC(547) Reclaimed 125 empty regions
[2020-08-01T12:04:43.458+0300][25.105s][info ][gc] GC(547) Pause Remark 219M->94M(512M) 0.531ms
[2020-08-01T12:04:43.478+0300][25.124s][info ][gc] GC(547) Pause Cleanup 142M->142M(512M) 0.071ms
[2020-08-01T12:04:43.479+0300][25.125s][info ][gc] GC(547) Concurrent Cycle 34.431ms
[2020-08-01T12:04:43.518+0300][25.165s][info ][gc] GC(548) Pause Young (Normal) (G1 Evacuation Pause) 155M->142M(512M) 34.787ms
[2020-08-01T12:04:43.554+0300][25.201s][info ][gc] GC(549) Pause Young (Concurrent Start) (G1 Humongous Allocation) 168M->170M(512M) 15.533ms
[2020-08-01T12:04:43.554+0300][25.201s][info ][gc] GC(550) Concurrent Cycle
[2020-08-01T12:04:43.568+0300][25.215s][debug][gc] GC(550) Reclaimed 122 empty regions
[2020-08-01T12:04:43.568+0300][25.215s][info ][gc] GC(550) Pause Remark 219M->97M(512M) 0.511ms
[2020-08-01T12:04:43.589+0300][25.235s][info ][gc] GC(550) Pause Cleanup 146M->146M(512M) 0.112ms
[2020-08-01T12:04:43.589+0300][25.236s][info ][gc] GC(550) Concurrent Cycle 35.021ms
[2020-08-01T12:04:43.629+0300][25.275s][info ][gc] GC(551) Pause Young (Normal) (G1 Evacuation Pause) 158M->145M(512M) 35.028ms
[2020-08-01T12:04:43.666+0300][25.313s][info ][gc] GC(552) Pause Young (Concurrent Start) (G1 Humongous Allocation) 170M->171M(512M) 15.444ms
[2020-08-01T12:04:43.666+0300][25.313s][info ][gc] GC(553) Concurrent Cycle
[2020-08-01T12:04:43.680+0300][25.327s][debug][gc] GC(553) Reclaimed 124 empty regions
[2020-08-01T12:04:43.680+0300][25.327s][info ][gc] GC(553) Pause Remark 219M->95M(512M) 0.525ms
[2020-08-01T12:04:43.700+0300][25.346s][info ][gc] GC(553) Pause Cleanup 145M->145M(512M) 0.068ms
[2020-08-01T12:04:43.700+0300][25.347s][info ][gc] GC(553) Concurrent Cycle 34.296ms
[2020-08-01T12:04:43.739+0300][25.386s][info ][gc] GC(554) Pause Young (Normal) (G1 Evacuation Pause) 156M->144M(512M) 34.444ms
[2020-08-01T12:04:43.778+0300][25.425s][info ][gc] GC(555) Pause Young (Concurrent Start) (G1 Humongous Allocation) 170M->171M(512M) 16.541ms
[2020-08-01T12:04:43.778+0300][25.425s][info ][gc] GC(556) Concurrent Cycle
[2020-08-01T12:04:43.793+0300][25.439s][debug][gc] GC(556) Reclaimed 123 empty regions
[2020-08-01T12:04:43.793+0300][25.439s][info ][gc] GC(556) Pause Remark 217M->94M(512M) 0.533ms
[2020-08-01T12:04:43.813+0300][25.460s][info ][gc] GC(556) Pause Cleanup 144M->144M(512M) 0.081ms
[2020-08-01T12:04:43.814+0300][25.460s][info ][gc] GC(556) Concurrent Cycle 35.461ms
[2020-08-01T12:04:43.853+0300][25.500s][info ][gc] GC(557) Pause Young (Normal) (G1 Evacuation Pause) 157M->144M(512M) 34.715ms
[2020-08-01T12:04:43.889+0300][25.535s][info ][gc] GC(558) Pause Young (Concurrent Start) (G1 Humongous Allocation) 170M->171M(512M) 15.245ms
[2020-08-01T12:04:43.889+0300][25.535s][info ][gc] GC(559) Concurrent Cycle
[2020-08-01T12:04:43.903+0300][25.549s][debug][gc] GC(559) Reclaimed 120 empty regions
[2020-08-01T12:04:43.903+0300][25.549s][info ][gc] GC(559) Pause Remark 220M->100M(512M) 0.554ms
[2020-08-01T12:04:43.923+0300][25.570s][info ][gc] GC(559) Pause Cleanup 151M->151M(512M) 0.066ms
[2020-08-01T12:04:43.924+0300][25.570s][info ][gc] GC(559) Concurrent Cycle 34.913ms
[2020-08-01T12:04:43.961+0300][25.608s][info ][gc] GC(560) Pause Young (Normal) (G1 Evacuation Pause) 160M->147M(512M) 34.021ms
[2020-08-01T12:04:43.999+0300][25.645s][info ][gc] GC(561) Pause Young (Concurrent Start) (G1 Humongous Allocation) 173M->175M(512M) 16.140ms
[2020-08-01T12:04:43.999+0300][25.645s][info ][gc] GC(562) Concurrent Cycle
[2020-08-01T12:04:44.013+0300][25.660s][debug][gc] GC(562) Reclaimed 124 empty regions
[2020-08-01T12:04:44.013+0300][25.660s][info ][gc] GC(562) Pause Remark 224M->100M(512M) 0.609ms
[2020-08-01T12:04:44.034+0300][25.680s][info ][gc] GC(562) Pause Cleanup 150M->150M(512M) 0.073ms
[2020-08-01T12:04:44.035+0300][25.681s][info ][gc] GC(562) Concurrent Cycle 35.599ms
[2020-08-01T12:04:44.072+0300][25.719s][info ][gc] GC(563) Pause Young (Normal) (G1 Evacuation Pause) 159M->146M(512M) 34.430ms
[2020-08-01T12:04:44.126+0300][25.773s][info ][gc] GC(564) Pause Young (Concurrent Start) (G1 Humongous Allocation) 173M->174M(512M) 31.406ms
[2020-08-01T12:04:44.126+0300][25.773s][info ][gc] GC(565) Concurrent Cycle
[2020-08-01T12:04:44.143+0300][25.790s][debug][gc] GC(565) Reclaimed 122 empty regions
[2020-08-01T12:04:44.143+0300][25.790s][info ][gc] GC(565) Pause Remark 223M->101M(512M) 0.621ms
[2020-08-01T12:04:44.164+0300][25.810s][info ][gc] GC(565) Pause Cleanup 152M->152M(512M) 0.075ms
[2020-08-01T12:04:44.165+0300][25.811s][info ][gc] GC(565) Concurrent Cycle 38.304ms
[2020-08-01T12:04:44.201+0300][25.848s][info ][gc] GC(566) Pause Young (Normal) (G1 Evacuation Pause) 160M->148M(512M) 33.791ms
[2020-08-01T12:04:44.239+0300][25.886s][info ][gc] GC(567) Pause Young (Concurrent Start) (G1 Humongous Allocation) 175M->176M(512M) 15.902ms
[2020-08-01T12:04:44.240+0300][25.886s][info ][gc] GC(568) Concurrent Cycle
[2020-08-01T12:04:44.254+0300][25.901s][debug][gc] GC(568) Reclaimed 124 empty regions
[2020-08-01T12:04:44.254+0300][25.901s][info ][gc] GC(568) Pause Remark 225M->101M(512M) 0.716ms
[2020-08-01T12:04:44.275+0300][25.921s][info ][gc] GC(568) Pause Cleanup 153M->153M(512M) 0.068ms
[2020-08-01T12:04:44.275+0300][25.922s][info ][gc] GC(568) Concurrent Cycle 35.903ms
[2020-08-01T12:04:44.312+0300][25.959s][info ][gc] GC(569) Pause Young (Normal) (G1 Evacuation Pause) 160M->147M(512M) 34.425ms
[2020-08-01T12:04:44.354+0300][26.000s][info ][gc] GC(570) Pause Young (Concurrent Start) (G1 Humongous Allocation) 174M->176M(512M) 20.294ms
[2020-08-01T12:04:44.354+0300][26.000s][info ][gc] GC(571) Concurrent Cycle
[2020-08-01T12:04:44.369+0300][26.015s][debug][gc] GC(571) Reclaimed 124 empty regions
[2020-08-01T12:04:44.369+0300][26.015s][info ][gc] GC(571) Pause Remark 226M->102M(512M) 0.538ms
[2020-08-01T12:04:44.390+0300][26.036s][info ][gc] GC(571) Pause Cleanup 154M->154M(512M) 0.070ms
[2020-08-01T12:04:44.390+0300][26.037s][info ][gc] GC(571) Concurrent Cycle 36.424ms
[2020-08-01T12:04:44.428+0300][26.074s][info ][gc] GC(572) Pause Young (Normal) (G1 Evacuation Pause) 160M->147M(512M) 35.423ms
[2020-08-01T12:04:44.467+0300][26.113s][info ][gc] GC(573) Pause Young (Concurrent Start) (G1 Humongous Allocation) 174M->175M(512M) 17.392ms
[2020-08-01T12:04:44.467+0300][26.114s][info ][gc] GC(574) Concurrent Cycle
[2020-08-01T12:04:44.482+0300][26.128s][debug][gc] GC(574) Reclaimed 123 empty regions
[2020-08-01T12:04:44.482+0300][26.128s][info ][gc] GC(574) Pause Remark 224M->101M(512M) 0.570ms
[2020-08-01T12:04:44.503+0300][26.149s][info ][gc] GC(574) Pause Cleanup 151M->151M(512M) 0.073ms
[2020-08-01T12:04:44.503+0300][26.150s][info ][gc] GC(574) Concurrent Cycle 35.973ms
[2020-08-01T12:04:44.541+0300][26.187s][info ][gc] GC(575) Pause Young (Normal) (G1 Evacuation Pause) 160M->148M(512M) 34.234ms
[2020-08-01T12:04:44.579+0300][26.225s][info ][gc] GC(576) Pause Young (Concurrent Start) (G1 Humongous Allocation) 175M->176M(512M) 15.934ms
[2020-08-01T12:04:44.579+0300][26.225s][info ][gc] GC(577) Concurrent Cycle
[2020-08-01T12:04:44.594+0300][26.240s][debug][gc] GC(577) Reclaimed 123 empty regions
[2020-08-01T12:04:44.594+0300][26.240s][info ][gc] GC(577) Pause Remark 226M->103M(512M) 0.539ms
[2020-08-01T12:04:44.615+0300][26.261s][info ][gc] GC(577) Pause Cleanup 155M->155M(512M) 0.067ms
[2020-08-01T12:04:44.615+0300][26.262s][info ][gc] GC(577) Concurrent Cycle 36.745ms
[2020-08-01T12:04:44.652+0300][26.298s][info ][gc] GC(578) Pause Young (Normal) (G1 Evacuation Pause) 161M->148M(512M) 34.252ms
[2020-08-01T12:04:44.691+0300][26.338s][info ][gc] GC(579) Pause Young (Concurrent Start) (G1 Humongous Allocation) 175M->176M(512M) 16.748ms
[2020-08-01T12:04:44.691+0300][26.338s][info ][gc] GC(580) Concurrent Cycle
[2020-08-01T12:04:44.706+0300][26.353s][debug][gc] GC(580) Reclaimed 123 empty regions
[2020-08-01T12:04:44.706+0300][26.353s][info ][gc] GC(580) Pause Remark 225M->102M(512M) 0.624ms
[2020-08-01T12:04:44.728+0300][26.374s][info ][gc] GC(580) Pause Cleanup 155M->155M(512M) 0.079ms
[2020-08-01T12:04:44.728+0300][26.374s][info ][gc] GC(580) Concurrent Cycle 36.596ms
[2020-08-01T12:04:44.765+0300][26.412s][info ][gc] GC(581) Pause Young (Normal) (G1 Evacuation Pause) 161M->148M(512M) 35.195ms
[2020-08-01T12:04:44.811+0300][26.457s][info ][gc] GC(582) Pause Young (Concurrent Start) (G1 Humongous Allocation) 175M->176M(512M) 17.064ms
[2020-08-01T12:04:44.811+0300][26.457s][info ][gc] GC(583) Concurrent Cycle
[2020-08-01T12:04:44.825+0300][26.472s][debug][gc] GC(583) Reclaimed 123 empty regions
[2020-08-01T12:04:44.825+0300][26.472s][info ][gc] GC(583) Pause Remark 225M->102M(512M) 0.496ms
[2020-08-01T12:04:44.846+0300][26.492s][info ][gc] GC(583) Pause Cleanup 154M->154M(512M) 0.081ms
[2020-08-01T12:04:44.846+0300][26.493s][info ][gc] GC(583) Concurrent Cycle 35.613ms
[2020-08-01T12:04:44.882+0300][26.529s][info ][gc] GC(584) Pause Young (Normal) (G1 Evacuation Pause) 161M->148M(512M) 33.238ms
[2020-08-01T12:04:44.967+0300][26.613s][info ][gc] GC(585) Pause Young (Concurrent Start) (G1 Humongous Allocation) 175M->176M(512M) 48.179ms
[2020-08-01T12:04:44.967+0300][26.614s][info ][gc] GC(586) Concurrent Cycle
[2020-08-01T12:04:44.985+0300][26.632s][debug][gc] GC(586) Reclaimed 121 empty regions
[2020-08-01T12:04:44.986+0300][26.632s][info ][gc] GC(586) Pause Remark 225M->104M(512M) 0.546ms
[2020-08-01T12:04:45.007+0300][26.653s][info ][gc] GC(586) Pause Cleanup 156M->156M(512M) 0.082ms
[2020-08-01T12:04:45.007+0300][26.654s][info ][gc] GC(586) Concurrent Cycle 40.181ms
[2020-08-01T12:04:45.044+0300][26.691s][info ][gc] GC(587) Pause Young (Normal) (G1 Evacuation Pause) 163M->150M(512M) 34.002ms
[2020-08-01T12:04:45.092+0300][26.739s][info ][gc] GC(588) Pause Young (Concurrent Start) (G1 Humongous Allocation) 177M->178M(512M) 17.884ms
[2020-08-01T12:04:45.093+0300][26.739s][info ][gc] GC(589) Concurrent Cycle
[2020-08-01T12:04:45.110+0300][26.756s][debug][gc] GC(589) Reclaimed 124 empty regions
[2020-08-01T12:04:45.110+0300][26.756s][info ][gc] GC(589) Pause Remark 230M->106M(512M) 0.765ms
[2020-08-01T12:04:45.131+0300][26.777s][info ][gc] GC(589) Pause Cleanup 158M->158M(512M) 0.067ms
[2020-08-01T12:04:45.132+0300][26.778s][info ][gc] GC(589) Concurrent Cycle 38.901ms
[2020-08-01T12:04:45.168+0300][26.815s][info ][gc] GC(590) Pause Young (Normal) (G1 Evacuation Pause) 161M->149M(512M) 35.730ms
[2020-08-01T12:04:45.217+0300][26.863s][info ][gc] GC(591) Pause Young (Concurrent Start) (G1 Humongous Allocation) 177M->178M(512M) 17.316ms
[2020-08-01T12:04:45.217+0300][26.864s][info ][gc] GC(592) Concurrent Cycle
[2020-08-01T12:04:45.232+0300][26.879s][debug][gc] GC(592) Reclaimed 123 empty regions
[2020-08-01T12:04:45.232+0300][26.879s][info ][gc] GC(592) Pause Remark 227M->104M(512M) 0.502ms
[2020-08-01T12:04:45.253+0300][26.900s][info ][gc] GC(592) Pause Cleanup 156M->156M(512M) 0.137ms
[2020-08-01T12:04:45.254+0300][26.901s][info ][gc] GC(592) Concurrent Cycle 37.017ms
[2020-08-01T12:04:45.291+0300][26.937s][info ][gc] GC(593) Pause Young (Normal) (G1 Evacuation Pause) 162M->150M(512M) 34.561ms
[2020-08-01T12:04:45.341+0300][26.988s][info ][gc] GC(594) Pause Young (Concurrent Start) (G1 Humongous Allocation) 178M->179M(512M) 16.567ms
[2020-08-01T12:04:45.341+0300][26.988s][info ][gc] GC(595) Concurrent Cycle
[2020-08-01T12:04:45.356+0300][27.002s][debug][gc] GC(595) Reclaimed 123 empty regions
[2020-08-01T12:04:45.356+0300][27.003s][info ][gc] GC(595) Pause Remark 230M->107M(512M) 0.510ms
[2020-08-01T12:04:45.377+0300][27.024s][info ][gc] GC(595) Pause Cleanup 159M->159M(512M) 0.080ms
[2020-08-01T12:04:45.378+0300][27.024s][info ][gc] GC(595) Concurrent Cycle 36.640ms
[2020-08-01T12:04:45.414+0300][27.060s][info ][gc] GC(596) Pause Young (Normal) (G1 Evacuation Pause) 163M->150M(512M) 34.284ms
[2020-08-01T12:04:45.501+0300][27.147s][info ][gc] GC(597) Pause Young (Concurrent Start) (G1 Humongous Allocation) 178M->179M(512M) 52.163ms
[2020-08-01T12:04:45.501+0300][27.148s][info ][gc] GC(598) Concurrent Cycle
[2020-08-01T12:04:45.519+0300][27.165s][debug][gc] GC(598) Reclaimed 122 empty regions
[2020-08-01T12:04:45.519+0300][27.165s][info ][gc] GC(598) Pause Remark 229M->107M(512M) 0.528ms
[2020-08-01T12:04:45.540+0300][27.186s][info ][gc] GC(598) Pause Cleanup 159M->159M(512M) 0.069ms
[2020-08-01T12:04:45.540+0300][27.187s][info ][gc] GC(598) Concurrent Cycle 39.313ms
[2020-08-01T12:04:45.576+0300][27.223s][info ][gc] GC(599) Pause Young (Normal) (G1 Evacuation Pause) 164M->152M(512M) 34.240ms
[2020-08-01T12:04:45.629+0300][27.276s][info ][gc] GC(600) Pause Young (Concurrent Start) (G1 Humongous Allocation) 180M->181M(512M) 26.601ms
[2020-08-01T12:04:45.629+0300][27.276s][info ][gc] GC(601) Concurrent Cycle
[2020-08-01T12:04:45.646+0300][27.292s][debug][gc] GC(601) Reclaimed 124 empty regions
[2020-08-01T12:04:45.646+0300][27.292s][info ][gc] GC(601) Pause Remark 231M->107M(512M) 0.508ms
[2020-08-01T12:04:45.668+0300][27.315s][info ][gc] GC(601) Pause Cleanup 161M->161M(512M) 0.069ms
[2020-08-01T12:04:45.669+0300][27.315s][info ][gc] GC(601) Concurrent Cycle 39.509ms
[2020-08-01T12:04:45.705+0300][27.351s][info ][gc] GC(602) Pause Young (Normal) (G1 Evacuation Pause) 163M->150M(512M) 35.104ms
[2020-08-01T12:04:45.744+0300][27.390s][info ][gc] GC(603) Pause Young (Concurrent Start) (G1 Humongous Allocation) 179M->180M(512M) 16.098ms
[2020-08-01T12:04:45.744+0300][27.390s][info ][gc] GC(604) Concurrent Cycle
[2020-08-01T12:04:45.759+0300][27.406s][debug][gc] GC(604) Reclaimed 122 empty regions
[2020-08-01T12:04:45.759+0300][27.406s][info ][gc] GC(604) Pause Remark 230M->108M(512M) 0.506ms
[2020-08-01T12:04:45.781+0300][27.428s][info ][gc] GC(604) Pause Cleanup 161M->161M(512M) 0.101ms
[2020-08-01T12:04:45.782+0300][27.429s][info ][gc] GC(604) Concurrent Cycle 38.341ms
[2020-08-01T12:04:45.819+0300][27.466s][info ][gc] GC(605) Pause Young (Normal) (G1 Evacuation Pause) 164M->151M(512M) 36.390ms
[2020-08-01T12:04:45.870+0300][27.516s][info ][gc] GC(606) Pause Young (Concurrent Start) (G1 Humongous Allocation) 180M->181M(512M) 17.180ms
[2020-08-01T12:04:45.870+0300][27.516s][info ][gc] GC(607) Concurrent Cycle
[2020-08-01T12:04:45.886+0300][27.532s][debug][gc] GC(607) Reclaimed 123 empty regions
[2020-08-01T12:04:45.886+0300][27.532s][info ][gc] GC(607) Pause Remark 233M->110M(512M) 0.671ms
[2020-08-01T12:04:45.941+0300][27.587s][info ][gc] GC(608) Pause Young (Normal) (G1 Evacuation Pause) 164M->151M(512M) 33.247ms
[2020-08-01T12:04:45.942+0300][27.588s][info ][gc] GC(607) Pause Cleanup 154M->154M(512M) 0.084ms
[2020-08-01T12:04:45.942+0300][27.589s][info ][gc] GC(607) Concurrent Cycle 72.463ms
[2020-08-01T12:04:46.038+0300][27.685s][info ][gc] GC(609) Pause Young (Concurrent Start) (G1 Humongous Allocation) 180M->181M(512M) 61.571ms
[2020-08-01T12:04:46.038+0300][27.685s][info ][gc] GC(610) Concurrent Cycle
[2020-08-01T12:04:46.054+0300][27.701s][debug][gc] GC(610) Reclaimed 124 empty regions
[2020-08-01T12:04:46.054+0300][27.701s][info ][gc] GC(610) Pause Remark 231M->107M(512M) 0.647ms
[2020-08-01T12:04:46.077+0300][27.723s][info ][gc] GC(610) Pause Cleanup 163M->163M(512M) 0.096ms
[2020-08-01T12:04:46.110+0300][27.756s][info ][gc] GC(611) Pause Young (Normal) (G1 Evacuation Pause) 163M->150M(512M) 32.649ms
[2020-08-01T12:04:46.110+0300][27.757s][info ][gc] GC(610) Concurrent Cycle 71.875ms
[2020-08-01T12:04:46.176+0300][27.822s][info ][gc] GC(612) Pause Young (Concurrent Start) (G1 Humongous Allocation) 179M->180M(512M) 41.956ms
[2020-08-01T12:04:46.176+0300][27.822s][info ][gc] GC(613) Concurrent Cycle
[2020-08-01T12:04:46.193+0300][27.840s][debug][gc] GC(613) Reclaimed 123 empty regions
[2020-08-01T12:04:46.193+0300][27.840s][info ][gc] GC(613) Pause Remark 231M->108M(512M) 0.559ms
[2020-08-01T12:04:46.215+0300][27.862s][info ][gc] GC(613) Pause Cleanup 162M->162M(512M) 0.071ms
[2020-08-01T12:04:46.216+0300][27.862s][info ][gc] GC(613) Concurrent Cycle 39.970ms
[2020-08-01T12:04:46.251+0300][27.897s][info ][gc] GC(614) Pause Young (Normal) (G1 Evacuation Pause) 164M->151M(512M) 34.256ms
[2020-08-01T12:04:46.333+0300][27.980s][info ][gc] GC(615) Pause Young (Concurrent Start) (G1 Humongous Allocation) 179M->180M(512M) 47.377ms
[2020-08-01T12:04:46.333+0300][27.980s][info ][gc] GC(616) Concurrent Cycle
[2020-08-01T12:04:46.352+0300][27.998s][debug][gc] GC(616) Reclaimed 124 empty regions
[2020-08-01T12:04:46.352+0300][27.998s][info ][gc] GC(616) Pause Remark 230M->106M(512M) 0.526ms
[2020-08-01T12:04:46.373+0300][28.020s][info ][gc] GC(616) Pause Cleanup 158M->158M(512M) 0.072ms
[2020-08-01T12:04:46.374+0300][28.020s][info ][gc] GC(616) Concurrent Cycle 40.658ms
[2020-08-01T12:04:46.410+0300][28.056s][info ][gc] GC(617) Pause Young (Normal) (G1 Evacuation Pause) 162M->149M(512M) 34.158ms
[2020-08-01T12:04:46.484+0300][28.131s][info ][gc] GC(618) Pause Young (Concurrent Start) (G1 Humongous Allocation) 178M->179M(512M) 43.164ms
[2020-08-01T12:04:46.484+0300][28.131s][info ][gc] GC(619) Concurrent Cycle
[2020-08-01T12:04:46.502+0300][28.148s][debug][gc] GC(619) Reclaimed 121 empty regions
[2020-08-01T12:04:46.502+0300][28.148s][info ][gc] GC(619) Pause Remark 230M->109M(512M) 0.558ms
[2020-08-01T12:04:46.523+0300][28.170s][info ][gc] GC(619) Pause Cleanup 163M->163M(512M) 0.081ms
[2020-08-01T12:04:46.524+0300][28.170s][info ][gc] GC(619) Concurrent Cycle 39.714ms
[2020-08-01T12:04:46.559+0300][28.205s][info ][gc] GC(620) Pause Young (Normal) (G1 Evacuation Pause) 165M->152M(512M) 34.279ms
[2020-08-01T12:04:46.613+0300][28.259s][info ][gc] GC(621) Pause Young (Concurrent Start) (G1 Humongous Allocation) 180M->181M(512M) 31.537ms
[2020-08-01T12:04:46.613+0300][28.259s][info ][gc] GC(622) Concurrent Cycle
[2020-08-01T12:04:46.629+0300][28.276s][debug][gc] GC(622) Reclaimed 125 empty regions
[2020-08-01T12:04:46.629+0300][28.276s][info ][gc] GC(622) Pause Remark 231M->106M(512M) 0.536ms
[2020-08-01T12:04:46.651+0300][28.297s][info ][gc] GC(622) Pause Cleanup 159M->159M(512M) 0.075ms
[2020-08-01T12:04:46.652+0300][28.298s][info ][gc] GC(622) Concurrent Cycle 38.893ms
[2020-08-01T12:04:46.686+0300][28.333s][info ][gc] GC(623) Pause Young (Normal) (G1 Evacuation Pause) 162M->150M(512M) 33.906ms
[2020-08-01T12:04:46.736+0300][28.383s][info ][gc] GC(624) Pause Young (Concurrent Start) (G1 Humongous Allocation) 179M->180M(512M) 16.636ms
[2020-08-01T12:04:46.736+0300][28.383s][info ][gc] GC(625) Concurrent Cycle
[2020-08-01T12:04:46.751+0300][28.398s][debug][gc] GC(625) Reclaimed 122 empty regions
[2020-08-01T12:04:46.752+0300][28.398s][info ][gc] GC(625) Pause Remark 231M->109M(512M) 0.576ms
[2020-08-01T12:04:46.774+0300][28.421s][info ][gc] GC(625) Pause Cleanup 163M->163M(512M) 0.072ms
[2020-08-01T12:04:46.775+0300][28.422s][info ][gc] GC(625) Concurrent Cycle 38.757ms
[2020-08-01T12:04:46.813+0300][28.459s][info ][gc] GC(626) Pause Young (Normal) (G1 Evacuation Pause) 165M->151M(512M) 36.781ms
[2020-08-01T12:04:46.894+0300][28.540s][info ][gc] GC(627) Pause Young (Concurrent Start) (G1 Humongous Allocation) 179M->180M(512M) 47.999ms
[2020-08-01T12:04:46.894+0300][28.540s][info ][gc] GC(628) Concurrent Cycle
[2020-08-01T12:04:46.912+0300][28.559s][debug][gc] GC(628) Reclaimed 124 empty regions
[2020-08-01T12:04:46.912+0300][28.559s][info ][gc] GC(628) Pause Remark 230M->106M(512M) 0.535ms
[2020-08-01T12:04:46.934+0300][28.580s][info ][gc] GC(628) Pause Cleanup 161M->161M(512M) 0.076ms
[2020-08-01T12:04:46.935+0300][28.581s][info ][gc] GC(628) Concurrent Cycle 40.585ms
[2020-08-01T12:04:46.970+0300][28.616s][info ][gc] GC(629) Pause Young (Normal) (G1 Evacuation Pause) 163M->151M(512M) 34.572ms
[2020-08-01T12:04:47.016+0300][28.663s][info ][gc] GC(630) Pause Young (Concurrent Start) (G1 Humongous Allocation) 179M->180M(512M) 16.493ms
[2020-08-01T12:04:47.016+0300][28.663s][info ][gc] GC(631) Concurrent Cycle
[2020-08-01T12:04:47.032+0300][28.679s][debug][gc] GC(631) Reclaimed 123 empty regions
[2020-08-01T12:04:47.032+0300][28.679s][info ][gc] GC(631) Pause Remark 231M->108M(512M) 0.554ms
[2020-08-01T12:04:47.054+0300][28.700s][info ][gc] GC(631) Pause Cleanup 162M->162M(512M) 0.102ms
[2020-08-01T12:04:47.054+0300][28.701s][info ][gc] GC(631) Concurrent Cycle 38.278ms
[2020-08-01T12:04:47.087+0300][28.734s][info ][gc] GC(632) Pause Young (Normal) (G1 Evacuation Pause) 163M->151M(512M) 32.680ms
[2020-08-01T12:04:47.151+0300][28.797s][info ][gc] GC(633) Pause Young (Concurrent Start) (G1 Humongous Allocation) 180M->181M(512M) 26.915ms
[2020-08-01T12:04:47.151+0300][28.797s][info ][gc] GC(634) Concurrent Cycle
[2020-08-01T12:04:47.167+0300][28.813s][debug][gc] GC(634) Reclaimed 123 empty regions
[2020-08-01T12:04:47.167+0300][28.813s][info ][gc] GC(634) Pause Remark 230M->107M(512M) 0.520ms
[2020-08-01T12:04:47.189+0300][28.835s][info ][gc] GC(634) Pause Cleanup 161M->161M(512M) 0.080ms
[2020-08-01T12:04:47.189+0300][28.836s][info ][gc] GC(634) Concurrent Cycle 38.588ms
[2020-08-01T12:04:47.223+0300][28.870s][info ][gc] GC(635) Pause Young (Normal) (G1 Evacuation Pause) 164M->151M(512M) 33.140ms
[2020-08-01T12:04:47.262+0300][28.909s][info ][gc] GC(636) Pause Young (Concurrent Start) (G1 Humongous Allocation) 180M->181M(512M) 16.842ms
[2020-08-01T12:04:47.263+0300][28.909s][info ][gc] GC(637) Concurrent Cycle
[2020-08-01T12:04:47.278+0300][28.925s][debug][gc] GC(637) Reclaimed 123 empty regions
[2020-08-01T12:04:47.278+0300][28.925s][info ][gc] GC(637) Pause Remark 232M->109M(512M) 0.512ms
[2020-08-01T12:04:47.334+0300][28.980s][info ][gc] GC(638) Pause Young (Normal) (G1 Evacuation Pause) 164M->151M(512M) 33.779ms
[2020-08-01T12:04:47.334+0300][28.981s][info ][gc] GC(637) Pause Cleanup 152M->152M(512M) 0.074ms
[2020-08-01T12:04:47.335+0300][28.981s][info ][gc] GC(637) Concurrent Cycle 72.425ms
[2020-08-01T12:04:47.406+0300][29.052s][info ][gc] GC(639) Pause Young (Concurrent Start) (G1 Humongous Allocation) 180M->182M(512M) 36.205ms
[2020-08-01T12:04:47.406+0300][29.052s][info ][gc] GC(640) Concurrent Cycle
[2020-08-01T12:04:47.422+0300][29.068s][debug][gc] GC(640) Reclaimed 124 empty regions
[2020-08-01T12:04:47.422+0300][29.068s][info ][gc] GC(640) Pause Remark 234M->110M(512M) 0.545ms
[2020-08-01T12:04:47.479+0300][29.125s][info ][gc] GC(641) Pause Young (Normal) (G1 Evacuation Pause) 164M->151M(512M) 34.680ms
[2020-08-01T12:04:47.479+0300][29.126s][info ][gc] GC(640) Pause Cleanup 152M->152M(512M) 0.082ms
[2020-08-01T12:04:47.480+0300][29.127s][info ][gc] GC(640) Concurrent Cycle 74.244ms
[2020-08-01T12:04:47.569+0300][29.216s][info ][gc] GC(642) Pause Young (Concurrent Start) (G1 Humongous Allocation) 180M->180M(512M) 59.574ms
[2020-08-01T12:04:47.570+0300][29.216s][info ][gc] GC(643) Concurrent Cycle
[2020-08-01T12:04:47.585+0300][29.231s][debug][gc] GC(643) Reclaimed 123 empty regions
[2020-08-01T12:04:47.585+0300][29.231s][info ][gc] GC(643) Pause Remark 230M->107M(512M) 0.524ms
[2020-08-01T12:04:47.606+0300][29.253s][info ][gc] GC(643) Pause Cleanup 160M->160M(512M) 0.070ms
[2020-08-01T12:04:47.607+0300][29.253s][info ][gc] GC(643) Concurrent Cycle 37.224ms
[2020-08-01T12:04:47.644+0300][29.291s][info ][gc] GC(644) Pause Young (Normal) (G1 Evacuation Pause) 164M->151M(512M) 35.970ms
[2020-08-01T12:04:47.697+0300][29.344s][info ][gc] GC(645) Pause Young (Concurrent Start) (G1 Humongous Allocation) 179M->180M(512M) 17.488ms
[2020-08-01T12:04:47.697+0300][29.344s][info ][gc] GC(646) Concurrent Cycle
[2020-08-01T12:04:47.714+0300][29.360s][debug][gc] GC(646) Reclaimed 124 empty regions
[2020-08-01T12:04:47.714+0300][29.360s][info ][gc] GC(646) Pause Remark 231M->107M(512M) 0.524ms
[2020-08-01T12:04:47.735+0300][29.381s][info ][gc] GC(646) Pause Cleanup 160M->160M(512M) 0.074ms
[2020-08-01T12:04:47.735+0300][29.382s][info ][gc] GC(646) Concurrent Cycle 38.240ms
[2020-08-01T12:04:47.770+0300][29.417s][info ][gc] GC(647) Pause Young (Normal) (G1 Evacuation Pause) 163M->150M(512M) 33.946ms
[2020-08-01T12:04:47.821+0300][29.467s][info ][gc] GC(648) Pause Young (Concurrent Start) (G1 Humongous Allocation) 178M->179M(512M) 16.872ms
[2020-08-01T12:04:47.821+0300][29.467s][info ][gc] GC(649) Concurrent Cycle
[2020-08-01T12:04:47.836+0300][29.482s][debug][gc] GC(649) Reclaimed 122 empty regions
[2020-08-01T12:04:47.836+0300][29.482s][info ][gc] GC(649) Pause Remark 229M->107M(512M) 0.511ms
[2020-08-01T12:04:47.857+0300][29.503s][info ][gc] GC(649) Pause Cleanup 160M->160M(512M) 0.073ms
[2020-08-01T12:04:47.857+0300][29.503s][info ][gc] GC(649) Concurrent Cycle 36.368ms
[2020-08-01T12:04:47.894+0300][29.541s][info ][gc] GC(650) Pause Young (Normal) (G1 Evacuation Pause) 164M->151M(512M) 35.988ms
[2020-08-01T12:04:47.977+0300][29.624s][info ][gc] GC(651) Pause Young (Concurrent Start) (G1 Humongous Allocation) 179M->181M(512M) 48.264ms
[2020-08-01T12:04:47.977+0300][29.624s][info ][gc] GC(652) Concurrent Cycle
[2020-08-01T12:04:47.996+0300][29.642s][debug][gc] GC(652) Reclaimed 123 empty regions
[2020-08-01T12:04:47.996+0300][29.642s][info ][gc] GC(652) Pause Remark 231M->108M(512M) 0.551ms
[2020-08-01T12:04:48.018+0300][29.664s][info ][gc] GC(652) Pause Cleanup 162M->162M(512M) 0.073ms
[2020-08-01T12:04:48.018+0300][29.665s][info ][gc] GC(652) Concurrent Cycle 41.105ms
[2020-08-01T12:04:48.052+0300][29.699s][info ][gc] GC(653) Pause Young (Normal) (G1 Evacuation Pause) 164M->152M(512M) 33.236ms
[2020-08-01T12:04:48.129+0300][29.775s][info ][gc] GC(654) Pause Young (Concurrent Start) (G1 Humongous Allocation) 181M->182M(512M) 43.674ms
[2020-08-01T12:04:48.129+0300][29.775s][info ][gc] GC(655) Concurrent Cycle
[2020-08-01T12:04:48.146+0300][29.793s][debug][gc] GC(655) Reclaimed 123 empty regions
[2020-08-01T12:04:48.146+0300][29.793s][info ][gc] GC(655) Pause Remark 231M->108M(512M) 0.542ms
[2020-08-01T12:04:48.168+0300][29.814s][info ][gc] GC(655) Pause Cleanup 162M->162M(512M) 0.078ms
[2020-08-01T12:04:48.168+0300][29.815s][info ][gc] GC(655) Concurrent Cycle 39.836ms
[2020-08-01T12:04:48.205+0300][29.852s][info ][gc] GC(656) Pause Young (Normal) (G1 Evacuation Pause) 165M->153M(512M) 35.684ms
[2020-08-01T12:04:48.257+0300][29.904s][info ][gc] GC(657) Pause Young (Concurrent Start) (G1 Humongous Allocation) 182M->183M(512M) 16.880ms
[2020-08-01T12:04:48.258+0300][29.904s][info ][gc] GC(658) Concurrent Cycle
[2020-08-01T12:04:48.273+0300][29.919s][debug][gc] GC(658) Reclaimed 124 empty regions
[2020-08-01T12:04:48.273+0300][29.919s][info ][gc] GC(658) Pause Remark 234M->110M(512M) 0.583ms
[2020-08-01T12:04:48.295+0300][29.941s][info ][gc] GC(658) Pause Cleanup 165M->165M(512M) 0.078ms
[2020-08-01T12:04:48.329+0300][29.975s][info ][gc] GC(659) Pause Young (Normal) (G1 Evacuation Pause) 165M->152M(512M) 33.749ms
[2020-08-01T12:04:48.329+0300][29.976s][info ][gc] GC(658) Concurrent Cycle 71.580ms
[2020-08-01T12:04:48.413+0300][30.060s][info ][gc] GC(660) Pause Young (Concurrent Start) (G1 Humongous Allocation) 181M->183M(512M) 48.485ms
[2020-08-01T12:04:48.413+0300][30.060s][info ][gc] GC(661) Concurrent Cycle
[2020-08-01T12:04:48.433+0300][30.079s][debug][gc] GC(661) Reclaimed 124 empty regions
[2020-08-01T12:04:48.433+0300][30.079s][info ][gc] GC(661) Pause Remark 233M->109M(512M) 0.531ms
[2020-08-01T12:04:48.455+0300][30.101s][info ][gc] GC(661) Pause Cleanup 163M->163M(512M) 0.120ms
[2020-08-01T12:04:48.456+0300][30.102s][info ][gc] GC(661) Concurrent Cycle 42.184ms
[2020-08-01T12:04:48.494+0300][30.141s][info ][gc] GC(662) Pause Young (Normal) (G1 Evacuation Pause) 165M->152M(512M) 38.197ms
[2020-08-01T12:04:48.557+0300][30.203s][info ][gc] GC(663) Pause Young (Concurrent Start) (G1 Humongous Allocation) 181M->183M(512M) 37.030ms
[2020-08-01T12:04:48.557+0300][30.203s][info ][gc] GC(664) Concurrent Cycle
[2020-08-01T12:04:48.574+0300][30.221s][debug][gc] GC(664) Reclaimed 124 empty regions
[2020-08-01T12:04:48.574+0300][30.221s][info ][gc] GC(664) Pause Remark 235M->111M(512M) 0.515ms
[2020-08-01T12:04:48.631+0300][30.278s][info ][gc] GC(665) Pause Young (Normal) (G1 Evacuation Pause) 165M->152M(512M) 35.347ms
[2020-08-01T12:04:48.632+0300][30.278s][info ][gc] GC(664) Pause Cleanup 153M->153M(512M) 0.099ms
[2020-08-01T12:04:48.633+0300][30.279s][info ][gc] GC(664) Concurrent Cycle 75.752ms
[2020-08-01T12:04:48.687+0300][30.333s][info ][gc] GC(666) Pause Young (Concurrent Start) (G1 Humongous Allocation) 181M->181M(512M) 27.233ms
[2020-08-01T12:04:48.687+0300][30.333s][info ][gc] GC(667) Concurrent Cycle
[2020-08-01T12:04:48.702+0300][30.348s][debug][gc] GC(667) Reclaimed 123 empty regions
[2020-08-01T12:04:48.702+0300][30.348s][info ][gc] GC(667) Pause Remark 232M->109M(512M) 0.561ms
[2020-08-01T12:04:48.761+0300][30.407s][info ][gc] GC(668) Pause Young (Normal) (G1 Evacuation Pause) 164M->152M(512M) 36.792ms
[2020-08-01T12:04:48.761+0300][30.408s][info ][gc] GC(667) Pause Cleanup 153M->153M(512M) 0.096ms
[2020-08-01T12:04:48.762+0300][30.409s][info ][gc] GC(667) Concurrent Cycle 75.136ms
[2020-08-01T12:04:48.815+0300][30.462s][info ][gc] GC(669) Pause Young (Concurrent Start) (G1 Humongous Allocation) 181M->182M(512M) 30.425ms
[2020-08-01T12:04:48.815+0300][30.462s][info ][gc] GC(670) Concurrent Cycle
[2020-08-01T12:04:48.830+0300][30.476s][debug][gc] GC(670) Reclaimed 123 empty regions
[2020-08-01T12:04:48.830+0300][30.476s][info ][gc] GC(670) Pause Remark 231M->108M(512M) 0.515ms
[2020-08-01T12:04:48.853+0300][30.499s][info ][gc] GC(670) Pause Cleanup 163M->163M(512M) 0.082ms
[2020-08-01T12:04:48.853+0300][30.500s][info ][gc] GC(670) Concurrent Cycle 38.007ms
[2020-08-01T12:04:48.889+0300][30.535s][info ][gc] GC(671) Pause Young (Normal) (G1 Evacuation Pause) 165M->153M(512M) 35.058ms
[2020-08-01T12:04:48.942+0300][30.588s][info ][gc] GC(672) Pause Young (Concurrent Start) (G1 Humongous Allocation) 182M->182M(512M) 17.250ms
[2020-08-01T12:04:48.942+0300][30.589s][info ][gc] GC(673) Concurrent Cycle
[2020-08-01T12:04:48.957+0300][30.604s][debug][gc] GC(673) Reclaimed 122 empty regions
[2020-08-01T12:04:48.957+0300][30.604s][info ][gc] GC(673) Pause Remark 233M->111M(512M) 0.549ms
[2020-08-01T12:04:48.979+0300][30.625s][info ][gc] GC(673) Pause Cleanup 163M->163M(512M) 0.074ms
[2020-08-01T12:04:48.979+0300][30.626s][info ][gc] GC(673) Concurrent Cycle 37.346ms
[2020-08-01T12:04:49.016+0300][30.662s][info ][gc] GC(674) Pause Young (Normal) (G1 Evacuation Pause) 166M->154M(512M) 35.420ms
[2020-08-01T12:04:49.094+0300][30.741s][info ][gc] GC(675) Pause Young (Concurrent Start) (G1 Humongous Allocation) 183M->184M(512M) 45.667ms
[2020-08-01T12:04:49.095+0300][30.741s][info ][gc] GC(676) Concurrent Cycle
[2020-08-01T12:04:49.112+0300][30.759s][debug][gc] GC(676) Reclaimed 123 empty regions
[2020-08-01T12:04:49.112+0300][30.759s][info ][gc] GC(676) Pause Remark 235M->112M(512M) 0.547ms
[2020-08-01T12:04:49.134+0300][30.781s][info ][gc] GC(676) Pause Cleanup 166M->166M(512M) 0.072ms
[2020-08-01T12:04:49.169+0300][30.816s][info ][gc] GC(677) Pause Young (Normal) (G1 Evacuation Pause) 166M->154M(512M) 34.770ms
[2020-08-01T12:04:49.170+0300][30.816s][info ][gc] GC(676) Concurrent Cycle 75.024ms
[2020-08-01T12:04:49.250+0300][30.896s][info ][gc] GC(678) Pause Young (Concurrent Start) (G1 Humongous Allocation) 184M->185M(512M) 44.728ms
[2020-08-01T12:04:49.250+0300][30.896s][info ][gc] GC(679) Concurrent Cycle
[2020-08-01T12:04:49.267+0300][30.914s][debug][gc] GC(679) Reclaimed 123 empty regions
[2020-08-01T12:04:49.268+0300][30.914s][info ][gc] GC(679) Pause Remark 236M->113M(512M) 0.556ms
[2020-08-01T12:04:49.324+0300][30.971s][info ][gc] GC(680) Pause Young (Normal) (G1 Evacuation Pause) 167M->154M(512M) 34.966ms
[2020-08-01T12:04:49.325+0300][30.972s][info ][gc] GC(679) Pause Cleanup 157M->157M(512M) 0.082ms
[2020-08-01T12:04:49.326+0300][30.973s][info ][gc] GC(679) Concurrent Cycle 76.313ms
[2020-08-01T12:04:49.403+0300][31.050s][info ][gc] GC(681) Pause Young (Concurrent Start) (G1 Humongous Allocation) 184M->185M(512M) 43.461ms
[2020-08-01T12:04:49.403+0300][31.050s][info ][gc] GC(682) Concurrent Cycle
[2020-08-01T12:04:49.419+0300][31.065s][debug][gc] GC(682) Reclaimed 124 empty regions
[2020-08-01T12:04:49.419+0300][31.065s][info ][gc] GC(682) Pause Remark 237M->113M(512M) 0.528ms
[2020-08-01T12:04:49.474+0300][31.120s][info ][gc] GC(683) Pause Young (Normal) (G1 Evacuation Pause) 166M->154M(512M) 32.898ms
[2020-08-01T12:04:49.474+0300][31.121s][info ][gc] GC(682) Pause Cleanup 156M->156M(512M) 0.081ms
[2020-08-01T12:04:49.475+0300][31.121s][info ][gc] GC(682) Concurrent Cycle 71.416ms
[2020-08-01T12:04:49.549+0300][31.195s][info ][gc] GC(684) Pause Young (Concurrent Start) (G1 Humongous Allocation) 184M->186M(512M) 48.992ms
[2020-08-01T12:04:49.549+0300][31.195s][info ][gc] GC(685) Concurrent Cycle
[2020-08-01T12:04:49.566+0300][31.212s][debug][gc] GC(685) Reclaimed 124 empty regions
[2020-08-01T12:04:49.566+0300][31.212s][info ][gc] GC(685) Pause Remark 238M->114M(512M) 0.516ms
[2020-08-01T12:04:49.623+0300][31.269s][info ][gc] GC(686) Pause Young (Normal) (G1 Evacuation Pause) 167M->154M(512M) 35.422ms
[2020-08-01T12:04:49.624+0300][31.271s][info ][gc] GC(685) Pause Cleanup 157M->157M(512M) 0.082ms
[2020-08-01T12:04:49.625+0300][31.271s][info ][gc] GC(685) Concurrent Cycle 75.771ms
[2020-08-01T12:04:49.683+0300][31.329s][info ][gc] GC(687) Pause Young (Concurrent Start) (G1 Humongous Allocation) 184M->185M(512M) 28.111ms
[2020-08-01T12:04:49.683+0300][31.329s][info ][gc] GC(688) Concurrent Cycle
[2020-08-01T12:04:49.699+0300][31.345s][debug][gc] GC(688) Reclaimed 124 empty regions
[2020-08-01T12:04:49.699+0300][31.345s][info ][gc] GC(688) Pause Remark 233M->109M(512M) 0.540ms
[2020-08-01T12:04:49.721+0300][31.367s][info ][gc] GC(688) Pause Cleanup 164M->164M(512M) 0.084ms
[2020-08-01T12:04:49.721+0300][31.368s][info ][gc] GC(688) Concurrent Cycle 38.492ms
[2020-08-01T12:04:49.757+0300][31.404s][info ][gc] GC(689) Pause Young (Normal) (G1 Evacuation Pause) 166M->153M(512M) 35.269ms
[2020-08-01T12:04:49.802+0300][31.449s][info ][gc] GC(690) Pause Young (Concurrent Start) (G1 Humongous Allocation) 184M->185M(512M) 19.619ms
[2020-08-01T12:04:49.802+0300][31.449s][info ][gc] GC(691) Concurrent Cycle
[2020-08-01T12:04:49.819+0300][31.465s][debug][gc] GC(691) Reclaimed 123 empty regions
[2020-08-01T12:04:49.819+0300][31.465s][info ][gc] GC(691) Pause Remark 237M->114M(512M) 0.570ms
[2020-08-01T12:04:49.875+0300][31.522s][info ][gc] GC(692) Pause Young (Normal) (G1 Evacuation Pause) 167M->154M(512M) 34.926ms
[2020-08-01T12:04:49.877+0300][31.523s][info ][gc] GC(691) Pause Cleanup 157M->157M(512M) 0.076ms
[2020-08-01T12:04:49.877+0300][31.524s][info ][gc] GC(691) Concurrent Cycle 74.892ms
[2020-08-01T12:04:49.962+0300][31.609s][info ][gc] GC(693) Pause Young (Concurrent Start) (G1 Humongous Allocation) 184M->184M(512M) 58.335ms
[2020-08-01T12:04:49.962+0300][31.609s][info ][gc] GC(694) Concurrent Cycle
[2020-08-01T12:04:49.978+0300][31.625s][debug][gc] GC(694) Reclaimed 123 empty regions
[2020-08-01T12:04:49.978+0300][31.625s][info ][gc] GC(694) Pause Remark 235M->112M(512M) 0.540ms
[2020-08-01T12:04:50.001+0300][31.647s][info ][gc] GC(694) Pause Cleanup 166M->166M(512M) 0.084ms
[2020-08-01T12:04:50.035+0300][31.682s][info ][gc] GC(695) Pause Young (Normal) (G1 Evacuation Pause) 166M->154M(512M) 34.276ms
[2020-08-01T12:04:50.036+0300][31.682s][info ][gc] GC(694) Concurrent Cycle 73.523ms
[2020-08-01T12:04:50.078+0300][31.725s][info ][gc] GC(696) Pause Young (Concurrent Start) (G1 Humongous Allocation) 184M->185M(512M) 18.685ms
[2020-08-01T12:04:50.078+0300][31.725s][info ][gc] GC(697) Concurrent Cycle
[2020-08-01T12:04:50.094+0300][31.740s][debug][gc] GC(697) Reclaimed 123 empty regions
[2020-08-01T12:04:50.094+0300][31.740s][info ][gc] GC(697) Pause Remark 236M->113M(512M) 0.518ms
[2020-08-01T12:04:50.154+0300][31.801s][info ][gc] GC(698) Pause Young (Normal) (G1 Evacuation Pause) 167M->155M(512M) 38.005ms
[2020-08-01T12:04:50.156+0300][31.802s][info ][gc] GC(697) Pause Cleanup 158M->158M(512M) 0.089ms
[2020-08-01T12:04:50.156+0300][31.803s][info ][gc] GC(697) Concurrent Cycle 77.888ms
[2020-08-01T12:04:50.217+0300][31.863s][info ][gc] GC(699) Pause Young (Concurrent Start) (G1 Humongous Allocation) 185M->186M(512M) 33.025ms
[2020-08-01T12:04:50.217+0300][31.863s][info ][gc] GC(700) Concurrent Cycle
[2020-08-01T12:04:50.233+0300][31.879s][debug][gc] GC(700) Reclaimed 125 empty regions
[2020-08-01T12:04:50.233+0300][31.879s][info ][gc] GC(700) Pause Remark 236M->111M(512M) 0.572ms
[2020-08-01T12:04:50.256+0300][31.902s][info ][gc] GC(700) Pause Cleanup 166M->166M(512M) 0.081ms
[2020-08-01T12:04:50.292+0300][31.939s][info ][gc] GC(701) Pause Young (Normal) (G1 Evacuation Pause) 166M->154M(512M) 36.228ms
[2020-08-01T12:04:50.293+0300][31.940s][info ][gc] GC(700) Concurrent Cycle 76.465ms
[2020-08-01T12:04:50.340+0300][31.986s][info ][gc] GC(702) Pause Young (Concurrent Start) (G1 Humongous Allocation) 184M->185M(512M) 16.977ms
[2020-08-01T12:04:50.340+0300][31.986s][info ][gc] GC(703) Concurrent Cycle
[2020-08-01T12:04:50.355+0300][32.001s][debug][gc] GC(703) Reclaimed 123 empty regions
[2020-08-01T12:04:50.355+0300][32.001s][info ][gc] GC(703) Pause Remark 237M->114M(512M) 0.531ms
[2020-08-01T12:04:50.411+0300][32.057s][info ][gc] GC(704) Pause Young (Normal) (G1 Evacuation Pause) 167M->155M(512M) 34.544ms
[2020-08-01T12:04:50.411+0300][32.058s][info ][gc] GC(703) Pause Cleanup 157M->157M(512M) 0.077ms
[2020-08-01T12:04:50.412+0300][32.058s][info ][gc] GC(703) Concurrent Cycle 72.163ms
[2020-08-01T12:04:50.474+0300][32.121s][info ][gc] GC(705) Pause Young (Concurrent Start) (G1 Humongous Allocation) 185M->186M(512M) 27.605ms
[2020-08-01T12:04:50.474+0300][32.121s][info ][gc] GC(706) Concurrent Cycle
[2020-08-01T12:04:50.490+0300][32.136s][debug][gc] GC(706) Reclaimed 124 empty regions
[2020-08-01T12:04:50.490+0300][32.136s][info ][gc] GC(706) Pause Remark 238M->114M(512M) 0.572ms
[2020-08-01T12:04:50.552+0300][32.198s][info ][gc] GC(707) Pause Young (Normal) (G1 Evacuation Pause) 167M->154M(512M) 39.703ms
[2020-08-01T12:04:50.554+0300][32.200s][info ][gc] GC(706) Pause Cleanup 157M->157M(512M) 0.128ms
[2020-08-01T12:04:50.555+0300][32.201s][info ][gc] GC(706) Concurrent Cycle 80.642ms
[2020-08-01T12:04:50.648+0300][32.295s][info ][gc] GC(708) Pause Young (Concurrent Start) (G1 Humongous Allocation) 184M->185M(512M) 60.212ms
[2020-08-01T12:04:50.648+0300][32.295s][info ][gc] GC(709) Concurrent Cycle
[2020-08-01T12:04:50.665+0300][32.311s][debug][gc] GC(709) Reclaimed 123 empty regions
[2020-08-01T12:04:50.665+0300][32.312s][info ][gc] GC(709) Pause Remark 236M->113M(512M) 0.963ms
[2020-08-01T12:04:50.720+0300][32.366s][info ][gc] GC(710) Pause Young (Normal) (G1 Evacuation Pause) 167M->154M(512M) 32.953ms
[2020-08-01T12:04:50.721+0300][32.368s][info ][gc] GC(709) Pause Cleanup 157M->157M(512M) 0.083ms
[2020-08-01T12:04:50.722+0300][32.368s][info ][gc] GC(709) Concurrent Cycle 73.785ms
[2020-08-01T12:04:50.769+0300][32.416s][info ][gc] GC(711) Pause Young (Concurrent Start) (G1 Humongous Allocation) 184M->185M(512M) 26.437ms
[2020-08-01T12:04:50.769+0300][32.416s][info ][gc] GC(712) Concurrent Cycle
[2020-08-01T12:04:50.790+0300][32.436s][debug][gc] GC(712) Reclaimed 124 empty regions
[2020-08-01T12:04:50.790+0300][32.436s][info ][gc] GC(712) Pause Remark 235M->111M(512M) 1.031ms
[2020-08-01T12:04:50.813+0300][32.459s][info ][gc] GC(712) Pause Cleanup 166M->166M(512M) 0.075ms
[2020-08-01T12:04:50.849+0300][32.495s][info ][gc] GC(713) Pause Young (Normal) (G1 Evacuation Pause) 166M->153M(512M) 35.312ms
[2020-08-01T12:04:50.849+0300][32.495s][info ][gc] GC(712) Concurrent Cycle 79.707ms
[2020-08-01T12:04:50.892+0300][32.538s][info ][gc] GC(714) Pause Young (Concurrent Start) (G1 Humongous Allocation) 183M->184M(512M) 18.190ms
[2020-08-01T12:04:50.892+0300][32.538s][info ][gc] GC(715) Concurrent Cycle
[2020-08-01T12:04:50.908+0300][32.554s][debug][gc] GC(715) Reclaimed 123 empty regions
[2020-08-01T12:04:50.908+0300][32.554s][info ][gc] GC(715) Pause Remark 234M->111M(512M) 0.588ms
[2020-08-01T12:04:50.930+0300][32.577s][info ][gc] GC(715) Pause Cleanup 166M->166M(512M) 0.102ms
[2020-08-01T12:04:50.969+0300][32.615s][info ][gc] GC(716) Pause Young (Normal) (G1 Evacuation Pause) 166M->154M(512M) 38.129ms
[2020-08-01T12:04:50.969+0300][32.615s][info ][gc] GC(715) Concurrent Cycle 77.171ms
[2020-08-01T12:04:51.011+0300][32.657s][info ][gc] GC(717) Pause Young (Concurrent Start) (G1 Humongous Allocation) 184M->185M(512M) 19.102ms
[2020-08-01T12:04:51.011+0300][32.657s][info ][gc] GC(718) Concurrent Cycle
[2020-08-01T12:04:51.027+0300][32.674s][debug][gc] GC(718) Reclaimed 123 empty regions
[2020-08-01T12:04:51.027+0300][32.674s][info ][gc] GC(718) Pause Remark 237M->114M(512M) 0.753ms
[2020-08-01T12:04:51.086+0300][32.733s][info ][gc] GC(719) Pause Young (Normal) (G1 Evacuation Pause) 167M->154M(512M) 36.124ms
[2020-08-01T12:04:51.087+0300][32.734s][info ][gc] GC(718) Pause Cleanup 155M->155M(512M) 0.095ms
[2020-08-01T12:04:51.088+0300][32.735s][info ][gc] GC(718) Concurrent Cycle 77.283ms
[2020-08-01T12:04:51.138+0300][32.785s][info ][gc] GC(720) Pause Young (Concurrent Start) (G1 Humongous Allocation) 184M->185M(512M) 27.750ms
[2020-08-01T12:04:51.139+0300][32.785s][info ][gc] GC(721) Concurrent Cycle
[2020-08-01T12:04:51.154+0300][32.800s][debug][gc] GC(721) Reclaimed 124 empty regions
[2020-08-01T12:04:51.154+0300][32.800s][info ][gc] GC(721) Pause Remark 236M->112M(512M) 0.852ms
[2020-08-01T12:04:51.209+0300][32.856s][info ][gc] GC(722) Pause Young (Normal) (G1 Evacuation Pause) 166M->153M(512M) 33.302ms
[2020-08-01T12:04:51.210+0300][32.856s][info ][gc] GC(721) Pause Cleanup 155M->155M(512M) 0.089ms
[2020-08-01T12:04:51.211+0300][32.857s][info ][gc] GC(721) Concurrent Cycle 72.220ms
[2020-08-01T12:04:51.259+0300][32.905s][info ][gc] GC(723) Pause Young (Concurrent Start) (G1 Humongous Allocation) 183M->185M(512M) 26.110ms
[2020-08-01T12:04:51.259+0300][32.905s][info ][gc] GC(724) Concurrent Cycle
[2020-08-01T12:04:51.275+0300][32.922s][debug][gc] GC(724) Reclaimed 123 empty regions
[2020-08-01T12:04:51.275+0300][32.922s][info ][gc] GC(724) Pause Remark 234M->111M(512M) 0.598ms
[2020-08-01T12:04:51.297+0300][32.944s][info ][gc] GC(724) Pause Cleanup 167M->167M(512M) 0.075ms
[2020-08-01T12:04:51.331+0300][32.977s][info ][gc] GC(725) Pause Young (Normal) (G1 Evacuation Pause) 167M->154M(512M) 32.775ms
[2020-08-01T12:04:51.331+0300][32.977s][info ][gc] GC(724) Concurrent Cycle 71.951ms
[2020-08-01T12:04:51.370+0300][33.017s][info ][gc] GC(726) Pause Young (Concurrent Start) (G1 Humongous Allocation) 184M->185M(512M) 16.713ms
[2020-08-01T12:04:51.370+0300][33.017s][info ][gc] GC(727) Concurrent Cycle
[2020-08-01T12:04:51.385+0300][33.032s][debug][gc] GC(727) Reclaimed 124 empty regions
[2020-08-01T12:04:51.385+0300][33.032s][info ][gc] GC(727) Pause Remark 236M->112M(512M) 0.529ms
[2020-08-01T12:04:51.440+0300][33.086s][info ][gc] GC(728) Pause Young (Normal) (G1 Evacuation Pause) 166M->154M(512M) 32.736ms
[2020-08-01T12:04:51.441+0300][33.087s][info ][gc] GC(727) Pause Cleanup 156M->156M(512M) 0.076ms
[2020-08-01T12:04:51.441+0300][33.088s][info ][gc] GC(727) Concurrent Cycle 70.704ms
[2020-08-01T12:04:51.505+0300][33.152s][info ][gc] GC(729) Pause Young (Concurrent Start) (G1 Humongous Allocation) 184M->185M(512M) 42.661ms
[2020-08-01T12:04:51.505+0300][33.152s][info ][gc] GC(730) Concurrent Cycle
[2020-08-01T12:04:51.522+0300][33.168s][debug][gc] GC(730) Reclaimed 123 empty regions
[2020-08-01T12:04:51.522+0300][33.168s][info ][gc] GC(730) Pause Remark 237M->114M(512M) 0.769ms
[2020-08-01T12:04:51.576+0300][33.223s][info ][gc] GC(731) Pause Young (Normal) (G1 Evacuation Pause) 167M->154M(512M) 33.640ms
[2020-08-01T12:04:51.578+0300][33.224s][info ][gc] GC(730) Pause Cleanup 156M->156M(512M) 0.086ms
[2020-08-01T12:04:51.578+0300][33.225s][info ][gc] GC(730) Concurrent Cycle 72.646ms
[2020-08-01T12:04:51.628+0300][33.274s][info ][gc] GC(732) Pause Young (Concurrent Start) (G1 Humongous Allocation) 184M->185M(512M) 28.054ms
[2020-08-01T12:04:51.628+0300][33.274s][info ][gc] GC(733) Concurrent Cycle
[2020-08-01T12:04:51.643+0300][33.289s][debug][gc] GC(733) Reclaimed 123 empty regions
[2020-08-01T12:04:51.643+0300][33.289s][info ][gc] GC(733) Pause Remark 235M->112M(512M) 0.603ms
[2020-08-01T12:04:51.700+0300][33.347s][info ][gc] GC(734) Pause Young (Normal) (G1 Evacuation Pause) 167M->155M(512M) 34.840ms
[2020-08-01T12:04:51.702+0300][33.349s][info ][gc] GC(733) Pause Cleanup 159M->159M(512M) 0.080ms
[2020-08-01T12:04:51.703+0300][33.349s][info ][gc] GC(733) Concurrent Cycle 75.156ms
[2020-08-01T12:04:51.751+0300][33.397s][info ][gc] GC(735) Pause Young (Concurrent Start) (G1 Humongous Allocation) 185M->186M(512M) 26.147ms
[2020-08-01T12:04:51.751+0300][33.397s][info ][gc] GC(736) Concurrent Cycle
[2020-08-01T12:04:51.767+0300][33.413s][debug][gc] GC(736) Reclaimed 124 empty regions
[2020-08-01T12:04:51.767+0300][33.413s][info ][gc] GC(736) Pause Remark 236M->112M(512M) 0.635ms
[2020-08-01T12:04:51.824+0300][33.471s][info ][gc] GC(737) Pause Young (Normal) (G1 Evacuation Pause) 167M->155M(512M) 34.669ms
[2020-08-01T12:04:51.825+0300][33.471s][info ][gc] GC(736) Pause Cleanup 156M->156M(512M) 0.073ms
[2020-08-01T12:04:51.826+0300][33.472s][info ][gc] GC(736) Concurrent Cycle 74.998ms
[2020-08-01T12:04:51.876+0300][33.522s][info ][gc] GC(738) Pause Young (Concurrent Start) (G1 Humongous Allocation) 185M->186M(512M) 25.987ms
[2020-08-01T12:04:51.876+0300][33.522s][info ][gc] GC(739) Concurrent Cycle
[2020-08-01T12:04:51.891+0300][33.537s][debug][gc] GC(739) Reclaimed 124 empty regions
[2020-08-01T12:04:51.891+0300][33.537s][info ][gc] GC(739) Pause Remark 237M->113M(512M) 0.526ms
[2020-08-01T12:04:51.948+0300][33.594s][info ][gc] GC(740) Pause Young (Normal) (G1 Evacuation Pause) 167M->154M(512M) 34.784ms
[2020-08-01T12:04:51.949+0300][33.595s][info ][gc] GC(739) Pause Cleanup 156M->156M(512M) 0.078ms
[2020-08-01T12:04:51.949+0300][33.596s][info ][gc] GC(739) Concurrent Cycle 73.417ms
[2020-08-01T12:04:52.000+0300][33.647s][info ][gc] GC(741) Pause Young (Concurrent Start) (G1 Humongous Allocation) 184M->185M(512M) 26.702ms
[2020-08-01T12:04:52.000+0300][33.647s][info ][gc] GC(742) Concurrent Cycle
[2020-08-01T12:04:52.017+0300][33.664s][debug][gc] GC(742) Reclaimed 123 empty regions
[2020-08-01T12:04:52.017+0300][33.664s][info ][gc] GC(742) Pause Remark 235M->112M(512M) 0.540ms
[2020-08-01T12:04:52.040+0300][33.686s][info ][gc] GC(742) Pause Cleanup 167M->167M(512M) 0.081ms
[2020-08-01T12:04:52.084+0300][33.731s][info ][gc] GC(743) Pause Young (Normal) (G1 Evacuation Pause) 167M->155M(512M) 44.277ms
[2020-08-01T12:04:52.085+0300][33.731s][info ][gc] GC(742) Concurrent Cycle 84.196ms
[2020-08-01T12:04:52.132+0300][33.778s][info ][gc] GC(744) Pause Young (Concurrent Start) (G1 Humongous Allocation) 185M->186M(512M) 17.324ms
[2020-08-01T12:04:52.132+0300][33.779s][info ][gc] GC(745) Concurrent Cycle
[2020-08-01T12:04:52.148+0300][33.794s][debug][gc] GC(745) Reclaimed 123 empty regions
[2020-08-01T12:04:52.148+0300][33.794s][info ][gc] GC(745) Pause Remark 236M->113M(512M) 0.602ms
[2020-08-01T12:04:52.206+0300][33.852s][info ][gc] GC(746) Pause Young (Normal) (G1 Evacuation Pause) 167M->154M(512M) 36.089ms
[2020-08-01T12:04:52.206+0300][33.853s][info ][gc] GC(745) Pause Cleanup 156M->156M(512M) 0.078ms
[2020-08-01T12:04:52.207+0300][33.854s][info ][gc] GC(745) Concurrent Cycle 75.082ms
[2020-08-01T12:04:52.269+0300][33.915s][info ][gc] GC(747) Pause Young (Concurrent Start) (G1 Humongous Allocation) 185M->187M(512M) 28.985ms
[2020-08-01T12:04:52.269+0300][33.915s][info ][gc] GC(748) Concurrent Cycle
[2020-08-01T12:04:52.285+0300][33.931s][debug][gc] GC(748) Reclaimed 123 empty regions
[2020-08-01T12:04:52.285+0300][33.931s][info ][gc] GC(748) Pause Remark 235M->112M(512M) 0.653ms
[2020-08-01T12:04:52.308+0300][33.954s][info ][gc] GC(748) Pause Cleanup 167M->167M(512M) 0.075ms
[2020-08-01T12:04:52.308+0300][33.955s][info ][gc] GC(748) Concurrent Cycle 39.534ms
[2020-08-01T12:04:52.343+0300][33.990s][info ][gc] GC(749) Pause Young (Normal) (G1 Evacuation Pause) 168M->155M(512M) 34.918ms
[2020-08-01T12:04:52.430+0300][34.076s][info ][gc] GC(750) Pause Young (Concurrent Start) (G1 Humongous Allocation) 186M->187M(512M) 48.855ms
[2020-08-01T12:04:52.430+0300][34.076s][info ][gc] GC(751) Concurrent Cycle
[2020-08-01T12:04:52.447+0300][34.094s][debug][gc] GC(751) Reclaimed 123 empty regions
[2020-08-01T12:04:52.447+0300][34.094s][info ][gc] GC(751) Pause Remark 239M->116M(512M) 0.533ms
[2020-08-01T12:04:52.503+0300][34.149s][info ][gc] GC(752) Pause Young (Normal) (G1 Evacuation Pause) 168M->155M(512M) 34.121ms
[2020-08-01T12:04:52.505+0300][34.151s][info ][gc] GC(751) Pause Cleanup 160M->160M(512M) 0.078ms
[2020-08-01T12:04:52.505+0300][34.152s][info ][gc] GC(751) Concurrent Cycle 75.250ms
[2020-08-01T12:04:52.600+0300][34.246s][info ][gc] GC(753) Pause Young (Concurrent Start) (G1 Humongous Allocation) 186M->187M(512M) 64.701ms
[2020-08-01T12:04:52.600+0300][34.246s][info ][gc] GC(754) Concurrent Cycle
[2020-08-01T12:04:52.617+0300][34.263s][debug][gc] GC(754) Reclaimed 123 empty regions
[2020-08-01T12:04:52.617+0300][34.263s][info ][gc] GC(754) Pause Remark 238M->115M(512M) 0.598ms
[2020-08-01T12:04:52.673+0300][34.319s][info ][gc] GC(755) Pause Young (Normal) (G1 Evacuation Pause) 168M->155M(512M) 34.030ms
[2020-08-01T12:04:52.674+0300][34.320s][info ][gc] GC(754) Pause Cleanup 158M->158M(512M) 0.076ms
[2020-08-01T12:04:52.675+0300][34.321s][info ][gc] GC(754) Concurrent Cycle 74.967ms
[2020-08-01T12:04:52.736+0300][34.382s][info ][gc] GC(756) Pause Young (Concurrent Start) (G1 Humongous Allocation) 186M->187M(512M) 29.270ms
[2020-08-01T12:04:52.736+0300][34.382s][info ][gc] GC(757) Concurrent Cycle
[2020-08-01T12:04:52.752+0300][34.398s][debug][gc] GC(757) Reclaimed 124 empty regions
[2020-08-01T12:04:52.752+0300][34.398s][info ][gc] GC(757) Pause Remark 239M->115M(512M) 0.574ms
[2020-08-01T12:04:52.810+0300][34.456s][info ][gc] GC(758) Pause Young (Normal) (G1 Evacuation Pause) 167M->154M(512M) 36.619ms
[2020-08-01T12:04:52.812+0300][34.459s][info ][gc] GC(757) Pause Cleanup 160M->160M(512M) 0.111ms
[2020-08-01T12:04:52.813+0300][34.459s][info ][gc] GC(757) Concurrent Cycle 77.033ms
[2020-08-01T12:04:52.865+0300][34.512s][info ][gc] GC(759) Pause Young (Concurrent Start) (G1 Humongous Allocation) 185M->187M(512M) 29.534ms
[2020-08-01T12:04:52.865+0300][34.512s][info ][gc] GC(760) Concurrent Cycle
[2020-08-01T12:04:52.881+0300][34.528s][debug][gc] GC(760) Reclaimed 123 empty regions
[2020-08-01T12:04:52.881+0300][34.528s][info ][gc] GC(760) Pause Remark 240M->117M(512M) 0.524ms
[2020-08-01T12:04:52.936+0300][34.582s][info ][gc] GC(761) Pause Young (Normal) (G1 Evacuation Pause) 168M->155M(512M) 33.826ms
[2020-08-01T12:04:52.939+0300][34.585s][info ][gc] GC(760) Pause Cleanup 161M->161M(512M) 0.087ms
[2020-08-01T12:04:52.939+0300][34.586s][info ][gc] GC(760) Concurrent Cycle 74.014ms
[2020-08-01T12:04:53.013+0300][34.659s][info ][gc] GC(762) Pause Young (Concurrent Start) (G1 Humongous Allocation) 186M->187M(512M) 52.917ms
[2020-08-01T12:04:53.013+0300][34.659s][info ][gc] GC(763) Concurrent Cycle
[2020-08-01T12:04:53.029+0300][34.675s][debug][gc] GC(763) Reclaimed 122 empty regions
[2020-08-01T12:04:53.029+0300][34.675s][info ][gc] GC(763) Pause Remark 239M->117M(512M) 0.542ms
[2020-08-01T12:04:53.084+0300][34.730s][info ][gc] GC(764) Pause Young (Normal) (G1 Evacuation Pause) 169M->156M(512M) 34.087ms
[2020-08-01T12:04:53.086+0300][34.732s][info ][gc] GC(763) Pause Cleanup 160M->160M(512M) 0.081ms
[2020-08-01T12:04:53.086+0300][34.733s][info ][gc] GC(763) Concurrent Cycle 73.630ms
[2020-08-01T12:04:53.136+0300][34.782s][info ][gc] GC(765) Pause Young (Concurrent Start) (G1 Humongous Allocation) 187M->189M(512M) 25.924ms
[2020-08-01T12:04:53.136+0300][34.782s][info ][gc] GC(766) Concurrent Cycle
[2020-08-01T12:04:53.152+0300][34.798s][debug][gc] GC(766) Reclaimed 124 empty regions
[2020-08-01T12:04:53.152+0300][34.798s][info ][gc] GC(766) Pause Remark 241M->117M(512M) 0.529ms
[2020-08-01T12:04:53.206+0300][34.853s][info ][gc] GC(767) Pause Young (Normal) (G1 Evacuation Pause) 169M->156M(512M) 33.369ms
[2020-08-01T12:04:53.209+0300][34.855s][info ][gc] GC(766) Pause Cleanup 162M->162M(512M) 0.087ms
[2020-08-01T12:04:53.210+0300][34.856s][info ][gc] GC(766) Concurrent Cycle 74.079ms
[2020-08-01T12:04:53.260+0300][34.906s][info ][gc] GC(768) Pause Young (Concurrent Start) (G1 Humongous Allocation) 187M->189M(512M) 27.047ms
[2020-08-01T12:04:53.260+0300][34.906s][info ][gc] GC(769) Concurrent Cycle
[2020-08-01T12:04:53.277+0300][34.923s][debug][gc] GC(769) Reclaimed 124 empty regions
[2020-08-01T12:04:53.277+0300][34.923s][info ][gc] GC(769) Pause Remark 241M->117M(512M) 0.520ms
[2020-08-01T12:04:53.332+0300][34.979s][info ][gc] GC(770) Pause Young (Normal) (G1 Evacuation Pause) 169M->156M(512M) 34.242ms
[2020-08-01T12:04:53.334+0300][34.981s][info ][gc] GC(769) Pause Cleanup 161M->161M(512M) 0.087ms
[2020-08-01T12:04:53.335+0300][34.981s][info ][gc] GC(769) Concurrent Cycle 75.276ms
[2020-08-01T12:04:53.385+0300][35.031s][info ][gc] GC(771) Pause Young (Concurrent Start) (G1 Humongous Allocation) 187M->188M(512M) 27.191ms
[2020-08-01T12:04:53.385+0300][35.031s][info ][gc] GC(772) Concurrent Cycle
[2020-08-01T12:04:53.402+0300][35.048s][debug][gc] GC(772) Reclaimed 124 empty regions
[2020-08-01T12:04:53.402+0300][35.048s][info ][gc] GC(772) Pause Remark 240M->116M(512M) 0.588ms
[2020-08-01T12:04:53.457+0300][35.103s][info ][gc] GC(773) Pause Young (Normal) (G1 Evacuation Pause) 168M->156M(512M) 33.308ms
[2020-08-01T12:04:53.459+0300][35.105s][info ][gc] GC(772) Pause Cleanup 161M->161M(512M) 0.074ms
[2020-08-01T12:04:53.459+0300][35.106s][info ][gc] GC(772) Concurrent Cycle 74.318ms
[2020-08-01T12:04:53.507+0300][35.153s][info ][gc] GC(774) Pause Young (Concurrent Start) (G1 Humongous Allocation) 187M->188M(512M) 26.132ms
[2020-08-01T12:04:53.507+0300][35.153s][info ][gc] GC(775) Concurrent Cycle
[2020-08-01T12:04:53.522+0300][35.169s][debug][gc] GC(775) Reclaimed 123 empty regions
[2020-08-01T12:04:53.522+0300][35.169s][info ][gc] GC(775) Pause Remark 240M->117M(512M) 0.522ms
[2020-08-01T12:04:53.576+0300][35.223s][info ][gc] GC(776) Pause Young (Normal) (G1 Evacuation Pause) 169M->156M(512M) 33.413ms
[2020-08-01T12:04:53.579+0300][35.225s][info ][gc] GC(775) Pause Cleanup 162M->162M(512M) 0.076ms
[2020-08-01T12:04:53.579+0300][35.226s][info ][gc] GC(775) Concurrent Cycle 72.526ms
[2020-08-01T12:04:53.625+0300][35.272s][info ][gc] GC(777) Pause Young (Concurrent Start) (G1 Humongous Allocation) 187M->188M(512M) 25.596ms
[2020-08-01T12:04:53.625+0300][35.272s][info ][gc] GC(778) Concurrent Cycle
[2020-08-01T12:04:53.641+0300][35.287s][debug][gc] GC(778) Reclaimed 123 empty regions
[2020-08-01T12:04:53.641+0300][35.287s][info ][gc] GC(778) Pause Remark 241M->118M(512M) 0.538ms
[2020-08-01T12:04:53.699+0300][35.346s][info ][gc] GC(779) Pause Young (Normal) (G1 Evacuation Pause) 169M->156M(512M) 36.835ms
[2020-08-01T12:04:53.702+0300][35.348s][info ][gc] GC(778) Pause Cleanup 162M->162M(512M) 0.078ms
[2020-08-01T12:04:53.702+0300][35.349s][info ][gc] GC(778) Concurrent Cycle 77.217ms
[2020-08-01T12:04:53.766+0300][35.413s][info ][gc] GC(780) Pause Young (Concurrent Start) (G1 Humongous Allocation) 187M->188M(512M) 41.653ms
[2020-08-01T12:04:53.766+0300][35.413s][info ][gc] GC(781) Concurrent Cycle
[2020-08-01T12:04:53.782+0300][35.429s][debug][gc] GC(781) Reclaimed 124 empty regions
[2020-08-01T12:04:53.782+0300][35.429s][info ][gc] GC(781) Pause Remark 241M->117M(512M) 0.566ms
[2020-08-01T12:04:53.837+0300][35.484s][info ][gc] GC(782) Pause Young (Normal) (G1 Evacuation Pause) 168M->155M(512M) 33.865ms
[2020-08-01T12:04:53.840+0300][35.487s][info ][gc] GC(781) Pause Cleanup 162M->162M(512M) 0.086ms
[2020-08-01T12:04:53.841+0300][35.488s][info ][gc] GC(781) Concurrent Cycle 74.821ms
[2020-08-01T12:04:53.897+0300][35.543s][info ][gc] GC(783) Pause Young (Concurrent Start) (G1 Humongous Allocation) 186M->187M(512M) 25.058ms
[2020-08-01T12:04:53.897+0300][35.543s][info ][gc] GC(784) Concurrent Cycle
[2020-08-01T12:04:53.913+0300][35.559s][debug][gc] GC(784) Reclaimed 123 empty regions
[2020-08-01T12:04:53.913+0300][35.559s][info ][gc] GC(784) Pause Remark 240M->117M(512M) 0.532ms
[2020-08-01T12:04:53.967+0300][35.613s][info ][gc] GC(785) Pause Young (Normal) (G1 Evacuation Pause) 168M->156M(512M) 33.681ms
[2020-08-01T12:04:53.970+0300][35.616s][info ][gc] GC(784) Pause Cleanup 161M->161M(512M) 0.088ms
[2020-08-01T12:04:53.970+0300][35.617s][info ][gc] GC(784) Concurrent Cycle 73.432ms
[2020-08-01T12:04:54.021+0300][35.668s][info ][gc] GC(786) Pause Young (Concurrent Start) (G1 Humongous Allocation) 187M->188M(512M) 25.515ms
[2020-08-01T12:04:54.021+0300][35.668s][info ][gc] GC(787) Concurrent Cycle
[2020-08-01T12:04:54.037+0300][35.683s][debug][gc] GC(787) Reclaimed 123 empty regions
[2020-08-01T12:04:54.037+0300][35.683s][info ][gc] GC(787) Pause Remark 241M->118M(512M) 0.613ms
[2020-08-01T12:04:54.092+0300][35.738s][info ][gc] GC(788) Pause Young (Normal) (G1 Evacuation Pause) 169M->156M(512M) 33.956ms
[2020-08-01T12:04:54.094+0300][35.740s][info ][gc] GC(787) Pause Cleanup 161M->161M(512M) 0.077ms
[2020-08-01T12:04:54.094+0300][35.741s][info ][gc] GC(787) Concurrent Cycle 73.228ms
[2020-08-01T12:04:54.175+0300][35.821s][info ][gc] GC(789) Pause Young (Concurrent Start) (G1 Humongous Allocation) 187M->189M(512M) 54.857ms
[2020-08-01T12:04:54.175+0300][35.821s][info ][gc] GC(790) Concurrent Cycle
[2020-08-01T12:04:54.191+0300][35.837s][debug][gc] GC(790) Reclaimed 124 empty regions
[2020-08-01T12:04:54.191+0300][35.837s][info ][gc] GC(790) Pause Remark 240M->116M(512M) 0.550ms
[2020-08-01T12:04:54.249+0300][35.895s][info ][gc] GC(791) Pause Young (Normal) (G1 Evacuation Pause) 169M->156M(512M) 36.323ms
[2020-08-01T12:04:54.250+0300][35.897s][info ][gc] GC(790) Pause Cleanup 158M->158M(512M) 0.101ms
[2020-08-01T12:04:54.251+0300][35.898s][info ][gc] GC(790) Concurrent Cycle 76.465ms
[2020-08-01T12:04:54.308+0300][35.954s][info ][gc] GC(792) Pause Young (Concurrent Start) (G1 Humongous Allocation) 187M->188M(512M) 34.989ms
[2020-08-01T12:04:54.308+0300][35.954s][info ][gc] GC(793) Concurrent Cycle
[2020-08-01T12:04:54.324+0300][35.970s][debug][gc] GC(793) Reclaimed 124 empty regions
[2020-08-01T12:04:54.324+0300][35.970s][info ][gc] GC(793) Pause Remark 241M->117M(512M) 0.523ms
[2020-08-01T12:04:54.376+0300][36.023s][info ][gc] GC(794) Pause Young (Normal) (G1 Evacuation Pause) 168M->155M(512M) 31.969ms
[2020-08-01T12:04:54.380+0300][36.026s][info ][gc] GC(793) Pause Cleanup 159M->159M(512M) 0.162ms
[2020-08-01T12:04:54.380+0300][36.027s][info ][gc] GC(793) Concurrent Cycle 72.541ms
[2020-08-01T12:04:54.440+0300][36.087s][info ][gc] GC(795) Pause Young (Concurrent Start) (G1 Humongous Allocation) 186M->187M(512M) 26.537ms
[2020-08-01T12:04:54.440+0300][36.087s][info ][gc] GC(796) Concurrent Cycle
[2020-08-01T12:04:54.456+0300][36.102s][debug][gc] GC(796) Reclaimed 121 empty regions
[2020-08-01T12:04:54.456+0300][36.102s][info ][gc] GC(796) Pause Remark 240M->119M(512M) 0.512ms
[2020-08-01T12:04:54.509+0300][36.156s][info ][gc] GC(797) Pause Young (Normal) (G1 Evacuation Pause) 170M->158M(512M) 32.700ms
[2020-08-01T12:04:54.512+0300][36.158s][info ][gc] GC(796) Pause Cleanup 164M->164M(512M) 0.085ms
[2020-08-01T12:04:54.512+0300][36.159s][info ][gc] GC(796) Concurrent Cycle 71.981ms
[2020-08-01T12:04:54.590+0300][36.236s][info ][gc] GC(798) Pause Young (Concurrent Start) (G1 Humongous Allocation) 189M->190M(512M) 52.297ms
[2020-08-01T12:04:54.590+0300][36.237s][info ][gc] GC(799) Concurrent Cycle
[2020-08-01T12:04:54.606+0300][36.253s][debug][gc] GC(799) Reclaimed 123 empty regions
[2020-08-01T12:04:54.606+0300][36.253s][info ][gc] GC(799) Pause Remark 241M->118M(512M) 0.548ms
[2020-08-01T12:04:54.664+0300][36.310s][info ][gc] GC(800) Pause Young (Normal) (G1 Evacuation Pause) 170M->157M(512M) 36.155ms
[2020-08-01T12:04:54.666+0300][36.312s][info ][gc] GC(799) Pause Cleanup 162M->162M(512M) 0.076ms
[2020-08-01T12:04:54.666+0300][36.313s][info ][gc] GC(799) Concurrent Cycle 76.254ms
[2020-08-01T12:04:54.722+0300][36.368s][info ][gc] GC(801) Pause Young (Concurrent Start) (G1 Humongous Allocation) 189M->190M(512M) 27.401ms
[2020-08-01T12:04:54.722+0300][36.369s][info ][gc] GC(802) Concurrent Cycle
[2020-08-01T12:04:54.738+0300][36.384s][debug][gc] GC(802) Reclaimed 123 empty regions
[2020-08-01T12:04:54.738+0300][36.384s][info ][gc] GC(802) Pause Remark 243M->120M(512M) 0.567ms
[2020-08-01T12:04:54.791+0300][36.438s][info ][gc] GC(803) Pause Young (Normal) (G1 Evacuation Pause) 170M->157M(512M) 33.395ms
[2020-08-01T12:04:54.795+0300][36.442s][info ][gc] GC(802) Pause Cleanup 165M->165M(512M) 0.087ms
[2020-08-01T12:04:54.797+0300][36.443s][info ][gc] GC(802) Concurrent Cycle 74.398ms
[2020-08-01T12:04:54.845+0300][36.492s][info ][gc] GC(804) Pause Young (Concurrent Start) (G1 Humongous Allocation) 189M->190M(512M) 26.823ms
[2020-08-01T12:04:54.846+0300][36.492s][info ][gc] GC(805) Concurrent Cycle
[2020-08-01T12:04:54.862+0300][36.509s][debug][gc] GC(805) Reclaimed 122 empty regions
[2020-08-01T12:04:54.862+0300][36.509s][info ][gc] GC(805) Pause Remark 239M->117M(512M) 0.531ms
[2020-08-01T12:04:54.916+0300][36.563s][info ][gc] GC(806) Pause Young (Normal) (G1 Evacuation Pause) 171M->158M(512M) 32.682ms
[2020-08-01T12:04:54.918+0300][36.565s][info ][gc] GC(805) Pause Cleanup 162M->162M(512M) 0.083ms
[2020-08-01T12:04:54.919+0300][36.565s][info ][gc] GC(805) Concurrent Cycle 73.184ms
[2020-08-01T12:04:55.000+0300][36.646s][info ][gc] GC(807) Pause Young (Concurrent Start) (G1 Humongous Allocation) 190M->192M(512M) 56.851ms
[2020-08-01T12:04:55.000+0300][36.646s][info ][gc] GC(808) Concurrent Cycle
[2020-08-01T12:04:55.017+0300][36.663s][debug][gc] GC(808) Reclaimed 124 empty regions
[2020-08-01T12:04:55.017+0300][36.663s][info ][gc] GC(808) Pause Remark 241M->117M(512M) 0.564ms
[2020-08-01T12:04:55.071+0300][36.718s][info ][gc] GC(809) Pause Young (Normal) (G1 Evacuation Pause) 171M->158M(512M) 32.324ms
[2020-08-01T12:04:55.073+0300][36.720s][info ][gc] GC(808) Pause Cleanup 163M->163M(512M) 0.076ms
[2020-08-01T12:04:55.074+0300][36.720s][info ][gc] GC(808) Concurrent Cycle 74.104ms
[2020-08-01T12:04:55.149+0300][36.795s][info ][gc] GC(810) Pause Young (Concurrent Start) (G1 Humongous Allocation) 190M->191M(512M) 48.764ms
[2020-08-01T12:04:55.149+0300][36.795s][info ][gc] GC(811) Concurrent Cycle
[2020-08-01T12:04:55.165+0300][36.811s][debug][gc] GC(811) Reclaimed 123 empty regions
[2020-08-01T12:04:55.165+0300][36.811s][info ][gc] GC(811) Pause Remark 244M->121M(512M) 0.533ms
[2020-08-01T12:04:55.218+0300][36.864s][info ][gc] GC(812) Pause Young (Normal) (G1 Evacuation Pause) 171M->159M(512M) 33.286ms
[2020-08-01T12:04:55.221+0300][36.868s][info ][gc] GC(811) Pause Cleanup 167M->167M(512M) 0.083ms
[2020-08-01T12:04:55.222+0300][36.868s][info ][gc] GC(811) Concurrent Cycle 73.197ms
[2020-08-01T12:04:55.282+0300][36.929s][info ][gc] GC(813) Pause Young (Concurrent Start) (G1 Humongous Allocation) 191M->192M(512M) 26.735ms
[2020-08-01T12:04:55.283+0300][36.929s][info ][gc] GC(814) Concurrent Cycle
[2020-08-01T12:04:55.298+0300][36.945s][debug][gc] GC(814) Reclaimed 124 empty regions
[2020-08-01T12:04:55.298+0300][36.945s][info ][gc] GC(814) Pause Remark 244M->120M(512M) 0.580ms
[2020-08-01T12:04:55.353+0300][36.999s][info ][gc] GC(815) Pause Young (Normal) (G1 Evacuation Pause) 171M->158M(512M) 34.291ms
[2020-08-01T12:04:55.356+0300][37.002s][info ][gc] GC(814) Pause Cleanup 164M->164M(512M) 0.079ms
[2020-08-01T12:04:55.356+0300][37.003s][info ][gc] GC(814) Concurrent Cycle 73.776ms
[2020-08-01T12:04:55.419+0300][37.065s][info ][gc] GC(816) Pause Young (Concurrent Start) (G1 Humongous Allocation) 190M->191M(512M) 37.997ms
[2020-08-01T12:04:55.419+0300][37.065s][info ][gc] GC(817) Concurrent Cycle
[2020-08-01T12:04:55.435+0300][37.082s][debug][gc] GC(817) Reclaimed 124 empty regions
[2020-08-01T12:04:55.435+0300][37.082s][info ][gc] GC(817) Pause Remark 244M->120M(512M) 0.520ms
[2020-08-01T12:04:55.487+0300][37.134s][info ][gc] GC(818) Pause Young (Normal) (G1 Evacuation Pause) 170M->157M(512M) 31.719ms
[2020-08-01T12:04:55.490+0300][37.137s][info ][gc] GC(817) Pause Cleanup 165M->165M(512M) 0.079ms
[2020-08-01T12:04:55.491+0300][37.137s][info ][gc] GC(817) Concurrent Cycle 72.153ms
[2020-08-01T12:04:55.579+0300][37.225s][info ][gc] GC(819) Pause Young (Concurrent Start) (G1 Humongous Allocation) 189M->190M(512M) 57.978ms
[2020-08-01T12:04:55.579+0300][37.225s][info ][gc] GC(820) Concurrent Cycle
[2020-08-01T12:04:55.595+0300][37.242s][debug][gc] GC(820) Reclaimed 122 empty regions
[2020-08-01T12:04:55.595+0300][37.242s][info ][gc] GC(820) Pause Remark 243M->121M(512M) 0.610ms
[2020-08-01T12:04:55.649+0300][37.295s][info ][gc] GC(821) Pause Young (Normal) (G1 Evacuation Pause) 171M->159M(512M) 33.545ms
[2020-08-01T12:04:55.652+0300][37.299s][info ][gc] GC(820) Pause Cleanup 167M->167M(512M) 0.092ms
[2020-08-01T12:04:55.653+0300][37.299s][info ][gc] GC(820) Concurrent Cycle 74.055ms
[2020-08-01T12:04:55.701+0300][37.347s][info ][gc] GC(822) Pause Young (Concurrent Start) (G1 Humongous Allocation) 191M->192M(512M) 25.276ms
[2020-08-01T12:04:55.701+0300][37.347s][info ][gc] GC(823) Concurrent Cycle
[2020-08-01T12:04:55.717+0300][37.363s][debug][gc] GC(823) Reclaimed 124 empty regions
[2020-08-01T12:04:55.717+0300][37.363s][info ][gc] GC(823) Pause Remark 244M->120M(512M) 0.527ms
[2020-08-01T12:04:55.769+0300][37.416s][info ][gc] GC(824) Pause Young (Normal) (G1 Evacuation Pause) 171M->159M(512M) 31.852ms
[2020-08-01T12:04:55.772+0300][37.418s][info ][gc] GC(823) Pause Cleanup 165M->165M(512M) 0.085ms
[2020-08-01T12:04:55.772+0300][37.419s][info ][gc] GC(823) Concurrent Cycle 71.483ms
[2020-08-01T12:04:55.854+0300][37.500s][info ][gc] GC(825) Pause Young (Concurrent Start) (G1 Humongous Allocation) 191M->192M(512M) 55.894ms
[2020-08-01T12:04:55.854+0300][37.500s][info ][gc] GC(826) Concurrent Cycle
[2020-08-01T12:04:55.873+0300][37.519s][debug][gc] GC(826) Reclaimed 124 empty regions
[2020-08-01T12:04:55.873+0300][37.519s][info ][gc] GC(826) Pause Remark 242M->118M(512M) 0.608ms
[2020-08-01T12:04:55.927+0300][37.574s][info ][gc] GC(827) Pause Young (Normal) (G1 Evacuation Pause) 171M->158M(512M) 32.275ms
[2020-08-01T12:04:55.929+0300][37.576s][info ][gc] GC(826) Pause Cleanup 163M->163M(512M) 0.083ms
[2020-08-01T12:04:55.930+0300][37.577s][info ][gc] GC(826) Concurrent Cycle 76.225ms
[2020-08-01T12:04:55.980+0300][37.627s][info ][gc] GC(828) Pause Young (Concurrent Start) (G1 Humongous Allocation) 190M->191M(512M) 26.664ms
[2020-08-01T12:04:55.980+0300][37.627s][info ][gc] GC(829) Concurrent Cycle
[2020-08-01T12:04:55.996+0300][37.642s][debug][gc] GC(829) Reclaimed 123 empty regions
[2020-08-01T12:04:55.996+0300][37.642s][info ][gc] GC(829) Pause Remark 244M->121M(512M) 0.540ms
[2020-08-01T12:04:56.049+0300][37.695s][info ][gc] GC(830) Pause Young (Normal) (G1 Evacuation Pause) 171M->158M(512M) 32.586ms
[2020-08-01T12:04:56.052+0300][37.699s][info ][gc] GC(829) Pause Cleanup 166M->166M(512M) 0.079ms
[2020-08-01T12:04:56.053+0300][37.699s][info ][gc] GC(829) Concurrent Cycle 72.244ms
[2020-08-01T12:04:56.119+0300][37.765s][info ][gc] GC(831) Pause Young (Concurrent Start) (G1 Humongous Allocation) 190M->191M(512M) 41.236ms
[2020-08-01T12:04:56.119+0300][37.766s][info ][gc] GC(832) Concurrent Cycle
[2020-08-01T12:04:56.135+0300][37.781s][debug][gc] GC(832) Reclaimed 124 empty regions
[2020-08-01T12:04:56.135+0300][37.781s][info ][gc] GC(832) Pause Remark 243M->119M(512M) 0.534ms
[2020-08-01T12:04:56.186+0300][37.832s][info ][gc] GC(833) Pause Young (Normal) (G1 Evacuation Pause) 170M->158M(512M) 30.922ms
[2020-08-01T12:04:56.189+0300][37.835s][info ][gc] GC(832) Pause Cleanup 166M->166M(512M) 0.080ms
[2020-08-01T12:04:56.190+0300][37.836s][info ][gc] GC(832) Concurrent Cycle 70.438ms
[2020-08-01T12:04:56.244+0300][37.890s][info ][gc] GC(834) Pause Young (Concurrent Start) (G1 Humongous Allocation) 190M->191M(512M) 25.234ms
[2020-08-01T12:04:56.244+0300][37.890s][info ][gc] GC(835) Concurrent Cycle
[2020-08-01T12:04:56.260+0300][37.906s][debug][gc] GC(835) Reclaimed 124 empty regions
[2020-08-01T12:04:56.260+0300][37.906s][info ][gc] GC(835) Pause Remark 243M->119M(512M) 0.535ms
[2020-08-01T12:04:56.311+0300][37.957s][info ][gc] GC(836) Pause Young (Normal) (G1 Evacuation Pause) 170M->157M(512M) 30.924ms
[2020-08-01T12:04:56.314+0300][37.961s][info ][gc] GC(835) Pause Cleanup 164M->164M(512M) 0.086ms
[2020-08-01T12:04:56.315+0300][37.961s][info ][gc] GC(835) Concurrent Cycle 70.764ms
[2020-08-01T12:04:56.397+0300][38.044s][info ][gc] GC(837) Pause Young (Concurrent Start) (G1 Humongous Allocation) 189M->190M(512M) 54.453ms
[2020-08-01T12:04:56.397+0300][38.044s][info ][gc] GC(838) Concurrent Cycle
[2020-08-01T12:04:56.414+0300][38.060s][debug][gc] GC(838) Reclaimed 123 empty regions
[2020-08-01T12:04:56.414+0300][38.060s][info ][gc] GC(838) Pause Remark 243M->120M(512M) 0.529ms
[2020-08-01T12:04:56.466+0300][38.112s][info ][gc] GC(839) Pause Young (Normal) (G1 Evacuation Pause) 170M->158M(512M) 32.316ms
[2020-08-01T12:04:56.470+0300][38.116s][info ][gc] GC(838) Pause Cleanup 167M->167M(512M) 0.087ms
[2020-08-01T12:04:56.470+0300][38.117s][info ][gc] GC(838) Concurrent Cycle 72.836ms
[2020-08-01T12:04:56.559+0300][38.205s][info ][gc] GC(840) Pause Young (Concurrent Start) (G1 Humongous Allocation) 190M->190M(512M) 59.563ms
[2020-08-01T12:04:56.559+0300][38.205s][info ][gc] GC(841) Concurrent Cycle
[2020-08-01T12:04:56.575+0300][38.221s][debug][gc] GC(841) Reclaimed 123 empty regions
[2020-08-01T12:04:56.575+0300][38.222s][info ][gc] GC(841) Pause Remark 244M->121M(512M) 0.524ms
[2020-08-01T12:04:56.626+0300][38.273s][info ][gc] GC(842) Pause Young (Normal) (G1 Evacuation Pause) 170M->158M(512M) 31.320ms
[2020-08-01T12:04:56.630+0300][38.277s][info ][gc] GC(841) Pause Cleanup 167M->167M(512M) 0.090ms
[2020-08-01T12:04:56.631+0300][38.277s][info ][gc] GC(841) Concurrent Cycle 72.263ms
[2020-08-01T12:04:56.681+0300][38.328s][info ][gc] GC(843) Pause Young (Concurrent Start) (G1 Humongous Allocation) 190M->191M(512M) 26.689ms
[2020-08-01T12:04:56.681+0300][38.328s][info ][gc] GC(844) Concurrent Cycle
[2020-08-01T12:04:56.697+0300][38.343s][debug][gc] GC(844) Reclaimed 124 empty regions
[2020-08-01T12:04:56.697+0300][38.343s][info ][gc] GC(844) Pause Remark 244M->120M(512M) 0.580ms
[2020-08-01T12:04:56.748+0300][38.394s][info ][gc] GC(845) Pause Young (Normal) (G1 Evacuation Pause) 170M->158M(512M) 30.938ms
[2020-08-01T12:04:56.751+0300][38.398s][info ][gc] GC(844) Pause Cleanup 165M->165M(512M) 0.080ms
[2020-08-01T12:04:56.752+0300][38.398s][info ][gc] GC(844) Concurrent Cycle 70.539ms
[2020-08-01T12:04:56.804+0300][38.450s][info ][gc] GC(846) Pause Young (Concurrent Start) (G1 Humongous Allocation) 190M->191M(512M) 25.127ms
[2020-08-01T12:04:56.804+0300][38.450s][info ][gc] GC(847) Concurrent Cycle
[2020-08-01T12:04:56.821+0300][38.467s][debug][gc] GC(847) Reclaimed 123 empty regions
[2020-08-01T12:04:56.821+0300][38.467s][info ][gc] GC(847) Pause Remark 246M->123M(512M) 0.876ms
[2020-08-01T12:04:56.875+0300][38.521s][info ][gc] GC(848) Pause Young (Normal) (G1 Evacuation Pause) 171M->158M(512M) 33.432ms
[2020-08-01T12:04:56.879+0300][38.525s][info ][gc] GC(847) Pause Cleanup 166M->166M(512M) 0.109ms
[2020-08-01T12:04:56.879+0300][38.526s][info ][gc] GC(847) Concurrent Cycle 75.635ms
[2020-08-01T12:04:56.928+0300][38.575s][info ][gc] GC(849) Pause Young (Concurrent Start) (G1 Humongous Allocation) 190M->192M(512M) 25.454ms
[2020-08-01T12:04:56.928+0300][38.575s][info ][gc] GC(850) Concurrent Cycle
[2020-08-01T12:04:56.944+0300][38.590s][debug][gc] GC(850) Reclaimed 124 empty regions
[2020-08-01T12:04:56.944+0300][38.590s][info ][gc] GC(850) Pause Remark 245M->121M(512M) 0.600ms
[2020-08-01T12:04:56.996+0300][38.642s][info ][gc] GC(851) Pause Young (Normal) (G1 Evacuation Pause) 171M->158M(512M) 32.238ms
[2020-08-01T12:04:56.999+0300][38.646s][info ][gc] GC(850) Pause Cleanup 166M->166M(512M) 0.081ms
[2020-08-01T12:04:57.000+0300][38.646s][info ][gc] GC(850) Concurrent Cycle 71.806ms
[2020-08-01T12:04:57.053+0300][38.699s][info ][gc] GC(852) Pause Young (Concurrent Start) (G1 Humongous Allocation) 190M->190M(512M) 25.281ms
[2020-08-01T12:04:57.053+0300][38.699s][info ][gc] GC(853) Concurrent Cycle
[2020-08-01T12:04:57.069+0300][38.715s][debug][gc] GC(853) Reclaimed 122 empty regions
[2020-08-01T12:04:57.069+0300][38.715s][info ][gc] GC(853) Pause Remark 244M->122M(512M) 0.638ms
[2020-08-01T12:04:57.121+0300][38.767s][info ][gc] GC(854) Pause Young (Normal) (G1 Evacuation Pause) 171M->159M(512M) 31.165ms
[2020-08-01T12:04:57.124+0300][38.770s][info ][gc] GC(853) Pause Cleanup 166M->166M(512M) 0.084ms
[2020-08-01T12:04:57.124+0300][38.771s][info ][gc] GC(853) Concurrent Cycle 71.474ms
[2020-08-01T12:04:57.211+0300][38.857s][info ][gc] GC(855) Pause Young (Concurrent Start) (G1 Humongous Allocation) 191M->191M(512M) 56.710ms
[2020-08-01T12:04:57.211+0300][38.857s][info ][gc] GC(856) Concurrent Cycle
[2020-08-01T12:04:57.227+0300][38.874s][debug][gc] GC(856) Reclaimed 123 empty regions
[2020-08-01T12:04:57.227+0300][38.874s][info ][gc] GC(856) Pause Remark 245M->122M(512M) 0.531ms
[2020-08-01T12:04:57.279+0300][38.926s][info ][gc] GC(857) Pause Young (Normal) (G1 Evacuation Pause) 171M->158M(512M) 32.280ms
[2020-08-01T12:04:57.283+0300][38.929s][info ][gc] GC(856) Pause Cleanup 165M->165M(512M) 0.093ms
[2020-08-01T12:04:57.283+0300][38.930s][info ][gc] GC(856) Concurrent Cycle 72.811ms
[2020-08-01T12:04:57.347+0300][38.993s][info ][gc] GC(858) Pause Young (Concurrent Start) (G1 Humongous Allocation) 190M->191M(512M) 38.050ms
[2020-08-01T12:04:57.347+0300][38.993s][info ][gc] GC(859) Concurrent Cycle
[2020-08-01T12:04:57.363+0300][39.009s][debug][gc] GC(859) Reclaimed 122 empty regions
[2020-08-01T12:04:57.363+0300][39.009s][info ][gc] GC(859) Pause Remark 244M->122M(512M) 0.540ms
[2020-08-01T12:04:57.415+0300][39.062s][info ][gc] GC(860) Pause Young (Normal) (G1 Evacuation Pause) 172M->159M(512M) 32.452ms
[2020-08-01T12:04:57.419+0300][39.065s][info ][gc] GC(859) Pause Cleanup 167M->167M(512M) 0.089ms
[2020-08-01T12:04:57.419+0300][39.066s][info ][gc] GC(859) Concurrent Cycle 72.304ms
[2020-08-01T12:04:57.502+0300][39.148s][info ][gc] GC(861) Pause Young (Concurrent Start) (G1 Humongous Allocation) 191M->193M(512M) 53.254ms
[2020-08-01T12:04:57.502+0300][39.148s][info ][gc] GC(862) Concurrent Cycle
[2020-08-01T12:04:57.518+0300][39.165s][debug][gc] GC(862) Reclaimed 124 empty regions
[2020-08-01T12:04:57.518+0300][39.165s][info ][gc] GC(862) Pause Remark 244M->120M(512M) 0.511ms
[2020-08-01T12:04:57.581+0300][39.227s][info ][gc] GC(863) Pause Young (Normal) (G1 Evacuation Pause) 171M->158M(512M) 40.462ms
[2020-08-01T12:04:57.583+0300][39.229s][info ][gc] GC(862) Pause Cleanup 162M->162M(512M) 0.101ms
[2020-08-01T12:04:57.583+0300][39.230s][info ][gc] GC(862) Concurrent Cycle 81.349ms
[2020-08-01T12:04:57.638+0300][39.284s][info ][gc] GC(864) Pause Young (Concurrent Start) (G1 Humongous Allocation) 191M->193M(512M) 31.220ms
[2020-08-01T12:04:57.638+0300][39.284s][info ][gc] GC(865) Concurrent Cycle
[2020-08-01T12:04:57.655+0300][39.301s][debug][gc] GC(865) Reclaimed 124 empty regions
[2020-08-01T12:04:57.655+0300][39.301s][info ][gc] GC(865) Pause Remark 246M->122M(512M) 0.600ms
[2020-08-01T12:04:57.712+0300][39.359s][info ][gc] GC(866) Pause Young (Normal) (G1 Evacuation Pause) 172M->159M(512M) 36.087ms
[2020-08-01T12:04:57.716+0300][39.362s][info ][gc] GC(865) Pause Cleanup 168M->168M(512M) 0.095ms
[2020-08-01T12:04:57.716+0300][39.363s][info ][gc] GC(865) Concurrent Cycle 78.475ms
[2020-08-01T12:04:57.771+0300][39.418s][info ][gc] GC(867) Pause Young (Concurrent Start) (G1 Humongous Allocation) 191M->193M(512M) 27.792ms
[2020-08-01T12:04:57.771+0300][39.418s][info ][gc] GC(868) Concurrent Cycle
[2020-08-01T12:04:57.789+0300][39.436s][debug][gc] GC(868) Reclaimed 124 empty regions
[2020-08-01T12:04:57.789+0300][39.436s][info ][gc] GC(868) Pause Remark 248M->124M(512M) 0.878ms
[2020-08-01T12:04:57.844+0300][39.491s][info ][gc] GC(869) Pause Young (Normal) (G1 Evacuation Pause) 171M->159M(512M) 35.477ms
[2020-08-01T12:04:57.848+0300][39.495s][info ][gc] GC(868) Pause Cleanup 168M->168M(512M) 0.081ms
[2020-08-01T12:04:57.849+0300][39.496s][info ][gc] GC(868) Concurrent Cycle 77.739ms
[2020-08-01T12:04:57.910+0300][39.556s][info ][gc] GC(870) Pause Young (Concurrent Start) (G1 Humongous Allocation) 192M->193M(512M) 26.038ms
[2020-08-01T12:04:57.910+0300][39.556s][info ][gc] GC(871) Concurrent Cycle
[2020-08-01T12:04:57.925+0300][39.572s][debug][gc] GC(871) Reclaimed 124 empty regions
[2020-08-01T12:04:57.925+0300][39.572s][info ][gc] GC(871) Pause Remark 245M->121M(512M) 0.568ms
[2020-08-01T12:04:57.980+0300][39.626s][info ][gc] GC(872) Pause Young (Normal) (G1 Evacuation Pause) 171M->159M(512M) 34.068ms
[2020-08-01T12:04:57.983+0300][39.629s][info ][gc] GC(871) Pause Cleanup 166M->166M(512M) 0.091ms
[2020-08-01T12:04:57.983+0300][39.630s][info ][gc] GC(871) Concurrent Cycle 73.543ms
[2020-08-01T12:04:58.040+0300][39.686s][info ][gc] GC(873) Pause Young (Concurrent Start) (G1 Humongous Allocation) 192M->192M(512M) 30.960ms
[2020-08-01T12:04:58.040+0300][39.686s][info ][gc] GC(874) Concurrent Cycle
[2020-08-01T12:04:58.057+0300][39.703s][debug][gc] GC(874) Reclaimed 121 empty regions
[2020-08-01T12:04:58.057+0300][39.703s][info ][gc] GC(874) Pause Remark 246M->125M(512M) 0.597ms
[2020-08-01T12:04:58.109+0300][39.756s][info ][gc] GC(875) Pause Young (Normal) (G1 Evacuation Pause) 174M->162M(512M) 32.657ms
[2020-08-01T12:04:58.113+0300][39.759s][info ][gc] GC(874) Pause Cleanup 167M->167M(512M) 0.094ms
[2020-08-01T12:04:58.114+0300][39.760s][info ][gc] GC(874) Concurrent Cycle 74.113ms
[2020-08-01T12:04:58.177+0300][39.823s][info ][gc] GC(876) Pause Young (Concurrent Start) (G1 Humongous Allocation) 194M->195M(512M) 27.900ms
[2020-08-01T12:04:58.177+0300][39.823s][info ][gc] GC(877) Concurrent Cycle
[2020-08-01T12:04:58.194+0300][39.841s][debug][gc] GC(877) Reclaimed 123 empty regions
[2020-08-01T12:04:58.194+0300][39.841s][info ][gc] GC(877) Pause Remark 245M->122M(512M) 0.769ms
[2020-08-01T12:04:58.255+0300][39.901s][info ][gc] GC(878) Pause Young (Normal) (G1 Evacuation Pause) 174M->161M(512M) 38.743ms
[2020-08-01T12:04:58.257+0300][39.903s][info ][gc] GC(877) Pause Cleanup 166M->166M(512M) 0.094ms
[2020-08-01T12:04:58.257+0300][39.904s][info ][gc] GC(877) Concurrent Cycle 80.790ms
[2020-08-01T12:04:58.340+0300][39.986s][info ][gc] GC(879) Pause Young (Concurrent Start) (G1 Humongous Allocation) 194M->196M(512M) 50.212ms
[2020-08-01T12:04:58.340+0300][39.986s][info ][gc] GC(880) Concurrent Cycle
[2020-08-01T12:04:58.358+0300][40.005s][debug][gc] GC(880) Reclaimed 124 empty regions
[2020-08-01T12:04:58.358+0300][40.005s][info ][gc] GC(880) Pause Remark 245M->121M(512M) 0.596ms
[2020-08-01T12:04:58.416+0300][40.063s][info ][gc] GC(881) Pause Young (Normal) (G1 Evacuation Pause) 174M->162M(512M) 35.933ms
[2020-08-01T12:04:58.419+0300][40.065s][info ][gc] GC(880) Pause Cleanup 168M->168M(512M) 0.133ms
[2020-08-01T12:04:58.419+0300][40.066s][info ][gc] GC(880) Concurrent Cycle 79.253ms
[2020-08-01T12:04:58.473+0300][40.120s][info ][gc] GC(882) Pause Young (Concurrent Start) (G1 Humongous Allocation) 195M->196M(512M) 28.414ms
[2020-08-01T12:04:58.473+0300][40.120s][info ][gc] GC(883) Concurrent Cycle
[2020-08-01T12:04:58.490+0300][40.137s][debug][gc] GC(883) Reclaimed 124 empty regions
[2020-08-01T12:04:58.490+0300][40.137s][info ][gc] GC(883) Pause Remark 250M->126M(512M) 0.597ms
[2020-08-01T12:04:58.549+0300][40.196s][info ][gc] GC(884) Pause Young (Normal) (G1 Evacuation Pause) 174M->162M(512M) 39.065ms
[2020-08-01T12:04:58.554+0300][40.201s][info ][gc] GC(883) Pause Cleanup 170M->170M(512M) 0.153ms
[2020-08-01T12:04:58.555+0300][40.202s][info ][gc] GC(883) Concurrent Cycle 82.038ms
[2020-08-01T12:04:58.627+0300][40.274s][info ][gc] GC(885) Pause Young (Concurrent Start) (G1 Humongous Allocation) 195M->196M(512M) 41.425ms
[2020-08-01T12:04:58.627+0300][40.274s][info ][gc] GC(886) Concurrent Cycle
[2020-08-01T12:04:58.645+0300][40.292s][debug][gc] GC(886) Reclaimed 125 empty regions
[2020-08-01T12:04:58.646+0300][40.292s][info ][gc] GC(886) Pause Remark 250M->125M(512M) 1.023ms
[2020-08-01T12:04:58.701+0300][40.347s][info ][gc] GC(887) Pause Young (Normal) (G1 Evacuation Pause) 173M->162M(512M) 35.366ms
[2020-08-01T12:04:58.705+0300][40.351s][info ][gc] GC(886) Pause Cleanup 171M->171M(512M) 0.090ms
[2020-08-01T12:04:58.705+0300][40.352s][info ][gc] GC(886) Concurrent Cycle 77.876ms
[2020-08-01T12:04:58.750+0300][40.396s][info ][gc] GC(888) Pause Young (Concurrent Start) (G1 Humongous Allocation) 195M->195M(512M) 25.375ms
[2020-08-01T12:04:58.750+0300][40.396s][info ][gc] GC(889) Concurrent Cycle
[2020-08-01T12:04:58.767+0300][40.414s][debug][gc] GC(889) Reclaimed 124 empty regions
[2020-08-01T12:04:58.767+0300][40.414s][info ][gc] GC(889) Pause Remark 249M->125M(512M) 0.589ms
[2020-08-01T12:04:58.818+0300][40.464s][info ][gc] GC(890) Pause Young (Normal) (G1 Evacuation Pause) 173M->162M(512M) 31.474ms
[2020-08-01T12:04:58.823+0300][40.470s][info ][gc] GC(889) Pause Cleanup 173M->173M(512M) 0.101ms
[2020-08-01T12:04:58.824+0300][40.470s][info ][gc] GC(889) Concurrent Cycle 73.847ms
[2020-08-01T12:04:58.870+0300][40.516s][info ][gc] GC(891) Pause Young (Concurrent Start) (G1 Humongous Allocation) 195M->196M(512M) 26.153ms
[2020-08-01T12:04:58.870+0300][40.516s][info ][gc] GC(892) Concurrent Cycle
[2020-08-01T12:04:58.886+0300][40.532s][debug][gc] GC(892) Reclaimed 124 empty regions
[2020-08-01T12:04:58.886+0300][40.532s][info ][gc] GC(892) Pause Remark 245M->121M(512M) 0.550ms
[2020-08-01T12:04:58.939+0300][40.586s][info ][gc] GC(893) Pause Young (Normal) (G1 Evacuation Pause) 174M->161M(512M) 31.859ms
[2020-08-01T12:04:58.942+0300][40.589s][info ][gc] GC(892) Pause Cleanup 166M->166M(512M) 0.110ms
[2020-08-01T12:04:58.943+0300][40.589s][info ][gc] GC(892) Concurrent Cycle 72.890ms
[2020-08-01T12:04:59.037+0300][40.684s][info ][gc] GC(894) Pause Young (Concurrent Start) (G1 Humongous Allocation) 194M->195M(512M) 62.414ms
[2020-08-01T12:04:59.037+0300][40.684s][info ][gc] GC(895) Concurrent Cycle
[2020-08-01T12:04:59.055+0300][40.702s][debug][gc] GC(895) Reclaimed 123 empty regions
[2020-08-01T12:04:59.055+0300][40.702s][info ][gc] GC(895) Pause Remark 248M->125M(512M) 0.738ms
[2020-08-01T12:04:59.111+0300][40.757s][info ][gc] GC(896) Pause Young (Normal) (G1 Evacuation Pause) 174M->162M(512M) 35.109ms
[2020-08-01T12:04:59.114+0300][40.761s][info ][gc] GC(895) Pause Cleanup 170M->170M(512M) 0.086ms
[2020-08-01T12:04:59.115+0300][40.761s][info ][gc] GC(895) Concurrent Cycle 77.536ms
[2020-08-01T12:04:59.192+0300][40.838s][info ][gc] GC(897) Pause Young (Concurrent Start) (G1 Humongous Allocation) 195M->195M(512M) 45.193ms
[2020-08-01T12:04:59.192+0300][40.839s][info ][gc] GC(898) Concurrent Cycle
[2020-08-01T12:04:59.208+0300][40.854s][debug][gc] GC(898) Reclaimed 123 empty regions
[2020-08-01T12:04:59.208+0300][40.854s][info ][gc] GC(898) Pause Remark 249M->126M(512M) 0.563ms
[2020-08-01T12:04:59.262+0300][40.908s][info ][gc] GC(899) Pause Young (Normal) (G1 Evacuation Pause) 174M->163M(512M) 34.015ms
[2020-08-01T12:04:59.267+0300][40.913s][info ][gc] GC(898) Pause Cleanup 173M->173M(512M) 0.214ms
[2020-08-01T12:04:59.268+0300][40.914s][info ][gc] GC(898) Concurrent Cycle 75.654ms
[2020-08-01T12:04:59.359+0300][41.005s][info ][gc] GC(900) Pause Young (Concurrent Start) (G1 Humongous Allocation) 196M->197M(512M) 56.731ms
[2020-08-01T12:04:59.359+0300][41.005s][info ][gc] GC(901) Concurrent Cycle
[2020-08-01T12:04:59.376+0300][41.022s][debug][gc] GC(901) Reclaimed 124 empty regions
[2020-08-01T12:04:59.376+0300][41.022s][info ][gc] GC(901) Pause Remark 246M->122M(512M) 0.572ms
[2020-08-01T12:04:59.431+0300][41.077s][info ][gc] GC(902) Pause Young (Normal) (G1 Evacuation Pause) 174M->162M(512M) 33.401ms
[2020-08-01T12:04:59.433+0300][41.080s][info ][gc] GC(901) Pause Cleanup 168M->168M(512M) 0.088ms
[2020-08-01T12:04:59.434+0300][41.080s][info ][gc] GC(901) Concurrent Cycle 75.250ms
[2020-08-01T12:04:59.497+0300][41.144s][info ][gc] GC(903) Pause Young (Concurrent Start) (G1 Humongous Allocation) 196M->198M(512M) 40.330ms
[2020-08-01T12:04:59.497+0300][41.144s][info ][gc] GC(904) Concurrent Cycle
[2020-08-01T12:04:59.514+0300][41.161s][debug][gc] GC(904) Reclaimed 124 empty regions
[2020-08-01T12:04:59.514+0300][41.161s][info ][gc] GC(904) Pause Remark 251M->127M(512M) 0.529ms
[2020-08-01T12:04:59.565+0300][41.212s][info ][gc] GC(905) Pause Young (Normal) (G1 Evacuation Pause) 175M->163M(512M) 31.627ms
[2020-08-01T12:04:59.570+0300][41.217s][info ][gc] GC(904) Pause Cleanup 174M->174M(512M) 0.111ms
[2020-08-01T12:04:59.571+0300][41.217s][info ][gc] GC(904) Concurrent Cycle 73.401ms
[2020-08-01T12:04:59.650+0300][41.296s][info ][gc] GC(906) Pause Young (Concurrent Start) (G1 Humongous Allocation) 197M->198M(512M) 53.062ms
[2020-08-01T12:04:59.650+0300][41.296s][info ][gc] GC(907) Concurrent Cycle
[2020-08-01T12:04:59.666+0300][41.313s][debug][gc] GC(907) Reclaimed 124 empty regions
[2020-08-01T12:04:59.666+0300][41.313s][info ][gc] GC(907) Pause Remark 252M->128M(512M) 0.610ms
[2020-08-01T12:04:59.723+0300][41.370s][info ][gc] GC(908) Pause Young (Normal) (G1 Evacuation Pause) 175M->164M(512M) 34.074ms
[2020-08-01T12:04:59.727+0300][41.373s][info ][gc] GC(907) Pause Cleanup 171M->171M(512M) 0.113ms
[2020-08-01T12:04:59.728+0300][41.374s][info ][gc] GC(907) Concurrent Cycle 77.860ms
[2020-08-01T12:04:59.778+0300][41.424s][info ][gc] GC(909) Pause Young (Concurrent Start) (G1 Humongous Allocation) 198M->199M(512M) 27.419ms
[2020-08-01T12:04:59.778+0300][41.425s][info ][gc] GC(910) Concurrent Cycle
[2020-08-01T12:04:59.794+0300][41.441s][debug][gc] GC(910) Reclaimed 125 empty regions
[2020-08-01T12:04:59.794+0300][41.441s][info ][gc] GC(910) Pause Remark 252M->127M(512M) 0.542ms
[2020-08-01T12:04:59.847+0300][41.493s][info ][gc] GC(911) Pause Young (Normal) (G1 Evacuation Pause) 175M->163M(512M) 32.880ms
[2020-08-01T12:04:59.851+0300][41.497s][info ][gc] GC(910) Pause Cleanup 173M->173M(512M) 0.094ms
[2020-08-01T12:04:59.852+0300][41.498s][info ][gc] GC(910) Concurrent Cycle 73.547ms
[2020-08-01T12:04:59.903+0300][41.549s][info ][gc] GC(912) Pause Young (Concurrent Start) (G1 Humongous Allocation) 197M->199M(512M) 28.139ms
[2020-08-01T12:04:59.903+0300][41.549s][info ][gc] GC(913) Concurrent Cycle
[2020-08-01T12:04:59.920+0300][41.567s][debug][gc] GC(913) Reclaimed 125 empty regions
[2020-08-01T12:04:59.920+0300][41.567s][info ][gc] GC(913) Pause Remark 250M->125M(512M) 0.677ms
[2020-08-01T12:04:59.974+0300][41.620s][info ][gc] GC(914) Pause Young (Normal) (G1 Evacuation Pause) 175M->163M(512M) 32.669ms
[2020-08-01T12:04:59.978+0300][41.625s][info ][gc] GC(913) Pause Cleanup 173M->173M(512M) 0.132ms
[2020-08-01T12:04:59.979+0300][41.626s][info ][gc] GC(913) Concurrent Cycle 76.515ms
[2020-08-01T12:05:00.026+0300][41.673s][info ][gc] GC(915) Pause Young (Concurrent Start) (G1 Humongous Allocation) 197M->199M(512M) 27.574ms
[2020-08-01T12:05:00.026+0300][41.673s][info ][gc] GC(916) Concurrent Cycle
[2020-08-01T12:05:00.044+0300][41.690s][debug][gc] GC(916) Reclaimed 125 empty regions
[2020-08-01T12:05:00.044+0300][41.691s][info ][gc] GC(916) Pause Remark 254M->129M(512M) 0.765ms
[2020-08-01T12:05:00.102+0300][41.748s][info ][gc] GC(917) Pause Young (Normal) (G1 Evacuation Pause) 175M->163M(512M) 37.791ms
[2020-08-01T12:05:00.106+0300][41.753s][info ][gc] GC(916) Pause Cleanup 172M->172M(512M) 0.096ms
[2020-08-01T12:05:00.107+0300][41.753s][info ][gc] GC(916) Concurrent Cycle 80.492ms
[2020-08-01T12:05:00.154+0300][41.800s][info ][gc] GC(918) Pause Young (Concurrent Start) (G1 Humongous Allocation) 197M->198M(512M) 26.253ms
[2020-08-01T12:05:00.154+0300][41.800s][info ][gc] GC(919) Concurrent Cycle
[2020-08-01T12:05:00.170+0300][41.816s][debug][gc] GC(919) Reclaimed 124 empty regions
[2020-08-01T12:05:00.170+0300][41.816s][info ][gc] GC(919) Pause Remark 251M->127M(512M) 0.577ms
[2020-08-01T12:05:00.222+0300][41.868s][info ][gc] GC(920) Pause Young (Normal) (G1 Evacuation Pause) 175M->164M(512M) 31.575ms
[2020-08-01T12:05:00.226+0300][41.872s][info ][gc] GC(919) Pause Cleanup 174M->174M(512M) 0.094ms
[2020-08-01T12:05:00.226+0300][41.873s][info ][gc] GC(919) Concurrent Cycle 72.502ms
[2020-08-01T12:05:00.276+0300][41.923s][info ][gc] GC(921) Pause Young (Concurrent Start) (G1 Humongous Allocation) 198M->199M(512M) 28.747ms
[2020-08-01T12:05:00.276+0300][41.923s][info ][gc] GC(922) Concurrent Cycle
[2020-08-01T12:05:00.293+0300][41.939s][debug][gc] GC(922) Reclaimed 125 empty regions
[2020-08-01T12:05:00.293+0300][41.939s][info ][gc] GC(922) Pause Remark 253M->128M(512M) 0.524ms
[2020-08-01T12:05:00.345+0300][41.992s][info ][gc] GC(923) Pause Young (Normal) (G1 Evacuation Pause) 175M->164M(512M) 32.816ms
[2020-08-01T12:05:00.350+0300][41.996s][info ][gc] GC(922) Pause Cleanup 175M->175M(512M) 0.083ms
[2020-08-01T12:05:00.351+0300][41.997s][info ][gc] GC(922) Concurrent Cycle 74.074ms
[2020-08-01T12:05:00.398+0300][42.044s][info ][gc] GC(924) Pause Young (Concurrent Start) (G1 Humongous Allocation) 198M->199M(512M) 28.249ms
[2020-08-01T12:05:00.398+0300][42.044s][info ][gc] GC(925) Concurrent Cycle
[2020-08-01T12:05:00.416+0300][42.063s][debug][gc] GC(925) Reclaimed 125 empty regions
[2020-08-01T12:05:00.416+0300][42.063s][info ][gc] GC(925) Pause Remark 254M->129M(512M) 0.553ms
[2020-08-01T12:05:00.469+0300][42.115s][info ][gc] GC(926) Pause Young (Normal) (G1 Evacuation Pause) 175M->163M(512M) 33.516ms
[2020-08-01T12:05:00.474+0300][42.120s][info ][gc] GC(925) Pause Cleanup 175M->175M(512M) 0.099ms
[2020-08-01T12:05:00.474+0300][42.121s][info ][gc] GC(925) Concurrent Cycle 76.573ms
[2020-08-01T12:05:00.519+0300][42.166s][info ][gc] GC(927) Pause Young (Concurrent Start) (G1 Humongous Allocation) 197M->198M(512M) 25.893ms
[2020-08-01T12:05:00.520+0300][42.166s][info ][gc] GC(928) Concurrent Cycle
[2020-08-01T12:05:00.536+0300][42.182s][debug][gc] GC(928) Reclaimed 125 empty regions
[2020-08-01T12:05:00.536+0300][42.182s][info ][gc] GC(928) Pause Remark 251M->126M(512M) 0.551ms
[2020-08-01T12:05:00.587+0300][42.233s][info ][gc] GC(929) Pause Young (Normal) (G1 Evacuation Pause) 174M->163M(512M) 31.540ms
[2020-08-01T12:05:00.591+0300][42.237s][info ][gc] GC(928) Pause Cleanup 173M->173M(512M) 0.087ms
[2020-08-01T12:05:00.592+0300][42.238s][info ][gc] GC(928) Concurrent Cycle 72.132ms
[2020-08-01T12:05:00.636+0300][42.282s][info ][gc] GC(930) Pause Young (Concurrent Start) (G1 Humongous Allocation) 197M->198M(512M) 25.337ms
[2020-08-01T12:05:00.636+0300][42.282s][info ][gc] GC(931) Concurrent Cycle
[2020-08-01T12:05:00.654+0300][42.301s][debug][gc] GC(931) Reclaimed 124 empty regions
[2020-08-01T12:05:00.654+0300][42.301s][info ][gc] GC(931) Pause Remark 255M->131M(512M) 0.679ms
[2020-08-01T12:05:00.704+0300][42.351s][info ][gc] GC(932) Pause Young (Normal) (G1 Evacuation Pause) 175M->163M(512M) 31.990ms
[2020-08-01T12:05:00.711+0300][42.357s][info ][gc] GC(931) Pause Cleanup 177M->177M(512M) 0.105ms
[2020-08-01T12:05:00.711+0300][42.357s][info ][gc] GC(931) Concurrent Cycle 75.066ms
[2020-08-01T12:05:00.757+0300][42.403s][info ][gc] GC(933) Pause Young (Concurrent Start) (G1 Humongous Allocation) 197M->198M(512M) 25.912ms
[2020-08-01T12:05:00.757+0300][42.403s][info ][gc] GC(934) Concurrent Cycle
[2020-08-01T12:05:00.773+0300][42.420s][debug][gc] GC(934) Reclaimed 123 empty regions
[2020-08-01T12:05:00.773+0300][42.420s][info ][gc] GC(934) Pause Remark 252M->129M(512M) 0.533ms
[2020-08-01T12:05:00.824+0300][42.470s][info ][gc] GC(935) Pause Young (Normal) (G1 Evacuation Pause) 176M->165M(512M) 31.857ms
[2020-08-01T12:05:00.829+0300][42.475s][info ][gc] GC(934) Pause Cleanup 177M->177M(512M) 0.079ms
[2020-08-01T12:05:00.829+0300][42.476s][info ][gc] GC(934) Concurrent Cycle 72.858ms
[2020-08-01T12:05:00.928+0300][42.575s][info ][gc] GC(936) Pause Young (Prepare Mixed) (G1 Evacuation Pause) 276M->278M(512M) 54.520ms
[2020-08-01T12:05:00.994+0300][42.640s][info ][gc] GC(937) Pause Young (Mixed) (G1 Evacuation Pause) 290M->264M(512M) 57.713ms
[2020-08-01T12:05:01.046+0300][42.692s][info ][gc] GC(938) Pause Young (Concurrent Start) (G1 Humongous Allocation) 310M->311M(512M) 20.326ms
[2020-08-01T12:05:01.046+0300][42.692s][info ][gc] GC(939) Concurrent Cycle
[2020-08-01T12:05:01.065+0300][42.711s][debug][gc] GC(939) Reclaimed 255 empty regions
[2020-08-01T12:05:01.065+0300][42.711s][info ][gc] GC(939) Pause Remark 369M->114M(512M) 0.589ms
[2020-08-01T12:05:01.088+0300][42.734s][info ][gc] GC(940) Pause Young (Normal) (G1 Evacuation Pause) 121M->114M(512M) 19.970ms
[2020-08-01T12:05:01.113+0300][42.760s][info ][gc] GC(939) Pause Cleanup 178M->178M(512M) 0.072ms
[2020-08-01T12:05:01.114+0300][42.760s][info ][gc] GC(939) Concurrent Cycle 67.625ms
[2020-08-01T12:05:01.202+0300][42.848s][info ][gc] GC(941) Pause Young (Concurrent Start) (G1 Humongous Allocation) 184M->184M(512M) 67.710ms
[2020-08-01T12:05:01.202+0300][42.848s][info ][gc] GC(942) Concurrent Cycle
[2020-08-01T12:05:01.228+0300][42.874s][debug][gc] GC(942) Reclaimed 101 empty regions
[2020-08-01T12:05:01.228+0300][42.874s][info ][gc] GC(942) Pause Remark 259M->158M(512M) 0.629ms
[2020-08-01T12:05:01.273+0300][42.919s][info ][gc] GC(943) Pause Young (Normal) (G1 Evacuation Pause) 188M->175M(512M) 32.816ms
[2020-08-01T12:05:01.298+0300][42.944s][info ][gc] GC(942) Pause Cleanup 205M->205M(512M) 0.066ms
[2020-08-01T12:05:01.298+0300][42.945s][info ][gc] GC(942) Concurrent Cycle 96.508ms
[2020-08-01T12:05:01.330+0300][42.976s][info ][gc] GC(944) Pause Young (Concurrent Start) (G1 Humongous Allocation) 205M->205M(512M) 24.965ms
[2020-08-01T12:05:01.330+0300][42.976s][info ][gc] GC(945) Concurrent Cycle
[2020-08-01T12:05:01.345+0300][42.991s][debug][gc] GC(945) Reclaimed 156 empty regions
[2020-08-01T12:05:01.345+0300][42.991s][info ][gc] GC(945) Pause Remark 256M->100M(512M) 0.562ms
[2020-08-01T12:05:01.396+0300][43.043s][info ][gc] GC(946) Pause Young (Normal) (G1 Evacuation Pause) 148M->136M(512M) 31.746ms
[2020-08-01T12:05:01.400+0300][43.046s][info ][gc] GC(945) Pause Cleanup 144M->144M(512M) 0.102ms
[2020-08-01T12:05:01.400+0300][43.047s][info ][gc] GC(945) Concurrent Cycle 70.738ms
[2020-08-01T12:05:01.479+0300][43.125s][info ][gc] GC(947) Pause Young (Concurrent Start) (G1 Humongous Allocation) 172M->173M(512M) 46.863ms
[2020-08-01T12:05:01.479+0300][43.125s][info ][gc] GC(948) Concurrent Cycle
[2020-08-01T12:05:01.496+0300][43.143s][debug][gc] GC(948) Reclaimed 119 empty regions
[2020-08-01T12:05:01.496+0300][43.143s][info ][gc] GC(948) Pause Remark 228M->109M(512M) 0.562ms
[2020-08-01T12:05:01.551+0300][43.197s][info ][gc] GC(949) Pause Young (Normal) (G1 Evacuation Pause) 163M->151M(512M) 32.606ms
[2020-08-01T12:05:01.553+0300][43.200s][info ][gc] GC(948) Pause Cleanup 157M->157M(512M) 0.060ms
[2020-08-01T12:05:01.554+0300][43.200s][info ][gc] GC(948) Concurrent Cycle 75.269ms
[2020-08-01T12:05:01.596+0300][43.242s][info ][gc] GC(950) Pause Young (Concurrent Start) (G1 Humongous Allocation) 177M->178M(512M) 23.925ms
[2020-08-01T12:05:01.596+0300][43.242s][info ][gc] GC(951) Concurrent Cycle
[2020-08-01T12:05:01.610+0300][43.256s][debug][gc] GC(951) Reclaimed 132 empty regions
[2020-08-01T12:05:01.610+0300][43.256s][info ][gc] GC(951) Pause Remark 228M->96M(512M) 0.559ms
[2020-08-01T12:05:01.630+0300][43.277s][info ][gc] GC(951) Pause Cleanup 147M->147M(512M) 0.055ms
[2020-08-01T12:05:01.631+0300][43.277s][info ][gc] GC(951) Concurrent Cycle 35.043ms
[2020-08-01T12:05:01.666+0300][43.312s][info ][gc] GC(952) Pause Young (Normal) (G1 Evacuation Pause) 153M->141M(512M) 32.822ms
[2020-08-01T12:05:01.712+0300][43.358s][info ][gc] GC(953) Pause Young (Concurrent Start) (G1 Humongous Allocation) 169M->170M(512M) 16.070ms
[2020-08-01T12:05:01.712+0300][43.358s][info ][gc] GC(954) Concurrent Cycle
[2020-08-01T12:05:01.726+0300][43.373s][debug][gc] GC(954) Reclaimed 122 empty regions
[2020-08-01T12:05:01.726+0300][43.373s][info ][gc] GC(954) Pause Remark 220M->98M(512M) 0.604ms
[2020-08-01T12:05:01.748+0300][43.394s][info ][gc] GC(954) Pause Cleanup 151M->151M(512M) 0.059ms
[2020-08-01T12:05:01.748+0300][43.395s][info ][gc] GC(954) Concurrent Cycle 36.534ms
[2020-08-01T12:05:01.785+0300][43.431s][info ][gc] GC(955) Pause Young (Normal) (G1 Evacuation Pause) 158M->145M(512M) 33.947ms
[2020-08-01T12:05:01.840+0300][43.487s][info ][gc] GC(956) Pause Young (Concurrent Start) (G1 Humongous Allocation) 170M->172M(512M) 35.453ms
[2020-08-01T12:05:01.840+0300][43.487s][info ][gc] GC(957) Concurrent Cycle
[2020-08-01T12:05:01.858+0300][43.504s][debug][gc] GC(957) Reclaimed 127 empty regions
[2020-08-01T12:05:01.858+0300][43.504s][info ][gc] GC(957) Pause Remark 221M->94M(512M) 0.676ms
[2020-08-01T12:05:01.878+0300][43.525s][info ][gc] GC(957) Pause Cleanup 141M->141M(512M) 0.057ms
[2020-08-01T12:05:01.879+0300][43.525s][info ][gc] GC(957) Concurrent Cycle 38.442ms
[2020-08-01T12:05:01.918+0300][43.564s][info ][gc] GC(958) Pause Young (Normal) (G1 Evacuation Pause) 154M->141M(512M) 34.248ms
[2020-08-01T12:05:01.958+0300][43.604s][info ][gc] GC(959) Pause Young (Concurrent Start) (G1 Humongous Allocation) 167M->169M(512M) 15.362ms
[2020-08-01T12:05:01.958+0300][43.604s][info ][gc] GC(960) Concurrent Cycle
[2020-08-01T12:05:01.972+0300][43.619s][debug][gc] GC(960) Reclaimed 122 empty regions
[2020-08-01T12:05:01.972+0300][43.619s][info ][gc] GC(960) Pause Remark 219M->97M(512M) 0.545ms
[2020-08-01T12:05:01.992+0300][43.639s][info ][gc] GC(960) Pause Cleanup 147M->147M(512M) 0.062ms
[2020-08-01T12:05:01.993+0300][43.639s][info ][gc] GC(960) Concurrent Cycle 35.008ms
[2020-08-01T12:05:02.030+0300][43.677s][info ][gc] GC(961) Pause Young (Normal) (G1 Evacuation Pause) 157M->144M(512M) 33.740ms
[2020-08-01T12:05:02.065+0300][43.712s][info ][gc] GC(962) Pause Young (Concurrent Start) (G1 Humongous Allocation) 169M->171M(512M) 14.901ms
[2020-08-01T12:05:02.066+0300][43.712s][info ][gc] GC(963) Concurrent Cycle
[2020-08-01T12:05:02.080+0300][43.726s][debug][gc] GC(963) Reclaimed 124 empty regions
[2020-08-01T12:05:02.080+0300][43.726s][info ][gc] GC(963) Pause Remark 219M->95M(512M) 0.557ms
[2020-08-01T12:05:02.100+0300][43.746s][info ][gc] GC(963) Pause Cleanup 146M->146M(512M) 0.112ms
[2020-08-01T12:05:02.101+0300][43.747s][info ][gc] GC(963) Concurrent Cycle 34.904ms
[2020-08-01T12:05:02.140+0300][43.786s][info ][gc] GC(964) Pause Young (Normal) (G1 Evacuation Pause) 156M->143M(512M) 35.439ms
[2020-08-01T12:05:02.199+0300][43.845s][info ][gc] GC(965) Pause Young (Concurrent Start) (G1 Humongous Allocation) 169M->170M(512M) 35.991ms
[2020-08-01T12:05:02.199+0300][43.845s][info ][gc] GC(966) Concurrent Cycle
[2020-08-01T12:05:02.216+0300][43.862s][debug][gc] GC(966) Reclaimed 122 empty regions
[2020-08-01T12:05:02.216+0300][43.862s][info ][gc] GC(966) Pause Remark 218M->96M(512M) 0.584ms
[2020-08-01T12:05:02.237+0300][43.883s][info ][gc] GC(966) Pause Cleanup 145M->145M(512M) 0.115ms
[2020-08-01T12:05:02.238+0300][43.884s][info ][gc] GC(966) Concurrent Cycle 38.604ms
[2020-08-01T12:05:02.276+0300][43.922s][info ][gc] GC(967) Pause Young (Normal) (G1 Evacuation Pause) 158M->145M(512M) 33.627ms
[2020-08-01T12:05:02.327+0300][43.973s][info ][gc] GC(968) Pause Young (Concurrent Start) (G1 Humongous Allocation) 170M->172M(512M) 29.163ms
[2020-08-01T12:05:02.327+0300][43.973s][info ][gc] GC(969) Concurrent Cycle
[2020-08-01T12:05:02.344+0300][43.990s][debug][gc] GC(969) Reclaimed 125 empty regions
[2020-08-01T12:05:02.344+0300][43.990s][info ][gc] GC(969) Pause Remark 222M->97M(512M) 0.702ms
[2020-08-01T12:05:02.365+0300][44.011s][info ][gc] GC(969) Pause Cleanup 146M->146M(512M) 0.093ms
[2020-08-01T12:05:02.365+0300][44.012s][info ][gc] GC(969) Concurrent Cycle 38.381ms
[2020-08-01T12:05:02.404+0300][44.050s][info ][gc] GC(970) Pause Young (Normal) (G1 Evacuation Pause) 156M->144M(512M) 34.653ms
[2020-08-01T12:05:02.442+0300][44.088s][info ][gc] GC(971) Pause Young (Concurrent Start) (G1 Humongous Allocation) 170M->171M(512M) 16.918ms
[2020-08-01T12:05:02.442+0300][44.088s][info ][gc] GC(972) Concurrent Cycle
[2020-08-01T12:05:02.456+0300][44.102s][debug][gc] GC(972) Reclaimed 123 empty regions
[2020-08-01T12:05:02.456+0300][44.102s][info ][gc] GC(972) Pause Remark 220M->97M(512M) 0.576ms
[2020-08-01T12:05:02.476+0300][44.123s][info ][gc] GC(972) Pause Cleanup 147M->147M(512M) 0.065ms
[2020-08-01T12:05:02.477+0300][44.123s][info ][gc] GC(972) Concurrent Cycle 35.038ms
[2020-08-01T12:05:02.516+0300][44.162s][info ][gc] GC(973) Pause Young (Normal) (G1 Evacuation Pause) 157M->144M(512M) 35.199ms
[2020-08-01T12:05:02.566+0300][44.213s][info ][gc] GC(974) Pause Young (Concurrent Start) (G1 Humongous Allocation) 170M->171M(512M) 29.554ms
[2020-08-01T12:05:02.567+0300][44.213s][info ][gc] GC(975) Concurrent Cycle
[2020-08-01T12:05:02.583+0300][44.229s][debug][gc] GC(975) Reclaimed 123 empty regions
[2020-08-01T12:05:02.583+0300][44.229s][info ][gc] GC(975) Pause Remark 221M->98M(512M) 0.620ms
[2020-08-01T12:05:02.603+0300][44.249s][info ][gc] GC(975) Pause Cleanup 149M->149M(512M) 0.060ms
[2020-08-01T12:05:02.604+0300][44.250s][info ][gc] GC(975) Concurrent Cycle 37.334ms
[2020-08-01T12:05:02.640+0300][44.287s][info ][gc] GC(976) Pause Young (Normal) (G1 Evacuation Pause) 157M->145M(512M) 33.570ms
[2020-08-01T12:05:02.678+0300][44.325s][info ][gc] GC(977) Pause Young (Concurrent Start) (G1 Humongous Allocation) 171M->172M(512M) 16.714ms
[2020-08-01T12:05:02.678+0300][44.325s][info ][gc] GC(978) Concurrent Cycle
[2020-08-01T12:05:02.693+0300][44.339s][debug][gc] GC(978) Reclaimed 124 empty regions
[2020-08-01T12:05:02.693+0300][44.339s][info ][gc] GC(978) Pause Remark 219M->95M(512M) 0.676ms
[2020-08-01T12:05:02.714+0300][44.360s][info ][gc] GC(978) Pause Cleanup 146M->146M(512M) 0.075ms
[2020-08-01T12:05:02.714+0300][44.361s][info ][gc] GC(978) Concurrent Cycle 35.688ms
[2020-08-01T12:05:02.752+0300][44.398s][info ][gc] GC(979) Pause Young (Normal) (G1 Evacuation Pause) 157M->145M(512M) 33.692ms
[2020-08-01T12:05:02.788+0300][44.435s][info ][gc] GC(980) Pause Young (Concurrent Start) (G1 Humongous Allocation) 171M->172M(512M) 15.571ms
[2020-08-01T12:05:02.788+0300][44.435s][info ][gc] GC(981) Concurrent Cycle
[2020-08-01T12:05:02.803+0300][44.449s][debug][gc] GC(981) Reclaimed 125 empty regions
[2020-08-01T12:05:02.803+0300][44.449s][info ][gc] GC(981) Pause Remark 221M->96M(512M) 0.617ms
[2020-08-01T12:05:02.823+0300][44.469s][info ][gc] GC(981) Pause Cleanup 146M->146M(512M) 0.057ms
[2020-08-01T12:05:02.823+0300][44.470s][info ][gc] GC(981) Concurrent Cycle 35.014ms
[2020-08-01T12:05:02.863+0300][44.510s][info ][gc] GC(982) Pause Young (Normal) (G1 Evacuation Pause) 156M->144M(512M) 36.269ms
[2020-08-01T12:05:02.911+0300][44.557s][info ][gc] GC(983) Pause Young (Concurrent Start) (G1 Humongous Allocation) 170M->171M(512M) 17.145ms
[2020-08-01T12:05:02.911+0300][44.557s][info ][gc] GC(984) Concurrent Cycle
[2020-08-01T12:05:02.927+0300][44.574s][debug][gc] GC(984) Reclaimed 123 empty regions
[2020-08-01T12:05:02.927+0300][44.574s][info ][gc] GC(984) Pause Remark 219M->96M(512M) 0.679ms
[2020-08-01T12:05:02.948+0300][44.594s][info ][gc] GC(984) Pause Cleanup 148M->148M(512M) 0.081ms
[2020-08-01T12:05:02.949+0300][44.595s][info ][gc] GC(984) Concurrent Cycle 37.886ms
[2020-08-01T12:05:02.989+0300][44.635s][info ][gc] GC(985) Pause Young (Normal) (G1 Evacuation Pause) 157M->145M(512M) 36.644ms
[2020-08-01T12:05:03.034+0300][44.681s][info ][gc] GC(986) Pause Young (Concurrent Start) (G1 Humongous Allocation) 171M->172M(512M) 15.837ms
[2020-08-01T12:05:03.035+0300][44.681s][info ][gc] GC(987) Concurrent Cycle
[2020-08-01T12:05:03.049+0300][44.695s][debug][gc] GC(987) Reclaimed 123 empty regions
[2020-08-01T12:05:03.049+0300][44.696s][info ][gc] GC(987) Pause Remark 222M->99M(512M) 0.619ms
[2020-08-01T12:05:03.070+0300][44.716s][info ][gc] GC(987) Pause Cleanup 147M->147M(512M) 0.119ms
[2020-08-01T12:05:03.071+0300][44.717s][info ][gc] GC(987) Concurrent Cycle 36.296ms
[2020-08-01T12:05:03.110+0300][44.756s][info ][gc] GC(988) Pause Young (Normal) (G1 Evacuation Pause) 158M->146M(512M) 34.646ms
[2020-08-01T12:05:03.190+0300][44.837s][info ][gc] GC(989) Pause Young (Concurrent Start) (G1 Humongous Allocation) 172M->173M(512M) 46.297ms
[2020-08-01T12:05:03.190+0300][44.837s][info ][gc] GC(990) Concurrent Cycle
[2020-08-01T12:05:03.208+0300][44.854s][debug][gc] GC(990) Reclaimed 124 empty regions
[2020-08-01T12:05:03.208+0300][44.854s][info ][gc] GC(990) Pause Remark 223M->99M(512M) 0.598ms
[2020-08-01T12:05:03.229+0300][44.875s][info ][gc] GC(990) Pause Cleanup 149M->149M(512M) 0.065ms
[2020-08-01T12:05:03.229+0300][44.876s][info ][gc] GC(990) Concurrent Cycle 38.902ms
[2020-08-01T12:05:03.266+0300][44.912s][info ][gc] GC(991) Pause Young (Normal) (G1 Evacuation Pause) 158M->145M(512M) 33.174ms
[2020-08-01T12:05:03.347+0300][44.994s][info ][gc] GC(992) Pause Young (Concurrent Start) (G1 Humongous Allocation) 171M->172M(512M) 47.445ms
[2020-08-01T12:05:03.347+0300][44.994s][info ][gc] GC(993) Concurrent Cycle
[2020-08-01T12:05:03.366+0300][45.012s][debug][gc] GC(993) Reclaimed 124 empty regions
[2020-08-01T12:05:03.366+0300][45.013s][info ][gc] GC(993) Pause Remark 221M->97M(512M) 0.610ms
[2020-08-01T12:05:03.387+0300][45.033s][info ][gc] GC(993) Pause Cleanup 148M->148M(512M) 0.064ms
[2020-08-01T12:05:03.387+0300][45.034s][info ][gc] GC(993) Concurrent Cycle 39.997ms
[2020-08-01T12:05:03.423+0300][45.070s][info ][gc] GC(994) Pause Young (Normal) (G1 Evacuation Pause) 157M->144M(512M) 32.653ms
[2020-08-01T12:05:03.505+0300][45.152s][info ][gc] GC(995) Pause Young (Concurrent Start) (G1 Humongous Allocation) 170M->171M(512M) 49.372ms
[2020-08-01T12:05:03.505+0300][45.152s][info ][gc] GC(996) Concurrent Cycle
[2020-08-01T12:05:03.523+0300][45.169s][debug][gc] GC(996) Reclaimed 123 empty regions
[2020-08-01T12:05:03.523+0300][45.169s][info ][gc] GC(996) Pause Remark 220M->97M(512M) 0.599ms
[2020-08-01T12:05:03.543+0300][45.190s][info ][gc] GC(996) Pause Cleanup 148M->148M(512M) 0.065ms
[2020-08-01T12:05:03.544+0300][45.190s][info ][gc] GC(996) Concurrent Cycle 38.540ms
[2020-08-01T12:05:03.582+0300][45.228s][info ][gc] GC(997) Pause Young (Normal) (G1 Evacuation Pause) 158M->146M(512M) 34.165ms
[2020-08-01T12:05:03.626+0300][45.272s][info ][gc] GC(998) Pause Young (Concurrent Start) (G1 Humongous Allocation) 171M->172M(512M) 15.268ms
[2020-08-01T12:05:03.626+0300][45.272s][info ][gc] GC(999) Concurrent Cycle
[2020-08-01T12:05:03.640+0300][45.286s][debug][gc] GC(999) Reclaimed 124 empty regions
[2020-08-01T12:05:03.640+0300][45.287s][info ][gc] GC(999) Pause Remark 220M->96M(512M) 0.583ms
[2020-08-01T12:05:03.661+0300][45.307s][info ][gc] GC(999) Pause Cleanup 145M->145M(512M) 0.090ms
[2020-08-01T12:05:03.661+0300][45.307s][info ][gc] GC(999) Concurrent Cycle 35.030ms
[2020-08-01T12:05:03.703+0300][45.349s][info ][gc] GC(1000) Pause Young (Normal) (G1 Evacuation Pause) 157M->145M(512M) 37.111ms
[2020-08-01T12:05:03.784+0300][45.430s][info ][gc] GC(1001) Pause Young (Concurrent Start) (G1 Humongous Allocation) 171M->172M(512M) 47.941ms
[2020-08-01T12:05:03.784+0300][45.430s][info ][gc] GC(1002) Concurrent Cycle
[2020-08-01T12:05:03.802+0300][45.449s][debug][gc] GC(1002) Reclaimed 123 empty regions
[2020-08-01T12:05:03.802+0300][45.449s][info ][gc] GC(1002) Pause Remark 222M->99M(512M) 0.623ms
[2020-08-01T12:05:03.823+0300][45.469s][info ][gc] GC(1002) Pause Cleanup 149M->149M(512M) 0.068ms
[2020-08-01T12:05:03.824+0300][45.470s][info ][gc] GC(1002) Concurrent Cycle 39.554ms
[2020-08-01T12:05:03.860+0300][45.506s][info ][gc] GC(1003) Pause Young (Normal) (G1 Evacuation Pause) 158M->144M(512M) 33.298ms
[2020-08-01T12:05:03.907+0300][45.554s][info ][gc] GC(1004) Pause Young (Concurrent Start) (G1 Humongous Allocation) 170M->172M(512M) 15.627ms
[2020-08-01T12:05:03.907+0300][45.554s][info ][gc] GC(1005) Concurrent Cycle
[2020-08-01T12:05:03.922+0300][45.568s][debug][gc] GC(1005) Reclaimed 123 empty regions
[2020-08-01T12:05:03.922+0300][45.568s][info ][gc] GC(1005) Pause Remark 222M->99M(512M) 0.591ms
[2020-08-01T12:05:03.942+0300][45.589s][info ][gc] GC(1005) Pause Cleanup 150M->150M(512M) 0.076ms
[2020-08-01T12:05:03.943+0300][45.589s][info ][gc] GC(1005) Concurrent Cycle 35.572ms
[2020-08-01T12:05:03.980+0300][45.626s][info ][gc] GC(1006) Pause Young (Normal) (G1 Evacuation Pause) 158M->145M(512M) 34.028ms
[2020-08-01T12:05:04.018+0300][45.664s][info ][gc] GC(1007) Pause Young (Concurrent Start) (G1 Humongous Allocation) 171M->172M(512M) 16.046ms
[2020-08-01T12:05:04.018+0300][45.664s][info ][gc] GC(1008) Concurrent Cycle
[2020-08-01T12:05:04.033+0300][45.679s][debug][gc] GC(1008) Reclaimed 124 empty regions
[2020-08-01T12:05:04.033+0300][45.679s][info ][gc] GC(1008) Pause Remark 223M->99M(512M) 0.567ms
[2020-08-01T12:05:04.053+0300][45.700s][info ][gc] GC(1008) Pause Cleanup 150M->150M(512M) 0.264ms
[2020-08-01T12:05:04.054+0300][45.701s][info ][gc] GC(1008) Concurrent Cycle 36.263ms
[2020-08-01T12:05:04.090+0300][45.737s][info ][gc] GC(1009) Pause Young (Normal) (G1 Evacuation Pause) 157M->144M(512M) 33.699ms
[2020-08-01T12:05:04.174+0300][45.821s][info ][gc] GC(1010) Pause Young (Concurrent Start) (G1 Humongous Allocation) 170M->170M(512M) 48.298ms
[2020-08-01T12:05:04.174+0300][45.821s][info ][gc] GC(1011) Concurrent Cycle
[2020-08-01T12:05:04.192+0300][45.839s][debug][gc] GC(1011) Reclaimed 122 empty regions
[2020-08-01T12:05:04.193+0300][45.839s][info ][gc] GC(1011) Pause Remark 219M->97M(512M) 0.617ms
[2020-08-01T12:05:04.214+0300][45.860s][info ][gc] GC(1011) Pause Cleanup 148M->148M(512M) 0.096ms
[2020-08-01T12:05:04.214+0300][45.861s][info ][gc] GC(1011) Concurrent Cycle 39.954ms
[2020-08-01T12:05:04.254+0300][45.901s][info ][gc] GC(1012) Pause Young (Normal) (G1 Evacuation Pause) 158M->146M(512M) 36.207ms
[2020-08-01T12:05:04.313+0300][45.960s][info ][gc] GC(1013) Pause Young (Concurrent Start) (G1 Humongous Allocation) 171M->172M(512M) 31.520ms
[2020-08-01T12:05:04.313+0300][45.960s][info ][gc] GC(1014) Concurrent Cycle
[2020-08-01T12:05:04.330+0300][45.976s][debug][gc] GC(1014) Reclaimed 124 empty regions
[2020-08-01T12:05:04.330+0300][45.976s][info ][gc] GC(1014) Pause Remark 220M->96M(512M) 0.584ms
[2020-08-01T12:05:04.350+0300][45.996s][info ][gc] GC(1014) Pause Cleanup 145M->145M(512M) 0.069ms
[2020-08-01T12:05:04.350+0300][45.997s][info ][gc] GC(1014) Concurrent Cycle 36.635ms
[2020-08-01T12:05:04.389+0300][46.035s][info ][gc] GC(1015) Pause Young (Normal) (G1 Evacuation Pause) 157M->144M(512M) 34.110ms
[2020-08-01T12:05:04.461+0300][46.107s][info ][gc] GC(1016) Pause Young (Concurrent Start) (G1 Humongous Allocation) 170M->171M(512M) 38.923ms
[2020-08-01T12:05:04.461+0300][46.107s][info ][gc] GC(1017) Concurrent Cycle
[2020-08-01T12:05:04.480+0300][46.127s][debug][gc] GC(1017) Reclaimed 123 empty regions
[2020-08-01T12:05:04.480+0300][46.127s][info ][gc] GC(1017) Pause Remark 217M->94M(512M) 0.605ms
[2020-08-01T12:05:04.501+0300][46.147s][info ][gc] GC(1017) Pause Cleanup 144M->144M(512M) 0.064ms
[2020-08-01T12:05:04.501+0300][46.148s][info ][gc] GC(1017) Concurrent Cycle 40.554ms
[2020-08-01T12:05:04.539+0300][46.186s][info ][gc] GC(1018) Pause Young (Normal) (G1 Evacuation Pause) 157M->145M(512M) 33.003ms
[2020-08-01T12:05:04.599+0300][46.245s][info ][gc] GC(1019) Pause Young (Concurrent Start) (G1 Humongous Allocation) 171M->172M(512M) 35.987ms
[2020-08-01T12:05:04.599+0300][46.245s][info ][gc] GC(1020) Concurrent Cycle
[2020-08-01T12:05:04.616+0300][46.262s][debug][gc] GC(1020) Reclaimed 123 empty regions
[2020-08-01T12:05:04.616+0300][46.262s][info ][gc] GC(1020) Pause Remark 221M->98M(512M) 0.638ms
[2020-08-01T12:05:04.636+0300][46.283s][info ][gc] GC(1020) Pause Cleanup 149M->149M(512M) 0.065ms
[2020-08-01T12:05:04.637+0300][46.284s][info ][gc] GC(1020) Concurrent Cycle 38.484ms
[2020-08-01T12:05:04.675+0300][46.321s][info ][gc] GC(1021) Pause Young (Normal) (G1 Evacuation Pause) 158M->146M(512M) 34.453ms
[2020-08-01T12:05:04.717+0300][46.363s][info ][gc] GC(1022) Pause Young (Concurrent Start) (G1 Humongous Allocation) 172M->173M(512M) 15.408ms
[2020-08-01T12:05:04.717+0300][46.364s][info ][gc] GC(1023) Concurrent Cycle
[2020-08-01T12:05:04.732+0300][46.378s][debug][gc] GC(1023) Reclaimed 124 empty regions
[2020-08-01T12:05:04.732+0300][46.378s][info ][gc] GC(1023) Pause Remark 222M->98M(512M) 0.560ms
[2020-08-01T12:05:04.752+0300][46.398s][info ][gc] GC(1023) Pause Cleanup 149M->149M(512M) 0.066ms
[2020-08-01T12:05:04.752+0300][46.399s][info ][gc] GC(1023) Concurrent Cycle 35.271ms
[2020-08-01T12:05:04.789+0300][46.435s][info ][gc] GC(1024) Pause Young (Normal) (G1 Evacuation Pause) 158M->145M(512M) 32.875ms
[2020-08-01T12:05:04.850+0300][46.497s][info ][gc] GC(1025) Pause Young (Concurrent Start) (G1 Humongous Allocation) 171M->173M(512M) 39.410ms
[2020-08-01T12:05:04.850+0300][46.497s][info ][gc] GC(1026) Concurrent Cycle
[2020-08-01T12:05:04.868+0300][46.515s][debug][gc] GC(1026) Reclaimed 124 empty regions
[2020-08-01T12:05:04.868+0300][46.515s][info ][gc] GC(1026) Pause Remark 223M->99M(512M) 0.645ms
[2020-08-01T12:05:04.890+0300][46.536s][info ][gc] GC(1026) Pause Cleanup 151M->151M(512M) 0.086ms
[2020-08-01T12:05:04.890+0300][46.537s][info ][gc] GC(1026) Concurrent Cycle 39.786ms
[2020-08-01T12:05:04.928+0300][46.574s][info ][gc] GC(1027) Pause Young (Normal) (G1 Evacuation Pause) 158M->145M(512M) 34.790ms
[2020-08-01T12:05:04.967+0300][46.614s][info ][gc] GC(1028) Pause Young (Concurrent Start) (G1 Humongous Allocation) 171M->172M(512M) 15.741ms
[2020-08-01T12:05:04.968+0300][46.614s][info ][gc] GC(1029) Concurrent Cycle
[2020-08-01T12:05:04.982+0300][46.628s][debug][gc] GC(1029) Reclaimed 123 empty regions
[2020-08-01T12:05:04.982+0300][46.629s][info ][gc] GC(1029) Pause Remark 222M->99M(512M) 0.553ms
[2020-08-01T12:05:05.002+0300][46.649s][info ][gc] GC(1029) Pause Cleanup 149M->149M(512M) 0.065ms
[2020-08-01T12:05:05.003+0300][46.649s][info ][gc] GC(1029) Concurrent Cycle 35.503ms
[2020-08-01T12:05:05.041+0300][46.687s][info ][gc] GC(1030) Pause Young (Normal) (G1 Evacuation Pause) 158M->145M(512M) 33.905ms
[2020-08-01T12:05:05.107+0300][46.754s][info ][gc] GC(1031) Pause Young (Concurrent Start) (G1 Humongous Allocation) 171M->173M(512M) 42.402ms
[2020-08-01T12:05:05.107+0300][46.754s][info ][gc] GC(1032) Concurrent Cycle
[2020-08-01T12:05:05.125+0300][46.771s][debug][gc] GC(1032) Reclaimed 123 empty regions
[2020-08-01T12:05:05.125+0300][46.772s][info ][gc] GC(1032) Pause Remark 223M->100M(512M) 0.609ms
[2020-08-01T12:05:05.146+0300][46.792s][info ][gc] GC(1032) Pause Cleanup 151M->151M(512M) 0.069ms
[2020-08-01T12:05:05.146+0300][46.793s][info ][gc] GC(1032) Concurrent Cycle 39.105ms
[2020-08-01T12:05:05.183+0300][46.830s][info ][gc] GC(1033) Pause Young (Normal) (G1 Evacuation Pause) 159M->146M(512M) 33.849ms
[2020-08-01T12:05:05.250+0300][46.897s][info ][gc] GC(1034) Pause Young (Concurrent Start) (G1 Humongous Allocation) 172M->174M(512M) 32.423ms
[2020-08-01T12:05:05.250+0300][46.897s][info ][gc] GC(1035) Concurrent Cycle
[2020-08-01T12:05:05.268+0300][46.914s][debug][gc] GC(1035) Reclaimed 124 empty regions
[2020-08-01T12:05:05.268+0300][46.914s][info ][gc] GC(1035) Pause Remark 223M->99M(512M) 0.604ms
[2020-08-01T12:05:05.288+0300][46.935s][info ][gc] GC(1035) Pause Cleanup 149M->149M(512M) 0.064ms
[2020-08-01T12:05:05.289+0300][46.935s][info ][gc] GC(1035) Concurrent Cycle 38.371ms
[2020-08-01T12:05:05.325+0300][46.971s][info ][gc] GC(1036) Pause Young (Normal) (G1 Evacuation Pause) 159M->146M(512M) 32.686ms
[2020-08-01T12:05:05.406+0300][47.052s][info ][gc] GC(1037) Pause Young (Concurrent Start) (G1 Humongous Allocation) 172M->174M(512M) 48.016ms
[2020-08-01T12:05:05.406+0300][47.052s][info ][gc] GC(1038) Concurrent Cycle
[2020-08-01T12:05:05.424+0300][47.071s][debug][gc] GC(1038) Reclaimed 124 empty regions
[2020-08-01T12:05:05.424+0300][47.071s][info ][gc] GC(1038) Pause Remark 224M->100M(512M) 0.610ms
[2020-08-01T12:05:05.445+0300][47.091s][info ][gc] GC(1038) Pause Cleanup 150M->150M(512M) 0.066ms
[2020-08-01T12:05:05.446+0300][47.092s][info ][gc] GC(1038) Concurrent Cycle 39.577ms
[2020-08-01T12:05:05.482+0300][47.128s][info ][gc] GC(1039) Pause Young (Normal) (G1 Evacuation Pause) 159M->146M(512M) 32.929ms
[2020-08-01T12:05:05.551+0300][47.197s][info ][gc] GC(1040) Pause Young (Concurrent Start) (G1 Humongous Allocation) 172M->173M(512M) 39.756ms
[2020-08-01T12:05:05.551+0300][47.197s][info ][gc] GC(1041) Concurrent Cycle
[2020-08-01T12:05:05.568+0300][47.214s][debug][gc] GC(1041) Reclaimed 124 empty regions
[2020-08-01T12:05:05.568+0300][47.214s][info ][gc] GC(1041) Pause Remark 223M->99M(512M) 0.587ms
[2020-08-01T12:05:05.588+0300][47.235s][info ][gc] GC(1041) Pause Cleanup 150M->150M(512M) 0.068ms
[2020-08-01T12:05:05.589+0300][47.235s][info ][gc] GC(1041) Concurrent Cycle 38.188ms
[2020-08-01T12:05:05.626+0300][47.272s][info ][gc] GC(1042) Pause Young (Normal) (G1 Evacuation Pause) 158M->145M(512M) 33.707ms
[2020-08-01T12:05:05.666+0300][47.312s][info ][gc] GC(1043) Pause Young (Concurrent Start) (G1 Humongous Allocation) 171M->173M(512M) 15.151ms
[2020-08-01T12:05:05.666+0300][47.312s][info ][gc] GC(1044) Concurrent Cycle
[2020-08-01T12:05:05.680+0300][47.327s][debug][gc] GC(1044) Reclaimed 123 empty regions
[2020-08-01T12:05:05.680+0300][47.327s][info ][gc] GC(1044) Pause Remark 222M->99M(512M) 0.558ms
[2020-08-01T12:05:05.701+0300][47.347s][info ][gc] GC(1044) Pause Cleanup 149M->149M(512M) 0.065ms
[2020-08-01T12:05:05.701+0300][47.348s][info ][gc] GC(1044) Concurrent Cycle 35.381ms
[2020-08-01T12:05:05.739+0300][47.385s][info ][gc] GC(1045) Pause Young (Normal) (G1 Evacuation Pause) 159M->146M(512M) 33.732ms
[2020-08-01T12:05:05.775+0300][47.422s][info ][gc] GC(1046) Pause Young (Concurrent Start) (G1 Humongous Allocation) 172M->173M(512M) 15.550ms
[2020-08-01T12:05:05.775+0300][47.422s][info ][gc] GC(1047) Concurrent Cycle
[2020-08-01T12:05:05.790+0300][47.436s][debug][gc] GC(1047) Reclaimed 123 empty regions
[2020-08-01T12:05:05.790+0300][47.436s][info ][gc] GC(1047) Pause Remark 223M->100M(512M) 0.583ms
[2020-08-01T12:05:05.810+0300][47.456s][info ][gc] GC(1047) Pause Cleanup 151M->151M(512M) 0.064ms
[2020-08-01T12:05:05.810+0300][47.457s][info ][gc] GC(1047) Concurrent Cycle 35.110ms
[2020-08-01T12:05:05.846+0300][47.492s][info ][gc] GC(1048) Pause Young (Normal) (G1 Evacuation Pause) 159M->146M(512M) 32.556ms
[2020-08-01T12:05:05.888+0300][47.534s][info ][gc] GC(1049) Pause Young (Concurrent Start) (G1 Humongous Allocation) 173M->173M(512M) 20.040ms
[2020-08-01T12:05:05.888+0300][47.534s][info ][gc] GC(1050) Concurrent Cycle
[2020-08-01T12:05:05.903+0300][47.549s][debug][gc] GC(1050) Reclaimed 124 empty regions
[2020-08-01T12:05:05.903+0300][47.549s][info ][gc] GC(1050) Pause Remark 222M->98M(512M) 0.727ms
[2020-08-01T12:05:05.924+0300][47.571s][info ][gc] GC(1050) Pause Cleanup 149M->149M(512M) 0.075ms
[2020-08-01T12:05:05.925+0300][47.571s][info ][gc] GC(1050) Concurrent Cycle 37.167ms
[2020-08-01T12:05:05.967+0300][47.614s][info ][gc] GC(1051) Pause Young (Normal) (G1 Evacuation Pause) 158M->145M(512M) 39.490ms
[2020-08-01T12:05:06.012+0300][47.659s][info ][gc] GC(1052) Pause Young (Concurrent Start) (G1 Humongous Allocation) 172M->172M(512M) 19.746ms
[2020-08-01T12:05:06.012+0300][47.659s][info ][gc] GC(1053) Concurrent Cycle
[2020-08-01T12:05:06.029+0300][47.676s][debug][gc] GC(1053) Reclaimed 123 empty regions
[2020-08-01T12:05:06.029+0300][47.676s][info ][gc] GC(1053) Pause Remark 223M->100M(512M) 0.671ms
[2020-08-01T12:05:06.050+0300][47.696s][info ][gc] GC(1053) Pause Cleanup 152M->152M(512M) 0.063ms
[2020-08-01T12:05:06.050+0300][47.697s][info ][gc] GC(1053) Concurrent Cycle 37.956ms
[2020-08-01T12:05:06.087+0300][47.733s][info ][gc] GC(1054) Pause Young (Normal) (G1 Evacuation Pause) 158M->146M(512M) 34.159ms
[2020-08-01T12:05:06.146+0300][47.793s][info ][gc] GC(1055) Pause Young (Concurrent Start) (G1 Humongous Allocation) 172M->173M(512M) 28.452ms
[2020-08-01T12:05:06.146+0300][47.793s][info ][gc] GC(1056) Concurrent Cycle
[2020-08-01T12:05:06.163+0300][47.809s][debug][gc] GC(1056) Reclaimed 123 empty regions
[2020-08-01T12:05:06.163+0300][47.809s][info ][gc] GC(1056) Pause Remark 222M->99M(512M) 0.596ms
[2020-08-01T12:05:06.184+0300][47.831s][info ][gc] GC(1056) Pause Cleanup 150M->150M(512M) 0.073ms
[2020-08-01T12:05:06.185+0300][47.831s][info ][gc] GC(1056) Concurrent Cycle 38.517ms
[2020-08-01T12:05:06.228+0300][47.874s][info ][gc] GC(1057) Pause Young (Normal) (G1 Evacuation Pause) 159M->146M(512M) 38.901ms
[2020-08-01T12:05:06.275+0300][47.921s][info ][gc] GC(1058) Pause Young (Concurrent Start) (G1 Humongous Allocation) 172M->174M(512M) 17.320ms
[2020-08-01T12:05:06.275+0300][47.921s][info ][gc] GC(1059) Concurrent Cycle
[2020-08-01T12:05:06.290+0300][47.936s][debug][gc] GC(1059) Reclaimed 124 empty regions
[2020-08-01T12:05:06.290+0300][47.937s][info ][gc] GC(1059) Pause Remark 223M->99M(512M) 0.557ms
[2020-08-01T12:05:06.310+0300][47.957s][info ][gc] GC(1059) Pause Cleanup 149M->149M(512M) 0.066ms
[2020-08-01T12:05:06.311+0300][47.957s][info ][gc] GC(1059) Concurrent Cycle 35.844ms
[2020-08-01T12:05:06.348+0300][47.995s][info ][gc] GC(1060) Pause Young (Normal) (G1 Evacuation Pause) 158M->145M(512M) 34.202ms
[2020-08-01T12:05:06.398+0300][48.044s][info ][gc] GC(1061) Pause Young (Concurrent Start) (G1 Humongous Allocation) 172M->173M(512M) 15.392ms
[2020-08-01T12:05:06.398+0300][48.045s][info ][gc] GC(1062) Concurrent Cycle
[2020-08-01T12:05:06.413+0300][48.059s][debug][gc] GC(1062) Reclaimed 122 empty regions
[2020-08-01T12:05:06.413+0300][48.059s][info ][gc] GC(1062) Pause Remark 223M->101M(512M) 0.556ms
[2020-08-01T12:05:06.434+0300][48.081s][info ][gc] GC(1062) Pause Cleanup 154M->154M(512M) 0.066ms
[2020-08-01T12:05:06.435+0300][48.081s][info ][gc] GC(1062) Concurrent Cycle 36.466ms
[2020-08-01T12:05:06.470+0300][48.116s][info ][gc] GC(1063) Pause Young (Normal) (G1 Evacuation Pause) 160M->148M(512M) 32.848ms
[2020-08-01T12:05:06.508+0300][48.154s][info ][gc] GC(1064) Pause Young (Concurrent Start) (G1 Humongous Allocation) 174M->175M(512M) 15.886ms
[2020-08-01T12:05:06.508+0300][48.154s][info ][gc] GC(1065) Concurrent Cycle
[2020-08-01T12:05:06.522+0300][48.168s][debug][gc] GC(1065) Reclaimed 125 empty regions
[2020-08-01T12:05:06.522+0300][48.168s][info ][gc] GC(1065) Pause Remark 224M->99M(512M) 0.588ms
[2020-08-01T12:05:06.542+0300][48.189s][info ][gc] GC(1065) Pause Cleanup 149M->149M(512M) 0.064ms
[2020-08-01T12:05:06.543+0300][48.189s][info ][gc] GC(1065) Concurrent Cycle 35.054ms
[2020-08-01T12:05:06.579+0300][48.225s][info ][gc] GC(1066) Pause Young (Normal) (G1 Evacuation Pause) 158M->146M(512M) 32.944ms
[2020-08-01T12:05:06.632+0300][48.278s][info ][gc] GC(1067) Pause Young (Concurrent Start) (G1 Humongous Allocation) 173M->174M(512M) 31.080ms
[2020-08-01T12:05:06.632+0300][48.278s][info ][gc] GC(1068) Concurrent Cycle
[2020-08-01T12:05:06.649+0300][48.295s][debug][gc] GC(1068) Reclaimed 123 empty regions
[2020-08-01T12:05:06.649+0300][48.295s][info ][gc] GC(1068) Pause Remark 224M->101M(512M) 0.625ms
[2020-08-01T12:05:06.671+0300][48.317s][info ][gc] GC(1068) Pause Cleanup 154M->154M(512M) 0.086ms
[2020-08-01T12:05:06.671+0300][48.318s][info ][gc] GC(1068) Concurrent Cycle 39.409ms
[2020-08-01T12:05:06.708+0300][48.354s][info ][gc] GC(1069) Pause Young (Normal) (G1 Evacuation Pause) 160M->148M(512M) 34.036ms
[2020-08-01T12:05:06.756+0300][48.402s][info ][gc] GC(1070) Pause Young (Concurrent Start) (G1 Humongous Allocation) 174M->175M(512M) 15.161ms
[2020-08-01T12:05:06.756+0300][48.402s][info ][gc] GC(1071) Concurrent Cycle
[2020-08-01T12:05:06.770+0300][48.417s][debug][gc] GC(1071) Reclaimed 125 empty regions
[2020-08-01T12:05:06.770+0300][48.417s][info ][gc] GC(1071) Pause Remark 224M->99M(512M) 0.689ms
[2020-08-01T12:05:06.791+0300][48.437s][info ][gc] GC(1071) Pause Cleanup 151M->151M(512M) 0.078ms
[2020-08-01T12:05:06.791+0300][48.438s][info ][gc] GC(1071) Concurrent Cycle 35.313ms
[2020-08-01T12:05:06.833+0300][48.479s][info ][gc] GC(1072) Pause Young (Normal) (G1 Evacuation Pause) 158M->146M(512M) 39.129ms
[2020-08-01T12:05:06.885+0300][48.532s][info ][gc] GC(1073) Pause Young (Concurrent Start) (G1 Humongous Allocation) 173M->174M(512M) 20.709ms
[2020-08-01T12:05:06.885+0300][48.532s][info ][gc] GC(1074) Concurrent Cycle
[2020-08-01T12:05:06.902+0300][48.548s][debug][gc] GC(1074) Reclaimed 123 empty regions
[2020-08-01T12:05:06.902+0300][48.548s][info ][gc] GC(1074) Pause Remark 224M->101M(512M) 0.609ms
[2020-08-01T12:05:06.923+0300][48.570s][info ][gc] GC(1074) Pause Cleanup 148M->148M(512M) 0.071ms
[2020-08-01T12:05:06.924+0300][48.570s][info ][gc] GC(1074) Concurrent Cycle 38.525ms
[2020-08-01T12:05:06.966+0300][48.613s][info ][gc] GC(1075) Pause Young (Normal) (G1 Evacuation Pause) 160M->147M(512M) 37.547ms
[2020-08-01T12:05:07.007+0300][48.653s][info ][gc] GC(1076) Pause Young (Concurrent Start) (G1 Humongous Allocation) 173M->174M(512M) 17.963ms
[2020-08-01T12:05:07.007+0300][48.653s][info ][gc] GC(1077) Concurrent Cycle
[2020-08-01T12:05:07.022+0300][48.668s][debug][gc] GC(1077) Reclaimed 125 empty regions
[2020-08-01T12:05:07.022+0300][48.668s][info ][gc] GC(1077) Pause Remark 224M->99M(512M) 0.731ms
[2020-08-01T12:05:07.042+0300][48.689s][info ][gc] GC(1077) Pause Cleanup 148M->148M(512M) 0.067ms
[2020-08-01T12:05:07.043+0300][48.690s][info ][gc] GC(1077) Concurrent Cycle 36.539ms
[2020-08-01T12:05:07.085+0300][48.732s][info ][gc] GC(1078) Pause Young (Normal) (G1 Evacuation Pause) 158M->145M(512M) 38.310ms
[2020-08-01T12:05:07.131+0300][48.778s][info ][gc] GC(1079) Pause Young (Concurrent Start) (G1 Humongous Allocation) 171M->172M(512M) 17.761ms
[2020-08-01T12:05:07.131+0300][48.778s][info ][gc] GC(1080) Concurrent Cycle
[2020-08-01T12:05:07.146+0300][48.793s][debug][gc] GC(1080) Reclaimed 123 empty regions
[2020-08-01T12:05:07.146+0300][48.793s][info ][gc] GC(1080) Pause Remark 221M->98M(512M) 0.548ms
[2020-08-01T12:05:07.167+0300][48.813s][info ][gc] GC(1080) Pause Cleanup 149M->149M(512M) 0.066ms
[2020-08-01T12:05:07.168+0300][48.814s][info ][gc] GC(1080) Concurrent Cycle 36.143ms
[2020-08-01T12:05:07.210+0300][48.857s][info ][gc] GC(1081) Pause Young (Normal) (G1 Evacuation Pause) 158M->146M(512M) 39.325ms
[2020-08-01T12:05:07.254+0300][48.901s][info ][gc] GC(1082) Pause Young (Concurrent Start) (G1 Humongous Allocation) 172M->173M(512M) 15.661ms
[2020-08-01T12:05:07.254+0300][48.901s][info ][gc] GC(1083) Concurrent Cycle
[2020-08-01T12:05:07.269+0300][48.916s][debug][gc] GC(1083) Reclaimed 123 empty regions
[2020-08-01T12:05:07.269+0300][48.916s][info ][gc] GC(1083) Pause Remark 222M->99M(512M) 0.547ms
[2020-08-01T12:05:07.289+0300][48.936s][info ][gc] GC(1083) Pause Cleanup 149M->149M(512M) 0.069ms
[2020-08-01T12:05:07.290+0300][48.936s][info ][gc] GC(1083) Concurrent Cycle 35.511ms
[2020-08-01T12:05:07.330+0300][48.976s][info ][gc] GC(1084) Pause Young (Normal) (G1 Evacuation Pause) 159M->147M(512M) 36.162ms
[2020-08-01T12:05:07.404+0300][49.050s][info ][gc] GC(1085) Pause Young (Concurrent Start) (G1 Humongous Allocation) 173M->174M(512M) 40.053ms
[2020-08-01T12:05:07.404+0300][49.050s][info ][gc] GC(1086) Concurrent Cycle
[2020-08-01T12:05:07.422+0300][49.068s][debug][gc] GC(1086) Reclaimed 124 empty regions
[2020-08-01T12:05:07.422+0300][49.068s][info ][gc] GC(1086) Pause Remark 224M->100M(512M) 0.573ms
[2020-08-01T12:05:07.443+0300][49.089s][info ][gc] GC(1086) Pause Cleanup 151M->151M(512M) 0.068ms
[2020-08-01T12:05:07.443+0300][49.090s][info ][gc] GC(1086) Concurrent Cycle 39.141ms
[2020-08-01T12:05:07.480+0300][49.126s][info ][gc] GC(1087) Pause Young (Normal) (G1 Evacuation Pause) 159M->147M(512M) 33.496ms
[2020-08-01T12:05:07.520+0300][49.167s][info ][gc] GC(1088) Pause Young (Concurrent Start) (G1 Humongous Allocation) 173M->174M(512M) 17.674ms
[2020-08-01T12:05:07.520+0300][49.167s][info ][gc] GC(1089) Concurrent Cycle
[2020-08-01T12:05:07.535+0300][49.181s][debug][gc] GC(1089) Reclaimed 124 empty regions
[2020-08-01T12:05:07.535+0300][49.181s][info ][gc] GC(1089) Pause Remark 223M->99M(512M) 0.593ms
[2020-08-01T12:05:07.555+0300][49.201s][info ][gc] GC(1089) Pause Cleanup 150M->150M(512M) 0.070ms
[2020-08-01T12:05:07.556+0300][49.202s][info ][gc] GC(1089) Concurrent Cycle 35.141ms
[2020-08-01T12:05:07.593+0300][49.239s][info ][gc] GC(1090) Pause Young (Normal) (G1 Evacuation Pause) 159M->146M(512M) 33.743ms
[2020-08-01T12:05:07.642+0300][49.288s][info ][gc] GC(1091) Pause Young (Concurrent Start) (G1 Humongous Allocation) 172M->173M(512M) 26.898ms
[2020-08-01T12:05:07.642+0300][49.288s][info ][gc] GC(1092) Concurrent Cycle
[2020-08-01T12:05:07.660+0300][49.307s][debug][gc] GC(1092) Reclaimed 124 empty regions
[2020-08-01T12:05:07.660+0300][49.307s][info ][gc] GC(1092) Pause Remark 226M->102M(512M) 0.585ms
[2020-08-01T12:05:07.680+0300][49.327s][info ][gc] GC(1092) Pause Cleanup 152M->152M(512M) 0.068ms
[2020-08-01T12:05:07.681+0300][49.328s][info ][gc] GC(1092) Concurrent Cycle 39.455ms
[2020-08-01T12:05:07.717+0300][49.364s][info ][gc] GC(1093) Pause Young (Normal) (G1 Evacuation Pause) 158M->146M(512M) 33.888ms
[2020-08-01T12:05:07.805+0300][49.452s][info ][gc] GC(1094) Pause Young (Concurrent Start) (G1 Humongous Allocation) 172M->172M(512M) 52.290ms
[2020-08-01T12:05:07.805+0300][49.452s][info ][gc] GC(1095) Concurrent Cycle
[2020-08-01T12:05:07.823+0300][49.469s][debug][gc] GC(1095) Reclaimed 123 empty regions
[2020-08-01T12:05:07.823+0300][49.469s][info ][gc] GC(1095) Pause Remark 221M->98M(512M) 0.731ms
[2020-08-01T12:05:07.844+0300][49.490s][info ][gc] GC(1095) Pause Cleanup 149M->149M(512M) 0.064ms
[2020-08-01T12:05:07.844+0300][49.490s][info ][gc] GC(1095) Concurrent Cycle 38.840ms
[2020-08-01T12:05:07.885+0300][49.532s][info ][gc] GC(1096) Pause Young (Normal) (G1 Evacuation Pause) 158M->146M(512M) 37.909ms
[2020-08-01T12:05:07.925+0300][49.572s][info ][gc] GC(1097) Pause Young (Concurrent Start) (G1 Humongous Allocation) 172M->173M(512M) 18.677ms
[2020-08-01T12:05:07.925+0300][49.572s][info ][gc] GC(1098) Concurrent Cycle
[2020-08-01T12:05:07.941+0300][49.588s][debug][gc] GC(1098) Reclaimed 123 empty regions
[2020-08-01T12:05:07.942+0300][49.588s][info ][gc] GC(1098) Pause Remark 214M->91M(512M) 0.637ms
[2020-08-01T12:05:07.962+0300][49.608s][info ][gc] GC(1098) Pause Cleanup 140M->140M(512M) 0.066ms
[2020-08-01T12:05:07.962+0300][49.609s][info ][gc] GC(1098) Concurrent Cycle 36.768ms
[2020-08-01T12:05:08.010+0300][49.656s][info ][gc] GC(1099) Pause Young (Normal) (G1 Evacuation Pause) 159M->147M(512M) 40.193ms
[2020-08-01T12:05:08.048+0300][49.694s][info ][gc] GC(1100) Pause Young (Concurrent Start) (G1 Humongous Allocation) 173M->174M(512M) 17.391ms
[2020-08-01T12:05:08.048+0300][49.694s][info ][gc] GC(1101) Concurrent Cycle
[2020-08-01T12:05:08.062+0300][49.709s][debug][gc] GC(1101) Reclaimed 124 empty regions
[2020-08-01T12:05:08.062+0300][49.709s][info ][gc] GC(1101) Pause Remark 224M->100M(512M) 0.580ms
[2020-08-01T12:05:08.083+0300][49.729s][info ][gc] GC(1101) Pause Cleanup 151M->151M(512M) 0.064ms
[2020-08-01T12:05:08.083+0300][49.730s][info ][gc] GC(1101) Concurrent Cycle 35.126ms
[2020-08-01T12:05:08.122+0300][49.769s][info ][gc] GC(1102) Pause Young (Normal) (G1 Evacuation Pause) 159M->146M(512M) 36.276ms
[2020-08-01T12:05:08.160+0300][49.806s][info ][gc] GC(1103) Pause Young (Concurrent Start) (G1 Humongous Allocation) 172M->174M(512M) 16.210ms
[2020-08-01T12:05:08.160+0300][49.806s][info ][gc] GC(1104) Concurrent Cycle
[2020-08-01T12:05:08.174+0300][49.821s][debug][gc] GC(1104) Reclaimed 124 empty regions
[2020-08-01T12:05:08.174+0300][49.821s][info ][gc] GC(1104) Pause Remark 223M->99M(512M) 0.547ms
[2020-08-01T12:05:08.195+0300][49.842s][info ][gc] GC(1104) Pause Cleanup 149M->149M(512M) 0.063ms
[2020-08-01T12:05:08.196+0300][49.842s][info ][gc] GC(1104) Concurrent Cycle 35.911ms
[2020-08-01T12:05:08.235+0300][49.882s][info ][gc] GC(1105) Pause Young (Normal) (G1 Evacuation Pause) 159M->146M(512M) 35.490ms
[2020-08-01T12:05:08.271+0300][49.917s][info ][gc] GC(1106) Pause Young (Concurrent Start) (G1 Humongous Allocation) 172M->172M(512M) 15.475ms
[2020-08-01T12:05:08.271+0300][49.918s][info ][gc] GC(1107) Concurrent Cycle
[2020-08-01T12:05:08.286+0300][49.932s][debug][gc] GC(1107) Reclaimed 123 empty regions
[2020-08-01T12:05:08.286+0300][49.932s][info ][gc] GC(1107) Pause Remark 221M->98M(512M) 0.573ms
[2020-08-01T12:05:08.306+0300][49.953s][info ][gc] GC(1107) Pause Cleanup 148M->148M(512M) 0.064ms
[2020-08-01T12:05:08.307+0300][49.953s][info ][gc] GC(1107) Concurrent Cycle 35.506ms
[2020-08-01T12:05:08.345+0300][49.991s][info ][gc] GC(1108) Pause Young (Normal) (G1 Evacuation Pause) 158M->145M(512M) 34.414ms
[2020-08-01T12:05:08.383+0300][50.029s][info ][gc] GC(1109) Pause Young (Concurrent Start) (G1 Humongous Allocation) 171M->172M(512M) 16.134ms
[2020-08-01T12:05:08.383+0300][50.029s][info ][gc] GC(1110) Concurrent Cycle
[2020-08-01T12:05:08.398+0300][50.044s][debug][gc] GC(1110) Reclaimed 123 empty regions
[2020-08-01T12:05:08.398+0300][50.044s][info ][gc] GC(1110) Pause Remark 222M->99M(512M) 0.603ms
[2020-08-01T12:05:08.418+0300][50.065s][info ][gc] GC(1110) Pause Cleanup 149M->149M(512M) 0.064ms
[2020-08-01T12:05:08.419+0300][50.065s][info ][gc] GC(1110) Concurrent Cycle 35.907ms
[2020-08-01T12:05:08.455+0300][50.101s][info ][gc] GC(1111) Pause Young (Normal) (G1 Evacuation Pause) 158M->145M(512M) 32.473ms
[2020-08-01T12:05:08.492+0300][50.139s][info ][gc] GC(1112) Pause Young (Concurrent Start) (G1 Humongous Allocation) 171M->172M(512M) 15.693ms
[2020-08-01T12:05:08.492+0300][50.139s][info ][gc] GC(1113) Concurrent Cycle
[2020-08-01T12:05:08.507+0300][50.153s][debug][gc] GC(1113) Reclaimed 122 empty regions
[2020-08-01T12:05:08.507+0300][50.153s][info ][gc] GC(1113) Pause Remark 222M->100M(512M) 0.592ms
[2020-08-01T12:05:08.527+0300][50.174s][info ][gc] GC(1113) Pause Cleanup 151M->151M(512M) 0.064ms
[2020-08-01T12:05:08.528+0300][50.174s][info ][gc] GC(1113) Concurrent Cycle 35.355ms
[2020-08-01T12:05:08.564+0300][50.210s][info ][gc] GC(1114) Pause Young (Normal) (G1 Evacuation Pause) 159M->146M(512M) 32.887ms
[2020-08-01T12:05:08.628+0300][50.275s][info ][gc] GC(1115) Pause Young (Concurrent Start) (G1 Humongous Allocation) 172M->173M(512M) 43.467ms
[2020-08-01T12:05:08.628+0300][50.275s][info ][gc] GC(1116) Concurrent Cycle
[2020-08-01T12:05:08.646+0300][50.293s][debug][gc] GC(1116) Reclaimed 123 empty regions
[2020-08-01T12:05:08.646+0300][50.293s][info ][gc] GC(1116) Pause Remark 222M->99M(512M) 0.636ms
[2020-08-01T12:05:08.668+0300][50.315s][info ][gc] GC(1116) Pause Cleanup 150M->150M(512M) 0.062ms
[2020-08-01T12:05:08.669+0300][50.315s][info ][gc] GC(1116) Concurrent Cycle 40.355ms
[2020-08-01T12:05:08.708+0300][50.354s][info ][gc] GC(1117) Pause Young (Normal) (G1 Evacuation Pause) 159M->146M(512M) 35.670ms
[2020-08-01T12:05:08.771+0300][50.417s][info ][gc] GC(1118) Pause Young (Concurrent Start) (G1 Humongous Allocation) 172M->174M(512M) 39.784ms
[2020-08-01T12:05:08.771+0300][50.417s][info ][gc] GC(1119) Concurrent Cycle
[2020-08-01T12:05:08.788+0300][50.434s][debug][gc] GC(1119) Reclaimed 122 empty regions
[2020-08-01T12:05:08.788+0300][50.434s][info ][gc] GC(1119) Pause Remark 223M->101M(512M) 0.593ms
[2020-08-01T12:05:08.808+0300][50.455s][info ][gc] GC(1119) Pause Cleanup 152M->152M(512M) 0.063ms
[2020-08-01T12:05:08.809+0300][50.455s][info ][gc] GC(1119) Concurrent Cycle 38.003ms
[2020-08-01T12:05:08.846+0300][50.492s][info ][gc] GC(1120) Pause Young (Normal) (G1 Evacuation Pause) 161M->148M(512M) 33.563ms
[2020-08-01T12:05:08.884+0300][50.530s][info ][gc] GC(1121) Pause Young (Concurrent Start) (G1 Humongous Allocation) 174M->175M(512M) 16.974ms
[2020-08-01T12:05:08.884+0300][50.530s][info ][gc] GC(1122) Concurrent Cycle
[2020-08-01T12:05:08.899+0300][50.546s][debug][gc] GC(1122) Reclaimed 123 empty regions
[2020-08-01T12:05:08.899+0300][50.546s][info ][gc] GC(1122) Pause Remark 226M->103M(512M) 0.589ms
[2020-08-01T12:05:08.921+0300][50.567s][info ][gc] GC(1122) Pause Cleanup 155M->155M(512M) 0.087ms
[2020-08-01T12:05:08.921+0300][50.568s][info ][gc] GC(1122) Concurrent Cycle 37.512ms
[2020-08-01T12:05:08.956+0300][50.603s][info ][gc] GC(1123) Pause Young (Normal) (G1 Evacuation Pause) 160M->147M(512M) 33.239ms
[2020-08-01T12:05:08.994+0300][50.640s][info ][gc] GC(1124) Pause Young (Concurrent Start) (G1 Humongous Allocation) 174M->176M(512M) 15.996ms
[2020-08-01T12:05:08.994+0300][50.640s][info ][gc] GC(1125) Concurrent Cycle
[2020-08-01T12:05:09.008+0300][50.655s][debug][gc] GC(1125) Reclaimed 121 empty regions
[2020-08-01T12:05:09.008+0300][50.655s][info ][gc] GC(1125) Pause Remark 226M->105M(512M) 0.562ms
[2020-08-01T12:05:09.029+0300][50.675s][info ][gc] GC(1125) Pause Cleanup 157M->157M(512M) 0.068ms
[2020-08-01T12:05:09.030+0300][50.676s][info ][gc] GC(1125) Concurrent Cycle 35.871ms
[2020-08-01T12:05:09.064+0300][50.711s][info ][gc] GC(1126) Pause Young (Normal) (G1 Evacuation Pause) 163M->151M(512M) 32.679ms
[2020-08-01T12:05:09.126+0300][50.773s][info ][gc] GC(1127) Pause Young (Concurrent Start) (G1 Humongous Allocation) 178M->179M(512M) 40.586ms
[2020-08-01T12:05:09.127+0300][50.773s][info ][gc] GC(1128) Concurrent Cycle
[2020-08-01T12:05:09.145+0300][50.791s][debug][gc] GC(1128) Reclaimed 124 empty regions
[2020-08-01T12:05:09.145+0300][50.791s][info ][gc] GC(1128) Pause Remark 229M->105M(512M) 0.606ms
[2020-08-01T12:05:09.166+0300][50.812s][info ][gc] GC(1128) Pause Cleanup 156M->156M(512M) 0.068ms
[2020-08-01T12:05:09.166+0300][50.812s][info ][gc] GC(1128) Concurrent Cycle 39.487ms
[2020-08-01T12:05:09.200+0300][50.847s][info ][gc] GC(1129) Pause Young (Normal) (G1 Evacuation Pause) 162M->149M(512M) 31.895ms
[2020-08-01T12:05:09.242+0300][50.888s][info ][gc] GC(1130) Pause Young (Concurrent Start) (G1 Humongous Allocation) 177M->178M(512M) 16.169ms
[2020-08-01T12:05:09.242+0300][50.888s][info ][gc] GC(1131) Concurrent Cycle
[2020-08-01T12:05:09.257+0300][50.903s][debug][gc] GC(1131) Reclaimed 122 empty regions
[2020-08-01T12:05:09.257+0300][50.903s][info ][gc] GC(1131) Pause Remark 229M->107M(512M) 0.571ms
[2020-08-01T12:05:09.279+0300][50.925s][info ][gc] GC(1131) Pause Cleanup 161M->161M(512M) 0.065ms
[2020-08-01T12:05:09.279+0300][50.926s][info ][gc] GC(1131) Concurrent Cycle 37.411ms
[2020-08-01T12:05:09.313+0300][50.960s][info ][gc] GC(1132) Pause Young (Normal) (G1 Evacuation Pause) 163M->150M(512M) 33.516ms
[2020-08-01T12:05:09.391+0300][51.037s][info ][gc] GC(1133) Pause Young (Concurrent Start) (G1 Humongous Allocation) 178M->179M(512M) 41.298ms
[2020-08-01T12:05:09.391+0300][51.038s][info ][gc] GC(1134) Concurrent Cycle
[2020-08-01T12:05:09.410+0300][51.056s][debug][gc] GC(1134) Reclaimed 123 empty regions
[2020-08-01T12:05:09.410+0300][51.056s][info ][gc] GC(1134) Pause Remark 230M->107M(512M) 0.679ms
[2020-08-01T12:05:09.431+0300][51.078s][info ][gc] GC(1134) Pause Cleanup 161M->161M(512M) 0.082ms
[2020-08-01T12:05:09.432+0300][51.078s][info ][gc] GC(1134) Concurrent Cycle 40.840ms
[2020-08-01T12:05:09.465+0300][51.112s][info ][gc] GC(1135) Pause Young (Normal) (G1 Evacuation Pause) 163M->150M(512M) 32.523ms
[2020-08-01T12:05:09.534+0300][51.180s][info ][gc] GC(1136) Pause Young (Concurrent Start) (G1 Humongous Allocation) 178M->180M(512M) 43.674ms
[2020-08-01T12:05:09.534+0300][51.180s][info ][gc] GC(1137) Concurrent Cycle
[2020-08-01T12:05:09.553+0300][51.199s][debug][gc] GC(1137) Reclaimed 124 empty regions
[2020-08-01T12:05:09.553+0300][51.199s][info ][gc] GC(1137) Pause Remark 231M->107M(512M) 0.672ms
[2020-08-01T12:05:09.574+0300][51.220s][info ][gc] GC(1137) Pause Cleanup 159M->159M(512M) 0.068ms
[2020-08-01T12:05:09.575+0300][51.221s][info ][gc] GC(1137) Concurrent Cycle 40.757ms
[2020-08-01T12:05:09.609+0300][51.255s][info ][gc] GC(1138) Pause Young (Normal) (G1 Evacuation Pause) 163M->150M(512M) 33.230ms
[2020-08-01T12:05:09.676+0300][51.322s][info ][gc] GC(1139) Pause Young (Concurrent Start) (G1 Humongous Allocation) 178M->179M(512M) 43.058ms
[2020-08-01T12:05:09.676+0300][51.322s][info ][gc] GC(1140) Concurrent Cycle
[2020-08-01T12:05:09.695+0300][51.341s][debug][gc] GC(1140) Reclaimed 123 empty regions
[2020-08-01T12:05:09.695+0300][51.341s][info ][gc] GC(1140) Pause Remark 231M->108M(512M) 0.576ms
[2020-08-01T12:05:09.716+0300][51.363s][info ][gc] GC(1140) Pause Cleanup 161M->161M(512M) 0.067ms
[2020-08-01T12:05:09.717+0300][51.363s][info ][gc] GC(1140) Concurrent Cycle 41.003ms
[2020-08-01T12:05:09.752+0300][51.399s][info ][gc] GC(1141) Pause Young (Normal) (G1 Evacuation Pause) 163M->150M(512M) 34.714ms
[2020-08-01T12:05:09.810+0300][51.456s][info ][gc] GC(1142) Pause Young (Concurrent Start) (G1 Humongous Allocation) 178M->180M(512M) 25.223ms
[2020-08-01T12:05:09.810+0300][51.457s][info ][gc] GC(1143) Concurrent Cycle
[2020-08-01T12:05:09.826+0300][51.472s][debug][gc] GC(1143) Reclaimed 124 empty regions
[2020-08-01T12:05:09.826+0300][51.472s][info ][gc] GC(1143) Pause Remark 231M->107M(512M) 0.601ms
[2020-08-01T12:05:09.848+0300][51.494s][info ][gc] GC(1143) Pause Cleanup 161M->161M(512M) 0.066ms
[2020-08-01T12:05:09.848+0300][51.495s][info ][gc] GC(1143) Concurrent Cycle 38.190ms
[2020-08-01T12:05:09.882+0300][51.529s][info ][gc] GC(1144) Pause Young (Normal) (G1 Evacuation Pause) 163M->150M(512M) 33.460ms
[2020-08-01T12:05:09.925+0300][51.572s][info ][gc] GC(1145) Pause Young (Concurrent Start) (G1 Humongous Allocation) 178M->179M(512M) 16.446ms
[2020-08-01T12:05:09.925+0300][51.572s][info ][gc] GC(1146) Concurrent Cycle
[2020-08-01T12:05:09.941+0300][51.588s][debug][gc] GC(1146) Reclaimed 123 empty regions
[2020-08-01T12:05:09.941+0300][51.588s][info ][gc] GC(1146) Pause Remark 229M->106M(512M) 0.620ms
[2020-08-01T12:05:09.963+0300][51.610s][info ][gc] GC(1146) Pause Cleanup 160M->160M(512M) 0.068ms
[2020-08-01T12:05:09.964+0300][51.610s][info ][gc] GC(1146) Concurrent Cycle 38.564ms
[2020-08-01T12:05:10.000+0300][51.646s][info ][gc] GC(1147) Pause Young (Normal) (G1 Evacuation Pause) 163M->150M(512M) 34.964ms
[2020-08-01T12:05:10.049+0300][51.695s][info ][gc] GC(1148) Pause Young (Concurrent Start) (G1 Humongous Allocation) 178M->179M(512M) 16.855ms
[2020-08-01T12:05:10.049+0300][51.695s][info ][gc] GC(1149) Concurrent Cycle
[2020-08-01T12:05:10.064+0300][51.711s][debug][gc] GC(1149) Reclaimed 123 empty regions
[2020-08-01T12:05:10.064+0300][51.711s][info ][gc] GC(1149) Pause Remark 230M->107M(512M) 0.593ms
[2020-08-01T12:05:10.086+0300][51.732s][info ][gc] GC(1149) Pause Cleanup 161M->161M(512M) 0.076ms
[2020-08-01T12:05:10.087+0300][51.733s][info ][gc] GC(1149) Concurrent Cycle 38.005ms
[2020-08-01T12:05:10.119+0300][51.766s][info ][gc] GC(1150) Pause Young (Normal) (G1 Evacuation Pause) 163M->150M(512M) 32.142ms
[2020-08-01T12:05:10.157+0300][51.804s][info ][gc] GC(1151) Pause Young (Concurrent Start) (G1 Humongous Allocation) 178M->180M(512M) 15.508ms
[2020-08-01T12:05:10.157+0300][51.804s][info ][gc] GC(1152) Concurrent Cycle
[2020-08-01T12:05:10.172+0300][51.819s][debug][gc] GC(1152) Reclaimed 124 empty regions
[2020-08-01T12:05:10.172+0300][51.819s][info ][gc] GC(1152) Pause Remark 231M->107M(512M) 0.561ms
[2020-08-01T12:05:10.193+0300][51.840s][info ][gc] GC(1152) Pause Cleanup 160M->160M(512M) 0.078ms
[2020-08-01T12:05:10.194+0300][51.840s][info ][gc] GC(1152) Concurrent Cycle 36.734ms
[2020-08-01T12:05:10.227+0300][51.874s][info ][gc] GC(1153) Pause Young (Normal) (G1 Evacuation Pause) 163M->151M(512M) 32.554ms
[2020-08-01T12:05:10.267+0300][51.913s][info ][gc] GC(1154) Pause Young (Concurrent Start) (G1 Humongous Allocation) 179M->180M(512M) 16.413ms
[2020-08-01T12:05:10.267+0300][51.914s][info ][gc] GC(1155) Concurrent Cycle
[2020-08-01T12:05:10.283+0300][51.929s][debug][gc] GC(1155) Reclaimed 124 empty regions
[2020-08-01T12:05:10.283+0300][51.929s][info ][gc] GC(1155) Pause Remark 231M->107M(512M) 0.812ms
[2020-08-01T12:05:10.305+0300][51.951s][info ][gc] GC(1155) Pause Cleanup 161M->161M(512M) 0.075ms
[2020-08-01T12:05:10.305+0300][51.952s][info ][gc] GC(1155) Concurrent Cycle 38.205ms
[2020-08-01T12:05:10.338+0300][51.985s][info ][gc] GC(1156) Pause Young (Normal) (G1 Evacuation Pause) 162M->149M(512M) 32.629ms
[2020-08-01T12:05:10.378+0300][52.024s][info ][gc] GC(1157) Pause Young (Concurrent Start) (G1 Humongous Allocation) 178M->179M(512M) 16.331ms
[2020-08-01T12:05:10.378+0300][52.024s][info ][gc] GC(1158) Concurrent Cycle
[2020-08-01T12:05:10.394+0300][52.040s][debug][gc] GC(1158) Reclaimed 123 empty regions
[2020-08-01T12:05:10.394+0300][52.040s][info ][gc] GC(1158) Pause Remark 230M->107M(512M) 0.652ms
[2020-08-01T12:05:10.416+0300][52.062s][info ][gc] GC(1158) Pause Cleanup 162M->162M(512M) 0.071ms
[2020-08-01T12:05:10.417+0300][52.063s][info ][gc] GC(1158) Concurrent Cycle 38.535ms
[2020-08-01T12:05:10.451+0300][52.098s][info ][gc] GC(1159) Pause Young (Normal) (G1 Evacuation Pause) 163M->150M(512M) 34.348ms
[2020-08-01T12:05:10.499+0300][52.146s][info ][gc] GC(1160) Pause Young (Concurrent Start) (G1 Humongous Allocation) 178M->179M(512M) 16.400ms
[2020-08-01T12:05:10.499+0300][52.146s][info ][gc] GC(1161) Concurrent Cycle
[2020-08-01T12:05:10.515+0300][52.162s][debug][gc] GC(1161) Reclaimed 124 empty regions
[2020-08-01T12:05:10.515+0300][52.162s][info ][gc] GC(1161) Pause Remark 231M->107M(512M) 0.592ms
[2020-08-01T12:05:10.537+0300][52.184s][info ][gc] GC(1161) Pause Cleanup 162M->162M(512M) 0.073ms
[2020-08-01T12:05:10.572+0300][52.218s][info ][gc] GC(1162) Pause Young (Normal) (G1 Evacuation Pause) 162M->149M(512M) 34.053ms
[2020-08-01T12:05:10.572+0300][52.218s][info ][gc] GC(1161) Concurrent Cycle 72.702ms
[2020-08-01T12:05:10.614+0300][52.260s][info ][gc] GC(1163) Pause Young (Concurrent Start) (G1 Humongous Allocation) 177M->179M(512M) 18.913ms
[2020-08-01T12:05:10.614+0300][52.260s][info ][gc] GC(1164) Concurrent Cycle
[2020-08-01T12:05:10.629+0300][52.276s][debug][gc] GC(1164) Reclaimed 123 empty regions
[2020-08-01T12:05:10.629+0300][52.276s][info ][gc] GC(1164) Pause Remark 229M->106M(512M) 0.625ms
[2020-08-01T12:05:10.652+0300][52.298s][info ][gc] GC(1164) Pause Cleanup 157M->157M(512M) 0.068ms
[2020-08-01T12:05:10.652+0300][52.299s][info ][gc] GC(1164) Concurrent Cycle 38.626ms
[2020-08-01T12:05:10.698+0300][52.345s][info ][gc] GC(1165) Pause Young (Normal) (G1 Evacuation Pause) 163M->150M(512M) 43.577ms
[2020-08-01T12:05:10.758+0300][52.404s][info ][gc] GC(1166) Pause Young (Concurrent Start) (G1 Humongous Allocation) 178M->179M(512M) 26.049ms
[2020-08-01T12:05:10.758+0300][52.404s][info ][gc] GC(1167) Concurrent Cycle
[2020-08-01T12:05:10.775+0300][52.421s][debug][gc] GC(1167) Reclaimed 124 empty regions
[2020-08-01T12:05:10.775+0300][52.421s][info ][gc] GC(1167) Pause Remark 229M->105M(512M) 0.585ms
[2020-08-01T12:05:10.796+0300][52.442s][info ][gc] GC(1167) Pause Cleanup 158M->158M(512M) 0.072ms
[2020-08-01T12:05:10.796+0300][52.443s][info ][gc] GC(1167) Concurrent Cycle 38.570ms
[2020-08-01T12:05:10.833+0300][52.479s][info ][gc] GC(1168) Pause Young (Normal) (G1 Evacuation Pause) 162M->149M(512M) 34.875ms
[2020-08-01T12:05:10.872+0300][52.519s][info ][gc] GC(1169) Pause Young (Concurrent Start) (G1 Humongous Allocation) 177M->178M(512M) 16.596ms
[2020-08-01T12:05:10.872+0300][52.519s][info ][gc] GC(1170) Concurrent Cycle
[2020-08-01T12:05:10.888+0300][52.535s][debug][gc] GC(1170) Reclaimed 123 empty regions
[2020-08-01T12:05:10.888+0300][52.535s][info ][gc] GC(1170) Pause Remark 229M->106M(512M) 0.663ms
[2020-08-01T12:05:10.910+0300][52.557s][info ][gc] GC(1170) Pause Cleanup 156M->156M(512M) 0.083ms
[2020-08-01T12:05:10.911+0300][52.557s][info ][gc] GC(1170) Concurrent Cycle 38.605ms
[2020-08-01T12:05:10.949+0300][52.595s][info ][gc] GC(1171) Pause Young (Normal) (G1 Evacuation Pause) 162M->149M(512M) 36.096ms
[2020-08-01T12:05:11.006+0300][52.652s][info ][gc] GC(1172) Pause Young (Concurrent Start) (G1 Humongous Allocation) 177M->178M(512M) 25.099ms
[2020-08-01T12:05:11.006+0300][52.652s][info ][gc] GC(1173) Concurrent Cycle
[2020-08-01T12:05:11.022+0300][52.669s][debug][gc] GC(1173) Reclaimed 122 empty regions
[2020-08-01T12:05:11.022+0300][52.669s][info ][gc] GC(1173) Pause Remark 229M->107M(512M) 0.559ms
[2020-08-01T12:05:11.044+0300][52.691s][info ][gc] GC(1173) Pause Cleanup 161M->161M(512M) 0.068ms
[2020-08-01T12:05:11.045+0300][52.691s][info ][gc] GC(1173) Concurrent Cycle 38.673ms
[2020-08-01T12:05:11.079+0300][52.725s][info ][gc] GC(1174) Pause Young (Normal) (G1 Evacuation Pause) 163M->150M(512M) 33.583ms
[2020-08-01T12:05:11.123+0300][52.769s][info ][gc] GC(1175) Pause Young (Concurrent Start) (G1 Humongous Allocation) 178M->179M(512M) 17.254ms
[2020-08-01T12:05:11.123+0300][52.769s][info ][gc] GC(1176) Concurrent Cycle
[2020-08-01T12:05:11.138+0300][52.784s][debug][gc] GC(1176) Reclaimed 124 empty regions
[2020-08-01T12:05:11.138+0300][52.784s][info ][gc] GC(1176) Pause Remark 228M->104M(512M) 0.569ms
[2020-08-01T12:05:11.160+0300][52.806s][info ][gc] GC(1176) Pause Cleanup 158M->158M(512M) 0.066ms
[2020-08-01T12:05:11.160+0300][52.807s][info ][gc] GC(1176) Concurrent Cycle 37.197ms
[2020-08-01T12:05:11.197+0300][52.843s][info ][gc] GC(1177) Pause Young (Normal) (G1 Evacuation Pause) 162M->150M(512M) 35.178ms
[2020-08-01T12:05:11.248+0300][52.894s][info ][gc] GC(1178) Pause Young (Concurrent Start) (G1 Humongous Allocation) 178M->179M(512M) 17.089ms
[2020-08-01T12:05:11.248+0300][52.894s][info ][gc] GC(1179) Concurrent Cycle
[2020-08-01T12:05:11.264+0300][52.910s][debug][gc] GC(1179) Reclaimed 123 empty regions
[2020-08-01T12:05:11.264+0300][52.910s][info ][gc] GC(1179) Pause Remark 229M->106M(512M) 0.613ms
[2020-08-01T12:05:11.285+0300][52.931s][info ][gc] GC(1179) Pause Cleanup 159M->159M(512M) 0.065ms
[2020-08-01T12:05:11.286+0300][52.932s][info ][gc] GC(1179) Concurrent Cycle 37.667ms
[2020-08-01T12:05:11.321+0300][52.968s][info ][gc] GC(1180) Pause Young (Normal) (G1 Evacuation Pause) 163M->151M(512M) 34.131ms
[2020-08-01T12:05:11.372+0300][53.019s][info ][gc] GC(1181) Pause Young (Concurrent Start) (G1 Humongous Allocation) 179M->180M(512M) 16.649ms
[2020-08-01T12:05:11.372+0300][53.019s][info ][gc] GC(1182) Concurrent Cycle
[2020-08-01T12:05:11.388+0300][53.034s][debug][gc] GC(1182) Reclaimed 124 empty regions
[2020-08-01T12:05:11.388+0300][53.034s][info ][gc] GC(1182) Pause Remark 231M->107M(512M) 0.709ms
[2020-08-01T12:05:11.410+0300][53.056s][info ][gc] GC(1182) Pause Cleanup 160M->160M(512M) 0.111ms
[2020-08-01T12:05:11.411+0300][53.057s][info ][gc] GC(1182) Concurrent Cycle 38.243ms
[2020-08-01T12:05:11.444+0300][53.091s][info ][gc] GC(1183) Pause Young (Normal) (G1 Evacuation Pause) 163M->150M(512M) 32.685ms
[2020-08-01T12:05:11.513+0300][53.160s][info ][gc] GC(1184) Pause Young (Concurrent Start) (G1 Humongous Allocation) 178M->180M(512M) 45.446ms
[2020-08-01T12:05:11.513+0300][53.160s][info ][gc] GC(1185) Concurrent Cycle
[2020-08-01T12:05:11.531+0300][53.178s][debug][gc] GC(1185) Reclaimed 124 empty regions
[2020-08-01T12:05:11.531+0300][53.178s][info ][gc] GC(1185) Pause Remark 231M->107M(512M) 0.584ms
[2020-08-01T12:05:11.553+0300][53.199s][info ][gc] GC(1185) Pause Cleanup 161M->161M(512M) 0.066ms
[2020-08-01T12:05:11.554+0300][53.200s][info ][gc] GC(1185) Concurrent Cycle 40.444ms
[2020-08-01T12:05:11.587+0300][53.233s][info ][gc] GC(1186) Pause Young (Normal) (G1 Evacuation Pause) 163M->150M(512M) 32.225ms
[2020-08-01T12:05:11.666+0300][53.313s][info ][gc] GC(1187) Pause Young (Concurrent Start) (G1 Humongous Allocation) 178M->179M(512M) 46.287ms
[2020-08-01T12:05:11.667+0300][53.313s][info ][gc] GC(1188) Concurrent Cycle
[2020-08-01T12:05:11.687+0300][53.334s][debug][gc] GC(1188) Reclaimed 124 empty regions
[2020-08-01T12:05:11.687+0300][53.334s][info ][gc] GC(1188) Pause Remark 233M->109M(512M) 0.953ms
[2020-08-01T12:05:11.742+0300][53.388s][info ][gc] GC(1189) Pause Young (Normal) (G1 Evacuation Pause) 162M->149M(512M) 33.004ms
[2020-08-01T12:05:11.742+0300][53.389s][info ][gc] GC(1188) Pause Cleanup 151M->151M(512M) 0.079ms
[2020-08-01T12:05:11.743+0300][53.389s][info ][gc] GC(1188) Concurrent Cycle 76.394ms
[2020-08-01T12:05:11.826+0300][53.473s][info ][gc] GC(1190) Pause Young (Concurrent Start) (G1 Humongous Allocation) 177M->178M(512M) 50.631ms
[2020-08-01T12:05:11.827+0300][53.473s][info ][gc] GC(1191) Concurrent Cycle
[2020-08-01T12:05:11.842+0300][53.489s][debug][gc] GC(1191) Reclaimed 123 empty regions
[2020-08-01T12:05:11.842+0300][53.489s][info ][gc] GC(1191) Pause Remark 229M->106M(512M) 0.677ms
[2020-08-01T12:05:11.864+0300][53.510s][info ][gc] GC(1191) Pause Cleanup 157M->157M(512M) 0.064ms
[2020-08-01T12:05:11.864+0300][53.511s][info ][gc] GC(1191) Concurrent Cycle 37.672ms
[2020-08-01T12:05:11.899+0300][53.546s][info ][gc] GC(1192) Pause Young (Normal) (G1 Evacuation Pause) 162M->149M(512M) 33.148ms
[2020-08-01T12:05:11.948+0300][53.595s][info ][gc] GC(1193) Pause Young (Concurrent Start) (G1 Humongous Allocation) 177M->178M(512M) 16.655ms
[2020-08-01T12:05:11.948+0300][53.595s][info ][gc] GC(1194) Concurrent Cycle
[2020-08-01T12:05:11.964+0300][53.610s][debug][gc] GC(1194) Reclaimed 123 empty regions
[2020-08-01T12:05:11.964+0300][53.610s][info ][gc] GC(1194) Pause Remark 227M->104M(512M) 0.569ms
[2020-08-01T12:05:11.985+0300][53.632s][info ][gc] GC(1194) Pause Cleanup 155M->155M(512M) 0.069ms
[2020-08-01T12:05:11.986+0300][53.632s][info ][gc] GC(1194) Concurrent Cycle 37.324ms
[2020-08-01T12:05:12.021+0300][53.668s][info ][gc] GC(1195) Pause Young (Normal) (G1 Evacuation Pause) 162M->149M(512M) 32.542ms
[2020-08-01T12:05:12.060+0300][53.707s][info ][gc] GC(1196) Pause Young (Concurrent Start) (G1 Humongous Allocation) 177M->178M(512M) 17.798ms
[2020-08-01T12:05:12.060+0300][53.707s][info ][gc] GC(1197) Concurrent Cycle
[2020-08-01T12:05:12.076+0300][53.722s][debug][gc] GC(1197) Reclaimed 123 empty regions
[2020-08-01T12:05:12.076+0300][53.722s][info ][gc] GC(1197) Pause Remark 229M->106M(512M) 0.600ms
[2020-08-01T12:05:12.097+0300][53.743s][info ][gc] GC(1197) Pause Cleanup 160M->160M(512M) 0.066ms
[2020-08-01T12:05:12.098+0300][53.744s][info ][gc] GC(1197) Concurrent Cycle 37.207ms
[2020-08-01T12:05:12.130+0300][53.777s][info ][gc] GC(1198) Pause Young (Normal) (G1 Evacuation Pause) 162M->150M(512M) 31.958ms
[2020-08-01T12:05:12.183+0300][53.830s][info ][gc] GC(1199) Pause Young (Concurrent Start) (G1 Humongous Allocation) 178M->179M(512M) 31.563ms
[2020-08-01T12:05:12.183+0300][53.830s][info ][gc] GC(1200) Concurrent Cycle
[2020-08-01T12:05:12.201+0300][53.847s][debug][gc] GC(1200) Reclaimed 123 empty regions
[2020-08-01T12:05:12.201+0300][53.847s][info ][gc] GC(1200) Pause Remark 229M->106M(512M) 0.595ms
[2020-08-01T12:05:12.223+0300][53.869s][info ][gc] GC(1200) Pause Cleanup 161M->161M(512M) 0.070ms
[2020-08-01T12:05:12.223+0300][53.870s][info ][gc] GC(1200) Concurrent Cycle 40.043ms
[2020-08-01T12:05:12.257+0300][53.903s][info ][gc] GC(1201) Pause Young (Normal) (G1 Evacuation Pause) 163M->150M(512M) 32.709ms
[2020-08-01T12:05:12.298+0300][53.945s][info ][gc] GC(1202) Pause Young (Concurrent Start) (G1 Humongous Allocation) 178M->179M(512M) 16.604ms
[2020-08-01T12:05:12.298+0300][53.945s][info ][gc] GC(1203) Concurrent Cycle
[2020-08-01T12:05:12.313+0300][53.960s][debug][gc] GC(1203) Reclaimed 123 empty regions
[2020-08-01T12:05:12.313+0300][53.960s][info ][gc] GC(1203) Pause Remark 230M->107M(512M) 0.624ms
[2020-08-01T12:05:12.335+0300][53.981s][info ][gc] GC(1203) Pause Cleanup 160M->160M(512M) 0.091ms
[2020-08-01T12:05:12.335+0300][53.982s][info ][gc] GC(1203) Concurrent Cycle 36.936ms
[2020-08-01T12:05:12.369+0300][54.016s][info ][gc] GC(1204) Pause Young (Normal) (G1 Evacuation Pause) 163M->150M(512M) 33.019ms
[2020-08-01T12:05:12.422+0300][54.068s][info ][gc] GC(1205) Pause Young (Concurrent Start) (G1 Humongous Allocation) 178M->179M(512M) 29.277ms
[2020-08-01T12:05:12.422+0300][54.069s][info ][gc] GC(1206) Concurrent Cycle
[2020-08-01T12:05:12.439+0300][54.086s][debug][gc] GC(1206) Reclaimed 124 empty regions
[2020-08-01T12:05:12.439+0300][54.086s][info ][gc] GC(1206) Pause Remark 229M->105M(512M) 0.596ms
[2020-08-01T12:05:12.460+0300][54.107s][info ][gc] GC(1206) Pause Cleanup 158M->158M(512M) 0.069ms
[2020-08-01T12:05:12.461+0300][54.107s][info ][gc] GC(1206) Concurrent Cycle 38.714ms
[2020-08-01T12:05:12.494+0300][54.140s][info ][gc] GC(1207) Pause Young (Normal) (G1 Evacuation Pause) 162M->149M(512M) 31.912ms
[2020-08-01T12:05:12.552+0300][54.199s][info ][gc] GC(1208) Pause Young (Concurrent Start) (G1 Humongous Allocation) 177M->178M(512M) 35.733ms
[2020-08-01T12:05:12.553+0300][54.199s][info ][gc] GC(1209) Concurrent Cycle
[2020-08-01T12:05:12.570+0300][54.217s][debug][gc] GC(1209) Reclaimed 123 empty regions
[2020-08-01T12:05:12.570+0300][54.217s][info ][gc] GC(1209) Pause Remark 228M->105M(512M) 0.743ms
[2020-08-01T12:05:12.592+0300][54.239s][info ][gc] GC(1209) Pause Cleanup 160M->160M(512M) 0.080ms
[2020-08-01T12:05:12.593+0300][54.239s][info ][gc] GC(1209) Concurrent Cycle 40.259ms
[2020-08-01T12:05:12.629+0300][54.275s][info ][gc] GC(1210) Pause Young (Normal) (G1 Evacuation Pause) 162M->149M(512M) 35.257ms
[2020-08-01T12:05:12.673+0300][54.319s][info ][gc] GC(1211) Pause Young (Concurrent Start) (G1 Humongous Allocation) 177M->178M(512M) 19.341ms
[2020-08-01T12:05:12.673+0300][54.320s][info ][gc] GC(1212) Concurrent Cycle
[2020-08-01T12:05:12.689+0300][54.335s][debug][gc] GC(1212) Reclaimed 123 empty regions
[2020-08-01T12:05:12.689+0300][54.335s][info ][gc] GC(1212) Pause Remark 228M->105M(512M) 0.583ms
[2020-08-01T12:05:12.710+0300][54.356s][info ][gc] GC(1212) Pause Cleanup 157M->157M(512M) 0.088ms
[2020-08-01T12:05:12.711+0300][54.357s][info ][gc] GC(1212) Concurrent Cycle 37.400ms
[2020-08-01T12:05:12.746+0300][54.392s][info ][gc] GC(1213) Pause Young (Normal) (G1 Evacuation Pause) 162M->150M(512M) 33.522ms
[2020-08-01T12:05:12.797+0300][54.444s][info ][gc] GC(1214) Pause Young (Concurrent Start) (G1 Humongous Allocation) 178M->179M(512M) 28.566ms
[2020-08-01T12:05:12.797+0300][54.444s][info ][gc] GC(1215) Concurrent Cycle
[2020-08-01T12:05:12.813+0300][54.460s][debug][gc] GC(1215) Reclaimed 123 empty regions
[2020-08-01T12:05:12.813+0300][54.460s][info ][gc] GC(1215) Pause Remark 229M->106M(512M) 0.609ms
[2020-08-01T12:05:12.835+0300][54.481s][info ][gc] GC(1215) Pause Cleanup 160M->160M(512M) 0.066ms
[2020-08-01T12:05:12.835+0300][54.482s][info ][gc] GC(1215) Concurrent Cycle 37.811ms
[2020-08-01T12:05:12.872+0300][54.518s][info ][gc] GC(1216) Pause Young (Normal) (G1 Evacuation Pause) 163M->150M(512M) 35.968ms
[2020-08-01T12:05:12.910+0300][54.556s][info ][gc] GC(1217) Pause Young (Concurrent Start) (G1 Humongous Allocation) 178M->179M(512M) 16.360ms
[2020-08-01T12:05:12.910+0300][54.556s][info ][gc] GC(1218) Concurrent Cycle
[2020-08-01T12:05:12.927+0300][54.573s][debug][gc] GC(1218) Reclaimed 124 empty regions
[2020-08-01T12:05:12.927+0300][54.573s][info ][gc] GC(1218) Pause Remark 227M->103M(512M) 0.662ms
[2020-08-01T12:05:12.949+0300][54.595s][info ][gc] GC(1218) Pause Cleanup 153M->153M(512M) 0.073ms
[2020-08-01T12:05:12.950+0300][54.596s][info ][gc] GC(1218) Concurrent Cycle 39.644ms
[2020-08-01T12:05:12.988+0300][54.634s][info ][gc] GC(1219) Pause Young (Normal) (G1 Evacuation Pause) 162M->150M(512M) 34.329ms
[2020-08-01T12:05:13.037+0300][54.683s][info ][gc] GC(1220) Pause Young (Concurrent Start) (G1 Humongous Allocation) 178M->179M(512M) 16.324ms
[2020-08-01T12:05:13.037+0300][54.683s][info ][gc] GC(1221) Concurrent Cycle
[2020-08-01T12:05:13.053+0300][54.699s][debug][gc] GC(1221) Reclaimed 123 empty regions
[2020-08-01T12:05:13.053+0300][54.699s][info ][gc] GC(1221) Pause Remark 229M->106M(512M) 0.611ms
[2020-08-01T12:05:13.075+0300][54.721s][info ][gc] GC(1221) Pause Cleanup 160M->160M(512M) 0.110ms
[2020-08-01T12:05:13.076+0300][54.722s][info ][gc] GC(1221) Concurrent Cycle 38.674ms
[2020-08-01T12:05:13.110+0300][54.756s][info ][gc] GC(1222) Pause Young (Normal) (G1 Evacuation Pause) 163M->150M(512M) 33.311ms
[2020-08-01T12:05:13.192+0300][54.839s][info ][gc] GC(1223) Pause Young (Concurrent Start) (G1 Humongous Allocation) 178M->179M(512M) 46.629ms
[2020-08-01T12:05:13.193+0300][54.839s][info ][gc] GC(1224) Concurrent Cycle
[2020-08-01T12:05:13.211+0300][54.857s][debug][gc] GC(1224) Reclaimed 124 empty regions
[2020-08-01T12:05:13.211+0300][54.857s][info ][gc] GC(1224) Pause Remark 230M->106M(512M) 0.580ms
[2020-08-01T12:05:13.233+0300][54.879s][info ][gc] GC(1224) Pause Cleanup 160M->160M(512M) 0.072ms
[2020-08-01T12:05:13.233+0300][54.880s][info ][gc] GC(1224) Concurrent Cycle 40.752ms
[2020-08-01T12:05:13.267+0300][54.914s][info ][gc] GC(1225) Pause Young (Normal) (G1 Evacuation Pause) 162M->150M(512M) 33.367ms
[2020-08-01T12:05:13.328+0300][54.975s][info ][gc] GC(1226) Pause Young (Concurrent Start) (G1 Humongous Allocation) 178M->179M(512M) 26.759ms
[2020-08-01T12:05:13.329+0300][54.975s][info ][gc] GC(1227) Concurrent Cycle
[2020-08-01T12:05:13.346+0300][54.992s][debug][gc] GC(1227) Reclaimed 123 empty regions
[2020-08-01T12:05:13.346+0300][54.992s][info ][gc] GC(1227) Pause Remark 228M->105M(512M) 0.563ms
[2020-08-01T12:05:13.367+0300][55.013s][info ][gc] GC(1227) Pause Cleanup 159M->159M(512M) 0.077ms
[2020-08-01T12:05:13.367+0300][55.014s][info ][gc] GC(1227) Concurrent Cycle 38.836ms
[2020-08-01T12:05:13.403+0300][55.049s][info ][gc] GC(1228) Pause Young (Normal) (G1 Evacuation Pause) 163M->150M(512M) 34.058ms
[2020-08-01T12:05:13.442+0300][55.088s][info ][gc] GC(1229) Pause Young (Concurrent Start) (G1 Humongous Allocation) 178M->180M(512M) 16.446ms
[2020-08-01T12:05:13.442+0300][55.089s][info ][gc] GC(1230) Concurrent Cycle
[2020-08-01T12:05:13.458+0300][55.105s][debug][gc] GC(1230) Reclaimed 124 empty regions
[2020-08-01T12:05:13.458+0300][55.105s][info ][gc] GC(1230) Pause Remark 230M->106M(512M) 0.549ms
[2020-08-01T12:05:13.480+0300][55.126s][info ][gc] GC(1230) Pause Cleanup 158M->158M(512M) 0.067ms
[2020-08-01T12:05:13.480+0300][55.127s][info ][gc] GC(1230) Concurrent Cycle 38.039ms
[2020-08-01T12:05:13.515+0300][55.162s][info ][gc] GC(1231) Pause Young (Normal) (G1 Evacuation Pause) 163M->150M(512M) 33.330ms
[2020-08-01T12:05:13.575+0300][55.221s][info ][gc] GC(1232) Pause Young (Concurrent Start) (G1 Humongous Allocation) 178M->179M(512M) 36.856ms
[2020-08-01T12:05:13.575+0300][55.221s][info ][gc] GC(1233) Concurrent Cycle
[2020-08-01T12:05:13.593+0300][55.239s][debug][gc] GC(1233) Reclaimed 124 empty regions
[2020-08-01T12:05:13.593+0300][55.239s][info ][gc] GC(1233) Pause Remark 229M->105M(512M) 0.629ms
[2020-08-01T12:05:13.614+0300][55.261s][info ][gc] GC(1233) Pause Cleanup 159M->159M(512M) 0.069ms
[2020-08-01T12:05:13.615+0300][55.261s][info ][gc] GC(1233) Concurrent Cycle 39.763ms
[2020-08-01T12:05:13.649+0300][55.296s][info ][gc] GC(1234) Pause Young (Normal) (G1 Evacuation Pause) 162M->150M(512M) 33.725ms
[2020-08-01T12:05:13.695+0300][55.342s][info ][gc] GC(1235) Pause Young (Concurrent Start) (G1 Humongous Allocation) 178M->179M(512M) 18.663ms
[2020-08-01T12:05:13.696+0300][55.342s][info ][gc] GC(1236) Concurrent Cycle
[2020-08-01T12:05:13.712+0300][55.359s][debug][gc] GC(1236) Reclaimed 123 empty regions
[2020-08-01T12:05:13.712+0300][55.359s][info ][gc] GC(1236) Pause Remark 229M->106M(512M) 0.585ms
[2020-08-01T12:05:13.734+0300][55.380s][info ][gc] GC(1236) Pause Cleanup 149M->149M(512M) 0.070ms
[2020-08-01T12:05:13.734+0300][55.381s][info ][gc] GC(1236) Concurrent Cycle 38.742ms
[2020-08-01T12:05:13.773+0300][55.420s][info ][gc] GC(1237) Pause Young (Normal) (G1 Evacuation Pause) 163M->150M(512M) 33.188ms
[2020-08-01T12:05:13.834+0300][55.481s][info ][gc] GC(1238) Pause Young (Concurrent Start) (G1 Humongous Allocation) 178M->180M(512M) 32.602ms
[2020-08-01T12:05:13.834+0300][55.481s][info ][gc] GC(1239) Concurrent Cycle
[2020-08-01T12:05:13.852+0300][55.498s][debug][gc] GC(1239) Reclaimed 124 empty regions
[2020-08-01T12:05:13.852+0300][55.498s][info ][gc] GC(1239) Pause Remark 230M->106M(512M) 0.580ms
[2020-08-01T12:05:13.873+0300][55.520s][info ][gc] GC(1239) Pause Cleanup 159M->159M(512M) 0.068ms
[2020-08-01T12:05:13.874+0300][55.520s][info ][gc] GC(1239) Concurrent Cycle 39.244ms
[2020-08-01T12:05:13.909+0300][55.556s][info ][gc] GC(1240) Pause Young (Normal) (G1 Evacuation Pause) 163M->150M(512M) 34.035ms
[2020-08-01T12:05:13.970+0300][55.617s][info ][gc] GC(1241) Pause Young (Concurrent Start) (G1 Humongous Allocation) 178M->179M(512M) 29.549ms
[2020-08-01T12:05:13.970+0300][55.617s][info ][gc] GC(1242) Concurrent Cycle
[2020-08-01T12:05:13.987+0300][55.634s][debug][gc] GC(1242) Reclaimed 123 empty regions
[2020-08-01T12:05:13.987+0300][55.634s][info ][gc] GC(1242) Pause Remark 228M->105M(512M) 0.757ms
[2020-08-01T12:05:14.009+0300][55.655s][info ][gc] GC(1242) Pause Cleanup 159M->159M(512M) 0.066ms
[2020-08-01T12:05:14.009+0300][55.656s][info ][gc] GC(1242) Concurrent Cycle 38.896ms
[2020-08-01T12:05:14.044+0300][55.690s][info ][gc] GC(1243) Pause Young (Normal) (G1 Evacuation Pause) 163M->151M(512M) 33.032ms
[2020-08-01T12:05:14.105+0300][55.752s][info ][gc] GC(1244) Pause Young (Concurrent Start) (G1 Humongous Allocation) 179M->180M(512M) 39.594ms
[2020-08-01T12:05:14.106+0300][55.752s][info ][gc] GC(1245) Concurrent Cycle
[2020-08-01T12:05:14.123+0300][55.770s][debug][gc] GC(1245) Reclaimed 123 empty regions
[2020-08-01T12:05:14.124+0300][55.770s][info ][gc] GC(1245) Pause Remark 231M->108M(512M) 0.586ms
[2020-08-01T12:05:14.145+0300][55.792s][info ][gc] GC(1245) Pause Cleanup 163M->163M(512M) 0.078ms
[2020-08-01T12:05:14.178+0300][55.824s][info ][gc] GC(1246) Pause Young (Normal) (G1 Evacuation Pause) 163M->150M(512M) 32.325ms
[2020-08-01T12:05:14.178+0300][55.825s][info ][gc] GC(1245) Concurrent Cycle 72.792ms
[2020-08-01T12:05:14.247+0300][55.894s][info ][gc] GC(1247) Pause Young (Concurrent Start) (G1 Humongous Allocation) 179M->180M(512M) 42.420ms
[2020-08-01T12:05:14.247+0300][55.894s][info ][gc] GC(1248) Concurrent Cycle
[2020-08-01T12:05:14.265+0300][55.912s][debug][gc] GC(1248) Reclaimed 123 empty regions
[2020-08-01T12:05:14.265+0300][55.912s][info ][gc] GC(1248) Pause Remark 231M->108M(512M) 0.587ms
[2020-08-01T12:05:14.287+0300][55.934s][info ][gc] GC(1248) Pause Cleanup 162M->162M(512M) 0.067ms
[2020-08-01T12:05:14.288+0300][55.934s][info ][gc] GC(1248) Concurrent Cycle 40.499ms
[2020-08-01T12:05:14.321+0300][55.967s][info ][gc] GC(1249) Pause Young (Normal) (G1 Evacuation Pause) 164M->152M(512M) 32.016ms
[2020-08-01T12:05:14.376+0300][56.022s][info ][gc] GC(1250) Pause Young (Concurrent Start) (G1 Humongous Allocation) 180M->181M(512M) 30.822ms
[2020-08-01T12:05:14.376+0300][56.022s][info ][gc] GC(1251) Concurrent Cycle
[2020-08-01T12:05:14.392+0300][56.039s][debug][gc] GC(1251) Reclaimed 124 empty regions
[2020-08-01T12:05:14.392+0300][56.039s][info ][gc] GC(1251) Pause Remark 232M->108M(512M) 0.583ms
[2020-08-01T12:05:14.413+0300][56.060s][info ][gc] GC(1251) Pause Cleanup 161M->161M(512M) 0.068ms
[2020-08-01T12:05:14.414+0300][56.060s][info ][gc] GC(1251) Concurrent Cycle 38.137ms
[2020-08-01T12:05:14.447+0300][56.093s][info ][gc] GC(1252) Pause Young (Normal) (G1 Evacuation Pause) 163M->150M(512M) 32.549ms
[2020-08-01T12:05:14.535+0300][56.182s][info ][gc] GC(1253) Pause Young (Concurrent Start) (G1 Humongous Allocation) 179M->180M(512M) 51.294ms
[2020-08-01T12:05:14.535+0300][56.182s][info ][gc] GC(1254) Concurrent Cycle
[2020-08-01T12:05:14.555+0300][56.201s][debug][gc] GC(1254) Reclaimed 123 empty regions
[2020-08-01T12:05:14.555+0300][56.201s][info ][gc] GC(1254) Pause Remark 231M->108M(512M) 0.695ms
[2020-08-01T12:05:14.577+0300][56.224s][info ][gc] GC(1254) Pause Cleanup 162M->162M(512M) 0.070ms
[2020-08-01T12:05:14.578+0300][56.224s][info ][gc] GC(1254) Concurrent Cycle 42.693ms
[2020-08-01T12:05:14.611+0300][56.257s][info ][gc] GC(1255) Pause Young (Normal) (G1 Evacuation Pause) 164M->151M(512M) 32.045ms
[2020-08-01T12:05:14.691+0300][56.338s][info ][gc] GC(1256) Pause Young (Concurrent Start) (G1 Humongous Allocation) 179M->180M(512M) 52.193ms
[2020-08-01T12:05:14.691+0300][56.338s][info ][gc] GC(1257) Concurrent Cycle
[2020-08-01T12:05:14.708+0300][56.355s][debug][gc] GC(1257) Reclaimed 124 empty regions
[2020-08-01T12:05:14.708+0300][56.355s][info ][gc] GC(1257) Pause Remark 230M->106M(512M) 0.564ms
[2020-08-01T12:05:14.730+0300][56.376s][info ][gc] GC(1257) Pause Cleanup 160M->160M(512M) 0.076ms
[2020-08-01T12:05:14.730+0300][56.377s][info ][gc] GC(1257) Concurrent Cycle 38.734ms
[2020-08-01T12:05:14.766+0300][56.412s][info ][gc] GC(1258) Pause Young (Normal) (G1 Evacuation Pause) 163M->150M(512M) 34.429ms
[2020-08-01T12:05:14.833+0300][56.479s][info ][gc] GC(1259) Pause Young (Concurrent Start) (G1 Humongous Allocation) 178M->179M(512M) 39.218ms
[2020-08-01T12:05:14.833+0300][56.480s][info ][gc] GC(1260) Concurrent Cycle
[2020-08-01T12:05:14.851+0300][56.497s][debug][gc] GC(1260) Reclaimed 123 empty regions
[2020-08-01T12:05:14.851+0300][56.497s][info ][gc] GC(1260) Pause Remark 229M->106M(512M) 0.589ms
[2020-08-01T12:05:14.872+0300][56.519s][info ][gc] GC(1260) Pause Cleanup 160M->160M(512M) 0.068ms
[2020-08-01T12:05:14.873+0300][56.519s][info ][gc] GC(1260) Concurrent Cycle 39.679ms
[2020-08-01T12:05:14.907+0300][56.553s][info ][gc] GC(1261) Pause Young (Normal) (G1 Evacuation Pause) 163M->151M(512M) 32.730ms
[2020-08-01T12:05:14.950+0300][56.597s][info ][gc] GC(1262) Pause Young (Concurrent Start) (G1 Humongous Allocation) 179M->180M(512M) 16.727ms
[2020-08-01T12:05:14.950+0300][56.597s][info ][gc] GC(1263) Concurrent Cycle
[2020-08-01T12:05:14.966+0300][56.612s][debug][gc] GC(1263) Reclaimed 124 empty regions
[2020-08-01T12:05:14.966+0300][56.612s][info ][gc] GC(1263) Pause Remark 232M->108M(512M) 0.560ms
[2020-08-01T12:05:14.988+0300][56.635s][info ][gc] GC(1263) Pause Cleanup 158M->158M(512M) 0.102ms
[2020-08-01T12:05:14.989+0300][56.635s][info ][gc] GC(1263) Concurrent Cycle 38.389ms
[2020-08-01T12:05:15.026+0300][56.673s][info ][gc] GC(1264) Pause Young (Normal) (G1 Evacuation Pause) 163M->150M(512M) 35.810ms
[2020-08-01T12:05:15.075+0300][56.721s][info ][gc] GC(1265) Pause Young (Concurrent Start) (G1 Humongous Allocation) 178M->180M(512M) 16.366ms
[2020-08-01T12:05:15.075+0300][56.722s][info ][gc] GC(1266) Concurrent Cycle
[2020-08-01T12:05:15.091+0300][56.737s][debug][gc] GC(1266) Reclaimed 123 empty regions
[2020-08-01T12:05:15.091+0300][56.737s][info ][gc] GC(1266) Pause Remark 231M->108M(512M) 0.557ms
[2020-08-01T12:05:15.112+0300][56.759s][info ][gc] GC(1266) Pause Cleanup 160M->160M(512M) 0.073ms
[2020-08-01T12:05:15.113+0300][56.759s][info ][gc] GC(1266) Concurrent Cycle 37.695ms
[2020-08-01T12:05:15.147+0300][56.793s][info ][gc] GC(1267) Pause Young (Normal) (G1 Evacuation Pause) 164M->151M(512M) 32.880ms
[2020-08-01T12:05:15.211+0300][56.858s][info ][gc] GC(1268) Pause Young (Concurrent Start) (G1 Humongous Allocation) 179M->181M(512M) 40.390ms
[2020-08-01T12:05:15.211+0300][56.858s][info ][gc] GC(1269) Concurrent Cycle
[2020-08-01T12:05:15.230+0300][56.876s][debug][gc] GC(1269) Reclaimed 124 empty regions
[2020-08-01T12:05:15.230+0300][56.876s][info ][gc] GC(1269) Pause Remark 227M->103M(512M) 0.809ms
[2020-08-01T12:05:15.252+0300][56.898s][info ][gc] GC(1269) Pause Cleanup 156M->156M(512M) 0.067ms
[2020-08-01T12:05:15.253+0300][56.899s][info ][gc] GC(1269) Concurrent Cycle 41.272ms
[2020-08-01T12:05:15.290+0300][56.937s][info ][gc] GC(1270) Pause Young (Normal) (G1 Evacuation Pause) 163M->150M(512M) 34.560ms
[2020-08-01T12:05:15.341+0300][56.988s][info ][gc] GC(1271) Pause Young (Concurrent Start) (G1 Humongous Allocation) 179M->180M(512M) 16.492ms
[2020-08-01T12:05:15.341+0300][56.988s][info ][gc] GC(1272) Concurrent Cycle
[2020-08-01T12:05:15.357+0300][57.003s][debug][gc] GC(1272) Reclaimed 122 empty regions
[2020-08-01T12:05:15.357+0300][57.003s][info ][gc] GC(1272) Pause Remark 231M->109M(512M) 0.627ms
[2020-08-01T12:05:15.379+0300][57.025s][info ][gc] GC(1272) Pause Cleanup 164M->164M(512M) 0.070ms
[2020-08-01T12:05:15.379+0300][57.026s][info ][gc] GC(1272) Concurrent Cycle 37.958ms
[2020-08-01T12:05:15.412+0300][57.058s][info ][gc] GC(1273) Pause Young (Normal) (G1 Evacuation Pause) 165M->153M(512M) 32.079ms
[2020-08-01T12:05:15.450+0300][57.097s][info ][gc] GC(1274) Pause Young (Concurrent Start) (G1 Humongous Allocation) 181M->182M(512M) 16.475ms
[2020-08-01T12:05:15.450+0300][57.097s][info ][gc] GC(1275) Concurrent Cycle
[2020-08-01T12:05:15.465+0300][57.112s][debug][gc] GC(1275) Reclaimed 125 empty regions
[2020-08-01T12:05:15.465+0300][57.112s][info ][gc] GC(1275) Pause Remark 232M->107M(512M) 0.557ms
[2020-08-01T12:05:15.486+0300][57.133s][info ][gc] GC(1275) Pause Cleanup 160M->160M(512M) 0.080ms
[2020-08-01T12:05:15.487+0300][57.134s][info ][gc] GC(1275) Concurrent Cycle 37.007ms
[2020-08-01T12:05:15.520+0300][57.167s][info ][gc] GC(1276) Pause Young (Normal) (G1 Evacuation Pause) 163M->149M(512M) 32.276ms
[2020-08-01T12:05:15.562+0300][57.208s][info ][gc] GC(1277) Pause Young (Concurrent Start) (G1 Humongous Allocation) 178M->179M(512M) 18.091ms
[2020-08-01T12:05:15.562+0300][57.208s][info ][gc] GC(1278) Concurrent Cycle
[2020-08-01T12:05:15.580+0300][57.226s][debug][gc] GC(1278) Reclaimed 122 empty regions
[2020-08-01T12:05:15.580+0300][57.226s][info ][gc] GC(1278) Pause Remark 232M->110M(512M) 0.598ms
[2020-08-01T12:05:15.638+0300][57.284s][info ][gc] GC(1279) Pause Young (Normal) (G1 Evacuation Pause) 164M->151M(512M) 35.238ms
[2020-08-01T12:05:15.638+0300][57.284s][info ][gc] GC(1278) Pause Cleanup 152M->152M(512M) 0.093ms
[2020-08-01T12:05:15.639+0300][57.285s][info ][gc] GC(1278) Concurrent Cycle 77.075ms
[2020-08-01T12:05:15.698+0300][57.344s][info ][gc] GC(1280) Pause Young (Concurrent Start) (G1 Humongous Allocation) 179M->180M(512M) 29.954ms
[2020-08-01T12:05:15.698+0300][57.344s][info ][gc] GC(1281) Concurrent Cycle
[2020-08-01T12:05:15.715+0300][57.361s][debug][gc] GC(1281) Reclaimed 124 empty regions
[2020-08-01T12:05:15.715+0300][57.362s][info ][gc] GC(1281) Pause Remark 229M->105M(512M) 0.865ms
[2020-08-01T12:05:15.738+0300][57.385s][info ][gc] GC(1281) Pause Cleanup 150M->150M(512M) 0.132ms
[2020-08-01T12:05:15.740+0300][57.386s][info ][gc] GC(1281) Concurrent Cycle 41.913ms
[2020-08-01T12:05:15.781+0300][57.428s][info ][gc] GC(1282) Pause Young (Normal) (G1 Evacuation Pause) 163M->150M(512M) 35.929ms
[2020-08-01T12:05:15.824+0300][57.471s][info ][gc] GC(1283) Pause Young (Concurrent Start) (G1 Humongous Allocation) 178M->180M(512M) 16.429ms
[2020-08-01T12:05:15.824+0300][57.471s][info ][gc] GC(1284) Concurrent Cycle
[2020-08-01T12:05:15.841+0300][57.487s][debug][gc] GC(1284) Reclaimed 123 empty regions
[2020-08-01T12:05:15.841+0300][57.487s][info ][gc] GC(1284) Pause Remark 229M->106M(512M) 0.634ms
[2020-08-01T12:05:15.862+0300][57.509s][info ][gc] GC(1284) Pause Cleanup 155M->155M(512M) 0.077ms
[2020-08-01T12:05:15.863+0300][57.510s][info ][gc] GC(1284) Concurrent Cycle 38.976ms
[2020-08-01T12:05:15.900+0300][57.546s][info ][gc] GC(1285) Pause Young (Normal) (G1 Evacuation Pause) 164M->151M(512M) 33.345ms
[2020-08-01T12:05:15.950+0300][57.596s][info ][gc] GC(1286) Pause Young (Concurrent Start) (G1 Humongous Allocation) 180M->181M(512M) 17.277ms
[2020-08-01T12:05:15.950+0300][57.596s][info ][gc] GC(1287) Concurrent Cycle
[2020-08-01T12:05:15.966+0300][57.612s][debug][gc] GC(1287) Reclaimed 124 empty regions
[2020-08-01T12:05:15.966+0300][57.612s][info ][gc] GC(1287) Pause Remark 229M->105M(512M) 0.577ms
[2020-08-01T12:05:15.988+0300][57.635s][info ][gc] GC(1287) Pause Cleanup 159M->159M(512M) 0.121ms
[2020-08-01T12:05:15.989+0300][57.636s][info ][gc] GC(1287) Concurrent Cycle 39.080ms
[2020-08-01T12:05:16.025+0300][57.671s][info ][gc] GC(1288) Pause Young (Normal) (G1 Evacuation Pause) 163M->151M(512M) 34.325ms
[2020-08-01T12:05:16.074+0300][57.720s][info ][gc] GC(1289) Pause Young (Concurrent Start) (G1 Humongous Allocation) 180M->181M(512M) 16.963ms
[2020-08-01T12:05:16.074+0300][57.720s][info ][gc] GC(1290) Concurrent Cycle
[2020-08-01T12:05:16.089+0300][57.735s][debug][gc] GC(1290) Reclaimed 122 empty regions
[2020-08-01T12:05:16.089+0300][57.736s][info ][gc] GC(1290) Pause Remark 233M->111M(512M) 0.558ms
[2020-08-01T12:05:16.144+0300][57.791s][info ][gc] GC(1291) Pause Young (Normal) (G1 Evacuation Pause) 165M->152M(512M) 33.496ms
[2020-08-01T12:05:16.145+0300][57.791s][info ][gc] GC(1290) Pause Cleanup 153M->153M(512M) 0.082ms
[2020-08-01T12:05:16.145+0300][57.792s][info ][gc] GC(1290) Concurrent Cycle 71.641ms
[2020-08-01T12:05:16.243+0300][57.890s][info ][gc] GC(1292) Pause Young (Concurrent Start) (G1 Humongous Allocation) 181M->182M(512M) 64.239ms
[2020-08-01T12:05:16.243+0300][57.890s][info ][gc] GC(1293) Concurrent Cycle
[2020-08-01T12:05:16.260+0300][57.907s][debug][gc] GC(1293) Reclaimed 124 empty regions
[2020-08-01T12:05:16.260+0300][57.907s][info ][gc] GC(1293) Pause Remark 234M->110M(512M) 0.559ms
[2020-08-01T12:05:16.316+0300][57.962s][info ][gc] GC(1294) Pause Young (Normal) (G1 Evacuation Pause) 164M->151M(512M) 33.630ms
[2020-08-01T12:05:16.316+0300][57.963s][info ][gc] GC(1293) Pause Cleanup 153M->153M(512M) 0.131ms
[2020-08-01T12:05:16.317+0300][57.964s][info ][gc] GC(1293) Concurrent Cycle 74.051ms
[2020-08-01T12:05:16.404+0300][58.050s][info ][gc] GC(1295) Pause Young (Concurrent Start) (G1 Humongous Allocation) 180M->181M(512M) 52.972ms
[2020-08-01T12:05:16.404+0300][58.050s][info ][gc] GC(1296) Concurrent Cycle
[2020-08-01T12:05:16.420+0300][58.066s][debug][gc] GC(1296) Reclaimed 123 empty regions
[2020-08-01T12:05:16.420+0300][58.066s][info ][gc] GC(1296) Pause Remark 233M->110M(512M) 0.672ms
[2020-08-01T12:05:16.475+0300][58.121s][info ][gc] GC(1297) Pause Young (Normal) (G1 Evacuation Pause) 164M->151M(512M) 33.174ms
[2020-08-01T12:05:16.476+0300][58.122s][info ][gc] GC(1296) Pause Cleanup 152M->152M(512M) 0.125ms
[2020-08-01T12:05:16.477+0300][58.123s][info ][gc] GC(1296) Concurrent Cycle 72.959ms
[2020-08-01T12:05:16.538+0300][58.185s][info ][gc] GC(1298) Pause Young (Concurrent Start) (G1 Humongous Allocation) 180M->181M(512M) 32.218ms
[2020-08-01T12:05:16.538+0300][58.185s][info ][gc] GC(1299) Concurrent Cycle
[2020-08-01T12:05:16.557+0300][58.203s][debug][gc] GC(1299) Reclaimed 123 empty regions
[2020-08-01T12:05:16.557+0300][58.203s][info ][gc] GC(1299) Pause Remark 234M->111M(512M) 0.659ms
[2020-08-01T12:05:16.612+0300][58.259s][info ][gc] GC(1300) Pause Young (Normal) (G1 Evacuation Pause) 164M->151M(512M) 33.198ms
[2020-08-01T12:05:16.612+0300][58.259s][info ][gc] GC(1299) Pause Cleanup 152M->152M(512M) 0.080ms
[2020-08-01T12:05:16.613+0300][58.260s][info ][gc] GC(1299) Concurrent Cycle 75.033ms
[2020-08-01T12:05:16.689+0300][58.335s][info ][gc] GC(1301) Pause Young (Concurrent Start) (G1 Humongous Allocation) 180M->181M(512M) 40.490ms
[2020-08-01T12:05:16.689+0300][58.335s][info ][gc] GC(1302) Concurrent Cycle
[2020-08-01T12:05:16.710+0300][58.356s][debug][gc] GC(1302) Reclaimed 123 empty regions
[2020-08-01T12:05:16.710+0300][58.356s][info ][gc] GC(1302) Pause Remark 238M->115M(512M) 0.737ms
[2020-08-01T12:05:16.770+0300][58.416s][info ][gc] GC(1303) Pause Young (Normal) (G1 Evacuation Pause) 164M->151M(512M) 37.092ms
[2020-08-01T12:05:16.771+0300][58.417s][info ][gc] GC(1302) Pause Cleanup 152M->152M(512M) 0.127ms
[2020-08-01T12:05:16.771+0300][58.418s][info ][gc] GC(1302) Concurrent Cycle 82.872ms
[2020-08-01T12:05:16.839+0300][58.485s][info ][gc] GC(1304) Pause Young (Concurrent Start) (G1 Humongous Allocation) 180M->181M(512M) 40.101ms
[2020-08-01T12:05:16.839+0300][58.485s][info ][gc] GC(1305) Concurrent Cycle
[2020-08-01T12:05:16.855+0300][58.502s][debug][gc] GC(1305) Reclaimed 123 empty regions
[2020-08-01T12:05:16.855+0300][58.502s][info ][gc] GC(1305) Pause Remark 231M->108M(512M) 0.719ms
[2020-08-01T12:05:16.877+0300][58.524s][info ][gc] GC(1305) Pause Cleanup 162M->162M(512M) 0.066ms
[2020-08-01T12:05:16.878+0300][58.524s][info ][gc] GC(1305) Concurrent Cycle 38.854ms
[2020-08-01T12:05:16.911+0300][58.558s][info ][gc] GC(1306) Pause Young (Normal) (G1 Evacuation Pause) 164M->152M(512M) 32.793ms
[2020-08-01T12:05:16.955+0300][58.601s][info ][gc] GC(1307) Pause Young (Concurrent Start) (G1 Humongous Allocation) 181M->182M(512M) 16.768ms
[2020-08-01T12:05:16.955+0300][58.601s][info ][gc] GC(1308) Concurrent Cycle
[2020-08-01T12:05:16.970+0300][58.616s][debug][gc] GC(1308) Reclaimed 123 empty regions
[2020-08-01T12:05:16.970+0300][58.616s][info ][gc] GC(1308) Pause Remark 233M->110M(512M) 0.605ms
[2020-08-01T12:05:16.992+0300][58.639s][info ][gc] GC(1308) Pause Cleanup 163M->163M(512M) 0.072ms
[2020-08-01T12:05:16.993+0300][58.639s][info ][gc] GC(1308) Concurrent Cycle 38.365ms
[2020-08-01T12:05:17.027+0300][58.673s][info ][gc] GC(1309) Pause Young (Normal) (G1 Evacuation Pause) 165M->152M(512M) 32.772ms
[2020-08-01T12:05:17.078+0300][58.724s][info ][gc] GC(1310) Pause Young (Concurrent Start) (G1 Humongous Allocation) 181M->182M(512M) 16.293ms
[2020-08-01T12:05:17.078+0300][58.724s][info ][gc] GC(1311) Concurrent Cycle
[2020-08-01T12:05:17.093+0300][58.740s][debug][gc] GC(1311) Reclaimed 123 empty regions
[2020-08-01T12:05:17.093+0300][58.740s][info ][gc] GC(1311) Pause Remark 233M->110M(512M) 0.574ms
[2020-08-01T12:05:17.149+0300][58.795s][info ][gc] GC(1312) Pause Young (Normal) (G1 Evacuation Pause) 165M->152M(512M) 33.612ms
[2020-08-01T12:05:17.149+0300][58.795s][info ][gc] GC(1311) Pause Cleanup 153M->153M(512M) 0.094ms
[2020-08-01T12:05:17.150+0300][58.797s][info ][gc] GC(1311) Concurrent Cycle 72.028ms
[2020-08-01T12:05:17.224+0300][58.871s][info ][gc] GC(1313) Pause Young (Concurrent Start) (G1 Humongous Allocation) 181M->182M(512M) 52.418ms
[2020-08-01T12:05:17.224+0300][58.871s][info ][gc] GC(1314) Concurrent Cycle
[2020-08-01T12:05:17.241+0300][58.888s][debug][gc] GC(1314) Reclaimed 124 empty regions
[2020-08-01T12:05:17.241+0300][58.888s][info ][gc] GC(1314) Pause Remark 234M->110M(512M) 0.560ms
[2020-08-01T12:05:17.264+0300][58.910s][info ][gc] GC(1314) Pause Cleanup 164M->164M(512M) 0.090ms
[2020-08-01T12:05:17.296+0300][58.943s][info ][gc] GC(1315) Pause Young (Normal) (G1 Evacuation Pause) 164M->152M(512M) 32.248ms
[2020-08-01T12:05:17.297+0300][58.943s][info ][gc] GC(1314) Concurrent Cycle 72.352ms
[2020-08-01T12:05:17.351+0300][58.998s][info ][gc] GC(1316) Pause Young (Concurrent Start) (G1 Humongous Allocation) 181M->182M(512M) 24.484ms
[2020-08-01T12:05:17.351+0300][58.998s][info ][gc] GC(1317) Concurrent Cycle
[2020-08-01T12:05:17.369+0300][59.016s][debug][gc] GC(1317) Reclaimed 124 empty regions
[2020-08-01T12:05:17.370+0300][59.016s][info ][gc] GC(1317) Pause Remark 234M->110M(512M) 0.697ms
[2020-08-01T12:05:17.393+0300][59.040s][info ][gc] GC(1317) Pause Cleanup 162M->162M(512M) 0.091ms
[2020-08-01T12:05:17.394+0300][59.040s][info ][gc] GC(1317) Concurrent Cycle 42.735ms
[2020-08-01T12:05:17.433+0300][59.080s][info ][gc] GC(1318) Pause Young (Normal) (G1 Evacuation Pause) 164M->151M(512M) 38.291ms
[2020-08-01T12:05:17.509+0300][59.156s][info ][gc] GC(1319) Pause Young (Concurrent Start) (G1 Humongous Allocation) 180M->181M(512M) 42.473ms
[2020-08-01T12:05:17.509+0300][59.156s][info ][gc] GC(1320) Concurrent Cycle
[2020-08-01T12:05:17.529+0300][59.175s][debug][gc] GC(1320) Reclaimed 123 empty regions
[2020-08-01T12:05:17.529+0300][59.175s][info ][gc] GC(1320) Pause Remark 225M->102M(512M) 0.791ms
[2020-08-01T12:05:17.552+0300][59.199s][info ][gc] GC(1320) Pause Cleanup 148M->148M(512M) 0.098ms
[2020-08-01T12:05:17.553+0300][59.200s][info ][gc] GC(1320) Concurrent Cycle 43.729ms
[2020-08-01T12:05:17.598+0300][59.245s][info ][gc] GC(1321) Pause Young (Normal) (G1 Evacuation Pause) 164M->152M(512M) 37.159ms
[2020-08-01T12:05:17.643+0300][59.289s][info ][gc] GC(1322) Pause Young (Concurrent Start) (G1 Humongous Allocation) 181M->182M(512M) 18.318ms
[2020-08-01T12:05:17.643+0300][59.290s][info ][gc] GC(1323) Concurrent Cycle
[2020-08-01T12:05:17.662+0300][59.308s][debug][gc] GC(1323) Reclaimed 123 empty regions
[2020-08-01T12:05:17.662+0300][59.308s][info ][gc] GC(1323) Pause Remark 231M->108M(512M) 0.554ms
[2020-08-01T12:05:17.683+0300][59.330s][info ][gc] GC(1323) Pause Cleanup 158M->158M(512M) 0.080ms
[2020-08-01T12:05:17.684+0300][59.330s][info ][gc] GC(1323) Concurrent Cycle 40.879ms
[2020-08-01T12:05:17.720+0300][59.366s][info ][gc] GC(1324) Pause Young (Normal) (G1 Evacuation Pause) 165M->152M(512M) 32.619ms
[2020-08-01T12:05:17.766+0300][59.413s][info ][gc] GC(1325) Pause Young (Concurrent Start) (G1 Humongous Allocation) 181M->182M(512M) 19.712ms
[2020-08-01T12:05:17.766+0300][59.413s][info ][gc] GC(1326) Concurrent Cycle
[2020-08-01T12:05:17.782+0300][59.428s][debug][gc] GC(1326) Reclaimed 124 empty regions
[2020-08-01T12:05:17.782+0300][59.428s][info ][gc] GC(1326) Pause Remark 232M->108M(512M) 0.577ms
[2020-08-01T12:05:17.804+0300][59.450s][info ][gc] GC(1326) Pause Cleanup 159M->159M(512M) 0.114ms
[2020-08-01T12:05:17.805+0300][59.451s][info ][gc] GC(1326) Concurrent Cycle 38.357ms
[2020-08-01T12:05:17.842+0300][59.488s][info ][gc] GC(1327) Pause Young (Normal) (G1 Evacuation Pause) 164M->151M(512M) 35.254ms
[2020-08-01T12:05:17.888+0300][59.534s][info ][gc] GC(1328) Pause Young (Concurrent Start) (G1 Humongous Allocation) 180M->181M(512M) 16.380ms
[2020-08-01T12:05:17.888+0300][59.535s][info ][gc] GC(1329) Concurrent Cycle
[2020-08-01T12:05:17.904+0300][59.550s][debug][gc] GC(1329) Reclaimed 122 empty regions
[2020-08-01T12:05:17.904+0300][59.550s][info ][gc] GC(1329) Pause Remark 232M->110M(512M) 0.958ms
[2020-08-01T12:05:17.926+0300][59.573s][info ][gc] GC(1329) Pause Cleanup 165M->165M(512M) 0.076ms
[2020-08-01T12:05:17.963+0300][59.610s][info ][gc] GC(1330) Pause Young (Normal) (G1 Evacuation Pause) 165M->152M(512M) 36.410ms
[2020-08-01T12:05:17.964+0300][59.610s][info ][gc] GC(1329) Concurrent Cycle 75.800ms
[2020-08-01T12:05:18.014+0300][59.661s][info ][gc] GC(1331) Pause Young (Concurrent Start) (G1 Humongous Allocation) 181M->182M(512M) 17.493ms
[2020-08-01T12:05:18.014+0300][59.661s][info ][gc] GC(1332) Concurrent Cycle
[2020-08-01T12:05:18.030+0300][59.676s][debug][gc] GC(1332) Reclaimed 123 empty regions
[2020-08-01T12:05:18.030+0300][59.677s][info ][gc] GC(1332) Pause Remark 232M->109M(512M) 0.601ms
[2020-08-01T12:05:18.052+0300][59.699s][info ][gc] GC(1332) Pause Cleanup 164M->164M(512M) 0.073ms
[2020-08-01T12:05:18.053+0300][59.699s][info ][gc] GC(1332) Concurrent Cycle 38.566ms
[2020-08-01T12:05:18.086+0300][59.732s][info ][gc] GC(1333) Pause Young (Normal) (G1 Evacuation Pause) 165M->152M(512M) 32.908ms
[2020-08-01T12:05:18.141+0300][59.788s][info ][gc] GC(1334) Pause Young (Concurrent Start) (G1 Humongous Allocation) 181M->183M(512M) 31.662ms
[2020-08-01T12:05:18.142+0300][59.788s][info ][gc] GC(1335) Concurrent Cycle
[2020-08-01T12:05:18.159+0300][59.805s][debug][gc] GC(1335) Reclaimed 124 empty regions
[2020-08-01T12:05:18.159+0300][59.805s][info ][gc] GC(1335) Pause Remark 232M->108M(512M) 0.581ms
[2020-08-01T12:05:18.181+0300][59.827s][info ][gc] GC(1335) Pause Cleanup 162M->162M(512M) 0.073ms
[2020-08-01T12:05:18.181+0300][59.828s][info ][gc] GC(1335) Concurrent Cycle 39.712ms
[2020-08-01T12:05:18.215+0300][59.861s][info ][gc] GC(1336) Pause Young (Normal) (G1 Evacuation Pause) 165M->152M(512M) 32.507ms
[2020-08-01T12:05:18.261+0300][59.908s][info ][gc] GC(1337) Pause Young (Concurrent Start) (G1 Humongous Allocation) 181M->182M(512M) 16.476ms
[2020-08-01T12:05:18.261+0300][59.908s][info ][gc] GC(1338) Concurrent Cycle
[2020-08-01T12:05:18.277+0300][59.923s][debug][gc] GC(1338) Reclaimed 123 empty regions
[2020-08-01T12:05:18.277+0300][59.923s][info ][gc] GC(1338) Pause Remark 232M->109M(512M) 0.702ms
[2020-08-01T12:05:18.299+0300][59.945s][info ][gc] GC(1338) Pause Cleanup 163M->163M(512M) 0.070ms
[2020-08-01T12:05:18.299+0300][59.946s][info ][gc] GC(1338) Concurrent Cycle 38.289ms
[2020-08-01T12:05:18.333+0300][59.979s][info ][gc] GC(1339) Pause Young (Normal) (G1 Evacuation Pause) 165M->152M(512M) 32.522ms
[2020-08-01T12:05:18.372+0300][60.018s][info ][gc] GC(1340) Pause Young (Concurrent Start) (G1 Humongous Allocation) 181M->182M(512M) 16.327ms
[2020-08-01T12:05:18.372+0300][60.018s][info ][gc] GC(1341) Concurrent Cycle
[2020-08-01T12:05:18.387+0300][60.034s][debug][gc] GC(1341) Reclaimed 123 empty regions
[2020-08-01T12:05:18.387+0300][60.034s][info ][gc] GC(1341) Pause Remark 233M->110M(512M) 0.923ms
[2020-08-01T12:05:18.410+0300][60.056s][info ][gc] GC(1341) Pause Cleanup 165M->165M(512M) 0.080ms
[2020-08-01T12:05:18.442+0300][60.089s][info ][gc] GC(1342) Pause Young (Normal) (G1 Evacuation Pause) 165M->153M(512M) 32.197ms
[2020-08-01T12:05:18.443+0300][60.090s][info ][gc] GC(1341) Concurrent Cycle 71.023ms
[2020-08-01T12:05:18.526+0300][60.173s][info ][gc] GC(1343) Pause Young (Concurrent Start) (G1 Humongous Allocation) 182M->184M(512M) 47.444ms
[2020-08-01T12:05:18.526+0300][60.173s][info ][gc] GC(1344) Concurrent Cycle
[2020-08-01T12:05:18.546+0300][60.192s][debug][gc] GC(1344) Reclaimed 125 empty regions
[2020-08-01T12:05:18.546+0300][60.192s][info ][gc] GC(1344) Pause Remark 235M->110M(512M) 0.641ms
[2020-08-01T12:05:18.602+0300][60.248s][info ][gc] GC(1345) Pause Young (Normal) (G1 Evacuation Pause) 164M->151M(512M) 33.798ms
[2020-08-01T12:05:18.602+0300][60.248s][info ][gc] GC(1344) Pause Cleanup 152M->152M(512M) 0.086ms
[2020-08-01T12:05:18.603+0300][60.249s][info ][gc] GC(1344) Concurrent Cycle 76.578ms
[2020-08-01T12:05:18.701+0300][60.348s][info ][gc] GC(1346) Pause Young (Concurrent Start) (G1 Humongous Allocation) 181M->182M(512M) 66.439ms
[2020-08-01T12:05:18.701+0300][60.348s][info ][gc] GC(1347) Concurrent Cycle
[2020-08-01T12:05:18.719+0300][60.366s][debug][gc] GC(1347) Reclaimed 122 empty regions
[2020-08-01T12:05:18.719+0300][60.366s][info ][gc] GC(1347) Pause Remark 233M->111M(512M) 0.566ms
[2020-08-01T12:05:18.774+0300][60.421s][info ][gc] GC(1348) Pause Young (Normal) (G1 Evacuation Pause) 166M->153M(512M) 33.117ms
[2020-08-01T12:05:18.776+0300][60.422s][info ][gc] GC(1347) Pause Cleanup 156M->156M(512M) 0.116ms
[2020-08-01T12:05:18.776+0300][60.423s][info ][gc] GC(1347) Concurrent Cycle 75.094ms
[2020-08-01T12:05:18.856+0300][60.503s][info ][gc] GC(1349) Pause Young (Concurrent Start) (G1 Humongous Allocation) 182M->183M(512M) 49.577ms
[2020-08-01T12:05:18.856+0300][60.503s][info ][gc] GC(1350) Concurrent Cycle
[2020-08-01T12:05:18.872+0300][60.519s][debug][gc] GC(1350) Reclaimed 125 empty regions
[2020-08-01T12:05:18.872+0300][60.519s][info ][gc] GC(1350) Pause Remark 234M->109M(512M) 0.558ms
[2020-08-01T12:05:18.894+0300][60.541s][info ][gc] GC(1350) Pause Cleanup 164M->164M(512M) 0.099ms
[2020-08-01T12:05:18.929+0300][60.575s][info ][gc] GC(1351) Pause Young (Normal) (G1 Evacuation Pause) 164M->152M(512M) 34.325ms
[2020-08-01T12:05:18.930+0300][60.576s][info ][gc] GC(1350) Concurrent Cycle 73.038ms
[2020-08-01T12:05:18.977+0300][60.624s][info ][gc] GC(1352) Pause Young (Concurrent Start) (G1 Humongous Allocation) 181M->182M(512M) 16.563ms
[2020-08-01T12:05:18.977+0300][60.624s][info ][gc] GC(1353) Concurrent Cycle
[2020-08-01T12:05:18.994+0300][60.640s][debug][gc] GC(1353) Reclaimed 123 empty regions
[2020-08-01T12:05:18.994+0300][60.640s][info ][gc] GC(1353) Pause Remark 234M->111M(512M) 0.581ms
[2020-08-01T12:05:19.016+0300][60.663s][info ][gc] GC(1353) Pause Cleanup 160M->160M(512M) 0.107ms
[2020-08-01T12:05:19.017+0300][60.663s][info ][gc] GC(1353) Concurrent Cycle 39.732ms
[2020-08-01T12:05:19.052+0300][60.698s][info ][gc] GC(1354) Pause Young (Normal) (G1 Evacuation Pause) 165M->152M(512M) 33.105ms
[2020-08-01T12:05:19.130+0300][60.776s][info ][gc] GC(1355) Pause Young (Concurrent Start) (G1 Humongous Allocation) 181M->182M(512M) 44.593ms
[2020-08-01T12:05:19.130+0300][60.776s][info ][gc] GC(1356) Concurrent Cycle
[2020-08-01T12:05:19.149+0300][60.795s][debug][gc] GC(1356) Reclaimed 123 empty regions
[2020-08-01T12:05:19.149+0300][60.796s][info ][gc] GC(1356) Pause Remark 230M->107M(512M) 0.758ms
[2020-08-01T12:05:19.172+0300][60.818s][info ][gc] GC(1356) Pause Cleanup 161M->161M(512M) 0.078ms
[2020-08-01T12:05:19.172+0300][60.818s][info ][gc] GC(1356) Concurrent Cycle 42.281ms
[2020-08-01T12:05:19.206+0300][60.852s][info ][gc] GC(1357) Pause Young (Normal) (G1 Evacuation Pause) 165M->152M(512M) 32.451ms
[2020-08-01T12:05:19.256+0300][60.902s][info ][gc] GC(1358) Pause Young (Concurrent Start) (G1 Humongous Allocation) 181M->182M(512M) 16.319ms
[2020-08-01T12:05:19.256+0300][60.902s][info ][gc] GC(1359) Concurrent Cycle
[2020-08-01T12:05:19.271+0300][60.918s][debug][gc] GC(1359) Reclaimed 123 empty regions
[2020-08-01T12:05:19.271+0300][60.918s][info ][gc] GC(1359) Pause Remark 233M->110M(512M) 0.546ms
[2020-08-01T12:05:19.293+0300][60.939s][info ][gc] GC(1359) Pause Cleanup 165M->165M(512M) 0.070ms
[2020-08-01T12:05:19.326+0300][60.973s][info ][gc] GC(1360) Pause Young (Normal) (G1 Evacuation Pause) 165M->152M(512M) 32.632ms
[2020-08-01T12:05:19.326+0300][60.973s][info ][gc] GC(1359) Concurrent Cycle 70.311ms
[2020-08-01T12:05:19.379+0300][61.026s][info ][gc] GC(1361) Pause Young (Concurrent Start) (G1 Humongous Allocation) 181M->182M(512M) 16.593ms
[2020-08-01T12:05:19.379+0300][61.026s][info ][gc] GC(1362) Concurrent Cycle
[2020-08-01T12:05:19.397+0300][61.043s][debug][gc] GC(1362) Reclaimed 123 empty regions
[2020-08-01T12:05:19.397+0300][61.043s][info ][gc] GC(1362) Pause Remark 235M->112M(512M) 0.568ms
[2020-08-01T12:05:19.453+0300][61.099s][info ][gc] GC(1363) Pause Young (Normal) (G1 Evacuation Pause) 165M->153M(512M) 34.443ms
[2020-08-01T12:05:19.454+0300][61.100s][info ][gc] GC(1362) Pause Cleanup 154M->154M(512M) 0.105ms
[2020-08-01T12:05:19.454+0300][61.101s][info ][gc] GC(1362) Concurrent Cycle 75.046ms
[2020-08-01T12:05:19.536+0300][61.182s][info ][gc] GC(1364) Pause Young (Concurrent Start) (G1 Humongous Allocation) 182M->183M(512M) 49.055ms
[2020-08-01T12:05:19.536+0300][61.182s][info ][gc] GC(1365) Concurrent Cycle
[2020-08-01T12:05:19.552+0300][61.198s][debug][gc] GC(1365) Reclaimed 123 empty regions
[2020-08-01T12:05:19.552+0300][61.198s][info ][gc] GC(1365) Pause Remark 233M->110M(512M) 0.591ms
[2020-08-01T12:05:19.574+0300][61.220s][info ][gc] GC(1365) Pause Cleanup 165M->165M(512M) 0.080ms
[2020-08-01T12:05:19.574+0300][61.221s][info ][gc] GC(1365) Concurrent Cycle 38.372ms
[2020-08-01T12:05:19.608+0300][61.255s][info ][gc] GC(1366) Pause Young (Normal) (G1 Evacuation Pause) 166M->153M(512M) 33.383ms
[2020-08-01T12:05:19.691+0300][61.337s][info ][gc] GC(1367) Pause Young (Concurrent Start) (G1 Humongous Allocation) 182M->183M(512M) 49.093ms
[2020-08-01T12:05:19.691+0300][61.338s][info ][gc] GC(1368) Concurrent Cycle
[2020-08-01T12:05:19.710+0300][61.356s][debug][gc] GC(1368) Reclaimed 124 empty regions
[2020-08-01T12:05:19.710+0300][61.356s][info ][gc] GC(1368) Pause Remark 233M->109M(512M) 0.584ms
[2020-08-01T12:05:19.731+0300][61.378s][info ][gc] GC(1368) Pause Cleanup 163M->163M(512M) 0.069ms
[2020-08-01T12:05:19.732+0300][61.378s][info ][gc] GC(1368) Concurrent Cycle 40.613ms
[2020-08-01T12:05:19.766+0300][61.412s][info ][gc] GC(1369) Pause Young (Normal) (G1 Evacuation Pause) 165M->152M(512M) 33.243ms
[2020-08-01T12:05:19.838+0300][61.484s][info ][gc] GC(1370) Pause Young (Concurrent Start) (G1 Humongous Allocation) 181M->183M(512M) 39.969ms
[2020-08-01T12:05:19.838+0300][61.484s][info ][gc] GC(1371) Concurrent Cycle
[2020-08-01T12:05:19.856+0300][61.503s][debug][gc] GC(1371) Reclaimed 123 empty regions
[2020-08-01T12:05:19.856+0300][61.503s][info ][gc] GC(1371) Pause Remark 235M->112M(512M) 0.610ms
[2020-08-01T12:05:19.911+0300][61.558s][info ][gc] GC(1372) Pause Young (Normal) (G1 Evacuation Pause) 166M->153M(512M) 33.121ms
[2020-08-01T12:05:19.912+0300][61.558s][info ][gc] GC(1371) Pause Cleanup 154M->154M(512M) 0.071ms
[2020-08-01T12:05:19.912+0300][61.559s][info ][gc] GC(1371) Concurrent Cycle 74.525ms
[2020-08-01T12:05:19.965+0300][61.611s][info ][gc] GC(1373) Pause Young (Concurrent Start) (G1 Humongous Allocation) 182M->183M(512M) 27.138ms
[2020-08-01T12:05:19.965+0300][61.611s][info ][gc] GC(1374) Concurrent Cycle
[2020-08-01T12:05:19.982+0300][61.628s][debug][gc] GC(1374) Reclaimed 123 empty regions
[2020-08-01T12:05:19.982+0300][61.628s][info ][gc] GC(1374) Pause Remark 235M->112M(512M) 0.584ms
[2020-08-01T12:05:20.037+0300][61.683s][info ][gc] GC(1375) Pause Young (Normal) (G1 Evacuation Pause) 166M->154M(512M) 32.777ms
[2020-08-01T12:05:20.037+0300][61.684s][info ][gc] GC(1374) Pause Cleanup 155M->155M(512M) 0.076ms
[2020-08-01T12:05:20.038+0300][61.684s][info ][gc] GC(1374) Concurrent Cycle 72.987ms
[2020-08-01T12:05:20.085+0300][61.732s][info ][gc] GC(1376) Pause Young (Concurrent Start) (G1 Humongous Allocation) 183M->183M(512M) 25.497ms
[2020-08-01T12:05:20.085+0300][61.732s][info ][gc] GC(1377) Concurrent Cycle
[2020-08-01T12:05:20.102+0300][61.749s][debug][gc] GC(1377) Reclaimed 124 empty regions
[2020-08-01T12:05:20.102+0300][61.749s][info ][gc] GC(1377) Pause Remark 236M->112M(512M) 0.602ms
[2020-08-01T12:05:20.125+0300][61.771s][info ][gc] GC(1377) Pause Cleanup 165M->165M(512M) 0.082ms
[2020-08-01T12:05:20.162+0300][61.808s][info ][gc] GC(1378) Pause Young (Normal) (G1 Evacuation Pause) 165M->153M(512M) 36.678ms
[2020-08-01T12:05:20.162+0300][61.809s][info ][gc] GC(1377) Concurrent Cycle 77.290ms
[2020-08-01T12:05:20.204+0300][61.851s][info ][gc] GC(1379) Pause Young (Concurrent Start) (G1 Humongous Allocation) 182M->183M(512M) 19.518ms
[2020-08-01T12:05:20.204+0300][61.851s][info ][gc] GC(1380) Concurrent Cycle
[2020-08-01T12:05:20.222+0300][61.868s][debug][gc] GC(1380) Reclaimed 123 empty regions
[2020-08-01T12:05:20.222+0300][61.868s][info ][gc] GC(1380) Pause Remark 234M->111M(512M) 0.751ms
[2020-08-01T12:05:20.244+0300][61.891s][info ][gc] GC(1380) Pause Cleanup 165M->165M(512M) 0.081ms
[2020-08-01T12:05:20.245+0300][61.891s][info ][gc] GC(1380) Concurrent Cycle 40.660ms
[2020-08-01T12:05:20.285+0300][61.931s][info ][gc] GC(1381) Pause Young (Normal) (G1 Evacuation Pause) 166M->153M(512M) 39.872ms
[2020-08-01T12:05:20.328+0300][61.975s][info ][gc] GC(1382) Pause Young (Concurrent Start) (G1 Humongous Allocation) 182M->184M(512M) 18.759ms
[2020-08-01T12:05:20.328+0300][61.975s][info ][gc] GC(1383) Concurrent Cycle
[2020-08-01T12:05:20.346+0300][61.992s][debug][gc] GC(1383) Reclaimed 124 empty regions
[2020-08-01T12:05:20.346+0300][61.992s][info ][gc] GC(1383) Pause Remark 231M->107M(512M) 0.878ms
[2020-08-01T12:05:20.369+0300][62.015s][info ][gc] GC(1383) Pause Cleanup 161M->161M(512M) 0.076ms
[2020-08-01T12:05:20.369+0300][62.016s][info ][gc] GC(1383) Concurrent Cycle 41.013ms
[2020-08-01T12:05:20.406+0300][62.052s][info ][gc] GC(1384) Pause Young (Normal) (G1 Evacuation Pause) 165M->152M(512M) 34.498ms
[2020-08-01T12:05:20.445+0300][62.092s][info ][gc] GC(1385) Pause Young (Concurrent Start) (G1 Humongous Allocation) 182M->183M(512M) 16.874ms
[2020-08-01T12:05:20.446+0300][62.092s][info ][gc] GC(1386) Concurrent Cycle
[2020-08-01T12:05:20.463+0300][62.109s][debug][gc] GC(1386) Reclaimed 122 empty regions
[2020-08-01T12:05:20.463+0300][62.109s][info ][gc] GC(1386) Pause Remark 230M->108M(512M) 0.596ms
[2020-08-01T12:05:20.485+0300][62.131s][info ][gc] GC(1386) Pause Cleanup 164M->164M(512M) 0.076ms
[2020-08-01T12:05:20.485+0300][62.132s][info ][gc] GC(1386) Concurrent Cycle 39.547ms
[2020-08-01T12:05:20.518+0300][62.165s][info ][gc] GC(1387) Pause Young (Normal) (G1 Evacuation Pause) 167M->154M(512M) 32.234ms
[2020-08-01T12:05:20.575+0300][62.221s][info ][gc] GC(1388) Pause Young (Concurrent Start) (G1 Humongous Allocation) 183M->184M(512M) 33.229ms
[2020-08-01T12:05:20.575+0300][62.222s][info ][gc] GC(1389) Concurrent Cycle
[2020-08-01T12:05:20.593+0300][62.239s][debug][gc] GC(1389) Reclaimed 124 empty regions
[2020-08-01T12:05:20.593+0300][62.239s][info ][gc] GC(1389) Pause Remark 236M->112M(512M) 0.596ms
[2020-08-01T12:05:20.647+0300][62.294s][info ][gc] GC(1390) Pause Young (Normal) (G1 Evacuation Pause) 165M->152M(512M) 33.240ms
[2020-08-01T12:05:20.649+0300][62.295s][info ][gc] GC(1389) Pause Cleanup 155M->155M(512M) 0.130ms
[2020-08-01T12:05:20.650+0300][62.296s][info ][gc] GC(1389) Concurrent Cycle 74.727ms
[2020-08-01T12:05:20.700+0300][62.346s][info ][gc] GC(1391) Pause Young (Concurrent Start) (G1 Humongous Allocation) 182M->183M(512M) 26.286ms
[2020-08-01T12:05:20.700+0300][62.346s][info ][gc] GC(1392) Concurrent Cycle
[2020-08-01T12:05:20.716+0300][62.362s][debug][gc] GC(1392) Reclaimed 122 empty regions
[2020-08-01T12:05:20.716+0300][62.362s][info ][gc] GC(1392) Pause Remark 236M->114M(512M) 0.566ms
[2020-08-01T12:05:20.771+0300][62.417s][info ][gc] GC(1393) Pause Young (Normal) (G1 Evacuation Pause) 167M->155M(512M) 32.941ms
[2020-08-01T12:05:20.772+0300][62.418s][info ][gc] GC(1392) Pause Cleanup 157M->157M(512M) 0.078ms
[2020-08-01T12:05:20.773+0300][62.419s][info ][gc] GC(1392) Concurrent Cycle 72.558ms
[2020-08-01T12:05:20.835+0300][62.481s][info ][gc] GC(1394) Pause Young (Concurrent Start) (G1 Humongous Allocation) 184M->185M(512M) 40.005ms
[2020-08-01T12:05:20.835+0300][62.481s][info ][gc] GC(1395) Concurrent Cycle
[2020-08-01T12:05:20.852+0300][62.499s][debug][gc] GC(1395) Reclaimed 125 empty regions
[2020-08-01T12:05:20.852+0300][62.499s][info ][gc] GC(1395) Pause Remark 238M->113M(512M) 0.609ms
[2020-08-01T12:05:20.907+0300][62.554s][info ][gc] GC(1396) Pause Young (Normal) (G1 Evacuation Pause) 165M->152M(512M) 33.593ms
[2020-08-01T12:05:20.908+0300][62.555s][info ][gc] GC(1395) Pause Cleanup 155M->155M(512M) 0.079ms
[2020-08-01T12:05:20.909+0300][62.555s][info ][gc] GC(1395) Concurrent Cycle 74.010ms
[2020-08-01T12:05:20.957+0300][62.603s][info ][gc] GC(1397) Pause Young (Concurrent Start) (G1 Humongous Allocation) 183M->184M(512M) 26.165ms
[2020-08-01T12:05:20.957+0300][62.603s][info ][gc] GC(1398) Concurrent Cycle
[2020-08-01T12:05:20.974+0300][62.620s][debug][gc] GC(1398) Reclaimed 123 empty regions
[2020-08-01T12:05:20.974+0300][62.620s][info ][gc] GC(1398) Pause Remark 236M->113M(512M) 0.573ms
[2020-08-01T12:05:21.029+0300][62.675s][info ][gc] GC(1399) Pause Young (Normal) (G1 Evacuation Pause) 166M->154M(512M) 33.426ms
[2020-08-01T12:05:21.030+0300][62.677s][info ][gc] GC(1398) Pause Cleanup 158M->158M(512M) 0.077ms
[2020-08-01T12:05:21.031+0300][62.677s][info ][gc] GC(1398) Concurrent Cycle 74.125ms
[2020-08-01T12:05:21.080+0300][62.727s][info ][gc] GC(1400) Pause Young (Concurrent Start) (G1 Humongous Allocation) 184M->185M(512M) 25.659ms
[2020-08-01T12:05:21.080+0300][62.727s][info ][gc] GC(1401) Concurrent Cycle
[2020-08-01T12:05:21.098+0300][62.744s][debug][gc] GC(1401) Reclaimed 124 empty regions
[2020-08-01T12:05:21.098+0300][62.744s][info ][gc] GC(1401) Pause Remark 240M->116M(512M) 0.623ms
[2020-08-01T12:05:21.151+0300][62.798s][info ][gc] GC(1402) Pause Young (Normal) (G1 Evacuation Pause) 166M->153M(512M) 33.054ms
[2020-08-01T12:05:21.154+0300][62.800s][info ][gc] GC(1401) Pause Cleanup 159M->159M(512M) 0.072ms
[2020-08-01T12:05:21.154+0300][62.801s][info ][gc] GC(1401) Concurrent Cycle 73.875ms
[2020-08-01T12:05:21.228+0300][62.875s][info ][gc] GC(1403) Pause Young (Concurrent Start) (G1 Humongous Allocation) 183M->184M(512M) 47.506ms
[2020-08-01T12:05:21.228+0300][62.875s][info ][gc] GC(1404) Concurrent Cycle
[2020-08-01T12:05:21.244+0300][62.891s][debug][gc] GC(1404) Reclaimed 124 empty regions
[2020-08-01T12:05:21.244+0300][62.891s][info ][gc] GC(1404) Pause Remark 237M->113M(512M) 0.627ms
[2020-08-01T12:05:21.299+0300][62.946s][info ][gc] GC(1405) Pause Young (Normal) (G1 Evacuation Pause) 165M->152M(512M) 33.332ms
[2020-08-01T12:05:21.301+0300][62.947s][info ][gc] GC(1404) Pause Cleanup 156M->156M(512M) 0.099ms
[2020-08-01T12:05:21.302+0300][62.948s][info ][gc] GC(1404) Concurrent Cycle 73.563ms
[2020-08-01T12:05:21.402+0300][63.049s][info ][gc] GC(1406) Pause Young (Concurrent Start) (G1 Humongous Allocation) 182M->184M(512M) 65.424ms
[2020-08-01T12:05:21.403+0300][63.049s][info ][gc] GC(1407) Concurrent Cycle
[2020-08-01T12:05:21.419+0300][63.065s][debug][gc] GC(1407) Reclaimed 123 empty regions
[2020-08-01T12:05:21.419+0300][63.065s][info ][gc] GC(1407) Pause Remark 236M->113M(512M) 0.574ms
[2020-08-01T12:05:21.474+0300][63.120s][info ][gc] GC(1408) Pause Young (Normal) (G1 Evacuation Pause) 166M->153M(512M) 33.448ms
[2020-08-01T12:05:21.475+0300][63.122s][info ][gc] GC(1407) Pause Cleanup 156M->156M(512M) 0.073ms
[2020-08-01T12:05:21.476+0300][63.122s][info ][gc] GC(1407) Concurrent Cycle 73.238ms
[2020-08-01T12:05:21.544+0300][63.191s][info ][gc] GC(1409) Pause Young (Concurrent Start) (G1 Humongous Allocation) 183M->184M(512M) 37.507ms
[2020-08-01T12:05:21.544+0300][63.191s][info ][gc] GC(1410) Concurrent Cycle
[2020-08-01T12:05:21.560+0300][63.206s][debug][gc] GC(1410) Reclaimed 123 empty regions
[2020-08-01T12:05:21.560+0300][63.206s][info ][gc] GC(1410) Pause Remark 236M->113M(512M) 0.573ms
[2020-08-01T12:05:21.614+0300][63.260s][info ][gc] GC(1411) Pause Young (Normal) (G1 Evacuation Pause) 166M->153M(512M) 33.149ms
[2020-08-01T12:05:21.616+0300][63.262s][info ][gc] GC(1410) Pause Cleanup 157M->157M(512M) 0.082ms
[2020-08-01T12:05:21.616+0300][63.263s][info ][gc] GC(1410) Concurrent Cycle 71.776ms
[2020-08-01T12:05:21.675+0300][63.321s][info ][gc] GC(1412) Pause Young (Concurrent Start) (G1 Humongous Allocation) 183M->184M(512M) 26.333ms
[2020-08-01T12:05:21.675+0300][63.322s][info ][gc] GC(1413) Concurrent Cycle
[2020-08-01T12:05:21.690+0300][63.337s][debug][gc] GC(1413) Reclaimed 124 empty regions
[2020-08-01T12:05:21.690+0300][63.337s][info ][gc] GC(1413) Pause Remark 235M->111M(512M) 0.568ms
[2020-08-01T12:05:21.744+0300][63.391s][info ][gc] GC(1414) Pause Young (Normal) (G1 Evacuation Pause) 165M->153M(512M) 32.406ms
[2020-08-01T12:05:21.746+0300][63.392s][info ][gc] GC(1413) Pause Cleanup 157M->157M(512M) 0.079ms
[2020-08-01T12:05:21.747+0300][63.393s][info ][gc] GC(1413) Concurrent Cycle 71.654ms
[2020-08-01T12:05:21.815+0300][63.461s][info ][gc] GC(1415) Pause Young (Concurrent Start) (G1 Humongous Allocation) 183M->184M(512M) 41.745ms
[2020-08-01T12:05:21.815+0300][63.461s][info ][gc] GC(1416) Concurrent Cycle
[2020-08-01T12:05:21.833+0300][63.480s][debug][gc] GC(1416) Reclaimed 123 empty regions
[2020-08-01T12:05:21.833+0300][63.480s][info ][gc] GC(1416) Pause Remark 237M->114M(512M) 0.594ms
[2020-08-01T12:05:21.888+0300][63.534s][info ][gc] GC(1417) Pause Young (Normal) (G1 Evacuation Pause) 166M->153M(512M) 32.981ms
[2020-08-01T12:05:21.890+0300][63.536s][info ][gc] GC(1416) Pause Cleanup 157M->157M(512M) 0.119ms
[2020-08-01T12:05:21.891+0300][63.537s][info ][gc] GC(1416) Concurrent Cycle 75.999ms
[2020-08-01T12:05:21.955+0300][63.602s][info ][gc] GC(1418) Pause Young (Concurrent Start) (G1 Humongous Allocation) 183M->185M(512M) 42.496ms
[2020-08-01T12:05:21.955+0300][63.602s][info ][gc] GC(1419) Concurrent Cycle
[2020-08-01T12:05:21.973+0300][63.619s][debug][gc] GC(1419) Reclaimed 124 empty regions
[2020-08-01T12:05:21.973+0300][63.619s][info ][gc] GC(1419) Pause Remark 231M->107M(512M) 0.794ms
[2020-08-01T12:05:21.996+0300][63.643s][info ][gc] GC(1419) Pause Cleanup 157M->157M(512M) 0.088ms
[2020-08-01T12:05:21.997+0300][63.644s][info ][gc] GC(1419) Concurrent Cycle 41.745ms
[2020-08-01T12:05:22.033+0300][63.680s][info ][gc] GC(1420) Pause Young (Normal) (G1 Evacuation Pause) 166M->152M(512M) 32.890ms
[2020-08-01T12:05:22.085+0300][63.731s][info ][gc] GC(1421) Pause Young (Concurrent Start) (G1 Humongous Allocation) 182M->183M(512M) 17.389ms
[2020-08-01T12:05:22.085+0300][63.732s][info ][gc] GC(1422) Concurrent Cycle
[2020-08-01T12:05:22.101+0300][63.748s][debug][gc] GC(1422) Reclaimed 123 empty regions
[2020-08-01T12:05:22.101+0300][63.748s][info ][gc] GC(1422) Pause Remark 235M->112M(512M) 0.569ms
[2020-08-01T12:05:22.157+0300][63.803s][info ][gc] GC(1423) Pause Young (Normal) (G1 Evacuation Pause) 166M->154M(512M) 32.679ms
[2020-08-01T12:05:22.157+0300][63.804s][info ][gc] GC(1422) Pause Cleanup 155M->155M(512M) 0.080ms
[2020-08-01T12:05:22.158+0300][63.804s][info ][gc] GC(1422) Concurrent Cycle 72.874ms
[2020-08-01T12:05:22.250+0300][63.896s][info ][gc] GC(1424) Pause Young (Concurrent Start) (G1 Humongous Allocation) 183M->184M(512M) 57.754ms
[2020-08-01T12:05:22.250+0300][63.896s][info ][gc] GC(1425) Concurrent Cycle
[2020-08-01T12:05:22.267+0300][63.913s][debug][gc] GC(1425) Reclaimed 124 empty regions
[2020-08-01T12:05:22.267+0300][63.913s][info ][gc] GC(1425) Pause Remark 236M->112M(512M) 0.636ms
[2020-08-01T12:05:22.289+0300][63.935s][info ][gc] GC(1425) Pause Cleanup 165M->165M(512M) 0.075ms
[2020-08-01T12:05:22.321+0300][63.967s][info ][gc] GC(1426) Pause Young (Normal) (G1 Evacuation Pause) 165M->152M(512M) 31.963ms
[2020-08-01T12:05:22.322+0300][63.969s][info ][gc] GC(1425) Concurrent Cycle 72.501ms
[2020-08-01T12:05:22.381+0300][64.028s][info ][gc] GC(1427) Pause Young (Concurrent Start) (G1 Humongous Allocation) 182M->183M(512M) 34.709ms
[2020-08-01T12:05:22.382+0300][64.028s][info ][gc] GC(1428) Concurrent Cycle
[2020-08-01T12:05:22.399+0300][64.046s][debug][gc] GC(1428) Reclaimed 123 empty regions
[2020-08-01T12:05:22.399+0300][64.046s][info ][gc] GC(1428) Pause Remark 232M->109M(512M) 0.624ms
[2020-08-01T12:05:22.422+0300][64.068s][info ][gc] GC(1428) Pause Cleanup 164M->164M(512M) 0.071ms
[2020-08-01T12:05:22.422+0300][64.069s][info ][gc] GC(1428) Concurrent Cycle 40.708ms
[2020-08-01T12:05:22.455+0300][64.101s][info ][gc] GC(1429) Pause Young (Normal) (G1 Evacuation Pause) 165M->153M(512M) 32.590ms
[2020-08-01T12:05:22.511+0300][64.158s][info ][gc] GC(1430) Pause Young (Concurrent Start) (G1 Humongous Allocation) 183M->184M(512M) 24.611ms
[2020-08-01T12:05:22.511+0300][64.158s][info ][gc] GC(1431) Concurrent Cycle
[2020-08-01T12:05:22.528+0300][64.174s][debug][gc] GC(1431) Reclaimed 123 empty regions
[2020-08-01T12:05:22.528+0300][64.174s][info ][gc] GC(1431) Pause Remark 236M->113M(512M) 0.568ms
[2020-08-01T12:05:22.582+0300][64.229s][info ][gc] GC(1432) Pause Young (Normal) (G1 Evacuation Pause) 166M->153M(512M) 32.997ms
[2020-08-01T12:05:22.584+0300][64.230s][info ][gc] GC(1431) Pause Cleanup 154M->154M(512M) 0.108ms
[2020-08-01T12:05:22.585+0300][64.231s][info ][gc] GC(1431) Concurrent Cycle 73.126ms
[2020-08-01T12:05:22.670+0300][64.316s][info ][gc] GC(1433) Pause Young (Concurrent Start) (G1 Humongous Allocation) 183M->184M(512M) 59.103ms
[2020-08-01T12:05:22.670+0300][64.316s][info ][gc] GC(1434) Concurrent Cycle
[2020-08-01T12:05:22.689+0300][64.336s][debug][gc] GC(1434) Reclaimed 124 empty regions
[2020-08-01T12:05:22.689+0300][64.336s][info ][gc] GC(1434) Pause Remark 237M->113M(512M) 0.772ms
[2020-08-01T12:05:22.745+0300][64.391s][info ][gc] GC(1435) Pause Young (Normal) (G1 Evacuation Pause) 165M->153M(512M) 33.050ms
[2020-08-01T12:05:22.747+0300][64.393s][info ][gc] GC(1434) Pause Cleanup 157M->157M(512M) 0.091ms
[2020-08-01T12:05:22.747+0300][64.394s][info ][gc] GC(1434) Concurrent Cycle 77.227ms
[2020-08-01T12:05:22.808+0300][64.455s][info ][gc] GC(1436) Pause Young (Concurrent Start) (G1 Humongous Allocation) 183M->184M(512M) 26.526ms
[2020-08-01T12:05:22.808+0300][64.455s][info ][gc] GC(1437) Concurrent Cycle
[2020-08-01T12:05:22.824+0300][64.470s][debug][gc] GC(1437) Reclaimed 123 empty regions
[2020-08-01T12:05:22.824+0300][64.470s][info ][gc] GC(1437) Pause Remark 236M->113M(512M) 0.686ms
[2020-08-01T12:05:22.879+0300][64.525s][info ][gc] GC(1438) Pause Young (Normal) (G1 Evacuation Pause) 166M->153M(512M) 32.720ms
[2020-08-01T12:05:22.880+0300][64.527s][info ][gc] GC(1437) Pause Cleanup 156M->156M(512M) 0.115ms
[2020-08-01T12:05:22.881+0300][64.528s][info ][gc] GC(1437) Concurrent Cycle 72.991ms
[2020-08-01T12:05:22.930+0300][64.577s][info ][gc] GC(1439) Pause Young (Concurrent Start) (G1 Humongous Allocation) 183M->184M(512M) 25.832ms
[2020-08-01T12:05:22.931+0300][64.577s][info ][gc] GC(1440) Concurrent Cycle
[2020-08-01T12:05:22.949+0300][64.595s][debug][gc] GC(1440) Reclaimed 123 empty regions
[2020-08-01T12:05:22.949+0300][64.595s][info ][gc] GC(1440) Pause Remark 236M->113M(512M) 0.652ms
[2020-08-01T12:05:22.972+0300][64.618s][info ][gc] GC(1440) Pause Cleanup 166M->166M(512M) 0.074ms
[2020-08-01T12:05:23.008+0300][64.654s][info ][gc] GC(1441) Pause Young (Normal) (G1 Evacuation Pause) 166M->153M(512M) 35.500ms
[2020-08-01T12:05:23.008+0300][64.655s][info ][gc] GC(1440) Concurrent Cycle 77.572ms
[2020-08-01T12:05:23.097+0300][64.743s][info ][gc] GC(1442) Pause Young (Concurrent Start) (G1 Humongous Allocation) 183M->184M(512M) 51.829ms
[2020-08-01T12:05:23.097+0300][64.743s][info ][gc] GC(1443) Concurrent Cycle
[2020-08-01T12:05:23.116+0300][64.762s][debug][gc] GC(1443) Reclaimed 122 empty regions
[2020-08-01T12:05:23.116+0300][64.762s][info ][gc] GC(1443) Pause Remark 237M->115M(512M) 0.608ms
[2020-08-01T12:05:23.173+0300][64.819s][info ][gc] GC(1444) Pause Young (Normal) (G1 Evacuation Pause) 167M->155M(512M) 35.511ms
[2020-08-01T12:05:23.175+0300][64.821s][info ][gc] GC(1443) Pause Cleanup 159M->159M(512M) 0.080ms
[2020-08-01T12:05:23.175+0300][64.822s][info ][gc] GC(1443) Concurrent Cycle 78.539ms
[2020-08-01T12:05:23.254+0300][64.900s][info ][gc] GC(1445) Pause Young (Concurrent Start) (G1 Humongous Allocation) 185M->186M(512M) 52.795ms
[2020-08-01T12:05:23.254+0300][64.900s][info ][gc] GC(1446) Concurrent Cycle
[2020-08-01T12:05:23.269+0300][64.916s][debug][gc] GC(1446) Reclaimed 123 empty regions
[2020-08-01T12:05:23.269+0300][64.916s][info ][gc] GC(1446) Pause Remark 238M->115M(512M) 0.586ms
[2020-08-01T12:05:23.324+0300][64.970s][info ][gc] GC(1447) Pause Young (Normal) (G1 Evacuation Pause) 168M->156M(512M) 33.219ms
[2020-08-01T12:05:23.325+0300][64.972s][info ][gc] GC(1446) Pause Cleanup 160M->160M(512M) 0.079ms
[2020-08-01T12:05:23.326+0300][64.972s][info ][gc] GC(1446) Concurrent Cycle 72.056ms
[2020-08-01T12:05:23.395+0300][65.042s][info ][gc] GC(1448) Pause Young (Concurrent Start) (G1 Humongous Allocation) 186M->187M(512M) 38.382ms
[2020-08-01T12:05:23.395+0300][65.042s][info ][gc] GC(1449) Concurrent Cycle
[2020-08-01T12:05:23.412+0300][65.058s][debug][gc] GC(1449) Reclaimed 124 empty regions
[2020-08-01T12:05:23.412+0300][65.058s][info ][gc] GC(1449) Pause Remark 239M->115M(512M) 0.585ms
[2020-08-01T12:05:23.468+0300][65.115s][info ][gc] GC(1450) Pause Young (Normal) (G1 Evacuation Pause) 167M->154M(512M) 35.995ms
[2020-08-01T12:05:23.470+0300][65.117s][info ][gc] GC(1449) Pause Cleanup 157M->157M(512M) 0.110ms
[2020-08-01T12:05:23.471+0300][65.117s][info ][gc] GC(1449) Concurrent Cycle 75.869ms
[2020-08-01T12:05:23.521+0300][65.167s][info ][gc] GC(1451) Pause Young (Concurrent Start) (G1 Humongous Allocation) 185M->186M(512M) 25.891ms
[2020-08-01T12:05:23.521+0300][65.167s][info ][gc] GC(1452) Concurrent Cycle
[2020-08-01T12:05:23.536+0300][65.183s][debug][gc] GC(1452) Reclaimed 122 empty regions
[2020-08-01T12:05:23.536+0300][65.183s][info ][gc] GC(1452) Pause Remark 239M->117M(512M) 0.559ms
[2020-08-01T12:05:23.590+0300][65.236s][info ][gc] GC(1453) Pause Young (Normal) (G1 Evacuation Pause) 169M->157M(512M) 32.536ms
[2020-08-01T12:05:23.592+0300][65.239s][info ][gc] GC(1452) Pause Cleanup 162M->162M(512M) 0.077ms
[2020-08-01T12:05:23.593+0300][65.239s][info ][gc] GC(1452) Concurrent Cycle 72.217ms
[2020-08-01T12:05:23.666+0300][65.312s][info ][gc] GC(1454) Pause Young (Concurrent Start) (G1 Humongous Allocation) 187M->188M(512M) 45.849ms
[2020-08-01T12:05:23.666+0300][65.312s][info ][gc] GC(1455) Concurrent Cycle
[2020-08-01T12:05:23.685+0300][65.331s][debug][gc] GC(1455) Reclaimed 125 empty regions
[2020-08-01T12:05:23.685+0300][65.331s][info ][gc] GC(1455) Pause Remark 244M->119M(512M) 0.573ms
[2020-08-01T12:05:23.737+0300][65.384s][info ][gc] GC(1456) Pause Young (Normal) (G1 Evacuation Pause) 167M->154M(512M) 32.507ms
[2020-08-01T12:05:23.740+0300][65.386s][info ][gc] GC(1455) Pause Cleanup 160M->160M(512M) 0.080ms
[2020-08-01T12:05:23.740+0300][65.387s][info ][gc] GC(1455) Concurrent Cycle 74.370ms
[2020-08-01T12:05:23.798+0300][65.444s][info ][gc] GC(1457) Pause Young (Concurrent Start) (G1 Humongous Allocation) 185M->186M(512M) 36.853ms
[2020-08-01T12:05:23.798+0300][65.444s][info ][gc] GC(1458) Concurrent Cycle
[2020-08-01T12:05:23.815+0300][65.461s][debug][gc] GC(1458) Reclaimed 123 empty regions
[2020-08-01T12:05:23.815+0300][65.461s][info ][gc] GC(1458) Pause Remark 238M->115M(512M) 0.635ms
[2020-08-01T12:05:23.869+0300][65.515s][info ][gc] GC(1459) Pause Young (Normal) (G1 Evacuation Pause) 168M->155M(512M) 33.093ms
[2020-08-01T12:05:23.871+0300][65.518s][info ][gc] GC(1458) Pause Cleanup 159M->159M(512M) 0.110ms
[2020-08-01T12:05:23.872+0300][65.518s][info ][gc] GC(1458) Concurrent Cycle 74.232ms
[2020-08-01T12:05:23.924+0300][65.571s][info ][gc] GC(1460) Pause Young (Concurrent Start) (G1 Humongous Allocation) 185M->187M(512M) 25.486ms
[2020-08-01T12:05:23.924+0300][65.571s][info ][gc] GC(1461) Concurrent Cycle
[2020-08-01T12:05:23.942+0300][65.588s][debug][gc] GC(1461) Reclaimed 124 empty regions
[2020-08-01T12:05:23.942+0300][65.588s][info ][gc] GC(1461) Pause Remark 240M->116M(512M) 0.574ms
[2020-08-01T12:05:24.000+0300][65.647s][info ][gc] GC(1462) Pause Young (Normal) (G1 Evacuation Pause) 167M->154M(512M) 37.531ms
[2020-08-01T12:05:24.002+0300][65.649s][info ][gc] GC(1461) Pause Cleanup 158M->158M(512M) 0.109ms
[2020-08-01T12:05:24.003+0300][65.650s][info ][gc] GC(1461) Concurrent Cycle 79.000ms
[2020-08-01T12:05:24.066+0300][65.713s][info ][gc] GC(1463) Pause Young (Concurrent Start) (G1 Humongous Allocation) 185M->186M(512M) 27.645ms
[2020-08-01T12:05:24.066+0300][65.713s][info ][gc] GC(1464) Concurrent Cycle
[2020-08-01T12:05:24.084+0300][65.730s][debug][gc] GC(1464) Reclaimed 122 empty regions
[2020-08-01T12:05:24.084+0300][65.730s][info ][gc] GC(1464) Pause Remark 234M->112M(512M) 0.591ms
[2020-08-01T12:05:24.107+0300][65.754s][info ][gc] GC(1464) Pause Cleanup 166M->166M(512M) 0.082ms
[2020-08-01T12:05:24.108+0300][65.754s][info ][gc] GC(1464) Concurrent Cycle 41.560ms
[2020-08-01T12:05:24.142+0300][65.788s][info ][gc] GC(1465) Pause Young (Normal) (G1 Evacuation Pause) 169M->157M(512M) 32.709ms
[2020-08-01T12:05:24.210+0300][65.857s][info ][gc] GC(1466) Pause Young (Concurrent Start) (G1 Humongous Allocation) 187M->188M(512M) 32.460ms
[2020-08-01T12:05:24.210+0300][65.857s][info ][gc] GC(1467) Concurrent Cycle
[2020-08-01T12:05:24.229+0300][65.875s][debug][gc] GC(1467) Reclaimed 125 empty regions
[2020-08-01T12:05:24.229+0300][65.875s][info ][gc] GC(1467) Pause Remark 239M->114M(512M) 0.571ms
[2020-08-01T12:05:24.284+0300][65.930s][info ][gc] GC(1468) Pause Young (Normal) (G1 Evacuation Pause) 167M->154M(512M) 33.643ms
[2020-08-01T12:05:24.285+0300][65.932s][info ][gc] GC(1467) Pause Cleanup 156M->156M(512M) 0.101ms
[2020-08-01T12:05:24.286+0300][65.932s][info ][gc] GC(1467) Concurrent Cycle 75.692ms
[2020-08-01T12:05:24.378+0300][66.024s][info ][gc] GC(1469) Pause Young (Concurrent Start) (G1 Humongous Allocation) 185M->186M(512M) 61.083ms
[2020-08-01T12:05:24.378+0300][66.024s][info ][gc] GC(1470) Concurrent Cycle
[2020-08-01T12:05:24.395+0300][66.041s][debug][gc] GC(1470) Reclaimed 123 empty regions
[2020-08-01T12:05:24.395+0300][66.041s][info ][gc] GC(1470) Pause Remark 239M->116M(512M) 0.597ms
[2020-08-01T12:05:24.459+0300][66.105s][info ][gc] GC(1471) Pause Young (Normal) (G1 Evacuation Pause) 168M->155M(512M) 41.351ms
[2020-08-01T12:05:24.461+0300][66.107s][info ][gc] GC(1470) Pause Cleanup 160M->160M(512M) 0.109ms
[2020-08-01T12:05:24.462+0300][66.108s][info ][gc] GC(1470) Concurrent Cycle 83.586ms
[2020-08-01T12:05:24.517+0300][66.164s][info ][gc] GC(1472) Pause Young (Concurrent Start) (G1 Humongous Allocation) 185M->187M(512M) 28.563ms
[2020-08-01T12:05:24.517+0300][66.164s][info ][gc] GC(1473) Concurrent Cycle
[2020-08-01T12:05:24.535+0300][66.181s][debug][gc] GC(1473) Reclaimed 124 empty regions
[2020-08-01T12:05:24.535+0300][66.181s][info ][gc] GC(1473) Pause Remark 239M->115M(512M) 0.680ms
[2020-08-01T12:05:24.558+0300][66.204s][info ][gc] GC(1473) Pause Cleanup 165M->165M(512M) 0.086ms
[2020-08-01T12:05:24.558+0300][66.205s][info ][gc] GC(1473) Concurrent Cycle 40.909ms
[2020-08-01T12:05:24.598+0300][66.244s][info ][gc] GC(1474) Pause Young (Normal) (G1 Evacuation Pause) 167M->154M(512M) 38.824ms
[2020-08-01T12:05:24.647+0300][66.293s][info ][gc] GC(1475) Pause Young (Concurrent Start) (G1 Humongous Allocation) 185M->186M(512M) 18.249ms
[2020-08-01T12:05:24.647+0300][66.293s][info ][gc] GC(1476) Concurrent Cycle
[2020-08-01T12:05:24.667+0300][66.313s][debug][gc] GC(1476) Reclaimed 123 empty regions
[2020-08-01T12:05:24.667+0300][66.313s][info ][gc] GC(1476) Pause Remark 239M->116M(512M) 0.720ms
[2020-08-01T12:05:24.691+0300][66.337s][info ][gc] GC(1476) Pause Cleanup 152M->152M(512M) 0.108ms
[2020-08-01T12:05:24.692+0300][66.338s][info ][gc] GC(1476) Concurrent Cycle 44.687ms
[2020-08-01T12:05:24.735+0300][66.381s][info ][gc] GC(1477) Pause Young (Normal) (G1 Evacuation Pause) 168M->156M(512M) 36.027ms
[2020-08-01T12:05:24.788+0300][66.435s][info ][gc] GC(1478) Pause Young (Concurrent Start) (G1 Humongous Allocation) 186M->187M(512M) 19.956ms
[2020-08-01T12:05:24.788+0300][66.435s][info ][gc] GC(1479) Concurrent Cycle
[2020-08-01T12:05:24.806+0300][66.453s][debug][gc] GC(1479) Reclaimed 124 empty regions
[2020-08-01T12:05:24.806+0300][66.453s][info ][gc] GC(1479) Pause Remark 239M->115M(512M) 0.745ms
[2020-08-01T12:05:24.830+0300][66.476s][info ][gc] GC(1479) Pause Cleanup 161M->161M(512M) 0.102ms
[2020-08-01T12:05:24.831+0300][66.477s][info ][gc] GC(1479) Concurrent Cycle 42.549ms
[2020-08-01T12:05:24.867+0300][66.514s][info ][gc] GC(1480) Pause Young (Normal) (G1 Evacuation Pause) 167M->154M(512M) 33.932ms
[2020-08-01T12:05:24.924+0300][66.571s][info ][gc] GC(1481) Pause Young (Concurrent Start) (G1 Humongous Allocation) 185M->186M(512M) 17.472ms
[2020-08-01T12:05:24.924+0300][66.571s][info ][gc] GC(1482) Concurrent Cycle
[2020-08-01T12:05:24.943+0300][66.589s][debug][gc] GC(1482) Reclaimed 123 empty regions
[2020-08-01T12:05:24.943+0300][66.589s][info ][gc] GC(1482) Pause Remark 239M->116M(512M) 1.012ms
[2020-08-01T12:05:24.968+0300][66.615s][info ][gc] GC(1482) Pause Cleanup 166M->166M(512M) 0.133ms
[2020-08-01T12:05:24.969+0300][66.616s][info ][gc] GC(1482) Concurrent Cycle 45.061ms
[2020-08-01T12:05:25.010+0300][66.657s][info ][gc] GC(1483) Pause Young (Normal) (G1 Evacuation Pause) 168M->155M(512M) 39.477ms
[2020-08-01T12:05:25.062+0300][66.709s][info ][gc] GC(1484) Pause Young (Concurrent Start) (G1 Humongous Allocation) 185M->186M(512M) 18.485ms
[2020-08-01T12:05:25.062+0300][66.709s][info ][gc] GC(1485) Concurrent Cycle
[2020-08-01T12:05:25.081+0300][66.727s][debug][gc] GC(1485) Reclaimed 124 empty regions
[2020-08-01T12:05:25.081+0300][66.727s][info ][gc] GC(1485) Pause Remark 233M->109M(512M) 0.866ms
[2020-08-01T12:05:25.105+0300][66.752s][info ][gc] GC(1485) Pause Cleanup 158M->158M(512M) 0.132ms
[2020-08-01T12:05:25.106+0300][66.752s][info ][gc] GC(1485) Concurrent Cycle 43.744ms
[2020-08-01T12:05:25.145+0300][66.791s][info ][gc] GC(1486) Pause Young (Normal) (G1 Evacuation Pause) 167M->154M(512M) 34.818ms
[2020-08-01T12:05:25.200+0300][66.846s][info ][gc] GC(1487) Pause Young (Concurrent Start) (G1 Humongous Allocation) 184M->185M(512M) 18.822ms
[2020-08-01T12:05:25.200+0300][66.846s][info ][gc] GC(1488) Concurrent Cycle
[2020-08-01T12:05:25.218+0300][66.864s][debug][gc] GC(1488) Reclaimed 121 empty regions
[2020-08-01T12:05:25.218+0300][66.865s][info ][gc] GC(1488) Pause Remark 236M->115M(512M) 0.942ms
[2020-08-01T12:05:25.241+0300][66.887s][info ][gc] GC(1488) Pause Cleanup 152M->152M(512M) 0.090ms
[2020-08-01T12:05:25.242+0300][66.888s][info ][gc] GC(1488) Concurrent Cycle 41.861ms
[2020-08-01T12:05:25.285+0300][66.931s][info ][gc] GC(1489) Pause Young (Normal) (G1 Evacuation Pause) 169M->156M(512M) 36.610ms
[2020-08-01T12:05:25.339+0300][66.985s][info ][gc] GC(1490) Pause Young (Concurrent Start) (G1 Humongous Allocation) 186M->186M(512M) 20.157ms
[2020-08-01T12:05:25.339+0300][66.985s][info ][gc] GC(1491) Concurrent Cycle
[2020-08-01T12:05:25.356+0300][67.002s][debug][gc] GC(1491) Reclaimed 123 empty regions
[2020-08-01T12:05:25.356+0300][67.002s][info ][gc] GC(1491) Pause Remark 236M->113M(512M) 0.817ms
[2020-08-01T12:05:25.379+0300][67.025s][info ][gc] GC(1491) Pause Cleanup 151M->151M(512M) 0.108ms
[2020-08-01T12:05:25.379+0300][67.026s][info ][gc] GC(1491) Concurrent Cycle 40.528ms
[2020-08-01T12:05:25.426+0300][67.073s][info ][gc] GC(1492) Pause Young (Normal) (G1 Evacuation Pause) 168M->155M(512M) 40.172ms
[2020-08-01T12:05:25.473+0300][67.120s][info ][gc] GC(1493) Pause Young (Concurrent Start) (G1 Humongous Allocation) 185M->187M(512M) 17.577ms
[2020-08-01T12:05:25.473+0300][67.120s][info ][gc] GC(1494) Concurrent Cycle
[2020-08-01T12:05:25.491+0300][67.138s][debug][gc] GC(1494) Reclaimed 123 empty regions
[2020-08-01T12:05:25.491+0300][67.138s][info ][gc] GC(1494) Pause Remark 239M->116M(512M) 0.712ms
[2020-08-01T12:05:25.557+0300][67.203s][info ][gc] GC(1495) Pause Young (Normal) (G1 Evacuation Pause) 168M->155M(512M) 41.755ms
[2020-08-01T12:05:25.559+0300][67.205s][info ][gc] GC(1494) Pause Cleanup 159M->159M(512M) 0.117ms
[2020-08-01T12:05:25.560+0300][67.206s][info ][gc] GC(1494) Concurrent Cycle 86.190ms
[2020-08-01T12:05:25.625+0300][67.271s][info ][gc] GC(1496) Pause Young (Concurrent Start) (G1 Humongous Allocation) 186M->187M(512M) 31.129ms
[2020-08-01T12:05:25.625+0300][67.271s][info ][gc] GC(1497) Concurrent Cycle
[2020-08-01T12:05:25.643+0300][67.289s][debug][gc] GC(1497) Reclaimed 123 empty regions
[2020-08-01T12:05:25.643+0300][67.289s][info ][gc] GC(1497) Pause Remark 239M->116M(512M) 0.739ms
[2020-08-01T12:05:25.667+0300][67.313s][info ][gc] GC(1497) Pause Cleanup 168M->168M(512M) 0.103ms
[2020-08-01T12:05:25.703+0300][67.349s][info ][gc] GC(1498) Pause Young (Normal) (G1 Evacuation Pause) 168M->156M(512M) 35.457ms
[2020-08-01T12:05:25.703+0300][67.350s][info ][gc] GC(1497) Concurrent Cycle 78.285ms
[2020-08-01T12:05:25.755+0300][67.402s][info ][gc] GC(1499) Pause Young (Concurrent Start) (G1 Humongous Allocation) 187M->189M(512M) 23.743ms
[2020-08-01T12:05:25.755+0300][67.402s][info ][gc] GC(1500) Concurrent Cycle
[2020-08-01T12:05:25.773+0300][67.420s][debug][gc] GC(1500) Reclaimed 124 empty regions
[2020-08-01T12:05:25.773+0300][67.420s][info ][gc] GC(1500) Pause Remark 240M->116M(512M) 0.817ms
[2020-08-01T12:05:25.798+0300][67.445s][info ][gc] GC(1500) Pause Cleanup 168M->168M(512M) 0.112ms
[2020-08-01T12:05:25.799+0300][67.446s][info ][gc] GC(1500) Concurrent Cycle 43.625ms
[2020-08-01T12:05:25.837+0300][67.484s][info ][gc] GC(1501) Pause Young (Normal) (G1 Evacuation Pause) 169M->156M(512M) 37.518ms
[2020-08-01T12:05:25.889+0300][67.536s][info ][gc] GC(1502) Pause Young (Concurrent Start) (G1 Humongous Allocation) 187M->188M(512M) 17.491ms
[2020-08-01T12:05:25.889+0300][67.536s][info ][gc] GC(1503) Concurrent Cycle
[2020-08-01T12:05:25.909+0300][67.555s][debug][gc] GC(1503) Reclaimed 123 empty regions
[2020-08-01T12:05:25.909+0300][67.555s][info ][gc] GC(1503) Pause Remark 241M->118M(512M) 0.679ms
[2020-08-01T12:05:25.974+0300][67.620s][info ][gc] GC(1504) Pause Young (Normal) (G1 Evacuation Pause) 169M->156M(512M) 41.366ms
[2020-08-01T12:05:25.975+0300][67.621s][info ][gc] GC(1503) Pause Cleanup 157M->157M(512M) 0.122ms
[2020-08-01T12:05:25.976+0300][67.622s][info ][gc] GC(1503) Concurrent Cycle 86.342ms
[2020-08-01T12:05:26.037+0300][67.684s][info ][gc] GC(1505) Pause Young (Concurrent Start) (G1 Humongous Allocation) 187M->188M(512M) 26.402ms
[2020-08-01T12:05:26.037+0300][67.684s][info ][gc] GC(1506) Concurrent Cycle
[2020-08-01T12:05:26.058+0300][67.704s][debug][gc] GC(1506) Reclaimed 124 empty regions
[2020-08-01T12:05:26.058+0300][67.704s][info ][gc] GC(1506) Pause Remark 243M->119M(512M) 1.016ms
[2020-08-01T12:05:26.082+0300][67.728s][info ][gc] GC(1506) Pause Cleanup 167M->167M(512M) 0.103ms
[2020-08-01T12:05:26.083+0300][67.729s][info ][gc] GC(1506) Concurrent Cycle 45.386ms
[2020-08-01T12:05:26.118+0300][67.765s][info ][gc] GC(1507) Pause Young (Normal) (G1 Evacuation Pause) 168M->156M(512M) 35.294ms
[2020-08-01T12:05:26.165+0300][67.812s][info ][gc] GC(1508) Pause Young (Concurrent Start) (G1 Humongous Allocation) 187M->188M(512M) 20.723ms
[2020-08-01T12:05:26.165+0300][67.812s][info ][gc] GC(1509) Concurrent Cycle
[2020-08-01T12:05:26.183+0300][67.830s][debug][gc] GC(1509) Reclaimed 123 empty regions
[2020-08-01T12:05:26.184+0300][67.830s][info ][gc] GC(1509) Pause Remark 241M->118M(512M) 0.739ms
[2020-08-01T12:05:26.239+0300][67.886s][info ][gc] GC(1510) Pause Young (Normal) (G1 Evacuation Pause) 169M->156M(512M) 33.481ms
[2020-08-01T12:05:26.241+0300][67.887s][info ][gc] GC(1509) Pause Cleanup 159M->159M(512M) 0.093ms
[2020-08-01T12:05:26.242+0300][67.888s][info ][gc] GC(1509) Concurrent Cycle 76.243ms
[2020-08-01T12:05:26.289+0300][67.935s][info ][gc] GC(1511) Pause Young (Concurrent Start) (G1 Humongous Allocation) 187M->189M(512M) 26.411ms
[2020-08-01T12:05:26.289+0300][67.936s][info ][gc] GC(1512) Concurrent Cycle
[2020-08-01T12:05:26.305+0300][67.952s][debug][gc] GC(1512) Reclaimed 124 empty regions
[2020-08-01T12:05:26.305+0300][67.952s][info ][gc] GC(1512) Pause Remark 240M->116M(512M) 0.616ms
[2020-08-01T12:05:26.361+0300][68.008s][info ][gc] GC(1513) Pause Young (Normal) (G1 Evacuation Pause) 169M->156M(512M) 33.402ms
[2020-08-01T12:05:26.363+0300][68.009s][info ][gc] GC(1512) Pause Cleanup 159M->159M(512M) 0.104ms
[2020-08-01T12:05:26.363+0300][68.010s][info ][gc] GC(1512) Concurrent Cycle 74.171ms
[2020-08-01T12:05:26.428+0300][68.074s][info ][gc] GC(1514) Pause Young (Concurrent Start) (G1 Humongous Allocation) 187M->188M(512M) 42.944ms
[2020-08-01T12:05:26.428+0300][68.074s][info ][gc] GC(1515) Concurrent Cycle
[2020-08-01T12:05:26.444+0300][68.091s][debug][gc] GC(1515) Reclaimed 123 empty regions
[2020-08-01T12:05:26.444+0300][68.091s][info ][gc] GC(1515) Pause Remark 240M->117M(512M) 0.570ms
[2020-08-01T12:05:26.498+0300][68.145s][info ][gc] GC(1516) Pause Young (Normal) (G1 Evacuation Pause) 169M->156M(512M) 33.013ms
[2020-08-01T12:05:26.501+0300][68.147s][info ][gc] GC(1515) Pause Cleanup 160M->160M(512M) 0.089ms
[2020-08-01T12:05:26.501+0300][68.148s][info ][gc] GC(1515) Concurrent Cycle 73.338ms
[2020-08-01T12:05:26.572+0300][68.218s][info ][gc] GC(1517) Pause Young (Concurrent Start) (G1 Humongous Allocation) 187M->188M(512M) 46.871ms
[2020-08-01T12:05:26.572+0300][68.218s][info ][gc] GC(1518) Concurrent Cycle
[2020-08-01T12:05:26.590+0300][68.236s][debug][gc] GC(1518) Reclaimed 124 empty regions
[2020-08-01T12:05:26.590+0300][68.236s][info ][gc] GC(1518) Pause Remark 239M->115M(512M) 0.639ms
[2020-08-01T12:05:26.645+0300][68.292s][info ][gc] GC(1519) Pause Young (Normal) (G1 Evacuation Pause) 168M->155M(512M) 33.061ms
[2020-08-01T12:05:26.647+0300][68.293s][info ][gc] GC(1518) Pause Cleanup 158M->158M(512M) 0.082ms
[2020-08-01T12:05:26.647+0300][68.294s][info ][gc] GC(1518) Concurrent Cycle 75.403ms
[2020-08-01T12:05:26.696+0300][68.342s][info ][gc] GC(1520) Pause Young (Concurrent Start) (G1 Humongous Allocation) 186M->187M(512M) 27.178ms
[2020-08-01T12:05:26.696+0300][68.342s][info ][gc] GC(1521) Concurrent Cycle
[2020-08-01T12:05:26.712+0300][68.358s][debug][gc] GC(1521) Reclaimed 123 empty regions
[2020-08-01T12:05:26.712+0300][68.358s][info ][gc] GC(1521) Pause Remark 240M->117M(512M) 0.641ms
[2020-08-01T12:05:26.766+0300][68.412s][info ][gc] GC(1522) Pause Young (Normal) (G1 Evacuation Pause) 168M->156M(512M) 33.171ms
[2020-08-01T12:05:26.769+0300][68.415s][info ][gc] GC(1521) Pause Cleanup 163M->163M(512M) 0.122ms
[2020-08-01T12:05:26.769+0300][68.416s][info ][gc] GC(1521) Concurrent Cycle 73.541ms
[2020-08-01T12:05:26.816+0300][68.462s][info ][gc] GC(1523) Pause Young (Concurrent Start) (G1 Humongous Allocation) 187M->189M(512M) 25.334ms
[2020-08-01T12:05:26.816+0300][68.462s][info ][gc] GC(1524) Concurrent Cycle
[2020-08-01T12:05:26.833+0300][68.479s][debug][gc] GC(1524) Reclaimed 124 empty regions
[2020-08-01T12:05:26.833+0300][68.479s][info ][gc] GC(1524) Pause Remark 242M->118M(512M) 0.584ms
[2020-08-01T12:05:26.887+0300][68.533s][info ][gc] GC(1525) Pause Young (Normal) (G1 Evacuation Pause) 169M->156M(512M) 32.506ms
[2020-08-01T12:05:26.889+0300][68.535s][info ][gc] GC(1524) Pause Cleanup 160M->160M(512M) 0.091ms
[2020-08-01T12:05:26.889+0300][68.536s][info ][gc] GC(1524) Concurrent Cycle 73.227ms
[2020-08-01T12:05:26.951+0300][68.598s][info ][gc] GC(1526) Pause Young (Concurrent Start) (G1 Humongous Allocation) 187M->188M(512M) 39.769ms
[2020-08-01T12:05:26.952+0300][68.598s][info ][gc] GC(1527) Concurrent Cycle
[2020-08-01T12:05:26.967+0300][68.614s][debug][gc] GC(1527) Reclaimed 123 empty regions
[2020-08-01T12:05:26.968+0300][68.614s][info ][gc] GC(1527) Pause Remark 240M->117M(512M) 0.575ms
[2020-08-01T12:05:27.021+0300][68.667s][info ][gc] GC(1528) Pause Young (Normal) (G1 Evacuation Pause) 169M->156M(512M) 32.228ms
[2020-08-01T12:05:27.023+0300][68.670s][info ][gc] GC(1527) Pause Cleanup 161M->161M(512M) 0.134ms
[2020-08-01T12:05:27.024+0300][68.671s][info ][gc] GC(1527) Concurrent Cycle 72.727ms
[2020-08-01T12:05:27.078+0300][68.725s][info ][gc] GC(1529) Pause Young (Concurrent Start) (G1 Humongous Allocation) 188M->188M(512M) 26.633ms
[2020-08-01T12:05:27.078+0300][68.725s][info ][gc] GC(1530) Concurrent Cycle
[2020-08-01T12:05:27.095+0300][68.742s][debug][gc] GC(1530) Reclaimed 124 empty regions
[2020-08-01T12:05:27.095+0300][68.742s][info ][gc] GC(1530) Pause Remark 240M->116M(512M) 0.588ms
[2020-08-01T12:05:27.149+0300][68.795s][info ][gc] GC(1531) Pause Young (Normal) (G1 Evacuation Pause) 168M->155M(512M) 32.863ms
[2020-08-01T12:05:27.151+0300][68.798s][info ][gc] GC(1530) Pause Cleanup 160M->160M(512M) 0.078ms
[2020-08-01T12:05:27.152+0300][68.798s][info ][gc] GC(1530) Concurrent Cycle 73.382ms
[2020-08-01T12:05:27.238+0300][68.884s][info ][gc] GC(1532) Pause Young (Concurrent Start) (G1 Humongous Allocation) 186M->187M(512M) 60.774ms
[2020-08-01T12:05:27.238+0300][68.884s][info ][gc] GC(1533) Concurrent Cycle
[2020-08-01T12:05:27.255+0300][68.901s][debug][gc] GC(1533) Reclaimed 123 empty regions
[2020-08-01T12:05:27.255+0300][68.901s][info ][gc] GC(1533) Pause Remark 239M->116M(512M) 0.807ms
[2020-08-01T12:05:27.279+0300][68.925s][info ][gc] GC(1533) Pause Cleanup 167M->167M(512M) 0.115ms
[2020-08-01T12:05:27.279+0300][68.926s][info ][gc] GC(1533) Concurrent Cycle 41.572ms
[2020-08-01T12:05:27.314+0300][68.960s][info ][gc] GC(1534) Pause Young (Normal) (G1 Evacuation Pause) 168M->155M(512M) 33.636ms
[2020-08-01T12:05:27.366+0300][69.013s][info ][gc] GC(1535) Pause Young (Concurrent Start) (G1 Humongous Allocation) 186M->188M(512M) 17.549ms
[2020-08-01T12:05:27.366+0300][69.013s][info ][gc] GC(1536) Concurrent Cycle
[2020-08-01T12:05:27.384+0300][69.030s][debug][gc] GC(1536) Reclaimed 123 empty regions
[2020-08-01T12:05:27.384+0300][69.030s][info ][gc] GC(1536) Pause Remark 241M->118M(512M) 0.588ms
[2020-08-01T12:05:27.439+0300][69.085s][info ][gc] GC(1537) Pause Young (Normal) (G1 Evacuation Pause) 169M->156M(512M) 32.734ms
[2020-08-01T12:05:27.440+0300][69.087s][info ][gc] GC(1536) Pause Cleanup 158M->158M(512M) 0.107ms
[2020-08-01T12:05:27.441+0300][69.087s][info ][gc] GC(1536) Concurrent Cycle 74.495ms
[2020-08-01T12:05:27.499+0300][69.146s][info ][gc] GC(1538) Pause Young (Concurrent Start) (G1 Humongous Allocation) 187M->188M(512M) 26.433ms
[2020-08-01T12:05:27.499+0300][69.146s][info ][gc] GC(1539) Concurrent Cycle
[2020-08-01T12:05:27.516+0300][69.162s][debug][gc] GC(1539) Reclaimed 124 empty regions
[2020-08-01T12:05:27.516+0300][69.162s][info ][gc] GC(1539) Pause Remark 240M->116M(512M) 0.608ms
[2020-08-01T12:05:27.541+0300][69.187s][info ][gc] GC(1539) Pause Cleanup 168M->168M(512M) 0.122ms
[2020-08-01T12:05:27.576+0300][69.222s][info ][gc] GC(1540) Pause Young (Normal) (G1 Evacuation Pause) 168M->156M(512M) 34.721ms
[2020-08-01T12:05:27.577+0300][69.223s][info ][gc] GC(1539) Concurrent Cycle 77.486ms
[2020-08-01T12:05:27.630+0300][69.276s][info ][gc] GC(1541) Pause Young (Concurrent Start) (G1 Humongous Allocation) 187M->188M(512M) 17.948ms
[2020-08-01T12:05:27.630+0300][69.276s][info ][gc] GC(1542) Concurrent Cycle
[2020-08-01T12:05:27.647+0300][69.294s][debug][gc] GC(1542) Reclaimed 123 empty regions
[2020-08-01T12:05:27.647+0300][69.294s][info ][gc] GC(1542) Pause Remark 238M->115M(512M) 0.645ms
[2020-08-01T12:05:27.672+0300][69.318s][info ][gc] GC(1542) Pause Cleanup 169M->169M(512M) 0.075ms
[2020-08-01T12:05:27.672+0300][69.319s][info ][gc] GC(1542) Concurrent Cycle 42.598ms
[2020-08-01T12:05:27.707+0300][69.353s][info ][gc] GC(1543) Pause Young (Normal) (G1 Evacuation Pause) 169M->156M(512M) 34.127ms
[2020-08-01T12:05:27.754+0300][69.401s][info ][gc] GC(1544) Pause Young (Concurrent Start) (G1 Humongous Allocation) 187M->189M(512M) 19.804ms
[2020-08-01T12:05:27.755+0300][69.401s][info ][gc] GC(1545) Concurrent Cycle
[2020-08-01T12:05:27.772+0300][69.419s][debug][gc] GC(1545) Reclaimed 124 empty regions
[2020-08-01T12:05:27.772+0300][69.419s][info ][gc] GC(1545) Pause Remark 241M->117M(512M) 0.766ms
[2020-08-01T12:05:27.796+0300][69.443s][info ][gc] GC(1545) Pause Cleanup 168M->168M(512M) 0.072ms
[2020-08-01T12:05:27.830+0300][69.476s][info ][gc] GC(1546) Pause Young (Normal) (G1 Evacuation Pause) 169M->156M(512M) 32.433ms
[2020-08-01T12:05:27.830+0300][69.476s][info ][gc] GC(1545) Concurrent Cycle 75.276ms
[2020-08-01T12:05:27.877+0300][69.523s][info ][gc] GC(1547) Pause Young (Concurrent Start) (G1 Humongous Allocation) 187M->188M(512M) 18.156ms
[2020-08-01T12:05:27.877+0300][69.523s][info ][gc] GC(1548) Concurrent Cycle
[2020-08-01T12:05:27.895+0300][69.541s][debug][gc] GC(1548) Reclaimed 124 empty regions
[2020-08-01T12:05:27.895+0300][69.541s][info ][gc] GC(1548) Pause Remark 232M->108M(512M) 0.675ms
[2020-08-01T12:05:27.918+0300][69.564s][info ][gc] GC(1548) Pause Cleanup 157M->157M(512M) 0.108ms
[2020-08-01T12:05:27.918+0300][69.565s][info ][gc] GC(1548) Concurrent Cycle 41.536ms
[2020-08-01T12:05:27.957+0300][69.603s][info ][gc] GC(1549) Pause Young (Normal) (G1 Evacuation Pause) 168M->155M(512M) 33.490ms
[2020-08-01T12:05:28.003+0300][69.650s][info ][gc] GC(1550) Pause Young (Concurrent Start) (G1 Humongous Allocation) 186M->187M(512M) 21.540ms
[2020-08-01T12:05:28.003+0300][69.650s][info ][gc] GC(1551) Concurrent Cycle
[2020-08-01T12:05:28.022+0300][69.669s][debug][gc] GC(1551) Reclaimed 123 empty regions
[2020-08-01T12:05:28.022+0300][69.669s][info ][gc] GC(1551) Pause Remark 242M->119M(512M) 0.632ms
[2020-08-01T12:05:28.047+0300][69.694s][info ][gc] GC(1551) Pause Cleanup 167M->167M(512M) 0.086ms
[2020-08-01T12:05:28.048+0300][69.694s][info ][gc] GC(1551) Concurrent Cycle 44.552ms
[2020-08-01T12:05:28.082+0300][69.728s][info ][gc] GC(1552) Pause Young (Normal) (G1 Evacuation Pause) 168M->155M(512M) 33.526ms
[2020-08-01T12:05:28.125+0300][69.771s][info ][gc] GC(1553) Pause Young (Concurrent Start) (G1 Humongous Allocation) 186M->187M(512M) 18.220ms
[2020-08-01T12:05:28.125+0300][69.771s][info ][gc] GC(1554) Concurrent Cycle
[2020-08-01T12:05:28.141+0300][69.788s][debug][gc] GC(1554) Reclaimed 123 empty regions
[2020-08-01T12:05:28.141+0300][69.788s][info ][gc] GC(1554) Pause Remark 239M->116M(512M) 0.576ms
[2020-08-01T12:05:28.197+0300][69.843s][info ][gc] GC(1555) Pause Young (Normal) (G1 Evacuation Pause) 168M->155M(512M) 34.184ms
[2020-08-01T12:05:28.199+0300][69.846s][info ][gc] GC(1554) Pause Cleanup 160M->160M(512M) 0.112ms
[2020-08-01T12:05:28.200+0300][69.846s][info ][gc] GC(1554) Concurrent Cycle 74.916ms
[2020-08-01T12:05:28.256+0300][69.902s][info ][gc] GC(1556) Pause Young (Concurrent Start) (G1 Humongous Allocation) 186M->187M(512M) 26.159ms
[2020-08-01T12:05:28.256+0300][69.902s][info ][gc] GC(1557) Concurrent Cycle
[2020-08-01T12:05:28.274+0300][69.920s][debug][gc] GC(1557) Reclaimed 123 empty regions
[2020-08-01T12:05:28.274+0300][69.920s][info ][gc] GC(1557) Pause Remark 236M->113M(512M) 0.738ms
[2020-08-01T12:05:28.298+0300][69.944s][info ][gc] GC(1557) Pause Cleanup 168M->168M(512M) 0.073ms
[2020-08-01T12:05:28.331+0300][69.977s][info ][gc] GC(1558) Pause Young (Normal) (G1 Evacuation Pause) 168M->156M(512M) 32.669ms
[2020-08-01T12:05:28.331+0300][69.977s][info ][gc] GC(1557) Concurrent Cycle 75.111ms
[2020-08-01T12:05:28.374+0300][70.020s][info ][gc] GC(1559) Pause Young (Concurrent Start) (G1 Humongous Allocation) 187M->188M(512M) 18.212ms
[2020-08-01T12:05:28.374+0300][70.020s][info ][gc] GC(1560) Concurrent Cycle
[2020-08-01T12:05:28.391+0300][70.038s][debug][gc] GC(1560) Reclaimed 123 empty regions
[2020-08-01T12:05:28.391+0300][70.038s][info ][gc] GC(1560) Pause Remark 239M->116M(512M) 0.614ms
[2020-08-01T12:05:28.446+0300][70.093s][info ][gc] GC(1561) Pause Young (Normal) (G1 Evacuation Pause) 169M->157M(512M) 33.645ms
[2020-08-01T12:05:28.449+0300][70.095s][info ][gc] GC(1560) Pause Cleanup 160M->160M(512M) 0.114ms
[2020-08-01T12:05:28.450+0300][70.096s][info ][gc] GC(1560) Concurrent Cycle 75.618ms
[2020-08-01T12:05:28.508+0300][70.155s][info ][gc] GC(1562) Pause Young (Concurrent Start) (G1 Humongous Allocation) 188M->189M(512M) 30.555ms
[2020-08-01T12:05:28.508+0300][70.155s][info ][gc] GC(1563) Concurrent Cycle
[2020-08-01T12:05:28.526+0300][70.173s][debug][gc] GC(1563) Reclaimed 125 empty regions
[2020-08-01T12:05:28.526+0300][70.173s][info ][gc] GC(1563) Pause Remark 237M->112M(512M) 0.720ms
[2020-08-01T12:05:28.552+0300][70.198s][info ][gc] GC(1563) Pause Cleanup 163M->163M(512M) 0.106ms
[2020-08-01T12:05:28.552+0300][70.199s][info ][gc] GC(1563) Concurrent Cycle 44.092ms
[2020-08-01T12:05:28.591+0300][70.237s][info ][gc] GC(1564) Pause Young (Normal) (G1 Evacuation Pause) 168M->156M(512M) 35.725ms
[2020-08-01T12:05:28.635+0300][70.282s][info ][gc] GC(1565) Pause Young (Concurrent Start) (G1 Humongous Allocation) 187M->188M(512M) 18.504ms
[2020-08-01T12:05:28.635+0300][70.282s][info ][gc] GC(1566) Concurrent Cycle
[2020-08-01T12:05:28.655+0300][70.301s][debug][gc] GC(1566) Reclaimed 124 empty regions
[2020-08-01T12:05:28.655+0300][70.301s][info ][gc] GC(1566) Pause Remark 236M->112M(512M) 1.174ms
[2020-08-01T12:05:28.679+0300][70.325s][info ][gc] GC(1566) Pause Cleanup 149M->149M(512M) 0.089ms
[2020-08-01T12:05:28.680+0300][70.326s][info ][gc] GC(1566) Concurrent Cycle 44.468ms
[2020-08-01T12:05:28.724+0300][70.370s][info ][gc] GC(1567) Pause Young (Normal) (G1 Evacuation Pause) 168M->155M(512M) 35.755ms
[2020-08-01T12:05:28.774+0300][70.420s][info ][gc] GC(1568) Pause Young (Concurrent Start) (G1 Humongous Allocation) 186M->188M(512M) 18.324ms
[2020-08-01T12:05:28.774+0300][70.421s][info ][gc] GC(1569) Concurrent Cycle
[2020-08-01T12:05:28.793+0300][70.439s][debug][gc] GC(1569) Reclaimed 123 empty regions
[2020-08-01T12:05:28.793+0300][70.439s][info ][gc] GC(1569) Pause Remark 234M->111M(512M) 1.106ms
[2020-08-01T12:05:28.818+0300][70.464s][info ][gc] GC(1569) Pause Cleanup 159M->159M(512M) 0.128ms
[2020-08-01T12:05:28.818+0300][70.465s][info ][gc] GC(1569) Concurrent Cycle 44.318ms
[2020-08-01T12:05:28.857+0300][70.504s][info ][gc] GC(1570) Pause Young (Normal) (G1 Evacuation Pause) 169M->157M(512M) 33.784ms
[2020-08-01T12:05:28.914+0300][70.561s][info ][gc] GC(1571) Pause Young (Concurrent Start) (G1 Humongous Allocation) 188M->189M(512M) 20.503ms
[2020-08-01T12:05:28.914+0300][70.561s][info ][gc] GC(1572) Concurrent Cycle
[2020-08-01T12:05:28.934+0300][70.580s][debug][gc] GC(1572) Reclaimed 124 empty regions
[2020-08-01T12:05:28.934+0300][70.580s][info ][gc] GC(1572) Pause Remark 240M->116M(512M) 0.788ms
[2020-08-01T12:05:28.958+0300][70.604s][info ][gc] GC(1572) Pause Cleanup 167M->167M(512M) 0.098ms
[2020-08-01T12:05:28.959+0300][70.605s][info ][gc] GC(1572) Concurrent Cycle 44.519ms
[2020-08-01T12:05:28.992+0300][70.638s][info ][gc] GC(1573) Pause Young (Normal) (G1 Evacuation Pause) 169M->156M(512M) 32.180ms
[2020-08-01T12:05:29.036+0300][70.682s][info ][gc] GC(1574) Pause Young (Concurrent Start) (G1 Humongous Allocation) 187M->188M(512M) 18.329ms
[2020-08-01T12:05:29.036+0300][70.683s][info ][gc] GC(1575) Concurrent Cycle
[2020-08-01T12:05:29.056+0300][70.703s][debug][gc] GC(1575) Reclaimed 123 empty regions
[2020-08-01T12:05:29.056+0300][70.703s][info ][gc] GC(1575) Pause Remark 238M->115M(512M) 0.873ms
[2020-08-01T12:05:29.083+0300][70.729s][info ][gc] GC(1575) Pause Cleanup 163M->163M(512M) 0.096ms
[2020-08-01T12:05:29.084+0300][70.730s][info ][gc] GC(1575) Concurrent Cycle 47.737ms
[2020-08-01T12:05:29.118+0300][70.765s][info ][gc] GC(1576) Pause Young (Normal) (G1 Evacuation Pause) 169M->156M(512M) 32.212ms
[2020-08-01T12:05:29.175+0300][70.821s][info ][gc] GC(1577) Pause Young (Concurrent Start) (G1 Humongous Allocation) 187M->189M(512M) 18.022ms
[2020-08-01T12:05:29.175+0300][70.821s][info ][gc] GC(1578) Concurrent Cycle
[2020-08-01T12:05:29.192+0300][70.839s][debug][gc] GC(1578) Reclaimed 124 empty regions
[2020-08-01T12:05:29.193+0300][70.839s][info ][gc] GC(1578) Pause Remark 240M->116M(512M) 0.717ms
[2020-08-01T12:05:29.249+0300][70.896s][info ][gc] GC(1579) Pause Young (Normal) (G1 Evacuation Pause) 169M->156M(512M) 34.455ms
[2020-08-01T12:05:29.251+0300][70.897s][info ][gc] GC(1578) Pause Cleanup 158M->158M(512M) 0.106ms
[2020-08-01T12:05:29.252+0300][70.898s][info ][gc] GC(1578) Concurrent Cycle 76.784ms
[2020-08-01T12:05:29.308+0300][70.955s][info ][gc] GC(1580) Pause Young (Concurrent Start) (G1 Humongous Allocation) 187M->188M(512M) 26.686ms
[2020-08-01T12:05:29.308+0300][70.955s][info ][gc] GC(1581) Concurrent Cycle
[2020-08-01T12:05:29.326+0300][70.973s][debug][gc] GC(1581) Reclaimed 123 empty regions
[2020-08-01T12:05:29.327+0300][70.973s][info ][gc] GC(1581) Pause Remark 239M->116M(512M) 0.756ms
[2020-08-01T12:05:29.383+0300][71.030s][info ][gc] GC(1582) Pause Young (Normal) (G1 Evacuation Pause) 169M->157M(512M) 32.484ms
[2020-08-01T12:05:29.384+0300][71.031s][info ][gc] GC(1581) Pause Cleanup 158M->158M(512M) 0.113ms
[2020-08-01T12:05:29.385+0300][71.032s][info ][gc] GC(1581) Concurrent Cycle 76.922ms
[2020-08-01T12:05:29.453+0300][71.100s][info ][gc] GC(1583) Pause Young (Concurrent Start) (G1 Humongous Allocation) 188M->188M(512M) 31.673ms
[2020-08-01T12:05:29.453+0300][71.100s][info ][gc] GC(1584) Concurrent Cycle
[2020-08-01T12:05:29.471+0300][71.118s][debug][gc] GC(1584) Reclaimed 124 empty regions
[2020-08-01T12:05:29.471+0300][71.118s][info ][gc] GC(1584) Pause Remark 242M->118M(512M) 0.810ms
[2020-08-01T12:05:29.529+0300][71.175s][info ][gc] GC(1585) Pause Young (Normal) (G1 Evacuation Pause) 168M->155M(512M) 33.568ms
[2020-08-01T12:05:29.529+0300][71.176s][info ][gc] GC(1584) Pause Cleanup 156M->156M(512M) 0.113ms
[2020-08-01T12:05:29.530+0300][71.177s][info ][gc] GC(1584) Concurrent Cycle 76.769ms
[2020-08-01T12:05:29.587+0300][71.233s][info ][gc] GC(1586) Pause Young (Concurrent Start) (G1 Humongous Allocation) 186M->187M(512M) 26.857ms
[2020-08-01T12:05:29.587+0300][71.233s][info ][gc] GC(1587) Concurrent Cycle
[2020-08-01T12:05:29.604+0300][71.251s][debug][gc] GC(1587) Reclaimed 123 empty regions
[2020-08-01T12:05:29.604+0300][71.251s][info ][gc] GC(1587) Pause Remark 236M->113M(512M) 0.913ms
[2020-08-01T12:05:29.629+0300][71.275s][info ][gc] GC(1587) Pause Cleanup 161M->161M(512M) 0.090ms
[2020-08-01T12:05:29.629+0300][71.276s][info ][gc] GC(1587) Concurrent Cycle 42.831ms
[2020-08-01T12:05:29.669+0300][71.316s][info ][gc] GC(1588) Pause Young (Normal) (G1 Evacuation Pause) 168M->156M(512M) 37.313ms
[2020-08-01T12:05:29.720+0300][71.366s][info ][gc] GC(1589) Pause Young (Concurrent Start) (G1 Humongous Allocation) 187M->189M(512M) 20.301ms
[2020-08-01T12:05:29.720+0300][71.366s][info ][gc] GC(1590) Concurrent Cycle
[2020-08-01T12:05:29.739+0300][71.385s][debug][gc] GC(1590) Reclaimed 124 empty regions
[2020-08-01T12:05:29.739+0300][71.385s][info ][gc] GC(1590) Pause Remark 233M->109M(512M) 1.010ms
[2020-08-01T12:05:29.763+0300][71.409s][info ][gc] GC(1590) Pause Cleanup 155M->155M(512M) 0.130ms
[2020-08-01T12:05:29.763+0300][71.410s][info ][gc] GC(1590) Concurrent Cycle 43.294ms
[2020-08-01T12:05:29.808+0300][71.455s][info ][gc] GC(1591) Pause Young (Normal) (G1 Evacuation Pause) 169M->156M(512M) 38.448ms
[2020-08-01T12:05:29.858+0300][71.505s][info ][gc] GC(1592) Pause Young (Concurrent Start) (G1 Humongous Allocation) 187M->188M(512M) 20.791ms
[2020-08-01T12:05:29.859+0300][71.505s][info ][gc] GC(1593) Concurrent Cycle
[2020-08-01T12:05:29.877+0300][71.523s][debug][gc] GC(1593) Reclaimed 123 empty regions
[2020-08-01T12:05:29.877+0300][71.523s][info ][gc] GC(1593) Pause Remark 239M->116M(512M) 0.831ms
[2020-08-01T12:05:29.902+0300][71.548s][info ][gc] GC(1593) Pause Cleanup 169M->169M(512M) 0.141ms
[2020-08-01T12:05:29.939+0300][71.586s][info ][gc] GC(1594) Pause Young (Normal) (G1 Evacuation Pause) 169M->156M(512M) 36.714ms
[2020-08-01T12:05:29.940+0300][71.586s][info ][gc] GC(1593) Concurrent Cycle 81.243ms
[2020-08-01T12:05:29.998+0300][71.644s][info ][gc] GC(1595) Pause Young (Concurrent Start) (G1 Humongous Allocation) 187M->188M(512M) 21.252ms
[2020-08-01T12:05:29.998+0300][71.644s][info ][gc] GC(1596) Concurrent Cycle
[2020-08-01T12:05:30.016+0300][71.663s][debug][gc] GC(1596) Reclaimed 123 empty regions
[2020-08-01T12:05:30.017+0300][71.663s][info ][gc] GC(1596) Pause Remark 240M->117M(512M) 0.714ms
[2020-08-01T12:05:30.040+0300][71.686s][info ][gc] GC(1596) Pause Cleanup 150M->150M(512M) 0.124ms
[2020-08-01T12:05:30.041+0300][71.687s][info ][gc] GC(1596) Concurrent Cycle 42.828ms
[2020-08-01T12:05:30.092+0300][71.738s][info ][gc] GC(1597) Pause Young (Normal) (G1 Evacuation Pause) 169M->156M(512M) 42.674ms
[2020-08-01T12:05:30.140+0300][71.787s][info ][gc] GC(1598) Pause Young (Concurrent Start) (G1 Humongous Allocation) 188M->188M(512M) 22.720ms
[2020-08-01T12:05:30.140+0300][71.787s][info ][gc] GC(1599) Concurrent Cycle
[2020-08-01T12:05:30.158+0300][71.804s][debug][gc] GC(1599) Reclaimed 124 empty regions
[2020-08-01T12:05:30.158+0300][71.805s][info ][gc] GC(1599) Pause Remark 228M->104M(512M) 0.703ms
[2020-08-01T12:05:30.182+0300][71.829s][info ][gc] GC(1599) Pause Cleanup 150M->150M(512M) 0.087ms
[2020-08-01T12:05:30.183+0300][71.830s][info ][gc] GC(1599) Concurrent Cycle 42.672ms
[2020-08-01T12:05:30.232+0300][71.878s][info ][gc] GC(1600) Pause Young (Normal) (G1 Evacuation Pause) 168M->156M(512M) 39.148ms
[2020-08-01T12:05:30.277+0300][71.923s][info ][gc] GC(1601) Pause Young (Concurrent Start) (G1 Humongous Allocation) 187M->189M(512M) 18.948ms
[2020-08-01T12:05:30.277+0300][71.923s][info ][gc] GC(1602) Concurrent Cycle
[2020-08-01T12:05:30.294+0300][71.940s][debug][gc] GC(1602) Reclaimed 124 empty regions
[2020-08-01T12:05:30.294+0300][71.940s][info ][gc] GC(1602) Pause Remark 227M->103M(512M) 0.628ms
[2020-08-01T12:05:30.317+0300][71.963s][info ][gc] GC(1602) Pause Cleanup 141M->141M(512M) 0.115ms
[2020-08-01T12:05:30.317+0300][71.964s][info ][gc] GC(1602) Concurrent Cycle 40.750ms
[2020-08-01T12:05:30.370+0300][72.017s][info ][gc] GC(1603) Pause Young (Normal) (G1 Evacuation Pause) 169M->157M(512M) 40.491ms
[2020-08-01T12:05:30.417+0300][72.063s][info ][gc] GC(1604) Pause Young (Concurrent Start) (G1 Humongous Allocation) 188M->189M(512M) 21.384ms
[2020-08-01T12:05:30.417+0300][72.064s][info ][gc] GC(1605) Concurrent Cycle
[2020-08-01T12:05:30.434+0300][72.081s][debug][gc] GC(1605) Reclaimed 124 empty regions
[2020-08-01T12:05:30.435+0300][72.081s][info ][gc] GC(1605) Pause Remark 238M->114M(512M) 0.752ms
[2020-08-01T12:05:30.459+0300][72.105s][info ][gc] GC(1605) Pause Cleanup 165M->165M(512M) 0.111ms
[2020-08-01T12:05:30.459+0300][72.106s][info ][gc] GC(1605) Concurrent Cycle 42.095ms
[2020-08-01T12:05:30.499+0300][72.146s][info ][gc] GC(1606) Pause Young (Normal) (G1 Evacuation Pause) 169M->156M(512M) 38.781ms
[2020-08-01T12:05:30.553+0300][72.200s][info ][gc] GC(1607) Pause Young (Concurrent Start) (G1 Humongous Allocation) 187M->188M(512M) 19.369ms
[2020-08-01T12:05:30.553+0300][72.200s][info ][gc] GC(1608) Concurrent Cycle
[2020-08-01T12:05:30.572+0300][72.219s][debug][gc] GC(1608) Reclaimed 124 empty regions
[2020-08-01T12:05:30.572+0300][72.219s][info ][gc] GC(1608) Pause Remark 237M->113M(512M) 0.733ms
[2020-08-01T12:05:30.596+0300][72.243s][info ][gc] GC(1608) Pause Cleanup 164M->164M(512M) 0.107ms
[2020-08-01T12:05:30.597+0300][72.244s][info ][gc] GC(1608) Concurrent Cycle 44.001ms
[2020-08-01T12:05:30.640+0300][72.287s][info ][gc] GC(1609) Pause Young (Normal) (G1 Evacuation Pause) 168M->155M(512M) 41.419ms
[2020-08-01T12:05:30.694+0300][72.340s][info ][gc] GC(1610) Pause Young (Concurrent Start) (G1 Humongous Allocation) 186M->187M(512M) 21.156ms
[2020-08-01T12:05:30.694+0300][72.340s][info ][gc] GC(1611) Concurrent Cycle
[2020-08-01T12:05:30.712+0300][72.358s][debug][gc] GC(1611) Reclaimed 123 empty regions
[2020-08-01T12:05:30.712+0300][72.358s][info ][gc] GC(1611) Pause Remark 238M->115M(512M) 1.109ms
[2020-08-01T12:05:30.739+0300][72.385s][info ][gc] GC(1611) Pause Cleanup 160M->160M(512M) 0.149ms
[2020-08-01T12:05:30.740+0300][72.386s][info ][gc] GC(1611) Concurrent Cycle 45.983ms
[2020-08-01T12:05:30.784+0300][72.430s][info ][gc] GC(1612) Pause Young (Normal) (G1 Evacuation Pause) 168M->155M(512M) 39.473ms
[2020-08-01T12:05:30.834+0300][72.480s][info ][gc] GC(1613) Pause Young (Concurrent Start) (G1 Humongous Allocation) 186M->187M(512M) 25.146ms
[2020-08-01T12:05:30.834+0300][72.480s][info ][gc] GC(1614) Concurrent Cycle
[2020-08-01T12:05:30.852+0300][72.498s][debug][gc] GC(1614) Reclaimed 123 empty regions
[2020-08-01T12:05:30.852+0300][72.498s][info ][gc] GC(1614) Pause Remark 242M->119M(512M) 0.657ms
[2020-08-01T12:05:30.914+0300][72.560s][info ][gc] GC(1615) Pause Young (Normal) (G1 Evacuation Pause) 168M->156M(512M) 40.992ms
[2020-08-01T12:05:30.917+0300][72.564s][info ][gc] GC(1614) Pause Cleanup 158M->158M(512M) 0.123ms
[2020-08-01T12:05:30.918+0300][72.565s][info ][gc] GC(1614) Concurrent Cycle 84.178ms
[2020-08-01T12:05:30.977+0300][72.624s][info ][gc] GC(1616) Pause Young (Concurrent Start) (G1 Humongous Allocation) 187M->188M(512M) 27.671ms
[2020-08-01T12:05:30.977+0300][72.624s][info ][gc] GC(1617) Concurrent Cycle
[2020-08-01T12:05:30.997+0300][72.644s][debug][gc] GC(1617) Reclaimed 123 empty regions
[2020-08-01T12:05:30.997+0300][72.644s][info ][gc] GC(1617) Pause Remark 241M->118M(512M) 0.836ms
[2020-08-01T12:05:31.023+0300][72.669s][info ][gc] GC(1617) Pause Cleanup 163M->163M(512M) 0.117ms
[2020-08-01T12:05:31.024+0300][72.670s][info ][gc] GC(1617) Concurrent Cycle 46.212ms
[2020-08-01T12:05:31.065+0300][72.712s][info ][gc] GC(1618) Pause Young (Normal) (G1 Evacuation Pause) 169M->156M(512M) 39.134ms
[2020-08-01T12:05:31.110+0300][72.756s][info ][gc] GC(1619) Pause Young (Concurrent Start) (G1 Humongous Allocation) 188M->188M(512M) 20.791ms
[2020-08-01T12:05:31.110+0300][72.756s][info ][gc] GC(1620) Concurrent Cycle
[2020-08-01T12:05:31.129+0300][72.775s][debug][gc] GC(1620) Reclaimed 124 empty regions
[2020-08-01T12:05:31.129+0300][72.775s][info ][gc] GC(1620) Pause Remark 243M->119M(512M) 0.756ms
[2020-08-01T12:05:31.185+0300][72.831s][info ][gc] GC(1621) Pause Young (Normal) (G1 Evacuation Pause) 168M->155M(512M) 34.173ms
[2020-08-01T12:05:31.187+0300][72.834s][info ][gc] GC(1620) Pause Cleanup 160M->160M(512M) 0.098ms
[2020-08-01T12:05:31.188+0300][72.835s][info ][gc] GC(1620) Concurrent Cycle 78.573ms
[2020-08-01T12:05:31.238+0300][72.885s][info ][gc] GC(1622) Pause Young (Concurrent Start) (G1 Humongous Allocation) 186M->187M(512M) 26.755ms
[2020-08-01T12:05:31.238+0300][72.885s][info ][gc] GC(1623) Concurrent Cycle
[2020-08-01T12:05:31.257+0300][72.904s][debug][gc] GC(1623) Reclaimed 122 empty regions
[2020-08-01T12:05:31.257+0300][72.904s][info ][gc] GC(1623) Pause Remark 242M->120M(512M) 0.888ms
[2020-08-01T12:05:31.314+0300][72.961s][info ][gc] GC(1624) Pause Young (Normal) (G1 Evacuation Pause) 169M->156M(512M) 33.656ms
[2020-08-01T12:05:31.316+0300][72.963s][info ][gc] GC(1623) Pause Cleanup 159M->159M(512M) 0.104ms
[2020-08-01T12:05:31.317+0300][72.963s][info ][gc] GC(1623) Concurrent Cycle 78.516ms
[2020-08-01T12:05:31.376+0300][73.023s][info ][gc] GC(1625) Pause Young (Concurrent Start) (G1 Humongous Allocation) 187M->188M(512M) 25.602ms
[2020-08-01T12:05:31.376+0300][73.023s][info ][gc] GC(1626) Concurrent Cycle
[2020-08-01T12:05:31.394+0300][73.040s][debug][gc] GC(1626) Reclaimed 123 empty regions
[2020-08-01T12:05:31.394+0300][73.040s][info ][gc] GC(1626) Pause Remark 240M->117M(512M) 0.644ms
[2020-08-01T12:05:31.417+0300][73.064s][info ][gc] GC(1626) Pause Cleanup 169M->169M(512M) 0.070ms
[2020-08-01T12:05:31.453+0300][73.100s][info ][gc] GC(1627) Pause Young (Normal) (G1 Evacuation Pause) 169M->157M(512M) 36.032ms
[2020-08-01T12:05:31.454+0300][73.101s][info ][gc] GC(1626) Concurrent Cycle 77.758ms
[2020-08-01T12:05:31.509+0300][73.155s][info ][gc] GC(1628) Pause Young (Concurrent Start) (G1 Humongous Allocation) 188M->188M(512M) 18.303ms
[2020-08-01T12:05:31.509+0300][73.155s][info ][gc] GC(1629) Concurrent Cycle
[2020-08-01T12:05:31.530+0300][73.176s][debug][gc] GC(1629) Reclaimed 123 empty regions
[2020-08-01T12:05:31.530+0300][73.176s][info ][gc] GC(1629) Pause Remark 243M->120M(512M) 0.692ms
[2020-08-01T12:05:31.553+0300][73.199s][info ][gc] GC(1629) Pause Cleanup 168M->168M(512M) 0.180ms
[2020-08-01T12:05:31.554+0300][73.200s][info ][gc] GC(1629) Concurrent Cycle 44.751ms
[2020-08-01T12:05:31.588+0300][73.235s][info ][gc] GC(1630) Pause Young (Normal) (G1 Evacuation Pause) 169M->157M(512M) 34.002ms
[2020-08-01T12:05:31.632+0300][73.278s][info ][gc] GC(1631) Pause Young (Concurrent Start) (G1 Humongous Allocation) 188M->189M(512M) 17.374ms
[2020-08-01T12:05:31.632+0300][73.279s][info ][gc] GC(1632) Concurrent Cycle
[2020-08-01T12:05:31.652+0300][73.298s][debug][gc] GC(1632) Reclaimed 123 empty regions
[2020-08-01T12:05:31.652+0300][73.298s][info ][gc] GC(1632) Pause Remark 244M->121M(512M) 0.805ms
[2020-08-01T12:05:31.675+0300][73.322s][info ][gc] GC(1632) Pause Cleanup 168M->168M(512M) 0.081ms
[2020-08-01T12:05:31.676+0300][73.322s][info ][gc] GC(1632) Concurrent Cycle 43.747ms
[2020-08-01T12:05:31.711+0300][73.357s][info ][gc] GC(1633) Pause Young (Normal) (G1 Evacuation Pause) 170M->157M(512M) 33.844ms
[2020-08-01T12:05:31.757+0300][73.404s][info ][gc] GC(1634) Pause Young (Concurrent Start) (G1 Humongous Allocation) 188M->189M(512M) 18.546ms
[2020-08-01T12:05:31.757+0300][73.404s][info ][gc] GC(1635) Concurrent Cycle
[2020-08-01T12:05:31.774+0300][73.421s][debug][gc] GC(1635) Reclaimed 124 empty regions
[2020-08-01T12:05:31.774+0300][73.421s][info ][gc] GC(1635) Pause Remark 241M->117M(512M) 0.724ms
[2020-08-01T12:05:31.830+0300][73.476s][info ][gc] GC(1636) Pause Young (Normal) (G1 Evacuation Pause) 169M->157M(512M) 33.361ms
[2020-08-01T12:05:31.832+0300][73.478s][info ][gc] GC(1635) Pause Cleanup 159M->159M(512M) 0.100ms
[2020-08-01T12:05:31.832+0300][73.479s][info ][gc] GC(1635) Concurrent Cycle 75.166ms
[2020-08-01T12:05:31.889+0300][73.535s][info ][gc] GC(1637) Pause Young (Concurrent Start) (G1 Humongous Allocation) 188M->189M(512M) 26.269ms
[2020-08-01T12:05:31.889+0300][73.535s][info ][gc] GC(1638) Concurrent Cycle
[2020-08-01T12:05:31.906+0300][73.552s][debug][gc] GC(1638) Reclaimed 123 empty regions
[2020-08-01T12:05:31.906+0300][73.552s][info ][gc] GC(1638) Pause Remark 241M->118M(512M) 0.640ms
[2020-08-01T12:05:31.961+0300][73.608s][info ][gc] GC(1639) Pause Young (Normal) (G1 Evacuation Pause) 170M->157M(512M) 33.877ms
[2020-08-01T12:05:31.963+0300][73.610s][info ][gc] GC(1638) Pause Cleanup 158M->158M(512M) 0.129ms
[2020-08-01T12:05:31.964+0300][73.611s][info ][gc] GC(1638) Concurrent Cycle 75.391ms
[2020-08-01T12:05:32.029+0300][73.676s][info ][gc] GC(1640) Pause Young (Concurrent Start) (G1 Humongous Allocation) 188M->189M(512M) 41.364ms
[2020-08-01T12:05:32.029+0300][73.676s][info ][gc] GC(1641) Concurrent Cycle
[2020-08-01T12:05:32.048+0300][73.694s][debug][gc] GC(1641) Reclaimed 124 empty regions
[2020-08-01T12:05:32.048+0300][73.694s][info ][gc] GC(1641) Pause Remark 242M->118M(512M) 0.580ms
[2020-08-01T12:05:32.102+0300][73.748s][info ][gc] GC(1642) Pause Young (Normal) (G1 Evacuation Pause) 169M->157M(512M) 33.029ms
[2020-08-01T12:05:32.105+0300][73.752s][info ][gc] GC(1641) Pause Cleanup 162M->162M(512M) 0.110ms
[2020-08-01T12:05:32.106+0300][73.752s][info ][gc] GC(1641) Concurrent Cycle 76.672ms
[2020-08-01T12:05:32.153+0300][73.799s][info ][gc] GC(1643) Pause Young (Concurrent Start) (G1 Humongous Allocation) 188M->189M(512M) 25.150ms
[2020-08-01T12:05:32.153+0300][73.799s][info ][gc] GC(1644) Concurrent Cycle
[2020-08-01T12:05:32.172+0300][73.818s][debug][gc] GC(1644) Reclaimed 124 empty regions
[2020-08-01T12:05:32.172+0300][73.818s][info ][gc] GC(1644) Pause Remark 243M->119M(512M) 0.764ms
[2020-08-01T12:05:32.228+0300][73.874s][info ][gc] GC(1645) Pause Young (Normal) (G1 Evacuation Pause) 169M->156M(512M) 33.098ms
[2020-08-01T12:05:32.229+0300][73.875s][info ][gc] GC(1644) Pause Cleanup 157M->157M(512M) 0.112ms
[2020-08-01T12:05:32.230+0300][73.876s][info ][gc] GC(1644) Concurrent Cycle 76.605ms
[2020-08-01T12:05:32.291+0300][73.938s][info ][gc] GC(1646) Pause Young (Concurrent Start) (G1 Humongous Allocation) 187M->189M(512M) 26.564ms
[2020-08-01T12:05:32.291+0300][73.938s][info ][gc] GC(1647) Concurrent Cycle
[2020-08-01T12:05:32.309+0300][73.955s][debug][gc] GC(1647) Reclaimed 123 empty regions
[2020-08-01T12:05:32.309+0300][73.955s][info ][gc] GC(1647) Pause Remark 240M->117M(512M) 0.805ms
[2020-08-01T12:05:32.364+0300][74.010s][info ][gc] GC(1648) Pause Young (Normal) (G1 Evacuation Pause) 170M->157M(512M) 32.399ms
[2020-08-01T12:05:32.366+0300][74.012s][info ][gc] GC(1647) Pause Cleanup 162M->162M(512M) 0.094ms
[2020-08-01T12:05:32.367+0300][74.013s][info ][gc] GC(1647) Concurrent Cycle 75.505ms
[2020-08-01T12:05:32.429+0300][74.076s][info ][gc] GC(1649) Pause Young (Concurrent Start) (G1 Humongous Allocation) 188M->189M(512M) 41.663ms
[2020-08-01T12:05:32.430+0300][74.076s][info ][gc] GC(1650) Concurrent Cycle
[2020-08-01T12:05:32.445+0300][74.092s][debug][gc] GC(1650) Reclaimed 122 empty regions
[2020-08-01T12:05:32.445+0300][74.092s][info ][gc] GC(1650) Pause Remark 242M->120M(512M) 0.602ms
[2020-08-01T12:05:32.501+0300][74.147s][info ][gc] GC(1651) Pause Young (Normal) (G1 Evacuation Pause) 171M->158M(512M) 34.913ms
[2020-08-01T12:05:32.503+0300][74.150s][info ][gc] GC(1650) Pause Cleanup 162M->162M(512M) 0.147ms
[2020-08-01T12:05:32.504+0300][74.150s][info ][gc] GC(1650) Concurrent Cycle 74.348ms
[2020-08-01T12:05:32.572+0300][74.219s][info ][gc] GC(1652) Pause Young (Concurrent Start) (G1 Humongous Allocation) 189M->189M(512M) 43.290ms
[2020-08-01T12:05:32.572+0300][74.219s][info ][gc] GC(1653) Concurrent Cycle
[2020-08-01T12:05:32.591+0300][74.238s][debug][gc] GC(1653) Reclaimed 123 empty regions
[2020-08-01T12:05:32.591+0300][74.238s][info ][gc] GC(1653) Pause Remark 245M->122M(512M) 0.704ms
[2020-08-01T12:05:32.646+0300][74.292s][info ][gc] GC(1654) Pause Young (Normal) (G1 Evacuation Pause) 170M->157M(512M) 33.722ms
[2020-08-01T12:05:32.650+0300][74.296s][info ][gc] GC(1653) Pause Cleanup 165M->165M(512M) 0.112ms
[2020-08-01T12:05:32.650+0300][74.297s][info ][gc] GC(1653) Concurrent Cycle 78.286ms
[2020-08-01T12:05:32.709+0300][74.355s][info ][gc] GC(1655) Pause Young (Concurrent Start) (G1 Humongous Allocation) 188M->189M(512M) 25.329ms
[2020-08-01T12:05:32.709+0300][74.355s][info ][gc] GC(1656) Concurrent Cycle
[2020-08-01T12:05:32.726+0300][74.373s][debug][gc] GC(1656) Reclaimed 123 empty regions
[2020-08-01T12:05:32.726+0300][74.373s][info ][gc] GC(1656) Pause Remark 243M->120M(512M) 0.677ms
[2020-08-01T12:05:32.788+0300][74.434s][info ][gc] GC(1657) Pause Young (Normal) (G1 Evacuation Pause) 170M->158M(512M) 39.785ms
[2020-08-01T12:05:32.790+0300][74.437s][info ][gc] GC(1656) Pause Cleanup 163M->163M(512M) 0.120ms
[2020-08-01T12:05:32.791+0300][74.438s][info ][gc] GC(1656) Concurrent Cycle 82.032ms
[2020-08-01T12:05:32.868+0300][74.514s][info ][gc] GC(1658) Pause Young (Concurrent Start) (G1 Humongous Allocation) 189M->190M(512M) 43.202ms
[2020-08-01T12:05:32.868+0300][74.515s][info ][gc] GC(1659) Concurrent Cycle
[2020-08-01T12:05:32.886+0300][74.533s][debug][gc] GC(1659) Reclaimed 123 empty regions
[2020-08-01T12:05:32.886+0300][74.533s][info ][gc] GC(1659) Pause Remark 245M->122M(512M) 0.686ms
[2020-08-01T12:05:32.938+0300][74.584s][info ][gc] GC(1660) Pause Young (Normal) (G1 Evacuation Pause) 170M->157M(512M) 31.994ms
[2020-08-01T12:05:32.941+0300][74.588s][info ][gc] GC(1659) Pause Cleanup 165M->165M(512M) 0.078ms
[2020-08-01T12:05:32.942+0300][74.588s][info ][gc] GC(1659) Concurrent Cycle 73.768ms
[2020-08-01T12:05:33.019+0300][74.665s][info ][gc] GC(1661) Pause Young (Concurrent Start) (G1 Humongous Allocation) 189M->190M(512M) 54.154ms
[2020-08-01T12:05:33.019+0300][74.666s][info ][gc] GC(1662) Concurrent Cycle
[2020-08-01T12:05:33.037+0300][74.684s][debug][gc] GC(1662) Reclaimed 122 empty regions
[2020-08-01T12:05:33.037+0300][74.684s][info ][gc] GC(1662) Pause Remark 242M->120M(512M) 0.865ms
[2020-08-01T12:05:33.092+0300][74.739s][info ][gc] GC(1663) Pause Young (Normal) (G1 Evacuation Pause) 171M->158M(512M) 33.394ms
[2020-08-01T12:05:33.095+0300][74.741s][info ][gc] GC(1662) Pause Cleanup 164M->164M(512M) 0.135ms
[2020-08-01T12:05:33.096+0300][74.742s][info ][gc] GC(1662) Concurrent Cycle 76.922ms
[2020-08-01T12:05:33.149+0300][74.796s][info ][gc] GC(1664) Pause Young (Concurrent Start) (G1 Humongous Allocation) 190M->191M(512M) 29.562ms
[2020-08-01T12:05:33.149+0300][74.796s][info ][gc] GC(1665) Concurrent Cycle
[2020-08-01T12:05:33.168+0300][74.815s][debug][gc] GC(1665) Reclaimed 124 empty regions
[2020-08-01T12:05:33.168+0300][74.815s][info ][gc] GC(1665) Pause Remark 245M->121M(512M) 0.639ms
[2020-08-01T12:05:33.220+0300][74.867s][info ][gc] GC(1666) Pause Young (Normal) (G1 Evacuation Pause) 170M->157M(512M) 32.009ms
[2020-08-01T12:05:33.224+0300][74.871s][info ][gc] GC(1665) Pause Cleanup 166M->166M(512M) 0.090ms
[2020-08-01T12:05:33.225+0300][74.871s][info ][gc] GC(1665) Concurrent Cycle 75.430ms
[2020-08-01T12:05:33.270+0300][74.916s][info ][gc] GC(1667) Pause Young (Concurrent Start) (G1 Humongous Allocation) 189M->191M(512M) 25.162ms
[2020-08-01T12:05:33.270+0300][74.916s][info ][gc] GC(1668) Concurrent Cycle
[2020-08-01T12:05:33.287+0300][74.933s][debug][gc] GC(1668) Reclaimed 123 empty regions
[2020-08-01T12:05:33.287+0300][74.933s][info ][gc] GC(1668) Pause Remark 245M->122M(512M) 0.898ms
[2020-08-01T12:05:33.339+0300][74.986s][info ][gc] GC(1669) Pause Young (Normal) (G1 Evacuation Pause) 171M->158M(512M) 32.639ms
[2020-08-01T12:05:33.343+0300][74.989s][info ][gc] GC(1668) Pause Cleanup 167M->167M(512M) 0.081ms
[2020-08-01T12:05:33.343+0300][74.990s][info ][gc] GC(1668) Concurrent Cycle 73.502ms
[2020-08-01T12:05:33.393+0300][75.040s][info ][gc] GC(1670) Pause Young (Concurrent Start) (G1 Humongous Allocation) 190M->190M(512M) 25.564ms
[2020-08-01T12:05:33.393+0300][75.040s][info ][gc] GC(1671) Concurrent Cycle
[2020-08-01T12:05:33.409+0300][75.056s][debug][gc] GC(1671) Reclaimed 123 empty regions
[2020-08-01T12:05:33.409+0300][75.056s][info ][gc] GC(1671) Pause Remark 244M->121M(512M) 0.575ms
[2020-08-01T12:05:33.461+0300][75.108s][info ][gc] GC(1672) Pause Young (Normal) (G1 Evacuation Pause) 170M->158M(512M) 32.013ms
[2020-08-01T12:05:33.465+0300][75.111s][info ][gc] GC(1671) Pause Cleanup 167M->167M(512M) 0.109ms
[2020-08-01T12:05:33.466+0300][75.112s][info ][gc] GC(1671) Concurrent Cycle 72.506ms
[2020-08-01T12:05:33.518+0300][75.164s][info ][gc] GC(1673) Pause Young (Concurrent Start) (G1 Humongous Allocation) 190M->191M(512M) 26.058ms
[2020-08-01T12:05:33.518+0300][75.164s][info ][gc] GC(1674) Concurrent Cycle
[2020-08-01T12:05:33.535+0300][75.181s][debug][gc] GC(1674) Reclaimed 123 empty regions
[2020-08-01T12:05:33.535+0300][75.182s][info ][gc] GC(1674) Pause Remark 246M->123M(512M) 0.585ms
[2020-08-01T12:05:33.588+0300][75.234s][info ][gc] GC(1675) Pause Young (Normal) (G1 Evacuation Pause) 171M->158M(512M) 33.766ms
[2020-08-01T12:05:33.592+0300][75.239s][info ][gc] GC(1674) Pause Cleanup 168M->168M(512M) 0.101ms
[2020-08-01T12:05:33.593+0300][75.239s][info ][gc] GC(1674) Concurrent Cycle 74.982ms
[2020-08-01T12:05:33.641+0300][75.288s][info ][gc] GC(1676) Pause Young (Concurrent Start) (G1 Humongous Allocation) 190M->191M(512M) 25.558ms
[2020-08-01T12:05:33.641+0300][75.288s][info ][gc] GC(1677) Concurrent Cycle
[2020-08-01T12:05:33.662+0300][75.308s][debug][gc] GC(1677) Reclaimed 123 empty regions
[2020-08-01T12:05:33.662+0300][75.308s][info ][gc] GC(1677) Pause Remark 250M->127M(512M) 0.941ms
[2020-08-01T12:05:33.714+0300][75.361s][info ][gc] GC(1678) Pause Young (Normal) (G1 Evacuation Pause) 171M->158M(512M) 33.303ms
[2020-08-01T12:05:33.719+0300][75.366s][info ][gc] GC(1677) Pause Cleanup 169M->169M(512M) 0.110ms
[2020-08-01T12:05:33.720+0300][75.367s][info ][gc] GC(1677) Concurrent Cycle 78.941ms
[2020-08-01T12:05:33.774+0300][75.420s][info ][gc] GC(1679) Pause Young (Concurrent Start) (G1 Humongous Allocation) 190M->190M(512M) 32.849ms
[2020-08-01T12:05:33.774+0300][75.420s][info ][gc] GC(1680) Concurrent Cycle
[2020-08-01T12:05:33.792+0300][75.438s][debug][gc] GC(1680) Reclaimed 123 empty regions
[2020-08-01T12:05:33.792+0300][75.438s][info ][gc] GC(1680) Pause Remark 238M->115M(512M) 0.664ms
[2020-08-01T12:05:33.816+0300][75.462s][info ][gc] GC(1680) Pause Cleanup 166M->166M(512M) 0.077ms
[2020-08-01T12:05:33.816+0300][75.463s][info ][gc] GC(1680) Concurrent Cycle 42.767ms
[2020-08-01T12:05:33.850+0300][75.497s][info ][gc] GC(1681) Pause Young (Normal) (G1 Evacuation Pause) 170M->157M(512M) 32.330ms
[2020-08-01T12:05:33.899+0300][75.546s][info ][gc] GC(1682) Pause Young (Concurrent Start) (G1 Humongous Allocation) 189M->190M(512M) 18.717ms
[2020-08-01T12:05:33.899+0300][75.546s][info ][gc] GC(1683) Concurrent Cycle
[2020-08-01T12:05:33.916+0300][75.563s][debug][gc] GC(1683) Reclaimed 122 empty regions
[2020-08-01T12:05:33.916+0300][75.563s][info ][gc] GC(1683) Pause Remark 242M->120M(512M) 0.727ms
[2020-08-01T12:05:33.976+0300][75.622s][info ][gc] GC(1684) Pause Young (Normal) (G1 Evacuation Pause) 171M->158M(512M) 37.184ms
[2020-08-01T12:05:33.978+0300][75.624s][info ][gc] GC(1683) Pause Cleanup 162M->162M(512M) 0.107ms
[2020-08-01T12:05:33.978+0300][75.625s][info ][gc] GC(1683) Concurrent Cycle 78.654ms
[2020-08-01T12:05:34.031+0300][75.678s][info ][gc] GC(1685) Pause Young (Concurrent Start) (G1 Humongous Allocation) 190M->191M(512M) 27.555ms
[2020-08-01T12:05:34.031+0300][75.678s][info ][gc] GC(1686) Concurrent Cycle
[2020-08-01T12:05:34.049+0300][75.695s][debug][gc] GC(1686) Reclaimed 124 empty regions
[2020-08-01T12:05:34.049+0300][75.695s][info ][gc] GC(1686) Pause Remark 245M->121M(512M) 0.598ms
[2020-08-01T12:05:34.102+0300][75.748s][info ][gc] GC(1687) Pause Young (Normal) (G1 Evacuation Pause) 170M->157M(512M) 33.120ms
[2020-08-01T12:05:34.106+0300][75.753s][info ][gc] GC(1686) Pause Cleanup 167M->167M(512M) 0.126ms
[2020-08-01T12:05:34.107+0300][75.754s][info ][gc] GC(1686) Concurrent Cycle 76.019ms
[2020-08-01T12:05:34.154+0300][75.801s][info ][gc] GC(1688) Pause Young (Concurrent Start) (G1 Humongous Allocation) 189M->190M(512M) 25.504ms
[2020-08-01T12:05:34.154+0300][75.801s][info ][gc] GC(1689) Concurrent Cycle
[2020-08-01T12:05:34.171+0300][75.817s][debug][gc] GC(1689) Reclaimed 122 empty regions
[2020-08-01T12:05:34.171+0300][75.817s][info ][gc] GC(1689) Pause Remark 243M->121M(512M) 0.656ms
[2020-08-01T12:05:34.225+0300][75.872s][info ][gc] GC(1690) Pause Young (Normal) (G1 Evacuation Pause) 171M->158M(512M) 33.930ms
[2020-08-01T12:05:34.228+0300][75.874s][info ][gc] GC(1689) Pause Cleanup 164M->164M(512M) 0.081ms
[2020-08-01T12:05:34.229+0300][75.875s][info ][gc] GC(1689) Concurrent Cycle 74.304ms
[2020-08-01T12:05:34.278+0300][75.924s][info ][gc] GC(1691) Pause Young (Concurrent Start) (G1 Humongous Allocation) 190M->191M(512M) 25.211ms
[2020-08-01T12:05:34.278+0300][75.924s][info ][gc] GC(1692) Concurrent Cycle
[2020-08-01T12:05:34.294+0300][75.940s][debug][gc] GC(1692) Reclaimed 123 empty regions
[2020-08-01T12:05:34.294+0300][75.940s][info ][gc] GC(1692) Pause Remark 244M->121M(512M) 0.583ms
[2020-08-01T12:05:34.346+0300][75.993s][info ][gc] GC(1693) Pause Young (Normal) (G1 Evacuation Pause) 171M->159M(512M) 32.473ms
[2020-08-01T12:05:34.350+0300][75.996s][info ][gc] GC(1692) Pause Cleanup 166M->166M(512M) 0.086ms
[2020-08-01T12:05:34.350+0300][75.997s][info ][gc] GC(1692) Concurrent Cycle 72.287ms
[2020-08-01T12:05:34.433+0300][76.079s][info ][gc] GC(1694) Pause Young (Concurrent Start) (G1 Humongous Allocation) 191M->192M(512M) 55.825ms
[2020-08-01T12:05:34.433+0300][76.079s][info ][gc] GC(1695) Concurrent Cycle
[2020-08-01T12:05:34.450+0300][76.097s][debug][gc] GC(1695) Reclaimed 124 empty regions
[2020-08-01T12:05:34.450+0300][76.097s][info ][gc] GC(1695) Pause Remark 242M->118M(512M) 0.570ms
[2020-08-01T12:05:34.474+0300][76.120s][info ][gc] GC(1695) Pause Cleanup 170M->170M(512M) 0.084ms
[2020-08-01T12:05:34.474+0300][76.121s][info ][gc] GC(1695) Concurrent Cycle 41.491ms
[2020-08-01T12:05:34.509+0300][76.155s][info ][gc] GC(1696) Pause Young (Normal) (G1 Evacuation Pause) 171M->158M(512M) 33.854ms
[2020-08-01T12:05:34.568+0300][76.214s][info ][gc] GC(1697) Pause Young (Concurrent Start) (G1 Humongous Allocation) 190M->191M(512M) 21.078ms
[2020-08-01T12:05:34.568+0300][76.214s][info ][gc] GC(1698) Concurrent Cycle
[2020-08-01T12:05:34.586+0300][76.232s][debug][gc] GC(1698) Reclaimed 123 empty regions
[2020-08-01T12:05:34.586+0300][76.232s][info ][gc] GC(1698) Pause Remark 240M->117M(512M) 0.627ms
[2020-08-01T12:05:34.642+0300][76.289s][info ][gc] GC(1699) Pause Young (Normal) (G1 Evacuation Pause) 171M->158M(512M) 33.936ms
[2020-08-01T12:05:34.644+0300][76.290s][info ][gc] GC(1698) Pause Cleanup 162M->162M(512M) 0.100ms
[2020-08-01T12:05:34.645+0300][76.291s][info ][gc] GC(1698) Concurrent Cycle 76.871ms
[2020-08-01T12:05:34.700+0300][76.346s][info ][gc] GC(1700) Pause Young (Concurrent Start) (G1 Humongous Allocation) 190M->191M(512M) 27.058ms
[2020-08-01T12:05:34.700+0300][76.346s][info ][gc] GC(1701) Concurrent Cycle
[2020-08-01T12:05:34.716+0300][76.363s][debug][gc] GC(1701) Reclaimed 123 empty regions
[2020-08-01T12:05:34.716+0300][76.363s][info ][gc] GC(1701) Pause Remark 242M->119M(512M) 0.580ms
[2020-08-01T12:05:34.772+0300][76.418s][info ][gc] GC(1702) Pause Young (Normal) (G1 Evacuation Pause) 171M->158M(512M) 32.646ms
[2020-08-01T12:05:34.773+0300][76.419s][info ][gc] GC(1701) Pause Cleanup 160M->160M(512M) 0.101ms
[2020-08-01T12:05:34.773+0300][76.420s][info ][gc] GC(1701) Concurrent Cycle 73.310ms
[2020-08-01T12:05:34.822+0300][76.469s][info ][gc] GC(1703) Pause Young (Concurrent Start) (G1 Humongous Allocation) 190M->191M(512M) 26.419ms
[2020-08-01T12:05:34.822+0300][76.469s][info ][gc] GC(1704) Concurrent Cycle
[2020-08-01T12:05:34.841+0300][76.488s][debug][gc] GC(1704) Reclaimed 124 empty regions
[2020-08-01T12:05:34.841+0300][76.488s][info ][gc] GC(1704) Pause Remark 246M->122M(512M) 0.845ms
[2020-08-01T12:05:34.898+0300][76.544s][info ][gc] GC(1705) Pause Young (Normal) (G1 Evacuation Pause) 170M->158M(512M) 33.863ms
[2020-08-01T12:05:34.900+0300][76.546s][info ][gc] GC(1704) Pause Cleanup 161M->161M(512M) 0.111ms
[2020-08-01T12:05:34.900+0300][76.547s][info ][gc] GC(1704) Concurrent Cycle 78.181ms
[2020-08-01T12:05:34.961+0300][76.607s][info ][gc] GC(1706) Pause Young (Concurrent Start) (G1 Humongous Allocation) 190M->191M(512M) 26.212ms
[2020-08-01T12:05:34.961+0300][76.607s][info ][gc] GC(1707) Concurrent Cycle
[2020-08-01T12:05:34.978+0300][76.624s][debug][gc] GC(1707) Reclaimed 123 empty regions
[2020-08-01T12:05:34.978+0300][76.624s][info ][gc] GC(1707) Pause Remark 244M->121M(512M) 0.596ms
[2020-08-01T12:05:35.032+0300][76.678s][info ][gc] GC(1708) Pause Young (Normal) (G1 Evacuation Pause) 171M->158M(512M) 31.832ms
[2020-08-01T12:05:35.035+0300][76.681s][info ][gc] GC(1707) Pause Cleanup 164M->164M(512M) 0.118ms
[2020-08-01T12:05:35.035+0300][76.682s][info ][gc] GC(1707) Concurrent Cycle 74.486ms
[2020-08-01T12:05:35.083+0300][76.730s][info ][gc] GC(1709) Pause Young (Concurrent Start) (G1 Humongous Allocation) 190M->191M(512M) 26.740ms
[2020-08-01T12:05:35.083+0300][76.730s][info ][gc] GC(1710) Concurrent Cycle
[2020-08-01T12:05:35.101+0300][76.748s][debug][gc] GC(1710) Reclaimed 124 empty regions
[2020-08-01T12:05:35.101+0300][76.748s][info ][gc] GC(1710) Pause Remark 242M->118M(512M) 0.585ms
[2020-08-01T12:05:35.159+0300][76.805s][info ][gc] GC(1711) Pause Young (Normal) (G1 Evacuation Pause) 170M->157M(512M) 35.073ms
[2020-08-01T12:05:35.161+0300][76.808s][info ][gc] GC(1710) Pause Cleanup 162M->162M(512M) 0.099ms
[2020-08-01T12:05:35.162+0300][76.809s][info ][gc] GC(1710) Concurrent Cycle 78.678ms
[2020-08-01T12:05:35.223+0300][76.869s][info ][gc] GC(1712) Pause Young (Concurrent Start) (G1 Humongous Allocation) 189M->191M(512M) 26.218ms
[2020-08-01T12:05:35.223+0300][76.869s][info ][gc] GC(1713) Concurrent Cycle
[2020-08-01T12:05:35.240+0300][76.886s][debug][gc] GC(1713) Reclaimed 123 empty regions
[2020-08-01T12:05:35.240+0300][76.886s][info ][gc] GC(1713) Pause Remark 244M->121M(512M) 0.561ms
[2020-08-01T12:05:35.296+0300][76.943s][info ][gc] GC(1714) Pause Young (Normal) (G1 Evacuation Pause) 171M->158M(512M) 35.632ms
[2020-08-01T12:05:35.299+0300][76.946s][info ][gc] GC(1713) Pause Cleanup 164M->164M(512M) 0.107ms
[2020-08-01T12:05:35.300+0300][76.946s][info ][gc] GC(1713) Concurrent Cycle 76.976ms
[2020-08-01T12:05:35.364+0300][77.011s][info ][gc] GC(1715) Pause Young (Concurrent Start) (G1 Humongous Allocation) 190M->191M(512M) 28.687ms
[2020-08-01T12:05:35.364+0300][77.011s][info ][gc] GC(1716) Concurrent Cycle
[2020-08-01T12:05:35.382+0300][77.029s][debug][gc] GC(1716) Reclaimed 124 empty regions
[2020-08-01T12:05:35.382+0300][77.029s][info ][gc] GC(1716) Pause Remark 240M->116M(512M) 0.568ms
[2020-08-01T12:05:35.437+0300][77.084s][info ][gc] GC(1717) Pause Young (Normal) (G1 Evacuation Pause) 170M->157M(512M) 33.180ms
[2020-08-01T12:05:35.439+0300][77.086s][info ][gc] GC(1716) Pause Cleanup 161M->161M(512M) 0.083ms
[2020-08-01T12:05:35.440+0300][77.086s][info ][gc] GC(1716) Concurrent Cycle 75.340ms
[2020-08-01T12:05:35.511+0300][77.157s][info ][gc] GC(1718) Pause Young (Concurrent Start) (G1 Humongous Allocation) 189M->191M(512M) 50.122ms
[2020-08-01T12:05:35.511+0300][77.157s][info ][gc] GC(1719) Concurrent Cycle
[2020-08-01T12:05:35.530+0300][77.176s][debug][gc] GC(1719) Reclaimed 123 empty regions
[2020-08-01T12:05:35.530+0300][77.176s][info ][gc] GC(1719) Pause Remark 244M->121M(512M) 0.821ms
[2020-08-01T12:05:35.588+0300][77.235s][info ][gc] GC(1720) Pause Young (Normal) (G1 Evacuation Pause) 171M->158M(512M) 35.003ms
[2020-08-01T12:05:35.589+0300][77.235s][info ][gc] GC(1719) Pause Cleanup 159M->159M(512M) 0.096ms
[2020-08-01T12:05:35.590+0300][77.236s][info ][gc] GC(1719) Concurrent Cycle 78.738ms
[2020-08-01T12:05:35.643+0300][77.290s][info ][gc] GC(1721) Pause Young (Concurrent Start) (G1 Humongous Allocation) 190M->191M(512M) 26.486ms
[2020-08-01T12:05:35.643+0300][77.290s][info ][gc] GC(1722) Concurrent Cycle
[2020-08-01T12:05:35.664+0300][77.311s][debug][gc] GC(1722) Reclaimed 123 empty regions
[2020-08-01T12:05:35.664+0300][77.311s][info ][gc] GC(1722) Pause Remark 244M->121M(512M) 1.087ms
[2020-08-01T12:05:35.688+0300][77.335s][info ][gc] GC(1722) Pause Cleanup 169M->169M(512M) 0.091ms
[2020-08-01T12:05:35.689+0300][77.335s][info ][gc] GC(1722) Concurrent Cycle 45.671ms
[2020-08-01T12:05:35.722+0300][77.369s][info ][gc] GC(1723) Pause Young (Normal) (G1 Evacuation Pause) 171M->159M(512M) 32.543ms
[2020-08-01T12:05:35.790+0300][77.437s][info ][gc] GC(1724) Pause Young (Concurrent Start) (G1 Humongous Allocation) 191M->192M(512M) 34.385ms
[2020-08-01T12:05:35.790+0300][77.437s][info ][gc] GC(1725) Concurrent Cycle
[2020-08-01T12:05:35.808+0300][77.455s][debug][gc] GC(1725) Reclaimed 124 empty regions
[2020-08-01T12:05:35.808+0300][77.455s][info ][gc] GC(1725) Pause Remark 244M->120M(512M) 0.633ms
[2020-08-01T12:05:35.862+0300][77.508s][info ][gc] GC(1726) Pause Young (Normal) (G1 Evacuation Pause) 171M->159M(512M) 32.215ms
[2020-08-01T12:05:35.865+0300][77.511s][info ][gc] GC(1725) Pause Cleanup 166M->166M(512M) 0.150ms
[2020-08-01T12:05:35.866+0300][77.512s][info ][gc] GC(1725) Concurrent Cycle 75.387ms
[2020-08-01T12:05:35.944+0300][77.591s][info ][gc] GC(1727) Pause Young (Concurrent Start) (G1 Humongous Allocation) 191M->192M(512M) 48.458ms
[2020-08-01T12:05:35.944+0300][77.591s][info ][gc] GC(1728) Concurrent Cycle
[2020-08-01T12:05:35.961+0300][77.607s][debug][gc] GC(1728) Reclaimed 124 empty regions
[2020-08-01T12:05:35.961+0300][77.607s][info ][gc] GC(1728) Pause Remark 244M->120M(512M) 0.654ms
[2020-08-01T12:05:36.015+0300][77.662s][info ][gc] GC(1729) Pause Young (Normal) (G1 Evacuation Pause) 171M->158M(512M) 33.594ms
[2020-08-01T12:05:36.018+0300][77.665s][info ][gc] GC(1728) Pause Cleanup 164M->164M(512M) 0.094ms
[2020-08-01T12:05:36.019+0300][77.665s][info ][gc] GC(1728) Concurrent Cycle 74.692ms
[2020-08-01T12:05:36.110+0300][77.757s][info ][gc] GC(1730) Pause Young (Concurrent Start) (G1 Humongous Allocation) 190M->191M(512M) 58.261ms
[2020-08-01T12:05:36.110+0300][77.757s][info ][gc] GC(1731) Concurrent Cycle
[2020-08-01T12:05:36.130+0300][77.777s][debug][gc] GC(1731) Reclaimed 123 empty regions
[2020-08-01T12:05:36.130+0300][77.777s][info ][gc] GC(1731) Pause Remark 243M->120M(512M) 0.612ms
[2020-08-01T12:05:36.185+0300][77.832s][info ][gc] GC(1732) Pause Young (Normal) (G1 Evacuation Pause) 171M->159M(512M) 33.147ms
[2020-08-01T12:05:36.189+0300][77.835s][info ][gc] GC(1731) Pause Cleanup 165M->165M(512M) 0.123ms
[2020-08-01T12:05:36.189+0300][77.836s][info ][gc] GC(1731) Concurrent Cycle 79.107ms
[2020-08-01T12:05:36.248+0300][77.894s][info ][gc] GC(1733) Pause Young (Concurrent Start) (G1 Humongous Allocation) 191M->192M(512M) 26.154ms
[2020-08-01T12:05:36.248+0300][77.894s][info ][gc] GC(1734) Concurrent Cycle
[2020-08-01T12:05:36.265+0300][77.911s][debug][gc] GC(1734) Reclaimed 123 empty regions
[2020-08-01T12:05:36.265+0300][77.911s][info ][gc] GC(1734) Pause Remark 243M->120M(512M) 0.583ms
[2020-08-01T12:05:36.319+0300][77.965s][info ][gc] GC(1735) Pause Young (Normal) (G1 Evacuation Pause) 172M->159M(512M) 32.663ms
[2020-08-01T12:05:36.321+0300][77.967s][info ][gc] GC(1734) Pause Cleanup 162M->162M(512M) 0.113ms
[2020-08-01T12:05:36.322+0300][77.968s][info ][gc] GC(1734) Concurrent Cycle 73.615ms
[2020-08-01T12:05:36.399+0300][78.045s][info ][gc] GC(1736) Pause Young (Concurrent Start) (G1 Humongous Allocation) 191M->192M(512M) 52.167ms
[2020-08-01T12:05:36.399+0300][78.046s][info ][gc] GC(1737) Concurrent Cycle
[2020-08-01T12:05:36.417+0300][78.063s][debug][gc] GC(1737) Reclaimed 124 empty regions
[2020-08-01T12:05:36.417+0300][78.063s][info ][gc] GC(1737) Pause Remark 244M->120M(512M) 0.655ms
[2020-08-01T12:05:36.473+0300][78.119s][info ][gc] GC(1738) Pause Young (Normal) (G1 Evacuation Pause) 171M->159M(512M) 33.925ms
[2020-08-01T12:05:36.475+0300][78.121s][info ][gc] GC(1737) Pause Cleanup 163M->163M(512M) 0.085ms
[2020-08-01T12:05:36.476+0300][78.122s][info ][gc] GC(1737) Concurrent Cycle 76.443ms
[2020-08-01T12:05:36.560+0300][78.206s][info ][gc] GC(1739) Pause Young (Concurrent Start) (G1 Humongous Allocation) 191M->192M(512M) 58.009ms
[2020-08-01T12:05:36.560+0300][78.206s][info ][gc] GC(1740) Concurrent Cycle
[2020-08-01T12:05:36.579+0300][78.225s][debug][gc] GC(1740) Reclaimed 124 empty regions
[2020-08-01T12:05:36.579+0300][78.225s][info ][gc] GC(1740) Pause Remark 245M->121M(512M) 0.636ms
[2020-08-01T12:05:36.632+0300][78.278s][info ][gc] GC(1741) Pause Young (Normal) (G1 Evacuation Pause) 171M->158M(512M) 32.265ms
[2020-08-01T12:05:36.635+0300][78.282s][info ][gc] GC(1740) Pause Cleanup 165M->165M(512M) 0.100ms
[2020-08-01T12:05:36.636+0300][78.282s][info ][gc] GC(1740) Concurrent Cycle 75.826ms
[2020-08-01T12:05:36.685+0300][78.331s][info ][gc] GC(1742) Pause Young (Concurrent Start) (G1 Humongous Allocation) 190M->192M(512M) 27.100ms
[2020-08-01T12:05:36.685+0300][78.331s][info ][gc] GC(1743) Concurrent Cycle
[2020-08-01T12:05:36.702+0300][78.348s][debug][gc] GC(1743) Reclaimed 123 empty regions
[2020-08-01T12:05:36.702+0300][78.348s][info ][gc] GC(1743) Pause Remark 244M->121M(512M) 0.606ms
[2020-08-01T12:05:36.726+0300][78.372s][info ][gc] GC(1743) Pause Cleanup 172M->172M(512M) 0.073ms
[2020-08-01T12:05:36.757+0300][78.404s][info ][gc] GC(1744) Pause Young (Normal) (G1 Evacuation Pause) 172M->159M(512M) 31.728ms
[2020-08-01T12:05:36.758+0300][78.405s][info ][gc] GC(1743) Concurrent Cycle 73.488ms
[2020-08-01T12:05:36.843+0300][78.489s][info ][gc] GC(1745) Pause Young (Concurrent Start) (G1 Humongous Allocation) 191M->192M(512M) 45.938ms
[2020-08-01T12:05:36.843+0300][78.489s][info ][gc] GC(1746) Concurrent Cycle
[2020-08-01T12:05:36.862+0300][78.509s][debug][gc] GC(1746) Reclaimed 124 empty regions
[2020-08-01T12:05:36.862+0300][78.509s][info ][gc] GC(1746) Pause Remark 238M->114M(512M) 0.702ms
[2020-08-01T12:05:36.886+0300][78.532s][info ][gc] GC(1746) Pause Cleanup 166M->166M(512M) 0.074ms
[2020-08-01T12:05:36.887+0300][78.533s][info ][gc] GC(1746) Concurrent Cycle 43.931ms
[2020-08-01T12:05:36.921+0300][78.567s][info ][gc] GC(1747) Pause Young (Normal) (G1 Evacuation Pause) 171M->158M(512M) 32.052ms
[2020-08-01T12:05:36.973+0300][78.619s][info ][gc] GC(1748) Pause Young (Concurrent Start) (G1 Humongous Allocation) 190M->190M(512M) 20.187ms
[2020-08-01T12:05:36.973+0300][78.619s][info ][gc] GC(1749) Concurrent Cycle
[2020-08-01T12:05:36.990+0300][78.637s][debug][gc] GC(1749) Reclaimed 122 empty regions
[2020-08-01T12:05:36.990+0300][78.637s][info ][gc] GC(1749) Pause Remark 245M->123M(512M) 0.576ms
[2020-08-01T12:05:37.043+0300][78.689s][info ][gc] GC(1750) Pause Young (Normal) (G1 Evacuation Pause) 171M->158M(512M) 32.860ms
[2020-08-01T12:05:37.047+0300][78.693s][info ][gc] GC(1749) Pause Cleanup 168M->168M(512M) 0.118ms
[2020-08-01T12:05:37.047+0300][78.694s][info ][gc] GC(1749) Concurrent Cycle 74.305ms
[2020-08-01T12:05:37.138+0300][78.785s][info ][gc] GC(1751) Pause Young (Concurrent Start) (G1 Humongous Allocation) 190M->192M(512M) 59.057ms
[2020-08-01T12:05:37.138+0300][78.785s][info ][gc] GC(1752) Concurrent Cycle
[2020-08-01T12:05:37.157+0300][78.804s][debug][gc] GC(1752) Reclaimed 123 empty regions
[2020-08-01T12:05:37.157+0300][78.804s][info ][gc] GC(1752) Pause Remark 247M->124M(512M) 0.632ms
[2020-08-01T12:05:37.210+0300][78.856s][info ][gc] GC(1753) Pause Young (Normal) (G1 Evacuation Pause) 172M->159M(512M) 33.123ms
[2020-08-01T12:05:37.214+0300][78.860s][info ][gc] GC(1752) Pause Cleanup 168M->168M(512M) 0.093ms
[2020-08-01T12:05:37.215+0300][78.861s][info ][gc] GC(1752) Concurrent Cycle 76.448ms
[2020-08-01T12:05:37.259+0300][78.905s][info ][gc] GC(1754) Pause Young (Concurrent Start) (G1 Humongous Allocation) 191M->193M(512M) 25.285ms
[2020-08-01T12:05:37.259+0300][78.905s][info ][gc] GC(1755) Concurrent Cycle
[2020-08-01T12:05:37.275+0300][78.921s][debug][gc] GC(1755) Reclaimed 123 empty regions
[2020-08-01T12:05:37.275+0300][78.921s][info ][gc] GC(1755) Pause Remark 247M->124M(512M) 0.578ms
[2020-08-01T12:05:37.327+0300][78.973s][info ][gc] GC(1756) Pause Young (Normal) (G1 Evacuation Pause) 172M->159M(512M) 32.477ms
[2020-08-01T12:05:37.330+0300][78.977s][info ][gc] GC(1755) Pause Cleanup 168M->168M(512M) 0.084ms
[2020-08-01T12:05:37.331+0300][78.978s][info ][gc] GC(1755) Concurrent Cycle 72.217ms
[2020-08-01T12:05:37.383+0300][79.030s][info ][gc] GC(1757) Pause Young (Concurrent Start) (G1 Humongous Allocation) 192M->193M(512M) 26.584ms
[2020-08-01T12:05:37.383+0300][79.030s][info ][gc] GC(1758) Concurrent Cycle
[2020-08-01T12:05:37.402+0300][79.048s][debug][gc] GC(1758) Reclaimed 124 empty regions
[2020-08-01T12:05:37.402+0300][79.048s][info ][gc] GC(1758) Pause Remark 245M->121M(512M) 0.704ms
[2020-08-01T12:05:37.454+0300][79.100s][info ][gc] GC(1759) Pause Young (Normal) (G1 Evacuation Pause) 171M->159M(512M) 31.320ms
[2020-08-01T12:05:37.457+0300][79.103s][info ][gc] GC(1758) Pause Cleanup 165M->165M(512M) 0.092ms
[2020-08-01T12:05:37.457+0300][79.104s][info ][gc] GC(1758) Concurrent Cycle 74.176ms
[2020-08-01T12:05:37.508+0300][79.155s][info ][gc] GC(1760) Pause Young (Concurrent Start) (G1 Humongous Allocation) 192M->193M(512M) 25.626ms
[2020-08-01T12:05:37.508+0300][79.155s][info ][gc] GC(1761) Concurrent Cycle
[2020-08-01T12:05:37.524+0300][79.171s][debug][gc] GC(1761) Reclaimed 123 empty regions
[2020-08-01T12:05:37.524+0300][79.171s][info ][gc] GC(1761) Pause Remark 245M->122M(512M) 0.569ms
[2020-08-01T12:05:37.577+0300][79.224s][info ][gc] GC(1762) Pause Young (Normal) (G1 Evacuation Pause) 173M->160M(512M) 32.048ms
[2020-08-01T12:05:37.581+0300][79.227s][info ][gc] GC(1761) Pause Cleanup 166M->166M(512M) 0.095ms
[2020-08-01T12:05:37.581+0300][79.227s][info ][gc] GC(1761) Concurrent Cycle 72.667ms
[2020-08-01T12:05:37.634+0300][79.280s][info ][gc] GC(1763) Pause Young (Concurrent Start) (G1 Humongous Allocation) 192M->193M(512M) 26.980ms
[2020-08-01T12:05:37.634+0300][79.280s][info ][gc] GC(1764) Concurrent Cycle
[2020-08-01T12:05:37.653+0300][79.299s][debug][gc] GC(1764) Reclaimed 124 empty regions
[2020-08-01T12:05:37.653+0300][79.299s][info ][gc] GC(1764) Pause Remark 247M->123M(512M) 1.173ms
[2020-08-01T12:05:37.709+0300][79.356s][info ][gc] GC(1765) Pause Young (Normal) (G1 Evacuation Pause) 172M->159M(512M) 33.419ms
[2020-08-01T12:05:37.711+0300][79.358s][info ][gc] GC(1764) Pause Cleanup 163M->163M(512M) 0.083ms
[2020-08-01T12:05:37.712+0300][79.358s][info ][gc] GC(1764) Concurrent Cycle 78.203ms
[2020-08-01T12:05:37.795+0300][79.441s][info ][gc] GC(1766) Pause Young (Concurrent Start) (G1 Humongous Allocation) 191M->192M(512M) 49.288ms
[2020-08-01T12:05:37.795+0300][79.442s][info ][gc] GC(1767) Concurrent Cycle
[2020-08-01T12:05:37.812+0300][79.458s][debug][gc] GC(1767) Reclaimed 122 empty regions
[2020-08-01T12:05:37.812+0300][79.458s][info ][gc] GC(1767) Pause Remark 245M->123M(512M) 0.623ms
[2020-08-01T12:05:37.865+0300][79.511s][info ][gc] GC(1768) Pause Young (Normal) (G1 Evacuation Pause) 173M->161M(512M) 32.926ms
[2020-08-01T12:05:37.868+0300][79.515s][info ][gc] GC(1767) Pause Cleanup 169M->169M(512M) 0.087ms
[2020-08-01T12:05:37.869+0300][79.516s][info ][gc] GC(1767) Concurrent Cycle 73.945ms
[2020-08-01T12:05:37.963+0300][79.610s][info ][gc] GC(1769) Pause Young (Concurrent Start) (G1 Humongous Allocation) 193M->194M(512M) 62.310ms
[2020-08-01T12:05:37.963+0300][79.610s][info ][gc] GC(1770) Concurrent Cycle
[2020-08-01T12:05:37.981+0300][79.627s][debug][gc] GC(1770) Reclaimed 124 empty regions
[2020-08-01T12:05:37.981+0300][79.627s][info ][gc] GC(1770) Pause Remark 247M->123M(512M) 0.615ms
[2020-08-01T12:05:38.034+0300][79.680s][info ][gc] GC(1771) Pause Young (Normal) (G1 Evacuation Pause) 172M->160M(512M) 32.926ms
[2020-08-01T12:05:38.038+0300][79.684s][info ][gc] GC(1770) Pause Cleanup 167M->167M(512M) 0.087ms
[2020-08-01T12:05:38.038+0300][79.685s][info ][gc] GC(1770) Concurrent Cycle 74.915ms
[2020-08-01T12:05:38.098+0300][79.744s][info ][gc] GC(1772) Pause Young (Concurrent Start) (G1 Humongous Allocation) 193M->195M(512M) 27.277ms
[2020-08-01T12:05:38.098+0300][79.744s][info ][gc] GC(1773) Concurrent Cycle
[2020-08-01T12:05:38.114+0300][79.761s][debug][gc] GC(1773) Reclaimed 125 empty regions
[2020-08-01T12:05:38.114+0300][79.761s][info ][gc] GC(1773) Pause Remark 248M->123M(512M) 0.585ms
[2020-08-01T12:05:38.168+0300][79.814s][info ][gc] GC(1774) Pause Young (Normal) (G1 Evacuation Pause) 172M->159M(512M) 33.940ms
[2020-08-01T12:05:38.172+0300][79.818s][info ][gc] GC(1773) Pause Cleanup 166M->166M(512M) 0.088ms
[2020-08-01T12:05:38.172+0300][79.819s][info ][gc] GC(1773) Concurrent Cycle 74.373ms
[2020-08-01T12:05:38.222+0300][79.869s][info ][gc] GC(1775) Pause Young (Concurrent Start) (G1 Humongous Allocation) 192M->194M(512M) 26.827ms
[2020-08-01T12:05:38.223+0300][79.869s][info ][gc] GC(1776) Concurrent Cycle
[2020-08-01T12:05:38.240+0300][79.886s][debug][gc] GC(1776) Reclaimed 124 empty regions
[2020-08-01T12:05:38.240+0300][79.886s][info ][gc] GC(1776) Pause Remark 246M->122M(512M) 0.596ms
[2020-08-01T12:05:38.293+0300][79.940s][info ][gc] GC(1777) Pause Young (Normal) (G1 Evacuation Pause) 172M->159M(512M) 33.516ms
[2020-08-01T12:05:38.297+0300][79.943s][info ][gc] GC(1776) Pause Cleanup 167M->167M(512M) 0.080ms
[2020-08-01T12:05:38.297+0300][79.944s][info ][gc] GC(1776) Concurrent Cycle 74.644ms
[2020-08-01T12:05:38.343+0300][79.990s][info ][gc] GC(1778) Pause Young (Concurrent Start) (G1 Humongous Allocation) 192M->193M(512M) 25.805ms
[2020-08-01T12:05:38.343+0300][79.990s][info ][gc] GC(1779) Concurrent Cycle
[2020-08-01T12:05:38.361+0300][80.007s][debug][gc] GC(1779) Reclaimed 123 empty regions
[2020-08-01T12:05:38.361+0300][80.007s][info ][gc] GC(1779) Pause Remark 249M->126M(512M) 0.621ms
[2020-08-01T12:05:38.412+0300][80.058s][info ][gc] GC(1780) Pause Young (Normal) (G1 Evacuation Pause) 172M->159M(512M) 32.578ms
[2020-08-01T12:05:38.416+0300][80.063s][info ][gc] GC(1779) Pause Cleanup 170M->170M(512M) 0.082ms
[2020-08-01T12:05:38.417+0300][80.063s][info ][gc] GC(1779) Concurrent Cycle 73.528ms
[2020-08-01T12:05:38.461+0300][80.107s][info ][gc] GC(1781) Pause Young (Concurrent Start) (G1 Humongous Allocation) 192M->194M(512M) 25.328ms
[2020-08-01T12:05:38.461+0300][80.107s][info ][gc] GC(1782) Concurrent Cycle
[2020-08-01T12:05:38.477+0300][80.123s][debug][gc] GC(1782) Reclaimed 124 empty regions
[2020-08-01T12:05:38.477+0300][80.123s][info ][gc] GC(1782) Pause Remark 248M->124M(512M) 0.579ms
[2020-08-01T12:05:38.530+0300][80.177s][info ][gc] GC(1783) Pause Young (Normal) (G1 Evacuation Pause) 172M->159M(512M) 33.392ms
[2020-08-01T12:05:38.534+0300][80.180s][info ][gc] GC(1782) Pause Cleanup 167M->167M(512M) 0.085ms
[2020-08-01T12:05:38.534+0300][80.181s][info ][gc] GC(1782) Concurrent Cycle 73.179ms
[2020-08-01T12:05:38.582+0300][80.228s][info ][gc] GC(1784) Pause Young (Concurrent Start) (G1 Humongous Allocation) 192M->193M(512M) 25.927ms
[2020-08-01T12:05:38.582+0300][80.228s][info ][gc] GC(1785) Concurrent Cycle
[2020-08-01T12:05:38.600+0300][80.246s][debug][gc] GC(1785) Reclaimed 123 empty regions
[2020-08-01T12:05:38.600+0300][80.246s][info ][gc] GC(1785) Pause Remark 247M->124M(512M) 0.625ms
[2020-08-01T12:05:38.652+0300][80.299s][info ][gc] GC(1786) Pause Young (Normal) (G1 Evacuation Pause) 172M->160M(512M) 32.523ms
[2020-08-01T12:05:38.656+0300][80.303s][info ][gc] GC(1785) Pause Cleanup 168M->168M(512M) 0.158ms
[2020-08-01T12:05:38.658+0300][80.304s][info ][gc] GC(1785) Concurrent Cycle 75.932ms
[2020-08-01T12:05:38.705+0300][80.352s][info ][gc] GC(1787) Pause Young (Concurrent Start) (G1 Humongous Allocation) 193M->194M(512M) 25.522ms
[2020-08-01T12:05:38.705+0300][80.352s][info ][gc] GC(1788) Concurrent Cycle
[2020-08-01T12:05:38.722+0300][80.369s][debug][gc] GC(1788) Reclaimed 124 empty regions
[2020-08-01T12:05:38.722+0300][80.369s][info ][gc] GC(1788) Pause Remark 247M->123M(512M) 0.577ms
[2020-08-01T12:05:38.775+0300][80.421s][info ][gc] GC(1789) Pause Young (Normal) (G1 Evacuation Pause) 172M->160M(512M) 31.854ms
[2020-08-01T12:05:38.778+0300][80.425s][info ][gc] GC(1788) Pause Cleanup 167M->167M(512M) 0.090ms
[2020-08-01T12:05:38.779+0300][80.425s][info ][gc] GC(1788) Concurrent Cycle 73.641ms
[2020-08-01T12:05:38.844+0300][80.491s][info ][gc] GC(1790) Pause Young (Concurrent Start) (G1 Humongous Allocation) 193M->194M(512M) 43.672ms
[2020-08-01T12:05:38.844+0300][80.491s][info ][gc] GC(1791) Concurrent Cycle
[2020-08-01T12:05:38.862+0300][80.509s][debug][gc] GC(1791) Reclaimed 124 empty regions
[2020-08-01T12:05:38.862+0300][80.509s][info ][gc] GC(1791) Pause Remark 247M->123M(512M) 0.591ms
[2020-08-01T12:05:38.916+0300][80.562s][info ][gc] GC(1792) Pause Young (Normal) (G1 Evacuation Pause) 172M->160M(512M) 33.187ms
[2020-08-01T12:05:38.919+0300][80.565s][info ][gc] GC(1791) Pause Cleanup 166M->166M(512M) 0.088ms
[2020-08-01T12:05:38.920+0300][80.566s][info ][gc] GC(1791) Concurrent Cycle 75.305ms
[2020-08-01T12:05:38.968+0300][80.614s][info ][gc] GC(1793) Pause Young (Concurrent Start) (G1 Humongous Allocation) 193M->193M(512M) 26.297ms
[2020-08-01T12:05:38.968+0300][80.614s][info ][gc] GC(1794) Concurrent Cycle
[2020-08-01T12:05:38.985+0300][80.631s][debug][gc] GC(1794) Reclaimed 124 empty regions
[2020-08-01T12:05:38.985+0300][80.631s][info ][gc] GC(1794) Pause Remark 246M->122M(512M) 0.640ms
[2020-08-01T12:05:39.041+0300][80.688s][info ][gc] GC(1795) Pause Young (Normal) (G1 Evacuation Pause) 172M->160M(512M) 32.850ms
[2020-08-01T12:05:39.043+0300][80.689s][info ][gc] GC(1794) Pause Cleanup 163M->163M(512M) 0.110ms
[2020-08-01T12:05:39.043+0300][80.690s][info ][gc] GC(1794) Concurrent Cycle 75.184ms
[2020-08-01T12:05:39.093+0300][80.739s][info ][gc] GC(1796) Pause Young (Concurrent Start) (G1 Humongous Allocation) 192M->193M(512M) 26.992ms
[2020-08-01T12:05:39.093+0300][80.739s][info ][gc] GC(1797) Concurrent Cycle
[2020-08-01T12:05:39.111+0300][80.757s][debug][gc] GC(1797) Reclaimed 123 empty regions
[2020-08-01T12:05:39.111+0300][80.757s][info ][gc] GC(1797) Pause Remark 246M->123M(512M) 0.584ms
[2020-08-01T12:05:39.163+0300][80.810s][info ][gc] GC(1798) Pause Young (Normal) (G1 Evacuation Pause) 172M->160M(512M) 32.405ms
[2020-08-01T12:05:39.167+0300][80.813s][info ][gc] GC(1797) Pause Cleanup 168M->168M(512M) 0.087ms
[2020-08-01T12:05:39.167+0300][80.814s][info ][gc] GC(1797) Concurrent Cycle 74.616ms
[2020-08-01T12:05:39.218+0300][80.864s][info ][gc] GC(1799) Pause Young (Concurrent Start) (G1 Humongous Allocation) 193M->194M(512M) 26.427ms
[2020-08-01T12:05:39.218+0300][80.865s][info ][gc] GC(1800) Concurrent Cycle
[2020-08-01T12:05:39.235+0300][80.881s][debug][gc] GC(1800) Reclaimed 124 empty regions
[2020-08-01T12:05:39.235+0300][80.881s][info ][gc] GC(1800) Pause Remark 247M->123M(512M) 0.620ms
[2020-08-01T12:05:39.286+0300][80.932s][info ][gc] GC(1801) Pause Young (Normal) (G1 Evacuation Pause) 172M->159M(512M) 31.065ms
[2020-08-01T12:05:39.289+0300][80.936s][info ][gc] GC(1800) Pause Cleanup 167M->167M(512M) 0.085ms
[2020-08-01T12:05:39.290+0300][80.936s][info ][gc] GC(1800) Concurrent Cycle 71.660ms
[2020-08-01T12:05:39.372+0300][81.018s][info ][gc] GC(1802) Pause Young (Concurrent Start) (G1 Humongous Allocation) 192M->194M(512M) 56.859ms
[2020-08-01T12:05:39.372+0300][81.018s][info ][gc] GC(1803) Concurrent Cycle
[2020-08-01T12:05:39.389+0300][81.036s][debug][gc] GC(1803) Reclaimed 124 empty regions
[2020-08-01T12:05:39.389+0300][81.036s][info ][gc] GC(1803) Pause Remark 248M->124M(512M) 0.584ms
[2020-08-01T12:05:39.441+0300][81.087s][info ][gc] GC(1804) Pause Young (Normal) (G1 Evacuation Pause) 172M->159M(512M) 32.009ms
[2020-08-01T12:05:39.445+0300][81.091s][info ][gc] GC(1803) Pause Cleanup 168M->168M(512M) 0.098ms
[2020-08-01T12:05:39.445+0300][81.092s][info ][gc] GC(1803) Concurrent Cycle 73.433ms
[2020-08-01T12:05:39.515+0300][81.161s][info ][gc] GC(1805) Pause Young (Concurrent Start) (G1 Humongous Allocation) 192M->193M(512M) 46.120ms
[2020-08-01T12:05:39.515+0300][81.161s][info ][gc] GC(1806) Concurrent Cycle
[2020-08-01T12:05:39.531+0300][81.178s][debug][gc] GC(1806) Reclaimed 123 empty regions
[2020-08-01T12:05:39.531+0300][81.178s][info ][gc] GC(1806) Pause Remark 245M->122M(512M) 0.576ms
[2020-08-01T12:05:39.585+0300][81.231s][info ][gc] GC(1807) Pause Young (Normal) (G1 Evacuation Pause) 172M->160M(512M) 33.378ms
[2020-08-01T12:05:39.589+0300][81.236s][info ][gc] GC(1806) Pause Cleanup 169M->169M(512M) 0.129ms
[2020-08-01T12:05:39.590+0300][81.237s][info ][gc] GC(1806) Concurrent Cycle 75.135ms
[2020-08-01T12:05:39.650+0300][81.297s][info ][gc] GC(1808) Pause Young (Concurrent Start) (G1 Humongous Allocation) 193M->194M(512M) 25.432ms
[2020-08-01T12:05:39.650+0300][81.297s][info ][gc] GC(1809) Concurrent Cycle
[2020-08-01T12:05:39.669+0300][81.315s][debug][gc] GC(1809) Reclaimed 125 empty regions
[2020-08-01T12:05:39.669+0300][81.315s][info ][gc] GC(1809) Pause Remark 248M->123M(512M) 0.596ms
[2020-08-01T12:05:39.721+0300][81.367s][info ][gc] GC(1810) Pause Young (Normal) (G1 Evacuation Pause) 171M->159M(512M) 31.636ms
[2020-08-01T12:05:39.724+0300][81.371s][info ][gc] GC(1809) Pause Cleanup 167M->167M(512M) 0.103ms
[2020-08-01T12:05:39.725+0300][81.372s][info ][gc] GC(1809) Concurrent Cycle 75.041ms
[2020-08-01T12:05:39.775+0300][81.422s][info ][gc] GC(1811) Pause Young (Concurrent Start) (G1 Humongous Allocation) 192M->193M(512M) 25.532ms
[2020-08-01T12:05:39.775+0300][81.422s][info ][gc] GC(1812) Concurrent Cycle
[2020-08-01T12:05:39.792+0300][81.439s][debug][gc] GC(1812) Reclaimed 123 empty regions
[2020-08-01T12:05:39.792+0300][81.439s][info ][gc] GC(1812) Pause Remark 247M->124M(512M) 0.590ms
[2020-08-01T12:05:39.844+0300][81.490s][info ][gc] GC(1813) Pause Young (Normal) (G1 Evacuation Pause) 172M->160M(512M) 32.233ms
[2020-08-01T12:05:39.849+0300][81.495s][info ][gc] GC(1812) Pause Cleanup 169M->169M(512M) 0.080ms
[2020-08-01T12:05:39.849+0300][81.495s][info ][gc] GC(1812) Concurrent Cycle 73.762ms
[2020-08-01T12:05:39.928+0300][81.574s][info ][gc] GC(1814) Pause Young (Concurrent Start) (G1 Humongous Allocation) 193M->195M(512M) 52.710ms
[2020-08-01T12:05:39.928+0300][81.574s][info ][gc] GC(1815) Concurrent Cycle
[2020-08-01T12:05:39.944+0300][81.591s][debug][gc] GC(1815) Reclaimed 125 empty regions
[2020-08-01T12:05:39.945+0300][81.591s][info ][gc] GC(1815) Pause Remark 248M->123M(512M) 0.675ms
[2020-08-01T12:05:39.998+0300][81.644s][info ][gc] GC(1816) Pause Young (Normal) (G1 Evacuation Pause) 172M->159M(512M) 33.298ms
[2020-08-01T12:05:40.002+0300][81.648s][info ][gc] GC(1815) Pause Cleanup 168M->168M(512M) 0.095ms
[2020-08-01T12:05:40.002+0300][81.649s][info ][gc] GC(1815) Concurrent Cycle 74.484ms
[2020-08-01T12:05:40.056+0300][81.703s][info ][gc] GC(1817) Pause Young (Concurrent Start) (G1 Humongous Allocation) 192M->193M(512M) 27.829ms
[2020-08-01T12:05:40.057+0300][81.703s][info ][gc] GC(1818) Concurrent Cycle
[2020-08-01T12:05:40.074+0300][81.720s][debug][gc] GC(1818) Reclaimed 124 empty regions
[2020-08-01T12:05:40.074+0300][81.720s][info ][gc] GC(1818) Pause Remark 247M->123M(512M) 0.593ms
[2020-08-01T12:05:40.124+0300][81.771s][info ][gc] GC(1819) Pause Young (Normal) (G1 Evacuation Pause) 171M->159M(512M) 31.363ms
[2020-08-01T12:05:40.129+0300][81.775s][info ][gc] GC(1818) Pause Cleanup 165M->165M(512M) 0.107ms
[2020-08-01T12:05:40.129+0300][81.776s][info ][gc] GC(1818) Concurrent Cycle 72.627ms
[2020-08-01T12:05:40.195+0300][81.842s][info ][gc] GC(1820) Pause Young (Concurrent Start) (G1 Humongous Allocation) 192M->193M(512M) 41.623ms
[2020-08-01T12:05:40.196+0300][81.842s][info ][gc] GC(1821) Concurrent Cycle
[2020-08-01T12:05:40.213+0300][81.859s][debug][gc] GC(1821) Reclaimed 123 empty regions
[2020-08-01T12:05:40.213+0300][81.859s][info ][gc] GC(1821) Pause Remark 248M->125M(512M) 0.638ms
[2020-08-01T12:05:40.265+0300][81.911s][info ][gc] GC(1822) Pause Young (Normal) (G1 Evacuation Pause) 172M->159M(512M) 32.425ms
[2020-08-01T12:05:40.269+0300][81.916s][info ][gc] GC(1821) Pause Cleanup 169M->169M(512M) 0.087ms
[2020-08-01T12:05:40.270+0300][81.917s][info ][gc] GC(1821) Concurrent Cycle 74.741ms
[2020-08-01T12:05:40.351+0300][81.998s][info ][gc] GC(1823) Pause Young (Concurrent Start) (G1 Humongous Allocation) 192M->193M(512M) 57.460ms
[2020-08-01T12:05:40.351+0300][81.998s][info ][gc] GC(1824) Concurrent Cycle
[2020-08-01T12:05:40.368+0300][82.015s][debug][gc] GC(1824) Reclaimed 124 empty regions
[2020-08-01T12:05:40.368+0300][82.015s][info ][gc] GC(1824) Pause Remark 246M->122M(512M) 0.611ms
[2020-08-01T12:05:40.420+0300][82.066s][info ][gc] GC(1825) Pause Young (Normal) (G1 Evacuation Pause) 171M->159M(512M) 31.272ms
[2020-08-01T12:05:40.423+0300][82.069s][info ][gc] GC(1824) Pause Cleanup 166M->166M(512M) 0.081ms
[2020-08-01T12:05:40.423+0300][82.070s][info ][gc] GC(1824) Concurrent Cycle 71.854ms
[2020-08-01T12:05:40.474+0300][82.121s][info ][gc] GC(1826) Pause Young (Concurrent Start) (G1 Humongous Allocation) 192M->193M(512M) 25.426ms
[2020-08-01T12:05:40.474+0300][82.121s][info ][gc] GC(1827) Concurrent Cycle
[2020-08-01T12:05:40.492+0300][82.139s][debug][gc] GC(1827) Reclaimed 123 empty regions
[2020-08-01T12:05:40.492+0300][82.139s][info ][gc] GC(1827) Pause Remark 248M->125M(512M) 0.610ms
[2020-08-01T12:05:40.544+0300][82.190s][info ][gc] GC(1828) Pause Young (Normal) (G1 Evacuation Pause) 173M->160M(512M) 32.122ms
[2020-08-01T12:05:40.548+0300][82.194s][info ][gc] GC(1827) Pause Cleanup 169M->169M(512M) 0.099ms
[2020-08-01T12:05:40.548+0300][82.195s][info ][gc] GC(1827) Concurrent Cycle 74.003ms
[2020-08-01T12:05:40.615+0300][82.262s][info ][gc] GC(1829) Pause Young (Concurrent Start) (G1 Humongous Allocation) 192M->193M(512M) 42.456ms
[2020-08-01T12:05:40.615+0300][82.262s][info ][gc] GC(1830) Concurrent Cycle
[2020-08-01T12:05:40.632+0300][82.278s][debug][gc] GC(1830) Reclaimed 124 empty regions
[2020-08-01T12:05:40.632+0300][82.278s][info ][gc] GC(1830) Pause Remark 246M->122M(512M) 0.592ms
[2020-08-01T12:05:40.689+0300][82.336s][info ][gc] GC(1831) Pause Young (Normal) (G1 Evacuation Pause) 171M->159M(512M) 37.065ms
[2020-08-01T12:05:40.693+0300][82.340s][info ][gc] GC(1830) Pause Cleanup 168M->168M(512M) 0.091ms
[2020-08-01T12:05:40.694+0300][82.341s][info ][gc] GC(1830) Concurrent Cycle 79.113ms
[2020-08-01T12:05:40.774+0300][82.420s][info ][gc] GC(1832) Pause Young (Concurrent Start) (G1 Humongous Allocation) 192M->193M(512M) 46.137ms
[2020-08-01T12:05:40.774+0300][82.420s][info ][gc] GC(1833) Concurrent Cycle
[2020-08-01T12:05:40.790+0300][82.437s][debug][gc] GC(1833) Reclaimed 124 empty regions
[2020-08-01T12:05:40.790+0300][82.437s][info ][gc] GC(1833) Pause Remark 247M->123M(512M) 0.575ms
[2020-08-01T12:05:40.841+0300][82.488s][info ][gc] GC(1834) Pause Young (Normal) (G1 Evacuation Pause) 171M->159M(512M) 31.297ms
[2020-08-01T12:05:40.845+0300][82.491s][info ][gc] GC(1833) Pause Cleanup 167M->167M(512M) 0.081ms
[2020-08-01T12:05:40.845+0300][82.492s][info ][gc] GC(1833) Concurrent Cycle 71.220ms
[2020-08-01T12:05:40.894+0300][82.540s][info ][gc] GC(1835) Pause Young (Concurrent Start) (G1 Humongous Allocation) 192M->193M(512M) 25.993ms
[2020-08-01T12:05:40.894+0300][82.540s][info ][gc] GC(1836) Concurrent Cycle
[2020-08-01T12:05:40.911+0300][82.557s][debug][gc] GC(1836) Reclaimed 123 empty regions
[2020-08-01T12:05:40.911+0300][82.557s][info ][gc] GC(1836) Pause Remark 247M->124M(512M) 0.592ms
[2020-08-01T12:05:40.961+0300][82.607s][info ][gc] GC(1837) Pause Young (Normal) (G1 Evacuation Pause) 172M->160M(512M) 31.416ms
[2020-08-01T12:05:40.965+0300][82.612s][info ][gc] GC(1836) Pause Cleanup 170M->170M(512M) 0.087ms
[2020-08-01T12:05:40.966+0300][82.612s][info ][gc] GC(1836) Concurrent Cycle 72.094ms
[2020-08-01T12:05:41.020+0300][82.666s][info ][gc] GC(1838) Pause Young (Concurrent Start) (G1 Humongous Allocation) 193M->194M(512M) 28.365ms
[2020-08-01T12:05:41.020+0300][82.666s][info ][gc] GC(1839) Concurrent Cycle
[2020-08-01T12:05:41.036+0300][82.683s][debug][gc] GC(1839) Reclaimed 124 empty regions
[2020-08-01T12:05:41.036+0300][82.683s][info ][gc] GC(1839) Pause Remark 247M->123M(512M) 0.808ms
[2020-08-01T12:05:41.087+0300][82.734s][info ][gc] GC(1840) Pause Young (Normal) (G1 Evacuation Pause) 172M->160M(512M) 31.415ms
[2020-08-01T12:05:41.091+0300][82.737s][info ][gc] GC(1839) Pause Cleanup 170M->170M(512M) 0.081ms
[2020-08-01T12:05:41.092+0300][82.738s][info ][gc] GC(1839) Concurrent Cycle 71.550ms
[2020-08-01T12:05:41.166+0300][82.813s][info ][gc] GC(1841) Pause Young (Concurrent Start) (G1 Humongous Allocation) 193M->195M(512M) 50.539ms
[2020-08-01T12:05:41.166+0300][82.813s][info ][gc] GC(1842) Concurrent Cycle
[2020-08-01T12:05:41.185+0300][82.832s][debug][gc] GC(1842) Reclaimed 125 empty regions
[2020-08-01T12:05:41.185+0300][82.832s][info ][gc] GC(1842) Pause Remark 249M->124M(512M) 0.613ms
[2020-08-01T12:05:41.239+0300][82.885s][info ][gc] GC(1843) Pause Young (Normal) (G1 Evacuation Pause) 172M->160M(512M) 32.471ms
[2020-08-01T12:05:41.242+0300][82.888s][info ][gc] GC(1842) Pause Cleanup 165M->165M(512M) 0.118ms
[2020-08-01T12:05:41.243+0300][82.889s][info ][gc] GC(1842) Concurrent Cycle 76.330ms
[2020-08-01T12:05:41.296+0300][82.943s][info ][gc] GC(1844) Pause Young (Concurrent Start) (G1 Humongous Allocation) 193M->194M(512M) 25.725ms
[2020-08-01T12:05:41.296+0300][82.943s][info ][gc] GC(1845) Concurrent Cycle
[2020-08-01T12:05:41.312+0300][82.959s][debug][gc] GC(1845) Reclaimed 124 empty regions
[2020-08-01T12:05:41.312+0300][82.959s][info ][gc] GC(1845) Pause Remark 248M->124M(512M) 0.618ms
[2020-08-01T12:05:41.364+0300][83.010s][info ][gc] GC(1846) Pause Young (Normal) (G1 Evacuation Pause) 172M->159M(512M) 32.086ms
[2020-08-01T12:05:41.368+0300][83.014s][info ][gc] GC(1845) Pause Cleanup 168M->168M(512M) 0.086ms
[2020-08-01T12:05:41.368+0300][83.015s][info ][gc] GC(1845) Concurrent Cycle 71.793ms
[2020-08-01T12:05:41.445+0300][83.091s][info ][gc] GC(1847) Pause Young (Concurrent Start) (G1 Humongous Allocation) 192M->193M(512M) 49.177ms
[2020-08-01T12:05:41.445+0300][83.091s][info ][gc] GC(1848) Concurrent Cycle
[2020-08-01T12:05:41.462+0300][83.109s][debug][gc] GC(1848) Reclaimed 123 empty regions
[2020-08-01T12:05:41.463+0300][83.109s][info ][gc] GC(1848) Pause Remark 246M->123M(512M) 0.642ms
[2020-08-01T12:05:41.514+0300][83.161s][info ][gc] GC(1849) Pause Young (Normal) (G1 Evacuation Pause) 172M->159M(512M) 32.088ms
[2020-08-01T12:05:41.518+0300][83.164s][info ][gc] GC(1848) Pause Cleanup 168M->168M(512M) 0.083ms
[2020-08-01T12:05:41.518+0300][83.165s][info ][gc] GC(1848) Concurrent Cycle 73.386ms
[2020-08-01T12:05:41.606+0300][83.252s][info ][gc] GC(1850) Pause Young (Concurrent Start) (G1 Humongous Allocation) 192M->192M(512M) 54.096ms
[2020-08-01T12:05:41.606+0300][83.252s][info ][gc] GC(1851) Concurrent Cycle
[2020-08-01T12:05:41.624+0300][83.270s][debug][gc] GC(1851) Reclaimed 123 empty regions
[2020-08-01T12:05:41.624+0300][83.271s][info ][gc] GC(1851) Pause Remark 246M->123M(512M) 0.615ms
[2020-08-01T12:05:41.678+0300][83.324s][info ][gc] GC(1852) Pause Young (Normal) (G1 Evacuation Pause) 172M->160M(512M) 33.582ms
[2020-08-01T12:05:41.682+0300][83.328s][info ][gc] GC(1851) Pause Cleanup 163M->163M(512M) 0.163ms
[2020-08-01T12:05:41.683+0300][83.329s][info ][gc] GC(1851) Concurrent Cycle 76.740ms
[2020-08-01T12:05:41.734+0300][83.380s][info ][gc] GC(1853) Pause Young (Concurrent Start) (G1 Humongous Allocation) 192M->193M(512M) 25.951ms
[2020-08-01T12:05:41.734+0300][83.380s][info ][gc] GC(1854) Concurrent Cycle
[2020-08-01T12:05:41.752+0300][83.398s][debug][gc] GC(1854) Reclaimed 123 empty regions
[2020-08-01T12:05:41.752+0300][83.398s][info ][gc] GC(1854) Pause Remark 245M->122M(512M) 0.612ms
[2020-08-01T12:05:41.805+0300][83.451s][info ][gc] GC(1855) Pause Young (Normal) (G1 Evacuation Pause) 172M->159M(512M) 32.210ms
[2020-08-01T12:05:41.808+0300][83.454s][info ][gc] GC(1854) Pause Cleanup 165M->165M(512M) 0.084ms
[2020-08-01T12:05:41.809+0300][83.455s][info ][gc] GC(1854) Concurrent Cycle 74.941ms
[2020-08-01T12:05:41.881+0300][83.528s][info ][gc] GC(1856) Pause Young (Concurrent Start) (G1 Humongous Allocation) 192M->193M(512M) 49.540ms
[2020-08-01T12:05:41.881+0300][83.528s][info ][gc] GC(1857) Concurrent Cycle
[2020-08-01T12:05:41.898+0300][83.545s][debug][gc] GC(1857) Reclaimed 124 empty regions
[2020-08-01T12:05:41.898+0300][83.545s][info ][gc] GC(1857) Pause Remark 245M->121M(512M) 0.585ms
[2020-08-01T12:05:41.950+0300][83.597s][info ][gc] GC(1858) Pause Young (Normal) (G1 Evacuation Pause) 171M->159M(512M) 31.948ms
[2020-08-01T12:05:41.954+0300][83.601s][info ][gc] GC(1857) Pause Cleanup 165M->165M(512M) 0.141ms
[2020-08-01T12:05:41.955+0300][83.602s][info ][gc] GC(1857) Concurrent Cycle 73.685ms
[2020-08-01T12:05:42.050+0300][83.697s][info ][gc] GC(1859) Pause Young (Concurrent Start) (G1 Humongous Allocation) 192M->193M(512M) 62.385ms
[2020-08-01T12:05:42.050+0300][83.697s][info ][gc] GC(1860) Concurrent Cycle
[2020-08-01T12:05:42.068+0300][83.714s][debug][gc] GC(1860) Reclaimed 123 empty regions
[2020-08-01T12:05:42.068+0300][83.714s][info ][gc] GC(1860) Pause Remark 246M->123M(512M) 0.615ms
[2020-08-01T12:05:42.120+0300][83.767s][info ][gc] GC(1861) Pause Young (Normal) (G1 Evacuation Pause) 173M->159M(512M) 32.372ms
[2020-08-01T12:05:42.123+0300][83.770s][info ][gc] GC(1860) Pause Cleanup 166M->166M(512M) 0.081ms
[2020-08-01T12:05:42.124+0300][83.770s][info ][gc] GC(1860) Concurrent Cycle 73.481ms
[2020-08-01T12:05:42.172+0300][83.819s][info ][gc] GC(1862) Pause Young (Concurrent Start) (G1 Humongous Allocation) 191M->191M(512M) 25.743ms
[2020-08-01T12:05:42.172+0300][83.819s][info ][gc] GC(1863) Concurrent Cycle
[2020-08-01T12:05:42.191+0300][83.837s][debug][gc] GC(1863) Reclaimed 123 empty regions
[2020-08-01T12:05:42.191+0300][83.837s][info ][gc] GC(1863) Pause Remark 247M->124M(512M) 0.603ms
[2020-08-01T12:05:42.247+0300][83.894s][info ][gc] GC(1864) Pause Young (Normal) (G1 Evacuation Pause) 171M->159M(512M) 36.183ms
[2020-08-01T12:05:42.252+0300][83.898s][info ][gc] GC(1863) Pause Cleanup 169M->169M(512M) 0.088ms
[2020-08-01T12:05:42.252+0300][83.898s][info ][gc] GC(1863) Concurrent Cycle 79.605ms
[2020-08-01T12:05:42.328+0300][83.974s][info ][gc] GC(1865) Pause Young (Concurrent Start) (G1 Humongous Allocation) 191M->192M(512M) 46.222ms
[2020-08-01T12:05:42.328+0300][83.974s][info ][gc] GC(1866) Concurrent Cycle
[2020-08-01T12:05:42.344+0300][83.991s][debug][gc] GC(1866) Reclaimed 122 empty regions
[2020-08-01T12:05:42.344+0300][83.991s][info ][gc] GC(1866) Pause Remark 246M->124M(512M) 0.622ms
[2020-08-01T12:05:42.395+0300][84.042s][info ][gc] GC(1867) Pause Young (Normal) (G1 Evacuation Pause) 173M->161M(512M) 31.303ms
[2020-08-01T12:05:42.399+0300][84.046s][info ][gc] GC(1866) Pause Cleanup 170M->170M(512M) 0.152ms
[2020-08-01T12:05:42.400+0300][84.047s][info ][gc] GC(1866) Concurrent Cycle 72.111ms
[2020-08-01T12:05:42.479+0300][84.125s][info ][gc] GC(1868) Pause Young (Concurrent Start) (G1 Humongous Allocation) 193M->194M(512M) 57.777ms
[2020-08-01T12:05:42.479+0300][84.125s][info ][gc] GC(1869) Concurrent Cycle
[2020-08-01T12:05:42.495+0300][84.142s][debug][gc] GC(1869) Reclaimed 124 empty regions
[2020-08-01T12:05:42.495+0300][84.142s][info ][gc] GC(1869) Pause Remark 248M->124M(512M) 0.674ms
[2020-08-01T12:05:42.546+0300][84.193s][info ][gc] GC(1870) Pause Young (Normal) (G1 Evacuation Pause) 172M->160M(512M) 31.395ms
[2020-08-01T12:05:42.550+0300][84.197s][info ][gc] GC(1869) Pause Cleanup 170M->170M(512M) 0.082ms
[2020-08-01T12:05:42.551+0300][84.197s][info ][gc] GC(1869) Concurrent Cycle 71.962ms
[2020-08-01T12:05:42.633+0300][84.280s][info ][gc] GC(1871) Pause Young (Concurrent Start) (G1 Humongous Allocation) 193M->194M(512M) 57.271ms
[2020-08-01T12:05:42.633+0300][84.280s][info ][gc] GC(1872) Concurrent Cycle
[2020-08-01T12:05:42.651+0300][84.297s][debug][gc] GC(1872) Reclaimed 124 empty regions
[2020-08-01T12:05:42.651+0300][84.297s][info ][gc] GC(1872) Pause Remark 248M->124M(512M) 0.586ms
[2020-08-01T12:05:42.705+0300][84.351s][info ][gc] GC(1873) Pause Young (Normal) (G1 Evacuation Pause) 172M->160M(512M) 33.259ms
[2020-08-01T12:05:42.708+0300][84.355s][info ][gc] GC(1872) Pause Cleanup 168M->168M(512M) 0.083ms
[2020-08-01T12:05:42.709+0300][84.355s][info ][gc] GC(1872) Concurrent Cycle 75.670ms
[2020-08-01T12:05:42.757+0300][84.403s][info ][gc] GC(1874) Pause Young (Concurrent Start) (G1 Humongous Allocation) 193M->194M(512M) 25.171ms
[2020-08-01T12:05:42.757+0300][84.403s][info ][gc] GC(1875) Concurrent Cycle
[2020-08-01T12:05:42.773+0300][84.419s][debug][gc] GC(1875) Reclaimed 125 empty regions
[2020-08-01T12:05:42.773+0300][84.419s][info ][gc] GC(1875) Pause Remark 248M->123M(512M) 0.597ms
[2020-08-01T12:05:42.824+0300][84.470s][info ][gc] GC(1876) Pause Young (Normal) (G1 Evacuation Pause) 171M->159M(512M) 32.039ms
[2020-08-01T12:05:42.828+0300][84.475s][info ][gc] GC(1875) Pause Cleanup 168M->168M(512M) 0.084ms
[2020-08-01T12:05:42.829+0300][84.475s][info ][gc] GC(1875) Concurrent Cycle 71.887ms
[2020-08-01T12:05:42.882+0300][84.529s][info ][gc] GC(1877) Pause Young (Concurrent Start) (G1 Humongous Allocation) 192M->193M(512M) 25.817ms
[2020-08-01T12:05:42.883+0300][84.529s][info ][gc] GC(1878) Concurrent Cycle
[2020-08-01T12:05:42.899+0300][84.546s][debug][gc] GC(1878) Reclaimed 123 empty regions
[2020-08-01T12:05:42.899+0300][84.546s][info ][gc] GC(1878) Pause Remark 248M->125M(512M) 0.711ms
[2020-08-01T12:05:42.952+0300][84.599s][info ][gc] GC(1879) Pause Young (Normal) (G1 Evacuation Pause) 172M->160M(512M) 33.141ms
[2020-08-01T12:05:42.956+0300][84.603s][info ][gc] GC(1878) Pause Cleanup 169M->169M(512M) 0.087ms
[2020-08-01T12:05:42.957+0300][84.603s][info ][gc] GC(1878) Concurrent Cycle 74.278ms
[2020-08-01T12:05:43.004+0300][84.650s][info ][gc] GC(1880) Pause Young (Concurrent Start) (G1 Humongous Allocation) 193M->194M(512M) 25.267ms
[2020-08-01T12:05:43.004+0300][84.650s][info ][gc] GC(1881) Concurrent Cycle
[2020-08-01T12:05:43.020+0300][84.666s][debug][gc] GC(1881) Reclaimed 124 empty regions
[2020-08-01T12:05:43.020+0300][84.666s][info ][gc] GC(1881) Pause Remark 247M->123M(512M) 0.719ms
[2020-08-01T12:05:43.072+0300][84.718s][info ][gc] GC(1882) Pause Young (Normal) (G1 Evacuation Pause) 172M->159M(512M) 31.901ms
[2020-08-01T12:05:43.075+0300][84.722s][info ][gc] GC(1881) Pause Cleanup 168M->168M(512M) 0.098ms
[2020-08-01T12:05:43.076+0300][84.722s][info ][gc] GC(1881) Concurrent Cycle 71.887ms
[2020-08-01T12:05:43.131+0300][84.777s][info ][gc] GC(1883) Pause Young (Concurrent Start) (G1 Humongous Allocation) 192M->194M(512M) 26.974ms
[2020-08-01T12:05:43.131+0300][84.777s][info ][gc] GC(1884) Concurrent Cycle
[2020-08-01T12:05:43.148+0300][84.794s][debug][gc] GC(1884) Reclaimed 124 empty regions
[2020-08-01T12:05:43.148+0300][84.794s][info ][gc] GC(1884) Pause Remark 246M->122M(512M) 0.601ms
[2020-08-01T12:05:43.201+0300][84.848s][info ][gc] GC(1885) Pause Young (Normal) (G1 Evacuation Pause) 172M->159M(512M) 33.034ms
[2020-08-01T12:05:43.205+0300][84.851s][info ][gc] GC(1884) Pause Cleanup 165M->165M(512M) 0.120ms
[2020-08-01T12:05:43.205+0300][84.852s][info ][gc] GC(1884) Concurrent Cycle 74.820ms
[2020-08-01T12:05:43.257+0300][84.903s][info ][gc] GC(1886) Pause Young (Concurrent Start) (G1 Humongous Allocation) 192M->193M(512M) 28.346ms
[2020-08-01T12:05:43.257+0300][84.904s][info ][gc] GC(1887) Concurrent Cycle
[2020-08-01T12:05:43.274+0300][84.920s][debug][gc] GC(1887) Reclaimed 124 empty regions
[2020-08-01T12:05:43.274+0300][84.920s][info ][gc] GC(1887) Pause Remark 246M->122M(512M) 0.602ms
[2020-08-01T12:05:43.327+0300][84.974s][info ][gc] GC(1888) Pause Young (Normal) (G1 Evacuation Pause) 172M->159M(512M) 33.210ms
[2020-08-01T12:05:43.331+0300][84.977s][info ][gc] GC(1887) Pause Cleanup 167M->167M(512M) 0.111ms
[2020-08-01T12:05:43.331+0300][84.978s][info ][gc] GC(1887) Concurrent Cycle 74.309ms
[2020-08-01T12:05:43.379+0300][85.026s][info ][gc] GC(1889) Pause Young (Concurrent Start) (G1 Humongous Allocation) 191M->192M(512M) 26.622ms
[2020-08-01T12:05:43.379+0300][85.026s][info ][gc] GC(1890) Concurrent Cycle
[2020-08-01T12:05:43.397+0300][85.043s][debug][gc] GC(1890) Reclaimed 122 empty regions
[2020-08-01T12:05:43.397+0300][85.043s][info ][gc] GC(1890) Pause Remark 246M->124M(512M) 0.639ms
[2020-08-01T12:05:43.450+0300][85.097s][info ][gc] GC(1891) Pause Young (Normal) (G1 Evacuation Pause) 173M->161M(512M) 32.974ms
[2020-08-01T12:05:43.454+0300][85.100s][info ][gc] GC(1890) Pause Cleanup 169M->169M(512M) 0.093ms
[2020-08-01T12:05:43.454+0300][85.100s][info ][gc] GC(1890) Concurrent Cycle 74.723ms
[2020-08-01T12:05:43.521+0300][85.167s][info ][gc] GC(1892) Pause Young (Concurrent Start) (G1 Humongous Allocation) 193M->194M(512M) 43.793ms
[2020-08-01T12:05:43.521+0300][85.167s][info ][gc] GC(1893) Concurrent Cycle
[2020-08-01T12:05:43.537+0300][85.184s][debug][gc] GC(1893) Reclaimed 124 empty regions
[2020-08-01T12:05:43.538+0300][85.184s][info ][gc] GC(1893) Pause Remark 248M->124M(512M) 0.757ms
[2020-08-01T12:05:43.589+0300][85.235s][info ][gc] GC(1894) Pause Young (Normal) (G1 Evacuation Pause) 172M->159M(512M) 31.949ms
[2020-08-01T12:05:43.593+0300][85.239s][info ][gc] GC(1893) Pause Cleanup 168M->168M(512M) 0.093ms
[2020-08-01T12:05:43.594+0300][85.240s][info ][gc] GC(1893) Concurrent Cycle 72.955ms
[2020-08-01T12:05:43.641+0300][85.287s][info ][gc] GC(1895) Pause Young (Concurrent Start) (G1 Humongous Allocation) 192M->194M(512M) 25.291ms
[2020-08-01T12:05:43.641+0300][85.287s][info ][gc] GC(1896) Concurrent Cycle
[2020-08-01T12:05:43.659+0300][85.306s][debug][gc] GC(1896) Reclaimed 123 empty regions
[2020-08-01T12:05:43.659+0300][85.306s][info ][gc] GC(1896) Pause Remark 250M->127M(512M) 0.576ms
[2020-08-01T12:05:43.711+0300][85.358s][info ][gc] GC(1897) Pause Young (Normal) (G1 Evacuation Pause) 173M->161M(512M) 33.533ms
[2020-08-01T12:05:43.716+0300][85.362s][info ][gc] GC(1896) Pause Cleanup 170M->170M(512M) 0.086ms
[2020-08-01T12:05:43.716+0300][85.363s][info ][gc] GC(1896) Concurrent Cycle 75.253ms
[2020-08-01T12:05:43.765+0300][85.411s][info ][gc] GC(1898) Pause Young (Concurrent Start) (G1 Humongous Allocation) 194M->196M(512M) 25.430ms
[2020-08-01T12:05:43.765+0300][85.412s][info ][gc] GC(1899) Concurrent Cycle
[2020-08-01T12:05:43.782+0300][85.429s][debug][gc] GC(1899) Reclaimed 124 empty regions
[2020-08-01T12:05:43.782+0300][85.429s][info ][gc] GC(1899) Pause Remark 249M->125M(512M) 0.586ms
[2020-08-01T12:05:43.835+0300][85.481s][info ][gc] GC(1900) Pause Young (Normal) (G1 Evacuation Pause) 174M->162M(512M) 32.729ms
[2020-08-01T12:05:43.839+0300][85.485s][info ][gc] GC(1899) Pause Cleanup 169M->169M(512M) 0.097ms
[2020-08-01T12:05:43.840+0300][85.486s][info ][gc] GC(1899) Concurrent Cycle 74.578ms
[2020-08-01T12:05:43.889+0300][85.536s][info ][gc] GC(1901) Pause Young (Concurrent Start) (G1 Humongous Allocation) 195M->196M(512M) 25.554ms
[2020-08-01T12:05:43.889+0300][85.536s][info ][gc] GC(1902) Concurrent Cycle
[2020-08-01T12:05:43.907+0300][85.553s][debug][gc] GC(1902) Reclaimed 125 empty regions
[2020-08-01T12:05:43.907+0300][85.553s][info ][gc] GC(1902) Pause Remark 250M->125M(512M) 0.595ms
[2020-08-01T12:05:43.960+0300][85.607s][info ][gc] GC(1903) Pause Young (Normal) (G1 Evacuation Pause) 173M->161M(512M) 33.795ms
[2020-08-01T12:05:43.965+0300][85.611s][info ][gc] GC(1902) Pause Cleanup 169M->169M(512M) 0.101ms
[2020-08-01T12:05:43.965+0300][85.611s][info ][gc] GC(1902) Concurrent Cycle 75.815ms
[2020-08-01T12:05:44.015+0300][85.662s][info ][gc] GC(1904) Pause Young (Concurrent Start) (G1 Humongous Allocation) 194M->195M(512M) 25.512ms
[2020-08-01T12:05:44.015+0300][85.662s][info ][gc] GC(1905) Concurrent Cycle
[2020-08-01T12:05:44.032+0300][85.678s][debug][gc] GC(1905) Reclaimed 125 empty regions
[2020-08-01T12:05:44.032+0300][85.678s][info ][gc] GC(1905) Pause Remark 247M->122M(512M) 0.591ms
[2020-08-01T12:05:44.084+0300][85.731s][info ][gc] GC(1906) Pause Young (Normal) (G1 Evacuation Pause) 172M->160M(512M) 31.875ms
[2020-08-01T12:05:44.088+0300][85.734s][info ][gc] GC(1905) Pause Cleanup 168M->168M(512M) 0.083ms
[2020-08-01T12:05:44.088+0300][85.735s][info ][gc] GC(1905) Concurrent Cycle 73.167ms
[2020-08-01T12:05:44.140+0300][85.787s][info ][gc] GC(1907) Pause Young (Concurrent Start) (G1 Humongous Allocation) 193M->194M(512M) 26.629ms
[2020-08-01T12:05:44.140+0300][85.787s][info ][gc] GC(1908) Concurrent Cycle
[2020-08-01T12:05:44.156+0300][85.803s][debug][gc] GC(1908) Reclaimed 124 empty regions
[2020-08-01T12:05:44.156+0300][85.803s][info ][gc] GC(1908) Pause Remark 247M->123M(512M) 0.611ms
[2020-08-01T12:05:44.208+0300][85.854s][info ][gc] GC(1909) Pause Young (Normal) (G1 Evacuation Pause) 172M->160M(512M) 31.391ms
[2020-08-01T12:05:44.211+0300][85.858s][info ][gc] GC(1908) Pause Cleanup 167M->167M(512M) 0.106ms
[2020-08-01T12:05:44.212+0300][85.859s][info ][gc] GC(1908) Concurrent Cycle 71.909ms
[2020-08-01T12:05:44.265+0300][85.911s][info ][gc] GC(1910) Pause Young (Concurrent Start) (G1 Humongous Allocation) 193M->193M(512M) 25.961ms
[2020-08-01T12:05:44.265+0300][85.911s][info ][gc] GC(1911) Concurrent Cycle
[2020-08-01T12:05:44.281+0300][85.928s][debug][gc] GC(1911) Reclaimed 123 empty regions
[2020-08-01T12:05:44.281+0300][85.928s][info ][gc] GC(1911) Pause Remark 245M->122M(512M) 0.588ms
[2020-08-01T12:05:44.334+0300][85.981s][info ][gc] GC(1912) Pause Young (Normal) (G1 Evacuation Pause) 173M->160M(512M) 32.198ms
[2020-08-01T12:05:44.338+0300][85.984s][info ][gc] GC(1911) Pause Cleanup 166M->166M(512M) 0.093ms
[2020-08-01T12:05:44.338+0300][85.985s][info ][gc] GC(1911) Concurrent Cycle 73.796ms
[2020-08-01T12:05:44.416+0300][86.062s][info ][gc] GC(1913) Pause Young (Concurrent Start) (G1 Humongous Allocation) 192M->194M(512M) 51.772ms
[2020-08-01T12:05:44.416+0300][86.062s][info ][gc] GC(1914) Concurrent Cycle
[2020-08-01T12:05:44.432+0300][86.078s][debug][gc] GC(1914) Reclaimed 122 empty regions
[2020-08-01T12:05:44.432+0300][86.078s][info ][gc] GC(1914) Pause Remark 248M->126M(512M) 0.621ms
[2020-08-01T12:05:44.483+0300][86.130s][info ][gc] GC(1915) Pause Young (Normal) (G1 Evacuation Pause) 174M->161M(512M) 31.921ms
[2020-08-01T12:05:44.487+0300][86.134s][info ][gc] GC(1914) Pause Cleanup 170M->170M(512M) 0.093ms
[2020-08-01T12:05:44.488+0300][86.134s][info ][gc] GC(1914) Concurrent Cycle 72.204ms
[2020-08-01T12:05:44.584+0300][86.230s][info ][gc] GC(1916) Pause Young (Concurrent Start) (G1 Humongous Allocation) 194M->195M(512M) 63.950ms
[2020-08-01T12:05:44.584+0300][86.230s][info ][gc] GC(1917) Concurrent Cycle
[2020-08-01T12:05:44.601+0300][86.248s][debug][gc] GC(1917) Reclaimed 123 empty regions
[2020-08-01T12:05:44.601+0300][86.248s][info ][gc] GC(1917) Pause Remark 249M->126M(512M) 0.620ms
[2020-08-01T12:05:44.653+0300][86.299s][info ][gc] GC(1918) Pause Young (Normal) (G1 Evacuation Pause) 174M->161M(512M) 31.946ms
[2020-08-01T12:05:44.658+0300][86.304s][info ][gc] GC(1917) Pause Cleanup 173M->173M(512M) 0.126ms
[2020-08-01T12:05:44.659+0300][86.305s][info ][gc] GC(1917) Concurrent Cycle 75.092ms
[2020-08-01T12:05:44.716+0300][86.362s][info ][gc] GC(1919) Pause Young (Concurrent Start) (G1 Humongous Allocation) 194M->195M(512M) 25.461ms
[2020-08-01T12:05:44.716+0300][86.363s][info ][gc] GC(1920) Concurrent Cycle
[2020-08-01T12:05:44.732+0300][86.378s][debug][gc] GC(1920) Reclaimed 124 empty regions
[2020-08-01T12:05:44.732+0300][86.378s][info ][gc] GC(1920) Pause Remark 248M->124M(512M) 0.586ms
[2020-08-01T12:05:44.783+0300][86.430s][info ][gc] GC(1921) Pause Young (Normal) (G1 Evacuation Pause) 173M->161M(512M) 31.509ms
[2020-08-01T12:05:44.787+0300][86.433s][info ][gc] GC(1920) Pause Cleanup 169M->169M(512M) 0.095ms
[2020-08-01T12:05:44.788+0300][86.434s][info ][gc] GC(1920) Concurrent Cycle 71.369ms
[2020-08-01T12:05:44.867+0300][86.513s][info ][gc] GC(1922) Pause Young (Concurrent Start) (G1 Humongous Allocation) 194M->194M(512M) 52.242ms
[2020-08-01T12:05:44.867+0300][86.513s][info ][gc] GC(1923) Concurrent Cycle
[2020-08-01T12:05:44.885+0300][86.531s][debug][gc] GC(1923) Reclaimed 123 empty regions
[2020-08-01T12:05:44.885+0300][86.531s][info ][gc] GC(1923) Pause Remark 248M->125M(512M) 0.617ms
[2020-08-01T12:05:44.936+0300][86.582s][info ][gc] GC(1924) Pause Young (Normal) (G1 Evacuation Pause) 173M->162M(512M) 31.133ms
[2020-08-01T12:05:44.941+0300][86.587s][info ][gc] GC(1923) Pause Cleanup 171M->171M(512M) 0.145ms
[2020-08-01T12:05:44.941+0300][86.588s][info ][gc] GC(1923) Concurrent Cycle 74.225ms
[2020-08-01T12:05:45.033+0300][86.679s][info ][gc] GC(1925) Pause Young (Concurrent Start) (G1 Humongous Allocation) 195M->196M(512M) 62.062ms
[2020-08-01T12:05:45.033+0300][86.679s][info ][gc] GC(1926) Concurrent Cycle
[2020-08-01T12:05:45.050+0300][86.696s][debug][gc] GC(1926) Reclaimed 124 empty regions
[2020-08-01T12:05:45.050+0300][86.696s][info ][gc] GC(1926) Pause Remark 250M->126M(512M) 0.625ms
[2020-08-01T12:05:45.101+0300][86.747s][info ][gc] GC(1927) Pause Young (Normal) (G1 Evacuation Pause) 174M->162M(512M) 31.984ms
[2020-08-01T12:05:45.107+0300][86.753s][info ][gc] GC(1926) Pause Cleanup 175M->175M(512M) 0.105ms
[2020-08-01T12:05:45.107+0300][86.754s][info ][gc] GC(1926) Concurrent Cycle 74.166ms
[2020-08-01T12:05:45.157+0300][86.803s][info ][gc] GC(1928) Pause Young (Concurrent Start) (G1 Humongous Allocation) 195M->196M(512M) 30.133ms
[2020-08-01T12:05:45.157+0300][86.803s][info ][gc] GC(1929) Concurrent Cycle
[2020-08-01T12:05:45.172+0300][86.819s][debug][gc] GC(1929) Reclaimed 125 empty regions
[2020-08-01T12:05:45.172+0300][86.819s][info ][gc] GC(1929) Pause Remark 250M->125M(512M) 0.586ms
[2020-08-01T12:05:45.225+0300][86.871s][info ][gc] GC(1930) Pause Young (Normal) (G1 Evacuation Pause) 173M->162M(512M) 32.819ms
[2020-08-01T12:05:45.229+0300][86.876s][info ][gc] GC(1929) Pause Cleanup 173M->173M(512M) 0.127ms
[2020-08-01T12:05:45.230+0300][86.877s][info ][gc] GC(1929) Concurrent Cycle 73.385ms
[2020-08-01T12:05:45.278+0300][86.924s][info ][gc] GC(1931) Pause Young (Concurrent Start) (G1 Humongous Allocation) 195M->196M(512M) 26.087ms
[2020-08-01T12:05:45.278+0300][86.924s][info ][gc] GC(1932) Concurrent Cycle
[2020-08-01T12:05:45.294+0300][86.940s][debug][gc] GC(1932) Reclaimed 124 empty regions
[2020-08-01T12:05:45.294+0300][86.940s][info ][gc] GC(1932) Pause Remark 249M->125M(512M) 0.608ms
[2020-08-01T12:05:45.347+0300][86.993s][info ][gc] GC(1933) Pause Young (Normal) (G1 Evacuation Pause) 174M->162M(512M) 32.247ms
[2020-08-01T12:05:45.350+0300][86.997s][info ][gc] GC(1932) Pause Cleanup 171M->171M(512M) 0.080ms
[2020-08-01T12:05:45.351+0300][86.997s][info ][gc] GC(1932) Concurrent Cycle 73.095ms
[2020-08-01T12:05:45.428+0300][87.075s][info ][gc] GC(1934) Pause Young (Concurrent Start) (G1 Humongous Allocation) 195M->197M(512M) 52.551ms
[2020-08-01T12:05:45.428+0300][87.075s][info ][gc] GC(1935) Concurrent Cycle
[2020-08-01T12:05:45.445+0300][87.091s][debug][gc] GC(1935) Reclaimed 125 empty regions
[2020-08-01T12:05:45.445+0300][87.091s][info ][gc] GC(1935) Pause Remark 250M->125M(512M) 0.593ms
[2020-08-01T12:05:45.496+0300][87.143s][info ][gc] GC(1936) Pause Young (Normal) (G1 Evacuation Pause) 173M->161M(512M) 32.355ms
[2020-08-01T12:05:45.501+0300][87.147s][info ][gc] GC(1935) Pause Cleanup 172M->172M(512M) 0.090ms
[2020-08-01T12:05:45.502+0300][87.148s][info ][gc] GC(1935) Concurrent Cycle 73.096ms
[2020-08-01T12:05:45.565+0300][87.211s][info ][gc] GC(1937) Pause Young (Concurrent Start) (G1 Humongous Allocation) 195M->196M(512M) 33.870ms
[2020-08-01T12:05:45.565+0300][87.211s][info ][gc] GC(1938) Concurrent Cycle
[2020-08-01T12:05:45.582+0300][87.229s][debug][gc] GC(1938) Reclaimed 123 empty regions
[2020-08-01T12:05:45.583+0300][87.229s][info ][gc] GC(1938) Pause Remark 250M->127M(512M) 0.602ms
[2020-08-01T12:05:45.635+0300][87.281s][info ][gc] GC(1939) Pause Young (Normal) (G1 Evacuation Pause) 175M->162M(512M) 32.927ms
[2020-08-01T12:05:45.640+0300][87.286s][info ][gc] GC(1938) Pause Cleanup 172M->172M(512M) 0.111ms
[2020-08-01T12:05:45.640+0300][87.286s][info ][gc] GC(1938) Concurrent Cycle 75.350ms
[2020-08-01T12:05:45.699+0300][87.345s][info ][gc] GC(1940) Pause Young (Concurrent Start) (G1 Humongous Allocation) 195M->196M(512M) 27.831ms
[2020-08-01T12:05:45.699+0300][87.345s][info ][gc] GC(1941) Concurrent Cycle
[2020-08-01T12:05:45.715+0300][87.361s][debug][gc] GC(1941) Reclaimed 124 empty regions
[2020-08-01T12:05:45.715+0300][87.361s][info ][gc] GC(1941) Pause Remark 249M->125M(512M) 0.651ms
[2020-08-01T12:05:45.768+0300][87.414s][info ][gc] GC(1942) Pause Young (Normal) (G1 Evacuation Pause) 174M->163M(512M) 32.635ms
[2020-08-01T12:05:45.772+0300][87.418s][info ][gc] GC(1941) Pause Cleanup 170M->170M(512M) 0.089ms
[2020-08-01T12:05:45.772+0300][87.419s][info ][gc] GC(1941) Concurrent Cycle 73.744ms
[2020-08-01T12:05:45.820+0300][87.466s][info ][gc] GC(1943) Pause Young (Concurrent Start) (G1 Humongous Allocation) 196M->197M(512M) 25.925ms
[2020-08-01T12:05:45.820+0300][87.466s][info ][gc] GC(1944) Concurrent Cycle
[2020-08-01T12:05:45.836+0300][87.482s][debug][gc] GC(1944) Reclaimed 125 empty regions
[2020-08-01T12:05:45.836+0300][87.482s][info ][gc] GC(1944) Pause Remark 250M->125M(512M) 0.579ms
[2020-08-01T12:05:45.889+0300][87.535s][info ][gc] GC(1945) Pause Young (Normal) (G1 Evacuation Pause) 173M->161M(512M) 33.028ms
[2020-08-01T12:05:45.893+0300][87.539s][info ][gc] GC(1944) Pause Cleanup 169M->169M(512M) 0.086ms
[2020-08-01T12:05:45.893+0300][87.540s][info ][gc] GC(1944) Concurrent Cycle 73.649ms
[2020-08-01T12:05:45.963+0300][87.609s][info ][gc] GC(1946) Pause Young (Concurrent Start) (G1 Humongous Allocation) 195M->196M(512M) 45.847ms
[2020-08-01T12:05:45.963+0300][87.609s][info ][gc] GC(1947) Concurrent Cycle
[2020-08-01T12:05:45.980+0300][87.626s][debug][gc] GC(1947) Reclaimed 124 empty regions
[2020-08-01T12:05:45.980+0300][87.626s][info ][gc] GC(1947) Pause Remark 251M->127M(512M) 0.654ms
[2020-08-01T12:05:46.030+0300][87.677s][info ][gc] GC(1948) Pause Young (Normal) (G1 Evacuation Pause) 173M->162M(512M) 31.947ms
[2020-08-01T12:05:46.036+0300][87.683s][info ][gc] GC(1947) Pause Cleanup 176M->176M(512M) 0.181ms
[2020-08-01T12:05:46.037+0300][87.684s][info ][gc] GC(1947) Concurrent Cycle 74.394ms
[2020-08-01T12:05:46.083+0300][87.730s][info ][gc] GC(1949) Pause Young (Concurrent Start) (G1 Humongous Allocation) 196M->197M(512M) 25.450ms
[2020-08-01T12:05:46.083+0300][87.730s][info ][gc] GC(1950) Concurrent Cycle
[2020-08-01T12:05:46.099+0300][87.746s][debug][gc] GC(1950) Reclaimed 125 empty regions
[2020-08-01T12:05:46.099+0300][87.746s][info ][gc] GC(1950) Pause Remark 252M->127M(512M) 0.596ms
[2020-08-01T12:05:46.149+0300][87.796s][info ][gc] GC(1951) Pause Young (Normal) (G1 Evacuation Pause) 173M->161M(512M) 31.366ms
[2020-08-01T12:05:46.154+0300][87.801s][info ][gc] GC(1950) Pause Cleanup 173M->173M(512M) 0.082ms
[2020-08-01T12:05:46.155+0300][87.801s][info ][gc] GC(1950) Concurrent Cycle 71.554ms
[2020-08-01T12:05:46.223+0300][87.870s][info ][gc] GC(1952) Pause Young (Concurrent Start) (G1 Humongous Allocation) 195M->197M(512M) 41.369ms
[2020-08-01T12:05:46.223+0300][87.870s][info ][gc] GC(1953) Concurrent Cycle
[2020-08-01T12:05:46.242+0300][87.889s][debug][gc] GC(1953) Reclaimed 124 empty regions
[2020-08-01T12:05:46.243+0300][87.889s][info ][gc] GC(1953) Pause Remark 252M->128M(512M) 0.759ms
[2020-08-01T12:05:46.297+0300][87.943s][info ][gc] GC(1954) Pause Young (Normal) (G1 Evacuation Pause) 174M->162M(512M) 33.153ms
[2020-08-01T12:05:46.302+0300][87.948s][info ][gc] GC(1953) Pause Cleanup 172M->172M(512M) 0.098ms
[2020-08-01T12:05:46.303+0300][87.949s][info ][gc] GC(1953) Concurrent Cycle 79.811ms
[2020-08-01T12:05:46.383+0300][88.030s][info ][gc] GC(1955) Pause Young (Concurrent Start) (G1 Humongous Allocation) 196M->197M(512M) 46.133ms
[2020-08-01T12:05:46.383+0300][88.030s][info ][gc] GC(1956) Concurrent Cycle
[2020-08-01T12:05:46.400+0300][88.046s][debug][gc] GC(1956) Reclaimed 125 empty regions
[2020-08-01T12:05:46.400+0300][88.046s][info ][gc] GC(1956) Pause Remark 251M->126M(512M) 0.612ms
[2020-08-01T12:05:46.450+0300][88.097s][info ][gc] GC(1957) Pause Young (Normal) (G1 Evacuation Pause) 173M->162M(512M) 31.585ms
[2020-08-01T12:05:46.455+0300][88.102s][info ][gc] GC(1956) Pause Cleanup 174M->174M(512M) 0.090ms
[2020-08-01T12:05:46.456+0300][88.102s][info ][gc] GC(1956) Concurrent Cycle 72.701ms
[2020-08-01T12:05:46.519+0300][88.165s][info ][gc] GC(1958) Pause Young (Concurrent Start) (G1 Humongous Allocation) 196M->197M(512M) 42.148ms
[2020-08-01T12:05:46.519+0300][88.165s][info ][gc] GC(1959) Concurrent Cycle
[2020-08-01T12:05:46.538+0300][88.185s][debug][gc] GC(1959) Reclaimed 124 empty regions
[2020-08-01T12:05:46.538+0300][88.185s][info ][gc] GC(1959) Pause Remark 251M->127M(512M) 0.740ms
[2020-08-01T12:05:46.591+0300][88.238s][info ][gc] GC(1960) Pause Young (Normal) (G1 Evacuation Pause) 174M->163M(512M) 32.107ms
[2020-08-01T12:05:46.596+0300][88.242s][info ][gc] GC(1959) Pause Cleanup 171M->171M(512M) 0.088ms
[2020-08-01T12:05:46.596+0300][88.243s][info ][gc] GC(1959) Concurrent Cycle 77.516ms
[2020-08-01T12:05:46.643+0300][88.290s][info ][gc] GC(1961) Pause Young (Concurrent Start) (G1 Humongous Allocation) 197M->198M(512M) 25.533ms
[2020-08-01T12:05:46.643+0300][88.290s][info ][gc] GC(1962) Concurrent Cycle
[2020-08-01T12:05:46.663+0300][88.309s][debug][gc] GC(1962) Reclaimed 125 empty regions
[2020-08-01T12:05:46.663+0300][88.309s][info ][gc] GC(1962) Pause Remark 252M->127M(512M) 0.600ms
[2020-08-01T12:05:46.714+0300][88.360s][info ][gc] GC(1963) Pause Young (Normal) (G1 Evacuation Pause) 174M->161M(512M) 31.975ms
[2020-08-01T12:05:46.719+0300][88.365s][info ][gc] GC(1962) Pause Cleanup 173M->173M(512M) 0.084ms
[2020-08-01T12:05:46.719+0300][88.366s][info ][gc] GC(1962) Concurrent Cycle 76.152ms
[2020-08-01T12:05:46.768+0300][88.414s][info ][gc] GC(1964) Pause Young (Concurrent Start) (G1 Humongous Allocation) 195M->197M(512M) 25.845ms
[2020-08-01T12:05:46.768+0300][88.414s][info ][gc] GC(1965) Concurrent Cycle
[2020-08-01T12:05:46.784+0300][88.431s][debug][gc] GC(1965) Reclaimed 124 empty regions
[2020-08-01T12:05:46.784+0300][88.431s][info ][gc] GC(1965) Pause Remark 251M->127M(512M) 0.605ms
[2020-08-01T12:05:46.835+0300][88.482s][info ][gc] GC(1966) Pause Young (Normal) (G1 Evacuation Pause) 174M->161M(512M) 31.953ms
[2020-08-01T12:05:46.840+0300][88.486s][info ][gc] GC(1965) Pause Cleanup 172M->172M(512M) 0.084ms
[2020-08-01T12:05:46.840+0300][88.487s][info ][gc] GC(1965) Concurrent Cycle 72.783ms
[2020-08-01T12:05:46.891+0300][88.538s][info ][gc] GC(1967) Pause Young (Concurrent Start) (G1 Humongous Allocation) 195M->197M(512M) 25.604ms
[2020-08-01T12:05:46.891+0300][88.538s][info ][gc] GC(1968) Concurrent Cycle
[2020-08-01T12:05:46.908+0300][88.555s][debug][gc] GC(1968) Reclaimed 124 empty regions
[2020-08-01T12:05:46.908+0300][88.555s][info ][gc] GC(1968) Pause Remark 251M->127M(512M) 0.586ms
[2020-08-01T12:05:46.959+0300][88.605s][info ][gc] GC(1969) Pause Young (Normal) (G1 Evacuation Pause) 174M->161M(512M) 31.550ms
[2020-08-01T12:05:46.963+0300][88.610s][info ][gc] GC(1968) Pause Cleanup 171M->171M(512M) 0.087ms
[2020-08-01T12:05:46.964+0300][88.610s][info ][gc] GC(1968) Concurrent Cycle 72.455ms
[2020-08-01T12:05:47.022+0300][88.668s][info ][gc] GC(1970) Pause Young (Concurrent Start) (G1 Humongous Allocation) 195M->196M(512M) 30.980ms
[2020-08-01T12:05:47.022+0300][88.668s][info ][gc] GC(1971) Concurrent Cycle
[2020-08-01T12:05:47.040+0300][88.686s][debug][gc] GC(1971) Reclaimed 123 empty regions
[2020-08-01T12:05:47.040+0300][88.686s][info ][gc] GC(1971) Pause Remark 251M->128M(512M) 0.592ms
[2020-08-01T12:05:47.097+0300][88.744s][info ][gc] GC(1972) Pause Young (Normal) (G1 Evacuation Pause) 175M->162M(512M) 38.339ms
[2020-08-01T12:05:47.102+0300][88.748s][info ][gc] GC(1971) Pause Cleanup 174M->174M(512M) 0.085ms
[2020-08-01T12:05:47.102+0300][88.749s][info ][gc] GC(1971) Concurrent Cycle 80.663ms
[2020-08-01T12:05:47.162+0300][88.809s][info ][gc] GC(1973) Pause Young (Concurrent Start) (G1 Humongous Allocation) 195M->196M(512M) 30.727ms
[2020-08-01T12:05:47.162+0300][88.809s][info ][gc] GC(1974) Concurrent Cycle
[2020-08-01T12:05:47.179+0300][88.826s][debug][gc] GC(1974) Reclaimed 125 empty regions
[2020-08-01T12:05:47.179+0300][88.826s][info ][gc] GC(1974) Pause Remark 250M->125M(512M) 0.673ms
[2020-08-01T12:05:47.231+0300][88.878s][info ][gc] GC(1975) Pause Young (Normal) (G1 Evacuation Pause) 173M->162M(512M) 31.996ms
[2020-08-01T12:05:47.236+0300][88.882s][info ][gc] GC(1974) Pause Cleanup 165M->165M(512M) 0.123ms
[2020-08-01T12:05:47.236+0300][88.883s][info ][gc] GC(1974) Concurrent Cycle 73.971ms
[2020-08-01T12:05:47.297+0300][88.943s][info ][gc] GC(1976) Pause Young (Concurrent Start) (G1 Humongous Allocation) 195M->196M(512M) 25.938ms
[2020-08-01T12:05:47.297+0300][88.943s][info ][gc] GC(1977) Concurrent Cycle
[2020-08-01T12:05:47.314+0300][88.960s][debug][gc] GC(1977) Reclaimed 124 empty regions
[2020-08-01T12:05:47.314+0300][88.960s][info ][gc] GC(1977) Pause Remark 250M->126M(512M) 0.589ms
[2020-08-01T12:05:47.371+0300][89.018s][info ][gc] GC(1978) Pause Young (Normal) (G1 Evacuation Pause) 174M->162M(512M) 38.563ms
[2020-08-01T12:05:47.376+0300][89.023s][info ][gc] GC(1977) Pause Cleanup 172M->172M(512M) 0.115ms
[2020-08-01T12:05:47.377+0300][89.023s][info ][gc] GC(1977) Concurrent Cycle 80.230ms
[2020-08-01T12:05:47.426+0300][89.073s][info ][gc] GC(1979) Pause Young (Concurrent Start) (G1 Humongous Allocation) 195M->197M(512M) 30.782ms
[2020-08-01T12:05:47.426+0300][89.073s][info ][gc] GC(1980) Concurrent Cycle
[2020-08-01T12:05:47.445+0300][89.092s][debug][gc] GC(1980) Reclaimed 125 empty regions
[2020-08-01T12:05:47.445+0300][89.092s][info ][gc] GC(1980) Pause Remark 250M->125M(512M) 0.697ms
[2020-08-01T12:05:47.504+0300][89.151s][info ][gc] GC(1981) Pause Young (Normal) (G1 Evacuation Pause) 173M->162M(512M) 38.418ms
[2020-08-01T12:05:47.509+0300][89.155s][info ][gc] GC(1980) Pause Cleanup 170M->170M(512M) 0.102ms
[2020-08-01T12:05:47.510+0300][89.156s][info ][gc] GC(1980) Concurrent Cycle 83.006ms
[2020-08-01T12:05:47.562+0300][89.208s][info ][gc] GC(1982) Pause Young (Concurrent Start) (G1 Humongous Allocation) 196M->197M(512M) 25.960ms
[2020-08-01T12:05:47.562+0300][89.208s][info ][gc] GC(1983) Concurrent Cycle
[2020-08-01T12:05:47.579+0300][89.226s][debug][gc] GC(1983) Reclaimed 124 empty regions
[2020-08-01T12:05:47.579+0300][89.226s][info ][gc] GC(1983) Pause Remark 250M->126M(512M) 0.585ms
[2020-08-01T12:05:47.637+0300][89.284s][info ][gc] GC(1984) Pause Young (Normal) (G1 Evacuation Pause) 174M->162M(512M) 38.123ms
[2020-08-01T12:05:47.642+0300][89.288s][info ][gc] GC(1983) Pause Cleanup 172M->172M(512M) 0.146ms
[2020-08-01T12:05:47.643+0300][89.289s][info ][gc] GC(1983) Concurrent Cycle 80.881ms
[2020-08-01T12:05:47.707+0300][89.354s][info ][gc] GC(1985) Pause Young (Concurrent Start) (G1 Humongous Allocation) 196M->197M(512M) 30.729ms
[2020-08-01T12:05:47.707+0300][89.354s][info ][gc] GC(1986) Concurrent Cycle
[2020-08-01T12:05:47.727+0300][89.373s][debug][gc] GC(1986) Reclaimed 125 empty regions
[2020-08-01T12:05:47.727+0300][89.373s][info ][gc] GC(1986) Pause Remark 252M->127M(512M) 0.661ms
[2020-08-01T12:05:47.779+0300][89.426s][info ][gc] GC(1987) Pause Young (Normal) (G1 Evacuation Pause) 173M->162M(512M) 32.395ms
[2020-08-01T12:05:47.785+0300][89.431s][info ][gc] GC(1986) Pause Cleanup 173M->173M(512M) 0.215ms
[2020-08-01T12:05:47.785+0300][89.432s][info ][gc] GC(1986) Concurrent Cycle 77.949ms
[2020-08-01T12:05:47.847+0300][89.493s][info ][gc] GC(1988) Pause Young (Concurrent Start) (G1 Humongous Allocation) 196M->197M(512M) 31.154ms
[2020-08-01T12:05:47.847+0300][89.493s][info ][gc] GC(1989) Concurrent Cycle
[2020-08-01T12:05:47.865+0300][89.511s][debug][gc] GC(1989) Reclaimed 125 empty regions
[2020-08-01T12:05:47.865+0300][89.511s][info ][gc] GC(1989) Pause Remark 251M->126M(512M) 0.641ms
[2020-08-01T12:05:47.916+0300][89.563s][info ][gc] GC(1990) Pause Young (Normal) (G1 Evacuation Pause) 173M->161M(512M) 31.596ms
[2020-08-01T12:05:47.921+0300][89.567s][info ][gc] GC(1989) Pause Cleanup 172M->172M(512M) 0.087ms
[2020-08-01T12:05:47.921+0300][89.568s][info ][gc] GC(1989) Concurrent Cycle 74.509ms
[2020-08-01T12:05:47.980+0300][89.627s][info ][gc] GC(1991) Pause Young (Concurrent Start) (G1 Humongous Allocation) 195M->196M(512M) 25.420ms
[2020-08-01T12:05:47.980+0300][89.627s][info ][gc] GC(1992) Concurrent Cycle
[2020-08-01T12:05:47.998+0300][89.645s][debug][gc] GC(1992) Reclaimed 124 empty regions
[2020-08-01T12:05:47.998+0300][89.645s][info ][gc] GC(1992) Pause Remark 251M->127M(512M) 0.581ms
[2020-08-01T12:05:48.048+0300][89.695s][info ][gc] GC(1993) Pause Young (Normal) (G1 Evacuation Pause) 173M->160M(512M) 31.134ms
[2020-08-01T12:05:48.054+0300][89.700s][info ][gc] GC(1992) Pause Cleanup 173M->173M(512M) 0.089ms
[2020-08-01T12:05:48.055+0300][89.701s][info ][gc] GC(1992) Concurrent Cycle 74.445ms
[2020-08-01T12:05:48.105+0300][89.751s][info ][gc] GC(1994) Pause Young (Concurrent Start) (G1 Humongous Allocation) 194M->195M(512M) 25.392ms
[2020-08-01T12:05:48.105+0300][89.751s][info ][gc] GC(1995) Concurrent Cycle
[2020-08-01T12:05:48.122+0300][89.768s][debug][gc] GC(1995) Reclaimed 122 empty regions
[2020-08-01T12:05:48.122+0300][89.769s][info ][gc] GC(1995) Pause Remark 250M->128M(512M) 0.658ms
[2020-08-01T12:05:48.172+0300][89.818s][info ][gc] GC(1996) Pause Young (Normal) (G1 Evacuation Pause) 175M->163M(512M) 31.113ms
[2020-08-01T12:05:48.177+0300][89.823s][info ][gc] GC(1995) Pause Cleanup 175M->175M(512M) 0.087ms
[2020-08-01T12:05:48.177+0300][89.824s][info ][gc] GC(1995) Concurrent Cycle 72.417ms
[2020-08-01T12:05:48.229+0300][89.875s][info ][gc] GC(1997) Pause Young (Concurrent Start) (G1 Humongous Allocation) 196M->196M(512M) 25.135ms
[2020-08-01T12:05:48.229+0300][89.875s][info ][gc] GC(1998) Concurrent Cycle
[2020-08-01T12:05:48.246+0300][89.893s][debug][gc] GC(1998) Reclaimed 125 empty regions
[2020-08-01T12:05:48.246+0300][89.893s][info ][gc] GC(1998) Pause Remark 251M->126M(512M) 0.641ms
[2020-08-01T12:05:48.308+0300][89.955s][info ][gc] GC(1999) Pause Young (Normal) (G1 Evacuation Pause) 172M->160M(512M) 40.047ms
[2020-08-01T12:05:48.313+0300][89.960s][info ][gc] GC(1998) Pause Cleanup 171M->171M(512M) 0.131ms
[2020-08-01T12:05:48.314+0300][89.961s][info ][gc] GC(1998) Concurrent Cycle 85.324ms
[2020-08-01T12:05:48.370+0300][90.017s][info ][gc] GC(2000) Pause Young (Concurrent Start) (G1 Humongous Allocation) 194M->195M(512M) 25.652ms
[2020-08-01T12:05:48.370+0300][90.017s][info ][gc] GC(2001) Concurrent Cycle
[2020-08-01T12:05:48.387+0300][90.034s][debug][gc] GC(2001) Reclaimed 122 empty regions
[2020-08-01T12:05:48.387+0300][90.034s][info ][gc] GC(2001) Pause Remark 251M->129M(512M) 0.627ms
[2020-08-01T12:05:48.439+0300][90.086s][info ][gc] GC(2002) Pause Young (Normal) (G1 Evacuation Pause) 175M->162M(512M) 32.809ms
[2020-08-01T12:05:48.444+0300][90.091s][info ][gc] GC(2001) Pause Cleanup 174M->174M(512M) 0.099ms
[2020-08-01T12:05:48.445+0300][90.091s][info ][gc] GC(2001) Concurrent Cycle 74.653ms
[2020-08-01T12:05:48.495+0300][90.142s][info ][gc] GC(2003) Pause Young (Concurrent Start) (G1 Humongous Allocation) 195M->197M(512M) 25.443ms
[2020-08-01T12:05:48.495+0300][90.142s][info ][gc] GC(2004) Concurrent Cycle
[2020-08-01T12:05:48.512+0300][90.159s][debug][gc] GC(2004) Reclaimed 125 empty regions
[2020-08-01T12:05:48.512+0300][90.159s][info ][gc] GC(2004) Pause Remark 252M->127M(512M) 0.736ms
[2020-08-01T12:05:48.564+0300][90.210s][info ][gc] GC(2005) Pause Young (Normal) (G1 Evacuation Pause) 173M->161M(512M) 32.195ms
[2020-08-01T12:05:48.569+0300][90.216s][info ][gc] GC(2004) Pause Cleanup 173M->173M(512M) 0.087ms
[2020-08-01T12:05:48.570+0300][90.216s][info ][gc] GC(2004) Concurrent Cycle 74.784ms
[2020-08-01T12:05:48.624+0300][90.271s][info ][gc] GC(2006) Pause Young (Concurrent Start) (G1 Humongous Allocation) 195M->196M(512M) 30.450ms
[2020-08-01T12:05:48.624+0300][90.271s][info ][gc] GC(2007) Concurrent Cycle
[2020-08-01T12:05:48.641+0300][90.288s][debug][gc] GC(2007) Reclaimed 124 empty regions
[2020-08-01T12:05:48.641+0300][90.288s][info ][gc] GC(2007) Pause Remark 249M->125M(512M) 0.619ms
[2020-08-01T12:05:48.697+0300][90.343s][info ][gc] GC(2008) Pause Young (Normal) (G1 Evacuation Pause) 174M->162M(512M) 34.139ms
[2020-08-01T12:05:48.701+0300][90.347s][info ][gc] GC(2007) Pause Cleanup 171M->171M(512M) 0.093ms
[2020-08-01T12:05:48.701+0300][90.348s][info ][gc] GC(2007) Concurrent Cycle 77.052ms
[2020-08-01T12:05:48.759+0300][90.405s][info ][gc] GC(2009) Pause Young (Concurrent Start) (G1 Humongous Allocation) 195M->196M(512M) 25.386ms
[2020-08-01T12:05:48.759+0300][90.406s][info ][gc] GC(2010) Concurrent Cycle
[2020-08-01T12:05:48.778+0300][90.425s][debug][gc] GC(2010) Reclaimed 125 empty regions
[2020-08-01T12:05:48.778+0300][90.425s][info ][gc] GC(2010) Pause Remark 253M->128M(512M) 0.637ms
[2020-08-01T12:05:48.830+0300][90.476s][info ][gc] GC(2011) Pause Young (Normal) (G1 Evacuation Pause) 173M->161M(512M) 33.062ms
[2020-08-01T12:05:48.836+0300][90.482s][info ][gc] GC(2010) Pause Cleanup 171M->171M(512M) 0.104ms
[2020-08-01T12:05:48.836+0300][90.483s][info ][gc] GC(2010) Concurrent Cycle 77.291ms
[2020-08-01T12:05:48.889+0300][90.536s][info ][gc] GC(2012) Pause Young (Concurrent Start) (G1 Humongous Allocation) 194M->195M(512M) 29.755ms
[2020-08-01T12:05:48.889+0300][90.536s][info ][gc] GC(2013) Concurrent Cycle
[2020-08-01T12:05:48.907+0300][90.554s][debug][gc] GC(2013) Reclaimed 124 empty regions
[2020-08-01T12:05:48.907+0300][90.554s][info ][gc] GC(2013) Pause Remark 246M->122M(512M) 0.686ms
[2020-08-01T12:05:48.961+0300][90.608s][info ][gc] GC(2014) Pause Young (Normal) (G1 Evacuation Pause) 173M->160M(512M) 32.938ms
[2020-08-01T12:05:48.965+0300][90.611s][info ][gc] GC(2013) Pause Cleanup 167M->167M(512M) 0.119ms
[2020-08-01T12:05:48.966+0300][90.612s][info ][gc] GC(2013) Concurrent Cycle 76.112ms
[2020-08-01T12:05:49.028+0300][90.674s][info ][gc] GC(2015) Pause Young (Concurrent Start) (G1 Humongous Allocation) 193M->194M(512M) 28.277ms
[2020-08-01T12:05:49.028+0300][90.674s][info ][gc] GC(2016) Concurrent Cycle
[2020-08-01T12:05:49.046+0300][90.692s][debug][gc] GC(2016) Reclaimed 123 empty regions
[2020-08-01T12:05:49.046+0300][90.692s][info ][gc] GC(2016) Pause Remark 249M->126M(512M) 0.621ms
[2020-08-01T12:05:49.097+0300][90.744s][info ][gc] GC(2017) Pause Young (Normal) (G1 Evacuation Pause) 173M->160M(512M) 32.187ms
[2020-08-01T12:05:49.102+0300][90.748s][info ][gc] GC(2016) Pause Cleanup 171M->171M(512M) 0.086ms
[2020-08-01T12:05:49.102+0300][90.749s][info ][gc] GC(2016) Concurrent Cycle 74.339ms
[2020-08-01T12:05:49.149+0300][90.796s][info ][gc] GC(2018) Pause Young (Concurrent Start) (G1 Humongous Allocation) 193M->194M(512M) 25.472ms
[2020-08-01T12:05:49.149+0300][90.796s][info ][gc] GC(2019) Concurrent Cycle
[2020-08-01T12:05:49.166+0300][90.812s][debug][gc] GC(2019) Reclaimed 122 empty regions
[2020-08-01T12:05:49.166+0300][90.812s][info ][gc] GC(2019) Pause Remark 246M->124M(512M) 0.584ms
[2020-08-01T12:05:49.218+0300][90.865s][info ][gc] GC(2020) Pause Young (Normal) (G1 Evacuation Pause) 174M->161M(512M) 32.741ms
[2020-08-01T12:05:49.222+0300][90.868s][info ][gc] GC(2019) Pause Cleanup 169M->169M(512M) 0.086ms
[2020-08-01T12:05:49.222+0300][90.869s][info ][gc] GC(2019) Concurrent Cycle 73.169ms
[2020-08-01T12:05:49.274+0300][90.920s][info ][gc] GC(2021) Pause Young (Concurrent Start) (G1 Humongous Allocation) 194M->195M(512M) 25.885ms
[2020-08-01T12:05:49.274+0300][90.920s][info ][gc] GC(2022) Concurrent Cycle
[2020-08-01T12:05:49.292+0300][90.938s][debug][gc] GC(2022) Reclaimed 123 empty regions
[2020-08-01T12:05:49.292+0300][90.939s][info ][gc] GC(2022) Pause Remark 248M->125M(512M) 0.651ms
[2020-08-01T12:05:49.346+0300][90.993s][info ][gc] GC(2023) Pause Young (Normal) (G1 Evacuation Pause) 174M->161M(512M) 32.957ms
[2020-08-01T12:05:49.349+0300][90.996s][info ][gc] GC(2022) Pause Cleanup 168M->168M(512M) 0.091ms
[2020-08-01T12:05:49.350+0300][90.996s][info ][gc] GC(2022) Concurrent Cycle 76.437ms
[2020-08-01T12:05:49.415+0300][91.061s][info ][gc] GC(2024) Pause Young (Concurrent Start) (G1 Humongous Allocation) 194M->195M(512M) 42.990ms
[2020-08-01T12:05:49.415+0300][91.061s][info ][gc] GC(2025) Concurrent Cycle
[2020-08-01T12:05:49.431+0300][91.077s][debug][gc] GC(2025) Reclaimed 122 empty regions
[2020-08-01T12:05:49.431+0300][91.077s][info ][gc] GC(2025) Pause Remark 249M->127M(512M) 0.585ms
[2020-08-01T12:05:49.483+0300][91.129s][info ][gc] GC(2026) Pause Young (Normal) (G1 Evacuation Pause) 175M->162M(512M) 32.680ms
[2020-08-01T12:05:49.487+0300][91.133s][info ][gc] GC(2025) Pause Cleanup 171M->171M(512M) 0.083ms
[2020-08-01T12:05:49.487+0300][91.134s][info ][gc] GC(2025) Concurrent Cycle 72.644ms
[2020-08-01T12:05:49.565+0300][91.211s][info ][gc] GC(2027) Pause Young (Concurrent Start) (G1 Humongous Allocation) 195M->197M(512M) 53.779ms
[2020-08-01T12:05:49.565+0300][91.211s][info ][gc] GC(2028) Concurrent Cycle
[2020-08-01T12:05:49.582+0300][91.228s][debug][gc] GC(2028) Reclaimed 123 empty regions
[2020-08-01T12:05:49.582+0300][91.228s][info ][gc] GC(2028) Pause Remark 251M->128M(512M) 0.592ms
[2020-08-01T12:05:49.633+0300][91.279s][info ][gc] GC(2029) Pause Young (Normal) (G1 Evacuation Pause) 175M->163M(512M) 31.862ms
[2020-08-01T12:05:49.637+0300][91.283s][info ][gc] GC(2028) Pause Cleanup 173M->173M(512M) 0.082ms
[2020-08-01T12:05:49.637+0300][91.284s][info ][gc] GC(2028) Concurrent Cycle 72.757ms
[2020-08-01T12:05:49.694+0300][91.341s][info ][gc] GC(2030) Pause Young (Concurrent Start) (G1 Humongous Allocation) 197M->198M(512M) 27.808ms
[2020-08-01T12:05:49.695+0300][91.341s][info ][gc] GC(2031) Concurrent Cycle
[2020-08-01T12:05:49.711+0300][91.357s][debug][gc] GC(2031) Reclaimed 124 empty regions
[2020-08-01T12:05:49.711+0300][91.357s][info ][gc] GC(2031) Pause Remark 252M->128M(512M) 0.610ms
[2020-08-01T12:05:49.762+0300][91.408s][info ][gc] GC(2032) Pause Young (Normal) (G1 Evacuation Pause) 175M->163M(512M) 31.944ms
[2020-08-01T12:05:49.767+0300][91.413s][info ][gc] GC(2031) Pause Cleanup 175M->175M(512M) 0.090ms
[2020-08-01T12:05:49.768+0300][91.414s][info ][gc] GC(2031) Concurrent Cycle 72.992ms
[2020-08-01T12:05:49.845+0300][91.491s][info ][gc] GC(2033) Pause Young (Concurrent Start) (G1 Humongous Allocation) 197M->199M(512M) 53.866ms
[2020-08-01T12:05:49.845+0300][91.491s][info ][gc] GC(2034) Concurrent Cycle
[2020-08-01T12:05:49.862+0300][91.509s][debug][gc] GC(2034) Reclaimed 125 empty regions
[2020-08-01T12:05:49.862+0300][91.509s][info ][gc] GC(2034) Pause Remark 254M->129M(512M) 0.601ms
[2020-08-01T12:05:49.913+0300][91.560s][info ][gc] GC(2035) Pause Young (Normal) (G1 Evacuation Pause) 175M->163M(512M) 32.181ms
[2020-08-01T12:05:49.918+0300][91.565s][info ][gc] GC(2034) Pause Cleanup 176M->176M(512M) 0.092ms
[2020-08-01T12:05:49.919+0300][91.565s][info ][gc] GC(2034) Concurrent Cycle 73.935ms
[2020-08-01T12:05:49.988+0300][91.634s][info ][gc] GC(2036) Pause Young (Concurrent Start) (G1 Humongous Allocation) 197M->197M(512M) 41.263ms
[2020-08-01T12:05:49.988+0300][91.634s][info ][gc] GC(2037) Concurrent Cycle
[2020-08-01T12:05:50.005+0300][91.651s][debug][gc] GC(2037) Reclaimed 122 empty regions
[2020-08-01T12:05:50.005+0300][91.651s][info ][gc] GC(2037) Pause Remark 253M->131M(512M) 0.606ms
[2020-08-01T12:05:50.054+0300][91.701s][info ][gc] GC(2038) Pause Young (Normal) (G1 Evacuation Pause) 176M->165M(512M) 31.339ms
[2020-08-01T12:05:50.061+0300][91.707s][info ][gc] GC(2037) Pause Cleanup 180M->180M(512M) 0.083ms
[2020-08-01T12:05:50.061+0300][91.708s][info ][gc] GC(2037) Concurrent Cycle 73.365ms
[2020-08-01T12:05:50.246+0300][91.892s][info ][gc] GC(2039) Pause Young (Prepare Mixed) (G1 Evacuation Pause) 276M->277M(512M) 67.168ms
[2020-08-01T12:05:50.264+0300][91.911s][info ][gc] GC(2040) Pause Young (Mixed) (G1 Evacuation Pause) 289M->263M(512M) 13.618ms
[2020-08-01T12:05:50.323+0300][91.970s][info ][gc] GC(2041) Pause Young (Concurrent Start) (G1 Humongous Allocation) 309M->310M(512M) 20.501ms
[2020-08-01T12:05:50.323+0300][91.970s][info ][gc] GC(2042) Concurrent Cycle
[2020-08-01T12:05:50.341+0300][91.987s][debug][gc] GC(2042) Reclaimed 253 empty regions
[2020-08-01T12:05:50.341+0300][91.987s][info ][gc] GC(2042) Pause Remark 364M->111M(512M) 0.646ms
[2020-08-01T12:05:50.366+0300][92.012s][info ][gc] GC(2043) Pause Young (Normal) (G1 Evacuation Pause) 123M->116M(512M) 19.471ms
[2020-08-01T12:05:50.388+0300][92.035s][info ][gc] GC(2042) Pause Cleanup 173M->173M(512M) 0.061ms
[2020-08-01T12:05:50.389+0300][92.035s][info ][gc] GC(2042) Concurrent Cycle 65.501ms
[2020-08-01T12:05:50.445+0300][92.091s][info ][gc] GC(2044) Pause Young (Concurrent Start) (G1 Humongous Allocation) 185M->186M(512M) 32.147ms
[2020-08-01T12:05:50.445+0300][92.091s][info ][gc] GC(2045) Concurrent Cycle
[2020-08-01T12:05:50.470+0300][92.116s][debug][gc] GC(2045) Reclaimed 103 empty regions
[2020-08-01T12:05:50.470+0300][92.116s][info ][gc] GC(2045) Pause Remark 261M->158M(512M) 0.787ms
[2020-08-01T12:05:50.515+0300][92.161s][info ][gc] GC(2046) Pause Young (Normal) (G1 Evacuation Pause) 188M->175M(512M) 32.770ms
[2020-08-01T12:05:50.540+0300][92.186s][info ][gc] GC(2045) Pause Cleanup 225M->225M(512M) 0.079ms
[2020-08-01T12:05:50.541+0300][92.187s][info ][gc] GC(2045) Concurrent Cycle 95.768ms
[2020-08-01T12:05:50.610+0300][92.257s][info ][gc] GC(2047) Pause Young (Normal) (G1 Evacuation Pause) 283M->283M(512M) 47.162ms
[2020-08-01T12:05:50.658+0300][92.304s][info ][gc] GC(2048) Pause Young (Concurrent Start) (G1 Evacuation Pause) 337M->338M(512M) 25.926ms
[2020-08-01T12:05:50.658+0300][92.304s][info ][gc] GC(2049) Concurrent Cycle
[2020-08-01T12:05:50.715+0300][92.362s][info ][gc] GC(2050) Pause Young (Normal) (G1 Evacuation Pause) 395M->397M(512M) 19.227ms
[2020-08-01T12:05:50.735+0300][92.381s][info ][gc] GC(2051) Pause Young (Normal) (G1 Evacuation Pause) 416M->418M(512M) 10.624ms
[2020-08-01T12:05:50.755+0300][92.402s][info ][gc] GC(2052) Pause Young (Normal) (G1 Evacuation Pause) 439M->441M(512M) 11.352ms
[2020-08-01T12:05:50.774+0300][92.421s][info ][gc] GC(2053) Pause Young (Normal) (G1 Evacuation Pause) 462M->463M(512M) 10.302ms
[2020-08-01T12:05:50.786+0300][92.432s][debug][gc] GC(2049) Reclaimed 184 empty regions
[2020-08-01T12:05:50.786+0300][92.432s][info ][gc] GC(2049) Pause Remark 483M->299M(512M) 0.608ms
[2020-08-01T12:05:50.818+0300][92.464s][info ][gc] GC(2054) Pause Young (Normal) (G1 Evacuation Pause) 320M->322M(512M) 12.151ms
[2020-08-01T12:05:50.857+0300][92.503s][info ][gc] GC(2055) Pause Young (Normal) (G1 Evacuation Pause) 364M->365M(512M) 21.800ms
[2020-08-01T12:05:50.891+0300][92.538s][info ][gc] GC(2056) Pause Young (Normal) (G1 Evacuation Pause) 393M->395M(512M) 22.684ms
[2020-08-01T12:05:50.921+0300][92.567s][info ][gc] GC(2057) Pause Young (Normal) (G1 Evacuation Pause) 415M->416M(512M) 20.952ms
[2020-08-01T12:05:50.953+0300][92.600s][info ][gc] GC(2058) Pause Young (Normal) (G1 Evacuation Pause) 437M->438M(512M) 23.453ms
[2020-08-01T12:05:51.011+0300][92.658s][info ][gc] GC(2059) Pause Young (Normal) (G1 Evacuation Pause) 479M->480M(512M) 26.170ms
[2020-08-01T12:05:51.063+0300][92.710s][info ][gc] GC(2060) To-space exhausted
[2020-08-01T12:05:51.063+0300][92.710s][info ][gc] GC(2060) Pause Young (Normal) (G1 Evacuation Pause) 501M->508M(512M) 42.605ms
[2020-08-01T12:05:51.093+0300][92.740s][info ][gc] GC(2061) To-space exhausted
[2020-08-01T12:05:51.093+0300][92.740s][info ][gc] GC(2061) Pause Young (Normal) (G1 Evacuation Pause) 511M->511M(512M) 28.509ms
[2020-08-01T12:05:51.094+0300][92.740s][debug][gc] GC(2062) Clear Next Bitmap 0.254ms
[2020-08-01T12:05:51.136+0300][92.783s][info ][gc] GC(2062) Pause Full (G1 Evacuation Pause) 511M->65M(512M) 42.862ms
[2020-08-01T12:05:51.137+0300][92.783s][info ][gc] GC(2049) Concurrent Cycle 478.851ms
[2020-08-01T12:05:51.248+0300][92.894s][info ][gc] GC(2063) Pause Young (Normal) (G1 Evacuation Pause) 209M->209M(512M) 47.422ms
[2020-08-01T12:05:51.331+0300][92.977s][info ][gc] GC(2064) Pause Young (Concurrent Start) (G1 Humongous Allocation) 272M->273M(512M) 44.726ms
[2020-08-01T12:05:51.331+0300][92.977s][info ][gc] GC(2065) Concurrent Cycle
[2020-08-01T12:05:51.357+0300][93.004s][debug][gc] GC(2065) Reclaimed 190 empty regions
[2020-08-01T12:05:51.357+0300][93.004s][info ][gc] GC(2065) Pause Remark 343M->156M(512M) 0.610ms
[2020-08-01T12:05:51.383+0300][93.030s][info ][gc] GC(2066) Pause Young (Normal) (G1 Evacuation Pause) 162M->151M(512M) 23.417ms
[2020-08-01T12:05:51.417+0300][93.063s][info ][gc] GC(2065) Pause Cleanup 210M->210M(512M) 0.061ms
[2020-08-01T12:05:51.417+0300][93.064s][info ][gc] GC(2065) Concurrent Cycle 86.629ms
[2020-08-01T12:05:51.448+0300][93.095s][info ][gc] GC(2067) Pause Young (Concurrent Start) (G1 Humongous Allocation) 210M->211M(512M) 30.606ms
[2020-08-01T12:05:51.448+0300][93.095s][info ][gc] GC(2068) Concurrent Cycle
[2020-08-01T12:05:51.471+0300][93.118s][debug][gc] GC(2068) Reclaimed 132 empty regions
[2020-08-01T12:05:51.471+0300][93.118s][info ][gc] GC(2068) Pause Remark 278M->146M(512M) 0.635ms
[2020-08-01T12:05:51.514+0300][93.160s][info ][gc] GC(2069) Pause Young (Normal) (G1 Evacuation Pause) 176M->164M(512M) 30.207ms
[2020-08-01T12:05:51.535+0300][93.181s][info ][gc] GC(2068) Pause Cleanup 202M->202M(512M) 0.067ms
[2020-08-01T12:05:51.535+0300][93.181s][info ][gc] GC(2068) Concurrent Cycle 86.797ms
[2020-08-01T12:05:51.585+0300][93.231s][info ][gc] GC(2070) Pause Young (Concurrent Start) (G1 Humongous Allocation) 202M->202M(512M) 44.026ms
[2020-08-01T12:05:51.585+0300][93.231s][info ][gc] GC(2071) Concurrent Cycle
[2020-08-01T12:05:51.602+0300][93.248s][debug][gc] GC(2071) Reclaimed 139 empty regions
[2020-08-01T12:05:51.602+0300][93.248s][info ][gc] GC(2071) Pause Remark 258M->119M(512M) 0.585ms
[2020-08-01T12:05:51.650+0300][93.297s][info ][gc] GC(2072) Pause Young (Normal) (G1 Evacuation Pause) 163M->151M(512M) 30.444ms
[2020-08-01T12:05:51.659+0300][93.305s][info ][gc] GC(2071) Pause Cleanup 170M->170M(512M) 0.084ms
[2020-08-01T12:05:51.659+0300][93.306s][info ][gc] GC(2071) Concurrent Cycle 74.445ms
[2020-08-01T12:05:51.702+0300][93.349s][info ][gc] GC(2073) Pause Young (Concurrent Start) (G1 Humongous Allocation) 186M->187M(512M) 25.560ms
[2020-08-01T12:05:51.702+0300][93.349s][info ][gc] GC(2074) Concurrent Cycle
[2020-08-01T12:05:51.720+0300][93.366s][debug][gc] GC(2074) Reclaimed 127 empty regions
[2020-08-01T12:05:51.720+0300][93.366s][info ][gc] GC(2074) Pause Remark 244M->117M(512M) 0.736ms
[2020-08-01T12:05:51.771+0300][93.417s][info ][gc] GC(2075) Pause Young (Normal) (G1 Evacuation Pause) 164M->152M(512M) 31.857ms
[2020-08-01T12:05:51.776+0300][93.423s][info ][gc] GC(2074) Pause Cleanup 164M->164M(512M) 0.082ms
[2020-08-01T12:05:51.777+0300][93.423s][info ][gc] GC(2074) Concurrent Cycle 74.642ms
[2020-08-01T12:05:51.846+0300][93.492s][info ][gc] GC(2076) Pause Young (Concurrent Start) (G1 Humongous Allocation) 183M->184M(512M) 49.108ms
[2020-08-01T12:05:51.846+0300][93.492s][info ][gc] GC(2077) Concurrent Cycle
[2020-08-01T12:05:51.862+0300][93.508s][debug][gc] GC(2077) Reclaimed 126 empty regions
[2020-08-01T12:05:51.862+0300][93.509s][info ][gc] GC(2077) Pause Remark 237M->111M(512M) 0.613ms
[2020-08-01T12:05:51.916+0300][93.563s][info ][gc] GC(2078) Pause Young (Normal) (G1 Evacuation Pause) 163M->151M(512M) 33.475ms
[2020-08-01T12:05:51.919+0300][93.565s][info ][gc] GC(2077) Pause Cleanup 156M->156M(512M) 0.084ms
[2020-08-01T12:05:51.920+0300][93.566s][info ][gc] GC(2077) Concurrent Cycle 73.615ms
[2020-08-01T12:05:51.965+0300][93.611s][info ][gc] GC(2079) Pause Young (Concurrent Start) (G1 Humongous Allocation) 181M->182M(512M) 25.044ms
[2020-08-01T12:05:51.965+0300][93.611s][info ][gc] GC(2080) Concurrent Cycle
[2020-08-01T12:05:51.981+0300][93.628s][debug][gc] GC(2080) Reclaimed 125 empty regions
[2020-08-01T12:05:51.981+0300][93.628s][info ][gc] GC(2080) Pause Remark 234M->109M(512M) 0.589ms
[2020-08-01T12:05:52.004+0300][93.650s][info ][gc] GC(2080) Pause Cleanup 162M->162M(512M) 0.073ms
[2020-08-01T12:05:52.004+0300][93.651s][info ][gc] GC(2080) Concurrent Cycle 39.713ms
[2020-08-01T12:05:52.040+0300][93.686s][info ][gc] GC(2081) Pause Young (Normal) (G1 Evacuation Pause) 163M->151M(512M) 34.954ms
[2020-08-01T12:05:52.079+0300][93.725s][info ][gc] GC(2082) Pause Young (Concurrent Start) (G1 Humongous Allocation) 180M->181M(512M) 17.048ms
[2020-08-01T12:05:52.079+0300][93.725s][info ][gc] GC(2083) Concurrent Cycle
[2020-08-01T12:05:52.095+0300][93.741s][debug][gc] GC(2083) Reclaimed 125 empty regions
[2020-08-01T12:05:52.095+0300][93.741s][info ][gc] GC(2083) Pause Remark 231M->106M(512M) 0.606ms
[2020-08-01T12:05:52.117+0300][93.763s][info ][gc] GC(2083) Pause Cleanup 161M->161M(512M) 0.083ms
[2020-08-01T12:05:52.118+0300][93.764s][info ][gc] GC(2083) Concurrent Cycle 38.878ms
[2020-08-01T12:05:52.151+0300][93.797s][info ][gc] GC(2084) Pause Young (Normal) (G1 Evacuation Pause) 162M->149M(512M) 32.994ms
[2020-08-01T12:05:52.201+0300][93.847s][info ][gc] GC(2085) Pause Young (Concurrent Start) (G1 Humongous Allocation) 178M->180M(512M) 27.346ms
[2020-08-01T12:05:52.201+0300][93.848s][info ][gc] GC(2086) Concurrent Cycle
[2020-08-01T12:05:52.217+0300][93.864s][debug][gc] GC(2086) Reclaimed 124 empty regions
[2020-08-01T12:05:52.217+0300][93.864s][info ][gc] GC(2086) Pause Remark 230M->106M(512M) 0.599ms
[2020-08-01T12:05:52.239+0300][93.885s][info ][gc] GC(2086) Pause Cleanup 158M->158M(512M) 0.075ms
[2020-08-01T12:05:52.240+0300][93.886s][info ][gc] GC(2086) Concurrent Cycle 38.476ms
[2020-08-01T12:05:52.274+0300][93.921s][info ][gc] GC(2087) Pause Young (Normal) (G1 Evacuation Pause) 163M->150M(512M) 32.764ms
[2020-08-01T12:05:52.347+0300][93.994s][info ][gc] GC(2088) Pause Young (Concurrent Start) (G1 Humongous Allocation) 178M->178M(512M) 36.482ms
[2020-08-01T12:05:52.347+0300][93.994s][info ][gc] GC(2089) Concurrent Cycle
[2020-08-01T12:05:52.366+0300][94.013s][debug][gc] GC(2089) Reclaimed 124 empty regions
[2020-08-01T12:05:52.366+0300][94.013s][info ][gc] GC(2089) Pause Remark 226M->102M(512M) 0.682ms
[2020-08-01T12:05:52.388+0300][94.034s][info ][gc] GC(2089) Pause Cleanup 153M->153M(512M) 0.069ms
[2020-08-01T12:05:52.388+0300][94.035s][info ][gc] GC(2089) Concurrent Cycle 40.739ms
[2020-08-01T12:05:52.424+0300][94.070s][info ][gc] GC(2090) Pause Young (Normal) (G1 Evacuation Pause) 161M->148M(512M) 32.771ms
[2020-08-01T12:05:52.463+0300][94.109s][info ][gc] GC(2091) Pause Young (Concurrent Start) (G1 Humongous Allocation) 176M->177M(512M) 17.095ms
[2020-08-01T12:05:52.463+0300][94.109s][info ][gc] GC(2092) Concurrent Cycle
[2020-08-01T12:05:52.479+0300][94.125s][debug][gc] GC(2092) Reclaimed 122 empty regions
[2020-08-01T12:05:52.479+0300][94.125s][info ][gc] GC(2092) Pause Remark 228M->106M(512M) 0.813ms
[2020-08-01T12:05:52.501+0300][94.148s][info ][gc] GC(2092) Pause Cleanup 159M->159M(512M) 0.080ms
[2020-08-01T12:05:52.502+0300][94.148s][info ][gc] GC(2092) Concurrent Cycle 39.097ms
[2020-08-01T12:05:52.537+0300][94.184s][info ][gc] GC(2093) Pause Young (Normal) (G1 Evacuation Pause) 163M->151M(512M) 33.922ms
[2020-08-01T12:05:52.576+0300][94.222s][info ][gc] GC(2094) Pause Young (Concurrent Start) (G1 Humongous Allocation) 178M->179M(512M) 16.303ms
[2020-08-01T12:05:52.576+0300][94.222s][info ][gc] GC(2095) Concurrent Cycle
[2020-08-01T12:05:52.590+0300][94.237s][debug][gc] GC(2095) Reclaimed 125 empty regions
[2020-08-01T12:05:52.590+0300][94.237s][info ][gc] GC(2095) Pause Remark 227M->102M(512M) 0.572ms
[2020-08-01T12:05:52.611+0300][94.258s][info ][gc] GC(2095) Pause Cleanup 155M->155M(512M) 0.087ms
[2020-08-01T12:05:52.612+0300][94.258s][info ][gc] GC(2095) Concurrent Cycle 35.893ms
[2020-08-01T12:05:52.649+0300][94.295s][info ][gc] GC(2096) Pause Young (Normal) (G1 Evacuation Pause) 161M->149M(512M) 34.662ms
[2020-08-01T12:05:52.690+0300][94.337s][info ][gc] GC(2097) Pause Young (Concurrent Start) (G1 Humongous Allocation) 177M->178M(512M) 16.809ms
[2020-08-01T12:05:52.690+0300][94.337s][info ][gc] GC(2098) Concurrent Cycle
[2020-08-01T12:05:52.705+0300][94.352s][debug][gc] GC(2098) Reclaimed 123 empty regions
[2020-08-01T12:05:52.705+0300][94.352s][info ][gc] GC(2098) Pause Remark 228M->105M(512M) 0.597ms
[2020-08-01T12:05:52.727+0300][94.373s][info ][gc] GC(2098) Pause Cleanup 158M->158M(512M) 0.073ms
[2020-08-01T12:05:52.727+0300][94.374s][info ][gc] GC(2098) Concurrent Cycle 36.695ms
[2020-08-01T12:05:52.762+0300][94.408s][info ][gc] GC(2099) Pause Young (Normal) (G1 Evacuation Pause) 162M->149M(512M) 33.143ms
[2020-08-01T12:05:52.822+0300][94.469s][info ][gc] GC(2100) Pause Young (Concurrent Start) (G1 Humongous Allocation) 177M->179M(512M) 37.637ms
[2020-08-01T12:05:52.822+0300][94.469s][info ][gc] GC(2101) Concurrent Cycle
[2020-08-01T12:05:52.840+0300][94.487s][debug][gc] GC(2101) Reclaimed 124 empty regions
[2020-08-01T12:05:52.840+0300][94.487s][info ][gc] GC(2101) Pause Remark 228M->104M(512M) 0.598ms
[2020-08-01T12:05:52.862+0300][94.508s][info ][gc] GC(2101) Pause Cleanup 158M->158M(512M) 0.069ms
[2020-08-01T12:05:52.862+0300][94.509s][info ][gc] GC(2101) Concurrent Cycle 39.813ms
[2020-08-01T12:05:52.898+0300][94.544s][info ][gc] GC(2102) Pause Young (Normal) (G1 Evacuation Pause) 162M->150M(512M) 33.910ms
[2020-08-01T12:05:52.957+0300][94.604s][info ][gc] GC(2103) Pause Young (Concurrent Start) (G1 Humongous Allocation) 178M->178M(512M) 36.226ms
[2020-08-01T12:05:52.957+0300][94.604s][info ][gc] GC(2104) Concurrent Cycle
[2020-08-01T12:05:52.974+0300][94.621s][debug][gc] GC(2104) Reclaimed 124 empty regions
[2020-08-01T12:05:52.975+0300][94.621s][info ][gc] GC(2104) Pause Remark 229M->105M(512M) 0.594ms
[2020-08-01T12:05:52.996+0300][94.642s][info ][gc] GC(2104) Pause Cleanup 159M->159M(512M) 0.075ms
[2020-08-01T12:05:52.996+0300][94.643s][info ][gc] GC(2104) Concurrent Cycle 39.308ms
[2020-08-01T12:05:53.029+0300][94.676s][info ][gc] GC(2105) Pause Young (Normal) (G1 Evacuation Pause) 161M->148M(512M) 32.182ms
[2020-08-01T12:05:53.067+0300][94.713s][info ][gc] GC(2106) Pause Young (Concurrent Start) (G1 Humongous Allocation) 176M->178M(512M) 16.298ms
[2020-08-01T12:05:53.067+0300][94.713s][info ][gc] GC(2107) Concurrent Cycle
[2020-08-01T12:05:53.082+0300][94.728s][debug][gc] GC(2107) Reclaimed 123 empty regions
[2020-08-01T12:05:53.082+0300][94.728s][info ][gc] GC(2107) Pause Remark 228M->105M(512M) 0.597ms
[2020-08-01T12:05:53.103+0300][94.749s][info ][gc] GC(2107) Pause Cleanup 158M->158M(512M) 0.138ms
[2020-08-01T12:05:53.104+0300][94.750s][info ][gc] GC(2107) Concurrent Cycle 36.575ms
[2020-08-01T12:05:53.137+0300][94.783s][info ][gc] GC(2108) Pause Young (Normal) (G1 Evacuation Pause) 162M->149M(512M) 32.092ms
[2020-08-01T12:05:53.195+0300][94.841s][info ][gc] GC(2109) Pause Young (Concurrent Start) (G1 Humongous Allocation) 177M->179M(512M) 34.245ms
[2020-08-01T12:05:53.195+0300][94.841s][info ][gc] GC(2110) Concurrent Cycle
[2020-08-01T12:05:53.212+0300][94.858s][debug][gc] GC(2110) Reclaimed 124 empty regions
[2020-08-01T12:05:53.212+0300][94.858s][info ][gc] GC(2110) Pause Remark 229M->105M(512M) 0.634ms
[2020-08-01T12:05:53.234+0300][94.880s][info ][gc] GC(2110) Pause Cleanup 158M->158M(512M) 0.097ms
[2020-08-01T12:05:53.235+0300][94.881s][info ][gc] GC(2110) Concurrent Cycle 39.629ms
[2020-08-01T12:05:53.269+0300][94.915s][info ][gc] GC(2111) Pause Young (Normal) (G1 Evacuation Pause) 162M->149M(512M) 32.929ms
[2020-08-01T12:05:53.321+0300][94.967s][info ][gc] GC(2112) Pause Young (Concurrent Start) (G1 Humongous Allocation) 177M->177M(512M) 16.113ms
[2020-08-01T12:05:53.321+0300][94.967s][info ][gc] GC(2113) Concurrent Cycle
[2020-08-01T12:05:53.335+0300][94.982s][debug][gc] GC(2113) Reclaimed 123 empty regions
[2020-08-01T12:05:53.335+0300][94.982s][info ][gc] GC(2113) Pause Remark 227M->104M(512M) 0.584ms
[2020-08-01T12:05:53.357+0300][95.003s][info ][gc] GC(2113) Pause Cleanup 156M->156M(512M) 0.073ms
[2020-08-01T12:05:53.357+0300][95.004s][info ][gc] GC(2113) Concurrent Cycle 36.620ms
[2020-08-01T12:05:53.393+0300][95.039s][info ][gc] GC(2114) Pause Young (Normal) (G1 Evacuation Pause) 162M->150M(512M) 33.121ms
[2020-08-01T12:05:53.429+0300][95.076s][info ][gc] GC(2115) Pause Young (Concurrent Start) (G1 Humongous Allocation) 177M->178M(512M) 15.809ms
[2020-08-01T12:05:53.430+0300][95.076s][info ][gc] GC(2116) Concurrent Cycle
[2020-08-01T12:05:53.444+0300][95.090s][debug][gc] GC(2116) Reclaimed 124 empty regions
[2020-08-01T12:05:53.444+0300][95.090s][info ][gc] GC(2116) Pause Remark 228M->104M(512M) 0.600ms
[2020-08-01T12:05:53.465+0300][95.111s][info ][gc] GC(2116) Pause Cleanup 157M->157M(512M) 0.070ms
[2020-08-01T12:05:53.465+0300][95.112s][info ][gc] GC(2116) Concurrent Cycle 35.629ms
[2020-08-01T12:05:53.499+0300][95.146s][info ][gc] GC(2117) Pause Young (Normal) (G1 Evacuation Pause) 161M->148M(512M) 32.399ms
[2020-08-01T12:05:53.539+0300][95.186s][info ][gc] GC(2118) Pause Young (Concurrent Start) (G1 Humongous Allocation) 176M->177M(512M) 16.445ms
[2020-08-01T12:05:53.539+0300][95.186s][info ][gc] GC(2119) Concurrent Cycle
[2020-08-01T12:05:53.554+0300][95.201s][debug][gc] GC(2119) Reclaimed 122 empty regions
[2020-08-01T12:05:53.554+0300][95.201s][info ][gc] GC(2119) Pause Remark 228M->106M(512M) 0.615ms
[2020-08-01T12:05:53.576+0300][95.222s][info ][gc] GC(2119) Pause Cleanup 160M->160M(512M) 0.073ms
[2020-08-01T12:05:53.576+0300][95.223s][info ][gc] GC(2119) Concurrent Cycle 37.030ms
[2020-08-01T12:05:53.612+0300][95.258s][info ][gc] GC(2120) Pause Young (Normal) (G1 Evacuation Pause) 163M->150M(512M) 34.495ms
[2020-08-01T12:05:53.697+0300][95.343s][info ][gc] GC(2121) Pause Young (Concurrent Start) (G1 Humongous Allocation) 177M->178M(512M) 48.907ms
[2020-08-01T12:05:53.697+0300][95.343s][info ][gc] GC(2122) Concurrent Cycle
[2020-08-01T12:05:53.716+0300][95.362s][debug][gc] GC(2122) Reclaimed 125 empty regions
[2020-08-01T12:05:53.716+0300][95.362s][info ][gc] GC(2122) Pause Remark 221M->96M(512M) 0.615ms
[2020-08-01T12:05:53.737+0300][95.383s][info ][gc] GC(2122) Pause Cleanup 146M->146M(512M) 0.121ms
[2020-08-01T12:05:53.738+0300][95.384s][info ][gc] GC(2122) Concurrent Cycle 41.007ms
[2020-08-01T12:05:53.776+0300][95.422s][info ][gc] GC(2123) Pause Young (Normal) (G1 Evacuation Pause) 160M->148M(512M) 32.452ms
[2020-08-01T12:05:53.830+0300][95.477s][info ][gc] GC(2124) Pause Young (Concurrent Start) (G1 Humongous Allocation) 176M->177M(512M) 27.753ms
[2020-08-01T12:05:53.831+0300][95.477s][info ][gc] GC(2125) Concurrent Cycle
[2020-08-01T12:05:53.847+0300][95.493s][debug][gc] GC(2125) Reclaimed 122 empty regions
[2020-08-01T12:05:53.847+0300][95.493s][info ][gc] GC(2125) Pause Remark 226M->104M(512M) 0.641ms
[2020-08-01T12:05:53.868+0300][95.514s][info ][gc] GC(2125) Pause Cleanup 158M->158M(512M) 0.072ms
[2020-08-01T12:05:53.869+0300][95.515s][info ][gc] GC(2125) Concurrent Cycle 38.036ms
[2020-08-01T12:05:53.905+0300][95.551s][info ][gc] GC(2126) Pause Young (Normal) (G1 Evacuation Pause) 163M->151M(512M) 34.123ms
[2020-08-01T12:05:53.944+0300][95.590s][info ][gc] GC(2127) Pause Young (Concurrent Start) (G1 Humongous Allocation) 178M->179M(512M) 16.081ms
[2020-08-01T12:05:53.944+0300][95.590s][info ][gc] GC(2128) Concurrent Cycle
[2020-08-01T12:05:53.959+0300][95.605s][debug][gc] GC(2128) Reclaimed 125 empty regions
[2020-08-01T12:05:53.959+0300][95.605s][info ][gc] GC(2128) Pause Remark 229M->104M(512M) 0.632ms
[2020-08-01T12:05:53.981+0300][95.627s][info ][gc] GC(2128) Pause Cleanup 155M->155M(512M) 0.102ms
[2020-08-01T12:05:53.981+0300][95.628s][info ][gc] GC(2128) Concurrent Cycle 37.583ms
[2020-08-01T12:05:54.018+0300][95.665s][info ][gc] GC(2129) Pause Young (Normal) (G1 Evacuation Pause) 161M->149M(512M) 34.751ms
[2020-08-01T12:05:54.068+0300][95.714s][info ][gc] GC(2130) Pause Young (Concurrent Start) (G1 Humongous Allocation) 177M->178M(512M) 16.339ms
[2020-08-01T12:05:54.068+0300][95.714s][info ][gc] GC(2131) Concurrent Cycle
[2020-08-01T12:05:54.084+0300][95.730s][debug][gc] GC(2131) Reclaimed 123 empty regions
[2020-08-01T12:05:54.084+0300][95.730s][info ][gc] GC(2131) Pause Remark 228M->105M(512M) 0.640ms
[2020-08-01T12:05:54.105+0300][95.752s][info ][gc] GC(2131) Pause Cleanup 157M->157M(512M) 0.074ms
[2020-08-01T12:05:54.106+0300][95.752s][info ][gc] GC(2131) Concurrent Cycle 37.827ms
[2020-08-01T12:05:54.142+0300][95.788s][info ][gc] GC(2132) Pause Young (Normal) (G1 Evacuation Pause) 162M->149M(512M) 33.897ms
[2020-08-01T12:05:54.180+0300][95.827s][info ][gc] GC(2133) Pause Young (Concurrent Start) (G1 Humongous Allocation) 177M->178M(512M) 16.529ms
[2020-08-01T12:05:54.180+0300][95.827s][info ][gc] GC(2134) Concurrent Cycle
[2020-08-01T12:05:54.195+0300][95.842s][debug][gc] GC(2134) Reclaimed 124 empty regions
[2020-08-01T12:05:54.195+0300][95.842s][info ][gc] GC(2134) Pause Remark 226M->102M(512M) 0.621ms
[2020-08-01T12:05:54.217+0300][95.863s][info ][gc] GC(2134) Pause Cleanup 155M->155M(512M) 0.086ms
[2020-08-01T12:05:54.217+0300][95.864s][info ][gc] GC(2134) Concurrent Cycle 37.050ms
[2020-08-01T12:05:54.253+0300][95.900s][info ][gc] GC(2135) Pause Young (Normal) (G1 Evacuation Pause) 161M->149M(512M) 33.803ms
[2020-08-01T12:05:54.301+0300][95.948s][info ][gc] GC(2136) Pause Young (Concurrent Start) (G1 Humongous Allocation) 177M->178M(512M) 16.665ms
[2020-08-01T12:05:54.301+0300][95.948s][info ][gc] GC(2137) Concurrent Cycle
[2020-08-01T12:05:54.319+0300][95.966s][debug][gc] GC(2137) Reclaimed 123 empty regions
[2020-08-01T12:05:54.319+0300][95.966s][info ][gc] GC(2137) Pause Remark 228M->105M(512M) 0.917ms
[2020-08-01T12:05:54.341+0300][95.987s][info ][gc] GC(2137) Pause Cleanup 157M->157M(512M) 0.074ms
[2020-08-01T12:05:54.341+0300][95.988s][info ][gc] GC(2137) Concurrent Cycle 39.767ms
[2020-08-01T12:05:54.376+0300][96.023s][info ][gc] GC(2138) Pause Young (Normal) (G1 Evacuation Pause) 162M->150M(512M) 33.032ms
[2020-08-01T12:05:54.426+0300][96.072s][info ][gc] GC(2139) Pause Young (Concurrent Start) (G1 Humongous Allocation) 178M->179M(512M) 19.340ms
[2020-08-01T12:05:54.426+0300][96.072s][info ][gc] GC(2140) Concurrent Cycle
[2020-08-01T12:05:54.441+0300][96.087s][debug][gc] GC(2140) Reclaimed 121 empty regions
[2020-08-01T12:05:54.441+0300][96.087s][info ][gc] GC(2140) Pause Remark 229M->108M(512M) 0.586ms
[2020-08-01T12:05:54.463+0300][96.109s][info ][gc] GC(2140) Pause Cleanup 162M->162M(512M) 0.079ms
[2020-08-01T12:05:54.463+0300][96.110s][info ][gc] GC(2140) Concurrent Cycle 37.061ms
[2020-08-01T12:05:54.498+0300][96.145s][info ][gc] GC(2141) Pause Young (Normal) (G1 Evacuation Pause) 165M->152M(512M) 34.076ms
[2020-08-01T12:05:54.547+0300][96.193s][info ][gc] GC(2142) Pause Young (Concurrent Start) (G1 Humongous Allocation) 180M->181M(512M) 16.339ms
[2020-08-01T12:05:54.547+0300][96.194s][info ][gc] GC(2143) Concurrent Cycle
[2020-08-01T12:05:54.562+0300][96.209s][debug][gc] GC(2143) Reclaimed 123 empty regions
[2020-08-01T12:05:54.562+0300][96.209s][info ][gc] GC(2143) Pause Remark 231M->108M(512M) 0.590ms
[2020-08-01T12:05:54.584+0300][96.230s][info ][gc] GC(2143) Pause Cleanup 161M->161M(512M) 0.074ms
[2020-08-01T12:05:54.584+0300][96.231s][info ][gc] GC(2143) Concurrent Cycle 36.993ms
[2020-08-01T12:05:54.620+0300][96.266s][info ][gc] GC(2144) Pause Young (Normal) (G1 Evacuation Pause) 164M->152M(512M) 34.550ms
[2020-08-01T12:05:54.675+0300][96.321s][info ][gc] GC(2145) Pause Young (Concurrent Start) (G1 Humongous Allocation) 181M->182M(512M) 18.962ms
[2020-08-01T12:05:54.675+0300][96.321s][info ][gc] GC(2146) Concurrent Cycle
[2020-08-01T12:05:54.690+0300][96.336s][debug][gc] GC(2146) Reclaimed 123 empty regions
[2020-08-01T12:05:54.690+0300][96.336s][info ][gc] GC(2146) Pause Remark 232M->109M(512M) 0.586ms
[2020-08-01T12:05:54.712+0300][96.358s][info ][gc] GC(2146) Pause Cleanup 164M->164M(512M) 0.070ms
[2020-08-01T12:05:54.712+0300][96.359s][info ][gc] GC(2146) Concurrent Cycle 37.812ms
[2020-08-01T12:05:54.746+0300][96.392s][info ][gc] GC(2147) Pause Young (Normal) (G1 Evacuation Pause) 165M->153M(512M) 33.225ms
[2020-08-01T12:05:54.828+0300][96.474s][info ][gc] GC(2148) Pause Young (Concurrent Start) (G1 Humongous Allocation) 182M->183M(512M) 47.949ms
[2020-08-01T12:05:54.828+0300][96.474s][info ][gc] GC(2149) Concurrent Cycle
[2020-08-01T12:05:54.847+0300][96.493s][debug][gc] GC(2149) Reclaimed 124 empty regions
[2020-08-01T12:05:54.847+0300][96.493s][info ][gc] GC(2149) Pause Remark 233M->109M(512M) 0.717ms
[2020-08-01T12:05:54.870+0300][96.516s][info ][gc] GC(2149) Pause Cleanup 162M->162M(512M) 0.099ms
[2020-08-01T12:05:54.871+0300][96.517s][info ][gc] GC(2149) Concurrent Cycle 42.737ms
[2020-08-01T12:05:54.904+0300][96.550s][info ][gc] GC(2150) Pause Young (Normal) (G1 Evacuation Pause) 165M->152M(512M) 32.092ms
[2020-08-01T12:05:54.968+0300][96.614s][info ][gc] GC(2151) Pause Young (Concurrent Start) (G1 Humongous Allocation) 181M->182M(512M) 31.955ms
[2020-08-01T12:05:54.968+0300][96.614s][info ][gc] GC(2152) Concurrent Cycle
[2020-08-01T12:05:54.985+0300][96.631s][debug][gc] GC(2152) Reclaimed 124 empty regions
[2020-08-01T12:05:54.985+0300][96.632s][info ][gc] GC(2152) Pause Remark 232M->108M(512M) 0.607ms
[2020-08-01T12:05:55.007+0300][96.653s][info ][gc] GC(2152) Pause Cleanup 161M->161M(512M) 0.074ms
[2020-08-01T12:05:55.008+0300][96.654s][info ][gc] GC(2152) Concurrent Cycle 39.761ms
[2020-08-01T12:05:55.041+0300][96.687s][info ][gc] GC(2153) Pause Young (Normal) (G1 Evacuation Pause) 164M->152M(512M) 32.291ms
[2020-08-01T12:05:55.091+0300][96.738s][info ][gc] GC(2154) Pause Young (Concurrent Start) (G1 Humongous Allocation) 181M->182M(512M) 16.545ms
[2020-08-01T12:05:55.091+0300][96.738s][info ][gc] GC(2155) Concurrent Cycle
[2020-08-01T12:05:55.106+0300][96.753s][debug][gc] GC(2155) Reclaimed 123 empty regions
[2020-08-01T12:05:55.107+0300][96.753s][info ][gc] GC(2155) Pause Remark 232M->109M(512M) 0.668ms
[2020-08-01T12:05:55.128+0300][96.775s][info ][gc] GC(2155) Pause Cleanup 164M->164M(512M) 0.083ms
[2020-08-01T12:05:55.129+0300][96.775s][info ][gc] GC(2155) Concurrent Cycle 37.353ms
[2020-08-01T12:05:55.161+0300][96.807s][info ][gc] GC(2156) Pause Young (Normal) (G1 Evacuation Pause) 165M->153M(512M) 32.103ms
[2020-08-01T12:05:55.200+0300][96.847s][info ][gc] GC(2157) Pause Young (Concurrent Start) (G1 Humongous Allocation) 182M->183M(512M) 16.777ms
[2020-08-01T12:05:55.201+0300][96.847s][info ][gc] GC(2158) Concurrent Cycle
[2020-08-01T12:05:55.216+0300][96.862s][debug][gc] GC(2158) Reclaimed 124 empty regions
[2020-08-01T12:05:55.216+0300][96.862s][info ][gc] GC(2158) Pause Remark 234M->110M(512M) 0.596ms
[2020-08-01T12:05:55.238+0300][96.885s][info ][gc] GC(2158) Pause Cleanup 165M->165M(512M) 0.079ms
[2020-08-01T12:05:55.272+0300][96.918s][info ][gc] GC(2159) Pause Young (Normal) (G1 Evacuation Pause) 165M->152M(512M) 32.732ms
[2020-08-01T12:05:55.272+0300][96.918s][info ][gc] GC(2158) Concurrent Cycle 71.230ms
[2020-08-01T12:05:55.312+0300][96.959s][info ][gc] GC(2160) Pause Young (Concurrent Start) (G1 Humongous Allocation) 181M->183M(512M) 18.432ms
[2020-08-01T12:05:55.312+0300][96.959s][info ][gc] GC(2161) Concurrent Cycle
[2020-08-01T12:05:55.329+0300][96.975s][debug][gc] GC(2161) Reclaimed 124 empty regions
[2020-08-01T12:05:55.329+0300][96.975s][info ][gc] GC(2161) Pause Remark 234M->110M(512M) 0.635ms
[2020-08-01T12:05:55.351+0300][96.997s][info ][gc] GC(2161) Pause Cleanup 163M->163M(512M) 0.074ms
[2020-08-01T12:05:55.351+0300][96.998s][info ][gc] GC(2161) Concurrent Cycle 38.932ms
[2020-08-01T12:05:55.386+0300][97.032s][info ][gc] GC(2162) Pause Young (Normal) (G1 Evacuation Pause) 165M->152M(512M) 33.972ms
[2020-08-01T12:05:55.445+0300][97.091s][info ][gc] GC(2163) Pause Young (Concurrent Start) (G1 Humongous Allocation) 181M->182M(512M) 27.141ms
[2020-08-01T12:05:55.445+0300][97.091s][info ][gc] GC(2164) Concurrent Cycle
[2020-08-01T12:05:55.461+0300][97.107s][debug][gc] GC(2164) Reclaimed 124 empty regions
[2020-08-01T12:05:55.461+0300][97.107s][info ][gc] GC(2164) Pause Remark 231M->107M(512M) 0.598ms
[2020-08-01T12:05:55.483+0300][97.130s][info ][gc] GC(2164) Pause Cleanup 162M->162M(512M) 0.073ms
[2020-08-01T12:05:55.484+0300][97.130s][info ][gc] GC(2164) Concurrent Cycle 38.614ms
[2020-08-01T12:05:55.517+0300][97.163s][info ][gc] GC(2165) Pause Young (Normal) (G1 Evacuation Pause) 164M->152M(512M) 32.614ms
[2020-08-01T12:05:55.558+0300][97.205s][info ][gc] GC(2166) Pause Young (Concurrent Start) (G1 Humongous Allocation) 181M->181M(512M) 16.673ms
[2020-08-01T12:05:55.558+0300][97.205s][info ][gc] GC(2167) Concurrent Cycle
[2020-08-01T12:05:55.573+0300][97.220s][debug][gc] GC(2167) Reclaimed 123 empty regions
[2020-08-01T12:05:55.573+0300][97.220s][info ][gc] GC(2167) Pause Remark 231M->108M(512M) 0.569ms
[2020-08-01T12:05:55.595+0300][97.242s][info ][gc] GC(2167) Pause Cleanup 163M->163M(512M) 0.076ms
[2020-08-01T12:05:55.596+0300][97.242s][info ][gc] GC(2167) Concurrent Cycle 37.172ms
[2020-08-01T12:05:55.628+0300][97.274s][info ][gc] GC(2168) Pause Young (Normal) (G1 Evacuation Pause) 164M->151M(512M) 32.118ms
[2020-08-01T12:05:55.666+0300][97.312s][info ][gc] GC(2169) Pause Young (Concurrent Start) (G1 Humongous Allocation) 180M->181M(512M) 16.353ms
[2020-08-01T12:05:55.666+0300][97.313s][info ][gc] GC(2170) Concurrent Cycle
[2020-08-01T12:05:55.681+0300][97.327s][debug][gc] GC(2170) Reclaimed 123 empty regions
[2020-08-01T12:05:55.681+0300][97.328s][info ][gc] GC(2170) Pause Remark 232M->109M(512M) 0.609ms
[2020-08-01T12:05:55.703+0300][97.350s][info ][gc] GC(2170) Pause Cleanup 164M->164M(512M) 0.130ms
[2020-08-01T12:05:55.736+0300][97.382s][info ][gc] GC(2171) Pause Young (Normal) (G1 Evacuation Pause) 164M->152M(512M) 32.271ms
[2020-08-01T12:05:55.737+0300][97.383s][info ][gc] GC(2170) Concurrent Cycle 70.395ms
[2020-08-01T12:05:55.775+0300][97.421s][info ][gc] GC(2172) Pause Young (Concurrent Start) (G1 Humongous Allocation) 181M->182M(512M) 17.007ms
[2020-08-01T12:05:55.775+0300][97.421s][info ][gc] GC(2173) Concurrent Cycle
[2020-08-01T12:05:55.790+0300][97.437s][debug][gc] GC(2173) Reclaimed 123 empty regions
[2020-08-01T12:05:55.790+0300][97.437s][info ][gc] GC(2173) Pause Remark 232M->109M(512M) 0.769ms
[2020-08-01T12:05:55.812+0300][97.458s][info ][gc] GC(2173) Pause Cleanup 163M->163M(512M) 0.077ms
[2020-08-01T12:05:55.812+0300][97.459s][info ][gc] GC(2173) Concurrent Cycle 37.677ms
[2020-08-01T12:05:55.847+0300][97.493s][info ][gc] GC(2174) Pause Young (Normal) (G1 Evacuation Pause) 165M->152M(512M) 33.361ms
[2020-08-01T12:05:55.932+0300][97.578s][info ][gc] GC(2175) Pause Young (Concurrent Start) (G1 Humongous Allocation) 181M->182M(512M) 50.854ms
[2020-08-01T12:05:55.932+0300][97.578s][info ][gc] GC(2176) Concurrent Cycle
[2020-08-01T12:05:55.951+0300][97.597s][debug][gc] GC(2176) Reclaimed 124 empty regions
[2020-08-01T12:05:55.951+0300][97.597s][info ][gc] GC(2176) Pause Remark 233M->109M(512M) 0.624ms
[2020-08-01T12:05:55.973+0300][97.620s][info ][gc] GC(2176) Pause Cleanup 163M->163M(512M) 0.071ms
[2020-08-01T12:05:55.974+0300][97.620s][info ][gc] GC(2176) Concurrent Cycle 41.843ms
[2020-08-01T12:05:56.006+0300][97.652s][info ][gc] GC(2177) Pause Young (Normal) (G1 Evacuation Pause) 164M->152M(512M) 31.893ms
[2020-08-01T12:05:56.053+0300][97.700s][info ][gc] GC(2178) Pause Young (Concurrent Start) (G1 Humongous Allocation) 181M->182M(512M) 16.587ms
[2020-08-01T12:05:56.053+0300][97.700s][info ][gc] GC(2179) Concurrent Cycle
[2020-08-01T12:05:56.068+0300][97.714s][debug][gc] GC(2179) Reclaimed 124 empty regions
[2020-08-01T12:05:56.068+0300][97.715s][info ][gc] GC(2179) Pause Remark 232M->108M(512M) 0.664ms
[2020-08-01T12:05:56.090+0300][97.736s][info ][gc] GC(2179) Pause Cleanup 164M->164M(512M) 0.072ms
[2020-08-01T12:05:56.123+0300][97.769s][info ][gc] GC(2180) Pause Young (Normal) (G1 Evacuation Pause) 164M->151M(512M) 32.314ms
[2020-08-01T12:05:56.123+0300][97.769s][info ][gc] GC(2179) Concurrent Cycle 69.684ms
[2020-08-01T12:05:56.174+0300][97.820s][info ][gc] GC(2181) Pause Young (Concurrent Start) (G1 Humongous Allocation) 180M->181M(512M) 28.296ms
[2020-08-01T12:05:56.174+0300][97.821s][info ][gc] GC(2182) Concurrent Cycle
[2020-08-01T12:05:56.191+0300][97.837s][debug][gc] GC(2182) Reclaimed 123 empty regions
[2020-08-01T12:05:56.191+0300][97.837s][info ][gc] GC(2182) Pause Remark 232M->109M(512M) 0.631ms
[2020-08-01T12:05:56.246+0300][97.893s][info ][gc] GC(2183) Pause Young (Normal) (G1 Evacuation Pause) 164M->151M(512M) 33.474ms
[2020-08-01T12:05:56.247+0300][97.893s][info ][gc] GC(2182) Pause Cleanup 153M->153M(512M) 0.102ms
[2020-08-01T12:05:56.248+0300][97.894s][info ][gc] GC(2182) Concurrent Cycle 73.598ms
[2020-08-01T12:05:56.297+0300][97.943s][info ][gc] GC(2184) Pause Young (Concurrent Start) (G1 Humongous Allocation) 180M->182M(512M) 26.134ms
[2020-08-01T12:05:56.297+0300][97.943s][info ][gc] GC(2185) Concurrent Cycle
[2020-08-01T12:05:56.314+0300][97.960s][debug][gc] GC(2185) Reclaimed 123 empty regions
[2020-08-01T12:05:56.314+0300][97.960s][info ][gc] GC(2185) Pause Remark 233M->110M(512M) 0.719ms
[2020-08-01T12:05:56.371+0300][98.018s][info ][gc] GC(2186) Pause Young (Normal) (G1 Evacuation Pause) 165M->152M(512M) 35.068ms
[2020-08-01T12:05:56.372+0300][98.018s][info ][gc] GC(2185) Pause Cleanup 153M->153M(512M) 0.080ms
[2020-08-01T12:05:56.372+0300][98.019s][info ][gc] GC(2185) Concurrent Cycle 75.478ms
[2020-08-01T12:05:56.421+0300][98.067s][info ][gc] GC(2187) Pause Young (Concurrent Start) (G1 Humongous Allocation) 182M->182M(512M) 25.990ms
[2020-08-01T12:05:56.421+0300][98.067s][info ][gc] GC(2188) Concurrent Cycle
[2020-08-01T12:05:56.437+0300][98.083s][debug][gc] GC(2188) Reclaimed 124 empty regions
[2020-08-01T12:05:56.437+0300][98.083s][info ][gc] GC(2188) Pause Remark 234M->110M(512M) 0.928ms
[2020-08-01T12:05:56.459+0300][98.105s][info ][gc] GC(2188) Pause Cleanup 164M->164M(512M) 0.079ms
[2020-08-01T12:05:56.491+0300][98.138s][info ][gc] GC(2189) Pause Young (Normal) (G1 Evacuation Pause) 164M->151M(512M) 32.060ms
[2020-08-01T12:05:56.492+0300][98.138s][info ][gc] GC(2188) Concurrent Cycle 71.351ms
[2020-08-01T12:05:56.558+0300][98.204s][info ][gc] GC(2190) Pause Young (Concurrent Start) (G1 Humongous Allocation) 180M->181M(512M) 38.227ms
[2020-08-01T12:05:56.558+0300][98.205s][info ][gc] GC(2191) Concurrent Cycle
[2020-08-01T12:05:56.576+0300][98.223s][debug][gc] GC(2191) Reclaimed 118 empty regions
[2020-08-01T12:05:56.576+0300][98.223s][info ][gc] GC(2191) Pause Remark 232M->114M(512M) 0.665ms
[2020-08-01T12:05:56.636+0300][98.283s][info ][gc] GC(2192) Pause Young (Normal) (G1 Evacuation Pause) 169M->156M(512M) 37.573ms
[2020-08-01T12:05:56.637+0300][98.283s][info ][gc] GC(2191) Pause Cleanup 157M->157M(512M) 0.093ms
[2020-08-01T12:05:56.637+0300][98.284s][info ][gc] GC(2191) Concurrent Cycle 79.197ms
[2020-08-01T12:05:56.687+0300][98.333s][info ][gc] GC(2193) Pause Young (Concurrent Start) (G1 Humongous Allocation) 185M->186M(512M) 26.925ms
[2020-08-01T12:05:56.687+0300][98.333s][info ][gc] GC(2194) Concurrent Cycle
[2020-08-01T12:05:56.702+0300][98.348s][debug][gc] GC(2194) Reclaimed 123 empty regions
[2020-08-01T12:05:56.702+0300][98.348s][info ][gc] GC(2194) Pause Remark 237M->114M(512M) 0.588ms
[2020-08-01T12:05:56.757+0300][98.404s][info ][gc] GC(2195) Pause Young (Normal) (G1 Evacuation Pause) 168M->155M(512M) 33.835ms
[2020-08-01T12:05:56.758+0300][98.405s][info ][gc] GC(2194) Pause Cleanup 157M->157M(512M) 0.152ms
[2020-08-01T12:05:56.760+0300][98.406s][info ][gc] GC(2194) Concurrent Cycle 73.075ms
[2020-08-01T12:05:56.838+0300][98.485s][info ][gc] GC(2196) Pause Young (Concurrent Start) (G1 Humongous Allocation) 185M->187M(512M) 52.639ms
[2020-08-01T12:05:56.839+0300][98.485s][info ][gc] GC(2197) Concurrent Cycle
[2020-08-01T12:05:56.854+0300][98.501s][debug][gc] GC(2197) Reclaimed 123 empty regions
[2020-08-01T12:05:56.854+0300][98.501s][info ][gc] GC(2197) Pause Remark 239M->116M(512M) 0.592ms
[2020-08-01T12:05:56.908+0300][98.554s][info ][gc] GC(2198) Pause Young (Normal) (G1 Evacuation Pause) 168M->155M(512M) 32.700ms
[2020-08-01T12:05:56.910+0300][98.556s][info ][gc] GC(2197) Pause Cleanup 160M->160M(512M) 0.080ms
[2020-08-01T12:05:56.910+0300][98.557s][info ][gc] GC(2197) Concurrent Cycle 71.562ms
[2020-08-01T12:05:56.967+0300][98.613s][info ][gc] GC(2199) Pause Young (Concurrent Start) (G1 Humongous Allocation) 186M->187M(512M) 26.076ms
[2020-08-01T12:05:56.967+0300][98.613s][info ][gc] GC(2200) Concurrent Cycle
[2020-08-01T12:05:56.984+0300][98.630s][debug][gc] GC(2200) Reclaimed 123 empty regions
[2020-08-01T12:05:56.984+0300][98.630s][info ][gc] GC(2200) Pause Remark 240M->117M(512M) 0.577ms
[2020-08-01T12:05:57.038+0300][98.685s][info ][gc] GC(2201) Pause Young (Normal) (G1 Evacuation Pause) 168M->156M(512M) 33.765ms
[2020-08-01T12:05:57.041+0300][98.687s][info ][gc] GC(2200) Pause Cleanup 163M->163M(512M) 0.078ms
[2020-08-01T12:05:57.041+0300][98.688s][info ][gc] GC(2200) Concurrent Cycle 74.571ms
[2020-08-01T12:05:57.092+0300][98.738s][info ][gc] GC(2202) Pause Young (Concurrent Start) (G1 Humongous Allocation) 187M->188M(512M) 25.025ms
[2020-08-01T12:05:57.092+0300][98.738s][info ][gc] GC(2203) Concurrent Cycle
[2020-08-01T12:05:57.107+0300][98.754s][debug][gc] GC(2203) Reclaimed 123 empty regions
[2020-08-01T12:05:57.107+0300][98.754s][info ][gc] GC(2203) Pause Remark 241M->118M(512M) 0.582ms
[2020-08-01T12:05:57.161+0300][98.807s][info ][gc] GC(2204) Pause Young (Normal) (G1 Evacuation Pause) 169M->156M(512M) 32.342ms
[2020-08-01T12:05:57.163+0300][98.809s][info ][gc] GC(2203) Pause Cleanup 161M->161M(512M) 0.078ms
[2020-08-01T12:05:57.163+0300][98.810s][info ][gc] GC(2203) Concurrent Cycle 71.559ms
[2020-08-01T12:05:57.217+0300][98.863s][info ][gc] GC(2205) Pause Young (Concurrent Start) (G1 Humongous Allocation) 187M->189M(512M) 25.103ms
[2020-08-01T12:05:57.217+0300][98.863s][info ][gc] GC(2206) Concurrent Cycle
[2020-08-01T12:05:57.233+0300][98.880s][debug][gc] GC(2206) Reclaimed 124 empty regions
[2020-08-01T12:05:57.233+0300][98.880s][info ][gc] GC(2206) Pause Remark 243M->119M(512M) 0.610ms
[2020-08-01T12:05:57.287+0300][98.933s][info ][gc] GC(2207) Pause Young (Normal) (G1 Evacuation Pause) 169M->156M(512M) 33.431ms
[2020-08-01T12:05:57.289+0300][98.936s][info ][gc] GC(2206) Pause Cleanup 163M->163M(512M) 0.078ms
[2020-08-01T12:05:57.290+0300][98.937s][info ][gc] GC(2206) Concurrent Cycle 73.348ms
[2020-08-01T12:05:57.343+0300][98.989s][info ][gc] GC(2208) Pause Young (Concurrent Start) (G1 Humongous Allocation) 188M->189M(512M) 27.075ms
[2020-08-01T12:05:57.343+0300][98.989s][info ][gc] GC(2209) Concurrent Cycle
[2020-08-01T12:05:57.358+0300][99.005s][debug][gc] GC(2209) Reclaimed 124 empty regions
[2020-08-01T12:05:57.358+0300][99.005s][info ][gc] GC(2209) Pause Remark 242M->118M(512M) 0.590ms
[2020-08-01T12:05:57.412+0300][99.058s][info ][gc] GC(2210) Pause Young (Normal) (G1 Evacuation Pause) 169M->156M(512M) 32.852ms
[2020-08-01T12:05:57.415+0300][99.061s][info ][gc] GC(2209) Pause Cleanup 162M->162M(512M) 0.086ms
[2020-08-01T12:05:57.415+0300][99.062s][info ][gc] GC(2209) Concurrent Cycle 72.235ms
[2020-08-01T12:05:57.489+0300][99.135s][info ][gc] GC(2211) Pause Young (Concurrent Start) (G1 Humongous Allocation) 187M->188M(512M) 48.933ms
[2020-08-01T12:05:57.489+0300][99.135s][info ][gc] GC(2212) Concurrent Cycle
[2020-08-01T12:05:57.507+0300][99.153s][debug][gc] GC(2212) Reclaimed 124 empty regions
[2020-08-01T12:05:57.507+0300][99.153s][info ][gc] GC(2212) Pause Remark 241M->117M(512M) 0.583ms
[2020-08-01T12:05:57.559+0300][99.205s][info ][gc] GC(2213) Pause Young (Normal) (G1 Evacuation Pause) 168M->156M(512M) 32.085ms
[2020-08-01T12:05:57.562+0300][99.208s][info ][gc] GC(2212) Pause Cleanup 162M->162M(512M) 0.089ms
[2020-08-01T12:05:57.562+0300][99.209s][info ][gc] GC(2212) Concurrent Cycle 73.284ms
[2020-08-01T12:05:57.610+0300][99.256s][info ][gc] GC(2214) Pause Young (Concurrent Start) (G1 Humongous Allocation) 187M->188M(512M) 26.940ms
[2020-08-01T12:05:57.610+0300][99.256s][info ][gc] GC(2215) Concurrent Cycle
[2020-08-01T12:05:57.625+0300][99.272s][debug][gc] GC(2215) Reclaimed 123 empty regions
[2020-08-01T12:05:57.625+0300][99.272s][info ][gc] GC(2215) Pause Remark 241M->118M(512M) 0.577ms
[2020-08-01T12:05:57.682+0300][99.328s][info ][gc] GC(2216) Pause Young (Normal) (G1 Evacuation Pause) 169M->156M(512M) 35.520ms
[2020-08-01T12:05:57.684+0300][99.331s][info ][gc] GC(2215) Pause Cleanup 162M->162M(512M) 0.094ms
[2020-08-01T12:05:57.685+0300][99.331s][info ][gc] GC(2215) Concurrent Cycle 75.118ms
[2020-08-01T12:05:57.732+0300][99.379s][info ][gc] GC(2217) Pause Young (Concurrent Start) (G1 Humongous Allocation) 187M->188M(512M) 27.485ms
[2020-08-01T12:05:57.732+0300][99.379s][info ][gc] GC(2218) Concurrent Cycle
[2020-08-01T12:05:57.748+0300][99.394s][debug][gc] GC(2218) Reclaimed 124 empty regions
[2020-08-01T12:05:57.748+0300][99.394s][info ][gc] GC(2218) Pause Remark 240M->116M(512M) 0.912ms
[2020-08-01T12:05:57.802+0300][99.449s][info ][gc] GC(2219) Pause Young (Normal) (G1 Evacuation Pause) 168M->155M(512M) 33.178ms
[2020-08-01T12:05:57.805+0300][99.451s][info ][gc] GC(2218) Pause Cleanup 161M->161M(512M) 0.081ms
[2020-08-01T12:05:57.805+0300][99.452s][info ][gc] GC(2218) Concurrent Cycle 72.920ms
[2020-08-01T12:05:57.870+0300][99.516s][info ][gc] GC(2220) Pause Young (Concurrent Start) (G1 Humongous Allocation) 186M->187M(512M) 42.097ms
[2020-08-01T12:05:57.870+0300][99.516s][info ][gc] GC(2221) Concurrent Cycle
[2020-08-01T12:05:57.885+0300][99.532s][debug][gc] GC(2221) Reclaimed 123 empty regions
[2020-08-01T12:05:57.885+0300][99.532s][info ][gc] GC(2221) Pause Remark 239M->116M(512M) 0.609ms
[2020-08-01T12:05:57.939+0300][99.586s][info ][gc] GC(2222) Pause Young (Normal) (G1 Evacuation Pause) 168M->155M(512M) 32.857ms
[2020-08-01T12:05:57.942+0300][99.588s][info ][gc] GC(2221) Pause Cleanup 161M->161M(512M) 0.087ms
[2020-08-01T12:05:57.942+0300][99.589s][info ][gc] GC(2221) Concurrent Cycle 72.487ms
[2020-08-01T12:05:58.019+0300][99.666s][info ][gc] GC(2223) Pause Young (Concurrent Start) (G1 Humongous Allocation) 186M->187M(512M) 51.389ms
[2020-08-01T12:05:58.019+0300][99.666s][info ][gc] GC(2224) Concurrent Cycle
[2020-08-01T12:05:58.035+0300][99.682s][debug][gc] GC(2224) Reclaimed 122 empty regions
[2020-08-01T12:05:58.035+0300][99.682s][info ][gc] GC(2224) Pause Remark 239M->117M(512M) 0.583ms
[2020-08-01T12:05:58.089+0300][99.735s][info ][gc] GC(2225) Pause Young (Normal) (G1 Evacuation Pause) 169M->156M(512M) 32.485ms
[2020-08-01T12:05:58.091+0300][99.737s][info ][gc] GC(2224) Pause Cleanup 162M->162M(512M) 0.077ms
[2020-08-01T12:05:58.092+0300][99.738s][info ][gc] GC(2224) Concurrent Cycle 72.446ms
[2020-08-01T12:05:58.158+0300][99.804s][info ][gc] GC(2226) Pause Young (Concurrent Start) (G1 Humongous Allocation) 187M->188M(512M) 33.974ms
[2020-08-01T12:05:58.158+0300][99.804s][info ][gc] GC(2227) Concurrent Cycle
[2020-08-01T12:05:58.174+0300][99.821s][debug][gc] GC(2227) Reclaimed 123 empty regions
[2020-08-01T12:05:58.174+0300][99.821s][info ][gc] GC(2227) Pause Remark 241M->118M(512M) 0.572ms
[2020-08-01T12:05:58.227+0300][99.874s][info ][gc] GC(2228) Pause Young (Normal) (G1 Evacuation Pause) 169M->156M(512M) 32.467ms
[2020-08-01T12:05:58.230+0300][99.876s][info ][gc] GC(2227) Pause Cleanup 162M->162M(512M) 0.083ms
[2020-08-01T12:05:58.230+0300][99.877s][info ][gc] GC(2227) Concurrent Cycle 72.590ms
[2020-08-01T12:05:58.325+0300][99.972s][info ][gc] GC(2229) Pause Young (Concurrent Start) (G1 Humongous Allocation) 187M->189M(512M) 62.388ms
[2020-08-01T12:05:58.325+0300][99.972s][info ][gc] GC(2230) Concurrent Cycle
[2020-08-01T12:05:58.343+0300][99.989s][debug][gc] GC(2230) Reclaimed 124 empty regions
[2020-08-01T12:05:58.343+0300][99.989s][info ][gc] GC(2230) Pause Remark 241M->117M(512M) 0.626ms
[2020-08-01T12:05:58.398+0300][100.044s][info ][gc] GC(2231) Pause Young (Normal) (G1 Evacuation Pause) 169M->156M(512M) 33.454ms
[2020-08-01T12:05:58.400+0300][100.046s][info ][gc] GC(2230) Pause Cleanup 161M->161M(512M) 0.083ms
[2020-08-01T12:05:58.400+0300][100.047s][info ][gc] GC(2230) Concurrent Cycle 75.178ms
[2020-08-01T12:05:58.460+0300][100.106s][info ][gc] GC(2232) Pause Young (Concurrent Start) (G1 Humongous Allocation) 188M->189M(512M) 25.407ms
[2020-08-01T12:05:58.460+0300][100.107s][info ][gc] GC(2233) Concurrent Cycle
[2020-08-01T12:05:58.477+0300][100.123s][debug][gc] GC(2233) Reclaimed 124 empty regions
[2020-08-01T12:05:58.477+0300][100.123s][info ][gc] GC(2233) Pause Remark 241M->117M(512M) 0.597ms
[2020-08-01T12:05:58.530+0300][100.177s][info ][gc] GC(2234) Pause Young (Normal) (G1 Evacuation Pause) 169M->156M(512M) 32.766ms
[2020-08-01T12:05:58.532+0300][100.179s][info ][gc] GC(2233) Pause Cleanup 162M->162M(512M) 0.075ms
[2020-08-01T12:05:58.533+0300][100.179s][info ][gc] GC(2233) Concurrent Cycle 72.855ms
[2020-08-01T12:05:58.609+0300][100.256s][info ][gc] GC(2235) Pause Young (Concurrent Start) (G1 Humongous Allocation) 187M->187M(512M) 49.406ms
[2020-08-01T12:05:58.609+0300][100.256s][info ][gc] GC(2236) Concurrent Cycle
[2020-08-01T12:05:58.626+0300][100.273s][debug][gc] GC(2236) Reclaimed 123 empty regions
[2020-08-01T12:05:58.626+0300][100.273s][info ][gc] GC(2236) Pause Remark 240M->117M(512M) 0.582ms
[2020-08-01T12:05:58.682+0300][100.328s][info ][gc] GC(2237) Pause Young (Normal) (G1 Evacuation Pause) 168M->155M(512M) 34.915ms
[2020-08-01T12:05:58.685+0300][100.331s][info ][gc] GC(2236) Pause Cleanup 161M->161M(512M) 0.081ms
[2020-08-01T12:05:58.685+0300][100.332s][info ][gc] GC(2236) Concurrent Cycle 76.105ms
[2020-08-01T12:05:58.740+0300][100.386s][info ][gc] GC(2238) Pause Young (Concurrent Start) (G1 Humongous Allocation) 186M->187M(512M) 25.350ms
[2020-08-01T12:05:58.740+0300][100.386s][info ][gc] GC(2239) Concurrent Cycle
[2020-08-01T12:05:58.756+0300][100.402s][debug][gc] GC(2239) Reclaimed 123 empty regions
[2020-08-01T12:05:58.756+0300][100.402s][info ][gc] GC(2239) Pause Remark 240M->117M(512M) 0.613ms
[2020-08-01T12:05:58.809+0300][100.455s][info ][gc] GC(2240) Pause Young (Normal) (G1 Evacuation Pause) 168M->155M(512M) 32.840ms
[2020-08-01T12:05:58.812+0300][100.458s][info ][gc] GC(2239) Pause Cleanup 161M->161M(512M) 0.078ms
[2020-08-01T12:05:58.812+0300][100.459s][info ][gc] GC(2239) Concurrent Cycle 72.191ms
[2020-08-01T12:05:58.900+0300][100.547s][info ][gc] GC(2241) Pause Young (Concurrent Start) (G1 Humongous Allocation) 186M->187M(512M) 61.455ms
[2020-08-01T12:05:58.900+0300][100.547s][info ][gc] GC(2242) Concurrent Cycle
[2020-08-01T12:05:58.918+0300][100.564s][debug][gc] GC(2242) Reclaimed 123 empty regions
[2020-08-01T12:05:58.918+0300][100.564s][info ][gc] GC(2242) Pause Remark 239M->116M(512M) 0.583ms
[2020-08-01T12:05:58.972+0300][100.618s][info ][gc] GC(2243) Pause Young (Normal) (G1 Evacuation Pause) 168M->156M(512M) 32.764ms
[2020-08-01T12:05:58.973+0300][100.620s][info ][gc] GC(2242) Pause Cleanup 160M->160M(512M) 0.072ms
[2020-08-01T12:05:58.974+0300][100.620s][info ][gc] GC(2242) Concurrent Cycle 73.474ms
[2020-08-01T12:05:59.034+0300][100.681s][info ][gc] GC(2244) Pause Young (Concurrent Start) (G1 Humongous Allocation) 187M->188M(512M) 26.509ms
[2020-08-01T12:05:59.034+0300][100.681s][info ][gc] GC(2245) Concurrent Cycle
[2020-08-01T12:05:59.050+0300][100.696s][debug][gc] GC(2245) Reclaimed 124 empty regions
[2020-08-01T12:05:59.050+0300][100.696s][info ][gc] GC(2245) Pause Remark 240M->116M(512M) 0.625ms
[2020-08-01T12:05:59.103+0300][100.749s][info ][gc] GC(2246) Pause Young (Normal) (G1 Evacuation Pause) 168M->156M(512M) 32.477ms
[2020-08-01T12:05:59.106+0300][100.752s][info ][gc] GC(2245) Pause Cleanup 163M->163M(512M) 0.089ms
[2020-08-01T12:05:59.107+0300][100.753s][info ][gc] GC(2245) Concurrent Cycle 72.849ms
[2020-08-01T12:05:59.188+0300][100.835s][info ][gc] GC(2247) Pause Young (Concurrent Start) (G1 Humongous Allocation) 187M->188M(512M) 56.255ms
[2020-08-01T12:05:59.188+0300][100.835s][info ][gc] GC(2248) Concurrent Cycle
[2020-08-01T12:05:59.204+0300][100.851s][debug][gc] GC(2248) Reclaimed 123 empty regions
[2020-08-01T12:05:59.204+0300][100.851s][info ][gc] GC(2248) Pause Remark 241M->118M(512M) 0.572ms
[2020-08-01T12:05:59.257+0300][100.904s][info ][gc] GC(2249) Pause Young (Normal) (G1 Evacuation Pause) 169M->156M(512M) 32.349ms
[2020-08-01T12:05:59.260+0300][100.906s][info ][gc] GC(2248) Pause Cleanup 162M->162M(512M) 0.078ms
[2020-08-01T12:05:59.260+0300][100.907s][info ][gc] GC(2248) Concurrent Cycle 72.150ms
[2020-08-01T12:05:59.342+0300][100.989s][info ][gc] GC(2250) Pause Young (Concurrent Start) (G1 Humongous Allocation) 187M->188M(512M) 56.245ms
[2020-08-01T12:05:59.342+0300][100.989s][info ][gc] GC(2251) Concurrent Cycle
[2020-08-01T12:05:59.361+0300][101.007s][debug][gc] GC(2251) Reclaimed 123 empty regions
[2020-08-01T12:05:59.361+0300][101.008s][info ][gc] GC(2251) Pause Remark 243M->120M(512M) 0.629ms
[2020-08-01T12:05:59.415+0300][101.061s][info ][gc] GC(2252) Pause Young (Normal) (G1 Evacuation Pause) 169M->156M(512M) 33.760ms
[2020-08-01T12:05:59.419+0300][101.065s][info ][gc] GC(2251) Pause Cleanup 164M->164M(512M) 0.097ms
[2020-08-01T12:05:59.419+0300][101.066s][info ][gc] GC(2251) Concurrent Cycle 76.944ms
[2020-08-01T12:05:59.468+0300][101.114s][info ][gc] GC(2253) Pause Young (Concurrent Start) (G1 Humongous Allocation) 187M->188M(512M) 25.064ms
[2020-08-01T12:05:59.468+0300][101.114s][info ][gc] GC(2254) Concurrent Cycle
[2020-08-01T12:05:59.484+0300][101.130s][debug][gc] GC(2254) Reclaimed 124 empty regions
[2020-08-01T12:05:59.484+0300][101.130s][info ][gc] GC(2254) Pause Remark 242M->118M(512M) 0.589ms
[2020-08-01T12:05:59.535+0300][101.182s][info ][gc] GC(2255) Pause Young (Normal) (G1 Evacuation Pause) 168M->155M(512M) 31.506ms
[2020-08-01T12:05:59.538+0300][101.184s][info ][gc] GC(2254) Pause Cleanup 161M->161M(512M) 0.077ms
[2020-08-01T12:05:59.539+0300][101.185s][info ][gc] GC(2254) Concurrent Cycle 70.828ms
[2020-08-01T12:05:59.593+0300][101.239s][info ][gc] GC(2256) Pause Young (Concurrent Start) (G1 Humongous Allocation) 186M->187M(512M) 25.390ms
[2020-08-01T12:05:59.593+0300][101.240s][info ][gc] GC(2257) Concurrent Cycle
[2020-08-01T12:05:59.609+0300][101.256s][debug][gc] GC(2257) Reclaimed 123 empty regions
[2020-08-01T12:05:59.609+0300][101.256s][info ][gc] GC(2257) Pause Remark 240M->117M(512M) 0.605ms
[2020-08-01T12:05:59.663+0300][101.309s][info ][gc] GC(2258) Pause Young (Normal) (G1 Evacuation Pause) 168M->155M(512M) 32.750ms
[2020-08-01T12:05:59.665+0300][101.311s][info ][gc] GC(2257) Pause Cleanup 161M->161M(512M) 0.076ms
[2020-08-01T12:05:59.666+0300][101.312s][info ][gc] GC(2257) Concurrent Cycle 72.556ms
[2020-08-01T12:05:59.717+0300][101.364s][info ][gc] GC(2259) Pause Young (Concurrent Start) (G1 Humongous Allocation) 186M->188M(512M) 25.782ms
[2020-08-01T12:05:59.717+0300][101.364s][info ][gc] GC(2260) Concurrent Cycle
[2020-08-01T12:05:59.733+0300][101.380s][debug][gc] GC(2260) Reclaimed 123 empty regions
[2020-08-01T12:05:59.733+0300][101.380s][info ][gc] GC(2260) Pause Remark 240M->117M(512M) 0.586ms
[2020-08-01T12:05:59.787+0300][101.433s][info ][gc] GC(2261) Pause Young (Normal) (G1 Evacuation Pause) 169M->156M(512M) 32.784ms
[2020-08-01T12:05:59.789+0300][101.436s][info ][gc] GC(2260) Pause Cleanup 162M->162M(512M) 0.076ms
[2020-08-01T12:05:59.790+0300][101.436s][info ][gc] GC(2260) Concurrent Cycle 72.161ms
[2020-08-01T12:05:59.863+0300][101.509s][info ][gc] GC(2262) Pause Young (Concurrent Start) (G1 Humongous Allocation) 187M->189M(512M) 45.934ms
[2020-08-01T12:05:59.863+0300][101.509s][info ][gc] GC(2263) Concurrent Cycle
[2020-08-01T12:05:59.880+0300][101.526s][debug][gc] GC(2263) Reclaimed 124 empty regions
[2020-08-01T12:05:59.880+0300][101.526s][info ][gc] GC(2263) Pause Remark 242M->118M(512M) 0.615ms
[2020-08-01T12:05:59.933+0300][101.579s][info ][gc] GC(2264) Pause Young (Normal) (G1 Evacuation Pause) 169M->156M(512M) 32.702ms
[2020-08-01T12:05:59.936+0300][101.582s][info ][gc] GC(2263) Pause Cleanup 162M->162M(512M) 0.082ms
[2020-08-01T12:05:59.936+0300][101.582s][info ][gc] GC(2263) Concurrent Cycle 73.288ms
[2020-08-01T12:06:00.014+0300][101.660s][info ][gc] GC(2265) Pause Young (Concurrent Start) (G1 Humongous Allocation) 187M->188M(512M) 56.048ms
[2020-08-01T12:06:00.014+0300][101.660s][info ][gc] GC(2266) Concurrent Cycle
[2020-08-01T12:06:00.031+0300][101.677s][debug][gc] GC(2266) Reclaimed 124 empty regions
[2020-08-01T12:06:00.031+0300][101.677s][info ][gc] GC(2266) Pause Remark 241M->117M(512M) 0.613ms
[2020-08-01T12:06:00.087+0300][101.734s][info ][gc] GC(2267) Pause Young (Normal) (G1 Evacuation Pause) 168M->155M(512M) 35.368ms
[2020-08-01T12:06:00.090+0300][101.736s][info ][gc] GC(2266) Pause Cleanup 161M->161M(512M) 0.157ms
[2020-08-01T12:06:00.091+0300][101.737s][info ][gc] GC(2266) Concurrent Cycle 77.042ms
[2020-08-01T12:06:00.140+0300][101.786s][info ][gc] GC(2268) Pause Young (Concurrent Start) (G1 Humongous Allocation) 186M->188M(512M) 25.345ms
[2020-08-01T12:06:00.140+0300][101.786s][info ][gc] GC(2269) Concurrent Cycle
[2020-08-01T12:06:00.156+0300][101.803s][debug][gc] GC(2269) Reclaimed 123 empty regions
[2020-08-01T12:06:00.156+0300][101.803s][info ][gc] GC(2269) Pause Remark 241M->118M(512M) 0.639ms
[2020-08-01T12:06:00.209+0300][101.855s][info ][gc] GC(2270) Pause Young (Normal) (G1 Evacuation Pause) 169M->156M(512M) 31.796ms
[2020-08-01T12:06:00.211+0300][101.857s][info ][gc] GC(2269) Pause Cleanup 162M->162M(512M) 0.079ms
[2020-08-01T12:06:00.211+0300][101.858s][info ][gc] GC(2269) Concurrent Cycle 71.427ms
[2020-08-01T12:06:00.266+0300][101.913s][info ][gc] GC(2271) Pause Young (Concurrent Start) (G1 Humongous Allocation) 187M->188M(512M) 26.855ms
[2020-08-01T12:06:00.267+0300][101.913s][info ][gc] GC(2272) Concurrent Cycle
[2020-08-01T12:06:00.282+0300][101.929s][debug][gc] GC(2272) Reclaimed 124 empty regions
[2020-08-01T12:06:00.283+0300][101.929s][info ][gc] GC(2272) Pause Remark 239M->115M(512M) 0.581ms
[2020-08-01T12:06:00.339+0300][101.985s][info ][gc] GC(2273) Pause Young (Normal) (G1 Evacuation Pause) 168M->155M(512M) 33.761ms
[2020-08-01T12:06:00.340+0300][101.986s][info ][gc] GC(2272) Pause Cleanup 158M->158M(512M) 0.075ms
[2020-08-01T12:06:00.341+0300][101.987s][info ][gc] GC(2272) Concurrent Cycle 73.979ms
[2020-08-01T12:06:00.392+0300][102.038s][info ][gc] GC(2274) Pause Young (Concurrent Start) (G1 Humongous Allocation) 186M->187M(512M) 26.247ms
[2020-08-01T12:06:00.392+0300][102.038s][info ][gc] GC(2275) Concurrent Cycle
[2020-08-01T12:06:00.408+0300][102.055s][debug][gc] GC(2275) Reclaimed 122 empty regions
[2020-08-01T12:06:00.409+0300][102.055s][info ][gc] GC(2275) Pause Remark 239M->117M(512M) 0.629ms
[2020-08-01T12:06:00.462+0300][102.109s][info ][gc] GC(2276) Pause Young (Normal) (G1 Evacuation Pause) 169M->157M(512M) 32.266ms
[2020-08-01T12:06:00.464+0300][102.111s][info ][gc] GC(2275) Pause Cleanup 162M->162M(512M) 0.078ms
[2020-08-01T12:06:00.465+0300][102.111s][info ][gc] GC(2275) Concurrent Cycle 72.920ms
[2020-08-01T12:06:00.517+0300][102.164s][info ][gc] GC(2277) Pause Young (Concurrent Start) (G1 Humongous Allocation) 188M->189M(512M) 28.495ms
[2020-08-01T12:06:00.517+0300][102.164s][info ][gc] GC(2278) Concurrent Cycle
[2020-08-01T12:06:00.533+0300][102.180s][debug][gc] GC(2278) Reclaimed 124 empty regions
[2020-08-01T12:06:00.533+0300][102.180s][info ][gc] GC(2278) Pause Remark 240M->116M(512M) 0.607ms
[2020-08-01T12:06:00.590+0300][102.236s][info ][gc] GC(2279) Pause Young (Normal) (G1 Evacuation Pause) 169M->156M(512M) 33.967ms
[2020-08-01T12:06:00.591+0300][102.237s][info ][gc] GC(2278) Pause Cleanup 158M->158M(512M) 0.075ms
[2020-08-01T12:06:00.591+0300][102.238s][info ][gc] GC(2278) Concurrent Cycle 74.147ms
[2020-08-01T12:06:00.639+0300][102.285s][info ][gc] GC(2280) Pause Young (Concurrent Start) (G1 Humongous Allocation) 187M->188M(512M) 26.420ms
[2020-08-01T12:06:00.639+0300][102.286s][info ][gc] GC(2281) Concurrent Cycle
[2020-08-01T12:06:00.657+0300][102.304s][debug][gc] GC(2281) Reclaimed 123 empty regions
[2020-08-01T12:06:00.657+0300][102.304s][info ][gc] GC(2281) Pause Remark 242M->119M(512M) 0.605ms
[2020-08-01T12:06:00.713+0300][102.359s][info ][gc] GC(2282) Pause Young (Normal) (G1 Evacuation Pause) 169M->156M(512M) 34.461ms
[2020-08-01T12:06:00.715+0300][102.362s][info ][gc] GC(2281) Pause Cleanup 161M->161M(512M) 0.089ms
[2020-08-01T12:06:00.716+0300][102.362s][info ][gc] GC(2281) Concurrent Cycle 76.771ms
[2020-08-01T12:06:00.763+0300][102.409s][info ][gc] GC(2283) Pause Young (Concurrent Start) (G1 Humongous Allocation) 187M->188M(512M) 26.199ms
[2020-08-01T12:06:00.763+0300][102.409s][info ][gc] GC(2284) Concurrent Cycle
[2020-08-01T12:06:00.779+0300][102.425s][debug][gc] GC(2284) Reclaimed 123 empty regions
[2020-08-01T12:06:00.779+0300][102.425s][info ][gc] GC(2284) Pause Remark 239M->116M(512M) 0.614ms
[2020-08-01T12:06:00.834+0300][102.480s][info ][gc] GC(2285) Pause Young (Normal) (G1 Evacuation Pause) 169M->156M(512M) 32.976ms
[2020-08-01T12:06:00.836+0300][102.482s][info ][gc] GC(2284) Pause Cleanup 160M->160M(512M) 0.083ms
[2020-08-01T12:06:00.836+0300][102.483s][info ][gc] GC(2284) Concurrent Cycle 73.303ms
[2020-08-01T12:06:00.888+0300][102.535s][info ][gc] GC(2286) Pause Young (Concurrent Start) (G1 Humongous Allocation) 187M->189M(512M) 26.549ms
[2020-08-01T12:06:00.888+0300][102.535s][info ][gc] GC(2287) Concurrent Cycle
[2020-08-01T12:06:00.904+0300][102.551s][debug][gc] GC(2287) Reclaimed 124 empty regions
[2020-08-01T12:06:00.904+0300][102.551s][info ][gc] GC(2287) Pause Remark 241M->117M(512M) 0.574ms
[2020-08-01T12:06:00.958+0300][102.604s][info ][gc] GC(2288) Pause Young (Normal) (G1 Evacuation Pause) 169M->156M(512M) 32.866ms
[2020-08-01T12:06:00.960+0300][102.606s][info ][gc] GC(2287) Pause Cleanup 161M->161M(512M) 0.080ms
[2020-08-01T12:06:00.960+0300][102.607s][info ][gc] GC(2287) Concurrent Cycle 72.041ms
[2020-08-01T12:06:01.039+0300][102.686s][info ][gc] GC(2289) Pause Young (Concurrent Start) (G1 Humongous Allocation) 187M->188M(512M) 53.202ms
[2020-08-01T12:06:01.039+0300][102.686s][info ][gc] GC(2290) Concurrent Cycle
[2020-08-01T12:06:01.056+0300][102.703s][debug][gc] GC(2290) Reclaimed 124 empty regions
[2020-08-01T12:06:01.056+0300][102.703s][info ][gc] GC(2290) Pause Remark 241M->117M(512M) 0.596ms
[2020-08-01T12:06:01.110+0300][102.757s][info ][gc] GC(2291) Pause Young (Normal) (G1 Evacuation Pause) 168M->155M(512M) 33.405ms
[2020-08-01T12:06:01.113+0300][102.760s][info ][gc] GC(2290) Pause Cleanup 162M->162M(512M) 0.083ms
[2020-08-01T12:06:01.114+0300][102.760s][info ][gc] GC(2290) Concurrent Cycle 74.681ms
[2020-08-01T12:06:01.191+0300][102.838s][info ][gc] GC(2292) Pause Young (Concurrent Start) (G1 Humongous Allocation) 186M->187M(512M) 49.320ms
[2020-08-01T12:06:01.191+0300][102.838s][info ][gc] GC(2293) Concurrent Cycle
[2020-08-01T12:06:01.207+0300][102.854s][debug][gc] GC(2293) Reclaimed 122 empty regions
[2020-08-01T12:06:01.207+0300][102.854s][info ][gc] GC(2293) Pause Remark 240M->118M(512M) 0.570ms
[2020-08-01T12:06:01.261+0300][102.907s][info ][gc] GC(2294) Pause Young (Normal) (G1 Evacuation Pause) 169M->157M(512M) 32.627ms
[2020-08-01T12:06:01.263+0300][102.910s][info ][gc] GC(2293) Pause Cleanup 163M->163M(512M) 0.099ms
[2020-08-01T12:06:01.264+0300][102.910s][info ][gc] GC(2293) Concurrent Cycle 72.637ms
[2020-08-01T12:06:01.345+0300][102.992s][info ][gc] GC(2295) Pause Young (Concurrent Start) (G1 Humongous Allocation) 188M->189M(512M) 49.615ms
[2020-08-01T12:06:01.346+0300][102.992s][info ][gc] GC(2296) Concurrent Cycle
[2020-08-01T12:06:01.365+0300][103.012s][debug][gc] GC(2296) Reclaimed 124 empty regions
[2020-08-01T12:06:01.365+0300][103.012s][info ][gc] GC(2296) Pause Remark 239M->115M(512M) 0.665ms
[2020-08-01T12:06:01.422+0300][103.068s][info ][gc] GC(2297) Pause Young (Normal) (G1 Evacuation Pause) 169M->156M(512M) 32.830ms
[2020-08-01T12:06:01.423+0300][103.069s][info ][gc] GC(2296) Pause Cleanup 157M->157M(512M) 0.110ms
[2020-08-01T12:06:01.424+0300][103.070s][info ][gc] GC(2296) Concurrent Cycle 78.046ms
[2020-08-01T12:06:01.478+0300][103.124s][info ][gc] GC(2298) Pause Young (Concurrent Start) (G1 Humongous Allocation) 187M->188M(512M) 26.898ms
[2020-08-01T12:06:01.478+0300][103.124s][info ][gc] GC(2299) Concurrent Cycle
[2020-08-01T12:06:01.495+0300][103.141s][debug][gc] GC(2299) Reclaimed 123 empty regions
[2020-08-01T12:06:01.495+0300][103.141s][info ][gc] GC(2299) Pause Remark 237M->114M(512M) 0.613ms
[2020-08-01T12:06:01.518+0300][103.164s][info ][gc] GC(2299) Pause Cleanup 169M->169M(512M) 0.070ms
[2020-08-01T12:06:01.553+0300][103.199s][info ][gc] GC(2300) Pause Young (Normal) (G1 Evacuation Pause) 169M->156M(512M) 34.297ms
[2020-08-01T12:06:01.553+0300][103.200s][info ][gc] GC(2299) Concurrent Cycle 75.405ms
[2020-08-01T12:06:01.595+0300][103.241s][info ][gc] GC(2301) Pause Young (Concurrent Start) (G1 Humongous Allocation) 187M->188M(512M) 17.212ms
[2020-08-01T12:06:01.595+0300][103.241s][info ][gc] GC(2302) Concurrent Cycle
[2020-08-01T12:06:01.612+0300][103.259s][debug][gc] GC(2302) Reclaimed 124 empty regions
[2020-08-01T12:06:01.612+0300][103.259s][info ][gc] GC(2302) Pause Remark 238M->114M(512M) 0.590ms
[2020-08-01T12:06:01.668+0300][103.314s][info ][gc] GC(2303) Pause Young (Normal) (G1 Evacuation Pause) 168M->155M(512M) 32.869ms
[2020-08-01T12:06:01.668+0300][103.315s][info ][gc] GC(2302) Pause Cleanup 156M->156M(512M) 0.082ms
[2020-08-01T12:06:01.669+0300][103.315s][info ][gc] GC(2302) Concurrent Cycle 74.044ms
[2020-08-01T12:06:01.725+0300][103.372s][info ][gc] GC(2304) Pause Young (Concurrent Start) (G1 Humongous Allocation) 186M->187M(512M) 25.692ms
[2020-08-01T12:06:01.725+0300][103.372s][info ][gc] GC(2305) Concurrent Cycle
[2020-08-01T12:06:01.742+0300][103.388s][debug][gc] GC(2305) Reclaimed 122 empty regions
[2020-08-01T12:06:01.742+0300][103.388s][info ][gc] GC(2305) Pause Remark 238M->116M(512M) 0.613ms
[2020-08-01T12:06:01.796+0300][103.442s][info ][gc] GC(2306) Pause Young (Normal) (G1 Evacuation Pause) 169M->156M(512M) 32.096ms
[2020-08-01T12:06:01.798+0300][103.444s][info ][gc] GC(2305) Pause Cleanup 161M->161M(512M) 0.090ms
[2020-08-01T12:06:01.798+0300][103.445s][info ][gc] GC(2305) Concurrent Cycle 72.673ms
[2020-08-01T12:06:01.851+0300][103.497s][info ][gc] GC(2307) Pause Young (Concurrent Start) (G1 Humongous Allocation) 187M->188M(512M) 26.370ms
[2020-08-01T12:06:01.851+0300][103.498s][info ][gc] GC(2308) Concurrent Cycle
[2020-08-01T12:06:01.868+0300][103.514s][debug][gc] GC(2308) Reclaimed 124 empty regions
[2020-08-01T12:06:01.868+0300][103.514s][info ][gc] GC(2308) Pause Remark 240M->116M(512M) 0.578ms
[2020-08-01T12:06:01.921+0300][103.567s][info ][gc] GC(2309) Pause Young (Normal) (G1 Evacuation Pause) 168M->156M(512M) 32.235ms
[2020-08-01T12:06:01.923+0300][103.569s][info ][gc] GC(2308) Pause Cleanup 161M->161M(512M) 0.075ms
[2020-08-01T12:06:01.924+0300][103.570s][info ][gc] GC(2308) Concurrent Cycle 72.367ms
[2020-08-01T12:06:01.992+0300][103.638s][info ][gc] GC(2310) Pause Young (Concurrent Start) (G1 Humongous Allocation) 187M->189M(512M) 42.882ms
[2020-08-01T12:06:01.992+0300][103.638s][info ][gc] GC(2311) Concurrent Cycle
[2020-08-01T12:06:02.008+0300][103.654s][debug][gc] GC(2311) Reclaimed 124 empty regions
[2020-08-01T12:06:02.008+0300][103.654s][info ][gc] GC(2311) Pause Remark 242M->118M(512M) 0.604ms
[2020-08-01T12:06:02.062+0300][103.708s][info ][gc] GC(2312) Pause Young (Normal) (G1 Evacuation Pause) 169M->156M(512M) 33.046ms
[2020-08-01T12:06:02.064+0300][103.711s][info ][gc] GC(2311) Pause Cleanup 162M->162M(512M) 0.091ms
[2020-08-01T12:06:02.065+0300][103.711s][info ][gc] GC(2311) Concurrent Cycle 73.428ms
[2020-08-01T12:06:02.138+0300][103.785s][info ][gc] GC(2313) Pause Young (Concurrent Start) (G1 Humongous Allocation) 187M->188M(512M) 49.339ms
[2020-08-01T12:06:02.138+0300][103.785s][info ][gc] GC(2314) Concurrent Cycle
[2020-08-01T12:06:02.154+0300][103.801s][debug][gc] GC(2314) Reclaimed 124 empty regions
[2020-08-01T12:06:02.154+0300][103.801s][info ][gc] GC(2314) Pause Remark 241M->117M(512M) 0.627ms
[2020-08-01T12:06:02.207+0300][103.853s][info ][gc] GC(2315) Pause Young (Normal) (G1 Evacuation Pause) 168M->155M(512M) 31.779ms
[2020-08-01T12:06:02.209+0300][103.856s][info ][gc] GC(2314) Pause Cleanup 161M->161M(512M) 0.077ms
[2020-08-01T12:06:02.210+0300][103.856s][info ][gc] GC(2314) Concurrent Cycle 71.448ms
[2020-08-01T12:06:02.256+0300][103.903s][info ][gc] GC(2316) Pause Young (Concurrent Start) (G1 Humongous Allocation) 186M->187M(512M) 26.746ms
[2020-08-01T12:06:02.257+0300][103.903s][info ][gc] GC(2317) Concurrent Cycle
[2020-08-01T12:06:02.274+0300][103.921s][debug][gc] GC(2317) Reclaimed 122 empty regions
[2020-08-01T12:06:02.274+0300][103.921s][info ][gc] GC(2317) Pause Remark 241M->119M(512M) 0.579ms
[2020-08-01T12:06:02.327+0300][103.974s][info ][gc] GC(2318) Pause Young (Normal) (G1 Evacuation Pause) 169M->156M(512M) 32.424ms
[2020-08-01T12:06:02.330+0300][103.977s][info ][gc] GC(2317) Pause Cleanup 163M->163M(512M) 0.113ms
[2020-08-01T12:06:02.331+0300][103.977s][info ][gc] GC(2317) Concurrent Cycle 74.260ms
[2020-08-01T12:06:02.409+0300][104.055s][info ][gc] GC(2319) Pause Young (Concurrent Start) (G1 Humongous Allocation) 187M->188M(512M) 54.526ms
[2020-08-01T12:06:02.409+0300][104.055s][info ][gc] GC(2320) Concurrent Cycle
[2020-08-01T12:06:02.426+0300][104.072s][debug][gc] GC(2320) Reclaimed 123 empty regions
[2020-08-01T12:06:02.426+0300][104.072s][info ][gc] GC(2320) Pause Remark 241M->118M(512M) 0.649ms
[2020-08-01T12:06:02.481+0300][104.128s][info ][gc] GC(2321) Pause Young (Normal) (G1 Evacuation Pause) 169M->156M(512M) 33.711ms
[2020-08-01T12:06:02.484+0300][104.130s][info ][gc] GC(2320) Pause Cleanup 162M->162M(512M) 0.089ms
[2020-08-01T12:06:02.484+0300][104.131s][info ][gc] GC(2320) Concurrent Cycle 75.498ms
[2020-08-01T12:06:02.558+0300][104.205s][info ][gc] GC(2322) Pause Young (Concurrent Start) (G1 Humongous Allocation) 187M->189M(512M) 48.303ms
[2020-08-01T12:06:02.558+0300][104.205s][info ][gc] GC(2323) Concurrent Cycle
[2020-08-01T12:06:02.576+0300][104.222s][debug][gc] GC(2323) Reclaimed 124 empty regions
[2020-08-01T12:06:02.576+0300][104.222s][info ][gc] GC(2323) Pause Remark 241M->117M(512M) 0.587ms
[2020-08-01T12:06:02.630+0300][104.277s][info ][gc] GC(2324) Pause Young (Normal) (G1 Evacuation Pause) 169M->156M(512M) 33.345ms
[2020-08-01T12:06:02.633+0300][104.279s][info ][gc] GC(2323) Pause Cleanup 162M->162M(512M) 0.100ms
[2020-08-01T12:06:02.633+0300][104.280s][info ][gc] GC(2323) Concurrent Cycle 74.952ms
[2020-08-01T12:06:02.693+0300][104.339s][info ][gc] GC(2325) Pause Young (Concurrent Start) (G1 Humongous Allocation) 187M->188M(512M) 28.251ms
[2020-08-01T12:06:02.693+0300][104.339s][info ][gc] GC(2326) Concurrent Cycle
[2020-08-01T12:06:02.710+0300][104.356s][debug][gc] GC(2326) Reclaimed 123 empty regions
[2020-08-01T12:06:02.710+0300][104.356s][info ][gc] GC(2326) Pause Remark 242M->119M(512M) 0.576ms
[2020-08-01T12:06:02.763+0300][104.410s][info ][gc] GC(2327) Pause Young (Normal) (G1 Evacuation Pause) 169M->156M(512M) 33.272ms
[2020-08-01T12:06:02.766+0300][104.412s][info ][gc] GC(2326) Pause Cleanup 161M->161M(512M) 0.098ms
[2020-08-01T12:06:02.767+0300][104.413s][info ][gc] GC(2326) Concurrent Cycle 73.820ms
[2020-08-01T12:06:02.813+0300][104.459s][info ][gc] GC(2328) Pause Young (Concurrent Start) (G1 Humongous Allocation) 187M->188M(512M) 25.241ms
[2020-08-01T12:06:02.813+0300][104.459s][info ][gc] GC(2329) Concurrent Cycle
[2020-08-01T12:06:02.829+0300][104.475s][debug][gc] GC(2329) Reclaimed 123 empty regions
[2020-08-01T12:06:02.829+0300][104.476s][info ][gc] GC(2329) Pause Remark 241M->118M(512M) 0.571ms
[2020-08-01T12:06:02.883+0300][104.530s][info ][gc] GC(2330) Pause Young (Normal) (G1 Evacuation Pause) 169M->156M(512M) 33.452ms
[2020-08-01T12:06:02.885+0300][104.532s][info ][gc] GC(2329) Pause Cleanup 161M->161M(512M) 0.084ms
[2020-08-01T12:06:02.886+0300][104.532s][info ][gc] GC(2329) Concurrent Cycle 73.006ms
[2020-08-01T12:06:02.965+0300][104.611s][info ][gc] GC(2331) Pause Young (Concurrent Start) (G1 Humongous Allocation) 187M->188M(512M) 52.069ms
[2020-08-01T12:06:02.965+0300][104.611s][info ][gc] GC(2332) Concurrent Cycle
[2020-08-01T12:06:02.981+0300][104.627s][debug][gc] GC(2332) Reclaimed 123 empty regions
[2020-08-01T12:06:02.981+0300][104.627s][info ][gc] GC(2332) Pause Remark 239M->116M(512M) 0.586ms
[2020-08-01T12:06:03.035+0300][104.682s][info ][gc] GC(2333) Pause Young (Normal) (G1 Evacuation Pause) 169M->156M(512M) 33.178ms
[2020-08-01T12:06:03.037+0300][104.684s][info ][gc] GC(2332) Pause Cleanup 160M->160M(512M) 0.109ms
[2020-08-01T12:06:03.038+0300][104.685s][info ][gc] GC(2332) Concurrent Cycle 73.234ms
[2020-08-01T12:06:03.115+0300][104.761s][info ][gc] GC(2334) Pause Young (Concurrent Start) (G1 Humongous Allocation) 187M->187M(512M) 46.166ms
[2020-08-01T12:06:03.115+0300][104.761s][info ][gc] GC(2335) Concurrent Cycle
[2020-08-01T12:06:03.131+0300][104.777s][debug][gc] GC(2335) Reclaimed 123 empty regions
[2020-08-01T12:06:03.131+0300][104.777s][info ][gc] GC(2335) Pause Remark 239M->116M(512M) 0.583ms
[2020-08-01T12:06:03.185+0300][104.831s][info ][gc] GC(2336) Pause Young (Normal) (G1 Evacuation Pause) 168M->156M(512M) 32.916ms
[2020-08-01T12:06:03.187+0300][104.833s][info ][gc] GC(2335) Pause Cleanup 161M->161M(512M) 0.077ms
[2020-08-01T12:06:03.188+0300][104.834s][info ][gc] GC(2335) Concurrent Cycle 72.495ms
[2020-08-01T12:06:03.253+0300][104.899s][info ][gc] GC(2337) Pause Young (Concurrent Start) (G1 Humongous Allocation) 187M->188M(512M) 44.003ms
[2020-08-01T12:06:03.253+0300][104.899s][info ][gc] GC(2338) Concurrent Cycle
[2020-08-01T12:06:03.270+0300][104.916s][debug][gc] GC(2338) Reclaimed 124 empty regions
[2020-08-01T12:06:03.270+0300][104.916s][info ][gc] GC(2338) Pause Remark 241M->117M(512M) 0.700ms
[2020-08-01T12:06:03.323+0300][104.969s][info ][gc] GC(2339) Pause Young (Normal) (G1 Evacuation Pause) 168M->156M(512M) 32.834ms
[2020-08-01T12:06:03.326+0300][104.972s][info ][gc] GC(2338) Pause Cleanup 163M->163M(512M) 0.078ms
[2020-08-01T12:06:03.326+0300][104.973s][info ][gc] GC(2338) Concurrent Cycle 73.312ms
[2020-08-01T12:06:03.396+0300][105.043s][info ][gc] GC(2340) Pause Young (Concurrent Start) (G1 Humongous Allocation) 187M->188M(512M) 47.685ms
[2020-08-01T12:06:03.397+0300][105.043s][info ][gc] GC(2341) Concurrent Cycle
[2020-08-01T12:06:03.413+0300][105.060s][debug][gc] GC(2341) Reclaimed 123 empty regions
[2020-08-01T12:06:03.413+0300][105.060s][info ][gc] GC(2341) Pause Remark 242M->119M(512M) 0.584ms
[2020-08-01T12:06:03.467+0300][105.114s][info ][gc] GC(2342) Pause Young (Normal) (G1 Evacuation Pause) 169M->156M(512M) 32.776ms
[2020-08-01T12:06:03.471+0300][105.117s][info ][gc] GC(2341) Pause Cleanup 163M->163M(512M) 0.097ms
[2020-08-01T12:06:03.471+0300][105.118s][info ][gc] GC(2341) Concurrent Cycle 74.868ms
[2020-08-01T12:06:03.568+0300][105.214s][info ][gc] GC(2343) Pause Young (Concurrent Start) (G1 Humongous Allocation) 187M->188M(512M) 62.664ms
[2020-08-01T12:06:03.568+0300][105.214s][info ][gc] GC(2344) Concurrent Cycle
[2020-08-01T12:06:03.585+0300][105.231s][debug][gc] GC(2344) Reclaimed 124 empty regions
[2020-08-01T12:06:03.585+0300][105.232s][info ][gc] GC(2344) Pause Remark 237M->113M(512M) 0.598ms
[2020-08-01T12:06:03.640+0300][105.286s][info ][gc] GC(2345) Pause Young (Normal) (G1 Evacuation Pause) 168M->155M(512M) 32.574ms
[2020-08-01T12:06:03.641+0300][105.287s][info ][gc] GC(2344) Pause Cleanup 157M->157M(512M) 0.073ms
[2020-08-01T12:06:03.641+0300][105.288s][info ][gc] GC(2344) Concurrent Cycle 73.574ms
[2020-08-01T12:06:03.701+0300][105.347s][info ][gc] GC(2346) Pause Young (Concurrent Start) (G1 Humongous Allocation) 186M->188M(512M) 26.336ms
[2020-08-01T12:06:03.701+0300][105.347s][info ][gc] GC(2347) Concurrent Cycle
[2020-08-01T12:06:03.717+0300][105.363s][debug][gc] GC(2347) Reclaimed 122 empty regions
[2020-08-01T12:06:03.717+0300][105.364s][info ][gc] GC(2347) Pause Remark 240M->118M(512M) 0.606ms
[2020-08-01T12:06:03.771+0300][105.418s][info ][gc] GC(2348) Pause Young (Normal) (G1 Evacuation Pause) 170M->157M(512M) 33.328ms
[2020-08-01T12:06:03.774+0300][105.420s][info ][gc] GC(2347) Pause Cleanup 162M->162M(512M) 0.089ms
[2020-08-01T12:06:03.774+0300][105.421s][info ][gc] GC(2347) Concurrent Cycle 73.028ms
[2020-08-01T12:06:03.857+0300][105.503s][info ][gc] GC(2349) Pause Young (Concurrent Start) (G1 Humongous Allocation) 188M->188M(512M) 58.227ms
[2020-08-01T12:06:03.857+0300][105.504s][info ][gc] GC(2350) Concurrent Cycle
[2020-08-01T12:06:03.874+0300][105.520s][debug][gc] GC(2350) Reclaimed 124 empty regions
[2020-08-01T12:06:03.874+0300][105.520s][info ][gc] GC(2350) Pause Remark 241M->117M(512M) 0.580ms
[2020-08-01T12:06:03.926+0300][105.573s][info ][gc] GC(2351) Pause Young (Normal) (G1 Evacuation Pause) 168M->155M(512M) 32.098ms
[2020-08-01T12:06:03.929+0300][105.576s][info ][gc] GC(2350) Pause Cleanup 161M->161M(512M) 0.094ms
[2020-08-01T12:06:03.930+0300][105.576s][info ][gc] GC(2350) Concurrent Cycle 72.850ms
[2020-08-01T12:06:04.000+0300][105.647s][info ][gc] GC(2352) Pause Young (Concurrent Start) (G1 Humongous Allocation) 186M->188M(512M) 45.335ms
[2020-08-01T12:06:04.000+0300][105.647s][info ][gc] GC(2353) Concurrent Cycle
[2020-08-01T12:06:04.016+0300][105.662s][debug][gc] GC(2353) Reclaimed 123 empty regions
[2020-08-01T12:06:04.016+0300][105.662s][info ][gc] GC(2353) Pause Remark 240M->117M(512M) 0.606ms
[2020-08-01T12:06:04.070+0300][105.716s][info ][gc] GC(2354) Pause Young (Normal) (G1 Evacuation Pause) 169M->156M(512M) 32.573ms
[2020-08-01T12:06:04.071+0300][105.718s][info ][gc] GC(2353) Pause Cleanup 159M->159M(512M) 0.082ms
[2020-08-01T12:06:04.072+0300][105.718s][info ][gc] GC(2353) Concurrent Cycle 71.618ms
[2020-08-01T12:06:04.158+0300][105.804s][info ][gc] GC(2355) Pause Young (Concurrent Start) (G1 Humongous Allocation) 187M->188M(512M) 61.937ms
[2020-08-01T12:06:04.158+0300][105.804s][info ][gc] GC(2356) Concurrent Cycle
[2020-08-01T12:06:04.176+0300][105.822s][debug][gc] GC(2356) Reclaimed 124 empty regions
[2020-08-01T12:06:04.176+0300][105.822s][info ][gc] GC(2356) Pause Remark 241M->117M(512M) 0.676ms
[2020-08-01T12:06:04.230+0300][105.876s][info ][gc] GC(2357) Pause Young (Normal) (G1 Evacuation Pause) 168M->156M(512M) 33.477ms
[2020-08-01T12:06:04.232+0300][105.879s][info ][gc] GC(2356) Pause Cleanup 162M->162M(512M) 0.076ms
[2020-08-01T12:06:04.233+0300][105.879s][info ][gc] GC(2356) Concurrent Cycle 74.906ms
[2020-08-01T12:06:04.295+0300][105.942s][info ][gc] GC(2358) Pause Young (Concurrent Start) (G1 Humongous Allocation) 187M->188M(512M) 41.687ms
[2020-08-01T12:06:04.296+0300][105.942s][info ][gc] GC(2359) Concurrent Cycle
[2020-08-01T12:06:04.311+0300][105.958s][debug][gc] GC(2359) Reclaimed 123 empty regions
[2020-08-01T12:06:04.311+0300][105.958s][info ][gc] GC(2359) Pause Remark 240M->117M(512M) 0.582ms
[2020-08-01T12:06:04.366+0300][106.012s][info ][gc] GC(2360) Pause Young (Normal) (G1 Evacuation Pause) 169M->156M(512M) 33.380ms
[2020-08-01T12:06:04.368+0300][106.014s][info ][gc] GC(2359) Pause Cleanup 161M->161M(512M) 0.119ms
[2020-08-01T12:06:04.369+0300][106.016s][info ][gc] GC(2359) Concurrent Cycle 73.524ms
[2020-08-01T12:06:04.418+0300][106.064s][info ][gc] GC(2361) Pause Young (Concurrent Start) (G1 Humongous Allocation) 187M->189M(512M) 26.254ms
[2020-08-01T12:06:04.418+0300][106.064s][info ][gc] GC(2362) Concurrent Cycle
[2020-08-01T12:06:04.434+0300][106.080s][debug][gc] GC(2362) Reclaimed 124 empty regions
[2020-08-01T12:06:04.434+0300][106.080s][info ][gc] GC(2362) Pause Remark 238M->114M(512M) 0.589ms
[2020-08-01T12:06:04.488+0300][106.134s][info ][gc] GC(2363) Pause Young (Normal) (G1 Evacuation Pause) 169M->157M(512M) 32.044ms
[2020-08-01T12:06:04.489+0300][106.136s][info ][gc] GC(2362) Pause Cleanup 161M->161M(512M) 0.077ms
[2020-08-01T12:06:04.490+0300][106.136s][info ][gc] GC(2362) Concurrent Cycle 71.949ms
[2020-08-01T12:06:04.579+0300][106.225s][info ][gc] GC(2364) Pause Young (Concurrent Start) (G1 Humongous Allocation) 188M->189M(512M) 61.008ms
[2020-08-01T12:06:04.579+0300][106.225s][info ][gc] GC(2365) Concurrent Cycle
[2020-08-01T12:06:04.597+0300][106.243s][debug][gc] GC(2365) Reclaimed 124 empty regions
[2020-08-01T12:06:04.597+0300][106.243s][info ][gc] GC(2365) Pause Remark 241M->117M(512M) 0.600ms
[2020-08-01T12:06:04.650+0300][106.296s][info ][gc] GC(2366) Pause Young (Normal) (G1 Evacuation Pause) 169M->157M(512M) 31.967ms
[2020-08-01T12:06:04.652+0300][106.298s][info ][gc] GC(2365) Pause Cleanup 161M->161M(512M) 0.077ms
[2020-08-01T12:06:04.652+0300][106.299s][info ][gc] GC(2365) Concurrent Cycle 73.276ms
[2020-08-01T12:06:04.702+0300][106.348s][info ][gc] GC(2367) Pause Young (Concurrent Start) (G1 Humongous Allocation) 188M->189M(512M) 27.948ms
[2020-08-01T12:06:04.702+0300][106.348s][info ][gc] GC(2368) Concurrent Cycle
[2020-08-01T12:06:04.717+0300][106.364s][debug][gc] GC(2368) Reclaimed 124 empty regions
[2020-08-01T12:06:04.717+0300][106.364s][info ][gc] GC(2368) Pause Remark 241M->117M(512M) 0.580ms
[2020-08-01T12:06:04.771+0300][106.417s][info ][gc] GC(2369) Pause Young (Normal) (G1 Evacuation Pause) 169M->156M(512M) 32.626ms
[2020-08-01T12:06:04.773+0300][106.419s][info ][gc] GC(2368) Pause Cleanup 162M->162M(512M) 0.076ms
[2020-08-01T12:06:04.774+0300][106.420s][info ][gc] GC(2368) Concurrent Cycle 72.014ms
[2020-08-01T12:06:04.857+0300][106.503s][info ][gc] GC(2370) Pause Young (Concurrent Start) (G1 Humongous Allocation) 187M->188M(512M) 59.123ms
[2020-08-01T12:06:04.857+0300][106.503s][info ][gc] GC(2371) Concurrent Cycle
[2020-08-01T12:06:04.874+0300][106.521s][debug][gc] GC(2371) Reclaimed 124 empty regions
[2020-08-01T12:06:04.874+0300][106.521s][info ][gc] GC(2371) Pause Remark 240M->116M(512M) 0.564ms
[2020-08-01T12:06:04.927+0300][106.573s][info ][gc] GC(2372) Pause Young (Normal) (G1 Evacuation Pause) 168M->156M(512M) 32.064ms
[2020-08-01T12:06:04.929+0300][106.576s][info ][gc] GC(2371) Pause Cleanup 162M->162M(512M) 0.084ms
[2020-08-01T12:06:04.930+0300][106.576s][info ][gc] GC(2371) Concurrent Cycle 72.926ms
[2020-08-01T12:06:04.979+0300][106.625s][info ][gc] GC(2373) Pause Young (Concurrent Start) (G1 Humongous Allocation) 187M->188M(512M) 25.361ms
[2020-08-01T12:06:04.979+0300][106.625s][info ][gc] GC(2374) Concurrent Cycle
[2020-08-01T12:06:04.995+0300][106.641s][debug][gc] GC(2374) Reclaimed 124 empty regions
[2020-08-01T12:06:04.995+0300][106.641s][info ][gc] GC(2374) Pause Remark 241M->117M(512M) 0.592ms
[2020-08-01T12:06:05.048+0300][106.694s][info ][gc] GC(2375) Pause Young (Normal) (G1 Evacuation Pause) 168M->155M(512M) 32.992ms
[2020-08-01T12:06:05.050+0300][106.697s][info ][gc] GC(2374) Pause Cleanup 161M->161M(512M) 0.075ms
[2020-08-01T12:06:05.051+0300][106.697s][info ][gc] GC(2374) Concurrent Cycle 71.950ms
[2020-08-01T12:06:05.132+0300][106.779s][info ][gc] GC(2376) Pause Young (Concurrent Start) (G1 Humongous Allocation) 186M->187M(512M) 53.328ms
[2020-08-01T12:06:05.132+0300][106.779s][info ][gc] GC(2377) Concurrent Cycle
[2020-08-01T12:06:05.149+0300][106.796s][debug][gc] GC(2377) Reclaimed 123 empty regions
[2020-08-01T12:06:05.149+0300][106.796s][info ][gc] GC(2377) Pause Remark 240M->117M(512M) 0.572ms
[2020-08-01T12:06:05.203+0300][106.850s][info ][gc] GC(2378) Pause Young (Normal) (G1 Evacuation Pause) 168M->155M(512M) 32.824ms
[2020-08-01T12:06:05.205+0300][106.851s][info ][gc] GC(2377) Pause Cleanup 160M->160M(512M) 0.085ms
[2020-08-01T12:06:05.206+0300][106.852s][info ][gc] GC(2377) Concurrent Cycle 73.281ms
[2020-08-01T12:06:05.261+0300][106.907s][info ][gc] GC(2379) Pause Young (Concurrent Start) (G1 Humongous Allocation) 186M->187M(512M) 26.242ms
[2020-08-01T12:06:05.261+0300][106.907s][info ][gc] GC(2380) Concurrent Cycle
[2020-08-01T12:06:05.276+0300][106.923s][debug][gc] GC(2380) Reclaimed 123 empty regions
[2020-08-01T12:06:05.276+0300][106.923s][info ][gc] GC(2380) Pause Remark 239M->116M(512M) 0.631ms
[2020-08-01T12:06:05.331+0300][106.977s][info ][gc] GC(2381) Pause Young (Normal) (G1 Evacuation Pause) 168M->155M(512M) 33.660ms
[2020-08-01T12:06:05.333+0300][106.980s][info ][gc] GC(2380) Pause Cleanup 160M->160M(512M) 0.080ms
[2020-08-01T12:06:05.334+0300][106.980s][info ][gc] GC(2380) Concurrent Cycle 72.657ms
[2020-08-01T12:06:05.408+0300][107.054s][info ][gc] GC(2382) Pause Young (Concurrent Start) (G1 Humongous Allocation) 186M->187M(512M) 49.197ms
[2020-08-01T12:06:05.408+0300][107.055s][info ][gc] GC(2383) Concurrent Cycle
[2020-08-01T12:06:05.426+0300][107.073s][debug][gc] GC(2383) Reclaimed 123 empty regions
[2020-08-01T12:06:05.426+0300][107.073s][info ][gc] GC(2383) Pause Remark 240M->117M(512M) 0.680ms
[2020-08-01T12:06:05.480+0300][107.127s][info ][gc] GC(2384) Pause Young (Normal) (G1 Evacuation Pause) 168M->156M(512M) 32.636ms
[2020-08-01T12:06:05.483+0300][107.129s][info ][gc] GC(2383) Pause Cleanup 162M->162M(512M) 0.080ms
[2020-08-01T12:06:05.484+0300][107.130s][info ][gc] GC(2383) Concurrent Cycle 75.421ms
[2020-08-01T12:06:05.549+0300][107.195s][info ][gc] GC(2385) Pause Young (Concurrent Start) (G1 Humongous Allocation) 187M->188M(512M) 43.059ms
[2020-08-01T12:06:05.549+0300][107.195s][info ][gc] GC(2386) Concurrent Cycle
[2020-08-01T12:06:05.565+0300][107.211s][debug][gc] GC(2386) Reclaimed 122 empty regions
[2020-08-01T12:06:05.565+0300][107.211s][info ][gc] GC(2386) Pause Remark 240M->118M(512M) 0.611ms
[2020-08-01T12:06:05.618+0300][107.264s][info ][gc] GC(2387) Pause Young (Normal) (G1 Evacuation Pause) 170M->158M(512M) 32.274ms
[2020-08-01T12:06:05.620+0300][107.267s][info ][gc] GC(2386) Pause Cleanup 162M->162M(512M) 0.138ms
[2020-08-01T12:06:05.621+0300][107.267s][info ][gc] GC(2386) Concurrent Cycle 72.105ms
[2020-08-01T12:06:05.690+0300][107.337s][info ][gc] GC(2388) Pause Young (Concurrent Start) (G1 Humongous Allocation) 189M->190M(512M) 46.452ms
[2020-08-01T12:06:05.690+0300][107.337s][info ][gc] GC(2389) Concurrent Cycle
[2020-08-01T12:06:05.709+0300][107.355s][debug][gc] GC(2389) Reclaimed 122 empty regions
[2020-08-01T12:06:05.709+0300][107.355s][info ][gc] GC(2389) Pause Remark 243M->121M(512M) 0.582ms
[2020-08-01T12:06:05.761+0300][107.407s][info ][gc] GC(2390) Pause Young (Normal) (G1 Evacuation Pause) 171M->159M(512M) 31.729ms
[2020-08-01T12:06:05.764+0300][107.410s][info ][gc] GC(2389) Pause Cleanup 165M->165M(512M) 0.131ms
[2020-08-01T12:06:05.765+0300][107.411s][info ][gc] GC(2389) Concurrent Cycle 74.239ms
[2020-08-01T12:06:05.839+0300][107.486s][info ][gc] GC(2391) Pause Young (Concurrent Start) (G1 Humongous Allocation) 191M->192M(512M) 52.668ms
[2020-08-01T12:06:05.840+0300][107.486s][info ][gc] GC(2392) Concurrent Cycle
[2020-08-01T12:06:05.856+0300][107.502s][debug][gc] GC(2392) Reclaimed 123 empty regions
[2020-08-01T12:06:05.856+0300][107.502s][info ][gc] GC(2392) Pause Remark 245M->122M(512M) 0.592ms
[2020-08-01T12:06:05.908+0300][107.555s][info ][gc] GC(2393) Pause Young (Normal) (G1 Evacuation Pause) 172M->159M(512M) 32.286ms
[2020-08-01T12:06:05.912+0300][107.558s][info ][gc] GC(2392) Pause Cleanup 165M->165M(512M) 0.165ms
[2020-08-01T12:06:05.912+0300][107.559s][info ][gc] GC(2392) Concurrent Cycle 72.910ms
[2020-08-01T12:06:05.961+0300][107.607s][info ][gc] GC(2394) Pause Young (Concurrent Start) (G1 Humongous Allocation) 191M->192M(512M) 27.166ms
[2020-08-01T12:06:05.961+0300][107.607s][info ][gc] GC(2395) Concurrent Cycle
[2020-08-01T12:06:05.977+0300][107.623s][debug][gc] GC(2395) Reclaimed 124 empty regions
[2020-08-01T12:06:05.977+0300][107.623s][info ][gc] GC(2395) Pause Remark 245M->121M(512M) 0.612ms
[2020-08-01T12:06:06.028+0300][107.675s][info ][gc] GC(2396) Pause Young (Normal) (G1 Evacuation Pause) 171M->159M(512M) 31.574ms
[2020-08-01T12:06:06.032+0300][107.678s][info ][gc] GC(2395) Pause Cleanup 167M->167M(512M) 0.080ms
[2020-08-01T12:06:06.032+0300][107.679s][info ][gc] GC(2395) Concurrent Cycle 71.526ms
[2020-08-01T12:06:06.078+0300][107.724s][info ][gc] GC(2397) Pause Young (Concurrent Start) (G1 Humongous Allocation) 191M->192M(512M) 26.070ms
[2020-08-01T12:06:06.078+0300][107.724s][info ][gc] GC(2398) Concurrent Cycle
[2020-08-01T12:06:06.094+0300][107.740s][debug][gc] GC(2398) Reclaimed 123 empty regions
[2020-08-01T12:06:06.094+0300][107.740s][info ][gc] GC(2398) Pause Remark 243M->120M(512M) 0.632ms
[2020-08-01T12:06:06.149+0300][107.796s][info ][gc] GC(2399) Pause Young (Normal) (G1 Evacuation Pause) 172M->160M(512M) 33.778ms
[2020-08-01T12:06:06.152+0300][107.798s][info ][gc] GC(2398) Pause Cleanup 165M->165M(512M) 0.087ms
[2020-08-01T12:06:06.152+0300][107.799s][info ][gc] GC(2398) Concurrent Cycle 74.510ms
[2020-08-01T12:06:06.217+0300][107.863s][info ][gc] GC(2400) Pause Young (Concurrent Start) (G1 Humongous Allocation) 192M->193M(512M) 40.813ms
[2020-08-01T12:06:06.217+0300][107.863s][info ][gc] GC(2401) Concurrent Cycle
[2020-08-01T12:06:06.233+0300][107.879s][debug][gc] GC(2401) Reclaimed 124 empty regions
[2020-08-01T12:06:06.233+0300][107.879s][info ][gc] GC(2401) Pause Remark 246M->122M(512M) 0.655ms
[2020-08-01T12:06:06.287+0300][107.934s][info ][gc] GC(2402) Pause Young (Normal) (G1 Evacuation Pause) 172M->159M(512M) 33.482ms
[2020-08-01T12:06:06.290+0300][107.936s][info ][gc] GC(2401) Pause Cleanup 166M->166M(512M) 0.084ms
[2020-08-01T12:06:06.291+0300][107.937s][info ][gc] GC(2401) Concurrent Cycle 74.108ms
[2020-08-01T12:06:06.336+0300][107.982s][info ][gc] GC(2403) Pause Young (Concurrent Start) (G1 Humongous Allocation) 191M->193M(512M) 25.180ms
[2020-08-01T12:06:06.336+0300][107.982s][info ][gc] GC(2404) Concurrent Cycle
[2020-08-01T12:06:06.352+0300][107.998s][debug][gc] GC(2404) Reclaimed 124 empty regions
[2020-08-01T12:06:06.352+0300][107.999s][info ][gc] GC(2404) Pause Remark 247M->123M(512M) 0.610ms
[2020-08-01T12:06:06.407+0300][108.054s][info ][gc] GC(2405) Pause Young (Normal) (G1 Evacuation Pause) 172M->159M(512M) 33.265ms
[2020-08-01T12:06:06.410+0300][108.057s][info ][gc] GC(2404) Pause Cleanup 165M->165M(512M) 0.105ms
[2020-08-01T12:06:06.411+0300][108.058s][info ][gc] GC(2404) Concurrent Cycle 75.569ms
[2020-08-01T12:06:06.473+0300][108.119s][info ][gc] GC(2406) Pause Young (Concurrent Start) (G1 Humongous Allocation) 192M->193M(512M) 26.300ms
[2020-08-01T12:06:06.473+0300][108.119s][info ][gc] GC(2407) Concurrent Cycle
[2020-08-01T12:06:06.489+0300][108.136s][debug][gc] GC(2407) Reclaimed 124 empty regions
[2020-08-01T12:06:06.489+0300][108.136s][info ][gc] GC(2407) Pause Remark 246M->122M(512M) 0.569ms
[2020-08-01T12:06:06.542+0300][108.189s][info ][gc] GC(2408) Pause Young (Normal) (G1 Evacuation Pause) 172M->159M(512M) 32.907ms
[2020-08-01T12:06:06.546+0300][108.192s][info ][gc] GC(2407) Pause Cleanup 167M->167M(512M) 0.090ms
[2020-08-01T12:06:06.546+0300][108.193s][info ][gc] GC(2407) Concurrent Cycle 73.144ms
[2020-08-01T12:06:06.618+0300][108.264s][info ][gc] GC(2409) Pause Young (Concurrent Start) (G1 Humongous Allocation) 191M->192M(512M) 46.934ms
[2020-08-01T12:06:06.618+0300][108.264s][info ][gc] GC(2410) Concurrent Cycle
[2020-08-01T12:06:06.635+0300][108.281s][debug][gc] GC(2410) Reclaimed 120 empty regions
[2020-08-01T12:06:06.635+0300][108.281s][info ][gc] GC(2410) Pause Remark 246M->126M(512M) 0.631ms
[2020-08-01T12:06:06.690+0300][108.336s][info ][gc] GC(2411) Pause Young (Normal) (G1 Evacuation Pause) 175M->163M(512M) 34.089ms
[2020-08-01T12:06:06.694+0300][108.340s][info ][gc] GC(2410) Pause Cleanup 172M->172M(512M) 0.083ms
[2020-08-01T12:06:06.695+0300][108.341s][info ][gc] GC(2410) Concurrent Cycle 76.748ms
[2020-08-01T12:06:06.750+0300][108.397s][info ][gc] GC(2412) Pause Young (Concurrent Start) (G1 Humongous Allocation) 195M->196M(512M) 25.543ms
[2020-08-01T12:06:06.750+0300][108.397s][info ][gc] GC(2413) Concurrent Cycle
[2020-08-01T12:06:06.767+0300][108.413s][debug][gc] GC(2413) Reclaimed 124 empty regions
[2020-08-01T12:06:06.767+0300][108.413s][info ][gc] GC(2413) Pause Remark 246M->122M(512M) 0.591ms
[2020-08-01T12:06:06.823+0300][108.470s][info ][gc] GC(2414) Pause Young (Normal) (G1 Evacuation Pause) 174M->161M(512M) 33.383ms
[2020-08-01T12:06:06.825+0300][108.471s][info ][gc] GC(2413) Pause Cleanup 163M->163M(512M) 0.124ms
[2020-08-01T12:06:06.825+0300][108.472s][info ][gc] GC(2413) Concurrent Cycle 75.147ms
[2020-08-01T12:06:06.875+0300][108.521s][info ][gc] GC(2415) Pause Young (Concurrent Start) (G1 Humongous Allocation) 194M->196M(512M) 26.290ms
[2020-08-01T12:06:06.875+0300][108.521s][info ][gc] GC(2416) Concurrent Cycle
[2020-08-01T12:06:06.892+0300][108.539s][debug][gc] GC(2416) Reclaimed 124 empty regions
[2020-08-01T12:06:06.892+0300][108.539s][info ][gc] GC(2416) Pause Remark 247M->123M(512M) 0.633ms
[2020-08-01T12:06:06.947+0300][108.593s][info ][gc] GC(2417) Pause Young (Normal) (G1 Evacuation Pause) 174M->161M(512M) 32.917ms
[2020-08-01T12:06:06.949+0300][108.596s][info ][gc] GC(2416) Pause Cleanup 166M->166M(512M) 0.110ms
[2020-08-01T12:06:06.950+0300][108.596s][info ][gc] GC(2416) Concurrent Cycle 74.895ms
[2020-08-01T12:06:07.000+0300][108.646s][info ][gc] GC(2418) Pause Young (Concurrent Start) (G1 Humongous Allocation) 194M->195M(512M) 26.356ms
[2020-08-01T12:06:07.000+0300][108.646s][info ][gc] GC(2419) Concurrent Cycle
[2020-08-01T12:06:07.017+0300][108.663s][debug][gc] GC(2419) Reclaimed 124 empty regions
[2020-08-01T12:06:07.017+0300][108.663s][info ][gc] GC(2419) Pause Remark 245M->121M(512M) 0.659ms
[2020-08-01T12:06:07.073+0300][108.720s][info ][gc] GC(2420) Pause Young (Normal) (G1 Evacuation Pause) 173M->161M(512M) 32.553ms
[2020-08-01T12:06:07.074+0300][108.720s][info ][gc] GC(2419) Pause Cleanup 162M->162M(512M) 0.101ms
[2020-08-01T12:06:07.075+0300][108.721s][info ][gc] GC(2419) Concurrent Cycle 74.567ms
[2020-08-01T12:06:07.139+0300][108.786s][info ][gc] GC(2421) Pause Young (Concurrent Start) (G1 Humongous Allocation) 194M->195M(512M) 26.517ms
[2020-08-01T12:06:07.139+0300][108.786s][info ][gc] GC(2422) Concurrent Cycle
[2020-08-01T12:06:07.155+0300][108.802s][debug][gc] GC(2422) Reclaimed 123 empty regions
[2020-08-01T12:06:07.156+0300][108.802s][info ][gc] GC(2422) Pause Remark 249M->126M(512M) 0.589ms
[2020-08-01T12:06:07.207+0300][108.854s][info ][gc] GC(2423) Pause Young (Normal) (G1 Evacuation Pause) 174M->161M(512M) 32.454ms
[2020-08-01T12:06:07.211+0300][108.857s][info ][gc] GC(2422) Pause Cleanup 171M->171M(512M) 0.078ms
[2020-08-01T12:06:07.212+0300][108.858s][info ][gc] GC(2422) Concurrent Cycle 72.285ms
[2020-08-01T12:06:07.263+0300][108.909s][info ][gc] GC(2424) Pause Young (Concurrent Start) (G1 Humongous Allocation) 194M->195M(512M) 25.180ms
[2020-08-01T12:06:07.263+0300][108.909s][info ][gc] GC(2425) Concurrent Cycle
[2020-08-01T12:06:07.280+0300][108.926s][debug][gc] GC(2425) Reclaimed 124 empty regions
[2020-08-01T12:06:07.280+0300][108.926s][info ][gc] GC(2425) Pause Remark 250M->126M(512M) 0.611ms
[2020-08-01T12:06:07.331+0300][108.978s][info ][gc] GC(2426) Pause Young (Normal) (G1 Evacuation Pause) 173M->160M(512M) 31.754ms
[2020-08-01T12:06:07.335+0300][108.982s][info ][gc] GC(2425) Pause Cleanup 169M->169M(512M) 0.086ms
[2020-08-01T12:06:07.336+0300][108.982s][info ][gc] GC(2425) Concurrent Cycle 72.947ms
[2020-08-01T12:06:07.388+0300][109.034s][info ][gc] GC(2427) Pause Young (Concurrent Start) (G1 Humongous Allocation) 193M->194M(512M) 25.191ms
[2020-08-01T12:06:07.388+0300][109.034s][info ][gc] GC(2428) Concurrent Cycle
[2020-08-01T12:06:07.403+0300][109.050s][debug][gc] GC(2428) Reclaimed 123 empty regions
[2020-08-01T12:06:07.404+0300][109.050s][info ][gc] GC(2428) Pause Remark 247M->124M(512M) 0.616ms
[2020-08-01T12:06:07.457+0300][109.103s][info ][gc] GC(2429) Pause Young (Normal) (G1 Evacuation Pause) 173M->161M(512M) 32.685ms
[2020-08-01T12:06:07.460+0300][109.107s][info ][gc] GC(2428) Pause Cleanup 169M->169M(512M) 0.095ms
[2020-08-01T12:06:07.461+0300][109.107s][info ][gc] GC(2428) Concurrent Cycle 73.111ms
[2020-08-01T12:06:07.513+0300][109.160s][info ][gc] GC(2430) Pause Young (Concurrent Start) (G1 Humongous Allocation) 194M->195M(512M) 25.587ms
[2020-08-01T12:06:07.513+0300][109.160s][info ][gc] GC(2431) Concurrent Cycle
[2020-08-01T12:06:07.529+0300][109.175s][debug][gc] GC(2431) Reclaimed 123 empty regions
[2020-08-01T12:06:07.529+0300][109.175s][info ][gc] GC(2431) Pause Remark 248M->125M(512M) 0.584ms
[2020-08-01T12:06:07.580+0300][109.227s][info ][gc] GC(2432) Pause Young (Normal) (G1 Evacuation Pause) 174M->161M(512M) 31.398ms
[2020-08-01T12:06:07.584+0300][109.230s][info ][gc] GC(2431) Pause Cleanup 170M->170M(512M) 0.089ms
[2020-08-01T12:06:07.585+0300][109.231s][info ][gc] GC(2431) Concurrent Cycle 71.440ms
[2020-08-01T12:06:07.657+0300][109.303s][info ][gc] GC(2433) Pause Young (Concurrent Start) (G1 Humongous Allocation) 194M->195M(512M) 45.099ms
[2020-08-01T12:06:07.657+0300][109.303s][info ][gc] GC(2434) Concurrent Cycle
[2020-08-01T12:06:07.677+0300][109.323s][debug][gc] GC(2434) Reclaimed 124 empty regions
[2020-08-01T12:06:07.677+0300][109.324s][info ][gc] GC(2434) Pause Remark 251M->127M(512M) 0.695ms
[2020-08-01T12:06:07.730+0300][109.376s][info ][gc] GC(2435) Pause Young (Normal) (G1 Evacuation Pause) 173M->160M(512M) 33.550ms
[2020-08-01T12:06:07.734+0300][109.380s][info ][gc] GC(2434) Pause Cleanup 171M->171M(512M) 0.087ms
[2020-08-01T12:06:07.734+0300][109.381s][info ][gc] GC(2434) Concurrent Cycle 77.423ms
[2020-08-01T12:06:07.831+0300][109.478s][info ][gc] GC(2436) Pause Young (Concurrent Start) (G1 Humongous Allocation) 193M->194M(512M) 64.302ms
[2020-08-01T12:06:07.831+0300][109.478s][info ][gc] GC(2437) Concurrent Cycle
[2020-08-01T12:06:07.849+0300][109.495s][debug][gc] GC(2437) Reclaimed 123 empty regions
[2020-08-01T12:06:07.849+0300][109.495s][info ][gc] GC(2437) Pause Remark 246M->123M(512M) 0.599ms
[2020-08-01T12:06:07.902+0300][109.548s][info ][gc] GC(2438) Pause Young (Normal) (G1 Evacuation Pause) 173M->160M(512M) 32.299ms
[2020-08-01T12:06:07.905+0300][109.551s][info ][gc] GC(2437) Pause Cleanup 166M->166M(512M) 0.093ms
[2020-08-01T12:06:07.905+0300][109.551s][info ][gc] GC(2437) Concurrent Cycle 73.812ms
[2020-08-01T12:06:07.971+0300][109.617s][info ][gc] GC(2439) Pause Young (Concurrent Start) (G1 Humongous Allocation) 193M->194M(512M) 33.257ms
[2020-08-01T12:06:07.971+0300][109.617s][info ][gc] GC(2440) Concurrent Cycle
[2020-08-01T12:06:07.987+0300][109.634s][debug][gc] GC(2440) Reclaimed 123 empty regions
[2020-08-01T12:06:07.987+0300][109.634s][info ][gc] GC(2440) Pause Remark 248M->125M(512M) 0.662ms
[2020-08-01T12:06:08.039+0300][109.685s][info ][gc] GC(2441) Pause Young (Normal) (G1 Evacuation Pause) 173M->160M(512M) 31.705ms
[2020-08-01T12:06:08.043+0300][109.689s][info ][gc] GC(2440) Pause Cleanup 169M->169M(512M) 0.160ms
[2020-08-01T12:06:08.044+0300][109.690s][info ][gc] GC(2440) Concurrent Cycle 72.584ms
[2020-08-01T12:06:08.114+0300][109.761s][info ][gc] GC(2442) Pause Young (Concurrent Start) (G1 Humongous Allocation) 193M->194M(512M) 36.661ms
[2020-08-01T12:06:08.114+0300][109.761s][info ][gc] GC(2443) Concurrent Cycle
[2020-08-01T12:06:08.130+0300][109.777s][debug][gc] GC(2443) Reclaimed 123 empty regions
[2020-08-01T12:06:08.130+0300][109.777s][info ][gc] GC(2443) Pause Remark 248M->125M(512M) 0.579ms
[2020-08-01T12:06:08.181+0300][109.828s][info ][gc] GC(2444) Pause Young (Normal) (G1 Evacuation Pause) 173M->161M(512M) 31.538ms
[2020-08-01T12:06:08.185+0300][109.831s][info ][gc] GC(2443) Pause Cleanup 171M->171M(512M) 0.081ms
[2020-08-01T12:06:08.185+0300][109.832s][info ][gc] GC(2443) Concurrent Cycle 70.956ms
[2020-08-01T12:06:08.255+0300][109.901s][info ][gc] GC(2445) Pause Young (Concurrent Start) (G1 Humongous Allocation) 194M->195M(512M) 36.826ms
[2020-08-01T12:06:08.255+0300][109.901s][info ][gc] GC(2446) Concurrent Cycle
[2020-08-01T12:06:08.271+0300][109.918s][debug][gc] GC(2446) Reclaimed 123 empty regions
[2020-08-01T12:06:08.272+0300][109.918s][info ][gc] GC(2446) Pause Remark 249M->126M(512M) 0.575ms
[2020-08-01T12:06:08.323+0300][109.969s][info ][gc] GC(2447) Pause Young (Normal) (G1 Evacuation Pause) 174M->162M(512M) 32.070ms
[2020-08-01T12:06:08.327+0300][109.973s][info ][gc] GC(2446) Pause Cleanup 172M->172M(512M) 0.085ms
[2020-08-01T12:06:08.328+0300][109.974s][info ][gc] GC(2446) Concurrent Cycle 72.902ms
[2020-08-01T12:06:08.406+0300][110.053s][info ][gc] GC(2448) Pause Young (Concurrent Start) (G1 Humongous Allocation) 195M->196M(512M) 47.409ms
[2020-08-01T12:06:08.406+0300][110.053s][info ][gc] GC(2449) Concurrent Cycle
[2020-08-01T12:06:08.423+0300][110.070s][debug][gc] GC(2449) Reclaimed 124 empty regions
[2020-08-01T12:06:08.423+0300][110.070s][info ][gc] GC(2449) Pause Remark 248M->124M(512M) 0.687ms
[2020-08-01T12:06:08.478+0300][110.124s][info ][gc] GC(2450) Pause Young (Normal) (G1 Evacuation Pause) 174M->162M(512M) 32.786ms
[2020-08-01T12:06:08.482+0300][110.129s][info ][gc] GC(2449) Pause Cleanup 172M->172M(512M) 0.291ms
[2020-08-01T12:06:08.483+0300][110.130s][info ][gc] GC(2449) Concurrent Cycle 76.839ms
[2020-08-01T12:06:08.569+0300][110.215s][info ][gc] GC(2451) Pause Young (Concurrent Start) (G1 Humongous Allocation) 195M->196M(512M) 56.175ms
[2020-08-01T12:06:08.569+0300][110.216s][info ][gc] GC(2452) Concurrent Cycle
[2020-08-01T12:06:08.585+0300][110.232s][debug][gc] GC(2452) Reclaimed 125 empty regions
[2020-08-01T12:06:08.585+0300][110.232s][info ][gc] GC(2452) Pause Remark 249M->124M(512M) 0.632ms
[2020-08-01T12:06:08.638+0300][110.284s][info ][gc] GC(2453) Pause Young (Normal) (G1 Evacuation Pause) 173M->161M(512M) 32.243ms
[2020-08-01T12:06:08.642+0300][110.288s][info ][gc] GC(2452) Pause Cleanup 170M->170M(512M) 0.097ms
[2020-08-01T12:06:08.642+0300][110.288s][info ][gc] GC(2452) Concurrent Cycle 72.900ms
[2020-08-01T12:06:08.697+0300][110.344s][info ][gc] GC(2454) Pause Young (Concurrent Start) (G1 Humongous Allocation) 194M->196M(512M) 28.840ms
[2020-08-01T12:06:08.698+0300][110.344s][info ][gc] GC(2455) Concurrent Cycle
[2020-08-01T12:06:08.715+0300][110.361s][debug][gc] GC(2455) Reclaimed 124 empty regions
[2020-08-01T12:06:08.715+0300][110.361s][info ][gc] GC(2455) Pause Remark 250M->126M(512M) 0.609ms
[2020-08-01T12:06:08.768+0300][110.414s][info ][gc] GC(2456) Pause Young (Normal) (G1 Evacuation Pause) 174M->161M(512M) 33.249ms
[2020-08-01T12:06:08.771+0300][110.418s][info ][gc] GC(2455) Pause Cleanup 170M->170M(512M) 0.091ms
[2020-08-01T12:06:08.772+0300][110.418s][info ][gc] GC(2455) Concurrent Cycle 74.420ms
[2020-08-01T12:06:08.834+0300][110.480s][info ][gc] GC(2457) Pause Young (Concurrent Start) (G1 Humongous Allocation) 194M->196M(512M) 40.822ms
[2020-08-01T12:06:08.834+0300][110.480s][info ][gc] GC(2458) Concurrent Cycle
[2020-08-01T12:06:08.850+0300][110.496s][debug][gc] GC(2458) Reclaimed 121 empty regions
[2020-08-01T12:06:08.850+0300][110.496s][info ][gc] GC(2458) Pause Remark 248M->127M(512M) 0.591ms
[2020-08-01T12:06:08.904+0300][110.550s][info ][gc] GC(2459) Pause Young (Normal) (G1 Evacuation Pause) 177M->164M(512M) 33.159ms
[2020-08-01T12:06:08.907+0300][110.553s][info ][gc] GC(2458) Pause Cleanup 171M->171M(512M) 0.084ms
[2020-08-01T12:06:08.908+0300][110.554s][info ][gc] GC(2458) Concurrent Cycle 73.940ms
[2020-08-01T12:06:09.005+0300][110.651s][info ][gc] GC(2460) Pause Young (Prepare Mixed) (G1 Evacuation Pause) 276M->277M(512M) 47.346ms
[2020-08-01T12:06:09.064+0300][110.710s][info ][gc] GC(2461) Pause Young (Mixed) (G1 Evacuation Pause) 289M->264M(512M) 54.735ms
[2020-08-01T12:06:09.122+0300][110.768s][info ][gc] GC(2462) Pause Young (Concurrent Start) (G1 Humongous Allocation) 308M->309M(512M) 18.371ms
[2020-08-01T12:06:09.122+0300][110.769s][info ][gc] GC(2463) Concurrent Cycle
[2020-08-01T12:06:09.140+0300][110.786s][debug][gc] GC(2463) Reclaimed 254 empty regions
[2020-08-01T12:06:09.140+0300][110.786s][info ][gc] GC(2463) Pause Remark 365M->111M(512M) 0.725ms
[2020-08-01T12:06:09.164+0300][110.810s][info ][gc] GC(2464) Pause Young (Normal) (G1 Evacuation Pause) 121M->114M(512M) 19.216ms
[2020-08-01T12:06:09.185+0300][110.832s][info ][gc] GC(2463) Pause Cleanup 169M->169M(512M) 0.069ms
[2020-08-01T12:06:09.186+0300][110.832s][info ][gc] GC(2463) Concurrent Cycle 63.540ms
[2020-08-01T12:06:09.246+0300][110.892s][info ][gc] GC(2465) Pause Young (Concurrent Start) (G1 Humongous Allocation) 183M->185M(512M) 32.098ms
[2020-08-01T12:06:09.246+0300][110.892s][info ][gc] GC(2466) Concurrent Cycle
[2020-08-01T12:06:09.270+0300][110.916s][debug][gc] GC(2466) Reclaimed 101 empty regions
[2020-08-01T12:06:09.270+0300][110.916s][info ][gc] GC(2466) Pause Remark 258M->157M(512M) 0.743ms
[2020-08-01T12:06:09.317+0300][110.963s][info ][gc] GC(2467) Pause Young (Normal) (G1 Evacuation Pause) 189M->175M(512M) 33.636ms
[2020-08-01T12:06:09.340+0300][110.987s][info ][gc] GC(2466) Pause Cleanup 205M->205M(512M) 0.059ms
[2020-08-01T12:06:09.341+0300][110.987s][info ][gc] GC(2466) Concurrent Cycle 94.844ms
[2020-08-01T12:06:09.393+0300][111.040s][info ][gc] GC(2468) Pause Young (Concurrent Start) (G1 Humongous Allocation) 205M->206M(512M) 41.457ms
[2020-08-01T12:06:09.393+0300][111.040s][info ][gc] GC(2469) Concurrent Cycle
[2020-08-01T12:06:09.410+0300][111.056s][debug][gc] GC(2469) Reclaimed 155 empty regions
[2020-08-01T12:06:09.410+0300][111.056s][info ][gc] GC(2469) Pause Remark 257M->102M(512M) 0.674ms
[2020-08-01T12:06:09.461+0300][111.108s][info ][gc] GC(2470) Pause Young (Normal) (G1 Evacuation Pause) 149M->137M(512M) 32.413ms
[2020-08-01T12:06:09.465+0300][111.112s][info ][gc] GC(2469) Pause Cleanup 146M->146M(512M) 0.079ms
[2020-08-01T12:06:09.466+0300][111.112s][info ][gc] GC(2469) Concurrent Cycle 72.519ms
[2020-08-01T12:06:09.520+0300][111.166s][info ][gc] GC(2471) Pause Young (Concurrent Start) (G1 Humongous Allocation) 175M->175M(512M) 26.134ms
[2020-08-01T12:06:09.520+0300][111.166s][info ][gc] GC(2472) Concurrent Cycle
[2020-08-01T12:06:09.536+0300][111.183s][debug][gc] GC(2472) Reclaimed 119 empty regions
[2020-08-01T12:06:09.536+0300][111.183s][info ][gc] GC(2472) Pause Remark 231M->112M(512M) 0.679ms
[2020-08-01T12:06:09.591+0300][111.238s][info ][gc] GC(2473) Pause Young (Normal) (G1 Evacuation Pause) 164M->151M(512M) 33.948ms
[2020-08-01T12:06:09.595+0300][111.242s][info ][gc] GC(2472) Pause Cleanup 160M->160M(512M) 0.072ms
[2020-08-01T12:06:09.596+0300][111.242s][info ][gc] GC(2472) Concurrent Cycle 76.118ms
[2020-08-01T12:06:09.641+0300][111.287s][info ][gc] GC(2474) Pause Young (Concurrent Start) (G1 Humongous Allocation) 178M->179M(512M) 24.269ms
[2020-08-01T12:06:09.641+0300][111.287s][info ][gc] GC(2475) Concurrent Cycle
[2020-08-01T12:06:09.658+0300][111.304s][debug][gc] GC(2475) Reclaimed 132 empty regions
[2020-08-01T12:06:09.658+0300][111.304s][info ][gc] GC(2475) Pause Remark 232M->100M(512M) 0.625ms
[2020-08-01T12:06:09.680+0300][111.326s][info ][gc] GC(2475) Pause Cleanup 154M->154M(512M) 0.065ms
[2020-08-01T12:06:09.712+0300][111.359s][info ][gc] GC(2476) Pause Young (Normal) (G1 Evacuation Pause) 154M->141M(512M) 32.353ms
[2020-08-01T12:06:09.713+0300][111.359s][info ][gc] GC(2475) Concurrent Cycle 71.829ms
[2020-08-01T12:06:09.779+0300][111.425s][info ][gc] GC(2477) Pause Young (Concurrent Start) (G1 Humongous Allocation) 169M->170M(512M) 38.239ms
[2020-08-01T12:06:09.779+0300][111.426s][info ][gc] GC(2478) Concurrent Cycle
[2020-08-01T12:06:09.797+0300][111.444s][debug][gc] GC(2478) Reclaimed 121 empty regions
[2020-08-01T12:06:09.797+0300][111.444s][info ][gc] GC(2478) Pause Remark 220M->99M(512M) 0.614ms
[2020-08-01T12:06:09.819+0300][111.466s][info ][gc] GC(2478) Pause Cleanup 153M->153M(512M) 0.101ms
[2020-08-01T12:06:09.820+0300][111.467s][info ][gc] GC(2478) Concurrent Cycle 41.107ms
[2020-08-01T12:06:09.856+0300][111.503s][info ][gc] GC(2479) Pause Young (Normal) (G1 Evacuation Pause) 159M->146M(512M) 34.011ms
[2020-08-01T12:06:09.925+0300][111.571s][info ][gc] GC(2480) Pause Young (Concurrent Start) (G1 Humongous Allocation) 171M->172M(512M) 43.690ms
[2020-08-01T12:06:09.925+0300][111.571s][info ][gc] GC(2481) Concurrent Cycle
[2020-08-01T12:06:09.942+0300][111.589s][debug][gc] GC(2481) Reclaimed 126 empty regions
[2020-08-01T12:06:09.942+0300][111.589s][info ][gc] GC(2481) Pause Remark 220M->94M(512M) 0.697ms
[2020-08-01T12:06:09.963+0300][111.609s][info ][gc] GC(2481) Pause Cleanup 143M->143M(512M) 0.058ms
[2020-08-01T12:06:09.963+0300][111.610s][info ][gc] GC(2481) Concurrent Cycle 38.557ms
[2020-08-01T12:06:10.000+0300][111.647s][info ][gc] GC(2482) Pause Young (Normal) (G1 Evacuation Pause) 155M->142M(512M) 32.723ms
[2020-08-01T12:06:10.038+0300][111.684s][info ][gc] GC(2483) Pause Young (Concurrent Start) (G1 Humongous Allocation) 168M->169M(512M) 15.062ms
[2020-08-01T12:06:10.038+0300][111.684s][info ][gc] GC(2484) Concurrent Cycle
[2020-08-01T12:06:10.052+0300][111.698s][debug][gc] GC(2484) Reclaimed 123 empty regions
[2020-08-01T12:06:10.052+0300][111.698s][info ][gc] GC(2484) Pause Remark 218M->95M(512M) 0.623ms
[2020-08-01T12:06:10.072+0300][111.719s][info ][gc] GC(2484) Pause Cleanup 145M->145M(512M) 0.067ms
[2020-08-01T12:06:10.073+0300][111.720s][info ][gc] GC(2484) Concurrent Cycle 35.352ms
[2020-08-01T12:06:10.111+0300][111.758s][info ][gc] GC(2485) Pause Young (Normal) (G1 Evacuation Pause) 156M->144M(512M) 33.960ms
[2020-08-01T12:06:10.163+0300][111.809s][info ][gc] GC(2486) Pause Young (Concurrent Start) (G1 Humongous Allocation) 169M->170M(512M) 29.914ms
[2020-08-01T12:06:10.163+0300][111.809s][info ][gc] GC(2487) Concurrent Cycle
[2020-08-01T12:06:10.179+0300][111.825s][debug][gc] GC(2487) Reclaimed 124 empty regions
[2020-08-01T12:06:10.179+0300][111.825s][info ][gc] GC(2487) Pause Remark 218M->94M(512M) 0.609ms
[2020-08-01T12:06:10.199+0300][111.845s][info ][gc] GC(2487) Pause Cleanup 145M->145M(512M) 0.057ms
[2020-08-01T12:06:10.199+0300][111.846s][info ][gc] GC(2487) Concurrent Cycle 36.658ms
[2020-08-01T12:06:10.237+0300][111.884s][info ][gc] GC(2488) Pause Young (Normal) (G1 Evacuation Pause) 156M->143M(512M) 33.557ms
[2020-08-01T12:06:10.312+0300][111.958s][info ][gc] GC(2489) Pause Young (Concurrent Start) (G1 Humongous Allocation) 168M->170M(512M) 39.806ms
[2020-08-01T12:06:10.312+0300][111.958s][info ][gc] GC(2490) Concurrent Cycle
[2020-08-01T12:06:10.329+0300][111.976s][debug][gc] GC(2490) Reclaimed 124 empty regions
[2020-08-01T12:06:10.329+0300][111.976s][info ][gc] GC(2490) Pause Remark 218M->94M(512M) 0.600ms
[2020-08-01T12:06:10.349+0300][111.996s][info ][gc] GC(2490) Pause Cleanup 144M->144M(512M) 0.063ms
[2020-08-01T12:06:10.350+0300][111.996s][info ][gc] GC(2490) Concurrent Cycle 38.147ms
[2020-08-01T12:06:10.388+0300][112.034s][info ][gc] GC(2491) Pause Young (Normal) (G1 Evacuation Pause) 156M->144M(512M) 33.204ms
[2020-08-01T12:06:10.438+0300][112.084s][info ][gc] GC(2492) Pause Young (Concurrent Start) (G1 Humongous Allocation) 169M->170M(512M) 26.229ms
[2020-08-01T12:06:10.438+0300][112.085s][info ][gc] GC(2493) Concurrent Cycle
[2020-08-01T12:06:10.455+0300][112.101s][debug][gc] GC(2493) Reclaimed 124 empty regions
[2020-08-01T12:06:10.455+0300][112.101s][info ][gc] GC(2493) Pause Remark 219M->95M(512M) 0.709ms
[2020-08-01T12:06:10.475+0300][112.121s][info ][gc] GC(2493) Pause Cleanup 146M->146M(512M) 0.058ms
[2020-08-01T12:06:10.475+0300][112.122s][info ][gc] GC(2493) Concurrent Cycle 37.286ms
[2020-08-01T12:06:10.513+0300][112.159s][info ][gc] GC(2494) Pause Young (Normal) (G1 Evacuation Pause) 156M->143M(512M) 33.583ms
[2020-08-01T12:06:10.572+0300][112.218s][info ][gc] GC(2495) Pause Young (Concurrent Start) (G1 Humongous Allocation) 169M->170M(512M) 35.012ms
[2020-08-01T12:06:10.572+0300][112.218s][info ][gc] GC(2496) Concurrent Cycle
[2020-08-01T12:06:10.589+0300][112.235s][debug][gc] GC(2496) Reclaimed 124 empty regions
[2020-08-01T12:06:10.589+0300][112.235s][info ][gc] GC(2496) Pause Remark 219M->95M(512M) 0.621ms
[2020-08-01T12:06:10.610+0300][112.256s][info ][gc] GC(2496) Pause Cleanup 144M->144M(512M) 0.064ms
[2020-08-01T12:06:10.610+0300][112.257s][info ][gc] GC(2496) Concurrent Cycle 38.148ms
[2020-08-01T12:06:10.649+0300][112.295s][info ][gc] GC(2497) Pause Young (Normal) (G1 Evacuation Pause) 156M->143M(512M) 34.024ms
[2020-08-01T12:06:10.691+0300][112.338s][info ][gc] GC(2498) Pause Young (Concurrent Start) (G1 Humongous Allocation) 168M->169M(512M) 14.587ms
[2020-08-01T12:06:10.691+0300][112.338s][info ][gc] GC(2499) Concurrent Cycle
[2020-08-01T12:06:10.706+0300][112.353s][debug][gc] GC(2499) Reclaimed 123 empty regions
[2020-08-01T12:06:10.706+0300][112.353s][info ][gc] GC(2499) Pause Remark 219M->96M(512M) 0.621ms
[2020-08-01T12:06:10.726+0300][112.372s][info ][gc] GC(2499) Pause Cleanup 146M->146M(512M) 0.058ms
[2020-08-01T12:06:10.727+0300][112.373s][info ][gc] GC(2499) Concurrent Cycle 35.226ms
[2020-08-01T12:06:10.764+0300][112.411s][info ][gc] GC(2500) Pause Young (Normal) (G1 Evacuation Pause) 156M->143M(512M) 34.057ms
[2020-08-01T12:06:10.818+0300][112.465s][info ][gc] GC(2501) Pause Young (Concurrent Start) (G1 Humongous Allocation) 168M->169M(512M) 31.459ms
[2020-08-01T12:06:10.818+0300][112.465s][info ][gc] GC(2502) Concurrent Cycle
[2020-08-01T12:06:10.835+0300][112.481s][debug][gc] GC(2502) Reclaimed 124 empty regions
[2020-08-01T12:06:10.835+0300][112.481s][info ][gc] GC(2502) Pause Remark 217M->93M(512M) 0.634ms
[2020-08-01T12:06:10.855+0300][112.502s][info ][gc] GC(2502) Pause Cleanup 143M->143M(512M) 0.059ms
[2020-08-01T12:06:10.856+0300][112.502s][info ][gc] GC(2502) Concurrent Cycle 37.450ms
[2020-08-01T12:06:10.895+0300][112.541s][info ][gc] GC(2503) Pause Young (Normal) (G1 Evacuation Pause) 155M->143M(512M) 34.267ms
[2020-08-01T12:06:10.973+0300][112.619s][info ][gc] GC(2504) Pause Young (Concurrent Start) (G1 Humongous Allocation) 168M->169M(512M) 46.080ms
[2020-08-01T12:06:10.973+0300][112.619s][info ][gc] GC(2505) Concurrent Cycle
[2020-08-01T12:06:10.991+0300][112.638s][debug][gc] GC(2505) Reclaimed 123 empty regions
[2020-08-01T12:06:10.991+0300][112.638s][info ][gc] GC(2505) Pause Remark 218M->95M(512M) 0.632ms
[2020-08-01T12:06:11.012+0300][112.659s][info ][gc] GC(2505) Pause Cleanup 144M->144M(512M) 0.062ms
[2020-08-01T12:06:11.013+0300][112.659s][info ][gc] GC(2505) Concurrent Cycle 39.627ms
[2020-08-01T12:06:11.052+0300][112.698s][info ][gc] GC(2506) Pause Young (Normal) (G1 Evacuation Pause) 156M->143M(512M) 34.604ms
[2020-08-01T12:06:11.124+0300][112.770s][info ][gc] GC(2507) Pause Young (Concurrent Start) (G1 Humongous Allocation) 168M->169M(512M) 41.046ms
[2020-08-01T12:06:11.124+0300][112.770s][info ][gc] GC(2508) Concurrent Cycle
[2020-08-01T12:06:11.142+0300][112.788s][debug][gc] GC(2508) Reclaimed 124 empty regions
[2020-08-01T12:06:11.142+0300][112.788s][info ][gc] GC(2508) Pause Remark 218M->94M(512M) 0.607ms
[2020-08-01T12:06:11.162+0300][112.808s][info ][gc] GC(2508) Pause Cleanup 143M->143M(512M) 0.056ms
[2020-08-01T12:06:11.162+0300][112.809s][info ][gc] GC(2508) Concurrent Cycle 38.382ms
[2020-08-01T12:06:11.201+0300][112.847s][info ][gc] GC(2509) Pause Young (Normal) (G1 Evacuation Pause) 155M->143M(512M) 33.762ms
[2020-08-01T12:06:11.237+0300][112.883s][info ][gc] GC(2510) Pause Young (Concurrent Start) (G1 Humongous Allocation) 168M->169M(512M) 14.412ms
[2020-08-01T12:06:11.237+0300][112.884s][info ][gc] GC(2511) Concurrent Cycle
[2020-08-01T12:06:11.252+0300][112.898s][debug][gc] GC(2511) Reclaimed 123 empty regions
[2020-08-01T12:06:11.252+0300][112.898s][info ][gc] GC(2511) Pause Remark 217M->94M(512M) 0.575ms
[2020-08-01T12:06:11.271+0300][112.918s][info ][gc] GC(2511) Pause Cleanup 144M->144M(512M) 0.059ms
[2020-08-01T12:06:11.272+0300][112.918s][info ][gc] GC(2511) Concurrent Cycle 34.790ms
[2020-08-01T12:06:11.310+0300][112.957s][info ][gc] GC(2512) Pause Young (Normal) (G1 Evacuation Pause) 156M->143M(512M) 34.006ms
[2020-08-01T12:06:11.365+0300][113.012s][info ][gc] GC(2513) Pause Young (Concurrent Start) (G1 Humongous Allocation) 168M->169M(512M) 33.295ms
[2020-08-01T12:06:11.365+0300][113.012s][info ][gc] GC(2514) Concurrent Cycle
[2020-08-01T12:06:11.382+0300][113.028s][debug][gc] GC(2514) Reclaimed 124 empty regions
[2020-08-01T12:06:11.382+0300][113.028s][info ][gc] GC(2514) Pause Remark 218M->94M(512M) 0.607ms
[2020-08-01T12:06:11.402+0300][113.049s][info ][gc] GC(2514) Pause Cleanup 143M->143M(512M) 0.057ms
[2020-08-01T12:06:11.403+0300][113.049s][info ][gc] GC(2514) Concurrent Cycle 37.771ms
[2020-08-01T12:06:11.441+0300][113.088s][info ][gc] GC(2515) Pause Young (Normal) (G1 Evacuation Pause) 155M->142M(512M) 34.077ms
[2020-08-01T12:06:11.485+0300][113.132s][info ][gc] GC(2516) Pause Young (Concurrent Start) (G1 Humongous Allocation) 167M->167M(512M) 14.590ms
[2020-08-01T12:06:11.485+0300][113.132s][info ][gc] GC(2517) Concurrent Cycle
[2020-08-01T12:06:11.500+0300][113.146s][debug][gc] GC(2517) Reclaimed 122 empty regions
[2020-08-01T12:06:11.500+0300][113.146s][info ][gc] GC(2517) Pause Remark 215M->93M(512M) 0.588ms
[2020-08-01T12:06:11.520+0300][113.166s][info ][gc] GC(2517) Pause Cleanup 142M->142M(512M) 0.062ms
[2020-08-01T12:06:11.520+0300][113.167s][info ][gc] GC(2517) Concurrent Cycle 34.782ms
[2020-08-01T12:06:11.559+0300][113.205s][info ][gc] GC(2518) Pause Young (Normal) (G1 Evacuation Pause) 156M->143M(512M) 33.805ms
[2020-08-01T12:06:11.596+0300][113.243s][info ][gc] GC(2519) Pause Young (Concurrent Start) (G1 Humongous Allocation) 167M->169M(512M) 15.623ms
[2020-08-01T12:06:11.596+0300][113.243s][info ][gc] GC(2520) Concurrent Cycle
[2020-08-01T12:06:11.610+0300][113.256s][debug][gc] GC(2520) Reclaimed 123 empty regions
[2020-08-01T12:06:11.610+0300][113.256s][info ][gc] GC(2520) Pause Remark 216M->93M(512M) 0.599ms
[2020-08-01T12:06:11.630+0300][113.276s][info ][gc] GC(2520) Pause Cleanup 143M->143M(512M) 0.061ms
[2020-08-01T12:06:11.630+0300][113.277s][info ][gc] GC(2520) Concurrent Cycle 33.991ms
[2020-08-01T12:06:11.669+0300][113.316s][info ][gc] GC(2521) Pause Young (Normal) (G1 Evacuation Pause) 156M->143M(512M) 34.042ms
[2020-08-01T12:06:11.706+0300][113.352s][info ][gc] GC(2522) Pause Young (Concurrent Start) (G1 Humongous Allocation) 168M->169M(512M) 15.186ms
[2020-08-01T12:06:11.706+0300][113.352s][info ][gc] GC(2523) Concurrent Cycle
[2020-08-01T12:06:11.721+0300][113.367s][debug][gc] GC(2523) Reclaimed 124 empty regions
[2020-08-01T12:06:11.721+0300][113.367s][info ][gc] GC(2523) Pause Remark 218M->94M(512M) 0.607ms
[2020-08-01T12:06:11.741+0300][113.387s][info ][gc] GC(2523) Pause Cleanup 143M->143M(512M) 0.062ms
[2020-08-01T12:06:11.741+0300][113.388s][info ][gc] GC(2523) Concurrent Cycle 35.106ms
[2020-08-01T12:06:11.780+0300][113.426s][info ][gc] GC(2524) Pause Young (Normal) (G1 Evacuation Pause) 155M->143M(512M) 34.075ms
[2020-08-01T12:06:11.826+0300][113.472s][info ][gc] GC(2525) Pause Young (Concurrent Start) (G1 Humongous Allocation) 168M->169M(512M) 25.992ms
[2020-08-01T12:06:11.826+0300][113.472s][info ][gc] GC(2526) Concurrent Cycle
[2020-08-01T12:06:11.841+0300][113.487s][debug][gc] GC(2526) Reclaimed 124 empty regions
[2020-08-01T12:06:11.841+0300][113.487s][info ][gc] GC(2526) Pause Remark 216M->92M(512M) 0.587ms
[2020-08-01T12:06:11.861+0300][113.508s][info ][gc] GC(2526) Pause Cleanup 142M->142M(512M) 0.060ms
[2020-08-01T12:06:11.862+0300][113.508s][info ][gc] GC(2526) Concurrent Cycle 36.078ms
[2020-08-01T12:06:11.901+0300][113.547s][info ][gc] GC(2527) Pause Young (Normal) (G1 Evacuation Pause) 155M->143M(512M) 34.301ms
[2020-08-01T12:06:11.951+0300][113.598s][info ][gc] GC(2528) Pause Young (Concurrent Start) (G1 Humongous Allocation) 168M->168M(512M) 27.653ms
[2020-08-01T12:06:11.952+0300][113.598s][info ][gc] GC(2529) Concurrent Cycle
[2020-08-01T12:06:11.967+0300][113.613s][debug][gc] GC(2529) Reclaimed 123 empty regions
[2020-08-01T12:06:11.967+0300][113.613s][info ][gc] GC(2529) Pause Remark 216M->93M(512M) 0.595ms
[2020-08-01T12:06:11.987+0300][113.633s][info ][gc] GC(2529) Pause Cleanup 143M->143M(512M) 0.064ms
[2020-08-01T12:06:11.988+0300][113.634s][info ][gc] GC(2529) Concurrent Cycle 36.197ms
[2020-08-01T12:06:12.026+0300][113.672s][info ][gc] GC(2530) Pause Young (Normal) (G1 Evacuation Pause) 155M->143M(512M) 33.893ms
[2020-08-01T12:06:12.063+0300][113.709s][info ][gc] GC(2531) Pause Young (Concurrent Start) (G1 Humongous Allocation) 168M->169M(512M) 15.287ms
[2020-08-01T12:06:12.063+0300][113.709s][info ][gc] GC(2532) Concurrent Cycle
[2020-08-01T12:06:12.077+0300][113.723s][debug][gc] GC(2532) Reclaimed 123 empty regions
[2020-08-01T12:06:12.077+0300][113.723s][info ][gc] GC(2532) Pause Remark 217M->94M(512M) 0.603ms
[2020-08-01T12:06:12.097+0300][113.743s][info ][gc] GC(2532) Pause Cleanup 142M->142M(512M) 0.063ms
[2020-08-01T12:06:12.097+0300][113.744s][info ][gc] GC(2532) Concurrent Cycle 34.222ms
[2020-08-01T12:06:12.136+0300][113.783s][info ][gc] GC(2533) Pause Young (Normal) (G1 Evacuation Pause) 156M->143M(512M) 33.483ms
[2020-08-01T12:06:12.200+0300][113.846s][info ][gc] GC(2534) Pause Young (Concurrent Start) (G1 Humongous Allocation) 168M->169M(512M) 43.041ms
[2020-08-01T12:06:12.200+0300][113.846s][info ][gc] GC(2535) Concurrent Cycle
[2020-08-01T12:06:12.218+0300][113.864s][debug][gc] GC(2535) Reclaimed 124 empty regions
[2020-08-01T12:06:12.218+0300][113.864s][info ][gc] GC(2535) Pause Remark 217M->93M(512M) 0.710ms
[2020-08-01T12:06:12.238+0300][113.884s][info ][gc] GC(2535) Pause Cleanup 141M->141M(512M) 0.064ms
[2020-08-01T12:06:12.239+0300][113.885s][info ][gc] GC(2535) Concurrent Cycle 38.556ms
[2020-08-01T12:06:12.278+0300][113.924s][info ][gc] GC(2536) Pause Young (Normal) (G1 Evacuation Pause) 155M->142M(512M) 33.839ms
[2020-08-01T12:06:12.332+0300][113.979s][info ][gc] GC(2537) Pause Young (Concurrent Start) (G1 Humongous Allocation) 167M->168M(512M) 31.521ms
[2020-08-01T12:06:12.332+0300][113.979s][info ][gc] GC(2538) Concurrent Cycle
[2020-08-01T12:06:12.348+0300][113.995s][debug][gc] GC(2538) Reclaimed 123 empty regions
[2020-08-01T12:06:12.349+0300][113.995s][info ][gc] GC(2538) Pause Remark 216M->93M(512M) 0.613ms
[2020-08-01T12:06:12.368+0300][114.015s][info ][gc] GC(2538) Pause Cleanup 143M->143M(512M) 0.057ms
[2020-08-01T12:06:12.369+0300][114.015s][info ][gc] GC(2538) Concurrent Cycle 36.568ms
[2020-08-01T12:06:12.407+0300][114.053s][info ][gc] GC(2539) Pause Young (Normal) (G1 Evacuation Pause) 155M->143M(512M) 33.389ms
[2020-08-01T12:06:12.460+0300][114.107s][info ][gc] GC(2540) Pause Young (Concurrent Start) (G1 Humongous Allocation) 168M->168M(512M) 21.584ms
[2020-08-01T12:06:12.460+0300][114.107s][info ][gc] GC(2541) Concurrent Cycle
[2020-08-01T12:06:12.476+0300][114.123s][debug][gc] GC(2541) Reclaimed 123 empty regions
[2020-08-01T12:06:12.476+0300][114.123s][info ][gc] GC(2541) Pause Remark 217M->94M(512M) 0.665ms
[2020-08-01T12:06:12.497+0300][114.144s][info ][gc] GC(2541) Pause Cleanup 144M->144M(512M) 0.063ms
[2020-08-01T12:06:12.498+0300][114.144s][info ][gc] GC(2541) Concurrent Cycle 37.495ms
[2020-08-01T12:06:12.536+0300][114.182s][info ][gc] GC(2542) Pause Young (Normal) (G1 Evacuation Pause) 155M->142M(512M) 33.715ms
[2020-08-01T12:06:12.579+0300][114.225s][info ][gc] GC(2543) Pause Young (Concurrent Start) (G1 Humongous Allocation) 167M->168M(512M) 16.015ms
[2020-08-01T12:06:12.579+0300][114.225s][info ][gc] GC(2544) Concurrent Cycle
[2020-08-01T12:06:12.592+0300][114.239s][debug][gc] GC(2544) Reclaimed 123 empty regions
[2020-08-01T12:06:12.592+0300][114.239s][info ][gc] GC(2544) Pause Remark 215M->92M(512M) 0.739ms
[2020-08-01T12:06:12.612+0300][114.258s][info ][gc] GC(2544) Pause Cleanup 141M->141M(512M) 0.073ms
[2020-08-01T12:06:12.612+0300][114.259s][info ][gc] GC(2544) Concurrent Cycle 33.500ms
[2020-08-01T12:06:12.652+0300][114.298s][info ][gc] GC(2545) Pause Young (Normal) (G1 Evacuation Pause) 155M->142M(512M) 33.904ms
[2020-08-01T12:06:12.702+0300][114.348s][info ][gc] GC(2546) Pause Young (Concurrent Start) (G1 Humongous Allocation) 167M->168M(512M) 14.897ms
[2020-08-01T12:06:12.702+0300][114.348s][info ][gc] GC(2547) Concurrent Cycle
[2020-08-01T12:06:12.715+0300][114.362s][debug][gc] GC(2547) Reclaimed 123 empty regions
[2020-08-01T12:06:12.715+0300][114.362s][info ][gc] GC(2547) Pause Remark 216M->93M(512M) 0.719ms
[2020-08-01T12:06:12.736+0300][114.382s][info ][gc] GC(2547) Pause Cleanup 143M->143M(512M) 0.098ms
[2020-08-01T12:06:12.737+0300][114.383s][info ][gc] GC(2547) Concurrent Cycle 35.063ms
[2020-08-01T12:06:12.776+0300][114.423s][info ][gc] GC(2548) Pause Young (Normal) (G1 Evacuation Pause) 155M->142M(512M) 34.763ms
[2020-08-01T12:06:12.859+0300][114.505s][info ][gc] GC(2549) Pause Young (Concurrent Start) (G1 Humongous Allocation) 167M->168M(512M) 48.003ms
[2020-08-01T12:06:12.859+0300][114.505s][info ][gc] GC(2550) Concurrent Cycle
[2020-08-01T12:06:12.876+0300][114.523s][debug][gc] GC(2550) Reclaimed 123 empty regions
[2020-08-01T12:06:12.877+0300][114.523s][info ][gc] GC(2550) Pause Remark 217M->94M(512M) 0.699ms
[2020-08-01T12:06:12.897+0300][114.543s][info ][gc] GC(2550) Pause Cleanup 143M->143M(512M) 0.058ms
[2020-08-01T12:06:12.897+0300][114.544s][info ][gc] GC(2550) Concurrent Cycle 38.353ms
[2020-08-01T12:06:12.935+0300][114.581s][info ][gc] GC(2551) Pause Young (Normal) (G1 Evacuation Pause) 155M->143M(512M) 33.250ms
[2020-08-01T12:06:13.016+0300][114.663s][info ][gc] GC(2552) Pause Young (Concurrent Start) (G1 Humongous Allocation) 168M->169M(512M) 49.548ms
[2020-08-01T12:06:13.017+0300][114.663s][info ][gc] GC(2553) Concurrent Cycle
[2020-08-01T12:06:13.035+0300][114.681s][debug][gc] GC(2553) Reclaimed 123 empty regions
[2020-08-01T12:06:13.035+0300][114.682s][info ][gc] GC(2553) Pause Remark 217M->94M(512M) 0.696ms
[2020-08-01T12:06:13.056+0300][114.702s][info ][gc] GC(2553) Pause Cleanup 144M->144M(512M) 0.060ms
[2020-08-01T12:06:13.056+0300][114.703s][info ][gc] GC(2553) Concurrent Cycle 39.880ms
[2020-08-01T12:06:13.095+0300][114.741s][info ][gc] GC(2554) Pause Young (Normal) (G1 Evacuation Pause) 156M->143M(512M) 33.730ms
[2020-08-01T12:06:13.145+0300][114.791s][info ][gc] GC(2555) Pause Young (Concurrent Start) (G1 Humongous Allocation) 168M->169M(512M) 21.919ms
[2020-08-01T12:06:13.145+0300][114.791s][info ][gc] GC(2556) Concurrent Cycle
[2020-08-01T12:06:13.160+0300][114.806s][debug][gc] GC(2556) Reclaimed 123 empty regions
[2020-08-01T12:06:13.160+0300][114.806s][info ][gc] GC(2556) Pause Remark 218M->95M(512M) 0.580ms
[2020-08-01T12:06:13.179+0300][114.826s][info ][gc] GC(2556) Pause Cleanup 145M->145M(512M) 0.063ms
[2020-08-01T12:06:13.180+0300][114.826s][info ][gc] GC(2556) Concurrent Cycle 35.205ms
[2020-08-01T12:06:13.218+0300][114.865s][info ][gc] GC(2557) Pause Young (Normal) (G1 Evacuation Pause) 156M->143M(512M) 33.984ms
[2020-08-01T12:06:13.264+0300][114.911s][info ][gc] GC(2558) Pause Young (Concurrent Start) (G1 Humongous Allocation) 168M->168M(512M) 15.457ms
[2020-08-01T12:06:13.264+0300][114.911s][info ][gc] GC(2559) Concurrent Cycle
[2020-08-01T12:06:13.278+0300][114.924s][debug][gc] GC(2559) Reclaimed 123 empty regions
[2020-08-01T12:06:13.278+0300][114.924s][info ][gc] GC(2559) Pause Remark 215M->92M(512M) 0.640ms
[2020-08-01T12:06:13.297+0300][114.944s][info ][gc] GC(2559) Pause Cleanup 141M->141M(512M) 0.071ms
[2020-08-01T12:06:13.298+0300][114.944s][info ][gc] GC(2559) Concurrent Cycle 33.784ms
[2020-08-01T12:06:13.337+0300][114.983s][info ][gc] GC(2560) Pause Young (Normal) (G1 Evacuation Pause) 155M->142M(512M) 33.426ms
[2020-08-01T12:06:13.371+0300][115.018s][info ][gc] GC(2561) Pause Young (Concurrent Start) (G1 Humongous Allocation) 167M->169M(512M) 14.569ms
[2020-08-01T12:06:13.371+0300][115.018s][info ][gc] GC(2562) Concurrent Cycle
[2020-08-01T12:06:13.385+0300][115.031s][debug][gc] GC(2562) Reclaimed 123 empty regions
[2020-08-01T12:06:13.385+0300][115.031s][info ][gc] GC(2562) Pause Remark 217M->94M(512M) 0.588ms
[2020-08-01T12:06:13.404+0300][115.051s][info ][gc] GC(2562) Pause Cleanup 142M->142M(512M) 0.057ms
[2020-08-01T12:06:13.405+0300][115.051s][info ][gc] GC(2562) Concurrent Cycle 33.522ms
[2020-08-01T12:06:13.444+0300][115.091s][info ][gc] GC(2563) Pause Young (Normal) (G1 Evacuation Pause) 156M->143M(512M) 34.064ms
[2020-08-01T12:06:13.504+0300][115.151s][info ][gc] GC(2564) Pause Young (Concurrent Start) (G1 Humongous Allocation) 169M->169M(512M) 37.506ms
[2020-08-01T12:06:13.504+0300][115.151s][info ][gc] GC(2565) Concurrent Cycle
[2020-08-01T12:06:13.523+0300][115.170s][debug][gc] GC(2565) Reclaimed 124 empty regions
[2020-08-01T12:06:13.524+0300][115.170s][info ][gc] GC(2565) Pause Remark 218M->94M(512M) 0.918ms
[2020-08-01T12:06:13.545+0300][115.191s][info ][gc] GC(2565) Pause Cleanup 144M->144M(512M) 0.063ms
[2020-08-01T12:06:13.545+0300][115.192s][info ][gc] GC(2565) Concurrent Cycle 41.017ms
[2020-08-01T12:06:13.583+0300][115.230s][info ][gc] GC(2566) Pause Young (Normal) (G1 Evacuation Pause) 155M->143M(512M) 33.877ms
[2020-08-01T12:06:13.618+0300][115.264s][info ][gc] GC(2567) Pause Young (Concurrent Start) (G1 Humongous Allocation) 168M->169M(512M) 14.487ms
[2020-08-01T12:06:13.618+0300][115.265s][info ][gc] GC(2568) Concurrent Cycle
[2020-08-01T12:06:13.632+0300][115.279s][debug][gc] GC(2568) Reclaimed 123 empty regions
[2020-08-01T12:06:13.632+0300][115.279s][info ][gc] GC(2568) Pause Remark 217M->94M(512M) 0.618ms
[2020-08-01T12:06:13.653+0300][115.299s][info ][gc] GC(2568) Pause Cleanup 143M->143M(512M) 0.069ms
[2020-08-01T12:06:13.654+0300][115.300s][info ][gc] GC(2568) Concurrent Cycle 35.408ms
[2020-08-01T12:06:13.694+0300][115.341s][info ][gc] GC(2569) Pause Young (Normal) (G1 Evacuation Pause) 156M->143M(512M) 35.855ms
[2020-08-01T12:06:13.731+0300][115.377s][info ][gc] GC(2570) Pause Young (Concurrent Start) (G1 Humongous Allocation) 168M->169M(512M) 15.254ms
[2020-08-01T12:06:13.731+0300][115.377s][info ][gc] GC(2571) Concurrent Cycle
[2020-08-01T12:06:13.746+0300][115.393s][debug][gc] GC(2571) Reclaimed 124 empty regions
[2020-08-01T12:06:13.746+0300][115.393s][info ][gc] GC(2571) Pause Remark 218M->94M(512M) 0.682ms
[2020-08-01T12:06:13.766+0300][115.412s][info ][gc] GC(2571) Pause Cleanup 144M->144M(512M) 0.057ms
[2020-08-01T12:06:13.767+0300][115.413s][info ][gc] GC(2571) Concurrent Cycle 35.748ms
[2020-08-01T12:06:13.805+0300][115.451s][info ][gc] GC(2572) Pause Young (Normal) (G1 Evacuation Pause) 155M->142M(512M) 33.679ms
[2020-08-01T12:06:13.854+0300][115.500s][info ][gc] GC(2573) Pause Young (Concurrent Start) (G1 Humongous Allocation) 167M->169M(512M) 28.839ms
[2020-08-01T12:06:13.854+0300][115.500s][info ][gc] GC(2574) Concurrent Cycle
[2020-08-01T12:06:13.869+0300][115.516s][debug][gc] GC(2574) Reclaimed 123 empty regions
[2020-08-01T12:06:13.869+0300][115.516s][info ][gc] GC(2574) Pause Remark 218M->95M(512M) 0.631ms
[2020-08-01T12:06:13.889+0300][115.536s][info ][gc] GC(2574) Pause Cleanup 145M->145M(512M) 0.060ms
[2020-08-01T12:06:13.890+0300][115.536s][info ][gc] GC(2574) Concurrent Cycle 36.041ms
[2020-08-01T12:06:13.928+0300][115.574s][info ][gc] GC(2575) Pause Young (Normal) (G1 Evacuation Pause) 156M->144M(512M) 33.945ms
[2020-08-01T12:06:13.964+0300][115.610s][info ][gc] GC(2576) Pause Young (Concurrent Start) (G1 Humongous Allocation) 169M->171M(512M) 15.452ms
[2020-08-01T12:06:13.964+0300][115.611s][info ][gc] GC(2577) Concurrent Cycle
[2020-08-01T12:06:13.978+0300][115.625s][debug][gc] GC(2577) Reclaimed 124 empty regions
[2020-08-01T12:06:13.978+0300][115.625s][info ][gc] GC(2577) Pause Remark 220M->96M(512M) 0.613ms
[2020-08-01T12:06:13.998+0300][115.645s][info ][gc] GC(2577) Pause Cleanup 144M->144M(512M) 0.061ms
[2020-08-01T12:06:13.999+0300][115.645s][info ][gc] GC(2577) Concurrent Cycle 34.572ms
[2020-08-01T12:06:14.037+0300][115.683s][info ][gc] GC(2578) Pause Young (Normal) (G1 Evacuation Pause) 156M->143M(512M) 33.841ms
[2020-08-01T12:06:14.073+0300][115.720s][info ][gc] GC(2579) Pause Young (Concurrent Start) (G1 Humongous Allocation) 169M->170M(512M) 15.770ms
[2020-08-01T12:06:14.073+0300][115.720s][info ][gc] GC(2580) Concurrent Cycle
[2020-08-01T12:06:14.087+0300][115.734s][debug][gc] GC(2580) Reclaimed 124 empty regions
[2020-08-01T12:06:14.088+0300][115.734s][info ][gc] GC(2580) Pause Remark 219M->95M(512M) 0.579ms
[2020-08-01T12:06:14.108+0300][115.754s][info ][gc] GC(2580) Pause Cleanup 145M->145M(512M) 0.060ms
[2020-08-01T12:06:14.108+0300][115.755s][info ][gc] GC(2580) Concurrent Cycle 34.632ms
[2020-08-01T12:06:14.146+0300][115.792s][info ][gc] GC(2581) Pause Young (Normal) (G1 Evacuation Pause) 156M->143M(512M) 33.334ms
[2020-08-01T12:06:14.200+0300][115.846s][info ][gc] GC(2582) Pause Young (Concurrent Start) (G1 Humongous Allocation) 168M->169M(512M) 32.313ms
[2020-08-01T12:06:14.200+0300][115.847s][info ][gc] GC(2583) Concurrent Cycle
[2020-08-01T12:06:14.217+0300][115.863s][debug][gc] GC(2583) Reclaimed 124 empty regions
[2020-08-01T12:06:14.217+0300][115.863s][info ][gc] GC(2583) Pause Remark 216M->92M(512M) 0.611ms
[2020-08-01T12:06:14.237+0300][115.883s][info ][gc] GC(2583) Pause Cleanup 140M->140M(512M) 0.092ms
[2020-08-01T12:06:14.237+0300][115.883s][info ][gc] GC(2583) Concurrent Cycle 36.885ms
[2020-08-01T12:06:14.276+0300][115.923s][info ][gc] GC(2584) Pause Young (Normal) (G1 Evacuation Pause) 155M->143M(512M) 33.740ms
[2020-08-01T12:06:14.313+0300][115.959s][info ][gc] GC(2585) Pause Young (Concurrent Start) (G1 Humongous Allocation) 168M->169M(512M) 16.176ms
[2020-08-01T12:06:14.313+0300][115.959s][info ][gc] GC(2586) Concurrent Cycle
[2020-08-01T12:06:14.327+0300][115.973s][debug][gc] GC(2586) Reclaimed 123 empty regions
[2020-08-01T12:06:14.327+0300][115.973s][info ][gc] GC(2586) Pause Remark 217M->94M(512M) 0.598ms
[2020-08-01T12:06:14.347+0300][115.993s][info ][gc] GC(2586) Pause Cleanup 144M->144M(512M) 0.058ms
[2020-08-01T12:06:14.347+0300][115.994s][info ][gc] GC(2586) Concurrent Cycle 34.647ms
[2020-08-01T12:06:14.386+0300][116.033s][info ][gc] GC(2587) Pause Young (Normal) (G1 Evacuation Pause) 156M->143M(512M) 33.913ms
[2020-08-01T12:06:14.422+0300][116.069s][info ][gc] GC(2588) Pause Young (Concurrent Start) (G1 Humongous Allocation) 168M->169M(512M) 15.778ms
[2020-08-01T12:06:14.422+0300][116.069s][info ][gc] GC(2589) Concurrent Cycle
[2020-08-01T12:06:14.437+0300][116.083s][debug][gc] GC(2589) Reclaimed 123 empty regions
[2020-08-01T12:06:14.437+0300][116.083s][info ][gc] GC(2589) Pause Remark 216M->93M(512M) 0.770ms
[2020-08-01T12:06:14.456+0300][116.103s][info ][gc] GC(2589) Pause Cleanup 142M->142M(512M) 0.063ms
[2020-08-01T12:06:14.457+0300][116.103s][info ][gc] GC(2589) Concurrent Cycle 34.268ms
[2020-08-01T12:06:14.495+0300][116.142s][info ][gc] GC(2590) Pause Young (Normal) (G1 Evacuation Pause) 156M->143M(512M) 33.394ms
[2020-08-01T12:06:14.541+0300][116.188s][info ][gc] GC(2591) Pause Young (Concurrent Start) (G1 Humongous Allocation) 169M->170M(512M) 14.649ms
[2020-08-01T12:06:14.541+0300][116.188s][info ][gc] GC(2592) Concurrent Cycle
[2020-08-01T12:06:14.555+0300][116.201s][debug][gc] GC(2592) Reclaimed 124 empty regions
[2020-08-01T12:06:14.555+0300][116.202s][info ][gc] GC(2592) Pause Remark 219M->95M(512M) 0.611ms
[2020-08-01T12:06:14.575+0300][116.221s][info ][gc] GC(2592) Pause Cleanup 144M->144M(512M) 0.071ms
[2020-08-01T12:06:14.575+0300][116.221s][info ][gc] GC(2592) Concurrent Cycle 33.687ms
[2020-08-01T12:06:14.613+0300][116.260s][info ][gc] GC(2593) Pause Young (Normal) (G1 Evacuation Pause) 156M->143M(512M) 33.855ms
[2020-08-01T12:06:14.665+0300][116.312s][info ][gc] GC(2594) Pause Young (Concurrent Start) (G1 Humongous Allocation) 168M->169M(512M) 29.414ms
[2020-08-01T12:06:14.666+0300][116.312s][info ][gc] GC(2595) Concurrent Cycle
[2020-08-01T12:06:14.683+0300][116.329s][debug][gc] GC(2595) Reclaimed 124 empty regions
[2020-08-01T12:06:14.683+0300][116.329s][info ][gc] GC(2595) Pause Remark 217M->93M(512M) 0.606ms
[2020-08-01T12:06:14.703+0300][116.349s][info ][gc] GC(2595) Pause Cleanup 144M->144M(512M) 0.067ms
[2020-08-01T12:06:14.704+0300][116.350s][info ][gc] GC(2595) Concurrent Cycle 38.028ms
[2020-08-01T12:06:14.741+0300][116.388s][info ][gc] GC(2596) Pause Young (Normal) (G1 Evacuation Pause) 155M->143M(512M) 33.631ms
[2020-08-01T12:06:14.806+0300][116.452s][info ][gc] GC(2597) Pause Young (Concurrent Start) (G1 Humongous Allocation) 168M->169M(512M) 41.691ms
[2020-08-01T12:06:14.806+0300][116.452s][info ][gc] GC(2598) Concurrent Cycle
[2020-08-01T12:06:14.824+0300][116.471s][debug][gc] GC(2598) Reclaimed 123 empty regions
[2020-08-01T12:06:14.824+0300][116.471s][info ][gc] GC(2598) Pause Remark 219M->96M(512M) 0.607ms
[2020-08-01T12:06:14.845+0300][116.491s][info ][gc] GC(2598) Pause Cleanup 146M->146M(512M) 0.074ms
[2020-08-01T12:06:14.845+0300][116.492s][info ][gc] GC(2598) Concurrent Cycle 39.507ms
[2020-08-01T12:06:14.883+0300][116.529s][info ][gc] GC(2599) Pause Young (Normal) (G1 Evacuation Pause) 156M->143M(512M) 33.965ms
[2020-08-01T12:06:14.964+0300][116.611s][info ][gc] GC(2600) Pause Young (Concurrent Start) (G1 Humongous Allocation) 168M->170M(512M) 47.465ms
[2020-08-01T12:06:14.964+0300][116.611s][info ][gc] GC(2601) Concurrent Cycle
[2020-08-01T12:06:14.982+0300][116.629s][debug][gc] GC(2601) Reclaimed 124 empty regions
[2020-08-01T12:06:14.982+0300][116.629s][info ][gc] GC(2601) Pause Remark 217M->93M(512M) 0.648ms
[2020-08-01T12:06:15.003+0300][116.649s][info ][gc] GC(2601) Pause Cleanup 142M->142M(512M) 0.077ms
[2020-08-01T12:06:15.003+0300][116.650s][info ][gc] GC(2601) Concurrent Cycle 39.082ms
[2020-08-01T12:06:15.042+0300][116.689s][info ][gc] GC(2602) Pause Young (Normal) (G1 Evacuation Pause) 156M->143M(512M) 33.753ms
[2020-08-01T12:06:15.103+0300][116.749s][info ][gc] GC(2603) Pause Young (Concurrent Start) (G1 Humongous Allocation) 168M->169M(512M) 30.271ms
[2020-08-01T12:06:15.103+0300][116.750s][info ][gc] GC(2604) Concurrent Cycle
[2020-08-01T12:06:15.120+0300][116.766s][debug][gc] GC(2604) Reclaimed 123 empty regions
[2020-08-01T12:06:15.120+0300][116.767s][info ][gc] GC(2604) Pause Remark 216M->93M(512M) 0.761ms
[2020-08-01T12:06:15.140+0300][116.786s][info ][gc] GC(2604) Pause Cleanup 143M->143M(512M) 0.060ms
[2020-08-01T12:06:15.141+0300][116.787s][info ][gc] GC(2604) Concurrent Cycle 37.398ms
[2020-08-01T12:06:15.179+0300][116.825s][info ][gc] GC(2605) Pause Young (Normal) (G1 Evacuation Pause) 156M->143M(512M) 33.694ms
[2020-08-01T12:06:15.259+0300][116.905s][info ][gc] GC(2606) Pause Young (Concurrent Start) (G1 Humongous Allocation) 168M->170M(512M) 47.969ms
[2020-08-01T12:06:15.259+0300][116.905s][info ][gc] GC(2607) Concurrent Cycle
[2020-08-01T12:06:15.277+0300][116.923s][debug][gc] GC(2607) Reclaimed 124 empty regions
[2020-08-01T12:06:15.277+0300][116.924s][info ][gc] GC(2607) Pause Remark 218M->94M(512M) 0.772ms
[2020-08-01T12:06:15.298+0300][116.944s][info ][gc] GC(2607) Pause Cleanup 144M->144M(512M) 0.069ms
[2020-08-01T12:06:15.298+0300][116.945s][info ][gc] GC(2607) Concurrent Cycle 39.412ms
[2020-08-01T12:06:15.343+0300][116.989s][info ][gc] GC(2608) Pause Young (Normal) (G1 Evacuation Pause) 156M->144M(512M) 39.432ms
[2020-08-01T12:06:15.379+0300][117.026s][info ][gc] GC(2609) Pause Young (Concurrent Start) (G1 Humongous Allocation) 169M->170M(512M) 14.694ms
[2020-08-01T12:06:15.379+0300][117.026s][info ][gc] GC(2610) Concurrent Cycle
[2020-08-01T12:06:15.393+0300][117.040s][debug][gc] GC(2610) Reclaimed 124 empty regions
[2020-08-01T12:06:15.393+0300][117.040s][info ][gc] GC(2610) Pause Remark 218M->94M(512M) 0.577ms
[2020-08-01T12:06:15.413+0300][117.059s][info ][gc] GC(2610) Pause Cleanup 144M->144M(512M) 0.063ms
[2020-08-01T12:06:15.413+0300][117.060s][info ][gc] GC(2610) Concurrent Cycle 33.950ms
[2020-08-01T12:06:15.452+0300][117.098s][info ][gc] GC(2611) Pause Young (Normal) (G1 Evacuation Pause) 156M->143M(512M) 33.537ms
[2020-08-01T12:06:15.487+0300][117.134s][info ][gc] GC(2612) Pause Young (Concurrent Start) (G1 Humongous Allocation) 168M->169M(512M) 14.696ms
[2020-08-01T12:06:15.487+0300][117.134s][info ][gc] GC(2613) Concurrent Cycle
[2020-08-01T12:06:15.502+0300][117.149s][debug][gc] GC(2613) Reclaimed 123 empty regions
[2020-08-01T12:06:15.502+0300][117.149s][info ][gc] GC(2613) Pause Remark 218M->95M(512M) 0.587ms
[2020-08-01T12:06:15.522+0300][117.169s][info ][gc] GC(2613) Pause Cleanup 145M->145M(512M) 0.060ms
[2020-08-01T12:06:15.523+0300][117.169s][info ][gc] GC(2613) Concurrent Cycle 35.518ms
[2020-08-01T12:06:15.561+0300][117.208s][info ][gc] GC(2614) Pause Young (Normal) (G1 Evacuation Pause) 156M->144M(512M) 34.172ms
[2020-08-01T12:06:15.611+0300][117.257s][info ][gc] GC(2615) Pause Young (Concurrent Start) (G1 Humongous Allocation) 169M->170M(512M) 29.152ms
[2020-08-01T12:06:15.611+0300][117.257s][info ][gc] GC(2616) Concurrent Cycle
[2020-08-01T12:06:15.627+0300][117.273s][debug][gc] GC(2616) Reclaimed 124 empty regions
[2020-08-01T12:06:15.627+0300][117.273s][info ][gc] GC(2616) Pause Remark 216M->92M(512M) 0.622ms
[2020-08-01T12:06:15.648+0300][117.295s][info ][gc] GC(2616) Pause Cleanup 143M->143M(512M) 0.095ms
[2020-08-01T12:06:15.649+0300][117.296s][info ][gc] GC(2616) Concurrent Cycle 38.255ms
[2020-08-01T12:06:15.689+0300][117.336s][info ][gc] GC(2617) Pause Young (Normal) (G1 Evacuation Pause) 156M->143M(512M) 35.309ms
[2020-08-01T12:06:15.738+0300][117.385s][info ][gc] GC(2618) Pause Young (Concurrent Start) (G1 Humongous Allocation) 168M->169M(512M) 16.704ms
[2020-08-01T12:06:15.739+0300][117.385s][info ][gc] GC(2619) Concurrent Cycle
[2020-08-01T12:06:15.753+0300][117.399s][debug][gc] GC(2619) Reclaimed 124 empty regions
[2020-08-01T12:06:15.753+0300][117.399s][info ][gc] GC(2619) Pause Remark 217M->93M(512M) 0.772ms
[2020-08-01T12:06:15.773+0300][117.419s][info ][gc] GC(2619) Pause Cleanup 142M->142M(512M) 0.058ms
[2020-08-01T12:06:15.773+0300][117.420s][info ][gc] GC(2619) Concurrent Cycle 34.861ms
[2020-08-01T12:06:15.812+0300][117.459s][info ][gc] GC(2620) Pause Young (Normal) (G1 Evacuation Pause) 155M->143M(512M) 34.036ms
[2020-08-01T12:06:15.887+0300][117.533s][info ][gc] GC(2621) Pause Young (Concurrent Start) (G1 Humongous Allocation) 168M->169M(512M) 39.982ms
[2020-08-01T12:06:15.887+0300][117.533s][info ][gc] GC(2622) Concurrent Cycle
[2020-08-01T12:06:15.905+0300][117.551s][debug][gc] GC(2622) Reclaimed 123 empty regions
[2020-08-01T12:06:15.905+0300][117.552s][info ][gc] GC(2622) Pause Remark 218M->95M(512M) 0.654ms
[2020-08-01T12:06:15.926+0300][117.572s][info ][gc] GC(2622) Pause Cleanup 144M->144M(512M) 0.069ms
[2020-08-01T12:06:15.926+0300][117.572s][info ][gc] GC(2622) Concurrent Cycle 39.235ms
[2020-08-01T12:06:15.964+0300][117.610s][info ][gc] GC(2623) Pause Young (Normal) (G1 Evacuation Pause) 156M->143M(512M) 33.212ms
[2020-08-01T12:06:16.030+0300][117.677s][info ][gc] GC(2624) Pause Young (Concurrent Start) (G1 Humongous Allocation) 168M->170M(512M) 42.477ms
[2020-08-01T12:06:16.030+0300][117.677s][info ][gc] GC(2625) Concurrent Cycle
[2020-08-01T12:06:16.048+0300][117.694s][debug][gc] GC(2625) Reclaimed 124 empty regions
[2020-08-01T12:06:16.048+0300][117.694s][info ][gc] GC(2625) Pause Remark 217M->93M(512M) 0.614ms
[2020-08-01T12:06:16.068+0300][117.715s][info ][gc] GC(2625) Pause Cleanup 143M->143M(512M) 0.056ms
[2020-08-01T12:06:16.069+0300][117.715s][info ][gc] GC(2625) Concurrent Cycle 38.300ms
[2020-08-01T12:06:16.108+0300][117.755s][info ][gc] GC(2626) Pause Young (Normal) (G1 Evacuation Pause) 156M->143M(512M) 34.224ms
[2020-08-01T12:06:16.190+0300][117.836s][info ][gc] GC(2627) Pause Young (Concurrent Start) (G1 Humongous Allocation) 168M->169M(512M) 47.027ms
[2020-08-01T12:06:16.190+0300][117.836s][info ][gc] GC(2628) Concurrent Cycle
[2020-08-01T12:06:16.208+0300][117.855s][debug][gc] GC(2628) Reclaimed 123 empty regions
[2020-08-01T12:06:16.208+0300][117.855s][info ][gc] GC(2628) Pause Remark 219M->96M(512M) 0.710ms
[2020-08-01T12:06:16.229+0300][117.875s][info ][gc] GC(2628) Pause Cleanup 146M->146M(512M) 0.066ms
[2020-08-01T12:06:16.229+0300][117.876s][info ][gc] GC(2628) Concurrent Cycle 39.156ms
[2020-08-01T12:06:16.270+0300][117.916s][info ][gc] GC(2629) Pause Young (Normal) (G1 Evacuation Pause) 156M->144M(512M) 36.746ms
[2020-08-01T12:06:16.346+0300][117.992s][info ][gc] GC(2630) Pause Young (Concurrent Start) (G1 Humongous Allocation) 169M->170M(512M) 46.833ms
[2020-08-01T12:06:16.346+0300][117.992s][info ][gc] GC(2631) Concurrent Cycle
[2020-08-01T12:06:16.363+0300][118.010s][debug][gc] GC(2631) Reclaimed 124 empty regions
[2020-08-01T12:06:16.363+0300][118.010s][info ][gc] GC(2631) Pause Remark 217M->93M(512M) 0.644ms
[2020-08-01T12:06:16.383+0300][118.030s][info ][gc] GC(2631) Pause Cleanup 142M->142M(512M) 0.058ms
[2020-08-01T12:06:16.384+0300][118.030s][info ][gc] GC(2631) Concurrent Cycle 37.946ms
[2020-08-01T12:06:16.423+0300][118.070s][info ][gc] GC(2632) Pause Young (Normal) (G1 Evacuation Pause) 156M->143M(512M) 33.940ms
[2020-08-01T12:06:16.469+0300][118.115s][info ][gc] GC(2633) Pause Young (Concurrent Start) (G1 Humongous Allocation) 168M->169M(512M) 15.141ms
[2020-08-01T12:06:16.469+0300][118.115s][info ][gc] GC(2634) Concurrent Cycle
[2020-08-01T12:06:16.485+0300][118.132s][debug][gc] GC(2634) Reclaimed 123 empty regions
[2020-08-01T12:06:16.485+0300][118.132s][info ][gc] GC(2634) Pause Remark 220M->97M(512M) 0.831ms
[2020-08-01T12:06:16.506+0300][118.152s][info ][gc] GC(2634) Pause Cleanup 148M->148M(512M) 0.061ms
[2020-08-01T12:06:16.506+0300][118.153s][info ][gc] GC(2634) Concurrent Cycle 37.344ms
[2020-08-01T12:06:16.543+0300][118.190s][info ][gc] GC(2635) Pause Young (Normal) (G1 Evacuation Pause) 156M->143M(512M) 33.785ms
[2020-08-01T12:06:16.623+0300][118.269s][info ][gc] GC(2636) Pause Young (Concurrent Start) (G1 Humongous Allocation) 168M->169M(512M) 45.150ms
[2020-08-01T12:06:16.623+0300][118.270s][info ][gc] GC(2637) Concurrent Cycle
[2020-08-01T12:06:16.641+0300][118.288s][debug][gc] GC(2637) Reclaimed 123 empty regions
[2020-08-01T12:06:16.641+0300][118.288s][info ][gc] GC(2637) Pause Remark 217M->94M(512M) 0.648ms
[2020-08-01T12:06:16.662+0300][118.309s][info ][gc] GC(2637) Pause Cleanup 144M->144M(512M) 0.063ms
[2020-08-01T12:06:16.663+0300][118.309s][info ][gc] GC(2637) Concurrent Cycle 39.950ms
[2020-08-01T12:06:16.703+0300][118.349s][info ][gc] GC(2638) Pause Young (Normal) (G1 Evacuation Pause) 156M->143M(512M) 35.371ms
[2020-08-01T12:06:16.778+0300][118.425s][info ][gc] GC(2639) Pause Young (Concurrent Start) (G1 Humongous Allocation) 168M->169M(512M) 45.227ms
[2020-08-01T12:06:16.778+0300][118.425s][info ][gc] GC(2640) Concurrent Cycle
[2020-08-01T12:06:16.797+0300][118.444s][debug][gc] GC(2640) Reclaimed 123 empty regions
[2020-08-01T12:06:16.797+0300][118.444s][info ][gc] GC(2640) Pause Remark 213M->90M(512M) 0.608ms
[2020-08-01T12:06:16.817+0300][118.463s][info ][gc] GC(2640) Pause Cleanup 138M->138M(512M) 0.062ms
[2020-08-01T12:06:16.817+0300][118.464s][info ][gc] GC(2640) Concurrent Cycle 39.173ms
[2020-08-01T12:06:16.858+0300][118.504s][info ][gc] GC(2641) Pause Young (Normal) (G1 Evacuation Pause) 156M->143M(512M) 33.515ms
[2020-08-01T12:06:16.904+0300][118.551s][info ][gc] GC(2642) Pause Young (Concurrent Start) (G1 Humongous Allocation) 168M->170M(512M) 15.630ms
[2020-08-01T12:06:16.904+0300][118.551s][info ][gc] GC(2643) Concurrent Cycle
[2020-08-01T12:06:16.920+0300][118.566s][debug][gc] GC(2643) Reclaimed 124 empty regions
[2020-08-01T12:06:16.920+0300][118.567s][info ][gc] GC(2643) Pause Remark 218M->94M(512M) 0.835ms
[2020-08-01T12:06:16.941+0300][118.587s][info ][gc] GC(2643) Pause Cleanup 144M->144M(512M) 0.061ms
[2020-08-01T12:06:16.941+0300][118.587s][info ][gc] GC(2643) Concurrent Cycle 36.596ms
[2020-08-01T12:06:16.980+0300][118.626s][info ][gc] GC(2644) Pause Young (Normal) (G1 Evacuation Pause) 156M->143M(512M) 34.055ms
[2020-08-01T12:06:17.028+0300][118.675s][info ][gc] GC(2645) Pause Young (Concurrent Start) (G1 Humongous Allocation) 168M->170M(512M) 15.481ms
[2020-08-01T12:06:17.028+0300][118.675s][info ][gc] GC(2646) Concurrent Cycle
[2020-08-01T12:06:17.042+0300][118.688s][debug][gc] GC(2646) Reclaimed 124 empty regions
[2020-08-01T12:06:17.042+0300][118.689s][info ][gc] GC(2646) Pause Remark 217M->93M(512M) 0.582ms
[2020-08-01T12:06:17.062+0300][118.708s][info ][gc] GC(2646) Pause Cleanup 142M->142M(512M) 0.083ms
[2020-08-01T12:06:17.063+0300][118.709s][info ][gc] GC(2646) Concurrent Cycle 34.531ms
[2020-08-01T12:06:17.103+0300][118.750s][info ][gc] GC(2647) Pause Young (Normal) (G1 Evacuation Pause) 156M->143M(512M) 35.542ms
[2020-08-01T12:06:17.183+0300][118.830s][info ][gc] GC(2648) Pause Young (Concurrent Start) (G1 Humongous Allocation) 168M->170M(512M) 47.141ms
[2020-08-01T12:06:17.183+0300][118.830s][info ][gc] GC(2649) Concurrent Cycle
[2020-08-01T12:06:17.201+0300][118.848s][debug][gc] GC(2649) Reclaimed 124 empty regions
[2020-08-01T12:06:17.201+0300][118.848s][info ][gc] GC(2649) Pause Remark 218M->94M(512M) 0.646ms
[2020-08-01T12:06:17.222+0300][118.868s][info ][gc] GC(2649) Pause Cleanup 144M->144M(512M) 0.056ms
[2020-08-01T12:06:17.222+0300][118.869s][info ][gc] GC(2649) Concurrent Cycle 38.884ms
[2020-08-01T12:06:17.262+0300][118.909s][info ][gc] GC(2650) Pause Young (Normal) (G1 Evacuation Pause) 156M->143M(512M) 35.399ms
[2020-08-01T12:06:17.318+0300][118.965s][info ][gc] GC(2651) Pause Young (Concurrent Start) (G1 Humongous Allocation) 168M->169M(512M) 26.526ms
[2020-08-01T12:06:17.318+0300][118.965s][info ][gc] GC(2652) Concurrent Cycle
[2020-08-01T12:06:17.334+0300][118.981s][debug][gc] GC(2652) Reclaimed 124 empty regions
[2020-08-01T12:06:17.335+0300][118.981s][info ][gc] GC(2652) Pause Remark 217M->93M(512M) 0.648ms
[2020-08-01T12:06:17.354+0300][119.001s][info ][gc] GC(2652) Pause Cleanup 142M->142M(512M) 0.061ms
[2020-08-01T12:06:17.355+0300][119.001s][info ][gc] GC(2652) Concurrent Cycle 36.297ms
[2020-08-01T12:06:17.395+0300][119.041s][info ][gc] GC(2653) Pause Young (Normal) (G1 Evacuation Pause) 155M->143M(512M) 35.042ms
[2020-08-01T12:06:17.432+0300][119.079s][info ][gc] GC(2654) Pause Young (Concurrent Start) (G1 Humongous Allocation) 168M->169M(512M) 16.562ms
[2020-08-01T12:06:17.432+0300][119.079s][info ][gc] GC(2655) Concurrent Cycle
[2020-08-01T12:06:17.446+0300][119.093s][debug][gc] GC(2655) Reclaimed 123 empty regions
[2020-08-01T12:06:17.446+0300][119.093s][info ][gc] GC(2655) Pause Remark 217M->94M(512M) 0.742ms
[2020-08-01T12:06:17.466+0300][119.113s][info ][gc] GC(2655) Pause Cleanup 144M->144M(512M) 0.062ms
[2020-08-01T12:06:17.467+0300][119.113s][info ][gc] GC(2655) Concurrent Cycle 34.479ms
[2020-08-01T12:06:17.504+0300][119.150s][info ][gc] GC(2656) Pause Young (Normal) (G1 Evacuation Pause) 156M->143M(512M) 32.871ms
[2020-08-01T12:06:17.579+0300][119.225s][info ][gc] GC(2657) Pause Young (Concurrent Start) (G1 Humongous Allocation) 168M->170M(512M) 39.811ms
[2020-08-01T12:06:17.579+0300][119.225s][info ][gc] GC(2658) Concurrent Cycle
[2020-08-01T12:06:17.596+0300][119.243s][debug][gc] GC(2658) Reclaimed 124 empty regions
[2020-08-01T12:06:17.596+0300][119.243s][info ][gc] GC(2658) Pause Remark 217M->93M(512M) 0.662ms
[2020-08-01T12:06:17.616+0300][119.263s][info ][gc] GC(2658) Pause Cleanup 143M->143M(512M) 0.060ms
[2020-08-01T12:06:17.617+0300][119.263s][info ][gc] GC(2658) Concurrent Cycle 38.219ms
[2020-08-01T12:06:17.656+0300][119.302s][info ][gc] GC(2659) Pause Young (Normal) (G1 Evacuation Pause) 156M->143M(512M) 33.883ms
[2020-08-01T12:06:17.694+0300][119.340s][info ][gc] GC(2660) Pause Young (Concurrent Start) (G1 Humongous Allocation) 168M->169M(512M) 15.002ms
[2020-08-01T12:06:17.694+0300][119.340s][info ][gc] GC(2661) Concurrent Cycle
[2020-08-01T12:06:17.707+0300][119.354s][debug][gc] GC(2661) Reclaimed 124 empty regions
[2020-08-01T12:06:17.707+0300][119.354s][info ][gc] GC(2661) Pause Remark 217M->93M(512M) 0.626ms
[2020-08-01T12:06:17.728+0300][119.374s][info ][gc] GC(2661) Pause Cleanup 143M->143M(512M) 0.100ms
[2020-08-01T12:06:17.728+0300][119.375s][info ][gc] GC(2661) Concurrent Cycle 34.530ms
[2020-08-01T12:06:17.767+0300][119.413s][info ][gc] GC(2662) Pause Young (Normal) (G1 Evacuation Pause) 155M->142M(512M) 34.172ms
[2020-08-01T12:06:17.854+0300][119.501s][info ][gc] GC(2663) Pause Young (Concurrent Start) (G1 Humongous Allocation) 167M->168M(512M) 52.193ms
[2020-08-01T12:06:17.854+0300][119.501s][info ][gc] GC(2664) Concurrent Cycle
[2020-08-01T12:06:17.874+0300][119.520s][debug][gc] GC(2664) Reclaimed 122 empty regions
[2020-08-01T12:06:17.874+0300][119.520s][info ][gc] GC(2664) Pause Remark 216M->94M(512M) 0.656ms
[2020-08-01T12:06:17.894+0300][119.540s][info ][gc] GC(2664) Pause Cleanup 143M->143M(512M) 0.064ms
[2020-08-01T12:06:17.895+0300][119.541s][info ][gc] GC(2664) Concurrent Cycle 40.251ms
[2020-08-01T12:06:17.934+0300][119.580s][info ][gc] GC(2665) Pause Young (Normal) (G1 Evacuation Pause) 156M->143M(512M) 33.975ms
[2020-08-01T12:06:17.988+0300][119.634s][info ][gc] GC(2666) Pause Young (Concurrent Start) (G1 Humongous Allocation) 168M->169M(512M) 30.190ms
[2020-08-01T12:06:17.988+0300][119.635s][info ][gc] GC(2667) Concurrent Cycle
[2020-08-01T12:06:18.004+0300][119.651s][debug][gc] GC(2667) Reclaimed 123 empty regions
[2020-08-01T12:06:18.004+0300][119.651s][info ][gc] GC(2667) Pause Remark 217M->94M(512M) 0.593ms
[2020-08-01T12:06:18.024+0300][119.671s][info ][gc] GC(2667) Pause Cleanup 144M->144M(512M) 0.058ms
[2020-08-01T12:06:18.025+0300][119.672s][info ][gc] GC(2667) Concurrent Cycle 36.971ms
[2020-08-01T12:06:18.063+0300][119.710s][info ][gc] GC(2668) Pause Young (Normal) (G1 Evacuation Pause) 156M->143M(512M) 33.741ms
[2020-08-01T12:06:18.148+0300][119.794s][info ][gc] GC(2669) Pause Young (Concurrent Start) (G1 Humongous Allocation) 168M->170M(512M) 49.870ms
[2020-08-01T12:06:18.148+0300][119.794s][info ][gc] GC(2670) Concurrent Cycle
[2020-08-01T12:06:18.166+0300][119.813s][debug][gc] GC(2670) Reclaimed 124 empty regions
[2020-08-01T12:06:18.166+0300][119.813s][info ][gc] GC(2670) Pause Remark 219M->95M(512M) 0.670ms
[2020-08-01T12:06:18.187+0300][119.834s][info ][gc] GC(2670) Pause Cleanup 147M->147M(512M) 0.059ms
[2020-08-01T12:06:18.188+0300][119.834s][info ][gc] GC(2670) Concurrent Cycle 40.191ms
[2020-08-01T12:06:18.225+0300][119.871s][info ][gc] GC(2671) Pause Young (Normal) (G1 Evacuation Pause) 156M->143M(512M) 33.392ms
[2020-08-01T12:06:18.269+0300][119.915s][info ][gc] GC(2672) Pause Young (Concurrent Start) (G1 Humongous Allocation) 168M->169M(512M) 14.975ms
[2020-08-01T12:06:18.269+0300][119.915s][info ][gc] GC(2673) Concurrent Cycle
[2020-08-01T12:06:18.284+0300][119.930s][debug][gc] GC(2673) Reclaimed 124 empty regions
[2020-08-01T12:06:18.284+0300][119.930s][info ][gc] GC(2673) Pause Remark 218M->94M(512M) 0.630ms
[2020-08-01T12:06:18.304+0300][119.950s][info ][gc] GC(2673) Pause Cleanup 143M->143M(512M) 0.077ms
[2020-08-01T12:06:18.304+0300][119.951s][info ][gc] GC(2673) Concurrent Cycle 35.388ms
[2020-08-01T12:06:18.343+0300][119.989s][info ][gc] GC(2674) Pause Young (Normal) (G1 Evacuation Pause) 155M->143M(512M) 33.927ms
[2020-08-01T12:06:18.380+0300][120.026s][info ][gc] GC(2675) Pause Young (Concurrent Start) (G1 Humongous Allocation) 168M->169M(512M) 16.927ms
[2020-08-01T12:06:18.380+0300][120.026s][info ][gc] GC(2676) Concurrent Cycle
[2020-08-01T12:06:18.393+0300][120.040s][debug][gc] GC(2676) Reclaimed 123 empty regions
[2020-08-01T12:06:18.394+0300][120.040s][info ][gc] GC(2676) Pause Remark 217M->94M(512M) 0.592ms
[2020-08-01T12:06:18.413+0300][120.060s][info ][gc] GC(2676) Pause Cleanup 143M->143M(512M) 0.061ms
[2020-08-01T12:06:18.414+0300][120.060s][info ][gc] GC(2676) Concurrent Cycle 34.092ms
[2020-08-01T12:06:18.453+0300][120.100s][info ][gc] GC(2677) Pause Young (Normal) (G1 Evacuation Pause) 156M->143M(512M) 34.417ms
[2020-08-01T12:06:18.505+0300][120.152s][info ][gc] GC(2678) Pause Young (Concurrent Start) (G1 Humongous Allocation) 168M->169M(512M) 17.638ms
[2020-08-01T12:06:18.505+0300][120.152s][info ][gc] GC(2679) Concurrent Cycle
[2020-08-01T12:06:18.519+0300][120.166s][debug][gc] GC(2679) Reclaimed 123 empty regions
[2020-08-01T12:06:18.519+0300][120.166s][info ][gc] GC(2679) Pause Remark 217M->94M(512M) 0.624ms
[2020-08-01T12:06:18.539+0300][120.186s][info ][gc] GC(2679) Pause Cleanup 145M->145M(512M) 0.060ms
[2020-08-01T12:06:18.540+0300][120.186s][info ][gc] GC(2679) Concurrent Cycle 34.512ms
[2020-08-01T12:06:18.578+0300][120.225s][info ][gc] GC(2680) Pause Young (Normal) (G1 Evacuation Pause) 156M->143M(512M) 34.390ms
[2020-08-01T12:06:18.654+0300][120.300s][info ][gc] GC(2681) Pause Young (Concurrent Start) (G1 Humongous Allocation) 168M->169M(512M) 42.155ms
[2020-08-01T12:06:18.654+0300][120.300s][info ][gc] GC(2682) Concurrent Cycle
[2020-08-01T12:06:18.674+0300][120.320s][debug][gc] GC(2682) Reclaimed 124 empty regions
[2020-08-01T12:06:18.674+0300][120.320s][info ][gc] GC(2682) Pause Remark 221M->97M(512M) 0.661ms
[2020-08-01T12:06:18.694+0300][120.341s][info ][gc] GC(2682) Pause Cleanup 148M->148M(512M) 0.058ms
[2020-08-01T12:06:18.695+0300][120.341s][info ][gc] GC(2682) Concurrent Cycle 40.828ms
[2020-08-01T12:06:18.732+0300][120.378s][info ][gc] GC(2683) Pause Young (Normal) (G1 Evacuation Pause) 155M->142M(512M) 34.182ms
[2020-08-01T12:06:18.785+0300][120.431s][info ][gc] GC(2684) Pause Young (Concurrent Start) (G1 Humongous Allocation) 167M->169M(512M) 32.141ms
[2020-08-01T12:06:18.785+0300][120.431s][info ][gc] GC(2685) Concurrent Cycle
[2020-08-01T12:06:18.801+0300][120.448s][debug][gc] GC(2685) Reclaimed 123 empty regions
[2020-08-01T12:06:18.801+0300][120.448s][info ][gc] GC(2685) Pause Remark 217M->94M(512M) 0.640ms
[2020-08-01T12:06:18.822+0300][120.468s][info ][gc] GC(2685) Pause Cleanup 143M->143M(512M) 0.067ms
[2020-08-01T12:06:18.822+0300][120.469s][info ][gc] GC(2685) Concurrent Cycle 37.261ms
[2020-08-01T12:06:18.861+0300][120.508s][info ][gc] GC(2686) Pause Young (Normal) (G1 Evacuation Pause) 156M->143M(512M) 34.091ms
[2020-08-01T12:06:18.941+0300][120.587s][info ][gc] GC(2687) Pause Young (Concurrent Start) (G1 Humongous Allocation) 168M->170M(512M) 46.727ms
[2020-08-01T12:06:18.941+0300][120.587s][info ][gc] GC(2688) Concurrent Cycle
[2020-08-01T12:06:18.959+0300][120.605s][debug][gc] GC(2688) Reclaimed 124 empty regions
[2020-08-01T12:06:18.959+0300][120.605s][info ][gc] GC(2688) Pause Remark 217M->93M(512M) 0.682ms
[2020-08-01T12:06:18.979+0300][120.625s][info ][gc] GC(2688) Pause Cleanup 142M->142M(512M) 0.057ms
[2020-08-01T12:06:18.979+0300][120.626s][info ][gc] GC(2688) Concurrent Cycle 38.615ms
[2020-08-01T12:06:19.018+0300][120.665s][info ][gc] GC(2689) Pause Young (Normal) (G1 Evacuation Pause) 156M->143M(512M) 33.772ms
[2020-08-01T12:06:19.063+0300][120.710s][info ][gc] GC(2690) Pause Young (Concurrent Start) (G1 Humongous Allocation) 168M->169M(512M) 14.744ms
[2020-08-01T12:06:19.063+0300][120.710s][info ][gc] GC(2691) Concurrent Cycle
[2020-08-01T12:06:19.077+0300][120.724s][debug][gc] GC(2691) Reclaimed 123 empty regions
[2020-08-01T12:06:19.077+0300][120.724s][info ][gc] GC(2691) Pause Remark 217M->94M(512M) 0.602ms
[2020-08-01T12:06:19.097+0300][120.744s][info ][gc] GC(2691) Pause Cleanup 145M->145M(512M) 0.061ms
[2020-08-01T12:06:19.098+0300][120.744s][info ][gc] GC(2691) Concurrent Cycle 34.540ms
[2020-08-01T12:06:19.136+0300][120.783s][info ][gc] GC(2692) Pause Young (Normal) (G1 Evacuation Pause) 156M->144M(512M) 33.846ms
[2020-08-01T12:06:19.192+0300][120.838s][info ][gc] GC(2693) Pause Young (Concurrent Start) (G1 Humongous Allocation) 169M->170M(512M) 33.858ms
[2020-08-01T12:06:19.192+0300][120.838s][info ][gc] GC(2694) Concurrent Cycle
[2020-08-01T12:06:19.208+0300][120.854s][debug][gc] GC(2694) Reclaimed 124 empty regions
[2020-08-01T12:06:19.208+0300][120.854s][info ][gc] GC(2694) Pause Remark 218M->94M(512M) 0.662ms
[2020-08-01T12:06:19.228+0300][120.875s][info ][gc] GC(2694) Pause Cleanup 144M->144M(512M) 0.064ms
[2020-08-01T12:06:19.229+0300][120.875s][info ][gc] GC(2694) Concurrent Cycle 37.190ms
[2020-08-01T12:06:19.268+0300][120.914s][info ][gc] GC(2695) Pause Young (Normal) (G1 Evacuation Pause) 156M->144M(512M) 34.288ms
[2020-08-01T12:06:19.346+0300][120.992s][info ][gc] GC(2696) Pause Young (Concurrent Start) (G1 Humongous Allocation) 169M->170M(512M) 47.836ms
[2020-08-01T12:06:19.346+0300][120.992s][info ][gc] GC(2697) Concurrent Cycle
[2020-08-01T12:06:19.364+0300][121.010s][debug][gc] GC(2697) Reclaimed 124 empty regions
[2020-08-01T12:06:19.364+0300][121.010s][info ][gc] GC(2697) Pause Remark 218M->94M(512M) 0.633ms
[2020-08-01T12:06:19.384+0300][121.031s][info ][gc] GC(2697) Pause Cleanup 142M->142M(512M) 0.061ms
[2020-08-01T12:06:19.385+0300][121.031s][info ][gc] GC(2697) Concurrent Cycle 38.951ms
[2020-08-01T12:06:19.423+0300][121.070s][info ][gc] GC(2698) Pause Young (Normal) (G1 Evacuation Pause) 156M->143M(512M) 33.222ms
[2020-08-01T12:06:19.495+0300][121.142s][info ][gc] GC(2699) Pause Young (Concurrent Start) (G1 Humongous Allocation) 168M->169M(512M) 41.229ms
[2020-08-01T12:06:19.495+0300][121.142s][info ][gc] GC(2700) Concurrent Cycle
[2020-08-01T12:06:19.514+0300][121.160s][debug][gc] GC(2700) Reclaimed 123 empty regions
[2020-08-01T12:06:19.514+0300][121.160s][info ][gc] GC(2700) Pause Remark 217M->94M(512M) 0.685ms
[2020-08-01T12:06:19.535+0300][121.181s][info ][gc] GC(2700) Pause Cleanup 140M->140M(512M) 0.072ms
[2020-08-01T12:06:19.535+0300][121.182s][info ][gc] GC(2700) Concurrent Cycle 39.928ms
[2020-08-01T12:06:19.576+0300][121.223s][info ][gc] GC(2701) Pause Young (Normal) (G1 Evacuation Pause) 156M->143M(512M) 34.496ms
[2020-08-01T12:06:19.625+0300][121.271s][info ][gc] GC(2702) Pause Young (Concurrent Start) (G1 Humongous Allocation) 168M->170M(512M) 15.221ms
[2020-08-01T12:06:19.625+0300][121.271s][info ][gc] GC(2703) Concurrent Cycle
[2020-08-01T12:06:19.641+0300][121.288s][debug][gc] GC(2703) Reclaimed 124 empty regions
[2020-08-01T12:06:19.641+0300][121.288s][info ][gc] GC(2703) Pause Remark 219M->95M(512M) 0.703ms
[2020-08-01T12:06:19.664+0300][121.310s][info ][gc] GC(2703) Pause Cleanup 146M->146M(512M) 0.064ms
[2020-08-01T12:06:19.664+0300][121.311s][info ][gc] GC(2703) Concurrent Cycle 39.223ms
[2020-08-01T12:06:19.704+0300][121.350s][info ][gc] GC(2704) Pause Young (Normal) (G1 Evacuation Pause) 156M->143M(512M) 35.543ms
[2020-08-01T12:06:19.748+0300][121.395s][info ][gc] GC(2705) Pause Young (Concurrent Start) (G1 Humongous Allocation) 168M->169M(512M) 15.628ms
[2020-08-01T12:06:19.748+0300][121.395s][info ][gc] GC(2706) Concurrent Cycle
[2020-08-01T12:06:19.762+0300][121.408s][debug][gc] GC(2706) Reclaimed 124 empty regions
[2020-08-01T12:06:19.762+0300][121.408s][info ][gc] GC(2706) Pause Remark 216M->92M(512M) 0.606ms
[2020-08-01T12:06:19.782+0300][121.428s][info ][gc] GC(2706) Pause Cleanup 142M->142M(512M) 0.059ms
[2020-08-01T12:06:19.782+0300][121.428s][info ][gc] GC(2706) Concurrent Cycle 33.639ms
[2020-08-01T12:06:19.821+0300][121.467s][info ][gc] GC(2707) Pause Young (Normal) (G1 Evacuation Pause) 155M->143M(512M) 33.675ms
[2020-08-01T12:06:19.886+0300][121.533s][info ][gc] GC(2708) Pause Young (Concurrent Start) (G1 Humongous Allocation) 168M->169M(512M) 42.537ms
[2020-08-01T12:06:19.886+0300][121.533s][info ][gc] GC(2709) Concurrent Cycle
[2020-08-01T12:06:19.904+0300][121.551s][debug][gc] GC(2709) Reclaimed 124 empty regions
[2020-08-01T12:06:19.904+0300][121.551s][info ][gc] GC(2709) Pause Remark 217M->93M(512M) 0.714ms
[2020-08-01T12:06:19.925+0300][121.571s][info ][gc] GC(2709) Pause Cleanup 143M->143M(512M) 0.063ms
[2020-08-01T12:06:19.925+0300][121.572s][info ][gc] GC(2709) Concurrent Cycle 38.808ms
[2020-08-01T12:06:19.964+0300][121.610s][info ][gc] GC(2710) Pause Young (Normal) (G1 Evacuation Pause) 155M->142M(512M) 33.875ms
[2020-08-01T12:06:20.033+0300][121.680s][info ][gc] GC(2711) Pause Young (Concurrent Start) (G1 Humongous Allocation) 167M->169M(512M) 36.633ms
[2020-08-01T12:06:20.034+0300][121.680s][info ][gc] GC(2712) Concurrent Cycle
[2020-08-01T12:06:20.052+0300][121.698s][debug][gc] GC(2712) Reclaimed 123 empty regions
[2020-08-01T12:06:20.052+0300][121.698s][info ][gc] GC(2712) Pause Remark 217M->94M(512M) 0.662ms
[2020-08-01T12:06:20.072+0300][121.718s][info ][gc] GC(2712) Pause Cleanup 142M->142M(512M) 0.061ms
[2020-08-01T12:06:20.073+0300][121.719s][info ][gc] GC(2712) Concurrent Cycle 38.930ms
[2020-08-01T12:06:20.112+0300][121.758s][info ][gc] GC(2713) Pause Young (Normal) (G1 Evacuation Pause) 156M->143M(512M) 34.210ms
[2020-08-01T12:06:20.180+0300][121.827s][info ][gc] GC(2714) Pause Young (Concurrent Start) (G1 Humongous Allocation) 168M->170M(512M) 43.066ms
[2020-08-01T12:06:20.180+0300][121.827s][info ][gc] GC(2715) Concurrent Cycle
[2020-08-01T12:06:20.198+0300][121.844s][debug][gc] GC(2715) Reclaimed 124 empty regions
[2020-08-01T12:06:20.198+0300][121.844s][info ][gc] GC(2715) Pause Remark 218M->94M(512M) 0.699ms
[2020-08-01T12:06:20.218+0300][121.865s][info ][gc] GC(2715) Pause Cleanup 144M->144M(512M) 0.060ms
[2020-08-01T12:06:20.219+0300][121.865s][info ][gc] GC(2715) Concurrent Cycle 38.894ms
[2020-08-01T12:06:20.257+0300][121.903s][info ][gc] GC(2716) Pause Young (Normal) (G1 Evacuation Pause) 156M->143M(512M) 33.529ms
[2020-08-01T12:06:20.293+0300][121.939s][info ][gc] GC(2717) Pause Young (Concurrent Start) (G1 Humongous Allocation) 168M->169M(512M) 15.181ms
[2020-08-01T12:06:20.293+0300][121.939s][info ][gc] GC(2718) Concurrent Cycle
[2020-08-01T12:06:20.306+0300][121.953s][debug][gc] GC(2718) Reclaimed 124 empty regions
[2020-08-01T12:06:20.306+0300][121.953s][info ][gc] GC(2718) Pause Remark 217M->93M(512M) 0.661ms
[2020-08-01T12:06:20.326+0300][121.972s][info ][gc] GC(2718) Pause Cleanup 142M->142M(512M) 0.056ms
[2020-08-01T12:06:20.327+0300][121.973s][info ][gc] GC(2718) Concurrent Cycle 33.673ms
[2020-08-01T12:06:20.365+0300][122.012s][info ][gc] GC(2719) Pause Young (Normal) (G1 Evacuation Pause) 155M->143M(512M) 33.900ms
[2020-08-01T12:06:20.403+0300][122.050s][info ][gc] GC(2720) Pause Young (Concurrent Start) (G1 Humongous Allocation) 168M->169M(512M) 16.789ms
[2020-08-01T12:06:20.404+0300][122.050s][info ][gc] GC(2721) Concurrent Cycle
[2020-08-01T12:06:20.418+0300][122.064s][debug][gc] GC(2721) Reclaimed 123 empty regions
[2020-08-01T12:06:20.418+0300][122.064s][info ][gc] GC(2721) Pause Remark 217M->94M(512M) 0.603ms
[2020-08-01T12:06:20.438+0300][122.084s][info ][gc] GC(2721) Pause Cleanup 144M->144M(512M) 0.064ms
[2020-08-01T12:06:20.438+0300][122.085s][info ][gc] GC(2721) Concurrent Cycle 34.705ms
[2020-08-01T12:06:20.477+0300][122.123s][info ][gc] GC(2722) Pause Young (Normal) (G1 Evacuation Pause) 156M->143M(512M) 33.975ms
[2020-08-01T12:06:20.527+0300][122.173s][info ][gc] GC(2723) Pause Young (Concurrent Start) (G1 Humongous Allocation) 168M->169M(512M) 17.142ms
[2020-08-01T12:06:20.527+0300][122.173s][info ][gc] GC(2724) Concurrent Cycle
[2020-08-01T12:06:20.542+0300][122.188s][debug][gc] GC(2724) Reclaimed 123 empty regions
[2020-08-01T12:06:20.542+0300][122.188s][info ][gc] GC(2724) Pause Remark 217M->94M(512M) 0.589ms
[2020-08-01T12:06:20.561+0300][122.208s][info ][gc] GC(2724) Pause Cleanup 143M->143M(512M) 0.065ms
[2020-08-01T12:06:20.562+0300][122.208s][info ][gc] GC(2724) Concurrent Cycle 34.888ms
[2020-08-01T12:06:20.600+0300][122.247s][info ][gc] GC(2725) Pause Young (Normal) (G1 Evacuation Pause) 156M->143M(512M) 33.701ms
[2020-08-01T12:06:20.683+0300][122.329s][info ][gc] GC(2726) Pause Young (Concurrent Start) (G1 Humongous Allocation) 168M->169M(512M) 50.052ms
[2020-08-01T12:06:20.683+0300][122.329s][info ][gc] GC(2727) Concurrent Cycle
[2020-08-01T12:06:20.702+0300][122.348s][debug][gc] GC(2727) Reclaimed 124 empty regions
[2020-08-01T12:06:20.702+0300][122.348s][info ][gc] GC(2727) Pause Remark 217M->93M(512M) 0.659ms
[2020-08-01T12:06:20.722+0300][122.369s][info ][gc] GC(2727) Pause Cleanup 143M->143M(512M) 0.057ms
[2020-08-01T12:06:20.723+0300][122.369s][info ][gc] GC(2727) Concurrent Cycle 39.883ms
[2020-08-01T12:06:20.761+0300][122.408s][info ][gc] GC(2728) Pause Young (Normal) (G1 Evacuation Pause) 155M->143M(512M) 33.874ms
[2020-08-01T12:06:20.804+0300][122.451s][info ][gc] GC(2729) Pause Young (Concurrent Start) (G1 Humongous Allocation) 168M->169M(512M) 14.730ms
[2020-08-01T12:06:20.804+0300][122.451s][info ][gc] GC(2730) Concurrent Cycle
[2020-08-01T12:06:20.818+0300][122.465s][debug][gc] GC(2730) Reclaimed 124 empty regions
[2020-08-01T12:06:20.818+0300][122.465s][info ][gc] GC(2730) Pause Remark 215M->91M(512M) 0.604ms
[2020-08-01T12:06:20.838+0300][122.485s][info ][gc] GC(2730) Pause Cleanup 140M->140M(512M) 0.081ms
[2020-08-01T12:06:20.839+0300][122.485s][info ][gc] GC(2730) Concurrent Cycle 34.226ms
[2020-08-01T12:06:20.879+0300][122.526s][info ][gc] GC(2731) Pause Young (Normal) (G1 Evacuation Pause) 155M->143M(512M) 35.082ms
[2020-08-01T12:06:20.963+0300][122.609s][info ][gc] GC(2732) Pause Young (Concurrent Start) (G1 Humongous Allocation) 168M->168M(512M) 49.015ms
[2020-08-01T12:06:20.963+0300][122.609s][info ][gc] GC(2733) Concurrent Cycle
[2020-08-01T12:06:20.981+0300][122.628s][debug][gc] GC(2733) Reclaimed 123 empty regions
[2020-08-01T12:06:20.981+0300][122.628s][info ][gc] GC(2733) Pause Remark 212M->89M(512M) 0.657ms
[2020-08-01T12:06:21.001+0300][122.648s][info ][gc] GC(2733) Pause Cleanup 137M->137M(512M) 0.070ms
[2020-08-01T12:06:21.002+0300][122.648s][info ][gc] GC(2733) Concurrent Cycle 39.075ms
[2020-08-01T12:06:21.043+0300][122.690s][info ][gc] GC(2734) Pause Young (Normal) (G1 Evacuation Pause) 155M->143M(512M) 34.052ms
[2020-08-01T12:06:21.084+0300][122.731s][info ][gc] GC(2735) Pause Young (Concurrent Start) (G1 Humongous Allocation) 168M->169M(512M) 15.732ms
[2020-08-01T12:06:21.085+0300][122.731s][info ][gc] GC(2736) Concurrent Cycle
[2020-08-01T12:06:21.099+0300][122.745s][debug][gc] GC(2736) Reclaimed 123 empty regions
[2020-08-01T12:06:21.099+0300][122.746s][info ][gc] GC(2736) Pause Remark 215M->92M(512M) 0.608ms
[2020-08-01T12:06:21.119+0300][122.765s][info ][gc] GC(2736) Pause Cleanup 142M->142M(512M) 0.066ms
[2020-08-01T12:06:21.120+0300][122.766s][info ][gc] GC(2736) Concurrent Cycle 35.217ms
[2020-08-01T12:06:21.160+0300][122.807s][info ][gc] GC(2737) Pause Young (Normal) (G1 Evacuation Pause) 156M->144M(512M) 34.693ms
[2020-08-01T12:06:21.234+0300][122.880s][info ][gc] GC(2738) Pause Young (Concurrent Start) (G1 Humongous Allocation) 169M->170M(512M) 41.047ms
[2020-08-01T12:06:21.234+0300][122.880s][info ][gc] GC(2739) Concurrent Cycle
[2020-08-01T12:06:21.251+0300][122.897s][debug][gc] GC(2739) Reclaimed 124 empty regions
[2020-08-01T12:06:21.251+0300][122.898s][info ][gc] GC(2739) Pause Remark 216M->92M(512M) 0.634ms
[2020-08-01T12:06:21.271+0300][122.918s][info ][gc] GC(2739) Pause Cleanup 141M->141M(512M) 0.058ms
[2020-08-01T12:06:21.272+0300][122.918s][info ][gc] GC(2739) Concurrent Cycle 37.710ms
[2020-08-01T12:06:21.311+0300][122.958s][info ][gc] GC(2740) Pause Young (Normal) (G1 Evacuation Pause) 156M->144M(512M) 34.151ms
[2020-08-01T12:06:21.373+0300][123.019s][info ][gc] GC(2741) Pause Young (Concurrent Start) (G1 Humongous Allocation) 169M->170M(512M) 40.073ms
[2020-08-01T12:06:21.373+0300][123.020s][info ][gc] GC(2742) Concurrent Cycle
[2020-08-01T12:06:21.391+0300][123.037s][debug][gc] GC(2742) Reclaimed 124 empty regions
[2020-08-01T12:06:21.391+0300][123.037s][info ][gc] GC(2742) Pause Remark 217M->93M(512M) 0.617ms
[2020-08-01T12:06:21.411+0300][123.057s][info ][gc] GC(2742) Pause Cleanup 143M->143M(512M) 0.062ms
[2020-08-01T12:06:21.411+0300][123.058s][info ][gc] GC(2742) Concurrent Cycle 38.310ms
[2020-08-01T12:06:21.450+0300][123.096s][info ][gc] GC(2743) Pause Young (Normal) (G1 Evacuation Pause) 156M->143M(512M) 33.662ms
[2020-08-01T12:06:21.502+0300][123.149s][info ][gc] GC(2744) Pause Young (Concurrent Start) (G1 Humongous Allocation) 168M->169M(512M) 29.660ms
[2020-08-01T12:06:21.503+0300][123.149s][info ][gc] GC(2745) Concurrent Cycle
[2020-08-01T12:06:21.519+0300][123.166s][debug][gc] GC(2745) Reclaimed 124 empty regions
[2020-08-01T12:06:21.519+0300][123.166s][info ][gc] GC(2745) Pause Remark 214M->90M(512M) 0.757ms
[2020-08-01T12:06:21.540+0300][123.187s][info ][gc] GC(2745) Pause Cleanup 138M->138M(512M) 0.056ms
[2020-08-01T12:06:21.541+0300][123.187s][info ][gc] GC(2745) Concurrent Cycle 38.023ms
[2020-08-01T12:06:21.581+0300][123.228s][info ][gc] GC(2746) Pause Young (Normal) (G1 Evacuation Pause) 155M->142M(512M) 33.972ms
[2020-08-01T12:06:21.618+0300][123.265s][info ][gc] GC(2747) Pause Young (Concurrent Start) (G1 Humongous Allocation) 167M->168M(512M) 15.695ms
[2020-08-01T12:06:21.618+0300][123.265s][info ][gc] GC(2748) Concurrent Cycle
[2020-08-01T12:06:21.633+0300][123.279s][debug][gc] GC(2748) Reclaimed 123 empty regions
[2020-08-01T12:06:21.633+0300][123.279s][info ][gc] GC(2748) Pause Remark 215M->92M(512M) 0.609ms
[2020-08-01T12:06:21.653+0300][123.300s][info ][gc] GC(2748) Pause Cleanup 140M->140M(512M) 0.092ms
[2020-08-01T12:06:21.654+0300][123.300s][info ][gc] GC(2748) Concurrent Cycle 35.573ms
[2020-08-01T12:06:21.695+0300][123.341s][info ][gc] GC(2749) Pause Young (Normal) (G1 Evacuation Pause) 155M->142M(512M) 35.060ms
[2020-08-01T12:06:21.736+0300][123.383s][info ][gc] GC(2750) Pause Young (Concurrent Start) (G1 Humongous Allocation) 167M->169M(512M) 14.757ms
[2020-08-01T12:06:21.736+0300][123.383s][info ][gc] GC(2751) Concurrent Cycle
[2020-08-01T12:06:21.750+0300][123.396s][debug][gc] GC(2751) Reclaimed 123 empty regions
[2020-08-01T12:06:21.750+0300][123.397s][info ][gc] GC(2751) Pause Remark 216M->93M(512M) 0.616ms
[2020-08-01T12:06:21.770+0300][123.416s][info ][gc] GC(2751) Pause Cleanup 143M->143M(512M) 0.075ms
[2020-08-01T12:06:21.770+0300][123.417s][info ][gc] GC(2751) Concurrent Cycle 33.808ms
[2020-08-01T12:06:21.809+0300][123.455s][info ][gc] GC(2752) Pause Young (Normal) (G1 Evacuation Pause) 156M->143M(512M) 33.311ms
[2020-08-01T12:06:21.865+0300][123.512s][info ][gc] GC(2753) Pause Young (Concurrent Start) (G1 Humongous Allocation) 168M->170M(512M) 34.389ms
[2020-08-01T12:06:21.865+0300][123.512s][info ][gc] GC(2754) Concurrent Cycle
[2020-08-01T12:06:21.882+0300][123.528s][debug][gc] GC(2754) Reclaimed 124 empty regions
[2020-08-01T12:06:21.882+0300][123.528s][info ][gc] GC(2754) Pause Remark 217M->93M(512M) 0.623ms
[2020-08-01T12:06:21.902+0300][123.548s][info ][gc] GC(2754) Pause Cleanup 142M->142M(512M) 0.060ms
[2020-08-01T12:06:21.902+0300][123.549s][info ][gc] GC(2754) Concurrent Cycle 36.945ms
[2020-08-01T12:06:21.942+0300][123.588s][info ][gc] GC(2755) Pause Young (Normal) (G1 Evacuation Pause) 156M->143M(512M) 33.814ms
[2020-08-01T12:06:22.003+0300][123.650s][info ][gc] GC(2756) Pause Young (Concurrent Start) (G1 Humongous Allocation) 168M->169M(512M) 32.678ms
[2020-08-01T12:06:22.004+0300][123.650s][info ][gc] GC(2757) Concurrent Cycle
[2020-08-01T12:06:22.020+0300][123.667s][debug][gc] GC(2757) Reclaimed 123 empty regions
[2020-08-01T12:06:22.020+0300][123.667s][info ][gc] GC(2757) Pause Remark 217M->94M(512M) 0.616ms
[2020-08-01T12:06:22.040+0300][123.687s][info ][gc] GC(2757) Pause Cleanup 144M->144M(512M) 0.058ms
[2020-08-01T12:06:22.041+0300][123.687s][info ][gc] GC(2757) Concurrent Cycle 37.297ms
[2020-08-01T12:06:22.079+0300][123.726s][info ][gc] GC(2758) Pause Young (Normal) (G1 Evacuation Pause) 156M->143M(512M) 33.943ms
[2020-08-01T12:06:22.161+0300][123.807s][info ][gc] GC(2759) Pause Young (Concurrent Start) (G1 Humongous Allocation) 168M->169M(512M) 48.780ms
[2020-08-01T12:06:22.161+0300][123.807s][info ][gc] GC(2760) Concurrent Cycle
[2020-08-01T12:06:22.179+0300][123.825s][debug][gc] GC(2760) Reclaimed 124 empty regions
[2020-08-01T12:06:22.179+0300][123.825s][info ][gc] GC(2760) Pause Remark 217M->93M(512M) 0.665ms
[2020-08-01T12:06:22.199+0300][123.845s][info ][gc] GC(2760) Pause Cleanup 142M->142M(512M) 0.060ms
[2020-08-01T12:06:22.199+0300][123.846s][info ][gc] GC(2760) Concurrent Cycle 38.620ms
[2020-08-01T12:06:22.239+0300][123.885s][info ][gc] GC(2761) Pause Young (Normal) (G1 Evacuation Pause) 155M->142M(512M) 34.332ms
[2020-08-01T12:06:22.304+0300][123.951s][info ][gc] GC(2762) Pause Young (Concurrent Start) (G1 Humongous Allocation) 167M->168M(512M) 38.205ms
[2020-08-01T12:06:22.304+0300][123.951s][info ][gc] GC(2763) Concurrent Cycle
[2020-08-01T12:06:22.321+0300][123.967s][debug][gc] GC(2763) Reclaimed 122 empty regions
[2020-08-01T12:06:22.321+0300][123.967s][info ][gc] GC(2763) Pause Remark 216M->94M(512M) 0.601ms
[2020-08-01T12:06:22.341+0300][123.987s][info ][gc] GC(2763) Pause Cleanup 144M->144M(512M) 0.057ms
[2020-08-01T12:06:22.341+0300][123.988s][info ][gc] GC(2763) Concurrent Cycle 36.919ms
[2020-08-01T12:06:22.379+0300][124.026s][info ][gc] GC(2764) Pause Young (Normal) (G1 Evacuation Pause) 156M->143M(512M) 33.415ms
[2020-08-01T12:06:22.422+0300][124.068s][info ][gc] GC(2765) Pause Young (Concurrent Start) (G1 Humongous Allocation) 168M->169M(512M) 15.020ms
[2020-08-01T12:06:22.422+0300][124.068s][info ][gc] GC(2766) Concurrent Cycle
[2020-08-01T12:06:22.435+0300][124.082s][debug][gc] GC(2766) Reclaimed 123 empty regions
[2020-08-01T12:06:22.435+0300][124.082s][info ][gc] GC(2766) Pause Remark 216M->93M(512M) 0.581ms
[2020-08-01T12:06:22.455+0300][124.101s][info ][gc] GC(2766) Pause Cleanup 143M->143M(512M) 0.062ms
[2020-08-01T12:06:22.455+0300][124.102s][info ][gc] GC(2766) Concurrent Cycle 33.605ms
[2020-08-01T12:06:22.494+0300][124.141s][info ][gc] GC(2767) Pause Young (Normal) (G1 Evacuation Pause) 156M->144M(512M) 33.890ms
[2020-08-01T12:06:22.534+0300][124.181s][info ][gc] GC(2768) Pause Young (Concurrent Start) (G1 Humongous Allocation) 169M->169M(512M) 17.673ms
[2020-08-01T12:06:22.534+0300][124.181s][info ][gc] GC(2769) Concurrent Cycle
[2020-08-01T12:06:22.548+0300][124.195s][debug][gc] GC(2769) Reclaimed 124 empty regions
[2020-08-01T12:06:22.548+0300][124.195s][info ][gc] GC(2769) Pause Remark 216M->92M(512M) 0.576ms
[2020-08-01T12:06:22.568+0300][124.214s][info ][gc] GC(2769) Pause Cleanup 141M->141M(512M) 0.060ms
[2020-08-01T12:06:22.569+0300][124.215s][info ][gc] GC(2769) Concurrent Cycle 34.119ms
[2020-08-01T12:06:22.608+0300][124.254s][info ][gc] GC(2770) Pause Young (Normal) (G1 Evacuation Pause) 155M->143M(512M) 33.833ms
[2020-08-01T12:06:22.644+0300][124.290s][info ][gc] GC(2771) Pause Young (Concurrent Start) (G1 Humongous Allocation) 168M->169M(512M) 15.458ms
[2020-08-01T12:06:22.644+0300][124.291s][info ][gc] GC(2772) Concurrent Cycle
[2020-08-01T12:06:22.660+0300][124.306s][debug][gc] GC(2772) Reclaimed 123 empty regions
[2020-08-01T12:06:22.660+0300][124.306s][info ][gc] GC(2772) Pause Remark 219M->96M(512M) 0.620ms
[2020-08-01T12:06:22.680+0300][124.326s][info ][gc] GC(2772) Pause Cleanup 147M->147M(512M) 0.062ms
[2020-08-01T12:06:22.680+0300][124.327s][info ][gc] GC(2772) Concurrent Cycle 36.158ms
[2020-08-01T12:06:22.718+0300][124.364s][info ][gc] GC(2773) Pause Young (Normal) (G1 Evacuation Pause) 156M->143M(512M) 34.278ms
[2020-08-01T12:06:22.766+0300][124.412s][info ][gc] GC(2774) Pause Young (Concurrent Start) (G1 Humongous Allocation) 168M->168M(512M) 26.407ms
[2020-08-01T12:06:22.766+0300][124.413s][info ][gc] GC(2775) Concurrent Cycle
[2020-08-01T12:06:22.782+0300][124.428s][debug][gc] GC(2775) Reclaimed 123 empty regions
[2020-08-01T12:06:22.782+0300][124.428s][info ][gc] GC(2775) Pause Remark 216M->93M(512M) 0.583ms
[2020-08-01T12:06:22.801+0300][124.448s][info ][gc] GC(2775) Pause Cleanup 143M->143M(512M) 0.062ms
[2020-08-01T12:06:22.802+0300][124.448s][info ][gc] GC(2775) Concurrent Cycle 35.596ms
[2020-08-01T12:06:22.840+0300][124.486s][info ][gc] GC(2776) Pause Young (Normal) (G1 Evacuation Pause) 155M->143M(512M) 33.607ms
[2020-08-01T12:06:22.876+0300][124.523s][info ][gc] GC(2777) Pause Young (Concurrent Start) (G1 Humongous Allocation) 168M->169M(512M) 15.622ms
[2020-08-01T12:06:22.876+0300][124.523s][info ][gc] GC(2778) Concurrent Cycle
[2020-08-01T12:06:22.891+0300][124.538s][debug][gc] GC(2778) Reclaimed 123 empty regions
[2020-08-01T12:06:22.891+0300][124.538s][info ][gc] GC(2778) Pause Remark 218M->95M(512M) 0.744ms
[2020-08-01T12:06:22.912+0300][124.558s][info ][gc] GC(2778) Pause Cleanup 144M->144M(512M) 0.061ms
[2020-08-01T12:06:22.912+0300][124.559s][info ][gc] GC(2778) Concurrent Cycle 35.974ms
[2020-08-01T12:06:22.952+0300][124.598s][info ][gc] GC(2779) Pause Young (Normal) (G1 Evacuation Pause) 156M->144M(512M) 35.273ms
[2020-08-01T12:06:22.990+0300][124.636s][info ][gc] GC(2780) Pause Young (Concurrent Start) (G1 Humongous Allocation) 169M->170M(512M) 16.236ms
[2020-08-01T12:06:22.990+0300][124.636s][info ][gc] GC(2781) Concurrent Cycle
[2020-08-01T12:06:23.005+0300][124.651s][debug][gc] GC(2781) Reclaimed 124 empty regions
[2020-08-01T12:06:23.005+0300][124.652s][info ][gc] GC(2781) Pause Remark 215M->91M(512M) 0.650ms
[2020-08-01T12:06:23.025+0300][124.671s][info ][gc] GC(2781) Pause Cleanup 135M->135M(512M) 0.087ms
[2020-08-01T12:06:23.025+0300][124.672s][info ][gc] GC(2781) Concurrent Cycle 35.480ms
[2020-08-01T12:06:23.068+0300][124.714s][info ][gc] GC(2782) Pause Young (Normal) (G1 Evacuation Pause) 156M->144M(512M) 34.714ms
[2020-08-01T12:06:23.117+0300][124.763s][info ][gc] GC(2783) Pause Young (Concurrent Start) (G1 Humongous Allocation) 169M->170M(512M) 26.287ms
[2020-08-01T12:06:23.117+0300][124.763s][info ][gc] GC(2784) Concurrent Cycle
[2020-08-01T12:06:23.133+0300][124.779s][debug][gc] GC(2784) Reclaimed 124 empty regions
[2020-08-01T12:06:23.133+0300][124.779s][info ][gc] GC(2784) Pause Remark 215M->91M(512M) 0.649ms
[2020-08-01T12:06:23.153+0300][124.799s][info ][gc] GC(2784) Pause Cleanup 140M->140M(512M) 0.083ms
[2020-08-01T12:06:23.154+0300][124.800s][info ][gc] GC(2784) Concurrent Cycle 36.778ms
[2020-08-01T12:06:23.195+0300][124.841s][info ][gc] GC(2785) Pause Young (Normal) (G1 Evacuation Pause) 156M->143M(512M) 34.688ms
[2020-08-01T12:06:23.255+0300][124.902s][info ][gc] GC(2786) Pause Young (Concurrent Start) (G1 Humongous Allocation) 168M->169M(512M) 38.361ms
[2020-08-01T12:06:23.255+0300][124.902s][info ][gc] GC(2787) Concurrent Cycle
[2020-08-01T12:06:23.272+0300][124.919s][debug][gc] GC(2787) Reclaimed 124 empty regions
[2020-08-01T12:06:23.272+0300][124.919s][info ][gc] GC(2787) Pause Remark 216M->92M(512M) 0.592ms
[2020-08-01T12:06:23.293+0300][124.939s][info ][gc] GC(2787) Pause Cleanup 142M->142M(512M) 0.063ms
[2020-08-01T12:06:23.293+0300][124.939s][info ][gc] GC(2787) Concurrent Cycle 37.815ms
[2020-08-01T12:06:23.334+0300][124.980s][info ][gc] GC(2788) Pause Young (Normal) (G1 Evacuation Pause) 155M->142M(512M) 35.518ms
[2020-08-01T12:06:23.387+0300][125.033s][info ][gc] GC(2789) Pause Young (Concurrent Start) (G1 Humongous Allocation) 167M->168M(512M) 31.229ms
[2020-08-01T12:06:23.387+0300][125.033s][info ][gc] GC(2790) Concurrent Cycle
[2020-08-01T12:06:23.403+0300][125.049s][debug][gc] GC(2790) Reclaimed 123 empty regions
[2020-08-01T12:06:23.403+0300][125.049s][info ][gc] GC(2790) Pause Remark 216M->93M(512M) 0.827ms
[2020-08-01T12:06:23.423+0300][125.069s][info ][gc] GC(2790) Pause Cleanup 143M->143M(512M) 0.061ms
[2020-08-01T12:06:23.423+0300][125.070s][info ][gc] GC(2790) Concurrent Cycle 36.147ms
[2020-08-01T12:06:23.461+0300][125.108s][info ][gc] GC(2791) Pause Young (Normal) (G1 Evacuation Pause) 155M->143M(512M) 33.250ms
[2020-08-01T12:06:23.497+0300][125.143s][info ][gc] GC(2792) Pause Young (Concurrent Start) (G1 Humongous Allocation) 168M->169M(512M) 15.083ms
[2020-08-01T12:06:23.497+0300][125.143s][info ][gc] GC(2793) Concurrent Cycle
[2020-08-01T12:06:23.512+0300][125.158s][debug][gc] GC(2793) Reclaimed 123 empty regions
[2020-08-01T12:06:23.512+0300][125.158s][info ][gc] GC(2793) Pause Remark 217M->94M(512M) 0.751ms
[2020-08-01T12:06:23.532+0300][125.178s][info ][gc] GC(2793) Pause Cleanup 140M->140M(512M) 0.063ms
[2020-08-01T12:06:23.533+0300][125.179s][info ][gc] GC(2793) Concurrent Cycle 35.877ms
[2020-08-01T12:06:23.574+0300][125.220s][info ][gc] GC(2794) Pause Young (Normal) (G1 Evacuation Pause) 156M->143M(512M) 34.162ms
[2020-08-01T12:06:23.650+0300][125.297s][info ][gc] GC(2795) Pause Young (Concurrent Start) (G1 Humongous Allocation) 168M->169M(512M) 42.439ms
[2020-08-01T12:06:23.650+0300][125.297s][info ][gc] GC(2796) Concurrent Cycle
[2020-08-01T12:06:23.667+0300][125.314s][debug][gc] GC(2796) Reclaimed 124 empty regions
[2020-08-01T12:06:23.667+0300][125.314s][info ][gc] GC(2796) Pause Remark 215M->91M(512M) 0.669ms
[2020-08-01T12:06:23.689+0300][125.335s][info ][gc] GC(2796) Pause Cleanup 142M->142M(512M) 0.067ms
[2020-08-01T12:06:23.690+0300][125.336s][info ][gc] GC(2796) Concurrent Cycle 39.254ms
[2020-08-01T12:06:23.729+0300][125.376s][info ][gc] GC(2797) Pause Young (Normal) (G1 Evacuation Pause) 155M->142M(512M) 34.481ms
[2020-08-01T12:06:23.807+0300][125.453s][info ][gc] GC(2798) Pause Young (Concurrent Start) (G1 Humongous Allocation) 167M->168M(512M) 44.671ms
[2020-08-01T12:06:23.807+0300][125.453s][info ][gc] GC(2799) Concurrent Cycle
[2020-08-01T12:06:23.825+0300][125.471s][debug][gc] GC(2799) Reclaimed 123 empty regions
[2020-08-01T12:06:23.825+0300][125.471s][info ][gc] GC(2799) Pause Remark 214M->91M(512M) 0.702ms
[2020-08-01T12:06:23.845+0300][125.492s][info ][gc] GC(2799) Pause Cleanup 141M->141M(512M) 0.059ms
[2020-08-01T12:06:23.846+0300][125.492s][info ][gc] GC(2799) Concurrent Cycle 39.174ms
[2020-08-01T12:06:23.886+0300][125.533s][info ][gc] GC(2800) Pause Young (Normal) (G1 Evacuation Pause) 155M->141M(512M) 34.866ms
[2020-08-01T12:06:23.966+0300][125.612s][info ][gc] GC(2801) Pause Young (Concurrent Start) (G1 Humongous Allocation) 166M->167M(512M) 47.680ms
[2020-08-01T12:06:23.966+0300][125.612s][info ][gc] GC(2802) Concurrent Cycle
[2020-08-01T12:06:23.984+0300][125.631s][debug][gc] GC(2802) Reclaimed 121 empty regions
[2020-08-01T12:06:23.984+0300][125.631s][info ][gc] GC(2802) Pause Remark 214M->93M(512M) 0.655ms
[2020-08-01T12:06:24.005+0300][125.651s][info ][gc] GC(2802) Pause Cleanup 140M->140M(512M) 0.102ms
[2020-08-01T12:06:24.005+0300][125.652s][info ][gc] GC(2802) Concurrent Cycle 39.620ms
[2020-08-01T12:06:24.046+0300][125.693s][info ][gc] GC(2803) Pause Young (Normal) (G1 Evacuation Pause) 157M->144M(512M) 34.677ms
[2020-08-01T12:06:24.106+0300][125.753s][info ][gc] GC(2804) Pause Young (Concurrent Start) (G1 Humongous Allocation) 168M->169M(512M) 31.623ms
[2020-08-01T12:06:24.107+0300][125.753s][info ][gc] GC(2805) Concurrent Cycle
[2020-08-01T12:06:24.123+0300][125.770s][debug][gc] GC(2805) Reclaimed 124 empty regions
[2020-08-01T12:06:24.123+0300][125.770s][info ][gc] GC(2805) Pause Remark 217M->93M(512M) 0.635ms
[2020-08-01T12:06:24.143+0300][125.790s][info ][gc] GC(2805) Pause Cleanup 141M->141M(512M) 0.066ms
[2020-08-01T12:06:24.144+0300][125.790s][info ][gc] GC(2805) Concurrent Cycle 37.385ms
[2020-08-01T12:06:24.185+0300][125.831s][info ][gc] GC(2806) Pause Young (Normal) (G1 Evacuation Pause) 155M->142M(512M) 35.316ms
[2020-08-01T12:06:24.238+0300][125.885s][info ][gc] GC(2807) Pause Young (Concurrent Start) (G1 Humongous Allocation) 167M->167M(512M) 24.558ms
[2020-08-01T12:06:24.238+0300][125.885s][info ][gc] GC(2808) Concurrent Cycle
[2020-08-01T12:06:24.255+0300][125.901s][debug][gc] GC(2808) Reclaimed 122 empty regions
[2020-08-01T12:06:24.255+0300][125.902s][info ][gc] GC(2808) Pause Remark 214M->92M(512M) 0.664ms
[2020-08-01T12:06:24.275+0300][125.922s][info ][gc] GC(2808) Pause Cleanup 140M->140M(512M) 0.062ms
[2020-08-01T12:06:24.276+0300][125.922s][info ][gc] GC(2808) Concurrent Cycle 37.591ms
[2020-08-01T12:06:24.317+0300][125.964s][info ][gc] GC(2809) Pause Young (Normal) (G1 Evacuation Pause) 156M->143M(512M) 35.420ms
[2020-08-01T12:06:24.367+0300][126.014s][info ][gc] GC(2810) Pause Young (Concurrent Start) (G1 Humongous Allocation) 167M->168M(512M) 28.519ms
[2020-08-01T12:06:24.367+0300][126.014s][info ][gc] GC(2811) Concurrent Cycle
[2020-08-01T12:06:24.383+0300][126.030s][debug][gc] GC(2811) Reclaimed 123 empty regions
[2020-08-01T12:06:24.383+0300][126.030s][info ][gc] GC(2811) Pause Remark 212M->89M(512M) 0.606ms
[2020-08-01T12:06:24.403+0300][126.050s][info ][gc] GC(2811) Pause Cleanup 136M->136M(512M) 0.096ms
[2020-08-01T12:06:24.404+0300][126.050s][info ][gc] GC(2811) Concurrent Cycle 36.410ms
[2020-08-01T12:06:24.446+0300][126.092s][info ][gc] GC(2812) Pause Young (Normal) (G1 Evacuation Pause) 155M->142M(512M) 34.346ms
[2020-08-01T12:06:24.517+0300][126.163s][info ][gc] GC(2813) Pause Young (Concurrent Start) (G1 Humongous Allocation) 167M->169M(512M) 38.194ms
[2020-08-01T12:06:24.517+0300][126.164s][info ][gc] GC(2814) Concurrent Cycle
[2020-08-01T12:06:24.536+0300][126.182s][debug][gc] GC(2814) Reclaimed 123 empty regions
[2020-08-01T12:06:24.536+0300][126.182s][info ][gc] GC(2814) Pause Remark 217M->94M(512M) 0.888ms
[2020-08-01T12:06:24.557+0300][126.203s][info ][gc] GC(2814) Pause Cleanup 142M->142M(512M) 0.058ms
[2020-08-01T12:06:24.557+0300][126.204s][info ][gc] GC(2814) Concurrent Cycle 40.312ms
[2020-08-01T12:06:24.597+0300][126.243s][info ][gc] GC(2815) Pause Young (Normal) (G1 Evacuation Pause) 156M->143M(512M) 34.108ms
[2020-08-01T12:06:24.634+0300][126.281s][info ][gc] GC(2816) Pause Young (Concurrent Start) (G1 Humongous Allocation) 168M->170M(512M) 15.668ms
[2020-08-01T12:06:24.634+0300][126.281s][info ][gc] GC(2817) Concurrent Cycle
[2020-08-01T12:06:24.651+0300][126.297s][debug][gc] GC(2817) Reclaimed 124 empty regions
[2020-08-01T12:06:24.651+0300][126.297s][info ][gc] GC(2817) Pause Remark 220M->96M(512M) 0.668ms
[2020-08-01T12:06:24.671+0300][126.317s][info ][gc] GC(2817) Pause Cleanup 147M->147M(512M) 0.065ms
[2020-08-01T12:06:24.671+0300][126.318s][info ][gc] GC(2817) Concurrent Cycle 36.956ms
[2020-08-01T12:06:24.710+0300][126.357s][info ][gc] GC(2818) Pause Young (Normal) (G1 Evacuation Pause) 156M->143M(512M) 35.312ms
[2020-08-01T12:06:24.758+0300][126.404s][info ][gc] GC(2819) Pause Young (Concurrent Start) (G1 Humongous Allocation) 168M->170M(512M) 14.896ms
[2020-08-01T12:06:24.758+0300][126.404s][info ][gc] GC(2820) Concurrent Cycle
[2020-08-01T12:06:24.772+0300][126.419s][debug][gc] GC(2820) Reclaimed 123 empty regions
[2020-08-01T12:06:24.773+0300][126.419s][info ][gc] GC(2820) Pause Remark 218M->95M(512M) 0.612ms
[2020-08-01T12:06:24.792+0300][126.439s][info ][gc] GC(2820) Pause Cleanup 144M->144M(512M) 0.081ms
[2020-08-01T12:06:24.793+0300][126.439s][info ][gc] GC(2820) Concurrent Cycle 35.366ms
[2020-08-01T12:06:24.833+0300][126.479s][info ][gc] GC(2821) Pause Young (Normal) (G1 Evacuation Pause) 157M->145M(512M) 34.846ms
[2020-08-01T12:06:24.882+0300][126.529s][info ][gc] GC(2822) Pause Young (Concurrent Start) (G1 Humongous Allocation) 170M->171M(512M) 15.466ms
[2020-08-01T12:06:24.882+0300][126.529s][info ][gc] GC(2823) Concurrent Cycle
[2020-08-01T12:06:24.897+0300][126.543s][debug][gc] GC(2823) Reclaimed 125 empty regions
[2020-08-01T12:06:24.897+0300][126.543s][info ][gc] GC(2823) Pause Remark 218M->93M(512M) 0.636ms
[2020-08-01T12:06:24.917+0300][126.564s][info ][gc] GC(2823) Pause Cleanup 142M->142M(512M) 0.064ms
[2020-08-01T12:06:24.918+0300][126.564s][info ][gc] GC(2823) Concurrent Cycle 35.794ms
[2020-08-01T12:06:24.960+0300][126.606s][info ][gc] GC(2824) Pause Young (Normal) (G1 Evacuation Pause) 156M->143M(512M) 36.248ms
[2020-08-01T12:06:25.006+0300][126.653s][info ][gc] GC(2825) Pause Young (Concurrent Start) (G1 Humongous Allocation) 168M->170M(512M) 15.624ms
[2020-08-01T12:06:25.006+0300][126.653s][info ][gc] GC(2826) Concurrent Cycle
[2020-08-01T12:06:25.021+0300][126.667s][debug][gc] GC(2826) Reclaimed 123 empty regions
[2020-08-01T12:06:25.021+0300][126.667s][info ][gc] GC(2826) Pause Remark 218M->95M(512M) 0.636ms
[2020-08-01T12:06:25.041+0300][126.687s][info ][gc] GC(2826) Pause Cleanup 142M->142M(512M) 0.063ms
[2020-08-01T12:06:25.041+0300][126.688s][info ][gc] GC(2826) Concurrent Cycle 34.810ms
[2020-08-01T12:06:25.082+0300][126.728s][info ][gc] GC(2827) Pause Young (Normal) (G1 Evacuation Pause) 157M->144M(512M) 34.616ms
[2020-08-01T12:06:25.151+0300][126.798s][info ][gc] GC(2828) Pause Young (Concurrent Start) (G1 Humongous Allocation) 169M->170M(512M) 36.223ms
[2020-08-01T12:06:25.151+0300][126.798s][info ][gc] GC(2829) Concurrent Cycle
[2020-08-01T12:06:25.169+0300][126.815s][debug][gc] GC(2829) Reclaimed 125 empty regions
[2020-08-01T12:06:25.169+0300][126.815s][info ][gc] GC(2829) Pause Remark 217M->92M(512M) 0.731ms
[2020-08-01T12:06:25.189+0300][126.836s][info ][gc] GC(2829) Pause Cleanup 140M->140M(512M) 0.055ms
[2020-08-01T12:06:25.190+0300][126.836s][info ][gc] GC(2829) Concurrent Cycle 38.641ms
[2020-08-01T12:06:25.230+0300][126.876s][info ][gc] GC(2830) Pause Young (Normal) (G1 Evacuation Pause) 155M->143M(512M) 33.993ms
[2020-08-01T12:06:25.271+0300][126.917s][info ][gc] GC(2831) Pause Young (Concurrent Start) (G1 Humongous Allocation) 168M->169M(512M) 15.954ms
[2020-08-01T12:06:25.271+0300][126.917s][info ][gc] GC(2832) Concurrent Cycle
[2020-08-01T12:06:25.285+0300][126.932s][debug][gc] GC(2832) Reclaimed 123 empty regions
[2020-08-01T12:06:25.286+0300][126.932s][info ][gc] GC(2832) Pause Remark 218M->95M(512M) 0.785ms
[2020-08-01T12:06:25.306+0300][126.952s][info ][gc] GC(2832) Pause Cleanup 143M->143M(512M) 0.060ms
[2020-08-01T12:06:25.306+0300][126.953s][info ][gc] GC(2832) Concurrent Cycle 35.670ms
[2020-08-01T12:06:25.345+0300][126.992s][info ][gc] GC(2833) Pause Young (Normal) (G1 Evacuation Pause) 156M->144M(512M) 33.987ms
[2020-08-01T12:06:25.428+0300][127.074s][info ][gc] GC(2834) Pause Young (Concurrent Start) (G1 Humongous Allocation) 169M->170M(512M) 47.705ms
[2020-08-01T12:06:25.428+0300][127.074s][info ][gc] GC(2835) Concurrent Cycle
[2020-08-01T12:06:25.446+0300][127.092s][debug][gc] GC(2835) Reclaimed 124 empty regions
[2020-08-01T12:06:25.446+0300][127.092s][info ][gc] GC(2835) Pause Remark 218M->94M(512M) 0.666ms
[2020-08-01T12:06:25.467+0300][127.113s][info ][gc] GC(2835) Pause Cleanup 144M->144M(512M) 0.058ms
[2020-08-01T12:06:25.467+0300][127.114s][info ][gc] GC(2835) Concurrent Cycle 39.496ms
[2020-08-01T12:06:25.505+0300][127.151s][info ][gc] GC(2836) Pause Young (Normal) (G1 Evacuation Pause) 156M->143M(512M) 33.215ms
[2020-08-01T12:06:25.550+0300][127.196s][info ][gc] GC(2837) Pause Young (Concurrent Start) (G1 Humongous Allocation) 168M->169M(512M) 15.118ms
[2020-08-01T12:06:25.550+0300][127.196s][info ][gc] GC(2838) Concurrent Cycle
[2020-08-01T12:06:25.566+0300][127.213s][debug][gc] GC(2838) Reclaimed 123 empty regions
[2020-08-01T12:06:25.566+0300][127.213s][info ][gc] GC(2838) Pause Remark 218M->95M(512M) 0.699ms
[2020-08-01T12:06:25.586+0300][127.233s][info ][gc] GC(2838) Pause Cleanup 146M->146M(512M) 0.086ms
[2020-08-01T12:06:25.587+0300][127.233s][info ][gc] GC(2838) Concurrent Cycle 36.999ms
[2020-08-01T12:06:25.624+0300][127.270s][info ][gc] GC(2839) Pause Young (Normal) (G1 Evacuation Pause) 156M->143M(512M) 33.233ms
[2020-08-01T12:06:25.674+0300][127.321s][info ][gc] GC(2840) Pause Young (Concurrent Start) (G1 Humongous Allocation) 169M->169M(512M) 15.787ms
[2020-08-01T12:06:25.674+0300][127.321s][info ][gc] GC(2841) Concurrent Cycle
[2020-08-01T12:06:25.689+0300][127.335s][debug][gc] GC(2841) Reclaimed 124 empty regions
[2020-08-01T12:06:25.689+0300][127.336s][info ][gc] GC(2841) Pause Remark 215M->91M(512M) 0.624ms
[2020-08-01T12:06:25.709+0300][127.355s][info ][gc] GC(2841) Pause Cleanup 139M->139M(512M) 0.086ms
[2020-08-01T12:06:25.709+0300][127.356s][info ][gc] GC(2841) Concurrent Cycle 34.998ms
[2020-08-01T12:06:25.751+0300][127.398s][info ][gc] GC(2842) Pause Young (Normal) (G1 Evacuation Pause) 155M->143M(512M) 35.802ms
[2020-08-01T12:06:25.799+0300][127.445s][info ][gc] GC(2843) Pause Young (Concurrent Start) (G1 Humongous Allocation) 168M->168M(512M) 15.241ms
[2020-08-01T12:06:25.799+0300][127.445s][info ][gc] GC(2844) Concurrent Cycle
[2020-08-01T12:06:25.814+0300][127.460s][debug][gc] GC(2844) Reclaimed 123 empty regions
[2020-08-01T12:06:25.814+0300][127.460s][info ][gc] GC(2844) Pause Remark 217M->94M(512M) 0.595ms
[2020-08-01T12:06:25.833+0300][127.480s][info ][gc] GC(2844) Pause Cleanup 142M->142M(512M) 0.064ms
[2020-08-01T12:06:25.834+0300][127.480s][info ][gc] GC(2844) Concurrent Cycle 35.010ms
[2020-08-01T12:06:25.875+0300][127.522s][info ][gc] GC(2845) Pause Young (Normal) (G1 Evacuation Pause) 156M->144M(512M) 35.989ms
[2020-08-01T12:06:25.930+0300][127.576s][info ][gc] GC(2846) Pause Young (Concurrent Start) (G1 Humongous Allocation) 168M->169M(512M) 21.856ms
[2020-08-01T12:06:25.930+0300][127.576s][info ][gc] GC(2847) Concurrent Cycle
[2020-08-01T12:06:25.945+0300][127.591s][debug][gc] GC(2847) Reclaimed 123 empty regions
[2020-08-01T12:06:25.945+0300][127.591s][info ][gc] GC(2847) Pause Remark 216M->93M(512M) 0.654ms
[2020-08-01T12:06:25.965+0300][127.611s][info ][gc] GC(2847) Pause Cleanup 143M->143M(512M) 0.059ms
[2020-08-01T12:06:25.965+0300][127.612s][info ][gc] GC(2847) Concurrent Cycle 35.670ms
[2020-08-01T12:06:26.007+0300][127.654s][info ][gc] GC(2848) Pause Young (Normal) (G1 Evacuation Pause) 156M->143M(512M) 36.376ms
[2020-08-01T12:06:26.047+0300][127.693s][info ][gc] GC(2849) Pause Young (Concurrent Start) (G1 Humongous Allocation) 168M->169M(512M) 15.233ms
[2020-08-01T12:06:26.047+0300][127.693s][info ][gc] GC(2850) Concurrent Cycle
[2020-08-01T12:06:26.061+0300][127.707s][debug][gc] GC(2850) Reclaimed 124 empty regions
[2020-08-01T12:06:26.061+0300][127.707s][info ][gc] GC(2850) Pause Remark 217M->93M(512M) 0.620ms
[2020-08-01T12:06:26.081+0300][127.727s][info ][gc] GC(2850) Pause Cleanup 144M->144M(512M) 0.072ms
[2020-08-01T12:06:26.081+0300][127.728s][info ][gc] GC(2850) Concurrent Cycle 34.521ms
[2020-08-01T12:06:26.120+0300][127.766s][info ][gc] GC(2851) Pause Young (Normal) (G1 Evacuation Pause) 155M->142M(512M) 33.910ms
[2020-08-01T12:06:26.201+0300][127.847s][info ][gc] GC(2852) Pause Young (Concurrent Start) (G1 Humongous Allocation) 167M->168M(512M) 45.896ms
[2020-08-01T12:06:26.201+0300][127.847s][info ][gc] GC(2853) Concurrent Cycle
[2020-08-01T12:06:26.219+0300][127.865s][debug][gc] GC(2853) Reclaimed 122 empty regions
[2020-08-01T12:06:26.219+0300][127.865s][info ][gc] GC(2853) Pause Remark 217M->95M(512M) 0.639ms
[2020-08-01T12:06:26.239+0300][127.885s][info ][gc] GC(2853) Pause Cleanup 142M->142M(512M) 0.072ms
[2020-08-01T12:06:26.239+0300][127.886s][info ][gc] GC(2853) Concurrent Cycle 38.700ms
[2020-08-01T12:06:26.280+0300][127.927s][info ][gc] GC(2854) Pause Young (Normal) (G1 Evacuation Pause) 156M->143M(512M) 35.421ms
[2020-08-01T12:06:26.345+0300][127.992s][info ][gc] GC(2855) Pause Young (Concurrent Start) (G1 Humongous Allocation) 168M->170M(512M) 34.385ms
[2020-08-01T12:06:26.345+0300][127.992s][info ][gc] GC(2856) Concurrent Cycle
[2020-08-01T12:06:26.362+0300][128.008s][debug][gc] GC(2856) Reclaimed 124 empty regions
[2020-08-01T12:06:26.362+0300][128.008s][info ][gc] GC(2856) Pause Remark 218M->94M(512M) 0.666ms
[2020-08-01T12:06:26.382+0300][128.028s][info ][gc] GC(2856) Pause Cleanup 143M->143M(512M) 0.060ms
[2020-08-01T12:06:26.382+0300][128.028s][info ][gc] GC(2856) Concurrent Cycle 36.690ms
[2020-08-01T12:06:26.423+0300][128.069s][info ][gc] GC(2857) Pause Young (Normal) (G1 Evacuation Pause) 156M->143M(512M) 36.119ms
[2020-08-01T12:06:26.482+0300][128.128s][info ][gc] GC(2858) Pause Young (Concurrent Start) (G1 Humongous Allocation) 168M->169M(512M) 30.733ms
[2020-08-01T12:06:26.482+0300][128.128s][info ][gc] GC(2859) Concurrent Cycle
[2020-08-01T12:06:26.498+0300][128.144s][debug][gc] GC(2859) Reclaimed 124 empty regions
[2020-08-01T12:06:26.498+0300][128.145s][info ][gc] GC(2859) Pause Remark 217M->93M(512M) 0.646ms
[2020-08-01T12:06:26.518+0300][128.164s][info ][gc] GC(2859) Pause Cleanup 142M->142M(512M) 0.063ms
[2020-08-01T12:06:26.518+0300][128.164s][info ][gc] GC(2859) Concurrent Cycle 36.443ms
[2020-08-01T12:06:26.556+0300][128.203s][info ][gc] GC(2860) Pause Young (Normal) (G1 Evacuation Pause) 155M->142M(512M) 33.344ms
[2020-08-01T12:06:26.616+0300][128.263s][info ][gc] GC(2861) Pause Young (Concurrent Start) (G1 Humongous Allocation) 167M->169M(512M) 26.570ms
[2020-08-01T12:06:26.616+0300][128.263s][info ][gc] GC(2862) Concurrent Cycle
[2020-08-01T12:06:26.632+0300][128.278s][debug][gc] GC(2862) Reclaimed 123 empty regions
[2020-08-01T12:06:26.632+0300][128.279s][info ][gc] GC(2862) Pause Remark 214M->91M(512M) 0.581ms
[2020-08-01T12:06:26.653+0300][128.300s][info ][gc] GC(2862) Pause Cleanup 142M->142M(512M) 0.089ms
[2020-08-01T12:06:26.654+0300][128.300s][info ][gc] GC(2862) Concurrent Cycle 37.522ms
[2020-08-01T12:06:26.696+0300][128.342s][info ][gc] GC(2863) Pause Young (Normal) (G1 Evacuation Pause) 156M->143M(512M) 36.009ms
[2020-08-01T12:06:26.760+0300][128.406s][info ][gc] GC(2864) Pause Young (Concurrent Start) (G1 Humongous Allocation) 168M->170M(512M) 30.060ms
[2020-08-01T12:06:26.760+0300][128.406s][info ][gc] GC(2865) Concurrent Cycle
[2020-08-01T12:06:26.777+0300][128.423s][debug][gc] GC(2865) Reclaimed 123 empty regions
[2020-08-01T12:06:26.777+0300][128.423s][info ][gc] GC(2865) Pause Remark 217M->94M(512M) 0.725ms
[2020-08-01T12:06:26.797+0300][128.443s][info ][gc] GC(2865) Pause Cleanup 145M->145M(512M) 0.058ms
[2020-08-01T12:06:26.797+0300][128.444s][info ][gc] GC(2865) Concurrent Cycle 37.457ms
[2020-08-01T12:06:26.838+0300][128.484s][info ][gc] GC(2866) Pause Young (Normal) (G1 Evacuation Pause) 157M->144M(512M) 35.821ms
[2020-08-01T12:06:26.884+0300][128.531s][info ][gc] GC(2867) Pause Young (Concurrent Start) (G1 Humongous Allocation) 169M->170M(512M) 14.455ms
[2020-08-01T12:06:26.884+0300][128.531s][info ][gc] GC(2868) Concurrent Cycle
[2020-08-01T12:06:26.898+0300][128.545s][debug][gc] GC(2868) Reclaimed 123 empty regions
[2020-08-01T12:06:26.898+0300][128.545s][info ][gc] GC(2868) Pause Remark 218M->95M(512M) 0.626ms
[2020-08-01T12:06:26.918+0300][128.564s][info ][gc] GC(2868) Pause Cleanup 143M->143M(512M) 0.077ms
[2020-08-01T12:06:26.919+0300][128.565s][info ][gc] GC(2868) Concurrent Cycle 34.378ms
[2020-08-01T12:06:26.959+0300][128.605s][info ][gc] GC(2869) Pause Young (Normal) (G1 Evacuation Pause) 157M->144M(512M) 34.792ms
[2020-08-01T12:06:27.009+0300][128.656s][info ][gc] GC(2870) Pause Young (Concurrent Start) (G1 Humongous Allocation) 169M->170M(512M) 14.660ms
[2020-08-01T12:06:27.009+0300][128.656s][info ][gc] GC(2871) Concurrent Cycle
[2020-08-01T12:06:27.024+0300][128.671s][debug][gc] GC(2871) Reclaimed 124 empty regions
[2020-08-01T12:06:27.024+0300][128.671s][info ][gc] GC(2871) Pause Remark 219M->95M(512M) 0.566ms
[2020-08-01T12:06:27.044+0300][128.691s][info ][gc] GC(2871) Pause Cleanup 143M->143M(512M) 0.057ms
[2020-08-01T12:06:27.045+0300][128.691s][info ][gc] GC(2871) Concurrent Cycle 35.428ms
[2020-08-01T12:06:27.084+0300][128.730s][info ][gc] GC(2872) Pause Young (Normal) (G1 Evacuation Pause) 156M->144M(512M) 34.456ms
[2020-08-01T12:06:27.121+0300][128.768s][info ][gc] GC(2873) Pause Young (Concurrent Start) (G1 Humongous Allocation) 169M->171M(512M) 14.735ms
[2020-08-01T12:06:27.121+0300][128.768s][info ][gc] GC(2874) Concurrent Cycle
[2020-08-01T12:06:27.135+0300][128.781s][debug][gc] GC(2874) Reclaimed 124 empty regions
[2020-08-01T12:06:27.135+0300][128.781s][info ][gc] GC(2874) Pause Remark 219M->95M(512M) 0.649ms
[2020-08-01T12:06:27.154+0300][128.801s][info ][gc] GC(2874) Pause Cleanup 143M->143M(512M) 0.065ms
[2020-08-01T12:06:27.155+0300][128.801s][info ][gc] GC(2874) Concurrent Cycle 33.351ms
[2020-08-01T12:06:27.193+0300][128.840s][info ][gc] GC(2875) Pause Young (Normal) (G1 Evacuation Pause) 157M->144M(512M) 33.322ms
[2020-08-01T12:06:27.230+0300][128.877s][info ][gc] GC(2876) Pause Young (Concurrent Start) (G1 Humongous Allocation) 169M->170M(512M) 15.747ms
[2020-08-01T12:06:27.230+0300][128.877s][info ][gc] GC(2877) Concurrent Cycle
[2020-08-01T12:06:27.244+0300][128.891s][debug][gc] GC(2877) Reclaimed 123 empty regions
[2020-08-01T12:06:27.244+0300][128.891s][info ][gc] GC(2877) Pause Remark 218M->95M(512M) 0.610ms
[2020-08-01T12:06:27.265+0300][128.911s][info ][gc] GC(2877) Pause Cleanup 146M->146M(512M) 0.062ms
[2020-08-01T12:06:27.265+0300][128.912s][info ][gc] GC(2877) Concurrent Cycle 34.957ms
[2020-08-01T12:06:27.304+0300][128.950s][info ][gc] GC(2878) Pause Young (Normal) (G1 Evacuation Pause) 157M->145M(512M) 33.931ms
[2020-08-01T12:06:27.382+0300][129.029s][info ][gc] GC(2879) Pause Young (Concurrent Start) (G1 Humongous Allocation) 170M->172M(512M) 45.120ms
[2020-08-01T12:06:27.382+0300][129.029s][info ][gc] GC(2880) Concurrent Cycle
[2020-08-01T12:06:27.400+0300][129.047s][debug][gc] GC(2880) Reclaimed 124 empty regions
[2020-08-01T12:06:27.400+0300][129.047s][info ][gc] GC(2880) Pause Remark 221M->97M(512M) 0.651ms
[2020-08-01T12:06:27.421+0300][129.068s][info ][gc] GC(2880) Pause Cleanup 148M->148M(512M) 0.064ms
[2020-08-01T12:06:27.422+0300][129.068s][info ][gc] GC(2880) Concurrent Cycle 39.359ms
[2020-08-01T12:06:27.459+0300][129.106s][info ][gc] GC(2881) Pause Young (Normal) (G1 Evacuation Pause) 157M->144M(512M) 34.074ms
[2020-08-01T12:06:27.496+0300][129.142s][info ][gc] GC(2882) Pause Young (Concurrent Start) (G1 Humongous Allocation) 170M->171M(512M) 15.291ms
[2020-08-01T12:06:27.496+0300][129.142s][info ][gc] GC(2883) Concurrent Cycle
[2020-08-01T12:06:27.510+0300][129.156s][debug][gc] GC(2883) Reclaimed 123 empty regions
[2020-08-01T12:06:27.510+0300][129.156s][info ][gc] GC(2883) Pause Remark 219M->96M(512M) 0.609ms
[2020-08-01T12:06:27.530+0300][129.177s][info ][gc] GC(2883) Pause Cleanup 146M->146M(512M) 0.065ms
[2020-08-01T12:06:27.531+0300][129.177s][info ][gc] GC(2883) Concurrent Cycle 34.843ms
[2020-08-01T12:06:27.573+0300][129.220s][info ][gc] GC(2884) Pause Young (Normal) (G1 Evacuation Pause) 158M->145M(512M) 38.060ms
[2020-08-01T12:06:27.617+0300][129.264s][info ][gc] GC(2885) Pause Young (Concurrent Start) (G1 Humongous Allocation) 170M->171M(512M) 14.618ms
[2020-08-01T12:06:27.617+0300][129.264s][info ][gc] GC(2886) Concurrent Cycle
[2020-08-01T12:06:27.631+0300][129.278s][debug][gc] GC(2886) Reclaimed 125 empty regions
[2020-08-01T12:06:27.631+0300][129.278s][info ][gc] GC(2886) Pause Remark 219M->94M(512M) 0.630ms
[2020-08-01T12:06:27.652+0300][129.298s][info ][gc] GC(2886) Pause Cleanup 143M->143M(512M) 0.072ms
[2020-08-01T12:06:27.652+0300][129.299s][info ][gc] GC(2886) Concurrent Cycle 34.787ms
[2020-08-01T12:06:27.692+0300][129.338s][info ][gc] GC(2887) Pause Young (Normal) (G1 Evacuation Pause) 156M->143M(512M) 34.806ms
[2020-08-01T12:06:27.741+0300][129.387s][info ][gc] GC(2888) Pause Young (Concurrent Start) (G1 Humongous Allocation) 168M->170M(512M) 14.968ms
[2020-08-01T12:06:27.741+0300][129.387s][info ][gc] GC(2889) Concurrent Cycle
[2020-08-01T12:06:27.755+0300][129.402s][debug][gc] GC(2889) Reclaimed 123 empty regions
[2020-08-01T12:06:27.755+0300][129.402s][info ][gc] GC(2889) Pause Remark 219M->96M(512M) 0.579ms
[2020-08-01T12:06:27.775+0300][129.421s][info ][gc] GC(2889) Pause Cleanup 146M->146M(512M) 0.059ms
[2020-08-01T12:06:27.776+0300][129.422s][info ][gc] GC(2889) Concurrent Cycle 34.816ms
[2020-08-01T12:06:27.814+0300][129.460s][info ][gc] GC(2890) Pause Young (Normal) (G1 Evacuation Pause) 157M->144M(512M) 33.828ms
[2020-08-01T12:06:27.850+0300][129.497s][info ][gc] GC(2891) Pause Young (Concurrent Start) (G1 Humongous Allocation) 169M->170M(512M) 15.439ms
[2020-08-01T12:06:27.850+0300][129.497s][info ][gc] GC(2892) Concurrent Cycle
[2020-08-01T12:06:27.864+0300][129.510s][debug][gc] GC(2892) Reclaimed 124 empty regions
[2020-08-01T12:06:27.864+0300][129.510s][info ][gc] GC(2892) Pause Remark 218M->94M(512M) 0.608ms
[2020-08-01T12:06:27.884+0300][129.530s][info ][gc] GC(2892) Pause Cleanup 144M->144M(512M) 0.065ms
[2020-08-01T12:06:27.884+0300][129.531s][info ][gc] GC(2892) Concurrent Cycle 34.128ms
[2020-08-01T12:06:27.922+0300][129.569s][info ][gc] GC(2893) Pause Young (Normal) (G1 Evacuation Pause) 156M->144M(512M) 33.501ms
[2020-08-01T12:06:27.959+0300][129.605s][info ][gc] GC(2894) Pause Young (Concurrent Start) (G1 Humongous Allocation) 169M->170M(512M) 15.004ms
[2020-08-01T12:06:27.959+0300][129.605s][info ][gc] GC(2895) Concurrent Cycle
[2020-08-01T12:06:27.972+0300][129.619s][debug][gc] GC(2895) Reclaimed 123 empty regions
[2020-08-01T12:06:27.973+0300][129.619s][info ][gc] GC(2895) Pause Remark 217M->94M(512M) 0.609ms
[2020-08-01T12:06:27.993+0300][129.639s][info ][gc] GC(2895) Pause Cleanup 145M->145M(512M) 0.061ms
[2020-08-01T12:06:27.994+0300][129.640s][info ][gc] GC(2895) Concurrent Cycle 34.822ms
[2020-08-01T12:06:28.033+0300][129.679s][info ][gc] GC(2896) Pause Young (Normal) (G1 Evacuation Pause) 157M->144M(512M) 34.892ms
[2020-08-01T12:06:28.082+0300][129.729s][info ][gc] GC(2897) Pause Young (Concurrent Start) (G1 Humongous Allocation) 169M->170M(512M) 14.772ms
[2020-08-01T12:06:28.082+0300][129.729s][info ][gc] GC(2898) Concurrent Cycle
[2020-08-01T12:06:28.097+0300][129.743s][debug][gc] GC(2898) Reclaimed 124 empty regions
[2020-08-01T12:06:28.097+0300][129.743s][info ][gc] GC(2898) Pause Remark 218M->94M(512M) 0.583ms
[2020-08-01T12:06:28.117+0300][129.763s][info ][gc] GC(2898) Pause Cleanup 144M->144M(512M) 0.068ms
[2020-08-01T12:06:28.117+0300][129.764s][info ][gc] GC(2898) Concurrent Cycle 34.916ms
[2020-08-01T12:06:28.156+0300][129.802s][info ][gc] GC(2899) Pause Young (Normal) (G1 Evacuation Pause) 156M->143M(512M) 33.804ms
[2020-08-01T12:06:28.208+0300][129.855s][info ][gc] GC(2900) Pause Young (Concurrent Start) (G1 Humongous Allocation) 168M->170M(512M) 31.733ms
[2020-08-01T12:06:28.209+0300][129.855s][info ][gc] GC(2901) Concurrent Cycle
[2020-08-01T12:06:28.225+0300][129.872s][debug][gc] GC(2901) Reclaimed 123 empty regions
[2020-08-01T12:06:28.225+0300][129.872s][info ][gc] GC(2901) Pause Remark 217M->94M(512M) 0.658ms
[2020-08-01T12:06:28.245+0300][129.892s][info ][gc] GC(2901) Pause Cleanup 145M->145M(512M) 0.063ms
[2020-08-01T12:06:28.246+0300][129.892s][info ][gc] GC(2901) Concurrent Cycle 37.402ms
[2020-08-01T12:06:28.287+0300][129.933s][info ][gc] GC(2902) Pause Young (Normal) (G1 Evacuation Pause) 157M->144M(512M) 35.811ms
[2020-08-01T12:06:28.331+0300][129.978s][info ][gc] GC(2903) Pause Young (Concurrent Start) (G1 Humongous Allocation) 169M->171M(512M) 15.506ms
[2020-08-01T12:06:28.331+0300][129.978s][info ][gc] GC(2904) Concurrent Cycle
[2020-08-01T12:06:28.345+0300][129.992s][debug][gc] GC(2904) Reclaimed 124 empty regions
[2020-08-01T12:06:28.345+0300][129.992s][info ][gc] GC(2904) Pause Remark 218M->94M(512M) 0.578ms
[2020-08-01T12:06:28.365+0300][130.012s][info ][gc] GC(2904) Pause Cleanup 143M->143M(512M) 0.064ms
[2020-08-01T12:06:28.366+0300][130.012s][info ][gc] GC(2904) Concurrent Cycle 34.524ms
[2020-08-01T12:06:28.407+0300][130.053s][info ][gc] GC(2905) Pause Young (Normal) (G1 Evacuation Pause) 157M->144M(512M) 35.533ms
[2020-08-01T12:06:28.465+0300][130.111s][info ][gc] GC(2906) Pause Young (Concurrent Start) (G1 Humongous Allocation) 169M->170M(512M) 25.088ms
[2020-08-01T12:06:28.465+0300][130.111s][info ][gc] GC(2907) Concurrent Cycle
[2020-08-01T12:06:28.480+0300][130.127s][debug][gc] GC(2907) Reclaimed 123 empty regions
[2020-08-01T12:06:28.480+0300][130.127s][info ][gc] GC(2907) Pause Remark 217M->94M(512M) 0.583ms
[2020-08-01T12:06:28.500+0300][130.147s][info ][gc] GC(2907) Pause Cleanup 141M->141M(512M) 0.067ms
[2020-08-01T12:06:28.501+0300][130.147s][info ][gc] GC(2907) Concurrent Cycle 35.868ms
[2020-08-01T12:06:28.542+0300][130.188s][info ][gc] GC(2908) Pause Young (Normal) (G1 Evacuation Pause) 157M->144M(512M) 35.062ms
[2020-08-01T12:06:28.581+0300][130.228s][info ][gc] GC(2909) Pause Young (Concurrent Start) (G1 Humongous Allocation) 169M->170M(512M) 15.768ms
[2020-08-01T12:06:28.581+0300][130.228s][info ][gc] GC(2910) Concurrent Cycle
[2020-08-01T12:06:28.595+0300][130.242s][debug][gc] GC(2910) Reclaimed 124 empty regions
[2020-08-01T12:06:28.595+0300][130.242s][info ][gc] GC(2910) Pause Remark 219M->95M(512M) 0.575ms
[2020-08-01T12:06:28.615+0300][130.261s][info ][gc] GC(2910) Pause Cleanup 144M->144M(512M) 0.072ms
[2020-08-01T12:06:28.615+0300][130.262s][info ][gc] GC(2910) Concurrent Cycle 33.957ms
[2020-08-01T12:06:28.655+0300][130.302s][info ][gc] GC(2911) Pause Young (Normal) (G1 Evacuation Pause) 156M->143M(512M) 34.933ms
[2020-08-01T12:06:28.706+0300][130.353s][info ][gc] GC(2912) Pause Young (Concurrent Start) (G1 Humongous Allocation) 168M->170M(512M) 15.681ms
[2020-08-01T12:06:28.706+0300][130.353s][info ][gc] GC(2913) Concurrent Cycle
[2020-08-01T12:06:28.721+0300][130.367s][debug][gc] GC(2913) Reclaimed 123 empty regions
[2020-08-01T12:06:28.721+0300][130.367s][info ][gc] GC(2913) Pause Remark 218M->95M(512M) 0.611ms
[2020-08-01T12:06:28.741+0300][130.387s][info ][gc] GC(2913) Pause Cleanup 145M->145M(512M) 0.060ms
[2020-08-01T12:06:28.741+0300][130.388s][info ][gc] GC(2913) Concurrent Cycle 34.987ms
[2020-08-01T12:06:28.781+0300][130.428s][info ][gc] GC(2914) Pause Young (Normal) (G1 Evacuation Pause) 157M->144M(512M) 35.123ms
[2020-08-01T12:06:28.839+0300][130.486s][info ][gc] GC(2915) Pause Young (Concurrent Start) (G1 Humongous Allocation) 169M->170M(512M) 23.417ms
[2020-08-01T12:06:28.839+0300][130.486s][info ][gc] GC(2916) Concurrent Cycle
[2020-08-01T12:06:28.855+0300][130.501s][debug][gc] GC(2916) Reclaimed 124 empty regions
[2020-08-01T12:06:28.855+0300][130.501s][info ][gc] GC(2916) Pause Remark 218M->94M(512M) 0.697ms
[2020-08-01T12:06:28.875+0300][130.522s][info ][gc] GC(2916) Pause Cleanup 143M->143M(512M) 0.059ms
[2020-08-01T12:06:28.876+0300][130.522s][info ][gc] GC(2916) Concurrent Cycle 36.800ms
[2020-08-01T12:06:28.921+0300][130.568s][info ][gc] GC(2917) Pause Young (Normal) (G1 Evacuation Pause) 156M->144M(512M) 40.321ms
[2020-08-01T12:06:28.970+0300][130.617s][info ][gc] GC(2918) Pause Young (Concurrent Start) (G1 Humongous Allocation) 169M->170M(512M) 14.472ms
[2020-08-01T12:06:28.970+0300][130.617s][info ][gc] GC(2919) Concurrent Cycle
[2020-08-01T12:06:28.986+0300][130.632s][debug][gc] GC(2919) Reclaimed 123 empty regions
[2020-08-01T12:06:28.986+0300][130.632s][info ][gc] GC(2919) Pause Remark 218M->95M(512M) 0.590ms
[2020-08-01T12:06:29.006+0300][130.652s][info ][gc] GC(2919) Pause Cleanup 144M->144M(512M) 0.065ms
[2020-08-01T12:06:29.006+0300][130.652s][info ][gc] GC(2919) Concurrent Cycle 35.845ms
[2020-08-01T12:06:29.046+0300][130.692s][info ][gc] GC(2920) Pause Young (Normal) (G1 Evacuation Pause) 157M->144M(512M) 34.860ms
[2020-08-01T12:06:29.125+0300][130.771s][info ][gc] GC(2921) Pause Young (Concurrent Start) (G1 Humongous Allocation) 169M->171M(512M) 44.953ms
[2020-08-01T12:06:29.125+0300][130.772s][info ][gc] GC(2922) Concurrent Cycle
[2020-08-01T12:06:29.143+0300][130.790s][debug][gc] GC(2922) Reclaimed 124 empty regions
[2020-08-01T12:06:29.143+0300][130.790s][info ][gc] GC(2922) Pause Remark 218M->94M(512M) 0.669ms
[2020-08-01T12:06:29.164+0300][130.810s][info ][gc] GC(2922) Pause Cleanup 143M->143M(512M) 0.060ms
[2020-08-01T12:06:29.164+0300][130.810s][info ][gc] GC(2922) Concurrent Cycle 38.939ms
[2020-08-01T12:06:29.202+0300][130.848s][info ][gc] GC(2923) Pause Young (Normal) (G1 Evacuation Pause) 156M->143M(512M) 32.970ms
[2020-08-01T12:06:29.259+0300][130.905s][info ][gc] GC(2924) Pause Young (Concurrent Start) (G1 Humongous Allocation) 169M->170M(512M) 22.971ms
[2020-08-01T12:06:29.259+0300][130.905s][info ][gc] GC(2925) Concurrent Cycle
[2020-08-01T12:06:29.274+0300][130.920s][debug][gc] GC(2925) Reclaimed 122 empty regions
[2020-08-01T12:06:29.274+0300][130.920s][info ][gc] GC(2925) Pause Remark 218M->96M(512M) 0.593ms
[2020-08-01T12:06:29.294+0300][130.940s][info ][gc] GC(2925) Pause Cleanup 147M->147M(512M) 0.058ms
[2020-08-01T12:06:29.294+0300][130.941s][info ][gc] GC(2925) Concurrent Cycle 35.655ms
[2020-08-01T12:06:29.332+0300][130.979s][info ][gc] GC(2926) Pause Young (Normal) (G1 Evacuation Pause) 158M->145M(512M) 33.748ms
[2020-08-01T12:06:29.373+0300][131.020s][info ][gc] GC(2927) Pause Young (Concurrent Start) (G1 Humongous Allocation) 170M->171M(512M) 15.612ms
[2020-08-01T12:06:29.373+0300][131.020s][info ][gc] GC(2928) Concurrent Cycle
[2020-08-01T12:06:29.388+0300][131.034s][debug][gc] GC(2928) Reclaimed 124 empty regions
[2020-08-01T12:06:29.388+0300][131.034s][info ][gc] GC(2928) Pause Remark 220M->96M(512M) 0.692ms
[2020-08-01T12:06:29.408+0300][131.054s][info ][gc] GC(2928) Pause Cleanup 147M->147M(512M) 0.067ms
[2020-08-01T12:06:29.408+0300][131.055s][info ][gc] GC(2928) Concurrent Cycle 34.953ms
[2020-08-01T12:06:29.451+0300][131.097s][info ][gc] GC(2929) Pause Young (Normal) (G1 Evacuation Pause) 157M->144M(512M) 38.847ms
[2020-08-01T12:06:29.506+0300][131.153s][info ][gc] GC(2930) Pause Young (Concurrent Start) (G1 Humongous Allocation) 169M->170M(512M) 24.470ms
[2020-08-01T12:06:29.506+0300][131.153s][info ][gc] GC(2931) Concurrent Cycle
[2020-08-01T12:06:29.521+0300][131.167s][debug][gc] GC(2931) Reclaimed 124 empty regions
[2020-08-01T12:06:29.521+0300][131.167s][info ][gc] GC(2931) Pause Remark 217M->93M(512M) 0.670ms
[2020-08-01T12:06:29.542+0300][131.188s][info ][gc] GC(2931) Pause Cleanup 142M->142M(512M) 0.066ms
[2020-08-01T12:06:29.543+0300][131.189s][info ][gc] GC(2931) Concurrent Cycle 36.345ms
[2020-08-01T12:06:29.590+0300][131.236s][info ][gc] GC(2932) Pause Young (Normal) (G1 Evacuation Pause) 156M->143M(512M) 41.550ms
[2020-08-01T12:06:29.661+0300][131.307s][info ][gc] GC(2933) Pause Young (Concurrent Start) (G1 Humongous Allocation) 168M->169M(512M) 39.943ms
[2020-08-01T12:06:29.661+0300][131.308s][info ][gc] GC(2934) Concurrent Cycle
[2020-08-01T12:06:29.679+0300][131.326s][debug][gc] GC(2934) Reclaimed 122 empty regions
[2020-08-01T12:06:29.679+0300][131.326s][info ][gc] GC(2934) Pause Remark 216M->94M(512M) 0.666ms
[2020-08-01T12:06:29.700+0300][131.346s][info ][gc] GC(2934) Pause Cleanup 144M->144M(512M) 0.063ms
[2020-08-01T12:06:29.700+0300][131.347s][info ][gc] GC(2934) Concurrent Cycle 39.085ms
[2020-08-01T12:06:29.739+0300][131.385s][info ][gc] GC(2935) Pause Young (Normal) (G1 Evacuation Pause) 157M->144M(512M) 33.843ms
[2020-08-01T12:06:29.802+0300][131.448s][info ][gc] GC(2936) Pause Young (Concurrent Start) (G1 Humongous Allocation) 169M->170M(512M) 39.791ms
[2020-08-01T12:06:29.802+0300][131.448s][info ][gc] GC(2937) Concurrent Cycle
[2020-08-01T12:06:29.818+0300][131.465s][debug][gc] GC(2937) Reclaimed 124 empty regions
[2020-08-01T12:06:29.818+0300][131.465s][info ][gc] GC(2937) Pause Remark 216M->92M(512M) 0.637ms
[2020-08-01T12:06:29.838+0300][131.485s][info ][gc] GC(2937) Pause Cleanup 141M->141M(512M) 0.059ms
[2020-08-01T12:06:29.839+0300][131.485s][info ][gc] GC(2937) Concurrent Cycle 37.166ms
[2020-08-01T12:06:29.879+0300][131.525s][info ][gc] GC(2938) Pause Young (Normal) (G1 Evacuation Pause) 156M->144M(512M) 34.323ms
[2020-08-01T12:06:29.931+0300][131.577s][info ][gc] GC(2939) Pause Young (Concurrent Start) (G1 Humongous Allocation) 169M->170M(512M) 28.303ms
[2020-08-01T12:06:29.931+0300][131.578s][info ][gc] GC(2940) Concurrent Cycle
[2020-08-01T12:06:29.947+0300][131.594s][debug][gc] GC(2940) Reclaimed 124 empty regions
[2020-08-01T12:06:29.947+0300][131.594s][info ][gc] GC(2940) Pause Remark 218M->94M(512M) 0.671ms
[2020-08-01T12:06:29.968+0300][131.614s][info ][gc] GC(2940) Pause Cleanup 145M->145M(512M) 0.076ms
[2020-08-01T12:06:29.968+0300][131.615s][info ][gc] GC(2940) Concurrent Cycle 37.241ms
[2020-08-01T12:06:30.006+0300][131.653s][info ][gc] GC(2941) Pause Young (Normal) (G1 Evacuation Pause) 156M->143M(512M) 33.735ms
[2020-08-01T12:06:30.042+0300][131.688s][info ][gc] GC(2942) Pause Young (Concurrent Start) (G1 Humongous Allocation) 168M->170M(512M) 15.278ms
[2020-08-01T12:06:30.042+0300][131.688s][info ][gc] GC(2943) Concurrent Cycle
[2020-08-01T12:06:30.056+0300][131.702s][debug][gc] GC(2943) Reclaimed 123 empty regions
[2020-08-01T12:06:30.056+0300][131.702s][info ][gc] GC(2943) Pause Remark 218M->95M(512M) 0.581ms
[2020-08-01T12:06:30.076+0300][131.722s][info ][gc] GC(2943) Pause Cleanup 145M->145M(512M) 0.061ms
[2020-08-01T12:06:30.076+0300][131.723s][info ][gc] GC(2943) Concurrent Cycle 34.299ms
[2020-08-01T12:06:30.115+0300][131.761s][info ][gc] GC(2944) Pause Young (Normal) (G1 Evacuation Pause) 157M->144M(512M) 33.993ms
[2020-08-01T12:06:30.172+0300][131.818s][info ][gc] GC(2945) Pause Young (Concurrent Start) (G1 Humongous Allocation) 169M->170M(512M) 34.117ms
[2020-08-01T12:06:30.172+0300][131.818s][info ][gc] GC(2946) Concurrent Cycle
[2020-08-01T12:06:30.189+0300][131.835s][debug][gc] GC(2946) Reclaimed 124 empty regions
[2020-08-01T12:06:30.189+0300][131.835s][info ][gc] GC(2946) Pause Remark 218M->94M(512M) 0.653ms
[2020-08-01T12:06:30.209+0300][131.855s][info ][gc] GC(2946) Pause Cleanup 144M->144M(512M) 0.065ms
[2020-08-01T12:06:30.210+0300][131.856s][info ][gc] GC(2946) Concurrent Cycle 37.800ms
[2020-08-01T12:06:30.250+0300][131.896s][info ][gc] GC(2947) Pause Young (Normal) (G1 Evacuation Pause) 156M->143M(512M) 35.352ms
[2020-08-01T12:06:30.290+0300][131.936s][info ][gc] GC(2948) Pause Young (Concurrent Start) (G1 Humongous Allocation) 168M->170M(512M) 15.193ms
[2020-08-01T12:06:30.290+0300][131.936s][info ][gc] GC(2949) Concurrent Cycle
[2020-08-01T12:06:30.304+0300][131.950s][debug][gc] GC(2949) Reclaimed 123 empty regions
[2020-08-01T12:06:30.304+0300][131.950s][info ][gc] GC(2949) Pause Remark 219M->96M(512M) 0.695ms
[2020-08-01T12:06:30.324+0300][131.970s][info ][gc] GC(2949) Pause Cleanup 145M->145M(512M) 0.060ms
[2020-08-01T12:06:30.324+0300][131.971s][info ][gc] GC(2949) Concurrent Cycle 34.247ms
[2020-08-01T12:06:30.362+0300][132.008s][info ][gc] GC(2950) Pause Young (Normal) (G1 Evacuation Pause) 157M->144M(512M) 33.489ms
[2020-08-01T12:06:30.425+0300][132.071s][info ][gc] GC(2951) Pause Young (Concurrent Start) (G1 Humongous Allocation) 169M->170M(512M) 39.786ms
[2020-08-01T12:06:30.425+0300][132.071s][info ][gc] GC(2952) Concurrent Cycle
[2020-08-01T12:06:30.441+0300][132.088s][debug][gc] GC(2952) Reclaimed 123 empty regions
[2020-08-01T12:06:30.441+0300][132.088s][info ][gc] GC(2952) Pause Remark 218M->95M(512M) 0.607ms
[2020-08-01T12:06:30.462+0300][132.108s][info ][gc] GC(2952) Pause Cleanup 144M->144M(512M) 0.065ms
[2020-08-01T12:06:30.462+0300][132.108s][info ][gc] GC(2952) Concurrent Cycle 37.365ms
[2020-08-01T12:06:30.501+0300][132.147s][info ][gc] GC(2953) Pause Young (Normal) (G1 Evacuation Pause) 157M->144M(512M) 34.291ms
[2020-08-01T12:06:30.539+0300][132.186s][info ][gc] GC(2954) Pause Young (Concurrent Start) (G1 Humongous Allocation) 169M->170M(512M) 16.626ms
[2020-08-01T12:06:30.539+0300][132.186s][info ][gc] GC(2955) Concurrent Cycle
[2020-08-01T12:06:30.554+0300][132.200s][debug][gc] GC(2955) Reclaimed 124 empty regions
[2020-08-01T12:06:30.554+0300][132.200s][info ][gc] GC(2955) Pause Remark 218M->94M(512M) 0.861ms
[2020-08-01T12:06:30.574+0300][132.221s][info ][gc] GC(2955) Pause Cleanup 145M->145M(512M) 0.063ms
[2020-08-01T12:06:30.575+0300][132.221s][info ][gc] GC(2955) Concurrent Cycle 35.357ms
[2020-08-01T12:06:30.613+0300][132.259s][info ][gc] GC(2956) Pause Young (Normal) (G1 Evacuation Pause) 156M->143M(512M) 33.758ms
[2020-08-01T12:06:30.669+0300][132.315s][info ][gc] GC(2957) Pause Young (Concurrent Start) (G1 Humongous Allocation) 168M->169M(512M) 35.803ms
[2020-08-01T12:06:30.669+0300][132.315s][info ][gc] GC(2958) Concurrent Cycle
[2020-08-01T12:06:30.687+0300][132.333s][debug][gc] GC(2958) Reclaimed 123 empty regions
[2020-08-01T12:06:30.687+0300][132.333s][info ][gc] GC(2958) Pause Remark 216M->93M(512M) 0.610ms
[2020-08-01T12:06:30.708+0300][132.354s][info ][gc] GC(2958) Pause Cleanup 143M->143M(512M) 0.063ms
[2020-08-01T12:06:30.708+0300][132.355s][info ][gc] GC(2958) Concurrent Cycle 39.352ms
[2020-08-01T12:06:30.747+0300][132.394s][info ][gc] GC(2959) Pause Young (Normal) (G1 Evacuation Pause) 156M->143M(512M) 34.191ms
[2020-08-01T12:06:30.803+0300][132.449s][info ][gc] GC(2960) Pause Young (Concurrent Start) (G1 Humongous Allocation) 168M->170M(512M) 34.036ms
[2020-08-01T12:06:30.803+0300][132.449s][info ][gc] GC(2961) Concurrent Cycle
[2020-08-01T12:06:30.820+0300][132.466s][debug][gc] GC(2961) Reclaimed 123 empty regions
[2020-08-01T12:06:30.820+0300][132.466s][info ][gc] GC(2961) Pause Remark 219M->96M(512M) 0.830ms
[2020-08-01T12:06:30.840+0300][132.486s][info ][gc] GC(2961) Pause Cleanup 145M->145M(512M) 0.058ms
[2020-08-01T12:06:30.840+0300][132.487s][info ][gc] GC(2961) Concurrent Cycle 37.320ms
[2020-08-01T12:06:30.880+0300][132.526s][info ][gc] GC(2962) Pause Young (Normal) (G1 Evacuation Pause) 157M->145M(512M) 35.169ms
[2020-08-01T12:06:30.916+0300][132.563s][info ][gc] GC(2963) Pause Young (Concurrent Start) (G1 Humongous Allocation) 170M->171M(512M) 15.762ms
[2020-08-01T12:06:30.916+0300][132.563s][info ][gc] GC(2964) Concurrent Cycle
[2020-08-01T12:06:30.931+0300][132.577s][debug][gc] GC(2964) Reclaimed 124 empty regions
[2020-08-01T12:06:30.931+0300][132.577s][info ][gc] GC(2964) Pause Remark 219M->95M(512M) 0.597ms
[2020-08-01T12:06:30.951+0300][132.597s][info ][gc] GC(2964) Pause Cleanup 144M->144M(512M) 0.096ms
[2020-08-01T12:06:30.951+0300][132.598s][info ][gc] GC(2964) Concurrent Cycle 34.910ms
[2020-08-01T12:06:30.990+0300][132.636s][info ][gc] GC(2965) Pause Young (Normal) (G1 Evacuation Pause) 157M->145M(512M) 33.687ms
[2020-08-01T12:06:31.026+0300][132.672s][info ][gc] GC(2966) Pause Young (Concurrent Start) (G1 Humongous Allocation) 170M->171M(512M) 15.263ms
[2020-08-01T12:06:31.026+0300][132.672s][info ][gc] GC(2967) Concurrent Cycle
[2020-08-01T12:06:31.040+0300][132.686s][debug][gc] GC(2967) Reclaimed 124 empty regions
[2020-08-01T12:06:31.040+0300][132.686s][info ][gc] GC(2967) Pause Remark 219M->95M(512M) 0.587ms
[2020-08-01T12:06:31.060+0300][132.706s][info ][gc] GC(2967) Pause Cleanup 145M->145M(512M) 0.058ms
[2020-08-01T12:06:31.060+0300][132.707s][info ][gc] GC(2967) Concurrent Cycle 34.159ms
[2020-08-01T12:06:31.098+0300][132.745s][info ][gc] GC(2968) Pause Young (Normal) (G1 Evacuation Pause) 157M->145M(512M) 33.717ms
[2020-08-01T12:06:31.133+0300][132.779s][info ][gc] GC(2969) Pause Young (Concurrent Start) (G1 Humongous Allocation) 170M->171M(512M) 14.398ms
[2020-08-01T12:06:31.133+0300][132.779s][info ][gc] GC(2970) Concurrent Cycle
[2020-08-01T12:06:31.148+0300][132.795s][debug][gc] GC(2970) Reclaimed 124 empty regions
[2020-08-01T12:06:31.148+0300][132.795s][info ][gc] GC(2970) Pause Remark 220M->96M(512M) 0.582ms
[2020-08-01T12:06:31.168+0300][132.814s][info ][gc] GC(2970) Pause Cleanup 145M->145M(512M) 0.063ms
[2020-08-01T12:06:31.168+0300][132.815s][info ][gc] GC(2970) Concurrent Cycle 35.078ms
[2020-08-01T12:06:31.208+0300][132.855s][info ][gc] GC(2971) Pause Young (Normal) (G1 Evacuation Pause) 157M->144M(512M) 35.636ms
[2020-08-01T12:06:31.245+0300][132.891s][info ][gc] GC(2972) Pause Young (Concurrent Start) (G1 Humongous Allocation) 169M->170M(512M) 16.244ms
[2020-08-01T12:06:31.245+0300][132.891s][info ][gc] GC(2973) Concurrent Cycle
[2020-08-01T12:06:31.260+0300][132.906s][debug][gc] GC(2973) Reclaimed 123 empty regions
[2020-08-01T12:06:31.260+0300][132.906s][info ][gc] GC(2973) Pause Remark 220M->97M(512M) 0.603ms
[2020-08-01T12:06:31.280+0300][132.926s][info ][gc] GC(2973) Pause Cleanup 147M->147M(512M) 0.071ms
[2020-08-01T12:06:31.280+0300][132.927s][info ][gc] GC(2973) Concurrent Cycle 35.368ms
[2020-08-01T12:06:31.318+0300][132.964s][info ][gc] GC(2974) Pause Young (Normal) (G1 Evacuation Pause) 157M->144M(512M) 33.509ms
[2020-08-01T12:06:31.380+0300][133.027s][info ][gc] GC(2975) Pause Young (Concurrent Start) (G1 Humongous Allocation) 169M->171M(512M) 40.432ms
[2020-08-01T12:06:31.380+0300][133.027s][info ][gc] GC(2976) Concurrent Cycle
[2020-08-01T12:06:31.398+0300][133.044s][debug][gc] GC(2976) Reclaimed 124 empty regions
[2020-08-01T12:06:31.398+0300][133.044s][info ][gc] GC(2976) Pause Remark 220M->96M(512M) 0.645ms
[2020-08-01T12:06:31.418+0300][133.065s][info ][gc] GC(2976) Pause Cleanup 145M->145M(512M) 0.066ms
[2020-08-01T12:06:31.419+0300][133.065s][info ][gc] GC(2976) Concurrent Cycle 38.604ms
[2020-08-01T12:06:31.458+0300][133.104s][info ][gc] GC(2977) Pause Young (Normal) (G1 Evacuation Pause) 157M->144M(512M) 34.102ms
[2020-08-01T12:06:31.494+0300][133.140s][info ][gc] GC(2978) Pause Young (Concurrent Start) (G1 Humongous Allocation) 169M->170M(512M) 15.392ms
[2020-08-01T12:06:31.494+0300][133.140s][info ][gc] GC(2979) Concurrent Cycle
[2020-08-01T12:06:31.508+0300][133.154s][debug][gc] GC(2979) Reclaimed 123 empty regions
[2020-08-01T12:06:31.508+0300][133.154s][info ][gc] GC(2979) Pause Remark 218M->95M(512M) 0.580ms
[2020-08-01T12:06:31.527+0300][133.174s][info ][gc] GC(2979) Pause Cleanup 145M->145M(512M) 0.062ms
[2020-08-01T12:06:31.528+0300][133.174s][info ][gc] GC(2979) Concurrent Cycle 33.825ms
[2020-08-01T12:06:31.567+0300][133.213s][info ][gc] GC(2980) Pause Young (Normal) (G1 Evacuation Pause) 157M->145M(512M) 34.060ms
[2020-08-01T12:06:31.611+0300][133.257s][info ][gc] GC(2981) Pause Young (Concurrent Start) (G1 Humongous Allocation) 170M->171M(512M) 16.133ms
[2020-08-01T12:06:31.611+0300][133.257s][info ][gc] GC(2982) Concurrent Cycle
[2020-08-01T12:06:31.625+0300][133.271s][debug][gc] GC(2982) Reclaimed 124 empty regions
[2020-08-01T12:06:31.625+0300][133.271s][info ][gc] GC(2982) Pause Remark 219M->95M(512M) 0.593ms
[2020-08-01T12:06:31.646+0300][133.292s][info ][gc] GC(2982) Pause Cleanup 147M->147M(512M) 0.098ms
[2020-08-01T12:06:31.647+0300][133.293s][info ][gc] GC(2982) Concurrent Cycle 35.970ms
[2020-08-01T12:06:31.688+0300][133.335s][info ][gc] GC(2983) Pause Young (Normal) (G1 Evacuation Pause) 157M->144M(512M) 37.632ms
[2020-08-01T12:06:31.738+0300][133.385s][info ][gc] GC(2984) Pause Young (Concurrent Start) (G1 Humongous Allocation) 169M->170M(512M) 17.589ms
[2020-08-01T12:06:31.738+0300][133.385s][info ][gc] GC(2985) Concurrent Cycle
[2020-08-01T12:06:31.752+0300][133.398s][debug][gc] GC(2985) Reclaimed 122 empty regions
[2020-08-01T12:06:31.752+0300][133.398s][info ][gc] GC(2985) Pause Remark 217M->95M(512M) 0.633ms
[2020-08-01T12:06:31.771+0300][133.418s][info ][gc] GC(2985) Pause Cleanup 143M->143M(512M) 0.073ms
[2020-08-01T12:06:31.772+0300][133.419s][info ][gc] GC(2985) Concurrent Cycle 33.907ms
[2020-08-01T12:06:31.812+0300][133.458s][info ][gc] GC(2986) Pause Young (Normal) (G1 Evacuation Pause) 158M->145M(512M) 33.944ms
[2020-08-01T12:06:31.896+0300][133.543s][info ][gc] GC(2987) Pause Young (Concurrent Start) (G1 Humongous Allocation) 170M->171M(512M) 50.368ms
[2020-08-01T12:06:31.896+0300][133.543s][info ][gc] GC(2988) Concurrent Cycle
[2020-08-01T12:06:31.915+0300][133.561s][debug][gc] GC(2988) Reclaimed 124 empty regions
[2020-08-01T12:06:31.915+0300][133.561s][info ][gc] GC(2988) Pause Remark 219M->95M(512M) 0.647ms
[2020-08-01T12:06:31.935+0300][133.582s][info ][gc] GC(2988) Pause Cleanup 145M->145M(512M) 0.066ms
[2020-08-01T12:06:31.936+0300][133.583s][info ][gc] GC(2988) Concurrent Cycle 39.801ms
[2020-08-01T12:06:31.975+0300][133.621s][info ][gc] GC(2989) Pause Young (Normal) (G1 Evacuation Pause) 157M->144M(512M) 33.794ms
[2020-08-01T12:06:32.017+0300][133.664s][info ][gc] GC(2990) Pause Young (Concurrent Start) (G1 Humongous Allocation) 169M->171M(512M) 16.727ms
[2020-08-01T12:06:32.018+0300][133.664s][info ][gc] GC(2991) Concurrent Cycle
[2020-08-01T12:06:32.032+0300][133.679s][debug][gc] GC(2991) Reclaimed 123 empty regions
[2020-08-01T12:06:32.032+0300][133.679s][info ][gc] GC(2991) Pause Remark 218M->95M(512M) 0.582ms
[2020-08-01T12:06:32.052+0300][133.698s][info ][gc] GC(2991) Pause Cleanup 144M->144M(512M) 0.065ms
[2020-08-01T12:06:32.053+0300][133.699s][info ][gc] GC(2991) Concurrent Cycle 35.161ms
[2020-08-01T12:06:32.091+0300][133.738s][info ][gc] GC(2992) Pause Young (Normal) (G1 Evacuation Pause) 158M->145M(512M) 33.688ms
[2020-08-01T12:06:32.140+0300][133.787s][info ][gc] GC(2993) Pause Young (Concurrent Start) (G1 Humongous Allocation) 170M->172M(512M) 14.616ms
[2020-08-01T12:06:32.140+0300][133.787s][info ][gc] GC(2994) Concurrent Cycle
[2020-08-01T12:06:32.156+0300][133.802s][debug][gc] GC(2994) Reclaimed 124 empty regions
[2020-08-01T12:06:32.156+0300][133.802s][info ][gc] GC(2994) Pause Remark 222M->98M(512M) 0.783ms
[2020-08-01T12:06:32.175+0300][133.821s][info ][gc] GC(2994) Pause Cleanup 146M->146M(512M) 0.060ms
[2020-08-01T12:06:32.175+0300][133.822s][info ][gc] GC(2994) Concurrent Cycle 34.987ms
[2020-08-01T12:06:32.213+0300][133.860s][info ][gc] GC(2995) Pause Young (Normal) (G1 Evacuation Pause) 157M->145M(512M) 33.484ms
