[2020-08-08T12:55:41.288+0300][0.011s][info][gc] Using Parallel
[2020-08-08T12:55:41.652+0300][0.374s][info][gc] GC(0) Pause Young (Allocation Failure) 128M->119M(491M) 115.127ms
[2020-08-08T12:55:41.805+0300][0.528s][info][gc] GC(1) Pause Young (Allocation Failure) 248M->206M(491M) 117.274ms
[2020-08-08T12:55:41.952+0300][0.675s][info][gc] GC(2) Pause Young (Allocation Failure) 335M->287M(491M) 117.384ms
[2020-08-08T12:55:42.210+0300][0.932s][info][gc] GC(3) Pause Full (Ergonomics) 287M->101M(491M) 257.091ms
[2020-08-08T12:55:42.338+0300][1.060s][info][gc] GC(4) Pause Young (Allocation Failure) 230M->228M(491M) 102.196ms
[2020-08-08T12:55:42.438+0300][1.161s][info][gc] GC(5) Pause Young (Allocation Failure) 357M->293M(420M) 65.532ms
[2020-08-08T12:55:42.656+0300][1.379s][info][gc] GC(6) Pause Full (Ergonomics) 293M->86M(455M) 217.528ms
[2020-08-08T12:55:42.839+0300][1.561s][info][gc] GC(7) Pause Young (Allocation Failure) 136M->135M(455M) 160.255ms
[2020-08-08T12:55:42.980+0300][1.702s][info][gc] GC(8) Pause Young (Allocation Failure) 193M->192M(455M) 121.555ms
[2020-08-08T12:55:43.093+0300][1.816s][info][gc] GC(9) Pause Young (Allocation Failure) 250M->250M(455M) 93.874ms
[2020-08-08T12:55:43.145+0300][1.868s][info][gc] GC(10) Pause Young (Allocation Failure) 308M->239M(455M) 36.208ms
[2020-08-08T12:55:43.229+0300][1.952s][info][gc] GC(11) Pause Young (Allocation Failure) 296M->296M(455M) 65.756ms
[2020-08-08T12:55:43.480+0300][2.203s][info][gc] GC(12) Pause Full (Ergonomics) 296M->97M(455M) 250.851ms
[2020-08-08T12:55:43.595+0300][2.318s][info][gc] GC(13) Pause Young (Allocation Failure) 155M->155M(455M) 100.472ms
[2020-08-08T12:55:43.695+0300][2.418s][info][gc] GC(14) Pause Young (Allocation Failure) 212M->212M(455M) 83.517ms
[2020-08-08T12:55:44.009+0300][2.732s][info][gc] GC(15) Pause Young (Allocation Failure) 270M->269M(455M) 296.753ms
[2020-08-08T12:55:44.143+0300][2.866s][info][gc] GC(16) Pause Young (Allocation Failure) 326M->327M(455M) 124.080ms
[2020-08-08T12:55:44.268+0300][2.991s][info][gc] GC(17) Pause Full (Ergonomics) 327M->59M(455M) 124.228ms
[2020-08-08T12:55:44.448+0300][3.171s][info][gc] GC(18) Pause Young (Allocation Failure) 116M->116M(455M) 169.943ms
[2020-08-08T12:55:44.644+0300][3.367s][info][gc] GC(19) Pause Young (Allocation Failure) 174M->174M(455M) 186.094ms
[2020-08-08T12:55:44.743+0300][3.466s][info][gc] GC(20) Pause Young (Allocation Failure) 232M->232M(455M) 88.260ms
[2020-08-08T12:55:45.022+0300][3.745s][info][gc] GC(21) Pause Young (Allocation Failure) 289M->289M(455M) 270.829ms
[2020-08-08T12:55:45.116+0300][3.839s][info][gc] GC(22) Pause Young (Allocation Failure) 347M->347M(455M) 83.525ms
[2020-08-08T12:55:45.299+0300][4.021s][info][gc] GC(23) Pause Full (Ergonomics) 347M->79M(455M) 182.429ms
[2020-08-08T12:55:45.462+0300][4.184s][info][gc] GC(24) Pause Young (Allocation Failure) 136M->135M(455M) 151.469ms
[2020-08-08T12:55:45.576+0300][4.298s][info][gc] GC(25) Pause Young (Allocation Failure) 193M->193M(455M) 104.593ms
[2020-08-08T12:55:45.683+0300][4.405s][info][gc] GC(26) Pause Young (Allocation Failure) 250M->250M(455M) 95.620ms
[2020-08-08T12:55:45.922+0300][4.645s][info][gc] GC(27) Pause Young (Allocation Failure) 308M->308M(455M) 228.256ms
[2020-08-08T12:55:45.994+0300][4.717s][info][gc] GC(28) Pause Full (Ergonomics) 308M->40M(455M) 71.652ms
[2020-08-08T12:55:46.177+0300][4.899s][info][gc] GC(29) Pause Young (Allocation Failure) 98M->98M(455M) 172.614ms
[2020-08-08T12:55:46.455+0300][5.178s][info][gc] GC(30) Pause Young (Allocation Failure) 155M->156M(455M) 270.653ms
[2020-08-08T12:55:46.570+0300][5.293s][info][gc] GC(31) Pause Young (Allocation Failure) 213M->213M(455M) 103.731ms
[2020-08-08T12:55:46.891+0300][5.613s][info][gc] GC(32) Pause Young (Allocation Failure) 269M->269M(455M) 308.079ms
[2020-08-08T12:55:47.013+0300][5.735s][info][gc] GC(33) Pause Young (Allocation Failure) 327M->327M(455M) 113.407ms
[2020-08-08T12:55:47.138+0300][5.860s][info][gc] GC(34) Pause Full (Ergonomics) 327M->59M(455M) 125.092ms
[2020-08-08T12:55:47.316+0300][6.039s][info][gc] GC(35) Pause Young (Allocation Failure) 116M->116M(455M) 166.990ms
[2020-08-08T12:55:47.508+0300][6.231s][info][gc] GC(36) Pause Young (Allocation Failure) 174M->174M(455M) 176.609ms
[2020-08-08T12:55:47.606+0300][6.329s][info][gc] GC(37) Pause Young (Allocation Failure) 231M->231M(455M) 85.648ms
[2020-08-08T12:55:47.903+0300][6.626s][info][gc] GC(38) Pause Young (Allocation Failure) 270M->269M(455M) 286.623ms
[2020-08-08T12:55:47.998+0300][6.720s][info][gc] GC(39) Pause Young (Allocation Failure) 327M->327M(455M) 81.878ms
[2020-08-08T12:55:48.123+0300][6.845s][info][gc] GC(40) Pause Full (Ergonomics) 327M->59M(455M) 124.959ms
[2020-08-08T12:55:48.309+0300][7.032s][info][gc] GC(41) Pause Young (Allocation Failure) 116M->116M(455M) 173.618ms
[2020-08-08T12:55:48.524+0300][7.246s][info][gc] GC(42) Pause Young (Allocation Failure) 174M->174M(455M) 205.049ms
[2020-08-08T12:55:48.626+0300][7.349s][info][gc] GC(43) Pause Young (Allocation Failure) 231M->231M(455M) 88.823ms
[2020-08-08T12:55:48.890+0300][7.613s][info][gc] GC(44) Pause Young (Allocation Failure) 270M->270M(455M) 254.375ms
[2020-08-08T12:55:48.980+0300][7.703s][info][gc] GC(45) Pause Young (Allocation Failure) 327M->327M(455M) 78.699ms
[2020-08-08T12:55:49.105+0300][7.828s][info][gc] GC(46) Pause Full (Ergonomics) 327M->59M(455M) 124.379ms
[2020-08-08T12:55:49.317+0300][8.040s][info][gc] GC(47) Pause Young (Allocation Failure) 117M->116M(455M) 198.399ms
[2020-08-08T12:55:49.552+0300][8.275s][info][gc] GC(48) Pause Young (Allocation Failure) 174M->173M(455M) 224.993ms
[2020-08-08T12:55:49.651+0300][8.374s][info][gc] GC(49) Pause Young (Allocation Failure) 231M->231M(455M) 85.068ms
[2020-08-08T12:55:49.947+0300][8.670s][info][gc] GC(50) Pause Young (Allocation Failure) 271M->270M(455M) 287.206ms
[2020-08-08T12:55:50.040+0300][8.763s][info][gc] GC(51) Pause Young (Allocation Failure) 328M->327M(455M) 81.762ms
[2020-08-08T12:55:50.158+0300][8.881s][info][gc] GC(52) Pause Full (Ergonomics) 327M->60M(455M) 118.172ms
[2020-08-08T12:55:50.334+0300][9.057s][info][gc] GC(53) Pause Young (Allocation Failure) 118M->118M(455M) 160.767ms
[2020-08-08T12:55:50.563+0300][9.286s][info][gc] GC(54) Pause Young (Allocation Failure) 175M->175M(455M) 217.687ms
[2020-08-08T12:55:50.682+0300][9.405s][info][gc] GC(55) Pause Young (Allocation Failure) 232M->232M(455M) 103.132ms
[2020-08-08T12:55:50.952+0300][9.675s][info][gc] GC(56) Pause Young (Allocation Failure) 271M->271M(455M) 257.345ms
[2020-08-08T12:55:51.037+0300][9.760s][info][gc] GC(57) Pause Young (Allocation Failure) 329M->329M(455M) 76.436ms
[2020-08-08T12:55:51.153+0300][9.876s][info][gc] GC(58) Pause Full (Ergonomics) 329M->61M(455M) 116.376ms
[2020-08-08T12:55:51.338+0300][10.061s][info][gc] GC(59) Pause Young (Allocation Failure) 119M->119M(455M) 172.397ms
[2020-08-08T12:55:51.543+0300][10.266s][info][gc] GC(60) Pause Young (Allocation Failure) 176M->176M(455M) 195.537ms
[2020-08-08T12:55:51.649+0300][10.372s][info][gc] GC(61) Pause Young (Allocation Failure) 234M->233M(455M) 89.638ms
[2020-08-08T12:55:51.934+0300][10.657s][info][gc] GC(62) Pause Young (Allocation Failure) 272M->271M(455M) 277.780ms
[2020-08-08T12:55:52.020+0300][10.743s][info][gc] GC(63) Pause Young (Allocation Failure) 329M->329M(455M) 77.591ms
[2020-08-08T12:55:52.144+0300][10.867s][info][gc] GC(64) Pause Full (Ergonomics) 329M->61M(455M) 123.734ms
[2020-08-08T12:55:52.344+0300][11.067s][info][gc] GC(65) Pause Young (Allocation Failure) 119M->119M(455M) 189.703ms
[2020-08-08T12:55:52.580+0300][11.303s][info][gc] GC(66) Pause Young (Allocation Failure) 177M->177M(455M) 227.776ms
[2020-08-08T12:55:52.687+0300][11.410s][info][gc] GC(67) Pause Young (Allocation Failure) 234M->234M(455M) 89.080ms
[2020-08-08T12:55:52.955+0300][11.678s][info][gc] GC(68) Pause Young (Allocation Failure) 273M->272M(455M) 260.325ms
[2020-08-08T12:55:53.040+0300][11.763s][info][gc] GC(69) Pause Young (Allocation Failure) 329M->329M(455M) 77.273ms
[2020-08-08T12:55:53.160+0300][11.883s][info][gc] GC(70) Pause Full (Ergonomics) 329M->62M(455M) 120.058ms
[2020-08-08T12:55:53.346+0300][12.069s][info][gc] GC(71) Pause Young (Allocation Failure) 119M->120M(455M) 175.405ms
[2020-08-08T12:55:53.547+0300][12.270s][info][gc] GC(72) Pause Young (Allocation Failure) 177M->177M(455M) 192.864ms
[2020-08-08T12:55:53.649+0300][12.372s][info][gc] GC(73) Pause Young (Allocation Failure) 235M->235M(455M) 87.059ms
[2020-08-08T12:55:53.919+0300][12.642s][info][gc] GC(74) Pause Young (Allocation Failure) 292M->292M(455M) 260.719ms
[2020-08-08T12:55:54.012+0300][12.735s][info][gc] GC(75) Pause Young (Allocation Failure) 350M->350M(455M) 79.576ms
[2020-08-08T12:55:54.192+0300][12.915s][info][gc] GC(76) Pause Full (Ergonomics) 350M->79M(455M) 179.716ms
[2020-08-08T12:55:54.353+0300][13.076s][info][gc] GC(77) Pause Young (Allocation Failure) 136M->136M(455M) 150.647ms
[2020-08-08T12:55:54.467+0300][13.190s][info][gc] GC(78) Pause Young (Allocation Failure) 193M->193M(455M) 105.223ms
[2020-08-08T12:55:54.579+0300][13.302s][info][gc] GC(79) Pause Young (Allocation Failure) 251M->251M(455M) 99.114ms
[2020-08-08T12:55:54.801+0300][13.524s][info][gc] GC(80) Pause Young (Allocation Failure) 308M->309M(455M) 209.630ms
[2020-08-08T12:55:54.870+0300][13.593s][info][gc] GC(81) Pause Full (Ergonomics) 309M->41M(455M) 69.167ms
[2020-08-08T12:55:55.052+0300][13.775s][info][gc] GC(82) Pause Young (Allocation Failure) 99M->99M(455M) 172.010ms
[2020-08-08T12:55:55.336+0300][14.059s][info][gc] GC(83) Pause Young (Allocation Failure) 156M->156M(455M) 276.298ms
[2020-08-08T12:55:55.424+0300][14.147s][info][gc] GC(84) Pause Young (Allocation Failure) 214M->214M(455M) 78.263ms
[2020-08-08T12:55:55.793+0300][14.516s][info][gc] GC(85) Pause Young (Allocation Failure) 270M->270M(455M) 357.349ms
[2020-08-08T12:55:55.938+0300][14.661s][info][gc] GC(86) Pause Young (Allocation Failure) 328M->328M(455M) 134.335ms
[2020-08-08T12:55:56.065+0300][14.787s][info][gc] GC(87) Pause Full (Ergonomics) 328M->60M(455M) 126.204ms
[2020-08-08T12:55:56.249+0300][14.972s][info][gc] GC(88) Pause Young (Allocation Failure) 117M->117M(455M) 174.680ms
[2020-08-08T12:55:56.473+0300][15.196s][info][gc] GC(89) Pause Young (Allocation Failure) 175M->175M(455M) 216.171ms
[2020-08-08T12:55:56.579+0300][15.302s][info][gc] GC(90) Pause Young (Allocation Failure) 233M->233M(455M) 91.719ms
[2020-08-08T12:55:56.883+0300][15.606s][info][gc] GC(91) Pause Young (Allocation Failure) 290M->290M(455M) 291.076ms
[2020-08-08T12:55:56.979+0300][15.702s][info][gc] GC(92) Pause Young (Allocation Failure) 348M->348M(455M) 83.994ms
[2020-08-08T12:55:57.153+0300][15.876s][info][gc] GC(93) Pause Full (Ergonomics) 348M->80M(455M) 173.925ms
[2020-08-08T12:55:57.333+0300][16.056s][info][gc] GC(94) Pause Young (Allocation Failure) 136M->136M(455M) 169.355ms
[2020-08-08T12:55:57.453+0300][16.175s][info][gc] GC(95) Pause Young (Allocation Failure) 193M->193M(455M) 111.437ms
[2020-08-08T12:55:57.559+0300][16.281s][info][gc] GC(96) Pause Young (Allocation Failure) 251M->251M(455M) 93.709ms
[2020-08-08T12:55:57.773+0300][16.495s][info][gc] GC(97) Pause Young (Allocation Failure) 308M->309M(455M) 205.108ms
[2020-08-08T12:55:57.847+0300][16.569s][info][gc] GC(98) Pause Full (Ergonomics) 309M->41M(455M) 73.618ms
[2020-08-08T12:55:58.036+0300][16.758s][info][gc] GC(99) Pause Young (Allocation Failure) 99M->99M(455M) 175.277ms
[2020-08-08T12:55:58.305+0300][17.028s][info][gc] GC(100) Pause Young (Allocation Failure) 156M->156M(455M) 262.021ms
[2020-08-08T12:55:58.394+0300][17.116s][info][gc] GC(101) Pause Young (Allocation Failure) 214M->214M(455M) 78.127ms
[2020-08-08T12:55:58.780+0300][17.502s][info][gc] GC(102) Pause Young (Allocation Failure) 270M->270M(455M) 376.515ms
[2020-08-08T12:55:58.936+0300][17.658s][info][gc] GC(103) Pause Young (Allocation Failure) 328M->328M(455M) 143.991ms
[2020-08-08T12:55:59.067+0300][17.790s][info][gc] GC(104) Pause Full (Ergonomics) 328M->60M(455M) 131.309ms
[2020-08-08T12:55:59.254+0300][17.976s][info][gc] GC(105) Pause Young (Allocation Failure) 117M->117M(455M) 176.492ms
[2020-08-08T12:55:59.443+0300][18.165s][info][gc] GC(106) Pause Young (Allocation Failure) 175M->175M(455M) 180.993ms
[2020-08-08T12:55:59.538+0300][18.260s][info][gc] GC(107) Pause Young (Allocation Failure) 232M->232M(455M) 84.600ms
[2020-08-08T12:55:59.798+0300][18.520s][info][gc] GC(108) Pause Young (Allocation Failure) 290M->290M(455M) 249.762ms
[2020-08-08T12:55:59.885+0300][18.607s][info][gc] GC(109) Pause Young (Allocation Failure) 348M->348M(455M) 76.809ms
[2020-08-08T12:56:00.064+0300][18.786s][info][gc] GC(110) Pause Full (Ergonomics) 348M->79M(455M) 179.202ms
[2020-08-08T12:56:00.239+0300][18.961s][info][gc] GC(111) Pause Young (Allocation Failure) 137M->136M(455M) 164.746ms
[2020-08-08T12:56:00.363+0300][19.086s][info][gc] GC(112) Pause Young (Allocation Failure) 193M->193M(455M) 114.994ms
[2020-08-08T12:56:00.471+0300][19.193s][info][gc] GC(113) Pause Young (Allocation Failure) 251M->251M(455M) 97.832ms
[2020-08-08T12:56:00.683+0300][19.405s][info][gc] GC(114) Pause Young (Allocation Failure) 308M->309M(455M) 200.838ms
[2020-08-08T12:56:00.757+0300][19.479s][info][gc] GC(115) Pause Full (Ergonomics) 309M->41M(455M) 74.589ms
[2020-08-08T12:56:00.943+0300][19.665s][info][gc] GC(116) Pause Young (Allocation Failure) 99M->99M(455M) 172.118ms
[2020-08-08T12:56:01.214+0300][19.936s][info][gc] GC(117) Pause Young (Allocation Failure) 156M->156M(455M) 263.455ms
[2020-08-08T12:56:01.308+0300][20.030s][info][gc] GC(118) Pause Young (Allocation Failure) 214M->214M(455M) 80.410ms
[2020-08-08T12:56:01.679+0300][20.401s][info][gc] GC(119) Pause Young (Allocation Failure) 270M->270M(455M) 361.179ms
[2020-08-08T12:56:01.819+0300][20.541s][info][gc] GC(120) Pause Young (Allocation Failure) 328M->327M(455M) 123.058ms
[2020-08-08T12:56:01.946+0300][20.668s][info][gc] GC(121) Pause Full (Ergonomics) 327M->59M(455M) 127.013ms
[2020-08-08T12:56:02.130+0300][20.852s][info][gc] GC(122) Pause Young (Allocation Failure) 117M->117M(455M) 173.632ms
[2020-08-08T12:56:02.350+0300][21.072s][info][gc] GC(123) Pause Young (Allocation Failure) 174M->175M(455M) 212.139ms
[2020-08-08T12:56:02.452+0300][21.174s][info][gc] GC(124) Pause Young (Allocation Failure) 232M->232M(455M) 90.289ms
[2020-08-08T12:56:02.747+0300][21.469s][info][gc] GC(125) Pause Young (Allocation Failure) 271M->270M(455M) 286.644ms
[2020-08-08T12:56:02.840+0300][21.562s][info][gc] GC(126) Pause Young (Allocation Failure) 328M->328M(455M) 81.570ms
[2020-08-08T12:56:02.965+0300][21.687s][info][gc] GC(127) Pause Full (Ergonomics) 328M->60M(455M) 125.124ms
[2020-08-08T12:56:03.150+0300][21.872s][info][gc] GC(128) Pause Young (Allocation Failure) 117M->117M(455M) 173.334ms
[2020-08-08T12:56:03.359+0300][22.082s][info][gc] GC(129) Pause Young (Allocation Failure) 175M->175M(455M) 202.074ms
[2020-08-08T12:56:03.454+0300][22.176s][info][gc] GC(130) Pause Young (Allocation Failure) 232M->233M(455M) 84.361ms
[2020-08-08T12:56:03.727+0300][22.450s][info][gc] GC(131) Pause Young (Allocation Failure) 290M->290M(455M) 264.890ms
[2020-08-08T12:56:03.828+0300][22.550s][info][gc] GC(132) Pause Young (Allocation Failure) 348M->348M(455M) 86.783ms
[2020-08-08T12:56:04.011+0300][22.733s][info][gc] GC(133) Pause Full (Ergonomics) 348M->79M(455M) 183.633ms
[2020-08-08T12:56:04.207+0300][22.929s][info][gc] GC(134) Pause Young (Allocation Failure) 137M->136M(455M) 185.018ms
[2020-08-08T12:56:04.344+0300][23.066s][info][gc] GC(135) Pause Young (Allocation Failure) 193M->193M(455M) 129.364ms
[2020-08-08T12:56:04.450+0300][23.172s][info][gc] GC(136) Pause Young (Allocation Failure) 251M->251M(455M) 96.025ms
[2020-08-08T12:56:04.663+0300][23.385s][info][gc] GC(137) Pause Young (Allocation Failure) 308M->309M(455M) 204.143ms
[2020-08-08T12:56:04.733+0300][23.455s][info][gc] GC(138) Pause Full (Ergonomics) 309M->41M(455M) 70.275ms
[2020-08-08T12:56:04.937+0300][23.659s][info][gc] GC(139) Pause Young (Allocation Failure) 98M->98M(455M) 189.796ms
[2020-08-08T12:56:05.250+0300][23.972s][info][gc] GC(140) Pause Young (Allocation Failure) 156M->156M(455M) 304.846ms
[2020-08-08T12:56:05.346+0300][24.069s][info][gc] GC(141) Pause Young (Allocation Failure) 213M->213M(455M) 86.171ms
[2020-08-08T12:56:05.672+0300][24.394s][info][gc] GC(142) Pause Young (Allocation Failure) 270M->270M(455M) 311.512ms
[2020-08-08T12:56:05.801+0300][24.524s][info][gc] GC(143) Pause Young (Allocation Failure) 327M->327M(455M) 118.928ms
[2020-08-08T12:56:05.928+0300][24.650s][info][gc] GC(144) Pause Full (Ergonomics) 327M->59M(455M) 126.409ms
[2020-08-08T12:56:06.115+0300][24.837s][info][gc] GC(145) Pause Young (Allocation Failure) 117M->117M(455M) 173.139ms
[2020-08-08T12:56:06.336+0300][25.058s][info][gc] GC(146) Pause Young (Allocation Failure) 174M->175M(455M) 213.657ms
[2020-08-08T12:56:06.435+0300][25.157s][info][gc] GC(147) Pause Young (Allocation Failure) 232M->232M(455M) 87.445ms
[2020-08-08T12:56:06.714+0300][25.437s][info][gc] GC(148) Pause Young (Allocation Failure) 290M->290M(455M) 271.466ms
[2020-08-08T12:56:06.805+0300][25.527s][info][gc] GC(149) Pause Young (Allocation Failure) 347M->347M(455M) 77.868ms
[2020-08-08T12:56:06.991+0300][25.713s][info][gc] GC(150) Pause Full (Ergonomics) 347M->79M(455M) 186.013ms
[2020-08-08T12:56:07.202+0300][25.924s][info][gc] GC(151) Pause Young (Allocation Failure) 137M->136M(455M) 199.594ms
[2020-08-08T12:56:07.356+0300][26.078s][info][gc] GC(152) Pause Young (Allocation Failure) 193M->193M(455M) 144.248ms
[2020-08-08T12:56:07.460+0300][26.182s][info][gc] GC(153) Pause Young (Allocation Failure) 251M->251M(455M) 93.227ms
[2020-08-08T12:56:07.667+0300][26.389s][info][gc] GC(154) Pause Young (Allocation Failure) 308M->309M(455M) 197.008ms
[2020-08-08T12:56:07.739+0300][26.461s][info][gc] GC(155) Pause Full (Ergonomics) 309M->41M(455M) 72.542ms
[2020-08-08T12:56:07.917+0300][26.639s][info][gc] GC(156) Pause Young (Allocation Failure) 99M->99M(455M) 165.543ms
[2020-08-08T12:56:08.203+0300][26.925s][info][gc] GC(157) Pause Young (Allocation Failure) 156M->156M(455M) 275.446ms
[2020-08-08T12:56:08.292+0300][27.014s][info][gc] GC(158) Pause Young (Allocation Failure) 214M->214M(455M) 79.027ms
[2020-08-08T12:56:08.648+0300][27.371s][info][gc] GC(159) Pause Young (Allocation Failure) 270M->270M(455M) 346.765ms
[2020-08-08T12:56:08.783+0300][27.505s][info][gc] GC(160) Pause Young (Allocation Failure) 328M->328M(455M) 125.992ms
[2020-08-08T12:56:08.908+0300][27.631s][info][gc] GC(161) Pause Full (Ergonomics) 328M->59M(455M) 125.448ms
[2020-08-08T12:56:09.097+0300][27.819s][info][gc] GC(162) Pause Young (Allocation Failure) 117M->117M(455M) 174.504ms
[2020-08-08T12:56:09.287+0300][28.009s][info][gc] GC(163) Pause Young (Allocation Failure) 174M->175M(455M) 181.388ms
[2020-08-08T12:56:09.382+0300][28.104s][info][gc] GC(164) Pause Young (Allocation Failure) 232M->232M(455M) 84.944ms
[2020-08-08T12:56:09.655+0300][28.377s][info][gc] GC(165) Pause Young (Allocation Failure) 290M->290M(455M) 264.986ms
[2020-08-08T12:56:09.745+0300][28.467s][info][gc] GC(166) Pause Young (Allocation Failure) 347M->347M(455M) 79.808ms
[2020-08-08T12:56:09.931+0300][28.654s][info][gc] GC(167) Pause Full (Ergonomics) 347M->80M(455M) 186.429ms
[2020-08-08T12:56:10.143+0300][28.866s][info][gc] GC(168) Pause Young (Allocation Failure) 136M->136M(455M) 198.079ms
[2020-08-08T12:56:10.282+0300][29.004s][info][gc] GC(169) Pause Young (Allocation Failure) 193M->193M(455M) 130.596ms
[2020-08-08T12:56:10.385+0300][29.107s][info][gc] GC(170) Pause Young (Allocation Failure) 251M->251M(455M) 93.792ms
[2020-08-08T12:56:10.592+0300][29.315s][info][gc] GC(171) Pause Young (Allocation Failure) 308M->309M(455M) 196.971ms
[2020-08-08T12:56:10.667+0300][29.389s][info][gc] GC(172) Pause Full (Ergonomics) 309M->41M(455M) 74.544ms
[2020-08-08T12:56:10.851+0300][29.573s][info][gc] GC(173) Pause Young (Allocation Failure) 99M->99M(455M) 172.408ms
[2020-08-08T12:56:11.137+0300][29.859s][info][gc] GC(174) Pause Young (Allocation Failure) 156M->156M(455M) 277.147ms
[2020-08-08T12:56:11.231+0300][29.953s][info][gc] GC(175) Pause Young (Allocation Failure) 214M->214M(455M) 80.154ms
[2020-08-08T12:56:11.550+0300][30.273s][info][gc] GC(176) Pause Young (Allocation Failure) 270M->270M(455M) 309.899ms
[2020-08-08T12:56:11.678+0300][30.400s][info][gc] GC(177) Pause Young (Allocation Failure) 328M->328M(455M) 118.090ms
[2020-08-08T12:56:11.806+0300][30.529s][info][gc] GC(178) Pause Full (Ergonomics) 328M->59M(455M) 128.784ms
[2020-08-08T12:56:11.997+0300][30.719s][info][gc] GC(179) Pause Young (Allocation Failure) 117M->117M(455M) 179.384ms
[2020-08-08T12:56:12.227+0300][30.949s][info][gc] GC(180) Pause Young (Allocation Failure) 175M->175M(455M) 204.776ms
[2020-08-08T12:56:12.326+0300][31.049s][info][gc] GC(181) Pause Young (Allocation Failure) 232M->232M(455M) 86.627ms
[2020-08-08T12:56:12.604+0300][31.326s][info][gc] GC(182) Pause Young (Allocation Failure) 290M->290M(455M) 268.972ms
[2020-08-08T12:56:12.701+0300][31.423s][info][gc] GC(183) Pause Young (Allocation Failure) 347M->347M(455M) 85.787ms
[2020-08-08T12:56:12.885+0300][31.607s][info][gc] GC(184) Pause Full (Ergonomics) 347M->79M(455M) 184.084ms
[2020-08-08T12:56:13.078+0300][31.800s][info][gc] GC(185) Pause Young (Allocation Failure) 136M->136M(455M) 183.176ms
[2020-08-08T12:56:13.205+0300][31.927s][info][gc] GC(186) Pause Young (Allocation Failure) 193M->193M(455M) 118.782ms
[2020-08-08T12:56:13.311+0300][32.033s][info][gc] GC(187) Pause Young (Allocation Failure) 251M->251M(455M) 93.440ms
[2020-08-08T12:56:13.539+0300][32.261s][info][gc] GC(188) Pause Young (Allocation Failure) 308M->309M(455M) 220.535ms
[2020-08-08T12:56:13.610+0300][32.332s][info][gc] GC(189) Pause Full (Ergonomics) 309M->41M(455M) 70.363ms
[2020-08-08T12:56:13.792+0300][32.515s][info][gc] GC(190) Pause Young (Allocation Failure) 99M->99M(455M) 171.671ms
[2020-08-08T12:56:14.073+0300][32.795s][info][gc] GC(191) Pause Young (Allocation Failure) 156M->156M(455M) 273.105ms
[2020-08-08T12:56:14.162+0300][32.884s][info][gc] GC(192) Pause Young (Allocation Failure) 214M->214M(455M) 77.529ms
[2020-08-08T12:56:14.485+0300][33.207s][info][gc] GC(193) Pause Young (Allocation Failure) 270M->270M(455M) 312.788ms
[2020-08-08T12:56:14.606+0300][33.328s][info][gc] GC(194) Pause Young (Allocation Failure) 328M->328M(455M) 110.764ms
[2020-08-08T12:56:14.729+0300][33.452s][info][gc] GC(195) Pause Full (Ergonomics) 328M->59M(455M) 123.281ms
[2020-08-08T12:56:14.916+0300][33.639s][info][gc] GC(196) Pause Young (Allocation Failure) 117M->117M(455M) 176.295ms
[2020-08-08T12:56:15.127+0300][33.849s][info][gc] GC(197) Pause Young (Allocation Failure) 175M->175M(455M) 201.358ms
[2020-08-08T12:56:15.225+0300][33.947s][info][gc] GC(198) Pause Young (Allocation Failure) 232M->232M(455M) 88.529ms
[2020-08-08T12:56:15.508+0300][34.231s][info][gc] GC(199) Pause Young (Allocation Failure) 290M->290M(455M) 275.080ms
[2020-08-08T12:56:15.606+0300][34.329s][info][gc] GC(200) Pause Young (Allocation Failure) 347M->347M(455M) 85.754ms
[2020-08-08T12:56:15.798+0300][34.520s][info][gc] GC(201) Pause Full (Ergonomics) 347M->79M(455M) 191.597ms
[2020-08-08T12:56:16.007+0300][34.729s][info][gc] GC(202) Pause Young (Allocation Failure) 136M->136M(455M) 197.824ms
[2020-08-08T12:56:16.141+0300][34.864s][info][gc] GC(203) Pause Young (Allocation Failure) 193M->193M(455M) 125.162ms
[2020-08-08T12:56:16.245+0300][34.967s][info][gc] GC(204) Pause Young (Allocation Failure) 251M->251M(455M) 92.653ms
[2020-08-08T12:56:16.443+0300][35.165s][info][gc] GC(205) Pause Young (Allocation Failure) 308M->309M(455M) 190.329ms
[2020-08-08T12:56:16.514+0300][35.237s][info][gc] GC(206) Pause Full (Ergonomics) 309M->41M(455M) 71.388ms
[2020-08-08T12:56:16.697+0300][35.420s][info][gc] GC(207) Pause Young (Allocation Failure) 99M->99M(455M) 168.983ms
[2020-08-08T12:56:16.982+0300][35.704s][info][gc] GC(208) Pause Young (Allocation Failure) 156M->156M(455M) 275.923ms
[2020-08-08T12:56:17.070+0300][35.792s][info][gc] GC(209) Pause Young (Allocation Failure) 214M->214M(455M) 76.884ms
[2020-08-08T12:56:17.356+0300][36.079s][info][gc] GC(210) Pause Young (Allocation Failure) 270M->270M(455M) 276.488ms
[2020-08-08T12:56:17.485+0300][36.208s][info][gc] GC(211) Pause Young (Allocation Failure) 328M->328M(455M) 118.747ms
[2020-08-08T12:56:17.614+0300][36.336s][info][gc] GC(212) Pause Full (Ergonomics) 328M->59M(455M) 128.650ms
[2020-08-08T12:56:17.804+0300][36.526s][info][gc] GC(213) Pause Young (Allocation Failure) 117M->117M(455M) 174.731ms
[2020-08-08T12:56:18.005+0300][36.727s][info][gc] GC(214) Pause Young (Allocation Failure) 174M->175M(455M) 193.481ms
[2020-08-08T12:56:18.102+0300][36.824s][info][gc] GC(215) Pause Young (Allocation Failure) 232M->232M(455M) 87.376ms
[2020-08-08T12:56:18.375+0300][37.098s][info][gc] GC(216) Pause Young (Allocation Failure) 290M->290M(455M) 264.284ms
[2020-08-08T12:56:18.471+0300][37.194s][info][gc] GC(217) Pause Young (Allocation Failure) 347M->347M(455M) 84.637ms
[2020-08-08T12:56:18.656+0300][37.379s][info][gc] GC(218) Pause Full (Ergonomics) 347M->79M(455M) 184.805ms
[2020-08-08T12:56:18.864+0300][37.586s][info][gc] GC(219) Pause Young (Allocation Failure) 136M->136M(455M) 194.144ms
[2020-08-08T12:56:18.997+0300][37.720s][info][gc] GC(220) Pause Young (Allocation Failure) 193M->193M(455M) 124.039ms
[2020-08-08T12:56:19.100+0300][37.823s][info][gc] GC(221) Pause Young (Allocation Failure) 251M->251M(455M) 93.677ms
[2020-08-08T12:56:19.313+0300][38.035s][info][gc] GC(222) Pause Young (Allocation Failure) 308M->309M(455M) 203.569ms
[2020-08-08T12:56:19.385+0300][38.108s][info][gc] GC(223) Pause Full (Ergonomics) 309M->41M(455M) 72.454ms
[2020-08-08T12:56:19.573+0300][38.295s][info][gc] GC(224) Pause Young (Allocation Failure) 99M->99M(455M) 174.849ms
[2020-08-08T12:56:19.865+0300][38.587s][info][gc] GC(225) Pause Young (Allocation Failure) 156M->156M(455M) 280.873ms
[2020-08-08T12:56:19.954+0300][38.677s][info][gc] GC(226) Pause Young (Allocation Failure) 214M->214M(455M) 79.211ms
[2020-08-08T12:56:20.335+0300][39.058s][info][gc] GC(227) Pause Young (Allocation Failure) 270M->270M(455M) 370.566ms
[2020-08-08T12:56:20.482+0300][39.204s][info][gc] GC(228) Pause Young (Allocation Failure) 328M->328M(455M) 138.092ms
[2020-08-08T12:56:20.610+0300][39.332s][info][gc] GC(229) Pause Full (Ergonomics) 328M->59M(455M) 127.531ms
[2020-08-08T12:56:20.800+0300][39.522s][info][gc] GC(230) Pause Young (Allocation Failure) 117M->117M(455M) 176.309ms
[2020-08-08T12:56:21.011+0300][39.733s][info][gc] GC(231) Pause Young (Allocation Failure) 174M->175M(455M) 203.951ms
[2020-08-08T12:56:21.108+0300][39.830s][info][gc] GC(232) Pause Young (Allocation Failure) 232M->232M(455M) 85.695ms
[2020-08-08T12:56:21.384+0300][40.107s][info][gc] GC(233) Pause Young (Allocation Failure) 290M->290M(455M) 268.276ms
[2020-08-08T12:56:21.476+0300][40.198s][info][gc] GC(234) Pause Young (Allocation Failure) 347M->347M(455M) 79.800ms
[2020-08-08T12:56:21.658+0300][40.381s][info][gc] GC(235) Pause Full (Ergonomics) 347M->79M(455M) 182.434ms
[2020-08-08T12:56:21.851+0300][40.573s][info][gc] GC(236) Pause Young (Allocation Failure) 136M->136M(455M) 179.771ms
[2020-08-08T12:56:21.993+0300][40.715s][info][gc] GC(237) Pause Young (Allocation Failure) 193M->193M(455M) 133.819ms
[2020-08-08T12:56:22.097+0300][40.819s][info][gc] GC(238) Pause Young (Allocation Failure) 251M->251M(455M) 94.369ms
[2020-08-08T12:56:22.306+0300][41.028s][info][gc] GC(239) Pause Young (Allocation Failure) 308M->309M(455M) 199.640ms
[2020-08-08T12:56:22.376+0300][41.098s][info][gc] GC(240) Pause Full (Ergonomics) 309M->41M(455M) 70.566ms
[2020-08-08T12:56:22.557+0300][41.279s][info][gc] GC(241) Pause Young (Allocation Failure) 99M->99M(455M) 168.915ms
[2020-08-08T12:56:22.836+0300][41.558s][info][gc] GC(242) Pause Young (Allocation Failure) 156M->156M(455M) 271.083ms
[2020-08-08T12:56:22.928+0300][41.650s][info][gc] GC(243) Pause Young (Allocation Failure) 214M->214M(455M) 78.574ms
[2020-08-08T12:56:23.246+0300][41.968s][info][gc] GC(244) Pause Young (Allocation Failure) 270M->270M(455M) 308.670ms
[2020-08-08T12:56:23.367+0300][42.089s][info][gc] GC(245) Pause Young (Allocation Failure) 328M->328M(455M) 113.135ms
[2020-08-08T12:56:23.498+0300][42.221s][info][gc] GC(246) Pause Full (Ergonomics) 328M->59M(455M) 131.787ms
[2020-08-08T12:56:23.679+0300][42.401s][info][gc] GC(247) Pause Young (Allocation Failure) 117M->117M(455M) 169.774ms
[2020-08-08T12:56:23.892+0300][42.614s][info][gc] GC(248) Pause Young (Allocation Failure) 174M->175M(455M) 204.864ms
[2020-08-08T12:56:23.992+0300][42.714s][info][gc] GC(249) Pause Young (Allocation Failure) 232M->232M(455M) 87.330ms
[2020-08-08T12:56:24.273+0300][42.995s][info][gc] GC(250) Pause Young (Allocation Failure) 290M->290M(455M) 272.536ms
[2020-08-08T12:56:24.362+0300][43.084s][info][gc] GC(251) Pause Young (Allocation Failure) 347M->347M(455M) 79.014ms
[2020-08-08T12:56:24.545+0300][43.267s][info][gc] GC(252) Pause Full (Ergonomics) 347M->79M(455M) 183.129ms
[2020-08-08T12:56:24.754+0300][43.476s][info][gc] GC(253) Pause Young (Allocation Failure) 136M->136M(455M) 196.596ms
[2020-08-08T12:56:24.905+0300][43.628s][info][gc] GC(254) Pause Young (Allocation Failure) 193M->193M(455M) 139.334ms
[2020-08-08T12:56:25.012+0300][43.735s][info][gc] GC(255) Pause Young (Allocation Failure) 251M->251M(455M) 95.126ms
[2020-08-08T12:56:25.216+0300][43.939s][info][gc] GC(256) Pause Young (Allocation Failure) 308M->309M(455M) 193.837ms
[2020-08-08T12:56:25.289+0300][44.011s][info][gc] GC(257) Pause Full (Ergonomics) 309M->41M(455M) 72.706ms
[2020-08-08T12:56:25.487+0300][44.209s][info][gc] GC(258) Pause Young (Allocation Failure) 98M->98M(455M) 186.189ms
[2020-08-08T12:56:25.787+0300][44.509s][info][gc] GC(259) Pause Young (Allocation Failure) 156M->156M(455M) 288.354ms
[2020-08-08T12:56:25.878+0300][44.600s][info][gc] GC(260) Pause Young (Allocation Failure) 213M->213M(455M) 80.378ms
[2020-08-08T12:56:26.201+0300][44.923s][info][gc] GC(261) Pause Young (Allocation Failure) 270M->270M(455M) 310.857ms
[2020-08-08T12:56:26.327+0300][45.050s][info][gc] GC(262) Pause Young (Allocation Failure) 327M->327M(455M) 119.074ms
[2020-08-08T12:56:26.453+0300][45.176s][info][gc] GC(263) Pause Full (Ergonomics) 327M->59M(455M) 125.846ms
[2020-08-08T12:56:26.623+0300][45.345s][info][gc] GC(264) Pause Young (Allocation Failure) 117M->117M(455M) 159.962ms
[2020-08-08T12:56:26.823+0300][45.545s][info][gc] GC(265) Pause Young (Allocation Failure) 175M->175M(455M) 189.995ms
[2020-08-08T12:56:26.920+0300][45.642s][info][gc] GC(266) Pause Young (Allocation Failure) 232M->232M(455M) 87.867ms
[2020-08-08T12:56:27.218+0300][45.940s][info][gc] GC(267) Pause Young (Allocation Failure) 290M->290M(455M) 286.038ms
[2020-08-08T12:56:27.313+0300][46.035s][info][gc] GC(268) Pause Young (Allocation Failure) 347M->347M(455M) 84.758ms
[2020-08-08T12:56:27.496+0300][46.218s][info][gc] GC(269) Pause Full (Ergonomics) 347M->79M(455M) 182.891ms
[2020-08-08T12:56:27.700+0300][46.422s][info][gc] GC(270) Pause Young (Allocation Failure) 136M->136M(455M) 195.249ms
[2020-08-08T12:56:27.855+0300][46.577s][info][gc] GC(271) Pause Young (Allocation Failure) 193M->193M(455M) 145.978ms
[2020-08-08T12:56:27.958+0300][46.680s][info][gc] GC(272) Pause Young (Allocation Failure) 251M->251M(455M) 92.776ms
[2020-08-08T12:56:28.194+0300][46.916s][info][gc] GC(273) Pause Young (Allocation Failure) 308M->308M(455M) 224.107ms
[2020-08-08T12:56:28.264+0300][46.986s][info][gc] GC(274) Pause Full (Ergonomics) 308M->41M(455M) 69.704ms
[2020-08-08T12:56:28.474+0300][47.196s][info][gc] GC(275) Pause Young (Allocation Failure) 98M->98M(455M) 199.969ms
[2020-08-08T12:56:28.779+0300][47.502s][info][gc] GC(276) Pause Young (Allocation Failure) 156M->156M(455M) 295.991ms
[2020-08-08T12:56:28.873+0300][47.595s][info][gc] GC(277) Pause Young (Allocation Failure) 213M->213M(455M) 82.191ms
[2020-08-08T12:56:29.190+0300][47.912s][info][gc] GC(278) Pause Young (Allocation Failure) 270M->270M(455M) 306.644ms
[2020-08-08T12:56:29.315+0300][48.037s][info][gc] GC(279) Pause Young (Allocation Failure) 327M->327M(455M) 115.011ms
[2020-08-08T12:56:29.439+0300][48.161s][info][gc] GC(280) Pause Full (Ergonomics) 327M->59M(455M) 124.003ms
[2020-08-08T12:56:29.623+0300][48.345s][info][gc] GC(281) Pause Young (Allocation Failure) 117M->117M(455M) 174.357ms
[2020-08-08T12:56:29.819+0300][48.541s][info][gc] GC(282) Pause Young (Allocation Failure) 175M->175M(455M) 188.262ms
[2020-08-08T12:56:29.915+0300][48.638s][info][gc] GC(283) Pause Young (Allocation Failure) 232M->232M(455M) 84.466ms
[2020-08-08T12:56:30.181+0300][48.903s][info][gc] GC(284) Pause Young (Allocation Failure) 290M->290M(455M) 255.329ms
[2020-08-08T12:56:30.275+0300][48.997s][info][gc] GC(285) Pause Young (Allocation Failure) 347M->347M(455M) 80.312ms
[2020-08-08T12:56:30.466+0300][49.188s][info][gc] GC(286) Pause Full (Ergonomics) 347M->79M(455M) 191.201ms
[2020-08-08T12:56:30.678+0300][49.400s][info][gc] GC(287) Pause Young (Allocation Failure) 136M->136M(455M) 200.872ms
[2020-08-08T12:56:30.831+0300][49.553s][info][gc] GC(288) Pause Young (Allocation Failure) 193M->193M(455M) 144.163ms
[2020-08-08T12:56:30.935+0300][49.658s][info][gc] GC(289) Pause Young (Allocation Failure) 251M->251M(455M) 93.562ms
[2020-08-08T12:56:31.141+0300][49.863s][info][gc] GC(290) Pause Young (Allocation Failure) 308M->309M(455M) 196.831ms
[2020-08-08T12:56:31.210+0300][49.932s][info][gc] GC(291) Pause Full (Ergonomics) 309M->41M(455M) 69.011ms
[2020-08-08T12:56:31.417+0300][50.139s][info][gc] GC(292) Pause Young (Allocation Failure) 98M->98M(455M) 194.450ms
[2020-08-08T12:56:31.725+0300][50.447s][info][gc] GC(293) Pause Young (Allocation Failure) 156M->156M(455M) 299.654ms
[2020-08-08T12:56:31.818+0300][50.541s][info][gc] GC(294) Pause Young (Allocation Failure) 213M->213M(455M) 81.153ms
[2020-08-08T12:56:32.135+0300][50.857s][info][gc] GC(295) Pause Young (Allocation Failure) 270M->270M(455M) 305.136ms
[2020-08-08T12:56:32.265+0300][50.987s][info][gc] GC(296) Pause Young (Allocation Failure) 327M->327M(455M) 120.689ms
[2020-08-08T12:56:32.392+0300][51.114s][info][gc] GC(297) Pause Full (Ergonomics) 327M->59M(455M) 127.459ms
[2020-08-08T12:56:32.579+0300][51.302s][info][gc] GC(298) Pause Young (Allocation Failure) 117M->117M(455M) 175.558ms
[2020-08-08T12:56:32.781+0300][51.504s][info][gc] GC(299) Pause Young (Allocation Failure) 174M->175M(455M) 193.589ms
[2020-08-08T12:56:32.877+0300][51.599s][info][gc] GC(300) Pause Young (Allocation Failure) 232M->232M(455M) 85.690ms
[2020-08-08T12:56:33.170+0300][51.892s][info][gc] GC(301) Pause Young (Allocation Failure) 290M->290M(455M) 284.208ms
[2020-08-08T12:56:33.271+0300][51.993s][info][gc] GC(302) Pause Young (Allocation Failure) 347M->347M(455M) 87.139ms
[2020-08-08T12:56:33.453+0300][52.175s][info][gc] GC(303) Pause Full (Ergonomics) 347M->79M(455M) 182.218ms
[2020-08-08T12:56:33.662+0300][52.385s][info][gc] GC(304) Pause Young (Allocation Failure) 136M->136M(455M) 200.038ms
[2020-08-08T12:56:33.816+0300][52.539s][info][gc] GC(305) Pause Young (Allocation Failure) 193M->193M(455M) 145.944ms
[2020-08-08T12:56:33.919+0300][52.642s][info][gc] GC(306) Pause Young (Allocation Failure) 251M->251M(455M) 93.052ms
[2020-08-08T12:56:34.128+0300][52.850s][info][gc] GC(307) Pause Young (Allocation Failure) 308M->309M(455M) 197.639ms
[2020-08-08T12:56:34.198+0300][52.920s][info][gc] GC(308) Pause Full (Ergonomics) 309M->41M(455M) 69.639ms
[2020-08-08T12:56:34.409+0300][53.132s][info][gc] GC(309) Pause Young (Allocation Failure) 98M->98M(455M) 200.058ms
[2020-08-08T12:56:34.693+0300][53.415s][info][gc] GC(310) Pause Young (Allocation Failure) 156M->156M(455M) 275.646ms
[2020-08-08T12:56:34.785+0300][53.507s][info][gc] GC(311) Pause Young (Allocation Failure) 213M->213M(455M) 81.605ms
[2020-08-08T12:56:35.099+0300][53.821s][info][gc] GC(312) Pause Young (Allocation Failure) 270M->270M(455M) 302.436ms
[2020-08-08T12:56:35.232+0300][53.954s][info][gc] GC(313) Pause Young (Allocation Failure) 327M->327M(455M) 123.329ms
[2020-08-08T12:56:35.354+0300][54.077s][info][gc] GC(314) Pause Full (Ergonomics) 327M->59M(455M) 122.871ms
[2020-08-08T12:56:35.543+0300][54.265s][info][gc] GC(315) Pause Young (Allocation Failure) 117M->117M(455M) 174.804ms
[2020-08-08T12:56:35.747+0300][54.469s][info][gc] GC(316) Pause Young (Allocation Failure) 174M->175M(455M) 195.577ms
[2020-08-08T12:56:35.843+0300][54.565s][info][gc] GC(317) Pause Young (Allocation Failure) 232M->232M(455M) 86.381ms
[2020-08-08T12:56:36.133+0300][54.856s][info][gc] GC(318) Pause Young (Allocation Failure) 290M->290M(455M) 279.402ms
[2020-08-08T12:56:36.231+0300][54.953s][info][gc] GC(319) Pause Young (Allocation Failure) 347M->347M(455M) 85.503ms
[2020-08-08T12:56:36.415+0300][55.138s][info][gc] GC(320) Pause Full (Ergonomics) 347M->79M(455M) 184.210ms
[2020-08-08T12:56:36.623+0300][55.345s][info][gc] GC(321) Pause Young (Allocation Failure) 136M->136M(455M) 193.969ms
[2020-08-08T12:56:36.742+0300][55.464s][info][gc] GC(322) Pause Young (Allocation Failure) 193M->193M(455M) 109.666ms
[2020-08-08T12:56:36.846+0300][55.568s][info][gc] GC(323) Pause Young (Allocation Failure) 251M->251M(455M) 93.785ms
[2020-08-08T12:56:37.050+0300][55.773s][info][gc] GC(324) Pause Young (Allocation Failure) 308M->309M(455M) 194.122ms
[2020-08-08T12:56:37.121+0300][55.843s][info][gc] GC(325) Pause Full (Ergonomics) 309M->41M(455M) 70.299ms
[2020-08-08T12:56:37.334+0300][56.056s][info][gc] GC(326) Pause Young (Allocation Failure) 98M->98M(455M) 201.036ms
[2020-08-08T12:56:37.624+0300][56.346s][info][gc] GC(327) Pause Young (Allocation Failure) 156M->156M(455M) 276.439ms
[2020-08-08T12:56:37.713+0300][56.436s][info][gc] GC(328) Pause Young (Allocation Failure) 213M->213M(455M) 78.383ms
[2020-08-08T12:56:38.060+0300][56.782s][info][gc] GC(329) Pause Young (Allocation Failure) 270M->270M(455M) 333.450ms
[2020-08-08T12:56:38.181+0300][56.903s][info][gc] GC(330) Pause Young (Allocation Failure) 327M->327M(455M) 110.774ms
[2020-08-08T12:56:38.308+0300][57.030s][info][gc] GC(331) Pause Full (Ergonomics) 327M->59M(455M) 127.215ms
[2020-08-08T12:56:38.468+0300][57.190s][info][gc] GC(332) Pause Young (Allocation Failure) 117M->117M(455M) 142.709ms
[2020-08-08T12:56:38.672+0300][57.394s][info][gc] GC(333) Pause Young (Allocation Failure) 174M->175M(455M) 194.236ms
[2020-08-08T12:56:38.772+0300][57.494s][info][gc] GC(334) Pause Young (Allocation Failure) 232M->232M(455M) 86.094ms
[2020-08-08T12:56:39.037+0300][57.759s][info][gc] GC(335) Pause Young (Allocation Failure) 290M->290M(455M) 254.910ms
[2020-08-08T12:56:39.128+0300][57.851s][info][gc] GC(336) Pause Young (Allocation Failure) 347M->347M(455M) 79.289ms
[2020-08-08T12:56:39.318+0300][58.040s][info][gc] GC(337) Pause Full (Ergonomics) 347M->79M(455M) 189.226ms
[2020-08-08T12:56:39.519+0300][58.241s][info][gc] GC(338) Pause Young (Allocation Failure) 136M->136M(455M) 186.717ms
[2020-08-08T12:56:39.669+0300][58.391s][info][gc] GC(339) Pause Young (Allocation Failure) 193M->193M(455M) 140.135ms
[2020-08-08T12:56:39.776+0300][58.499s][info][gc] GC(340) Pause Young (Allocation Failure) 251M->251M(455M) 93.874ms
[2020-08-08T12:56:39.985+0300][58.707s][info][gc] GC(341) Pause Young (Allocation Failure) 308M->309M(455M) 198.389ms
[2020-08-08T12:56:40.056+0300][58.779s][info][gc] GC(342) Pause Full (Ergonomics) 309M->41M(455M) 71.309ms
[2020-08-08T12:56:40.257+0300][58.980s][info][gc] GC(343) Pause Young (Allocation Failure) 98M->98M(455M) 190.220ms
[2020-08-08T12:56:40.559+0300][59.281s][info][gc] GC(344) Pause Young (Allocation Failure) 156M->156M(455M) 290.549ms
[2020-08-08T12:56:40.656+0300][59.378s][info][gc] GC(345) Pause Young (Allocation Failure) 213M->213M(455M) 83.705ms
[2020-08-08T12:56:41.043+0300][59.765s][info][gc] GC(346) Pause Young (Allocation Failure) 270M->270M(455M) 374.208ms
[2020-08-08T12:56:41.197+0300][59.919s][info][gc] GC(347) Pause Young (Allocation Failure) 327M->327M(455M) 145.877ms
[2020-08-08T12:56:41.322+0300][60.044s][info][gc] GC(348) Pause Full (Ergonomics) 327M->59M(455M) 124.855ms
[2020-08-08T12:56:41.511+0300][60.233s][info][gc] GC(349) Pause Young (Allocation Failure) 117M->117M(455M) 177.191ms
[2020-08-08T12:56:41.728+0300][60.450s][info][gc] GC(350) Pause Young (Allocation Failure) 174M->175M(455M) 206.219ms
[2020-08-08T12:56:41.825+0300][60.547s][info][gc] GC(351) Pause Young (Allocation Failure) 232M->232M(455M) 87.436ms
[2020-08-08T12:56:42.103+0300][60.825s][info][gc] GC(352) Pause Young (Allocation Failure) 290M->290M(455M) 267.713ms
[2020-08-08T12:56:42.193+0300][60.915s][info][gc] GC(353) Pause Young (Allocation Failure) 347M->347M(455M) 79.807ms
[2020-08-08T12:56:42.376+0300][61.098s][info][gc] GC(354) Pause Full (Ergonomics) 347M->79M(455M) 183.008ms
[2020-08-08T12:56:42.583+0300][61.305s][info][gc] GC(355) Pause Young (Allocation Failure) 136M->136M(455M) 196.187ms
[2020-08-08T12:56:42.709+0300][61.431s][info][gc] GC(356) Pause Young (Allocation Failure) 193M->193M(455M) 113.393ms
[2020-08-08T12:56:42.812+0300][61.535s][info][gc] GC(357) Pause Young (Allocation Failure) 251M->251M(455M) 94.032ms
[2020-08-08T12:56:43.001+0300][61.723s][info][gc] GC(358) Pause Young (Allocation Failure) 308M->309M(455M) 175.426ms
[2020-08-08T12:56:43.070+0300][61.792s][info][gc] GC(359) Pause Full (Ergonomics) 309M->41M(455M) 68.614ms
[2020-08-08T12:56:43.263+0300][61.985s][info][gc] GC(360) Pause Young (Allocation Failure) 98M->98M(455M) 183.559ms
[2020-08-08T12:56:43.575+0300][62.297s][info][gc] GC(361) Pause Young (Allocation Failure) 156M->156M(455M) 303.564ms
[2020-08-08T12:56:43.683+0300][62.405s][info][gc] GC(362) Pause Young (Allocation Failure) 214M->213M(455M) 94.271ms
[2020-08-08T12:56:43.995+0300][62.718s][info][gc] GC(363) Pause Young (Allocation Failure) 270M->270M(455M) 299.725ms
[2020-08-08T12:56:44.138+0300][62.860s][info][gc] GC(364) Pause Young (Allocation Failure) 327M->327M(455M) 133.942ms
[2020-08-08T12:56:44.263+0300][62.986s][info][gc] GC(365) Pause Full (Ergonomics) 327M->59M(455M) 125.513ms
[2020-08-08T12:56:44.449+0300][63.171s][info][gc] GC(366) Pause Young (Allocation Failure) 117M->117M(455M) 175.183ms
[2020-08-08T12:56:44.641+0300][63.363s][info][gc] GC(367) Pause Young (Allocation Failure) 175M->175M(455M) 184.441ms
[2020-08-08T12:56:44.745+0300][63.467s][info][gc] GC(368) Pause Young (Allocation Failure) 232M->232M(455M) 88.743ms
[2020-08-08T12:56:45.017+0300][63.739s][info][gc] GC(369) Pause Young (Allocation Failure) 290M->290M(455M) 263.800ms
[2020-08-08T12:56:45.108+0300][63.831s][info][gc] GC(370) Pause Young (Allocation Failure) 347M->347M(455M) 81.677ms
[2020-08-08T12:56:45.292+0300][64.014s][info][gc] GC(371) Pause Full (Ergonomics) 347M->79M(455M) 183.464ms
[2020-08-08T12:56:45.504+0300][64.226s][info][gc] GC(372) Pause Young (Allocation Failure) 136M->136M(455M) 201.022ms
[2020-08-08T12:56:45.670+0300][64.392s][info][gc] GC(373) Pause Young (Allocation Failure) 193M->193M(455M) 156.679ms
[2020-08-08T12:56:45.779+0300][64.501s][info][gc] GC(374) Pause Young (Allocation Failure) 251M->251M(455M) 95.684ms
[2020-08-08T12:56:45.985+0300][64.707s][info][gc] GC(375) Pause Young (Allocation Failure) 308M->309M(455M) 193.639ms
[2020-08-08T12:56:46.054+0300][64.776s][info][gc] GC(376) Pause Full (Ergonomics) 309M->41M(455M) 69.186ms
[2020-08-08T12:56:46.247+0300][64.969s][info][gc] GC(377) Pause Young (Allocation Failure) 98M->98M(455M) 182.713ms
[2020-08-08T12:56:46.583+0300][65.305s][info][gc] GC(378) Pause Young (Allocation Failure) 156M->156M(455M) 328.488ms
[2020-08-08T12:56:46.677+0300][65.399s][info][gc] GC(379) Pause Young (Allocation Failure) 213M->213M(455M) 83.136ms
[2020-08-08T12:56:47.028+0300][65.750s][info][gc] GC(380) Pause Young (Allocation Failure) 270M->270M(455M) 337.865ms
[2020-08-08T12:56:47.151+0300][65.873s][info][gc] GC(381) Pause Young (Allocation Failure) 327M->327M(455M) 115.272ms
[2020-08-08T12:56:47.276+0300][65.998s][info][gc] GC(382) Pause Full (Ergonomics) 327M->59M(455M) 125.098ms
[2020-08-08T12:56:47.462+0300][66.185s][info][gc] GC(383) Pause Young (Allocation Failure) 117M->117M(455M) 175.028ms
[2020-08-08T12:56:47.670+0300][66.393s][info][gc] GC(384) Pause Young (Allocation Failure) 175M->175M(455M) 199.066ms
[2020-08-08T12:56:47.776+0300][66.498s][info][gc] GC(385) Pause Young (Allocation Failure) 232M->232M(455M) 89.072ms
[2020-08-08T12:56:48.061+0300][66.783s][info][gc] GC(386) Pause Young (Allocation Failure) 290M->290M(455M) 274.886ms
[2020-08-08T12:56:48.154+0300][66.877s][info][gc] GC(387) Pause Young (Allocation Failure) 347M->347M(455M) 82.204ms
[2020-08-08T12:56:48.341+0300][67.063s][info][gc] GC(388) Pause Full (Ergonomics) 347M->79M(455M) 186.469ms
[2020-08-08T12:56:48.539+0300][67.262s][info][gc] GC(389) Pause Young (Allocation Failure) 136M->136M(455M) 186.005ms
[2020-08-08T12:56:48.680+0300][67.403s][info][gc] GC(390) Pause Young (Allocation Failure) 193M->193M(455M) 130.383ms
[2020-08-08T12:56:48.791+0300][67.514s][info][gc] GC(391) Pause Young (Allocation Failure) 251M->251M(455M) 97.306ms
[2020-08-08T12:56:48.987+0300][67.709s][info][gc] GC(392) Pause Young (Allocation Failure) 308M->308M(455M) 186.679ms
[2020-08-08T12:56:49.056+0300][67.778s][info][gc] GC(393) Pause Full (Ergonomics) 308M->41M(455M) 69.097ms
[2020-08-08T12:56:49.272+0300][67.994s][info][gc] GC(394) Pause Young (Allocation Failure) 98M->98M(455M) 205.013ms
[2020-08-08T12:56:49.564+0300][68.286s][info][gc] GC(395) Pause Young (Allocation Failure) 156M->156M(455M) 284.011ms
[2020-08-08T12:56:49.657+0300][68.379s][info][gc] GC(396) Pause Young (Allocation Failure) 213M->213M(455M) 82.624ms
[2020-08-08T12:56:49.970+0300][68.692s][info][gc] GC(397) Pause Young (Allocation Failure) 270M->270M(455M) 299.212ms
[2020-08-08T12:56:50.097+0300][68.819s][info][gc] GC(398) Pause Young (Allocation Failure) 327M->327M(455M) 118.488ms
[2020-08-08T12:56:50.222+0300][68.945s][info][gc] GC(399) Pause Full (Ergonomics) 327M->59M(455M) 124.999ms
[2020-08-08T12:56:50.410+0300][69.133s][info][gc] GC(400) Pause Young (Allocation Failure) 117M->117M(455M) 177.332ms
[2020-08-08T12:56:50.616+0300][69.338s][info][gc] GC(401) Pause Young (Allocation Failure) 175M->175M(455M) 195.890ms
[2020-08-08T12:56:50.716+0300][69.438s][info][gc] GC(402) Pause Young (Allocation Failure) 232M->232M(455M) 88.237ms
[2020-08-08T12:56:51.014+0300][69.736s][info][gc] GC(403) Pause Young (Allocation Failure) 290M->290M(455M) 286.951ms
[2020-08-08T12:56:51.107+0300][69.829s][info][gc] GC(404) Pause Young (Allocation Failure) 347M->347M(455M) 83.297ms
[2020-08-08T12:56:51.292+0300][70.014s][info][gc] GC(405) Pause Full (Ergonomics) 347M->79M(455M) 184.722ms
[2020-08-08T12:56:51.503+0300][70.225s][info][gc] GC(406) Pause Young (Allocation Failure) 136M->136M(455M) 200.421ms
[2020-08-08T12:56:51.645+0300][70.367s][info][gc] GC(407) Pause Young (Allocation Failure) 193M->193M(455M) 132.489ms
[2020-08-08T12:56:51.753+0300][70.475s][info][gc] GC(408) Pause Young (Allocation Failure) 251M->251M(455M) 94.759ms
[2020-08-08T12:56:51.955+0300][70.677s][info][gc] GC(409) Pause Young (Allocation Failure) 308M->309M(455M) 188.170ms
[2020-08-08T12:56:52.023+0300][70.746s][info][gc] GC(410) Pause Full (Ergonomics) 309M->41M(455M) 68.644ms
[2020-08-08T12:56:52.233+0300][70.955s][info][gc] GC(411) Pause Young (Allocation Failure) 98M->98M(455M) 199.879ms
[2020-08-08T12:56:52.529+0300][71.251s][info][gc] GC(412) Pause Young (Allocation Failure) 156M->156M(455M) 287.262ms
[2020-08-08T12:56:52.628+0300][71.350s][info][gc] GC(413) Pause Young (Allocation Failure) 213M->213M(455M) 89.193ms
[2020-08-08T12:56:52.941+0300][71.663s][info][gc] GC(414) Pause Young (Allocation Failure) 270M->270M(455M) 302.509ms
[2020-08-08T12:56:53.076+0300][71.798s][info][gc] GC(415) Pause Young (Allocation Failure) 327M->327M(455M) 124.015ms
[2020-08-08T12:56:53.199+0300][71.921s][info][gc] GC(416) Pause Full (Ergonomics) 327M->59M(455M) 123.168ms
[2020-08-08T12:56:53.380+0300][72.102s][info][gc] GC(417) Pause Young (Allocation Failure) 117M->117M(455M) 171.038ms
[2020-08-08T12:56:53.584+0300][72.306s][info][gc] GC(418) Pause Young (Allocation Failure) 174M->175M(455M) 195.495ms
[2020-08-08T12:56:53.679+0300][72.401s][info][gc] GC(419) Pause Young (Allocation Failure) 232M->232M(455M) 84.264ms
[2020-08-08T12:56:53.961+0300][72.683s][info][gc] GC(420) Pause Young (Allocation Failure) 290M->290M(455M) 271.265ms
[2020-08-08T12:56:54.054+0300][72.776s][info][gc] GC(421) Pause Young (Allocation Failure) 347M->347M(455M) 80.311ms
[2020-08-08T12:56:54.236+0300][72.958s][info][gc] GC(422) Pause Full (Ergonomics) 347M->79M(455M) 181.690ms
[2020-08-08T12:56:54.430+0300][73.153s][info][gc] GC(423) Pause Young (Allocation Failure) 136M->136M(455M) 185.135ms
[2020-08-08T12:56:54.579+0300][73.301s][info][gc] GC(424) Pause Young (Allocation Failure) 193M->193M(455M) 140.386ms
[2020-08-08T12:56:54.684+0300][73.406s][info][gc] GC(425) Pause Young (Allocation Failure) 251M->251M(455M) 94.396ms
[2020-08-08T12:56:54.893+0300][73.615s][info][gc] GC(426) Pause Young (Allocation Failure) 308M->309M(455M) 197.161ms
[2020-08-08T12:56:54.963+0300][73.685s][info][gc] GC(427) Pause Full (Ergonomics) 309M->41M(455M) 70.021ms
[2020-08-08T12:56:55.173+0300][73.895s][info][gc] GC(428) Pause Young (Allocation Failure) 98M->98M(455M) 197.141ms
[2020-08-08T12:56:55.500+0300][74.222s][info][gc] GC(429) Pause Young (Allocation Failure) 156M->156M(455M) 317.865ms
[2020-08-08T12:56:55.596+0300][74.318s][info][gc] GC(430) Pause Young (Allocation Failure) 213M->213M(455M) 86.948ms
[2020-08-08T12:56:55.932+0300][74.654s][info][gc] GC(431) Pause Young (Allocation Failure) 270M->270M(455M) 325.855ms
[2020-08-08T12:56:56.063+0300][74.785s][info][gc] GC(432) Pause Young (Allocation Failure) 327M->327M(455M) 120.253ms
[2020-08-08T12:56:56.188+0300][74.910s][info][gc] GC(433) Pause Full (Ergonomics) 327M->59M(455M) 124.745ms
[2020-08-08T12:56:56.372+0300][75.094s][info][gc] GC(434) Pause Young (Allocation Failure) 117M->117M(455M) 173.424ms
[2020-08-08T12:56:56.576+0300][75.298s][info][gc] GC(435) Pause Young (Allocation Failure) 174M->175M(455M) 196.162ms
[2020-08-08T12:56:56.676+0300][75.399s][info][gc] GC(436) Pause Young (Allocation Failure) 232M->232M(455M) 90.642ms
[2020-08-08T12:56:56.951+0300][75.673s][info][gc] GC(437) Pause Young (Allocation Failure) 290M->290M(455M) 265.233ms
[2020-08-08T12:56:57.043+0300][75.765s][info][gc] GC(438) Pause Young (Allocation Failure) 347M->347M(455M) 80.408ms
[2020-08-08T12:56:57.229+0300][75.951s][info][gc] GC(439) Pause Full (Ergonomics) 347M->79M(455M) 185.861ms
[2020-08-08T12:56:57.434+0300][76.156s][info][gc] GC(440) Pause Young (Allocation Failure) 136M->136M(455M) 195.092ms
[2020-08-08T12:56:57.571+0300][76.293s][info][gc] GC(441) Pause Young (Allocation Failure) 193M->193M(455M) 126.962ms
[2020-08-08T12:56:57.675+0300][76.397s][info][gc] GC(442) Pause Young (Allocation Failure) 251M->251M(455M) 93.922ms
[2020-08-08T12:56:57.882+0300][76.604s][info][gc] GC(443) Pause Young (Allocation Failure) 308M->309M(455M) 195.200ms
[2020-08-08T12:56:57.953+0300][76.675s][info][gc] GC(444) Pause Full (Ergonomics) 309M->41M(455M) 70.909ms
[2020-08-08T12:56:58.160+0300][76.882s][info][gc] GC(445) Pause Young (Allocation Failure) 98M->98M(455M) 193.425ms
[2020-08-08T12:56:58.465+0300][77.187s][info][gc] GC(446) Pause Young (Allocation Failure) 156M->156M(455M) 296.786ms
[2020-08-08T12:56:58.558+0300][77.280s][info][gc] GC(447) Pause Young (Allocation Failure) 213M->214M(455M) 82.079ms
[2020-08-08T12:56:58.911+0300][77.634s][info][gc] GC(448) Pause Young (Allocation Failure) 270M->270M(455M) 343.485ms
[2020-08-08T12:56:59.035+0300][77.757s][info][gc] GC(449) Pause Young (Allocation Failure) 327M->327M(455M) 116.267ms
[2020-08-08T12:56:59.162+0300][77.884s][info][gc] GC(450) Pause Full (Ergonomics) 327M->59M(455M) 126.619ms
[2020-08-08T12:56:59.352+0300][78.074s][info][gc] GC(451) Pause Young (Allocation Failure) 117M->117M(455M) 176.714ms
[2020-08-08T12:56:59.551+0300][78.273s][info][gc] GC(452) Pause Young (Allocation Failure) 174M->175M(455M) 190.479ms
[2020-08-08T12:56:59.647+0300][78.369s][info][gc] GC(453) Pause Young (Allocation Failure) 232M->232M(455M) 85.475ms
[2020-08-08T12:56:59.918+0300][78.640s][info][gc] GC(454) Pause Young (Allocation Failure) 290M->290M(455M) 261.937ms
[2020-08-08T12:57:00.005+0300][78.727s][info][gc] GC(455) Pause Young (Allocation Failure) 347M->347M(455M) 77.506ms
[2020-08-08T12:57:00.197+0300][78.919s][info][gc] GC(456) Pause Full (Ergonomics) 347M->80M(455M) 191.523ms
[2020-08-08T12:57:00.397+0300][79.119s][info][gc] GC(457) Pause Young (Allocation Failure) 136M->136M(455M) 187.593ms
[2020-08-08T12:57:00.528+0300][79.250s][info][gc] GC(458) Pause Young (Allocation Failure) 193M->193M(455M) 121.901ms
[2020-08-08T12:57:00.631+0300][79.353s][info][gc] GC(459) Pause Young (Allocation Failure) 251M->251M(455M) 93.746ms
[2020-08-08T12:57:00.835+0300][79.557s][info][gc] GC(460) Pause Young (Allocation Failure) 308M->309M(455M) 195.534ms
[2020-08-08T12:57:00.905+0300][79.627s][info][gc] GC(461) Pause Full (Ergonomics) 309M->41M(455M) 69.777ms
[2020-08-08T12:57:01.101+0300][79.823s][info][gc] GC(462) Pause Young (Allocation Failure) 98M->98M(455M) 185.586ms
[2020-08-08T12:57:01.423+0300][80.145s][info][gc] GC(463) Pause Young (Allocation Failure) 156M->156M(455M) 312.369ms
[2020-08-08T12:57:01.511+0300][80.233s][info][gc] GC(464) Pause Young (Allocation Failure) 213M->214M(455M) 78.122ms
[2020-08-08T12:57:01.835+0300][80.557s][info][gc] GC(465) Pause Young (Allocation Failure) 270M->270M(455M) 314.483ms
[2020-08-08T12:57:01.964+0300][80.687s][info][gc] GC(466) Pause Young (Allocation Failure) 327M->327M(455M) 121.084ms
[2020-08-08T12:57:02.088+0300][80.810s][info][gc] GC(467) Pause Full (Ergonomics) 327M->59M(455M) 123.425ms
[2020-08-08T12:57:02.261+0300][80.983s][info][gc] GC(468) Pause Young (Allocation Failure) 117M->117M(455M) 159.046ms
[2020-08-08T12:57:02.471+0300][81.193s][info][gc] GC(469) Pause Young (Allocation Failure) 174M->175M(455M) 202.442ms
[2020-08-08T12:57:02.568+0300][81.291s][info][gc] GC(470) Pause Young (Allocation Failure) 232M->232M(455M) 87.560ms
[2020-08-08T12:57:02.843+0300][81.565s][info][gc] GC(471) Pause Young (Allocation Failure) 290M->290M(455M) 264.946ms
[2020-08-08T12:57:02.933+0300][81.655s][info][gc] GC(472) Pause Young (Allocation Failure) 347M->347M(455M) 79.692ms
[2020-08-08T12:57:03.116+0300][81.838s][info][gc] GC(473) Pause Full (Ergonomics) 347M->80M(455M) 182.835ms
[2020-08-08T12:57:03.315+0300][82.037s][info][gc] GC(474) Pause Young (Allocation Failure) 136M->136M(455M) 185.545ms
[2020-08-08T12:57:03.449+0300][82.171s][info][gc] GC(475) Pause Young (Allocation Failure) 193M->193M(455M) 125.751ms
[2020-08-08T12:57:03.553+0300][82.276s][info][gc] GC(476) Pause Young (Allocation Failure) 251M->251M(455M) 94.663ms
[2020-08-08T12:57:03.759+0300][82.481s][info][gc] GC(477) Pause Young (Allocation Failure) 308M->309M(455M) 196.568ms
[2020-08-08T12:57:03.830+0300][82.552s][info][gc] GC(478) Pause Full (Ergonomics) 309M->41M(455M) 71.015ms
[2020-08-08T12:57:04.031+0300][82.753s][info][gc] GC(479) Pause Young (Allocation Failure) 98M->98M(455M) 191.567ms
[2020-08-08T12:57:04.353+0300][83.075s][info][gc] GC(480) Pause Young (Allocation Failure) 156M->156M(455M) 314.392ms
[2020-08-08T12:57:04.449+0300][83.171s][info][gc] GC(481) Pause Young (Allocation Failure) 214M->213M(455M) 82.047ms
[2020-08-08T12:57:04.741+0300][83.463s][info][gc] GC(482) Pause Young (Allocation Failure) 270M->270M(455M) 282.173ms
[2020-08-08T12:57:04.861+0300][83.584s][info][gc] GC(483) Pause Young (Allocation Failure) 327M->327M(455M) 112.364ms
[2020-08-08T12:57:04.991+0300][83.714s][info][gc] GC(484) Pause Full (Ergonomics) 327M->59M(455M) 129.816ms
[2020-08-08T12:57:05.172+0300][83.895s][info][gc] GC(485) Pause Young (Allocation Failure) 117M->117M(455M) 170.685ms
[2020-08-08T12:57:05.371+0300][84.094s][info][gc] GC(486) Pause Young (Allocation Failure) 175M->175M(455M) 191.039ms
[2020-08-08T12:57:05.474+0300][84.196s][info][gc] GC(487) Pause Young (Allocation Failure) 232M->232M(455M) 89.112ms
[2020-08-08T12:57:05.741+0300][84.463s][info][gc] GC(488) Pause Young (Allocation Failure) 290M->290M(455M) 258.074ms
[2020-08-08T12:57:05.831+0300][84.553s][info][gc] GC(489) Pause Young (Allocation Failure) 347M->347M(455M) 79.859ms
[2020-08-08T12:57:06.017+0300][84.739s][info][gc] GC(490) Pause Full (Ergonomics) 347M->80M(455M) 185.795ms
[2020-08-08T12:57:06.226+0300][84.948s][info][gc] GC(491) Pause Young (Allocation Failure) 136M->136M(455M) 197.257ms
[2020-08-08T12:57:06.368+0300][85.090s][info][gc] GC(492) Pause Young (Allocation Failure) 193M->193M(455M) 133.842ms
[2020-08-08T12:57:06.477+0300][85.199s][info][gc] GC(493) Pause Young (Allocation Failure) 251M->251M(455M) 94.919ms
[2020-08-08T12:57:06.686+0300][85.409s][info][gc] GC(494) Pause Young (Allocation Failure) 308M->309M(455M) 200.672ms
[2020-08-08T12:57:06.757+0300][85.480s][info][gc] GC(495) Pause Full (Ergonomics) 309M->41M(455M) 70.983ms
[2020-08-08T12:57:06.967+0300][85.689s][info][gc] GC(496) Pause Young (Allocation Failure) 98M->98M(455M) 198.492ms
[2020-08-08T12:57:07.285+0300][86.008s][info][gc] GC(497) Pause Young (Allocation Failure) 156M->156M(455M) 310.374ms
[2020-08-08T12:57:07.377+0300][86.099s][info][gc] GC(498) Pause Young (Allocation Failure) 213M->214M(455M) 81.757ms
[2020-08-08T12:57:07.726+0300][86.448s][info][gc] GC(499) Pause Young (Allocation Failure) 270M->270M(455M) 336.392ms
[2020-08-08T12:57:07.855+0300][86.577s][info][gc] GC(500) Pause Young (Allocation Failure) 327M->327M(455M) 120.641ms
[2020-08-08T12:57:07.972+0300][86.694s][info][gc] GC(501) Pause Full (Ergonomics) 327M->59M(455M) 117.597ms
[2020-08-08T12:57:08.134+0300][86.856s][info][gc] GC(502) Pause Young (Allocation Failure) 117M->117M(455M) 149.658ms
[2020-08-08T12:57:08.356+0300][87.078s][info][gc] GC(503) Pause Young (Allocation Failure) 175M->175M(455M) 213.628ms
[2020-08-08T12:57:08.452+0300][87.174s][info][gc] GC(504) Pause Young (Allocation Failure) 232M->232M(455M) 85.728ms
[2020-08-08T12:57:08.740+0300][87.462s][info][gc] GC(505) Pause Young (Allocation Failure) 290M->290M(455M) 276.810ms
[2020-08-08T12:57:08.831+0300][87.553s][info][gc] GC(506) Pause Young (Allocation Failure) 347M->347M(455M) 80.887ms
[2020-08-08T12:57:09.019+0300][87.741s][info][gc] GC(507) Pause Full (Ergonomics) 347M->80M(455M) 187.516ms
[2020-08-08T12:57:09.225+0300][87.947s][info][gc] GC(508) Pause Young (Allocation Failure) 136M->136M(455M) 195.628ms
[2020-08-08T12:57:09.359+0300][88.081s][info][gc] GC(509) Pause Young (Allocation Failure) 193M->193M(455M) 126.230ms
[2020-08-08T12:57:09.462+0300][88.184s][info][gc] GC(510) Pause Young (Allocation Failure) 251M->251M(455M) 93.298ms
[2020-08-08T12:57:09.669+0300][88.392s][info][gc] GC(511) Pause Young (Allocation Failure) 308M->309M(455M) 194.422ms
[2020-08-08T12:57:09.741+0300][88.463s][info][gc] GC(512) Pause Full (Ergonomics) 309M->41M(455M) 71.726ms
[2020-08-08T12:57:09.951+0300][88.673s][info][gc] GC(513) Pause Young (Allocation Failure) 98M->98M(455M) 198.698ms
[2020-08-08T12:57:10.268+0300][88.991s][info][gc] GC(514) Pause Young (Allocation Failure) 156M->156M(455M) 308.803ms
[2020-08-08T12:57:10.357+0300][89.079s][info][gc] GC(515) Pause Young (Allocation Failure) 213M->214M(455M) 78.354ms
[2020-08-08T12:57:10.705+0300][89.427s][info][gc] GC(516) Pause Young (Allocation Failure) 270M->270M(455M) 337.196ms
[2020-08-08T12:57:10.858+0300][89.580s][info][gc] GC(517) Pause Young (Allocation Failure) 327M->327M(455M) 141.308ms
[2020-08-08T12:57:10.986+0300][89.709s][info][gc] GC(518) Pause Full (Ergonomics) 327M->59M(455M) 128.498ms
[2020-08-08T12:57:11.167+0300][89.889s][info][gc] GC(519) Pause Young (Allocation Failure) 117M->117M(455M) 170.148ms
[2020-08-08T12:57:11.371+0300][90.093s][info][gc] GC(520) Pause Young (Allocation Failure) 174M->175M(455M) 195.866ms
[2020-08-08T12:57:11.467+0300][90.189s][info][gc] GC(521) Pause Young (Allocation Failure) 232M->232M(455M) 84.533ms
[2020-08-08T12:57:11.732+0300][90.454s][info][gc] GC(522) Pause Young (Allocation Failure) 290M->290M(455M) 256.839ms
[2020-08-08T12:57:11.825+0300][90.547s][info][gc] GC(523) Pause Young (Allocation Failure) 347M->347M(455M) 79.786ms
[2020-08-08T12:57:12.007+0300][90.730s][info][gc] GC(524) Pause Full (Ergonomics) 347M->79M(455M) 182.758ms
[2020-08-08T12:57:12.199+0300][90.921s][info][gc] GC(525) Pause Young (Allocation Failure) 136M->136M(455M) 181.796ms
[2020-08-08T12:57:12.325+0300][91.047s][info][gc] GC(526) Pause Young (Allocation Failure) 193M->193M(455M) 119.022ms
[2020-08-08T12:57:12.428+0300][91.150s][info][gc] GC(527) Pause Young (Allocation Failure) 251M->251M(455M) 93.653ms
[2020-08-08T12:57:12.631+0300][91.353s][info][gc] GC(528) Pause Young (Allocation Failure) 308M->309M(455M) 189.915ms
[2020-08-08T12:57:12.702+0300][91.425s][info][gc] GC(529) Pause Full (Ergonomics) 309M->41M(455M) 71.639ms
[2020-08-08T12:57:12.914+0300][91.637s][info][gc] GC(530) Pause Young (Allocation Failure) 98M->98M(455M) 199.184ms
[2020-08-08T12:57:13.232+0300][91.954s][info][gc] GC(531) Pause Young (Allocation Failure) 156M->156M(455M) 309.878ms
[2020-08-08T12:57:13.319+0300][92.042s][info][gc] GC(532) Pause Young (Allocation Failure) 213M->214M(455M) 77.488ms
[2020-08-08T12:57:13.670+0300][92.392s][info][gc] GC(533) Pause Young (Allocation Failure) 270M->270M(455M) 340.590ms
[2020-08-08T12:57:13.804+0300][92.526s][info][gc] GC(534) Pause Young (Allocation Failure) 327M->327M(455M) 119.847ms
[2020-08-08T12:57:13.928+0300][92.650s][info][gc] GC(535) Pause Full (Ergonomics) 327M->59M(455M) 124.591ms
[2020-08-08T12:57:14.111+0300][92.833s][info][gc] GC(536) Pause Young (Allocation Failure) 117M->117M(455M) 171.385ms
[2020-08-08T12:57:14.318+0300][93.040s][info][gc] GC(537) Pause Young (Allocation Failure) 174M->175M(455M) 199.796ms
[2020-08-08T12:57:14.411+0300][93.134s][info][gc] GC(538) Pause Young (Allocation Failure) 232M->232M(455M) 83.927ms
[2020-08-08T12:57:14.700+0300][93.422s][info][gc] GC(539) Pause Young (Allocation Failure) 290M->290M(455M) 280.367ms
[2020-08-08T12:57:14.804+0300][93.526s][info][gc] GC(540) Pause Young (Allocation Failure) 347M->347M(455M) 89.675ms
[2020-08-08T12:57:14.986+0300][93.708s][info][gc] GC(541) Pause Full (Ergonomics) 347M->79M(455M) 181.855ms
[2020-08-08T12:57:15.175+0300][93.897s][info][gc] GC(542) Pause Young (Allocation Failure) 136M->136M(455M) 179.489ms
[2020-08-08T12:57:15.302+0300][94.025s][info][gc] GC(543) Pause Young (Allocation Failure) 193M->193M(455M) 119.827ms
[2020-08-08T12:57:15.406+0300][94.128s][info][gc] GC(544) Pause Young (Allocation Failure) 251M->251M(455M) 93.994ms
[2020-08-08T12:57:15.604+0300][94.327s][info][gc] GC(545) Pause Young (Allocation Failure) 308M->309M(455M) 189.322ms
[2020-08-08T12:57:15.675+0300][94.397s][info][gc] GC(546) Pause Full (Ergonomics) 309M->41M(455M) 70.456ms
[2020-08-08T12:57:15.872+0300][94.594s][info][gc] GC(547) Pause Young (Allocation Failure) 98M->98M(455M) 186.139ms
[2020-08-08T12:57:16.194+0300][94.916s][info][gc] GC(548) Pause Young (Allocation Failure) 156M->156M(455M) 310.427ms
[2020-08-08T12:57:16.284+0300][95.006s][info][gc] GC(549) Pause Young (Allocation Failure) 213M->214M(455M) 81.211ms
[2020-08-08T12:57:16.593+0300][95.315s][info][gc] GC(550) Pause Young (Allocation Failure) 270M->270M(455M) 299.181ms
[2020-08-08T12:57:16.717+0300][95.440s][info][gc] GC(551) Pause Young (Allocation Failure) 327M->327M(455M) 116.017ms
[2020-08-08T12:57:16.842+0300][95.564s][info][gc] GC(552) Pause Full (Ergonomics) 327M->59M(455M) 124.105ms
[2020-08-08T12:57:17.028+0300][95.751s][info][gc] GC(553) Pause Young (Allocation Failure) 117M->117M(455M) 174.071ms
[2020-08-08T12:57:17.234+0300][95.956s][info][gc] GC(554) Pause Young (Allocation Failure) 174M->175M(455M) 198.760ms
[2020-08-08T12:57:17.329+0300][96.051s][info][gc] GC(555) Pause Young (Allocation Failure) 232M->232M(455M) 85.569ms
[2020-08-08T12:57:17.603+0300][96.325s][info][gc] GC(556) Pause Young (Allocation Failure) 290M->290M(455M) 266.224ms
[2020-08-08T12:57:17.693+0300][96.415s][info][gc] GC(557) Pause Young (Allocation Failure) 347M->347M(455M) 79.905ms
[2020-08-08T12:57:17.878+0300][96.601s][info][gc] GC(558) Pause Full (Ergonomics) 347M->80M(455M) 185.780ms
[2020-08-08T12:57:18.087+0300][96.809s][info][gc] GC(559) Pause Young (Allocation Failure) 136M->136M(455M) 195.005ms
[2020-08-08T12:57:18.228+0300][96.951s][info][gc] GC(560) Pause Young (Allocation Failure) 193M->193M(455M) 131.825ms
[2020-08-08T12:57:18.333+0300][97.055s][info][gc] GC(561) Pause Young (Allocation Failure) 251M->251M(455M) 94.789ms
[2020-08-08T12:57:18.535+0300][97.257s][info][gc] GC(562) Pause Young (Allocation Failure) 308M->309M(455M) 191.570ms
[2020-08-08T12:57:18.608+0300][97.330s][info][gc] GC(563) Pause Full (Ergonomics) 309M->41M(455M) 73.343ms
[2020-08-08T12:57:18.800+0300][97.523s][info][gc] GC(564) Pause Young (Allocation Failure) 98M->98M(455M) 180.327ms
[2020-08-08T12:57:19.120+0300][97.842s][info][gc] GC(565) Pause Young (Allocation Failure) 156M->156M(455M) 311.706ms
[2020-08-08T12:57:19.212+0300][97.934s][info][gc] GC(566) Pause Young (Allocation Failure) 214M->213M(455M) 79.613ms
[2020-08-08T12:57:19.501+0300][98.223s][info][gc] GC(567) Pause Young (Allocation Failure) 270M->270M(455M) 279.880ms
[2020-08-08T12:57:19.626+0300][98.348s][info][gc] GC(568) Pause Young (Allocation Failure) 327M->327M(455M) 115.869ms
[2020-08-08T12:57:19.758+0300][98.480s][info][gc] GC(569) Pause Full (Ergonomics) 327M->59M(455M) 132.622ms
[2020-08-08T12:57:19.943+0300][98.666s][info][gc] GC(570) Pause Young (Allocation Failure) 117M->117M(455M) 174.288ms
[2020-08-08T12:57:20.155+0300][98.877s][info][gc] GC(571) Pause Young (Allocation Failure) 175M->175M(455M) 204.204ms
[2020-08-08T12:57:20.256+0300][98.978s][info][gc] GC(572) Pause Young (Allocation Failure) 232M->232M(455M) 88.871ms
[2020-08-08T12:57:20.523+0300][99.245s][info][gc] GC(573) Pause Young (Allocation Failure) 290M->290M(455M) 258.464ms
[2020-08-08T12:57:20.616+0300][99.338s][info][gc] GC(574) Pause Young (Allocation Failure) 347M->347M(455M) 82.397ms
[2020-08-08T12:57:20.801+0300][99.523s][info][gc] GC(575) Pause Full (Ergonomics) 347M->80M(455M) 185.255ms
[2020-08-08T12:57:21.006+0300][99.729s][info][gc] GC(576) Pause Young (Allocation Failure) 136M->136M(455M) 195.086ms
[2020-08-08T12:57:21.151+0300][99.873s][info][gc] GC(577) Pause Young (Allocation Failure) 193M->193M(455M) 133.825ms
[2020-08-08T12:57:21.260+0300][99.982s][info][gc] GC(578) Pause Young (Allocation Failure) 251M->251M(455M) 95.562ms
[2020-08-08T12:57:21.464+0300][100.186s][info][gc] GC(579) Pause Young (Allocation Failure) 308M->309M(455M) 195.179ms
[2020-08-08T12:57:21.537+0300][100.259s][info][gc] GC(580) Pause Full (Ergonomics) 309M->41M(455M) 72.593ms
[2020-08-08T12:57:21.734+0300][100.457s][info][gc] GC(581) Pause Young (Allocation Failure) 98M->98M(455M) 185.854ms
[2020-08-08T12:57:22.062+0300][100.784s][info][gc] GC(582) Pause Young (Allocation Failure) 156M->156M(455M) 317.033ms
[2020-08-08T12:57:22.149+0300][100.871s][info][gc] GC(583) Pause Young (Allocation Failure) 213M->213M(455M) 78.335ms
[2020-08-08T12:57:22.471+0300][101.193s][info][gc] GC(584) Pause Young (Allocation Failure) 270M->270M(455M) 307.746ms
[2020-08-08T12:57:22.595+0300][101.318s][info][gc] GC(585) Pause Young (Allocation Failure) 327M->327M(455M) 115.440ms
[2020-08-08T12:57:22.720+0300][101.442s][info][gc] GC(586) Pause Full (Ergonomics) 327M->59M(455M) 124.179ms
[2020-08-08T12:57:22.895+0300][101.617s][info][gc] GC(587) Pause Young (Allocation Failure) 117M->117M(455M) 164.009ms
[2020-08-08T12:57:23.093+0300][101.815s][info][gc] GC(588) Pause Young (Allocation Failure) 175M->175M(455M) 190.932ms
[2020-08-08T12:57:23.192+0300][101.914s][info][gc] GC(589) Pause Young (Allocation Failure) 232M->232M(455M) 88.816ms
[2020-08-08T12:57:23.477+0300][102.199s][info][gc] GC(590) Pause Young (Allocation Failure) 290M->290M(455M) 272.152ms
[2020-08-08T12:57:23.567+0300][102.289s][info][gc] GC(591) Pause Young (Allocation Failure) 347M->347M(455M) 79.689ms
[2020-08-08T12:57:23.757+0300][102.479s][info][gc] GC(592) Pause Full (Ergonomics) 347M->80M(455M) 190.242ms
[2020-08-08T12:57:23.949+0300][102.672s][info][gc] GC(593) Pause Young (Allocation Failure) 136M->136M(455M) 181.776ms
[2020-08-08T12:57:24.084+0300][102.806s][info][gc] GC(594) Pause Young (Allocation Failure) 193M->193M(455M) 126.713ms
[2020-08-08T12:57:24.189+0300][102.912s][info][gc] GC(595) Pause Young (Allocation Failure) 251M->251M(455M) 95.729ms
[2020-08-08T12:57:24.381+0300][103.103s][info][gc] GC(596) Pause Young (Allocation Failure) 308M->309M(455M) 181.755ms
[2020-08-08T12:57:24.451+0300][103.173s][info][gc] GC(597) Pause Full (Ergonomics) 309M->41M(455M) 70.351ms
[2020-08-08T12:57:24.654+0300][103.376s][info][gc] GC(598) Pause Young (Allocation Failure) 98M->98M(455M) 190.109ms
[2020-08-08T12:57:24.953+0300][103.675s][info][gc] GC(599) Pause Young (Allocation Failure) 156M->156M(455M) 288.357ms
[2020-08-08T12:57:25.048+0300][103.770s][info][gc] GC(600) Pause Young (Allocation Failure) 213M->214M(455M) 86.004ms
[2020-08-08T12:57:25.385+0300][104.107s][info][gc] GC(601) Pause Young (Allocation Failure) 270M->270M(455M) 326.622ms
[2020-08-08T12:57:25.514+0300][104.236s][info][gc] GC(602) Pause Young (Allocation Failure) 327M->327M(455M) 117.567ms
[2020-08-08T12:57:25.639+0300][104.362s][info][gc] GC(603) Pause Full (Ergonomics) 327M->59M(455M) 126.069ms
[2020-08-08T12:57:25.814+0300][104.537s][info][gc] GC(604) Pause Young (Allocation Failure) 117M->117M(455M) 163.562ms
[2020-08-08T12:57:26.004+0300][104.727s][info][gc] GC(605) Pause Young (Allocation Failure) 174M->175M(455M) 181.756ms
[2020-08-08T12:57:26.102+0300][104.825s][info][gc] GC(606) Pause Young (Allocation Failure) 232M->232M(455M) 88.133ms
[2020-08-08T12:57:26.380+0300][105.103s][info][gc] GC(607) Pause Young (Allocation Failure) 290M->290M(455M) 267.100ms
[2020-08-08T12:57:26.469+0300][105.192s][info][gc] GC(608) Pause Young (Allocation Failure) 347M->347M(455M) 76.215ms
[2020-08-08T12:57:26.653+0300][105.376s][info][gc] GC(609) Pause Full (Ergonomics) 347M->79M(455M) 184.096ms
[2020-08-08T12:57:26.860+0300][105.582s][info][gc] GC(610) Pause Young (Allocation Failure) 136M->136M(455M) 195.805ms
[2020-08-08T12:57:26.986+0300][105.709s][info][gc] GC(611) Pause Young (Allocation Failure) 193M->193M(455M) 118.070ms
[2020-08-08T12:57:27.089+0300][105.812s][info][gc] GC(612) Pause Young (Allocation Failure) 251M->251M(455M) 93.030ms
[2020-08-08T12:57:27.280+0300][106.003s][info][gc] GC(613) Pause Young (Allocation Failure) 308M->309M(455M) 180.429ms
[2020-08-08T12:57:27.352+0300][106.075s][info][gc] GC(614) Pause Full (Ergonomics) 309M->41M(455M) 71.990ms
[2020-08-08T12:57:27.558+0300][106.281s][info][gc] GC(615) Pause Young (Allocation Failure) 98M->98M(455M) 190.130ms
[2020-08-08T12:57:27.862+0300][106.585s][info][gc] GC(616) Pause Young (Allocation Failure) 156M->156M(455M) 296.490ms
[2020-08-08T12:57:27.953+0300][106.676s][info][gc] GC(617) Pause Young (Allocation Failure) 213M->214M(455M) 82.067ms
[2020-08-08T12:57:28.283+0300][107.006s][info][gc] GC(618) Pause Young (Allocation Failure) 270M->270M(455M) 318.006ms
[2020-08-08T12:57:28.405+0300][107.128s][info][gc] GC(619) Pause Young (Allocation Failure) 327M->327M(455M) 113.359ms
[2020-08-08T12:57:28.531+0300][107.253s][info][gc] GC(620) Pause Full (Ergonomics) 327M->59M(455M) 125.543ms
[2020-08-08T12:57:28.692+0300][107.415s][info][gc] GC(621) Pause Young (Allocation Failure) 117M->117M(455M) 144.337ms
[2020-08-08T12:57:28.887+0300][107.610s][info][gc] GC(622) Pause Young (Allocation Failure) 174M->175M(455M) 184.368ms
[2020-08-08T12:57:28.984+0300][107.707s][info][gc] GC(623) Pause Young (Allocation Failure) 232M->232M(455M) 86.993ms
[2020-08-08T12:57:29.259+0300][107.982s][info][gc] GC(624) Pause Young (Allocation Failure) 290M->290M(455M) 265.957ms
[2020-08-08T12:57:29.344+0300][108.067s][info][gc] GC(625) Pause Young (Allocation Failure) 347M->347M(455M) 75.655ms
[2020-08-08T12:57:29.531+0300][108.254s][info][gc] GC(626) Pause Full (Ergonomics) 347M->80M(455M) 186.589ms
[2020-08-08T12:57:29.734+0300][108.457s][info][gc] GC(627) Pause Young (Allocation Failure) 136M->136M(455M) 189.613ms
[2020-08-08T12:57:29.857+0300][108.580s][info][gc] GC(628) Pause Young (Allocation Failure) 193M->193M(455M) 114.509ms
[2020-08-08T12:57:29.960+0300][108.683s][info][gc] GC(629) Pause Young (Allocation Failure) 251M->251M(455M) 93.388ms
[2020-08-08T12:57:30.151+0300][108.874s][info][gc] GC(630) Pause Young (Allocation Failure) 308M->309M(455M) 182.536ms
[2020-08-08T12:57:30.223+0300][108.946s][info][gc] GC(631) Pause Full (Ergonomics) 309M->41M(455M) 72.096ms
[2020-08-08T12:57:30.408+0300][109.131s][info][gc] GC(632) Pause Young (Allocation Failure) 98M->98M(455M) 174.760ms
[2020-08-08T12:57:30.707+0300][109.429s][info][gc] GC(633) Pause Young (Allocation Failure) 156M->156M(455M) 290.337ms
[2020-08-08T12:57:30.801+0300][109.524s][info][gc] GC(634) Pause Young (Allocation Failure) 214M->214M(455M) 80.924ms
[2020-08-08T12:57:31.117+0300][109.839s][info][gc] GC(635) Pause Young (Allocation Failure) 270M->270M(455M) 303.950ms
[2020-08-08T12:57:31.232+0300][109.954s][info][gc] GC(636) Pause Young (Allocation Failure) 327M->327M(455M) 107.136ms
[2020-08-08T12:57:31.356+0300][110.079s][info][gc] GC(637) Pause Full (Ergonomics) 327M->59M(455M) 124.509ms
[2020-08-08T12:57:31.541+0300][110.264s][info][gc] GC(638) Pause Young (Allocation Failure) 117M->117M(455M) 174.958ms
[2020-08-08T12:57:31.748+0300][110.471s][info][gc] GC(639) Pause Young (Allocation Failure) 175M->175M(455M) 197.960ms
[2020-08-08T12:57:31.858+0300][110.581s][info][gc] GC(640) Pause Young (Allocation Failure) 232M->232M(455M) 94.807ms
[2020-08-08T12:57:32.133+0300][110.856s][info][gc] GC(641) Pause Young (Allocation Failure) 290M->290M(455M) 263.753ms
[2020-08-08T12:57:32.220+0300][110.943s][info][gc] GC(642) Pause Young (Allocation Failure) 347M->347M(455M) 76.825ms
[2020-08-08T12:57:32.405+0300][111.128s][info][gc] GC(643) Pause Full (Ergonomics) 347M->80M(455M) 185.196ms
[2020-08-08T12:57:32.613+0300][111.336s][info][gc] GC(644) Pause Young (Allocation Failure) 136M->136M(455M) 198.042ms
[2020-08-08T12:57:32.738+0300][111.461s][info][gc] GC(645) Pause Young (Allocation Failure) 193M->193M(455M) 113.674ms
[2020-08-08T12:57:32.850+0300][111.573s][info][gc] GC(646) Pause Young (Allocation Failure) 251M->251M(455M) 98.674ms
[2020-08-08T12:57:33.045+0300][111.768s][info][gc] GC(647) Pause Young (Allocation Failure) 308M->309M(455M) 184.743ms
[2020-08-08T12:57:33.116+0300][111.838s][info][gc] GC(648) Pause Full (Ergonomics) 309M->41M(455M) 70.050ms
[2020-08-08T12:57:33.306+0300][112.029s][info][gc] GC(649) Pause Young (Allocation Failure) 98M->98M(455M) 179.981ms
[2020-08-08T12:57:33.605+0300][112.328s][info][gc] GC(650) Pause Young (Allocation Failure) 156M->156M(455M) 290.767ms
[2020-08-08T12:57:33.695+0300][112.418s][info][gc] GC(651) Pause Young (Allocation Failure) 214M->214M(455M) 79.835ms
[2020-08-08T12:57:34.059+0300][112.782s][info][gc] GC(652) Pause Young (Allocation Failure) 270M->270M(455M) 351.658ms
[2020-08-08T12:57:34.210+0300][112.933s][info][gc] GC(653) Pause Young (Allocation Failure) 327M->327M(455M) 139.405ms
[2020-08-08T12:57:34.335+0300][113.058s][info][gc] GC(654) Pause Full (Ergonomics) 327M->59M(455M) 125.138ms
[2020-08-08T12:57:34.519+0300][113.242s][info][gc] GC(655) Pause Young (Allocation Failure) 117M->117M(455M) 173.186ms
[2020-08-08T12:57:34.713+0300][113.436s][info][gc] GC(656) Pause Young (Allocation Failure) 174M->175M(455M) 185.061ms
[2020-08-08T12:57:34.811+0300][113.534s][info][gc] GC(657) Pause Young (Allocation Failure) 232M->232M(455M) 87.066ms
[2020-08-08T12:57:35.070+0300][113.793s][info][gc] GC(658) Pause Young (Allocation Failure) 290M->290M(455M) 250.668ms
[2020-08-08T12:57:35.170+0300][113.893s][info][gc] GC(659) Pause Young (Allocation Failure) 347M->347M(455M) 85.828ms
[2020-08-08T12:57:35.353+0300][114.076s][info][gc] GC(660) Pause Full (Ergonomics) 347M->79M(455M) 183.271ms
[2020-08-08T12:57:35.557+0300][114.280s][info][gc] GC(661) Pause Young (Allocation Failure) 136M->136M(455M) 193.580ms
[2020-08-08T12:57:35.703+0300][114.426s][info][gc] GC(662) Pause Young (Allocation Failure) 193M->193M(455M) 136.128ms
[2020-08-08T12:57:35.804+0300][114.527s][info][gc] GC(663) Pause Young (Allocation Failure) 251M->251M(455M) 91.866ms
[2020-08-08T12:57:35.998+0300][114.721s][info][gc] GC(664) Pause Young (Allocation Failure) 308M->309M(455M) 184.000ms
[2020-08-08T12:57:36.072+0300][114.795s][info][gc] GC(665) Pause Full (Ergonomics) 309M->41M(455M) 73.505ms
[2020-08-08T12:57:36.268+0300][114.991s][info][gc] GC(666) Pause Young (Allocation Failure) 98M->98M(455M) 184.010ms
[2020-08-08T12:57:36.581+0300][115.303s][info][gc] GC(667) Pause Young (Allocation Failure) 156M->156M(455M) 304.597ms
[2020-08-08T12:57:36.671+0300][115.394s][info][gc] GC(668) Pause Young (Allocation Failure) 213M->213M(455M) 80.078ms
[2020-08-08T12:57:36.994+0300][115.717s][info][gc] GC(669) Pause Young (Allocation Failure) 270M->270M(455M) 309.111ms
[2020-08-08T12:57:37.106+0300][115.829s][info][gc] GC(670) Pause Young (Allocation Failure) 327M->327M(455M) 103.903ms
[2020-08-08T12:57:37.230+0300][115.953s][info][gc] GC(671) Pause Full (Ergonomics) 327M->59M(455M) 123.934ms
[2020-08-08T12:57:37.415+0300][116.138s][info][gc] GC(672) Pause Young (Allocation Failure) 117M->117M(455M) 170.863ms
[2020-08-08T12:57:37.618+0300][116.341s][info][gc] GC(673) Pause Young (Allocation Failure) 174M->175M(455M) 195.760ms
[2020-08-08T12:57:37.714+0300][116.437s][info][gc] GC(674) Pause Young (Allocation Failure) 232M->232M(455M) 85.586ms
[2020-08-08T12:57:37.990+0300][116.712s][info][gc] GC(675) Pause Young (Allocation Failure) 290M->290M(455M) 261.819ms
[2020-08-08T12:57:38.078+0300][116.801s][info][gc] GC(676) Pause Young (Allocation Failure) 347M->347M(455M) 78.553ms
[2020-08-08T12:57:38.261+0300][116.984s][info][gc] GC(677) Pause Full (Ergonomics) 347M->80M(455M) 183.360ms
[2020-08-08T12:57:38.464+0300][117.187s][info][gc] GC(678) Pause Young (Allocation Failure) 136M->136M(455M) 189.249ms
[2020-08-08T12:57:38.615+0300][117.338s][info][gc] GC(679) Pause Young (Allocation Failure) 193M->193M(455M) 140.422ms
[2020-08-08T12:57:38.719+0300][117.442s][info][gc] GC(680) Pause Young (Allocation Failure) 251M->251M(455M) 94.118ms
[2020-08-08T12:57:38.912+0300][117.635s][info][gc] GC(681) Pause Young (Allocation Failure) 308M->309M(455M) 180.149ms
[2020-08-08T12:57:38.983+0300][117.706s][info][gc] GC(682) Pause Full (Ergonomics) 309M->41M(455M) 70.507ms
[2020-08-08T12:57:39.179+0300][117.902s][info][gc] GC(683) Pause Young (Allocation Failure) 98M->98M(455M) 186.093ms
[2020-08-08T12:57:39.508+0300][118.231s][info][gc] GC(684) Pause Young (Allocation Failure) 156M->156M(455M) 315.877ms
[2020-08-08T12:57:39.603+0300][118.326s][info][gc] GC(685) Pause Young (Allocation Failure) 213M->214M(455M) 85.359ms
[2020-08-08T12:57:39.922+0300][118.645s][info][gc] GC(686) Pause Young (Allocation Failure) 270M->270M(455M) 309.562ms
[2020-08-08T12:57:40.054+0300][118.777s][info][gc] GC(687) Pause Young (Allocation Failure) 327M->327M(455M) 123.783ms
[2020-08-08T12:57:40.179+0300][118.901s][info][gc] GC(688) Pause Full (Ergonomics) 327M->59M(455M) 124.697ms
[2020-08-08T12:57:40.350+0300][119.073s][info][gc] GC(689) Pause Young (Allocation Failure) 117M->117M(455M) 158.509ms
[2020-08-08T12:57:40.549+0300][119.272s][info][gc] GC(690) Pause Young (Allocation Failure) 174M->175M(455M) 189.497ms
[2020-08-08T12:57:40.645+0300][119.368s][info][gc] GC(691) Pause Young (Allocation Failure) 232M->232M(455M) 85.291ms
[2020-08-08T12:57:40.912+0300][119.635s][info][gc] GC(692) Pause Young (Allocation Failure) 290M->290M(455M) 258.926ms
[2020-08-08T12:57:41.001+0300][119.723s][info][gc] GC(693) Pause Young (Allocation Failure) 347M->347M(455M) 79.261ms
[2020-08-08T12:57:41.182+0300][119.905s][info][gc] GC(694) Pause Full (Ergonomics) 347M->80M(455M) 181.900ms
[2020-08-08T12:57:41.392+0300][120.115s][info][gc] GC(695) Pause Young (Allocation Failure) 136M->136M(455M) 196.874ms
[2020-08-08T12:57:41.538+0300][120.261s][info][gc] GC(696) Pause Young (Allocation Failure) 193M->193M(455M) 136.027ms
[2020-08-08T12:57:41.644+0300][120.366s][info][gc] GC(697) Pause Young (Allocation Failure) 251M->251M(455M) 94.179ms
[2020-08-08T12:57:41.834+0300][120.556s][info][gc] GC(698) Pause Young (Allocation Failure) 308M->309M(455M) 180.649ms
[2020-08-08T12:57:41.907+0300][120.630s][info][gc] GC(699) Pause Full (Ergonomics) 309M->41M(455M) 73.184ms
[2020-08-08T12:57:42.115+0300][120.838s][info][gc] GC(700) Pause Young (Allocation Failure) 98M->98M(455M) 198.778ms
[2020-08-08T12:57:42.418+0300][121.141s][info][gc] GC(701) Pause Young (Allocation Failure) 156M->156M(455M) 294.668ms
[2020-08-08T12:57:42.515+0300][121.237s][info][gc] GC(702) Pause Young (Allocation Failure) 214M->214M(455M) 82.470ms
[2020-08-08T12:57:42.803+0300][121.526s][info][gc] GC(703) Pause Young (Allocation Failure) 270M->270M(455M) 278.163ms
[2020-08-08T12:57:42.929+0300][121.652s][info][gc] GC(704) Pause Young (Allocation Failure) 327M->327M(455M) 117.735ms
[2020-08-08T12:57:43.057+0300][121.780s][info][gc] GC(705) Pause Full (Ergonomics) 327M->59M(455M) 128.001ms
[2020-08-08T12:57:43.226+0300][121.949s][info][gc] GC(706) Pause Young (Allocation Failure) 117M->117M(455M) 158.180ms
[2020-08-08T12:57:43.431+0300][122.154s][info][gc] GC(707) Pause Young (Allocation Failure) 175M->175M(455M) 197.842ms
[2020-08-08T12:57:43.530+0300][122.253s][info][gc] GC(708) Pause Young (Allocation Failure) 232M->232M(455M) 85.093ms
[2020-08-08T12:57:43.848+0300][122.571s][info][gc] GC(709) Pause Young (Allocation Failure) 290M->290M(455M) 309.545ms
[2020-08-08T12:57:43.939+0300][122.662s][info][gc] GC(710) Pause Young (Allocation Failure) 347M->347M(455M) 79.049ms
[2020-08-08T12:57:44.122+0300][122.845s][info][gc] GC(711) Pause Full (Ergonomics) 347M->80M(455M) 183.284ms
[2020-08-08T12:57:44.327+0300][123.050s][info][gc] GC(712) Pause Young (Allocation Failure) 136M->136M(455M) 195.526ms
[2020-08-08T12:57:44.466+0300][123.189s][info][gc] GC(713) Pause Young (Allocation Failure) 193M->193M(455M) 130.156ms
[2020-08-08T12:57:44.574+0300][123.297s][info][gc] GC(714) Pause Young (Allocation Failure) 251M->251M(455M) 95.405ms
[2020-08-08T12:57:44.773+0300][123.496s][info][gc] GC(715) Pause Young (Allocation Failure) 308M->309M(455M) 189.708ms
[2020-08-08T12:57:44.846+0300][123.569s][info][gc] GC(716) Pause Full (Ergonomics) 309M->41M(455M) 72.885ms
[2020-08-08T12:57:45.032+0300][123.755s][info][gc] GC(717) Pause Young (Allocation Failure) 98M->98M(455M) 175.834ms
[2020-08-08T12:57:45.323+0300][124.046s][info][gc] GC(718) Pause Young (Allocation Failure) 156M->156M(455M) 283.896ms
[2020-08-08T12:57:45.413+0300][124.136s][info][gc] GC(719) Pause Young (Allocation Failure) 213M->214M(455M) 80.993ms
[2020-08-08T12:57:45.729+0300][124.451s][info][gc] GC(720) Pause Young (Allocation Failure) 270M->270M(455M) 304.176ms
[2020-08-08T12:57:45.844+0300][124.567s][info][gc] GC(721) Pause Young (Allocation Failure) 327M->327M(455M) 104.263ms
[2020-08-08T12:57:45.967+0300][124.690s][info][gc] GC(722) Pause Full (Ergonomics) 327M->59M(455M) 123.221ms
[2020-08-08T12:57:46.153+0300][124.876s][info][gc] GC(723) Pause Young (Allocation Failure) 117M->117M(455M) 175.076ms
[2020-08-08T12:57:46.360+0300][125.083s][info][gc] GC(724) Pause Young (Allocation Failure) 174M->175M(455M) 199.177ms
[2020-08-08T12:57:46.458+0300][125.180s][info][gc] GC(725) Pause Young (Allocation Failure) 232M->232M(455M) 87.825ms
[2020-08-08T12:57:46.711+0300][125.434s][info][gc] GC(726) Pause Young (Allocation Failure) 290M->290M(455M) 245.349ms
[2020-08-08T12:57:46.802+0300][125.525s][info][gc] GC(727) Pause Young (Allocation Failure) 347M->347M(455M) 77.573ms
[2020-08-08T12:57:46.995+0300][125.718s][info][gc] GC(728) Pause Full (Ergonomics) 347M->79M(455M) 192.568ms
[2020-08-08T12:57:47.196+0300][125.918s][info][gc] GC(729) Pause Young (Allocation Failure) 136M->136M(455M) 191.742ms
[2020-08-08T12:57:47.326+0300][126.049s][info][gc] GC(730) Pause Young (Allocation Failure) 193M->193M(455M) 122.863ms
[2020-08-08T12:57:47.429+0300][126.152s][info][gc] GC(731) Pause Young (Allocation Failure) 251M->251M(455M) 94.226ms
[2020-08-08T12:57:47.627+0300][126.350s][info][gc] GC(732) Pause Young (Allocation Failure) 308M->309M(455M) 188.448ms
[2020-08-08T12:57:47.697+0300][126.420s][info][gc] GC(733) Pause Full (Ergonomics) 309M->41M(455M) 69.554ms
[2020-08-08T12:57:47.887+0300][126.610s][info][gc] GC(734) Pause Young (Allocation Failure) 98M->98M(455M) 174.709ms
[2020-08-08T12:57:48.195+0300][126.918s][info][gc] GC(735) Pause Young (Allocation Failure) 156M->156M(455M) 299.270ms
[2020-08-08T12:57:48.284+0300][127.007s][info][gc] GC(736) Pause Young (Allocation Failure) 213M->214M(455M) 80.106ms
[2020-08-08T12:57:48.630+0300][127.352s][info][gc] GC(737) Pause Young (Allocation Failure) 270M->270M(455M) 335.802ms
[2020-08-08T12:57:48.763+0300][127.486s][info][gc] GC(738) Pause Young (Allocation Failure) 327M->327M(455M) 124.919ms
[2020-08-08T12:57:48.884+0300][127.607s][info][gc] GC(739) Pause Full (Ergonomics) 327M->59M(455M) 121.005ms
[2020-08-08T12:57:49.058+0300][127.781s][info][gc] GC(740) Pause Young (Allocation Failure) 117M->117M(455M) 160.693ms
[2020-08-08T12:57:49.264+0300][127.987s][info][gc] GC(741) Pause Young (Allocation Failure) 174M->175M(455M) 197.915ms
[2020-08-08T12:57:49.362+0300][128.084s][info][gc] GC(742) Pause Young (Allocation Failure) 232M->232M(455M) 87.562ms
[2020-08-08T12:57:49.636+0300][128.358s][info][gc] GC(743) Pause Young (Allocation Failure) 290M->290M(455M) 266.028ms
[2020-08-08T12:57:49.721+0300][128.444s][info][gc] GC(744) Pause Young (Allocation Failure) 347M->347M(455M) 75.661ms
[2020-08-08T12:57:49.904+0300][128.627s][info][gc] GC(745) Pause Full (Ergonomics) 347M->80M(455M) 182.716ms
[2020-08-08T12:57:50.104+0300][128.827s][info][gc] GC(746) Pause Young (Allocation Failure) 136M->136M(455M) 187.622ms
[2020-08-08T12:57:50.247+0300][128.970s][info][gc] GC(747) Pause Young (Allocation Failure) 193M->193M(455M) 134.582ms
[2020-08-08T12:57:50.351+0300][129.074s][info][gc] GC(748) Pause Young (Allocation Failure) 251M->251M(455M) 94.557ms
[2020-08-08T12:57:50.544+0300][129.267s][info][gc] GC(749) Pause Young (Allocation Failure) 308M->309M(455M) 183.858ms
[2020-08-08T12:57:50.615+0300][129.338s][info][gc] GC(750) Pause Full (Ergonomics) 309M->41M(455M) 70.688ms
[2020-08-08T12:57:50.820+0300][129.543s][info][gc] GC(751) Pause Young (Allocation Failure) 98M->98M(455M) 192.520ms
[2020-08-08T12:57:51.146+0300][129.869s][info][gc] GC(752) Pause Young (Allocation Failure) 156M->156M(455M) 317.242ms
[2020-08-08T12:57:51.236+0300][129.959s][info][gc] GC(753) Pause Young (Allocation Failure) 213M->214M(455M) 80.499ms
[2020-08-08T12:57:51.565+0300][130.288s][info][gc] GC(754) Pause Young (Allocation Failure) 270M->270M(455M) 315.678ms
[2020-08-08T12:57:51.678+0300][130.401s][info][gc] GC(755) Pause Young (Allocation Failure) 327M->327M(455M) 104.422ms
[2020-08-08T12:57:51.801+0300][130.524s][info][gc] GC(756) Pause Full (Ergonomics) 327M->59M(455M) 123.245ms
[2020-08-08T12:57:51.987+0300][130.710s][info][gc] GC(757) Pause Young (Allocation Failure) 117M->117M(455M) 175.976ms
[2020-08-08T12:57:52.200+0300][130.923s][info][gc] GC(758) Pause Young (Allocation Failure) 175M->175M(455M) 201.443ms
[2020-08-08T12:57:52.295+0300][131.017s][info][gc] GC(759) Pause Young (Allocation Failure) 232M->232M(455M) 85.763ms
[2020-08-08T12:57:52.568+0300][131.291s][info][gc] GC(760) Pause Young (Allocation Failure) 290M->290M(455M) 263.223ms
[2020-08-08T12:57:52.659+0300][131.382s][info][gc] GC(761) Pause Young (Allocation Failure) 347M->347M(455M) 80.572ms
[2020-08-08T12:57:52.842+0300][131.565s][info][gc] GC(762) Pause Full (Ergonomics) 347M->80M(455M) 182.964ms
[2020-08-08T12:57:53.050+0300][131.773s][info][gc] GC(763) Pause Young (Allocation Failure) 136M->136M(455M) 197.894ms
[2020-08-08T12:57:53.181+0300][131.904s][info][gc] GC(764) Pause Young (Allocation Failure) 193M->193M(455M) 119.175ms
[2020-08-08T12:57:53.284+0300][132.007s][info][gc] GC(765) Pause Young (Allocation Failure) 251M->251M(455M) 92.732ms
[2020-08-08T12:57:53.527+0300][132.249s][info][gc] GC(766) Pause Young (Allocation Failure) 308M->309M(455M) 233.347ms
[2020-08-08T12:57:53.600+0300][132.323s][info][gc] GC(767) Pause Full (Ergonomics) 309M->41M(455M) 73.674ms
[2020-08-08T12:57:53.811+0300][132.534s][info][gc] GC(768) Pause Young (Allocation Failure) 98M->98M(455M) 199.397ms
[2020-08-08T12:57:54.105+0300][132.828s][info][gc] GC(769) Pause Young (Allocation Failure) 156M->156M(455M) 286.039ms
[2020-08-08T12:57:54.197+0300][132.920s][info][gc] GC(770) Pause Young (Allocation Failure) 213M->213M(455M) 79.545ms
[2020-08-08T12:57:54.507+0300][133.230s][info][gc] GC(771) Pause Young (Allocation Failure) 270M->270M(455M) 300.330ms
[2020-08-08T12:57:54.626+0300][133.349s][info][gc] GC(772) Pause Young (Allocation Failure) 327M->327M(455M) 111.014ms
[2020-08-08T12:57:54.750+0300][133.473s][info][gc] GC(773) Pause Full (Ergonomics) 327M->59M(455M) 124.276ms
[2020-08-08T12:57:54.934+0300][133.657s][info][gc] GC(774) Pause Young (Allocation Failure) 117M->117M(455M) 173.710ms
[2020-08-08T12:57:55.138+0300][133.861s][info][gc] GC(775) Pause Young (Allocation Failure) 175M->175M(455M) 195.475ms
[2020-08-08T12:57:55.240+0300][133.963s][info][gc] GC(776) Pause Young (Allocation Failure) 232M->232M(455M) 88.402ms
[2020-08-08T12:57:55.503+0300][134.226s][info][gc] GC(777) Pause Young (Allocation Failure) 290M->290M(455M) 253.464ms
[2020-08-08T12:57:55.591+0300][134.314s][info][gc] GC(778) Pause Young (Allocation Failure) 347M->347M(455M) 75.492ms
[2020-08-08T12:57:55.777+0300][134.500s][info][gc] GC(779) Pause Full (Ergonomics) 347M->80M(455M) 185.544ms
[2020-08-08T12:57:55.981+0300][134.704s][info][gc] GC(780) Pause Young (Allocation Failure) 136M->136M(455M) 194.554ms
[2020-08-08T12:57:56.116+0300][134.839s][info][gc] GC(781) Pause Young (Allocation Failure) 193M->193M(455M) 124.850ms
[2020-08-08T12:57:56.221+0300][134.944s][info][gc] GC(782) Pause Young (Allocation Failure) 251M->251M(455M) 92.666ms
[2020-08-08T12:57:56.419+0300][135.142s][info][gc] GC(783) Pause Young (Allocation Failure) 308M->309M(455M) 189.799ms
[2020-08-08T12:57:56.488+0300][135.211s][info][gc] GC(784) Pause Full (Ergonomics) 309M->41M(455M) 68.923ms
[2020-08-08T12:57:56.700+0300][135.423s][info][gc] GC(785) Pause Young (Allocation Failure) 98M->98M(455M) 202.417ms
[2020-08-08T12:57:56.997+0300][135.720s][info][gc] GC(786) Pause Young (Allocation Failure) 156M->156M(455M) 287.725ms
[2020-08-08T12:57:57.089+0300][135.812s][info][gc] GC(787) Pause Young (Allocation Failure) 213M->214M(455M) 81.548ms
[2020-08-08T12:57:57.402+0300][136.125s][info][gc] GC(788) Pause Young (Allocation Failure) 270M->270M(455M) 303.594ms
[2020-08-08T12:57:57.528+0300][136.251s][info][gc] GC(789) Pause Young (Allocation Failure) 327M->327M(455M) 114.088ms
[2020-08-08T12:57:57.654+0300][136.377s][info][gc] GC(790) Pause Full (Ergonomics) 327M->59M(455M) 125.737ms
[2020-08-08T12:57:57.826+0300][136.549s][info][gc] GC(791) Pause Young (Allocation Failure) 117M->117M(455M) 160.409ms
[2020-08-08T12:57:58.018+0300][136.741s][info][gc] GC(792) Pause Young (Allocation Failure) 174M->175M(455M) 184.025ms
[2020-08-08T12:57:58.114+0300][136.837s][info][gc] GC(793) Pause Young (Allocation Failure) 232M->232M(455M) 85.101ms
[2020-08-08T12:57:58.381+0300][137.104s][info][gc] GC(794) Pause Young (Allocation Failure) 290M->290M(455M) 258.686ms
[2020-08-08T12:57:58.472+0300][137.195s][info][gc] GC(795) Pause Young (Allocation Failure) 347M->347M(455M) 76.801ms
[2020-08-08T12:57:58.655+0300][137.378s][info][gc] GC(796) Pause Full (Ergonomics) 347M->79M(455M) 183.131ms
[2020-08-08T12:57:58.863+0300][137.586s][info][gc] GC(797) Pause Young (Allocation Failure) 136M->136M(455M) 197.846ms
[2020-08-08T12:57:58.993+0300][137.716s][info][gc] GC(798) Pause Young (Allocation Failure) 193M->193M(455M) 121.454ms
[2020-08-08T12:57:59.096+0300][137.819s][info][gc] GC(799) Pause Young (Allocation Failure) 251M->251M(455M) 94.130ms
[2020-08-08T12:57:59.293+0300][138.016s][info][gc] GC(800) Pause Young (Allocation Failure) 308M->309M(455M) 184.434ms
[2020-08-08T12:57:59.368+0300][138.091s][info][gc] GC(801) Pause Full (Ergonomics) 309M->41M(455M) 75.057ms
[2020-08-08T12:57:59.576+0300][138.299s][info][gc] GC(802) Pause Young (Allocation Failure) 98M->98M(455M) 194.623ms
[2020-08-08T12:57:59.899+0300][138.622s][info][gc] GC(803) Pause Young (Allocation Failure) 156M->156M(455M) 315.002ms
[2020-08-08T12:57:59.993+0300][138.715s][info][gc] GC(804) Pause Young (Allocation Failure) 213M->214M(455M) 83.877ms
[2020-08-08T12:58:00.296+0300][139.019s][info][gc] GC(805) Pause Young (Allocation Failure) 270M->270M(455M) 294.432ms
[2020-08-08T12:58:00.417+0300][139.139s][info][gc] GC(806) Pause Young (Allocation Failure) 327M->327M(455M) 112.209ms
[2020-08-08T12:58:00.544+0300][139.267s][info][gc] GC(807) Pause Full (Ergonomics) 327M->59M(455M) 127.239ms
[2020-08-08T12:58:00.734+0300][139.456s][info][gc] GC(808) Pause Young (Allocation Failure) 117M->117M(455M) 176.199ms
[2020-08-08T12:58:00.944+0300][139.667s][info][gc] GC(809) Pause Young (Allocation Failure) 174M->175M(455M) 202.137ms
[2020-08-08T12:58:01.038+0300][139.761s][info][gc] GC(810) Pause Young (Allocation Failure) 232M->232M(455M) 85.038ms
[2020-08-08T12:58:01.313+0300][140.036s][info][gc] GC(811) Pause Young (Allocation Failure) 290M->290M(455M) 266.674ms
[2020-08-08T12:58:01.399+0300][140.122s][info][gc] GC(812) Pause Young (Allocation Failure) 347M->347M(455M) 76.486ms
[2020-08-08T12:58:01.580+0300][140.303s][info][gc] GC(813) Pause Full (Ergonomics) 347M->80M(455M) 180.921ms
[2020-08-08T12:58:01.775+0300][140.498s][info][gc] GC(814) Pause Young (Allocation Failure) 136M->136M(455M) 181.037ms
[2020-08-08T12:58:01.903+0300][140.626s][info][gc] GC(815) Pause Young (Allocation Failure) 193M->193M(455M) 119.874ms
[2020-08-08T12:58:02.011+0300][140.734s][info][gc] GC(816) Pause Young (Allocation Failure) 251M->251M(455M) 97.118ms
[2020-08-08T12:58:02.212+0300][140.935s][info][gc] GC(817) Pause Young (Allocation Failure) 308M->309M(455M) 191.613ms
[2020-08-08T12:58:02.282+0300][141.005s][info][gc] GC(818) Pause Full (Ergonomics) 309M->41M(455M) 69.855ms
[2020-08-08T12:58:02.458+0300][141.181s][info][gc] GC(819) Pause Young (Allocation Failure) 98M->98M(455M) 164.116ms
[2020-08-08T12:58:02.777+0300][141.500s][info][gc] GC(820) Pause Young (Allocation Failure) 156M->156M(455M) 309.126ms
[2020-08-08T12:58:02.873+0300][141.596s][info][gc] GC(821) Pause Young (Allocation Failure) 213M->213M(455M) 84.517ms
[2020-08-08T12:58:03.221+0300][141.944s][info][gc] GC(822) Pause Young (Allocation Failure) 270M->270M(455M) 337.460ms
[2020-08-08T12:58:03.333+0300][142.056s][info][gc] GC(823) Pause Young (Allocation Failure) 327M->327M(455M) 103.530ms
[2020-08-08T12:58:03.457+0300][142.180s][info][gc] GC(824) Pause Full (Ergonomics) 327M->59M(455M) 123.751ms
[2020-08-08T12:58:03.632+0300][142.355s][info][gc] GC(825) Pause Young (Allocation Failure) 117M->117M(455M) 161.528ms
[2020-08-08T12:58:03.817+0300][142.540s][info][gc] GC(826) Pause Young (Allocation Failure) 174M->175M(455M) 176.543ms
[2020-08-08T12:58:03.912+0300][142.634s][info][gc] GC(827) Pause Young (Allocation Failure) 232M->232M(455M) 84.465ms
[2020-08-08T12:58:04.200+0300][142.923s][info][gc] GC(828) Pause Young (Allocation Failure) 290M->290M(455M) 279.467ms
[2020-08-08T12:58:04.288+0300][143.011s][info][gc] GC(829) Pause Young (Allocation Failure) 347M->347M(455M) 77.316ms
[2020-08-08T12:58:04.469+0300][143.192s][info][gc] GC(830) Pause Full (Ergonomics) 347M->80M(455M) 180.689ms
[2020-08-08T12:58:04.684+0300][143.406s][info][gc] GC(831) Pause Young (Allocation Failure) 136M->136M(455M) 198.690ms
[2020-08-08T12:58:04.826+0300][143.548s][info][gc] GC(832) Pause Young (Allocation Failure) 193M->193M(455M) 131.987ms
[2020-08-08T12:58:04.930+0300][143.652s][info][gc] GC(833) Pause Young (Allocation Failure) 251M->251M(455M) 94.208ms
[2020-08-08T12:58:05.116+0300][143.838s][info][gc] GC(834) Pause Young (Allocation Failure) 308M->309M(455M) 174.338ms
[2020-08-08T12:58:05.188+0300][143.911s][info][gc] GC(835) Pause Full (Ergonomics) 309M->41M(455M) 72.822ms
[2020-08-08T12:58:05.400+0300][144.123s][info][gc] GC(836) Pause Young (Allocation Failure) 98M->98M(455M) 200.560ms
[2020-08-08T12:58:05.693+0300][144.416s][info][gc] GC(837) Pause Young (Allocation Failure) 156M->156M(455M) 283.297ms
[2020-08-08T12:58:05.789+0300][144.511s][info][gc] GC(838) Pause Young (Allocation Failure) 214M->214M(455M) 78.776ms
[2020-08-08T12:58:06.102+0300][144.825s][info][gc] GC(839) Pause Young (Allocation Failure) 270M->270M(455M) 302.995ms
[2020-08-08T12:58:06.251+0300][144.974s][info][gc] GC(840) Pause Young (Allocation Failure) 327M->327M(455M) 140.182ms
[2020-08-08T12:58:06.379+0300][145.102s][info][gc] GC(841) Pause Full (Ergonomics) 327M->59M(455M) 127.954ms
[2020-08-08T12:58:06.555+0300][145.278s][info][gc] GC(842) Pause Young (Allocation Failure) 117M->117M(455M) 164.669ms
[2020-08-08T12:58:06.765+0300][145.488s][info][gc] GC(843) Pause Young (Allocation Failure) 175M->175M(455M) 198.581ms
[2020-08-08T12:58:06.865+0300][145.588s][info][gc] GC(844) Pause Young (Allocation Failure) 232M->232M(455M) 89.313ms
[2020-08-08T12:58:07.142+0300][145.865s][info][gc] GC(845) Pause Young (Allocation Failure) 290M->290M(455M) 266.718ms
[2020-08-08T12:58:07.235+0300][145.958s][info][gc] GC(846) Pause Young (Allocation Failure) 347M->347M(455M) 83.406ms
[2020-08-08T12:58:07.417+0300][146.140s][info][gc] GC(847) Pause Full (Ergonomics) 347M->80M(455M) 182.228ms
[2020-08-08T12:58:07.611+0300][146.334s][info][gc] GC(848) Pause Young (Allocation Failure) 136M->136M(455M) 181.422ms
[2020-08-08T12:58:07.742+0300][146.465s][info][gc] GC(849) Pause Young (Allocation Failure) 193M->193M(455M) 119.393ms
[2020-08-08T12:58:07.851+0300][146.574s][info][gc] GC(850) Pause Young (Allocation Failure) 251M->251M(455M) 98.428ms
[2020-08-08T12:58:08.073+0300][146.796s][info][gc] GC(851) Pause Young (Allocation Failure) 308M->309M(455M) 213.113ms
[2020-08-08T12:58:08.143+0300][146.866s][info][gc] GC(852) Pause Full (Ergonomics) 309M->41M(455M) 69.845ms
[2020-08-08T12:58:08.332+0300][147.055s][info][gc] GC(853) Pause Young (Allocation Failure) 98M->98M(455M) 179.568ms
[2020-08-08T12:58:08.576+0300][147.299s][info][gc] GC(854) Pause Young (Allocation Failure) 156M->156M(455M) 232.711ms
[2020-08-08T12:58:08.673+0300][147.396s][info][gc] GC(855) Pause Young (Allocation Failure) 213M->213M(455M) 80.926ms
[2020-08-08T12:58:08.997+0300][147.720s][info][gc] GC(856) Pause Young (Allocation Failure) 270M->270M(455M) 313.860ms
[2020-08-08T12:58:09.115+0300][147.838s][info][gc] GC(857) Pause Young (Allocation Failure) 327M->327M(455M) 109.230ms
[2020-08-08T12:58:09.245+0300][147.968s][info][gc] GC(858) Pause Full (Ergonomics) 327M->59M(455M) 130.225ms
[2020-08-08T12:58:09.419+0300][148.142s][info][gc] GC(859) Pause Young (Allocation Failure) 117M->117M(455M) 164.824ms
[2020-08-08T12:58:09.632+0300][148.355s][info][gc] GC(860) Pause Young (Allocation Failure) 175M->175M(455M) 203.688ms
[2020-08-08T12:58:09.737+0300][148.460s][info][gc] GC(861) Pause Young (Allocation Failure) 232M->232M(455M) 91.852ms
[2020-08-08T12:58:09.999+0300][148.721s][info][gc] GC(862) Pause Young (Allocation Failure) 290M->290M(455M) 252.534ms
[2020-08-08T12:58:10.085+0300][148.808s][info][gc] GC(863) Pause Young (Allocation Failure) 347M->347M(455M) 77.331ms
[2020-08-08T12:58:10.271+0300][148.994s][info][gc] GC(864) Pause Full (Ergonomics) 347M->80M(455M) 185.937ms
[2020-08-08T12:58:10.457+0300][149.180s][info][gc] GC(865) Pause Young (Allocation Failure) 136M->136M(455M) 175.591ms
[2020-08-08T12:58:10.597+0300][149.320s][info][gc] GC(866) Pause Young (Allocation Failure) 193M->193M(455M) 130.934ms
[2020-08-08T12:58:10.705+0300][149.428s][info][gc] GC(867) Pause Young (Allocation Failure) 251M->251M(455M) 94.993ms
[2020-08-08T12:58:10.902+0300][149.625s][info][gc] GC(868) Pause Young (Allocation Failure) 308M->309M(455M) 185.736ms
[2020-08-08T12:58:10.971+0300][149.694s][info][gc] GC(869) Pause Full (Ergonomics) 309M->41M(455M) 68.868ms
[2020-08-08T12:58:11.178+0300][149.901s][info][gc] GC(870) Pause Young (Allocation Failure) 98M->98M(455M) 195.364ms
[2020-08-08T12:58:11.454+0300][150.177s][info][gc] GC(871) Pause Young (Allocation Failure) 156M->156M(455M) 267.962ms
[2020-08-08T12:58:11.542+0300][150.265s][info][gc] GC(872) Pause Young (Allocation Failure) 213M->214M(455M) 78.372ms
[2020-08-08T12:58:11.907+0300][150.630s][info][gc] GC(873) Pause Young (Allocation Failure) 270M->270M(455M) 350.430ms
[2020-08-08T12:58:12.020+0300][150.743s][info][gc] GC(874) Pause Young (Allocation Failure) 327M->327M(455M) 103.736ms
[2020-08-08T12:58:12.146+0300][150.869s][info][gc] GC(875) Pause Full (Ergonomics) 327M->59M(455M) 126.283ms
[2020-08-08T12:58:12.326+0300][151.049s][info][gc] GC(876) Pause Young (Allocation Failure) 117M->117M(455M) 170.325ms
[2020-08-08T12:58:12.533+0300][151.256s][info][gc] GC(877) Pause Young (Allocation Failure) 174M->175M(455M) 199.290ms
[2020-08-08T12:58:12.643+0300][151.366s][info][gc] GC(878) Pause Young (Allocation Failure) 232M->232M(455M) 95.093ms
[2020-08-08T12:58:12.938+0300][151.661s][info][gc] GC(879) Pause Young (Allocation Failure) 290M->290M(455M) 286.130ms
[2020-08-08T12:58:13.024+0300][151.747s][info][gc] GC(880) Pause Young (Allocation Failure) 347M->347M(455M) 75.617ms
[2020-08-08T12:58:13.206+0300][151.929s][info][gc] GC(881) Pause Full (Ergonomics) 347M->79M(455M) 182.652ms
[2020-08-08T12:58:13.404+0300][152.127s][info][gc] GC(882) Pause Young (Allocation Failure) 136M->136M(455M) 187.748ms
[2020-08-08T12:58:13.530+0300][152.252s][info][gc] GC(883) Pause Young (Allocation Failure) 193M->193M(455M) 117.311ms
[2020-08-08T12:58:13.639+0300][152.362s][info][gc] GC(884) Pause Young (Allocation Failure) 251M->251M(455M) 95.171ms
[2020-08-08T12:58:13.845+0300][152.568s][info][gc] GC(885) Pause Young (Allocation Failure) 308M->309M(455M) 195.609ms
[2020-08-08T12:58:13.912+0300][152.635s][info][gc] GC(886) Pause Full (Ergonomics) 309M->41M(455M) 66.897ms
[2020-08-08T12:58:14.107+0300][152.830s][info][gc] GC(887) Pause Young (Allocation Failure) 98M->98M(455M) 185.275ms
[2020-08-08T12:58:14.434+0300][153.157s][info][gc] GC(888) Pause Young (Allocation Failure) 156M->156M(455M) 318.685ms
[2020-08-08T12:58:14.529+0300][153.251s][info][gc] GC(889) Pause Young (Allocation Failure) 213M->214M(455M) 83.990ms
[2020-08-08T12:58:14.833+0300][153.555s][info][gc] GC(890) Pause Young (Allocation Failure) 270M->270M(455M) 292.144ms
[2020-08-08T12:58:14.945+0300][153.668s][info][gc] GC(891) Pause Young (Allocation Failure) 327M->327M(455M) 103.983ms
[2020-08-08T12:58:15.070+0300][153.793s][info][gc] GC(892) Pause Full (Ergonomics) 327M->59M(455M) 124.733ms
[2020-08-08T12:58:15.250+0300][153.973s][info][gc] GC(893) Pause Young (Allocation Failure) 117M->117M(455M) 170.078ms
[2020-08-08T12:58:15.437+0300][154.160s][info][gc] GC(894) Pause Young (Allocation Failure) 174M->175M(455M) 179.866ms
[2020-08-08T12:58:15.535+0300][154.258s][info][gc] GC(895) Pause Young (Allocation Failure) 232M->232M(455M) 87.394ms
[2020-08-08T12:58:15.805+0300][154.528s][info][gc] GC(896) Pause Young (Allocation Failure) 290M->290M(455M) 257.923ms
[2020-08-08T12:58:15.894+0300][154.617s][info][gc] GC(897) Pause Young (Allocation Failure) 347M->347M(455M) 78.115ms
[2020-08-08T12:58:16.082+0300][154.805s][info][gc] GC(898) Pause Full (Ergonomics) 347M->79M(455M) 187.795ms
[2020-08-08T12:58:16.265+0300][154.987s][info][gc] GC(899) Pause Young (Allocation Failure) 136M->136M(455M) 172.288ms
[2020-08-08T12:58:16.397+0300][155.120s][info][gc] GC(900) Pause Young (Allocation Failure) 193M->193M(455M) 124.522ms
[2020-08-08T12:58:16.498+0300][155.221s][info][gc] GC(901) Pause Young (Allocation Failure) 251M->251M(455M) 92.010ms
[2020-08-08T12:58:16.697+0300][155.420s][info][gc] GC(902) Pause Young (Allocation Failure) 308M->309M(455M) 188.750ms
[2020-08-08T12:58:16.769+0300][155.491s][info][gc] GC(903) Pause Full (Ergonomics) 309M->41M(455M) 71.655ms
[2020-08-08T12:58:16.964+0300][155.687s][info][gc] GC(904) Pause Young (Allocation Failure) 98M->98M(455M) 182.854ms
[2020-08-08T12:58:17.293+0300][156.016s][info][gc] GC(905) Pause Young (Allocation Failure) 156M->156M(455M) 320.607ms
[2020-08-08T12:58:17.389+0300][156.112s][info][gc] GC(906) Pause Young (Allocation Failure) 213M->214M(455M) 84.953ms
[2020-08-08T12:58:17.695+0300][156.418s][info][gc] GC(907) Pause Young (Allocation Failure) 270M->270M(455M) 295.893ms
[2020-08-08T12:58:17.808+0300][156.531s][info][gc] GC(908) Pause Young (Allocation Failure) 327M->327M(455M) 102.485ms
[2020-08-08T12:58:17.932+0300][156.655s][info][gc] GC(909) Pause Full (Ergonomics) 327M->59M(455M) 124.189ms
[2020-08-08T12:58:18.113+0300][156.836s][info][gc] GC(910) Pause Young (Allocation Failure) 117M->117M(455M) 169.335ms
[2020-08-08T12:58:18.287+0300][157.010s][info][gc] GC(911) Pause Young (Allocation Failure) 174M->175M(455M) 165.046ms
[2020-08-08T12:58:18.384+0300][157.107s][info][gc] GC(912) Pause Young (Allocation Failure) 232M->232M(455M) 85.906ms
[2020-08-08T12:58:18.652+0300][157.375s][info][gc] GC(913) Pause Young (Allocation Failure) 290M->290M(455M) 259.327ms
[2020-08-08T12:58:18.753+0300][157.475s][info][gc] GC(914) Pause Young (Allocation Failure) 347M->347M(455M) 86.829ms
[2020-08-08T12:58:18.935+0300][157.658s][info][gc] GC(915) Pause Full (Ergonomics) 347M->79M(455M) 182.274ms
[2020-08-08T12:58:19.136+0300][157.859s][info][gc] GC(916) Pause Young (Allocation Failure) 136M->136M(455M) 189.954ms
[2020-08-08T12:58:19.276+0300][157.998s][info][gc] GC(917) Pause Young (Allocation Failure) 193M->193M(455M) 131.213ms
[2020-08-08T12:58:19.379+0300][158.101s][info][gc] GC(918) Pause Young (Allocation Failure) 251M->251M(455M) 94.098ms
[2020-08-08T12:58:19.579+0300][158.302s][info][gc] GC(919) Pause Young (Allocation Failure) 308M->309M(455M) 191.694ms
[2020-08-08T12:58:19.649+0300][158.372s][info][gc] GC(920) Pause Full (Ergonomics) 309M->41M(455M) 70.307ms
[2020-08-08T12:58:19.860+0300][158.582s][info][gc] GC(921) Pause Young (Allocation Failure) 98M->98M(455M) 199.421ms
[2020-08-08T12:58:20.182+0300][158.904s][info][gc] GC(922) Pause Young (Allocation Failure) 156M->156M(455M) 310.417ms
[2020-08-08T12:58:20.274+0300][158.997s][info][gc] GC(923) Pause Young (Allocation Failure) 213M->214M(455M) 82.431ms
[2020-08-08T12:58:20.598+0300][159.321s][info][gc] GC(924) Pause Young (Allocation Failure) 270M->270M(455M) 314.214ms
[2020-08-08T12:58:20.723+0300][159.446s][info][gc] GC(925) Pause Young (Allocation Failure) 327M->327M(455M) 115.156ms
[2020-08-08T12:58:20.848+0300][159.571s][info][gc] GC(926) Pause Full (Ergonomics) 327M->59M(455M) 125.293ms
[2020-08-08T12:58:21.042+0300][159.765s][info][gc] GC(927) Pause Young (Allocation Failure) 117M->117M(455M) 176.503ms
[2020-08-08T12:58:21.250+0300][159.973s][info][gc] GC(928) Pause Young (Allocation Failure) 174M->175M(455M) 200.093ms
[2020-08-08T12:58:21.346+0300][160.069s][info][gc] GC(929) Pause Young (Allocation Failure) 232M->232M(455M) 86.878ms
[2020-08-08T12:58:21.611+0300][160.334s][info][gc] GC(930) Pause Young (Allocation Failure) 290M->290M(455M) 256.746ms
[2020-08-08T12:58:21.702+0300][160.424s][info][gc] GC(931) Pause Young (Allocation Failure) 347M->347M(455M) 80.401ms
[2020-08-08T12:58:21.875+0300][160.598s][info][gc] GC(932) Pause Full (Ergonomics) 347M->80M(455M) 173.254ms
[2020-08-08T12:58:22.069+0300][160.792s][info][gc] GC(933) Pause Young (Allocation Failure) 136M->136M(455M) 182.381ms
[2020-08-08T12:58:22.198+0300][160.921s][info][gc] GC(934) Pause Young (Allocation Failure) 193M->193M(455M) 121.521ms
[2020-08-08T12:58:22.301+0300][161.024s][info][gc] GC(935) Pause Young (Allocation Failure) 251M->251M(455M) 93.690ms
[2020-08-08T12:58:22.497+0300][161.220s][info][gc] GC(936) Pause Young (Allocation Failure) 308M->309M(455M) 187.934ms
[2020-08-08T12:58:22.568+0300][161.291s][info][gc] GC(937) Pause Full (Ergonomics) 309M->41M(455M) 70.473ms
[2020-08-08T12:58:22.771+0300][161.494s][info][gc] GC(938) Pause Young (Allocation Failure) 98M->98M(455M) 192.811ms
[2020-08-08T12:58:23.066+0300][161.789s][info][gc] GC(939) Pause Young (Allocation Failure) 156M->156M(455M) 283.848ms
[2020-08-08T12:58:23.154+0300][161.877s][info][gc] GC(940) Pause Young (Allocation Failure) 213M->214M(455M) 78.440ms
[2020-08-08T12:58:23.525+0300][162.248s][info][gc] GC(941) Pause Young (Allocation Failure) 270M->270M(455M) 361.243ms
[2020-08-08T12:58:23.679+0300][162.402s][info][gc] GC(942) Pause Young (Allocation Failure) 327M->327M(455M) 144.047ms
[2020-08-08T12:58:23.805+0300][162.528s][info][gc] GC(943) Pause Full (Ergonomics) 327M->59M(455M) 126.000ms
[2020-08-08T12:58:23.989+0300][162.712s][info][gc] GC(944) Pause Young (Allocation Failure) 117M->117M(455M) 170.034ms
[2020-08-08T12:58:24.193+0300][162.915s][info][gc] GC(945) Pause Young (Allocation Failure) 174M->175M(455M) 195.188ms
[2020-08-08T12:58:24.288+0300][163.011s][info][gc] GC(946) Pause Young (Allocation Failure) 232M->232M(455M) 86.569ms
[2020-08-08T12:58:24.552+0300][163.275s][info][gc] GC(947) Pause Young (Allocation Failure) 290M->290M(455M) 255.260ms
[2020-08-08T12:58:24.640+0300][163.363s][info][gc] GC(948) Pause Young (Allocation Failure) 347M->347M(455M) 78.103ms
[2020-08-08T12:58:24.831+0300][163.554s][info][gc] GC(949) Pause Full (Ergonomics) 347M->80M(455M) 190.571ms
[2020-08-08T12:58:25.022+0300][163.745s][info][gc] GC(950) Pause Young (Allocation Failure) 136M->136M(455M) 178.481ms
[2020-08-08T12:58:25.138+0300][163.860s][info][gc] GC(951) Pause Young (Allocation Failure) 193M->193M(455M) 108.253ms
[2020-08-08T12:58:25.241+0300][163.963s][info][gc] GC(952) Pause Young (Allocation Failure) 251M->251M(455M) 92.980ms
[2020-08-08T12:58:25.432+0300][164.154s][info][gc] GC(953) Pause Young (Allocation Failure) 308M->309M(455M) 179.673ms
[2020-08-08T12:58:25.502+0300][164.225s][info][gc] GC(954) Pause Full (Ergonomics) 309M->41M(455M) 70.336ms
[2020-08-08T12:58:25.712+0300][164.435s][info][gc] GC(955) Pause Young (Allocation Failure) 98M->98M(455M) 200.562ms
[2020-08-08T12:58:26.021+0300][164.743s][info][gc] GC(956) Pause Young (Allocation Failure) 156M->156M(455M) 297.825ms
[2020-08-08T12:58:26.112+0300][164.835s][info][gc] GC(957) Pause Young (Allocation Failure) 213M->213M(455M) 80.451ms
[2020-08-08T12:58:26.424+0300][165.146s][info][gc] GC(958) Pause Young (Allocation Failure) 270M->270M(455M) 301.624ms
[2020-08-08T12:58:26.533+0300][165.256s][info][gc] GC(959) Pause Young (Allocation Failure) 327M->327M(455M) 102.528ms
[2020-08-08T12:58:26.659+0300][165.382s][info][gc] GC(960) Pause Full (Ergonomics) 327M->59M(455M) 125.084ms
[2020-08-08T12:58:26.844+0300][165.567s][info][gc] GC(961) Pause Young (Allocation Failure) 117M->117M(455M) 175.739ms
[2020-08-08T12:58:27.049+0300][165.771s][info][gc] GC(962) Pause Young (Allocation Failure) 175M->175M(455M) 193.662ms
[2020-08-08T12:58:27.144+0300][165.867s][info][gc] GC(963) Pause Young (Allocation Failure) 232M->232M(455M) 85.073ms
[2020-08-08T12:58:27.416+0300][166.139s][info][gc] GC(964) Pause Young (Allocation Failure) 290M->290M(455M) 264.679ms
[2020-08-08T12:58:27.503+0300][166.226s][info][gc] GC(965) Pause Young (Allocation Failure) 347M->347M(455M) 76.764ms
[2020-08-08T12:58:27.687+0300][166.410s][info][gc] GC(966) Pause Full (Ergonomics) 347M->80M(455M) 184.397ms
[2020-08-08T12:58:27.887+0300][166.610s][info][gc] GC(967) Pause Young (Allocation Failure) 136M->136M(455M) 190.476ms
[2020-08-08T12:58:28.033+0300][166.756s][info][gc] GC(968) Pause Young (Allocation Failure) 193M->193M(455M) 134.271ms
[2020-08-08T12:58:28.140+0300][166.863s][info][gc] GC(969) Pause Young (Allocation Failure) 251M->251M(455M) 97.248ms
[2020-08-08T12:58:28.354+0300][167.076s][info][gc] GC(970) Pause Young (Allocation Failure) 308M->308M(455M) 203.646ms
[2020-08-08T12:58:28.425+0300][167.147s][info][gc] GC(971) Pause Full (Ergonomics) 308M->41M(455M) 70.963ms
[2020-08-08T12:58:28.616+0300][167.339s][info][gc] GC(972) Pause Young (Allocation Failure) 98M->98M(455M) 182.129ms
[2020-08-08T12:58:28.930+0300][167.653s][info][gc] GC(973) Pause Young (Allocation Failure) 156M->156M(455M) 306.087ms
[2020-08-08T12:58:29.025+0300][167.748s][info][gc] GC(974) Pause Young (Allocation Failure) 213M->213M(455M) 81.227ms
[2020-08-08T12:58:29.369+0300][168.092s][info][gc] GC(975) Pause Young (Allocation Failure) 270M->270M(455M) 334.319ms
[2020-08-08T12:58:29.485+0300][168.208s][info][gc] GC(976) Pause Young (Allocation Failure) 327M->327M(455M) 105.325ms
[2020-08-08T12:58:29.615+0300][168.338s][info][gc] GC(977) Pause Full (Ergonomics) 327M->59M(455M) 130.047ms
[2020-08-08T12:58:29.802+0300][168.525s][info][gc] GC(978) Pause Young (Allocation Failure) 117M->117M(455M) 173.259ms
[2020-08-08T12:58:30.005+0300][168.727s][info][gc] GC(979) Pause Young (Allocation Failure) 175M->175M(455M) 193.384ms
[2020-08-08T12:58:30.107+0300][168.830s][info][gc] GC(980) Pause Young (Allocation Failure) 232M->232M(455M) 90.002ms
[2020-08-08T12:58:30.380+0300][169.103s][info][gc] GC(981) Pause Young (Allocation Failure) 290M->290M(455M) 264.367ms
[2020-08-08T12:58:30.473+0300][169.196s][info][gc] GC(982) Pause Young (Allocation Failure) 347M->347M(455M) 82.466ms
[2020-08-08T12:58:30.645+0300][169.368s][info][gc] GC(983) Pause Full (Ergonomics) 347M->80M(455M) 172.447ms
[2020-08-08T12:58:30.845+0300][169.568s][info][gc] GC(984) Pause Young (Allocation Failure) 136M->136M(455M) 190.516ms
[2020-08-08T12:58:30.969+0300][169.692s][info][gc] GC(985) Pause Young (Allocation Failure) 193M->193M(455M) 114.085ms
[2020-08-08T12:58:31.079+0300][169.802s][info][gc] GC(986) Pause Young (Allocation Failure) 251M->251M(455M) 95.822ms
[2020-08-08T12:58:31.302+0300][170.025s][info][gc] GC(987) Pause Young (Allocation Failure) 308M->309M(455M) 210.262ms
[2020-08-08T12:58:31.371+0300][170.094s][info][gc] GC(988) Pause Full (Ergonomics) 309M->41M(455M) 69.442ms
[2020-08-08T12:58:31.565+0300][170.288s][info][gc] GC(989) Pause Young (Allocation Failure) 98M->98M(455M) 181.687ms
[2020-08-08T12:58:31.887+0300][170.609s][info][gc] GC(990) Pause Young (Allocation Failure) 156M->156M(455M) 313.861ms
[2020-08-08T12:58:31.980+0300][170.703s][info][gc] GC(991) Pause Young (Allocation Failure) 213M->213M(455M) 79.939ms
[2020-08-08T12:58:32.325+0300][171.048s][info][gc] GC(992) Pause Young (Allocation Failure) 270M->270M(455M) 330.813ms
[2020-08-08T12:58:32.444+0300][171.167s][info][gc] GC(993) Pause Young (Allocation Failure) 327M->327M(455M) 110.250ms
[2020-08-08T12:58:32.570+0300][171.293s][info][gc] GC(994) Pause Full (Ergonomics) 327M->59M(455M) 125.347ms
[2020-08-08T12:58:32.757+0300][171.480s][info][gc] GC(995) Pause Young (Allocation Failure) 117M->117M(455M) 173.072ms
[2020-08-08T12:58:32.947+0300][171.670s][info][gc] GC(996) Pause Young (Allocation Failure) 175M->175M(455M) 178.937ms
[2020-08-08T12:58:33.047+0300][171.770s][info][gc] GC(997) Pause Young (Allocation Failure) 232M->232M(455M) 86.673ms
[2020-08-08T12:58:33.331+0300][172.054s][info][gc] GC(998) Pause Young (Allocation Failure) 290M->290M(455M) 268.292ms
[2020-08-08T12:58:33.418+0300][172.141s][info][gc] GC(999) Pause Young (Allocation Failure) 347M->347M(455M) 76.937ms
[2020-08-08T12:58:33.595+0300][172.318s][info][gc] GC(1000) Pause Full (Ergonomics) 347M->79M(455M) 177.230ms
[2020-08-08T12:58:33.808+0300][172.531s][info][gc] GC(1001) Pause Young (Allocation Failure) 136M->136M(455M) 202.851ms
[2020-08-08T12:58:33.936+0300][172.659s][info][gc] GC(1002) Pause Young (Allocation Failure) 193M->193M(455M) 118.843ms
[2020-08-08T12:58:34.040+0300][172.763s][info][gc] GC(1003) Pause Young (Allocation Failure) 251M->251M(455M) 92.218ms
[2020-08-08T12:58:34.239+0300][172.962s][info][gc] GC(1004) Pause Young (Allocation Failure) 308M->309M(455M) 189.090ms
[2020-08-08T12:58:34.308+0300][173.031s][info][gc] GC(1005) Pause Full (Ergonomics) 309M->41M(455M) 68.865ms
[2020-08-08T12:58:34.502+0300][173.225s][info][gc] GC(1006) Pause Young (Allocation Failure) 98M->98M(455M) 181.328ms
[2020-08-08T12:58:34.802+0300][173.525s][info][gc] GC(1007) Pause Young (Allocation Failure) 156M->156M(455M) 291.179ms
[2020-08-08T12:58:34.896+0300][173.618s][info][gc] GC(1008) Pause Young (Allocation Failure) 213M->214M(455M) 81.169ms
[2020-08-08T12:58:35.240+0300][173.963s][info][gc] GC(1009) Pause Young (Allocation Failure) 270M->270M(455M) 334.867ms
[2020-08-08T12:58:35.354+0300][174.077s][info][gc] GC(1010) Pause Young (Allocation Failure) 327M->327M(455M) 103.923ms
[2020-08-08T12:58:35.475+0300][174.198s][info][gc] GC(1011) Pause Full (Ergonomics) 327M->59M(455M) 120.520ms
[2020-08-08T12:58:35.662+0300][174.385s][info][gc] GC(1012) Pause Young (Allocation Failure) 117M->117M(455M) 176.195ms
[2020-08-08T12:58:35.867+0300][174.589s][info][gc] GC(1013) Pause Young (Allocation Failure) 174M->175M(455M) 196.883ms
[2020-08-08T12:58:35.961+0300][174.684s][info][gc] GC(1014) Pause Young (Allocation Failure) 232M->232M(455M) 84.793ms
[2020-08-08T12:58:36.220+0300][174.942s][info][gc] GC(1015) Pause Young (Allocation Failure) 290M->290M(455M) 250.472ms
[2020-08-08T12:58:36.308+0300][175.031s][info][gc] GC(1016) Pause Young (Allocation Failure) 347M->347M(455M) 75.988ms
[2020-08-08T12:58:36.485+0300][175.208s][info][gc] GC(1017) Pause Full (Ergonomics) 347M->79M(455M) 177.131ms
[2020-08-08T12:58:36.695+0300][175.418s][info][gc] GC(1018) Pause Young (Allocation Failure) 136M->136M(455M) 199.702ms
[2020-08-08T12:58:36.842+0300][175.565s][info][gc] GC(1019) Pause Young (Allocation Failure) 193M->193M(455M) 138.476ms
[2020-08-08T12:58:36.945+0300][175.668s][info][gc] GC(1020) Pause Young (Allocation Failure) 251M->251M(455M) 93.222ms
[2020-08-08T12:58:37.145+0300][175.867s][info][gc] GC(1021) Pause Young (Allocation Failure) 308M->309M(455M) 189.796ms
[2020-08-08T12:58:37.218+0300][175.941s][info][gc] GC(1022) Pause Full (Ergonomics) 309M->41M(455M) 73.049ms
[2020-08-08T12:58:37.426+0300][176.148s][info][gc] GC(1023) Pause Young (Allocation Failure) 98M->98M(455M) 195.180ms
[2020-08-08T12:58:37.751+0300][176.474s][info][gc] GC(1024) Pause Young (Allocation Failure) 156M->156M(455M) 317.686ms
[2020-08-08T12:58:37.847+0300][176.570s][info][gc] GC(1025) Pause Young (Allocation Failure) 213M->214M(455M) 86.096ms
[2020-08-08T12:58:38.177+0300][176.900s][info][gc] GC(1026) Pause Young (Allocation Failure) 270M->270M(455M) 319.552ms
[2020-08-08T12:58:38.298+0300][177.021s][info][gc] GC(1027) Pause Young (Allocation Failure) 327M->327M(455M) 113.343ms
[2020-08-08T12:58:38.426+0300][177.149s][info][gc] GC(1028) Pause Full (Ergonomics) 327M->59M(455M) 127.443ms
[2020-08-08T12:58:38.612+0300][177.335s][info][gc] GC(1029) Pause Young (Allocation Failure) 117M->117M(455M) 173.927ms
[2020-08-08T12:58:38.816+0300][177.539s][info][gc] GC(1030) Pause Young (Allocation Failure) 174M->175M(455M) 195.754ms
[2020-08-08T12:58:38.910+0300][177.633s][info][gc] GC(1031) Pause Young (Allocation Failure) 232M->232M(455M) 84.691ms
[2020-08-08T12:58:39.177+0300][177.900s][info][gc] GC(1032) Pause Young (Allocation Failure) 290M->290M(455M) 255.909ms
[2020-08-08T12:58:39.262+0300][177.985s][info][gc] GC(1033) Pause Young (Allocation Failure) 347M->347M(455M) 76.286ms
[2020-08-08T12:58:39.442+0300][178.165s][info][gc] GC(1034) Pause Full (Ergonomics) 347M->79M(455M) 179.420ms
[2020-08-08T12:58:39.644+0300][178.367s][info][gc] GC(1035) Pause Young (Allocation Failure) 136M->136M(455M) 190.592ms
[2020-08-08T12:58:39.781+0300][178.504s][info][gc] GC(1036) Pause Young (Allocation Failure) 193M->193M(455M) 129.924ms
[2020-08-08T12:58:39.883+0300][178.606s][info][gc] GC(1037) Pause Young (Allocation Failure) 251M->251M(455M) 92.200ms
[2020-08-08T12:58:40.084+0300][178.807s][info][gc] GC(1038) Pause Young (Allocation Failure) 308M->309M(455M) 191.618ms
[2020-08-08T12:58:40.158+0300][178.881s][info][gc] GC(1039) Pause Full (Ergonomics) 309M->41M(455M) 73.315ms
[2020-08-08T12:58:40.366+0300][179.089s][info][gc] GC(1040) Pause Young (Allocation Failure) 98M->98M(455M) 198.381ms
[2020-08-08T12:58:40.657+0300][179.380s][info][gc] GC(1041) Pause Young (Allocation Failure) 156M->156M(455M) 279.151ms
[2020-08-08T12:58:40.750+0300][179.472s][info][gc] GC(1042) Pause Young (Allocation Failure) 213M->214M(455M) 83.144ms
[2020-08-08T12:58:41.097+0300][179.820s][info][gc] GC(1043) Pause Young (Allocation Failure) 270M->270M(455M) 337.276ms
[2020-08-08T12:58:41.209+0300][179.932s][info][gc] GC(1044) Pause Young (Allocation Failure) 327M->327M(455M) 104.813ms
[2020-08-08T12:58:41.333+0300][180.056s][info][gc] GC(1045) Pause Full (Ergonomics) 327M->59M(455M) 123.785ms
[2020-08-08T12:58:41.501+0300][180.224s][info][gc] GC(1046) Pause Young (Allocation Failure) 117M->117M(455M) 157.826ms
[2020-08-08T12:58:41.710+0300][180.433s][info][gc] GC(1047) Pause Young (Allocation Failure) 175M->175M(455M) 199.464ms
[2020-08-08T12:58:41.811+0300][180.534s][info][gc] GC(1048) Pause Young (Allocation Failure) 232M->232M(455M) 88.110ms
[2020-08-08T12:58:42.074+0300][180.797s][info][gc] GC(1049) Pause Young (Allocation Failure) 290M->290M(455M) 254.772ms
[2020-08-08T12:58:42.160+0300][180.883s][info][gc] GC(1050) Pause Young (Allocation Failure) 347M->347M(455M) 75.933ms
[2020-08-08T12:58:42.342+0300][181.065s][info][gc] GC(1051) Pause Full (Ergonomics) 347M->80M(455M) 181.871ms
[2020-08-08T12:58:42.538+0300][181.261s][info][gc] GC(1052) Pause Young (Allocation Failure) 136M->136M(455M) 186.046ms
[2020-08-08T12:58:42.684+0300][181.407s][info][gc] GC(1053) Pause Young (Allocation Failure) 193M->193M(455M) 133.635ms
[2020-08-08T12:58:42.791+0300][181.514s][info][gc] GC(1054) Pause Young (Allocation Failure) 251M->251M(455M) 96.730ms
[2020-08-08T12:58:43.011+0300][181.734s][info][gc] GC(1055) Pause Young (Allocation Failure) 308M->308M(455M) 210.800ms
[2020-08-08T12:58:43.081+0300][181.804s][info][gc] GC(1056) Pause Full (Ergonomics) 308M->41M(455M) 69.745ms
[2020-08-08T12:58:43.290+0300][182.013s][info][gc] GC(1057) Pause Young (Allocation Failure) 98M->98M(455M) 199.434ms
[2020-08-08T12:58:43.611+0300][182.334s][info][gc] GC(1058) Pause Young (Allocation Failure) 156M->156M(455M) 311.464ms
[2020-08-08T12:58:43.705+0300][182.428s][info][gc] GC(1059) Pause Young (Allocation Failure) 213M->213M(455M) 80.832ms
[2020-08-08T12:58:44.048+0300][182.771s][info][gc] GC(1060) Pause Young (Allocation Failure) 270M->270M(455M) 332.612ms
[2020-08-08T12:58:44.163+0300][182.886s][info][gc] GC(1061) Pause Young (Allocation Failure) 327M->327M(455M) 107.218ms
[2020-08-08T12:58:44.287+0300][183.010s][info][gc] GC(1062) Pause Full (Ergonomics) 327M->59M(455M) 124.516ms
[2020-08-08T12:58:44.467+0300][183.190s][info][gc] GC(1063) Pause Young (Allocation Failure) 117M->117M(455M) 169.098ms
[2020-08-08T12:58:44.657+0300][183.380s][info][gc] GC(1064) Pause Young (Allocation Failure) 175M->175M(455M) 181.445ms
[2020-08-08T12:58:44.758+0300][183.481s][info][gc] GC(1065) Pause Young (Allocation Failure) 232M->232M(455M) 86.419ms
[2020-08-08T12:58:45.039+0300][183.762s][info][gc] GC(1066) Pause Young (Allocation Failure) 290M->290M(455M) 271.837ms
[2020-08-08T12:58:45.124+0300][183.847s][info][gc] GC(1067) Pause Young (Allocation Failure) 347M->347M(455M) 74.996ms
[2020-08-08T12:58:45.313+0300][184.036s][info][gc] GC(1068) Pause Full (Ergonomics) 347M->80M(455M) 188.778ms
[2020-08-08T12:58:45.501+0300][184.224s][info][gc] GC(1069) Pause Young (Allocation Failure) 136M->136M(455M) 177.597ms
[2020-08-08T12:58:45.616+0300][184.339s][info][gc] GC(1070) Pause Young (Allocation Failure) 193M->193M(455M) 107.259ms
[2020-08-08T12:58:45.726+0300][184.449s][info][gc] GC(1071) Pause Young (Allocation Failure) 251M->251M(455M) 95.730ms
[2020-08-08T12:58:45.926+0300][184.649s][info][gc] GC(1072) Pause Young (Allocation Failure) 308M->309M(455M) 191.949ms
[2020-08-08T12:58:45.995+0300][184.718s][info][gc] GC(1073) Pause Full (Ergonomics) 309M->41M(455M) 68.532ms
[2020-08-08T12:58:46.192+0300][184.915s][info][gc] GC(1074) Pause Young (Allocation Failure) 98M->98M(455M) 188.177ms
[2020-08-08T12:58:46.486+0300][185.209s][info][gc] GC(1075) Pause Young (Allocation Failure) 156M->156M(455M) 286.844ms
[2020-08-08T12:58:46.575+0300][185.297s][info][gc] GC(1076) Pause Young (Allocation Failure) 213M->214M(455M) 78.907ms
[2020-08-08T12:58:46.912+0300][185.635s][info][gc] GC(1077) Pause Young (Allocation Failure) 270M->270M(455M) 327.061ms
[2020-08-08T12:58:47.050+0300][185.773s][info][gc] GC(1078) Pause Young (Allocation Failure) 327M->327M(455M) 126.711ms
[2020-08-08T12:58:47.171+0300][185.894s][info][gc] GC(1079) Pause Full (Ergonomics) 327M->59M(455M) 120.806ms
[2020-08-08T12:58:47.352+0300][186.074s][info][gc] GC(1080) Pause Young (Allocation Failure) 117M->117M(455M) 168.963ms
[2020-08-08T12:58:47.554+0300][186.277s][info][gc] GC(1081) Pause Young (Allocation Failure) 174M->175M(455M) 193.782ms
[2020-08-08T12:58:47.650+0300][186.373s][info][gc] GC(1082) Pause Young (Allocation Failure) 232M->232M(455M) 85.512ms
[2020-08-08T12:58:47.919+0300][186.642s][info][gc] GC(1083) Pause Young (Allocation Failure) 290M->290M(455M) 260.929ms
[2020-08-08T12:58:48.011+0300][186.734s][info][gc] GC(1084) Pause Young (Allocation Failure) 347M->347M(455M) 79.436ms
[2020-08-08T12:58:48.198+0300][186.921s][info][gc] GC(1085) Pause Full (Ergonomics) 347M->79M(455M) 187.338ms
[2020-08-08T12:58:48.405+0300][187.128s][info][gc] GC(1086) Pause Young (Allocation Failure) 136M->136M(455M) 197.845ms
[2020-08-08T12:58:48.537+0300][187.260s][info][gc] GC(1087) Pause Young (Allocation Failure) 193M->193M(455M) 122.884ms
[2020-08-08T12:58:48.643+0300][187.366s][info][gc] GC(1088) Pause Young (Allocation Failure) 251M->251M(455M) 94.765ms
[2020-08-08T12:58:48.837+0300][187.560s][info][gc] GC(1089) Pause Young (Allocation Failure) 308M->309M(455M) 186.062ms
[2020-08-08T12:58:48.907+0300][187.629s][info][gc] GC(1090) Pause Full (Ergonomics) 309M->41M(455M) 69.229ms
[2020-08-08T12:58:49.104+0300][187.827s][info][gc] GC(1091) Pause Young (Allocation Failure) 98M->98M(455M) 184.358ms
[2020-08-08T12:58:49.424+0300][188.147s][info][gc] GC(1092) Pause Young (Allocation Failure) 156M->156M(455M) 312.857ms
[2020-08-08T12:58:49.514+0300][188.237s][info][gc] GC(1093) Pause Young (Allocation Failure) 213M->214M(455M) 80.113ms
[2020-08-08T12:58:49.833+0300][188.556s][info][gc] GC(1094) Pause Young (Allocation Failure) 270M->270M(455M) 308.051ms
[2020-08-08T12:58:49.968+0300][188.691s][info][gc] GC(1095) Pause Young (Allocation Failure) 327M->327M(455M) 125.441ms
[2020-08-08T12:58:50.094+0300][188.817s][info][gc] GC(1096) Pause Full (Ergonomics) 327M->59M(455M) 126.566ms
[2020-08-08T12:58:50.264+0300][188.987s][info][gc] GC(1097) Pause Young (Allocation Failure) 117M->117M(455M) 156.940ms
[2020-08-08T12:58:50.470+0300][189.193s][info][gc] GC(1098) Pause Young (Allocation Failure) 174M->175M(455M) 198.385ms
[2020-08-08T12:58:50.569+0300][189.291s][info][gc] GC(1099) Pause Young (Allocation Failure) 232M->232M(455M) 88.451ms
[2020-08-08T12:58:50.842+0300][189.565s][info][gc] GC(1100) Pause Young (Allocation Failure) 290M->290M(455M) 262.498ms
[2020-08-08T12:58:50.928+0300][189.651s][info][gc] GC(1101) Pause Young (Allocation Failure) 347M->347M(455M) 76.227ms
[2020-08-08T12:58:51.115+0300][189.838s][info][gc] GC(1102) Pause Full (Ergonomics) 347M->80M(455M) 187.489ms
[2020-08-08T12:58:51.310+0300][190.033s][info][gc] GC(1103) Pause Young (Allocation Failure) 136M->136M(455M) 183.065ms
[2020-08-08T12:58:51.433+0300][190.156s][info][gc] GC(1104) Pause Young (Allocation Failure) 193M->193M(455M) 114.540ms
[2020-08-08T12:58:51.537+0300][190.260s][info][gc] GC(1105) Pause Young (Allocation Failure) 251M->251M(455M) 94.531ms
[2020-08-08T12:58:51.729+0300][190.452s][info][gc] GC(1106) Pause Young (Allocation Failure) 308M->309M(455M) 181.702ms
[2020-08-08T12:58:51.803+0300][190.526s][info][gc] GC(1107) Pause Full (Ergonomics) 309M->41M(455M) 74.253ms
[2020-08-08T12:58:52.012+0300][190.735s][info][gc] GC(1108) Pause Young (Allocation Failure) 98M->98M(455M) 198.157ms
[2020-08-08T12:58:52.332+0300][191.055s][info][gc] GC(1109) Pause Young (Allocation Failure) 156M->156M(455M) 312.287ms
[2020-08-08T12:58:52.427+0300][191.150s][info][gc] GC(1110) Pause Young (Allocation Failure) 214M->214M(455M) 83.043ms
[2020-08-08T12:58:52.757+0300][191.480s][info][gc] GC(1111) Pause Young (Allocation Failure) 270M->270M(455M) 320.336ms
[2020-08-08T12:58:52.868+0300][191.591s][info][gc] GC(1112) Pause Young (Allocation Failure) 327M->327M(455M) 102.236ms
[2020-08-08T12:58:52.991+0300][191.714s][info][gc] GC(1113) Pause Full (Ergonomics) 327M->59M(455M) 123.496ms
[2020-08-08T12:58:53.166+0300][191.888s][info][gc] GC(1114) Pause Young (Allocation Failure) 117M->117M(455M) 164.803ms
[2020-08-08T12:58:53.371+0300][192.094s][info][gc] GC(1115) Pause Young (Allocation Failure) 175M->175M(455M) 197.275ms
[2020-08-08T12:58:53.469+0300][192.192s][info][gc] GC(1116) Pause Young (Allocation Failure) 232M->232M(455M) 85.685ms
[2020-08-08T12:58:53.740+0300][192.462s][info][gc] GC(1117) Pause Young (Allocation Failure) 290M->290M(455M) 261.516ms
[2020-08-08T12:58:53.826+0300][192.549s][info][gc] GC(1118) Pause Young (Allocation Failure) 347M->347M(455M) 77.100ms
[2020-08-08T12:58:54.006+0300][192.729s][info][gc] GC(1119) Pause Full (Ergonomics) 347M->80M(455M) 179.565ms
[2020-08-08T12:58:54.211+0300][192.934s][info][gc] GC(1120) Pause Young (Allocation Failure) 136M->136M(455M) 195.358ms
[2020-08-08T12:58:54.339+0300][193.062s][info][gc] GC(1121) Pause Young (Allocation Failure) 193M->193M(455M) 118.621ms
[2020-08-08T12:58:54.445+0300][193.168s][info][gc] GC(1122) Pause Young (Allocation Failure) 251M->251M(455M) 94.136ms
[2020-08-08T12:58:54.642+0300][193.365s][info][gc] GC(1123) Pause Young (Allocation Failure) 308M->309M(455M) 188.267ms
[2020-08-08T12:58:54.712+0300][193.435s][info][gc] GC(1124) Pause Full (Ergonomics) 309M->41M(455M) 69.799ms
[2020-08-08T12:58:54.913+0300][193.636s][info][gc] GC(1125) Pause Young (Allocation Failure) 98M->98M(455M) 188.295ms
[2020-08-08T12:58:55.211+0300][193.934s][info][gc] GC(1126) Pause Young (Allocation Failure) 156M->156M(455M) 289.654ms
[2020-08-08T12:58:55.302+0300][194.025s][info][gc] GC(1127) Pause Young (Allocation Failure) 213M->214M(455M) 80.766ms
[2020-08-08T12:58:55.614+0300][194.337s][info][gc] GC(1128) Pause Young (Allocation Failure) 270M->270M(455M) 302.061ms
[2020-08-08T12:58:55.744+0300][194.467s][info][gc] GC(1129) Pause Young (Allocation Failure) 327M->327M(455M) 117.488ms
[2020-08-08T12:58:55.875+0300][194.598s][info][gc] GC(1130) Pause Full (Ergonomics) 327M->59M(455M) 130.480ms
[2020-08-08T12:58:56.057+0300][194.779s][info][gc] GC(1131) Pause Young (Allocation Failure) 117M->117M(455M) 171.968ms
[2020-08-08T12:58:56.259+0300][194.981s][info][gc] GC(1132) Pause Young (Allocation Failure) 174M->175M(455M) 193.881ms
[2020-08-08T12:58:56.355+0300][195.078s][info][gc] GC(1133) Pause Young (Allocation Failure) 232M->232M(455M) 86.559ms
[2020-08-08T12:58:56.620+0300][195.343s][info][gc] GC(1134) Pause Young (Allocation Failure) 290M->290M(455M) 256.755ms
[2020-08-08T12:58:56.711+0300][195.434s][info][gc] GC(1135) Pause Young (Allocation Failure) 347M->347M(455M) 77.176ms
[2020-08-08T12:58:56.897+0300][195.620s][info][gc] GC(1136) Pause Full (Ergonomics) 347M->79M(455M) 185.790ms
[2020-08-08T12:58:57.096+0300][195.819s][info][gc] GC(1137) Pause Young (Allocation Failure) 136M->136M(455M) 189.331ms
[2020-08-08T12:58:57.217+0300][195.940s][info][gc] GC(1138) Pause Young (Allocation Failure) 193M->193M(455M) 113.254ms
[2020-08-08T12:58:57.322+0300][196.045s][info][gc] GC(1139) Pause Young (Allocation Failure) 251M->251M(455M) 94.966ms
[2020-08-08T12:58:57.520+0300][196.242s][info][gc] GC(1140) Pause Young (Allocation Failure) 308M->309M(455M) 189.147ms
[2020-08-08T12:58:57.590+0300][196.313s][info][gc] GC(1141) Pause Full (Ergonomics) 309M->41M(455M) 70.695ms
[2020-08-08T12:58:57.783+0300][196.506s][info][gc] GC(1142) Pause Young (Allocation Failure) 98M->98M(455M) 179.621ms
[2020-08-08T12:58:58.108+0300][196.831s][info][gc] GC(1143) Pause Young (Allocation Failure) 156M->156M(455M) 316.933ms
[2020-08-08T12:58:58.198+0300][196.921s][info][gc] GC(1144) Pause Young (Allocation Failure) 213M->214M(455M) 81.058ms
[2020-08-08T12:58:58.521+0300][197.244s][info][gc] GC(1145) Pause Young (Allocation Failure) 270M->270M(455M) 312.790ms
[2020-08-08T12:58:58.639+0300][197.362s][info][gc] GC(1146) Pause Young (Allocation Failure) 327M->327M(455M) 109.682ms
[2020-08-08T12:58:58.759+0300][197.482s][info][gc] GC(1147) Pause Full (Ergonomics) 327M->59M(455M) 120.381ms
[2020-08-08T12:58:58.940+0300][197.663s][info][gc] GC(1148) Pause Young (Allocation Failure) 117M->117M(455M) 167.698ms
[2020-08-08T12:58:59.145+0300][197.868s][info][gc] GC(1149) Pause Young (Allocation Failure) 174M->175M(455M) 197.321ms
[2020-08-08T12:58:59.243+0300][197.966s][info][gc] GC(1150) Pause Young (Allocation Failure) 232M->232M(455M) 88.637ms
[2020-08-08T12:58:59.511+0300][198.233s][info][gc] GC(1151) Pause Young (Allocation Failure) 290M->290M(455M) 260.163ms
[2020-08-08T12:58:59.599+0300][198.322s][info][gc] GC(1152) Pause Young (Allocation Failure) 347M->347M(455M) 79.187ms
[2020-08-08T12:58:59.793+0300][198.516s][info][gc] GC(1153) Pause Full (Ergonomics) 347M->80M(455M) 193.666ms
[2020-08-08T12:58:59.983+0300][198.706s][info][gc] GC(1154) Pause Young (Allocation Failure) 136M->136M(455M) 177.882ms
[2020-08-08T12:59:00.124+0300][198.847s][info][gc] GC(1155) Pause Young (Allocation Failure) 193M->193M(455M) 132.184ms
[2020-08-08T12:59:00.227+0300][198.950s][info][gc] GC(1156) Pause Young (Allocation Failure) 251M->251M(455M) 93.763ms
[2020-08-08T12:59:00.427+0300][199.150s][info][gc] GC(1157) Pause Young (Allocation Failure) 308M->309M(455M) 190.647ms
[2020-08-08T12:59:00.497+0300][199.219s][info][gc] GC(1158) Pause Full (Ergonomics) 309M->41M(455M) 69.574ms
[2020-08-08T12:59:00.707+0300][199.430s][info][gc] GC(1159) Pause Young (Allocation Failure) 98M->98M(455M) 200.500ms
[2020-08-08T12:59:01.012+0300][199.735s][info][gc] GC(1160) Pause Young (Allocation Failure) 156M->156M(455M) 296.347ms
[2020-08-08T12:59:01.104+0300][199.827s][info][gc] GC(1161) Pause Young (Allocation Failure) 214M->214M(455M) 80.083ms
[2020-08-08T12:59:01.497+0300][200.220s][info][gc] GC(1162) Pause Young (Allocation Failure) 270M->270M(455M) 382.803ms
[2020-08-08T12:59:01.648+0300][200.371s][info][gc] GC(1163) Pause Young (Allocation Failure) 327M->327M(455M) 143.493ms
[2020-08-08T12:59:01.777+0300][200.500s][info][gc] GC(1164) Pause Full (Ergonomics) 327M->59M(455M) 128.884ms
[2020-08-08T12:59:01.962+0300][200.685s][info][gc] GC(1165) Pause Young (Allocation Failure) 117M->117M(455M) 173.122ms
[2020-08-08T12:59:02.167+0300][200.890s][info][gc] GC(1166) Pause Young (Allocation Failure) 174M->175M(455M) 196.450ms
[2020-08-08T12:59:02.265+0300][200.988s][info][gc] GC(1167) Pause Young (Allocation Failure) 232M->232M(455M) 87.835ms
[2020-08-08T12:59:02.539+0300][201.261s][info][gc] GC(1168) Pause Young (Allocation Failure) 290M->290M(455M) 265.061ms
[2020-08-08T12:59:02.625+0300][201.348s][info][gc] GC(1169) Pause Young (Allocation Failure) 347M->347M(455M) 75.688ms
[2020-08-08T12:59:02.802+0300][201.525s][info][gc] GC(1170) Pause Full (Ergonomics) 347M->80M(455M) 177.618ms
[2020-08-08T12:59:02.996+0300][201.719s][info][gc] GC(1171) Pause Young (Allocation Failure) 136M->136M(455M) 180.556ms
[2020-08-08T12:59:03.137+0300][201.860s][info][gc] GC(1172) Pause Young (Allocation Failure) 193M->193M(455M) 134.142ms
[2020-08-08T12:59:03.238+0300][201.961s][info][gc] GC(1173) Pause Young (Allocation Failure) 251M->251M(455M) 91.353ms
[2020-08-08T12:59:03.439+0300][202.162s][info][gc] GC(1174) Pause Young (Allocation Failure) 308M->309M(455M) 191.997ms
[2020-08-08T12:59:03.508+0300][202.231s][info][gc] GC(1175) Pause Full (Ergonomics) 309M->41M(455M) 69.564ms
[2020-08-08T12:59:03.705+0300][202.428s][info][gc] GC(1176) Pause Young (Allocation Failure) 98M->98M(455M) 186.194ms
[2020-08-08T12:59:04.029+0300][202.752s][info][gc] GC(1177) Pause Young (Allocation Failure) 156M->156M(455M) 313.062ms
[2020-08-08T12:59:04.120+0300][202.843s][info][gc] GC(1178) Pause Young (Allocation Failure) 214M->214M(455M) 79.060ms
[2020-08-08T12:59:04.436+0300][203.159s][info][gc] GC(1179) Pause Young (Allocation Failure) 270M->270M(455M) 306.508ms
[2020-08-08T12:59:04.546+0300][203.269s][info][gc] GC(1180) Pause Young (Allocation Failure) 327M->327M(455M) 101.727ms
[2020-08-08T12:59:04.671+0300][203.394s][info][gc] GC(1181) Pause Full (Ergonomics) 327M->59M(455M) 125.456ms
[2020-08-08T12:59:04.858+0300][203.581s][info][gc] GC(1182) Pause Young (Allocation Failure) 117M->117M(455M) 175.619ms
[2020-08-08T12:59:05.057+0300][203.780s][info][gc] GC(1183) Pause Young (Allocation Failure) 175M->175M(455M) 191.669ms
[2020-08-08T12:59:05.157+0300][203.880s][info][gc] GC(1184) Pause Young (Allocation Failure) 232M->232M(455M) 87.631ms
[2020-08-08T12:59:05.408+0300][204.131s][info][gc] GC(1185) Pause Young (Allocation Failure) 290M->290M(455M) 242.296ms
[2020-08-08T12:59:05.493+0300][204.216s][info][gc] GC(1186) Pause Young (Allocation Failure) 347M->347M(455M) 75.725ms
[2020-08-08T12:59:05.673+0300][204.396s][info][gc] GC(1187) Pause Full (Ergonomics) 347M->80M(455M) 180.022ms
[2020-08-08T12:59:05.872+0300][204.595s][info][gc] GC(1188) Pause Young (Allocation Failure) 136M->136M(455M) 188.958ms
[2020-08-08T12:59:06.012+0300][204.735s][info][gc] GC(1189) Pause Young (Allocation Failure) 193M->193M(455M) 132.440ms
[2020-08-08T12:59:06.118+0300][204.841s][info][gc] GC(1190) Pause Young (Allocation Failure) 251M->251M(455M) 93.948ms
[2020-08-08T12:59:06.310+0300][205.033s][info][gc] GC(1191) Pause Young (Allocation Failure) 308M->309M(455M) 183.571ms
[2020-08-08T12:59:06.381+0300][205.103s][info][gc] GC(1192) Pause Full (Ergonomics) 309M->41M(455M) 70.134ms
[2020-08-08T12:59:06.584+0300][205.307s][info][gc] GC(1193) Pause Young (Allocation Failure) 98M->98M(455M) 193.022ms
[2020-08-08T12:59:06.898+0300][205.621s][info][gc] GC(1194) Pause Young (Allocation Failure) 156M->156M(455M) 305.735ms
[2020-08-08T12:59:06.988+0300][205.711s][info][gc] GC(1195) Pause Young (Allocation Failure) 213M->214M(455M) 80.671ms
[2020-08-08T12:59:07.338+0300][206.061s][info][gc] GC(1196) Pause Young (Allocation Failure) 270M->270M(455M) 340.187ms
[2020-08-08T12:59:07.469+0300][206.191s][info][gc] GC(1197) Pause Young (Allocation Failure) 327M->327M(455M) 119.807ms
[2020-08-08T12:59:07.592+0300][206.315s][info][gc] GC(1198) Pause Full (Ergonomics) 327M->59M(455M) 123.573ms
[2020-08-08T12:59:07.778+0300][206.501s][info][gc] GC(1199) Pause Young (Allocation Failure) 117M->117M(455M) 174.097ms
[2020-08-08T12:59:07.981+0300][206.704s][info][gc] GC(1200) Pause Young (Allocation Failure) 174M->175M(455M) 194.689ms
[2020-08-08T12:59:08.077+0300][206.800s][info][gc] GC(1201) Pause Young (Allocation Failure) 232M->232M(455M) 85.888ms
[2020-08-08T12:59:08.351+0300][207.074s][info][gc] GC(1202) Pause Young (Allocation Failure) 290M->290M(455M) 265.097ms
[2020-08-08T12:59:08.442+0300][207.165s][info][gc] GC(1203) Pause Young (Allocation Failure) 347M->347M(455M) 77.865ms
[2020-08-08T12:59:08.629+0300][207.351s][info][gc] GC(1204) Pause Full (Ergonomics) 347M->79M(455M) 186.196ms
[2020-08-08T12:59:08.825+0300][207.548s][info][gc] GC(1205) Pause Young (Allocation Failure) 136M->136M(455M) 186.467ms
[2020-08-08T12:59:08.955+0300][207.678s][info][gc] GC(1206) Pause Young (Allocation Failure) 193M->193M(455M) 123.424ms
[2020-08-08T12:59:09.058+0300][207.781s][info][gc] GC(1207) Pause Young (Allocation Failure) 251M->251M(455M) 93.699ms
[2020-08-08T12:59:09.256+0300][207.979s][info][gc] GC(1208) Pause Young (Allocation Failure) 308M->309M(455M) 189.176ms
[2020-08-08T12:59:09.326+0300][208.049s][info][gc] GC(1209) Pause Full (Ergonomics) 309M->41M(455M) 69.931ms
[2020-08-08T12:59:09.523+0300][208.245s][info][gc] GC(1210) Pause Young (Allocation Failure) 98M->98M(455M) 183.375ms
[2020-08-08T12:59:09.835+0300][208.557s][info][gc] GC(1211) Pause Young (Allocation Failure) 156M->156M(455M) 303.923ms
[2020-08-08T12:59:09.928+0300][208.650s][info][gc] GC(1212) Pause Young (Allocation Failure) 213M->214M(455M) 82.221ms
[2020-08-08T12:59:10.242+0300][208.965s][info][gc] GC(1213) Pause Young (Allocation Failure) 270M->270M(455M) 305.189ms
[2020-08-08T12:59:10.362+0300][209.085s][info][gc] GC(1214) Pause Young (Allocation Failure) 327M->327M(455M) 111.997ms
[2020-08-08T12:59:10.487+0300][209.210s][info][gc] GC(1215) Pause Full (Ergonomics) 327M->59M(455M) 125.016ms
[2020-08-08T12:59:10.677+0300][209.400s][info][gc] GC(1216) Pause Young (Allocation Failure) 117M->117M(455M) 176.665ms
[2020-08-08T12:59:10.879+0300][209.602s][info][gc] GC(1217) Pause Young (Allocation Failure) 174M->175M(455M) 193.406ms
[2020-08-08T12:59:10.975+0300][209.698s][info][gc] GC(1218) Pause Young (Allocation Failure) 232M->232M(455M) 86.015ms
[2020-08-08T12:59:11.243+0300][209.965s][info][gc] GC(1219) Pause Young (Allocation Failure) 290M->290M(455M) 258.540ms
[2020-08-08T12:59:11.328+0300][210.051s][info][gc] GC(1220) Pause Young (Allocation Failure) 347M->347M(455M) 76.258ms
[2020-08-08T12:59:11.515+0300][210.238s][info][gc] GC(1221) Pause Full (Ergonomics) 347M->79M(455M) 186.666ms
[2020-08-08T12:59:11.723+0300][210.446s][info][gc] GC(1222) Pause Young (Allocation Failure) 136M->136M(455M) 195.710ms
[2020-08-08T12:59:11.848+0300][210.571s][info][gc] GC(1223) Pause Young (Allocation Failure) 193M->193M(455M) 116.332ms
[2020-08-08T12:59:11.951+0300][210.674s][info][gc] GC(1224) Pause Young (Allocation Failure) 251M->251M(455M) 94.073ms
[2020-08-08T12:59:12.152+0300][210.875s][info][gc] GC(1225) Pause Young (Allocation Failure) 308M->309M(455M) 190.743ms
[2020-08-08T12:59:12.223+0300][210.946s][info][gc] GC(1226) Pause Full (Ergonomics) 309M->41M(455M) 70.849ms
[2020-08-08T12:59:12.431+0300][211.154s][info][gc] GC(1227) Pause Young (Allocation Failure) 98M->98M(455M) 198.364ms
[2020-08-08T12:59:12.716+0300][211.439s][info][gc] GC(1228) Pause Young (Allocation Failure) 156M->156M(455M) 274.463ms
[2020-08-08T12:59:12.814+0300][211.537s][info][gc] GC(1229) Pause Young (Allocation Failure) 213M->213M(455M) 84.524ms
[2020-08-08T12:59:13.131+0300][211.854s][info][gc] GC(1230) Pause Young (Allocation Failure) 271M->270M(455M) 307.001ms
[2020-08-08T12:59:13.239+0300][211.962s][info][gc] GC(1231) Pause Young (Allocation Failure) 327M->327M(455M) 100.878ms
[2020-08-08T12:59:13.363+0300][212.086s][info][gc] GC(1232) Pause Full (Ergonomics) 327M->59M(455M) 123.347ms
[2020-08-08T12:59:13.548+0300][212.271s][info][gc] GC(1233) Pause Young (Allocation Failure) 117M->117M(455M) 174.065ms
[2020-08-08T12:59:13.752+0300][212.475s][info][gc] GC(1234) Pause Young (Allocation Failure) 175M->175M(455M) 193.572ms
[2020-08-08T12:59:13.847+0300][212.570s][info][gc] GC(1235) Pause Young (Allocation Failure) 232M->232M(455M) 85.030ms
[2020-08-08T12:59:14.112+0300][212.835s][info][gc] GC(1236) Pause Young (Allocation Failure) 290M->290M(455M) 256.921ms
[2020-08-08T12:59:14.201+0300][212.923s][info][gc] GC(1237) Pause Young (Allocation Failure) 347M->347M(455M) 79.309ms
[2020-08-08T12:59:14.388+0300][213.111s][info][gc] GC(1238) Pause Full (Ergonomics) 347M->80M(455M) 187.106ms
[2020-08-08T12:59:14.593+0300][213.316s][info][gc] GC(1239) Pause Young (Allocation Failure) 136M->136M(455M) 193.691ms
[2020-08-08T12:59:14.735+0300][213.458s][info][gc] GC(1240) Pause Young (Allocation Failure) 193M->193M(455M) 130.873ms
[2020-08-08T12:59:14.837+0300][213.560s][info][gc] GC(1241) Pause Young (Allocation Failure) 251M->251M(455M) 92.320ms
[2020-08-08T12:59:15.071+0300][213.794s][info][gc] GC(1242) Pause Young (Allocation Failure) 308M->309M(455M) 224.799ms
[2020-08-08T12:59:15.143+0300][213.866s][info][gc] GC(1243) Pause Full (Ergonomics) 309M->41M(455M) 71.490ms
[2020-08-08T12:59:15.353+0300][214.076s][info][gc] GC(1244) Pause Young (Allocation Failure) 98M->98M(455M) 200.828ms
[2020-08-08T12:59:15.676+0300][214.398s][info][gc] GC(1245) Pause Young (Allocation Failure) 156M->156M(455M) 314.845ms
[2020-08-08T12:59:15.769+0300][214.492s][info][gc] GC(1246) Pause Young (Allocation Failure) 213M->213M(455M) 81.286ms
[2020-08-08T12:59:16.115+0300][214.837s][info][gc] GC(1247) Pause Young (Allocation Failure) 270M->270M(455M) 335.329ms
[2020-08-08T12:59:16.226+0300][214.949s][info][gc] GC(1248) Pause Young (Allocation Failure) 327M->327M(455M) 103.296ms
[2020-08-08T12:59:16.352+0300][215.075s][info][gc] GC(1249) Pause Full (Ergonomics) 327M->59M(455M) 125.281ms
[2020-08-08T12:59:16.533+0300][215.256s][info][gc] GC(1250) Pause Young (Allocation Failure) 117M->117M(455M) 170.806ms
[2020-08-08T12:59:16.715+0300][215.438s][info][gc] GC(1251) Pause Young (Allocation Failure) 175M->175M(455M) 172.870ms
[2020-08-08T12:59:16.818+0300][215.541s][info][gc] GC(1252) Pause Young (Allocation Failure) 232M->232M(455M) 89.212ms
[2020-08-08T12:59:17.098+0300][215.821s][info][gc] GC(1253) Pause Young (Allocation Failure) 290M->290M(455M) 270.713ms
[2020-08-08T12:59:17.186+0300][215.909s][info][gc] GC(1254) Pause Young (Allocation Failure) 347M->347M(455M) 76.585ms
[2020-08-08T12:59:17.370+0300][216.093s][info][gc] GC(1255) Pause Full (Ergonomics) 347M->80M(455M) 183.881ms
[2020-08-08T12:59:17.576+0300][216.299s][info][gc] GC(1256) Pause Young (Allocation Failure) 136M->136M(455M) 195.614ms
[2020-08-08T12:59:17.719+0300][216.441s][info][gc] GC(1257) Pause Young (Allocation Failure) 193M->193M(455M) 134.525ms
[2020-08-08T12:59:17.826+0300][216.549s][info][gc] GC(1258) Pause Young (Allocation Failure) 251M->251M(455M) 94.862ms
[2020-08-08T12:59:18.021+0300][216.744s][info][gc] GC(1259) Pause Young (Allocation Failure) 308M->309M(455M) 185.935ms
[2020-08-08T12:59:18.095+0300][216.817s][info][gc] GC(1260) Pause Full (Ergonomics) 309M->41M(455M) 73.116ms
[2020-08-08T12:59:18.298+0300][217.021s][info][gc] GC(1261) Pause Young (Allocation Failure) 98M->98M(455M) 194.015ms
[2020-08-08T12:59:18.617+0300][217.339s][info][gc] GC(1262) Pause Young (Allocation Failure) 156M->156M(455M) 309.508ms
[2020-08-08T12:59:18.705+0300][217.428s][info][gc] GC(1263) Pause Young (Allocation Failure) 213M->214M(455M) 78.428ms
[2020-08-08T12:59:19.044+0300][217.766s][info][gc] GC(1264) Pause Young (Allocation Failure) 270M->270M(455M) 325.735ms
[2020-08-08T12:59:19.161+0300][217.884s][info][gc] GC(1265) Pause Young (Allocation Failure) 327M->327M(455M) 109.418ms
[2020-08-08T12:59:19.288+0300][218.011s][info][gc] GC(1266) Pause Full (Ergonomics) 327M->59M(455M) 126.337ms
[2020-08-08T12:59:19.474+0300][218.197s][info][gc] GC(1267) Pause Young (Allocation Failure) 117M->117M(455M) 175.335ms
[2020-08-08T12:59:19.665+0300][218.388s][info][gc] GC(1268) Pause Young (Allocation Failure) 175M->175M(455M) 184.292ms
[2020-08-08T12:59:19.764+0300][218.487s][info][gc] GC(1269) Pause Young (Allocation Failure) 232M->232M(455M) 86.124ms
[2020-08-08T12:59:20.079+0300][218.802s][info][gc] GC(1270) Pause Young (Allocation Failure) 290M->290M(455M) 303.742ms
[2020-08-08T12:59:20.169+0300][218.892s][info][gc] GC(1271) Pause Young (Allocation Failure) 347M->347M(455M) 80.425ms
[2020-08-08T12:59:20.350+0300][219.073s][info][gc] GC(1272) Pause Full (Ergonomics) 347M->80M(455M) 180.984ms
[2020-08-08T12:59:20.558+0300][219.281s][info][gc] GC(1273) Pause Young (Allocation Failure) 136M->136M(455M) 197.125ms
[2020-08-08T12:59:20.695+0300][219.418s][info][gc] GC(1274) Pause Young (Allocation Failure) 193M->193M(455M) 127.433ms
[2020-08-08T12:59:20.797+0300][219.520s][info][gc] GC(1275) Pause Young (Allocation Failure) 251M->251M(455M) 93.374ms
[2020-08-08T12:59:20.995+0300][219.717s][info][gc] GC(1276) Pause Young (Allocation Failure) 308M->308M(455M) 180.135ms
[2020-08-08T12:59:21.065+0300][219.788s][info][gc] GC(1277) Pause Full (Ergonomics) 308M->41M(455M) 70.563ms
[2020-08-08T12:59:21.273+0300][219.995s][info][gc] GC(1278) Pause Young (Allocation Failure) 98M->98M(455M) 197.714ms
[2020-08-08T12:59:21.593+0300][220.316s][info][gc] GC(1279) Pause Young (Allocation Failure) 156M->156M(455M) 312.468ms
[2020-08-08T12:59:21.685+0300][220.408s][info][gc] GC(1280) Pause Young (Allocation Failure) 213M->213M(455M) 80.958ms
[2020-08-08T12:59:22.020+0300][220.743s][info][gc] GC(1281) Pause Young (Allocation Failure) 270M->270M(455M) 322.724ms
[2020-08-08T12:59:22.144+0300][220.867s][info][gc] GC(1282) Pause Young (Allocation Failure) 327M->327M(455M) 113.008ms
[2020-08-08T12:59:22.266+0300][220.989s][info][gc] GC(1283) Pause Full (Ergonomics) 327M->59M(455M) 122.450ms
[2020-08-08T12:59:22.449+0300][221.172s][info][gc] GC(1284) Pause Young (Allocation Failure) 117M->117M(455M) 172.074ms
[2020-08-08T12:59:22.659+0300][221.381s][info][gc] GC(1285) Pause Young (Allocation Failure) 174M->175M(455M) 201.057ms
[2020-08-08T12:59:22.755+0300][221.478s][info][gc] GC(1286) Pause Young (Allocation Failure) 232M->232M(455M) 86.468ms
[2020-08-08T12:59:23.031+0300][221.753s][info][gc] GC(1287) Pause Young (Allocation Failure) 290M->290M(455M) 267.319ms
[2020-08-08T12:59:23.123+0300][221.846s][info][gc] GC(1288) Pause Young (Allocation Failure) 347M->347M(455M) 78.611ms
[2020-08-08T12:59:23.305+0300][222.028s][info][gc] GC(1289) Pause Full (Ergonomics) 347M->79M(455M) 182.192ms
[2020-08-08T12:59:23.509+0300][222.232s][info][gc] GC(1290) Pause Young (Allocation Failure) 136M->136M(455M) 192.844ms
[2020-08-08T12:59:23.629+0300][222.352s][info][gc] GC(1291) Pause Young (Allocation Failure) 193M->193M(455M) 110.325ms
[2020-08-08T12:59:23.739+0300][222.461s][info][gc] GC(1292) Pause Young (Allocation Failure) 251M->251M(455M) 95.388ms
[2020-08-08T12:59:23.942+0300][222.664s][info][gc] GC(1293) Pause Young (Allocation Failure) 308M->309M(455M) 191.124ms
[2020-08-08T12:59:24.011+0300][222.734s][info][gc] GC(1294) Pause Full (Ergonomics) 309M->41M(455M) 69.867ms
[2020-08-08T12:59:24.205+0300][222.928s][info][gc] GC(1295) Pause Young (Allocation Failure) 98M->98M(455M) 178.287ms
[2020-08-08T12:59:24.533+0300][223.256s][info][gc] GC(1296) Pause Young (Allocation Failure) 156M->156M(455M) 318.654ms
[2020-08-08T12:59:24.624+0300][223.347s][info][gc] GC(1297) Pause Young (Allocation Failure) 213M->214M(455M) 81.072ms
[2020-08-08T12:59:24.943+0300][223.666s][info][gc] GC(1298) Pause Young (Allocation Failure) 270M->270M(455M) 308.423ms
[2020-08-08T12:59:25.061+0300][223.784s][info][gc] GC(1299) Pause Young (Allocation Failure) 327M->327M(455M) 108.689ms
[2020-08-08T12:59:25.187+0300][223.910s][info][gc] GC(1300) Pause Full (Ergonomics) 327M->59M(455M) 126.074ms
[2020-08-08T12:59:25.372+0300][224.095s][info][gc] GC(1301) Pause Young (Allocation Failure) 117M->117M(455M) 172.809ms
[2020-08-08T12:59:25.575+0300][224.297s][info][gc] GC(1302) Pause Young (Allocation Failure) 174M->175M(455M) 194.358ms
[2020-08-08T12:59:25.671+0300][224.393s][info][gc] GC(1303) Pause Young (Allocation Failure) 232M->232M(455M) 85.945ms
[2020-08-08T12:59:25.939+0300][224.662s][info][gc] GC(1304) Pause Young (Allocation Failure) 290M->290M(455M) 259.689ms
[2020-08-08T12:59:26.027+0300][224.750s][info][gc] GC(1305) Pause Young (Allocation Failure) 347M->347M(455M) 77.423ms
[2020-08-08T12:59:26.214+0300][224.937s][info][gc] GC(1306) Pause Full (Ergonomics) 347M->80M(455M) 187.107ms
[2020-08-08T12:59:26.418+0300][225.141s][info][gc] GC(1307) Pause Young (Allocation Failure) 136M->136M(455M) 191.375ms
[2020-08-08T12:59:26.537+0300][225.259s][info][gc] GC(1308) Pause Young (Allocation Failure) 193M->193M(455M) 108.089ms
[2020-08-08T12:59:26.641+0300][225.364s][info][gc] GC(1309) Pause Young (Allocation Failure) 251M->251M(455M) 93.945ms
[2020-08-08T12:59:26.842+0300][225.565s][info][gc] GC(1310) Pause Young (Allocation Failure) 308M->309M(455M) 192.064ms
[2020-08-08T12:59:26.914+0300][225.637s][info][gc] GC(1311) Pause Full (Ergonomics) 309M->41M(455M) 71.727ms
[2020-08-08T12:59:27.124+0300][225.846s][info][gc] GC(1312) Pause Young (Allocation Failure) 98M->98M(455M) 198.767ms
[2020-08-08T12:59:27.408+0300][226.131s][info][gc] GC(1313) Pause Young (Allocation Failure) 156M->156M(455M) 275.165ms
[2020-08-08T12:59:27.500+0300][226.223s][info][gc] GC(1314) Pause Young (Allocation Failure) 213M->214M(455M) 82.840ms
[2020-08-08T12:59:27.850+0300][226.573s][info][gc] GC(1315) Pause Young (Allocation Failure) 270M->270M(455M) 339.790ms
[2020-08-08T12:59:27.974+0300][226.697s][info][gc] GC(1316) Pause Young (Allocation Failure) 327M->327M(455M) 115.552ms
[2020-08-08T12:59:28.099+0300][226.822s][info][gc] GC(1317) Pause Full (Ergonomics) 327M->59M(455M) 124.761ms
[2020-08-08T12:59:28.277+0300][227.000s][info][gc] GC(1318) Pause Young (Allocation Failure) 117M->117M(455M) 165.603ms
[2020-08-08T12:59:28.479+0300][227.202s][info][gc] GC(1319) Pause Young (Allocation Failure) 174M->175M(455M) 195.360ms
[2020-08-08T12:59:28.575+0300][227.298s][info][gc] GC(1320) Pause Young (Allocation Failure) 232M->232M(455M) 85.418ms
[2020-08-08T12:59:28.837+0300][227.559s][info][gc] GC(1321) Pause Young (Allocation Failure) 290M->290M(455M) 252.633ms
[2020-08-08T12:59:28.924+0300][227.646s][info][gc] GC(1322) Pause Young (Allocation Failure) 347M->347M(455M) 76.628ms
[2020-08-08T12:59:29.112+0300][227.835s][info][gc] GC(1323) Pause Full (Ergonomics) 347M->80M(455M) 188.677ms
[2020-08-08T12:59:29.304+0300][228.027s][info][gc] GC(1324) Pause Young (Allocation Failure) 136M->136M(455M) 180.290ms
[2020-08-08T12:59:29.442+0300][228.165s][info][gc] GC(1325) Pause Young (Allocation Failure) 193M->193M(455M) 129.461ms
[2020-08-08T12:59:29.545+0300][228.268s][info][gc] GC(1326) Pause Young (Allocation Failure) 251M->251M(455M) 94.244ms
[2020-08-08T12:59:29.743+0300][228.466s][info][gc] GC(1327) Pause Young (Allocation Failure) 308M->309M(455M) 188.985ms
[2020-08-08T12:59:29.819+0300][228.542s][info][gc] GC(1328) Pause Full (Ergonomics) 309M->41M(455M) 75.662ms
[2020-08-08T12:59:30.026+0300][228.749s][info][gc] GC(1329) Pause Young (Allocation Failure) 98M->98M(455M) 197.470ms
[2020-08-08T12:59:30.342+0300][229.065s][info][gc] GC(1330) Pause Young (Allocation Failure) 156M->156M(455M) 306.501ms
[2020-08-08T12:59:30.434+0300][229.157s][info][gc] GC(1331) Pause Young (Allocation Failure) 214M->214M(455M) 78.719ms
[2020-08-08T12:59:30.765+0300][229.488s][info][gc] GC(1332) Pause Young (Allocation Failure) 270M->270M(455M) 320.991ms
[2020-08-08T12:59:30.888+0300][229.611s][info][gc] GC(1333) Pause Young (Allocation Failure) 327M->327M(455M) 113.494ms
[2020-08-08T12:59:31.014+0300][229.737s][info][gc] GC(1334) Pause Full (Ergonomics) 327M->59M(455M) 125.932ms
[2020-08-08T12:59:31.182+0300][229.905s][info][gc] GC(1335) Pause Young (Allocation Failure) 117M->117M(455M) 157.349ms
[2020-08-08T12:59:31.406+0300][230.129s][info][gc] GC(1336) Pause Young (Allocation Failure) 175M->175M(455M) 212.426ms
[2020-08-08T12:59:31.503+0300][230.226s][info][gc] GC(1337) Pause Young (Allocation Failure) 232M->232M(455M) 88.537ms
[2020-08-08T12:59:31.773+0300][230.495s][info][gc] GC(1338) Pause Young (Allocation Failure) 290M->290M(455M) 261.141ms
[2020-08-08T12:59:31.863+0300][230.586s][info][gc] GC(1339) Pause Young (Allocation Failure) 347M->347M(455M) 77.836ms
[2020-08-08T12:59:32.048+0300][230.771s][info][gc] GC(1340) Pause Full (Ergonomics) 347M->80M(455M) 185.239ms
[2020-08-08T12:59:32.251+0300][230.973s][info][gc] GC(1341) Pause Young (Allocation Failure) 136M->136M(455M) 192.165ms
[2020-08-08T12:59:32.390+0300][231.113s][info][gc] GC(1342) Pause Young (Allocation Failure) 193M->193M(455M) 129.520ms
[2020-08-08T12:59:32.494+0300][231.217s][info][gc] GC(1343) Pause Young (Allocation Failure) 251M->251M(455M) 93.259ms
[2020-08-08T12:59:32.727+0300][231.450s][info][gc] GC(1344) Pause Young (Allocation Failure) 308M->309M(455M) 224.068ms
[2020-08-08T12:59:32.797+0300][231.520s][info][gc] GC(1345) Pause Full (Ergonomics) 309M->41M(455M) 70.230ms
[2020-08-08T12:59:33.006+0300][231.729s][info][gc] GC(1346) Pause Young (Allocation Failure) 98M->98M(455M) 198.281ms
[2020-08-08T12:59:33.327+0300][232.050s][info][gc] GC(1347) Pause Young (Allocation Failure) 156M->156M(455M) 311.395ms
[2020-08-08T12:59:33.423+0300][232.145s][info][gc] GC(1348) Pause Young (Allocation Failure) 213M->213M(455M) 82.527ms
[2020-08-08T12:59:33.751+0300][232.474s][info][gc] GC(1349) Pause Young (Allocation Failure) 270M->270M(455M) 317.594ms
[2020-08-08T12:59:33.874+0300][232.597s][info][gc] GC(1350) Pause Young (Allocation Failure) 327M->327M(455M) 114.384ms
[2020-08-08T12:59:33.999+0300][232.722s][info][gc] GC(1351) Pause Full (Ergonomics) 327M->59M(455M) 125.338ms
[2020-08-08T12:59:34.186+0300][232.908s][info][gc] GC(1352) Pause Young (Allocation Failure) 117M->117M(455M) 176.707ms
[2020-08-08T12:59:34.397+0300][233.120s][info][gc] GC(1353) Pause Young (Allocation Failure) 175M->175M(455M) 202.450ms
[2020-08-08T12:59:34.498+0300][233.221s][info][gc] GC(1354) Pause Young (Allocation Failure) 232M->232M(455M) 89.058ms
[2020-08-08T12:59:34.758+0300][233.481s][info][gc] GC(1355) Pause Young (Allocation Failure) 290M->290M(455M) 249.135ms
[2020-08-08T12:59:34.846+0300][233.569s][info][gc] GC(1356) Pause Young (Allocation Failure) 347M->347M(455M) 76.104ms
[2020-08-08T12:59:35.029+0300][233.752s][info][gc] GC(1357) Pause Full (Ergonomics) 347M->80M(455M) 182.721ms
[2020-08-08T12:59:35.233+0300][233.956s][info][gc] GC(1358) Pause Young (Allocation Failure) 136M->136M(455M) 194.875ms
[2020-08-08T12:59:35.376+0300][234.099s][info][gc] GC(1359) Pause Young (Allocation Failure) 193M->193M(455M) 134.155ms
[2020-08-08T12:59:35.482+0300][234.205s][info][gc] GC(1360) Pause Young (Allocation Failure) 251M->251M(455M) 93.927ms
[2020-08-08T12:59:35.679+0300][234.402s][info][gc] GC(1361) Pause Young (Allocation Failure) 308M->309M(455M) 187.798ms
[2020-08-08T12:59:35.751+0300][234.474s][info][gc] GC(1362) Pause Full (Ergonomics) 309M->41M(455M) 72.210ms
[2020-08-08T12:59:35.957+0300][234.680s][info][gc] GC(1363) Pause Young (Allocation Failure) 98M->98M(455M) 195.759ms
[2020-08-08T12:59:36.261+0300][234.984s][info][gc] GC(1364) Pause Young (Allocation Failure) 156M->156M(455M) 294.366ms
[2020-08-08T12:59:36.348+0300][235.071s][info][gc] GC(1365) Pause Young (Allocation Failure) 213M->214M(455M) 77.545ms
[2020-08-08T12:59:36.656+0300][235.379s][info][gc] GC(1366) Pause Young (Allocation Failure) 270M->270M(455M) 298.042ms
[2020-08-08T12:59:36.780+0300][235.503s][info][gc] GC(1367) Pause Young (Allocation Failure) 327M->327M(455M) 111.530ms
[2020-08-08T12:59:36.906+0300][235.629s][info][gc] GC(1368) Pause Full (Ergonomics) 327M->59M(455M) 125.748ms
[2020-08-08T12:59:37.086+0300][235.809s][info][gc] GC(1369) Pause Young (Allocation Failure) 117M->117M(455M) 170.565ms
[2020-08-08T12:59:37.288+0300][236.011s][info][gc] GC(1370) Pause Young (Allocation Failure) 174M->175M(455M) 193.982ms
[2020-08-08T12:59:37.385+0300][236.108s][info][gc] GC(1371) Pause Young (Allocation Failure) 232M->232M(455M) 87.636ms
[2020-08-08T12:59:37.657+0300][236.380s][info][gc] GC(1372) Pause Young (Allocation Failure) 290M->290M(455M) 263.440ms
[2020-08-08T12:59:37.750+0300][236.473s][info][gc] GC(1373) Pause Young (Allocation Failure) 347M->347M(455M) 80.146ms
[2020-08-08T12:59:37.933+0300][236.656s][info][gc] GC(1374) Pause Full (Ergonomics) 347M->79M(455M) 183.106ms
[2020-08-08T12:59:38.128+0300][236.851s][info][gc] GC(1375) Pause Young (Allocation Failure) 136M->136M(455M) 184.936ms
[2020-08-08T12:59:38.247+0300][236.970s][info][gc] GC(1376) Pause Young (Allocation Failure) 193M->193M(455M) 111.272ms
[2020-08-08T12:59:38.353+0300][237.076s][info][gc] GC(1377) Pause Young (Allocation Failure) 251M->251M(455M) 96.323ms
[2020-08-08T12:59:38.539+0300][237.262s][info][gc] GC(1378) Pause Young (Allocation Failure) 308M->309M(455M) 176.372ms
[2020-08-08T12:59:38.608+0300][237.331s][info][gc] GC(1379) Pause Full (Ergonomics) 309M->41M(455M) 68.891ms
[2020-08-08T12:59:38.822+0300][237.545s][info][gc] GC(1380) Pause Young (Allocation Failure) 98M->98M(455M) 197.704ms
[2020-08-08T12:59:39.142+0300][237.865s][info][gc] GC(1381) Pause Young (Allocation Failure) 156M->156M(455M) 312.148ms
[2020-08-08T12:59:39.232+0300][237.955s][info][gc] GC(1382) Pause Young (Allocation Failure) 213M->214M(455M) 80.355ms
[2020-08-08T12:59:39.616+0300][238.338s][info][gc] GC(1383) Pause Young (Allocation Failure) 270M->270M(455M) 373.389ms
[2020-08-08T12:59:39.767+0300][238.489s][info][gc] GC(1384) Pause Young (Allocation Failure) 327M->327M(455M) 137.094ms
[2020-08-08T12:59:39.893+0300][238.616s][info][gc] GC(1385) Pause Full (Ergonomics) 327M->59M(455M) 126.240ms
[2020-08-08T12:59:40.083+0300][238.806s][info][gc] GC(1386) Pause Young (Allocation Failure) 117M->117M(455M) 181.008ms
[2020-08-08T12:59:40.297+0300][239.020s][info][gc] GC(1387) Pause Young (Allocation Failure) 174M->175M(455M) 205.562ms
[2020-08-08T12:59:40.395+0300][239.118s][info][gc] GC(1388) Pause Young (Allocation Failure) 232M->232M(455M) 87.416ms
[2020-08-08T12:59:40.675+0300][239.397s][info][gc] GC(1389) Pause Young (Allocation Failure) 290M->290M(455M) 271.787ms
[2020-08-08T12:59:40.767+0300][239.490s][info][gc] GC(1390) Pause Young (Allocation Failure) 347M->347M(455M) 79.693ms
[2020-08-08T12:59:40.955+0300][239.678s][info][gc] GC(1391) Pause Full (Ergonomics) 347M->79M(455M) 187.861ms
[2020-08-08T12:59:41.147+0300][239.870s][info][gc] GC(1392) Pause Young (Allocation Failure) 136M->136M(455M) 181.850ms
[2020-08-08T12:59:41.287+0300][240.010s][info][gc] GC(1393) Pause Young (Allocation Failure) 193M->193M(455M) 132.788ms
[2020-08-08T12:59:41.394+0300][240.117s][info][gc] GC(1394) Pause Young (Allocation Failure) 251M->251M(455M) 96.297ms
[2020-08-08T12:59:41.593+0300][240.316s][info][gc] GC(1395) Pause Young (Allocation Failure) 308M->309M(455M) 190.462ms
[2020-08-08T12:59:41.665+0300][240.388s][info][gc] GC(1396) Pause Full (Ergonomics) 309M->41M(455M) 71.638ms
[2020-08-08T12:59:41.854+0300][240.577s][info][gc] GC(1397) Pause Young (Allocation Failure) 98M->98M(455M) 174.645ms
[2020-08-08T12:59:42.161+0300][240.884s][info][gc] GC(1398) Pause Young (Allocation Failure) 156M->156M(455M) 298.906ms
[2020-08-08T12:59:42.255+0300][240.978s][info][gc] GC(1399) Pause Young (Allocation Failure) 213M->214M(455M) 83.624ms
[2020-08-08T12:59:42.592+0300][241.315s][info][gc] GC(1400) Pause Young (Allocation Failure) 270M->270M(455M) 327.988ms
[2020-08-08T12:59:42.716+0300][241.439s][info][gc] GC(1401) Pause Young (Allocation Failure) 327M->327M(455M) 114.808ms
[2020-08-08T12:59:42.841+0300][241.564s][info][gc] GC(1402) Pause Full (Ergonomics) 327M->59M(455M) 124.625ms
[2020-08-08T12:59:43.008+0300][241.731s][info][gc] GC(1403) Pause Young (Allocation Failure) 117M->117M(455M) 152.498ms
[2020-08-08T12:59:43.208+0300][241.931s][info][gc] GC(1404) Pause Young (Allocation Failure) 174M->175M(455M) 192.203ms
[2020-08-08T12:59:43.306+0300][242.029s][info][gc] GC(1405) Pause Young (Allocation Failure) 232M->232M(455M) 87.648ms
[2020-08-08T12:59:43.570+0300][242.293s][info][gc] GC(1406) Pause Young (Allocation Failure) 290M->290M(455M) 255.453ms
[2020-08-08T12:59:43.659+0300][242.382s][info][gc] GC(1407) Pause Young (Allocation Failure) 347M->347M(455M) 78.519ms
[2020-08-08T12:59:43.847+0300][242.570s][info][gc] GC(1408) Pause Full (Ergonomics) 347M->80M(455M) 188.262ms
[2020-08-08T12:59:44.053+0300][242.776s][info][gc] GC(1409) Pause Young (Allocation Failure) 136M->136M(455M) 193.034ms
[2020-08-08T12:59:44.201+0300][242.924s][info][gc] GC(1410) Pause Young (Allocation Failure) 193M->193M(455M) 138.802ms
[2020-08-08T12:59:44.305+0300][243.028s][info][gc] GC(1411) Pause Young (Allocation Failure) 251M->251M(455M) 94.239ms
[2020-08-08T12:59:44.514+0300][243.237s][info][gc] GC(1412) Pause Young (Allocation Failure) 308M->309M(455M) 199.474ms
[2020-08-08T12:59:44.585+0300][243.308s][info][gc] GC(1413) Pause Full (Ergonomics) 309M->41M(455M) 71.273ms
[2020-08-08T12:59:44.793+0300][243.516s][info][gc] GC(1414) Pause Young (Allocation Failure) 98M->98M(455M) 196.787ms
[2020-08-08T12:59:45.110+0300][243.833s][info][gc] GC(1415) Pause Young (Allocation Failure) 156M->156M(455M) 305.719ms
[2020-08-08T12:59:45.202+0300][243.924s][info][gc] GC(1416) Pause Young (Allocation Failure) 213M->214M(455M) 81.902ms
[2020-08-08T12:59:45.548+0300][244.271s][info][gc] GC(1417) Pause Young (Allocation Failure) 270M->270M(455M) 336.657ms
[2020-08-08T12:59:45.678+0300][244.401s][info][gc] GC(1418) Pause Young (Allocation Failure) 327M->327M(455M) 120.649ms
[2020-08-08T12:59:45.805+0300][244.528s][info][gc] GC(1419) Pause Full (Ergonomics) 327M->59M(455M) 126.745ms
[2020-08-08T12:59:45.984+0300][244.707s][info][gc] GC(1420) Pause Young (Allocation Failure) 117M->117M(455M) 164.189ms
[2020-08-08T12:59:46.182+0300][244.905s][info][gc] GC(1421) Pause Young (Allocation Failure) 174M->175M(455M) 189.042ms
[2020-08-08T12:59:46.278+0300][245.000s][info][gc] GC(1422) Pause Young (Allocation Failure) 232M->232M(455M) 85.605ms
[2020-08-08T12:59:46.577+0300][245.300s][info][gc] GC(1423) Pause Young (Allocation Failure) 290M->290M(455M) 290.764ms
[2020-08-08T12:59:46.664+0300][245.387s][info][gc] GC(1424) Pause Young (Allocation Failure) 347M->347M(455M) 77.324ms
[2020-08-08T12:59:46.850+0300][245.573s][info][gc] GC(1425) Pause Full (Ergonomics) 347M->80M(455M) 185.818ms
[2020-08-08T12:59:47.045+0300][245.768s][info][gc] GC(1426) Pause Young (Allocation Failure) 136M->136M(455M) 181.719ms
[2020-08-08T12:59:47.173+0300][245.896s][info][gc] GC(1427) Pause Young (Allocation Failure) 193M->193M(455M) 119.712ms
[2020-08-08T12:59:47.277+0300][246.000s][info][gc] GC(1428) Pause Young (Allocation Failure) 251M->251M(455M) 94.219ms
[2020-08-08T12:59:47.475+0300][246.198s][info][gc] GC(1429) Pause Young (Allocation Failure) 308M->309M(455M) 189.542ms
[2020-08-08T12:59:47.544+0300][246.267s][info][gc] GC(1430) Pause Full (Ergonomics) 309M->41M(455M) 69.097ms
[2020-08-08T12:59:47.726+0300][246.448s][info][gc] GC(1431) Pause Young (Allocation Failure) 99M->99M(455M) 170.727ms
[2020-08-08T12:59:47.998+0300][246.721s][info][gc] GC(1432) Pause Young (Allocation Failure) 156M->157M(455M) 265.449ms
[2020-08-08T12:59:48.087+0300][246.810s][info][gc] GC(1433) Pause Young (Allocation Failure) 214M->214M(455M) 76.871ms
[2020-08-08T12:59:48.417+0300][247.139s][info][gc] GC(1434) Pause Young (Allocation Failure) 270M->270M(455M) 318.569ms
[2020-08-08T12:59:48.533+0300][247.256s][info][gc] GC(1435) Pause Young (Allocation Failure) 328M->328M(455M) 108.381ms
[2020-08-08T12:59:48.655+0300][247.378s][info][gc] GC(1436) Pause Full (Ergonomics) 328M->59M(455M) 121.691ms
[2020-08-08T12:59:48.839+0300][247.562s][info][gc] GC(1437) Pause Young (Allocation Failure) 117M->117M(455M) 174.399ms
[2020-08-08T12:59:49.025+0300][247.748s][info][gc] GC(1438) Pause Young (Allocation Failure) 175M->175M(455M) 175.998ms
[2020-08-08T12:59:49.122+0300][247.845s][info][gc] GC(1439) Pause Young (Allocation Failure) 232M->232M(455M) 87.630ms
[2020-08-08T12:59:49.395+0300][248.118s][info][gc] GC(1440) Pause Young (Allocation Failure) 290M->290M(455M) 264.320ms
[2020-08-08T12:59:49.480+0300][248.203s][info][gc] GC(1441) Pause Young (Allocation Failure) 347M->347M(455M) 75.867ms
[2020-08-08T12:59:49.673+0300][248.396s][info][gc] GC(1442) Pause Full (Ergonomics) 347M->80M(455M) 192.543ms
[2020-08-08T12:59:49.876+0300][248.599s][info][gc] GC(1443) Pause Young (Allocation Failure) 136M->136M(455M) 192.665ms
[2020-08-08T12:59:50.013+0300][248.736s][info][gc] GC(1444) Pause Young (Allocation Failure) 193M->193M(455M) 124.688ms
[2020-08-08T12:59:50.119+0300][248.842s][info][gc] GC(1445) Pause Young (Allocation Failure) 250M->250M(455M) 95.347ms
[2020-08-08T12:59:50.315+0300][249.038s][info][gc] GC(1446) Pause Young (Allocation Failure) 308M->308M(455M) 187.159ms
[2020-08-08T12:59:50.382+0300][249.105s][info][gc] GC(1447) Pause Full (Ergonomics) 308M->41M(455M) 67.595ms
[2020-08-08T12:59:50.565+0300][249.288s][info][gc] GC(1448) Pause Young (Allocation Failure) 98M->98M(455M) 172.324ms
[2020-08-08T12:59:50.867+0300][249.589s][info][gc] GC(1449) Pause Young (Allocation Failure) 137M->136M(455M) 295.136ms
[2020-08-08T12:59:50.958+0300][249.681s][info][gc] GC(1450) Pause Young (Allocation Failure) 194M->194M(455M) 80.710ms
[2020-08-08T12:59:51.067+0300][249.790s][info][gc] GC(1451) Pause Young (Allocation Failure) 251M->251M(455M) 99.043ms
[2020-08-08T12:59:51.301+0300][250.024s][info][gc] GC(1452) Pause Young (Allocation Failure) 309M->309M(455M) 221.561ms
[2020-08-08T12:59:51.372+0300][250.095s][info][gc] GC(1453) Pause Full (Ergonomics) 309M->41M(455M) 70.110ms
[2020-08-08T12:59:51.552+0300][250.274s][info][gc] GC(1454) Pause Young (Allocation Failure) 99M->99M(455M) 168.945ms
[2020-08-08T12:59:51.819+0300][250.541s][info][gc] GC(1455) Pause Young (Allocation Failure) 156M->156M(455M) 257.676ms
[2020-08-08T12:59:51.917+0300][250.640s][info][gc] GC(1456) Pause Young (Allocation Failure) 214M->214M(455M) 87.565ms
[2020-08-08T12:59:52.246+0300][250.968s][info][gc] GC(1457) Pause Young (Allocation Failure) 270M->270M(455M) 312.672ms
[2020-08-08T12:59:52.357+0300][251.080s][info][gc] GC(1458) Pause Young (Allocation Failure) 328M->328M(455M) 104.261ms
[2020-08-08T12:59:52.484+0300][251.207s][info][gc] GC(1459) Pause Full (Ergonomics) 328M->59M(455M) 126.707ms
[2020-08-08T12:59:52.668+0300][251.391s][info][gc] GC(1460) Pause Young (Allocation Failure) 117M->117M(455M) 173.539ms
[2020-08-08T12:59:52.868+0300][251.591s][info][gc] GC(1461) Pause Young (Allocation Failure) 175M->175M(455M) 191.843ms
[2020-08-08T12:59:52.972+0300][251.695s][info][gc] GC(1462) Pause Young (Allocation Failure) 232M->232M(455M) 89.359ms
[2020-08-08T12:59:53.263+0300][251.986s][info][gc] GC(1463) Pause Young (Allocation Failure) 290M->290M(455M) 281.614ms
[2020-08-08T12:59:53.355+0300][252.078s][info][gc] GC(1464) Pause Young (Allocation Failure) 347M->347M(455M) 82.020ms
[2020-08-08T12:59:53.540+0300][252.263s][info][gc] GC(1465) Pause Full (Ergonomics) 347M->80M(455M) 184.172ms
[2020-08-08T12:59:53.744+0300][252.467s][info][gc] GC(1466) Pause Young (Allocation Failure) 136M->136M(455M) 193.345ms
[2020-08-08T12:59:53.861+0300][252.584s][info][gc] GC(1467) Pause Young (Allocation Failure) 193M->193M(455M) 107.693ms
[2020-08-08T12:59:53.968+0300][252.691s][info][gc] GC(1468) Pause Young (Allocation Failure) 251M->251M(455M) 94.912ms
[2020-08-08T12:59:54.158+0300][252.881s][info][gc] GC(1469) Pause Young (Allocation Failure) 308M->308M(455M) 181.123ms
[2020-08-08T12:59:54.228+0300][252.951s][info][gc] GC(1470) Pause Full (Ergonomics) 308M->41M(455M) 69.721ms
[2020-08-08T12:59:54.411+0300][253.133s][info][gc] GC(1471) Pause Young (Allocation Failure) 99M->99M(455M) 172.065ms
[2020-08-08T12:59:54.691+0300][253.414s][info][gc] GC(1472) Pause Young (Allocation Failure) 156M->156M(455M) 273.252ms
[2020-08-08T12:59:54.782+0300][253.505s][info][gc] GC(1473) Pause Young (Allocation Failure) 214M->214M(455M) 78.895ms
[2020-08-08T12:59:55.100+0300][253.822s][info][gc] GC(1474) Pause Young (Allocation Failure) 270M->270M(455M) 295.874ms
[2020-08-08T12:59:55.218+0300][253.941s][info][gc] GC(1475) Pause Young (Allocation Failure) 328M->328M(455M) 104.695ms
[2020-08-08T12:59:55.345+0300][254.068s][info][gc] GC(1476) Pause Full (Ergonomics) 328M->60M(455M) 126.811ms
[2020-08-08T12:59:55.523+0300][254.246s][info][gc] GC(1477) Pause Young (Allocation Failure) 117M->117M(455M) 167.813ms
[2020-08-08T12:59:55.712+0300][254.435s][info][gc] GC(1478) Pause Young (Allocation Failure) 175M->175M(455M) 181.075ms
[2020-08-08T12:59:55.808+0300][254.530s][info][gc] GC(1479) Pause Young (Allocation Failure) 232M->233M(455M) 85.219ms
[2020-08-08T12:59:56.087+0300][254.810s][info][gc] GC(1480) Pause Young (Allocation Failure) 290M->290M(455M) 271.247ms
[2020-08-08T12:59:56.179+0300][254.902s][info][gc] GC(1481) Pause Young (Allocation Failure) 348M->348M(455M) 79.015ms
[2020-08-08T12:59:56.367+0300][255.090s][info][gc] GC(1482) Pause Full (Ergonomics) 348M->79M(455M) 188.285ms
[2020-08-08T12:59:56.565+0300][255.288s][info][gc] GC(1483) Pause Young (Allocation Failure) 137M->136M(455M) 187.366ms
[2020-08-08T12:59:56.712+0300][255.435s][info][gc] GC(1484) Pause Young (Allocation Failure) 193M->193M(455M) 138.610ms
[2020-08-08T12:59:56.817+0300][255.540s][info][gc] GC(1485) Pause Young (Allocation Failure) 251M->251M(455M) 94.934ms
[2020-08-08T12:59:57.019+0300][255.742s][info][gc] GC(1486) Pause Young (Allocation Failure) 308M->309M(455M) 192.612ms
[2020-08-08T12:59:57.093+0300][255.816s][info][gc] GC(1487) Pause Full (Ergonomics) 309M->41M(455M) 73.422ms
[2020-08-08T12:59:57.275+0300][255.998s][info][gc] GC(1488) Pause Young (Allocation Failure) 99M->99M(455M) 168.337ms
[2020-08-08T12:59:57.555+0300][256.277s][info][gc] GC(1489) Pause Young (Allocation Failure) 156M->156M(455M) 271.885ms
[2020-08-08T12:59:57.645+0300][256.368s][info][gc] GC(1490) Pause Young (Allocation Failure) 214M->214M(455M) 79.449ms
[2020-08-08T12:59:57.955+0300][256.678s][info][gc] GC(1491) Pause Young (Allocation Failure) 270M->270M(455M) 294.146ms
[2020-08-08T12:59:58.079+0300][256.802s][info][gc] GC(1492) Pause Young (Allocation Failure) 328M->328M(455M) 114.462ms
[2020-08-08T12:59:58.200+0300][256.923s][info][gc] GC(1493) Pause Full (Ergonomics) 328M->60M(455M) 121.456ms
[2020-08-08T12:59:58.408+0300][257.131s][info][gc] GC(1494) Pause Young (Allocation Failure) 117M->117M(455M) 194.852ms
[2020-08-08T12:59:58.616+0300][257.339s][info][gc] GC(1495) Pause Young (Allocation Failure) 175M->175M(455M) 199.319ms
[2020-08-08T12:59:58.717+0300][257.440s][info][gc] GC(1496) Pause Young (Allocation Failure) 233M->233M(455M) 89.646ms
[2020-08-08T12:59:59.001+0300][257.724s][info][gc] GC(1497) Pause Young (Allocation Failure) 290M->290M(455M) 275.858ms
[2020-08-08T12:59:59.091+0300][257.814s][info][gc] GC(1498) Pause Young (Allocation Failure) 348M->348M(455M) 80.700ms
[2020-08-08T12:59:59.276+0300][257.999s][info][gc] GC(1499) Pause Full (Ergonomics) 348M->80M(455M) 184.500ms
[2020-08-08T12:59:59.461+0300][258.183s][info][gc] GC(1500) Pause Young (Allocation Failure) 136M->136M(455M) 167.979ms
[2020-08-08T12:59:59.585+0300][258.308s][info][gc] GC(1501) Pause Young (Allocation Failure) 193M->193M(455M) 113.711ms
[2020-08-08T12:59:59.689+0300][258.412s][info][gc] GC(1502) Pause Young (Allocation Failure) 251M->251M(455M) 93.398ms
[2020-08-08T12:59:59.885+0300][258.608s][info][gc] GC(1503) Pause Young (Allocation Failure) 308M->309M(455M) 187.340ms
[2020-08-08T12:59:59.954+0300][258.677s][info][gc] GC(1504) Pause Full (Ergonomics) 309M->41M(455M) 68.324ms
[2020-08-08T13:00:00.135+0300][258.858s][info][gc] GC(1505) Pause Young (Allocation Failure) 99M->99M(455M) 170.939ms
[2020-08-08T13:00:00.446+0300][259.169s][info][gc] GC(1506) Pause Young (Allocation Failure) 156M->156M(455M) 301.237ms
[2020-08-08T13:00:00.536+0300][259.259s][info][gc] GC(1507) Pause Young (Allocation Failure) 214M->214M(455M) 78.965ms
[2020-08-08T13:00:00.865+0300][259.588s][info][gc] GC(1508) Pause Young (Allocation Failure) 270M->270M(455M) 316.563ms
[2020-08-08T13:00:00.973+0300][259.696s][info][gc] GC(1509) Pause Young (Allocation Failure) 328M->328M(455M) 99.894ms
[2020-08-08T13:00:01.099+0300][259.822s][info][gc] GC(1510) Pause Full (Ergonomics) 328M->60M(455M) 125.313ms
[2020-08-08T13:00:01.316+0300][260.039s][info][gc] GC(1511) Pause Young (Allocation Failure) 117M->118M(455M) 207.364ms
[2020-08-08T13:00:01.527+0300][260.250s][info][gc] GC(1512) Pause Young (Allocation Failure) 175M->175M(455M) 198.796ms
[2020-08-08T13:00:01.627+0300][260.350s][info][gc] GC(1513) Pause Young (Allocation Failure) 233M->233M(455M) 89.338ms
[2020-08-08T13:00:01.879+0300][260.602s][info][gc] GC(1514) Pause Young (Allocation Failure) 290M->290M(455M) 240.975ms
[2020-08-08T13:00:01.966+0300][260.689s][info][gc] GC(1515) Pause Young (Allocation Failure) 348M->348M(455M) 76.242ms
[2020-08-08T13:00:02.158+0300][260.880s][info][gc] GC(1516) Pause Full (Ergonomics) 348M->80M(455M) 191.094ms
[2020-08-08T13:00:02.340+0300][261.063s][info][gc] GC(1517) Pause Young (Allocation Failure) 136M->136M(455M) 170.984ms
[2020-08-08T13:00:02.480+0300][261.203s][info][gc] GC(1518) Pause Young (Allocation Failure) 193M->193M(455M) 128.290ms
[2020-08-08T13:00:02.587+0300][261.310s][info][gc] GC(1519) Pause Young (Allocation Failure) 251M->251M(455M) 95.671ms
[2020-08-08T13:00:02.802+0300][261.525s][info][gc] GC(1520) Pause Young (Allocation Failure) 308M->309M(455M) 206.112ms
[2020-08-08T13:00:02.875+0300][261.598s][info][gc] GC(1521) Pause Full (Ergonomics) 309M->41M(455M) 72.624ms
[2020-08-08T13:00:03.050+0300][261.773s][info][gc] GC(1522) Pause Young (Allocation Failure) 99M->99M(455M) 166.289ms
[2020-08-08T13:00:03.334+0300][262.057s][info][gc] GC(1523) Pause Young (Allocation Failure) 156M->156M(455M) 274.878ms
[2020-08-08T13:00:03.424+0300][262.147s][info][gc] GC(1524) Pause Young (Allocation Failure) 214M->214M(455M) 76.781ms
[2020-08-08T13:00:03.741+0300][262.464s][info][gc] GC(1525) Pause Young (Allocation Failure) 270M->270M(455M) 307.323ms
[2020-08-08T13:00:03.863+0300][262.586s][info][gc] GC(1526) Pause Young (Allocation Failure) 328M->328M(455M) 111.280ms
[2020-08-08T13:00:03.984+0300][262.707s][info][gc] GC(1527) Pause Full (Ergonomics) 328M->60M(455M) 120.749ms
[2020-08-08T13:00:04.174+0300][262.897s][info][gc] GC(1528) Pause Young (Allocation Failure) 117M->118M(455M) 179.540ms
[2020-08-08T13:00:04.400+0300][263.122s][info][gc] GC(1529) Pause Young (Allocation Failure) 175M->175M(455M) 218.247ms
[2020-08-08T13:00:04.506+0300][263.228s][info][gc] GC(1530) Pause Young (Allocation Failure) 233M->233M(455M) 92.664ms
[2020-08-08T13:00:04.761+0300][263.484s][info][gc] GC(1531) Pause Young (Allocation Failure) 290M->290M(455M) 247.248ms
[2020-08-08T13:00:04.849+0300][263.572s][info][gc] GC(1532) Pause Young (Allocation Failure) 348M->348M(455M) 76.924ms
[2020-08-08T13:00:05.036+0300][263.759s][info][gc] GC(1533) Pause Full (Ergonomics) 348M->80M(455M) 187.049ms
[2020-08-08T13:00:05.242+0300][263.965s][info][gc] GC(1534) Pause Young (Allocation Failure) 136M->136M(455M) 196.305ms
[2020-08-08T13:00:05.378+0300][264.101s][info][gc] GC(1535) Pause Young (Allocation Failure) 193M->193M(455M) 127.041ms
[2020-08-08T13:00:05.490+0300][264.213s][info][gc] GC(1536) Pause Young (Allocation Failure) 251M->251M(455M) 98.555ms
[2020-08-08T13:00:05.687+0300][264.410s][info][gc] GC(1537) Pause Young (Allocation Failure) 308M->309M(455M) 188.439ms
[2020-08-08T13:00:05.756+0300][264.479s][info][gc] GC(1538) Pause Full (Ergonomics) 309M->41M(455M) 68.890ms
[2020-08-08T13:00:05.934+0300][264.657s][info][gc] GC(1539) Pause Young (Allocation Failure) 99M->99M(455M) 167.593ms
[2020-08-08T13:00:06.207+0300][264.930s][info][gc] GC(1540) Pause Young (Allocation Failure) 156M->156M(455M) 264.701ms
[2020-08-08T13:00:06.292+0300][265.015s][info][gc] GC(1541) Pause Young (Allocation Failure) 214M->214M(455M) 75.023ms
[2020-08-08T13:00:06.599+0300][265.322s][info][gc] GC(1542) Pause Young (Allocation Failure) 270M->270M(455M) 296.646ms
[2020-08-08T13:00:06.713+0300][265.436s][info][gc] GC(1543) Pause Young (Allocation Failure) 328M->328M(455M) 102.705ms
[2020-08-08T13:00:06.835+0300][265.558s][info][gc] GC(1544) Pause Full (Ergonomics) 328M->60M(455M) 122.223ms
[2020-08-08T13:00:07.017+0300][265.740s][info][gc] GC(1545) Pause Young (Allocation Failure) 117M->117M(455M) 170.344ms
[2020-08-08T13:00:07.226+0300][265.948s][info][gc] GC(1546) Pause Young (Allocation Failure) 175M->175M(455M) 201.139ms
[2020-08-08T13:00:07.320+0300][266.043s][info][gc] GC(1547) Pause Young (Allocation Failure) 233M->233M(455M) 84.694ms
[2020-08-08T13:00:07.575+0300][266.298s][info][gc] GC(1548) Pause Young (Allocation Failure) 290M->290M(455M) 245.006ms
[2020-08-08T13:00:07.665+0300][266.388s][info][gc] GC(1549) Pause Young (Allocation Failure) 348M->348M(455M) 77.259ms
[2020-08-08T13:00:07.847+0300][266.570s][info][gc] GC(1550) Pause Full (Ergonomics) 348M->79M(455M) 182.118ms
[2020-08-08T13:00:08.045+0300][266.768s][info][gc] GC(1551) Pause Young (Allocation Failure) 136M->136M(455M) 187.581ms
[2020-08-08T13:00:08.176+0300][266.899s][info][gc] GC(1552) Pause Young (Allocation Failure) 193M->193M(455M) 121.633ms
[2020-08-08T13:00:08.280+0300][267.003s][info][gc] GC(1553) Pause Young (Allocation Failure) 251M->251M(455M) 94.667ms
[2020-08-08T13:00:08.479+0300][267.202s][info][gc] GC(1554) Pause Young (Allocation Failure) 308M->309M(455M) 191.250ms
[2020-08-08T13:00:08.553+0300][267.276s][info][gc] GC(1555) Pause Full (Ergonomics) 309M->41M(455M) 73.395ms
[2020-08-08T13:00:08.735+0300][267.457s][info][gc] GC(1556) Pause Young (Allocation Failure) 99M->99M(455M) 168.628ms
[2020-08-08T13:00:09.020+0300][267.743s][info][gc] GC(1557) Pause Young (Allocation Failure) 156M->156M(455M) 277.473ms
[2020-08-08T13:00:09.107+0300][267.830s][info][gc] GC(1558) Pause Young (Allocation Failure) 214M->214M(455M) 76.762ms
[2020-08-08T13:00:09.395+0300][268.118s][info][gc] GC(1559) Pause Young (Allocation Failure) 270M->270M(455M) 278.488ms
[2020-08-08T13:00:09.504+0300][268.227s][info][gc] GC(1560) Pause Young (Allocation Failure) 328M->328M(455M) 101.154ms
[2020-08-08T13:00:09.631+0300][268.354s][info][gc] GC(1561) Pause Full (Ergonomics) 328M->59M(455M) 126.733ms
[2020-08-08T13:00:09.813+0300][268.536s][info][gc] GC(1562) Pause Young (Allocation Failure) 117M->117M(455M) 166.465ms
[2020-08-08T13:00:10.000+0300][268.723s][info][gc] GC(1563) Pause Young (Allocation Failure) 174M->175M(455M) 178.819ms
[2020-08-08T13:00:10.100+0300][268.823s][info][gc] GC(1564) Pause Young (Allocation Failure) 232M->232M(455M) 90.607ms
[2020-08-08T13:00:10.374+0300][269.097s][info][gc] GC(1565) Pause Young (Allocation Failure) 290M->290M(455M) 264.725ms
[2020-08-08T13:00:10.465+0300][269.188s][info][gc] GC(1566) Pause Young (Allocation Failure) 347M->347M(455M) 79.302ms
[2020-08-08T13:00:10.651+0300][269.374s][info][gc] GC(1567) Pause Full (Ergonomics) 347M->80M(455M) 186.558ms
[2020-08-08T13:00:10.870+0300][269.593s][info][gc] GC(1568) Pause Young (Allocation Failure) 136M->136M(455M) 204.300ms
[2020-08-08T13:00:10.990+0300][269.712s][info][gc] GC(1569) Pause Young (Allocation Failure) 193M->193M(455M) 109.917ms
[2020-08-08T13:00:11.092+0300][269.815s][info][gc] GC(1570) Pause Young (Allocation Failure) 251M->251M(455M) 93.271ms
[2020-08-08T13:00:11.285+0300][270.008s][info][gc] GC(1571) Pause Young (Allocation Failure) 308M->309M(455M) 184.321ms
[2020-08-08T13:00:11.356+0300][270.078s][info][gc] GC(1572) Pause Full (Ergonomics) 309M->41M(455M) 70.334ms
[2020-08-08T13:00:11.535+0300][270.258s][info][gc] GC(1573) Pause Young (Allocation Failure) 99M->99M(455M) 169.768ms
[2020-08-08T13:00:11.815+0300][270.538s][info][gc] GC(1574) Pause Young (Allocation Failure) 156M->157M(455M) 270.985ms
[2020-08-08T13:00:11.916+0300][270.639s][info][gc] GC(1575) Pause Young (Allocation Failure) 214M->214M(455M) 86.203ms
[2020-08-08T13:00:12.251+0300][270.974s][info][gc] GC(1576) Pause Young (Allocation Failure) 270M->270M(455M) 325.368ms
[2020-08-08T13:00:12.369+0300][271.092s][info][gc] GC(1577) Pause Young (Allocation Failure) 328M->328M(455M) 109.962ms
[2020-08-08T13:00:12.493+0300][271.216s][info][gc] GC(1578) Pause Full (Ergonomics) 328M->59M(455M) 123.699ms
[2020-08-08T13:00:12.676+0300][271.399s][info][gc] GC(1579) Pause Young (Allocation Failure) 117M->117M(455M) 173.965ms
[2020-08-08T13:00:12.882+0300][271.604s][info][gc] GC(1580) Pause Young (Allocation Failure) 175M->175M(455M) 183.576ms
[2020-08-08T13:00:12.980+0300][271.703s][info][gc] GC(1581) Pause Young (Allocation Failure) 232M->232M(455M) 87.577ms
[2020-08-08T13:00:13.251+0300][271.974s][info][gc] GC(1582) Pause Young (Allocation Failure) 290M->290M(455M) 261.216ms
[2020-08-08T13:00:13.338+0300][272.061s][info][gc] GC(1583) Pause Young (Allocation Failure) 347M->347M(455M) 77.395ms
[2020-08-08T13:00:13.522+0300][272.245s][info][gc] GC(1584) Pause Full (Ergonomics) 347M->79M(455M) 184.406ms
[2020-08-08T13:00:13.722+0300][272.445s][info][gc] GC(1585) Pause Young (Allocation Failure) 136M->136M(455M) 189.427ms
[2020-08-08T13:00:13.859+0300][272.582s][info][gc] GC(1586) Pause Young (Allocation Failure) 193M->193M(455M) 125.519ms
[2020-08-08T13:00:13.963+0300][272.686s][info][gc] GC(1587) Pause Young (Allocation Failure) 251M->251M(455M) 93.392ms
[2020-08-08T13:00:14.200+0300][272.923s][info][gc] GC(1588) Pause Young (Allocation Failure) 308M->309M(455M) 228.267ms
[2020-08-08T13:00:14.271+0300][272.994s][info][gc] GC(1589) Pause Full (Ergonomics) 309M->41M(455M) 71.296ms
[2020-08-08T13:00:14.451+0300][273.174s][info][gc] GC(1590) Pause Young (Allocation Failure) 99M->99M(455M) 170.506ms
[2020-08-08T13:00:14.725+0300][273.448s][info][gc] GC(1591) Pause Young (Allocation Failure) 156M->156M(455M) 265.688ms
[2020-08-08T13:00:14.816+0300][273.539s][info][gc] GC(1592) Pause Young (Allocation Failure) 214M->214M(455M) 77.112ms
[2020-08-08T13:00:15.104+0300][273.827s][info][gc] GC(1593) Pause Young (Allocation Failure) 270M->270M(455M) 278.005ms
[2020-08-08T13:00:15.215+0300][273.938s][info][gc] GC(1594) Pause Young (Allocation Failure) 328M->328M(455M) 101.553ms
[2020-08-08T13:00:15.343+0300][274.066s][info][gc] GC(1595) Pause Full (Ergonomics) 328M->59M(455M) 128.431ms
[2020-08-08T13:00:15.522+0300][274.245s][info][gc] GC(1596) Pause Young (Allocation Failure) 117M->117M(455M) 168.396ms
[2020-08-08T13:00:15.713+0300][274.435s][info][gc] GC(1597) Pause Young (Allocation Failure) 175M->175M(455M) 181.991ms
[2020-08-08T13:00:15.818+0300][274.541s][info][gc] GC(1598) Pause Young (Allocation Failure) 232M->232M(455M) 90.563ms
[2020-08-08T13:00:16.102+0300][274.825s][info][gc] GC(1599) Pause Young (Allocation Failure) 290M->290M(455M) 275.416ms
[2020-08-08T13:00:16.187+0300][274.910s][info][gc] GC(1600) Pause Young (Allocation Failure) 347M->347M(455M) 74.577ms
[2020-08-08T13:00:16.368+0300][275.091s][info][gc] GC(1601) Pause Full (Ergonomics) 347M->80M(455M) 180.755ms
[2020-08-08T13:00:16.570+0300][275.293s][info][gc] GC(1602) Pause Young (Allocation Failure) 136M->136M(455M) 191.326ms
[2020-08-08T13:00:16.707+0300][275.429s][info][gc] GC(1603) Pause Young (Allocation Failure) 193M->193M(455M) 125.766ms
[2020-08-08T13:00:16.810+0300][275.533s][info][gc] GC(1604) Pause Young (Allocation Failure) 251M->251M(455M) 94.391ms
[2020-08-08T13:00:17.012+0300][275.735s][info][gc] GC(1605) Pause Young (Allocation Failure) 308M->309M(455M) 183.892ms
[2020-08-08T13:00:17.085+0300][275.808s][info][gc] GC(1606) Pause Full (Ergonomics) 309M->41M(455M) 72.499ms
[2020-08-08T13:00:17.267+0300][275.989s][info][gc] GC(1607) Pause Young (Allocation Failure) 99M->99M(455M) 171.351ms
[2020-08-08T13:00:17.544+0300][276.267s][info][gc] GC(1608) Pause Young (Allocation Failure) 156M->156M(455M) 269.788ms
[2020-08-08T13:00:17.630+0300][276.353s][info][gc] GC(1609) Pause Young (Allocation Failure) 214M->214M(455M) 76.271ms
[2020-08-08T13:00:18.013+0300][276.736s][info][gc] GC(1610) Pause Young (Allocation Failure) 270M->270M(455M) 373.358ms
[2020-08-08T13:00:18.153+0300][276.876s][info][gc] GC(1611) Pause Young (Allocation Failure) 328M->328M(455M) 128.942ms
[2020-08-08T13:00:18.278+0300][277.001s][info][gc] GC(1612) Pause Full (Ergonomics) 328M->59M(455M) 124.757ms
[2020-08-08T13:00:18.463+0300][277.186s][info][gc] GC(1613) Pause Young (Allocation Failure) 117M->117M(455M) 175.745ms
[2020-08-08T13:00:18.658+0300][277.381s][info][gc] GC(1614) Pause Young (Allocation Failure) 174M->175M(455M) 186.828ms
[2020-08-08T13:00:18.758+0300][277.481s][info][gc] GC(1615) Pause Young (Allocation Failure) 232M->232M(455M) 88.341ms
[2020-08-08T13:00:19.023+0300][277.746s][info][gc] GC(1616) Pause Young (Allocation Failure) 290M->290M(455M) 256.748ms
[2020-08-08T13:00:19.113+0300][277.836s][info][gc] GC(1617) Pause Young (Allocation Failure) 347M->347M(455M) 78.096ms
[2020-08-08T13:00:19.299+0300][278.022s][info][gc] GC(1618) Pause Full (Ergonomics) 347M->79M(455M) 185.996ms
[2020-08-08T13:00:19.503+0300][278.226s][info][gc] GC(1619) Pause Young (Allocation Failure) 136M->136M(455M) 194.048ms
[2020-08-08T13:00:19.666+0300][278.389s][info][gc] GC(1620) Pause Young (Allocation Failure) 193M->193M(455M) 154.367ms
[2020-08-08T13:00:19.769+0300][278.492s][info][gc] GC(1621) Pause Young (Allocation Failure) 251M->251M(455M) 93.042ms
[2020-08-08T13:00:19.974+0300][278.697s][info][gc] GC(1622) Pause Young (Allocation Failure) 308M->309M(455M) 196.188ms
[2020-08-08T13:00:20.045+0300][278.768s][info][gc] GC(1623) Pause Full (Ergonomics) 309M->41M(455M) 70.386ms
[2020-08-08T13:00:20.227+0300][278.950s][info][gc] GC(1624) Pause Young (Allocation Failure) 99M->99M(455M) 168.695ms
[2020-08-08T13:00:20.510+0300][279.233s][info][gc] GC(1625) Pause Young (Allocation Failure) 156M->156M(455M) 275.879ms
[2020-08-08T13:00:20.596+0300][279.319s][info][gc] GC(1626) Pause Young (Allocation Failure) 214M->214M(455M) 76.035ms
[2020-08-08T13:00:20.909+0300][279.632s][info][gc] GC(1627) Pause Young (Allocation Failure) 270M->270M(455M) 302.896ms
[2020-08-08T13:00:21.020+0300][279.742s][info][gc] GC(1628) Pause Young (Allocation Failure) 328M->328M(455M) 102.364ms
[2020-08-08T13:00:21.144+0300][279.867s][info][gc] GC(1629) Pause Full (Ergonomics) 328M->59M(455M) 124.856ms
[2020-08-08T13:00:21.328+0300][280.050s][info][gc] GC(1630) Pause Young (Allocation Failure) 117M->117M(455M) 170.553ms
[2020-08-08T13:00:21.519+0300][280.241s][info][gc] GC(1631) Pause Young (Allocation Failure) 174M->175M(455M) 184.000ms
[2020-08-08T13:00:21.617+0300][280.340s][info][gc] GC(1632) Pause Young (Allocation Failure) 232M->232M(455M) 87.981ms
[2020-08-08T13:00:21.875+0300][280.598s][info][gc] GC(1633) Pause Young (Allocation Failure) 290M->290M(455M) 249.520ms
[2020-08-08T13:00:21.959+0300][280.682s][info][gc] GC(1634) Pause Young (Allocation Failure) 347M->347M(455M) 74.983ms
[2020-08-08T13:00:22.143+0300][280.866s][info][gc] GC(1635) Pause Full (Ergonomics) 347M->80M(455M) 183.887ms
[2020-08-08T13:00:22.333+0300][281.056s][info][gc] GC(1636) Pause Young (Allocation Failure) 136M->136M(455M) 175.180ms
[2020-08-08T13:00:22.458+0300][281.181s][info][gc] GC(1637) Pause Young (Allocation Failure) 193M->193M(455M) 115.684ms
[2020-08-08T13:00:22.563+0300][281.286s][info][gc] GC(1638) Pause Young (Allocation Failure) 251M->251M(455M) 93.918ms
[2020-08-08T13:00:22.763+0300][281.486s][info][gc] GC(1639) Pause Young (Allocation Failure) 308M->309M(455M) 189.965ms
[2020-08-08T13:00:22.837+0300][281.559s][info][gc] GC(1640) Pause Full (Ergonomics) 309M->41M(455M) 73.160ms
[2020-08-08T13:00:23.017+0300][281.740s][info][gc] GC(1641) Pause Young (Allocation Failure) 99M->99M(455M) 166.905ms
[2020-08-08T13:00:23.289+0300][282.012s][info][gc] GC(1642) Pause Young (Allocation Failure) 156M->157M(455M) 263.509ms
[2020-08-08T13:00:23.380+0300][282.103s][info][gc] GC(1643) Pause Young (Allocation Failure) 214M->214M(455M) 77.058ms
[2020-08-08T13:00:23.684+0300][282.407s][info][gc] GC(1644) Pause Young (Allocation Failure) 270M->270M(455M) 292.029ms
[2020-08-08T13:00:23.810+0300][282.532s][info][gc] GC(1645) Pause Young (Allocation Failure) 328M->328M(455M) 114.815ms
[2020-08-08T13:00:23.934+0300][282.657s][info][gc] GC(1646) Pause Full (Ergonomics) 328M->59M(455M) 124.751ms
[2020-08-08T13:00:24.119+0300][282.842s][info][gc] GC(1647) Pause Young (Allocation Failure) 117M->117M(455M) 174.513ms
[2020-08-08T13:00:24.329+0300][283.052s][info][gc] GC(1648) Pause Young (Allocation Failure) 175M->175M(455M) 202.632ms
[2020-08-08T13:00:24.428+0300][283.151s][info][gc] GC(1649) Pause Young (Allocation Failure) 232M->232M(455M) 86.154ms
[2020-08-08T13:00:24.714+0300][283.437s][info][gc] GC(1650) Pause Young (Allocation Failure) 290M->290M(455M) 277.664ms
[2020-08-08T13:00:24.801+0300][283.524s][info][gc] GC(1651) Pause Young (Allocation Failure) 347M->347M(455M) 76.670ms
[2020-08-08T13:00:24.984+0300][283.707s][info][gc] GC(1652) Pause Full (Ergonomics) 347M->80M(455M) 183.295ms
[2020-08-08T13:00:25.190+0300][283.912s][info][gc] GC(1653) Pause Young (Allocation Failure) 136M->136M(455M) 194.399ms
[2020-08-08T13:00:25.323+0300][284.046s][info][gc] GC(1654) Pause Young (Allocation Failure) 193M->193M(455M) 124.778ms
[2020-08-08T13:00:25.430+0300][284.153s][info][gc] GC(1655) Pause Young (Allocation Failure) 251M->251M(455M) 94.372ms
[2020-08-08T13:00:25.631+0300][284.354s][info][gc] GC(1656) Pause Young (Allocation Failure) 308M->309M(455M) 193.537ms
[2020-08-08T13:00:25.702+0300][284.425s][info][gc] GC(1657) Pause Full (Ergonomics) 309M->41M(455M) 70.882ms
[2020-08-08T13:00:25.884+0300][284.607s][info][gc] GC(1658) Pause Young (Allocation Failure) 99M->99M(455M) 172.050ms
[2020-08-08T13:00:26.167+0300][284.890s][info][gc] GC(1659) Pause Young (Allocation Failure) 156M->156M(455M) 275.838ms
[2020-08-08T13:00:26.253+0300][284.976s][info][gc] GC(1660) Pause Young (Allocation Failure) 214M->214M(455M) 75.774ms
[2020-08-08T13:00:26.645+0300][285.368s][info][gc] GC(1661) Pause Young (Allocation Failure) 270M->270M(455M) 382.072ms
[2020-08-08T13:00:26.777+0300][285.500s][info][gc] GC(1662) Pause Young (Allocation Failure) 328M->328M(455M) 121.072ms
[2020-08-08T13:00:26.900+0300][285.623s][info][gc] GC(1663) Pause Full (Ergonomics) 328M->59M(455M) 123.210ms
[2020-08-08T13:00:27.082+0300][285.805s][info][gc] GC(1664) Pause Young (Allocation Failure) 117M->117M(455M) 171.991ms
[2020-08-08T13:00:27.286+0300][286.009s][info][gc] GC(1665) Pause Young (Allocation Failure) 174M->175M(455M) 195.923ms
[2020-08-08T13:00:27.382+0300][286.105s][info][gc] GC(1666) Pause Young (Allocation Failure) 232M->232M(455M) 86.415ms
[2020-08-08T13:00:27.655+0300][286.378s][info][gc] GC(1667) Pause Young (Allocation Failure) 290M->290M(455M) 264.683ms
[2020-08-08T13:00:27.747+0300][286.470s][info][gc] GC(1668) Pause Young (Allocation Failure) 347M->347M(455M) 77.569ms
[2020-08-08T13:00:27.929+0300][286.652s][info][gc] GC(1669) Pause Full (Ergonomics) 347M->79M(455M) 181.981ms
[2020-08-08T13:00:28.135+0300][286.857s][info][gc] GC(1670) Pause Young (Allocation Failure) 136M->136M(455M) 194.968ms
[2020-08-08T13:00:28.268+0300][286.991s][info][gc] GC(1671) Pause Young (Allocation Failure) 193M->193M(455M) 124.121ms
[2020-08-08T13:00:28.371+0300][287.094s][info][gc] GC(1672) Pause Young (Allocation Failure) 251M->251M(455M) 93.435ms
[2020-08-08T13:00:28.571+0300][287.294s][info][gc] GC(1673) Pause Young (Allocation Failure) 308M->309M(455M) 190.830ms
[2020-08-08T13:00:28.642+0300][287.364s][info][gc] GC(1674) Pause Full (Ergonomics) 309M->41M(455M) 70.605ms
[2020-08-08T13:00:28.819+0300][287.542s][info][gc] GC(1675) Pause Young (Allocation Failure) 99M->99M(455M) 163.913ms
[2020-08-08T13:00:29.098+0300][287.821s][info][gc] GC(1676) Pause Young (Allocation Failure) 156M->156M(455M) 271.608ms
[2020-08-08T13:00:29.188+0300][287.911s][info][gc] GC(1677) Pause Young (Allocation Failure) 214M->214M(455M) 79.954ms
[2020-08-08T13:00:29.570+0300][288.292s][info][gc] GC(1678) Pause Young (Allocation Failure) 270M->270M(455M) 371.555ms
[2020-08-08T13:00:29.706+0300][288.429s][info][gc] GC(1679) Pause Young (Allocation Failure) 328M->328M(455M) 128.421ms
[2020-08-08T13:00:29.831+0300][288.554s][info][gc] GC(1680) Pause Full (Ergonomics) 328M->59M(455M) 124.855ms
[2020-08-08T13:00:30.008+0300][288.731s][info][gc] GC(1681) Pause Young (Allocation Failure) 117M->117M(455M) 163.256ms
[2020-08-08T13:00:30.190+0300][288.913s][info][gc] GC(1682) Pause Young (Allocation Failure) 174M->175M(455M) 174.352ms
[2020-08-08T13:00:30.284+0300][289.006s][info][gc] GC(1683) Pause Young (Allocation Failure) 232M->232M(455M) 84.168ms
[2020-08-08T13:00:30.557+0300][289.280s][info][gc] GC(1684) Pause Young (Allocation Failure) 290M->290M(455M) 264.482ms
[2020-08-08T13:00:30.643+0300][289.366s][info][gc] GC(1685) Pause Young (Allocation Failure) 347M->347M(455M) 76.709ms
[2020-08-08T13:00:30.827+0300][289.550s][info][gc] GC(1686) Pause Full (Ergonomics) 347M->80M(455M) 183.372ms
[2020-08-08T13:00:31.029+0300][289.752s][info][gc] GC(1687) Pause Young (Allocation Failure) 136M->136M(455M) 190.135ms
[2020-08-08T13:00:31.170+0300][289.893s][info][gc] GC(1688) Pause Young (Allocation Failure) 193M->193M(455M) 132.791ms
[2020-08-08T13:00:31.272+0300][289.995s][info][gc] GC(1689) Pause Young (Allocation Failure) 251M->251M(455M) 93.205ms
[2020-08-08T13:00:31.472+0300][290.195s][info][gc] GC(1690) Pause Young (Allocation Failure) 308M->309M(455M) 191.180ms
[2020-08-08T13:00:31.541+0300][290.264s][info][gc] GC(1691) Pause Full (Ergonomics) 309M->41M(455M) 69.182ms
[2020-08-08T13:00:31.725+0300][290.448s][info][gc] GC(1692) Pause Young (Allocation Failure) 99M->99M(455M) 172.936ms
[2020-08-08T13:00:32.000+0300][290.722s][info][gc] GC(1693) Pause Young (Allocation Failure) 156M->157M(455M) 267.298ms
[2020-08-08T13:00:32.087+0300][290.810s][info][gc] GC(1694) Pause Young (Allocation Failure) 214M->214M(455M) 75.492ms
[2020-08-08T13:00:32.418+0300][291.140s][info][gc] GC(1695) Pause Young (Allocation Failure) 270M->270M(455M) 320.693ms
[2020-08-08T13:00:32.537+0300][291.260s][info][gc] GC(1696) Pause Young (Allocation Failure) 328M->328M(455M) 110.592ms
[2020-08-08T13:00:32.661+0300][291.384s][info][gc] GC(1697) Pause Full (Ergonomics) 328M->59M(455M) 124.077ms
[2020-08-08T13:00:32.829+0300][291.552s][info][gc] GC(1698) Pause Young (Allocation Failure) 117M->117M(455M) 157.946ms
[2020-08-08T13:00:33.028+0300][291.751s][info][gc] GC(1699) Pause Young (Allocation Failure) 175M->175M(455M) 191.660ms
[2020-08-08T13:00:33.131+0300][291.854s][info][gc] GC(1700) Pause Young (Allocation Failure) 232M->232M(455M) 90.934ms
[2020-08-08T13:00:33.381+0300][292.104s][info][gc] GC(1701) Pause Young (Allocation Failure) 290M->290M(455M) 242.375ms
[2020-08-08T13:00:33.468+0300][292.191s][info][gc] GC(1702) Pause Young (Allocation Failure) 347M->347M(455M) 76.917ms
[2020-08-08T13:00:33.652+0300][292.375s][info][gc] GC(1703) Pause Full (Ergonomics) 347M->80M(455M) 183.256ms
[2020-08-08T13:00:33.848+0300][292.571s][info][gc] GC(1704) Pause Young (Allocation Failure) 136M->136M(455M) 186.227ms
[2020-08-08T13:00:33.971+0300][292.694s][info][gc] GC(1705) Pause Young (Allocation Failure) 193M->193M(455M) 115.126ms
[2020-08-08T13:00:34.075+0300][292.798s][info][gc] GC(1706) Pause Young (Allocation Failure) 251M->251M(455M) 93.836ms
[2020-08-08T13:00:34.257+0300][292.980s][info][gc] GC(1707) Pause Young (Allocation Failure) 308M->309M(455M) 168.888ms
[2020-08-08T13:00:34.327+0300][293.049s][info][gc] GC(1708) Pause Full (Ergonomics) 309M->41M(455M) 69.221ms
[2020-08-08T13:00:34.506+0300][293.229s][info][gc] GC(1709) Pause Young (Allocation Failure) 99M->99M(455M) 166.236ms
[2020-08-08T13:00:34.777+0300][293.500s][info][gc] GC(1710) Pause Young (Allocation Failure) 156M->156M(455M) 262.656ms
[2020-08-08T13:00:34.862+0300][293.585s][info][gc] GC(1711) Pause Young (Allocation Failure) 214M->214M(455M) 72.755ms
[2020-08-08T13:00:35.201+0300][293.924s][info][gc] GC(1712) Pause Young (Allocation Failure) 270M->270M(455M) 328.637ms
[2020-08-08T13:00:35.328+0300][294.051s][info][gc] GC(1713) Pause Young (Allocation Failure) 328M->328M(455M) 117.616ms
[2020-08-08T13:00:35.455+0300][294.178s][info][gc] GC(1714) Pause Full (Ergonomics) 328M->59M(455M) 127.208ms
[2020-08-08T13:00:35.636+0300][294.359s][info][gc] GC(1715) Pause Young (Allocation Failure) 117M->117M(455M) 170.990ms
[2020-08-08T13:00:35.837+0300][294.560s][info][gc] GC(1716) Pause Young (Allocation Failure) 174M->175M(455M) 192.551ms
[2020-08-08T13:00:35.933+0300][294.656s][info][gc] GC(1717) Pause Young (Allocation Failure) 232M->232M(455M) 85.311ms
[2020-08-08T13:00:36.194+0300][294.917s][info][gc] GC(1718) Pause Young (Allocation Failure) 290M->290M(455M) 251.717ms
[2020-08-08T13:00:36.284+0300][295.007s][info][gc] GC(1719) Pause Young (Allocation Failure) 347M->347M(455M) 76.899ms
[2020-08-08T13:00:36.467+0300][295.189s][info][gc] GC(1720) Pause Full (Ergonomics) 347M->79M(455M) 182.392ms
[2020-08-08T13:00:36.674+0300][295.397s][info][gc] GC(1721) Pause Young (Allocation Failure) 136M->136M(455M) 197.685ms
[2020-08-08T13:00:36.820+0300][295.543s][info][gc] GC(1722) Pause Young (Allocation Failure) 193M->193M(455M) 137.408ms
[2020-08-08T13:00:36.923+0300][295.646s][info][gc] GC(1723) Pause Young (Allocation Failure) 251M->251M(455M) 93.175ms
[2020-08-08T13:00:37.123+0300][295.846s][info][gc] GC(1724) Pause Young (Allocation Failure) 308M->309M(455M) 191.450ms
[2020-08-08T13:00:37.193+0300][295.916s][info][gc] GC(1725) Pause Full (Ergonomics) 309M->41M(455M) 69.710ms
[2020-08-08T13:00:37.378+0300][296.101s][info][gc] GC(1726) Pause Young (Allocation Failure) 99M->99M(455M) 170.950ms
[2020-08-08T13:00:37.658+0300][296.381s][info][gc] GC(1727) Pause Young (Allocation Failure) 156M->156M(455M) 272.020ms
[2020-08-08T13:00:37.746+0300][296.469s][info][gc] GC(1728) Pause Young (Allocation Failure) 214M->214M(455M) 76.464ms
[2020-08-08T13:00:38.051+0300][296.774s][info][gc] GC(1729) Pause Young (Allocation Failure) 270M->270M(455M) 293.836ms
[2020-08-08T13:00:38.160+0300][296.883s][info][gc] GC(1730) Pause Young (Allocation Failure) 328M->328M(455M) 100.211ms
[2020-08-08T13:00:38.284+0300][297.007s][info][gc] GC(1731) Pause Full (Ergonomics) 328M->59M(455M) 123.908ms
[2020-08-08T13:00:38.470+0300][297.193s][info][gc] GC(1732) Pause Young (Allocation Failure) 117M->117M(455M) 173.855ms
[2020-08-08T13:00:38.673+0300][297.396s][info][gc] GC(1733) Pause Young (Allocation Failure) 174M->175M(455M) 195.830ms
[2020-08-08T13:00:38.771+0300][297.494s][info][gc] GC(1734) Pause Young (Allocation Failure) 232M->232M(455M) 88.179ms
[2020-08-08T13:00:39.037+0300][297.760s][info][gc] GC(1735) Pause Young (Allocation Failure) 290M->290M(455M) 256.652ms
[2020-08-08T13:00:39.124+0300][297.847s][info][gc] GC(1736) Pause Young (Allocation Failure) 347M->347M(455M) 78.157ms
[2020-08-08T13:00:39.307+0300][298.030s][info][gc] GC(1737) Pause Full (Ergonomics) 347M->80M(455M) 182.664ms
[2020-08-08T13:00:39.520+0300][298.243s][info][gc] GC(1738) Pause Young (Allocation Failure) 136M->136M(455M) 198.710ms
[2020-08-08T13:00:39.656+0300][298.379s][info][gc] GC(1739) Pause Young (Allocation Failure) 193M->193M(455M) 127.211ms
[2020-08-08T13:00:39.761+0300][298.484s][info][gc] GC(1740) Pause Young (Allocation Failure) 251M->251M(455M) 94.761ms
[2020-08-08T13:00:39.960+0300][298.683s][info][gc] GC(1741) Pause Young (Allocation Failure) 308M->309M(455M) 189.297ms
[2020-08-08T13:00:40.032+0300][298.755s][info][gc] GC(1742) Pause Full (Ergonomics) 309M->41M(455M) 71.962ms
[2020-08-08T13:00:40.211+0300][298.934s][info][gc] GC(1743) Pause Young (Allocation Failure) 99M->99M(455M) 169.072ms
[2020-08-08T13:00:40.488+0300][299.211s][info][gc] GC(1744) Pause Young (Allocation Failure) 156M->157M(455M) 269.561ms
[2020-08-08T13:00:40.579+0300][299.302s][info][gc] GC(1745) Pause Young (Allocation Failure) 214M->214M(455M) 78.517ms
[2020-08-08T13:00:40.896+0300][299.619s][info][gc] GC(1746) Pause Young (Allocation Failure) 270M->270M(455M) 306.501ms
[2020-08-08T13:00:41.019+0300][299.742s][info][gc] GC(1747) Pause Young (Allocation Failure) 328M->328M(455M) 116.304ms
[2020-08-08T13:00:41.153+0300][299.876s][info][gc] GC(1748) Pause Full (Ergonomics) 328M->59M(455M) 133.941ms
[2020-08-08T13:00:41.334+0300][300.057s][info][gc] GC(1749) Pause Young (Allocation Failure) 117M->117M(455M) 171.118ms
[2020-08-08T13:00:41.553+0300][300.276s][info][gc] GC(1750) Pause Young (Allocation Failure) 175M->175M(455M) 207.548ms
[2020-08-08T13:00:41.651+0300][300.374s][info][gc] GC(1751) Pause Young (Allocation Failure) 232M->232M(455M) 87.715ms
[2020-08-08T13:00:41.920+0300][300.643s][info][gc] GC(1752) Pause Young (Allocation Failure) 290M->290M(455M) 259.968ms
[2020-08-08T13:00:42.006+0300][300.729s][info][gc] GC(1753) Pause Young (Allocation Failure) 347M->347M(455M) 76.160ms
[2020-08-08T13:00:42.192+0300][300.915s][info][gc] GC(1754) Pause Full (Ergonomics) 347M->80M(455M) 185.745ms
[2020-08-08T13:00:42.393+0300][301.116s][info][gc] GC(1755) Pause Young (Allocation Failure) 136M->136M(455M) 190.824ms
[2020-08-08T13:00:42.541+0300][301.264s][info][gc] GC(1756) Pause Young (Allocation Failure) 193M->193M(455M) 135.323ms
[2020-08-08T13:00:42.646+0300][301.369s][info][gc] GC(1757) Pause Young (Allocation Failure) 251M->251M(455M) 94.622ms
[2020-08-08T13:00:42.851+0300][301.574s][info][gc] GC(1758) Pause Young (Allocation Failure) 308M->309M(455M) 196.592ms
[2020-08-08T13:00:42.919+0300][301.642s][info][gc] GC(1759) Pause Full (Ergonomics) 309M->41M(455M) 68.127ms
[2020-08-08T13:00:43.102+0300][301.825s][info][gc] GC(1760) Pause Young (Allocation Failure) 99M->99M(455M) 172.948ms
[2020-08-08T13:00:43.378+0300][302.100s][info][gc] GC(1761) Pause Young (Allocation Failure) 156M->156M(455M) 264.834ms
[2020-08-08T13:00:43.466+0300][302.189s][info][gc] GC(1762) Pause Young (Allocation Failure) 214M->214M(455M) 74.976ms
[2020-08-08T13:00:43.782+0300][302.505s][info][gc] GC(1763) Pause Young (Allocation Failure) 270M->270M(455M) 306.338ms
[2020-08-08T13:00:43.892+0300][302.614s][info][gc] GC(1764) Pause Young (Allocation Failure) 328M->328M(455M) 101.180ms
[2020-08-08T13:00:44.021+0300][302.744s][info][gc] GC(1765) Pause Full (Ergonomics) 328M->59M(455M) 129.390ms
[2020-08-08T13:00:44.204+0300][302.927s][info][gc] GC(1766) Pause Young (Allocation Failure) 117M->117M(455M) 173.429ms
[2020-08-08T13:00:44.397+0300][303.119s][info][gc] GC(1767) Pause Young (Allocation Failure) 175M->175M(455M) 184.617ms
[2020-08-08T13:00:44.500+0300][303.223s][info][gc] GC(1768) Pause Young (Allocation Failure) 232M->232M(455M) 91.359ms
[2020-08-08T13:00:44.803+0300][303.526s][info][gc] GC(1769) Pause Young (Allocation Failure) 290M->290M(455M) 293.855ms
[2020-08-08T13:00:44.895+0300][303.618s][info][gc] GC(1770) Pause Young (Allocation Failure) 347M->347M(455M) 81.900ms
[2020-08-08T13:00:45.088+0300][303.811s][info][gc] GC(1771) Pause Full (Ergonomics) 347M->80M(455M) 192.300ms
[2020-08-08T13:00:45.286+0300][304.009s][info][gc] GC(1772) Pause Young (Allocation Failure) 136M->136M(455M) 188.107ms
[2020-08-08T13:00:45.418+0300][304.141s][info][gc] GC(1773) Pause Young (Allocation Failure) 193M->193M(455M) 124.020ms
[2020-08-08T13:00:45.527+0300][304.249s][info][gc] GC(1774) Pause Young (Allocation Failure) 251M->251M(455M) 95.032ms
[2020-08-08T13:00:45.727+0300][304.449s][info][gc] GC(1775) Pause Young (Allocation Failure) 308M->309M(455M) 190.166ms
[2020-08-08T13:00:45.797+0300][304.520s][info][gc] GC(1776) Pause Full (Ergonomics) 309M->41M(455M) 70.129ms
[2020-08-08T13:00:45.979+0300][304.702s][info][gc] GC(1777) Pause Young (Allocation Failure) 99M->99M(455M) 171.046ms
[2020-08-08T13:00:46.251+0300][304.974s][info][gc] GC(1778) Pause Young (Allocation Failure) 156M->156M(455M) 264.451ms
[2020-08-08T13:00:46.340+0300][305.063s][info][gc] GC(1779) Pause Young (Allocation Failure) 214M->214M(455M) 78.975ms
[2020-08-08T13:00:46.724+0300][305.447s][info][gc] GC(1780) Pause Young (Allocation Failure) 270M->270M(455M) 374.331ms
[2020-08-08T13:00:46.862+0300][305.585s][info][gc] GC(1781) Pause Young (Allocation Failure) 328M->328M(455M) 127.734ms
[2020-08-08T13:00:46.987+0300][305.710s][info][gc] GC(1782) Pause Full (Ergonomics) 328M->59M(455M) 124.780ms
[2020-08-08T13:00:47.170+0300][305.893s][info][gc] GC(1783) Pause Young (Allocation Failure) 117M->117M(455M) 172.724ms
[2020-08-08T13:00:47.370+0300][306.093s][info][gc] GC(1784) Pause Young (Allocation Failure) 174M->175M(455M) 191.881ms
[2020-08-08T13:00:47.468+0300][306.191s][info][gc] GC(1785) Pause Young (Allocation Failure) 232M->232M(455M) 88.332ms
[2020-08-08T13:00:47.728+0300][306.450s][info][gc] GC(1786) Pause Young (Allocation Failure) 290M->290M(455M) 250.701ms
[2020-08-08T13:00:47.818+0300][306.541s][info][gc] GC(1787) Pause Young (Allocation Failure) 347M->347M(455M) 77.279ms
[2020-08-08T13:00:47.998+0300][306.721s][info][gc] GC(1788) Pause Full (Ergonomics) 347M->79M(455M) 179.939ms
[2020-08-08T13:00:48.201+0300][306.924s][info][gc] GC(1789) Pause Young (Allocation Failure) 136M->136M(455M) 194.086ms
[2020-08-08T13:00:48.331+0300][307.054s][info][gc] GC(1790) Pause Young (Allocation Failure) 193M->193M(455M) 120.641ms
[2020-08-08T13:00:48.440+0300][307.163s][info][gc] GC(1791) Pause Young (Allocation Failure) 251M->251M(455M) 96.657ms
[2020-08-08T13:00:48.631+0300][307.354s][info][gc] GC(1792) Pause Young (Allocation Failure) 308M->309M(455M) 182.285ms
[2020-08-08T13:00:48.700+0300][307.423s][info][gc] GC(1793) Pause Full (Ergonomics) 309M->41M(455M) 69.274ms
[2020-08-08T13:00:48.883+0300][307.606s][info][gc] GC(1794) Pause Young (Allocation Failure) 99M->99M(455M) 169.150ms
[2020-08-08T13:00:49.162+0300][307.885s][info][gc] GC(1795) Pause Young (Allocation Failure) 156M->156M(455M) 270.938ms
[2020-08-08T13:00:49.248+0300][307.971s][info][gc] GC(1796) Pause Young (Allocation Failure) 214M->214M(455M) 75.876ms
[2020-08-08T13:00:49.530+0300][308.253s][info][gc] GC(1797) Pause Young (Allocation Failure) 270M->270M(455M) 271.661ms
[2020-08-08T13:00:49.645+0300][308.368s][info][gc] GC(1798) Pause Young (Allocation Failure) 328M->328M(455M) 106.880ms
[2020-08-08T13:00:49.770+0300][308.493s][info][gc] GC(1799) Pause Full (Ergonomics) 328M->59M(455M) 125.172ms
[2020-08-08T13:00:49.936+0300][308.659s][info][gc] GC(1800) Pause Young (Allocation Failure) 117M->117M(455M) 153.273ms
[2020-08-08T13:00:50.147+0300][308.870s][info][gc] GC(1801) Pause Young (Allocation Failure) 174M->174M(455M) 202.995ms
[2020-08-08T13:00:50.241+0300][308.964s][info][gc] GC(1802) Pause Young (Allocation Failure) 232M->232M(455M) 84.559ms
[2020-08-08T13:00:50.502+0300][309.225s][info][gc] GC(1803) Pause Young (Allocation Failure) 290M->290M(455M) 253.577ms
[2020-08-08T13:00:50.586+0300][309.309s][info][gc] GC(1804) Pause Young (Allocation Failure) 347M->347M(455M) 74.311ms
[2020-08-08T13:00:50.768+0300][309.491s][info][gc] GC(1805) Pause Full (Ergonomics) 347M->79M(455M) 181.816ms
[2020-08-08T13:00:50.973+0300][309.696s][info][gc] GC(1806) Pause Young (Allocation Failure) 136M->136M(455M) 192.713ms
[2020-08-08T13:00:51.099+0300][309.822s][info][gc] GC(1807) Pause Young (Allocation Failure) 193M->193M(455M) 117.907ms
[2020-08-08T13:00:51.205+0300][309.928s][info][gc] GC(1808) Pause Young (Allocation Failure) 251M->251M(455M) 95.420ms
[2020-08-08T13:00:51.401+0300][310.124s][info][gc] GC(1809) Pause Young (Allocation Failure) 308M->309M(455M) 187.370ms
[2020-08-08T13:00:51.471+0300][310.194s][info][gc] GC(1810) Pause Full (Ergonomics) 309M->41M(455M) 70.049ms
[2020-08-08T13:00:51.662+0300][310.385s][info][gc] GC(1811) Pause Young (Allocation Failure) 99M->99M(455M) 179.620ms
[2020-08-08T13:00:51.943+0300][310.666s][info][gc] GC(1812) Pause Young (Allocation Failure) 156M->157M(455M) 270.163ms
[2020-08-08T13:00:52.048+0300][310.771s][info][gc] GC(1813) Pause Young (Allocation Failure) 214M->214M(455M) 91.248ms
[2020-08-08T13:00:52.374+0300][311.097s][info][gc] GC(1814) Pause Young (Allocation Failure) 270M->270M(455M) 315.085ms
[2020-08-08T13:00:52.521+0300][311.244s][info][gc] GC(1815) Pause Young (Allocation Failure) 328M->328M(455M) 138.212ms
[2020-08-08T13:00:52.647+0300][311.370s][info][gc] GC(1816) Pause Full (Ergonomics) 328M->60M(455M) 126.173ms
[2020-08-08T13:00:52.848+0300][311.571s][info][gc] GC(1817) Pause Young (Allocation Failure) 117M->118M(455M) 189.809ms
[2020-08-08T13:00:53.084+0300][311.807s][info][gc] GC(1818) Pause Young (Allocation Failure) 175M->175M(455M) 227.781ms
[2020-08-08T13:00:53.188+0300][311.911s][info][gc] GC(1819) Pause Young (Allocation Failure) 233M->233M(455M) 90.061ms
[2020-08-08T13:00:53.444+0300][312.167s][info][gc] GC(1820) Pause Young (Allocation Failure) 290M->290M(455M) 247.750ms
[2020-08-08T13:00:53.527+0300][312.250s][info][gc] GC(1821) Pause Young (Allocation Failure) 348M->348M(455M) 73.808ms
[2020-08-08T13:00:53.713+0300][312.436s][info][gc] GC(1822) Pause Full (Ergonomics) 348M->80M(455M) 186.257ms
[2020-08-08T13:00:53.899+0300][312.622s][info][gc] GC(1823) Pause Young (Allocation Failure) 136M->136M(455M) 174.988ms
[2020-08-08T13:00:54.039+0300][312.762s][info][gc] GC(1824) Pause Young (Allocation Failure) 193M->193M(455M) 132.484ms
[2020-08-08T13:00:54.141+0300][312.863s][info][gc] GC(1825) Pause Young (Allocation Failure) 251M->251M(455M) 92.486ms
[2020-08-08T13:00:54.326+0300][313.049s][info][gc] GC(1826) Pause Young (Allocation Failure) 308M->309M(455M) 172.972ms
[2020-08-08T13:00:54.394+0300][313.117s][info][gc] GC(1827) Pause Full (Ergonomics) 309M->41M(455M) 68.208ms
[2020-08-08T13:00:54.577+0300][313.300s][info][gc] GC(1828) Pause Young (Allocation Failure) 99M->99M(455M) 171.822ms
[2020-08-08T13:00:54.858+0300][313.581s][info][gc] GC(1829) Pause Young (Allocation Failure) 156M->156M(455M) 273.058ms
[2020-08-08T13:00:54.943+0300][313.666s][info][gc] GC(1830) Pause Young (Allocation Failure) 214M->214M(455M) 75.917ms
[2020-08-08T13:00:55.248+0300][313.971s][info][gc] GC(1831) Pause Young (Allocation Failure) 270M->270M(455M) 295.625ms
[2020-08-08T13:00:55.374+0300][314.097s][info][gc] GC(1832) Pause Young (Allocation Failure) 328M->328M(455M) 115.261ms
[2020-08-08T13:00:55.503+0300][314.226s][info][gc] GC(1833) Pause Full (Ergonomics) 328M->60M(455M) 129.439ms
[2020-08-08T13:00:55.681+0300][314.404s][info][gc] GC(1834) Pause Young (Allocation Failure) 117M->117M(455M) 168.250ms
[2020-08-08T13:00:55.869+0300][314.592s][info][gc] GC(1835) Pause Young (Allocation Failure) 175M->175M(455M) 178.883ms
[2020-08-08T13:00:55.964+0300][314.687s][info][gc] GC(1836) Pause Young (Allocation Failure) 233M->233M(455M) 85.372ms
[2020-08-08T13:00:56.238+0300][314.961s][info][gc] GC(1837) Pause Young (Allocation Failure) 290M->290M(455M) 265.233ms
[2020-08-08T13:00:56.338+0300][315.061s][info][gc] GC(1838) Pause Young (Allocation Failure) 348M->348M(455M) 87.165ms
[2020-08-08T13:00:56.521+0300][315.244s][info][gc] GC(1839) Pause Full (Ergonomics) 348M->79M(455M) 182.602ms
[2020-08-08T13:00:56.729+0300][315.452s][info][gc] GC(1840) Pause Young (Allocation Failure) 136M->136M(455M) 196.589ms
[2020-08-08T13:00:56.856+0300][315.579s][info][gc] GC(1841) Pause Young (Allocation Failure) 193M->193M(455M) 116.780ms
[2020-08-08T13:00:56.967+0300][315.690s][info][gc] GC(1842) Pause Young (Allocation Failure) 251M->251M(455M) 97.626ms
[2020-08-08T13:00:57.156+0300][315.879s][info][gc] GC(1843) Pause Young (Allocation Failure) 308M->309M(455M) 180.619ms
[2020-08-08T13:00:57.226+0300][315.949s][info][gc] GC(1844) Pause Full (Ergonomics) 309M->41M(455M) 69.261ms
[2020-08-08T13:00:57.404+0300][316.127s][info][gc] GC(1845) Pause Young (Allocation Failure) 99M->99M(455M) 165.405ms
[2020-08-08T13:00:57.670+0300][316.393s][info][gc] GC(1846) Pause Young (Allocation Failure) 156M->156M(455M) 258.534ms
[2020-08-08T13:00:57.755+0300][316.478s][info][gc] GC(1847) Pause Young (Allocation Failure) 214M->214M(455M) 75.188ms
[2020-08-08T13:00:58.129+0300][316.852s][info][gc] GC(1848) Pause Young (Allocation Failure) 270M->270M(455M) 363.472ms
[2020-08-08T13:00:58.267+0300][316.990s][info][gc] GC(1849) Pause Young (Allocation Failure) 328M->328M(455M) 130.803ms
[2020-08-08T13:00:58.392+0300][317.115s][info][gc] GC(1850) Pause Full (Ergonomics) 328M->60M(455M) 124.740ms
[2020-08-08T13:00:58.605+0300][317.328s][info][gc] GC(1851) Pause Young (Allocation Failure) 117M->117M(455M) 201.405ms
[2020-08-08T13:00:58.822+0300][317.545s][info][gc] GC(1852) Pause Young (Allocation Failure) 175M->175M(455M) 209.438ms
[2020-08-08T13:00:58.918+0300][317.640s][info][gc] GC(1853) Pause Young (Allocation Failure) 233M->233M(455M) 85.910ms
[2020-08-08T13:00:59.172+0300][317.895s][info][gc] GC(1854) Pause Young (Allocation Failure) 290M->290M(455M) 246.139ms
[2020-08-08T13:00:59.259+0300][317.982s][info][gc] GC(1855) Pause Young (Allocation Failure) 348M->348M(455M) 77.382ms
[2020-08-08T13:00:59.446+0300][318.169s][info][gc] GC(1856) Pause Full (Ergonomics) 348M->80M(455M) 186.858ms
[2020-08-08T13:00:59.649+0300][318.372s][info][gc] GC(1857) Pause Young (Allocation Failure) 136M->136M(455M) 191.440ms
[2020-08-08T13:00:59.787+0300][318.510s][info][gc] GC(1858) Pause Young (Allocation Failure) 193M->193M(455M) 125.322ms
[2020-08-08T13:00:59.894+0300][318.617s][info][gc] GC(1859) Pause Young (Allocation Failure) 251M->251M(455M) 96.926ms
[2020-08-08T13:01:00.083+0300][318.805s][info][gc] GC(1860) Pause Young (Allocation Failure) 308M->309M(455M) 179.708ms
[2020-08-08T13:01:00.153+0300][318.876s][info][gc] GC(1861) Pause Full (Ergonomics) 309M->41M(455M) 70.171ms
[2020-08-08T13:01:00.330+0300][319.053s][info][gc] GC(1862) Pause Young (Allocation Failure) 99M->99M(455M) 167.236ms
[2020-08-08T13:01:00.599+0300][319.322s][info][gc] GC(1863) Pause Young (Allocation Failure) 156M->156M(455M) 259.255ms
[2020-08-08T13:01:00.686+0300][319.408s][info][gc] GC(1864) Pause Young (Allocation Failure) 214M->214M(455M) 75.787ms
[2020-08-08T13:01:00.997+0300][319.720s][info][gc] GC(1865) Pause Young (Allocation Failure) 270M->270M(455M) 301.322ms
[2020-08-08T13:01:01.103+0300][319.826s][info][gc] GC(1866) Pause Young (Allocation Failure) 328M->328M(455M) 99.431ms
[2020-08-08T13:01:01.226+0300][319.949s][info][gc] GC(1867) Pause Full (Ergonomics) 328M->60M(455M) 122.400ms
[2020-08-08T13:01:01.433+0300][320.156s][info][gc] GC(1868) Pause Young (Allocation Failure) 117M->118M(455M) 197.068ms
[2020-08-08T13:01:01.648+0300][320.371s][info][gc] GC(1869) Pause Young (Allocation Failure) 175M->175M(455M) 203.145ms
[2020-08-08T13:01:01.751+0300][320.474s][info][gc] GC(1870) Pause Young (Allocation Failure) 233M->233M(455M) 91.962ms
[2020-08-08T13:01:02.029+0300][320.752s][info][gc] GC(1871) Pause Young (Allocation Failure) 290M->290M(455M) 269.488ms
[2020-08-08T13:01:02.113+0300][320.836s][info][gc] GC(1872) Pause Young (Allocation Failure) 348M->348M(455M) 74.516ms
[2020-08-08T13:01:02.303+0300][321.026s][info][gc] GC(1873) Pause Full (Ergonomics) 348M->80M(455M) 190.438ms
[2020-08-08T13:01:02.502+0300][321.225s][info][gc] GC(1874) Pause Young (Allocation Failure) 136M->136M(455M) 187.512ms
[2020-08-08T13:01:02.653+0300][321.375s][info][gc] GC(1875) Pause Young (Allocation Failure) 193M->193M(455M) 138.348ms
[2020-08-08T13:01:02.759+0300][321.482s][info][gc] GC(1876) Pause Young (Allocation Failure) 251M->251M(455M) 95.624ms
[2020-08-08T13:01:02.992+0300][321.715s][info][gc] GC(1877) Pause Young (Allocation Failure) 308M->309M(455M) 224.757ms
[2020-08-08T13:01:03.058+0300][321.781s][info][gc] GC(1878) Pause Full (Ergonomics) 309M->41M(455M) 65.959ms
[2020-08-08T13:01:03.239+0300][321.962s][info][gc] GC(1879) Pause Young (Allocation Failure) 99M->99M(455M) 171.227ms
[2020-08-08T13:01:03.503+0300][322.226s][info][gc] GC(1880) Pause Young (Allocation Failure) 156M->156M(455M) 256.500ms
[2020-08-08T13:01:03.592+0300][322.315s][info][gc] GC(1881) Pause Young (Allocation Failure) 214M->214M(455M) 76.263ms
[2020-08-08T13:01:03.962+0300][322.685s][info][gc] GC(1882) Pause Young (Allocation Failure) 270M->270M(455M) 360.059ms
[2020-08-08T13:01:04.104+0300][322.827s][info][gc] GC(1883) Pause Young (Allocation Failure) 328M->328M(455M) 133.544ms
[2020-08-08T13:01:04.227+0300][322.950s][info][gc] GC(1884) Pause Full (Ergonomics) 328M->60M(455M) 122.687ms
[2020-08-08T13:01:04.435+0300][323.158s][info][gc] GC(1885) Pause Young (Allocation Failure) 117M->117M(455M) 195.457ms
[2020-08-08T13:01:04.665+0300][323.388s][info][gc] GC(1886) Pause Young (Allocation Failure) 175M->175M(455M) 220.374ms
[2020-08-08T13:01:04.770+0300][323.493s][info][gc] GC(1887) Pause Young (Allocation Failure) 233M->233M(455M) 91.391ms
[2020-08-08T13:01:04.998+0300][323.721s][info][gc] GC(1888) Pause Young (Allocation Failure) 290M->290M(455M) 219.556ms
[2020-08-08T13:01:05.082+0300][323.804s][info][gc] GC(1889) Pause Young (Allocation Failure) 348M->348M(455M) 74.589ms
[2020-08-08T13:01:05.271+0300][323.994s][info][gc] GC(1890) Pause Full (Ergonomics) 348M->80M(455M) 189.266ms
[2020-08-08T13:01:05.476+0300][324.199s][info][gc] GC(1891) Pause Young (Allocation Failure) 136M->136M(455M) 196.132ms
[2020-08-08T13:01:05.602+0300][324.325s][info][gc] GC(1892) Pause Young (Allocation Failure) 193M->193M(455M) 115.856ms
[2020-08-08T13:01:05.705+0300][324.428s][info][gc] GC(1893) Pause Young (Allocation Failure) 251M->251M(455M) 92.668ms
[2020-08-08T13:01:05.901+0300][324.624s][info][gc] GC(1894) Pause Young (Allocation Failure) 308M->309M(455M) 182.432ms
[2020-08-08T13:01:05.969+0300][324.692s][info][gc] GC(1895) Pause Full (Ergonomics) 309M->41M(455M) 68.556ms
[2020-08-08T13:01:06.147+0300][324.870s][info][gc] GC(1896) Pause Young (Allocation Failure) 99M->99M(455M) 166.789ms
[2020-08-08T13:01:06.422+0300][325.144s][info][gc] GC(1897) Pause Young (Allocation Failure) 156M->156M(455M) 267.344ms
[2020-08-08T13:01:06.510+0300][325.233s][info][gc] GC(1898) Pause Young (Allocation Failure) 214M->214M(455M) 76.256ms
[2020-08-08T13:01:06.863+0300][325.585s][info][gc] GC(1899) Pause Young (Allocation Failure) 270M->270M(455M) 337.854ms
[2020-08-08T13:01:06.999+0300][325.722s][info][gc] GC(1900) Pause Young (Allocation Failure) 328M->328M(455M) 122.962ms
[2020-08-08T13:01:07.125+0300][325.847s][info][gc] GC(1901) Pause Full (Ergonomics) 328M->60M(455M) 125.338ms
[2020-08-08T13:01:07.303+0300][326.026s][info][gc] GC(1902) Pause Young (Allocation Failure) 117M->117M(455M) 169.682ms
[2020-08-08T13:01:07.499+0300][326.222s][info][gc] GC(1903) Pause Young (Allocation Failure) 175M->175M(455M) 188.316ms
[2020-08-08T13:01:07.595+0300][326.318s][info][gc] GC(1904) Pause Young (Allocation Failure) 233M->233M(455M) 86.161ms
[2020-08-08T13:01:07.875+0300][326.597s][info][gc] GC(1905) Pause Young (Allocation Failure) 290M->290M(455M) 270.626ms
[2020-08-08T13:01:07.966+0300][326.688s][info][gc] GC(1906) Pause Young (Allocation Failure) 348M->348M(455M) 79.795ms
[2020-08-08T13:01:08.149+0300][326.872s][info][gc] GC(1907) Pause Full (Ergonomics) 348M->79M(455M) 183.104ms
[2020-08-08T13:01:08.344+0300][327.067s][info][gc] GC(1908) Pause Young (Allocation Failure) 136M->136M(455M) 185.381ms
[2020-08-08T13:01:08.488+0300][327.211s][info][gc] GC(1909) Pause Young (Allocation Failure) 193M->193M(455M) 136.990ms
[2020-08-08T13:01:08.592+0300][327.314s][info][gc] GC(1910) Pause Young (Allocation Failure) 251M->251M(455M) 94.457ms
[2020-08-08T13:01:08.786+0300][327.509s][info][gc] GC(1911) Pause Young (Allocation Failure) 308M->309M(455M) 185.210ms
[2020-08-08T13:01:08.859+0300][327.581s][info][gc] GC(1912) Pause Full (Ergonomics) 309M->41M(455M) 72.414ms
[2020-08-08T13:01:09.041+0300][327.764s][info][gc] GC(1913) Pause Young (Allocation Failure) 99M->99M(455M) 169.705ms
[2020-08-08T13:01:09.317+0300][328.039s][info][gc] GC(1914) Pause Young (Allocation Failure) 156M->156M(455M) 267.430ms
[2020-08-08T13:01:09.405+0300][328.127s][info][gc] GC(1915) Pause Young (Allocation Failure) 214M->214M(455M) 77.673ms
[2020-08-08T13:01:09.714+0300][328.437s][info][gc] GC(1916) Pause Young (Allocation Failure) 270M->270M(455M) 299.560ms
[2020-08-08T13:01:09.824+0300][328.546s][info][gc] GC(1917) Pause Young (Allocation Failure) 328M->328M(455M) 101.632ms
[2020-08-08T13:01:09.951+0300][328.674s][info][gc] GC(1918) Pause Full (Ergonomics) 328M->59M(455M) 127.359ms
[2020-08-08T13:01:10.135+0300][328.857s][info][gc] GC(1919) Pause Young (Allocation Failure) 117M->117M(455M) 171.039ms
[2020-08-08T13:01:10.332+0300][329.055s][info][gc] GC(1920) Pause Young (Allocation Failure) 174M->175M(455M) 189.139ms
[2020-08-08T13:01:10.429+0300][329.151s][info][gc] GC(1921) Pause Young (Allocation Failure) 232M->232M(455M) 86.539ms
[2020-08-08T13:01:10.694+0300][329.416s][info][gc] GC(1922) Pause Young (Allocation Failure) 290M->290M(455M) 255.706ms
[2020-08-08T13:01:10.790+0300][329.513s][info][gc] GC(1923) Pause Young (Allocation Failure) 347M->347M(455M) 84.534ms
[2020-08-08T13:01:10.979+0300][329.701s][info][gc] GC(1924) Pause Full (Ergonomics) 347M->80M(455M) 188.353ms
[2020-08-08T13:01:11.180+0300][329.903s][info][gc] GC(1925) Pause Young (Allocation Failure) 136M->136M(455M) 186.388ms
[2020-08-08T13:01:11.312+0300][330.035s][info][gc] GC(1926) Pause Young (Allocation Failure) 193M->193M(455M) 124.266ms
[2020-08-08T13:01:11.416+0300][330.138s][info][gc] GC(1927) Pause Young (Allocation Failure) 251M->251M(455M) 92.993ms
[2020-08-08T13:01:11.606+0300][330.328s][info][gc] GC(1928) Pause Young (Allocation Failure) 308M->309M(455M) 181.464ms
[2020-08-08T13:01:11.675+0300][330.398s][info][gc] GC(1929) Pause Full (Ergonomics) 309M->41M(455M) 69.533ms
[2020-08-08T13:01:11.857+0300][330.579s][info][gc] GC(1930) Pause Young (Allocation Failure) 99M->99M(455M) 170.823ms
[2020-08-08T13:01:12.135+0300][330.857s][info][gc] GC(1931) Pause Young (Allocation Failure) 156M->157M(455M) 270.319ms
[2020-08-08T13:01:12.229+0300][330.951s][info][gc] GC(1932) Pause Young (Allocation Failure) 214M->214M(455M) 81.484ms
[2020-08-08T13:01:12.558+0300][331.281s][info][gc] GC(1933) Pause Young (Allocation Failure) 270M->270M(455M) 319.136ms
[2020-08-08T13:01:12.678+0300][331.400s][info][gc] GC(1934) Pause Young (Allocation Failure) 328M->328M(455M) 110.824ms
[2020-08-08T13:01:12.804+0300][331.526s][info][gc] GC(1935) Pause Full (Ergonomics) 328M->59M(455M) 125.519ms
[2020-08-08T13:01:12.992+0300][331.715s][info][gc] GC(1936) Pause Young (Allocation Failure) 117M->117M(455M) 177.601ms
[2020-08-08T13:01:13.194+0300][331.917s][info][gc] GC(1937) Pause Young (Allocation Failure) 175M->175M(455M) 194.290ms
[2020-08-08T13:01:13.298+0300][332.020s][info][gc] GC(1938) Pause Young (Allocation Failure) 232M->232M(455M) 92.227ms
[2020-08-08T13:01:13.558+0300][332.281s][info][gc] GC(1939) Pause Young (Allocation Failure) 290M->290M(455M) 249.972ms
[2020-08-08T13:01:13.645+0300][332.368s][info][gc] GC(1940) Pause Young (Allocation Failure) 347M->347M(455M) 77.281ms
[2020-08-08T13:01:13.830+0300][332.552s][info][gc] GC(1941) Pause Full (Ergonomics) 347M->80M(455M) 184.288ms
[2020-08-08T13:01:14.030+0300][332.752s][info][gc] GC(1942) Pause Young (Allocation Failure) 136M->136M(455M) 189.324ms
[2020-08-08T13:01:14.166+0300][332.888s][info][gc] GC(1943) Pause Young (Allocation Failure) 193M->193M(455M) 125.623ms
[2020-08-08T13:01:14.275+0300][332.998s][info][gc] GC(1944) Pause Young (Allocation Failure) 251M->251M(455M) 96.551ms
[2020-08-08T13:01:14.471+0300][333.194s][info][gc] GC(1945) Pause Young (Allocation Failure) 308M->309M(455M) 186.878ms
[2020-08-08T13:01:14.539+0300][333.261s][info][gc] GC(1946) Pause Full (Ergonomics) 309M->41M(455M) 66.977ms
[2020-08-08T13:01:14.718+0300][333.440s][info][gc] GC(1947) Pause Young (Allocation Failure) 99M->99M(455M) 168.390ms
[2020-08-08T13:01:14.996+0300][333.719s][info][gc] GC(1948) Pause Young (Allocation Failure) 156M->156M(455M) 270.363ms
[2020-08-08T13:01:15.083+0300][333.805s][info][gc] GC(1949) Pause Young (Allocation Failure) 214M->214M(455M) 76.708ms
[2020-08-08T13:01:15.367+0300][334.089s][info][gc] GC(1950) Pause Young (Allocation Failure) 270M->270M(455M) 273.576ms
[2020-08-08T13:01:15.497+0300][334.220s][info][gc] GC(1951) Pause Young (Allocation Failure) 328M->328M(455M) 119.745ms
[2020-08-08T13:01:15.622+0300][334.345s][info][gc] GC(1952) Pause Full (Ergonomics) 328M->60M(455M) 124.957ms
[2020-08-08T13:01:15.805+0300][334.528s][info][gc] GC(1953) Pause Young (Allocation Failure) 117M->117M(455M) 171.472ms
[2020-08-08T13:01:16.010+0300][334.733s][info][gc] GC(1954) Pause Young (Allocation Failure) 175M->175M(455M) 196.862ms
[2020-08-08T13:01:16.108+0300][334.831s][info][gc] GC(1955) Pause Young (Allocation Failure) 233M->233M(455M) 88.201ms
[2020-08-08T13:01:16.374+0300][335.096s][info][gc] GC(1956) Pause Young (Allocation Failure) 290M->290M(455M) 257.683ms
[2020-08-08T13:01:16.465+0300][335.188s][info][gc] GC(1957) Pause Young (Allocation Failure) 348M->348M(455M) 78.275ms
[2020-08-08T13:01:16.649+0300][335.371s][info][gc] GC(1958) Pause Full (Ergonomics) 348M->79M(455M) 183.712ms
[2020-08-08T13:01:16.853+0300][335.575s][info][gc] GC(1959) Pause Young (Allocation Failure) 136M->136M(455M) 194.155ms
[2020-08-08T13:01:16.983+0300][335.706s][info][gc] GC(1960) Pause Young (Allocation Failure) 193M->193M(455M) 121.497ms
[2020-08-08T13:01:17.087+0300][335.809s][info][gc] GC(1961) Pause Young (Allocation Failure) 251M->251M(455M) 93.690ms
[2020-08-08T13:01:17.281+0300][336.004s][info][gc] GC(1962) Pause Young (Allocation Failure) 308M->309M(455M) 184.428ms
[2020-08-08T13:01:17.355+0300][336.077s][info][gc] GC(1963) Pause Full (Ergonomics) 309M->41M(455M) 73.534ms
[2020-08-08T13:01:17.532+0300][336.254s][info][gc] GC(1964) Pause Young (Allocation Failure) 99M->99M(455M) 163.374ms
[2020-08-08T13:01:17.808+0300][336.530s][info][gc] GC(1965) Pause Young (Allocation Failure) 156M->156M(455M) 268.085ms
[2020-08-08T13:01:17.896+0300][336.618s][info][gc] GC(1966) Pause Young (Allocation Failure) 214M->214M(455M) 77.896ms
[2020-08-08T13:01:18.183+0300][336.906s][info][gc] GC(1967) Pause Young (Allocation Failure) 270M->270M(455M) 276.894ms
[2020-08-08T13:01:18.297+0300][337.020s][info][gc] GC(1968) Pause Young (Allocation Failure) 328M->328M(455M) 105.626ms
[2020-08-08T13:01:18.423+0300][337.146s][info][gc] GC(1969) Pause Full (Ergonomics) 328M->59M(455M) 125.642ms
[2020-08-08T13:01:18.603+0300][337.325s][info][gc] GC(1970) Pause Young (Allocation Failure) 117M->117M(455M) 166.699ms
[2020-08-08T13:01:18.814+0300][337.536s][info][gc] GC(1971) Pause Young (Allocation Failure) 174M->175M(455M) 202.802ms
[2020-08-08T13:01:18.909+0300][337.631s][info][gc] GC(1972) Pause Young (Allocation Failure) 232M->232M(455M) 85.415ms
[2020-08-08T13:01:19.189+0300][337.912s][info][gc] GC(1973) Pause Young (Allocation Failure) 290M->290M(455M) 271.649ms
[2020-08-08T13:01:19.275+0300][337.997s][info][gc] GC(1974) Pause Young (Allocation Failure) 347M->347M(455M) 76.408ms
[2020-08-08T13:01:19.458+0300][338.180s][info][gc] GC(1975) Pause Full (Ergonomics) 347M->80M(455M) 182.861ms
[2020-08-08T13:01:19.665+0300][338.388s][info][gc] GC(1976) Pause Young (Allocation Failure) 136M->136M(455M) 194.011ms
[2020-08-08T13:01:19.803+0300][338.526s][info][gc] GC(1977) Pause Young (Allocation Failure) 193M->193M(455M) 128.622ms
[2020-08-08T13:01:19.908+0300][338.630s][info][gc] GC(1978) Pause Young (Allocation Failure) 251M->251M(455M) 94.140ms
[2020-08-08T13:01:20.100+0300][338.823s][info][gc] GC(1979) Pause Young (Allocation Failure) 308M->309M(455M) 183.038ms
[2020-08-08T13:01:20.172+0300][338.895s][info][gc] GC(1980) Pause Full (Ergonomics) 309M->41M(455M) 71.843ms
[2020-08-08T13:01:20.352+0300][339.075s][info][gc] GC(1981) Pause Young (Allocation Failure) 99M->99M(455M) 170.407ms
[2020-08-08T13:01:20.629+0300][339.352s][info][gc] GC(1982) Pause Young (Allocation Failure) 156M->157M(455M) 268.979ms
[2020-08-08T13:01:20.718+0300][339.441s][info][gc] GC(1983) Pause Young (Allocation Failure) 214M->214M(455M) 76.060ms
[2020-08-08T13:01:21.048+0300][339.770s][info][gc] GC(1984) Pause Young (Allocation Failure) 270M->270M(455M) 319.584ms
[2020-08-08T13:01:21.166+0300][339.889s][info][gc] GC(1985) Pause Young (Allocation Failure) 328M->328M(455M) 111.348ms
[2020-08-08T13:01:21.293+0300][340.015s][info][gc] GC(1986) Pause Full (Ergonomics) 328M->59M(455M) 126.239ms
[2020-08-08T13:01:21.476+0300][340.199s][info][gc] GC(1987) Pause Young (Allocation Failure) 117M->117M(455M) 173.195ms
[2020-08-08T13:01:21.682+0300][340.404s][info][gc] GC(1988) Pause Young (Allocation Failure) 175M->175M(455M) 195.006ms
[2020-08-08T13:01:21.784+0300][340.507s][info][gc] GC(1989) Pause Young (Allocation Failure) 232M->232M(455M) 92.319ms
[2020-08-08T13:01:22.057+0300][340.780s][info][gc] GC(1990) Pause Young (Allocation Failure) 290M->290M(455M) 264.639ms
[2020-08-08T13:01:22.144+0300][340.867s][info][gc] GC(1991) Pause Young (Allocation Failure) 347M->347M(455M) 77.093ms
[2020-08-08T13:01:22.329+0300][341.051s][info][gc] GC(1992) Pause Full (Ergonomics) 347M->80M(455M) 184.142ms
[2020-08-08T13:01:22.534+0300][341.256s][info][gc] GC(1993) Pause Young (Allocation Failure) 136M->136M(455M) 196.010ms
[2020-08-08T13:01:22.667+0300][341.390s][info][gc] GC(1994) Pause Young (Allocation Failure) 193M->193M(455M) 120.694ms
[2020-08-08T13:01:22.780+0300][341.503s][info][gc] GC(1995) Pause Young (Allocation Failure) 251M->251M(455M) 96.403ms
[2020-08-08T13:01:23.013+0300][341.735s][info][gc] GC(1996) Pause Young (Allocation Failure) 308M->309M(455M) 222.659ms
[2020-08-08T13:01:23.082+0300][341.804s][info][gc] GC(1997) Pause Full (Ergonomics) 309M->41M(455M) 69.235ms
[2020-08-08T13:01:23.265+0300][341.988s][info][gc] GC(1998) Pause Young (Allocation Failure) 99M->99M(455M) 172.646ms
[2020-08-08T13:01:23.544+0300][342.266s][info][gc] GC(1999) Pause Young (Allocation Failure) 156M->156M(455M) 269.573ms
[2020-08-08T13:01:23.656+0300][342.378s][info][gc] GC(2000) Pause Young (Allocation Failure) 214M->214M(455M) 95.006ms
[2020-08-08T13:01:23.952+0300][342.674s][info][gc] GC(2001) Pause Young (Allocation Failure) 270M->270M(455M) 284.656ms
[2020-08-08T13:01:24.066+0300][342.789s][info][gc] GC(2002) Pause Young (Allocation Failure) 328M->328M(455M) 106.761ms
[2020-08-08T13:01:24.191+0300][342.914s][info][gc] GC(2003) Pause Full (Ergonomics) 328M->59M(455M) 125.018ms
[2020-08-08T13:01:24.351+0300][343.073s][info][gc] GC(2004) Pause Young (Allocation Failure) 117M->117M(455M) 149.007ms
[2020-08-08T13:01:24.542+0300][343.264s][info][gc] GC(2005) Pause Young (Allocation Failure) 175M->175M(455M) 182.440ms
[2020-08-08T13:01:24.644+0300][343.366s][info][gc] GC(2006) Pause Young (Allocation Failure) 232M->232M(455M) 88.423ms
[2020-08-08T13:01:24.925+0300][343.647s][info][gc] GC(2007) Pause Young (Allocation Failure) 290M->290M(455M) 272.528ms
[2020-08-08T13:01:25.011+0300][343.733s][info][gc] GC(2008) Pause Young (Allocation Failure) 347M->347M(455M) 76.480ms
[2020-08-08T13:01:25.186+0300][343.908s][info][gc] GC(2009) Pause Full (Ergonomics) 347M->80M(455M) 175.038ms
[2020-08-08T13:01:25.378+0300][344.101s][info][gc] GC(2010) Pause Young (Allocation Failure) 136M->136M(455M) 182.556ms
[2020-08-08T13:01:25.496+0300][344.218s][info][gc] GC(2011) Pause Young (Allocation Failure) 193M->193M(455M) 109.396ms
[2020-08-08T13:01:25.598+0300][344.320s][info][gc] GC(2012) Pause Young (Allocation Failure) 251M->251M(455M) 93.097ms
[2020-08-08T13:01:25.789+0300][344.512s][info][gc] GC(2013) Pause Young (Allocation Failure) 308M->309M(455M) 180.349ms
[2020-08-08T13:01:25.861+0300][344.584s][info][gc] GC(2014) Pause Full (Ergonomics) 309M->41M(455M) 71.839ms
[2020-08-08T13:01:26.041+0300][344.764s][info][gc] GC(2015) Pause Young (Allocation Failure) 99M->99M(455M) 170.491ms
[2020-08-08T13:01:26.315+0300][345.037s][info][gc] GC(2016) Pause Young (Allocation Failure) 156M->156M(455M) 265.602ms
[2020-08-08T13:01:26.402+0300][345.124s][info][gc] GC(2017) Pause Young (Allocation Failure) 214M->214M(455M) 77.654ms
[2020-08-08T13:01:26.688+0300][345.410s][info][gc] GC(2018) Pause Young (Allocation Failure) 270M->270M(455M) 275.185ms
[2020-08-08T13:01:26.811+0300][345.533s][info][gc] GC(2019) Pause Young (Allocation Failure) 328M->328M(455M) 111.640ms
[2020-08-08T13:01:26.942+0300][345.664s][info][gc] GC(2020) Pause Full (Ergonomics) 328M->60M(455M) 131.055ms
[2020-08-08T13:01:27.128+0300][345.851s][info][gc] GC(2021) Pause Young (Allocation Failure) 117M->117M(455M) 176.420ms
[2020-08-08T13:01:27.323+0300][346.045s][info][gc] GC(2022) Pause Young (Allocation Failure) 175M->175M(455M) 186.774ms
[2020-08-08T13:01:27.418+0300][346.140s][info][gc] GC(2023) Pause Young (Allocation Failure) 233M->233M(455M) 85.585ms
[2020-08-08T13:01:27.684+0300][346.407s][info][gc] GC(2024) Pause Young (Allocation Failure) 290M->290M(455M) 255.024ms
[2020-08-08T13:01:27.777+0300][346.500s][info][gc] GC(2025) Pause Young (Allocation Failure) 348M->348M(455M) 79.391ms
[2020-08-08T13:01:27.958+0300][346.681s][info][gc] GC(2026) Pause Full (Ergonomics) 348M->79M(455M) 181.019ms
[2020-08-08T13:01:28.166+0300][346.888s][info][gc] GC(2027) Pause Young (Allocation Failure) 136M->136M(455M) 196.649ms
[2020-08-08T13:01:28.298+0300][347.021s][info][gc] GC(2028) Pause Young (Allocation Failure) 193M->193M(455M) 123.209ms
[2020-08-08T13:01:28.402+0300][347.125s][info][gc] GC(2029) Pause Young (Allocation Failure) 251M->251M(455M) 94.139ms
[2020-08-08T13:01:28.599+0300][347.322s][info][gc] GC(2030) Pause Young (Allocation Failure) 308M->309M(455M) 189.085ms
[2020-08-08T13:01:28.670+0300][347.392s][info][gc] GC(2031) Pause Full (Ergonomics) 309M->41M(455M) 70.511ms
[2020-08-08T13:01:28.848+0300][347.571s][info][gc] GC(2032) Pause Young (Allocation Failure) 99M->99M(455M) 164.922ms
[2020-08-08T13:01:29.128+0300][347.851s][info][gc] GC(2033) Pause Young (Allocation Failure) 156M->156M(455M) 272.190ms
[2020-08-08T13:01:29.213+0300][347.936s][info][gc] GC(2034) Pause Young (Allocation Failure) 214M->214M(455M) 75.312ms
[2020-08-08T13:01:29.563+0300][348.286s][info][gc] GC(2035) Pause Young (Allocation Failure) 270M->270M(455M) 338.569ms
[2020-08-08T13:01:29.709+0300][348.431s][info][gc] GC(2036) Pause Young (Allocation Failure) 328M->328M(455M) 137.587ms
[2020-08-08T13:01:29.834+0300][348.557s][info][gc] GC(2037) Pause Full (Ergonomics) 328M->59M(455M) 125.532ms
[2020-08-08T13:01:30.020+0300][348.743s][info][gc] GC(2038) Pause Young (Allocation Failure) 117M->117M(455M) 172.637ms
[2020-08-08T13:01:30.217+0300][348.940s][info][gc] GC(2039) Pause Young (Allocation Failure) 174M->175M(455M) 189.534ms
[2020-08-08T13:01:30.312+0300][349.035s][info][gc] GC(2040) Pause Young (Allocation Failure) 232M->232M(455M) 84.962ms
[2020-08-08T13:01:30.583+0300][349.306s][info][gc] GC(2041) Pause Young (Allocation Failure) 290M->290M(455M) 262.252ms
[2020-08-08T13:01:30.670+0300][349.392s][info][gc] GC(2042) Pause Young (Allocation Failure) 347M->347M(455M) 76.249ms
[2020-08-08T13:01:30.849+0300][349.571s][info][gc] GC(2043) Pause Full (Ergonomics) 347M->80M(455M) 179.138ms
[2020-08-08T13:01:31.055+0300][349.777s][info][gc] GC(2044) Pause Young (Allocation Failure) 136M->136M(455M) 192.714ms
[2020-08-08T13:01:31.171+0300][349.894s][info][gc] GC(2045) Pause Young (Allocation Failure) 193M->193M(455M) 108.124ms
[2020-08-08T13:01:31.274+0300][349.997s][info][gc] GC(2046) Pause Young (Allocation Failure) 251M->251M(455M) 93.200ms
[2020-08-08T13:01:31.473+0300][350.196s][info][gc] GC(2047) Pause Young (Allocation Failure) 308M->309M(455M) 190.497ms
[2020-08-08T13:01:31.544+0300][350.266s][info][gc] GC(2048) Pause Full (Ergonomics) 309M->41M(455M) 70.073ms
[2020-08-08T13:01:31.726+0300][350.449s][info][gc] GC(2049) Pause Young (Allocation Failure) 99M->99M(455M) 172.453ms
[2020-08-08T13:01:31.995+0300][350.718s][info][gc] GC(2050) Pause Young (Allocation Failure) 156M->156M(455M) 257.945ms
[2020-08-08T13:01:32.078+0300][350.801s][info][gc] GC(2051) Pause Young (Allocation Failure) 214M->214M(455M) 73.813ms
[2020-08-08T13:01:32.425+0300][351.148s][info][gc] GC(2052) Pause Young (Allocation Failure) 270M->270M(455M) 337.596ms
[2020-08-08T13:01:32.547+0300][351.269s][info][gc] GC(2053) Pause Young (Allocation Failure) 328M->328M(455M) 113.307ms
[2020-08-08T13:01:32.672+0300][351.394s][info][gc] GC(2054) Pause Full (Ergonomics) 328M->59M(455M) 125.221ms
[2020-08-08T13:01:32.849+0300][351.571s][info][gc] GC(2055) Pause Young (Allocation Failure) 117M->117M(455M) 166.197ms
[2020-08-08T13:01:33.047+0300][351.769s][info][gc] GC(2056) Pause Young (Allocation Failure) 175M->175M(455M) 186.885ms
[2020-08-08T13:01:33.143+0300][351.866s][info][gc] GC(2057) Pause Young (Allocation Failure) 232M->232M(455M) 85.981ms
[2020-08-08T13:01:33.415+0300][352.138s][info][gc] GC(2058) Pause Young (Allocation Failure) 290M->290M(455M) 264.215ms
[2020-08-08T13:01:33.501+0300][352.224s][info][gc] GC(2059) Pause Young (Allocation Failure) 347M->347M(455M) 75.547ms
[2020-08-08T13:01:33.691+0300][352.414s][info][gc] GC(2060) Pause Full (Ergonomics) 347M->80M(455M) 189.729ms
[2020-08-08T13:01:33.892+0300][352.615s][info][gc] GC(2061) Pause Young (Allocation Failure) 136M->136M(455M) 191.780ms
[2020-08-08T13:01:34.034+0300][352.757s][info][gc] GC(2062) Pause Young (Allocation Failure) 193M->193M(455M) 130.995ms
[2020-08-08T13:01:34.136+0300][352.859s][info][gc] GC(2063) Pause Young (Allocation Failure) 251M->251M(455M) 93.135ms
[2020-08-08T13:01:34.361+0300][353.084s][info][gc] GC(2064) Pause Young (Allocation Failure) 308M->309M(455M) 215.721ms
[2020-08-08T13:01:34.429+0300][353.152s][info][gc] GC(2065) Pause Full (Ergonomics) 309M->41M(455M) 68.352ms
[2020-08-08T13:01:34.608+0300][353.331s][info][gc] GC(2066) Pause Young (Allocation Failure) 99M->99M(455M) 168.099ms
[2020-08-08T13:01:34.884+0300][353.607s][info][gc] GC(2067) Pause Young (Allocation Failure) 156M->156M(455M) 268.836ms
[2020-08-08T13:01:34.977+0300][353.700s][info][gc] GC(2068) Pause Young (Allocation Failure) 214M->214M(455M) 78.394ms
[2020-08-08T13:01:35.343+0300][354.066s][info][gc] GC(2069) Pause Young (Allocation Failure) 270M->270M(455M) 355.814ms
[2020-08-08T13:01:35.489+0300][354.212s][info][gc] GC(2070) Pause Young (Allocation Failure) 328M->328M(455M) 137.939ms
[2020-08-08T13:01:35.614+0300][354.337s][info][gc] GC(2071) Pause Full (Ergonomics) 328M->59M(455M) 124.717ms
[2020-08-08T13:01:35.807+0300][354.529s][info][gc] GC(2072) Pause Young (Allocation Failure) 117M->117M(455M) 181.304ms
[2020-08-08T13:01:36.022+0300][354.745s][info][gc] GC(2073) Pause Young (Allocation Failure) 175M->175M(455M) 207.288ms
[2020-08-08T13:01:36.124+0300][354.846s][info][gc] GC(2074) Pause Young (Allocation Failure) 232M->232M(455M) 90.598ms
[2020-08-08T13:01:36.433+0300][355.156s][info][gc] GC(2075) Pause Young (Allocation Failure) 290M->290M(455M) 301.497ms
[2020-08-08T13:01:36.528+0300][355.250s][info][gc] GC(2076) Pause Young (Allocation Failure) 347M->347M(455M) 84.550ms
[2020-08-08T13:01:36.711+0300][355.434s][info][gc] GC(2077) Pause Full (Ergonomics) 347M->80M(455M) 183.079ms
[2020-08-08T13:01:36.917+0300][355.640s][info][gc] GC(2078) Pause Young (Allocation Failure) 136M->136M(455M) 195.690ms
[2020-08-08T13:01:37.063+0300][355.785s][info][gc] GC(2079) Pause Young (Allocation Failure) 193M->193M(455M) 135.677ms
[2020-08-08T13:01:37.168+0300][355.891s][info][gc] GC(2080) Pause Young (Allocation Failure) 251M->251M(455M) 93.937ms
[2020-08-08T13:01:37.372+0300][356.094s][info][gc] GC(2081) Pause Young (Allocation Failure) 308M->309M(455M) 194.592ms
[2020-08-08T13:01:37.443+0300][356.165s][info][gc] GC(2082) Pause Full (Ergonomics) 309M->41M(455M) 71.237ms
[2020-08-08T13:01:37.620+0300][356.343s][info][gc] GC(2083) Pause Young (Allocation Failure) 99M->99M(455M) 167.232ms
[2020-08-08T13:01:37.892+0300][356.615s][info][gc] GC(2084) Pause Young (Allocation Failure) 156M->156M(455M) 264.001ms
[2020-08-08T13:01:37.979+0300][356.701s][info][gc] GC(2085) Pause Young (Allocation Failure) 214M->214M(455M) 77.061ms
[2020-08-08T13:01:38.271+0300][356.993s][info][gc] GC(2086) Pause Young (Allocation Failure) 270M->270M(455M) 281.375ms
[2020-08-08T13:01:38.393+0300][357.115s][info][gc] GC(2087) Pause Young (Allocation Failure) 328M->328M(455M) 112.100ms
[2020-08-08T13:01:38.519+0300][357.241s][info][gc] GC(2088) Pause Full (Ergonomics) 328M->60M(455M) 125.955ms
[2020-08-08T13:01:38.693+0300][357.416s][info][gc] GC(2089) Pause Young (Allocation Failure) 117M->117M(455M) 162.695ms
[2020-08-08T13:01:38.890+0300][357.612s][info][gc] GC(2090) Pause Young (Allocation Failure) 175M->175M(455M) 188.083ms
[2020-08-08T13:01:38.987+0300][357.709s][info][gc] GC(2091) Pause Young (Allocation Failure) 233M->233M(455M) 87.679ms
[2020-08-08T13:01:39.269+0300][357.991s][info][gc] GC(2092) Pause Young (Allocation Failure) 290M->290M(455M) 272.906ms
[2020-08-08T13:01:39.358+0300][358.081s][info][gc] GC(2093) Pause Young (Allocation Failure) 348M->348M(455M) 77.773ms
[2020-08-08T13:01:39.543+0300][358.266s][info][gc] GC(2094) Pause Full (Ergonomics) 348M->79M(455M) 185.291ms
[2020-08-08T13:01:39.749+0300][358.472s][info][gc] GC(2095) Pause Young (Allocation Failure) 136M->136M(455M) 195.497ms
[2020-08-08T13:01:39.872+0300][358.595s][info][gc] GC(2096) Pause Young (Allocation Failure) 193M->193M(455M) 114.783ms
[2020-08-08T13:01:39.973+0300][358.696s][info][gc] GC(2097) Pause Young (Allocation Failure) 251M->251M(455M) 92.025ms
[2020-08-08T13:01:40.165+0300][358.888s][info][gc] GC(2098) Pause Young (Allocation Failure) 308M->309M(455M) 183.688ms
[2020-08-08T13:01:40.235+0300][358.958s][info][gc] GC(2099) Pause Full (Ergonomics) 309M->41M(455M) 70.195ms
[2020-08-08T13:01:40.410+0300][359.133s][info][gc] GC(2100) Pause Young (Allocation Failure) 99M->99M(455M) 162.907ms
[2020-08-08T13:01:40.692+0300][359.415s][info][gc] GC(2101) Pause Young (Allocation Failure) 156M->156M(455M) 274.770ms
[2020-08-08T13:01:40.778+0300][359.501s][info][gc] GC(2102) Pause Young (Allocation Failure) 214M->214M(455M) 74.276ms
[2020-08-08T13:01:41.093+0300][359.815s][info][gc] GC(2103) Pause Young (Allocation Failure) 270M->270M(455M) 303.756ms
[2020-08-08T13:01:41.206+0300][359.929s][info][gc] GC(2104) Pause Young (Allocation Failure) 328M->328M(455M) 105.339ms
[2020-08-08T13:01:41.330+0300][360.053s][info][gc] GC(2105) Pause Full (Ergonomics) 328M->60M(455M) 124.422ms
[2020-08-08T13:01:41.526+0300][360.248s][info][gc] GC(2106) Pause Young (Allocation Failure) 117M->117M(455M) 182.250ms
[2020-08-08T13:01:41.771+0300][360.494s][info][gc] GC(2107) Pause Young (Allocation Failure) 175M->175M(455M) 237.561ms
[2020-08-08T13:01:41.875+0300][360.597s][info][gc] GC(2108) Pause Young (Allocation Failure) 233M->233M(455M) 93.620ms
[2020-08-08T13:01:42.141+0300][360.864s][info][gc] GC(2109) Pause Young (Allocation Failure) 290M->290M(455M) 258.185ms
[2020-08-08T13:01:42.225+0300][360.948s][info][gc] GC(2110) Pause Young (Allocation Failure) 348M->348M(455M) 74.232ms
[2020-08-08T13:01:42.406+0300][361.128s][info][gc] GC(2111) Pause Full (Ergonomics) 348M->80M(455M) 180.258ms
[2020-08-08T13:01:42.592+0300][361.314s][info][gc] GC(2112) Pause Young (Allocation Failure) 136M->136M(455M) 174.806ms
[2020-08-08T13:01:42.711+0300][361.434s][info][gc] GC(2113) Pause Young (Allocation Failure) 193M->193M(455M) 111.335ms
[2020-08-08T13:01:42.816+0300][361.538s][info][gc] GC(2114) Pause Young (Allocation Failure) 251M->251M(455M) 95.052ms
[2020-08-08T13:01:43.046+0300][361.768s][info][gc] GC(2115) Pause Young (Allocation Failure) 308M->309M(455M) 220.367ms
[2020-08-08T13:01:43.117+0300][361.839s][info][gc] GC(2116) Pause Full (Ergonomics) 309M->41M(455M) 71.567ms
[2020-08-08T13:01:43.299+0300][362.021s][info][gc] GC(2117) Pause Young (Allocation Failure) 99M->99M(455M) 171.478ms
[2020-08-08T13:01:43.572+0300][362.294s][info][gc] GC(2118) Pause Young (Allocation Failure) 156M->157M(455M) 265.472ms
[2020-08-08T13:01:43.665+0300][362.387s][info][gc] GC(2119) Pause Young (Allocation Failure) 214M->214M(455M) 80.418ms
[2020-08-08T13:01:43.992+0300][362.715s][info][gc] GC(2120) Pause Young (Allocation Failure) 270M->270M(455M) 317.163ms
[2020-08-08T13:01:44.108+0300][362.830s][info][gc] GC(2121) Pause Young (Allocation Failure) 328M->328M(455M) 107.978ms
[2020-08-08T13:01:44.229+0300][362.951s][info][gc] GC(2122) Pause Full (Ergonomics) 328M->60M(455M) 121.310ms
[2020-08-08T13:01:44.426+0300][363.148s][info][gc] GC(2123) Pause Young (Allocation Failure) 117M->118M(455M) 186.042ms
[2020-08-08T13:01:44.647+0300][363.370s][info][gc] GC(2124) Pause Young (Allocation Failure) 175M->175M(455M) 213.423ms
[2020-08-08T13:01:44.757+0300][363.479s][info][gc] GC(2125) Pause Young (Allocation Failure) 233M->233M(455M) 93.785ms
[2020-08-08T13:01:45.002+0300][363.725s][info][gc] GC(2126) Pause Young (Allocation Failure) 290M->290M(455M) 237.503ms
[2020-08-08T13:01:45.088+0300][363.810s][info][gc] GC(2127) Pause Young (Allocation Failure) 348M->348M(455M) 75.494ms
[2020-08-08T13:01:45.271+0300][363.993s][info][gc] GC(2128) Pause Full (Ergonomics) 348M->80M(455M) 182.916ms
[2020-08-08T13:01:45.474+0300][364.197s][info][gc] GC(2129) Pause Young (Allocation Failure) 136M->136M(455M) 193.907ms
[2020-08-08T13:01:45.612+0300][364.336s][info][gc] GC(2130) Pause Young (Allocation Failure) 193M->193M(455M) 128.769ms
[2020-08-08T13:01:45.723+0300][364.446s][info][gc] GC(2131) Pause Young (Allocation Failure) 251M->251M(455M) 96.143ms
[2020-08-08T13:01:45.924+0300][364.647s][info][gc] GC(2132) Pause Young (Allocation Failure) 308M->309M(455M) 187.927ms
[2020-08-08T13:01:45.994+0300][364.717s][info][gc] GC(2133) Pause Full (Ergonomics) 309M->41M(455M) 69.855ms
[2020-08-08T13:01:46.174+0300][364.897s][info][gc] GC(2134) Pause Young (Allocation Failure) 99M->99M(455M) 170.934ms
[2020-08-08T13:01:46.449+0300][365.172s][info][gc] GC(2135) Pause Young (Allocation Failure) 156M->156M(455M) 267.882ms
[2020-08-08T13:01:46.536+0300][365.259s][info][gc] GC(2136) Pause Young (Allocation Failure) 214M->214M(455M) 77.252ms
[2020-08-08T13:01:46.884+0300][365.607s][info][gc] GC(2137) Pause Young (Allocation Failure) 270M->270M(455M) 337.755ms
[2020-08-08T13:01:47.038+0300][365.761s][info][gc] GC(2138) Pause Young (Allocation Failure) 328M->328M(455M) 142.639ms
[2020-08-08T13:01:47.163+0300][365.886s][info][gc] GC(2139) Pause Full (Ergonomics) 328M->60M(455M) 125.486ms
[2020-08-08T13:01:47.349+0300][366.071s][info][gc] GC(2140) Pause Young (Allocation Failure) 117M->117M(455M) 173.812ms
[2020-08-08T13:01:47.548+0300][366.270s][info][gc] GC(2141) Pause Young (Allocation Failure) 175M->175M(455M) 190.702ms
[2020-08-08T13:01:47.646+0300][366.368s][info][gc] GC(2142) Pause Young (Allocation Failure) 233M->233M(455M) 88.417ms
[2020-08-08T13:01:47.911+0300][366.633s][info][gc] GC(2143) Pause Young (Allocation Failure) 290M->290M(455M) 256.550ms
[2020-08-08T13:01:48.002+0300][366.725s][info][gc] GC(2144) Pause Young (Allocation Failure) 348M->348M(455M) 78.352ms
[2020-08-08T13:01:48.189+0300][366.912s][info][gc] GC(2145) Pause Full (Ergonomics) 348M->79M(455M) 186.813ms
[2020-08-08T13:01:48.383+0300][367.106s][info][gc] GC(2146) Pause Young (Allocation Failure) 136M->136M(455M) 184.111ms
[2020-08-08T13:01:48.511+0300][367.233s][info][gc] GC(2147) Pause Young (Allocation Failure) 193M->193M(455M) 119.387ms
[2020-08-08T13:01:48.614+0300][367.337s][info][gc] GC(2148) Pause Young (Allocation Failure) 251M->251M(455M) 94.158ms
[2020-08-08T13:01:48.806+0300][367.528s][info][gc] GC(2149) Pause Young (Allocation Failure) 308M->309M(455M) 182.762ms
[2020-08-08T13:01:48.873+0300][367.595s][info][gc] GC(2150) Pause Full (Ergonomics) 309M->41M(455M) 66.924ms
[2020-08-08T13:01:49.055+0300][367.777s][info][gc] GC(2151) Pause Young (Allocation Failure) 99M->99M(455M) 170.463ms
[2020-08-08T13:01:49.332+0300][368.055s][info][gc] GC(2152) Pause Young (Allocation Failure) 156M->156M(455M) 269.711ms
[2020-08-08T13:01:49.421+0300][368.144s][info][gc] GC(2153) Pause Young (Allocation Failure) 214M->214M(455M) 79.384ms
[2020-08-08T13:01:49.712+0300][368.435s][info][gc] GC(2154) Pause Young (Allocation Failure) 270M->270M(455M) 281.395ms
[2020-08-08T13:01:49.823+0300][368.545s][info][gc] GC(2155) Pause Young (Allocation Failure) 328M->328M(455M) 102.862ms
[2020-08-08T13:01:49.950+0300][368.672s][info][gc] GC(2156) Pause Full (Ergonomics) 328M->59M(455M) 126.937ms
[2020-08-08T13:01:50.137+0300][368.859s][info][gc] GC(2157) Pause Young (Allocation Failure) 117M->117M(455M) 174.170ms
[2020-08-08T13:01:50.331+0300][369.053s][info][gc] GC(2158) Pause Young (Allocation Failure) 174M->175M(455M) 186.219ms
[2020-08-08T13:01:50.425+0300][369.147s][info][gc] GC(2159) Pause Young (Allocation Failure) 232M->232M(455M) 84.624ms
[2020-08-08T13:01:50.682+0300][369.405s][info][gc] GC(2160) Pause Young (Allocation Failure) 290M->290M(455M) 249.767ms
[2020-08-08T13:01:50.772+0300][369.494s][info][gc] GC(2161) Pause Young (Allocation Failure) 347M->347M(455M) 76.603ms
[2020-08-08T13:01:50.960+0300][369.682s][info][gc] GC(2162) Pause Full (Ergonomics) 347M->79M(455M) 187.792ms
[2020-08-08T13:01:51.169+0300][369.892s][info][gc] GC(2163) Pause Young (Allocation Failure) 136M->136M(455M) 196.567ms
[2020-08-08T13:01:51.305+0300][370.028s][info][gc] GC(2164) Pause Young (Allocation Failure) 193M->193M(455M) 127.213ms
[2020-08-08T13:01:51.407+0300][370.130s][info][gc] GC(2165) Pause Young (Allocation Failure) 251M->251M(455M) 92.159ms
[2020-08-08T13:01:51.604+0300][370.327s][info][gc] GC(2166) Pause Young (Allocation Failure) 308M->309M(455M) 187.364ms
[2020-08-08T13:01:51.679+0300][370.401s][info][gc] GC(2167) Pause Full (Ergonomics) 309M->41M(455M) 74.197ms
[2020-08-08T13:01:51.859+0300][370.582s][info][gc] GC(2168) Pause Young (Allocation Failure) 99M->99M(455M) 169.635ms
[2020-08-08T13:01:52.133+0300][370.856s][info][gc] GC(2169) Pause Young (Allocation Failure) 156M->157M(455M) 266.547ms
[2020-08-08T13:01:52.223+0300][370.945s][info][gc] GC(2170) Pause Young (Allocation Failure) 214M->214M(455M) 77.088ms
[2020-08-08T13:01:52.541+0300][371.264s][info][gc] GC(2171) Pause Young (Allocation Failure) 270M->270M(455M) 308.141ms
[2020-08-08T13:01:52.664+0300][371.387s][info][gc] GC(2172) Pause Young (Allocation Failure) 328M->328M(455M) 114.648ms
[2020-08-08T13:01:52.788+0300][371.511s][info][gc] GC(2173) Pause Full (Ergonomics) 328M->60M(455M) 123.824ms
[2020-08-08T13:01:52.997+0300][371.720s][info][gc] GC(2174) Pause Young (Allocation Failure) 117M->118M(455M) 198.446ms
[2020-08-08T13:01:53.232+0300][371.955s][info][gc] GC(2175) Pause Young (Allocation Failure) 175M->175M(455M) 226.224ms
[2020-08-08T13:01:53.334+0300][372.057s][info][gc] GC(2176) Pause Young (Allocation Failure) 233M->233M(455M) 89.937ms
[2020-08-08T13:01:53.595+0300][372.318s][info][gc] GC(2177) Pause Young (Allocation Failure) 290M->290M(455M) 252.298ms
[2020-08-08T13:01:53.679+0300][372.402s][info][gc] GC(2178) Pause Young (Allocation Failure) 348M->348M(455M) 73.836ms
[2020-08-08T13:01:53.863+0300][372.586s][info][gc] GC(2179) Pause Full (Ergonomics) 348M->80M(455M) 184.002ms
[2020-08-08T13:01:54.060+0300][372.783s][info][gc] GC(2180) Pause Young (Allocation Failure) 136M->136M(455M) 187.358ms
[2020-08-08T13:01:54.207+0300][372.930s][info][gc] GC(2181) Pause Young (Allocation Failure) 193M->193M(455M) 138.441ms
[2020-08-08T13:01:54.314+0300][373.037s][info][gc] GC(2182) Pause Young (Allocation Failure) 251M->251M(455M) 94.340ms
[2020-08-08T13:01:54.514+0300][373.237s][info][gc] GC(2183) Pause Young (Allocation Failure) 308M->309M(455M) 189.837ms
[2020-08-08T13:01:54.584+0300][373.307s][info][gc] GC(2184) Pause Full (Ergonomics) 309M->41M(455M) 70.380ms
[2020-08-08T13:01:54.766+0300][373.489s][info][gc] GC(2185) Pause Young (Allocation Failure) 99M->99M(455M) 171.202ms
[2020-08-08T13:01:55.034+0300][373.756s][info][gc] GC(2186) Pause Young (Allocation Failure) 156M->156M(455M) 259.384ms
[2020-08-08T13:01:55.119+0300][373.842s][info][gc] GC(2187) Pause Young (Allocation Failure) 214M->214M(455M) 75.958ms
[2020-08-08T13:01:55.411+0300][374.134s][info][gc] GC(2188) Pause Young (Allocation Failure) 270M->270M(455M) 282.034ms
[2020-08-08T13:01:55.526+0300][374.249s][info][gc] GC(2189) Pause Young (Allocation Failure) 328M->328M(455M) 104.036ms
[2020-08-08T13:01:55.648+0300][374.371s][info][gc] GC(2190) Pause Full (Ergonomics) 328M->60M(455M) 121.372ms
[2020-08-08T13:01:55.829+0300][374.552s][info][gc] GC(2191) Pause Young (Allocation Failure) 117M->117M(455M) 171.009ms
[2020-08-08T13:01:56.014+0300][374.737s][info][gc] GC(2192) Pause Young (Allocation Failure) 175M->175M(455M) 177.864ms
[2020-08-08T13:01:56.108+0300][374.831s][info][gc] GC(2193) Pause Young (Allocation Failure) 233M->233M(455M) 84.435ms
[2020-08-08T13:01:56.374+0300][375.097s][info][gc] GC(2194) Pause Young (Allocation Failure) 290M->290M(455M) 257.784ms
[2020-08-08T13:01:56.465+0300][375.187s][info][gc] GC(2195) Pause Young (Allocation Failure) 348M->348M(455M) 77.578ms
[2020-08-08T13:01:56.645+0300][375.367s][info][gc] GC(2196) Pause Full (Ergonomics) 348M->79M(455M) 179.741ms
[2020-08-08T13:01:56.850+0300][375.572s][info][gc] GC(2197) Pause Young (Allocation Failure) 136M->136M(455M) 195.490ms
[2020-08-08T13:01:56.984+0300][375.706s][info][gc] GC(2198) Pause Young (Allocation Failure) 193M->193M(455M) 125.772ms
[2020-08-08T13:01:57.086+0300][375.809s][info][gc] GC(2199) Pause Young (Allocation Failure) 251M->251M(455M) 92.880ms
[2020-08-08T13:01:57.273+0300][375.996s][info][gc] GC(2200) Pause Young (Allocation Failure) 308M->309M(455M) 178.359ms
[2020-08-08T13:01:57.344+0300][376.066s][info][gc] GC(2201) Pause Full (Ergonomics) 309M->41M(455M) 70.280ms
[2020-08-08T13:01:57.526+0300][376.249s][info][gc] GC(2202) Pause Young (Allocation Failure) 99M->99M(455M) 171.210ms
[2020-08-08T13:01:57.790+0300][376.513s][info][gc] GC(2203) Pause Young (Allocation Failure) 156M->156M(455M) 254.635ms
[2020-08-08T13:01:57.877+0300][376.599s][info][gc] GC(2204) Pause Young (Allocation Failure) 214M->214M(455M) 76.338ms
[2020-08-08T13:01:58.258+0300][376.980s][info][gc] GC(2205) Pause Young (Allocation Failure) 270M->270M(455M) 371.223ms
[2020-08-08T13:01:58.398+0300][377.121s][info][gc] GC(2206) Pause Young (Allocation Failure) 328M->328M(455M) 132.544ms
[2020-08-08T13:01:58.525+0300][377.248s][info][gc] GC(2207) Pause Full (Ergonomics) 328M->60M(455M) 127.191ms
[2020-08-08T13:01:58.732+0300][377.454s][info][gc] GC(2208) Pause Young (Allocation Failure) 117M->117M(455M) 193.625ms
[2020-08-08T13:01:58.961+0300][377.684s][info][gc] GC(2209) Pause Young (Allocation Failure) 175M->175M(455M) 219.854ms
[2020-08-08T13:01:59.058+0300][377.781s][info][gc] GC(2210) Pause Young (Allocation Failure) 233M->233M(455M) 87.051ms
[2020-08-08T13:01:59.305+0300][378.028s][info][gc] GC(2211) Pause Young (Allocation Failure) 290M->290M(455M) 238.473ms
[2020-08-08T13:01:59.390+0300][378.113s][info][gc] GC(2212) Pause Young (Allocation Failure) 348M->348M(455M) 74.256ms
[2020-08-08T13:01:59.575+0300][378.298s][info][gc] GC(2213) Pause Full (Ergonomics) 348M->80M(455M) 185.410ms
[2020-08-08T13:01:59.772+0300][378.495s][info][gc] GC(2214) Pause Young (Allocation Failure) 136M->136M(455M) 184.220ms
[2020-08-08T13:01:59.900+0300][378.623s][info][gc] GC(2215) Pause Young (Allocation Failure) 193M->193M(455M) 118.836ms
[2020-08-08T13:02:00.002+0300][378.725s][info][gc] GC(2216) Pause Young (Allocation Failure) 251M->251M(455M) 92.891ms
[2020-08-08T13:02:00.206+0300][378.929s][info][gc] GC(2217) Pause Young (Allocation Failure) 308M->309M(455M) 193.659ms
[2020-08-08T13:02:00.276+0300][378.999s][info][gc] GC(2218) Pause Full (Ergonomics) 309M->41M(455M) 69.888ms
[2020-08-08T13:02:00.456+0300][379.179s][info][gc] GC(2219) Pause Young (Allocation Failure) 99M->99M(455M) 170.534ms
[2020-08-08T13:02:00.724+0300][379.447s][info][gc] GC(2220) Pause Young (Allocation Failure) 156M->157M(455M) 260.817ms
[2020-08-08T13:02:00.815+0300][379.538s][info][gc] GC(2221) Pause Young (Allocation Failure) 214M->214M(455M) 76.907ms
[2020-08-08T13:02:01.141+0300][379.864s][info][gc] GC(2222) Pause Young (Allocation Failure) 270M->270M(455M) 315.399ms
[2020-08-08T13:02:01.252+0300][379.975s][info][gc] GC(2223) Pause Young (Allocation Failure) 328M->328M(455M) 102.565ms
[2020-08-08T13:02:01.375+0300][380.098s][info][gc] GC(2224) Pause Full (Ergonomics) 328M->60M(455M) 123.525ms
[2020-08-08T13:02:01.574+0300][380.297s][info][gc] GC(2225) Pause Young (Allocation Failure) 117M->117M(455M) 188.221ms
[2020-08-08T13:02:01.792+0300][380.515s][info][gc] GC(2226) Pause Young (Allocation Failure) 175M->175M(455M) 206.632ms
[2020-08-08T13:02:01.889+0300][380.612s][info][gc] GC(2227) Pause Young (Allocation Failure) 233M->233M(455M) 87.201ms
[2020-08-08T13:02:02.169+0300][380.892s][info][gc] GC(2228) Pause Young (Allocation Failure) 290M->290M(455M) 271.377ms
[2020-08-08T13:02:02.255+0300][380.978s][info][gc] GC(2229) Pause Young (Allocation Failure) 348M->348M(455M) 76.217ms
[2020-08-08T13:02:02.444+0300][381.167s][info][gc] GC(2230) Pause Full (Ergonomics) 348M->80M(455M) 188.524ms
[2020-08-08T13:02:02.652+0300][381.375s][info][gc] GC(2231) Pause Young (Allocation Failure) 136M->136M(455M) 198.543ms
[2020-08-08T13:02:02.788+0300][381.511s][info][gc] GC(2232) Pause Young (Allocation Failure) 193M->193M(455M) 123.942ms
[2020-08-08T13:02:02.892+0300][381.614s][info][gc] GC(2233) Pause Young (Allocation Failure) 251M->251M(455M) 94.311ms
[2020-08-08T13:02:03.103+0300][381.825s][info][gc] GC(2234) Pause Young (Allocation Failure) 308M->309M(455M) 202.611ms
[2020-08-08T13:02:03.173+0300][381.896s][info][gc] GC(2235) Pause Full (Ergonomics) 309M->41M(455M) 70.118ms
[2020-08-08T13:02:03.355+0300][382.078s][info][gc] GC(2236) Pause Young (Allocation Failure) 99M->99M(455M) 172.804ms
[2020-08-08T13:02:03.630+0300][382.352s][info][gc] GC(2237) Pause Young (Allocation Failure) 156M->156M(455M) 267.210ms
[2020-08-08T13:02:03.718+0300][382.441s][info][gc] GC(2238) Pause Young (Allocation Failure) 214M->214M(455M) 77.158ms
[2020-08-08T13:02:04.079+0300][382.802s][info][gc] GC(2239) Pause Young (Allocation Failure) 270M->270M(455M) 348.183ms
[2020-08-08T13:02:04.220+0300][382.943s][info][gc] GC(2240) Pause Young (Allocation Failure) 328M->328M(455M) 134.205ms
[2020-08-08T13:02:04.346+0300][383.069s][info][gc] GC(2241) Pause Full (Ergonomics) 328M->60M(455M) 125.826ms
[2020-08-08T13:02:04.538+0300][383.261s][info][gc] GC(2242) Pause Young (Allocation Failure) 117M->118M(455M) 180.704ms
[2020-08-08T13:02:04.751+0300][383.474s][info][gc] GC(2243) Pause Young (Allocation Failure) 175M->175M(455M) 203.828ms
[2020-08-08T13:02:04.851+0300][383.574s][info][gc] GC(2244) Pause Young (Allocation Failure) 233M->233M(455M) 87.582ms
[2020-08-08T13:02:05.108+0300][383.831s][info][gc] GC(2245) Pause Young (Allocation Failure) 290M->290M(455M) 248.305ms
[2020-08-08T13:02:05.192+0300][383.915s][info][gc] GC(2246) Pause Young (Allocation Failure) 348M->348M(455M) 74.117ms
[2020-08-08T13:02:05.371+0300][384.094s][info][gc] GC(2247) Pause Full (Ergonomics) 348M->80M(455M) 179.396ms
[2020-08-08T13:02:05.577+0300][384.300s][info][gc] GC(2248) Pause Young (Allocation Failure) 136M->136M(455M) 195.869ms
[2020-08-08T13:02:05.716+0300][384.439s][info][gc] GC(2249) Pause Young (Allocation Failure) 193M->193M(455M) 128.767ms
[2020-08-08T13:02:05.824+0300][384.547s][info][gc] GC(2250) Pause Young (Allocation Failure) 251M->251M(455M) 94.882ms
[2020-08-08T13:02:06.032+0300][384.755s][info][gc] GC(2251) Pause Young (Allocation Failure) 308M->309M(455M) 199.076ms
[2020-08-08T13:02:06.106+0300][384.829s][info][gc] GC(2252) Pause Full (Ergonomics) 309M->41M(455M) 74.188ms
[2020-08-08T13:02:06.289+0300][385.012s][info][gc] GC(2253) Pause Young (Allocation Failure) 99M->99M(455M) 173.117ms
[2020-08-08T13:02:06.571+0300][385.294s][info][gc] GC(2254) Pause Young (Allocation Failure) 156M->156M(455M) 273.281ms
[2020-08-08T13:02:06.658+0300][385.381s][info][gc] GC(2255) Pause Young (Allocation Failure) 214M->214M(455M) 77.857ms
[2020-08-08T13:02:06.945+0300][385.668s][info][gc] GC(2256) Pause Young (Allocation Failure) 270M->270M(455M) 277.369ms
[2020-08-08T13:02:07.073+0300][385.796s][info][gc] GC(2257) Pause Young (Allocation Failure) 328M->328M(455M) 117.948ms
[2020-08-08T13:02:07.199+0300][385.922s][info][gc] GC(2258) Pause Full (Ergonomics) 328M->60M(455M) 126.251ms
[2020-08-08T13:02:07.378+0300][386.101s][info][gc] GC(2259) Pause Young (Allocation Failure) 117M->117M(455M) 169.006ms
[2020-08-08T13:02:07.575+0300][386.298s][info][gc] GC(2260) Pause Young (Allocation Failure) 175M->175M(455M) 189.207ms
[2020-08-08T13:02:07.670+0300][386.393s][info][gc] GC(2261) Pause Young (Allocation Failure) 233M->233M(455M) 85.582ms
[2020-08-08T13:02:07.949+0300][386.671s][info][gc] GC(2262) Pause Young (Allocation Failure) 290M->290M(455M) 270.149ms
[2020-08-08T13:02:08.037+0300][386.759s][info][gc] GC(2263) Pause Young (Allocation Failure) 348M->348M(455M) 76.237ms
[2020-08-08T13:02:08.214+0300][386.937s][info][gc] GC(2264) Pause Full (Ergonomics) 348M->79M(455M) 176.978ms
[2020-08-08T13:02:08.421+0300][387.144s][info][gc] GC(2265) Pause Young (Allocation Failure) 136M->136M(455M) 197.103ms
[2020-08-08T13:02:08.544+0300][387.266s][info][gc] GC(2266) Pause Young (Allocation Failure) 193M->193M(455M) 114.515ms
[2020-08-08T13:02:08.646+0300][387.369s][info][gc] GC(2267) Pause Young (Allocation Failure) 251M->251M(455M) 92.804ms
[2020-08-08T13:02:08.848+0300][387.571s][info][gc] GC(2268) Pause Young (Allocation Failure) 308M->309M(455M) 192.580ms
[2020-08-08T13:02:08.918+0300][387.641s][info][gc] GC(2269) Pause Full (Ergonomics) 309M->41M(455M) 69.263ms
[2020-08-08T13:02:09.097+0300][387.820s][info][gc] GC(2270) Pause Young (Allocation Failure) 99M->99M(455M) 165.427ms
[2020-08-08T13:02:09.378+0300][388.101s][info][gc] GC(2271) Pause Young (Allocation Failure) 156M->156M(455M) 272.949ms
[2020-08-08T13:02:09.464+0300][388.187s][info][gc] GC(2272) Pause Young (Allocation Failure) 214M->214M(455M) 75.841ms
[2020-08-08T13:02:09.748+0300][388.470s][info][gc] GC(2273) Pause Young (Allocation Failure) 270M->270M(455M) 273.554ms
[2020-08-08T13:02:09.857+0300][388.579s][info][gc] GC(2274) Pause Young (Allocation Failure) 328M->328M(455M) 101.206ms
[2020-08-08T13:02:09.984+0300][388.707s][info][gc] GC(2275) Pause Full (Ergonomics) 328M->59M(455M) 127.557ms
[2020-08-08T13:02:10.165+0300][388.888s][info][gc] GC(2276) Pause Young (Allocation Failure) 117M->117M(455M) 168.156ms
[2020-08-08T13:02:10.371+0300][389.094s][info][gc] GC(2277) Pause Young (Allocation Failure) 174M->175M(455M) 197.599ms
[2020-08-08T13:02:10.465+0300][389.188s][info][gc] GC(2278) Pause Young (Allocation Failure) 232M->232M(455M) 84.674ms
[2020-08-08T13:02:10.739+0300][389.462s][info][gc] GC(2279) Pause Young (Allocation Failure) 290M->290M(455M) 264.754ms
[2020-08-08T13:02:10.828+0300][389.550s][info][gc] GC(2280) Pause Young (Allocation Failure) 347M->347M(455M) 78.447ms
[2020-08-08T13:02:11.009+0300][389.731s][info][gc] GC(2281) Pause Full (Ergonomics) 347M->80M(455M) 181.002ms
[2020-08-08T13:02:11.207+0300][389.930s][info][gc] GC(2282) Pause Young (Allocation Failure) 136M->136M(455M) 185.860ms
[2020-08-08T13:02:11.322+0300][390.045s][info][gc] GC(2283) Pause Young (Allocation Failure) 193M->193M(455M) 106.968ms
[2020-08-08T13:02:11.424+0300][390.146s][info][gc] GC(2284) Pause Young (Allocation Failure) 251M->251M(455M) 92.279ms
[2020-08-08T13:02:11.617+0300][390.340s][info][gc] GC(2285) Pause Young (Allocation Failure) 308M->309M(455M) 184.084ms
[2020-08-08T13:02:11.686+0300][390.409s][info][gc] GC(2286) Pause Full (Ergonomics) 309M->41M(455M) 68.964ms
[2020-08-08T13:02:11.867+0300][390.590s][info][gc] GC(2287) Pause Young (Allocation Failure) 99M->99M(455M) 170.725ms
[2020-08-08T13:02:12.144+0300][390.867s][info][gc] GC(2288) Pause Young (Allocation Failure) 156M->157M(455M) 269.806ms
[2020-08-08T13:02:12.232+0300][390.955s][info][gc] GC(2289) Pause Young (Allocation Failure) 214M->214M(455M) 75.495ms
[2020-08-08T13:02:12.560+0300][391.283s][info][gc] GC(2290) Pause Young (Allocation Failure) 270M->270M(455M) 318.282ms
[2020-08-08T13:02:12.674+0300][391.397s][info][gc] GC(2291) Pause Young (Allocation Failure) 328M->328M(455M) 105.753ms
[2020-08-08T13:02:12.798+0300][391.521s][info][gc] GC(2292) Pause Full (Ergonomics) 328M->60M(455M) 123.844ms
[2020-08-08T13:02:13.006+0300][391.729s][info][gc] GC(2293) Pause Young (Allocation Failure) 117M->117M(455M) 198.236ms
[2020-08-08T13:02:13.239+0300][391.962s][info][gc] GC(2294) Pause Young (Allocation Failure) 175M->175M(455M) 225.409ms
[2020-08-08T13:02:13.339+0300][392.062s][info][gc] GC(2295) Pause Young (Allocation Failure) 233M->233M(455M) 89.244ms
[2020-08-08T13:02:13.599+0300][392.322s][info][gc] GC(2296) Pause Young (Allocation Failure) 290M->290M(455M) 251.400ms
[2020-08-08T13:02:13.685+0300][392.408s][info][gc] GC(2297) Pause Young (Allocation Failure) 348M->348M(455M) 75.229ms
[2020-08-08T13:02:13.871+0300][392.594s][info][gc] GC(2298) Pause Full (Ergonomics) 348M->80M(455M) 185.529ms
[2020-08-08T13:02:14.075+0300][392.798s][info][gc] GC(2299) Pause Young (Allocation Failure) 136M->136M(455M) 195.167ms
[2020-08-08T13:02:14.197+0300][392.920s][info][gc] GC(2300) Pause Young (Allocation Failure) 193M->193M(455M) 113.035ms
[2020-08-08T13:02:14.302+0300][393.025s][info][gc] GC(2301) Pause Young (Allocation Failure) 251M->251M(455M) 93.491ms
[2020-08-08T13:02:14.502+0300][393.225s][info][gc] GC(2302) Pause Young (Allocation Failure) 308M->309M(455M) 190.476ms
[2020-08-08T13:02:14.572+0300][393.295s][info][gc] GC(2303) Pause Full (Ergonomics) 309M->41M(455M) 69.839ms
[2020-08-08T13:02:14.756+0300][393.479s][info][gc] GC(2304) Pause Young (Allocation Failure) 99M->99M(455M) 172.685ms
[2020-08-08T13:02:15.033+0300][393.756s][info][gc] GC(2305) Pause Young (Allocation Failure) 156M->156M(455M) 269.157ms
[2020-08-08T13:02:15.118+0300][393.841s][info][gc] GC(2306) Pause Young (Allocation Failure) 214M->214M(455M) 75.905ms
[2020-08-08T13:02:15.493+0300][394.215s][info][gc] GC(2307) Pause Young (Allocation Failure) 270M->270M(455M) 364.892ms
[2020-08-08T13:02:15.649+0300][394.372s][info][gc] GC(2308) Pause Young (Allocation Failure) 328M->328M(455M) 146.612ms
[2020-08-08T13:02:15.776+0300][394.499s][info][gc] GC(2309) Pause Full (Ergonomics) 328M->60M(455M) 127.215ms
[2020-08-08T13:02:15.956+0300][394.679s][info][gc] GC(2310) Pause Young (Allocation Failure) 117M->117M(455M) 170.213ms
[2020-08-08T13:02:16.155+0300][394.878s][info][gc] GC(2311) Pause Young (Allocation Failure) 175M->175M(455M) 191.027ms
[2020-08-08T13:02:16.248+0300][394.971s][info][gc] GC(2312) Pause Young (Allocation Failure) 233M->233M(455M) 84.583ms
[2020-08-08T13:02:16.506+0300][395.228s][info][gc] GC(2313) Pause Young (Allocation Failure) 290M->290M(455M) 248.227ms
[2020-08-08T13:02:16.599+0300][395.322s][info][gc] GC(2314) Pause Young (Allocation Failure) 348M->348M(455M) 79.981ms
[2020-08-08T13:02:16.790+0300][395.513s][info][gc] GC(2315) Pause Full (Ergonomics) 348M->79M(455M) 190.435ms
[2020-08-08T13:02:16.995+0300][395.718s][info][gc] GC(2316) Pause Young (Allocation Failure) 136M->136M(455M) 194.616ms
[2020-08-08T13:02:17.140+0300][395.863s][info][gc] GC(2317) Pause Young (Allocation Failure) 193M->193M(455M) 134.870ms
[2020-08-08T13:02:17.242+0300][395.965s][info][gc] GC(2318) Pause Young (Allocation Failure) 251M->251M(455M) 92.751ms
[2020-08-08T13:02:17.438+0300][396.161s][info][gc] GC(2319) Pause Young (Allocation Failure) 308M->309M(455M) 187.492ms
[2020-08-08T13:02:17.506+0300][396.229s][info][gc] GC(2320) Pause Full (Ergonomics) 309M->41M(455M) 68.007ms
[2020-08-08T13:02:17.683+0300][396.406s][info][gc] GC(2321) Pause Young (Allocation Failure) 99M->99M(455M) 163.895ms
[2020-08-08T13:02:17.965+0300][396.688s][info][gc] GC(2322) Pause Young (Allocation Failure) 156M->156M(455M) 274.871ms
[2020-08-08T13:02:18.054+0300][396.777s][info][gc] GC(2323) Pause Young (Allocation Failure) 214M->214M(455M) 78.616ms
[2020-08-08T13:02:18.362+0300][397.085s][info][gc] GC(2324) Pause Young (Allocation Failure) 270M->270M(455M) 298.430ms
[2020-08-08T13:02:18.471+0300][397.194s][info][gc] GC(2325) Pause Young (Allocation Failure) 328M->328M(455M) 99.678ms
[2020-08-08T13:02:18.596+0300][397.319s][info][gc] GC(2326) Pause Full (Ergonomics) 328M->60M(455M) 125.010ms
[2020-08-08T13:02:18.806+0300][397.529s][info][gc] GC(2327) Pause Young (Allocation Failure) 117M->117M(455M) 196.586ms
[2020-08-08T13:02:19.040+0300][397.763s][info][gc] GC(2328) Pause Young (Allocation Failure) 175M->175M(455M) 226.537ms
[2020-08-08T13:02:19.137+0300][397.860s][info][gc] GC(2329) Pause Young (Allocation Failure) 233M->233M(455M) 86.894ms
[2020-08-08T13:02:19.417+0300][398.140s][info][gc] GC(2330) Pause Young (Allocation Failure) 290M->290M(455M) 272.424ms
[2020-08-08T13:02:19.506+0300][398.229s][info][gc] GC(2331) Pause Young (Allocation Failure) 348M->348M(455M) 78.086ms
[2020-08-08T13:02:19.684+0300][398.407s][info][gc] GC(2332) Pause Full (Ergonomics) 348M->80M(455M) 178.019ms
[2020-08-08T13:02:19.893+0300][398.616s][info][gc] GC(2333) Pause Young (Allocation Failure) 136M->136M(455M) 194.969ms
[2020-08-08T13:02:20.036+0300][398.759s][info][gc] GC(2334) Pause Young (Allocation Failure) 193M->193M(455M) 135.395ms
[2020-08-08T13:02:20.142+0300][398.865s][info][gc] GC(2335) Pause Young (Allocation Failure) 251M->251M(455M) 95.585ms
[2020-08-08T13:02:20.336+0300][399.058s][info][gc] GC(2336) Pause Young (Allocation Failure) 308M->309M(455M) 184.027ms
[2020-08-08T13:02:20.406+0300][399.129s][info][gc] GC(2337) Pause Full (Ergonomics) 309M->41M(455M) 70.520ms
[2020-08-08T13:02:20.583+0300][399.306s][info][gc] GC(2338) Pause Young (Allocation Failure) 99M->99M(455M) 166.984ms
[2020-08-08T13:02:20.860+0300][399.583s][info][gc] GC(2339) Pause Young (Allocation Failure) 156M->156M(455M) 265.399ms
[2020-08-08T13:02:20.946+0300][399.669s][info][gc] GC(2340) Pause Young (Allocation Failure) 214M->214M(455M) 76.512ms
[2020-08-08T13:02:21.255+0300][399.978s][info][gc] GC(2341) Pause Young (Allocation Failure) 270M->270M(455M) 298.089ms
[2020-08-08T13:02:21.366+0300][400.089s][info][gc] GC(2342) Pause Young (Allocation Failure) 328M->328M(455M) 102.778ms
[2020-08-08T13:02:21.492+0300][400.215s][info][gc] GC(2343) Pause Full (Ergonomics) 328M->60M(455M) 125.727ms
[2020-08-08T13:02:21.690+0300][400.413s][info][gc] GC(2344) Pause Young (Allocation Failure) 117M->117M(455M) 186.176ms
[2020-08-08T13:02:21.924+0300][400.646s][info][gc] GC(2345) Pause Young (Allocation Failure) 175M->175M(455M) 224.525ms
[2020-08-08T13:02:22.024+0300][400.747s][info][gc] GC(2346) Pause Young (Allocation Failure) 233M->233M(455M) 90.439ms
[2020-08-08T13:02:22.275+0300][400.998s][info][gc] GC(2347) Pause Young (Allocation Failure) 290M->290M(455M) 243.334ms
[2020-08-08T13:02:22.363+0300][401.086s][info][gc] GC(2348) Pause Young (Allocation Failure) 348M->348M(455M) 78.471ms
[2020-08-08T13:02:22.550+0300][401.273s][info][gc] GC(2349) Pause Full (Ergonomics) 348M->80M(455M) 186.819ms
[2020-08-08T13:02:22.739+0300][401.462s][info][gc] GC(2350) Pause Young (Allocation Failure) 136M->136M(455M) 176.602ms
[2020-08-08T13:02:22.876+0300][401.599s][info][gc] GC(2351) Pause Young (Allocation Failure) 193M->193M(455M) 128.759ms
[2020-08-08T13:02:22.979+0300][401.702s][info][gc] GC(2352) Pause Young (Allocation Failure) 251M->251M(455M) 93.089ms
[2020-08-08T13:02:23.169+0300][401.892s][info][gc] GC(2353) Pause Young (Allocation Failure) 308M->309M(455M) 182.358ms
[2020-08-08T13:02:23.241+0300][401.964s][info][gc] GC(2354) Pause Full (Ergonomics) 309M->41M(455M) 71.587ms
[2020-08-08T13:02:23.423+0300][402.146s][info][gc] GC(2355) Pause Young (Allocation Failure) 99M->99M(455M) 171.882ms
[2020-08-08T13:02:23.699+0300][402.422s][info][gc] GC(2356) Pause Young (Allocation Failure) 156M->157M(455M) 268.308ms
[2020-08-08T13:02:23.787+0300][402.510s][info][gc] GC(2357) Pause Young (Allocation Failure) 214M->214M(455M) 75.703ms
[2020-08-08T13:02:24.128+0300][402.851s][info][gc] GC(2358) Pause Young (Allocation Failure) 270M->270M(455M) 330.802ms
[2020-08-08T13:02:24.244+0300][402.967s][info][gc] GC(2359) Pause Young (Allocation Failure) 328M->328M(455M) 108.720ms
[2020-08-08T13:02:24.370+0300][403.093s][info][gc] GC(2360) Pause Full (Ergonomics) 328M->60M(455M) 125.401ms
[2020-08-08T13:02:24.575+0300][403.298s][info][gc] GC(2361) Pause Young (Allocation Failure) 117M->118M(455M) 194.049ms
[2020-08-08T13:02:24.790+0300][403.513s][info][gc] GC(2362) Pause Young (Allocation Failure) 175M->175M(455M) 205.715ms
[2020-08-08T13:02:24.894+0300][403.616s][info][gc] GC(2363) Pause Young (Allocation Failure) 233M->233M(455M) 90.907ms
[2020-08-08T13:02:25.129+0300][403.852s][info][gc] GC(2364) Pause Young (Allocation Failure) 290M->290M(455M) 227.576ms
[2020-08-08T13:02:25.212+0300][403.935s][info][gc] GC(2365) Pause Young (Allocation Failure) 348M->348M(455M) 73.359ms
[2020-08-08T13:02:25.399+0300][404.122s][info][gc] GC(2366) Pause Full (Ergonomics) 348M->80M(455M) 186.815ms
[2020-08-08T13:02:25.585+0300][404.308s][info][gc] GC(2367) Pause Young (Allocation Failure) 136M->136M(455M) 176.621ms
[2020-08-08T13:02:25.713+0300][404.436s][info][gc] GC(2368) Pause Young (Allocation Failure) 193M->193M(455M) 119.219ms
[2020-08-08T13:02:25.816+0300][404.539s][info][gc] GC(2369) Pause Young (Allocation Failure) 251M->251M(455M) 93.803ms
[2020-08-08T13:02:26.009+0300][404.732s][info][gc] GC(2370) Pause Young (Allocation Failure) 308M->309M(455M) 179.993ms
[2020-08-08T13:02:26.078+0300][404.801s][info][gc] GC(2371) Pause Full (Ergonomics) 309M->41M(455M) 68.550ms
[2020-08-08T13:02:26.258+0300][404.980s][info][gc] GC(2372) Pause Young (Allocation Failure) 99M->99M(455M) 169.829ms
[2020-08-08T13:02:26.539+0300][405.262s][info][gc] GC(2373) Pause Young (Allocation Failure) 156M->156M(455M) 273.743ms
[2020-08-08T13:02:26.625+0300][405.347s][info][gc] GC(2374) Pause Young (Allocation Failure) 214M->214M(455M) 74.417ms
[2020-08-08T13:02:27.013+0300][405.736s][info][gc] GC(2375) Pause Young (Allocation Failure) 270M->270M(455M) 379.243ms
[2020-08-08T13:02:27.146+0300][405.869s][info][gc] GC(2376) Pause Young (Allocation Failure) 328M->328M(455M) 122.492ms
[2020-08-08T13:02:27.271+0300][405.994s][info][gc] GC(2377) Pause Full (Ergonomics) 328M->60M(455M) 124.975ms
[2020-08-08T13:02:27.452+0300][406.175s][info][gc] GC(2378) Pause Young (Allocation Failure) 117M->117M(455M) 171.467ms
[2020-08-08T13:02:27.649+0300][406.372s][info][gc] GC(2379) Pause Young (Allocation Failure) 175M->175M(455M) 188.832ms
[2020-08-08T13:02:27.746+0300][406.469s][info][gc] GC(2380) Pause Young (Allocation Failure) 233M->233M(455M) 86.903ms
[2020-08-08T13:02:28.025+0300][406.748s][info][gc] GC(2381) Pause Young (Allocation Failure) 290M->290M(455M) 269.742ms
[2020-08-08T13:02:28.113+0300][406.836s][info][gc] GC(2382) Pause Young (Allocation Failure) 348M->348M(455M) 77.202ms
[2020-08-08T13:02:28.298+0300][407.021s][info][gc] GC(2383) Pause Full (Ergonomics) 348M->79M(455M) 184.388ms
[2020-08-08T13:02:28.494+0300][407.217s][info][gc] GC(2384) Pause Young (Allocation Failure) 136M->136M(455M) 186.099ms
[2020-08-08T13:02:28.636+0300][407.359s][info][gc] GC(2385) Pause Young (Allocation Failure) 193M->193M(455M) 134.370ms
[2020-08-08T13:02:28.741+0300][407.464s][info][gc] GC(2386) Pause Young (Allocation Failure) 251M->251M(455M) 93.696ms
[2020-08-08T13:02:28.943+0300][407.665s][info][gc] GC(2387) Pause Young (Allocation Failure) 308M->309M(455M) 190.955ms
[2020-08-08T13:02:29.013+0300][407.736s][info][gc] GC(2388) Pause Full (Ergonomics) 309M->41M(455M) 70.213ms
[2020-08-08T13:02:29.190+0300][407.913s][info][gc] GC(2389) Pause Young (Allocation Failure) 99M->99M(455M) 164.893ms
[2020-08-08T13:02:29.471+0300][408.193s][info][gc] GC(2390) Pause Young (Allocation Failure) 156M->156M(455M) 273.191ms
[2020-08-08T13:02:29.556+0300][408.279s][info][gc] GC(2391) Pause Young (Allocation Failure) 214M->214M(455M) 75.738ms
[2020-08-08T13:02:29.870+0300][408.593s][info][gc] GC(2392) Pause Young (Allocation Failure) 270M->270M(455M) 304.675ms
[2020-08-08T13:02:29.986+0300][408.709s][info][gc] GC(2393) Pause Young (Allocation Failure) 328M->328M(455M) 106.870ms
[2020-08-08T13:02:30.116+0300][408.838s][info][gc] GC(2394) Pause Full (Ergonomics) 328M->59M(455M) 129.468ms
[2020-08-08T13:02:30.295+0300][409.018s][info][gc] GC(2395) Pause Young (Allocation Failure) 117M->117M(455M) 167.527ms
[2020-08-08T13:02:30.487+0300][409.210s][info][gc] GC(2396) Pause Young (Allocation Failure) 174M->175M(455M) 183.901ms
[2020-08-08T13:02:30.581+0300][409.304s][info][gc] GC(2397) Pause Young (Allocation Failure) 232M->232M(455M) 84.817ms
[2020-08-08T13:02:30.851+0300][409.574s][info][gc] GC(2398) Pause Young (Allocation Failure) 290M->290M(455M) 261.617ms
[2020-08-08T13:02:30.941+0300][409.664s][info][gc] GC(2399) Pause Young (Allocation Failure) 347M->347M(455M) 76.801ms
[2020-08-08T13:02:31.119+0300][409.842s][info][gc] GC(2400) Pause Full (Ergonomics) 347M->80M(455M) 178.309ms
[2020-08-08T13:02:31.309+0300][410.032s][info][gc] GC(2401) Pause Young (Allocation Failure) 136M->136M(455M) 178.153ms
[2020-08-08T13:02:31.438+0300][410.161s][info][gc] GC(2402) Pause Young (Allocation Failure) 193M->193M(455M) 120.183ms
[2020-08-08T13:02:31.547+0300][410.270s][info][gc] GC(2403) Pause Young (Allocation Failure) 251M->251M(455M) 98.801ms
[2020-08-08T13:02:31.744+0300][410.467s][info][gc] GC(2404) Pause Young (Allocation Failure) 308M->309M(455M) 187.864ms
[2020-08-08T13:02:31.814+0300][410.536s][info][gc] GC(2405) Pause Full (Ergonomics) 309M->41M(455M) 69.419ms
[2020-08-08T13:02:31.996+0300][410.719s][info][gc] GC(2406) Pause Young (Allocation Failure) 99M->99M(455M) 171.452ms
[2020-08-08T13:02:32.275+0300][410.998s][info][gc] GC(2407) Pause Young (Allocation Failure) 156M->157M(455M) 272.068ms
[2020-08-08T13:02:32.361+0300][411.084s][info][gc] GC(2408) Pause Young (Allocation Failure) 214M->214M(455M) 74.961ms
[2020-08-08T13:02:32.685+0300][411.408s][info][gc] GC(2409) Pause Young (Allocation Failure) 270M->270M(455M) 313.424ms
[2020-08-08T13:02:32.802+0300][411.525s][info][gc] GC(2410) Pause Young (Allocation Failure) 328M->328M(455M) 108.223ms
[2020-08-08T13:02:32.936+0300][411.658s][info][gc] GC(2411) Pause Full (Ergonomics) 328M->60M(455M) 133.065ms
[2020-08-08T13:02:33.144+0300][411.867s][info][gc] GC(2412) Pause Young (Allocation Failure) 117M->117M(455M) 197.347ms
[2020-08-08T13:02:33.368+0300][412.091s][info][gc] GC(2413) Pause Young (Allocation Failure) 175M->175M(455M) 217.132ms
[2020-08-08T13:02:33.474+0300][412.197s][info][gc] GC(2414) Pause Young (Allocation Failure) 233M->233M(455M) 91.203ms
[2020-08-08T13:02:33.712+0300][412.435s][info][gc] GC(2415) Pause Young (Allocation Failure) 290M->290M(455M) 229.396ms
[2020-08-08T13:02:33.796+0300][412.519s][info][gc] GC(2416) Pause Young (Allocation Failure) 348M->348M(455M) 74.104ms
[2020-08-08T13:02:33.987+0300][412.710s][info][gc] GC(2417) Pause Full (Ergonomics) 348M->80M(455M) 190.498ms
[2020-08-08T13:02:34.192+0300][412.915s][info][gc] GC(2418) Pause Young (Allocation Failure) 136M->136M(455M) 195.425ms
[2020-08-08T13:02:34.333+0300][413.056s][info][gc] GC(2419) Pause Young (Allocation Failure) 193M->193M(455M) 133.121ms
[2020-08-08T13:02:34.440+0300][413.163s][info][gc] GC(2420) Pause Young (Allocation Failure) 251M->251M(455M) 94.243ms
[2020-08-08T13:02:34.638+0300][413.361s][info][gc] GC(2421) Pause Young (Allocation Failure) 308M->309M(455M) 189.864ms
[2020-08-08T13:02:34.707+0300][413.430s][info][gc] GC(2422) Pause Full (Ergonomics) 309M->41M(455M) 68.690ms
[2020-08-08T13:02:34.886+0300][413.609s][info][gc] GC(2423) Pause Young (Allocation Failure) 99M->99M(455M) 168.347ms
[2020-08-08T13:02:35.159+0300][413.882s][info][gc] GC(2424) Pause Young (Allocation Failure) 156M->156M(455M) 265.562ms
[2020-08-08T13:02:35.245+0300][413.968s][info][gc] GC(2425) Pause Young (Allocation Failure) 214M->214M(455M) 75.884ms
[2020-08-08T13:02:35.530+0300][414.253s][info][gc] GC(2426) Pause Young (Allocation Failure) 270M->270M(455M) 275.293ms
[2020-08-08T13:02:35.645+0300][414.368s][info][gc] GC(2427) Pause Young (Allocation Failure) 328M->328M(455M) 104.642ms
[2020-08-08T13:02:35.774+0300][414.497s][info][gc] GC(2428) Pause Full (Ergonomics) 328M->60M(455M) 128.155ms
[2020-08-08T13:02:35.938+0300][414.661s][info][gc] GC(2429) Pause Young (Allocation Failure) 117M->117M(455M) 155.325ms
[2020-08-08T13:02:36.152+0300][414.875s][info][gc] GC(2430) Pause Young (Allocation Failure) 175M->175M(455M) 206.243ms
[2020-08-08T13:02:36.247+0300][414.970s][info][gc] GC(2431) Pause Young (Allocation Failure) 233M->233M(455M) 86.030ms
[2020-08-08T13:02:36.530+0300][415.253s][info][gc] GC(2432) Pause Young (Allocation Failure) 290M->290M(455M) 273.850ms
[2020-08-08T13:02:36.626+0300][415.349s][info][gc] GC(2433) Pause Young (Allocation Failure) 348M->348M(455M) 84.123ms
[2020-08-08T13:02:36.810+0300][415.533s][info][gc] GC(2434) Pause Full (Ergonomics) 348M->79M(455M) 183.654ms
[2020-08-08T13:02:37.007+0300][415.730s][info][gc] GC(2435) Pause Young (Allocation Failure) 136M->136M(455M) 186.605ms
[2020-08-08T13:02:37.143+0300][415.866s][info][gc] GC(2436) Pause Young (Allocation Failure) 193M->193M(455M) 127.517ms
[2020-08-08T13:02:37.246+0300][415.969s][info][gc] GC(2437) Pause Young (Allocation Failure) 251M->251M(455M) 94.369ms
[2020-08-08T13:02:37.451+0300][416.174s][info][gc] GC(2438) Pause Young (Allocation Failure) 308M->309M(455M) 195.937ms
[2020-08-08T13:02:37.519+0300][416.242s][info][gc] GC(2439) Pause Full (Ergonomics) 309M->41M(455M) 68.221ms
[2020-08-08T13:02:37.701+0300][416.424s][info][gc] GC(2440) Pause Young (Allocation Failure) 99M->99M(455M) 169.719ms
[2020-08-08T13:02:37.975+0300][416.698s][info][gc] GC(2441) Pause Young (Allocation Failure) 156M->156M(455M) 265.673ms
[2020-08-08T13:02:38.061+0300][416.784s][info][gc] GC(2442) Pause Young (Allocation Failure) 214M->214M(455M) 76.454ms
[2020-08-08T13:02:38.363+0300][417.086s][info][gc] GC(2443) Pause Young (Allocation Failure) 270M->270M(455M) 290.900ms
[2020-08-08T13:02:38.480+0300][417.203s][info][gc] GC(2444) Pause Young (Allocation Failure) 328M->328M(455M) 109.408ms
[2020-08-08T13:02:38.604+0300][417.327s][info][gc] GC(2445) Pause Full (Ergonomics) 328M->60M(455M) 124.281ms
[2020-08-08T13:02:38.817+0300][417.540s][info][gc] GC(2446) Pause Young (Allocation Failure) 117M->117M(455M) 200.188ms
[2020-08-08T13:02:39.048+0300][417.771s][info][gc] GC(2447) Pause Young (Allocation Failure) 175M->175M(455M) 222.602ms
[2020-08-08T13:02:39.144+0300][417.867s][info][gc] GC(2448) Pause Young (Allocation Failure) 233M->233M(455M) 86.587ms
[2020-08-08T13:02:39.409+0300][418.132s][info][gc] GC(2449) Pause Young (Allocation Failure) 290M->290M(455M) 256.078ms
[2020-08-08T13:02:39.496+0300][418.219s][info][gc] GC(2450) Pause Young (Allocation Failure) 348M->348M(455M) 77.842ms
[2020-08-08T13:02:39.685+0300][418.408s][info][gc] GC(2451) Pause Full (Ergonomics) 348M->80M(455M) 188.330ms
[2020-08-08T13:02:39.890+0300][418.613s][info][gc] GC(2452) Pause Young (Allocation Failure) 136M->136M(455M) 192.735ms
[2020-08-08T13:02:40.022+0300][418.745s][info][gc] GC(2453) Pause Young (Allocation Failure) 193M->193M(455M) 125.275ms
[2020-08-08T13:02:40.123+0300][418.846s][info][gc] GC(2454) Pause Young (Allocation Failure) 251M->251M(455M) 91.937ms
[2020-08-08T13:02:40.322+0300][419.045s][info][gc] GC(2455) Pause Young (Allocation Failure) 308M->309M(455M) 190.739ms
[2020-08-08T13:02:40.394+0300][419.117s][info][gc] GC(2456) Pause Full (Ergonomics) 309M->41M(455M) 72.054ms
[2020-08-08T13:02:40.574+0300][419.296s][info][gc] GC(2457) Pause Young (Allocation Failure) 99M->99M(455M) 168.752ms
[2020-08-08T13:02:40.854+0300][419.577s][info][gc] GC(2458) Pause Young (Allocation Failure) 156M->157M(455M) 273.445ms
[2020-08-08T13:02:40.945+0300][419.668s][info][gc] GC(2459) Pause Young (Allocation Failure) 214M->214M(455M) 77.947ms
[2020-08-08T13:02:41.274+0300][419.997s][info][gc] GC(2460) Pause Young (Allocation Failure) 270M->270M(455M) 318.673ms
[2020-08-08T13:02:41.395+0300][420.118s][info][gc] GC(2461) Pause Young (Allocation Failure) 328M->328M(455M) 113.829ms
[2020-08-08T13:02:41.521+0300][420.244s][info][gc] GC(2462) Pause Full (Ergonomics) 328M->60M(455M) 125.788ms
[2020-08-08T13:02:41.730+0300][420.453s][info][gc] GC(2463) Pause Young (Allocation Failure) 117M->118M(455M) 200.090ms
[2020-08-08T13:02:41.961+0300][420.683s][info][gc] GC(2464) Pause Young (Allocation Failure) 175M->175M(455M) 221.592ms
[2020-08-08T13:02:42.061+0300][420.784s][info][gc] GC(2465) Pause Young (Allocation Failure) 233M->233M(455M) 87.484ms
[2020-08-08T13:02:42.321+0300][421.044s][info][gc] GC(2466) Pause Young (Allocation Failure) 290M->290M(455M) 250.566ms
[2020-08-08T13:02:42.405+0300][421.127s][info][gc] GC(2467) Pause Young (Allocation Failure) 348M->348M(455M) 74.658ms
[2020-08-08T13:02:42.589+0300][421.312s][info][gc] GC(2468) Pause Full (Ergonomics) 348M->80M(455M) 184.598ms
[2020-08-08T13:02:42.788+0300][421.511s][info][gc] GC(2469) Pause Young (Allocation Failure) 136M->136M(455M) 188.117ms
[2020-08-08T13:02:42.911+0300][421.633s][info][gc] GC(2470) Pause Young (Allocation Failure) 193M->193M(455M) 113.297ms
[2020-08-08T13:02:43.017+0300][421.739s][info][gc] GC(2471) Pause Young (Allocation Failure) 251M->251M(455M) 93.809ms
[2020-08-08T13:02:43.215+0300][421.938s][info][gc] GC(2472) Pause Young (Allocation Failure) 308M->309M(455M) 188.763ms
[2020-08-08T13:02:43.288+0300][422.010s][info][gc] GC(2473) Pause Full (Ergonomics) 309M->41M(455M) 72.379ms
[2020-08-08T13:02:43.469+0300][422.192s][info][gc] GC(2474) Pause Young (Allocation Failure) 99M->99M(455M) 171.609ms
[2020-08-08T13:02:43.744+0300][422.467s][info][gc] GC(2475) Pause Young (Allocation Failure) 156M->156M(455M) 267.043ms
[2020-08-08T13:02:43.831+0300][422.554s][info][gc] GC(2476) Pause Young (Allocation Failure) 214M->214M(455M) 76.157ms
[2020-08-08T13:02:44.121+0300][422.844s][info][gc] GC(2477) Pause Young (Allocation Failure) 270M->270M(455M) 279.938ms
[2020-08-08T13:02:44.241+0300][422.964s][info][gc] GC(2478) Pause Young (Allocation Failure) 328M->328M(455M) 108.427ms
[2020-08-08T13:02:44.366+0300][423.089s][info][gc] GC(2479) Pause Full (Ergonomics) 328M->60M(455M) 124.890ms
[2020-08-08T13:02:44.546+0300][423.268s][info][gc] GC(2480) Pause Young (Allocation Failure) 117M->117M(455M) 168.733ms
[2020-08-08T13:02:44.747+0300][423.470s][info][gc] GC(2481) Pause Young (Allocation Failure) 175M->175M(455M) 193.837ms
[2020-08-08T13:02:44.841+0300][423.564s][info][gc] GC(2482) Pause Young (Allocation Failure) 233M->233M(455M) 84.659ms
[2020-08-08T13:02:45.110+0300][423.833s][info][gc] GC(2483) Pause Young (Allocation Failure) 290M->290M(455M) 259.529ms
[2020-08-08T13:02:45.199+0300][423.922s][info][gc] GC(2484) Pause Young (Allocation Failure) 348M->348M(455M) 76.048ms
[2020-08-08T13:02:45.380+0300][424.103s][info][gc] GC(2485) Pause Full (Ergonomics) 348M->79M(455M) 180.533ms
[2020-08-08T13:02:45.566+0300][424.289s][info][gc] GC(2486) Pause Young (Allocation Failure) 136M->136M(455M) 175.860ms
[2020-08-08T13:02:45.690+0300][424.413s][info][gc] GC(2487) Pause Young (Allocation Failure) 193M->193M(455M) 115.422ms
[2020-08-08T13:02:45.794+0300][424.517s][info][gc] GC(2488) Pause Young (Allocation Failure) 251M->251M(455M) 94.085ms
[2020-08-08T13:02:45.986+0300][424.708s][info][gc] GC(2489) Pause Young (Allocation Failure) 308M->309M(455M) 183.254ms
[2020-08-08T13:02:46.052+0300][424.775s][info][gc] GC(2490) Pause Full (Ergonomics) 309M->41M(455M) 66.858ms
[2020-08-08T13:02:46.233+0300][424.956s][info][gc] GC(2491) Pause Young (Allocation Failure) 99M->99M(455M) 169.172ms
[2020-08-08T13:02:46.513+0300][425.235s][info][gc] GC(2492) Pause Young (Allocation Failure) 137M->136M(455M) 272.282ms
[2020-08-08T13:02:46.598+0300][425.321s][info][gc] GC(2493) Pause Young (Allocation Failure) 194M->194M(455M) 75.959ms
[2020-08-08T13:02:46.703+0300][425.425s][info][gc] GC(2494) Pause Young (Allocation Failure) 251M->252M(455M) 94.678ms
[2020-08-08T13:02:46.875+0300][425.597s][info][gc] GC(2495) Pause Young (Allocation Failure) 309M->309M(455M) 163.961ms
[2020-08-08T13:02:46.943+0300][425.666s][info][gc] GC(2496) Pause Full (Ergonomics) 309M->41M(455M) 68.389ms
[2020-08-08T13:02:47.121+0300][425.843s][info][gc] GC(2497) Pause Young (Allocation Failure) 99M->99M(455M) 168.355ms
[2020-08-08T13:02:47.406+0300][426.129s][info][gc] GC(2498) Pause Young (Allocation Failure) 156M->156M(455M) 275.857ms
[2020-08-08T13:02:47.495+0300][426.218s][info][gc] GC(2499) Pause Young (Allocation Failure) 214M->214M(455M) 79.662ms
[2020-08-08T13:02:47.783+0300][426.505s][info][gc] GC(2500) Pause Young (Allocation Failure) 270M->270M(455M) 277.447ms
[2020-08-08T13:02:47.897+0300][426.620s][info][gc] GC(2501) Pause Young (Allocation Failure) 328M->328M(455M) 105.890ms
[2020-08-08T13:02:48.024+0300][426.747s][info][gc] GC(2502) Pause Full (Ergonomics) 328M->60M(455M) 127.584ms
[2020-08-08T13:02:48.217+0300][426.940s][info][gc] GC(2503) Pause Young (Allocation Failure) 117M->118M(455M) 182.770ms
[2020-08-08T13:02:48.438+0300][427.161s][info][gc] GC(2504) Pause Young (Allocation Failure) 175M->175M(455M) 208.273ms
[2020-08-08T13:02:48.535+0300][427.258s][info][gc] GC(2505) Pause Young (Allocation Failure) 233M->233M(455M) 86.572ms
[2020-08-08T13:02:48.816+0300][427.539s][info][gc] GC(2506) Pause Young (Allocation Failure) 290M->290M(455M) 271.842ms
[2020-08-08T13:02:48.906+0300][427.629s][info][gc] GC(2507) Pause Young (Allocation Failure) 348M->348M(455M) 77.902ms
[2020-08-08T13:02:49.087+0300][427.810s][info][gc] GC(2508) Pause Full (Ergonomics) 348M->80M(455M) 181.348ms
[2020-08-08T13:02:49.289+0300][428.012s][info][gc] GC(2509) Pause Young (Allocation Failure) 136M->136M(455M) 191.104ms
[2020-08-08T13:02:49.424+0300][428.147s][info][gc] GC(2510) Pause Young (Allocation Failure) 193M->193M(455M) 121.933ms
[2020-08-08T13:02:49.530+0300][428.253s][info][gc] GC(2511) Pause Young (Allocation Failure) 251M->251M(455M) 96.010ms
[2020-08-08T13:02:49.744+0300][428.467s][info][gc] GC(2512) Pause Young (Allocation Failure) 308M->309M(455M) 205.135ms
[2020-08-08T13:02:49.818+0300][428.541s][info][gc] GC(2513) Pause Full (Ergonomics) 309M->41M(455M) 73.638ms
[2020-08-08T13:02:50.010+0300][428.733s][info][gc] GC(2514) Pause Young (Allocation Failure) 98M->98M(455M) 182.093ms
[2020-08-08T13:02:50.305+0300][429.028s][info][gc] GC(2515) Pause Young (Allocation Failure) 156M->156M(455M) 286.944ms
[2020-08-08T13:02:50.398+0300][429.121s][info][gc] GC(2516) Pause Young (Allocation Failure) 213M->213M(455M) 80.373ms
[2020-08-08T13:02:50.761+0300][429.484s][info][gc] GC(2517) Pause Young (Allocation Failure) 270M->270M(455M) 352.675ms
[2020-08-08T13:02:50.922+0300][429.645s][info][gc] GC(2518) Pause Young (Allocation Failure) 327M->327M(455M) 152.404ms
[2020-08-08T13:02:51.047+0300][429.770s][info][gc] GC(2519) Pause Full (Ergonomics) 327M->60M(455M) 124.743ms
[2020-08-08T13:02:51.237+0300][429.960s][info][gc] GC(2520) Pause Young (Allocation Failure) 117M->117M(455M) 179.171ms
[2020-08-08T13:02:51.454+0300][430.177s][info][gc] GC(2521) Pause Young (Allocation Failure) 175M->175M(455M) 209.194ms
[2020-08-08T13:02:51.564+0300][430.287s][info][gc] GC(2522) Pause Young (Allocation Failure) 233M->233M(455M) 96.762ms
[2020-08-08T13:02:51.805+0300][430.528s][info][gc] GC(2523) Pause Young (Allocation Failure) 290M->290M(455M) 230.467ms
[2020-08-08T13:02:51.891+0300][430.614s][info][gc] GC(2524) Pause Young (Allocation Failure) 348M->348M(455M) 75.275ms
[2020-08-08T13:02:52.077+0300][430.800s][info][gc] GC(2525) Pause Full (Ergonomics) 348M->80M(455M) 185.162ms
[2020-08-08T13:02:52.279+0300][431.002s][info][gc] GC(2526) Pause Young (Allocation Failure) 136M->136M(455M) 192.981ms
[2020-08-08T13:02:52.413+0300][431.136s][info][gc] GC(2527) Pause Young (Allocation Failure) 193M->193M(455M) 124.306ms
[2020-08-08T13:02:52.517+0300][431.240s][info][gc] GC(2528) Pause Young (Allocation Failure) 251M->251M(455M) 93.613ms
[2020-08-08T13:02:52.711+0300][431.433s][info][gc] GC(2529) Pause Young (Allocation Failure) 308M->309M(455M) 181.716ms
[2020-08-08T13:02:52.781+0300][431.504s][info][gc] GC(2530) Pause Full (Ergonomics) 309M->41M(455M) 70.270ms
[2020-08-08T13:02:52.959+0300][431.682s][info][gc] GC(2531) Pause Young (Allocation Failure) 99M->99M(455M) 167.279ms
[2020-08-08T13:02:53.240+0300][431.963s][info][gc] GC(2532) Pause Young (Allocation Failure) 156M->156M(455M) 273.955ms
[2020-08-08T13:02:53.323+0300][432.046s][info][gc] GC(2533) Pause Young (Allocation Failure) 214M->214M(455M) 73.829ms
[2020-08-08T13:02:53.683+0300][432.406s][info][gc] GC(2534) Pause Young (Allocation Failure) 270M->270M(455M) 350.091ms
[2020-08-08T13:02:53.839+0300][432.562s][info][gc] GC(2535) Pause Young (Allocation Failure) 328M->328M(455M) 144.621ms
[2020-08-08T13:02:53.962+0300][432.685s][info][gc] GC(2536) Pause Full (Ergonomics) 328M->60M(455M) 123.356ms
[2020-08-08T13:02:54.138+0300][432.861s][info][gc] GC(2537) Pause Young (Allocation Failure) 117M->117M(455M) 164.721ms
[2020-08-08T13:02:54.347+0300][433.070s][info][gc] GC(2538) Pause Young (Allocation Failure) 175M->175M(455M) 201.119ms
[2020-08-08T13:02:54.443+0300][433.166s][info][gc] GC(2539) Pause Young (Allocation Failure) 233M->233M(455M) 86.464ms
[2020-08-08T13:02:54.760+0300][433.483s][info][gc] GC(2540) Pause Young (Allocation Failure) 290M->290M(455M) 309.367ms
[2020-08-08T13:02:54.852+0300][433.575s][info][gc] GC(2541) Pause Young (Allocation Failure) 348M->348M(455M) 79.441ms
[2020-08-08T13:02:55.039+0300][433.762s][info][gc] GC(2542) Pause Full (Ergonomics) 348M->79M(455M) 187.422ms
[2020-08-08T13:02:55.241+0300][433.964s][info][gc] GC(2543) Pause Young (Allocation Failure) 136M->136M(455M) 191.950ms
[2020-08-08T13:02:55.375+0300][434.098s][info][gc] GC(2544) Pause Young (Allocation Failure) 193M->193M(455M) 125.656ms
[2020-08-08T13:02:55.480+0300][434.203s][info][gc] GC(2545) Pause Young (Allocation Failure) 251M->251M(455M) 94.874ms
[2020-08-08T13:02:55.669+0300][434.392s][info][gc] GC(2546) Pause Young (Allocation Failure) 308M->309M(455M) 180.791ms
[2020-08-08T13:02:55.740+0300][434.463s][info][gc] GC(2547) Pause Full (Ergonomics) 309M->41M(455M) 70.663ms
[2020-08-08T13:02:55.919+0300][434.642s][info][gc] GC(2548) Pause Young (Allocation Failure) 99M->99M(455M) 166.794ms
[2020-08-08T13:02:56.196+0300][434.919s][info][gc] GC(2549) Pause Young (Allocation Failure) 156M->156M(455M) 269.264ms
[2020-08-08T13:02:56.280+0300][435.003s][info][gc] GC(2550) Pause Young (Allocation Failure) 214M->214M(455M) 75.377ms
[2020-08-08T13:02:56.630+0300][435.352s][info][gc] GC(2551) Pause Young (Allocation Failure) 270M->270M(455M) 339.003ms
[2020-08-08T13:02:56.772+0300][435.495s][info][gc] GC(2552) Pause Young (Allocation Failure) 328M->328M(455M) 133.765ms
[2020-08-08T13:02:56.897+0300][435.620s][info][gc] GC(2553) Pause Full (Ergonomics) 328M->60M(455M) 124.649ms
[2020-08-08T13:02:57.090+0300][435.812s][info][gc] GC(2554) Pause Young (Allocation Failure) 117M->117M(455M) 180.668ms
[2020-08-08T13:02:57.309+0300][436.032s][info][gc] GC(2555) Pause Young (Allocation Failure) 175M->175M(455M) 211.019ms
[2020-08-08T13:02:57.404+0300][436.127s][info][gc] GC(2556) Pause Young (Allocation Failure) 233M->233M(455M) 85.743ms
[2020-08-08T13:02:57.665+0300][436.388s][info][gc] GC(2557) Pause Young (Allocation Failure) 290M->290M(455M) 252.763ms
[2020-08-08T13:02:57.754+0300][436.476s][info][gc] GC(2558) Pause Young (Allocation Failure) 348M->348M(455M) 78.087ms
[2020-08-08T13:02:57.936+0300][436.659s][info][gc] GC(2559) Pause Full (Ergonomics) 348M->80M(455M) 182.224ms
[2020-08-08T13:02:58.133+0300][436.856s][info][gc] GC(2560) Pause Young (Allocation Failure) 136M->136M(455M) 184.510ms
[2020-08-08T13:02:58.257+0300][436.980s][info][gc] GC(2561) Pause Young (Allocation Failure) 193M->193M(455M) 114.875ms
[2020-08-08T13:02:58.361+0300][437.084s][info][gc] GC(2562) Pause Young (Allocation Failure) 251M->251M(455M) 94.149ms
[2020-08-08T13:02:58.556+0300][437.279s][info][gc] GC(2563) Pause Young (Allocation Failure) 308M->309M(455M) 185.853ms
[2020-08-08T13:02:58.627+0300][437.350s][info][gc] GC(2564) Pause Full (Ergonomics) 309M->41M(455M) 71.400ms
[2020-08-08T13:02:58.813+0300][437.536s][info][gc] GC(2565) Pause Young (Allocation Failure) 99M->99M(455M) 169.145ms
[2020-08-08T13:02:59.092+0300][437.815s][info][gc] GC(2566) Pause Young (Allocation Failure) 156M->156M(455M) 269.266ms
[2020-08-08T13:02:59.182+0300][437.905s][info][gc] GC(2567) Pause Young (Allocation Failure) 214M->214M(455M) 78.803ms
[2020-08-08T13:02:59.494+0300][438.217s][info][gc] GC(2568) Pause Young (Allocation Failure) 270M->270M(455M) 302.253ms
[2020-08-08T13:02:59.621+0300][438.344s][info][gc] GC(2569) Pause Young (Allocation Failure) 328M->328M(455M) 119.817ms
[2020-08-08T13:02:59.747+0300][438.470s][info][gc] GC(2570) Pause Full (Ergonomics) 328M->60M(455M) 125.614ms
[2020-08-08T13:02:59.954+0300][438.677s][info][gc] GC(2571) Pause Young (Allocation Failure) 117M->118M(455M) 197.610ms
[2020-08-08T13:03:00.184+0300][438.907s][info][gc] GC(2572) Pause Young (Allocation Failure) 175M->175M(455M) 221.132ms
[2020-08-08T13:03:00.287+0300][439.010s][info][gc] GC(2573) Pause Young (Allocation Failure) 233M->233M(455M) 90.609ms
[2020-08-08T13:03:00.550+0300][439.273s][info][gc] GC(2574) Pause Young (Allocation Failure) 290M->290M(455M) 254.366ms
[2020-08-08T13:03:00.636+0300][439.359s][info][gc] GC(2575) Pause Young (Allocation Failure) 348M->348M(455M) 76.567ms
[2020-08-08T13:03:00.818+0300][439.541s][info][gc] GC(2576) Pause Full (Ergonomics) 348M->80M(455M) 181.966ms
[2020-08-08T13:03:01.022+0300][439.745s][info][gc] GC(2577) Pause Young (Allocation Failure) 136M->136M(455M) 193.132ms
[2020-08-08T13:03:01.140+0300][439.863s][info][gc] GC(2578) Pause Young (Allocation Failure) 193M->193M(455M) 107.839ms
[2020-08-08T13:03:01.247+0300][439.970s][info][gc] GC(2579) Pause Young (Allocation Failure) 251M->251M(455M) 95.630ms
[2020-08-08T13:03:01.483+0300][440.206s][info][gc] GC(2580) Pause Young (Allocation Failure) 308M->309M(455M) 225.246ms
[2020-08-08T13:03:01.552+0300][440.275s][info][gc] GC(2581) Pause Full (Ergonomics) 309M->41M(455M) 68.564ms
[2020-08-08T13:03:01.733+0300][440.456s][info][gc] GC(2582) Pause Young (Allocation Failure) 99M->99M(455M) 170.652ms
[2020-08-08T13:03:02.008+0300][440.731s][info][gc] GC(2583) Pause Young (Allocation Failure) 156M->156M(455M) 264.194ms
[2020-08-08T13:03:02.100+0300][440.823s][info][gc] GC(2584) Pause Young (Allocation Failure) 214M->214M(455M) 80.709ms
[2020-08-08T13:03:02.414+0300][441.137s][info][gc] GC(2585) Pause Young (Allocation Failure) 270M->270M(455M) 302.810ms
[2020-08-08T13:03:02.526+0300][441.249s][info][gc] GC(2586) Pause Young (Allocation Failure) 328M->328M(455M) 102.193ms
[2020-08-08T13:03:02.653+0300][441.376s][info][gc] GC(2587) Pause Full (Ergonomics) 328M->60M(455M) 126.579ms
[2020-08-08T13:03:02.839+0300][441.562s][info][gc] GC(2588) Pause Young (Allocation Failure) 117M->117M(455M) 175.521ms
[2020-08-08T13:03:03.041+0300][441.764s][info][gc] GC(2589) Pause Young (Allocation Failure) 175M->175M(455M) 194.159ms
[2020-08-08T13:03:03.139+0300][441.862s][info][gc] GC(2590) Pause Young (Allocation Failure) 233M->233M(455M) 88.076ms
[2020-08-08T13:03:03.401+0300][442.124s][info][gc] GC(2591) Pause Young (Allocation Failure) 290M->290M(455M) 253.145ms
[2020-08-08T13:03:03.493+0300][442.216s][info][gc] GC(2592) Pause Young (Allocation Failure) 348M->348M(455M) 80.154ms
[2020-08-08T13:03:03.672+0300][442.395s][info][gc] GC(2593) Pause Full (Ergonomics) 348M->79M(455M) 178.955ms
[2020-08-08T13:03:03.876+0300][442.599s][info][gc] GC(2594) Pause Young (Allocation Failure) 136M->136M(455M) 193.512ms
[2020-08-08T13:03:04.009+0300][442.732s][info][gc] GC(2595) Pause Young (Allocation Failure) 193M->193M(455M) 124.749ms
[2020-08-08T13:03:04.113+0300][442.836s][info][gc] GC(2596) Pause Young (Allocation Failure) 251M->251M(455M) 93.064ms
[2020-08-08T13:03:04.307+0300][443.029s][info][gc] GC(2597) Pause Young (Allocation Failure) 308M->309M(455M) 183.278ms
[2020-08-08T13:03:04.379+0300][443.102s][info][gc] GC(2598) Pause Full (Ergonomics) 309M->41M(455M) 72.457ms
[2020-08-08T13:03:04.557+0300][443.280s][info][gc] GC(2599) Pause Young (Allocation Failure) 99M->99M(455M) 165.161ms
[2020-08-08T13:03:04.838+0300][443.560s][info][gc] GC(2600) Pause Young (Allocation Failure) 156M->156M(455M) 273.251ms
[2020-08-08T13:03:04.923+0300][443.646s][info][gc] GC(2601) Pause Young (Allocation Failure) 214M->214M(455M) 75.187ms
[2020-08-08T13:03:05.211+0300][443.934s][info][gc] GC(2602) Pause Young (Allocation Failure) 270M->270M(455M) 276.522ms
[2020-08-08T13:03:05.321+0300][444.044s][info][gc] GC(2603) Pause Young (Allocation Failure) 328M->328M(455M) 101.112ms
[2020-08-08T13:03:05.450+0300][444.173s][info][gc] GC(2604) Pause Full (Ergonomics) 328M->60M(455M) 128.853ms
[2020-08-08T13:03:05.635+0300][444.358s][info][gc] GC(2605) Pause Young (Allocation Failure) 117M->117M(455M) 172.688ms
[2020-08-08T13:03:05.836+0300][444.559s][info][gc] GC(2606) Pause Young (Allocation Failure) 175M->175M(455M) 193.273ms
[2020-08-08T13:03:05.931+0300][444.654s][info][gc] GC(2607) Pause Young (Allocation Failure) 233M->233M(455M) 84.521ms
[2020-08-08T13:03:06.192+0300][444.915s][info][gc] GC(2608) Pause Young (Allocation Failure) 290M->290M(455M) 250.120ms
[2020-08-08T13:03:06.284+0300][445.006s][info][gc] GC(2609) Pause Young (Allocation Failure) 348M->348M(455M) 81.541ms
[2020-08-08T13:03:06.480+0300][445.203s][info][gc] GC(2610) Pause Full (Ergonomics) 348M->79M(455M) 196.575ms
[2020-08-08T13:03:06.683+0300][445.406s][info][gc] GC(2611) Pause Young (Allocation Failure) 136M->136M(455M) 189.568ms
[2020-08-08T13:03:06.824+0300][445.547s][info][gc] GC(2612) Pause Young (Allocation Failure) 193M->193M(455M) 132.667ms
[2020-08-08T13:03:06.926+0300][445.649s][info][gc] GC(2613) Pause Young (Allocation Failure) 251M->251M(455M) 93.304ms
[2020-08-08T13:03:07.128+0300][445.851s][info][gc] GC(2614) Pause Young (Allocation Failure) 308M->309M(455M) 193.337ms
[2020-08-08T13:03:07.200+0300][445.923s][info][gc] GC(2615) Pause Full (Ergonomics) 309M->41M(455M) 71.578ms
[2020-08-08T13:03:07.382+0300][446.105s][info][gc] GC(2616) Pause Young (Allocation Failure) 99M->99M(455M) 172.339ms
[2020-08-08T13:03:07.665+0300][446.388s][info][gc] GC(2617) Pause Young (Allocation Failure) 156M->156M(455M) 274.313ms
[2020-08-08T13:03:07.756+0300][446.479s][info][gc] GC(2618) Pause Young (Allocation Failure) 214M->214M(455M) 76.731ms
[2020-08-08T13:03:08.058+0300][446.781s][info][gc] GC(2619) Pause Young (Allocation Failure) 270M->270M(455M) 292.387ms
[2020-08-08T13:03:08.168+0300][446.890s][info][gc] GC(2620) Pause Young (Allocation Failure) 328M->328M(455M) 100.670ms
[2020-08-08T13:03:08.293+0300][447.016s][info][gc] GC(2621) Pause Full (Ergonomics) 328M->60M(455M) 125.111ms
[2020-08-08T13:03:08.501+0300][447.224s][info][gc] GC(2622) Pause Young (Allocation Failure) 117M->117M(455M) 197.856ms
[2020-08-08T13:03:08.720+0300][447.443s][info][gc] GC(2623) Pause Young (Allocation Failure) 175M->175M(455M) 211.260ms
[2020-08-08T13:03:08.822+0300][447.545s][info][gc] GC(2624) Pause Young (Allocation Failure) 233M->233M(455M) 89.955ms
[2020-08-08T13:03:09.149+0300][447.872s][info][gc] GC(2625) Pause Young (Allocation Failure) 290M->290M(455M) 318.507ms
[2020-08-08T13:03:09.245+0300][447.967s][info][gc] GC(2626) Pause Young (Allocation Failure) 348M->348M(455M) 86.269ms
[2020-08-08T13:03:09.430+0300][448.153s][info][gc] GC(2627) Pause Full (Ergonomics) 348M->80M(455M) 185.476ms
[2020-08-08T13:03:09.623+0300][448.345s][info][gc] GC(2628) Pause Young (Allocation Failure) 136M->136M(455M) 181.222ms
[2020-08-08T13:03:09.739+0300][448.462s][info][gc] GC(2629) Pause Young (Allocation Failure) 193M->193M(455M) 108.800ms
[2020-08-08T13:03:09.844+0300][448.567s][info][gc] GC(2630) Pause Young (Allocation Failure) 251M->251M(455M) 93.987ms
[2020-08-08T13:03:10.043+0300][448.766s][info][gc] GC(2631) Pause Young (Allocation Failure) 308M->309M(455M) 190.990ms
[2020-08-08T13:03:10.116+0300][448.838s][info][gc] GC(2632) Pause Full (Ergonomics) 309M->40M(455M) 72.301ms
[2020-08-08T13:03:10.322+0300][449.045s][info][gc] GC(2633) Pause Young (Allocation Failure) 98M->98M(455M) 196.905ms
[2020-08-08T13:03:10.612+0300][449.334s][info][gc] GC(2634) Pause Young (Allocation Failure) 156M->156M(455M) 280.560ms
[2020-08-08T13:03:10.705+0300][449.427s][info][gc] GC(2635) Pause Young (Allocation Failure) 213M->213M(455M) 82.503ms
[2020-08-08T13:03:11.102+0300][449.825s][info][gc] GC(2636) Pause Young (Allocation Failure) 269M->270M(455M) 384.502ms
[2020-08-08T13:03:11.221+0300][449.944s][info][gc] GC(2637) Pause Young (Allocation Failure) 327M->327M(455M) 110.197ms
[2020-08-08T13:03:11.344+0300][450.067s][info][gc] GC(2638) Pause Full (Ergonomics) 327M->59M(455M) 122.916ms
[2020-08-08T13:03:11.505+0300][450.228s][info][gc] GC(2639) Pause Young (Allocation Failure) 117M->117M(455M) 149.513ms
[2020-08-08T13:03:11.677+0300][450.400s][info][gc] GC(2640) Pause Young (Allocation Failure) 174M->175M(455M) 164.567ms
[2020-08-08T13:03:11.775+0300][450.498s][info][gc] GC(2641) Pause Young (Allocation Failure) 232M->232M(455M) 87.970ms
[2020-08-08T13:03:12.057+0300][450.780s][info][gc] GC(2642) Pause Young (Allocation Failure) 290M->290M(455M) 270.043ms
[2020-08-08T13:03:12.150+0300][450.873s][info][gc] GC(2643) Pause Young (Allocation Failure) 347M->347M(455M) 81.825ms
[2020-08-08T13:03:12.335+0300][451.058s][info][gc] GC(2644) Pause Full (Ergonomics) 347M->79M(455M) 184.711ms
[2020-08-08T13:03:12.531+0300][451.253s][info][gc] GC(2645) Pause Young (Allocation Failure) 136M->136M(455M) 184.488ms
[2020-08-08T13:03:12.662+0300][451.385s][info][gc] GC(2646) Pause Young (Allocation Failure) 193M->193M(455M) 121.304ms
[2020-08-08T13:03:12.771+0300][451.494s][info][gc] GC(2647) Pause Young (Allocation Failure) 251M->251M(455M) 98.019ms
[2020-08-08T13:03:12.965+0300][451.688s][info][gc] GC(2648) Pause Young (Allocation Failure) 308M->309M(455M) 183.318ms
[2020-08-08T13:03:13.036+0300][451.759s][info][gc] GC(2649) Pause Full (Ergonomics) 309M->41M(455M) 70.361ms
[2020-08-08T13:03:13.234+0300][451.957s][info][gc] GC(2650) Pause Young (Allocation Failure) 98M->98M(455M) 185.115ms
[2020-08-08T13:03:13.560+0300][452.283s][info][gc] GC(2651) Pause Young (Allocation Failure) 156M->156M(455M) 316.888ms
[2020-08-08T13:03:13.666+0300][452.389s][info][gc] GC(2652) Pause Young (Allocation Failure) 214M->214M(455M) 95.557ms
[2020-08-08T13:03:13.957+0300][452.680s][info][gc] GC(2653) Pause Young (Allocation Failure) 270M->270M(455M) 280.302ms
[2020-08-08T13:03:14.068+0300][452.791s][info][gc] GC(2654) Pause Young (Allocation Failure) 327M->327M(455M) 100.811ms
[2020-08-08T13:03:14.193+0300][452.916s][info][gc] GC(2655) Pause Full (Ergonomics) 327M->59M(455M) 124.727ms
[2020-08-08T13:03:14.376+0300][453.099s][info][gc] GC(2656) Pause Young (Allocation Failure) 117M->117M(455M) 173.203ms
[2020-08-08T13:03:14.570+0300][453.293s][info][gc] GC(2657) Pause Young (Allocation Failure) 174M->175M(455M) 184.479ms
[2020-08-08T13:03:14.669+0300][453.392s][info][gc] GC(2658) Pause Young (Allocation Failure) 232M->232M(455M) 88.112ms
[2020-08-08T13:03:14.944+0300][453.667s][info][gc] GC(2659) Pause Young (Allocation Failure) 290M->290M(455M) 265.683ms
[2020-08-08T13:03:15.031+0300][453.754s][info][gc] GC(2660) Pause Young (Allocation Failure) 347M->347M(455M) 74.912ms
[2020-08-08T13:03:15.218+0300][453.941s][info][gc] GC(2661) Pause Full (Ergonomics) 347M->79M(455M) 186.833ms
[2020-08-08T13:03:15.415+0300][454.138s][info][gc] GC(2662) Pause Young (Allocation Failure) 136M->136M(455M) 186.171ms
[2020-08-08T13:03:15.528+0300][454.251s][info][gc] GC(2663) Pause Young (Allocation Failure) 193M->193M(455M) 104.865ms
[2020-08-08T13:03:15.634+0300][454.357s][info][gc] GC(2664) Pause Young (Allocation Failure) 251M->251M(455M) 94.760ms
[2020-08-08T13:03:15.835+0300][454.558s][info][gc] GC(2665) Pause Young (Allocation Failure) 308M->309M(455M) 192.484ms
[2020-08-08T13:03:15.905+0300][454.628s][info][gc] GC(2666) Pause Full (Ergonomics) 309M->41M(455M) 70.292ms
[2020-08-08T13:03:16.074+0300][454.797s][info][gc] GC(2667) Pause Young (Allocation Failure) 98M->98M(455M) 156.805ms
[2020-08-08T13:03:16.404+0300][455.126s][info][gc] GC(2668) Pause Young (Allocation Failure) 156M->156M(455M) 322.257ms
[2020-08-08T13:03:16.496+0300][455.219s][info][gc] GC(2669) Pause Young (Allocation Failure) 213M->214M(455M) 82.209ms
[2020-08-08T13:03:16.804+0300][455.527s][info][gc] GC(2670) Pause Young (Allocation Failure) 270M->270M(455M) 297.158ms
[2020-08-08T13:03:16.927+0300][455.650s][info][gc] GC(2671) Pause Young (Allocation Failure) 327M->327M(455M) 114.039ms
[2020-08-08T13:03:17.054+0300][455.777s][info][gc] GC(2672) Pause Full (Ergonomics) 327M->59M(455M) 126.486ms
[2020-08-08T13:03:17.236+0300][455.959s][info][gc] GC(2673) Pause Young (Allocation Failure) 117M->117M(455M) 168.931ms
[2020-08-08T13:03:17.422+0300][456.145s][info][gc] GC(2674) Pause Young (Allocation Failure) 174M->175M(455M) 177.158ms
[2020-08-08T13:03:17.520+0300][456.243s][info][gc] GC(2675) Pause Young (Allocation Failure) 232M->232M(455M) 87.868ms
[2020-08-08T13:03:17.777+0300][456.500s][info][gc] GC(2676) Pause Young (Allocation Failure) 290M->290M(455M) 247.204ms
[2020-08-08T13:03:17.868+0300][456.591s][info][gc] GC(2677) Pause Young (Allocation Failure) 347M->347M(455M) 77.873ms
[2020-08-08T13:03:18.054+0300][456.777s][info][gc] GC(2678) Pause Full (Ergonomics) 347M->79M(455M) 186.347ms
[2020-08-08T13:03:18.256+0300][456.979s][info][gc] GC(2679) Pause Young (Allocation Failure) 136M->136M(455M) 190.015ms
[2020-08-08T13:03:18.401+0300][457.124s][info][gc] GC(2680) Pause Young (Allocation Failure) 193M->193M(455M) 135.987ms
[2020-08-08T13:03:18.511+0300][457.234s][info][gc] GC(2681) Pause Young (Allocation Failure) 251M->251M(455M) 99.362ms
[2020-08-08T13:03:18.707+0300][457.430s][info][gc] GC(2682) Pause Young (Allocation Failure) 308M->309M(455M) 187.987ms
[2020-08-08T13:03:18.776+0300][457.499s][info][gc] GC(2683) Pause Full (Ergonomics) 309M->41M(455M) 68.957ms
[2020-08-08T13:03:18.972+0300][457.695s][info][gc] GC(2684) Pause Young (Allocation Failure) 98M->98M(455M) 185.092ms
[2020-08-08T13:03:19.291+0300][458.014s][info][gc] GC(2685) Pause Young (Allocation Failure) 156M->156M(455M) 308.701ms
[2020-08-08T13:03:19.378+0300][458.101s][info][gc] GC(2686) Pause Young (Allocation Failure) 213M->214M(455M) 77.304ms
[2020-08-08T13:03:19.778+0300][458.501s][info][gc] GC(2687) Pause Young (Allocation Failure) 270M->270M(455M) 390.118ms
[2020-08-08T13:03:19.935+0300][458.658s][info][gc] GC(2688) Pause Young (Allocation Failure) 327M->327M(455M) 147.384ms
[2020-08-08T13:03:20.059+0300][458.782s][info][gc] GC(2689) Pause Full (Ergonomics) 327M->59M(455M) 123.212ms
[2020-08-08T13:03:20.243+0300][458.966s][info][gc] GC(2690) Pause Young (Allocation Failure) 117M->117M(455M) 171.495ms
[2020-08-08T13:03:20.442+0300][459.165s][info][gc] GC(2691) Pause Young (Allocation Failure) 174M->175M(455M) 192.290ms
[2020-08-08T13:03:20.537+0300][459.260s][info][gc] GC(2692) Pause Young (Allocation Failure) 232M->232M(455M) 85.867ms
[2020-08-08T13:03:20.799+0300][459.522s][info][gc] GC(2693) Pause Young (Allocation Failure) 290M->290M(455M) 252.734ms
[2020-08-08T13:03:20.895+0300][459.617s][info][gc] GC(2694) Pause Young (Allocation Failure) 347M->347M(455M) 83.639ms
[2020-08-08T13:03:21.076+0300][459.799s][info][gc] GC(2695) Pause Full (Ergonomics) 347M->79M(455M) 181.151ms
[2020-08-08T13:03:21.279+0300][460.002s][info][gc] GC(2696) Pause Young (Allocation Failure) 136M->136M(455M) 191.865ms
[2020-08-08T13:03:21.418+0300][460.141s][info][gc] GC(2697) Pause Young (Allocation Failure) 193M->193M(455M) 129.893ms
[2020-08-08T13:03:21.523+0300][460.246s][info][gc] GC(2698) Pause Young (Allocation Failure) 251M->251M(455M) 94.994ms
[2020-08-08T13:03:21.722+0300][460.445s][info][gc] GC(2699) Pause Young (Allocation Failure) 308M->309M(455M) 188.869ms
[2020-08-08T13:03:21.796+0300][460.519s][info][gc] GC(2700) Pause Full (Ergonomics) 309M->41M(455M) 73.585ms
[2020-08-08T13:03:22.006+0300][460.729s][info][gc] GC(2701) Pause Young (Allocation Failure) 98M->98M(455M) 199.098ms
[2020-08-08T13:03:22.333+0300][461.056s][info][gc] GC(2702) Pause Young (Allocation Failure) 156M->156M(455M) 316.213ms
[2020-08-08T13:03:22.421+0300][461.144s][info][gc] GC(2703) Pause Young (Allocation Failure) 213M->213M(455M) 78.155ms
[2020-08-08T13:03:22.780+0300][461.503s][info][gc] GC(2704) Pause Young (Allocation Failure) 270M->270M(455M) 348.757ms
[2020-08-08T13:03:22.949+0300][461.672s][info][gc] GC(2705) Pause Young (Allocation Failure) 327M->327M(455M) 159.269ms
[2020-08-08T13:03:23.074+0300][461.797s][info][gc] GC(2706) Pause Full (Ergonomics) 327M->59M(455M) 125.263ms
[2020-08-08T13:03:23.258+0300][461.981s][info][gc] GC(2707) Pause Young (Allocation Failure) 117M->117M(455M) 172.467ms
[2020-08-08T13:03:23.454+0300][462.177s][info][gc] GC(2708) Pause Young (Allocation Failure) 174M->175M(455M) 187.854ms
[2020-08-08T13:03:23.554+0300][462.277s][info][gc] GC(2709) Pause Young (Allocation Failure) 232M->232M(455M) 91.224ms
[2020-08-08T13:03:23.825+0300][462.548s][info][gc] GC(2710) Pause Young (Allocation Failure) 290M->290M(455M) 262.344ms
[2020-08-08T13:03:23.910+0300][462.633s][info][gc] GC(2711) Pause Young (Allocation Failure) 347M->347M(455M) 76.222ms
[2020-08-08T13:03:24.097+0300][462.820s][info][gc] GC(2712) Pause Full (Ergonomics) 347M->79M(455M) 186.595ms
[2020-08-08T13:03:24.319+0300][463.042s][info][gc] GC(2713) Pause Young (Allocation Failure) 136M->136M(455M) 208.208ms
[2020-08-08T13:03:24.461+0300][463.184s][info][gc] GC(2714) Pause Young (Allocation Failure) 193M->193M(455M) 134.453ms
[2020-08-08T13:03:24.569+0300][463.292s][info][gc] GC(2715) Pause Young (Allocation Failure) 251M->251M(455M) 96.446ms
[2020-08-08T13:03:24.761+0300][463.484s][info][gc] GC(2716) Pause Young (Allocation Failure) 308M->309M(455M) 182.125ms
[2020-08-08T13:03:24.832+0300][463.555s][info][gc] GC(2717) Pause Full (Ergonomics) 309M->41M(455M) 70.811ms
[2020-08-08T13:03:25.012+0300][463.735s][info][gc] GC(2718) Pause Young (Allocation Failure) 99M->99M(455M) 170.373ms
[2020-08-08T13:03:25.284+0300][464.007s][info][gc] GC(2719) Pause Young (Allocation Failure) 156M->156M(455M) 260.717ms
[2020-08-08T13:03:25.384+0300][464.107s][info][gc] GC(2720) Pause Young (Allocation Failure) 214M->214M(455M) 84.232ms
[2020-08-08T13:03:25.700+0300][464.423s][info][gc] GC(2721) Pause Young (Allocation Failure) 270M->270M(455M) 301.063ms
[2020-08-08T13:03:25.811+0300][464.534s][info][gc] GC(2722) Pause Young (Allocation Failure) 328M->328M(455M) 102.753ms
[2020-08-08T13:03:25.940+0300][464.663s][info][gc] GC(2723) Pause Full (Ergonomics) 328M->59M(455M) 128.878ms
[2020-08-08T13:03:26.126+0300][464.849s][info][gc] GC(2724) Pause Young (Allocation Failure) 117M->117M(455M) 176.392ms
[2020-08-08T13:03:26.341+0300][465.064s][info][gc] GC(2725) Pause Young (Allocation Failure) 174M->175M(455M) 203.792ms
[2020-08-08T13:03:26.438+0300][465.161s][info][gc] GC(2726) Pause Young (Allocation Failure) 232M->232M(455M) 87.343ms
[2020-08-08T13:03:26.705+0300][465.428s][info][gc] GC(2727) Pause Young (Allocation Failure) 290M->290M(455M) 259.193ms
[2020-08-08T13:03:26.794+0300][465.517s][info][gc] GC(2728) Pause Young (Allocation Failure) 347M->347M(455M) 78.226ms
[2020-08-08T13:03:26.973+0300][465.696s][info][gc] GC(2729) Pause Full (Ergonomics) 347M->80M(455M) 179.293ms
[2020-08-08T13:03:27.180+0300][465.903s][info][gc] GC(2730) Pause Young (Allocation Failure) 136M->136M(455M) 196.057ms
[2020-08-08T13:03:27.330+0300][466.053s][info][gc] GC(2731) Pause Young (Allocation Failure) 193M->193M(455M) 138.579ms
[2020-08-08T13:03:27.435+0300][466.158s][info][gc] GC(2732) Pause Young (Allocation Failure) 251M->251M(455M) 95.795ms
[2020-08-08T13:03:27.673+0300][466.396s][info][gc] GC(2733) Pause Young (Allocation Failure) 308M->309M(455M) 229.722ms
[2020-08-08T13:03:27.743+0300][466.466s][info][gc] GC(2734) Pause Full (Ergonomics) 309M->41M(455M) 69.628ms
[2020-08-08T13:03:27.922+0300][466.645s][info][gc] GC(2735) Pause Young (Allocation Failure) 99M->99M(455M) 169.482ms
[2020-08-08T13:03:28.197+0300][466.920s][info][gc] GC(2736) Pause Young (Allocation Failure) 156M->156M(455M) 267.791ms
[2020-08-08T13:03:28.283+0300][467.006s][info][gc] GC(2737) Pause Young (Allocation Failure) 214M->214M(455M) 74.185ms
[2020-08-08T13:03:28.568+0300][467.291s][info][gc] GC(2738) Pause Young (Allocation Failure) 270M->270M(455M) 275.165ms
[2020-08-08T13:03:28.683+0300][467.406s][info][gc] GC(2739) Pause Young (Allocation Failure) 328M->328M(455M) 105.632ms
[2020-08-08T13:03:28.808+0300][467.531s][info][gc] GC(2740) Pause Full (Ergonomics) 328M->59M(455M) 125.038ms
[2020-08-08T13:03:28.995+0300][467.718s][info][gc] GC(2741) Pause Young (Allocation Failure) 117M->117M(455M) 177.228ms
[2020-08-08T13:03:29.195+0300][467.918s][info][gc] GC(2742) Pause Young (Allocation Failure) 175M->175M(455M) 192.389ms
[2020-08-08T13:03:29.293+0300][468.016s][info][gc] GC(2743) Pause Young (Allocation Failure) 232M->232M(455M) 86.369ms
[2020-08-08T13:03:29.578+0300][468.301s][info][gc] GC(2744) Pause Young (Allocation Failure) 290M->290M(455M) 274.092ms
[2020-08-08T13:03:29.664+0300][468.387s][info][gc] GC(2745) Pause Young (Allocation Failure) 347M->347M(455M) 74.965ms
[2020-08-08T13:03:29.848+0300][468.571s][info][gc] GC(2746) Pause Full (Ergonomics) 347M->80M(455M) 184.039ms
[2020-08-08T13:03:30.051+0300][468.774s][info][gc] GC(2747) Pause Young (Allocation Failure) 136M->136M(455M) 192.957ms
[2020-08-08T13:03:30.177+0300][468.900s][info][gc] GC(2748) Pause Young (Allocation Failure) 193M->193M(455M) 116.710ms
[2020-08-08T13:03:30.286+0300][469.009s][info][gc] GC(2749) Pause Young (Allocation Failure) 251M->251M(455M) 95.783ms
[2020-08-08T13:03:30.477+0300][469.200s][info][gc] GC(2750) Pause Young (Allocation Failure) 308M->309M(455M) 182.731ms
[2020-08-08T13:03:30.549+0300][469.272s][info][gc] GC(2751) Pause Full (Ergonomics) 309M->40M(455M) 71.948ms
[2020-08-08T13:03:30.743+0300][469.466s][info][gc] GC(2752) Pause Young (Allocation Failure) 98M->98M(455M) 183.492ms
[2020-08-08T13:03:31.032+0300][469.755s][info][gc] GC(2753) Pause Young (Allocation Failure) 155M->156M(455M) 281.329ms
[2020-08-08T13:03:31.120+0300][469.843s][info][gc] GC(2754) Pause Young (Allocation Failure) 213M->213M(455M) 78.548ms
[2020-08-08T13:03:31.517+0300][470.240s][info][gc] GC(2755) Pause Young (Allocation Failure) 269M->270M(455M) 387.370ms
[2020-08-08T13:03:31.671+0300][470.394s][info][gc] GC(2756) Pause Young (Allocation Failure) 327M->327M(455M) 144.182ms
[2020-08-08T13:03:31.795+0300][470.518s][info][gc] GC(2757) Pause Full (Ergonomics) 327M->59M(455M) 123.273ms
[2020-08-08T13:03:31.978+0300][470.700s][info][gc] GC(2758) Pause Young (Allocation Failure) 117M->117M(455M) 172.268ms
[2020-08-08T13:03:32.183+0300][470.906s][info][gc] GC(2759) Pause Young (Allocation Failure) 174M->175M(455M) 195.180ms
[2020-08-08T13:03:32.278+0300][471.001s][info][gc] GC(2760) Pause Young (Allocation Failure) 232M->232M(455M) 85.321ms
[2020-08-08T13:03:32.564+0300][471.287s][info][gc] GC(2761) Pause Young (Allocation Failure) 290M->290M(455M) 277.247ms
[2020-08-08T13:03:32.661+0300][471.383s][info][gc] GC(2762) Pause Young (Allocation Failure) 347M->347M(455M) 82.672ms
[2020-08-08T13:03:32.846+0300][471.569s][info][gc] GC(2763) Pause Full (Ergonomics) 347M->79M(455M) 185.197ms
[2020-08-08T13:03:33.032+0300][471.755s][info][gc] GC(2764) Pause Young (Allocation Failure) 136M->136M(455M) 175.892ms
[2020-08-08T13:03:33.177+0300][471.900s][info][gc] GC(2765) Pause Young (Allocation Failure) 193M->193M(455M) 137.522ms
[2020-08-08T13:03:33.281+0300][472.004s][info][gc] GC(2766) Pause Young (Allocation Failure) 251M->251M(455M) 93.401ms
[2020-08-08T13:03:33.481+0300][472.203s][info][gc] GC(2767) Pause Young (Allocation Failure) 308M->309M(455M) 191.386ms
[2020-08-08T13:03:33.551+0300][472.274s][info][gc] GC(2768) Pause Full (Ergonomics) 309M->41M(455M) 70.041ms
[2020-08-08T13:03:33.744+0300][472.467s][info][gc] GC(2769) Pause Young (Allocation Failure) 98M->98M(455M) 180.739ms
[2020-08-08T13:03:34.027+0300][472.750s][info][gc] GC(2770) Pause Young (Allocation Failure) 156M->156M(455M) 276.032ms
[2020-08-08T13:03:34.115+0300][472.838s][info][gc] GC(2771) Pause Young (Allocation Failure) 213M->213M(455M) 78.434ms
[2020-08-08T13:03:34.425+0300][473.148s][info][gc] GC(2772) Pause Young (Allocation Failure) 270M->270M(455M) 300.192ms
[2020-08-08T13:03:34.539+0300][473.262s][info][gc] GC(2773) Pause Young (Allocation Failure) 327M->327M(455M) 104.019ms
[2020-08-08T13:03:34.662+0300][473.385s][info][gc] GC(2774) Pause Full (Ergonomics) 327M->59M(455M) 123.617ms
[2020-08-08T13:03:34.848+0300][473.571s][info][gc] GC(2775) Pause Young (Allocation Failure) 117M->117M(455M) 172.328ms
[2020-08-08T13:03:35.052+0300][473.775s][info][gc] GC(2776) Pause Young (Allocation Failure) 174M->175M(455M) 195.581ms
[2020-08-08T13:03:35.147+0300][473.869s][info][gc] GC(2777) Pause Young (Allocation Failure) 232M->232M(455M) 84.688ms
[2020-08-08T13:03:35.409+0300][474.132s][info][gc] GC(2778) Pause Young (Allocation Failure) 290M->290M(455M) 254.470ms
[2020-08-08T13:03:35.496+0300][474.219s][info][gc] GC(2779) Pause Young (Allocation Failure) 347M->347M(455M) 77.956ms
[2020-08-08T13:03:35.682+0300][474.405s][info][gc] GC(2780) Pause Full (Ergonomics) 347M->79M(455M) 186.105ms
[2020-08-08T13:03:35.884+0300][474.607s][info][gc] GC(2781) Pause Young (Allocation Failure) 136M->136M(455M) 188.660ms
[2020-08-08T13:03:36.005+0300][474.728s][info][gc] GC(2782) Pause Young (Allocation Failure) 193M->193M(455M) 112.563ms
[2020-08-08T13:03:36.109+0300][474.832s][info][gc] GC(2783) Pause Young (Allocation Failure) 251M->251M(455M) 94.543ms
[2020-08-08T13:03:36.305+0300][475.028s][info][gc] GC(2784) Pause Young (Allocation Failure) 308M->309M(455M) 187.301ms
[2020-08-08T13:03:36.376+0300][475.099s][info][gc] GC(2785) Pause Full (Ergonomics) 309M->41M(455M) 71.148ms
[2020-08-08T13:03:36.588+0300][475.311s][info][gc] GC(2786) Pause Young (Allocation Failure) 98M->98M(455M) 202.262ms
[2020-08-08T13:03:36.907+0300][475.630s][info][gc] GC(2787) Pause Young (Allocation Failure) 156M->156M(455M) 310.364ms
[2020-08-08T13:03:37.002+0300][475.725s][info][gc] GC(2788) Pause Young (Allocation Failure) 213M->213M(455M) 83.571ms
[2020-08-08T13:03:37.322+0300][476.045s][info][gc] GC(2789) Pause Young (Allocation Failure) 270M->270M(455M) 309.552ms
[2020-08-08T13:03:37.431+0300][476.154s][info][gc] GC(2790) Pause Young (Allocation Failure) 327M->327M(455M) 102.309ms
[2020-08-08T13:03:37.555+0300][476.278s][info][gc] GC(2791) Pause Full (Ergonomics) 327M->59M(455M) 123.609ms
[2020-08-08T13:03:37.741+0300][476.464s][info][gc] GC(2792) Pause Young (Allocation Failure) 117M->117M(455M) 176.065ms
[2020-08-08T13:03:37.955+0300][476.678s][info][gc] GC(2793) Pause Young (Allocation Failure) 175M->175M(455M) 203.542ms
[2020-08-08T13:03:38.050+0300][476.773s][info][gc] GC(2794) Pause Young (Allocation Failure) 232M->232M(455M) 86.086ms
[2020-08-08T13:03:38.316+0300][477.039s][info][gc] GC(2795) Pause Young (Allocation Failure) 290M->290M(455M) 257.911ms
[2020-08-08T13:03:38.403+0300][477.126s][info][gc] GC(2796) Pause Young (Allocation Failure) 347M->347M(455M) 77.118ms
[2020-08-08T13:03:38.589+0300][477.312s][info][gc] GC(2797) Pause Full (Ergonomics) 347M->80M(455M) 186.206ms
[2020-08-08T13:03:38.781+0300][477.504s][info][gc] GC(2798) Pause Young (Allocation Failure) 136M->136M(455M) 181.696ms
[2020-08-08T13:03:38.916+0300][477.639s][info][gc] GC(2799) Pause Young (Allocation Failure) 193M->193M(455M) 124.636ms
[2020-08-08T13:03:39.021+0300][477.744s][info][gc] GC(2800) Pause Young (Allocation Failure) 251M->251M(455M) 95.386ms
[2020-08-08T13:03:39.215+0300][477.938s][info][gc] GC(2801) Pause Young (Allocation Failure) 308M->309M(455M) 185.100ms
[2020-08-08T13:03:39.284+0300][478.007s][info][gc] GC(2802) Pause Full (Ergonomics) 309M->41M(455M) 69.477ms
[2020-08-08T13:03:39.494+0300][478.217s][info][gc] GC(2803) Pause Young (Allocation Failure) 98M->98M(455M) 199.532ms
[2020-08-08T13:03:39.817+0300][478.540s][info][gc] GC(2804) Pause Young (Allocation Failure) 156M->156M(455M) 315.059ms
[2020-08-08T13:03:39.915+0300][478.638s][info][gc] GC(2805) Pause Young (Allocation Failure) 213M->213M(455M) 82.366ms
[2020-08-08T13:03:40.249+0300][478.972s][info][gc] GC(2806) Pause Young (Allocation Failure) 270M->270M(455M) 323.906ms
[2020-08-08T13:03:40.369+0300][479.092s][info][gc] GC(2807) Pause Young (Allocation Failure) 327M->327M(455M) 111.928ms
[2020-08-08T13:03:40.493+0300][479.216s][info][gc] GC(2808) Pause Full (Ergonomics) 327M->59M(455M) 124.429ms
[2020-08-08T13:03:40.662+0300][479.384s][info][gc] GC(2809) Pause Young (Allocation Failure) 117M->117M(455M) 157.183ms
[2020-08-08T13:03:40.860+0300][479.583s][info][gc] GC(2810) Pause Young (Allocation Failure) 174M->175M(455M) 191.287ms
[2020-08-08T13:03:40.961+0300][479.684s][info][gc] GC(2811) Pause Young (Allocation Failure) 232M->232M(455M) 89.235ms
[2020-08-08T13:03:41.245+0300][479.968s][info][gc] GC(2812) Pause Young (Allocation Failure) 290M->290M(455M) 275.382ms
[2020-08-08T13:03:41.329+0300][480.052s][info][gc] GC(2813) Pause Young (Allocation Failure) 347M->347M(455M) 73.969ms
[2020-08-08T13:03:41.518+0300][480.240s][info][gc] GC(2814) Pause Full (Ergonomics) 347M->80M(455M) 188.820ms
[2020-08-08T13:03:41.722+0300][480.445s][info][gc] GC(2815) Pause Young (Allocation Failure) 136M->136M(455M) 194.960ms
[2020-08-08T13:03:41.852+0300][480.575s][info][gc] GC(2816) Pause Young (Allocation Failure) 193M->193M(455M) 120.698ms
[2020-08-08T13:03:41.965+0300][480.687s][info][gc] GC(2817) Pause Young (Allocation Failure) 251M->251M(455M) 99.796ms
[2020-08-08T13:03:42.163+0300][480.886s][info][gc] GC(2818) Pause Young (Allocation Failure) 308M->309M(455M) 189.549ms
[2020-08-08T13:03:42.237+0300][480.960s][info][gc] GC(2819) Pause Full (Ergonomics) 309M->41M(455M) 74.070ms
[2020-08-08T13:03:42.440+0300][481.163s][info][gc] GC(2820) Pause Young (Allocation Failure) 98M->98M(455M) 194.265ms
[2020-08-08T13:03:42.747+0300][481.470s][info][gc] GC(2821) Pause Young (Allocation Failure) 156M->156M(455M) 298.680ms
[2020-08-08T13:03:42.840+0300][481.563s][info][gc] GC(2822) Pause Young (Allocation Failure) 213M->214M(455M) 80.236ms
[2020-08-08T13:03:43.183+0300][481.906s][info][gc] GC(2823) Pause Young (Allocation Failure) 270M->270M(455M) 327.549ms
[2020-08-08T13:03:43.307+0300][482.029s][info][gc] GC(2824) Pause Young (Allocation Failure) 327M->327M(455M) 115.239ms
[2020-08-08T13:03:43.435+0300][482.158s][info][gc] GC(2825) Pause Full (Ergonomics) 327M->59M(455M) 128.081ms
[2020-08-08T13:03:43.617+0300][482.340s][info][gc] GC(2826) Pause Young (Allocation Failure) 117M->117M(455M) 171.303ms
[2020-08-08T13:03:43.790+0300][482.512s][info][gc] GC(2827) Pause Young (Allocation Failure) 174M->175M(455M) 162.654ms
[2020-08-08T13:03:43.890+0300][482.613s][info][gc] GC(2828) Pause Young (Allocation Failure) 232M->232M(455M) 90.245ms
