[2020-08-01T12:32:28.798+0300][0.008s][debug][gc] ConcGCThreads: 2 offset 12
[2020-08-01T12:32:28.798+0300][0.008s][debug][gc] ParallelGCThreads: 6
[2020-08-01T12:32:28.798+0300][0.008s][debug][gc] Initialize mark stack with 4096 chunks, maximum 16384
[2020-08-01T12:32:28.804+0300][0.013s][info ][gc] Using G1
[2020-08-01T12:32:28.821+0300][0.030s][info ][gc] Periodic GC disabled
[2020-08-01T12:32:29.026+0300][0.236s][info ][gc] GC(0) Pause Young (Normal) (G1 Evacuation Pause) 45M->40M(512M) 14.285ms
[2020-08-01T12:32:29.054+0300][0.264s][info ][gc] GC(1) Pause Young (Normal) (G1 Evacuation Pause) 61M->62M(512M) 18.515ms
[2020-08-01T12:32:29.076+0300][0.286s][info ][gc] GC(2) Pause Young (Normal) (G1 Evacuation Pause) 83M->84M(512M) 12.262ms
[2020-08-01T12:32:29.101+0300][0.310s][info ][gc] GC(3) Pause Young (Normal) (G1 Evacuation Pause) 105M->106M(512M) 14.481ms
[2020-08-01T12:32:29.126+0300][0.336s][info ][gc] GC(4) Pause Young (Normal) (G1 Evacuation Pause) 127M->128M(512M) 15.431ms
[2020-08-01T12:32:29.174+0300][0.383s][info ][gc] GC(5) Pause Young (Normal) (G1 Evacuation Pause) 169M->167M(512M) 11.130ms
[2020-08-01T12:32:29.196+0300][0.405s][info ][gc] GC(6) Pause Young (Normal) (G1 Evacuation Pause) 188M->189M(512M) 13.053ms
[2020-08-01T12:32:29.216+0300][0.426s][info ][gc] GC(7) Pause Young (Normal) (G1 Evacuation Pause) 210M->212M(512M) 12.062ms
[2020-08-01T12:32:29.241+0300][0.450s][info ][gc] GC(8) Pause Young (Normal) (G1 Evacuation Pause) 233M->234M(512M) 15.100ms
[2020-08-01T12:32:29.265+0300][0.475s][info ][gc] GC(9) Pause Young (Concurrent Start) (G1 Evacuation Pause) 255M->257M(512M) 15.416ms
[2020-08-01T12:32:29.265+0300][0.475s][info ][gc] GC(10) Concurrent Cycle
[2020-08-01T12:32:29.288+0300][0.498s][info ][gc] GC(11) Pause Young (Normal) (G1 Evacuation Pause) 278M->279M(512M) 13.594ms
[2020-08-01T12:32:29.338+0300][0.547s][info ][gc] GC(12) Pause Young (Normal) (G1 Evacuation Pause) 320M->322M(512M) 15.466ms
[2020-08-01T12:32:29.361+0300][0.570s][info ][gc] GC(13) Pause Young (Normal) (G1 Evacuation Pause) 343M->344M(512M) 13.879ms
[2020-08-01T12:32:29.389+0300][0.598s][info ][gc] GC(14) Pause Young (Normal) (G1 Evacuation Pause) 365M->366M(512M) 16.373ms
[2020-08-01T12:32:29.415+0300][0.624s][info ][gc] GC(15) Pause Young (Normal) (G1 Evacuation Pause) 387M->389M(512M) 16.420ms
[2020-08-01T12:32:29.422+0300][0.632s][debug][gc] GC(10) Reclaimed 106 empty regions
[2020-08-01T12:32:29.422+0300][0.632s][info ][gc] GC(10) Pause Remark 401M->295M(512M) 0.512ms
[2020-08-01T12:32:29.443+0300][0.652s][info ][gc] GC(16) Pause Young (Normal) (G1 Evacuation Pause) 304M->305M(512M) 15.934ms
[2020-08-01T12:32:29.500+0300][0.710s][info ][gc] GC(17) Pause Young (Normal) (G1 Evacuation Pause) 346M->347M(512M) 13.317ms
[2020-08-01T12:32:29.531+0300][0.741s][info ][gc] GC(18) Pause Young (Normal) (G1 Evacuation Pause) 368M->369M(512M) 12.249ms
[2020-08-01T12:32:29.560+0300][0.770s][info ][gc] GC(19) Pause Young (Normal) (G1 Evacuation Pause) 390M->392M(512M) 15.085ms
[2020-08-01T12:32:29.600+0300][0.809s][info ][gc] GC(20) Pause Young (Normal) (G1 Evacuation Pause) 413M->414M(512M) 13.595ms
[2020-08-01T12:32:29.616+0300][0.825s][info ][gc] GC(10) Pause Cleanup 419M->419M(512M) 0.135ms
[2020-08-01T12:32:29.618+0300][0.828s][info ][gc] GC(10) Concurrent Cycle 353.087ms
[2020-08-01T12:32:29.639+0300][0.848s][info ][gc] GC(21) Pause Young (Prepare Mixed) (G1 Evacuation Pause) 435M->437M(512M) 13.931ms
[2020-08-01T12:32:29.668+0300][0.877s][info ][gc] GC(22) Pause Young (Mixed) (G1 Evacuation Pause) 458M->453M(512M) 11.964ms
[2020-08-01T12:32:29.732+0300][0.941s][info ][gc] GC(23) To-space exhausted
[2020-08-01T12:32:29.732+0300][0.941s][info ][gc] GC(23) Pause Young (Mixed) (G1 Evacuation Pause) 494M->504M(512M) 21.578ms
[2020-08-01T12:32:29.760+0300][0.969s][info ][gc] GC(24) To-space exhausted
[2020-08-01T12:32:29.760+0300][0.969s][info ][gc] GC(24) Pause Young (Mixed) (G1 Evacuation Pause) 512M->512M(512M) 18.589ms
[2020-08-01T12:32:29.792+0300][1.001s][info ][gc] GC(25) Pause Full (G1 Evacuation Pause) 512M->45M(512M) 32.031ms
[2020-08-01T12:32:29.817+0300][1.026s][info ][gc] GC(26) Pause Young (Normal) (G1 Evacuation Pause) 70M->70M(512M) 13.207ms
[2020-08-01T12:32:29.843+0300][1.053s][info ][gc] GC(27) Pause Young (Normal) (G1 Evacuation Pause) 91M->92M(512M) 12.633ms
[2020-08-01T12:32:29.863+0300][1.073s][info ][gc] GC(28) Pause Young (Normal) (G1 Evacuation Pause) 113M->115M(512M) 10.918ms
[2020-08-01T12:32:29.885+0300][1.095s][info ][gc] GC(29) Pause Young (Normal) (G1 Evacuation Pause) 136M->137M(512M) 10.932ms
[2020-08-01T12:32:29.935+0300][1.145s][info ][gc] GC(30) Pause Young (Normal) (G1 Evacuation Pause) 178M->180M(512M) 12.026ms
[2020-08-01T12:32:29.955+0300][1.164s][info ][gc] GC(31) Pause Young (Normal) (G1 Evacuation Pause) 201M->202M(512M) 10.717ms
[2020-08-01T12:32:29.974+0300][1.184s][info ][gc] GC(32) Pause Young (Normal) (G1 Evacuation Pause) 223M->224M(512M) 10.929ms
[2020-08-01T12:32:29.995+0300][1.205s][info ][gc] GC(33) Pause Young (Normal) (G1 Evacuation Pause) 245M->246M(512M) 12.407ms
[2020-08-01T12:32:30.020+0300][1.229s][info ][gc] GC(34) Pause Young (Concurrent Start) (G1 Evacuation Pause) 267M->268M(512M) 14.845ms
[2020-08-01T12:32:30.020+0300][1.229s][info ][gc] GC(35) Concurrent Cycle
[2020-08-01T12:32:30.087+0300][1.296s][info ][gc] GC(36) Pause Young (Normal) (G1 Evacuation Pause) 309M->311M(512M) 12.785ms
[2020-08-01T12:32:30.114+0300][1.324s][info ][gc] GC(37) Pause Young (Normal) (G1 Evacuation Pause) 332M->333M(512M) 14.488ms
[2020-08-01T12:32:30.138+0300][1.347s][info ][gc] GC(38) Pause Young (Normal) (G1 Evacuation Pause) 354M->355M(512M) 12.876ms
[2020-08-01T12:32:30.160+0300][1.369s][info ][gc] GC(39) Pause Young (Normal) (G1 Evacuation Pause) 376M->378M(512M) 11.186ms
[2020-08-01T12:32:30.168+0300][1.377s][debug][gc] GC(35) Reclaimed 119 empty regions
[2020-08-01T12:32:30.168+0300][1.377s][info ][gc] GC(35) Pause Remark 392M->277M(512M) 0.548ms
[2020-08-01T12:32:30.184+0300][1.394s][info ][gc] GC(40) Pause Young (Normal) (G1 Evacuation Pause) 283M->284M(512M) 12.800ms
[2020-08-01T12:32:30.218+0300][1.428s][info ][gc] GC(41) Pause Young (Normal) (G1 Evacuation Pause) 305M->306M(512M) 10.788ms
[2020-08-01T12:32:30.264+0300][1.473s][info ][gc] GC(42) Pause Young (Normal) (G1 Evacuation Pause) 347M->349M(512M) 12.369ms
[2020-08-01T12:32:30.297+0300][1.506s][info ][gc] GC(43) Pause Young (Normal) (G1 Evacuation Pause) 370M->371M(512M) 13.937ms
[2020-08-01T12:32:30.337+0300][1.546s][info ][gc] GC(35) Pause Cleanup 389M->389M(512M) 0.221ms
[2020-08-01T12:32:30.339+0300][1.549s][info ][gc] GC(35) Concurrent Cycle 319.484ms
[2020-08-01T12:32:30.357+0300][1.567s][info ][gc] GC(44) Pause Young (Prepare Mixed) (G1 Evacuation Pause) 392M->393M(512M) 17.670ms
[2020-08-01T12:32:30.396+0300][1.606s][info ][gc] GC(45) Pause Young (Mixed) (G1 Evacuation Pause) 414M->409M(512M) 17.183ms
[2020-08-01T12:32:30.431+0300][1.641s][info ][gc] GC(46) Pause Young (Concurrent Start) (G1 Evacuation Pause) 430M->432M(512M) 16.493ms
[2020-08-01T12:32:30.431+0300][1.641s][info ][gc] GC(47) Concurrent Cycle
[2020-08-01T12:32:30.484+0300][1.693s][info ][gc] GC(48) Pause Young (Normal) (G1 Evacuation Pause) 473M->474M(512M) 16.793ms
[2020-08-01T12:32:30.524+0300][1.733s][info ][gc] GC(49) To-space exhausted
[2020-08-01T12:32:30.524+0300][1.734s][info ][gc] GC(49) Pause Young (Normal) (G1 Evacuation Pause) 495M->502M(512M) 27.820ms
[2020-08-01T12:32:30.566+0300][1.775s][info ][gc] GC(50) To-space exhausted
[2020-08-01T12:32:30.566+0300][1.775s][info ][gc] GC(50) Pause Young (Normal) (G1 Evacuation Pause) 511M->511M(512M) 21.407ms
[2020-08-01T12:32:30.566+0300][1.776s][debug][gc] GC(51) Clear Next Bitmap 0.292ms
[2020-08-01T12:32:30.612+0300][1.822s][info ][gc] GC(51) Pause Full (G1 Evacuation Pause) 511M->60M(512M) 46.605ms
[2020-08-01T12:32:30.613+0300][1.822s][info ][gc] GC(47) Concurrent Cycle 181.272ms
[2020-08-01T12:32:30.636+0300][1.845s][info ][gc] GC(52) Pause Young (Normal) (G1 Evacuation Pause) 85M->85M(512M) 12.607ms
[2020-08-01T12:32:30.656+0300][1.865s][info ][gc] GC(53) Pause Young (Normal) (G1 Evacuation Pause) 106M->107M(512M) 10.740ms
[2020-08-01T12:32:30.677+0300][1.886s][info ][gc] GC(54) Pause Young (Normal) (G1 Evacuation Pause) 128M->129M(512M) 11.572ms
[2020-08-01T12:32:30.722+0300][1.931s][info ][gc] GC(55) Pause Young (Normal) (G1 Evacuation Pause) 170M->171M(512M) 12.174ms
[2020-08-01T12:32:30.744+0300][1.954s][info ][gc] GC(56) Pause Young (Normal) (G1 Evacuation Pause) 192M->193M(512M) 13.696ms
[2020-08-01T12:32:30.766+0300][1.975s][info ][gc] GC(57) Pause Young (Normal) (G1 Evacuation Pause) 214M->216M(512M) 12.661ms
[2020-08-01T12:32:30.787+0300][1.996s][info ][gc] GC(58) Pause Young (Normal) (G1 Evacuation Pause) 237M->238M(512M) 12.401ms
[2020-08-01T12:32:30.806+0300][2.016s][info ][gc] GC(59) Pause Young (Concurrent Start) (G1 Evacuation Pause) 259M->261M(512M) 10.437ms
[2020-08-01T12:32:30.806+0300][2.016s][info ][gc] GC(60) Concurrent Cycle
[2020-08-01T12:32:30.844+0300][2.053s][info ][gc] GC(61) Pause Young (Normal) (G1 Evacuation Pause) 302M->303M(512M) 12.579ms
[2020-08-01T12:32:30.866+0300][2.075s][info ][gc] GC(62) Pause Young (Normal) (G1 Evacuation Pause) 324M->325M(512M) 10.638ms
[2020-08-01T12:32:30.889+0300][2.098s][info ][gc] GC(63) Pause Young (Normal) (G1 Evacuation Pause) 346M->347M(512M) 12.727ms
[2020-08-01T12:32:30.908+0300][2.117s][info ][gc] GC(64) Pause Young (Normal) (G1 Evacuation Pause) 368M->370M(512M) 10.445ms
[2020-08-01T12:32:30.928+0300][2.137s][info ][gc] GC(65) Pause Young (Normal) (G1 Evacuation Pause) 391M->393M(512M) 10.969ms
[2020-08-01T12:32:30.951+0300][2.160s][info ][gc] GC(66) Pause Young (Normal) (G1 Evacuation Pause) 414M->416M(512M) 13.263ms
[2020-08-01T12:32:30.964+0300][2.173s][debug][gc] GC(60) Reclaimed 128 empty regions
[2020-08-01T12:32:30.964+0300][2.174s][info ][gc] GC(60) Pause Remark 424M->299M(512M) 0.518ms
[2020-08-01T12:32:30.991+0300][2.200s][info ][gc] GC(67) Pause Young (Normal) (G1 Evacuation Pause) 331M->333M(512M) 11.774ms
[2020-08-01T12:32:31.017+0300][2.226s][info ][gc] GC(68) Pause Young (Normal) (G1 Evacuation Pause) 354M->355M(512M) 12.380ms
[2020-08-01T12:32:31.047+0300][2.256s][info ][gc] GC(69) Pause Young (Normal) (G1 Evacuation Pause) 376M->378M(512M) 12.299ms
[2020-08-01T12:32:31.075+0300][2.284s][info ][gc] GC(70) Pause Young (Normal) (G1 Evacuation Pause) 399M->401M(512M) 11.544ms
[2020-08-01T12:32:31.102+0300][2.311s][info ][gc] GC(71) Pause Young (Normal) (G1 Evacuation Pause) 422M->423M(512M) 13.033ms
[2020-08-01T12:32:31.154+0300][2.364s][info ][gc] GC(72) Pause Young (Normal) (G1 Evacuation Pause) 464M->465M(512M) 11.949ms
[2020-08-01T12:32:31.185+0300][2.394s][info ][gc] GC(73) To-space exhausted
[2020-08-01T12:32:31.185+0300][2.395s][info ][gc] GC(73) Pause Young (Normal) (G1 Evacuation Pause) 486M->488M(512M) 12.704ms
[2020-08-01T12:32:31.191+0300][2.400s][info ][gc] GC(60) Pause Cleanup 489M->489M(512M) 0.129ms
[2020-08-01T12:32:31.192+0300][2.401s][info ][gc] GC(60) Concurrent Cycle 385.346ms
[2020-08-01T12:32:31.235+0300][2.444s][info ][gc] GC(74) To-space exhausted
[2020-08-01T12:32:31.235+0300][2.444s][info ][gc] GC(74) Pause Young (Normal) (G1 Evacuation Pause) 509M->511M(512M) 34.683ms
[2020-08-01T12:32:31.278+0300][2.487s][info ][gc] GC(75) Pause Full (G1 Evacuation Pause) 511M->66M(512M) 42.645ms
[2020-08-01T12:32:31.301+0300][2.510s][info ][gc] GC(76) Pause Young (Normal) (G1 Evacuation Pause) 92M->92M(512M) 12.148ms
[2020-08-01T12:32:31.322+0300][2.531s][info ][gc] GC(77) Pause Young (Normal) (G1 Evacuation Pause) 115M->117M(512M) 11.531ms
[2020-08-01T12:32:31.391+0300][2.601s][info ][gc] GC(78) Pause Young (Normal) (G1 Evacuation Pause) 158M->159M(512M) 28.619ms
[2020-08-01T12:32:31.416+0300][2.626s][info ][gc] GC(79) Pause Young (Normal) (G1 Evacuation Pause) 180M->181M(512M) 13.388ms
[2020-08-01T12:32:31.435+0300][2.645s][info ][gc] GC(80) Pause Young (Normal) (G1 Evacuation Pause) 202M->203M(512M) 10.319ms
[2020-08-01T12:32:31.456+0300][2.666s][info ][gc] GC(81) Pause Young (Normal) (G1 Evacuation Pause) 224M->226M(512M) 12.420ms
[2020-08-01T12:32:31.475+0300][2.685s][info ][gc] GC(82) Pause Young (Normal) (G1 Evacuation Pause) 247M->248M(512M) 10.742ms
[2020-08-01T12:32:31.495+0300][2.705s][info ][gc] GC(83) Pause Young (Concurrent Start) (G1 Evacuation Pause) 269M->270M(512M) 11.432ms
[2020-08-01T12:32:31.495+0300][2.705s][info ][gc] GC(84) Concurrent Cycle
[2020-08-01T12:32:31.541+0300][2.751s][info ][gc] GC(85) Pause Young (Normal) (G1 Evacuation Pause) 311M->312M(512M) 10.742ms
[2020-08-01T12:32:31.561+0300][2.770s][info ][gc] GC(86) Pause Young (Normal) (G1 Evacuation Pause) 333M->335M(512M) 10.684ms
[2020-08-01T12:32:31.581+0300][2.791s][info ][gc] GC(87) Pause Young (Normal) (G1 Evacuation Pause) 356M->357M(512M) 11.764ms
[2020-08-01T12:32:31.601+0300][2.810s][info ][gc] GC(88) Pause Young (Normal) (G1 Evacuation Pause) 378M->379M(512M) 10.569ms
[2020-08-01T12:32:31.621+0300][2.830s][info ][gc] GC(89) Pause Young (Normal) (G1 Evacuation Pause) 400M->401M(512M) 10.562ms
[2020-08-01T12:32:31.643+0300][2.853s][debug][gc] GC(84) Reclaimed 131 empty regions
[2020-08-01T12:32:31.644+0300][2.853s][info ][gc] GC(84) Pause Remark 421M->292M(512M) 0.473ms
[2020-08-01T12:32:31.675+0300][2.885s][info ][gc] GC(90) Pause Young (Normal) (G1 Evacuation Pause) 313M->314M(512M) 14.624ms
[2020-08-01T12:32:31.714+0300][2.923s][info ][gc] GC(91) Pause Young (Normal) (G1 Evacuation Pause) 335M->336M(512M) 16.588ms
[2020-08-01T12:32:31.751+0300][2.960s][info ][gc] GC(92) Pause Young (Normal) (G1 Evacuation Pause) 357M->359M(512M) 15.934ms
[2020-08-01T12:32:31.795+0300][3.005s][info ][gc] GC(93) Pause Young (Normal) (G1 Evacuation Pause) 380M->381M(512M) 15.574ms
[2020-08-01T12:32:31.845+0300][3.054s][info ][gc] GC(94) Pause Young (Normal) (G1 Evacuation Pause) 402M->403M(512M) 17.899ms
[2020-08-01T12:32:31.874+0300][3.083s][info ][gc] GC(95) Pause Young (Normal) (G1 Evacuation Pause) 424M->426M(512M) 10.609ms
[2020-08-01T12:32:31.880+0300][3.089s][info ][gc] GC(84) Pause Cleanup 426M->426M(512M) 0.188ms
[2020-08-01T12:32:31.880+0300][3.090s][info ][gc] GC(84) Concurrent Cycle 385.154ms
[2020-08-01T12:32:31.903+0300][3.112s][info ][gc] GC(96) Pause Young (Concurrent Start) (G1 Humongous Allocation) 435M->435M(512M) 6.144ms
[2020-08-01T12:32:31.903+0300][3.112s][info ][gc] GC(97) Concurrent Cycle
[2020-08-01T12:32:31.911+0300][3.120s][debug][gc] GC(97) Reclaimed 413 empty regions
[2020-08-01T12:32:31.911+0300][3.120s][info ][gc] GC(97) Pause Remark 463M->50M(512M) 0.526ms
[2020-08-01T12:32:31.926+0300][3.135s][info ][gc] GC(98) Pause Young (Normal) (G1 Evacuation Pause) 63M->60M(512M) 8.936ms
[2020-08-01T12:32:31.932+0300][3.141s][info ][gc] GC(97) Pause Cleanup 61M->61M(512M) 0.090ms
[2020-08-01T12:32:31.932+0300][3.142s][info ][gc] GC(97) Concurrent Cycle 29.454ms
[2020-08-01T12:32:31.956+0300][3.165s][info ][gc] GC(99) Pause Young (Normal) (G1 Evacuation Pause) 81M->82M(512M) 13.312ms
[2020-08-01T12:32:31.975+0300][3.184s][info ][gc] GC(100) Pause Young (Normal) (G1 Evacuation Pause) 103M->104M(512M) 10.212ms
[2020-08-01T12:32:31.994+0300][3.204s][info ][gc] GC(101) Pause Young (Normal) (G1 Evacuation Pause) 125M->127M(512M) 11.058ms
[2020-08-01T12:32:32.013+0300][3.223s][info ][gc] GC(102) Pause Young (Normal) (G1 Evacuation Pause) 148M->149M(512M) 10.701ms
[2020-08-01T12:32:32.054+0300][3.263s][info ][gc] GC(103) Pause Young (Normal) (G1 Evacuation Pause) 190M->191M(512M) 10.404ms
[2020-08-01T12:32:32.073+0300][3.282s][info ][gc] GC(104) Pause Young (Normal) (G1 Evacuation Pause) 212M->214M(512M) 10.642ms
[2020-08-01T12:32:32.092+0300][3.301s][info ][gc] GC(105) Pause Young (Normal) (G1 Evacuation Pause) 235M->236M(512M) 10.326ms
[2020-08-01T12:32:32.111+0300][3.320s][info ][gc] GC(106) Pause Young (Concurrent Start) (G1 Evacuation Pause) 257M->258M(512M) 10.835ms
[2020-08-01T12:32:32.111+0300][3.320s][info ][gc] GC(107) Concurrent Cycle
[2020-08-01T12:32:32.132+0300][3.341s][info ][gc] GC(108) Pause Young (Normal) (G1 Evacuation Pause) 279M->281M(512M) 12.099ms
[2020-08-01T12:32:32.177+0300][3.387s][info ][gc] GC(109) Pause Young (Normal) (G1 Evacuation Pause) 322M->323M(512M) 10.657ms
[2020-08-01T12:32:32.197+0300][3.406s][info ][gc] GC(110) Pause Young (Normal) (G1 Evacuation Pause) 344M->345M(512M) 10.622ms
[2020-08-01T12:32:32.216+0300][3.425s][info ][gc] GC(111) Pause Young (Normal) (G1 Evacuation Pause) 366M->367M(512M) 10.322ms
[2020-08-01T12:32:32.221+0300][3.431s][debug][gc] GC(107) Reclaimed 142 empty regions
[2020-08-01T12:32:32.222+0300][3.431s][info ][gc] GC(107) Pause Remark 378M->236M(512M) 0.423ms
[2020-08-01T12:32:32.236+0300][3.446s][info ][gc] GC(112) Pause Young (Normal) (G1 Evacuation Pause) 246M->248M(512M) 10.570ms
[2020-08-01T12:32:32.262+0300][3.472s][info ][gc] GC(113) Pause Young (Normal) (G1 Evacuation Pause) 269M->271M(512M) 10.803ms
[2020-08-01T12:32:32.288+0300][3.497s][info ][gc] GC(114) Pause Young (Normal) (G1 Evacuation Pause) 292M->293M(512M) 11.525ms
[2020-08-01T12:32:32.336+0300][3.546s][info ][gc] GC(115) Pause Young (Normal) (G1 Evacuation Pause) 334M->336M(512M) 10.880ms
[2020-08-01T12:32:32.363+0300][3.572s][info ][gc] GC(116) Pause Young (Normal) (G1 Evacuation Pause) 357M->358M(512M) 11.602ms
[2020-08-01T12:32:32.372+0300][3.582s][info ][gc] GC(107) Pause Cleanup 364M->364M(512M) 0.110ms
[2020-08-01T12:32:32.373+0300][3.582s][info ][gc] GC(107) Concurrent Cycle 262.005ms
[2020-08-01T12:32:32.391+0300][3.600s][info ][gc] GC(117) Pause Young (Normal) (G1 Evacuation Pause) 379M->382M(512M) 12.271ms
[2020-08-01T12:32:32.410+0300][3.619s][info ][gc] GC(118) Pause Young (Concurrent Start) (G1 Evacuation Pause) 403M->404M(512M) 10.337ms
[2020-08-01T12:32:32.410+0300][3.619s][info ][gc] GC(119) Concurrent Cycle
[2020-08-01T12:32:32.431+0300][3.640s][info ][gc] GC(120) Pause Young (Normal) (G1 Evacuation Pause) 425M->426M(512M) 12.129ms
[2020-08-01T12:32:32.472+0300][3.681s][info ][gc] GC(121) Pause Young (Normal) (G1 Evacuation Pause) 467M->468M(512M) 10.443ms
[2020-08-01T12:32:32.494+0300][3.703s][info ][gc] GC(122) To-space exhausted
[2020-08-01T12:32:32.494+0300][3.703s][info ][gc] GC(122) Pause Young (Normal) (G1 Evacuation Pause) 489M->496M(512M) 13.728ms
[2020-08-01T12:32:32.530+0300][3.740s][info ][gc] GC(123) To-space exhausted
[2020-08-01T12:32:32.531+0300][3.740s][info ][gc] GC(123) Pause Young (Normal) (G1 Evacuation Pause) 511M->511M(512M) 30.284ms
[2020-08-01T12:32:32.531+0300][3.740s][debug][gc] GC(124) Clear Next Bitmap 0.371ms
[2020-08-01T12:32:32.575+0300][3.784s][info ][gc] GC(124) Pause Full (G1 Evacuation Pause) 511M->60M(512M) 44.044ms
[2020-08-01T12:32:32.575+0300][3.784s][info ][gc] GC(119) Concurrent Cycle 165.189ms
[2020-08-01T12:32:32.604+0300][3.813s][info ][gc] GC(125) Pause Young (Normal) (G1 Evacuation Pause) 86M->86M(512M) 17.938ms
[2020-08-01T12:32:32.632+0300][3.841s][info ][gc] GC(126) Pause Young (Normal) (G1 Evacuation Pause) 107M->109M(512M) 18.210ms
[2020-08-01T12:32:32.656+0300][3.865s][info ][gc] GC(127) Pause Young (Normal) (G1 Evacuation Pause) 130M->132M(512M) 14.588ms
[2020-08-01T12:32:32.701+0300][3.911s][info ][gc] GC(128) Pause Young (Normal) (G1 Evacuation Pause) 173M->174M(512M) 17.515ms
[2020-08-01T12:32:32.725+0300][3.935s][info ][gc] GC(129) Pause Young (Normal) (G1 Evacuation Pause) 195M->196M(512M) 14.639ms
[2020-08-01T12:32:32.749+0300][3.958s][info ][gc] GC(130) Pause Young (Normal) (G1 Evacuation Pause) 217M->219M(512M) 14.136ms
[2020-08-01T12:32:32.771+0300][3.980s][info ][gc] GC(131) Pause Young (Normal) (G1 Evacuation Pause) 240M->242M(512M) 12.922ms
[2020-08-01T12:32:32.795+0300][4.004s][info ][gc] GC(132) Pause Young (Concurrent Start) (G1 Evacuation Pause) 263M->264M(512M) 14.661ms
[2020-08-01T12:32:32.795+0300][4.004s][info ][gc] GC(133) Concurrent Cycle
[2020-08-01T12:32:32.828+0300][4.038s][info ][gc] GC(134) Pause Young (Normal) (G1 Evacuation Pause) 305M->307M(512M) 11.058ms
[2020-08-01T12:32:32.848+0300][4.057s][info ][gc] GC(135) Pause Young (Normal) (G1 Evacuation Pause) 328M->329M(512M) 10.862ms
[2020-08-01T12:32:32.868+0300][4.078s][info ][gc] GC(136) Pause Young (Normal) (G1 Evacuation Pause) 350M->351M(512M) 11.550ms
[2020-08-01T12:32:32.890+0300][4.099s][info ][gc] GC(137) Pause Young (Normal) (G1 Evacuation Pause) 372M->374M(512M) 12.714ms
[2020-08-01T12:32:32.910+0300][4.120s][info ][gc] GC(138) Pause Young (Normal) (G1 Evacuation Pause) 395M->397M(512M) 11.469ms
[2020-08-01T12:32:32.932+0300][4.141s][info ][gc] GC(139) Pause Young (Normal) (G1 Evacuation Pause) 418M->419M(512M) 12.699ms
[2020-08-01T12:32:32.951+0300][4.161s][debug][gc] GC(133) Reclaimed 131 empty regions
[2020-08-01T12:32:32.951+0300][4.161s][info ][gc] GC(133) Pause Remark 427M->299M(512M) 0.410ms
[2020-08-01T12:32:32.976+0300][4.185s][info ][gc] GC(140) Pause Young (Normal) (G1 Evacuation Pause) 333M->334M(512M) 13.450ms
[2020-08-01T12:32:33.001+0300][4.211s][info ][gc] GC(141) Pause Young (Normal) (G1 Evacuation Pause) 355M->356M(512M) 10.337ms
[2020-08-01T12:32:33.028+0300][4.237s][info ][gc] GC(142) Pause Young (Normal) (G1 Evacuation Pause) 377M->378M(512M) 10.735ms
[2020-08-01T12:32:33.055+0300][4.264s][info ][gc] GC(143) Pause Young (Normal) (G1 Evacuation Pause) 399M->400M(512M) 11.513ms
[2020-08-01T12:32:33.080+0300][4.289s][info ][gc] GC(144) Pause Young (Normal) (G1 Evacuation Pause) 421M->422M(512M) 11.285ms
[2020-08-01T12:32:33.129+0300][4.338s][info ][gc] GC(145) Pause Young (Normal) (G1 Evacuation Pause) 463M->464M(512M) 12.342ms
[2020-08-01T12:32:33.159+0300][4.368s][info ][gc] GC(146) Pause Young (Normal) (G1 Evacuation Pause) 485M->486M(512M) 11.438ms
[2020-08-01T12:32:33.172+0300][4.381s][info ][gc] GC(133) Pause Cleanup 499M->499M(512M) 0.199ms
[2020-08-01T12:32:33.172+0300][4.381s][info ][gc] GC(133) Concurrent Cycle 377.202ms
[2020-08-01T12:32:33.209+0300][4.418s][info ][gc] GC(147) To-space exhausted
[2020-08-01T12:32:33.209+0300][4.418s][info ][gc] GC(147) Pause Young (Normal) (G1 Evacuation Pause) 507M->511M(512M) 33.380ms
[2020-08-01T12:32:33.250+0300][4.459s][info ][gc] GC(148) Pause Full (G1 Evacuation Pause) 511M->67M(512M) 40.874ms
[2020-08-01T12:32:33.272+0300][4.481s][info ][gc] GC(149) Pause Young (Normal) (G1 Evacuation Pause) 92M->93M(512M) 11.102ms
[2020-08-01T12:32:33.294+0300][4.503s][info ][gc] GC(150) Pause Young (Normal) (G1 Evacuation Pause) 114M->115M(512M) 13.622ms
[2020-08-01T12:32:33.314+0300][4.524s][info ][gc] GC(151) Pause Young (Normal) (G1 Evacuation Pause) 136M->137M(512M) 12.105ms
[2020-08-01T12:32:33.351+0300][4.560s][info ][gc] GC(152) Pause Young (Normal) (G1 Evacuation Pause) 178M->179M(512M) 11.700ms
[2020-08-01T12:32:33.373+0300][4.583s][info ][gc] GC(153) Pause Young (Normal) (G1 Evacuation Pause) 200M->202M(512M) 14.180ms
[2020-08-01T12:32:33.395+0300][4.605s][info ][gc] GC(154) Pause Young (Normal) (G1 Evacuation Pause) 223M->224M(512M) 13.696ms
[2020-08-01T12:32:33.416+0300][4.625s][info ][gc] GC(155) Pause Young (Normal) (G1 Evacuation Pause) 245M->246M(512M) 12.100ms
[2020-08-01T12:32:33.437+0300][4.647s][info ][gc] GC(156) Pause Young (Concurrent Start) (G1 Evacuation Pause) 267M->269M(512M) 12.617ms
[2020-08-01T12:32:33.438+0300][4.647s][info ][gc] GC(157) Concurrent Cycle
[2020-08-01T12:32:33.485+0300][4.695s][info ][gc] GC(158) Pause Young (Normal) (G1 Evacuation Pause) 310M->311M(512M) 11.219ms
[2020-08-01T12:32:33.507+0300][4.717s][info ][gc] GC(159) Pause Young (Normal) (G1 Evacuation Pause) 332M->334M(512M) 13.222ms
[2020-08-01T12:32:33.527+0300][4.736s][info ][gc] GC(160) Pause Young (Normal) (G1 Evacuation Pause) 355M->356M(512M) 10.417ms
[2020-08-01T12:32:33.546+0300][4.755s][info ][gc] GC(161) Pause Young (Normal) (G1 Evacuation Pause) 377M->379M(512M) 10.381ms
[2020-08-01T12:32:33.565+0300][4.774s][info ][gc] GC(162) Pause Young (Normal) (G1 Evacuation Pause) 400M->401M(512M) 10.181ms
[2020-08-01T12:32:33.584+0300][4.793s][info ][gc] GC(163) Pause Young (Normal) (G1 Evacuation Pause) 422M->424M(512M) 9.993ms
[2020-08-01T12:32:33.595+0300][4.804s][debug][gc] GC(157) Reclaimed 131 empty regions
[2020-08-01T12:32:33.595+0300][4.804s][info ][gc] GC(157) Pause Remark 425M->295M(512M) 0.475ms
[2020-08-01T12:32:33.629+0300][4.838s][info ][gc] GC(164) Pause Young (Normal) (G1 Evacuation Pause) 335M->337M(512M) 10.943ms
[2020-08-01T12:32:33.660+0300][4.869s][info ][gc] GC(165) Pause Young (Normal) (G1 Evacuation Pause) 358M->359M(512M) 13.183ms
[2020-08-01T12:32:33.686+0300][4.896s][info ][gc] GC(166) Pause Young (Normal) (G1 Evacuation Pause) 380M->382M(512M) 11.884ms
[2020-08-01T12:32:33.710+0300][4.920s][info ][gc] GC(167) Pause Young (Normal) (G1 Evacuation Pause) 403M->404M(512M) 10.539ms
[2020-08-01T12:32:33.739+0300][4.948s][info ][gc] GC(168) Pause Young (Normal) (G1 Evacuation Pause) 425M->426M(512M) 11.119ms
[2020-08-01T12:32:33.783+0300][4.992s][info ][gc] GC(169) Pause Young (Normal) (G1 Evacuation Pause) 467M->468M(512M) 11.545ms
[2020-08-01T12:32:33.806+0300][5.016s][info ][gc] GC(170) To-space exhausted
[2020-08-01T12:32:33.806+0300][5.016s][info ][gc] GC(170) Pause Young (Normal) (G1 Evacuation Pause) 489M->496M(512M) 15.300ms
[2020-08-01T12:32:33.817+0300][5.027s][info ][gc] GC(157) Pause Cleanup 498M->498M(512M) 0.119ms
[2020-08-01T12:32:33.818+0300][5.027s][info ][gc] GC(157) Concurrent Cycle 380.484ms
[2020-08-01T12:32:33.851+0300][5.060s][info ][gc] GC(171) To-space exhausted
[2020-08-01T12:32:33.851+0300][5.060s][info ][gc] GC(171) Pause Young (Normal) (G1 Evacuation Pause) 511M->511M(512M) 27.951ms
[2020-08-01T12:32:33.892+0300][5.101s][info ][gc] GC(172) Pause Full (G1 Evacuation Pause) 511M->68M(512M) 40.769ms
[2020-08-01T12:32:33.913+0300][5.122s][info ][gc] GC(173) Pause Young (Normal) (G1 Evacuation Pause) 93M->93M(512M) 10.790ms
[2020-08-01T12:32:33.934+0300][5.143s][info ][gc] GC(174) Pause Young (Normal) (G1 Evacuation Pause) 115M->117M(512M) 11.709ms
[2020-08-01T12:32:33.953+0300][5.162s][info ][gc] GC(175) Pause Young (Normal) (G1 Evacuation Pause) 138M->139M(512M) 10.342ms
[2020-08-01T12:32:34.018+0300][5.227s][info ][gc] GC(176) Pause Young (Normal) (G1 Evacuation Pause) 180M->182M(512M) 18.424ms
[2020-08-01T12:32:34.039+0300][5.249s][info ][gc] GC(177) Pause Young (Normal) (G1 Evacuation Pause) 203M->205M(512M) 11.134ms
[2020-08-01T12:32:34.060+0300][5.270s][info ][gc] GC(178) Pause Young (Normal) (G1 Evacuation Pause) 226M->227M(512M) 12.672ms
[2020-08-01T12:32:34.081+0300][5.290s][info ][gc] GC(179) Pause Young (Normal) (G1 Evacuation Pause) 248M->250M(512M) 12.156ms
[2020-08-01T12:32:34.101+0300][5.311s][info ][gc] GC(180) Pause Young (Concurrent Start) (G1 Evacuation Pause) 271M->272M(512M) 12.036ms
[2020-08-01T12:32:34.102+0300][5.311s][info ][gc] GC(181) Concurrent Cycle
[2020-08-01T12:32:34.141+0300][5.350s][info ][gc] GC(182) Pause Young (Normal) (G1 Evacuation Pause) 313M->314M(512M) 11.258ms
[2020-08-01T12:32:34.166+0300][5.376s][info ][gc] GC(183) Pause Young (Normal) (G1 Evacuation Pause) 335M->336M(512M) 12.156ms
[2020-08-01T12:32:34.187+0300][5.397s][info ][gc] GC(184) Pause Young (Normal) (G1 Evacuation Pause) 357M->359M(512M) 11.792ms
[2020-08-01T12:32:34.209+0300][5.419s][info ][gc] GC(185) Pause Young (Normal) (G1 Evacuation Pause) 380M->381M(512M) 13.147ms
[2020-08-01T12:32:34.230+0300][5.439s][info ][gc] GC(186) Pause Young (Normal) (G1 Evacuation Pause) 402M->403M(512M) 11.660ms
[2020-08-01T12:32:34.256+0300][5.466s][debug][gc] GC(181) Reclaimed 135 empty regions
[2020-08-01T12:32:34.256+0300][5.466s][info ][gc] GC(181) Pause Remark 423M->291M(512M) 0.549ms
[2020-08-01T12:32:34.278+0300][5.487s][info ][gc] GC(187) Pause Young (Normal) (G1 Evacuation Pause) 311M->312M(512M) 12.883ms
[2020-08-01T12:32:34.309+0300][5.518s][info ][gc] GC(188) Pause Young (Normal) (G1 Evacuation Pause) 333M->335M(512M) 11.618ms
[2020-08-01T12:32:34.336+0300][5.545s][info ][gc] GC(189) Pause Young (Normal) (G1 Evacuation Pause) 356M->358M(512M) 11.018ms
[2020-08-01T12:32:34.365+0300][5.574s][info ][gc] GC(190) Pause Young (Normal) (G1 Evacuation Pause) 379M->380M(512M) 13.522ms
[2020-08-01T12:32:34.390+0300][5.599s][info ][gc] GC(191) Pause Young (Normal) (G1 Evacuation Pause) 401M->403M(512M) 10.454ms
[2020-08-01T12:32:34.416+0300][5.625s][info ][gc] GC(192) Pause Young (Normal) (G1 Evacuation Pause) 424M->425M(512M) 10.923ms
[2020-08-01T12:32:34.454+0300][5.664s][info ][gc] GC(181) Pause Cleanup 462M->462M(512M) 0.121ms
[2020-08-01T12:32:34.455+0300][5.664s][info ][gc] GC(181) Concurrent Cycle 353.384ms
[2020-08-01T12:32:34.469+0300][5.678s][info ][gc] GC(193) Pause Young (Normal) (G1 Evacuation Pause) 466M->468M(512M) 12.549ms
[2020-08-01T12:32:34.493+0300][5.702s][info ][gc] GC(194) To-space exhausted
[2020-08-01T12:32:34.493+0300][5.702s][info ][gc] GC(194) Pause Young (Concurrent Start) (G1 Evacuation Pause) 489M->496M(512M) 15.640ms
[2020-08-01T12:32:34.493+0300][5.702s][info ][gc] GC(195) Concurrent Cycle
[2020-08-01T12:32:34.528+0300][5.738s][info ][gc] GC(196) To-space exhausted
[2020-08-01T12:32:34.529+0300][5.738s][info ][gc] GC(196) Pause Young (Normal) (G1 Evacuation Pause) 511M->511M(512M) 28.914ms
[2020-08-01T12:32:34.529+0300][5.738s][debug][gc] GC(197) Clear Next Bitmap 0.284ms
[2020-08-01T12:32:34.572+0300][5.782s][info ][gc] GC(197) Pause Full (G1 Evacuation Pause) 511M->69M(512M) 43.724ms
[2020-08-01T12:32:34.573+0300][5.782s][info ][gc] GC(195) Concurrent Cycle 79.614ms
[2020-08-01T12:32:34.595+0300][5.805s][info ][gc] GC(198) Pause Young (Normal) (G1 Evacuation Pause) 94M->95M(512M) 12.248ms
[2020-08-01T12:32:34.615+0300][5.824s][info ][gc] GC(199) Pause Young (Normal) (G1 Evacuation Pause) 116M->117M(512M) 11.519ms
[2020-08-01T12:32:34.670+0300][5.879s][info ][gc] GC(200) Pause Young (Normal) (G1 Evacuation Pause) 158M->160M(512M) 26.683ms
[2020-08-01T12:32:34.694+0300][5.903s][info ][gc] GC(201) Pause Young (Normal) (G1 Evacuation Pause) 181M->182M(512M) 12.056ms
[2020-08-01T12:32:34.714+0300][5.923s][info ][gc] GC(202) Pause Young (Normal) (G1 Evacuation Pause) 203M->205M(512M) 12.079ms
[2020-08-01T12:32:34.733+0300][5.943s][info ][gc] GC(203) Pause Young (Normal) (G1 Evacuation Pause) 226M->227M(512M) 10.647ms
[2020-08-01T12:32:34.753+0300][5.963s][info ][gc] GC(204) Pause Young (Normal) (G1 Evacuation Pause) 248M->250M(512M) 11.900ms
[2020-08-01T12:32:34.773+0300][5.982s][info ][gc] GC(205) Pause Young (Concurrent Start) (G1 Evacuation Pause) 271M->272M(512M) 10.861ms
[2020-08-01T12:32:34.773+0300][5.982s][info ][gc] GC(206) Concurrent Cycle
[2020-08-01T12:32:34.810+0300][6.020s][info ][gc] GC(207) Pause Young (Normal) (G1 Evacuation Pause) 313M->315M(512M) 11.570ms
[2020-08-01T12:32:34.831+0300][6.040s][info ][gc] GC(208) Pause Young (Normal) (G1 Evacuation Pause) 336M->337M(512M) 11.954ms
[2020-08-01T12:32:34.851+0300][6.060s][info ][gc] GC(209) Pause Young (Normal) (G1 Evacuation Pause) 358M->359M(512M) 10.655ms
[2020-08-01T12:32:34.870+0300][6.080s][info ][gc] GC(210) Pause Young (Normal) (G1 Evacuation Pause) 380M->382M(512M) 10.826ms
[2020-08-01T12:32:34.890+0300][6.099s][info ][gc] GC(211) Pause Young (Normal) (G1 Evacuation Pause) 403M->404M(512M) 10.657ms
[2020-08-01T12:32:34.931+0300][6.141s][info ][gc] GC(212) Pause Young (Normal) (G1 Evacuation Pause) 445M->446M(512M) 11.903ms
[2020-08-01T12:32:34.935+0300][6.145s][debug][gc] GC(206) Reclaimed 134 empty regions
[2020-08-01T12:32:34.935+0300][6.145s][info ][gc] GC(206) Pause Remark 453M->323M(512M) 0.430ms
[2020-08-01T12:32:34.952+0300][6.161s][info ][gc] GC(213) Pause Young (Normal) (G1 Evacuation Pause) 336M->337M(512M) 11.078ms
[2020-08-01T12:32:34.980+0300][6.189s][info ][gc] GC(214) Pause Young (Normal) (G1 Evacuation Pause) 358M->360M(512M) 11.024ms
[2020-08-01T12:32:35.005+0300][6.215s][info ][gc] GC(215) Pause Young (Normal) (G1 Evacuation Pause) 381M->382M(512M) 10.679ms
[2020-08-01T12:32:35.033+0300][6.243s][info ][gc] GC(216) Pause Young (Normal) (G1 Evacuation Pause) 403M->405M(512M) 11.726ms
[2020-08-01T12:32:35.060+0300][6.269s][info ][gc] GC(217) Pause Young (Normal) (G1 Evacuation Pause) 426M->427M(512M) 11.354ms
[2020-08-01T12:32:35.109+0300][6.318s][info ][gc] GC(218) Pause Young (Normal) (G1 Evacuation Pause) 468M->469M(512M) 12.435ms
[2020-08-01T12:32:35.136+0300][6.345s][info ][gc] GC(219) To-space exhausted
[2020-08-01T12:32:35.136+0300][6.346s][info ][gc] GC(219) Pause Young (Normal) (G1 Evacuation Pause) 490M->498M(512M) 17.975ms
[2020-08-01T12:32:35.183+0300][6.393s][info ][gc] GC(220) To-space exhausted
[2020-08-01T12:32:35.183+0300][6.393s][info ][gc] GC(220) Pause Young (Normal) (G1 Evacuation Pause) 511M->511M(512M) 26.830ms
[2020-08-01T12:32:35.184+0300][6.393s][debug][gc] GC(221) Clear Next Bitmap 0.279ms
[2020-08-01T12:32:35.229+0300][6.439s][info ][gc] GC(221) Pause Full (G1 Evacuation Pause) 511M->68M(512M) 45.628ms
[2020-08-01T12:32:35.230+0300][6.439s][info ][gc] GC(206) Concurrent Cycle 456.589ms
[2020-08-01T12:32:35.254+0300][6.463s][info ][gc] GC(222) Pause Young (Normal) (G1 Evacuation Pause) 93M->93M(512M) 12.994ms
[2020-08-01T12:32:35.275+0300][6.485s][info ][gc] GC(223) Pause Young (Normal) (G1 Evacuation Pause) 114M->116M(512M) 12.001ms
[2020-08-01T12:32:35.295+0300][6.504s][info ][gc] GC(224) Pause Young (Normal) (G1 Evacuation Pause) 137M->138M(512M) 11.145ms
[2020-08-01T12:32:35.328+0300][6.538s][info ][gc] GC(225) Pause Young (Normal) (G1 Evacuation Pause) 179M->180M(512M) 11.163ms
[2020-08-01T12:32:35.348+0300][6.557s][info ][gc] GC(226) Pause Young (Normal) (G1 Evacuation Pause) 201M->203M(512M) 10.553ms
[2020-08-01T12:32:35.369+0300][6.578s][info ][gc] GC(227) Pause Young (Normal) (G1 Evacuation Pause) 224M->225M(512M) 11.979ms
[2020-08-01T12:32:35.391+0300][6.600s][info ][gc] GC(228) Pause Young (Normal) (G1 Evacuation Pause) 246M->248M(512M) 12.811ms
[2020-08-01T12:32:35.412+0300][6.621s][info ][gc] GC(229) Pause Young (Concurrent Start) (G1 Evacuation Pause) 269M->270M(512M) 11.986ms
[2020-08-01T12:32:35.412+0300][6.621s][info ][gc] GC(230) Concurrent Cycle
[2020-08-01T12:32:35.451+0300][6.661s][info ][gc] GC(231) Pause Young (Normal) (G1 Evacuation Pause) 311M->313M(512M) 10.312ms
[2020-08-01T12:32:35.471+0300][6.681s][info ][gc] GC(232) Pause Young (Normal) (G1 Evacuation Pause) 334M->335M(512M) 10.427ms
[2020-08-01T12:32:35.491+0300][6.700s][info ][gc] GC(233) Pause Young (Normal) (G1 Evacuation Pause) 356M->358M(512M) 10.486ms
[2020-08-01T12:32:35.511+0300][6.721s][info ][gc] GC(234) Pause Young (Normal) (G1 Evacuation Pause) 379M->381M(512M) 11.438ms
[2020-08-01T12:32:35.532+0300][6.741s][info ][gc] GC(235) Pause Young (Normal) (G1 Evacuation Pause) 402M->403M(512M) 11.315ms
[2020-08-01T12:32:35.551+0300][6.761s][info ][gc] GC(236) Pause Young (Normal) (G1 Evacuation Pause) 424M->426M(512M) 10.593ms
[2020-08-01T12:32:35.571+0300][6.780s][debug][gc] GC(230) Reclaimed 135 empty regions
[2020-08-01T12:32:35.571+0300][6.780s][info ][gc] GC(230) Pause Remark 426M->294M(512M) 0.563ms
[2020-08-01T12:32:35.593+0300][6.803s][info ][gc] GC(237) Pause Young (Normal) (G1 Evacuation Pause) 334M->336M(512M) 11.031ms
[2020-08-01T12:32:35.619+0300][6.828s][info ][gc] GC(238) Pause Young (Normal) (G1 Evacuation Pause) 357M->359M(512M) 10.584ms
[2020-08-01T12:32:35.644+0300][6.853s][info ][gc] GC(239) Pause Young (Normal) (G1 Evacuation Pause) 380M->381M(512M) 10.408ms
[2020-08-01T12:32:35.671+0300][6.881s][info ][gc] GC(240) Pause Young (Normal) (G1 Evacuation Pause) 402M->404M(512M) 10.990ms
[2020-08-01T12:32:35.697+0300][6.907s][info ][gc] GC(241) Pause Young (Normal) (G1 Evacuation Pause) 425M->427M(512M) 11.043ms
[2020-08-01T12:32:35.745+0300][6.955s][info ][gc] GC(242) Pause Young (Normal) (G1 Evacuation Pause) 468M->469M(512M) 11.479ms
[2020-08-01T12:32:35.776+0300][6.986s][info ][gc] GC(243) To-space exhausted
[2020-08-01T12:32:35.776+0300][6.986s][info ][gc] GC(243) Pause Young (Normal) (G1 Evacuation Pause) 490M->497M(512M) 15.386ms
[2020-08-01T12:32:35.790+0300][6.999s][info ][gc] GC(230) Pause Cleanup 511M->511M(512M) 0.192ms
[2020-08-01T12:32:35.818+0300][7.027s][info ][gc] GC(244) To-space exhausted
[2020-08-01T12:32:35.818+0300][7.027s][info ][gc] GC(244) Pause Young (Normal) (G1 Evacuation Pause) 511M->511M(512M) 27.792ms
[2020-08-01T12:32:35.818+0300][7.027s][debug][gc] GC(245) Clear Next Bitmap 0.341ms
[2020-08-01T12:32:35.857+0300][7.066s][info ][gc] GC(245) Pause Full (G1 Evacuation Pause) 511M->67M(512M) 38.976ms
[2020-08-01T12:32:35.857+0300][7.066s][info ][gc] GC(230) Concurrent Cycle 444.878ms
[2020-08-01T12:32:35.878+0300][7.087s][info ][gc] GC(246) Pause Young (Normal) (G1 Evacuation Pause) 93M->93M(512M) 10.857ms
[2020-08-01T12:32:35.899+0300][7.109s][info ][gc] GC(247) Pause Young (Normal) (G1 Evacuation Pause) 117M->119M(512M) 11.395ms
[2020-08-01T12:32:35.973+0300][7.182s][info ][gc] GC(248) Pause Young (Normal) (G1 Evacuation Pause) 160M->161M(512M) 28.979ms
[2020-08-01T12:32:35.998+0300][7.207s][info ][gc] GC(249) Pause Young (Normal) (G1 Evacuation Pause) 182M->183M(512M) 12.352ms
[2020-08-01T12:32:36.017+0300][7.227s][info ][gc] GC(250) Pause Young (Normal) (G1 Evacuation Pause) 204M->205M(512M) 10.437ms
[2020-08-01T12:32:36.036+0300][7.245s][info ][gc] GC(251) Pause Young (Normal) (G1 Evacuation Pause) 226M->228M(512M) 10.377ms
[2020-08-01T12:32:36.057+0300][7.266s][info ][gc] GC(252) Pause Young (Normal) (G1 Evacuation Pause) 249M->250M(512M) 12.125ms
[2020-08-01T12:32:36.076+0300][7.285s][info ][gc] GC(253) Pause Young (Concurrent Start) (G1 Evacuation Pause) 271M->272M(512M) 10.534ms
[2020-08-01T12:32:36.076+0300][7.285s][info ][gc] GC(254) Concurrent Cycle
[2020-08-01T12:32:36.122+0300][7.331s][info ][gc] GC(255) Pause Young (Normal) (G1 Evacuation Pause) 313M->315M(512M) 10.874ms
[2020-08-01T12:32:36.141+0300][7.351s][info ][gc] GC(256) Pause Young (Normal) (G1 Evacuation Pause) 336M->338M(512M) 10.433ms
[2020-08-01T12:32:36.161+0300][7.370s][info ][gc] GC(257) Pause Young (Normal) (G1 Evacuation Pause) 359M->361M(512M) 10.281ms
[2020-08-01T12:32:36.182+0300][7.392s][info ][gc] GC(258) Pause Young (Normal) (G1 Evacuation Pause) 382M->383M(512M) 11.485ms
[2020-08-01T12:32:36.202+0300][7.411s][info ][gc] GC(259) Pause Young (Normal) (G1 Evacuation Pause) 404M->405M(512M) 10.338ms
[2020-08-01T12:32:36.228+0300][7.437s][debug][gc] GC(254) Reclaimed 127 empty regions
[2020-08-01T12:32:36.228+0300][7.437s][info ][gc] GC(254) Pause Remark 444M->318M(512M) 0.475ms
[2020-08-01T12:32:36.241+0300][7.450s][info ][gc] GC(260) Pause Young (Normal) (G1 Evacuation Pause) 320M->322M(512M) 10.939ms
[2020-08-01T12:32:36.267+0300][7.476s][info ][gc] GC(261) Pause Young (Normal) (G1 Evacuation Pause) 343M->345M(512M) 10.419ms
[2020-08-01T12:32:36.297+0300][7.506s][info ][gc] GC(262) Pause Young (Normal) (G1 Evacuation Pause) 366M->367M(512M) 11.897ms
[2020-08-01T12:32:36.324+0300][7.533s][info ][gc] GC(263) Pause Young (Normal) (G1 Evacuation Pause) 388M->390M(512M) 10.829ms
[2020-08-01T12:32:36.350+0300][7.560s][info ][gc] GC(264) Pause Young (Normal) (G1 Evacuation Pause) 411M->413M(512M) 10.687ms
[2020-08-01T12:32:36.377+0300][7.587s][info ][gc] GC(265) Pause Young (Normal) (G1 Evacuation Pause) 434M->435M(512M) 10.528ms
[2020-08-01T12:32:36.415+0300][7.624s][info ][gc] GC(266) Pause Young (Normal) (G1 Evacuation Pause) 476M->477M(512M) 11.239ms
[2020-08-01T12:32:36.451+0300][7.661s][info ][gc] GC(267) To-space exhausted
[2020-08-01T12:32:36.451+0300][7.661s][info ][gc] GC(267) Pause Young (Normal) (G1 Evacuation Pause) 498M->507M(512M) 22.482ms
[2020-08-01T12:32:36.472+0300][7.681s][info ][gc] GC(268) To-space exhausted
[2020-08-01T12:32:36.472+0300][7.682s][info ][gc] GC(268) Pause Young (Normal) (G1 Evacuation Pause) 511M->511M(512M) 12.890ms
[2020-08-01T12:32:36.473+0300][7.682s][debug][gc] GC(269) Clear Next Bitmap 0.343ms
[2020-08-01T12:32:36.510+0300][7.719s][info ][gc] GC(269) Pause Full (G1 Evacuation Pause) 511M->61M(512M) 37.315ms
[2020-08-01T12:32:36.510+0300][7.719s][info ][gc] GC(254) Concurrent Cycle 433.759ms
[2020-08-01T12:32:36.530+0300][7.740s][info ][gc] GC(270) Pause Young (Normal) (G1 Evacuation Pause) 86M->86M(512M) 10.656ms
[2020-08-01T12:32:36.549+0300][7.759s][info ][gc] GC(271) Pause Young (Normal) (G1 Evacuation Pause) 107M->108M(512M) 10.396ms
[2020-08-01T12:32:36.568+0300][7.778s][info ][gc] GC(272) Pause Young (Normal) (G1 Evacuation Pause) 129M->130M(512M) 10.425ms
[2020-08-01T12:32:36.658+0300][7.867s][info ][gc] GC(273) Pause Young (Normal) (G1 Evacuation Pause) 171M->172M(512M) 30.955ms
[2020-08-01T12:32:36.683+0300][7.892s][info ][gc] GC(274) Pause Young (Normal) (G1 Evacuation Pause) 193M->195M(512M) 12.353ms
[2020-08-01T12:32:36.702+0300][7.912s][info ][gc] GC(275) Pause Young (Normal) (G1 Evacuation Pause) 216M->217M(512M) 10.057ms
[2020-08-01T12:32:36.721+0300][7.930s][info ][gc] GC(276) Pause Young (Normal) (G1 Evacuation Pause) 238M->240M(512M) 9.810ms
[2020-08-01T12:32:36.739+0300][7.949s][info ][gc] GC(277) Pause Young (Concurrent Start) (G1 Evacuation Pause) 261M->262M(512M) 10.540ms
[2020-08-01T12:32:36.740+0300][7.949s][info ][gc] GC(278) Concurrent Cycle
[2020-08-01T12:32:36.783+0300][7.992s][info ][gc] GC(279) Pause Young (Normal) (G1 Evacuation Pause) 303M->304M(512M) 10.223ms
[2020-08-01T12:32:36.802+0300][8.011s][info ][gc] GC(280) Pause Young (Normal) (G1 Evacuation Pause) 325M->327M(512M) 10.310ms
[2020-08-01T12:32:36.821+0300][8.030s][info ][gc] GC(281) Pause Young (Normal) (G1 Evacuation Pause) 348M->349M(512M) 10.414ms
[2020-08-01T12:32:36.840+0300][8.050s][info ][gc] GC(282) Pause Young (Normal) (G1 Evacuation Pause) 370M->371M(512M) 10.310ms
[2020-08-01T12:32:36.859+0300][8.069s][info ][gc] GC(283) Pause Young (Normal) (G1 Evacuation Pause) 392M->394M(512M) 10.221ms
[2020-08-01T12:32:36.878+0300][8.088s][info ][gc] GC(284) Pause Young (Normal) (G1 Evacuation Pause) 415M->416M(512M) 10.280ms
[2020-08-01T12:32:36.887+0300][8.096s][debug][gc] GC(278) Reclaimed 128 empty regions
[2020-08-01T12:32:36.887+0300][8.096s][info ][gc] GC(278) Pause Remark 423M->298M(512M) 0.441ms
[2020-08-01T12:32:36.912+0300][8.122s][info ][gc] GC(285) Pause Young (Normal) (G1 Evacuation Pause) 331M->333M(512M) 10.807ms
[2020-08-01T12:32:36.938+0300][8.148s][info ][gc] GC(286) Pause Young (Normal) (G1 Evacuation Pause) 354M->355M(512M) 10.766ms
[2020-08-01T12:32:36.964+0300][8.173s][info ][gc] GC(287) Pause Young (Normal) (G1 Evacuation Pause) 376M->378M(512M) 10.632ms
[2020-08-01T12:32:36.989+0300][8.199s][info ][gc] GC(288) Pause Young (Normal) (G1 Evacuation Pause) 399M->401M(512M) 10.717ms
[2020-08-01T12:32:37.016+0300][8.225s][info ][gc] GC(289) Pause Young (Normal) (G1 Evacuation Pause) 422M->424M(512M) 10.626ms
[2020-08-01T12:32:37.064+0300][8.273s][info ][gc] GC(290) Pause Young (Normal) (G1 Evacuation Pause) 465M->466M(512M) 11.166ms
[2020-08-01T12:32:37.090+0300][8.299s][info ][gc] GC(291) To-space exhausted
[2020-08-01T12:32:37.090+0300][8.299s][info ][gc] GC(291) Pause Young (Normal) (G1 Evacuation Pause) 487M->494M(512M) 11.508ms
[2020-08-01T12:32:37.097+0300][8.306s][info ][gc] GC(278) Pause Cleanup 498M->498M(512M) 0.115ms
[2020-08-01T12:32:37.098+0300][8.307s][info ][gc] GC(278) Concurrent Cycle 358.049ms
[2020-08-01T12:32:37.133+0300][8.342s][info ][gc] GC(292) To-space exhausted
[2020-08-01T12:32:37.133+0300][8.342s][info ][gc] GC(292) Pause Young (Normal) (G1 Evacuation Pause) 511M->511M(512M) 30.487ms
[2020-08-01T12:32:37.170+0300][8.379s][info ][gc] GC(293) Pause Full (G1 Evacuation Pause) 511M->63M(512M) 36.502ms
[2020-08-01T12:32:37.190+0300][8.400s][info ][gc] GC(294) Pause Young (Normal) (G1 Evacuation Pause) 88M->89M(512M) 10.595ms
[2020-08-01T12:32:37.212+0300][8.421s][info ][gc] GC(295) Pause Young (Normal) (G1 Evacuation Pause) 110M->111M(512M) 12.805ms
[2020-08-01T12:32:37.231+0300][8.440s][info ][gc] GC(296) Pause Young (Normal) (G1 Evacuation Pause) 132M->133M(512M) 10.411ms
[2020-08-01T12:32:37.270+0300][8.480s][info ][gc] GC(297) Pause Young (Normal) (G1 Evacuation Pause) 174M->175M(512M) 10.820ms
[2020-08-01T12:32:37.289+0300][8.499s][info ][gc] GC(298) Pause Young (Normal) (G1 Evacuation Pause) 196M->197M(512M) 10.374ms
[2020-08-01T12:32:37.308+0300][8.517s][info ][gc] GC(299) Pause Young (Normal) (G1 Evacuation Pause) 218M->220M(512M) 10.480ms
[2020-08-01T12:32:37.328+0300][8.538s][info ][gc] GC(300) Pause Young (Normal) (G1 Evacuation Pause) 241M->242M(512M) 11.574ms
[2020-08-01T12:32:37.348+0300][8.557s][info ][gc] GC(301) Pause Young (Concurrent Start) (G1 Evacuation Pause) 263M->265M(512M) 11.020ms
[2020-08-01T12:32:37.348+0300][8.557s][info ][gc] GC(302) Concurrent Cycle
[2020-08-01T12:32:37.390+0300][8.600s][info ][gc] GC(303) Pause Young (Normal) (G1 Evacuation Pause) 306M->308M(512M) 10.283ms
[2020-08-01T12:32:37.410+0300][8.619s][info ][gc] GC(304) Pause Young (Normal) (G1 Evacuation Pause) 329M->330M(512M) 10.611ms
[2020-08-01T12:32:37.429+0300][8.638s][info ][gc] GC(305) Pause Young (Normal) (G1 Evacuation Pause) 351M->352M(512M) 10.843ms
[2020-08-01T12:32:37.448+0300][8.658s][info ][gc] GC(306) Pause Young (Normal) (G1 Evacuation Pause) 373M->375M(512M) 10.465ms
[2020-08-01T12:32:37.467+0300][8.677s][info ][gc] GC(307) Pause Young (Normal) (G1 Evacuation Pause) 396M->397M(512M) 10.125ms
[2020-08-01T12:32:37.486+0300][8.696s][info ][gc] GC(308) Pause Young (Normal) (G1 Evacuation Pause) 418M->420M(512M) 10.494ms
[2020-08-01T12:32:37.499+0300][8.708s][debug][gc] GC(302) Reclaimed 130 empty regions
[2020-08-01T12:32:37.499+0300][8.708s][info ][gc] GC(302) Pause Remark 425M->298M(512M) 0.418ms
[2020-08-01T12:32:37.532+0300][8.742s][info ][gc] GC(309) Pause Young (Normal) (G1 Evacuation Pause) 334M->335M(512M) 10.367ms
[2020-08-01T12:32:37.561+0300][8.770s][info ][gc] GC(310) Pause Young (Normal) (G1 Evacuation Pause) 356M->358M(512M) 10.823ms
[2020-08-01T12:32:37.584+0300][8.794s][info ][gc] GC(311) Pause Young (Normal) (G1 Evacuation Pause) 379M->381M(512M) 10.403ms
[2020-08-01T12:32:37.605+0300][8.815s][info ][gc] GC(312) Pause Young (Normal) (G1 Evacuation Pause) 402M->403M(512M) 12.241ms
[2020-08-01T12:32:37.635+0300][8.845s][info ][gc] GC(313) Pause Young (Normal) (G1 Evacuation Pause) 424M->426M(512M) 10.867ms
[2020-08-01T12:32:37.686+0300][8.895s][info ][gc] GC(314) Pause Young (Normal) (G1 Evacuation Pause) 467M->468M(512M) 10.632ms
[2020-08-01T12:32:37.698+0300][8.908s][info ][gc] GC(302) Pause Cleanup 479M->479M(512M) 0.130ms
[2020-08-01T12:32:37.699+0300][8.908s][info ][gc] GC(302) Concurrent Cycle 351.094ms
[2020-08-01T12:32:37.717+0300][8.926s][info ][gc] GC(315) To-space exhausted
[2020-08-01T12:32:37.717+0300][8.926s][info ][gc] GC(315) Pause Young (Normal) (G1 Evacuation Pause) 489M->493M(512M) 13.760ms
[2020-08-01T12:32:37.758+0300][8.968s][info ][gc] GC(316) To-space exhausted
[2020-08-01T12:32:37.758+0300][8.968s][info ][gc] GC(316) Pause Young (Concurrent Start) (G1 Evacuation Pause) 511M->511M(512M) 33.947ms
[2020-08-01T12:32:37.758+0300][8.968s][info ][gc] GC(318) Concurrent Cycle
[2020-08-01T12:32:37.759+0300][8.968s][debug][gc] GC(317) Clear Next Bitmap 0.280ms
[2020-08-01T12:32:37.798+0300][9.007s][info ][gc] GC(317) Pause Full (G1 Evacuation Pause) 511M->67M(512M) 39.571ms
[2020-08-01T12:32:37.798+0300][9.008s][info ][gc] GC(318) Concurrent Cycle 39.910ms
[2020-08-01T12:32:37.819+0300][9.028s][info ][gc] GC(319) Pause Young (Normal) (G1 Evacuation Pause) 93M->93M(512M) 10.490ms
[2020-08-01T12:32:37.840+0300][9.050s][info ][gc] GC(320) Pause Young (Normal) (G1 Evacuation Pause) 117M->119M(512M) 11.866ms
[2020-08-01T12:32:37.921+0300][9.131s][info ][gc] GC(321) Pause Young (Normal) (G1 Evacuation Pause) 160M->162M(512M) 38.052ms
[2020-08-01T12:32:37.948+0300][9.157s][info ][gc] GC(322) Pause Young (Normal) (G1 Evacuation Pause) 183M->184M(512M) 12.811ms
[2020-08-01T12:32:37.968+0300][9.177s][info ][gc] GC(323) Pause Young (Normal) (G1 Evacuation Pause) 205M->206M(512M) 10.776ms
[2020-08-01T12:32:37.987+0300][9.197s][info ][gc] GC(324) Pause Young (Normal) (G1 Evacuation Pause) 227M->229M(512M) 11.148ms
[2020-08-01T12:32:38.007+0300][9.216s][info ][gc] GC(325) Pause Young (Normal) (G1 Evacuation Pause) 250M->251M(512M) 10.911ms
[2020-08-01T12:32:38.027+0300][9.236s][info ][gc] GC(326) Pause Young (Concurrent Start) (G1 Evacuation Pause) 272M->273M(512M) 11.797ms
[2020-08-01T12:32:38.027+0300][9.236s][info ][gc] GC(327) Concurrent Cycle
[2020-08-01T12:32:38.064+0300][9.274s][info ][gc] GC(328) Pause Young (Normal) (G1 Evacuation Pause) 314M->315M(512M) 11.752ms
[2020-08-01T12:32:38.084+0300][9.294s][info ][gc] GC(329) Pause Young (Normal) (G1 Evacuation Pause) 336M->338M(512M) 10.748ms
[2020-08-01T12:32:38.103+0300][9.313s][info ][gc] GC(330) Pause Young (Normal) (G1 Evacuation Pause) 359M->360M(512M) 10.179ms
[2020-08-01T12:32:38.123+0300][9.332s][info ][gc] GC(331) Pause Young (Normal) (G1 Evacuation Pause) 381M->382M(512M) 10.411ms
[2020-08-01T12:32:38.142+0300][9.351s][info ][gc] GC(332) Pause Young (Normal) (G1 Evacuation Pause) 403M->405M(512M) 10.606ms
[2020-08-01T12:32:38.181+0300][9.391s][info ][gc] GC(333) Pause Young (Normal) (G1 Evacuation Pause) 446M->447M(512M) 10.300ms
[2020-08-01T12:32:38.187+0300][9.397s][debug][gc] GC(327) Reclaimed 131 empty regions
[2020-08-01T12:32:38.187+0300][9.397s][info ][gc] GC(327) Pause Remark 460M->331M(512M) 0.525ms
[2020-08-01T12:32:38.201+0300][9.411s][info ][gc] GC(334) Pause Young (Normal) (G1 Evacuation Pause) 339M->341M(512M) 10.579ms
[2020-08-01T12:32:38.226+0300][9.436s][info ][gc] GC(335) Pause Young (Normal) (G1 Evacuation Pause) 362M->363M(512M) 10.626ms
[2020-08-01T12:32:38.251+0300][9.461s][info ][gc] GC(336) Pause Young (Normal) (G1 Evacuation Pause) 384M->386M(512M) 10.708ms
[2020-08-01T12:32:38.276+0300][9.485s][info ][gc] GC(337) Pause Young (Normal) (G1 Evacuation Pause) 407M->408M(512M) 10.300ms
[2020-08-01T12:32:38.302+0300][9.512s][info ][gc] GC(338) Pause Young (Normal) (G1 Evacuation Pause) 429M->430M(512M) 11.265ms
[2020-08-01T12:32:38.345+0300][9.554s][info ][gc] GC(339) Pause Young (Normal) (G1 Evacuation Pause) 471M->474M(512M) 11.033ms
[2020-08-01T12:32:38.383+0300][9.593s][info ][gc] GC(340) To-space exhausted
[2020-08-01T12:32:38.383+0300][9.593s][info ][gc] GC(340) Pause Young (Normal) (G1 Evacuation Pause) 495M->502M(512M) 21.694ms
[2020-08-01T12:32:38.416+0300][9.625s][info ][gc] GC(341) To-space exhausted
[2020-08-01T12:32:38.416+0300][9.625s][info ][gc] GC(341) Pause Young (Normal) (G1 Evacuation Pause) 511M->511M(512M) 20.927ms
[2020-08-01T12:32:38.416+0300][9.626s][debug][gc] GC(342) Clear Next Bitmap 0.267ms
[2020-08-01T12:32:38.456+0300][9.666s][info ][gc] GC(342) Pause Full (G1 Evacuation Pause) 511M->65M(512M) 40.150ms
[2020-08-01T12:32:38.457+0300][9.666s][info ][gc] GC(327) Concurrent Cycle 429.492ms
[2020-08-01T12:32:38.478+0300][9.687s][info ][gc] GC(343) Pause Young (Normal) (G1 Evacuation Pause) 90M->91M(512M) 11.088ms
[2020-08-01T12:32:38.497+0300][9.706s][info ][gc] GC(344) Pause Young (Normal) (G1 Evacuation Pause) 112M->113M(512M) 10.634ms
[2020-08-01T12:32:38.516+0300][9.726s][info ][gc] GC(345) Pause Young (Normal) (G1 Evacuation Pause) 134M->135M(512M) 10.751ms
[2020-08-01T12:32:38.598+0300][9.808s][info ][gc] GC(346) Pause Young (Normal) (G1 Evacuation Pause) 176M->178M(512M) 19.720ms
[2020-08-01T12:32:38.621+0300][9.830s][info ][gc] GC(347) Pause Young (Normal) (G1 Evacuation Pause) 199M->200M(512M) 11.324ms
[2020-08-01T12:32:38.640+0300][9.849s][info ][gc] GC(348) Pause Young (Normal) (G1 Evacuation Pause) 221M->223M(512M) 10.630ms
[2020-08-01T12:32:38.660+0300][9.869s][info ][gc] GC(349) Pause Young (Normal) (G1 Evacuation Pause) 244M->245M(512M) 10.391ms
[2020-08-01T12:32:38.680+0300][9.890s][info ][gc] GC(350) Pause Young (Concurrent Start) (G1 Evacuation Pause) 266M->267M(512M) 12.377ms
[2020-08-01T12:32:38.681+0300][9.890s][info ][gc] GC(351) Concurrent Cycle
[2020-08-01T12:32:38.728+0300][9.937s][info ][gc] GC(352) Pause Young (Normal) (G1 Evacuation Pause) 308M->309M(512M) 10.521ms
[2020-08-01T12:32:38.749+0300][9.958s][info ][gc] GC(353) Pause Young (Normal) (G1 Evacuation Pause) 330M->331M(512M) 10.580ms
[2020-08-01T12:32:38.769+0300][9.978s][info ][gc] GC(354) Pause Young (Normal) (G1 Evacuation Pause) 352M->353M(512M) 10.584ms
[2020-08-01T12:32:38.788+0300][9.997s][info ][gc] GC(355) Pause Young (Normal) (G1 Evacuation Pause) 374M->375M(512M) 10.501ms
[2020-08-01T12:32:38.809+0300][10.019s][info ][gc] GC(356) Pause Young (Normal) (G1 Evacuation Pause) 396M->397M(512M) 10.996ms
[2020-08-01T12:32:38.834+0300][10.043s][info ][gc] GC(357) Pause Young (Normal) (G1 Evacuation Pause) 418M->419M(512M) 11.497ms
[2020-08-01T12:32:38.839+0300][10.049s][debug][gc] GC(351) Reclaimed 129 empty regions
[2020-08-01T12:32:38.839+0300][10.049s][info ][gc] GC(351) Pause Remark 422M->294M(512M) 0.465ms
[2020-08-01T12:32:38.877+0300][10.086s][info ][gc] GC(358) Pause Young (Normal) (G1 Evacuation Pause) 332M->334M(512M) 11.441ms
[2020-08-01T12:32:38.907+0300][10.116s][info ][gc] GC(359) Pause Young (Normal) (G1 Evacuation Pause) 355M->357M(512M) 11.731ms
[2020-08-01T12:32:38.936+0300][10.146s][info ][gc] GC(360) Pause Young (Normal) (G1 Evacuation Pause) 378M->379M(512M) 10.636ms
[2020-08-01T12:32:38.964+0300][10.174s][info ][gc] GC(361) Pause Young (Normal) (G1 Evacuation Pause) 400M->402M(512M) 11.288ms
[2020-08-01T12:32:38.993+0300][10.202s][info ][gc] GC(362) Pause Young (Normal) (G1 Evacuation Pause) 423M->424M(512M) 10.349ms
[2020-08-01T12:32:39.030+0300][10.239s][info ][gc] GC(351) Pause Cleanup 465M->465M(512M) 0.127ms
[2020-08-01T12:32:39.042+0300][10.251s][info ][gc] GC(363) Pause Young (Normal) (G1 Evacuation Pause) 465M->467M(512M) 11.223ms
[2020-08-01T12:32:39.042+0300][10.251s][info ][gc] GC(351) Concurrent Cycle 361.547ms
[2020-08-01T12:32:39.064+0300][10.273s][info ][gc] GC(364) To-space exhausted
[2020-08-01T12:32:39.064+0300][10.273s][info ][gc] GC(364) Pause Young (Normal) (G1 Evacuation Pause) 488M->490M(512M) 12.737ms
[2020-08-01T12:32:39.116+0300][10.325s][info ][gc] GC(365) To-space exhausted
[2020-08-01T12:32:39.116+0300][10.325s][info ][gc] GC(365) Pause Young (Concurrent Start) (G1 Evacuation Pause) 511M->511M(512M) 39.994ms
[2020-08-01T12:32:39.116+0300][10.325s][info ][gc] GC(367) Concurrent Cycle
[2020-08-01T12:32:39.116+0300][10.326s][debug][gc] GC(366) Clear Next Bitmap 0.310ms
[2020-08-01T12:32:39.163+0300][10.373s][info ][gc] GC(366) Pause Full (G1 Evacuation Pause) 511M->72M(512M) 47.486ms
[2020-08-01T12:32:39.164+0300][10.373s][info ][gc] GC(367) Concurrent Cycle 47.832ms
[2020-08-01T12:32:39.184+0300][10.394s][info ][gc] GC(368) Pause Young (Normal) (G1 Evacuation Pause) 97M->97M(512M) 10.770ms
[2020-08-01T12:32:39.203+0300][10.413s][info ][gc] GC(369) Pause Young (Normal) (G1 Evacuation Pause) 119M->121M(512M) 10.133ms
[2020-08-01T12:32:39.239+0300][10.448s][info ][gc] GC(370) Pause Young (Normal) (G1 Evacuation Pause) 162M->163M(512M) 11.168ms
[2020-08-01T12:32:39.259+0300][10.468s][info ][gc] GC(371) Pause Young (Normal) (G1 Evacuation Pause) 184M->185M(512M) 11.269ms
[2020-08-01T12:32:39.278+0300][10.488s][info ][gc] GC(372) Pause Young (Normal) (G1 Evacuation Pause) 206M->208M(512M) 10.840ms
[2020-08-01T12:32:39.300+0300][10.509s][info ][gc] GC(373) Pause Young (Normal) (G1 Evacuation Pause) 229M->231M(512M) 12.280ms
[2020-08-01T12:32:39.319+0300][10.528s][info ][gc] GC(374) Pause Young (Concurrent Start) (G1 Evacuation Pause) 252M->253M(512M) 10.009ms
[2020-08-01T12:32:39.319+0300][10.528s][info ][gc] GC(375) Concurrent Cycle
[2020-08-01T12:32:39.341+0300][10.550s][info ][gc] GC(376) Pause Young (Normal) (G1 Evacuation Pause) 274M->276M(512M) 12.716ms
[2020-08-01T12:32:39.383+0300][10.593s][info ][gc] GC(377) Pause Young (Normal) (G1 Evacuation Pause) 317M->318M(512M) 10.034ms
[2020-08-01T12:32:39.402+0300][10.612s][info ][gc] GC(378) Pause Young (Normal) (G1 Evacuation Pause) 339M->341M(512M) 10.506ms
[2020-08-01T12:32:39.422+0300][10.631s][info ][gc] GC(379) Pause Young (Normal) (G1 Evacuation Pause) 362M->364M(512M) 10.441ms
[2020-08-01T12:32:39.441+0300][10.650s][info ][gc] GC(380) Pause Young (Normal) (G1 Evacuation Pause) 385M->386M(512M) 10.225ms
[2020-08-01T12:32:39.460+0300][10.669s][info ][gc] GC(381) Pause Young (Normal) (G1 Evacuation Pause) 407M->408M(512M) 10.440ms
[2020-08-01T12:32:39.463+0300][10.673s][debug][gc] GC(375) Reclaimed 128 empty regions
[2020-08-01T12:32:39.463+0300][10.673s][info ][gc] GC(375) Pause Remark 415M->290M(512M) 0.503ms
[2020-08-01T12:32:39.506+0300][10.716s][info ][gc] GC(382) Pause Young (Normal) (G1 Evacuation Pause) 324M->326M(512M) 11.875ms
[2020-08-01T12:32:39.532+0300][10.741s][info ][gc] GC(383) Pause Young (Normal) (G1 Evacuation Pause) 347M->348M(512M) 10.826ms
[2020-08-01T12:32:39.558+0300][10.767s][info ][gc] GC(384) Pause Young (Normal) (G1 Evacuation Pause) 369M->370M(512M) 10.233ms
[2020-08-01T12:32:39.585+0300][10.794s][info ][gc] GC(385) Pause Young (Normal) (G1 Evacuation Pause) 391M->393M(512M) 10.596ms
[2020-08-01T12:32:39.612+0300][10.821s][info ][gc] GC(386) Pause Young (Normal) (G1 Evacuation Pause) 414M->416M(512M) 11.269ms
[2020-08-01T12:32:39.638+0300][10.847s][info ][gc] GC(387) Pause Young (Normal) (G1 Evacuation Pause) 437M->438M(512M) 10.809ms
[2020-08-01T12:32:39.656+0300][10.866s][info ][gc] GC(375) Pause Cleanup 443M->443M(512M) 0.207ms
[2020-08-01T12:32:39.657+0300][10.866s][info ][gc] GC(375) Concurrent Cycle 338.196ms
[2020-08-01T12:32:39.665+0300][10.874s][info ][gc] GC(388) Pause Young (Concurrent Start) (G1 Humongous Allocation) 443M->445M(512M) 4.825ms
[2020-08-01T12:32:39.665+0300][10.874s][info ][gc] GC(389) Concurrent Cycle
[2020-08-01T12:32:39.672+0300][10.882s][debug][gc] GC(389) Reclaimed 428 empty regions
[2020-08-01T12:32:39.673+0300][10.882s][info ][gc] GC(389) Pause Remark 468M->40M(512M) 0.704ms
[2020-08-01T12:32:39.691+0300][10.901s][info ][gc] GC(390) Pause Young (Normal) (G1 Evacuation Pause) 58M->55M(512M) 9.769ms
[2020-08-01T12:32:39.695+0300][10.905s][info ][gc] GC(389) Pause Cleanup 55M->55M(512M) 0.099ms
[2020-08-01T12:32:39.696+0300][10.906s][info ][gc] GC(389) Concurrent Cycle 31.508ms
[2020-08-01T12:32:39.717+0300][10.926s][info ][gc] GC(391) Pause Young (Normal) (G1 Evacuation Pause) 76M->77M(512M) 10.440ms
[2020-08-01T12:32:39.736+0300][10.946s][info ][gc] GC(392) Pause Young (Normal) (G1 Evacuation Pause) 98M->100M(512M) 10.451ms
[2020-08-01T12:32:39.756+0300][10.965s][info ][gc] GC(393) Pause Young (Normal) (G1 Evacuation Pause) 121M->123M(512M) 10.511ms
[2020-08-01T12:32:39.775+0300][10.985s][info ][gc] GC(394) Pause Young (Normal) (G1 Evacuation Pause) 144M->145M(512M) 10.722ms
[2020-08-01T12:32:39.848+0300][11.058s][info ][gc] GC(395) Pause Young (Normal) (G1 Evacuation Pause) 186M->188M(512M) 25.622ms
[2020-08-01T12:32:39.872+0300][11.082s][info ][gc] GC(396) Pause Young (Normal) (G1 Evacuation Pause) 209M->210M(512M) 11.668ms
[2020-08-01T12:32:39.892+0300][11.102s][info ][gc] GC(397) Pause Young (Normal) (G1 Evacuation Pause) 231M->233M(512M) 10.841ms
[2020-08-01T12:32:39.913+0300][11.122s][info ][gc] GC(398) Pause Young (Concurrent Start) (G1 Evacuation Pause) 254M->255M(512M) 12.123ms
[2020-08-01T12:32:39.913+0300][11.122s][info ][gc] GC(399) Concurrent Cycle
[2020-08-01T12:32:39.933+0300][11.142s][info ][gc] GC(400) Pause Young (Normal) (G1 Evacuation Pause) 276M->278M(512M) 10.258ms
[2020-08-01T12:32:39.969+0300][11.178s][info ][gc] GC(401) Pause Young (Normal) (G1 Evacuation Pause) 319M->320M(512M) 10.407ms
[2020-08-01T12:32:39.988+0300][11.197s][info ][gc] GC(402) Pause Young (Normal) (G1 Evacuation Pause) 341M->342M(512M) 10.462ms
[2020-08-01T12:32:40.007+0300][11.217s][info ][gc] GC(403) Pause Young (Normal) (G1 Evacuation Pause) 363M->364M(512M) 10.463ms
[2020-08-01T12:32:40.027+0300][11.236s][info ][gc] GC(404) Pause Young (Normal) (G1 Evacuation Pause) 385M->387M(512M) 10.622ms
[2020-08-01T12:32:40.032+0300][11.242s][debug][gc] GC(399) Reclaimed 143 empty regions
[2020-08-01T12:32:40.032+0300][11.242s][info ][gc] GC(399) Pause Remark 399M->256M(512M) 0.440ms
[2020-08-01T12:32:40.047+0300][11.256s][info ][gc] GC(405) Pause Young (Normal) (G1 Evacuation Pause) 265M->266M(512M) 10.544ms
[2020-08-01T12:32:40.072+0300][11.281s][info ][gc] GC(406) Pause Young (Normal) (G1 Evacuation Pause) 287M->288M(512M) 10.853ms
[2020-08-01T12:32:40.116+0300][11.325s][info ][gc] GC(407) Pause Young (Normal) (G1 Evacuation Pause) 329M->330M(512M) 10.467ms
[2020-08-01T12:32:40.143+0300][11.353s][info ][gc] GC(408) Pause Young (Normal) (G1 Evacuation Pause) 351M->353M(512M) 12.509ms
[2020-08-01T12:32:40.169+0300][11.378s][info ][gc] GC(409) Pause Young (Normal) (G1 Evacuation Pause) 374M->376M(512M) 12.079ms
[2020-08-01T12:32:40.190+0300][11.399s][info ][gc] GC(410) Pause Young (Normal) (G1 Evacuation Pause) 397M->398M(512M) 12.082ms
[2020-08-01T12:32:40.211+0300][11.420s][info ][gc] GC(399) Pause Cleanup 411M->411M(512M) 0.123ms
[2020-08-01T12:32:40.212+0300][11.421s][info ][gc] GC(399) Concurrent Cycle 298.541ms
[2020-08-01T12:32:40.227+0300][11.436s][info ][gc] GC(411) Pause Young (Normal) (G1 Evacuation Pause) 419M->421M(512M) 11.813ms
[2020-08-01T12:32:40.263+0300][11.472s][info ][gc] GC(412) Pause Young (Concurrent Start) (G1 Humongous Allocation) 439M->441M(512M) 11.211ms
[2020-08-01T12:32:40.263+0300][11.472s][info ][gc] GC(413) Concurrent Cycle
[2020-08-01T12:32:40.273+0300][11.483s][debug][gc] GC(413) Reclaimed 409 empty regions
[2020-08-01T12:32:40.273+0300][11.483s][info ][gc] GC(413) Pause Remark 473M->64M(512M) 0.521ms
[2020-08-01T12:32:40.287+0300][11.496s][info ][gc] GC(414) Pause Young (Normal) (G1 Evacuation Pause) 73M->71M(512M) 9.331ms
[2020-08-01T12:32:40.299+0300][11.508s][info ][gc] GC(413) Pause Cleanup 89M->89M(512M) 0.078ms
[2020-08-01T12:32:40.299+0300][11.509s][info ][gc] GC(413) Concurrent Cycle 36.520ms
[2020-08-01T12:32:40.311+0300][11.521s][info ][gc] GC(415) Pause Young (Normal) (G1 Evacuation Pause) 92M->93M(512M) 10.872ms
[2020-08-01T12:32:40.332+0300][11.541s][info ][gc] GC(416) Pause Young (Normal) (G1 Evacuation Pause) 114M->116M(512M) 11.732ms
[2020-08-01T12:32:40.352+0300][11.561s][info ][gc] GC(417) Pause Young (Normal) (G1 Evacuation Pause) 137M->138M(512M) 10.621ms
[2020-08-01T12:32:40.374+0300][11.583s][info ][gc] GC(418) Pause Young (Normal) (G1 Evacuation Pause) 159M->161M(512M) 12.518ms
[2020-08-01T12:32:40.409+0300][11.618s][info ][gc] GC(419) Pause Young (Normal) (G1 Evacuation Pause) 202M->204M(512M) 10.848ms
[2020-08-01T12:32:40.428+0300][11.637s][info ][gc] GC(420) Pause Young (Normal) (G1 Evacuation Pause) 225M->226M(512M) 10.638ms
[2020-08-01T12:32:40.447+0300][11.656s][info ][gc] GC(421) Pause Young (Normal) (G1 Evacuation Pause) 247M->249M(512M) 10.361ms
[2020-08-01T12:32:40.466+0300][11.676s][info ][gc] GC(422) Pause Young (Concurrent Start) (G1 Evacuation Pause) 270M->271M(512M) 10.629ms
[2020-08-01T12:32:40.466+0300][11.676s][info ][gc] GC(423) Concurrent Cycle
[2020-08-01T12:32:40.488+0300][11.698s][info ][gc] GC(424) Pause Young (Normal) (G1 Evacuation Pause) 292M->294M(512M) 10.697ms
[2020-08-01T12:32:40.535+0300][11.744s][info ][gc] GC(425) Pause Young (Normal) (G1 Evacuation Pause) 335M->336M(512M) 11.601ms
[2020-08-01T12:32:40.556+0300][11.765s][info ][gc] GC(426) Pause Young (Normal) (G1 Evacuation Pause) 357M->358M(512M) 10.217ms
[2020-08-01T12:32:40.575+0300][11.785s][info ][gc] GC(427) Pause Young (Normal) (G1 Evacuation Pause) 379M->381M(512M) 10.487ms
[2020-08-01T12:32:40.579+0300][11.789s][debug][gc] GC(423) Reclaimed 157 empty regions
[2020-08-01T12:32:40.579+0300][11.789s][info ][gc] GC(423) Pause Remark 387M->230M(512M) 0.528ms
[2020-08-01T12:32:40.597+0300][11.806s][info ][gc] GC(428) Pause Young (Normal) (G1 Evacuation Pause) 245M->247M(512M) 10.710ms
[2020-08-01T12:32:40.630+0300][11.839s][info ][gc] GC(429) Pause Young (Normal) (G1 Evacuation Pause) 268M->269M(512M) 14.521ms
[2020-08-01T12:32:40.663+0300][11.873s][info ][gc] GC(430) Pause Young (Normal) (G1 Evacuation Pause) 290M->291M(512M) 15.663ms
[2020-08-01T12:32:40.724+0300][11.934s][info ][gc] GC(431) Pause Young (Normal) (G1 Evacuation Pause) 332M->333M(512M) 10.537ms
[2020-08-01T12:32:40.730+0300][11.939s][info ][gc] GC(423) Pause Cleanup 334M->334M(512M) 0.113ms
[2020-08-01T12:32:40.730+0300][11.939s][info ][gc] GC(423) Concurrent Cycle 263.715ms
[2020-08-01T12:32:40.751+0300][11.960s][info ][gc] GC(432) Pause Young (Normal) (G1 Evacuation Pause) 354M->356M(512M) 11.776ms
[2020-08-01T12:32:40.771+0300][11.980s][info ][gc] GC(433) Pause Young (Concurrent Start) (G1 Evacuation Pause) 377M->379M(512M) 10.760ms
[2020-08-01T12:32:40.771+0300][11.980s][info ][gc] GC(434) Concurrent Cycle
[2020-08-01T12:32:40.791+0300][12.001s][info ][gc] GC(435) Pause Young (Normal) (G1 Evacuation Pause) 400M->402M(512M) 11.103ms
[2020-08-01T12:32:40.811+0300][12.021s][info ][gc] GC(436) Pause Young (Normal) (G1 Evacuation Pause) 423M->424M(512M) 10.680ms
[2020-08-01T12:32:40.840+0300][12.050s][debug][gc] GC(434) Reclaimed 283 empty regions
[2020-08-01T12:32:40.840+0300][12.050s][info ][gc] GC(434) Pause Remark 442M->159M(512M) 0.433ms
[2020-08-01T12:32:40.859+0300][12.068s][info ][gc] GC(437) Pause Young (Normal) (G1 Evacuation Pause) 182M->184M(512M) 11.317ms
[2020-08-01T12:32:40.885+0300][12.095s][info ][gc] GC(438) Pause Young (Normal) (G1 Evacuation Pause) 205M->206M(512M) 10.469ms
[2020-08-01T12:32:40.909+0300][12.119s][info ][gc] GC(439) Pause Young (Normal) (G1 Evacuation Pause) 227M->228M(512M) 12.136ms
[2020-08-01T12:32:40.939+0300][12.148s][info ][gc] GC(440) Pause Young (Normal) (G1 Evacuation Pause) 249M->251M(512M) 10.684ms
[2020-08-01T12:32:40.944+0300][12.153s][info ][gc] GC(434) Pause Cleanup 252M->252M(512M) 0.110ms
[2020-08-01T12:32:40.944+0300][12.154s][info ][gc] GC(434) Concurrent Cycle 173.633ms
[2020-08-01T12:32:40.963+0300][12.173s][info ][gc] GC(441) Pause Young (Normal) (G1 Evacuation Pause) 272M->273M(512M) 10.912ms
[2020-08-01T12:32:40.983+0300][12.192s][info ][gc] GC(442) Pause Young (Concurrent Start) (G1 Evacuation Pause) 294M->296M(512M) 10.393ms
[2020-08-01T12:32:40.983+0300][12.192s][info ][gc] GC(443) Concurrent Cycle
[2020-08-01T12:32:41.018+0300][12.227s][info ][gc] GC(444) Pause Young (Normal) (G1 Evacuation Pause) 337M->338M(512M) 10.694ms
[2020-08-01T12:32:41.038+0300][12.247s][info ][gc] GC(445) Pause Young (Normal) (G1 Evacuation Pause) 359M->361M(512M) 11.367ms
[2020-08-01T12:32:41.057+0300][12.267s][info ][gc] GC(446) Pause Young (Normal) (G1 Evacuation Pause) 382M->383M(512M) 10.451ms
[2020-08-01T12:32:41.076+0300][12.286s][info ][gc] GC(447) Pause Young (Normal) (G1 Evacuation Pause) 404M->406M(512M) 10.569ms
[2020-08-01T12:32:41.095+0300][12.305s][info ][gc] GC(448) Pause Young (Normal) (G1 Evacuation Pause) 427M->428M(512M) 10.432ms
[2020-08-01T12:32:41.138+0300][12.347s][info ][gc] GC(449) Pause Young (Normal) (G1 Evacuation Pause) 469M->471M(512M) 10.529ms
[2020-08-01T12:32:41.143+0300][12.353s][debug][gc] GC(443) Reclaimed 149 empty regions
[2020-08-01T12:32:41.143+0300][12.353s][info ][gc] GC(443) Pause Remark 483M->334M(512M) 0.440ms
[2020-08-01T12:32:41.158+0300][12.368s][info ][gc] GC(450) Pause Young (Normal) (G1 Evacuation Pause) 343M->344M(512M) 11.247ms
[2020-08-01T12:32:41.184+0300][12.393s][info ][gc] GC(451) Pause Young (Normal) (G1 Evacuation Pause) 365M->367M(512M) 10.416ms
[2020-08-01T12:32:41.209+0300][12.418s][info ][gc] GC(452) Pause Young (Normal) (G1 Evacuation Pause) 388M->389M(512M) 10.341ms
[2020-08-01T12:32:41.235+0300][12.444s][info ][gc] GC(453) Pause Young (Normal) (G1 Evacuation Pause) 410M->411M(512M) 10.679ms
[2020-08-01T12:32:41.261+0300][12.470s][info ][gc] GC(454) Pause Young (Normal) (G1 Evacuation Pause) 432M->434M(512M) 10.452ms
[2020-08-01T12:32:41.301+0300][12.510s][info ][gc] GC(455) Pause Young (Normal) (G1 Evacuation Pause) 475M->476M(512M) 10.396ms
[2020-08-01T12:32:41.337+0300][12.547s][info ][gc] GC(456) To-space exhausted
[2020-08-01T12:32:41.337+0300][12.547s][info ][gc] GC(456) Pause Young (Normal) (G1 Evacuation Pause) 497M->505M(512M) 22.335ms
[2020-08-01T12:32:41.362+0300][12.571s][info ][gc] GC(457) To-space exhausted
[2020-08-01T12:32:41.362+0300][12.571s][info ][gc] GC(457) Pause Young (Normal) (G1 Evacuation Pause) 511M->511M(512M) 15.552ms
[2020-08-01T12:32:41.362+0300][12.572s][debug][gc] GC(458) Clear Next Bitmap 0.333ms
[2020-08-01T12:32:41.401+0300][12.611s][info ][gc] GC(458) Pause Full (G1 Evacuation Pause) 511M->63M(512M) 39.332ms
[2020-08-01T12:32:41.401+0300][12.611s][info ][gc] GC(443) Concurrent Cycle 418.665ms
[2020-08-01T12:32:41.425+0300][12.634s][info ][gc] GC(459) Pause Young (Normal) (G1 Evacuation Pause) 90M->90M(512M) 12.618ms
[2020-08-01T12:32:41.447+0300][12.656s][info ][gc] GC(460) Pause Young (Normal) (G1 Evacuation Pause) 114M->115M(512M) 12.197ms
[2020-08-01T12:32:41.466+0300][12.675s][info ][gc] GC(461) Pause Young (Normal) (G1 Evacuation Pause) 136M->138M(512M) 10.448ms
[2020-08-01T12:32:41.500+0300][12.709s][info ][gc] GC(462) Pause Young (Normal) (G1 Evacuation Pause) 179M->180M(512M) 10.712ms
[2020-08-01T12:32:41.519+0300][12.728s][info ][gc] GC(463) Pause Young (Normal) (G1 Evacuation Pause) 201M->203M(512M) 10.393ms
[2020-08-01T12:32:41.538+0300][12.747s][info ][gc] GC(464) Pause Young (Normal) (G1 Evacuation Pause) 224M->225M(512M) 10.481ms
[2020-08-01T12:32:41.556+0300][12.765s][info ][gc] GC(465) Pause Young (Normal) (G1 Evacuation Pause) 246M->247M(512M) 9.976ms
[2020-08-01T12:32:41.576+0300][12.785s][info ][gc] GC(466) Pause Young (Concurrent Start) (G1 Evacuation Pause) 269M->271M(512M) 11.077ms
[2020-08-01T12:32:41.576+0300][12.785s][info ][gc] GC(467) Concurrent Cycle
[2020-08-01T12:32:41.624+0300][12.833s][info ][gc] GC(468) Pause Young (Normal) (G1 Evacuation Pause) 313M->314M(512M) 11.419ms
[2020-08-01T12:32:41.644+0300][12.853s][info ][gc] GC(469) Pause Young (Normal) (G1 Evacuation Pause) 335M->336M(512M) 10.908ms
[2020-08-01T12:32:41.665+0300][12.874s][info ][gc] GC(470) Pause Young (Normal) (G1 Evacuation Pause) 357M->359M(512M) 10.500ms
[2020-08-01T12:32:41.685+0300][12.895s][info ][gc] GC(471) Pause Young (Normal) (G1 Evacuation Pause) 381M->382M(512M) 11.412ms
[2020-08-01T12:32:41.704+0300][12.914s][info ][gc] GC(472) Pause Young (Normal) (G1 Evacuation Pause) 403M->405M(512M) 10.306ms
[2020-08-01T12:32:41.724+0300][12.933s][debug][gc] GC(467) Reclaimed 134 empty regions
[2020-08-01T12:32:41.724+0300][12.933s][info ][gc] GC(467) Pause Remark 422M->292M(512M) 0.400ms
[2020-08-01T12:32:41.741+0300][12.951s][info ][gc] GC(473) Pause Young (Normal) (G1 Evacuation Pause) 315M->316M(512M) 11.184ms
[2020-08-01T12:32:41.767+0300][12.976s][info ][gc] GC(474) Pause Young (Normal) (G1 Evacuation Pause) 337M->338M(512M) 10.520ms
[2020-08-01T12:32:41.792+0300][13.002s][info ][gc] GC(475) Pause Young (Normal) (G1 Evacuation Pause) 359M->360M(512M) 10.418ms
[2020-08-01T12:32:41.818+0300][13.028s][info ][gc] GC(476) Pause Young (Normal) (G1 Evacuation Pause) 381M->382M(512M) 11.419ms
[2020-08-01T12:32:41.845+0300][13.054s][info ][gc] GC(477) Pause Young (Normal) (G1 Evacuation Pause) 403M->405M(512M) 11.774ms
[2020-08-01T12:32:41.871+0300][13.080s][info ][gc] GC(478) Pause Young (Normal) (G1 Evacuation Pause) 426M->427M(512M) 10.625ms
[2020-08-01T12:32:41.919+0300][13.128s][info ][gc] GC(479) Pause Young (Normal) (G1 Evacuation Pause) 468M->470M(512M) 10.662ms
[2020-08-01T12:32:41.932+0300][13.141s][info ][gc] GC(467) Pause Cleanup 488M->488M(512M) 0.124ms
[2020-08-01T12:32:41.933+0300][13.142s][info ][gc] GC(467) Concurrent Cycle 356.692ms
[2020-08-01T12:32:41.949+0300][13.159s][info ][gc] GC(480) To-space exhausted
[2020-08-01T12:32:41.949+0300][13.159s][info ][gc] GC(480) Pause Young (Normal) (G1 Evacuation Pause) 491M->498M(512M) 15.519ms
[2020-08-01T12:32:41.981+0300][13.191s][info ][gc] GC(481) To-space exhausted
[2020-08-01T12:32:41.981+0300][13.191s][info ][gc] GC(481) Pause Young (Concurrent Start) (G1 Evacuation Pause) 511M->511M(512M) 26.677ms
[2020-08-01T12:32:41.981+0300][13.191s][info ][gc] GC(483) Concurrent Cycle
[2020-08-01T12:32:41.982+0300][13.191s][debug][gc] GC(482) Clear Next Bitmap 0.312ms
[2020-08-01T12:32:42.023+0300][13.233s][info ][gc] GC(482) Pause Full (G1 Evacuation Pause) 511M->70M(512M) 41.936ms
[2020-08-01T12:32:42.024+0300][13.233s][info ][gc] GC(483) Concurrent Cycle 42.241ms
[2020-08-01T12:32:42.047+0300][13.257s][info ][gc] GC(484) Pause Young (Normal) (G1 Evacuation Pause) 99M->99M(512M) 12.078ms
[2020-08-01T12:32:42.069+0300][13.279s][info ][gc] GC(485) Pause Young (Normal) (G1 Evacuation Pause) 125M->127M(512M) 11.450ms
[2020-08-01T12:32:42.138+0300][13.347s][info ][gc] GC(486) Pause Young (Normal) (G1 Evacuation Pause) 169M->171M(512M) 22.642ms
[2020-08-01T12:32:42.161+0300][13.370s][info ][gc] GC(487) Pause Young (Normal) (G1 Evacuation Pause) 192M->193M(512M) 11.707ms
[2020-08-01T12:32:42.180+0300][13.389s][info ][gc] GC(488) Pause Young (Normal) (G1 Evacuation Pause) 214M->216M(512M) 10.476ms
[2020-08-01T12:32:42.198+0300][13.408s][info ][gc] GC(489) Pause Young (Normal) (G1 Evacuation Pause) 237M->239M(512M) 10.218ms
[2020-08-01T12:32:42.217+0300][13.426s][info ][gc] GC(490) Pause Young (Concurrent Start) (G1 Evacuation Pause) 260M->261M(512M) 10.203ms
[2020-08-01T12:32:42.217+0300][13.426s][info ][gc] GC(491) Concurrent Cycle
[2020-08-01T12:32:42.256+0300][13.466s][info ][gc] GC(492) Pause Young (Normal) (G1 Evacuation Pause) 302M->303M(512M) 10.844ms
[2020-08-01T12:32:42.276+0300][13.486s][info ][gc] GC(493) Pause Young (Normal) (G1 Evacuation Pause) 324M->325M(512M) 11.169ms
[2020-08-01T12:32:42.296+0300][13.506s][info ][gc] GC(494) Pause Young (Normal) (G1 Evacuation Pause) 346M->347M(512M) 10.960ms
[2020-08-01T12:32:42.315+0300][13.525s][info ][gc] GC(495) Pause Young (Normal) (G1 Evacuation Pause) 368M->370M(512M) 10.430ms
[2020-08-01T12:32:42.335+0300][13.544s][info ][gc] GC(496) Pause Young (Normal) (G1 Evacuation Pause) 391M->393M(512M) 10.316ms
[2020-08-01T12:32:42.354+0300][13.563s][info ][gc] GC(497) Pause Young (Normal) (G1 Evacuation Pause) 414M->416M(512M) 10.451ms
[2020-08-01T12:32:42.366+0300][13.575s][debug][gc] GC(491) Reclaimed 128 empty regions
[2020-08-01T12:32:42.366+0300][13.575s][info ][gc] GC(491) Pause Remark 425M->300M(512M) 0.426ms
[2020-08-01T12:32:42.401+0300][13.610s][info ][gc] GC(498) Pause Young (Normal) (G1 Evacuation Pause) 332M->334M(512M) 10.318ms
[2020-08-01T12:32:42.426+0300][13.635s][info ][gc] GC(499) Pause Young (Normal) (G1 Evacuation Pause) 355M->356M(512M) 10.535ms
[2020-08-01T12:32:42.452+0300][13.661s][info ][gc] GC(500) Pause Young (Normal) (G1 Evacuation Pause) 377M->378M(512M) 10.827ms
[2020-08-01T12:32:42.476+0300][13.685s][info ][gc] GC(501) Pause Young (Normal) (G1 Evacuation Pause) 399M->401M(512M) 10.943ms
[2020-08-01T12:32:42.502+0300][13.711s][info ][gc] GC(502) Pause Young (Normal) (G1 Evacuation Pause) 422M->424M(512M) 10.367ms
[2020-08-01T12:32:42.552+0300][13.762s][info ][gc] GC(503) Pause Young (Normal) (G1 Evacuation Pause) 465M->466M(512M) 10.270ms
[2020-08-01T12:32:42.558+0300][13.767s][info ][gc] GC(491) Pause Cleanup 467M->467M(512M) 0.125ms
[2020-08-01T12:32:42.558+0300][13.768s][info ][gc] GC(491) Concurrent Cycle 341.099ms
[2020-08-01T12:32:42.578+0300][13.788s][info ][gc] GC(504) To-space exhausted
[2020-08-01T12:32:42.578+0300][13.788s][info ][gc] GC(504) Pause Young (Normal) (G1 Evacuation Pause) 487M->493M(512M) 11.712ms
[2020-08-01T12:32:42.620+0300][13.830s][info ][gc] GC(505) To-space exhausted
[2020-08-01T12:32:42.621+0300][13.830s][info ][gc] GC(505) Pause Young (Concurrent Start) (G1 Evacuation Pause) 511M->511M(512M) 34.989ms
[2020-08-01T12:32:42.621+0300][13.830s][info ][gc] GC(507) Concurrent Cycle
[2020-08-01T12:32:42.621+0300][13.830s][debug][gc] GC(506) Clear Next Bitmap 0.267ms
[2020-08-01T12:32:42.659+0300][13.868s][info ][gc] GC(506) Pause Full (G1 Evacuation Pause) 511M->62M(512M) 38.388ms
[2020-08-01T12:32:42.659+0300][13.869s][info ][gc] GC(507) Concurrent Cycle 38.676ms
[2020-08-01T12:32:42.684+0300][13.893s][info ][gc] GC(508) Pause Young (Normal) (G1 Evacuation Pause) 87M->88M(512M) 13.980ms
[2020-08-01T12:32:42.703+0300][13.912s][info ][gc] GC(509) Pause Young (Normal) (G1 Evacuation Pause) 109M->110M(512M) 10.618ms
[2020-08-01T12:32:42.722+0300][13.931s][info ][gc] GC(510) Pause Young (Normal) (G1 Evacuation Pause) 131M->132M(512M) 10.400ms
[2020-08-01T12:32:42.758+0300][13.968s][info ][gc] GC(511) Pause Young (Normal) (G1 Evacuation Pause) 173M->174M(512M) 10.505ms
[2020-08-01T12:32:42.777+0300][13.986s][info ][gc] GC(512) Pause Young (Normal) (G1 Evacuation Pause) 195M->196M(512M) 10.355ms
[2020-08-01T12:32:42.796+0300][14.005s][info ][gc] GC(513) Pause Young (Normal) (G1 Evacuation Pause) 217M->219M(512M) 10.486ms
[2020-08-01T12:32:42.815+0300][14.024s][info ][gc] GC(514) Pause Young (Normal) (G1 Evacuation Pause) 240M->242M(512M) 10.239ms
[2020-08-01T12:32:42.834+0300][14.043s][info ][gc] GC(515) Pause Young (Concurrent Start) (G1 Evacuation Pause) 263M->264M(512M) 10.501ms
[2020-08-01T12:32:42.834+0300][14.043s][info ][gc] GC(516) Concurrent Cycle
[2020-08-01T12:32:42.884+0300][14.094s][info ][gc] GC(517) Pause Young (Normal) (G1 Evacuation Pause) 305M->306M(512M) 12.511ms
[2020-08-01T12:32:42.905+0300][14.115s][info ][gc] GC(518) Pause Young (Normal) (G1 Evacuation Pause) 327M->329M(512M) 11.543ms
[2020-08-01T12:32:42.929+0300][14.138s][info ][gc] GC(519) Pause Young (Normal) (G1 Evacuation Pause) 350M->351M(512M) 12.526ms
[2020-08-01T12:32:42.954+0300][14.163s][info ][gc] GC(520) Pause Young (Normal) (G1 Evacuation Pause) 372M->374M(512M) 11.122ms
[2020-08-01T12:32:42.982+0300][14.192s][info ][gc] GC(521) Pause Young (Normal) (G1 Evacuation Pause) 395M->396M(512M) 13.519ms
[2020-08-01T12:32:42.985+0300][14.195s][debug][gc] GC(516) Reclaimed 129 empty regions
[2020-08-01T12:32:42.985+0300][14.195s][info ][gc] GC(516) Pause Remark 402M->276M(512M) 0.670ms
[2020-08-01T12:32:43.005+0300][14.215s][info ][gc] GC(522) Pause Young (Normal) (G1 Evacuation Pause) 291M->293M(512M) 12.596ms
[2020-08-01T12:32:43.060+0300][14.269s][info ][gc] GC(523) Pause Young (Normal) (G1 Evacuation Pause) 334M->335M(512M) 11.270ms
[2020-08-01T12:32:43.086+0300][14.296s][info ][gc] GC(524) Pause Young (Normal) (G1 Evacuation Pause) 356M->357M(512M) 10.608ms
[2020-08-01T12:32:43.114+0300][14.323s][info ][gc] GC(525) Pause Young (Normal) (G1 Evacuation Pause) 378M->379M(512M) 10.779ms
[2020-08-01T12:32:43.141+0300][14.351s][info ][gc] GC(526) Pause Young (Normal) (G1 Evacuation Pause) 400M->401M(512M) 13.611ms
[2020-08-01T12:32:43.171+0300][14.381s][info ][gc] GC(527) Pause Young (Normal) (G1 Evacuation Pause) 422M->424M(512M) 11.865ms
[2020-08-01T12:32:43.181+0300][14.390s][info ][gc] GC(516) Pause Cleanup 429M->429M(512M) 0.202ms
[2020-08-01T12:32:43.182+0300][14.391s][info ][gc] GC(516) Concurrent Cycle 347.745ms
[2020-08-01T12:32:43.226+0300][14.436s][info ][gc] GC(528) Pause Young (Concurrent Start) (G1 Humongous Allocation) 439M->440M(512M) 18.655ms
[2020-08-01T12:32:43.227+0300][14.436s][info ][gc] GC(529) Concurrent Cycle
[2020-08-01T12:32:43.239+0300][14.448s][debug][gc] GC(529) Reclaimed 413 empty regions
[2020-08-01T12:32:43.239+0300][14.448s][info ][gc] GC(529) Pause Remark 470M->57M(512M) 0.650ms
[2020-08-01T12:32:43.257+0300][14.466s][info ][gc] GC(530) Pause Young (Normal) (G1 Evacuation Pause) 68M->66M(512M) 11.335ms
[2020-08-01T12:32:43.266+0300][14.475s][info ][gc] GC(529) Pause Cleanup 72M->72M(512M) 0.082ms
[2020-08-01T12:32:43.266+0300][14.476s][info ][gc] GC(529) Concurrent Cycle 39.642ms
[2020-08-01T12:32:43.283+0300][14.492s][info ][gc] GC(531) Pause Young (Normal) (G1 Evacuation Pause) 87M->88M(512M) 10.497ms
[2020-08-01T12:32:43.302+0300][14.511s][info ][gc] GC(532) Pause Young (Normal) (G1 Evacuation Pause) 109M->110M(512M) 10.351ms
[2020-08-01T12:32:43.321+0300][14.531s][info ][gc] GC(533) Pause Young (Normal) (G1 Evacuation Pause) 131M->133M(512M) 10.671ms
[2020-08-01T12:32:43.341+0300][14.551s][info ][gc] GC(534) Pause Young (Normal) (G1 Evacuation Pause) 154M->155M(512M) 11.393ms
[2020-08-01T12:32:43.397+0300][14.606s][info ][gc] GC(535) Pause Young (Normal) (G1 Evacuation Pause) 196M->197M(512M) 14.883ms
[2020-08-01T12:32:43.418+0300][14.627s][info ][gc] GC(536) Pause Young (Normal) (G1 Evacuation Pause) 218M->219M(512M) 10.393ms
[2020-08-01T12:32:43.437+0300][14.647s][info ][gc] GC(537) Pause Young (Normal) (G1 Evacuation Pause) 240M->241M(512M) 10.518ms
[2020-08-01T12:32:43.458+0300][14.667s][info ][gc] GC(538) Pause Young (Concurrent Start) (G1 Evacuation Pause) 262M->264M(512M) 11.250ms
[2020-08-01T12:32:43.458+0300][14.667s][info ][gc] GC(539) Concurrent Cycle
[2020-08-01T12:32:43.478+0300][14.687s][info ][gc] GC(540) Pause Young (Normal) (G1 Evacuation Pause) 285M->286M(512M) 10.673ms
[2020-08-01T12:32:43.520+0300][14.730s][info ][gc] GC(541) Pause Young (Normal) (G1 Evacuation Pause) 327M->328M(512M) 12.545ms
[2020-08-01T12:32:43.541+0300][14.750s][info ][gc] GC(542) Pause Young (Normal) (G1 Evacuation Pause) 349M->351M(512M) 10.930ms
[2020-08-01T12:32:43.565+0300][14.774s][info ][gc] GC(543) Pause Young (Normal) (G1 Evacuation Pause) 372M->373M(512M) 11.466ms
[2020-08-01T12:32:43.572+0300][14.782s][debug][gc] GC(539) Reclaimed 150 empty regions
[2020-08-01T12:32:43.572+0300][14.782s][info ][gc] GC(539) Pause Remark 388M->238M(512M) 0.539ms
[2020-08-01T12:32:43.588+0300][14.797s][info ][gc] GC(544) Pause Young (Normal) (G1 Evacuation Pause) 244M->245M(512M) 11.593ms
[2020-08-01T12:32:43.617+0300][14.826s][info ][gc] GC(545) Pause Young (Normal) (G1 Evacuation Pause) 266M->268M(512M) 10.480ms
[2020-08-01T12:32:43.646+0300][14.855s][info ][gc] GC(546) Pause Young (Normal) (G1 Evacuation Pause) 289M->291M(512M) 12.405ms
[2020-08-01T12:32:43.705+0300][14.915s][info ][gc] GC(547) Pause Young (Normal) (G1 Evacuation Pause) 332M->334M(512M) 11.008ms
[2020-08-01T12:32:43.713+0300][14.922s][info ][gc] GC(539) Pause Cleanup 341M->341M(512M) 0.168ms
[2020-08-01T12:32:43.713+0300][14.922s][info ][gc] GC(539) Concurrent Cycle 255.289ms
[2020-08-01T12:32:43.730+0300][14.939s][info ][gc] GC(548) Pause Young (Normal) (G1 Evacuation Pause) 355M->356M(512M) 10.344ms
[2020-08-01T12:32:43.750+0300][14.960s][info ][gc] GC(549) Pause Young (Concurrent Start) (G1 Evacuation Pause) 377M->378M(512M) 11.013ms
[2020-08-01T12:32:43.751+0300][14.960s][info ][gc] GC(550) Concurrent Cycle
[2020-08-01T12:32:43.772+0300][14.981s][info ][gc] GC(551) Pause Young (Normal) (G1 Evacuation Pause) 399M->400M(512M) 11.050ms
[2020-08-01T12:32:43.792+0300][15.001s][info ][gc] GC(552) Pause Young (Normal) (G1 Evacuation Pause) 421M->423M(512M) 10.922ms
[2020-08-01T12:32:43.833+0300][15.042s][info ][gc] GC(553) Pause Young (Normal) (G1 Evacuation Pause) 464M->465M(512M) 12.533ms
[2020-08-01T12:32:43.854+0300][15.064s][info ][gc] GC(554) To-space exhausted
[2020-08-01T12:32:43.854+0300][15.064s][info ][gc] GC(554) Pause Young (Normal) (G1 Evacuation Pause) 486M->489M(512M) 11.356ms
[2020-08-01T12:32:43.855+0300][15.064s][debug][gc] GC(550) Reclaimed 285 empty regions
[2020-08-01T12:32:43.855+0300][15.064s][info ][gc] GC(550) Pause Remark 490M->205M(512M) 0.500ms
[2020-08-01T12:32:43.876+0300][15.085s][info ][gc] GC(555) Pause Young (Normal) (G1 Evacuation Pause) 225M->227M(512M) 12.249ms
[2020-08-01T12:32:43.903+0300][15.112s][info ][gc] GC(556) Pause Young (Normal) (G1 Evacuation Pause) 248M->249M(512M) 11.142ms
[2020-08-01T12:32:43.930+0300][15.140s][info ][gc] GC(557) Pause Young (Normal) (G1 Evacuation Pause) 270M->272M(512M) 11.338ms
[2020-08-01T12:32:43.958+0300][15.168s][info ][gc] GC(558) Pause Young (Normal) (G1 Evacuation Pause) 293M->294M(512M) 11.476ms
[2020-08-01T12:32:43.983+0300][15.192s][info ][gc] GC(550) Pause Cleanup 302M->302M(512M) 0.108ms
[2020-08-01T12:32:43.983+0300][15.192s][info ][gc] GC(550) Concurrent Cycle 232.503ms
[2020-08-01T12:32:43.994+0300][15.203s][info ][gc] GC(559) Pause Young (Concurrent Start) (G1 Humongous Allocation) 302M->302M(512M) 5.882ms
[2020-08-01T12:32:43.994+0300][15.203s][info ][gc] GC(560) Concurrent Cycle
[2020-08-01T12:32:44.002+0300][15.211s][debug][gc] GC(560) Reclaimed 284 empty regions
[2020-08-01T12:32:44.002+0300][15.211s][info ][gc] GC(560) Pause Remark 328M->44M(512M) 0.618ms
[2020-08-01T12:32:44.018+0300][15.227s][info ][gc] GC(561) Pause Young (Normal) (G1 Evacuation Pause) 59M->56M(512M) 9.112ms
[2020-08-01T12:32:44.022+0300][15.231s][info ][gc] GC(560) Pause Cleanup 57M->57M(512M) 0.077ms
[2020-08-01T12:32:44.022+0300][15.232s][info ][gc] GC(560) Concurrent Cycle 28.594ms
[2020-08-01T12:32:44.041+0300][15.250s][info ][gc] GC(562) Pause Young (Normal) (G1 Evacuation Pause) 77M->79M(512M) 10.678ms
[2020-08-01T12:32:44.062+0300][15.271s][info ][gc] GC(563) Pause Young (Normal) (G1 Evacuation Pause) 100M->101M(512M) 11.978ms
[2020-08-01T12:32:44.081+0300][15.291s][info ][gc] GC(564) Pause Young (Normal) (G1 Evacuation Pause) 122M->123M(512M) 11.151ms
[2020-08-01T12:32:44.100+0300][15.309s][info ][gc] GC(565) Pause Young (Normal) (G1 Evacuation Pause) 144M->146M(512M) 10.208ms
[2020-08-01T12:32:44.182+0300][15.391s][info ][gc] GC(566) Pause Young (Normal) (G1 Evacuation Pause) 187M->188M(512M) 22.328ms
[2020-08-01T12:32:44.205+0300][15.414s][info ][gc] GC(567) Pause Young (Normal) (G1 Evacuation Pause) 209M->211M(512M) 11.537ms
[2020-08-01T12:32:44.225+0300][15.434s][info ][gc] GC(568) Pause Young (Normal) (G1 Evacuation Pause) 232M->233M(512M) 10.643ms
[2020-08-01T12:32:44.244+0300][15.453s][info ][gc] GC(569) Pause Young (Normal) (G1 Evacuation Pause) 254M->256M(512M) 10.899ms
[2020-08-01T12:32:44.263+0300][15.473s][info ][gc] GC(570) Pause Young (Concurrent Start) (G1 Evacuation Pause) 277M->279M(512M) 10.682ms
[2020-08-01T12:32:44.264+0300][15.473s][info ][gc] GC(571) Concurrent Cycle
[2020-08-01T12:32:44.300+0300][15.509s][info ][gc] GC(572) Pause Young (Normal) (G1 Evacuation Pause) 320M->322M(512M) 10.929ms
[2020-08-01T12:32:44.319+0300][15.528s][info ][gc] GC(573) Pause Young (Normal) (G1 Evacuation Pause) 343M->344M(512M) 10.334ms
[2020-08-01T12:32:44.338+0300][15.548s][info ][gc] GC(574) Pause Young (Normal) (G1 Evacuation Pause) 365M->366M(512M) 10.478ms
[2020-08-01T12:32:44.359+0300][15.568s][info ][gc] GC(575) Pause Young (Normal) (G1 Evacuation Pause) 387M->389M(512M) 11.111ms
[2020-08-01T12:32:44.379+0300][15.588s][info ][gc] GC(576) Pause Young (Normal) (G1 Evacuation Pause) 410M->411M(512M) 10.376ms
[2020-08-01T12:32:44.399+0300][15.608s][info ][gc] GC(577) Pause Young (Normal) (G1 Evacuation Pause) 432M->433M(512M) 10.937ms
[2020-08-01T12:32:44.414+0300][15.624s][debug][gc] GC(571) Reclaimed 142 empty regions
[2020-08-01T12:32:44.415+0300][15.624s][info ][gc] GC(571) Pause Remark 442M->300M(512M) 0.414ms
[2020-08-01T12:32:44.445+0300][15.654s][info ][gc] GC(578) Pause Young (Normal) (G1 Evacuation Pause) 332M->334M(512M) 11.517ms
[2020-08-01T12:32:44.473+0300][15.682s][info ][gc] GC(579) Pause Young (Normal) (G1 Evacuation Pause) 355M->357M(512M) 12.473ms
[2020-08-01T12:32:44.499+0300][15.708s][info ][gc] GC(580) Pause Young (Normal) (G1 Evacuation Pause) 378M->379M(512M) 11.384ms
[2020-08-01T12:32:44.527+0300][15.737s][info ][gc] GC(581) Pause Young (Normal) (G1 Evacuation Pause) 400M->401M(512M) 12.989ms
[2020-08-01T12:32:44.554+0300][15.764s][info ][gc] GC(582) Pause Young (Normal) (G1 Evacuation Pause) 422M->423M(512M) 10.599ms
[2020-08-01T12:32:44.600+0300][15.810s][info ][gc] GC(583) Pause Young (Normal) (G1 Evacuation Pause) 464M->465M(512M) 13.645ms
[2020-08-01T12:32:44.616+0300][15.826s][info ][gc] GC(571) Pause Cleanup 486M->486M(512M) 0.186ms
[2020-08-01T12:32:44.630+0300][15.839s][info ][gc] GC(584) To-space exhausted
[2020-08-01T12:32:44.630+0300][15.839s][info ][gc] GC(584) Pause Young (Normal) (G1 Evacuation Pause) 486M->488M(512M) 12.799ms
[2020-08-01T12:32:44.630+0300][15.839s][info ][gc] GC(571) Concurrent Cycle 366.309ms
[2020-08-01T12:32:44.675+0300][15.885s][info ][gc] GC(585) To-space exhausted
[2020-08-01T12:32:44.675+0300][15.885s][info ][gc] GC(585) Pause Young (Normal) (G1 Evacuation Pause) 509M->511M(512M) 36.333ms
[2020-08-01T12:32:44.718+0300][15.928s][info ][gc] GC(586) Pause Full (G1 Evacuation Pause) 511M->66M(512M) 42.815ms
[2020-08-01T12:32:44.742+0300][15.952s][info ][gc] GC(587) Pause Young (Normal) (G1 Evacuation Pause) 91M->91M(512M) 11.726ms
[2020-08-01T12:32:44.764+0300][15.973s][info ][gc] GC(588) Pause Young (Normal) (G1 Evacuation Pause) 112M->114M(512M) 12.301ms
[2020-08-01T12:32:44.785+0300][15.995s][info ][gc] GC(589) Pause Young (Normal) (G1 Evacuation Pause) 135M->136M(512M) 12.127ms
[2020-08-01T12:32:44.821+0300][16.030s][info ][gc] GC(590) Pause Young (Normal) (G1 Evacuation Pause) 177M->179M(512M) 10.771ms
[2020-08-01T12:32:44.841+0300][16.050s][info ][gc] GC(591) Pause Young (Normal) (G1 Evacuation Pause) 200M->201M(512M) 11.040ms
[2020-08-01T12:32:44.863+0300][16.073s][info ][gc] GC(592) Pause Young (Normal) (G1 Evacuation Pause) 222M->223M(512M) 12.942ms
[2020-08-01T12:32:44.886+0300][16.095s][info ][gc] GC(593) Pause Young (Normal) (G1 Evacuation Pause) 244M->245M(512M) 12.837ms
[2020-08-01T12:32:44.908+0300][16.117s][info ][gc] GC(594) Pause Young (Concurrent Start) (G1 Evacuation Pause) 266M->267M(512M) 13.161ms
[2020-08-01T12:32:44.908+0300][16.118s][info ][gc] GC(595) Concurrent Cycle
[2020-08-01T12:32:44.960+0300][16.169s][info ][gc] GC(596) Pause Young (Normal) (G1 Evacuation Pause) 308M->310M(512M) 12.272ms
[2020-08-01T12:32:44.982+0300][16.191s][info ][gc] GC(597) Pause Young (Normal) (G1 Evacuation Pause) 331M->331M(512M) 11.602ms
[2020-08-01T12:32:45.004+0300][16.213s][info ][gc] GC(598) Pause Young (Normal) (G1 Evacuation Pause) 352M->353M(512M) 11.311ms
[2020-08-01T12:32:45.023+0300][16.232s][info ][gc] GC(599) Pause Young (Normal) (G1 Evacuation Pause) 374M->376M(512M) 10.114ms
[2020-08-01T12:32:45.044+0300][16.253s][info ][gc] GC(600) Pause Young (Normal) (G1 Evacuation Pause) 397M->399M(512M) 11.674ms
[2020-08-01T12:32:45.064+0300][16.274s][info ][gc] GC(601) Pause Young (Normal) (G1 Evacuation Pause) 420M->422M(512M) 11.300ms
[2020-08-01T12:32:45.071+0300][16.280s][debug][gc] GC(595) Reclaimed 131 empty regions
[2020-08-01T12:32:45.071+0300][16.281s][info ][gc] GC(595) Pause Remark 425M->296M(512M) 0.427ms
[2020-08-01T12:32:45.104+0300][16.313s][info ][gc] GC(602) Pause Young (Normal) (G1 Evacuation Pause) 335M->336M(512M) 11.055ms
[2020-08-01T12:32:45.138+0300][16.348s][info ][gc] GC(603) Pause Young (Normal) (G1 Evacuation Pause) 357M->359M(512M) 10.791ms
[2020-08-01T12:32:45.169+0300][16.378s][info ][gc] GC(604) Pause Young (Normal) (G1 Evacuation Pause) 380M->381M(512M) 10.813ms
[2020-08-01T12:32:45.197+0300][16.406s][info ][gc] GC(605) Pause Young (Normal) (G1 Evacuation Pause) 402M->404M(512M) 11.260ms
[2020-08-01T12:32:45.228+0300][16.437s][info ][gc] GC(606) Pause Young (Normal) (G1 Evacuation Pause) 425M->426M(512M) 11.148ms
[2020-08-01T12:32:45.270+0300][16.480s][info ][gc] GC(607) Pause Young (Normal) (G1 Evacuation Pause) 467M->468M(512M) 12.214ms
[2020-08-01T12:32:45.279+0300][16.488s][info ][gc] GC(595) Pause Cleanup 469M->469M(512M) 0.188ms
[2020-08-01T12:32:45.280+0300][16.489s][info ][gc] GC(595) Concurrent Cycle 371.566ms
[2020-08-01T12:32:45.302+0300][16.511s][info ][gc] GC(608) To-space exhausted
[2020-08-01T12:32:45.302+0300][16.512s][info ][gc] GC(608) Pause Young (Normal) (G1 Evacuation Pause) 489M->496M(512M) 13.787ms
[2020-08-01T12:32:45.340+0300][16.549s][info ][gc] GC(609) To-space exhausted
[2020-08-01T12:32:45.340+0300][16.549s][info ][gc] GC(609) Pause Young (Concurrent Start) (G1 Evacuation Pause) 511M->511M(512M) 30.982ms
[2020-08-01T12:32:45.340+0300][16.549s][info ][gc] GC(611) Concurrent Cycle
[2020-08-01T12:32:45.340+0300][16.550s][debug][gc] GC(610) Clear Next Bitmap 0.236ms
[2020-08-01T12:32:45.383+0300][16.593s][info ][gc] GC(610) Pause Full (G1 Evacuation Pause) 511M->66M(512M) 43.242ms
[2020-08-01T12:32:45.384+0300][16.593s][info ][gc] GC(611) Concurrent Cycle 43.623ms
[2020-08-01T12:32:45.410+0300][16.619s][info ][gc] GC(612) Pause Young (Normal) (G1 Evacuation Pause) 91M->92M(512M) 15.567ms
[2020-08-01T12:32:45.433+0300][16.642s][info ][gc] GC(613) Pause Young (Normal) (G1 Evacuation Pause) 113M->115M(512M) 13.197ms
[2020-08-01T12:32:45.455+0300][16.665s][info ][gc] GC(614) Pause Young (Normal) (G1 Evacuation Pause) 136M->137M(512M) 12.726ms
[2020-08-01T12:32:45.497+0300][16.706s][info ][gc] GC(615) Pause Young (Normal) (G1 Evacuation Pause) 178M->180M(512M) 12.673ms
[2020-08-01T12:32:45.517+0300][16.727s][info ][gc] GC(616) Pause Young (Normal) (G1 Evacuation Pause) 201M->204M(512M) 10.533ms
[2020-08-01T12:32:45.536+0300][16.746s][info ][gc] GC(617) Pause Young (Normal) (G1 Evacuation Pause) 225M->227M(512M) 10.530ms
[2020-08-01T12:32:45.556+0300][16.765s][info ][gc] GC(618) Pause Young (Normal) (G1 Evacuation Pause) 248M->249M(512M) 10.939ms
[2020-08-01T12:32:45.575+0300][16.784s][info ][gc] GC(619) Pause Young (Concurrent Start) (G1 Evacuation Pause) 270M->272M(512M) 10.521ms
[2020-08-01T12:32:45.575+0300][16.784s][info ][gc] GC(620) Concurrent Cycle
[2020-08-01T12:32:45.611+0300][16.821s][info ][gc] GC(621) Pause Young (Normal) (G1 Evacuation Pause) 313M->314M(512M) 12.444ms
[2020-08-01T12:32:45.633+0300][16.842s][info ][gc] GC(622) Pause Young (Normal) (G1 Evacuation Pause) 335M->336M(512M) 11.481ms
[2020-08-01T12:32:45.659+0300][16.868s][info ][gc] GC(623) Pause Young (Normal) (G1 Evacuation Pause) 357M->359M(512M) 12.049ms
[2020-08-01T12:32:45.680+0300][16.889s][info ][gc] GC(624) Pause Young (Normal) (G1 Evacuation Pause) 380M->382M(512M) 11.467ms
[2020-08-01T12:32:45.700+0300][16.910s][info ][gc] GC(625) Pause Young (Normal) (G1 Evacuation Pause) 403M->404M(512M) 10.492ms
[2020-08-01T12:32:45.721+0300][16.930s][info ][gc] GC(626) Pause Young (Normal) (G1 Evacuation Pause) 425M->427M(512M) 11.614ms
[2020-08-01T12:32:45.739+0300][16.948s][debug][gc] GC(620) Reclaimed 135 empty regions
[2020-08-01T12:32:45.739+0300][16.948s][info ][gc] GC(620) Pause Remark 429M->297M(512M) 0.423ms
[2020-08-01T12:32:45.770+0300][16.979s][info ][gc] GC(627) Pause Young (Normal) (G1 Evacuation Pause) 336M->337M(512M) 11.069ms
[2020-08-01T12:32:45.799+0300][17.008s][info ][gc] GC(628) Pause Young (Normal) (G1 Evacuation Pause) 358M->360M(512M) 12.197ms
[2020-08-01T12:32:45.825+0300][17.035s][info ][gc] GC(629) Pause Young (Normal) (G1 Evacuation Pause) 381M->382M(512M) 11.116ms
[2020-08-01T12:32:45.851+0300][17.061s][info ][gc] GC(630) Pause Young (Normal) (G1 Evacuation Pause) 403M->405M(512M) 10.928ms
[2020-08-01T12:32:45.879+0300][17.088s][info ][gc] GC(631) Pause Young (Normal) (G1 Evacuation Pause) 426M->427M(512M) 11.849ms
[2020-08-01T12:32:45.925+0300][17.134s][info ][gc] GC(632) Pause Young (Normal) (G1 Evacuation Pause) 468M->469M(512M) 10.885ms
[2020-08-01T12:32:45.943+0300][17.153s][info ][gc] GC(620) Pause Cleanup 485M->485M(512M) 0.132ms
[2020-08-01T12:32:45.944+0300][17.153s][info ][gc] GC(620) Concurrent Cycle 368.885ms
[2020-08-01T12:32:45.961+0300][17.170s][info ][gc] GC(633) To-space exhausted
[2020-08-01T12:32:45.961+0300][17.170s][info ][gc] GC(633) Pause Young (Normal) (G1 Evacuation Pause) 490M->497M(512M) 14.863ms
[2020-08-01T12:32:45.996+0300][17.206s][info ][gc] GC(634) To-space exhausted
[2020-08-01T12:32:45.997+0300][17.206s][info ][gc] GC(634) Pause Young (Concurrent Start) (G1 Evacuation Pause) 511M->511M(512M) 30.021ms
[2020-08-01T12:32:45.997+0300][17.206s][info ][gc] GC(636) Concurrent Cycle
[2020-08-01T12:32:45.997+0300][17.206s][debug][gc] GC(635) Clear Next Bitmap 0.265ms
[2020-08-01T12:32:46.037+0300][17.247s][info ][gc] GC(635) Pause Full (G1 Evacuation Pause) 511M->66M(512M) 40.604ms
[2020-08-01T12:32:46.038+0300][17.247s][info ][gc] GC(636) Concurrent Cycle 41.007ms
[2020-08-01T12:32:46.060+0300][17.269s][info ][gc] GC(637) Pause Young (Normal) (G1 Evacuation Pause) 93M->93M(512M) 11.263ms
[2020-08-01T12:32:46.084+0300][17.293s][info ][gc] GC(638) Pause Young (Normal) (G1 Evacuation Pause) 118M->120M(512M) 13.545ms
[2020-08-01T12:32:46.125+0300][17.334s][info ][gc] GC(639) Pause Young (Normal) (G1 Evacuation Pause) 161M->163M(512M) 12.797ms
[2020-08-01T12:32:46.145+0300][17.354s][info ][gc] GC(640) Pause Young (Normal) (G1 Evacuation Pause) 184M->185M(512M) 11.076ms
[2020-08-01T12:32:46.165+0300][17.375s][info ][gc] GC(641) Pause Young (Normal) (G1 Evacuation Pause) 206M->207M(512M) 11.152ms
[2020-08-01T12:32:46.185+0300][17.395s][info ][gc] GC(642) Pause Young (Normal) (G1 Evacuation Pause) 228M->229M(512M) 10.639ms
[2020-08-01T12:32:46.204+0300][17.414s][info ][gc] GC(643) Pause Young (Normal) (G1 Evacuation Pause) 250M->251M(512M) 10.362ms
[2020-08-01T12:32:46.224+0300][17.434s][info ][gc] GC(644) Pause Young (Concurrent Start) (G1 Evacuation Pause) 272M->274M(512M) 11.343ms
[2020-08-01T12:32:46.224+0300][17.434s][info ][gc] GC(645) Concurrent Cycle
[2020-08-01T12:32:46.267+0300][17.477s][info ][gc] GC(646) Pause Young (Normal) (G1 Evacuation Pause) 315M->317M(512M) 10.309ms
[2020-08-01T12:32:46.291+0300][17.500s][info ][gc] GC(647) Pause Young (Normal) (G1 Evacuation Pause) 338M->338M(512M) 12.821ms
[2020-08-01T12:32:46.313+0300][17.522s][info ][gc] GC(648) Pause Young (Normal) (G1 Evacuation Pause) 359M->361M(512M) 10.986ms
[2020-08-01T12:32:46.336+0300][17.545s][info ][gc] GC(649) Pause Young (Normal) (G1 Evacuation Pause) 382M->383M(512M) 12.261ms
[2020-08-01T12:32:46.357+0300][17.567s][info ][gc] GC(650) Pause Young (Normal) (G1 Evacuation Pause) 404M->405M(512M) 10.552ms
[2020-08-01T12:32:46.381+0300][17.590s][debug][gc] GC(645) Reclaimed 131 empty regions
[2020-08-01T12:32:46.381+0300][17.590s][info ][gc] GC(645) Pause Remark 422M->293M(512M) 0.494ms
[2020-08-01T12:32:46.418+0300][17.627s][info ][gc] GC(651) Pause Young (Normal) (G1 Evacuation Pause) 317M->319M(512M) 12.819ms
[2020-08-01T12:32:46.447+0300][17.657s][info ][gc] GC(652) Pause Young (Normal) (G1 Evacuation Pause) 340M->342M(512M) 10.715ms
[2020-08-01T12:32:46.477+0300][17.687s][info ][gc] GC(653) Pause Young (Normal) (G1 Evacuation Pause) 363M->364M(512M) 11.331ms
[2020-08-01T12:32:46.507+0300][17.716s][info ][gc] GC(654) Pause Young (Normal) (G1 Evacuation Pause) 385M->386M(512M) 11.195ms
[2020-08-01T12:32:46.536+0300][17.745s][info ][gc] GC(655) Pause Young (Normal) (G1 Evacuation Pause) 407M->408M(512M) 10.533ms
[2020-08-01T12:32:46.562+0300][17.771s][info ][gc] GC(656) Pause Young (Normal) (G1 Evacuation Pause) 429M->431M(512M) 11.261ms
[2020-08-01T12:32:46.583+0300][17.792s][info ][gc] GC(645) Pause Cleanup 437M->437M(512M) 0.151ms
[2020-08-01T12:32:46.584+0300][17.793s][info ][gc] GC(645) Concurrent Cycle 359.563ms
[2020-08-01T12:32:46.595+0300][17.804s][info ][gc] GC(657) Pause Young (Concurrent Start) (G1 Humongous Allocation) 437M->438M(512M) 6.925ms
[2020-08-01T12:32:46.595+0300][17.804s][info ][gc] GC(658) Concurrent Cycle
[2020-08-01T12:32:46.602+0300][17.812s][debug][gc] GC(658) Reclaimed 422 empty regions
[2020-08-01T12:32:46.603+0300][17.812s][info ][gc] GC(658) Pause Remark 459M->37M(512M) 0.722ms
[2020-08-01T12:32:46.613+0300][17.823s][info ][gc] GC(658) Pause Cleanup 56M->56M(512M) 0.086ms
[2020-08-01T12:32:46.625+0300][17.835s][info ][gc] GC(659) Pause Young (Normal) (G1 Evacuation Pause) 57M->54M(512M) 11.246ms
[2020-08-01T12:32:46.626+0300][17.835s][info ][gc] GC(658) Concurrent Cycle 30.589ms
[2020-08-01T12:32:46.648+0300][17.857s][info ][gc] GC(660) Pause Young (Normal) (G1 Evacuation Pause) 75M->76M(512M) 12.242ms
[2020-08-01T12:32:46.670+0300][17.879s][info ][gc] GC(661) Pause Young (Normal) (G1 Evacuation Pause) 97M->98M(512M) 11.402ms
[2020-08-01T12:32:46.691+0300][17.901s][info ][gc] GC(662) Pause Young (Normal) (G1 Evacuation Pause) 119M->120M(512M) 11.199ms
[2020-08-01T12:32:46.726+0300][17.936s][info ][gc] GC(663) Pause Young (Normal) (G1 Evacuation Pause) 141M->143M(512M) 11.727ms
[2020-08-01T12:32:46.765+0300][17.974s][info ][gc] GC(664) Pause Young (Normal) (G1 Evacuation Pause) 184M->185M(512M) 12.141ms
[2020-08-01T12:32:46.788+0300][17.997s][info ][gc] GC(665) Pause Young (Normal) (G1 Evacuation Pause) 206M->207M(512M) 12.420ms
[2020-08-01T12:32:46.816+0300][18.026s][info ][gc] GC(666) Pause Young (Normal) (G1 Evacuation Pause) 228M->229M(512M) 12.116ms
[2020-08-01T12:32:46.837+0300][18.047s][info ][gc] GC(667) Pause Young (Normal) (G1 Evacuation Pause) 250M->252M(512M) 12.154ms
[2020-08-01T12:32:46.856+0300][18.066s][info ][gc] GC(668) Pause Young (Concurrent Start) (G1 Evacuation Pause) 273M->273M(512M) 10.404ms
[2020-08-01T12:32:46.856+0300][18.066s][info ][gc] GC(669) Concurrent Cycle
[2020-08-01T12:32:46.897+0300][18.106s][info ][gc] GC(670) Pause Young (Normal) (G1 Evacuation Pause) 314M->316M(512M) 10.667ms
[2020-08-01T12:32:46.917+0300][18.126s][info ][gc] GC(671) Pause Young (Normal) (G1 Evacuation Pause) 337M->339M(512M) 10.685ms
[2020-08-01T12:32:46.938+0300][18.147s][info ][gc] GC(672) Pause Young (Normal) (G1 Evacuation Pause) 360M->362M(512M) 10.774ms
[2020-08-01T12:32:46.958+0300][18.167s][info ][gc] GC(673) Pause Young (Normal) (G1 Evacuation Pause) 383M->384M(512M) 10.751ms
[2020-08-01T12:32:46.977+0300][18.187s][info ][gc] GC(674) Pause Young (Normal) (G1 Evacuation Pause) 405M->406M(512M) 10.479ms
[2020-08-01T12:32:46.998+0300][18.207s][info ][gc] GC(675) Pause Young (Normal) (G1 Evacuation Pause) 427M->429M(512M) 10.425ms
[2020-08-01T12:32:47.008+0300][18.217s][debug][gc] GC(669) Reclaimed 140 empty regions
[2020-08-01T12:32:47.008+0300][18.217s][info ][gc] GC(669) Pause Remark 438M->298M(512M) 0.544ms
[2020-08-01T12:32:47.041+0300][18.250s][info ][gc] GC(676) Pause Young (Normal) (G1 Evacuation Pause) 330M->331M(512M) 11.033ms
[2020-08-01T12:32:47.075+0300][18.284s][info ][gc] GC(677) Pause Young (Normal) (G1 Evacuation Pause) 352M->353M(512M) 10.418ms
[2020-08-01T12:32:47.102+0300][18.311s][info ][gc] GC(678) Pause Young (Normal) (G1 Evacuation Pause) 374M->376M(512M) 10.756ms
[2020-08-01T12:32:47.129+0300][18.339s][info ][gc] GC(679) Pause Young (Normal) (G1 Evacuation Pause) 397M->398M(512M) 11.209ms
[2020-08-01T12:32:47.157+0300][18.367s][info ][gc] GC(680) Pause Young (Normal) (G1 Evacuation Pause) 419M->421M(512M) 10.668ms
[2020-08-01T12:32:47.191+0300][18.400s][info ][gc] GC(669) Pause Cleanup 439M->439M(512M) 0.113ms
[2020-08-01T12:32:47.191+0300][18.400s][info ][gc] GC(669) Concurrent Cycle 334.514ms
[2020-08-01T12:32:47.203+0300][18.413s][info ][gc] GC(681) Pause Young (Concurrent Start) (G1 Humongous Allocation) 439M->441M(512M) 9.500ms
[2020-08-01T12:32:47.203+0300][18.413s][info ][gc] GC(682) Concurrent Cycle
[2020-08-01T12:32:47.215+0300][18.424s][debug][gc] GC(682) Reclaimed 412 empty regions
[2020-08-01T12:32:47.215+0300][18.424s][info ][gc] GC(682) Pause Remark 473M->61M(512M) 0.553ms
[2020-08-01T12:32:47.229+0300][18.438s][info ][gc] GC(683) Pause Young (Normal) (G1 Evacuation Pause) 70M->67M(512M) 10.084ms
[2020-08-01T12:32:47.241+0300][18.451s][info ][gc] GC(682) Pause Cleanup 80M->80M(512M) 0.107ms
[2020-08-01T12:32:47.242+0300][18.451s][info ][gc] GC(682) Concurrent Cycle 38.848ms
[2020-08-01T12:32:47.257+0300][18.466s][info ][gc] GC(684) Pause Young (Normal) (G1 Evacuation Pause) 88M->90M(512M) 10.619ms
[2020-08-01T12:32:47.277+0300][18.486s][info ][gc] GC(685) Pause Young (Normal) (G1 Evacuation Pause) 111M->112M(512M) 10.985ms
[2020-08-01T12:32:47.297+0300][18.506s][info ][gc] GC(686) Pause Young (Normal) (G1 Evacuation Pause) 133M->135M(512M) 11.331ms
[2020-08-01T12:32:47.318+0300][18.528s][info ][gc] GC(687) Pause Young (Normal) (G1 Evacuation Pause) 156M->157M(512M) 10.590ms
[2020-08-01T12:32:47.370+0300][18.579s][info ][gc] GC(688) Pause Young (Normal) (G1 Evacuation Pause) 198M->200M(512M) 18.850ms
[2020-08-01T12:32:47.390+0300][18.600s][info ][gc] GC(689) Pause Young (Normal) (G1 Evacuation Pause) 221M->222M(512M) 10.487ms
[2020-08-01T12:32:47.410+0300][18.619s][info ][gc] GC(690) Pause Young (Normal) (G1 Evacuation Pause) 243M->245M(512M) 11.027ms
[2020-08-01T12:32:47.431+0300][18.640s][info ][gc] GC(691) Pause Young (Concurrent Start) (G1 Evacuation Pause) 266M->268M(512M) 10.537ms
[2020-08-01T12:32:47.431+0300][18.640s][info ][gc] GC(692) Concurrent Cycle
[2020-08-01T12:32:47.451+0300][18.660s][info ][gc] GC(693) Pause Young (Normal) (G1 Evacuation Pause) 289M->290M(512M) 10.155ms
[2020-08-01T12:32:47.488+0300][18.697s][info ][gc] GC(694) Pause Young (Normal) (G1 Evacuation Pause) 331M->332M(512M) 11.340ms
[2020-08-01T12:32:47.508+0300][18.717s][info ][gc] GC(695) Pause Young (Normal) (G1 Evacuation Pause) 353M->354M(512M) 11.105ms
[2020-08-01T12:32:47.529+0300][18.738s][info ][gc] GC(696) Pause Young (Normal) (G1 Evacuation Pause) 375M->377M(512M) 11.009ms
[2020-08-01T12:32:47.549+0300][18.758s][info ][gc] GC(697) Pause Young (Normal) (G1 Evacuation Pause) 398M->399M(512M) 10.508ms
[2020-08-01T12:32:47.555+0300][18.764s][debug][gc] GC(692) Reclaimed 156 empty regions
[2020-08-01T12:32:47.555+0300][18.764s][info ][gc] GC(692) Pause Remark 410M->254M(512M) 0.582ms
[2020-08-01T12:32:47.570+0300][18.780s][info ][gc] GC(698) Pause Young (Normal) (G1 Evacuation Pause) 264M->266M(512M) 10.841ms
[2020-08-01T12:32:47.605+0300][18.814s][info ][gc] GC(699) Pause Young (Normal) (G1 Evacuation Pause) 287M->288M(512M) 10.443ms
[2020-08-01T12:32:47.647+0300][18.857s][info ][gc] GC(700) Pause Young (Normal) (G1 Evacuation Pause) 329M->331M(512M) 10.417ms
[2020-08-01T12:32:47.677+0300][18.886s][info ][gc] GC(701) Pause Young (Normal) (G1 Evacuation Pause) 352M->353M(512M) 12.287ms
[2020-08-01T12:32:47.706+0300][18.915s][info ][gc] GC(702) Pause Young (Normal) (G1 Evacuation Pause) 374M->375M(512M) 10.762ms
[2020-08-01T12:32:47.721+0300][18.930s][info ][gc] GC(692) Pause Cleanup 395M->395M(512M) 0.128ms
[2020-08-01T12:32:47.721+0300][18.931s][info ][gc] GC(692) Concurrent Cycle 290.224ms
[2020-08-01T12:32:47.732+0300][18.942s][info ][gc] GC(703) Pause Young (Normal) (G1 Evacuation Pause) 396M->398M(512M) 10.726ms
[2020-08-01T12:32:47.752+0300][18.962s][info ][gc] GC(704) Pause Young (Concurrent Start) (G1 Evacuation Pause) 419M->420M(512M) 10.658ms
[2020-08-01T12:32:47.752+0300][18.962s][info ][gc] GC(705) Concurrent Cycle
[2020-08-01T12:32:47.798+0300][19.008s][info ][gc] GC(706) Pause Young (Normal) (G1 Evacuation Pause) 461M->462M(512M) 10.993ms
[2020-08-01T12:32:47.819+0300][19.028s][info ][gc] GC(707) Pause Young (Normal) (G1 Evacuation Pause) 483M->484M(512M) 10.497ms
[2020-08-01T12:32:47.859+0300][19.068s][info ][gc] GC(708) To-space exhausted
[2020-08-01T12:32:47.859+0300][19.069s][info ][gc] GC(708) Pause Young (Normal) (G1 Evacuation Pause) 505M->509M(512M) 31.401ms
[2020-08-01T12:32:47.874+0300][19.083s][info ][gc] GC(709) To-space exhausted
[2020-08-01T12:32:47.874+0300][19.083s][info ][gc] GC(709) Pause Young (Normal) (G1 Evacuation Pause) 511M->511M(512M) 8.937ms
[2020-08-01T12:32:47.874+0300][19.084s][debug][gc] GC(710) Clear Next Bitmap 0.395ms
[2020-08-01T12:32:47.918+0300][19.127s][info ][gc] GC(710) Pause Full (G1 Evacuation Pause) 511M->68M(512M) 43.910ms
[2020-08-01T12:32:47.918+0300][19.127s][info ][gc] GC(705) Concurrent Cycle 165.822ms
[2020-08-01T12:32:47.939+0300][19.148s][info ][gc] GC(711) Pause Young (Normal) (G1 Evacuation Pause) 94M->94M(512M) 10.520ms
[2020-08-01T12:32:47.962+0300][19.171s][info ][gc] GC(712) Pause Young (Normal) (G1 Evacuation Pause) 118M->119M(512M) 11.753ms
[2020-08-01T12:32:48.003+0300][19.213s][info ][gc] GC(713) Pause Young (Normal) (G1 Evacuation Pause) 160M->162M(512M) 12.351ms
[2020-08-01T12:32:48.027+0300][19.236s][info ][gc] GC(714) Pause Young (Normal) (G1 Evacuation Pause) 183M->184M(512M) 12.041ms
[2020-08-01T12:32:48.048+0300][19.257s][info ][gc] GC(715) Pause Young (Normal) (G1 Evacuation Pause) 205M->206M(512M) 12.367ms
[2020-08-01T12:32:48.070+0300][19.280s][info ][gc] GC(716) Pause Young (Normal) (G1 Evacuation Pause) 227M->228M(512M) 11.919ms
[2020-08-01T12:32:48.094+0300][19.303s][info ][gc] GC(717) Pause Young (Normal) (G1 Evacuation Pause) 249M->250M(512M) 12.489ms
[2020-08-01T12:32:48.114+0300][19.323s][info ][gc] GC(718) Pause Young (Concurrent Start) (G1 Evacuation Pause) 271M->273M(512M) 10.918ms
[2020-08-01T12:32:48.114+0300][19.323s][info ][gc] GC(719) Concurrent Cycle
[2020-08-01T12:32:48.162+0300][19.372s][info ][gc] GC(720) Pause Young (Normal) (G1 Evacuation Pause) 314M->316M(512M) 11.077ms
[2020-08-01T12:32:48.182+0300][19.392s][info ][gc] GC(721) Pause Young (Normal) (G1 Evacuation Pause) 337M->338M(512M) 10.719ms
[2020-08-01T12:32:48.204+0300][19.413s][info ][gc] GC(722) Pause Young (Normal) (G1 Evacuation Pause) 359M->360M(512M) 10.806ms
[2020-08-01T12:32:48.226+0300][19.435s][info ][gc] GC(723) Pause Young (Normal) (G1 Evacuation Pause) 381M->383M(512M) 11.394ms
[2020-08-01T12:32:48.245+0300][19.455s][info ][gc] GC(724) Pause Young (Normal) (G1 Evacuation Pause) 404M->405M(512M) 10.525ms
[2020-08-01T12:32:48.268+0300][19.478s][debug][gc] GC(719) Reclaimed 129 empty regions
[2020-08-01T12:32:48.268+0300][19.478s][info ][gc] GC(719) Pause Remark 442M->315M(512M) 0.533ms
[2020-08-01T12:32:48.285+0300][19.495s][info ][gc] GC(725) Pause Young (Normal) (G1 Evacuation Pause) 319M->320M(512M) 11.850ms
[2020-08-01T12:32:48.319+0300][19.528s][info ][gc] GC(726) Pause Young (Normal) (G1 Evacuation Pause) 341M->343M(512M) 11.428ms
[2020-08-01T12:32:48.362+0300][19.571s][info ][gc] GC(727) Pause Young (Normal) (G1 Evacuation Pause) 364M->365M(512M) 14.635ms
[2020-08-01T12:32:48.393+0300][19.602s][info ][gc] GC(728) Pause Young (Normal) (G1 Evacuation Pause) 386M->388M(512M) 10.565ms
[2020-08-01T12:32:48.424+0300][19.633s][info ][gc] GC(729) Pause Young (Normal) (G1 Evacuation Pause) 409M->411M(512M) 11.217ms
[2020-08-01T12:32:48.451+0300][19.660s][info ][gc] GC(730) Pause Young (Normal) (G1 Evacuation Pause) 432M->434M(512M) 10.668ms
[2020-08-01T12:32:48.475+0300][19.685s][info ][gc] GC(719) Pause Cleanup 440M->440M(512M) 0.122ms
[2020-08-01T12:32:48.476+0300][19.685s][info ][gc] GC(719) Concurrent Cycle 361.932ms
[2020-08-01T12:32:48.490+0300][19.699s][info ][gc] GC(731) Pause Young (Concurrent Start) (G1 Humongous Allocation) 440M->440M(512M) 6.149ms
[2020-08-01T12:32:48.490+0300][19.699s][info ][gc] GC(732) Concurrent Cycle
[2020-08-01T12:32:48.497+0300][19.706s][debug][gc] GC(732) Reclaimed 423 empty regions
[2020-08-01T12:32:48.497+0300][19.706s][info ][gc] GC(732) Pause Remark 466M->43M(512M) 0.609ms
[2020-08-01T12:32:48.516+0300][19.725s][info ][gc] GC(733) Pause Young (Normal) (G1 Evacuation Pause) 58M->55M(512M) 11.368ms
[2020-08-01T12:32:48.520+0300][19.729s][info ][gc] GC(732) Pause Cleanup 56M->56M(512M) 0.093ms
[2020-08-01T12:32:48.521+0300][19.730s][info ][gc] GC(732) Concurrent Cycle 30.728ms
[2020-08-01T12:32:48.540+0300][19.750s][info ][gc] GC(734) Pause Young (Normal) (G1 Evacuation Pause) 76M->77M(512M) 10.667ms
[2020-08-01T12:32:48.560+0300][19.769s][info ][gc] GC(735) Pause Young (Normal) (G1 Evacuation Pause) 98M->99M(512M) 10.694ms
[2020-08-01T12:32:48.579+0300][19.789s][info ][gc] GC(736) Pause Young (Normal) (G1 Evacuation Pause) 120M->122M(512M) 11.001ms
[2020-08-01T12:32:48.599+0300][19.808s][info ][gc] GC(737) Pause Young (Normal) (G1 Evacuation Pause) 143M->144M(512M) 10.536ms
[2020-08-01T12:32:48.641+0300][19.850s][info ][gc] GC(738) Pause Young (Normal) (G1 Evacuation Pause) 185M->186M(512M) 10.765ms
[2020-08-01T12:32:48.662+0300][19.871s][info ][gc] GC(739) Pause Young (Normal) (G1 Evacuation Pause) 207M->208M(512M) 10.419ms
[2020-08-01T12:32:48.680+0300][19.890s][info ][gc] GC(740) Pause Young (Normal) (G1 Evacuation Pause) 229M->231M(512M) 10.222ms
[2020-08-01T12:32:48.700+0300][19.909s][info ][gc] GC(741) Pause Young (Normal) (G1 Evacuation Pause) 252M->253M(512M) 10.530ms
[2020-08-01T12:32:48.719+0300][19.929s][info ][gc] GC(742) Pause Young (Concurrent Start) (G1 Evacuation Pause) 274M->276M(512M) 10.609ms
[2020-08-01T12:32:48.720+0300][19.929s][info ][gc] GC(743) Concurrent Cycle
[2020-08-01T12:32:48.763+0300][19.972s][info ][gc] GC(744) Pause Young (Normal) (G1 Evacuation Pause) 317M->318M(512M) 11.388ms
[2020-08-01T12:32:48.783+0300][19.992s][info ][gc] GC(745) Pause Young (Normal) (G1 Evacuation Pause) 339M->341M(512M) 10.446ms
[2020-08-01T12:32:48.807+0300][20.016s][info ][gc] GC(746) Pause Young (Normal) (G1 Evacuation Pause) 362M->363M(512M) 10.544ms
[2020-08-01T12:32:48.826+0300][20.036s][info ][gc] GC(747) Pause Young (Normal) (G1 Evacuation Pause) 384M->385M(512M) 10.770ms
[2020-08-01T12:32:48.846+0300][20.055s][info ][gc] GC(748) Pause Young (Normal) (G1 Evacuation Pause) 406M->407M(512M) 10.960ms
[2020-08-01T12:32:48.868+0300][20.077s][info ][gc] GC(749) Pause Young (Normal) (G1 Evacuation Pause) 428M->430M(512M) 10.353ms
[2020-08-01T12:32:48.871+0300][20.081s][debug][gc] GC(743) Reclaimed 138 empty regions
[2020-08-01T12:32:48.871+0300][20.081s][info ][gc] GC(743) Pause Remark 436M->298M(512M) 0.631ms
[2020-08-01T12:32:48.909+0300][20.119s][info ][gc] GC(750) Pause Young (Normal) (G1 Evacuation Pause) 333M->334M(512M) 11.005ms
[2020-08-01T12:32:48.943+0300][20.152s][info ][gc] GC(751) Pause Young (Normal) (G1 Evacuation Pause) 355M->357M(512M) 13.102ms
[2020-08-01T12:32:48.973+0300][20.182s][info ][gc] GC(752) Pause Young (Normal) (G1 Evacuation Pause) 378M->380M(512M) 11.074ms
[2020-08-01T12:32:49.005+0300][20.215s][info ][gc] GC(753) Pause Young (Normal) (G1 Evacuation Pause) 401M->403M(512M) 11.087ms
[2020-08-01T12:32:49.034+0300][20.244s][info ][gc] GC(754) Pause Young (Normal) (G1 Evacuation Pause) 424M->425M(512M) 10.653ms
[2020-08-01T12:32:49.062+0300][20.271s][info ][gc] GC(743) Pause Cleanup 444M->444M(512M) 0.139ms
[2020-08-01T12:32:49.062+0300][20.271s][info ][gc] GC(743) Concurrent Cycle 342.591ms
[2020-08-01T12:32:49.084+0300][20.294s][info ][gc] GC(755) Pause Young (Concurrent Start) (G1 Humongous Allocation) 444M->445M(512M) 9.573ms
[2020-08-01T12:32:49.084+0300][20.294s][info ][gc] GC(756) Concurrent Cycle
[2020-08-01T12:32:49.096+0300][20.305s][debug][gc] GC(756) Reclaimed 415 empty regions
[2020-08-01T12:32:49.096+0300][20.305s][info ][gc] GC(756) Pause Remark 484M->69M(512M) 0.531ms
[2020-08-01T12:32:49.106+0300][20.315s][info ][gc] GC(757) Pause Young (Normal) (G1 Evacuation Pause) 71M->68M(512M) 9.262ms
[2020-08-01T12:32:49.132+0300][20.341s][info ][gc] GC(758) Pause Young (Normal) (G1 Evacuation Pause) 89M->89M(512M) 10.753ms
[2020-08-01T12:32:49.137+0300][20.347s][info ][gc] GC(756) Pause Cleanup 90M->90M(512M) 0.102ms
[2020-08-01T12:32:49.138+0300][20.347s][info ][gc] GC(756) Concurrent Cycle 53.576ms
[2020-08-01T12:32:49.159+0300][20.368s][info ][gc] GC(759) Pause Young (Normal) (G1 Evacuation Pause) 110M->112M(512M) 10.815ms
[2020-08-01T12:32:49.178+0300][20.387s][info ][gc] GC(760) Pause Young (Normal) (G1 Evacuation Pause) 133M->134M(512M) 10.723ms
[2020-08-01T12:32:49.198+0300][20.408s][info ][gc] GC(761) Pause Young (Normal) (G1 Evacuation Pause) 155M->156M(512M) 10.633ms
[2020-08-01T12:32:49.233+0300][20.442s][info ][gc] GC(762) Pause Young (Normal) (G1 Evacuation Pause) 197M->199M(512M) 10.558ms
[2020-08-01T12:32:49.253+0300][20.462s][info ][gc] GC(763) Pause Young (Normal) (G1 Evacuation Pause) 220M->222M(512M) 10.521ms
[2020-08-01T12:32:49.271+0300][20.481s][info ][gc] GC(764) Pause Young (Normal) (G1 Evacuation Pause) 243M->244M(512M) 10.249ms
[2020-08-01T12:32:49.291+0300][20.501s][info ][gc] GC(765) Pause Young (Concurrent Start) (G1 Evacuation Pause) 265M->266M(512M) 11.195ms
[2020-08-01T12:32:49.291+0300][20.501s][info ][gc] GC(766) Concurrent Cycle
[2020-08-01T12:32:49.311+0300][20.520s][info ][gc] GC(767) Pause Young (Normal) (G1 Evacuation Pause) 287M->288M(512M) 10.481ms
[2020-08-01T12:32:49.356+0300][20.566s][info ][gc] GC(768) Pause Young (Normal) (G1 Evacuation Pause) 329M->331M(512M) 12.698ms
[2020-08-01T12:32:49.376+0300][20.585s][info ][gc] GC(769) Pause Young (Normal) (G1 Evacuation Pause) 352M->353M(512M) 10.421ms
[2020-08-01T12:32:49.396+0300][20.605s][info ][gc] GC(770) Pause Young (Normal) (G1 Evacuation Pause) 374M->375M(512M) 10.495ms
[2020-08-01T12:32:49.403+0300][20.612s][debug][gc] GC(766) Reclaimed 152 empty regions
[2020-08-01T12:32:49.403+0300][20.613s][info ][gc] GC(766) Pause Remark 392M->240M(512M) 0.669ms
[2020-08-01T12:32:49.416+0300][20.626s][info ][gc] GC(771) Pause Young (Normal) (G1 Evacuation Pause) 244M->245M(512M) 10.385ms
[2020-08-01T12:32:49.443+0300][20.652s][info ][gc] GC(772) Pause Young (Normal) (G1 Evacuation Pause) 266M->267M(512M) 11.095ms
[2020-08-01T12:32:49.474+0300][20.684s][info ][gc] GC(773) Pause Young (Normal) (G1 Evacuation Pause) 288M->289M(512M) 10.782ms
[2020-08-01T12:32:49.528+0300][20.738s][info ][gc] GC(774) Pause Young (Normal) (G1 Evacuation Pause) 330M->332M(512M) 11.234ms
[2020-08-01T12:32:49.543+0300][20.752s][info ][gc] GC(766) Pause Cleanup 353M->353M(512M) 0.104ms
[2020-08-01T12:32:49.554+0300][20.763s][info ][gc] GC(775) Pause Young (Normal) (G1 Evacuation Pause) 353M->355M(512M) 10.616ms
[2020-08-01T12:32:49.555+0300][20.764s][info ][gc] GC(766) Concurrent Cycle 263.396ms
[2020-08-01T12:32:49.573+0300][20.782s][info ][gc] GC(776) Pause Young (Normal) (G1 Evacuation Pause) 376M->377M(512M) 10.428ms
[2020-08-01T12:32:49.593+0300][20.803s][info ][gc] GC(777) Pause Young (Concurrent Start) (G1 Evacuation Pause) 398M->400M(512M) 10.522ms
[2020-08-01T12:32:49.593+0300][20.803s][info ][gc] GC(778) Concurrent Cycle
[2020-08-01T12:32:49.614+0300][20.823s][info ][gc] GC(779) Pause Young (Normal) (G1 Evacuation Pause) 421M->422M(512M) 11.530ms
[2020-08-01T12:32:49.651+0300][20.860s][info ][gc] GC(780) Pause Young (Normal) (G1 Evacuation Pause) 463M->464M(512M) 11.138ms
[2020-08-01T12:32:49.673+0300][20.882s][info ][gc] GC(781) Pause Young (Normal) (G1 Evacuation Pause) 485M->486M(512M) 10.907ms
[2020-08-01T12:32:49.718+0300][20.927s][info ][gc] GC(782) To-space exhausted
[2020-08-01T12:32:49.718+0300][20.927s][info ][gc] GC(782) Pause Young (Normal) (G1 Evacuation Pause) 507M->510M(512M) 35.014ms
[2020-08-01T12:32:49.729+0300][20.939s][info ][gc] GC(783) To-space exhausted
[2020-08-01T12:32:49.729+0300][20.939s][info ][gc] GC(783) Pause Young (Normal) (G1 Evacuation Pause) 511M->511M(512M) 6.104ms
[2020-08-01T12:32:49.730+0300][20.939s][debug][gc] GC(784) Clear Next Bitmap 0.440ms
[2020-08-01T12:32:49.773+0300][20.983s][info ][gc] GC(784) Pause Full (G1 Evacuation Pause) 511M->67M(512M) 43.762ms
[2020-08-01T12:32:49.774+0300][20.983s][info ][gc] GC(778) Concurrent Cycle 180.299ms
[2020-08-01T12:32:49.796+0300][21.006s][info ][gc] GC(785) Pause Young (Normal) (G1 Evacuation Pause) 94M->94M(512M) 11.549ms
[2020-08-01T12:32:49.819+0300][21.029s][info ][gc] GC(786) Pause Young (Normal) (G1 Evacuation Pause) 119M->120M(512M) 12.147ms
[2020-08-01T12:32:49.882+0300][21.091s][info ][gc] GC(787) Pause Young (Normal) (G1 Evacuation Pause) 161M->162M(512M) 19.830ms
[2020-08-01T12:32:49.905+0300][21.114s][info ][gc] GC(788) Pause Young (Normal) (G1 Evacuation Pause) 183M->185M(512M) 11.196ms
[2020-08-01T12:32:49.924+0300][21.134s][info ][gc] GC(789) Pause Young (Normal) (G1 Evacuation Pause) 206M->208M(512M) 10.589ms
[2020-08-01T12:32:49.943+0300][21.153s][info ][gc] GC(790) Pause Young (Normal) (G1 Evacuation Pause) 229M->230M(512M) 10.426ms
[2020-08-01T12:32:49.963+0300][21.173s][info ][gc] GC(791) Pause Young (Normal) (G1 Evacuation Pause) 251M->252M(512M) 10.382ms
[2020-08-01T12:32:49.985+0300][21.194s][info ][gc] GC(792) Pause Young (Concurrent Start) (G1 Evacuation Pause) 273M->275M(512M) 12.269ms
[2020-08-01T12:32:49.985+0300][21.194s][info ][gc] GC(793) Concurrent Cycle
[2020-08-01T12:32:50.026+0300][21.236s][info ][gc] GC(794) Pause Young (Normal) (G1 Evacuation Pause) 316M->317M(512M) 10.279ms
[2020-08-01T12:32:50.046+0300][21.255s][info ][gc] GC(795) Pause Young (Normal) (G1 Evacuation Pause) 338M->339M(512M) 10.728ms
[2020-08-01T12:32:50.066+0300][21.276s][info ][gc] GC(796) Pause Young (Normal) (G1 Evacuation Pause) 360M->361M(512M) 11.357ms
[2020-08-01T12:32:50.089+0300][21.298s][info ][gc] GC(797) Pause Young (Normal) (G1 Evacuation Pause) 382M->384M(512M) 12.009ms
[2020-08-01T12:32:50.110+0300][21.320s][info ][gc] GC(798) Pause Young (Normal) (G1 Evacuation Pause) 405M->406M(512M) 11.501ms
[2020-08-01T12:32:50.148+0300][21.357s][info ][gc] GC(799) Pause Young (Normal) (G1 Evacuation Pause) 447M->449M(512M) 11.677ms
[2020-08-01T12:32:50.153+0300][21.363s][debug][gc] GC(793) Reclaimed 130 empty regions
[2020-08-01T12:32:50.153+0300][21.363s][info ][gc] GC(793) Pause Remark 459M->332M(512M) 0.605ms
[2020-08-01T12:32:50.169+0300][21.378s][info ][gc] GC(800) Pause Young (Normal) (G1 Evacuation Pause) 343M->345M(512M) 10.614ms
[2020-08-01T12:32:50.197+0300][21.407s][info ][gc] GC(801) Pause Young (Normal) (G1 Evacuation Pause) 366M->368M(512M) 12.018ms
[2020-08-01T12:32:50.235+0300][21.445s][info ][gc] GC(802) Pause Young (Normal) (G1 Evacuation Pause) 389M->390M(512M) 11.442ms
[2020-08-01T12:32:50.264+0300][21.474s][info ][gc] GC(803) Pause Young (Normal) (G1 Evacuation Pause) 411M->413M(512M) 11.890ms
[2020-08-01T12:32:50.294+0300][21.503s][info ][gc] GC(804) Pause Young (Normal) (G1 Evacuation Pause) 434M->435M(512M) 12.396ms
[2020-08-01T12:32:50.339+0300][21.548s][info ][gc] GC(805) Pause Young (Normal) (G1 Evacuation Pause) 476M->477M(512M) 10.343ms
[2020-08-01T12:32:50.382+0300][21.592s][info ][gc] GC(806) To-space exhausted
[2020-08-01T12:32:50.382+0300][21.592s][info ][gc] GC(806) Pause Young (Normal) (G1 Evacuation Pause) 498M->503M(512M) 26.151ms
[2020-08-01T12:32:50.413+0300][21.622s][info ][gc] GC(807) To-space exhausted
[2020-08-01T12:32:50.413+0300][21.622s][info ][gc] GC(807) Pause Young (Normal) (G1 Evacuation Pause) 511M->511M(512M) 18.541ms
[2020-08-01T12:32:50.413+0300][21.623s][debug][gc] GC(808) Clear Next Bitmap 0.383ms
[2020-08-01T12:32:50.455+0300][21.664s][info ][gc] GC(808) Pause Full (G1 Evacuation Pause) 511M->66M(512M) 42.068ms
[2020-08-01T12:32:50.456+0300][21.666s][info ][gc] GC(793) Concurrent Cycle 471.281ms
[2020-08-01T12:32:50.478+0300][21.687s][info ][gc] GC(809) Pause Young (Normal) (G1 Evacuation Pause) 91M->92M(512M) 11.161ms
[2020-08-01T12:32:50.500+0300][21.709s][info ][gc] GC(810) Pause Young (Normal) (G1 Evacuation Pause) 115M->116M(512M) 11.097ms
[2020-08-01T12:32:50.520+0300][21.730s][info ][gc] GC(811) Pause Young (Normal) (G1 Evacuation Pause) 137M->138M(512M) 10.205ms
[2020-08-01T12:32:50.558+0300][21.767s][info ][gc] GC(812) Pause Young (Normal) (G1 Evacuation Pause) 179M->181M(512M) 10.792ms
[2020-08-01T12:32:50.578+0300][21.788s][info ][gc] GC(813) Pause Young (Normal) (G1 Evacuation Pause) 202M->203M(512M) 11.098ms
[2020-08-01T12:32:50.600+0300][21.810s][info ][gc] GC(814) Pause Young (Normal) (G1 Evacuation Pause) 224M->226M(512M) 11.883ms
[2020-08-01T12:32:50.620+0300][21.829s][info ][gc] GC(815) Pause Young (Normal) (G1 Evacuation Pause) 247M->248M(512M) 10.402ms
[2020-08-01T12:32:50.641+0300][21.850s][info ][gc] GC(816) Pause Young (Concurrent Start) (G1 Evacuation Pause) 269M->270M(512M) 12.224ms
[2020-08-01T12:32:50.641+0300][21.850s][info ][gc] GC(817) Concurrent Cycle
[2020-08-01T12:32:50.681+0300][21.891s][info ][gc] GC(818) Pause Young (Normal) (G1 Evacuation Pause) 311M->313M(512M) 12.423ms
[2020-08-01T12:32:50.702+0300][21.911s][info ][gc] GC(819) Pause Young (Normal) (G1 Evacuation Pause) 334M->335M(512M) 10.605ms
[2020-08-01T12:32:50.726+0300][21.935s][info ][gc] GC(820) Pause Young (Normal) (G1 Evacuation Pause) 356M->358M(512M) 11.366ms
[2020-08-01T12:32:50.746+0300][21.956s][info ][gc] GC(821) Pause Young (Normal) (G1 Evacuation Pause) 379M->380M(512M) 10.682ms
[2020-08-01T12:32:50.767+0300][21.977s][info ][gc] GC(822) Pause Young (Normal) (G1 Evacuation Pause) 401M->402M(512M) 10.544ms
[2020-08-01T12:32:50.793+0300][22.003s][debug][gc] GC(817) Reclaimed 136 empty regions
[2020-08-01T12:32:50.793+0300][22.003s][info ][gc] GC(817) Pause Remark 423M->290M(512M) 0.454ms
[2020-08-01T12:32:50.817+0300][22.026s][info ][gc] GC(823) Pause Young (Normal) (G1 Evacuation Pause) 310M->311M(512M) 11.197ms
[2020-08-01T12:32:50.844+0300][22.053s][info ][gc] GC(824) Pause Young (Normal) (G1 Evacuation Pause) 332M->334M(512M) 11.135ms
[2020-08-01T12:32:50.871+0300][22.081s][info ][gc] GC(825) Pause Young (Normal) (G1 Evacuation Pause) 355M->356M(512M) 10.417ms
[2020-08-01T12:32:50.898+0300][22.107s][info ][gc] GC(826) Pause Young (Normal) (G1 Evacuation Pause) 377M->379M(512M) 10.866ms
[2020-08-01T12:32:50.925+0300][22.135s][info ][gc] GC(827) Pause Young (Normal) (G1 Evacuation Pause) 400M->401M(512M) 10.775ms
[2020-08-01T12:32:50.953+0300][22.163s][info ][gc] GC(828) Pause Young (Normal) (G1 Evacuation Pause) 422M->424M(512M) 12.324ms
[2020-08-01T12:32:50.986+0300][22.195s][info ][gc] GC(817) Pause Cleanup 433M->433M(512M) 0.104ms
[2020-08-01T12:32:50.986+0300][22.196s][info ][gc] GC(817) Concurrent Cycle 345.192ms
[2020-08-01T12:32:50.995+0300][22.204s][info ][gc] GC(829) Pause Young (Concurrent Start) (G1 Humongous Allocation) 433M->434M(512M) 6.070ms
[2020-08-01T12:32:50.995+0300][22.204s][info ][gc] GC(830) Concurrent Cycle
[2020-08-01T12:32:51.003+0300][22.212s][debug][gc] GC(830) Reclaimed 413 empty regions
[2020-08-01T12:32:51.003+0300][22.212s][info ][gc] GC(830) Pause Remark 466M->53M(512M) 0.532ms
[2020-08-01T12:32:51.018+0300][22.228s][info ][gc] GC(831) Pause Young (Normal) (G1 Evacuation Pause) 62M->59M(512M) 11.155ms
[2020-08-01T12:32:51.025+0300][22.234s][info ][gc] GC(830) Pause Cleanup 61M->61M(512M) 0.066ms
[2020-08-01T12:32:51.025+0300][22.235s][info ][gc] GC(830) Concurrent Cycle 30.468ms
[2020-08-01T12:32:51.044+0300][22.253s][info ][gc] GC(832) Pause Young (Normal) (G1 Evacuation Pause) 80M->81M(512M) 10.984ms
[2020-08-01T12:32:51.063+0300][22.273s][info ][gc] GC(833) Pause Young (Normal) (G1 Evacuation Pause) 102M->104M(512M) 10.720ms
[2020-08-01T12:32:51.083+0300][22.292s][info ][gc] GC(834) Pause Young (Normal) (G1 Evacuation Pause) 125M->127M(512M) 10.469ms
[2020-08-01T12:32:51.101+0300][22.311s][info ][gc] GC(835) Pause Young (Normal) (G1 Evacuation Pause) 148M->149M(512M) 9.960ms
[2020-08-01T12:32:51.199+0300][22.408s][info ][gc] GC(836) Pause Young (Normal) (G1 Evacuation Pause) 190M->192M(512M) 38.938ms
[2020-08-01T12:32:51.226+0300][22.435s][info ][gc] GC(837) Pause Young (Normal) (G1 Evacuation Pause) 213M->214M(512M) 13.030ms
[2020-08-01T12:32:51.246+0300][22.455s][info ][gc] GC(838) Pause Young (Normal) (G1 Evacuation Pause) 235M->236M(512M) 10.935ms
[2020-08-01T12:32:51.266+0300][22.475s][info ][gc] GC(839) Pause Young (Concurrent Start) (G1 Evacuation Pause) 257M->259M(512M) 10.990ms
[2020-08-01T12:32:51.266+0300][22.476s][info ][gc] GC(840) Concurrent Cycle
[2020-08-01T12:32:51.286+0300][22.495s][info ][gc] GC(841) Pause Young (Normal) (G1 Evacuation Pause) 280M->281M(512M) 10.379ms
[2020-08-01T12:32:51.330+0300][22.539s][info ][gc] GC(842) Pause Young (Normal) (G1 Evacuation Pause) 322M->323M(512M) 10.481ms
[2020-08-01T12:32:51.349+0300][22.558s][info ][gc] GC(843) Pause Young (Normal) (G1 Evacuation Pause) 344M->345M(512M) 10.036ms
[2020-08-01T12:32:51.369+0300][22.579s][info ][gc] GC(844) Pause Young (Normal) (G1 Evacuation Pause) 366M->367M(512M) 11.864ms
[2020-08-01T12:32:51.377+0300][22.586s][debug][gc] GC(840) Reclaimed 142 empty regions
[2020-08-01T12:32:51.377+0300][22.586s][info ][gc] GC(840) Pause Remark 382M->240M(512M) 0.464ms
[2020-08-01T12:32:51.390+0300][22.600s][info ][gc] GC(845) Pause Young (Normal) (G1 Evacuation Pause) 246M->248M(512M) 10.890ms
[2020-08-01T12:32:51.417+0300][22.626s][info ][gc] GC(846) Pause Young (Normal) (G1 Evacuation Pause) 269M->270M(512M) 10.531ms
[2020-08-01T12:32:51.444+0300][22.653s][info ][gc] GC(847) Pause Young (Normal) (G1 Evacuation Pause) 291M->292M(512M) 11.907ms
[2020-08-01T12:32:51.492+0300][22.702s][info ][gc] GC(848) Pause Young (Normal) (G1 Evacuation Pause) 333M->334M(512M) 11.586ms
[2020-08-01T12:32:51.519+0300][22.728s][info ][gc] GC(849) Pause Young (Normal) (G1 Evacuation Pause) 355M->357M(512M) 10.494ms
[2020-08-01T12:32:51.527+0300][22.736s][info ][gc] GC(840) Pause Cleanup 357M->357M(512M) 0.112ms
[2020-08-01T12:32:51.527+0300][22.737s][info ][gc] GC(840) Concurrent Cycle 261.038ms
[2020-08-01T12:32:51.546+0300][22.755s][info ][gc] GC(850) Pause Young (Normal) (G1 Evacuation Pause) 378M->380M(512M) 10.530ms
[2020-08-01T12:32:51.565+0300][22.774s][info ][gc] GC(851) Pause Young (Concurrent Start) (G1 Evacuation Pause) 401M->402M(512M) 10.402ms
[2020-08-01T12:32:51.565+0300][22.774s][info ][gc] GC(852) Concurrent Cycle
[2020-08-01T12:32:51.584+0300][22.794s][info ][gc] GC(853) Pause Young (Normal) (G1 Evacuation Pause) 423M->425M(512M) 10.274ms
[2020-08-01T12:32:51.625+0300][22.834s][info ][gc] GC(854) Pause Young (Normal) (G1 Evacuation Pause) 466M->467M(512M) 11.923ms
[2020-08-01T12:32:51.646+0300][22.856s][info ][gc] GC(855) To-space exhausted
[2020-08-01T12:32:51.647+0300][22.856s][info ][gc] GC(855) Pause Young (Normal) (G1 Evacuation Pause) 488M->495M(512M) 12.789ms
[2020-08-01T12:32:51.682+0300][22.892s][info ][gc] GC(856) To-space exhausted
[2020-08-01T12:32:51.682+0300][22.892s][info ][gc] GC(856) Pause Young (Normal) (G1 Evacuation Pause) 511M->511M(512M) 28.434ms
[2020-08-01T12:32:51.683+0300][22.892s][debug][gc] GC(857) Clear Next Bitmap 0.311ms
[2020-08-01T12:32:51.720+0300][22.930s][info ][gc] GC(857) Pause Full (G1 Evacuation Pause) 511M->61M(512M) 37.784ms
[2020-08-01T12:32:51.721+0300][22.930s][info ][gc] GC(852) Concurrent Cycle 155.582ms
[2020-08-01T12:32:51.741+0300][22.951s][info ][gc] GC(858) Pause Young (Normal) (G1 Evacuation Pause) 86M->86M(512M) 10.780ms
[2020-08-01T12:32:51.761+0300][22.970s][info ][gc] GC(859) Pause Young (Normal) (G1 Evacuation Pause) 107M->108M(512M) 10.461ms
[2020-08-01T12:32:51.780+0300][22.989s][info ][gc] GC(860) Pause Young (Normal) (G1 Evacuation Pause) 129M->130M(512M) 10.596ms
[2020-08-01T12:32:51.866+0300][23.075s][info ][gc] GC(861) Pause Young (Normal) (G1 Evacuation Pause) 171M->172M(512M) 35.059ms
[2020-08-01T12:32:51.892+0300][23.102s][info ][gc] GC(862) Pause Young (Normal) (G1 Evacuation Pause) 193M->195M(512M) 12.791ms
[2020-08-01T12:32:51.913+0300][23.122s][info ][gc] GC(863) Pause Young (Normal) (G1 Evacuation Pause) 216M->217M(512M) 11.687ms
[2020-08-01T12:32:51.932+0300][23.141s][info ][gc] GC(864) Pause Young (Normal) (G1 Evacuation Pause) 238M->239M(512M) 10.201ms
[2020-08-01T12:32:51.951+0300][23.160s][info ][gc] GC(865) Pause Young (Concurrent Start) (G1 Evacuation Pause) 260M->262M(512M) 10.473ms
[2020-08-01T12:32:51.951+0300][23.160s][info ][gc] GC(866) Concurrent Cycle
[2020-08-01T12:32:51.998+0300][23.207s][info ][gc] GC(867) Pause Young (Normal) (G1 Evacuation Pause) 303M->304M(512M) 10.330ms
[2020-08-01T12:32:52.018+0300][23.227s][info ][gc] GC(868) Pause Young (Normal) (G1 Evacuation Pause) 325M->327M(512M) 10.500ms
[2020-08-01T12:32:52.038+0300][23.247s][info ][gc] GC(869) Pause Young (Normal) (G1 Evacuation Pause) 348M->349M(512M) 10.850ms
[2020-08-01T12:32:52.058+0300][23.267s][info ][gc] GC(870) Pause Young (Normal) (G1 Evacuation Pause) 370M->371M(512M) 10.628ms
[2020-08-01T12:32:52.078+0300][23.287s][info ][gc] GC(871) Pause Young (Normal) (G1 Evacuation Pause) 392M->394M(512M) 11.131ms
[2020-08-01T12:32:52.097+0300][23.307s][info ][gc] GC(872) Pause Young (Normal) (G1 Evacuation Pause) 415M->416M(512M) 10.596ms
[2020-08-01T12:32:52.102+0300][23.311s][debug][gc] GC(866) Reclaimed 128 empty regions
[2020-08-01T12:32:52.102+0300][23.311s][info ][gc] GC(866) Pause Remark 424M->298M(512M) 0.425ms
[2020-08-01T12:32:52.143+0300][23.353s][info ][gc] GC(873) Pause Young (Normal) (G1 Evacuation Pause) 332M->333M(512M) 10.914ms
[2020-08-01T12:32:52.173+0300][23.382s][info ][gc] GC(874) Pause Young (Normal) (G1 Evacuation Pause) 354M->355M(512M) 11.117ms
[2020-08-01T12:32:52.200+0300][23.409s][info ][gc] GC(875) Pause Young (Normal) (G1 Evacuation Pause) 376M->378M(512M) 10.526ms
[2020-08-01T12:32:52.225+0300][23.435s][info ][gc] GC(876) Pause Young (Normal) (G1 Evacuation Pause) 399M->401M(512M) 10.440ms
[2020-08-01T12:32:52.252+0300][23.462s][info ][gc] GC(877) Pause Young (Normal) (G1 Evacuation Pause) 422M->423M(512M) 10.518ms
[2020-08-01T12:32:52.283+0300][23.493s][info ][gc] GC(866) Pause Cleanup 462M->462M(512M) 0.120ms
[2020-08-01T12:32:52.284+0300][23.493s][info ][gc] GC(866) Concurrent Cycle 333.074ms
[2020-08-01T12:32:52.296+0300][23.506s][info ][gc] GC(878) Pause Young (Normal) (G1 Evacuation Pause) 464M->466M(512M) 11.715ms
[2020-08-01T12:32:52.319+0300][23.528s][info ][gc] GC(879) To-space exhausted
[2020-08-01T12:32:52.319+0300][23.528s][info ][gc] GC(879) Pause Young (Concurrent Start) (G1 Evacuation Pause) 487M->494M(512M) 13.694ms
[2020-08-01T12:32:52.319+0300][23.528s][info ][gc] GC(880) Concurrent Cycle
[2020-08-01T12:32:52.359+0300][23.568s][info ][gc] GC(881) To-space exhausted
[2020-08-01T12:32:52.359+0300][23.568s][info ][gc] GC(881) Pause Young (Normal) (G1 Evacuation Pause) 511M->511M(512M) 31.323ms
[2020-08-01T12:32:52.359+0300][23.569s][debug][gc] GC(882) Clear Next Bitmap 0.286ms
[2020-08-01T12:32:52.403+0300][23.612s][info ][gc] GC(882) Pause Full (G1 Evacuation Pause) 511M->63M(512M) 43.974ms
[2020-08-01T12:32:52.403+0300][23.613s][info ][gc] GC(880) Concurrent Cycle 84.223ms
[2020-08-01T12:32:52.424+0300][23.634s][info ][gc] GC(883) Pause Young (Normal) (G1 Evacuation Pause) 88M->89M(512M) 11.024ms
[2020-08-01T12:32:52.445+0300][23.655s][info ][gc] GC(884) Pause Young (Normal) (G1 Evacuation Pause) 110M->112M(512M) 12.458ms
[2020-08-01T12:32:52.465+0300][23.674s][info ][gc] GC(885) Pause Young (Normal) (G1 Evacuation Pause) 133M->134M(512M) 10.639ms
[2020-08-01T12:32:52.502+0300][23.711s][info ][gc] GC(886) Pause Young (Normal) (G1 Evacuation Pause) 175M->176M(512M) 10.917ms
[2020-08-01T12:32:52.521+0300][23.731s][info ][gc] GC(887) Pause Young (Normal) (G1 Evacuation Pause) 197M->199M(512M) 10.529ms
[2020-08-01T12:32:52.540+0300][23.750s][info ][gc] GC(888) Pause Young (Normal) (G1 Evacuation Pause) 220M->222M(512M) 10.517ms
[2020-08-01T12:32:52.559+0300][23.768s][info ][gc] GC(889) Pause Young (Normal) (G1 Evacuation Pause) 243M->244M(512M) 10.414ms
[2020-08-01T12:32:52.578+0300][23.788s][info ][gc] GC(890) Pause Young (Concurrent Start) (G1 Evacuation Pause) 265M->267M(512M) 10.528ms
[2020-08-01T12:32:52.578+0300][23.788s][info ][gc] GC(891) Concurrent Cycle
[2020-08-01T12:32:52.625+0300][23.834s][info ][gc] GC(892) Pause Young (Normal) (G1 Evacuation Pause) 308M->309M(512M) 11.184ms
[2020-08-01T12:32:52.644+0300][23.854s][info ][gc] GC(893) Pause Young (Normal) (G1 Evacuation Pause) 330M->331M(512M) 10.501ms
[2020-08-01T12:32:52.665+0300][23.874s][info ][gc] GC(894) Pause Young (Normal) (G1 Evacuation Pause) 352M->353M(512M) 10.297ms
[2020-08-01T12:32:52.684+0300][23.893s][info ][gc] GC(895) Pause Young (Normal) (G1 Evacuation Pause) 374M->375M(512M) 10.173ms
[2020-08-01T12:32:52.702+0300][23.912s][info ][gc] GC(896) Pause Young (Normal) (G1 Evacuation Pause) 396M->398M(512M) 9.886ms
[2020-08-01T12:32:52.722+0300][23.931s][info ][gc] GC(897) Pause Young (Normal) (G1 Evacuation Pause) 419M->420M(512M) 10.599ms
[2020-08-01T12:32:52.731+0300][23.940s][debug][gc] GC(891) Reclaimed 128 empty regions
[2020-08-01T12:32:52.731+0300][23.940s][info ][gc] GC(891) Pause Remark 425M->298M(512M) 0.467ms
[2020-08-01T12:32:52.766+0300][23.976s][info ][gc] GC(898) Pause Young (Normal) (G1 Evacuation Pause) 334M->336M(512M) 10.619ms
[2020-08-01T12:32:52.791+0300][24.001s][info ][gc] GC(899) Pause Young (Normal) (G1 Evacuation Pause) 357M->358M(512M) 10.506ms
[2020-08-01T12:32:52.816+0300][24.026s][info ][gc] GC(900) Pause Young (Normal) (G1 Evacuation Pause) 379M->380M(512M) 10.421ms
[2020-08-01T12:32:52.841+0300][24.050s][info ][gc] GC(901) Pause Young (Normal) (G1 Evacuation Pause) 401M->402M(512M) 10.921ms
[2020-08-01T12:32:52.869+0300][24.078s][info ][gc] GC(902) Pause Young (Normal) (G1 Evacuation Pause) 423M->425M(512M) 10.569ms
[2020-08-01T12:32:52.918+0300][24.128s][info ][gc] GC(903) Pause Young (Normal) (G1 Evacuation Pause) 466M->467M(512M) 11.120ms
[2020-08-01T12:32:52.927+0300][24.136s][info ][gc] GC(891) Pause Cleanup 470M->470M(512M) 0.126ms
[2020-08-01T12:32:52.927+0300][24.137s][info ][gc] GC(891) Concurrent Cycle 348.954ms
[2020-08-01T12:32:52.946+0300][24.155s][info ][gc] GC(904) To-space exhausted
[2020-08-01T12:32:52.946+0300][24.156s][info ][gc] GC(904) Pause Young (Normal) (G1 Evacuation Pause) 488M->493M(512M) 12.202ms
[2020-08-01T12:32:52.988+0300][24.197s][info ][gc] GC(905) To-space exhausted
[2020-08-01T12:32:52.988+0300][24.197s][info ][gc] GC(905) Pause Young (Concurrent Start) (G1 Evacuation Pause) 511M->511M(512M) 33.995ms
[2020-08-01T12:32:52.988+0300][24.197s][info ][gc] GC(907) Concurrent Cycle
[2020-08-01T12:32:52.988+0300][24.197s][debug][gc] GC(906) Clear Next Bitmap 0.234ms
[2020-08-01T12:32:53.029+0300][24.239s][info ][gc] GC(906) Pause Full (G1 Evacuation Pause) 511M->67M(512M) 41.500ms
[2020-08-01T12:32:53.029+0300][24.239s][info ][gc] GC(907) Concurrent Cycle 41.841ms
[2020-08-01T12:32:53.051+0300][24.261s][info ][gc] GC(908) Pause Young (Normal) (G1 Evacuation Pause) 94M->94M(512M) 11.029ms
[2020-08-01T12:32:53.073+0300][24.282s][info ][gc] GC(909) Pause Young (Normal) (G1 Evacuation Pause) 118M->119M(512M) 11.494ms
[2020-08-01T12:32:53.121+0300][24.330s][info ][gc] GC(910) Pause Young (Normal) (G1 Evacuation Pause) 160M->162M(512M) 12.459ms
[2020-08-01T12:32:53.141+0300][24.350s][info ][gc] GC(911) Pause Young (Normal) (G1 Evacuation Pause) 183M->185M(512M) 10.724ms
[2020-08-01T12:32:53.165+0300][24.374s][info ][gc] GC(912) Pause Young (Normal) (G1 Evacuation Pause) 206M->207M(512M) 15.176ms
[2020-08-01T12:32:53.186+0300][24.395s][info ][gc] GC(913) Pause Young (Normal) (G1 Evacuation Pause) 228M->230M(512M) 12.447ms
[2020-08-01T12:32:53.205+0300][24.414s][info ][gc] GC(914) Pause Young (Normal) (G1 Evacuation Pause) 251M->252M(512M) 10.373ms
[2020-08-01T12:32:53.224+0300][24.433s][info ][gc] GC(915) Pause Young (Concurrent Start) (G1 Evacuation Pause) 273M->275M(512M) 10.883ms
[2020-08-01T12:32:53.224+0300][24.433s][info ][gc] GC(916) Concurrent Cycle
[2020-08-01T12:32:53.263+0300][24.473s][info ][gc] GC(917) Pause Young (Normal) (G1 Evacuation Pause) 316M->317M(512M) 10.870ms
[2020-08-01T12:32:53.283+0300][24.492s][info ][gc] GC(918) Pause Young (Normal) (G1 Evacuation Pause) 338M->339M(512M) 10.522ms
[2020-08-01T12:32:53.302+0300][24.512s][info ][gc] GC(919) Pause Young (Normal) (G1 Evacuation Pause) 360M->362M(512M) 10.294ms
[2020-08-01T12:32:53.321+0300][24.531s][info ][gc] GC(920) Pause Young (Normal) (G1 Evacuation Pause) 383M->384M(512M) 9.981ms
[2020-08-01T12:32:53.342+0300][24.551s][info ][gc] GC(921) Pause Young (Normal) (G1 Evacuation Pause) 406M->407M(512M) 10.752ms
[2020-08-01T12:32:53.373+0300][24.582s][debug][gc] GC(916) Reclaimed 131 empty regions
[2020-08-01T12:32:53.373+0300][24.582s][info ][gc] GC(916) Pause Remark 447M->318M(512M) 0.470ms
[2020-08-01T12:32:53.384+0300][24.594s][info ][gc] GC(922) Pause Young (Normal) (G1 Evacuation Pause) 319M->320M(512M) 10.994ms
[2020-08-01T12:32:53.413+0300][24.622s][info ][gc] GC(923) Pause Young (Normal) (G1 Evacuation Pause) 341M->343M(512M) 11.011ms
[2020-08-01T12:32:53.439+0300][24.648s][info ][gc] GC(924) Pause Young (Normal) (G1 Evacuation Pause) 364M->365M(512M) 10.516ms
[2020-08-01T12:32:53.466+0300][24.676s][info ][gc] GC(925) Pause Young (Normal) (G1 Evacuation Pause) 386M->388M(512M) 10.413ms
[2020-08-01T12:32:53.496+0300][24.705s][info ][gc] GC(926) Pause Young (Normal) (G1 Evacuation Pause) 409M->410M(512M) 14.262ms
[2020-08-01T12:32:53.528+0300][24.738s][info ][gc] GC(927) Pause Young (Normal) (G1 Evacuation Pause) 431M->432M(512M) 12.252ms
[2020-08-01T12:32:53.576+0300][24.786s][info ][gc] GC(928) Pause Young (Normal) (G1 Evacuation Pause) 473M->474M(512M) 10.532ms
[2020-08-01T12:32:53.592+0300][24.801s][info ][gc] GC(916) Pause Cleanup 485M->485M(512M) 0.183ms
[2020-08-01T12:32:53.593+0300][24.802s][info ][gc] GC(916) Concurrent Cycle 368.976ms
[2020-08-01T12:32:53.620+0300][24.830s][info ][gc] GC(929) To-space exhausted
[2020-08-01T12:32:53.621+0300][24.830s][info ][gc] GC(929) Pause Young (Normal) (G1 Evacuation Pause) 495M->502M(512M) 22.925ms
[2020-08-01T12:32:53.650+0300][24.859s][info ][gc] GC(930) To-space exhausted
[2020-08-01T12:32:53.650+0300][24.859s][info ][gc] GC(930) Pause Young (Concurrent Start) (G1 Evacuation Pause) 511M->511M(512M) 23.944ms
[2020-08-01T12:32:53.650+0300][24.859s][info ][gc] GC(932) Concurrent Cycle
[2020-08-01T12:32:53.650+0300][24.860s][debug][gc] GC(931) Clear Next Bitmap 0.343ms
[2020-08-01T12:32:53.696+0300][24.906s][info ][gc] GC(931) Pause Full (G1 Evacuation Pause) 511M->67M(512M) 46.307ms
[2020-08-01T12:32:53.697+0300][24.906s][info ][gc] GC(932) Concurrent Cycle 46.655ms
[2020-08-01T12:32:53.719+0300][24.929s][info ][gc] GC(933) Pause Young (Normal) (G1 Evacuation Pause) 95M->96M(512M) 11.580ms
[2020-08-01T12:32:53.741+0300][24.951s][info ][gc] GC(934) Pause Young (Normal) (G1 Evacuation Pause) 121M->122M(512M) 11.961ms
[2020-08-01T12:32:53.818+0300][25.027s][info ][gc] GC(935) Pause Young (Normal) (G1 Evacuation Pause) 163M->164M(512M) 28.024ms
[2020-08-01T12:32:53.842+0300][25.052s][info ][gc] GC(936) Pause Young (Normal) (G1 Evacuation Pause) 185M->187M(512M) 12.017ms
[2020-08-01T12:32:53.861+0300][25.071s][info ][gc] GC(937) Pause Young (Normal) (G1 Evacuation Pause) 208M->209M(512M) 10.747ms
[2020-08-01T12:32:53.880+0300][25.090s][info ][gc] GC(938) Pause Young (Normal) (G1 Evacuation Pause) 230M->231M(512M) 10.423ms
[2020-08-01T12:32:53.900+0300][25.109s][info ][gc] GC(939) Pause Young (Normal) (G1 Evacuation Pause) 252M->252M(512M) 10.619ms
[2020-08-01T12:32:53.919+0300][25.129s][info ][gc] GC(940) Pause Young (Concurrent Start) (G1 Evacuation Pause) 273M->275M(512M) 10.303ms
[2020-08-01T12:32:53.919+0300][25.129s][info ][gc] GC(941) Concurrent Cycle
[2020-08-01T12:32:53.965+0300][25.174s][info ][gc] GC(942) Pause Young (Normal) (G1 Evacuation Pause) 316M->317M(512M) 10.619ms
[2020-08-01T12:32:53.984+0300][25.194s][info ][gc] GC(943) Pause Young (Normal) (G1 Evacuation Pause) 338M->339M(512M) 10.420ms
[2020-08-01T12:32:54.003+0300][25.212s][info ][gc] GC(944) Pause Young (Normal) (G1 Evacuation Pause) 360M->362M(512M) 10.146ms
[2020-08-01T12:32:54.023+0300][25.232s][info ][gc] GC(945) Pause Young (Normal) (G1 Evacuation Pause) 384M->385M(512M) 10.719ms
[2020-08-01T12:32:54.042+0300][25.252s][info ][gc] GC(946) Pause Young (Normal) (G1 Evacuation Pause) 406M->408M(512M) 10.393ms
[2020-08-01T12:32:54.071+0300][25.281s][debug][gc] GC(941) Reclaimed 131 empty regions
[2020-08-01T12:32:54.072+0300][25.281s][info ][gc] GC(941) Pause Remark 442M->313M(512M) 0.458ms
[2020-08-01T12:32:54.086+0300][25.295s][info ][gc] GC(947) Pause Young (Normal) (G1 Evacuation Pause) 320M->322M(512M) 10.818ms
[2020-08-01T12:32:54.115+0300][25.324s][info ][gc] GC(948) Pause Young (Normal) (G1 Evacuation Pause) 343M->344M(512M) 10.789ms
[2020-08-01T12:32:54.142+0300][25.352s][info ][gc] GC(949) Pause Young (Normal) (G1 Evacuation Pause) 365M->366M(512M) 10.642ms
[2020-08-01T12:32:54.167+0300][25.377s][info ][gc] GC(950) Pause Young (Normal) (G1 Evacuation Pause) 387M->389M(512M) 10.681ms
[2020-08-01T12:32:54.193+0300][25.403s][info ][gc] GC(951) Pause Young (Normal) (G1 Evacuation Pause) 410M->411M(512M) 11.011ms
[2020-08-01T12:32:54.219+0300][25.428s][info ][gc] GC(952) Pause Young (Normal) (G1 Evacuation Pause) 432M->434M(512M) 10.577ms
[2020-08-01T12:32:54.262+0300][25.472s][info ][gc] GC(953) Pause Young (Normal) (G1 Evacuation Pause) 475M->476M(512M) 10.804ms
[2020-08-01T12:32:54.299+0300][25.509s][info ][gc] GC(954) To-space exhausted
[2020-08-01T12:32:54.299+0300][25.509s][info ][gc] GC(954) Pause Young (Normal) (G1 Evacuation Pause) 497M->502M(512M) 22.183ms
[2020-08-01T12:32:54.305+0300][25.514s][info ][gc] GC(941) Pause Cleanup 503M->503M(512M) 0.148ms
[2020-08-01T12:32:54.306+0300][25.515s][info ][gc] GC(941) Concurrent Cycle 386.060ms
[2020-08-01T12:32:54.329+0300][25.539s][info ][gc] GC(955) To-space exhausted
[2020-08-01T12:32:54.329+0300][25.539s][info ][gc] GC(955) Pause Young (Normal) (G1 Evacuation Pause) 511M->511M(512M) 20.297ms
[2020-08-01T12:32:54.373+0300][25.582s][info ][gc] GC(956) Pause Full (G1 Evacuation Pause) 511M->70M(512M) 43.568ms
[2020-08-01T12:32:54.395+0300][25.604s][info ][gc] GC(957) Pause Young (Normal) (G1 Evacuation Pause) 96M->96M(512M) 11.127ms
[2020-08-01T12:32:54.415+0300][25.624s][info ][gc] GC(958) Pause Young (Normal) (G1 Evacuation Pause) 119M->120M(512M) 10.503ms
[2020-08-01T12:32:54.456+0300][25.665s][info ][gc] GC(959) Pause Young (Normal) (G1 Evacuation Pause) 161M->163M(512M) 10.768ms
[2020-08-01T12:32:54.475+0300][25.684s][info ][gc] GC(960) Pause Young (Normal) (G1 Evacuation Pause) 184M->186M(512M) 10.361ms
[2020-08-01T12:32:54.494+0300][25.703s][info ][gc] GC(961) Pause Young (Normal) (G1 Evacuation Pause) 207M->209M(512M) 10.569ms
[2020-08-01T12:32:54.513+0300][25.723s][info ][gc] GC(962) Pause Young (Normal) (G1 Evacuation Pause) 230M->232M(512M) 11.184ms
[2020-08-01T12:32:54.533+0300][25.742s][info ][gc] GC(963) Pause Young (Concurrent Start) (G1 Evacuation Pause) 253M->254M(512M) 11.286ms
[2020-08-01T12:32:54.533+0300][25.743s][info ][gc] GC(964) Concurrent Cycle
[2020-08-01T12:32:54.553+0300][25.762s][info ][gc] GC(965) Pause Young (Normal) (G1 Evacuation Pause) 275M->277M(512M) 10.663ms
[2020-08-01T12:32:54.586+0300][25.796s][info ][gc] GC(966) Pause Young (Normal) (G1 Evacuation Pause) 318M->319M(512M) 11.606ms
[2020-08-01T12:32:54.607+0300][25.816s][info ][gc] GC(967) Pause Young (Normal) (G1 Evacuation Pause) 340M->341M(512M) 11.347ms
[2020-08-01T12:32:54.627+0300][25.837s][info ][gc] GC(968) Pause Young (Normal) (G1 Evacuation Pause) 362M->363M(512M) 11.876ms
[2020-08-01T12:32:54.647+0300][25.856s][info ][gc] GC(969) Pause Young (Normal) (G1 Evacuation Pause) 384M->385M(512M) 10.460ms
[2020-08-01T12:32:54.667+0300][25.876s][info ][gc] GC(970) Pause Young (Normal) (G1 Evacuation Pause) 406M->408M(512M) 10.500ms
[2020-08-01T12:32:54.679+0300][25.889s][debug][gc] GC(964) Reclaimed 131 empty regions
[2020-08-01T12:32:54.679+0300][25.889s][info ][gc] GC(964) Pause Remark 424M->296M(512M) 0.432ms
[2020-08-01T12:32:54.708+0300][25.917s][info ][gc] GC(971) Pause Young (Normal) (G1 Evacuation Pause) 321M->323M(512M) 11.578ms
[2020-08-01T12:32:54.734+0300][25.943s][info ][gc] GC(972) Pause Young (Normal) (G1 Evacuation Pause) 344M->345M(512M) 11.848ms
[2020-08-01T12:32:54.760+0300][25.969s][info ][gc] GC(973) Pause Young (Normal) (G1 Evacuation Pause) 366M->368M(512M) 10.580ms
[2020-08-01T12:32:54.785+0300][25.995s][info ][gc] GC(974) Pause Young (Normal) (G1 Evacuation Pause) 389M->391M(512M) 10.982ms
[2020-08-01T12:32:54.812+0300][26.021s][info ][gc] GC(975) Pause Young (Normal) (G1 Evacuation Pause) 412M->414M(512M) 10.745ms
[2020-08-01T12:32:54.837+0300][26.046s][info ][gc] GC(976) Pause Young (Normal) (G1 Evacuation Pause) 435M->437M(512M) 10.739ms
[2020-08-01T12:32:54.882+0300][26.091s][info ][gc] GC(977) Pause Young (Normal) (G1 Evacuation Pause) 478M->479M(512M) 10.594ms
[2020-08-01T12:32:54.893+0300][26.102s][info ][gc] GC(964) Pause Cleanup 497M->497M(512M) 0.159ms
[2020-08-01T12:32:54.893+0300][26.103s][info ][gc] GC(964) Concurrent Cycle 360.286ms
[2020-08-01T12:32:54.919+0300][26.128s][info ][gc] GC(978) To-space exhausted
[2020-08-01T12:32:54.919+0300][26.128s][info ][gc] GC(978) Pause Young (Normal) (G1 Evacuation Pause) 500M->506M(512M) 24.748ms
[2020-08-01T12:32:54.937+0300][26.146s][info ][gc] GC(979) To-space exhausted
[2020-08-01T12:32:54.937+0300][26.146s][info ][gc] GC(979) Pause Young (Concurrent Start) (G1 Evacuation Pause) 511M->511M(512M) 15.436ms
[2020-08-01T12:32:54.937+0300][26.146s][info ][gc] GC(981) Concurrent Cycle
[2020-08-01T12:32:54.937+0300][26.147s][debug][gc] GC(980) Clear Next Bitmap 0.324ms
[2020-08-01T12:32:54.974+0300][26.183s][info ][gc] GC(980) Pause Full (G1 Evacuation Pause) 511M->64M(512M) 37.051ms
[2020-08-01T12:32:54.974+0300][26.183s][info ][gc] GC(981) Concurrent Cycle 37.336ms
[2020-08-01T12:32:54.999+0300][26.209s][info ][gc] GC(982) Pause Young (Normal) (G1 Evacuation Pause) 94M->94M(512M) 13.623ms
[2020-08-01T12:32:55.023+0300][26.232s][info ][gc] GC(983) Pause Young (Normal) (G1 Evacuation Pause) 121M->122M(512M) 12.542ms
[2020-08-01T12:32:55.098+0300][26.307s][info ][gc] GC(984) Pause Young (Normal) (G1 Evacuation Pause) 164M->165M(512M) 26.565ms
[2020-08-01T12:32:55.122+0300][26.332s][info ][gc] GC(985) Pause Young (Normal) (G1 Evacuation Pause) 186M->188M(512M) 12.144ms
[2020-08-01T12:32:55.141+0300][26.351s][info ][gc] GC(986) Pause Young (Normal) (G1 Evacuation Pause) 209M->210M(512M) 10.389ms
[2020-08-01T12:32:55.161+0300][26.370s][info ][gc] GC(987) Pause Young (Normal) (G1 Evacuation Pause) 231M->232M(512M) 10.997ms
[2020-08-01T12:32:55.181+0300][26.391s][info ][gc] GC(988) Pause Young (Concurrent Start) (G1 Evacuation Pause) 253M->254M(512M) 12.376ms
[2020-08-01T12:32:55.181+0300][26.391s][info ][gc] GC(989) Concurrent Cycle
[2020-08-01T12:32:55.200+0300][26.410s][info ][gc] GC(990) Pause Young (Normal) (G1 Evacuation Pause) 275M->277M(512M) 10.323ms
[2020-08-01T12:32:55.242+0300][26.451s][info ][gc] GC(991) Pause Young (Normal) (G1 Evacuation Pause) 318M->319M(512M) 12.397ms
[2020-08-01T12:32:55.261+0300][26.470s][info ][gc] GC(992) Pause Young (Normal) (G1 Evacuation Pause) 340M->342M(512M) 10.558ms
[2020-08-01T12:32:55.282+0300][26.491s][info ][gc] GC(993) Pause Young (Normal) (G1 Evacuation Pause) 363M->364M(512M) 11.842ms
[2020-08-01T12:32:55.301+0300][26.511s][info ][gc] GC(994) Pause Young (Normal) (G1 Evacuation Pause) 385M->387M(512M) 10.709ms
[2020-08-01T12:32:55.321+0300][26.530s][info ][gc] GC(995) Pause Young (Normal) (G1 Evacuation Pause) 408M->409M(512M) 10.537ms
[2020-08-01T12:32:55.328+0300][26.538s][debug][gc] GC(989) Reclaimed 130 empty regions
[2020-08-01T12:32:55.328+0300][26.538s][info ][gc] GC(989) Pause Remark 422M->297M(512M) 0.425ms
[2020-08-01T12:32:55.361+0300][26.571s][info ][gc] GC(996) Pause Young (Normal) (G1 Evacuation Pause) 324M->326M(512M) 11.490ms
[2020-08-01T12:32:55.387+0300][26.596s][info ][gc] GC(997) Pause Young (Normal) (G1 Evacuation Pause) 347M->348M(512M) 10.290ms
[2020-08-01T12:32:55.411+0300][26.620s][info ][gc] GC(998) Pause Young (Normal) (G1 Evacuation Pause) 369M->370M(512M) 11.379ms
[2020-08-01T12:32:55.444+0300][26.653s][info ][gc] GC(999) Pause Young (Normal) (G1 Evacuation Pause) 391M->393M(512M) 10.918ms
[2020-08-01T12:32:55.476+0300][26.686s][info ][gc] GC(1000) Pause Young (Normal) (G1 Evacuation Pause) 414M->416M(512M) 12.442ms
[2020-08-01T12:32:55.503+0300][26.712s][info ][gc] GC(1001) Pause Young (Normal) (G1 Evacuation Pause) 437M->439M(512M) 10.608ms
[2020-08-01T12:32:55.525+0300][26.734s][info ][gc] GC(989) Pause Cleanup 441M->441M(512M) 0.109ms
[2020-08-01T12:32:55.525+0300][26.734s][info ][gc] GC(989) Concurrent Cycle 343.445ms
[2020-08-01T12:32:55.543+0300][26.752s][info ][gc] GC(1002) Pause Young (Concurrent Start) (G1 Humongous Allocation) 441M->443M(512M) 12.288ms
[2020-08-01T12:32:55.543+0300][26.753s][info ][gc] GC(1003) Concurrent Cycle
[2020-08-01T12:32:55.552+0300][26.762s][debug][gc] GC(1003) Reclaimed 429 empty regions
[2020-08-01T12:32:55.552+0300][26.762s][info ][gc] GC(1003) Pause Remark 469M->40M(512M) 0.731ms
[2020-08-01T12:32:55.576+0300][26.785s][info ][gc] GC(1004) Pause Young (Normal) (G1 Evacuation Pause) 56M->54M(512M) 13.634ms
[2020-08-01T12:32:55.580+0300][26.789s][info ][gc] GC(1003) Pause Cleanup 55M->55M(512M) 0.075ms
[2020-08-01T12:32:55.580+0300][26.789s][info ][gc] GC(1003) Concurrent Cycle 36.909ms
[2020-08-01T12:32:55.600+0300][26.810s][info ][gc] GC(1005) Pause Young (Normal) (G1 Evacuation Pause) 75M->76M(512M) 10.676ms
[2020-08-01T12:32:55.619+0300][26.829s][info ][gc] GC(1006) Pause Young (Normal) (G1 Evacuation Pause) 97M->99M(512M) 10.186ms
[2020-08-01T12:32:55.638+0300][26.848s][info ][gc] GC(1007) Pause Young (Normal) (G1 Evacuation Pause) 120M->121M(512M) 10.368ms
[2020-08-01T12:32:55.659+0300][26.869s][info ][gc] GC(1008) Pause Young (Normal) (G1 Evacuation Pause) 142M->143M(512M) 12.082ms
[2020-08-01T12:32:55.704+0300][26.913s][info ][gc] GC(1009) Pause Young (Normal) (G1 Evacuation Pause) 184M->186M(512M) 11.362ms
[2020-08-01T12:32:55.723+0300][26.932s][info ][gc] GC(1010) Pause Young (Normal) (G1 Evacuation Pause) 207M->208M(512M) 10.543ms
[2020-08-01T12:32:55.742+0300][26.951s][info ][gc] GC(1011) Pause Young (Normal) (G1 Evacuation Pause) 229M->231M(512M) 10.609ms
[2020-08-01T12:32:55.761+0300][26.970s][info ][gc] GC(1012) Pause Young (Normal) (G1 Evacuation Pause) 252M->254M(512M) 10.523ms
[2020-08-01T12:32:55.780+0300][26.989s][info ][gc] GC(1013) Pause Young (Concurrent Start) (G1 Evacuation Pause) 275M->277M(512M) 10.597ms
[2020-08-01T12:32:55.780+0300][26.989s][info ][gc] GC(1014) Concurrent Cycle
[2020-08-01T12:32:55.825+0300][27.035s][info ][gc] GC(1015) Pause Young (Normal) (G1 Evacuation Pause) 318M->319M(512M) 11.440ms
[2020-08-01T12:32:55.844+0300][27.054s][info ][gc] GC(1016) Pause Young (Normal) (G1 Evacuation Pause) 340M->342M(512M) 10.397ms
[2020-08-01T12:32:55.864+0300][27.073s][info ][gc] GC(1017) Pause Young (Normal) (G1 Evacuation Pause) 363M->364M(512M) 10.621ms
[2020-08-01T12:32:55.883+0300][27.093s][info ][gc] GC(1018) Pause Young (Normal) (G1 Evacuation Pause) 385M->386M(512M) 10.385ms
[2020-08-01T12:32:55.902+0300][27.112s][info ][gc] GC(1019) Pause Young (Normal) (G1 Evacuation Pause) 407M->409M(512M) 10.365ms
[2020-08-01T12:32:55.921+0300][27.131s][info ][gc] GC(1020) Pause Young (Normal) (G1 Evacuation Pause) 430M->431M(512M) 10.171ms
[2020-08-01T12:32:55.929+0300][27.139s][debug][gc] GC(1014) Reclaimed 142 empty regions
[2020-08-01T12:32:55.929+0300][27.139s][info ][gc] GC(1014) Pause Remark 439M->297M(512M) 0.437ms
[2020-08-01T12:32:55.968+0300][27.178s][info ][gc] GC(1021) Pause Young (Normal) (G1 Evacuation Pause) 330M->332M(512M) 11.147ms
[2020-08-01T12:32:55.993+0300][27.203s][info ][gc] GC(1022) Pause Young (Normal) (G1 Evacuation Pause) 353M->355M(512M) 10.746ms
[2020-08-01T12:32:56.017+0300][27.227s][info ][gc] GC(1023) Pause Young (Normal) (G1 Evacuation Pause) 376M->378M(512M) 10.562ms
[2020-08-01T12:32:56.042+0300][27.252s][info ][gc] GC(1024) Pause Young (Normal) (G1 Evacuation Pause) 399M->400M(512M) 10.644ms
[2020-08-01T12:32:56.068+0300][27.278s][info ][gc] GC(1025) Pause Young (Normal) (G1 Evacuation Pause) 421M->423M(512M) 10.614ms
[2020-08-01T12:32:56.119+0300][27.328s][info ][gc] GC(1026) Pause Young (Normal) (G1 Evacuation Pause) 464M->465M(512M) 10.328ms
[2020-08-01T12:32:56.128+0300][27.338s][info ][gc] GC(1014) Pause Cleanup 476M->476M(512M) 0.113ms
[2020-08-01T12:32:56.129+0300][27.338s][info ][gc] GC(1014) Concurrent Cycle 348.994ms
[2020-08-01T12:32:56.144+0300][27.353s][info ][gc] GC(1027) To-space exhausted
[2020-08-01T12:32:56.144+0300][27.353s][info ][gc] GC(1027) Pause Young (Normal) (G1 Evacuation Pause) 486M->487M(512M) 11.200ms
[2020-08-01T12:32:56.187+0300][27.396s][info ][gc] GC(1028) To-space exhausted
[2020-08-01T12:32:56.187+0300][27.396s][info ][gc] GC(1028) Pause Young (Concurrent Start) (G1 Evacuation Pause) 508M->511M(512M) 35.028ms
[2020-08-01T12:32:56.187+0300][27.396s][info ][gc] GC(1030) Concurrent Cycle
[2020-08-01T12:32:56.188+0300][27.397s][debug][gc] GC(1029) Clear Next Bitmap 0.237ms
[2020-08-01T12:32:56.226+0300][27.436s][info ][gc] GC(1029) Pause Full (G1 Evacuation Pause) 511M->67M(512M) 38.946ms
[2020-08-01T12:32:56.226+0300][27.436s][info ][gc] GC(1030) Concurrent Cycle 39.251ms
[2020-08-01T12:32:56.247+0300][27.456s][info ][gc] GC(1031) Pause Young (Normal) (G1 Evacuation Pause) 92M->92M(512M) 10.313ms
[2020-08-01T12:32:56.266+0300][27.475s][info ][gc] GC(1032) Pause Young (Normal) (G1 Evacuation Pause) 114M->115M(512M) 10.648ms
[2020-08-01T12:32:56.285+0300][27.494s][info ][gc] GC(1033) Pause Young (Normal) (G1 Evacuation Pause) 136M->138M(512M) 10.369ms
[2020-08-01T12:32:56.382+0300][27.591s][info ][gc] GC(1034) Pause Young (Normal) (G1 Evacuation Pause) 179M->180M(512M) 27.885ms
[2020-08-01T12:32:56.405+0300][27.614s][info ][gc] GC(1035) Pause Young (Normal) (G1 Evacuation Pause) 201M->202M(512M) 11.636ms
[2020-08-01T12:32:56.424+0300][27.633s][info ][gc] GC(1036) Pause Young (Normal) (G1 Evacuation Pause) 223M->224M(512M) 10.632ms
[2020-08-01T12:32:56.443+0300][27.653s][info ][gc] GC(1037) Pause Young (Normal) (G1 Evacuation Pause) 245M->247M(512M) 10.655ms
[2020-08-01T12:32:56.463+0300][27.672s][info ][gc] GC(1038) Pause Young (Concurrent Start) (G1 Evacuation Pause) 268M->270M(512M) 10.699ms
[2020-08-01T12:32:56.463+0300][27.673s][info ][gc] GC(1039) Concurrent Cycle
[2020-08-01T12:32:56.495+0300][27.705s][info ][gc] GC(1040) Pause Young (Normal) (G1 Evacuation Pause) 311M->313M(512M) 10.559ms
[2020-08-01T12:32:56.515+0300][27.724s][info ][gc] GC(1041) Pause Young (Normal) (G1 Evacuation Pause) 334M->335M(512M) 10.630ms
[2020-08-01T12:32:56.534+0300][27.743s][info ][gc] GC(1042) Pause Young (Normal) (G1 Evacuation Pause) 356M->358M(512M) 10.417ms
[2020-08-01T12:32:56.553+0300][27.762s][info ][gc] GC(1043) Pause Young (Normal) (G1 Evacuation Pause) 379M->381M(512M) 10.042ms
[2020-08-01T12:32:56.573+0300][27.782s][info ][gc] GC(1044) Pause Young (Normal) (G1 Evacuation Pause) 403M->405M(512M) 10.583ms
[2020-08-01T12:32:56.618+0300][27.828s][info ][gc] GC(1045) Pause Young (Normal) (G1 Evacuation Pause) 446M->447M(512M) 10.568ms
[2020-08-01T12:32:56.620+0300][27.829s][debug][gc] GC(1039) Reclaimed 134 empty regions
[2020-08-01T12:32:56.620+0300][27.829s][info ][gc] GC(1039) Pause Remark 450M->319M(512M) 0.604ms
[2020-08-01T12:32:56.639+0300][27.848s][info ][gc] GC(1046) Pause Young (Normal) (G1 Evacuation Pause) 337M->338M(512M) 11.010ms
[2020-08-01T12:32:56.668+0300][27.877s][info ][gc] GC(1047) Pause Young (Normal) (G1 Evacuation Pause) 359M->360M(512M) 10.521ms
[2020-08-01T12:32:56.693+0300][27.903s][info ][gc] GC(1048) Pause Young (Normal) (G1 Evacuation Pause) 381M->383M(512M) 10.461ms
[2020-08-01T12:32:56.718+0300][27.927s][info ][gc] GC(1049) Pause Young (Normal) (G1 Evacuation Pause) 404M->405M(512M) 10.482ms
[2020-08-01T12:32:56.745+0300][27.954s][info ][gc] GC(1050) Pause Young (Normal) (G1 Evacuation Pause) 426M->428M(512M) 10.564ms
[2020-08-01T12:32:56.792+0300][28.002s][info ][gc] GC(1051) Pause Young (Normal) (G1 Evacuation Pause) 469M->471M(512M) 10.905ms
[2020-08-01T12:32:56.823+0300][28.033s][info ][gc] GC(1052) To-space exhausted
[2020-08-01T12:32:56.823+0300][28.033s][info ][gc] GC(1052) Pause Young (Normal) (G1 Evacuation Pause) 492M->499M(512M) 17.270ms
[2020-08-01T12:32:56.861+0300][28.070s][info ][gc] GC(1053) To-space exhausted
[2020-08-01T12:32:56.861+0300][28.070s][info ][gc] GC(1053) Pause Young (Normal) (G1 Evacuation Pause) 511M->511M(512M) 24.903ms
[2020-08-01T12:32:56.862+0300][28.071s][debug][gc] GC(1054) Clear Next Bitmap 0.361ms
[2020-08-01T12:32:56.901+0300][28.111s][info ][gc] GC(1054) Pause Full (G1 Evacuation Pause) 511M->66M(512M) 40.186ms
[2020-08-01T12:32:56.902+0300][28.111s][info ][gc] GC(1039) Concurrent Cycle 438.403ms
[2020-08-01T12:32:56.922+0300][28.131s][info ][gc] GC(1055) Pause Young (Normal) (G1 Evacuation Pause) 91M->92M(512M) 10.660ms
[2020-08-01T12:32:56.941+0300][28.150s][info ][gc] GC(1056) Pause Young (Normal) (G1 Evacuation Pause) 113M->114M(512M) 10.356ms
[2020-08-01T12:32:56.959+0300][28.169s][info ][gc] GC(1057) Pause Young (Normal) (G1 Evacuation Pause) 135M->136M(512M) 10.238ms
[2020-08-01T12:32:57.008+0300][28.217s][info ][gc] GC(1058) Pause Young (Normal) (G1 Evacuation Pause) 177M->178M(512M) 14.990ms
[2020-08-01T12:32:57.028+0300][28.238s][info ][gc] GC(1059) Pause Young (Normal) (G1 Evacuation Pause) 199M->201M(512M) 10.684ms
[2020-08-01T12:32:57.048+0300][28.257s][info ][gc] GC(1060) Pause Young (Normal) (G1 Evacuation Pause) 222M->223M(512M) 11.068ms
[2020-08-01T12:32:57.067+0300][28.276s][info ][gc] GC(1061) Pause Young (Normal) (G1 Evacuation Pause) 244M->245M(512M) 10.122ms
[2020-08-01T12:32:57.086+0300][28.295s][info ][gc] GC(1062) Pause Young (Concurrent Start) (G1 Evacuation Pause) 266M->267M(512M) 10.447ms
[2020-08-01T12:32:57.086+0300][28.295s][info ][gc] GC(1063) Concurrent Cycle
[2020-08-01T12:32:57.122+0300][28.331s][info ][gc] GC(1064) Pause Young (Normal) (G1 Evacuation Pause) 308M->310M(512M) 12.312ms
[2020-08-01T12:32:57.140+0300][28.350s][info ][gc] GC(1065) Pause Young (Normal) (G1 Evacuation Pause) 331M->332M(512M) 10.292ms
[2020-08-01T12:32:57.159+0300][28.369s][info ][gc] GC(1066) Pause Young (Normal) (G1 Evacuation Pause) 353M->355M(512M) 10.342ms
[2020-08-01T12:32:57.179+0300][28.388s][info ][gc] GC(1067) Pause Young (Normal) (G1 Evacuation Pause) 376M->377M(512M) 10.391ms
[2020-08-01T12:32:57.199+0300][28.408s][info ][gc] GC(1068) Pause Young (Normal) (G1 Evacuation Pause) 399M->401M(512M) 10.472ms
[2020-08-01T12:32:57.219+0300][28.428s][info ][gc] GC(1069) Pause Young (Normal) (G1 Evacuation Pause) 422M->423M(512M) 10.821ms
[2020-08-01T12:32:57.242+0300][28.451s][debug][gc] GC(1063) Reclaimed 130 empty regions
[2020-08-01T12:32:57.242+0300][28.451s][info ][gc] GC(1063) Pause Remark 424M->296M(512M) 0.449ms
[2020-08-01T12:32:57.264+0300][28.473s][info ][gc] GC(1070) Pause Young (Normal) (G1 Evacuation Pause) 336M->338M(512M) 11.690ms
[2020-08-01T12:32:57.289+0300][28.498s][info ][gc] GC(1071) Pause Young (Normal) (G1 Evacuation Pause) 359M->360M(512M) 10.644ms
[2020-08-01T12:32:57.315+0300][28.524s][info ][gc] GC(1072) Pause Young (Normal) (G1 Evacuation Pause) 381M->382M(512M) 10.615ms
[2020-08-01T12:32:57.341+0300][28.550s][info ][gc] GC(1073) Pause Young (Normal) (G1 Evacuation Pause) 403M->404M(512M) 11.021ms
[2020-08-01T12:32:57.368+0300][28.577s][info ][gc] GC(1074) Pause Young (Normal) (G1 Evacuation Pause) 425M->427M(512M) 11.882ms
[2020-08-01T12:32:57.416+0300][28.626s][info ][gc] GC(1075) Pause Young (Normal) (G1 Evacuation Pause) 468M->468M(512M) 10.649ms
[2020-08-01T12:32:57.447+0300][28.656s][info ][gc] GC(1076) To-space exhausted
[2020-08-01T12:32:57.447+0300][28.656s][info ][gc] GC(1076) Pause Young (Normal) (G1 Evacuation Pause) 489M->497M(512M) 15.901ms
[2020-08-01T12:32:57.486+0300][28.695s][info ][gc] GC(1077) To-space exhausted
[2020-08-01T12:32:57.486+0300][28.695s][info ][gc] GC(1077) Pause Young (Normal) (G1 Evacuation Pause) 511M->511M(512M) 26.529ms
[2020-08-01T12:32:57.486+0300][28.696s][debug][gc] GC(1078) Clear Next Bitmap 0.454ms
[2020-08-01T12:32:57.527+0300][28.736s][info ][gc] GC(1078) Pause Full (G1 Evacuation Pause) 511M->67M(512M) 40.632ms
[2020-08-01T12:32:57.527+0300][28.736s][info ][gc] GC(1063) Concurrent Cycle 441.040ms
[2020-08-01T12:32:57.548+0300][28.757s][info ][gc] GC(1079) Pause Young (Normal) (G1 Evacuation Pause) 92M->92M(512M) 10.948ms
[2020-08-01T12:32:57.568+0300][28.778s][info ][gc] GC(1080) Pause Young (Normal) (G1 Evacuation Pause) 115M->117M(512M) 11.387ms
[2020-08-01T12:32:57.587+0300][28.797s][info ][gc] GC(1081) Pause Young (Normal) (G1 Evacuation Pause) 138M->140M(512M) 10.452ms
[2020-08-01T12:32:57.635+0300][28.844s][info ][gc] GC(1082) Pause Young (Normal) (G1 Evacuation Pause) 181M->183M(512M) 13.898ms
[2020-08-01T12:32:57.654+0300][28.864s][info ][gc] GC(1083) Pause Young (Normal) (G1 Evacuation Pause) 204M->206M(512M) 10.332ms
[2020-08-01T12:32:57.674+0300][28.883s][info ][gc] GC(1084) Pause Young (Normal) (G1 Evacuation Pause) 227M->227M(512M) 10.412ms
[2020-08-01T12:32:57.694+0300][28.903s][info ][gc] GC(1085) Pause Young (Normal) (G1 Evacuation Pause) 248M->249M(512M) 11.533ms
[2020-08-01T12:32:57.713+0300][28.922s][info ][gc] GC(1086) Pause Young (Concurrent Start) (G1 Evacuation Pause) 270M->272M(512M) 10.677ms
[2020-08-01T12:32:57.713+0300][28.922s][info ][gc] GC(1087) Concurrent Cycle
[2020-08-01T12:32:57.758+0300][28.968s][info ][gc] GC(1088) Pause Young (Normal) (G1 Evacuation Pause) 313M->314M(512M) 10.682ms
[2020-08-01T12:32:57.777+0300][28.987s][info ][gc] GC(1089) Pause Young (Normal) (G1 Evacuation Pause) 335M->336M(512M) 10.517ms
[2020-08-01T12:32:57.797+0300][29.006s][info ][gc] GC(1090) Pause Young (Normal) (G1 Evacuation Pause) 357M->359M(512M) 10.741ms
[2020-08-01T12:32:57.816+0300][29.025s][info ][gc] GC(1091) Pause Young (Normal) (G1 Evacuation Pause) 380M->382M(512M) 10.384ms
[2020-08-01T12:32:57.834+0300][29.044s][info ][gc] GC(1092) Pause Young (Normal) (G1 Evacuation Pause) 403M->404M(512M) 9.547ms
[2020-08-01T12:32:57.858+0300][29.067s][debug][gc] GC(1087) Reclaimed 136 empty regions
[2020-08-01T12:32:57.858+0300][29.067s][info ][gc] GC(1087) Pause Remark 424M->291M(512M) 0.393ms
[2020-08-01T12:32:57.881+0300][29.090s][info ][gc] GC(1093) Pause Young (Normal) (G1 Evacuation Pause) 312M->313M(512M) 11.484ms
[2020-08-01T12:32:57.906+0300][29.115s][info ][gc] GC(1094) Pause Young (Normal) (G1 Evacuation Pause) 334M->335M(512M) 10.438ms
[2020-08-01T12:32:57.931+0300][29.140s][info ][gc] GC(1095) Pause Young (Normal) (G1 Evacuation Pause) 356M->358M(512M) 10.652ms
[2020-08-01T12:32:57.956+0300][29.165s][info ][gc] GC(1096) Pause Young (Normal) (G1 Evacuation Pause) 379M->380M(512M) 10.992ms
[2020-08-01T12:32:57.982+0300][29.192s][info ][gc] GC(1097) Pause Young (Normal) (G1 Evacuation Pause) 401M->402M(512M) 10.568ms
[2020-08-01T12:32:58.009+0300][29.219s][info ][gc] GC(1098) Pause Young (Normal) (G1 Evacuation Pause) 423M->424M(512M) 12.004ms
[2020-08-01T12:32:58.056+0300][29.265s][info ][gc] GC(1099) Pause Young (Normal) (G1 Evacuation Pause) 465M->466M(512M) 10.701ms
[2020-08-01T12:32:58.068+0300][29.278s][info ][gc] GC(1087) Pause Cleanup 483M->483M(512M) 0.134ms
[2020-08-01T12:32:58.069+0300][29.278s][info ][gc] GC(1087) Concurrent Cycle 355.856ms
[2020-08-01T12:32:58.082+0300][29.291s][info ][gc] GC(1100) To-space exhausted
[2020-08-01T12:32:58.082+0300][29.291s][info ][gc] GC(1100) Pause Young (Normal) (G1 Evacuation Pause) 487M->493M(512M) 11.555ms
[2020-08-01T12:32:58.123+0300][29.333s][info ][gc] GC(1101) To-space exhausted
[2020-08-01T12:32:58.123+0300][29.333s][info ][gc] GC(1101) Pause Young (Concurrent Start) (G1 Evacuation Pause) 511M->511M(512M) 34.192ms
[2020-08-01T12:32:58.123+0300][29.333s][info ][gc] GC(1103) Concurrent Cycle
[2020-08-01T12:32:58.124+0300][29.333s][debug][gc] GC(1102) Clear Next Bitmap 0.287ms
[2020-08-01T12:32:58.167+0300][29.376s][info ][gc] GC(1102) Pause Full (G1 Evacuation Pause) 511M->72M(512M) 43.119ms
[2020-08-01T12:32:58.167+0300][29.376s][info ][gc] GC(1103) Concurrent Cycle 43.433ms
[2020-08-01T12:32:58.188+0300][29.398s][info ][gc] GC(1104) Pause Young (Normal) (G1 Evacuation Pause) 99M->100M(512M) 10.825ms
[2020-08-01T12:32:58.211+0300][29.420s][info ][gc] GC(1105) Pause Young (Normal) (G1 Evacuation Pause) 125M->126M(512M) 11.997ms
[2020-08-01T12:32:58.270+0300][29.479s][info ][gc] GC(1106) Pause Young (Normal) (G1 Evacuation Pause) 167M->169M(512M) 18.816ms
[2020-08-01T12:32:58.296+0300][29.505s][info ][gc] GC(1107) Pause Young (Normal) (G1 Evacuation Pause) 190M->191M(512M) 13.053ms
[2020-08-01T12:32:58.316+0300][29.525s][info ][gc] GC(1108) Pause Young (Normal) (G1 Evacuation Pause) 212M->213M(512M) 10.600ms
[2020-08-01T12:32:58.336+0300][29.545s][info ][gc] GC(1109) Pause Young (Normal) (G1 Evacuation Pause) 234M->236M(512M) 11.813ms
[2020-08-01T12:32:58.355+0300][29.564s][info ][gc] GC(1110) Pause Young (Concurrent Start) (G1 Evacuation Pause) 257M->258M(512M) 10.327ms
[2020-08-01T12:32:58.355+0300][29.564s][info ][gc] GC(1111) Concurrent Cycle
[2020-08-01T12:32:58.378+0300][29.587s][info ][gc] GC(1112) Pause Young (Normal) (G1 Evacuation Pause) 279M->281M(512M) 13.562ms
[2020-08-01T12:32:58.414+0300][29.624s][info ][gc] GC(1113) Pause Young (Normal) (G1 Evacuation Pause) 322M->324M(512M) 10.683ms
[2020-08-01T12:32:58.434+0300][29.643s][info ][gc] GC(1114) Pause Young (Normal) (G1 Evacuation Pause) 345M->346M(512M) 10.550ms
[2020-08-01T12:32:58.453+0300][29.662s][info ][gc] GC(1115) Pause Young (Normal) (G1 Evacuation Pause) 367M->369M(512M) 10.433ms
[2020-08-01T12:32:58.473+0300][29.682s][info ][gc] GC(1116) Pause Young (Normal) (G1 Evacuation Pause) 390M->391M(512M) 10.389ms
[2020-08-01T12:32:58.492+0300][29.701s][info ][gc] GC(1117) Pause Young (Normal) (G1 Evacuation Pause) 412M->414M(512M) 10.509ms
[2020-08-01T12:32:58.505+0300][29.714s][debug][gc] GC(1111) Reclaimed 126 empty regions
[2020-08-01T12:32:58.505+0300][29.714s][info ][gc] GC(1111) Pause Remark 424M->301M(512M) 0.425ms
[2020-08-01T12:32:58.537+0300][29.746s][info ][gc] GC(1118) Pause Young (Normal) (G1 Evacuation Pause) 332M->333M(512M) 11.264ms
[2020-08-01T12:32:58.564+0300][29.774s][info ][gc] GC(1119) Pause Young (Normal) (G1 Evacuation Pause) 354M->356M(512M) 10.743ms
[2020-08-01T12:32:58.589+0300][29.798s][info ][gc] GC(1120) Pause Young (Normal) (G1 Evacuation Pause) 377M->378M(512M) 10.761ms
[2020-08-01T12:32:58.612+0300][29.822s][info ][gc] GC(1121) Pause Young (Normal) (G1 Evacuation Pause) 399M->400M(512M) 10.777ms
[2020-08-01T12:32:58.641+0300][29.850s][info ][gc] GC(1122) Pause Young (Normal) (G1 Evacuation Pause) 421M->423M(512M) 12.420ms
[2020-08-01T12:32:58.688+0300][29.898s][info ][gc] GC(1123) Pause Young (Normal) (G1 Evacuation Pause) 464M->466M(512M) 10.549ms
[2020-08-01T12:32:58.699+0300][29.909s][info ][gc] GC(1111) Pause Cleanup 478M->478M(512M) 0.124ms
[2020-08-01T12:32:58.700+0300][29.909s][info ][gc] GC(1111) Concurrent Cycle 345.067ms
[2020-08-01T12:32:58.715+0300][29.924s][info ][gc] GC(1124) To-space exhausted
[2020-08-01T12:32:58.715+0300][29.924s][info ][gc] GC(1124) Pause Young (Normal) (G1 Evacuation Pause) 487M->493M(512M) 11.683ms
[2020-08-01T12:32:58.756+0300][29.965s][info ][gc] GC(1125) To-space exhausted
[2020-08-01T12:32:58.756+0300][29.965s][info ][gc] GC(1125) Pause Young (Concurrent Start) (G1 Evacuation Pause) 511M->511M(512M) 33.933ms
[2020-08-01T12:32:58.756+0300][29.965s][info ][gc] GC(1127) Concurrent Cycle
[2020-08-01T12:32:58.756+0300][29.966s][debug][gc] GC(1126) Clear Next Bitmap 0.294ms
[2020-08-01T12:32:58.792+0300][30.001s][info ][gc] GC(1126) Pause Full (G1 Evacuation Pause) 511M->61M(512M) 35.795ms
[2020-08-01T12:32:58.792+0300][30.001s][info ][gc] GC(1127) Concurrent Cycle 36.086ms
[2020-08-01T12:32:58.812+0300][30.022s][info ][gc] GC(1128) Pause Young (Normal) (G1 Evacuation Pause) 86M->86M(512M) 10.638ms
[2020-08-01T12:32:58.832+0300][30.041s][info ][gc] GC(1129) Pause Young (Normal) (G1 Evacuation Pause) 108M->110M(512M) 10.327ms
[2020-08-01T12:32:58.851+0300][30.060s][info ][gc] GC(1130) Pause Young (Normal) (G1 Evacuation Pause) 131M->132M(512M) 10.670ms
[2020-08-01T12:32:58.894+0300][30.103s][info ][gc] GC(1131) Pause Young (Normal) (G1 Evacuation Pause) 173M->175M(512M) 10.556ms
[2020-08-01T12:32:58.913+0300][30.123s][info ][gc] GC(1132) Pause Young (Normal) (G1 Evacuation Pause) 196M->198M(512M) 10.674ms
[2020-08-01T12:32:58.932+0300][30.141s][info ][gc] GC(1133) Pause Young (Normal) (G1 Evacuation Pause) 219M->220M(512M) 10.512ms
[2020-08-01T12:32:58.951+0300][30.160s][info ][gc] GC(1134) Pause Young (Normal) (G1 Evacuation Pause) 241M->243M(512M) 10.173ms
[2020-08-01T12:32:58.970+0300][30.179s][info ][gc] GC(1135) Pause Young (Concurrent Start) (G1 Evacuation Pause) 264M->265M(512M) 10.543ms
[2020-08-01T12:32:58.970+0300][30.179s][info ][gc] GC(1136) Concurrent Cycle
[2020-08-01T12:32:59.016+0300][30.226s][info ][gc] GC(1137) Pause Young (Normal) (G1 Evacuation Pause) 306M->308M(512M) 10.263ms
[2020-08-01T12:32:59.036+0300][30.245s][info ][gc] GC(1138) Pause Young (Normal) (G1 Evacuation Pause) 329M->330M(512M) 10.516ms
[2020-08-01T12:32:59.055+0300][30.264s][info ][gc] GC(1139) Pause Young (Normal) (G1 Evacuation Pause) 351M->352M(512M) 10.395ms
[2020-08-01T12:32:59.075+0300][30.284s][info ][gc] GC(1140) Pause Young (Normal) (G1 Evacuation Pause) 373M->374M(512M) 10.777ms
[2020-08-01T12:32:59.094+0300][30.303s][info ][gc] GC(1141) Pause Young (Normal) (G1 Evacuation Pause) 395M->397M(512M) 10.413ms
[2020-08-01T12:32:59.113+0300][30.322s][info ][gc] GC(1142) Pause Young (Normal) (G1 Evacuation Pause) 418M->419M(512M) 10.414ms
[2020-08-01T12:32:59.121+0300][30.330s][debug][gc] GC(1136) Reclaimed 132 empty regions
[2020-08-01T12:32:59.121+0300][30.330s][info ][gc] GC(1136) Pause Remark 425M->297M(512M) 0.450ms
[2020-08-01T12:32:59.147+0300][30.356s][info ][gc] GC(1143) Pause Young (Normal) (G1 Evacuation Pause) 332M->333M(512M) 12.317ms
[2020-08-01T12:32:59.172+0300][30.382s][info ][gc] GC(1144) Pause Young (Normal) (G1 Evacuation Pause) 354M->356M(512M) 10.447ms
[2020-08-01T12:32:59.197+0300][30.406s][info ][gc] GC(1145) Pause Young (Normal) (G1 Evacuation Pause) 377M->378M(512M) 10.721ms
[2020-08-01T12:32:59.221+0300][30.430s][info ][gc] GC(1146) Pause Young (Normal) (G1 Evacuation Pause) 399M->400M(512M) 10.230ms
[2020-08-01T12:32:59.246+0300][30.455s][info ][gc] GC(1147) Pause Young (Normal) (G1 Evacuation Pause) 421M->423M(512M) 10.852ms
[2020-08-01T12:32:59.297+0300][30.507s][info ][gc] GC(1148) Pause Young (Normal) (G1 Evacuation Pause) 464M->466M(512M) 10.738ms
[2020-08-01T12:32:59.323+0300][30.532s][info ][gc] GC(1149) To-space exhausted
[2020-08-01T12:32:59.323+0300][30.532s][info ][gc] GC(1149) Pause Young (Normal) (G1 Evacuation Pause) 487M->489M(512M) 11.178ms
[2020-08-01T12:32:59.329+0300][30.538s][info ][gc] GC(1136) Pause Cleanup 490M->490M(512M) 0.138ms
[2020-08-01T12:32:59.329+0300][30.539s][info ][gc] GC(1136) Concurrent Cycle 359.687ms
[2020-08-01T12:32:59.373+0300][30.583s][info ][gc] GC(1150) To-space exhausted
[2020-08-01T12:32:59.373+0300][30.583s][info ][gc] GC(1150) Pause Young (Normal) (G1 Evacuation Pause) 510M->511M(512M) 35.757ms
[2020-08-01T12:32:59.413+0300][30.623s][info ][gc] GC(1151) Pause Full (G1 Evacuation Pause) 511M->69M(512M) 40.014ms
[2020-08-01T12:32:59.435+0300][30.644s][info ][gc] GC(1152) Pause Young (Normal) (G1 Evacuation Pause) 96M->96M(512M) 10.174ms
[2020-08-01T12:32:59.458+0300][30.668s][info ][gc] GC(1153) Pause Young (Normal) (G1 Evacuation Pause) 121M->122M(512M) 13.607ms
[2020-08-01T12:32:59.498+0300][30.707s][info ][gc] GC(1154) Pause Young (Normal) (G1 Evacuation Pause) 163M->164M(512M) 10.340ms
[2020-08-01T12:32:59.517+0300][30.726s][info ][gc] GC(1155) Pause Young (Normal) (G1 Evacuation Pause) 185M->187M(512M) 10.605ms
[2020-08-01T12:32:59.536+0300][30.745s][info ][gc] GC(1156) Pause Young (Normal) (G1 Evacuation Pause) 208M->209M(512M) 10.490ms
[2020-08-01T12:32:59.555+0300][30.764s][info ][gc] GC(1157) Pause Young (Normal) (G1 Evacuation Pause) 230M->231M(512M) 10.488ms
[2020-08-01T12:32:59.574+0300][30.783s][info ][gc] GC(1158) Pause Young (Normal) (G1 Evacuation Pause) 252M->253M(512M) 10.433ms
[2020-08-01T12:32:59.593+0300][30.802s][info ][gc] GC(1159) Pause Young (Concurrent Start) (G1 Evacuation Pause) 274M->276M(512M) 10.423ms
[2020-08-01T12:32:59.593+0300][30.802s][info ][gc] GC(1160) Concurrent Cycle
[2020-08-01T12:32:59.627+0300][30.837s][info ][gc] GC(1161) Pause Young (Normal) (G1 Evacuation Pause) 317M->318M(512M) 10.901ms
[2020-08-01T12:32:59.646+0300][30.856s][info ][gc] GC(1162) Pause Young (Normal) (G1 Evacuation Pause) 339M->341M(512M) 10.426ms
[2020-08-01T12:32:59.668+0300][30.877s][info ][gc] GC(1163) Pause Young (Normal) (G1 Evacuation Pause) 362M->363M(512M) 11.570ms
[2020-08-01T12:32:59.687+0300][30.896s][info ][gc] GC(1164) Pause Young (Normal) (G1 Evacuation Pause) 384M->385M(512M) 10.573ms
[2020-08-01T12:32:59.706+0300][30.915s][info ][gc] GC(1165) Pause Young (Normal) (G1 Evacuation Pause) 406M->408M(512M) 10.488ms
[2020-08-01T12:32:59.746+0300][30.956s][info ][gc] GC(1166) Pause Young (Normal) (G1 Evacuation Pause) 449M->450M(512M) 10.889ms
[2020-08-01T12:32:59.765+0300][30.975s][info ][gc] GC(1167) Pause Young (Normal) (G1 Evacuation Pause) 471M->473M(512M) 10.386ms
[2020-08-01T12:32:59.769+0300][30.978s][debug][gc] GC(1160) Reclaimed 130 empty regions
[2020-08-01T12:32:59.769+0300][30.978s][info ][gc] GC(1160) Pause Remark 479M->351M(512M) 0.426ms
[2020-08-01T12:32:59.786+0300][30.995s][info ][gc] GC(1168) Pause Young (Normal) (G1 Evacuation Pause) 366M->367M(512M) 11.068ms
[2020-08-01T12:32:59.813+0300][31.023s][info ][gc] GC(1169) Pause Young (Normal) (G1 Evacuation Pause) 388M->389M(512M) 10.131ms
[2020-08-01T12:32:59.839+0300][31.048s][info ][gc] GC(1170) Pause Young (Normal) (G1 Evacuation Pause) 410M->411M(512M) 11.976ms
[2020-08-01T12:32:59.865+0300][31.074s][info ][gc] GC(1171) Pause Young (Normal) (G1 Evacuation Pause) 432M->434M(512M) 10.299ms
[2020-08-01T12:32:59.908+0300][31.117s][info ][gc] GC(1172) Pause Young (Normal) (G1 Evacuation Pause) 475M->476M(512M) 10.489ms
[2020-08-01T12:32:59.944+0300][31.154s][info ][gc] GC(1173) To-space exhausted
[2020-08-01T12:32:59.944+0300][31.154s][info ][gc] GC(1173) Pause Young (Normal) (G1 Evacuation Pause) 497M->504M(512M) 21.692ms
[2020-08-01T12:32:59.972+0300][31.181s][info ][gc] GC(1174) To-space exhausted
[2020-08-01T12:32:59.972+0300][31.182s][info ][gc] GC(1174) Pause Young (Normal) (G1 Evacuation Pause) 511M->511M(512M) 17.717ms
[2020-08-01T12:32:59.973+0300][31.182s][debug][gc] GC(1175) Clear Next Bitmap 0.393ms
[2020-08-01T12:33:00.016+0300][31.225s][info ][gc] GC(1175) Pause Full (G1 Evacuation Pause) 511M->67M(512M) 43.697ms
[2020-08-01T12:33:00.016+0300][31.226s][info ][gc] GC(1160) Concurrent Cycle 423.304ms
[2020-08-01T12:33:00.037+0300][31.247s][info ][gc] GC(1176) Pause Young (Normal) (G1 Evacuation Pause) 94M->94M(512M) 10.416ms
[2020-08-01T12:33:00.060+0300][31.269s][info ][gc] GC(1177) Pause Young (Normal) (G1 Evacuation Pause) 120M->122M(512M) 11.842ms
[2020-08-01T12:33:00.107+0300][31.316s][info ][gc] GC(1178) Pause Young (Normal) (G1 Evacuation Pause) 164M->165M(512M) 12.622ms
[2020-08-01T12:33:00.126+0300][31.336s][info ][gc] GC(1179) Pause Young (Normal) (G1 Evacuation Pause) 186M->188M(512M) 10.947ms
[2020-08-01T12:33:00.145+0300][31.354s][info ][gc] GC(1180) Pause Young (Normal) (G1 Evacuation Pause) 209M->210M(512M) 10.336ms
[2020-08-01T12:33:00.164+0300][31.373s][info ][gc] GC(1181) Pause Young (Normal) (G1 Evacuation Pause) 231M->233M(512M) 10.366ms
[2020-08-01T12:33:00.182+0300][31.392s][info ][gc] GC(1182) Pause Young (Concurrent Start) (G1 Evacuation Pause) 254M->255M(512M) 10.233ms
[2020-08-01T12:33:00.182+0300][31.392s][info ][gc] GC(1183) Concurrent Cycle
[2020-08-01T12:33:00.203+0300][31.412s][info ][gc] GC(1184) Pause Young (Normal) (G1 Evacuation Pause) 276M->278M(512M) 11.755ms
[2020-08-01T12:33:00.236+0300][31.445s][info ][gc] GC(1185) Pause Young (Normal) (G1 Evacuation Pause) 319M->320M(512M) 10.710ms
[2020-08-01T12:33:00.255+0300][31.465s][info ][gc] GC(1186) Pause Young (Normal) (G1 Evacuation Pause) 341M->342M(512M) 10.361ms
[2020-08-01T12:33:00.274+0300][31.484s][info ][gc] GC(1187) Pause Young (Normal) (G1 Evacuation Pause) 363M->364M(512M) 10.317ms
[2020-08-01T12:33:00.293+0300][31.503s][info ][gc] GC(1188) Pause Young (Normal) (G1 Evacuation Pause) 385M->387M(512M) 10.518ms
[2020-08-01T12:33:00.313+0300][31.522s][info ][gc] GC(1189) Pause Young (Normal) (G1 Evacuation Pause) 408M->409M(512M) 10.542ms
[2020-08-01T12:33:00.327+0300][31.537s][debug][gc] GC(1183) Reclaimed 128 empty regions
[2020-08-01T12:33:00.327+0300][31.537s][info ][gc] GC(1183) Pause Remark 423M->298M(512M) 0.419ms
[2020-08-01T12:33:00.358+0300][31.567s][info ][gc] GC(1190) Pause Young (Normal) (G1 Evacuation Pause) 325M->327M(512M) 12.004ms
[2020-08-01T12:33:00.386+0300][31.595s][info ][gc] GC(1191) Pause Young (Normal) (G1 Evacuation Pause) 348M->349M(512M) 10.414ms
[2020-08-01T12:33:00.410+0300][31.620s][info ][gc] GC(1192) Pause Young (Normal) (G1 Evacuation Pause) 370M->372M(512M) 10.358ms
[2020-08-01T12:33:00.436+0300][31.646s][info ][gc] GC(1193) Pause Young (Normal) (G1 Evacuation Pause) 393M->395M(512M) 11.018ms
[2020-08-01T12:33:00.464+0300][31.673s][info ][gc] GC(1194) Pause Young (Normal) (G1 Evacuation Pause) 416M->417M(512M) 11.279ms
[2020-08-01T12:33:00.490+0300][31.699s][info ][gc] GC(1195) Pause Young (Normal) (G1 Evacuation Pause) 438M->440M(512M) 10.457ms
[2020-08-01T12:33:00.532+0300][31.742s][info ][gc] GC(1196) Pause Young (Normal) (G1 Evacuation Pause) 481M->482M(512M) 10.722ms
[2020-08-01T12:33:00.542+0300][31.751s][info ][gc] GC(1183) Pause Cleanup 496M->496M(512M) 0.133ms
[2020-08-01T12:33:00.542+0300][31.752s][info ][gc] GC(1183) Concurrent Cycle 359.776ms
[2020-08-01T12:33:00.573+0300][31.782s][info ][gc] GC(1197) To-space exhausted
[2020-08-01T12:33:00.573+0300][31.782s][info ][gc] GC(1197) Pause Young (Normal) (G1 Evacuation Pause) 503M->510M(512M) 28.181ms
[2020-08-01T12:33:00.583+0300][31.793s][info ][gc] GC(1198) To-space exhausted
[2020-08-01T12:33:00.583+0300][31.793s][info ][gc] GC(1198) Pause Young (Concurrent Start) (G1 Evacuation Pause) 511M->511M(512M) 8.836ms
[2020-08-01T12:33:00.584+0300][31.793s][info ][gc] GC(1200) Concurrent Cycle
[2020-08-01T12:33:00.584+0300][31.793s][debug][gc] GC(1199) Clear Next Bitmap 0.426ms
[2020-08-01T12:33:00.621+0300][31.831s][info ][gc] GC(1199) Pause Full (G1 Evacuation Pause) 511M->62M(512M) 37.690ms
[2020-08-01T12:33:00.621+0300][31.831s][info ][gc] GC(1200) Concurrent Cycle 37.978ms
[2020-08-01T12:33:00.648+0300][31.858s][info ][gc] GC(1201) Pause Young (Normal) (G1 Evacuation Pause) 95M->95M(512M) 13.841ms
[2020-08-01T12:33:00.675+0300][31.884s][info ][gc] GC(1202) Pause Young (Normal) (G1 Evacuation Pause) 122M->123M(512M) 15.089ms
[2020-08-01T12:33:00.728+0300][31.937s][info ][gc] GC(1203) Pause Young (Normal) (G1 Evacuation Pause) 164M->166M(512M) 17.226ms
[2020-08-01T12:33:00.749+0300][31.959s][info ][gc] GC(1204) Pause Young (Normal) (G1 Evacuation Pause) 187M->189M(512M) 10.917ms
[2020-08-01T12:33:00.768+0300][31.977s][info ][gc] GC(1205) Pause Young (Normal) (G1 Evacuation Pause) 210M->212M(512M) 10.144ms
[2020-08-01T12:33:00.787+0300][31.996s][info ][gc] GC(1206) Pause Young (Normal) (G1 Evacuation Pause) 233M->234M(512M) 10.536ms
[2020-08-01T12:33:00.806+0300][32.015s][info ][gc] GC(1207) Pause Young (Concurrent Start) (G1 Evacuation Pause) 255M->256M(512M) 10.240ms
[2020-08-01T12:33:00.806+0300][32.015s][info ][gc] GC(1208) Concurrent Cycle
[2020-08-01T12:33:00.825+0300][32.034s][info ][gc] GC(1209) Pause Young (Normal) (G1 Evacuation Pause) 277M->278M(512M) 10.580ms
[2020-08-01T12:33:00.871+0300][32.081s][info ][gc] GC(1210) Pause Young (Normal) (G1 Evacuation Pause) 319M->320M(512M) 9.803ms
[2020-08-01T12:33:00.890+0300][32.100s][info ][gc] GC(1211) Pause Young (Normal) (G1 Evacuation Pause) 341M->343M(512M) 10.373ms
[2020-08-01T12:33:00.910+0300][32.120s][info ][gc] GC(1212) Pause Young (Normal) (G1 Evacuation Pause) 364M->365M(512M) 11.078ms
[2020-08-01T12:33:00.931+0300][32.140s][info ][gc] GC(1213) Pause Young (Normal) (G1 Evacuation Pause) 386M->388M(512M) 11.553ms
[2020-08-01T12:33:00.949+0300][32.159s][info ][gc] GC(1214) Pause Young (Normal) (G1 Evacuation Pause) 409M->410M(512M) 10.058ms
[2020-08-01T12:33:00.960+0300][32.169s][debug][gc] GC(1208) Reclaimed 125 empty regions
[2020-08-01T12:33:00.960+0300][32.169s][info ][gc] GC(1208) Pause Remark 423M->301M(512M) 0.438ms
[2020-08-01T12:33:00.993+0300][32.202s][info ][gc] GC(1215) Pause Young (Normal) (G1 Evacuation Pause) 329M->330M(512M) 11.787ms
[2020-08-01T12:33:01.021+0300][32.230s][info ][gc] GC(1216) Pause Young (Normal) (G1 Evacuation Pause) 351M->352M(512M) 11.219ms
[2020-08-01T12:33:01.048+0300][32.257s][info ][gc] GC(1217) Pause Young (Normal) (G1 Evacuation Pause) 373M->375M(512M) 11.222ms
[2020-08-01T12:33:01.072+0300][32.281s][info ][gc] GC(1218) Pause Young (Normal) (G1 Evacuation Pause) 396M->397M(512M) 10.461ms
[2020-08-01T12:33:01.100+0300][32.309s][info ][gc] GC(1219) Pause Young (Normal) (G1 Evacuation Pause) 418M->420M(512M) 10.676ms
[2020-08-01T12:33:01.126+0300][32.335s][info ][gc] GC(1220) Pause Young (Normal) (G1 Evacuation Pause) 441M->442M(512M) 10.927ms
[2020-08-01T12:33:01.156+0300][32.365s][info ][gc] GC(1208) Pause Cleanup 477M->477M(512M) 0.120ms
[2020-08-01T12:33:01.156+0300][32.366s][info ][gc] GC(1208) Concurrent Cycle 350.571ms
[2020-08-01T12:33:01.169+0300][32.378s][info ][gc] GC(1221) Pause Young (Normal) (G1 Evacuation Pause) 483M->484M(512M) 10.650ms
[2020-08-01T12:33:01.209+0300][32.418s][info ][gc] GC(1222) To-space exhausted
[2020-08-01T12:33:01.209+0300][32.418s][info ][gc] GC(1222) Pause Young (Concurrent Start) (G1 Evacuation Pause) 505M->510M(512M) 31.422ms
[2020-08-01T12:33:01.209+0300][32.418s][info ][gc] GC(1223) Concurrent Cycle
[2020-08-01T12:33:01.217+0300][32.427s][info ][gc] GC(1224) To-space exhausted
[2020-08-01T12:33:01.217+0300][32.427s][info ][gc] GC(1224) Pause Young (Normal) (G1 Evacuation Pause) 511M->511M(512M) 5.427ms
[2020-08-01T12:33:01.218+0300][32.427s][debug][gc] GC(1225) Clear Next Bitmap 0.319ms
[2020-08-01T12:33:01.256+0300][32.465s][info ][gc] GC(1225) Pause Full (G1 Evacuation Pause) 511M->62M(512M) 38.255ms
[2020-08-01T12:33:01.256+0300][32.465s][info ][gc] GC(1223) Concurrent Cycle 47.395ms
[2020-08-01T12:33:01.277+0300][32.486s][info ][gc] GC(1226) Pause Young (Normal) (G1 Evacuation Pause) 88M->88M(512M) 10.478ms
[2020-08-01T12:33:01.298+0300][32.507s][info ][gc] GC(1227) Pause Young (Normal) (G1 Evacuation Pause) 112M->113M(512M) 11.759ms
[2020-08-01T12:33:01.317+0300][32.527s][info ][gc] GC(1228) Pause Young (Normal) (G1 Evacuation Pause) 134M->135M(512M) 10.607ms
[2020-08-01T12:33:01.390+0300][32.599s][info ][gc] GC(1229) Pause Young (Normal) (G1 Evacuation Pause) 176M->178M(512M) 20.760ms
[2020-08-01T12:33:01.412+0300][32.621s][info ][gc] GC(1230) Pause Young (Normal) (G1 Evacuation Pause) 199M->201M(512M) 11.048ms
[2020-08-01T12:33:01.431+0300][32.640s][info ][gc] GC(1231) Pause Young (Normal) (G1 Evacuation Pause) 222M->224M(512M) 10.287ms
[2020-08-01T12:33:01.450+0300][32.659s][info ][gc] GC(1232) Pause Young (Normal) (G1 Evacuation Pause) 245M->246M(512M) 10.430ms
[2020-08-01T12:33:01.469+0300][32.678s][info ][gc] GC(1233) Pause Young (Concurrent Start) (G1 Evacuation Pause) 267M->269M(512M) 10.611ms
[2020-08-01T12:33:01.469+0300][32.678s][info ][gc] GC(1234) Concurrent Cycle
[2020-08-01T12:33:01.508+0300][32.717s][info ][gc] GC(1235) Pause Young (Normal) (G1 Evacuation Pause) 310M->311M(512M) 10.819ms
[2020-08-01T12:33:01.527+0300][32.736s][info ][gc] GC(1236) Pause Young (Normal) (G1 Evacuation Pause) 332M->334M(512M) 10.476ms
[2020-08-01T12:33:01.547+0300][32.756s][info ][gc] GC(1237) Pause Young (Normal) (G1 Evacuation Pause) 355M->357M(512M) 10.878ms
[2020-08-01T12:33:01.566+0300][32.775s][info ][gc] GC(1238) Pause Young (Normal) (G1 Evacuation Pause) 378M->379M(512M) 10.335ms
[2020-08-01T12:33:01.585+0300][32.794s][info ][gc] GC(1239) Pause Young (Normal) (G1 Evacuation Pause) 400M->402M(512M) 10.191ms
[2020-08-01T12:33:01.604+0300][32.813s][info ][gc] GC(1240) Pause Young (Normal) (G1 Evacuation Pause) 423M->425M(512M) 9.999ms
[2020-08-01T12:33:01.623+0300][32.833s][debug][gc] GC(1234) Reclaimed 132 empty regions
[2020-08-01T12:33:01.623+0300][32.833s][info ][gc] GC(1234) Pause Remark 458M->328M(512M) 0.458ms
[2020-08-01T12:33:01.638+0300][32.848s][info ][gc] GC(1241) Pause Young (Normal) (G1 Evacuation Pause) 336M->337M(512M) 11.252ms
[2020-08-01T12:33:01.667+0300][32.877s][info ][gc] GC(1242) Pause Young (Normal) (G1 Evacuation Pause) 358M->359M(512M) 11.967ms
[2020-08-01T12:33:01.694+0300][32.904s][info ][gc] GC(1243) Pause Young (Normal) (G1 Evacuation Pause) 380M->382M(512M) 10.547ms
[2020-08-01T12:33:01.718+0300][32.927s][info ][gc] GC(1244) Pause Young (Normal) (G1 Evacuation Pause) 403M->405M(512M) 10.617ms
[2020-08-01T12:33:01.746+0300][32.955s][info ][gc] GC(1245) Pause Young (Normal) (G1 Evacuation Pause) 426M->427M(512M) 10.587ms
[2020-08-01T12:33:01.788+0300][32.998s][info ][gc] GC(1246) Pause Young (Normal) (G1 Evacuation Pause) 468M->469M(512M) 10.401ms
[2020-08-01T12:33:01.818+0300][33.028s][info ][gc] GC(1247) To-space exhausted
[2020-08-01T12:33:01.818+0300][33.028s][info ][gc] GC(1247) Pause Young (Normal) (G1 Evacuation Pause) 490M->498M(512M) 15.231ms
[2020-08-01T12:33:01.856+0300][33.065s][info ][gc] GC(1248) To-space exhausted
[2020-08-01T12:33:01.856+0300][33.066s][info ][gc] GC(1248) Pause Young (Normal) (G1 Evacuation Pause) 511M->511M(512M) 25.068ms
[2020-08-01T12:33:01.857+0300][33.066s][debug][gc] GC(1249) Clear Next Bitmap 0.300ms
[2020-08-01T12:33:01.894+0300][33.103s][info ][gc] GC(1249) Pause Full (G1 Evacuation Pause) 511M->65M(512M) 37.450ms
[2020-08-01T12:33:01.894+0300][33.103s][info ][gc] GC(1234) Concurrent Cycle 425.119ms
[2020-08-01T12:33:01.914+0300][33.124s][info ][gc] GC(1250) Pause Young (Normal) (G1 Evacuation Pause) 90M->90M(512M) 10.454ms
[2020-08-01T12:33:01.934+0300][33.143s][info ][gc] GC(1251) Pause Young (Normal) (G1 Evacuation Pause) 112M->114M(512M) 10.503ms
[2020-08-01T12:33:01.952+0300][33.161s][info ][gc] GC(1252) Pause Young (Normal) (G1 Evacuation Pause) 135M->136M(512M) 10.093ms
[2020-08-01T12:33:02.028+0300][33.237s][info ][gc] GC(1253) Pause Young (Normal) (G1 Evacuation Pause) 177M->179M(512M) 18.202ms
[2020-08-01T12:33:02.053+0300][33.262s][info ][gc] GC(1254) Pause Young (Normal) (G1 Evacuation Pause) 200M->202M(512M) 13.341ms
[2020-08-01T12:33:02.072+0300][33.282s][info ][gc] GC(1255) Pause Young (Normal) (G1 Evacuation Pause) 223M->224M(512M) 10.306ms
[2020-08-01T12:33:02.091+0300][33.300s][info ][gc] GC(1256) Pause Young (Normal) (G1 Evacuation Pause) 245M->247M(512M) 10.386ms
[2020-08-01T12:33:02.110+0300][33.319s][info ][gc] GC(1257) Pause Young (Concurrent Start) (G1 Evacuation Pause) 268M->269M(512M) 10.344ms
[2020-08-01T12:33:02.110+0300][33.319s][info ][gc] GC(1258) Concurrent Cycle
[2020-08-01T12:33:02.146+0300][33.355s][info ][gc] GC(1259) Pause Young (Normal) (G1 Evacuation Pause) 310M->312M(512M) 10.275ms
[2020-08-01T12:33:02.165+0300][33.374s][info ][gc] GC(1260) Pause Young (Normal) (G1 Evacuation Pause) 333M->334M(512M) 10.332ms
[2020-08-01T12:33:02.183+0300][33.393s][info ][gc] GC(1261) Pause Young (Normal) (G1 Evacuation Pause) 355M->356M(512M) 10.032ms
[2020-08-01T12:33:02.203+0300][33.412s][info ][gc] GC(1262) Pause Young (Normal) (G1 Evacuation Pause) 377M->379M(512M) 10.555ms
[2020-08-01T12:33:02.222+0300][33.431s][info ][gc] GC(1263) Pause Young (Normal) (G1 Evacuation Pause) 400M->401M(512M) 10.210ms
[2020-08-01T12:33:02.243+0300][33.452s][info ][gc] GC(1264) Pause Young (Normal) (G1 Evacuation Pause) 422M->424M(512M) 11.972ms
[2020-08-01T12:33:02.264+0300][33.473s][debug][gc] GC(1258) Reclaimed 134 empty regions
[2020-08-01T12:33:02.264+0300][33.473s][info ][gc] GC(1258) Pause Remark 426M->295M(512M) 0.415ms
[2020-08-01T12:33:02.290+0300][33.500s][info ][gc] GC(1265) Pause Young (Normal) (G1 Evacuation Pause) 334M->336M(512M) 10.718ms
[2020-08-01T12:33:02.316+0300][33.525s][info ][gc] GC(1266) Pause Young (Normal) (G1 Evacuation Pause) 357M->359M(512M) 10.463ms
[2020-08-01T12:33:02.341+0300][33.551s][info ][gc] GC(1267) Pause Young (Normal) (G1 Evacuation Pause) 380M->381M(512M) 10.337ms
[2020-08-01T12:33:02.368+0300][33.578s][info ][gc] GC(1268) Pause Young (Normal) (G1 Evacuation Pause) 402M->403M(512M) 11.907ms
[2020-08-01T12:33:02.395+0300][33.604s][info ][gc] GC(1269) Pause Young (Normal) (G1 Evacuation Pause) 424M->426M(512M) 10.589ms
[2020-08-01T12:33:02.442+0300][33.652s][info ][gc] GC(1270) Pause Young (Normal) (G1 Evacuation Pause) 467M->468M(512M) 11.125ms
[2020-08-01T12:33:02.472+0300][33.681s][info ][gc] GC(1271) To-space exhausted
[2020-08-01T12:33:02.472+0300][33.681s][info ][gc] GC(1271) Pause Young (Normal) (G1 Evacuation Pause) 489M->494M(512M) 13.732ms
[2020-08-01T12:33:02.477+0300][33.687s][info ][gc] GC(1258) Pause Cleanup 495M->495M(512M) 0.125ms
[2020-08-01T12:33:02.478+0300][33.687s][info ][gc] GC(1258) Concurrent Cycle 367.990ms
[2020-08-01T12:33:02.516+0300][33.726s][info ][gc] GC(1272) To-space exhausted
[2020-08-01T12:33:02.516+0300][33.726s][info ][gc] GC(1272) Pause Young (Normal) (G1 Evacuation Pause) 511M->511M(512M) 31.845ms
[2020-08-01T12:33:02.557+0300][33.766s][info ][gc] GC(1273) Pause Full (G1 Evacuation Pause) 511M->68M(512M) 40.489ms
[2020-08-01T12:33:02.578+0300][33.787s][info ][gc] GC(1274) Pause Young (Normal) (G1 Evacuation Pause) 93M->94M(512M) 10.578ms
[2020-08-01T12:33:02.597+0300][33.807s][info ][gc] GC(1275) Pause Young (Normal) (G1 Evacuation Pause) 116M->117M(512M) 10.398ms
[2020-08-01T12:33:02.650+0300][33.859s][info ][gc] GC(1276) Pause Young (Normal) (G1 Evacuation Pause) 158M->159M(512M) 16.935ms
[2020-08-01T12:33:02.671+0300][33.880s][info ][gc] GC(1277) Pause Young (Normal) (G1 Evacuation Pause) 180M->182M(512M) 10.700ms
[2020-08-01T12:33:02.690+0300][33.899s][info ][gc] GC(1278) Pause Young (Normal) (G1 Evacuation Pause) 203M->204M(512M) 10.485ms
[2020-08-01T12:33:02.709+0300][33.918s][info ][gc] GC(1279) Pause Young (Normal) (G1 Evacuation Pause) 225M->226M(512M) 10.604ms
[2020-08-01T12:33:02.729+0300][33.939s][info ][gc] GC(1280) Pause Young (Normal) (G1 Evacuation Pause) 247M->249M(512M) 12.113ms
[2020-08-01T12:33:02.748+0300][33.957s][info ][gc] GC(1281) Pause Young (Concurrent Start) (G1 Evacuation Pause) 270M->271M(512M) 10.214ms
[2020-08-01T12:33:02.748+0300][33.957s][info ][gc] GC(1282) Concurrent Cycle
[2020-08-01T12:33:02.786+0300][33.995s][info ][gc] GC(1283) Pause Young (Normal) (G1 Evacuation Pause) 312M->314M(512M) 10.465ms
[2020-08-01T12:33:02.805+0300][34.014s][info ][gc] GC(1284) Pause Young (Normal) (G1 Evacuation Pause) 335M->336M(512M) 10.297ms
[2020-08-01T12:33:02.824+0300][34.033s][info ][gc] GC(1285) Pause Young (Normal) (G1 Evacuation Pause) 357M->358M(512M) 10.368ms
[2020-08-01T12:33:02.843+0300][34.052s][info ][gc] GC(1286) Pause Young (Normal) (G1 Evacuation Pause) 379M->381M(512M) 10.179ms
[2020-08-01T12:33:02.862+0300][34.071s][info ][gc] GC(1287) Pause Young (Normal) (G1 Evacuation Pause) 402M->403M(512M) 10.552ms
[2020-08-01T12:33:02.893+0300][34.103s][debug][gc] GC(1282) Reclaimed 130 empty regions
[2020-08-01T12:33:02.893+0300][34.103s][info ][gc] GC(1282) Pause Remark 443M->315M(512M) 0.530ms
[2020-08-01T12:33:02.909+0300][34.118s][info ][gc] GC(1288) Pause Young (Normal) (G1 Evacuation Pause) 316M->318M(512M) 12.337ms
[2020-08-01T12:33:02.933+0300][34.143s][info ][gc] GC(1289) Pause Young (Normal) (G1 Evacuation Pause) 339M->341M(512M) 10.847ms
[2020-08-01T12:33:02.956+0300][34.165s][info ][gc] GC(1290) Pause Young (Normal) (G1 Evacuation Pause) 362M->363M(512M) 11.254ms
[2020-08-01T12:33:02.983+0300][34.192s][info ][gc] GC(1291) Pause Young (Normal) (G1 Evacuation Pause) 384M->386M(512M) 10.349ms
[2020-08-01T12:33:03.008+0300][34.217s][info ][gc] GC(1292) Pause Young (Normal) (G1 Evacuation Pause) 407M->408M(512M) 10.840ms
[2020-08-01T12:33:03.035+0300][34.245s][info ][gc] GC(1293) Pause Young (Normal) (G1 Evacuation Pause) 429M->430M(512M) 12.041ms
[2020-08-01T12:33:03.083+0300][34.293s][info ][gc] GC(1294) Pause Young (Normal) (G1 Evacuation Pause) 471M->473M(512M) 10.348ms
[2020-08-01T12:33:03.116+0300][34.326s][info ][gc] GC(1295) To-space exhausted
[2020-08-01T12:33:03.116+0300][34.326s][info ][gc] GC(1295) Pause Young (Normal) (G1 Evacuation Pause) 494M->502M(512M) 18.655ms
[2020-08-01T12:33:03.124+0300][34.333s][info ][gc] GC(1282) Pause Cleanup 505M->505M(512M) 0.209ms
[2020-08-01T12:33:03.125+0300][34.334s][info ][gc] GC(1282) Concurrent Cycle 376.684ms
[2020-08-01T12:33:03.147+0300][34.356s][info ][gc] GC(1296) To-space exhausted
[2020-08-01T12:33:03.147+0300][34.356s][info ][gc] GC(1296) Pause Young (Normal) (G1 Evacuation Pause) 511M->511M(512M) 19.801ms
[2020-08-01T12:33:03.184+0300][34.394s][info ][gc] GC(1297) Pause Full (G1 Evacuation Pause) 511M->64M(512M) 37.367ms
[2020-08-01T12:33:03.208+0300][34.418s][info ][gc] GC(1298) Pause Young (Normal) (G1 Evacuation Pause) 93M->93M(512M) 12.038ms
[2020-08-01T12:33:03.232+0300][34.441s][info ][gc] GC(1299) Pause Young (Normal) (G1 Evacuation Pause) 118M->120M(512M) 13.736ms
[2020-08-01T12:33:03.265+0300][34.474s][info ][gc] GC(1300) Pause Young (Normal) (G1 Evacuation Pause) 161M->163M(512M) 10.474ms
[2020-08-01T12:33:03.284+0300][34.493s][info ][gc] GC(1301) Pause Young (Normal) (G1 Evacuation Pause) 184M->185M(512M) 10.230ms
[2020-08-01T12:33:03.302+0300][34.511s][info ][gc] GC(1302) Pause Young (Normal) (G1 Evacuation Pause) 206M->207M(512M) 10.108ms
[2020-08-01T12:33:03.321+0300][34.530s][info ][gc] GC(1303) Pause Young (Normal) (G1 Evacuation Pause) 228M->229M(512M) 10.345ms
[2020-08-01T12:33:03.340+0300][34.549s][info ][gc] GC(1304) Pause Young (Normal) (G1 Evacuation Pause) 250M->251M(512M) 10.370ms
[2020-08-01T12:33:03.360+0300][34.569s][info ][gc] GC(1305) Pause Young (Concurrent Start) (G1 Evacuation Pause) 272M->273M(512M) 11.075ms
[2020-08-01T12:33:03.360+0300][34.569s][info ][gc] GC(1306) Concurrent Cycle
[2020-08-01T12:33:03.398+0300][34.607s][info ][gc] GC(1307) Pause Young (Normal) (G1 Evacuation Pause) 314M->316M(512M) 13.181ms
[2020-08-01T12:33:03.417+0300][34.626s][info ][gc] GC(1308) Pause Young (Normal) (G1 Evacuation Pause) 337M->338M(512M) 10.113ms
[2020-08-01T12:33:03.436+0300][34.645s][info ][gc] GC(1309) Pause Young (Normal) (G1 Evacuation Pause) 359M->361M(512M) 10.105ms
[2020-08-01T12:33:03.455+0300][34.665s][info ][gc] GC(1310) Pause Young (Normal) (G1 Evacuation Pause) 382M->382M(512M) 10.441ms
[2020-08-01T12:33:03.474+0300][34.684s][info ][gc] GC(1311) Pause Young (Normal) (G1 Evacuation Pause) 403M->405M(512M) 10.467ms
[2020-08-01T12:33:03.515+0300][34.725s][info ][gc] GC(1312) Pause Young (Normal) (G1 Evacuation Pause) 446M->447M(512M) 10.740ms
[2020-08-01T12:33:03.522+0300][34.731s][debug][gc] GC(1306) Reclaimed 127 empty regions
[2020-08-01T12:33:03.522+0300][34.731s][info ][gc] GC(1306) Pause Remark 461M->335M(512M) 0.621ms
[2020-08-01T12:33:03.536+0300][34.746s][info ][gc] GC(1313) Pause Young (Normal) (G1 Evacuation Pause) 343M->345M(512M) 11.137ms
[2020-08-01T12:33:03.563+0300][34.772s][info ][gc] GC(1314) Pause Young (Normal) (G1 Evacuation Pause) 366M->367M(512M) 10.615ms
[2020-08-01T12:33:03.588+0300][34.797s][info ][gc] GC(1315) Pause Young (Normal) (G1 Evacuation Pause) 388M->390M(512M) 10.283ms
[2020-08-01T12:33:03.613+0300][34.823s][info ][gc] GC(1316) Pause Young (Normal) (G1 Evacuation Pause) 411M->413M(512M) 10.494ms
[2020-08-01T12:33:03.638+0300][34.847s][info ][gc] GC(1317) Pause Young (Normal) (G1 Evacuation Pause) 434M->435M(512M) 10.304ms
[2020-08-01T12:33:03.691+0300][34.901s][info ][gc] GC(1318) Pause Young (Normal) (G1 Evacuation Pause) 476M->478M(512M) 10.626ms
[2020-08-01T12:33:03.731+0300][34.940s][info ][gc] GC(1319) To-space exhausted
[2020-08-01T12:33:03.731+0300][34.940s][info ][gc] GC(1319) Pause Young (Normal) (G1 Evacuation Pause) 499M->506M(512M) 23.540ms
[2020-08-01T12:33:03.756+0300][34.966s][info ][gc] GC(1320) To-space exhausted
[2020-08-01T12:33:03.756+0300][34.966s][info ][gc] GC(1320) Pause Young (Normal) (G1 Evacuation Pause) 511M->511M(512M) 14.080ms
[2020-08-01T12:33:03.757+0300][34.966s][debug][gc] GC(1321) Clear Next Bitmap 0.317ms
[2020-08-01T12:33:03.798+0300][35.008s][info ][gc] GC(1321) Pause Full (G1 Evacuation Pause) 511M->63M(512M) 41.825ms
[2020-08-01T12:33:03.799+0300][35.008s][info ][gc] GC(1306) Concurrent Cycle 438.914ms
[2020-08-01T12:33:03.819+0300][35.029s][info ][gc] GC(1322) Pause Young (Normal) (G1 Evacuation Pause) 90M->90M(512M) 10.149ms
[2020-08-01T12:33:03.841+0300][35.050s][info ][gc] GC(1323) Pause Young (Normal) (G1 Evacuation Pause) 115M->116M(512M) 11.748ms
[2020-08-01T12:33:03.887+0300][35.096s][info ][gc] GC(1324) Pause Young (Normal) (G1 Evacuation Pause) 158M->160M(512M) 11.279ms
[2020-08-01T12:33:03.907+0300][35.116s][info ][gc] GC(1325) Pause Young (Normal) (G1 Evacuation Pause) 181M->182M(512M) 11.334ms
[2020-08-01T12:33:03.926+0300][35.135s][info ][gc] GC(1326) Pause Young (Normal) (G1 Evacuation Pause) 203M->204M(512M) 10.820ms
[2020-08-01T12:33:03.945+0300][35.155s][info ][gc] GC(1327) Pause Young (Normal) (G1 Evacuation Pause) 225M->227M(512M) 10.632ms
[2020-08-01T12:33:03.964+0300][35.173s][info ][gc] GC(1328) Pause Young (Normal) (G1 Evacuation Pause) 248M->249M(512M) 10.424ms
[2020-08-01T12:33:03.983+0300][35.192s][info ][gc] GC(1329) Pause Young (Concurrent Start) (G1 Evacuation Pause) 270M->271M(512M) 10.554ms
[2020-08-01T12:33:03.983+0300][35.192s][info ][gc] GC(1330) Concurrent Cycle
[2020-08-01T12:33:04.032+0300][35.241s][info ][gc] GC(1331) Pause Young (Normal) (G1 Evacuation Pause) 312M->314M(512M) 12.297ms
[2020-08-01T12:33:04.051+0300][35.260s][info ][gc] GC(1332) Pause Young (Normal) (G1 Evacuation Pause) 335M->336M(512M) 10.410ms
[2020-08-01T12:33:04.070+0300][35.280s][info ][gc] GC(1333) Pause Young (Normal) (G1 Evacuation Pause) 357M->358M(512M) 10.659ms
[2020-08-01T12:33:04.090+0300][35.300s][info ][gc] GC(1334) Pause Young (Normal) (G1 Evacuation Pause) 379M->380M(512M) 10.841ms
[2020-08-01T12:33:04.109+0300][35.319s][info ][gc] GC(1335) Pause Young (Normal) (G1 Evacuation Pause) 401M->403M(512M) 10.488ms
[2020-08-01T12:33:04.131+0300][35.340s][debug][gc] GC(1330) Reclaimed 134 empty regions
[2020-08-01T12:33:04.131+0300][35.340s][info ][gc] GC(1330) Pause Remark 422M->291M(512M) 0.414ms
[2020-08-01T12:33:04.150+0300][35.360s][info ][gc] GC(1336) Pause Young (Normal) (G1 Evacuation Pause) 312M->314M(512M) 10.317ms
[2020-08-01T12:33:04.177+0300][35.386s][info ][gc] GC(1337) Pause Young (Normal) (G1 Evacuation Pause) 335M->336M(512M) 10.571ms
[2020-08-01T12:33:04.202+0300][35.411s][info ][gc] GC(1338) Pause Young (Normal) (G1 Evacuation Pause) 357M->359M(512M) 10.595ms
[2020-08-01T12:33:04.227+0300][35.436s][info ][gc] GC(1339) Pause Young (Normal) (G1 Evacuation Pause) 380M->381M(512M) 10.331ms
[2020-08-01T12:33:04.252+0300][35.462s][info ][gc] GC(1340) Pause Young (Normal) (G1 Evacuation Pause) 402M->404M(512M) 10.469ms
[2020-08-01T12:33:04.277+0300][35.486s][info ][gc] GC(1341) Pause Young (Normal) (G1 Evacuation Pause) 425M->427M(512M) 10.507ms
[2020-08-01T12:33:04.327+0300][35.537s][info ][gc] GC(1342) Pause Young (Normal) (G1 Evacuation Pause) 468M->469M(512M) 10.581ms
[2020-08-01T12:33:04.333+0300][35.542s][info ][gc] GC(1330) Pause Cleanup 478M->478M(512M) 0.120ms
[2020-08-01T12:33:04.333+0300][35.543s][info ][gc] GC(1330) Concurrent Cycle 350.583ms
[2020-08-01T12:33:04.352+0300][35.562s][info ][gc] GC(1343) To-space exhausted
[2020-08-01T12:33:04.352+0300][35.562s][info ][gc] GC(1343) Pause Young (Normal) (G1 Evacuation Pause) 490M->497M(512M) 14.027ms
[2020-08-01T12:33:04.387+0300][35.596s][info ][gc] GC(1344) To-space exhausted
[2020-08-01T12:33:04.387+0300][35.596s][info ][gc] GC(1344) Pause Young (Concurrent Start) (G1 Evacuation Pause) 511M->511M(512M) 28.607ms
[2020-08-01T12:33:04.387+0300][35.596s][info ][gc] GC(1346) Concurrent Cycle
[2020-08-01T12:33:04.387+0300][35.597s][debug][gc] GC(1345) Clear Next Bitmap 0.386ms
[2020-08-01T12:33:04.430+0300][35.639s][info ][gc] GC(1345) Pause Full (G1 Evacuation Pause) 511M->69M(512M) 43.364ms
[2020-08-01T12:33:04.430+0300][35.640s][info ][gc] GC(1346) Concurrent Cycle 43.651ms
[2020-08-01T12:33:04.454+0300][35.663s][info ][gc] GC(1347) Pause Young (Normal) (G1 Evacuation Pause) 98M->99M(512M) 12.358ms
[2020-08-01T12:33:04.477+0300][35.687s][info ][gc] GC(1348) Pause Young (Normal) (G1 Evacuation Pause) 125M->126M(512M) 12.674ms
[2020-08-01T12:33:04.511+0300][35.720s][info ][gc] GC(1349) Pause Young (Normal) (G1 Evacuation Pause) 167M->168M(512M) 10.852ms
[2020-08-01T12:33:04.530+0300][35.739s][info ][gc] GC(1350) Pause Young (Normal) (G1 Evacuation Pause) 189M->190M(512M) 10.742ms
[2020-08-01T12:33:04.549+0300][35.759s][info ][gc] GC(1351) Pause Young (Normal) (G1 Evacuation Pause) 211M->213M(512M) 10.353ms
[2020-08-01T12:33:04.568+0300][35.777s][info ][gc] GC(1352) Pause Young (Normal) (G1 Evacuation Pause) 234M->235M(512M) 10.245ms
[2020-08-01T12:33:04.587+0300][35.796s][info ][gc] GC(1353) Pause Young (Concurrent Start) (G1 Evacuation Pause) 256M->258M(512M) 10.324ms
[2020-08-01T12:33:04.587+0300][35.796s][info ][gc] GC(1354) Concurrent Cycle
[2020-08-01T12:33:04.605+0300][35.815s][info ][gc] GC(1355) Pause Young (Normal) (G1 Evacuation Pause) 279M->280M(512M) 10.149ms
[2020-08-01T12:33:04.642+0300][35.851s][info ][gc] GC(1356) Pause Young (Normal) (G1 Evacuation Pause) 322M->323M(512M) 10.396ms
[2020-08-01T12:33:04.663+0300][35.872s][info ][gc] GC(1357) Pause Young (Normal) (G1 Evacuation Pause) 345M->347M(512M) 10.755ms
[2020-08-01T12:33:04.682+0300][35.891s][info ][gc] GC(1358) Pause Young (Normal) (G1 Evacuation Pause) 369M->370M(512M) 10.229ms
[2020-08-01T12:33:04.702+0300][35.911s][info ][gc] GC(1359) Pause Young (Normal) (G1 Evacuation Pause) 392M->394M(512M) 10.322ms
[2020-08-01T12:33:04.721+0300][35.930s][info ][gc] GC(1360) Pause Young (Normal) (G1 Evacuation Pause) 415M->416M(512M) 10.500ms
[2020-08-01T12:33:04.733+0300][35.942s][debug][gc] GC(1354) Reclaimed 127 empty regions
[2020-08-01T12:33:04.733+0300][35.942s][info ][gc] GC(1354) Pause Remark 422M->298M(512M) 0.423ms
[2020-08-01T12:33:04.764+0300][35.973s][info ][gc] GC(1361) Pause Young (Normal) (G1 Evacuation Pause) 332M->334M(512M) 11.322ms
[2020-08-01T12:33:04.792+0300][36.001s][info ][gc] GC(1362) Pause Young (Normal) (G1 Evacuation Pause) 355M->356M(512M) 10.611ms
[2020-08-01T12:33:04.819+0300][36.028s][info ][gc] GC(1363) Pause Young (Normal) (G1 Evacuation Pause) 377M->378M(512M) 10.714ms
[2020-08-01T12:33:04.845+0300][36.054s][info ][gc] GC(1364) Pause Young (Normal) (G1 Evacuation Pause) 399M->400M(512M) 10.502ms
[2020-08-01T12:33:04.870+0300][36.079s][info ][gc] GC(1365) Pause Young (Normal) (G1 Evacuation Pause) 421M->422M(512M) 10.668ms
[2020-08-01T12:33:04.914+0300][36.123s][info ][gc] GC(1366) Pause Young (Normal) (G1 Evacuation Pause) 463M->465M(512M) 11.184ms
[2020-08-01T12:33:04.940+0300][36.150s][info ][gc] GC(1367) To-space exhausted
[2020-08-01T12:33:04.940+0300][36.150s][info ][gc] GC(1367) Pause Young (Normal) (G1 Evacuation Pause) 486M->488M(512M) 11.891ms
[2020-08-01T12:33:04.945+0300][36.155s][info ][gc] GC(1354) Pause Cleanup 489M->489M(512M) 0.114ms
[2020-08-01T12:33:04.946+0300][36.155s][info ][gc] GC(1354) Concurrent Cycle 359.016ms
[2020-08-01T12:33:04.988+0300][36.197s][info ][gc] GC(1368) To-space exhausted
[2020-08-01T12:33:04.988+0300][36.197s][info ][gc] GC(1368) Pause Young (Normal) (G1 Evacuation Pause) 509M->511M(512M) 33.904ms
[2020-08-01T12:33:05.027+0300][36.237s][info ][gc] GC(1369) Pause Full (G1 Evacuation Pause) 511M->68M(512M) 39.039ms
[2020-08-01T12:33:05.051+0300][36.261s][info ][gc] GC(1370) Pause Young (Normal) (G1 Evacuation Pause) 96M->96M(512M) 12.687ms
[2020-08-01T12:33:05.072+0300][36.282s][info ][gc] GC(1371) Pause Young (Normal) (G1 Evacuation Pause) 120M->121M(512M) 11.621ms
[2020-08-01T12:33:05.118+0300][36.328s][info ][gc] GC(1372) Pause Young (Normal) (G1 Evacuation Pause) 162M->164M(512M) 10.655ms
[2020-08-01T12:33:05.138+0300][36.347s][info ][gc] GC(1373) Pause Young (Normal) (G1 Evacuation Pause) 185M->185M(512M) 10.390ms
[2020-08-01T12:33:05.157+0300][36.366s][info ][gc] GC(1374) Pause Young (Normal) (G1 Evacuation Pause) 206M->208M(512M) 10.492ms
[2020-08-01T12:33:05.175+0300][36.385s][info ][gc] GC(1375) Pause Young (Normal) (G1 Evacuation Pause) 229M->230M(512M) 10.445ms
[2020-08-01T12:33:05.194+0300][36.404s][info ][gc] GC(1376) Pause Young (Normal) (G1 Evacuation Pause) 251M->253M(512M) 10.329ms
[2020-08-01T12:33:05.213+0300][36.422s][info ][gc] GC(1377) Pause Young (Concurrent Start) (G1 Evacuation Pause) 274M->275M(512M) 10.406ms
[2020-08-01T12:33:05.213+0300][36.422s][info ][gc] GC(1378) Concurrent Cycle
[2020-08-01T12:33:05.248+0300][36.457s][info ][gc] GC(1379) Pause Young (Normal) (G1 Evacuation Pause) 316M->317M(512M) 10.559ms
[2020-08-01T12:33:05.267+0300][36.477s][info ][gc] GC(1380) Pause Young (Normal) (G1 Evacuation Pause) 338M->339M(512M) 10.705ms
[2020-08-01T12:33:05.286+0300][36.496s][info ][gc] GC(1381) Pause Young (Normal) (G1 Evacuation Pause) 360M->361M(512M) 10.446ms
[2020-08-01T12:33:05.306+0300][36.515s][info ][gc] GC(1382) Pause Young (Normal) (G1 Evacuation Pause) 382M->383M(512M) 10.401ms
[2020-08-01T12:33:05.325+0300][36.534s][info ][gc] GC(1383) Pause Young (Normal) (G1 Evacuation Pause) 404M->406M(512M) 10.785ms
[2020-08-01T12:33:05.369+0300][36.579s][info ][gc] GC(1384) Pause Young (Normal) (G1 Evacuation Pause) 447M->449M(512M) 12.101ms
[2020-08-01T12:33:05.377+0300][36.586s][debug][gc] GC(1378) Reclaimed 129 empty regions
[2020-08-01T12:33:05.377+0300][36.587s][info ][gc] GC(1378) Pause Remark 467M->340M(512M) 0.490ms
[2020-08-01T12:33:05.389+0300][36.599s][info ][gc] GC(1385) Pause Young (Normal) (G1 Evacuation Pause) 343M->345M(512M) 10.756ms
[2020-08-01T12:33:05.414+0300][36.624s][info ][gc] GC(1386) Pause Young (Normal) (G1 Evacuation Pause) 366M->367M(512M) 10.577ms
[2020-08-01T12:33:05.440+0300][36.649s][info ][gc] GC(1387) Pause Young (Normal) (G1 Evacuation Pause) 388M->390M(512M) 10.780ms
[2020-08-01T12:33:05.465+0300][36.675s][info ][gc] GC(1388) Pause Young (Normal) (G1 Evacuation Pause) 411M->412M(512M) 10.508ms
[2020-08-01T12:33:05.491+0300][36.700s][info ][gc] GC(1389) Pause Young (Normal) (G1 Evacuation Pause) 433M->435M(512M) 10.387ms
[2020-08-01T12:33:05.532+0300][36.742s][info ][gc] GC(1390) Pause Young (Normal) (G1 Evacuation Pause) 476M->478M(512M) 10.394ms
[2020-08-01T12:33:05.571+0300][36.781s][info ][gc] GC(1391) To-space exhausted
[2020-08-01T12:33:05.571+0300][36.781s][info ][gc] GC(1391) Pause Young (Normal) (G1 Evacuation Pause) 499M->506M(512M) 24.547ms
[2020-08-01T12:33:05.595+0300][36.804s][info ][gc] GC(1392) To-space exhausted
[2020-08-01T12:33:05.595+0300][36.804s][info ][gc] GC(1392) Pause Young (Normal) (G1 Evacuation Pause) 511M->511M(512M) 13.951ms
[2020-08-01T12:33:05.595+0300][36.805s][debug][gc] GC(1393) Clear Next Bitmap 0.335ms
[2020-08-01T12:33:05.632+0300][36.841s][info ][gc] GC(1393) Pause Full (G1 Evacuation Pause) 511M->64M(512M) 37.061ms
[2020-08-01T12:33:05.632+0300][36.841s][info ][gc] GC(1378) Concurrent Cycle 419.074ms
[2020-08-01T12:33:05.655+0300][36.864s][info ][gc] GC(1394) Pause Young (Normal) (G1 Evacuation Pause) 92M->93M(512M) 11.455ms
[2020-08-01T12:33:05.679+0300][36.888s][info ][gc] GC(1395) Pause Young (Normal) (G1 Evacuation Pause) 119M->120M(512M) 13.129ms
[2020-08-01T12:33:05.741+0300][36.950s][info ][gc] GC(1396) Pause Young (Normal) (G1 Evacuation Pause) 162M->164M(512M) 19.870ms
[2020-08-01T12:33:05.762+0300][36.971s][info ][gc] GC(1397) Pause Young (Normal) (G1 Evacuation Pause) 185M->186M(512M) 10.882ms
[2020-08-01T12:33:05.781+0300][36.990s][info ][gc] GC(1398) Pause Young (Normal) (G1 Evacuation Pause) 207M->208M(512M) 10.112ms
[2020-08-01T12:33:05.800+0300][37.009s][info ][gc] GC(1399) Pause Young (Normal) (G1 Evacuation Pause) 229M->231M(512M) 10.574ms
[2020-08-01T12:33:05.818+0300][37.027s][info ][gc] GC(1400) Pause Young (Concurrent Start) (G1 Evacuation Pause) 252M->253M(512M) 9.976ms
[2020-08-01T12:33:05.818+0300][37.027s][info ][gc] GC(1401) Concurrent Cycle
[2020-08-01T12:33:05.838+0300][37.047s][info ][gc] GC(1402) Pause Young (Normal) (G1 Evacuation Pause) 274M->275M(512M) 10.326ms
[2020-08-01T12:33:05.874+0300][37.084s][info ][gc] GC(1403) Pause Young (Normal) (G1 Evacuation Pause) 316M->318M(512M) 10.330ms
[2020-08-01T12:33:05.893+0300][37.103s][info ][gc] GC(1404) Pause Young (Normal) (G1 Evacuation Pause) 339M->340M(512M) 10.273ms
[2020-08-01T12:33:05.913+0300][37.122s][info ][gc] GC(1405) Pause Young (Normal) (G1 Evacuation Pause) 362M->364M(512M) 10.556ms
[2020-08-01T12:33:05.932+0300][37.142s][info ][gc] GC(1406) Pause Young (Normal) (G1 Evacuation Pause) 386M->387M(512M) 10.439ms
[2020-08-01T12:33:05.951+0300][37.161s][info ][gc] GC(1407) Pause Young (Normal) (G1 Evacuation Pause) 408M->409M(512M) 10.362ms
[2020-08-01T12:33:05.959+0300][37.168s][debug][gc] GC(1401) Reclaimed 131 empty regions
[2020-08-01T12:33:05.959+0300][37.168s][info ][gc] GC(1401) Pause Remark 423M->296M(512M) 0.451ms
[2020-08-01T12:33:05.991+0300][37.200s][info ][gc] GC(1408) Pause Young (Normal) (G1 Evacuation Pause) 323M->324M(512M) 10.495ms
[2020-08-01T12:33:06.017+0300][37.226s][info ][gc] GC(1409) Pause Young (Normal) (G1 Evacuation Pause) 345M->346M(512M) 10.601ms
[2020-08-01T12:33:06.043+0300][37.252s][info ][gc] GC(1410) Pause Young (Normal) (G1 Evacuation Pause) 367M->368M(512M) 11.687ms
[2020-08-01T12:33:06.069+0300][37.278s][info ][gc] GC(1411) Pause Young (Normal) (G1 Evacuation Pause) 389M->391M(512M) 10.561ms
[2020-08-01T12:33:06.094+0300][37.304s][info ][gc] GC(1412) Pause Young (Normal) (G1 Evacuation Pause) 412M->413M(512M) 10.887ms
[2020-08-01T12:33:06.119+0300][37.329s][info ][gc] GC(1413) Pause Young (Normal) (G1 Evacuation Pause) 434M->435M(512M) 11.191ms
[2020-08-01T12:33:06.150+0300][37.360s][info ][gc] GC(1401) Pause Cleanup 461M->461M(512M) 0.145ms
[2020-08-01T12:33:06.151+0300][37.360s][info ][gc] GC(1401) Concurrent Cycle 332.785ms
[2020-08-01T12:33:06.167+0300][37.376s][info ][gc] GC(1414) Pause Young (Normal) (G1 Evacuation Pause) 476M->478M(512M) 10.357ms
[2020-08-01T12:33:06.201+0300][37.410s][info ][gc] GC(1415) To-space exhausted
[2020-08-01T12:33:06.201+0300][37.410s][info ][gc] GC(1415) Pause Young (Concurrent Start) (G1 Evacuation Pause) 499M->507M(512M) 25.162ms
[2020-08-01T12:33:06.201+0300][37.410s][info ][gc] GC(1416) Concurrent Cycle
[2020-08-01T12:33:06.218+0300][37.428s][info ][gc] GC(1417) To-space exhausted
[2020-08-01T12:33:06.218+0300][37.428s][info ][gc] GC(1417) Pause Young (Normal) (G1 Evacuation Pause) 511M->511M(512M) 13.425ms
[2020-08-01T12:33:06.219+0300][37.428s][debug][gc] GC(1418) Clear Next Bitmap 0.322ms
[2020-08-01T12:33:06.259+0300][37.468s][info ][gc] GC(1418) Pause Full (G1 Evacuation Pause) 511M->65M(512M) 40.459ms
[2020-08-01T12:33:06.259+0300][37.469s][info ][gc] GC(1416) Concurrent Cycle 58.354ms
[2020-08-01T12:33:06.280+0300][37.489s][info ][gc] GC(1419) Pause Young (Normal) (G1 Evacuation Pause) 91M->91M(512M) 10.185ms
[2020-08-01T12:33:06.302+0300][37.511s][info ][gc] GC(1420) Pause Young (Normal) (G1 Evacuation Pause) 116M->118M(512M) 12.183ms
[2020-08-01T12:33:06.377+0300][37.587s][info ][gc] GC(1421) Pause Young (Normal) (G1 Evacuation Pause) 159M->160M(512M) 34.689ms
[2020-08-01T12:33:06.404+0300][37.613s][info ][gc] GC(1422) Pause Young (Normal) (G1 Evacuation Pause) 181M->183M(512M) 13.084ms
[2020-08-01T12:33:06.423+0300][37.633s][info ][gc] GC(1423) Pause Young (Normal) (G1 Evacuation Pause) 204M->205M(512M) 10.522ms
[2020-08-01T12:33:06.442+0300][37.651s][info ][gc] GC(1424) Pause Young (Normal) (G1 Evacuation Pause) 226M->227M(512M) 10.233ms
[2020-08-01T12:33:06.461+0300][37.670s][info ][gc] GC(1425) Pause Young (Normal) (G1 Evacuation Pause) 248M->250M(512M) 10.402ms
[2020-08-01T12:33:06.480+0300][37.689s][info ][gc] GC(1426) Pause Young (Concurrent Start) (G1 Evacuation Pause) 271M->272M(512M) 11.145ms
[2020-08-01T12:33:06.480+0300][37.690s][info ][gc] GC(1427) Concurrent Cycle
[2020-08-01T12:33:06.523+0300][37.732s][info ][gc] GC(1428) Pause Young (Normal) (G1 Evacuation Pause) 313M->314M(512M) 10.541ms
[2020-08-01T12:33:06.543+0300][37.752s][info ][gc] GC(1429) Pause Young (Normal) (G1 Evacuation Pause) 335M->337M(512M) 10.582ms
[2020-08-01T12:33:06.564+0300][37.773s][info ][gc] GC(1430) Pause Young (Normal) (G1 Evacuation Pause) 358M->360M(512M) 12.485ms
[2020-08-01T12:33:06.583+0300][37.792s][info ][gc] GC(1431) Pause Young (Normal) (G1 Evacuation Pause) 381M->383M(512M) 10.454ms
[2020-08-01T12:33:06.602+0300][37.812s][info ][gc] GC(1432) Pause Young (Normal) (G1 Evacuation Pause) 404M->405M(512M) 10.471ms
[2020-08-01T12:33:06.629+0300][37.838s][debug][gc] GC(1427) Reclaimed 134 empty regions
[2020-08-01T12:33:06.629+0300][37.838s][info ][gc] GC(1427) Pause Remark 444M->313M(512M) 0.547ms
[2020-08-01T12:33:06.644+0300][37.853s][info ][gc] GC(1433) Pause Young (Normal) (G1 Evacuation Pause) 315M->316M(512M) 11.090ms
[2020-08-01T12:33:06.671+0300][37.880s][info ][gc] GC(1434) Pause Young (Normal) (G1 Evacuation Pause) 337M->339M(512M) 10.470ms
[2020-08-01T12:33:06.697+0300][37.906s][info ][gc] GC(1435) Pause Young (Normal) (G1 Evacuation Pause) 360M->362M(512M) 10.605ms
[2020-08-01T12:33:06.723+0300][37.932s][info ][gc] GC(1436) Pause Young (Normal) (G1 Evacuation Pause) 383M->385M(512M) 10.535ms
[2020-08-01T12:33:06.749+0300][37.958s][info ][gc] GC(1437) Pause Young (Normal) (G1 Evacuation Pause) 406M->407M(512M) 10.983ms
[2020-08-01T12:33:06.775+0300][37.984s][info ][gc] GC(1438) Pause Young (Normal) (G1 Evacuation Pause) 428M->430M(512M) 10.495ms
[2020-08-01T12:33:06.818+0300][38.027s][info ][gc] GC(1439) Pause Young (Normal) (G1 Evacuation Pause) 471M->472M(512M) 10.420ms
[2020-08-01T12:33:06.851+0300][38.061s][info ][gc] GC(1440) To-space exhausted
[2020-08-01T12:33:06.851+0300][38.061s][info ][gc] GC(1440) Pause Young (Normal) (G1 Evacuation Pause) 493M->501M(512M) 18.529ms
[2020-08-01T12:33:06.860+0300][38.069s][info ][gc] GC(1427) Pause Cleanup 503M->503M(512M) 0.121ms
[2020-08-01T12:33:06.861+0300][38.070s][info ][gc] GC(1427) Concurrent Cycle 380.617ms
[2020-08-01T12:33:06.885+0300][38.094s][info ][gc] GC(1441) To-space exhausted
[2020-08-01T12:33:06.885+0300][38.094s][info ][gc] GC(1441) Pause Young (Normal) (G1 Evacuation Pause) 511M->511M(512M) 20.820ms
[2020-08-01T12:33:06.927+0300][38.136s][info ][gc] GC(1442) Pause Full (G1 Evacuation Pause) 511M->65M(512M) 41.418ms
[2020-08-01T12:33:06.947+0300][38.157s][info ][gc] GC(1443) Pause Young (Normal) (G1 Evacuation Pause) 90M->91M(512M) 10.675ms
[2020-08-01T12:33:06.966+0300][38.175s][info ][gc] GC(1444) Pause Young (Normal) (G1 Evacuation Pause) 112M->113M(512M) 10.247ms
[2020-08-01T12:33:06.986+0300][38.196s][info ][gc] GC(1445) Pause Young (Normal) (G1 Evacuation Pause) 134M->135M(512M) 11.624ms
[2020-08-01T12:33:07.021+0300][38.230s][info ][gc] GC(1446) Pause Young (Normal) (G1 Evacuation Pause) 176M->177M(512M) 10.495ms
[2020-08-01T12:33:07.040+0300][38.249s][info ][gc] GC(1447) Pause Young (Normal) (G1 Evacuation Pause) 198M->199M(512M) 10.585ms
[2020-08-01T12:33:07.058+0300][38.268s][info ][gc] GC(1448) Pause Young (Normal) (G1 Evacuation Pause) 220M->222M(512M) 10.347ms
[2020-08-01T12:33:07.077+0300][38.286s][info ][gc] GC(1449) Pause Young (Normal) (G1 Evacuation Pause) 243M->244M(512M) 10.435ms
[2020-08-01T12:33:07.096+0300][38.305s][info ][gc] GC(1450) Pause Young (Concurrent Start) (G1 Evacuation Pause) 265M->267M(512M) 10.530ms
[2020-08-01T12:33:07.096+0300][38.305s][info ][gc] GC(1451) Concurrent Cycle
[2020-08-01T12:33:07.142+0300][38.351s][info ][gc] GC(1452) Pause Young (Normal) (G1 Evacuation Pause) 309M->310M(512M) 10.555ms
[2020-08-01T12:33:07.162+0300][38.371s][info ][gc] GC(1453) Pause Young (Normal) (G1 Evacuation Pause) 331M->333M(512M) 10.747ms
[2020-08-01T12:33:07.181+0300][38.390s][info ][gc] GC(1454) Pause Young (Normal) (G1 Evacuation Pause) 354M->355M(512M) 10.367ms
[2020-08-01T12:33:07.200+0300][38.409s][info ][gc] GC(1455) Pause Young (Normal) (G1 Evacuation Pause) 376M->377M(512M) 10.541ms
[2020-08-01T12:33:07.219+0300][38.429s][info ][gc] GC(1456) Pause Young (Normal) (G1 Evacuation Pause) 398M->400M(512M) 10.477ms
[2020-08-01T12:33:07.240+0300][38.449s][info ][gc] GC(1457) Pause Young (Normal) (G1 Evacuation Pause) 421M->423M(512M) 12.001ms
[2020-08-01T12:33:07.251+0300][38.461s][debug][gc] GC(1451) Reclaimed 130 empty regions
[2020-08-01T12:33:07.251+0300][38.461s][info ][gc] GC(1451) Pause Remark 424M->297M(512M) 0.454ms
[2020-08-01T12:33:07.285+0300][38.494s][info ][gc] GC(1458) Pause Young (Normal) (G1 Evacuation Pause) 337M->338M(512M) 11.304ms
[2020-08-01T12:33:07.312+0300][38.522s][info ][gc] GC(1459) Pause Young (Normal) (G1 Evacuation Pause) 359M->360M(512M) 11.410ms
[2020-08-01T12:33:07.337+0300][38.547s][info ][gc] GC(1460) Pause Young (Normal) (G1 Evacuation Pause) 381M->383M(512M) 10.611ms
[2020-08-01T12:33:07.365+0300][38.574s][info ][gc] GC(1461) Pause Young (Normal) (G1 Evacuation Pause) 404M->406M(512M) 12.069ms
[2020-08-01T12:33:07.390+0300][38.600s][info ][gc] GC(1462) Pause Young (Normal) (G1 Evacuation Pause) 427M->428M(512M) 10.447ms
[2020-08-01T12:33:07.439+0300][38.648s][info ][gc] GC(1463) Pause Young (Normal) (G1 Evacuation Pause) 469M->471M(512M) 10.712ms
[2020-08-01T12:33:07.471+0300][38.681s][info ][gc] GC(1464) To-space exhausted
[2020-08-01T12:33:07.472+0300][38.681s][info ][gc] GC(1464) Pause Young (Normal) (G1 Evacuation Pause) 492M->498M(512M) 17.995ms
[2020-08-01T12:33:07.506+0300][38.715s][info ][gc] GC(1465) To-space exhausted
[2020-08-01T12:33:07.506+0300][38.715s][info ][gc] GC(1465) Pause Young (Normal) (G1 Evacuation Pause) 511M->511M(512M) 24.550ms
[2020-08-01T12:33:07.506+0300][38.716s][debug][gc] GC(1466) Clear Next Bitmap 0.305ms
[2020-08-01T12:33:07.544+0300][38.754s][info ][gc] GC(1466) Pause Full (G1 Evacuation Pause) 511M->65M(512M) 38.330ms
[2020-08-01T12:33:07.545+0300][38.754s][info ][gc] GC(1451) Pause Cleanup 66M->66M(512M) 0.001ms
[2020-08-01T12:33:07.545+0300][38.754s][info ][gc] GC(1451) Concurrent Cycle 448.620ms
[2020-08-01T12:33:07.567+0300][38.776s][info ][gc] GC(1467) Pause Young (Normal) (G1 Evacuation Pause) 91M->91M(512M) 11.952ms
[2020-08-01T12:33:07.591+0300][38.800s][info ][gc] GC(1468) Pause Young (Normal) (G1 Evacuation Pause) 115M->117M(512M) 14.099ms
[2020-08-01T12:33:07.644+0300][38.853s][info ][gc] GC(1469) Pause Young (Normal) (G1 Evacuation Pause) 158M->159M(512M) 15.621ms
[2020-08-01T12:33:07.665+0300][38.874s][info ][gc] GC(1470) Pause Young (Normal) (G1 Evacuation Pause) 180M->182M(512M) 11.141ms
[2020-08-01T12:33:07.684+0300][38.893s][info ][gc] GC(1471) Pause Young (Normal) (G1 Evacuation Pause) 203M->204M(512M) 10.485ms
[2020-08-01T12:33:07.702+0300][38.912s][info ][gc] GC(1472) Pause Young (Normal) (G1 Evacuation Pause) 225M->227M(512M) 10.099ms
[2020-08-01T12:33:07.721+0300][38.930s][info ][gc] GC(1473) Pause Young (Normal) (G1 Evacuation Pause) 248M->249M(512M) 10.403ms
[2020-08-01T12:33:07.740+0300][38.950s][info ][gc] GC(1474) Pause Young (Concurrent Start) (G1 Evacuation Pause) 270M->272M(512M) 10.900ms
[2020-08-01T12:33:07.740+0300][38.950s][info ][gc] GC(1475) Concurrent Cycle
[2020-08-01T12:33:07.782+0300][38.991s][info ][gc] GC(1476) Pause Young (Normal) (G1 Evacuation Pause) 313M->314M(512M) 10.237ms
[2020-08-01T12:33:07.801+0300][39.010s][info ][gc] GC(1477) Pause Young (Normal) (G1 Evacuation Pause) 335M->337M(512M) 10.288ms
[2020-08-01T12:33:07.821+0300][39.030s][info ][gc] GC(1478) Pause Young (Normal) (G1 Evacuation Pause) 358M->360M(512M) 10.005ms
[2020-08-01T12:33:07.840+0300][39.050s][info ][gc] GC(1479) Pause Young (Normal) (G1 Evacuation Pause) 381M->382M(512M) 10.371ms
[2020-08-01T12:33:07.860+0300][39.069s][info ][gc] GC(1480) Pause Young (Normal) (G1 Evacuation Pause) 403M->404M(512M) 10.662ms
[2020-08-01T12:33:07.885+0300][39.094s][debug][gc] GC(1475) Reclaimed 134 empty regions
[2020-08-01T12:33:07.885+0300][39.094s][info ][gc] GC(1475) Pause Remark 424M->293M(512M) 0.414ms
[2020-08-01T12:33:07.902+0300][39.111s][info ][gc] GC(1481) Pause Young (Normal) (G1 Evacuation Pause) 314M->315M(512M) 10.680ms
[2020-08-01T12:33:07.927+0300][39.136s][info ][gc] GC(1482) Pause Young (Normal) (G1 Evacuation Pause) 336M->337M(512M) 10.563ms
[2020-08-01T12:33:07.952+0300][39.162s][info ][gc] GC(1483) Pause Young (Normal) (G1 Evacuation Pause) 358M->360M(512M) 10.594ms
[2020-08-01T12:33:07.978+0300][39.187s][info ][gc] GC(1484) Pause Young (Normal) (G1 Evacuation Pause) 381M->383M(512M) 12.284ms
[2020-08-01T12:33:08.004+0300][39.213s][info ][gc] GC(1485) Pause Young (Normal) (G1 Evacuation Pause) 404M->405M(512M) 10.887ms
[2020-08-01T12:33:08.030+0300][39.239s][info ][gc] GC(1486) Pause Young (Normal) (G1 Evacuation Pause) 426M->428M(512M) 10.796ms
[2020-08-01T12:33:08.078+0300][39.287s][info ][gc] GC(1487) Pause Young (Normal) (G1 Evacuation Pause) 469M->471M(512M) 10.605ms
[2020-08-01T12:33:08.090+0300][39.300s][info ][gc] GC(1475) Pause Cleanup 486M->486M(512M) 0.127ms
[2020-08-01T12:33:08.091+0300][39.300s][info ][gc] GC(1475) Concurrent Cycle 350.766ms
[2020-08-01T12:33:08.109+0300][39.318s][info ][gc] GC(1488) To-space exhausted
[2020-08-01T12:33:08.109+0300][39.318s][info ][gc] GC(1488) Pause Young (Normal) (G1 Evacuation Pause) 492M->498M(512M) 15.752ms
[2020-08-01T12:33:08.141+0300][39.350s][info ][gc] GC(1489) To-space exhausted
[2020-08-01T12:33:08.141+0300][39.350s][info ][gc] GC(1489) Pause Young (Concurrent Start) (G1 Evacuation Pause) 511M->511M(512M) 26.893ms
[2020-08-01T12:33:08.141+0300][39.350s][info ][gc] GC(1491) Concurrent Cycle
[2020-08-01T12:33:08.141+0300][39.351s][debug][gc] GC(1490) Clear Next Bitmap 0.322ms
[2020-08-01T12:33:08.180+0300][39.390s][info ][gc] GC(1490) Pause Full (G1 Evacuation Pause) 511M->68M(512M) 39.387ms
[2020-08-01T12:33:08.181+0300][39.390s][info ][gc] GC(1491) Concurrent Cycle 39.682ms
[2020-08-01T12:33:08.204+0300][39.414s][info ][gc] GC(1492) Pause Young (Normal) (G1 Evacuation Pause) 96M->96M(512M) 12.474ms
[2020-08-01T12:33:08.227+0300][39.436s][info ][gc] GC(1493) Pause Young (Normal) (G1 Evacuation Pause) 120M->122M(512M) 12.926ms
[2020-08-01T12:33:08.261+0300][39.471s][info ][gc] GC(1494) Pause Young (Normal) (G1 Evacuation Pause) 163M->164M(512M) 12.034ms
[2020-08-01T12:33:08.281+0300][39.490s][info ][gc] GC(1495) Pause Young (Normal) (G1 Evacuation Pause) 185M->187M(512M) 10.865ms
[2020-08-01T12:33:08.300+0300][39.509s][info ][gc] GC(1496) Pause Young (Normal) (G1 Evacuation Pause) 208M->209M(512M) 10.429ms
[2020-08-01T12:33:08.318+0300][39.527s][info ][gc] GC(1497) Pause Young (Normal) (G1 Evacuation Pause) 230M->232M(512M) 10.209ms
[2020-08-01T12:33:08.337+0300][39.546s][info ][gc] GC(1498) Pause Young (Normal) (G1 Evacuation Pause) 253M->254M(512M) 10.127ms
[2020-08-01T12:33:08.356+0300][39.565s][info ][gc] GC(1499) Pause Young (Concurrent Start) (G1 Evacuation Pause) 275M->277M(512M) 10.432ms
[2020-08-01T12:33:08.356+0300][39.565s][info ][gc] GC(1500) Concurrent Cycle
[2020-08-01T12:33:08.392+0300][39.601s][info ][gc] GC(1501) Pause Young (Normal) (G1 Evacuation Pause) 318M->319M(512M) 10.529ms
[2020-08-01T12:33:08.411+0300][39.620s][info ][gc] GC(1502) Pause Young (Normal) (G1 Evacuation Pause) 340M->341M(512M) 10.674ms
[2020-08-01T12:33:08.430+0300][39.640s][info ][gc] GC(1503) Pause Young (Normal) (G1 Evacuation Pause) 362M->363M(512M) 10.590ms
[2020-08-01T12:33:08.450+0300][39.659s][info ][gc] GC(1504) Pause Young (Normal) (G1 Evacuation Pause) 384M->385M(512M) 10.297ms
[2020-08-01T12:33:08.469+0300][39.678s][info ][gc] GC(1505) Pause Young (Normal) (G1 Evacuation Pause) 406M->407M(512M) 10.177ms
[2020-08-01T12:33:08.512+0300][39.721s][info ][gc] GC(1506) Pause Young (Normal) (G1 Evacuation Pause) 448M->450M(512M) 10.761ms
[2020-08-01T12:33:08.516+0300][39.726s][debug][gc] GC(1500) Reclaimed 129 empty regions
[2020-08-01T12:33:08.516+0300][39.726s][info ][gc] GC(1500) Pause Remark 459M->332M(512M) 0.426ms
[2020-08-01T12:33:08.532+0300][39.741s][info ][gc] GC(1507) Pause Young (Normal) (G1 Evacuation Pause) 343M->345M(512M) 10.486ms
[2020-08-01T12:33:08.557+0300][39.766s][info ][gc] GC(1508) Pause Young (Normal) (G1 Evacuation Pause) 366M->368M(512M) 10.392ms
[2020-08-01T12:33:08.582+0300][39.791s][info ][gc] GC(1509) Pause Young (Normal) (G1 Evacuation Pause) 389M->390M(512M) 10.643ms
[2020-08-01T12:33:08.609+0300][39.818s][info ][gc] GC(1510) Pause Young (Normal) (G1 Evacuation Pause) 411M->413M(512M) 11.272ms
[2020-08-01T12:33:08.635+0300][39.844s][info ][gc] GC(1511) Pause Young (Normal) (G1 Evacuation Pause) 434M->435M(512M) 11.109ms
[2020-08-01T12:33:08.688+0300][39.897s][info ][gc] GC(1512) Pause Young (Normal) (G1 Evacuation Pause) 476M->477M(512M) 11.118ms
[2020-08-01T12:33:08.725+0300][39.934s][info ][gc] GC(1513) To-space exhausted
[2020-08-01T12:33:08.725+0300][39.934s][info ][gc] GC(1513) Pause Young (Normal) (G1 Evacuation Pause) 498M->505M(512M) 22.837ms
[2020-08-01T12:33:08.749+0300][39.959s][info ][gc] GC(1514) To-space exhausted
[2020-08-01T12:33:08.750+0300][39.959s][info ][gc] GC(1514) Pause Young (Normal) (G1 Evacuation Pause) 511M->511M(512M) 15.248ms
[2020-08-01T12:33:08.750+0300][39.959s][debug][gc] GC(1515) Clear Next Bitmap 0.365ms
[2020-08-01T12:33:08.788+0300][39.997s][info ][gc] GC(1515) Pause Full (G1 Evacuation Pause) 511M->65M(512M) 37.884ms
[2020-08-01T12:33:08.788+0300][39.997s][info ][gc] GC(1500) Concurrent Cycle 431.977ms
[2020-08-01T12:33:08.810+0300][40.019s][info ][gc] GC(1516) Pause Young (Normal) (G1 Evacuation Pause) 92M->92M(512M) 11.419ms
[2020-08-01T12:33:08.831+0300][40.041s][info ][gc] GC(1517) Pause Young (Normal) (G1 Evacuation Pause) 117M->119M(512M) 11.604ms
[2020-08-01T12:33:08.867+0300][40.076s][info ][gc] GC(1518) Pause Young (Normal) (G1 Evacuation Pause) 161M->162M(512M) 10.457ms
[2020-08-01T12:33:08.885+0300][40.095s][info ][gc] GC(1519) Pause Young (Normal) (G1 Evacuation Pause) 183M->184M(512M) 10.367ms
[2020-08-01T12:33:08.906+0300][40.115s][info ][gc] GC(1520) Pause Young (Normal) (G1 Evacuation Pause) 205M->207M(512M) 12.136ms
[2020-08-01T12:33:08.925+0300][40.134s][info ][gc] GC(1521) Pause Young (Normal) (G1 Evacuation Pause) 228M->229M(512M) 10.387ms
[2020-08-01T12:33:08.944+0300][40.153s][info ][gc] GC(1522) Pause Young (Concurrent Start) (G1 Evacuation Pause) 250M->251M(512M) 10.522ms
[2020-08-01T12:33:08.944+0300][40.153s][info ][gc] GC(1523) Concurrent Cycle
[2020-08-01T12:33:08.963+0300][40.172s][info ][gc] GC(1524) Pause Young (Normal) (G1 Evacuation Pause) 272M->274M(512M) 10.123ms
[2020-08-01T12:33:08.997+0300][40.206s][info ][gc] GC(1525) Pause Young (Normal) (G1 Evacuation Pause) 315M->316M(512M) 10.734ms
[2020-08-01T12:33:09.016+0300][40.226s][info ][gc] GC(1526) Pause Young (Normal) (G1 Evacuation Pause) 337M->339M(512M) 10.645ms
[2020-08-01T12:33:09.035+0300][40.245s][info ][gc] GC(1527) Pause Young (Normal) (G1 Evacuation Pause) 360M->362M(512M) 10.242ms
[2020-08-01T12:33:09.055+0300][40.264s][info ][gc] GC(1528) Pause Young (Normal) (G1 Evacuation Pause) 383M->384M(512M) 10.633ms
[2020-08-01T12:33:09.075+0300][40.285s][info ][gc] GC(1529) Pause Young (Normal) (G1 Evacuation Pause) 405M->407M(512M) 12.027ms
[2020-08-01T12:33:09.086+0300][40.295s][debug][gc] GC(1523) Reclaimed 132 empty regions
[2020-08-01T12:33:09.086+0300][40.295s][info ][gc] GC(1523) Pause Remark 424M->297M(512M) 0.526ms
[2020-08-01T12:33:09.116+0300][40.326s][info ][gc] GC(1530) Pause Young (Normal) (G1 Evacuation Pause) 321M->322M(512M) 10.618ms
[2020-08-01T12:33:09.142+0300][40.351s][info ][gc] GC(1531) Pause Young (Normal) (G1 Evacuation Pause) 343M->345M(512M) 10.630ms
[2020-08-01T12:33:09.168+0300][40.377s][info ][gc] GC(1532) Pause Young (Normal) (G1 Evacuation Pause) 366M->367M(512M) 10.618ms
[2020-08-01T12:33:09.192+0300][40.402s][info ][gc] GC(1533) Pause Young (Normal) (G1 Evacuation Pause) 388M->390M(512M) 10.526ms
[2020-08-01T12:33:09.215+0300][40.425s][info ][gc] GC(1534) Pause Young (Normal) (G1 Evacuation Pause) 411M->412M(512M) 10.291ms
[2020-08-01T12:33:09.242+0300][40.451s][info ][gc] GC(1535) Pause Young (Normal) (G1 Evacuation Pause) 433M->434M(512M) 10.651ms
[2020-08-01T12:33:09.273+0300][40.482s][info ][gc] GC(1523) Pause Cleanup 460M->460M(512M) 0.164ms
[2020-08-01T12:33:09.276+0300][40.485s][info ][gc] GC(1523) Concurrent Cycle 332.276ms
[2020-08-01T12:33:09.291+0300][40.501s][info ][gc] GC(1536) Pause Young (Normal) (G1 Evacuation Pause) 475M->476M(512M) 10.713ms
[2020-08-01T12:33:09.324+0300][40.534s][info ][gc] GC(1537) To-space exhausted
[2020-08-01T12:33:09.324+0300][40.534s][info ][gc] GC(1537) Pause Young (Concurrent Start) (G1 Evacuation Pause) 497M->506M(512M) 24.604ms
[2020-08-01T12:33:09.324+0300][40.534s][info ][gc] GC(1538) Concurrent Cycle
[2020-08-01T12:33:09.343+0300][40.552s][info ][gc] GC(1539) To-space exhausted
[2020-08-01T12:33:09.343+0300][40.553s][info ][gc] GC(1539) Pause Young (Normal) (G1 Evacuation Pause) 511M->511M(512M) 14.242ms
[2020-08-01T12:33:09.344+0300][40.553s][debug][gc] GC(1540) Clear Next Bitmap 0.371ms
[2020-08-01T12:33:09.381+0300][40.590s][info ][gc] GC(1540) Pause Full (G1 Evacuation Pause) 511M->63M(512M) 37.846ms
[2020-08-01T12:33:09.381+0300][40.591s][info ][gc] GC(1538) Concurrent Cycle 56.818ms
[2020-08-01T12:33:09.403+0300][40.612s][info ][gc] GC(1541) Pause Young (Normal) (G1 Evacuation Pause) 90M->90M(512M) 10.620ms
[2020-08-01T12:33:09.425+0300][40.634s][info ][gc] GC(1542) Pause Young (Normal) (G1 Evacuation Pause) 115M->117M(512M) 11.948ms
[2020-08-01T12:33:09.443+0300][40.653s][info ][gc] GC(1543) Pause Young (Normal) (G1 Evacuation Pause) 138M->139M(512M) 10.361ms
[2020-08-01T12:33:09.481+0300][40.690s][info ][gc] GC(1544) Pause Young (Normal) (G1 Evacuation Pause) 180M->182M(512M) 10.981ms
[2020-08-01T12:33:09.499+0300][40.709s][info ][gc] GC(1545) Pause Young (Normal) (G1 Evacuation Pause) 203M->204M(512M) 10.100ms
[2020-08-01T12:33:09.518+0300][40.727s][info ][gc] GC(1546) Pause Young (Normal) (G1 Evacuation Pause) 225M->227M(512M) 9.809ms
[2020-08-01T12:33:09.538+0300][40.747s][info ][gc] GC(1547) Pause Young (Normal) (G1 Evacuation Pause) 249M->250M(512M) 10.662ms
[2020-08-01T12:33:09.557+0300][40.767s][info ][gc] GC(1548) Pause Young (Concurrent Start) (G1 Evacuation Pause) 272M->273M(512M) 10.960ms
[2020-08-01T12:33:09.557+0300][40.767s][info ][gc] GC(1549) Concurrent Cycle
[2020-08-01T12:33:09.603+0300][40.812s][info ][gc] GC(1550) Pause Young (Normal) (G1 Evacuation Pause) 314M->315M(512M) 10.634ms
[2020-08-01T12:33:09.622+0300][40.832s][info ][gc] GC(1551) Pause Young (Normal) (G1 Evacuation Pause) 336M->337M(512M) 10.609ms
[2020-08-01T12:33:09.642+0300][40.851s][info ][gc] GC(1552) Pause Young (Normal) (G1 Evacuation Pause) 358M->359M(512M) 10.739ms
[2020-08-01T12:33:09.662+0300][40.871s][info ][gc] GC(1553) Pause Young (Normal) (G1 Evacuation Pause) 380M->382M(512M) 10.579ms
[2020-08-01T12:33:09.681+0300][40.890s][info ][gc] GC(1554) Pause Young (Normal) (G1 Evacuation Pause) 403M->405M(512M) 10.322ms
[2020-08-01T12:33:09.706+0300][40.915s][debug][gc] GC(1549) Reclaimed 134 empty regions
[2020-08-01T12:33:09.706+0300][40.915s][info ][gc] GC(1549) Pause Remark 423M->293M(512M) 0.423ms
[2020-08-01T12:33:09.723+0300][40.933s][info ][gc] GC(1555) Pause Young (Normal) (G1 Evacuation Pause) 316M->317M(512M) 11.111ms
[2020-08-01T12:33:09.751+0300][40.961s][info ][gc] GC(1556) Pause Young (Normal) (G1 Evacuation Pause) 338M->339M(512M) 10.609ms
[2020-08-01T12:33:09.773+0300][40.982s][info ][gc] GC(1557) Pause Young (Normal) (G1 Evacuation Pause) 360M->362M(512M) 12.360ms
[2020-08-01T12:33:09.801+0300][41.010s][info ][gc] GC(1558) Pause Young (Normal) (G1 Evacuation Pause) 383M->385M(512M) 10.524ms
[2020-08-01T12:33:09.826+0300][41.036s][info ][gc] GC(1559) Pause Young (Normal) (G1 Evacuation Pause) 406M->408M(512M) 10.590ms
[2020-08-01T12:33:09.852+0300][41.061s][info ][gc] GC(1560) Pause Young (Normal) (G1 Evacuation Pause) 429M->431M(512M) 10.732ms
[2020-08-01T12:33:09.899+0300][41.109s][info ][gc] GC(1561) Pause Young (Normal) (G1 Evacuation Pause) 472M->473M(512M) 10.490ms
[2020-08-01T12:33:09.912+0300][41.121s][info ][gc] GC(1549) Pause Cleanup 489M->489M(512M) 0.127ms
[2020-08-01T12:33:09.913+0300][41.122s][info ][gc] GC(1549) Concurrent Cycle 355.324ms
[2020-08-01T12:33:09.932+0300][41.142s][info ][gc] GC(1562) To-space exhausted
[2020-08-01T12:33:09.932+0300][41.142s][info ][gc] GC(1562) Pause Young (Normal) (G1 Evacuation Pause) 494M->501M(512M) 18.140ms
[2020-08-01T12:33:09.960+0300][41.169s][info ][gc] GC(1563) To-space exhausted
[2020-08-01T12:33:09.960+0300][41.169s][info ][gc] GC(1563) Pause Young (Concurrent Start) (G1 Evacuation Pause) 511M->511M(512M) 22.951ms
[2020-08-01T12:33:09.960+0300][41.169s][info ][gc] GC(1565) Concurrent Cycle
[2020-08-01T12:33:09.960+0300][41.170s][debug][gc] GC(1564) Clear Next Bitmap 0.292ms
[2020-08-01T12:33:10.001+0300][41.210s][info ][gc] GC(1564) Pause Full (G1 Evacuation Pause) 511M->66M(512M) 40.471ms
[2020-08-01T12:33:10.001+0300][41.210s][info ][gc] GC(1565) Concurrent Cycle 40.765ms
[2020-08-01T12:33:10.028+0300][41.238s][info ][gc] GC(1566) Pause Young (Normal) (G1 Evacuation Pause) 96M->97M(512M) 15.207ms
[2020-08-01T12:33:10.051+0300][41.260s][info ][gc] GC(1567) Pause Young (Normal) (G1 Evacuation Pause) 123M->124M(512M) 11.997ms
[2020-08-01T12:33:10.084+0300][41.294s][info ][gc] GC(1568) Pause Young (Normal) (G1 Evacuation Pause) 165M->167M(512M) 10.528ms
[2020-08-01T12:33:10.103+0300][41.313s][info ][gc] GC(1569) Pause Young (Normal) (G1 Evacuation Pause) 188M->190M(512M) 10.614ms
[2020-08-01T12:33:10.122+0300][41.331s][info ][gc] GC(1570) Pause Young (Normal) (G1 Evacuation Pause) 211M->212M(512M) 10.321ms
[2020-08-01T12:33:10.141+0300][41.351s][info ][gc] GC(1571) Pause Young (Normal) (G1 Evacuation Pause) 233M->234M(512M) 10.816ms
[2020-08-01T12:33:10.160+0300][41.369s][info ][gc] GC(1572) Pause Young (Concurrent Start) (G1 Evacuation Pause) 255M->256M(512M) 10.431ms
[2020-08-01T12:33:10.160+0300][41.370s][info ][gc] GC(1573) Concurrent Cycle
[2020-08-01T12:33:10.179+0300][41.388s][info ][gc] GC(1574) Pause Young (Normal) (G1 Evacuation Pause) 277M->279M(512M) 10.308ms
[2020-08-01T12:33:10.212+0300][41.422s][info ][gc] GC(1575) Pause Young (Normal) (G1 Evacuation Pause) 320M->320M(512M) 10.495ms
[2020-08-01T12:33:10.232+0300][41.441s][info ][gc] GC(1576) Pause Young (Normal) (G1 Evacuation Pause) 342M->344M(512M) 10.338ms
[2020-08-01T12:33:10.251+0300][41.461s][info ][gc] GC(1577) Pause Young (Normal) (G1 Evacuation Pause) 366M->368M(512M) 10.208ms
[2020-08-01T12:33:10.271+0300][41.480s][info ][gc] GC(1578) Pause Young (Normal) (G1 Evacuation Pause) 390M->391M(512M) 10.369ms
[2020-08-01T12:33:10.291+0300][41.500s][info ][gc] GC(1579) Pause Young (Normal) (G1 Evacuation Pause) 412M->414M(512M) 11.026ms
[2020-08-01T12:33:10.304+0300][41.513s][debug][gc] GC(1573) Reclaimed 127 empty regions
[2020-08-01T12:33:10.304+0300][41.513s][info ][gc] GC(1573) Pause Remark 424M->299M(512M) 0.435ms
[2020-08-01T12:33:10.336+0300][41.545s][info ][gc] GC(1580) Pause Young (Normal) (G1 Evacuation Pause) 330M->332M(512M) 10.751ms
[2020-08-01T12:33:10.362+0300][41.571s][info ][gc] GC(1581) Pause Young (Normal) (G1 Evacuation Pause) 353M->354M(512M) 11.505ms
[2020-08-01T12:33:10.387+0300][41.596s][info ][gc] GC(1582) Pause Young (Normal) (G1 Evacuation Pause) 375M->376M(512M) 11.786ms
[2020-08-01T12:33:10.412+0300][41.622s][info ][gc] GC(1583) Pause Young (Normal) (G1 Evacuation Pause) 397M->398M(512M) 10.822ms
[2020-08-01T12:33:10.440+0300][41.650s][info ][gc] GC(1584) Pause Young (Normal) (G1 Evacuation Pause) 419M->420M(512M) 11.961ms
[2020-08-01T12:33:10.488+0300][41.697s][info ][gc] GC(1585) Pause Young (Normal) (G1 Evacuation Pause) 461M->463M(512M) 10.604ms
[2020-08-01T12:33:10.500+0300][41.709s][info ][gc] GC(1573) Pause Cleanup 478M->478M(512M) 0.125ms
[2020-08-01T12:33:10.501+0300][41.710s][info ][gc] GC(1573) Concurrent Cycle 340.487ms
[2020-08-01T12:33:10.513+0300][41.722s][info ][gc] GC(1586) Pause Young (Normal) (G1 Evacuation Pause) 484M->485M(512M) 10.436ms
[2020-08-01T12:33:10.555+0300][41.764s][info ][gc] GC(1587) To-space exhausted
[2020-08-01T12:33:10.555+0300][41.764s][info ][gc] GC(1587) Pause Young (Concurrent Start) (G1 Evacuation Pause) 506M->510M(512M) 33.334ms
[2020-08-01T12:33:10.555+0300][41.764s][info ][gc] GC(1588) Concurrent Cycle
[2020-08-01T12:33:10.564+0300][41.773s][info ][gc] GC(1589) To-space exhausted
[2020-08-01T12:33:10.564+0300][41.773s][info ][gc] GC(1589) Pause Young (Normal) (G1 Evacuation Pause) 511M->511M(512M) 5.702ms
[2020-08-01T12:33:10.564+0300][41.773s][debug][gc] GC(1590) Clear Next Bitmap 0.321ms
[2020-08-01T12:33:10.602+0300][41.811s][info ][gc] GC(1590) Pause Full (G1 Evacuation Pause) 511M->66M(512M) 38.240ms
[2020-08-01T12:33:10.602+0300][41.812s][info ][gc] GC(1588) Concurrent Cycle 47.097ms
[2020-08-01T12:33:10.625+0300][41.834s][info ][gc] GC(1591) Pause Young (Normal) (G1 Evacuation Pause) 94M->94M(512M) 11.622ms
[2020-08-01T12:33:10.647+0300][41.857s][info ][gc] GC(1592) Pause Young (Normal) (G1 Evacuation Pause) 119M->120M(512M) 12.170ms
[2020-08-01T12:33:10.692+0300][41.901s][info ][gc] GC(1593) Pause Young (Normal) (G1 Evacuation Pause) 161M->162M(512M) 12.879ms
[2020-08-01T12:33:10.711+0300][41.920s][info ][gc] GC(1594) Pause Young (Normal) (G1 Evacuation Pause) 183M->185M(512M) 10.452ms
[2020-08-01T12:33:10.729+0300][41.939s][info ][gc] GC(1595) Pause Young (Normal) (G1 Evacuation Pause) 206M->207M(512M) 10.239ms
[2020-08-01T12:33:10.748+0300][41.958s][info ][gc] GC(1596) Pause Young (Normal) (G1 Evacuation Pause) 228M->230M(512M) 10.362ms
[2020-08-01T12:33:10.767+0300][41.976s][info ][gc] GC(1597) Pause Young (Normal) (G1 Evacuation Pause) 251M->252M(512M) 10.236ms
[2020-08-01T12:33:10.786+0300][41.995s][info ][gc] GC(1598) Pause Young (Concurrent Start) (G1 Evacuation Pause) 273M->275M(512M) 10.072ms
[2020-08-01T12:33:10.786+0300][41.995s][info ][gc] GC(1599) Concurrent Cycle
[2020-08-01T12:33:10.833+0300][42.042s][info ][gc] GC(1600) Pause Young (Normal) (G1 Evacuation Pause) 316M->318M(512M) 10.553ms
[2020-08-01T12:33:10.853+0300][42.062s][info ][gc] GC(1601) Pause Young (Normal) (G1 Evacuation Pause) 339M->340M(512M) 10.681ms
[2020-08-01T12:33:10.873+0300][42.083s][info ][gc] GC(1602) Pause Young (Normal) (G1 Evacuation Pause) 361M->362M(512M) 11.921ms
[2020-08-01T12:33:10.893+0300][42.103s][info ][gc] GC(1603) Pause Young (Normal) (G1 Evacuation Pause) 383M->385M(512M) 11.074ms
[2020-08-01T12:33:10.913+0300][42.122s][info ][gc] GC(1604) Pause Young (Normal) (G1 Evacuation Pause) 406M->407M(512M) 10.750ms
[2020-08-01T12:33:10.939+0300][42.148s][debug][gc] GC(1599) Reclaimed 129 empty regions
[2020-08-01T12:33:10.939+0300][42.148s][info ][gc] GC(1599) Pause Remark 443M->318M(512M) 0.624ms
[2020-08-01T12:33:10.954+0300][42.164s][info ][gc] GC(1605) Pause Young (Normal) (G1 Evacuation Pause) 323M->324M(512M) 11.197ms
[2020-08-01T12:33:10.981+0300][42.190s][info ][gc] GC(1606) Pause Young (Normal) (G1 Evacuation Pause) 345M->346M(512M) 12.024ms
[2020-08-01T12:33:11.006+0300][42.216s][info ][gc] GC(1607) Pause Young (Normal) (G1 Evacuation Pause) 367M->369M(512M) 10.799ms
[2020-08-01T12:33:11.032+0300][42.242s][info ][gc] GC(1608) Pause Young (Normal) (G1 Evacuation Pause) 390M->391M(512M) 10.646ms
[2020-08-01T12:33:11.058+0300][42.268s][info ][gc] GC(1609) Pause Young (Normal) (G1 Evacuation Pause) 412M->414M(512M) 10.575ms
[2020-08-01T12:33:11.084+0300][42.293s][info ][gc] GC(1610) Pause Young (Normal) (G1 Evacuation Pause) 435M->436M(512M) 10.493ms
[2020-08-01T12:33:11.131+0300][42.340s][info ][gc] GC(1611) Pause Young (Normal) (G1 Evacuation Pause) 477M->479M(512M) 10.738ms
[2020-08-01T12:33:11.170+0300][42.380s][info ][gc] GC(1612) To-space exhausted
[2020-08-01T12:33:11.170+0300][42.380s][info ][gc] GC(1612) Pause Young (Normal) (G1 Evacuation Pause) 500M->506M(512M) 24.954ms
[2020-08-01T12:33:11.175+0300][42.384s][info ][gc] GC(1599) Pause Cleanup 507M->507M(512M) 0.155ms
[2020-08-01T12:33:11.176+0300][42.385s][info ][gc] GC(1599) Concurrent Cycle 390.111ms
[2020-08-01T12:33:11.191+0300][42.401s][info ][gc] GC(1613) To-space exhausted
[2020-08-01T12:33:11.191+0300][42.401s][info ][gc] GC(1613) Pause Young (Normal) (G1 Evacuation Pause) 511M->511M(512M) 13.757ms
[2020-08-01T12:33:11.228+0300][42.437s][info ][gc] GC(1614) Pause Full (G1 Evacuation Pause) 511M->64M(512M) 36.681ms
[2020-08-01T12:33:11.255+0300][42.464s][info ][gc] GC(1615) Pause Young (Normal) (G1 Evacuation Pause) 96M->96M(512M) 13.619ms
[2020-08-01T12:33:11.278+0300][42.487s][info ][gc] GC(1616) Pause Young (Normal) (G1 Evacuation Pause) 123M->125M(512M) 12.634ms
[2020-08-01T12:33:11.352+0300][42.561s][info ][gc] GC(1617) Pause Young (Normal) (G1 Evacuation Pause) 167M->169M(512M) 27.804ms
[2020-08-01T12:33:11.377+0300][42.586s][info ][gc] GC(1618) Pause Young (Normal) (G1 Evacuation Pause) 190M->190M(512M) 12.594ms
[2020-08-01T12:33:11.396+0300][42.605s][info ][gc] GC(1619) Pause Young (Normal) (G1 Evacuation Pause) 211M->213M(512M) 10.591ms
[2020-08-01T12:33:11.415+0300][42.625s][info ][gc] GC(1620) Pause Young (Normal) (G1 Evacuation Pause) 234M->235M(512M) 10.858ms
[2020-08-01T12:33:11.434+0300][42.644s][info ][gc] GC(1621) Pause Young (Concurrent Start) (G1 Evacuation Pause) 256M->257M(512M) 10.389ms
[2020-08-01T12:33:11.434+0300][42.644s][info ][gc] GC(1622) Concurrent Cycle
[2020-08-01T12:33:11.454+0300][42.663s][info ][gc] GC(1623) Pause Young (Normal) (G1 Evacuation Pause) 278M->279M(512M) 10.427ms
[2020-08-01T12:33:11.487+0300][42.697s][info ][gc] GC(1624) Pause Young (Normal) (G1 Evacuation Pause) 320M->321M(512M) 10.284ms
[2020-08-01T12:33:11.507+0300][42.717s][info ][gc] GC(1625) Pause Young (Normal) (G1 Evacuation Pause) 342M->344M(512M) 11.358ms
[2020-08-01T12:33:11.526+0300][42.736s][info ][gc] GC(1626) Pause Young (Normal) (G1 Evacuation Pause) 365M->366M(512M) 10.381ms
[2020-08-01T12:33:11.546+0300][42.755s][info ][gc] GC(1627) Pause Young (Normal) (G1 Evacuation Pause) 387M->389M(512M) 10.459ms
[2020-08-01T12:33:11.565+0300][42.774s][info ][gc] GC(1628) Pause Young (Normal) (G1 Evacuation Pause) 410M->411M(512M) 10.252ms
[2020-08-01T12:33:11.581+0300][42.790s][debug][gc] GC(1622) Reclaimed 126 empty regions
[2020-08-01T12:33:11.581+0300][42.790s][info ][gc] GC(1622) Pause Remark 422M->298M(512M) 0.406ms
[2020-08-01T12:33:11.609+0300][42.818s][info ][gc] GC(1629) Pause Young (Normal) (G1 Evacuation Pause) 328M->329M(512M) 10.944ms
[2020-08-01T12:33:11.636+0300][42.845s][info ][gc] GC(1630) Pause Young (Normal) (G1 Evacuation Pause) 350M->352M(512M) 12.317ms
[2020-08-01T12:33:11.661+0300][42.870s][info ][gc] GC(1631) Pause Young (Normal) (G1 Evacuation Pause) 373M->375M(512M) 10.944ms
[2020-08-01T12:33:11.687+0300][42.896s][info ][gc] GC(1632) Pause Young (Normal) (G1 Evacuation Pause) 396M->397M(512M) 10.742ms
[2020-08-01T12:33:11.714+0300][42.923s][info ][gc] GC(1633) Pause Young (Normal) (G1 Evacuation Pause) 418M->418M(512M) 12.142ms
[2020-08-01T12:33:11.759+0300][42.968s][info ][gc] GC(1634) Pause Young (Normal) (G1 Evacuation Pause) 459M->461M(512M) 12.768ms
[2020-08-01T12:33:11.785+0300][42.995s][info ][gc] GC(1635) Pause Young (Normal) (G1 Evacuation Pause) 482M->483M(512M) 10.325ms
[2020-08-01T12:33:11.794+0300][43.003s][info ][gc] GC(1622) Pause Cleanup 487M->487M(512M) 0.121ms
[2020-08-01T12:33:11.794+0300][43.003s][info ][gc] GC(1622) Concurrent Cycle 359.814ms
[2020-08-01T12:33:11.831+0300][43.040s][info ][gc] GC(1636) To-space exhausted
[2020-08-01T12:33:11.831+0300][43.040s][info ][gc] GC(1636) Pause Young (Normal) (G1 Evacuation Pause) 504M->511M(512M) 29.960ms
[2020-08-01T12:33:11.868+0300][43.077s][info ][gc] GC(1637) Pause Full (G1 Evacuation Pause) 511M->63M(512M) 36.617ms
[2020-08-01T12:33:11.888+0300][43.098s][info ][gc] GC(1638) Pause Young (Normal) (G1 Evacuation Pause) 88M->89M(512M) 10.855ms
[2020-08-01T12:33:11.907+0300][43.116s][info ][gc] GC(1639) Pause Young (Normal) (G1 Evacuation Pause) 110M->111M(512M) 10.247ms
[2020-08-01T12:33:11.926+0300][43.135s][info ][gc] GC(1640) Pause Young (Normal) (G1 Evacuation Pause) 132M->134M(512M) 10.352ms
[2020-08-01T12:33:12.002+0300][43.212s][info ][gc] GC(1641) Pause Young (Normal) (G1 Evacuation Pause) 175M->176M(512M) 24.843ms
[2020-08-01T12:33:12.027+0300][43.236s][info ][gc] GC(1642) Pause Young (Normal) (G1 Evacuation Pause) 197M->199M(512M) 12.032ms
[2020-08-01T12:33:12.046+0300][43.255s][info ][gc] GC(1643) Pause Young (Normal) (G1 Evacuation Pause) 220M->222M(512M) 10.762ms
[2020-08-01T12:33:12.065+0300][43.274s][info ][gc] GC(1644) Pause Young (Normal) (G1 Evacuation Pause) 243M->244M(512M) 10.488ms
[2020-08-01T12:33:12.084+0300][43.294s][info ][gc] GC(1645) Pause Young (Concurrent Start) (G1 Evacuation Pause) 265M->267M(512M) 10.739ms
[2020-08-01T12:33:12.084+0300][43.294s][info ][gc] GC(1646) Concurrent Cycle
[2020-08-01T12:33:12.119+0300][43.328s][info ][gc] GC(1647) Pause Young (Normal) (G1 Evacuation Pause) 308M->311M(512M) 10.255ms
[2020-08-01T12:33:12.140+0300][43.350s][info ][gc] GC(1648) Pause Young (Normal) (G1 Evacuation Pause) 332M->333M(512M) 12.262ms
[2020-08-01T12:33:12.160+0300][43.370s][info ][gc] GC(1649) Pause Young (Normal) (G1 Evacuation Pause) 354M->356M(512M) 10.793ms
[2020-08-01T12:33:12.179+0300][43.389s][info ][gc] GC(1650) Pause Young (Normal) (G1 Evacuation Pause) 377M->378M(512M) 10.432ms
[2020-08-01T12:33:12.198+0300][43.407s][info ][gc] GC(1651) Pause Young (Normal) (G1 Evacuation Pause) 399M->401M(512M) 9.872ms
[2020-08-01T12:33:12.217+0300][43.427s][info ][gc] GC(1652) Pause Young (Normal) (G1 Evacuation Pause) 422M->423M(512M) 10.699ms
[2020-08-01T12:33:12.237+0300][43.446s][debug][gc] GC(1646) Reclaimed 131 empty regions
[2020-08-01T12:33:12.237+0300][43.446s][info ][gc] GC(1646) Pause Remark 428M->300M(512M) 0.495ms
[2020-08-01T12:33:12.264+0300][43.474s][info ][gc] GC(1653) Pause Young (Normal) (G1 Evacuation Pause) 336M->337M(512M) 10.261ms
[2020-08-01T12:33:12.290+0300][43.499s][info ][gc] GC(1654) Pause Young (Normal) (G1 Evacuation Pause) 358M->360M(512M) 10.543ms
[2020-08-01T12:33:12.316+0300][43.525s][info ][gc] GC(1655) Pause Young (Normal) (G1 Evacuation Pause) 381M->383M(512M) 10.584ms
[2020-08-01T12:33:12.342+0300][43.551s][info ][gc] GC(1656) Pause Young (Normal) (G1 Evacuation Pause) 404M->406M(512M) 11.615ms
[2020-08-01T12:33:12.369+0300][43.579s][info ][gc] GC(1657) Pause Young (Normal) (G1 Evacuation Pause) 427M->428M(512M) 12.015ms
[2020-08-01T12:33:12.417+0300][43.627s][info ][gc] GC(1658) Pause Young (Normal) (G1 Evacuation Pause) 469M->470M(512M) 10.218ms
[2020-08-01T12:33:12.449+0300][43.658s][info ][gc] GC(1659) To-space exhausted
[2020-08-01T12:33:12.449+0300][43.659s][info ][gc] GC(1659) Pause Young (Normal) (G1 Evacuation Pause) 491M->499M(512M) 16.240ms
[2020-08-01T12:33:12.452+0300][43.661s][info ][gc] GC(1646) Pause Cleanup 500M->500M(512M) 0.130ms
[2020-08-01T12:33:12.454+0300][43.663s][info ][gc] GC(1646) Concurrent Cycle 369.556ms
[2020-08-01T12:33:12.482+0300][43.691s][info ][gc] GC(1660) To-space exhausted
[2020-08-01T12:33:12.482+0300][43.691s][info ][gc] GC(1660) Pause Young (Normal) (G1 Evacuation Pause) 511M->511M(512M) 24.112ms
[2020-08-01T12:33:12.517+0300][43.727s][info ][gc] GC(1661) Pause Full (G1 Evacuation Pause) 511M->61M(512M) 35.120ms
[2020-08-01T12:33:12.537+0300][43.747s][info ][gc] GC(1662) Pause Young (Normal) (G1 Evacuation Pause) 86M->86M(512M) 10.188ms
[2020-08-01T12:33:12.556+0300][43.765s][info ][gc] GC(1663) Pause Young (Normal) (G1 Evacuation Pause) 107M->108M(512M) 10.311ms
[2020-08-01T12:33:12.575+0300][43.784s][info ][gc] GC(1664) Pause Young (Normal) (G1 Evacuation Pause) 129M->131M(512M) 10.430ms
[2020-08-01T12:33:12.647+0300][43.856s][info ][gc] GC(1665) Pause Young (Normal) (G1 Evacuation Pause) 172M->173M(512M) 24.669ms
[2020-08-01T12:33:12.671+0300][43.880s][info ][gc] GC(1666) Pause Young (Normal) (G1 Evacuation Pause) 194M->195M(512M) 11.672ms
[2020-08-01T12:33:12.691+0300][43.900s][info ][gc] GC(1667) Pause Young (Normal) (G1 Evacuation Pause) 216M->218M(512M) 10.395ms
[2020-08-01T12:33:12.710+0300][43.919s][info ][gc] GC(1668) Pause Young (Normal) (G1 Evacuation Pause) 239M->240M(512M) 10.272ms
[2020-08-01T12:33:12.729+0300][43.938s][info ][gc] GC(1669) Pause Young (Concurrent Start) (G1 Evacuation Pause) 261M->262M(512M) 10.433ms
[2020-08-01T12:33:12.729+0300][43.938s][info ][gc] GC(1670) Concurrent Cycle
[2020-08-01T12:33:12.771+0300][43.981s][info ][gc] GC(1671) Pause Young (Normal) (G1 Evacuation Pause) 303M->304M(512M) 10.203ms
[2020-08-01T12:33:12.790+0300][44.000s][info ][gc] GC(1672) Pause Young (Normal) (G1 Evacuation Pause) 325M->327M(512M) 10.303ms
[2020-08-01T12:33:12.809+0300][44.019s][info ][gc] GC(1673) Pause Young (Normal) (G1 Evacuation Pause) 348M->349M(512M) 10.413ms
[2020-08-01T12:33:12.830+0300][44.039s][info ][gc] GC(1674) Pause Young (Normal) (G1 Evacuation Pause) 370M->372M(512M) 11.876ms
[2020-08-01T12:33:12.849+0300][44.058s][info ][gc] GC(1675) Pause Young (Normal) (G1 Evacuation Pause) 393M->394M(512M) 10.360ms
[2020-08-01T12:33:12.868+0300][44.077s][info ][gc] GC(1676) Pause Young (Normal) (G1 Evacuation Pause) 415M->417M(512M) 10.130ms
[2020-08-01T12:33:12.878+0300][44.087s][debug][gc] GC(1670) Reclaimed 129 empty regions
[2020-08-01T12:33:12.878+0300][44.087s][info ][gc] GC(1670) Pause Remark 424M->299M(512M) 0.450ms
[2020-08-01T12:33:12.902+0300][44.112s][info ][gc] GC(1677) Pause Young (Normal) (G1 Evacuation Pause) 332M->333M(512M) 10.357ms
[2020-08-01T12:33:12.927+0300][44.136s][info ][gc] GC(1678) Pause Young (Normal) (G1 Evacuation Pause) 354M->355M(512M) 10.452ms
[2020-08-01T12:33:12.953+0300][44.162s][info ][gc] GC(1679) Pause Young (Normal) (G1 Evacuation Pause) 376M->378M(512M) 10.498ms
[2020-08-01T12:33:12.977+0300][44.187s][info ][gc] GC(1680) Pause Young (Normal) (G1 Evacuation Pause) 399M->400M(512M) 11.261ms
[2020-08-01T12:33:13.002+0300][44.212s][info ][gc] GC(1681) Pause Young (Normal) (G1 Evacuation Pause) 421M->423M(512M) 10.417ms
[2020-08-01T12:33:13.054+0300][44.264s][info ][gc] GC(1682) Pause Young (Normal) (G1 Evacuation Pause) 464M->465M(512M) 10.432ms
[2020-08-01T12:33:13.080+0300][44.289s][info ][gc] GC(1683) To-space exhausted
[2020-08-01T12:33:13.080+0300][44.290s][info ][gc] GC(1683) Pause Young (Normal) (G1 Evacuation Pause) 486M->489M(512M) 11.491ms
[2020-08-01T12:33:13.086+0300][44.295s][info ][gc] GC(1670) Pause Cleanup 490M->490M(512M) 0.122ms
[2020-08-01T12:33:13.086+0300][44.295s][info ][gc] GC(1670) Concurrent Cycle 357.200ms
[2020-08-01T12:33:13.130+0300][44.339s][info ][gc] GC(1684) To-space exhausted
[2020-08-01T12:33:13.130+0300][44.340s][info ][gc] GC(1684) Pause Young (Normal) (G1 Evacuation Pause) 510M->511M(512M) 35.708ms
[2020-08-01T12:33:13.170+0300][44.380s][info ][gc] GC(1685) Pause Full (G1 Evacuation Pause) 511M->67M(512M) 40.069ms
[2020-08-01T12:33:13.191+0300][44.400s][info ][gc] GC(1686) Pause Young (Normal) (G1 Evacuation Pause) 92M->93M(512M) 10.593ms
[2020-08-01T12:33:13.210+0300][44.419s][info ][gc] GC(1687) Pause Young (Normal) (G1 Evacuation Pause) 114M->115M(512M) 10.227ms
[2020-08-01T12:33:13.229+0300][44.438s][info ][gc] GC(1688) Pause Young (Normal) (G1 Evacuation Pause) 136M->137M(512M) 10.485ms
[2020-08-01T12:33:13.263+0300][44.472s][info ][gc] GC(1689) Pause Young (Normal) (G1 Evacuation Pause) 178M->180M(512M) 10.302ms
[2020-08-01T12:33:13.282+0300][44.492s][info ][gc] GC(1690) Pause Young (Normal) (G1 Evacuation Pause) 201M->203M(512M) 10.865ms
[2020-08-01T12:33:13.301+0300][44.510s][info ][gc] GC(1691) Pause Young (Normal) (G1 Evacuation Pause) 224M->225M(512M) 10.407ms
[2020-08-01T12:33:13.320+0300][44.529s][info ][gc] GC(1692) Pause Young (Normal) (G1 Evacuation Pause) 246M->247M(512M) 10.362ms
[2020-08-01T12:33:13.339+0300][44.548s][info ][gc] GC(1693) Pause Young (Concurrent Start) (G1 Evacuation Pause) 268M->270M(512M) 11.076ms
[2020-08-01T12:33:13.339+0300][44.549s][info ][gc] GC(1694) Concurrent Cycle
[2020-08-01T12:33:13.387+0300][44.596s][info ][gc] GC(1695) Pause Young (Normal) (G1 Evacuation Pause) 311M->312M(512M) 10.624ms
[2020-08-01T12:33:13.406+0300][44.616s][info ][gc] GC(1696) Pause Young (Normal) (G1 Evacuation Pause) 333M->334M(512M) 10.954ms
[2020-08-01T12:33:13.425+0300][44.635s][info ][gc] GC(1697) Pause Young (Normal) (G1 Evacuation Pause) 355M->356M(512M) 10.416ms
[2020-08-01T12:33:13.444+0300][44.654s][info ][gc] GC(1698) Pause Young (Normal) (G1 Evacuation Pause) 377M->378M(512M) 10.315ms
[2020-08-01T12:33:13.463+0300][44.672s][info ][gc] GC(1699) Pause Young (Normal) (G1 Evacuation Pause) 399M->401M(512M) 9.888ms
[2020-08-01T12:33:13.482+0300][44.692s][info ][gc] GC(1700) Pause Young (Normal) (G1 Evacuation Pause) 422M->423M(512M) 10.401ms
[2020-08-01T12:33:13.494+0300][44.704s][debug][gc] GC(1694) Reclaimed 132 empty regions
[2020-08-01T12:33:13.494+0300][44.704s][info ][gc] GC(1694) Pause Remark 424M->293M(512M) 0.434ms
[2020-08-01T12:33:13.529+0300][44.738s][info ][gc] GC(1701) Pause Young (Normal) (G1 Evacuation Pause) 333M->335M(512M) 10.710ms
[2020-08-01T12:33:13.555+0300][44.764s][info ][gc] GC(1702) Pause Young (Normal) (G1 Evacuation Pause) 356M->357M(512M) 10.544ms
[2020-08-01T12:33:13.580+0300][44.789s][info ][gc] GC(1703) Pause Young (Normal) (G1 Evacuation Pause) 378M->379M(512M) 10.640ms
[2020-08-01T12:33:13.608+0300][44.817s][info ][gc] GC(1704) Pause Young (Normal) (G1 Evacuation Pause) 400M->402M(512M) 11.759ms
[2020-08-01T12:33:13.633+0300][44.842s][info ][gc] GC(1705) Pause Young (Normal) (G1 Evacuation Pause) 423M->424M(512M) 10.670ms
[2020-08-01T12:33:13.683+0300][44.892s][info ][gc] GC(1706) Pause Young (Normal) (G1 Evacuation Pause) 465M->467M(512M) 11.129ms
[2020-08-01T12:33:13.695+0300][44.904s][info ][gc] GC(1694) Pause Cleanup 481M->481M(512M) 0.129ms
[2020-08-01T12:33:13.695+0300][44.905s][info ][gc] GC(1694) Concurrent Cycle 356.149ms
[2020-08-01T12:33:13.710+0300][44.920s][info ][gc] GC(1707) To-space exhausted
[2020-08-01T12:33:13.711+0300][44.920s][info ][gc] GC(1707) Pause Young (Normal) (G1 Evacuation Pause) 488M->494M(512M) 12.693ms
[2020-08-01T12:33:13.750+0300][44.959s][info ][gc] GC(1708) To-space exhausted
[2020-08-01T12:33:13.750+0300][44.959s][info ][gc] GC(1708) Pause Young (Concurrent Start) (G1 Evacuation Pause) 511M->511M(512M) 32.652ms
[2020-08-01T12:33:13.750+0300][44.959s][info ][gc] GC(1710) Concurrent Cycle
[2020-08-01T12:33:13.751+0300][44.960s][debug][gc] GC(1709) Clear Next Bitmap 0.354ms
[2020-08-01T12:33:13.792+0300][45.001s][info ][gc] GC(1709) Pause Full (G1 Evacuation Pause) 511M->70M(512M) 41.667ms
[2020-08-01T12:33:13.792+0300][45.001s][info ][gc] GC(1710) Concurrent Cycle 41.956ms
[2020-08-01T12:33:13.815+0300][45.025s][info ][gc] GC(1711) Pause Young (Normal) (G1 Evacuation Pause) 97M->97M(512M) 12.504ms
[2020-08-01T12:33:13.836+0300][45.046s][info ][gc] GC(1712) Pause Young (Normal) (G1 Evacuation Pause) 121M->122M(512M) 11.207ms
[2020-08-01T12:33:13.880+0300][45.089s][info ][gc] GC(1713) Pause Young (Normal) (G1 Evacuation Pause) 163M->165M(512M) 9.872ms
[2020-08-01T12:33:13.898+0300][45.107s][info ][gc] GC(1714) Pause Young (Normal) (G1 Evacuation Pause) 186M->187M(512M) 9.700ms
[2020-08-01T12:33:13.917+0300][45.126s][info ][gc] GC(1715) Pause Young (Normal) (G1 Evacuation Pause) 208M->210M(512M) 10.750ms
[2020-08-01T12:33:13.936+0300][45.145s][info ][gc] GC(1716) Pause Young (Normal) (G1 Evacuation Pause) 231M->232M(512M) 10.440ms
[2020-08-01T12:33:13.955+0300][45.164s][info ][gc] GC(1717) Pause Young (Concurrent Start) (G1 Evacuation Pause) 253M->254M(512M) 10.385ms
[2020-08-01T12:33:13.955+0300][45.164s][info ][gc] GC(1718) Concurrent Cycle
[2020-08-01T12:33:13.974+0300][45.183s][info ][gc] GC(1719) Pause Young (Normal) (G1 Evacuation Pause) 275M->276M(512M) 10.302ms
[2020-08-01T12:33:14.010+0300][45.220s][info ][gc] GC(1720) Pause Young (Normal) (G1 Evacuation Pause) 317M->318M(512M) 10.421ms
[2020-08-01T12:33:14.031+0300][45.240s][info ][gc] GC(1721) Pause Young (Normal) (G1 Evacuation Pause) 339M->340M(512M) 11.220ms
[2020-08-01T12:33:14.050+0300][45.259s][info ][gc] GC(1722) Pause Young (Normal) (G1 Evacuation Pause) 361M->363M(512M) 10.223ms
[2020-08-01T12:33:14.069+0300][45.278s][info ][gc] GC(1723) Pause Young (Normal) (G1 Evacuation Pause) 384M->386M(512M) 10.498ms
[2020-08-01T12:33:14.089+0300][45.298s][info ][gc] GC(1724) Pause Young (Normal) (G1 Evacuation Pause) 407M->408M(512M) 10.874ms
[2020-08-01T12:33:14.098+0300][45.307s][debug][gc] GC(1718) Reclaimed 130 empty regions
[2020-08-01T12:33:14.098+0300][45.307s][info ][gc] GC(1718) Pause Remark 422M->295M(512M) 0.408ms
[2020-08-01T12:33:14.131+0300][45.340s][info ][gc] GC(1725) Pause Young (Normal) (G1 Evacuation Pause) 322M->324M(512M) 10.636ms
[2020-08-01T12:33:14.157+0300][45.366s][info ][gc] GC(1726) Pause Young (Normal) (G1 Evacuation Pause) 345M->346M(512M) 10.669ms
[2020-08-01T12:33:14.182+0300][45.391s][info ][gc] GC(1727) Pause Young (Normal) (G1 Evacuation Pause) 367M->368M(512M) 10.459ms
[2020-08-01T12:33:14.205+0300][45.414s][info ][gc] GC(1728) Pause Young (Normal) (G1 Evacuation Pause) 389M->391M(512M) 10.329ms
[2020-08-01T12:33:14.232+0300][45.442s][info ][gc] GC(1729) Pause Young (Normal) (G1 Evacuation Pause) 412M->414M(512M) 10.787ms
[2020-08-01T12:33:14.258+0300][45.467s][info ][gc] GC(1730) Pause Young (Normal) (G1 Evacuation Pause) 435M->437M(512M) 10.863ms
[2020-08-01T12:33:14.292+0300][45.501s][info ][gc] GC(1718) Pause Cleanup 463M->463M(512M) 0.135ms
[2020-08-01T12:33:14.293+0300][45.502s][info ][gc] GC(1718) Concurrent Cycle 338.094ms
[2020-08-01T12:33:14.309+0300][45.518s][info ][gc] GC(1731) Pause Young (Normal) (G1 Evacuation Pause) 478M->479M(512M) 10.571ms
[2020-08-01T12:33:14.344+0300][45.553s][info ][gc] GC(1732) To-space exhausted
[2020-08-01T12:33:14.344+0300][45.553s][info ][gc] GC(1732) Pause Young (Concurrent Start) (G1 Evacuation Pause) 500M->507M(512M) 26.799ms
[2020-08-01T12:33:14.344+0300][45.553s][info ][gc] GC(1733) Concurrent Cycle
[2020-08-01T12:33:14.361+0300][45.570s][info ][gc] GC(1734) To-space exhausted
[2020-08-01T12:33:14.361+0300][45.570s][info ][gc] GC(1734) Pause Young (Normal) (G1 Evacuation Pause) 511M->511M(512M) 13.302ms
[2020-08-01T12:33:14.362+0300][45.571s][debug][gc] GC(1735) Clear Next Bitmap 0.394ms
[2020-08-01T12:33:14.400+0300][45.610s][info ][gc] GC(1735) Pause Full (G1 Evacuation Pause) 511M->64M(512M) 39.002ms
[2020-08-01T12:33:14.400+0300][45.610s][info ][gc] GC(1733) Concurrent Cycle 56.504ms
[2020-08-01T12:33:14.424+0300][45.633s][info ][gc] GC(1736) Pause Young (Normal) (G1 Evacuation Pause) 92M->93M(512M) 12.165ms
[2020-08-01T12:33:14.446+0300][45.655s][info ][gc] GC(1737) Pause Young (Normal) (G1 Evacuation Pause) 118M->118M(512M) 12.136ms
[2020-08-01T12:33:14.510+0300][45.720s][info ][gc] GC(1738) Pause Young (Normal) (G1 Evacuation Pause) 159M->160M(512M) 22.728ms
[2020-08-01T12:33:14.534+0300][45.743s][info ][gc] GC(1739) Pause Young (Normal) (G1 Evacuation Pause) 181M->183M(512M) 11.652ms
[2020-08-01T12:33:14.553+0300][45.762s][info ][gc] GC(1740) Pause Young (Normal) (G1 Evacuation Pause) 204M->205M(512M) 10.679ms
[2020-08-01T12:33:14.572+0300][45.781s][info ][gc] GC(1741) Pause Young (Normal) (G1 Evacuation Pause) 226M->227M(512M) 10.148ms
[2020-08-01T12:33:14.590+0300][45.800s][info ][gc] GC(1742) Pause Young (Normal) (G1 Evacuation Pause) 248M->250M(512M) 10.358ms
[2020-08-01T12:33:14.609+0300][45.818s][info ][gc] GC(1743) Pause Young (Concurrent Start) (G1 Evacuation Pause) 271M->272M(512M) 10.454ms
[2020-08-01T12:33:14.609+0300][45.818s][info ][gc] GC(1744) Concurrent Cycle
[2020-08-01T12:33:14.648+0300][45.857s][info ][gc] GC(1745) Pause Young (Normal) (G1 Evacuation Pause) 313M->315M(512M) 10.201ms
[2020-08-01T12:33:14.670+0300][45.879s][info ][gc] GC(1746) Pause Young (Normal) (G1 Evacuation Pause) 336M->337M(512M) 11.831ms
[2020-08-01T12:33:14.692+0300][45.901s][info ][gc] GC(1747) Pause Young (Normal) (G1 Evacuation Pause) 358M->359M(512M) 12.683ms
[2020-08-01T12:33:14.711+0300][45.921s][info ][gc] GC(1748) Pause Young (Normal) (G1 Evacuation Pause) 380M->382M(512M) 10.880ms
[2020-08-01T12:33:14.731+0300][45.940s][info ][gc] GC(1749) Pause Young (Normal) (G1 Evacuation Pause) 403M->404M(512M) 10.434ms
[2020-08-01T12:33:14.768+0300][45.977s][info ][gc] GC(1750) Pause Young (Normal) (G1 Evacuation Pause) 445M->447M(512M) 10.252ms
[2020-08-01T12:33:14.772+0300][45.981s][debug][gc] GC(1744) Reclaimed 131 empty regions
[2020-08-01T12:33:14.772+0300][45.981s][info ][gc] GC(1744) Pause Remark 456M->329M(512M) 0.440ms
[2020-08-01T12:33:14.788+0300][45.998s][info ][gc] GC(1751) Pause Young (Normal) (G1 Evacuation Pause) 341M->342M(512M) 11.016ms
[2020-08-01T12:33:14.816+0300][46.025s][info ][gc] GC(1752) Pause Young (Normal) (G1 Evacuation Pause) 363M->365M(512M) 10.528ms
[2020-08-01T12:33:14.842+0300][46.051s][info ][gc] GC(1753) Pause Young (Normal) (G1 Evacuation Pause) 386M->387M(512M) 10.608ms
[2020-08-01T12:33:14.868+0300][46.077s][info ][gc] GC(1754) Pause Young (Normal) (G1 Evacuation Pause) 408M->410M(512M) 10.735ms
[2020-08-01T12:33:14.894+0300][46.103s][info ][gc] GC(1755) Pause Young (Normal) (G1 Evacuation Pause) 431M->433M(512M) 10.591ms
[2020-08-01T12:33:14.931+0300][46.140s][info ][gc] GC(1756) Pause Young (Normal) (G1 Evacuation Pause) 474M->475M(512M) 11.051ms
[2020-08-01T12:33:14.966+0300][46.175s][info ][gc] GC(1757) To-space exhausted
[2020-08-01T12:33:14.966+0300][46.175s][info ][gc] GC(1757) Pause Young (Normal) (G1 Evacuation Pause) 496M->504M(512M) 20.657ms
[2020-08-01T12:33:14.986+0300][46.196s][info ][gc] GC(1758) To-space exhausted
[2020-08-01T12:33:14.986+0300][46.196s][info ][gc] GC(1758) Pause Young (Normal) (G1 Evacuation Pause) 511M->511M(512M) 17.095ms
[2020-08-01T12:33:14.987+0300][46.196s][debug][gc] GC(1759) Clear Next Bitmap 0.409ms
[2020-08-01T12:33:15.026+0300][46.235s][info ][gc] GC(1759) Pause Full (G1 Evacuation Pause) 511M->64M(512M) 39.301ms
[2020-08-01T12:33:15.026+0300][46.235s][info ][gc] GC(1744) Concurrent Cycle 416.864ms
[2020-08-01T12:33:15.046+0300][46.256s][info ][gc] GC(1760) Pause Young (Normal) (G1 Evacuation Pause) 89M->89M(512M) 10.588ms
[2020-08-01T12:33:15.065+0300][46.275s][info ][gc] GC(1761) Pause Young (Normal) (G1 Evacuation Pause) 111M->112M(512M) 10.063ms
[2020-08-01T12:33:15.084+0300][46.294s][info ][gc] GC(1762) Pause Young (Normal) (G1 Evacuation Pause) 133M->135M(512M) 10.619ms
[2020-08-01T12:33:15.115+0300][46.325s][info ][gc] GC(1763) Pause Young (Normal) (G1 Evacuation Pause) 176M->177M(512M) 10.656ms
[2020-08-01T12:33:15.135+0300][46.344s][info ][gc] GC(1764) Pause Young (Normal) (G1 Evacuation Pause) 198M->199M(512M) 10.439ms
[2020-08-01T12:33:15.154+0300][46.364s][info ][gc] GC(1765) Pause Young (Normal) (G1 Evacuation Pause) 220M->222M(512M) 11.417ms
[2020-08-01T12:33:15.173+0300][46.382s][info ][gc] GC(1766) Pause Young (Normal) (G1 Evacuation Pause) 243M->245M(512M) 10.221ms
[2020-08-01T12:33:15.191+0300][46.401s][info ][gc] GC(1767) Pause Young (Concurrent Start) (G1 Evacuation Pause) 266M->267M(512M) 10.054ms
[2020-08-01T12:33:15.191+0300][46.401s][info ][gc] GC(1768) Concurrent Cycle
[2020-08-01T12:33:15.237+0300][46.447s][info ][gc] GC(1769) Pause Young (Normal) (G1 Evacuation Pause) 308M->310M(512M) 10.134ms
[2020-08-01T12:33:15.257+0300][46.466s][info ][gc] GC(1770) Pause Young (Normal) (G1 Evacuation Pause) 331M->332M(512M) 10.630ms
[2020-08-01T12:33:15.276+0300][46.485s][info ][gc] GC(1771) Pause Young (Normal) (G1 Evacuation Pause) 353M->354M(512M) 10.384ms
[2020-08-01T12:33:15.296+0300][46.505s][info ][gc] GC(1772) Pause Young (Normal) (G1 Evacuation Pause) 375M->377M(512M) 11.900ms
[2020-08-01T12:33:15.316+0300][46.525s][info ][gc] GC(1773) Pause Young (Normal) (G1 Evacuation Pause) 398M->400M(512M) 10.480ms
[2020-08-01T12:33:15.335+0300][46.544s][info ][gc] GC(1774) Pause Young (Normal) (G1 Evacuation Pause) 421M->422M(512M) 10.080ms
[2020-08-01T12:33:15.345+0300][46.554s][debug][gc] GC(1768) Reclaimed 130 empty regions
[2020-08-01T12:33:15.345+0300][46.555s][info ][gc] GC(1768) Pause Remark 425M->298M(512M) 0.418ms
[2020-08-01T12:33:15.382+0300][46.591s][info ][gc] GC(1775) Pause Young (Normal) (G1 Evacuation Pause) 336M->337M(512M) 10.813ms
[2020-08-01T12:33:15.410+0300][46.620s][info ][gc] GC(1776) Pause Young (Normal) (G1 Evacuation Pause) 358M->359M(512M) 10.526ms
[2020-08-01T12:33:15.437+0300][46.647s][info ][gc] GC(1777) Pause Young (Normal) (G1 Evacuation Pause) 380M->382M(512M) 12.078ms
[2020-08-01T12:33:15.463+0300][46.672s][info ][gc] GC(1778) Pause Young (Normal) (G1 Evacuation Pause) 403M->404M(512M) 10.561ms
[2020-08-01T12:33:15.489+0300][46.698s][info ][gc] GC(1779) Pause Young (Normal) (G1 Evacuation Pause) 425M->427M(512M) 10.577ms
[2020-08-01T12:33:15.535+0300][46.744s][info ][gc] GC(1780) Pause Young (Normal) (G1 Evacuation Pause) 468M->469M(512M) 10.875ms
[2020-08-01T12:33:15.542+0300][46.751s][info ][gc] GC(1768) Pause Cleanup 471M->471M(512M) 0.172ms
[2020-08-01T12:33:15.542+0300][46.751s][info ][gc] GC(1768) Concurrent Cycle 350.603ms
[2020-08-01T12:33:15.565+0300][46.774s][info ][gc] GC(1781) To-space exhausted
[2020-08-01T12:33:15.565+0300][46.774s][info ][gc] GC(1781) Pause Young (Normal) (G1 Evacuation Pause) 490M->499M(512M) 14.861ms
[2020-08-01T12:33:15.596+0300][46.805s][info ][gc] GC(1782) To-space exhausted
[2020-08-01T12:33:15.596+0300][46.805s][info ][gc] GC(1782) Pause Young (Concurrent Start) (G1 Evacuation Pause) 511M->511M(512M) 25.994ms
[2020-08-01T12:33:15.596+0300][46.805s][info ][gc] GC(1784) Concurrent Cycle
[2020-08-01T12:33:15.596+0300][46.806s][debug][gc] GC(1783) Clear Next Bitmap 0.280ms
[2020-08-01T12:33:15.633+0300][46.842s][info ][gc] GC(1783) Pause Full (G1 Evacuation Pause) 511M->63M(512M) 36.944ms
[2020-08-01T12:33:15.633+0300][46.842s][info ][gc] GC(1784) Concurrent Cycle 37.229ms
[2020-08-01T12:33:15.657+0300][46.867s][info ][gc] GC(1785) Pause Young (Normal) (G1 Evacuation Pause) 91M->91M(512M) 12.834ms
[2020-08-01T12:33:15.679+0300][46.888s][info ][gc] GC(1786) Pause Young (Normal) (G1 Evacuation Pause) 115M->117M(512M) 11.528ms
[2020-08-01T12:33:15.698+0300][46.907s][info ][gc] GC(1787) Pause Young (Normal) (G1 Evacuation Pause) 138M->139M(512M) 10.469ms
[2020-08-01T12:33:15.739+0300][46.948s][info ][gc] GC(1788) Pause Young (Normal) (G1 Evacuation Pause) 180M->182M(512M) 10.494ms
[2020-08-01T12:33:15.758+0300][46.968s][info ][gc] GC(1789) Pause Young (Normal) (G1 Evacuation Pause) 203M->204M(512M) 10.620ms
[2020-08-01T12:33:15.777+0300][46.987s][info ][gc] GC(1790) Pause Young (Normal) (G1 Evacuation Pause) 225M->227M(512M) 10.558ms
[2020-08-01T12:33:15.796+0300][47.006s][info ][gc] GC(1791) Pause Young (Normal) (G1 Evacuation Pause) 248M->249M(512M) 10.650ms
[2020-08-01T12:33:15.815+0300][47.024s][info ][gc] GC(1792) Pause Young (Concurrent Start) (G1 Evacuation Pause) 270M->272M(512M) 10.333ms
[2020-08-01T12:33:15.815+0300][47.024s][info ][gc] GC(1793) Concurrent Cycle
[2020-08-01T12:33:15.861+0300][47.070s][info ][gc] GC(1794) Pause Young (Normal) (G1 Evacuation Pause) 313M->314M(512M) 10.836ms
[2020-08-01T12:33:15.880+0300][47.089s][info ][gc] GC(1795) Pause Young (Normal) (G1 Evacuation Pause) 335M->337M(512M) 10.275ms
[2020-08-01T12:33:15.899+0300][47.109s][info ][gc] GC(1796) Pause Young (Normal) (G1 Evacuation Pause) 358M->359M(512M) 10.350ms
[2020-08-01T12:33:15.918+0300][47.128s][info ][gc] GC(1797) Pause Young (Normal) (G1 Evacuation Pause) 380M->382M(512M) 10.162ms
[2020-08-01T12:33:15.938+0300][47.147s][info ][gc] GC(1798) Pause Young (Normal) (G1 Evacuation Pause) 404M->406M(512M) 10.411ms
[2020-08-01T12:33:15.959+0300][47.168s][debug][gc] GC(1793) Reclaimed 135 empty regions
[2020-08-01T12:33:15.959+0300][47.168s][info ][gc] GC(1793) Pause Remark 425M->293M(512M) 0.416ms
[2020-08-01T12:33:15.983+0300][47.192s][info ][gc] GC(1799) Pause Young (Normal) (G1 Evacuation Pause) 314M->316M(512M) 10.455ms
[2020-08-01T12:33:16.009+0300][47.218s][info ][gc] GC(1800) Pause Young (Normal) (G1 Evacuation Pause) 338M->339M(512M) 10.939ms
[2020-08-01T12:33:16.035+0300][47.245s][info ][gc] GC(1801) Pause Young (Normal) (G1 Evacuation Pause) 360M->361M(512M) 11.745ms
[2020-08-01T12:33:16.062+0300][47.271s][info ][gc] GC(1802) Pause Young (Normal) (G1 Evacuation Pause) 382M->384M(512M) 11.470ms
[2020-08-01T12:33:16.087+0300][47.297s][info ][gc] GC(1803) Pause Young (Normal) (G1 Evacuation Pause) 405M->407M(512M) 10.492ms
[2020-08-01T12:33:16.113+0300][47.322s][info ][gc] GC(1804) Pause Young (Normal) (G1 Evacuation Pause) 428M->430M(512M) 10.321ms
[2020-08-01T12:33:16.158+0300][47.368s][info ][gc] GC(1805) Pause Young (Normal) (G1 Evacuation Pause) 471M->472M(512M) 10.956ms
[2020-08-01T12:33:16.163+0300][47.373s][info ][gc] GC(1793) Pause Cleanup 472M->472M(512M) 0.129ms
[2020-08-01T12:33:16.164+0300][47.373s][info ][gc] GC(1793) Concurrent Cycle 348.864ms
[2020-08-01T12:33:16.190+0300][47.399s][info ][gc] GC(1806) To-space exhausted
[2020-08-01T12:33:16.190+0300][47.399s][info ][gc] GC(1806) Pause Young (Normal) (G1 Evacuation Pause) 493M->497M(512M) 17.685ms
[2020-08-01T12:33:16.224+0300][47.433s][info ][gc] GC(1807) To-space exhausted
[2020-08-01T12:33:16.224+0300][47.433s][info ][gc] GC(1807) Pause Young (Concurrent Start) (G1 Evacuation Pause) 511M->511M(512M) 27.984ms
[2020-08-01T12:33:16.224+0300][47.433s][info ][gc] GC(1809) Concurrent Cycle
[2020-08-01T12:33:16.224+0300][47.434s][debug][gc] GC(1808) Clear Next Bitmap 0.277ms
[2020-08-01T12:33:16.266+0300][47.475s][info ][gc] GC(1808) Pause Full (G1 Evacuation Pause) 511M->70M(512M) 41.953ms
[2020-08-01T12:33:16.266+0300][47.475s][info ][gc] GC(1809) Concurrent Cycle 42.235ms
[2020-08-01T12:33:16.290+0300][47.499s][info ][gc] GC(1810) Pause Young (Normal) (G1 Evacuation Pause) 100M->100M(512M) 12.362ms
[2020-08-01T12:33:16.312+0300][47.522s][info ][gc] GC(1811) Pause Young (Normal) (G1 Evacuation Pause) 126M->128M(512M) 12.053ms
[2020-08-01T12:33:16.359+0300][47.568s][info ][gc] GC(1812) Pause Young (Normal) (G1 Evacuation Pause) 170M->172M(512M) 10.838ms
[2020-08-01T12:33:16.378+0300][47.587s][info ][gc] GC(1813) Pause Young (Normal) (G1 Evacuation Pause) 193M->195M(512M) 10.652ms
[2020-08-01T12:33:16.397+0300][47.607s][info ][gc] GC(1814) Pause Young (Normal) (G1 Evacuation Pause) 216M->217M(512M) 10.942ms
[2020-08-01T12:33:16.416+0300][47.625s][info ][gc] GC(1815) Pause Young (Normal) (G1 Evacuation Pause) 238M->239M(512M) 10.449ms
[2020-08-01T12:33:16.435+0300][47.645s][info ][gc] GC(1816) Pause Young (Concurrent Start) (G1 Evacuation Pause) 260M->262M(512M) 10.536ms
[2020-08-01T12:33:16.435+0300][47.645s][info ][gc] GC(1817) Concurrent Cycle
[2020-08-01T12:33:16.480+0300][47.690s][info ][gc] GC(1818) Pause Young (Normal) (G1 Evacuation Pause) 303M->304M(512M) 10.631ms
[2020-08-01T12:33:16.503+0300][47.712s][info ][gc] GC(1819) Pause Young (Normal) (G1 Evacuation Pause) 325M->327M(512M) 12.762ms
[2020-08-01T12:33:16.522+0300][47.731s][info ][gc] GC(1820) Pause Young (Normal) (G1 Evacuation Pause) 348M->349M(512M) 10.400ms
[2020-08-01T12:33:16.541+0300][47.750s][info ][gc] GC(1821) Pause Young (Normal) (G1 Evacuation Pause) 370M->372M(512M) 10.346ms
[2020-08-01T12:33:16.561+0300][47.770s][info ][gc] GC(1822) Pause Young (Normal) (G1 Evacuation Pause) 393M->395M(512M) 11.184ms
[2020-08-01T12:33:16.581+0300][47.790s][info ][gc] GC(1823) Pause Young (Normal) (G1 Evacuation Pause) 416M->417M(512M) 11.247ms
[2020-08-01T12:33:16.588+0300][47.797s][debug][gc] GC(1817) Reclaimed 130 empty regions
[2020-08-01T12:33:16.588+0300][47.797s][info ][gc] GC(1817) Pause Remark 424M->298M(512M) 0.416ms
[2020-08-01T12:33:16.624+0300][47.834s][info ][gc] GC(1824) Pause Young (Normal) (G1 Evacuation Pause) 331M->332M(512M) 11.281ms
[2020-08-01T12:33:16.653+0300][47.862s][info ][gc] GC(1825) Pause Young (Normal) (G1 Evacuation Pause) 353M->355M(512M) 10.527ms
[2020-08-01T12:33:16.679+0300][47.889s][info ][gc] GC(1826) Pause Young (Normal) (G1 Evacuation Pause) 376M->378M(512M) 12.186ms
[2020-08-01T12:33:16.705+0300][47.915s][info ][gc] GC(1827) Pause Young (Normal) (G1 Evacuation Pause) 399M->400M(512M) 10.660ms
[2020-08-01T12:33:16.733+0300][47.943s][info ][gc] GC(1828) Pause Young (Normal) (G1 Evacuation Pause) 421M->423M(512M) 10.600ms
[2020-08-01T12:33:16.776+0300][47.985s][info ][gc] GC(1829) Pause Young (Normal) (G1 Evacuation Pause) 464M->465M(512M) 11.410ms
[2020-08-01T12:33:16.801+0300][48.010s][info ][gc] GC(1830) To-space exhausted
[2020-08-01T12:33:16.801+0300][48.011s][info ][gc] GC(1830) Pause Young (Normal) (G1 Evacuation Pause) 486M->489M(512M) 11.305ms
[2020-08-01T12:33:16.808+0300][48.017s][info ][gc] GC(1817) Pause Cleanup 495M->495M(512M) 0.127ms
[2020-08-01T12:33:16.808+0300][48.018s][info ][gc] GC(1817) Concurrent Cycle 373.018ms
[2020-08-01T12:33:16.850+0300][48.059s][info ][gc] GC(1831) To-space exhausted
[2020-08-01T12:33:16.850+0300][48.059s][info ][gc] GC(1831) Pause Young (Normal) (G1 Evacuation Pause) 510M->511M(512M) 35.983ms
[2020-08-01T12:33:16.891+0300][48.101s][info ][gc] GC(1832) Pause Full (G1 Evacuation Pause) 511M->67M(512M) 41.068ms
[2020-08-01T12:33:16.915+0300][48.124s][info ][gc] GC(1833) Pause Young (Normal) (G1 Evacuation Pause) 95M->95M(512M) 12.200ms
[2020-08-01T12:33:16.939+0300][48.148s][info ][gc] GC(1834) Pause Young (Normal) (G1 Evacuation Pause) 120M->121M(512M) 13.790ms
[2020-08-01T12:33:17.008+0300][48.217s][info ][gc] GC(1835) Pause Young (Normal) (G1 Evacuation Pause) 162M->164M(512M) 27.630ms
[2020-08-01T12:33:17.032+0300][48.242s][info ][gc] GC(1836) Pause Young (Normal) (G1 Evacuation Pause) 185M->186M(512M) 12.032ms
[2020-08-01T12:33:17.052+0300][48.262s][info ][gc] GC(1837) Pause Young (Normal) (G1 Evacuation Pause) 207M->209M(512M) 11.438ms
[2020-08-01T12:33:17.071+0300][48.281s][info ][gc] GC(1838) Pause Young (Normal) (G1 Evacuation Pause) 230M->231M(512M) 10.552ms
[2020-08-01T12:33:17.091+0300][48.300s][info ][gc] GC(1839) Pause Young (Concurrent Start) (G1 Evacuation Pause) 252M->254M(512M) 10.569ms
[2020-08-01T12:33:17.091+0300][48.300s][info ][gc] GC(1840) Concurrent Cycle
[2020-08-01T12:33:17.110+0300][48.320s][info ][gc] GC(1841) Pause Young (Normal) (G1 Evacuation Pause) 275M->276M(512M) 10.659ms
[2020-08-01T12:33:17.155+0300][48.364s][info ][gc] GC(1842) Pause Young (Normal) (G1 Evacuation Pause) 317M->318M(512M) 10.934ms
[2020-08-01T12:33:17.174+0300][48.384s][info ][gc] GC(1843) Pause Young (Normal) (G1 Evacuation Pause) 339M->340M(512M) 10.531ms
[2020-08-01T12:33:17.193+0300][48.402s][info ][gc] GC(1844) Pause Young (Normal) (G1 Evacuation Pause) 361M->362M(512M) 10.112ms
[2020-08-01T12:33:17.212+0300][48.422s][info ][gc] GC(1845) Pause Young (Normal) (G1 Evacuation Pause) 383M->384M(512M) 10.264ms
[2020-08-01T12:33:17.231+0300][48.440s][info ][gc] GC(1846) Pause Young (Normal) (G1 Evacuation Pause) 405M->407M(512M) 10.203ms
[2020-08-01T12:33:17.233+0300][48.443s][debug][gc] GC(1840) Reclaimed 130 empty regions
[2020-08-01T12:33:17.233+0300][48.443s][info ][gc] GC(1840) Pause Remark 411M->284M(512M) 0.418ms
[2020-08-01T12:33:17.274+0300][48.484s][info ][gc] GC(1847) Pause Young (Normal) (G1 Evacuation Pause) 321M->323M(512M) 11.045ms
[2020-08-01T12:33:17.304+0300][48.513s][info ][gc] GC(1848) Pause Young (Normal) (G1 Evacuation Pause) 344M->346M(512M) 10.630ms
[2020-08-01T12:33:17.331+0300][48.540s][info ][gc] GC(1849) Pause Young (Normal) (G1 Evacuation Pause) 367M->369M(512M) 10.615ms
[2020-08-01T12:33:17.357+0300][48.566s][info ][gc] GC(1850) Pause Young (Normal) (G1 Evacuation Pause) 390M->390M(512M) 10.968ms
[2020-08-01T12:33:17.389+0300][48.598s][info ][gc] GC(1851) Pause Young (Normal) (G1 Evacuation Pause) 411M->412M(512M) 11.880ms
[2020-08-01T12:33:17.415+0300][48.624s][info ][gc] GC(1852) Pause Young (Normal) (G1 Evacuation Pause) 433M->435M(512M) 10.461ms
[2020-08-01T12:33:17.428+0300][48.637s][info ][gc] GC(1840) Pause Cleanup 439M->439M(512M) 0.146ms
[2020-08-01T12:33:17.428+0300][48.637s][info ][gc] GC(1840) Concurrent Cycle 337.246ms
[2020-08-01T12:33:17.448+0300][48.658s][info ][gc] GC(1853) Pause Young (Concurrent Start) (G1 Humongous Allocation) 439M->441M(512M) 4.781ms
[2020-08-01T12:33:17.448+0300][48.658s][info ][gc] GC(1854) Concurrent Cycle
[2020-08-01T12:33:17.455+0300][48.664s][debug][gc] GC(1854) Reclaimed 425 empty regions
[2020-08-01T12:33:17.455+0300][48.665s][info ][gc] GC(1854) Pause Remark 471M->46M(512M) 0.525ms
[2020-08-01T12:33:17.469+0300][48.679s][info ][gc] GC(1855) Pause Young (Normal) (G1 Evacuation Pause) 57M->53M(512M) 9.493ms
[2020-08-01T12:33:17.474+0300][48.683s][info ][gc] GC(1854) Pause Cleanup 54M->54M(512M) 0.056ms
[2020-08-01T12:33:17.475+0300][48.684s][info ][gc] GC(1854) Concurrent Cycle 26.093ms
[2020-08-01T12:33:17.493+0300][48.702s][info ][gc] GC(1856) Pause Young (Normal) (G1 Evacuation Pause) 74M->76M(512M) 10.483ms
[2020-08-01T12:33:17.511+0300][48.721s][info ][gc] GC(1857) Pause Young (Normal) (G1 Evacuation Pause) 97M->98M(512M) 10.369ms
[2020-08-01T12:33:17.530+0300][48.739s][info ][gc] GC(1858) Pause Young (Normal) (G1 Evacuation Pause) 119M->120M(512M) 10.245ms
[2020-08-01T12:33:17.548+0300][48.758s][info ][gc] GC(1859) Pause Young (Normal) (G1 Evacuation Pause) 141M->143M(512M) 10.006ms
[2020-08-01T12:33:17.607+0300][48.817s][info ][gc] GC(1860) Pause Young (Normal) (G1 Evacuation Pause) 184M->185M(512M) 22.731ms
[2020-08-01T12:33:17.633+0300][48.842s][info ][gc] GC(1861) Pause Young (Normal) (G1 Evacuation Pause) 206M->208M(512M) 12.322ms
[2020-08-01T12:33:17.652+0300][48.862s][info ][gc] GC(1862) Pause Young (Normal) (G1 Evacuation Pause) 229M->230M(512M) 10.835ms
[2020-08-01T12:33:17.672+0300][48.881s][info ][gc] GC(1863) Pause Young (Normal) (G1 Evacuation Pause) 251M->253M(512M) 10.320ms
[2020-08-01T12:33:17.690+0300][48.900s][info ][gc] GC(1864) Pause Young (Concurrent Start) (G1 Evacuation Pause) 274M->275M(512M) 10.266ms
[2020-08-01T12:33:17.690+0300][48.900s][info ][gc] GC(1865) Concurrent Cycle
[2020-08-01T12:33:17.737+0300][48.946s][info ][gc] GC(1866) Pause Young (Normal) (G1 Evacuation Pause) 316M->317M(512M) 10.220ms
[2020-08-01T12:33:17.756+0300][48.965s][info ][gc] GC(1867) Pause Young (Normal) (G1 Evacuation Pause) 338M->340M(512M) 10.135ms
[2020-08-01T12:33:17.775+0300][48.984s][info ][gc] GC(1868) Pause Young (Normal) (G1 Evacuation Pause) 361M->362M(512M) 10.309ms
[2020-08-01T12:33:17.794+0300][49.003s][info ][gc] GC(1869) Pause Young (Normal) (G1 Evacuation Pause) 383M->384M(512M) 10.377ms
[2020-08-01T12:33:17.813+0300][49.022s][info ][gc] GC(1870) Pause Young (Normal) (G1 Evacuation Pause) 405M->406M(512M) 10.510ms
[2020-08-01T12:33:17.832+0300][49.041s][info ][gc] GC(1871) Pause Young (Normal) (G1 Evacuation Pause) 427M->429M(512M) 9.830ms
[2020-08-01T12:33:17.837+0300][49.047s][debug][gc] GC(1865) Reclaimed 140 empty regions
[2020-08-01T12:33:17.837+0300][49.047s][info ][gc] GC(1865) Pause Remark 438M->298M(512M) 0.410ms
[2020-08-01T12:33:17.867+0300][49.076s][info ][gc] GC(1872) Pause Young (Normal) (G1 Evacuation Pause) 330M->331M(512M) 11.693ms
[2020-08-01T12:33:17.893+0300][49.102s][info ][gc] GC(1873) Pause Young (Normal) (G1 Evacuation Pause) 352M->353M(512M) 10.573ms
[2020-08-01T12:33:17.918+0300][49.128s][info ][gc] GC(1874) Pause Young (Normal) (G1 Evacuation Pause) 374M->376M(512M) 10.806ms
[2020-08-01T12:33:17.944+0300][49.153s][info ][gc] GC(1875) Pause Young (Normal) (G1 Evacuation Pause) 397M->399M(512M) 12.364ms
[2020-08-01T12:33:17.970+0300][49.180s][info ][gc] GC(1876) Pause Young (Normal) (G1 Evacuation Pause) 420M->421M(512M) 10.859ms
[2020-08-01T12:33:18.018+0300][49.227s][info ][gc] GC(1877) Pause Young (Normal) (G1 Evacuation Pause) 462M->464M(512M) 10.363ms
[2020-08-01T12:33:18.042+0300][49.252s][info ][gc] GC(1878) To-space exhausted
[2020-08-01T12:33:18.042+0300][49.252s][info ][gc] GC(1878) Pause Young (Normal) (G1 Evacuation Pause) 485M->487M(512M) 11.162ms
[2020-08-01T12:33:18.050+0300][49.259s][info ][gc] GC(1865) Pause Cleanup 501M->501M(512M) 0.139ms
[2020-08-01T12:33:18.050+0300][49.260s][info ][gc] GC(1865) Concurrent Cycle 360.024ms
[2020-08-01T12:33:18.086+0300][49.295s][info ][gc] GC(1879) To-space exhausted
[2020-08-01T12:33:18.086+0300][49.295s][info ][gc] GC(1879) Pause Young (Normal) (G1 Evacuation Pause) 508M->511M(512M) 32.015ms
[2020-08-01T12:33:18.124+0300][49.333s][info ][gc] GC(1880) Pause Full (G1 Evacuation Pause) 511M->66M(512M) 38.032ms
[2020-08-01T12:33:18.144+0300][49.354s][info ][gc] GC(1881) Pause Young (Normal) (G1 Evacuation Pause) 91M->91M(512M) 10.360ms
[2020-08-01T12:33:18.163+0300][49.373s][info ][gc] GC(1882) Pause Young (Normal) (G1 Evacuation Pause) 112M->113M(512M) 10.528ms
[2020-08-01T12:33:18.182+0300][49.391s][info ][gc] GC(1883) Pause Young (Normal) (G1 Evacuation Pause) 134M->136M(512M) 9.947ms
[2020-08-01T12:33:18.227+0300][49.436s][info ][gc] GC(1884) Pause Young (Normal) (G1 Evacuation Pause) 177M->178M(512M) 10.969ms
[2020-08-01T12:33:18.246+0300][49.455s][info ][gc] GC(1885) Pause Young (Normal) (G1 Evacuation Pause) 199M->200M(512M) 10.721ms
[2020-08-01T12:33:18.265+0300][49.474s][info ][gc] GC(1886) Pause Young (Normal) (G1 Evacuation Pause) 221M->223M(512M) 10.245ms
[2020-08-01T12:33:18.284+0300][49.493s][info ][gc] GC(1887) Pause Young (Normal) (G1 Evacuation Pause) 244M->245M(512M) 10.803ms
[2020-08-01T12:33:18.303+0300][49.512s][info ][gc] GC(1888) Pause Young (Concurrent Start) (G1 Evacuation Pause) 266M->267M(512M) 10.436ms
[2020-08-01T12:33:18.303+0300][49.512s][info ][gc] GC(1889) Concurrent Cycle
[2020-08-01T12:33:18.347+0300][49.557s][info ][gc] GC(1890) Pause Young (Normal) (G1 Evacuation Pause) 308M->310M(512M) 11.250ms
[2020-08-01T12:33:18.368+0300][49.577s][info ][gc] GC(1891) Pause Young (Normal) (G1 Evacuation Pause) 331M->332M(512M) 11.726ms
[2020-08-01T12:33:18.387+0300][49.597s][info ][gc] GC(1892) Pause Young (Normal) (G1 Evacuation Pause) 353M->354M(512M) 10.479ms
[2020-08-01T12:33:18.406+0300][49.616s][info ][gc] GC(1893) Pause Young (Normal) (G1 Evacuation Pause) 375M->377M(512M) 10.537ms
[2020-08-01T12:33:18.426+0300][49.635s][info ][gc] GC(1894) Pause Young (Normal) (G1 Evacuation Pause) 398M->399M(512M) 10.614ms
[2020-08-01T12:33:18.446+0300][49.655s][info ][gc] GC(1895) Pause Young (Normal) (G1 Evacuation Pause) 420M->421M(512M) 10.907ms
[2020-08-01T12:33:18.459+0300][49.668s][debug][gc] GC(1889) Reclaimed 133 empty regions
[2020-08-01T12:33:18.459+0300][49.668s][info ][gc] GC(1889) Pause Remark 424M->294M(512M) 0.438ms
[2020-08-01T12:33:18.492+0300][49.701s][info ][gc] GC(1896) Pause Young (Normal) (G1 Evacuation Pause) 333M->334M(512M) 11.566ms
[2020-08-01T12:33:18.519+0300][49.728s][info ][gc] GC(1897) Pause Young (Normal) (G1 Evacuation Pause) 355M->357M(512M) 10.431ms
[2020-08-01T12:33:18.543+0300][49.753s][info ][gc] GC(1898) Pause Young (Normal) (G1 Evacuation Pause) 378M->380M(512M) 10.653ms
[2020-08-01T12:33:18.570+0300][49.780s][info ][gc] GC(1899) Pause Young (Normal) (G1 Evacuation Pause) 401M->402M(512M) 12.200ms
[2020-08-01T12:33:18.598+0300][49.807s][info ][gc] GC(1900) Pause Young (Normal) (G1 Evacuation Pause) 423M->425M(512M) 10.638ms
[2020-08-01T12:33:18.643+0300][49.853s][info ][gc] GC(1901) Pause Young (Normal) (G1 Evacuation Pause) 466M->466M(512M) 11.585ms
[2020-08-01T12:33:18.659+0300][49.868s][info ][gc] GC(1889) Pause Cleanup 483M->483M(512M) 0.121ms
[2020-08-01T12:33:18.659+0300][49.869s][info ][gc] GC(1889) Concurrent Cycle 356.487ms
[2020-08-01T12:33:18.673+0300][49.883s][info ][gc] GC(1902) To-space exhausted
[2020-08-01T12:33:18.673+0300][49.883s][info ][gc] GC(1902) Pause Young (Normal) (G1 Evacuation Pause) 487M->493M(512M) 12.261ms
[2020-08-01T12:33:18.714+0300][49.924s][info ][gc] GC(1903) To-space exhausted
[2020-08-01T12:33:18.715+0300][49.924s][info ][gc] GC(1903) Pause Young (Concurrent Start) (G1 Evacuation Pause) 511M->511M(512M) 34.201ms
[2020-08-01T12:33:18.715+0300][49.924s][info ][gc] GC(1905) Concurrent Cycle
[2020-08-01T12:33:18.715+0300][49.924s][debug][gc] GC(1904) Clear Next Bitmap 0.317ms
[2020-08-01T12:33:18.758+0300][49.968s][info ][gc] GC(1904) Pause Full (G1 Evacuation Pause) 511M->69M(512M) 43.649ms
[2020-08-01T12:33:18.759+0300][49.968s][info ][gc] GC(1905) Concurrent Cycle 43.968ms
[2020-08-01T12:33:18.782+0300][49.992s][info ][gc] GC(1906) Pause Young (Normal) (G1 Evacuation Pause) 97M->98M(512M) 12.622ms
[2020-08-01T12:33:18.804+0300][50.013s][info ][gc] GC(1907) Pause Young (Normal) (G1 Evacuation Pause) 122M->123M(512M) 11.852ms
[2020-08-01T12:33:18.891+0300][50.101s][info ][gc] GC(1908) Pause Young (Normal) (G1 Evacuation Pause) 164M->166M(512M) 41.418ms
[2020-08-01T12:33:18.918+0300][50.128s][info ][gc] GC(1909) Pause Young (Normal) (G1 Evacuation Pause) 187M->188M(512M) 12.996ms
[2020-08-01T12:33:18.938+0300][50.147s][info ][gc] GC(1910) Pause Young (Normal) (G1 Evacuation Pause) 209M->211M(512M) 10.585ms
[2020-08-01T12:33:18.957+0300][50.166s][info ][gc] GC(1911) Pause Young (Normal) (G1 Evacuation Pause) 232M->234M(512M) 10.591ms
[2020-08-01T12:33:18.976+0300][50.186s][info ][gc] GC(1912) Pause Young (Concurrent Start) (G1 Evacuation Pause) 255M->256M(512M) 10.878ms
[2020-08-01T12:33:18.976+0300][50.186s][info ][gc] GC(1913) Concurrent Cycle
[2020-08-01T12:33:18.995+0300][50.204s][info ][gc] GC(1914) Pause Young (Normal) (G1 Evacuation Pause) 277M->278M(512M) 10.285ms
[2020-08-01T12:33:19.033+0300][50.243s][info ][gc] GC(1915) Pause Young (Normal) (G1 Evacuation Pause) 319M->321M(512M) 10.514ms
[2020-08-01T12:33:19.052+0300][50.262s][info ][gc] GC(1916) Pause Young (Normal) (G1 Evacuation Pause) 342M->343M(512M) 10.538ms
[2020-08-01T12:33:19.072+0300][50.281s][info ][gc] GC(1917) Pause Young (Normal) (G1 Evacuation Pause) 364M->366M(512M) 10.417ms
[2020-08-01T12:33:19.091+0300][50.301s][info ][gc] GC(1918) Pause Young (Normal) (G1 Evacuation Pause) 387M->388M(512M) 10.532ms
[2020-08-01T12:33:19.110+0300][50.320s][info ][gc] GC(1919) Pause Young (Normal) (G1 Evacuation Pause) 409M->410M(512M) 10.391ms
[2020-08-01T12:33:19.119+0300][50.328s][debug][gc] GC(1913) Reclaimed 128 empty regions
[2020-08-01T12:33:19.119+0300][50.328s][info ][gc] GC(1913) Pause Remark 424M->298M(512M) 0.433ms
[2020-08-01T12:33:19.157+0300][50.367s][info ][gc] GC(1920) Pause Young (Normal) (G1 Evacuation Pause) 325M->327M(512M) 12.631ms
[2020-08-01T12:33:19.183+0300][50.392s][info ][gc] GC(1921) Pause Young (Normal) (G1 Evacuation Pause) 348M->350M(512M) 10.420ms
[2020-08-01T12:33:19.210+0300][50.419s][info ][gc] GC(1922) Pause Young (Normal) (G1 Evacuation Pause) 371M->372M(512M) 10.865ms
[2020-08-01T12:33:19.237+0300][50.446s][info ][gc] GC(1923) Pause Young (Normal) (G1 Evacuation Pause) 393M->394M(512M) 11.735ms
[2020-08-01T12:33:19.262+0300][50.472s][info ][gc] GC(1924) Pause Young (Normal) (G1 Evacuation Pause) 415M->416M(512M) 10.558ms
[2020-08-01T12:33:19.287+0300][50.497s][info ][gc] GC(1925) Pause Young (Normal) (G1 Evacuation Pause) 437M->439M(512M) 10.286ms
[2020-08-01T12:33:19.314+0300][50.523s][info ][gc] GC(1913) Pause Cleanup 464M->464M(512M) 0.135ms
[2020-08-01T12:33:19.314+0300][50.524s][info ][gc] GC(1913) Concurrent Cycle 338.032ms
[2020-08-01T12:33:19.331+0300][50.540s][info ][gc] GC(1926) Pause Young (Normal) (G1 Evacuation Pause) 480M->482M(512M) 10.783ms
[2020-08-01T12:33:19.370+0300][50.579s][info ][gc] GC(1927) To-space exhausted
[2020-08-01T12:33:19.370+0300][50.579s][info ][gc] GC(1927) Pause Young (Concurrent Start) (G1 Evacuation Pause) 503M->508M(512M) 30.777ms
[2020-08-01T12:33:19.370+0300][50.579s][info ][gc] GC(1928) Concurrent Cycle
[2020-08-01T12:33:19.386+0300][50.595s][info ][gc] GC(1929) To-space exhausted
[2020-08-01T12:33:19.386+0300][50.595s][info ][gc] GC(1929) Pause Young (Normal) (G1 Evacuation Pause) 511M->511M(512M) 11.082ms
[2020-08-01T12:33:19.387+0300][50.596s][debug][gc] GC(1930) Clear Next Bitmap 0.513ms
[2020-08-01T12:33:19.425+0300][50.634s][info ][gc] GC(1930) Pause Full (G1 Evacuation Pause) 511M->64M(512M) 38.457ms
[2020-08-01T12:33:19.425+0300][50.634s][info ][gc] GC(1928) Concurrent Cycle 55.000ms
[2020-08-01T12:33:19.447+0300][50.656s][info ][gc] GC(1931) Pause Young (Normal) (G1 Evacuation Pause) 89M->89M(512M) 11.696ms
[2020-08-01T12:33:19.466+0300][50.675s][info ][gc] GC(1932) Pause Young (Normal) (G1 Evacuation Pause) 110M->111M(512M) 10.546ms
[2020-08-01T12:33:19.484+0300][50.694s][info ][gc] GC(1933) Pause Young (Normal) (G1 Evacuation Pause) 132M->134M(512M) 10.107ms
[2020-08-01T12:33:19.567+0300][50.776s][info ][gc] GC(1934) Pause Young (Normal) (G1 Evacuation Pause) 175M->177M(512M) 22.090ms
[2020-08-01T12:33:19.590+0300][50.800s][info ][gc] GC(1935) Pause Young (Normal) (G1 Evacuation Pause) 198M->199M(512M) 11.880ms
[2020-08-01T12:33:19.609+0300][50.818s][info ][gc] GC(1936) Pause Young (Normal) (G1 Evacuation Pause) 220M->222M(512M) 10.482ms
[2020-08-01T12:33:19.629+0300][50.839s][info ][gc] GC(1937) Pause Young (Normal) (G1 Evacuation Pause) 243M->245M(512M) 11.816ms
[2020-08-01T12:33:19.648+0300][50.858s][info ][gc] GC(1938) Pause Young (Concurrent Start) (G1 Evacuation Pause) 266M->267M(512M) 10.847ms
[2020-08-01T12:33:19.649+0300][50.858s][info ][gc] GC(1939) Concurrent Cycle
[2020-08-01T12:33:19.698+0300][50.907s][info ][gc] GC(1940) Pause Young (Normal) (G1 Evacuation Pause) 308M->310M(512M) 12.380ms
[2020-08-01T12:33:19.717+0300][50.926s][info ][gc] GC(1941) Pause Young (Normal) (G1 Evacuation Pause) 331M->333M(512M) 10.601ms
[2020-08-01T12:33:19.736+0300][50.946s][info ][gc] GC(1942) Pause Young (Normal) (G1 Evacuation Pause) 354M->355M(512M) 10.611ms
[2020-08-01T12:33:19.757+0300][50.966s][info ][gc] GC(1943) Pause Young (Normal) (G1 Evacuation Pause) 376M->378M(512M) 11.530ms
[2020-08-01T12:33:19.777+0300][50.986s][info ][gc] GC(1944) Pause Young (Normal) (G1 Evacuation Pause) 399M->400M(512M) 11.086ms
[2020-08-01T12:33:19.796+0300][51.005s][info ][gc] GC(1945) Pause Young (Normal) (G1 Evacuation Pause) 421M->422M(512M) 10.482ms
[2020-08-01T12:33:19.806+0300][51.016s][debug][gc] GC(1939) Reclaimed 134 empty regions
[2020-08-01T12:33:19.806+0300][51.016s][info ][gc] GC(1939) Pause Remark 426M->295M(512M) 0.421ms
[2020-08-01T12:33:19.841+0300][51.051s][info ][gc] GC(1946) Pause Young (Normal) (G1 Evacuation Pause) 332M->334M(512M) 11.171ms
[2020-08-01T12:33:19.868+0300][51.077s][info ][gc] GC(1947) Pause Young (Normal) (G1 Evacuation Pause) 355M->357M(512M) 10.525ms
[2020-08-01T12:33:19.892+0300][51.101s][info ][gc] GC(1948) Pause Young (Normal) (G1 Evacuation Pause) 378M->379M(512M) 10.473ms
[2020-08-01T12:33:19.917+0300][51.126s][info ][gc] GC(1949) Pause Young (Normal) (G1 Evacuation Pause) 400M->402M(512M) 10.485ms
[2020-08-01T12:33:19.942+0300][51.151s][info ][gc] GC(1950) Pause Young (Normal) (G1 Evacuation Pause) 423M->423M(512M) 10.539ms
[2020-08-01T12:33:19.990+0300][51.200s][info ][gc] GC(1951) Pause Young (Normal) (G1 Evacuation Pause) 464M->465M(512M) 10.264ms
[2020-08-01T12:33:20.004+0300][51.213s][info ][gc] GC(1939) Pause Cleanup 483M->483M(512M) 0.190ms
[2020-08-01T12:33:20.005+0300][51.214s][info ][gc] GC(1939) Concurrent Cycle 356.281ms
[2020-08-01T12:33:20.017+0300][51.226s][info ][gc] GC(1952) To-space exhausted
[2020-08-01T12:33:20.017+0300][51.226s][info ][gc] GC(1952) Pause Young (Normal) (G1 Evacuation Pause) 486M->489M(512M) 11.287ms
[2020-08-01T12:33:20.062+0300][51.271s][info ][gc] GC(1953) To-space exhausted
[2020-08-01T12:33:20.062+0300][51.271s][info ][gc] GC(1953) Pause Young (Concurrent Start) (G1 Evacuation Pause) 510M->511M(512M) 36.737ms
[2020-08-01T12:33:20.062+0300][51.271s][info ][gc] GC(1955) Concurrent Cycle
[2020-08-01T12:33:20.063+0300][51.272s][debug][gc] GC(1954) Clear Next Bitmap 0.306ms
[2020-08-01T12:33:20.105+0300][51.315s][info ][gc] GC(1954) Pause Full (G1 Evacuation Pause) 511M->70M(512M) 43.124ms
[2020-08-01T12:33:20.105+0300][51.315s][info ][gc] GC(1955) Concurrent Cycle 43.418ms
[2020-08-01T12:33:20.126+0300][51.335s][info ][gc] GC(1956) Pause Young (Normal) (G1 Evacuation Pause) 95M->96M(512M) 10.620ms
[2020-08-01T12:33:20.144+0300][51.354s][info ][gc] GC(1957) Pause Young (Normal) (G1 Evacuation Pause) 117M->119M(512M) 10.047ms
[2020-08-01T12:33:20.228+0300][51.438s][info ][gc] GC(1958) Pause Young (Normal) (G1 Evacuation Pause) 160M->161M(512M) 38.701ms
[2020-08-01T12:33:20.256+0300][51.466s][info ][gc] GC(1959) Pause Young (Normal) (G1 Evacuation Pause) 182M->183M(512M) 13.917ms
[2020-08-01T12:33:20.276+0300][51.485s][info ][gc] GC(1960) Pause Young (Normal) (G1 Evacuation Pause) 204M->205M(512M) 10.565ms
[2020-08-01T12:33:20.294+0300][51.504s][info ][gc] GC(1961) Pause Young (Normal) (G1 Evacuation Pause) 226M->227M(512M) 10.327ms
[2020-08-01T12:33:20.313+0300][51.523s][info ][gc] GC(1962) Pause Young (Normal) (G1 Evacuation Pause) 248M->249M(512M) 10.322ms
[2020-08-01T12:33:20.332+0300][51.542s][info ][gc] GC(1963) Pause Young (Concurrent Start) (G1 Evacuation Pause) 270M->272M(512M) 10.378ms
[2020-08-01T12:33:20.332+0300][51.542s][info ][gc] GC(1964) Concurrent Cycle
[2020-08-01T12:33:20.367+0300][51.577s][info ][gc] GC(1965) Pause Young (Normal) (G1 Evacuation Pause) 313M->314M(512M) 12.389ms
[2020-08-01T12:33:20.387+0300][51.596s][info ][gc] GC(1966) Pause Young (Normal) (G1 Evacuation Pause) 335M->337M(512M) 10.754ms
[2020-08-01T12:33:20.406+0300][51.615s][info ][gc] GC(1967) Pause Young (Normal) (G1 Evacuation Pause) 358M->360M(512M) 10.387ms
[2020-08-01T12:33:20.425+0300][51.634s][info ][gc] GC(1968) Pause Young (Normal) (G1 Evacuation Pause) 381M->382M(512M) 10.283ms
[2020-08-01T12:33:20.444+0300][51.654s][info ][gc] GC(1969) Pause Young (Normal) (G1 Evacuation Pause) 403M->404M(512M) 10.696ms
[2020-08-01T12:33:20.485+0300][51.695s][info ][gc] GC(1970) Pause Young (Normal) (G1 Evacuation Pause) 445M->447M(512M) 10.130ms
[2020-08-01T12:33:20.491+0300][51.700s][debug][gc] GC(1964) Reclaimed 132 empty regions
[2020-08-01T12:33:20.491+0300][51.701s][info ][gc] GC(1964) Pause Remark 460M->329M(512M) 0.456ms
[2020-08-01T12:33:20.506+0300][51.716s][info ][gc] GC(1971) Pause Young (Normal) (G1 Evacuation Pause) 337M->338M(512M) 11.376ms
[2020-08-01T12:33:20.530+0300][51.739s][info ][gc] GC(1972) Pause Young (Normal) (G1 Evacuation Pause) 359M->360M(512M) 12.474ms
[2020-08-01T12:33:20.557+0300][51.767s][info ][gc] GC(1973) Pause Young (Normal) (G1 Evacuation Pause) 381M->383M(512M) 10.649ms
[2020-08-01T12:33:20.583+0300][51.792s][info ][gc] GC(1974) Pause Young (Normal) (G1 Evacuation Pause) 404M->405M(512M) 10.755ms
[2020-08-01T12:33:20.607+0300][51.817s][info ][gc] GC(1975) Pause Young (Normal) (G1 Evacuation Pause) 426M->428M(512M) 10.308ms
[2020-08-01T12:33:20.647+0300][51.856s][info ][gc] GC(1976) Pause Young (Normal) (G1 Evacuation Pause) 469M->470M(512M) 11.005ms
[2020-08-01T12:33:20.680+0300][51.889s][info ][gc] GC(1977) To-space exhausted
[2020-08-01T12:33:20.680+0300][51.889s][info ][gc] GC(1977) Pause Young (Normal) (G1 Evacuation Pause) 491M->499M(512M) 16.458ms
[2020-08-01T12:33:20.719+0300][51.929s][info ][gc] GC(1978) To-space exhausted
[2020-08-01T12:33:20.719+0300][51.929s][info ][gc] GC(1978) Pause Young (Normal) (G1 Evacuation Pause) 511M->511M(512M) 24.258ms
[2020-08-01T12:33:20.720+0300][51.929s][debug][gc] GC(1979) Clear Next Bitmap 0.266ms
[2020-08-01T12:33:20.763+0300][51.972s][info ][gc] GC(1979) Pause Full (G1 Evacuation Pause) 511M->68M(512M) 43.169ms
[2020-08-01T12:33:20.763+0300][51.972s][info ][gc] GC(1964) Concurrent Cycle 430.639ms
[2020-08-01T12:33:20.784+0300][51.993s][info ][gc] GC(1980) Pause Young (Normal) (G1 Evacuation Pause) 93M->93M(512M) 10.891ms
[2020-08-01T12:33:20.803+0300][52.012s][info ][gc] GC(1981) Pause Young (Normal) (G1 Evacuation Pause) 114M->115M(512M) 10.717ms
[2020-08-01T12:33:20.822+0300][52.031s][info ][gc] GC(1982) Pause Young (Normal) (G1 Evacuation Pause) 136M->137M(512M) 10.454ms
[2020-08-01T12:33:20.910+0300][52.120s][info ][gc] GC(1983) Pause Young (Normal) (G1 Evacuation Pause) 178M->180M(512M) 20.820ms
[2020-08-01T12:33:20.936+0300][52.145s][info ][gc] GC(1984) Pause Young (Normal) (G1 Evacuation Pause) 201M->202M(512M) 13.822ms
[2020-08-01T12:33:20.957+0300][52.167s][info ][gc] GC(1985) Pause Young (Normal) (G1 Evacuation Pause) 223M->225M(512M) 11.561ms
[2020-08-01T12:33:20.976+0300][52.185s][info ][gc] GC(1986) Pause Young (Normal) (G1 Evacuation Pause) 246M->247M(512M) 10.382ms
[2020-08-01T12:33:20.995+0300][52.204s][info ][gc] GC(1987) Pause Young (Concurrent Start) (G1 Evacuation Pause) 268M->269M(512M) 10.374ms
[2020-08-01T12:33:20.995+0300][52.204s][info ][gc] GC(1988) Concurrent Cycle
[2020-08-01T12:33:21.035+0300][52.244s][info ][gc] GC(1989) Pause Young (Normal) (G1 Evacuation Pause) 310M->311M(512M) 10.282ms
[2020-08-01T12:33:21.054+0300][52.263s][info ][gc] GC(1990) Pause Young (Normal) (G1 Evacuation Pause) 332M->333M(512M) 10.330ms
[2020-08-01T12:33:21.073+0300][52.282s][info ][gc] GC(1991) Pause Young (Normal) (G1 Evacuation Pause) 354M->356M(512M) 10.268ms
[2020-08-01T12:33:21.092+0300][52.301s][info ][gc] GC(1992) Pause Young (Normal) (G1 Evacuation Pause) 377M->378M(512M) 10.399ms
[2020-08-01T12:33:21.111+0300][52.321s][info ][gc] GC(1993) Pause Young (Normal) (G1 Evacuation Pause) 399M->400M(512M) 10.634ms
[2020-08-01T12:33:21.139+0300][52.348s][debug][gc] GC(1988) Reclaimed 133 empty regions
[2020-08-01T12:33:21.139+0300][52.348s][info ][gc] GC(1988) Pause Remark 421M->290M(512M) 0.420ms
[2020-08-01T12:33:21.157+0300][52.366s][info ][gc] GC(1994) Pause Young (Normal) (G1 Evacuation Pause) 310M->311M(512M) 11.258ms
[2020-08-01T12:33:21.182+0300][52.391s][info ][gc] GC(1995) Pause Young (Normal) (G1 Evacuation Pause) 332M->334M(512M) 10.554ms
[2020-08-01T12:33:21.208+0300][52.417s][info ][gc] GC(1996) Pause Young (Normal) (G1 Evacuation Pause) 355M->357M(512M) 11.347ms
[2020-08-01T12:33:21.233+0300][52.442s][info ][gc] GC(1997) Pause Young (Normal) (G1 Evacuation Pause) 378M->379M(512M) 10.530ms
[2020-08-01T12:33:21.259+0300][52.468s][info ][gc] GC(1998) Pause Young (Normal) (G1 Evacuation Pause) 400M->402M(512M) 10.959ms
[2020-08-01T12:33:21.286+0300][52.495s][info ][gc] GC(1999) Pause Young (Normal) (G1 Evacuation Pause) 423M->424M(512M) 11.467ms
[2020-08-01T12:33:21.334+0300][52.544s][info ][gc] GC(2000) Pause Young (Normal) (G1 Evacuation Pause) 465M->467M(512M) 10.515ms
[2020-08-01T12:33:21.343+0300][52.553s][info ][gc] GC(1988) Pause Cleanup 477M->477M(512M) 0.120ms
[2020-08-01T12:33:21.344+0300][52.553s][info ][gc] GC(1988) Concurrent Cycle 349.205ms
[2020-08-01T12:33:21.362+0300][52.571s][info ][gc] GC(2001) To-space exhausted
[2020-08-01T12:33:21.362+0300][52.571s][info ][gc] GC(2001) Pause Young (Normal) (G1 Evacuation Pause) 488M->491M(512M) 13.951ms
[2020-08-01T12:33:21.406+0300][52.615s][info ][gc] GC(2002) To-space exhausted
[2020-08-01T12:33:21.406+0300][52.616s][info ][gc] GC(2002) Pause Young (Concurrent Start) (G1 Evacuation Pause) 511M->511M(512M) 35.972ms
[2020-08-01T12:33:21.406+0300][52.616s][info ][gc] GC(2004) Concurrent Cycle
[2020-08-01T12:33:21.407+0300][52.616s][debug][gc] GC(2003) Clear Next Bitmap 0.284ms
[2020-08-01T12:33:21.450+0300][52.660s][info ][gc] GC(2003) Pause Full (G1 Evacuation Pause) 511M->74M(512M) 43.950ms
[2020-08-01T12:33:21.450+0300][52.660s][info ][gc] GC(2004) Concurrent Cycle 44.255ms
[2020-08-01T12:33:21.471+0300][52.680s][info ][gc] GC(2005) Pause Young (Normal) (G1 Evacuation Pause) 99M->99M(512M) 10.307ms
[2020-08-01T12:33:21.489+0300][52.699s][info ][gc] GC(2006) Pause Young (Normal) (G1 Evacuation Pause) 120M->121M(512M) 10.465ms
[2020-08-01T12:33:21.569+0300][52.779s][info ][gc] GC(2007) Pause Young (Normal) (G1 Evacuation Pause) 162M->164M(512M) 33.360ms
[2020-08-01T12:33:21.595+0300][52.804s][info ][gc] GC(2008) Pause Young (Normal) (G1 Evacuation Pause) 185M->186M(512M) 12.332ms
[2020-08-01T12:33:21.614+0300][52.824s][info ][gc] GC(2009) Pause Young (Normal) (G1 Evacuation Pause) 207M->208M(512M) 10.578ms
[2020-08-01T12:33:21.633+0300][52.843s][info ][gc] GC(2010) Pause Young (Normal) (G1 Evacuation Pause) 229M->231M(512M) 10.457ms
[2020-08-01T12:33:21.652+0300][52.861s][info ][gc] GC(2011) Pause Young (Concurrent Start) (G1 Evacuation Pause) 252M->253M(512M) 10.365ms
[2020-08-01T12:33:21.652+0300][52.861s][info ][gc] GC(2012) Concurrent Cycle
[2020-08-01T12:33:21.673+0300][52.883s][info ][gc] GC(2013) Pause Young (Normal) (G1 Evacuation Pause) 274M->275M(512M) 11.565ms
[2020-08-01T12:33:21.707+0300][52.917s][info ][gc] GC(2014) Pause Young (Normal) (G1 Evacuation Pause) 316M->318M(512M) 11.046ms
[2020-08-01T12:33:21.726+0300][52.936s][info ][gc] GC(2015) Pause Young (Normal) (G1 Evacuation Pause) 339M->340M(512M) 10.562ms
[2020-08-01T12:33:21.747+0300][52.956s][info ][gc] GC(2016) Pause Young (Normal) (G1 Evacuation Pause) 361M->363M(512M) 11.795ms
[2020-08-01T12:33:21.766+0300][52.975s][info ][gc] GC(2017) Pause Young (Normal) (G1 Evacuation Pause) 384M->386M(512M) 10.454ms
[2020-08-01T12:33:21.786+0300][52.996s][info ][gc] GC(2018) Pause Young (Normal) (G1 Evacuation Pause) 407M->407M(512M) 11.084ms
[2020-08-01T12:33:21.799+0300][53.009s][debug][gc] GC(2012) Reclaimed 131 empty regions
[2020-08-01T12:33:21.799+0300][53.009s][info ][gc] GC(2012) Pause Remark 422M->295M(512M) 0.419ms
[2020-08-01T12:33:21.830+0300][53.039s][info ][gc] GC(2019) Pause Young (Normal) (G1 Evacuation Pause) 321M->323M(512M) 12.482ms
[2020-08-01T12:33:21.859+0300][53.068s][info ][gc] GC(2020) Pause Young (Normal) (G1 Evacuation Pause) 344M->345M(512M) 11.415ms
[2020-08-01T12:33:21.884+0300][53.094s][info ][gc] GC(2021) Pause Young (Normal) (G1 Evacuation Pause) 366M->367M(512M) 10.478ms
[2020-08-01T12:33:21.908+0300][53.118s][info ][gc] GC(2022) Pause Young (Normal) (G1 Evacuation Pause) 388M->390M(512M) 10.455ms
[2020-08-01T12:33:21.934+0300][53.144s][info ][gc] GC(2023) Pause Young (Normal) (G1 Evacuation Pause) 411M->412M(512M) 11.483ms
[2020-08-01T12:33:21.959+0300][53.169s][info ][gc] GC(2024) Pause Young (Normal) (G1 Evacuation Pause) 433M->434M(512M) 10.673ms
[2020-08-01T12:33:21.995+0300][53.204s][info ][gc] GC(2012) Pause Cleanup 473M->473M(512M) 0.120ms
[2020-08-01T12:33:21.995+0300][53.205s][info ][gc] GC(2012) Concurrent Cycle 343.383ms
[2020-08-01T12:33:22.008+0300][53.217s][info ][gc] GC(2025) Pause Young (Normal) (G1 Evacuation Pause) 475M->477M(512M) 12.168ms
[2020-08-01T12:33:22.041+0300][53.250s][info ][gc] GC(2026) To-space exhausted
[2020-08-01T12:33:22.041+0300][53.250s][info ][gc] GC(2026) Pause Young (Concurrent Start) (G1 Evacuation Pause) 498M->508M(512M) 24.553ms
[2020-08-01T12:33:22.041+0300][53.250s][info ][gc] GC(2027) Concurrent Cycle
[2020-08-01T12:33:22.057+0300][53.266s][info ][gc] GC(2028) To-space exhausted
[2020-08-01T12:33:22.057+0300][53.266s][info ][gc] GC(2028) Pause Young (Normal) (G1 Evacuation Pause) 511M->511M(512M) 11.672ms
[2020-08-01T12:33:22.057+0300][53.267s][debug][gc] GC(2029) Clear Next Bitmap 0.319ms
[2020-08-01T12:33:22.094+0300][53.303s][info ][gc] GC(2029) Pause Full (G1 Evacuation Pause) 511M->62M(512M) 36.608ms
[2020-08-01T12:33:22.094+0300][53.303s][info ][gc] GC(2027) Concurrent Cycle 52.814ms
[2020-08-01T12:33:22.114+0300][53.324s][info ][gc] GC(2030) Pause Young (Normal) (G1 Evacuation Pause) 87M->87M(512M) 10.665ms
[2020-08-01T12:33:22.133+0300][53.342s][info ][gc] GC(2031) Pause Young (Normal) (G1 Evacuation Pause) 108M->110M(512M) 10.250ms
[2020-08-01T12:33:22.152+0300][53.362s][info ][gc] GC(2032) Pause Young (Normal) (G1 Evacuation Pause) 131M->132M(512M) 11.248ms
[2020-08-01T12:33:22.231+0300][53.440s][info ][gc] GC(2033) Pause Young (Normal) (G1 Evacuation Pause) 173M->175M(512M) 23.561ms
[2020-08-01T12:33:22.255+0300][53.464s][info ][gc] GC(2034) Pause Young (Normal) (G1 Evacuation Pause) 196M->197M(512M) 11.736ms
[2020-08-01T12:33:22.274+0300][53.483s][info ][gc] GC(2035) Pause Young (Normal) (G1 Evacuation Pause) 218M->219M(512M) 10.347ms
[2020-08-01T12:33:22.292+0300][53.502s][info ][gc] GC(2036) Pause Young (Normal) (G1 Evacuation Pause) 240M->241M(512M) 10.217ms
[2020-08-01T12:33:22.311+0300][53.520s][info ][gc] GC(2037) Pause Young (Concurrent Start) (G1 Evacuation Pause) 262M->263M(512M) 10.333ms
[2020-08-01T12:33:22.311+0300][53.521s][info ][gc] GC(2038) Concurrent Cycle
[2020-08-01T12:33:22.356+0300][53.566s][info ][gc] GC(2039) Pause Young (Normal) (G1 Evacuation Pause) 304M->306M(512M) 11.314ms
[2020-08-01T12:33:22.377+0300][53.586s][info ][gc] GC(2040) Pause Young (Normal) (G1 Evacuation Pause) 327M->328M(512M) 11.961ms
[2020-08-01T12:33:22.396+0300][53.606s][info ][gc] GC(2041) Pause Young (Normal) (G1 Evacuation Pause) 349M->351M(512M) 10.373ms
[2020-08-01T12:33:22.415+0300][53.625s][info ][gc] GC(2042) Pause Young (Normal) (G1 Evacuation Pause) 372M->373M(512M) 10.421ms
[2020-08-01T12:33:22.435+0300][53.644s][info ][gc] GC(2043) Pause Young (Normal) (G1 Evacuation Pause) 394M->395M(512M) 10.435ms
[2020-08-01T12:33:22.454+0300][53.664s][info ][gc] GC(2044) Pause Young (Normal) (G1 Evacuation Pause) 416M->418M(512M) 10.417ms
[2020-08-01T12:33:22.465+0300][53.674s][debug][gc] GC(2038) Reclaimed 129 empty regions
[2020-08-01T12:33:22.465+0300][53.674s][info ][gc] GC(2038) Pause Remark 423M->296M(512M) 0.430ms
[2020-08-01T12:33:22.502+0300][53.711s][info ][gc] GC(2045) Pause Young (Normal) (G1 Evacuation Pause) 331M->332M(512M) 11.076ms
[2020-08-01T12:33:22.530+0300][53.739s][info ][gc] GC(2046) Pause Young (Normal) (G1 Evacuation Pause) 353M->354M(512M) 10.533ms
[2020-08-01T12:33:22.554+0300][53.763s][info ][gc] GC(2047) Pause Young (Normal) (G1 Evacuation Pause) 375M->376M(512M) 10.340ms
[2020-08-01T12:33:22.580+0300][53.790s][info ][gc] GC(2048) Pause Young (Normal) (G1 Evacuation Pause) 397M->399M(512M) 10.821ms
[2020-08-01T12:33:22.605+0300][53.815s][info ][gc] GC(2049) Pause Young (Normal) (G1 Evacuation Pause) 420M->421M(512M) 10.323ms
[2020-08-01T12:33:22.655+0300][53.864s][info ][gc] GC(2050) Pause Young (Normal) (G1 Evacuation Pause) 462M->463M(512M) 10.709ms
[2020-08-01T12:33:22.660+0300][53.870s][info ][gc] GC(2038) Pause Cleanup 464M->464M(512M) 0.326ms
[2020-08-01T12:33:22.661+0300][53.870s][info ][gc] GC(2038) Concurrent Cycle 349.676ms
[2020-08-01T12:33:22.680+0300][53.889s][info ][gc] GC(2051) Pause Young (Normal) (G1 Evacuation Pause) 484M->485M(512M) 10.366ms
[2020-08-01T12:33:22.722+0300][53.931s][info ][gc] GC(2052) To-space exhausted
[2020-08-01T12:33:22.722+0300][53.931s][info ][gc] GC(2052) Pause Young (Concurrent Start) (G1 Evacuation Pause) 506M->511M(512M) 33.423ms
[2020-08-01T12:33:22.722+0300][53.931s][info ][gc] GC(2054) Concurrent Cycle
[2020-08-01T12:33:22.723+0300][53.932s][debug][gc] GC(2053) Clear Next Bitmap 0.243ms
[2020-08-01T12:33:22.763+0300][53.972s][info ][gc] GC(2053) Pause Full (G1 Evacuation Pause) 511M->69M(512M) 40.646ms
[2020-08-01T12:33:22.763+0300][53.972s][info ][gc] GC(2054) Concurrent Cycle 40.963ms
[2020-08-01T12:33:22.783+0300][53.993s][info ][gc] GC(2055) Pause Young (Normal) (G1 Evacuation Pause) 94M->94M(512M) 10.632ms
[2020-08-01T12:33:22.803+0300][54.012s][info ][gc] GC(2056) Pause Young (Normal) (G1 Evacuation Pause) 116M->118M(512M) 10.283ms
[2020-08-01T12:33:22.867+0300][54.076s][info ][gc] GC(2057) Pause Young (Normal) (G1 Evacuation Pause) 159M->161M(512M) 31.423ms
[2020-08-01T12:33:22.893+0300][54.102s][info ][gc] GC(2058) Pause Young (Normal) (G1 Evacuation Pause) 182M->184M(512M) 13.783ms
[2020-08-01T12:33:22.912+0300][54.121s][info ][gc] GC(2059) Pause Young (Normal) (G1 Evacuation Pause) 205M->206M(512M) 10.562ms
[2020-08-01T12:33:22.930+0300][54.140s][info ][gc] GC(2060) Pause Young (Normal) (G1 Evacuation Pause) 227M->229M(512M) 9.781ms
[2020-08-01T12:33:22.949+0300][54.159s][info ][gc] GC(2061) Pause Young (Normal) (G1 Evacuation Pause) 250M->251M(512M) 10.441ms
[2020-08-01T12:33:22.967+0300][54.177s][info ][gc] GC(2062) Pause Young (Concurrent Start) (G1 Evacuation Pause) 272M->273M(512M) 9.669ms
[2020-08-01T12:33:22.967+0300][54.177s][info ][gc] GC(2063) Concurrent Cycle
[2020-08-01T12:33:23.012+0300][54.222s][info ][gc] GC(2064) Pause Young (Normal) (G1 Evacuation Pause) 314M->316M(512M) 10.365ms
[2020-08-01T12:33:23.032+0300][54.241s][info ][gc] GC(2065) Pause Young (Normal) (G1 Evacuation Pause) 337M->338M(512M) 10.463ms
[2020-08-01T12:33:23.051+0300][54.260s][info ][gc] GC(2066) Pause Young (Normal) (G1 Evacuation Pause) 359M->360M(512M) 10.532ms
[2020-08-01T12:33:23.070+0300][54.279s][info ][gc] GC(2067) Pause Young (Normal) (G1 Evacuation Pause) 381M->382M(512M) 10.286ms
[2020-08-01T12:33:23.091+0300][54.301s][info ][gc] GC(2068) Pause Young (Normal) (G1 Evacuation Pause) 404M->405M(512M) 11.817ms
[2020-08-01T12:33:23.114+0300][54.324s][debug][gc] GC(2063) Reclaimed 135 empty regions
[2020-08-01T12:33:23.115+0300][54.324s][info ][gc] GC(2063) Pause Remark 424M->291M(512M) 0.434ms
[2020-08-01T12:33:23.135+0300][54.344s][info ][gc] GC(2069) Pause Young (Normal) (G1 Evacuation Pause) 314M->316M(512M) 11.428ms
[2020-08-01T12:33:23.161+0300][54.371s][info ][gc] GC(2070) Pause Young (Normal) (G1 Evacuation Pause) 337M->339M(512M) 10.651ms
[2020-08-01T12:33:23.188+0300][54.398s][info ][gc] GC(2071) Pause Young (Normal) (G1 Evacuation Pause) 360M->361M(512M) 11.591ms
[2020-08-01T12:33:23.213+0300][54.422s][info ][gc] GC(2072) Pause Young (Normal) (G1 Evacuation Pause) 382M->383M(512M) 10.590ms
[2020-08-01T12:33:23.238+0300][54.447s][info ][gc] GC(2073) Pause Young (Normal) (G1 Evacuation Pause) 404M->406M(512M) 10.310ms
[2020-08-01T12:33:23.262+0300][54.472s][info ][gc] GC(2074) Pause Young (Normal) (G1 Evacuation Pause) 427M->429M(512M) 10.741ms
[2020-08-01T12:33:23.310+0300][54.519s][info ][gc] GC(2075) Pause Young (Normal) (G1 Evacuation Pause) 470M->471M(512M) 10.274ms
[2020-08-01T12:33:23.323+0300][54.532s][info ][gc] GC(2063) Pause Cleanup 489M->489M(512M) 0.169ms
[2020-08-01T12:33:23.324+0300][54.533s][info ][gc] GC(2063) Concurrent Cycle 356.396ms
[2020-08-01T12:33:23.341+0300][54.550s][info ][gc] GC(2076) To-space exhausted
[2020-08-01T12:33:23.341+0300][54.550s][info ][gc] GC(2076) Pause Young (Normal) (G1 Evacuation Pause) 492M->500M(512M) 16.138ms
[2020-08-01T12:33:23.370+0300][54.579s][info ][gc] GC(2077) To-space exhausted
[2020-08-01T12:33:23.370+0300][54.579s][info ][gc] GC(2077) Pause Young (Concurrent Start) (G1 Evacuation Pause) 511M->511M(512M) 24.775ms
[2020-08-01T12:33:23.370+0300][54.579s][info ][gc] GC(2079) Concurrent Cycle
[2020-08-01T12:33:23.371+0300][54.580s][debug][gc] GC(2078) Clear Next Bitmap 0.404ms
[2020-08-01T12:33:23.411+0300][54.620s][info ][gc] GC(2078) Pause Full (G1 Evacuation Pause) 511M->67M(512M) 40.604ms
[2020-08-01T12:33:23.411+0300][54.620s][info ][gc] GC(2079) Concurrent Cycle 40.929ms
[2020-08-01T12:33:23.431+0300][54.641s][info ][gc] GC(2080) Pause Young (Normal) (G1 Evacuation Pause) 92M->92M(512M) 10.614ms
[2020-08-01T12:33:23.450+0300][54.660s][info ][gc] GC(2081) Pause Young (Normal) (G1 Evacuation Pause) 114M->116M(512M) 10.084ms
[2020-08-01T12:33:23.469+0300][54.678s][info ][gc] GC(2082) Pause Young (Normal) (G1 Evacuation Pause) 137M->138M(512M) 10.384ms
[2020-08-01T12:33:23.545+0300][54.755s][info ][gc] GC(2083) Pause Young (Normal) (G1 Evacuation Pause) 179M->181M(512M) 25.097ms
[2020-08-01T12:33:23.575+0300][54.784s][info ][gc] GC(2084) Pause Young (Normal) (G1 Evacuation Pause) 202M->203M(512M) 14.909ms
[2020-08-01T12:33:23.594+0300][54.803s][info ][gc] GC(2085) Pause Young (Normal) (G1 Evacuation Pause) 224M->225M(512M) 10.425ms
[2020-08-01T12:33:23.613+0300][54.822s][info ][gc] GC(2086) Pause Young (Normal) (G1 Evacuation Pause) 246M->247M(512M) 10.899ms
[2020-08-01T12:33:23.632+0300][54.841s][info ][gc] GC(2087) Pause Young (Concurrent Start) (G1 Evacuation Pause) 268M->270M(512M) 10.318ms
[2020-08-01T12:33:23.632+0300][54.841s][info ][gc] GC(2088) Concurrent Cycle
[2020-08-01T12:33:23.668+0300][54.878s][info ][gc] GC(2089) Pause Young (Normal) (G1 Evacuation Pause) 311M->312M(512M) 10.733ms
[2020-08-01T12:33:23.687+0300][54.897s][info ][gc] GC(2090) Pause Young (Normal) (G1 Evacuation Pause) 333M->334M(512M) 10.466ms
[2020-08-01T12:33:23.706+0300][54.916s][info ][gc] GC(2091) Pause Young (Normal) (G1 Evacuation Pause) 355M->356M(512M) 10.280ms
[2020-08-01T12:33:23.725+0300][54.935s][info ][gc] GC(2092) Pause Young (Normal) (G1 Evacuation Pause) 377M->379M(512M) 10.235ms
[2020-08-01T12:33:23.745+0300][54.954s][info ][gc] GC(2093) Pause Young (Normal) (G1 Evacuation Pause) 400M->401M(512M) 10.806ms
[2020-08-01T12:33:23.788+0300][54.997s][info ][gc] GC(2094) Pause Young (Normal) (G1 Evacuation Pause) 442M->444M(512M) 10.904ms
[2020-08-01T12:33:23.807+0300][55.017s][info ][gc] GC(2095) Pause Young (Normal) (G1 Evacuation Pause) 465M->466M(512M) 10.538ms
[2020-08-01T12:33:23.808+0300][55.017s][debug][gc] GC(2088) Reclaimed 134 empty regions
[2020-08-01T12:33:23.808+0300][55.017s][info ][gc] GC(2088) Pause Remark 467M->336M(512M) 0.558ms
[2020-08-01T12:33:23.829+0300][55.038s][info ][gc] GC(2096) Pause Young (Normal) (G1 Evacuation Pause) 356M->358M(512M) 12.278ms
[2020-08-01T12:33:23.855+0300][55.064s][info ][gc] GC(2097) Pause Young (Normal) (G1 Evacuation Pause) 379M->380M(512M) 11.257ms
[2020-08-01T12:33:23.881+0300][55.090s][info ][gc] GC(2098) Pause Young (Normal) (G1 Evacuation Pause) 401M->403M(512M) 10.309ms
[2020-08-01T12:33:23.907+0300][55.116s][info ][gc] GC(2099) Pause Young (Normal) (G1 Evacuation Pause) 424M->425M(512M) 10.893ms
[2020-08-01T12:33:23.948+0300][55.157s][info ][gc] GC(2100) Pause Young (Normal) (G1 Evacuation Pause) 466M->468M(512M) 10.539ms
[2020-08-01T12:33:23.975+0300][55.185s][info ][gc] GC(2101) To-space exhausted
[2020-08-01T12:33:23.975+0300][55.185s][info ][gc] GC(2101) Pause Young (Normal) (G1 Evacuation Pause) 489M->498M(512M) 13.285ms
[2020-08-01T12:33:24.012+0300][55.221s][info ][gc] GC(2102) To-space exhausted
[2020-08-01T12:33:24.012+0300][55.221s][info ][gc] GC(2102) Pause Young (Normal) (G1 Evacuation Pause) 511M->511M(512M) 25.580ms
[2020-08-01T12:33:24.012+0300][55.222s][debug][gc] GC(2103) Clear Next Bitmap 0.309ms
[2020-08-01T12:33:24.052+0300][55.261s][info ][gc] GC(2103) Pause Full (G1 Evacuation Pause) 511M->67M(512M) 39.914ms
[2020-08-01T12:33:24.052+0300][55.262s][info ][gc] GC(2088) Concurrent Cycle 420.375ms
[2020-08-01T12:33:24.073+0300][55.282s][info ][gc] GC(2104) Pause Young (Normal) (G1 Evacuation Pause) 92M->92M(512M) 10.595ms
[2020-08-01T12:33:24.092+0300][55.301s][info ][gc] GC(2105) Pause Young (Normal) (G1 Evacuation Pause) 113M->115M(512M) 10.602ms
[2020-08-01T12:33:24.111+0300][55.320s][info ][gc] GC(2106) Pause Young (Normal) (G1 Evacuation Pause) 136M->137M(512M) 11.017ms
[2020-08-01T12:33:24.202+0300][55.411s][info ][gc] GC(2107) Pause Young (Normal) (G1 Evacuation Pause) 178M->179M(512M) 28.983ms
[2020-08-01T12:33:24.227+0300][55.436s][info ][gc] GC(2108) Pause Young (Normal) (G1 Evacuation Pause) 200M->202M(512M) 12.325ms
[2020-08-01T12:33:24.246+0300][55.455s][info ][gc] GC(2109) Pause Young (Normal) (G1 Evacuation Pause) 223M->224M(512M) 10.346ms
[2020-08-01T12:33:24.265+0300][55.474s][info ][gc] GC(2110) Pause Young (Normal) (G1 Evacuation Pause) 245M->247M(512M) 10.277ms
[2020-08-01T12:33:24.284+0300][55.494s][info ][gc] GC(2111) Pause Young (Concurrent Start) (G1 Evacuation Pause) 268M->269M(512M) 10.576ms
[2020-08-01T12:33:24.284+0300][55.494s][info ][gc] GC(2112) Concurrent Cycle
[2020-08-01T12:33:24.319+0300][55.528s][info ][gc] GC(2113) Pause Young (Normal) (G1 Evacuation Pause) 310M->312M(512M) 10.150ms
[2020-08-01T12:33:24.338+0300][55.548s][info ][gc] GC(2114) Pause Young (Normal) (G1 Evacuation Pause) 333M->334M(512M) 10.773ms
[2020-08-01T12:33:24.358+0300][55.567s][info ][gc] GC(2115) Pause Young (Normal) (G1 Evacuation Pause) 355M->357M(512M) 10.750ms
[2020-08-01T12:33:24.377+0300][55.586s][info ][gc] GC(2116) Pause Young (Normal) (G1 Evacuation Pause) 378M->379M(512M) 10.212ms
[2020-08-01T12:33:24.396+0300][55.605s][info ][gc] GC(2117) Pause Young (Normal) (G1 Evacuation Pause) 400M->401M(512M) 10.479ms
[2020-08-01T12:33:24.415+0300][55.624s][info ][gc] GC(2118) Pause Young (Normal) (G1 Evacuation Pause) 422M->423M(512M) 10.324ms
[2020-08-01T12:33:24.448+0300][55.657s][info ][gc] GC(2119) Pause Young (Normal) (G1 Evacuation Pause) 464M->465M(512M) 10.435ms
[2020-08-01T12:33:24.470+0300][55.679s][info ][gc] GC(2120) To-space exhausted
[2020-08-01T12:33:24.470+0300][55.679s][info ][gc] GC(2120) Pause Young (Normal) (G1 Evacuation Pause) 486M->495M(512M) 13.643ms
[2020-08-01T12:33:24.471+0300][55.680s][debug][gc] GC(2112) Reclaimed 133 empty regions
[2020-08-01T12:33:24.471+0300][55.680s][info ][gc] GC(2112) Pause Remark 495M->365M(512M) 0.615ms
[2020-08-01T12:33:24.491+0300][55.700s][info ][gc] GC(2121) Pause Young (Normal) (G1 Evacuation Pause) 385M->386M(512M) 10.875ms
[2020-08-01T12:33:24.515+0300][55.725s][info ][gc] GC(2122) Pause Young (Normal) (G1 Evacuation Pause) 407M->408M(512M) 10.367ms
[2020-08-01T12:33:24.542+0300][55.752s][info ][gc] GC(2123) Pause Young (Normal) (G1 Evacuation Pause) 429M->430M(512M) 10.471ms
[2020-08-01T12:33:24.586+0300][55.795s][info ][gc] GC(2124) Pause Young (Normal) (G1 Evacuation Pause) 471M->472M(512M) 10.287ms
[2020-08-01T12:33:24.618+0300][55.827s][info ][gc] GC(2125) To-space exhausted
[2020-08-01T12:33:24.618+0300][55.827s][info ][gc] GC(2125) Pause Young (Normal) (G1 Evacuation Pause) 493M->501M(512M) 17.706ms
[2020-08-01T12:33:24.649+0300][55.859s][info ][gc] GC(2126) To-space exhausted
[2020-08-01T12:33:24.650+0300][55.859s][info ][gc] GC(2126) Pause Young (Normal) (G1 Evacuation Pause) 511M->511M(512M) 21.370ms
[2020-08-01T12:33:24.650+0300][55.859s][debug][gc] GC(2127) Clear Next Bitmap 0.338ms
[2020-08-01T12:33:24.687+0300][55.897s][info ][gc] GC(2127) Pause Full (G1 Evacuation Pause) 511M->62M(512M) 37.847ms
[2020-08-01T12:33:24.688+0300][55.897s][info ][gc] GC(2112) Concurrent Cycle 403.422ms
[2020-08-01T12:33:24.710+0300][55.920s][info ][gc] GC(2128) Pause Young (Normal) (G1 Evacuation Pause) 87M->87M(512M) 11.853ms
[2020-08-01T12:33:24.729+0300][55.938s][info ][gc] GC(2129) Pause Young (Normal) (G1 Evacuation Pause) 108M->110M(512M) 10.271ms
[2020-08-01T12:33:24.748+0300][55.957s][info ][gc] GC(2130) Pause Young (Normal) (G1 Evacuation Pause) 131M->133M(512M) 10.543ms
[2020-08-01T12:33:24.820+0300][56.029s][info ][gc] GC(2131) Pause Young (Normal) (G1 Evacuation Pause) 174M->176M(512M) 24.765ms
[2020-08-01T12:33:24.844+0300][56.054s][info ][gc] GC(2132) Pause Young (Normal) (G1 Evacuation Pause) 197M->198M(512M) 11.925ms
[2020-08-01T12:33:24.863+0300][56.073s][info ][gc] GC(2133) Pause Young (Normal) (G1 Evacuation Pause) 219M->220M(512M) 10.354ms
[2020-08-01T12:33:24.883+0300][56.092s][info ][gc] GC(2134) Pause Young (Normal) (G1 Evacuation Pause) 241M->243M(512M) 10.569ms
[2020-08-01T12:33:24.901+0300][56.111s][info ][gc] GC(2135) Pause Young (Concurrent Start) (G1 Evacuation Pause) 264M->265M(512M) 10.284ms
[2020-08-01T12:33:24.901+0300][56.111s][info ][gc] GC(2136) Concurrent Cycle
[2020-08-01T12:33:24.941+0300][56.151s][info ][gc] GC(2137) Pause Young (Normal) (G1 Evacuation Pause) 306M->308M(512M) 10.341ms
[2020-08-01T12:33:24.961+0300][56.170s][info ][gc] GC(2138) Pause Young (Normal) (G1 Evacuation Pause) 329M->330M(512M) 10.522ms
[2020-08-01T12:33:24.980+0300][56.189s][info ][gc] GC(2139) Pause Young (Normal) (G1 Evacuation Pause) 351M->353M(512M) 10.508ms
[2020-08-01T12:33:24.999+0300][56.209s][info ][gc] GC(2140) Pause Young (Normal) (G1 Evacuation Pause) 374M->375M(512M) 10.467ms
[2020-08-01T12:33:25.018+0300][56.228s][info ][gc] GC(2141) Pause Young (Normal) (G1 Evacuation Pause) 396M->397M(512M) 10.368ms
[2020-08-01T12:33:25.039+0300][56.248s][info ][gc] GC(2142) Pause Young (Normal) (G1 Evacuation Pause) 418M->419M(512M) 11.593ms
[2020-08-01T12:33:25.053+0300][56.262s][debug][gc] GC(2136) Reclaimed 132 empty regions
[2020-08-01T12:33:25.053+0300][56.262s][info ][gc] GC(2136) Pause Remark 425M->296M(512M) 0.447ms
[2020-08-01T12:33:25.086+0300][56.295s][info ][gc] GC(2143) Pause Young (Normal) (G1 Evacuation Pause) 331M->333M(512M) 10.884ms
[2020-08-01T12:33:25.112+0300][56.321s][info ][gc] GC(2144) Pause Young (Normal) (G1 Evacuation Pause) 354M->355M(512M) 11.390ms
[2020-08-01T12:33:25.138+0300][56.347s][info ][gc] GC(2145) Pause Young (Normal) (G1 Evacuation Pause) 376M->378M(512M) 10.648ms
[2020-08-01T12:33:25.163+0300][56.372s][info ][gc] GC(2146) Pause Young (Normal) (G1 Evacuation Pause) 399M->401M(512M) 10.629ms
[2020-08-01T12:33:25.189+0300][56.398s][info ][gc] GC(2147) Pause Young (Normal) (G1 Evacuation Pause) 422M->423M(512M) 10.770ms
[2020-08-01T12:33:25.224+0300][56.433s][info ][gc] GC(2148) Pause Young (Normal) (G1 Evacuation Pause) 464M->465M(512M) 10.872ms
[2020-08-01T12:33:25.248+0300][56.458s][info ][gc] GC(2149) To-space exhausted
[2020-08-01T12:33:25.249+0300][56.458s][info ][gc] GC(2149) Pause Young (Normal) (G1 Evacuation Pause) 486M->489M(512M) 11.648ms
[2020-08-01T12:33:25.299+0300][56.509s][info ][gc] GC(2150) To-space exhausted
[2020-08-01T12:33:25.299+0300][56.509s][info ][gc] GC(2150) Pause Young (Normal) (G1 Evacuation Pause) 510M->511M(512M) 36.264ms
[2020-08-01T12:33:25.300+0300][56.509s][debug][gc] GC(2151) Clear Next Bitmap 0.361ms
[2020-08-01T12:33:25.340+0300][56.549s][info ][gc] GC(2151) Pause Full (G1 Evacuation Pause) 511M->69M(512M) 40.345ms
[2020-08-01T12:33:25.340+0300][56.549s][info ][gc] GC(2136) Concurrent Cycle 438.634ms
[2020-08-01T12:33:25.361+0300][56.570s][info ][gc] GC(2152) Pause Young (Normal) (G1 Evacuation Pause) 94M->94M(512M) 10.686ms
[2020-08-01T12:33:25.379+0300][56.589s][info ][gc] GC(2153) Pause Young (Normal) (G1 Evacuation Pause) 115M->117M(512M) 10.335ms
[2020-08-01T12:33:25.398+0300][56.608s][info ][gc] GC(2154) Pause Young (Normal) (G1 Evacuation Pause) 138M->139M(512M) 10.261ms
[2020-08-01T12:33:25.444+0300][56.654s][info ][gc] GC(2155) Pause Young (Normal) (G1 Evacuation Pause) 180M->181M(512M) 14.066ms
[2020-08-01T12:33:25.466+0300][56.675s][info ][gc] GC(2156) Pause Young (Normal) (G1 Evacuation Pause) 202M->203M(512M) 11.498ms
[2020-08-01T12:33:25.485+0300][56.694s][info ][gc] GC(2157) Pause Young (Normal) (G1 Evacuation Pause) 224M->225M(512M) 10.436ms
[2020-08-01T12:33:25.504+0300][56.713s][info ][gc] GC(2158) Pause Young (Normal) (G1 Evacuation Pause) 246M->248M(512M) 10.697ms
[2020-08-01T12:33:25.524+0300][56.733s][info ][gc] GC(2159) Pause Young (Concurrent Start) (G1 Evacuation Pause) 269M->270M(512M) 11.571ms
[2020-08-01T12:33:25.524+0300][56.733s][info ][gc] GC(2160) Concurrent Cycle
[2020-08-01T12:33:25.567+0300][56.777s][info ][gc] GC(2161) Pause Young (Normal) (G1 Evacuation Pause) 311M->313M(512M) 10.746ms
[2020-08-01T12:33:25.587+0300][56.796s][info ][gc] GC(2162) Pause Young (Normal) (G1 Evacuation Pause) 334M->336M(512M) 10.495ms
[2020-08-01T12:33:25.607+0300][56.816s][info ][gc] GC(2163) Pause Young (Normal) (G1 Evacuation Pause) 357M->358M(512M) 11.563ms
[2020-08-01T12:33:25.626+0300][56.836s][info ][gc] GC(2164) Pause Young (Normal) (G1 Evacuation Pause) 379M->380M(512M) 10.558ms
[2020-08-01T12:33:25.646+0300][56.855s][info ][gc] GC(2165) Pause Young (Normal) (G1 Evacuation Pause) 401M->402M(512M) 10.436ms
[2020-08-01T12:33:25.671+0300][56.880s][debug][gc] GC(2160) Reclaimed 135 empty regions
[2020-08-01T12:33:25.671+0300][56.880s][info ][gc] GC(2160) Pause Remark 422M->291M(512M) 0.438ms
[2020-08-01T12:33:25.689+0300][56.898s][info ][gc] GC(2166) Pause Young (Normal) (G1 Evacuation Pause) 312M->313M(512M) 12.640ms
[2020-08-01T12:33:25.718+0300][56.927s][info ][gc] GC(2167) Pause Young (Normal) (G1 Evacuation Pause) 334M->335M(512M) 10.618ms
[2020-08-01T12:33:25.743+0300][56.953s][info ][gc] GC(2168) Pause Young (Normal) (G1 Evacuation Pause) 356M->358M(512M) 10.510ms
[2020-08-01T12:33:25.769+0300][56.979s][info ][gc] GC(2169) Pause Young (Normal) (G1 Evacuation Pause) 379M->380M(512M) 10.455ms
[2020-08-01T12:33:25.790+0300][56.999s][info ][gc] GC(2170) Pause Young (Normal) (G1 Evacuation Pause) 401M->403M(512M) 11.795ms
[2020-08-01T12:33:25.819+0300][57.029s][info ][gc] GC(2171) Pause Young (Normal) (G1 Evacuation Pause) 424M->425M(512M) 10.587ms
[2020-08-01T12:33:25.864+0300][57.073s][info ][gc] GC(2172) Pause Young (Normal) (G1 Evacuation Pause) 466M->468M(512M) 10.862ms
[2020-08-01T12:33:25.878+0300][57.087s][info ][gc] GC(2160) Pause Cleanup 485M->485M(512M) 0.131ms
[2020-08-01T12:33:25.879+0300][57.088s][info ][gc] GC(2160) Concurrent Cycle 354.799ms
[2020-08-01T12:33:25.893+0300][57.102s][info ][gc] GC(2173) To-space exhausted
[2020-08-01T12:33:25.893+0300][57.102s][info ][gc] GC(2173) Pause Young (Normal) (G1 Evacuation Pause) 489M->494M(512M) 13.052ms
[2020-08-01T12:33:25.932+0300][57.142s][info ][gc] GC(2174) To-space exhausted
[2020-08-01T12:33:25.932+0300][57.142s][info ][gc] GC(2174) Pause Young (Concurrent Start) (G1 Evacuation Pause) 511M->511M(512M) 32.755ms
[2020-08-01T12:33:25.932+0300][57.142s][info ][gc] GC(2176) Concurrent Cycle
[2020-08-01T12:33:25.933+0300][57.142s][debug][gc] GC(2175) Clear Next Bitmap 0.364ms
[2020-08-01T12:33:25.975+0300][57.184s][info ][gc] GC(2175) Pause Full (G1 Evacuation Pause) 511M->71M(512M) 42.060ms
[2020-08-01T12:33:25.975+0300][57.184s][info ][gc] GC(2176) Concurrent Cycle 42.360ms
[2020-08-01T12:33:25.996+0300][57.205s][info ][gc] GC(2177) Pause Young (Normal) (G1 Evacuation Pause) 97M->98M(512M) 10.843ms
[2020-08-01T12:33:26.016+0300][57.225s][info ][gc] GC(2178) Pause Young (Normal) (G1 Evacuation Pause) 121M->122M(512M) 10.876ms
[2020-08-01T12:33:26.089+0300][57.299s][info ][gc] GC(2179) Pause Young (Normal) (G1 Evacuation Pause) 163M->164M(512M) 28.554ms
[2020-08-01T12:33:26.115+0300][57.325s][info ][gc] GC(2180) Pause Young (Normal) (G1 Evacuation Pause) 185M->186M(512M) 12.607ms
[2020-08-01T12:33:26.135+0300][57.345s][info ][gc] GC(2181) Pause Young (Normal) (G1 Evacuation Pause) 207M->208M(512M) 11.407ms
[2020-08-01T12:33:26.154+0300][57.363s][info ][gc] GC(2182) Pause Young (Normal) (G1 Evacuation Pause) 229M->231M(512M) 10.146ms
[2020-08-01T12:33:26.173+0300][57.382s][info ][gc] GC(2183) Pause Young (Concurrent Start) (G1 Evacuation Pause) 252M->253M(512M) 10.490ms
[2020-08-01T12:33:26.173+0300][57.382s][info ][gc] GC(2184) Concurrent Cycle
[2020-08-01T12:33:26.192+0300][57.402s][info ][gc] GC(2185) Pause Young (Normal) (G1 Evacuation Pause) 274M->275M(512M) 10.498ms
[2020-08-01T12:33:26.240+0300][57.449s][info ][gc] GC(2186) Pause Young (Normal) (G1 Evacuation Pause) 316M->317M(512M) 11.010ms
[2020-08-01T12:33:26.259+0300][57.468s][info ][gc] GC(2187) Pause Young (Normal) (G1 Evacuation Pause) 338M->340M(512M) 10.279ms
[2020-08-01T12:33:26.280+0300][57.489s][info ][gc] GC(2188) Pause Young (Normal) (G1 Evacuation Pause) 361M->362M(512M) 11.810ms
[2020-08-01T12:33:26.299+0300][57.508s][info ][gc] GC(2189) Pause Young (Normal) (G1 Evacuation Pause) 383M->385M(512M) 10.553ms
[2020-08-01T12:33:26.307+0300][57.516s][debug][gc] GC(2184) Reclaimed 129 empty regions
[2020-08-01T12:33:26.307+0300][57.516s][info ][gc] GC(2184) Pause Remark 403M->277M(512M) 0.461ms
[2020-08-01T12:33:26.319+0300][57.529s][info ][gc] GC(2190) Pause Young (Normal) (G1 Evacuation Pause) 280M->281M(512M) 11.014ms
[2020-08-01T12:33:26.363+0300][57.572s][info ][gc] GC(2191) Pause Young (Normal) (G1 Evacuation Pause) 322M->324M(512M) 12.332ms
[2020-08-01T12:33:26.389+0300][57.598s][info ][gc] GC(2192) Pause Young (Normal) (G1 Evacuation Pause) 345M->346M(512M) 10.326ms
[2020-08-01T12:33:26.413+0300][57.622s][info ][gc] GC(2193) Pause Young (Normal) (G1 Evacuation Pause) 367M->368M(512M) 10.543ms
[2020-08-01T12:33:26.436+0300][57.645s][info ][gc] GC(2194) Pause Young (Normal) (G1 Evacuation Pause) 389M->391M(512M) 10.560ms
[2020-08-01T12:33:26.463+0300][57.672s][info ][gc] GC(2195) Pause Young (Normal) (G1 Evacuation Pause) 412M->413M(512M) 10.806ms
[2020-08-01T12:33:26.488+0300][57.698s][info ][gc] GC(2196) Pause Young (Normal) (G1 Evacuation Pause) 434M->436M(512M) 10.334ms
[2020-08-01T12:33:26.506+0300][57.715s][info ][gc] GC(2184) Pause Cleanup 439M->439M(512M) 0.115ms
[2020-08-01T12:33:26.506+0300][57.715s][info ][gc] GC(2184) Concurrent Cycle 333.110ms
[2020-08-01T12:33:26.532+0300][57.742s][info ][gc] GC(2197) Pause Young (Concurrent Start) (G1 Humongous Allocation) 439M->441M(512M) 15.637ms
[2020-08-01T12:33:26.532+0300][57.742s][info ][gc] GC(2198) Concurrent Cycle
[2020-08-01T12:33:26.541+0300][57.751s][debug][gc] GC(2198) Reclaimed 426 empty regions
[2020-08-01T12:33:26.541+0300][57.751s][info ][gc] GC(2198) Pause Remark 467M->41M(512M) 0.749ms
[2020-08-01T12:33:26.563+0300][57.772s][info ][gc] GC(2199) Pause Young (Normal) (G1 Evacuation Pause) 56M->54M(512M) 11.417ms
[2020-08-01T12:33:26.567+0300][57.777s][info ][gc] GC(2198) Pause Cleanup 54M->54M(512M) 0.073ms
[2020-08-01T12:33:26.568+0300][57.777s][info ][gc] GC(2198) Concurrent Cycle 35.367ms
[2020-08-01T12:33:26.587+0300][57.796s][info ][gc] GC(2200) Pause Young (Normal) (G1 Evacuation Pause) 75M->76M(512M) 10.586ms
[2020-08-01T12:33:26.605+0300][57.815s][info ][gc] GC(2201) Pause Young (Normal) (G1 Evacuation Pause) 97M->98M(512M) 10.230ms
[2020-08-01T12:33:26.625+0300][57.835s][info ][gc] GC(2202) Pause Young (Normal) (G1 Evacuation Pause) 119M->120M(512M) 11.596ms
[2020-08-01T12:33:26.644+0300][57.853s][info ][gc] GC(2203) Pause Young (Normal) (G1 Evacuation Pause) 141M->143M(512M) 10.393ms
[2020-08-01T12:33:26.689+0300][57.899s][info ][gc] GC(2204) Pause Young (Normal) (G1 Evacuation Pause) 184M->185M(512M) 10.508ms
[2020-08-01T12:33:26.708+0300][57.917s][info ][gc] GC(2205) Pause Young (Normal) (G1 Evacuation Pause) 206M->207M(512M) 10.433ms
[2020-08-01T12:33:26.727+0300][57.936s][info ][gc] GC(2206) Pause Young (Normal) (G1 Evacuation Pause) 228M->229M(512M) 10.428ms
[2020-08-01T12:33:26.746+0300][57.955s][info ][gc] GC(2207) Pause Young (Normal) (G1 Evacuation Pause) 250M->251M(512M) 10.604ms
[2020-08-01T12:33:26.764+0300][57.974s][info ][gc] GC(2208) Pause Young (Concurrent Start) (G1 Evacuation Pause) 272M->274M(512M) 9.860ms
[2020-08-01T12:33:26.764+0300][57.974s][info ][gc] GC(2209) Concurrent Cycle
[2020-08-01T12:33:26.810+0300][58.019s][info ][gc] GC(2210) Pause Young (Normal) (G1 Evacuation Pause) 315M->316M(512M) 10.194ms
[2020-08-01T12:33:26.829+0300][58.039s][info ][gc] GC(2211) Pause Young (Normal) (G1 Evacuation Pause) 337M->338M(512M) 10.587ms
[2020-08-01T12:33:26.849+0300][58.058s][info ][gc] GC(2212) Pause Young (Normal) (G1 Evacuation Pause) 359M->361M(512M) 10.621ms
[2020-08-01T12:33:26.870+0300][58.079s][info ][gc] GC(2213) Pause Young (Normal) (G1 Evacuation Pause) 382M->383M(512M) 11.737ms
[2020-08-01T12:33:26.889+0300][58.098s][info ][gc] GC(2214) Pause Young (Normal) (G1 Evacuation Pause) 404M->405M(512M) 10.309ms
[2020-08-01T12:33:26.909+0300][58.118s][info ][gc] GC(2215) Pause Young (Normal) (G1 Evacuation Pause) 426M->428M(512M) 10.722ms
[2020-08-01T12:33:26.915+0300][58.124s][debug][gc] GC(2209) Reclaimed 140 empty regions
[2020-08-01T12:33:26.915+0300][58.124s][info ][gc] GC(2209) Pause Remark 437M->297M(512M) 0.410ms
[2020-08-01T12:33:26.956+0300][58.165s][info ][gc] GC(2216) Pause Young (Normal) (G1 Evacuation Pause) 329M->331M(512M) 11.659ms
[2020-08-01T12:33:26.984+0300][58.194s][info ][gc] GC(2217) Pause Young (Normal) (G1 Evacuation Pause) 352M->354M(512M) 10.593ms
[2020-08-01T12:33:27.010+0300][58.219s][info ][gc] GC(2218) Pause Young (Normal) (G1 Evacuation Pause) 375M->376M(512M) 10.910ms
[2020-08-01T12:33:27.032+0300][58.242s][info ][gc] GC(2219) Pause Young (Normal) (G1 Evacuation Pause) 397M->399M(512M) 10.294ms
[2020-08-01T12:33:27.060+0300][58.269s][info ][gc] GC(2220) Pause Young (Normal) (G1 Evacuation Pause) 420M->421M(512M) 11.827ms
[2020-08-01T12:33:27.106+0300][58.315s][info ][gc] GC(2221) Pause Young (Normal) (G1 Evacuation Pause) 462M->463M(512M) 10.506ms
[2020-08-01T12:33:27.111+0300][58.320s][info ][gc] GC(2209) Pause Cleanup 464M->464M(512M) 0.136ms
[2020-08-01T12:33:27.111+0300][58.320s][info ][gc] GC(2209) Concurrent Cycle 346.802ms
[2020-08-01T12:33:27.130+0300][58.339s][info ][gc] GC(2222) Pause Young (Normal) (G1 Evacuation Pause) 484M->485M(512M) 10.405ms
[2020-08-01T12:33:27.172+0300][58.382s][info ][gc] GC(2223) To-space exhausted
[2020-08-01T12:33:27.172+0300][58.382s][info ][gc] GC(2223) Pause Young (Concurrent Start) (G1 Evacuation Pause) 506M->511M(512M) 33.939ms
[2020-08-01T12:33:27.172+0300][58.382s][info ][gc] GC(2225) Concurrent Cycle
[2020-08-01T12:33:27.173+0300][58.383s][debug][gc] GC(2224) Clear Next Bitmap 0.276ms
[2020-08-01T12:33:27.211+0300][58.421s][info ][gc] GC(2224) Pause Full (G1 Evacuation Pause) 511M->66M(512M) 38.967ms
[2020-08-01T12:33:27.212+0300][58.421s][info ][gc] GC(2225) Concurrent Cycle 39.278ms
[2020-08-01T12:33:27.233+0300][58.443s][info ][gc] GC(2226) Pause Young (Normal) (G1 Evacuation Pause) 91M->91M(512M) 11.864ms
[2020-08-01T12:33:27.253+0300][58.462s][info ][gc] GC(2227) Pause Young (Normal) (G1 Evacuation Pause) 113M->115M(512M) 10.454ms
[2020-08-01T12:33:27.271+0300][58.481s][info ][gc] GC(2228) Pause Young (Normal) (G1 Evacuation Pause) 136M->137M(512M) 10.258ms
[2020-08-01T12:33:27.360+0300][58.570s][info ][gc] GC(2229) Pause Young (Normal) (G1 Evacuation Pause) 178M->180M(512M) 24.249ms
[2020-08-01T12:33:27.385+0300][58.595s][info ][gc] GC(2230) Pause Young (Normal) (G1 Evacuation Pause) 201M->202M(512M) 12.250ms
[2020-08-01T12:33:27.404+0300][58.614s][info ][gc] GC(2231) Pause Young (Normal) (G1 Evacuation Pause) 223M->224M(512M) 10.569ms
[2020-08-01T12:33:27.423+0300][58.633s][info ][gc] GC(2232) Pause Young (Normal) (G1 Evacuation Pause) 245M->246M(512M) 10.485ms
[2020-08-01T12:33:27.442+0300][58.652s][info ][gc] GC(2233) Pause Young (Concurrent Start) (G1 Evacuation Pause) 267M->268M(512M) 10.484ms
[2020-08-01T12:33:27.442+0300][58.652s][info ][gc] GC(2234) Concurrent Cycle
[2020-08-01T12:33:27.483+0300][58.692s][info ][gc] GC(2235) Pause Young (Normal) (G1 Evacuation Pause) 309M->311M(512M) 11.789ms
[2020-08-01T12:33:27.501+0300][58.711s][info ][gc] GC(2236) Pause Young (Normal) (G1 Evacuation Pause) 332M->333M(512M) 10.209ms
[2020-08-01T12:33:27.521+0300][58.730s][info ][gc] GC(2237) Pause Young (Normal) (G1 Evacuation Pause) 354M->356M(512M) 10.470ms
[2020-08-01T12:33:27.540+0300][58.750s][info ][gc] GC(2238) Pause Young (Normal) (G1 Evacuation Pause) 377M->378M(512M) 10.828ms
[2020-08-01T12:33:27.559+0300][58.769s][info ][gc] GC(2239) Pause Young (Normal) (G1 Evacuation Pause) 399M->400M(512M) 10.287ms
[2020-08-01T12:33:27.579+0300][58.788s][info ][gc] GC(2240) Pause Young (Normal) (G1 Evacuation Pause) 421M->423M(512M) 10.711ms
[2020-08-01T12:33:27.598+0300][58.807s][debug][gc] GC(2234) Reclaimed 133 empty regions
[2020-08-01T12:33:27.598+0300][58.807s][info ][gc] GC(2234) Pause Remark 424M->293M(512M) 0.420ms
[2020-08-01T12:33:27.624+0300][58.834s][info ][gc] GC(2241) Pause Young (Normal) (G1 Evacuation Pause) 332M->334M(512M) 10.612ms
[2020-08-01T12:33:27.650+0300][58.859s][info ][gc] GC(2242) Pause Young (Normal) (G1 Evacuation Pause) 355M->356M(512M) 9.684ms
[2020-08-01T12:33:27.678+0300][58.887s][info ][gc] GC(2243) Pause Young (Normal) (G1 Evacuation Pause) 377M->378M(512M) 11.855ms
[2020-08-01T12:33:27.705+0300][58.914s][info ][gc] GC(2244) Pause Young (Normal) (G1 Evacuation Pause) 400M->402M(512M) 11.621ms
[2020-08-01T12:33:27.730+0300][58.940s][info ][gc] GC(2245) Pause Young (Normal) (G1 Evacuation Pause) 423M->424M(512M) 10.726ms
[2020-08-01T12:33:27.780+0300][58.989s][info ][gc] GC(2246) Pause Young (Normal) (G1 Evacuation Pause) 465M->467M(512M) 12.542ms
[2020-08-01T12:33:27.807+0300][59.017s][info ][gc] GC(2247) To-space exhausted
[2020-08-01T12:33:27.807+0300][59.017s][info ][gc] GC(2247) Pause Young (Normal) (G1 Evacuation Pause) 488M->493M(512M) 12.522ms
[2020-08-01T12:33:27.815+0300][59.024s][info ][gc] GC(2234) Pause Cleanup 504M->504M(512M) 0.121ms
[2020-08-01T12:33:27.815+0300][59.025s][info ][gc] GC(2234) Concurrent Cycle 372.940ms
[2020-08-01T12:33:27.850+0300][59.060s][info ][gc] GC(2248) To-space exhausted
[2020-08-01T12:33:27.851+0300][59.060s][info ][gc] GC(2248) Pause Young (Normal) (G1 Evacuation Pause) 511M->511M(512M) 32.238ms
[2020-08-01T12:33:27.898+0300][59.107s][info ][gc] GC(2249) Pause Full (G1 Evacuation Pause) 511M->71M(512M) 47.343ms
[2020-08-01T12:33:27.919+0300][59.128s][info ][gc] GC(2250) Pause Young (Normal) (G1 Evacuation Pause) 96M->97M(512M) 10.584ms
[2020-08-01T12:33:27.937+0300][59.147s][info ][gc] GC(2251) Pause Young (Normal) (G1 Evacuation Pause) 118M->119M(512M) 10.536ms
[2020-08-01T12:33:28.012+0300][59.221s][info ][gc] GC(2252) Pause Young (Normal) (G1 Evacuation Pause) 160M->162M(512M) 35.898ms
[2020-08-01T12:33:28.039+0300][59.248s][info ][gc] GC(2253) Pause Young (Normal) (G1 Evacuation Pause) 183M->185M(512M) 12.895ms
[2020-08-01T12:33:28.058+0300][59.268s][info ][gc] GC(2254) Pause Young (Normal) (G1 Evacuation Pause) 206M->207M(512M) 10.547ms
[2020-08-01T12:33:28.077+0300][59.287s][info ][gc] GC(2255) Pause Young (Normal) (G1 Evacuation Pause) 228M->229M(512M) 10.760ms
[2020-08-01T12:33:28.096+0300][59.305s][info ][gc] GC(2256) Pause Young (Normal) (G1 Evacuation Pause) 250M->252M(512M) 10.149ms
[2020-08-01T12:33:28.115+0300][59.325s][info ][gc] GC(2257) Pause Young (Concurrent Start) (G1 Evacuation Pause) 273M->274M(512M) 10.502ms
[2020-08-01T12:33:28.115+0300][59.325s][info ][gc] GC(2258) Concurrent Cycle
[2020-08-01T12:33:28.152+0300][59.361s][info ][gc] GC(2259) Pause Young (Normal) (G1 Evacuation Pause) 315M->316M(512M) 10.087ms
[2020-08-01T12:33:28.171+0300][59.381s][info ][gc] GC(2260) Pause Young (Normal) (G1 Evacuation Pause) 337M->339M(512M) 10.497ms
[2020-08-01T12:33:28.190+0300][59.400s][info ][gc] GC(2261) Pause Young (Normal) (G1 Evacuation Pause) 360M->361M(512M) 10.367ms
[2020-08-01T12:33:28.210+0300][59.419s][info ][gc] GC(2262) Pause Young (Normal) (G1 Evacuation Pause) 382M->383M(512M) 10.479ms
[2020-08-01T12:33:28.229+0300][59.438s][info ][gc] GC(2263) Pause Young (Normal) (G1 Evacuation Pause) 404M->406M(512M) 10.440ms
[2020-08-01T12:33:28.270+0300][59.480s][info ][gc] GC(2264) Pause Young (Normal) (G1 Evacuation Pause) 447M->449M(512M) 10.137ms
[2020-08-01T12:33:28.273+0300][59.483s][debug][gc] GC(2258) Reclaimed 129 empty regions
[2020-08-01T12:33:28.273+0300][59.483s][info ][gc] GC(2258) Pause Remark 455M->329M(512M) 0.439ms
[2020-08-01T12:33:28.290+0300][59.500s][info ][gc] GC(2265) Pause Young (Normal) (G1 Evacuation Pause) 344M->345M(512M) 10.891ms
[2020-08-01T12:33:28.316+0300][59.526s][info ][gc] GC(2266) Pause Young (Normal) (G1 Evacuation Pause) 366M->367M(512M) 10.519ms
[2020-08-01T12:33:28.342+0300][59.552s][info ][gc] GC(2267) Pause Young (Normal) (G1 Evacuation Pause) 388M->390M(512M) 10.582ms
[2020-08-01T12:33:28.369+0300][59.579s][info ][gc] GC(2268) Pause Young (Normal) (G1 Evacuation Pause) 411M->412M(512M) 12.154ms
[2020-08-01T12:33:28.396+0300][59.605s][info ][gc] GC(2269) Pause Young (Normal) (G1 Evacuation Pause) 433M->435M(512M) 10.498ms
[2020-08-01T12:33:28.433+0300][59.643s][info ][gc] GC(2270) Pause Young (Normal) (G1 Evacuation Pause) 476M->478M(512M) 10.477ms
[2020-08-01T12:33:28.473+0300][59.682s][info ][gc] GC(2271) To-space exhausted
[2020-08-01T12:33:28.473+0300][59.682s][info ][gc] GC(2271) Pause Young (Normal) (G1 Evacuation Pause) 499M->508M(512M) 23.896ms
[2020-08-01T12:33:28.492+0300][59.702s][info ][gc] GC(2272) To-space exhausted
[2020-08-01T12:33:28.492+0300][59.702s][info ][gc] GC(2272) Pause Young (Normal) (G1 Evacuation Pause) 511M->511M(512M) 11.707ms
[2020-08-01T12:33:28.493+0300][59.702s][debug][gc] GC(2273) Clear Next Bitmap 0.362ms
[2020-08-01T12:33:28.527+0300][59.737s][info ][gc] GC(2273) Pause Full (G1 Evacuation Pause) 511M->60M(512M) 34.707ms
[2020-08-01T12:33:28.527+0300][59.737s][info ][gc] GC(2258) Concurrent Cycle 412.105ms
[2020-08-01T12:33:28.548+0300][59.757s][info ][gc] GC(2274) Pause Young (Normal) (G1 Evacuation Pause) 85M->85M(512M) 10.437ms
[2020-08-01T12:33:28.566+0300][59.776s][info ][gc] GC(2275) Pause Young (Normal) (G1 Evacuation Pause) 106M->108M(512M) 10.054ms
[2020-08-01T12:33:28.585+0300][59.795s][info ][gc] GC(2276) Pause Young (Normal) (G1 Evacuation Pause) 129M->130M(512M) 10.557ms
[2020-08-01T12:33:28.638+0300][59.847s][info ][gc] GC(2277) Pause Young (Normal) (G1 Evacuation Pause) 171M->172M(512M) 16.848ms
[2020-08-01T12:33:28.659+0300][59.869s][info ][gc] GC(2278) Pause Young (Normal) (G1 Evacuation Pause) 193M->194M(512M) 11.229ms
[2020-08-01T12:33:28.679+0300][59.888s][info ][gc] GC(2279) Pause Young (Normal) (G1 Evacuation Pause) 215M->217M(512M) 10.372ms
[2020-08-01T12:33:28.698+0300][59.907s][info ][gc] GC(2280) Pause Young (Normal) (G1 Evacuation Pause) 238M->239M(512M) 10.427ms
[2020-08-01T12:33:28.717+0300][59.926s][info ][gc] GC(2281) Pause Young (Concurrent Start) (G1 Evacuation Pause) 260M->261M(512M) 10.514ms
[2020-08-01T12:33:28.717+0300][59.926s][info ][gc] GC(2282) Concurrent Cycle
[2020-08-01T12:33:28.759+0300][59.968s][info ][gc] GC(2283) Pause Young (Normal) (G1 Evacuation Pause) 302M->304M(512M) 11.228ms
[2020-08-01T12:33:28.778+0300][59.987s][info ][gc] GC(2284) Pause Young (Normal) (G1 Evacuation Pause) 325M->326M(512M) 10.455ms
[2020-08-01T12:33:28.797+0300][60.007s][info ][gc] GC(2285) Pause Young (Normal) (G1 Evacuation Pause) 347M->348M(512M) 10.660ms
[2020-08-01T12:33:28.816+0300][60.026s][info ][gc] GC(2286) Pause Young (Normal) (G1 Evacuation Pause) 369M->371M(512M) 9.833ms
[2020-08-01T12:33:28.835+0300][60.045s][info ][gc] GC(2287) Pause Young (Normal) (G1 Evacuation Pause) 392M->393M(512M) 10.380ms
[2020-08-01T12:33:28.854+0300][60.063s][info ][gc] GC(2288) Pause Young (Normal) (G1 Evacuation Pause) 414M->416M(512M) 9.943ms
[2020-08-01T12:33:28.864+0300][60.074s][debug][gc] GC(2282) Reclaimed 129 empty regions
[2020-08-01T12:33:28.865+0300][60.074s][info ][gc] GC(2282) Pause Remark 424M->297M(512M) 0.433ms
[2020-08-01T12:33:28.894+0300][60.103s][info ][gc] GC(2289) Pause Young (Normal) (G1 Evacuation Pause) 330M->332M(512M) 15.752ms
[2020-08-01T12:33:28.922+0300][60.131s][info ][gc] GC(2290) Pause Young (Normal) (G1 Evacuation Pause) 353M->354M(512M) 10.997ms
[2020-08-01T12:33:28.947+0300][60.157s][info ][gc] GC(2291) Pause Young (Normal) (G1 Evacuation Pause) 375M->377M(512M) 10.478ms
[2020-08-01T12:33:28.972+0300][60.182s][info ][gc] GC(2292) Pause Young (Normal) (G1 Evacuation Pause) 398M->399M(512M) 10.662ms
[2020-08-01T12:33:28.998+0300][60.208s][info ][gc] GC(2293) Pause Young (Normal) (G1 Evacuation Pause) 420M->421M(512M) 10.643ms
[2020-08-01T12:33:29.039+0300][60.248s][info ][gc] GC(2294) Pause Young (Normal) (G1 Evacuation Pause) 462M->464M(512M) 11.321ms
[2020-08-01T12:33:29.065+0300][60.274s][info ][gc] GC(2295) Pause Young (Normal) (G1 Evacuation Pause) 485M->486M(512M) 10.471ms
[2020-08-01T12:33:29.077+0300][60.287s][info ][gc] GC(2282) Pause Cleanup 506M->506M(512M) 0.135ms
[2020-08-01T12:33:29.078+0300][60.287s][info ][gc] GC(2282) Concurrent Cycle 361.043ms
[2020-08-01T12:33:29.111+0300][60.320s][info ][gc] GC(2296) To-space exhausted
[2020-08-01T12:33:29.111+0300][60.320s][info ][gc] GC(2296) Pause Young (Normal) (G1 Evacuation Pause) 507M->511M(512M) 32.643ms
[2020-08-01T12:33:29.151+0300][60.361s][info ][gc] GC(2297) Pause Full (G1 Evacuation Pause) 511M->66M(512M) 40.318ms
[2020-08-01T12:33:29.172+0300][60.381s][info ][gc] GC(2298) Pause Young (Normal) (G1 Evacuation Pause) 91M->92M(512M) 10.415ms
[2020-08-01T12:33:29.193+0300][60.402s][info ][gc] GC(2299) Pause Young (Normal) (G1 Evacuation Pause) 115M->116M(512M) 11.926ms
[2020-08-01T12:33:29.212+0300][60.421s][info ][gc] GC(2300) Pause Young (Normal) (G1 Evacuation Pause) 137M->139M(512M) 10.400ms
[2020-08-01T12:33:29.264+0300][60.474s][info ][gc] GC(2301) Pause Young (Normal) (G1 Evacuation Pause) 180M->181M(512M) 14.979ms
[2020-08-01T12:33:29.285+0300][60.494s][info ][gc] GC(2302) Pause Young (Normal) (G1 Evacuation Pause) 202M->203M(512M) 10.654ms
[2020-08-01T12:33:29.304+0300][60.513s][info ][gc] GC(2303) Pause Young (Normal) (G1 Evacuation Pause) 224M->225M(512M) 10.329ms
[2020-08-01T12:33:29.324+0300][60.533s][info ][gc] GC(2304) Pause Young (Normal) (G1 Evacuation Pause) 246M->248M(512M) 12.123ms
[2020-08-01T12:33:29.343+0300][60.552s][info ][gc] GC(2305) Pause Young (Concurrent Start) (G1 Evacuation Pause) 269M->270M(512M) 10.546ms
[2020-08-01T12:33:29.343+0300][60.552s][info ][gc] GC(2306) Concurrent Cycle
[2020-08-01T12:33:29.383+0300][60.592s][info ][gc] GC(2307) Pause Young (Normal) (G1 Evacuation Pause) 311M->313M(512M) 10.741ms
[2020-08-01T12:33:29.402+0300][60.611s][info ][gc] GC(2308) Pause Young (Normal) (G1 Evacuation Pause) 334M->335M(512M) 10.472ms
[2020-08-01T12:33:29.421+0300][60.630s][info ][gc] GC(2309) Pause Young (Normal) (G1 Evacuation Pause) 356M->358M(512M) 10.228ms
[2020-08-01T12:33:29.441+0300][60.650s][info ][gc] GC(2310) Pause Young (Normal) (G1 Evacuation Pause) 379M->381M(512M) 11.274ms
[2020-08-01T12:33:29.461+0300][60.670s][info ][gc] GC(2311) Pause Young (Normal) (G1 Evacuation Pause) 402M->403M(512M) 10.969ms
[2020-08-01T12:33:29.489+0300][60.698s][debug][gc] GC(2306) Reclaimed 134 empty regions
[2020-08-01T12:33:29.489+0300][60.698s][info ][gc] GC(2306) Pause Remark 423M->292M(512M) 0.454ms
[2020-08-01T12:33:29.503+0300][60.713s][info ][gc] GC(2312) Pause Young (Normal) (G1 Evacuation Pause) 313M->314M(512M) 11.369ms
[2020-08-01T12:33:29.531+0300][60.741s][info ][gc] GC(2313) Pause Young (Normal) (G1 Evacuation Pause) 335M->336M(512M) 12.423ms
[2020-08-01T12:33:29.557+0300][60.766s][info ][gc] GC(2314) Pause Young (Normal) (G1 Evacuation Pause) 357M->358M(512M) 10.602ms
[2020-08-01T12:33:29.580+0300][60.790s][info ][gc] GC(2315) Pause Young (Normal) (G1 Evacuation Pause) 379M->380M(512M) 10.678ms
[2020-08-01T12:33:29.607+0300][60.816s][info ][gc] GC(2316) Pause Young (Normal) (G1 Evacuation Pause) 401M->403M(512M) 11.277ms
[2020-08-01T12:33:29.632+0300][60.842s][info ][gc] GC(2317) Pause Young (Normal) (G1 Evacuation Pause) 424M->426M(512M) 10.446ms
[2020-08-01T12:33:29.681+0300][60.890s][info ][gc] GC(2318) Pause Young (Normal) (G1 Evacuation Pause) 467M->468M(512M) 10.577ms
[2020-08-01T12:33:29.709+0300][60.918s][info ][gc] GC(2319) To-space exhausted
[2020-08-01T12:33:29.709+0300][60.918s][info ][gc] GC(2319) Pause Young (Normal) (G1 Evacuation Pause) 489M->497M(512M) 13.382ms
[2020-08-01T12:33:29.744+0300][60.953s][info ][gc] GC(2320) To-space exhausted
[2020-08-01T12:33:29.744+0300][60.954s][info ][gc] GC(2320) Pause Young (Normal) (G1 Evacuation Pause) 511M->511M(512M) 26.335ms
[2020-08-01T12:33:29.745+0300][60.954s][debug][gc] GC(2321) Clear Next Bitmap 0.294ms
[2020-08-01T12:33:29.785+0300][60.995s][info ][gc] GC(2321) Pause Full (G1 Evacuation Pause) 511M->68M(512M) 40.877ms
[2020-08-01T12:33:29.785+0300][60.995s][info ][gc] GC(2306) Pause Cleanup 68M->68M(512M) 0.002ms
[2020-08-01T12:33:29.785+0300][60.995s][info ][gc] GC(2306) Concurrent Cycle 442.532ms
[2020-08-01T12:33:29.806+0300][61.015s][info ][gc] GC(2322) Pause Young (Normal) (G1 Evacuation Pause) 93M->93M(512M) 10.473ms
[2020-08-01T12:33:29.827+0300][61.037s][info ][gc] GC(2323) Pause Young (Normal) (G1 Evacuation Pause) 117M->119M(512M) 12.016ms
[2020-08-01T12:33:29.862+0300][61.072s][info ][gc] GC(2324) Pause Young (Normal) (G1 Evacuation Pause) 160M->161M(512M) 10.072ms
[2020-08-01T12:33:29.881+0300][61.091s][info ][gc] GC(2325) Pause Young (Normal) (G1 Evacuation Pause) 182M->183M(512M) 10.634ms
[2020-08-01T12:33:29.901+0300][61.111s][info ][gc] GC(2326) Pause Young (Normal) (G1 Evacuation Pause) 204M->206M(512M) 11.149ms
[2020-08-01T12:33:29.920+0300][61.130s][info ][gc] GC(2327) Pause Young (Normal) (G1 Evacuation Pause) 227M->228M(512M) 10.619ms
[2020-08-01T12:33:29.939+0300][61.149s][info ][gc] GC(2328) Pause Young (Normal) (G1 Evacuation Pause) 249M->251M(512M) 10.488ms
[2020-08-01T12:33:29.959+0300][61.169s][info ][gc] GC(2329) Pause Young (Concurrent Start) (G1 Evacuation Pause) 272M->273M(512M) 11.518ms
[2020-08-01T12:33:29.959+0300][61.169s][info ][gc] GC(2330) Concurrent Cycle
[2020-08-01T12:33:29.993+0300][61.202s][info ][gc] GC(2331) Pause Young (Normal) (G1 Evacuation Pause) 314M->316M(512M) 10.532ms
[2020-08-01T12:33:30.012+0300][61.221s][info ][gc] GC(2332) Pause Young (Normal) (G1 Evacuation Pause) 337M->338M(512M) 10.542ms
[2020-08-01T12:33:30.031+0300][61.241s][info ][gc] GC(2333) Pause Young (Normal) (G1 Evacuation Pause) 359M->361M(512M) 10.518ms
[2020-08-01T12:33:30.052+0300][61.261s][info ][gc] GC(2334) Pause Young (Normal) (G1 Evacuation Pause) 382M->384M(512M) 11.472ms
[2020-08-01T12:33:30.071+0300][61.280s][info ][gc] GC(2335) Pause Young (Normal) (G1 Evacuation Pause) 405M->407M(512M) 10.368ms
[2020-08-01T12:33:30.114+0300][61.323s][info ][gc] GC(2336) Pause Young (Normal) (G1 Evacuation Pause) 448M->450M(512M) 10.141ms
[2020-08-01T12:33:30.118+0300][61.328s][debug][gc] GC(2330) Reclaimed 133 empty regions
[2020-08-01T12:33:30.118+0300][61.328s][info ][gc] GC(2330) Pause Remark 460M->330M(512M) 0.451ms
[2020-08-01T12:33:30.134+0300][61.343s][info ][gc] GC(2337) Pause Young (Normal) (G1 Evacuation Pause) 340M->342M(512M) 10.665ms
[2020-08-01T12:33:30.159+0300][61.368s][info ][gc] GC(2338) Pause Young (Normal) (G1 Evacuation Pause) 363M->364M(512M) 10.472ms
[2020-08-01T12:33:30.185+0300][61.394s][info ][gc] GC(2339) Pause Young (Normal) (G1 Evacuation Pause) 385M->387M(512M) 10.564ms
[2020-08-01T12:33:30.211+0300][61.420s][info ][gc] GC(2340) Pause Young (Normal) (G1 Evacuation Pause) 408M->409M(512M) 10.517ms
[2020-08-01T12:33:30.234+0300][61.443s][info ][gc] GC(2341) Pause Young (Normal) (G1 Evacuation Pause) 430M->432M(512M) 10.502ms
[2020-08-01T12:33:30.275+0300][61.484s][info ][gc] GC(2342) Pause Young (Normal) (G1 Evacuation Pause) 473M->475M(512M) 10.918ms
[2020-08-01T12:33:30.310+0300][61.519s][info ][gc] GC(2343) To-space exhausted
[2020-08-01T12:33:30.310+0300][61.519s][info ][gc] GC(2343) Pause Young (Normal) (G1 Evacuation Pause) 496M->501M(512M) 21.838ms
[2020-08-01T12:33:30.337+0300][61.546s][info ][gc] GC(2344) To-space exhausted
[2020-08-01T12:33:30.337+0300][61.546s][info ][gc] GC(2344) Pause Young (Normal) (G1 Evacuation Pause) 511M->511M(512M) 22.892ms
[2020-08-01T12:33:30.337+0300][61.547s][debug][gc] GC(2345) Clear Next Bitmap 0.280ms
[2020-08-01T12:33:30.377+0300][61.586s][info ][gc] GC(2345) Pause Full (G1 Evacuation Pause) 511M->66M(512M) 40.053ms
[2020-08-01T12:33:30.377+0300][61.587s][info ][gc] GC(2330) Concurrent Cycle 417.827ms
[2020-08-01T12:33:30.398+0300][61.608s][info ][gc] GC(2346) Pause Young (Normal) (G1 Evacuation Pause) 93M->94M(512M) 10.513ms
[2020-08-01T12:33:30.420+0300][61.630s][info ][gc] GC(2347) Pause Young (Normal) (G1 Evacuation Pause) 119M->120M(512M) 11.821ms
[2020-08-01T12:33:30.488+0300][61.697s][info ][gc] GC(2348) Pause Young (Normal) (G1 Evacuation Pause) 161M->163M(512M) 30.287ms
[2020-08-01T12:33:30.513+0300][61.723s][info ][gc] GC(2349) Pause Young (Normal) (G1 Evacuation Pause) 184M->185M(512M) 12.523ms
[2020-08-01T12:33:30.532+0300][61.741s][info ][gc] GC(2350) Pause Young (Normal) (G1 Evacuation Pause) 206M->207M(512M) 10.017ms
[2020-08-01T12:33:30.551+0300][61.760s][info ][gc] GC(2351) Pause Young (Normal) (G1 Evacuation Pause) 228M->230M(512M) 10.468ms
[2020-08-01T12:33:30.569+0300][61.778s][info ][gc] GC(2352) Pause Young (Normal) (G1 Evacuation Pause) 251M->252M(512M) 10.165ms
[2020-08-01T12:33:30.588+0300][61.798s][info ][gc] GC(2353) Pause Young (Concurrent Start) (G1 Evacuation Pause) 273M->274M(512M) 10.718ms
[2020-08-01T12:33:30.588+0300][61.798s][info ][gc] GC(2354) Concurrent Cycle
[2020-08-01T12:33:30.631+0300][61.840s][info ][gc] GC(2355) Pause Young (Normal) (G1 Evacuation Pause) 315M->317M(512M) 9.930ms
[2020-08-01T12:33:30.650+0300][61.859s][info ][gc] GC(2356) Pause Young (Normal) (G1 Evacuation Pause) 338M->339M(512M) 10.224ms
[2020-08-01T12:33:30.670+0300][61.879s][info ][gc] GC(2357) Pause Young (Normal) (G1 Evacuation Pause) 360M->362M(512M) 10.818ms
[2020-08-01T12:33:30.692+0300][61.901s][info ][gc] GC(2358) Pause Young (Normal) (G1 Evacuation Pause) 383M->386M(512M) 12.826ms
[2020-08-01T12:33:30.712+0300][61.921s][info ][gc] GC(2359) Pause Young (Normal) (G1 Evacuation Pause) 407M->408M(512M) 10.761ms
[2020-08-01T12:33:30.741+0300][61.950s][debug][gc] GC(2354) Reclaimed 132 empty regions
[2020-08-01T12:33:30.741+0300][61.950s][info ][gc] GC(2354) Pause Remark 444M->315M(512M) 0.448ms
[2020-08-01T12:33:30.754+0300][61.964s][info ][gc] GC(2360) Pause Young (Normal) (G1 Evacuation Pause) 320M->321M(512M) 11.127ms
[2020-08-01T12:33:30.776+0300][61.985s][info ][gc] GC(2361) Pause Young (Normal) (G1 Evacuation Pause) 342M->343M(512M) 10.355ms
[2020-08-01T12:33:30.804+0300][62.013s][info ][gc] GC(2362) Pause Young (Normal) (G1 Evacuation Pause) 364M->365M(512M) 10.532ms
[2020-08-01T12:33:30.830+0300][62.039s][info ][gc] GC(2363) Pause Young (Normal) (G1 Evacuation Pause) 386M->387M(512M) 10.821ms
[2020-08-01T12:33:30.855+0300][62.065s][info ][gc] GC(2364) Pause Young (Normal) (G1 Evacuation Pause) 408M->410M(512M) 10.569ms
[2020-08-01T12:33:30.880+0300][62.090s][info ][gc] GC(2365) Pause Young (Normal) (G1 Evacuation Pause) 431M->432M(512M) 10.718ms
[2020-08-01T12:33:30.928+0300][62.137s][info ][gc] GC(2366) Pause Young (Normal) (G1 Evacuation Pause) 473M->475M(512M) 11.208ms
[2020-08-01T12:33:30.963+0300][62.172s][info ][gc] GC(2367) To-space exhausted
[2020-08-01T12:33:30.963+0300][62.172s][info ][gc] GC(2367) Pause Young (Normal) (G1 Evacuation Pause) 496M->505M(512M) 20.943ms
[2020-08-01T12:33:30.988+0300][62.197s][info ][gc] GC(2368) To-space exhausted
[2020-08-01T12:33:30.988+0300][62.197s][info ][gc] GC(2368) Pause Young (Normal) (G1 Evacuation Pause) 511M->511M(512M) 16.670ms
[2020-08-01T12:33:30.988+0300][62.198s][debug][gc] GC(2369) Clear Next Bitmap 0.247ms
[2020-08-01T12:33:31.027+0300][62.236s][info ][gc] GC(2369) Pause Full (G1 Evacuation Pause) 511M->64M(512M) 38.316ms
[2020-08-01T12:33:31.027+0300][62.236s][info ][gc] GC(2354) Concurrent Cycle 438.397ms
[2020-08-01T12:33:31.047+0300][62.257s][info ][gc] GC(2370) Pause Young (Normal) (G1 Evacuation Pause) 89M->89M(512M) 10.800ms
[2020-08-01T12:33:31.066+0300][62.275s][info ][gc] GC(2371) Pause Young (Normal) (G1 Evacuation Pause) 110M->112M(512M) 10.091ms
[2020-08-01T12:33:31.086+0300][62.295s][info ][gc] GC(2372) Pause Young (Normal) (G1 Evacuation Pause) 133M->134M(512M) 11.635ms
[2020-08-01T12:33:31.148+0300][62.357s][info ][gc] GC(2373) Pause Young (Normal) (G1 Evacuation Pause) 175M->176M(512M) 19.733ms
[2020-08-01T12:33:31.173+0300][62.382s][info ][gc] GC(2374) Pause Young (Normal) (G1 Evacuation Pause) 197M->199M(512M) 12.205ms
[2020-08-01T12:33:31.192+0300][62.401s][info ][gc] GC(2375) Pause Young (Normal) (G1 Evacuation Pause) 220M->222M(512M) 10.381ms
[2020-08-01T12:33:31.210+0300][62.420s][info ][gc] GC(2376) Pause Young (Normal) (G1 Evacuation Pause) 243M->244M(512M) 10.462ms
[2020-08-01T12:33:31.230+0300][62.439s][info ][gc] GC(2377) Pause Young (Concurrent Start) (G1 Evacuation Pause) 265M->267M(512M) 10.598ms
[2020-08-01T12:33:31.230+0300][62.439s][info ][gc] GC(2378) Concurrent Cycle
[2020-08-01T12:33:31.269+0300][62.478s][info ][gc] GC(2379) Pause Young (Normal) (G1 Evacuation Pause) 308M->309M(512M) 10.724ms
[2020-08-01T12:33:31.288+0300][62.497s][info ][gc] GC(2380) Pause Young (Normal) (G1 Evacuation Pause) 330M->332M(512M) 10.333ms
[2020-08-01T12:33:31.307+0300][62.516s][info ][gc] GC(2381) Pause Young (Normal) (G1 Evacuation Pause) 353M->354M(512M) 10.405ms
[2020-08-01T12:33:31.326+0300][62.535s][info ][gc] GC(2382) Pause Young (Normal) (G1 Evacuation Pause) 375M->376M(512M) 10.482ms
[2020-08-01T12:33:31.345+0300][62.554s][info ][gc] GC(2383) Pause Young (Normal) (G1 Evacuation Pause) 397M->399M(512M) 10.550ms
[2020-08-01T12:33:31.366+0300][62.576s][info ][gc] GC(2384) Pause Young (Normal) (G1 Evacuation Pause) 420M->421M(512M) 12.439ms
[2020-08-01T12:33:31.384+0300][62.593s][debug][gc] GC(2378) Reclaimed 131 empty regions
[2020-08-01T12:33:31.384+0300][62.594s][info ][gc] GC(2378) Pause Remark 425M->296M(512M) 0.415ms
[2020-08-01T12:33:31.411+0300][62.621s][info ][gc] GC(2385) Pause Young (Normal) (G1 Evacuation Pause) 333M->334M(512M) 11.111ms
[2020-08-01T12:33:31.436+0300][62.645s][info ][gc] GC(2386) Pause Young (Normal) (G1 Evacuation Pause) 355M->357M(512M) 10.534ms
[2020-08-01T12:33:31.462+0300][62.671s][info ][gc] GC(2387) Pause Young (Normal) (G1 Evacuation Pause) 378M->378M(512M) 11.061ms
[2020-08-01T12:33:31.488+0300][62.697s][info ][gc] GC(2388) Pause Young (Normal) (G1 Evacuation Pause) 399M->401M(512M) 10.973ms
[2020-08-01T12:33:31.514+0300][62.723s][info ][gc] GC(2389) Pause Young (Normal) (G1 Evacuation Pause) 422M->423M(512M) 10.726ms
[2020-08-01T12:33:31.562+0300][62.771s][info ][gc] GC(2390) Pause Young (Normal) (G1 Evacuation Pause) 464M->465M(512M) 10.745ms
[2020-08-01T12:33:31.585+0300][62.794s][info ][gc] GC(2391) To-space exhausted
[2020-08-01T12:33:31.585+0300][62.795s][info ][gc] GC(2391) Pause Young (Normal) (G1 Evacuation Pause) 486M->488M(512M) 11.312ms
[2020-08-01T12:33:31.592+0300][62.802s][info ][gc] GC(2378) Pause Cleanup 489M->489M(512M) 0.175ms
[2020-08-01T12:33:31.593+0300][62.802s][info ][gc] GC(2378) Concurrent Cycle 363.364ms
[2020-08-01T12:33:31.635+0300][62.845s][info ][gc] GC(2392) To-space exhausted
[2020-08-01T12:33:31.635+0300][62.845s][info ][gc] GC(2392) Pause Young (Normal) (G1 Evacuation Pause) 509M->511M(512M) 33.939ms
[2020-08-01T12:33:31.678+0300][62.887s][info ][gc] GC(2393) Pause Full (G1 Evacuation Pause) 511M->71M(512M) 42.124ms
[2020-08-01T12:33:31.699+0300][62.908s][info ][gc] GC(2394) Pause Young (Normal) (G1 Evacuation Pause) 96M->96M(512M) 10.929ms
[2020-08-01T12:33:31.718+0300][62.928s][info ][gc] GC(2395) Pause Young (Normal) (G1 Evacuation Pause) 118M->119M(512M) 10.548ms
[2020-08-01T12:33:31.760+0300][62.970s][info ][gc] GC(2396) Pause Young (Normal) (G1 Evacuation Pause) 160M->161M(512M) 10.828ms
[2020-08-01T12:33:31.780+0300][62.989s][info ][gc] GC(2397) Pause Young (Normal) (G1 Evacuation Pause) 182M->184M(512M) 11.198ms
[2020-08-01T12:33:31.799+0300][63.008s][info ][gc] GC(2398) Pause Young (Normal) (G1 Evacuation Pause) 205M->207M(512M) 10.555ms
[2020-08-01T12:33:31.818+0300][63.027s][info ][gc] GC(2399) Pause Young (Normal) (G1 Evacuation Pause) 228M->229M(512M) 10.338ms
[2020-08-01T12:33:31.836+0300][63.046s][info ][gc] GC(2400) Pause Young (Concurrent Start) (G1 Evacuation Pause) 250M->252M(512M) 10.241ms
[2020-08-01T12:33:31.836+0300][63.046s][info ][gc] GC(2401) Concurrent Cycle
[2020-08-01T12:33:31.855+0300][63.065s][info ][gc] GC(2402) Pause Young (Normal) (G1 Evacuation Pause) 273M->274M(512M) 10.355ms
[2020-08-01T12:33:31.890+0300][63.100s][info ][gc] GC(2403) Pause Young (Normal) (G1 Evacuation Pause) 315M->316M(512M) 10.739ms
[2020-08-01T12:33:31.909+0300][63.119s][info ][gc] GC(2404) Pause Young (Normal) (G1 Evacuation Pause) 337M->338M(512M) 10.514ms
[2020-08-01T12:33:31.929+0300][63.138s][info ][gc] GC(2405) Pause Young (Normal) (G1 Evacuation Pause) 359M->361M(512M) 10.361ms
[2020-08-01T12:33:31.948+0300][63.157s][info ][gc] GC(2406) Pause Young (Normal) (G1 Evacuation Pause) 382M->383M(512M) 10.341ms
[2020-08-01T12:33:31.967+0300][63.177s][info ][gc] GC(2407) Pause Young (Normal) (G1 Evacuation Pause) 404M->405M(512M) 10.499ms
[2020-08-01T12:33:31.976+0300][63.186s][debug][gc] GC(2401) Reclaimed 131 empty regions
[2020-08-01T12:33:31.976+0300][63.186s][info ][gc] GC(2401) Pause Remark 423M->296M(512M) 0.418ms
[2020-08-01T12:33:32.012+0300][63.222s][info ][gc] GC(2408) Pause Young (Normal) (G1 Evacuation Pause) 320M->321M(512M) 12.670ms
[2020-08-01T12:33:32.040+0300][63.250s][info ][gc] GC(2409) Pause Young (Normal) (G1 Evacuation Pause) 342M->343M(512M) 10.482ms
[2020-08-01T12:33:32.067+0300][63.277s][info ][gc] GC(2410) Pause Young (Normal) (G1 Evacuation Pause) 364M->365M(512M) 11.970ms
[2020-08-01T12:33:32.093+0300][63.302s][info ][gc] GC(2411) Pause Young (Normal) (G1 Evacuation Pause) 386M->388M(512M) 10.764ms
[2020-08-01T12:33:32.118+0300][63.328s][info ][gc] GC(2412) Pause Young (Normal) (G1 Evacuation Pause) 409M->410M(512M) 10.457ms
[2020-08-01T12:33:32.143+0300][63.353s][info ][gc] GC(2413) Pause Young (Normal) (G1 Evacuation Pause) 431M->433M(512M) 10.838ms
[2020-08-01T12:33:32.168+0300][63.377s][info ][gc] GC(2401) Pause Cleanup 459M->459M(512M) 0.121ms
[2020-08-01T12:33:32.169+0300][63.378s][info ][gc] GC(2401) Concurrent Cycle 332.179ms
[2020-08-01T12:33:32.185+0300][63.394s][info ][gc] GC(2414) Pause Young (Normal) (G1 Evacuation Pause) 474M->475M(512M) 10.558ms
[2020-08-01T12:33:32.214+0300][63.424s][info ][gc] GC(2415) To-space exhausted
[2020-08-01T12:33:32.214+0300][63.424s][info ][gc] GC(2415) Pause Young (Concurrent Start) (G1 Evacuation Pause) 496M->504M(512M) 21.260ms
[2020-08-01T12:33:32.215+0300][63.424s][info ][gc] GC(2416) Concurrent Cycle
[2020-08-01T12:33:32.236+0300][63.445s][info ][gc] GC(2417) To-space exhausted
[2020-08-01T12:33:32.236+0300][63.445s][info ][gc] GC(2417) Pause Young (Normal) (G1 Evacuation Pause) 511M->511M(512M) 16.764ms
[2020-08-01T12:33:32.236+0300][63.446s][debug][gc] GC(2418) Clear Next Bitmap 0.343ms
[2020-08-01T12:33:32.275+0300][63.485s][info ][gc] GC(2418) Pause Full (G1 Evacuation Pause) 511M->64M(512M) 39.553ms
[2020-08-01T12:33:32.276+0300][63.485s][info ][gc] GC(2416) Concurrent Cycle 61.151ms
[2020-08-01T12:33:32.297+0300][63.506s][info ][gc] GC(2419) Pause Young (Normal) (G1 Evacuation Pause) 91M->91M(512M) 10.613ms
[2020-08-01T12:33:32.320+0300][63.530s][info ][gc] GC(2420) Pause Young (Normal) (G1 Evacuation Pause) 117M->119M(512M) 13.078ms
[2020-08-01T12:33:32.380+0300][63.589s][info ][gc] GC(2421) Pause Young (Normal) (G1 Evacuation Pause) 161M->162M(512M) 29.964ms
[2020-08-01T12:33:32.404+0300][63.613s][info ][gc] GC(2422) Pause Young (Normal) (G1 Evacuation Pause) 183M->185M(512M) 11.894ms
[2020-08-01T12:33:32.423+0300][63.632s][info ][gc] GC(2423) Pause Young (Normal) (G1 Evacuation Pause) 206M->207M(512M) 10.290ms
[2020-08-01T12:33:32.443+0300][63.653s][info ][gc] GC(2424) Pause Young (Normal) (G1 Evacuation Pause) 228M->230M(512M) 11.618ms
[2020-08-01T12:33:32.462+0300][63.672s][info ][gc] GC(2425) Pause Young (Normal) (G1 Evacuation Pause) 251M->252M(512M) 10.671ms
[2020-08-01T12:33:32.481+0300][63.691s][info ][gc] GC(2426) Pause Young (Concurrent Start) (G1 Evacuation Pause) 273M->275M(512M) 10.572ms
[2020-08-01T12:33:32.481+0300][63.691s][info ][gc] GC(2427) Concurrent Cycle
[2020-08-01T12:33:32.524+0300][63.734s][info ][gc] GC(2428) Pause Young (Normal) (G1 Evacuation Pause) 316M->318M(512M) 10.312ms
[2020-08-01T12:33:32.544+0300][63.753s][info ][gc] GC(2429) Pause Young (Normal) (G1 Evacuation Pause) 339M->340M(512M) 10.927ms
[2020-08-01T12:33:32.564+0300][63.774s][info ][gc] GC(2430) Pause Young (Normal) (G1 Evacuation Pause) 361M->363M(512M) 11.801ms
[2020-08-01T12:33:32.583+0300][63.793s][info ][gc] GC(2431) Pause Young (Normal) (G1 Evacuation Pause) 384M->386M(512M) 10.438ms
[2020-08-01T12:33:32.603+0300][63.812s][info ][gc] GC(2432) Pause Young (Normal) (G1 Evacuation Pause) 407M->408M(512M) 10.588ms
[2020-08-01T12:33:32.631+0300][63.841s][debug][gc] GC(2427) Reclaimed 128 empty regions
[2020-08-01T12:33:32.631+0300][63.841s][info ][gc] GC(2427) Pause Remark 425M->298M(512M) 0.425ms
[2020-08-01T12:33:32.648+0300][63.857s][info ][gc] GC(2433) Pause Young (Normal) (G1 Evacuation Pause) 322M->323M(512M) 10.867ms
[2020-08-01T12:33:32.678+0300][63.888s][info ][gc] GC(2434) Pause Young (Normal) (G1 Evacuation Pause) 344M->345M(512M) 12.049ms
[2020-08-01T12:33:32.705+0300][63.914s][info ][gc] GC(2435) Pause Young (Normal) (G1 Evacuation Pause) 366M->367M(512M) 10.189ms
[2020-08-01T12:33:32.730+0300][63.940s][info ][gc] GC(2436) Pause Young (Normal) (G1 Evacuation Pause) 388M->390M(512M) 10.283ms
[2020-08-01T12:33:32.757+0300][63.966s][info ][gc] GC(2437) Pause Young (Normal) (G1 Evacuation Pause) 411M->412M(512M) 10.627ms
[2020-08-01T12:33:32.782+0300][63.991s][info ][gc] GC(2438) Pause Young (Normal) (G1 Evacuation Pause) 433M->435M(512M) 10.606ms
[2020-08-01T12:33:32.824+0300][64.033s][info ][gc] GC(2439) Pause Young (Normal) (G1 Evacuation Pause) 476M->477M(512M) 10.901ms
[2020-08-01T12:33:32.838+0300][64.047s][info ][gc] GC(2427) Pause Cleanup 497M->497M(512M) 0.141ms
[2020-08-01T12:33:32.861+0300][64.071s][info ][gc] GC(2440) To-space exhausted
[2020-08-01T12:33:32.861+0300][64.071s][info ][gc] GC(2440) Pause Young (Normal) (G1 Evacuation Pause) 498M->506M(512M) 22.575ms
[2020-08-01T12:33:32.861+0300][64.071s][info ][gc] GC(2427) Concurrent Cycle 380.010ms
[2020-08-01T12:33:32.879+0300][64.088s][info ][gc] GC(2441) To-space exhausted
[2020-08-01T12:33:32.879+0300][64.088s][info ][gc] GC(2441) Pause Young (Normal) (G1 Evacuation Pause) 511M->511M(512M) 14.266ms
[2020-08-01T12:33:32.918+0300][64.127s][info ][gc] GC(2442) Pause Full (G1 Evacuation Pause) 511M->63M(512M) 39.032ms
[2020-08-01T12:33:32.941+0300][64.150s][info ][gc] GC(2443) Pause Young (Normal) (G1 Evacuation Pause) 89M->89M(512M) 12.422ms
[2020-08-01T12:33:32.960+0300][64.170s][info ][gc] GC(2444) Pause Young (Normal) (G1 Evacuation Pause) 111M->113M(512M) 10.601ms
[2020-08-01T12:33:32.979+0300][64.189s][info ][gc] GC(2445) Pause Young (Normal) (G1 Evacuation Pause) 134M->135M(512M) 10.902ms
[2020-08-01T12:33:33.025+0300][64.234s][info ][gc] GC(2446) Pause Young (Normal) (G1 Evacuation Pause) 176M->178M(512M) 11.029ms
[2020-08-01T12:33:33.044+0300][64.254s][info ][gc] GC(2447) Pause Young (Normal) (G1 Evacuation Pause) 199M->200M(512M) 11.029ms
[2020-08-01T12:33:33.064+0300][64.273s][info ][gc] GC(2448) Pause Young (Normal) (G1 Evacuation Pause) 221M->223M(512M) 10.712ms
[2020-08-01T12:33:33.083+0300][64.293s][info ][gc] GC(2449) Pause Young (Normal) (G1 Evacuation Pause) 244M->245M(512M) 10.481ms
[2020-08-01T12:33:33.102+0300][64.311s][info ][gc] GC(2450) Pause Young (Concurrent Start) (G1 Evacuation Pause) 266M->268M(512M) 10.388ms
[2020-08-01T12:33:33.102+0300][64.311s][info ][gc] GC(2451) Concurrent Cycle
[2020-08-01T12:33:33.146+0300][64.355s][info ][gc] GC(2452) Pause Young (Normal) (G1 Evacuation Pause) 309M->310M(512M) 10.450ms
[2020-08-01T12:33:33.165+0300][64.374s][info ][gc] GC(2453) Pause Young (Normal) (G1 Evacuation Pause) 331M->333M(512M) 10.398ms
[2020-08-01T12:33:33.184+0300][64.393s][info ][gc] GC(2454) Pause Young (Normal) (G1 Evacuation Pause) 354M->356M(512M) 10.393ms
[2020-08-01T12:33:33.204+0300][64.414s][info ][gc] GC(2455) Pause Young (Normal) (G1 Evacuation Pause) 377M->379M(512M) 11.650ms
[2020-08-01T12:33:33.223+0300][64.432s][info ][gc] GC(2456) Pause Young (Normal) (G1 Evacuation Pause) 400M->401M(512M) 10.348ms
[2020-08-01T12:33:33.243+0300][64.452s][info ][gc] GC(2457) Pause Young (Normal) (G1 Evacuation Pause) 422M->423M(512M) 10.695ms
[2020-08-01T12:33:33.256+0300][64.466s][debug][gc] GC(2451) Reclaimed 131 empty regions
[2020-08-01T12:33:33.256+0300][64.466s][info ][gc] GC(2451) Pause Remark 446M->317M(512M) 0.562ms
[2020-08-01T12:33:33.275+0300][64.485s][info ][gc] GC(2458) Pause Young (Normal) (G1 Evacuation Pause) 335M->336M(512M) 11.038ms
[2020-08-01T12:33:33.299+0300][64.508s][info ][gc] GC(2459) Pause Young (Normal) (G1 Evacuation Pause) 357M->359M(512M) 10.721ms
[2020-08-01T12:33:33.324+0300][64.533s][info ][gc] GC(2460) Pause Young (Normal) (G1 Evacuation Pause) 380M->381M(512M) 10.679ms
[2020-08-01T12:33:33.352+0300][64.561s][info ][gc] GC(2461) Pause Young (Normal) (G1 Evacuation Pause) 402M->404M(512M) 10.513ms
[2020-08-01T12:33:33.380+0300][64.590s][info ][gc] GC(2462) Pause Young (Normal) (G1 Evacuation Pause) 425M->426M(512M) 10.937ms
[2020-08-01T12:33:33.428+0300][64.638s][info ][gc] GC(2463) Pause Young (Normal) (G1 Evacuation Pause) 467M->469M(512M) 10.791ms
[2020-08-01T12:33:33.455+0300][64.665s][info ][gc] GC(2464) To-space exhausted
[2020-08-01T12:33:33.455+0300][64.665s][info ][gc] GC(2464) Pause Young (Normal) (G1 Evacuation Pause) 490M->496M(512M) 13.902ms
[2020-08-01T12:33:33.496+0300][64.705s][info ][gc] GC(2465) To-space exhausted
[2020-08-01T12:33:33.496+0300][64.705s][info ][gc] GC(2465) Pause Young (Normal) (G1 Evacuation Pause) 511M->511M(512M) 28.472ms
[2020-08-01T12:33:33.497+0300][64.706s][debug][gc] GC(2466) Clear Next Bitmap 0.419ms
[2020-08-01T12:33:33.535+0300][64.744s][info ][gc] GC(2466) Pause Full (G1 Evacuation Pause) 511M->65M(512M) 38.441ms
[2020-08-01T12:33:33.535+0300][64.744s][info ][gc] GC(2451) Concurrent Cycle 432.886ms
[2020-08-01T12:33:33.555+0300][64.765s][info ][gc] GC(2467) Pause Young (Normal) (G1 Evacuation Pause) 91M->92M(512M) 10.333ms
[2020-08-01T12:33:33.578+0300][64.787s][info ][gc] GC(2468) Pause Young (Normal) (G1 Evacuation Pause) 117M->118M(512M) 12.244ms
[2020-08-01T12:33:33.629+0300][64.839s][info ][gc] GC(2469) Pause Young (Normal) (G1 Evacuation Pause) 159M->160M(512M) 21.275ms
[2020-08-01T12:33:33.653+0300][64.862s][info ][gc] GC(2470) Pause Young (Normal) (G1 Evacuation Pause) 181M->183M(512M) 11.707ms
[2020-08-01T12:33:33.673+0300][64.883s][info ][gc] GC(2471) Pause Young (Normal) (G1 Evacuation Pause) 204M->205M(512M) 10.944ms
[2020-08-01T12:33:33.692+0300][64.901s][info ][gc] GC(2472) Pause Young (Normal) (G1 Evacuation Pause) 226M->227M(512M) 10.574ms
[2020-08-01T12:33:33.710+0300][64.920s][info ][gc] GC(2473) Pause Young (Normal) (G1 Evacuation Pause) 248M->249M(512M) 9.982ms
[2020-08-01T12:33:33.730+0300][64.939s][info ][gc] GC(2474) Pause Young (Concurrent Start) (G1 Evacuation Pause) 270M->272M(512M) 10.618ms
[2020-08-01T12:33:33.730+0300][64.939s][info ][gc] GC(2475) Concurrent Cycle
[2020-08-01T12:33:33.771+0300][64.980s][info ][gc] GC(2476) Pause Young (Normal) (G1 Evacuation Pause) 313M->315M(512M) 11.027ms
[2020-08-01T12:33:33.790+0300][65.000s][info ][gc] GC(2477) Pause Young (Normal) (G1 Evacuation Pause) 336M->337M(512M) 10.338ms
[2020-08-01T12:33:33.810+0300][65.019s][info ][gc] GC(2478) Pause Young (Normal) (G1 Evacuation Pause) 358M->360M(512M) 10.458ms
[2020-08-01T12:33:33.829+0300][65.038s][info ][gc] GC(2479) Pause Young (Normal) (G1 Evacuation Pause) 381M->382M(512M) 10.435ms
[2020-08-01T12:33:33.848+0300][65.058s][info ][gc] GC(2480) Pause Young (Normal) (G1 Evacuation Pause) 403M->404M(512M) 10.401ms
[2020-08-01T12:33:33.877+0300][65.086s][debug][gc] GC(2475) Reclaimed 132 empty regions
[2020-08-01T12:33:33.877+0300][65.087s][info ][gc] GC(2475) Pause Remark 443M->314M(512M) 0.536ms
[2020-08-01T12:33:33.891+0300][65.101s][info ][gc] GC(2481) Pause Young (Normal) (G1 Evacuation Pause) 316M->318M(512M) 11.603ms
[2020-08-01T12:33:33.918+0300][65.127s][info ][gc] GC(2482) Pause Young (Normal) (G1 Evacuation Pause) 339M->340M(512M) 10.298ms
[2020-08-01T12:33:33.945+0300][65.154s][info ][gc] GC(2483) Pause Young (Normal) (G1 Evacuation Pause) 361M->362M(512M) 10.744ms
[2020-08-01T12:33:33.970+0300][65.179s][info ][gc] GC(2484) Pause Young (Normal) (G1 Evacuation Pause) 383M->384M(512M) 10.686ms
[2020-08-01T12:33:33.995+0300][65.204s][info ][gc] GC(2485) Pause Young (Normal) (G1 Evacuation Pause) 405M->407M(512M) 10.401ms
[2020-08-01T12:33:34.021+0300][65.231s][info ][gc] GC(2486) Pause Young (Normal) (G1 Evacuation Pause) 428M->430M(512M) 10.636ms
[2020-08-01T12:33:34.063+0300][65.272s][info ][gc] GC(2487) Pause Young (Normal) (G1 Evacuation Pause) 471M->472M(512M) 10.591ms
[2020-08-01T12:33:34.091+0300][65.300s][info ][gc] GC(2488) To-space exhausted
[2020-08-01T12:33:34.091+0300][65.300s][info ][gc] GC(2488) Pause Young (Normal) (G1 Evacuation Pause) 493M->499M(512M) 18.166ms
[2020-08-01T12:33:34.128+0300][65.337s][info ][gc] GC(2489) To-space exhausted
[2020-08-01T12:33:34.128+0300][65.337s][info ][gc] GC(2489) Pause Young (Normal) (G1 Evacuation Pause) 511M->511M(512M) 24.800ms
[2020-08-01T12:33:34.128+0300][65.338s][debug][gc] GC(2490) Clear Next Bitmap 0.288ms
[2020-08-01T12:33:34.169+0300][65.379s][info ][gc] GC(2490) Pause Full (G1 Evacuation Pause) 511M->68M(512M) 41.189ms
[2020-08-01T12:33:34.169+0300][65.379s][info ][gc] GC(2475) Concurrent Cycle 439.854ms
[2020-08-01T12:33:34.190+0300][65.399s][info ][gc] GC(2491) Pause Young (Normal) (G1 Evacuation Pause) 93M->93M(512M) 10.556ms
[2020-08-01T12:33:34.212+0300][65.422s][info ][gc] GC(2492) Pause Young (Normal) (G1 Evacuation Pause) 116M->118M(512M) 13.421ms
[2020-08-01T12:33:34.260+0300][65.470s][info ][gc] GC(2493) Pause Young (Normal) (G1 Evacuation Pause) 159M->160M(512M) 12.164ms
[2020-08-01T12:33:34.279+0300][65.489s][info ][gc] GC(2494) Pause Young (Normal) (G1 Evacuation Pause) 181M->182M(512M) 10.510ms
[2020-08-01T12:33:34.298+0300][65.507s][info ][gc] GC(2495) Pause Young (Normal) (G1 Evacuation Pause) 203M->205M(512M) 10.487ms
[2020-08-01T12:33:34.317+0300][65.526s][info ][gc] GC(2496) Pause Young (Normal) (G1 Evacuation Pause) 226M->227M(512M) 10.269ms
[2020-08-01T12:33:34.336+0300][65.545s][info ][gc] GC(2497) Pause Young (Normal) (G1 Evacuation Pause) 248M->250M(512M) 10.366ms
[2020-08-01T12:33:34.354+0300][65.563s][info ][gc] GC(2498) Pause Young (Concurrent Start) (G1 Evacuation Pause) 271M->273M(512M) 9.977ms
[2020-08-01T12:33:34.354+0300][65.563s][info ][gc] GC(2499) Concurrent Cycle
[2020-08-01T12:33:34.389+0300][65.599s][info ][gc] GC(2500) Pause Young (Normal) (G1 Evacuation Pause) 314M->315M(512M) 10.797ms
[2020-08-01T12:33:34.408+0300][65.618s][info ][gc] GC(2501) Pause Young (Normal) (G1 Evacuation Pause) 336M->337M(512M) 10.332ms
[2020-08-01T12:33:34.428+0300][65.637s][info ][gc] GC(2502) Pause Young (Normal) (G1 Evacuation Pause) 358M->359M(512M) 10.746ms
[2020-08-01T12:33:34.447+0300][65.656s][info ][gc] GC(2503) Pause Young (Normal) (G1 Evacuation Pause) 380M->382M(512M) 10.373ms
[2020-08-01T12:33:34.466+0300][65.675s][info ][gc] GC(2504) Pause Young (Normal) (G1 Evacuation Pause) 403M->404M(512M) 10.166ms
[2020-08-01T12:33:34.500+0300][65.710s][debug][gc] GC(2499) Reclaimed 134 empty regions
[2020-08-01T12:33:34.500+0300][65.710s][info ][gc] GC(2499) Pause Remark 444M->314M(512M) 0.449ms
[2020-08-01T12:33:34.511+0300][65.721s][info ][gc] GC(2505) Pause Young (Normal) (G1 Evacuation Pause) 314M->315M(512M) 10.445ms
[2020-08-01T12:33:34.536+0300][65.746s][info ][gc] GC(2506) Pause Young (Normal) (G1 Evacuation Pause) 336M->338M(512M) 10.356ms
[2020-08-01T12:33:34.562+0300][65.771s][info ][gc] GC(2507) Pause Young (Normal) (G1 Evacuation Pause) 359M->360M(512M) 10.534ms
[2020-08-01T12:33:34.588+0300][65.797s][info ][gc] GC(2508) Pause Young (Normal) (G1 Evacuation Pause) 381M->382M(512M) 10.681ms
[2020-08-01T12:33:34.613+0300][65.823s][info ][gc] GC(2509) Pause Young (Normal) (G1 Evacuation Pause) 403M->405M(512M) 10.507ms
[2020-08-01T12:33:34.639+0300][65.849s][info ][gc] GC(2510) Pause Young (Normal) (G1 Evacuation Pause) 426M->427M(512M) 10.864ms
[2020-08-01T12:33:34.687+0300][65.896s][info ][gc] GC(2511) Pause Young (Normal) (G1 Evacuation Pause) 468M->470M(512M) 10.792ms
[2020-08-01T12:33:34.717+0300][65.927s][info ][gc] GC(2512) To-space exhausted
[2020-08-01T12:33:34.717+0300][65.927s][info ][gc] GC(2512) Pause Young (Normal) (G1 Evacuation Pause) 491M->497M(512M) 14.690ms
[2020-08-01T12:33:34.723+0300][65.932s][info ][gc] GC(2499) Pause Cleanup 498M->498M(512M) 0.123ms
[2020-08-01T12:33:34.723+0300][65.933s][info ][gc] GC(2499) Concurrent Cycle 369.506ms
[2020-08-01T12:33:34.755+0300][65.965s][info ][gc] GC(2513) To-space exhausted
[2020-08-01T12:33:34.755+0300][65.965s][info ][gc] GC(2513) Pause Young (Normal) (G1 Evacuation Pause) 511M->511M(512M) 26.843ms
[2020-08-01T12:33:34.798+0300][66.007s][info ][gc] GC(2514) Pause Full (G1 Evacuation Pause) 511M->69M(512M) 42.500ms
[2020-08-01T12:33:34.822+0300][66.031s][info ][gc] GC(2515) Pause Young (Normal) (G1 Evacuation Pause) 98M->99M(512M) 12.549ms
[2020-08-01T12:33:34.844+0300][66.053s][info ][gc] GC(2516) Pause Young (Normal) (G1 Evacuation Pause) 124M->125M(512M) 12.008ms
[2020-08-01T12:33:34.887+0300][66.096s][info ][gc] GC(2517) Pause Young (Normal) (G1 Evacuation Pause) 166M->167M(512M) 10.553ms
[2020-08-01T12:33:34.906+0300][66.115s][info ][gc] GC(2518) Pause Young (Normal) (G1 Evacuation Pause) 188M->189M(512M) 10.351ms
[2020-08-01T12:33:34.925+0300][66.134s][info ][gc] GC(2519) Pause Young (Normal) (G1 Evacuation Pause) 210M->211M(512M) 10.434ms
[2020-08-01T12:33:34.946+0300][66.156s][info ][gc] GC(2520) Pause Young (Normal) (G1 Evacuation Pause) 232M->234M(512M) 13.347ms
[2020-08-01T12:33:34.965+0300][66.175s][info ][gc] GC(2521) Pause Young (Concurrent Start) (G1 Evacuation Pause) 255M->256M(512M) 10.452ms
[2020-08-01T12:33:34.966+0300][66.175s][info ][gc] GC(2522) Concurrent Cycle
[2020-08-01T12:33:34.984+0300][66.194s][info ][gc] GC(2523) Pause Young (Normal) (G1 Evacuation Pause) 277M->279M(512M) 10.101ms
[2020-08-01T12:33:35.016+0300][66.225s][info ][gc] GC(2524) Pause Young (Normal) (G1 Evacuation Pause) 320M->321M(512M) 10.363ms
[2020-08-01T12:33:35.036+0300][66.245s][info ][gc] GC(2525) Pause Young (Normal) (G1 Evacuation Pause) 342M->344M(512M) 11.544ms
[2020-08-01T12:33:35.055+0300][66.264s][info ][gc] GC(2526) Pause Young (Normal) (G1 Evacuation Pause) 366M->367M(512M) 10.187ms
[2020-08-01T12:33:35.076+0300][66.285s][info ][gc] GC(2527) Pause Young (Normal) (G1 Evacuation Pause) 389M->390M(512M) 11.613ms
[2020-08-01T12:33:35.095+0300][66.305s][info ][gc] GC(2528) Pause Young (Normal) (G1 Evacuation Pause) 411M->412M(512M) 10.701ms
[2020-08-01T12:33:35.113+0300][66.322s][debug][gc] GC(2522) Reclaimed 128 empty regions
[2020-08-01T12:33:35.113+0300][66.322s][info ][gc] GC(2522) Pause Remark 422M->297M(512M) 0.411ms
[2020-08-01T12:33:35.139+0300][66.348s][info ][gc] GC(2529) Pause Young (Normal) (G1 Evacuation Pause) 328M->330M(512M) 10.834ms
[2020-08-01T12:33:35.166+0300][66.375s][info ][gc] GC(2530) Pause Young (Normal) (G1 Evacuation Pause) 351M->353M(512M) 11.520ms
[2020-08-01T12:33:35.191+0300][66.401s][info ][gc] GC(2531) Pause Young (Normal) (G1 Evacuation Pause) 374M->376M(512M) 10.509ms
[2020-08-01T12:33:35.215+0300][66.424s][info ][gc] GC(2532) Pause Young (Normal) (G1 Evacuation Pause) 397M->399M(512M) 10.586ms
[2020-08-01T12:33:35.241+0300][66.451s][info ][gc] GC(2533) Pause Young (Normal) (G1 Evacuation Pause) 420M->421M(512M) 11.933ms
[2020-08-01T12:33:35.291+0300][66.500s][info ][gc] GC(2534) Pause Young (Normal) (G1 Evacuation Pause) 462M->463M(512M) 11.647ms
[2020-08-01T12:33:35.317+0300][66.526s][info ][gc] GC(2535) Pause Young (Normal) (G1 Evacuation Pause) 484M->485M(512M) 10.858ms
[2020-08-01T12:33:35.324+0300][66.533s][info ][gc] GC(2522) Pause Cleanup 487M->487M(512M) 0.170ms
[2020-08-01T12:33:35.324+0300][66.534s][info ][gc] GC(2522) Concurrent Cycle 358.745ms
[2020-08-01T12:33:35.364+0300][66.574s][info ][gc] GC(2536) To-space exhausted
[2020-08-01T12:33:35.364+0300][66.574s][info ][gc] GC(2536) Pause Young (Normal) (G1 Evacuation Pause) 506M->511M(512M) 32.240ms
[2020-08-01T12:33:35.403+0300][66.612s][info ][gc] GC(2537) Pause Full (G1 Evacuation Pause) 511M->65M(512M) 38.342ms
[2020-08-01T12:33:35.423+0300][66.633s][info ][gc] GC(2538) Pause Young (Normal) (G1 Evacuation Pause) 90M->91M(512M) 10.507ms
[2020-08-01T12:33:35.445+0300][66.654s][info ][gc] GC(2539) Pause Young (Normal) (G1 Evacuation Pause) 114M->115M(512M) 12.495ms
[2020-08-01T12:33:35.466+0300][66.675s][info ][gc] GC(2540) Pause Young (Normal) (G1 Evacuation Pause) 136M->137M(512M) 12.144ms
[2020-08-01T12:33:35.537+0300][66.746s][info ][gc] GC(2541) Pause Young (Normal) (G1 Evacuation Pause) 178M->180M(512M) 18.080ms
[2020-08-01T12:33:35.559+0300][66.768s][info ][gc] GC(2542) Pause Young (Normal) (G1 Evacuation Pause) 201M->202M(512M) 11.109ms
[2020-08-01T12:33:35.578+0300][66.788s][info ][gc] GC(2543) Pause Young (Normal) (G1 Evacuation Pause) 223M->225M(512M) 10.655ms
[2020-08-01T12:33:35.597+0300][66.806s][info ][gc] GC(2544) Pause Young (Normal) (G1 Evacuation Pause) 246M->247M(512M) 10.338ms
[2020-08-01T12:33:35.616+0300][66.825s][info ][gc] GC(2545) Pause Young (Concurrent Start) (G1 Evacuation Pause) 268M->269M(512M) 10.603ms
[2020-08-01T12:33:35.616+0300][66.826s][info ][gc] GC(2546) Concurrent Cycle
[2020-08-01T12:33:35.664+0300][66.874s][info ][gc] GC(2547) Pause Young (Normal) (G1 Evacuation Pause) 310M->312M(512M) 10.521ms
[2020-08-01T12:33:35.684+0300][66.893s][info ][gc] GC(2548) Pause Young (Normal) (G1 Evacuation Pause) 333M->334M(512M) 10.601ms
[2020-08-01T12:33:35.703+0300][66.912s][info ][gc] GC(2549) Pause Young (Normal) (G1 Evacuation Pause) 355M->356M(512M) 10.480ms
[2020-08-01T12:33:35.723+0300][66.933s][info ][gc] GC(2550) Pause Young (Normal) (G1 Evacuation Pause) 377M->379M(512M) 11.603ms
[2020-08-01T12:33:35.743+0300][66.952s][info ][gc] GC(2551) Pause Young (Normal) (G1 Evacuation Pause) 400M->401M(512M) 10.869ms
[2020-08-01T12:33:35.763+0300][66.972s][info ][gc] GC(2552) Pause Young (Normal) (G1 Evacuation Pause) 422M->424M(512M) 10.691ms
[2020-08-01T12:33:35.774+0300][66.983s][debug][gc] GC(2546) Reclaimed 133 empty regions
[2020-08-01T12:33:35.774+0300][66.984s][info ][gc] GC(2546) Pause Remark 425M->295M(512M) 0.403ms
[2020-08-01T12:33:35.808+0300][67.017s][info ][gc] GC(2553) Pause Young (Normal) (G1 Evacuation Pause) 335M->337M(512M) 10.850ms
[2020-08-01T12:33:35.833+0300][67.042s][info ][gc] GC(2554) Pause Young (Normal) (G1 Evacuation Pause) 358M->360M(512M) 10.379ms
[2020-08-01T12:33:35.859+0300][67.068s][info ][gc] GC(2555) Pause Young (Normal) (G1 Evacuation Pause) 381M->382M(512M) 12.335ms
[2020-08-01T12:33:35.885+0300][67.094s][info ][gc] GC(2556) Pause Young (Normal) (G1 Evacuation Pause) 403M->405M(512M) 10.591ms
[2020-08-01T12:33:35.911+0300][67.120s][info ][gc] GC(2557) Pause Young (Normal) (G1 Evacuation Pause) 426M->427M(512M) 10.500ms
[2020-08-01T12:33:35.958+0300][67.167s][info ][gc] GC(2558) Pause Young (Normal) (G1 Evacuation Pause) 468M->470M(512M) 11.060ms
[2020-08-01T12:33:35.974+0300][67.184s][info ][gc] GC(2546) Pause Cleanup 491M->491M(512M) 0.190ms
[2020-08-01T12:33:35.990+0300][67.199s][info ][gc] GC(2559) To-space exhausted
[2020-08-01T12:33:35.990+0300][67.200s][info ][gc] GC(2559) Pause Young (Normal) (G1 Evacuation Pause) 491M->497M(512M) 15.891ms
[2020-08-01T12:33:35.991+0300][67.200s][info ][gc] GC(2546) Concurrent Cycle 374.563ms
[2020-08-01T12:33:36.023+0300][67.232s][info ][gc] GC(2560) To-space exhausted
[2020-08-01T12:33:36.023+0300][67.232s][info ][gc] GC(2560) Pause Young (Normal) (G1 Evacuation Pause) 511M->511M(512M) 26.829ms
[2020-08-01T12:33:36.061+0300][67.271s][info ][gc] GC(2561) Pause Full (G1 Evacuation Pause) 511M->67M(512M) 38.252ms
[2020-08-01T12:33:36.082+0300][67.292s][info ][gc] GC(2562) Pause Young (Normal) (G1 Evacuation Pause) 93M->93M(512M) 10.393ms
[2020-08-01T12:33:36.102+0300][67.312s][info ][gc] GC(2563) Pause Young (Normal) (G1 Evacuation Pause) 116M->117M(512M) 10.484ms
[2020-08-01T12:33:36.165+0300][67.375s][info ][gc] GC(2564) Pause Young (Normal) (G1 Evacuation Pause) 158M->160M(512M) 28.061ms
[2020-08-01T12:33:36.190+0300][67.400s][info ][gc] GC(2565) Pause Young (Normal) (G1 Evacuation Pause) 181M->182M(512M) 12.222ms
[2020-08-01T12:33:36.210+0300][67.420s][info ][gc] GC(2566) Pause Young (Normal) (G1 Evacuation Pause) 203M->205M(512M) 11.744ms
[2020-08-01T12:33:36.229+0300][67.438s][info ][gc] GC(2567) Pause Young (Normal) (G1 Evacuation Pause) 226M->227M(512M) 9.976ms
[2020-08-01T12:33:36.248+0300][67.457s][info ][gc] GC(2568) Pause Young (Normal) (G1 Evacuation Pause) 248M->250M(512M) 10.838ms
[2020-08-01T12:33:36.267+0300][67.476s][info ][gc] GC(2569) Pause Young (Concurrent Start) (G1 Evacuation Pause) 271M->272M(512M) 10.615ms
[2020-08-01T12:33:36.267+0300][67.477s][info ][gc] GC(2570) Concurrent Cycle
[2020-08-01T12:33:36.301+0300][67.510s][info ][gc] GC(2571) Pause Young (Normal) (G1 Evacuation Pause) 313M->314M(512M) 10.429ms
[2020-08-01T12:33:36.320+0300][67.529s][info ][gc] GC(2572) Pause Young (Normal) (G1 Evacuation Pause) 335M->337M(512M) 10.640ms
[2020-08-01T12:33:36.339+0300][67.548s][info ][gc] GC(2573) Pause Young (Normal) (G1 Evacuation Pause) 358M->359M(512M) 10.193ms
[2020-08-01T12:33:36.358+0300][67.567s][info ][gc] GC(2574) Pause Young (Normal) (G1 Evacuation Pause) 380M->381M(512M) 10.428ms
[2020-08-01T12:33:36.378+0300][67.588s][info ][gc] GC(2575) Pause Young (Normal) (G1 Evacuation Pause) 402M->404M(512M) 11.546ms
[2020-08-01T12:33:36.422+0300][67.632s][info ][gc] GC(2576) Pause Young (Normal) (G1 Evacuation Pause) 445M->446M(512M) 11.217ms
[2020-08-01T12:33:36.427+0300][67.637s][debug][gc] GC(2570) Reclaimed 133 empty regions
[2020-08-01T12:33:36.427+0300][67.637s][info ][gc] GC(2570) Pause Remark 457M->327M(512M) 0.444ms
[2020-08-01T12:33:36.443+0300][67.653s][info ][gc] GC(2577) Pause Young (Normal) (G1 Evacuation Pause) 337M->338M(512M) 11.794ms
[2020-08-01T12:33:36.469+0300][67.678s][info ][gc] GC(2578) Pause Young (Normal) (G1 Evacuation Pause) 359M->360M(512M) 10.431ms
[2020-08-01T12:33:36.490+0300][67.699s][info ][gc] GC(2579) Pause Young (Normal) (G1 Evacuation Pause) 381M->383M(512M) 12.018ms
[2020-08-01T12:33:36.517+0300][67.726s][info ][gc] GC(2580) Pause Young (Normal) (G1 Evacuation Pause) 404M->406M(512M) 10.728ms
[2020-08-01T12:33:36.542+0300][67.752s][info ][gc] GC(2581) Pause Young (Normal) (G1 Evacuation Pause) 427M->428M(512M) 10.650ms
[2020-08-01T12:33:36.584+0300][67.794s][info ][gc] GC(2582) Pause Young (Normal) (G1 Evacuation Pause) 469M->471M(512M) 10.748ms
[2020-08-01T12:33:36.613+0300][67.822s][info ][gc] GC(2583) To-space exhausted
[2020-08-01T12:33:36.613+0300][67.822s][info ][gc] GC(2583) Pause Young (Normal) (G1 Evacuation Pause) 492M->497M(512M) 16.127ms
[2020-08-01T12:33:36.651+0300][67.861s][info ][gc] GC(2584) To-space exhausted
[2020-08-01T12:33:36.651+0300][67.861s][info ][gc] GC(2584) Pause Young (Normal) (G1 Evacuation Pause) 511M->511M(512M) 25.972ms
[2020-08-01T12:33:36.652+0300][67.861s][debug][gc] GC(2585) Clear Next Bitmap 0.344ms
[2020-08-01T12:33:36.693+0300][67.903s][info ][gc] GC(2585) Pause Full (G1 Evacuation Pause) 511M->69M(512M) 41.628ms
[2020-08-01T12:33:36.694+0300][67.903s][info ][gc] GC(2570) Concurrent Cycle 426.355ms
[2020-08-01T12:33:36.715+0300][67.924s][info ][gc] GC(2586) Pause Young (Normal) (G1 Evacuation Pause) 94M->95M(512M) 10.465ms
[2020-08-01T12:33:36.733+0300][67.942s][info ][gc] GC(2587) Pause Young (Normal) (G1 Evacuation Pause) 116M->117M(512M) 10.048ms
[2020-08-01T12:33:36.799+0300][68.008s][info ][gc] GC(2588) Pause Young (Normal) (G1 Evacuation Pause) 158M->159M(512M) 24.983ms
[2020-08-01T12:33:36.823+0300][68.032s][info ][gc] GC(2589) Pause Young (Normal) (G1 Evacuation Pause) 180M->182M(512M) 11.879ms
[2020-08-01T12:33:36.842+0300][68.051s][info ][gc] GC(2590) Pause Young (Normal) (G1 Evacuation Pause) 203M->205M(512M) 10.393ms
[2020-08-01T12:33:36.860+0300][68.070s][info ][gc] GC(2591) Pause Young (Normal) (G1 Evacuation Pause) 226M->227M(512M) 10.427ms
[2020-08-01T12:33:36.881+0300][68.090s][info ][gc] GC(2592) Pause Young (Normal) (G1 Evacuation Pause) 248M->250M(512M) 12.018ms
[2020-08-01T12:33:36.900+0300][68.109s][info ][gc] GC(2593) Pause Young (Concurrent Start) (G1 Evacuation Pause) 271M->272M(512M) 10.595ms
[2020-08-01T12:33:36.900+0300][68.109s][info ][gc] GC(2594) Concurrent Cycle
[2020-08-01T12:33:36.940+0300][68.149s][info ][gc] GC(2595) Pause Young (Normal) (G1 Evacuation Pause) 313M->315M(512M) 11.355ms
[2020-08-01T12:33:36.959+0300][68.169s][info ][gc] GC(2596) Pause Young (Normal) (G1 Evacuation Pause) 336M->337M(512M) 11.025ms
[2020-08-01T12:33:36.978+0300][68.188s][info ][gc] GC(2597) Pause Young (Normal) (G1 Evacuation Pause) 358M->360M(512M) 10.344ms
[2020-08-01T12:33:36.998+0300][68.207s][info ][gc] GC(2598) Pause Young (Normal) (G1 Evacuation Pause) 381M->382M(512M) 10.546ms
[2020-08-01T12:33:37.017+0300][68.227s][info ][gc] GC(2599) Pause Young (Normal) (G1 Evacuation Pause) 403M->404M(512M) 10.389ms
[2020-08-01T12:33:37.048+0300][68.257s][debug][gc] GC(2594) Reclaimed 134 empty regions
[2020-08-01T12:33:37.048+0300][68.257s][info ][gc] GC(2594) Pause Remark 444M->313M(512M) 0.687ms
[2020-08-01T12:33:37.063+0300][68.272s][info ][gc] GC(2600) Pause Young (Normal) (G1 Evacuation Pause) 314M->316M(512M) 12.079ms
[2020-08-01T12:33:37.088+0300][68.297s][info ][gc] GC(2601) Pause Young (Normal) (G1 Evacuation Pause) 337M->338M(512M) 10.572ms
[2020-08-01T12:33:37.113+0300][68.322s][info ][gc] GC(2602) Pause Young (Normal) (G1 Evacuation Pause) 359M->360M(512M) 10.919ms
[2020-08-01T12:33:37.139+0300][68.348s][info ][gc] GC(2603) Pause Young (Normal) (G1 Evacuation Pause) 381M->383M(512M) 10.354ms
[2020-08-01T12:33:37.165+0300][68.374s][info ][gc] GC(2604) Pause Young (Normal) (G1 Evacuation Pause) 404M->405M(512M) 10.957ms
[2020-08-01T12:33:37.190+0300][68.400s][info ][gc] GC(2605) Pause Young (Normal) (G1 Evacuation Pause) 426M->428M(512M) 10.339ms
[2020-08-01T12:33:37.235+0300][68.445s][info ][gc] GC(2606) Pause Young (Normal) (G1 Evacuation Pause) 469M->471M(512M) 10.806ms
[2020-08-01T12:33:37.266+0300][68.475s][info ][gc] GC(2607) To-space exhausted
[2020-08-01T12:33:37.266+0300][68.475s][info ][gc] GC(2607) Pause Young (Normal) (G1 Evacuation Pause) 492M->499M(512M) 16.136ms
[2020-08-01T12:33:37.272+0300][68.482s][info ][gc] GC(2594) Pause Cleanup 500M->500M(512M) 0.122ms
[2020-08-01T12:33:37.273+0300][68.482s][info ][gc] GC(2594) Concurrent Cycle 372.747ms
[2020-08-01T12:33:37.301+0300][68.511s][info ][gc] GC(2608) To-space exhausted
[2020-08-01T12:33:37.301+0300][68.511s][info ][gc] GC(2608) Pause Young (Normal) (G1 Evacuation Pause) 511M->511M(512M) 24.322ms
[2020-08-01T12:33:37.344+0300][68.553s][info ][gc] GC(2609) Pause Full (G1 Evacuation Pause) 511M->67M(512M) 42.190ms
[2020-08-01T12:33:37.366+0300][68.576s][info ][gc] GC(2610) Pause Young (Normal) (G1 Evacuation Pause) 92M->92M(512M) 12.338ms
[2020-08-01T12:33:37.385+0300][68.595s][info ][gc] GC(2611) Pause Young (Normal) (G1 Evacuation Pause) 113M->115M(512M) 10.556ms
[2020-08-01T12:33:37.406+0300][68.615s][info ][gc] GC(2612) Pause Young (Normal) (G1 Evacuation Pause) 136M->137M(512M) 11.657ms
[2020-08-01T12:33:37.484+0300][68.693s][info ][gc] GC(2613) Pause Young (Normal) (G1 Evacuation Pause) 178M->179M(512M) 23.036ms
[2020-08-01T12:33:37.508+0300][68.717s][info ][gc] GC(2614) Pause Young (Normal) (G1 Evacuation Pause) 200M->202M(512M) 12.080ms
[2020-08-01T12:33:37.527+0300][68.736s][info ][gc] GC(2615) Pause Young (Normal) (G1 Evacuation Pause) 223M->224M(512M) 10.357ms
[2020-08-01T12:33:37.546+0300][68.755s][info ][gc] GC(2616) Pause Young (Normal) (G1 Evacuation Pause) 245M->247M(512M) 10.986ms
[2020-08-01T12:33:37.565+0300][68.775s][info ][gc] GC(2617) Pause Young (Concurrent Start) (G1 Evacuation Pause) 268M->269M(512M) 10.614ms
[2020-08-01T12:33:37.565+0300][68.775s][info ][gc] GC(2618) Concurrent Cycle
[2020-08-01T12:33:37.606+0300][68.815s][info ][gc] GC(2619) Pause Young (Normal) (G1 Evacuation Pause) 310M->312M(512M) 10.354ms
[2020-08-01T12:33:37.625+0300][68.834s][info ][gc] GC(2620) Pause Young (Normal) (G1 Evacuation Pause) 333M->334M(512M) 10.326ms
[2020-08-01T12:33:37.644+0300][68.853s][info ][gc] GC(2621) Pause Young (Normal) (G1 Evacuation Pause) 355M->357M(512M) 10.446ms
[2020-08-01T12:33:37.664+0300][68.873s][info ][gc] GC(2622) Pause Young (Normal) (G1 Evacuation Pause) 378M->380M(512M) 10.372ms
[2020-08-01T12:33:37.683+0300][68.892s][info ][gc] GC(2623) Pause Young (Normal) (G1 Evacuation Pause) 401M->402M(512M) 10.458ms
[2020-08-01T12:33:37.702+0300][68.911s][info ][gc] GC(2624) Pause Young (Normal) (G1 Evacuation Pause) 423M->424M(512M) 10.556ms
[2020-08-01T12:33:37.719+0300][68.929s][debug][gc] GC(2618) Reclaimed 134 empty regions
[2020-08-01T12:33:37.720+0300][68.929s][info ][gc] GC(2618) Pause Remark 449M->319M(512M) 0.528ms
[2020-08-01T12:33:37.737+0300][68.946s][info ][gc] GC(2625) Pause Young (Normal) (G1 Evacuation Pause) 335M->336M(512M) 10.761ms
[2020-08-01T12:33:37.763+0300][68.972s][info ][gc] GC(2626) Pause Young (Normal) (G1 Evacuation Pause) 357M->358M(512M) 10.763ms
[2020-08-01T12:33:37.789+0300][68.998s][info ][gc] GC(2627) Pause Young (Normal) (G1 Evacuation Pause) 379M->381M(512M) 11.049ms
[2020-08-01T12:33:37.814+0300][69.023s][info ][gc] GC(2628) Pause Young (Normal) (G1 Evacuation Pause) 402M->404M(512M) 10.575ms
[2020-08-01T12:33:37.840+0300][69.049s][info ][gc] GC(2629) Pause Young (Normal) (G1 Evacuation Pause) 425M->427M(512M) 11.076ms
[2020-08-01T12:33:37.889+0300][69.099s][info ][gc] GC(2630) Pause Young (Normal) (G1 Evacuation Pause) 468M->469M(512M) 10.536ms
[2020-08-01T12:33:37.918+0300][69.127s][info ][gc] GC(2631) To-space exhausted
[2020-08-01T12:33:37.918+0300][69.127s][info ][gc] GC(2631) Pause Young (Normal) (G1 Evacuation Pause) 490M->499M(512M) 14.767ms
[2020-08-01T12:33:37.954+0300][69.163s][info ][gc] GC(2632) To-space exhausted
[2020-08-01T12:33:37.954+0300][69.163s][info ][gc] GC(2632) Pause Young (Normal) (G1 Evacuation Pause) 511M->511M(512M) 23.970ms
[2020-08-01T12:33:37.954+0300][69.163s][debug][gc] GC(2633) Clear Next Bitmap 0.335ms
[2020-08-01T12:33:37.994+0300][69.203s][info ][gc] GC(2633) Pause Full (G1 Evacuation Pause) 511M->64M(512M) 40.178ms
[2020-08-01T12:33:37.994+0300][69.204s][info ][gc] GC(2618) Concurrent Cycle 429.075ms
[2020-08-01T12:33:38.015+0300][69.224s][info ][gc] GC(2634) Pause Young (Normal) (G1 Evacuation Pause) 89M->90M(512M) 10.472ms
[2020-08-01T12:33:38.034+0300][69.244s][info ][gc] GC(2635) Pause Young (Normal) (G1 Evacuation Pause) 111M->112M(512M) 10.682ms
[2020-08-01T12:33:38.053+0300][69.263s][info ][gc] GC(2636) Pause Young (Normal) (G1 Evacuation Pause) 133M->134M(512M) 10.459ms
[2020-08-01T12:33:38.092+0300][69.301s][info ][gc] GC(2637) Pause Young (Normal) (G1 Evacuation Pause) 175M->177M(512M) 10.662ms
[2020-08-01T12:33:38.111+0300][69.320s][info ][gc] GC(2638) Pause Young (Normal) (G1 Evacuation Pause) 198M->200M(512M) 10.472ms
[2020-08-01T12:33:38.130+0300][69.339s][info ][gc] GC(2639) Pause Young (Normal) (G1 Evacuation Pause) 221M->222M(512M) 10.595ms
[2020-08-01T12:33:38.149+0300][69.358s][info ][gc] GC(2640) Pause Young (Normal) (G1 Evacuation Pause) 243M->245M(512M) 10.494ms
[2020-08-01T12:33:38.167+0300][69.376s][info ][gc] GC(2641) Pause Young (Concurrent Start) (G1 Evacuation Pause) 266M->267M(512M) 10.017ms
[2020-08-01T12:33:38.167+0300][69.377s][info ][gc] GC(2642) Concurrent Cycle
[2020-08-01T12:33:38.213+0300][69.423s][info ][gc] GC(2643) Pause Young (Normal) (G1 Evacuation Pause) 308M->310M(512M) 10.539ms
[2020-08-01T12:33:38.233+0300][69.442s][info ][gc] GC(2644) Pause Young (Normal) (G1 Evacuation Pause) 331M->332M(512M) 10.450ms
[2020-08-01T12:33:38.252+0300][69.461s][info ][gc] GC(2645) Pause Young (Normal) (G1 Evacuation Pause) 353M->354M(512M) 10.217ms
[2020-08-01T12:33:38.271+0300][69.481s][info ][gc] GC(2646) Pause Young (Normal) (G1 Evacuation Pause) 376M->377M(512M) 10.266ms
[2020-08-01T12:33:38.291+0300][69.500s][info ][gc] GC(2647) Pause Young (Normal) (G1 Evacuation Pause) 399M->401M(512M) 10.721ms
[2020-08-01T12:33:38.310+0300][69.520s][info ][gc] GC(2648) Pause Young (Normal) (G1 Evacuation Pause) 422M->423M(512M) 10.427ms
[2020-08-01T12:33:38.319+0300][69.529s][debug][gc] GC(2642) Reclaimed 132 empty regions
[2020-08-01T12:33:38.319+0300][69.529s][info ][gc] GC(2642) Pause Remark 424M->295M(512M) 0.430ms
[2020-08-01T12:33:38.357+0300][69.567s][info ][gc] GC(2649) Pause Young (Normal) (G1 Evacuation Pause) 335M->336M(512M) 11.000ms
[2020-08-01T12:33:38.387+0300][69.596s][info ][gc] GC(2650) Pause Young (Normal) (G1 Evacuation Pause) 357M->358M(512M) 12.270ms
[2020-08-01T12:33:38.412+0300][69.622s][info ][gc] GC(2651) Pause Young (Normal) (G1 Evacuation Pause) 379M->381M(512M) 10.703ms
[2020-08-01T12:33:38.435+0300][69.645s][info ][gc] GC(2652) Pause Young (Normal) (G1 Evacuation Pause) 402M->403M(512M) 10.398ms
[2020-08-01T12:33:38.461+0300][69.670s][info ][gc] GC(2653) Pause Young (Normal) (G1 Evacuation Pause) 424M->426M(512M) 10.727ms
[2020-08-01T12:33:38.508+0300][69.717s][info ][gc] GC(2654) Pause Young (Normal) (G1 Evacuation Pause) 467M->468M(512M) 11.196ms
[2020-08-01T12:33:38.520+0300][69.729s][info ][gc] GC(2642) Pause Cleanup 482M->482M(512M) 0.158ms
[2020-08-01T12:33:38.520+0300][69.730s][info ][gc] GC(2642) Concurrent Cycle 353.297ms
[2020-08-01T12:33:38.535+0300][69.745s][info ][gc] GC(2655) To-space exhausted
[2020-08-01T12:33:38.535+0300][69.745s][info ][gc] GC(2655) Pause Young (Normal) (G1 Evacuation Pause) 489M->492M(512M) 12.526ms
[2020-08-01T12:33:38.578+0300][69.787s][info ][gc] GC(2656) To-space exhausted
[2020-08-01T12:33:38.578+0300][69.787s][info ][gc] GC(2656) Pause Young (Concurrent Start) (G1 Evacuation Pause) 511M->511M(512M) 34.767ms
[2020-08-01T12:33:38.578+0300][69.787s][info ][gc] GC(2658) Concurrent Cycle
[2020-08-01T12:33:38.578+0300][69.788s][debug][gc] GC(2657) Clear Next Bitmap 0.330ms
[2020-08-01T12:33:38.620+0300][69.829s][info ][gc] GC(2657) Pause Full (G1 Evacuation Pause) 511M->71M(512M) 42.215ms
[2020-08-01T12:33:38.620+0300][69.830s][info ][gc] GC(2658) Concurrent Cycle 42.512ms
[2020-08-01T12:33:38.643+0300][69.853s][info ][gc] GC(2659) Pause Young (Normal) (G1 Evacuation Pause) 99M->99M(512M) 12.186ms
[2020-08-01T12:33:38.666+0300][69.875s][info ][gc] GC(2660) Pause Young (Normal) (G1 Evacuation Pause) 123M->125M(512M) 11.480ms
[2020-08-01T12:33:38.708+0300][69.917s][info ][gc] GC(2661) Pause Young (Normal) (G1 Evacuation Pause) 166M->167M(512M) 10.747ms
[2020-08-01T12:33:38.727+0300][69.936s][info ][gc] GC(2662) Pause Young (Normal) (G1 Evacuation Pause) 188M->189M(512M) 10.857ms
[2020-08-01T12:33:38.746+0300][69.955s][info ][gc] GC(2663) Pause Young (Normal) (G1 Evacuation Pause) 210M->211M(512M) 10.232ms
[2020-08-01T12:33:38.764+0300][69.974s][info ][gc] GC(2664) Pause Young (Normal) (G1 Evacuation Pause) 232M->234M(512M) 10.400ms
[2020-08-01T12:33:38.784+0300][69.994s][info ][gc] GC(2665) Pause Young (Concurrent Start) (G1 Evacuation Pause) 255M->257M(512M) 11.060ms
[2020-08-01T12:33:38.784+0300][69.994s][info ][gc] GC(2666) Concurrent Cycle
[2020-08-01T12:33:38.804+0300][70.013s][info ][gc] GC(2667) Pause Young (Normal) (G1 Evacuation Pause) 278M->279M(512M) 10.609ms
[2020-08-01T12:33:38.837+0300][70.046s][info ][gc] GC(2668) Pause Young (Normal) (G1 Evacuation Pause) 320M->321M(512M) 10.417ms
[2020-08-01T12:33:38.856+0300][70.065s][info ][gc] GC(2669) Pause Young (Normal) (G1 Evacuation Pause) 342M->344M(512M) 10.386ms
[2020-08-01T12:33:38.875+0300][70.084s][info ][gc] GC(2670) Pause Young (Normal) (G1 Evacuation Pause) 365M->366M(512M) 10.453ms
[2020-08-01T12:33:38.894+0300][70.104s][info ][gc] GC(2671) Pause Young (Normal) (G1 Evacuation Pause) 387M->389M(512M) 10.541ms
[2020-08-01T12:33:38.913+0300][70.122s][info ][gc] GC(2672) Pause Young (Normal) (G1 Evacuation Pause) 410M->411M(512M) 10.215ms
[2020-08-01T12:33:38.929+0300][70.138s][debug][gc] GC(2666) Reclaimed 129 empty regions
[2020-08-01T12:33:38.929+0300][70.138s][info ][gc] GC(2666) Pause Remark 423M->298M(512M) 0.425ms
[2020-08-01T12:33:38.959+0300][70.168s][info ][gc] GC(2673) Pause Young (Normal) (G1 Evacuation Pause) 327M->328M(512M) 12.090ms
[2020-08-01T12:33:38.983+0300][70.193s][info ][gc] GC(2674) Pause Young (Normal) (G1 Evacuation Pause) 349M->351M(512M) 10.328ms
[2020-08-01T12:33:39.009+0300][70.218s][info ][gc] GC(2675) Pause Young (Normal) (G1 Evacuation Pause) 372M->373M(512M) 10.480ms
[2020-08-01T12:33:39.034+0300][70.244s][info ][gc] GC(2676) Pause Young (Normal) (G1 Evacuation Pause) 394M->396M(512M) 10.681ms
[2020-08-01T12:33:39.061+0300][70.270s][info ][gc] GC(2677) Pause Young (Normal) (G1 Evacuation Pause) 417M->418M(512M) 10.553ms
[2020-08-01T12:33:39.085+0300][70.295s][info ][gc] GC(2678) Pause Young (Normal) (G1 Evacuation Pause) 439M->440M(512M) 10.350ms
[2020-08-01T12:33:39.133+0300][70.342s][info ][gc] GC(2679) Pause Young (Normal) (G1 Evacuation Pause) 481M->483M(512M) 10.530ms
[2020-08-01T12:33:39.170+0300][70.380s][info ][gc] GC(2680) To-space exhausted
[2020-08-01T12:33:39.171+0300][70.380s][info ][gc] GC(2680) Pause Young (Normal) (G1 Evacuation Pause) 504M->510M(512M) 28.668ms
[2020-08-01T12:33:39.171+0300][70.380s][info ][gc] GC(2666) Pause Cleanup 511M->511M(512M) 0.122ms
[2020-08-01T12:33:39.174+0300][70.383s][info ][gc] GC(2666) Concurrent Cycle 389.485ms
[2020-08-01T12:33:39.184+0300][70.393s][info ][gc] GC(2681) To-space exhausted
[2020-08-01T12:33:39.184+0300][70.393s][info ][gc] GC(2681) Pause Young (Normal) (G1 Evacuation Pause) 511M->511M(512M) 9.161ms
[2020-08-01T12:33:39.221+0300][70.431s][info ][gc] GC(2682) Pause Full (G1 Evacuation Pause) 511M->63M(512M) 37.648ms
[2020-08-01T12:33:39.248+0300][70.457s][info ][gc] GC(2683) Pause Young (Normal) (G1 Evacuation Pause) 96M->97M(512M) 13.502ms
[2020-08-01T12:33:39.272+0300][70.482s][info ][gc] GC(2684) Pause Young (Normal) (G1 Evacuation Pause) 125M->126M(512M) 13.170ms
[2020-08-01T12:33:39.341+0300][70.551s][info ][gc] GC(2685) Pause Young (Normal) (G1 Evacuation Pause) 168M->170M(512M) 23.604ms
[2020-08-01T12:33:39.366+0300][70.576s][info ][gc] GC(2686) Pause Young (Normal) (G1 Evacuation Pause) 191M->193M(512M) 13.289ms
[2020-08-01T12:33:39.385+0300][70.595s][info ][gc] GC(2687) Pause Young (Normal) (G1 Evacuation Pause) 214M->216M(512M) 10.031ms
[2020-08-01T12:33:39.404+0300][70.613s][info ][gc] GC(2688) Pause Young (Normal) (G1 Evacuation Pause) 237M->238M(512M) 10.388ms
[2020-08-01T12:33:39.423+0300][70.632s][info ][gc] GC(2689) Pause Young (Concurrent Start) (G1 Evacuation Pause) 259M->261M(512M) 10.351ms
[2020-08-01T12:33:39.423+0300][70.632s][info ][gc] GC(2690) Concurrent Cycle
[2020-08-01T12:33:39.465+0300][70.674s][info ][gc] GC(2691) Pause Young (Normal) (G1 Evacuation Pause) 302M->303M(512M) 10.322ms
[2020-08-01T12:33:39.484+0300][70.693s][info ][gc] GC(2692) Pause Young (Normal) (G1 Evacuation Pause) 324M->326M(512M) 10.298ms
[2020-08-01T12:33:39.503+0300][70.712s][info ][gc] GC(2693) Pause Young (Normal) (G1 Evacuation Pause) 347M->349M(512M) 10.495ms
[2020-08-01T12:33:39.522+0300][70.731s][info ][gc] GC(2694) Pause Young (Normal) (G1 Evacuation Pause) 370M->371M(512M) 10.012ms
[2020-08-01T12:33:39.541+0300][70.750s][info ][gc] GC(2695) Pause Young (Normal) (G1 Evacuation Pause) 392M->394M(512M) 10.335ms
[2020-08-01T12:33:39.560+0300][70.769s][info ][gc] GC(2696) Pause Young (Normal) (G1 Evacuation Pause) 415M->416M(512M) 10.654ms
[2020-08-01T12:33:39.569+0300][70.778s][debug][gc] GC(2690) Reclaimed 123 empty regions
[2020-08-01T12:33:39.569+0300][70.778s][info ][gc] GC(2690) Pause Remark 425M->304M(512M) 0.424ms
[2020-08-01T12:33:39.596+0300][70.805s][info ][gc] GC(2697) Pause Young (Normal) (G1 Evacuation Pause) 336M->337M(512M) 11.526ms
[2020-08-01T12:33:39.625+0300][70.835s][info ][gc] GC(2698) Pause Young (Normal) (G1 Evacuation Pause) 358M->359M(512M) 10.619ms
[2020-08-01T12:33:39.651+0300][70.860s][info ][gc] GC(2699) Pause Young (Normal) (G1 Evacuation Pause) 380M->382M(512M) 10.336ms
[2020-08-01T12:33:39.677+0300][70.886s][info ][gc] GC(2700) Pause Young (Normal) (G1 Evacuation Pause) 403M->405M(512M) 11.055ms
[2020-08-01T12:33:39.702+0300][70.912s][info ][gc] GC(2701) Pause Young (Normal) (G1 Evacuation Pause) 426M->428M(512M) 10.631ms
[2020-08-01T12:33:39.745+0300][70.954s][info ][gc] GC(2702) Pause Young (Normal) (G1 Evacuation Pause) 469M->470M(512M) 11.546ms
[2020-08-01T12:33:39.776+0300][70.985s][info ][gc] GC(2703) To-space exhausted
[2020-08-01T12:33:39.776+0300][70.985s][info ][gc] GC(2703) Pause Young (Normal) (G1 Evacuation Pause) 491M->499M(512M) 17.442ms
[2020-08-01T12:33:39.806+0300][71.015s][info ][gc] GC(2704) To-space exhausted
[2020-08-01T12:33:39.806+0300][71.016s][info ][gc] GC(2704) Pause Young (Normal) (G1 Evacuation Pause) 511M->511M(512M) 25.079ms
[2020-08-01T12:33:39.807+0300][71.016s][debug][gc] GC(2705) Clear Next Bitmap 0.255ms
[2020-08-01T12:33:39.838+0300][71.047s][info ][gc] GC(2705) Pause Full (G1 Evacuation Pause) 511M->56M(512M) 31.636ms
[2020-08-01T12:33:39.838+0300][71.048s][info ][gc] GC(2690) Concurrent Cycle 415.292ms
[2020-08-01T12:33:39.858+0300][71.068s][info ][gc] GC(2706) Pause Young (Normal) (G1 Evacuation Pause) 81M->81M(512M) 10.383ms
[2020-08-01T12:33:39.878+0300][71.087s][info ][gc] GC(2707) Pause Young (Normal) (G1 Evacuation Pause) 103M->104M(512M) 10.257ms
[2020-08-01T12:33:39.896+0300][71.106s][info ][gc] GC(2708) Pause Young (Normal) (G1 Evacuation Pause) 125M->127M(512M) 10.434ms
[2020-08-01T12:33:39.977+0300][71.187s][info ][gc] GC(2709) Pause Young (Normal) (G1 Evacuation Pause) 168M->169M(512M) 32.878ms
[2020-08-01T12:33:40.003+0300][71.213s][info ][gc] GC(2710) Pause Young (Normal) (G1 Evacuation Pause) 190M->191M(512M) 12.704ms
[2020-08-01T12:33:40.022+0300][71.232s][info ][gc] GC(2711) Pause Young (Normal) (G1 Evacuation Pause) 212M->213M(512M) 10.086ms
[2020-08-01T12:33:40.041+0300][71.251s][info ][gc] GC(2712) Pause Young (Normal) (G1 Evacuation Pause) 234M->235M(512M) 10.381ms
[2020-08-01T12:33:40.061+0300][71.270s][info ][gc] GC(2713) Pause Young (Concurrent Start) (G1 Evacuation Pause) 256M->258M(512M) 11.149ms
[2020-08-01T12:33:40.061+0300][71.270s][info ][gc] GC(2714) Concurrent Cycle
[2020-08-01T12:33:40.080+0300][71.290s][info ][gc] GC(2715) Pause Young (Normal) (G1 Evacuation Pause) 279M->280M(512M) 10.409ms
[2020-08-01T12:33:40.125+0300][71.335s][info ][gc] GC(2716) Pause Young (Normal) (G1 Evacuation Pause) 321M->323M(512M) 11.552ms
[2020-08-01T12:33:40.146+0300][71.355s][info ][gc] GC(2717) Pause Young (Normal) (G1 Evacuation Pause) 344M->345M(512M) 10.864ms
[2020-08-01T12:33:40.165+0300][71.374s][info ][gc] GC(2718) Pause Young (Normal) (G1 Evacuation Pause) 366M->367M(512M) 10.637ms
[2020-08-01T12:33:40.184+0300][71.393s][info ][gc] GC(2719) Pause Young (Normal) (G1 Evacuation Pause) 388M->390M(512M) 10.359ms
[2020-08-01T12:33:40.203+0300][71.413s][info ][gc] GC(2720) Pause Young (Normal) (G1 Evacuation Pause) 411M->412M(512M) 10.501ms
[2020-08-01T12:33:40.209+0300][71.418s][debug][gc] GC(2714) Reclaimed 130 empty regions
[2020-08-01T12:33:40.209+0300][71.419s][info ][gc] GC(2714) Pause Remark 422M->297M(512M) 0.427ms
[2020-08-01T12:33:40.247+0300][71.456s][info ][gc] GC(2721) Pause Young (Normal) (G1 Evacuation Pause) 327M->328M(512M) 10.728ms
[2020-08-01T12:33:40.272+0300][71.482s][info ][gc] GC(2722) Pause Young (Normal) (G1 Evacuation Pause) 349M->351M(512M) 10.618ms
[2020-08-01T12:33:40.298+0300][71.507s][info ][gc] GC(2723) Pause Young (Normal) (G1 Evacuation Pause) 372M->374M(512M) 10.443ms
[2020-08-01T12:33:40.322+0300][71.531s][info ][gc] GC(2724) Pause Young (Normal) (G1 Evacuation Pause) 395M->396M(512M) 10.446ms
[2020-08-01T12:33:40.346+0300][71.555s][info ][gc] GC(2725) Pause Young (Normal) (G1 Evacuation Pause) 417M->418M(512M) 11.202ms
[2020-08-01T12:33:40.397+0300][71.606s][info ][gc] GC(2726) Pause Young (Normal) (G1 Evacuation Pause) 459M->460M(512M) 10.790ms
[2020-08-01T12:33:40.402+0300][71.611s][info ][gc] GC(2714) Pause Cleanup 461M->461M(512M) 0.121ms
[2020-08-01T12:33:40.402+0300][71.611s][info ][gc] GC(2714) Concurrent Cycle 340.984ms
[2020-08-01T12:33:40.421+0300][71.630s][info ][gc] GC(2727) Pause Young (Normal) (G1 Evacuation Pause) 481M->482M(512M) 10.287ms
[2020-08-01T12:33:40.460+0300][71.669s][info ][gc] GC(2728) To-space exhausted
[2020-08-01T12:33:40.460+0300][71.669s][info ][gc] GC(2728) Pause Young (Concurrent Start) (G1 Evacuation Pause) 503M->508M(512M) 30.976ms
[2020-08-01T12:33:40.460+0300][71.669s][info ][gc] GC(2729) Concurrent Cycle
[2020-08-01T12:33:40.476+0300][71.686s][info ][gc] GC(2730) To-space exhausted
[2020-08-01T12:33:40.476+0300][71.686s][info ][gc] GC(2730) Pause Young (Normal) (G1 Evacuation Pause) 511M->511M(512M) 12.372ms
[2020-08-01T12:33:40.477+0300][71.686s][debug][gc] GC(2731) Clear Next Bitmap 0.296ms
[2020-08-01T12:33:40.518+0300][71.728s][info ][gc] GC(2731) Pause Full (G1 Evacuation Pause) 511M->67M(512M) 41.776ms
[2020-08-01T12:33:40.519+0300][71.728s][info ][gc] GC(2729) Concurrent Cycle 58.627ms
[2020-08-01T12:33:40.539+0300][71.748s][info ][gc] GC(2732) Pause Young (Normal) (G1 Evacuation Pause) 92M->92M(512M) 10.667ms
[2020-08-01T12:33:40.558+0300][71.767s][info ][gc] GC(2733) Pause Young (Normal) (G1 Evacuation Pause) 113M->114M(512M) 10.583ms
[2020-08-01T12:33:40.578+0300][71.788s][info ][gc] GC(2734) Pause Young (Normal) (G1 Evacuation Pause) 135M->136M(512M) 12.070ms
[2020-08-01T12:33:40.659+0300][71.869s][info ][gc] GC(2735) Pause Young (Normal) (G1 Evacuation Pause) 177M->178M(512M) 20.014ms
[2020-08-01T12:33:40.682+0300][71.891s][info ][gc] GC(2736) Pause Young (Normal) (G1 Evacuation Pause) 199M->200M(512M) 11.610ms
[2020-08-01T12:33:40.703+0300][71.913s][info ][gc] GC(2737) Pause Young (Normal) (G1 Evacuation Pause) 221M->223M(512M) 12.561ms
[2020-08-01T12:33:40.723+0300][71.933s][info ][gc] GC(2738) Pause Young (Normal) (G1 Evacuation Pause) 244M->245M(512M) 11.648ms
[2020-08-01T12:33:40.744+0300][71.953s][info ][gc] GC(2739) Pause Young (Concurrent Start) (G1 Evacuation Pause) 266M->267M(512M) 12.072ms
[2020-08-01T12:33:40.744+0300][71.954s][info ][gc] GC(2740) Concurrent Cycle
[2020-08-01T12:33:40.788+0300][71.998s][info ][gc] GC(2741) Pause Young (Normal) (G1 Evacuation Pause) 308M->310M(512M) 10.751ms
[2020-08-01T12:33:40.808+0300][72.017s][info ][gc] GC(2742) Pause Young (Normal) (G1 Evacuation Pause) 331M->332M(512M) 10.760ms
[2020-08-01T12:33:40.827+0300][72.036s][info ][gc] GC(2743) Pause Young (Normal) (G1 Evacuation Pause) 353M->355M(512M) 10.415ms
[2020-08-01T12:33:40.846+0300][72.055s][info ][gc] GC(2744) Pause Young (Normal) (G1 Evacuation Pause) 376M->377M(512M) 10.395ms
[2020-08-01T12:33:40.865+0300][72.074s][info ][gc] GC(2745) Pause Young (Normal) (G1 Evacuation Pause) 398M->399M(512M) 10.252ms
[2020-08-01T12:33:40.884+0300][72.093s][info ][gc] GC(2746) Pause Young (Normal) (G1 Evacuation Pause) 420M->421M(512M) 10.229ms
[2020-08-01T12:33:40.899+0300][72.108s][debug][gc] GC(2740) Reclaimed 131 empty regions
[2020-08-01T12:33:40.899+0300][72.108s][info ][gc] GC(2740) Pause Remark 442M->315M(512M) 0.504ms
[2020-08-01T12:33:40.918+0300][72.127s][info ][gc] GC(2747) Pause Young (Normal) (G1 Evacuation Pause) 334M->336M(512M) 10.482ms
[2020-08-01T12:33:40.944+0300][72.153s][info ][gc] GC(2748) Pause Young (Normal) (G1 Evacuation Pause) 357M->358M(512M) 10.953ms
[2020-08-01T12:33:40.969+0300][72.179s][info ][gc] GC(2749) Pause Young (Normal) (G1 Evacuation Pause) 379M->381M(512M) 10.453ms
[2020-08-01T12:33:40.995+0300][72.204s][info ][gc] GC(2750) Pause Young (Normal) (G1 Evacuation Pause) 402M->403M(512M) 10.676ms
[2020-08-01T12:33:41.021+0300][72.230s][info ][gc] GC(2751) Pause Young (Normal) (G1 Evacuation Pause) 424M->425M(512M) 10.505ms
[2020-08-01T12:33:41.069+0300][72.278s][info ][gc] GC(2752) Pause Young (Normal) (G1 Evacuation Pause) 466M->468M(512M) 10.145ms
[2020-08-01T12:33:41.097+0300][72.307s][info ][gc] GC(2753) To-space exhausted
[2020-08-01T12:33:41.097+0300][72.307s][info ][gc] GC(2753) Pause Young (Normal) (G1 Evacuation Pause) 489M->494M(512M) 14.243ms
[2020-08-01T12:33:41.141+0300][72.350s][info ][gc] GC(2754) To-space exhausted
[2020-08-01T12:33:41.141+0300][72.350s][info ][gc] GC(2754) Pause Young (Normal) (G1 Evacuation Pause) 511M->511M(512M) 30.086ms
[2020-08-01T12:33:41.141+0300][72.351s][debug][gc] GC(2755) Clear Next Bitmap 0.369ms
[2020-08-01T12:33:41.185+0300][72.394s][info ][gc] GC(2755) Pause Full (G1 Evacuation Pause) 511M->69M(512M) 43.779ms
[2020-08-01T12:33:41.185+0300][72.394s][info ][gc] GC(2740) Concurrent Cycle 440.679ms
[2020-08-01T12:33:41.205+0300][72.414s][info ][gc] GC(2756) Pause Young (Normal) (G1 Evacuation Pause) 94M->94M(512M) 10.396ms
[2020-08-01T12:33:41.224+0300][72.433s][info ][gc] GC(2757) Pause Young (Normal) (G1 Evacuation Pause) 115M->116M(512M) 10.388ms
[2020-08-01T12:33:41.266+0300][72.476s][info ][gc] GC(2758) Pause Young (Normal) (G1 Evacuation Pause) 157M->159M(512M) 9.956ms
[2020-08-01T12:33:41.285+0300][72.494s][info ][gc] GC(2759) Pause Young (Normal) (G1 Evacuation Pause) 180M->181M(512M) 10.360ms
[2020-08-01T12:33:41.304+0300][72.513s][info ][gc] GC(2760) Pause Young (Normal) (G1 Evacuation Pause) 202M->204M(512M) 10.467ms
[2020-08-01T12:33:41.323+0300][72.532s][info ][gc] GC(2761) Pause Young (Normal) (G1 Evacuation Pause) 225M->227M(512M) 10.425ms
[2020-08-01T12:33:41.341+0300][72.551s][info ][gc] GC(2762) Pause Young (Normal) (G1 Evacuation Pause) 248M->249M(512M) 10.515ms
[2020-08-01T12:33:41.361+0300][72.570s][info ][gc] GC(2763) Pause Young (Concurrent Start) (G1 Evacuation Pause) 270M->271M(512M) 10.851ms
[2020-08-01T12:33:41.361+0300][72.570s][info ][gc] GC(2764) Concurrent Cycle
[2020-08-01T12:33:41.396+0300][72.605s][info ][gc] GC(2765) Pause Young (Normal) (G1 Evacuation Pause) 313M->315M(512M) 11.338ms
[2020-08-01T12:33:41.415+0300][72.624s][info ][gc] GC(2766) Pause Young (Normal) (G1 Evacuation Pause) 336M->337M(512M) 10.577ms
[2020-08-01T12:33:41.434+0300][72.643s][info ][gc] GC(2767) Pause Young (Normal) (G1 Evacuation Pause) 358M->360M(512M) 10.301ms
[2020-08-01T12:33:41.453+0300][72.662s][info ][gc] GC(2768) Pause Young (Normal) (G1 Evacuation Pause) 381M->382M(512M) 10.055ms
[2020-08-01T12:33:41.473+0300][72.683s][info ][gc] GC(2769) Pause Young (Normal) (G1 Evacuation Pause) 404M->406M(512M) 11.587ms
[2020-08-01T12:33:41.509+0300][72.718s][debug][gc] GC(2764) Reclaimed 132 empty regions
[2020-08-01T12:33:41.509+0300][72.719s][info ][gc] GC(2764) Pause Remark 446M->316M(512M) 0.443ms
[2020-08-01T12:33:41.521+0300][72.730s][info ][gc] GC(2770) Pause Young (Normal) (G1 Evacuation Pause) 317M->318M(512M) 10.523ms
[2020-08-01T12:33:41.547+0300][72.756s][info ][gc] GC(2771) Pause Young (Normal) (G1 Evacuation Pause) 339M->340M(512M) 10.646ms
[2020-08-01T12:33:41.571+0300][72.781s][info ][gc] GC(2772) Pause Young (Normal) (G1 Evacuation Pause) 361M->363M(512M) 10.565ms
[2020-08-01T12:33:41.597+0300][72.806s][info ][gc] GC(2773) Pause Young (Normal) (G1 Evacuation Pause) 384M->385M(512M) 10.578ms
[2020-08-01T12:33:41.624+0300][72.833s][info ][gc] GC(2774) Pause Young (Normal) (G1 Evacuation Pause) 406M->408M(512M) 10.964ms
[2020-08-01T12:33:41.649+0300][72.858s][info ][gc] GC(2775) Pause Young (Normal) (G1 Evacuation Pause) 429M->430M(512M) 10.525ms
[2020-08-01T12:33:41.696+0300][72.905s][info ][gc] GC(2776) Pause Young (Normal) (G1 Evacuation Pause) 471M->473M(512M) 10.990ms
[2020-08-01T12:33:41.729+0300][72.939s][info ][gc] GC(2777) To-space exhausted
[2020-08-01T12:33:41.729+0300][72.939s][info ][gc] GC(2777) Pause Young (Normal) (G1 Evacuation Pause) 494M->501M(512M) 19.518ms
[2020-08-01T12:33:41.740+0300][72.949s][info ][gc] GC(2764) Pause Cleanup 505M->505M(512M) 0.134ms
[2020-08-01T12:33:41.740+0300][72.950s][info ][gc] GC(2764) Concurrent Cycle 379.563ms
[2020-08-01T12:33:41.764+0300][72.974s][info ][gc] GC(2778) To-space exhausted
[2020-08-01T12:33:41.764+0300][72.974s][info ][gc] GC(2778) Pause Young (Normal) (G1 Evacuation Pause) 511M->511M(512M) 21.887ms
[2020-08-01T12:33:41.803+0300][73.013s][info ][gc] GC(2779) Pause Full (G1 Evacuation Pause) 511M->67M(512M) 38.805ms
[2020-08-01T12:33:41.827+0300][73.037s][info ][gc] GC(2780) Pause Young (Normal) (G1 Evacuation Pause) 96M->96M(512M) 12.345ms
[2020-08-01T12:33:41.849+0300][73.058s][info ][gc] GC(2781) Pause Young (Normal) (G1 Evacuation Pause) 121M->123M(512M) 11.782ms
[2020-08-01T12:33:41.917+0300][73.126s][info ][gc] GC(2782) Pause Young (Normal) (G1 Evacuation Pause) 164M->165M(512M) 21.644ms
[2020-08-01T12:33:41.940+0300][73.149s][info ][gc] GC(2783) Pause Young (Normal) (G1 Evacuation Pause) 186M->188M(512M) 11.437ms
[2020-08-01T12:33:41.959+0300][73.168s][info ][gc] GC(2784) Pause Young (Normal) (G1 Evacuation Pause) 209M->210M(512M) 10.499ms
[2020-08-01T12:33:41.978+0300][73.187s][info ][gc] GC(2785) Pause Young (Normal) (G1 Evacuation Pause) 231M->232M(512M) 10.958ms
[2020-08-01T12:33:41.997+0300][73.206s][info ][gc] GC(2786) Pause Young (Concurrent Start) (G1 Evacuation Pause) 253M->255M(512M) 10.609ms
[2020-08-01T12:33:41.997+0300][73.206s][info ][gc] GC(2787) Concurrent Cycle
[2020-08-01T12:33:42.016+0300][73.226s][info ][gc] GC(2788) Pause Young (Normal) (G1 Evacuation Pause) 276M->278M(512M) 10.500ms
[2020-08-01T12:33:42.055+0300][73.265s][info ][gc] GC(2789) Pause Young (Normal) (G1 Evacuation Pause) 319M->320M(512M) 10.283ms
[2020-08-01T12:33:42.074+0300][73.284s][info ][gc] GC(2790) Pause Young (Normal) (G1 Evacuation Pause) 341M->342M(512M) 10.257ms
[2020-08-01T12:33:42.094+0300][73.303s][info ][gc] GC(2791) Pause Young (Normal) (G1 Evacuation Pause) 363M->365M(512M) 10.542ms
[2020-08-01T12:33:42.113+0300][73.322s][info ][gc] GC(2792) Pause Young (Normal) (G1 Evacuation Pause) 386M->387M(512M) 10.436ms
[2020-08-01T12:33:42.132+0300][73.341s][info ][gc] GC(2793) Pause Young (Normal) (G1 Evacuation Pause) 408M->409M(512M) 10.040ms
[2020-08-01T12:33:42.139+0300][73.348s][debug][gc] GC(2787) Reclaimed 128 empty regions
[2020-08-01T12:33:42.139+0300][73.348s][info ][gc] GC(2787) Pause Remark 423M->298M(512M) 0.411ms
[2020-08-01T12:33:42.175+0300][73.384s][info ][gc] GC(2794) Pause Young (Normal) (G1 Evacuation Pause) 325M->326M(512M) 10.986ms
[2020-08-01T12:33:42.201+0300][73.410s][info ][gc] GC(2795) Pause Young (Normal) (G1 Evacuation Pause) 347M->348M(512M) 10.843ms
[2020-08-01T12:33:42.226+0300][73.436s][info ][gc] GC(2796) Pause Young (Normal) (G1 Evacuation Pause) 369M->371M(512M) 11.078ms
[2020-08-01T12:33:42.253+0300][73.462s][info ][gc] GC(2797) Pause Young (Normal) (G1 Evacuation Pause) 392M->393M(512M) 11.956ms
[2020-08-01T12:33:42.282+0300][73.492s][info ][gc] GC(2798) Pause Young (Normal) (G1 Evacuation Pause) 414M->415M(512M) 10.543ms
[2020-08-01T12:33:42.307+0300][73.516s][info ][gc] GC(2799) Pause Young (Normal) (G1 Evacuation Pause) 436M->437M(512M) 11.695ms
[2020-08-01T12:33:42.334+0300][73.543s][info ][gc] GC(2787) Pause Cleanup 463M->463M(512M) 0.127ms
[2020-08-01T12:33:42.334+0300][73.544s][info ][gc] GC(2787) Concurrent Cycle 337.248ms
[2020-08-01T12:33:42.351+0300][73.560s][info ][gc] GC(2800) Pause Young (Normal) (G1 Evacuation Pause) 478M->480M(512M) 10.728ms
[2020-08-01T12:33:42.387+0300][73.596s][info ][gc] GC(2801) To-space exhausted
[2020-08-01T12:33:42.387+0300][73.596s][info ][gc] GC(2801) Pause Young (Concurrent Start) (G1 Evacuation Pause) 501M->506M(512M) 27.492ms
[2020-08-01T12:33:42.387+0300][73.596s][info ][gc] GC(2802) Concurrent Cycle
[2020-08-01T12:33:42.406+0300][73.616s][info ][gc] GC(2803) To-space exhausted
[2020-08-01T12:33:42.406+0300][73.616s][info ][gc] GC(2803) Pause Young (Normal) (G1 Evacuation Pause) 511M->511M(512M) 14.993ms
[2020-08-01T12:33:42.407+0300][73.616s][debug][gc] GC(2804) Clear Next Bitmap 0.365ms
[2020-08-01T12:33:42.445+0300][73.654s][info ][gc] GC(2804) Pause Full (G1 Evacuation Pause) 511M->65M(512M) 38.389ms
[2020-08-01T12:33:42.445+0300][73.654s][info ][gc] GC(2802) Concurrent Cycle 58.094ms
[2020-08-01T12:33:42.467+0300][73.676s][info ][gc] GC(2805) Pause Young (Normal) (G1 Evacuation Pause) 90M->91M(512M) 11.993ms
[2020-08-01T12:33:42.486+0300][73.696s][info ][gc] GC(2806) Pause Young (Normal) (G1 Evacuation Pause) 113M->114M(512M) 10.825ms
[2020-08-01T12:33:42.505+0300][73.715s][info ][gc] GC(2807) Pause Young (Normal) (G1 Evacuation Pause) 135M->137M(512M) 10.536ms
[2020-08-01T12:33:42.563+0300][73.772s][info ][gc] GC(2808) Pause Young (Normal) (G1 Evacuation Pause) 178M->180M(512M) 19.127ms
[2020-08-01T12:33:42.585+0300][73.795s][info ][gc] GC(2809) Pause Young (Normal) (G1 Evacuation Pause) 201M->202M(512M) 11.493ms
[2020-08-01T12:33:42.605+0300][73.814s][info ][gc] GC(2810) Pause Young (Normal) (G1 Evacuation Pause) 223M->225M(512M) 10.813ms
[2020-08-01T12:33:42.623+0300][73.833s][info ][gc] GC(2811) Pause Young (Normal) (G1 Evacuation Pause) 246M->248M(512M) 10.515ms
[2020-08-01T12:33:42.642+0300][73.852s][info ][gc] GC(2812) Pause Young (Concurrent Start) (G1 Evacuation Pause) 269M->270M(512M) 10.266ms
[2020-08-01T12:33:42.642+0300][73.852s][info ][gc] GC(2813) Concurrent Cycle
[2020-08-01T12:33:42.690+0300][73.899s][info ][gc] GC(2814) Pause Young (Normal) (G1 Evacuation Pause) 311M->312M(512M) 11.217ms
[2020-08-01T12:33:42.710+0300][73.920s][info ][gc] GC(2815) Pause Young (Normal) (G1 Evacuation Pause) 333M->335M(512M) 12.010ms
[2020-08-01T12:33:42.730+0300][73.939s][info ][gc] GC(2816) Pause Young (Normal) (G1 Evacuation Pause) 356M->358M(512M) 10.646ms
[2020-08-01T12:33:42.749+0300][73.958s][info ][gc] GC(2817) Pause Young (Normal) (G1 Evacuation Pause) 379M->380M(512M) 10.387ms
[2020-08-01T12:33:42.768+0300][73.977s][info ][gc] GC(2818) Pause Young (Normal) (G1 Evacuation Pause) 401M->403M(512M) 10.271ms
[2020-08-01T12:33:42.787+0300][73.996s][info ][gc] GC(2819) Pause Young (Normal) (G1 Evacuation Pause) 424M->426M(512M) 10.077ms
[2020-08-01T12:33:42.801+0300][74.010s][debug][gc] GC(2813) Reclaimed 130 empty regions
[2020-08-01T12:33:42.801+0300][74.010s][info ][gc] GC(2813) Pause Remark 427M->300M(512M) 0.419ms
[2020-08-01T12:33:42.834+0300][74.044s][info ][gc] GC(2820) Pause Young (Normal) (G1 Evacuation Pause) 340M->341M(512M) 11.014ms
[2020-08-01T12:33:42.861+0300][74.070s][info ][gc] GC(2821) Pause Young (Normal) (G1 Evacuation Pause) 362M->363M(512M) 10.969ms
[2020-08-01T12:33:42.885+0300][74.095s][info ][gc] GC(2822) Pause Young (Normal) (G1 Evacuation Pause) 384M->385M(512M) 10.750ms
[2020-08-01T12:33:42.912+0300][74.121s][info ][gc] GC(2823) Pause Young (Normal) (G1 Evacuation Pause) 406M->407M(512M) 11.359ms
[2020-08-01T12:33:42.938+0300][74.148s][info ][gc] GC(2824) Pause Young (Normal) (G1 Evacuation Pause) 428M->430M(512M) 10.409ms
[2020-08-01T12:33:42.986+0300][74.196s][info ][gc] GC(2825) Pause Young (Normal) (G1 Evacuation Pause) 471M->472M(512M) 10.978ms
[2020-08-01T12:33:43.019+0300][74.229s][info ][gc] GC(2826) To-space exhausted
[2020-08-01T12:33:43.019+0300][74.229s][info ][gc] GC(2826) Pause Young (Normal) (G1 Evacuation Pause) 493M->502M(512M) 18.430ms
[2020-08-01T12:33:43.024+0300][74.234s][info ][gc] GC(2813) Pause Cleanup 503M->503M(512M) 0.121ms
[2020-08-01T12:33:43.025+0300][74.234s][info ][gc] GC(2813) Concurrent Cycle 382.439ms
[2020-08-01T12:33:43.048+0300][74.257s][info ][gc] GC(2827) To-space exhausted
[2020-08-01T12:33:43.048+0300][74.257s][info ][gc] GC(2827) Pause Young (Normal) (G1 Evacuation Pause) 511M->511M(512M) 19.681ms
[2020-08-01T12:33:43.083+0300][74.292s][info ][gc] GC(2828) Pause Full (G1 Evacuation Pause) 511M->61M(512M) 35.308ms
[2020-08-01T12:33:43.104+0300][74.313s][info ][gc] GC(2829) Pause Young (Normal) (G1 Evacuation Pause) 87M->87M(512M) 10.229ms
[2020-08-01T12:33:43.126+0300][74.335s][info ][gc] GC(2830) Pause Young (Normal) (G1 Evacuation Pause) 111M->113M(512M) 11.904ms
[2020-08-01T12:33:43.145+0300][74.354s][info ][gc] GC(2831) Pause Young (Normal) (G1 Evacuation Pause) 134M->136M(512M) 10.701ms
[2020-08-01T12:33:43.214+0300][74.423s][info ][gc] GC(2832) Pause Young (Normal) (G1 Evacuation Pause) 177M->179M(512M) 19.798ms
[2020-08-01T12:33:43.237+0300][74.446s][info ][gc] GC(2833) Pause Young (Normal) (G1 Evacuation Pause) 200M->202M(512M) 11.529ms
[2020-08-01T12:33:43.256+0300][74.465s][info ][gc] GC(2834) Pause Young (Normal) (G1 Evacuation Pause) 223M->224M(512M) 10.437ms
[2020-08-01T12:33:43.274+0300][74.484s][info ][gc] GC(2835) Pause Young (Normal) (G1 Evacuation Pause) 245M->246M(512M) 10.363ms
[2020-08-01T12:33:43.293+0300][74.503s][info ][gc] GC(2836) Pause Young (Concurrent Start) (G1 Evacuation Pause) 267M->268M(512M) 10.458ms
[2020-08-01T12:33:43.293+0300][74.503s][info ][gc] GC(2837) Concurrent Cycle
[2020-08-01T12:33:43.330+0300][74.539s][info ][gc] GC(2838) Pause Young (Normal) (G1 Evacuation Pause) 309M->311M(512M) 11.747ms
[2020-08-01T12:33:43.350+0300][74.560s][info ][gc] GC(2839) Pause Young (Normal) (G1 Evacuation Pause) 332M->333M(512M) 11.818ms
[2020-08-01T12:33:43.372+0300][74.581s][info ][gc] GC(2840) Pause Young (Normal) (G1 Evacuation Pause) 354M->356M(512M) 12.356ms
[2020-08-01T12:33:43.392+0300][74.601s][info ][gc] GC(2841) Pause Young (Normal) (G1 Evacuation Pause) 377M->379M(512M) 10.907ms
[2020-08-01T12:33:43.411+0300][74.620s][info ][gc] GC(2842) Pause Young (Normal) (G1 Evacuation Pause) 400M->401M(512M) 10.497ms
[2020-08-01T12:33:43.430+0300][74.639s][info ][gc] GC(2843) Pause Young (Normal) (G1 Evacuation Pause) 422M->424M(512M) 10.274ms
[2020-08-01T12:33:43.451+0300][74.660s][debug][gc] GC(2837) Reclaimed 131 empty regions
[2020-08-01T12:33:43.451+0300][74.660s][info ][gc] GC(2837) Pause Remark 427M->298M(512M) 0.465ms
[2020-08-01T12:33:43.472+0300][74.681s][info ][gc] GC(2844) Pause Young (Normal) (G1 Evacuation Pause) 336M->338M(512M) 10.380ms
[2020-08-01T12:33:43.497+0300][74.706s][info ][gc] GC(2845) Pause Young (Normal) (G1 Evacuation Pause) 359M->360M(512M) 10.805ms
[2020-08-01T12:33:43.522+0300][74.732s][info ][gc] GC(2846) Pause Young (Normal) (G1 Evacuation Pause) 381M->382M(512M) 10.489ms
[2020-08-01T12:33:43.548+0300][74.758s][info ][gc] GC(2847) Pause Young (Normal) (G1 Evacuation Pause) 403M->404M(512M) 10.497ms
[2020-08-01T12:33:43.574+0300][74.783s][info ][gc] GC(2848) Pause Young (Normal) (G1 Evacuation Pause) 425M->426M(512M) 10.480ms
[2020-08-01T12:33:43.625+0300][74.835s][info ][gc] GC(2849) Pause Young (Normal) (G1 Evacuation Pause) 467M->469M(512M) 12.423ms
[2020-08-01T12:33:43.654+0300][74.864s][info ][gc] GC(2850) To-space exhausted
[2020-08-01T12:33:43.654+0300][74.864s][info ][gc] GC(2850) Pause Young (Normal) (G1 Evacuation Pause) 490M->496M(512M) 14.255ms
[2020-08-01T12:33:43.664+0300][74.873s][info ][gc] GC(2837) Pause Cleanup 505M->505M(512M) 0.367ms
[2020-08-01T12:33:43.665+0300][74.874s][info ][gc] GC(2837) Concurrent Cycle 371.428ms
[2020-08-01T12:33:43.696+0300][74.905s][info ][gc] GC(2851) To-space exhausted
[2020-08-01T12:33:43.696+0300][74.905s][info ][gc] GC(2851) Pause Young (Normal) (G1 Evacuation Pause) 511M->511M(512M) 28.691ms
[2020-08-01T12:33:43.733+0300][74.943s][info ][gc] GC(2852) Pause Full (G1 Evacuation Pause) 511M->65M(512M) 37.269ms
[2020-08-01T12:33:43.754+0300][74.964s][info ][gc] GC(2853) Pause Young (Normal) (G1 Evacuation Pause) 90M->91M(512M) 11.004ms
[2020-08-01T12:33:43.775+0300][74.985s][info ][gc] GC(2854) Pause Young (Normal) (G1 Evacuation Pause) 114M->115M(512M) 11.668ms
[2020-08-01T12:33:43.794+0300][75.004s][info ][gc] GC(2855) Pause Young (Normal) (G1 Evacuation Pause) 136M->138M(512M) 10.970ms
[2020-08-01T12:33:43.828+0300][75.037s][info ][gc] GC(2856) Pause Young (Normal) (G1 Evacuation Pause) 179M->180M(512M) 10.568ms
[2020-08-01T12:33:43.847+0300][75.057s][info ][gc] GC(2857) Pause Young (Normal) (G1 Evacuation Pause) 201M->203M(512M) 10.532ms
[2020-08-01T12:33:43.866+0300][75.075s][info ][gc] GC(2858) Pause Young (Normal) (G1 Evacuation Pause) 224M->225M(512M) 10.419ms
[2020-08-01T12:33:43.885+0300][75.094s][info ][gc] GC(2859) Pause Young (Normal) (G1 Evacuation Pause) 246M->248M(512M) 10.102ms
[2020-08-01T12:33:43.904+0300][75.113s][info ][gc] GC(2860) Pause Young (Concurrent Start) (G1 Evacuation Pause) 269M->270M(512M) 10.717ms
[2020-08-01T12:33:43.904+0300][75.113s][info ][gc] GC(2861) Concurrent Cycle
[2020-08-01T12:33:43.950+0300][75.160s][info ][gc] GC(2862) Pause Young (Normal) (G1 Evacuation Pause) 311M->313M(512M) 10.721ms
[2020-08-01T12:33:43.970+0300][75.179s][info ][gc] GC(2863) Pause Young (Normal) (G1 Evacuation Pause) 334M->336M(512M) 10.736ms
[2020-08-01T12:33:43.990+0300][75.200s][info ][gc] GC(2864) Pause Young (Normal) (G1 Evacuation Pause) 357M->358M(512M) 11.155ms
[2020-08-01T12:33:44.009+0300][75.219s][info ][gc] GC(2865) Pause Young (Normal) (G1 Evacuation Pause) 379M->381M(512M) 10.337ms
[2020-08-01T12:33:44.029+0300][75.238s][info ][gc] GC(2866) Pause Young (Normal) (G1 Evacuation Pause) 402M->403M(512M) 10.748ms
[2020-08-01T12:33:44.048+0300][75.257s][info ][gc] GC(2867) Pause Young (Normal) (G1 Evacuation Pause) 424M->426M(512M) 10.411ms
[2020-08-01T12:33:44.060+0300][75.269s][debug][gc] GC(2861) Reclaimed 135 empty regions
[2020-08-01T12:33:44.060+0300][75.269s][info ][gc] GC(2861) Pause Remark 426M->294M(512M) 0.506ms
[2020-08-01T12:33:44.094+0300][75.303s][info ][gc] GC(2868) Pause Young (Normal) (G1 Evacuation Pause) 335M->336M(512M) 11.211ms
[2020-08-01T12:33:44.122+0300][75.331s][info ][gc] GC(2869) Pause Young (Normal) (G1 Evacuation Pause) 357M->359M(512M) 10.640ms
[2020-08-01T12:33:44.148+0300][75.357s][info ][gc] GC(2870) Pause Young (Normal) (G1 Evacuation Pause) 380M->381M(512M) 10.570ms
[2020-08-01T12:33:44.173+0300][75.382s][info ][gc] GC(2871) Pause Young (Normal) (G1 Evacuation Pause) 402M->404M(512M) 10.513ms
[2020-08-01T12:33:44.198+0300][75.407s][info ][gc] GC(2872) Pause Young (Normal) (G1 Evacuation Pause) 425M->426M(512M) 10.516ms
[2020-08-01T12:33:44.246+0300][75.455s][info ][gc] GC(2873) Pause Young (Normal) (G1 Evacuation Pause) 467M->469M(512M) 11.063ms
[2020-08-01T12:33:44.259+0300][75.468s][info ][gc] GC(2861) Pause Cleanup 483M->483M(512M) 0.135ms
[2020-08-01T12:33:44.259+0300][75.469s][info ][gc] GC(2861) Concurrent Cycle 355.250ms
[2020-08-01T12:33:44.276+0300][75.486s][info ][gc] GC(2874) To-space exhausted
[2020-08-01T12:33:44.276+0300][75.486s][info ][gc] GC(2874) Pause Young (Normal) (G1 Evacuation Pause) 490M->498M(512M) 14.759ms
[2020-08-01T12:33:44.308+0300][75.518s][info ][gc] GC(2875) To-space exhausted
[2020-08-01T12:33:44.308+0300][75.518s][info ][gc] GC(2875) Pause Young (Concurrent Start) (G1 Evacuation Pause) 511M->511M(512M) 26.782ms
[2020-08-01T12:33:44.309+0300][75.518s][info ][gc] GC(2877) Concurrent Cycle
[2020-08-01T12:33:44.309+0300][75.518s][debug][gc] GC(2876) Clear Next Bitmap 0.322ms
[2020-08-01T12:33:44.347+0300][75.556s][info ][gc] GC(2876) Pause Full (G1 Evacuation Pause) 511M->66M(512M) 38.135ms
[2020-08-01T12:33:44.347+0300][75.556s][info ][gc] GC(2877) Concurrent Cycle 38.432ms
[2020-08-01T12:33:44.371+0300][75.580s][info ][gc] GC(2878) Pause Young (Normal) (G1 Evacuation Pause) 94M->94M(512M) 12.592ms
[2020-08-01T12:33:44.393+0300][75.602s][info ][gc] GC(2879) Pause Young (Normal) (G1 Evacuation Pause) 119M->120M(512M) 12.183ms
[2020-08-01T12:33:44.429+0300][75.638s][info ][gc] GC(2880) Pause Young (Normal) (G1 Evacuation Pause) 161M->163M(512M) 10.916ms
[2020-08-01T12:33:44.448+0300][75.657s][info ][gc] GC(2881) Pause Young (Normal) (G1 Evacuation Pause) 184M->185M(512M) 10.464ms
[2020-08-01T12:33:44.466+0300][75.676s][info ][gc] GC(2882) Pause Young (Normal) (G1 Evacuation Pause) 206M->208M(512M) 10.308ms
[2020-08-01T12:33:44.485+0300][75.694s][info ][gc] GC(2883) Pause Young (Normal) (G1 Evacuation Pause) 229M->230M(512M) 10.447ms
[2020-08-01T12:33:44.504+0300][75.713s][info ][gc] GC(2884) Pause Young (Normal) (G1 Evacuation Pause) 251M->252M(512M) 10.339ms
[2020-08-01T12:33:44.523+0300][75.732s][info ][gc] GC(2885) Pause Young (Concurrent Start) (G1 Evacuation Pause) 273M->275M(512M) 10.367ms
[2020-08-01T12:33:44.523+0300][75.732s][info ][gc] GC(2886) Concurrent Cycle
[2020-08-01T12:33:44.557+0300][75.767s][info ][gc] GC(2887) Pause Young (Normal) (G1 Evacuation Pause) 316M->317M(512M) 10.450ms
[2020-08-01T12:33:44.577+0300][75.786s][info ][gc] GC(2888) Pause Young (Normal) (G1 Evacuation Pause) 338M->339M(512M) 10.759ms
[2020-08-01T12:33:44.596+0300][75.805s][info ][gc] GC(2889) Pause Young (Normal) (G1 Evacuation Pause) 360M->362M(512M) 10.624ms
[2020-08-01T12:33:44.615+0300][75.824s][info ][gc] GC(2890) Pause Young (Normal) (G1 Evacuation Pause) 383M->384M(512M) 10.357ms
[2020-08-01T12:33:44.634+0300][75.843s][info ][gc] GC(2891) Pause Young (Normal) (G1 Evacuation Pause) 405M->407M(512M) 10.112ms
[2020-08-01T12:33:44.679+0300][75.889s][info ][gc] GC(2892) Pause Young (Normal) (G1 Evacuation Pause) 448M->449M(512M) 10.295ms
[2020-08-01T12:33:44.683+0300][75.892s][debug][gc] GC(2886) Reclaimed 129 empty regions
[2020-08-01T12:33:44.683+0300][75.893s][info ][gc] GC(2886) Pause Remark 458M->331M(512M) 0.437ms
[2020-08-01T12:33:44.699+0300][75.909s][info ][gc] GC(2893) Pause Young (Normal) (G1 Evacuation Pause) 344M->345M(512M) 10.930ms
[2020-08-01T12:33:44.729+0300][75.938s][info ][gc] GC(2894) Pause Young (Normal) (G1 Evacuation Pause) 366M->368M(512M) 11.890ms
[2020-08-01T12:33:44.755+0300][75.964s][info ][gc] GC(2895) Pause Young (Normal) (G1 Evacuation Pause) 389M->391M(512M) 10.673ms
[2020-08-01T12:33:44.780+0300][75.990s][info ][gc] GC(2896) Pause Young (Normal) (G1 Evacuation Pause) 412M->413M(512M) 10.598ms
[2020-08-01T12:33:44.806+0300][76.015s][info ][gc] GC(2897) Pause Young (Normal) (G1 Evacuation Pause) 434M->434M(512M) 10.573ms
[2020-08-01T12:33:44.854+0300][76.063s][info ][gc] GC(2898) Pause Young (Normal) (G1 Evacuation Pause) 475M->477M(512M) 10.290ms
[2020-08-01T12:33:44.891+0300][76.100s][info ][gc] GC(2899) To-space exhausted
[2020-08-01T12:33:44.891+0300][76.100s][info ][gc] GC(2899) Pause Young (Normal) (G1 Evacuation Pause) 498M->505M(512M) 22.823ms
[2020-08-01T12:33:44.915+0300][76.125s][info ][gc] GC(2900) To-space exhausted
[2020-08-01T12:33:44.915+0300][76.125s][info ][gc] GC(2900) Pause Young (Normal) (G1 Evacuation Pause) 511M->511M(512M) 14.939ms
[2020-08-01T12:33:44.916+0300][76.125s][debug][gc] GC(2901) Clear Next Bitmap 0.374ms
[2020-08-01T12:33:44.953+0300][76.162s][info ][gc] GC(2901) Pause Full (G1 Evacuation Pause) 511M->65M(512M) 37.272ms
[2020-08-01T12:33:44.953+0300][76.162s][info ][gc] GC(2886) Concurrent Cycle 430.410ms
[2020-08-01T12:33:44.975+0300][76.184s][info ][gc] GC(2902) Pause Young (Normal) (G1 Evacuation Pause) 92M->92M(512M) 11.391ms
[2020-08-01T12:33:44.997+0300][76.207s][info ][gc] GC(2903) Pause Young (Normal) (G1 Evacuation Pause) 117M->118M(512M) 12.361ms
[2020-08-01T12:33:45.034+0300][76.243s][info ][gc] GC(2904) Pause Young (Normal) (G1 Evacuation Pause) 159M->160M(512M) 10.429ms
[2020-08-01T12:33:45.053+0300][76.262s][info ][gc] GC(2905) Pause Young (Normal) (G1 Evacuation Pause) 181M->183M(512M) 10.732ms
[2020-08-01T12:33:45.072+0300][76.281s][info ][gc] GC(2906) Pause Young (Normal) (G1 Evacuation Pause) 204M->205M(512M) 10.601ms
[2020-08-01T12:33:45.092+0300][76.301s][info ][gc] GC(2907) Pause Young (Normal) (G1 Evacuation Pause) 226M->227M(512M) 10.744ms
[2020-08-01T12:33:45.110+0300][76.320s][info ][gc] GC(2908) Pause Young (Normal) (G1 Evacuation Pause) 248M->250M(512M) 10.287ms
[2020-08-01T12:33:45.130+0300][76.339s][info ][gc] GC(2909) Pause Young (Concurrent Start) (G1 Evacuation Pause) 271M->272M(512M) 11.081ms
[2020-08-01T12:33:45.130+0300][76.339s][info ][gc] GC(2910) Concurrent Cycle
[2020-08-01T12:33:45.162+0300][76.371s][info ][gc] GC(2911) Pause Young (Normal) (G1 Evacuation Pause) 313M->314M(512M) 10.807ms
[2020-08-01T12:33:45.181+0300][76.391s][info ][gc] GC(2912) Pause Young (Normal) (G1 Evacuation Pause) 335M->337M(512M) 10.499ms
[2020-08-01T12:33:45.200+0300][76.410s][info ][gc] GC(2913) Pause Young (Normal) (G1 Evacuation Pause) 358M->359M(512M) 10.609ms
[2020-08-01T12:33:45.220+0300][76.429s][info ][gc] GC(2914) Pause Young (Normal) (G1 Evacuation Pause) 380M->381M(512M) 10.417ms
[2020-08-01T12:33:45.239+0300][76.449s][info ][gc] GC(2915) Pause Young (Normal) (G1 Evacuation Pause) 402M->403M(512M) 10.497ms
[2020-08-01T12:33:45.283+0300][76.492s][info ][gc] GC(2916) Pause Young (Normal) (G1 Evacuation Pause) 444M->446M(512M) 10.341ms
[2020-08-01T12:33:45.289+0300][76.498s][debug][gc] GC(2910) Reclaimed 131 empty regions
[2020-08-01T12:33:45.289+0300][76.498s][info ][gc] GC(2910) Pause Remark 457M->329M(512M) 0.508ms
[2020-08-01T12:33:45.303+0300][76.513s][info ][gc] GC(2917) Pause Young (Normal) (G1 Evacuation Pause) 338M->340M(512M) 10.206ms
[2020-08-01T12:33:45.328+0300][76.538s][info ][gc] GC(2918) Pause Young (Normal) (G1 Evacuation Pause) 361M->363M(512M) 10.394ms
[2020-08-01T12:33:45.353+0300][76.563s][info ][gc] GC(2919) Pause Young (Normal) (G1 Evacuation Pause) 384M->385M(512M) 10.366ms
[2020-08-01T12:33:45.379+0300][76.588s][info ][gc] GC(2920) Pause Young (Normal) (G1 Evacuation Pause) 407M->409M(512M) 11.329ms
[2020-08-01T12:33:45.404+0300][76.614s][info ][gc] GC(2921) Pause Young (Normal) (G1 Evacuation Pause) 430M->432M(512M) 10.314ms
[2020-08-01T12:33:45.444+0300][76.653s][info ][gc] GC(2922) Pause Young (Normal) (G1 Evacuation Pause) 473M->474M(512M) 10.509ms
[2020-08-01T12:33:45.479+0300][76.688s][info ][gc] GC(2923) To-space exhausted
[2020-08-01T12:33:45.479+0300][76.689s][info ][gc] GC(2923) Pause Young (Normal) (G1 Evacuation Pause) 495M->503M(512M) 20.493ms
[2020-08-01T12:33:45.508+0300][76.718s][info ][gc] GC(2924) To-space exhausted
[2020-08-01T12:33:45.508+0300][76.718s][info ][gc] GC(2924) Pause Young (Normal) (G1 Evacuation Pause) 511M->511M(512M) 18.575ms
[2020-08-01T12:33:45.509+0300][76.718s][debug][gc] GC(2925) Clear Next Bitmap 0.351ms
[2020-08-01T12:33:45.547+0300][76.756s][info ][gc] GC(2925) Pause Full (G1 Evacuation Pause) 511M->65M(512M) 38.422ms
[2020-08-01T12:33:45.547+0300][76.756s][info ][gc] GC(2910) Concurrent Cycle 417.162ms
[2020-08-01T12:33:45.568+0300][76.777s][info ][gc] GC(2926) Pause Young (Normal) (G1 Evacuation Pause) 92M->92M(512M) 10.215ms
[2020-08-01T12:33:45.590+0300][76.800s][info ][gc] GC(2927) Pause Young (Normal) (G1 Evacuation Pause) 117M->119M(512M) 12.264ms
[2020-08-01T12:33:45.649+0300][76.858s][info ][gc] GC(2928) Pause Young (Normal) (G1 Evacuation Pause) 160M->162M(512M) 24.943ms
[2020-08-01T12:33:45.674+0300][76.884s][info ][gc] GC(2929) Pause Young (Normal) (G1 Evacuation Pause) 183M->184M(512M) 14.056ms
[2020-08-01T12:33:45.693+0300][76.903s][info ][gc] GC(2930) Pause Young (Normal) (G1 Evacuation Pause) 205M->207M(512M) 10.521ms
[2020-08-01T12:33:45.712+0300][76.922s][info ][gc] GC(2931) Pause Young (Normal) (G1 Evacuation Pause) 228M->229M(512M) 10.589ms
[2020-08-01T12:33:45.731+0300][76.941s][info ][gc] GC(2932) Pause Young (Normal) (G1 Evacuation Pause) 250M->252M(512M) 10.529ms
[2020-08-01T12:33:45.750+0300][76.959s][info ][gc] GC(2933) Pause Young (Concurrent Start) (G1 Evacuation Pause) 273M->274M(512M) 10.381ms
[2020-08-01T12:33:45.750+0300][76.959s][info ][gc] GC(2934) Concurrent Cycle
[2020-08-01T12:33:45.787+0300][76.997s][info ][gc] GC(2935) Pause Young (Normal) (G1 Evacuation Pause) 315M->317M(512M) 10.730ms
[2020-08-01T12:33:45.807+0300][77.016s][info ][gc] GC(2936) Pause Young (Normal) (G1 Evacuation Pause) 338M->340M(512M) 10.694ms
[2020-08-01T12:33:45.826+0300][77.035s][info ][gc] GC(2937) Pause Young (Normal) (G1 Evacuation Pause) 361M->362M(512M) 10.435ms
[2020-08-01T12:33:45.845+0300][77.054s][info ][gc] GC(2938) Pause Young (Normal) (G1 Evacuation Pause) 383M->384M(512M) 10.339ms
[2020-08-01T12:33:45.864+0300][77.074s][info ][gc] GC(2939) Pause Young (Normal) (G1 Evacuation Pause) 405M->406M(512M) 10.370ms
[2020-08-01T12:33:45.908+0300][77.117s][info ][gc] GC(2940) Pause Young (Normal) (G1 Evacuation Pause) 447M->448M(512M) 10.658ms
[2020-08-01T12:33:45.911+0300][77.120s][debug][gc] GC(2934) Reclaimed 132 empty regions
[2020-08-01T12:33:45.911+0300][77.120s][info ][gc] GC(2934) Pause Remark 455M->324M(512M) 0.477ms
[2020-08-01T12:33:45.928+0300][77.137s][info ][gc] GC(2941) Pause Young (Normal) (G1 Evacuation Pause) 338M->340M(512M) 10.432ms
[2020-08-01T12:33:45.953+0300][77.162s][info ][gc] GC(2942) Pause Young (Normal) (G1 Evacuation Pause) 361M->362M(512M) 10.701ms
[2020-08-01T12:33:45.979+0300][77.188s][info ][gc] GC(2943) Pause Young (Normal) (G1 Evacuation Pause) 383M->385M(512M) 11.032ms
[2020-08-01T12:33:46.006+0300][77.215s][info ][gc] GC(2944) Pause Young (Normal) (G1 Evacuation Pause) 406M->407M(512M) 10.398ms
[2020-08-01T12:33:46.031+0300][77.241s][info ][gc] GC(2945) Pause Young (Normal) (G1 Evacuation Pause) 428M->430M(512M) 10.723ms
[2020-08-01T12:33:46.082+0300][77.291s][info ][gc] GC(2946) Pause Young (Normal) (G1 Evacuation Pause) 471M->472M(512M) 10.575ms
[2020-08-01T12:33:46.116+0300][77.325s][info ][gc] GC(2947) To-space exhausted
[2020-08-01T12:33:46.116+0300][77.325s][info ][gc] GC(2947) Pause Young (Normal) (G1 Evacuation Pause) 493M->499M(512M) 18.765ms
[2020-08-01T12:33:46.152+0300][77.361s][info ][gc] GC(2948) To-space exhausted
[2020-08-01T12:33:46.152+0300][77.362s][info ][gc] GC(2948) Pause Young (Normal) (G1 Evacuation Pause) 511M->511M(512M) 24.817ms
[2020-08-01T12:33:46.153+0300][77.362s][debug][gc] GC(2949) Clear Next Bitmap 0.437ms
[2020-08-01T12:33:46.195+0300][77.404s][info ][gc] GC(2949) Pause Full (G1 Evacuation Pause) 511M->69M(512M) 42.245ms
[2020-08-01T12:33:46.195+0300][77.404s][info ][gc] GC(2934) Concurrent Cycle 444.649ms
[2020-08-01T12:33:46.215+0300][77.425s][info ][gc] GC(2950) Pause Young (Normal) (G1 Evacuation Pause) 94M->94M(512M) 10.266ms
[2020-08-01T12:33:46.235+0300][77.445s][info ][gc] GC(2951) Pause Young (Normal) (G1 Evacuation Pause) 117M->118M(512M) 10.730ms
[2020-08-01T12:33:46.311+0300][77.521s][info ][gc] GC(2952) Pause Young (Normal) (G1 Evacuation Pause) 159M->161M(512M) 33.383ms
[2020-08-01T12:33:46.339+0300][77.548s][info ][gc] GC(2953) Pause Young (Normal) (G1 Evacuation Pause) 182M->184M(512M) 13.854ms
[2020-08-01T12:33:46.358+0300][77.567s][info ][gc] GC(2954) Pause Young (Normal) (G1 Evacuation Pause) 205M->207M(512M) 10.359ms
[2020-08-01T12:33:46.377+0300][77.586s][info ][gc] GC(2955) Pause Young (Normal) (G1 Evacuation Pause) 228M->229M(512M) 10.549ms
[2020-08-01T12:33:46.396+0300][77.605s][info ][gc] GC(2956) Pause Young (Normal) (G1 Evacuation Pause) 250M->252M(512M) 10.552ms
[2020-08-01T12:33:46.415+0300][77.624s][info ][gc] GC(2957) Pause Young (Concurrent Start) (G1 Evacuation Pause) 273M->274M(512M) 10.191ms
[2020-08-01T12:33:46.415+0300][77.624s][info ][gc] GC(2958) Concurrent Cycle
[2020-08-01T12:33:46.456+0300][77.665s][info ][gc] GC(2959) Pause Young (Normal) (G1 Evacuation Pause) 315M->316M(512M) 10.880ms
[2020-08-01T12:33:46.475+0300][77.684s][info ][gc] GC(2960) Pause Young (Normal) (G1 Evacuation Pause) 337M->338M(512M) 10.456ms
[2020-08-01T12:33:46.494+0300][77.703s][info ][gc] GC(2961) Pause Young (Normal) (G1 Evacuation Pause) 359M->361M(512M) 10.317ms
[2020-08-01T12:33:46.513+0300][77.722s][info ][gc] GC(2962) Pause Young (Normal) (G1 Evacuation Pause) 382M->383M(512M) 10.372ms
[2020-08-01T12:33:46.533+0300][77.742s][info ][gc] GC(2963) Pause Young (Normal) (G1 Evacuation Pause) 404M->406M(512M) 11.147ms
[2020-08-01T12:33:46.562+0300][77.772s][debug][gc] GC(2958) Reclaimed 129 empty regions
[2020-08-01T12:33:46.562+0300][77.772s][info ][gc] GC(2958) Pause Remark 444M->317M(512M) 0.538ms
[2020-08-01T12:33:46.576+0300][77.786s][info ][gc] GC(2964) Pause Young (Normal) (G1 Evacuation Pause) 319M->321M(512M) 10.475ms
[2020-08-01T12:33:46.599+0300][77.808s][info ][gc] GC(2965) Pause Young (Normal) (G1 Evacuation Pause) 342M->344M(512M) 11.018ms
[2020-08-01T12:33:46.626+0300][77.835s][info ][gc] GC(2966) Pause Young (Normal) (G1 Evacuation Pause) 365M->366M(512M) 10.956ms
[2020-08-01T12:33:46.650+0300][77.860s][info ][gc] GC(2967) Pause Young (Normal) (G1 Evacuation Pause) 387M->389M(512M) 10.371ms
[2020-08-01T12:33:46.674+0300][77.883s][info ][gc] GC(2968) Pause Young (Normal) (G1 Evacuation Pause) 410M->412M(512M) 10.660ms
[2020-08-01T12:33:46.700+0300][77.910s][info ][gc] GC(2969) Pause Young (Normal) (G1 Evacuation Pause) 433M->435M(512M) 10.433ms
[2020-08-01T12:33:46.736+0300][77.945s][info ][gc] GC(2970) Pause Young (Normal) (G1 Evacuation Pause) 476M->478M(512M) 10.201ms
[2020-08-01T12:33:46.772+0300][77.982s][info ][gc] GC(2971) To-space exhausted
[2020-08-01T12:33:46.772+0300][77.982s][info ][gc] GC(2971) Pause Young (Normal) (G1 Evacuation Pause) 499M->505M(512M) 24.480ms
[2020-08-01T12:33:46.797+0300][78.006s][info ][gc] GC(2972) To-space exhausted
[2020-08-01T12:33:46.797+0300][78.006s][info ][gc] GC(2972) Pause Young (Normal) (G1 Evacuation Pause) 511M->511M(512M) 15.888ms
[2020-08-01T12:33:46.797+0300][78.007s][debug][gc] GC(2973) Clear Next Bitmap 0.311ms
[2020-08-01T12:33:46.834+0300][78.044s][info ][gc] GC(2973) Pause Full (G1 Evacuation Pause) 511M->62M(512M) 37.306ms
[2020-08-01T12:33:46.835+0300][78.044s][info ][gc] GC(2958) Concurrent Cycle 419.822ms
[2020-08-01T12:33:46.855+0300][78.065s][info ][gc] GC(2974) Pause Young (Normal) (G1 Evacuation Pause) 87M->87M(512M) 10.754ms
[2020-08-01T12:33:46.874+0300][78.084s][info ][gc] GC(2975) Pause Young (Normal) (G1 Evacuation Pause) 108M->109M(512M) 10.664ms
[2020-08-01T12:33:46.893+0300][78.103s][info ][gc] GC(2976) Pause Young (Normal) (G1 Evacuation Pause) 130M->132M(512M) 10.693ms
[2020-08-01T12:33:46.927+0300][78.136s][info ][gc] GC(2977) Pause Young (Normal) (G1 Evacuation Pause) 173M->173M(512M) 10.551ms
[2020-08-01T12:33:46.946+0300][78.156s][info ][gc] GC(2978) Pause Young (Normal) (G1 Evacuation Pause) 194M->195M(512M) 10.901ms
[2020-08-01T12:33:46.965+0300][78.174s][info ][gc] GC(2979) Pause Young (Normal) (G1 Evacuation Pause) 216M->218M(512M) 10.436ms
[2020-08-01T12:33:46.983+0300][78.193s][info ][gc] GC(2980) Pause Young (Normal) (G1 Evacuation Pause) 239M->241M(512M) 9.767ms
[2020-08-01T12:33:47.003+0300][78.212s][info ][gc] GC(2981) Pause Young (Concurrent Start) (G1 Evacuation Pause) 262M->263M(512M) 10.607ms
[2020-08-01T12:33:47.003+0300][78.212s][info ][gc] GC(2982) Concurrent Cycle
[2020-08-01T12:33:47.047+0300][78.256s][info ][gc] GC(2983) Pause Young (Normal) (G1 Evacuation Pause) 305M->306M(512M) 10.629ms
[2020-08-01T12:33:47.066+0300][78.276s][info ][gc] GC(2984) Pause Young (Normal) (G1 Evacuation Pause) 327M->328M(512M) 10.330ms
[2020-08-01T12:33:47.086+0300][78.295s][info ][gc] GC(2985) Pause Young (Normal) (G1 Evacuation Pause) 349M->350M(512M) 10.654ms
[2020-08-01T12:33:47.106+0300][78.315s][info ][gc] GC(2986) Pause Young (Normal) (G1 Evacuation Pause) 372M->373M(512M) 10.073ms
[2020-08-01T12:33:47.126+0300][78.335s][info ][gc] GC(2987) Pause Young (Normal) (G1 Evacuation Pause) 395M->397M(512M) 10.769ms
[2020-08-01T12:33:47.145+0300][78.354s][info ][gc] GC(2988) Pause Young (Normal) (G1 Evacuation Pause) 418M->419M(512M) 10.165ms
[2020-08-01T12:33:47.153+0300][78.363s][debug][gc] GC(2982) Reclaimed 130 empty regions
[2020-08-01T12:33:47.153+0300][78.363s][info ][gc] GC(2982) Pause Remark 422M->295M(512M) 0.432ms
[2020-08-01T12:33:47.192+0300][78.402s][info ][gc] GC(2989) Pause Young (Normal) (G1 Evacuation Pause) 333M->335M(512M) 11.085ms
[2020-08-01T12:33:47.216+0300][78.426s][info ][gc] GC(2990) Pause Young (Normal) (G1 Evacuation Pause) 356M->357M(512M) 10.511ms
[2020-08-01T12:33:47.241+0300][78.451s][info ][gc] GC(2991) Pause Young (Normal) (G1 Evacuation Pause) 378M->380M(512M) 10.738ms
[2020-08-01T12:33:47.268+0300][78.478s][info ][gc] GC(2992) Pause Young (Normal) (G1 Evacuation Pause) 401M->401M(512M) 11.032ms
[2020-08-01T12:33:47.294+0300][78.504s][info ][gc] GC(2993) Pause Young (Normal) (G1 Evacuation Pause) 422M->424M(512M) 10.493ms
[2020-08-01T12:33:47.344+0300][78.553s][info ][gc] GC(2994) Pause Young (Normal) (G1 Evacuation Pause) 465M->466M(512M) 10.926ms
[2020-08-01T12:33:47.351+0300][78.561s][info ][gc] GC(2982) Pause Cleanup 468M->468M(512M) 0.134ms
[2020-08-01T12:33:47.352+0300][78.561s][info ][gc] GC(2982) Concurrent Cycle 349.139ms
[2020-08-01T12:33:47.373+0300][78.582s][info ][gc] GC(2995) To-space exhausted
[2020-08-01T12:33:47.373+0300][78.582s][info ][gc] GC(2995) Pause Young (Normal) (G1 Evacuation Pause) 487M->489M(512M) 12.812ms
[2020-08-01T12:33:47.419+0300][78.628s][info ][gc] GC(2996) To-space exhausted
[2020-08-01T12:33:47.419+0300][78.628s][info ][gc] GC(2996) Pause Young (Concurrent Start) (G1 Evacuation Pause) 510M->511M(512M) 37.768ms
[2020-08-01T12:33:47.419+0300][78.628s][info ][gc] GC(2998) Concurrent Cycle
[2020-08-01T12:33:47.420+0300][78.629s][debug][gc] GC(2997) Clear Next Bitmap 0.321ms
[2020-08-01T12:33:47.462+0300][78.671s][info ][gc] GC(2997) Pause Full (G1 Evacuation Pause) 511M->72M(512M) 42.822ms
[2020-08-01T12:33:47.462+0300][78.671s][info ][gc] GC(2998) Concurrent Cycle 43.117ms
[2020-08-01T12:33:47.483+0300][78.692s][info ][gc] GC(2999) Pause Young (Normal) (G1 Evacuation Pause) 99M->99M(512M) 10.272ms
[2020-08-01T12:33:47.505+0300][78.715s][info ][gc] GC(3000) Pause Young (Normal) (G1 Evacuation Pause) 124M->126M(512M) 11.694ms
[2020-08-01T12:33:47.585+0300][78.794s][info ][gc] GC(3001) Pause Young (Normal) (G1 Evacuation Pause) 167M->168M(512M) 34.844ms
[2020-08-01T12:33:47.612+0300][78.821s][info ][gc] GC(3002) Pause Young (Normal) (G1 Evacuation Pause) 189M->190M(512M) 12.686ms
[2020-08-01T12:33:47.631+0300][78.840s][info ][gc] GC(3003) Pause Young (Normal) (G1 Evacuation Pause) 211M->213M(512M) 10.490ms
[2020-08-01T12:33:47.650+0300][78.859s][info ][gc] GC(3004) Pause Young (Normal) (G1 Evacuation Pause) 234M->235M(512M) 10.352ms
[2020-08-01T12:33:47.669+0300][78.879s][info ][gc] GC(3005) Pause Young (Concurrent Start) (G1 Evacuation Pause) 256M->258M(512M) 10.427ms
[2020-08-01T12:33:47.670+0300][78.879s][info ][gc] GC(3006) Concurrent Cycle
[2020-08-01T12:33:47.689+0300][78.898s][info ][gc] GC(3007) Pause Young (Normal) (G1 Evacuation Pause) 279M->281M(512M) 10.453ms
[2020-08-01T12:33:47.734+0300][78.943s][info ][gc] GC(3008) Pause Young (Normal) (G1 Evacuation Pause) 322M->323M(512M) 11.698ms
[2020-08-01T12:33:47.753+0300][78.962s][info ][gc] GC(3009) Pause Young (Normal) (G1 Evacuation Pause) 344M->345M(512M) 10.328ms
[2020-08-01T12:33:47.772+0300][78.982s][info ][gc] GC(3010) Pause Young (Normal) (G1 Evacuation Pause) 366M->368M(512M) 10.437ms
[2020-08-01T12:33:47.791+0300][79.000s][info ][gc] GC(3011) Pause Young (Normal) (G1 Evacuation Pause) 389M->391M(512M) 10.249ms
[2020-08-01T12:33:47.810+0300][79.020s][info ][gc] GC(3012) Pause Young (Normal) (G1 Evacuation Pause) 412M->413M(512M) 10.512ms
[2020-08-01T12:33:47.816+0300][79.026s][debug][gc] GC(3006) Reclaimed 126 empty regions
[2020-08-01T12:33:47.816+0300][79.026s][info ][gc] GC(3006) Pause Remark 424M->300M(512M) 0.443ms
[2020-08-01T12:33:47.854+0300][79.063s][info ][gc] GC(3013) Pause Young (Normal) (G1 Evacuation Pause) 330M->332M(512M) 10.431ms
[2020-08-01T12:33:47.881+0300][79.090s][info ][gc] GC(3014) Pause Young (Normal) (G1 Evacuation Pause) 353M->354M(512M) 11.848ms
[2020-08-01T12:33:47.908+0300][79.117s][info ][gc] GC(3015) Pause Young (Normal) (G1 Evacuation Pause) 375M->377M(512M) 10.946ms
[2020-08-01T12:33:47.935+0300][79.144s][info ][gc] GC(3016) Pause Young (Normal) (G1 Evacuation Pause) 398M->399M(512M) 12.195ms
[2020-08-01T12:33:47.960+0300][79.170s][info ][gc] GC(3017) Pause Young (Normal) (G1 Evacuation Pause) 420M->421M(512M) 10.511ms
[2020-08-01T12:33:48.007+0300][79.216s][info ][gc] GC(3018) Pause Young (Normal) (G1 Evacuation Pause) 462M->464M(512M) 11.191ms
[2020-08-01T12:33:48.014+0300][79.223s][info ][gc] GC(3006) Pause Cleanup 465M->465M(512M) 0.127ms
[2020-08-01T12:33:48.014+0300][79.224s][info ][gc] GC(3006) Concurrent Cycle 344.728ms
[2020-08-01T12:33:48.032+0300][79.242s][info ][gc] GC(3019) Pause Young (Normal) (G1 Evacuation Pause) 485M->486M(512M) 10.470ms
[2020-08-01T12:33:48.074+0300][79.284s][info ][gc] GC(3020) To-space exhausted
[2020-08-01T12:33:48.074+0300][79.284s][info ][gc] GC(3020) Pause Young (Concurrent Start) (G1 Evacuation Pause) 507M->511M(512M) 33.759ms
[2020-08-01T12:33:48.074+0300][79.284s][info ][gc] GC(3022) Concurrent Cycle
[2020-08-01T12:33:48.075+0300][79.285s][debug][gc] GC(3021) Clear Next Bitmap 0.282ms
[2020-08-01T12:33:48.113+0300][79.323s][info ][gc] GC(3021) Pause Full (G1 Evacuation Pause) 511M->63M(512M) 38.644ms
[2020-08-01T12:33:48.113+0300][79.323s][info ][gc] GC(3022) Concurrent Cycle 38.970ms
[2020-08-01T12:33:48.134+0300][79.344s][info ][gc] GC(3023) Pause Young (Normal) (G1 Evacuation Pause) 88M->89M(512M) 10.507ms
[2020-08-01T12:33:48.153+0300][79.362s][info ][gc] GC(3024) Pause Young (Normal) (G1 Evacuation Pause) 110M->111M(512M) 10.228ms
[2020-08-01T12:33:48.172+0300][79.381s][info ][gc] GC(3025) Pause Young (Normal) (G1 Evacuation Pause) 132M->134M(512M) 10.791ms
[2020-08-01T12:33:48.243+0300][79.453s][info ][gc] GC(3026) Pause Young (Normal) (G1 Evacuation Pause) 175M->176M(512M) 19.031ms
[2020-08-01T12:33:48.265+0300][79.474s][info ][gc] GC(3027) Pause Young (Normal) (G1 Evacuation Pause) 197M->198M(512M) 10.831ms
[2020-08-01T12:33:48.284+0300][79.493s][info ][gc] GC(3028) Pause Young (Normal) (G1 Evacuation Pause) 219M->221M(512M) 10.389ms
[2020-08-01T12:33:48.302+0300][79.512s][info ][gc] GC(3029) Pause Young (Normal) (G1 Evacuation Pause) 242M->243M(512M) 10.325ms
[2020-08-01T12:33:48.321+0300][79.531s][info ][gc] GC(3030) Pause Young (Concurrent Start) (G1 Evacuation Pause) 264M->265M(512M) 10.455ms
[2020-08-01T12:33:48.322+0300][79.531s][info ][gc] GC(3031) Concurrent Cycle
[2020-08-01T12:33:48.369+0300][79.578s][info ][gc] GC(3032) Pause Young (Normal) (G1 Evacuation Pause) 306M->307M(512M) 11.907ms
[2020-08-01T12:33:48.388+0300][79.597s][info ][gc] GC(3033) Pause Young (Normal) (G1 Evacuation Pause) 328M->329M(512M) 10.433ms
[2020-08-01T12:33:48.407+0300][79.616s][info ][gc] GC(3034) Pause Young (Normal) (G1 Evacuation Pause) 350M->351M(512M) 10.271ms
[2020-08-01T12:33:48.426+0300][79.635s][info ][gc] GC(3035) Pause Young (Normal) (G1 Evacuation Pause) 372M->373M(512M) 10.159ms
[2020-08-01T12:33:48.445+0300][79.654s][info ][gc] GC(3036) Pause Young (Normal) (G1 Evacuation Pause) 394M->395M(512M) 10.392ms
[2020-08-01T12:33:48.464+0300][79.673s][info ][gc] GC(3037) Pause Young (Normal) (G1 Evacuation Pause) 416M->418M(512M) 10.358ms
[2020-08-01T12:33:48.473+0300][79.683s][debug][gc] GC(3031) Reclaimed 129 empty regions
[2020-08-01T12:33:48.473+0300][79.683s][info ][gc] GC(3031) Pause Remark 423M->296M(512M) 0.426ms
[2020-08-01T12:33:48.509+0300][79.719s][info ][gc] GC(3038) Pause Young (Normal) (G1 Evacuation Pause) 332M->334M(512M) 10.992ms
[2020-08-01T12:33:48.536+0300][79.745s][info ][gc] GC(3039) Pause Young (Normal) (G1 Evacuation Pause) 355M->357M(512M) 10.528ms
[2020-08-01T12:33:48.562+0300][79.771s][info ][gc] GC(3040) Pause Young (Normal) (G1 Evacuation Pause) 378M->380M(512M) 12.098ms
[2020-08-01T12:33:48.587+0300][79.797s][info ][gc] GC(3041) Pause Young (Normal) (G1 Evacuation Pause) 401M->402M(512M) 10.553ms
[2020-08-01T12:33:48.614+0300][79.824s][info ][gc] GC(3042) Pause Young (Normal) (G1 Evacuation Pause) 423M->424M(512M) 11.421ms
[2020-08-01T12:33:48.665+0300][79.874s][info ][gc] GC(3043) Pause Young (Normal) (G1 Evacuation Pause) 465M->466M(512M) 10.988ms
[2020-08-01T12:33:48.674+0300][79.883s][info ][gc] GC(3031) Pause Cleanup 471M->471M(512M) 0.131ms
[2020-08-01T12:33:48.674+0300][79.884s][info ][gc] GC(3031) Concurrent Cycle 352.753ms
[2020-08-01T12:33:48.692+0300][79.901s][info ][gc] GC(3044) To-space exhausted
[2020-08-01T12:33:48.692+0300][79.901s][info ][gc] GC(3044) Pause Young (Normal) (G1 Evacuation Pause) 487M->489M(512M) 11.699ms
[2020-08-01T12:33:48.738+0300][79.948s][info ][gc] GC(3045) To-space exhausted
[2020-08-01T12:33:48.738+0300][79.948s][info ][gc] GC(3045) Pause Young (Concurrent Start) (G1 Evacuation Pause) 510M->511M(512M) 37.691ms
[2020-08-01T12:33:48.738+0300][79.948s][info ][gc] GC(3047) Concurrent Cycle
[2020-08-01T12:33:48.739+0300][79.949s][debug][gc] GC(3046) Clear Next Bitmap 0.239ms
[2020-08-01T12:33:48.781+0300][79.990s][info ][gc] GC(3046) Pause Full (G1 Evacuation Pause) 511M->70M(512M) 42.284ms
[2020-08-01T12:33:48.781+0300][79.990s][info ][gc] GC(3047) Concurrent Cycle 42.581ms
[2020-08-01T12:33:48.802+0300][80.011s][info ][gc] GC(3048) Pause Young (Normal) (G1 Evacuation Pause) 95M->95M(512M) 10.801ms
[2020-08-01T12:33:48.823+0300][80.032s][info ][gc] GC(3049) Pause Young (Normal) (G1 Evacuation Pause) 118M->120M(512M) 11.652ms
[2020-08-01T12:33:48.893+0300][80.102s][info ][gc] GC(3050) Pause Young (Normal) (G1 Evacuation Pause) 161M->162M(512M) 26.884ms
[2020-08-01T12:33:48.917+0300][80.126s][info ][gc] GC(3051) Pause Young (Normal) (G1 Evacuation Pause) 183M->184M(512M) 11.869ms
[2020-08-01T12:33:48.936+0300][80.145s][info ][gc] GC(3052) Pause Young (Normal) (G1 Evacuation Pause) 205M->206M(512M) 10.501ms
[2020-08-01T12:33:48.957+0300][80.166s][info ][gc] GC(3053) Pause Young (Normal) (G1 Evacuation Pause) 227M->228M(512M) 12.459ms
[2020-08-01T12:33:48.976+0300][80.185s][info ][gc] GC(3054) Pause Young (Normal) (G1 Evacuation Pause) 249M->251M(512M) 10.395ms
[2020-08-01T12:33:48.995+0300][80.205s][info ][gc] GC(3055) Pause Young (Concurrent Start) (G1 Evacuation Pause) 272M->273M(512M) 10.896ms
[2020-08-01T12:33:48.995+0300][80.205s][info ][gc] GC(3056) Concurrent Cycle
[2020-08-01T12:33:49.039+0300][80.249s][info ][gc] GC(3057) Pause Young (Normal) (G1 Evacuation Pause) 314M->316M(512M) 10.419ms
[2020-08-01T12:33:49.059+0300][80.268s][info ][gc] GC(3058) Pause Young (Normal) (G1 Evacuation Pause) 337M->339M(512M) 10.529ms
[2020-08-01T12:33:49.079+0300][80.289s][info ][gc] GC(3059) Pause Young (Normal) (G1 Evacuation Pause) 360M->361M(512M) 12.147ms
[2020-08-01T12:33:49.099+0300][80.308s][info ][gc] GC(3060) Pause Young (Normal) (G1 Evacuation Pause) 382M->383M(512M) 10.433ms
[2020-08-01T12:33:49.118+0300][80.327s][info ][gc] GC(3061) Pause Young (Normal) (G1 Evacuation Pause) 404M->405M(512M) 10.517ms
[2020-08-01T12:33:49.147+0300][80.356s][debug][gc] GC(3056) Reclaimed 130 empty regions
[2020-08-01T12:33:49.147+0300][80.356s][info ][gc] GC(3056) Pause Remark 445M->319M(512M) 0.466ms
[2020-08-01T12:33:49.160+0300][80.370s][info ][gc] GC(3062) Pause Young (Normal) (G1 Evacuation Pause) 320M->321M(512M) 12.591ms
[2020-08-01T12:33:49.190+0300][80.399s][info ][gc] GC(3063) Pause Young (Normal) (G1 Evacuation Pause) 342M->343M(512M) 11.846ms
[2020-08-01T12:33:49.215+0300][80.424s][info ][gc] GC(3064) Pause Young (Normal) (G1 Evacuation Pause) 364M->366M(512M) 10.727ms
[2020-08-01T12:33:49.241+0300][80.450s][info ][gc] GC(3065) Pause Young (Normal) (G1 Evacuation Pause) 387M->389M(512M) 10.967ms
[2020-08-01T12:33:49.268+0300][80.477s][info ][gc] GC(3066) Pause Young (Normal) (G1 Evacuation Pause) 410M->411M(512M) 10.634ms
[2020-08-01T12:33:49.291+0300][80.500s][info ][gc] GC(3067) Pause Young (Normal) (G1 Evacuation Pause) 432M->433M(512M) 10.493ms
[2020-08-01T12:33:49.334+0300][80.543s][info ][gc] GC(3068) Pause Young (Normal) (G1 Evacuation Pause) 474M->476M(512M) 10.496ms
[2020-08-01T12:33:49.370+0300][80.579s][info ][gc] GC(3069) To-space exhausted
[2020-08-01T12:33:49.370+0300][80.579s][info ][gc] GC(3069) Pause Young (Normal) (G1 Evacuation Pause) 497M->504M(512M) 22.488ms
[2020-08-01T12:33:49.396+0300][80.606s][info ][gc] GC(3070) To-space exhausted
[2020-08-01T12:33:49.396+0300][80.606s][info ][gc] GC(3070) Pause Young (Normal) (G1 Evacuation Pause) 511M->511M(512M) 16.960ms
[2020-08-01T12:33:49.397+0300][80.606s][debug][gc] GC(3071) Clear Next Bitmap 0.366ms
[2020-08-01T12:33:49.436+0300][80.646s][info ][gc] GC(3071) Pause Full (G1 Evacuation Pause) 511M->65M(512M) 40.067ms
[2020-08-01T12:33:49.437+0300][80.646s][info ][gc] GC(3056) Concurrent Cycle 441.507ms
[2020-08-01T12:33:49.457+0300][80.667s][info ][gc] GC(3072) Pause Young (Normal) (G1 Evacuation Pause) 90M->90M(512M) 10.628ms
[2020-08-01T12:33:49.478+0300][80.687s][info ][gc] GC(3073) Pause Young (Normal) (G1 Evacuation Pause) 112M->113M(512M) 11.733ms
[2020-08-01T12:33:49.497+0300][80.706s][info ][gc] GC(3074) Pause Young (Normal) (G1 Evacuation Pause) 134M->136M(512M) 10.442ms
[2020-08-01T12:33:49.571+0300][80.780s][info ][gc] GC(3075) Pause Young (Normal) (G1 Evacuation Pause) 177M->178M(512M) 19.274ms
[2020-08-01T12:33:49.593+0300][80.803s][info ][gc] GC(3076) Pause Young (Normal) (G1 Evacuation Pause) 199M->201M(512M) 11.737ms
[2020-08-01T12:33:49.614+0300][80.823s][info ][gc] GC(3077) Pause Young (Normal) (G1 Evacuation Pause) 222M->223M(512M) 12.229ms
[2020-08-01T12:33:49.633+0300][80.842s][info ][gc] GC(3078) Pause Young (Normal) (G1 Evacuation Pause) 244M->246M(512M) 10.315ms
[2020-08-01T12:33:49.651+0300][80.861s][info ][gc] GC(3079) Pause Young (Concurrent Start) (G1 Evacuation Pause) 267M->268M(512M) 10.210ms
[2020-08-01T12:33:49.651+0300][80.861s][info ][gc] GC(3080) Concurrent Cycle
[2020-08-01T12:33:49.689+0300][80.899s][info ][gc] GC(3081) Pause Young (Normal) (G1 Evacuation Pause) 309M->311M(512M) 12.374ms
[2020-08-01T12:33:49.710+0300][80.919s][info ][gc] GC(3082) Pause Young (Normal) (G1 Evacuation Pause) 332M->333M(512M) 11.028ms
[2020-08-01T12:33:49.729+0300][80.938s][info ][gc] GC(3083) Pause Young (Normal) (G1 Evacuation Pause) 354M->356M(512M) 10.427ms
[2020-08-01T12:33:49.748+0300][80.957s][info ][gc] GC(3084) Pause Young (Normal) (G1 Evacuation Pause) 377M->378M(512M) 10.481ms
[2020-08-01T12:33:49.767+0300][80.977s][info ][gc] GC(3085) Pause Young (Normal) (G1 Evacuation Pause) 399M->401M(512M) 10.290ms
[2020-08-01T12:33:49.786+0300][80.995s][info ][gc] GC(3086) Pause Young (Normal) (G1 Evacuation Pause) 422M->423M(512M) 10.202ms
[2020-08-01T12:33:49.809+0300][81.018s][debug][gc] GC(3080) Reclaimed 132 empty regions
[2020-08-01T12:33:49.809+0300][81.018s][info ][gc] GC(3080) Pause Remark 425M->296M(512M) 0.410ms
[2020-08-01T12:33:49.832+0300][81.042s][info ][gc] GC(3087) Pause Young (Normal) (G1 Evacuation Pause) 335M->336M(512M) 11.211ms
[2020-08-01T12:33:49.861+0300][81.070s][info ][gc] GC(3088) Pause Young (Normal) (G1 Evacuation Pause) 357M->359M(512M) 10.675ms
[2020-08-01T12:33:49.887+0300][81.096s][info ][gc] GC(3089) Pause Young (Normal) (G1 Evacuation Pause) 380M->381M(512M) 10.436ms
[2020-08-01T12:33:49.914+0300][81.123s][info ][gc] GC(3090) Pause Young (Normal) (G1 Evacuation Pause) 402M->403M(512M) 10.969ms
[2020-08-01T12:33:49.940+0300][81.149s][info ][gc] GC(3091) Pause Young (Normal) (G1 Evacuation Pause) 424M->425M(512M) 11.138ms
[2020-08-01T12:33:49.995+0300][81.204s][info ][gc] GC(3092) Pause Young (Normal) (G1 Evacuation Pause) 466M->468M(512M) 12.437ms
[2020-08-01T12:33:50.005+0300][81.215s][info ][gc] GC(3080) Pause Cleanup 475M->475M(512M) 0.206ms
[2020-08-01T12:33:50.006+0300][81.215s][info ][gc] GC(3080) Concurrent Cycle 354.350ms
[2020-08-01T12:33:50.026+0300][81.235s][info ][gc] GC(3093) To-space exhausted
[2020-08-01T12:33:50.026+0300][81.235s][info ][gc] GC(3093) Pause Young (Normal) (G1 Evacuation Pause) 489M->493M(512M) 14.450ms
[2020-08-01T12:33:50.067+0300][81.276s][info ][gc] GC(3094) To-space exhausted
[2020-08-01T12:33:50.067+0300][81.276s][info ][gc] GC(3094) Pause Young (Concurrent Start) (G1 Evacuation Pause) 511M->511M(512M) 33.729ms
[2020-08-01T12:33:50.067+0300][81.276s][info ][gc] GC(3096) Concurrent Cycle
[2020-08-01T12:33:50.067+0300][81.277s][debug][gc] GC(3095) Clear Next Bitmap 0.305ms
[2020-08-01T12:33:50.109+0300][81.318s][info ][gc] GC(3095) Pause Full (G1 Evacuation Pause) 511M->69M(512M) 41.730ms
[2020-08-01T12:33:50.109+0300][81.318s][info ][gc] GC(3096) Concurrent Cycle 42.017ms
[2020-08-01T12:33:50.129+0300][81.339s][info ][gc] GC(3097) Pause Young (Normal) (G1 Evacuation Pause) 94M->94M(512M) 10.647ms
[2020-08-01T12:33:50.149+0300][81.358s][info ][gc] GC(3098) Pause Young (Normal) (G1 Evacuation Pause) 116M->118M(512M) 10.504ms
[2020-08-01T12:33:50.214+0300][81.423s][info ][gc] GC(3099) Pause Young (Normal) (G1 Evacuation Pause) 159M->160M(512M) 31.526ms
[2020-08-01T12:33:50.240+0300][81.450s][info ][gc] GC(3100) Pause Young (Normal) (G1 Evacuation Pause) 181M->183M(512M) 13.755ms
[2020-08-01T12:33:50.259+0300][81.469s][info ][gc] GC(3101) Pause Young (Normal) (G1 Evacuation Pause) 204M->205M(512M) 10.410ms
[2020-08-01T12:33:50.278+0300][81.487s][info ][gc] GC(3102) Pause Young (Normal) (G1 Evacuation Pause) 226M->227M(512M) 10.269ms
[2020-08-01T12:33:50.297+0300][81.506s][info ][gc] GC(3103) Pause Young (Normal) (G1 Evacuation Pause) 248M->249M(512M) 10.618ms
[2020-08-01T12:33:50.316+0300][81.525s][info ][gc] GC(3104) Pause Young (Concurrent Start) (G1 Evacuation Pause) 270M->272M(512M) 10.660ms
[2020-08-01T12:33:50.316+0300][81.526s][info ][gc] GC(3105) Concurrent Cycle
[2020-08-01T12:33:50.361+0300][81.571s][info ][gc] GC(3106) Pause Young (Normal) (G1 Evacuation Pause) 313M->314M(512M) 11.838ms
[2020-08-01T12:33:50.381+0300][81.590s][info ][gc] GC(3107) Pause Young (Normal) (G1 Evacuation Pause) 335M->337M(512M) 10.248ms
[2020-08-01T12:33:50.400+0300][81.609s][info ][gc] GC(3108) Pause Young (Normal) (G1 Evacuation Pause) 358M->359M(512M) 10.321ms
[2020-08-01T12:33:50.419+0300][81.628s][info ][gc] GC(3109) Pause Young (Normal) (G1 Evacuation Pause) 380M->382M(512M) 10.418ms
[2020-08-01T12:33:50.438+0300][81.647s][info ][gc] GC(3110) Pause Young (Normal) (G1 Evacuation Pause) 403M->405M(512M) 10.249ms
[2020-08-01T12:33:50.463+0300][81.672s][debug][gc] GC(3105) Reclaimed 133 empty regions
[2020-08-01T12:33:50.463+0300][81.673s][info ][gc] GC(3105) Pause Remark 423M->293M(512M) 0.421ms
[2020-08-01T12:33:50.481+0300][81.690s][info ][gc] GC(3111) Pause Young (Normal) (G1 Evacuation Pause) 315M->316M(512M) 11.018ms
[2020-08-01T12:33:50.509+0300][81.719s][info ][gc] GC(3112) Pause Young (Normal) (G1 Evacuation Pause) 337M->339M(512M) 10.537ms
[2020-08-01T12:33:50.533+0300][81.742s][info ][gc] GC(3113) Pause Young (Normal) (G1 Evacuation Pause) 360M->362M(512M) 10.853ms
[2020-08-01T12:33:50.559+0300][81.768s][info ][gc] GC(3114) Pause Young (Normal) (G1 Evacuation Pause) 383M->384M(512M) 10.866ms
[2020-08-01T12:33:50.585+0300][81.794s][info ][gc] GC(3115) Pause Young (Normal) (G1 Evacuation Pause) 405M->406M(512M) 12.024ms
[2020-08-01T12:33:50.610+0300][81.819s][info ][gc] GC(3116) Pause Young (Normal) (G1 Evacuation Pause) 427M->428M(512M) 10.782ms
[2020-08-01T12:33:50.655+0300][81.864s][info ][gc] GC(3117) Pause Young (Normal) (G1 Evacuation Pause) 469M->471M(512M) 10.972ms
[2020-08-01T12:33:50.669+0300][81.878s][info ][gc] GC(3105) Pause Cleanup 488M->488M(512M) 0.129ms
[2020-08-01T12:33:50.669+0300][81.879s][info ][gc] GC(3105) Concurrent Cycle 353.016ms
[2020-08-01T12:33:50.688+0300][81.898s][info ][gc] GC(3118) To-space exhausted
[2020-08-01T12:33:50.688+0300][81.898s][info ][gc] GC(3118) Pause Young (Normal) (G1 Evacuation Pause) 492M->498M(512M) 17.883ms
[2020-08-01T12:33:50.721+0300][81.930s][info ][gc] GC(3119) To-space exhausted
[2020-08-01T12:33:50.721+0300][81.930s][info ][gc] GC(3119) Pause Young (Concurrent Start) (G1 Evacuation Pause) 511M->511M(512M) 27.029ms
[2020-08-01T12:33:50.721+0300][81.930s][info ][gc] GC(3121) Concurrent Cycle
[2020-08-01T12:33:50.721+0300][81.930s][debug][gc] GC(3120) Clear Next Bitmap 0.240ms
[2020-08-01T12:33:50.762+0300][81.972s][info ][gc] GC(3120) Pause Full (G1 Evacuation Pause) 511M->69M(512M) 41.590ms
[2020-08-01T12:33:50.763+0300][81.972s][info ][gc] GC(3121) Concurrent Cycle 41.880ms
[2020-08-01T12:33:50.783+0300][81.992s][info ][gc] GC(3122) Pause Young (Normal) (G1 Evacuation Pause) 94M->94M(512M) 10.494ms
[2020-08-01T12:33:50.802+0300][82.011s][info ][gc] GC(3123) Pause Young (Normal) (G1 Evacuation Pause) 115M->117M(512M) 10.716ms
[2020-08-01T12:33:50.821+0300][82.030s][info ][gc] GC(3124) Pause Young (Normal) (G1 Evacuation Pause) 138M->139M(512M) 10.401ms
[2020-08-01T12:33:50.896+0300][82.105s][info ][gc] GC(3125) Pause Young (Normal) (G1 Evacuation Pause) 180M->182M(512M) 20.163ms
[2020-08-01T12:33:50.918+0300][82.127s][info ][gc] GC(3126) Pause Young (Normal) (G1 Evacuation Pause) 203M->204M(512M) 11.018ms
[2020-08-01T12:33:50.937+0300][82.146s][info ][gc] GC(3127) Pause Young (Normal) (G1 Evacuation Pause) 225M->227M(512M) 10.541ms
[2020-08-01T12:33:50.955+0300][82.165s][info ][gc] GC(3128) Pause Young (Normal) (G1 Evacuation Pause) 248M->249M(512M) 10.152ms
[2020-08-01T12:33:50.974+0300][82.183s][info ][gc] GC(3129) Pause Young (Concurrent Start) (G1 Evacuation Pause) 270M->272M(512M) 10.282ms
[2020-08-01T12:33:50.974+0300][82.183s][info ][gc] GC(3130) Concurrent Cycle
[2020-08-01T12:33:51.010+0300][82.219s][info ][gc] GC(3131) Pause Young (Normal) (G1 Evacuation Pause) 313M->315M(512M) 10.445ms
[2020-08-01T12:33:51.030+0300][82.239s][info ][gc] GC(3132) Pause Young (Normal) (G1 Evacuation Pause) 336M->337M(512M) 10.918ms
[2020-08-01T12:33:51.049+0300][82.259s][info ][gc] GC(3133) Pause Young (Normal) (G1 Evacuation Pause) 358M->360M(512M) 10.609ms
[2020-08-01T12:33:51.068+0300][82.278s][info ][gc] GC(3134) Pause Young (Normal) (G1 Evacuation Pause) 381M->382M(512M) 10.420ms
[2020-08-01T12:33:51.087+0300][82.297s][info ][gc] GC(3135) Pause Young (Normal) (G1 Evacuation Pause) 403M->404M(512M) 10.110ms
[2020-08-01T12:33:51.120+0300][82.329s][debug][gc] GC(3130) Reclaimed 136 empty regions
[2020-08-01T12:33:51.120+0300][82.329s][info ][gc] GC(3130) Pause Remark 445M->312M(512M) 0.907ms
[2020-08-01T12:33:51.134+0300][82.344s][info ][gc] GC(3136) Pause Young (Normal) (G1 Evacuation Pause) 313M->314M(512M) 11.717ms
[2020-08-01T12:33:51.161+0300][82.370s][info ][gc] GC(3137) Pause Young (Normal) (G1 Evacuation Pause) 335M->336M(512M) 10.853ms
[2020-08-01T12:33:51.187+0300][82.397s][info ][gc] GC(3138) Pause Young (Normal) (G1 Evacuation Pause) 357M->358M(512M) 10.651ms
[2020-08-01T12:33:51.215+0300][82.424s][info ][gc] GC(3139) Pause Young (Normal) (G1 Evacuation Pause) 379M->380M(512M) 10.504ms
[2020-08-01T12:33:51.241+0300][82.450s][info ][gc] GC(3140) Pause Young (Normal) (G1 Evacuation Pause) 401M->403M(512M) 10.559ms
[2020-08-01T12:33:51.267+0300][82.476s][info ][gc] GC(3141) Pause Young (Normal) (G1 Evacuation Pause) 424M->425M(512M) 10.600ms
[2020-08-01T12:33:51.310+0300][82.519s][info ][gc] GC(3142) Pause Young (Normal) (G1 Evacuation Pause) 466M->467M(512M) 10.681ms
[2020-08-01T12:33:51.336+0300][82.546s][info ][gc] GC(3143) To-space exhausted
[2020-08-01T12:33:51.336+0300][82.546s][info ][gc] GC(3143) Pause Young (Normal) (G1 Evacuation Pause) 488M->490M(512M) 12.043ms
[2020-08-01T12:33:51.344+0300][82.553s][info ][gc] GC(3130) Pause Cleanup 495M->495M(512M) 0.124ms
[2020-08-01T12:33:51.345+0300][82.554s][info ][gc] GC(3130) Concurrent Cycle 370.503ms
[2020-08-01T12:33:51.387+0300][82.597s][info ][gc] GC(3144) To-space exhausted
[2020-08-01T12:33:51.387+0300][82.597s][info ][gc] GC(3144) Pause Young (Normal) (G1 Evacuation Pause) 511M->511M(512M) 36.419ms
[2020-08-01T12:33:51.433+0300][82.642s][info ][gc] GC(3145) Pause Full (G1 Evacuation Pause) 511M->75M(512M) 45.711ms
[2020-08-01T12:33:51.454+0300][82.663s][info ][gc] GC(3146) Pause Young (Normal) (G1 Evacuation Pause) 100M->100M(512M) 10.535ms
[2020-08-01T12:33:51.475+0300][82.685s][info ][gc] GC(3147) Pause Young (Normal) (G1 Evacuation Pause) 123M->125M(512M) 12.209ms
[2020-08-01T12:33:51.509+0300][82.718s][info ][gc] GC(3148) Pause Young (Normal) (G1 Evacuation Pause) 166M->167M(512M) 10.960ms
[2020-08-01T12:33:51.527+0300][82.736s][info ][gc] GC(3149) Pause Young (Normal) (G1 Evacuation Pause) 188M->189M(512M) 9.968ms
[2020-08-01T12:33:51.546+0300][82.755s][info ][gc] GC(3150) Pause Young (Normal) (G1 Evacuation Pause) 210M->211M(512M) 10.427ms
[2020-08-01T12:33:51.564+0300][82.774s][info ][gc] GC(3151) Pause Young (Normal) (G1 Evacuation Pause) 232M->234M(512M) 10.450ms
[2020-08-01T12:33:51.583+0300][82.793s][info ][gc] GC(3152) Pause Young (Concurrent Start) (G1 Evacuation Pause) 255M->256M(512M) 10.341ms
[2020-08-01T12:33:51.583+0300][82.793s][info ][gc] GC(3153) Concurrent Cycle
[2020-08-01T12:33:51.602+0300][82.812s][info ][gc] GC(3154) Pause Young (Normal) (G1 Evacuation Pause) 277M->279M(512M) 10.226ms
[2020-08-01T12:33:51.639+0300][82.848s][info ][gc] GC(3155) Pause Young (Normal) (G1 Evacuation Pause) 320M->321M(512M) 10.522ms
[2020-08-01T12:33:51.659+0300][82.868s][info ][gc] GC(3156) Pause Young (Normal) (G1 Evacuation Pause) 342M->343M(512M) 10.291ms
[2020-08-01T12:33:51.679+0300][82.888s][info ][gc] GC(3157) Pause Young (Normal) (G1 Evacuation Pause) 365M->366M(512M) 10.440ms
[2020-08-01T12:33:51.698+0300][82.908s][info ][gc] GC(3158) Pause Young (Normal) (G1 Evacuation Pause) 388M->389M(512M) 10.708ms
[2020-08-01T12:33:51.719+0300][82.928s][info ][gc] GC(3159) Pause Young (Normal) (G1 Evacuation Pause) 410M->412M(512M) 11.908ms
[2020-08-01T12:33:51.730+0300][82.940s][debug][gc] GC(3153) Reclaimed 128 empty regions
[2020-08-01T12:33:51.730+0300][82.940s][info ][gc] GC(3153) Pause Remark 422M->296M(512M) 0.414ms
[2020-08-01T12:33:51.760+0300][82.969s][info ][gc] GC(3160) Pause Young (Normal) (G1 Evacuation Pause) 327M->329M(512M) 10.479ms
[2020-08-01T12:33:51.785+0300][82.995s][info ][gc] GC(3161) Pause Young (Normal) (G1 Evacuation Pause) 350M->351M(512M) 10.389ms
[2020-08-01T12:33:51.810+0300][83.020s][info ][gc] GC(3162) Pause Young (Normal) (G1 Evacuation Pause) 372M->373M(512M) 10.619ms
[2020-08-01T12:33:51.836+0300][83.046s][info ][gc] GC(3163) Pause Young (Normal) (G1 Evacuation Pause) 394M->396M(512M) 10.963ms
[2020-08-01T12:33:51.864+0300][83.073s][info ][gc] GC(3164) Pause Young (Normal) (G1 Evacuation Pause) 417M->418M(512M) 12.016ms
[2020-08-01T12:33:51.912+0300][83.121s][info ][gc] GC(3165) Pause Young (Normal) (G1 Evacuation Pause) 459M->460M(512M) 10.715ms
[2020-08-01T12:33:51.924+0300][83.133s][info ][gc] GC(3153) Pause Cleanup 476M->476M(512M) 0.150ms
[2020-08-01T12:33:51.924+0300][83.133s][info ][gc] GC(3153) Concurrent Cycle 340.861ms
[2020-08-01T12:33:51.937+0300][83.146s][info ][gc] GC(3166) Pause Young (Normal) (G1 Evacuation Pause) 481M->483M(512M) 10.621ms
[2020-08-01T12:33:51.976+0300][83.186s][info ][gc] GC(3167) To-space exhausted
[2020-08-01T12:33:51.976+0300][83.186s][info ][gc] GC(3167) Pause Young (Concurrent Start) (G1 Evacuation Pause) 504M->509M(512M) 31.427ms
[2020-08-01T12:33:51.976+0300][83.186s][info ][gc] GC(3168) Concurrent Cycle
[2020-08-01T12:33:51.987+0300][83.197s][info ][gc] GC(3169) To-space exhausted
[2020-08-01T12:33:51.987+0300][83.197s][info ][gc] GC(3169) Pause Young (Normal) (G1 Evacuation Pause) 511M->511M(512M) 7.968ms
[2020-08-01T12:33:51.988+0300][83.197s][debug][gc] GC(3170) Clear Next Bitmap 0.353ms
[2020-08-01T12:33:52.028+0300][83.237s][info ][gc] GC(3170) Pause Full (G1 Evacuation Pause) 511M->67M(512M) 40.396ms
[2020-08-01T12:33:52.028+0300][83.237s][info ][gc] GC(3168) Concurrent Cycle 51.517ms
[2020-08-01T12:33:52.051+0300][83.260s][info ][gc] GC(3171) Pause Young (Normal) (G1 Evacuation Pause) 95M->95M(512M) 11.770ms
[2020-08-01T12:33:52.075+0300][83.284s][info ][gc] GC(3172) Pause Young (Normal) (G1 Evacuation Pause) 120M->121M(512M) 13.934ms
[2020-08-01T12:33:52.151+0300][83.360s][info ][gc] GC(3173) Pause Young (Normal) (G1 Evacuation Pause) 162M->163M(512M) 33.255ms
[2020-08-01T12:33:52.176+0300][83.386s][info ][gc] GC(3174) Pause Young (Normal) (G1 Evacuation Pause) 184M->186M(512M) 12.422ms
[2020-08-01T12:33:52.197+0300][83.406s][info ][gc] GC(3175) Pause Young (Normal) (G1 Evacuation Pause) 207M->208M(512M) 11.606ms
[2020-08-01T12:33:52.216+0300][83.426s][info ][gc] GC(3176) Pause Young (Normal) (G1 Evacuation Pause) 229M->231M(512M) 10.716ms
[2020-08-01T12:33:52.235+0300][83.445s][info ][gc] GC(3177) Pause Young (Concurrent Start) (G1 Evacuation Pause) 252M->253M(512M) 10.783ms
[2020-08-01T12:33:52.235+0300][83.445s][info ][gc] GC(3178) Concurrent Cycle
[2020-08-01T12:33:52.254+0300][83.463s][info ][gc] GC(3179) Pause Young (Normal) (G1 Evacuation Pause) 274M->275M(512M) 9.935ms
[2020-08-01T12:33:52.292+0300][83.501s][info ][gc] GC(3180) Pause Young (Normal) (G1 Evacuation Pause) 316M->318M(512M) 10.705ms
[2020-08-01T12:33:52.311+0300][83.521s][info ][gc] GC(3181) Pause Young (Normal) (G1 Evacuation Pause) 339M->340M(512M) 10.464ms
[2020-08-01T12:33:52.330+0300][83.539s][info ][gc] GC(3182) Pause Young (Normal) (G1 Evacuation Pause) 361M->363M(512M) 10.119ms
[2020-08-01T12:33:52.349+0300][83.559s][info ][gc] GC(3183) Pause Young (Normal) (G1 Evacuation Pause) 385M->386M(512M) 10.173ms
[2020-08-01T12:33:52.370+0300][83.579s][info ][gc] GC(3184) Pause Young (Normal) (G1 Evacuation Pause) 407M->408M(512M) 11.975ms
[2020-08-01T12:33:52.378+0300][83.587s][debug][gc] GC(3178) Reclaimed 130 empty regions
[2020-08-01T12:33:52.378+0300][83.587s][info ][gc] GC(3178) Pause Remark 422M->296M(512M) 0.435ms
[2020-08-01T12:33:52.414+0300][83.624s][info ][gc] GC(3185) Pause Young (Normal) (G1 Evacuation Pause) 323M->324M(512M) 11.196ms
[2020-08-01T12:33:52.437+0300][83.646s][info ][gc] GC(3186) Pause Young (Normal) (G1 Evacuation Pause) 345M->347M(512M) 13.843ms
[2020-08-01T12:33:52.468+0300][83.678s][info ][gc] GC(3187) Pause Young (Normal) (G1 Evacuation Pause) 368M->369M(512M) 11.718ms
[2020-08-01T12:33:52.494+0300][83.704s][info ][gc] GC(3188) Pause Young (Normal) (G1 Evacuation Pause) 390M->392M(512M) 11.021ms
[2020-08-01T12:33:52.522+0300][83.731s][info ][gc] GC(3189) Pause Young (Normal) (G1 Evacuation Pause) 413M->414M(512M) 10.460ms
[2020-08-01T12:33:52.549+0300][83.758s][info ][gc] GC(3190) Pause Young (Normal) (G1 Evacuation Pause) 435M->437M(512M) 11.807ms
[2020-08-01T12:33:52.574+0300][83.783s][info ][gc] GC(3178) Pause Cleanup 466M->466M(512M) 0.127ms
[2020-08-01T12:33:52.574+0300][83.784s][info ][gc] GC(3178) Concurrent Cycle 338.980ms
[2020-08-01T12:33:52.590+0300][83.799s][info ][gc] GC(3191) Pause Young (Normal) (G1 Evacuation Pause) 478M->479M(512M) 10.706ms
[2020-08-01T12:33:52.625+0300][83.835s][info ][gc] GC(3192) To-space exhausted
[2020-08-01T12:33:52.625+0300][83.835s][info ][gc] GC(3192) Pause Young (Concurrent Start) (G1 Evacuation Pause) 500M->507M(512M) 27.221ms
[2020-08-01T12:33:52.626+0300][83.835s][info ][gc] GC(3193) Concurrent Cycle
[2020-08-01T12:33:52.643+0300][83.852s][info ][gc] GC(3194) To-space exhausted
[2020-08-01T12:33:52.643+0300][83.852s][info ][gc] GC(3194) Pause Young (Normal) (G1 Evacuation Pause) 511M->511M(512M) 13.055ms
[2020-08-01T12:33:52.643+0300][83.852s][debug][gc] GC(3195) Clear Next Bitmap 0.394ms
[2020-08-01T12:33:52.680+0300][83.889s][info ][gc] GC(3195) Pause Full (G1 Evacuation Pause) 511M->64M(512M) 37.218ms
[2020-08-01T12:33:52.680+0300][83.890s][info ][gc] GC(3193) Concurrent Cycle 54.625ms
[2020-08-01T12:33:52.703+0300][83.913s][info ][gc] GC(3196) Pause Young (Normal) (G1 Evacuation Pause) 89M->89M(512M) 12.594ms
[2020-08-01T12:33:52.722+0300][83.932s][info ][gc] GC(3197) Pause Young (Normal) (G1 Evacuation Pause) 110M->112M(512M) 10.533ms
[2020-08-01T12:33:52.742+0300][83.951s][info ][gc] GC(3198) Pause Young (Normal) (G1 Evacuation Pause) 133M->134M(512M) 10.795ms
[2020-08-01T12:33:52.773+0300][83.983s][info ][gc] GC(3199) Pause Young (Normal) (G1 Evacuation Pause) 175M->177M(512M) 10.135ms
[2020-08-01T12:33:52.792+0300][84.001s][info ][gc] GC(3200) Pause Young (Normal) (G1 Evacuation Pause) 198M->199M(512M) 10.409ms
[2020-08-01T12:33:52.811+0300][84.020s][info ][gc] GC(3201) Pause Young (Normal) (G1 Evacuation Pause) 220M->222M(512M) 10.556ms
[2020-08-01T12:33:52.830+0300][84.039s][info ][gc] GC(3202) Pause Young (Normal) (G1 Evacuation Pause) 243M->244M(512M) 10.400ms
[2020-08-01T12:33:52.849+0300][84.058s][info ][gc] GC(3203) Pause Young (Concurrent Start) (G1 Evacuation Pause) 265M->266M(512M) 10.524ms
[2020-08-01T12:33:52.849+0300][84.058s][info ][gc] GC(3204) Concurrent Cycle
[2020-08-01T12:33:52.896+0300][84.106s][info ][gc] GC(3205) Pause Young (Normal) (G1 Evacuation Pause) 307M->308M(512M) 11.052ms
[2020-08-01T12:33:52.916+0300][84.125s][info ][gc] GC(3206) Pause Young (Normal) (G1 Evacuation Pause) 329M->331M(512M) 10.814ms
[2020-08-01T12:33:52.935+0300][84.144s][info ][gc] GC(3207) Pause Young (Normal) (G1 Evacuation Pause) 352M->354M(512M) 10.501ms
[2020-08-01T12:33:52.954+0300][84.164s][info ][gc] GC(3208) Pause Young (Normal) (G1 Evacuation Pause) 375M->376M(512M) 10.259ms
[2020-08-01T12:33:52.976+0300][84.185s][info ][gc] GC(3209) Pause Young (Normal) (G1 Evacuation Pause) 397M->398M(512M) 12.008ms
[2020-08-01T12:33:52.995+0300][84.204s][info ][gc] GC(3210) Pause Young (Normal) (G1 Evacuation Pause) 419M->421M(512M) 10.521ms
[2020-08-01T12:33:53.004+0300][84.213s][debug][gc] GC(3204) Reclaimed 132 empty regions
[2020-08-01T12:33:53.004+0300][84.213s][info ][gc] GC(3204) Pause Remark 424M->295M(512M) 0.447ms
[2020-08-01T12:33:53.041+0300][84.250s][info ][gc] GC(3211) Pause Young (Normal) (G1 Evacuation Pause) 333M->335M(512M) 11.207ms
[2020-08-01T12:33:53.069+0300][84.278s][info ][gc] GC(3212) Pause Young (Normal) (G1 Evacuation Pause) 356M->357M(512M) 10.643ms
[2020-08-01T12:33:53.094+0300][84.304s][info ][gc] GC(3213) Pause Young (Normal) (G1 Evacuation Pause) 378M->379M(512M) 10.759ms
[2020-08-01T12:33:53.120+0300][84.329s][info ][gc] GC(3214) Pause Young (Normal) (G1 Evacuation Pause) 400M->401M(512M) 10.649ms
[2020-08-01T12:33:53.144+0300][84.354s][info ][gc] GC(3215) Pause Young (Normal) (G1 Evacuation Pause) 422M->424M(512M) 11.518ms
[2020-08-01T12:33:53.192+0300][84.402s][info ][gc] GC(3216) Pause Young (Normal) (G1 Evacuation Pause) 465M->466M(512M) 10.933ms
[2020-08-01T12:33:53.201+0300][84.411s][info ][gc] GC(3204) Pause Cleanup 474M->474M(512M) 0.122ms
[2020-08-01T12:33:53.202+0300][84.411s][info ][gc] GC(3204) Concurrent Cycle 353.114ms
[2020-08-01T12:33:53.218+0300][84.428s][info ][gc] GC(3217) To-space exhausted
[2020-08-01T12:33:53.218+0300][84.428s][info ][gc] GC(3217) Pause Young (Normal) (G1 Evacuation Pause) 487M->491M(512M) 11.556ms
[2020-08-01T12:33:53.265+0300][84.474s][info ][gc] GC(3218) To-space exhausted
[2020-08-01T12:33:53.265+0300][84.474s][info ][gc] GC(3218) Pause Young (Concurrent Start) (G1 Evacuation Pause) 511M->511M(512M) 38.076ms
[2020-08-01T12:33:53.265+0300][84.474s][info ][gc] GC(3220) Concurrent Cycle
[2020-08-01T12:33:53.265+0300][84.474s][debug][gc] GC(3219) Clear Next Bitmap 0.269ms
[2020-08-01T12:33:53.307+0300][84.516s][info ][gc] GC(3219) Pause Full (G1 Evacuation Pause) 511M->70M(512M) 42.331ms
[2020-08-01T12:33:53.307+0300][84.517s][info ][gc] GC(3220) Concurrent Cycle 42.619ms
[2020-08-01T12:33:53.329+0300][84.539s][info ][gc] GC(3221) Pause Young (Normal) (G1 Evacuation Pause) 97M->97M(512M) 11.635ms
[2020-08-01T12:33:53.351+0300][84.560s][info ][gc] GC(3222) Pause Young (Normal) (G1 Evacuation Pause) 121M->122M(512M) 11.241ms
[2020-08-01T12:33:53.392+0300][84.601s][info ][gc] GC(3223) Pause Young (Normal) (G1 Evacuation Pause) 163M->165M(512M) 10.970ms
[2020-08-01T12:33:53.411+0300][84.620s][info ][gc] GC(3224) Pause Young (Normal) (G1 Evacuation Pause) 186M->187M(512M) 10.380ms
[2020-08-01T12:33:53.430+0300][84.639s][info ][gc] GC(3225) Pause Young (Normal) (G1 Evacuation Pause) 208M->209M(512M) 10.109ms
[2020-08-01T12:33:53.448+0300][84.658s][info ][gc] GC(3226) Pause Young (Normal) (G1 Evacuation Pause) 230M->232M(512M) 10.400ms
[2020-08-01T12:33:53.467+0300][84.677s][info ][gc] GC(3227) Pause Young (Concurrent Start) (G1 Evacuation Pause) 253M->254M(512M) 10.521ms
[2020-08-01T12:33:53.467+0300][84.677s][info ][gc] GC(3228) Concurrent Cycle
[2020-08-01T12:33:53.487+0300][84.696s][info ][gc] GC(3229) Pause Young (Normal) (G1 Evacuation Pause) 275M->276M(512M) 10.696ms
[2020-08-01T12:33:53.521+0300][84.731s][info ][gc] GC(3230) Pause Young (Normal) (G1 Evacuation Pause) 317M->319M(512M) 10.670ms
[2020-08-01T12:33:53.540+0300][84.750s][info ][gc] GC(3231) Pause Young (Normal) (G1 Evacuation Pause) 340M->340M(512M) 10.349ms
[2020-08-01T12:33:53.559+0300][84.769s][info ][gc] GC(3232) Pause Young (Normal) (G1 Evacuation Pause) 361M->362M(512M) 10.224ms
[2020-08-01T12:33:53.579+0300][84.788s][info ][gc] GC(3233) Pause Young (Normal) (G1 Evacuation Pause) 383M->384M(512M) 11.216ms
[2020-08-01T12:33:53.598+0300][84.808s][info ][gc] GC(3234) Pause Young (Normal) (G1 Evacuation Pause) 405M->407M(512M) 10.384ms
[2020-08-01T12:33:53.611+0300][84.821s][debug][gc] GC(3228) Reclaimed 131 empty regions
[2020-08-01T12:33:53.611+0300][84.821s][info ][gc] GC(3228) Pause Remark 421M->293M(512M) 0.442ms
[2020-08-01T12:33:53.643+0300][84.852s][info ][gc] GC(3235) Pause Young (Normal) (G1 Evacuation Pause) 320M->322M(512M) 10.805ms
[2020-08-01T12:33:53.668+0300][84.877s][info ][gc] GC(3236) Pause Young (Normal) (G1 Evacuation Pause) 343M->344M(512M) 11.319ms
[2020-08-01T12:33:53.695+0300][84.904s][info ][gc] GC(3237) Pause Young (Normal) (G1 Evacuation Pause) 365M->366M(512M) 12.082ms
[2020-08-01T12:33:53.719+0300][84.928s][info ][gc] GC(3238) Pause Young (Normal) (G1 Evacuation Pause) 387M->388M(512M) 10.505ms
[2020-08-01T12:33:53.745+0300][84.954s][info ][gc] GC(3239) Pause Young (Normal) (G1 Evacuation Pause) 409M->410M(512M) 10.555ms
[2020-08-01T12:33:53.770+0300][84.979s][info ][gc] GC(3240) Pause Young (Normal) (G1 Evacuation Pause) 431M->432M(512M) 10.538ms
[2020-08-01T12:33:53.806+0300][85.015s][info ][gc] GC(3228) Pause Cleanup 462M->462M(512M) 0.157ms
[2020-08-01T12:33:53.807+0300][85.016s][info ][gc] GC(3228) Concurrent Cycle 339.103ms
[2020-08-01T12:33:53.822+0300][85.031s][info ][gc] GC(3241) Pause Young (Normal) (G1 Evacuation Pause) 473M->475M(512M) 10.686ms
[2020-08-01T12:33:53.852+0300][85.061s][info ][gc] GC(3242) To-space exhausted
[2020-08-01T12:33:53.852+0300][85.061s][info ][gc] GC(3242) Pause Young (Concurrent Start) (G1 Evacuation Pause) 496M->501M(512M) 21.465ms
[2020-08-01T12:33:53.852+0300][85.061s][info ][gc] GC(3243) Concurrent Cycle
[2020-08-01T12:33:53.879+0300][85.088s][info ][gc] GC(3244) To-space exhausted
[2020-08-01T12:33:53.879+0300][85.088s][info ][gc] GC(3244) Pause Young (Normal) (G1 Evacuation Pause) 511M->511M(512M) 21.648ms
[2020-08-01T12:33:53.880+0300][85.089s][debug][gc] GC(3245) Clear Next Bitmap 0.356ms
[2020-08-01T12:33:53.921+0300][85.131s][info ][gc] GC(3245) Pause Full (G1 Evacuation Pause) 511M->70M(512M) 41.969ms
[2020-08-01T12:33:53.921+0300][85.131s][info ][gc] GC(3243) Concurrent Cycle 69.667ms
[2020-08-01T12:33:53.944+0300][85.154s][info ][gc] GC(3246) Pause Young (Normal) (G1 Evacuation Pause) 98M->99M(512M) 12.196ms
[2020-08-01T12:33:53.966+0300][85.176s][info ][gc] GC(3247) Pause Young (Normal) (G1 Evacuation Pause) 124M->125M(512M) 11.721ms
[2020-08-01T12:33:54.034+0300][85.243s][info ][gc] GC(3248) Pause Young (Normal) (G1 Evacuation Pause) 167M->169M(512M) 23.277ms
[2020-08-01T12:33:54.057+0300][85.267s][info ][gc] GC(3249) Pause Young (Normal) (G1 Evacuation Pause) 190M->192M(512M) 11.815ms
[2020-08-01T12:33:54.077+0300][85.286s][info ][gc] GC(3250) Pause Young (Normal) (G1 Evacuation Pause) 213M->214M(512M) 11.237ms
[2020-08-01T12:33:54.096+0300][85.305s][info ][gc] GC(3251) Pause Young (Normal) (G1 Evacuation Pause) 235M->237M(512M) 10.530ms
[2020-08-01T12:33:54.115+0300][85.324s][info ][gc] GC(3252) Pause Young (Concurrent Start) (G1 Evacuation Pause) 258M->259M(512M) 10.508ms
[2020-08-01T12:33:54.115+0300][85.324s][info ][gc] GC(3253) Concurrent Cycle
[2020-08-01T12:33:54.134+0300][85.343s][info ][gc] GC(3254) Pause Young (Normal) (G1 Evacuation Pause) 280M->281M(512M) 10.450ms
[2020-08-01T12:33:54.177+0300][85.386s][info ][gc] GC(3255) Pause Young (Normal) (G1 Evacuation Pause) 322M->324M(512M) 10.352ms
[2020-08-01T12:33:54.196+0300][85.406s][info ][gc] GC(3256) Pause Young (Normal) (G1 Evacuation Pause) 345M->346M(512M) 10.306ms
[2020-08-01T12:33:54.216+0300][85.425s][info ][gc] GC(3257) Pause Young (Normal) (G1 Evacuation Pause) 367M->369M(512M) 10.667ms
[2020-08-01T12:33:54.235+0300][85.445s][info ][gc] GC(3258) Pause Young (Normal) (G1 Evacuation Pause) 390M->391M(512M) 10.527ms
[2020-08-01T12:33:54.255+0300][85.464s][info ][gc] GC(3259) Pause Young (Normal) (G1 Evacuation Pause) 412M->413M(512M) 10.410ms
[2020-08-01T12:33:54.262+0300][85.471s][debug][gc] GC(3253) Reclaimed 126 empty regions
[2020-08-01T12:33:54.262+0300][85.471s][info ][gc] GC(3253) Pause Remark 424M->299M(512M) 0.439ms
[2020-08-01T12:33:54.300+0300][85.509s][info ][gc] GC(3260) Pause Young (Normal) (G1 Evacuation Pause) 329M->331M(512M) 11.088ms
[2020-08-01T12:33:54.326+0300][85.536s][info ][gc] GC(3261) Pause Young (Normal) (G1 Evacuation Pause) 352M->353M(512M) 10.746ms
[2020-08-01T12:33:54.352+0300][85.561s][info ][gc] GC(3262) Pause Young (Normal) (G1 Evacuation Pause) 374M->376M(512M) 10.627ms
[2020-08-01T12:33:54.381+0300][85.591s][info ][gc] GC(3263) Pause Young (Normal) (G1 Evacuation Pause) 397M->398M(512M) 10.602ms
[2020-08-01T12:33:54.407+0300][85.616s][info ][gc] GC(3264) Pause Young (Normal) (G1 Evacuation Pause) 419M->421M(512M) 10.585ms
[2020-08-01T12:33:54.453+0300][85.662s][info ][gc] GC(3265) Pause Young (Normal) (G1 Evacuation Pause) 462M->464M(512M) 10.598ms
[2020-08-01T12:33:54.457+0300][85.666s][info ][gc] GC(3253) Pause Cleanup 464M->464M(512M) 0.102ms
[2020-08-01T12:33:54.457+0300][85.667s][info ][gc] GC(3253) Concurrent Cycle 342.571ms
[2020-08-01T12:33:54.477+0300][85.686s][info ][gc] GC(3266) Pause Young (Normal) (G1 Evacuation Pause) 485M->486M(512M) 11.036ms
[2020-08-01T12:33:54.519+0300][85.728s][info ][gc] GC(3267) To-space exhausted
[2020-08-01T12:33:54.519+0300][85.728s][info ][gc] GC(3267) Pause Young (Concurrent Start) (G1 Evacuation Pause) 507M->510M(512M) 33.552ms
[2020-08-01T12:33:54.519+0300][85.728s][info ][gc] GC(3268) Concurrent Cycle
[2020-08-01T12:33:54.529+0300][85.738s][info ][gc] GC(3269) To-space exhausted
[2020-08-01T12:33:54.529+0300][85.738s][info ][gc] GC(3269) Pause Young (Normal) (G1 Evacuation Pause) 511M->511M(512M) 5.227ms
[2020-08-01T12:33:54.529+0300][85.739s][debug][gc] GC(3270) Clear Next Bitmap 0.330ms
[2020-08-01T12:33:54.567+0300][85.777s][info ][gc] GC(3270) Pause Full (G1 Evacuation Pause) 511M->65M(512M) 38.453ms
[2020-08-01T12:33:54.568+0300][85.777s][info ][gc] GC(3268) Concurrent Cycle 48.927ms
[2020-08-01T12:33:54.588+0300][85.797s][info ][gc] GC(3271) Pause Young (Normal) (G1 Evacuation Pause) 90M->90M(512M) 10.318ms
[2020-08-01T12:33:54.607+0300][85.816s][info ][gc] GC(3272) Pause Young (Normal) (G1 Evacuation Pause) 112M->114M(512M) 10.497ms
[2020-08-01T12:33:54.626+0300][85.835s][info ][gc] GC(3273) Pause Young (Normal) (G1 Evacuation Pause) 135M->136M(512M) 10.472ms
[2020-08-01T12:33:54.697+0300][85.906s][info ][gc] GC(3274) Pause Young (Normal) (G1 Evacuation Pause) 177M->178M(512M) 24.129ms
[2020-08-01T12:33:54.721+0300][85.930s][info ][gc] GC(3275) Pause Young (Normal) (G1 Evacuation Pause) 199M->201M(512M) 11.860ms
[2020-08-01T12:33:54.740+0300][85.949s][info ][gc] GC(3276) Pause Young (Normal) (G1 Evacuation Pause) 222M->223M(512M) 10.498ms
[2020-08-01T12:33:54.759+0300][85.968s][info ][gc] GC(3277) Pause Young (Normal) (G1 Evacuation Pause) 244M->246M(512M) 10.852ms
[2020-08-01T12:33:54.778+0300][85.987s][info ][gc] GC(3278) Pause Young (Concurrent Start) (G1 Evacuation Pause) 267M->268M(512M) 10.370ms
[2020-08-01T12:33:54.778+0300][85.987s][info ][gc] GC(3279) Concurrent Cycle
[2020-08-01T12:33:54.814+0300][86.023s][info ][gc] GC(3280) Pause Young (Normal) (G1 Evacuation Pause) 309M->311M(512M) 11.576ms
[2020-08-01T12:33:54.833+0300][86.042s][info ][gc] GC(3281) Pause Young (Normal) (G1 Evacuation Pause) 332M->334M(512M) 10.289ms
[2020-08-01T12:33:54.852+0300][86.061s][info ][gc] GC(3282) Pause Young (Normal) (G1 Evacuation Pause) 355M->357M(512M) 10.550ms
[2020-08-01T12:33:54.873+0300][86.083s][info ][gc] GC(3283) Pause Young (Normal) (G1 Evacuation Pause) 378M->379M(512M) 12.293ms
[2020-08-01T12:33:54.893+0300][86.102s][info ][gc] GC(3284) Pause Young (Normal) (G1 Evacuation Pause) 400M->402M(512M) 10.391ms
[2020-08-01T12:33:54.912+0300][86.121s][info ][gc] GC(3285) Pause Young (Normal) (G1 Evacuation Pause) 423M->424M(512M) 10.181ms
[2020-08-01T12:33:54.934+0300][86.143s][debug][gc] GC(3279) Reclaimed 132 empty regions
[2020-08-01T12:33:54.934+0300][86.143s][info ][gc] GC(3279) Pause Remark 425M->296M(512M) 0.450ms
[2020-08-01T12:33:54.957+0300][86.167s][info ][gc] GC(3286) Pause Young (Normal) (G1 Evacuation Pause) 335M->336M(512M) 10.731ms
[2020-08-01T12:33:54.984+0300][86.193s][info ][gc] GC(3287) Pause Young (Normal) (G1 Evacuation Pause) 357M->359M(512M) 10.589ms
[2020-08-01T12:33:55.008+0300][86.218s][info ][gc] GC(3288) Pause Young (Normal) (G1 Evacuation Pause) 380M->381M(512M) 10.471ms
[2020-08-01T12:33:55.034+0300][86.243s][info ][gc] GC(3289) Pause Young (Normal) (G1 Evacuation Pause) 402M->403M(512M) 10.476ms
[2020-08-01T12:33:55.059+0300][86.269s][info ][gc] GC(3290) Pause Young (Normal) (G1 Evacuation Pause) 424M->426M(512M) 10.392ms
[2020-08-01T12:33:55.096+0300][86.305s][info ][gc] GC(3291) Pause Young (Normal) (G1 Evacuation Pause) 467M->468M(512M) 11.128ms
[2020-08-01T12:33:55.126+0300][86.335s][info ][gc] GC(3292) To-space exhausted
[2020-08-01T12:33:55.126+0300][86.335s][info ][gc] GC(3292) Pause Young (Normal) (G1 Evacuation Pause) 489M->496M(512M) 13.410ms
[2020-08-01T12:33:55.162+0300][86.371s][info ][gc] GC(3293) To-space exhausted
[2020-08-01T12:33:55.162+0300][86.371s][info ][gc] GC(3293) Pause Young (Normal) (G1 Evacuation Pause) 511M->511M(512M) 29.626ms
[2020-08-01T12:33:55.162+0300][86.372s][debug][gc] GC(3294) Clear Next Bitmap 0.284ms
[2020-08-01T12:33:55.204+0300][86.414s][info ][gc] GC(3294) Pause Full (G1 Evacuation Pause) 511M->67M(512M) 42.468ms
[2020-08-01T12:33:55.205+0300][86.414s][info ][gc] GC(3279) Concurrent Cycle 426.870ms
[2020-08-01T12:33:55.225+0300][86.434s][info ][gc] GC(3295) Pause Young (Normal) (G1 Evacuation Pause) 92M->92M(512M) 10.525ms
[2020-08-01T12:33:55.245+0300][86.455s][info ][gc] GC(3296) Pause Young (Normal) (G1 Evacuation Pause) 113M->114M(512M) 11.974ms
[2020-08-01T12:33:55.264+0300][86.474s][info ][gc] GC(3297) Pause Young (Normal) (G1 Evacuation Pause) 135M->137M(512M) 10.306ms
[2020-08-01T12:33:55.322+0300][86.532s][info ][gc] GC(3298) Pause Young (Normal) (G1 Evacuation Pause) 178M->179M(512M) 20.343ms
[2020-08-01T12:33:55.347+0300][86.556s][info ][gc] GC(3299) Pause Young (Normal) (G1 Evacuation Pause) 200M->201M(512M) 13.144ms
[2020-08-01T12:33:55.369+0300][86.578s][info ][gc] GC(3300) Pause Young (Normal) (G1 Evacuation Pause) 222M->224M(512M) 12.998ms
[2020-08-01T12:33:55.388+0300][86.597s][info ][gc] GC(3301) Pause Young (Normal) (G1 Evacuation Pause) 245M->246M(512M) 10.348ms
[2020-08-01T12:33:55.407+0300][86.616s][info ][gc] GC(3302) Pause Young (Concurrent Start) (G1 Evacuation Pause) 267M->268M(512M) 10.511ms
[2020-08-01T12:33:55.407+0300][86.616s][info ][gc] GC(3303) Concurrent Cycle
[2020-08-01T12:33:55.452+0300][86.661s][info ][gc] GC(3304) Pause Young (Normal) (G1 Evacuation Pause) 309M->310M(512M) 10.258ms
[2020-08-01T12:33:55.471+0300][86.680s][info ][gc] GC(3305) Pause Young (Normal) (G1 Evacuation Pause) 331M->332M(512M) 10.460ms
[2020-08-01T12:33:55.490+0300][86.700s][info ][gc] GC(3306) Pause Young (Normal) (G1 Evacuation Pause) 353M->354M(512M) 10.478ms
[2020-08-01T12:33:55.509+0300][86.719s][info ][gc] GC(3307) Pause Young (Normal) (G1 Evacuation Pause) 375M->376M(512M) 10.372ms
[2020-08-01T12:33:55.528+0300][86.738s][info ][gc] GC(3308) Pause Young (Normal) (G1 Evacuation Pause) 397M->398M(512M) 10.351ms
[2020-08-01T12:33:55.547+0300][86.757s][info ][gc] GC(3309) Pause Young (Normal) (G1 Evacuation Pause) 419M->421M(512M) 10.504ms
[2020-08-01T12:33:55.560+0300][86.769s][debug][gc] GC(3303) Reclaimed 133 empty regions
[2020-08-01T12:33:55.560+0300][86.769s][info ][gc] GC(3303) Pause Remark 422M->294M(512M) 0.450ms
[2020-08-01T12:33:55.581+0300][86.791s][info ][gc] GC(3310) Pause Young (Normal) (G1 Evacuation Pause) 333M->335M(512M) 10.555ms
[2020-08-01T12:33:55.607+0300][86.817s][info ][gc] GC(3311) Pause Young (Normal) (G1 Evacuation Pause) 356M->358M(512M) 10.373ms
[2020-08-01T12:33:55.631+0300][86.840s][info ][gc] GC(3312) Pause Young (Normal) (G1 Evacuation Pause) 379M->381M(512M) 10.608ms
[2020-08-01T12:33:55.657+0300][86.866s][info ][gc] GC(3313) Pause Young (Normal) (G1 Evacuation Pause) 402M->403M(512M) 10.644ms
[2020-08-01T12:33:55.682+0300][86.891s][info ][gc] GC(3314) Pause Young (Normal) (G1 Evacuation Pause) 424M->425M(512M) 10.487ms
[2020-08-01T12:33:55.732+0300][86.942s][info ][gc] GC(3315) Pause Young (Normal) (G1 Evacuation Pause) 466M->467M(512M) 10.656ms
[2020-08-01T12:33:55.760+0300][86.969s][info ][gc] GC(3316) To-space exhausted
[2020-08-01T12:33:55.760+0300][86.969s][info ][gc] GC(3316) Pause Young (Normal) (G1 Evacuation Pause) 488M->495M(512M) 13.079ms
[2020-08-01T12:33:55.773+0300][86.982s][info ][gc] GC(3303) Pause Cleanup 508M->508M(512M) 0.132ms
[2020-08-01T12:33:55.774+0300][86.983s][info ][gc] GC(3303) Concurrent Cycle 366.971ms
[2020-08-01T12:33:55.804+0300][87.014s][info ][gc] GC(3317) To-space exhausted
[2020-08-01T12:33:55.804+0300][87.014s][info ][gc] GC(3317) Pause Young (Normal) (G1 Evacuation Pause) 511M->511M(512M) 29.385ms
[2020-08-01T12:33:55.844+0300][87.054s][info ][gc] GC(3318) Pause Full (G1 Evacuation Pause) 511M->68M(512M) 39.851ms
[2020-08-01T12:33:55.867+0300][87.076s][info ][gc] GC(3319) Pause Young (Normal) (G1 Evacuation Pause) 93M->94M(512M) 12.386ms
[2020-08-01T12:33:55.888+0300][87.097s][info ][gc] GC(3320) Pause Young (Normal) (G1 Evacuation Pause) 116M->118M(512M) 12.636ms
[2020-08-01T12:33:55.959+0300][87.168s][info ][gc] GC(3321) Pause Young (Normal) (G1 Evacuation Pause) 159M->160M(512M) 37.966ms
[2020-08-01T12:33:55.985+0300][87.194s][info ][gc] GC(3322) Pause Young (Normal) (G1 Evacuation Pause) 181M->183M(512M) 12.684ms
[2020-08-01T12:33:56.004+0300][87.213s][info ][gc] GC(3323) Pause Young (Normal) (G1 Evacuation Pause) 204M->205M(512M) 10.357ms
[2020-08-01T12:33:56.024+0300][87.233s][info ][gc] GC(3324) Pause Young (Normal) (G1 Evacuation Pause) 226M->228M(512M) 11.588ms
[2020-08-01T12:33:56.043+0300][87.252s][info ][gc] GC(3325) Pause Young (Normal) (G1 Evacuation Pause) 249M->250M(512M) 10.452ms
[2020-08-01T12:33:56.062+0300][87.271s][info ][gc] GC(3326) Pause Young (Concurrent Start) (G1 Evacuation Pause) 271M->272M(512M) 10.607ms
[2020-08-01T12:33:56.062+0300][87.271s][info ][gc] GC(3327) Concurrent Cycle
[2020-08-01T12:33:56.105+0300][87.314s][info ][gc] GC(3328) Pause Young (Normal) (G1 Evacuation Pause) 313M->315M(512M) 10.733ms
[2020-08-01T12:33:56.124+0300][87.334s][info ][gc] GC(3329) Pause Young (Normal) (G1 Evacuation Pause) 336M->337M(512M) 10.442ms
[2020-08-01T12:33:56.144+0300][87.353s][info ][gc] GC(3330) Pause Young (Normal) (G1 Evacuation Pause) 358M->359M(512M) 11.115ms
[2020-08-01T12:33:56.163+0300][87.372s][info ][gc] GC(3331) Pause Young (Normal) (G1 Evacuation Pause) 380M->382M(512M) 10.172ms
[2020-08-01T12:33:56.181+0300][87.391s][info ][gc] GC(3332) Pause Young (Normal) (G1 Evacuation Pause) 403M->404M(512M) 9.762ms
[2020-08-01T12:33:56.207+0300][87.417s][debug][gc] GC(3327) Reclaimed 136 empty regions
[2020-08-01T12:33:56.207+0300][87.417s][info ][gc] GC(3327) Pause Remark 424M->292M(512M) 0.419ms
[2020-08-01T12:33:56.231+0300][87.440s][info ][gc] GC(3333) Pause Young (Normal) (G1 Evacuation Pause) 313M->315M(512M) 13.287ms
[2020-08-01T12:33:56.254+0300][87.463s][info ][gc] GC(3334) Pause Young (Normal) (G1 Evacuation Pause) 336M->337M(512M) 10.394ms
[2020-08-01T12:33:56.275+0300][87.484s][info ][gc] GC(3335) Pause Young (Normal) (G1 Evacuation Pause) 358M->359M(512M) 12.157ms
[2020-08-01T12:33:56.305+0300][87.514s][info ][gc] GC(3336) Pause Young (Normal) (G1 Evacuation Pause) 380M->382M(512M) 11.606ms
[2020-08-01T12:33:56.333+0300][87.543s][info ][gc] GC(3337) Pause Young (Normal) (G1 Evacuation Pause) 403M->404M(512M) 10.572ms
[2020-08-01T12:33:56.358+0300][87.568s][info ][gc] GC(3338) Pause Young (Normal) (G1 Evacuation Pause) 425M->426M(512M) 10.514ms
[2020-08-01T12:33:56.402+0300][87.611s][info ][gc] GC(3339) Pause Young (Normal) (G1 Evacuation Pause) 467M->469M(512M) 10.508ms
[2020-08-01T12:33:56.431+0300][87.641s][info ][gc] GC(3340) To-space exhausted
[2020-08-01T12:33:56.432+0300][87.641s][info ][gc] GC(3340) Pause Young (Normal) (G1 Evacuation Pause) 490M->497M(512M) 14.714ms
[2020-08-01T12:33:56.465+0300][87.674s][info ][gc] GC(3341) To-space exhausted
[2020-08-01T12:33:56.465+0300][87.674s][info ][gc] GC(3341) Pause Young (Normal) (G1 Evacuation Pause) 511M->511M(512M) 27.534ms
[2020-08-01T12:33:56.465+0300][87.675s][debug][gc] GC(3342) Clear Next Bitmap 0.300ms
[2020-08-01T12:33:56.507+0300][87.717s][info ][gc] GC(3342) Pause Full (G1 Evacuation Pause) 511M->69M(512M) 42.160ms
[2020-08-01T12:33:56.508+0300][87.717s][info ][gc] GC(3327) Pause Cleanup 69M->69M(512M) 0.002ms
[2020-08-01T12:33:56.508+0300][87.717s][info ][gc] GC(3327) Concurrent Cycle 445.664ms
[2020-08-01T12:33:56.528+0300][87.737s][info ][gc] GC(3343) Pause Young (Normal) (G1 Evacuation Pause) 94M->94M(512M) 10.688ms
[2020-08-01T12:33:56.548+0300][87.758s][info ][gc] GC(3344) Pause Young (Normal) (G1 Evacuation Pause) 115M->116M(512M) 11.628ms
[2020-08-01T12:33:56.567+0300][87.776s][info ][gc] GC(3345) Pause Young (Normal) (G1 Evacuation Pause) 137M->138M(512M) 10.464ms
[2020-08-01T12:33:56.665+0300][87.875s][info ][gc] GC(3346) Pause Young (Normal) (G1 Evacuation Pause) 179M->180M(512M) 32.097ms
[2020-08-01T12:33:56.691+0300][87.901s][info ][gc] GC(3347) Pause Young (Normal) (G1 Evacuation Pause) 201M->202M(512M) 12.451ms
[2020-08-01T12:33:56.711+0300][87.920s][info ][gc] GC(3348) Pause Young (Normal) (G1 Evacuation Pause) 223M->225M(512M) 9.917ms
[2020-08-01T12:33:56.730+0300][87.939s][info ][gc] GC(3349) Pause Young (Normal) (G1 Evacuation Pause) 246M->248M(512M) 10.560ms
[2020-08-01T12:33:56.749+0300][87.959s][info ][gc] GC(3350) Pause Young (Concurrent Start) (G1 Evacuation Pause) 269M->270M(512M) 10.647ms
[2020-08-01T12:33:56.749+0300][87.959s][info ][gc] GC(3351) Concurrent Cycle
[2020-08-01T12:33:56.792+0300][88.001s][info ][gc] GC(3352) Pause Young (Normal) (G1 Evacuation Pause) 311M->312M(512M) 10.689ms
[2020-08-01T12:33:56.811+0300][88.020s][info ][gc] GC(3353) Pause Young (Normal) (G1 Evacuation Pause) 333M->334M(512M) 10.485ms
[2020-08-01T12:33:56.830+0300][88.039s][info ][gc] GC(3354) Pause Young (Normal) (G1 Evacuation Pause) 355M->357M(512M) 10.156ms
[2020-08-01T12:33:56.849+0300][88.058s][info ][gc] GC(3355) Pause Young (Normal) (G1 Evacuation Pause) 378M->380M(512M) 10.435ms
[2020-08-01T12:33:56.868+0300][88.077s][info ][gc] GC(3356) Pause Young (Normal) (G1 Evacuation Pause) 401M->402M(512M) 10.201ms
[2020-08-01T12:33:56.894+0300][88.103s][debug][gc] GC(3351) Reclaimed 134 empty regions
[2020-08-01T12:33:56.894+0300][88.103s][info ][gc] GC(3351) Pause Remark 422M->292M(512M) 0.414ms
[2020-08-01T12:33:56.913+0300][88.123s][info ][gc] GC(3357) Pause Young (Normal) (G1 Evacuation Pause) 313M->314M(512M) 11.335ms
[2020-08-01T12:33:56.939+0300][88.148s][info ][gc] GC(3358) Pause Young (Normal) (G1 Evacuation Pause) 335M->336M(512M) 10.433ms
[2020-08-01T12:33:56.964+0300][88.174s][info ][gc] GC(3359) Pause Young (Normal) (G1 Evacuation Pause) 357M->358M(512M) 10.633ms
[2020-08-01T12:33:56.989+0300][88.198s][info ][gc] GC(3360) Pause Young (Normal) (G1 Evacuation Pause) 379M->381M(512M) 10.640ms
[2020-08-01T12:33:57.011+0300][88.221s][info ][gc] GC(3361) Pause Young (Normal) (G1 Evacuation Pause) 402M->404M(512M) 11.321ms
[2020-08-01T12:33:57.038+0300][88.247s][info ][gc] GC(3362) Pause Young (Normal) (G1 Evacuation Pause) 425M->425M(512M) 10.526ms
[2020-08-01T12:33:57.090+0300][88.299s][info ][gc] GC(3363) Pause Young (Normal) (G1 Evacuation Pause) 466M->467M(512M) 10.681ms
[2020-08-01T12:33:57.102+0300][88.311s][info ][gc] GC(3351) Pause Cleanup 480M->480M(512M) 0.173ms
[2020-08-01T12:33:57.102+0300][88.312s][info ][gc] GC(3351) Concurrent Cycle 353.072ms
[2020-08-01T12:33:57.118+0300][88.327s][info ][gc] GC(3364) To-space exhausted
[2020-08-01T12:33:57.118+0300][88.327s][info ][gc] GC(3364) Pause Young (Normal) (G1 Evacuation Pause) 488M->495M(512M) 12.431ms
[2020-08-01T12:33:57.156+0300][88.365s][info ][gc] GC(3365) To-space exhausted
[2020-08-01T12:33:57.156+0300][88.365s][info ][gc] GC(3365) Pause Young (Concurrent Start) (G1 Evacuation Pause) 511M->511M(512M) 31.509ms
[2020-08-01T12:33:57.156+0300][88.365s][info ][gc] GC(3367) Concurrent Cycle
[2020-08-01T12:33:57.156+0300][88.366s][debug][gc] GC(3366) Clear Next Bitmap 0.293ms
[2020-08-01T12:33:57.198+0300][88.407s][info ][gc] GC(3366) Pause Full (G1 Evacuation Pause) 511M->70M(512M) 42.078ms
[2020-08-01T12:33:57.198+0300][88.408s][info ][gc] GC(3367) Concurrent Cycle 42.371ms
[2020-08-01T12:33:57.219+0300][88.428s][info ][gc] GC(3368) Pause Young (Normal) (G1 Evacuation Pause) 95M->96M(512M) 10.722ms
[2020-08-01T12:33:57.240+0300][88.449s][info ][gc] GC(3369) Pause Young (Normal) (G1 Evacuation Pause) 117M->117M(512M) 12.025ms
[2020-08-01T12:33:57.311+0300][88.520s][info ][gc] GC(3370) Pause Young (Normal) (G1 Evacuation Pause) 158M->159M(512M) 28.830ms
[2020-08-01T12:33:57.338+0300][88.547s][info ][gc] GC(3371) Pause Young (Normal) (G1 Evacuation Pause) 180M->182M(512M) 13.717ms
[2020-08-01T12:33:57.357+0300][88.566s][info ][gc] GC(3372) Pause Young (Normal) (G1 Evacuation Pause) 203M->204M(512M) 10.509ms
[2020-08-01T12:33:57.376+0300][88.585s][info ][gc] GC(3373) Pause Young (Normal) (G1 Evacuation Pause) 225M->225M(512M) 10.430ms
[2020-08-01T12:33:57.395+0300][88.604s][info ][gc] GC(3374) Pause Young (Normal) (G1 Evacuation Pause) 246M->247M(512M) 10.838ms
[2020-08-01T12:33:57.414+0300][88.623s][info ][gc] GC(3375) Pause Young (Concurrent Start) (G1 Evacuation Pause) 268M->270M(512M) 10.189ms
[2020-08-01T12:33:57.414+0300][88.624s][info ][gc] GC(3376) Concurrent Cycle
[2020-08-01T12:33:57.448+0300][88.657s][info ][gc] GC(3377) Pause Young (Normal) (G1 Evacuation Pause) 311M->312M(512M) 10.985ms
[2020-08-01T12:33:57.467+0300][88.677s][info ][gc] GC(3378) Pause Young (Normal) (G1 Evacuation Pause) 333M->334M(512M) 10.431ms
[2020-08-01T12:33:57.486+0300][88.696s][info ][gc] GC(3379) Pause Young (Normal) (G1 Evacuation Pause) 355M->356M(512M) 10.493ms
[2020-08-01T12:33:57.506+0300][88.715s][info ][gc] GC(3380) Pause Young (Normal) (G1 Evacuation Pause) 377M->378M(512M) 10.331ms
[2020-08-01T12:33:57.525+0300][88.734s][info ][gc] GC(3381) Pause Young (Normal) (G1 Evacuation Pause) 399M->400M(512M) 10.380ms
[2020-08-01T12:33:57.570+0300][88.779s][info ][gc] GC(3382) Pause Young (Normal) (G1 Evacuation Pause) 441M->443M(512M) 10.706ms
[2020-08-01T12:33:57.573+0300][88.782s][debug][gc] GC(3376) Reclaimed 130 empty regions
[2020-08-01T12:33:57.573+0300][88.782s][info ][gc] GC(3376) Pause Remark 450M->323M(512M) 0.418ms
[2020-08-01T12:33:57.590+0300][88.800s][info ][gc] GC(3383) Pause Young (Normal) (G1 Evacuation Pause) 337M->338M(512M) 11.541ms
[2020-08-01T12:33:57.617+0300][88.826s][info ][gc] GC(3384) Pause Young (Normal) (G1 Evacuation Pause) 359M->360M(512M) 10.561ms
[2020-08-01T12:33:57.644+0300][88.853s][info ][gc] GC(3385) Pause Young (Normal) (G1 Evacuation Pause) 381M->383M(512M) 10.677ms
[2020-08-01T12:33:57.670+0300][88.880s][info ][gc] GC(3386) Pause Young (Normal) (G1 Evacuation Pause) 404M->405M(512M) 10.788ms
[2020-08-01T12:33:57.695+0300][88.905s][info ][gc] GC(3387) Pause Young (Normal) (G1 Evacuation Pause) 426M->428M(512M) 10.565ms
[2020-08-01T12:33:57.746+0300][88.956s][info ][gc] GC(3388) Pause Young (Normal) (G1 Evacuation Pause) 469M->471M(512M) 12.473ms
[2020-08-01T12:33:57.777+0300][88.986s][info ][gc] GC(3389) To-space exhausted
[2020-08-01T12:33:57.777+0300][88.987s][info ][gc] GC(3389) Pause Young (Normal) (G1 Evacuation Pause) 492M->499M(512M) 16.256ms
[2020-08-01T12:33:57.807+0300][89.016s][info ][gc] GC(3390) To-space exhausted
[2020-08-01T12:33:57.807+0300][89.016s][info ][gc] GC(3390) Pause Young (Normal) (G1 Evacuation Pause) 511M->511M(512M) 24.712ms
[2020-08-01T12:33:57.807+0300][89.017s][debug][gc] GC(3391) Clear Next Bitmap 0.302ms
[2020-08-01T12:33:57.851+0300][89.060s][info ][gc] GC(3391) Pause Full (G1 Evacuation Pause) 511M->68M(512M) 44.112ms
[2020-08-01T12:33:57.851+0300][89.061s][info ][gc] GC(3376) Concurrent Cycle 437.064ms
[2020-08-01T12:33:57.873+0300][89.083s][info ][gc] GC(3392) Pause Young (Normal) (G1 Evacuation Pause) 93M->93M(512M) 12.094ms
[2020-08-01T12:33:57.892+0300][89.101s][info ][gc] GC(3393) Pause Young (Normal) (G1 Evacuation Pause) 114M->116M(512M) 10.568ms
[2020-08-01T12:33:57.911+0300][89.120s][info ][gc] GC(3394) Pause Young (Normal) (G1 Evacuation Pause) 137M->138M(512M) 10.209ms
[2020-08-01T12:33:57.964+0300][89.173s][info ][gc] GC(3395) Pause Young (Normal) (G1 Evacuation Pause) 179M->181M(512M) 18.060ms
[2020-08-01T12:33:57.988+0300][89.197s][info ][gc] GC(3396) Pause Young (Normal) (G1 Evacuation Pause) 202M->204M(512M) 12.196ms
[2020-08-01T12:33:58.009+0300][89.218s][info ][gc] GC(3397) Pause Young (Normal) (G1 Evacuation Pause) 225M->227M(512M) 12.632ms
[2020-08-01T12:33:58.028+0300][89.237s][info ][gc] GC(3398) Pause Young (Normal) (G1 Evacuation Pause) 248M->249M(512M) 10.639ms
[2020-08-01T12:33:58.047+0300][89.256s][info ][gc] GC(3399) Pause Young (Concurrent Start) (G1 Evacuation Pause) 270M->272M(512M) 10.712ms
[2020-08-01T12:33:58.047+0300][89.257s][info ][gc] GC(3400) Concurrent Cycle
[2020-08-01T12:33:58.084+0300][89.294s][info ][gc] GC(3401) Pause Young (Normal) (G1 Evacuation Pause) 313M->315M(512M) 10.215ms
[2020-08-01T12:33:58.103+0300][89.313s][info ][gc] GC(3402) Pause Young (Normal) (G1 Evacuation Pause) 336M->337M(512M) 10.527ms
[2020-08-01T12:33:58.123+0300][89.332s][info ][gc] GC(3403) Pause Young (Normal) (G1 Evacuation Pause) 358M->360M(512M) 10.764ms
[2020-08-01T12:33:58.142+0300][89.351s][info ][gc] GC(3404) Pause Young (Normal) (G1 Evacuation Pause) 381M->382M(512M) 10.345ms
[2020-08-01T12:33:58.161+0300][89.370s][info ][gc] GC(3405) Pause Young (Normal) (G1 Evacuation Pause) 403M->405M(512M) 10.214ms
[2020-08-01T12:33:58.191+0300][89.401s][debug][gc] GC(3400) Reclaimed 134 empty regions
[2020-08-01T12:33:58.191+0300][89.401s][info ][gc] GC(3400) Pause Remark 426M->294M(512M) 0.438ms
[2020-08-01T12:33:58.206+0300][89.415s][info ][gc] GC(3406) Pause Young (Normal) (G1 Evacuation Pause) 314M->315M(512M) 11.358ms
[2020-08-01T12:33:58.231+0300][89.440s][info ][gc] GC(3407) Pause Young (Normal) (G1 Evacuation Pause) 337M->339M(512M) 10.388ms
[2020-08-01T12:33:58.257+0300][89.467s][info ][gc] GC(3408) Pause Young (Normal) (G1 Evacuation Pause) 361M->363M(512M) 11.848ms
[2020-08-01T12:33:58.284+0300][89.493s][info ][gc] GC(3409) Pause Young (Normal) (G1 Evacuation Pause) 385M->385M(512M) 10.345ms
[2020-08-01T12:33:58.310+0300][89.519s][info ][gc] GC(3410) Pause Young (Normal) (G1 Evacuation Pause) 407M->408M(512M) 11.018ms
[2020-08-01T12:33:58.336+0300][89.546s][info ][gc] GC(3411) Pause Young (Normal) (G1 Evacuation Pause) 429M->431M(512M) 10.746ms
[2020-08-01T12:33:58.384+0300][89.593s][info ][gc] GC(3412) Pause Young (Normal) (G1 Evacuation Pause) 472M->473M(512M) 11.259ms
[2020-08-01T12:33:58.395+0300][89.605s][info ][gc] GC(3400) Pause Cleanup 487M->487M(512M) 0.132ms
[2020-08-01T12:33:58.396+0300][89.605s][info ][gc] GC(3400) Concurrent Cycle 348.726ms
[2020-08-01T12:33:58.417+0300][89.627s][info ][gc] GC(3413) To-space exhausted
[2020-08-01T12:33:58.417+0300][89.627s][info ][gc] GC(3413) Pause Young (Normal) (G1 Evacuation Pause) 494M->501M(512M) 18.574ms
[2020-08-01T12:33:58.444+0300][89.654s][info ][gc] GC(3414) To-space exhausted
[2020-08-01T12:33:58.445+0300][89.654s][info ][gc] GC(3414) Pause Young (Concurrent Start) (G1 Evacuation Pause) 511M->511M(512M) 23.269ms
[2020-08-01T12:33:58.445+0300][89.654s][info ][gc] GC(3416) Concurrent Cycle
[2020-08-01T12:33:58.445+0300][89.654s][debug][gc] GC(3415) Clear Next Bitmap 0.265ms
[2020-08-01T12:33:58.484+0300][89.694s][info ][gc] GC(3415) Pause Full (G1 Evacuation Pause) 511M->67M(512M) 39.645ms
[2020-08-01T12:33:58.485+0300][89.694s][info ][gc] GC(3416) Concurrent Cycle 39.976ms
[2020-08-01T12:33:58.507+0300][89.716s][info ][gc] GC(3417) Pause Young (Normal) (G1 Evacuation Pause) 92M->93M(512M) 12.110ms
[2020-08-01T12:33:58.527+0300][89.736s][info ][gc] GC(3418) Pause Young (Normal) (G1 Evacuation Pause) 116M->117M(512M) 11.485ms
[2020-08-01T12:33:58.597+0300][89.807s][info ][gc] GC(3419) Pause Young (Normal) (G1 Evacuation Pause) 158M->159M(512M) 34.383ms
[2020-08-01T12:33:58.624+0300][89.833s][info ][gc] GC(3420) Pause Young (Normal) (G1 Evacuation Pause) 180M->181M(512M) 13.233ms
[2020-08-01T12:33:58.643+0300][89.853s][info ][gc] GC(3421) Pause Young (Normal) (G1 Evacuation Pause) 202M->204M(512M) 10.502ms
[2020-08-01T12:33:58.663+0300][89.872s][info ][gc] GC(3422) Pause Young (Normal) (G1 Evacuation Pause) 225M->226M(512M) 10.580ms
[2020-08-01T12:33:58.682+0300][89.891s][info ][gc] GC(3423) Pause Young (Normal) (G1 Evacuation Pause) 247M->248M(512M) 10.437ms
[2020-08-01T12:33:58.701+0300][89.910s][info ][gc] GC(3424) Pause Young (Concurrent Start) (G1 Evacuation Pause) 269M->270M(512M) 10.542ms
[2020-08-01T12:33:58.701+0300][89.910s][info ][gc] GC(3425) Concurrent Cycle
[2020-08-01T12:33:58.741+0300][89.950s][info ][gc] GC(3426) Pause Young (Normal) (G1 Evacuation Pause) 311M->313M(512M) 10.532ms
[2020-08-01T12:33:58.761+0300][89.970s][info ][gc] GC(3427) Pause Young (Normal) (G1 Evacuation Pause) 334M->335M(512M) 10.632ms
[2020-08-01T12:33:58.780+0300][89.989s][info ][gc] GC(3428) Pause Young (Normal) (G1 Evacuation Pause) 356M->357M(512M) 10.529ms
[2020-08-01T12:33:58.799+0300][90.008s][info ][gc] GC(3429) Pause Young (Normal) (G1 Evacuation Pause) 378M->380M(512M) 10.051ms
[2020-08-01T12:33:58.818+0300][90.027s][info ][gc] GC(3430) Pause Young (Normal) (G1 Evacuation Pause) 401M->402M(512M) 10.554ms
[2020-08-01T12:33:58.846+0300][90.056s][debug][gc] GC(3425) Reclaimed 132 empty regions
[2020-08-01T12:33:58.846+0300][90.056s][info ][gc] GC(3425) Pause Remark 421M->291M(512M) 0.449ms
[2020-08-01T12:33:58.869+0300][90.078s][info ][gc] GC(3431) Pause Young (Normal) (G1 Evacuation Pause) 313M->314M(512M) 13.966ms
[2020-08-01T12:33:58.894+0300][90.103s][info ][gc] GC(3432) Pause Young (Normal) (G1 Evacuation Pause) 335M->337M(512M) 10.894ms
[2020-08-01T12:33:58.920+0300][90.130s][info ][gc] GC(3433) Pause Young (Normal) (G1 Evacuation Pause) 358M->359M(512M) 10.555ms
[2020-08-01T12:33:58.946+0300][90.155s][info ][gc] GC(3434) Pause Young (Normal) (G1 Evacuation Pause) 380M->382M(512M) 10.847ms
[2020-08-01T12:33:58.972+0300][90.182s][info ][gc] GC(3435) Pause Young (Normal) (G1 Evacuation Pause) 403M->404M(512M) 10.667ms
[2020-08-01T12:33:58.997+0300][90.206s][info ][gc] GC(3436) Pause Young (Normal) (G1 Evacuation Pause) 425M->426M(512M) 11.046ms
[2020-08-01T12:33:59.040+0300][90.250s][info ][gc] GC(3437) Pause Young (Normal) (G1 Evacuation Pause) 467M->468M(512M) 11.268ms
[2020-08-01T12:33:59.069+0300][90.278s][info ][gc] GC(3438) To-space exhausted
[2020-08-01T12:33:59.069+0300][90.278s][info ][gc] GC(3438) Pause Young (Normal) (G1 Evacuation Pause) 489M->498M(512M) 13.783ms
[2020-08-01T12:33:59.074+0300][90.283s][info ][gc] GC(3425) Pause Cleanup 499M->499M(512M) 0.120ms
[2020-08-01T12:33:59.074+0300][90.284s][info ][gc] GC(3425) Concurrent Cycle 373.749ms
[2020-08-01T12:33:59.105+0300][90.314s][info ][gc] GC(3439) To-space exhausted
[2020-08-01T12:33:59.105+0300][90.314s][info ][gc] GC(3439) Pause Young (Normal) (G1 Evacuation Pause) 511M->511M(512M) 25.337ms
[2020-08-01T12:33:59.144+0300][90.354s][info ][gc] GC(3440) Pause Full (G1 Evacuation Pause) 511M->68M(512M) 39.504ms
[2020-08-01T12:33:59.165+0300][90.374s][info ][gc] GC(3441) Pause Young (Normal) (G1 Evacuation Pause) 93M->93M(512M) 10.556ms
[2020-08-01T12:33:59.185+0300][90.394s][info ][gc] GC(3442) Pause Young (Normal) (G1 Evacuation Pause) 114M->115M(512M) 10.980ms
[2020-08-01T12:33:59.203+0300][90.413s][info ][gc] GC(3443) Pause Young (Normal) (G1 Evacuation Pause) 136M->137M(512M) 10.399ms
[2020-08-01T12:33:59.270+0300][90.480s][info ][gc] GC(3444) Pause Young (Normal) (G1 Evacuation Pause) 178M->180M(512M) 16.184ms
[2020-08-01T12:33:59.292+0300][90.501s][info ][gc] GC(3445) Pause Young (Normal) (G1 Evacuation Pause) 201M->202M(512M) 10.723ms
[2020-08-01T12:33:59.311+0300][90.520s][info ][gc] GC(3446) Pause Young (Normal) (G1 Evacuation Pause) 223M->225M(512M) 10.752ms
[2020-08-01T12:33:59.329+0300][90.538s][info ][gc] GC(3447) Pause Young (Normal) (G1 Evacuation Pause) 246M->248M(512M) 9.855ms
[2020-08-01T12:33:59.348+0300][90.557s][info ][gc] GC(3448) Pause Young (Concurrent Start) (G1 Evacuation Pause) 269M->270M(512M) 10.505ms
[2020-08-01T12:33:59.348+0300][90.557s][info ][gc] GC(3449) Concurrent Cycle
[2020-08-01T12:33:59.383+0300][90.592s][info ][gc] GC(3450) Pause Young (Normal) (G1 Evacuation Pause) 311M->312M(512M) 11.239ms
[2020-08-01T12:33:59.402+0300][90.611s][info ][gc] GC(3451) Pause Young (Normal) (G1 Evacuation Pause) 333M->334M(512M) 10.323ms
[2020-08-01T12:33:59.421+0300][90.630s][info ][gc] GC(3452) Pause Young (Normal) (G1 Evacuation Pause) 355M->357M(512M) 10.259ms
[2020-08-01T12:33:59.440+0300][90.649s][info ][gc] GC(3453) Pause Young (Normal) (G1 Evacuation Pause) 378M->379M(512M) 10.276ms
[2020-08-01T12:33:59.459+0300][90.669s][info ][gc] GC(3454) Pause Young (Normal) (G1 Evacuation Pause) 400M->401M(512M) 10.508ms
[2020-08-01T12:33:59.501+0300][90.711s][info ][gc] GC(3455) Pause Young (Normal) (G1 Evacuation Pause) 442M->444M(512M) 11.208ms
[2020-08-01T12:33:59.505+0300][90.714s][debug][gc] GC(3449) Reclaimed 134 empty regions
[2020-08-01T12:33:59.505+0300][90.715s][info ][gc] GC(3449) Pause Remark 452M->321M(512M) 0.449ms
[2020-08-01T12:33:59.521+0300][90.731s][info ][gc] GC(3456) Pause Young (Normal) (G1 Evacuation Pause) 334M->336M(512M) 10.930ms
[2020-08-01T12:33:59.547+0300][90.756s][info ][gc] GC(3457) Pause Young (Normal) (G1 Evacuation Pause) 357M->358M(512M) 10.655ms
[2020-08-01T12:33:59.572+0300][90.781s][info ][gc] GC(3458) Pause Young (Normal) (G1 Evacuation Pause) 379M->380M(512M) 10.499ms
[2020-08-01T12:33:59.597+0300][90.806s][info ][gc] GC(3459) Pause Young (Normal) (G1 Evacuation Pause) 401M->403M(512M) 10.797ms
[2020-08-01T12:33:59.624+0300][90.833s][info ][gc] GC(3460) Pause Young (Normal) (G1 Evacuation Pause) 424M->425M(512M) 12.312ms
[2020-08-01T12:33:59.678+0300][90.887s][info ][gc] GC(3461) Pause Young (Normal) (G1 Evacuation Pause) 466M->468M(512M) 11.038ms
[2020-08-01T12:33:59.705+0300][90.915s][info ][gc] GC(3462) To-space exhausted
[2020-08-01T12:33:59.705+0300][90.915s][info ][gc] GC(3462) Pause Young (Normal) (G1 Evacuation Pause) 489M->493M(512M) 12.888ms
[2020-08-01T12:33:59.751+0300][90.961s][info ][gc] GC(3463) To-space exhausted
[2020-08-01T12:33:59.751+0300][90.961s][info ][gc] GC(3463) Pause Young (Normal) (G1 Evacuation Pause) 511M->511M(512M) 33.248ms
[2020-08-01T12:33:59.752+0300][90.961s][debug][gc] GC(3464) Clear Next Bitmap 0.326ms
[2020-08-01T12:33:59.795+0300][91.005s][info ][gc] GC(3464) Pause Full (G1 Evacuation Pause) 511M->71M(512M) 43.923ms
[2020-08-01T12:33:59.796+0300][91.005s][info ][gc] GC(3449) Concurrent Cycle 447.786ms
[2020-08-01T12:33:59.816+0300][91.025s][info ][gc] GC(3465) Pause Young (Normal) (G1 Evacuation Pause) 96M->97M(512M) 10.541ms
[2020-08-01T12:33:59.837+0300][91.046s][info ][gc] GC(3466) Pause Young (Normal) (G1 Evacuation Pause) 120M->121M(512M) 11.100ms
[2020-08-01T12:33:59.876+0300][91.086s][info ][gc] GC(3467) Pause Young (Normal) (G1 Evacuation Pause) 162M->164M(512M) 11.492ms
[2020-08-01T12:33:59.895+0300][91.105s][info ][gc] GC(3468) Pause Young (Normal) (G1 Evacuation Pause) 185M->186M(512M) 10.392ms
[2020-08-01T12:33:59.914+0300][91.123s][info ][gc] GC(3469) Pause Young (Normal) (G1 Evacuation Pause) 207M->208M(512M) 10.281ms
[2020-08-01T12:33:59.933+0300][91.142s][info ][gc] GC(3470) Pause Young (Normal) (G1 Evacuation Pause) 229M->231M(512M) 10.386ms
[2020-08-01T12:33:59.953+0300][91.162s][info ][gc] GC(3471) Pause Young (Concurrent Start) (G1 Evacuation Pause) 252M->254M(512M) 11.733ms
[2020-08-01T12:33:59.953+0300][91.162s][info ][gc] GC(3472) Concurrent Cycle
[2020-08-01T12:33:59.972+0300][91.181s][info ][gc] GC(3473) Pause Young (Normal) (G1 Evacuation Pause) 275M->276M(512M) 10.206ms
[2020-08-01T12:34:00.006+0300][91.215s][info ][gc] GC(3474) Pause Young (Normal) (G1 Evacuation Pause) 318M->319M(512M) 10.972ms
[2020-08-01T12:34:00.025+0300][91.234s][info ][gc] GC(3475) Pause Young (Normal) (G1 Evacuation Pause) 340M->342M(512M) 10.515ms
[2020-08-01T12:34:00.045+0300][91.255s][info ][gc] GC(3476) Pause Young (Normal) (G1 Evacuation Pause) 363M->364M(512M) 10.804ms
[2020-08-01T12:34:00.065+0300][91.274s][info ][gc] GC(3477) Pause Young (Normal) (G1 Evacuation Pause) 385M->387M(512M) 10.284ms
[2020-08-01T12:34:00.084+0300][91.293s][info ][gc] GC(3478) Pause Young (Normal) (G1 Evacuation Pause) 408M->409M(512M) 10.350ms
[2020-08-01T12:34:00.096+0300][91.305s][debug][gc] GC(3472) Reclaimed 126 empty regions
[2020-08-01T12:34:00.096+0300][91.305s][info ][gc] GC(3472) Pause Remark 424M->301M(512M) 0.410ms
[2020-08-01T12:34:00.126+0300][91.335s][info ][gc] GC(3479) Pause Young (Normal) (G1 Evacuation Pause) 327M->329M(512M) 10.796ms
[2020-08-01T12:34:00.152+0300][91.361s][info ][gc] GC(3480) Pause Young (Normal) (G1 Evacuation Pause) 350M->351M(512M) 10.376ms
[2020-08-01T12:34:00.174+0300][91.384s][info ][gc] GC(3481) Pause Young (Normal) (G1 Evacuation Pause) 372M->374M(512M) 10.610ms
[2020-08-01T12:34:00.201+0300][91.410s][info ][gc] GC(3482) Pause Young (Normal) (G1 Evacuation Pause) 395M->397M(512M) 10.472ms
[2020-08-01T12:34:00.227+0300][91.437s][info ][gc] GC(3483) Pause Young (Normal) (G1 Evacuation Pause) 418M->419M(512M) 10.777ms
[2020-08-01T12:34:00.253+0300][91.463s][info ][gc] GC(3484) Pause Young (Normal) (G1 Evacuation Pause) 440M->441M(512M) 11.315ms
[2020-08-01T12:34:00.289+0300][91.499s][info ][gc] GC(3472) Pause Cleanup 470M->470M(512M) 0.148ms
[2020-08-01T12:34:00.290+0300][91.499s][info ][gc] GC(3472) Concurrent Cycle 336.898ms
[2020-08-01T12:34:00.305+0300][91.514s][info ][gc] GC(3485) Pause Young (Normal) (G1 Evacuation Pause) 482M->483M(512M) 10.196ms
[2020-08-01T12:34:00.344+0300][91.554s][info ][gc] GC(3486) To-space exhausted
[2020-08-01T12:34:00.344+0300][91.554s][info ][gc] GC(3486) Pause Young (Concurrent Start) (G1 Evacuation Pause) 504M->510M(512M) 31.242ms
[2020-08-01T12:34:00.344+0300][91.554s][info ][gc] GC(3487) Concurrent Cycle
[2020-08-01T12:34:00.355+0300][91.564s][info ][gc] GC(3488) To-space exhausted
[2020-08-01T12:34:00.355+0300][91.564s][info ][gc] GC(3488) Pause Young (Normal) (G1 Evacuation Pause) 511M->511M(512M) 7.430ms
[2020-08-01T12:34:00.356+0300][91.565s][debug][gc] GC(3489) Clear Next Bitmap 0.391ms
[2020-08-01T12:34:00.392+0300][91.601s][info ][gc] GC(3489) Pause Full (G1 Evacuation Pause) 511M->61M(512M) 36.880ms
[2020-08-01T12:34:00.392+0300][91.602s][info ][gc] GC(3487) Concurrent Cycle 47.757ms
[2020-08-01T12:34:00.413+0300][91.623s][info ][gc] GC(3490) Pause Young (Normal) (G1 Evacuation Pause) 88M->88M(512M) 10.336ms
[2020-08-01T12:34:00.435+0300][91.644s][info ][gc] GC(3491) Pause Young (Normal) (G1 Evacuation Pause) 114M->116M(512M) 11.267ms
[2020-08-01T12:34:00.519+0300][91.729s][info ][gc] GC(3492) Pause Young (Normal) (G1 Evacuation Pause) 158M->160M(512M) 46.331ms
[2020-08-01T12:34:00.547+0300][91.756s][info ][gc] GC(3493) Pause Young (Normal) (G1 Evacuation Pause) 181M->182M(512M) 13.297ms
[2020-08-01T12:34:00.566+0300][91.776s][info ][gc] GC(3494) Pause Young (Normal) (G1 Evacuation Pause) 203M->204M(512M) 10.523ms
[2020-08-01T12:34:00.586+0300][91.796s][info ][gc] GC(3495) Pause Young (Normal) (G1 Evacuation Pause) 225M->226M(512M) 11.764ms
[2020-08-01T12:34:00.607+0300][91.816s][info ][gc] GC(3496) Pause Young (Normal) (G1 Evacuation Pause) 247M->249M(512M) 12.056ms
[2020-08-01T12:34:00.626+0300][91.835s][info ][gc] GC(3497) Pause Young (Concurrent Start) (G1 Evacuation Pause) 270M->271M(512M) 10.273ms
[2020-08-01T12:34:00.626+0300][91.835s][info ][gc] GC(3498) Concurrent Cycle
[2020-08-01T12:34:00.660+0300][91.870s][info ][gc] GC(3499) Pause Young (Normal) (G1 Evacuation Pause) 312M->314M(512M) 11.346ms
[2020-08-01T12:34:00.679+0300][91.889s][info ][gc] GC(3500) Pause Young (Normal) (G1 Evacuation Pause) 335M->335M(512M) 10.507ms
[2020-08-01T12:34:00.701+0300][91.910s][info ][gc] GC(3501) Pause Young (Normal) (G1 Evacuation Pause) 356M->358M(512M) 12.740ms
[2020-08-01T12:34:00.720+0300][91.929s][info ][gc] GC(3502) Pause Young (Normal) (G1 Evacuation Pause) 379M->381M(512M) 10.583ms
[2020-08-01T12:34:00.740+0300][91.949s][info ][gc] GC(3503) Pause Young (Normal) (G1 Evacuation Pause) 402M->403M(512M) 10.585ms
[2020-08-01T12:34:00.781+0300][91.990s][info ][gc] GC(3504) Pause Young (Normal) (G1 Evacuation Pause) 444M->446M(512M) 12.263ms
[2020-08-01T12:34:00.789+0300][91.998s][debug][gc] GC(3498) Reclaimed 133 empty regions
[2020-08-01T12:34:00.789+0300][91.998s][info ][gc] GC(3498) Pause Remark 464M->333M(512M) 0.449ms
[2020-08-01T12:34:00.800+0300][92.010s][info ][gc] GC(3505) Pause Young (Normal) (G1 Evacuation Pause) 336M->338M(512M) 10.086ms
[2020-08-01T12:34:00.826+0300][92.035s][info ][gc] GC(3506) Pause Young (Normal) (G1 Evacuation Pause) 359M->360M(512M) 11.284ms
[2020-08-01T12:34:00.852+0300][92.062s][info ][gc] GC(3507) Pause Young (Normal) (G1 Evacuation Pause) 381M->382M(512M) 11.776ms
[2020-08-01T12:34:00.879+0300][92.088s][info ][gc] GC(3508) Pause Young (Normal) (G1 Evacuation Pause) 403M->405M(512M) 11.679ms
[2020-08-01T12:34:00.904+0300][92.114s][info ][gc] GC(3509) Pause Young (Normal) (G1 Evacuation Pause) 426M->427M(512M) 10.218ms
[2020-08-01T12:34:00.956+0300][92.166s][info ][gc] GC(3510) Pause Young (Normal) (G1 Evacuation Pause) 468M->470M(512M) 11.361ms
[2020-08-01T12:34:00.986+0300][92.195s][info ][gc] GC(3511) To-space exhausted
[2020-08-01T12:34:00.986+0300][92.196s][info ][gc] GC(3511) Pause Young (Normal) (G1 Evacuation Pause) 491M->499M(512M) 15.249ms
[2020-08-01T12:34:01.020+0300][92.230s][info ][gc] GC(3512) To-space exhausted
[2020-08-01T12:34:01.021+0300][92.230s][info ][gc] GC(3512) Pause Young (Normal) (G1 Evacuation Pause) 511M->511M(512M) 24.203ms
[2020-08-01T12:34:01.021+0300][92.230s][debug][gc] GC(3513) Clear Next Bitmap 0.297ms
[2020-08-01T12:34:01.061+0300][92.270s][info ][gc] GC(3513) Pause Full (G1 Evacuation Pause) 511M->67M(512M) 40.121ms
[2020-08-01T12:34:01.061+0300][92.270s][info ][gc] GC(3498) Concurrent Cycle 435.310ms
[2020-08-01T12:34:01.083+0300][92.293s][info ][gc] GC(3514) Pause Young (Normal) (G1 Evacuation Pause) 92M->92M(512M) 12.351ms
[2020-08-01T12:34:01.102+0300][92.312s][info ][gc] GC(3515) Pause Young (Normal) (G1 Evacuation Pause) 113M->114M(512M) 10.653ms
[2020-08-01T12:34:01.121+0300][92.330s][info ][gc] GC(3516) Pause Young (Normal) (G1 Evacuation Pause) 135M->137M(512M) 10.472ms
[2020-08-01T12:34:01.193+0300][92.402s][info ][gc] GC(3517) Pause Young (Normal) (G1 Evacuation Pause) 178M->180M(512M) 18.392ms
[2020-08-01T12:34:01.216+0300][92.425s][info ][gc] GC(3518) Pause Young (Normal) (G1 Evacuation Pause) 201M->202M(512M) 12.024ms
[2020-08-01T12:34:01.235+0300][92.444s][info ][gc] GC(3519) Pause Young (Normal) (G1 Evacuation Pause) 223M->224M(512M) 10.859ms
[2020-08-01T12:34:01.254+0300][92.464s][info ][gc] GC(3520) Pause Young (Normal) (G1 Evacuation Pause) 245M->245M(512M) 10.880ms
[2020-08-01T12:34:01.273+0300][92.482s][info ][gc] GC(3521) Pause Young (Concurrent Start) (G1 Evacuation Pause) 266M->268M(512M) 10.356ms
[2020-08-01T12:34:01.273+0300][92.482s][info ][gc] GC(3522) Concurrent Cycle
[2020-08-01T12:34:01.313+0300][92.523s][info ][gc] GC(3523) Pause Young (Normal) (G1 Evacuation Pause) 309M->310M(512M) 10.920ms
[2020-08-01T12:34:01.334+0300][92.544s][info ][gc] GC(3524) Pause Young (Normal) (G1 Evacuation Pause) 331M->333M(512M) 12.176ms
[2020-08-01T12:34:01.355+0300][92.565s][info ][gc] GC(3525) Pause Young (Normal) (G1 Evacuation Pause) 354M->356M(512M) 12.144ms
[2020-08-01T12:34:01.377+0300][92.586s][info ][gc] GC(3526) Pause Young (Normal) (G1 Evacuation Pause) 377M->378M(512M) 12.242ms
[2020-08-01T12:34:01.396+0300][92.606s][info ][gc] GC(3527) Pause Young (Normal) (G1 Evacuation Pause) 399M->401M(512M) 10.631ms
[2020-08-01T12:34:01.416+0300][92.625s][info ][gc] GC(3528) Pause Young (Normal) (G1 Evacuation Pause) 422M->423M(512M) 10.395ms
[2020-08-01T12:34:01.433+0300][92.643s][debug][gc] GC(3522) Reclaimed 134 empty regions
[2020-08-01T12:34:01.433+0300][92.643s][info ][gc] GC(3522) Pause Remark 425M->294M(512M) 0.434ms
[2020-08-01T12:34:01.456+0300][92.666s][info ][gc] GC(3529) Pause Young (Normal) (G1 Evacuation Pause) 334M->335M(512M) 11.160ms
[2020-08-01T12:34:01.486+0300][92.696s][info ][gc] GC(3530) Pause Young (Normal) (G1 Evacuation Pause) 356M->357M(512M) 12.232ms
[2020-08-01T12:34:01.512+0300][92.721s][info ][gc] GC(3531) Pause Young (Normal) (G1 Evacuation Pause) 378M->380M(512M) 10.433ms
[2020-08-01T12:34:01.538+0300][92.747s][info ][gc] GC(3532) Pause Young (Normal) (G1 Evacuation Pause) 401M->402M(512M) 11.023ms
[2020-08-01T12:34:01.563+0300][92.773s][info ][gc] GC(3533) Pause Young (Normal) (G1 Evacuation Pause) 423M->425M(512M) 10.556ms
[2020-08-01T12:34:01.608+0300][92.817s][info ][gc] GC(3534) Pause Young (Normal) (G1 Evacuation Pause) 466M->467M(512M) 11.104ms
[2020-08-01T12:34:01.641+0300][92.851s][info ][gc] GC(3535) To-space exhausted
[2020-08-01T12:34:01.641+0300][92.851s][info ][gc] GC(3535) Pause Young (Normal) (G1 Evacuation Pause) 488M->494M(512M) 14.215ms
[2020-08-01T12:34:01.648+0300][92.857s][info ][gc] GC(3522) Pause Cleanup 495M->495M(512M) 0.122ms
[2020-08-01T12:34:01.649+0300][92.858s][info ][gc] GC(3522) Concurrent Cycle 375.526ms
[2020-08-01T12:34:01.686+0300][92.896s][info ][gc] GC(3536) To-space exhausted
[2020-08-01T12:34:01.687+0300][92.896s][info ][gc] GC(3536) Pause Young (Normal) (G1 Evacuation Pause) 511M->511M(512M) 30.900ms
[2020-08-01T12:34:01.727+0300][92.936s][info ][gc] GC(3537) Pause Full (G1 Evacuation Pause) 511M->69M(512M) 40.243ms
[2020-08-01T12:34:01.748+0300][92.957s][info ][gc] GC(3538) Pause Young (Normal) (G1 Evacuation Pause) 94M->95M(512M) 10.856ms
[2020-08-01T12:34:01.767+0300][92.976s][info ][gc] GC(3539) Pause Young (Normal) (G1 Evacuation Pause) 117M->118M(512M) 10.121ms
[2020-08-01T12:34:01.834+0300][93.044s][info ][gc] GC(3540) Pause Young (Normal) (G1 Evacuation Pause) 159M->160M(512M) 28.372ms
[2020-08-01T12:34:01.859+0300][93.069s][info ][gc] GC(3541) Pause Young (Normal) (G1 Evacuation Pause) 181M->182M(512M) 12.511ms
[2020-08-01T12:34:01.878+0300][93.088s][info ][gc] GC(3542) Pause Young (Normal) (G1 Evacuation Pause) 203M->205M(512M) 10.334ms
[2020-08-01T12:34:01.897+0300][93.107s][info ][gc] GC(3543) Pause Young (Normal) (G1 Evacuation Pause) 226M->227M(512M) 10.374ms
[2020-08-01T12:34:01.916+0300][93.125s][info ][gc] GC(3544) Pause Young (Normal) (G1 Evacuation Pause) 248M->250M(512M) 10.356ms
[2020-08-01T12:34:01.935+0300][93.144s][info ][gc] GC(3545) Pause Young (Concurrent Start) (G1 Evacuation Pause) 271M->272M(512M) 10.276ms
[2020-08-01T12:34:01.935+0300][93.144s][info ][gc] GC(3546) Concurrent Cycle
[2020-08-01T12:34:01.967+0300][93.176s][info ][gc] GC(3547) Pause Young (Normal) (G1 Evacuation Pause) 313M->314M(512M) 10.299ms
[2020-08-01T12:34:01.986+0300][93.196s][info ][gc] GC(3548) Pause Young (Normal) (G1 Evacuation Pause) 335M->337M(512M) 10.449ms
[2020-08-01T12:34:02.005+0300][93.215s][info ][gc] GC(3549) Pause Young (Normal) (G1 Evacuation Pause) 358M->360M(512M) 10.217ms
[2020-08-01T12:34:02.024+0300][93.234s][info ][gc] GC(3550) Pause Young (Normal) (G1 Evacuation Pause) 381M->382M(512M) 10.323ms
[2020-08-01T12:34:02.044+0300][93.253s][info ][gc] GC(3551) Pause Young (Normal) (G1 Evacuation Pause) 403M->404M(512M) 10.529ms
[2020-08-01T12:34:02.087+0300][93.296s][info ][gc] GC(3552) Pause Young (Normal) (G1 Evacuation Pause) 445M->447M(512M) 10.117ms
[2020-08-01T12:34:02.091+0300][93.301s][debug][gc] GC(3546) Reclaimed 134 empty regions
[2020-08-01T12:34:02.091+0300][93.301s][info ][gc] GC(3546) Pause Remark 457M->327M(512M) 0.433ms
[2020-08-01T12:34:02.107+0300][93.317s][info ][gc] GC(3553) Pause Young (Normal) (G1 Evacuation Pause) 338M->339M(512M) 11.265ms
[2020-08-01T12:34:02.132+0300][93.341s][info ][gc] GC(3554) Pause Young (Normal) (G1 Evacuation Pause) 360M->362M(512M) 10.524ms
[2020-08-01T12:34:02.156+0300][93.365s][info ][gc] GC(3555) Pause Young (Normal) (G1 Evacuation Pause) 383M->385M(512M) 10.420ms
[2020-08-01T12:34:02.178+0300][93.388s][info ][gc] GC(3556) Pause Young (Normal) (G1 Evacuation Pause) 406M->407M(512M) 10.819ms
[2020-08-01T12:34:02.204+0300][93.414s][info ][gc] GC(3557) Pause Young (Normal) (G1 Evacuation Pause) 428M->429M(512M) 10.547ms
[2020-08-01T12:34:02.249+0300][93.458s][info ][gc] GC(3558) Pause Young (Normal) (G1 Evacuation Pause) 470M->472M(512M) 10.842ms
[2020-08-01T12:34:02.283+0300][93.493s][info ][gc] GC(3559) To-space exhausted
[2020-08-01T12:34:02.283+0300][93.493s][info ][gc] GC(3559) Pause Young (Normal) (G1 Evacuation Pause) 493M->499M(512M) 17.745ms
[2020-08-01T12:34:02.321+0300][93.530s][info ][gc] GC(3560) To-space exhausted
[2020-08-01T12:34:02.321+0300][93.530s][info ][gc] GC(3560) Pause Young (Normal) (G1 Evacuation Pause) 511M->511M(512M) 25.760ms
[2020-08-01T12:34:02.321+0300][93.530s][debug][gc] GC(3561) Clear Next Bitmap 0.226ms
[2020-08-01T12:34:02.364+0300][93.573s][info ][gc] GC(3561) Pause Full (G1 Evacuation Pause) 511M->68M(512M) 42.682ms
[2020-08-01T12:34:02.364+0300][93.573s][info ][gc] GC(3546) Concurrent Cycle 429.081ms
[2020-08-01T12:34:02.384+0300][93.593s][info ][gc] GC(3562) Pause Young (Normal) (G1 Evacuation Pause) 93M->93M(512M) 10.492ms
[2020-08-01T12:34:02.403+0300][93.612s][info ][gc] GC(3563) Pause Young (Normal) (G1 Evacuation Pause) 114M->115M(512M) 10.408ms
[2020-08-01T12:34:02.422+0300][93.631s][info ][gc] GC(3564) Pause Young (Normal) (G1 Evacuation Pause) 136M->138M(512M) 10.520ms
[2020-08-01T12:34:02.453+0300][93.662s][info ][gc] GC(3565) Pause Young (Normal) (G1 Evacuation Pause) 179M->181M(512M) 10.335ms
[2020-08-01T12:34:02.472+0300][93.682s][info ][gc] GC(3566) Pause Young (Normal) (G1 Evacuation Pause) 202M->203M(512M) 10.820ms
[2020-08-01T12:34:02.491+0300][93.700s][info ][gc] GC(3567) Pause Young (Normal) (G1 Evacuation Pause) 224M->226M(512M) 10.348ms
[2020-08-01T12:34:02.510+0300][93.719s][info ][gc] GC(3568) Pause Young (Normal) (G1 Evacuation Pause) 247M->248M(512M) 10.116ms
[2020-08-01T12:34:02.528+0300][93.738s][info ][gc] GC(3569) Pause Young (Concurrent Start) (G1 Evacuation Pause) 269M->271M(512M) 10.589ms
[2020-08-01T12:34:02.528+0300][93.738s][info ][gc] GC(3570) Concurrent Cycle
[2020-08-01T12:34:02.574+0300][93.784s][info ][gc] GC(3571) Pause Young (Normal) (G1 Evacuation Pause) 312M->313M(512M) 10.699ms
[2020-08-01T12:34:02.593+0300][93.803s][info ][gc] GC(3572) Pause Young (Normal) (G1 Evacuation Pause) 334M->336M(512M) 10.349ms
[2020-08-01T12:34:02.613+0300][93.822s][info ][gc] GC(3573) Pause Young (Normal) (G1 Evacuation Pause) 357M->359M(512M) 10.441ms
[2020-08-01T12:34:02.632+0300][93.841s][info ][gc] GC(3574) Pause Young (Normal) (G1 Evacuation Pause) 380M->381M(512M) 10.165ms
[2020-08-01T12:34:02.653+0300][93.862s][info ][gc] GC(3575) Pause Young (Normal) (G1 Evacuation Pause) 403M->405M(512M) 12.445ms
[2020-08-01T12:34:02.675+0300][93.884s][debug][gc] GC(3570) Reclaimed 134 empty regions
[2020-08-01T12:34:02.675+0300][93.884s][info ][gc] GC(3570) Pause Remark 425M->294M(512M) 0.661ms
[2020-08-01T12:34:02.698+0300][93.908s][info ][gc] GC(3576) Pause Young (Normal) (G1 Evacuation Pause) 315M->316M(512M) 11.224ms
[2020-08-01T12:34:02.729+0300][93.938s][info ][gc] GC(3577) Pause Young (Normal) (G1 Evacuation Pause) 337M->338M(512M) 12.214ms
[2020-08-01T12:34:02.753+0300][93.963s][info ][gc] GC(3578) Pause Young (Normal) (G1 Evacuation Pause) 359M->361M(512M) 10.445ms
[2020-08-01T12:34:02.779+0300][93.988s][info ][gc] GC(3579) Pause Young (Normal) (G1 Evacuation Pause) 382M->384M(512M) 10.945ms
[2020-08-01T12:34:02.802+0300][94.012s][info ][gc] GC(3580) Pause Young (Normal) (G1 Evacuation Pause) 405M->406M(512M) 10.520ms
[2020-08-01T12:34:02.828+0300][94.038s][info ][gc] GC(3581) Pause Young (Normal) (G1 Evacuation Pause) 427M->429M(512M) 10.538ms
[2020-08-01T12:34:02.874+0300][94.083s][info ][gc] GC(3582) Pause Young (Normal) (G1 Evacuation Pause) 470M->471M(512M) 10.674ms
[2020-08-01T12:34:02.879+0300][94.088s][info ][gc] GC(3570) Pause Cleanup 472M->472M(512M) 0.107ms
[2020-08-01T12:34:02.879+0300][94.089s][info ][gc] GC(3570) Concurrent Cycle 350.767ms
[2020-08-01T12:34:02.904+0300][94.113s][info ][gc] GC(3583) To-space exhausted
[2020-08-01T12:34:02.904+0300][94.113s][info ][gc] GC(3583) Pause Young (Normal) (G1 Evacuation Pause) 492M->499M(512M) 16.314ms
[2020-08-01T12:34:02.935+0300][94.144s][info ][gc] GC(3584) To-space exhausted
[2020-08-01T12:34:02.935+0300][94.144s][info ][gc] GC(3584) Pause Young (Concurrent Start) (G1 Evacuation Pause) 511M->511M(512M) 26.273ms
[2020-08-01T12:34:02.935+0300][94.144s][info ][gc] GC(3586) Concurrent Cycle
[2020-08-01T12:34:02.935+0300][94.145s][debug][gc] GC(3585) Clear Next Bitmap 0.429ms
[2020-08-01T12:34:02.975+0300][94.184s][info ][gc] GC(3585) Pause Full (G1 Evacuation Pause) 511M->66M(512M) 39.828ms
[2020-08-01T12:34:02.975+0300][94.184s][info ][gc] GC(3586) Concurrent Cycle 40.168ms
[2020-08-01T12:34:02.999+0300][94.208s][info ][gc] GC(3587) Pause Young (Normal) (G1 Evacuation Pause) 95M->96M(512M) 12.058ms
[2020-08-01T12:34:03.020+0300][94.230s][info ][gc] GC(3588) Pause Young (Normal) (G1 Evacuation Pause) 121M->122M(512M) 11.982ms
[2020-08-01T12:34:03.081+0300][94.291s][info ][gc] GC(3589) Pause Young (Normal) (G1 Evacuation Pause) 163M->165M(512M) 26.411ms
[2020-08-01T12:34:03.107+0300][94.316s][info ][gc] GC(3590) Pause Young (Normal) (G1 Evacuation Pause) 186M->187M(512M) 13.107ms
[2020-08-01T12:34:03.126+0300][94.335s][info ][gc] GC(3591) Pause Young (Normal) (G1 Evacuation Pause) 208M->210M(512M) 10.450ms
[2020-08-01T12:34:03.145+0300][94.354s][info ][gc] GC(3592) Pause Young (Normal) (G1 Evacuation Pause) 231M->232M(512M) 10.530ms
[2020-08-01T12:34:03.163+0300][94.373s][info ][gc] GC(3593) Pause Young (Concurrent Start) (G1 Evacuation Pause) 253M->254M(512M) 10.421ms
[2020-08-01T12:34:03.164+0300][94.373s][info ][gc] GC(3594) Concurrent Cycle
[2020-08-01T12:34:03.182+0300][94.391s][info ][gc] GC(3595) Pause Young (Normal) (G1 Evacuation Pause) 275M->277M(512M) 9.957ms
[2020-08-01T12:34:03.219+0300][94.429s][info ][gc] GC(3596) Pause Young (Normal) (G1 Evacuation Pause) 318M->319M(512M) 10.728ms
[2020-08-01T12:34:03.240+0300][94.450s][info ][gc] GC(3597) Pause Young (Normal) (G1 Evacuation Pause) 340M->341M(512M) 11.902ms
[2020-08-01T12:34:03.259+0300][94.469s][info ][gc] GC(3598) Pause Young (Normal) (G1 Evacuation Pause) 362M->363M(512M) 10.115ms
[2020-08-01T12:34:03.280+0300][94.489s][info ][gc] GC(3599) Pause Young (Normal) (G1 Evacuation Pause) 385M->386M(512M) 11.265ms
[2020-08-01T12:34:03.299+0300][94.508s][info ][gc] GC(3600) Pause Young (Normal) (G1 Evacuation Pause) 407M->409M(512M) 10.545ms
[2020-08-01T12:34:03.308+0300][94.517s][debug][gc] GC(3594) Reclaimed 129 empty regions
[2020-08-01T12:34:03.308+0300][94.517s][info ][gc] GC(3594) Pause Remark 423M->296M(512M) 0.427ms
[2020-08-01T12:34:03.343+0300][94.552s][info ][gc] GC(3601) Pause Young (Normal) (G1 Evacuation Pause) 323M->325M(512M) 11.785ms
[2020-08-01T12:34:03.370+0300][94.579s][info ][gc] GC(3602) Pause Young (Normal) (G1 Evacuation Pause) 346M->347M(512M) 11.870ms
[2020-08-01T12:34:03.396+0300][94.606s][info ][gc] GC(3603) Pause Young (Normal) (G1 Evacuation Pause) 368M->370M(512M) 11.658ms
[2020-08-01T12:34:03.423+0300][94.632s][info ][gc] GC(3604) Pause Young (Normal) (G1 Evacuation Pause) 391M->392M(512M) 11.723ms
[2020-08-01T12:34:03.449+0300][94.658s][info ][gc] GC(3605) Pause Young (Normal) (G1 Evacuation Pause) 413M->415M(512M) 10.468ms
[2020-08-01T12:34:03.472+0300][94.682s][info ][gc] GC(3606) Pause Young (Normal) (G1 Evacuation Pause) 436M->437M(512M) 10.569ms
[2020-08-01T12:34:03.504+0300][94.713s][info ][gc] GC(3594) Pause Cleanup 474M->474M(512M) 0.129ms
[2020-08-01T12:34:03.505+0300][94.714s][info ][gc] GC(3594) Concurrent Cycle 341.098ms
[2020-08-01T12:34:03.516+0300][94.726s][info ][gc] GC(3607) Pause Young (Normal) (G1 Evacuation Pause) 478M->480M(512M) 10.645ms
[2020-08-01T12:34:03.552+0300][94.762s][info ][gc] GC(3608) To-space exhausted
[2020-08-01T12:34:03.552+0300][94.762s][info ][gc] GC(3608) Pause Young (Concurrent Start) (G1 Evacuation Pause) 501M->509M(512M) 27.478ms
[2020-08-01T12:34:03.552+0300][94.762s][info ][gc] GC(3609) Concurrent Cycle
[2020-08-01T12:34:03.565+0300][94.774s][info ][gc] GC(3610) To-space exhausted
[2020-08-01T12:34:03.565+0300][94.775s][info ][gc] GC(3610) Pause Young (Normal) (G1 Evacuation Pause) 511M->511M(512M) 9.836ms
[2020-08-01T12:34:03.566+0300][94.775s][debug][gc] GC(3611) Clear Next Bitmap 0.338ms
[2020-08-01T12:34:03.601+0300][94.810s][info ][gc] GC(3611) Pause Full (G1 Evacuation Pause) 511M->63M(512M) 35.819ms
[2020-08-01T12:34:03.601+0300][94.811s][info ][gc] GC(3609) Concurrent Cycle 48.987ms
[2020-08-01T12:34:03.622+0300][94.831s][info ][gc] GC(3612) Pause Young (Normal) (G1 Evacuation Pause) 88M->88M(512M) 10.798ms
[2020-08-01T12:34:03.641+0300][94.850s][info ][gc] GC(3613) Pause Young (Normal) (G1 Evacuation Pause) 109M->110M(512M) 10.592ms
[2020-08-01T12:34:03.660+0300][94.870s][info ][gc] GC(3614) Pause Young (Normal) (G1 Evacuation Pause) 131M->132M(512M) 10.374ms
[2020-08-01T12:34:03.699+0300][94.908s][info ][gc] GC(3615) Pause Young (Normal) (G1 Evacuation Pause) 173M->174M(512M) 10.422ms
[2020-08-01T12:34:03.718+0300][94.927s][info ][gc] GC(3616) Pause Young (Normal) (G1 Evacuation Pause) 195M->196M(512M) 10.329ms
[2020-08-01T12:34:03.737+0300][94.947s][info ][gc] GC(3617) Pause Young (Normal) (G1 Evacuation Pause) 217M->219M(512M) 11.043ms
[2020-08-01T12:34:03.756+0300][94.966s][info ][gc] GC(3618) Pause Young (Normal) (G1 Evacuation Pause) 240M->242M(512M) 10.839ms
[2020-08-01T12:34:03.776+0300][94.985s][info ][gc] GC(3619) Pause Young (Concurrent Start) (G1 Evacuation Pause) 263M->265M(512M) 10.839ms
[2020-08-01T12:34:03.776+0300][94.985s][info ][gc] GC(3620) Concurrent Cycle
[2020-08-01T12:34:03.820+0300][95.030s][info ][gc] GC(3621) Pause Young (Normal) (G1 Evacuation Pause) 306M->307M(512M) 10.564ms
[2020-08-01T12:34:03.840+0300][95.049s][info ][gc] GC(3622) Pause Young (Normal) (G1 Evacuation Pause) 328M->329M(512M) 10.461ms
[2020-08-01T12:34:03.859+0300][95.068s][info ][gc] GC(3623) Pause Young (Normal) (G1 Evacuation Pause) 350M->351M(512M) 10.366ms
[2020-08-01T12:34:03.878+0300][95.087s][info ][gc] GC(3624) Pause Young (Normal) (G1 Evacuation Pause) 372M->373M(512M) 10.362ms
[2020-08-01T12:34:03.897+0300][95.106s][info ][gc] GC(3625) Pause Young (Normal) (G1 Evacuation Pause) 394M->395M(512M) 10.436ms
[2020-08-01T12:34:03.916+0300][95.125s][info ][gc] GC(3626) Pause Young (Normal) (G1 Evacuation Pause) 416M->418M(512M) 10.425ms
[2020-08-01T12:34:03.926+0300][95.135s][debug][gc] GC(3620) Reclaimed 130 empty regions
[2020-08-01T12:34:03.926+0300][95.135s][info ][gc] GC(3620) Pause Remark 423M->296M(512M) 0.415ms
[2020-08-01T12:34:03.948+0300][95.158s][info ][gc] GC(3627) Pause Young (Normal) (G1 Evacuation Pause) 332M->333M(512M) 10.549ms
[2020-08-01T12:34:03.974+0300][95.183s][info ][gc] GC(3628) Pause Young (Normal) (G1 Evacuation Pause) 354M->355M(512M) 10.621ms
[2020-08-01T12:34:03.999+0300][95.208s][info ][gc] GC(3629) Pause Young (Normal) (G1 Evacuation Pause) 376M->377M(512M) 10.861ms
[2020-08-01T12:34:04.022+0300][95.232s][info ][gc] GC(3630) Pause Young (Normal) (G1 Evacuation Pause) 398M->400M(512M) 10.355ms
[2020-08-01T12:34:04.048+0300][95.257s][info ][gc] GC(3631) Pause Young (Normal) (G1 Evacuation Pause) 421M->422M(512M) 10.605ms
[2020-08-01T12:34:04.087+0300][95.296s][info ][gc] GC(3632) Pause Young (Normal) (G1 Evacuation Pause) 463M->464M(512M) 12.286ms
[2020-08-01T12:34:04.112+0300][95.322s][info ][gc] GC(3633) Pause Young (Normal) (G1 Evacuation Pause) 485M->486M(512M) 10.651ms
[2020-08-01T12:34:04.158+0300][95.367s][info ][gc] GC(3634) To-space exhausted
[2020-08-01T12:34:04.158+0300][95.367s][info ][gc] GC(3634) Pause Young (Normal) (G1 Evacuation Pause) 507M->511M(512M) 31.769ms
[2020-08-01T12:34:04.159+0300][95.368s][debug][gc] GC(3635) Clear Next Bitmap 0.318ms
[2020-08-01T12:34:04.200+0300][95.409s][info ][gc] GC(3635) Pause Full (G1 Evacuation Pause) 511M->69M(512M) 41.896ms
[2020-08-01T12:34:04.200+0300][95.410s][info ][gc] GC(3620) Concurrent Cycle 424.576ms
[2020-08-01T12:34:04.221+0300][95.430s][info ][gc] GC(3636) Pause Young (Normal) (G1 Evacuation Pause) 95M->96M(512M) 10.172ms
[2020-08-01T12:34:04.242+0300][95.452s][info ][gc] GC(3637) Pause Young (Normal) (G1 Evacuation Pause) 121M->123M(512M) 11.830ms
[2020-08-01T12:34:04.311+0300][95.520s][info ][gc] GC(3638) Pause Young (Normal) (G1 Evacuation Pause) 164M->165M(512M) 24.631ms
[2020-08-01T12:34:04.334+0300][95.543s][info ][gc] GC(3639) Pause Young (Normal) (G1 Evacuation Pause) 186M->187M(512M) 11.631ms
[2020-08-01T12:34:04.353+0300][95.562s][info ][gc] GC(3640) Pause Young (Normal) (G1 Evacuation Pause) 208M->209M(512M) 10.618ms
[2020-08-01T12:34:04.373+0300][95.582s][info ][gc] GC(3641) Pause Young (Normal) (G1 Evacuation Pause) 230M->231M(512M) 11.107ms
[2020-08-01T12:34:04.392+0300][95.601s][info ][gc] GC(3642) Pause Young (Concurrent Start) (G1 Evacuation Pause) 252M->253M(512M) 10.767ms
[2020-08-01T12:34:04.392+0300][95.601s][info ][gc] GC(3643) Concurrent Cycle
[2020-08-01T12:34:04.411+0300][95.620s][info ][gc] GC(3644) Pause Young (Normal) (G1 Evacuation Pause) 274M->276M(512M) 10.382ms
[2020-08-01T12:34:04.449+0300][95.658s][info ][gc] GC(3645) Pause Young (Normal) (G1 Evacuation Pause) 317M->318M(512M) 11.168ms
[2020-08-01T12:34:04.468+0300][95.677s][info ][gc] GC(3646) Pause Young (Normal) (G1 Evacuation Pause) 339M->341M(512M) 10.593ms
[2020-08-01T12:34:04.487+0300][95.696s][info ][gc] GC(3647) Pause Young (Normal) (G1 Evacuation Pause) 362M->363M(512M) 10.308ms
[2020-08-01T12:34:04.506+0300][95.715s][info ][gc] GC(3648) Pause Young (Normal) (G1 Evacuation Pause) 384M->385M(512M) 10.346ms
[2020-08-01T12:34:04.525+0300][95.734s][info ][gc] GC(3649) Pause Young (Normal) (G1 Evacuation Pause) 406M->408M(512M) 10.056ms
[2020-08-01T12:34:04.535+0300][95.744s][debug][gc] GC(3643) Reclaimed 129 empty regions
[2020-08-01T12:34:04.535+0300][95.744s][info ][gc] GC(3643) Pause Remark 422M->297M(512M) 0.416ms
[2020-08-01T12:34:04.571+0300][95.780s][info ][gc] GC(3650) Pause Young (Normal) (G1 Evacuation Pause) 324M->325M(512M) 12.197ms
[2020-08-01T12:34:04.598+0300][95.807s][info ][gc] GC(3651) Pause Young (Normal) (G1 Evacuation Pause) 346M->348M(512M) 10.582ms
[2020-08-01T12:34:04.624+0300][95.833s][info ][gc] GC(3652) Pause Young (Normal) (G1 Evacuation Pause) 369M->370M(512M) 10.467ms
[2020-08-01T12:34:04.648+0300][95.858s][info ][gc] GC(3653) Pause Young (Normal) (G1 Evacuation Pause) 391M->393M(512M) 10.409ms
[2020-08-01T12:34:04.675+0300][95.884s][info ][gc] GC(3654) Pause Young (Normal) (G1 Evacuation Pause) 414M->415M(512M) 11.194ms
[2020-08-01T12:34:04.701+0300][95.910s][info ][gc] GC(3655) Pause Young (Normal) (G1 Evacuation Pause) 436M->437M(512M) 10.526ms
[2020-08-01T12:34:04.728+0300][95.937s][info ][gc] GC(3643) Pause Cleanup 461M->461M(512M) 0.133ms
[2020-08-01T12:34:04.728+0300][95.938s][info ][gc] GC(3643) Concurrent Cycle 336.549ms
[2020-08-01T12:34:04.747+0300][95.956s][info ][gc] GC(3656) Pause Young (Normal) (G1 Evacuation Pause) 478M->479M(512M) 10.936ms
[2020-08-01T12:34:04.781+0300][95.991s][info ][gc] GC(3657) To-space exhausted
[2020-08-01T12:34:04.782+0300][95.991s][info ][gc] GC(3657) Pause Young (Concurrent Start) (G1 Evacuation Pause) 500M->508M(512M) 26.299ms
[2020-08-01T12:34:04.782+0300][95.991s][info ][gc] GC(3658) Concurrent Cycle
[2020-08-01T12:34:04.796+0300][96.006s][info ][gc] GC(3659) To-space exhausted
[2020-08-01T12:34:04.796+0300][96.006s][info ][gc] GC(3659) Pause Young (Normal) (G1 Evacuation Pause) 511M->511M(512M) 10.966ms
[2020-08-01T12:34:04.797+0300][96.006s][debug][gc] GC(3660) Clear Next Bitmap 0.297ms
[2020-08-01T12:34:04.833+0300][96.042s][info ][gc] GC(3660) Pause Full (G1 Evacuation Pause) 511M->63M(512M) 36.407ms
[2020-08-01T12:34:04.833+0300][96.042s][info ][gc] GC(3658) Concurrent Cycle 51.468ms
[2020-08-01T12:34:04.853+0300][96.063s][info ][gc] GC(3661) Pause Young (Normal) (G1 Evacuation Pause) 88M->88M(512M) 10.492ms
[2020-08-01T12:34:04.873+0300][96.082s][info ][gc] GC(3662) Pause Young (Normal) (G1 Evacuation Pause) 110M->111M(512M) 10.774ms
[2020-08-01T12:34:04.892+0300][96.101s][info ][gc] GC(3663) Pause Young (Normal) (G1 Evacuation Pause) 132M->133M(512M) 10.583ms
[2020-08-01T12:34:04.982+0300][96.191s][info ][gc] GC(3664) Pause Young (Normal) (G1 Evacuation Pause) 174M->175M(512M) 33.791ms
[2020-08-01T12:34:05.007+0300][96.217s][info ][gc] GC(3665) Pause Young (Normal) (G1 Evacuation Pause) 196M->198M(512M) 12.531ms
[2020-08-01T12:34:05.027+0300][96.236s][info ][gc] GC(3666) Pause Young (Normal) (G1 Evacuation Pause) 219M->221M(512M) 10.451ms
[2020-08-01T12:34:05.045+0300][96.255s][info ][gc] GC(3667) Pause Young (Normal) (G1 Evacuation Pause) 242M->243M(512M) 10.529ms
[2020-08-01T12:34:05.066+0300][96.275s][info ][gc] GC(3668) Pause Young (Concurrent Start) (G1 Evacuation Pause) 264M->265M(512M) 11.963ms
[2020-08-01T12:34:05.066+0300][96.275s][info ][gc] GC(3669) Concurrent Cycle
[2020-08-01T12:34:05.114+0300][96.324s][info ][gc] GC(3670) Pause Young (Normal) (G1 Evacuation Pause) 306M->307M(512M) 11.414ms
[2020-08-01T12:34:05.134+0300][96.343s][info ][gc] GC(3671) Pause Young (Normal) (G1 Evacuation Pause) 328M->330M(512M) 10.892ms
[2020-08-01T12:34:05.153+0300][96.362s][info ][gc] GC(3672) Pause Young (Normal) (G1 Evacuation Pause) 351M->352M(512M) 10.340ms
[2020-08-01T12:34:05.172+0300][96.382s][info ][gc] GC(3673) Pause Young (Normal) (G1 Evacuation Pause) 373M->374M(512M) 10.353ms
[2020-08-01T12:34:05.192+0300][96.401s][info ][gc] GC(3674) Pause Young (Normal) (G1 Evacuation Pause) 395M->396M(512M) 10.735ms
[2020-08-01T12:34:05.211+0300][96.421s][info ][gc] GC(3675) Pause Young (Normal) (G1 Evacuation Pause) 417M->418M(512M) 10.648ms
[2020-08-01T12:34:05.221+0300][96.430s][debug][gc] GC(3669) Reclaimed 129 empty regions
[2020-08-01T12:34:05.221+0300][96.430s][info ][gc] GC(3669) Pause Remark 422M->297M(512M) 0.419ms
[2020-08-01T12:34:05.257+0300][96.467s][info ][gc] GC(3676) Pause Young (Normal) (G1 Evacuation Pause) 334M->335M(512M) 11.314ms
[2020-08-01T12:34:05.286+0300][96.495s][info ][gc] GC(3677) Pause Young (Normal) (G1 Evacuation Pause) 356M->358M(512M) 10.681ms
[2020-08-01T12:34:05.312+0300][96.522s][info ][gc] GC(3678) Pause Young (Normal) (G1 Evacuation Pause) 379M->380M(512M) 11.606ms
[2020-08-01T12:34:05.338+0300][96.547s][info ][gc] GC(3679) Pause Young (Normal) (G1 Evacuation Pause) 401M->402M(512M) 10.665ms
[2020-08-01T12:34:05.364+0300][96.573s][info ][gc] GC(3680) Pause Young (Normal) (G1 Evacuation Pause) 423M->424M(512M) 12.477ms
[2020-08-01T12:34:05.407+0300][96.617s][info ][gc] GC(3681) Pause Young (Normal) (G1 Evacuation Pause) 465M->467M(512M) 10.812ms
[2020-08-01T12:34:05.422+0300][96.631s][info ][gc] GC(3669) Pause Cleanup 486M->486M(512M) 0.135ms
[2020-08-01T12:34:05.423+0300][96.632s][info ][gc] GC(3669) Concurrent Cycle 356.641ms
[2020-08-01T12:34:05.435+0300][96.644s][info ][gc] GC(3682) To-space exhausted
[2020-08-01T12:34:05.435+0300][96.644s][info ][gc] GC(3682) Pause Young (Normal) (G1 Evacuation Pause) 488M->493M(512M) 11.654ms
[2020-08-01T12:34:05.476+0300][96.685s][info ][gc] GC(3683) To-space exhausted
[2020-08-01T12:34:05.476+0300][96.685s][info ][gc] GC(3683) Pause Young (Concurrent Start) (G1 Evacuation Pause) 511M->511M(512M) 34.037ms
[2020-08-01T12:34:05.476+0300][96.685s][info ][gc] GC(3685) Concurrent Cycle
[2020-08-01T12:34:05.476+0300][96.686s][debug][gc] GC(3684) Clear Next Bitmap 0.335ms
[2020-08-01T12:34:05.516+0300][96.726s][info ][gc] GC(3684) Pause Full (G1 Evacuation Pause) 511M->68M(512M) 40.395ms
[2020-08-01T12:34:05.517+0300][96.726s][info ][gc] GC(3685) Concurrent Cycle 40.695ms
[2020-08-01T12:34:05.538+0300][96.747s][info ][gc] GC(3686) Pause Young (Normal) (G1 Evacuation Pause) 93M->93M(512M) 11.407ms
[2020-08-01T12:34:05.557+0300][96.766s][info ][gc] GC(3687) Pause Young (Normal) (G1 Evacuation Pause) 114M->116M(512M) 10.309ms
[2020-08-01T12:34:05.577+0300][96.786s][info ][gc] GC(3688) Pause Young (Normal) (G1 Evacuation Pause) 137M->138M(512M) 11.678ms
[2020-08-01T12:34:05.636+0300][96.845s][info ][gc] GC(3689) Pause Young (Normal) (G1 Evacuation Pause) 179M->181M(512M) 23.298ms
[2020-08-01T12:34:05.660+0300][96.870s][info ][gc] GC(3690) Pause Young (Normal) (G1 Evacuation Pause) 202M->204M(512M) 12.272ms
[2020-08-01T12:34:05.680+0300][96.890s][info ][gc] GC(3691) Pause Young (Normal) (G1 Evacuation Pause) 225M->226M(512M) 10.467ms
[2020-08-01T12:34:05.699+0300][96.909s][info ][gc] GC(3692) Pause Young (Normal) (G1 Evacuation Pause) 247M->249M(512M) 10.507ms
[2020-08-01T12:34:05.718+0300][96.928s][info ][gc] GC(3693) Pause Young (Concurrent Start) (G1 Evacuation Pause) 270M->271M(512M) 10.551ms
[2020-08-01T12:34:05.718+0300][96.928s][info ][gc] GC(3694) Concurrent Cycle
[2020-08-01T12:34:05.763+0300][96.973s][info ][gc] GC(3695) Pause Young (Normal) (G1 Evacuation Pause) 312M->314M(512M) 10.230ms
[2020-08-01T12:34:05.783+0300][96.992s][info ][gc] GC(3696) Pause Young (Normal) (G1 Evacuation Pause) 335M->336M(512M) 10.529ms
[2020-08-01T12:34:05.802+0300][97.011s][info ][gc] GC(3697) Pause Young (Normal) (G1 Evacuation Pause) 357M->359M(512M) 10.622ms
[2020-08-01T12:34:05.821+0300][97.031s][info ][gc] GC(3698) Pause Young (Normal) (G1 Evacuation Pause) 380M->381M(512M) 10.306ms
[2020-08-01T12:34:05.840+0300][97.050s][info ][gc] GC(3699) Pause Young (Normal) (G1 Evacuation Pause) 402M->403M(512M) 10.366ms
[2020-08-01T12:34:05.860+0300][97.069s][info ][gc] GC(3700) Pause Young (Normal) (G1 Evacuation Pause) 424M->426M(512M) 10.760ms
[2020-08-01T12:34:05.874+0300][97.083s][debug][gc] GC(3694) Reclaimed 134 empty regions
[2020-08-01T12:34:05.874+0300][97.083s][info ][gc] GC(3694) Pause Remark 446M->315M(512M) 0.433ms
[2020-08-01T12:34:05.893+0300][97.102s][info ][gc] GC(3701) Pause Young (Normal) (G1 Evacuation Pause) 335M->336M(512M) 10.824ms
[2020-08-01T12:34:05.919+0300][97.128s][info ][gc] GC(3702) Pause Young (Normal) (G1 Evacuation Pause) 357M->358M(512M) 10.210ms
[2020-08-01T12:34:05.944+0300][97.154s][info ][gc] GC(3703) Pause Young (Normal) (G1 Evacuation Pause) 379M->380M(512M) 10.457ms
[2020-08-01T12:34:05.970+0300][97.179s][info ][gc] GC(3704) Pause Young (Normal) (G1 Evacuation Pause) 401M->402M(512M) 10.820ms
[2020-08-01T12:34:05.996+0300][97.205s][info ][gc] GC(3705) Pause Young (Normal) (G1 Evacuation Pause) 423M->425M(512M) 10.544ms
[2020-08-01T12:34:06.045+0300][97.254s][info ][gc] GC(3706) Pause Young (Normal) (G1 Evacuation Pause) 466M->467M(512M) 10.866ms
[2020-08-01T12:34:06.074+0300][97.283s][info ][gc] GC(3707) To-space exhausted
[2020-08-01T12:34:06.074+0300][97.283s][info ][gc] GC(3707) Pause Young (Normal) (G1 Evacuation Pause) 488M->495M(512M) 12.669ms
[2020-08-01T12:34:06.117+0300][97.326s][info ][gc] GC(3708) To-space exhausted
[2020-08-01T12:34:06.117+0300][97.326s][info ][gc] GC(3708) Pause Young (Normal) (G1 Evacuation Pause) 511M->511M(512M) 29.872ms
[2020-08-01T12:34:06.117+0300][97.327s][debug][gc] GC(3709) Clear Next Bitmap 0.341ms
[2020-08-01T12:34:06.157+0300][97.367s][info ][gc] GC(3709) Pause Full (G1 Evacuation Pause) 511M->69M(512M) 40.416ms
[2020-08-01T12:34:06.157+0300][97.367s][info ][gc] GC(3694) Concurrent Cycle 438.982ms
[2020-08-01T12:34:06.178+0300][97.387s][info ][gc] GC(3710) Pause Young (Normal) (G1 Evacuation Pause) 94M->94M(512M) 10.430ms
[2020-08-01T12:34:06.197+0300][97.406s][info ][gc] GC(3711) Pause Young (Normal) (G1 Evacuation Pause) 115M->117M(512M) 10.592ms
[2020-08-01T12:34:06.271+0300][97.480s][info ][gc] GC(3712) Pause Young (Normal) (G1 Evacuation Pause) 158M->160M(512M) 39.109ms
[2020-08-01T12:34:06.296+0300][97.506s][info ][gc] GC(3713) Pause Young (Normal) (G1 Evacuation Pause) 181M->182M(512M) 12.532ms
[2020-08-01T12:34:06.315+0300][97.525s][info ][gc] GC(3714) Pause Young (Normal) (G1 Evacuation Pause) 203M->205M(512M) 10.209ms
[2020-08-01T12:34:06.334+0300][97.543s][info ][gc] GC(3715) Pause Young (Normal) (G1 Evacuation Pause) 226M->227M(512M) 10.348ms
[2020-08-01T12:34:06.353+0300][97.562s][info ][gc] GC(3716) Pause Young (Normal) (G1 Evacuation Pause) 248M->250M(512M) 10.447ms
[2020-08-01T12:34:06.373+0300][97.582s][info ][gc] GC(3717) Pause Young (Concurrent Start) (G1 Evacuation Pause) 271M->272M(512M) 11.514ms
[2020-08-01T12:34:06.373+0300][97.583s][info ][gc] GC(3718) Concurrent Cycle
[2020-08-01T12:34:06.415+0300][97.624s][info ][gc] GC(3719) Pause Young (Normal) (G1 Evacuation Pause) 313M->315M(512M) 10.355ms
[2020-08-01T12:34:06.434+0300][97.643s][info ][gc] GC(3720) Pause Young (Normal) (G1 Evacuation Pause) 336M->337M(512M) 10.478ms
[2020-08-01T12:34:06.453+0300][97.663s][info ][gc] GC(3721) Pause Young (Normal) (G1 Evacuation Pause) 358M->359M(512M) 10.813ms
[2020-08-01T12:34:06.472+0300][97.682s][info ][gc] GC(3722) Pause Young (Normal) (G1 Evacuation Pause) 380M->382M(512M) 10.229ms
[2020-08-01T12:34:06.492+0300][97.701s][info ][gc] GC(3723) Pause Young (Normal) (G1 Evacuation Pause) 403M->404M(512M) 10.612ms
[2020-08-01T12:34:06.519+0300][97.728s][debug][gc] GC(3718) Reclaimed 134 empty regions
[2020-08-01T12:34:06.519+0300][97.728s][info ][gc] GC(3718) Pause Remark 423M->293M(512M) 0.410ms
[2020-08-01T12:34:06.536+0300][97.745s][info ][gc] GC(3724) Pause Young (Normal) (G1 Evacuation Pause) 314M->315M(512M) 11.647ms
[2020-08-01T12:34:06.564+0300][97.774s][info ][gc] GC(3725) Pause Young (Normal) (G1 Evacuation Pause) 336M->337M(512M) 10.576ms
[2020-08-01T12:34:06.588+0300][97.797s][info ][gc] GC(3726) Pause Young (Normal) (G1 Evacuation Pause) 358M->359M(512M) 10.618ms
[2020-08-01T12:34:06.614+0300][97.823s][info ][gc] GC(3727) Pause Young (Normal) (G1 Evacuation Pause) 380M->382M(512M) 12.025ms
[2020-08-01T12:34:06.639+0300][97.849s][info ][gc] GC(3728) Pause Young (Normal) (G1 Evacuation Pause) 403M->404M(512M) 10.691ms
[2020-08-01T12:34:06.666+0300][97.875s][info ][gc] GC(3729) Pause Young (Normal) (G1 Evacuation Pause) 425M->426M(512M) 10.580ms
[2020-08-01T12:34:06.713+0300][97.922s][info ][gc] GC(3730) Pause Young (Normal) (G1 Evacuation Pause) 467M->469M(512M) 10.407ms
[2020-08-01T12:34:06.722+0300][97.931s][info ][gc] GC(3718) Pause Cleanup 475M->475M(512M) 0.123ms
[2020-08-01T12:34:06.722+0300][97.932s][info ][gc] GC(3718) Concurrent Cycle 349.249ms
[2020-08-01T12:34:06.742+0300][97.952s][info ][gc] GC(3731) To-space exhausted
[2020-08-01T12:34:06.743+0300][97.952s][info ][gc] GC(3731) Pause Young (Normal) (G1 Evacuation Pause) 490M->497M(512M) 14.116ms
[2020-08-01T12:34:06.776+0300][97.986s][info ][gc] GC(3732) To-space exhausted
[2020-08-01T12:34:06.776+0300][97.986s][info ][gc] GC(3732) Pause Young (Concurrent Start) (G1 Evacuation Pause) 511M->511M(512M) 28.103ms
[2020-08-01T12:34:06.776+0300][97.986s][info ][gc] GC(3734) Concurrent Cycle
[2020-08-01T12:34:06.777+0300][97.986s][debug][gc] GC(3733) Clear Next Bitmap 0.333ms
[2020-08-01T12:34:06.817+0300][98.026s][info ][gc] GC(3733) Pause Full (G1 Evacuation Pause) 511M->69M(512M) 40.683ms
[2020-08-01T12:34:06.817+0300][98.027s][info ][gc] GC(3734) Concurrent Cycle 40.964ms
[2020-08-01T12:34:06.838+0300][98.047s][info ][gc] GC(3735) Pause Young (Normal) (G1 Evacuation Pause) 94M->94M(512M) 10.528ms
[2020-08-01T12:34:06.856+0300][98.066s][info ][gc] GC(3736) Pause Young (Normal) (G1 Evacuation Pause) 115M->116M(512M) 10.503ms
[2020-08-01T12:34:06.875+0300][98.085s][info ][gc] GC(3737) Pause Young (Normal) (G1 Evacuation Pause) 137M->138M(512M) 10.377ms
[2020-08-01T12:34:06.952+0300][98.161s][info ][gc] GC(3738) Pause Young (Normal) (G1 Evacuation Pause) 179M->181M(512M) 18.652ms
[2020-08-01T12:34:06.974+0300][98.184s][info ][gc] GC(3739) Pause Young (Normal) (G1 Evacuation Pause) 202M->204M(512M) 11.163ms
[2020-08-01T12:34:06.993+0300][98.203s][info ][gc] GC(3740) Pause Young (Normal) (G1 Evacuation Pause) 225M->226M(512M) 10.592ms
[2020-08-01T12:34:07.012+0300][98.221s][info ][gc] GC(3741) Pause Young (Normal) (G1 Evacuation Pause) 247M->249M(512M) 10.150ms
[2020-08-01T12:34:07.031+0300][98.240s][info ][gc] GC(3742) Pause Young (Concurrent Start) (G1 Evacuation Pause) 270M->271M(512M) 10.552ms
[2020-08-01T12:34:07.031+0300][98.240s][info ][gc] GC(3743) Concurrent Cycle
[2020-08-01T12:34:07.070+0300][98.279s][info ][gc] GC(3744) Pause Young (Normal) (G1 Evacuation Pause) 312M->314M(512M) 11.161ms
[2020-08-01T12:34:07.089+0300][98.298s][info ][gc] GC(3745) Pause Young (Normal) (G1 Evacuation Pause) 335M->337M(512M) 10.393ms
[2020-08-01T12:34:07.108+0300][98.318s][info ][gc] GC(3746) Pause Young (Normal) (G1 Evacuation Pause) 358M->359M(512M) 10.934ms
[2020-08-01T12:34:07.128+0300][98.337s][info ][gc] GC(3747) Pause Young (Normal) (G1 Evacuation Pause) 380M->382M(512M) 10.326ms
[2020-08-01T12:34:07.147+0300][98.356s][info ][gc] GC(3748) Pause Young (Normal) (G1 Evacuation Pause) 403M->404M(512M) 10.447ms
[2020-08-01T12:34:07.178+0300][98.388s][debug][gc] GC(3743) Reclaimed 134 empty regions
[2020-08-01T12:34:07.178+0300][98.388s][info ][gc] GC(3743) Pause Remark 445M->315M(512M) 0.433ms
[2020-08-01T12:34:07.191+0300][98.400s][info ][gc] GC(3749) Pause Young (Normal) (G1 Evacuation Pause) 315M->316M(512M) 11.489ms
[2020-08-01T12:34:07.218+0300][98.428s][info ][gc] GC(3750) Pause Young (Normal) (G1 Evacuation Pause) 337M->339M(512M) 10.691ms
[2020-08-01T12:34:07.243+0300][98.452s][info ][gc] GC(3751) Pause Young (Normal) (G1 Evacuation Pause) 360M->361M(512M) 12.059ms
[2020-08-01T12:34:07.269+0300][98.479s][info ][gc] GC(3752) Pause Young (Normal) (G1 Evacuation Pause) 382M->384M(512M) 10.744ms
[2020-08-01T12:34:07.293+0300][98.503s][info ][gc] GC(3753) Pause Young (Normal) (G1 Evacuation Pause) 405M->406M(512M) 10.610ms
[2020-08-01T12:34:07.317+0300][98.526s][info ][gc] GC(3754) Pause Young (Normal) (G1 Evacuation Pause) 427M->428M(512M) 10.534ms
[2020-08-01T12:34:07.365+0300][98.574s][info ][gc] GC(3755) Pause Young (Normal) (G1 Evacuation Pause) 469M->471M(512M) 11.363ms
[2020-08-01T12:34:07.397+0300][98.607s][info ][gc] GC(3756) To-space exhausted
[2020-08-01T12:34:07.397+0300][98.607s][info ][gc] GC(3756) Pause Young (Normal) (G1 Evacuation Pause) 492M->498M(512M) 17.007ms
[2020-08-01T12:34:07.436+0300][98.645s][info ][gc] GC(3757) To-space exhausted
[2020-08-01T12:34:07.436+0300][98.645s][info ][gc] GC(3757) Pause Young (Normal) (G1 Evacuation Pause) 511M->511M(512M) 24.997ms
[2020-08-01T12:34:07.437+0300][98.646s][debug][gc] GC(3758) Clear Next Bitmap 0.487ms
[2020-08-01T12:34:07.477+0300][98.686s][info ][gc] GC(3758) Pause Full (G1 Evacuation Pause) 511M->67M(512M) 40.921ms
[2020-08-01T12:34:07.477+0300][98.687s][info ][gc] GC(3743) Concurrent Cycle 446.355ms
[2020-08-01T12:34:07.498+0300][98.707s][info ][gc] GC(3759) Pause Young (Normal) (G1 Evacuation Pause) 92M->92M(512M) 10.587ms
[2020-08-01T12:34:07.517+0300][98.726s][info ][gc] GC(3760) Pause Young (Normal) (G1 Evacuation Pause) 114M->116M(512M) 10.057ms
[2020-08-01T12:34:07.535+0300][98.745s][info ][gc] GC(3761) Pause Young (Normal) (G1 Evacuation Pause) 137M->138M(512M) 10.477ms
[2020-08-01T12:34:07.599+0300][98.808s][info ][gc] GC(3762) Pause Young (Normal) (G1 Evacuation Pause) 179M->180M(512M) 16.812ms
[2020-08-01T12:34:07.621+0300][98.831s][info ][gc] GC(3763) Pause Young (Normal) (G1 Evacuation Pause) 201M->203M(512M) 11.886ms
[2020-08-01T12:34:07.640+0300][98.850s][info ][gc] GC(3764) Pause Young (Normal) (G1 Evacuation Pause) 224M->225M(512M) 10.292ms
[2020-08-01T12:34:07.659+0300][98.868s][info ][gc] GC(3765) Pause Young (Normal) (G1 Evacuation Pause) 246M->247M(512M) 10.507ms
[2020-08-01T12:34:07.680+0300][98.889s][info ][gc] GC(3766) Pause Young (Concurrent Start) (G1 Evacuation Pause) 268M->269M(512M) 11.668ms
[2020-08-01T12:34:07.680+0300][98.889s][info ][gc] GC(3767) Concurrent Cycle
[2020-08-01T12:34:07.720+0300][98.930s][info ][gc] GC(3768) Pause Young (Normal) (G1 Evacuation Pause) 310M->312M(512M) 10.693ms
[2020-08-01T12:34:07.740+0300][98.949s][info ][gc] GC(3769) Pause Young (Normal) (G1 Evacuation Pause) 333M->334M(512M) 10.491ms
[2020-08-01T12:34:07.759+0300][98.969s][info ][gc] GC(3770) Pause Young (Normal) (G1 Evacuation Pause) 355M->356M(512M) 10.918ms
[2020-08-01T12:34:07.778+0300][98.987s][info ][gc] GC(3771) Pause Young (Normal) (G1 Evacuation Pause) 377M->379M(512M) 10.187ms
[2020-08-01T12:34:07.797+0300][99.006s][info ][gc] GC(3772) Pause Young (Normal) (G1 Evacuation Pause) 400M->401M(512M) 10.201ms
[2020-08-01T12:34:07.825+0300][99.034s][debug][gc] GC(3767) Reclaimed 133 empty regions
[2020-08-01T12:34:07.825+0300][99.034s][info ][gc] GC(3767) Pause Remark 422M->291M(512M) 0.429ms
[2020-08-01T12:34:07.844+0300][99.053s][info ][gc] GC(3773) Pause Young (Normal) (G1 Evacuation Pause) 311M->312M(512M) 11.356ms
[2020-08-01T12:34:07.869+0300][99.078s][info ][gc] GC(3774) Pause Young (Normal) (G1 Evacuation Pause) 333M->335M(512M) 10.915ms
[2020-08-01T12:34:07.896+0300][99.106s][info ][gc] GC(3775) Pause Young (Normal) (G1 Evacuation Pause) 356M->358M(512M) 11.483ms
[2020-08-01T12:34:07.922+0300][99.131s][info ][gc] GC(3776) Pause Young (Normal) (G1 Evacuation Pause) 379M->380M(512M) 10.979ms
[2020-08-01T12:34:07.950+0300][99.159s][info ][gc] GC(3777) Pause Young (Normal) (G1 Evacuation Pause) 401M->403M(512M) 10.550ms
[2020-08-01T12:34:07.975+0300][99.185s][info ][gc] GC(3778) Pause Young (Normal) (G1 Evacuation Pause) 424M->425M(512M) 10.934ms
[2020-08-01T12:34:08.020+0300][99.230s][info ][gc] GC(3779) Pause Young (Normal) (G1 Evacuation Pause) 466M->468M(512M) 10.418ms
[2020-08-01T12:34:08.031+0300][99.240s][info ][gc] GC(3767) Pause Cleanup 479M->479M(512M) 0.133ms
[2020-08-01T12:34:08.031+0300][99.241s][info ][gc] GC(3767) Concurrent Cycle 351.341ms
[2020-08-01T12:34:08.048+0300][99.258s][info ][gc] GC(3780) To-space exhausted
[2020-08-01T12:34:08.048+0300][99.258s][info ][gc] GC(3780) Pause Young (Normal) (G1 Evacuation Pause) 489M->496M(512M) 13.248ms
[2020-08-01T12:34:08.084+0300][99.294s][info ][gc] GC(3781) To-space exhausted
[2020-08-01T12:34:08.084+0300][99.294s][info ][gc] GC(3781) Pause Young (Concurrent Start) (G1 Evacuation Pause) 511M->511M(512M) 30.049ms
[2020-08-01T12:34:08.084+0300][99.294s][info ][gc] GC(3783) Concurrent Cycle
[2020-08-01T12:34:08.085+0300][99.294s][debug][gc] GC(3782) Clear Next Bitmap 0.333ms
[2020-08-01T12:34:08.125+0300][99.335s][info ][gc] GC(3782) Pause Full (G1 Evacuation Pause) 511M->69M(512M) 41.037ms
[2020-08-01T12:34:08.126+0300][99.335s][info ][gc] GC(3783) Concurrent Cycle 41.408ms
[2020-08-01T12:34:08.147+0300][99.356s][info ][gc] GC(3784) Pause Young (Normal) (G1 Evacuation Pause) 95M->95M(512M) 10.982ms
[2020-08-01T12:34:08.168+0300][99.377s][info ][gc] GC(3785) Pause Young (Normal) (G1 Evacuation Pause) 119M->121M(512M) 11.428ms
[2020-08-01T12:34:08.234+0300][99.443s][info ][gc] GC(3786) Pause Young (Normal) (G1 Evacuation Pause) 162M->163M(512M) 29.615ms
[2020-08-01T12:34:08.259+0300][99.469s][info ][gc] GC(3787) Pause Young (Normal) (G1 Evacuation Pause) 184M->186M(512M) 13.415ms
[2020-08-01T12:34:08.278+0300][99.487s][info ][gc] GC(3788) Pause Young (Normal) (G1 Evacuation Pause) 207M->208M(512M) 10.261ms
[2020-08-01T12:34:08.297+0300][99.506s][info ][gc] GC(3789) Pause Young (Normal) (G1 Evacuation Pause) 229M->231M(512M) 10.402ms
[2020-08-01T12:34:08.316+0300][99.525s][info ][gc] GC(3790) Pause Young (Concurrent Start) (G1 Evacuation Pause) 252M->254M(512M) 10.364ms
[2020-08-01T12:34:08.316+0300][99.525s][info ][gc] GC(3791) Concurrent Cycle
[2020-08-01T12:34:08.334+0300][99.544s][info ][gc] GC(3792) Pause Young (Normal) (G1 Evacuation Pause) 275M->276M(512M) 9.735ms
[2020-08-01T12:34:08.379+0300][99.588s][info ][gc] GC(3793) Pause Young (Normal) (G1 Evacuation Pause) 317M->319M(512M) 10.926ms
[2020-08-01T12:34:08.398+0300][99.607s][info ][gc] GC(3794) Pause Young (Normal) (G1 Evacuation Pause) 340M->341M(512M) 10.423ms
[2020-08-01T12:34:08.417+0300][99.627s][info ][gc] GC(3795) Pause Young (Normal) (G1 Evacuation Pause) 362M->364M(512M) 9.969ms
[2020-08-01T12:34:08.437+0300][99.647s][info ][gc] GC(3796) Pause Young (Normal) (G1 Evacuation Pause) 385M->386M(512M) 11.212ms
[2020-08-01T12:34:08.457+0300][99.666s][info ][gc] GC(3797) Pause Young (Normal) (G1 Evacuation Pause) 407M->408M(512M) 10.801ms
[2020-08-01T12:34:08.459+0300][99.669s][debug][gc] GC(3791) Reclaimed 130 empty regions
[2020-08-01T12:34:08.459+0300][99.669s][info ][gc] GC(3791) Pause Remark 414M->286M(512M) 0.413ms
[2020-08-01T12:34:08.499+0300][99.709s][info ][gc] GC(3798) Pause Young (Normal) (G1 Evacuation Pause) 322M->323M(512M) 11.430ms
[2020-08-01T12:34:08.525+0300][99.734s][info ][gc] GC(3799) Pause Young (Normal) (G1 Evacuation Pause) 344M->346M(512M) 10.602ms
[2020-08-01T12:34:08.551+0300][99.761s][info ][gc] GC(3800) Pause Young (Normal) (G1 Evacuation Pause) 367M->368M(512M) 11.138ms
[2020-08-01T12:34:08.578+0300][99.787s][info ][gc] GC(3801) Pause Young (Normal) (G1 Evacuation Pause) 389M->391M(512M) 10.918ms
[2020-08-01T12:34:08.603+0300][99.813s][info ][gc] GC(3802) Pause Young (Normal) (G1 Evacuation Pause) 412M->413M(512M) 10.514ms
[2020-08-01T12:34:08.628+0300][99.838s][info ][gc] GC(3803) Pause Young (Normal) (G1 Evacuation Pause) 434M->435M(512M) 11.025ms
[2020-08-01T12:34:08.652+0300][99.861s][info ][gc] GC(3791) Pause Cleanup 440M->440M(512M) 0.102ms
[2020-08-01T12:34:08.652+0300][99.861s][info ][gc] GC(3791) Concurrent Cycle 336.173ms
[2020-08-01T12:34:08.658+0300][99.868s][info ][gc] GC(3804) Pause Young (Concurrent Start) (G1 Humongous Allocation) 440M->442M(512M) 4.723ms
[2020-08-01T12:34:08.658+0300][99.868s][info ][gc] GC(3805) Concurrent Cycle
[2020-08-01T12:34:08.665+0300][99.874s][debug][gc] GC(3805) Reclaimed 426 empty regions
[2020-08-01T12:34:08.665+0300][99.874s][info ][gc] GC(3805) Pause Remark 468M->42M(512M) 0.538ms
[2020-08-01T12:34:08.682+0300][99.892s][info ][gc] GC(3806) Pause Young (Normal) (G1 Evacuation Pause) 57M->54M(512M) 11.226ms
[2020-08-01T12:34:08.688+0300][99.897s][info ][gc] GC(3805) Pause Cleanup 54M->54M(512M) 0.053ms
[2020-08-01T12:34:08.688+0300][99.897s][info ][gc] GC(3805) Concurrent Cycle 29.696ms
[2020-08-01T12:34:08.708+0300][99.918s][info ][gc] GC(3807) Pause Young (Normal) (G1 Evacuation Pause) 75M->76M(512M) 12.167ms
[2020-08-01T12:34:08.727+0300][99.936s][info ][gc] GC(3808) Pause Young (Normal) (G1 Evacuation Pause) 97M->98M(512M) 10.478ms
[2020-08-01T12:34:08.746+0300][99.956s][info ][gc] GC(3809) Pause Young (Normal) (G1 Evacuation Pause) 119M->121M(512M) 10.826ms
[2020-08-01T12:34:08.765+0300][99.975s][info ][gc] GC(3810) Pause Young (Normal) (G1 Evacuation Pause) 142M->143M(512M) 10.700ms
[2020-08-01T12:34:08.850+0300][100.060s][info ][gc] GC(3811) Pause Young (Normal) (G1 Evacuation Pause) 184M->186M(512M) 24.120ms
[2020-08-01T12:34:08.874+0300][100.084s][info ][gc] GC(3812) Pause Young (Normal) (G1 Evacuation Pause) 207M->208M(512M) 11.691ms
[2020-08-01T12:34:08.893+0300][100.103s][info ][gc] GC(3813) Pause Young (Normal) (G1 Evacuation Pause) 229M->231M(512M) 10.446ms
[2020-08-01T12:34:08.912+0300][100.122s][info ][gc] GC(3814) Pause Young (Normal) (G1 Evacuation Pause) 252M->253M(512M) 10.444ms
[2020-08-01T12:34:08.931+0300][100.140s][info ][gc] GC(3815) Pause Young (Concurrent Start) (G1 Evacuation Pause) 274M->275M(512M) 10.005ms
[2020-08-01T12:34:08.931+0300][100.140s][info ][gc] GC(3816) Concurrent Cycle
[2020-08-01T12:34:08.964+0300][100.174s][info ][gc] GC(3817) Pause Young (Normal) (G1 Evacuation Pause) 316M->318M(512M) 10.362ms
[2020-08-01T12:34:08.984+0300][100.193s][info ][gc] GC(3818) Pause Young (Normal) (G1 Evacuation Pause) 339M->340M(512M) 10.505ms
[2020-08-01T12:34:09.004+0300][100.214s][info ][gc] GC(3819) Pause Young (Normal) (G1 Evacuation Pause) 361M->363M(512M) 11.498ms
[2020-08-01T12:34:09.023+0300][100.233s][info ][gc] GC(3820) Pause Young (Normal) (G1 Evacuation Pause) 384M->386M(512M) 10.393ms
[2020-08-01T12:34:09.043+0300][100.252s][info ][gc] GC(3821) Pause Young (Normal) (G1 Evacuation Pause) 407M->408M(512M) 10.459ms
[2020-08-01T12:34:09.062+0300][100.271s][info ][gc] GC(3822) Pause Young (Normal) (G1 Evacuation Pause) 429M->431M(512M) 10.180ms
[2020-08-01T12:34:09.079+0300][100.288s][debug][gc] GC(3816) Reclaimed 144 empty regions
[2020-08-01T12:34:09.079+0300][100.288s][info ][gc] GC(3816) Pause Remark 440M->296M(512M) 0.416ms
[2020-08-01T12:34:09.108+0300][100.318s][info ][gc] GC(3823) Pause Young (Normal) (G1 Evacuation Pause) 328M->329M(512M) 11.450ms
[2020-08-01T12:34:09.134+0300][100.343s][info ][gc] GC(3824) Pause Young (Normal) (G1 Evacuation Pause) 350M->352M(512M) 9.993ms
[2020-08-01T12:34:09.159+0300][100.369s][info ][gc] GC(3825) Pause Young (Normal) (G1 Evacuation Pause) 373M->374M(512M) 10.862ms
[2020-08-01T12:34:09.185+0300][100.394s][info ][gc] GC(3826) Pause Young (Normal) (G1 Evacuation Pause) 395M->397M(512M) 10.452ms
[2020-08-01T12:34:09.212+0300][100.421s][info ][gc] GC(3827) Pause Young (Normal) (G1 Evacuation Pause) 418M->420M(512M) 10.548ms
[2020-08-01T12:34:09.260+0300][100.469s][info ][gc] GC(3828) Pause Young (Normal) (G1 Evacuation Pause) 461M->463M(512M) 11.208ms
[2020-08-01T12:34:09.273+0300][100.482s][info ][gc] GC(3816) Pause Cleanup 481M->481M(512M) 0.118ms
[2020-08-01T12:34:09.273+0300][100.482s][info ][gc] GC(3816) Concurrent Cycle 342.200ms
[2020-08-01T12:34:09.285+0300][100.494s][info ][gc] GC(3829) Pause Young (Normal) (G1 Evacuation Pause) 484M->485M(512M) 10.569ms
[2020-08-01T12:34:09.327+0300][100.536s][info ][gc] GC(3830) To-space exhausted
[2020-08-01T12:34:09.327+0300][100.536s][info ][gc] GC(3830) Pause Young (Concurrent Start) (G1 Evacuation Pause) 506M->511M(512M) 33.684ms
[2020-08-01T12:34:09.327+0300][100.536s][info ][gc] GC(3832) Concurrent Cycle
[2020-08-01T12:34:09.328+0300][100.537s][debug][gc] GC(3831) Clear Next Bitmap 0.253ms
[2020-08-01T12:34:09.366+0300][100.576s][info ][gc] GC(3831) Pause Full (G1 Evacuation Pause) 511M->66M(512M) 39.361ms
[2020-08-01T12:34:09.367+0300][100.576s][info ][gc] GC(3832) Concurrent Cycle 39.671ms
[2020-08-01T12:34:09.387+0300][100.597s][info ][gc] GC(3833) Pause Young (Normal) (G1 Evacuation Pause) 91M->91M(512M) 10.741ms
[2020-08-01T12:34:09.409+0300][100.618s][info ][gc] GC(3834) Pause Young (Normal) (G1 Evacuation Pause) 113M->114M(512M) 12.774ms
[2020-08-01T12:34:09.428+0300][100.637s][info ][gc] GC(3835) Pause Young (Normal) (G1 Evacuation Pause) 135M->136M(512M) 10.447ms
[2020-08-01T12:34:09.468+0300][100.677s][info ][gc] GC(3836) Pause Young (Normal) (G1 Evacuation Pause) 177M->179M(512M) 10.471ms
[2020-08-01T12:34:09.487+0300][100.696s][info ][gc] GC(3837) Pause Young (Normal) (G1 Evacuation Pause) 200M->201M(512M) 10.333ms
[2020-08-01T12:34:09.505+0300][100.715s][info ][gc] GC(3838) Pause Young (Normal) (G1 Evacuation Pause) 222M->223M(512M) 10.434ms
[2020-08-01T12:34:09.524+0300][100.733s][info ][gc] GC(3839) Pause Young (Normal) (G1 Evacuation Pause) 244M->245M(512M) 10.261ms
[2020-08-01T12:34:09.543+0300][100.752s][info ][gc] GC(3840) Pause Young (Concurrent Start) (G1 Evacuation Pause) 266M->267M(512M) 10.543ms
[2020-08-01T12:34:09.543+0300][100.752s][info ][gc] GC(3841) Concurrent Cycle
[2020-08-01T12:34:09.589+0300][100.798s][info ][gc] GC(3842) Pause Young (Normal) (G1 Evacuation Pause) 308M->310M(512M) 10.750ms
[2020-08-01T12:34:09.608+0300][100.818s][info ][gc] GC(3843) Pause Young (Normal) (G1 Evacuation Pause) 331M->332M(512M) 10.415ms
[2020-08-01T12:34:09.628+0300][100.837s][info ][gc] GC(3844) Pause Young (Normal) (G1 Evacuation Pause) 353M->355M(512M) 10.828ms
[2020-08-01T12:34:09.647+0300][100.856s][info ][gc] GC(3845) Pause Young (Normal) (G1 Evacuation Pause) 376M->378M(512M) 10.266ms
[2020-08-01T12:34:09.667+0300][100.876s][info ][gc] GC(3846) Pause Young (Normal) (G1 Evacuation Pause) 399M->400M(512M) 10.294ms
[2020-08-01T12:34:09.687+0300][100.896s][info ][gc] GC(3847) Pause Young (Normal) (G1 Evacuation Pause) 421M->422M(512M) 11.533ms
[2020-08-01T12:34:09.699+0300][100.909s][debug][gc] GC(3841) Reclaimed 132 empty regions
[2020-08-01T12:34:09.699+0300][100.909s][info ][gc] GC(3841) Pause Remark 424M->294M(512M) 0.416ms
[2020-08-01T12:34:09.734+0300][100.944s][info ][gc] GC(3848) Pause Young (Normal) (G1 Evacuation Pause) 334M->335M(512M) 11.122ms
[2020-08-01T12:34:09.761+0300][100.970s][info ][gc] GC(3849) Pause Young (Normal) (G1 Evacuation Pause) 356M->357M(512M) 10.523ms
[2020-08-01T12:34:09.787+0300][100.997s][info ][gc] GC(3850) Pause Young (Normal) (G1 Evacuation Pause) 378M->380M(512M) 11.008ms
[2020-08-01T12:34:09.813+0300][101.022s][info ][gc] GC(3851) Pause Young (Normal) (G1 Evacuation Pause) 401M->403M(512M) 11.130ms
[2020-08-01T12:34:09.838+0300][101.048s][info ][gc] GC(3852) Pause Young (Normal) (G1 Evacuation Pause) 424M->425M(512M) 10.514ms
[2020-08-01T12:34:09.885+0300][101.095s][info ][gc] GC(3853) Pause Young (Normal) (G1 Evacuation Pause) 466M->468M(512M) 10.818ms
[2020-08-01T12:34:09.901+0300][101.110s][info ][gc] GC(3841) Pause Cleanup 489M->489M(512M) 0.127ms
[2020-08-01T12:34:09.914+0300][101.123s][info ][gc] GC(3854) To-space exhausted
[2020-08-01T12:34:09.914+0300][101.123s][info ][gc] GC(3854) Pause Young (Normal) (G1 Evacuation Pause) 489M->497M(512M) 13.144ms
[2020-08-01T12:34:09.915+0300][101.124s][info ][gc] GC(3841) Concurrent Cycle 371.476ms
[2020-08-01T12:34:09.946+0300][101.155s][info ][gc] GC(3855) To-space exhausted
[2020-08-01T12:34:09.946+0300][101.155s][info ][gc] GC(3855) Pause Young (Normal) (G1 Evacuation Pause) 511M->511M(512M) 25.768ms
[2020-08-01T12:34:09.984+0300][101.193s][info ][gc] GC(3856) Pause Full (G1 Evacuation Pause) 511M->66M(512M) 38.143ms
[2020-08-01T12:34:10.007+0300][101.217s][info ][gc] GC(3857) Pause Young (Normal) (G1 Evacuation Pause) 94M->95M(512M) 12.203ms
[2020-08-01T12:34:10.029+0300][101.238s][info ][gc] GC(3858) Pause Young (Normal) (G1 Evacuation Pause) 119M->120M(512M) 11.621ms
[2020-08-01T12:34:10.069+0300][101.278s][info ][gc] GC(3859) Pause Young (Normal) (G1 Evacuation Pause) 161M->162M(512M) 10.328ms
[2020-08-01T12:34:10.088+0300][101.297s][info ][gc] GC(3860) Pause Young (Normal) (G1 Evacuation Pause) 183M->184M(512M) 10.428ms
[2020-08-01T12:34:10.108+0300][101.317s][info ][gc] GC(3861) Pause Young (Normal) (G1 Evacuation Pause) 205M->207M(512M) 11.703ms
[2020-08-01T12:34:10.126+0300][101.336s][info ][gc] GC(3862) Pause Young (Normal) (G1 Evacuation Pause) 228M->229M(512M) 10.282ms
[2020-08-01T12:34:10.145+0300][101.355s][info ][gc] GC(3863) Pause Young (Normal) (G1 Evacuation Pause) 250M->252M(512M) 10.634ms
[2020-08-01T12:34:10.164+0300][101.374s][info ][gc] GC(3864) Pause Young (Concurrent Start) (G1 Evacuation Pause) 273M->275M(512M) 10.345ms
[2020-08-01T12:34:10.165+0300][101.374s][info ][gc] GC(3865) Concurrent Cycle
[2020-08-01T12:34:10.198+0300][101.407s][info ][gc] GC(3866) Pause Young (Normal) (G1 Evacuation Pause) 316M->318M(512M) 10.590ms
[2020-08-01T12:34:10.218+0300][101.427s][info ][gc] GC(3867) Pause Young (Normal) (G1 Evacuation Pause) 339M->340M(512M) 10.822ms
[2020-08-01T12:34:10.237+0300][101.446s][info ][gc] GC(3868) Pause Young (Normal) (G1 Evacuation Pause) 361M->363M(512M) 10.505ms
[2020-08-01T12:34:10.256+0300][101.465s][info ][gc] GC(3869) Pause Young (Normal) (G1 Evacuation Pause) 384M->385M(512M) 10.396ms
[2020-08-01T12:34:10.275+0300][101.484s][info ][gc] GC(3870) Pause Young (Normal) (G1 Evacuation Pause) 406M->408M(512M) 10.435ms
[2020-08-01T12:34:10.323+0300][101.532s][info ][gc] GC(3871) Pause Young (Normal) (G1 Evacuation Pause) 449M->450M(512M) 11.271ms
[2020-08-01T12:34:10.326+0300][101.536s][debug][gc] GC(3865) Reclaimed 129 empty regions
[2020-08-01T12:34:10.326+0300][101.536s][info ][gc] GC(3865) Pause Remark 457M->330M(512M) 0.468ms
[2020-08-01T12:34:10.343+0300][101.553s][info ][gc] GC(3872) Pause Young (Normal) (G1 Evacuation Pause) 344M->345M(512M) 10.896ms
[2020-08-01T12:34:10.370+0300][101.579s][info ][gc] GC(3873) Pause Young (Normal) (G1 Evacuation Pause) 366M->368M(512M) 11.100ms
[2020-08-01T12:34:10.391+0300][101.601s][info ][gc] GC(3874) Pause Young (Normal) (G1 Evacuation Pause) 389M->391M(512M) 12.420ms
[2020-08-01T12:34:10.419+0300][101.628s][info ][gc] GC(3875) Pause Young (Normal) (G1 Evacuation Pause) 412M->414M(512M) 10.666ms
[2020-08-01T12:34:10.447+0300][101.656s][info ][gc] GC(3876) Pause Young (Normal) (G1 Evacuation Pause) 435M->437M(512M) 10.611ms
[2020-08-01T12:34:10.499+0300][101.708s][info ][gc] GC(3877) Pause Young (Normal) (G1 Evacuation Pause) 478M->479M(512M) 10.725ms
[2020-08-01T12:34:10.538+0300][101.748s][info ][gc] GC(3878) To-space exhausted
[2020-08-01T12:34:10.538+0300][101.748s][info ][gc] GC(3878) Pause Young (Normal) (G1 Evacuation Pause) 500M->509M(512M) 24.696ms
[2020-08-01T12:34:10.549+0300][101.758s][info ][gc] GC(3879) To-space exhausted
[2020-08-01T12:34:10.549+0300][101.758s][info ][gc] GC(3879) Pause Young (Normal) (G1 Evacuation Pause) 511M->511M(512M) 9.222ms
[2020-08-01T12:34:10.549+0300][101.759s][debug][gc] GC(3880) Clear Next Bitmap 0.427ms
[2020-08-01T12:34:10.583+0300][101.792s][info ][gc] GC(3880) Pause Full (G1 Evacuation Pause) 511M->60M(512M) 33.823ms
[2020-08-01T12:34:10.583+0300][101.792s][info ][gc] GC(3865) Concurrent Cycle 418.424ms
[2020-08-01T12:34:10.605+0300][101.814s][info ][gc] GC(3881) Pause Young (Normal) (G1 Evacuation Pause) 87M->87M(512M) 11.361ms
[2020-08-01T12:34:10.629+0300][101.838s][info ][gc] GC(3882) Pause Young (Normal) (G1 Evacuation Pause) 112M->114M(512M) 13.796ms
[2020-08-01T12:34:10.647+0300][101.857s][info ][gc] GC(3883) Pause Young (Normal) (G1 Evacuation Pause) 135M->137M(512M) 10.399ms
[2020-08-01T12:34:10.683+0300][101.892s][info ][gc] GC(3884) Pause Young (Normal) (G1 Evacuation Pause) 178M->179M(512M) 9.808ms
[2020-08-01T12:34:10.702+0300][101.911s][info ][gc] GC(3885) Pause Young (Normal) (G1 Evacuation Pause) 200M->202M(512M) 10.562ms
[2020-08-01T12:34:10.721+0300][101.930s][info ][gc] GC(3886) Pause Young (Normal) (G1 Evacuation Pause) 223M->224M(512M) 10.296ms
[2020-08-01T12:34:10.739+0300][101.948s][info ][gc] GC(3887) Pause Young (Normal) (G1 Evacuation Pause) 245M->246M(512M) 9.536ms
[2020-08-01T12:34:10.759+0300][101.968s][info ][gc] GC(3888) Pause Young (Concurrent Start) (G1 Evacuation Pause) 268M->269M(512M) 11.136ms
[2020-08-01T12:34:10.759+0300][101.968s][info ][gc] GC(3889) Concurrent Cycle
[2020-08-01T12:34:10.804+0300][102.014s][info ][gc] GC(3890) Pause Young (Normal) (G1 Evacuation Pause) 310M->311M(512M) 10.270ms
[2020-08-01T12:34:10.823+0300][102.033s][info ][gc] GC(3891) Pause Young (Normal) (G1 Evacuation Pause) 332M->334M(512M) 10.389ms
[2020-08-01T12:34:10.843+0300][102.052s][info ][gc] GC(3892) Pause Young (Normal) (G1 Evacuation Pause) 355M->357M(512M) 10.463ms
[2020-08-01T12:34:10.862+0300][102.071s][info ][gc] GC(3893) Pause Young (Normal) (G1 Evacuation Pause) 378M->379M(512M) 10.396ms
[2020-08-01T12:34:10.880+0300][102.090s][info ][gc] GC(3894) Pause Young (Normal) (G1 Evacuation Pause) 400M->402M(512M) 9.852ms
[2020-08-01T12:34:10.900+0300][102.109s][info ][gc] GC(3895) Pause Young (Normal) (G1 Evacuation Pause) 423M->425M(512M) 10.457ms
[2020-08-01T12:34:10.912+0300][102.121s][debug][gc] GC(3889) Reclaimed 134 empty regions
[2020-08-01T12:34:10.912+0300][102.121s][info ][gc] GC(3889) Pause Remark 426M->295M(512M) 0.420ms
[2020-08-01T12:34:10.937+0300][102.146s][info ][gc] GC(3896) Pause Young (Normal) (G1 Evacuation Pause) 335M->337M(512M) 11.802ms
[2020-08-01T12:34:10.961+0300][102.170s][info ][gc] GC(3897) Pause Young (Normal) (G1 Evacuation Pause) 358M->360M(512M) 10.729ms
[2020-08-01T12:34:10.985+0300][102.195s][info ][gc] GC(3898) Pause Young (Normal) (G1 Evacuation Pause) 381M->383M(512M) 10.291ms
[2020-08-01T12:34:11.012+0300][102.221s][info ][gc] GC(3899) Pause Young (Normal) (G1 Evacuation Pause) 404M->405M(512M) 11.443ms
[2020-08-01T12:34:11.037+0300][102.246s][info ][gc] GC(3900) Pause Young (Normal) (G1 Evacuation Pause) 426M->428M(512M) 10.880ms
[2020-08-01T12:34:11.085+0300][102.295s][info ][gc] GC(3901) Pause Young (Normal) (G1 Evacuation Pause) 469M->470M(512M) 10.409ms
[2020-08-01T12:34:11.115+0300][102.324s][info ][gc] GC(3902) To-space exhausted
[2020-08-01T12:34:11.115+0300][102.324s][info ][gc] GC(3902) Pause Young (Normal) (G1 Evacuation Pause) 491M->498M(512M) 15.468ms
[2020-08-01T12:34:11.146+0300][102.355s][info ][gc] GC(3903) To-space exhausted
[2020-08-01T12:34:11.146+0300][102.355s][info ][gc] GC(3903) Pause Young (Normal) (G1 Evacuation Pause) 511M->511M(512M) 25.524ms
[2020-08-01T12:34:11.147+0300][102.356s][debug][gc] GC(3904) Clear Next Bitmap 0.426ms
[2020-08-01T12:34:11.185+0300][102.395s][info ][gc] GC(3904) Pause Full (G1 Evacuation Pause) 511M->65M(512M) 39.251ms
[2020-08-01T12:34:11.186+0300][102.395s][info ][gc] GC(3889) Concurrent Cycle 426.992ms
[2020-08-01T12:34:11.209+0300][102.419s][info ][gc] GC(3905) Pause Young (Normal) (G1 Evacuation Pause) 93M->94M(512M) 12.598ms
[2020-08-01T12:34:11.233+0300][102.442s][info ][gc] GC(3906) Pause Young (Normal) (G1 Evacuation Pause) 119M->120M(512M) 13.729ms
[2020-08-01T12:34:11.268+0300][102.477s][info ][gc] GC(3907) Pause Young (Normal) (G1 Evacuation Pause) 161M->163M(512M) 10.860ms
[2020-08-01T12:34:11.286+0300][102.496s][info ][gc] GC(3908) Pause Young (Normal) (G1 Evacuation Pause) 184M->185M(512M) 10.373ms
[2020-08-01T12:34:11.305+0300][102.514s][info ][gc] GC(3909) Pause Young (Normal) (G1 Evacuation Pause) 206M->207M(512M) 10.418ms
[2020-08-01T12:34:11.324+0300][102.533s][info ][gc] GC(3910) Pause Young (Normal) (G1 Evacuation Pause) 228M->230M(512M) 10.436ms
[2020-08-01T12:34:11.342+0300][102.552s][info ][gc] GC(3911) Pause Young (Normal) (G1 Evacuation Pause) 251M->253M(512M) 10.319ms
[2020-08-01T12:34:11.362+0300][102.572s][info ][gc] GC(3912) Pause Young (Concurrent Start) (G1 Evacuation Pause) 274M->275M(512M) 11.466ms
[2020-08-01T12:34:11.362+0300][102.572s][info ][gc] GC(3913) Concurrent Cycle
[2020-08-01T12:34:11.397+0300][102.607s][info ][gc] GC(3914) Pause Young (Normal) (G1 Evacuation Pause) 316M->318M(512M) 10.883ms
[2020-08-01T12:34:11.417+0300][102.627s][info ][gc] GC(3915) Pause Young (Normal) (G1 Evacuation Pause) 339M->340M(512M) 10.503ms
[2020-08-01T12:34:11.439+0300][102.648s][info ][gc] GC(3916) Pause Young (Normal) (G1 Evacuation Pause) 361M->363M(512M) 12.611ms
[2020-08-01T12:34:11.458+0300][102.668s][info ][gc] GC(3917) Pause Young (Normal) (G1 Evacuation Pause) 384M->385M(512M) 10.384ms
[2020-08-01T12:34:11.478+0300][102.687s][info ][gc] GC(3918) Pause Young (Normal) (G1 Evacuation Pause) 406M->407M(512M) 10.594ms
[2020-08-01T12:34:11.519+0300][102.728s][info ][gc] GC(3919) Pause Young (Normal) (G1 Evacuation Pause) 448M->450M(512M) 10.376ms
[2020-08-01T12:34:11.525+0300][102.735s][debug][gc] GC(3913) Reclaimed 130 empty regions
[2020-08-01T12:34:11.525+0300][102.735s][info ][gc] GC(3913) Pause Remark 465M->338M(512M) 0.426ms
[2020-08-01T12:34:11.539+0300][102.748s][info ][gc] GC(3920) Pause Young (Normal) (G1 Evacuation Pause) 344M->345M(512M) 10.506ms
[2020-08-01T12:34:11.565+0300][102.774s][info ][gc] GC(3921) Pause Young (Normal) (G1 Evacuation Pause) 366M->367M(512M) 11.082ms
[2020-08-01T12:34:11.590+0300][102.800s][info ][gc] GC(3922) Pause Young (Normal) (G1 Evacuation Pause) 388M->389M(512M) 10.688ms
[2020-08-01T12:34:11.615+0300][102.824s][info ][gc] GC(3923) Pause Young (Normal) (G1 Evacuation Pause) 410M->411M(512M) 10.551ms
[2020-08-01T12:34:11.640+0300][102.850s][info ][gc] GC(3924) Pause Young (Normal) (G1 Evacuation Pause) 432M->434M(512M) 10.710ms
[2020-08-01T12:34:11.682+0300][102.891s][info ][gc] GC(3925) Pause Young (Normal) (G1 Evacuation Pause) 475M->476M(512M) 13.203ms
[2020-08-01T12:34:11.720+0300][102.930s][info ][gc] GC(3926) To-space exhausted
[2020-08-01T12:34:11.720+0300][102.930s][info ][gc] GC(3926) Pause Young (Normal) (G1 Evacuation Pause) 497M->505M(512M) 23.222ms
[2020-08-01T12:34:11.746+0300][102.955s][info ][gc] GC(3927) To-space exhausted
[2020-08-01T12:34:11.746+0300][102.955s][info ][gc] GC(3927) Pause Young (Normal) (G1 Evacuation Pause) 511M->511M(512M) 15.751ms
[2020-08-01T12:34:11.746+0300][102.956s][debug][gc] GC(3928) Clear Next Bitmap 0.334ms
[2020-08-01T12:34:11.783+0300][102.992s][info ][gc] GC(3928) Pause Full (G1 Evacuation Pause) 511M->64M(512M) 37.041ms
[2020-08-01T12:34:11.783+0300][102.993s][info ][gc] GC(3913) Concurrent Cycle 420.793ms
[2020-08-01T12:34:11.804+0300][103.014s][info ][gc] GC(3929) Pause Young (Normal) (G1 Evacuation Pause) 90M->90M(512M) 11.015ms
[2020-08-01T12:34:11.827+0300][103.037s][info ][gc] GC(3930) Pause Young (Normal) (G1 Evacuation Pause) 114M->115M(512M) 13.456ms
[2020-08-01T12:34:11.846+0300][103.055s][info ][gc] GC(3931) Pause Young (Normal) (G1 Evacuation Pause) 136M->138M(512M) 10.168ms
[2020-08-01T12:34:11.881+0300][103.091s][info ][gc] GC(3932) Pause Young (Normal) (G1 Evacuation Pause) 179M->180M(512M) 10.141ms
[2020-08-01T12:34:11.900+0300][103.110s][info ][gc] GC(3933) Pause Young (Normal) (G1 Evacuation Pause) 201M->203M(512M) 10.334ms
[2020-08-01T12:34:11.919+0300][103.129s][info ][gc] GC(3934) Pause Young (Normal) (G1 Evacuation Pause) 224M->225M(512M) 10.490ms
[2020-08-01T12:34:11.939+0300][103.148s][info ][gc] GC(3935) Pause Young (Normal) (G1 Evacuation Pause) 246M->248M(512M) 11.457ms
[2020-08-01T12:34:11.958+0300][103.167s][info ][gc] GC(3936) Pause Young (Concurrent Start) (G1 Evacuation Pause) 269M->270M(512M) 10.636ms
[2020-08-01T12:34:11.958+0300][103.168s][info ][gc] GC(3937) Concurrent Cycle
[2020-08-01T12:34:12.005+0300][103.215s][info ][gc] GC(3938) Pause Young (Normal) (G1 Evacuation Pause) 311M->313M(512M) 11.950ms
[2020-08-01T12:34:12.024+0300][103.234s][info ][gc] GC(3939) Pause Young (Normal) (G1 Evacuation Pause) 334M->335M(512M) 10.546ms
[2020-08-01T12:34:12.044+0300][103.253s][info ][gc] GC(3940) Pause Young (Normal) (G1 Evacuation Pause) 356M->357M(512M) 10.664ms
[2020-08-01T12:34:12.065+0300][103.274s][info ][gc] GC(3941) Pause Young (Normal) (G1 Evacuation Pause) 378M->379M(512M) 11.532ms
[2020-08-01T12:34:12.084+0300][103.293s][info ][gc] GC(3942) Pause Young (Normal) (G1 Evacuation Pause) 400M->402M(512M) 10.530ms
[2020-08-01T12:34:12.106+0300][103.315s][debug][gc] GC(3937) Reclaimed 135 empty regions
[2020-08-01T12:34:12.106+0300][103.315s][info ][gc] GC(3937) Pause Remark 423M->291M(512M) 0.424ms
[2020-08-01T12:34:12.127+0300][103.336s][info ][gc] GC(3943) Pause Young (Normal) (G1 Evacuation Pause) 311M->313M(512M) 12.899ms
[2020-08-01T12:34:12.154+0300][103.363s][info ][gc] GC(3944) Pause Young (Normal) (G1 Evacuation Pause) 334M->335M(512M) 11.982ms
[2020-08-01T12:34:12.179+0300][103.388s][info ][gc] GC(3945) Pause Young (Normal) (G1 Evacuation Pause) 356M->358M(512M) 10.622ms
[2020-08-01T12:34:12.205+0300][103.414s][info ][gc] GC(3946) Pause Young (Normal) (G1 Evacuation Pause) 379M->380M(512M) 10.514ms
[2020-08-01T12:34:12.231+0300][103.440s][info ][gc] GC(3947) Pause Young (Normal) (G1 Evacuation Pause) 401M->403M(512M) 10.940ms
[2020-08-01T12:34:12.256+0300][103.465s][info ][gc] GC(3948) Pause Young (Normal) (G1 Evacuation Pause) 424M->426M(512M) 10.631ms
[2020-08-01T12:34:12.303+0300][103.512s][info ][gc] GC(3949) Pause Young (Normal) (G1 Evacuation Pause) 467M->468M(512M) 10.678ms
[2020-08-01T12:34:12.311+0300][103.521s][info ][gc] GC(3937) Pause Cleanup 474M->474M(512M) 0.120ms
[2020-08-01T12:34:12.312+0300][103.521s][info ][gc] GC(3937) Concurrent Cycle 353.837ms
[2020-08-01T12:34:12.332+0300][103.541s][info ][gc] GC(3950) To-space exhausted
[2020-08-01T12:34:12.332+0300][103.541s][info ][gc] GC(3950) Pause Young (Normal) (G1 Evacuation Pause) 489M->496M(512M) 13.897ms
[2020-08-01T12:34:12.368+0300][103.578s][info ][gc] GC(3951) To-space exhausted
[2020-08-01T12:34:12.369+0300][103.578s][info ][gc] GC(3951) Pause Young (Concurrent Start) (G1 Evacuation Pause) 511M->511M(512M) 30.810ms
[2020-08-01T12:34:12.369+0300][103.578s][info ][gc] GC(3953) Concurrent Cycle
[2020-08-01T12:34:12.369+0300][103.578s][debug][gc] GC(3952) Clear Next Bitmap 0.296ms
[2020-08-01T12:34:12.409+0300][103.618s][info ][gc] GC(3952) Pause Full (G1 Evacuation Pause) 511M->69M(512M) 40.310ms
[2020-08-01T12:34:12.409+0300][103.619s][info ][gc] GC(3953) Concurrent Cycle 40.601ms
[2020-08-01T12:34:12.433+0300][103.642s][info ][gc] GC(3954) Pause Young (Normal) (G1 Evacuation Pause) 97M->97M(512M) 12.619ms
[2020-08-01T12:34:12.455+0300][103.664s][info ][gc] GC(3955) Pause Young (Normal) (G1 Evacuation Pause) 122M->123M(512M) 11.959ms
[2020-08-01T12:34:12.533+0300][103.742s][info ][gc] GC(3956) Pause Young (Normal) (G1 Evacuation Pause) 164M->166M(512M) 23.555ms
[2020-08-01T12:34:12.557+0300][103.766s][info ][gc] GC(3957) Pause Young (Normal) (G1 Evacuation Pause) 187M->189M(512M) 11.921ms
[2020-08-01T12:34:12.576+0300][103.785s][info ][gc] GC(3958) Pause Young (Normal) (G1 Evacuation Pause) 210M->211M(512M) 10.323ms
[2020-08-01T12:34:12.594+0300][103.804s][info ][gc] GC(3959) Pause Young (Normal) (G1 Evacuation Pause) 232M->233M(512M) 10.378ms
[2020-08-01T12:34:12.613+0300][103.822s][info ][gc] GC(3960) Pause Young (Concurrent Start) (G1 Evacuation Pause) 254M->256M(512M) 10.433ms
[2020-08-01T12:34:12.613+0300][103.823s][info ][gc] GC(3961) Concurrent Cycle
[2020-08-01T12:34:12.632+0300][103.841s][info ][gc] GC(3962) Pause Young (Normal) (G1 Evacuation Pause) 277M->278M(512M) 10.320ms
[2020-08-01T12:34:12.677+0300][103.886s][info ][gc] GC(3963) Pause Young (Normal) (G1 Evacuation Pause) 319M->321M(512M) 10.145ms
[2020-08-01T12:34:12.695+0300][103.905s][info ][gc] GC(3964) Pause Young (Normal) (G1 Evacuation Pause) 342M->343M(512M) 10.217ms
[2020-08-01T12:34:12.715+0300][103.925s][info ][gc] GC(3965) Pause Young (Normal) (G1 Evacuation Pause) 364M->366M(512M) 11.050ms
[2020-08-01T12:34:12.735+0300][103.944s][info ][gc] GC(3966) Pause Young (Normal) (G1 Evacuation Pause) 388M->389M(512M) 10.341ms
[2020-08-01T12:34:12.754+0300][103.964s][info ][gc] GC(3967) Pause Young (Normal) (G1 Evacuation Pause) 410M->411M(512M) 10.455ms
[2020-08-01T12:34:12.758+0300][103.967s][debug][gc] GC(3961) Reclaimed 127 empty regions
[2020-08-01T12:34:12.758+0300][103.967s][info ][gc] GC(3961) Pause Remark 418M->294M(512M) 0.465ms
[2020-08-01T12:34:12.799+0300][104.009s][info ][gc] GC(3968) Pause Young (Normal) (G1 Evacuation Pause) 328M->329M(512M) 11.061ms
[2020-08-01T12:34:12.826+0300][104.035s][info ][gc] GC(3969) Pause Young (Normal) (G1 Evacuation Pause) 350M->351M(512M) 10.570ms
[2020-08-01T12:34:12.850+0300][104.060s][info ][gc] GC(3970) Pause Young (Normal) (G1 Evacuation Pause) 372M->374M(512M) 10.591ms
[2020-08-01T12:34:12.875+0300][104.085s][info ][gc] GC(3971) Pause Young (Normal) (G1 Evacuation Pause) 395M->396M(512M) 10.271ms
[2020-08-01T12:34:12.900+0300][104.109s][info ][gc] GC(3972) Pause Young (Normal) (G1 Evacuation Pause) 417M->419M(512M) 10.532ms
[2020-08-01T12:34:12.926+0300][104.135s][info ][gc] GC(3973) Pause Young (Normal) (G1 Evacuation Pause) 440M->442M(512M) 10.575ms
[2020-08-01T12:34:12.948+0300][104.157s][info ][gc] GC(3961) Pause Cleanup 477M->477M(512M) 0.116ms
[2020-08-01T12:34:12.949+0300][104.158s][info ][gc] GC(3961) Concurrent Cycle 335.494ms
[2020-08-01T12:34:12.961+0300][104.171s][info ][gc] GC(3974) Pause Young (Normal) (G1 Evacuation Pause) 483M->484M(512M) 10.800ms
[2020-08-01T12:34:13.003+0300][104.212s][info ][gc] GC(3975) To-space exhausted
[2020-08-01T12:34:13.003+0300][104.212s][info ][gc] GC(3975) Pause Young (Concurrent Start) (G1 Evacuation Pause) 505M->510M(512M) 32.672ms
[2020-08-01T12:34:13.003+0300][104.212s][info ][gc] GC(3976) Concurrent Cycle
[2020-08-01T12:34:13.013+0300][104.222s][info ][gc] GC(3977) To-space exhausted
[2020-08-01T12:34:13.013+0300][104.222s][info ][gc] GC(3977) Pause Young (Normal) (G1 Evacuation Pause) 511M->511M(512M) 7.106ms
[2020-08-01T12:34:13.013+0300][104.223s][debug][gc] GC(3978) Clear Next Bitmap 0.352ms
[2020-08-01T12:34:13.051+0300][104.260s][info ][gc] GC(3978) Pause Full (G1 Evacuation Pause) 511M->63M(512M) 37.674ms
[2020-08-01T12:34:13.051+0300][104.260s][info ][gc] GC(3976) Concurrent Cycle 48.315ms
[2020-08-01T12:34:13.071+0300][104.281s][info ][gc] GC(3979) Pause Young (Normal) (G1 Evacuation Pause) 88M->88M(512M) 10.527ms
[2020-08-01T12:34:13.090+0300][104.299s][info ][gc] GC(3980) Pause Young (Normal) (G1 Evacuation Pause) 110M->112M(512M) 9.945ms
[2020-08-01T12:34:13.109+0300][104.318s][info ][gc] GC(3981) Pause Young (Normal) (G1 Evacuation Pause) 133M->134M(512M) 10.574ms
[2020-08-01T12:34:13.143+0300][104.353s][info ][gc] GC(3982) Pause Young (Normal) (G1 Evacuation Pause) 175M->177M(512M) 10.823ms
[2020-08-01T12:34:13.162+0300][104.372s][info ][gc] GC(3983) Pause Young (Normal) (G1 Evacuation Pause) 198M->199M(512M) 10.578ms
[2020-08-01T12:34:13.181+0300][104.391s][info ][gc] GC(3984) Pause Young (Normal) (G1 Evacuation Pause) 220M->221M(512M) 10.592ms
[2020-08-01T12:34:13.202+0300][104.411s][info ][gc] GC(3985) Pause Young (Normal) (G1 Evacuation Pause) 242M->244M(512M) 12.050ms
[2020-08-01T12:34:13.221+0300][104.430s][info ][gc] GC(3986) Pause Young (Concurrent Start) (G1 Evacuation Pause) 265M->266M(512M) 10.931ms
[2020-08-01T12:34:13.221+0300][104.430s][info ][gc] GC(3987) Concurrent Cycle
[2020-08-01T12:34:13.265+0300][104.475s][info ][gc] GC(3988) Pause Young (Normal) (G1 Evacuation Pause) 308M->310M(512M) 10.269ms
[2020-08-01T12:34:13.285+0300][104.494s][info ][gc] GC(3989) Pause Young (Normal) (G1 Evacuation Pause) 332M->333M(512M) 10.548ms
[2020-08-01T12:34:13.305+0300][104.514s][info ][gc] GC(3990) Pause Young (Normal) (G1 Evacuation Pause) 355M->357M(512M) 10.693ms
[2020-08-01T12:34:13.326+0300][104.535s][info ][gc] GC(3991) Pause Young (Normal) (G1 Evacuation Pause) 379M->380M(512M) 12.318ms
[2020-08-01T12:34:13.345+0300][104.554s][info ][gc] GC(3992) Pause Young (Normal) (G1 Evacuation Pause) 401M->403M(512M) 10.321ms
[2020-08-01T12:34:13.363+0300][104.573s][debug][gc] GC(3987) Reclaimed 132 empty regions
[2020-08-01T12:34:13.363+0300][104.573s][info ][gc] GC(3987) Pause Remark 423M->295M(512M) 0.494ms
[2020-08-01T12:34:13.388+0300][104.597s][info ][gc] GC(3993) Pause Young (Normal) (G1 Evacuation Pause) 315M->316M(512M) 11.297ms
[2020-08-01T12:34:13.413+0300][104.623s][info ][gc] GC(3994) Pause Young (Normal) (G1 Evacuation Pause) 337M->339M(512M) 10.914ms
[2020-08-01T12:34:13.439+0300][104.648s][info ][gc] GC(3995) Pause Young (Normal) (G1 Evacuation Pause) 360M->362M(512M) 10.812ms
[2020-08-01T12:34:13.464+0300][104.674s][info ][gc] GC(3996) Pause Young (Normal) (G1 Evacuation Pause) 383M->384M(512M) 10.644ms
[2020-08-01T12:34:13.489+0300][104.698s][info ][gc] GC(3997) Pause Young (Normal) (G1 Evacuation Pause) 405M->406M(512M) 11.574ms
[2020-08-01T12:34:13.515+0300][104.725s][info ][gc] GC(3998) Pause Young (Normal) (G1 Evacuation Pause) 427M->428M(512M) 10.493ms
[2020-08-01T12:34:13.563+0300][104.773s][info ][gc] GC(3999) Pause Young (Normal) (G1 Evacuation Pause) 469M->471M(512M) 11.563ms
[2020-08-01T12:34:13.569+0300][104.778s][info ][gc] GC(3987) Pause Cleanup 471M->471M(512M) 0.131ms
[2020-08-01T12:34:13.570+0300][104.780s][info ][gc] GC(3987) Concurrent Cycle 349.347ms
[2020-08-01T12:34:13.593+0300][104.802s][info ][gc] GC(4000) To-space exhausted
[2020-08-01T12:34:13.593+0300][104.802s][info ][gc] GC(4000) Pause Young (Normal) (G1 Evacuation Pause) 492M->499M(512M) 15.950ms
[2020-08-01T12:34:13.623+0300][104.833s][info ][gc] GC(4001) To-space exhausted
[2020-08-01T12:34:13.623+0300][104.833s][info ][gc] GC(4001) Pause Young (Concurrent Start) (G1 Evacuation Pause) 511M->511M(512M) 25.326ms
[2020-08-01T12:34:13.623+0300][104.833s][info ][gc] GC(4003) Concurrent Cycle
[2020-08-01T12:34:13.624+0300][104.833s][debug][gc] GC(4002) Clear Next Bitmap 0.294ms
[2020-08-01T12:34:13.661+0300][104.871s][info ][gc] GC(4002) Pause Full (G1 Evacuation Pause) 511M->66M(512M) 37.658ms
[2020-08-01T12:34:13.661+0300][104.871s][info ][gc] GC(4003) Concurrent Cycle 37.949ms
[2020-08-01T12:34:13.684+0300][104.893s][info ][gc] GC(4004) Pause Young (Normal) (G1 Evacuation Pause) 94M->94M(512M) 11.742ms
[2020-08-01T12:34:13.708+0300][104.918s][info ][gc] GC(4005) Pause Young (Normal) (G1 Evacuation Pause) 119M->120M(512M) 13.509ms
[2020-08-01T12:34:13.747+0300][104.956s][info ][gc] GC(4006) Pause Young (Normal) (G1 Evacuation Pause) 161M->162M(512M) 12.975ms
[2020-08-01T12:34:13.766+0300][104.975s][info ][gc] GC(4007) Pause Young (Normal) (G1 Evacuation Pause) 183M->185M(512M) 10.615ms
[2020-08-01T12:34:13.784+0300][104.993s][info ][gc] GC(4008) Pause Young (Normal) (G1 Evacuation Pause) 206M->207M(512M) 9.836ms
[2020-08-01T12:34:13.803+0300][105.012s][info ][gc] GC(4009) Pause Young (Normal) (G1 Evacuation Pause) 228M->230M(512M) 10.530ms
[2020-08-01T12:34:13.822+0300][105.031s][info ][gc] GC(4010) Pause Young (Normal) (G1 Evacuation Pause) 251M->252M(512M) 10.611ms
[2020-08-01T12:34:13.841+0300][105.050s][info ][gc] GC(4011) Pause Young (Concurrent Start) (G1 Evacuation Pause) 273M->274M(512M) 10.478ms
[2020-08-01T12:34:13.841+0300][105.050s][info ][gc] GC(4012) Concurrent Cycle
[2020-08-01T12:34:13.874+0300][105.083s][info ][gc] GC(4013) Pause Young (Normal) (G1 Evacuation Pause) 315M->317M(512M) 11.010ms
[2020-08-01T12:34:13.894+0300][105.103s][info ][gc] GC(4014) Pause Young (Normal) (G1 Evacuation Pause) 338M->340M(512M) 10.891ms
[2020-08-01T12:34:13.913+0300][105.122s][info ][gc] GC(4015) Pause Young (Normal) (G1 Evacuation Pause) 361M->362M(512M) 10.306ms
[2020-08-01T12:34:13.932+0300][105.141s][info ][gc] GC(4016) Pause Young (Normal) (G1 Evacuation Pause) 383M->384M(512M) 10.242ms
[2020-08-01T12:34:13.951+0300][105.160s][info ][gc] GC(4017) Pause Young (Normal) (G1 Evacuation Pause) 405M->407M(512M) 10.311ms
[2020-08-01T12:34:13.993+0300][105.203s][info ][gc] GC(4018) Pause Young (Normal) (G1 Evacuation Pause) 448M->449M(512M) 10.136ms
[2020-08-01T12:34:14.001+0300][105.210s][debug][gc] GC(4012) Reclaimed 130 empty regions
[2020-08-01T12:34:14.001+0300][105.210s][info ][gc] GC(4012) Pause Remark 467M->338M(512M) 0.465ms
[2020-08-01T12:34:14.014+0300][105.223s][info ][gc] GC(4019) Pause Young (Normal) (G1 Evacuation Pause) 341M->342M(512M) 11.155ms
[2020-08-01T12:34:14.039+0300][105.248s][info ][gc] GC(4020) Pause Young (Normal) (G1 Evacuation Pause) 363M->364M(512M) 10.194ms
[2020-08-01T12:34:14.064+0300][105.274s][info ][gc] GC(4021) Pause Young (Normal) (G1 Evacuation Pause) 385M->387M(512M) 10.908ms
[2020-08-01T12:34:14.090+0300][105.300s][info ][gc] GC(4022) Pause Young (Normal) (G1 Evacuation Pause) 408M->410M(512M) 10.940ms
[2020-08-01T12:34:14.116+0300][105.326s][info ][gc] GC(4023) Pause Young (Normal) (G1 Evacuation Pause) 431M->432M(512M) 10.861ms
[2020-08-01T12:34:14.168+0300][105.378s][info ][gc] GC(4024) Pause Young (Normal) (G1 Evacuation Pause) 473M->474M(512M) 10.567ms
[2020-08-01T12:34:14.203+0300][105.412s][info ][gc] GC(4025) To-space exhausted
[2020-08-01T12:34:14.203+0300][105.412s][info ][gc] GC(4025) Pause Young (Normal) (G1 Evacuation Pause) 495M->502M(512M) 19.110ms
[2020-08-01T12:34:14.228+0300][105.438s][info ][gc] GC(4026) To-space exhausted
[2020-08-01T12:34:14.228+0300][105.438s][info ][gc] GC(4026) Pause Young (Normal) (G1 Evacuation Pause) 511M->511M(512M) 21.495ms
[2020-08-01T12:34:14.229+0300][105.438s][debug][gc] GC(4027) Clear Next Bitmap 0.271ms
[2020-08-01T12:34:14.270+0300][105.479s][info ][gc] GC(4027) Pause Full (G1 Evacuation Pause) 511M->67M(512M) 41.616ms
[2020-08-01T12:34:14.270+0300][105.480s][info ][gc] GC(4012) Concurrent Cycle 429.379ms
[2020-08-01T12:34:14.293+0300][105.502s][info ][gc] GC(4028) Pause Young (Normal) (G1 Evacuation Pause) 94M->94M(512M) 11.720ms
[2020-08-01T12:34:14.315+0300][105.524s][info ][gc] GC(4029) Pause Young (Normal) (G1 Evacuation Pause) 119M->121M(512M) 11.910ms
[2020-08-01T12:34:14.375+0300][105.584s][info ][gc] GC(4030) Pause Young (Normal) (G1 Evacuation Pause) 162M->163M(512M) 26.749ms
[2020-08-01T12:34:14.400+0300][105.609s][info ][gc] GC(4031) Pause Young (Normal) (G1 Evacuation Pause) 184M->186M(512M) 13.152ms
[2020-08-01T12:34:14.419+0300][105.628s][info ][gc] GC(4032) Pause Young (Normal) (G1 Evacuation Pause) 207M->208M(512M) 10.671ms
[2020-08-01T12:34:14.438+0300][105.647s][info ][gc] GC(4033) Pause Young (Normal) (G1 Evacuation Pause) 229M->230M(512M) 10.448ms
[2020-08-01T12:34:14.458+0300][105.668s][info ][gc] GC(4034) Pause Young (Normal) (G1 Evacuation Pause) 251M->252M(512M) 11.801ms
[2020-08-01T12:34:14.477+0300][105.687s][info ][gc] GC(4035) Pause Young (Concurrent Start) (G1 Evacuation Pause) 273M->275M(512M) 10.606ms
[2020-08-01T12:34:14.477+0300][105.687s][info ][gc] GC(4036) Concurrent Cycle
[2020-08-01T12:34:14.511+0300][105.720s][info ][gc] GC(4037) Pause Young (Normal) (G1 Evacuation Pause) 316M->317M(512M) 10.074ms
[2020-08-01T12:34:14.531+0300][105.740s][info ][gc] GC(4038) Pause Young (Normal) (G1 Evacuation Pause) 338M->339M(512M) 10.638ms
[2020-08-01T12:34:14.550+0300][105.759s][info ][gc] GC(4039) Pause Young (Normal) (G1 Evacuation Pause) 360M->362M(512M) 10.360ms
[2020-08-01T12:34:14.569+0300][105.779s][info ][gc] GC(4040) Pause Young (Normal) (G1 Evacuation Pause) 383M->384M(512M) 10.671ms
[2020-08-01T12:34:14.589+0300][105.798s][info ][gc] GC(4041) Pause Young (Normal) (G1 Evacuation Pause) 405M->407M(512M) 10.303ms
[2020-08-01T12:34:14.632+0300][105.841s][info ][gc] GC(4042) Pause Young (Normal) (G1 Evacuation Pause) 448M->448M(512M) 10.750ms
[2020-08-01T12:34:14.640+0300][105.849s][debug][gc] GC(4036) Reclaimed 131 empty regions
[2020-08-01T12:34:14.640+0300][105.849s][info ][gc] GC(4036) Pause Remark 467M->339M(512M) 0.500ms
[2020-08-01T12:34:14.651+0300][105.861s][info ][gc] GC(4043) Pause Young (Normal) (G1 Evacuation Pause) 341M->342M(512M) 10.518ms
[2020-08-01T12:34:14.678+0300][105.888s][info ][gc] GC(4044) Pause Young (Normal) (G1 Evacuation Pause) 363M->365M(512M) 10.553ms
[2020-08-01T12:34:14.704+0300][105.914s][info ][gc] GC(4045) Pause Young (Normal) (G1 Evacuation Pause) 386M->387M(512M) 10.635ms
[2020-08-01T12:34:14.730+0300][105.940s][info ][gc] GC(4046) Pause Young (Normal) (G1 Evacuation Pause) 408M->410M(512M) 10.951ms
[2020-08-01T12:34:14.756+0300][105.965s][info ][gc] GC(4047) Pause Young (Normal) (G1 Evacuation Pause) 431M->432M(512M) 10.837ms
[2020-08-01T12:34:14.808+0300][106.017s][info ][gc] GC(4048) Pause Young (Normal) (G1 Evacuation Pause) 473M->474M(512M) 10.415ms
[2020-08-01T12:34:14.843+0300][106.053s][info ][gc] GC(4049) To-space exhausted
[2020-08-01T12:34:14.843+0300][106.053s][info ][gc] GC(4049) Pause Young (Normal) (G1 Evacuation Pause) 495M->504M(512M) 20.722ms
[2020-08-01T12:34:14.868+0300][106.077s][info ][gc] GC(4050) To-space exhausted
[2020-08-01T12:34:14.868+0300][106.077s][info ][gc] GC(4050) Pause Young (Normal) (G1 Evacuation Pause) 511M->511M(512M) 15.369ms
[2020-08-01T12:34:14.869+0300][106.078s][debug][gc] GC(4051) Clear Next Bitmap 0.385ms
[2020-08-01T12:34:14.908+0300][106.117s][info ][gc] GC(4051) Pause Full (G1 Evacuation Pause) 511M->66M(512M) 39.611ms
[2020-08-01T12:34:14.908+0300][106.117s][info ][gc] GC(4036) Concurrent Cycle 430.679ms
[2020-08-01T12:34:14.928+0300][106.138s][info ][gc] GC(4052) Pause Young (Normal) (G1 Evacuation Pause) 91M->91M(512M) 10.463ms
[2020-08-01T12:34:14.947+0300][106.157s][info ][gc] GC(4053) Pause Young (Normal) (G1 Evacuation Pause) 112M->113M(512M) 10.747ms
[2020-08-01T12:34:14.966+0300][106.175s][info ][gc] GC(4054) Pause Young (Normal) (G1 Evacuation Pause) 134M->136M(512M) 10.081ms
[2020-08-01T12:34:15.039+0300][106.248s][info ][gc] GC(4055) Pause Young (Normal) (G1 Evacuation Pause) 177M->179M(512M) 21.482ms
[2020-08-01T12:34:15.063+0300][106.273s][info ][gc] GC(4056) Pause Young (Normal) (G1 Evacuation Pause) 200M->201M(512M) 12.628ms
[2020-08-01T12:34:15.082+0300][106.292s][info ][gc] GC(4057) Pause Young (Normal) (G1 Evacuation Pause) 222M->224M(512M) 10.360ms
[2020-08-01T12:34:15.101+0300][106.310s][info ][gc] GC(4058) Pause Young (Normal) (G1 Evacuation Pause) 245M->246M(512M) 10.507ms
[2020-08-01T12:34:15.120+0300][106.329s][info ][gc] GC(4059) Pause Young (Concurrent Start) (G1 Evacuation Pause) 267M->268M(512M) 10.399ms
[2020-08-01T12:34:15.120+0300][106.329s][info ][gc] GC(4060) Concurrent Cycle
[2020-08-01T12:34:15.162+0300][106.372s][info ][gc] GC(4061) Pause Young (Normal) (G1 Evacuation Pause) 309M->311M(512M) 11.083ms
[2020-08-01T12:34:15.183+0300][106.392s][info ][gc] GC(4062) Pause Young (Normal) (G1 Evacuation Pause) 332M->333M(512M) 11.809ms
[2020-08-01T12:34:15.206+0300][106.415s][info ][gc] GC(4063) Pause Young (Normal) (G1 Evacuation Pause) 354M->355M(512M) 13.257ms
[2020-08-01T12:34:15.227+0300][106.436s][info ][gc] GC(4064) Pause Young (Normal) (G1 Evacuation Pause) 376M->377M(512M) 11.498ms
[2020-08-01T12:34:15.247+0300][106.457s][info ][gc] GC(4065) Pause Young (Normal) (G1 Evacuation Pause) 398M->400M(512M) 11.738ms
[2020-08-01T12:34:15.268+0300][106.477s][info ][gc] GC(4066) Pause Young (Normal) (G1 Evacuation Pause) 421M->422M(512M) 11.676ms
[2020-08-01T12:34:15.282+0300][106.491s][debug][gc] GC(4060) Reclaimed 134 empty regions
[2020-08-01T12:34:15.282+0300][106.491s][info ][gc] GC(4060) Pause Remark 424M->294M(512M) 0.425ms
[2020-08-01T12:34:15.307+0300][106.516s][info ][gc] GC(4067) Pause Young (Normal) (G1 Evacuation Pause) 333M->334M(512M) 10.785ms
[2020-08-01T12:34:15.336+0300][106.545s][info ][gc] GC(4068) Pause Young (Normal) (G1 Evacuation Pause) 355M->357M(512M) 10.679ms
[2020-08-01T12:34:15.356+0300][106.565s][info ][gc] GC(4069) Pause Young (Normal) (G1 Evacuation Pause) 378M->379M(512M) 10.796ms
[2020-08-01T12:34:15.384+0300][106.593s][info ][gc] GC(4070) Pause Young (Normal) (G1 Evacuation Pause) 400M->402M(512M) 10.384ms
[2020-08-01T12:34:15.408+0300][106.618s][info ][gc] GC(4071) Pause Young (Normal) (G1 Evacuation Pause) 423M->424M(512M) 10.673ms
[2020-08-01T12:34:15.460+0300][106.669s][info ][gc] GC(4072) Pause Young (Normal) (G1 Evacuation Pause) 465M->467M(512M) 11.063ms
[2020-08-01T12:34:15.487+0300][106.696s][info ][gc] GC(4073) To-space exhausted
[2020-08-01T12:34:15.487+0300][106.696s][info ][gc] GC(4073) Pause Young (Normal) (G1 Evacuation Pause) 488M->494M(512M) 12.125ms
[2020-08-01T12:34:15.493+0300][106.702s][info ][gc] GC(4060) Pause Cleanup 497M->497M(512M) 0.164ms
[2020-08-01T12:34:15.494+0300][106.703s][info ][gc] GC(4060) Concurrent Cycle 373.993ms
[2020-08-01T12:34:15.530+0300][106.740s][info ][gc] GC(4074) To-space exhausted
[2020-08-01T12:34:15.530+0300][106.740s][info ][gc] GC(4074) Pause Young (Normal) (G1 Evacuation Pause) 511M->511M(512M) 30.652ms
[2020-08-01T12:34:15.573+0300][106.783s][info ][gc] GC(4075) Pause Full (G1 Evacuation Pause) 511M->68M(512M) 42.598ms
[2020-08-01T12:34:15.593+0300][106.803s][info ][gc] GC(4076) Pause Young (Normal) (G1 Evacuation Pause) 93M->94M(512M) 10.316ms
[2020-08-01T12:34:15.613+0300][106.822s][info ][gc] GC(4077) Pause Young (Normal) (G1 Evacuation Pause) 116M->117M(512M) 10.626ms
[2020-08-01T12:34:15.696+0300][106.905s][info ][gc] GC(4078) Pause Young (Normal) (G1 Evacuation Pause) 158M->159M(512M) 42.529ms
[2020-08-01T12:34:15.723+0300][106.932s][info ][gc] GC(4079) Pause Young (Normal) (G1 Evacuation Pause) 180M->182M(512M) 13.110ms
[2020-08-01T12:34:15.742+0300][106.952s][info ][gc] GC(4080) Pause Young (Normal) (G1 Evacuation Pause) 203M->204M(512M) 10.495ms
[2020-08-01T12:34:15.761+0300][106.971s][info ][gc] GC(4081) Pause Young (Normal) (G1 Evacuation Pause) 225M->226M(512M) 10.394ms
[2020-08-01T12:34:15.780+0300][106.990s][info ][gc] GC(4082) Pause Young (Normal) (G1 Evacuation Pause) 247M->249M(512M) 10.456ms
[2020-08-01T12:34:15.799+0300][107.009s][info ][gc] GC(4083) Pause Young (Concurrent Start) (G1 Evacuation Pause) 270M->271M(512M) 10.603ms
[2020-08-01T12:34:15.799+0300][107.009s][info ][gc] GC(4084) Concurrent Cycle
[2020-08-01T12:34:15.834+0300][107.043s][info ][gc] GC(4085) Pause Young (Normal) (G1 Evacuation Pause) 312M->315M(512M) 11.292ms
[2020-08-01T12:34:15.853+0300][107.062s][info ][gc] GC(4086) Pause Young (Normal) (G1 Evacuation Pause) 336M->337M(512M) 10.538ms
[2020-08-01T12:34:15.872+0300][107.082s][info ][gc] GC(4087) Pause Young (Normal) (G1 Evacuation Pause) 358M->359M(512M) 10.576ms
[2020-08-01T12:34:15.892+0300][107.101s][info ][gc] GC(4088) Pause Young (Normal) (G1 Evacuation Pause) 380M->382M(512M) 10.438ms
[2020-08-01T12:34:15.911+0300][107.120s][info ][gc] GC(4089) Pause Young (Normal) (G1 Evacuation Pause) 403M->404M(512M) 10.534ms
[2020-08-01T12:34:15.952+0300][107.161s][info ][gc] GC(4090) Pause Young (Normal) (G1 Evacuation Pause) 445M->446M(512M) 10.388ms
[2020-08-01T12:34:15.958+0300][107.167s][debug][gc] GC(4084) Reclaimed 134 empty regions
[2020-08-01T12:34:15.958+0300][107.167s][info ][gc] GC(4084) Pause Remark 459M->327M(512M) 0.484ms
[2020-08-01T12:34:15.973+0300][107.182s][info ][gc] GC(4091) Pause Young (Normal) (G1 Evacuation Pause) 335M->337M(512M) 11.267ms
[2020-08-01T12:34:15.998+0300][107.207s][info ][gc] GC(4092) Pause Young (Normal) (G1 Evacuation Pause) 358M->359M(512M) 10.677ms
[2020-08-01T12:34:16.023+0300][107.232s][info ][gc] GC(4093) Pause Young (Normal) (G1 Evacuation Pause) 380M->381M(512M) 10.775ms
[2020-08-01T12:34:16.051+0300][107.260s][info ][gc] GC(4094) Pause Young (Normal) (G1 Evacuation Pause) 402M->404M(512M) 10.594ms
[2020-08-01T12:34:16.078+0300][107.287s][info ][gc] GC(4095) Pause Young (Normal) (G1 Evacuation Pause) 425M->426M(512M) 12.442ms
[2020-08-01T12:34:16.129+0300][107.338s][info ][gc] GC(4096) Pause Young (Normal) (G1 Evacuation Pause) 467M->468M(512M) 11.428ms
[2020-08-01T12:34:16.157+0300][107.367s][info ][gc] GC(4097) To-space exhausted
[2020-08-01T12:34:16.157+0300][107.367s][info ][gc] GC(4097) Pause Young (Normal) (G1 Evacuation Pause) 489M->496M(512M) 13.878ms
[2020-08-01T12:34:16.196+0300][107.405s][info ][gc] GC(4098) To-space exhausted
[2020-08-01T12:34:16.196+0300][107.405s][info ][gc] GC(4098) Pause Young (Normal) (G1 Evacuation Pause) 511M->511M(512M) 26.989ms
[2020-08-01T12:34:16.196+0300][107.406s][debug][gc] GC(4099) Clear Next Bitmap 0.308ms
[2020-08-01T12:34:16.239+0300][107.448s][info ][gc] GC(4099) Pause Full (G1 Evacuation Pause) 511M->70M(512M) 42.566ms
[2020-08-01T12:34:16.239+0300][107.448s][info ][gc] GC(4084) Concurrent Cycle 439.494ms
[2020-08-01T12:34:16.259+0300][107.469s][info ][gc] GC(4100) Pause Young (Normal) (G1 Evacuation Pause) 95M->95M(512M) 10.401ms
[2020-08-01T12:34:16.279+0300][107.489s][info ][gc] GC(4101) Pause Young (Normal) (G1 Evacuation Pause) 116M->118M(512M) 10.693ms
[2020-08-01T12:34:16.324+0300][107.534s][info ][gc] GC(4102) Pause Young (Normal) (G1 Evacuation Pause) 159M->160M(512M) 10.939ms
[2020-08-01T12:34:16.343+0300][107.553s][info ][gc] GC(4103) Pause Young (Normal) (G1 Evacuation Pause) 181M->182M(512M) 10.748ms
[2020-08-01T12:34:16.363+0300][107.573s][info ][gc] GC(4104) Pause Young (Normal) (G1 Evacuation Pause) 203M->204M(512M) 11.424ms
[2020-08-01T12:34:16.382+0300][107.592s][info ][gc] GC(4105) Pause Young (Normal) (G1 Evacuation Pause) 225M->225M(512M) 10.462ms
[2020-08-01T12:34:16.402+0300][107.611s][info ][gc] GC(4106) Pause Young (Normal) (G1 Evacuation Pause) 246M->247M(512M) 10.470ms
[2020-08-01T12:34:16.422+0300][107.631s][info ][gc] GC(4107) Pause Young (Concurrent Start) (G1 Evacuation Pause) 268M->270M(512M) 11.755ms
[2020-08-01T12:34:16.422+0300][107.632s][info ][gc] GC(4108) Concurrent Cycle
[2020-08-01T12:34:16.470+0300][107.679s][info ][gc] GC(4109) Pause Young (Normal) (G1 Evacuation Pause) 311M->313M(512M) 10.476ms
[2020-08-01T12:34:16.489+0300][107.699s][info ][gc] GC(4110) Pause Young (Normal) (G1 Evacuation Pause) 334M->336M(512M) 10.575ms
[2020-08-01T12:34:16.509+0300][107.719s][info ][gc] GC(4111) Pause Young (Normal) (G1 Evacuation Pause) 357M->358M(512M) 10.653ms
[2020-08-01T12:34:16.529+0300][107.738s][info ][gc] GC(4112) Pause Young (Normal) (G1 Evacuation Pause) 379M->380M(512M) 10.686ms
[2020-08-01T12:34:16.549+0300][107.759s][info ][gc] GC(4113) Pause Young (Normal) (G1 Evacuation Pause) 401M->403M(512M) 10.525ms
[2020-08-01T12:34:16.571+0300][107.780s][debug][gc] GC(4108) Reclaimed 133 empty regions
[2020-08-01T12:34:16.571+0300][107.780s][info ][gc] GC(4108) Pause Remark 422M->292M(512M) 0.434ms
[2020-08-01T12:34:16.590+0300][107.799s][info ][gc] GC(4114) Pause Young (Normal) (G1 Evacuation Pause) 314M->316M(512M) 11.083ms
[2020-08-01T12:34:16.616+0300][107.825s][info ][gc] GC(4115) Pause Young (Normal) (G1 Evacuation Pause) 337M->339M(512M) 10.819ms
[2020-08-01T12:34:16.641+0300][107.851s][info ][gc] GC(4116) Pause Young (Normal) (G1 Evacuation Pause) 360M->361M(512M) 10.668ms
[2020-08-01T12:34:16.667+0300][107.876s][info ][gc] GC(4117) Pause Young (Normal) (G1 Evacuation Pause) 382M->384M(512M) 10.448ms
[2020-08-01T12:34:16.694+0300][107.903s][info ][gc] GC(4118) Pause Young (Normal) (G1 Evacuation Pause) 405M->407M(512M) 10.649ms
[2020-08-01T12:34:16.723+0300][107.932s][info ][gc] GC(4119) Pause Young (Normal) (G1 Evacuation Pause) 428M->429M(512M) 11.175ms
[2020-08-01T12:34:16.766+0300][107.975s][info ][gc] GC(4120) Pause Young (Normal) (G1 Evacuation Pause) 470M->471M(512M) 10.869ms
[2020-08-01T12:34:16.775+0300][107.984s][info ][gc] GC(4108) Pause Cleanup 490M->490M(512M) 0.104ms
[2020-08-01T12:34:16.776+0300][107.985s][info ][gc] GC(4108) Concurrent Cycle 353.523ms
[2020-08-01T12:34:16.793+0300][108.002s][info ][gc] GC(4121) To-space exhausted
[2020-08-01T12:34:16.793+0300][108.002s][info ][gc] GC(4121) Pause Young (Normal) (G1 Evacuation Pause) 492M->499M(512M) 16.015ms
[2020-08-01T12:34:16.824+0300][108.033s][info ][gc] GC(4122) To-space exhausted
[2020-08-01T12:34:16.824+0300][108.033s][info ][gc] GC(4122) Pause Young (Concurrent Start) (G1 Evacuation Pause) 511M->511M(512M) 26.230ms
[2020-08-01T12:34:16.824+0300][108.033s][info ][gc] GC(4124) Concurrent Cycle
[2020-08-01T12:34:16.824+0300][108.034s][debug][gc] GC(4123) Clear Next Bitmap 0.259ms
[2020-08-01T12:34:16.864+0300][108.073s][info ][gc] GC(4123) Pause Full (G1 Evacuation Pause) 511M->67M(512M) 39.992ms
[2020-08-01T12:34:16.864+0300][108.074s][info ][gc] GC(4124) Concurrent Cycle 40.276ms
[2020-08-01T12:34:16.887+0300][108.097s][info ][gc] GC(4125) Pause Young (Normal) (G1 Evacuation Pause) 95M->96M(512M) 11.793ms
[2020-08-01T12:34:16.909+0300][108.119s][info ][gc] GC(4126) Pause Young (Normal) (G1 Evacuation Pause) 121M->122M(512M) 12.427ms
[2020-08-01T12:34:16.963+0300][108.172s][info ][gc] GC(4127) Pause Young (Normal) (G1 Evacuation Pause) 163M->164M(512M) 18.043ms
[2020-08-01T12:34:16.985+0300][108.194s][info ][gc] GC(4128) Pause Young (Normal) (G1 Evacuation Pause) 185M->186M(512M) 11.032ms
[2020-08-01T12:34:17.003+0300][108.213s][info ][gc] GC(4129) Pause Young (Normal) (G1 Evacuation Pause) 207M->209M(512M) 10.397ms
[2020-08-01T12:34:17.022+0300][108.232s][info ][gc] GC(4130) Pause Young (Normal) (G1 Evacuation Pause) 230M->232M(512M) 10.606ms
[2020-08-01T12:34:17.041+0300][108.251s][info ][gc] GC(4131) Pause Young (Concurrent Start) (G1 Evacuation Pause) 253M->254M(512M) 10.651ms
[2020-08-01T12:34:17.041+0300][108.251s][info ][gc] GC(4132) Concurrent Cycle
[2020-08-01T12:34:17.062+0300][108.271s][info ][gc] GC(4133) Pause Young (Normal) (G1 Evacuation Pause) 275M->277M(512M) 11.590ms
[2020-08-01T12:34:17.097+0300][108.307s][info ][gc] GC(4134) Pause Young (Normal) (G1 Evacuation Pause) 318M->319M(512M) 10.995ms
[2020-08-01T12:34:17.117+0300][108.326s][info ][gc] GC(4135) Pause Young (Normal) (G1 Evacuation Pause) 340M->342M(512M) 10.594ms
[2020-08-01T12:34:17.136+0300][108.346s][info ][gc] GC(4136) Pause Young (Normal) (G1 Evacuation Pause) 363M->365M(512M) 10.513ms
[2020-08-01T12:34:17.155+0300][108.365s][info ][gc] GC(4137) Pause Young (Normal) (G1 Evacuation Pause) 386M->387M(512M) 10.367ms
[2020-08-01T12:34:17.174+0300][108.384s][info ][gc] GC(4138) Pause Young (Normal) (G1 Evacuation Pause) 408M->410M(512M) 10.212ms
[2020-08-01T12:34:17.186+0300][108.395s][debug][gc] GC(4132) Reclaimed 131 empty regions
[2020-08-01T12:34:17.186+0300][108.395s][info ][gc] GC(4132) Pause Remark 424M->296M(512M) 0.497ms
[2020-08-01T12:34:17.214+0300][108.423s][info ][gc] GC(4139) Pause Young (Normal) (G1 Evacuation Pause) 323M->325M(512M) 11.505ms
[2020-08-01T12:34:17.238+0300][108.447s][info ][gc] GC(4140) Pause Young (Normal) (G1 Evacuation Pause) 346M->347M(512M) 10.537ms
[2020-08-01T12:34:17.259+0300][108.468s][info ][gc] GC(4141) Pause Young (Normal) (G1 Evacuation Pause) 368M->370M(512M) 11.934ms
[2020-08-01T12:34:17.290+0300][108.500s][info ][gc] GC(4142) Pause Young (Normal) (G1 Evacuation Pause) 391M->393M(512M) 10.838ms
[2020-08-01T12:34:17.317+0300][108.527s][info ][gc] GC(4143) Pause Young (Normal) (G1 Evacuation Pause) 414M->415M(512M) 10.645ms
[2020-08-01T12:34:17.344+0300][108.554s][info ][gc] GC(4144) Pause Young (Normal) (G1 Evacuation Pause) 436M->437M(512M) 11.008ms
[2020-08-01T12:34:17.389+0300][108.598s][info ][gc] GC(4145) Pause Young (Normal) (G1 Evacuation Pause) 478M->480M(512M) 11.211ms
[2020-08-01T12:34:17.394+0300][108.603s][info ][gc] GC(4132) Pause Cleanup 480M->480M(512M) 0.108ms
[2020-08-01T12:34:17.394+0300][108.604s][info ][gc] GC(4132) Concurrent Cycle 353.003ms
[2020-08-01T12:34:17.427+0300][108.637s][info ][gc] GC(4146) To-space exhausted
[2020-08-01T12:34:17.428+0300][108.637s][info ][gc] GC(4146) Pause Young (Normal) (G1 Evacuation Pause) 501M->509M(512M) 24.813ms
[2020-08-01T12:34:17.440+0300][108.649s][info ][gc] GC(4147) To-space exhausted
[2020-08-01T12:34:17.440+0300][108.649s][info ][gc] GC(4147) Pause Young (Concurrent Start) (G1 Evacuation Pause) 511M->511M(512M) 11.149ms
[2020-08-01T12:34:17.440+0300][108.649s][info ][gc] GC(4149) Concurrent Cycle
[2020-08-01T12:34:17.440+0300][108.650s][debug][gc] GC(4148) Clear Next Bitmap 0.325ms
[2020-08-01T12:34:17.477+0300][108.686s][info ][gc] GC(4148) Pause Full (G1 Evacuation Pause) 511M->62M(512M) 36.661ms
[2020-08-01T12:34:17.477+0300][108.686s][info ][gc] GC(4149) Concurrent Cycle 36.960ms
[2020-08-01T12:34:17.500+0300][108.709s][info ][gc] GC(4150) Pause Young (Normal) (G1 Evacuation Pause) 90M->90M(512M) 11.875ms
[2020-08-01T12:34:17.522+0300][108.731s][info ][gc] GC(4151) Pause Young (Normal) (G1 Evacuation Pause) 115M->117M(512M) 12.080ms
[2020-08-01T12:34:17.592+0300][108.802s][info ][gc] GC(4152) Pause Young (Normal) (G1 Evacuation Pause) 158M->159M(512M) 34.629ms
[2020-08-01T12:34:17.616+0300][108.826s][info ][gc] GC(4153) Pause Young (Normal) (G1 Evacuation Pause) 180M->182M(512M) 11.835ms
[2020-08-01T12:34:17.636+0300][108.845s][info ][gc] GC(4154) Pause Young (Normal) (G1 Evacuation Pause) 203M->204M(512M) 10.629ms
[2020-08-01T12:34:17.655+0300][108.864s][info ][gc] GC(4155) Pause Young (Normal) (G1 Evacuation Pause) 225M->227M(512M) 10.444ms
[2020-08-01T12:34:17.674+0300][108.883s][info ][gc] GC(4156) Pause Young (Normal) (G1 Evacuation Pause) 248M->250M(512M) 10.083ms
[2020-08-01T12:34:17.692+0300][108.902s][info ][gc] GC(4157) Pause Young (Concurrent Start) (G1 Evacuation Pause) 271M->272M(512M) 10.376ms
[2020-08-01T12:34:17.692+0300][108.902s][info ][gc] GC(4158) Concurrent Cycle
[2020-08-01T12:34:17.725+0300][108.934s][info ][gc] GC(4159) Pause Young (Normal) (G1 Evacuation Pause) 313M->314M(512M) 11.143ms
[2020-08-01T12:34:17.744+0300][108.953s][info ][gc] GC(4160) Pause Young (Normal) (G1 Evacuation Pause) 335M->336M(512M) 10.687ms
[2020-08-01T12:34:17.763+0300][108.972s][info ][gc] GC(4161) Pause Young (Normal) (G1 Evacuation Pause) 357M->358M(512M) 10.124ms
[2020-08-01T12:34:17.782+0300][108.991s][info ][gc] GC(4162) Pause Young (Normal) (G1 Evacuation Pause) 379M->381M(512M) 10.423ms
[2020-08-01T12:34:17.801+0300][109.010s][info ][gc] GC(4163) Pause Young (Normal) (G1 Evacuation Pause) 402M->403M(512M) 10.486ms
[2020-08-01T12:34:17.845+0300][109.054s][info ][gc] GC(4164) Pause Young (Normal) (G1 Evacuation Pause) 444M->445M(512M) 10.427ms
[2020-08-01T12:34:17.849+0300][109.059s][debug][gc] GC(4158) Reclaimed 131 empty regions
[2020-08-01T12:34:17.849+0300][109.059s][info ][gc] GC(4158) Pause Remark 455M->325M(512M) 0.437ms
[2020-08-01T12:34:17.867+0300][109.076s][info ][gc] GC(4165) Pause Young (Normal) (G1 Evacuation Pause) 336M->337M(512M) 12.315ms
[2020-08-01T12:34:17.892+0300][109.101s][info ][gc] GC(4166) Pause Young (Normal) (G1 Evacuation Pause) 358M->360M(512M) 10.459ms
[2020-08-01T12:34:17.916+0300][109.126s][info ][gc] GC(4167) Pause Young (Normal) (G1 Evacuation Pause) 381M->382M(512M) 10.546ms
[2020-08-01T12:34:17.942+0300][109.151s][info ][gc] GC(4168) Pause Young (Normal) (G1 Evacuation Pause) 403M->404M(512M) 10.528ms
[2020-08-01T12:34:17.967+0300][109.176s][info ][gc] GC(4169) Pause Young (Normal) (G1 Evacuation Pause) 425M->426M(512M) 10.628ms
[2020-08-01T12:34:18.005+0300][109.215s][info ][gc] GC(4170) Pause Young (Normal) (G1 Evacuation Pause) 467M->469M(512M) 10.665ms
[2020-08-01T12:34:18.037+0300][109.247s][info ][gc] GC(4171) To-space exhausted
[2020-08-01T12:34:18.038+0300][109.247s][info ][gc] GC(4171) Pause Young (Normal) (G1 Evacuation Pause) 490M->497M(512M) 14.585ms
[2020-08-01T12:34:18.077+0300][109.286s][info ][gc] GC(4172) To-space exhausted
[2020-08-01T12:34:18.077+0300][109.286s][info ][gc] GC(4172) Pause Young (Normal) (G1 Evacuation Pause) 511M->511M(512M) 27.290ms
[2020-08-01T12:34:18.077+0300][109.287s][debug][gc] GC(4173) Clear Next Bitmap 0.327ms
[2020-08-01T12:34:18.117+0300][109.326s][info ][gc] GC(4173) Pause Full (G1 Evacuation Pause) 511M->69M(512M) 39.974ms
[2020-08-01T12:34:18.117+0300][109.327s][info ][gc] GC(4158) Concurrent Cycle 424.715ms
[2020-08-01T12:34:18.138+0300][109.347s][info ][gc] GC(4174) Pause Young (Normal) (G1 Evacuation Pause) 94M->94M(512M) 10.793ms
[2020-08-01T12:34:18.157+0300][109.366s][info ][gc] GC(4175) Pause Young (Normal) (G1 Evacuation Pause) 115M->116M(512M) 10.386ms
[2020-08-01T12:34:18.175+0300][109.385s][info ][gc] GC(4176) Pause Young (Normal) (G1 Evacuation Pause) 137M->138M(512M) 10.418ms
[2020-08-01T12:34:18.211+0300][109.420s][info ][gc] GC(4177) Pause Young (Normal) (G1 Evacuation Pause) 179M->180M(512M) 10.442ms
[2020-08-01T12:34:18.230+0300][109.439s][info ][gc] GC(4178) Pause Young (Normal) (G1 Evacuation Pause) 201M->203M(512M) 10.739ms
[2020-08-01T12:34:18.249+0300][109.458s][info ][gc] GC(4179) Pause Young (Normal) (G1 Evacuation Pause) 224M->226M(512M) 10.012ms
[2020-08-01T12:34:18.267+0300][109.476s][info ][gc] GC(4180) Pause Young (Normal) (G1 Evacuation Pause) 247M->248M(512M) 10.006ms
[2020-08-01T12:34:18.286+0300][109.496s][info ][gc] GC(4181) Pause Young (Concurrent Start) (G1 Evacuation Pause) 269M->270M(512M) 10.545ms
[2020-08-01T12:34:18.286+0300][109.496s][info ][gc] GC(4182) Concurrent Cycle
[2020-08-01T12:34:18.332+0300][109.542s][info ][gc] GC(4183) Pause Young (Normal) (G1 Evacuation Pause) 311M->313M(512M) 10.790ms
[2020-08-01T12:34:18.352+0300][109.561s][info ][gc] GC(4184) Pause Young (Normal) (G1 Evacuation Pause) 334M->336M(512M) 10.622ms
[2020-08-01T12:34:18.372+0300][109.581s][info ][gc] GC(4185) Pause Young (Normal) (G1 Evacuation Pause) 357M->358M(512M) 11.267ms
[2020-08-01T12:34:18.391+0300][109.601s][info ][gc] GC(4186) Pause Young (Normal) (G1 Evacuation Pause) 379M->380M(512M) 10.832ms
[2020-08-01T12:34:18.411+0300][109.620s][info ][gc] GC(4187) Pause Young (Normal) (G1 Evacuation Pause) 401M->402M(512M) 10.861ms
[2020-08-01T12:34:18.434+0300][109.643s][debug][gc] GC(4182) Reclaimed 133 empty regions
[2020-08-01T12:34:18.434+0300][109.643s][info ][gc] GC(4182) Pause Remark 422M->292M(512M) 0.575ms
[2020-08-01T12:34:18.454+0300][109.663s][info ][gc] GC(4188) Pause Young (Normal) (G1 Evacuation Pause) 312M->314M(512M) 10.696ms
[2020-08-01T12:34:18.478+0300][109.688s][info ][gc] GC(4189) Pause Young (Normal) (G1 Evacuation Pause) 335M->336M(512M) 11.664ms
[2020-08-01T12:34:18.506+0300][109.715s][info ][gc] GC(4190) Pause Young (Normal) (G1 Evacuation Pause) 357M->358M(512M) 12.028ms
[2020-08-01T12:34:18.531+0300][109.740s][info ][gc] GC(4191) Pause Young (Normal) (G1 Evacuation Pause) 379M->380M(512M) 10.520ms
[2020-08-01T12:34:18.556+0300][109.766s][info ][gc] GC(4192) Pause Young (Normal) (G1 Evacuation Pause) 401M->402M(512M) 10.609ms
[2020-08-01T12:34:18.584+0300][109.793s][info ][gc] GC(4193) Pause Young (Normal) (G1 Evacuation Pause) 423M->424M(512M) 10.604ms
[2020-08-01T12:34:18.630+0300][109.839s][info ][gc] GC(4194) Pause Young (Normal) (G1 Evacuation Pause) 465M->467M(512M) 11.390ms
[2020-08-01T12:34:18.639+0300][109.849s][info ][gc] GC(4182) Pause Cleanup 477M->477M(512M) 0.134ms
[2020-08-01T12:34:18.640+0300][109.849s][info ][gc] GC(4182) Concurrent Cycle 353.440ms
[2020-08-01T12:34:18.657+0300][109.867s][info ][gc] GC(4195) To-space exhausted
[2020-08-01T12:34:18.657+0300][109.867s][info ][gc] GC(4195) Pause Young (Normal) (G1 Evacuation Pause) 488M->491M(512M) 13.182ms
[2020-08-01T12:34:18.703+0300][109.912s][info ][gc] GC(4196) To-space exhausted
[2020-08-01T12:34:18.703+0300][109.913s][info ][gc] GC(4196) Pause Young (Concurrent Start) (G1 Evacuation Pause) 511M->511M(512M) 37.428ms
[2020-08-01T12:34:18.703+0300][109.913s][info ][gc] GC(4198) Concurrent Cycle
[2020-08-01T12:34:18.704+0300][109.913s][debug][gc] GC(4197) Clear Next Bitmap 0.275ms
[2020-08-01T12:34:18.749+0300][109.958s][info ][gc] GC(4197) Pause Full (G1 Evacuation Pause) 511M->74M(512M) 45.474ms
[2020-08-01T12:34:18.749+0300][109.958s][info ][gc] GC(4198) Concurrent Cycle 45.759ms
[2020-08-01T12:34:18.771+0300][109.981s][info ][gc] GC(4199) Pause Young (Normal) (G1 Evacuation Pause) 102M->102M(512M) 11.391ms
[2020-08-01T12:34:18.793+0300][110.002s][info ][gc] GC(4200) Pause Young (Normal) (G1 Evacuation Pause) 127M->129M(512M) 11.622ms
[2020-08-01T12:34:18.864+0300][110.073s][info ][gc] GC(4201) Pause Young (Normal) (G1 Evacuation Pause) 170M->172M(512M) 20.219ms
[2020-08-01T12:34:18.887+0300][110.096s][info ][gc] GC(4202) Pause Young (Normal) (G1 Evacuation Pause) 193M->194M(512M) 11.912ms
[2020-08-01T12:34:18.907+0300][110.117s][info ][gc] GC(4203) Pause Young (Normal) (G1 Evacuation Pause) 215M->216M(512M) 12.006ms
[2020-08-01T12:34:18.926+0300][110.136s][info ][gc] GC(4204) Pause Young (Normal) (G1 Evacuation Pause) 237M->238M(512M) 10.386ms
[2020-08-01T12:34:18.946+0300][110.155s][info ][gc] GC(4205) Pause Young (Concurrent Start) (G1 Evacuation Pause) 259M->260M(512M) 10.946ms
[2020-08-01T12:34:18.946+0300][110.155s][info ][gc] GC(4206) Concurrent Cycle
[2020-08-01T12:34:18.985+0300][110.194s][info ][gc] GC(4207) Pause Young (Normal) (G1 Evacuation Pause) 301M->302M(512M) 10.492ms
[2020-08-01T12:34:19.004+0300][110.213s][info ][gc] GC(4208) Pause Young (Normal) (G1 Evacuation Pause) 323M->325M(512M) 10.373ms
[2020-08-01T12:34:19.023+0300][110.233s][info ][gc] GC(4209) Pause Young (Normal) (G1 Evacuation Pause) 346M->348M(512M) 10.582ms
[2020-08-01T12:34:19.043+0300][110.252s][info ][gc] GC(4210) Pause Young (Normal) (G1 Evacuation Pause) 369M->370M(512M) 10.280ms
[2020-08-01T12:34:19.062+0300][110.271s][info ][gc] GC(4211) Pause Young (Normal) (G1 Evacuation Pause) 391M->392M(512M) 10.497ms
[2020-08-01T12:34:19.081+0300][110.290s][info ][gc] GC(4212) Pause Young (Normal) (G1 Evacuation Pause) 413M->415M(512M) 10.314ms
[2020-08-01T12:34:19.094+0300][110.304s][debug][gc] GC(4206) Reclaimed 125 empty regions
[2020-08-01T12:34:19.094+0300][110.304s][info ][gc] GC(4206) Pause Remark 422M->299M(512M) 0.410ms
[2020-08-01T12:34:19.129+0300][110.338s][info ][gc] GC(4213) Pause Young (Normal) (G1 Evacuation Pause) 332M->334M(512M) 11.774ms
[2020-08-01T12:34:19.157+0300][110.367s][info ][gc] GC(4214) Pause Young (Normal) (G1 Evacuation Pause) 355M->356M(512M) 10.634ms
[2020-08-01T12:34:19.182+0300][110.391s][info ][gc] GC(4215) Pause Young (Normal) (G1 Evacuation Pause) 377M->379M(512M) 10.257ms
[2020-08-01T12:34:19.208+0300][110.417s][info ][gc] GC(4216) Pause Young (Normal) (G1 Evacuation Pause) 400M->401M(512M) 10.254ms
[2020-08-01T12:34:19.234+0300][110.443s][info ][gc] GC(4217) Pause Young (Normal) (G1 Evacuation Pause) 422M->424M(512M) 10.669ms
[2020-08-01T12:34:19.280+0300][110.490s][info ][gc] GC(4218) Pause Young (Normal) (G1 Evacuation Pause) 465M->466M(512M) 11.238ms
[2020-08-01T12:34:19.290+0300][110.499s][info ][gc] GC(4206) Pause Cleanup 477M->477M(512M) 0.153ms
[2020-08-01T12:34:19.291+0300][110.500s][info ][gc] GC(4206) Concurrent Cycle 344.866ms
[2020-08-01T12:34:19.306+0300][110.515s][info ][gc] GC(4219) To-space exhausted
[2020-08-01T12:34:19.306+0300][110.515s][info ][gc] GC(4219) Pause Young (Normal) (G1 Evacuation Pause) 487M->489M(512M) 11.665ms
[2020-08-01T12:34:19.351+0300][110.561s][info ][gc] GC(4220) To-space exhausted
[2020-08-01T12:34:19.351+0300][110.561s][info ][gc] GC(4220) Pause Young (Concurrent Start) (G1 Evacuation Pause) 510M->511M(512M) 36.983ms
[2020-08-01T12:34:19.351+0300][110.561s][info ][gc] GC(4222) Concurrent Cycle
[2020-08-01T12:34:19.352+0300][110.562s][debug][gc] GC(4221) Clear Next Bitmap 0.374ms
[2020-08-01T12:34:19.393+0300][110.603s][info ][gc] GC(4221) Pause Full (G1 Evacuation Pause) 511M->67M(512M) 41.727ms
[2020-08-01T12:34:19.393+0300][110.603s][info ][gc] GC(4222) Concurrent Cycle 42.025ms
[2020-08-01T12:34:19.414+0300][110.623s][info ][gc] GC(4223) Pause Young (Normal) (G1 Evacuation Pause) 92M->92M(512M) 10.431ms
[2020-08-01T12:34:19.436+0300][110.645s][info ][gc] GC(4224) Pause Young (Normal) (G1 Evacuation Pause) 113M->114M(512M) 13.302ms
[2020-08-01T12:34:19.455+0300][110.664s][info ][gc] GC(4225) Pause Young (Normal) (G1 Evacuation Pause) 135M->136M(512M) 10.488ms
[2020-08-01T12:34:19.486+0300][110.696s][info ][gc] GC(4226) Pause Young (Normal) (G1 Evacuation Pause) 177M->178M(512M) 10.264ms
[2020-08-01T12:34:19.505+0300][110.715s][info ][gc] GC(4227) Pause Young (Normal) (G1 Evacuation Pause) 199M->201M(512M) 10.471ms
[2020-08-01T12:34:19.524+0300][110.733s][info ][gc] GC(4228) Pause Young (Normal) (G1 Evacuation Pause) 222M->224M(512M) 10.255ms
[2020-08-01T12:34:19.543+0300][110.752s][info ][gc] GC(4229) Pause Young (Normal) (G1 Evacuation Pause) 245M->246M(512M) 10.346ms
[2020-08-01T12:34:19.563+0300][110.772s][info ][gc] GC(4230) Pause Young (Concurrent Start) (G1 Evacuation Pause) 267M->269M(512M) 12.082ms
[2020-08-01T12:34:19.563+0300][110.772s][info ][gc] GC(4231) Concurrent Cycle
[2020-08-01T12:34:19.608+0300][110.818s][info ][gc] GC(4232) Pause Young (Normal) (G1 Evacuation Pause) 310M->311M(512M) 11.094ms
[2020-08-01T12:34:19.628+0300][110.837s][info ][gc] GC(4233) Pause Young (Normal) (G1 Evacuation Pause) 332M->333M(512M) 10.519ms
[2020-08-01T12:34:19.647+0300][110.856s][info ][gc] GC(4234) Pause Young (Normal) (G1 Evacuation Pause) 354M->355M(512M) 10.442ms
[2020-08-01T12:34:19.668+0300][110.877s][info ][gc] GC(4235) Pause Young (Normal) (G1 Evacuation Pause) 376M->379M(512M) 10.992ms
[2020-08-01T12:34:19.688+0300][110.897s][info ][gc] GC(4236) Pause Young (Normal) (G1 Evacuation Pause) 400M->400M(512M) 11.442ms
[2020-08-01T12:34:19.707+0300][110.916s][info ][gc] GC(4237) Pause Young (Normal) (G1 Evacuation Pause) 421M->423M(512M) 10.288ms
[2020-08-01T12:34:19.720+0300][110.929s][debug][gc] GC(4231) Reclaimed 133 empty regions
[2020-08-01T12:34:19.720+0300][110.929s][info ][gc] GC(4231) Pause Remark 424M->293M(512M) 0.431ms
[2020-08-01T12:34:19.752+0300][110.961s][info ][gc] GC(4238) Pause Young (Normal) (G1 Evacuation Pause) 333M->335M(512M) 10.991ms
[2020-08-01T12:34:19.778+0300][110.987s][info ][gc] GC(4239) Pause Young (Normal) (G1 Evacuation Pause) 356M->358M(512M) 11.153ms
[2020-08-01T12:34:19.802+0300][111.011s][info ][gc] GC(4240) Pause Young (Normal) (G1 Evacuation Pause) 379M->381M(512M) 10.565ms
[2020-08-01T12:34:19.827+0300][111.037s][info ][gc] GC(4241) Pause Young (Normal) (G1 Evacuation Pause) 402M->403M(512M) 10.993ms
[2020-08-01T12:34:19.853+0300][111.063s][info ][gc] GC(4242) Pause Young (Normal) (G1 Evacuation Pause) 424M->425M(512M) 10.574ms
[2020-08-01T12:34:19.905+0300][111.114s][info ][gc] GC(4243) Pause Young (Normal) (G1 Evacuation Pause) 466M->467M(512M) 11.269ms
[2020-08-01T12:34:19.918+0300][111.128s][info ][gc] GC(4231) Pause Cleanup 486M->486M(512M) 0.132ms
[2020-08-01T12:34:19.919+0300][111.128s][info ][gc] GC(4231) Concurrent Cycle 355.795ms
[2020-08-01T12:34:19.932+0300][111.141s][info ][gc] GC(4244) To-space exhausted
[2020-08-01T12:34:19.932+0300][111.141s][info ][gc] GC(4244) Pause Young (Normal) (G1 Evacuation Pause) 488M->495M(512M) 12.440ms
[2020-08-01T12:34:19.970+0300][111.179s][info ][gc] GC(4245) To-space exhausted
[2020-08-01T12:34:19.970+0300][111.179s][info ][gc] GC(4245) Pause Young (Concurrent Start) (G1 Evacuation Pause) 511M->511M(512M) 31.583ms
[2020-08-01T12:34:19.970+0300][111.179s][info ][gc] GC(4247) Concurrent Cycle
[2020-08-01T12:34:19.971+0300][111.180s][debug][gc] GC(4246) Clear Next Bitmap 0.365ms
[2020-08-01T12:34:20.011+0300][111.220s][info ][gc] GC(4246) Pause Full (G1 Evacuation Pause) 511M->68M(512M) 40.837ms
[2020-08-01T12:34:20.011+0300][111.221s][info ][gc] GC(4247) Concurrent Cycle 41.136ms
[2020-08-01T12:34:20.034+0300][111.244s][info ][gc] GC(4248) Pause Young (Normal) (G1 Evacuation Pause) 96M->96M(512M) 12.222ms
[2020-08-01T12:34:20.058+0300][111.267s][info ][gc] GC(4249) Pause Young (Normal) (G1 Evacuation Pause) 120M->122M(512M) 13.366ms
[2020-08-01T12:34:20.142+0300][111.352s][info ][gc] GC(4250) Pause Young (Normal) (G1 Evacuation Pause) 163M->164M(512M) 34.990ms
[2020-08-01T12:34:20.169+0300][111.378s][info ][gc] GC(4251) Pause Young (Normal) (G1 Evacuation Pause) 185M->187M(512M) 12.742ms
[2020-08-01T12:34:20.188+0300][111.397s][info ][gc] GC(4252) Pause Young (Normal) (G1 Evacuation Pause) 208M->209M(512M) 10.494ms
[2020-08-01T12:34:20.207+0300][111.416s][info ][gc] GC(4253) Pause Young (Normal) (G1 Evacuation Pause) 230M->231M(512M) 10.381ms
[2020-08-01T12:34:20.226+0300][111.435s][info ][gc] GC(4254) Pause Young (Concurrent Start) (G1 Evacuation Pause) 252M->253M(512M) 10.727ms
[2020-08-01T12:34:20.226+0300][111.435s][info ][gc] GC(4255) Concurrent Cycle
[2020-08-01T12:34:20.245+0300][111.454s][info ][gc] GC(4256) Pause Young (Normal) (G1 Evacuation Pause) 274M->275M(512M) 10.356ms
[2020-08-01T12:34:20.278+0300][111.487s][info ][gc] GC(4257) Pause Young (Normal) (G1 Evacuation Pause) 316M->318M(512M) 10.811ms
[2020-08-01T12:34:20.297+0300][111.507s][info ][gc] GC(4258) Pause Young (Normal) (G1 Evacuation Pause) 339M->340M(512M) 10.452ms
[2020-08-01T12:34:20.317+0300][111.526s][info ][gc] GC(4259) Pause Young (Normal) (G1 Evacuation Pause) 361M->362M(512M) 10.550ms
[2020-08-01T12:34:20.336+0300][111.546s][info ][gc] GC(4260) Pause Young (Normal) (G1 Evacuation Pause) 383M->384M(512M) 10.836ms
[2020-08-01T12:34:20.356+0300][111.566s][info ][gc] GC(4261) Pause Young (Normal) (G1 Evacuation Pause) 405M->407M(512M) 11.366ms
[2020-08-01T12:34:20.370+0300][111.579s][debug][gc] GC(4255) Reclaimed 131 empty regions
[2020-08-01T12:34:20.370+0300][111.579s][info ][gc] GC(4255) Pause Remark 421M->293M(512M) 0.527ms
[2020-08-01T12:34:20.399+0300][111.608s][info ][gc] GC(4262) Pause Young (Normal) (G1 Evacuation Pause) 320M->321M(512M) 10.892ms
[2020-08-01T12:34:20.425+0300][111.634s][info ][gc] GC(4263) Pause Young (Normal) (G1 Evacuation Pause) 342M->343M(512M) 10.074ms
[2020-08-01T12:34:20.453+0300][111.662s][info ][gc] GC(4264) Pause Young (Normal) (G1 Evacuation Pause) 364M->366M(512M) 12.204ms
[2020-08-01T12:34:20.479+0300][111.688s][info ][gc] GC(4265) Pause Young (Normal) (G1 Evacuation Pause) 387M->388M(512M) 12.475ms
[2020-08-01T12:34:20.506+0300][111.716s][info ][gc] GC(4266) Pause Young (Normal) (G1 Evacuation Pause) 409M->411M(512M) 10.967ms
[2020-08-01T12:34:20.535+0300][111.744s][info ][gc] GC(4267) Pause Young (Normal) (G1 Evacuation Pause) 432M->433M(512M) 13.281ms
[2020-08-01T12:34:20.576+0300][111.786s][info ][gc] GC(4268) Pause Young (Normal) (G1 Evacuation Pause) 474M->476M(512M) 11.966ms
[2020-08-01T12:34:20.584+0300][111.793s][info ][gc] GC(4255) Pause Cleanup 480M->480M(512M) 0.354ms
[2020-08-01T12:34:20.584+0300][111.794s][info ][gc] GC(4255) Concurrent Cycle 358.493ms
[2020-08-01T12:34:20.615+0300][111.825s][info ][gc] GC(4269) To-space exhausted
[2020-08-01T12:34:20.615+0300][111.825s][info ][gc] GC(4269) Pause Young (Normal) (G1 Evacuation Pause) 497M->504M(512M) 23.893ms
[2020-08-01T12:34:20.636+0300][111.845s][info ][gc] GC(4270) To-space exhausted
[2020-08-01T12:34:20.636+0300][111.845s][info ][gc] GC(4270) Pause Young (Concurrent Start) (G1 Evacuation Pause) 511M->511M(512M) 17.230ms
[2020-08-01T12:34:20.636+0300][111.845s][info ][gc] GC(4272) Concurrent Cycle
[2020-08-01T12:34:20.636+0300][111.846s][debug][gc] GC(4271) Clear Next Bitmap 0.350ms
[2020-08-01T12:34:20.676+0300][111.885s][info ][gc] GC(4271) Pause Full (G1 Evacuation Pause) 511M->67M(512M) 39.784ms
[2020-08-01T12:34:20.676+0300][111.886s][info ][gc] GC(4272) Concurrent Cycle 40.110ms
[2020-08-01T12:34:20.697+0300][111.907s][info ][gc] GC(4273) Pause Young (Normal) (G1 Evacuation Pause) 92M->92M(512M) 10.568ms
[2020-08-01T12:34:20.717+0300][111.926s][info ][gc] GC(4274) Pause Young (Normal) (G1 Evacuation Pause) 113M->115M(512M) 11.363ms
[2020-08-01T12:34:20.736+0300][111.945s][info ][gc] GC(4275) Pause Young (Normal) (G1 Evacuation Pause) 136M->137M(512M) 10.512ms
[2020-08-01T12:34:20.777+0300][111.986s][info ][gc] GC(4276) Pause Young (Normal) (G1 Evacuation Pause) 178M->179M(512M) 13.030ms
[2020-08-01T12:34:20.796+0300][112.006s][info ][gc] GC(4277) Pause Young (Normal) (G1 Evacuation Pause) 200M->202M(512M) 10.843ms
[2020-08-01T12:34:20.817+0300][112.026s][info ][gc] GC(4278) Pause Young (Normal) (G1 Evacuation Pause) 223M->224M(512M) 11.866ms
[2020-08-01T12:34:20.836+0300][112.045s][info ][gc] GC(4279) Pause Young (Normal) (G1 Evacuation Pause) 245M->247M(512M) 10.548ms
[2020-08-01T12:34:20.855+0300][112.064s][info ][gc] GC(4280) Pause Young (Concurrent Start) (G1 Evacuation Pause) 268M->269M(512M) 10.588ms
[2020-08-01T12:34:20.855+0300][112.065s][info ][gc] GC(4281) Concurrent Cycle
[2020-08-01T12:34:20.894+0300][112.104s][info ][gc] GC(4282) Pause Young (Normal) (G1 Evacuation Pause) 310M->312M(512M) 10.764ms
[2020-08-01T12:34:20.914+0300][112.123s][info ][gc] GC(4283) Pause Young (Normal) (G1 Evacuation Pause) 333M->334M(512M) 10.639ms
[2020-08-01T12:34:20.933+0300][112.142s][info ][gc] GC(4284) Pause Young (Normal) (G1 Evacuation Pause) 355M->357M(512M) 10.327ms
[2020-08-01T12:34:20.952+0300][112.161s][info ][gc] GC(4285) Pause Young (Normal) (G1 Evacuation Pause) 378M->379M(512M) 9.884ms
[2020-08-01T12:34:20.971+0300][112.181s][info ][gc] GC(4286) Pause Young (Normal) (G1 Evacuation Pause) 400M->402M(512M) 10.388ms
[2020-08-01T12:34:20.991+0300][112.200s][info ][gc] GC(4287) Pause Young (Normal) (G1 Evacuation Pause) 423M->423M(512M) 10.373ms
[2020-08-01T12:34:21.010+0300][112.220s][debug][gc] GC(4281) Reclaimed 133 empty regions
[2020-08-01T12:34:21.010+0300][112.220s][info ][gc] GC(4281) Pause Remark 453M->323M(512M) 0.495ms
[2020-08-01T12:34:21.027+0300][112.237s][info ][gc] GC(4288) Pause Young (Normal) (G1 Evacuation Pause) 334M->335M(512M) 12.270ms
[2020-08-01T12:34:21.056+0300][112.265s][info ][gc] GC(4289) Pause Young (Normal) (G1 Evacuation Pause) 356M->357M(512M) 10.498ms
[2020-08-01T12:34:21.082+0300][112.291s][info ][gc] GC(4290) Pause Young (Normal) (G1 Evacuation Pause) 378M->380M(512M) 10.812ms
[2020-08-01T12:34:21.109+0300][112.318s][info ][gc] GC(4291) Pause Young (Normal) (G1 Evacuation Pause) 401M->402M(512M) 12.009ms
[2020-08-01T12:34:21.134+0300][112.343s][info ][gc] GC(4292) Pause Young (Normal) (G1 Evacuation Pause) 423M->425M(512M) 10.614ms
[2020-08-01T12:34:21.176+0300][112.386s][info ][gc] GC(4293) Pause Young (Normal) (G1 Evacuation Pause) 466M->467M(512M) 10.852ms
[2020-08-01T12:34:21.204+0300][112.413s][info ][gc] GC(4294) To-space exhausted
[2020-08-01T12:34:21.204+0300][112.413s][info ][gc] GC(4294) Pause Young (Normal) (G1 Evacuation Pause) 488M->494M(512M) 12.463ms
[2020-08-01T12:34:21.252+0300][112.461s][info ][gc] GC(4295) To-space exhausted
[2020-08-01T12:34:21.252+0300][112.461s][info ][gc] GC(4295) Pause Young (Normal) (G1 Evacuation Pause) 511M->511M(512M) 32.804ms
[2020-08-01T12:34:21.253+0300][112.462s][debug][gc] GC(4296) Clear Next Bitmap 0.264ms
[2020-08-01T12:34:21.297+0300][112.506s][info ][gc] GC(4296) Pause Full (G1 Evacuation Pause) 511M->69M(512M) 44.512ms
[2020-08-01T12:34:21.297+0300][112.506s][info ][gc] GC(4281) Concurrent Cycle 441.749ms
[2020-08-01T12:34:21.317+0300][112.527s][info ][gc] GC(4297) Pause Young (Normal) (G1 Evacuation Pause) 94M->95M(512M) 10.576ms
[2020-08-01T12:34:21.339+0300][112.548s][info ][gc] GC(4298) Pause Young (Normal) (G1 Evacuation Pause) 119M->120M(512M) 11.899ms
[2020-08-01T12:34:21.377+0300][112.586s][info ][gc] GC(4299) Pause Young (Normal) (G1 Evacuation Pause) 161M->162M(512M) 12.251ms
[2020-08-01T12:34:21.395+0300][112.605s][info ][gc] GC(4300) Pause Young (Normal) (G1 Evacuation Pause) 183M->185M(512M) 10.418ms
[2020-08-01T12:34:21.416+0300][112.625s][info ][gc] GC(4301) Pause Young (Normal) (G1 Evacuation Pause) 206M->207M(512M) 12.138ms
[2020-08-01T12:34:21.435+0300][112.644s][info ][gc] GC(4302) Pause Young (Normal) (G1 Evacuation Pause) 228M->230M(512M) 10.197ms
[2020-08-01T12:34:21.455+0300][112.664s][info ][gc] GC(4303) Pause Young (Normal) (G1 Evacuation Pause) 251M->252M(512M) 11.761ms
[2020-08-01T12:34:21.474+0300][112.683s][info ][gc] GC(4304) Pause Young (Concurrent Start) (G1 Evacuation Pause) 273M->273M(512M) 10.395ms
[2020-08-01T12:34:21.474+0300][112.683s][info ][gc] GC(4305) Concurrent Cycle
[2020-08-01T12:34:21.521+0300][112.730s][info ][gc] GC(4306) Pause Young (Normal) (G1 Evacuation Pause) 314M->315M(512M) 10.479ms
[2020-08-01T12:34:21.540+0300][112.750s][info ][gc] GC(4307) Pause Young (Normal) (G1 Evacuation Pause) 336M->338M(512M) 10.600ms
[2020-08-01T12:34:21.559+0300][112.769s][info ][gc] GC(4308) Pause Young (Normal) (G1 Evacuation Pause) 359M->360M(512M) 10.467ms
[2020-08-01T12:34:21.579+0300][112.788s][info ][gc] GC(4309) Pause Young (Normal) (G1 Evacuation Pause) 381M->382M(512M) 10.720ms
[2020-08-01T12:34:21.598+0300][112.807s][info ][gc] GC(4310) Pause Young (Normal) (G1 Evacuation Pause) 403M->405M(512M) 10.223ms
[2020-08-01T12:34:21.622+0300][112.832s][debug][gc] GC(4305) Reclaimed 129 empty regions
[2020-08-01T12:34:21.622+0300][112.832s][info ][gc] GC(4305) Pause Remark 421M->295M(512M) 0.423ms
[2020-08-01T12:34:21.642+0300][112.851s][info ][gc] GC(4311) Pause Young (Normal) (G1 Evacuation Pause) 320M->321M(512M) 11.212ms
[2020-08-01T12:34:21.669+0300][112.878s][info ][gc] GC(4312) Pause Young (Normal) (G1 Evacuation Pause) 342M->344M(512M) 11.294ms
[2020-08-01T12:34:21.694+0300][112.903s][info ][gc] GC(4313) Pause Young (Normal) (G1 Evacuation Pause) 365M->367M(512M) 10.656ms
[2020-08-01T12:34:21.719+0300][112.929s][info ][gc] GC(4314) Pause Young (Normal) (G1 Evacuation Pause) 388M->390M(512M) 10.665ms
[2020-08-01T12:34:21.743+0300][112.952s][info ][gc] GC(4315) Pause Young (Normal) (G1 Evacuation Pause) 411M->412M(512M) 11.385ms
[2020-08-01T12:34:21.769+0300][112.979s][info ][gc] GC(4316) Pause Young (Normal) (G1 Evacuation Pause) 433M->434M(512M) 10.766ms
[2020-08-01T12:34:21.817+0300][113.026s][info ][gc] GC(4317) Pause Young (Normal) (G1 Evacuation Pause) 475M->477M(512M) 10.944ms
[2020-08-01T12:34:21.855+0300][113.065s][info ][gc] GC(4318) To-space exhausted
[2020-08-01T12:34:21.855+0300][113.065s][info ][gc] GC(4318) Pause Young (Normal) (G1 Evacuation Pause) 498M->507M(512M) 23.682ms
[2020-08-01T12:34:21.860+0300][113.070s][info ][gc] GC(4305) Pause Cleanup 508M->508M(512M) 0.129ms
[2020-08-01T12:34:21.861+0300][113.070s][info ][gc] GC(4305) Concurrent Cycle 387.183ms
[2020-08-01T12:34:21.875+0300][113.085s][info ][gc] GC(4319) To-space exhausted
[2020-08-01T12:34:21.875+0300][113.085s][info ][gc] GC(4319) Pause Young (Normal) (G1 Evacuation Pause) 511M->511M(512M) 12.809ms
[2020-08-01T12:34:21.911+0300][113.121s][info ][gc] GC(4320) Pause Full (G1 Evacuation Pause) 511M->62M(512M) 35.811ms
[2020-08-01T12:34:21.937+0300][113.147s][info ][gc] GC(4321) Pause Young (Normal) (G1 Evacuation Pause) 93M->93M(512M) 13.670ms
[2020-08-01T12:34:21.961+0300][113.170s][info ][gc] GC(4322) Pause Young (Normal) (G1 Evacuation Pause) 120M->122M(512M) 12.422ms
[2020-08-01T12:34:22.040+0300][113.249s][info ][gc] GC(4323) Pause Young (Normal) (G1 Evacuation Pause) 164M->166M(512M) 35.672ms
[2020-08-01T12:34:22.066+0300][113.276s][info ][gc] GC(4324) Pause Young (Normal) (G1 Evacuation Pause) 187M->189M(512M) 12.821ms
[2020-08-01T12:34:22.086+0300][113.295s][info ][gc] GC(4325) Pause Young (Normal) (G1 Evacuation Pause) 210M->211M(512M) 10.562ms
[2020-08-01T12:34:22.105+0300][113.314s][info ][gc] GC(4326) Pause Young (Normal) (G1 Evacuation Pause) 232M->233M(512M) 10.542ms
[2020-08-01T12:34:22.124+0300][113.333s][info ][gc] GC(4327) Pause Young (Concurrent Start) (G1 Evacuation Pause) 254M->256M(512M) 10.671ms
[2020-08-01T12:34:22.124+0300][113.333s][info ][gc] GC(4328) Concurrent Cycle
[2020-08-01T12:34:22.143+0300][113.352s][info ][gc] GC(4329) Pause Young (Normal) (G1 Evacuation Pause) 277M->279M(512M) 10.398ms
[2020-08-01T12:34:22.189+0300][113.399s][info ][gc] GC(4330) Pause Young (Normal) (G1 Evacuation Pause) 320M->321M(512M) 10.171ms
[2020-08-01T12:34:22.208+0300][113.418s][info ][gc] GC(4331) Pause Young (Normal) (G1 Evacuation Pause) 342M->343M(512M) 10.252ms
[2020-08-01T12:34:22.228+0300][113.437s][info ][gc] GC(4332) Pause Young (Normal) (G1 Evacuation Pause) 364M->365M(512M) 10.952ms
[2020-08-01T12:34:22.249+0300][113.459s][info ][gc] GC(4333) Pause Young (Normal) (G1 Evacuation Pause) 387M->388M(512M) 12.001ms
[2020-08-01T12:34:22.268+0300][113.477s][info ][gc] GC(4334) Pause Young (Normal) (G1 Evacuation Pause) 409M->411M(512M) 10.066ms
[2020-08-01T12:34:22.280+0300][113.490s][debug][gc] GC(4328) Reclaimed 130 empty regions
[2020-08-01T12:34:22.280+0300][113.490s][info ][gc] GC(4328) Pause Remark 423M->298M(512M) 0.594ms
[2020-08-01T12:34:22.312+0300][113.522s][info ][gc] GC(4335) Pause Young (Normal) (G1 Evacuation Pause) 326M->327M(512M) 11.265ms
[2020-08-01T12:34:22.341+0300][113.550s][info ][gc] GC(4336) Pause Young (Normal) (G1 Evacuation Pause) 348M->349M(512M) 10.721ms
[2020-08-01T12:34:22.369+0300][113.578s][info ][gc] GC(4337) Pause Young (Normal) (G1 Evacuation Pause) 370M->372M(512M) 11.907ms
[2020-08-01T12:34:22.395+0300][113.604s][info ][gc] GC(4338) Pause Young (Normal) (G1 Evacuation Pause) 393M->394M(512M) 10.798ms
[2020-08-01T12:34:22.420+0300][113.630s][info ][gc] GC(4339) Pause Young (Normal) (G1 Evacuation Pause) 415M->417M(512M) 10.536ms
[2020-08-01T12:34:22.446+0300][113.655s][info ][gc] GC(4340) Pause Young (Normal) (G1 Evacuation Pause) 438M->439M(512M) 10.814ms
[2020-08-01T12:34:22.475+0300][113.684s][info ][gc] GC(4328) Pause Cleanup 471M->471M(512M) 0.127ms
[2020-08-01T12:34:22.475+0300][113.684s][info ][gc] GC(4328) Concurrent Cycle 351.219ms
[2020-08-01T12:34:22.489+0300][113.698s][info ][gc] GC(4341) Pause Young (Normal) (G1 Evacuation Pause) 480M->482M(512M) 10.675ms
[2020-08-01T12:34:22.526+0300][113.735s][info ][gc] GC(4342) To-space exhausted
[2020-08-01T12:34:22.526+0300][113.736s][info ][gc] GC(4342) Pause Young (Concurrent Start) (G1 Evacuation Pause) 503M->508M(512M) 28.661ms
[2020-08-01T12:34:22.526+0300][113.736s][info ][gc] GC(4343) Concurrent Cycle
[2020-08-01T12:34:22.542+0300][113.751s][info ][gc] GC(4344) To-space exhausted
[2020-08-01T12:34:22.542+0300][113.751s][info ][gc] GC(4344) Pause Young (Normal) (G1 Evacuation Pause) 511M->511M(512M) 12.310ms
[2020-08-01T12:34:22.543+0300][113.752s][debug][gc] GC(4345) Clear Next Bitmap 0.385ms
[2020-08-01T12:34:22.580+0300][113.789s][info ][gc] GC(4345) Pause Full (G1 Evacuation Pause) 511M->65M(512M) 37.818ms
[2020-08-01T12:34:22.580+0300][113.790s][info ][gc] GC(4343) Concurrent Cycle 54.007ms
[2020-08-01T12:34:22.601+0300][113.810s][info ][gc] GC(4346) Pause Young (Normal) (G1 Evacuation Pause) 90M->90M(512M) 10.687ms
[2020-08-01T12:34:22.623+0300][113.832s][info ][gc] GC(4347) Pause Young (Normal) (G1 Evacuation Pause) 111M->113M(512M) 12.998ms
[2020-08-01T12:34:22.642+0300][113.851s][info ][gc] GC(4348) Pause Young (Normal) (G1 Evacuation Pause) 134M->135M(512M) 10.747ms
[2020-08-01T12:34:22.679+0300][113.888s][info ][gc] GC(4349) Pause Young (Normal) (G1 Evacuation Pause) 176M->178M(512M) 11.886ms
[2020-08-01T12:34:22.697+0300][113.907s][info ][gc] GC(4350) Pause Young (Normal) (G1 Evacuation Pause) 199M->200M(512M) 10.387ms
[2020-08-01T12:34:22.716+0300][113.926s][info ][gc] GC(4351) Pause Young (Normal) (G1 Evacuation Pause) 221M->223M(512M) 10.469ms
[2020-08-01T12:34:22.735+0300][113.944s][info ][gc] GC(4352) Pause Young (Normal) (G1 Evacuation Pause) 244M->246M(512M) 10.218ms
[2020-08-01T12:34:22.753+0300][113.963s][info ][gc] GC(4353) Pause Young (Concurrent Start) (G1 Evacuation Pause) 267M->269M(512M) 10.277ms
[2020-08-01T12:34:22.753+0300][113.963s][info ][gc] GC(4354) Concurrent Cycle
[2020-08-01T12:34:22.794+0300][114.003s][info ][gc] GC(4355) Pause Young (Normal) (G1 Evacuation Pause) 310M->311M(512M) 10.665ms
[2020-08-01T12:34:22.813+0300][114.023s][info ][gc] GC(4356) Pause Young (Normal) (G1 Evacuation Pause) 332M->333M(512M) 10.531ms
[2020-08-01T12:34:22.833+0300][114.042s][info ][gc] GC(4357) Pause Young (Normal) (G1 Evacuation Pause) 354M->356M(512M) 10.523ms
[2020-08-01T12:34:22.852+0300][114.062s][info ][gc] GC(4358) Pause Young (Normal) (G1 Evacuation Pause) 377M->378M(512M) 10.783ms
[2020-08-01T12:34:22.871+0300][114.081s][info ][gc] GC(4359) Pause Young (Normal) (G1 Evacuation Pause) 399M->400M(512M) 10.517ms
[2020-08-01T12:34:22.891+0300][114.100s][info ][gc] GC(4360) Pause Young (Normal) (G1 Evacuation Pause) 421M->422M(512M) 10.373ms
[2020-08-01T12:34:22.907+0300][114.116s][debug][gc] GC(4354) Reclaimed 134 empty regions
[2020-08-01T12:34:22.907+0300][114.116s][info ][gc] GC(4354) Pause Remark 447M->316M(512M) 0.453ms
[2020-08-01T12:34:22.925+0300][114.134s][info ][gc] GC(4361) Pause Young (Normal) (G1 Evacuation Pause) 333M->334M(512M) 10.904ms
[2020-08-01T12:34:22.950+0300][114.159s][info ][gc] GC(4362) Pause Young (Normal) (G1 Evacuation Pause) 355M->357M(512M) 10.482ms
[2020-08-01T12:34:22.975+0300][114.185s][info ][gc] GC(4363) Pause Young (Normal) (G1 Evacuation Pause) 378M->379M(512M) 10.423ms
[2020-08-01T12:34:23.000+0300][114.210s][info ][gc] GC(4364) Pause Young (Normal) (G1 Evacuation Pause) 400M->402M(512M) 10.521ms
[2020-08-01T12:34:23.028+0300][114.238s][info ][gc] GC(4365) Pause Young (Normal) (G1 Evacuation Pause) 423M->425M(512M) 12.562ms
[2020-08-01T12:34:23.078+0300][114.287s][info ][gc] GC(4366) Pause Young (Normal) (G1 Evacuation Pause) 466M->467M(512M) 10.975ms
[2020-08-01T12:34:23.105+0300][114.314s][info ][gc] GC(4367) To-space exhausted
[2020-08-01T12:34:23.105+0300][114.314s][info ][gc] GC(4367) Pause Young (Normal) (G1 Evacuation Pause) 488M->494M(512M) 12.637ms
[2020-08-01T12:34:23.150+0300][114.359s][info ][gc] GC(4368) To-space exhausted
[2020-08-01T12:34:23.150+0300][114.359s][info ][gc] GC(4368) Pause Young (Normal) (G1 Evacuation Pause) 511M->511M(512M) 31.116ms
[2020-08-01T12:34:23.150+0300][114.360s][debug][gc] GC(4369) Clear Next Bitmap 0.328ms
[2020-08-01T12:34:23.189+0300][114.399s][info ][gc] GC(4369) Pause Full (G1 Evacuation Pause) 511M->67M(512M) 39.385ms
[2020-08-01T12:34:23.190+0300][114.399s][info ][gc] GC(4354) Concurrent Cycle 436.139ms
[2020-08-01T12:34:23.210+0300][114.419s][info ][gc] GC(4370) Pause Young (Normal) (G1 Evacuation Pause) 93M->93M(512M) 10.236ms
[2020-08-01T12:34:23.232+0300][114.441s][info ][gc] GC(4371) Pause Young (Normal) (G1 Evacuation Pause) 118M->120M(512M) 11.998ms
[2020-08-01T12:34:23.299+0300][114.508s][info ][gc] GC(4372) Pause Young (Normal) (G1 Evacuation Pause) 161M->162M(512M) 28.653ms
[2020-08-01T12:34:23.326+0300][114.535s][info ][gc] GC(4373) Pause Young (Normal) (G1 Evacuation Pause) 183M->184M(512M) 12.756ms
[2020-08-01T12:34:23.345+0300][114.554s][info ][gc] GC(4374) Pause Young (Normal) (G1 Evacuation Pause) 205M->207M(512M) 10.676ms
[2020-08-01T12:34:23.365+0300][114.574s][info ][gc] GC(4375) Pause Young (Normal) (G1 Evacuation Pause) 228M->229M(512M) 11.665ms
[2020-08-01T12:34:23.384+0300][114.593s][info ][gc] GC(4376) Pause Young (Normal) (G1 Evacuation Pause) 250M->251M(512M) 10.216ms
[2020-08-01T12:34:23.403+0300][114.613s][info ][gc] GC(4377) Pause Young (Concurrent Start) (G1 Evacuation Pause) 272M->273M(512M) 10.700ms
[2020-08-01T12:34:23.403+0300][114.613s][info ][gc] GC(4378) Concurrent Cycle
[2020-08-01T12:34:23.448+0300][114.658s][info ][gc] GC(4379) Pause Young (Normal) (G1 Evacuation Pause) 314M->315M(512M) 10.561ms
[2020-08-01T12:34:23.468+0300][114.677s][info ][gc] GC(4380) Pause Young (Normal) (G1 Evacuation Pause) 336M->337M(512M) 10.611ms
[2020-08-01T12:34:23.487+0300][114.696s][info ][gc] GC(4381) Pause Young (Normal) (G1 Evacuation Pause) 358M->360M(512M) 10.315ms
[2020-08-01T12:34:23.506+0300][114.716s][info ][gc] GC(4382) Pause Young (Normal) (G1 Evacuation Pause) 381M->382M(512M) 10.557ms
[2020-08-01T12:34:23.525+0300][114.734s][info ][gc] GC(4383) Pause Young (Normal) (G1 Evacuation Pause) 403M->405M(512M) 10.016ms
[2020-08-01T12:34:23.551+0300][114.760s][debug][gc] GC(4378) Reclaimed 131 empty regions
[2020-08-01T12:34:23.551+0300][114.760s][info ][gc] GC(4378) Pause Remark 422M->294M(512M) 0.421ms
[2020-08-01T12:34:23.570+0300][114.779s][info ][gc] GC(4384) Pause Young (Normal) (G1 Evacuation Pause) 318M->320M(512M) 10.561ms
[2020-08-01T12:34:23.597+0300][114.806s][info ][gc] GC(4385) Pause Young (Normal) (G1 Evacuation Pause) 341M->342M(512M) 10.565ms
[2020-08-01T12:34:23.623+0300][114.832s][info ][gc] GC(4386) Pause Young (Normal) (G1 Evacuation Pause) 363M->363M(512M) 10.703ms
[2020-08-01T12:34:23.650+0300][114.859s][info ][gc] GC(4387) Pause Young (Normal) (G1 Evacuation Pause) 384M->386M(512M) 10.944ms
[2020-08-01T12:34:23.677+0300][114.886s][info ][gc] GC(4388) Pause Young (Normal) (G1 Evacuation Pause) 407M->408M(512M) 10.945ms
[2020-08-01T12:34:23.705+0300][114.914s][info ][gc] GC(4389) Pause Young (Normal) (G1 Evacuation Pause) 429M->431M(512M) 11.855ms
[2020-08-01T12:34:23.748+0300][114.958s][info ][gc] GC(4390) Pause Young (Normal) (G1 Evacuation Pause) 472M->473M(512M) 10.613ms
[2020-08-01T12:34:23.758+0300][114.967s][info ][gc] GC(4378) Pause Cleanup 478M->478M(512M) 0.128ms
[2020-08-01T12:34:23.758+0300][114.968s][info ][gc] GC(4378) Concurrent Cycle 355.000ms
[2020-08-01T12:34:23.782+0300][114.992s][info ][gc] GC(4391) To-space exhausted
[2020-08-01T12:34:23.782+0300][114.992s][info ][gc] GC(4391) Pause Young (Normal) (G1 Evacuation Pause) 494M->502M(512M) 17.659ms
[2020-08-01T12:34:23.806+0300][115.016s][info ][gc] GC(4392) To-space exhausted
[2020-08-01T12:34:23.807+0300][115.016s][info ][gc] GC(4392) Pause Young (Concurrent Start) (G1 Evacuation Pause) 511M->511M(512M) 20.605ms
[2020-08-01T12:34:23.807+0300][115.016s][info ][gc] GC(4394) Concurrent Cycle
[2020-08-01T12:34:23.807+0300][115.016s][debug][gc] GC(4393) Clear Next Bitmap 0.323ms
[2020-08-01T12:34:23.846+0300][115.056s][info ][gc] GC(4393) Pause Full (G1 Evacuation Pause) 511M->67M(512M) 39.473ms
[2020-08-01T12:34:23.846+0300][115.056s][info ][gc] GC(4394) Concurrent Cycle 39.770ms
[2020-08-01T12:34:23.867+0300][115.076s][info ][gc] GC(4395) Pause Young (Normal) (G1 Evacuation Pause) 92M->92M(512M) 10.404ms
[2020-08-01T12:34:23.886+0300][115.096s][info ][gc] GC(4396) Pause Young (Normal) (G1 Evacuation Pause) 114M->115M(512M) 10.821ms
[2020-08-01T12:34:23.905+0300][115.114s][info ][gc] GC(4397) Pause Young (Normal) (G1 Evacuation Pause) 136M->137M(512M) 10.092ms
[2020-08-01T12:34:23.985+0300][115.194s][info ][gc] GC(4398) Pause Young (Normal) (G1 Evacuation Pause) 178M->180M(512M) 23.762ms
[2020-08-01T12:34:24.009+0300][115.219s][info ][gc] GC(4399) Pause Young (Normal) (G1 Evacuation Pause) 201M->203M(512M) 12.373ms
[2020-08-01T12:34:24.028+0300][115.237s][info ][gc] GC(4400) Pause Young (Normal) (G1 Evacuation Pause) 224M->225M(512M) 10.527ms
[2020-08-01T12:34:24.047+0300][115.256s][info ][gc] GC(4401) Pause Young (Normal) (G1 Evacuation Pause) 246M->248M(512M) 10.165ms
[2020-08-01T12:34:24.065+0300][115.275s][info ][gc] GC(4402) Pause Young (Concurrent Start) (G1 Evacuation Pause) 269M->270M(512M) 10.344ms
[2020-08-01T12:34:24.065+0300][115.275s][info ][gc] GC(4403) Concurrent Cycle
[2020-08-01T12:34:24.104+0300][115.314s][info ][gc] GC(4404) Pause Young (Normal) (G1 Evacuation Pause) 311M->312M(512M) 10.671ms
[2020-08-01T12:34:24.124+0300][115.333s][info ][gc] GC(4405) Pause Young (Normal) (G1 Evacuation Pause) 333M->335M(512M) 10.463ms
[2020-08-01T12:34:24.143+0300][115.352s][info ][gc] GC(4406) Pause Young (Normal) (G1 Evacuation Pause) 356M->358M(512M) 10.511ms
[2020-08-01T12:34:24.162+0300][115.371s][info ][gc] GC(4407) Pause Young (Normal) (G1 Evacuation Pause) 379M->380M(512M) 10.386ms
[2020-08-01T12:34:24.181+0300][115.390s][info ][gc] GC(4408) Pause Young (Normal) (G1 Evacuation Pause) 401M->403M(512M) 10.390ms
[2020-08-01T12:34:24.211+0300][115.420s][debug][gc] GC(4403) Reclaimed 132 empty regions
[2020-08-01T12:34:24.211+0300][115.421s][info ][gc] GC(4403) Pause Remark 444M->314M(512M) 0.613ms
[2020-08-01T12:34:24.224+0300][115.433s][info ][gc] GC(4409) Pause Young (Normal) (G1 Evacuation Pause) 314M->315M(512M) 12.078ms
[2020-08-01T12:34:24.251+0300][115.460s][info ][gc] GC(4410) Pause Young (Normal) (G1 Evacuation Pause) 336M->338M(512M) 10.729ms
[2020-08-01T12:34:24.277+0300][115.486s][info ][gc] GC(4411) Pause Young (Normal) (G1 Evacuation Pause) 359M->360M(512M) 10.636ms
[2020-08-01T12:34:24.302+0300][115.512s][info ][gc] GC(4412) Pause Young (Normal) (G1 Evacuation Pause) 381M->383M(512M) 10.663ms
[2020-08-01T12:34:24.329+0300][115.538s][info ][gc] GC(4413) Pause Young (Normal) (G1 Evacuation Pause) 404M->405M(512M) 10.955ms
[2020-08-01T12:34:24.354+0300][115.564s][info ][gc] GC(4414) Pause Young (Normal) (G1 Evacuation Pause) 426M->427M(512M) 10.435ms
[2020-08-01T12:34:24.399+0300][115.608s][info ][gc] GC(4415) Pause Young (Normal) (G1 Evacuation Pause) 468M->469M(512M) 10.317ms
[2020-08-01T12:34:24.427+0300][115.636s][info ][gc] GC(4416) To-space exhausted
[2020-08-01T12:34:24.427+0300][115.636s][info ][gc] GC(4416) Pause Young (Normal) (G1 Evacuation Pause) 490M->497M(512M) 13.672ms
[2020-08-01T12:34:24.436+0300][115.645s][info ][gc] GC(4403) Pause Cleanup 505M->505M(512M) 0.137ms
[2020-08-01T12:34:24.436+0300][115.645s][info ][gc] GC(4403) Concurrent Cycle 370.622ms
[2020-08-01T12:34:24.465+0300][115.675s][info ][gc] GC(4417) To-space exhausted
[2020-08-01T12:34:24.465+0300][115.675s][info ][gc] GC(4417) Pause Young (Normal) (G1 Evacuation Pause) 511M->511M(512M) 26.907ms
[2020-08-01T12:34:24.504+0300][115.713s][info ][gc] GC(4418) Pause Full (G1 Evacuation Pause) 511M->67M(512M) 38.375ms
[2020-08-01T12:34:24.524+0300][115.734s][info ][gc] GC(4419) Pause Young (Normal) (G1 Evacuation Pause) 92M->93M(512M) 10.483ms
[2020-08-01T12:34:24.543+0300][115.753s][info ][gc] GC(4420) Pause Young (Normal) (G1 Evacuation Pause) 114M->115M(512M) 10.485ms
[2020-08-01T12:34:24.562+0300][115.772s][info ][gc] GC(4421) Pause Young (Normal) (G1 Evacuation Pause) 136M->137M(512M) 10.489ms
[2020-08-01T12:34:24.643+0300][115.852s][info ][gc] GC(4422) Pause Young (Normal) (G1 Evacuation Pause) 178M->179M(512M) 20.643ms
[2020-08-01T12:34:24.666+0300][115.876s][info ][gc] GC(4423) Pause Young (Normal) (G1 Evacuation Pause) 200M->202M(512M) 11.522ms
[2020-08-01T12:34:24.686+0300][115.896s][info ][gc] GC(4424) Pause Young (Normal) (G1 Evacuation Pause) 223M->224M(512M) 10.449ms
[2020-08-01T12:34:24.705+0300][115.914s][info ][gc] GC(4425) Pause Young (Normal) (G1 Evacuation Pause) 245M->246M(512M) 10.455ms
[2020-08-01T12:34:24.724+0300][115.933s][info ][gc] GC(4426) Pause Young (Concurrent Start) (G1 Evacuation Pause) 267M->268M(512M) 10.504ms
[2020-08-01T12:34:24.724+0300][115.933s][info ][gc] GC(4427) Concurrent Cycle
[2020-08-01T12:34:24.760+0300][115.969s][info ][gc] GC(4428) Pause Young (Normal) (G1 Evacuation Pause) 309M->310M(512M) 10.733ms
[2020-08-01T12:34:24.781+0300][115.990s][info ][gc] GC(4429) Pause Young (Normal) (G1 Evacuation Pause) 331M->333M(512M) 12.075ms
[2020-08-01T12:34:24.800+0300][116.009s][info ][gc] GC(4430) Pause Young (Normal) (G1 Evacuation Pause) 354M->356M(512M) 10.434ms
[2020-08-01T12:34:24.819+0300][116.029s][info ][gc] GC(4431) Pause Young (Normal) (G1 Evacuation Pause) 377M->378M(512M) 10.684ms
[2020-08-01T12:34:24.838+0300][116.048s][info ][gc] GC(4432) Pause Young (Normal) (G1 Evacuation Pause) 399M->401M(512M) 10.339ms
[2020-08-01T12:34:24.857+0300][116.067s][info ][gc] GC(4433) Pause Young (Normal) (G1 Evacuation Pause) 422M->423M(512M) 10.497ms
[2020-08-01T12:34:24.881+0300][116.091s][debug][gc] GC(4427) Reclaimed 133 empty regions
[2020-08-01T12:34:24.881+0300][116.091s][info ][gc] GC(4427) Pause Remark 444M->314M(512M) 0.585ms
[2020-08-01T12:34:24.902+0300][116.111s][info ][gc] GC(4434) Pause Young (Normal) (G1 Evacuation Pause) 334M->335M(512M) 10.538ms
[2020-08-01T12:34:24.927+0300][116.136s][info ][gc] GC(4435) Pause Young (Normal) (G1 Evacuation Pause) 356M->358M(512M) 10.480ms
[2020-08-01T12:34:24.952+0300][116.162s][info ][gc] GC(4436) Pause Young (Normal) (G1 Evacuation Pause) 379M->380M(512M) 10.562ms
[2020-08-01T12:34:24.978+0300][116.188s][info ][gc] GC(4437) Pause Young (Normal) (G1 Evacuation Pause) 402M->403M(512M) 10.743ms
[2020-08-01T12:34:25.004+0300][116.214s][info ][gc] GC(4438) Pause Young (Normal) (G1 Evacuation Pause) 424M->426M(512M) 10.391ms
[2020-08-01T12:34:25.055+0300][116.265s][info ][gc] GC(4439) Pause Young (Normal) (G1 Evacuation Pause) 467M->468M(512M) 10.781ms
[2020-08-01T12:34:25.080+0300][116.289s][info ][gc] GC(4440) To-space exhausted
[2020-08-01T12:34:25.080+0300][116.289s][info ][gc] GC(4440) Pause Young (Normal) (G1 Evacuation Pause) 489M->495M(512M) 13.739ms
[2020-08-01T12:34:25.123+0300][116.333s][info ][gc] GC(4441) To-space exhausted
[2020-08-01T12:34:25.124+0300][116.333s][info ][gc] GC(4441) Pause Young (Normal) (G1 Evacuation Pause) 511M->511M(512M) 29.537ms
[2020-08-01T12:34:25.124+0300][116.333s][debug][gc] GC(4442) Clear Next Bitmap 0.302ms
[2020-08-01T12:34:25.165+0300][116.374s][info ][gc] GC(4442) Pause Full (G1 Evacuation Pause) 511M->70M(512M) 41.037ms
[2020-08-01T12:34:25.165+0300][116.374s][info ][gc] GC(4427) Concurrent Cycle 440.894ms
[2020-08-01T12:34:25.185+0300][116.395s][info ][gc] GC(4443) Pause Young (Normal) (G1 Evacuation Pause) 95M->95M(512M) 10.564ms
[2020-08-01T12:34:25.206+0300][116.416s][info ][gc] GC(4444) Pause Young (Normal) (G1 Evacuation Pause) 117M->118M(512M) 11.908ms
[2020-08-01T12:34:25.252+0300][116.461s][info ][gc] GC(4445) Pause Young (Normal) (G1 Evacuation Pause) 159M->160M(512M) 10.364ms
[2020-08-01T12:34:25.270+0300][116.480s][info ][gc] GC(4446) Pause Young (Normal) (G1 Evacuation Pause) 181M->183M(512M) 10.447ms
[2020-08-01T12:34:25.289+0300][116.499s][info ][gc] GC(4447) Pause Young (Normal) (G1 Evacuation Pause) 204M->205M(512M) 10.400ms
[2020-08-01T12:34:25.308+0300][116.517s][info ][gc] GC(4448) Pause Young (Normal) (G1 Evacuation Pause) 226M->227M(512M) 10.449ms
[2020-08-01T12:34:25.327+0300][116.536s][info ][gc] GC(4449) Pause Young (Normal) (G1 Evacuation Pause) 248M->249M(512M) 10.636ms
[2020-08-01T12:34:25.346+0300][116.555s][info ][gc] GC(4450) Pause Young (Concurrent Start) (G1 Evacuation Pause) 270M->272M(512M) 10.302ms
[2020-08-01T12:34:25.346+0300][116.555s][info ][gc] GC(4451) Concurrent Cycle
[2020-08-01T12:34:25.382+0300][116.591s][info ][gc] GC(4452) Pause Young (Normal) (G1 Evacuation Pause) 313M->315M(512M) 10.571ms
[2020-08-01T12:34:25.401+0300][116.610s][info ][gc] GC(4453) Pause Young (Normal) (G1 Evacuation Pause) 336M->337M(512M) 10.304ms
[2020-08-01T12:34:25.420+0300][116.630s][info ][gc] GC(4454) Pause Young (Normal) (G1 Evacuation Pause) 358M->359M(512M) 10.601ms
[2020-08-01T12:34:25.440+0300][116.649s][info ][gc] GC(4455) Pause Young (Normal) (G1 Evacuation Pause) 380M->381M(512M) 10.644ms
[2020-08-01T12:34:25.459+0300][116.669s][info ][gc] GC(4456) Pause Young (Normal) (G1 Evacuation Pause) 402M->404M(512M) 10.587ms
[2020-08-01T12:34:25.503+0300][116.712s][info ][gc] GC(4457) Pause Young (Normal) (G1 Evacuation Pause) 445M->446M(512M) 11.617ms
[2020-08-01T12:34:25.506+0300][116.715s][debug][gc] GC(4451) Reclaimed 130 empty regions
[2020-08-01T12:34:25.506+0300][116.715s][info ][gc] GC(4451) Pause Remark 453M->326M(512M) 0.428ms
[2020-08-01T12:34:25.523+0300][116.732s][info ][gc] GC(4458) Pause Young (Normal) (G1 Evacuation Pause) 341M->342M(512M) 10.920ms
[2020-08-01T12:34:25.548+0300][116.757s][info ][gc] GC(4459) Pause Young (Normal) (G1 Evacuation Pause) 363M->365M(512M) 10.230ms
[2020-08-01T12:34:25.573+0300][116.783s][info ][gc] GC(4460) Pause Young (Normal) (G1 Evacuation Pause) 386M->387M(512M) 10.343ms
[2020-08-01T12:34:25.597+0300][116.807s][info ][gc] GC(4461) Pause Young (Normal) (G1 Evacuation Pause) 408M->410M(512M) 10.506ms
[2020-08-01T12:34:25.623+0300][116.832s][info ][gc] GC(4462) Pause Young (Normal) (G1 Evacuation Pause) 431M->432M(512M) 10.733ms
[2020-08-01T12:34:25.664+0300][116.874s][info ][gc] GC(4463) Pause Young (Normal) (G1 Evacuation Pause) 473M->474M(512M) 11.600ms
[2020-08-01T12:34:25.700+0300][116.910s][info ][gc] GC(4464) To-space exhausted
[2020-08-01T12:34:25.700+0300][116.910s][info ][gc] GC(4464) Pause Young (Normal) (G1 Evacuation Pause) 495M->502M(512M) 19.477ms
[2020-08-01T12:34:25.729+0300][116.938s][info ][gc] GC(4465) To-space exhausted
[2020-08-01T12:34:25.729+0300][116.938s][info ][gc] GC(4465) Pause Young (Normal) (G1 Evacuation Pause) 511M->511M(512M) 18.461ms
[2020-08-01T12:34:25.730+0300][116.939s][debug][gc] GC(4466) Clear Next Bitmap 0.353ms
[2020-08-01T12:34:25.767+0300][116.977s][info ][gc] GC(4466) Pause Full (G1 Evacuation Pause) 511M->65M(512M) 38.077ms
[2020-08-01T12:34:25.767+0300][116.977s][info ][gc] GC(4451) Concurrent Cycle 421.663ms
[2020-08-01T12:34:25.790+0300][116.999s][info ][gc] GC(4467) Pause Young (Normal) (G1 Evacuation Pause) 92M->93M(512M) 11.547ms
[2020-08-01T12:34:25.812+0300][117.022s][info ][gc] GC(4468) Pause Young (Normal) (G1 Evacuation Pause) 118M->119M(512M) 12.585ms
[2020-08-01T12:34:25.844+0300][117.053s][info ][gc] GC(4469) Pause Young (Normal) (G1 Evacuation Pause) 160M->161M(512M) 10.566ms
[2020-08-01T12:34:25.865+0300][117.074s][info ][gc] GC(4470) Pause Young (Normal) (G1 Evacuation Pause) 182M->183M(512M) 12.271ms
[2020-08-01T12:34:25.884+0300][117.093s][info ][gc] GC(4471) Pause Young (Normal) (G1 Evacuation Pause) 204M->206M(512M) 10.504ms
[2020-08-01T12:34:25.903+0300][117.112s][info ][gc] GC(4472) Pause Young (Normal) (G1 Evacuation Pause) 227M->229M(512M) 10.433ms
[2020-08-01T12:34:25.922+0300][117.132s][info ][gc] GC(4473) Pause Young (Normal) (G1 Evacuation Pause) 250M->252M(512M) 11.235ms
[2020-08-01T12:34:25.941+0300][117.150s][info ][gc] GC(4474) Pause Young (Concurrent Start) (G1 Evacuation Pause) 273M->274M(512M) 10.594ms
[2020-08-01T12:34:25.941+0300][117.151s][info ][gc] GC(4475) Concurrent Cycle
[2020-08-01T12:34:25.989+0300][117.198s][info ][gc] GC(4476) Pause Young (Normal) (G1 Evacuation Pause) 315M->316M(512M) 11.565ms
[2020-08-01T12:34:26.008+0300][117.218s][info ][gc] GC(4477) Pause Young (Normal) (G1 Evacuation Pause) 337M->339M(512M) 10.667ms
[2020-08-01T12:34:26.027+0300][117.237s][info ][gc] GC(4478) Pause Young (Normal) (G1 Evacuation Pause) 360M->361M(512M) 10.359ms
[2020-08-01T12:34:26.047+0300][117.256s][info ][gc] GC(4479) Pause Young (Normal) (G1 Evacuation Pause) 382M->383M(512M) 10.633ms
[2020-08-01T12:34:26.066+0300][117.276s][info ][gc] GC(4480) Pause Young (Normal) (G1 Evacuation Pause) 404M->406M(512M) 10.558ms
[2020-08-01T12:34:26.090+0300][117.299s][debug][gc] GC(4475) Reclaimed 132 empty regions
[2020-08-01T12:34:26.090+0300][117.299s][info ][gc] GC(4475) Pause Remark 423M->294M(512M) 0.428ms
[2020-08-01T12:34:26.110+0300][117.320s][info ][gc] GC(4481) Pause Young (Normal) (G1 Evacuation Pause) 318M->319M(512M) 11.683ms
[2020-08-01T12:34:26.138+0300][117.348s][info ][gc] GC(4482) Pause Young (Normal) (G1 Evacuation Pause) 340M->341M(512M) 10.322ms
[2020-08-01T12:34:26.164+0300][117.373s][info ][gc] GC(4483) Pause Young (Normal) (G1 Evacuation Pause) 362M->364M(512M) 10.705ms
[2020-08-01T12:34:26.190+0300][117.399s][info ][gc] GC(4484) Pause Young (Normal) (G1 Evacuation Pause) 385M->387M(512M) 10.527ms
[2020-08-01T12:34:26.215+0300][117.425s][info ][gc] GC(4485) Pause Young (Normal) (G1 Evacuation Pause) 408M->409M(512M) 10.453ms
[2020-08-01T12:34:26.241+0300][117.451s][info ][gc] GC(4486) Pause Young (Normal) (G1 Evacuation Pause) 430M->432M(512M) 10.733ms
[2020-08-01T12:34:26.286+0300][117.495s][info ][gc] GC(4487) Pause Young (Normal) (G1 Evacuation Pause) 473M->474M(512M) 10.918ms
[2020-08-01T12:34:26.292+0300][117.502s][info ][gc] GC(4475) Pause Cleanup 476M->476M(512M) 0.145ms
[2020-08-01T12:34:26.293+0300][117.502s][info ][gc] GC(4475) Concurrent Cycle 351.551ms
[2020-08-01T12:34:26.320+0300][117.530s][info ][gc] GC(4488) To-space exhausted
[2020-08-01T12:34:26.320+0300][117.530s][info ][gc] GC(4488) Pause Young (Normal) (G1 Evacuation Pause) 495M->503M(512M) 20.106ms
[2020-08-01T12:34:26.343+0300][117.552s][info ][gc] GC(4489) To-space exhausted
[2020-08-01T12:34:26.343+0300][117.552s][info ][gc] GC(4489) Pause Young (Concurrent Start) (G1 Evacuation Pause) 511M->511M(512M) 18.342ms
[2020-08-01T12:34:26.343+0300][117.552s][info ][gc] GC(4491) Concurrent Cycle
[2020-08-01T12:34:26.343+0300][117.553s][debug][gc] GC(4490) Clear Next Bitmap 0.348ms
[2020-08-01T12:34:26.382+0300][117.591s][info ][gc] GC(4490) Pause Full (G1 Evacuation Pause) 511M->65M(512M) 39.116ms
[2020-08-01T12:34:26.382+0300][117.592s][info ][gc] GC(4491) Concurrent Cycle 39.408ms
[2020-08-01T12:34:26.406+0300][117.615s][info ][gc] GC(4492) Pause Young (Normal) (G1 Evacuation Pause) 94M->94M(512M) 12.058ms
[2020-08-01T12:34:26.429+0300][117.638s][info ][gc] GC(4493) Pause Young (Normal) (G1 Evacuation Pause) 120M->121M(512M) 12.935ms
[2020-08-01T12:34:26.476+0300][117.686s][info ][gc] GC(4494) Pause Young (Normal) (G1 Evacuation Pause) 162M->164M(512M) 15.540ms
[2020-08-01T12:34:26.497+0300][117.706s][info ][gc] GC(4495) Pause Young (Normal) (G1 Evacuation Pause) 185M->187M(512M) 10.546ms
[2020-08-01T12:34:26.515+0300][117.724s][info ][gc] GC(4496) Pause Young (Normal) (G1 Evacuation Pause) 208M->209M(512M) 9.791ms
[2020-08-01T12:34:26.534+0300][117.743s][info ][gc] GC(4497) Pause Young (Normal) (G1 Evacuation Pause) 230M->232M(512M) 10.534ms
[2020-08-01T12:34:26.552+0300][117.761s][info ][gc] GC(4498) Pause Young (Normal) (G1 Evacuation Pause) 253M->255M(512M) 9.975ms
[2020-08-01T12:34:26.571+0300][117.781s][info ][gc] GC(4499) Pause Young (Concurrent Start) (G1 Evacuation Pause) 276M->277M(512M) 10.647ms
[2020-08-01T12:34:26.571+0300][117.781s][info ][gc] GC(4500) Concurrent Cycle
[2020-08-01T12:34:26.610+0300][117.820s][info ][gc] GC(4501) Pause Young (Normal) (G1 Evacuation Pause) 318M->319M(512M) 10.390ms
[2020-08-01T12:34:26.630+0300][117.839s][info ][gc] GC(4502) Pause Young (Normal) (G1 Evacuation Pause) 340M->341M(512M) 10.594ms
[2020-08-01T12:34:26.649+0300][117.858s][info ][gc] GC(4503) Pause Young (Normal) (G1 Evacuation Pause) 362M->364M(512M) 10.151ms
[2020-08-01T12:34:26.669+0300][117.878s][info ][gc] GC(4504) Pause Young (Normal) (G1 Evacuation Pause) 385M->386M(512M) 10.399ms
[2020-08-01T12:34:26.688+0300][117.897s][info ][gc] GC(4505) Pause Young (Normal) (G1 Evacuation Pause) 407M->409M(512M) 10.205ms
[2020-08-01T12:34:26.722+0300][117.931s][debug][gc] GC(4500) Reclaimed 129 empty regions
[2020-08-01T12:34:26.722+0300][117.931s][info ][gc] GC(4500) Pause Remark 449M->321M(512M) 0.447ms
[2020-08-01T12:34:26.733+0300][117.942s][info ][gc] GC(4506) Pause Young (Normal) (G1 Evacuation Pause) 322M->324M(512M) 10.619ms
[2020-08-01T12:34:26.757+0300][117.966s][info ][gc] GC(4507) Pause Young (Normal) (G1 Evacuation Pause) 345M->346M(512M) 11.043ms
[2020-08-01T12:34:26.782+0300][117.992s][info ][gc] GC(4508) Pause Young (Normal) (G1 Evacuation Pause) 367M->368M(512M) 10.509ms
[2020-08-01T12:34:26.808+0300][118.017s][info ][gc] GC(4509) Pause Young (Normal) (G1 Evacuation Pause) 389M->390M(512M) 10.742ms
[2020-08-01T12:34:26.833+0300][118.042s][info ][gc] GC(4510) Pause Young (Normal) (G1 Evacuation Pause) 411M->413M(512M) 11.943ms
[2020-08-01T12:34:26.860+0300][118.069s][info ][gc] GC(4511) Pause Young (Normal) (G1 Evacuation Pause) 434M->435M(512M) 11.761ms
[2020-08-01T12:34:26.909+0300][118.119s][info ][gc] GC(4512) Pause Young (Normal) (G1 Evacuation Pause) 476M->478M(512M) 11.141ms
[2020-08-01T12:34:26.948+0300][118.158s][info ][gc] GC(4513) To-space exhausted
[2020-08-01T12:34:26.949+0300][118.158s][info ][gc] GC(4513) Pause Young (Normal) (G1 Evacuation Pause) 499M->506M(512M) 24.258ms
[2020-08-01T12:34:26.973+0300][118.182s][info ][gc] GC(4514) To-space exhausted
[2020-08-01T12:34:26.973+0300][118.182s][info ][gc] GC(4514) Pause Young (Normal) (G1 Evacuation Pause) 511M->511M(512M) 14.793ms
[2020-08-01T12:34:26.973+0300][118.183s][debug][gc] GC(4515) Clear Next Bitmap 0.320ms
[2020-08-01T12:34:27.013+0300][118.222s][info ][gc] GC(4515) Pause Full (G1 Evacuation Pause) 511M->65M(512M) 39.416ms
[2020-08-01T12:34:27.013+0300][118.222s][info ][gc] GC(4500) Concurrent Cycle 441.363ms
[2020-08-01T12:34:27.035+0300][118.245s][info ][gc] GC(4516) Pause Young (Normal) (G1 Evacuation Pause) 91M->91M(512M) 12.461ms
[2020-08-01T12:34:27.057+0300][118.266s][info ][gc] GC(4517) Pause Young (Normal) (G1 Evacuation Pause) 115M->116M(512M) 11.763ms
[2020-08-01T12:34:27.076+0300][118.285s][info ][gc] GC(4518) Pause Young (Normal) (G1 Evacuation Pause) 137M->139M(512M) 10.931ms
[2020-08-01T12:34:27.132+0300][118.341s][info ][gc] GC(4519) Pause Young (Normal) (G1 Evacuation Pause) 180M->181M(512M) 15.370ms
[2020-08-01T12:34:27.153+0300][118.362s][info ][gc] GC(4520) Pause Young (Normal) (G1 Evacuation Pause) 202M->203M(512M) 10.546ms
[2020-08-01T12:34:27.172+0300][118.381s][info ][gc] GC(4521) Pause Young (Normal) (G1 Evacuation Pause) 224M->226M(512M) 10.507ms
[2020-08-01T12:34:27.190+0300][118.400s][info ][gc] GC(4522) Pause Young (Normal) (G1 Evacuation Pause) 247M->248M(512M) 10.341ms
[2020-08-01T12:34:27.210+0300][118.420s][info ][gc] GC(4523) Pause Young (Concurrent Start) (G1 Evacuation Pause) 269M->271M(512M) 11.708ms
[2020-08-01T12:34:27.211+0300][118.420s][info ][gc] GC(4524) Concurrent Cycle
[2020-08-01T12:34:27.246+0300][118.456s][info ][gc] GC(4525) Pause Young (Normal) (G1 Evacuation Pause) 312M->313M(512M) 11.151ms
[2020-08-01T12:34:27.266+0300][118.475s][info ][gc] GC(4526) Pause Young (Normal) (G1 Evacuation Pause) 334M->335M(512M) 10.532ms
[2020-08-01T12:34:27.285+0300][118.494s][info ][gc] GC(4527) Pause Young (Normal) (G1 Evacuation Pause) 356M->358M(512M) 10.480ms
[2020-08-01T12:34:27.304+0300][118.514s][info ][gc] GC(4528) Pause Young (Normal) (G1 Evacuation Pause) 379M->380M(512M) 10.499ms
[2020-08-01T12:34:27.323+0300][118.533s][info ][gc] GC(4529) Pause Young (Normal) (G1 Evacuation Pause) 401M->403M(512M) 10.455ms
[2020-08-01T12:34:27.368+0300][118.578s][info ][gc] GC(4530) Pause Young (Normal) (G1 Evacuation Pause) 444M->445M(512M) 12.892ms
[2020-08-01T12:34:27.370+0300][118.580s][debug][gc] GC(4524) Reclaimed 134 empty regions
[2020-08-01T12:34:27.370+0300][118.580s][info ][gc] GC(4524) Pause Remark 447M->315M(512M) 0.438ms
[2020-08-01T12:34:27.389+0300][118.598s][info ][gc] GC(4531) Pause Young (Normal) (G1 Evacuation Pause) 333M->335M(512M) 10.837ms
[2020-08-01T12:34:27.415+0300][118.624s][info ][gc] GC(4532) Pause Young (Normal) (G1 Evacuation Pause) 356M->358M(512M) 10.834ms
[2020-08-01T12:34:27.440+0300][118.649s][info ][gc] GC(4533) Pause Young (Normal) (G1 Evacuation Pause) 379M->380M(512M) 10.649ms
[2020-08-01T12:34:27.464+0300][118.673s][info ][gc] GC(4534) Pause Young (Normal) (G1 Evacuation Pause) 401M->403M(512M) 11.055ms
[2020-08-01T12:34:27.490+0300][118.699s][info ][gc] GC(4535) Pause Young (Normal) (G1 Evacuation Pause) 424M->425M(512M) 10.449ms
[2020-08-01T12:34:27.528+0300][118.737s][info ][gc] GC(4536) Pause Young (Normal) (G1 Evacuation Pause) 466M->467M(512M) 10.871ms
[2020-08-01T12:34:27.555+0300][118.765s][info ][gc] GC(4537) To-space exhausted
[2020-08-01T12:34:27.556+0300][118.765s][info ][gc] GC(4537) Pause Young (Normal) (G1 Evacuation Pause) 488M->492M(512M) 12.504ms
[2020-08-01T12:34:27.604+0300][118.813s][info ][gc] GC(4538) To-space exhausted
[2020-08-01T12:34:27.604+0300][118.813s][info ][gc] GC(4538) Pause Young (Normal) (G1 Evacuation Pause) 511M->511M(512M) 33.772ms
[2020-08-01T12:34:27.604+0300][118.814s][debug][gc] GC(4539) Clear Next Bitmap 0.335ms
[2020-08-01T12:34:27.648+0300][118.857s][info ][gc] GC(4539) Pause Full (G1 Evacuation Pause) 511M->73M(512M) 43.635ms
[2020-08-01T12:34:27.648+0300][118.857s][info ][gc] GC(4524) Concurrent Cycle 437.294ms
[2020-08-01T12:34:27.668+0300][118.878s][info ][gc] GC(4540) Pause Young (Normal) (G1 Evacuation Pause) 98M->98M(512M) 10.543ms
[2020-08-01T12:34:27.689+0300][118.898s][info ][gc] GC(4541) Pause Young (Normal) (G1 Evacuation Pause) 121M->123M(512M) 10.785ms
[2020-08-01T12:34:27.725+0300][118.934s][info ][gc] GC(4542) Pause Young (Normal) (G1 Evacuation Pause) 164M->165M(512M) 10.750ms
[2020-08-01T12:34:27.745+0300][118.955s][info ][gc] GC(4543) Pause Young (Normal) (G1 Evacuation Pause) 186M->187M(512M) 12.095ms
[2020-08-01T12:34:27.764+0300][118.974s][info ][gc] GC(4544) Pause Young (Normal) (G1 Evacuation Pause) 208M->210M(512M) 10.675ms
[2020-08-01T12:34:27.783+0300][118.993s][info ][gc] GC(4545) Pause Young (Normal) (G1 Evacuation Pause) 231M->232M(512M) 10.466ms
[2020-08-01T12:34:27.802+0300][119.012s][info ][gc] GC(4546) Pause Young (Concurrent Start) (G1 Evacuation Pause) 253M->254M(512M) 10.410ms
[2020-08-01T12:34:27.802+0300][119.012s][info ][gc] GC(4547) Concurrent Cycle
[2020-08-01T12:34:27.821+0300][119.031s][info ][gc] GC(4548) Pause Young (Normal) (G1 Evacuation Pause) 275M->277M(512M) 10.393ms
[2020-08-01T12:34:27.887+0300][119.097s][info ][gc] GC(4549) Pause Young (Normal) (G1 Evacuation Pause) 318M->319M(512M) 10.405ms
[2020-08-01T12:34:27.907+0300][119.116s][info ][gc] GC(4550) Pause Young (Normal) (G1 Evacuation Pause) 340M->341M(512M) 10.383ms
[2020-08-01T12:34:27.926+0300][119.136s][info ][gc] GC(4551) Pause Young (Normal) (G1 Evacuation Pause) 362M->363M(512M) 10.393ms
[2020-08-01T12:34:27.945+0300][119.155s][info ][gc] GC(4552) Pause Young (Normal) (G1 Evacuation Pause) 384M->386M(512M) 10.459ms
[2020-08-01T12:34:27.949+0300][119.158s][debug][gc] GC(4547) Reclaimed 130 empty regions
[2020-08-01T12:34:27.949+0300][119.158s][info ][gc] GC(4547) Pause Remark 393M->267M(512M) 0.452ms
[2020-08-01T12:34:27.966+0300][119.175s][info ][gc] GC(4553) Pause Young (Normal) (G1 Evacuation Pause) 281M->282M(512M) 10.852ms
[2020-08-01T12:34:28.021+0300][119.230s][info ][gc] GC(4554) Pause Young (Normal) (G1 Evacuation Pause) 323M->325M(512M) 10.821ms
[2020-08-01T12:34:28.047+0300][119.256s][info ][gc] GC(4555) Pause Young (Normal) (G1 Evacuation Pause) 346M->347M(512M) 10.659ms
[2020-08-01T12:34:28.072+0300][119.281s][info ][gc] GC(4556) Pause Young (Normal) (G1 Evacuation Pause) 368M->370M(512M) 10.426ms
[2020-08-01T12:34:28.097+0300][119.306s][info ][gc] GC(4557) Pause Young (Normal) (G1 Evacuation Pause) 391M->392M(512M) 10.567ms
[2020-08-01T12:34:28.125+0300][119.334s][info ][gc] GC(4558) Pause Young (Normal) (G1 Evacuation Pause) 413M->414M(512M) 11.344ms
[2020-08-01T12:34:28.131+0300][119.341s][info ][gc] GC(4547) Pause Cleanup 416M->416M(512M) 0.163ms
[2020-08-01T12:34:28.132+0300][119.341s][info ][gc] GC(4547) Concurrent Cycle 329.543ms
[2020-08-01T12:34:28.150+0300][119.359s][info ][gc] GC(4559) Pause Young (Normal) (G1 Evacuation Pause) 435M->437M(512M) 10.434ms
[2020-08-01T12:34:28.168+0300][119.377s][info ][gc] GC(4560) Pause Young (Concurrent Start) (G1 Humongous Allocation) 439M->441M(512M) 3.904ms
[2020-08-01T12:34:28.168+0300][119.377s][info ][gc] GC(4561) Concurrent Cycle
[2020-08-01T12:34:28.173+0300][119.383s][debug][gc] GC(4561) Reclaimed 427 empty regions
[2020-08-01T12:34:28.173+0300][119.383s][info ][gc] GC(4561) Pause Remark 465M->38M(512M) 0.539ms
[2020-08-01T12:34:28.189+0300][119.399s][info ][gc] GC(4562) Pause Young (Normal) (G1 Evacuation Pause) 56M->54M(512M) 8.606ms
[2020-08-01T12:34:28.192+0300][119.402s][info ][gc] GC(4561) Pause Cleanup 56M->56M(512M) 0.061ms
[2020-08-01T12:34:28.193+0300][119.402s][info ][gc] GC(4561) Concurrent Cycle 25.151ms
[2020-08-01T12:34:28.211+0300][119.421s][info ][gc] GC(4563) Pause Young (Normal) (G1 Evacuation Pause) 76M->77M(512M) 10.608ms
[2020-08-01T12:34:28.230+0300][119.440s][info ][gc] GC(4564) Pause Young (Normal) (G1 Evacuation Pause) 98M->99M(512M) 10.500ms
[2020-08-01T12:34:28.251+0300][119.460s][info ][gc] GC(4565) Pause Young (Normal) (G1 Evacuation Pause) 120M->121M(512M) 11.896ms
[2020-08-01T12:34:28.269+0300][119.479s][info ][gc] GC(4566) Pause Young (Normal) (G1 Evacuation Pause) 142M->144M(512M) 10.460ms
[2020-08-01T12:34:28.343+0300][119.553s][info ][gc] GC(4567) Pause Young (Normal) (G1 Evacuation Pause) 185M->186M(512M) 27.698ms
[2020-08-01T12:34:28.369+0300][119.579s][info ][gc] GC(4568) Pause Young (Normal) (G1 Evacuation Pause) 207M->208M(512M) 13.635ms
[2020-08-01T12:34:28.389+0300][119.599s][info ][gc] GC(4569) Pause Young (Normal) (G1 Evacuation Pause) 229M->231M(512M) 11.625ms
[2020-08-01T12:34:28.408+0300][119.617s][info ][gc] GC(4570) Pause Young (Normal) (G1 Evacuation Pause) 252M->253M(512M) 9.949ms
[2020-08-01T12:34:28.427+0300][119.636s][info ][gc] GC(4571) Pause Young (Concurrent Start) (G1 Evacuation Pause) 274M->275M(512M) 10.901ms
[2020-08-01T12:34:28.427+0300][119.636s][info ][gc] GC(4572) Concurrent Cycle
[2020-08-01T12:34:28.472+0300][119.681s][info ][gc] GC(4573) Pause Young (Normal) (G1 Evacuation Pause) 316M->318M(512M) 11.058ms
[2020-08-01T12:34:28.491+0300][119.701s][info ][gc] GC(4574) Pause Young (Normal) (G1 Evacuation Pause) 339M->340M(512M) 10.537ms
[2020-08-01T12:34:28.511+0300][119.720s][info ][gc] GC(4575) Pause Young (Normal) (G1 Evacuation Pause) 361M->363M(512M) 10.967ms
[2020-08-01T12:34:28.531+0300][119.740s][info ][gc] GC(4576) Pause Young (Normal) (G1 Evacuation Pause) 384M->386M(512M) 10.867ms
[2020-08-01T12:34:28.550+0300][119.759s][info ][gc] GC(4577) Pause Young (Normal) (G1 Evacuation Pause) 407M->408M(512M) 10.323ms
[2020-08-01T12:34:28.569+0300][119.779s][info ][gc] GC(4578) Pause Young (Normal) (G1 Evacuation Pause) 429M->431M(512M) 10.418ms
[2020-08-01T12:34:28.579+0300][119.788s][debug][gc] GC(4572) Reclaimed 137 empty regions
[2020-08-01T12:34:28.579+0300][119.789s][info ][gc] GC(4572) Pause Remark 438M->301M(512M) 0.421ms
[2020-08-01T12:34:28.616+0300][119.825s][info ][gc] GC(4579) Pause Young (Normal) (G1 Evacuation Pause) 335M->337M(512M) 10.595ms
[2020-08-01T12:34:28.638+0300][119.848s][info ][gc] GC(4580) Pause Young (Normal) (G1 Evacuation Pause) 358M->359M(512M) 10.644ms
[2020-08-01T12:34:28.666+0300][119.876s][info ][gc] GC(4581) Pause Young (Normal) (G1 Evacuation Pause) 380M->381M(512M) 10.592ms
[2020-08-01T12:34:28.688+0300][119.898s][info ][gc] GC(4582) Pause Young (Normal) (G1 Evacuation Pause) 402M->403M(512M) 13.073ms
[2020-08-01T12:34:28.718+0300][119.928s][info ][gc] GC(4583) Pause Young (Normal) (G1 Evacuation Pause) 424M->425M(512M) 10.618ms
[2020-08-01T12:34:28.769+0300][119.978s][info ][gc] GC(4584) Pause Young (Normal) (G1 Evacuation Pause) 466M->468M(512M) 10.459ms
[2020-08-01T12:34:28.777+0300][119.987s][info ][gc] GC(4572) Pause Cleanup 475M->475M(512M) 0.122ms
[2020-08-01T12:34:28.778+0300][119.987s][info ][gc] GC(4572) Concurrent Cycle 350.914ms
[2020-08-01T12:34:28.795+0300][120.005s][info ][gc] GC(4585) To-space exhausted
[2020-08-01T12:34:28.796+0300][120.005s][info ][gc] GC(4585) Pause Young (Normal) (G1 Evacuation Pause) 489M->492M(512M) 12.210ms
[2020-08-01T12:34:28.839+0300][120.048s][info ][gc] GC(4586) To-space exhausted
[2020-08-01T12:34:28.839+0300][120.048s][info ][gc] GC(4586) Pause Young (Concurrent Start) (G1 Evacuation Pause) 511M->511M(512M) 35.981ms
[2020-08-01T12:34:28.839+0300][120.049s][info ][gc] GC(4588) Concurrent Cycle
[2020-08-01T12:34:28.840+0300][120.049s][debug][gc] GC(4587) Clear Next Bitmap 0.267ms
[2020-08-01T12:34:28.878+0300][120.087s][info ][gc] GC(4587) Pause Full (G1 Evacuation Pause) 511M->66M(512M) 38.380ms
[2020-08-01T12:34:28.878+0300][120.087s][info ][gc] GC(4588) Concurrent Cycle 38.668ms
[2020-08-01T12:34:28.899+0300][120.108s][info ][gc] GC(4589) Pause Young (Normal) (G1 Evacuation Pause) 91M->91M(512M) 10.948ms
[2020-08-01T12:34:28.917+0300][120.127s][info ][gc] GC(4590) Pause Young (Normal) (G1 Evacuation Pause) 112M->113M(512M) 9.979ms
[2020-08-01T12:34:28.936+0300][120.145s][info ][gc] GC(4591) Pause Young (Normal) (G1 Evacuation Pause) 134M->135M(512M) 10.356ms
[2020-08-01T12:34:28.974+0300][120.183s][info ][gc] GC(4592) Pause Young (Normal) (G1 Evacuation Pause) 176M->178M(512M) 10.514ms
[2020-08-01T12:34:28.993+0300][120.202s][info ][gc] GC(4593) Pause Young (Normal) (G1 Evacuation Pause) 199M->199M(512M) 10.503ms
[2020-08-01T12:34:29.013+0300][120.222s][info ][gc] GC(4594) Pause Young (Normal) (G1 Evacuation Pause) 220M->221M(512M) 11.936ms
[2020-08-01T12:34:29.032+0300][120.241s][info ][gc] GC(4595) Pause Young (Normal) (G1 Evacuation Pause) 242M->244M(512M) 10.443ms
[2020-08-01T12:34:29.051+0300][120.260s][info ][gc] GC(4596) Pause Young (Concurrent Start) (G1 Evacuation Pause) 265M->266M(512M) 10.707ms
[2020-08-01T12:34:29.051+0300][120.260s][info ][gc] GC(4597) Concurrent Cycle
[2020-08-01T12:34:29.095+0300][120.305s][info ][gc] GC(4598) Pause Young (Normal) (G1 Evacuation Pause) 307M->309M(512M) 10.513ms
[2020-08-01T12:34:29.114+0300][120.324s][info ][gc] GC(4599) Pause Young (Normal) (G1 Evacuation Pause) 330M->331M(512M) 10.498ms
[2020-08-01T12:34:29.134+0300][120.343s][info ][gc] GC(4600) Pause Young (Normal) (G1 Evacuation Pause) 352M->353M(512M) 10.507ms
[2020-08-01T12:34:29.152+0300][120.361s][info ][gc] GC(4601) Pause Young (Normal) (G1 Evacuation Pause) 374M->376M(512M) 9.794ms
[2020-08-01T12:34:29.171+0300][120.381s][info ][gc] GC(4602) Pause Young (Normal) (G1 Evacuation Pause) 398M->399M(512M) 10.372ms
[2020-08-01T12:34:29.190+0300][120.400s][info ][gc] GC(4603) Pause Young (Normal) (G1 Evacuation Pause) 420M->421M(512M) 10.264ms
[2020-08-01T12:34:29.204+0300][120.413s][debug][gc] GC(4597) Reclaimed 133 empty regions
[2020-08-01T12:34:29.204+0300][120.414s][info ][gc] GC(4597) Pause Remark 423M->293M(512M) 0.539ms
[2020-08-01T12:34:29.227+0300][120.436s][info ][gc] GC(4604) Pause Young (Normal) (G1 Evacuation Pause) 333M->334M(512M) 11.648ms
[2020-08-01T12:34:29.254+0300][120.463s][info ][gc] GC(4605) Pause Young (Normal) (G1 Evacuation Pause) 355M->357M(512M) 10.936ms
[2020-08-01T12:34:29.280+0300][120.489s][info ][gc] GC(4606) Pause Young (Normal) (G1 Evacuation Pause) 378M->380M(512M) 11.230ms
[2020-08-01T12:34:29.305+0300][120.514s][info ][gc] GC(4607) Pause Young (Normal) (G1 Evacuation Pause) 401M->402M(512M) 10.398ms
[2020-08-01T12:34:29.331+0300][120.540s][info ][gc] GC(4608) Pause Young (Normal) (G1 Evacuation Pause) 423M->424M(512M) 11.147ms
[2020-08-01T12:34:29.379+0300][120.588s][info ][gc] GC(4609) Pause Young (Normal) (G1 Evacuation Pause) 465M->466M(512M) 10.439ms
[2020-08-01T12:34:29.405+0300][120.615s][info ][gc] GC(4610) To-space exhausted
[2020-08-01T12:34:29.406+0300][120.615s][info ][gc] GC(4610) Pause Young (Normal) (G1 Evacuation Pause) 487M->492M(512M) 11.838ms
[2020-08-01T12:34:29.415+0300][120.624s][info ][gc] GC(4597) Pause Cleanup 500M->500M(512M) 0.116ms
[2020-08-01T12:34:29.415+0300][120.625s][info ][gc] GC(4597) Concurrent Cycle 364.389ms
[2020-08-01T12:34:29.454+0300][120.663s][info ][gc] GC(4611) To-space exhausted
[2020-08-01T12:34:29.454+0300][120.663s][info ][gc] GC(4611) Pause Young (Normal) (G1 Evacuation Pause) 511M->511M(512M) 33.952ms
[2020-08-01T12:34:29.498+0300][120.708s][info ][gc] GC(4612) Pause Full (G1 Evacuation Pause) 511M->71M(512M) 44.585ms
[2020-08-01T12:34:29.520+0300][120.729s][info ][gc] GC(4613) Pause Young (Normal) (G1 Evacuation Pause) 98M->99M(512M) 10.478ms
[2020-08-01T12:34:29.542+0300][120.751s][info ][gc] GC(4614) Pause Young (Normal) (G1 Evacuation Pause) 124M->125M(512M) 11.827ms
[2020-08-01T12:34:29.604+0300][120.813s][info ][gc] GC(4615) Pause Young (Normal) (G1 Evacuation Pause) 166M->167M(512M) 26.180ms
[2020-08-01T12:34:29.629+0300][120.838s][info ][gc] GC(4616) Pause Young (Normal) (G1 Evacuation Pause) 188M->190M(512M) 12.305ms
[2020-08-01T12:34:29.647+0300][120.857s][info ][gc] GC(4617) Pause Young (Normal) (G1 Evacuation Pause) 211M->212M(512M) 10.293ms
[2020-08-01T12:34:29.667+0300][120.876s][info ][gc] GC(4618) Pause Young (Normal) (G1 Evacuation Pause) 233M->235M(512M) 10.345ms
[2020-08-01T12:34:29.686+0300][120.895s][info ][gc] GC(4619) Pause Young (Concurrent Start) (G1 Evacuation Pause) 256M->257M(512M) 10.482ms
[2020-08-01T12:34:29.686+0300][120.895s][info ][gc] GC(4620) Concurrent Cycle
[2020-08-01T12:34:29.705+0300][120.914s][info ][gc] GC(4621) Pause Young (Normal) (G1 Evacuation Pause) 278M->280M(512M) 10.293ms
[2020-08-01T12:34:29.751+0300][120.960s][info ][gc] GC(4622) Pause Young (Normal) (G1 Evacuation Pause) 321M->323M(512M) 9.990ms
[2020-08-01T12:34:29.771+0300][120.980s][info ][gc] GC(4623) Pause Young (Normal) (G1 Evacuation Pause) 345M->347M(512M) 10.621ms
[2020-08-01T12:34:29.790+0300][120.999s][info ][gc] GC(4624) Pause Young (Normal) (G1 Evacuation Pause) 369M->371M(512M) 9.969ms
[2020-08-01T12:34:29.809+0300][121.019s][info ][gc] GC(4625) Pause Young (Normal) (G1 Evacuation Pause) 393M->394M(512M) 10.354ms
[2020-08-01T12:34:29.829+0300][121.038s][info ][gc] GC(4626) Pause Young (Normal) (G1 Evacuation Pause) 415M->416M(512M) 11.038ms
[2020-08-01T12:34:29.840+0300][121.049s][debug][gc] GC(4620) Reclaimed 130 empty regions
[2020-08-01T12:34:29.840+0300][121.049s][info ][gc] GC(4620) Pause Remark 425M->298M(512M) 1.200ms
[2020-08-01T12:34:29.879+0300][121.088s][info ][gc] GC(4627) Pause Young (Normal) (G1 Evacuation Pause) 330M->332M(512M) 12.861ms
[2020-08-01T12:34:29.903+0300][121.112s][info ][gc] GC(4628) Pause Young (Normal) (G1 Evacuation Pause) 353M->354M(512M) 11.033ms
[2020-08-01T12:34:29.930+0300][121.139s][info ][gc] GC(4629) Pause Young (Normal) (G1 Evacuation Pause) 375M->377M(512M) 10.547ms
[2020-08-01T12:34:29.955+0300][121.164s][info ][gc] GC(4630) Pause Young (Normal) (G1 Evacuation Pause) 398M->399M(512M) 10.925ms
[2020-08-01T12:34:29.982+0300][121.191s][info ][gc] GC(4631) Pause Young (Normal) (G1 Evacuation Pause) 420M->422M(512M) 11.710ms
[2020-08-01T12:34:30.026+0300][121.235s][info ][gc] GC(4632) Pause Young (Normal) (G1 Evacuation Pause) 463M->464M(512M) 12.111ms
[2020-08-01T12:34:30.054+0300][121.263s][info ][gc] GC(4633) Pause Young (Normal) (G1 Evacuation Pause) 485M->486M(512M) 10.662ms
[2020-08-01T12:34:30.061+0300][121.271s][info ][gc] GC(4620) Pause Cleanup 495M->495M(512M) 0.140ms
[2020-08-01T12:34:30.062+0300][121.271s][info ][gc] GC(4620) Concurrent Cycle 376.078ms
[2020-08-01T12:34:30.098+0300][121.307s][info ][gc] GC(4634) To-space exhausted
[2020-08-01T12:34:30.098+0300][121.308s][info ][gc] GC(4634) Pause Young (Normal) (G1 Evacuation Pause) 507M->511M(512M) 31.598ms
[2020-08-01T12:34:30.137+0300][121.347s][info ][gc] GC(4635) Pause Full (G1 Evacuation Pause) 511M->66M(512M) 39.105ms
[2020-08-01T12:34:30.158+0300][121.368s][info ][gc] GC(4636) Pause Young (Normal) (G1 Evacuation Pause) 91M->91M(512M) 10.761ms
[2020-08-01T12:34:30.177+0300][121.387s][info ][gc] GC(4637) Pause Young (Normal) (G1 Evacuation Pause) 112M->114M(512M) 10.482ms
[2020-08-01T12:34:30.196+0300][121.406s][info ][gc] GC(4638) Pause Young (Normal) (G1 Evacuation Pause) 135M->136M(512M) 10.555ms
[2020-08-01T12:34:30.274+0300][121.483s][info ][gc] GC(4639) Pause Young (Normal) (G1 Evacuation Pause) 177M->178M(512M) 21.197ms
[2020-08-01T12:34:30.298+0300][121.508s][info ][gc] GC(4640) Pause Young (Normal) (G1 Evacuation Pause) 199M->200M(512M) 12.756ms
[2020-08-01T12:34:30.317+0300][121.526s][info ][gc] GC(4641) Pause Young (Normal) (G1 Evacuation Pause) 221M->223M(512M) 10.246ms
[2020-08-01T12:34:30.336+0300][121.545s][info ][gc] GC(4642) Pause Young (Normal) (G1 Evacuation Pause) 244M->245M(512M) 10.523ms
[2020-08-01T12:34:30.355+0300][121.565s][info ][gc] GC(4643) Pause Young (Concurrent Start) (G1 Evacuation Pause) 266M->268M(512M) 10.796ms
[2020-08-01T12:34:30.355+0300][121.565s][info ][gc] GC(4644) Concurrent Cycle
[2020-08-01T12:34:30.401+0300][121.610s][info ][gc] GC(4645) Pause Young (Normal) (G1 Evacuation Pause) 309M->311M(512M) 10.457ms
[2020-08-01T12:34:30.420+0300][121.630s][info ][gc] GC(4646) Pause Young (Normal) (G1 Evacuation Pause) 332M->333M(512M) 10.578ms
[2020-08-01T12:34:30.439+0300][121.649s][info ][gc] GC(4647) Pause Young (Normal) (G1 Evacuation Pause) 354M->355M(512M) 10.398ms
[2020-08-01T12:34:30.459+0300][121.669s][info ][gc] GC(4648) Pause Young (Normal) (G1 Evacuation Pause) 376M->377M(512M) 11.505ms
[2020-08-01T12:34:30.479+0300][121.688s][info ][gc] GC(4649) Pause Young (Normal) (G1 Evacuation Pause) 398M->400M(512M) 10.526ms
[2020-08-01T12:34:30.498+0300][121.707s][info ][gc] GC(4650) Pause Young (Normal) (G1 Evacuation Pause) 421M->422M(512M) 10.182ms
[2020-08-01T12:34:30.510+0300][121.719s][debug][gc] GC(4644) Reclaimed 132 empty regions
[2020-08-01T12:34:30.510+0300][121.719s][info ][gc] GC(4644) Pause Remark 424M->296M(512M) 0.425ms
[2020-08-01T12:34:30.544+0300][121.753s][info ][gc] GC(4651) Pause Young (Normal) (G1 Evacuation Pause) 335M->337M(512M) 10.666ms
[2020-08-01T12:34:30.569+0300][121.778s][info ][gc] GC(4652) Pause Young (Normal) (G1 Evacuation Pause) 358M->359M(512M) 10.389ms
[2020-08-01T12:34:30.592+0300][121.802s][info ][gc] GC(4653) Pause Young (Normal) (G1 Evacuation Pause) 380M->381M(512M) 10.756ms
[2020-08-01T12:34:30.617+0300][121.826s][info ][gc] GC(4654) Pause Young (Normal) (G1 Evacuation Pause) 402M->403M(512M) 10.677ms
[2020-08-01T12:34:30.643+0300][121.852s][info ][gc] GC(4655) Pause Young (Normal) (G1 Evacuation Pause) 424M->426M(512M) 10.769ms
[2020-08-01T12:34:30.681+0300][121.890s][info ][gc] GC(4656) Pause Young (Normal) (G1 Evacuation Pause) 467M->468M(512M) 11.539ms
[2020-08-01T12:34:30.707+0300][121.917s][info ][gc] GC(4657) To-space exhausted
[2020-08-01T12:34:30.708+0300][121.917s][info ][gc] GC(4657) Pause Young (Normal) (G1 Evacuation Pause) 489M->496M(512M) 13.188ms
[2020-08-01T12:34:30.749+0300][121.959s][info ][gc] GC(4658) To-space exhausted
[2020-08-01T12:34:30.749+0300][121.959s][info ][gc] GC(4658) Pause Young (Normal) (G1 Evacuation Pause) 511M->511M(512M) 28.844ms
[2020-08-01T12:34:30.750+0300][121.959s][debug][gc] GC(4659) Clear Next Bitmap 0.210ms
[2020-08-01T12:34:30.789+0300][121.999s][info ][gc] GC(4659) Pause Full (G1 Evacuation Pause) 511M->66M(512M) 40.001ms
[2020-08-01T12:34:30.790+0300][121.999s][info ][gc] GC(4644) Concurrent Cycle 434.355ms
[2020-08-01T12:34:30.810+0300][122.019s][info ][gc] GC(4660) Pause Young (Normal) (G1 Evacuation Pause) 91M->92M(512M) 10.568ms
[2020-08-01T12:34:30.829+0300][122.038s][info ][gc] GC(4661) Pause Young (Normal) (G1 Evacuation Pause) 113M->114M(512M) 10.458ms
[2020-08-01T12:34:30.849+0300][122.058s][info ][gc] GC(4662) Pause Young (Normal) (G1 Evacuation Pause) 135M->136M(512M) 10.967ms
[2020-08-01T12:34:30.883+0300][122.093s][info ][gc] GC(4663) Pause Young (Normal) (G1 Evacuation Pause) 177M->178M(512M) 10.232ms
[2020-08-01T12:34:30.902+0300][122.111s][info ][gc] GC(4664) Pause Young (Normal) (G1 Evacuation Pause) 199M->200M(512M) 10.306ms
[2020-08-01T12:34:30.922+0300][122.131s][info ][gc] GC(4665) Pause Young (Normal) (G1 Evacuation Pause) 221M->223M(512M) 11.073ms
[2020-08-01T12:34:30.941+0300][122.150s][info ][gc] GC(4666) Pause Young (Normal) (G1 Evacuation Pause) 244M->245M(512M) 10.662ms
[2020-08-01T12:34:30.960+0300][122.169s][info ][gc] GC(4667) Pause Young (Concurrent Start) (G1 Evacuation Pause) 266M->267M(512M) 10.815ms
[2020-08-01T12:34:30.960+0300][122.169s][info ][gc] GC(4668) Concurrent Cycle
[2020-08-01T12:34:31.006+0300][122.215s][info ][gc] GC(4669) Pause Young (Normal) (G1 Evacuation Pause) 308M->310M(512M) 10.495ms
[2020-08-01T12:34:31.026+0300][122.236s][info ][gc] GC(4670) Pause Young (Normal) (G1 Evacuation Pause) 331M->333M(512M) 11.832ms
[2020-08-01T12:34:31.046+0300][122.256s][info ][gc] GC(4671) Pause Young (Normal) (G1 Evacuation Pause) 354M->355M(512M) 10.429ms
[2020-08-01T12:34:31.067+0300][122.276s][info ][gc] GC(4672) Pause Young (Normal) (G1 Evacuation Pause) 377M->378M(512M) 10.884ms
[2020-08-01T12:34:31.086+0300][122.296s][info ][gc] GC(4673) Pause Young (Normal) (G1 Evacuation Pause) 400M->402M(512M) 10.553ms
[2020-08-01T12:34:31.105+0300][122.314s][debug][gc] GC(4668) Reclaimed 132 empty regions
[2020-08-01T12:34:31.105+0300][122.314s][info ][gc] GC(4668) Pause Remark 423M->294M(512M) 0.422ms
[2020-08-01T12:34:31.128+0300][122.337s][info ][gc] GC(4674) Pause Young (Normal) (G1 Evacuation Pause) 314M->315M(512M) 10.652ms
[2020-08-01T12:34:31.153+0300][122.363s][info ][gc] GC(4675) Pause Young (Normal) (G1 Evacuation Pause) 336M->337M(512M) 10.953ms
[2020-08-01T12:34:31.179+0300][122.388s][info ][gc] GC(4676) Pause Young (Normal) (G1 Evacuation Pause) 358M->359M(512M) 10.587ms
[2020-08-01T12:34:31.205+0300][122.414s][info ][gc] GC(4677) Pause Young (Normal) (G1 Evacuation Pause) 380M->382M(512M) 10.968ms
[2020-08-01T12:34:31.230+0300][122.439s][info ][gc] GC(4678) Pause Young (Normal) (G1 Evacuation Pause) 403M->404M(512M) 10.313ms
[2020-08-01T12:34:31.254+0300][122.463s][info ][gc] GC(4679) Pause Young (Normal) (G1 Evacuation Pause) 425M->427M(512M) 11.005ms
[2020-08-01T12:34:31.304+0300][122.513s][info ][gc] GC(4680) Pause Young (Normal) (G1 Evacuation Pause) 468M->469M(512M) 10.302ms
[2020-08-01T12:34:31.309+0300][122.518s][info ][gc] GC(4668) Pause Cleanup 470M->470M(512M) 0.130ms
[2020-08-01T12:34:31.309+0300][122.518s][info ][gc] GC(4668) Concurrent Cycle 349.217ms
[2020-08-01T12:34:31.332+0300][122.542s][info ][gc] GC(4681) To-space exhausted
[2020-08-01T12:34:31.332+0300][122.542s][info ][gc] GC(4681) Pause Young (Normal) (G1 Evacuation Pause) 490M->498M(512M) 14.727ms
[2020-08-01T12:34:31.366+0300][122.575s][info ][gc] GC(4682) To-space exhausted
[2020-08-01T12:34:31.366+0300][122.575s][info ][gc] GC(4682) Pause Young (Concurrent Start) (G1 Evacuation Pause) 511M->511M(512M) 28.242ms
[2020-08-01T12:34:31.366+0300][122.575s][info ][gc] GC(4684) Concurrent Cycle
[2020-08-01T12:34:31.366+0300][122.576s][debug][gc] GC(4683) Clear Next Bitmap 0.328ms
[2020-08-01T12:34:31.406+0300][122.616s][info ][gc] GC(4683) Pause Full (G1 Evacuation Pause) 511M->67M(512M) 40.500ms
[2020-08-01T12:34:31.407+0300][122.616s][info ][gc] GC(4684) Concurrent Cycle 40.810ms
[2020-08-01T12:34:31.431+0300][122.640s][info ][gc] GC(4685) Pause Young (Normal) (G1 Evacuation Pause) 95M->95M(512M) 13.019ms
[2020-08-01T12:34:31.452+0300][122.661s][info ][gc] GC(4686) Pause Young (Normal) (G1 Evacuation Pause) 119M->120M(512M) 11.900ms
[2020-08-01T12:34:31.487+0300][122.697s][info ][gc] GC(4687) Pause Young (Normal) (G1 Evacuation Pause) 161M->162M(512M) 10.132ms
[2020-08-01T12:34:31.506+0300][122.716s][info ][gc] GC(4688) Pause Young (Normal) (G1 Evacuation Pause) 183M->185M(512M) 10.701ms
[2020-08-01T12:34:31.525+0300][122.735s][info ][gc] GC(4689) Pause Young (Normal) (G1 Evacuation Pause) 206M->207M(512M) 10.337ms
[2020-08-01T12:34:31.544+0300][122.753s][info ][gc] GC(4690) Pause Young (Normal) (G1 Evacuation Pause) 228M->229M(512M) 10.522ms
[2020-08-01T12:34:31.563+0300][122.772s][info ][gc] GC(4691) Pause Young (Normal) (G1 Evacuation Pause) 250M->252M(512M) 10.103ms
[2020-08-01T12:34:31.581+0300][122.791s][info ][gc] GC(4692) Pause Young (Concurrent Start) (G1 Evacuation Pause) 273M->274M(512M) 10.468ms
[2020-08-01T12:34:31.582+0300][122.791s][info ][gc] GC(4693) Concurrent Cycle
[2020-08-01T12:34:31.618+0300][122.827s][info ][gc] GC(4694) Pause Young (Normal) (G1 Evacuation Pause) 315M->317M(512M) 10.828ms
[2020-08-01T12:34:31.637+0300][122.846s][info ][gc] GC(4695) Pause Young (Normal) (G1 Evacuation Pause) 338M->340M(512M) 10.346ms
[2020-08-01T12:34:31.659+0300][122.869s][info ][gc] GC(4696) Pause Young (Normal) (G1 Evacuation Pause) 361M->362M(512M) 13.059ms
[2020-08-01T12:34:31.678+0300][122.888s][info ][gc] GC(4697) Pause Young (Normal) (G1 Evacuation Pause) 383M->385M(512M) 10.444ms
[2020-08-01T12:34:31.697+0300][122.907s][info ][gc] GC(4698) Pause Young (Normal) (G1 Evacuation Pause) 406M->408M(512M) 10.016ms
[2020-08-01T12:34:31.736+0300][122.946s][info ][gc] GC(4699) Pause Young (Normal) (G1 Evacuation Pause) 449M->451M(512M) 10.395ms
[2020-08-01T12:34:31.745+0300][122.954s][debug][gc] GC(4693) Reclaimed 130 empty regions
[2020-08-01T12:34:31.745+0300][122.954s][info ][gc] GC(4693) Pause Remark 471M->344M(512M) 0.460ms
[2020-08-01T12:34:31.756+0300][122.965s][info ][gc] GC(4700) Pause Young (Normal) (G1 Evacuation Pause) 344M->346M(512M) 10.594ms
[2020-08-01T12:34:31.782+0300][122.992s][info ][gc] GC(4701) Pause Young (Normal) (G1 Evacuation Pause) 367M->368M(512M) 10.402ms
[2020-08-01T12:34:31.806+0300][123.015s][info ][gc] GC(4702) Pause Young (Normal) (G1 Evacuation Pause) 389M->391M(512M) 11.281ms
[2020-08-01T12:34:31.830+0300][123.039s][info ][gc] GC(4703) Pause Young (Normal) (G1 Evacuation Pause) 412M->413M(512M) 10.644ms
[2020-08-01T12:34:31.855+0300][123.065s][info ][gc] GC(4704) Pause Young (Normal) (G1 Evacuation Pause) 434M->436M(512M) 10.655ms
[2020-08-01T12:34:31.898+0300][123.107s][info ][gc] GC(4705) Pause Young (Normal) (G1 Evacuation Pause) 477M->478M(512M) 10.391ms
[2020-08-01T12:34:31.933+0300][123.143s][info ][gc] GC(4706) To-space exhausted
[2020-08-01T12:34:31.933+0300][123.143s][info ][gc] GC(4706) Pause Young (Normal) (G1 Evacuation Pause) 499M->505M(512M) 24.251ms
[2020-08-01T12:34:31.958+0300][123.167s][info ][gc] GC(4707) To-space exhausted
[2020-08-01T12:34:31.958+0300][123.167s][info ][gc] GC(4707) Pause Young (Normal) (G1 Evacuation Pause) 511M->511M(512M) 15.037ms
[2020-08-01T12:34:31.959+0300][123.168s][debug][gc] GC(4708) Clear Next Bitmap 0.384ms
[2020-08-01T12:34:31.995+0300][123.205s][info ][gc] GC(4708) Pause Full (G1 Evacuation Pause) 511M->65M(512M) 37.307ms
[2020-08-01T12:34:31.996+0300][123.205s][info ][gc] GC(4693) Concurrent Cycle 414.201ms
[2020-08-01T12:34:32.017+0300][123.227s][info ][gc] GC(4709) Pause Young (Normal) (G1 Evacuation Pause) 92M->92M(512M) 10.766ms
[2020-08-01T12:34:32.041+0300][123.250s][info ][gc] GC(4710) Pause Young (Normal) (G1 Evacuation Pause) 118M->120M(512M) 13.049ms
[2020-08-01T12:34:32.080+0300][123.289s][info ][gc] GC(4711) Pause Young (Normal) (G1 Evacuation Pause) 162M->163M(512M) 12.000ms
[2020-08-01T12:34:32.099+0300][123.308s][info ][gc] GC(4712) Pause Young (Normal) (G1 Evacuation Pause) 184M->186M(512M) 10.285ms
[2020-08-01T12:34:32.117+0300][123.327s][info ][gc] GC(4713) Pause Young (Normal) (G1 Evacuation Pause) 207M->209M(512M) 10.296ms
[2020-08-01T12:34:32.136+0300][123.345s][info ][gc] GC(4714) Pause Young (Normal) (G1 Evacuation Pause) 230M->231M(512M) 10.403ms
[2020-08-01T12:34:32.155+0300][123.364s][info ][gc] GC(4715) Pause Young (Normal) (G1 Evacuation Pause) 252M->253M(512M) 10.432ms
[2020-08-01T12:34:32.174+0300][123.383s][info ][gc] GC(4716) Pause Young (Concurrent Start) (G1 Evacuation Pause) 274M->275M(512M) 10.580ms
[2020-08-01T12:34:32.174+0300][123.383s][info ][gc] GC(4717) Concurrent Cycle
[2020-08-01T12:34:32.207+0300][123.416s][info ][gc] GC(4718) Pause Young (Normal) (G1 Evacuation Pause) 316M->318M(512M) 10.354ms
[2020-08-01T12:34:32.227+0300][123.436s][info ][gc] GC(4719) Pause Young (Normal) (G1 Evacuation Pause) 339M->340M(512M) 11.212ms
[2020-08-01T12:34:32.246+0300][123.455s][info ][gc] GC(4720) Pause Young (Normal) (G1 Evacuation Pause) 361M->363M(512M) 10.218ms
[2020-08-01T12:34:32.267+0300][123.477s][info ][gc] GC(4721) Pause Young (Normal) (G1 Evacuation Pause) 384M->385M(512M) 12.640ms
[2020-08-01T12:34:32.286+0300][123.496s][info ][gc] GC(4722) Pause Young (Normal) (G1 Evacuation Pause) 406M->407M(512M) 10.388ms
[2020-08-01T12:34:32.328+0300][123.538s][info ][gc] GC(4723) Pause Young (Normal) (G1 Evacuation Pause) 448M->450M(512M) 10.558ms
[2020-08-01T12:34:32.336+0300][123.546s][debug][gc] GC(4717) Reclaimed 128 empty regions
[2020-08-01T12:34:32.336+0300][123.546s][info ][gc] GC(4717) Pause Remark 468M->343M(512M) 0.546ms
[2020-08-01T12:34:32.348+0300][123.557s][info ][gc] GC(4724) Pause Young (Normal) (G1 Evacuation Pause) 345M->346M(512M) 10.529ms
[2020-08-01T12:34:32.374+0300][123.584s][info ][gc] GC(4725) Pause Young (Normal) (G1 Evacuation Pause) 367M->369M(512M) 10.534ms
[2020-08-01T12:34:32.400+0300][123.609s][info ][gc] GC(4726) Pause Young (Normal) (G1 Evacuation Pause) 390M->392M(512M) 10.858ms
[2020-08-01T12:34:32.425+0300][123.635s][info ][gc] GC(4727) Pause Young (Normal) (G1 Evacuation Pause) 413M->414M(512M) 10.590ms
[2020-08-01T12:34:32.451+0300][123.660s][info ][gc] GC(4728) Pause Young (Normal) (G1 Evacuation Pause) 435M->436M(512M) 10.590ms
[2020-08-01T12:34:32.491+0300][123.700s][info ][gc] GC(4729) Pause Young (Normal) (G1 Evacuation Pause) 477M->478M(512M) 11.125ms
[2020-08-01T12:34:32.530+0300][123.740s][info ][gc] GC(4730) To-space exhausted
[2020-08-01T12:34:32.530+0300][123.740s][info ][gc] GC(4730) Pause Young (Normal) (G1 Evacuation Pause) 499M->507M(512M) 24.193ms
[2020-08-01T12:34:32.551+0300][123.761s][info ][gc] GC(4731) To-space exhausted
[2020-08-01T12:34:32.552+0300][123.761s][info ][gc] GC(4731) Pause Young (Normal) (G1 Evacuation Pause) 511M->511M(512M) 12.687ms
[2020-08-01T12:34:32.552+0300][123.761s][debug][gc] GC(4732) Clear Next Bitmap 0.347ms
[2020-08-01T12:34:32.588+0300][123.797s][info ][gc] GC(4732) Pause Full (G1 Evacuation Pause) 511M->62M(512M) 35.937ms
[2020-08-01T12:34:32.588+0300][123.797s][info ][gc] GC(4717) Concurrent Cycle 413.834ms
[2020-08-01T12:34:32.611+0300][123.820s][info ][gc] GC(4733) Pause Young (Normal) (G1 Evacuation Pause) 89M->89M(512M) 12.395ms
[2020-08-01T12:34:32.633+0300][123.842s][info ][gc] GC(4734) Pause Young (Normal) (G1 Evacuation Pause) 114M->116M(512M) 11.973ms
[2020-08-01T12:34:32.652+0300][123.861s][info ][gc] GC(4735) Pause Young (Normal) (G1 Evacuation Pause) 137M->138M(512M) 10.534ms
[2020-08-01T12:34:32.692+0300][123.902s][info ][gc] GC(4736) Pause Young (Normal) (G1 Evacuation Pause) 179M->180M(512M) 10.480ms
[2020-08-01T12:34:32.711+0300][123.920s][info ][gc] GC(4737) Pause Young (Normal) (G1 Evacuation Pause) 201M->203M(512M) 10.425ms
[2020-08-01T12:34:32.732+0300][123.941s][info ][gc] GC(4738) Pause Young (Normal) (G1 Evacuation Pause) 224M->225M(512M) 12.182ms
[2020-08-01T12:34:32.750+0300][123.960s][info ][gc] GC(4739) Pause Young (Normal) (G1 Evacuation Pause) 246M->247M(512M) 10.360ms
[2020-08-01T12:34:32.769+0300][123.979s][info ][gc] GC(4740) Pause Young (Concurrent Start) (G1 Evacuation Pause) 268M->269M(512M) 10.589ms
[2020-08-01T12:34:32.769+0300][123.979s][info ][gc] GC(4741) Concurrent Cycle
[2020-08-01T12:34:32.814+0300][124.023s][info ][gc] GC(4742) Pause Young (Normal) (G1 Evacuation Pause) 310M->312M(512M) 9.826ms
[2020-08-01T12:34:32.833+0300][124.042s][info ][gc] GC(4743) Pause Young (Normal) (G1 Evacuation Pause) 333M->334M(512M) 10.599ms
[2020-08-01T12:34:32.852+0300][124.062s][info ][gc] GC(4744) Pause Young (Normal) (G1 Evacuation Pause) 355M->356M(512M) 10.564ms
[2020-08-01T12:34:32.873+0300][124.082s][info ][gc] GC(4745) Pause Young (Normal) (G1 Evacuation Pause) 377M->379M(512M) 11.982ms
[2020-08-01T12:34:32.892+0300][124.101s][info ][gc] GC(4746) Pause Young (Normal) (G1 Evacuation Pause) 400M->401M(512M) 10.259ms
[2020-08-01T12:34:32.915+0300][124.124s][debug][gc] GC(4741) Reclaimed 135 empty regions
[2020-08-01T12:34:32.915+0300][124.124s][info ][gc] GC(4741) Pause Remark 421M->290M(512M) 0.417ms
[2020-08-01T12:34:32.936+0300][124.145s][info ][gc] GC(4747) Pause Young (Normal) (G1 Evacuation Pause) 310M->311M(512M) 11.598ms
[2020-08-01T12:34:32.964+0300][124.174s][info ][gc] GC(4748) Pause Young (Normal) (G1 Evacuation Pause) 332M->334M(512M) 10.537ms
[2020-08-01T12:34:32.987+0300][124.196s][info ][gc] GC(4749) Pause Young (Normal) (G1 Evacuation Pause) 355M->356M(512M) 10.849ms
[2020-08-01T12:34:33.015+0300][124.224s][info ][gc] GC(4750) Pause Young (Normal) (G1 Evacuation Pause) 377M->378M(512M) 11.716ms
[2020-08-01T12:34:33.041+0300][124.250s][info ][gc] GC(4751) Pause Young (Normal) (G1 Evacuation Pause) 399M->400M(512M) 10.658ms
[2020-08-01T12:34:33.065+0300][124.274s][info ][gc] GC(4752) Pause Young (Normal) (G1 Evacuation Pause) 421M->422M(512M) 10.528ms
[2020-08-01T12:34:33.110+0300][124.319s][info ][gc] GC(4753) Pause Young (Normal) (G1 Evacuation Pause) 463M->465M(512M) 10.185ms
[2020-08-01T12:34:33.119+0300][124.329s][info ][gc] GC(4741) Pause Cleanup 475M->475M(512M) 0.120ms
[2020-08-01T12:34:33.120+0300][124.329s][info ][gc] GC(4741) Concurrent Cycle 350.689ms
[2020-08-01T12:34:33.135+0300][124.344s][info ][gc] GC(4754) To-space exhausted
[2020-08-01T12:34:33.135+0300][124.344s][info ][gc] GC(4754) Pause Young (Normal) (G1 Evacuation Pause) 486M->489M(512M) 10.877ms
[2020-08-01T12:34:33.180+0300][124.389s][info ][gc] GC(4755) To-space exhausted
[2020-08-01T12:34:33.180+0300][124.389s][info ][gc] GC(4755) Pause Young (Concurrent Start) (G1 Evacuation Pause) 510M->511M(512M) 36.606ms
[2020-08-01T12:34:33.180+0300][124.389s][info ][gc] GC(4757) Concurrent Cycle
[2020-08-01T12:34:33.181+0300][124.390s][debug][gc] GC(4756) Clear Next Bitmap 0.342ms
[2020-08-01T12:34:33.226+0300][124.435s][info ][gc] GC(4756) Pause Full (G1 Evacuation Pause) 511M->75M(512M) 45.611ms
[2020-08-01T12:34:33.226+0300][124.435s][info ][gc] GC(4757) Concurrent Cycle 45.920ms
[2020-08-01T12:34:33.250+0300][124.459s][info ][gc] GC(4758) Pause Young (Normal) (G1 Evacuation Pause) 103M->103M(512M) 12.705ms
[2020-08-01T12:34:33.271+0300][124.480s][info ][gc] GC(4759) Pause Young (Normal) (G1 Evacuation Pause) 127M->128M(512M) 11.471ms
[2020-08-01T12:34:33.345+0300][124.554s][info ][gc] GC(4760) Pause Young (Normal) (G1 Evacuation Pause) 169M->171M(512M) 21.849ms
[2020-08-01T12:34:33.369+0300][124.578s][info ][gc] GC(4761) Pause Young (Normal) (G1 Evacuation Pause) 192M->193M(512M) 12.649ms
[2020-08-01T12:34:33.390+0300][124.599s][info ][gc] GC(4762) Pause Young (Normal) (G1 Evacuation Pause) 214M->216M(512M) 12.169ms
[2020-08-01T12:34:33.408+0300][124.618s][info ][gc] GC(4763) Pause Young (Normal) (G1 Evacuation Pause) 237M->238M(512M) 10.261ms
[2020-08-01T12:34:33.427+0300][124.636s][info ][gc] GC(4764) Pause Young (Concurrent Start) (G1 Evacuation Pause) 259M->261M(512M) 10.349ms
[2020-08-01T12:34:33.427+0300][124.636s][info ][gc] GC(4765) Concurrent Cycle
[2020-08-01T12:34:33.463+0300][124.673s][info ][gc] GC(4766) Pause Young (Normal) (G1 Evacuation Pause) 302M->303M(512M) 9.778ms
[2020-08-01T12:34:33.482+0300][124.692s][info ][gc] GC(4767) Pause Young (Normal) (G1 Evacuation Pause) 324M->325M(512M) 10.420ms
[2020-08-01T12:34:33.502+0300][124.711s][info ][gc] GC(4768) Pause Young (Normal) (G1 Evacuation Pause) 346M->348M(512M) 10.595ms
[2020-08-01T12:34:33.521+0300][124.730s][info ][gc] GC(4769) Pause Young (Normal) (G1 Evacuation Pause) 369M->370M(512M) 10.229ms
[2020-08-01T12:34:33.540+0300][124.749s][info ][gc] GC(4770) Pause Young (Normal) (G1 Evacuation Pause) 391M->393M(512M) 10.373ms
[2020-08-01T12:34:33.559+0300][124.768s][info ][gc] GC(4771) Pause Young (Normal) (G1 Evacuation Pause) 414M->415M(512M) 9.990ms
[2020-08-01T12:34:33.574+0300][124.784s][debug][gc] GC(4765) Reclaimed 127 empty regions
[2020-08-01T12:34:33.574+0300][124.784s][info ][gc] GC(4765) Pause Remark 423M->299M(512M) 0.418ms
[2020-08-01T12:34:33.596+0300][124.805s][info ][gc] GC(4772) Pause Young (Normal) (G1 Evacuation Pause) 332M->333M(512M) 10.850ms
[2020-08-01T12:34:33.624+0300][124.834s][info ][gc] GC(4773) Pause Young (Normal) (G1 Evacuation Pause) 354M->355M(512M) 10.446ms
[2020-08-01T12:34:33.650+0300][124.859s][info ][gc] GC(4774) Pause Young (Normal) (G1 Evacuation Pause) 376M->378M(512M) 10.451ms
[2020-08-01T12:34:33.676+0300][124.885s][info ][gc] GC(4775) Pause Young (Normal) (G1 Evacuation Pause) 399M->400M(512M) 10.728ms
[2020-08-01T12:34:33.701+0300][124.910s][info ][gc] GC(4776) Pause Young (Normal) (G1 Evacuation Pause) 421M->423M(512M) 10.541ms
[2020-08-01T12:34:33.749+0300][124.958s][info ][gc] GC(4777) Pause Young (Normal) (G1 Evacuation Pause) 464M->465M(512M) 10.603ms
[2020-08-01T12:34:33.773+0300][124.983s][info ][gc] GC(4778) To-space exhausted
[2020-08-01T12:34:33.774+0300][124.983s][info ][gc] GC(4778) Pause Young (Normal) (G1 Evacuation Pause) 486M->492M(512M) 11.404ms
[2020-08-01T12:34:33.783+0300][124.993s][info ][gc] GC(4765) Pause Cleanup 495M->495M(512M) 0.122ms
[2020-08-01T12:34:33.784+0300][124.993s][info ][gc] GC(4765) Concurrent Cycle 356.756ms
[2020-08-01T12:34:33.824+0300][125.033s][info ][gc] GC(4779) To-space exhausted
[2020-08-01T12:34:33.824+0300][125.033s][info ][gc] GC(4779) Pause Young (Normal) (G1 Evacuation Pause) 511M->511M(512M) 33.728ms
[2020-08-01T12:34:33.863+0300][125.072s][info ][gc] GC(4780) Pause Full (G1 Evacuation Pause) 511M->64M(512M) 38.591ms
[2020-08-01T12:34:33.884+0300][125.094s][info ][gc] GC(4781) Pause Young (Normal) (G1 Evacuation Pause) 89M->90M(512M) 11.577ms
[2020-08-01T12:34:33.903+0300][125.112s][info ][gc] GC(4782) Pause Young (Normal) (G1 Evacuation Pause) 111M->112M(512M) 10.393ms
[2020-08-01T12:34:33.922+0300][125.131s][info ][gc] GC(4783) Pause Young (Normal) (G1 Evacuation Pause) 133M->134M(512M) 10.592ms
[2020-08-01T12:34:33.955+0300][125.164s][info ][gc] GC(4784) Pause Young (Normal) (G1 Evacuation Pause) 175M->177M(512M) 11.004ms
[2020-08-01T12:34:33.973+0300][125.183s][info ][gc] GC(4785) Pause Young (Normal) (G1 Evacuation Pause) 198M->200M(512M) 10.371ms
[2020-08-01T12:34:33.992+0300][125.201s][info ][gc] GC(4786) Pause Young (Normal) (G1 Evacuation Pause) 221M->222M(512M) 10.341ms
[2020-08-01T12:34:34.011+0300][125.220s][info ][gc] GC(4787) Pause Young (Normal) (G1 Evacuation Pause) 243M->245M(512M) 10.436ms
[2020-08-01T12:34:34.030+0300][125.240s][info ][gc] GC(4788) Pause Young (Concurrent Start) (G1 Evacuation Pause) 266M->268M(512M) 10.749ms
[2020-08-01T12:34:34.030+0300][125.240s][info ][gc] GC(4789) Concurrent Cycle
[2020-08-01T12:34:34.077+0300][125.286s][info ][gc] GC(4790) Pause Young (Normal) (G1 Evacuation Pause) 309M->311M(512M) 10.992ms
[2020-08-01T12:34:34.096+0300][125.306s][info ][gc] GC(4791) Pause Young (Normal) (G1 Evacuation Pause) 332M->333M(512M) 10.672ms
[2020-08-01T12:34:34.116+0300][125.325s][info ][gc] GC(4792) Pause Young (Normal) (G1 Evacuation Pause) 354M->355M(512M) 10.469ms
[2020-08-01T12:34:34.135+0300][125.345s][info ][gc] GC(4793) Pause Young (Normal) (G1 Evacuation Pause) 376M->377M(512M) 10.348ms
[2020-08-01T12:34:34.154+0300][125.364s][info ][gc] GC(4794) Pause Young (Normal) (G1 Evacuation Pause) 398M->399M(512M) 10.271ms
[2020-08-01T12:34:34.174+0300][125.383s][info ][gc] GC(4795) Pause Young (Normal) (G1 Evacuation Pause) 420M->422M(512M) 10.373ms
[2020-08-01T12:34:34.183+0300][125.392s][debug][gc] GC(4789) Reclaimed 130 empty regions
[2020-08-01T12:34:34.183+0300][125.392s][info ][gc] GC(4789) Pause Remark 425M->298M(512M) 0.415ms
[2020-08-01T12:34:34.219+0300][125.429s][info ][gc] GC(4796) Pause Young (Normal) (G1 Evacuation Pause) 336M->337M(512M) 10.894ms
[2020-08-01T12:34:34.244+0300][125.454s][info ][gc] GC(4797) Pause Young (Normal) (G1 Evacuation Pause) 358M->360M(512M) 10.536ms
[2020-08-01T12:34:34.265+0300][125.475s][info ][gc] GC(4798) Pause Young (Normal) (G1 Evacuation Pause) 381M->382M(512M) 11.582ms
[2020-08-01T12:34:34.296+0300][125.505s][info ][gc] GC(4799) Pause Young (Normal) (G1 Evacuation Pause) 403M->404M(512M) 10.976ms
[2020-08-01T12:34:34.322+0300][125.531s][info ][gc] GC(4800) Pause Young (Normal) (G1 Evacuation Pause) 425M->426M(512M) 10.514ms
[2020-08-01T12:34:34.371+0300][125.580s][info ][gc] GC(4801) Pause Young (Normal) (G1 Evacuation Pause) 467M->468M(512M) 11.826ms
[2020-08-01T12:34:34.381+0300][125.591s][info ][gc] GC(4789) Pause Cleanup 478M->478M(512M) 0.141ms
[2020-08-01T12:34:34.382+0300][125.591s][info ][gc] GC(4789) Concurrent Cycle 351.663ms
[2020-08-01T12:34:34.401+0300][125.610s][info ][gc] GC(4802) To-space exhausted
[2020-08-01T12:34:34.401+0300][125.610s][info ][gc] GC(4802) Pause Young (Normal) (G1 Evacuation Pause) 489M->495M(512M) 14.655ms
[2020-08-01T12:34:34.437+0300][125.646s][info ][gc] GC(4803) To-space exhausted
[2020-08-01T12:34:34.437+0300][125.646s][info ][gc] GC(4803) Pause Young (Concurrent Start) (G1 Evacuation Pause) 511M->511M(512M) 30.081ms
[2020-08-01T12:34:34.437+0300][125.647s][info ][gc] GC(4805) Concurrent Cycle
[2020-08-01T12:34:34.437+0300][125.647s][debug][gc] GC(4804) Clear Next Bitmap 0.249ms
[2020-08-01T12:34:34.477+0300][125.687s][info ][gc] GC(4804) Pause Full (G1 Evacuation Pause) 511M->66M(512M) 40.108ms
[2020-08-01T12:34:34.478+0300][125.687s][info ][gc] GC(4805) Concurrent Cycle 40.412ms
[2020-08-01T12:34:34.498+0300][125.708s][info ][gc] GC(4806) Pause Young (Normal) (G1 Evacuation Pause) 93M->93M(512M) 10.187ms
[2020-08-01T12:34:34.520+0300][125.730s][info ][gc] GC(4807) Pause Young (Normal) (G1 Evacuation Pause) 118M->120M(512M) 11.732ms
[2020-08-01T12:34:34.584+0300][125.794s][info ][gc] GC(4808) Pause Young (Normal) (G1 Evacuation Pause) 161M->162M(512M) 28.249ms
[2020-08-01T12:34:34.608+0300][125.817s][info ][gc] GC(4809) Pause Young (Normal) (G1 Evacuation Pause) 183M->184M(512M) 11.660ms
[2020-08-01T12:34:34.627+0300][125.836s][info ][gc] GC(4810) Pause Young (Normal) (G1 Evacuation Pause) 205M->207M(512M) 10.549ms
[2020-08-01T12:34:34.645+0300][125.855s][info ][gc] GC(4811) Pause Young (Normal) (G1 Evacuation Pause) 228M->230M(512M) 10.217ms
[2020-08-01T12:34:34.665+0300][125.874s][info ][gc] GC(4812) Pause Young (Normal) (G1 Evacuation Pause) 251M->252M(512M) 9.839ms
[2020-08-01T12:34:34.683+0300][125.892s][info ][gc] GC(4813) Pause Young (Concurrent Start) (G1 Evacuation Pause) 273M->275M(512M) 10.059ms
[2020-08-01T12:34:34.683+0300][125.893s][info ][gc] GC(4814) Concurrent Cycle
[2020-08-01T12:34:34.716+0300][125.926s][info ][gc] GC(4815) Pause Young (Normal) (G1 Evacuation Pause) 316M->317M(512M) 10.786ms
[2020-08-01T12:34:34.735+0300][125.945s][info ][gc] GC(4816) Pause Young (Normal) (G1 Evacuation Pause) 338M->339M(512M) 10.281ms
[2020-08-01T12:34:34.755+0300][125.964s][info ][gc] GC(4817) Pause Young (Normal) (G1 Evacuation Pause) 360M->361M(512M) 10.287ms
[2020-08-01T12:34:34.774+0300][125.984s][info ][gc] GC(4818) Pause Young (Normal) (G1 Evacuation Pause) 382M->384M(512M) 10.507ms
[2020-08-01T12:34:34.794+0300][126.004s][info ][gc] GC(4819) Pause Young (Normal) (G1 Evacuation Pause) 406M->407M(512M) 10.899ms
[2020-08-01T12:34:34.837+0300][126.046s][info ][gc] GC(4820) Pause Young (Normal) (G1 Evacuation Pause) 448M->449M(512M) 10.500ms
[2020-08-01T12:34:34.843+0300][126.052s][debug][gc] GC(4814) Reclaimed 132 empty regions
[2020-08-01T12:34:34.843+0300][126.052s][info ][gc] GC(4814) Pause Remark 462M->333M(512M) 0.440ms
[2020-08-01T12:34:34.857+0300][126.067s][info ][gc] GC(4821) Pause Young (Normal) (G1 Evacuation Pause) 341M->342M(512M) 11.181ms
[2020-08-01T12:34:34.885+0300][126.094s][info ][gc] GC(4822) Pause Young (Normal) (G1 Evacuation Pause) 363M->364M(512M) 11.749ms
[2020-08-01T12:34:34.910+0300][126.119s][info ][gc] GC(4823) Pause Young (Normal) (G1 Evacuation Pause) 385M->387M(512M) 10.419ms
[2020-08-01T12:34:34.937+0300][126.146s][info ][gc] GC(4824) Pause Young (Normal) (G1 Evacuation Pause) 408M->410M(512M) 11.466ms
[2020-08-01T12:34:34.963+0300][126.173s][info ][gc] GC(4825) Pause Young (Normal) (G1 Evacuation Pause) 431M->432M(512M) 10.956ms
[2020-08-01T12:34:35.013+0300][126.222s][info ][gc] GC(4826) Pause Young (Normal) (G1 Evacuation Pause) 473M->475M(512M) 10.561ms
[2020-08-01T12:34:35.048+0300][126.257s][info ][gc] GC(4827) To-space exhausted
[2020-08-01T12:34:35.048+0300][126.257s][info ][gc] GC(4827) Pause Young (Normal) (G1 Evacuation Pause) 496M->504M(512M) 20.106ms
[2020-08-01T12:34:35.073+0300][126.282s][info ][gc] GC(4828) To-space exhausted
[2020-08-01T12:34:35.073+0300][126.283s][info ][gc] GC(4828) Pause Young (Normal) (G1 Evacuation Pause) 511M->511M(512M) 16.352ms
[2020-08-01T12:34:35.074+0300][126.283s][debug][gc] GC(4829) Clear Next Bitmap 0.374ms
[2020-08-01T12:34:35.112+0300][126.321s][info ][gc] GC(4829) Pause Full (G1 Evacuation Pause) 511M->65M(512M) 38.811ms
[2020-08-01T12:34:35.112+0300][126.322s][info ][gc] GC(4814) Concurrent Cycle 429.132ms
[2020-08-01T12:34:35.133+0300][126.342s][info ][gc] GC(4830) Pause Young (Normal) (G1 Evacuation Pause) 90M->91M(512M) 10.887ms
[2020-08-01T12:34:35.152+0300][126.362s][info ][gc] GC(4831) Pause Young (Normal) (G1 Evacuation Pause) 113M->114M(512M) 10.470ms
[2020-08-01T12:34:35.172+0300][126.382s][info ][gc] GC(4832) Pause Young (Normal) (G1 Evacuation Pause) 135M->137M(512M) 11.608ms
[2020-08-01T12:34:35.228+0300][126.438s][info ][gc] GC(4833) Pause Young (Normal) (G1 Evacuation Pause) 178M->179M(512M) 16.756ms
[2020-08-01T12:34:35.253+0300][126.463s][info ][gc] GC(4834) Pause Young (Normal) (G1 Evacuation Pause) 200M->201M(512M) 13.162ms
[2020-08-01T12:34:35.272+0300][126.482s][info ][gc] GC(4835) Pause Young (Normal) (G1 Evacuation Pause) 222M->223M(512M) 10.642ms
[2020-08-01T12:34:35.291+0300][126.501s][info ][gc] GC(4836) Pause Young (Normal) (G1 Evacuation Pause) 244M->246M(512M) 10.743ms
[2020-08-01T12:34:35.312+0300][126.521s][info ][gc] GC(4837) Pause Young (Concurrent Start) (G1 Evacuation Pause) 267M->268M(512M) 12.313ms
[2020-08-01T12:34:35.312+0300][126.521s][info ][gc] GC(4838) Concurrent Cycle
[2020-08-01T12:34:35.353+0300][126.562s][info ][gc] GC(4839) Pause Young (Normal) (G1 Evacuation Pause) 310M->312M(512M) 11.188ms
[2020-08-01T12:34:35.373+0300][126.582s][info ][gc] GC(4840) Pause Young (Normal) (G1 Evacuation Pause) 333M->334M(512M) 11.060ms
[2020-08-01T12:34:35.392+0300][126.602s][info ][gc] GC(4841) Pause Young (Normal) (G1 Evacuation Pause) 355M->356M(512M) 10.332ms
[2020-08-01T12:34:35.411+0300][126.621s][info ][gc] GC(4842) Pause Young (Normal) (G1 Evacuation Pause) 377M->379M(512M) 10.485ms
[2020-08-01T12:34:35.430+0300][126.640s][info ][gc] GC(4843) Pause Young (Normal) (G1 Evacuation Pause) 400M->402M(512M) 10.222ms
[2020-08-01T12:34:35.449+0300][126.659s][info ][gc] GC(4844) Pause Young (Normal) (G1 Evacuation Pause) 423M->424M(512M) 10.474ms
[2020-08-01T12:34:35.466+0300][126.676s][debug][gc] GC(4838) Reclaimed 133 empty regions
[2020-08-01T12:34:35.466+0300][126.676s][info ][gc] GC(4838) Pause Remark 425M->294M(512M) 0.417ms
[2020-08-01T12:34:35.497+0300][126.706s][info ][gc] GC(4845) Pause Young (Normal) (G1 Evacuation Pause) 334M->336M(512M) 10.722ms
[2020-08-01T12:34:35.523+0300][126.733s][info ][gc] GC(4846) Pause Young (Normal) (G1 Evacuation Pause) 357M->358M(512M) 11.024ms
[2020-08-01T12:34:35.548+0300][126.758s][info ][gc] GC(4847) Pause Young (Normal) (G1 Evacuation Pause) 379M->381M(512M) 10.473ms
[2020-08-01T12:34:35.575+0300][126.785s][info ][gc] GC(4848) Pause Young (Normal) (G1 Evacuation Pause) 402M->403M(512M) 10.736ms
[2020-08-01T12:34:35.602+0300][126.811s][info ][gc] GC(4849) Pause Young (Normal) (G1 Evacuation Pause) 424M->426M(512M) 10.800ms
[2020-08-01T12:34:35.649+0300][126.859s][info ][gc] GC(4850) Pause Young (Normal) (G1 Evacuation Pause) 467M->469M(512M) 10.877ms
[2020-08-01T12:34:35.665+0300][126.875s][info ][gc] GC(4838) Pause Cleanup 490M->490M(512M) 0.121ms
[2020-08-01T12:34:35.679+0300][126.888s][info ][gc] GC(4851) To-space exhausted
[2020-08-01T12:34:35.679+0300][126.888s][info ][gc] GC(4851) Pause Young (Normal) (G1 Evacuation Pause) 490M->496M(512M) 13.642ms
[2020-08-01T12:34:35.680+0300][126.889s][info ][gc] GC(4838) Concurrent Cycle 367.811ms
[2020-08-01T12:34:35.713+0300][126.922s][info ][gc] GC(4852) To-space exhausted
[2020-08-01T12:34:35.713+0300][126.922s][info ][gc] GC(4852) Pause Young (Normal) (G1 Evacuation Pause) 511M->511M(512M) 27.846ms
[2020-08-01T12:34:35.752+0300][126.962s][info ][gc] GC(4853) Pause Full (G1 Evacuation Pause) 511M->68M(512M) 39.310ms
[2020-08-01T12:34:35.773+0300][126.982s][info ][gc] GC(4854) Pause Young (Normal) (G1 Evacuation Pause) 93M->93M(512M) 10.438ms
[2020-08-01T12:34:35.794+0300][127.003s][info ][gc] GC(4855) Pause Young (Normal) (G1 Evacuation Pause) 116M->118M(512M) 11.703ms
[2020-08-01T12:34:35.856+0300][127.065s][info ][gc] GC(4856) Pause Young (Normal) (G1 Evacuation Pause) 159M->161M(512M) 26.581ms
[2020-08-01T12:34:35.880+0300][127.090s][info ][gc] GC(4857) Pause Young (Normal) (G1 Evacuation Pause) 182M->184M(512M) 11.841ms
[2020-08-01T12:34:35.899+0300][127.109s][info ][gc] GC(4858) Pause Young (Normal) (G1 Evacuation Pause) 205M->205M(512M) 10.470ms
[2020-08-01T12:34:35.918+0300][127.128s][info ][gc] GC(4859) Pause Young (Normal) (G1 Evacuation Pause) 226M->227M(512M) 10.577ms
[2020-08-01T12:34:35.939+0300][127.148s][info ][gc] GC(4860) Pause Young (Normal) (G1 Evacuation Pause) 248M->250M(512M) 11.711ms
[2020-08-01T12:34:35.958+0300][127.167s][info ][gc] GC(4861) Pause Young (Concurrent Start) (G1 Evacuation Pause) 271M->273M(512M) 10.497ms
[2020-08-01T12:34:35.958+0300][127.167s][info ][gc] GC(4862) Concurrent Cycle
[2020-08-01T12:34:36.005+0300][127.214s][info ][gc] GC(4863) Pause Young (Normal) (G1 Evacuation Pause) 314M->316M(512M) 10.632ms
[2020-08-01T12:34:36.025+0300][127.234s][info ][gc] GC(4864) Pause Young (Normal) (G1 Evacuation Pause) 337M->338M(512M) 10.703ms
[2020-08-01T12:34:36.044+0300][127.253s][info ][gc] GC(4865) Pause Young (Normal) (G1 Evacuation Pause) 359M->361M(512M) 10.332ms
[2020-08-01T12:34:36.063+0300][127.272s][info ][gc] GC(4866) Pause Young (Normal) (G1 Evacuation Pause) 382M->383M(512M) 10.185ms
[2020-08-01T12:34:36.083+0300][127.292s][info ][gc] GC(4867) Pause Young (Normal) (G1 Evacuation Pause) 404M->406M(512M) 11.212ms
[2020-08-01T12:34:36.106+0300][127.315s][debug][gc] GC(4862) Reclaimed 134 empty regions
[2020-08-01T12:34:36.106+0300][127.315s][info ][gc] GC(4862) Pause Remark 424M->294M(512M) 0.440ms
[2020-08-01T12:34:36.126+0300][127.335s][info ][gc] GC(4868) Pause Young (Normal) (G1 Evacuation Pause) 316M->317M(512M) 11.159ms
[2020-08-01T12:34:36.154+0300][127.364s][info ][gc] GC(4869) Pause Young (Normal) (G1 Evacuation Pause) 338M->340M(512M) 10.854ms
[2020-08-01T12:34:36.180+0300][127.389s][info ][gc] GC(4870) Pause Young (Normal) (G1 Evacuation Pause) 361M->362M(512M) 10.578ms
[2020-08-01T12:34:36.208+0300][127.417s][info ][gc] GC(4871) Pause Young (Normal) (G1 Evacuation Pause) 383M->385M(512M) 11.008ms
[2020-08-01T12:34:36.235+0300][127.444s][info ][gc] GC(4872) Pause Young (Normal) (G1 Evacuation Pause) 406M->406M(512M) 11.260ms
[2020-08-01T12:34:36.262+0300][127.472s][info ][gc] GC(4873) Pause Young (Normal) (G1 Evacuation Pause) 427M->429M(512M) 12.454ms
[2020-08-01T12:34:36.298+0300][127.507s][info ][gc] GC(4862) Pause Cleanup 457M->457M(512M) 0.159ms
[2020-08-01T12:34:36.299+0300][127.508s][info ][gc] GC(4862) Concurrent Cycle 341.027ms
[2020-08-01T12:34:36.316+0300][127.526s][info ][gc] GC(4874) Pause Young (Normal) (G1 Evacuation Pause) 470M->471M(512M) 10.710ms
[2020-08-01T12:34:36.342+0300][127.551s][info ][gc] GC(4875) To-space exhausted
[2020-08-01T12:34:36.342+0300][127.551s][info ][gc] GC(4875) Pause Young (Concurrent Start) (G1 Evacuation Pause) 492M->500M(512M) 17.200ms
[2020-08-01T12:34:36.342+0300][127.552s][info ][gc] GC(4876) Concurrent Cycle
[2020-08-01T12:34:36.370+0300][127.579s][info ][gc] GC(4877) To-space exhausted
[2020-08-01T12:34:36.370+0300][127.579s][info ][gc] GC(4877) Pause Young (Normal) (G1 Evacuation Pause) 511M->511M(512M) 22.106ms
[2020-08-01T12:34:36.370+0300][127.580s][debug][gc] GC(4878) Clear Next Bitmap 0.345ms
[2020-08-01T12:34:36.409+0300][127.618s][info ][gc] GC(4878) Pause Full (G1 Evacuation Pause) 511M->67M(512M) 39.142ms
[2020-08-01T12:34:36.409+0300][127.618s][info ][gc] GC(4876) Concurrent Cycle 66.981ms
[2020-08-01T12:34:36.430+0300][127.639s][info ][gc] GC(4879) Pause Young (Normal) (G1 Evacuation Pause) 92M->92M(512M) 10.539ms
[2020-08-01T12:34:36.448+0300][127.658s][info ][gc] GC(4880) Pause Young (Normal) (G1 Evacuation Pause) 114M->116M(512M) 10.095ms
[2020-08-01T12:34:36.467+0300][127.677s][info ][gc] GC(4881) Pause Young (Normal) (G1 Evacuation Pause) 137M->138M(512M) 10.299ms
[2020-08-01T12:34:36.525+0300][127.734s][info ][gc] GC(4882) Pause Young (Normal) (G1 Evacuation Pause) 179M->180M(512M) 16.938ms
[2020-08-01T12:34:36.545+0300][127.755s][info ][gc] GC(4883) Pause Young (Normal) (G1 Evacuation Pause) 201M->203M(512M) 10.734ms
[2020-08-01T12:34:36.564+0300][127.774s][info ][gc] GC(4884) Pause Young (Normal) (G1 Evacuation Pause) 224M->226M(512M) 10.219ms
[2020-08-01T12:34:36.583+0300][127.792s][info ][gc] GC(4885) Pause Young (Normal) (G1 Evacuation Pause) 247M->248M(512M) 10.041ms
[2020-08-01T12:34:36.602+0300][127.811s][info ][gc] GC(4886) Pause Young (Concurrent Start) (G1 Evacuation Pause) 269M->271M(512M) 10.443ms
[2020-08-01T12:34:36.602+0300][127.811s][info ][gc] GC(4887) Concurrent Cycle
[2020-08-01T12:34:36.642+0300][127.851s][info ][gc] GC(4888) Pause Young (Normal) (G1 Evacuation Pause) 312M->313M(512M) 11.291ms
[2020-08-01T12:34:36.663+0300][127.873s][info ][gc] GC(4889) Pause Young (Normal) (G1 Evacuation Pause) 334M->335M(512M) 11.676ms
[2020-08-01T12:34:36.684+0300][127.894s][info ][gc] GC(4890) Pause Young (Normal) (G1 Evacuation Pause) 356M->357M(512M) 12.012ms
[2020-08-01T12:34:36.704+0300][127.913s][info ][gc] GC(4891) Pause Young (Normal) (G1 Evacuation Pause) 378M->379M(512M) 10.605ms
[2020-08-01T12:34:36.723+0300][127.932s][info ][gc] GC(4892) Pause Young (Normal) (G1 Evacuation Pause) 400M->401M(512M) 10.307ms
[2020-08-01T12:34:36.742+0300][127.951s][info ][gc] GC(4893) Pause Young (Normal) (G1 Evacuation Pause) 422M->423M(512M) 10.387ms
[2020-08-01T12:34:36.760+0300][127.970s][debug][gc] GC(4887) Reclaimed 134 empty regions
[2020-08-01T12:34:36.760+0300][127.970s][info ][gc] GC(4887) Pause Remark 424M->292M(512M) 0.415ms
[2020-08-01T12:34:36.784+0300][127.994s][info ][gc] GC(4894) Pause Young (Normal) (G1 Evacuation Pause) 333M->335M(512M) 10.531ms
[2020-08-01T12:34:36.810+0300][128.019s][info ][gc] GC(4895) Pause Young (Normal) (G1 Evacuation Pause) 356M->357M(512M) 10.811ms
[2020-08-01T12:34:36.835+0300][128.044s][info ][gc] GC(4896) Pause Young (Normal) (G1 Evacuation Pause) 378M->380M(512M) 10.529ms
[2020-08-01T12:34:36.862+0300][128.071s][info ][gc] GC(4897) Pause Young (Normal) (G1 Evacuation Pause) 401M->402M(512M) 11.369ms
[2020-08-01T12:34:36.889+0300][128.098s][info ][gc] GC(4898) Pause Young (Normal) (G1 Evacuation Pause) 423M->425M(512M) 11.436ms
[2020-08-01T12:34:36.938+0300][128.147s][info ][gc] GC(4899) Pause Young (Normal) (G1 Evacuation Pause) 466M->467M(512M) 10.918ms
[2020-08-01T12:34:36.965+0300][128.174s][info ][gc] GC(4900) To-space exhausted
[2020-08-01T12:34:36.965+0300][128.174s][info ][gc] GC(4900) Pause Young (Normal) (G1 Evacuation Pause) 488M->496M(512M) 12.164ms
[2020-08-01T12:34:36.974+0300][128.183s][info ][gc] GC(4887) Pause Cleanup 503M->503M(512M) 0.130ms
[2020-08-01T12:34:36.974+0300][128.184s][info ][gc] GC(4887) Concurrent Cycle 372.319ms
[2020-08-01T12:34:37.005+0300][128.214s][info ][gc] GC(4901) To-space exhausted
[2020-08-01T12:34:37.005+0300][128.214s][info ][gc] GC(4901) Pause Young (Normal) (G1 Evacuation Pause) 511M->511M(512M) 27.987ms
[2020-08-01T12:34:37.044+0300][128.254s][info ][gc] GC(4902) Pause Full (G1 Evacuation Pause) 511M->68M(512M) 39.309ms
[2020-08-01T12:34:37.065+0300][128.275s][info ][gc] GC(4903) Pause Young (Normal) (G1 Evacuation Pause) 94M->95M(512M) 10.509ms
[2020-08-01T12:34:37.087+0300][128.296s][info ][gc] GC(4904) Pause Young (Normal) (G1 Evacuation Pause) 119M->120M(512M) 11.508ms
[2020-08-01T12:34:37.119+0300][128.329s][info ][gc] GC(4905) Pause Young (Normal) (G1 Evacuation Pause) 161M->163M(512M) 10.409ms
[2020-08-01T12:34:37.138+0300][128.348s][info ][gc] GC(4906) Pause Young (Normal) (G1 Evacuation Pause) 184M->186M(512M) 10.636ms
[2020-08-01T12:34:37.157+0300][128.367s][info ][gc] GC(4907) Pause Young (Normal) (G1 Evacuation Pause) 207M->208M(512M) 10.474ms
[2020-08-01T12:34:37.176+0300][128.385s][info ][gc] GC(4908) Pause Young (Normal) (G1 Evacuation Pause) 229M->230M(512M) 10.511ms
[2020-08-01T12:34:37.194+0300][128.404s][info ][gc] GC(4909) Pause Young (Normal) (G1 Evacuation Pause) 251M->253M(512M) 10.094ms
[2020-08-01T12:34:37.214+0300][128.423s][info ][gc] GC(4910) Pause Young (Concurrent Start) (G1 Evacuation Pause) 274M->275M(512M) 10.619ms
[2020-08-01T12:34:37.214+0300][128.423s][info ][gc] GC(4911) Concurrent Cycle
[2020-08-01T12:34:37.251+0300][128.460s][info ][gc] GC(4912) Pause Young (Normal) (G1 Evacuation Pause) 316M->318M(512M) 10.370ms
[2020-08-01T12:34:37.270+0300][128.479s][info ][gc] GC(4913) Pause Young (Normal) (G1 Evacuation Pause) 339M->340M(512M) 10.181ms
[2020-08-01T12:34:37.289+0300][128.498s][info ][gc] GC(4914) Pause Young (Normal) (G1 Evacuation Pause) 361M->362M(512M) 10.478ms
[2020-08-01T12:34:37.309+0300][128.518s][info ][gc] GC(4915) Pause Young (Normal) (G1 Evacuation Pause) 383M->384M(512M) 10.952ms
[2020-08-01T12:34:37.328+0300][128.537s][info ][gc] GC(4916) Pause Young (Normal) (G1 Evacuation Pause) 405M->406M(512M) 10.280ms
[2020-08-01T12:34:37.372+0300][128.582s][info ][gc] GC(4917) Pause Young (Normal) (G1 Evacuation Pause) 447M->449M(512M) 11.332ms
[2020-08-01T12:34:37.375+0300][128.584s][debug][gc] GC(4911) Reclaimed 129 empty regions
[2020-08-01T12:34:37.375+0300][128.584s][info ][gc] GC(4911) Pause Remark 452M->326M(512M) 0.428ms
[2020-08-01T12:34:37.393+0300][128.602s][info ][gc] GC(4918) Pause Young (Normal) (G1 Evacuation Pause) 344M->345M(512M) 11.086ms
[2020-08-01T12:34:37.419+0300][128.629s][info ][gc] GC(4919) Pause Young (Normal) (G1 Evacuation Pause) 366M->368M(512M) 10.255ms
[2020-08-01T12:34:37.445+0300][128.654s][info ][gc] GC(4920) Pause Young (Normal) (G1 Evacuation Pause) 389M->390M(512M) 10.523ms
[2020-08-01T12:34:37.469+0300][128.678s][info ][gc] GC(4921) Pause Young (Normal) (G1 Evacuation Pause) 411M->412M(512M) 10.585ms
[2020-08-01T12:34:37.496+0300][128.706s][info ][gc] GC(4922) Pause Young (Normal) (G1 Evacuation Pause) 433M->434M(512M) 12.265ms
[2020-08-01T12:34:37.549+0300][128.758s][info ][gc] GC(4923) Pause Young (Normal) (G1 Evacuation Pause) 475M->477M(512M) 10.902ms
[2020-08-01T12:34:37.581+0300][128.790s][info ][gc] GC(4924) To-space exhausted
[2020-08-01T12:34:37.581+0300][128.791s][info ][gc] GC(4924) Pause Young (Normal) (G1 Evacuation Pause) 498M->506M(512M) 23.985ms
[2020-08-01T12:34:37.610+0300][128.819s][info ][gc] GC(4925) To-space exhausted
[2020-08-01T12:34:37.610+0300][128.819s][info ][gc] GC(4925) Pause Young (Normal) (G1 Evacuation Pause) 511M->511M(512M) 14.194ms
[2020-08-01T12:34:37.610+0300][128.820s][debug][gc] GC(4926) Clear Next Bitmap 0.341ms
[2020-08-01T12:34:37.646+0300][128.855s][info ][gc] GC(4926) Pause Full (G1 Evacuation Pause) 511M->63M(512M) 35.969ms
[2020-08-01T12:34:37.646+0300][128.856s][info ][gc] GC(4911) Concurrent Cycle 432.598ms
[2020-08-01T12:34:37.668+0300][128.878s][info ][gc] GC(4927) Pause Young (Normal) (G1 Evacuation Pause) 90M->90M(512M) 10.596ms
[2020-08-01T12:34:37.690+0300][128.899s][info ][gc] GC(4928) Pause Young (Normal) (G1 Evacuation Pause) 115M->116M(512M) 11.747ms
[2020-08-01T12:34:37.728+0300][128.938s][info ][gc] GC(4929) Pause Young (Normal) (G1 Evacuation Pause) 158M->159M(512M) 11.687ms
[2020-08-01T12:34:37.747+0300][128.956s][info ][gc] GC(4930) Pause Young (Normal) (G1 Evacuation Pause) 180M->181M(512M) 10.288ms
[2020-08-01T12:34:37.766+0300][128.975s][info ][gc] GC(4931) Pause Young (Normal) (G1 Evacuation Pause) 202M->204M(512M) 10.556ms
[2020-08-01T12:34:37.785+0300][128.994s][info ][gc] GC(4932) Pause Young (Normal) (G1 Evacuation Pause) 225M->227M(512M) 10.434ms
[2020-08-01T12:34:37.804+0300][129.013s][info ][gc] GC(4933) Pause Young (Normal) (G1 Evacuation Pause) 248M->249M(512M) 10.379ms
[2020-08-01T12:34:37.822+0300][129.031s][info ][gc] GC(4934) Pause Young (Concurrent Start) (G1 Evacuation Pause) 270M->271M(512M) 10.068ms
[2020-08-01T12:34:37.822+0300][129.031s][info ][gc] GC(4935) Concurrent Cycle
[2020-08-01T12:34:37.856+0300][129.065s][info ][gc] GC(4936) Pause Young (Normal) (G1 Evacuation Pause) 312M->314M(512M) 10.482ms
[2020-08-01T12:34:37.875+0300][129.084s][info ][gc] GC(4937) Pause Young (Normal) (G1 Evacuation Pause) 335M->336M(512M) 10.204ms
[2020-08-01T12:34:37.894+0300][129.104s][info ][gc] GC(4938) Pause Young (Normal) (G1 Evacuation Pause) 357M->358M(512M) 10.525ms
[2020-08-01T12:34:37.913+0300][129.123s][info ][gc] GC(4939) Pause Young (Normal) (G1 Evacuation Pause) 379M->380M(512M) 10.108ms
[2020-08-01T12:34:37.932+0300][129.142s][info ][gc] GC(4940) Pause Young (Normal) (G1 Evacuation Pause) 401M->403M(512M) 10.015ms
[2020-08-01T12:34:37.978+0300][129.187s][info ][gc] GC(4941) Pause Young (Normal) (G1 Evacuation Pause) 444M->446M(512M) 10.956ms
[2020-08-01T12:34:37.980+0300][129.189s][debug][gc] GC(4935) Reclaimed 132 empty regions
[2020-08-01T12:34:37.980+0300][129.189s][info ][gc] GC(4935) Pause Remark 449M->321M(512M) 0.481ms
[2020-08-01T12:34:37.997+0300][129.207s][info ][gc] GC(4942) Pause Young (Normal) (G1 Evacuation Pause) 338M->340M(512M) 10.406ms
[2020-08-01T12:34:38.022+0300][129.231s][info ][gc] GC(4943) Pause Young (Normal) (G1 Evacuation Pause) 361M->363M(512M) 10.401ms
[2020-08-01T12:34:38.047+0300][129.256s][info ][gc] GC(4944) Pause Young (Normal) (G1 Evacuation Pause) 384M->386M(512M) 10.439ms
[2020-08-01T12:34:38.073+0300][129.282s][info ][gc] GC(4945) Pause Young (Normal) (G1 Evacuation Pause) 407M->409M(512M) 10.357ms
[2020-08-01T12:34:38.099+0300][129.308s][info ][gc] GC(4946) Pause Young (Normal) (G1 Evacuation Pause) 430M->431M(512M) 10.504ms
[2020-08-01T12:34:38.137+0300][129.346s][info ][gc] GC(4947) Pause Young (Normal) (G1 Evacuation Pause) 472M->473M(512M) 10.701ms
[2020-08-01T12:34:38.171+0300][129.381s][info ][gc] GC(4948) To-space exhausted
[2020-08-01T12:34:38.171+0300][129.381s][info ][gc] GC(4948) Pause Young (Normal) (G1 Evacuation Pause) 494M->500M(512M) 19.525ms
[2020-08-01T12:34:38.204+0300][129.413s][info ][gc] GC(4949) To-space exhausted
[2020-08-01T12:34:38.204+0300][129.413s][info ][gc] GC(4949) Pause Young (Normal) (G1 Evacuation Pause) 511M->511M(512M) 21.746ms
[2020-08-01T12:34:38.204+0300][129.414s][debug][gc] GC(4950) Clear Next Bitmap 0.363ms
[2020-08-01T12:34:38.243+0300][129.452s][info ][gc] GC(4950) Pause Full (G1 Evacuation Pause) 511M->66M(512M) 39.014ms
[2020-08-01T12:34:38.243+0300][129.452s][info ][gc] GC(4935) Concurrent Cycle 420.973ms
[2020-08-01T12:34:38.266+0300][129.476s][info ][gc] GC(4951) Pause Young (Normal) (G1 Evacuation Pause) 94M->95M(512M) 12.334ms
[2020-08-01T12:34:38.288+0300][129.498s][info ][gc] GC(4952) Pause Young (Normal) (G1 Evacuation Pause) 120M->121M(512M) 11.806ms
[2020-08-01T12:34:38.320+0300][129.530s][info ][gc] GC(4953) Pause Young (Normal) (G1 Evacuation Pause) 162M->163M(512M) 10.446ms
[2020-08-01T12:34:38.341+0300][129.550s][info ][gc] GC(4954) Pause Young (Normal) (G1 Evacuation Pause) 184M->186M(512M) 12.121ms
[2020-08-01T12:34:38.360+0300][129.570s][info ][gc] GC(4955) Pause Young (Normal) (G1 Evacuation Pause) 207M->208M(512M) 11.280ms
[2020-08-01T12:34:38.380+0300][129.589s][info ][gc] GC(4956) Pause Young (Normal) (G1 Evacuation Pause) 229M->231M(512M) 10.718ms
[2020-08-01T12:34:38.398+0300][129.608s][info ][gc] GC(4957) Pause Young (Concurrent Start) (G1 Evacuation Pause) 252M->254M(512M) 10.460ms
[2020-08-01T12:34:38.398+0300][129.608s][info ][gc] GC(4958) Concurrent Cycle
[2020-08-01T12:34:38.417+0300][129.627s][info ][gc] GC(4959) Pause Young (Normal) (G1 Evacuation Pause) 275M->277M(512M) 10.294ms
[2020-08-01T12:34:38.452+0300][129.661s][info ][gc] GC(4960) Pause Young (Normal) (G1 Evacuation Pause) 319M->320M(512M) 11.317ms
[2020-08-01T12:34:38.471+0300][129.680s][info ][gc] GC(4961) Pause Young (Normal) (G1 Evacuation Pause) 341M->342M(512M) 10.252ms
[2020-08-01T12:34:38.491+0300][129.700s][info ][gc] GC(4962) Pause Young (Normal) (G1 Evacuation Pause) 364M->366M(512M) 10.562ms
[2020-08-01T12:34:38.510+0300][129.720s][info ][gc] GC(4963) Pause Young (Normal) (G1 Evacuation Pause) 388M->389M(512M) 10.641ms
[2020-08-01T12:34:38.530+0300][129.739s][info ][gc] GC(4964) Pause Young (Normal) (G1 Evacuation Pause) 410M->411M(512M) 10.588ms
[2020-08-01T12:34:38.541+0300][129.750s][debug][gc] GC(4958) Reclaimed 131 empty regions
[2020-08-01T12:34:38.541+0300][129.750s][info ][gc] GC(4958) Pause Remark 424M->296M(512M) 0.415ms
[2020-08-01T12:34:38.575+0300][129.785s][info ][gc] GC(4965) Pause Young (Normal) (G1 Evacuation Pause) 324M->326M(512M) 11.460ms
[2020-08-01T12:34:38.601+0300][129.810s][info ][gc] GC(4966) Pause Young (Normal) (G1 Evacuation Pause) 347M->348M(512M) 10.535ms
[2020-08-01T12:34:38.625+0300][129.835s][info ][gc] GC(4967) Pause Young (Normal) (G1 Evacuation Pause) 369M->370M(512M) 10.364ms
[2020-08-01T12:34:38.650+0300][129.860s][info ][gc] GC(4968) Pause Young (Normal) (G1 Evacuation Pause) 391M->392M(512M) 10.469ms
[2020-08-01T12:34:38.677+0300][129.886s][info ][gc] GC(4969) Pause Young (Normal) (G1 Evacuation Pause) 413M->414M(512M) 10.576ms
[2020-08-01T12:34:38.701+0300][129.910s][info ][gc] GC(4970) Pause Young (Normal) (G1 Evacuation Pause) 435M->437M(512M) 10.549ms
[2020-08-01T12:34:38.733+0300][129.942s][info ][gc] GC(4958) Pause Cleanup 466M->466M(512M) 0.128ms
[2020-08-01T12:34:38.733+0300][129.943s][info ][gc] GC(4958) Concurrent Cycle 335.020ms
[2020-08-01T12:34:38.748+0300][129.958s][info ][gc] GC(4971) Pause Young (Normal) (G1 Evacuation Pause) 478M->479M(512M) 10.285ms
[2020-08-01T12:34:38.782+0300][129.992s][info ][gc] GC(4972) To-space exhausted
[2020-08-01T12:34:38.783+0300][129.992s][info ][gc] GC(4972) Pause Young (Concurrent Start) (G1 Evacuation Pause) 500M->507M(512M) 25.804ms
[2020-08-01T12:34:38.783+0300][129.992s][info ][gc] GC(4973) Concurrent Cycle
[2020-08-01T12:34:38.800+0300][130.009s][info ][gc] GC(4974) To-space exhausted
[2020-08-01T12:34:38.800+0300][130.010s][info ][gc] GC(4974) Pause Young (Normal) (G1 Evacuation Pause) 511M->511M(512M) 13.713ms
[2020-08-01T12:34:38.801+0300][130.010s][debug][gc] GC(4975) Clear Next Bitmap 0.302ms
[2020-08-01T12:34:38.840+0300][130.050s][info ][gc] GC(4975) Pause Full (G1 Evacuation Pause) 511M->66M(512M) 40.060ms
[2020-08-01T12:34:38.841+0300][130.050s][info ][gc] GC(4973) Concurrent Cycle 57.950ms
[2020-08-01T12:34:38.863+0300][130.072s][info ][gc] GC(4976) Pause Young (Normal) (G1 Evacuation Pause) 93M->93M(512M) 11.444ms
[2020-08-01T12:34:38.886+0300][130.095s][info ][gc] GC(4977) Pause Young (Normal) (G1 Evacuation Pause) 118M->120M(512M) 13.547ms
[2020-08-01T12:34:38.972+0300][130.181s][info ][gc] GC(4978) Pause Young (Normal) (G1 Evacuation Pause) 161M->162M(512M) 42.680ms
[2020-08-01T12:34:38.999+0300][130.208s][info ][gc] GC(4979) Pause Young (Normal) (G1 Evacuation Pause) 183M->185M(512M) 13.161ms
[2020-08-01T12:34:39.018+0300][130.227s][info ][gc] GC(4980) Pause Young (Normal) (G1 Evacuation Pause) 206M->208M(512M) 10.362ms
[2020-08-01T12:34:39.037+0300][130.246s][info ][gc] GC(4981) Pause Young (Normal) (G1 Evacuation Pause) 229M->231M(512M) 10.492ms
[2020-08-01T12:34:39.057+0300][130.266s][info ][gc] GC(4982) Pause Young (Concurrent Start) (G1 Evacuation Pause) 252M->254M(512M) 11.457ms
[2020-08-01T12:34:39.057+0300][130.267s][info ][gc] GC(4983) Concurrent Cycle
[2020-08-01T12:34:39.076+0300][130.286s][info ][gc] GC(4984) Pause Young (Normal) (G1 Evacuation Pause) 275M->276M(512M) 10.455ms
[2020-08-01T12:34:39.117+0300][130.327s][info ][gc] GC(4985) Pause Young (Normal) (G1 Evacuation Pause) 317M->318M(512M) 10.746ms
[2020-08-01T12:34:39.136+0300][130.346s][info ][gc] GC(4986) Pause Young (Normal) (G1 Evacuation Pause) 339M->340M(512M) 10.291ms
[2020-08-01T12:34:39.155+0300][130.365s][info ][gc] GC(4987) Pause Young (Normal) (G1 Evacuation Pause) 361M->362M(512M) 10.302ms
[2020-08-01T12:34:39.174+0300][130.384s][info ][gc] GC(4988) Pause Young (Normal) (G1 Evacuation Pause) 383M->385M(512M) 10.380ms
[2020-08-01T12:34:39.193+0300][130.403s][info ][gc] GC(4989) Pause Young (Normal) (G1 Evacuation Pause) 406M->408M(512M) 10.433ms
[2020-08-01T12:34:39.198+0300][130.408s][debug][gc] GC(4983) Reclaimed 132 empty regions
[2020-08-01T12:34:39.198+0300][130.408s][info ][gc] GC(4983) Pause Remark 419M->291M(512M) 0.425ms
[2020-08-01T12:34:39.238+0300][130.448s][info ][gc] GC(4990) Pause Young (Normal) (G1 Evacuation Pause) 320M->321M(512M) 10.854ms
[2020-08-01T12:34:39.266+0300][130.475s][info ][gc] GC(4991) Pause Young (Normal) (G1 Evacuation Pause) 342M->344M(512M) 11.476ms
[2020-08-01T12:34:39.292+0300][130.502s][info ][gc] GC(4992) Pause Young (Normal) (G1 Evacuation Pause) 365M->366M(512M) 10.804ms
[2020-08-01T12:34:39.317+0300][130.527s][info ][gc] GC(4993) Pause Young (Normal) (G1 Evacuation Pause) 387M->388M(512M) 10.509ms
[2020-08-01T12:34:39.343+0300][130.552s][info ][gc] GC(4994) Pause Young (Normal) (G1 Evacuation Pause) 409M->411M(512M) 10.473ms
[2020-08-01T12:34:39.370+0300][130.579s][info ][gc] GC(4995) Pause Young (Normal) (G1 Evacuation Pause) 432M->434M(512M) 12.049ms
[2020-08-01T12:34:39.390+0300][130.599s][info ][gc] GC(4983) Pause Cleanup 440M->440M(512M) 0.120ms
[2020-08-01T12:34:39.390+0300][130.599s][info ][gc] GC(4983) Concurrent Cycle 332.879ms
[2020-08-01T12:34:39.398+0300][130.607s][info ][gc] GC(4996) Pause Young (Concurrent Start) (G1 Humongous Allocation) 440M->441M(512M) 5.402ms
[2020-08-01T12:34:39.398+0300][130.607s][info ][gc] GC(4997) Concurrent Cycle
[2020-08-01T12:34:39.405+0300][130.614s][debug][gc] GC(4997) Reclaimed 424 empty regions
[2020-08-01T12:34:39.405+0300][130.614s][info ][gc] GC(4997) Pause Remark 468M->44M(512M) 0.510ms
[2020-08-01T12:34:39.420+0300][130.629s][info ][gc] GC(4998) Pause Young (Normal) (G1 Evacuation Pause) 58M->55M(512M) 9.034ms
[2020-08-01T12:34:39.423+0300][130.632s][info ][gc] GC(4997) Pause Cleanup 56M->56M(512M) 0.052ms
[2020-08-01T12:34:39.423+0300][130.633s][info ][gc] GC(4997) Concurrent Cycle 25.121ms
[2020-08-01T12:34:39.442+0300][130.652s][info ][gc] GC(4999) Pause Young (Normal) (G1 Evacuation Pause) 76M->78M(512M) 10.776ms
[2020-08-01T12:34:39.461+0300][130.671s][info ][gc] GC(5000) Pause Young (Normal) (G1 Evacuation Pause) 99M->100M(512M) 10.819ms
[2020-08-01T12:34:39.481+0300][130.690s][info ][gc] GC(5001) Pause Young (Normal) (G1 Evacuation Pause) 121M->122M(512M) 10.571ms
[2020-08-01T12:34:39.500+0300][130.709s][info ][gc] GC(5002) Pause Young (Normal) (G1 Evacuation Pause) 143M->144M(512M) 10.414ms
[2020-08-01T12:34:39.568+0300][130.777s][info ][gc] GC(5003) Pause Young (Normal) (G1 Evacuation Pause) 185M->187M(512M) 21.605ms
[2020-08-01T12:34:39.591+0300][130.801s][info ][gc] GC(5004) Pause Young (Normal) (G1 Evacuation Pause) 208M->209M(512M) 11.548ms
[2020-08-01T12:34:39.610+0300][130.819s][info ][gc] GC(5005) Pause Young (Normal) (G1 Evacuation Pause) 230M->232M(512M) 10.274ms
[2020-08-01T12:34:39.629+0300][130.839s][info ][gc] GC(5006) Pause Young (Normal) (G1 Evacuation Pause) 253M->254M(512M) 10.946ms
[2020-08-01T12:34:39.648+0300][130.857s][info ][gc] GC(5007) Pause Young (Concurrent Start) (G1 Evacuation Pause) 275M->276M(512M) 10.316ms
[2020-08-01T12:34:39.648+0300][130.858s][info ][gc] GC(5008) Concurrent Cycle
[2020-08-01T12:34:39.688+0300][130.898s][info ][gc] GC(5009) Pause Young (Normal) (G1 Evacuation Pause) 317M->319M(512M) 10.772ms
[2020-08-01T12:34:39.708+0300][130.917s][info ][gc] GC(5010) Pause Young (Normal) (G1 Evacuation Pause) 340M->341M(512M) 10.396ms
[2020-08-01T12:34:39.727+0300][130.936s][info ][gc] GC(5011) Pause Young (Normal) (G1 Evacuation Pause) 362M->364M(512M) 10.430ms
[2020-08-01T12:34:39.746+0300][130.955s][info ][gc] GC(5012) Pause Young (Normal) (G1 Evacuation Pause) 385M->386M(512M) 10.216ms
[2020-08-01T12:34:39.765+0300][130.975s][info ][gc] GC(5013) Pause Young (Normal) (G1 Evacuation Pause) 408M->409M(512M) 10.135ms
[2020-08-01T12:34:39.785+0300][130.994s][info ][gc] GC(5014) Pause Young (Normal) (G1 Evacuation Pause) 430M->431M(512M) 10.627ms
[2020-08-01T12:34:39.797+0300][131.006s][debug][gc] GC(5008) Reclaimed 143 empty regions
[2020-08-01T12:34:39.797+0300][131.006s][info ][gc] GC(5008) Pause Remark 439M->296M(512M) 0.419ms
[2020-08-01T12:34:39.818+0300][131.028s][info ][gc] GC(5015) Pause Young (Normal) (G1 Evacuation Pause) 329M->330M(512M) 10.984ms
[2020-08-01T12:34:39.842+0300][131.051s][info ][gc] GC(5016) Pause Young (Normal) (G1 Evacuation Pause) 351M->352M(512M) 10.377ms
[2020-08-01T12:34:39.867+0300][131.077s][info ][gc] GC(5017) Pause Young (Normal) (G1 Evacuation Pause) 373M->375M(512M) 10.494ms
[2020-08-01T12:34:39.891+0300][131.101s][info ][gc] GC(5018) Pause Young (Normal) (G1 Evacuation Pause) 396M->397M(512M) 10.806ms
[2020-08-01T12:34:39.917+0300][131.127s][info ][gc] GC(5019) Pause Young (Normal) (G1 Evacuation Pause) 418M->420M(512M) 10.435ms
[2020-08-01T12:34:39.967+0300][131.177s][info ][gc] GC(5020) Pause Young (Normal) (G1 Evacuation Pause) 461M->462M(512M) 10.450ms
[2020-08-01T12:34:39.993+0300][131.202s][info ][gc] GC(5021) Pause Young (Normal) (G1 Evacuation Pause) 483M->485M(512M) 10.596ms
[2020-08-01T12:34:40.006+0300][131.216s][info ][gc] GC(5008) Pause Cleanup 501M->501M(512M) 0.124ms
[2020-08-01T12:34:40.007+0300][131.216s][info ][gc] GC(5008) Concurrent Cycle 358.611ms
[2020-08-01T12:34:40.039+0300][131.248s][info ][gc] GC(5022) To-space exhausted
[2020-08-01T12:34:40.039+0300][131.248s][info ][gc] GC(5022) Pause Young (Normal) (G1 Evacuation Pause) 506M->511M(512M) 30.432ms
[2020-08-01T12:34:40.077+0300][131.287s][info ][gc] GC(5023) Pause Full (G1 Evacuation Pause) 511M->67M(512M) 38.147ms
[2020-08-01T12:34:40.098+0300][131.307s][info ][gc] GC(5024) Pause Young (Normal) (G1 Evacuation Pause) 92M->92M(512M) 10.491ms
[2020-08-01T12:34:40.119+0300][131.329s][info ][gc] GC(5025) Pause Young (Normal) (G1 Evacuation Pause) 114M->115M(512M) 12.122ms
[2020-08-01T12:34:40.138+0300][131.348s][info ][gc] GC(5026) Pause Young (Normal) (G1 Evacuation Pause) 136M->138M(512M) 10.572ms
[2020-08-01T12:34:40.207+0300][131.417s][info ][gc] GC(5027) Pause Young (Normal) (G1 Evacuation Pause) 179M->180M(512M) 23.947ms
[2020-08-01T12:34:40.230+0300][131.439s][info ][gc] GC(5028) Pause Young (Normal) (G1 Evacuation Pause) 201M->202M(512M) 11.468ms
[2020-08-01T12:34:40.249+0300][131.459s][info ][gc] GC(5029) Pause Young (Normal) (G1 Evacuation Pause) 223M->224M(512M) 10.620ms
[2020-08-01T12:34:40.268+0300][131.478s][info ][gc] GC(5030) Pause Young (Normal) (G1 Evacuation Pause) 245M->246M(512M) 10.426ms
[2020-08-01T12:34:40.287+0300][131.497s][info ][gc] GC(5031) Pause Young (Concurrent Start) (G1 Evacuation Pause) 267M->269M(512M) 10.355ms
[2020-08-01T12:34:40.287+0300][131.497s][info ][gc] GC(5032) Concurrent Cycle
[2020-08-01T12:34:40.330+0300][131.539s][info ][gc] GC(5033) Pause Young (Normal) (G1 Evacuation Pause) 310M->311M(512M) 12.001ms
[2020-08-01T12:34:40.349+0300][131.558s][info ][gc] GC(5034) Pause Young (Normal) (G1 Evacuation Pause) 332M->334M(512M) 10.402ms
[2020-08-01T12:34:40.369+0300][131.579s][info ][gc] GC(5035) Pause Young (Normal) (G1 Evacuation Pause) 355M->357M(512M) 11.636ms
[2020-08-01T12:34:40.389+0300][131.598s][info ][gc] GC(5036) Pause Young (Normal) (G1 Evacuation Pause) 378M->379M(512M) 10.888ms
[2020-08-01T12:34:40.409+0300][131.619s][info ][gc] GC(5037) Pause Young (Normal) (G1 Evacuation Pause) 400M->401M(512M) 11.818ms
[2020-08-01T12:34:40.436+0300][131.646s][debug][gc] GC(5032) Reclaimed 134 empty regions
[2020-08-01T12:34:40.437+0300][131.646s][info ][gc] GC(5032) Pause Remark 442M->311M(512M) 0.744ms
[2020-08-01T12:34:40.449+0300][131.658s][info ][gc] GC(5038) Pause Young (Normal) (G1 Evacuation Pause) 311M->312M(512M) 12.183ms
[2020-08-01T12:34:40.473+0300][131.683s][info ][gc] GC(5039) Pause Young (Normal) (G1 Evacuation Pause) 333M->335M(512M) 10.479ms
[2020-08-01T12:34:40.494+0300][131.703s][info ][gc] GC(5040) Pause Young (Normal) (G1 Evacuation Pause) 356M->358M(512M) 12.163ms
[2020-08-01T12:34:40.524+0300][131.734s][info ][gc] GC(5041) Pause Young (Normal) (G1 Evacuation Pause) 379M->380M(512M) 10.595ms
[2020-08-01T12:34:40.551+0300][131.760s][info ][gc] GC(5042) Pause Young (Normal) (G1 Evacuation Pause) 401M->402M(512M) 10.491ms
[2020-08-01T12:34:40.575+0300][131.784s][info ][gc] GC(5043) Pause Young (Normal) (G1 Evacuation Pause) 423M->425M(512M) 10.360ms
[2020-08-01T12:34:40.625+0300][131.834s][info ][gc] GC(5044) Pause Young (Normal) (G1 Evacuation Pause) 466M->466M(512M) 11.414ms
[2020-08-01T12:34:40.650+0300][131.859s][info ][gc] GC(5045) To-space exhausted
[2020-08-01T12:34:40.650+0300][131.859s][info ][gc] GC(5045) Pause Young (Normal) (G1 Evacuation Pause) 487M->493M(512M) 12.162ms
[2020-08-01T12:34:40.663+0300][131.872s][info ][gc] GC(5032) Pause Cleanup 504M->504M(512M) 0.228ms
[2020-08-01T12:34:40.664+0300][131.873s][info ][gc] GC(5032) Concurrent Cycle 376.297ms
[2020-08-01T12:34:40.698+0300][131.907s][info ][gc] GC(5046) To-space exhausted
[2020-08-01T12:34:40.698+0300][131.907s][info ][gc] GC(5046) Pause Young (Normal) (G1 Evacuation Pause) 511M->511M(512M) 32.084ms
[2020-08-01T12:34:40.739+0300][131.949s][info ][gc] GC(5047) Pause Full (G1 Evacuation Pause) 511M->71M(512M) 41.106ms
[2020-08-01T12:34:40.760+0300][131.969s][info ][gc] GC(5048) Pause Young (Normal) (G1 Evacuation Pause) 96M->96M(512M) 10.445ms
[2020-08-01T12:34:40.779+0300][131.989s][info ][gc] GC(5049) Pause Young (Normal) (G1 Evacuation Pause) 118M->120M(512M) 10.696ms
[2020-08-01T12:34:40.843+0300][132.052s][info ][gc] GC(5050) Pause Young (Normal) (G1 Evacuation Pause) 161M->163M(512M) 22.052ms
[2020-08-01T12:34:40.866+0300][132.075s][info ][gc] GC(5051) Pause Young (Normal) (G1 Evacuation Pause) 184M->185M(512M) 11.681ms
[2020-08-01T12:34:40.885+0300][132.094s][info ][gc] GC(5052) Pause Young (Normal) (G1 Evacuation Pause) 206M->208M(512M) 10.415ms
[2020-08-01T12:34:40.904+0300][132.113s][info ][gc] GC(5053) Pause Young (Normal) (G1 Evacuation Pause) 229M->231M(512M) 10.480ms
[2020-08-01T12:34:40.923+0300][132.132s][info ][gc] GC(5054) Pause Young (Normal) (G1 Evacuation Pause) 252M->254M(512M) 10.572ms
[2020-08-01T12:34:40.942+0300][132.152s][info ][gc] GC(5055) Pause Young (Concurrent Start) (G1 Evacuation Pause) 275M->277M(512M) 10.720ms
[2020-08-01T12:34:40.942+0300][132.152s][info ][gc] GC(5056) Concurrent Cycle
[2020-08-01T12:34:40.981+0300][132.190s][info ][gc] GC(5057) Pause Young (Normal) (G1 Evacuation Pause) 318M->319M(512M) 10.715ms
[2020-08-01T12:34:41.000+0300][132.210s][info ][gc] GC(5058) Pause Young (Normal) (G1 Evacuation Pause) 340M->342M(512M) 10.428ms
[2020-08-01T12:34:41.020+0300][132.229s][info ][gc] GC(5059) Pause Young (Normal) (G1 Evacuation Pause) 363M->364M(512M) 10.396ms
[2020-08-01T12:34:41.039+0300][132.248s][info ][gc] GC(5060) Pause Young (Normal) (G1 Evacuation Pause) 385M->387M(512M) 10.431ms
[2020-08-01T12:34:41.058+0300][132.267s][info ][gc] GC(5061) Pause Young (Normal) (G1 Evacuation Pause) 408M->409M(512M) 10.293ms
[2020-08-01T12:34:41.092+0300][132.301s][debug][gc] GC(5056) Reclaimed 130 empty regions
[2020-08-01T12:34:41.092+0300][132.301s][info ][gc] GC(5056) Pause Remark 447M->319M(512M) 0.438ms
[2020-08-01T12:34:41.104+0300][132.314s][info ][gc] GC(5062) Pause Young (Normal) (G1 Evacuation Pause) 322M->323M(512M) 11.094ms
[2020-08-01T12:34:41.133+0300][132.342s][info ][gc] GC(5063) Pause Young (Normal) (G1 Evacuation Pause) 344M->345M(512M) 10.747ms
[2020-08-01T12:34:41.158+0300][132.367s][info ][gc] GC(5064) Pause Young (Normal) (G1 Evacuation Pause) 366M->367M(512M) 10.682ms
[2020-08-01T12:34:41.183+0300][132.392s][info ][gc] GC(5065) Pause Young (Normal) (G1 Evacuation Pause) 388M->389M(512M) 10.590ms
[2020-08-01T12:34:41.209+0300][132.418s][info ][gc] GC(5066) Pause Young (Normal) (G1 Evacuation Pause) 410M->412M(512M) 11.764ms
[2020-08-01T12:34:41.234+0300][132.443s][info ][gc] GC(5067) Pause Young (Normal) (G1 Evacuation Pause) 433M->434M(512M) 10.692ms
[2020-08-01T12:34:41.280+0300][132.490s][info ][gc] GC(5068) Pause Young (Normal) (G1 Evacuation Pause) 475M->477M(512M) 12.551ms
[2020-08-01T12:34:41.316+0300][132.525s][info ][gc] GC(5069) To-space exhausted
[2020-08-01T12:34:41.316+0300][132.525s][info ][gc] GC(5069) Pause Young (Normal) (G1 Evacuation Pause) 498M->506M(512M) 21.508ms
[2020-08-01T12:34:41.333+0300][132.543s][info ][gc] GC(5070) To-space exhausted
[2020-08-01T12:34:41.333+0300][132.543s][info ][gc] GC(5070) Pause Young (Normal) (G1 Evacuation Pause) 511M->511M(512M) 15.102ms
[2020-08-01T12:34:41.334+0300][132.543s][debug][gc] GC(5071) Clear Next Bitmap 0.339ms
[2020-08-01T12:34:41.371+0300][132.580s][info ][gc] GC(5071) Pause Full (G1 Evacuation Pause) 511M->63M(512M) 37.198ms
[2020-08-01T12:34:41.371+0300][132.580s][info ][gc] GC(5056) Concurrent Cycle 428.612ms
[2020-08-01T12:34:41.391+0300][132.601s][info ][gc] GC(5072) Pause Young (Normal) (G1 Evacuation Pause) 88M->88M(512M) 10.492ms
[2020-08-01T12:34:41.411+0300][132.620s][info ][gc] GC(5073) Pause Young (Normal) (G1 Evacuation Pause) 110M->111M(512M) 10.774ms
[2020-08-01T12:34:41.430+0300][132.639s][info ][gc] GC(5074) Pause Young (Normal) (G1 Evacuation Pause) 132M->134M(512M) 10.318ms
[2020-08-01T12:34:41.463+0300][132.673s][info ][gc] GC(5075) Pause Young (Normal) (G1 Evacuation Pause) 175M->176M(512M) 10.560ms
[2020-08-01T12:34:41.482+0300][132.691s][info ][gc] GC(5076) Pause Young (Normal) (G1 Evacuation Pause) 197M->199M(512M) 10.207ms
[2020-08-01T12:34:41.500+0300][132.710s][info ][gc] GC(5077) Pause Young (Normal) (G1 Evacuation Pause) 220M->221M(512M) 10.010ms
[2020-08-01T12:34:41.519+0300][132.729s][info ][gc] GC(5078) Pause Young (Normal) (G1 Evacuation Pause) 242M->244M(512M) 10.524ms
[2020-08-01T12:34:41.539+0300][132.749s][info ][gc] GC(5079) Pause Young (Concurrent Start) (G1 Evacuation Pause) 265M->266M(512M) 11.256ms
[2020-08-01T12:34:41.539+0300][132.749s][info ][gc] GC(5080) Concurrent Cycle
[2020-08-01T12:34:41.586+0300][132.796s][info ][gc] GC(5081) Pause Young (Normal) (G1 Evacuation Pause) 307M->309M(512M) 10.836ms
[2020-08-01T12:34:41.605+0300][132.815s][info ][gc] GC(5082) Pause Young (Normal) (G1 Evacuation Pause) 330M->331M(512M) 10.378ms
[2020-08-01T12:34:41.625+0300][132.834s][info ][gc] GC(5083) Pause Young (Normal) (G1 Evacuation Pause) 352M->354M(512M) 10.715ms
[2020-08-01T12:34:41.644+0300][132.853s][info ][gc] GC(5084) Pause Young (Normal) (G1 Evacuation Pause) 375M->377M(512M) 10.289ms
[2020-08-01T12:34:41.663+0300][132.873s][info ][gc] GC(5085) Pause Young (Normal) (G1 Evacuation Pause) 398M->399M(512M) 10.272ms
[2020-08-01T12:34:41.683+0300][132.892s][info ][gc] GC(5086) Pause Young (Normal) (G1 Evacuation Pause) 420M->422M(512M) 10.389ms
[2020-08-01T12:34:41.692+0300][132.901s][debug][gc] GC(5080) Reclaimed 130 empty regions
[2020-08-01T12:34:41.692+0300][132.901s][info ][gc] GC(5080) Pause Remark 426M->299M(512M) 0.412ms
[2020-08-01T12:34:41.732+0300][132.941s][info ][gc] GC(5087) Pause Young (Normal) (G1 Evacuation Pause) 336M->337M(512M) 12.369ms
[2020-08-01T12:34:41.756+0300][132.966s][info ][gc] GC(5088) Pause Young (Normal) (G1 Evacuation Pause) 358M->359M(512M) 10.310ms
[2020-08-01T12:34:41.782+0300][132.992s][info ][gc] GC(5089) Pause Young (Normal) (G1 Evacuation Pause) 380M->382M(512M) 11.302ms
[2020-08-01T12:34:41.808+0300][133.017s][info ][gc] GC(5090) Pause Young (Normal) (G1 Evacuation Pause) 403M->404M(512M) 11.051ms
[2020-08-01T12:34:41.833+0300][133.042s][info ][gc] GC(5091) Pause Young (Normal) (G1 Evacuation Pause) 425M->426M(512M) 10.577ms
[2020-08-01T12:34:41.882+0300][133.092s][info ][gc] GC(5092) Pause Young (Normal) (G1 Evacuation Pause) 467M->468M(512M) 10.673ms
[2020-08-01T12:34:41.889+0300][133.098s][info ][gc] GC(5080) Pause Cleanup 470M->470M(512M) 0.130ms
[2020-08-01T12:34:41.890+0300][133.099s][info ][gc] GC(5080) Concurrent Cycle 350.425ms
[2020-08-01T12:34:41.911+0300][133.120s][info ][gc] GC(5093) To-space exhausted
[2020-08-01T12:34:41.911+0300][133.120s][info ][gc] GC(5093) Pause Young (Normal) (G1 Evacuation Pause) 489M->497M(512M) 13.784ms
[2020-08-01T12:34:41.945+0300][133.155s][info ][gc] GC(5094) To-space exhausted
[2020-08-01T12:34:41.946+0300][133.155s][info ][gc] GC(5094) Pause Young (Concurrent Start) (G1 Evacuation Pause) 511M->511M(512M) 29.224ms
[2020-08-01T12:34:41.946+0300][133.155s][info ][gc] GC(5096) Concurrent Cycle
[2020-08-01T12:34:41.946+0300][133.155s][debug][gc] GC(5095) Clear Next Bitmap 0.266ms
[2020-08-01T12:34:41.983+0300][133.193s][info ][gc] GC(5095) Pause Full (G1 Evacuation Pause) 511M->63M(512M) 37.555ms
[2020-08-01T12:34:41.983+0300][133.193s][info ][gc] GC(5096) Concurrent Cycle 37.853ms
[2020-08-01T12:34:42.006+0300][133.215s][info ][gc] GC(5097) Pause Young (Normal) (G1 Evacuation Pause) 90M->91M(512M) 11.980ms
[2020-08-01T12:34:42.027+0300][133.237s][info ][gc] GC(5098) Pause Young (Normal) (G1 Evacuation Pause) 115M->116M(512M) 11.721ms
[2020-08-01T12:34:42.046+0300][133.256s][info ][gc] GC(5099) Pause Young (Normal) (G1 Evacuation Pause) 137M->138M(512M) 10.355ms
[2020-08-01T12:34:42.089+0300][133.298s][info ][gc] GC(5100) Pause Young (Normal) (G1 Evacuation Pause) 179M->180M(512M) 10.694ms
[2020-08-01T12:34:42.107+0300][133.317s][info ][gc] GC(5101) Pause Young (Normal) (G1 Evacuation Pause) 201M->203M(512M) 10.083ms
[2020-08-01T12:34:42.126+0300][133.336s][info ][gc] GC(5102) Pause Young (Normal) (G1 Evacuation Pause) 224M->225M(512M) 10.407ms
[2020-08-01T12:34:42.145+0300][133.354s][info ][gc] GC(5103) Pause Young (Normal) (G1 Evacuation Pause) 246M->247M(512M) 10.286ms
[2020-08-01T12:34:42.164+0300][133.373s][info ][gc] GC(5104) Pause Young (Concurrent Start) (G1 Evacuation Pause) 268M->270M(512M) 10.391ms
[2020-08-01T12:34:42.164+0300][133.373s][info ][gc] GC(5105) Concurrent Cycle
[2020-08-01T12:34:42.211+0300][133.420s][info ][gc] GC(5106) Pause Young (Normal) (G1 Evacuation Pause) 311M->313M(512M) 10.686ms
[2020-08-01T12:34:42.230+0300][133.439s][info ][gc] GC(5107) Pause Young (Normal) (G1 Evacuation Pause) 334M->336M(512M) 10.412ms
[2020-08-01T12:34:42.250+0300][133.460s][info ][gc] GC(5108) Pause Young (Normal) (G1 Evacuation Pause) 357M->358M(512M) 11.918ms
[2020-08-01T12:34:42.270+0300][133.479s][info ][gc] GC(5109) Pause Young (Normal) (G1 Evacuation Pause) 379M->381M(512M) 10.572ms
[2020-08-01T12:34:42.290+0300][133.499s][info ][gc] GC(5110) Pause Young (Normal) (G1 Evacuation Pause) 402M->403M(512M) 10.964ms
[2020-08-01T12:34:42.311+0300][133.520s][debug][gc] GC(5105) Reclaimed 135 empty regions
[2020-08-01T12:34:42.311+0300][133.520s][info ][gc] GC(5105) Pause Remark 424M->292M(512M) 0.442ms
[2020-08-01T12:34:42.333+0300][133.542s][info ][gc] GC(5111) Pause Young (Normal) (G1 Evacuation Pause) 312M->314M(512M) 10.828ms
[2020-08-01T12:34:42.358+0300][133.568s][info ][gc] GC(5112) Pause Young (Normal) (G1 Evacuation Pause) 335M->336M(512M) 10.613ms
[2020-08-01T12:34:42.385+0300][133.595s][info ][gc] GC(5113) Pause Young (Normal) (G1 Evacuation Pause) 357M->358M(512M) 10.560ms
[2020-08-01T12:34:42.413+0300][133.622s][info ][gc] GC(5114) Pause Young (Normal) (G1 Evacuation Pause) 379M->381M(512M) 12.460ms
[2020-08-01T12:34:42.439+0300][133.648s][info ][gc] GC(5115) Pause Young (Normal) (G1 Evacuation Pause) 402M->403M(512M) 10.407ms
[2020-08-01T12:34:42.462+0300][133.672s][info ][gc] GC(5116) Pause Young (Normal) (G1 Evacuation Pause) 424M->426M(512M) 11.524ms
[2020-08-01T12:34:42.510+0300][133.719s][info ][gc] GC(5117) Pause Young (Normal) (G1 Evacuation Pause) 467M->468M(512M) 11.337ms
[2020-08-01T12:34:42.515+0300][133.724s][info ][gc] GC(5105) Pause Cleanup 469M->469M(512M) 0.120ms
[2020-08-01T12:34:42.515+0300][133.724s][info ][gc] GC(5105) Concurrent Cycle 351.294ms
[2020-08-01T12:34:42.537+0300][133.746s][info ][gc] GC(5118) To-space exhausted
[2020-08-01T12:34:42.537+0300][133.746s][info ][gc] GC(5118) Pause Young (Normal) (G1 Evacuation Pause) 489M->496M(512M) 13.405ms
[2020-08-01T12:34:42.572+0300][133.782s][info ][gc] GC(5119) To-space exhausted
[2020-08-01T12:34:42.572+0300][133.782s][info ][gc] GC(5119) Pause Young (Concurrent Start) (G1 Evacuation Pause) 511M->511M(512M) 29.480ms
[2020-08-01T12:34:42.572+0300][133.782s][info ][gc] GC(5121) Concurrent Cycle
[2020-08-01T12:34:42.573+0300][133.782s][debug][gc] GC(5120) Clear Next Bitmap 0.327ms
[2020-08-01T12:34:42.613+0300][133.822s][info ][gc] GC(5120) Pause Full (G1 Evacuation Pause) 511M->69M(512M) 40.153ms
[2020-08-01T12:34:42.613+0300][133.822s][info ][gc] GC(5121) Concurrent Cycle 40.441ms
[2020-08-01T12:34:42.636+0300][133.846s][info ][gc] GC(5122) Pause Young (Normal) (G1 Evacuation Pause) 98M->98M(512M) 12.288ms
[2020-08-01T12:34:42.660+0300][133.869s][info ][gc] GC(5123) Pause Young (Normal) (G1 Evacuation Pause) 124M->125M(512M) 12.174ms
[2020-08-01T12:34:42.692+0300][133.902s][info ][gc] GC(5124) Pause Young (Normal) (G1 Evacuation Pause) 166M->168M(512M) 10.817ms
[2020-08-01T12:34:42.711+0300][133.921s][info ][gc] GC(5125) Pause Young (Normal) (G1 Evacuation Pause) 189M->190M(512M) 10.510ms
[2020-08-01T12:34:42.730+0300][133.940s][info ][gc] GC(5126) Pause Young (Normal) (G1 Evacuation Pause) 211M->213M(512M) 10.428ms
[2020-08-01T12:34:42.749+0300][133.958s][info ][gc] GC(5127) Pause Young (Normal) (G1 Evacuation Pause) 234M->235M(512M) 10.269ms
[2020-08-01T12:34:42.768+0300][133.978s][info ][gc] GC(5128) Pause Young (Concurrent Start) (G1 Evacuation Pause) 256M->258M(512M) 10.690ms
[2020-08-01T12:34:42.768+0300][133.978s][info ][gc] GC(5129) Concurrent Cycle
[2020-08-01T12:34:42.788+0300][133.997s][info ][gc] GC(5130) Pause Young (Normal) (G1 Evacuation Pause) 279M->279M(512M) 10.334ms
[2020-08-01T12:34:42.823+0300][134.032s][info ][gc] GC(5131) Pause Young (Normal) (G1 Evacuation Pause) 320M->321M(512M) 11.385ms
[2020-08-01T12:34:42.842+0300][134.051s][info ][gc] GC(5132) Pause Young (Normal) (G1 Evacuation Pause) 342M->344M(512M) 10.379ms
[2020-08-01T12:34:42.861+0300][134.070s][info ][gc] GC(5133) Pause Young (Normal) (G1 Evacuation Pause) 365M->367M(512M) 10.568ms
[2020-08-01T12:34:42.880+0300][134.089s][info ][gc] GC(5134) Pause Young (Normal) (G1 Evacuation Pause) 388M->389M(512M) 10.015ms
[2020-08-01T12:34:42.899+0300][134.109s][info ][gc] GC(5135) Pause Young (Normal) (G1 Evacuation Pause) 410M->411M(512M) 10.664ms
[2020-08-01T12:34:42.914+0300][134.124s][debug][gc] GC(5129) Reclaimed 126 empty regions
[2020-08-01T12:34:42.914+0300][134.124s][info ][gc] GC(5129) Pause Remark 422M->300M(512M) 0.428ms
[2020-08-01T12:34:42.944+0300][134.153s][info ][gc] GC(5136) Pause Young (Normal) (G1 Evacuation Pause) 330M->331M(512M) 11.005ms
[2020-08-01T12:34:42.973+0300][134.182s][info ][gc] GC(5137) Pause Young (Normal) (G1 Evacuation Pause) 352M->354M(512M) 10.739ms
[2020-08-01T12:34:42.998+0300][134.207s][info ][gc] GC(5138) Pause Young (Normal) (G1 Evacuation Pause) 375M->376M(512M) 10.230ms
[2020-08-01T12:34:43.023+0300][134.233s][info ][gc] GC(5139) Pause Young (Normal) (G1 Evacuation Pause) 397M->398M(512M) 10.995ms
[2020-08-01T12:34:43.049+0300][134.258s][info ][gc] GC(5140) Pause Young (Normal) (G1 Evacuation Pause) 419M->420M(512M) 10.971ms
[2020-08-01T12:34:43.096+0300][134.305s][info ][gc] GC(5141) Pause Young (Normal) (G1 Evacuation Pause) 461M->463M(512M) 10.579ms
[2020-08-01T12:34:43.108+0300][134.317s][info ][gc] GC(5129) Pause Cleanup 476M->476M(512M) 0.130ms
[2020-08-01T12:34:43.108+0300][134.318s][info ][gc] GC(5129) Concurrent Cycle 340.073ms
[2020-08-01T12:34:43.123+0300][134.333s][info ][gc] GC(5142) Pause Young (Normal) (G1 Evacuation Pause) 484M->485M(512M) 12.319ms
[2020-08-01T12:34:43.165+0300][134.374s][info ][gc] GC(5143) To-space exhausted
[2020-08-01T12:34:43.165+0300][134.375s][info ][gc] GC(5143) Pause Young (Concurrent Start) (G1 Evacuation Pause) 506M->511M(512M) 33.366ms
[2020-08-01T12:34:43.165+0300][134.375s][info ][gc] GC(5145) Concurrent Cycle
[2020-08-01T12:34:43.166+0300][134.375s][debug][gc] GC(5144) Clear Next Bitmap 0.257ms
[2020-08-01T12:34:43.203+0300][134.413s][info ][gc] GC(5144) Pause Full (G1 Evacuation Pause) 511M->64M(512M) 37.838ms
[2020-08-01T12:34:43.203+0300][134.413s][info ][gc] GC(5145) Concurrent Cycle 38.122ms
[2020-08-01T12:34:43.226+0300][134.435s][info ][gc] GC(5146) Pause Young (Normal) (G1 Evacuation Pause) 91M->91M(512M) 12.105ms
[2020-08-01T12:34:43.247+0300][134.457s][info ][gc] GC(5147) Pause Young (Normal) (G1 Evacuation Pause) 115M->117M(512M) 11.656ms
[2020-08-01T12:34:43.267+0300][134.476s][info ][gc] GC(5148) Pause Young (Normal) (G1 Evacuation Pause) 138M->139M(512M) 11.230ms
[2020-08-01T12:34:43.304+0300][134.513s][info ][gc] GC(5149) Pause Young (Normal) (G1 Evacuation Pause) 180M->181M(512M) 10.784ms
[2020-08-01T12:34:43.323+0300][134.532s][info ][gc] GC(5150) Pause Young (Normal) (G1 Evacuation Pause) 202M->204M(512M) 10.650ms
[2020-08-01T12:34:43.342+0300][134.551s][info ][gc] GC(5151) Pause Young (Normal) (G1 Evacuation Pause) 225M->227M(512M) 10.554ms
[2020-08-01T12:34:43.362+0300][134.572s][info ][gc] GC(5152) Pause Young (Normal) (G1 Evacuation Pause) 248M->249M(512M) 12.288ms
[2020-08-01T12:34:43.381+0300][134.591s][info ][gc] GC(5153) Pause Young (Concurrent Start) (G1 Evacuation Pause) 270M->271M(512M) 10.799ms
[2020-08-01T12:34:43.382+0300][134.591s][info ][gc] GC(5154) Concurrent Cycle
[2020-08-01T12:34:43.423+0300][134.632s][info ][gc] GC(5155) Pause Young (Normal) (G1 Evacuation Pause) 312M->313M(512M) 10.176ms
[2020-08-01T12:34:43.442+0300][134.652s][info ][gc] GC(5156) Pause Young (Normal) (G1 Evacuation Pause) 334M->336M(512M) 10.573ms
[2020-08-01T12:34:43.461+0300][134.671s][info ][gc] GC(5157) Pause Young (Normal) (G1 Evacuation Pause) 357M->358M(512M) 10.401ms
[2020-08-01T12:34:43.481+0300][134.690s][info ][gc] GC(5158) Pause Young (Normal) (G1 Evacuation Pause) 379M->380M(512M) 10.499ms
[2020-08-01T12:34:43.500+0300][134.709s][info ][gc] GC(5159) Pause Young (Normal) (G1 Evacuation Pause) 401M->402M(512M) 10.448ms
[2020-08-01T12:34:43.526+0300][134.736s][debug][gc] GC(5154) Reclaimed 136 empty regions
[2020-08-01T12:34:43.526+0300][134.736s][info ][gc] GC(5154) Pause Remark 423M->290M(512M) 0.433ms
[2020-08-01T12:34:43.547+0300][134.756s][info ][gc] GC(5160) Pause Young (Normal) (G1 Evacuation Pause) 311M->312M(512M) 11.840ms
[2020-08-01T12:34:43.574+0300][134.783s][info ][gc] GC(5161) Pause Young (Normal) (G1 Evacuation Pause) 333M->335M(512M) 10.844ms
[2020-08-01T12:34:43.599+0300][134.809s][info ][gc] GC(5162) Pause Young (Normal) (G1 Evacuation Pause) 356M->357M(512M) 10.651ms
[2020-08-01T12:34:43.624+0300][134.834s][info ][gc] GC(5163) Pause Young (Normal) (G1 Evacuation Pause) 378M->379M(512M) 10.255ms
[2020-08-01T12:34:43.649+0300][134.858s][info ][gc] GC(5164) Pause Young (Normal) (G1 Evacuation Pause) 400M->402M(512M) 10.719ms
[2020-08-01T12:34:43.674+0300][134.884s][info ][gc] GC(5165) Pause Young (Normal) (G1 Evacuation Pause) 423M->424M(512M) 10.834ms
[2020-08-01T12:34:43.724+0300][134.933s][info ][gc] GC(5166) Pause Young (Normal) (G1 Evacuation Pause) 465M->467M(512M) 10.952ms
[2020-08-01T12:34:43.733+0300][134.942s][info ][gc] GC(5154) Pause Cleanup 473M->473M(512M) 0.123ms
[2020-08-01T12:34:43.733+0300][134.943s][info ][gc] GC(5154) Concurrent Cycle 351.727ms
[2020-08-01T12:34:43.751+0300][134.960s][info ][gc] GC(5167) To-space exhausted
[2020-08-01T12:34:43.751+0300][134.960s][info ][gc] GC(5167) Pause Young (Normal) (G1 Evacuation Pause) 488M->493M(512M) 11.906ms
[2020-08-01T12:34:43.791+0300][135.001s][info ][gc] GC(5168) To-space exhausted
[2020-08-01T12:34:43.791+0300][135.001s][info ][gc] GC(5168) Pause Young (Concurrent Start) (G1 Evacuation Pause) 511M->511M(512M) 33.012ms
[2020-08-01T12:34:43.791+0300][135.001s][info ][gc] GC(5170) Concurrent Cycle
[2020-08-01T12:34:43.792+0300][135.001s][debug][gc] GC(5169) Clear Next Bitmap 0.310ms
[2020-08-01T12:34:43.834+0300][135.043s][info ][gc] GC(5169) Pause Full (G1 Evacuation Pause) 511M->72M(512M) 42.447ms
[2020-08-01T12:34:43.834+0300][135.044s][info ][gc] GC(5170) Concurrent Cycle 42.751ms
[2020-08-01T12:34:43.856+0300][135.065s][info ][gc] GC(5171) Pause Young (Normal) (G1 Evacuation Pause) 99M->100M(512M) 11.029ms
[2020-08-01T12:34:43.878+0300][135.087s][info ][gc] GC(5172) Pause Young (Normal) (G1 Evacuation Pause) 125M->126M(512M) 12.145ms
[2020-08-01T12:34:43.938+0300][135.147s][info ][gc] GC(5173) Pause Young (Normal) (G1 Evacuation Pause) 167M->168M(512M) 16.006ms
[2020-08-01T12:34:43.960+0300][135.170s][info ][gc] GC(5174) Pause Young (Normal) (G1 Evacuation Pause) 189M->190M(512M) 12.302ms
[2020-08-01T12:34:43.980+0300][135.190s][info ][gc] GC(5175) Pause Young (Normal) (G1 Evacuation Pause) 211M->213M(512M) 11.486ms
[2020-08-01T12:34:43.999+0300][135.208s][info ][gc] GC(5176) Pause Young (Normal) (G1 Evacuation Pause) 234M->235M(512M) 10.203ms
[2020-08-01T12:34:44.018+0300][135.227s][info ][gc] GC(5177) Pause Young (Concurrent Start) (G1 Evacuation Pause) 256M->258M(512M) 10.405ms
[2020-08-01T12:34:44.018+0300][135.227s][info ][gc] GC(5178) Concurrent Cycle
[2020-08-01T12:34:44.037+0300][135.246s][info ][gc] GC(5179) Pause Young (Normal) (G1 Evacuation Pause) 279M->281M(512M) 9.946ms
[2020-08-01T12:34:44.070+0300][135.279s][info ][gc] GC(5180) Pause Young (Normal) (G1 Evacuation Pause) 322M->324M(512M) 10.374ms
[2020-08-01T12:34:44.089+0300][135.298s][info ][gc] GC(5181) Pause Young (Normal) (G1 Evacuation Pause) 345M->347M(512M) 10.215ms
[2020-08-01T12:34:44.108+0300][135.317s][info ][gc] GC(5182) Pause Young (Normal) (G1 Evacuation Pause) 368M->370M(512M) 10.308ms
[2020-08-01T12:34:44.127+0300][135.337s][info ][gc] GC(5183) Pause Young (Normal) (G1 Evacuation Pause) 392M->393M(512M) 10.366ms
[2020-08-01T12:34:44.146+0300][135.355s][info ][gc] GC(5184) Pause Young (Normal) (G1 Evacuation Pause) 414M->416M(512M) 10.339ms
[2020-08-01T12:34:44.162+0300][135.371s][debug][gc] GC(5178) Reclaimed 127 empty regions
[2020-08-01T12:34:44.162+0300][135.371s][info ][gc] GC(5178) Pause Remark 426M->302M(512M) 0.465ms
[2020-08-01T12:34:44.189+0300][135.399s][info ][gc] GC(5185) Pause Young (Normal) (G1 Evacuation Pause) 333M->334M(512M) 10.780ms
[2020-08-01T12:34:44.215+0300][135.424s][info ][gc] GC(5186) Pause Young (Normal) (G1 Evacuation Pause) 355M->356M(512M) 10.322ms
[2020-08-01T12:34:44.240+0300][135.449s][info ][gc] GC(5187) Pause Young (Normal) (G1 Evacuation Pause) 377M->378M(512M) 10.556ms
[2020-08-01T12:34:44.263+0300][135.473s][info ][gc] GC(5188) Pause Young (Normal) (G1 Evacuation Pause) 399M->401M(512M) 10.406ms
[2020-08-01T12:34:44.291+0300][135.500s][info ][gc] GC(5189) Pause Young (Normal) (G1 Evacuation Pause) 422M->424M(512M) 12.335ms
[2020-08-01T12:34:44.341+0300][135.551s][info ][gc] GC(5190) Pause Young (Normal) (G1 Evacuation Pause) 465M->466M(512M) 11.177ms
[2020-08-01T12:34:44.370+0300][135.579s][info ][gc] GC(5191) To-space exhausted
[2020-08-01T12:34:44.370+0300][135.579s][info ][gc] GC(5191) Pause Young (Normal) (G1 Evacuation Pause) 487M->493M(512M) 14.311ms
[2020-08-01T12:34:44.377+0300][135.586s][info ][gc] GC(5178) Pause Cleanup 494M->494M(512M) 0.131ms
[2020-08-01T12:34:44.377+0300][135.586s][info ][gc] GC(5178) Concurrent Cycle 359.150ms
[2020-08-01T12:34:44.416+0300][135.626s][info ][gc] GC(5192) To-space exhausted
[2020-08-01T12:34:44.416+0300][135.626s][info ][gc] GC(5192) Pause Young (Normal) (G1 Evacuation Pause) 511M->511M(512M) 32.193ms
[2020-08-01T12:34:44.454+0300][135.663s][info ][gc] GC(5193) Pause Full (G1 Evacuation Pause) 511M->62M(512M) 37.196ms
[2020-08-01T12:34:44.475+0300][135.684s][info ][gc] GC(5194) Pause Young (Normal) (G1 Evacuation Pause) 88M->88M(512M) 10.499ms
[2020-08-01T12:34:44.495+0300][135.705s][info ][gc] GC(5195) Pause Young (Normal) (G1 Evacuation Pause) 111M->112M(512M) 11.750ms
[2020-08-01T12:34:44.514+0300][135.724s][info ][gc] GC(5196) Pause Young (Normal) (G1 Evacuation Pause) 133M->135M(512M) 10.445ms
[2020-08-01T12:34:44.548+0300][135.757s][info ][gc] GC(5197) Pause Young (Normal) (G1 Evacuation Pause) 176M->177M(512M) 10.504ms
[2020-08-01T12:34:44.567+0300][135.776s][info ][gc] GC(5198) Pause Young (Normal) (G1 Evacuation Pause) 198M->199M(512M) 10.370ms
[2020-08-01T12:34:44.585+0300][135.794s][info ][gc] GC(5199) Pause Young (Normal) (G1 Evacuation Pause) 220M->221M(512M) 9.732ms
[2020-08-01T12:34:44.604+0300][135.813s][info ][gc] GC(5200) Pause Young (Normal) (G1 Evacuation Pause) 242M->243M(512M) 10.347ms
[2020-08-01T12:34:44.623+0300][135.832s][info ][gc] GC(5201) Pause Young (Concurrent Start) (G1 Evacuation Pause) 264M->266M(512M) 10.755ms
[2020-08-01T12:34:44.623+0300][135.832s][info ][gc] GC(5202) Concurrent Cycle
[2020-08-01T12:34:44.670+0300][135.879s][info ][gc] GC(5203) Pause Young (Normal) (G1 Evacuation Pause) 307M->308M(512M) 11.859ms
[2020-08-01T12:34:44.689+0300][135.898s][info ][gc] GC(5204) Pause Young (Normal) (G1 Evacuation Pause) 329M->330M(512M) 10.227ms
[2020-08-01T12:34:44.708+0300][135.917s][info ][gc] GC(5205) Pause Young (Normal) (G1 Evacuation Pause) 351M->353M(512M) 10.410ms
[2020-08-01T12:34:44.727+0300][135.937s][info ][gc] GC(5206) Pause Young (Normal) (G1 Evacuation Pause) 374M->375M(512M) 10.718ms
[2020-08-01T12:34:44.748+0300][135.957s][info ][gc] GC(5207) Pause Young (Normal) (G1 Evacuation Pause) 396M->398M(512M) 11.697ms
[2020-08-01T12:34:44.767+0300][135.976s][info ][gc] GC(5208) Pause Young (Normal) (G1 Evacuation Pause) 419M->420M(512M) 10.364ms
[2020-08-01T12:34:44.778+0300][135.987s][debug][gc] GC(5202) Reclaimed 130 empty regions
[2020-08-01T12:34:44.778+0300][135.987s][info ][gc] GC(5202) Pause Remark 423M->296M(512M) 0.423ms
[2020-08-01T12:34:44.813+0300][136.022s][info ][gc] GC(5209) Pause Young (Normal) (G1 Evacuation Pause) 334M->335M(512M) 11.059ms
[2020-08-01T12:34:44.841+0300][136.051s][info ][gc] GC(5210) Pause Young (Normal) (G1 Evacuation Pause) 356M->358M(512M) 10.374ms
[2020-08-01T12:34:44.867+0300][136.076s][info ][gc] GC(5211) Pause Young (Normal) (G1 Evacuation Pause) 379M->380M(512M) 10.545ms
[2020-08-01T12:34:44.892+0300][136.102s][info ][gc] GC(5212) Pause Young (Normal) (G1 Evacuation Pause) 401M->402M(512M) 10.586ms
[2020-08-01T12:34:44.918+0300][136.127s][info ][gc] GC(5213) Pause Young (Normal) (G1 Evacuation Pause) 423M->425M(512M) 11.333ms
[2020-08-01T12:34:44.966+0300][136.176s][info ][gc] GC(5214) Pause Young (Normal) (G1 Evacuation Pause) 466M->468M(512M) 10.724ms
[2020-08-01T12:34:44.974+0300][136.184s][info ][gc] GC(5202) Pause Cleanup 473M->473M(512M) 0.156ms
[2020-08-01T12:34:44.975+0300][136.184s][info ][gc] GC(5202) Concurrent Cycle 352.000ms
[2020-08-01T12:34:44.995+0300][136.204s][info ][gc] GC(5215) To-space exhausted
[2020-08-01T12:34:44.995+0300][136.204s][info ][gc] GC(5215) Pause Young (Normal) (G1 Evacuation Pause) 489M->498M(512M) 13.536ms
[2020-08-01T12:34:45.025+0300][136.234s][info ][gc] GC(5216) To-space exhausted
[2020-08-01T12:34:45.025+0300][136.234s][info ][gc] GC(5216) Pause Young (Concurrent Start) (G1 Evacuation Pause) 511M->511M(512M) 25.101ms
[2020-08-01T12:34:45.025+0300][136.234s][info ][gc] GC(5218) Concurrent Cycle
[2020-08-01T12:34:45.025+0300][136.235s][debug][gc] GC(5217) Clear Next Bitmap 0.379ms
[2020-08-01T12:34:45.062+0300][136.271s][info ][gc] GC(5217) Pause Full (G1 Evacuation Pause) 511M->63M(512M) 36.610ms
[2020-08-01T12:34:45.062+0300][136.271s][info ][gc] GC(5218) Concurrent Cycle 36.906ms
[2020-08-01T12:34:45.085+0300][136.295s][info ][gc] GC(5219) Pause Young (Normal) (G1 Evacuation Pause) 91M->92M(512M) 12.511ms
[2020-08-01T12:34:45.108+0300][136.317s][info ][gc] GC(5220) Pause Young (Normal) (G1 Evacuation Pause) 117M->118M(512M) 11.727ms
[2020-08-01T12:34:45.189+0300][136.398s][info ][gc] GC(5221) Pause Young (Normal) (G1 Evacuation Pause) 159M->161M(512M) 41.090ms
[2020-08-01T12:34:45.215+0300][136.424s][info ][gc] GC(5222) Pause Young (Normal) (G1 Evacuation Pause) 182M->183M(512M) 12.486ms
[2020-08-01T12:34:45.234+0300][136.443s][info ][gc] GC(5223) Pause Young (Normal) (G1 Evacuation Pause) 204M->206M(512M) 10.319ms
[2020-08-01T12:34:45.253+0300][136.462s][info ][gc] GC(5224) Pause Young (Normal) (G1 Evacuation Pause) 227M->229M(512M) 10.741ms
[2020-08-01T12:34:45.272+0300][136.481s][info ][gc] GC(5225) Pause Young (Normal) (G1 Evacuation Pause) 250M->251M(512M) 10.357ms
[2020-08-01T12:34:45.291+0300][136.500s][info ][gc] GC(5226) Pause Young (Concurrent Start) (G1 Evacuation Pause) 272M->273M(512M) 10.622ms
[2020-08-01T12:34:45.291+0300][136.500s][info ][gc] GC(5227) Concurrent Cycle
[2020-08-01T12:34:45.327+0300][136.536s][info ][gc] GC(5228) Pause Young (Normal) (G1 Evacuation Pause) 314M->315M(512M) 10.802ms
[2020-08-01T12:34:45.346+0300][136.555s][info ][gc] GC(5229) Pause Young (Normal) (G1 Evacuation Pause) 336M->338M(512M) 10.369ms
[2020-08-01T12:34:45.366+0300][136.575s][info ][gc] GC(5230) Pause Young (Normal) (G1 Evacuation Pause) 359M->360M(512M) 11.399ms
[2020-08-01T12:34:45.385+0300][136.595s][info ][gc] GC(5231) Pause Young (Normal) (G1 Evacuation Pause) 381M->383M(512M) 10.432ms
[2020-08-01T12:34:45.405+0300][136.615s][info ][gc] GC(5232) Pause Young (Normal) (G1 Evacuation Pause) 404M->405M(512M) 11.122ms
[2020-08-01T12:34:45.446+0300][136.656s][info ][gc] GC(5233) Pause Young (Normal) (G1 Evacuation Pause) 446M->447M(512M) 10.141ms
[2020-08-01T12:34:45.451+0300][136.660s][debug][gc] GC(5227) Reclaimed 132 empty regions
[2020-08-01T12:34:45.451+0300][136.660s][info ][gc] GC(5227) Pause Remark 457M->328M(512M) 0.457ms
[2020-08-01T12:34:45.466+0300][136.676s][info ][gc] GC(5234) Pause Young (Normal) (G1 Evacuation Pause) 339M->340M(512M) 10.567ms
[2020-08-01T12:34:45.491+0300][136.701s][info ][gc] GC(5235) Pause Young (Normal) (G1 Evacuation Pause) 361M->363M(512M) 10.449ms
[2020-08-01T12:34:45.516+0300][136.726s][info ][gc] GC(5236) Pause Young (Normal) (G1 Evacuation Pause) 384M->386M(512M) 10.333ms
[2020-08-01T12:34:45.542+0300][136.751s][info ][gc] GC(5237) Pause Young (Normal) (G1 Evacuation Pause) 407M->408M(512M) 11.565ms
[2020-08-01T12:34:45.568+0300][136.777s][info ][gc] GC(5238) Pause Young (Normal) (G1 Evacuation Pause) 429M->431M(512M) 10.708ms
[2020-08-01T12:34:45.606+0300][136.816s][info ][gc] GC(5239) Pause Young (Normal) (G1 Evacuation Pause) 472M->473M(512M) 10.606ms
[2020-08-01T12:34:45.636+0300][136.846s][info ][gc] GC(5240) To-space exhausted
[2020-08-01T12:34:45.637+0300][136.846s][info ][gc] GC(5240) Pause Young (Normal) (G1 Evacuation Pause) 494M->501M(512M) 18.475ms
[2020-08-01T12:34:45.667+0300][136.877s][info ][gc] GC(5241) To-space exhausted
[2020-08-01T12:34:45.667+0300][136.877s][info ][gc] GC(5241) Pause Young (Normal) (G1 Evacuation Pause) 511M->511M(512M) 20.239ms
[2020-08-01T12:34:45.668+0300][136.877s][debug][gc] GC(5242) Clear Next Bitmap 0.340ms
[2020-08-01T12:34:45.708+0300][136.918s][info ][gc] GC(5242) Pause Full (G1 Evacuation Pause) 511M->66M(512M) 40.983ms
[2020-08-01T12:34:45.709+0300][136.918s][info ][gc] GC(5227) Concurrent Cycle 417.565ms
[2020-08-01T12:34:45.729+0300][136.938s][info ][gc] GC(5243) Pause Young (Normal) (G1 Evacuation Pause) 91M->91M(512M) 10.761ms
[2020-08-01T12:34:45.748+0300][136.957s][info ][gc] GC(5244) Pause Young (Normal) (G1 Evacuation Pause) 112M->114M(512M) 10.467ms
[2020-08-01T12:34:45.767+0300][136.976s][info ][gc] GC(5245) Pause Young (Normal) (G1 Evacuation Pause) 135M->136M(512M) 10.250ms
[2020-08-01T12:34:45.810+0300][137.019s][info ][gc] GC(5246) Pause Young (Normal) (G1 Evacuation Pause) 177M->179M(512M) 10.030ms
[2020-08-01T12:34:45.829+0300][137.038s][info ][gc] GC(5247) Pause Young (Normal) (G1 Evacuation Pause) 200M->201M(512M) 10.522ms
[2020-08-01T12:34:45.848+0300][137.057s][info ][gc] GC(5248) Pause Young (Normal) (G1 Evacuation Pause) 222M->223M(512M) 10.127ms
[2020-08-01T12:34:45.868+0300][137.077s][info ][gc] GC(5249) Pause Young (Normal) (G1 Evacuation Pause) 244M->245M(512M) 11.725ms
[2020-08-01T12:34:45.887+0300][137.096s][info ][gc] GC(5250) Pause Young (Concurrent Start) (G1 Evacuation Pause) 266M->268M(512M) 10.282ms
[2020-08-01T12:34:45.887+0300][137.096s][info ][gc] GC(5251) Concurrent Cycle
[2020-08-01T12:34:45.931+0300][137.141s][info ][gc] GC(5252) Pause Young (Normal) (G1 Evacuation Pause) 309M->310M(512M) 10.401ms
[2020-08-01T12:34:45.950+0300][137.160s][info ][gc] GC(5253) Pause Young (Normal) (G1 Evacuation Pause) 331M->332M(512M) 10.438ms
[2020-08-01T12:34:45.970+0300][137.179s][info ][gc] GC(5254) Pause Young (Normal) (G1 Evacuation Pause) 353M->355M(512M) 10.510ms
[2020-08-01T12:34:45.992+0300][137.202s][info ][gc] GC(5255) Pause Young (Normal) (G1 Evacuation Pause) 376M->378M(512M) 13.522ms
[2020-08-01T12:34:46.012+0300][137.221s][info ][gc] GC(5256) Pause Young (Normal) (G1 Evacuation Pause) 399M->401M(512M) 10.398ms
[2020-08-01T12:34:46.031+0300][137.240s][info ][gc] GC(5257) Pause Young (Normal) (G1 Evacuation Pause) 422M->423M(512M) 10.577ms
[2020-08-01T12:34:46.044+0300][137.253s][debug][gc] GC(5251) Reclaimed 133 empty regions
[2020-08-01T12:34:46.044+0300][137.253s][info ][gc] GC(5251) Pause Remark 425M->295M(512M) 0.425ms
[2020-08-01T12:34:46.077+0300][137.287s][info ][gc] GC(5258) Pause Young (Normal) (G1 Evacuation Pause) 334M->335M(512M) 12.463ms
[2020-08-01T12:34:46.106+0300][137.315s][info ][gc] GC(5259) Pause Young (Normal) (G1 Evacuation Pause) 356M->358M(512M) 10.496ms
[2020-08-01T12:34:46.131+0300][137.340s][info ][gc] GC(5260) Pause Young (Normal) (G1 Evacuation Pause) 379M->381M(512M) 10.473ms
[2020-08-01T12:34:46.156+0300][137.365s][info ][gc] GC(5261) Pause Young (Normal) (G1 Evacuation Pause) 402M->404M(512M) 10.776ms
[2020-08-01T12:34:46.181+0300][137.390s][info ][gc] GC(5262) Pause Young (Normal) (G1 Evacuation Pause) 425M->426M(512M) 10.461ms
[2020-08-01T12:34:46.227+0300][137.436s][info ][gc] GC(5263) Pause Young (Normal) (G1 Evacuation Pause) 467M->468M(512M) 10.385ms
[2020-08-01T12:34:46.253+0300][137.462s][info ][gc] GC(5264) To-space exhausted
[2020-08-01T12:34:46.253+0300][137.462s][info ][gc] GC(5264) Pause Young (Normal) (G1 Evacuation Pause) 489M->497M(512M) 13.437ms
[2020-08-01T12:34:46.259+0300][137.468s][info ][gc] GC(5251) Pause Cleanup 498M->498M(512M) 0.135ms
[2020-08-01T12:34:46.259+0300][137.469s][info ][gc] GC(5251) Concurrent Cycle 372.578ms
[2020-08-01T12:34:46.290+0300][137.500s][info ][gc] GC(5265) To-space exhausted
[2020-08-01T12:34:46.290+0300][137.500s][info ][gc] GC(5265) Pause Young (Normal) (G1 Evacuation Pause) 511M->511M(512M) 25.507ms
[2020-08-01T12:34:46.329+0300][137.538s][info ][gc] GC(5266) Pause Full (G1 Evacuation Pause) 511M->65M(512M) 38.352ms
[2020-08-01T12:34:46.350+0300][137.559s][info ][gc] GC(5267) Pause Young (Normal) (G1 Evacuation Pause) 92M->93M(512M) 9.952ms
[2020-08-01T12:34:46.373+0300][137.582s][info ][gc] GC(5268) Pause Young (Normal) (G1 Evacuation Pause) 118M->119M(512M) 13.215ms
[2020-08-01T12:34:46.444+0300][137.653s][info ][gc] GC(5269) Pause Young (Normal) (G1 Evacuation Pause) 160M->161M(512M) 30.944ms
[2020-08-01T12:34:46.469+0300][137.679s][info ][gc] GC(5270) Pause Young (Normal) (G1 Evacuation Pause) 182M->183M(512M) 12.525ms
[2020-08-01T12:34:46.488+0300][137.698s][info ][gc] GC(5271) Pause Young (Normal) (G1 Evacuation Pause) 204M->206M(512M) 10.237ms
[2020-08-01T12:34:46.508+0300][137.717s][info ][gc] GC(5272) Pause Young (Normal) (G1 Evacuation Pause) 227M->228M(512M) 10.969ms
[2020-08-01T12:34:46.527+0300][137.736s][info ][gc] GC(5273) Pause Young (Normal) (G1 Evacuation Pause) 249M->251M(512M) 10.660ms
[2020-08-01T12:34:46.545+0300][137.755s][info ][gc] GC(5274) Pause Young (Concurrent Start) (G1 Evacuation Pause) 272M->273M(512M) 10.350ms
[2020-08-01T12:34:46.545+0300][137.755s][info ][gc] GC(5275) Concurrent Cycle
[2020-08-01T12:34:46.588+0300][137.797s][info ][gc] GC(5276) Pause Young (Normal) (G1 Evacuation Pause) 314M->316M(512M) 10.380ms
[2020-08-01T12:34:46.607+0300][137.816s][info ][gc] GC(5277) Pause Young (Normal) (G1 Evacuation Pause) 337M->339M(512M) 10.488ms
[2020-08-01T12:34:46.626+0300][137.836s][info ][gc] GC(5278) Pause Young (Normal) (G1 Evacuation Pause) 360M->361M(512M) 10.632ms
[2020-08-01T12:34:46.645+0300][137.855s][info ][gc] GC(5279) Pause Young (Normal) (G1 Evacuation Pause) 382M->383M(512M) 10.464ms
[2020-08-01T12:34:46.668+0300][137.877s][info ][gc] GC(5280) Pause Young (Normal) (G1 Evacuation Pause) 404M->405M(512M) 11.344ms
[2020-08-01T12:34:46.695+0300][137.905s][debug][gc] GC(5275) Reclaimed 132 empty regions
[2020-08-01T12:34:46.695+0300][137.905s][info ][gc] GC(5275) Pause Remark 443M->314M(512M) 0.545ms
[2020-08-01T12:34:46.710+0300][137.919s][info ][gc] GC(5281) Pause Young (Normal) (G1 Evacuation Pause) 317M->319M(512M) 10.748ms
[2020-08-01T12:34:46.735+0300][137.944s][info ][gc] GC(5282) Pause Young (Normal) (G1 Evacuation Pause) 340M->341M(512M) 10.517ms
[2020-08-01T12:34:46.760+0300][137.969s][info ][gc] GC(5283) Pause Young (Normal) (G1 Evacuation Pause) 362M->363M(512M) 10.587ms
[2020-08-01T12:34:46.785+0300][137.994s][info ][gc] GC(5284) Pause Young (Normal) (G1 Evacuation Pause) 384M->386M(512M) 10.456ms
[2020-08-01T12:34:46.810+0300][138.019s][info ][gc] GC(5285) Pause Young (Normal) (G1 Evacuation Pause) 407M->408M(512M) 10.426ms
[2020-08-01T12:34:46.835+0300][138.044s][info ][gc] GC(5286) Pause Young (Normal) (G1 Evacuation Pause) 429M->431M(512M) 10.539ms
[2020-08-01T12:34:46.872+0300][138.081s][info ][gc] GC(5287) Pause Young (Normal) (G1 Evacuation Pause) 472M->473M(512M) 12.836ms
[2020-08-01T12:34:46.904+0300][138.114s][info ][gc] GC(5288) To-space exhausted
[2020-08-01T12:34:46.904+0300][138.114s][info ][gc] GC(5288) Pause Young (Normal) (G1 Evacuation Pause) 494M->501M(512M) 19.011ms
[2020-08-01T12:34:46.935+0300][138.144s][info ][gc] GC(5289) To-space exhausted
[2020-08-01T12:34:46.935+0300][138.144s][info ][gc] GC(5289) Pause Young (Normal) (G1 Evacuation Pause) 511M->511M(512M) 20.022ms
[2020-08-01T12:34:46.935+0300][138.145s][debug][gc] GC(5290) Clear Next Bitmap 0.471ms
[2020-08-01T12:34:46.975+0300][138.184s][info ][gc] GC(5290) Pause Full (G1 Evacuation Pause) 511M->67M(512M) 40.058ms
[2020-08-01T12:34:46.975+0300][138.185s][info ][gc] GC(5275) Concurrent Cycle 429.817ms
[2020-08-01T12:34:46.996+0300][138.205s][info ][gc] GC(5291) Pause Young (Normal) (G1 Evacuation Pause) 92M->93M(512M) 10.999ms
[2020-08-01T12:34:47.015+0300][138.224s][info ][gc] GC(5292) Pause Young (Normal) (G1 Evacuation Pause) 114M->115M(512M) 10.387ms
[2020-08-01T12:34:47.035+0300][138.245s][info ][gc] GC(5293) Pause Young (Normal) (G1 Evacuation Pause) 136M->138M(512M) 12.005ms
[2020-08-01T12:34:47.116+0300][138.325s][info ][gc] GC(5294) Pause Young (Normal) (G1 Evacuation Pause) 179M->181M(512M) 31.349ms
[2020-08-01T12:34:47.144+0300][138.354s][info ][gc] GC(5295) Pause Young (Normal) (G1 Evacuation Pause) 202M->203M(512M) 13.294ms
[2020-08-01T12:34:47.164+0300][138.373s][info ][gc] GC(5296) Pause Young (Normal) (G1 Evacuation Pause) 224M->226M(512M) 10.443ms
[2020-08-01T12:34:47.183+0300][138.392s][info ][gc] GC(5297) Pause Young (Normal) (G1 Evacuation Pause) 247M->248M(512M) 10.472ms
[2020-08-01T12:34:47.203+0300][138.412s][info ][gc] GC(5298) Pause Young (Concurrent Start) (G1 Evacuation Pause) 269M->270M(512M) 11.855ms
[2020-08-01T12:34:47.203+0300][138.412s][info ][gc] GC(5299) Concurrent Cycle
[2020-08-01T12:34:47.244+0300][138.454s][info ][gc] GC(5300) Pause Young (Normal) (G1 Evacuation Pause) 311M->312M(512M) 11.051ms
[2020-08-01T12:34:47.264+0300][138.473s][info ][gc] GC(5301) Pause Young (Normal) (G1 Evacuation Pause) 333M->335M(512M) 10.749ms
[2020-08-01T12:34:47.284+0300][138.494s][info ][gc] GC(5302) Pause Young (Normal) (G1 Evacuation Pause) 356M->358M(512M) 11.963ms
[2020-08-01T12:34:47.303+0300][138.513s][info ][gc] GC(5303) Pause Young (Normal) (G1 Evacuation Pause) 379M->380M(512M) 10.212ms
[2020-08-01T12:34:47.323+0300][138.532s][info ][gc] GC(5304) Pause Young (Normal) (G1 Evacuation Pause) 401M->402M(512M) 10.444ms
[2020-08-01T12:34:47.342+0300][138.552s][info ][gc] GC(5305) Pause Young (Normal) (G1 Evacuation Pause) 423M->425M(512M) 10.613ms
[2020-08-01T12:34:47.360+0300][138.569s][debug][gc] GC(5299) Reclaimed 135 empty regions
[2020-08-01T12:34:47.360+0300][138.569s][info ][gc] GC(5299) Pause Remark 425M->295M(512M) 0.452ms
[2020-08-01T12:34:47.388+0300][138.597s][info ][gc] GC(5306) Pause Young (Normal) (G1 Evacuation Pause) 335M->336M(512M) 11.059ms
[2020-08-01T12:34:47.416+0300][138.625s][info ][gc] GC(5307) Pause Young (Normal) (G1 Evacuation Pause) 357M->358M(512M) 10.472ms
[2020-08-01T12:34:47.442+0300][138.651s][info ][gc] GC(5308) Pause Young (Normal) (G1 Evacuation Pause) 379M->381M(512M) 11.212ms
[2020-08-01T12:34:47.467+0300][138.677s][info ][gc] GC(5309) Pause Young (Normal) (G1 Evacuation Pause) 402M->404M(512M) 10.469ms
[2020-08-01T12:34:47.493+0300][138.702s][info ][gc] GC(5310) Pause Young (Normal) (G1 Evacuation Pause) 425M->426M(512M) 10.637ms
[2020-08-01T12:34:47.538+0300][138.747s][info ][gc] GC(5311) Pause Young (Normal) (G1 Evacuation Pause) 467M->468M(512M) 10.577ms
[2020-08-01T12:34:47.566+0300][138.775s][info ][gc] GC(5312) To-space exhausted
[2020-08-01T12:34:47.566+0300][138.775s][info ][gc] GC(5312) Pause Young (Normal) (G1 Evacuation Pause) 489M->496M(512M) 12.730ms
[2020-08-01T12:34:47.571+0300][138.780s][info ][gc] GC(5299) Pause Cleanup 497M->497M(512M) 0.126ms
[2020-08-01T12:34:47.571+0300][138.780s][info ][gc] GC(5299) Concurrent Cycle 367.984ms
[2020-08-01T12:34:47.606+0300][138.815s][info ][gc] GC(5313) To-space exhausted
[2020-08-01T12:34:47.606+0300][138.815s][info ][gc] GC(5313) Pause Young (Normal) (G1 Evacuation Pause) 511M->511M(512M) 29.111ms
[2020-08-01T12:34:47.646+0300][138.855s][info ][gc] GC(5314) Pause Full (G1 Evacuation Pause) 511M->68M(512M) 39.692ms
[2020-08-01T12:34:47.668+0300][138.877s][info ][gc] GC(5315) Pause Young (Normal) (G1 Evacuation Pause) 93M->93M(512M) 11.406ms
[2020-08-01T12:34:47.686+0300][138.896s][info ][gc] GC(5316) Pause Young (Normal) (G1 Evacuation Pause) 114M->115M(512M) 10.195ms
[2020-08-01T12:34:47.705+0300][138.914s][info ][gc] GC(5317) Pause Young (Normal) (G1 Evacuation Pause) 136M->138M(512M) 9.847ms
[2020-08-01T12:34:47.743+0300][138.952s][info ][gc] GC(5318) Pause Young (Normal) (G1 Evacuation Pause) 179M->180M(512M) 10.622ms
[2020-08-01T12:34:47.762+0300][138.972s][info ][gc] GC(5319) Pause Young (Normal) (G1 Evacuation Pause) 201M->203M(512M) 11.021ms
[2020-08-01T12:34:47.781+0300][138.991s][info ][gc] GC(5320) Pause Young (Normal) (G1 Evacuation Pause) 224M->225M(512M) 10.521ms
[2020-08-01T12:34:47.800+0300][139.010s][info ][gc] GC(5321) Pause Young (Normal) (G1 Evacuation Pause) 246M->248M(512M) 10.340ms
[2020-08-01T12:34:47.819+0300][139.029s][info ][gc] GC(5322) Pause Young (Concurrent Start) (G1 Evacuation Pause) 269M->270M(512M) 10.854ms
[2020-08-01T12:34:47.819+0300][139.029s][info ][gc] GC(5323) Concurrent Cycle
[2020-08-01T12:34:47.866+0300][139.075s][info ][gc] GC(5324) Pause Young (Normal) (G1 Evacuation Pause) 312M->313M(512M) 10.888ms
[2020-08-01T12:34:47.885+0300][139.095s][info ][gc] GC(5325) Pause Young (Normal) (G1 Evacuation Pause) 334M->335M(512M) 10.503ms
[2020-08-01T12:34:47.905+0300][139.114s][info ][gc] GC(5326) Pause Young (Normal) (G1 Evacuation Pause) 356M->357M(512M) 10.500ms
[2020-08-01T12:34:47.924+0300][139.133s][info ][gc] GC(5327) Pause Young (Normal) (G1 Evacuation Pause) 378M->379M(512M) 10.388ms
[2020-08-01T12:34:47.943+0300][139.152s][info ][gc] GC(5328) Pause Young (Normal) (G1 Evacuation Pause) 400M->402M(512M) 10.307ms
[2020-08-01T12:34:47.963+0300][139.173s][debug][gc] GC(5323) Reclaimed 134 empty regions
[2020-08-01T12:34:47.963+0300][139.173s][info ][gc] GC(5323) Pause Remark 422M->291M(512M) 0.408ms
[2020-08-01T12:34:47.987+0300][139.196s][info ][gc] GC(5329) Pause Young (Normal) (G1 Evacuation Pause) 311M->313M(512M) 12.406ms
[2020-08-01T12:34:48.012+0300][139.221s][info ][gc] GC(5330) Pause Young (Normal) (G1 Evacuation Pause) 334M->335M(512M) 10.824ms
[2020-08-01T12:34:48.039+0300][139.248s][info ][gc] GC(5331) Pause Young (Normal) (G1 Evacuation Pause) 356M->357M(512M) 11.728ms
[2020-08-01T12:34:48.064+0300][139.274s][info ][gc] GC(5332) Pause Young (Normal) (G1 Evacuation Pause) 378M->380M(512M) 10.576ms
[2020-08-01T12:34:48.090+0300][139.299s][info ][gc] GC(5333) Pause Young (Normal) (G1 Evacuation Pause) 401M->402M(512M) 10.506ms
[2020-08-01T12:34:48.113+0300][139.322s][info ][gc] GC(5334) Pause Young (Normal) (G1 Evacuation Pause) 423M->425M(512M) 10.857ms
[2020-08-01T12:34:48.161+0300][139.370s][info ][gc] GC(5335) Pause Young (Normal) (G1 Evacuation Pause) 466M->467M(512M) 11.074ms
[2020-08-01T12:34:48.171+0300][139.380s][info ][gc] GC(5323) Pause Cleanup 479M->479M(512M) 0.125ms
[2020-08-01T12:34:48.172+0300][139.381s][info ][gc] GC(5323) Concurrent Cycle 352.189ms
[2020-08-01T12:34:48.188+0300][139.397s][info ][gc] GC(5336) To-space exhausted
[2020-08-01T12:34:48.188+0300][139.397s][info ][gc] GC(5336) Pause Young (Normal) (G1 Evacuation Pause) 488M->497M(512M) 12.679ms
[2020-08-01T12:34:48.223+0300][139.432s][info ][gc] GC(5337) To-space exhausted
[2020-08-01T12:34:48.223+0300][139.432s][info ][gc] GC(5337) Pause Young (Concurrent Start) (G1 Evacuation Pause) 511M->511M(512M) 29.477ms
[2020-08-01T12:34:48.223+0300][139.432s][info ][gc] GC(5339) Concurrent Cycle
[2020-08-01T12:34:48.223+0300][139.433s][debug][gc] GC(5338) Clear Next Bitmap 0.295ms
[2020-08-01T12:34:48.264+0300][139.473s][info ][gc] GC(5338) Pause Full (G1 Evacuation Pause) 511M->68M(512M) 40.760ms
[2020-08-01T12:34:48.264+0300][139.473s][info ][gc] GC(5339) Concurrent Cycle 41.044ms
[2020-08-01T12:34:48.286+0300][139.495s][info ][gc] GC(5340) Pause Young (Normal) (G1 Evacuation Pause) 95M->96M(512M) 11.249ms
[2020-08-01T12:34:48.307+0300][139.516s][info ][gc] GC(5341) Pause Young (Normal) (G1 Evacuation Pause) 120M->121M(512M) 11.851ms
[2020-08-01T12:34:48.383+0300][139.592s][info ][gc] GC(5342) Pause Young (Normal) (G1 Evacuation Pause) 162M->163M(512M) 35.407ms
[2020-08-01T12:34:48.410+0300][139.619s][info ][gc] GC(5343) Pause Young (Normal) (G1 Evacuation Pause) 184M->185M(512M) 14.165ms
[2020-08-01T12:34:48.429+0300][139.638s][info ][gc] GC(5344) Pause Young (Normal) (G1 Evacuation Pause) 206M->207M(512M) 10.328ms
[2020-08-01T12:34:48.448+0300][139.657s][info ][gc] GC(5345) Pause Young (Normal) (G1 Evacuation Pause) 228M->230M(512M) 10.453ms
[2020-08-01T12:34:48.466+0300][139.676s][info ][gc] GC(5346) Pause Young (Normal) (G1 Evacuation Pause) 251M->252M(512M) 10.428ms
[2020-08-01T12:34:48.486+0300][139.695s][info ][gc] GC(5347) Pause Young (Concurrent Start) (G1 Evacuation Pause) 273M->274M(512M) 10.811ms
[2020-08-01T12:34:48.486+0300][139.695s][info ][gc] GC(5348) Concurrent Cycle
[2020-08-01T12:34:48.521+0300][139.730s][info ][gc] GC(5349) Pause Young (Normal) (G1 Evacuation Pause) 315M->316M(512M) 11.021ms
[2020-08-01T12:34:48.540+0300][139.749s][info ][gc] GC(5350) Pause Young (Normal) (G1 Evacuation Pause) 337M->339M(512M) 10.291ms
[2020-08-01T12:34:48.559+0300][139.768s][info ][gc] GC(5351) Pause Young (Normal) (G1 Evacuation Pause) 360M->361M(512M) 10.410ms
[2020-08-01T12:34:48.580+0300][139.789s][info ][gc] GC(5352) Pause Young (Normal) (G1 Evacuation Pause) 382M->383M(512M) 11.975ms
[2020-08-01T12:34:48.599+0300][139.808s][info ][gc] GC(5353) Pause Young (Normal) (G1 Evacuation Pause) 404M->406M(512M) 10.562ms
[2020-08-01T12:34:48.641+0300][139.851s][info ][gc] GC(5354) Pause Young (Normal) (G1 Evacuation Pause) 447M->449M(512M) 10.730ms
[2020-08-01T12:34:48.650+0300][139.859s][debug][gc] GC(5348) Reclaimed 130 empty regions
[2020-08-01T12:34:48.650+0300][139.859s][info ][gc] GC(5348) Pause Remark 468M->340M(512M) 0.484ms
[2020-08-01T12:34:48.663+0300][139.873s][info ][gc] GC(5355) Pause Young (Normal) (G1 Evacuation Pause) 342M->344M(512M) 11.758ms
[2020-08-01T12:34:48.684+0300][139.893s][info ][gc] GC(5356) Pause Young (Normal) (G1 Evacuation Pause) 365M->366M(512M) 12.265ms
[2020-08-01T12:34:48.714+0300][139.924s][info ][gc] GC(5357) Pause Young (Normal) (G1 Evacuation Pause) 387M->389M(512M) 11.103ms
[2020-08-01T12:34:48.740+0300][139.949s][info ][gc] GC(5358) Pause Young (Normal) (G1 Evacuation Pause) 410M->411M(512M) 10.542ms
[2020-08-01T12:34:48.765+0300][139.974s][info ][gc] GC(5359) Pause Young (Normal) (G1 Evacuation Pause) 432M->434M(512M) 10.428ms
[2020-08-01T12:34:48.803+0300][140.013s][info ][gc] GC(5360) Pause Young (Normal) (G1 Evacuation Pause) 475M->476M(512M) 11.499ms
[2020-08-01T12:34:48.841+0300][140.050s][info ][gc] GC(5361) To-space exhausted
[2020-08-01T12:34:48.841+0300][140.050s][info ][gc] GC(5361) Pause Young (Normal) (G1 Evacuation Pause) 497M->505M(512M) 22.621ms
[2020-08-01T12:34:48.865+0300][140.074s][info ][gc] GC(5362) To-space exhausted
[2020-08-01T12:34:48.865+0300][140.074s][info ][gc] GC(5362) Pause Young (Normal) (G1 Evacuation Pause) 511M->511M(512M) 15.140ms
[2020-08-01T12:34:48.865+0300][140.075s][debug][gc] GC(5363) Clear Next Bitmap 0.355ms
[2020-08-01T12:34:48.907+0300][140.116s][info ][gc] GC(5363) Pause Full (G1 Evacuation Pause) 511M->65M(512M) 41.624ms
[2020-08-01T12:34:48.907+0300][140.116s][info ][gc] GC(5348) Concurrent Cycle 420.738ms
[2020-08-01T12:34:48.928+0300][140.137s][info ][gc] GC(5364) Pause Young (Normal) (G1 Evacuation Pause) 90M->90M(512M) 10.953ms
[2020-08-01T12:34:48.947+0300][140.156s][info ][gc] GC(5365) Pause Young (Normal) (G1 Evacuation Pause) 111M->113M(512M) 10.450ms
[2020-08-01T12:34:48.965+0300][140.175s][info ][gc] GC(5366) Pause Young (Normal) (G1 Evacuation Pause) 134M->135M(512M) 10.136ms
[2020-08-01T12:34:49.050+0300][140.260s][info ][gc] GC(5367) Pause Young (Normal) (G1 Evacuation Pause) 176M->177M(512M) 27.219ms
[2020-08-01T12:34:49.075+0300][140.285s][info ][gc] GC(5368) Pause Young (Normal) (G1 Evacuation Pause) 198M->199M(512M) 12.257ms
[2020-08-01T12:34:49.095+0300][140.304s][info ][gc] GC(5369) Pause Young (Normal) (G1 Evacuation Pause) 220M->221M(512M) 10.532ms
[2020-08-01T12:34:49.113+0300][140.323s][info ][gc] GC(5370) Pause Young (Normal) (G1 Evacuation Pause) 242M->243M(512M) 10.480ms
[2020-08-01T12:34:49.133+0300][140.342s][info ][gc] GC(5371) Pause Young (Concurrent Start) (G1 Evacuation Pause) 264M->266M(512M) 10.395ms
[2020-08-01T12:34:49.133+0300][140.342s][info ][gc] GC(5372) Concurrent Cycle
[2020-08-01T12:34:49.169+0300][140.379s][info ][gc] GC(5373) Pause Young (Normal) (G1 Evacuation Pause) 307M->308M(512M) 10.769ms
[2020-08-01T12:34:49.189+0300][140.398s][info ][gc] GC(5374) Pause Young (Normal) (G1 Evacuation Pause) 329M->330M(512M) 10.553ms
[2020-08-01T12:34:49.208+0300][140.417s][info ][gc] GC(5375) Pause Young (Normal) (G1 Evacuation Pause) 351M->353M(512M) 10.337ms
[2020-08-01T12:34:49.228+0300][140.438s][info ][gc] GC(5376) Pause Young (Normal) (G1 Evacuation Pause) 374M->375M(512M) 11.988ms
[2020-08-01T12:34:49.248+0300][140.457s][info ][gc] GC(5377) Pause Young (Normal) (G1 Evacuation Pause) 396M->398M(512M) 10.392ms
[2020-08-01T12:34:49.267+0300][140.476s][info ][gc] GC(5378) Pause Young (Normal) (G1 Evacuation Pause) 419M->420M(512M) 10.194ms
[2020-08-01T12:34:49.286+0300][140.495s][debug][gc] GC(5372) Reclaimed 131 empty regions
[2020-08-01T12:34:49.286+0300][140.495s][info ][gc] GC(5372) Pause Remark 423M->295M(512M) 0.465ms
[2020-08-01T12:34:49.313+0300][140.522s][info ][gc] GC(5379) Pause Young (Normal) (G1 Evacuation Pause) 333M->334M(512M) 11.311ms
[2020-08-01T12:34:49.340+0300][140.549s][info ][gc] GC(5380) Pause Young (Normal) (G1 Evacuation Pause) 355M->356M(512M) 10.727ms
[2020-08-01T12:34:49.367+0300][140.576s][info ][gc] GC(5381) Pause Young (Normal) (G1 Evacuation Pause) 377M->378M(512M) 11.660ms
[2020-08-01T12:34:49.393+0300][140.602s][info ][gc] GC(5382) Pause Young (Normal) (G1 Evacuation Pause) 399M->401M(512M) 10.782ms
[2020-08-01T12:34:49.419+0300][140.628s][info ][gc] GC(5383) Pause Young (Normal) (G1 Evacuation Pause) 422M->423M(512M) 10.821ms
[2020-08-01T12:34:49.467+0300][140.676s][info ][gc] GC(5384) Pause Young (Normal) (G1 Evacuation Pause) 464M->466M(512M) 10.629ms
[2020-08-01T12:34:49.495+0300][140.705s][info ][gc] GC(5385) To-space exhausted
[2020-08-01T12:34:49.495+0300][140.705s][info ][gc] GC(5385) Pause Young (Normal) (G1 Evacuation Pause) 487M->489M(512M) 12.680ms
[2020-08-01T12:34:49.501+0300][140.710s][info ][gc] GC(5372) Pause Cleanup 494M->494M(512M) 0.143ms
[2020-08-01T12:34:49.501+0300][140.711s][info ][gc] GC(5372) Concurrent Cycle 368.646ms
[2020-08-01T12:34:49.542+0300][140.751s][info ][gc] GC(5386) To-space exhausted
[2020-08-01T12:34:49.542+0300][140.751s][info ][gc] GC(5386) Pause Young (Normal) (G1 Evacuation Pause) 510M->511M(512M) 34.076ms
[2020-08-01T12:34:49.586+0300][140.795s][info ][gc] GC(5387) Pause Full (G1 Evacuation Pause) 511M->71M(512M) 43.568ms
[2020-08-01T12:34:49.606+0300][140.816s][info ][gc] GC(5388) Pause Young (Normal) (G1 Evacuation Pause) 96M->97M(512M) 10.542ms
[2020-08-01T12:34:49.625+0300][140.835s][info ][gc] GC(5389) Pause Young (Normal) (G1 Evacuation Pause) 118M->119M(512M) 10.509ms
[2020-08-01T12:34:49.668+0300][140.877s][info ][gc] GC(5390) Pause Young (Normal) (G1 Evacuation Pause) 160M->161M(512M) 11.765ms
[2020-08-01T12:34:49.687+0300][140.897s][info ][gc] GC(5391) Pause Young (Normal) (G1 Evacuation Pause) 182M->184M(512M) 10.495ms
[2020-08-01T12:34:49.707+0300][140.917s][info ][gc] GC(5392) Pause Young (Normal) (G1 Evacuation Pause) 205M->206M(512M) 11.736ms
[2020-08-01T12:34:49.726+0300][140.936s][info ][gc] GC(5393) Pause Young (Normal) (G1 Evacuation Pause) 227M->228M(512M) 10.483ms
[2020-08-01T12:34:49.745+0300][140.954s][info ][gc] GC(5394) Pause Young (Normal) (G1 Evacuation Pause) 249M->251M(512M) 10.363ms
[2020-08-01T12:34:49.764+0300][140.973s][info ][gc] GC(5395) Pause Young (Concurrent Start) (G1 Evacuation Pause) 272M->274M(512M) 10.319ms
[2020-08-01T12:34:49.764+0300][140.973s][info ][gc] GC(5396) Concurrent Cycle
[2020-08-01T12:34:49.797+0300][141.007s][info ][gc] GC(5397) Pause Young (Normal) (G1 Evacuation Pause) 315M->317M(512M) 10.426ms
[2020-08-01T12:34:49.817+0300][141.027s][info ][gc] GC(5398) Pause Young (Normal) (G1 Evacuation Pause) 338M->339M(512M) 10.630ms
[2020-08-01T12:34:49.836+0300][141.046s][info ][gc] GC(5399) Pause Young (Normal) (G1 Evacuation Pause) 360M->362M(512M) 10.364ms
[2020-08-01T12:34:49.857+0300][141.066s][info ][gc] GC(5400) Pause Young (Normal) (G1 Evacuation Pause) 383M->384M(512M) 11.956ms
[2020-08-01T12:34:49.876+0300][141.085s][info ][gc] GC(5401) Pause Young (Normal) (G1 Evacuation Pause) 405M->407M(512M) 10.350ms
[2020-08-01T12:34:49.916+0300][141.126s][info ][gc] GC(5402) Pause Young (Normal) (G1 Evacuation Pause) 448M->449M(512M) 11.113ms
[2020-08-01T12:34:49.935+0300][141.144s][info ][gc] GC(5403) Pause Young (Normal) (G1 Evacuation Pause) 470M->471M(512M) 9.798ms
[2020-08-01T12:34:49.961+0300][141.170s][info ][gc] GC(5404) To-space exhausted
[2020-08-01T12:34:49.961+0300][141.170s][info ][gc] GC(5404) Pause Young (Normal) (G1 Evacuation Pause) 492M->499M(512M) 17.300ms
[2020-08-01T12:34:49.961+0300][141.171s][debug][gc] GC(5396) Reclaimed 129 empty regions
[2020-08-01T12:34:49.961+0300][141.171s][info ][gc] GC(5396) Pause Remark 500M->373M(512M) 0.486ms
[2020-08-01T12:34:49.981+0300][141.190s][info ][gc] GC(5405) Pause Young (Normal) (G1 Evacuation Pause) 393M->395M(512M) 10.599ms
[2020-08-01T12:34:50.003+0300][141.212s][info ][gc] GC(5406) Pause Young (Normal) (G1 Evacuation Pause) 416M->418M(512M) 10.511ms
[2020-08-01T12:34:50.038+0300][141.247s][info ][gc] GC(5407) Pause Young (Normal) (G1 Evacuation Pause) 439M->441M(512M) 12.030ms
[2020-08-01T12:34:50.078+0300][141.287s][info ][gc] GC(5408) Pause Young (Normal) (G1 Humongous Allocation) 447M->449M(512M) 5.127ms
[2020-08-01T12:34:50.107+0300][141.316s][info ][gc] GC(5409) To-space exhausted
[2020-08-01T12:34:50.107+0300][141.316s][info ][gc] GC(5409) Pause Young (Normal) (G1 Evacuation Pause) 490M->498M(512M) 14.540ms
[2020-08-01T12:34:50.143+0300][141.352s][info ][gc] GC(5410) To-space exhausted
[2020-08-01T12:34:50.143+0300][141.352s][info ][gc] GC(5410) Pause Young (Normal) (G1 Evacuation Pause) 511M->511M(512M) 24.775ms
[2020-08-01T12:34:50.143+0300][141.352s][debug][gc] GC(5411) Clear Next Bitmap 0.315ms
[2020-08-01T12:34:50.175+0300][141.384s][info ][gc] GC(5411) Pause Full (G1 Evacuation Pause) 511M->55M(512M) 32.215ms
[2020-08-01T12:34:50.175+0300][141.385s][info ][gc] GC(5396) Concurrent Cycle 411.366ms
[2020-08-01T12:34:50.198+0300][141.408s][info ][gc] GC(5412) Pause Young (Normal) (G1 Evacuation Pause) 82M->82M(512M) 12.544ms
[2020-08-01T12:34:50.220+0300][141.429s][info ][gc] GC(5413) Pause Young (Normal) (G1 Evacuation Pause) 106M->107M(512M) 11.582ms
[2020-08-01T12:34:50.239+0300][141.449s][info ][gc] GC(5414) Pause Young (Normal) (G1 Evacuation Pause) 128M->130M(512M) 11.376ms
[2020-08-01T12:34:50.276+0300][141.486s][info ][gc] GC(5415) Pause Young (Normal) (G1 Evacuation Pause) 171M->173M(512M) 11.241ms
[2020-08-01T12:34:50.296+0300][141.505s][info ][gc] GC(5416) Pause Young (Normal) (G1 Evacuation Pause) 194M->195M(512M) 10.961ms
[2020-08-01T12:34:50.314+0300][141.524s][info ][gc] GC(5417) Pause Young (Normal) (G1 Evacuation Pause) 216M->218M(512M) 10.422ms
[2020-08-01T12:34:50.333+0300][141.542s][info ][gc] GC(5418) Pause Young (Normal) (G1 Evacuation Pause) 239M->240M(512M) 10.237ms
[2020-08-01T12:34:50.352+0300][141.561s][info ][gc] GC(5419) Pause Young (Concurrent Start) (G1 Evacuation Pause) 261M->262M(512M) 10.218ms
[2020-08-01T12:34:50.352+0300][141.561s][info ][gc] GC(5420) Concurrent Cycle
[2020-08-01T12:34:50.397+0300][141.607s][info ][gc] GC(5421) Pause Young (Normal) (G1 Evacuation Pause) 303M->305M(512M) 10.167ms
[2020-08-01T12:34:50.417+0300][141.626s][info ][gc] GC(5422) Pause Young (Normal) (G1 Evacuation Pause) 326M->328M(512M) 10.505ms
[2020-08-01T12:34:50.436+0300][141.646s][info ][gc] GC(5423) Pause Young (Normal) (G1 Evacuation Pause) 349M->350M(512M) 10.477ms
[2020-08-01T12:34:50.455+0300][141.665s][info ][gc] GC(5424) Pause Young (Normal) (G1 Evacuation Pause) 371M->372M(512M) 10.455ms
[2020-08-01T12:34:50.474+0300][141.684s][info ][gc] GC(5425) Pause Young (Normal) (G1 Evacuation Pause) 393M->394M(512M) 10.382ms
[2020-08-01T12:34:50.494+0300][141.703s][info ][gc] GC(5426) Pause Young (Normal) (G1 Evacuation Pause) 415M->416M(512M) 10.397ms
[2020-08-01T12:34:50.502+0300][141.711s][debug][gc] GC(5420) Reclaimed 132 empty regions
[2020-08-01T12:34:50.502+0300][141.711s][info ][gc] GC(5420) Pause Remark 424M->296M(512M) 0.437ms
[2020-08-01T12:34:50.528+0300][141.737s][info ][gc] GC(5427) Pause Young (Normal) (G1 Evacuation Pause) 329M->331M(512M) 10.770ms
[2020-08-01T12:34:50.553+0300][141.762s][info ][gc] GC(5428) Pause Young (Normal) (G1 Evacuation Pause) 352M->353M(512M) 10.371ms
[2020-08-01T12:34:50.578+0300][141.788s][info ][gc] GC(5429) Pause Young (Normal) (G1 Evacuation Pause) 374M->375M(512M) 10.838ms
[2020-08-01T12:34:50.603+0300][141.812s][info ][gc] GC(5430) Pause Young (Normal) (G1 Evacuation Pause) 396M->397M(512M) 10.379ms
[2020-08-01T12:34:50.629+0300][141.838s][info ][gc] GC(5431) Pause Young (Normal) (G1 Evacuation Pause) 418M->420M(512M) 10.701ms
[2020-08-01T12:34:50.681+0300][141.891s][info ][gc] GC(5432) Pause Young (Normal) (G1 Evacuation Pause) 461M->462M(512M) 10.514ms
[2020-08-01T12:34:50.695+0300][141.904s][info ][gc] GC(5420) Pause Cleanup 480M->480M(512M) 0.125ms
[2020-08-01T12:34:50.695+0300][141.904s][info ][gc] GC(5420) Concurrent Cycle 343.266ms
[2020-08-01T12:34:50.707+0300][141.916s][info ][gc] GC(5433) Pause Young (Normal) (G1 Evacuation Pause) 483M->485M(512M) 10.474ms
[2020-08-01T12:34:50.747+0300][141.956s][info ][gc] GC(5434) To-space exhausted
[2020-08-01T12:34:50.747+0300][141.956s][info ][gc] GC(5434) Pause Young (Concurrent Start) (G1 Evacuation Pause) 506M->509M(512M) 32.206ms
[2020-08-01T12:34:50.747+0300][141.956s][info ][gc] GC(5435) Concurrent Cycle
[2020-08-01T12:34:50.757+0300][141.967s][info ][gc] GC(5436) To-space exhausted
[2020-08-01T12:34:50.757+0300][141.967s][info ][gc] GC(5436) Pause Young (Normal) (G1 Evacuation Pause) 511M->511M(512M) 6.302ms
[2020-08-01T12:34:50.758+0300][141.967s][debug][gc] GC(5437) Clear Next Bitmap 0.385ms
[2020-08-01T12:34:50.797+0300][142.006s][info ][gc] GC(5437) Pause Full (G1 Evacuation Pause) 511M->69M(512M) 39.701ms
[2020-08-01T12:34:50.797+0300][142.007s][info ][gc] GC(5435) Concurrent Cycle 50.109ms
[2020-08-01T12:34:50.820+0300][142.029s][info ][gc] GC(5438) Pause Young (Normal) (G1 Evacuation Pause) 96M->96M(512M) 12.153ms
[2020-08-01T12:34:50.841+0300][142.051s][info ][gc] GC(5439) Pause Young (Normal) (G1 Evacuation Pause) 120M->121M(512M) 11.853ms
[2020-08-01T12:34:50.884+0300][142.093s][info ][gc] GC(5440) Pause Young (Normal) (G1 Evacuation Pause) 162M->164M(512M) 10.674ms
[2020-08-01T12:34:50.903+0300][142.112s][info ][gc] GC(5441) Pause Young (Normal) (G1 Evacuation Pause) 185M->186M(512M) 10.575ms
[2020-08-01T12:34:50.922+0300][142.131s][info ][gc] GC(5442) Pause Young (Normal) (G1 Evacuation Pause) 207M->209M(512M) 10.752ms
[2020-08-01T12:34:50.941+0300][142.150s][info ][gc] GC(5443) Pause Young (Normal) (G1 Evacuation Pause) 230M->231M(512M) 10.333ms
[2020-08-01T12:34:50.960+0300][142.169s][info ][gc] GC(5444) Pause Young (Concurrent Start) (G1 Evacuation Pause) 252M->253M(512M) 10.490ms
[2020-08-01T12:34:50.960+0300][142.169s][info ][gc] GC(5445) Concurrent Cycle
[2020-08-01T12:34:50.979+0300][142.188s][info ][gc] GC(5446) Pause Young (Normal) (G1 Evacuation Pause) 274M->275M(512M) 10.419ms
[2020-08-01T12:34:51.012+0300][142.221s][info ][gc] GC(5447) Pause Young (Normal) (G1 Evacuation Pause) 316M->318M(512M) 10.495ms
[2020-08-01T12:34:51.031+0300][142.240s][info ][gc] GC(5448) Pause Young (Normal) (G1 Evacuation Pause) 339M->341M(512M) 10.389ms
[2020-08-01T12:34:51.052+0300][142.261s][info ][gc] GC(5449) Pause Young (Normal) (G1 Evacuation Pause) 362M->363M(512M) 11.953ms
[2020-08-01T12:34:51.071+0300][142.281s][info ][gc] GC(5450) Pause Young (Normal) (G1 Evacuation Pause) 385M->387M(512M) 10.420ms
[2020-08-01T12:34:51.091+0300][142.300s][info ][gc] GC(5451) Pause Young (Normal) (G1 Evacuation Pause) 408M->409M(512M) 10.457ms
[2020-08-01T12:34:51.103+0300][142.313s][debug][gc] GC(5445) Reclaimed 131 empty regions
[2020-08-01T12:34:51.103+0300][142.313s][info ][gc] GC(5445) Pause Remark 423M->296M(512M) 0.438ms
[2020-08-01T12:34:51.134+0300][142.343s][info ][gc] GC(5452) Pause Young (Normal) (G1 Evacuation Pause) 323M->324M(512M) 10.994ms
[2020-08-01T12:34:51.160+0300][142.369s][info ][gc] GC(5453) Pause Young (Normal) (G1 Evacuation Pause) 345M->346M(512M) 10.563ms
[2020-08-01T12:34:51.185+0300][142.394s][info ][gc] GC(5454) Pause Young (Normal) (G1 Evacuation Pause) 367M->369M(512M) 10.602ms
[2020-08-01T12:34:51.210+0300][142.419s][info ][gc] GC(5455) Pause Young (Normal) (G1 Evacuation Pause) 390M->391M(512M) 10.527ms
[2020-08-01T12:34:51.235+0300][142.444s][info ][gc] GC(5456) Pause Young (Normal) (G1 Evacuation Pause) 412M->413M(512M) 10.482ms
[2020-08-01T12:34:51.259+0300][142.469s][info ][gc] GC(5457) Pause Young (Normal) (G1 Evacuation Pause) 434M->435M(512M) 10.630ms
[2020-08-01T12:34:51.292+0300][142.501s][info ][gc] GC(5445) Pause Cleanup 459M->459M(512M) 0.111ms
[2020-08-01T12:34:51.293+0300][142.502s][info ][gc] GC(5445) Concurrent Cycle 332.834ms
[2020-08-01T12:34:51.311+0300][142.520s][info ][gc] GC(5458) Pause Young (Normal) (G1 Evacuation Pause) 476M->478M(512M) 10.841ms
[2020-08-01T12:34:51.343+0300][142.553s][info ][gc] GC(5459) To-space exhausted
[2020-08-01T12:34:51.343+0300][142.553s][info ][gc] GC(5459) Pause Young (Concurrent Start) (G1 Evacuation Pause) 499M->506M(512M) 24.444ms
[2020-08-01T12:34:51.343+0300][142.553s][info ][gc] GC(5460) Concurrent Cycle
[2020-08-01T12:34:51.364+0300][142.573s][info ][gc] GC(5461) To-space exhausted
[2020-08-01T12:34:51.364+0300][142.573s][info ][gc] GC(5461) Pause Young (Normal) (G1 Evacuation Pause) 511M->511M(512M) 15.907ms
[2020-08-01T12:34:51.364+0300][142.574s][debug][gc] GC(5462) Clear Next Bitmap 0.293ms
[2020-08-01T12:34:51.403+0300][142.613s][info ][gc] GC(5462) Pause Full (G1 Evacuation Pause) 511M->65M(512M) 39.212ms
[2020-08-01T12:34:51.403+0300][142.613s][info ][gc] GC(5460) Concurrent Cycle 59.925ms
[2020-08-01T12:34:51.425+0300][142.634s][info ][gc] GC(5463) Pause Young (Normal) (G1 Evacuation Pause) 92M->93M(512M) 11.181ms
[2020-08-01T12:34:51.447+0300][142.656s][info ][gc] GC(5464) Pause Young (Normal) (G1 Evacuation Pause) 118M->119M(512M) 11.962ms
[2020-08-01T12:34:51.520+0300][142.729s][info ][gc] GC(5465) Pause Young (Normal) (G1 Evacuation Pause) 160M->161M(512M) 30.954ms
[2020-08-01T12:34:51.545+0300][142.754s][info ][gc] GC(5466) Pause Young (Normal) (G1 Evacuation Pause) 182M->184M(512M) 12.498ms
[2020-08-01T12:34:51.564+0300][142.774s][info ][gc] GC(5467) Pause Young (Normal) (G1 Evacuation Pause) 205M->206M(512M) 10.412ms
[2020-08-01T12:34:51.584+0300][142.793s][info ][gc] GC(5468) Pause Young (Normal) (G1 Evacuation Pause) 227M->229M(512M) 10.778ms
[2020-08-01T12:34:51.603+0300][142.812s][info ][gc] GC(5469) Pause Young (Normal) (G1 Evacuation Pause) 250M->251M(512M) 10.517ms
[2020-08-01T12:34:51.621+0300][142.831s][info ][gc] GC(5470) Pause Young (Concurrent Start) (G1 Evacuation Pause) 272M->273M(512M) 10.531ms
[2020-08-01T12:34:51.621+0300][142.831s][info ][gc] GC(5471) Concurrent Cycle
[2020-08-01T12:34:51.668+0300][142.877s][info ][gc] GC(5472) Pause Young (Normal) (G1 Evacuation Pause) 314M->316M(512M) 10.545ms
[2020-08-01T12:34:51.687+0300][142.896s][info ][gc] GC(5473) Pause Young (Normal) (G1 Evacuation Pause) 337M->338M(512M) 10.465ms
[2020-08-01T12:34:51.706+0300][142.915s][info ][gc] GC(5474) Pause Young (Normal) (G1 Evacuation Pause) 359M->360M(512M) 10.193ms
[2020-08-01T12:34:51.725+0300][142.934s][info ][gc] GC(5475) Pause Young (Normal) (G1 Evacuation Pause) 381M->383M(512M) 10.275ms
[2020-08-01T12:34:51.743+0300][142.953s][info ][gc] GC(5476) Pause Young (Normal) (G1 Evacuation Pause) 404M->405M(512M) 10.215ms
[2020-08-01T12:34:51.768+0300][142.977s][debug][gc] GC(5471) Reclaimed 131 empty regions
[2020-08-01T12:34:51.768+0300][142.977s][info ][gc] GC(5471) Pause Remark 423M->295M(512M) 0.479ms
[2020-08-01T12:34:51.788+0300][142.997s][info ][gc] GC(5477) Pause Young (Normal) (G1 Evacuation Pause) 318M->320M(512M) 11.342ms
[2020-08-01T12:34:51.813+0300][143.022s][info ][gc] GC(5478) Pause Young (Normal) (G1 Evacuation Pause) 341M->343M(512M) 10.539ms
[2020-08-01T12:34:51.840+0300][143.049s][info ][gc] GC(5479) Pause Young (Normal) (G1 Evacuation Pause) 364M->365M(512M) 10.566ms
[2020-08-01T12:34:51.866+0300][143.076s][info ][gc] GC(5480) Pause Young (Normal) (G1 Evacuation Pause) 386M->388M(512M) 10.414ms
[2020-08-01T12:34:51.894+0300][143.104s][info ][gc] GC(5481) Pause Young (Normal) (G1 Evacuation Pause) 409M->410M(512M) 12.303ms
[2020-08-01T12:34:51.919+0300][143.129s][info ][gc] GC(5482) Pause Young (Normal) (G1 Evacuation Pause) 431M->432M(512M) 10.677ms
[2020-08-01T12:34:51.963+0300][143.173s][info ][gc] GC(5483) Pause Young (Normal) (G1 Evacuation Pause) 473M->475M(512M) 10.576ms
[2020-08-01T12:34:51.975+0300][143.184s][info ][gc] GC(5471) Pause Cleanup 484M->484M(512M) 0.152ms
[2020-08-01T12:34:51.975+0300][143.184s][info ][gc] GC(5471) Concurrent Cycle 353.645ms
[2020-08-01T12:34:52.000+0300][143.210s][info ][gc] GC(5484) To-space exhausted
[2020-08-01T12:34:52.000+0300][143.210s][info ][gc] GC(5484) Pause Young (Normal) (G1 Evacuation Pause) 496M->505M(512M) 20.839ms
[2020-08-01T12:34:52.020+0300][143.229s][info ][gc] GC(5485) To-space exhausted
[2020-08-01T12:34:52.020+0300][143.229s][info ][gc] GC(5485) Pause Young (Concurrent Start) (G1 Evacuation Pause) 511M->511M(512M) 15.904ms
[2020-08-01T12:34:52.020+0300][143.229s][info ][gc] GC(5487) Concurrent Cycle
[2020-08-01T12:34:52.021+0300][143.230s][debug][gc] GC(5486) Clear Next Bitmap 0.321ms
[2020-08-01T12:34:52.058+0300][143.267s][info ][gc] GC(5486) Pause Full (G1 Evacuation Pause) 511M->63M(512M) 37.569ms
[2020-08-01T12:34:52.058+0300][143.267s][info ][gc] GC(5487) Concurrent Cycle 37.886ms
[2020-08-01T12:34:52.078+0300][143.288s][info ][gc] GC(5488) Pause Young (Normal) (G1 Evacuation Pause) 88M->88M(512M) 10.464ms
[2020-08-01T12:34:52.098+0300][143.307s][info ][gc] GC(5489) Pause Young (Normal) (G1 Evacuation Pause) 110M->111M(512M) 10.368ms
[2020-08-01T12:34:52.117+0300][143.326s][info ][gc] GC(5490) Pause Young (Normal) (G1 Evacuation Pause) 132M->134M(512M) 10.309ms
[2020-08-01T12:34:52.173+0300][143.383s][info ][gc] GC(5491) Pause Young (Normal) (G1 Evacuation Pause) 175M->177M(512M) 21.689ms
[2020-08-01T12:34:52.197+0300][143.407s][info ][gc] GC(5492) Pause Young (Normal) (G1 Evacuation Pause) 198M->199M(512M) 11.985ms
[2020-08-01T12:34:52.217+0300][143.426s][info ][gc] GC(5493) Pause Young (Normal) (G1 Evacuation Pause) 220M->222M(512M) 10.774ms
[2020-08-01T12:34:52.236+0300][143.445s][info ][gc] GC(5494) Pause Young (Normal) (G1 Evacuation Pause) 243M->244M(512M) 10.516ms
[2020-08-01T12:34:52.254+0300][143.464s][info ][gc] GC(5495) Pause Young (Concurrent Start) (G1 Evacuation Pause) 265M->267M(512M) 10.238ms
[2020-08-01T12:34:52.254+0300][143.464s][info ][gc] GC(5496) Concurrent Cycle
[2020-08-01T12:34:52.300+0300][143.510s][info ][gc] GC(5497) Pause Young (Normal) (G1 Evacuation Pause) 308M->309M(512M) 10.374ms
[2020-08-01T12:34:52.320+0300][143.529s][info ][gc] GC(5498) Pause Young (Normal) (G1 Evacuation Pause) 330M->331M(512M) 10.441ms
[2020-08-01T12:34:52.339+0300][143.548s][info ][gc] GC(5499) Pause Young (Normal) (G1 Evacuation Pause) 352M->354M(512M) 10.338ms
[2020-08-01T12:34:52.358+0300][143.567s][info ][gc] GC(5500) Pause Young (Normal) (G1 Evacuation Pause) 375M->376M(512M) 10.518ms
[2020-08-01T12:34:52.377+0300][143.586s][info ][gc] GC(5501) Pause Young (Normal) (G1 Evacuation Pause) 397M->399M(512M) 10.249ms
[2020-08-01T12:34:52.397+0300][143.606s][info ][gc] GC(5502) Pause Young (Normal) (G1 Evacuation Pause) 420M->421M(512M) 10.582ms
[2020-08-01T12:34:52.407+0300][143.616s][debug][gc] GC(5496) Reclaimed 130 empty regions
[2020-08-01T12:34:52.407+0300][143.616s][info ][gc] GC(5496) Pause Remark 425M->298M(512M) 0.420ms
[2020-08-01T12:34:52.432+0300][143.641s][info ][gc] GC(5503) Pause Young (Normal) (G1 Evacuation Pause) 335M->337M(512M) 12.043ms
[2020-08-01T12:34:52.456+0300][143.665s][info ][gc] GC(5504) Pause Young (Normal) (G1 Evacuation Pause) 358M->359M(512M) 10.394ms
[2020-08-01T12:34:52.477+0300][143.687s][info ][gc] GC(5505) Pause Young (Normal) (G1 Evacuation Pause) 380M->382M(512M) 12.597ms
[2020-08-01T12:34:52.506+0300][143.715s][info ][gc] GC(5506) Pause Young (Normal) (G1 Evacuation Pause) 403M->404M(512M) 10.526ms
[2020-08-01T12:34:52.531+0300][143.740s][info ][gc] GC(5507) Pause Young (Normal) (G1 Evacuation Pause) 425M->426M(512M) 10.521ms
[2020-08-01T12:34:52.582+0300][143.791s][info ][gc] GC(5508) Pause Young (Normal) (G1 Evacuation Pause) 467M->468M(512M) 11.566ms
[2020-08-01T12:34:52.609+0300][143.819s][info ][gc] GC(5509) To-space exhausted
[2020-08-01T12:34:52.609+0300][143.819s][info ][gc] GC(5509) Pause Young (Normal) (G1 Evacuation Pause) 489M->498M(512M) 14.000ms
[2020-08-01T12:34:52.621+0300][143.831s][info ][gc] GC(5496) Pause Cleanup 510M->510M(512M) 0.136ms
[2020-08-01T12:34:52.646+0300][143.856s][info ][gc] GC(5510) To-space exhausted
[2020-08-01T12:34:52.646+0300][143.856s][info ][gc] GC(5510) Pause Young (Normal) (G1 Evacuation Pause) 511M->511M(512M) 24.382ms
[2020-08-01T12:34:52.647+0300][143.856s][debug][gc] GC(5511) Clear Next Bitmap 0.291ms
[2020-08-01T12:34:52.686+0300][143.895s][info ][gc] GC(5511) Pause Full (G1 Evacuation Pause) 511M->62M(512M) 39.080ms
[2020-08-01T12:34:52.686+0300][143.895s][info ][gc] GC(5496) Concurrent Cycle 431.356ms
[2020-08-01T12:34:52.706+0300][143.916s][info ][gc] GC(5512) Pause Young (Normal) (G1 Evacuation Pause) 87M->88M(512M) 10.746ms
[2020-08-01T12:34:52.727+0300][143.936s][info ][gc] GC(5513) Pause Young (Normal) (G1 Evacuation Pause) 110M->111M(512M) 11.848ms
[2020-08-01T12:34:52.746+0300][143.955s][info ][gc] GC(5514) Pause Young (Normal) (G1 Evacuation Pause) 132M->134M(512M) 10.388ms
[2020-08-01T12:34:52.826+0300][144.035s][info ][gc] GC(5515) Pause Young (Normal) (G1 Evacuation Pause) 175M->176M(512M) 22.608ms
[2020-08-01T12:34:52.850+0300][144.059s][info ][gc] GC(5516) Pause Young (Normal) (G1 Evacuation Pause) 197M->199M(512M) 11.769ms
[2020-08-01T12:34:52.869+0300][144.079s][info ][gc] GC(5517) Pause Young (Normal) (G1 Evacuation Pause) 220M->221M(512M) 11.539ms
[2020-08-01T12:34:52.888+0300][144.098s][info ][gc] GC(5518) Pause Young (Normal) (G1 Evacuation Pause) 242M->243M(512M) 10.277ms
[2020-08-01T12:34:52.907+0300][144.117s][info ][gc] GC(5519) Pause Young (Concurrent Start) (G1 Evacuation Pause) 264M->266M(512M) 10.556ms
[2020-08-01T12:34:52.907+0300][144.117s][info ][gc] GC(5520) Concurrent Cycle
[2020-08-01T12:34:52.953+0300][144.162s][info ][gc] GC(5521) Pause Young (Normal) (G1 Evacuation Pause) 307M->309M(512M) 10.455ms
[2020-08-01T12:34:52.972+0300][144.181s][info ][gc] GC(5522) Pause Young (Normal) (G1 Evacuation Pause) 330M->331M(512M) 10.405ms
[2020-08-01T12:34:52.991+0300][144.201s][info ][gc] GC(5523) Pause Young (Normal) (G1 Evacuation Pause) 352M->354M(512M) 10.402ms
[2020-08-01T12:34:53.011+0300][144.220s][info ][gc] GC(5524) Pause Young (Normal) (G1 Evacuation Pause) 375M->376M(512M) 10.644ms
[2020-08-01T12:34:53.030+0300][144.239s][info ][gc] GC(5525) Pause Young (Normal) (G1 Evacuation Pause) 397M->399M(512M) 10.357ms
[2020-08-01T12:34:53.049+0300][144.259s][info ][gc] GC(5526) Pause Young (Normal) (G1 Evacuation Pause) 420M->422M(512M) 10.372ms
[2020-08-01T12:34:53.058+0300][144.268s][debug][gc] GC(5520) Reclaimed 129 empty regions
[2020-08-01T12:34:53.058+0300][144.268s][info ][gc] GC(5520) Pause Remark 426M->299M(512M) 0.425ms
[2020-08-01T12:34:53.086+0300][144.296s][info ][gc] GC(5527) Pause Young (Normal) (G1 Evacuation Pause) 336M->337M(512M) 12.382ms
[2020-08-01T12:34:53.117+0300][144.326s][info ][gc] GC(5528) Pause Young (Normal) (G1 Evacuation Pause) 358M->360M(512M) 12.027ms
[2020-08-01T12:34:53.144+0300][144.353s][info ][gc] GC(5529) Pause Young (Normal) (G1 Evacuation Pause) 381M->383M(512M) 12.174ms
[2020-08-01T12:34:53.170+0300][144.379s][info ][gc] GC(5530) Pause Young (Normal) (G1 Evacuation Pause) 404M->405M(512M) 10.588ms
[2020-08-01T12:34:53.196+0300][144.406s][info ][gc] GC(5531) Pause Young (Normal) (G1 Evacuation Pause) 426M->428M(512M) 10.809ms
[2020-08-01T12:34:53.234+0300][144.443s][info ][gc] GC(5532) Pause Young (Normal) (G1 Evacuation Pause) 469M->471M(512M) 10.673ms
[2020-08-01T12:34:53.263+0300][144.473s][info ][gc] GC(5533) To-space exhausted
[2020-08-01T12:34:53.263+0300][144.473s][info ][gc] GC(5533) Pause Young (Normal) (G1 Evacuation Pause) 492M->498M(512M) 15.830ms
[2020-08-01T12:34:53.299+0300][144.509s][info ][gc] GC(5534) To-space exhausted
[2020-08-01T12:34:53.299+0300][144.509s][info ][gc] GC(5534) Pause Young (Normal) (G1 Evacuation Pause) 511M->511M(512M) 25.236ms
[2020-08-01T12:34:53.300+0300][144.509s][debug][gc] GC(5535) Clear Next Bitmap 0.276ms
[2020-08-01T12:34:53.337+0300][144.546s][info ][gc] GC(5535) Pause Full (G1 Evacuation Pause) 511M->62M(512M) 36.885ms
[2020-08-01T12:34:53.337+0300][144.546s][info ][gc] GC(5520) Concurrent Cycle 429.375ms
[2020-08-01T12:34:53.357+0300][144.566s][info ][gc] GC(5536) Pause Young (Normal) (G1 Evacuation Pause) 87M->87M(512M) 10.425ms
[2020-08-01T12:34:53.378+0300][144.587s][info ][gc] GC(5537) Pause Young (Normal) (G1 Evacuation Pause) 108M->109M(512M) 12.661ms
[2020-08-01T12:34:53.397+0300][144.606s][info ][gc] GC(5538) Pause Young (Normal) (G1 Evacuation Pause) 130M->132M(512M) 10.627ms
[2020-08-01T12:34:53.477+0300][144.686s][info ][gc] GC(5539) Pause Young (Normal) (G1 Evacuation Pause) 173M->174M(512M) 22.441ms
[2020-08-01T12:34:53.500+0300][144.710s][info ][gc] GC(5540) Pause Young (Normal) (G1 Evacuation Pause) 195M->197M(512M) 11.818ms
[2020-08-01T12:34:53.520+0300][144.729s][info ][gc] GC(5541) Pause Young (Normal) (G1 Evacuation Pause) 218M->219M(512M) 10.621ms
[2020-08-01T12:34:53.538+0300][144.748s][info ][gc] GC(5542) Pause Young (Normal) (G1 Evacuation Pause) 240M->241M(512M) 10.299ms
[2020-08-01T12:34:53.557+0300][144.767s][info ][gc] GC(5543) Pause Young (Concurrent Start) (G1 Evacuation Pause) 262M->264M(512M) 10.541ms
[2020-08-01T12:34:53.557+0300][144.767s][info ][gc] GC(5544) Concurrent Cycle
[2020-08-01T12:34:53.589+0300][144.799s][info ][gc] GC(5545) Pause Young (Normal) (G1 Evacuation Pause) 305M->306M(512M) 10.459ms
[2020-08-01T12:34:53.608+0300][144.818s][info ][gc] GC(5546) Pause Young (Normal) (G1 Evacuation Pause) 327M->328M(512M) 10.486ms
[2020-08-01T12:34:53.628+0300][144.837s][info ][gc] GC(5547) Pause Young (Normal) (G1 Evacuation Pause) 349M->350M(512M) 10.957ms
[2020-08-01T12:34:53.647+0300][144.856s][info ][gc] GC(5548) Pause Young (Normal) (G1 Evacuation Pause) 371M->373M(512M) 10.342ms
[2020-08-01T12:34:53.667+0300][144.876s][info ][gc] GC(5549) Pause Young (Normal) (G1 Evacuation Pause) 394M->395M(512M) 10.461ms
[2020-08-01T12:34:53.686+0300][144.895s][info ][gc] GC(5550) Pause Young (Normal) (G1 Evacuation Pause) 416M->418M(512M) 10.215ms
[2020-08-01T12:34:53.717+0300][144.927s][info ][gc] GC(5551) Pause Young (Normal) (G1 Evacuation Pause) 459M->461M(512M) 10.393ms
[2020-08-01T12:34:53.719+0300][144.929s][debug][gc] GC(5544) Reclaimed 131 empty regions
[2020-08-01T12:34:53.719+0300][144.929s][info ][gc] GC(5544) Pause Remark 464M->338M(512M) 0.455ms
[2020-08-01T12:34:53.739+0300][144.948s][info ][gc] GC(5552) Pause Young (Normal) (G1 Evacuation Pause) 355M->357M(512M) 12.056ms
[2020-08-01T12:34:53.764+0300][144.973s][info ][gc] GC(5553) Pause Young (Normal) (G1 Evacuation Pause) 378M->379M(512M) 10.647ms
[2020-08-01T12:34:53.789+0300][144.998s][info ][gc] GC(5554) Pause Young (Normal) (G1 Evacuation Pause) 400M->402M(512M) 10.551ms
[2020-08-01T12:34:53.815+0300][145.024s][info ][gc] GC(5555) Pause Young (Normal) (G1 Evacuation Pause) 423M->424M(512M) 11.473ms
[2020-08-01T12:34:53.855+0300][145.065s][info ][gc] GC(5556) Pause Young (Normal) (G1 Evacuation Pause) 465M->467M(512M) 11.215ms
[2020-08-01T12:34:53.882+0300][145.091s][info ][gc] GC(5557) To-space exhausted
[2020-08-01T12:34:53.882+0300][145.091s][info ][gc] GC(5557) Pause Young (Normal) (G1 Evacuation Pause) 488M->491M(512M) 11.616ms
[2020-08-01T12:34:53.930+0300][145.139s][info ][gc] GC(5558) To-space exhausted
[2020-08-01T12:34:53.930+0300][145.140s][info ][gc] GC(5558) Pause Young (Normal) (G1 Evacuation Pause) 511M->511M(512M) 33.397ms
[2020-08-01T12:34:53.931+0300][145.140s][debug][gc] GC(5559) Clear Next Bitmap 0.347ms
[2020-08-01T12:34:53.972+0300][145.182s][info ][gc] GC(5559) Pause Full (G1 Evacuation Pause) 511M->67M(512M) 41.980ms
[2020-08-01T12:34:53.973+0300][145.182s][info ][gc] GC(5544) Concurrent Cycle 415.084ms
[2020-08-01T12:34:53.993+0300][145.202s][info ][gc] GC(5560) Pause Young (Normal) (G1 Evacuation Pause) 92M->93M(512M) 10.443ms
[2020-08-01T12:34:54.012+0300][145.221s][info ][gc] GC(5561) Pause Young (Normal) (G1 Evacuation Pause) 114M->115M(512M) 10.371ms
[2020-08-01T12:34:54.031+0300][145.240s][info ][gc] GC(5562) Pause Young (Normal) (G1 Evacuation Pause) 136M->137M(512M) 10.417ms
[2020-08-01T12:34:54.063+0300][145.273s][info ][gc] GC(5563) Pause Young (Normal) (G1 Evacuation Pause) 178M->180M(512M) 10.559ms
[2020-08-01T12:34:54.082+0300][145.292s][info ][gc] GC(5564) Pause Young (Normal) (G1 Evacuation Pause) 201M->203M(512M) 10.370ms
[2020-08-01T12:34:54.101+0300][145.311s][info ][gc] GC(5565) Pause Young (Normal) (G1 Evacuation Pause) 224M->225M(512M) 10.497ms
[2020-08-01T12:34:54.120+0300][145.329s][info ][gc] GC(5566) Pause Young (Normal) (G1 Evacuation Pause) 246M->247M(512M) 10.344ms
[2020-08-01T12:34:54.139+0300][145.348s][info ][gc] GC(5567) Pause Young (Concurrent Start) (G1 Evacuation Pause) 268M->269M(512M) 10.476ms
[2020-08-01T12:34:54.139+0300][145.348s][info ][gc] GC(5568) Concurrent Cycle
[2020-08-01T12:34:54.183+0300][145.392s][info ][gc] GC(5569) Pause Young (Normal) (G1 Evacuation Pause) 310M->311M(512M) 10.309ms
[2020-08-01T12:34:54.202+0300][145.412s][info ][gc] GC(5570) Pause Young (Normal) (G1 Evacuation Pause) 332M->334M(512M) 10.467ms
[2020-08-01T12:34:54.222+0300][145.431s][info ][gc] GC(5571) Pause Young (Normal) (G1 Evacuation Pause) 355M->356M(512M) 10.435ms
[2020-08-01T12:34:54.241+0300][145.450s][info ][gc] GC(5572) Pause Young (Normal) (G1 Evacuation Pause) 377M->380M(512M) 10.505ms
[2020-08-01T12:34:54.260+0300][145.469s][info ][gc] GC(5573) Pause Young (Normal) (G1 Evacuation Pause) 401M->402M(512M) 10.112ms
[2020-08-01T12:34:54.279+0300][145.488s][info ][gc] GC(5574) Pause Young (Normal) (G1 Evacuation Pause) 423M->425M(512M) 10.395ms
[2020-08-01T12:34:54.293+0300][145.502s][debug][gc] GC(5568) Reclaimed 133 empty regions
[2020-08-01T12:34:54.293+0300][145.502s][info ][gc] GC(5568) Pause Remark 425M->294M(512M) 0.417ms
[2020-08-01T12:34:54.315+0300][145.524s][info ][gc] GC(5575) Pause Young (Normal) (G1 Evacuation Pause) 335M->336M(512M) 11.118ms
[2020-08-01T12:34:54.340+0300][145.549s][info ][gc] GC(5576) Pause Young (Normal) (G1 Evacuation Pause) 357M->358M(512M) 10.426ms
[2020-08-01T12:34:54.366+0300][145.576s][info ][gc] GC(5577) Pause Young (Normal) (G1 Evacuation Pause) 379M->381M(512M) 11.629ms
[2020-08-01T12:34:54.391+0300][145.601s][info ][gc] GC(5578) Pause Young (Normal) (G1 Evacuation Pause) 402M->404M(512M) 10.572ms
[2020-08-01T12:34:54.418+0300][145.627s][info ][gc] GC(5579) Pause Young (Normal) (G1 Evacuation Pause) 425M->426M(512M) 10.570ms
[2020-08-01T12:34:54.466+0300][145.676s][info ][gc] GC(5580) Pause Young (Normal) (G1 Evacuation Pause) 467M->468M(512M) 10.593ms
[2020-08-01T12:34:54.494+0300][145.704s][info ][gc] GC(5581) To-space exhausted
[2020-08-01T12:34:54.494+0300][145.704s][info ][gc] GC(5581) Pause Young (Normal) (G1 Evacuation Pause) 489M->498M(512M) 13.384ms
[2020-08-01T12:34:54.505+0300][145.715s][info ][gc] GC(5568) Pause Cleanup 511M->511M(512M) 0.128ms
[2020-08-01T12:34:54.529+0300][145.739s][info ][gc] GC(5582) To-space exhausted
[2020-08-01T12:34:54.529+0300][145.739s][info ][gc] GC(5582) Pause Young (Normal) (G1 Evacuation Pause) 511M->511M(512M) 23.554ms
[2020-08-01T12:34:54.530+0300][145.739s][debug][gc] GC(5583) Clear Next Bitmap 0.350ms
[2020-08-01T12:34:54.568+0300][145.777s][info ][gc] GC(5583) Pause Full (G1 Evacuation Pause) 511M->66M(512M) 38.081ms
[2020-08-01T12:34:54.568+0300][145.777s][info ][gc] GC(5568) Concurrent Cycle 428.930ms
[2020-08-01T12:34:54.591+0300][145.800s][info ][gc] GC(5584) Pause Young (Normal) (G1 Evacuation Pause) 94M->94M(512M) 12.299ms
[2020-08-01T12:34:54.613+0300][145.823s][info ][gc] GC(5585) Pause Young (Normal) (G1 Evacuation Pause) 118M->120M(512M) 12.764ms
[2020-08-01T12:34:54.649+0300][145.858s][info ][gc] GC(5586) Pause Young (Normal) (G1 Evacuation Pause) 161M->161M(512M) 10.390ms
[2020-08-01T12:34:54.669+0300][145.878s][info ][gc] GC(5587) Pause Young (Normal) (G1 Evacuation Pause) 182M->184M(512M) 10.717ms
[2020-08-01T12:34:54.690+0300][145.899s][info ][gc] GC(5588) Pause Young (Normal) (G1 Evacuation Pause) 205M->207M(512M) 12.716ms
[2020-08-01T12:34:54.709+0300][145.919s][info ][gc] GC(5589) Pause Young (Normal) (G1 Evacuation Pause) 228M->229M(512M) 10.685ms
[2020-08-01T12:34:54.728+0300][145.937s][info ][gc] GC(5590) Pause Young (Normal) (G1 Evacuation Pause) 250M->251M(512M) 10.377ms
[2020-08-01T12:34:54.748+0300][145.958s][info ][gc] GC(5591) Pause Young (Concurrent Start) (G1 Evacuation Pause) 272M->274M(512M) 11.999ms
[2020-08-01T12:34:54.748+0300][145.958s][info ][gc] GC(5592) Concurrent Cycle
[2020-08-01T12:34:54.795+0300][146.005s][info ][gc] GC(5593) Pause Young (Normal) (G1 Evacuation Pause) 315M->316M(512M) 10.862ms
[2020-08-01T12:34:54.815+0300][146.024s][info ][gc] GC(5594) Pause Young (Normal) (G1 Evacuation Pause) 337M->339M(512M) 10.284ms
[2020-08-01T12:34:54.834+0300][146.043s][info ][gc] GC(5595) Pause Young (Normal) (G1 Evacuation Pause) 360M->362M(512M) 10.191ms
[2020-08-01T12:34:54.853+0300][146.062s][info ][gc] GC(5596) Pause Young (Normal) (G1 Evacuation Pause) 383M->384M(512M) 10.168ms
[2020-08-01T12:34:54.872+0300][146.081s][info ][gc] GC(5597) Pause Young (Normal) (G1 Evacuation Pause) 405M->406M(512M) 10.328ms
[2020-08-01T12:34:54.896+0300][146.105s][debug][gc] GC(5592) Reclaimed 128 empty regions
[2020-08-01T12:34:54.896+0300][146.105s][info ][gc] GC(5592) Pause Remark 423M->297M(512M) 0.421ms
[2020-08-01T12:34:54.915+0300][146.124s][info ][gc] GC(5598) Pause Young (Normal) (G1 Evacuation Pause) 321M->322M(512M) 10.370ms
[2020-08-01T12:34:54.938+0300][146.148s][info ][gc] GC(5599) Pause Young (Normal) (G1 Evacuation Pause) 343M->344M(512M) 10.589ms
[2020-08-01T12:34:54.965+0300][146.174s][info ][gc] GC(5600) Pause Young (Normal) (G1 Evacuation Pause) 365M->366M(512M) 11.332ms
[2020-08-01T12:34:54.990+0300][146.200s][info ][gc] GC(5601) Pause Young (Normal) (G1 Evacuation Pause) 387M->389M(512M) 10.818ms
[2020-08-01T12:34:55.017+0300][146.226s][info ][gc] GC(5602) Pause Young (Normal) (G1 Evacuation Pause) 410M->412M(512M) 10.588ms
[2020-08-01T12:34:55.041+0300][146.251s][info ][gc] GC(5603) Pause Young (Normal) (G1 Evacuation Pause) 433M->435M(512M) 10.601ms
[2020-08-01T12:34:55.093+0300][146.302s][info ][gc] GC(5604) Pause Young (Normal) (G1 Evacuation Pause) 476M->477M(512M) 10.613ms
[2020-08-01T12:34:55.104+0300][146.314s][info ][gc] GC(5592) Pause Cleanup 490M->490M(512M) 0.139ms
[2020-08-01T12:34:55.105+0300][146.314s][info ][gc] GC(5592) Concurrent Cycle 356.542ms
[2020-08-01T12:34:55.131+0300][146.340s][info ][gc] GC(5605) To-space exhausted
[2020-08-01T12:34:55.131+0300][146.341s][info ][gc] GC(5605) Pause Young (Normal) (G1 Evacuation Pause) 498M->505M(512M) 22.907ms
[2020-08-01T12:34:55.151+0300][146.361s][info ][gc] GC(5606) To-space exhausted
[2020-08-01T12:34:55.151+0300][146.361s][info ][gc] GC(5606) Pause Young (Concurrent Start) (G1 Evacuation Pause) 511M->511M(512M) 16.480ms
[2020-08-01T12:34:55.151+0300][146.361s][info ][gc] GC(5608) Concurrent Cycle
[2020-08-01T12:34:55.152+0300][146.361s][debug][gc] GC(5607) Clear Next Bitmap 0.329ms
[2020-08-01T12:34:55.190+0300][146.399s][info ][gc] GC(5607) Pause Full (G1 Evacuation Pause) 511M->64M(512M) 38.308ms
[2020-08-01T12:34:55.190+0300][146.399s][info ][gc] GC(5608) Concurrent Cycle 38.596ms
[2020-08-01T12:34:55.214+0300][146.424s][info ][gc] GC(5609) Pause Young (Normal) (G1 Evacuation Pause) 94M->94M(512M) 12.454ms
[2020-08-01T12:34:55.237+0300][146.447s][info ][gc] GC(5610) Pause Young (Normal) (G1 Evacuation Pause) 120M->122M(512M) 12.150ms
[2020-08-01T12:34:55.297+0300][146.507s][info ][gc] GC(5611) Pause Young (Normal) (G1 Evacuation Pause) 164M->166M(512M) 23.550ms
[2020-08-01T12:34:55.322+0300][146.531s][info ][gc] GC(5612) Pause Young (Normal) (G1 Evacuation Pause) 187M->188M(512M) 13.158ms
[2020-08-01T12:34:55.341+0300][146.551s][info ][gc] GC(5613) Pause Young (Normal) (G1 Evacuation Pause) 209M->211M(512M) 10.798ms
[2020-08-01T12:34:55.360+0300][146.570s][info ][gc] GC(5614) Pause Young (Normal) (G1 Evacuation Pause) 232M->234M(512M) 10.897ms
[2020-08-01T12:34:55.379+0300][146.589s][info ][gc] GC(5615) Pause Young (Concurrent Start) (G1 Evacuation Pause) 255M->256M(512M) 10.483ms
[2020-08-01T12:34:55.379+0300][146.589s][info ][gc] GC(5616) Concurrent Cycle
[2020-08-01T12:34:55.399+0300][146.608s][info ][gc] GC(5617) Pause Young (Normal) (G1 Evacuation Pause) 277M->279M(512M) 10.473ms
[2020-08-01T12:34:55.436+0300][146.645s][info ][gc] GC(5618) Pause Young (Normal) (G1 Evacuation Pause) 320M->321M(512M) 10.337ms
[2020-08-01T12:34:55.455+0300][146.664s][info ][gc] GC(5619) Pause Young (Normal) (G1 Evacuation Pause) 342M->343M(512M) 9.941ms
[2020-08-01T12:34:55.474+0300][146.683s][info ][gc] GC(5620) Pause Young (Normal) (G1 Evacuation Pause) 365M->367M(512M) 10.268ms
[2020-08-01T12:34:55.494+0300][146.704s][info ][gc] GC(5621) Pause Young (Normal) (G1 Evacuation Pause) 389M->391M(512M) 11.185ms
[2020-08-01T12:34:55.514+0300][146.723s][info ][gc] GC(5622) Pause Young (Normal) (G1 Evacuation Pause) 412M->414M(512M) 10.347ms
[2020-08-01T12:34:55.522+0300][146.731s][debug][gc] GC(5616) Reclaimed 131 empty regions
[2020-08-01T12:34:55.522+0300][146.731s][info ][gc] GC(5616) Pause Remark 427M->299M(512M) 0.411ms
[2020-08-01T12:34:55.558+0300][146.767s][info ][gc] GC(5623) Pause Young (Normal) (G1 Evacuation Pause) 328M->329M(512M) 11.505ms
[2020-08-01T12:34:55.586+0300][146.795s][info ][gc] GC(5624) Pause Young (Normal) (G1 Evacuation Pause) 350M->352M(512M) 10.624ms
[2020-08-01T12:34:55.611+0300][146.820s][info ][gc] GC(5625) Pause Young (Normal) (G1 Evacuation Pause) 373M->375M(512M) 10.544ms
[2020-08-01T12:34:55.637+0300][146.846s][info ][gc] GC(5626) Pause Young (Normal) (G1 Evacuation Pause) 396M->398M(512M) 10.475ms
[2020-08-01T12:34:55.664+0300][146.873s][info ][gc] GC(5627) Pause Young (Normal) (G1 Evacuation Pause) 419M->421M(512M) 10.549ms
[2020-08-01T12:34:55.692+0300][146.901s][info ][gc] GC(5628) Pause Young (Normal) (G1 Evacuation Pause) 442M->444M(512M) 10.499ms
[2020-08-01T12:34:55.718+0300][146.927s][info ][gc] GC(5616) Pause Cleanup 473M->473M(512M) 0.155ms
[2020-08-01T12:34:55.719+0300][146.928s][info ][gc] GC(5616) Concurrent Cycle 339.142ms
[2020-08-01T12:34:55.735+0300][146.944s][info ][gc] GC(5629) To-space exhausted
[2020-08-01T12:34:55.735+0300][146.944s][info ][gc] GC(5629) Pause Young (Normal) (G1 Evacuation Pause) 485M->488M(512M) 12.165ms
[2020-08-01T12:34:55.778+0300][146.988s][info ][gc] GC(5630) To-space exhausted
[2020-08-01T12:34:55.779+0300][146.988s][info ][gc] GC(5630) Pause Young (Concurrent Start) (G1 Evacuation Pause) 509M->511M(512M) 34.973ms
[2020-08-01T12:34:55.779+0300][146.988s][info ][gc] GC(5632) Concurrent Cycle
[2020-08-01T12:34:55.779+0300][146.989s][debug][gc] GC(5631) Clear Next Bitmap 0.319ms
[2020-08-01T12:34:55.817+0300][147.026s][info ][gc] GC(5631) Pause Full (G1 Evacuation Pause) 511M->62M(512M) 38.283ms
[2020-08-01T12:34:55.817+0300][147.027s][info ][gc] GC(5632) Concurrent Cycle 38.574ms
[2020-08-01T12:34:55.837+0300][147.047s][info ][gc] GC(5633) Pause Young (Normal) (G1 Evacuation Pause) 87M->88M(512M) 10.339ms
[2020-08-01T12:34:55.856+0300][147.065s][info ][gc] GC(5634) Pause Young (Normal) (G1 Evacuation Pause) 109M->110M(512M) 10.491ms
[2020-08-01T12:34:55.875+0300][147.084s][info ][gc] GC(5635) Pause Young (Normal) (G1 Evacuation Pause) 131M->133M(512M) 10.417ms
[2020-08-01T12:34:55.951+0300][147.160s][info ][gc] GC(5636) Pause Young (Normal) (G1 Evacuation Pause) 174M->176M(512M) 26.537ms
[2020-08-01T12:34:55.975+0300][147.185s][info ][gc] GC(5637) Pause Young (Normal) (G1 Evacuation Pause) 197M->198M(512M) 12.272ms
[2020-08-01T12:34:55.994+0300][147.204s][info ][gc] GC(5638) Pause Young (Normal) (G1 Evacuation Pause) 219M->221M(512M) 10.396ms
[2020-08-01T12:34:56.014+0300][147.223s][info ][gc] GC(5639) Pause Young (Normal) (G1 Evacuation Pause) 242M->243M(512M) 11.008ms
[2020-08-01T12:34:56.033+0300][147.243s][info ][gc] GC(5640) Pause Young (Concurrent Start) (G1 Evacuation Pause) 264M->265M(512M) 10.854ms
[2020-08-01T12:34:56.033+0300][147.243s][info ][gc] GC(5641) Concurrent Cycle
[2020-08-01T12:34:56.071+0300][147.280s][info ][gc] GC(5642) Pause Young (Normal) (G1 Evacuation Pause) 306M->308M(512M) 11.195ms
[2020-08-01T12:34:56.091+0300][147.301s][info ][gc] GC(5643) Pause Young (Normal) (G1 Evacuation Pause) 329M->331M(512M) 11.741ms
[2020-08-01T12:34:56.111+0300][147.320s][info ][gc] GC(5644) Pause Young (Normal) (G1 Evacuation Pause) 352M->353M(512M) 10.542ms
[2020-08-01T12:34:56.130+0300][147.340s][info ][gc] GC(5645) Pause Young (Normal) (G1 Evacuation Pause) 374M->375M(512M) 10.622ms
[2020-08-01T12:34:56.150+0300][147.359s][info ][gc] GC(5646) Pause Young (Normal) (G1 Evacuation Pause) 396M->397M(512M) 10.378ms
[2020-08-01T12:34:56.169+0300][147.379s][info ][gc] GC(5647) Pause Young (Normal) (G1 Evacuation Pause) 418M->419M(512M) 10.489ms
[2020-08-01T12:34:56.186+0300][147.396s][debug][gc] GC(5641) Reclaimed 132 empty regions
[2020-08-01T12:34:56.186+0300][147.396s][info ][gc] GC(5641) Pause Remark 425M->296M(512M) 0.417ms
[2020-08-01T12:34:56.213+0300][147.423s][info ][gc] GC(5648) Pause Young (Normal) (G1 Evacuation Pause) 331M->332M(512M) 10.536ms
[2020-08-01T12:34:56.240+0300][147.449s][info ][gc] GC(5649) Pause Young (Normal) (G1 Evacuation Pause) 353M->355M(512M) 11.801ms
[2020-08-01T12:34:56.266+0300][147.475s][info ][gc] GC(5650) Pause Young (Normal) (G1 Evacuation Pause) 376M->377M(512M) 10.757ms
[2020-08-01T12:34:56.292+0300][147.502s][info ][gc] GC(5651) Pause Young (Normal) (G1 Evacuation Pause) 399M->401M(512M) 11.431ms
[2020-08-01T12:34:56.318+0300][147.527s][info ][gc] GC(5652) Pause Young (Normal) (G1 Evacuation Pause) 422M->424M(512M) 10.641ms
[2020-08-01T12:34:56.370+0300][147.579s][info ][gc] GC(5653) Pause Young (Normal) (G1 Evacuation Pause) 465M->466M(512M) 11.933ms
[2020-08-01T12:34:56.385+0300][147.594s][info ][gc] GC(5641) Pause Cleanup 487M->487M(512M) 0.125ms
[2020-08-01T12:34:56.397+0300][147.606s][info ][gc] GC(5654) To-space exhausted
[2020-08-01T12:34:56.397+0300][147.606s][info ][gc] GC(5654) Pause Young (Normal) (G1 Evacuation Pause) 487M->489M(512M) 12.004ms
[2020-08-01T12:34:56.398+0300][147.607s][info ][gc] GC(5641) Concurrent Cycle 364.613ms
[2020-08-01T12:34:56.439+0300][147.649s][info ][gc] GC(5655) To-space exhausted
[2020-08-01T12:34:56.440+0300][147.649s][info ][gc] GC(5655) Pause Young (Normal) (G1 Evacuation Pause) 510M->511M(512M) 33.900ms
[2020-08-01T12:34:56.480+0300][147.690s][info ][gc] GC(5656) Pause Full (G1 Evacuation Pause) 511M->70M(512M) 40.827ms
[2020-08-01T12:34:56.501+0300][147.710s][info ][gc] GC(5657) Pause Young (Normal) (G1 Evacuation Pause) 95M->95M(512M) 10.596ms
[2020-08-01T12:34:56.520+0300][147.730s][info ][gc] GC(5658) Pause Young (Normal) (G1 Evacuation Pause) 116M->118M(512M) 10.333ms
[2020-08-01T12:34:56.603+0300][147.812s][info ][gc] GC(5659) Pause Young (Normal) (G1 Evacuation Pause) 159M->160M(512M) 35.970ms
[2020-08-01T12:34:56.628+0300][147.837s][info ][gc] GC(5660) Pause Young (Normal) (G1 Evacuation Pause) 181M->182M(512M) 12.291ms
[2020-08-01T12:34:56.647+0300][147.856s][info ][gc] GC(5661) Pause Young (Normal) (G1 Evacuation Pause) 203M->205M(512M) 10.395ms
[2020-08-01T12:34:56.666+0300][147.875s][info ][gc] GC(5662) Pause Young (Normal) (G1 Evacuation Pause) 226M->227M(512M) 10.034ms
[2020-08-01T12:34:56.686+0300][147.895s][info ][gc] GC(5663) Pause Young (Normal) (G1 Evacuation Pause) 248M->250M(512M) 11.582ms
[2020-08-01T12:34:56.705+0300][147.914s][info ][gc] GC(5664) Pause Young (Concurrent Start) (G1 Evacuation Pause) 271M->273M(512M) 10.458ms
[2020-08-01T12:34:56.705+0300][147.914s][info ][gc] GC(5665) Concurrent Cycle
[2020-08-01T12:34:56.742+0300][147.952s][info ][gc] GC(5666) Pause Young (Normal) (G1 Evacuation Pause) 314M->315M(512M) 10.529ms
[2020-08-01T12:34:56.762+0300][147.971s][info ][gc] GC(5667) Pause Young (Normal) (G1 Evacuation Pause) 336M->338M(512M) 10.480ms
[2020-08-01T12:34:56.781+0300][147.990s][info ][gc] GC(5668) Pause Young (Normal) (G1 Evacuation Pause) 359M->361M(512M) 10.485ms
[2020-08-01T12:34:56.800+0300][148.009s][info ][gc] GC(5669) Pause Young (Normal) (G1 Evacuation Pause) 382M->383M(512M) 9.999ms
[2020-08-01T12:34:56.819+0300][148.029s][info ][gc] GC(5670) Pause Young (Normal) (G1 Evacuation Pause) 404M->406M(512M) 10.541ms
[2020-08-01T12:34:56.851+0300][148.061s][debug][gc] GC(5665) Reclaimed 127 empty regions
[2020-08-01T12:34:56.851+0300][148.061s][info ][gc] GC(5665) Pause Remark 445M->320M(512M) 0.581ms
[2020-08-01T12:34:56.868+0300][148.077s][info ][gc] GC(5671) Pause Young (Normal) (G1 Evacuation Pause) 321M->322M(512M) 13.627ms
[2020-08-01T12:34:56.894+0300][148.103s][info ][gc] GC(5672) Pause Young (Normal) (G1 Evacuation Pause) 343M->345M(512M) 10.557ms
[2020-08-01T12:34:56.919+0300][148.129s][info ][gc] GC(5673) Pause Young (Normal) (G1 Evacuation Pause) 366M->368M(512M) 11.014ms
[2020-08-01T12:34:56.944+0300][148.154s][info ][gc] GC(5674) Pause Young (Normal) (G1 Evacuation Pause) 389M->390M(512M) 10.460ms
[2020-08-01T12:34:56.967+0300][148.176s][info ][gc] GC(5675) Pause Young (Normal) (G1 Evacuation Pause) 411M->413M(512M) 10.930ms
[2020-08-01T12:34:56.995+0300][148.204s][info ][gc] GC(5676) Pause Young (Normal) (G1 Evacuation Pause) 434M->435M(512M) 10.289ms
[2020-08-01T12:34:57.040+0300][148.249s][info ][gc] GC(5677) Pause Young (Normal) (G1 Evacuation Pause) 476M->478M(512M) 10.995ms
[2020-08-01T12:34:57.077+0300][148.287s][info ][gc] GC(5678) To-space exhausted
[2020-08-01T12:34:57.078+0300][148.287s][info ][gc] GC(5678) Pause Young (Normal) (G1 Evacuation Pause) 499M->504M(512M) 23.159ms
[2020-08-01T12:34:57.104+0300][148.314s][info ][gc] GC(5679) To-space exhausted
[2020-08-01T12:34:57.104+0300][148.314s][info ][gc] GC(5679) Pause Young (Normal) (G1 Evacuation Pause) 511M->511M(512M) 16.177ms
[2020-08-01T12:34:57.105+0300][148.314s][debug][gc] GC(5680) Clear Next Bitmap 0.306ms
[2020-08-01T12:34:57.143+0300][148.352s][info ][gc] GC(5680) Pause Full (G1 Evacuation Pause) 511M->62M(512M) 38.333ms
[2020-08-01T12:34:57.143+0300][148.352s][info ][gc] GC(5665) Concurrent Cycle 438.203ms
[2020-08-01T12:34:57.164+0300][148.373s][info ][gc] GC(5681) Pause Young (Normal) (G1 Evacuation Pause) 87M->87M(512M) 10.542ms
[2020-08-01T12:34:57.182+0300][148.391s][info ][gc] GC(5682) Pause Young (Normal) (G1 Evacuation Pause) 108M->110M(512M) 10.191ms
[2020-08-01T12:34:57.201+0300][148.410s][info ][gc] GC(5683) Pause Young (Normal) (G1 Evacuation Pause) 131M->132M(512M) 10.121ms
[2020-08-01T12:34:57.269+0300][148.478s][info ][gc] GC(5684) Pause Young (Normal) (G1 Evacuation Pause) 173M->175M(512M) 21.534ms
[2020-08-01T12:34:57.292+0300][148.501s][info ][gc] GC(5685) Pause Young (Normal) (G1 Evacuation Pause) 196M->198M(512M) 11.757ms
[2020-08-01T12:34:57.310+0300][148.520s][info ][gc] GC(5686) Pause Young (Normal) (G1 Evacuation Pause) 219M->220M(512M) 10.500ms
[2020-08-01T12:34:57.331+0300][148.540s][info ][gc] GC(5687) Pause Young (Normal) (G1 Evacuation Pause) 241M->242M(512M) 11.924ms
[2020-08-01T12:34:57.350+0300][148.559s][info ][gc] GC(5688) Pause Young (Concurrent Start) (G1 Evacuation Pause) 263M->264M(512M) 10.226ms
[2020-08-01T12:34:57.350+0300][148.559s][info ][gc] GC(5689) Concurrent Cycle
[2020-08-01T12:34:57.394+0300][148.603s][info ][gc] GC(5690) Pause Young (Normal) (G1 Evacuation Pause) 305M->306M(512M) 10.930ms
[2020-08-01T12:34:57.413+0300][148.622s][info ][gc] GC(5691) Pause Young (Normal) (G1 Evacuation Pause) 327M->329M(512M) 10.417ms
[2020-08-01T12:34:57.431+0300][148.641s][info ][gc] GC(5692) Pause Young (Normal) (G1 Evacuation Pause) 350M->351M(512M) 9.821ms
[2020-08-01T12:34:57.450+0300][148.660s][info ][gc] GC(5693) Pause Young (Normal) (G1 Evacuation Pause) 372M->373M(512M) 10.169ms
[2020-08-01T12:34:57.469+0300][148.679s][info ][gc] GC(5694) Pause Young (Normal) (G1 Evacuation Pause) 394M->396M(512M) 10.569ms
[2020-08-01T12:34:57.489+0300][148.699s][info ][gc] GC(5695) Pause Young (Normal) (G1 Evacuation Pause) 417M->418M(512M) 10.914ms
[2020-08-01T12:34:57.500+0300][148.709s][debug][gc] GC(5689) Reclaimed 130 empty regions
[2020-08-01T12:34:57.500+0300][148.709s][info ][gc] GC(5689) Pause Remark 424M->296M(512M) 0.428ms
[2020-08-01T12:34:57.523+0300][148.732s][info ][gc] GC(5696) Pause Young (Normal) (G1 Evacuation Pause) 331M->333M(512M) 11.212ms
[2020-08-01T12:34:57.546+0300][148.756s][info ][gc] GC(5697) Pause Young (Normal) (G1 Evacuation Pause) 354M->356M(512M) 10.342ms
[2020-08-01T12:34:57.572+0300][148.782s][info ][gc] GC(5698) Pause Young (Normal) (G1 Evacuation Pause) 377M->378M(512M) 10.361ms
[2020-08-01T12:34:57.598+0300][148.808s][info ][gc] GC(5699) Pause Young (Normal) (G1 Evacuation Pause) 399M->400M(512M) 10.537ms
[2020-08-01T12:34:57.624+0300][148.833s][info ][gc] GC(5700) Pause Young (Normal) (G1 Evacuation Pause) 421M->422M(512M) 10.567ms
[2020-08-01T12:34:57.675+0300][148.884s][info ][gc] GC(5701) Pause Young (Normal) (G1 Evacuation Pause) 463M->465M(512M) 12.333ms
[2020-08-01T12:34:57.701+0300][148.910s][info ][gc] GC(5702) To-space exhausted
[2020-08-01T12:34:57.701+0300][148.911s][info ][gc] GC(5702) Pause Young (Normal) (G1 Evacuation Pause) 486M->488M(512M) 11.413ms
[2020-08-01T12:34:57.712+0300][148.921s][info ][gc] GC(5689) Pause Cleanup 507M->507M(512M) 0.163ms
[2020-08-01T12:34:57.713+0300][148.922s][info ][gc] GC(5689) Concurrent Cycle 362.862ms
[2020-08-01T12:34:57.746+0300][148.956s][info ][gc] GC(5703) To-space exhausted
[2020-08-01T12:34:57.746+0300][148.956s][info ][gc] GC(5703) Pause Young (Normal) (G1 Evacuation Pause) 509M->511M(512M) 32.502ms
[2020-08-01T12:34:57.787+0300][148.997s][info ][gc] GC(5704) Pause Full (G1 Evacuation Pause) 511M->69M(512M) 40.994ms
[2020-08-01T12:34:57.808+0300][149.017s][info ][gc] GC(5705) Pause Young (Normal) (G1 Evacuation Pause) 94M->94M(512M) 10.726ms
[2020-08-01T12:34:57.828+0300][149.037s][info ][gc] GC(5706) Pause Young (Normal) (G1 Evacuation Pause) 116M->117M(512M) 10.756ms
[2020-08-01T12:34:57.872+0300][149.082s][info ][gc] GC(5707) Pause Young (Normal) (G1 Evacuation Pause) 158M->160M(512M) 10.639ms
[2020-08-01T12:34:57.891+0300][149.101s][info ][gc] GC(5708) Pause Young (Normal) (G1 Evacuation Pause) 181M->182M(512M) 10.481ms
[2020-08-01T12:34:57.910+0300][149.119s][info ][gc] GC(5709) Pause Young (Normal) (G1 Evacuation Pause) 203M->204M(512M) 10.482ms
[2020-08-01T12:34:57.929+0300][149.139s][info ][gc] GC(5710) Pause Young (Normal) (G1 Evacuation Pause) 225M->226M(512M) 10.891ms
[2020-08-01T12:34:57.948+0300][149.158s][info ][gc] GC(5711) Pause Young (Normal) (G1 Evacuation Pause) 247M->249M(512M) 10.409ms
[2020-08-01T12:34:57.967+0300][149.176s][info ][gc] GC(5712) Pause Young (Concurrent Start) (G1 Evacuation Pause) 270M->272M(512M) 10.086ms
[2020-08-01T12:34:57.967+0300][149.176s][info ][gc] GC(5713) Concurrent Cycle
[2020-08-01T12:34:58.002+0300][149.212s][info ][gc] GC(5714) Pause Young (Normal) (G1 Evacuation Pause) 313M->315M(512M) 11.154ms
[2020-08-01T12:34:58.022+0300][149.231s][info ][gc] GC(5715) Pause Young (Normal) (G1 Evacuation Pause) 336M->337M(512M) 10.471ms
[2020-08-01T12:34:58.041+0300][149.250s][info ][gc] GC(5716) Pause Young (Normal) (G1 Evacuation Pause) 358M->360M(512M) 10.308ms
[2020-08-01T12:34:58.061+0300][149.270s][info ][gc] GC(5717) Pause Young (Normal) (G1 Evacuation Pause) 381M->382M(512M) 11.499ms
[2020-08-01T12:34:58.080+0300][149.290s][info ][gc] GC(5718) Pause Young (Normal) (G1 Evacuation Pause) 403M->404M(512M) 10.449ms
[2020-08-01T12:34:58.122+0300][149.331s][info ][gc] GC(5719) Pause Young (Normal) (G1 Evacuation Pause) 445M->446M(512M) 11.894ms
[2020-08-01T12:34:58.128+0300][149.338s][debug][gc] GC(5713) Reclaimed 129 empty regions
[2020-08-01T12:34:58.128+0300][149.338s][info ][gc] GC(5713) Pause Remark 460M->335M(512M) 0.431ms
[2020-08-01T12:34:58.143+0300][149.352s][info ][gc] GC(5720) Pause Young (Normal) (G1 Evacuation Pause) 342M->344M(512M) 11.319ms
[2020-08-01T12:34:58.174+0300][149.384s][info ][gc] GC(5721) Pause Young (Normal) (G1 Evacuation Pause) 365M->366M(512M) 11.063ms
[2020-08-01T12:34:58.195+0300][149.405s][info ][gc] GC(5722) Pause Young (Normal) (G1 Evacuation Pause) 387M->389M(512M) 12.582ms
[2020-08-01T12:34:58.225+0300][149.434s][info ][gc] GC(5723) Pause Young (Normal) (G1 Evacuation Pause) 410M->411M(512M) 11.134ms
[2020-08-01T12:34:58.251+0300][149.461s][info ][gc] GC(5724) Pause Young (Normal) (G1 Evacuation Pause) 432M->433M(512M) 10.799ms
[2020-08-01T12:34:58.296+0300][149.506s][info ][gc] GC(5725) Pause Young (Normal) (G1 Evacuation Pause) 474M->476M(512M) 10.806ms
[2020-08-01T12:34:58.332+0300][149.541s][info ][gc] GC(5726) To-space exhausted
[2020-08-01T12:34:58.332+0300][149.541s][info ][gc] GC(5726) Pause Young (Normal) (G1 Evacuation Pause) 497M->506M(512M) 20.932ms
[2020-08-01T12:34:58.354+0300][149.563s][info ][gc] GC(5727) To-space exhausted
[2020-08-01T12:34:58.354+0300][149.563s][info ][gc] GC(5727) Pause Young (Normal) (G1 Evacuation Pause) 511M->511M(512M) 13.302ms
[2020-08-01T12:34:58.354+0300][149.564s][debug][gc] GC(5728) Clear Next Bitmap 0.349ms
[2020-08-01T12:34:58.392+0300][149.601s][info ][gc] GC(5728) Pause Full (G1 Evacuation Pause) 511M->61M(512M) 37.816ms
[2020-08-01T12:34:58.392+0300][149.601s][info ][gc] GC(5713) Concurrent Cycle 425.187ms
[2020-08-01T12:34:58.413+0300][149.622s][info ][gc] GC(5729) Pause Young (Normal) (G1 Evacuation Pause) 87M->87M(512M) 10.450ms
[2020-08-01T12:34:58.434+0300][149.644s][info ][gc] GC(5730) Pause Young (Normal) (G1 Evacuation Pause) 112M->114M(512M) 11.965ms
[2020-08-01T12:34:58.453+0300][149.663s][info ][gc] GC(5731) Pause Young (Normal) (G1 Evacuation Pause) 135M->136M(512M) 10.382ms
[2020-08-01T12:34:58.483+0300][149.692s][info ][gc] GC(5732) Pause Young (Normal) (G1 Evacuation Pause) 177M->179M(512M) 9.928ms
[2020-08-01T12:34:58.502+0300][149.711s][info ][gc] GC(5733) Pause Young (Normal) (G1 Evacuation Pause) 201M->202M(512M) 10.121ms
[2020-08-01T12:34:58.521+0300][149.731s][info ][gc] GC(5734) Pause Young (Normal) (G1 Evacuation Pause) 224M->225M(512M) 10.588ms
[2020-08-01T12:34:58.541+0300][149.750s][info ][gc] GC(5735) Pause Young (Normal) (G1 Evacuation Pause) 247M->249M(512M) 10.663ms
[2020-08-01T12:34:58.560+0300][149.769s][info ][gc] GC(5736) Pause Young (Concurrent Start) (G1 Evacuation Pause) 271M->271M(512M) 10.411ms
[2020-08-01T12:34:58.560+0300][149.769s][info ][gc] GC(5737) Concurrent Cycle
[2020-08-01T12:34:58.606+0300][149.816s][info ][gc] GC(5738) Pause Young (Normal) (G1 Evacuation Pause) 312M->314M(512M) 10.732ms
[2020-08-01T12:34:58.626+0300][149.836s][info ][gc] GC(5739) Pause Young (Normal) (G1 Evacuation Pause) 335M->336M(512M) 10.841ms
[2020-08-01T12:34:58.645+0300][149.855s][info ][gc] GC(5740) Pause Young (Normal) (G1 Evacuation Pause) 357M->358M(512M) 10.218ms
[2020-08-01T12:34:58.665+0300][149.875s][info ][gc] GC(5741) Pause Young (Normal) (G1 Evacuation Pause) 379M->381M(512M) 10.420ms
[2020-08-01T12:34:58.684+0300][149.894s][info ][gc] GC(5742) Pause Young (Normal) (G1 Evacuation Pause) 402M->403M(512M) 10.403ms
[2020-08-01T12:34:58.707+0300][149.916s][debug][gc] GC(5737) Reclaimed 130 empty regions
[2020-08-01T12:34:58.707+0300][149.916s][info ][gc] GC(5737) Pause Remark 422M->294M(512M) 0.425ms
[2020-08-01T12:34:58.728+0300][149.937s][info ][gc] GC(5743) Pause Young (Normal) (G1 Evacuation Pause) 316M->317M(512M) 11.520ms
[2020-08-01T12:34:58.757+0300][149.967s][info ][gc] GC(5744) Pause Young (Normal) (G1 Evacuation Pause) 338M->340M(512M) 11.921ms
[2020-08-01T12:34:58.783+0300][149.992s][info ][gc] GC(5745) Pause Young (Normal) (G1 Evacuation Pause) 361M->362M(512M) 10.690ms
[2020-08-01T12:34:58.809+0300][150.018s][info ][gc] GC(5746) Pause Young (Normal) (G1 Evacuation Pause) 383M->385M(512M) 10.847ms
[2020-08-01T12:34:58.836+0300][150.045s][info ][gc] GC(5747) Pause Young (Normal) (G1 Evacuation Pause) 406M->407M(512M) 10.652ms
[2020-08-01T12:34:58.859+0300][150.069s][info ][gc] GC(5748) Pause Young (Normal) (G1 Evacuation Pause) 428M->429M(512M) 11.332ms
[2020-08-01T12:34:58.904+0300][150.113s][info ][gc] GC(5749) Pause Young (Normal) (G1 Evacuation Pause) 470M->472M(512M) 10.647ms
[2020-08-01T12:34:58.911+0300][150.120s][info ][gc] GC(5737) Pause Cleanup 473M->473M(512M) 0.117ms
[2020-08-01T12:34:58.911+0300][150.121s][info ][gc] GC(5737) Concurrent Cycle 351.431ms
[2020-08-01T12:34:58.935+0300][150.145s][info ][gc] GC(5750) To-space exhausted
[2020-08-01T12:34:58.936+0300][150.145s][info ][gc] GC(5750) Pause Young (Normal) (G1 Evacuation Pause) 493M->499M(512M) 16.438ms
[2020-08-01T12:34:58.966+0300][150.175s][info ][gc] GC(5751) To-space exhausted
[2020-08-01T12:34:58.966+0300][150.175s][info ][gc] GC(5751) Pause Young (Concurrent Start) (G1 Evacuation Pause) 511M->511M(512M) 25.158ms
[2020-08-01T12:34:58.966+0300][150.175s][info ][gc] GC(5753) Concurrent Cycle
[2020-08-01T12:34:58.966+0300][150.175s][debug][gc] GC(5752) Clear Next Bitmap 0.321ms
[2020-08-01T12:34:59.005+0300][150.214s][info ][gc] GC(5752) Pause Full (G1 Evacuation Pause) 511M->67M(512M) 38.772ms
[2020-08-01T12:34:59.005+0300][150.214s][info ][gc] GC(5753) Concurrent Cycle 39.065ms
[2020-08-01T12:34:59.030+0300][150.240s][info ][gc] GC(5754) Pause Young (Normal) (G1 Evacuation Pause) 98M->98M(512M) 13.562ms
[2020-08-01T12:34:59.053+0300][150.262s][info ][gc] GC(5755) Pause Young (Normal) (G1 Evacuation Pause) 124M->126M(512M) 11.737ms
[2020-08-01T12:34:59.089+0300][150.299s][info ][gc] GC(5756) Pause Young (Normal) (G1 Evacuation Pause) 168M->170M(512M) 11.344ms
[2020-08-01T12:34:59.108+0300][150.318s][info ][gc] GC(5757) Pause Young (Normal) (G1 Evacuation Pause) 191M->193M(512M) 10.546ms
[2020-08-01T12:34:59.128+0300][150.337s][info ][gc] GC(5758) Pause Young (Normal) (G1 Evacuation Pause) 214M->216M(512M) 10.950ms
[2020-08-01T12:34:59.146+0300][150.356s][info ][gc] GC(5759) Pause Young (Normal) (G1 Evacuation Pause) 237M->238M(512M) 10.111ms
[2020-08-01T12:34:59.165+0300][150.375s][info ][gc] GC(5760) Pause Young (Concurrent Start) (G1 Evacuation Pause) 259M->261M(512M) 10.627ms
[2020-08-01T12:34:59.166+0300][150.375s][info ][gc] GC(5761) Concurrent Cycle
[2020-08-01T12:34:59.211+0300][150.421s][info ][gc] GC(5762) Pause Young (Normal) (G1 Evacuation Pause) 302M->303M(512M) 10.862ms
[2020-08-01T12:34:59.230+0300][150.440s][info ][gc] GC(5763) Pause Young (Normal) (G1 Evacuation Pause) 324M->325M(512M) 10.530ms
[2020-08-01T12:34:59.250+0300][150.459s][info ][gc] GC(5764) Pause Young (Normal) (G1 Evacuation Pause) 346M->347M(512M) 10.491ms
[2020-08-01T12:34:59.269+0300][150.479s][info ][gc] GC(5765) Pause Young (Normal) (G1 Evacuation Pause) 368M->370M(512M) 10.708ms
[2020-08-01T12:34:59.288+0300][150.498s][info ][gc] GC(5766) Pause Young (Normal) (G1 Evacuation Pause) 391M->392M(512M) 10.402ms
[2020-08-01T12:34:59.308+0300][150.517s][info ][gc] GC(5767) Pause Young (Normal) (G1 Evacuation Pause) 413M->415M(512M) 10.521ms
[2020-08-01T12:34:59.314+0300][150.523s][debug][gc] GC(5761) Reclaimed 128 empty regions
[2020-08-01T12:34:59.314+0300][150.523s][info ][gc] GC(5761) Pause Remark 424M->299M(512M) 0.435ms
[2020-08-01T12:34:59.354+0300][150.564s][info ][gc] GC(5768) Pause Young (Normal) (G1 Evacuation Pause) 330M->331M(512M) 10.996ms
[2020-08-01T12:34:59.377+0300][150.586s][info ][gc] GC(5769) Pause Young (Normal) (G1 Evacuation Pause) 352M->353M(512M) 13.893ms
[2020-08-01T12:34:59.407+0300][150.616s][info ][gc] GC(5770) Pause Young (Normal) (G1 Evacuation Pause) 374M->376M(512M) 10.545ms
[2020-08-01T12:34:59.433+0300][150.642s][info ][gc] GC(5771) Pause Young (Normal) (G1 Evacuation Pause) 397M->398M(512M) 10.468ms
[2020-08-01T12:34:59.459+0300][150.668s][info ][gc] GC(5772) Pause Young (Normal) (G1 Evacuation Pause) 419M->420M(512M) 10.555ms
[2020-08-01T12:34:59.507+0300][150.717s][info ][gc] GC(5773) Pause Young (Normal) (G1 Evacuation Pause) 461M->462M(512M) 10.981ms
[2020-08-01T12:34:59.512+0300][150.721s][info ][gc] GC(5761) Pause Cleanup 463M->463M(512M) 0.127ms
[2020-08-01T12:34:59.512+0300][150.722s][info ][gc] GC(5761) Concurrent Cycle 346.716ms
[2020-08-01T12:34:59.532+0300][150.741s][info ][gc] GC(5774) Pause Young (Normal) (G1 Evacuation Pause) 483M->485M(512M) 11.594ms
[2020-08-01T12:34:59.572+0300][150.781s][info ][gc] GC(5775) To-space exhausted
[2020-08-01T12:34:59.572+0300][150.781s][info ][gc] GC(5775) Pause Young (Concurrent Start) (G1 Evacuation Pause) 506M->511M(512M) 32.181ms
[2020-08-01T12:34:59.572+0300][150.781s][info ][gc] GC(5777) Concurrent Cycle
[2020-08-01T12:34:59.573+0300][150.782s][debug][gc] GC(5776) Clear Next Bitmap 0.282ms
[2020-08-01T12:34:59.610+0300][150.819s][info ][gc] GC(5776) Pause Full (G1 Evacuation Pause) 511M->65M(512M) 37.888ms
[2020-08-01T12:34:59.610+0300][150.820s][info ][gc] GC(5777) Concurrent Cycle 38.173ms
[2020-08-01T12:34:59.631+0300][150.840s][info ][gc] GC(5778) Pause Young (Normal) (G1 Evacuation Pause) 91M->91M(512M) 10.427ms
[2020-08-01T12:34:59.653+0300][150.862s][info ][gc] GC(5779) Pause Young (Normal) (G1 Evacuation Pause) 116M->118M(512M) 11.729ms
[2020-08-01T12:34:59.695+0300][150.905s][info ][gc] GC(5780) Pause Young (Normal) (G1 Evacuation Pause) 159M->160M(512M) 11.337ms
[2020-08-01T12:34:59.714+0300][150.923s][info ][gc] GC(5781) Pause Young (Normal) (G1 Evacuation Pause) 181M->183M(512M) 10.355ms
[2020-08-01T12:34:59.732+0300][150.942s][info ][gc] GC(5782) Pause Young (Normal) (G1 Evacuation Pause) 204M->205M(512M) 10.018ms
[2020-08-01T12:34:59.750+0300][150.960s][info ][gc] GC(5783) Pause Young (Normal) (G1 Evacuation Pause) 226M->228M(512M) 9.696ms
[2020-08-01T12:34:59.769+0300][150.979s][info ][gc] GC(5784) Pause Young (Normal) (G1 Evacuation Pause) 250M->251M(512M) 10.183ms
[2020-08-01T12:34:59.789+0300][150.998s][info ][gc] GC(5785) Pause Young (Concurrent Start) (G1 Evacuation Pause) 273M->274M(512M) 10.578ms
[2020-08-01T12:34:59.789+0300][150.998s][info ][gc] GC(5786) Concurrent Cycle
[2020-08-01T12:34:59.826+0300][151.035s][info ][gc] GC(5787) Pause Young (Normal) (G1 Evacuation Pause) 315M->318M(512M) 11.603ms
[2020-08-01T12:34:59.845+0300][151.054s][info ][gc] GC(5788) Pause Young (Normal) (G1 Evacuation Pause) 339M->340M(512M) 10.792ms
[2020-08-01T12:34:59.864+0300][151.074s][info ][gc] GC(5789) Pause Young (Normal) (G1 Evacuation Pause) 361M->362M(512M) 10.332ms
[2020-08-01T12:34:59.883+0300][151.093s][info ][gc] GC(5790) Pause Young (Normal) (G1 Evacuation Pause) 383M->385M(512M) 10.180ms
[2020-08-01T12:34:59.903+0300][151.112s][info ][gc] GC(5791) Pause Young (Normal) (G1 Evacuation Pause) 406M->407M(512M) 10.539ms
[2020-08-01T12:34:59.947+0300][151.156s][info ][gc] GC(5792) Pause Young (Normal) (G1 Evacuation Pause) 448M->450M(512M) 10.330ms
[2020-08-01T12:34:59.966+0300][151.175s][info ][gc] GC(5793) Pause Young (Normal) (G1 Evacuation Pause) 471M->473M(512M) 10.534ms
[2020-08-01T12:34:59.967+0300][151.176s][debug][gc] GC(5786) Reclaimed 133 empty regions
[2020-08-01T12:34:59.967+0300][151.176s][info ][gc] GC(5786) Pause Remark 473M->343M(512M) 0.537ms
[2020-08-01T12:34:59.987+0300][151.196s][info ][gc] GC(5794) Pause Young (Normal) (G1 Evacuation Pause) 363M->365M(512M) 11.443ms
[2020-08-01T12:35:00.012+0300][151.222s][info ][gc] GC(5795) Pause Young (Normal) (G1 Evacuation Pause) 386M->387M(512M) 10.640ms
[2020-08-01T12:35:00.039+0300][151.248s][info ][gc] GC(5796) Pause Young (Normal) (G1 Evacuation Pause) 408M->409M(512M) 10.678ms
[2020-08-01T12:35:00.066+0300][151.275s][info ][gc] GC(5797) Pause Young (Normal) (G1 Evacuation Pause) 430M->432M(512M) 12.027ms
[2020-08-01T12:35:00.110+0300][151.319s][info ][gc] GC(5798) Pause Young (Normal) (G1 Evacuation Pause) 473M->475M(512M) 12.442ms
[2020-08-01T12:35:00.147+0300][151.356s][info ][gc] GC(5799) To-space exhausted
[2020-08-01T12:35:00.147+0300][151.357s][info ][gc] GC(5799) Pause Young (Normal) (G1 Evacuation Pause) 496M->503M(512M) 19.920ms
[2020-08-01T12:35:00.171+0300][151.380s][info ][gc] GC(5800) To-space exhausted
[2020-08-01T12:35:00.171+0300][151.380s][info ][gc] GC(5800) Pause Young (Normal) (G1 Evacuation Pause) 511M->511M(512M) 20.182ms
[2020-08-01T12:35:00.171+0300][151.381s][debug][gc] GC(5801) Clear Next Bitmap 0.241ms
[2020-08-01T12:35:00.210+0300][151.419s][info ][gc] GC(5801) Pause Full (G1 Evacuation Pause) 511M->65M(512M) 38.729ms
[2020-08-01T12:35:00.210+0300][151.419s][info ][gc] GC(5786) Concurrent Cycle 421.093ms
[2020-08-01T12:35:00.233+0300][151.442s][info ][gc] GC(5802) Pause Young (Normal) (G1 Evacuation Pause) 93M->93M(512M) 11.973ms
[2020-08-01T12:35:00.256+0300][151.465s][info ][gc] GC(5803) Pause Young (Normal) (G1 Evacuation Pause) 119M->120M(512M) 11.957ms
[2020-08-01T12:35:00.289+0300][151.498s][info ][gc] GC(5804) Pause Young (Normal) (G1 Evacuation Pause) 162M->164M(512M) 11.959ms
[2020-08-01T12:35:00.307+0300][151.517s][info ][gc] GC(5805) Pause Young (Normal) (G1 Evacuation Pause) 185M->186M(512M) 10.409ms
[2020-08-01T12:35:00.326+0300][151.536s][info ][gc] GC(5806) Pause Young (Normal) (G1 Evacuation Pause) 207M->209M(512M) 10.547ms
[2020-08-01T12:35:00.347+0300][151.557s][info ][gc] GC(5807) Pause Young (Normal) (G1 Evacuation Pause) 230M->232M(512M) 12.651ms
[2020-08-01T12:35:00.368+0300][151.577s][info ][gc] GC(5808) Pause Young (Concurrent Start) (G1 Evacuation Pause) 253M->254M(512M) 12.119ms
[2020-08-01T12:35:00.368+0300][151.577s][info ][gc] GC(5809) Concurrent Cycle
[2020-08-01T12:35:00.389+0300][151.598s][info ][gc] GC(5810) Pause Young (Normal) (G1 Evacuation Pause) 276M->279M(512M) 11.379ms
[2020-08-01T12:35:00.434+0300][151.643s][info ][gc] GC(5811) Pause Young (Normal) (G1 Evacuation Pause) 320M->321M(512M) 10.604ms
[2020-08-01T12:35:00.453+0300][151.662s][info ][gc] GC(5812) Pause Young (Normal) (G1 Evacuation Pause) 342M->344M(512M) 10.276ms
[2020-08-01T12:35:00.473+0300][151.682s][info ][gc] GC(5813) Pause Young (Normal) (G1 Evacuation Pause) 365M->366M(512M) 11.031ms
[2020-08-01T12:35:00.492+0300][151.701s][info ][gc] GC(5814) Pause Young (Normal) (G1 Evacuation Pause) 387M->389M(512M) 10.259ms
[2020-08-01T12:35:00.511+0300][151.720s][info ][gc] GC(5815) Pause Young (Normal) (G1 Evacuation Pause) 410M->411M(512M) 10.568ms
[2020-08-01T12:35:00.527+0300][151.736s][debug][gc] GC(5809) Reclaimed 127 empty regions
[2020-08-01T12:35:00.527+0300][151.736s][info ][gc] GC(5809) Pause Remark 425M->301M(512M) 1.984ms
[2020-08-01T12:35:00.558+0300][151.768s][info ][gc] GC(5816) Pause Young (Normal) (G1 Evacuation Pause) 328M->330M(512M) 11.270ms
[2020-08-01T12:35:00.584+0300][151.794s][info ][gc] GC(5817) Pause Young (Normal) (G1 Evacuation Pause) 351M->352M(512M) 10.540ms
[2020-08-01T12:35:00.610+0300][151.820s][info ][gc] GC(5818) Pause Young (Normal) (G1 Evacuation Pause) 373M->374M(512M) 10.778ms
[2020-08-01T12:35:00.636+0300][151.846s][info ][gc] GC(5819) Pause Young (Normal) (G1 Evacuation Pause) 395M->396M(512M) 10.477ms
[2020-08-01T12:35:00.663+0300][151.872s][info ][gc] GC(5820) Pause Young (Normal) (G1 Evacuation Pause) 417M->419M(512M) 10.487ms
[2020-08-01T12:35:00.688+0300][151.898s][info ][gc] GC(5821) Pause Young (Normal) (G1 Evacuation Pause) 440M->442M(512M) 10.262ms
[2020-08-01T12:35:00.721+0300][151.930s][info ][gc] GC(5809) Pause Cleanup 475M->475M(512M) 0.127ms
[2020-08-01T12:35:00.721+0300][151.931s][info ][gc] GC(5809) Concurrent Cycle 353.246ms
[2020-08-01T12:35:00.735+0300][151.944s][info ][gc] GC(5822) Pause Young (Normal) (G1 Evacuation Pause) 483M->485M(512M) 10.563ms
[2020-08-01T12:35:00.775+0300][151.984s][info ][gc] GC(5823) To-space exhausted
[2020-08-01T12:35:00.775+0300][151.984s][info ][gc] GC(5823) Pause Young (Concurrent Start) (G1 Evacuation Pause) 506M->511M(512M) 31.356ms
[2020-08-01T12:35:00.775+0300][151.984s][info ][gc] GC(5825) Concurrent Cycle
[2020-08-01T12:35:00.776+0300][151.985s][debug][gc] GC(5824) Clear Next Bitmap 0.283ms
[2020-08-01T12:35:00.812+0300][152.022s][info ][gc] GC(5824) Pause Full (G1 Evacuation Pause) 511M->61M(512M) 37.293ms
[2020-08-01T12:35:00.812+0300][152.022s][info ][gc] GC(5825) Concurrent Cycle 37.603ms
[2020-08-01T12:35:00.833+0300][152.042s][info ][gc] GC(5826) Pause Young (Normal) (G1 Evacuation Pause) 86M->86M(512M) 10.521ms
[2020-08-01T12:35:00.853+0300][152.062s][info ][gc] GC(5827) Pause Young (Normal) (G1 Evacuation Pause) 109M->110M(512M) 10.939ms
[2020-08-01T12:35:00.874+0300][152.083s][info ][gc] GC(5828) Pause Young (Normal) (G1 Evacuation Pause) 131M->132M(512M) 12.056ms
[2020-08-01T12:35:00.917+0300][152.127s][info ][gc] GC(5829) Pause Young (Normal) (G1 Evacuation Pause) 173M->175M(512M) 10.308ms
[2020-08-01T12:35:00.936+0300][152.146s][info ][gc] GC(5830) Pause Young (Normal) (G1 Evacuation Pause) 196M->197M(512M) 10.616ms
[2020-08-01T12:35:00.955+0300][152.164s][info ][gc] GC(5831) Pause Young (Normal) (G1 Evacuation Pause) 218M->219M(512M) 10.448ms
[2020-08-01T12:35:00.974+0300][152.183s][info ][gc] GC(5832) Pause Young (Normal) (G1 Evacuation Pause) 240M->241M(512M) 10.436ms
[2020-08-01T12:35:00.992+0300][152.202s][info ][gc] GC(5833) Pause Young (Concurrent Start) (G1 Evacuation Pause) 262M->263M(512M) 10.324ms
[2020-08-01T12:35:00.993+0300][152.202s][info ][gc] GC(5834) Concurrent Cycle
[2020-08-01T12:35:01.039+0300][152.249s][info ][gc] GC(5835) Pause Young (Normal) (G1 Evacuation Pause) 305M->307M(512M) 10.974ms
[2020-08-01T12:35:01.058+0300][152.268s][info ][gc] GC(5836) Pause Young (Normal) (G1 Evacuation Pause) 328M->330M(512M) 10.449ms
[2020-08-01T12:35:01.078+0300][152.287s][info ][gc] GC(5837) Pause Young (Normal) (G1 Evacuation Pause) 351M->352M(512M) 10.629ms
[2020-08-01T12:35:01.097+0300][152.306s][info ][gc] GC(5838) Pause Young (Normal) (G1 Evacuation Pause) 373M->374M(512M) 10.339ms
[2020-08-01T12:35:01.116+0300][152.325s][info ][gc] GC(5839) Pause Young (Normal) (G1 Evacuation Pause) 395M->397M(512M) 10.288ms
[2020-08-01T12:35:01.135+0300][152.344s][info ][gc] GC(5840) Pause Young (Normal) (G1 Evacuation Pause) 418M->419M(512M) 10.476ms
[2020-08-01T12:35:01.145+0300][152.354s][debug][gc] GC(5834) Reclaimed 129 empty regions
[2020-08-01T12:35:01.145+0300][152.354s][info ][gc] GC(5834) Pause Remark 423M->298M(512M) 0.440ms
[2020-08-01T12:35:01.170+0300][152.379s][info ][gc] GC(5841) Pause Young (Normal) (G1 Evacuation Pause) 335M->336M(512M) 11.360ms
[2020-08-01T12:35:01.199+0300][152.408s][info ][gc] GC(5842) Pause Young (Normal) (G1 Evacuation Pause) 357M->358M(512M) 10.667ms
[2020-08-01T12:35:01.226+0300][152.435s][info ][gc] GC(5843) Pause Young (Normal) (G1 Evacuation Pause) 379M->380M(512M) 10.583ms
[2020-08-01T12:35:01.252+0300][152.461s][info ][gc] GC(5844) Pause Young (Normal) (G1 Evacuation Pause) 401M->402M(512M) 11.200ms
[2020-08-01T12:35:01.279+0300][152.488s][info ][gc] GC(5845) Pause Young (Normal) (G1 Evacuation Pause) 423M->425M(512M) 11.045ms
[2020-08-01T12:35:01.318+0300][152.528s][info ][gc] GC(5846) Pause Young (Normal) (G1 Evacuation Pause) 466M->467M(512M) 10.410ms
[2020-08-01T12:35:01.346+0300][152.556s][info ][gc] GC(5847) To-space exhausted
[2020-08-01T12:35:01.346+0300][152.556s][info ][gc] GC(5847) Pause Young (Normal) (G1 Evacuation Pause) 488M->497M(512M) 13.655ms
[2020-08-01T12:35:01.355+0300][152.564s][info ][gc] GC(5834) Pause Cleanup 504M->504M(512M) 0.120ms
[2020-08-01T12:35:01.355+0300][152.565s][info ][gc] GC(5834) Concurrent Cycle 362.901ms
[2020-08-01T12:35:01.383+0300][152.592s][info ][gc] GC(5848) To-space exhausted
[2020-08-01T12:35:01.383+0300][152.592s][info ][gc] GC(5848) Pause Young (Normal) (G1 Evacuation Pause) 511M->511M(512M) 24.789ms
[2020-08-01T12:35:01.420+0300][152.629s][info ][gc] GC(5849) Pause Full (G1 Evacuation Pause) 511M->63M(512M) 36.455ms
[2020-08-01T12:35:01.443+0300][152.653s][info ][gc] GC(5850) Pause Young (Normal) (G1 Evacuation Pause) 91M->92M(512M) 12.367ms
[2020-08-01T12:35:01.465+0300][152.674s][info ][gc] GC(5851) Pause Young (Normal) (G1 Evacuation Pause) 116M->117M(512M) 11.800ms
[2020-08-01T12:35:01.512+0300][152.721s][info ][gc] GC(5852) Pause Young (Normal) (G1 Evacuation Pause) 158M->159M(512M) 18.460ms
[2020-08-01T12:35:01.534+0300][152.743s][info ][gc] GC(5853) Pause Young (Normal) (G1 Evacuation Pause) 180M->182M(512M) 11.313ms
[2020-08-01T12:35:01.553+0300][152.762s][info ][gc] GC(5854) Pause Young (Normal) (G1 Evacuation Pause) 203M->204M(512M) 10.595ms
[2020-08-01T12:35:01.572+0300][152.781s][info ][gc] GC(5855) Pause Young (Normal) (G1 Evacuation Pause) 225M->227M(512M) 10.471ms
[2020-08-01T12:35:01.590+0300][152.800s][info ][gc] GC(5856) Pause Young (Normal) (G1 Evacuation Pause) 248M->249M(512M) 10.364ms
[2020-08-01T12:35:01.609+0300][152.818s][info ][gc] GC(5857) Pause Young (Concurrent Start) (G1 Evacuation Pause) 270M->271M(512M) 10.482ms
[2020-08-01T12:35:01.609+0300][152.818s][info ][gc] GC(5858) Concurrent Cycle
[2020-08-01T12:35:01.644+0300][152.853s][info ][gc] GC(5859) Pause Young (Normal) (G1 Evacuation Pause) 312M->313M(512M) 10.439ms
[2020-08-01T12:35:01.664+0300][152.873s][info ][gc] GC(5860) Pause Young (Normal) (G1 Evacuation Pause) 334M->335M(512M) 10.491ms
[2020-08-01T12:35:01.686+0300][152.895s][info ][gc] GC(5861) Pause Young (Normal) (G1 Evacuation Pause) 356M->358M(512M) 12.396ms
[2020-08-01T12:35:01.705+0300][152.915s][info ][gc] GC(5862) Pause Young (Normal) (G1 Evacuation Pause) 379M->380M(512M) 10.447ms
[2020-08-01T12:35:01.725+0300][152.934s][info ][gc] GC(5863) Pause Young (Normal) (G1 Evacuation Pause) 401M->403M(512M) 10.460ms
[2020-08-01T12:35:01.768+0300][152.977s][info ][gc] GC(5864) Pause Young (Normal) (G1 Evacuation Pause) 444M->445M(512M) 10.730ms
[2020-08-01T12:35:01.772+0300][152.981s][debug][gc] GC(5858) Reclaimed 133 empty regions
[2020-08-01T12:35:01.772+0300][152.981s][info ][gc] GC(5858) Pause Remark 454M->323M(512M) 0.456ms
[2020-08-01T12:35:01.788+0300][152.997s][info ][gc] GC(5865) Pause Young (Normal) (G1 Evacuation Pause) 335M->337M(512M) 10.853ms
[2020-08-01T12:35:01.811+0300][153.020s][info ][gc] GC(5866) Pause Young (Normal) (G1 Evacuation Pause) 358M->360M(512M) 14.215ms
[2020-08-01T12:35:01.843+0300][153.053s][info ][gc] GC(5867) Pause Young (Normal) (G1 Evacuation Pause) 381M->382M(512M) 10.691ms
[2020-08-01T12:35:01.866+0300][153.075s][info ][gc] GC(5868) Pause Young (Normal) (G1 Evacuation Pause) 403M->405M(512M) 13.033ms
[2020-08-01T12:35:01.902+0300][153.111s][info ][gc] GC(5869) Pause Young (Normal) (G1 Evacuation Pause) 426M->427M(512M) 12.418ms
[2020-08-01T12:35:01.944+0300][153.154s][info ][gc] GC(5870) Pause Young (Normal) (G1 Evacuation Pause) 468M->470M(512M) 10.688ms
[2020-08-01T12:35:01.975+0300][153.184s][info ][gc] GC(5871) To-space exhausted
[2020-08-01T12:35:01.975+0300][153.185s][info ][gc] GC(5871) Pause Young (Normal) (G1 Evacuation Pause) 491M->498M(512M) 17.327ms
[2020-08-01T12:35:02.016+0300][153.226s][info ][gc] GC(5872) To-space exhausted
[2020-08-01T12:35:02.016+0300][153.226s][info ][gc] GC(5872) Pause Young (Normal) (G1 Evacuation Pause) 511M->511M(512M) 25.162ms
[2020-08-01T12:35:02.017+0300][153.226s][debug][gc] GC(5873) Clear Next Bitmap 0.344ms
[2020-08-01T12:35:02.062+0300][153.272s][info ][gc] GC(5873) Pause Full (G1 Evacuation Pause) 511M->68M(512M) 45.547ms
[2020-08-01T12:35:02.062+0300][153.272s][info ][gc] GC(5858) Concurrent Cycle 453.344ms
[2020-08-01T12:35:02.083+0300][153.293s][info ][gc] GC(5874) Pause Young (Normal) (G1 Evacuation Pause) 93M->93M(512M) 10.844ms
[2020-08-01T12:35:02.106+0300][153.315s][info ][gc] GC(5875) Pause Young (Normal) (G1 Evacuation Pause) 116M->118M(512M) 13.451ms
[2020-08-01T12:35:02.140+0300][153.350s][info ][gc] GC(5876) Pause Young (Normal) (G1 Evacuation Pause) 159M->161M(512M) 11.421ms
[2020-08-01T12:35:02.159+0300][153.369s][info ][gc] GC(5877) Pause Young (Normal) (G1 Evacuation Pause) 182M->183M(512M) 10.473ms
[2020-08-01T12:35:02.178+0300][153.388s][info ][gc] GC(5878) Pause Young (Normal) (G1 Evacuation Pause) 204M->205M(512M) 10.429ms
[2020-08-01T12:35:02.199+0300][153.408s][info ][gc] GC(5879) Pause Young (Normal) (G1 Evacuation Pause) 226M->227M(512M) 11.662ms
[2020-08-01T12:35:02.219+0300][153.428s][info ][gc] GC(5880) Pause Young (Normal) (G1 Evacuation Pause) 248M->249M(512M) 10.663ms
[2020-08-01T12:35:02.239+0300][153.449s][info ][gc] GC(5881) Pause Young (Concurrent Start) (G1 Evacuation Pause) 270M->272M(512M) 11.654ms
[2020-08-01T12:35:02.239+0300][153.449s][info ][gc] GC(5882) Concurrent Cycle
[2020-08-01T12:35:02.284+0300][153.494s][info ][gc] GC(5883) Pause Young (Normal) (G1 Evacuation Pause) 313M->314M(512M) 10.656ms
[2020-08-01T12:35:02.304+0300][153.513s][info ][gc] GC(5884) Pause Young (Normal) (G1 Evacuation Pause) 335M->336M(512M) 10.383ms
[2020-08-01T12:35:02.323+0300][153.532s][info ][gc] GC(5885) Pause Young (Normal) (G1 Evacuation Pause) 357M->358M(512M) 10.444ms
[2020-08-01T12:35:02.342+0300][153.551s][info ][gc] GC(5886) Pause Young (Normal) (G1 Evacuation Pause) 379M->380M(512M) 10.222ms
[2020-08-01T12:35:02.363+0300][153.573s][info ][gc] GC(5887) Pause Young (Normal) (G1 Evacuation Pause) 401M->403M(512M) 12.857ms
[2020-08-01T12:35:02.387+0300][153.597s][debug][gc] GC(5882) Reclaimed 132 empty regions
[2020-08-01T12:35:02.387+0300][153.597s][info ][gc] GC(5882) Pause Remark 421M->292M(512M) 0.411ms
[2020-08-01T12:35:02.408+0300][153.617s][info ][gc] GC(5888) Pause Young (Normal) (G1 Evacuation Pause) 314M->315M(512M) 12.774ms
[2020-08-01T12:35:02.436+0300][153.645s][info ][gc] GC(5889) Pause Young (Normal) (G1 Evacuation Pause) 336M->337M(512M) 10.633ms
[2020-08-01T12:35:02.458+0300][153.668s][info ][gc] GC(5890) Pause Young (Normal) (G1 Evacuation Pause) 358M->360M(512M) 10.662ms
[2020-08-01T12:35:02.486+0300][153.695s][info ][gc] GC(5891) Pause Young (Normal) (G1 Evacuation Pause) 381M->383M(512M) 10.707ms
[2020-08-01T12:35:02.511+0300][153.721s][info ][gc] GC(5892) Pause Young (Normal) (G1 Evacuation Pause) 404M->405M(512M) 10.500ms
[2020-08-01T12:35:02.534+0300][153.743s][info ][gc] GC(5893) Pause Young (Normal) (G1 Evacuation Pause) 426M->428M(512M) 10.414ms
[2020-08-01T12:35:02.582+0300][153.791s][info ][gc] GC(5894) Pause Young (Normal) (G1 Evacuation Pause) 469M->470M(512M) 10.331ms
[2020-08-01T12:35:02.592+0300][153.802s][info ][gc] GC(5882) Pause Cleanup 478M->478M(512M) 0.133ms
[2020-08-01T12:35:02.593+0300][153.802s][info ][gc] GC(5882) Concurrent Cycle 353.347ms
[2020-08-01T12:35:02.613+0300][153.822s][info ][gc] GC(5895) To-space exhausted
[2020-08-01T12:35:02.613+0300][153.822s][info ][gc] GC(5895) Pause Young (Normal) (G1 Evacuation Pause) 491M->497M(512M) 14.999ms
[2020-08-01T12:35:02.646+0300][153.856s][info ][gc] GC(5896) To-space exhausted
[2020-08-01T12:35:02.646+0300][153.856s][info ][gc] GC(5896) Pause Young (Concurrent Start) (G1 Evacuation Pause) 511M->511M(512M) 28.008ms
[2020-08-01T12:35:02.646+0300][153.856s][info ][gc] GC(5898) Concurrent Cycle
[2020-08-01T12:35:02.647+0300][153.856s][debug][gc] GC(5897) Clear Next Bitmap 0.373ms
[2020-08-01T12:35:02.690+0300][153.899s][info ][gc] GC(5897) Pause Full (G1 Evacuation Pause) 511M->70M(512M) 43.167ms
[2020-08-01T12:35:02.690+0300][153.899s][info ][gc] GC(5898) Concurrent Cycle 43.483ms
[2020-08-01T12:35:02.712+0300][153.922s][info ][gc] GC(5899) Pause Young (Normal) (G1 Evacuation Pause) 98M->98M(512M) 11.669ms
[2020-08-01T12:35:02.736+0300][153.945s][info ][gc] GC(5900) Pause Young (Normal) (G1 Evacuation Pause) 123M->124M(512M) 13.725ms
[2020-08-01T12:35:02.810+0300][154.019s][info ][gc] GC(5901) Pause Young (Normal) (G1 Evacuation Pause) 165M->167M(512M) 28.515ms
[2020-08-01T12:35:02.836+0300][154.045s][info ][gc] GC(5902) Pause Young (Normal) (G1 Evacuation Pause) 188M->189M(512M) 12.899ms
[2020-08-01T12:35:02.855+0300][154.064s][info ][gc] GC(5903) Pause Young (Normal) (G1 Evacuation Pause) 210M->211M(512M) 10.300ms
[2020-08-01T12:35:02.875+0300][154.084s][info ][gc] GC(5904) Pause Young (Normal) (G1 Evacuation Pause) 232M->233M(512M) 11.557ms
[2020-08-01T12:35:02.894+0300][154.103s][info ][gc] GC(5905) Pause Young (Concurrent Start) (G1 Evacuation Pause) 254M->255M(512M) 10.718ms
[2020-08-01T12:35:02.894+0300][154.103s][info ][gc] GC(5906) Concurrent Cycle
[2020-08-01T12:35:02.913+0300][154.122s][info ][gc] GC(5907) Pause Young (Normal) (G1 Evacuation Pause) 276M->277M(512M) 10.474ms
[2020-08-01T12:35:02.957+0300][154.166s][info ][gc] GC(5908) Pause Young (Normal) (G1 Evacuation Pause) 318M->319M(512M) 10.591ms
[2020-08-01T12:35:02.976+0300][154.185s][info ][gc] GC(5909) Pause Young (Normal) (G1 Evacuation Pause) 340M->341M(512M) 10.583ms
[2020-08-01T12:35:02.995+0300][154.204s][info ][gc] GC(5910) Pause Young (Normal) (G1 Evacuation Pause) 362M->364M(512M) 10.456ms
[2020-08-01T12:35:03.014+0300][154.223s][info ][gc] GC(5911) Pause Young (Normal) (G1 Evacuation Pause) 385M->387M(512M) 10.165ms
[2020-08-01T12:35:03.035+0300][154.244s][info ][gc] GC(5912) Pause Young (Normal) (G1 Evacuation Pause) 408M->409M(512M) 11.968ms
[2020-08-01T12:35:03.041+0300][154.250s][debug][gc] GC(5906) Reclaimed 129 empty regions
[2020-08-01T12:35:03.041+0300][154.250s][info ][gc] GC(5906) Pause Remark 421M->295M(512M) 0.461ms
[2020-08-01T12:35:03.079+0300][154.288s][info ][gc] GC(5913) Pause Young (Normal) (G1 Evacuation Pause) 323M->325M(512M) 10.430ms
[2020-08-01T12:35:03.104+0300][154.314s][info ][gc] GC(5914) Pause Young (Normal) (G1 Evacuation Pause) 346M->347M(512M) 10.289ms
[2020-08-01T12:35:03.130+0300][154.339s][info ][gc] GC(5915) Pause Young (Normal) (G1 Evacuation Pause) 369M->370M(512M) 10.540ms
[2020-08-01T12:35:03.157+0300][154.366s][info ][gc] GC(5916) Pause Young (Normal) (G1 Evacuation Pause) 392M->393M(512M) 11.122ms
[2020-08-01T12:35:03.183+0300][154.392s][info ][gc] GC(5917) Pause Young (Normal) (G1 Evacuation Pause) 414M->415M(512M) 10.619ms
[2020-08-01T12:35:03.232+0300][154.442s][info ][gc] GC(5918) Pause Young (Normal) (G1 Evacuation Pause) 456M->458M(512M) 11.403ms
[2020-08-01T12:35:03.237+0300][154.447s][info ][gc] GC(5906) Pause Cleanup 460M->460M(512M) 0.110ms
[2020-08-01T12:35:03.238+0300][154.447s][info ][gc] GC(5906) Concurrent Cycle 344.049ms
[2020-08-01T12:35:03.256+0300][154.466s][info ][gc] GC(5919) Pause Young (Normal) (G1 Evacuation Pause) 479M->480M(512M) 10.575ms
[2020-08-01T12:35:03.292+0300][154.501s][info ][gc] GC(5920) To-space exhausted
[2020-08-01T12:35:03.292+0300][154.501s][info ][gc] GC(5920) Pause Young (Concurrent Start) (G1 Evacuation Pause) 501M->509M(512M) 27.107ms
[2020-08-01T12:35:03.292+0300][154.501s][info ][gc] GC(5921) Concurrent Cycle
[2020-08-01T12:35:03.305+0300][154.514s][info ][gc] GC(5922) To-space exhausted
[2020-08-01T12:35:03.305+0300][154.514s][info ][gc] GC(5922) Pause Young (Normal) (G1 Evacuation Pause) 511M->511M(512M) 10.562ms
[2020-08-01T12:35:03.306+0300][154.515s][debug][gc] GC(5923) Clear Next Bitmap 0.324ms
[2020-08-01T12:35:03.344+0300][154.553s][info ][gc] GC(5923) Pause Full (G1 Evacuation Pause) 511M->66M(512M) 38.314ms
[2020-08-01T12:35:03.344+0300][154.553s][info ][gc] GC(5921) Concurrent Cycle 52.117ms
[2020-08-01T12:35:03.366+0300][154.575s][info ][gc] GC(5924) Pause Young (Normal) (G1 Evacuation Pause) 91M->91M(512M) 12.460ms
[2020-08-01T12:35:03.385+0300][154.594s][info ][gc] GC(5925) Pause Young (Normal) (G1 Evacuation Pause) 112M->113M(512M) 10.422ms
[2020-08-01T12:35:03.403+0300][154.613s][info ][gc] GC(5926) Pause Young (Normal) (G1 Evacuation Pause) 134M->136M(512M) 9.976ms
[2020-08-01T12:35:03.439+0300][154.648s][info ][gc] GC(5927) Pause Young (Normal) (G1 Evacuation Pause) 177M->178M(512M) 10.771ms
[2020-08-01T12:35:03.458+0300][154.668s][info ][gc] GC(5928) Pause Young (Normal) (G1 Evacuation Pause) 199M->200M(512M) 10.564ms
[2020-08-01T12:35:03.477+0300][154.686s][info ][gc] GC(5929) Pause Young (Normal) (G1 Evacuation Pause) 221M->223M(512M) 10.353ms
[2020-08-01T12:35:03.496+0300][154.705s][info ][gc] GC(5930) Pause Young (Normal) (G1 Evacuation Pause) 244M->245M(512M) 10.325ms
[2020-08-01T12:35:03.514+0300][154.724s][info ][gc] GC(5931) Pause Young (Concurrent Start) (G1 Evacuation Pause) 266M->268M(512M) 10.413ms
[2020-08-01T12:35:03.514+0300][154.724s][info ][gc] GC(5932) Concurrent Cycle
[2020-08-01T12:35:03.562+0300][154.772s][info ][gc] GC(5933) Pause Young (Normal) (G1 Evacuation Pause) 310M->311M(512M) 12.416ms
[2020-08-01T12:35:03.582+0300][154.791s][info ][gc] GC(5934) Pause Young (Normal) (G1 Evacuation Pause) 332M->334M(512M) 10.720ms
[2020-08-01T12:35:03.601+0300][154.810s][info ][gc] GC(5935) Pause Young (Normal) (G1 Evacuation Pause) 355M->356M(512M) 10.406ms
[2020-08-01T12:35:03.620+0300][154.829s][info ][gc] GC(5936) Pause Young (Normal) (G1 Evacuation Pause) 377M->379M(512M) 10.320ms
[2020-08-01T12:35:03.639+0300][154.848s][info ][gc] GC(5937) Pause Young (Normal) (G1 Evacuation Pause) 400M->401M(512M) 10.254ms
[2020-08-01T12:35:03.659+0300][154.868s][info ][gc] GC(5938) Pause Young (Normal) (G1 Evacuation Pause) 422M->423M(512M) 10.685ms
[2020-08-01T12:35:03.670+0300][154.880s][debug][gc] GC(5932) Reclaimed 133 empty regions
[2020-08-01T12:35:03.670+0300][154.880s][info ][gc] GC(5932) Pause Remark 424M->294M(512M) 0.416ms
[2020-08-01T12:35:03.703+0300][154.913s][info ][gc] GC(5939) Pause Young (Normal) (G1 Evacuation Pause) 334M->336M(512M) 10.474ms
[2020-08-01T12:35:03.731+0300][154.940s][info ][gc] GC(5940) Pause Young (Normal) (G1 Evacuation Pause) 357M->359M(512M) 11.631ms
[2020-08-01T12:35:03.755+0300][154.964s][info ][gc] GC(5941) Pause Young (Normal) (G1 Evacuation Pause) 380M->381M(512M) 10.561ms
[2020-08-01T12:35:03.781+0300][154.991s][info ][gc] GC(5942) Pause Young (Normal) (G1 Evacuation Pause) 402M->404M(512M) 11.981ms
[2020-08-01T12:35:03.803+0300][155.012s][info ][gc] GC(5943) Pause Young (Normal) (G1 Evacuation Pause) 425M->426M(512M) 10.889ms
[2020-08-01T12:35:03.857+0300][155.067s][info ][gc] GC(5944) Pause Young (Normal) (G1 Evacuation Pause) 467M->468M(512M) 10.904ms
[2020-08-01T12:35:03.886+0300][155.096s][info ][gc] GC(5945) To-space exhausted
[2020-08-01T12:35:03.886+0300][155.096s][info ][gc] GC(5945) Pause Young (Normal) (G1 Evacuation Pause) 489M->497M(512M) 13.770ms
[2020-08-01T12:35:03.922+0300][155.131s][info ][gc] GC(5946) To-space exhausted
[2020-08-01T12:35:03.922+0300][155.131s][info ][gc] GC(5946) Pause Young (Normal) (G1 Evacuation Pause) 511M->511M(512M) 26.627ms
[2020-08-01T12:35:03.922+0300][155.132s][debug][gc] GC(5947) Clear Next Bitmap 0.313ms
[2020-08-01T12:35:03.961+0300][155.171s][info ][gc] GC(5947) Pause Full (G1 Evacuation Pause) 511M->67M(512M) 39.331ms
[2020-08-01T12:35:03.962+0300][155.171s][info ][gc] GC(5932) Pause Cleanup 67M->67M(512M) 0.002ms
[2020-08-01T12:35:03.962+0300][155.171s][info ][gc] GC(5932) Concurrent Cycle 447.256ms
[2020-08-01T12:35:03.984+0300][155.193s][info ][gc] GC(5948) Pause Young (Normal) (G1 Evacuation Pause) 93M->93M(512M) 11.958ms
[2020-08-01T12:35:04.006+0300][155.215s][info ][gc] GC(5949) Pause Young (Normal) (G1 Evacuation Pause) 118M->119M(512M) 11.935ms
[2020-08-01T12:35:04.040+0300][155.250s][info ][gc] GC(5950) Pause Young (Normal) (G1 Evacuation Pause) 161M->163M(512M) 11.323ms
[2020-08-01T12:35:04.059+0300][155.268s][info ][gc] GC(5951) Pause Young (Normal) (G1 Evacuation Pause) 184M->185M(512M) 10.482ms
[2020-08-01T12:35:04.078+0300][155.287s][info ][gc] GC(5952) Pause Young (Normal) (G1 Evacuation Pause) 206M->207M(512M) 10.523ms
[2020-08-01T12:35:04.097+0300][155.306s][info ][gc] GC(5953) Pause Young (Normal) (G1 Evacuation Pause) 228M->230M(512M) 10.442ms
[2020-08-01T12:35:04.116+0300][155.325s][info ][gc] GC(5954) Pause Young (Concurrent Start) (G1 Evacuation Pause) 251M->252M(512M) 10.727ms
[2020-08-01T12:35:04.116+0300][155.326s][info ][gc] GC(5955) Concurrent Cycle
[2020-08-01T12:35:04.136+0300][155.345s][info ][gc] GC(5956) Pause Young (Normal) (G1 Evacuation Pause) 273M->274M(512M) 10.651ms
[2020-08-01T12:35:04.170+0300][155.380s][info ][gc] GC(5957) Pause Young (Normal) (G1 Evacuation Pause) 315M->317M(512M) 10.675ms
[2020-08-01T12:35:04.189+0300][155.399s][info ][gc] GC(5958) Pause Young (Normal) (G1 Evacuation Pause) 338M->339M(512M) 10.492ms
[2020-08-01T12:35:04.208+0300][155.418s][info ][gc] GC(5959) Pause Young (Normal) (G1 Evacuation Pause) 360M->362M(512M) 10.436ms
[2020-08-01T12:35:04.227+0300][155.437s][info ][gc] GC(5960) Pause Young (Normal) (G1 Evacuation Pause) 383M->384M(512M) 10.293ms
[2020-08-01T12:35:04.248+0300][155.457s][info ][gc] GC(5961) Pause Young (Normal) (G1 Evacuation Pause) 405M->406M(512M) 11.683ms
[2020-08-01T12:35:04.259+0300][155.468s][debug][gc] GC(5955) Reclaimed 132 empty regions
[2020-08-01T12:35:04.259+0300][155.468s][info ][gc] GC(5955) Pause Remark 422M->294M(512M) 0.422ms
[2020-08-01T12:35:04.292+0300][155.501s][info ][gc] GC(5962) Pause Young (Normal) (G1 Evacuation Pause) 319M->321M(512M) 11.062ms
[2020-08-01T12:35:04.317+0300][155.526s][info ][gc] GC(5963) Pause Young (Normal) (G1 Evacuation Pause) 342M->343M(512M) 10.410ms
[2020-08-01T12:35:04.342+0300][155.552s][info ][gc] GC(5964) Pause Young (Normal) (G1 Evacuation Pause) 364M->365M(512M) 11.067ms
[2020-08-01T12:35:04.368+0300][155.578s][info ][gc] GC(5965) Pause Young (Normal) (G1 Evacuation Pause) 386M->388M(512M) 11.907ms
[2020-08-01T12:35:04.395+0300][155.604s][info ][gc] GC(5966) Pause Young (Normal) (G1 Evacuation Pause) 409M->410M(512M) 11.400ms
[2020-08-01T12:35:04.420+0300][155.630s][info ][gc] GC(5967) Pause Young (Normal) (G1 Evacuation Pause) 431M->432M(512M) 10.932ms
[2020-08-01T12:35:04.453+0300][155.662s][info ][gc] GC(5955) Pause Cleanup 468M->468M(512M) 0.115ms
[2020-08-01T12:35:04.453+0300][155.663s][info ][gc] GC(5955) Concurrent Cycle 336.979ms
[2020-08-01T12:35:04.466+0300][155.675s][info ][gc] GC(5968) Pause Young (Normal) (G1 Evacuation Pause) 473M->475M(512M) 10.546ms
[2020-08-01T12:35:04.495+0300][155.705s][info ][gc] GC(5969) To-space exhausted
[2020-08-01T12:35:04.495+0300][155.705s][info ][gc] GC(5969) Pause Young (Concurrent Start) (G1 Evacuation Pause) 496M->501M(512M) 21.388ms
[2020-08-01T12:35:04.495+0300][155.705s][info ][gc] GC(5970) Concurrent Cycle
[2020-08-01T12:35:04.520+0300][155.729s][info ][gc] GC(5971) To-space exhausted
[2020-08-01T12:35:04.520+0300][155.729s][info ][gc] GC(5971) Pause Young (Normal) (G1 Evacuation Pause) 511M->511M(512M) 19.819ms
[2020-08-01T12:35:04.520+0300][155.730s][debug][gc] GC(5972) Clear Next Bitmap 0.332ms
[2020-08-01T12:35:04.562+0300][155.771s][info ][gc] GC(5972) Pause Full (G1 Evacuation Pause) 511M->68M(512M) 41.939ms
[2020-08-01T12:35:04.562+0300][155.772s][info ][gc] GC(5970) Concurrent Cycle 66.917ms
[2020-08-01T12:35:04.585+0300][155.795s][info ][gc] GC(5973) Pause Young (Normal) (G1 Evacuation Pause) 96M->97M(512M) 12.169ms
[2020-08-01T12:35:04.608+0300][155.817s][info ][gc] GC(5974) Pause Young (Normal) (G1 Evacuation Pause) 122M->123M(512M) 12.185ms
[2020-08-01T12:35:04.681+0300][155.891s][info ][gc] GC(5975) Pause Young (Normal) (G1 Evacuation Pause) 164M->165M(512M) 27.487ms
[2020-08-01T12:35:04.708+0300][155.917s][info ][gc] GC(5976) Pause Young (Normal) (G1 Evacuation Pause) 186M->187M(512M) 13.470ms
[2020-08-01T12:35:04.726+0300][155.936s][info ][gc] GC(5977) Pause Young (Normal) (G1 Evacuation Pause) 208M->210M(512M) 10.344ms
[2020-08-01T12:35:04.745+0300][155.955s][info ][gc] GC(5978) Pause Young (Normal) (G1 Evacuation Pause) 231M->232M(512M) 10.545ms
[2020-08-01T12:35:04.764+0300][155.973s][info ][gc] GC(5979) Pause Young (Concurrent Start) (G1 Evacuation Pause) 253M->255M(512M) 10.567ms
[2020-08-01T12:35:04.764+0300][155.974s][info ][gc] GC(5980) Concurrent Cycle
[2020-08-01T12:35:04.784+0300][155.993s][info ][gc] GC(5981) Pause Young (Normal) (G1 Evacuation Pause) 276M->277M(512M) 10.361ms
[2020-08-01T12:35:04.824+0300][156.033s][info ][gc] GC(5982) Pause Young (Normal) (G1 Evacuation Pause) 318M->319M(512M) 11.166ms
[2020-08-01T12:35:04.843+0300][156.053s][info ][gc] GC(5983) Pause Young (Normal) (G1 Evacuation Pause) 340M->342M(512M) 10.529ms
[2020-08-01T12:35:04.864+0300][156.073s][info ][gc] GC(5984) Pause Young (Normal) (G1 Evacuation Pause) 363M->364M(512M) 11.834ms
[2020-08-01T12:35:04.883+0300][156.092s][info ][gc] GC(5985) Pause Young (Normal) (G1 Evacuation Pause) 385M->386M(512M) 10.438ms
[2020-08-01T12:35:04.903+0300][156.113s][info ][gc] GC(5986) Pause Young (Normal) (G1 Evacuation Pause) 407M->409M(512M) 11.485ms
[2020-08-01T12:35:04.911+0300][156.120s][debug][gc] GC(5980) Reclaimed 128 empty regions
[2020-08-01T12:35:04.911+0300][156.120s][info ][gc] GC(5980) Pause Remark 422M->297M(512M) 0.407ms
[2020-08-01T12:35:04.945+0300][156.154s][info ][gc] GC(5987) Pause Young (Normal) (G1 Evacuation Pause) 325M->326M(512M) 11.386ms
[2020-08-01T12:35:04.973+0300][156.182s][info ][gc] GC(5988) Pause Young (Normal) (G1 Evacuation Pause) 347M->349M(512M) 11.121ms
[2020-08-01T12:35:04.999+0300][156.209s][info ][gc] GC(5989) Pause Young (Normal) (G1 Evacuation Pause) 370M->371M(512M) 10.487ms
[2020-08-01T12:35:05.026+0300][156.236s][info ][gc] GC(5990) Pause Young (Normal) (G1 Evacuation Pause) 392M->394M(512M) 12.186ms
[2020-08-01T12:35:05.052+0300][156.261s][info ][gc] GC(5991) Pause Young (Normal) (G1 Evacuation Pause) 415M->416M(512M) 10.650ms
[2020-08-01T12:35:05.077+0300][156.287s][info ][gc] GC(5992) Pause Young (Normal) (G1 Evacuation Pause) 437M->438M(512M) 11.087ms
[2020-08-01T12:35:05.104+0300][156.313s][info ][gc] GC(5980) Pause Cleanup 468M->468M(512M) 0.116ms
[2020-08-01T12:35:05.104+0300][156.314s][info ][gc] GC(5980) Concurrent Cycle 340.028ms
[2020-08-01T12:35:05.119+0300][156.329s][info ][gc] GC(5993) Pause Young (Normal) (G1 Evacuation Pause) 479M->481M(512M) 10.966ms
[2020-08-01T12:35:05.155+0300][156.364s][info ][gc] GC(5994) To-space exhausted
[2020-08-01T12:35:05.155+0300][156.364s][info ][gc] GC(5994) Pause Young (Concurrent Start) (G1 Evacuation Pause) 502M->510M(512M) 27.296ms
[2020-08-01T12:35:05.155+0300][156.365s][info ][gc] GC(5995) Concurrent Cycle
[2020-08-01T12:35:05.165+0300][156.375s][info ][gc] GC(5996) To-space exhausted
[2020-08-01T12:35:05.166+0300][156.375s][info ][gc] GC(5996) Pause Young (Normal) (G1 Evacuation Pause) 511M->511M(512M) 7.680ms
[2020-08-01T12:35:05.166+0300][156.375s][debug][gc] GC(5997) Clear Next Bitmap 0.409ms
[2020-08-01T12:35:05.205+0300][156.414s][info ][gc] GC(5997) Pause Full (G1 Evacuation Pause) 511M->62M(512M) 39.338ms
[2020-08-01T12:35:05.205+0300][156.415s][info ][gc] GC(5995) Concurrent Cycle 50.031ms
[2020-08-01T12:35:05.226+0300][156.435s][info ][gc] GC(5998) Pause Young (Normal) (G1 Evacuation Pause) 87M->87M(512M) 10.553ms
[2020-08-01T12:35:05.245+0300][156.455s][info ][gc] GC(5999) Pause Young (Normal) (G1 Evacuation Pause) 108M->110M(512M) 10.347ms
[2020-08-01T12:35:05.264+0300][156.473s][info ][gc] GC(6000) Pause Young (Normal) (G1 Evacuation Pause) 131M->132M(512M) 10.229ms
[2020-08-01T12:35:05.301+0300][156.511s][info ][gc] GC(6001) Pause Young (Normal) (G1 Evacuation Pause) 173M->174M(512M) 9.767ms
[2020-08-01T12:35:05.320+0300][156.530s][info ][gc] GC(6002) Pause Young (Normal) (G1 Evacuation Pause) 195M->197M(512M) 10.422ms
[2020-08-01T12:35:05.339+0300][156.549s][info ][gc] GC(6003) Pause Young (Normal) (G1 Evacuation Pause) 218M->220M(512M) 10.806ms
[2020-08-01T12:35:05.358+0300][156.567s][info ][gc] GC(6004) Pause Young (Normal) (G1 Evacuation Pause) 241M->242M(512M) 10.449ms
[2020-08-01T12:35:05.379+0300][156.588s][info ][gc] GC(6005) Pause Young (Concurrent Start) (G1 Evacuation Pause) 263M->264M(512M) 11.759ms
[2020-08-01T12:35:05.379+0300][156.588s][info ][gc] GC(6006) Concurrent Cycle
[2020-08-01T12:35:05.424+0300][156.633s][info ][gc] GC(6007) Pause Young (Normal) (G1 Evacuation Pause) 305M->307M(512M) 10.617ms
[2020-08-01T12:35:05.444+0300][156.653s][info ][gc] GC(6008) Pause Young (Normal) (G1 Evacuation Pause) 328M->330M(512M) 10.860ms
[2020-08-01T12:35:05.463+0300][156.672s][info ][gc] GC(6009) Pause Young (Normal) (G1 Evacuation Pause) 351M->352M(512M) 10.594ms
[2020-08-01T12:35:05.482+0300][156.691s][info ][gc] GC(6010) Pause Young (Normal) (G1 Evacuation Pause) 373M->374M(512M) 10.306ms
[2020-08-01T12:35:05.502+0300][156.712s][info ][gc] GC(6011) Pause Young (Normal) (G1 Evacuation Pause) 395M->397M(512M) 11.860ms
[2020-08-01T12:35:05.522+0300][156.731s][info ][gc] GC(6012) Pause Young (Normal) (G1 Evacuation Pause) 418M->420M(512M) 10.743ms
[2020-08-01T12:35:05.531+0300][156.740s][debug][gc] GC(6006) Reclaimed 129 empty regions
[2020-08-01T12:35:05.531+0300][156.740s][info ][gc] GC(6006) Pause Remark 426M->299M(512M) 0.444ms
[2020-08-01T12:35:05.554+0300][156.763s][info ][gc] GC(6013) Pause Young (Normal) (G1 Evacuation Pause) 334M->336M(512M) 10.738ms
[2020-08-01T12:35:05.580+0300][156.789s][info ][gc] GC(6014) Pause Young (Normal) (G1 Evacuation Pause) 357M->358M(512M) 10.627ms
[2020-08-01T12:35:05.606+0300][156.815s][info ][gc] GC(6015) Pause Young (Normal) (G1 Evacuation Pause) 379M->381M(512M) 10.571ms
[2020-08-01T12:35:05.631+0300][156.841s][info ][gc] GC(6016) Pause Young (Normal) (G1 Evacuation Pause) 402M->403M(512M) 10.475ms
[2020-08-01T12:35:05.658+0300][156.868s][info ][gc] GC(6017) Pause Young (Normal) (G1 Evacuation Pause) 424M->425M(512M) 10.939ms
[2020-08-01T12:35:05.706+0300][156.916s][info ][gc] GC(6018) Pause Young (Normal) (G1 Evacuation Pause) 466M->467M(512M) 11.099ms
[2020-08-01T12:35:05.733+0300][156.942s][info ][gc] GC(6019) To-space exhausted
[2020-08-01T12:35:05.733+0300][156.942s][info ][gc] GC(6019) Pause Young (Normal) (G1 Evacuation Pause) 488M->492M(512M) 12.408ms
[2020-08-01T12:35:05.745+0300][156.954s][info ][gc] GC(6006) Pause Cleanup 507M->507M(512M) 0.138ms
[2020-08-01T12:35:05.745+0300][156.954s][info ][gc] GC(6006) Concurrent Cycle 366.270ms
[2020-08-01T12:35:05.779+0300][156.988s][info ][gc] GC(6020) To-space exhausted
[2020-08-01T12:35:05.779+0300][156.988s][info ][gc] GC(6020) Pause Young (Normal) (G1 Evacuation Pause) 511M->511M(512M) 32.668ms
[2020-08-01T12:35:05.818+0300][157.028s][info ][gc] GC(6021) Pause Full (G1 Evacuation Pause) 511M->66M(512M) 39.161ms
[2020-08-01T12:35:05.840+0300][157.050s][info ][gc] GC(6022) Pause Young (Normal) (G1 Evacuation Pause) 93M->94M(512M) 11.082ms
[2020-08-01T12:35:05.863+0300][157.072s][info ][gc] GC(6023) Pause Young (Normal) (G1 Evacuation Pause) 119M->121M(512M) 12.248ms
[2020-08-01T12:35:05.909+0300][157.118s][info ][gc] GC(6024) Pause Young (Normal) (G1 Evacuation Pause) 162M->163M(512M) 11.189ms
[2020-08-01T12:35:05.927+0300][157.137s][info ][gc] GC(6025) Pause Young (Normal) (G1 Evacuation Pause) 184M->186M(512M) 10.328ms
[2020-08-01T12:35:05.946+0300][157.156s][info ][gc] GC(6026) Pause Young (Normal) (G1 Evacuation Pause) 207M->209M(512M) 10.516ms
[2020-08-01T12:35:05.965+0300][157.175s][info ][gc] GC(6027) Pause Young (Normal) (G1 Evacuation Pause) 230M->231M(512M) 10.397ms
[2020-08-01T12:35:05.986+0300][157.195s][info ][gc] GC(6028) Pause Young (Concurrent Start) (G1 Evacuation Pause) 252M->254M(512M) 12.136ms
[2020-08-01T12:35:05.986+0300][157.195s][info ][gc] GC(6029) Concurrent Cycle
[2020-08-01T12:35:06.005+0300][157.214s][info ][gc] GC(6030) Pause Young (Normal) (G1 Evacuation Pause) 275M->276M(512M) 10.587ms
[2020-08-01T12:35:06.039+0300][157.249s][info ][gc] GC(6031) Pause Young (Normal) (G1 Evacuation Pause) 317M->319M(512M) 10.872ms
[2020-08-01T12:35:06.059+0300][157.269s][info ][gc] GC(6032) Pause Young (Normal) (G1 Evacuation Pause) 340M->341M(512M) 11.119ms
[2020-08-01T12:35:06.079+0300][157.288s][info ][gc] GC(6033) Pause Young (Normal) (G1 Evacuation Pause) 362M->363M(512M) 10.411ms
[2020-08-01T12:35:06.098+0300][157.307s][info ][gc] GC(6034) Pause Young (Normal) (G1 Evacuation Pause) 384M->386M(512M) 10.428ms
[2020-08-01T12:35:06.117+0300][157.326s][info ][gc] GC(6035) Pause Young (Normal) (G1 Evacuation Pause) 407M->408M(512M) 10.394ms
[2020-08-01T12:35:06.128+0300][157.337s][debug][gc] GC(6029) Reclaimed 129 empty regions
[2020-08-01T12:35:06.128+0300][157.337s][info ][gc] GC(6029) Pause Remark 425M->299M(512M) 0.420ms
[2020-08-01T12:35:06.157+0300][157.367s][info ][gc] GC(6036) Pause Young (Normal) (G1 Evacuation Pause) 323M->325M(512M) 10.402ms
[2020-08-01T12:35:06.180+0300][157.390s][info ][gc] GC(6037) Pause Young (Normal) (G1 Evacuation Pause) 346M->347M(512M) 10.664ms
[2020-08-01T12:35:06.206+0300][157.415s][info ][gc] GC(6038) Pause Young (Normal) (G1 Evacuation Pause) 368M->369M(512M) 10.908ms
[2020-08-01T12:35:06.228+0300][157.437s][info ][gc] GC(6039) Pause Young (Normal) (G1 Evacuation Pause) 390M->392M(512M) 10.778ms
[2020-08-01T12:35:06.256+0300][157.465s][info ][gc] GC(6040) Pause Young (Normal) (G1 Evacuation Pause) 413M->414M(512M) 11.338ms
[2020-08-01T12:35:06.282+0300][157.492s][info ][gc] GC(6041) Pause Young (Normal) (G1 Evacuation Pause) 435M->436M(512M) 10.619ms
[2020-08-01T12:35:06.322+0300][157.531s][info ][gc] GC(6029) Pause Cleanup 474M->474M(512M) 0.112ms
[2020-08-01T12:35:06.322+0300][157.532s][info ][gc] GC(6029) Concurrent Cycle 336.732ms
[2020-08-01T12:35:06.334+0300][157.543s][info ][gc] GC(6042) Pause Young (Normal) (G1 Evacuation Pause) 477M->478M(512M) 10.503ms
[2020-08-01T12:35:06.369+0300][157.578s][info ][gc] GC(6043) To-space exhausted
[2020-08-01T12:35:06.369+0300][157.578s][info ][gc] GC(6043) Pause Young (Concurrent Start) (G1 Evacuation Pause) 499M->509M(512M) 26.638ms
[2020-08-01T12:35:06.369+0300][157.578s][info ][gc] GC(6044) Concurrent Cycle
[2020-08-01T12:35:06.383+0300][157.592s][info ][gc] GC(6045) To-space exhausted
[2020-08-01T12:35:06.383+0300][157.592s][info ][gc] GC(6045) Pause Young (Normal) (G1 Evacuation Pause) 511M->511M(512M) 9.876ms
[2020-08-01T12:35:06.383+0300][157.593s][debug][gc] GC(6046) Clear Next Bitmap 0.372ms
[2020-08-01T12:35:06.418+0300][157.627s][info ][gc] GC(6046) Pause Full (G1 Evacuation Pause) 511M->60M(512M) 34.722ms
[2020-08-01T12:35:06.418+0300][157.627s][info ][gc] GC(6044) Concurrent Cycle 48.988ms
[2020-08-01T12:35:06.439+0300][157.648s][info ][gc] GC(6047) Pause Young (Normal) (G1 Evacuation Pause) 86M->86M(512M) 10.724ms
[2020-08-01T12:35:06.461+0300][157.670s][info ][gc] GC(6048) Pause Young (Normal) (G1 Evacuation Pause) 111M->112M(512M) 12.141ms
[2020-08-01T12:35:06.480+0300][157.689s][info ][gc] GC(6049) Pause Young (Normal) (G1 Evacuation Pause) 133M->134M(512M) 10.395ms
[2020-08-01T12:35:06.520+0300][157.729s][info ][gc] GC(6050) Pause Young (Normal) (G1 Evacuation Pause) 175M->176M(512M) 10.839ms
[2020-08-01T12:35:06.538+0300][157.748s][info ][gc] GC(6051) Pause Young (Normal) (G1 Evacuation Pause) 197M->198M(512M) 10.420ms
[2020-08-01T12:35:06.559+0300][157.768s][info ][gc] GC(6052) Pause Young (Normal) (G1 Evacuation Pause) 219M->220M(512M) 11.760ms
[2020-08-01T12:35:06.577+0300][157.787s][info ][gc] GC(6053) Pause Young (Normal) (G1 Evacuation Pause) 241M->243M(512M) 10.278ms
[2020-08-01T12:35:06.596+0300][157.805s][info ][gc] GC(6054) Pause Young (Concurrent Start) (G1 Evacuation Pause) 265M->266M(512M) 10.041ms
[2020-08-01T12:35:06.596+0300][157.806s][info ][gc] GC(6055) Concurrent Cycle
[2020-08-01T12:35:06.640+0300][157.849s][info ][gc] GC(6056) Pause Young (Normal) (G1 Evacuation Pause) 307M->308M(512M) 9.986ms
[2020-08-01T12:35:06.660+0300][157.869s][info ][gc] GC(6057) Pause Young (Normal) (G1 Evacuation Pause) 329M->330M(512M) 10.348ms
[2020-08-01T12:35:06.679+0300][157.888s][info ][gc] GC(6058) Pause Young (Normal) (G1 Evacuation Pause) 351M->353M(512M) 10.367ms
[2020-08-01T12:35:06.698+0300][157.907s][info ][gc] GC(6059) Pause Young (Normal) (G1 Evacuation Pause) 374M->375M(512M) 10.472ms
[2020-08-01T12:35:06.718+0300][157.927s][info ][gc] GC(6060) Pause Young (Normal) (G1 Evacuation Pause) 396M->397M(512M) 11.558ms
[2020-08-01T12:35:06.737+0300][157.947s][info ][gc] GC(6061) Pause Young (Normal) (G1 Evacuation Pause) 418M->420M(512M) 10.205ms
[2020-08-01T12:35:06.751+0300][157.960s][debug][gc] GC(6055) Reclaimed 129 empty regions
[2020-08-01T12:35:06.751+0300][157.960s][info ][gc] GC(6055) Pause Remark 442M->314M(512M) 0.611ms
[2020-08-01T12:35:06.770+0300][157.979s][info ][gc] GC(6062) Pause Young (Normal) (G1 Evacuation Pause) 333M->335M(512M) 10.541ms
[2020-08-01T12:35:06.795+0300][158.004s][info ][gc] GC(6063) Pause Young (Normal) (G1 Evacuation Pause) 357M->358M(512M) 10.549ms
[2020-08-01T12:35:06.822+0300][158.031s][info ][gc] GC(6064) Pause Young (Normal) (G1 Evacuation Pause) 380M->382M(512M) 11.476ms
[2020-08-01T12:35:06.847+0300][158.056s][info ][gc] GC(6065) Pause Young (Normal) (G1 Evacuation Pause) 403M->404M(512M) 10.688ms
[2020-08-01T12:35:06.875+0300][158.084s][info ][gc] GC(6066) Pause Young (Normal) (G1 Evacuation Pause) 425M->426M(512M) 12.142ms
[2020-08-01T12:35:06.924+0300][158.133s][info ][gc] GC(6067) Pause Young (Normal) (G1 Evacuation Pause) 467M->469M(512M) 10.894ms
[2020-08-01T12:35:06.951+0300][158.161s][info ][gc] GC(6068) To-space exhausted
[2020-08-01T12:35:06.951+0300][158.161s][info ][gc] GC(6068) Pause Young (Normal) (G1 Evacuation Pause) 490M->496M(512M) 13.991ms
[2020-08-01T12:35:06.986+0300][158.195s][info ][gc] GC(6069) To-space exhausted
[2020-08-01T12:35:06.986+0300][158.196s][info ][gc] GC(6069) Pause Young (Normal) (G1 Evacuation Pause) 511M->511M(512M) 28.537ms
[2020-08-01T12:35:06.987+0300][158.196s][debug][gc] GC(6070) Clear Next Bitmap 0.263ms
[2020-08-01T12:35:07.027+0300][158.236s][info ][gc] GC(6070) Pause Full (G1 Evacuation Pause) 511M->69M(512M) 40.707ms
[2020-08-01T12:35:07.027+0300][158.237s][info ][gc] GC(6055) Concurrent Cycle 431.085ms
[2020-08-01T12:35:07.051+0300][158.260s][info ][gc] GC(6071) Pause Young (Normal) (G1 Evacuation Pause) 97M->97M(512M) 12.472ms
[2020-08-01T12:35:07.072+0300][158.282s][info ][gc] GC(6072) Pause Young (Normal) (G1 Evacuation Pause) 122M->123M(512M) 11.567ms
[2020-08-01T12:35:07.105+0300][158.314s][info ][gc] GC(6073) Pause Young (Normal) (G1 Evacuation Pause) 164M->166M(512M) 10.654ms
[2020-08-01T12:35:07.126+0300][158.335s][info ][gc] GC(6074) Pause Young (Normal) (G1 Evacuation Pause) 187M->188M(512M) 12.370ms
[2020-08-01T12:35:07.144+0300][158.354s][info ][gc] GC(6075) Pause Young (Normal) (G1 Evacuation Pause) 209M->210M(512M) 10.348ms
[2020-08-01T12:35:07.163+0300][158.373s][info ][gc] GC(6076) Pause Young (Normal) (G1 Evacuation Pause) 231M->233M(512M) 10.724ms
[2020-08-01T12:35:07.183+0300][158.392s][info ][gc] GC(6077) Pause Young (Concurrent Start) (G1 Evacuation Pause) 254M->255M(512M) 10.444ms
[2020-08-01T12:35:07.183+0300][158.392s][info ][gc] GC(6078) Concurrent Cycle
[2020-08-01T12:35:07.201+0300][158.411s][info ][gc] GC(6079) Pause Young (Normal) (G1 Evacuation Pause) 276M->278M(512M) 10.214ms
[2020-08-01T12:35:07.234+0300][158.444s][info ][gc] GC(6080) Pause Young (Normal) (G1 Evacuation Pause) 319M->320M(512M) 9.918ms
[2020-08-01T12:35:07.254+0300][158.463s][info ][gc] GC(6081) Pause Young (Normal) (G1 Evacuation Pause) 341M->343M(512M) 10.442ms
[2020-08-01T12:35:07.273+0300][158.483s][info ][gc] GC(6082) Pause Young (Normal) (G1 Evacuation Pause) 364M->365M(512M) 10.169ms
[2020-08-01T12:35:07.292+0300][158.502s][info ][gc] GC(6083) Pause Young (Normal) (G1 Evacuation Pause) 386M->387M(512M) 10.452ms
[2020-08-01T12:35:07.312+0300][158.521s][info ][gc] GC(6084) Pause Young (Normal) (G1 Evacuation Pause) 408M->409M(512M) 10.399ms
[2020-08-01T12:35:07.325+0300][158.535s][debug][gc] GC(6078) Reclaimed 124 empty regions
[2020-08-01T12:35:07.325+0300][158.535s][info ][gc] GC(6078) Pause Remark 422M->300M(512M) 0.473ms
[2020-08-01T12:35:07.356+0300][158.566s][info ][gc] GC(6085) Pause Young (Normal) (G1 Evacuation Pause) 327M->329M(512M) 10.523ms
[2020-08-01T12:35:07.383+0300][158.592s][info ][gc] GC(6086) Pause Young (Normal) (G1 Evacuation Pause) 350M->352M(512M) 9.915ms
[2020-08-01T12:35:07.409+0300][158.619s][info ][gc] GC(6087) Pause Young (Normal) (G1 Evacuation Pause) 374M->375M(512M) 11.459ms
[2020-08-01T12:35:07.431+0300][158.641s][info ][gc] GC(6088) Pause Young (Normal) (G1 Evacuation Pause) 396M->397M(512M) 10.577ms
[2020-08-01T12:35:07.460+0300][158.670s][info ][gc] GC(6089) Pause Young (Normal) (G1 Evacuation Pause) 418M->419M(512M) 10.369ms
[2020-08-01T12:35:07.485+0300][158.694s][info ][gc] GC(6090) Pause Young (Normal) (G1 Evacuation Pause) 440M->442M(512M) 10.666ms
[2020-08-01T12:35:07.517+0300][158.726s][info ][gc] GC(6078) Pause Cleanup 444M->444M(512M) 0.110ms
[2020-08-01T12:35:07.517+0300][158.727s][info ][gc] GC(6078) Concurrent Cycle 334.508ms
