[2020-08-01T12:14:57.450+0300][0.008s][debug][gc] ConcGCThreads: 2 offset 12
[2020-08-01T12:14:57.450+0300][0.008s][debug][gc] ParallelGCThreads: 6
[2020-08-01T12:14:57.451+0300][0.008s][debug][gc] Initialize mark stack with 4096 chunks, maximum 16384
[2020-08-01T12:14:57.456+0300][0.013s][info ][gc] Using G1
[2020-08-01T12:14:57.472+0300][0.029s][info ][gc] Periodic GC disabled
[2020-08-01T12:14:57.690+0300][0.248s][info ][gc] GC(0) Pause Young (Normal) (G1 Evacuation Pause) 45M->39M(512M) 17.696ms
[2020-08-01T12:14:57.722+0300][0.280s][info ][gc] GC(1) Pause Young (Normal) (G1 Evacuation Pause) 60M->61M(512M) 19.977ms
[2020-08-01T12:14:57.745+0300][0.303s][info ][gc] GC(2) Pause Young (Normal) (G1 Evacuation Pause) 82M->83M(512M) 12.767ms
[2020-08-01T12:14:57.774+0300][0.331s][info ][gc] GC(3) Pause Young (Normal) (G1 Evacuation Pause) 104M->106M(512M) 14.244ms
[2020-08-01T12:14:57.797+0300][0.355s][info ][gc] GC(4) Pause Young (Normal) (G1 Evacuation Pause) 127M->128M(512M) 12.895ms
[2020-08-01T12:14:57.850+0300][0.407s][info ][gc] GC(5) Pause Young (Normal) (G1 Evacuation Pause) 169M->167M(512M) 12.634ms
[2020-08-01T12:14:57.871+0300][0.428s][info ][gc] GC(6) Pause Young (Normal) (G1 Evacuation Pause) 188M->190M(512M) 11.843ms
[2020-08-01T12:14:57.892+0300][0.449s][info ][gc] GC(7) Pause Young (Normal) (G1 Evacuation Pause) 211M->212M(512M) 11.983ms
[2020-08-01T12:14:57.918+0300][0.475s][info ][gc] GC(8) Pause Young (Normal) (G1 Evacuation Pause) 233M->234M(512M) 16.616ms
[2020-08-01T12:14:57.942+0300][0.499s][info ][gc] GC(9) Pause Young (Normal) (G1 Evacuation Pause) 255M->256M(512M) 14.399ms
[2020-08-01T12:14:57.964+0300][0.521s][info ][gc] GC(10) Pause Young (Concurrent Start) (G1 Evacuation Pause) 277M->278M(512M) 13.426ms
[2020-08-01T12:14:57.964+0300][0.521s][info ][gc] GC(11) Concurrent Cycle
[2020-08-01T12:14:58.012+0300][0.570s][info ][gc] GC(12) Pause Young (Normal) (G1 Evacuation Pause) 319M->320M(512M) 15.082ms
[2020-08-01T12:14:58.037+0300][0.595s][info ][gc] GC(13) Pause Young (Normal) (G1 Evacuation Pause) 341M->342M(512M) 13.383ms
[2020-08-01T12:14:58.062+0300][0.619s][info ][gc] GC(14) Pause Young (Normal) (G1 Evacuation Pause) 363M->365M(512M) 13.325ms
[2020-08-01T12:14:58.085+0300][0.642s][info ][gc] GC(15) Pause Young (Normal) (G1 Evacuation Pause) 386M->387M(512M) 11.879ms
[2020-08-01T12:14:58.105+0300][0.663s][info ][gc] GC(16) Pause Young (Normal) (G1 Evacuation Pause) 408M->410M(512M) 11.436ms
[2020-08-01T12:14:58.129+0300][0.686s][debug][gc] GC(11) Reclaimed 107 empty regions
[2020-08-01T12:14:58.129+0300][0.686s][info ][gc] GC(11) Pause Remark 426M->319M(512M) 0.521ms
[2020-08-01T12:14:58.155+0300][0.712s][info ][gc] GC(17) Pause Young (Normal) (G1 Evacuation Pause) 344M->345M(512M) 13.244ms
[2020-08-01T12:14:58.186+0300][0.743s][info ][gc] GC(18) Pause Young (Normal) (G1 Evacuation Pause) 366M->367M(512M) 13.029ms
[2020-08-01T12:14:58.215+0300][0.772s][info ][gc] GC(19) Pause Young (Normal) (G1 Evacuation Pause) 388M->389M(512M) 12.622ms
[2020-08-01T12:14:58.246+0300][0.803s][info ][gc] GC(20) Pause Young (Normal) (G1 Evacuation Pause) 410M->412M(512M) 12.150ms
[2020-08-01T12:14:58.279+0300][0.836s][info ][gc] GC(21) Pause Young (Normal) (G1 Evacuation Pause) 433M->434M(512M) 14.848ms
[2020-08-01T12:14:58.311+0300][0.868s][info ][gc] GC(22) Pause Young (Normal) (G1 Evacuation Pause) 455M->456M(512M) 14.499ms
[2020-08-01T12:14:58.353+0300][0.910s][info ][gc] GC(11) Pause Cleanup 480M->480M(512M) 0.168ms
[2020-08-01T12:14:58.355+0300][0.912s][info ][gc] GC(11) Concurrent Cycle 391.012ms
[2020-08-01T12:14:58.386+0300][0.943s][info ][gc] GC(23) To-space exhausted
[2020-08-01T12:14:58.386+0300][0.943s][info ][gc] GC(23) Pause Young (Prepare Mixed) (G1 Evacuation Pause) 497M->503M(512M) 24.234ms
[2020-08-01T12:14:58.417+0300][0.974s][info ][gc] GC(24) To-space exhausted
[2020-08-01T12:14:58.417+0300][0.974s][info ][gc] GC(24) Pause Young (Mixed) (G1 Evacuation Pause) 512M->512M(512M) 22.870ms
[2020-08-01T12:14:58.451+0300][1.008s][info ][gc] GC(25) Pause Full (G1 Evacuation Pause) 512M->46M(512M) 33.242ms
[2020-08-01T12:14:58.486+0300][1.043s][info ][gc] GC(26) Pause Young (Normal) (G1 Evacuation Pause) 71M->71M(512M) 10.810ms
[2020-08-01T12:14:58.515+0300][1.072s][info ][gc] GC(27) Pause Young (Normal) (G1 Evacuation Pause) 92M->94M(512M) 12.875ms
[2020-08-01T12:14:58.540+0300][1.097s][info ][gc] GC(28) Pause Young (Normal) (G1 Evacuation Pause) 115M->116M(512M) 13.367ms
[2020-08-01T12:14:58.565+0300][1.122s][info ][gc] GC(29) Pause Young (Normal) (G1 Evacuation Pause) 137M->139M(512M) 12.985ms
[2020-08-01T12:14:58.612+0300][1.169s][info ][gc] GC(30) Pause Young (Normal) (G1 Evacuation Pause) 180M->181M(512M) 12.405ms
[2020-08-01T12:14:58.635+0300][1.193s][info ][gc] GC(31) Pause Young (Normal) (G1 Evacuation Pause) 202M->204M(512M) 12.661ms
[2020-08-01T12:14:58.666+0300][1.224s][info ][gc] GC(32) Pause Young (Normal) (G1 Evacuation Pause) 225M->226M(512M) 14.718ms
[2020-08-01T12:14:58.695+0300][1.253s][info ][gc] GC(33) Pause Young (Normal) (G1 Evacuation Pause) 247M->248M(512M) 16.093ms
[2020-08-01T12:14:58.721+0300][1.279s][info ][gc] GC(34) Pause Young (Concurrent Start) (G1 Evacuation Pause) 269M->271M(512M) 13.577ms
[2020-08-01T12:14:58.721+0300][1.279s][info ][gc] GC(35) Concurrent Cycle
[2020-08-01T12:14:58.760+0300][1.318s][info ][gc] GC(36) Pause Young (Normal) (G1 Evacuation Pause) 312M->313M(512M) 10.482ms
[2020-08-01T12:14:58.814+0300][1.372s][info ][gc] GC(37) Pause Young (Normal) (G1 Evacuation Pause) 334M->335M(512M) 12.677ms
[2020-08-01T12:14:58.837+0300][1.395s][info ][gc] GC(38) Pause Young (Normal) (G1 Evacuation Pause) 356M->357M(512M) 12.158ms
[2020-08-01T12:14:58.850+0300][1.408s][debug][gc] GC(35) Reclaimed 125 empty regions
[2020-08-01T12:14:58.850+0300][1.408s][info ][gc] GC(35) Pause Remark 376M->253M(512M) 0.500ms
[2020-08-01T12:14:58.864+0300][1.422s][info ][gc] GC(39) Pause Young (Normal) (G1 Evacuation Pause) 255M->257M(512M) 12.936ms
[2020-08-01T12:14:58.906+0300][1.464s][info ][gc] GC(40) Pause Young (Normal) (G1 Evacuation Pause) 278M->278M(512M) 13.534ms
[2020-08-01T12:14:58.937+0300][1.495s][info ][gc] GC(41) Pause Young (Normal) (G1 Evacuation Pause) 299M->301M(512M) 10.760ms
[2020-08-01T12:14:58.989+0300][1.546s][info ][gc] GC(42) Pause Young (Normal) (G1 Evacuation Pause) 342M->343M(512M) 12.258ms
[2020-08-01T12:14:59.019+0300][1.576s][info ][gc] GC(43) Pause Young (Normal) (G1 Evacuation Pause) 364M->366M(512M) 11.093ms
[2020-08-01T12:14:59.026+0300][1.584s][info ][gc] GC(35) Pause Cleanup 366M->366M(512M) 0.171ms
[2020-08-01T12:14:59.027+0300][1.585s][info ][gc] GC(35) Concurrent Cycle 306.158ms
[2020-08-01T12:14:59.049+0300][1.606s][info ][gc] GC(44) Pause Young (Normal) (G1 Evacuation Pause) 387M->388M(512M) 12.829ms
[2020-08-01T12:14:59.071+0300][1.628s][info ][gc] GC(45) Pause Young (Concurrent Start) (G1 Evacuation Pause) 409M->410M(512M) 13.247ms
[2020-08-01T12:14:59.071+0300][1.629s][info ][gc] GC(46) Concurrent Cycle
[2020-08-01T12:14:59.094+0300][1.651s][info ][gc] GC(47) Pause Young (Normal) (G1 Evacuation Pause) 431M->433M(512M) 11.041ms
[2020-08-01T12:14:59.143+0300][1.701s][info ][gc] GC(48) Pause Young (Normal) (G1 Evacuation Pause) 474M->475M(512M) 13.445ms
[2020-08-01T12:14:59.182+0300][1.740s][info ][gc] GC(49) To-space exhausted
[2020-08-01T12:14:59.182+0300][1.740s][info ][gc] GC(49) Pause Young (Normal) (G1 Evacuation Pause) 496M->502M(512M) 23.364ms
[2020-08-01T12:14:59.210+0300][1.768s][info ][gc] GC(50) To-space exhausted
[2020-08-01T12:14:59.210+0300][1.768s][info ][gc] GC(50) Pause Young (Normal) (G1 Evacuation Pause) 511M->511M(512M) 20.567ms
[2020-08-01T12:14:59.210+0300][1.768s][debug][gc] GC(51) Clear Next Bitmap 0.276ms
[2020-08-01T12:14:59.247+0300][1.805s][info ][gc] GC(51) Pause Full (G1 Evacuation Pause) 511M->61M(512M) 37.363ms
[2020-08-01T12:14:59.248+0300][1.806s][info ][gc] GC(46) Concurrent Cycle 177.008ms
[2020-08-01T12:14:59.272+0300][1.829s][info ][gc] GC(52) Pause Young (Normal) (G1 Evacuation Pause) 86M->86M(512M) 12.219ms
[2020-08-01T12:14:59.293+0300][1.851s][info ][gc] GC(53) Pause Young (Normal) (G1 Evacuation Pause) 107M->108M(512M) 12.227ms
[2020-08-01T12:14:59.315+0300][1.873s][info ][gc] GC(54) Pause Young (Normal) (G1 Evacuation Pause) 129M->130M(512M) 12.158ms
[2020-08-01T12:14:59.369+0300][1.927s][info ][gc] GC(55) Pause Young (Normal) (G1 Evacuation Pause) 171M->173M(512M) 14.265ms
[2020-08-01T12:14:59.388+0300][1.946s][info ][gc] GC(56) Pause Young (Normal) (G1 Evacuation Pause) 194M->195M(512M) 10.605ms
[2020-08-01T12:14:59.408+0300][1.966s][info ][gc] GC(57) Pause Young (Normal) (G1 Evacuation Pause) 216M->217M(512M) 10.888ms
[2020-08-01T12:14:59.427+0300][1.985s][info ][gc] GC(58) Pause Young (Normal) (G1 Evacuation Pause) 238M->239M(512M) 10.590ms
[2020-08-01T12:14:59.446+0300][2.004s][info ][gc] GC(59) Pause Young (Concurrent Start) (G1 Evacuation Pause) 260M->262M(512M) 10.301ms
[2020-08-01T12:14:59.446+0300][2.004s][info ][gc] GC(60) Concurrent Cycle
[2020-08-01T12:14:59.483+0300][2.040s][info ][gc] GC(61) Pause Young (Normal) (G1 Evacuation Pause) 303M->304M(512M) 10.502ms
[2020-08-01T12:14:59.503+0300][2.061s][info ][gc] GC(62) Pause Young (Normal) (G1 Evacuation Pause) 325M->327M(512M) 10.384ms
[2020-08-01T12:14:59.522+0300][2.080s][info ][gc] GC(63) Pause Young (Normal) (G1 Evacuation Pause) 348M->349M(512M) 10.667ms
[2020-08-01T12:14:59.542+0300][2.100s][info ][gc] GC(64) Pause Young (Normal) (G1 Evacuation Pause) 370M->371M(512M) 10.680ms
[2020-08-01T12:14:59.562+0300][2.120s][info ][gc] GC(65) Pause Young (Normal) (G1 Evacuation Pause) 392M->394M(512M) 10.383ms
[2020-08-01T12:14:59.582+0300][2.139s][info ][gc] GC(66) Pause Young (Normal) (G1 Evacuation Pause) 415M->416M(512M) 10.328ms
[2020-08-01T12:14:59.598+0300][2.156s][debug][gc] GC(60) Reclaimed 129 empty regions
[2020-08-01T12:14:59.598+0300][2.156s][info ][gc] GC(60) Pause Remark 423M->298M(512M) 0.410ms
[2020-08-01T12:14:59.626+0300][2.184s][info ][gc] GC(67) Pause Young (Normal) (G1 Evacuation Pause) 332M->333M(512M) 13.067ms
[2020-08-01T12:14:59.657+0300][2.214s][info ][gc] GC(68) Pause Young (Normal) (G1 Evacuation Pause) 354M->356M(512M) 10.837ms
[2020-08-01T12:14:59.686+0300][2.244s][info ][gc] GC(69) Pause Young (Normal) (G1 Evacuation Pause) 377M->378M(512M) 12.178ms
[2020-08-01T12:14:59.712+0300][2.270s][info ][gc] GC(70) Pause Young (Normal) (G1 Evacuation Pause) 399M->401M(512M) 10.769ms
[2020-08-01T12:14:59.741+0300][2.298s][info ][gc] GC(71) Pause Young (Normal) (G1 Evacuation Pause) 422M->423M(512M) 10.722ms
[2020-08-01T12:14:59.793+0300][2.351s][info ][gc] GC(72) Pause Young (Normal) (G1 Evacuation Pause) 464M->465M(512M) 10.299ms
[2020-08-01T12:14:59.822+0300][2.380s][info ][gc] GC(73) To-space exhausted
[2020-08-01T12:14:59.822+0300][2.380s][info ][gc] GC(73) Pause Young (Normal) (G1 Evacuation Pause) 486M->491M(512M) 11.734ms
[2020-08-01T12:14:59.830+0300][2.388s][info ][gc] GC(60) Pause Cleanup 496M->496M(512M) 0.133ms
[2020-08-01T12:14:59.832+0300][2.389s][info ][gc] GC(60) Concurrent Cycle 385.734ms
[2020-08-01T12:14:59.871+0300][2.429s][info ][gc] GC(74) To-space exhausted
[2020-08-01T12:14:59.871+0300][2.429s][info ][gc] GC(74) Pause Young (Normal) (G1 Evacuation Pause) 511M->511M(512M) 33.670ms
[2020-08-01T12:14:59.910+0300][2.468s][info ][gc] GC(75) Pause Full (G1 Evacuation Pause) 511M->66M(512M) 38.676ms
[2020-08-01T12:14:59.931+0300][2.489s][info ][gc] GC(76) Pause Young (Normal) (G1 Evacuation Pause) 92M->93M(512M) 10.401ms
[2020-08-01T12:14:59.953+0300][2.511s][info ][gc] GC(77) Pause Young (Normal) (G1 Evacuation Pause) 117M->118M(512M) 12.332ms
[2020-08-01T12:15:00.009+0300][2.567s][info ][gc] GC(78) Pause Young (Normal) (G1 Evacuation Pause) 159M->161M(512M) 21.312ms
[2020-08-01T12:15:00.032+0300][2.590s][info ][gc] GC(79) Pause Young (Normal) (G1 Evacuation Pause) 182M->184M(512M) 11.545ms
[2020-08-01T12:15:00.052+0300][2.610s][info ][gc] GC(80) Pause Young (Normal) (G1 Evacuation Pause) 205M->206M(512M) 10.542ms
[2020-08-01T12:15:00.073+0300][2.630s][info ][gc] GC(81) Pause Young (Normal) (G1 Evacuation Pause) 227M->229M(512M) 12.488ms
[2020-08-01T12:15:00.093+0300][2.651s][info ][gc] GC(82) Pause Young (Normal) (G1 Evacuation Pause) 250M->251M(512M) 11.922ms
[2020-08-01T12:15:00.112+0300][2.670s][info ][gc] GC(83) Pause Young (Concurrent Start) (G1 Evacuation Pause) 272M->274M(512M) 10.611ms
[2020-08-01T12:15:00.112+0300][2.670s][info ][gc] GC(84) Concurrent Cycle
[2020-08-01T12:15:00.153+0300][2.711s][info ][gc] GC(85) Pause Young (Normal) (G1 Evacuation Pause) 315M->317M(512M) 10.155ms
[2020-08-01T12:15:00.173+0300][2.731s][info ][gc] GC(86) Pause Young (Normal) (G1 Evacuation Pause) 338M->340M(512M) 10.500ms
[2020-08-01T12:15:00.193+0300][2.751s][info ][gc] GC(87) Pause Young (Normal) (G1 Evacuation Pause) 361M->362M(512M) 10.696ms
[2020-08-01T12:15:00.214+0300][2.772s][info ][gc] GC(88) Pause Young (Normal) (G1 Evacuation Pause) 383M->385M(512M) 11.147ms
[2020-08-01T12:15:00.233+0300][2.791s][info ][gc] GC(89) Pause Young (Normal) (G1 Evacuation Pause) 406M->407M(512M) 10.461ms
[2020-08-01T12:15:00.262+0300][2.820s][debug][gc] GC(84) Reclaimed 133 empty regions
[2020-08-01T12:15:00.262+0300][2.820s][info ][gc] GC(84) Pause Remark 446M->316M(512M) 0.496ms
[2020-08-01T12:15:00.276+0300][2.834s][info ][gc] GC(90) Pause Young (Normal) (G1 Evacuation Pause) 318M->320M(512M) 10.366ms
[2020-08-01T12:15:00.303+0300][2.860s][info ][gc] GC(91) Pause Young (Normal) (G1 Evacuation Pause) 341M->343M(512M) 10.594ms
[2020-08-01T12:15:00.326+0300][2.883s][info ][gc] GC(92) Pause Young (Normal) (G1 Evacuation Pause) 364M->366M(512M) 10.481ms
[2020-08-01T12:15:00.354+0300][2.911s][info ][gc] GC(93) Pause Young (Normal) (G1 Evacuation Pause) 387M->388M(512M) 10.827ms
[2020-08-01T12:15:00.381+0300][2.939s][info ][gc] GC(94) Pause Young (Normal) (G1 Evacuation Pause) 409M->410M(512M) 10.640ms
[2020-08-01T12:15:00.408+0300][2.966s][info ][gc] GC(95) Pause Young (Normal) (G1 Evacuation Pause) 431M->432M(512M) 10.507ms
[2020-08-01T12:15:00.453+0300][3.011s][info ][gc] GC(96) Pause Young (Normal) (G1 Evacuation Pause) 473M->474M(512M) 10.889ms
[2020-08-01T12:15:00.489+0300][3.047s][info ][gc] GC(97) To-space exhausted
[2020-08-01T12:15:00.489+0300][3.047s][info ][gc] GC(97) Pause Young (Normal) (G1 Evacuation Pause) 495M->501M(512M) 19.871ms
[2020-08-01T12:15:00.522+0300][3.080s][info ][gc] GC(98) To-space exhausted
[2020-08-01T12:15:00.522+0300][3.080s][info ][gc] GC(98) Pause Young (Normal) (G1 Evacuation Pause) 511M->511M(512M) 20.657ms
[2020-08-01T12:15:00.522+0300][3.080s][debug][gc] GC(99) Clear Next Bitmap 0.244ms
[2020-08-01T12:15:00.563+0300][3.121s][info ][gc] GC(99) Pause Full (G1 Evacuation Pause) 511M->66M(512M) 40.669ms
[2020-08-01T12:15:00.563+0300][3.121s][info ][gc] GC(84) Concurrent Cycle 450.666ms
[2020-08-01T12:15:00.583+0300][3.141s][info ][gc] GC(100) Pause Young (Normal) (G1 Evacuation Pause) 91M->91M(512M) 10.484ms
[2020-08-01T12:15:00.606+0300][3.164s][info ][gc] GC(101) Pause Young (Normal) (G1 Evacuation Pause) 114M->116M(512M) 13.576ms
[2020-08-01T12:15:00.628+0300][3.186s][info ][gc] GC(102) Pause Young (Normal) (G1 Evacuation Pause) 137M->138M(512M) 13.688ms
[2020-08-01T12:15:00.719+0300][3.277s][info ][gc] GC(103) Pause Young (Normal) (G1 Evacuation Pause) 179M->181M(512M) 34.856ms
[2020-08-01T12:15:00.745+0300][3.303s][info ][gc] GC(104) Pause Young (Normal) (G1 Evacuation Pause) 202M->203M(512M) 12.373ms
[2020-08-01T12:15:00.765+0300][3.322s][info ][gc] GC(105) Pause Young (Normal) (G1 Evacuation Pause) 224M->226M(512M) 10.502ms
[2020-08-01T12:15:00.784+0300][3.342s][info ][gc] GC(106) Pause Young (Normal) (G1 Evacuation Pause) 247M->248M(512M) 11.130ms
[2020-08-01T12:15:00.804+0300][3.362s][info ][gc] GC(107) Pause Young (Concurrent Start) (G1 Evacuation Pause) 269M->271M(512M) 11.443ms
[2020-08-01T12:15:00.804+0300][3.362s][info ][gc] GC(108) Concurrent Cycle
[2020-08-01T12:15:00.841+0300][3.399s][info ][gc] GC(109) Pause Young (Normal) (G1 Evacuation Pause) 312M->314M(512M) 12.156ms
[2020-08-01T12:15:00.862+0300][3.419s][info ][gc] GC(110) Pause Young (Normal) (G1 Evacuation Pause) 335M->337M(512M) 11.401ms
[2020-08-01T12:15:00.883+0300][3.441s][info ][gc] GC(111) Pause Young (Normal) (G1 Evacuation Pause) 358M->360M(512M) 11.844ms
[2020-08-01T12:15:00.907+0300][3.464s][info ][gc] GC(112) Pause Young (Normal) (G1 Evacuation Pause) 381M->382M(512M) 14.027ms
[2020-08-01T12:15:00.928+0300][3.485s][info ][gc] GC(113) Pause Young (Normal) (G1 Evacuation Pause) 403M->405M(512M) 11.539ms
[2020-08-01T12:15:00.964+0300][3.522s][info ][gc] GC(114) Pause Young (Normal) (G1 Evacuation Pause) 446M->447M(512M) 11.961ms
[2020-08-01T12:15:00.973+0300][3.531s][debug][gc] GC(108) Reclaimed 132 empty regions
[2020-08-01T12:15:00.974+0300][3.531s][info ][gc] GC(108) Pause Remark 467M->337M(512M) 0.452ms
[2020-08-01T12:15:00.988+0300][3.545s][info ][gc] GC(115) Pause Young (Normal) (G1 Evacuation Pause) 338M->339M(512M) 13.318ms
[2020-08-01T12:15:01.017+0300][3.575s][info ][gc] GC(116) Pause Young (Normal) (G1 Evacuation Pause) 360M->362M(512M) 11.921ms
[2020-08-01T12:15:01.044+0300][3.602s][info ][gc] GC(117) Pause Young (Normal) (G1 Evacuation Pause) 383M->384M(512M) 10.474ms
[2020-08-01T12:15:01.072+0300][3.630s][info ][gc] GC(118) Pause Young (Normal) (G1 Evacuation Pause) 405M->406M(512M) 13.588ms
[2020-08-01T12:15:01.102+0300][3.660s][info ][gc] GC(119) Pause Young (Normal) (G1 Evacuation Pause) 427M->429M(512M) 12.097ms
[2020-08-01T12:15:01.152+0300][3.710s][info ][gc] GC(120) Pause Young (Normal) (G1 Evacuation Pause) 470M->471M(512M) 11.161ms
[2020-08-01T12:15:01.184+0300][3.742s][info ][gc] GC(121) To-space exhausted
[2020-08-01T12:15:01.184+0300][3.742s][info ][gc] GC(121) Pause Young (Normal) (G1 Evacuation Pause) 492M->499M(512M) 15.820ms
[2020-08-01T12:15:01.219+0300][3.777s][info ][gc] GC(122) To-space exhausted
[2020-08-01T12:15:01.219+0300][3.777s][info ][gc] GC(122) Pause Young (Normal) (G1 Evacuation Pause) 511M->511M(512M) 22.600ms
[2020-08-01T12:15:01.220+0300][3.777s][debug][gc] GC(123) Clear Next Bitmap 0.363ms
[2020-08-01T12:15:01.259+0300][3.817s][info ][gc] GC(123) Pause Full (G1 Evacuation Pause) 511M->65M(512M) 39.486ms
[2020-08-01T12:15:01.259+0300][3.817s][info ][gc] GC(108) Concurrent Cycle 454.994ms
[2020-08-01T12:15:01.281+0300][3.839s][info ][gc] GC(124) Pause Young (Normal) (G1 Evacuation Pause) 90M->91M(512M) 12.007ms
[2020-08-01T12:15:01.302+0300][3.860s][info ][gc] GC(125) Pause Young (Normal) (G1 Evacuation Pause) 112M->112M(512M) 12.134ms
[2020-08-01T12:15:01.321+0300][3.879s][info ][gc] GC(126) Pause Young (Normal) (G1 Evacuation Pause) 133M->135M(512M) 11.052ms
[2020-08-01T12:15:01.381+0300][3.939s][info ][gc] GC(127) Pause Young (Normal) (G1 Evacuation Pause) 176M->177M(512M) 19.971ms
[2020-08-01T12:15:01.405+0300][3.962s][info ][gc] GC(128) Pause Young (Normal) (G1 Evacuation Pause) 198M->199M(512M) 12.505ms
[2020-08-01T12:15:01.424+0300][3.982s][info ][gc] GC(129) Pause Young (Normal) (G1 Evacuation Pause) 220M->221M(512M) 10.836ms
[2020-08-01T12:15:01.443+0300][4.001s][info ][gc] GC(130) Pause Young (Normal) (G1 Evacuation Pause) 242M->244M(512M) 10.456ms
[2020-08-01T12:15:01.464+0300][4.022s][info ][gc] GC(131) Pause Young (Concurrent Start) (G1 Evacuation Pause) 265M->265M(512M) 12.153ms
[2020-08-01T12:15:01.464+0300][4.022s][info ][gc] GC(132) Concurrent Cycle
[2020-08-01T12:15:01.510+0300][4.068s][info ][gc] GC(133) Pause Young (Normal) (G1 Evacuation Pause) 306M->308M(512M) 12.502ms
[2020-08-01T12:15:01.531+0300][4.089s][info ][gc] GC(134) Pause Young (Normal) (G1 Evacuation Pause) 329M->330M(512M) 10.755ms
[2020-08-01T12:15:01.551+0300][4.109s][info ][gc] GC(135) Pause Young (Normal) (G1 Evacuation Pause) 351M->352M(512M) 10.665ms
[2020-08-01T12:15:01.571+0300][4.129s][info ][gc] GC(136) Pause Young (Normal) (G1 Evacuation Pause) 373M->375M(512M) 10.870ms
[2020-08-01T12:15:01.592+0300][4.150s][info ][gc] GC(137) Pause Young (Normal) (G1 Evacuation Pause) 396M->397M(512M) 12.114ms
[2020-08-01T12:15:01.612+0300][4.170s][info ][gc] GC(138) Pause Young (Normal) (G1 Evacuation Pause) 418M->420M(512M) 10.474ms
[2020-08-01T12:15:01.625+0300][4.182s][debug][gc] GC(132) Reclaimed 128 empty regions
[2020-08-01T12:15:01.625+0300][4.182s][info ][gc] GC(132) Pause Remark 423M->298M(512M) 0.403ms
[2020-08-01T12:15:01.651+0300][4.209s][info ][gc] GC(139) Pause Young (Normal) (G1 Evacuation Pause) 336M->338M(512M) 10.442ms
[2020-08-01T12:15:01.680+0300][4.238s][info ][gc] GC(140) Pause Young (Normal) (G1 Evacuation Pause) 359M->360M(512M) 12.998ms
[2020-08-01T12:15:01.706+0300][4.263s][info ][gc] GC(141) Pause Young (Normal) (G1 Evacuation Pause) 381M->382M(512M) 10.997ms
[2020-08-01T12:15:01.734+0300][4.292s][info ][gc] GC(142) Pause Young (Normal) (G1 Evacuation Pause) 403M->404M(512M) 11.012ms
[2020-08-01T12:15:01.765+0300][4.323s][info ][gc] GC(143) Pause Young (Normal) (G1 Evacuation Pause) 425M->427M(512M) 12.153ms
[2020-08-01T12:15:01.820+0300][4.377s][info ][gc] GC(144) Pause Young (Normal) (G1 Evacuation Pause) 468M->469M(512M) 10.850ms
[2020-08-01T12:15:01.852+0300][4.410s][info ][gc] GC(145) To-space exhausted
[2020-08-01T12:15:01.852+0300][4.410s][info ][gc] GC(145) Pause Young (Normal) (G1 Evacuation Pause) 490M->498M(512M) 14.159ms
[2020-08-01T12:15:01.859+0300][4.417s][info ][gc] GC(132) Pause Cleanup 499M->499M(512M) 0.115ms
[2020-08-01T12:15:01.860+0300][4.417s][info ][gc] GC(132) Concurrent Cycle 395.498ms
[2020-08-01T12:15:01.891+0300][4.448s][info ][gc] GC(146) To-space exhausted
[2020-08-01T12:15:01.891+0300][4.449s][info ][gc] GC(146) Pause Young (Normal) (G1 Evacuation Pause) 511M->511M(512M) 25.848ms
[2020-08-01T12:15:01.930+0300][4.487s][info ][gc] GC(147) Pause Full (G1 Evacuation Pause) 511M->64M(512M) 38.744ms
[2020-08-01T12:15:01.951+0300][4.508s][info ][gc] GC(148) Pause Young (Normal) (G1 Evacuation Pause) 89M->89M(512M) 10.795ms
[2020-08-01T12:15:01.972+0300][4.530s][info ][gc] GC(149) Pause Young (Normal) (G1 Evacuation Pause) 111M->112M(512M) 12.395ms
[2020-08-01T12:15:01.991+0300][4.548s][info ][gc] GC(150) Pause Young (Normal) (G1 Evacuation Pause) 133M->134M(512M) 10.574ms
[2020-08-01T12:15:02.024+0300][4.581s][info ][gc] GC(151) Pause Young (Normal) (G1 Evacuation Pause) 175M->176M(512M) 10.441ms
[2020-08-01T12:15:02.043+0300][4.600s][info ][gc] GC(152) Pause Young (Normal) (G1 Evacuation Pause) 197M->199M(512M) 10.506ms
[2020-08-01T12:15:02.062+0300][4.619s][info ][gc] GC(153) Pause Young (Normal) (G1 Evacuation Pause) 220M->221M(512M) 10.453ms
[2020-08-01T12:15:02.081+0300][4.638s][info ][gc] GC(154) Pause Young (Normal) (G1 Evacuation Pause) 242M->244M(512M) 10.588ms
[2020-08-01T12:15:02.100+0300][4.658s][info ][gc] GC(155) Pause Young (Concurrent Start) (G1 Evacuation Pause) 265M->266M(512M) 10.797ms
[2020-08-01T12:15:02.100+0300][4.658s][info ][gc] GC(156) Concurrent Cycle
[2020-08-01T12:15:02.146+0300][4.704s][info ][gc] GC(157) Pause Young (Normal) (G1 Evacuation Pause) 307M->309M(512M) 12.040ms
[2020-08-01T12:15:02.166+0300][4.724s][info ][gc] GC(158) Pause Young (Normal) (G1 Evacuation Pause) 330M->331M(512M) 10.442ms
[2020-08-01T12:15:02.186+0300][4.743s][info ][gc] GC(159) Pause Young (Normal) (G1 Evacuation Pause) 352M->354M(512M) 11.007ms
[2020-08-01T12:15:02.207+0300][4.765s][info ][gc] GC(160) Pause Young (Normal) (G1 Evacuation Pause) 375M->377M(512M) 12.772ms
[2020-08-01T12:15:02.227+0300][4.784s][info ][gc] GC(161) Pause Young (Normal) (G1 Evacuation Pause) 398M->399M(512M) 10.192ms
[2020-08-01T12:15:02.247+0300][4.804s][info ][gc] GC(162) Pause Young (Normal) (G1 Evacuation Pause) 420M->421M(512M) 10.482ms
[2020-08-01T12:15:02.258+0300][4.816s][debug][gc] GC(156) Reclaimed 129 empty regions
[2020-08-01T12:15:02.258+0300][4.816s][info ][gc] GC(156) Pause Remark 424M->297M(512M) 0.426ms
[2020-08-01T12:15:02.291+0300][4.849s][info ][gc] GC(163) Pause Young (Normal) (G1 Evacuation Pause) 335M->337M(512M) 10.659ms
[2020-08-01T12:15:02.318+0300][4.875s][info ][gc] GC(164) Pause Young (Normal) (G1 Evacuation Pause) 358M->359M(512M) 10.588ms
[2020-08-01T12:15:02.343+0300][4.901s][info ][gc] GC(165) Pause Young (Normal) (G1 Evacuation Pause) 380M->382M(512M) 10.325ms
[2020-08-01T12:15:02.370+0300][4.928s][info ][gc] GC(166) Pause Young (Normal) (G1 Evacuation Pause) 403M->404M(512M) 10.873ms
[2020-08-01T12:15:02.397+0300][4.955s][info ][gc] GC(167) Pause Young (Normal) (G1 Evacuation Pause) 425M->425M(512M) 10.514ms
[2020-08-01T12:15:02.445+0300][5.002s][info ][gc] GC(168) Pause Young (Normal) (G1 Evacuation Pause) 466M->468M(512M) 12.410ms
[2020-08-01T12:15:02.475+0300][5.033s][info ][gc] GC(169) To-space exhausted
[2020-08-01T12:15:02.475+0300][5.033s][info ][gc] GC(169) Pause Young (Normal) (G1 Evacuation Pause) 489M->497M(512M) 13.494ms
[2020-08-01T12:15:02.515+0300][5.073s][info ][gc] GC(170) To-space exhausted
[2020-08-01T12:15:02.515+0300][5.073s][info ][gc] GC(170) Pause Young (Normal) (G1 Evacuation Pause) 511M->511M(512M) 26.234ms
[2020-08-01T12:15:02.516+0300][5.074s][debug][gc] GC(171) Clear Next Bitmap 0.269ms
[2020-08-01T12:15:02.555+0300][5.112s][info ][gc] GC(171) Pause Full (G1 Evacuation Pause) 511M->64M(512M) 38.969ms
[2020-08-01T12:15:02.555+0300][5.113s][info ][gc] GC(156) Concurrent Cycle 454.964ms
[2020-08-01T12:15:02.576+0300][5.133s][info ][gc] GC(172) Pause Young (Normal) (G1 Evacuation Pause) 89M->90M(512M) 10.618ms
[2020-08-01T12:15:02.598+0300][5.156s][info ][gc] GC(173) Pause Young (Normal) (G1 Evacuation Pause) 114M->115M(512M) 11.700ms
[2020-08-01T12:15:02.617+0300][5.175s][info ][gc] GC(174) Pause Young (Normal) (G1 Evacuation Pause) 136M->137M(512M) 10.922ms
[2020-08-01T12:15:02.705+0300][5.263s][info ][gc] GC(175) Pause Young (Normal) (G1 Evacuation Pause) 178M->179M(512M) 21.105ms
[2020-08-01T12:15:02.727+0300][5.284s][info ][gc] GC(176) Pause Young (Normal) (G1 Evacuation Pause) 200M->201M(512M) 10.778ms
[2020-08-01T12:15:02.746+0300][5.303s][info ][gc] GC(177) Pause Young (Normal) (G1 Evacuation Pause) 222M->224M(512M) 10.498ms
[2020-08-01T12:15:02.765+0300][5.322s][info ][gc] GC(178) Pause Young (Normal) (G1 Evacuation Pause) 245M->246M(512M) 10.564ms
[2020-08-01T12:15:02.784+0300][5.342s][info ][gc] GC(179) Pause Young (Concurrent Start) (G1 Evacuation Pause) 267M->269M(512M) 11.006ms
[2020-08-01T12:15:02.784+0300][5.342s][info ][gc] GC(180) Concurrent Cycle
[2020-08-01T12:15:02.832+0300][5.390s][info ][gc] GC(181) Pause Young (Normal) (G1 Evacuation Pause) 310M->311M(512M) 12.183ms
[2020-08-01T12:15:02.852+0300][5.410s][info ][gc] GC(182) Pause Young (Normal) (G1 Evacuation Pause) 332M->333M(512M) 10.649ms
[2020-08-01T12:15:02.872+0300][5.430s][info ][gc] GC(183) Pause Young (Normal) (G1 Evacuation Pause) 354M->355M(512M) 10.822ms
[2020-08-01T12:15:02.892+0300][5.450s][info ][gc] GC(184) Pause Young (Normal) (G1 Evacuation Pause) 376M->377M(512M) 10.448ms
[2020-08-01T12:15:02.910+0300][5.468s][info ][gc] GC(185) Pause Young (Normal) (G1 Evacuation Pause) 398M->399M(512M) 9.768ms
[2020-08-01T12:15:02.930+0300][5.487s][info ][gc] GC(186) Pause Young (Normal) (G1 Evacuation Pause) 420M->422M(512M) 10.562ms
[2020-08-01T12:15:02.943+0300][5.501s][debug][gc] GC(180) Reclaimed 131 empty regions
[2020-08-01T12:15:02.943+0300][5.501s][info ][gc] GC(180) Pause Remark 422M->293M(512M) 0.413ms
[2020-08-01T12:15:02.976+0300][5.533s][info ][gc] GC(187) Pause Young (Normal) (G1 Evacuation Pause) 334M->335M(512M) 10.803ms
[2020-08-01T12:15:03.004+0300][5.562s][info ][gc] GC(188) Pause Young (Normal) (G1 Evacuation Pause) 356M->358M(512M) 10.680ms
[2020-08-01T12:15:03.032+0300][5.589s][info ][gc] GC(189) Pause Young (Normal) (G1 Evacuation Pause) 379M->381M(512M) 10.725ms
[2020-08-01T12:15:03.054+0300][5.612s][info ][gc] GC(190) Pause Young (Normal) (G1 Evacuation Pause) 402M->404M(512M) 13.669ms
[2020-08-01T12:15:03.087+0300][5.645s][info ][gc] GC(191) Pause Young (Normal) (G1 Evacuation Pause) 425M->426M(512M) 11.919ms
[2020-08-01T12:15:03.142+0300][5.700s][info ][gc] GC(192) Pause Young (Normal) (G1 Evacuation Pause) 467M->468M(512M) 10.635ms
[2020-08-01T12:15:03.168+0300][5.726s][info ][gc] GC(193) To-space exhausted
[2020-08-01T12:15:03.169+0300][5.726s][info ][gc] GC(193) Pause Young (Normal) (G1 Evacuation Pause) 489M->495M(512M) 13.815ms
[2020-08-01T12:15:03.182+0300][5.740s][info ][gc] GC(180) Pause Cleanup 507M->507M(512M) 0.131ms
[2020-08-01T12:15:03.183+0300][5.741s][info ][gc] GC(180) Concurrent Cycle 398.688ms
[2020-08-01T12:15:03.213+0300][5.770s][info ][gc] GC(194) To-space exhausted
[2020-08-01T12:15:03.213+0300][5.771s][info ][gc] GC(194) Pause Young (Normal) (G1 Evacuation Pause) 511M->511M(512M) 28.506ms
[2020-08-01T12:15:03.256+0300][5.813s][info ][gc] GC(195) Pause Full (G1 Evacuation Pause) 511M->69M(512M) 42.618ms
[2020-08-01T12:15:03.276+0300][5.834s][info ][gc] GC(196) Pause Young (Normal) (G1 Evacuation Pause) 94M->94M(512M) 10.334ms
[2020-08-01T12:15:03.296+0300][5.854s][info ][gc] GC(197) Pause Young (Normal) (G1 Evacuation Pause) 117M->119M(512M) 10.663ms
[2020-08-01T12:15:03.376+0300][5.934s][info ][gc] GC(198) Pause Young (Normal) (G1 Evacuation Pause) 160M->161M(512M) 37.143ms
[2020-08-01T12:15:03.405+0300][5.962s][info ][gc] GC(199) Pause Young (Normal) (G1 Evacuation Pause) 182M->183M(512M) 14.006ms
[2020-08-01T12:15:03.424+0300][5.982s][info ][gc] GC(200) Pause Young (Normal) (G1 Evacuation Pause) 204M->205M(512M) 10.503ms
[2020-08-01T12:15:03.443+0300][6.000s][info ][gc] GC(201) Pause Young (Normal) (G1 Evacuation Pause) 226M->227M(512M) 10.286ms
[2020-08-01T12:15:03.463+0300][6.021s][info ][gc] GC(202) Pause Young (Normal) (G1 Evacuation Pause) 248M->250M(512M) 12.189ms
[2020-08-01T12:15:03.482+0300][6.040s][info ][gc] GC(203) Pause Young (Concurrent Start) (G1 Evacuation Pause) 271M->272M(512M) 10.328ms
[2020-08-01T12:15:03.482+0300][6.040s][info ][gc] GC(204) Concurrent Cycle
[2020-08-01T12:15:03.520+0300][6.077s][info ][gc] GC(205) Pause Young (Normal) (G1 Evacuation Pause) 313M->314M(512M) 11.725ms
[2020-08-01T12:15:03.542+0300][6.100s][info ][gc] GC(206) Pause Young (Normal) (G1 Evacuation Pause) 335M->336M(512M) 13.988ms
[2020-08-01T12:15:03.563+0300][6.120s][info ][gc] GC(207) Pause Young (Normal) (G1 Evacuation Pause) 357M->358M(512M) 11.015ms
[2020-08-01T12:15:03.583+0300][6.140s][info ][gc] GC(208) Pause Young (Normal) (G1 Evacuation Pause) 379M->381M(512M) 11.191ms
[2020-08-01T12:15:03.602+0300][6.160s][info ][gc] GC(209) Pause Young (Normal) (G1 Evacuation Pause) 402M->403M(512M) 10.645ms
[2020-08-01T12:15:03.638+0300][6.196s][info ][gc] GC(210) Pause Young (Normal) (G1 Evacuation Pause) 444M->446M(512M) 11.875ms
[2020-08-01T12:15:03.658+0300][6.216s][info ][gc] GC(211) Pause Young (Normal) (G1 Evacuation Pause) 467M->468M(512M) 10.433ms
[2020-08-01T12:15:03.663+0300][6.220s][debug][gc] GC(204) Reclaimed 133 empty regions
[2020-08-01T12:15:03.663+0300][6.220s][info ][gc] GC(204) Pause Remark 478M->349M(512M) 0.420ms
[2020-08-01T12:15:03.681+0300][6.239s][info ][gc] GC(212) Pause Young (Normal) (G1 Evacuation Pause) 360M->361M(512M) 13.835ms
[2020-08-01T12:15:03.709+0300][6.266s][info ][gc] GC(213) Pause Young (Normal) (G1 Evacuation Pause) 382M->383M(512M) 12.835ms
[2020-08-01T12:15:03.737+0300][6.295s][info ][gc] GC(214) Pause Young (Normal) (G1 Evacuation Pause) 404M->406M(512M) 10.872ms
[2020-08-01T12:15:03.764+0300][6.322s][info ][gc] GC(215) Pause Young (Normal) (G1 Evacuation Pause) 427M->428M(512M) 11.814ms
[2020-08-01T12:15:03.814+0300][6.372s][info ][gc] GC(216) Pause Young (Normal) (G1 Evacuation Pause) 469M->471M(512M) 10.447ms
[2020-08-01T12:15:03.847+0300][6.405s][info ][gc] GC(217) To-space exhausted
[2020-08-01T12:15:03.848+0300][6.405s][info ][gc] GC(217) Pause Young (Normal) (G1 Evacuation Pause) 492M->499M(512M) 17.927ms
[2020-08-01T12:15:03.883+0300][6.441s][info ][gc] GC(218) To-space exhausted
[2020-08-01T12:15:03.883+0300][6.441s][info ][gc] GC(218) Pause Young (Normal) (G1 Evacuation Pause) 511M->511M(512M) 22.743ms
[2020-08-01T12:15:03.884+0300][6.442s][debug][gc] GC(219) Clear Next Bitmap 0.337ms
[2020-08-01T12:15:03.925+0300][6.483s][info ][gc] GC(219) Pause Full (G1 Evacuation Pause) 511M->68M(512M) 41.879ms
[2020-08-01T12:15:03.926+0300][6.483s][info ][gc] GC(204) Concurrent Cycle 443.490ms
[2020-08-01T12:15:03.947+0300][6.504s][info ][gc] GC(220) Pause Young (Normal) (G1 Evacuation Pause) 93M->94M(512M) 10.672ms
[2020-08-01T12:15:03.966+0300][6.523s][info ][gc] GC(221) Pause Young (Normal) (G1 Evacuation Pause) 115M->116M(512M) 10.570ms
[2020-08-01T12:15:03.984+0300][6.542s][info ][gc] GC(222) Pause Young (Normal) (G1 Evacuation Pause) 137M->138M(512M) 10.418ms
[2020-08-01T12:15:04.020+0300][6.578s][info ][gc] GC(223) Pause Young (Normal) (G1 Evacuation Pause) 179M->181M(512M) 10.413ms
[2020-08-01T12:15:04.039+0300][6.597s][info ][gc] GC(224) Pause Young (Normal) (G1 Evacuation Pause) 202M->203M(512M) 10.829ms
[2020-08-01T12:15:04.058+0300][6.616s][info ][gc] GC(225) Pause Young (Normal) (G1 Evacuation Pause) 224M->226M(512M) 10.605ms
[2020-08-01T12:15:04.077+0300][6.634s][info ][gc] GC(226) Pause Young (Normal) (G1 Evacuation Pause) 247M->249M(512M) 10.039ms
[2020-08-01T12:15:04.095+0300][6.653s][info ][gc] GC(227) Pause Young (Concurrent Start) (G1 Evacuation Pause) 270M->271M(512M) 10.483ms
[2020-08-01T12:15:04.095+0300][6.653s][info ][gc] GC(228) Concurrent Cycle
[2020-08-01T12:15:04.140+0300][6.697s][info ][gc] GC(229) Pause Young (Normal) (G1 Evacuation Pause) 312M->314M(512M) 11.819ms
[2020-08-01T12:15:04.159+0300][6.717s][info ][gc] GC(230) Pause Young (Normal) (G1 Evacuation Pause) 335M->336M(512M) 10.609ms
[2020-08-01T12:15:04.179+0300][6.737s][info ][gc] GC(231) Pause Young (Normal) (G1 Evacuation Pause) 357M->359M(512M) 10.372ms
[2020-08-01T12:15:04.200+0300][6.758s][info ][gc] GC(232) Pause Young (Normal) (G1 Evacuation Pause) 380M->382M(512M) 11.468ms
[2020-08-01T12:15:04.221+0300][6.778s][info ][gc] GC(233) Pause Young (Normal) (G1 Evacuation Pause) 403M->405M(512M) 12.292ms
[2020-08-01T12:15:04.246+0300][6.804s][debug][gc] GC(228) Reclaimed 133 empty regions
[2020-08-01T12:15:04.246+0300][6.804s][info ][gc] GC(228) Pause Remark 425M->295M(512M) 0.394ms
[2020-08-01T12:15:04.263+0300][6.820s][info ][gc] GC(234) Pause Young (Normal) (G1 Evacuation Pause) 316M->317M(512M) 11.486ms
[2020-08-01T12:15:04.288+0300][6.846s][info ][gc] GC(235) Pause Young (Normal) (G1 Evacuation Pause) 338M->339M(512M) 10.590ms
[2020-08-01T12:15:04.314+0300][6.872s][info ][gc] GC(236) Pause Young (Normal) (G1 Evacuation Pause) 360M->362M(512M) 10.737ms
[2020-08-01T12:15:04.340+0300][6.898s][info ][gc] GC(237) Pause Young (Normal) (G1 Evacuation Pause) 383M->384M(512M) 10.614ms
[2020-08-01T12:15:04.368+0300][6.926s][info ][gc] GC(238) Pause Young (Normal) (G1 Evacuation Pause) 405M->406M(512M) 10.908ms
[2020-08-01T12:15:04.393+0300][6.951s][info ][gc] GC(239) Pause Young (Normal) (G1 Evacuation Pause) 427M->429M(512M) 10.479ms
[2020-08-01T12:15:04.437+0300][6.994s][info ][gc] GC(240) Pause Young (Normal) (G1 Evacuation Pause) 470M->471M(512M) 11.474ms
[2020-08-01T12:15:04.470+0300][7.028s][info ][gc] GC(241) To-space exhausted
[2020-08-01T12:15:04.470+0300][7.028s][info ][gc] GC(241) Pause Young (Normal) (G1 Evacuation Pause) 492M->500M(512M) 16.438ms
[2020-08-01T12:15:04.497+0300][7.055s][info ][gc] GC(242) To-space exhausted
[2020-08-01T12:15:04.497+0300][7.055s][info ][gc] GC(242) Pause Young (Normal) (G1 Evacuation Pause) 511M->511M(512M) 22.766ms
[2020-08-01T12:15:04.498+0300][7.056s][debug][gc] GC(243) Clear Next Bitmap 0.359ms
[2020-08-01T12:15:04.537+0300][7.095s][info ][gc] GC(243) Pause Full (G1 Evacuation Pause) 511M->65M(512M) 39.569ms
[2020-08-01T12:15:04.537+0300][7.095s][info ][gc] GC(228) Concurrent Cycle 441.688ms
[2020-08-01T12:15:04.559+0300][7.116s][info ][gc] GC(244) Pause Young (Normal) (G1 Evacuation Pause) 91M->91M(512M) 10.962ms
[2020-08-01T12:15:04.580+0300][7.138s][info ][gc] GC(245) Pause Young (Normal) (G1 Evacuation Pause) 115M->116M(512M) 11.247ms
[2020-08-01T12:15:04.598+0300][7.156s][info ][gc] GC(246) Pause Young (Normal) (G1 Evacuation Pause) 137M->139M(512M) 10.174ms
[2020-08-01T12:15:04.685+0300][7.243s][info ][gc] GC(247) Pause Young (Normal) (G1 Evacuation Pause) 180M->181M(512M) 29.407ms
[2020-08-01T12:15:04.710+0300][7.267s][info ][gc] GC(248) Pause Young (Normal) (G1 Evacuation Pause) 202M->203M(512M) 11.942ms
[2020-08-01T12:15:04.728+0300][7.286s][info ][gc] GC(249) Pause Young (Normal) (G1 Evacuation Pause) 224M->226M(512M) 10.287ms
[2020-08-01T12:15:04.747+0300][7.305s][info ][gc] GC(250) Pause Young (Normal) (G1 Evacuation Pause) 247M->248M(512M) 10.117ms
[2020-08-01T12:15:04.768+0300][7.325s][info ][gc] GC(251) Pause Young (Concurrent Start) (G1 Evacuation Pause) 269M->270M(512M) 12.087ms
[2020-08-01T12:15:04.768+0300][7.325s][info ][gc] GC(252) Concurrent Cycle
[2020-08-01T12:15:04.812+0300][7.370s][info ][gc] GC(253) Pause Young (Normal) (G1 Evacuation Pause) 311M->313M(512M) 10.422ms
[2020-08-01T12:15:04.833+0300][7.391s][info ][gc] GC(254) Pause Young (Normal) (G1 Evacuation Pause) 334M->335M(512M) 12.087ms
[2020-08-01T12:15:04.853+0300][7.411s][info ][gc] GC(255) Pause Young (Normal) (G1 Evacuation Pause) 356M->358M(512M) 10.816ms
[2020-08-01T12:15:04.874+0300][7.432s][info ][gc] GC(256) Pause Young (Normal) (G1 Evacuation Pause) 379M->380M(512M) 10.919ms
[2020-08-01T12:15:04.893+0300][7.451s][info ][gc] GC(257) Pause Young (Normal) (G1 Evacuation Pause) 401M->402M(512M) 10.203ms
[2020-08-01T12:15:04.916+0300][7.474s][debug][gc] GC(252) Reclaimed 134 empty regions
[2020-08-01T12:15:04.916+0300][7.474s][info ][gc] GC(252) Pause Remark 422M->291M(512M) 0.379ms
[2020-08-01T12:15:04.933+0300][7.491s][info ][gc] GC(258) Pause Young (Normal) (G1 Evacuation Pause) 312M->313M(512M) 11.354ms
[2020-08-01T12:15:04.961+0300][7.519s][info ][gc] GC(259) Pause Young (Normal) (G1 Evacuation Pause) 334M->335M(512M) 10.789ms
[2020-08-01T12:15:04.990+0300][7.548s][info ][gc] GC(260) Pause Young (Normal) (G1 Evacuation Pause) 356M->357M(512M) 11.826ms
[2020-08-01T12:15:05.018+0300][7.576s][info ][gc] GC(261) Pause Young (Normal) (G1 Evacuation Pause) 378M->379M(512M) 10.768ms
[2020-08-01T12:15:05.045+0300][7.603s][info ][gc] GC(262) Pause Young (Normal) (G1 Evacuation Pause) 400M->402M(512M) 10.668ms
[2020-08-01T12:15:05.072+0300][7.630s][info ][gc] GC(263) Pause Young (Normal) (G1 Evacuation Pause) 423M->424M(512M) 10.728ms
[2020-08-01T12:15:05.122+0300][7.680s][info ][gc] GC(264) Pause Young (Normal) (G1 Evacuation Pause) 465M->466M(512M) 11.055ms
[2020-08-01T12:15:05.138+0300][7.696s][info ][gc] GC(252) Pause Cleanup 487M->487M(512M) 0.125ms
[2020-08-01T12:15:05.150+0300][7.708s][info ][gc] GC(265) To-space exhausted
[2020-08-01T12:15:05.150+0300][7.708s][info ][gc] GC(265) Pause Young (Normal) (G1 Evacuation Pause) 487M->490M(512M) 11.563ms
[2020-08-01T12:15:05.150+0300][7.708s][info ][gc] GC(252) Concurrent Cycle 382.637ms
[2020-08-01T12:15:05.194+0300][7.752s][info ][gc] GC(266) To-space exhausted
[2020-08-01T12:15:05.194+0300][7.752s][info ][gc] GC(266) Pause Young (Normal) (G1 Evacuation Pause) 511M->511M(512M) 35.577ms
[2020-08-01T12:15:05.242+0300][7.800s][info ][gc] GC(267) Pause Full (G1 Evacuation Pause) 511M->75M(512M) 47.905ms
[2020-08-01T12:15:05.263+0300][7.821s][info ][gc] GC(268) Pause Young (Normal) (G1 Evacuation Pause) 100M->101M(512M) 10.842ms
[2020-08-01T12:15:05.283+0300][7.841s][info ][gc] GC(269) Pause Young (Normal) (G1 Evacuation Pause) 122M->123M(512M) 11.054ms
[2020-08-01T12:15:05.322+0300][7.880s][info ][gc] GC(270) Pause Young (Normal) (G1 Evacuation Pause) 164M->166M(512M) 10.566ms
[2020-08-01T12:15:05.341+0300][7.899s][info ][gc] GC(271) Pause Young (Normal) (G1 Evacuation Pause) 187M->188M(512M) 10.358ms
[2020-08-01T12:15:05.360+0300][7.918s][info ][gc] GC(272) Pause Young (Normal) (G1 Evacuation Pause) 209M->210M(512M) 10.551ms
[2020-08-01T12:15:05.379+0300][7.937s][info ][gc] GC(273) Pause Young (Normal) (G1 Evacuation Pause) 231M->233M(512M) 10.472ms
[2020-08-01T12:15:05.398+0300][7.955s][info ][gc] GC(274) Pause Young (Concurrent Start) (G1 Evacuation Pause) 254M->255M(512M) 10.515ms
[2020-08-01T12:15:05.398+0300][7.956s][info ][gc] GC(275) Concurrent Cycle
[2020-08-01T12:15:05.418+0300][7.975s][info ][gc] GC(276) Pause Young (Normal) (G1 Evacuation Pause) 276M->278M(512M) 11.144ms
[2020-08-01T12:15:05.455+0300][8.013s][info ][gc] GC(277) Pause Young (Normal) (G1 Evacuation Pause) 319M->321M(512M) 12.973ms
[2020-08-01T12:15:05.475+0300][8.033s][info ][gc] GC(278) Pause Young (Normal) (G1 Evacuation Pause) 342M->344M(512M) 10.632ms
[2020-08-01T12:15:05.500+0300][8.057s][info ][gc] GC(279) Pause Young (Normal) (G1 Evacuation Pause) 365M->367M(512M) 10.699ms
[2020-08-01T12:15:05.521+0300][8.079s][info ][gc] GC(280) Pause Young (Normal) (G1 Evacuation Pause) 388M->389M(512M) 12.960ms
[2020-08-01T12:15:05.543+0300][8.100s][info ][gc] GC(281) Pause Young (Normal) (G1 Evacuation Pause) 410M->411M(512M) 12.338ms
[2020-08-01T12:15:05.553+0300][8.111s][debug][gc] GC(275) Reclaimed 130 empty regions
[2020-08-01T12:15:05.553+0300][8.111s][info ][gc] GC(275) Pause Remark 425M->298M(512M) 0.413ms
[2020-08-01T12:15:05.589+0300][8.146s][info ][gc] GC(282) Pause Young (Normal) (G1 Evacuation Pause) 325M->326M(512M) 10.690ms
[2020-08-01T12:15:05.615+0300][8.173s][info ][gc] GC(283) Pause Young (Normal) (G1 Evacuation Pause) 347M->348M(512M) 10.549ms
[2020-08-01T12:15:05.643+0300][8.201s][info ][gc] GC(284) Pause Young (Normal) (G1 Evacuation Pause) 369M->370M(512M) 10.667ms
[2020-08-01T12:15:05.664+0300][8.222s][info ][gc] GC(285) Pause Young (Normal) (G1 Evacuation Pause) 391M->393M(512M) 12.830ms
[2020-08-01T12:15:05.701+0300][8.259s][info ][gc] GC(286) Pause Young (Normal) (G1 Evacuation Pause) 414M->416M(512M) 11.007ms
[2020-08-01T12:15:05.731+0300][8.289s][info ][gc] GC(287) Pause Young (Normal) (G1 Evacuation Pause) 437M->438M(512M) 12.219ms
[2020-08-01T12:15:05.767+0300][8.325s][info ][gc] GC(275) Pause Cleanup 470M->470M(512M) 0.121ms
[2020-08-01T12:15:05.767+0300][8.325s][info ][gc] GC(275) Concurrent Cycle 369.695ms
[2020-08-01T12:15:05.782+0300][8.339s][info ][gc] GC(288) Pause Young (Normal) (G1 Evacuation Pause) 479M->480M(512M) 10.605ms
[2020-08-01T12:15:05.816+0300][8.374s][info ][gc] GC(289) To-space exhausted
[2020-08-01T12:15:05.816+0300][8.374s][info ][gc] GC(289) Pause Young (Concurrent Start) (G1 Evacuation Pause) 501M->509M(512M) 26.350ms
[2020-08-01T12:15:05.816+0300][8.374s][info ][gc] GC(290) Concurrent Cycle
[2020-08-01T12:15:05.831+0300][8.388s][info ][gc] GC(291) To-space exhausted
[2020-08-01T12:15:05.831+0300][8.388s][info ][gc] GC(291) Pause Young (Normal) (G1 Evacuation Pause) 511M->511M(512M) 10.687ms
[2020-08-01T12:15:05.831+0300][8.389s][debug][gc] GC(292) Clear Next Bitmap 0.493ms
[2020-08-01T12:15:05.870+0300][8.427s][info ][gc] GC(292) Pause Full (G1 Evacuation Pause) 511M->63M(512M) 38.852ms
[2020-08-01T12:15:05.870+0300][8.428s][info ][gc] GC(290) Concurrent Cycle 53.410ms
[2020-08-01T12:15:05.890+0300][8.448s][info ][gc] GC(293) Pause Young (Normal) (G1 Evacuation Pause) 89M->89M(512M) 10.387ms
[2020-08-01T12:15:05.911+0300][8.469s][info ][gc] GC(294) Pause Young (Normal) (G1 Evacuation Pause) 113M->114M(512M) 10.695ms
[2020-08-01T12:15:05.930+0300][8.487s][info ][gc] GC(295) Pause Young (Normal) (G1 Evacuation Pause) 135M->137M(512M) 10.198ms
[2020-08-01T12:15:05.968+0300][8.525s][info ][gc] GC(296) Pause Young (Normal) (G1 Evacuation Pause) 178M->179M(512M) 11.081ms
[2020-08-01T12:15:05.988+0300][8.546s][info ][gc] GC(297) Pause Young (Normal) (G1 Evacuation Pause) 200M->201M(512M) 12.161ms
[2020-08-01T12:15:06.008+0300][8.565s][info ][gc] GC(298) Pause Young (Normal) (G1 Evacuation Pause) 222M->224M(512M) 10.420ms
[2020-08-01T12:15:06.027+0300][8.585s][info ][gc] GC(299) Pause Young (Normal) (G1 Evacuation Pause) 246M->247M(512M) 10.582ms
[2020-08-01T12:15:06.046+0300][8.604s][info ][gc] GC(300) Pause Young (Concurrent Start) (G1 Evacuation Pause) 269M->270M(512M) 10.349ms
[2020-08-01T12:15:06.046+0300][8.604s][info ][gc] GC(301) Concurrent Cycle
[2020-08-01T12:15:06.087+0300][8.645s][info ][gc] GC(302) Pause Young (Normal) (G1 Evacuation Pause) 311M->312M(512M) 9.962ms
[2020-08-01T12:15:06.107+0300][8.664s][info ][gc] GC(303) Pause Young (Normal) (G1 Evacuation Pause) 333M->334M(512M) 10.567ms
[2020-08-01T12:15:06.125+0300][8.683s][info ][gc] GC(304) Pause Young (Normal) (G1 Evacuation Pause) 355M->357M(512M) 9.892ms
[2020-08-01T12:15:06.145+0300][8.703s][info ][gc] GC(305) Pause Young (Normal) (G1 Evacuation Pause) 378M->379M(512M) 10.588ms
[2020-08-01T12:15:06.164+0300][8.722s][info ][gc] GC(306) Pause Young (Normal) (G1 Evacuation Pause) 400M->402M(512M) 9.812ms
[2020-08-01T12:15:06.191+0300][8.749s][debug][gc] GC(301) Reclaimed 132 empty regions
[2020-08-01T12:15:06.191+0300][8.749s][info ][gc] GC(301) Pause Remark 422M->292M(512M) 0.406ms
[2020-08-01T12:15:06.210+0300][8.768s][info ][gc] GC(307) Pause Young (Normal) (G1 Evacuation Pause) 313M->314M(512M) 11.040ms
[2020-08-01T12:15:06.237+0300][8.794s][info ][gc] GC(308) Pause Young (Normal) (G1 Evacuation Pause) 335M->337M(512M) 10.790ms
[2020-08-01T12:15:06.263+0300][8.821s][info ][gc] GC(309) Pause Young (Normal) (G1 Evacuation Pause) 358M->360M(512M) 10.698ms
[2020-08-01T12:15:06.291+0300][8.849s][info ][gc] GC(310) Pause Young (Normal) (G1 Evacuation Pause) 381M->382M(512M) 10.500ms
[2020-08-01T12:15:06.318+0300][8.876s][info ][gc] GC(311) Pause Young (Normal) (G1 Evacuation Pause) 403M->404M(512M) 10.584ms
[2020-08-01T12:15:06.347+0300][8.905s][info ][gc] GC(312) Pause Young (Normal) (G1 Evacuation Pause) 425M->427M(512M) 10.827ms
[2020-08-01T12:15:06.400+0300][8.958s][info ][gc] GC(313) Pause Young (Normal) (G1 Evacuation Pause) 468M->469M(512M) 10.822ms
[2020-08-01T12:15:06.413+0300][8.970s][info ][gc] GC(301) Pause Cleanup 486M->486M(512M) 0.129ms
[2020-08-01T12:15:06.413+0300][8.971s][info ][gc] GC(301) Concurrent Cycle 367.050ms
[2020-08-01T12:15:06.429+0300][8.987s][info ][gc] GC(314) To-space exhausted
[2020-08-01T12:15:06.429+0300][8.987s][info ][gc] GC(314) Pause Young (Normal) (G1 Evacuation Pause) 490M->496M(512M) 14.524ms
[2020-08-01T12:15:06.464+0300][9.022s][info ][gc] GC(315) To-space exhausted
[2020-08-01T12:15:06.465+0300][9.022s][info ][gc] GC(315) Pause Young (Concurrent Start) (G1 Evacuation Pause) 511M->511M(512M) 29.096ms
[2020-08-01T12:15:06.465+0300][9.022s][info ][gc] GC(317) Concurrent Cycle
[2020-08-01T12:15:06.465+0300][9.023s][debug][gc] GC(316) Clear Next Bitmap 0.242ms
[2020-08-01T12:15:06.506+0300][9.064s][info ][gc] GC(316) Pause Full (G1 Evacuation Pause) 511M->69M(512M) 41.200ms
[2020-08-01T12:15:06.506+0300][9.064s][info ][gc] GC(317) Concurrent Cycle 41.525ms
[2020-08-01T12:15:06.533+0300][9.090s][info ][gc] GC(318) Pause Young (Normal) (G1 Evacuation Pause) 99M->100M(512M) 14.624ms
[2020-08-01T12:15:06.555+0300][9.113s][info ][gc] GC(319) Pause Young (Normal) (G1 Evacuation Pause) 125M->126M(512M) 12.291ms
[2020-08-01T12:15:06.639+0300][9.197s][info ][gc] GC(320) Pause Young (Normal) (G1 Evacuation Pause) 167M->169M(512M) 30.653ms
[2020-08-01T12:15:06.664+0300][9.221s][info ][gc] GC(321) Pause Young (Normal) (G1 Evacuation Pause) 190M->191M(512M) 12.243ms
[2020-08-01T12:15:06.684+0300][9.241s][info ][gc] GC(322) Pause Young (Normal) (G1 Evacuation Pause) 212M->213M(512M) 10.508ms
[2020-08-01T12:15:06.702+0300][9.260s][info ][gc] GC(323) Pause Young (Normal) (G1 Evacuation Pause) 234M->236M(512M) 10.344ms
[2020-08-01T12:15:06.721+0300][9.279s][info ][gc] GC(324) Pause Young (Concurrent Start) (G1 Evacuation Pause) 257M->258M(512M) 10.179ms
[2020-08-01T12:15:06.721+0300][9.279s][info ][gc] GC(325) Concurrent Cycle
[2020-08-01T12:15:06.740+0300][9.298s][info ][gc] GC(326) Pause Young (Normal) (G1 Evacuation Pause) 279M->281M(512M) 10.403ms
[2020-08-01T12:15:06.777+0300][9.334s][info ][gc] GC(327) Pause Young (Normal) (G1 Evacuation Pause) 322M->323M(512M) 10.399ms
[2020-08-01T12:15:06.797+0300][9.354s][info ][gc] GC(328) Pause Young (Normal) (G1 Evacuation Pause) 344M->346M(512M) 11.038ms
[2020-08-01T12:15:06.817+0300][9.375s][info ][gc] GC(329) Pause Young (Normal) (G1 Evacuation Pause) 367M->368M(512M) 11.110ms
[2020-08-01T12:15:06.838+0300][9.396s][info ][gc] GC(330) Pause Young (Normal) (G1 Evacuation Pause) 389M->390M(512M) 12.108ms
[2020-08-01T12:15:06.858+0300][9.416s][info ][gc] GC(331) Pause Young (Normal) (G1 Evacuation Pause) 411M->413M(512M) 10.731ms
[2020-08-01T12:15:06.871+0300][9.429s][debug][gc] GC(325) Reclaimed 124 empty regions
[2020-08-01T12:15:06.871+0300][9.429s][info ][gc] GC(325) Pause Remark 424M->303M(512M) 0.410ms
[2020-08-01T12:15:06.898+0300][9.456s][info ][gc] GC(332) Pause Young (Normal) (G1 Evacuation Pause) 333M->335M(512M) 10.419ms
[2020-08-01T12:15:06.919+0300][9.476s][info ][gc] GC(333) Pause Young (Normal) (G1 Evacuation Pause) 356M->357M(512M) 11.776ms
[2020-08-01T12:15:06.951+0300][9.508s][info ][gc] GC(334) Pause Young (Normal) (G1 Evacuation Pause) 378M->380M(512M) 10.648ms
[2020-08-01T12:15:06.981+0300][9.539s][info ][gc] GC(335) Pause Young (Normal) (G1 Evacuation Pause) 401M->402M(512M) 12.911ms
[2020-08-01T12:15:07.009+0300][9.566s][info ][gc] GC(336) Pause Young (Normal) (G1 Evacuation Pause) 423M->424M(512M) 10.632ms
[2020-08-01T12:15:07.052+0300][9.609s][info ][gc] GC(337) Pause Young (Normal) (G1 Evacuation Pause) 465M->467M(512M) 10.968ms
[2020-08-01T12:15:07.078+0300][9.636s][info ][gc] GC(338) To-space exhausted
[2020-08-01T12:15:07.078+0300][9.636s][info ][gc] GC(338) Pause Young (Normal) (G1 Evacuation Pause) 488M->491M(512M) 11.751ms
[2020-08-01T12:15:07.129+0300][9.686s][info ][gc] GC(339) To-space exhausted
[2020-08-01T12:15:07.129+0300][9.686s][info ][gc] GC(339) Pause Young (Normal) (G1 Evacuation Pause) 511M->511M(512M) 33.712ms
[2020-08-01T12:15:07.129+0300][9.687s][debug][gc] GC(340) Clear Next Bitmap 0.329ms
[2020-08-01T12:15:07.165+0300][9.723s][info ][gc] GC(340) Pause Full (G1 Evacuation Pause) 511M->63M(512M) 36.560ms
[2020-08-01T12:15:07.166+0300][9.723s][info ][gc] GC(325) Concurrent Cycle 444.649ms
[2020-08-01T12:15:07.187+0300][9.745s][info ][gc] GC(341) Pause Young (Normal) (G1 Evacuation Pause) 88M->88M(512M) 11.912ms
[2020-08-01T12:15:07.206+0300][9.764s][info ][gc] GC(342) Pause Young (Normal) (G1 Evacuation Pause) 109M->111M(512M) 10.408ms
[2020-08-01T12:15:07.225+0300][9.783s][info ][gc] GC(343) Pause Young (Normal) (G1 Evacuation Pause) 132M->134M(512M) 10.404ms
[2020-08-01T12:15:07.258+0300][9.816s][info ][gc] GC(344) Pause Young (Normal) (G1 Evacuation Pause) 175M->177M(512M) 10.291ms
[2020-08-01T12:15:07.277+0300][9.835s][info ][gc] GC(345) Pause Young (Normal) (G1 Evacuation Pause) 198M->199M(512M) 10.569ms
[2020-08-01T12:15:07.296+0300][9.854s][info ][gc] GC(346) Pause Young (Normal) (G1 Evacuation Pause) 220M->222M(512M) 10.409ms
[2020-08-01T12:15:07.315+0300][9.873s][info ][gc] GC(347) Pause Young (Normal) (G1 Evacuation Pause) 243M->244M(512M) 10.469ms
[2020-08-01T12:15:07.334+0300][9.892s][info ][gc] GC(348) Pause Young (Concurrent Start) (G1 Evacuation Pause) 265M->267M(512M) 10.848ms
[2020-08-01T12:15:07.334+0300][9.892s][info ][gc] GC(349) Concurrent Cycle
[2020-08-01T12:15:07.381+0300][9.938s][info ][gc] GC(350) Pause Young (Normal) (G1 Evacuation Pause) 308M->310M(512M) 12.511ms
[2020-08-01T12:15:07.405+0300][9.963s][info ][gc] GC(351) Pause Young (Normal) (G1 Evacuation Pause) 331M->332M(512M) 13.838ms
[2020-08-01T12:15:07.425+0300][9.983s][info ][gc] GC(352) Pause Young (Normal) (G1 Evacuation Pause) 353M->355M(512M) 11.561ms
[2020-08-01T12:15:07.447+0300][10.005s][info ][gc] GC(353) Pause Young (Normal) (G1 Evacuation Pause) 376M->377M(512M) 13.092ms
[2020-08-01T12:15:07.470+0300][10.028s][info ][gc] GC(354) Pause Young (Normal) (G1 Evacuation Pause) 398M->399M(512M) 11.040ms
[2020-08-01T12:15:07.491+0300][10.049s][info ][gc] GC(355) Pause Young (Normal) (G1 Evacuation Pause) 420M->422M(512M) 11.362ms
[2020-08-01T12:15:07.499+0300][10.056s][debug][gc] GC(349) Reclaimed 129 empty regions
[2020-08-01T12:15:07.499+0300][10.056s][info ][gc] GC(349) Pause Remark 427M->300M(512M) 0.436ms
[2020-08-01T12:15:07.538+0300][10.096s][info ][gc] GC(356) Pause Young (Normal) (G1 Evacuation Pause) 336M->338M(512M) 10.714ms
[2020-08-01T12:15:07.565+0300][10.123s][info ][gc] GC(357) Pause Young (Normal) (G1 Evacuation Pause) 359M->360M(512M) 10.575ms
[2020-08-01T12:15:07.594+0300][10.152s][info ][gc] GC(358) Pause Young (Normal) (G1 Evacuation Pause) 381M->383M(512M) 13.802ms
[2020-08-01T12:15:07.627+0300][10.185s][info ][gc] GC(359) Pause Young (Normal) (G1 Evacuation Pause) 404M->406M(512M) 11.723ms
[2020-08-01T12:15:07.659+0300][10.217s][info ][gc] GC(360) Pause Young (Normal) (G1 Evacuation Pause) 427M->428M(512M) 13.445ms
[2020-08-01T12:15:07.708+0300][10.266s][info ][gc] GC(361) Pause Young (Normal) (G1 Evacuation Pause) 469M->470M(512M) 12.657ms
[2020-08-01T12:15:07.725+0300][10.283s][info ][gc] GC(349) Pause Cleanup 481M->481M(512M) 0.161ms
[2020-08-01T12:15:07.725+0300][10.283s][info ][gc] GC(349) Concurrent Cycle 391.209ms
[2020-08-01T12:15:07.746+0300][10.304s][info ][gc] GC(362) To-space exhausted
[2020-08-01T12:15:07.746+0300][10.304s][info ][gc] GC(362) Pause Young (Normal) (G1 Evacuation Pause) 491M->499M(512M) 16.719ms
[2020-08-01T12:15:07.776+0300][10.334s][info ][gc] GC(363) To-space exhausted
[2020-08-01T12:15:07.776+0300][10.334s][info ][gc] GC(363) Pause Young (Concurrent Start) (G1 Evacuation Pause) 511M->511M(512M) 24.530ms
[2020-08-01T12:15:07.776+0300][10.334s][info ][gc] GC(365) Concurrent Cycle
[2020-08-01T12:15:07.777+0300][10.335s][debug][gc] GC(364) Clear Next Bitmap 0.414ms
[2020-08-01T12:15:07.813+0300][10.371s][info ][gc] GC(364) Pause Full (G1 Evacuation Pause) 511M->61M(512M) 36.281ms
[2020-08-01T12:15:07.813+0300][10.371s][info ][gc] GC(365) Concurrent Cycle 36.678ms
[2020-08-01T12:15:07.837+0300][10.395s][info ][gc] GC(366) Pause Young (Normal) (G1 Evacuation Pause) 88M->88M(512M) 13.231ms
[2020-08-01T12:15:07.860+0300][10.418s][info ][gc] GC(367) Pause Young (Normal) (G1 Evacuation Pause) 111M->112M(512M) 13.806ms
[2020-08-01T12:15:07.879+0300][10.437s][info ][gc] GC(368) Pause Young (Normal) (G1 Evacuation Pause) 133M->134M(512M) 10.864ms
[2020-08-01T12:15:07.912+0300][10.469s][info ][gc] GC(369) Pause Young (Normal) (G1 Evacuation Pause) 175M->177M(512M) 10.654ms
[2020-08-01T12:15:07.931+0300][10.489s][info ][gc] GC(370) Pause Young (Normal) (G1 Evacuation Pause) 198M->199M(512M) 10.894ms
[2020-08-01T12:15:07.949+0300][10.507s][info ][gc] GC(371) Pause Young (Normal) (G1 Evacuation Pause) 220M->222M(512M) 10.214ms
[2020-08-01T12:15:07.968+0300][10.526s][info ][gc] GC(372) Pause Young (Normal) (G1 Evacuation Pause) 243M->244M(512M) 10.043ms
[2020-08-01T12:15:07.987+0300][10.544s][info ][gc] GC(373) Pause Young (Concurrent Start) (G1 Evacuation Pause) 265M->267M(512M) 10.406ms
[2020-08-01T12:15:07.987+0300][10.545s][info ][gc] GC(374) Concurrent Cycle
[2020-08-01T12:15:08.034+0300][10.592s][info ][gc] GC(375) Pause Young (Normal) (G1 Evacuation Pause) 308M->310M(512M) 10.852ms
[2020-08-01T12:15:08.054+0300][10.612s][info ][gc] GC(376) Pause Young (Normal) (G1 Evacuation Pause) 331M->333M(512M) 10.855ms
[2020-08-01T12:15:08.074+0300][10.632s][info ][gc] GC(377) Pause Young (Normal) (G1 Evacuation Pause) 354M->355M(512M) 10.568ms
[2020-08-01T12:15:08.095+0300][10.652s][info ][gc] GC(378) Pause Young (Normal) (G1 Evacuation Pause) 376M->377M(512M) 11.488ms
[2020-08-01T12:15:08.115+0300][10.673s][info ][gc] GC(379) Pause Young (Normal) (G1 Evacuation Pause) 398M->400M(512M) 11.123ms
[2020-08-01T12:15:08.135+0300][10.692s][info ][gc] GC(380) Pause Young (Normal) (G1 Evacuation Pause) 421M->423M(512M) 10.626ms
[2020-08-01T12:15:08.145+0300][10.703s][debug][gc] GC(374) Reclaimed 130 empty regions
[2020-08-01T12:15:08.145+0300][10.703s][info ][gc] GC(374) Pause Remark 426M->298M(512M) 0.413ms
[2020-08-01T12:15:08.175+0300][10.733s][info ][gc] GC(381) Pause Young (Normal) (G1 Evacuation Pause) 335M->337M(512M) 11.022ms
[2020-08-01T12:15:08.204+0300][10.761s][info ][gc] GC(382) Pause Young (Normal) (G1 Evacuation Pause) 358M->359M(512M) 11.136ms
[2020-08-01T12:15:08.230+0300][10.788s][info ][gc] GC(383) Pause Young (Normal) (G1 Evacuation Pause) 380M->382M(512M) 10.821ms
[2020-08-01T12:15:08.259+0300][10.817s][info ][gc] GC(384) Pause Young (Normal) (G1 Evacuation Pause) 403M->404M(512M) 11.612ms
[2020-08-01T12:15:08.289+0300][10.847s][info ][gc] GC(385) Pause Young (Normal) (G1 Evacuation Pause) 425M->427M(512M) 12.952ms
[2020-08-01T12:15:08.329+0300][10.887s][info ][gc] GC(386) Pause Young (Normal) (G1 Evacuation Pause) 468M->469M(512M) 10.540ms
[2020-08-01T12:15:08.360+0300][10.918s][info ][gc] GC(387) To-space exhausted
[2020-08-01T12:15:08.360+0300][10.918s][info ][gc] GC(387) Pause Young (Normal) (G1 Evacuation Pause) 490M->496M(512M) 14.331ms
[2020-08-01T12:15:08.401+0300][10.959s][info ][gc] GC(388) To-space exhausted
[2020-08-01T12:15:08.402+0300][10.959s][info ][gc] GC(388) Pause Young (Normal) (G1 Evacuation Pause) 511M->511M(512M) 27.474ms
[2020-08-01T12:15:08.402+0300][10.960s][debug][gc] GC(389) Clear Next Bitmap 0.304ms
[2020-08-01T12:15:08.441+0300][10.999s][info ][gc] GC(389) Pause Full (G1 Evacuation Pause) 511M->65M(512M) 39.108ms
[2020-08-01T12:15:08.441+0300][10.999s][info ][gc] GC(374) Concurrent Cycle 454.284ms
[2020-08-01T12:15:08.462+0300][11.020s][info ][gc] GC(390) Pause Young (Normal) (G1 Evacuation Pause) 91M->91M(512M) 10.485ms
[2020-08-01T12:15:08.486+0300][11.044s][info ][gc] GC(391) Pause Young (Normal) (G1 Evacuation Pause) 116M->118M(512M) 13.696ms
[2020-08-01T12:15:08.559+0300][11.116s][info ][gc] GC(392) Pause Young (Normal) (G1 Evacuation Pause) 159M->160M(512M) 31.985ms
[2020-08-01T12:15:08.584+0300][11.142s][info ][gc] GC(393) Pause Young (Normal) (G1 Evacuation Pause) 181M->183M(512M) 13.612ms
[2020-08-01T12:15:08.604+0300][11.162s][info ][gc] GC(394) Pause Young (Normal) (G1 Evacuation Pause) 204M->205M(512M) 11.080ms
[2020-08-01T12:15:08.623+0300][11.181s][info ][gc] GC(395) Pause Young (Normal) (G1 Evacuation Pause) 226M->228M(512M) 10.681ms
[2020-08-01T12:15:08.642+0300][11.200s][info ][gc] GC(396) Pause Young (Normal) (G1 Evacuation Pause) 249M->250M(512M) 10.521ms
[2020-08-01T12:15:08.662+0300][11.220s][info ][gc] GC(397) Pause Young (Concurrent Start) (G1 Evacuation Pause) 271M->273M(512M) 10.244ms
[2020-08-01T12:15:08.662+0300][11.220s][info ][gc] GC(398) Concurrent Cycle
[2020-08-01T12:15:08.702+0300][11.260s][info ][gc] GC(399) Pause Young (Normal) (G1 Evacuation Pause) 314M->315M(512M) 11.139ms
[2020-08-01T12:15:08.722+0300][11.280s][info ][gc] GC(400) Pause Young (Normal) (G1 Evacuation Pause) 336M->338M(512M) 11.128ms
[2020-08-01T12:15:08.742+0300][11.300s][info ][gc] GC(401) Pause Young (Normal) (G1 Evacuation Pause) 359M->361M(512M) 10.384ms
[2020-08-01T12:15:08.762+0300][11.319s][info ][gc] GC(402) Pause Young (Normal) (G1 Evacuation Pause) 382M->383M(512M) 10.193ms
[2020-08-01T12:15:08.782+0300][11.340s][info ][gc] GC(403) Pause Young (Normal) (G1 Evacuation Pause) 404M->406M(512M) 11.858ms
[2020-08-01T12:15:08.819+0300][11.377s][info ][gc] GC(404) Pause Young (Normal) (G1 Evacuation Pause) 447M->448M(512M) 10.323ms
[2020-08-01T12:15:08.825+0300][11.383s][debug][gc] GC(398) Reclaimed 134 empty regions
[2020-08-01T12:15:08.825+0300][11.383s][info ][gc] GC(398) Pause Remark 460M->329M(512M) 0.432ms
[2020-08-01T12:15:08.841+0300][11.398s][info ][gc] GC(405) Pause Young (Normal) (G1 Evacuation Pause) 338M->339M(512M) 11.837ms
[2020-08-01T12:15:08.869+0300][11.426s][info ][gc] GC(406) Pause Young (Normal) (G1 Evacuation Pause) 360M->362M(512M) 10.870ms
[2020-08-01T12:15:08.895+0300][11.453s][info ][gc] GC(407) Pause Young (Normal) (G1 Evacuation Pause) 383M->385M(512M) 10.777ms
[2020-08-01T12:15:08.923+0300][11.480s][info ][gc] GC(408) Pause Young (Normal) (G1 Evacuation Pause) 406M->407M(512M) 11.440ms
[2020-08-01T12:15:08.953+0300][11.510s][info ][gc] GC(409) Pause Young (Normal) (G1 Evacuation Pause) 428M->430M(512M) 12.850ms
[2020-08-01T12:15:09.011+0300][11.569s][info ][gc] GC(410) Pause Young (Normal) (G1 Evacuation Pause) 471M->472M(512M) 10.459ms
[2020-08-01T12:15:09.044+0300][11.602s][info ][gc] GC(411) To-space exhausted
[2020-08-01T12:15:09.044+0300][11.602s][info ][gc] GC(411) Pause Young (Normal) (G1 Evacuation Pause) 493M->500M(512M) 17.459ms
[2020-08-01T12:15:09.075+0300][11.633s][info ][gc] GC(412) To-space exhausted
[2020-08-01T12:15:09.075+0300][11.633s][info ][gc] GC(412) Pause Young (Normal) (G1 Evacuation Pause) 511M->511M(512M) 24.991ms
[2020-08-01T12:15:09.076+0300][11.633s][debug][gc] GC(413) Clear Next Bitmap 0.304ms
[2020-08-01T12:15:09.119+0300][11.676s][info ][gc] GC(413) Pause Full (G1 Evacuation Pause) 511M->67M(512M) 43.347ms
[2020-08-01T12:15:09.119+0300][11.677s][info ][gc] GC(398) Concurrent Cycle 456.604ms
[2020-08-01T12:15:09.142+0300][11.699s][info ][gc] GC(414) Pause Young (Normal) (G1 Evacuation Pause) 92M->92M(512M) 12.882ms
[2020-08-01T12:15:09.161+0300][11.719s][info ][gc] GC(415) Pause Young (Normal) (G1 Evacuation Pause) 113M->114M(512M) 10.518ms
[2020-08-01T12:15:09.180+0300][11.738s][info ][gc] GC(416) Pause Young (Normal) (G1 Evacuation Pause) 135M->137M(512M) 10.760ms
[2020-08-01T12:15:09.216+0300][11.774s][info ][gc] GC(417) Pause Young (Normal) (G1 Evacuation Pause) 178M->179M(512M) 10.935ms
[2020-08-01T12:15:09.235+0300][11.793s][info ][gc] GC(418) Pause Young (Normal) (G1 Evacuation Pause) 200M->202M(512M) 10.401ms
[2020-08-01T12:15:09.254+0300][11.812s][info ][gc] GC(419) Pause Young (Normal) (G1 Evacuation Pause) 223M->225M(512M) 10.758ms
[2020-08-01T12:15:09.274+0300][11.832s][info ][gc] GC(420) Pause Young (Normal) (G1 Evacuation Pause) 246M->247M(512M) 11.811ms
[2020-08-01T12:15:09.295+0300][11.853s][info ][gc] GC(421) Pause Young (Concurrent Start) (G1 Evacuation Pause) 268M->270M(512M) 11.966ms
[2020-08-01T12:15:09.295+0300][11.853s][info ][gc] GC(422) Concurrent Cycle
[2020-08-01T12:15:09.340+0300][11.898s][info ][gc] GC(423) Pause Young (Normal) (G1 Evacuation Pause) 311M->312M(512M) 13.093ms
[2020-08-01T12:15:09.360+0300][11.918s][info ][gc] GC(424) Pause Young (Normal) (G1 Evacuation Pause) 333M->334M(512M) 10.813ms
[2020-08-01T12:15:09.383+0300][11.941s][info ][gc] GC(425) Pause Young (Normal) (G1 Evacuation Pause) 355M->357M(512M) 13.923ms
[2020-08-01T12:15:09.406+0300][11.964s][info ][gc] GC(426) Pause Young (Normal) (G1 Evacuation Pause) 378M->379M(512M) 13.446ms
[2020-08-01T12:15:09.428+0300][11.985s][info ][gc] GC(427) Pause Young (Normal) (G1 Evacuation Pause) 400M->402M(512M) 12.372ms
[2020-08-01T12:15:09.448+0300][12.006s][info ][gc] GC(428) Pause Young (Normal) (G1 Evacuation Pause) 423M->424M(512M) 11.454ms
[2020-08-01T12:15:09.463+0300][12.021s][debug][gc] GC(422) Reclaimed 131 empty regions
[2020-08-01T12:15:09.463+0300][12.021s][info ][gc] GC(422) Pause Remark 425M->298M(512M) 0.446ms
[2020-08-01T12:15:09.496+0300][12.053s][info ][gc] GC(429) Pause Young (Normal) (G1 Evacuation Pause) 337M->338M(512M) 11.363ms
[2020-08-01T12:15:09.525+0300][12.082s][info ][gc] GC(430) Pause Young (Normal) (G1 Evacuation Pause) 359M->361M(512M) 10.466ms
[2020-08-01T12:15:09.555+0300][12.112s][info ][gc] GC(431) Pause Young (Normal) (G1 Evacuation Pause) 382M->383M(512M) 13.125ms
[2020-08-01T12:15:09.587+0300][12.145s][info ][gc] GC(432) Pause Young (Normal) (G1 Evacuation Pause) 404M->406M(512M) 11.722ms
[2020-08-01T12:15:09.617+0300][12.175s][info ][gc] GC(433) Pause Young (Normal) (G1 Evacuation Pause) 427M->429M(512M) 11.279ms
[2020-08-01T12:15:09.670+0300][12.228s][info ][gc] GC(434) Pause Young (Normal) (G1 Evacuation Pause) 470M->471M(512M) 13.011ms
[2020-08-01T12:15:09.702+0300][12.260s][info ][gc] GC(435) To-space exhausted
[2020-08-01T12:15:09.702+0300][12.260s][info ][gc] GC(435) Pause Young (Normal) (G1 Evacuation Pause) 492M->499M(512M) 18.150ms
[2020-08-01T12:15:09.711+0300][12.269s][info ][gc] GC(422) Pause Cleanup 500M->500M(512M) 0.274ms
[2020-08-01T12:15:09.712+0300][12.270s][info ][gc] GC(422) Concurrent Cycle 416.975ms
[2020-08-01T12:15:09.743+0300][12.300s][info ][gc] GC(436) To-space exhausted
[2020-08-01T12:15:09.743+0300][12.300s][info ][gc] GC(436) Pause Young (Normal) (G1 Evacuation Pause) 511M->511M(512M) 24.793ms
[2020-08-01T12:15:09.783+0300][12.340s][info ][gc] GC(437) Pause Full (G1 Evacuation Pause) 511M->64M(512M) 39.715ms
[2020-08-01T12:15:09.806+0300][12.364s][info ][gc] GC(438) Pause Young (Normal) (G1 Evacuation Pause) 90M->90M(512M) 12.653ms
[2020-08-01T12:15:09.829+0300][12.387s][info ][gc] GC(439) Pause Young (Normal) (G1 Evacuation Pause) 112M->114M(512M) 14.040ms
[2020-08-01T12:15:09.853+0300][12.411s][info ][gc] GC(440) Pause Young (Normal) (G1 Evacuation Pause) 135M->136M(512M) 14.754ms
[2020-08-01T12:15:09.899+0300][12.457s][info ][gc] GC(441) Pause Young (Normal) (G1 Evacuation Pause) 177M->178M(512M) 11.871ms
[2020-08-01T12:15:09.923+0300][12.480s][info ][gc] GC(442) Pause Young (Normal) (G1 Evacuation Pause) 199M->200M(512M) 14.814ms
[2020-08-01T12:15:09.945+0300][12.502s][info ][gc] GC(443) Pause Young (Normal) (G1 Evacuation Pause) 221M->223M(512M) 13.287ms
[2020-08-01T12:15:09.967+0300][12.525s][info ][gc] GC(444) Pause Young (Normal) (G1 Evacuation Pause) 244M->245M(512M) 13.991ms
[2020-08-01T12:15:09.989+0300][12.547s][info ][gc] GC(445) Pause Young (Concurrent Start) (G1 Evacuation Pause) 266M->267M(512M) 13.271ms
[2020-08-01T12:15:09.989+0300][12.547s][info ][gc] GC(446) Concurrent Cycle
[2020-08-01T12:15:10.042+0300][12.599s][info ][gc] GC(447) Pause Young (Normal) (G1 Evacuation Pause) 308M->309M(512M) 13.893ms
[2020-08-01T12:15:10.063+0300][12.621s][info ][gc] GC(448) Pause Young (Normal) (G1 Evacuation Pause) 330M->331M(512M) 11.576ms
[2020-08-01T12:15:10.086+0300][12.644s][info ][gc] GC(449) Pause Young (Normal) (G1 Evacuation Pause) 352M->354M(512M) 13.034ms
[2020-08-01T12:15:10.109+0300][12.667s][info ][gc] GC(450) Pause Young (Normal) (G1 Evacuation Pause) 375M->376M(512M) 13.047ms
[2020-08-01T12:15:10.133+0300][12.690s][info ][gc] GC(451) Pause Young (Normal) (G1 Evacuation Pause) 397M->398M(512M) 14.117ms
[2020-08-01T12:15:10.155+0300][12.712s][info ][gc] GC(452) Pause Young (Normal) (G1 Evacuation Pause) 419M->421M(512M) 12.867ms
[2020-08-01T12:15:10.165+0300][12.723s][debug][gc] GC(446) Reclaimed 129 empty regions
[2020-08-01T12:15:10.165+0300][12.723s][info ][gc] GC(446) Pause Remark 423M->296M(512M) 0.490ms
[2020-08-01T12:15:10.198+0300][12.755s][info ][gc] GC(453) Pause Young (Normal) (G1 Evacuation Pause) 335M->337M(512M) 11.593ms
[2020-08-01T12:15:10.229+0300][12.786s][info ][gc] GC(454) Pause Young (Normal) (G1 Evacuation Pause) 358M->360M(512M) 12.233ms
[2020-08-01T12:15:10.258+0300][12.815s][info ][gc] GC(455) Pause Young (Normal) (G1 Evacuation Pause) 381M->382M(512M) 13.418ms
[2020-08-01T12:15:10.294+0300][12.851s][info ][gc] GC(456) Pause Young (Normal) (G1 Evacuation Pause) 403M->404M(512M) 10.563ms
[2020-08-01T12:15:10.322+0300][12.880s][info ][gc] GC(457) Pause Young (Normal) (G1 Evacuation Pause) 425M->427M(512M) 11.559ms
[2020-08-01T12:15:10.378+0300][12.936s][info ][gc] GC(458) Pause Young (Normal) (G1 Evacuation Pause) 468M->469M(512M) 11.488ms
[2020-08-01T12:15:10.410+0300][12.968s][info ][gc] GC(459) To-space exhausted
[2020-08-01T12:15:10.410+0300][12.968s][info ][gc] GC(459) Pause Young (Normal) (G1 Evacuation Pause) 490M->497M(512M) 15.104ms
[2020-08-01T12:15:10.443+0300][13.001s][info ][gc] GC(460) To-space exhausted
[2020-08-01T12:15:10.443+0300][13.001s][info ][gc] GC(460) Pause Young (Normal) (G1 Evacuation Pause) 511M->511M(512M) 25.259ms
[2020-08-01T12:15:10.443+0300][13.001s][debug][gc] GC(461) Clear Next Bitmap 0.329ms
[2020-08-01T12:15:10.481+0300][13.039s][info ][gc] GC(461) Pause Full (G1 Evacuation Pause) 511M->66M(512M) 38.479ms
[2020-08-01T12:15:10.482+0300][13.039s][info ][gc] GC(446) Concurrent Cycle 492.372ms
[2020-08-01T12:15:10.503+0300][13.061s][info ][gc] GC(462) Pause Young (Normal) (G1 Evacuation Pause) 91M->91M(512M) 11.008ms
[2020-08-01T12:15:10.522+0300][13.080s][info ][gc] GC(463) Pause Young (Normal) (G1 Evacuation Pause) 112M->114M(512M) 10.533ms
[2020-08-01T12:15:10.541+0300][13.099s][info ][gc] GC(464) Pause Young (Normal) (G1 Evacuation Pause) 135M->136M(512M) 10.495ms
[2020-08-01T12:15:10.596+0300][13.153s][info ][gc] GC(465) Pause Young (Normal) (G1 Evacuation Pause) 177M->178M(512M) 15.023ms
[2020-08-01T12:15:10.616+0300][13.174s][info ][gc] GC(466) Pause Young (Normal) (G1 Evacuation Pause) 199M->201M(512M) 10.666ms
[2020-08-01T12:15:10.637+0300][13.195s][info ][gc] GC(467) Pause Young (Normal) (G1 Evacuation Pause) 222M->223M(512M) 12.445ms
[2020-08-01T12:15:10.657+0300][13.214s][info ][gc] GC(468) Pause Young (Normal) (G1 Evacuation Pause) 244M->245M(512M) 10.729ms
[2020-08-01T12:15:10.676+0300][13.233s][info ][gc] GC(469) Pause Young (Concurrent Start) (G1 Evacuation Pause) 266M->268M(512M) 10.540ms
[2020-08-01T12:15:10.676+0300][13.233s][info ][gc] GC(470) Concurrent Cycle
[2020-08-01T12:15:10.717+0300][13.275s][info ][gc] GC(471) Pause Young (Normal) (G1 Evacuation Pause) 309M->311M(512M) 11.635ms
[2020-08-01T12:15:10.740+0300][13.297s][info ][gc] GC(472) Pause Young (Normal) (G1 Evacuation Pause) 332M->333M(512M) 12.797ms
[2020-08-01T12:15:10.760+0300][13.318s][info ][gc] GC(473) Pause Young (Normal) (G1 Evacuation Pause) 354M->356M(512M) 10.519ms
[2020-08-01T12:15:10.780+0300][13.338s][info ][gc] GC(474) Pause Young (Normal) (G1 Evacuation Pause) 377M->379M(512M) 10.414ms
[2020-08-01T12:15:10.800+0300][13.358s][info ][gc] GC(475) Pause Young (Normal) (G1 Evacuation Pause) 400M->401M(512M) 10.748ms
[2020-08-01T12:15:10.820+0300][13.377s][info ][gc] GC(476) Pause Young (Normal) (G1 Evacuation Pause) 422M->424M(512M) 10.585ms
[2020-08-01T12:15:10.835+0300][13.393s][debug][gc] GC(470) Reclaimed 132 empty regions
[2020-08-01T12:15:10.835+0300][13.393s][info ][gc] GC(470) Pause Remark 426M->297M(512M) 0.416ms
[2020-08-01T12:15:10.860+0300][13.418s][info ][gc] GC(477) Pause Young (Normal) (G1 Evacuation Pause) 335M->337M(512M) 10.807ms
[2020-08-01T12:15:10.887+0300][13.445s][info ][gc] GC(478) Pause Young (Normal) (G1 Evacuation Pause) 358M->359M(512M) 10.946ms
[2020-08-01T12:15:10.915+0300][13.472s][info ][gc] GC(479) Pause Young (Normal) (G1 Evacuation Pause) 380M->381M(512M) 10.323ms
[2020-08-01T12:15:10.943+0300][13.501s][info ][gc] GC(480) Pause Young (Normal) (G1 Evacuation Pause) 402M->403M(512M) 12.179ms
[2020-08-01T12:15:10.971+0300][13.528s][info ][gc] GC(481) Pause Young (Normal) (G1 Evacuation Pause) 424M->426M(512M) 10.821ms
[2020-08-01T12:15:11.029+0300][13.587s][info ][gc] GC(482) Pause Young (Normal) (G1 Evacuation Pause) 467M->469M(512M) 12.187ms
[2020-08-01T12:15:11.053+0300][13.611s][info ][gc] GC(483) To-space exhausted
[2020-08-01T12:15:11.054+0300][13.611s][info ][gc] GC(483) Pause Young (Normal) (G1 Evacuation Pause) 490M->498M(512M) 15.656ms
[2020-08-01T12:15:11.099+0300][13.657s][info ][gc] GC(484) To-space exhausted
[2020-08-01T12:15:11.099+0300][13.657s][info ][gc] GC(484) Pause Young (Normal) (G1 Evacuation Pause) 511M->511M(512M) 29.309ms
[2020-08-01T12:15:11.100+0300][13.657s][debug][gc] GC(485) Clear Next Bitmap 0.274ms
[2020-08-01T12:15:11.140+0300][13.698s][info ][gc] GC(485) Pause Full (G1 Evacuation Pause) 511M->64M(512M) 41.122ms
[2020-08-01T12:15:11.141+0300][13.699s][info ][gc] GC(470) Concurrent Cycle 465.152ms
[2020-08-01T12:15:11.163+0300][13.721s][info ][gc] GC(486) Pause Young (Normal) (G1 Evacuation Pause) 89M->89M(512M) 11.912ms
[2020-08-01T12:15:11.184+0300][13.742s][info ][gc] GC(487) Pause Young (Normal) (G1 Evacuation Pause) 112M->114M(512M) 11.537ms
[2020-08-01T12:15:11.208+0300][13.766s][info ][gc] GC(488) Pause Young (Normal) (G1 Evacuation Pause) 135M->137M(512M) 14.852ms
[2020-08-01T12:15:11.253+0300][13.810s][info ][gc] GC(489) Pause Young (Normal) (G1 Evacuation Pause) 178M->179M(512M) 14.332ms
[2020-08-01T12:15:11.276+0300][13.834s][info ][gc] GC(490) Pause Young (Normal) (G1 Evacuation Pause) 200M->201M(512M) 13.942ms
[2020-08-01T12:15:11.299+0300][13.856s][info ][gc] GC(491) Pause Young (Normal) (G1 Evacuation Pause) 222M->223M(512M) 12.775ms
[2020-08-01T12:15:11.320+0300][13.877s][info ][gc] GC(492) Pause Young (Normal) (G1 Evacuation Pause) 244M->246M(512M) 12.460ms
[2020-08-01T12:15:11.343+0300][13.901s][info ][gc] GC(493) Pause Young (Concurrent Start) (G1 Evacuation Pause) 267M->269M(512M) 14.636ms
[2020-08-01T12:15:11.343+0300][13.901s][info ][gc] GC(494) Concurrent Cycle
[2020-08-01T12:15:11.391+0300][13.949s][info ][gc] GC(495) Pause Young (Normal) (G1 Evacuation Pause) 310M->311M(512M) 13.145ms
[2020-08-01T12:15:11.413+0300][13.971s][info ][gc] GC(496) Pause Young (Normal) (G1 Evacuation Pause) 332M->333M(512M) 10.775ms
[2020-08-01T12:15:11.435+0300][13.993s][info ][gc] GC(497) Pause Young (Normal) (G1 Evacuation Pause) 354M->355M(512M) 12.304ms
[2020-08-01T12:15:11.455+0300][14.013s][info ][gc] GC(498) Pause Young (Normal) (G1 Evacuation Pause) 376M->378M(512M) 10.850ms
[2020-08-01T12:15:11.475+0300][14.033s][info ][gc] GC(499) Pause Young (Normal) (G1 Evacuation Pause) 399M->400M(512M) 11.121ms
[2020-08-01T12:15:11.497+0300][14.054s][info ][gc] GC(500) Pause Young (Normal) (G1 Evacuation Pause) 421M->423M(512M) 11.983ms
[2020-08-01T12:15:11.510+0300][14.068s][debug][gc] GC(494) Reclaimed 132 empty regions
[2020-08-01T12:15:11.510+0300][14.068s][info ][gc] GC(494) Pause Remark 445M->315M(512M) 0.518ms
[2020-08-01T12:15:11.531+0300][14.089s][info ][gc] GC(501) Pause Young (Normal) (G1 Evacuation Pause) 334M->335M(512M) 11.048ms
[2020-08-01T12:15:11.558+0300][14.115s][info ][gc] GC(502) Pause Young (Normal) (G1 Evacuation Pause) 356M->357M(512M) 10.330ms
[2020-08-01T12:15:11.585+0300][14.142s][info ][gc] GC(503) Pause Young (Normal) (G1 Evacuation Pause) 378M->380M(512M) 10.700ms
[2020-08-01T12:15:11.613+0300][14.170s][info ][gc] GC(504) Pause Young (Normal) (G1 Evacuation Pause) 401M->403M(512M) 11.643ms
[2020-08-01T12:15:11.642+0300][14.200s][info ][gc] GC(505) Pause Young (Normal) (G1 Evacuation Pause) 424M->425M(512M) 10.706ms
[2020-08-01T12:15:11.701+0300][14.259s][info ][gc] GC(506) Pause Young (Normal) (G1 Evacuation Pause) 466M->468M(512M) 12.706ms
[2020-08-01T12:15:11.733+0300][14.290s][info ][gc] GC(507) To-space exhausted
[2020-08-01T12:15:11.733+0300][14.290s][info ][gc] GC(507) Pause Young (Normal) (G1 Evacuation Pause) 489M->494M(512M) 15.459ms
[2020-08-01T12:15:11.778+0300][14.336s][info ][gc] GC(508) To-space exhausted
[2020-08-01T12:15:11.778+0300][14.336s][info ][gc] GC(508) Pause Young (Normal) (G1 Evacuation Pause) 511M->511M(512M) 31.316ms
[2020-08-01T12:15:11.779+0300][14.337s][debug][gc] GC(509) Clear Next Bitmap 0.342ms
[2020-08-01T12:15:11.821+0300][14.379s][info ][gc] GC(509) Pause Full (G1 Evacuation Pause) 511M->69M(512M) 42.851ms
[2020-08-01T12:15:11.822+0300][14.380s][info ][gc] GC(494) Concurrent Cycle 478.311ms
[2020-08-01T12:15:11.849+0300][14.407s][info ][gc] GC(510) Pause Young (Normal) (G1 Evacuation Pause) 94M->94M(512M) 15.966ms
[2020-08-01T12:15:11.870+0300][14.428s][info ][gc] GC(511) Pause Young (Normal) (G1 Evacuation Pause) 116M->117M(512M) 11.024ms
[2020-08-01T12:15:11.924+0300][14.482s][info ][gc] GC(512) Pause Young (Normal) (G1 Evacuation Pause) 158M->159M(512M) 20.715ms
[2020-08-01T12:15:11.946+0300][14.504s][info ][gc] GC(513) Pause Young (Normal) (G1 Evacuation Pause) 180M->181M(512M) 11.188ms
[2020-08-01T12:15:11.966+0300][14.524s][info ][gc] GC(514) Pause Young (Normal) (G1 Evacuation Pause) 202M->204M(512M) 10.830ms
[2020-08-01T12:15:11.986+0300][14.544s][info ][gc] GC(515) Pause Young (Normal) (G1 Evacuation Pause) 225M->227M(512M) 11.455ms
[2020-08-01T12:15:12.005+0300][14.563s][info ][gc] GC(516) Pause Young (Normal) (G1 Evacuation Pause) 248M->249M(512M) 10.641ms
[2020-08-01T12:15:12.025+0300][14.583s][info ][gc] GC(517) Pause Young (Concurrent Start) (G1 Evacuation Pause) 270M->272M(512M) 10.888ms
[2020-08-01T12:15:12.025+0300][14.583s][info ][gc] GC(518) Concurrent Cycle
[2020-08-01T12:15:12.072+0300][14.630s][info ][gc] GC(519) Pause Young (Normal) (G1 Evacuation Pause) 313M->313M(512M) 11.041ms
[2020-08-01T12:15:12.094+0300][14.652s][info ][gc] GC(520) Pause Young (Normal) (G1 Evacuation Pause) 334M->335M(512M) 11.001ms
[2020-08-01T12:15:12.116+0300][14.674s][info ][gc] GC(521) Pause Young (Normal) (G1 Evacuation Pause) 356M->357M(512M) 10.487ms
[2020-08-01T12:15:12.140+0300][14.697s][info ][gc] GC(522) Pause Young (Normal) (G1 Evacuation Pause) 378M->380M(512M) 11.643ms
[2020-08-01T12:15:12.162+0300][14.720s][info ][gc] GC(523) Pause Young (Normal) (G1 Evacuation Pause) 401M->401M(512M) 11.672ms
[2020-08-01T12:15:12.183+0300][14.740s][info ][gc] GC(524) Pause Young (Normal) (G1 Evacuation Pause) 422M->424M(512M) 10.742ms
[2020-08-01T12:15:12.192+0300][14.750s][debug][gc] GC(518) Reclaimed 132 empty regions
[2020-08-01T12:15:12.192+0300][14.750s][info ][gc] GC(518) Pause Remark 425M->296M(512M) 0.486ms
[2020-08-01T12:15:12.229+0300][14.787s][info ][gc] GC(525) Pause Young (Normal) (G1 Evacuation Pause) 335M->336M(512M) 12.477ms
[2020-08-01T12:15:12.255+0300][14.813s][info ][gc] GC(526) Pause Young (Normal) (G1 Evacuation Pause) 357M->358M(512M) 13.239ms
[2020-08-01T12:15:12.290+0300][14.848s][info ][gc] GC(527) Pause Young (Normal) (G1 Evacuation Pause) 379M->381M(512M) 15.413ms
[2020-08-01T12:15:12.325+0300][14.883s][info ][gc] GC(528) Pause Young (Normal) (G1 Evacuation Pause) 402M->403M(512M) 14.866ms
[2020-08-01T12:15:12.357+0300][14.915s][info ][gc] GC(529) Pause Young (Normal) (G1 Evacuation Pause) 424M->425M(512M) 10.821ms
[2020-08-01T12:15:12.411+0300][14.969s][info ][gc] GC(530) Pause Young (Normal) (G1 Evacuation Pause) 466M->467M(512M) 11.066ms
[2020-08-01T12:15:12.424+0300][14.982s][info ][gc] GC(518) Pause Cleanup 479M->479M(512M) 0.125ms
[2020-08-01T12:15:12.425+0300][14.983s][info ][gc] GC(518) Concurrent Cycle 400.243ms
[2020-08-01T12:15:12.443+0300][15.001s][info ][gc] GC(531) To-space exhausted
[2020-08-01T12:15:12.443+0300][15.001s][info ][gc] GC(531) Pause Young (Normal) (G1 Evacuation Pause) 488M->494M(512M) 14.615ms
[2020-08-01T12:15:12.483+0300][15.041s][info ][gc] GC(532) To-space exhausted
[2020-08-01T12:15:12.483+0300][15.041s][info ][gc] GC(532) Pause Young (Concurrent Start) (G1 Evacuation Pause) 511M->511M(512M) 32.392ms
[2020-08-01T12:15:12.483+0300][15.041s][info ][gc] GC(534) Concurrent Cycle
[2020-08-01T12:15:12.483+0300][15.041s][debug][gc] GC(533) Clear Next Bitmap 0.208ms
[2020-08-01T12:15:12.528+0300][15.086s][info ][gc] GC(533) Pause Full (G1 Evacuation Pause) 511M->69M(512M) 45.419ms
[2020-08-01T12:15:12.529+0300][15.086s][info ][gc] GC(534) Concurrent Cycle 45.761ms
[2020-08-01T12:15:12.550+0300][15.108s][info ][gc] GC(535) Pause Young (Normal) (G1 Evacuation Pause) 94M->94M(512M) 11.798ms
[2020-08-01T12:15:12.571+0300][15.129s][info ][gc] GC(536) Pause Young (Normal) (G1 Evacuation Pause) 116M->117M(512M) 11.777ms
[2020-08-01T12:15:12.641+0300][15.199s][info ][gc] GC(537) Pause Young (Normal) (G1 Evacuation Pause) 158M->160M(512M) 30.971ms
[2020-08-01T12:15:12.668+0300][15.226s][info ][gc] GC(538) Pause Young (Normal) (G1 Evacuation Pause) 181M->183M(512M) 14.547ms
[2020-08-01T12:15:12.690+0300][15.248s][info ][gc] GC(539) Pause Young (Normal) (G1 Evacuation Pause) 204M->205M(512M) 12.026ms
[2020-08-01T12:15:12.711+0300][15.269s][info ][gc] GC(540) Pause Young (Normal) (G1 Evacuation Pause) 226M->228M(512M) 11.849ms
[2020-08-01T12:15:12.731+0300][15.289s][info ][gc] GC(541) Pause Young (Normal) (G1 Evacuation Pause) 249M->250M(512M) 11.060ms
[2020-08-01T12:15:12.752+0300][15.309s][info ][gc] GC(542) Pause Young (Concurrent Start) (G1 Evacuation Pause) 271M->273M(512M) 11.250ms
[2020-08-01T12:15:12.752+0300][15.309s][info ][gc] GC(543) Concurrent Cycle
[2020-08-01T12:15:12.788+0300][15.346s][info ][gc] GC(544) Pause Young (Normal) (G1 Evacuation Pause) 314M->315M(512M) 10.560ms
[2020-08-01T12:15:12.808+0300][15.366s][info ][gc] GC(545) Pause Young (Normal) (G1 Evacuation Pause) 336M->338M(512M) 11.911ms
[2020-08-01T12:15:12.828+0300][15.386s][info ][gc] GC(546) Pause Young (Normal) (G1 Evacuation Pause) 359M->360M(512M) 10.979ms
[2020-08-01T12:15:12.849+0300][15.407s][info ][gc] GC(547) Pause Young (Normal) (G1 Evacuation Pause) 381M->383M(512M) 11.248ms
[2020-08-01T12:15:12.869+0300][15.426s][info ][gc] GC(548) Pause Young (Normal) (G1 Evacuation Pause) 404M->406M(512M) 10.965ms
[2020-08-01T12:15:12.907+0300][15.465s][info ][gc] GC(549) Pause Young (Normal) (G1 Evacuation Pause) 447M->449M(512M) 10.618ms
[2020-08-01T12:15:12.914+0300][15.472s][debug][gc] GC(543) Reclaimed 133 empty regions
[2020-08-01T12:15:12.914+0300][15.472s][info ][gc] GC(543) Pause Remark 462M->332M(512M) 0.604ms
[2020-08-01T12:15:12.928+0300][15.486s][info ][gc] GC(550) Pause Young (Normal) (G1 Evacuation Pause) 339M->340M(512M) 10.893ms
[2020-08-01T12:15:12.954+0300][15.512s][info ][gc] GC(551) Pause Young (Normal) (G1 Evacuation Pause) 361M->362M(512M) 11.332ms
[2020-08-01T12:15:12.984+0300][15.542s][info ][gc] GC(552) Pause Young (Normal) (G1 Evacuation Pause) 383M->385M(512M) 11.108ms
[2020-08-01T12:15:13.012+0300][15.570s][info ][gc] GC(553) Pause Young (Normal) (G1 Evacuation Pause) 406M->407M(512M) 12.438ms
[2020-08-01T12:15:13.043+0300][15.601s][info ][gc] GC(554) Pause Young (Normal) (G1 Evacuation Pause) 428M->430M(512M) 11.912ms
[2020-08-01T12:15:13.099+0300][15.657s][info ][gc] GC(555) Pause Young (Normal) (G1 Evacuation Pause) 471M->472M(512M) 11.116ms
[2020-08-01T12:15:13.138+0300][15.695s][info ][gc] GC(556) To-space exhausted
[2020-08-01T12:15:13.138+0300][15.695s][info ][gc] GC(556) Pause Young (Normal) (G1 Evacuation Pause) 493M->498M(512M) 19.347ms
[2020-08-01T12:15:13.176+0300][15.734s][info ][gc] GC(557) To-space exhausted
[2020-08-01T12:15:13.177+0300][15.734s][info ][gc] GC(557) Pause Young (Normal) (G1 Evacuation Pause) 511M->511M(512M) 24.563ms
[2020-08-01T12:15:13.177+0300][15.735s][debug][gc] GC(558) Clear Next Bitmap 0.304ms
[2020-08-01T12:15:13.226+0300][15.784s][info ][gc] GC(558) Pause Full (G1 Evacuation Pause) 511M->68M(512M) 49.769ms
[2020-08-01T12:15:13.227+0300][15.784s][info ][gc] GC(543) Concurrent Cycle 475.044ms
[2020-08-01T12:15:13.251+0300][15.809s][info ][gc] GC(559) Pause Young (Normal) (G1 Evacuation Pause) 93M->93M(512M) 13.895ms
[2020-08-01T12:15:13.271+0300][15.829s][info ][gc] GC(560) Pause Young (Normal) (G1 Evacuation Pause) 114M->115M(512M) 10.985ms
[2020-08-01T12:15:13.292+0300][15.850s][info ][gc] GC(561) Pause Young (Normal) (G1 Evacuation Pause) 136M->137M(512M) 12.163ms
[2020-08-01T12:15:13.346+0300][15.904s][info ][gc] GC(562) Pause Young (Normal) (G1 Evacuation Pause) 178M->179M(512M) 14.794ms
[2020-08-01T12:15:13.367+0300][15.924s][info ][gc] GC(563) Pause Young (Normal) (G1 Evacuation Pause) 200M->202M(512M) 10.472ms
[2020-08-01T12:15:13.386+0300][15.943s][info ][gc] GC(564) Pause Young (Normal) (G1 Evacuation Pause) 223M->225M(512M) 10.511ms
[2020-08-01T12:15:13.405+0300][15.963s][info ][gc] GC(565) Pause Young (Normal) (G1 Evacuation Pause) 246M->247M(512M) 11.181ms
[2020-08-01T12:15:13.425+0300][15.982s][info ][gc] GC(566) Pause Young (Concurrent Start) (G1 Evacuation Pause) 268M->269M(512M) 10.786ms
[2020-08-01T12:15:13.425+0300][15.983s][info ][gc] GC(567) Concurrent Cycle
[2020-08-01T12:15:13.465+0300][16.023s][info ][gc] GC(568) Pause Young (Normal) (G1 Evacuation Pause) 310M->312M(512M) 10.168ms
[2020-08-01T12:15:13.485+0300][16.043s][info ][gc] GC(569) Pause Young (Normal) (G1 Evacuation Pause) 333M->334M(512M) 10.965ms
[2020-08-01T12:15:13.504+0300][16.062s][info ][gc] GC(570) Pause Young (Normal) (G1 Evacuation Pause) 355M->356M(512M) 10.456ms
[2020-08-01T12:15:13.523+0300][16.081s][info ][gc] GC(571) Pause Young (Normal) (G1 Evacuation Pause) 377M->378M(512M) 10.316ms
[2020-08-01T12:15:13.542+0300][16.100s][info ][gc] GC(572) Pause Young (Normal) (G1 Evacuation Pause) 399M->401M(512M) 9.950ms
[2020-08-01T12:15:13.562+0300][16.119s][info ][gc] GC(573) Pause Young (Normal) (G1 Evacuation Pause) 422M->423M(512M) 11.000ms
[2020-08-01T12:15:13.580+0300][16.138s][debug][gc] GC(567) Reclaimed 125 empty regions
[2020-08-01T12:15:13.580+0300][16.138s][info ][gc] GC(567) Pause Remark 448M->326M(512M) 0.539ms
[2020-08-01T12:15:13.599+0300][16.157s][info ][gc] GC(574) Pause Young (Normal) (G1 Evacuation Pause) 342M->344M(512M) 11.624ms
[2020-08-01T12:15:13.630+0300][16.188s][info ][gc] GC(575) Pause Young (Normal) (G1 Evacuation Pause) 365M->366M(512M) 11.201ms
[2020-08-01T12:15:13.660+0300][16.218s][info ][gc] GC(576) Pause Young (Normal) (G1 Evacuation Pause) 387M->389M(512M) 11.016ms
[2020-08-01T12:15:13.687+0300][16.245s][info ][gc] GC(577) Pause Young (Normal) (G1 Evacuation Pause) 410M->412M(512M) 11.353ms
[2020-08-01T12:15:13.719+0300][16.277s][info ][gc] GC(578) Pause Young (Normal) (G1 Evacuation Pause) 433M->434M(512M) 13.095ms
[2020-08-01T12:15:13.766+0300][16.324s][info ][gc] GC(579) Pause Young (Normal) (G1 Evacuation Pause) 475M->476M(512M) 12.501ms
[2020-08-01T12:15:13.811+0300][16.369s][info ][gc] GC(580) To-space exhausted
[2020-08-01T12:15:13.812+0300][16.369s][info ][gc] GC(580) Pause Young (Normal) (G1 Evacuation Pause) 497M->505M(512M) 23.227ms
[2020-08-01T12:15:13.842+0300][16.399s][info ][gc] GC(581) To-space exhausted
[2020-08-01T12:15:13.842+0300][16.400s][info ][gc] GC(581) Pause Young (Normal) (G1 Evacuation Pause) 511M->511M(512M) 16.813ms
[2020-08-01T12:15:13.842+0300][16.400s][debug][gc] GC(582) Clear Next Bitmap 0.319ms
[2020-08-01T12:15:13.879+0300][16.437s][info ][gc] GC(582) Pause Full (G1 Evacuation Pause) 511M->59M(512M) 37.215ms
[2020-08-01T12:15:13.879+0300][16.437s][info ][gc] GC(567) Concurrent Cycle 454.562ms
[2020-08-01T12:15:13.901+0300][16.458s][info ][gc] GC(583) Pause Young (Normal) (G1 Evacuation Pause) 84M->84M(512M) 10.930ms
[2020-08-01T12:15:13.921+0300][16.479s][info ][gc] GC(584) Pause Young (Normal) (G1 Evacuation Pause) 107M->108M(512M) 11.432ms
[2020-08-01T12:15:13.940+0300][16.498s][info ][gc] GC(585) Pause Young (Normal) (G1 Evacuation Pause) 129M->131M(512M) 10.812ms
[2020-08-01T12:15:14.023+0300][16.581s][info ][gc] GC(586) Pause Young (Normal) (G1 Evacuation Pause) 172M->173M(512M) 28.634ms
[2020-08-01T12:15:14.049+0300][16.606s][info ][gc] GC(587) Pause Young (Normal) (G1 Evacuation Pause) 194M->196M(512M) 12.387ms
[2020-08-01T12:15:14.069+0300][16.627s][info ][gc] GC(588) Pause Young (Normal) (G1 Evacuation Pause) 217M->218M(512M) 11.714ms
[2020-08-01T12:15:14.092+0300][16.650s][info ][gc] GC(589) Pause Young (Normal) (G1 Evacuation Pause) 239M->241M(512M) 13.759ms
[2020-08-01T12:15:14.112+0300][16.670s][info ][gc] GC(590) Pause Young (Concurrent Start) (G1 Evacuation Pause) 262M->263M(512M) 11.237ms
[2020-08-01T12:15:14.112+0300][16.670s][info ][gc] GC(591) Concurrent Cycle
[2020-08-01T12:15:14.150+0300][16.708s][info ][gc] GC(592) Pause Young (Normal) (G1 Evacuation Pause) 304M->305M(512M) 12.342ms
[2020-08-01T12:15:14.169+0300][16.727s][info ][gc] GC(593) Pause Young (Normal) (G1 Evacuation Pause) 326M->328M(512M) 10.418ms
[2020-08-01T12:15:14.191+0300][16.749s][info ][gc] GC(594) Pause Young (Normal) (G1 Evacuation Pause) 349M->349M(512M) 12.644ms
[2020-08-01T12:15:14.211+0300][16.769s][info ][gc] GC(595) Pause Young (Normal) (G1 Evacuation Pause) 370M->372M(512M) 10.854ms
[2020-08-01T12:15:14.242+0300][16.800s][info ][gc] GC(596) Pause Young (Normal) (G1 Evacuation Pause) 393M->394M(512M) 13.412ms
[2020-08-01T12:15:14.268+0300][16.826s][info ][gc] GC(597) Pause Young (Normal) (G1 Evacuation Pause) 415M->416M(512M) 12.294ms
[2020-08-01T12:15:14.274+0300][16.832s][debug][gc] GC(591) Reclaimed 129 empty regions
[2020-08-01T12:15:14.274+0300][16.832s][info ][gc] GC(591) Pause Remark 422M->295M(512M) 0.537ms
[2020-08-01T12:15:14.309+0300][16.867s][info ][gc] GC(598) Pause Young (Normal) (G1 Evacuation Pause) 329M->331M(512M) 11.039ms
[2020-08-01T12:15:14.341+0300][16.898s][info ][gc] GC(599) Pause Young (Normal) (G1 Evacuation Pause) 352M->353M(512M) 10.954ms
[2020-08-01T12:15:14.370+0300][16.928s][info ][gc] GC(600) Pause Young (Normal) (G1 Evacuation Pause) 374M->376M(512M) 10.705ms
[2020-08-01T12:15:14.397+0300][16.955s][info ][gc] GC(601) Pause Young (Normal) (G1 Evacuation Pause) 397M->398M(512M) 11.039ms
[2020-08-01T12:15:14.425+0300][16.982s][info ][gc] GC(602) Pause Young (Normal) (G1 Evacuation Pause) 419M->421M(512M) 10.605ms
[2020-08-01T12:15:14.476+0300][17.034s][info ][gc] GC(603) Pause Young (Normal) (G1 Evacuation Pause) 462M->463M(512M) 12.063ms
[2020-08-01T12:15:14.486+0300][17.044s][info ][gc] GC(591) Pause Cleanup 470M->470M(512M) 0.148ms
[2020-08-01T12:15:14.487+0300][17.045s][info ][gc] GC(591) Concurrent Cycle 375.180ms
[2020-08-01T12:15:14.504+0300][17.062s][info ][gc] GC(604) Pause Young (Normal) (G1 Evacuation Pause) 484M->486M(512M) 11.552ms
[2020-08-01T12:15:14.548+0300][17.106s][info ][gc] GC(605) To-space exhausted
[2020-08-01T12:15:14.549+0300][17.106s][info ][gc] GC(605) Pause Young (Concurrent Start) (G1 Evacuation Pause) 507M->511M(512M) 34.828ms
[2020-08-01T12:15:14.549+0300][17.106s][info ][gc] GC(607) Concurrent Cycle
[2020-08-01T12:15:14.549+0300][17.107s][debug][gc] GC(606) Clear Next Bitmap 0.262ms
[2020-08-01T12:15:14.590+0300][17.148s][info ][gc] GC(606) Pause Full (G1 Evacuation Pause) 511M->66M(512M) 41.768ms
[2020-08-01T12:15:14.591+0300][17.148s][info ][gc] GC(607) Concurrent Cycle 42.100ms
[2020-08-01T12:15:14.611+0300][17.169s][info ][gc] GC(608) Pause Young (Normal) (G1 Evacuation Pause) 91M->91M(512M) 10.518ms
[2020-08-01T12:15:14.630+0300][17.188s][info ][gc] GC(609) Pause Young (Normal) (G1 Evacuation Pause) 112M->114M(512M) 10.605ms
[2020-08-01T12:15:14.649+0300][17.207s][info ][gc] GC(610) Pause Young (Normal) (G1 Evacuation Pause) 135M->136M(512M) 10.818ms
[2020-08-01T12:15:14.683+0300][17.241s][info ][gc] GC(611) Pause Young (Normal) (G1 Evacuation Pause) 177M->179M(512M) 10.293ms
[2020-08-01T12:15:14.703+0300][17.260s][info ][gc] GC(612) Pause Young (Normal) (G1 Evacuation Pause) 200M->201M(512M) 11.111ms
[2020-08-01T12:15:14.724+0300][17.282s][info ][gc] GC(613) Pause Young (Normal) (G1 Evacuation Pause) 222M->223M(512M) 11.869ms
[2020-08-01T12:15:14.744+0300][17.302s][info ][gc] GC(614) Pause Young (Normal) (G1 Evacuation Pause) 244M->246M(512M) 10.913ms
[2020-08-01T12:15:14.764+0300][17.322s][info ][gc] GC(615) Pause Young (Concurrent Start) (G1 Evacuation Pause) 267M->268M(512M) 11.058ms
[2020-08-01T12:15:14.764+0300][17.322s][info ][gc] GC(616) Concurrent Cycle
[2020-08-01T12:15:14.806+0300][17.363s][info ][gc] GC(617) Pause Young (Normal) (G1 Evacuation Pause) 309M->311M(512M) 11.837ms
[2020-08-01T12:15:14.826+0300][17.384s][info ][gc] GC(618) Pause Young (Normal) (G1 Evacuation Pause) 332M->334M(512M) 11.506ms
[2020-08-01T12:15:14.847+0300][17.405s][info ][gc] GC(619) Pause Young (Normal) (G1 Evacuation Pause) 355M->356M(512M) 12.336ms
[2020-08-01T12:15:14.869+0300][17.427s][info ][gc] GC(620) Pause Young (Normal) (G1 Evacuation Pause) 377M->378M(512M) 12.396ms
[2020-08-01T12:15:14.890+0300][17.447s][info ][gc] GC(621) Pause Young (Normal) (G1 Evacuation Pause) 399M->400M(512M) 11.785ms
[2020-08-01T12:15:14.909+0300][17.467s][info ][gc] GC(622) Pause Young (Normal) (G1 Evacuation Pause) 421M->423M(512M) 10.439ms
[2020-08-01T12:15:14.944+0300][17.502s][debug][gc] GC(616) Reclaimed 132 empty regions
[2020-08-01T12:15:14.944+0300][17.502s][info ][gc] GC(616) Pause Remark 445M->316M(512M) 0.506ms
[2020-08-01T12:15:14.966+0300][17.523s][info ][gc] GC(623) Pause Young (Normal) (G1 Evacuation Pause) 335M->337M(512M) 11.649ms
[2020-08-01T12:15:14.997+0300][17.554s][info ][gc] GC(624) Pause Young (Normal) (G1 Evacuation Pause) 358M->359M(512M) 10.809ms
[2020-08-01T12:15:15.023+0300][17.581s][info ][gc] GC(625) Pause Young (Normal) (G1 Evacuation Pause) 380M->381M(512M) 10.848ms
[2020-08-01T12:15:15.050+0300][17.607s][info ][gc] GC(626) Pause Young (Normal) (G1 Evacuation Pause) 402M->403M(512M) 10.624ms
[2020-08-01T12:15:15.076+0300][17.634s][info ][gc] GC(627) Pause Young (Normal) (G1 Evacuation Pause) 424M->426M(512M) 10.534ms
[2020-08-01T12:15:15.118+0300][17.675s][info ][gc] GC(628) Pause Young (Normal) (G1 Evacuation Pause) 467M->467M(512M) 11.540ms
[2020-08-01T12:15:15.148+0300][17.706s][info ][gc] GC(629) To-space exhausted
[2020-08-01T12:15:15.149+0300][17.706s][info ][gc] GC(629) Pause Young (Normal) (G1 Evacuation Pause) 488M->497M(512M) 15.125ms
[2020-08-01T12:15:15.191+0300][17.748s][info ][gc] GC(630) To-space exhausted
[2020-08-01T12:15:15.191+0300][17.748s][info ][gc] GC(630) Pause Young (Normal) (G1 Evacuation Pause) 511M->511M(512M) 26.816ms
[2020-08-01T12:15:15.191+0300][17.749s][debug][gc] GC(631) Clear Next Bitmap 0.328ms
[2020-08-01T12:15:15.236+0300][17.793s][info ][gc] GC(631) Pause Full (G1 Evacuation Pause) 511M->66M(512M) 44.692ms
[2020-08-01T12:15:15.236+0300][17.794s][info ][gc] GC(616) Concurrent Cycle 471.306ms
[2020-08-01T12:15:15.258+0300][17.816s][info ][gc] GC(632) Pause Young (Normal) (G1 Evacuation Pause) 91M->91M(512M) 12.446ms
[2020-08-01T12:15:15.281+0300][17.839s][info ][gc] GC(633) Pause Young (Normal) (G1 Evacuation Pause) 114M->115M(512M) 13.793ms
[2020-08-01T12:15:15.303+0300][17.860s][info ][gc] GC(634) Pause Young (Normal) (G1 Evacuation Pause) 136M->137M(512M) 12.743ms
[2020-08-01T12:15:15.343+0300][17.900s][info ][gc] GC(635) Pause Young (Normal) (G1 Evacuation Pause) 178M->179M(512M) 9.910ms
[2020-08-01T12:15:15.364+0300][17.922s][info ][gc] GC(636) Pause Young (Normal) (G1 Evacuation Pause) 200M->202M(512M) 12.555ms
[2020-08-01T12:15:15.384+0300][17.942s][info ][gc] GC(637) Pause Young (Normal) (G1 Evacuation Pause) 223M->224M(512M) 10.525ms
[2020-08-01T12:15:15.404+0300][17.961s][info ][gc] GC(638) Pause Young (Normal) (G1 Evacuation Pause) 245M->247M(512M) 11.048ms
[2020-08-01T12:15:15.423+0300][17.981s][info ][gc] GC(639) Pause Young (Concurrent Start) (G1 Evacuation Pause) 268M->270M(512M) 10.781ms
[2020-08-01T12:15:15.423+0300][17.981s][info ][gc] GC(640) Concurrent Cycle
[2020-08-01T12:15:15.458+0300][18.016s][info ][gc] GC(641) Pause Young (Normal) (G1 Evacuation Pause) 311M->312M(512M) 11.398ms
[2020-08-01T12:15:15.477+0300][18.035s][info ][gc] GC(642) Pause Young (Normal) (G1 Evacuation Pause) 333M->335M(512M) 10.235ms
[2020-08-01T12:15:15.495+0300][18.053s][info ][gc] GC(643) Pause Young (Normal) (G1 Evacuation Pause) 356M->357M(512M) 9.662ms
[2020-08-01T12:15:15.515+0300][18.072s][info ][gc] GC(644) Pause Young (Normal) (G1 Evacuation Pause) 378M->380M(512M) 10.476ms
[2020-08-01T12:15:15.534+0300][18.091s][info ][gc] GC(645) Pause Young (Normal) (G1 Evacuation Pause) 401M->403M(512M) 10.353ms
[2020-08-01T12:15:15.553+0300][18.111s][info ][gc] GC(646) Pause Young (Normal) (G1 Evacuation Pause) 424M->425M(512M) 10.546ms
[2020-08-01T12:15:15.585+0300][18.143s][info ][gc] GC(647) Pause Young (Normal) (G1 Evacuation Pause) 466M->468M(512M) 10.525ms
[2020-08-01T12:15:15.589+0300][18.147s][debug][gc] GC(640) Reclaimed 132 empty regions
[2020-08-01T12:15:15.589+0300][18.147s][info ][gc] GC(640) Pause Remark 475M->345M(512M) 0.664ms
[2020-08-01T12:15:15.609+0300][18.167s][info ][gc] GC(648) Pause Young (Normal) (G1 Evacuation Pause) 359M->361M(512M) 13.735ms
[2020-08-01T12:15:15.638+0300][18.196s][info ][gc] GC(649) Pause Young (Normal) (G1 Evacuation Pause) 382M->383M(512M) 11.781ms
[2020-08-01T12:15:15.668+0300][18.226s][info ][gc] GC(650) Pause Young (Normal) (G1 Evacuation Pause) 404M->406M(512M) 11.814ms
[2020-08-01T12:15:15.695+0300][18.253s][info ][gc] GC(651) Pause Young (Normal) (G1 Evacuation Pause) 427M->428M(512M) 11.444ms
[2020-08-01T12:15:15.741+0300][18.299s][info ][gc] GC(652) Pause Young (Normal) (G1 Evacuation Pause) 469M->471M(512M) 11.799ms
[2020-08-01T12:15:15.781+0300][18.339s][info ][gc] GC(653) To-space exhausted
[2020-08-01T12:15:15.781+0300][18.339s][info ][gc] GC(653) Pause Young (Normal) (G1 Evacuation Pause) 492M->500M(512M) 19.528ms
[2020-08-01T12:15:15.821+0300][18.379s][info ][gc] GC(654) To-space exhausted
[2020-08-01T12:15:15.821+0300][18.379s][info ][gc] GC(654) Pause Young (Normal) (G1 Evacuation Pause) 511M->511M(512M) 23.317ms
[2020-08-01T12:15:15.822+0300][18.380s][debug][gc] GC(655) Clear Next Bitmap 0.387ms
[2020-08-01T12:15:15.867+0300][18.425s][info ][gc] GC(655) Pause Full (G1 Evacuation Pause) 511M->63M(512M) 45.557ms
[2020-08-01T12:15:15.867+0300][18.425s][info ][gc] GC(640) Concurrent Cycle 444.108ms
[2020-08-01T12:15:15.890+0300][18.448s][info ][gc] GC(656) Pause Young (Normal) (G1 Evacuation Pause) 89M->90M(512M) 12.366ms
[2020-08-01T12:15:15.911+0300][18.469s][info ][gc] GC(657) Pause Young (Normal) (G1 Evacuation Pause) 113M->114M(512M) 12.237ms
[2020-08-01T12:15:15.931+0300][18.489s][info ][gc] GC(658) Pause Young (Normal) (G1 Evacuation Pause) 135M->136M(512M) 11.153ms
[2020-08-01T12:15:15.975+0300][18.533s][info ][gc] GC(659) Pause Young (Normal) (G1 Evacuation Pause) 177M->177M(512M) 10.884ms
[2020-08-01T12:15:15.995+0300][18.552s][info ][gc] GC(660) Pause Young (Normal) (G1 Evacuation Pause) 198M->199M(512M) 10.948ms
[2020-08-01T12:15:16.017+0300][18.575s][info ][gc] GC(661) Pause Young (Normal) (G1 Evacuation Pause) 220M->222M(512M) 13.352ms
[2020-08-01T12:15:16.039+0300][18.597s][info ][gc] GC(662) Pause Young (Normal) (G1 Evacuation Pause) 243M->244M(512M) 12.823ms
[2020-08-01T12:15:16.059+0300][18.617s][info ][gc] GC(663) Pause Young (Concurrent Start) (G1 Evacuation Pause) 265M->267M(512M) 11.441ms
[2020-08-01T12:15:16.059+0300][18.617s][info ][gc] GC(664) Concurrent Cycle
[2020-08-01T12:15:16.098+0300][18.656s][info ][gc] GC(665) Pause Young (Normal) (G1 Evacuation Pause) 308M->309M(512M) 11.259ms
[2020-08-01T12:15:16.119+0300][18.677s][info ][gc] GC(666) Pause Young (Normal) (G1 Evacuation Pause) 330M->332M(512M) 12.014ms
[2020-08-01T12:15:16.139+0300][18.697s][info ][gc] GC(667) Pause Young (Normal) (G1 Evacuation Pause) 353M->354M(512M) 10.885ms
[2020-08-01T12:15:16.159+0300][18.717s][info ][gc] GC(668) Pause Young (Normal) (G1 Evacuation Pause) 375M->376M(512M) 10.766ms
[2020-08-01T12:15:16.178+0300][18.736s][info ][gc] GC(669) Pause Young (Normal) (G1 Evacuation Pause) 397M->399M(512M) 10.059ms
[2020-08-01T12:15:16.198+0300][18.755s][info ][gc] GC(670) Pause Young (Normal) (G1 Evacuation Pause) 420M->421M(512M) 10.512ms
[2020-08-01T12:15:16.234+0300][18.792s][debug][gc] GC(664) Reclaimed 133 empty regions
[2020-08-01T12:15:16.234+0300][18.792s][info ][gc] GC(664) Pause Remark 443M->313M(512M) 0.637ms
[2020-08-01T12:15:16.266+0300][18.824s][info ][gc] GC(671) Pause Young (Normal) (G1 Evacuation Pause) 332M->332M(512M) 14.330ms
[2020-08-01T12:15:16.303+0300][18.861s][info ][gc] GC(672) Pause Young (Normal) (G1 Evacuation Pause) 353M->355M(512M) 11.698ms
[2020-08-01T12:15:16.334+0300][18.891s][info ][gc] GC(673) Pause Young (Normal) (G1 Evacuation Pause) 376M->377M(512M) 10.886ms
[2020-08-01T12:15:16.358+0300][18.916s][info ][gc] GC(674) Pause Young (Normal) (G1 Evacuation Pause) 398M->400M(512M) 11.863ms
[2020-08-01T12:15:16.388+0300][18.946s][info ][gc] GC(675) Pause Young (Normal) (G1 Evacuation Pause) 421M->422M(512M) 12.239ms
[2020-08-01T12:15:16.431+0300][18.989s][info ][gc] GC(676) Pause Young (Normal) (G1 Evacuation Pause) 463M->465M(512M) 10.627ms
[2020-08-01T12:15:16.460+0300][19.018s][info ][gc] GC(677) To-space exhausted
[2020-08-01T12:15:16.460+0300][19.018s][info ][gc] GC(677) Pause Young (Normal) (G1 Evacuation Pause) 486M->488M(512M) 11.462ms
[2020-08-01T12:15:16.511+0300][19.068s][info ][gc] GC(678) To-space exhausted
[2020-08-01T12:15:16.511+0300][19.068s][info ][gc] GC(678) Pause Young (Normal) (G1 Evacuation Pause) 509M->511M(512M) 33.450ms
[2020-08-01T12:15:16.511+0300][19.069s][debug][gc] GC(679) Clear Next Bitmap 0.298ms
[2020-08-01T12:15:16.555+0300][19.112s][info ][gc] GC(679) Pause Full (G1 Evacuation Pause) 511M->72M(512M) 43.661ms
[2020-08-01T12:15:16.555+0300][19.113s][info ][gc] GC(664) Concurrent Cycle 495.271ms
[2020-08-01T12:15:16.576+0300][19.134s][info ][gc] GC(680) Pause Young (Normal) (G1 Evacuation Pause) 97M->98M(512M) 11.178ms
[2020-08-01T12:15:16.596+0300][19.154s][info ][gc] GC(681) Pause Young (Normal) (G1 Evacuation Pause) 120M->120M(512M) 10.827ms
[2020-08-01T12:15:16.653+0300][19.211s][info ][gc] GC(682) Pause Young (Normal) (G1 Evacuation Pause) 161M->163M(512M) 26.682ms
[2020-08-01T12:15:16.679+0300][19.237s][info ][gc] GC(683) Pause Young (Normal) (G1 Evacuation Pause) 184M->185M(512M) 12.178ms
[2020-08-01T12:15:16.698+0300][19.256s][info ][gc] GC(684) Pause Young (Normal) (G1 Evacuation Pause) 206M->208M(512M) 10.103ms
[2020-08-01T12:15:16.717+0300][19.274s][info ][gc] GC(685) Pause Young (Normal) (G1 Evacuation Pause) 229M->230M(512M) 10.288ms
[2020-08-01T12:15:16.737+0300][19.295s][info ][gc] GC(686) Pause Young (Normal) (G1 Evacuation Pause) 251M->253M(512M) 11.415ms
[2020-08-01T12:15:16.758+0300][19.316s][info ][gc] GC(687) Pause Young (Concurrent Start) (G1 Evacuation Pause) 274M->276M(512M) 12.314ms
[2020-08-01T12:15:16.758+0300][19.316s][info ][gc] GC(688) Concurrent Cycle
[2020-08-01T12:15:16.791+0300][19.349s][info ][gc] GC(689) Pause Young (Normal) (G1 Evacuation Pause) 317M->318M(512M) 10.350ms
[2020-08-01T12:15:16.811+0300][19.368s][info ][gc] GC(690) Pause Young (Normal) (G1 Evacuation Pause) 339M->340M(512M) 10.655ms
[2020-08-01T12:15:16.830+0300][19.388s][info ][gc] GC(691) Pause Young (Normal) (G1 Evacuation Pause) 361M->362M(512M) 10.389ms
[2020-08-01T12:15:16.849+0300][19.407s][info ][gc] GC(692) Pause Young (Normal) (G1 Evacuation Pause) 383M->384M(512M) 10.356ms
[2020-08-01T12:15:16.868+0300][19.426s][info ][gc] GC(693) Pause Young (Normal) (G1 Evacuation Pause) 405M->406M(512M) 10.149ms
[2020-08-01T12:15:16.903+0300][19.461s][info ][gc] GC(694) Pause Young (Normal) (G1 Evacuation Pause) 447M->448M(512M) 12.377ms
[2020-08-01T12:15:16.923+0300][19.481s][info ][gc] GC(695) Pause Young (Normal) (G1 Evacuation Pause) 469M->470M(512M) 10.491ms
[2020-08-01T12:15:16.950+0300][19.507s][info ][gc] GC(696) To-space exhausted
[2020-08-01T12:15:16.950+0300][19.507s][info ][gc] GC(696) Pause Young (Normal) (G1 Evacuation Pause) 491M->498M(512M) 17.602ms
[2020-08-01T12:15:16.951+0300][19.509s][debug][gc] GC(688) Reclaimed 129 empty regions
[2020-08-01T12:15:16.951+0300][19.509s][info ][gc] GC(688) Pause Remark 500M->373M(512M) 0.527ms
[2020-08-01T12:15:16.971+0300][19.529s][info ][gc] GC(697) Pause Young (Normal) (G1 Evacuation Pause) 392M->394M(512M) 10.557ms
[2020-08-01T12:15:16.997+0300][19.555s][info ][gc] GC(698) Pause Young (Normal) (G1 Evacuation Pause) 415M->416M(512M) 10.416ms
[2020-08-01T12:15:17.022+0300][19.580s][info ][gc] GC(699) Pause Young (Normal) (G1 Evacuation Pause) 437M->439M(512M) 10.369ms
[2020-08-01T12:15:17.048+0300][19.606s][info ][gc] GC(700) Pause Young (Normal) (G1 Humongous Allocation) 444M->445M(512M) 5.008ms
[2020-08-01T12:15:17.073+0300][19.631s][info ][gc] GC(701) To-space exhausted
[2020-08-01T12:15:17.073+0300][19.631s][info ][gc] GC(701) Pause Young (Normal) (G1 Evacuation Pause) 486M->489M(512M) 11.622ms
[2020-08-01T12:15:17.127+0300][19.685s][info ][gc] GC(702) To-space exhausted
[2020-08-01T12:15:17.127+0300][19.685s][info ][gc] GC(702) Pause Young (Normal) (G1 Evacuation Pause) 510M->511M(512M) 36.080ms
[2020-08-01T12:15:17.127+0300][19.685s][debug][gc] GC(703) Clear Next Bitmap 0.279ms
[2020-08-01T12:15:17.167+0300][19.725s][info ][gc] GC(703) Pause Full (G1 Evacuation Pause) 511M->63M(512M) 39.916ms
[2020-08-01T12:15:17.167+0300][19.725s][info ][gc] GC(688) Concurrent Cycle 409.117ms
[2020-08-01T12:15:17.188+0300][19.746s][info ][gc] GC(704) Pause Young (Normal) (G1 Evacuation Pause) 88M->89M(512M) 10.740ms
[2020-08-01T12:15:17.208+0300][19.766s][info ][gc] GC(705) Pause Young (Normal) (G1 Evacuation Pause) 110M->110M(512M) 11.558ms
[2020-08-01T12:15:17.227+0300][19.785s][info ][gc] GC(706) Pause Young (Normal) (G1 Evacuation Pause) 131M->133M(512M) 10.652ms
[2020-08-01T12:15:17.264+0300][19.822s][info ][gc] GC(707) Pause Young (Normal) (G1 Evacuation Pause) 174M->175M(512M) 12.616ms
[2020-08-01T12:15:17.284+0300][19.842s][info ][gc] GC(708) Pause Young (Normal) (G1 Evacuation Pause) 196M->198M(512M) 11.254ms
[2020-08-01T12:15:17.304+0300][19.861s][info ][gc] GC(709) Pause Young (Normal) (G1 Evacuation Pause) 219M->220M(512M) 11.253ms
[2020-08-01T12:15:17.323+0300][19.880s][info ][gc] GC(710) Pause Young (Normal) (G1 Evacuation Pause) 241M->243M(512M) 10.534ms
[2020-08-01T12:15:17.342+0300][19.900s][info ][gc] GC(711) Pause Young (Concurrent Start) (G1 Evacuation Pause) 264M->265M(512M) 10.844ms
[2020-08-01T12:15:17.342+0300][19.900s][info ][gc] GC(712) Concurrent Cycle
[2020-08-01T12:15:17.376+0300][19.934s][info ][gc] GC(713) Pause Young (Normal) (G1 Evacuation Pause) 306M->307M(512M) 10.504ms
[2020-08-01T12:15:17.396+0300][19.953s][info ][gc] GC(714) Pause Young (Normal) (G1 Evacuation Pause) 328M->330M(512M) 10.432ms
[2020-08-01T12:15:17.415+0300][19.972s][info ][gc] GC(715) Pause Young (Normal) (G1 Evacuation Pause) 351M->352M(512M) 10.092ms
[2020-08-01T12:15:17.434+0300][19.992s][info ][gc] GC(716) Pause Young (Normal) (G1 Evacuation Pause) 374M->375M(512M) 10.407ms
[2020-08-01T12:15:17.454+0300][20.012s][info ][gc] GC(717) Pause Young (Normal) (G1 Evacuation Pause) 397M->399M(512M) 11.026ms
[2020-08-01T12:15:17.473+0300][20.031s][info ][gc] GC(718) Pause Young (Normal) (G1 Evacuation Pause) 420M->421M(512M) 10.412ms
[2020-08-01T12:15:17.495+0300][20.052s][debug][gc] GC(712) Reclaimed 128 empty regions
[2020-08-01T12:15:17.495+0300][20.052s][info ][gc] GC(712) Pause Remark 456M->330M(512M) 0.529ms
[2020-08-01T12:15:17.508+0300][20.066s][info ][gc] GC(719) Pause Young (Normal) (G1 Evacuation Pause) 336M->338M(512M) 10.692ms
[2020-08-01T12:15:17.536+0300][20.093s][info ][gc] GC(720) Pause Young (Normal) (G1 Evacuation Pause) 359M->360M(512M) 10.968ms
[2020-08-01T12:15:17.563+0300][20.121s][info ][gc] GC(721) Pause Young (Normal) (G1 Evacuation Pause) 381M->382M(512M) 10.807ms
[2020-08-01T12:15:17.590+0300][20.148s][info ][gc] GC(722) Pause Young (Normal) (G1 Evacuation Pause) 403M->404M(512M) 11.032ms
[2020-08-01T12:15:17.617+0300][20.175s][info ][gc] GC(723) Pause Young (Normal) (G1 Evacuation Pause) 425M->427M(512M) 10.956ms
[2020-08-01T12:15:17.657+0300][20.215s][info ][gc] GC(724) Pause Young (Normal) (G1 Evacuation Pause) 468M->469M(512M) 10.755ms
[2020-08-01T12:15:17.689+0300][20.247s][info ][gc] GC(725) To-space exhausted
[2020-08-01T12:15:17.689+0300][20.247s][info ][gc] GC(725) Pause Young (Normal) (G1 Evacuation Pause) 490M->498M(512M) 14.384ms
[2020-08-01T12:15:17.720+0300][20.278s][info ][gc] GC(726) To-space exhausted
[2020-08-01T12:15:17.720+0300][20.278s][info ][gc] GC(726) Pause Young (Normal) (G1 Evacuation Pause) 511M->511M(512M) 25.494ms
[2020-08-01T12:15:17.721+0300][20.279s][debug][gc] GC(727) Clear Next Bitmap 0.297ms
[2020-08-01T12:15:17.763+0300][20.321s][info ][gc] GC(727) Pause Full (G1 Evacuation Pause) 511M->63M(512M) 42.336ms
[2020-08-01T12:15:17.764+0300][20.321s][info ][gc] GC(712) Concurrent Cycle 421.336ms
[2020-08-01T12:15:17.785+0300][20.343s][info ][gc] GC(728) Pause Young (Normal) (G1 Evacuation Pause) 88M->89M(512M) 11.187ms
[2020-08-01T12:15:17.806+0300][20.364s][info ][gc] GC(729) Pause Young (Normal) (G1 Evacuation Pause) 113M->114M(512M) 11.640ms
[2020-08-01T12:15:17.826+0300][20.383s][info ][gc] GC(730) Pause Young (Normal) (G1 Evacuation Pause) 135M->136M(512M) 10.534ms
[2020-08-01T12:15:17.878+0300][20.435s][info ][gc] GC(731) Pause Young (Normal) (G1 Evacuation Pause) 177M->179M(512M) 16.684ms
[2020-08-01T12:15:17.899+0300][20.456s][info ][gc] GC(732) Pause Young (Normal) (G1 Evacuation Pause) 200M->201M(512M) 10.681ms
[2020-08-01T12:15:17.918+0300][20.476s][info ][gc] GC(733) Pause Young (Normal) (G1 Evacuation Pause) 222M->223M(512M) 11.548ms
[2020-08-01T12:15:17.937+0300][20.495s][info ][gc] GC(734) Pause Young (Normal) (G1 Evacuation Pause) 244M->246M(512M) 10.477ms
[2020-08-01T12:15:17.957+0300][20.515s][info ][gc] GC(735) Pause Young (Concurrent Start) (G1 Evacuation Pause) 267M->268M(512M) 10.999ms
[2020-08-01T12:15:17.957+0300][20.515s][info ][gc] GC(736) Concurrent Cycle
[2020-08-01T12:15:17.992+0300][20.550s][info ][gc] GC(737) Pause Young (Normal) (G1 Evacuation Pause) 309M->311M(512M) 11.304ms
[2020-08-01T12:15:18.013+0300][20.571s][info ][gc] GC(738) Pause Young (Normal) (G1 Evacuation Pause) 332M->333M(512M) 11.562ms
[2020-08-01T12:15:18.033+0300][20.590s][info ][gc] GC(739) Pause Young (Normal) (G1 Evacuation Pause) 354M->356M(512M) 10.450ms
[2020-08-01T12:15:18.052+0300][20.610s][info ][gc] GC(740) Pause Young (Normal) (G1 Evacuation Pause) 377M->378M(512M) 10.551ms
[2020-08-01T12:15:18.072+0300][20.630s][info ][gc] GC(741) Pause Young (Normal) (G1 Evacuation Pause) 399M->400M(512M) 10.784ms
[2020-08-01T12:15:18.091+0300][20.649s][info ][gc] GC(742) Pause Young (Normal) (G1 Evacuation Pause) 421M->423M(512M) 10.287ms
[2020-08-01T12:15:18.123+0300][20.681s][info ][gc] GC(743) Pause Young (Normal) (G1 Evacuation Pause) 464M->465M(512M) 10.738ms
[2020-08-01T12:15:18.126+0300][20.684s][debug][gc] GC(736) Reclaimed 133 empty regions
[2020-08-01T12:15:18.126+0300][20.684s][info ][gc] GC(736) Pause Remark 471M->341M(512M) 0.519ms
[2020-08-01T12:15:18.144+0300][20.701s][info ][gc] GC(744) Pause Young (Normal) (G1 Evacuation Pause) 356M->356M(512M) 10.856ms
[2020-08-01T12:15:18.173+0300][20.731s][info ][gc] GC(745) Pause Young (Normal) (G1 Evacuation Pause) 377M->379M(512M) 10.445ms
[2020-08-01T12:15:18.200+0300][20.758s][info ][gc] GC(746) Pause Young (Normal) (G1 Evacuation Pause) 400M->402M(512M) 10.559ms
[2020-08-01T12:15:18.227+0300][20.784s][info ][gc] GC(747) Pause Young (Normal) (G1 Evacuation Pause) 423M->424M(512M) 10.678ms
[2020-08-01T12:15:18.291+0300][20.849s][info ][gc] GC(748) Pause Young (Normal) (G1 Evacuation Pause) 465M->465M(512M) 11.885ms
[2020-08-01T12:15:18.322+0300][20.879s][info ][gc] GC(749) To-space exhausted
[2020-08-01T12:15:18.322+0300][20.880s][info ][gc] GC(749) Pause Young (Normal) (G1 Evacuation Pause) 486M->488M(512M) 12.984ms
[2020-08-01T12:15:18.374+0300][20.932s][info ][gc] GC(750) To-space exhausted
[2020-08-01T12:15:18.374+0300][20.932s][info ][gc] GC(750) Pause Young (Normal) (G1 Evacuation Pause) 509M->511M(512M) 33.662ms
[2020-08-01T12:15:18.374+0300][20.932s][debug][gc] GC(751) Clear Next Bitmap 0.364ms
[2020-08-01T12:15:18.419+0300][20.977s][info ][gc] GC(751) Pause Full (G1 Evacuation Pause) 511M->72M(512M) 44.900ms
[2020-08-01T12:15:18.419+0300][20.977s][info ][gc] GC(736) Concurrent Cycle 462.275ms
[2020-08-01T12:15:18.440+0300][20.998s][info ][gc] GC(752) Pause Young (Normal) (G1 Evacuation Pause) 97M->98M(512M) 10.550ms
[2020-08-01T12:15:18.460+0300][21.018s][info ][gc] GC(753) Pause Young (Normal) (G1 Evacuation Pause) 121M->122M(512M) 10.701ms
[2020-08-01T12:15:18.503+0300][21.061s][info ][gc] GC(754) Pause Young (Normal) (G1 Evacuation Pause) 163M->165M(512M) 16.112ms
[2020-08-01T12:15:18.524+0300][21.081s][info ][gc] GC(755) Pause Young (Normal) (G1 Evacuation Pause) 186M->187M(512M) 10.909ms
[2020-08-01T12:15:18.543+0300][21.101s][info ][gc] GC(756) Pause Young (Normal) (G1 Evacuation Pause) 208M->209M(512M) 10.581ms
[2020-08-01T12:15:18.563+0300][21.121s][info ][gc] GC(757) Pause Young (Normal) (G1 Evacuation Pause) 230M->232M(512M) 11.431ms
[2020-08-01T12:15:18.583+0300][21.140s][info ][gc] GC(758) Pause Young (Concurrent Start) (G1 Evacuation Pause) 253M->254M(512M) 11.206ms
[2020-08-01T12:15:18.583+0300][21.140s][info ][gc] GC(759) Concurrent Cycle
[2020-08-01T12:15:18.602+0300][21.160s][info ][gc] GC(760) Pause Young (Normal) (G1 Evacuation Pause) 275M->277M(512M) 10.923ms
[2020-08-01T12:15:18.637+0300][21.195s][info ][gc] GC(761) Pause Young (Normal) (G1 Evacuation Pause) 318M->319M(512M) 10.700ms
[2020-08-01T12:15:18.658+0300][21.216s][info ][gc] GC(762) Pause Young (Normal) (G1 Evacuation Pause) 340M->341M(512M) 11.384ms
[2020-08-01T12:15:18.677+0300][21.235s][info ][gc] GC(763) Pause Young (Normal) (G1 Evacuation Pause) 362M->364M(512M) 9.949ms
[2020-08-01T12:15:18.696+0300][21.254s][info ][gc] GC(764) Pause Young (Normal) (G1 Evacuation Pause) 385M->386M(512M) 10.526ms
[2020-08-01T12:15:18.716+0300][21.274s][info ][gc] GC(765) Pause Young (Normal) (G1 Evacuation Pause) 407M->409M(512M) 10.388ms
[2020-08-01T12:15:18.728+0300][21.286s][debug][gc] GC(759) Reclaimed 130 empty regions
[2020-08-01T12:15:18.728+0300][21.286s][info ][gc] GC(759) Pause Remark 424M->297M(512M) 0.548ms
[2020-08-01T12:15:18.751+0300][21.309s][info ][gc] GC(766) Pause Young (Normal) (G1 Evacuation Pause) 323M->326M(512M) 11.013ms
[2020-08-01T12:15:18.777+0300][21.335s][info ][gc] GC(767) Pause Young (Normal) (G1 Evacuation Pause) 347M->348M(512M) 10.699ms
[2020-08-01T12:15:18.804+0300][21.362s][info ][gc] GC(768) Pause Young (Normal) (G1 Evacuation Pause) 369M->371M(512M) 11.066ms
[2020-08-01T12:15:18.832+0300][21.389s][info ][gc] GC(769) Pause Young (Normal) (G1 Evacuation Pause) 392M->393M(512M) 12.016ms
[2020-08-01T12:15:18.861+0300][21.419s][info ][gc] GC(770) Pause Young (Normal) (G1 Evacuation Pause) 414M->415M(512M) 10.698ms
[2020-08-01T12:15:18.889+0300][21.446s][info ][gc] GC(771) Pause Young (Normal) (G1 Evacuation Pause) 436M->438M(512M) 10.973ms
[2020-08-01T12:15:18.931+0300][21.489s][info ][gc] GC(772) Pause Young (Normal) (G1 Evacuation Pause) 479M->480M(512M) 10.907ms
[2020-08-01T12:15:18.973+0300][21.531s][info ][gc] GC(773) To-space exhausted
[2020-08-01T12:15:18.973+0300][21.531s][info ][gc] GC(773) Pause Young (Normal) (G1 Evacuation Pause) 501M->507M(512M) 25.482ms
[2020-08-01T12:15:18.979+0300][21.537s][info ][gc] GC(759) Pause Cleanup 508M->508M(512M) 0.137ms
[2020-08-01T12:15:18.980+0300][21.538s][info ][gc] GC(759) Concurrent Cycle 397.479ms
[2020-08-01T12:15:18.994+0300][21.552s][info ][gc] GC(774) To-space exhausted
[2020-08-01T12:15:18.994+0300][21.552s][info ][gc] GC(774) Pause Young (Normal) (G1 Evacuation Pause) 511M->511M(512M) 12.620ms
[2020-08-01T12:15:19.031+0300][21.589s][info ][gc] GC(775) Pause Full (G1 Evacuation Pause) 511M->64M(512M) 36.984ms
[2020-08-01T12:15:19.055+0300][21.613s][info ][gc] GC(776) Pause Young (Normal) (G1 Evacuation Pause) 93M->93M(512M) 12.263ms
[2020-08-01T12:15:19.077+0300][21.634s][info ][gc] GC(777) Pause Young (Normal) (G1 Evacuation Pause) 118M->119M(512M) 11.543ms
[2020-08-01T12:15:19.129+0300][21.687s][info ][gc] GC(778) Pause Young (Normal) (G1 Evacuation Pause) 160M->162M(512M) 21.561ms
[2020-08-01T12:15:19.153+0300][21.711s][info ][gc] GC(779) Pause Young (Normal) (G1 Evacuation Pause) 183M->184M(512M) 11.899ms
[2020-08-01T12:15:19.172+0300][21.730s][info ][gc] GC(780) Pause Young (Normal) (G1 Evacuation Pause) 205M->206M(512M) 10.684ms
[2020-08-01T12:15:19.192+0300][21.749s][info ][gc] GC(781) Pause Young (Normal) (G1 Evacuation Pause) 227M->228M(512M) 10.556ms
[2020-08-01T12:15:19.210+0300][21.768s][info ][gc] GC(782) Pause Young (Normal) (G1 Evacuation Pause) 249M->250M(512M) 10.148ms
[2020-08-01T12:15:19.230+0300][21.788s][info ][gc] GC(783) Pause Young (Concurrent Start) (G1 Evacuation Pause) 271M->273M(512M) 10.975ms
[2020-08-01T12:15:19.230+0300][21.788s][info ][gc] GC(784) Concurrent Cycle
[2020-08-01T12:15:19.274+0300][21.832s][info ][gc] GC(785) Pause Young (Normal) (G1 Evacuation Pause) 314M->315M(512M) 12.417ms
[2020-08-01T12:15:19.294+0300][21.852s][info ][gc] GC(786) Pause Young (Normal) (G1 Evacuation Pause) 336M->337M(512M) 10.517ms
[2020-08-01T12:15:19.314+0300][21.872s][info ][gc] GC(787) Pause Young (Normal) (G1 Evacuation Pause) 358M->360M(512M) 10.714ms
[2020-08-01T12:15:19.334+0300][21.892s][info ][gc] GC(788) Pause Young (Normal) (G1 Evacuation Pause) 381M->382M(512M) 10.649ms
[2020-08-01T12:15:19.354+0300][21.912s][info ][gc] GC(789) Pause Young (Normal) (G1 Evacuation Pause) 403M->404M(512M) 10.619ms
[2020-08-01T12:15:19.389+0300][21.947s][info ][gc] GC(790) Pause Young (Normal) (G1 Evacuation Pause) 445M->446M(512M) 11.217ms
[2020-08-01T12:15:19.396+0300][21.954s][debug][gc] GC(784) Reclaimed 134 empty regions
[2020-08-01T12:15:19.396+0300][21.954s][info ][gc] GC(784) Pause Remark 462M->332M(512M) 0.509ms
[2020-08-01T12:15:19.409+0300][21.967s][info ][gc] GC(791) Pause Young (Normal) (G1 Evacuation Pause) 338M->339M(512M) 10.649ms
[2020-08-01T12:15:19.435+0300][21.993s][info ][gc] GC(792) Pause Young (Normal) (G1 Evacuation Pause) 360M->362M(512M) 10.567ms
[2020-08-01T12:15:19.461+0300][22.019s][info ][gc] GC(793) Pause Young (Normal) (G1 Evacuation Pause) 383M->384M(512M) 10.389ms
[2020-08-01T12:15:19.488+0300][22.046s][info ][gc] GC(794) Pause Young (Normal) (G1 Evacuation Pause) 405M->407M(512M) 10.409ms
[2020-08-01T12:15:19.515+0300][22.073s][info ][gc] GC(795) Pause Young (Normal) (G1 Evacuation Pause) 428M->430M(512M) 10.711ms
[2020-08-01T12:15:19.558+0300][22.115s][info ][gc] GC(796) Pause Young (Normal) (G1 Evacuation Pause) 471M->472M(512M) 10.965ms
[2020-08-01T12:15:19.591+0300][22.149s][info ][gc] GC(797) To-space exhausted
[2020-08-01T12:15:19.592+0300][22.149s][info ][gc] GC(797) Pause Young (Normal) (G1 Evacuation Pause) 493M->501M(512M) 17.952ms
[2020-08-01T12:15:19.625+0300][22.183s][info ][gc] GC(798) To-space exhausted
[2020-08-01T12:15:19.626+0300][22.183s][info ][gc] GC(798) Pause Young (Normal) (G1 Evacuation Pause) 511M->511M(512M) 20.545ms
[2020-08-01T12:15:19.626+0300][22.184s][debug][gc] GC(799) Clear Next Bitmap 0.320ms
[2020-08-01T12:15:19.666+0300][22.223s][info ][gc] GC(799) Pause Full (G1 Evacuation Pause) 511M->67M(512M) 39.899ms
[2020-08-01T12:15:19.666+0300][22.224s][info ][gc] GC(784) Concurrent Cycle 435.806ms
[2020-08-01T12:15:19.687+0300][22.245s][info ][gc] GC(800) Pause Young (Normal) (G1 Evacuation Pause) 92M->92M(512M) 10.552ms
[2020-08-01T12:15:19.709+0300][22.267s][info ][gc] GC(801) Pause Young (Normal) (G1 Evacuation Pause) 115M->116M(512M) 13.084ms
[2020-08-01T12:15:19.728+0300][22.286s][info ][gc] GC(802) Pause Young (Normal) (G1 Evacuation Pause) 137M->139M(512M) 10.955ms
[2020-08-01T12:15:19.762+0300][22.320s][info ][gc] GC(803) Pause Young (Normal) (G1 Evacuation Pause) 180M->182M(512M) 11.115ms
[2020-08-01T12:15:19.784+0300][22.342s][info ][gc] GC(804) Pause Young (Normal) (G1 Evacuation Pause) 203M->205M(512M) 12.314ms
[2020-08-01T12:15:19.807+0300][22.365s][info ][gc] GC(805) Pause Young (Normal) (G1 Evacuation Pause) 226M->227M(512M) 13.194ms
[2020-08-01T12:15:19.830+0300][22.388s][info ][gc] GC(806) Pause Young (Normal) (G1 Evacuation Pause) 248M->250M(512M) 14.143ms
[2020-08-01T12:15:19.852+0300][22.410s][info ][gc] GC(807) Pause Young (Concurrent Start) (G1 Evacuation Pause) 271M->272M(512M) 12.217ms
[2020-08-01T12:15:19.852+0300][22.410s][info ][gc] GC(808) Concurrent Cycle
[2020-08-01T12:15:19.887+0300][22.445s][info ][gc] GC(809) Pause Young (Normal) (G1 Evacuation Pause) 313M->314M(512M) 11.946ms
[2020-08-01T12:15:19.919+0300][22.477s][info ][gc] GC(810) Pause Young (Normal) (G1 Evacuation Pause) 335M->336M(512M) 11.233ms
[2020-08-01T12:15:19.939+0300][22.497s][info ][gc] GC(811) Pause Young (Normal) (G1 Evacuation Pause) 357M->359M(512M) 11.343ms
[2020-08-01T12:15:19.960+0300][22.518s][info ][gc] GC(812) Pause Young (Normal) (G1 Evacuation Pause) 380M->381M(512M) 10.730ms
[2020-08-01T12:15:19.981+0300][22.539s][info ][gc] GC(813) Pause Young (Normal) (G1 Evacuation Pause) 402M->403M(512M) 11.379ms
[2020-08-01T12:15:20.019+0300][22.577s][info ][gc] GC(814) Pause Young (Normal) (G1 Evacuation Pause) 444M->446M(512M) 12.266ms
[2020-08-01T12:15:20.039+0300][22.597s][info ][gc] GC(815) Pause Young (Normal) (G1 Evacuation Pause) 467M->468M(512M) 11.321ms
[2020-08-01T12:15:20.043+0300][22.601s][debug][gc] GC(808) Reclaimed 135 empty regions
[2020-08-01T12:15:20.043+0300][22.601s][info ][gc] GC(808) Pause Remark 474M->341M(512M) 0.831ms
[2020-08-01T12:15:20.061+0300][22.619s][info ][gc] GC(816) Pause Young (Normal) (G1 Evacuation Pause) 356M->358M(512M) 11.572ms
[2020-08-01T12:15:20.088+0300][22.646s][info ][gc] GC(817) Pause Young (Normal) (G1 Evacuation Pause) 379M->380M(512M) 10.550ms
[2020-08-01T12:15:20.114+0300][22.672s][info ][gc] GC(818) Pause Young (Normal) (G1 Evacuation Pause) 401M->403M(512M) 10.806ms
[2020-08-01T12:15:20.141+0300][22.699s][info ][gc] GC(819) Pause Young (Normal) (G1 Evacuation Pause) 424M->425M(512M) 10.418ms
[2020-08-01T12:15:20.186+0300][22.744s][info ][gc] GC(820) Pause Young (Normal) (G1 Evacuation Pause) 466M->468M(512M) 12.443ms
[2020-08-01T12:15:20.219+0300][22.776s][info ][gc] GC(821) To-space exhausted
[2020-08-01T12:15:20.219+0300][22.777s][info ][gc] GC(821) Pause Young (Normal) (G1 Evacuation Pause) 489M->500M(512M) 15.102ms
[2020-08-01T12:15:20.256+0300][22.814s][info ][gc] GC(822) To-space exhausted
[2020-08-01T12:15:20.256+0300][22.814s][info ][gc] GC(822) Pause Young (Normal) (G1 Evacuation Pause) 511M->511M(512M) 22.693ms
[2020-08-01T12:15:20.256+0300][22.814s][debug][gc] GC(823) Clear Next Bitmap 0.252ms
[2020-08-01T12:15:20.296+0300][22.854s][info ][gc] GC(823) Pause Full (G1 Evacuation Pause) 511M->65M(512M) 40.054ms
[2020-08-01T12:15:20.296+0300][22.854s][info ][gc] GC(808) Concurrent Cycle 444.504ms
[2020-08-01T12:15:20.319+0300][22.877s][info ][gc] GC(824) Pause Young (Normal) (G1 Evacuation Pause) 90M->90M(512M) 11.710ms
[2020-08-01T12:15:20.343+0300][22.901s][info ][gc] GC(825) Pause Young (Normal) (G1 Evacuation Pause) 111M->112M(512M) 14.670ms
[2020-08-01T12:15:20.363+0300][22.921s][info ][gc] GC(826) Pause Young (Normal) (G1 Evacuation Pause) 133M->135M(512M) 11.045ms
[2020-08-01T12:15:20.410+0300][22.968s][info ][gc] GC(827) Pause Young (Normal) (G1 Evacuation Pause) 176M->177M(512M) 10.791ms
[2020-08-01T12:15:20.430+0300][22.988s][info ][gc] GC(828) Pause Young (Normal) (G1 Evacuation Pause) 198M->199M(512M) 11.375ms
[2020-08-01T12:15:20.451+0300][23.009s][info ][gc] GC(829) Pause Young (Normal) (G1 Evacuation Pause) 220M->221M(512M) 11.300ms
[2020-08-01T12:15:20.470+0300][23.028s][info ][gc] GC(830) Pause Young (Normal) (G1 Evacuation Pause) 242M->244M(512M) 10.406ms
[2020-08-01T12:15:20.491+0300][23.048s][info ][gc] GC(831) Pause Young (Concurrent Start) (G1 Evacuation Pause) 265M->266M(512M) 11.950ms
[2020-08-01T12:15:20.491+0300][23.048s][info ][gc] GC(832) Concurrent Cycle
[2020-08-01T12:15:20.532+0300][23.090s][info ][gc] GC(833) Pause Young (Normal) (G1 Evacuation Pause) 307M->308M(512M) 11.300ms
[2020-08-01T12:15:20.552+0300][23.109s][info ][gc] GC(834) Pause Young (Normal) (G1 Evacuation Pause) 329M->330M(512M) 10.876ms
[2020-08-01T12:15:20.571+0300][23.129s][info ][gc] GC(835) Pause Young (Normal) (G1 Evacuation Pause) 351M->353M(512M) 10.616ms
[2020-08-01T12:15:20.591+0300][23.149s][info ][gc] GC(836) Pause Young (Normal) (G1 Evacuation Pause) 374M->375M(512M) 10.771ms
[2020-08-01T12:15:20.611+0300][23.169s][info ][gc] GC(837) Pause Young (Normal) (G1 Evacuation Pause) 396M->398M(512M) 10.600ms
[2020-08-01T12:15:20.631+0300][23.189s][info ][gc] GC(838) Pause Young (Normal) (G1 Evacuation Pause) 419M->421M(512M) 10.817ms
[2020-08-01T12:15:20.647+0300][23.205s][debug][gc] GC(832) Reclaimed 119 empty regions
[2020-08-01T12:15:20.647+0300][23.205s][info ][gc] GC(832) Pause Remark 425M->307M(512M) 0.604ms
[2020-08-01T12:15:20.674+0300][23.232s][info ][gc] GC(839) Pause Young (Normal) (G1 Evacuation Pause) 344M->346M(512M) 10.574ms
[2020-08-01T12:15:20.700+0300][23.258s][info ][gc] GC(840) Pause Young (Normal) (G1 Evacuation Pause) 367M->369M(512M) 10.481ms
[2020-08-01T12:15:20.726+0300][23.284s][info ][gc] GC(841) Pause Young (Normal) (G1 Evacuation Pause) 390M->392M(512M) 10.707ms
[2020-08-01T12:15:20.753+0300][23.311s][info ][gc] GC(842) Pause Young (Normal) (G1 Evacuation Pause) 413M->414M(512M) 10.839ms
[2020-08-01T12:15:20.785+0300][23.342s][info ][gc] GC(843) Pause Young (Normal) (G1 Evacuation Pause) 435M->436M(512M) 11.836ms
[2020-08-01T12:15:20.846+0300][23.403s][info ][gc] GC(844) Pause Young (Normal) (G1 Evacuation Pause) 477M->478M(512M) 11.093ms
[2020-08-01T12:15:20.860+0300][23.417s][info ][gc] GC(832) Pause Cleanup 491M->491M(512M) 0.185ms
[2020-08-01T12:15:20.860+0300][23.418s][info ][gc] GC(832) Concurrent Cycle 369.701ms
[2020-08-01T12:15:20.888+0300][23.445s][info ][gc] GC(845) To-space exhausted
[2020-08-01T12:15:20.888+0300][23.445s][info ][gc] GC(845) Pause Young (Normal) (G1 Evacuation Pause) 499M->504M(512M) 24.532ms
[2020-08-01T12:15:20.909+0300][23.466s][info ][gc] GC(846) To-space exhausted
[2020-08-01T12:15:20.909+0300][23.466s][info ][gc] GC(846) Pause Young (Concurrent Start) (G1 Evacuation Pause) 511M->511M(512M) 17.122ms
[2020-08-01T12:15:20.909+0300][23.466s][info ][gc] GC(848) Concurrent Cycle
[2020-08-01T12:15:20.909+0300][23.467s][debug][gc] GC(847) Clear Next Bitmap 0.321ms
[2020-08-01T12:15:20.942+0300][23.499s][info ][gc] GC(847) Pause Full (G1 Evacuation Pause) 511M->57M(512M) 32.703ms
[2020-08-01T12:15:20.942+0300][23.499s][info ][gc] GC(848) Concurrent Cycle 33.017ms
[2020-08-01T12:15:20.965+0300][23.523s][info ][gc] GC(849) Pause Young (Normal) (G1 Evacuation Pause) 86M->86M(512M) 12.089ms
[2020-08-01T12:15:20.987+0300][23.545s][info ][gc] GC(850) Pause Young (Normal) (G1 Evacuation Pause) 111M->113M(512M) 12.143ms
[2020-08-01T12:15:21.007+0300][23.565s][info ][gc] GC(851) Pause Young (Normal) (G1 Evacuation Pause) 134M->136M(512M) 10.743ms
[2020-08-01T12:15:21.048+0300][23.605s][info ][gc] GC(852) Pause Young (Normal) (G1 Evacuation Pause) 177M->179M(512M) 10.368ms
[2020-08-01T12:15:21.068+0300][23.626s][info ][gc] GC(853) Pause Young (Normal) (G1 Evacuation Pause) 200M->201M(512M) 11.651ms
[2020-08-01T12:15:21.087+0300][23.645s][info ][gc] GC(854) Pause Young (Normal) (G1 Evacuation Pause) 222M->223M(512M) 10.911ms
[2020-08-01T12:15:21.108+0300][23.666s][info ][gc] GC(855) Pause Young (Normal) (G1 Evacuation Pause) 244M->245M(512M) 12.248ms
[2020-08-01T12:15:21.127+0300][23.685s][info ][gc] GC(856) Pause Young (Concurrent Start) (G1 Evacuation Pause) 266M->267M(512M) 10.354ms
[2020-08-01T12:15:21.127+0300][23.685s][info ][gc] GC(857) Concurrent Cycle
[2020-08-01T12:15:21.169+0300][23.727s][info ][gc] GC(858) Pause Young (Normal) (G1 Evacuation Pause) 308M->309M(512M) 11.197ms
[2020-08-01T12:15:21.189+0300][23.747s][info ][gc] GC(859) Pause Young (Normal) (G1 Evacuation Pause) 330M->332M(512M) 11.110ms
[2020-08-01T12:15:21.211+0300][23.769s][info ][gc] GC(860) Pause Young (Normal) (G1 Evacuation Pause) 353M->354M(512M) 12.228ms
[2020-08-01T12:15:21.233+0300][23.791s][info ][gc] GC(861) Pause Young (Normal) (G1 Evacuation Pause) 375M->378M(512M) 12.193ms
[2020-08-01T12:15:21.255+0300][23.812s][info ][gc] GC(862) Pause Young (Normal) (G1 Evacuation Pause) 399M->400M(512M) 11.268ms
[2020-08-01T12:15:21.278+0300][23.836s][info ][gc] GC(863) Pause Young (Normal) (G1 Evacuation Pause) 421M->422M(512M) 11.027ms
[2020-08-01T12:15:21.290+0300][23.848s][debug][gc] GC(857) Reclaimed 131 empty regions
[2020-08-01T12:15:21.290+0300][23.848s][info ][gc] GC(857) Pause Remark 427M->298M(512M) 0.524ms
[2020-08-01T12:15:21.318+0300][23.876s][info ][gc] GC(864) Pause Young (Normal) (G1 Evacuation Pause) 335M->336M(512M) 12.928ms
[2020-08-01T12:15:21.345+0300][23.903s][info ][gc] GC(865) Pause Young (Normal) (G1 Evacuation Pause) 357M->359M(512M) 10.891ms
[2020-08-01T12:15:21.372+0300][23.929s][info ][gc] GC(866) Pause Young (Normal) (G1 Evacuation Pause) 380M->381M(512M) 10.637ms
[2020-08-01T12:15:21.397+0300][23.955s][info ][gc] GC(867) Pause Young (Normal) (G1 Evacuation Pause) 402M->403M(512M) 11.933ms
[2020-08-01T12:15:21.431+0300][23.989s][info ][gc] GC(868) Pause Young (Normal) (G1 Evacuation Pause) 424M->425M(512M) 12.282ms
[2020-08-01T12:15:21.481+0300][24.039s][info ][gc] GC(869) Pause Young (Normal) (G1 Evacuation Pause) 466M->467M(512M) 10.495ms
[2020-08-01T12:15:21.511+0300][24.069s][info ][gc] GC(870) To-space exhausted
[2020-08-01T12:15:21.511+0300][24.069s][info ][gc] GC(870) Pause Young (Normal) (G1 Evacuation Pause) 488M->494M(512M) 12.203ms
[2020-08-01T12:15:21.525+0300][24.082s][info ][gc] GC(857) Pause Cleanup 508M->508M(512M) 0.169ms
[2020-08-01T12:15:21.525+0300][24.083s][info ][gc] GC(857) Concurrent Cycle 397.926ms
[2020-08-01T12:15:21.557+0300][24.114s][info ][gc] GC(871) To-space exhausted
[2020-08-01T12:15:21.557+0300][24.114s][info ][gc] GC(871) Pause Young (Normal) (G1 Evacuation Pause) 511M->511M(512M) 30.508ms
[2020-08-01T12:15:21.596+0300][24.154s][info ][gc] GC(872) Pause Full (G1 Evacuation Pause) 511M->67M(512M) 39.593ms
[2020-08-01T12:15:21.618+0300][24.176s][info ][gc] GC(873) Pause Young (Normal) (G1 Evacuation Pause) 94M->94M(512M) 10.621ms
[2020-08-01T12:15:21.640+0300][24.197s][info ][gc] GC(874) Pause Young (Normal) (G1 Evacuation Pause) 118M->120M(512M) 12.100ms
[2020-08-01T12:15:21.682+0300][24.240s][info ][gc] GC(875) Pause Young (Normal) (G1 Evacuation Pause) 161M->163M(512M) 10.984ms
[2020-08-01T12:15:21.701+0300][24.259s][info ][gc] GC(876) Pause Young (Normal) (G1 Evacuation Pause) 184M->186M(512M) 10.415ms
[2020-08-01T12:15:21.720+0300][24.278s][info ][gc] GC(877) Pause Young (Normal) (G1 Evacuation Pause) 207M->208M(512M) 10.557ms
[2020-08-01T12:15:21.740+0300][24.298s][info ][gc] GC(878) Pause Young (Normal) (G1 Evacuation Pause) 229M->230M(512M) 10.906ms
[2020-08-01T12:15:21.759+0300][24.316s][info ][gc] GC(879) Pause Young (Normal) (G1 Evacuation Pause) 251M->253M(512M) 10.484ms
[2020-08-01T12:15:21.778+0300][24.335s][info ][gc] GC(880) Pause Young (Concurrent Start) (G1 Evacuation Pause) 274M->276M(512M) 10.599ms
[2020-08-01T12:15:21.778+0300][24.336s][info ][gc] GC(881) Concurrent Cycle
[2020-08-01T12:15:21.811+0300][24.369s][info ][gc] GC(882) Pause Young (Normal) (G1 Evacuation Pause) 317M->318M(512M) 10.068ms
[2020-08-01T12:15:21.831+0300][24.389s][info ][gc] GC(883) Pause Young (Normal) (G1 Evacuation Pause) 339M->341M(512M) 11.193ms
[2020-08-01T12:15:21.852+0300][24.410s][info ][gc] GC(884) Pause Young (Normal) (G1 Evacuation Pause) 362M->363M(512M) 11.199ms
[2020-08-01T12:15:21.873+0300][24.431s][info ][gc] GC(885) Pause Young (Normal) (G1 Evacuation Pause) 384M->385M(512M) 11.983ms
[2020-08-01T12:15:21.896+0300][24.454s][info ][gc] GC(886) Pause Young (Normal) (G1 Evacuation Pause) 406M->407M(512M) 12.001ms
[2020-08-01T12:15:21.932+0300][24.489s][info ][gc] GC(887) Pause Young (Normal) (G1 Evacuation Pause) 448M->449M(512M) 10.521ms
[2020-08-01T12:15:21.951+0300][24.509s][info ][gc] GC(888) Pause Young (Normal) (G1 Evacuation Pause) 470M->472M(512M) 10.496ms
[2020-08-01T12:15:21.955+0300][24.512s][debug][gc] GC(881) Reclaimed 134 empty regions
[2020-08-01T12:15:21.955+0300][24.512s][info ][gc] GC(881) Pause Remark 479M->348M(512M) 0.554ms
[2020-08-01T12:15:21.971+0300][24.529s][info ][gc] GC(889) Pause Young (Normal) (G1 Evacuation Pause) 362M->363M(512M) 10.769ms
[2020-08-01T12:15:21.997+0300][24.555s][info ][gc] GC(890) Pause Young (Normal) (G1 Evacuation Pause) 384M->385M(512M) 10.204ms
[2020-08-01T12:15:22.024+0300][24.582s][info ][gc] GC(891) Pause Young (Normal) (G1 Evacuation Pause) 406M->408M(512M) 10.069ms
[2020-08-01T12:15:22.052+0300][24.609s][info ][gc] GC(892) Pause Young (Normal) (G1 Evacuation Pause) 429M->429M(512M) 10.803ms
[2020-08-01T12:15:22.108+0300][24.666s][info ][gc] GC(893) Pause Young (Normal) (G1 Evacuation Pause) 470M->471M(512M) 11.154ms
[2020-08-01T12:15:22.143+0300][24.701s][info ][gc] GC(894) To-space exhausted
[2020-08-01T12:15:22.143+0300][24.701s][info ][gc] GC(894) Pause Young (Normal) (G1 Evacuation Pause) 492M->497M(512M) 18.546ms
[2020-08-01T12:15:22.182+0300][24.740s][info ][gc] GC(895) To-space exhausted
[2020-08-01T12:15:22.182+0300][24.740s][info ][gc] GC(895) Pause Young (Normal) (G1 Evacuation Pause) 511M->511M(512M) 24.879ms
[2020-08-01T12:15:22.183+0300][24.740s][debug][gc] GC(896) Clear Next Bitmap 0.253ms
[2020-08-01T12:15:22.224+0300][24.782s][info ][gc] GC(896) Pause Full (G1 Evacuation Pause) 511M->71M(512M) 41.965ms
[2020-08-01T12:15:22.224+0300][24.782s][info ][gc] GC(881) Concurrent Cycle 446.612ms
[2020-08-01T12:15:22.246+0300][24.804s][info ][gc] GC(897) Pause Young (Normal) (G1 Evacuation Pause) 98M->98M(512M) 10.699ms
[2020-08-01T12:15:22.269+0300][24.827s][info ][gc] GC(898) Pause Young (Normal) (G1 Evacuation Pause) 123M->124M(512M) 12.580ms
[2020-08-01T12:15:22.304+0300][24.861s][info ][gc] GC(899) Pause Young (Normal) (G1 Evacuation Pause) 165M->166M(512M) 10.349ms
[2020-08-01T12:15:22.323+0300][24.881s][info ][gc] GC(900) Pause Young (Normal) (G1 Evacuation Pause) 187M->189M(512M) 10.788ms
[2020-08-01T12:15:22.342+0300][24.900s][info ][gc] GC(901) Pause Young (Normal) (G1 Evacuation Pause) 210M->211M(512M) 10.616ms
[2020-08-01T12:15:22.361+0300][24.919s][info ][gc] GC(902) Pause Young (Normal) (G1 Evacuation Pause) 232M->234M(512M) 10.433ms
[2020-08-01T12:15:22.381+0300][24.939s][info ][gc] GC(903) Pause Young (Concurrent Start) (G1 Evacuation Pause) 255M->256M(512M) 10.735ms
[2020-08-01T12:15:22.381+0300][24.939s][info ][gc] GC(904) Concurrent Cycle
[2020-08-01T12:15:22.401+0300][24.959s][info ][gc] GC(905) Pause Young (Normal) (G1 Evacuation Pause) 277M->279M(512M) 11.768ms
[2020-08-01T12:15:22.435+0300][24.993s][info ][gc] GC(906) Pause Young (Normal) (G1 Evacuation Pause) 320M->321M(512M) 10.669ms
[2020-08-01T12:15:22.455+0300][25.012s][info ][gc] GC(907) Pause Young (Normal) (G1 Evacuation Pause) 342M->343M(512M) 10.489ms
[2020-08-01T12:15:22.474+0300][25.032s][info ][gc] GC(908) Pause Young (Normal) (G1 Evacuation Pause) 364M->365M(512M) 10.490ms
[2020-08-01T12:15:22.495+0300][25.052s][info ][gc] GC(909) Pause Young (Normal) (G1 Evacuation Pause) 386M->387M(512M) 10.779ms
[2020-08-01T12:15:22.514+0300][25.072s][info ][gc] GC(910) Pause Young (Normal) (G1 Evacuation Pause) 408M->409M(512M) 10.597ms
[2020-08-01T12:15:22.529+0300][25.087s][debug][gc] GC(904) Reclaimed 123 empty regions
[2020-08-01T12:15:22.529+0300][25.087s][info ][gc] GC(904) Pause Remark 422M->301M(512M) 0.509ms
[2020-08-01T12:15:22.556+0300][25.114s][info ][gc] GC(911) Pause Young (Normal) (G1 Evacuation Pause) 329M->330M(512M) 10.543ms
[2020-08-01T12:15:22.587+0300][25.145s][info ][gc] GC(912) Pause Young (Normal) (G1 Evacuation Pause) 351M->353M(512M) 12.828ms
[2020-08-01T12:15:22.614+0300][25.172s][info ][gc] GC(913) Pause Young (Normal) (G1 Evacuation Pause) 374M->375M(512M) 10.702ms
[2020-08-01T12:15:22.640+0300][25.198s][info ][gc] GC(914) Pause Young (Normal) (G1 Evacuation Pause) 396M->398M(512M) 10.737ms
[2020-08-01T12:15:22.667+0300][25.225s][info ][gc] GC(915) Pause Young (Normal) (G1 Evacuation Pause) 419M->420M(512M) 11.127ms
[2020-08-01T12:15:22.696+0300][25.254s][info ][gc] GC(916) Pause Young (Normal) (G1 Evacuation Pause) 441M->442M(512M) 12.199ms
[2020-08-01T12:15:22.748+0300][25.306s][info ][gc] GC(917) Pause Young (Normal) (G1 Evacuation Pause) 483M->485M(512M) 10.955ms
[2020-08-01T12:15:22.757+0300][25.315s][info ][gc] GC(904) Pause Cleanup 497M->497M(512M) 0.168ms
[2020-08-01T12:15:22.758+0300][25.315s][info ][gc] GC(904) Concurrent Cycle 376.611ms
[2020-08-01T12:15:22.793+0300][25.350s][info ][gc] GC(918) To-space exhausted
[2020-08-01T12:15:22.793+0300][25.350s][info ][gc] GC(918) Pause Young (Normal) (G1 Evacuation Pause) 506M->511M(512M) 31.683ms
[2020-08-01T12:15:22.832+0300][25.389s][info ][gc] GC(919) Pause Full (G1 Evacuation Pause) 511M->62M(512M) 38.704ms
[2020-08-01T12:15:22.854+0300][25.412s][info ][gc] GC(920) Pause Young (Normal) (G1 Evacuation Pause) 89M->89M(512M) 11.630ms
[2020-08-01T12:15:22.876+0300][25.434s][info ][gc] GC(921) Pause Young (Normal) (G1 Evacuation Pause) 114M->116M(512M) 11.889ms
[2020-08-01T12:15:22.895+0300][25.453s][info ][gc] GC(922) Pause Young (Normal) (G1 Evacuation Pause) 137M->138M(512M) 10.297ms
[2020-08-01T12:15:22.969+0300][25.526s][info ][gc] GC(923) Pause Young (Normal) (G1 Evacuation Pause) 179M->181M(512M) 26.341ms
[2020-08-01T12:15:22.994+0300][25.551s][info ][gc] GC(924) Pause Young (Normal) (G1 Evacuation Pause) 202M->204M(512M) 12.367ms
[2020-08-01T12:15:23.013+0300][25.571s][info ][gc] GC(925) Pause Young (Normal) (G1 Evacuation Pause) 225M->226M(512M) 10.279ms
[2020-08-01T12:15:23.032+0300][25.589s][info ][gc] GC(926) Pause Young (Normal) (G1 Evacuation Pause) 247M->249M(512M) 10.303ms
[2020-08-01T12:15:23.051+0300][25.609s][info ][gc] GC(927) Pause Young (Concurrent Start) (G1 Evacuation Pause) 270M->271M(512M) 10.845ms
[2020-08-01T12:15:23.051+0300][25.609s][info ][gc] GC(928) Concurrent Cycle
[2020-08-01T12:15:23.085+0300][25.642s][info ][gc] GC(929) Pause Young (Normal) (G1 Evacuation Pause) 312M->314M(512M) 10.725ms
[2020-08-01T12:15:23.104+0300][25.662s][info ][gc] GC(930) Pause Young (Normal) (G1 Evacuation Pause) 335M->336M(512M) 10.575ms
[2020-08-01T12:15:23.123+0300][25.681s][info ][gc] GC(931) Pause Young (Normal) (G1 Evacuation Pause) 357M->359M(512M) 10.475ms
[2020-08-01T12:15:23.142+0300][25.700s][info ][gc] GC(932) Pause Young (Normal) (G1 Evacuation Pause) 380M->381M(512M) 10.102ms
[2020-08-01T12:15:23.161+0300][25.719s][info ][gc] GC(933) Pause Young (Normal) (G1 Evacuation Pause) 402M->404M(512M) 10.486ms
[2020-08-01T12:15:23.180+0300][25.738s][info ][gc] GC(934) Pause Young (Normal) (G1 Evacuation Pause) 425M->426M(512M) 10.637ms
[2020-08-01T12:15:23.207+0300][25.765s][debug][gc] GC(928) Reclaimed 134 empty regions
[2020-08-01T12:15:23.207+0300][25.765s][info ][gc] GC(928) Pause Remark 446M->316M(512M) 0.670ms
[2020-08-01T12:15:23.228+0300][25.786s][info ][gc] GC(935) Pause Young (Normal) (G1 Evacuation Pause) 336M->338M(512M) 10.820ms
[2020-08-01T12:15:23.262+0300][25.820s][info ][gc] GC(936) Pause Young (Normal) (G1 Evacuation Pause) 359M->360M(512M) 10.778ms
[2020-08-01T12:15:23.292+0300][25.850s][info ][gc] GC(937) Pause Young (Normal) (G1 Evacuation Pause) 381M->383M(512M) 12.700ms
[2020-08-01T12:15:23.322+0300][25.880s][info ][gc] GC(938) Pause Young (Normal) (G1 Evacuation Pause) 404M->405M(512M) 12.542ms
[2020-08-01T12:15:23.351+0300][25.909s][info ][gc] GC(939) Pause Young (Normal) (G1 Evacuation Pause) 426M->427M(512M) 10.450ms
[2020-08-01T12:15:23.394+0300][25.952s][info ][gc] GC(940) Pause Young (Normal) (G1 Evacuation Pause) 468M->469M(512M) 10.796ms
[2020-08-01T12:15:23.425+0300][25.983s][info ][gc] GC(941) To-space exhausted
[2020-08-01T12:15:23.425+0300][25.983s][info ][gc] GC(941) Pause Young (Normal) (G1 Evacuation Pause) 490M->498M(512M) 14.700ms
[2020-08-01T12:15:23.463+0300][26.020s][info ][gc] GC(942) To-space exhausted
[2020-08-01T12:15:23.463+0300][26.021s][info ][gc] GC(942) Pause Young (Normal) (G1 Evacuation Pause) 511M->511M(512M) 24.733ms
[2020-08-01T12:15:23.463+0300][26.021s][debug][gc] GC(943) Clear Next Bitmap 0.479ms
[2020-08-01T12:15:23.503+0300][26.061s][info ][gc] GC(943) Pause Full (G1 Evacuation Pause) 511M->66M(512M) 40.334ms
[2020-08-01T12:15:23.504+0300][26.061s][info ][gc] GC(928) Concurrent Cycle 452.683ms
[2020-08-01T12:15:23.526+0300][26.083s][info ][gc] GC(944) Pause Young (Normal) (G1 Evacuation Pause) 91M->91M(512M) 12.116ms
[2020-08-01T12:15:23.544+0300][26.102s][info ][gc] GC(945) Pause Young (Normal) (G1 Evacuation Pause) 112M->113M(512M) 10.596ms
[2020-08-01T12:15:23.563+0300][26.121s][info ][gc] GC(946) Pause Young (Normal) (G1 Evacuation Pause) 134M->135M(512M) 10.552ms
[2020-08-01T12:15:23.629+0300][26.187s][info ][gc] GC(947) Pause Young (Normal) (G1 Evacuation Pause) 176M->177M(512M) 18.492ms
[2020-08-01T12:15:23.651+0300][26.209s][info ][gc] GC(948) Pause Young (Normal) (G1 Evacuation Pause) 198M->200M(512M) 11.217ms
[2020-08-01T12:15:23.671+0300][26.229s][info ][gc] GC(949) Pause Young (Normal) (G1 Evacuation Pause) 221M->223M(512M) 10.842ms
[2020-08-01T12:15:23.690+0300][26.248s][info ][gc] GC(950) Pause Young (Normal) (G1 Evacuation Pause) 244M->245M(512M) 10.757ms
[2020-08-01T12:15:23.709+0300][26.266s][info ][gc] GC(951) Pause Young (Concurrent Start) (G1 Evacuation Pause) 266M->268M(512M) 9.837ms
[2020-08-01T12:15:23.709+0300][26.266s][info ][gc] GC(952) Concurrent Cycle
[2020-08-01T12:15:23.752+0300][26.310s][info ][gc] GC(953) Pause Young (Normal) (G1 Evacuation Pause) 309M->311M(512M) 11.377ms
[2020-08-01T12:15:23.771+0300][26.329s][info ][gc] GC(954) Pause Young (Normal) (G1 Evacuation Pause) 332M->333M(512M) 10.346ms
[2020-08-01T12:15:23.791+0300][26.349s][info ][gc] GC(955) Pause Young (Normal) (G1 Evacuation Pause) 354M->356M(512M) 10.905ms
[2020-08-01T12:15:23.810+0300][26.368s][info ][gc] GC(956) Pause Young (Normal) (G1 Evacuation Pause) 377M->378M(512M) 10.551ms
[2020-08-01T12:15:23.832+0300][26.390s][info ][gc] GC(957) Pause Young (Normal) (G1 Evacuation Pause) 399M->400M(512M) 12.778ms
[2020-08-01T12:15:23.852+0300][26.410s][info ][gc] GC(958) Pause Young (Normal) (G1 Evacuation Pause) 421M->423M(512M) 10.871ms
[2020-08-01T12:15:23.866+0300][26.424s][debug][gc] GC(952) Reclaimed 127 empty regions
[2020-08-01T12:15:23.866+0300][26.424s][info ][gc] GC(952) Pause Remark 425M->300M(512M) 0.520ms
[2020-08-01T12:15:23.896+0300][26.454s][info ][gc] GC(959) Pause Young (Normal) (G1 Evacuation Pause) 338M->339M(512M) 13.412ms
[2020-08-01T12:15:23.923+0300][26.481s][info ][gc] GC(960) Pause Young (Normal) (G1 Evacuation Pause) 360M->362M(512M) 11.846ms
[2020-08-01T12:15:23.951+0300][26.509s][info ][gc] GC(961) Pause Young (Normal) (G1 Evacuation Pause) 383M->385M(512M) 10.962ms
[2020-08-01T12:15:23.978+0300][26.536s][info ][gc] GC(962) Pause Young (Normal) (G1 Evacuation Pause) 406M->407M(512M) 10.531ms
[2020-08-01T12:15:24.005+0300][26.562s][info ][gc] GC(963) Pause Young (Normal) (G1 Evacuation Pause) 428M->429M(512M) 10.912ms
[2020-08-01T12:15:24.048+0300][26.606s][info ][gc] GC(964) Pause Young (Normal) (G1 Evacuation Pause) 470M->471M(512M) 12.064ms
[2020-08-01T12:15:24.082+0300][26.640s][info ][gc] GC(965) To-space exhausted
[2020-08-01T12:15:24.083+0300][26.640s][info ][gc] GC(965) Pause Young (Normal) (G1 Evacuation Pause) 492M->501M(512M) 18.302ms
[2020-08-01T12:15:24.118+0300][26.675s][info ][gc] GC(966) To-space exhausted
[2020-08-01T12:15:24.118+0300][26.676s][info ][gc] GC(966) Pause Young (Normal) (G1 Evacuation Pause) 511M->511M(512M) 22.451ms
[2020-08-01T12:15:24.118+0300][26.676s][debug][gc] GC(967) Clear Next Bitmap 0.336ms
[2020-08-01T12:15:24.157+0300][26.714s][info ][gc] GC(967) Pause Full (G1 Evacuation Pause) 511M->61M(512M) 38.583ms
[2020-08-01T12:15:24.157+0300][26.714s][info ][gc] GC(952) Concurrent Cycle 448.124ms
[2020-08-01T12:15:24.177+0300][26.735s][info ][gc] GC(968) Pause Young (Normal) (G1 Evacuation Pause) 86M->87M(512M) 10.637ms
[2020-08-01T12:15:24.199+0300][26.757s][info ][gc] GC(969) Pause Young (Normal) (G1 Evacuation Pause) 110M->111M(512M) 12.464ms
[2020-08-01T12:15:24.218+0300][26.776s][info ][gc] GC(970) Pause Young (Normal) (G1 Evacuation Pause) 132M->133M(512M) 10.440ms
[2020-08-01T12:15:24.250+0300][26.808s][info ][gc] GC(971) Pause Young (Normal) (G1 Evacuation Pause) 174M->175M(512M) 10.903ms
[2020-08-01T12:15:24.272+0300][26.830s][info ][gc] GC(972) Pause Young (Normal) (G1 Evacuation Pause) 196M->198M(512M) 12.340ms
[2020-08-01T12:15:24.294+0300][26.852s][info ][gc] GC(973) Pause Young (Normal) (G1 Evacuation Pause) 219M->220M(512M) 12.130ms
[2020-08-01T12:15:24.314+0300][26.872s][info ][gc] GC(974) Pause Young (Normal) (G1 Evacuation Pause) 241M->243M(512M) 11.035ms
[2020-08-01T12:15:24.334+0300][26.891s][info ][gc] GC(975) Pause Young (Concurrent Start) (G1 Evacuation Pause) 264M->265M(512M) 10.827ms
[2020-08-01T12:15:24.334+0300][26.891s][info ][gc] GC(976) Concurrent Cycle
[2020-08-01T12:15:24.367+0300][26.925s][info ][gc] GC(977) Pause Young (Normal) (G1 Evacuation Pause) 306M->308M(512M) 10.300ms
[2020-08-01T12:15:24.386+0300][26.944s][info ][gc] GC(978) Pause Young (Normal) (G1 Evacuation Pause) 329M->329M(512M) 10.454ms
[2020-08-01T12:15:24.406+0300][26.964s][info ][gc] GC(979) Pause Young (Normal) (G1 Evacuation Pause) 350M->352M(512M) 11.320ms
[2020-08-01T12:15:24.425+0300][26.983s][info ][gc] GC(980) Pause Young (Normal) (G1 Evacuation Pause) 373M->375M(512M) 10.588ms
[2020-08-01T12:15:24.445+0300][27.003s][info ][gc] GC(981) Pause Young (Normal) (G1 Evacuation Pause) 396M->397M(512M) 10.554ms
[2020-08-01T12:15:24.464+0300][27.022s][info ][gc] GC(982) Pause Young (Normal) (G1 Evacuation Pause) 418M->420M(512M) 10.814ms
[2020-08-01T12:15:24.486+0300][27.044s][debug][gc] GC(976) Reclaimed 134 empty regions
[2020-08-01T12:15:24.486+0300][27.044s][info ][gc] GC(976) Pause Remark 459M->328M(512M) 0.685ms
[2020-08-01T12:15:24.498+0300][27.056s][info ][gc] GC(983) Pause Young (Normal) (G1 Evacuation Pause) 330M->332M(512M) 11.114ms
[2020-08-01T12:15:24.528+0300][27.086s][info ][gc] GC(984) Pause Young (Normal) (G1 Evacuation Pause) 353M->354M(512M) 10.360ms
[2020-08-01T12:15:24.555+0300][27.113s][info ][gc] GC(985) Pause Young (Normal) (G1 Evacuation Pause) 375M->377M(512M) 10.678ms
[2020-08-01T12:15:24.584+0300][27.142s][info ][gc] GC(986) Pause Young (Normal) (G1 Evacuation Pause) 398M->399M(512M) 11.974ms
[2020-08-01T12:15:24.612+0300][27.170s][info ][gc] GC(987) Pause Young (Normal) (G1 Evacuation Pause) 420M->421M(512M) 10.902ms
[2020-08-01T12:15:24.650+0300][27.208s][info ][gc] GC(988) Pause Young (Normal) (G1 Evacuation Pause) 462M->464M(512M) 10.901ms
[2020-08-01T12:15:24.680+0300][27.237s][info ][gc] GC(989) To-space exhausted
[2020-08-01T12:15:24.680+0300][27.238s][info ][gc] GC(989) Pause Young (Normal) (G1 Evacuation Pause) 485M->487M(512M) 11.903ms
[2020-08-01T12:15:24.731+0300][27.289s][info ][gc] GC(990) To-space exhausted
[2020-08-01T12:15:24.731+0300][27.289s][info ][gc] GC(990) Pause Young (Normal) (G1 Evacuation Pause) 508M->511M(512M) 32.690ms
[2020-08-01T12:15:24.731+0300][27.289s][debug][gc] GC(991) Clear Next Bitmap 0.273ms
[2020-08-01T12:15:24.774+0300][27.332s][info ][gc] GC(991) Pause Full (G1 Evacuation Pause) 511M->69M(512M) 42.704ms
[2020-08-01T12:15:24.774+0300][27.332s][info ][gc] GC(976) Concurrent Cycle 440.395ms
[2020-08-01T12:15:24.795+0300][27.352s][info ][gc] GC(992) Pause Young (Normal) (G1 Evacuation Pause) 94M->94M(512M) 10.607ms
[2020-08-01T12:15:24.814+0300][27.372s][info ][gc] GC(993) Pause Young (Normal) (G1 Evacuation Pause) 117M->118M(512M) 10.666ms
[2020-08-01T12:15:24.847+0300][27.404s][info ][gc] GC(994) Pause Young (Normal) (G1 Evacuation Pause) 159M->160M(512M) 10.753ms
[2020-08-01T12:15:24.867+0300][27.425s][info ][gc] GC(995) Pause Young (Normal) (G1 Evacuation Pause) 181M->182M(512M) 12.415ms
[2020-08-01T12:15:24.887+0300][27.444s][info ][gc] GC(996) Pause Young (Normal) (G1 Evacuation Pause) 203M->204M(512M) 10.730ms
[2020-08-01T12:15:24.906+0300][27.464s][info ][gc] GC(997) Pause Young (Normal) (G1 Evacuation Pause) 225M->227M(512M) 11.043ms
[2020-08-01T12:15:24.925+0300][27.483s][info ][gc] GC(998) Pause Young (Normal) (G1 Evacuation Pause) 248M->250M(512M) 10.108ms
[2020-08-01T12:15:24.943+0300][27.501s][info ][gc] GC(999) Pause Young (Concurrent Start) (G1 Evacuation Pause) 271M->272M(512M) 9.975ms
[2020-08-01T12:15:24.944+0300][27.501s][info ][gc] GC(1000) Concurrent Cycle
[2020-08-01T12:15:24.976+0300][27.534s][info ][gc] GC(1001) Pause Young (Normal) (G1 Evacuation Pause) 313M->315M(512M) 10.189ms
[2020-08-01T12:15:24.996+0300][27.553s][info ][gc] GC(1002) Pause Young (Normal) (G1 Evacuation Pause) 336M->337M(512M) 10.149ms
[2020-08-01T12:15:25.016+0300][27.574s][info ][gc] GC(1003) Pause Young (Normal) (G1 Evacuation Pause) 358M->359M(512M) 11.908ms
[2020-08-01T12:15:25.036+0300][27.594s][info ][gc] GC(1004) Pause Young (Normal) (G1 Evacuation Pause) 380M->380M(512M) 10.492ms
[2020-08-01T12:15:25.055+0300][27.613s][info ][gc] GC(1005) Pause Young (Normal) (G1 Evacuation Pause) 401M->403M(512M) 10.363ms
[2020-08-01T12:15:25.089+0300][27.647s][info ][gc] GC(1006) Pause Young (Normal) (G1 Evacuation Pause) 444M->445M(512M) 10.884ms
[2020-08-01T12:15:25.109+0300][27.667s][info ][gc] GC(1007) Pause Young (Normal) (G1 Evacuation Pause) 466M->468M(512M) 11.619ms
[2020-08-01T12:15:25.118+0300][27.676s][debug][gc] GC(1000) Reclaimed 130 empty regions
[2020-08-01T12:15:25.118+0300][27.676s][info ][gc] GC(1000) Pause Remark 487M->359M(512M) 0.572ms
[2020-08-01T12:15:25.130+0300][27.688s][info ][gc] GC(1008) Pause Young (Normal) (G1 Evacuation Pause) 361M->363M(512M) 10.810ms
[2020-08-01T12:15:25.158+0300][27.716s][info ][gc] GC(1009) Pause Young (Normal) (G1 Evacuation Pause) 384M->385M(512M) 10.664ms
[2020-08-01T12:15:25.187+0300][27.744s][info ][gc] GC(1010) Pause Young (Normal) (G1 Evacuation Pause) 406M->407M(512M) 12.491ms
[2020-08-01T12:15:25.215+0300][27.772s][info ][gc] GC(1011) Pause Young (Normal) (G1 Evacuation Pause) 428M->429M(512M) 10.481ms
[2020-08-01T12:15:25.256+0300][27.814s][info ][gc] GC(1012) Pause Young (Normal) (G1 Evacuation Pause) 470M->471M(512M) 11.518ms
[2020-08-01T12:15:25.291+0300][27.849s][info ][gc] GC(1013) To-space exhausted
[2020-08-01T12:15:25.291+0300][27.849s][info ][gc] GC(1013) Pause Young (Normal) (G1 Evacuation Pause) 492M->499M(512M) 17.505ms
[2020-08-01T12:15:25.327+0300][27.884s][info ][gc] GC(1014) To-space exhausted
[2020-08-01T12:15:25.327+0300][27.885s][info ][gc] GC(1014) Pause Young (Normal) (G1 Evacuation Pause) 511M->511M(512M) 24.641ms
[2020-08-01T12:15:25.327+0300][27.885s][debug][gc] GC(1015) Clear Next Bitmap 0.361ms
[2020-08-01T12:15:25.371+0300][27.928s][info ][gc] GC(1015) Pause Full (G1 Evacuation Pause) 511M->68M(512M) 43.696ms
[2020-08-01T12:15:25.371+0300][27.929s][info ][gc] GC(1000) Concurrent Cycle 427.368ms
[2020-08-01T12:15:25.394+0300][27.952s][info ][gc] GC(1016) Pause Young (Normal) (G1 Evacuation Pause) 95M->95M(512M) 11.449ms
[2020-08-01T12:15:25.418+0300][27.975s][info ][gc] GC(1017) Pause Young (Normal) (G1 Evacuation Pause) 120M->121M(512M) 13.034ms
[2020-08-01T12:15:25.458+0300][28.016s][info ][gc] GC(1018) Pause Young (Normal) (G1 Evacuation Pause) 162M->163M(512M) 10.408ms
[2020-08-01T12:15:25.477+0300][28.035s][info ][gc] GC(1019) Pause Young (Normal) (G1 Evacuation Pause) 184M->185M(512M) 10.646ms
[2020-08-01T12:15:25.496+0300][28.053s][info ][gc] GC(1020) Pause Young (Normal) (G1 Evacuation Pause) 206M->208M(512M) 10.471ms
[2020-08-01T12:15:25.514+0300][28.072s][info ][gc] GC(1021) Pause Young (Normal) (G1 Evacuation Pause) 229M->230M(512M) 10.501ms
[2020-08-01T12:15:25.533+0300][28.091s][info ][gc] GC(1022) Pause Young (Concurrent Start) (G1 Evacuation Pause) 251M->253M(512M) 10.312ms
[2020-08-01T12:15:25.533+0300][28.091s][info ][gc] GC(1023) Concurrent Cycle
[2020-08-01T12:15:25.552+0300][28.110s][info ][gc] GC(1024) Pause Young (Normal) (G1 Evacuation Pause) 274M->275M(512M) 10.455ms
[2020-08-01T12:15:25.587+0300][28.145s][info ][gc] GC(1025) Pause Young (Normal) (G1 Evacuation Pause) 316M->317M(512M) 11.120ms
[2020-08-01T12:15:25.607+0300][28.165s][info ][gc] GC(1026) Pause Young (Normal) (G1 Evacuation Pause) 338M->339M(512M) 11.044ms
[2020-08-01T12:15:25.626+0300][28.184s][info ][gc] GC(1027) Pause Young (Normal) (G1 Evacuation Pause) 360M->362M(512M) 10.305ms
[2020-08-01T12:15:25.646+0300][28.203s][info ][gc] GC(1028) Pause Young (Normal) (G1 Evacuation Pause) 383M->384M(512M) 10.211ms
[2020-08-01T12:15:25.666+0300][28.224s][info ][gc] GC(1029) Pause Young (Normal) (G1 Evacuation Pause) 405M->406M(512M) 10.388ms
[2020-08-01T12:15:25.678+0300][28.236s][debug][gc] GC(1023) Reclaimed 124 empty regions
[2020-08-01T12:15:25.678+0300][28.236s][info ][gc] GC(1023) Pause Remark 422M->302M(512M) 0.554ms
[2020-08-01T12:15:25.707+0300][28.265s][info ][gc] GC(1030) Pause Young (Normal) (G1 Evacuation Pause) 327M->328M(512M) 10.528ms
[2020-08-01T12:15:25.734+0300][28.292s][info ][gc] GC(1031) Pause Young (Normal) (G1 Evacuation Pause) 349M->351M(512M) 11.616ms
[2020-08-01T12:15:25.759+0300][28.316s][info ][gc] GC(1032) Pause Young (Normal) (G1 Evacuation Pause) 372M->373M(512M) 10.930ms
[2020-08-01T12:15:25.785+0300][28.343s][info ][gc] GC(1033) Pause Young (Normal) (G1 Evacuation Pause) 394M->395M(512M) 10.537ms
[2020-08-01T12:15:25.813+0300][28.370s][info ][gc] GC(1034) Pause Young (Normal) (G1 Evacuation Pause) 416M->417M(512M) 10.569ms
[2020-08-01T12:15:25.844+0300][28.402s][info ][gc] GC(1035) Pause Young (Normal) (G1 Evacuation Pause) 438M->440M(512M) 13.064ms
[2020-08-01T12:15:25.899+0300][28.456s][info ][gc] GC(1036) Pause Young (Normal) (G1 Evacuation Pause) 481M->483M(512M) 10.706ms
[2020-08-01T12:15:25.903+0300][28.461s][info ][gc] GC(1023) Pause Cleanup 483M->483M(512M) 0.194ms
[2020-08-01T12:15:25.904+0300][28.462s][info ][gc] GC(1023) Concurrent Cycle 370.917ms
[2020-08-01T12:15:25.941+0300][28.499s][info ][gc] GC(1037) To-space exhausted
[2020-08-01T12:15:25.941+0300][28.499s][info ][gc] GC(1037) Pause Young (Normal) (G1 Evacuation Pause) 504M->509M(512M) 28.187ms
[2020-08-01T12:15:25.953+0300][28.511s][info ][gc] GC(1038) To-space exhausted
[2020-08-01T12:15:25.953+0300][28.511s][info ][gc] GC(1038) Pause Young (Concurrent Start) (G1 Evacuation Pause) 511M->511M(512M) 9.750ms
[2020-08-01T12:15:25.953+0300][28.511s][info ][gc] GC(1040) Concurrent Cycle
[2020-08-01T12:15:25.954+0300][28.511s][debug][gc] GC(1039) Clear Next Bitmap 0.383ms
[2020-08-01T12:15:25.990+0300][28.548s][info ][gc] GC(1039) Pause Full (G1 Evacuation Pause) 511M->61M(512M) 36.626ms
[2020-08-01T12:15:25.990+0300][28.548s][info ][gc] GC(1040) Concurrent Cycle 36.920ms
[2020-08-01T12:15:26.016+0300][28.574s][info ][gc] GC(1041) Pause Young (Normal) (G1 Evacuation Pause) 93M->93M(512M) 13.622ms
[2020-08-01T12:15:26.042+0300][28.600s][info ][gc] GC(1042) Pause Young (Normal) (G1 Evacuation Pause) 121M->122M(512M) 14.135ms
[2020-08-01T12:15:26.114+0300][28.672s][info ][gc] GC(1043) Pause Young (Normal) (G1 Evacuation Pause) 164M->166M(512M) 25.824ms
[2020-08-01T12:15:26.138+0300][28.696s][info ][gc] GC(1044) Pause Young (Normal) (G1 Evacuation Pause) 187M->188M(512M) 11.947ms
[2020-08-01T12:15:26.158+0300][28.716s][info ][gc] GC(1045) Pause Young (Normal) (G1 Evacuation Pause) 209M->210M(512M) 11.633ms
[2020-08-01T12:15:26.177+0300][28.735s][info ][gc] GC(1046) Pause Young (Normal) (G1 Evacuation Pause) 231M->232M(512M) 10.584ms
[2020-08-01T12:15:26.196+0300][28.754s][info ][gc] GC(1047) Pause Young (Concurrent Start) (G1 Evacuation Pause) 253M->255M(512M) 10.615ms
[2020-08-01T12:15:26.196+0300][28.754s][info ][gc] GC(1048) Concurrent Cycle
[2020-08-01T12:15:26.215+0300][28.773s][info ][gc] GC(1049) Pause Young (Normal) (G1 Evacuation Pause) 276M->277M(512M) 10.268ms
[2020-08-01T12:15:26.259+0300][28.816s][info ][gc] GC(1050) Pause Young (Normal) (G1 Evacuation Pause) 318M->320M(512M) 10.572ms
[2020-08-01T12:15:26.279+0300][28.837s][info ][gc] GC(1051) Pause Young (Normal) (G1 Evacuation Pause) 341M->342M(512M) 10.499ms
[2020-08-01T12:15:26.301+0300][28.859s][info ][gc] GC(1052) Pause Young (Normal) (G1 Evacuation Pause) 363M->365M(512M) 11.673ms
[2020-08-01T12:15:26.322+0300][28.880s][info ][gc] GC(1053) Pause Young (Normal) (G1 Evacuation Pause) 386M->388M(512M) 11.158ms
[2020-08-01T12:15:26.345+0300][28.903s][info ][gc] GC(1054) Pause Young (Normal) (G1 Evacuation Pause) 409M->410M(512M) 12.099ms
[2020-08-01T12:15:26.349+0300][28.906s][debug][gc] GC(1048) Reclaimed 129 empty regions
[2020-08-01T12:15:26.349+0300][28.906s][info ][gc] GC(1048) Pause Remark 416M->290M(512M) 0.637ms
[2020-08-01T12:15:26.379+0300][28.937s][info ][gc] GC(1055) Pause Young (Normal) (G1 Evacuation Pause) 326M->327M(512M) 11.128ms
[2020-08-01T12:15:26.405+0300][28.963s][info ][gc] GC(1056) Pause Young (Normal) (G1 Evacuation Pause) 348M->349M(512M) 10.663ms
[2020-08-01T12:15:26.430+0300][28.988s][info ][gc] GC(1057) Pause Young (Normal) (G1 Evacuation Pause) 370M->372M(512M) 10.490ms
[2020-08-01T12:15:26.458+0300][29.016s][info ][gc] GC(1058) Pause Young (Normal) (G1 Evacuation Pause) 393M->394M(512M) 10.604ms
[2020-08-01T12:15:26.487+0300][29.045s][info ][gc] GC(1059) Pause Young (Normal) (G1 Evacuation Pause) 415M->416M(512M) 11.458ms
[2020-08-01T12:15:26.514+0300][29.072s][info ][gc] GC(1060) Pause Young (Normal) (G1 Evacuation Pause) 437M->438M(512M) 11.037ms
[2020-08-01T12:15:26.556+0300][29.113s][info ][gc] GC(1061) Pause Young (Normal) (G1 Evacuation Pause) 479M->481M(512M) 11.179ms
[2020-08-01T12:15:26.600+0300][29.158s][info ][gc] GC(1062) To-space exhausted
[2020-08-01T12:15:26.600+0300][29.158s][info ][gc] GC(1062) Pause Young (Normal) (G1 Evacuation Pause) 502M->507M(512M) 27.070ms
[2020-08-01T12:15:26.607+0300][29.164s][info ][gc] GC(1048) Pause Cleanup 508M->508M(512M) 0.222ms
[2020-08-01T12:15:26.607+0300][29.165s][info ][gc] GC(1048) Concurrent Cycle 410.693ms
[2020-08-01T12:15:26.622+0300][29.179s][info ][gc] GC(1063) To-space exhausted
[2020-08-01T12:15:26.622+0300][29.179s][info ][gc] GC(1063) Pause Young (Normal) (G1 Evacuation Pause) 511M->511M(512M) 12.957ms
[2020-08-01T12:15:26.660+0300][29.218s][info ][gc] GC(1064) Pause Full (G1 Evacuation Pause) 511M->65M(512M) 38.226ms
[2020-08-01T12:15:26.682+0300][29.239s][info ][gc] GC(1065) Pause Young (Normal) (G1 Evacuation Pause) 91M->91M(512M) 10.456ms
[2020-08-01T12:15:26.705+0300][29.262s][info ][gc] GC(1066) Pause Young (Normal) (G1 Evacuation Pause) 114M->115M(512M) 13.712ms
[2020-08-01T12:15:26.724+0300][29.282s][info ][gc] GC(1067) Pause Young (Normal) (G1 Evacuation Pause) 136M->138M(512M) 10.778ms
[2020-08-01T12:15:26.756+0300][29.314s][info ][gc] GC(1068) Pause Young (Normal) (G1 Evacuation Pause) 179M->181M(512M) 10.677ms
[2020-08-01T12:15:26.776+0300][29.334s][info ][gc] GC(1069) Pause Young (Normal) (G1 Evacuation Pause) 202M->204M(512M) 10.492ms
[2020-08-01T12:15:26.795+0300][29.353s][info ][gc] GC(1070) Pause Young (Normal) (G1 Evacuation Pause) 225M->226M(512M) 10.616ms
[2020-08-01T12:15:26.814+0300][29.372s][info ][gc] GC(1071) Pause Young (Normal) (G1 Evacuation Pause) 247M->248M(512M) 10.553ms
[2020-08-01T12:15:26.834+0300][29.392s][info ][gc] GC(1072) Pause Young (Concurrent Start) (G1 Evacuation Pause) 269M->271M(512M) 11.676ms
[2020-08-01T12:15:26.834+0300][29.392s][info ][gc] GC(1073) Concurrent Cycle
[2020-08-01T12:15:26.868+0300][29.425s][info ][gc] GC(1074) Pause Young (Normal) (G1 Evacuation Pause) 312M->314M(512M) 11.092ms
[2020-08-01T12:15:26.887+0300][29.445s][info ][gc] GC(1075) Pause Young (Normal) (G1 Evacuation Pause) 335M->336M(512M) 10.439ms
[2020-08-01T12:15:26.907+0300][29.465s][info ][gc] GC(1076) Pause Young (Normal) (G1 Evacuation Pause) 357M->358M(512M) 11.479ms
[2020-08-01T12:15:26.926+0300][29.484s][info ][gc] GC(1077) Pause Young (Normal) (G1 Evacuation Pause) 379M->381M(512M) 10.618ms
[2020-08-01T12:15:26.946+0300][29.504s][info ][gc] GC(1078) Pause Young (Normal) (G1 Evacuation Pause) 402M->403M(512M) 10.380ms
[2020-08-01T12:15:26.967+0300][29.525s][info ][gc] GC(1079) Pause Young (Normal) (G1 Evacuation Pause) 424M->426M(512M) 11.344ms
[2020-08-01T12:15:27.002+0300][29.560s][info ][gc] GC(1080) Pause Young (Normal) (G1 Evacuation Pause) 467M->468M(512M) 11.013ms
[2020-08-01T12:15:27.006+0300][29.564s][debug][gc] GC(1073) Reclaimed 132 empty regions
[2020-08-01T12:15:27.006+0300][29.564s][info ][gc] GC(1073) Pause Remark 476M->346M(512M) 0.660ms
[2020-08-01T12:15:27.023+0300][29.581s][info ][gc] GC(1081) Pause Young (Normal) (G1 Evacuation Pause) 359M->361M(512M) 11.249ms
[2020-08-01T12:15:27.049+0300][29.607s][info ][gc] GC(1082) Pause Young (Normal) (G1 Evacuation Pause) 382M->383M(512M) 10.800ms
[2020-08-01T12:15:27.075+0300][29.633s][info ][gc] GC(1083) Pause Young (Normal) (G1 Evacuation Pause) 404M->405M(512M) 10.606ms
[2020-08-01T12:15:27.102+0300][29.660s][info ][gc] GC(1084) Pause Young (Normal) (G1 Evacuation Pause) 426M->427M(512M) 10.383ms
[2020-08-01T12:15:27.144+0300][29.702s][info ][gc] GC(1085) Pause Young (Normal) (G1 Evacuation Pause) 468M->470M(512M) 11.217ms
[2020-08-01T12:15:27.181+0300][29.739s][info ][gc] GC(1086) To-space exhausted
[2020-08-01T12:15:27.182+0300][29.739s][info ][gc] GC(1086) Pause Young (Normal) (G1 Evacuation Pause) 491M->499M(512M) 16.470ms
[2020-08-01T12:15:27.221+0300][29.779s][info ][gc] GC(1087) To-space exhausted
[2020-08-01T12:15:27.221+0300][29.779s][info ][gc] GC(1087) Pause Young (Normal) (G1 Evacuation Pause) 511M->511M(512M) 25.163ms
[2020-08-01T12:15:27.222+0300][29.780s][debug][gc] GC(1088) Clear Next Bitmap 0.353ms
[2020-08-01T12:15:27.261+0300][29.819s][info ][gc] GC(1088) Pause Full (G1 Evacuation Pause) 511M->65M(512M) 39.383ms
[2020-08-01T12:15:27.261+0300][29.819s][info ][gc] GC(1073) Concurrent Cycle 426.693ms
[2020-08-01T12:15:27.282+0300][29.840s][info ][gc] GC(1089) Pause Young (Normal) (G1 Evacuation Pause) 90M->90M(512M) 10.571ms
[2020-08-01T12:15:27.307+0300][29.864s][info ][gc] GC(1090) Pause Young (Normal) (G1 Evacuation Pause) 114M->116M(512M) 14.779ms
[2020-08-01T12:15:27.326+0300][29.883s][info ][gc] GC(1091) Pause Young (Normal) (G1 Evacuation Pause) 137M->138M(512M) 10.611ms
[2020-08-01T12:15:27.383+0300][29.940s][info ][gc] GC(1092) Pause Young (Normal) (G1 Evacuation Pause) 179M->180M(512M) 16.008ms
[2020-08-01T12:15:27.405+0300][29.963s][info ][gc] GC(1093) Pause Young (Normal) (G1 Evacuation Pause) 201M->203M(512M) 12.434ms
[2020-08-01T12:15:27.426+0300][29.984s][info ][gc] GC(1094) Pause Young (Normal) (G1 Evacuation Pause) 224M->225M(512M) 11.603ms
[2020-08-01T12:15:27.445+0300][30.003s][info ][gc] GC(1095) Pause Young (Normal) (G1 Evacuation Pause) 246M->247M(512M) 10.527ms
[2020-08-01T12:15:27.464+0300][30.022s][info ][gc] GC(1096) Pause Young (Concurrent Start) (G1 Evacuation Pause) 268M->270M(512M) 10.557ms
[2020-08-01T12:15:27.464+0300][30.022s][info ][gc] GC(1097) Concurrent Cycle
[2020-08-01T12:15:27.502+0300][30.060s][info ][gc] GC(1098) Pause Young (Normal) (G1 Evacuation Pause) 311M->313M(512M) 11.460ms
[2020-08-01T12:15:27.522+0300][30.080s][info ][gc] GC(1099) Pause Young (Normal) (G1 Evacuation Pause) 334M->336M(512M) 11.001ms
[2020-08-01T12:15:27.541+0300][30.099s][info ][gc] GC(1100) Pause Young (Normal) (G1 Evacuation Pause) 357M->358M(512M) 10.433ms
[2020-08-01T12:15:27.560+0300][30.118s][info ][gc] GC(1101) Pause Young (Normal) (G1 Evacuation Pause) 379M->381M(512M) 10.355ms
[2020-08-01T12:15:27.581+0300][30.138s][info ][gc] GC(1102) Pause Young (Normal) (G1 Evacuation Pause) 402M->403M(512M) 11.500ms
[2020-08-01T12:15:27.600+0300][30.158s][info ][gc] GC(1103) Pause Young (Normal) (G1 Evacuation Pause) 424M->426M(512M) 10.560ms
[2020-08-01T12:15:27.622+0300][30.180s][debug][gc] GC(1097) Reclaimed 125 empty regions
[2020-08-01T12:15:27.622+0300][30.180s][info ][gc] GC(1097) Pause Remark 427M->305M(512M) 0.670ms
[2020-08-01T12:15:27.644+0300][30.202s][info ][gc] GC(1104) Pause Young (Normal) (G1 Evacuation Pause) 345M->347M(512M) 11.138ms
[2020-08-01T12:15:27.674+0300][30.232s][info ][gc] GC(1105) Pause Young (Normal) (G1 Evacuation Pause) 368M->369M(512M) 10.843ms
[2020-08-01T12:15:27.702+0300][30.260s][info ][gc] GC(1106) Pause Young (Normal) (G1 Evacuation Pause) 390M->391M(512M) 10.720ms
[2020-08-01T12:15:27.729+0300][30.287s][info ][gc] GC(1107) Pause Young (Normal) (G1 Evacuation Pause) 412M->414M(512M) 10.445ms
[2020-08-01T12:15:27.753+0300][30.311s][info ][gc] GC(1108) Pause Young (Normal) (G1 Evacuation Pause) 435M->436M(512M) 12.290ms
[2020-08-01T12:15:27.810+0300][30.367s][info ][gc] GC(1109) Pause Young (Normal) (G1 Evacuation Pause) 477M->478M(512M) 11.323ms
[2020-08-01T12:15:27.854+0300][30.411s][info ][gc] GC(1110) To-space exhausted
[2020-08-01T12:15:27.854+0300][30.412s][info ][gc] GC(1110) Pause Young (Normal) (G1 Evacuation Pause) 499M->505M(512M) 25.934ms
[2020-08-01T12:15:27.880+0300][30.438s][info ][gc] GC(1111) To-space exhausted
[2020-08-01T12:15:27.880+0300][30.438s][info ][gc] GC(1111) Pause Young (Normal) (G1 Evacuation Pause) 511M->511M(512M) 15.868ms
[2020-08-01T12:15:27.881+0300][30.438s][debug][gc] GC(1112) Clear Next Bitmap 0.428ms
[2020-08-01T12:15:27.919+0300][30.477s][info ][gc] GC(1112) Pause Full (G1 Evacuation Pause) 511M->59M(512M) 38.917ms
[2020-08-01T12:15:27.919+0300][30.477s][info ][gc] GC(1097) Concurrent Cycle 455.306ms
[2020-08-01T12:15:27.940+0300][30.498s][info ][gc] GC(1113) Pause Young (Normal) (G1 Evacuation Pause) 84M->84M(512M) 10.957ms
[2020-08-01T12:15:27.960+0300][30.517s][info ][gc] GC(1114) Pause Young (Normal) (G1 Evacuation Pause) 107M->107M(512M) 10.263ms
[2020-08-01T12:15:27.978+0300][30.536s][info ][gc] GC(1115) Pause Young (Normal) (G1 Evacuation Pause) 128M->130M(512M) 9.899ms
[2020-08-01T12:15:28.013+0300][30.571s][info ][gc] GC(1116) Pause Young (Normal) (G1 Evacuation Pause) 171M->172M(512M) 10.824ms
[2020-08-01T12:15:28.033+0300][30.591s][info ][gc] GC(1117) Pause Young (Normal) (G1 Evacuation Pause) 193M->195M(512M) 11.246ms
[2020-08-01T12:15:28.052+0300][30.610s][info ][gc] GC(1118) Pause Young (Normal) (G1 Evacuation Pause) 216M->217M(512M) 10.642ms
[2020-08-01T12:15:28.072+0300][30.630s][info ][gc] GC(1119) Pause Young (Normal) (G1 Evacuation Pause) 238M->239M(512M) 10.853ms
[2020-08-01T12:15:28.091+0300][30.649s][info ][gc] GC(1120) Pause Young (Concurrent Start) (G1 Evacuation Pause) 260M->261M(512M) 10.793ms
[2020-08-01T12:15:28.091+0300][30.649s][info ][gc] GC(1121) Concurrent Cycle
[2020-08-01T12:15:28.133+0300][30.691s][info ][gc] GC(1122) Pause Young (Normal) (G1 Evacuation Pause) 302M->304M(512M) 10.309ms
[2020-08-01T12:15:28.152+0300][30.710s][info ][gc] GC(1123) Pause Young (Normal) (G1 Evacuation Pause) 325M->327M(512M) 10.456ms
[2020-08-01T12:15:28.172+0300][30.729s][info ][gc] GC(1124) Pause Young (Normal) (G1 Evacuation Pause) 348M->350M(512M) 10.495ms
[2020-08-01T12:15:28.190+0300][30.748s][info ][gc] GC(1125) Pause Young (Normal) (G1 Evacuation Pause) 371M->372M(512M) 10.076ms
[2020-08-01T12:15:28.209+0300][30.767s][info ][gc] GC(1126) Pause Young (Normal) (G1 Evacuation Pause) 393M->395M(512M) 10.056ms
[2020-08-01T12:15:28.228+0300][30.786s][info ][gc] GC(1127) Pause Young (Normal) (G1 Evacuation Pause) 416M->417M(512M) 10.198ms
[2020-08-01T12:15:28.240+0300][30.798s][debug][gc] GC(1121) Reclaimed 127 empty regions
[2020-08-01T12:15:28.240+0300][30.798s][info ][gc] GC(1121) Pause Remark 424M->300M(512M) 0.617ms
[2020-08-01T12:15:28.265+0300][30.823s][info ][gc] GC(1128) Pause Young (Normal) (G1 Evacuation Pause) 333M->335M(512M) 10.813ms
[2020-08-01T12:15:28.295+0300][30.853s][info ][gc] GC(1129) Pause Young (Normal) (G1 Evacuation Pause) 356M->357M(512M) 13.012ms
[2020-08-01T12:15:28.323+0300][30.881s][info ][gc] GC(1130) Pause Young (Normal) (G1 Evacuation Pause) 378M->380M(512M) 10.889ms
[2020-08-01T12:15:28.355+0300][30.913s][info ][gc] GC(1131) Pause Young (Normal) (G1 Evacuation Pause) 401M->402M(512M) 10.959ms
[2020-08-01T12:15:28.386+0300][30.944s][info ][gc] GC(1132) Pause Young (Normal) (G1 Evacuation Pause) 423M->424M(512M) 11.127ms
[2020-08-01T12:15:28.431+0300][30.989s][info ][gc] GC(1133) Pause Young (Normal) (G1 Evacuation Pause) 465M->466M(512M) 11.354ms
[2020-08-01T12:15:28.458+0300][31.015s][info ][gc] GC(1134) To-space exhausted
[2020-08-01T12:15:28.458+0300][31.016s][info ][gc] GC(1134) Pause Young (Normal) (G1 Evacuation Pause) 487M->495M(512M) 11.655ms
[2020-08-01T12:15:28.471+0300][31.029s][info ][gc] GC(1121) Pause Cleanup 511M->511M(512M) 0.134ms
[2020-08-01T12:15:28.501+0300][31.059s][info ][gc] GC(1135) To-space exhausted
[2020-08-01T12:15:28.501+0300][31.059s][info ][gc] GC(1135) Pause Young (Normal) (G1 Evacuation Pause) 511M->511M(512M) 29.400ms
[2020-08-01T12:15:28.501+0300][31.059s][debug][gc] GC(1136) Clear Next Bitmap 0.277ms
[2020-08-01T12:15:28.540+0300][31.098s][info ][gc] GC(1136) Pause Full (G1 Evacuation Pause) 511M->62M(512M) 38.694ms
[2020-08-01T12:15:28.540+0300][31.098s][info ][gc] GC(1121) Concurrent Cycle 448.622ms
[2020-08-01T12:15:28.564+0300][31.121s][info ][gc] GC(1137) Pause Young (Normal) (G1 Evacuation Pause) 90M->90M(512M) 12.332ms
[2020-08-01T12:15:28.586+0300][31.144s][info ][gc] GC(1138) Pause Young (Normal) (G1 Evacuation Pause) 115M->117M(512M) 12.227ms
[2020-08-01T12:15:28.606+0300][31.164s][info ][gc] GC(1139) Pause Young (Normal) (G1 Evacuation Pause) 138M->140M(512M) 11.468ms
[2020-08-01T12:15:28.653+0300][31.211s][info ][gc] GC(1140) Pause Young (Normal) (G1 Evacuation Pause) 181M->182M(512M) 15.793ms
[2020-08-01T12:15:28.675+0300][31.233s][info ][gc] GC(1141) Pause Young (Normal) (G1 Evacuation Pause) 203M->204M(512M) 12.105ms
[2020-08-01T12:15:28.694+0300][31.252s][info ][gc] GC(1142) Pause Young (Normal) (G1 Evacuation Pause) 225M->227M(512M) 10.460ms
[2020-08-01T12:15:28.713+0300][31.271s][info ][gc] GC(1143) Pause Young (Normal) (G1 Evacuation Pause) 248M->249M(512M) 10.380ms
[2020-08-01T12:15:28.732+0300][31.290s][info ][gc] GC(1144) Pause Young (Concurrent Start) (G1 Evacuation Pause) 270M->271M(512M) 10.386ms
[2020-08-01T12:15:28.732+0300][31.290s][info ][gc] GC(1145) Concurrent Cycle
[2020-08-01T12:15:28.774+0300][31.332s][info ][gc] GC(1146) Pause Young (Normal) (G1 Evacuation Pause) 312M->313M(512M) 10.241ms
[2020-08-01T12:15:28.794+0300][31.352s][info ][gc] GC(1147) Pause Young (Normal) (G1 Evacuation Pause) 334M->335M(512M) 10.603ms
[2020-08-01T12:15:28.814+0300][31.372s][info ][gc] GC(1148) Pause Young (Normal) (G1 Evacuation Pause) 356M->358M(512M) 10.732ms
[2020-08-01T12:15:28.837+0300][31.395s][info ][gc] GC(1149) Pause Young (Normal) (G1 Evacuation Pause) 379M->380M(512M) 13.224ms
[2020-08-01T12:15:28.857+0300][31.415s][info ][gc] GC(1150) Pause Young (Normal) (G1 Evacuation Pause) 401M->402M(512M) 10.876ms
[2020-08-01T12:15:28.884+0300][31.442s][debug][gc] GC(1145) Reclaimed 136 empty regions
[2020-08-01T12:15:28.885+0300][31.442s][info ][gc] GC(1145) Pause Remark 442M->309M(512M) 0.994ms
[2020-08-01T12:15:28.897+0300][31.454s][info ][gc] GC(1151) Pause Young (Normal) (G1 Evacuation Pause) 309M->311M(512M) 10.525ms
[2020-08-01T12:15:28.922+0300][31.480s][info ][gc] GC(1152) Pause Young (Normal) (G1 Evacuation Pause) 332M->333M(512M) 10.335ms
[2020-08-01T12:15:28.949+0300][31.507s][info ][gc] GC(1153) Pause Young (Normal) (G1 Evacuation Pause) 354M->355M(512M) 10.788ms
[2020-08-01T12:15:28.978+0300][31.536s][info ][gc] GC(1154) Pause Young (Normal) (G1 Evacuation Pause) 376M->377M(512M) 12.722ms
[2020-08-01T12:15:29.007+0300][31.565s][info ][gc] GC(1155) Pause Young (Normal) (G1 Evacuation Pause) 398M->400M(512M) 10.800ms
[2020-08-01T12:15:29.034+0300][31.592s][info ][gc] GC(1156) Pause Young (Normal) (G1 Evacuation Pause) 421M->422M(512M) 11.307ms
[2020-08-01T12:15:29.087+0300][31.645s][info ][gc] GC(1157) Pause Young (Normal) (G1 Evacuation Pause) 463M->464M(512M) 10.986ms
[2020-08-01T12:15:29.111+0300][31.669s][info ][gc] GC(1158) Pause Young (Normal) (G1 Evacuation Pause) 485M->486M(512M) 10.681ms
[2020-08-01T12:15:29.156+0300][31.714s][info ][gc] GC(1159) To-space exhausted
[2020-08-01T12:15:29.156+0300][31.714s][info ][gc] GC(1159) Pause Young (Normal) (G1 Evacuation Pause) 507M->511M(512M) 30.537ms
[2020-08-01T12:15:29.157+0300][31.714s][debug][gc] GC(1160) Clear Next Bitmap 0.351ms
[2020-08-01T12:15:29.204+0300][31.761s][info ][gc] GC(1160) Pause Full (G1 Evacuation Pause) 511M->75M(512M) 47.327ms
[2020-08-01T12:15:29.204+0300][31.762s][info ][gc] GC(1145) Concurrent Cycle 472.008ms
[2020-08-01T12:15:29.225+0300][31.783s][info ][gc] GC(1161) Pause Young (Normal) (G1 Evacuation Pause) 100M->101M(512M) 11.410ms
[2020-08-01T12:15:29.248+0300][31.806s][info ][gc] GC(1162) Pause Young (Normal) (G1 Evacuation Pause) 125M->126M(512M) 13.224ms
[2020-08-01T12:15:29.285+0300][31.842s][info ][gc] GC(1163) Pause Young (Normal) (G1 Evacuation Pause) 167M->168M(512M) 10.878ms
[2020-08-01T12:15:29.304+0300][31.862s][info ][gc] GC(1164) Pause Young (Normal) (G1 Evacuation Pause) 189M->190M(512M) 10.685ms
[2020-08-01T12:15:29.325+0300][31.883s][info ][gc] GC(1165) Pause Young (Normal) (G1 Evacuation Pause) 211M->213M(512M) 12.204ms
[2020-08-01T12:15:29.344+0300][31.902s][info ][gc] GC(1166) Pause Young (Normal) (G1 Evacuation Pause) 234M->235M(512M) 10.730ms
[2020-08-01T12:15:29.363+0300][31.921s][info ][gc] GC(1167) Pause Young (Concurrent Start) (G1 Evacuation Pause) 256M->258M(512M) 10.672ms
[2020-08-01T12:15:29.363+0300][31.921s][info ][gc] GC(1168) Concurrent Cycle
[2020-08-01T12:15:29.384+0300][31.941s][info ][gc] GC(1169) Pause Young (Normal) (G1 Evacuation Pause) 279M->280M(512M) 11.573ms
[2020-08-01T12:15:29.427+0300][31.985s][info ][gc] GC(1170) Pause Young (Normal) (G1 Evacuation Pause) 321M->322M(512M) 10.045ms
[2020-08-01T12:15:29.446+0300][32.004s][info ][gc] GC(1171) Pause Young (Normal) (G1 Evacuation Pause) 343M->345M(512M) 9.974ms
[2020-08-01T12:15:29.466+0300][32.024s][info ][gc] GC(1172) Pause Young (Normal) (G1 Evacuation Pause) 366M->367M(512M) 10.469ms
[2020-08-01T12:15:29.487+0300][32.045s][info ][gc] GC(1173) Pause Young (Normal) (G1 Evacuation Pause) 388M->389M(512M) 11.986ms
[2020-08-01T12:15:29.507+0300][32.065s][info ][gc] GC(1174) Pause Young (Normal) (G1 Evacuation Pause) 410M->411M(512M) 10.687ms
[2020-08-01T12:15:29.515+0300][32.072s][debug][gc] GC(1168) Reclaimed 130 empty regions
[2020-08-01T12:15:29.515+0300][32.073s][info ][gc] GC(1168) Pause Remark 423M->295M(512M) 0.686ms
[2020-08-01T12:15:29.546+0300][32.104s][info ][gc] GC(1175) Pause Young (Normal) (G1 Evacuation Pause) 324M->326M(512M) 10.813ms
[2020-08-01T12:15:29.575+0300][32.133s][info ][gc] GC(1176) Pause Young (Normal) (G1 Evacuation Pause) 347M->348M(512M) 10.341ms
[2020-08-01T12:15:29.601+0300][32.159s][info ][gc] GC(1177) Pause Young (Normal) (G1 Evacuation Pause) 369M->371M(512M) 10.601ms
[2020-08-01T12:15:29.628+0300][32.186s][info ][gc] GC(1178) Pause Young (Normal) (G1 Evacuation Pause) 392M->394M(512M) 10.699ms
[2020-08-01T12:15:29.657+0300][32.215s][info ][gc] GC(1179) Pause Young (Normal) (G1 Evacuation Pause) 415M->416M(512M) 11.890ms
[2020-08-01T12:15:29.687+0300][32.245s][info ][gc] GC(1180) Pause Young (Normal) (G1 Evacuation Pause) 437M->438M(512M) 11.852ms
[2020-08-01T12:15:29.725+0300][32.282s][info ][gc] GC(1168) Pause Cleanup 471M->471M(512M) 0.178ms
[2020-08-01T12:15:29.725+0300][32.283s][info ][gc] GC(1168) Concurrent Cycle 362.345ms
[2020-08-01T12:15:29.739+0300][32.297s][info ][gc] GC(1181) Pause Young (Normal) (G1 Evacuation Pause) 479M->481M(512M) 10.732ms
[2020-08-01T12:15:29.775+0300][32.333s][info ][gc] GC(1182) To-space exhausted
[2020-08-01T12:15:29.775+0300][32.333s][info ][gc] GC(1182) Pause Young (Concurrent Start) (G1 Evacuation Pause) 502M->507M(512M) 27.102ms
[2020-08-01T12:15:29.775+0300][32.333s][info ][gc] GC(1183) Concurrent Cycle
[2020-08-01T12:15:29.791+0300][32.349s][info ][gc] GC(1184) To-space exhausted
[2020-08-01T12:15:29.791+0300][32.349s][info ][gc] GC(1184) Pause Young (Normal) (G1 Evacuation Pause) 511M->511M(512M) 12.216ms
[2020-08-01T12:15:29.791+0300][32.349s][debug][gc] GC(1185) Clear Next Bitmap 0.310ms
[2020-08-01T12:15:29.832+0300][32.389s][info ][gc] GC(1185) Pause Full (G1 Evacuation Pause) 511M->67M(512M) 40.441ms
[2020-08-01T12:15:29.832+0300][32.390s][info ][gc] GC(1183) Concurrent Cycle 56.673ms
[2020-08-01T12:15:29.855+0300][32.413s][info ][gc] GC(1186) Pause Young (Normal) (G1 Evacuation Pause) 94M->94M(512M) 12.126ms
[2020-08-01T12:15:29.879+0300][32.437s][info ][gc] GC(1187) Pause Young (Normal) (G1 Evacuation Pause) 119M->120M(512M) 13.498ms
[2020-08-01T12:15:29.917+0300][32.475s][info ][gc] GC(1188) Pause Young (Normal) (G1 Evacuation Pause) 161M->163M(512M) 11.697ms
[2020-08-01T12:15:29.937+0300][32.494s][info ][gc] GC(1189) Pause Young (Normal) (G1 Evacuation Pause) 184M->185M(512M) 10.701ms
[2020-08-01T12:15:29.956+0300][32.513s][info ][gc] GC(1190) Pause Young (Normal) (G1 Evacuation Pause) 206M->207M(512M) 10.607ms
[2020-08-01T12:15:29.975+0300][32.532s][info ][gc] GC(1191) Pause Young (Normal) (G1 Evacuation Pause) 228M->230M(512M) 10.519ms
[2020-08-01T12:15:29.993+0300][32.551s][info ][gc] GC(1192) Pause Young (Normal) (G1 Evacuation Pause) 251M->252M(512M) 9.800ms
[2020-08-01T12:15:30.012+0300][32.570s][info ][gc] GC(1193) Pause Young (Concurrent Start) (G1 Evacuation Pause) 273M->275M(512M) 10.470ms
[2020-08-01T12:15:30.012+0300][32.570s][info ][gc] GC(1194) Concurrent Cycle
[2020-08-01T12:15:30.046+0300][32.604s][info ][gc] GC(1195) Pause Young (Normal) (G1 Evacuation Pause) 316M->318M(512M) 10.400ms
[2020-08-01T12:15:30.066+0300][32.623s][info ][gc] GC(1196) Pause Young (Normal) (G1 Evacuation Pause) 339M->340M(512M) 10.355ms
[2020-08-01T12:15:30.086+0300][32.643s][info ][gc] GC(1197) Pause Young (Normal) (G1 Evacuation Pause) 361M->362M(512M) 10.963ms
[2020-08-01T12:15:30.105+0300][32.663s][info ][gc] GC(1198) Pause Young (Normal) (G1 Evacuation Pause) 383M->385M(512M) 10.942ms
[2020-08-01T12:15:30.125+0300][32.683s][info ][gc] GC(1199) Pause Young (Normal) (G1 Evacuation Pause) 406M->407M(512M) 10.567ms
[2020-08-01T12:15:30.165+0300][32.723s][info ][gc] GC(1200) Pause Young (Normal) (G1 Evacuation Pause) 448M->450M(512M) 10.337ms
[2020-08-01T12:15:30.185+0300][32.742s][info ][gc] GC(1201) Pause Young (Normal) (G1 Evacuation Pause) 471M->473M(512M) 10.684ms
[2020-08-01T12:15:30.187+0300][32.744s][debug][gc] GC(1194) Reclaimed 126 empty regions
[2020-08-01T12:15:30.187+0300][32.745s][info ][gc] GC(1194) Pause Remark 476M->351M(512M) 0.581ms
[2020-08-01T12:15:30.205+0300][32.763s][info ][gc] GC(1202) Pause Young (Normal) (G1 Evacuation Pause) 369M->370M(512M) 10.893ms
[2020-08-01T12:15:30.231+0300][32.789s][info ][gc] GC(1203) Pause Young (Normal) (G1 Evacuation Pause) 391M->392M(512M) 10.710ms
[2020-08-01T12:15:30.260+0300][32.818s][info ][gc] GC(1204) Pause Young (Normal) (G1 Evacuation Pause) 413M->414M(512M) 10.663ms
[2020-08-01T12:15:30.289+0300][32.846s][info ][gc] GC(1205) Pause Young (Normal) (G1 Evacuation Pause) 435M->437M(512M) 12.059ms
[2020-08-01T12:15:30.328+0300][32.886s][info ][gc] GC(1206) Pause Young (Normal) (G1 Evacuation Pause) 478M->479M(512M) 14.965ms
[2020-08-01T12:15:30.373+0300][32.931s][info ][gc] GC(1207) To-space exhausted
[2020-08-01T12:15:30.374+0300][32.931s][info ][gc] GC(1207) Pause Young (Normal) (G1 Evacuation Pause) 500M->508M(512M) 24.828ms
[2020-08-01T12:15:30.395+0300][32.953s][info ][gc] GC(1208) To-space exhausted
[2020-08-01T12:15:30.395+0300][32.953s][info ][gc] GC(1208) Pause Young (Normal) (G1 Evacuation Pause) 511M->511M(512M) 12.325ms
[2020-08-01T12:15:30.396+0300][32.954s][debug][gc] GC(1209) Clear Next Bitmap 0.352ms
[2020-08-01T12:15:30.432+0300][32.990s][info ][gc] GC(1209) Pause Full (G1 Evacuation Pause) 511M->61M(512M) 36.431ms
[2020-08-01T12:15:30.432+0300][32.990s][info ][gc] GC(1194) Concurrent Cycle 420.308ms
[2020-08-01T12:15:30.455+0300][33.012s][info ][gc] GC(1210) Pause Young (Normal) (G1 Evacuation Pause) 88M->88M(512M) 11.682ms
[2020-08-01T12:15:30.476+0300][33.033s][info ][gc] GC(1211) Pause Young (Normal) (G1 Evacuation Pause) 112M->113M(512M) 11.317ms
[2020-08-01T12:15:30.495+0300][33.052s][info ][gc] GC(1212) Pause Young (Normal) (G1 Evacuation Pause) 134M->136M(512M) 10.716ms
[2020-08-01T12:15:30.526+0300][33.084s][info ][gc] GC(1213) Pause Young (Normal) (G1 Evacuation Pause) 177M->179M(512M) 10.464ms
[2020-08-01T12:15:30.546+0300][33.103s][info ][gc] GC(1214) Pause Young (Normal) (G1 Evacuation Pause) 200M->201M(512M) 10.652ms
[2020-08-01T12:15:30.564+0300][33.122s][info ][gc] GC(1215) Pause Young (Normal) (G1 Evacuation Pause) 222M->223M(512M) 10.100ms
[2020-08-01T12:15:30.583+0300][33.141s][info ][gc] GC(1216) Pause Young (Normal) (G1 Evacuation Pause) 244M->246M(512M) 10.419ms
[2020-08-01T12:15:30.602+0300][33.160s][info ][gc] GC(1217) Pause Young (Concurrent Start) (G1 Evacuation Pause) 267M->268M(512M) 10.624ms
[2020-08-01T12:15:30.602+0300][33.160s][info ][gc] GC(1218) Concurrent Cycle
[2020-08-01T12:15:30.635+0300][33.192s][info ][gc] GC(1219) Pause Young (Normal) (G1 Evacuation Pause) 309M->310M(512M) 11.042ms
[2020-08-01T12:15:30.654+0300][33.212s][info ][gc] GC(1220) Pause Young (Normal) (G1 Evacuation Pause) 331M->333M(512M) 10.791ms
[2020-08-01T12:15:30.674+0300][33.232s][info ][gc] GC(1221) Pause Young (Normal) (G1 Evacuation Pause) 354M->356M(512M) 10.629ms
[2020-08-01T12:15:30.693+0300][33.251s][info ][gc] GC(1222) Pause Young (Normal) (G1 Evacuation Pause) 377M->378M(512M) 10.391ms
[2020-08-01T12:15:30.713+0300][33.271s][info ][gc] GC(1223) Pause Young (Normal) (G1 Evacuation Pause) 399M->400M(512M) 10.568ms
[2020-08-01T12:15:30.734+0300][33.292s][info ][gc] GC(1224) Pause Young (Normal) (G1 Evacuation Pause) 421M->423M(512M) 12.092ms
[2020-08-01T12:15:30.766+0300][33.324s][info ][gc] GC(1225) Pause Young (Normal) (G1 Evacuation Pause) 464M->465M(512M) 10.759ms
[2020-08-01T12:15:30.772+0300][33.330s][debug][gc] GC(1218) Reclaimed 132 empty regions
[2020-08-01T12:15:30.772+0300][33.330s][info ][gc] GC(1218) Pause Remark 477M->347M(512M) 0.651ms
[2020-08-01T12:15:30.787+0300][33.345s][info ][gc] GC(1226) Pause Young (Normal) (G1 Evacuation Pause) 357M->358M(512M) 11.414ms
[2020-08-01T12:15:30.815+0300][33.373s][info ][gc] GC(1227) Pause Young (Normal) (G1 Evacuation Pause) 379M->380M(512M) 10.598ms
[2020-08-01T12:15:30.843+0300][33.400s][info ][gc] GC(1228) Pause Young (Normal) (G1 Evacuation Pause) 401M->403M(512M) 11.283ms
[2020-08-01T12:15:30.870+0300][33.428s][info ][gc] GC(1229) Pause Young (Normal) (G1 Evacuation Pause) 424M->426M(512M) 11.091ms
[2020-08-01T12:15:30.912+0300][33.470s][info ][gc] GC(1230) Pause Young (Normal) (G1 Evacuation Pause) 467M->468M(512M) 11.739ms
[2020-08-01T12:15:30.943+0300][33.501s][info ][gc] GC(1231) To-space exhausted
[2020-08-01T12:15:30.943+0300][33.501s][info ][gc] GC(1231) Pause Young (Normal) (G1 Evacuation Pause) 489M->494M(512M) 13.072ms
[2020-08-01T12:15:30.990+0300][33.548s][info ][gc] GC(1232) To-space exhausted
[2020-08-01T12:15:30.990+0300][33.548s][info ][gc] GC(1232) Pause Young (Normal) (G1 Evacuation Pause) 511M->511M(512M) 30.584ms
[2020-08-01T12:15:30.991+0300][33.548s][debug][gc] GC(1233) Clear Next Bitmap 0.261ms
[2020-08-01T12:15:31.035+0300][33.593s][info ][gc] GC(1233) Pause Full (G1 Evacuation Pause) 511M->68M(512M) 45.138ms
[2020-08-01T12:15:31.036+0300][33.594s][info ][gc] GC(1218) Concurrent Cycle 433.398ms
[2020-08-01T12:15:31.058+0300][33.616s][info ][gc] GC(1234) Pause Young (Normal) (G1 Evacuation Pause) 95M->96M(512M) 11.858ms
[2020-08-01T12:15:31.081+0300][33.638s][info ][gc] GC(1235) Pause Young (Normal) (G1 Evacuation Pause) 121M->122M(512M) 12.172ms
[2020-08-01T12:15:31.112+0300][33.670s][info ][gc] GC(1236) Pause Young (Normal) (G1 Evacuation Pause) 163M->164M(512M) 10.857ms
[2020-08-01T12:15:31.131+0300][33.689s][info ][gc] GC(1237) Pause Young (Normal) (G1 Evacuation Pause) 185M->187M(512M) 10.226ms
[2020-08-01T12:15:31.150+0300][33.707s][info ][gc] GC(1238) Pause Young (Normal) (G1 Evacuation Pause) 208M->209M(512M) 10.412ms
[2020-08-01T12:15:31.169+0300][33.726s][info ][gc] GC(1239) Pause Young (Normal) (G1 Evacuation Pause) 230M->231M(512M) 10.466ms
[2020-08-01T12:15:31.187+0300][33.745s][info ][gc] GC(1240) Pause Young (Normal) (G1 Evacuation Pause) 252M->253M(512M) 10.371ms
[2020-08-01T12:15:31.207+0300][33.764s][info ][gc] GC(1241) Pause Young (Concurrent Start) (G1 Evacuation Pause) 274M->275M(512M) 10.594ms
[2020-08-01T12:15:31.207+0300][33.765s][info ][gc] GC(1242) Concurrent Cycle
[2020-08-01T12:15:31.240+0300][33.798s][info ][gc] GC(1243) Pause Young (Normal) (G1 Evacuation Pause) 316M->317M(512M) 10.726ms
[2020-08-01T12:15:31.260+0300][33.818s][info ][gc] GC(1244) Pause Young (Normal) (G1 Evacuation Pause) 338M->339M(512M) 10.641ms
[2020-08-01T12:15:31.281+0300][33.838s][info ][gc] GC(1245) Pause Young (Normal) (G1 Evacuation Pause) 360M->361M(512M) 11.175ms
[2020-08-01T12:15:31.302+0300][33.860s][info ][gc] GC(1246) Pause Young (Normal) (G1 Evacuation Pause) 382M->383M(512M) 12.811ms
[2020-08-01T12:15:31.322+0300][33.880s][info ][gc] GC(1247) Pause Young (Normal) (G1 Evacuation Pause) 404M->405M(512M) 10.769ms
[2020-08-01T12:15:31.365+0300][33.923s][info ][gc] GC(1248) Pause Young (Normal) (G1 Evacuation Pause) 446M->447M(512M) 10.424ms
[2020-08-01T12:15:31.385+0300][33.943s][info ][gc] GC(1249) Pause Young (Normal) (G1 Evacuation Pause) 468M->470M(512M) 10.683ms
[2020-08-01T12:15:31.387+0300][33.945s][debug][gc] GC(1242) Reclaimed 128 empty regions
[2020-08-01T12:15:31.387+0300][33.945s][info ][gc] GC(1242) Pause Remark 474M->348M(512M) 0.721ms
[2020-08-01T12:15:31.405+0300][33.963s][info ][gc] GC(1250) Pause Young (Normal) (G1 Evacuation Pause) 365M->366M(512M) 10.586ms
[2020-08-01T12:15:31.431+0300][33.989s][info ][gc] GC(1251) Pause Young (Normal) (G1 Evacuation Pause) 387M->389M(512M) 10.499ms
[2020-08-01T12:15:31.460+0300][34.018s][info ][gc] GC(1252) Pause Young (Normal) (G1 Evacuation Pause) 410M->410M(512M) 10.682ms
[2020-08-01T12:15:31.487+0300][34.045s][info ][gc] GC(1253) Pause Young (Normal) (G1 Evacuation Pause) 431M->432M(512M) 10.809ms
[2020-08-01T12:15:31.525+0300][34.083s][info ][gc] GC(1254) Pause Young (Normal) (G1 Evacuation Pause) 473M->475M(512M) 11.024ms
[2020-08-01T12:15:31.561+0300][34.119s][info ][gc] GC(1255) To-space exhausted
[2020-08-01T12:15:31.561+0300][34.119s][info ][gc] GC(1255) Pause Young (Normal) (G1 Evacuation Pause) 496M->504M(512M) 21.120ms
[2020-08-01T12:15:31.589+0300][34.147s][info ][gc] GC(1256) To-space exhausted
[2020-08-01T12:15:31.589+0300][34.147s][info ][gc] GC(1256) Pause Young (Normal) (G1 Evacuation Pause) 511M->511M(512M) 17.963ms
[2020-08-01T12:15:31.590+0300][34.148s][debug][gc] GC(1257) Clear Next Bitmap 0.470ms
[2020-08-01T12:15:31.632+0300][34.190s][info ][gc] GC(1257) Pause Full (G1 Evacuation Pause) 511M->66M(512M) 42.673ms
[2020-08-01T12:15:31.632+0300][34.190s][info ][gc] GC(1242) Concurrent Cycle 425.612ms
[2020-08-01T12:15:31.656+0300][34.214s][info ][gc] GC(1258) Pause Young (Normal) (G1 Evacuation Pause) 94M->95M(512M) 12.609ms
[2020-08-01T12:15:31.680+0300][34.238s][info ][gc] GC(1259) Pause Young (Normal) (G1 Evacuation Pause) 120M->121M(512M) 12.006ms
[2020-08-01T12:15:31.722+0300][34.280s][info ][gc] GC(1260) Pause Young (Normal) (G1 Evacuation Pause) 162M->163M(512M) 11.541ms
[2020-08-01T12:15:31.741+0300][34.299s][info ][gc] GC(1261) Pause Young (Normal) (G1 Evacuation Pause) 184M->186M(512M) 10.529ms
[2020-08-01T12:15:31.760+0300][34.318s][info ][gc] GC(1262) Pause Young (Normal) (G1 Evacuation Pause) 207M->208M(512M) 10.525ms
[2020-08-01T12:15:31.780+0300][34.338s][info ][gc] GC(1263) Pause Young (Normal) (G1 Evacuation Pause) 229M->231M(512M) 11.433ms
[2020-08-01T12:15:31.799+0300][34.357s][info ][gc] GC(1264) Pause Young (Concurrent Start) (G1 Evacuation Pause) 252M->254M(512M) 10.403ms
[2020-08-01T12:15:31.799+0300][34.357s][info ][gc] GC(1265) Concurrent Cycle
[2020-08-01T12:15:31.818+0300][34.376s][info ][gc] GC(1266) Pause Young (Normal) (G1 Evacuation Pause) 275M->276M(512M) 10.602ms
[2020-08-01T12:15:31.852+0300][34.410s][info ][gc] GC(1267) Pause Young (Normal) (G1 Evacuation Pause) 317M->319M(512M) 11.000ms
[2020-08-01T12:15:31.872+0300][34.430s][info ][gc] GC(1268) Pause Young (Normal) (G1 Evacuation Pause) 340M->341M(512M) 10.768ms
[2020-08-01T12:15:31.892+0300][34.449s][info ][gc] GC(1269) Pause Young (Normal) (G1 Evacuation Pause) 362M->364M(512M) 10.649ms
[2020-08-01T12:15:31.912+0300][34.469s][info ][gc] GC(1270) Pause Young (Normal) (G1 Evacuation Pause) 385M->387M(512M) 10.951ms
[2020-08-01T12:15:31.932+0300][34.490s][info ][gc] GC(1271) Pause Young (Normal) (G1 Evacuation Pause) 408M->409M(512M) 10.926ms
[2020-08-01T12:15:31.945+0300][34.503s][debug][gc] GC(1265) Reclaimed 128 empty regions
[2020-08-01T12:15:31.945+0300][34.503s][info ][gc] GC(1265) Pause Remark 425M->300M(512M) 0.616ms
[2020-08-01T12:15:31.973+0300][34.531s][info ][gc] GC(1272) Pause Young (Normal) (G1 Evacuation Pause) 325M->326M(512M) 11.520ms
[2020-08-01T12:15:32.005+0300][34.563s][info ][gc] GC(1273) Pause Young (Normal) (G1 Evacuation Pause) 347M->349M(512M) 10.635ms
[2020-08-01T12:15:32.032+0300][34.590s][info ][gc] GC(1274) Pause Young (Normal) (G1 Evacuation Pause) 370M->371M(512M) 10.766ms
[2020-08-01T12:15:32.059+0300][34.616s][info ][gc] GC(1275) Pause Young (Normal) (G1 Evacuation Pause) 392M->394M(512M) 10.847ms
[2020-08-01T12:15:32.089+0300][34.647s][info ][gc] GC(1276) Pause Young (Normal) (G1 Evacuation Pause) 415M->416M(512M) 12.799ms
[2020-08-01T12:15:32.117+0300][34.675s][info ][gc] GC(1277) Pause Young (Normal) (G1 Evacuation Pause) 437M->439M(512M) 11.227ms
[2020-08-01T12:15:32.152+0300][34.709s][info ][gc] GC(1265) Pause Cleanup 464M->464M(512M) 0.156ms
[2020-08-01T12:15:32.152+0300][34.710s][info ][gc] GC(1265) Concurrent Cycle 353.407ms
[2020-08-01T12:15:32.171+0300][34.729s][info ][gc] GC(1278) Pause Young (Normal) (G1 Evacuation Pause) 480M->480M(512M) 11.090ms
[2020-08-01T12:15:32.207+0300][34.765s][info ][gc] GC(1279) To-space exhausted
[2020-08-01T12:15:32.207+0300][34.765s][info ][gc] GC(1279) Pause Young (Concurrent Start) (G1 Evacuation Pause) 501M->507M(512M) 27.453ms
[2020-08-01T12:15:32.207+0300][34.765s][info ][gc] GC(1280) Concurrent Cycle
[2020-08-01T12:15:32.225+0300][34.783s][info ][gc] GC(1281) To-space exhausted
[2020-08-01T12:15:32.225+0300][34.783s][info ][gc] GC(1281) Pause Young (Normal) (G1 Evacuation Pause) 511M->511M(512M) 12.650ms
[2020-08-01T12:15:32.225+0300][34.783s][debug][gc] GC(1282) Clear Next Bitmap 0.358ms
[2020-08-01T12:15:32.264+0300][34.822s][info ][gc] GC(1282) Pause Full (G1 Evacuation Pause) 511M->63M(512M) 39.489ms
[2020-08-01T12:15:32.265+0300][34.822s][info ][gc] GC(1280) Concurrent Cycle 57.413ms
[2020-08-01T12:15:32.288+0300][34.845s][info ][gc] GC(1283) Pause Young (Normal) (G1 Evacuation Pause) 90M->90M(512M) 11.653ms
[2020-08-01T12:15:32.313+0300][34.870s][info ][gc] GC(1284) Pause Young (Normal) (G1 Evacuation Pause) 115M->116M(512M) 13.914ms
[2020-08-01T12:15:32.332+0300][34.890s][info ][gc] GC(1285) Pause Young (Normal) (G1 Evacuation Pause) 137M->138M(512M) 10.588ms
[2020-08-01T12:15:32.385+0300][34.943s][info ][gc] GC(1286) Pause Young (Normal) (G1 Evacuation Pause) 179M->180M(512M) 14.916ms
[2020-08-01T12:15:32.405+0300][34.963s][info ][gc] GC(1287) Pause Young (Normal) (G1 Evacuation Pause) 201M->203M(512M) 10.504ms
[2020-08-01T12:15:32.425+0300][34.983s][info ][gc] GC(1288) Pause Young (Normal) (G1 Evacuation Pause) 224M->225M(512M) 11.317ms
[2020-08-01T12:15:32.444+0300][35.002s][info ][gc] GC(1289) Pause Young (Normal) (G1 Evacuation Pause) 246M->248M(512M) 10.594ms
[2020-08-01T12:15:32.463+0300][35.021s][info ][gc] GC(1290) Pause Young (Concurrent Start) (G1 Evacuation Pause) 269M->270M(512M) 10.239ms
[2020-08-01T12:15:32.463+0300][35.021s][info ][gc] GC(1291) Concurrent Cycle
[2020-08-01T12:15:32.506+0300][35.064s][info ][gc] GC(1292) Pause Young (Normal) (G1 Evacuation Pause) 311M->312M(512M) 10.555ms
[2020-08-01T12:15:32.527+0300][35.085s][info ][gc] GC(1293) Pause Young (Normal) (G1 Evacuation Pause) 333M->335M(512M) 10.874ms
[2020-08-01T12:15:32.546+0300][35.104s][info ][gc] GC(1294) Pause Young (Normal) (G1 Evacuation Pause) 356M->357M(512M) 10.045ms
[2020-08-01T12:15:32.567+0300][35.124s][info ][gc] GC(1295) Pause Young (Normal) (G1 Evacuation Pause) 378M->379M(512M) 11.295ms
[2020-08-01T12:15:32.587+0300][35.145s][info ][gc] GC(1296) Pause Young (Normal) (G1 Evacuation Pause) 400M->402M(512M) 11.195ms
[2020-08-01T12:15:32.607+0300][35.165s][info ][gc] GC(1297) Pause Young (Normal) (G1 Evacuation Pause) 423M->424M(512M) 10.713ms
[2020-08-01T12:15:32.623+0300][35.180s][debug][gc] GC(1291) Reclaimed 129 empty regions
[2020-08-01T12:15:32.623+0300][35.180s][info ][gc] GC(1291) Pause Remark 425M->299M(512M) 0.583ms
[2020-08-01T12:15:32.648+0300][35.206s][info ][gc] GC(1298) Pause Young (Normal) (G1 Evacuation Pause) 340M->341M(512M) 11.132ms
[2020-08-01T12:15:32.676+0300][35.233s][info ][gc] GC(1299) Pause Young (Normal) (G1 Evacuation Pause) 362M->363M(512M) 10.647ms
[2020-08-01T12:15:32.703+0300][35.261s][info ][gc] GC(1300) Pause Young (Normal) (G1 Evacuation Pause) 384M->386M(512M) 11.896ms
[2020-08-01T12:15:32.730+0300][35.288s][info ][gc] GC(1301) Pause Young (Normal) (G1 Evacuation Pause) 407M->408M(512M) 10.704ms
[2020-08-01T12:15:32.758+0300][35.316s][info ][gc] GC(1302) Pause Young (Normal) (G1 Evacuation Pause) 429M->430M(512M) 11.137ms
[2020-08-01T12:15:32.803+0300][35.361s][info ][gc] GC(1303) Pause Young (Normal) (G1 Evacuation Pause) 471M->473M(512M) 10.900ms
[2020-08-01T12:15:32.840+0300][35.398s][info ][gc] GC(1304) To-space exhausted
[2020-08-01T12:15:32.840+0300][35.398s][info ][gc] GC(1304) Pause Young (Normal) (G1 Evacuation Pause) 494M->501M(512M) 19.117ms
[2020-08-01T12:15:32.872+0300][35.430s][info ][gc] GC(1305) To-space exhausted
[2020-08-01T12:15:32.872+0300][35.430s][info ][gc] GC(1305) Pause Young (Normal) (G1 Evacuation Pause) 511M->511M(512M) 20.829ms
[2020-08-01T12:15:32.873+0300][35.431s][debug][gc] GC(1306) Clear Next Bitmap 0.315ms
[2020-08-01T12:15:32.910+0300][35.468s][info ][gc] GC(1306) Pause Full (G1 Evacuation Pause) 511M->64M(512M) 37.493ms
[2020-08-01T12:15:32.910+0300][35.468s][info ][gc] GC(1291) Concurrent Cycle 447.408ms
[2020-08-01T12:15:32.931+0300][35.489s][info ][gc] GC(1307) Pause Young (Normal) (G1 Evacuation Pause) 89M->89M(512M) 10.698ms
[2020-08-01T12:15:32.952+0300][35.510s][info ][gc] GC(1308) Pause Young (Normal) (G1 Evacuation Pause) 112M->113M(512M) 11.327ms
[2020-08-01T12:15:32.971+0300][35.529s][info ][gc] GC(1309) Pause Young (Normal) (G1 Evacuation Pause) 134M->136M(512M) 10.364ms
[2020-08-01T12:15:33.004+0300][35.562s][info ][gc] GC(1310) Pause Young (Normal) (G1 Evacuation Pause) 177M->179M(512M) 10.663ms
[2020-08-01T12:15:33.023+0300][35.581s][info ][gc] GC(1311) Pause Young (Normal) (G1 Evacuation Pause) 200M->201M(512M) 10.900ms
[2020-08-01T12:15:33.043+0300][35.600s][info ][gc] GC(1312) Pause Young (Normal) (G1 Evacuation Pause) 222M->223M(512M) 10.384ms
[2020-08-01T12:15:33.063+0300][35.621s][info ][gc] GC(1313) Pause Young (Normal) (G1 Evacuation Pause) 244M->245M(512M) 11.162ms
[2020-08-01T12:15:33.082+0300][35.640s][info ][gc] GC(1314) Pause Young (Concurrent Start) (G1 Evacuation Pause) 266M->267M(512M) 10.133ms
[2020-08-01T12:15:33.082+0300][35.640s][info ][gc] GC(1315) Concurrent Cycle
[2020-08-01T12:15:33.126+0300][35.683s][info ][gc] GC(1316) Pause Young (Normal) (G1 Evacuation Pause) 308M->309M(512M) 10.418ms
[2020-08-01T12:15:33.144+0300][35.702s][info ][gc] GC(1317) Pause Young (Normal) (G1 Evacuation Pause) 330M->331M(512M) 10.317ms
[2020-08-01T12:15:33.164+0300][35.722s][info ][gc] GC(1318) Pause Young (Normal) (G1 Evacuation Pause) 352M->354M(512M) 10.642ms
[2020-08-01T12:15:33.186+0300][35.743s][info ][gc] GC(1319) Pause Young (Normal) (G1 Evacuation Pause) 375M->376M(512M) 11.883ms
[2020-08-01T12:15:33.206+0300][35.764s][info ][gc] GC(1320) Pause Young (Normal) (G1 Evacuation Pause) 397M->398M(512M) 10.928ms
[2020-08-01T12:15:33.226+0300][35.783s][info ][gc] GC(1321) Pause Young (Normal) (G1 Evacuation Pause) 419M->420M(512M) 10.582ms
[2020-08-01T12:15:33.238+0300][35.796s][debug][gc] GC(1315) Reclaimed 129 empty regions
[2020-08-01T12:15:33.238+0300][35.796s][info ][gc] GC(1315) Pause Remark 423M->297M(512M) 0.580ms
[2020-08-01T12:15:33.271+0300][35.829s][info ][gc] GC(1322) Pause Young (Normal) (G1 Evacuation Pause) 335M->337M(512M) 11.915ms
[2020-08-01T12:15:33.300+0300][35.857s][info ][gc] GC(1323) Pause Young (Normal) (G1 Evacuation Pause) 358M->359M(512M) 10.493ms
[2020-08-01T12:15:33.320+0300][35.878s][info ][gc] GC(1324) Pause Young (Normal) (G1 Evacuation Pause) 380M->381M(512M) 11.529ms
[2020-08-01T12:15:33.356+0300][35.914s][info ][gc] GC(1325) Pause Young (Normal) (G1 Evacuation Pause) 402M->403M(512M) 10.976ms
[2020-08-01T12:15:33.388+0300][35.945s][info ][gc] GC(1326) Pause Young (Normal) (G1 Evacuation Pause) 424M->426M(512M) 10.727ms
[2020-08-01T12:15:33.436+0300][35.994s][info ][gc] GC(1327) Pause Young (Normal) (G1 Evacuation Pause) 467M->468M(512M) 11.033ms
[2020-08-01T12:15:33.466+0300][36.024s][info ][gc] GC(1328) To-space exhausted
[2020-08-01T12:15:33.466+0300][36.024s][info ][gc] GC(1328) Pause Young (Normal) (G1 Evacuation Pause) 489M->495M(512M) 13.837ms
[2020-08-01T12:15:33.473+0300][36.031s][info ][gc] GC(1315) Pause Cleanup 500M->500M(512M) 0.216ms
[2020-08-01T12:15:33.474+0300][36.031s][info ][gc] GC(1315) Concurrent Cycle 391.813ms
[2020-08-01T12:15:33.507+0300][36.065s][info ][gc] GC(1329) To-space exhausted
[2020-08-01T12:15:33.507+0300][36.065s][info ][gc] GC(1329) Pause Young (Normal) (G1 Evacuation Pause) 511M->511M(512M) 28.633ms
[2020-08-01T12:15:33.548+0300][36.106s][info ][gc] GC(1330) Pause Full (G1 Evacuation Pause) 511M->66M(512M) 41.035ms
[2020-08-01T12:15:33.572+0300][36.130s][info ][gc] GC(1331) Pause Young (Normal) (G1 Evacuation Pause) 94M->95M(512M) 12.271ms
[2020-08-01T12:15:33.593+0300][36.151s][info ][gc] GC(1332) Pause Young (Normal) (G1 Evacuation Pause) 120M->122M(512M) 11.633ms
[2020-08-01T12:15:33.652+0300][36.209s][info ][gc] GC(1333) Pause Young (Normal) (G1 Evacuation Pause) 163M->164M(512M) 18.505ms
[2020-08-01T12:15:33.674+0300][36.232s][info ][gc] GC(1334) Pause Young (Normal) (G1 Evacuation Pause) 185M->186M(512M) 11.507ms
[2020-08-01T12:15:33.695+0300][36.253s][info ][gc] GC(1335) Pause Young (Normal) (G1 Evacuation Pause) 207M->209M(512M) 11.955ms
[2020-08-01T12:15:33.715+0300][36.273s][info ][gc] GC(1336) Pause Young (Normal) (G1 Evacuation Pause) 230M->231M(512M) 11.367ms
[2020-08-01T12:15:33.735+0300][36.293s][info ][gc] GC(1337) Pause Young (Normal) (G1 Evacuation Pause) 252M->254M(512M) 11.804ms
[2020-08-01T12:15:33.754+0300][36.312s][info ][gc] GC(1338) Pause Young (Concurrent Start) (G1 Evacuation Pause) 275M->277M(512M) 10.808ms
[2020-08-01T12:15:33.754+0300][36.312s][info ][gc] GC(1339) Concurrent Cycle
[2020-08-01T12:15:33.795+0300][36.353s][info ][gc] GC(1340) Pause Young (Normal) (G1 Evacuation Pause) 318M->319M(512M) 10.453ms
[2020-08-01T12:15:33.814+0300][36.372s][info ][gc] GC(1341) Pause Young (Normal) (G1 Evacuation Pause) 340M->342M(512M) 10.544ms
[2020-08-01T12:15:33.835+0300][36.393s][info ][gc] GC(1342) Pause Young (Normal) (G1 Evacuation Pause) 363M->365M(512M) 11.770ms
[2020-08-01T12:15:33.854+0300][36.412s][info ][gc] GC(1343) Pause Young (Normal) (G1 Evacuation Pause) 386M->387M(512M) 10.476ms
[2020-08-01T12:15:33.874+0300][36.432s][info ][gc] GC(1344) Pause Young (Normal) (G1 Evacuation Pause) 408M->409M(512M) 9.816ms
[2020-08-01T12:15:33.906+0300][36.464s][debug][gc] GC(1339) Reclaimed 129 empty regions
[2020-08-01T12:15:33.906+0300][36.464s][info ][gc] GC(1339) Pause Remark 446M->319M(512M) 0.808ms
[2020-08-01T12:15:33.919+0300][36.477s][info ][gc] GC(1345) Pause Young (Normal) (G1 Evacuation Pause) 323M->325M(512M) 10.936ms
[2020-08-01T12:15:33.946+0300][36.504s][info ][gc] GC(1346) Pause Young (Normal) (G1 Evacuation Pause) 346M->347M(512M) 10.867ms
[2020-08-01T12:15:33.970+0300][36.528s][info ][gc] GC(1347) Pause Young (Normal) (G1 Evacuation Pause) 368M->369M(512M) 13.989ms
[2020-08-01T12:15:34.005+0300][36.563s][info ][gc] GC(1348) Pause Young (Normal) (G1 Evacuation Pause) 390M->392M(512M) 10.704ms
[2020-08-01T12:15:34.027+0300][36.585s][info ][gc] GC(1349) Pause Young (Normal) (G1 Evacuation Pause) 413M->414M(512M) 12.930ms
[2020-08-01T12:15:34.063+0300][36.620s][info ][gc] GC(1350) Pause Young (Normal) (G1 Evacuation Pause) 435M->436M(512M) 10.625ms
[2020-08-01T12:15:34.112+0300][36.669s][info ][gc] GC(1351) Pause Young (Normal) (G1 Evacuation Pause) 477M->478M(512M) 12.329ms
[2020-08-01T12:15:34.149+0300][36.706s][info ][gc] GC(1352) To-space exhausted
[2020-08-01T12:15:34.149+0300][36.706s][info ][gc] GC(1352) Pause Young (Normal) (G1 Evacuation Pause) 499M->507M(512M) 24.547ms
[2020-08-01T12:15:34.171+0300][36.729s][info ][gc] GC(1353) To-space exhausted
[2020-08-01T12:15:34.172+0300][36.729s][info ][gc] GC(1353) Pause Young (Normal) (G1 Evacuation Pause) 511M->511M(512M) 12.808ms
[2020-08-01T12:15:34.172+0300][36.730s][debug][gc] GC(1354) Clear Next Bitmap 0.335ms
[2020-08-01T12:15:34.211+0300][36.768s][info ][gc] GC(1354) Pause Full (G1 Evacuation Pause) 511M->63M(512M) 38.957ms
[2020-08-01T12:15:34.211+0300][36.769s][info ][gc] GC(1339) Concurrent Cycle 456.550ms
[2020-08-01T12:15:34.233+0300][36.791s][info ][gc] GC(1355) Pause Young (Normal) (G1 Evacuation Pause) 88M->88M(512M) 12.302ms
[2020-08-01T12:15:34.252+0300][36.810s][info ][gc] GC(1356) Pause Young (Normal) (G1 Evacuation Pause) 110M->111M(512M) 10.804ms
[2020-08-01T12:15:34.272+0300][36.829s][info ][gc] GC(1357) Pause Young (Normal) (G1 Evacuation Pause) 132M->134M(512M) 10.643ms
[2020-08-01T12:15:34.311+0300][36.869s][info ][gc] GC(1358) Pause Young (Normal) (G1 Evacuation Pause) 175M->176M(512M) 10.510ms
[2020-08-01T12:15:34.331+0300][36.889s][info ][gc] GC(1359) Pause Young (Normal) (G1 Evacuation Pause) 197M->199M(512M) 10.727ms
[2020-08-01T12:15:34.351+0300][36.908s][info ][gc] GC(1360) Pause Young (Normal) (G1 Evacuation Pause) 220M->220M(512M) 10.478ms
[2020-08-01T12:15:34.370+0300][36.927s][info ][gc] GC(1361) Pause Young (Normal) (G1 Evacuation Pause) 241M->243M(512M) 10.607ms
[2020-08-01T12:15:34.389+0300][36.947s][info ][gc] GC(1362) Pause Young (Concurrent Start) (G1 Evacuation Pause) 264M->266M(512M) 11.287ms
[2020-08-01T12:15:34.390+0300][36.947s][info ][gc] GC(1363) Concurrent Cycle
[2020-08-01T12:15:34.430+0300][36.988s][info ][gc] GC(1364) Pause Young (Normal) (G1 Evacuation Pause) 307M->308M(512M) 10.369ms
[2020-08-01T12:15:34.450+0300][37.007s][info ][gc] GC(1365) Pause Young (Normal) (G1 Evacuation Pause) 329M->330M(512M) 10.567ms
[2020-08-01T12:15:34.469+0300][37.026s][info ][gc] GC(1366) Pause Young (Normal) (G1 Evacuation Pause) 351M->352M(512M) 10.424ms
[2020-08-01T12:15:34.488+0300][37.046s][info ][gc] GC(1367) Pause Young (Normal) (G1 Evacuation Pause) 373M->375M(512M) 10.421ms
[2020-08-01T12:15:34.507+0300][37.065s][info ][gc] GC(1368) Pause Young (Normal) (G1 Evacuation Pause) 396M->397M(512M) 10.421ms
[2020-08-01T12:15:34.527+0300][37.085s][info ][gc] GC(1369) Pause Young (Normal) (G1 Evacuation Pause) 418M->420M(512M) 10.534ms
[2020-08-01T12:15:34.541+0300][37.099s][debug][gc] GC(1363) Reclaimed 131 empty regions
[2020-08-01T12:15:34.541+0300][37.099s][info ][gc] GC(1363) Pause Remark 425M->296M(512M) 0.722ms
[2020-08-01T12:15:34.574+0300][37.132s][info ][gc] GC(1370) Pause Young (Normal) (G1 Evacuation Pause) 332M->334M(512M) 10.550ms
[2020-08-01T12:15:34.604+0300][37.162s][info ][gc] GC(1371) Pause Young (Normal) (G1 Evacuation Pause) 355M->357M(512M) 11.233ms
[2020-08-01T12:15:34.630+0300][37.187s][info ][gc] GC(1372) Pause Young (Normal) (G1 Evacuation Pause) 378M->379M(512M) 10.471ms
[2020-08-01T12:15:34.657+0300][37.214s][info ][gc] GC(1373) Pause Young (Normal) (G1 Evacuation Pause) 400M->401M(512M) 10.524ms
[2020-08-01T12:15:34.682+0300][37.240s][info ][gc] GC(1374) Pause Young (Normal) (G1 Evacuation Pause) 422M->424M(512M) 10.676ms
[2020-08-01T12:15:34.727+0300][37.284s][info ][gc] GC(1375) Pause Young (Normal) (G1 Evacuation Pause) 465M->466M(512M) 10.804ms
[2020-08-01T12:15:34.756+0300][37.313s][info ][gc] GC(1376) To-space exhausted
[2020-08-01T12:15:34.756+0300][37.313s][info ][gc] GC(1376) Pause Young (Normal) (G1 Evacuation Pause) 487M->489M(512M) 12.753ms
[2020-08-01T12:15:34.769+0300][37.327s][info ][gc] GC(1363) Pause Cleanup 501M->501M(512M) 0.120ms
[2020-08-01T12:15:34.769+0300][37.327s][info ][gc] GC(1363) Concurrent Cycle 379.901ms
[2020-08-01T12:15:34.808+0300][37.366s][info ][gc] GC(1377) To-space exhausted
[2020-08-01T12:15:34.808+0300][37.366s][info ][gc] GC(1377) Pause Young (Normal) (G1 Evacuation Pause) 510M->511M(512M) 35.268ms
[2020-08-01T12:15:34.853+0300][37.411s][info ][gc] GC(1378) Pause Full (G1 Evacuation Pause) 511M->70M(512M) 44.839ms
[2020-08-01T12:15:34.874+0300][37.432s][info ][gc] GC(1379) Pause Young (Normal) (G1 Evacuation Pause) 97M->98M(512M) 10.234ms
[2020-08-01T12:15:34.896+0300][37.454s][info ][gc] GC(1380) Pause Young (Normal) (G1 Evacuation Pause) 123M->124M(512M) 12.249ms
[2020-08-01T12:15:34.954+0300][37.512s][info ][gc] GC(1381) Pause Young (Normal) (G1 Evacuation Pause) 165M->166M(512M) 26.100ms
[2020-08-01T12:15:34.979+0300][37.537s][info ][gc] GC(1382) Pause Young (Normal) (G1 Evacuation Pause) 187M->188M(512M) 12.087ms
[2020-08-01T12:15:34.998+0300][37.556s][info ][gc] GC(1383) Pause Young (Normal) (G1 Evacuation Pause) 209M->211M(512M) 10.419ms
[2020-08-01T12:15:35.018+0300][37.575s][info ][gc] GC(1384) Pause Young (Normal) (G1 Evacuation Pause) 232M->233M(512M) 10.760ms
[2020-08-01T12:15:35.039+0300][37.597s][info ][gc] GC(1385) Pause Young (Concurrent Start) (G1 Evacuation Pause) 254M->256M(512M) 12.932ms
[2020-08-01T12:15:35.039+0300][37.597s][info ][gc] GC(1386) Concurrent Cycle
[2020-08-01T12:15:35.059+0300][37.617s][info ][gc] GC(1387) Pause Young (Normal) (G1 Evacuation Pause) 277M->278M(512M) 10.619ms
[2020-08-01T12:15:35.103+0300][37.661s][info ][gc] GC(1388) Pause Young (Normal) (G1 Evacuation Pause) 319M->320M(512M) 10.509ms
[2020-08-01T12:15:35.123+0300][37.680s][info ][gc] GC(1389) Pause Young (Normal) (G1 Evacuation Pause) 341M->342M(512M) 10.564ms
[2020-08-01T12:15:35.142+0300][37.700s][info ][gc] GC(1390) Pause Young (Normal) (G1 Evacuation Pause) 363M->365M(512M) 10.248ms
[2020-08-01T12:15:35.161+0300][37.719s][info ][gc] GC(1391) Pause Young (Normal) (G1 Evacuation Pause) 386M->387M(512M) 10.587ms
[2020-08-01T12:15:35.180+0300][37.738s][info ][gc] GC(1392) Pause Young (Normal) (G1 Evacuation Pause) 408M->409M(512M) 10.371ms
[2020-08-01T12:15:35.187+0300][37.745s][debug][gc] GC(1386) Reclaimed 127 empty regions
[2020-08-01T12:15:35.187+0300][37.745s][info ][gc] GC(1386) Pause Remark 423M->297M(512M) 0.607ms
[2020-08-01T12:15:35.226+0300][37.784s][info ][gc] GC(1393) Pause Young (Normal) (G1 Evacuation Pause) 325M->327M(512M) 11.967ms
[2020-08-01T12:15:35.252+0300][37.810s][info ][gc] GC(1394) Pause Young (Normal) (G1 Evacuation Pause) 348M->349M(512M) 11.251ms
[2020-08-01T12:15:35.280+0300][37.838s][info ][gc] GC(1395) Pause Young (Normal) (G1 Evacuation Pause) 370M->371M(512M) 10.696ms
[2020-08-01T12:15:35.307+0300][37.865s][info ][gc] GC(1396) Pause Young (Normal) (G1 Evacuation Pause) 392M->393M(512M) 10.953ms
[2020-08-01T12:15:35.335+0300][37.893s][info ][gc] GC(1397) Pause Young (Normal) (G1 Evacuation Pause) 414M->415M(512M) 10.636ms
[2020-08-01T12:15:35.364+0300][37.922s][info ][gc] GC(1398) Pause Young (Normal) (G1 Evacuation Pause) 436M->437M(512M) 10.460ms
[2020-08-01T12:15:35.408+0300][37.966s][info ][gc] GC(1399) Pause Young (Normal) (G1 Evacuation Pause) 478M->480M(512M) 11.765ms
[2020-08-01T12:15:35.414+0300][37.972s][info ][gc] GC(1386) Pause Cleanup 483M->483M(512M) 0.188ms
[2020-08-01T12:15:35.415+0300][37.972s][info ][gc] GC(1386) Concurrent Cycle 375.232ms
[2020-08-01T12:15:35.447+0300][38.005s][info ][gc] GC(1400) To-space exhausted
[2020-08-01T12:15:35.448+0300][38.005s][info ][gc] GC(1400) Pause Young (Normal) (G1 Evacuation Pause) 501M->507M(512M) 25.712ms
[2020-08-01T12:15:35.465+0300][38.023s][info ][gc] GC(1401) To-space exhausted
[2020-08-01T12:15:35.465+0300][38.023s][info ][gc] GC(1401) Pause Young (Concurrent Start) (G1 Evacuation Pause) 511M->511M(512M) 14.150ms
[2020-08-01T12:15:35.465+0300][38.023s][info ][gc] GC(1403) Concurrent Cycle
[2020-08-01T12:15:35.466+0300][38.023s][debug][gc] GC(1402) Clear Next Bitmap 0.303ms
[2020-08-01T12:15:35.506+0300][38.063s][info ][gc] GC(1402) Pause Full (G1 Evacuation Pause) 511M->65M(512M) 40.438ms
[2020-08-01T12:15:35.506+0300][38.064s][info ][gc] GC(1403) Concurrent Cycle 40.768ms
[2020-08-01T12:15:35.526+0300][38.084s][info ][gc] GC(1404) Pause Young (Normal) (G1 Evacuation Pause) 90M->90M(512M) 10.573ms
[2020-08-01T12:15:35.545+0300][38.103s][info ][gc] GC(1405) Pause Young (Normal) (G1 Evacuation Pause) 112M->113M(512M) 10.156ms
[2020-08-01T12:15:35.564+0300][38.122s][info ][gc] GC(1406) Pause Young (Normal) (G1 Evacuation Pause) 134M->135M(512M) 10.134ms
[2020-08-01T12:15:35.595+0300][38.153s][info ][gc] GC(1407) Pause Young (Normal) (G1 Evacuation Pause) 176M->178M(512M) 10.376ms
[2020-08-01T12:15:35.614+0300][38.172s][info ][gc] GC(1408) Pause Young (Normal) (G1 Evacuation Pause) 199M->200M(512M) 10.920ms
[2020-08-01T12:15:35.634+0300][38.192s][info ][gc] GC(1409) Pause Young (Normal) (G1 Evacuation Pause) 221M->222M(512M) 11.581ms
[2020-08-01T12:15:35.655+0300][38.213s][info ][gc] GC(1410) Pause Young (Normal) (G1 Evacuation Pause) 243M->245M(512M) 11.394ms
[2020-08-01T12:15:35.674+0300][38.232s][info ][gc] GC(1411) Pause Young (Concurrent Start) (G1 Evacuation Pause) 266M->267M(512M) 10.998ms
[2020-08-01T12:15:35.674+0300][38.232s][info ][gc] GC(1412) Concurrent Cycle
[2020-08-01T12:15:35.707+0300][38.265s][info ][gc] GC(1413) Pause Young (Normal) (G1 Evacuation Pause) 308M->309M(512M) 11.115ms
[2020-08-01T12:15:35.726+0300][38.284s][info ][gc] GC(1414) Pause Young (Normal) (G1 Evacuation Pause) 330M->331M(512M) 9.889ms
[2020-08-01T12:15:35.745+0300][38.303s][info ][gc] GC(1415) Pause Young (Normal) (G1 Evacuation Pause) 352M->353M(512M) 10.544ms
[2020-08-01T12:15:35.764+0300][38.322s][info ][gc] GC(1416) Pause Young (Normal) (G1 Evacuation Pause) 374M->376M(512M) 9.799ms
[2020-08-01T12:15:35.784+0300][38.342s][info ][gc] GC(1417) Pause Young (Normal) (G1 Evacuation Pause) 398M->399M(512M) 10.298ms
[2020-08-01T12:15:35.803+0300][38.361s][info ][gc] GC(1418) Pause Young (Normal) (G1 Evacuation Pause) 420M->421M(512M) 10.566ms
[2020-08-01T12:15:35.837+0300][38.395s][info ][gc] GC(1419) Pause Young (Normal) (G1 Evacuation Pause) 462M->463M(512M) 11.959ms
[2020-08-01T12:15:35.841+0300][38.399s][debug][gc] GC(1412) Reclaimed 131 empty regions
[2020-08-01T12:15:35.842+0300][38.399s][info ][gc] GC(1412) Pause Remark 471M->343M(512M) 0.608ms
[2020-08-01T12:15:35.859+0300][38.417s][info ][gc] GC(1420) Pause Young (Normal) (G1 Evacuation Pause) 355M->356M(512M) 12.641ms
[2020-08-01T12:15:35.885+0300][38.443s][info ][gc] GC(1421) Pause Young (Normal) (G1 Evacuation Pause) 377M->378M(512M) 11.071ms
[2020-08-01T12:15:35.912+0300][38.470s][info ][gc] GC(1422) Pause Young (Normal) (G1 Evacuation Pause) 399M->400M(512M) 10.613ms
[2020-08-01T12:15:35.939+0300][38.497s][info ][gc] GC(1423) Pause Young (Normal) (G1 Evacuation Pause) 421M->422M(512M) 10.508ms
[2020-08-01T12:15:35.980+0300][38.537s][info ][gc] GC(1424) Pause Young (Normal) (G1 Evacuation Pause) 463M->464M(512M) 10.524ms
[2020-08-01T12:15:36.006+0300][38.564s][info ][gc] GC(1425) Pause Young (Normal) (G1 Evacuation Pause) 485M->486M(512M) 10.589ms
[2020-08-01T12:15:36.054+0300][38.611s][info ][gc] GC(1426) To-space exhausted
[2020-08-01T12:15:36.054+0300][38.612s][info ][gc] GC(1426) Pause Young (Normal) (G1 Evacuation Pause) 507M->511M(512M) 31.746ms
[2020-08-01T12:15:36.054+0300][38.612s][debug][gc] GC(1427) Clear Next Bitmap 0.293ms
[2020-08-01T12:15:36.100+0300][38.658s][info ][gc] GC(1427) Pause Full (G1 Evacuation Pause) 511M->73M(512M) 46.081ms
[2020-08-01T12:15:36.100+0300][38.658s][info ][gc] GC(1412) Concurrent Cycle 425.872ms
[2020-08-01T12:15:36.122+0300][38.679s][info ][gc] GC(1428) Pause Young (Normal) (G1 Evacuation Pause) 98M->99M(512M) 11.200ms
[2020-08-01T12:15:36.142+0300][38.700s][info ][gc] GC(1429) Pause Young (Normal) (G1 Evacuation Pause) 122M->124M(512M) 10.904ms
[2020-08-01T12:15:36.199+0300][38.757s][info ][gc] GC(1430) Pause Young (Normal) (G1 Evacuation Pause) 165M->166M(512M) 26.222ms
[2020-08-01T12:15:36.224+0300][38.782s][info ][gc] GC(1431) Pause Young (Normal) (G1 Evacuation Pause) 187M->188M(512M) 11.950ms
[2020-08-01T12:15:36.244+0300][38.801s][info ][gc] GC(1432) Pause Young (Normal) (G1 Evacuation Pause) 209M->211M(512M) 11.040ms
[2020-08-01T12:15:36.262+0300][38.820s][info ][gc] GC(1433) Pause Young (Normal) (G1 Evacuation Pause) 232M->233M(512M) 10.465ms
[2020-08-01T12:15:36.281+0300][38.839s][info ][gc] GC(1434) Pause Young (Concurrent Start) (G1 Evacuation Pause) 254M->256M(512M) 10.642ms
[2020-08-01T12:15:36.282+0300][38.839s][info ][gc] GC(1435) Concurrent Cycle
[2020-08-01T12:15:36.301+0300][38.859s][info ][gc] GC(1436) Pause Young (Normal) (G1 Evacuation Pause) 277M->278M(512M) 10.678ms
[2020-08-01T12:15:36.336+0300][38.894s][info ][gc] GC(1437) Pause Young (Normal) (G1 Evacuation Pause) 319M->321M(512M) 12.015ms
[2020-08-01T12:15:36.357+0300][38.915s][info ][gc] GC(1438) Pause Young (Normal) (G1 Evacuation Pause) 342M->343M(512M) 11.111ms
[2020-08-01T12:15:36.380+0300][38.937s][info ][gc] GC(1439) Pause Young (Normal) (G1 Evacuation Pause) 364M->365M(512M) 11.212ms
[2020-08-01T12:15:36.399+0300][38.956s][info ][gc] GC(1440) Pause Young (Normal) (G1 Evacuation Pause) 386M->387M(512M) 10.308ms
[2020-08-01T12:15:36.418+0300][38.976s][info ][gc] GC(1441) Pause Young (Normal) (G1 Evacuation Pause) 408M->410M(512M) 10.844ms
[2020-08-01T12:15:36.432+0300][38.989s][debug][gc] GC(1435) Reclaimed 129 empty regions
[2020-08-01T12:15:36.432+0300][38.989s][info ][gc] GC(1435) Pause Remark 425M->299M(512M) 0.574ms
[2020-08-01T12:15:36.454+0300][39.012s][info ][gc] GC(1442) Pause Young (Normal) (G1 Evacuation Pause) 325M->327M(512M) 10.596ms
[2020-08-01T12:15:36.478+0300][39.036s][info ][gc] GC(1443) Pause Young (Normal) (G1 Evacuation Pause) 348M->349M(512M) 10.565ms
[2020-08-01T12:15:36.505+0300][39.063s][info ][gc] GC(1444) Pause Young (Normal) (G1 Evacuation Pause) 370M->372M(512M) 10.542ms
[2020-08-01T12:15:36.534+0300][39.091s][info ][gc] GC(1445) Pause Young (Normal) (G1 Evacuation Pause) 393M->394M(512M) 11.331ms
[2020-08-01T12:15:36.562+0300][39.119s][info ][gc] GC(1446) Pause Young (Normal) (G1 Evacuation Pause) 415M->416M(512M) 11.584ms
[2020-08-01T12:15:36.591+0300][39.149s][info ][gc] GC(1447) Pause Young (Normal) (G1 Evacuation Pause) 437M->439M(512M) 11.093ms
[2020-08-01T12:15:36.632+0300][39.190s][info ][gc] GC(1448) Pause Young (Normal) (G1 Evacuation Pause) 480M->481M(512M) 11.002ms
[2020-08-01T12:15:36.674+0300][39.232s][info ][gc] GC(1449) To-space exhausted
[2020-08-01T12:15:36.674+0300][39.232s][info ][gc] GC(1449) Pause Young (Normal) (G1 Evacuation Pause) 502M->508M(512M) 26.484ms
[2020-08-01T12:15:36.697+0300][39.255s][info ][gc] GC(1450) To-space exhausted
[2020-08-01T12:15:36.697+0300][39.255s][info ][gc] GC(1450) Pause Young (Normal) (G1 Evacuation Pause) 511M->511M(512M) 11.600ms
[2020-08-01T12:15:36.697+0300][39.255s][debug][gc] GC(1451) Clear Next Bitmap 0.391ms
[2020-08-01T12:15:36.736+0300][39.293s][info ][gc] GC(1451) Pause Full (G1 Evacuation Pause) 511M->63M(512M) 38.641ms
[2020-08-01T12:15:36.736+0300][39.294s][info ][gc] GC(1435) Concurrent Cycle 454.323ms
[2020-08-01T12:15:36.757+0300][39.314s][info ][gc] GC(1452) Pause Young (Normal) (G1 Evacuation Pause) 88M->88M(512M) 10.888ms
[2020-08-01T12:15:36.776+0300][39.334s][info ][gc] GC(1453) Pause Young (Normal) (G1 Evacuation Pause) 109M->110M(512M) 10.671ms
[2020-08-01T12:15:36.795+0300][39.353s][info ][gc] GC(1454) Pause Young (Normal) (G1 Evacuation Pause) 131M->132M(512M) 10.453ms
[2020-08-01T12:15:36.861+0300][39.418s][info ][gc] GC(1455) Pause Young (Normal) (G1 Evacuation Pause) 173M->175M(512M) 22.860ms
[2020-08-01T12:15:36.884+0300][39.442s][info ][gc] GC(1456) Pause Young (Normal) (G1 Evacuation Pause) 196M->197M(512M) 11.485ms
[2020-08-01T12:15:36.903+0300][39.460s][info ][gc] GC(1457) Pause Young (Normal) (G1 Evacuation Pause) 218M->221M(512M) 10.427ms
[2020-08-01T12:15:36.921+0300][39.479s][info ][gc] GC(1458) Pause Young (Normal) (G1 Evacuation Pause) 242M->243M(512M) 10.475ms
[2020-08-01T12:15:36.941+0300][39.499s][info ][gc] GC(1459) Pause Young (Concurrent Start) (G1 Evacuation Pause) 264M->265M(512M) 10.965ms
[2020-08-01T12:15:36.941+0300][39.499s][info ][gc] GC(1460) Concurrent Cycle
[2020-08-01T12:15:36.988+0300][39.546s][info ][gc] GC(1461) Pause Young (Normal) (G1 Evacuation Pause) 306M->308M(512M) 12.948ms
[2020-08-01T12:15:37.008+0300][39.566s][info ][gc] GC(1462) Pause Young (Normal) (G1 Evacuation Pause) 329M->330M(512M) 10.570ms
[2020-08-01T12:15:37.028+0300][39.585s][info ][gc] GC(1463) Pause Young (Normal) (G1 Evacuation Pause) 351M->352M(512M) 10.235ms
[2020-08-01T12:15:37.047+0300][39.605s][info ][gc] GC(1464) Pause Young (Normal) (G1 Evacuation Pause) 373M->375M(512M) 10.596ms
[2020-08-01T12:15:37.067+0300][39.625s][info ][gc] GC(1465) Pause Young (Normal) (G1 Evacuation Pause) 396M->397M(512M) 10.684ms
[2020-08-01T12:15:37.086+0300][39.644s][info ][gc] GC(1466) Pause Young (Normal) (G1 Evacuation Pause) 418M->419M(512M) 10.509ms
[2020-08-01T12:15:37.098+0300][39.656s][debug][gc] GC(1460) Reclaimed 129 empty regions
[2020-08-01T12:15:37.098+0300][39.656s][info ][gc] GC(1460) Pause Remark 424M->299M(512M) 0.575ms
[2020-08-01T12:15:37.128+0300][39.685s][info ][gc] GC(1467) Pause Young (Normal) (G1 Evacuation Pause) 334M->335M(512M) 10.611ms
[2020-08-01T12:15:37.154+0300][39.712s][info ][gc] GC(1468) Pause Young (Normal) (G1 Evacuation Pause) 356M->358M(512M) 10.465ms
[2020-08-01T12:15:37.177+0300][39.735s][info ][gc] GC(1469) Pause Young (Normal) (G1 Evacuation Pause) 379M->380M(512M) 10.663ms
[2020-08-01T12:15:37.208+0300][39.765s][info ][gc] GC(1470) Pause Young (Normal) (G1 Evacuation Pause) 401M->403M(512M) 11.003ms
[2020-08-01T12:15:37.235+0300][39.792s][info ][gc] GC(1471) Pause Young (Normal) (G1 Evacuation Pause) 424M->425M(512M) 11.035ms
[2020-08-01T12:15:37.281+0300][39.838s][info ][gc] GC(1472) Pause Young (Normal) (G1 Evacuation Pause) 466M->467M(512M) 10.670ms
[2020-08-01T12:15:37.311+0300][39.869s][info ][gc] GC(1473) To-space exhausted
[2020-08-01T12:15:37.311+0300][39.869s][info ][gc] GC(1473) Pause Young (Normal) (G1 Evacuation Pause) 488M->492M(512M) 13.167ms
[2020-08-01T12:15:37.328+0300][39.885s][info ][gc] GC(1460) Pause Cleanup 511M->511M(512M) 0.134ms
[2020-08-01T12:15:37.361+0300][39.919s][info ][gc] GC(1474) To-space exhausted
[2020-08-01T12:15:37.361+0300][39.919s][info ][gc] GC(1474) Pause Young (Normal) (G1 Evacuation Pause) 511M->511M(512M) 32.716ms
[2020-08-01T12:15:37.361+0300][39.919s][debug][gc] GC(1475) Clear Next Bitmap 0.276ms
[2020-08-01T12:15:37.407+0300][39.965s][info ][gc] GC(1475) Pause Full (G1 Evacuation Pause) 511M->67M(512M) 45.992ms
[2020-08-01T12:15:37.407+0300][39.965s][info ][gc] GC(1460) Concurrent Cycle 466.130ms
[2020-08-01T12:15:37.428+0300][39.986s][info ][gc] GC(1476) Pause Young (Normal) (G1 Evacuation Pause) 92M->92M(512M) 10.605ms
[2020-08-01T12:15:37.447+0300][40.005s][info ][gc] GC(1477) Pause Young (Normal) (G1 Evacuation Pause) 113M->115M(512M) 10.645ms
[2020-08-01T12:15:37.466+0300][40.024s][info ][gc] GC(1478) Pause Young (Normal) (G1 Evacuation Pause) 136M->137M(512M) 10.617ms
[2020-08-01T12:15:37.529+0300][40.087s][info ][gc] GC(1479) Pause Young (Normal) (G1 Evacuation Pause) 178M->179M(512M) 18.956ms
[2020-08-01T12:15:37.552+0300][40.109s][info ][gc] GC(1480) Pause Young (Normal) (G1 Evacuation Pause) 200M->202M(512M) 11.081ms
[2020-08-01T12:15:37.571+0300][40.128s][info ][gc] GC(1481) Pause Young (Normal) (G1 Evacuation Pause) 223M->224M(512M) 10.510ms
[2020-08-01T12:15:37.590+0300][40.148s][info ][gc] GC(1482) Pause Young (Normal) (G1 Evacuation Pause) 245M->246M(512M) 11.041ms
[2020-08-01T12:15:37.609+0300][40.167s][info ][gc] GC(1483) Pause Young (Concurrent Start) (G1 Evacuation Pause) 267M->269M(512M) 10.559ms
[2020-08-01T12:15:37.609+0300][40.167s][info ][gc] GC(1484) Concurrent Cycle
[2020-08-01T12:15:37.654+0300][40.212s][info ][gc] GC(1485) Pause Young (Normal) (G1 Evacuation Pause) 310M->311M(512M) 11.046ms
[2020-08-01T12:15:37.676+0300][40.234s][info ][gc] GC(1486) Pause Young (Normal) (G1 Evacuation Pause) 332M->334M(512M) 11.578ms
[2020-08-01T12:15:37.695+0300][40.253s][info ][gc] GC(1487) Pause Young (Normal) (G1 Evacuation Pause) 355M->357M(512M) 10.462ms
[2020-08-01T12:15:37.715+0300][40.273s][info ][gc] GC(1488) Pause Young (Normal) (G1 Evacuation Pause) 378M->379M(512M) 10.432ms
[2020-08-01T12:15:37.734+0300][40.292s][info ][gc] GC(1489) Pause Young (Normal) (G1 Evacuation Pause) 400M->402M(512M) 10.345ms
[2020-08-01T12:15:37.754+0300][40.312s][info ][gc] GC(1490) Pause Young (Normal) (G1 Evacuation Pause) 423M->424M(512M) 11.577ms
[2020-08-01T12:15:37.770+0300][40.327s][debug][gc] GC(1484) Reclaimed 128 empty regions
[2020-08-01T12:15:37.770+0300][40.327s][info ][gc] GC(1484) Pause Remark 425M->300M(512M) 0.630ms
[2020-08-01T12:15:37.798+0300][40.356s][info ][gc] GC(1491) Pause Young (Normal) (G1 Evacuation Pause) 340M->342M(512M) 11.013ms
[2020-08-01T12:15:37.829+0300][40.387s][info ][gc] GC(1492) Pause Young (Normal) (G1 Evacuation Pause) 363M->364M(512M) 11.303ms
[2020-08-01T12:15:37.852+0300][40.410s][info ][gc] GC(1493) Pause Young (Normal) (G1 Evacuation Pause) 385M->387M(512M) 13.030ms
[2020-08-01T12:15:37.885+0300][40.443s][info ][gc] GC(1494) Pause Young (Normal) (G1 Evacuation Pause) 408M->409M(512M) 10.844ms
[2020-08-01T12:15:37.912+0300][40.470s][info ][gc] GC(1495) Pause Young (Normal) (G1 Evacuation Pause) 430M->431M(512M) 10.691ms
[2020-08-01T12:15:37.965+0300][40.523s][info ][gc] GC(1496) Pause Young (Normal) (G1 Evacuation Pause) 472M->473M(512M) 10.357ms
[2020-08-01T12:15:38.002+0300][40.560s][info ][gc] GC(1497) To-space exhausted
[2020-08-01T12:15:38.002+0300][40.560s][info ][gc] GC(1497) Pause Young (Normal) (G1 Evacuation Pause) 494M->502M(512M) 20.349ms
[2020-08-01T12:15:38.009+0300][40.567s][info ][gc] GC(1484) Pause Cleanup 505M->505M(512M) 0.149ms
[2020-08-01T12:15:38.010+0300][40.567s][info ][gc] GC(1484) Concurrent Cycle 400.367ms
[2020-08-01T12:15:38.031+0300][40.589s][info ][gc] GC(1498) To-space exhausted
[2020-08-01T12:15:38.031+0300][40.589s][info ][gc] GC(1498) Pause Young (Normal) (G1 Evacuation Pause) 511M->511M(512M) 19.192ms
[2020-08-01T12:15:38.068+0300][40.626s][info ][gc] GC(1499) Pause Full (G1 Evacuation Pause) 511M->61M(512M) 36.732ms
[2020-08-01T12:15:38.089+0300][40.647s][info ][gc] GC(1500) Pause Young (Normal) (G1 Evacuation Pause) 87M->88M(512M) 10.811ms
[2020-08-01T12:15:38.109+0300][40.667s][info ][gc] GC(1501) Pause Young (Normal) (G1 Evacuation Pause) 111M->112M(512M) 10.197ms
[2020-08-01T12:15:38.128+0300][40.686s][info ][gc] GC(1502) Pause Young (Normal) (G1 Evacuation Pause) 133M->134M(512M) 10.735ms
[2020-08-01T12:15:38.203+0300][40.761s][info ][gc] GC(1503) Pause Young (Normal) (G1 Evacuation Pause) 175M->177M(512M) 29.064ms
[2020-08-01T12:15:38.230+0300][40.788s][info ][gc] GC(1504) Pause Young (Normal) (G1 Evacuation Pause) 198M->199M(512M) 13.196ms
[2020-08-01T12:15:38.250+0300][40.808s][info ][gc] GC(1505) Pause Young (Normal) (G1 Evacuation Pause) 220M->222M(512M) 10.500ms
[2020-08-01T12:15:38.270+0300][40.828s][info ][gc] GC(1506) Pause Young (Normal) (G1 Evacuation Pause) 243M->244M(512M) 12.197ms
[2020-08-01T12:15:38.290+0300][40.848s][info ][gc] GC(1507) Pause Young (Concurrent Start) (G1 Evacuation Pause) 265M->266M(512M) 10.997ms
[2020-08-01T12:15:38.290+0300][40.848s][info ][gc] GC(1508) Concurrent Cycle
[2020-08-01T12:15:38.336+0300][40.894s][info ][gc] GC(1509) Pause Young (Normal) (G1 Evacuation Pause) 307M->309M(512M) 10.349ms
[2020-08-01T12:15:38.356+0300][40.914s][info ][gc] GC(1510) Pause Young (Normal) (G1 Evacuation Pause) 330M->331M(512M) 10.638ms
[2020-08-01T12:15:38.376+0300][40.933s][info ][gc] GC(1511) Pause Young (Normal) (G1 Evacuation Pause) 352M->353M(512M) 10.624ms
[2020-08-01T12:15:38.395+0300][40.953s][info ][gc] GC(1512) Pause Young (Normal) (G1 Evacuation Pause) 374M->376M(512M) 10.537ms
[2020-08-01T12:15:38.414+0300][40.972s][info ][gc] GC(1513) Pause Young (Normal) (G1 Evacuation Pause) 397M->399M(512M) 10.418ms
[2020-08-01T12:15:38.434+0300][40.991s][info ][gc] GC(1514) Pause Young (Normal) (G1 Evacuation Pause) 420M->421M(512M) 10.544ms
[2020-08-01T12:15:38.447+0300][41.005s][debug][gc] GC(1508) Reclaimed 132 empty regions
[2020-08-01T12:15:38.447+0300][41.005s][info ][gc] GC(1508) Pause Remark 425M->297M(512M) 0.637ms
[2020-08-01T12:15:38.478+0300][41.036s][info ][gc] GC(1515) Pause Young (Normal) (G1 Evacuation Pause) 334M->335M(512M) 11.050ms
[2020-08-01T12:15:38.504+0300][41.062s][info ][gc] GC(1516) Pause Young (Normal) (G1 Evacuation Pause) 356M->358M(512M) 10.629ms
[2020-08-01T12:15:38.530+0300][41.088s][info ][gc] GC(1517) Pause Young (Normal) (G1 Evacuation Pause) 379M->380M(512M) 10.911ms
[2020-08-01T12:15:38.558+0300][41.116s][info ][gc] GC(1518) Pause Young (Normal) (G1 Evacuation Pause) 401M->403M(512M) 11.882ms
[2020-08-01T12:15:38.586+0300][41.144s][info ][gc] GC(1519) Pause Young (Normal) (G1 Evacuation Pause) 424M->426M(512M) 10.967ms
[2020-08-01T12:15:38.631+0300][41.189s][info ][gc] GC(1520) Pause Young (Normal) (G1 Evacuation Pause) 467M->468M(512M) 10.508ms
[2020-08-01T12:15:38.662+0300][41.220s][info ][gc] GC(1521) To-space exhausted
[2020-08-01T12:15:38.662+0300][41.220s][info ][gc] GC(1521) Pause Young (Normal) (G1 Evacuation Pause) 489M->494M(512M) 13.874ms
[2020-08-01T12:15:38.704+0300][41.262s][info ][gc] GC(1522) To-space exhausted
[2020-08-01T12:15:38.704+0300][41.262s][info ][gc] GC(1522) Pause Young (Normal) (G1 Evacuation Pause) 511M->511M(512M) 29.475ms
[2020-08-01T12:15:38.704+0300][41.262s][debug][gc] GC(1523) Clear Next Bitmap 0.336ms
[2020-08-01T12:15:38.747+0300][41.305s][info ][gc] GC(1523) Pause Full (G1 Evacuation Pause) 511M->66M(512M) 42.791ms
[2020-08-01T12:15:38.747+0300][41.305s][info ][gc] GC(1508) Concurrent Cycle 457.159ms
[2020-08-01T12:15:38.768+0300][41.325s][info ][gc] GC(1524) Pause Young (Normal) (G1 Evacuation Pause) 91M->92M(512M) 10.464ms
[2020-08-01T12:15:38.787+0300][41.344s][info ][gc] GC(1525) Pause Young (Normal) (G1 Evacuation Pause) 113M->114M(512M) 10.438ms
[2020-08-01T12:15:38.806+0300][41.363s][info ][gc] GC(1526) Pause Young (Normal) (G1 Evacuation Pause) 135M->136M(512M) 10.472ms
[2020-08-01T12:15:38.851+0300][41.409s][info ][gc] GC(1527) Pause Young (Normal) (G1 Evacuation Pause) 177M->179M(512M) 10.454ms
[2020-08-01T12:15:38.870+0300][41.428s][info ][gc] GC(1528) Pause Young (Normal) (G1 Evacuation Pause) 200M->201M(512M) 10.751ms
[2020-08-01T12:15:38.888+0300][41.446s][info ][gc] GC(1529) Pause Young (Normal) (G1 Evacuation Pause) 222M->224M(512M) 9.979ms
[2020-08-01T12:15:38.909+0300][41.467s][info ][gc] GC(1530) Pause Young (Normal) (G1 Evacuation Pause) 245M->246M(512M) 11.958ms
[2020-08-01T12:15:38.928+0300][41.486s][info ][gc] GC(1531) Pause Young (Concurrent Start) (G1 Evacuation Pause) 267M->269M(512M) 10.828ms
[2020-08-01T12:15:38.928+0300][41.486s][info ][gc] GC(1532) Concurrent Cycle
[2020-08-01T12:15:38.973+0300][41.530s][info ][gc] GC(1533) Pause Young (Normal) (G1 Evacuation Pause) 310M->311M(512M) 10.438ms
[2020-08-01T12:15:38.992+0300][41.550s][info ][gc] GC(1534) Pause Young (Normal) (G1 Evacuation Pause) 332M->333M(512M) 10.587ms
[2020-08-01T12:15:39.013+0300][41.571s][info ][gc] GC(1535) Pause Young (Normal) (G1 Evacuation Pause) 354M->356M(512M) 10.621ms
[2020-08-01T12:15:39.033+0300][41.591s][info ][gc] GC(1536) Pause Young (Normal) (G1 Evacuation Pause) 377M->378M(512M) 10.857ms
[2020-08-01T12:15:39.053+0300][41.611s][info ][gc] GC(1537) Pause Young (Normal) (G1 Evacuation Pause) 399M->400M(512M) 10.902ms
[2020-08-01T12:15:39.073+0300][41.631s][info ][gc] GC(1538) Pause Young (Normal) (G1 Evacuation Pause) 421M->423M(512M) 10.835ms
[2020-08-01T12:15:39.086+0300][41.644s][debug][gc] GC(1532) Reclaimed 133 empty regions
[2020-08-01T12:15:39.086+0300][41.644s][info ][gc] GC(1532) Pause Remark 425M->294M(512M) 0.563ms
[2020-08-01T12:15:39.117+0300][41.675s][info ][gc] GC(1539) Pause Young (Normal) (G1 Evacuation Pause) 333M->335M(512M) 10.411ms
[2020-08-01T12:15:39.141+0300][41.699s][info ][gc] GC(1540) Pause Young (Normal) (G1 Evacuation Pause) 356M->357M(512M) 10.892ms
[2020-08-01T12:15:39.168+0300][41.725s][info ][gc] GC(1541) Pause Young (Normal) (G1 Evacuation Pause) 378M->379M(512M) 10.422ms
[2020-08-01T12:15:39.195+0300][41.753s][info ][gc] GC(1542) Pause Young (Normal) (G1 Evacuation Pause) 400M->401M(512M) 10.877ms
[2020-08-01T12:15:39.223+0300][41.780s][info ][gc] GC(1543) Pause Young (Normal) (G1 Evacuation Pause) 422M->424M(512M) 10.882ms
[2020-08-01T12:15:39.272+0300][41.830s][info ][gc] GC(1544) Pause Young (Normal) (G1 Evacuation Pause) 465M->466M(512M) 12.883ms
[2020-08-01T12:15:39.301+0300][41.858s][info ][gc] GC(1545) To-space exhausted
[2020-08-01T12:15:39.301+0300][41.858s][info ][gc] GC(1545) Pause Young (Normal) (G1 Evacuation Pause) 487M->494M(512M) 12.269ms
[2020-08-01T12:15:39.345+0300][41.903s][info ][gc] GC(1546) To-space exhausted
[2020-08-01T12:15:39.345+0300][41.903s][info ][gc] GC(1546) Pause Young (Normal) (G1 Evacuation Pause) 511M->511M(512M) 30.789ms
[2020-08-01T12:15:39.346+0300][41.903s][debug][gc] GC(1547) Clear Next Bitmap 0.330ms
[2020-08-01T12:15:39.388+0300][41.946s][info ][gc] GC(1547) Pause Full (G1 Evacuation Pause) 511M->69M(512M) 43.002ms
[2020-08-01T12:15:39.389+0300][41.946s][info ][gc] GC(1532) Concurrent Cycle 460.388ms
[2020-08-01T12:15:39.412+0300][41.970s][info ][gc] GC(1548) Pause Young (Normal) (G1 Evacuation Pause) 94M->94M(512M) 12.553ms
[2020-08-01T12:15:39.436+0300][41.994s][info ][gc] GC(1549) Pause Young (Normal) (G1 Evacuation Pause) 117M->119M(512M) 13.270ms
[2020-08-01T12:15:39.488+0300][42.046s][info ][gc] GC(1550) Pause Young (Normal) (G1 Evacuation Pause) 160M->162M(512M) 23.135ms
[2020-08-01T12:15:39.510+0300][42.068s][info ][gc] GC(1551) Pause Young (Normal) (G1 Evacuation Pause) 183M->183M(512M) 11.236ms
[2020-08-01T12:15:39.531+0300][42.089s][info ][gc] GC(1552) Pause Young (Normal) (G1 Evacuation Pause) 204M->206M(512M) 12.086ms
[2020-08-01T12:15:39.550+0300][42.108s][info ][gc] GC(1553) Pause Young (Normal) (G1 Evacuation Pause) 227M->228M(512M) 10.556ms
[2020-08-01T12:15:39.569+0300][42.126s][info ][gc] GC(1554) Pause Young (Normal) (G1 Evacuation Pause) 249M->251M(512M) 10.383ms
[2020-08-01T12:15:39.588+0300][42.146s][info ][gc] GC(1555) Pause Young (Concurrent Start) (G1 Evacuation Pause) 272M->273M(512M) 11.179ms
[2020-08-01T12:15:39.588+0300][42.146s][info ][gc] GC(1556) Concurrent Cycle
[2020-08-01T12:15:39.627+0300][42.185s][info ][gc] GC(1557) Pause Young (Normal) (G1 Evacuation Pause) 314M->316M(512M) 10.253ms
[2020-08-01T12:15:39.647+0300][42.205s][info ][gc] GC(1558) Pause Young (Normal) (G1 Evacuation Pause) 337M->338M(512M) 10.889ms
[2020-08-01T12:15:39.670+0300][42.228s][info ][gc] GC(1559) Pause Young (Normal) (G1 Evacuation Pause) 359M->360M(512M) 12.226ms
[2020-08-01T12:15:39.691+0300][42.248s][info ][gc] GC(1560) Pause Young (Normal) (G1 Evacuation Pause) 381M->382M(512M) 11.243ms
[2020-08-01T12:15:39.711+0300][42.268s][info ][gc] GC(1561) Pause Young (Normal) (G1 Evacuation Pause) 403M->405M(512M) 10.878ms
[2020-08-01T12:15:39.748+0300][42.306s][info ][gc] GC(1562) Pause Young (Normal) (G1 Evacuation Pause) 446M->447M(512M) 10.041ms
[2020-08-01T12:15:39.751+0300][42.309s][debug][gc] GC(1556) Reclaimed 130 empty regions
[2020-08-01T12:15:39.751+0300][42.309s][info ][gc] GC(1556) Pause Remark 454M->327M(512M) 0.611ms
[2020-08-01T12:15:39.768+0300][42.325s][info ][gc] GC(1563) Pause Young (Normal) (G1 Evacuation Pause) 341M->342M(512M) 10.594ms
[2020-08-01T12:15:39.794+0300][42.351s][info ][gc] GC(1564) Pause Young (Normal) (G1 Evacuation Pause) 363M->365M(512M) 10.527ms
[2020-08-01T12:15:39.820+0300][42.378s][info ][gc] GC(1565) Pause Young (Normal) (G1 Evacuation Pause) 386M->387M(512M) 10.985ms
[2020-08-01T12:15:39.848+0300][42.406s][info ][gc] GC(1566) Pause Young (Normal) (G1 Evacuation Pause) 408M->410M(512M) 11.721ms
[2020-08-01T12:15:39.879+0300][42.436s][info ][gc] GC(1567) Pause Young (Normal) (G1 Evacuation Pause) 431M->433M(512M) 10.599ms
[2020-08-01T12:15:39.924+0300][42.482s][info ][gc] GC(1568) Pause Young (Normal) (G1 Evacuation Pause) 474M->475M(512M) 10.714ms
[2020-08-01T12:15:39.961+0300][42.519s][info ][gc] GC(1569) To-space exhausted
[2020-08-01T12:15:39.961+0300][42.519s][info ][gc] GC(1569) Pause Young (Normal) (G1 Evacuation Pause) 496M->501M(512M) 20.217ms
[2020-08-01T12:15:39.992+0300][42.550s][info ][gc] GC(1570) To-space exhausted
[2020-08-01T12:15:39.992+0300][42.550s][info ][gc] GC(1570) Pause Young (Normal) (G1 Evacuation Pause) 511M->511M(512M) 19.960ms
[2020-08-01T12:15:39.992+0300][42.550s][debug][gc] GC(1571) Clear Next Bitmap 0.335ms
[2020-08-01T12:15:40.034+0300][42.592s][info ][gc] GC(1571) Pause Full (G1 Evacuation Pause) 511M->66M(512M) 41.709ms
[2020-08-01T12:15:40.034+0300][42.592s][info ][gc] GC(1556) Concurrent Cycle 445.714ms
[2020-08-01T12:15:40.056+0300][42.613s][info ][gc] GC(1572) Pause Young (Normal) (G1 Evacuation Pause) 91M->91M(512M) 11.814ms
[2020-08-01T12:15:40.075+0300][42.633s][info ][gc] GC(1573) Pause Young (Normal) (G1 Evacuation Pause) 113M->115M(512M) 10.617ms
[2020-08-01T12:15:40.095+0300][42.652s][info ][gc] GC(1574) Pause Young (Normal) (G1 Evacuation Pause) 136M->137M(512M) 10.552ms
[2020-08-01T12:15:40.149+0300][42.706s][info ][gc] GC(1575) Pause Young (Normal) (G1 Evacuation Pause) 178M->180M(512M) 17.473ms
[2020-08-01T12:15:40.171+0300][42.728s][info ][gc] GC(1576) Pause Young (Normal) (G1 Evacuation Pause) 201M->203M(512M) 11.319ms
[2020-08-01T12:15:40.190+0300][42.747s][info ][gc] GC(1577) Pause Young (Normal) (G1 Evacuation Pause) 224M->226M(512M) 10.646ms
[2020-08-01T12:15:40.208+0300][42.766s][info ][gc] GC(1578) Pause Young (Normal) (G1 Evacuation Pause) 247M->248M(512M) 10.550ms
[2020-08-01T12:15:40.227+0300][42.785s][info ][gc] GC(1579) Pause Young (Concurrent Start) (G1 Evacuation Pause) 269M->270M(512M) 10.494ms
[2020-08-01T12:15:40.227+0300][42.785s][info ][gc] GC(1580) Concurrent Cycle
[2020-08-01T12:15:40.265+0300][42.823s][info ][gc] GC(1581) Pause Young (Normal) (G1 Evacuation Pause) 311M->312M(512M) 10.486ms
[2020-08-01T12:15:40.284+0300][42.842s][info ][gc] GC(1582) Pause Young (Normal) (G1 Evacuation Pause) 333M->334M(512M) 10.387ms
[2020-08-01T12:15:40.304+0300][42.862s][info ][gc] GC(1583) Pause Young (Normal) (G1 Evacuation Pause) 355M->357M(512M) 10.764ms
[2020-08-01T12:15:40.325+0300][42.883s][info ][gc] GC(1584) Pause Young (Normal) (G1 Evacuation Pause) 378M->379M(512M) 10.600ms
[2020-08-01T12:15:40.347+0300][42.905s][info ][gc] GC(1585) Pause Young (Normal) (G1 Evacuation Pause) 400M->401M(512M) 10.964ms
[2020-08-01T12:15:40.368+0300][42.926s][info ][gc] GC(1586) Pause Young (Normal) (G1 Evacuation Pause) 422M->424M(512M) 10.893ms
[2020-08-01T12:15:40.386+0300][42.944s][debug][gc] GC(1580) Reclaimed 131 empty regions
[2020-08-01T12:15:40.386+0300][42.944s][info ][gc] GC(1580) Pause Remark 426M->296M(512M) 0.611ms
[2020-08-01T12:15:40.410+0300][42.968s][info ][gc] GC(1587) Pause Young (Normal) (G1 Evacuation Pause) 335M->337M(512M) 10.683ms
[2020-08-01T12:15:40.437+0300][42.995s][info ][gc] GC(1588) Pause Young (Normal) (G1 Evacuation Pause) 358M->359M(512M) 11.082ms
[2020-08-01T12:15:40.465+0300][43.022s][info ][gc] GC(1589) Pause Young (Normal) (G1 Evacuation Pause) 380M->381M(512M) 10.570ms
[2020-08-01T12:15:40.491+0300][43.049s][info ][gc] GC(1590) Pause Young (Normal) (G1 Evacuation Pause) 402M->404M(512M) 10.684ms
[2020-08-01T12:15:40.519+0300][43.077s][info ][gc] GC(1591) Pause Young (Normal) (G1 Evacuation Pause) 425M->427M(512M) 10.795ms
[2020-08-01T12:15:40.563+0300][43.120s][info ][gc] GC(1592) Pause Young (Normal) (G1 Evacuation Pause) 468M->469M(512M) 10.831ms
[2020-08-01T12:15:40.595+0300][43.153s][info ][gc] GC(1593) To-space exhausted
[2020-08-01T12:15:40.595+0300][43.153s][info ][gc] GC(1593) Pause Young (Normal) (G1 Evacuation Pause) 490M->496M(512M) 15.561ms
[2020-08-01T12:15:40.637+0300][43.195s][info ][gc] GC(1594) To-space exhausted
[2020-08-01T12:15:40.637+0300][43.195s][info ][gc] GC(1594) Pause Young (Normal) (G1 Evacuation Pause) 511M->511M(512M) 26.873ms
[2020-08-01T12:15:40.638+0300][43.195s][debug][gc] GC(1595) Clear Next Bitmap 0.307ms
[2020-08-01T12:15:40.679+0300][43.237s][info ][gc] GC(1595) Pause Full (G1 Evacuation Pause) 511M->67M(512M) 42.001ms
[2020-08-01T12:15:40.680+0300][43.237s][info ][gc] GC(1580) Concurrent Cycle 452.165ms
[2020-08-01T12:15:40.701+0300][43.259s][info ][gc] GC(1596) Pause Young (Normal) (G1 Evacuation Pause) 92M->92M(512M) 11.617ms
[2020-08-01T12:15:40.723+0300][43.281s][info ][gc] GC(1597) Pause Young (Normal) (G1 Evacuation Pause) 115M->117M(512M) 12.224ms
[2020-08-01T12:15:40.742+0300][43.300s][info ][gc] GC(1598) Pause Young (Normal) (G1 Evacuation Pause) 138M->140M(512M) 10.513ms
[2020-08-01T12:15:40.781+0300][43.339s][info ][gc] GC(1599) Pause Young (Normal) (G1 Evacuation Pause) 181M->182M(512M) 10.563ms
[2020-08-01T12:15:40.801+0300][43.359s][info ][gc] GC(1600) Pause Young (Normal) (G1 Evacuation Pause) 203M->204M(512M) 10.944ms
[2020-08-01T12:15:40.820+0300][43.378s][info ][gc] GC(1601) Pause Young (Normal) (G1 Evacuation Pause) 225M->227M(512M) 10.718ms
[2020-08-01T12:15:40.840+0300][43.397s][info ][gc] GC(1602) Pause Young (Normal) (G1 Evacuation Pause) 248M->249M(512M) 11.261ms
[2020-08-01T12:15:40.859+0300][43.416s][info ][gc] GC(1603) Pause Young (Concurrent Start) (G1 Evacuation Pause) 270M->271M(512M) 10.513ms
[2020-08-01T12:15:40.859+0300][43.416s][info ][gc] GC(1604) Concurrent Cycle
[2020-08-01T12:15:40.902+0300][43.460s][info ][gc] GC(1605) Pause Young (Normal) (G1 Evacuation Pause) 312M->313M(512M) 10.218ms
[2020-08-01T12:15:40.922+0300][43.479s][info ][gc] GC(1606) Pause Young (Normal) (G1 Evacuation Pause) 334M->336M(512M) 10.446ms
[2020-08-01T12:15:40.941+0300][43.499s][info ][gc] GC(1607) Pause Young (Normal) (G1 Evacuation Pause) 357M->358M(512M) 10.196ms
[2020-08-01T12:15:40.961+0300][43.519s][info ][gc] GC(1608) Pause Young (Normal) (G1 Evacuation Pause) 379M->381M(512M) 10.437ms
[2020-08-01T12:15:40.980+0300][43.538s][info ][gc] GC(1609) Pause Young (Normal) (G1 Evacuation Pause) 402M->403M(512M) 9.883ms
[2020-08-01T12:15:41.005+0300][43.563s][debug][gc] GC(1604) Reclaimed 136 empty regions
[2020-08-01T12:15:41.005+0300][43.563s][info ][gc] GC(1604) Pause Remark 424M->290M(512M) 0.603ms
[2020-08-01T12:15:41.030+0300][43.588s][info ][gc] GC(1610) Pause Young (Normal) (G1 Evacuation Pause) 311M->312M(512M) 13.831ms
[2020-08-01T12:15:41.063+0300][43.620s][info ][gc] GC(1611) Pause Young (Normal) (G1 Evacuation Pause) 333M->335M(512M) 10.696ms
[2020-08-01T12:15:41.089+0300][43.647s][info ][gc] GC(1612) Pause Young (Normal) (G1 Evacuation Pause) 356M->357M(512M) 10.638ms
[2020-08-01T12:15:41.112+0300][43.670s][info ][gc] GC(1613) Pause Young (Normal) (G1 Evacuation Pause) 378M->380M(512M) 10.899ms
[2020-08-01T12:15:41.140+0300][43.698s][info ][gc] GC(1614) Pause Young (Normal) (G1 Evacuation Pause) 401M->403M(512M) 10.659ms
[2020-08-01T12:15:41.167+0300][43.724s][info ][gc] GC(1615) Pause Young (Normal) (G1 Evacuation Pause) 424M->426M(512M) 10.831ms
[2020-08-01T12:15:41.216+0300][43.774s][info ][gc] GC(1616) Pause Young (Normal) (G1 Evacuation Pause) 467M->468M(512M) 11.007ms
[2020-08-01T12:15:41.229+0300][43.787s][info ][gc] GC(1604) Pause Cleanup 481M->481M(512M) 0.122ms
[2020-08-01T12:15:41.229+0300][43.787s][info ][gc] GC(1604) Concurrent Cycle 370.572ms
[2020-08-01T12:15:41.246+0300][43.803s][info ][gc] GC(1617) To-space exhausted
[2020-08-01T12:15:41.246+0300][43.804s][info ][gc] GC(1617) Pause Young (Normal) (G1 Evacuation Pause) 489M->496M(512M) 13.614ms
[2020-08-01T12:15:41.283+0300][43.840s][info ][gc] GC(1618) To-space exhausted
[2020-08-01T12:15:41.283+0300][43.841s][info ][gc] GC(1618) Pause Young (Concurrent Start) (G1 Evacuation Pause) 511M->511M(512M) 30.777ms
[2020-08-01T12:15:41.283+0300][43.841s][info ][gc] GC(1620) Concurrent Cycle
[2020-08-01T12:15:41.283+0300][43.841s][debug][gc] GC(1619) Clear Next Bitmap 0.250ms
[2020-08-01T12:15:41.324+0300][43.882s][info ][gc] GC(1619) Pause Full (G1 Evacuation Pause) 511M->69M(512M) 41.297ms
[2020-08-01T12:15:41.324+0300][43.882s][info ][gc] GC(1620) Concurrent Cycle 41.607ms
[2020-08-01T12:15:41.349+0300][43.906s][info ][gc] GC(1621) Pause Young (Normal) (G1 Evacuation Pause) 97M->97M(512M) 12.769ms
[2020-08-01T12:15:41.372+0300][43.930s][info ][gc] GC(1622) Pause Young (Normal) (G1 Evacuation Pause) 121M->123M(512M) 13.511ms
[2020-08-01T12:15:41.418+0300][43.976s][info ][gc] GC(1623) Pause Young (Normal) (G1 Evacuation Pause) 164M->165M(512M) 16.928ms
[2020-08-01T12:15:41.440+0300][43.997s][info ][gc] GC(1624) Pause Young (Normal) (G1 Evacuation Pause) 186M->188M(512M) 11.115ms
[2020-08-01T12:15:41.459+0300][44.017s][info ][gc] GC(1625) Pause Young (Normal) (G1 Evacuation Pause) 209M->210M(512M) 10.372ms
[2020-08-01T12:15:41.478+0300][44.036s][info ][gc] GC(1626) Pause Young (Normal) (G1 Evacuation Pause) 231M->233M(512M) 10.539ms
[2020-08-01T12:15:41.498+0300][44.056s][info ][gc] GC(1627) Pause Young (Concurrent Start) (G1 Evacuation Pause) 254M->255M(512M) 11.921ms
[2020-08-01T12:15:41.498+0300][44.056s][info ][gc] GC(1628) Concurrent Cycle
[2020-08-01T12:15:41.517+0300][44.075s][info ][gc] GC(1629) Pause Young (Normal) (G1 Evacuation Pause) 276M->278M(512M) 10.622ms
[2020-08-01T12:15:41.550+0300][44.108s][info ][gc] GC(1630) Pause Young (Normal) (G1 Evacuation Pause) 319M->320M(512M) 10.293ms
[2020-08-01T12:15:41.569+0300][44.127s][info ][gc] GC(1631) Pause Young (Normal) (G1 Evacuation Pause) 341M->343M(512M) 10.350ms
[2020-08-01T12:15:41.588+0300][44.146s][info ][gc] GC(1632) Pause Young (Normal) (G1 Evacuation Pause) 364M->365M(512M) 10.334ms
[2020-08-01T12:15:41.607+0300][44.165s][info ][gc] GC(1633) Pause Young (Normal) (G1 Evacuation Pause) 386M->388M(512M) 10.551ms
[2020-08-01T12:15:41.626+0300][44.184s][info ][gc] GC(1634) Pause Young (Normal) (G1 Evacuation Pause) 409M->410M(512M) 10.118ms
[2020-08-01T12:15:41.640+0300][44.198s][debug][gc] GC(1628) Reclaimed 125 empty regions
[2020-08-01T12:15:41.640+0300][44.198s][info ][gc] GC(1628) Pause Remark 425M->303M(512M) 0.578ms
[2020-08-01T12:15:41.664+0300][44.222s][info ][gc] GC(1635) Pause Young (Normal) (G1 Evacuation Pause) 329M->331M(512M) 10.600ms
[2020-08-01T12:15:41.695+0300][44.253s][info ][gc] GC(1636) Pause Young (Normal) (G1 Evacuation Pause) 352M->353M(512M) 13.372ms
[2020-08-01T12:15:41.723+0300][44.281s][info ][gc] GC(1637) Pause Young (Normal) (G1 Evacuation Pause) 374M->375M(512M) 10.995ms
[2020-08-01T12:15:41.749+0300][44.307s][info ][gc] GC(1638) Pause Young (Normal) (G1 Evacuation Pause) 396M->397M(512M) 10.588ms
[2020-08-01T12:15:41.776+0300][44.334s][info ][gc] GC(1639) Pause Young (Normal) (G1 Evacuation Pause) 418M->420M(512M) 10.659ms
[2020-08-01T12:15:41.804+0300][44.362s][info ][gc] GC(1640) Pause Young (Normal) (G1 Evacuation Pause) 441M->442M(512M) 11.049ms
[2020-08-01T12:15:41.849+0300][44.407s][info ][gc] GC(1641) Pause Young (Normal) (G1 Evacuation Pause) 483M->485M(512M) 10.605ms
[2020-08-01T12:15:41.897+0300][44.455s][info ][gc] GC(1642) To-space exhausted
[2020-08-01T12:15:41.897+0300][44.455s][info ][gc] GC(1642) Pause Young (Normal) (G1 Evacuation Pause) 506M->511M(512M) 31.503ms
[2020-08-01T12:15:41.898+0300][44.456s][debug][gc] GC(1643) Clear Next Bitmap 0.317ms
[2020-08-01T12:15:41.937+0300][44.495s][info ][gc] GC(1643) Pause Full (G1 Evacuation Pause) 511M->60M(512M) 39.409ms
[2020-08-01T12:15:41.937+0300][44.495s][info ][gc] GC(1628) Concurrent Cycle 438.753ms
[2020-08-01T12:15:41.958+0300][44.516s][info ][gc] GC(1644) Pause Young (Normal) (G1 Evacuation Pause) 85M->86M(512M) 11.076ms
[2020-08-01T12:15:41.978+0300][44.536s][info ][gc] GC(1645) Pause Young (Normal) (G1 Evacuation Pause) 109M->109M(512M) 10.909ms
[2020-08-01T12:15:41.997+0300][44.555s][info ][gc] GC(1646) Pause Young (Normal) (G1 Evacuation Pause) 130M->131M(512M) 10.991ms
[2020-08-01T12:15:42.033+0300][44.591s][info ][gc] GC(1647) Pause Young (Normal) (G1 Evacuation Pause) 172M->173M(512M) 11.579ms
[2020-08-01T12:15:42.053+0300][44.611s][info ][gc] GC(1648) Pause Young (Normal) (G1 Evacuation Pause) 194M->196M(512M) 11.259ms
[2020-08-01T12:15:42.073+0300][44.630s][info ][gc] GC(1649) Pause Young (Normal) (G1 Evacuation Pause) 217M->218M(512M) 11.133ms
[2020-08-01T12:15:42.093+0300][44.651s][info ][gc] GC(1650) Pause Young (Normal) (G1 Evacuation Pause) 239M->240M(512M) 11.646ms
[2020-08-01T12:15:42.113+0300][44.670s][info ][gc] GC(1651) Pause Young (Concurrent Start) (G1 Evacuation Pause) 261M->263M(512M) 10.715ms
[2020-08-01T12:15:42.113+0300][44.670s][info ][gc] GC(1652) Concurrent Cycle
[2020-08-01T12:15:42.149+0300][44.707s][info ][gc] GC(1653) Pause Young (Normal) (G1 Evacuation Pause) 304M->306M(512M) 10.740ms
[2020-08-01T12:15:42.169+0300][44.727s][info ][gc] GC(1654) Pause Young (Normal) (G1 Evacuation Pause) 327M->328M(512M) 10.886ms
[2020-08-01T12:15:42.189+0300][44.747s][info ][gc] GC(1655) Pause Young (Normal) (G1 Evacuation Pause) 349M->351M(512M) 11.877ms
[2020-08-01T12:15:42.209+0300][44.766s][info ][gc] GC(1656) Pause Young (Normal) (G1 Evacuation Pause) 372M->373M(512M) 10.311ms
[2020-08-01T12:15:42.228+0300][44.786s][info ][gc] GC(1657) Pause Young (Normal) (G1 Evacuation Pause) 394M->396M(512M) 10.994ms
[2020-08-01T12:15:42.249+0300][44.807s][info ][gc] GC(1658) Pause Young (Normal) (G1 Evacuation Pause) 417M->419M(512M) 11.793ms
[2020-08-01T12:15:42.269+0300][44.827s][debug][gc] GC(1652) Reclaimed 129 empty regions
[2020-08-01T12:15:42.269+0300][44.827s][info ][gc] GC(1652) Pause Remark 453M->327M(512M) 0.701ms
[2020-08-01T12:15:42.284+0300][44.842s][info ][gc] GC(1659) Pause Young (Normal) (G1 Evacuation Pause) 334M->335M(512M) 12.206ms
[2020-08-01T12:15:42.315+0300][44.873s][info ][gc] GC(1660) Pause Young (Normal) (G1 Evacuation Pause) 356M->357M(512M) 11.625ms
[2020-08-01T12:15:42.344+0300][44.902s][info ][gc] GC(1661) Pause Young (Normal) (G1 Evacuation Pause) 378M->380M(512M) 11.661ms
[2020-08-01T12:15:42.377+0300][44.935s][info ][gc] GC(1662) Pause Young (Normal) (G1 Evacuation Pause) 401M->402M(512M) 12.348ms
[2020-08-01T12:15:42.410+0300][44.967s][info ][gc] GC(1663) Pause Young (Normal) (G1 Evacuation Pause) 423M->425M(512M) 10.542ms
[2020-08-01T12:15:42.453+0300][45.011s][info ][gc] GC(1664) Pause Young (Normal) (G1 Evacuation Pause) 466M->467M(512M) 10.979ms
[2020-08-01T12:15:42.482+0300][45.040s][info ][gc] GC(1665) To-space exhausted
[2020-08-01T12:15:42.482+0300][45.040s][info ][gc] GC(1665) Pause Young (Normal) (G1 Evacuation Pause) 488M->494M(512M) 12.641ms
[2020-08-01T12:15:42.529+0300][45.087s][info ][gc] GC(1666) To-space exhausted
[2020-08-01T12:15:42.529+0300][45.087s][info ][gc] GC(1666) Pause Young (Normal) (G1 Evacuation Pause) 511M->511M(512M) 31.835ms
[2020-08-01T12:15:42.529+0300][45.087s][debug][gc] GC(1667) Clear Next Bitmap 0.352ms
[2020-08-01T12:15:42.572+0300][45.129s][info ][gc] GC(1667) Pause Full (G1 Evacuation Pause) 511M->64M(512M) 42.679ms
[2020-08-01T12:15:42.572+0300][45.130s][info ][gc] GC(1652) Concurrent Cycle 459.223ms
[2020-08-01T12:15:42.593+0300][45.150s][info ][gc] GC(1668) Pause Young (Normal) (G1 Evacuation Pause) 89M->89M(512M) 10.613ms
[2020-08-01T12:15:42.614+0300][45.172s][info ][gc] GC(1669) Pause Young (Normal) (G1 Evacuation Pause) 113M->115M(512M) 11.653ms
[2020-08-01T12:15:42.634+0300][45.192s][info ][gc] GC(1670) Pause Young (Normal) (G1 Evacuation Pause) 136M->137M(512M) 11.857ms
[2020-08-01T12:15:42.678+0300][45.236s][info ][gc] GC(1671) Pause Young (Normal) (G1 Evacuation Pause) 178M->179M(512M) 12.953ms
[2020-08-01T12:15:42.698+0300][45.256s][info ][gc] GC(1672) Pause Young (Normal) (G1 Evacuation Pause) 200M->202M(512M) 10.692ms
[2020-08-01T12:15:42.719+0300][45.276s][info ][gc] GC(1673) Pause Young (Normal) (G1 Evacuation Pause) 223M->224M(512M) 12.002ms
[2020-08-01T12:15:42.738+0300][45.295s][info ][gc] GC(1674) Pause Young (Normal) (G1 Evacuation Pause) 245M->247M(512M) 10.718ms
[2020-08-01T12:15:42.757+0300][45.315s][info ][gc] GC(1675) Pause Young (Concurrent Start) (G1 Evacuation Pause) 268M->269M(512M) 11.125ms
[2020-08-01T12:15:42.757+0300][45.315s][info ][gc] GC(1676) Concurrent Cycle
[2020-08-01T12:15:42.792+0300][45.350s][info ][gc] GC(1677) Pause Young (Normal) (G1 Evacuation Pause) 310M->311M(512M) 10.999ms
[2020-08-01T12:15:42.812+0300][45.370s][info ][gc] GC(1678) Pause Young (Normal) (G1 Evacuation Pause) 332M->334M(512M) 11.181ms
[2020-08-01T12:15:42.834+0300][45.391s][info ][gc] GC(1679) Pause Young (Normal) (G1 Evacuation Pause) 355M->357M(512M) 11.488ms
[2020-08-01T12:15:42.855+0300][45.413s][info ][gc] GC(1680) Pause Young (Normal) (G1 Evacuation Pause) 378M->380M(512M) 12.110ms
[2020-08-01T12:15:42.875+0300][45.432s][info ][gc] GC(1681) Pause Young (Normal) (G1 Evacuation Pause) 401M->402M(512M) 10.282ms
[2020-08-01T12:15:42.895+0300][45.453s][info ][gc] GC(1682) Pause Young (Normal) (G1 Evacuation Pause) 423M->425M(512M) 11.145ms
[2020-08-01T12:15:42.928+0300][45.486s][info ][gc] GC(1683) Pause Young (Normal) (G1 Evacuation Pause) 466M->468M(512M) 11.436ms
[2020-08-01T12:15:42.931+0300][45.488s][debug][gc] GC(1676) Reclaimed 133 empty regions
[2020-08-01T12:15:42.931+0300][45.489s][info ][gc] GC(1676) Pause Remark 471M->342M(512M) 0.793ms
[2020-08-01T12:15:42.949+0300][45.507s][info ][gc] GC(1684) Pause Young (Normal) (G1 Evacuation Pause) 359M->360M(512M) 10.919ms
[2020-08-01T12:15:42.975+0300][45.533s][info ][gc] GC(1685) Pause Young (Normal) (G1 Evacuation Pause) 381M->382M(512M) 10.592ms
[2020-08-01T12:15:43.003+0300][45.561s][info ][gc] GC(1686) Pause Young (Normal) (G1 Evacuation Pause) 403M->404M(512M) 12.042ms
[2020-08-01T12:15:43.032+0300][45.590s][info ][gc] GC(1687) Pause Young (Normal) (G1 Evacuation Pause) 425M->426M(512M) 10.816ms
[2020-08-01T12:15:43.076+0300][45.634s][info ][gc] GC(1688) Pause Young (Normal) (G1 Evacuation Pause) 467M->469M(512M) 11.771ms
[2020-08-01T12:15:43.110+0300][45.667s][info ][gc] GC(1689) To-space exhausted
[2020-08-01T12:15:43.110+0300][45.667s][info ][gc] GC(1689) Pause Young (Normal) (G1 Evacuation Pause) 490M->498M(512M) 16.192ms
[2020-08-01T12:15:43.148+0300][45.705s][info ][gc] GC(1690) To-space exhausted
[2020-08-01T12:15:43.148+0300][45.705s][info ][gc] GC(1690) Pause Young (Normal) (G1 Evacuation Pause) 511M->511M(512M) 24.735ms
[2020-08-01T12:15:43.148+0300][45.706s][debug][gc] GC(1691) Clear Next Bitmap 0.225ms
[2020-08-01T12:15:43.187+0300][45.745s][info ][gc] GC(1691) Pause Full (G1 Evacuation Pause) 511M->66M(512M) 39.042ms
[2020-08-01T12:15:43.187+0300][45.745s][info ][gc] GC(1676) Concurrent Cycle 429.806ms
[2020-08-01T12:15:43.208+0300][45.766s][info ][gc] GC(1692) Pause Young (Normal) (G1 Evacuation Pause) 92M->92M(512M) 10.668ms
[2020-08-01T12:15:43.232+0300][45.789s][info ][gc] GC(1693) Pause Young (Normal) (G1 Evacuation Pause) 116M->118M(512M) 13.909ms
[2020-08-01T12:15:43.266+0300][45.824s][info ][gc] GC(1694) Pause Young (Normal) (G1 Evacuation Pause) 159M->160M(512M) 11.561ms
[2020-08-01T12:15:43.286+0300][45.844s][info ][gc] GC(1695) Pause Young (Normal) (G1 Evacuation Pause) 181M->182M(512M) 11.406ms
[2020-08-01T12:15:43.306+0300][45.864s][info ][gc] GC(1696) Pause Young (Normal) (G1 Evacuation Pause) 203M->205M(512M) 11.514ms
[2020-08-01T12:15:43.326+0300][45.884s][info ][gc] GC(1697) Pause Young (Normal) (G1 Evacuation Pause) 226M->227M(512M) 11.098ms
[2020-08-01T12:15:43.345+0300][45.903s][info ][gc] GC(1698) Pause Young (Normal) (G1 Evacuation Pause) 248M->249M(512M) 10.367ms
[2020-08-01T12:15:43.365+0300][45.923s][info ][gc] GC(1699) Pause Young (Concurrent Start) (G1 Evacuation Pause) 270M->271M(512M) 10.354ms
[2020-08-01T12:15:43.365+0300][45.923s][info ][gc] GC(1700) Concurrent Cycle
[2020-08-01T12:15:43.399+0300][45.957s][info ][gc] GC(1701) Pause Young (Normal) (G1 Evacuation Pause) 312M->313M(512M) 10.812ms
[2020-08-01T12:15:43.419+0300][45.977s][info ][gc] GC(1702) Pause Young (Normal) (G1 Evacuation Pause) 334M->336M(512M) 10.910ms
[2020-08-01T12:15:43.439+0300][45.996s][info ][gc] GC(1703) Pause Young (Normal) (G1 Evacuation Pause) 357M->358M(512M) 11.022ms
[2020-08-01T12:15:43.459+0300][46.017s][info ][gc] GC(1704) Pause Young (Normal) (G1 Evacuation Pause) 379M->380M(512M) 10.434ms
[2020-08-01T12:15:43.479+0300][46.036s][info ][gc] GC(1705) Pause Young (Normal) (G1 Evacuation Pause) 401M->403M(512M) 10.322ms
[2020-08-01T12:15:43.519+0300][46.077s][info ][gc] GC(1706) Pause Young (Normal) (G1 Evacuation Pause) 444M->445M(512M) 10.827ms
[2020-08-01T12:15:43.528+0300][46.086s][debug][gc] GC(1700) Reclaimed 133 empty regions
[2020-08-01T12:15:43.528+0300][46.086s][info ][gc] GC(1700) Pause Remark 465M->336M(512M) 0.633ms
[2020-08-01T12:15:43.539+0300][46.097s][info ][gc] GC(1707) Pause Young (Normal) (G1 Evacuation Pause) 336M->338M(512M) 10.571ms
[2020-08-01T12:15:43.569+0300][46.127s][info ][gc] GC(1708) Pause Young (Normal) (G1 Evacuation Pause) 359M->361M(512M) 14.049ms
[2020-08-01T12:15:43.598+0300][46.156s][info ][gc] GC(1709) Pause Young (Normal) (G1 Evacuation Pause) 382M->383M(512M) 10.498ms
[2020-08-01T12:15:43.625+0300][46.183s][info ][gc] GC(1710) Pause Young (Normal) (G1 Evacuation Pause) 404M->406M(512M) 10.665ms
[2020-08-01T12:15:43.657+0300][46.215s][info ][gc] GC(1711) Pause Young (Normal) (G1 Evacuation Pause) 427M->428M(512M) 11.585ms
[2020-08-01T12:15:43.715+0300][46.273s][info ][gc] GC(1712) Pause Young (Normal) (G1 Evacuation Pause) 469M->471M(512M) 12.786ms
[2020-08-01T12:15:43.749+0300][46.307s][info ][gc] GC(1713) To-space exhausted
[2020-08-01T12:15:43.749+0300][46.307s][info ][gc] GC(1713) Pause Young (Normal) (G1 Evacuation Pause) 492M->499M(512M) 17.633ms
[2020-08-01T12:15:43.785+0300][46.343s][info ][gc] GC(1714) To-space exhausted
[2020-08-01T12:15:43.785+0300][46.343s][info ][gc] GC(1714) Pause Young (Normal) (G1 Evacuation Pause) 511M->511M(512M) 23.942ms
[2020-08-01T12:15:43.786+0300][46.344s][debug][gc] GC(1715) Clear Next Bitmap 0.329ms
[2020-08-01T12:15:43.826+0300][46.384s][info ][gc] GC(1715) Pause Full (G1 Evacuation Pause) 511M->66M(512M) 40.145ms
[2020-08-01T12:15:43.826+0300][46.384s][info ][gc] GC(1700) Concurrent Cycle 460.893ms
[2020-08-01T12:15:43.847+0300][46.405s][info ][gc] GC(1716) Pause Young (Normal) (G1 Evacuation Pause) 93M->94M(512M) 10.162ms
[2020-08-01T12:15:43.870+0300][46.428s][info ][gc] GC(1717) Pause Young (Normal) (G1 Evacuation Pause) 119M->120M(512M) 13.506ms
[2020-08-01T12:15:43.937+0300][46.495s][info ][gc] GC(1718) Pause Young (Normal) (G1 Evacuation Pause) 161M->162M(512M) 30.200ms
[2020-08-01T12:15:43.962+0300][46.519s][info ][gc] GC(1719) Pause Young (Normal) (G1 Evacuation Pause) 183M->184M(512M) 12.767ms
[2020-08-01T12:15:43.981+0300][46.539s][info ][gc] GC(1720) Pause Young (Normal) (G1 Evacuation Pause) 205M->206M(512M) 10.556ms
[2020-08-01T12:15:44.000+0300][46.557s][info ][gc] GC(1721) Pause Young (Normal) (G1 Evacuation Pause) 227M->228M(512M) 10.305ms
[2020-08-01T12:15:44.019+0300][46.576s][info ][gc] GC(1722) Pause Young (Normal) (G1 Evacuation Pause) 249M->250M(512M) 10.649ms
[2020-08-01T12:15:44.038+0300][46.596s][info ][gc] GC(1723) Pause Young (Concurrent Start) (G1 Evacuation Pause) 271M->273M(512M) 10.698ms
[2020-08-01T12:15:44.038+0300][46.596s][info ][gc] GC(1724) Concurrent Cycle
[2020-08-01T12:15:44.086+0300][46.644s][info ][gc] GC(1725) Pause Young (Normal) (G1 Evacuation Pause) 314M->315M(512M) 11.187ms
[2020-08-01T12:15:44.107+0300][46.665s][info ][gc] GC(1726) Pause Young (Normal) (G1 Evacuation Pause) 336M->337M(512M) 12.242ms
[2020-08-01T12:15:44.126+0300][46.684s][info ][gc] GC(1727) Pause Young (Normal) (G1 Evacuation Pause) 358M->360M(512M) 10.376ms
[2020-08-01T12:15:44.146+0300][46.704s][info ][gc] GC(1728) Pause Young (Normal) (G1 Evacuation Pause) 381M->382M(512M) 10.628ms
[2020-08-01T12:15:44.166+0300][46.724s][info ][gc] GC(1729) Pause Young (Normal) (G1 Evacuation Pause) 403M->404M(512M) 10.648ms
[2020-08-01T12:15:44.191+0300][46.749s][debug][gc] GC(1724) Reclaimed 128 empty regions
[2020-08-01T12:15:44.191+0300][46.749s][info ][gc] GC(1724) Pause Remark 421M->295M(512M) 0.650ms
[2020-08-01T12:15:44.208+0300][46.766s][info ][gc] GC(1730) Pause Young (Normal) (G1 Evacuation Pause) 319M->321M(512M) 11.262ms
[2020-08-01T12:15:44.235+0300][46.793s][info ][gc] GC(1731) Pause Young (Normal) (G1 Evacuation Pause) 342M->343M(512M) 10.738ms
[2020-08-01T12:15:44.260+0300][46.818s][info ][gc] GC(1732) Pause Young (Normal) (G1 Evacuation Pause) 364M->365M(512M) 10.524ms
[2020-08-01T12:15:44.289+0300][46.847s][info ][gc] GC(1733) Pause Young (Normal) (G1 Evacuation Pause) 386M->387M(512M) 10.780ms
[2020-08-01T12:15:44.320+0300][46.877s][info ][gc] GC(1734) Pause Young (Normal) (G1 Evacuation Pause) 408M->410M(512M) 13.264ms
[2020-08-01T12:15:44.349+0300][46.907s][info ][gc] GC(1735) Pause Young (Normal) (G1 Evacuation Pause) 431M->432M(512M) 11.027ms
[2020-08-01T12:15:44.390+0300][46.948s][info ][gc] GC(1736) Pause Young (Normal) (G1 Evacuation Pause) 473M->474M(512M) 11.613ms
[2020-08-01T12:15:44.429+0300][46.986s][info ][gc] GC(1737) To-space exhausted
[2020-08-01T12:15:44.429+0300][46.986s][info ][gc] GC(1737) Pause Young (Normal) (G1 Evacuation Pause) 495M->503M(512M) 20.803ms
[2020-08-01T12:15:44.459+0300][47.017s][info ][gc] GC(1738) To-space exhausted
[2020-08-01T12:15:44.459+0300][47.017s][info ][gc] GC(1738) Pause Young (Normal) (G1 Evacuation Pause) 511M->511M(512M) 18.584ms
[2020-08-01T12:15:44.460+0300][47.018s][debug][gc] GC(1739) Clear Next Bitmap 0.324ms
[2020-08-01T12:15:44.500+0300][47.057s][info ][gc] GC(1739) Pause Full (G1 Evacuation Pause) 511M->65M(512M) 40.036ms
[2020-08-01T12:15:44.500+0300][47.058s][info ][gc] GC(1724) Concurrent Cycle 462.034ms
[2020-08-01T12:15:44.523+0300][47.080s][info ][gc] GC(1740) Pause Young (Normal) (G1 Evacuation Pause) 90M->90M(512M) 12.633ms
[2020-08-01T12:15:44.542+0300][47.100s][info ][gc] GC(1741) Pause Young (Normal) (G1 Evacuation Pause) 111M->113M(512M) 10.812ms
[2020-08-01T12:15:44.561+0300][47.119s][info ][gc] GC(1742) Pause Young (Normal) (G1 Evacuation Pause) 134M->135M(512M) 10.339ms
[2020-08-01T12:15:44.593+0300][47.151s][info ][gc] GC(1743) Pause Young (Normal) (G1 Evacuation Pause) 176M->178M(512M) 10.212ms
[2020-08-01T12:15:44.614+0300][47.172s][info ][gc] GC(1744) Pause Young (Normal) (G1 Evacuation Pause) 199M->200M(512M) 11.963ms
[2020-08-01T12:15:44.634+0300][47.192s][info ][gc] GC(1745) Pause Young (Normal) (G1 Evacuation Pause) 221M->223M(512M) 11.592ms
[2020-08-01T12:15:44.657+0300][47.214s][info ][gc] GC(1746) Pause Young (Normal) (G1 Evacuation Pause) 244M->245M(512M) 13.375ms
[2020-08-01T12:15:44.677+0300][47.235s][info ][gc] GC(1747) Pause Young (Concurrent Start) (G1 Evacuation Pause) 266M->267M(512M) 11.605ms
[2020-08-01T12:15:44.677+0300][47.235s][info ][gc] GC(1748) Concurrent Cycle
[2020-08-01T12:15:44.713+0300][47.271s][info ][gc] GC(1749) Pause Young (Normal) (G1 Evacuation Pause) 308M->310M(512M) 11.687ms
[2020-08-01T12:15:44.733+0300][47.291s][info ][gc] GC(1750) Pause Young (Normal) (G1 Evacuation Pause) 331M->332M(512M) 10.983ms
[2020-08-01T12:15:44.756+0300][47.314s][info ][gc] GC(1751) Pause Young (Normal) (G1 Evacuation Pause) 353M->355M(512M) 13.498ms
[2020-08-01T12:15:44.776+0300][47.334s][info ][gc] GC(1752) Pause Young (Normal) (G1 Evacuation Pause) 376M->377M(512M) 11.070ms
[2020-08-01T12:15:44.796+0300][47.354s][info ][gc] GC(1753) Pause Young (Normal) (G1 Evacuation Pause) 398M->399M(512M) 10.675ms
[2020-08-01T12:15:44.820+0300][47.378s][info ][gc] GC(1754) Pause Young (Normal) (G1 Evacuation Pause) 420M->422M(512M) 13.949ms
[2020-08-01T12:15:44.842+0300][47.399s][debug][gc] GC(1748) Reclaimed 131 empty regions
[2020-08-01T12:15:44.842+0300][47.400s][info ][gc] GC(1748) Pause Remark 457M->329M(512M) 0.710ms
[2020-08-01T12:15:44.858+0300][47.415s][info ][gc] GC(1755) Pause Young (Normal) (G1 Evacuation Pause) 335M->336M(512M) 12.998ms
[2020-08-01T12:15:44.886+0300][47.444s][info ][gc] GC(1756) Pause Young (Normal) (G1 Evacuation Pause) 357M->358M(512M) 10.812ms
[2020-08-01T12:15:44.910+0300][47.468s][info ][gc] GC(1757) Pause Young (Normal) (G1 Evacuation Pause) 379M->381M(512M) 10.533ms
[2020-08-01T12:15:44.940+0300][47.498s][info ][gc] GC(1758) Pause Young (Normal) (G1 Evacuation Pause) 402M->403M(512M) 11.969ms
[2020-08-01T12:15:44.964+0300][47.522s][info ][gc] GC(1759) Pause Young (Normal) (G1 Evacuation Pause) 424M->426M(512M) 11.433ms
[2020-08-01T12:15:45.010+0300][47.568s][info ][gc] GC(1760) Pause Young (Normal) (G1 Evacuation Pause) 467M->469M(512M) 10.904ms
[2020-08-01T12:15:45.041+0300][47.599s][info ][gc] GC(1761) To-space exhausted
[2020-08-01T12:15:45.041+0300][47.599s][info ][gc] GC(1761) Pause Young (Normal) (G1 Evacuation Pause) 490M->497M(512M) 16.139ms
[2020-08-01T12:15:45.085+0300][47.643s][info ][gc] GC(1762) To-space exhausted
[2020-08-01T12:15:45.085+0300][47.643s][info ][gc] GC(1762) Pause Young (Normal) (G1 Evacuation Pause) 511M->511M(512M) 28.273ms
[2020-08-01T12:15:45.085+0300][47.643s][debug][gc] GC(1763) Clear Next Bitmap 0.190ms
[2020-08-01T12:15:45.124+0300][47.682s][info ][gc] GC(1763) Pause Full (G1 Evacuation Pause) 511M->65M(512M) 38.747ms
[2020-08-01T12:15:45.124+0300][47.682s][info ][gc] GC(1748) Concurrent Cycle 447.230ms
[2020-08-01T12:15:45.145+0300][47.703s][info ][gc] GC(1764) Pause Young (Normal) (G1 Evacuation Pause) 90M->90M(512M) 10.841ms
[2020-08-01T12:15:45.165+0300][47.723s][info ][gc] GC(1765) Pause Young (Normal) (G1 Evacuation Pause) 112M->113M(512M) 11.303ms
[2020-08-01T12:15:45.184+0300][47.741s][info ][gc] GC(1766) Pause Young (Normal) (G1 Evacuation Pause) 134M->135M(512M) 10.306ms
[2020-08-01T12:15:45.217+0300][47.775s][info ][gc] GC(1767) Pause Young (Normal) (G1 Evacuation Pause) 176M->178M(512M) 11.801ms
[2020-08-01T12:15:45.238+0300][47.796s][info ][gc] GC(1768) Pause Young (Normal) (G1 Evacuation Pause) 199M->199M(512M) 12.285ms
[2020-08-01T12:15:45.259+0300][47.816s][info ][gc] GC(1769) Pause Young (Normal) (G1 Evacuation Pause) 220M->222M(512M) 12.219ms
[2020-08-01T12:15:45.279+0300][47.837s][info ][gc] GC(1770) Pause Young (Normal) (G1 Evacuation Pause) 243M->244M(512M) 11.948ms
[2020-08-01T12:15:45.299+0300][47.857s][info ][gc] GC(1771) Pause Young (Concurrent Start) (G1 Evacuation Pause) 265M->267M(512M) 11.230ms
[2020-08-01T12:15:45.299+0300][47.857s][info ][gc] GC(1772) Concurrent Cycle
[2020-08-01T12:15:45.336+0300][47.894s][info ][gc] GC(1773) Pause Young (Normal) (G1 Evacuation Pause) 308M->309M(512M) 11.531ms
[2020-08-01T12:15:45.359+0300][47.917s][info ][gc] GC(1774) Pause Young (Normal) (G1 Evacuation Pause) 330M->331M(512M) 10.897ms
[2020-08-01T12:15:45.381+0300][47.938s][info ][gc] GC(1775) Pause Young (Normal) (G1 Evacuation Pause) 352M->353M(512M) 11.500ms
[2020-08-01T12:15:45.404+0300][47.962s][info ][gc] GC(1776) Pause Young (Normal) (G1 Evacuation Pause) 374M->375M(512M) 13.616ms
[2020-08-01T12:15:45.428+0300][47.986s][info ][gc] GC(1777) Pause Young (Normal) (G1 Evacuation Pause) 396M->397M(512M) 14.643ms
[2020-08-01T12:15:45.451+0300][48.009s][info ][gc] GC(1778) Pause Young (Normal) (G1 Evacuation Pause) 418M->419M(512M) 12.295ms
[2020-08-01T12:15:45.469+0300][48.026s][debug][gc] GC(1772) Reclaimed 131 empty regions
[2020-08-01T12:15:45.469+0300][48.027s][info ][gc] GC(1772) Pause Remark 442M->315M(512M) 1.019ms
[2020-08-01T12:15:45.491+0300][48.049s][info ][gc] GC(1779) Pause Young (Normal) (G1 Evacuation Pause) 333M->335M(512M) 13.111ms
[2020-08-01T12:15:45.523+0300][48.081s][info ][gc] GC(1780) Pause Young (Normal) (G1 Evacuation Pause) 356M->358M(512M) 12.126ms
[2020-08-01T12:15:45.551+0300][48.109s][info ][gc] GC(1781) Pause Young (Normal) (G1 Evacuation Pause) 379M->380M(512M) 11.497ms
[2020-08-01T12:15:45.582+0300][48.140s][info ][gc] GC(1782) Pause Young (Normal) (G1 Evacuation Pause) 401M->402M(512M) 12.390ms
[2020-08-01T12:15:45.612+0300][48.169s][info ][gc] GC(1783) Pause Young (Normal) (G1 Evacuation Pause) 423M->425M(512M) 11.848ms
[2020-08-01T12:15:45.673+0300][48.231s][info ][gc] GC(1784) Pause Young (Normal) (G1 Evacuation Pause) 466M->468M(512M) 14.442ms
[2020-08-01T12:15:45.707+0300][48.264s][info ][gc] GC(1785) To-space exhausted
[2020-08-01T12:15:45.707+0300][48.265s][info ][gc] GC(1785) Pause Young (Normal) (G1 Evacuation Pause) 489M->496M(512M) 15.055ms
[2020-08-01T12:15:45.716+0300][48.274s][info ][gc] GC(1772) Pause Cleanup 498M->498M(512M) 0.165ms
[2020-08-01T12:15:45.717+0300][48.275s][info ][gc] GC(1772) Concurrent Cycle 418.119ms
[2020-08-01T12:15:45.751+0300][48.309s][info ][gc] GC(1786) To-space exhausted
[2020-08-01T12:15:45.751+0300][48.309s][info ][gc] GC(1786) Pause Young (Normal) (G1 Evacuation Pause) 511M->511M(512M) 29.025ms
[2020-08-01T12:15:45.793+0300][48.351s][info ][gc] GC(1787) Pause Full (G1 Evacuation Pause) 511M->66M(512M) 41.688ms
[2020-08-01T12:15:45.816+0300][48.374s][info ][gc] GC(1788) Pause Young (Normal) (G1 Evacuation Pause) 92M->92M(512M) 12.597ms
[2020-08-01T12:15:45.839+0300][48.396s][info ][gc] GC(1789) Pause Young (Normal) (G1 Evacuation Pause) 114M->115M(512M) 13.507ms
[2020-08-01T12:15:45.858+0300][48.416s][info ][gc] GC(1790) Pause Young (Normal) (G1 Evacuation Pause) 136M->138M(512M) 10.846ms
[2020-08-01T12:15:45.890+0300][48.448s][info ][gc] GC(1791) Pause Young (Normal) (G1 Evacuation Pause) 179M->181M(512M) 10.516ms
[2020-08-01T12:15:45.909+0300][48.467s][info ][gc] GC(1792) Pause Young (Normal) (G1 Evacuation Pause) 202M->203M(512M) 10.278ms
[2020-08-01T12:15:45.928+0300][48.486s][info ][gc] GC(1793) Pause Young (Normal) (G1 Evacuation Pause) 224M->226M(512M) 10.768ms
[2020-08-01T12:15:45.948+0300][48.505s][info ][gc] GC(1794) Pause Young (Normal) (G1 Evacuation Pause) 247M->249M(512M) 11.163ms
[2020-08-01T12:15:45.967+0300][48.525s][info ][gc] GC(1795) Pause Young (Concurrent Start) (G1 Evacuation Pause) 270M->271M(512M) 11.253ms
[2020-08-01T12:15:45.967+0300][48.525s][info ][gc] GC(1796) Concurrent Cycle
[2020-08-01T12:15:46.012+0300][48.570s][info ][gc] GC(1797) Pause Young (Normal) (G1 Evacuation Pause) 312M->313M(512M) 10.828ms
[2020-08-01T12:15:46.031+0300][48.589s][info ][gc] GC(1798) Pause Young (Normal) (G1 Evacuation Pause) 334M->336M(512M) 10.629ms
[2020-08-01T12:15:46.051+0300][48.609s][info ][gc] GC(1799) Pause Young (Normal) (G1 Evacuation Pause) 357M->358M(512M) 10.460ms
[2020-08-01T12:15:46.072+0300][48.629s][info ][gc] GC(1800) Pause Young (Normal) (G1 Evacuation Pause) 379M->380M(512M) 11.667ms
[2020-08-01T12:15:46.094+0300][48.652s][info ][gc] GC(1801) Pause Young (Normal) (G1 Evacuation Pause) 401M->402M(512M) 13.986ms
[2020-08-01T12:15:46.117+0300][48.674s][info ][gc] GC(1802) Pause Young (Normal) (G1 Evacuation Pause) 423M->425M(512M) 11.351ms
[2020-08-01T12:15:46.131+0300][48.689s][debug][gc] GC(1796) Reclaimed 134 empty regions
[2020-08-01T12:15:46.131+0300][48.689s][info ][gc] GC(1796) Pause Remark 426M->293M(512M) 0.899ms
[2020-08-01T12:15:46.156+0300][48.713s][info ][gc] GC(1803) Pause Young (Normal) (G1 Evacuation Pause) 334M->335M(512M) 10.963ms
[2020-08-01T12:15:46.185+0300][48.743s][info ][gc] GC(1804) Pause Young (Normal) (G1 Evacuation Pause) 356M->358M(512M) 10.494ms
[2020-08-01T12:15:46.214+0300][48.771s][info ][gc] GC(1805) Pause Young (Normal) (G1 Evacuation Pause) 379M->380M(512M) 11.514ms
[2020-08-01T12:15:46.242+0300][48.799s][info ][gc] GC(1806) Pause Young (Normal) (G1 Evacuation Pause) 401M->402M(512M) 10.764ms
[2020-08-01T12:15:46.272+0300][48.830s][info ][gc] GC(1807) Pause Young (Normal) (G1 Evacuation Pause) 423M->424M(512M) 11.324ms
[2020-08-01T12:15:46.325+0300][48.883s][info ][gc] GC(1808) Pause Young (Normal) (G1 Evacuation Pause) 465M->467M(512M) 10.458ms
[2020-08-01T12:15:46.356+0300][48.914s][info ][gc] GC(1809) To-space exhausted
[2020-08-01T12:15:46.357+0300][48.914s][info ][gc] GC(1809) Pause Young (Normal) (G1 Evacuation Pause) 488M->494M(512M) 13.576ms
[2020-08-01T12:15:46.366+0300][48.924s][info ][gc] GC(1796) Pause Cleanup 504M->504M(512M) 0.143ms
[2020-08-01T12:15:46.367+0300][48.924s][info ][gc] GC(1796) Concurrent Cycle 399.375ms
[2020-08-01T12:15:46.402+0300][48.960s][info ][gc] GC(1810) To-space exhausted
[2020-08-01T12:15:46.402+0300][48.960s][info ][gc] GC(1810) Pause Young (Normal) (G1 Evacuation Pause) 511M->511M(512M) 32.223ms
[2020-08-01T12:15:46.451+0300][49.009s][info ][gc] GC(1811) Pause Full (G1 Evacuation Pause) 511M->70M(512M) 48.799ms
[2020-08-01T12:15:46.473+0300][49.031s][info ][gc] GC(1812) Pause Young (Normal) (G1 Evacuation Pause) 96M->96M(512M) 10.282ms
[2020-08-01T12:15:46.495+0300][49.052s][info ][gc] GC(1813) Pause Young (Normal) (G1 Evacuation Pause) 120M->121M(512M) 12.045ms
[2020-08-01T12:15:46.569+0300][49.127s][info ][gc] GC(1814) Pause Young (Normal) (G1 Evacuation Pause) 162M->163M(512M) 33.292ms
[2020-08-01T12:15:46.597+0300][49.155s][info ][gc] GC(1815) Pause Young (Normal) (G1 Evacuation Pause) 184M->186M(512M) 14.666ms
[2020-08-01T12:15:46.619+0300][49.177s][info ][gc] GC(1816) Pause Young (Normal) (G1 Evacuation Pause) 207M->209M(512M) 12.797ms
[2020-08-01T12:15:46.638+0300][49.196s][info ][gc] GC(1817) Pause Young (Normal) (G1 Evacuation Pause) 230M->231M(512M) 11.126ms
[2020-08-01T12:15:46.657+0300][49.215s][info ][gc] GC(1818) Pause Young (Concurrent Start) (G1 Evacuation Pause) 252M->254M(512M) 10.759ms
[2020-08-01T12:15:46.658+0300][49.215s][info ][gc] GC(1819) Concurrent Cycle
[2020-08-01T12:15:46.678+0300][49.236s][info ][gc] GC(1820) Pause Young (Normal) (G1 Evacuation Pause) 275M->276M(512M) 10.417ms
[2020-08-01T12:15:46.716+0300][49.274s][info ][gc] GC(1821) Pause Young (Normal) (G1 Evacuation Pause) 317M->318M(512M) 11.317ms
[2020-08-01T12:15:46.737+0300][49.295s][info ][gc] GC(1822) Pause Young (Normal) (G1 Evacuation Pause) 339M->341M(512M) 11.987ms
[2020-08-01T12:15:46.756+0300][49.314s][info ][gc] GC(1823) Pause Young (Normal) (G1 Evacuation Pause) 362M->363M(512M) 10.416ms
[2020-08-01T12:15:46.777+0300][49.334s][info ][gc] GC(1824) Pause Young (Normal) (G1 Evacuation Pause) 384M->386M(512M) 11.166ms
[2020-08-01T12:15:46.798+0300][49.356s][info ][gc] GC(1825) Pause Young (Normal) (G1 Evacuation Pause) 407M->408M(512M) 12.012ms
[2020-08-01T12:15:46.807+0300][49.365s][debug][gc] GC(1819) Reclaimed 109 empty regions
[2020-08-01T12:15:46.807+0300][49.365s][info ][gc] GC(1819) Pause Remark 423M->315M(512M) 0.571ms
[2020-08-01T12:15:46.839+0300][49.396s][info ][gc] GC(1826) Pause Young (Normal) (G1 Evacuation Pause) 340M->341M(512M) 12.395ms
[2020-08-01T12:15:46.864+0300][49.422s][info ][gc] GC(1827) Pause Young (Normal) (G1 Evacuation Pause) 362M->363M(512M) 10.580ms
[2020-08-01T12:15:46.894+0300][49.452s][info ][gc] GC(1828) Pause Young (Normal) (G1 Evacuation Pause) 384M->385M(512M) 10.780ms
[2020-08-01T12:15:46.923+0300][49.481s][info ][gc] GC(1829) Pause Young (Normal) (G1 Evacuation Pause) 406M->407M(512M) 11.629ms
[2020-08-01T12:15:46.951+0300][49.509s][info ][gc] GC(1830) Pause Young (Normal) (G1 Evacuation Pause) 428M->430M(512M) 11.242ms
[2020-08-01T12:15:46.978+0300][49.536s][info ][gc] GC(1831) Pause Young (Normal) (G1 Evacuation Pause) 451M->452M(512M) 10.529ms
[2020-08-01T12:15:47.035+0300][49.593s][info ][gc] GC(1832) To-space exhausted
[2020-08-01T12:15:47.035+0300][49.593s][info ][gc] GC(1832) Pause Young (Normal) (G1 Evacuation Pause) 493M->502M(512M) 19.427ms
[2020-08-01T12:15:47.062+0300][49.619s][info ][gc] GC(1833) To-space exhausted
[2020-08-01T12:15:47.062+0300][49.620s][info ][gc] GC(1833) Pause Young (Normal) (G1 Evacuation Pause) 509M->509M(512M) 17.536ms
[2020-08-01T12:15:47.062+0300][49.620s][debug][gc] GC(1834) Clear Next Bitmap 0.274ms
[2020-08-01T12:15:47.091+0300][49.649s][info ][gc] GC(1834) Pause Full (G1 Evacuation Pause) 509M->45M(512M) 29.537ms
[2020-08-01T12:15:47.092+0300][49.649s][info ][gc] GC(1819) Pause Cleanup 46M->46M(512M) 0.002ms
[2020-08-01T12:15:47.092+0300][49.650s][info ][gc] GC(1819) Concurrent Cycle 434.186ms
[2020-08-01T12:15:47.116+0300][49.674s][info ][gc] GC(1835) Pause Young (Normal) (G1 Evacuation Pause) 70M->70M(512M) 13.440ms
[2020-08-01T12:15:47.137+0300][49.695s][info ][gc] GC(1836) Pause Young (Normal) (G1 Evacuation Pause) 91M->92M(512M) 12.290ms
[2020-08-01T12:15:47.157+0300][49.715s][info ][gc] GC(1837) Pause Young (Normal) (G1 Evacuation Pause) 113M->115M(512M) 11.225ms
[2020-08-01T12:15:47.179+0300][49.737s][info ][gc] GC(1838) Pause Young (Normal) (G1 Evacuation Pause) 136M->137M(512M) 12.809ms
[2020-08-01T12:15:47.237+0300][49.795s][info ][gc] GC(1839) Pause Young (Normal) (G1 Evacuation Pause) 178M->180M(512M) 16.346ms
[2020-08-01T12:15:47.259+0300][49.817s][info ][gc] GC(1840) Pause Young (Normal) (G1 Evacuation Pause) 201M->202M(512M) 11.758ms
[2020-08-01T12:15:47.281+0300][49.839s][info ][gc] GC(1841) Pause Young (Normal) (G1 Evacuation Pause) 223M->225M(512M) 12.371ms
[2020-08-01T12:15:47.301+0300][49.859s][info ][gc] GC(1842) Pause Young (Normal) (G1 Evacuation Pause) 246M->247M(512M) 11.201ms
[2020-08-01T12:15:47.321+0300][49.879s][info ][gc] GC(1843) Pause Young (Concurrent Start) (G1 Evacuation Pause) 268M->270M(512M) 11.368ms
[2020-08-01T12:15:47.321+0300][49.879s][info ][gc] GC(1844) Concurrent Cycle
[2020-08-01T12:15:47.364+0300][49.921s][info ][gc] GC(1845) Pause Young (Normal) (G1 Evacuation Pause) 311M->312M(512M) 10.513ms
[2020-08-01T12:15:47.385+0300][49.943s][info ][gc] GC(1846) Pause Young (Normal) (G1 Evacuation Pause) 333M->334M(512M) 11.588ms
[2020-08-01T12:15:47.405+0300][49.963s][info ][gc] GC(1847) Pause Young (Normal) (G1 Evacuation Pause) 355M->356M(512M) 11.115ms
[2020-08-01T12:15:47.424+0300][49.982s][info ][gc] GC(1848) Pause Young (Normal) (G1 Evacuation Pause) 377M->379M(512M) 10.433ms
[2020-08-01T12:15:47.443+0300][50.001s][info ][gc] GC(1849) Pause Young (Normal) (G1 Evacuation Pause) 400M->401M(512M) 10.275ms
[2020-08-01T12:15:47.463+0300][50.021s][info ][gc] GC(1850) Pause Young (Normal) (G1 Evacuation Pause) 422M->424M(512M) 10.706ms
[2020-08-01T12:15:47.479+0300][50.037s][debug][gc] GC(1844) Reclaimed 136 empty regions
[2020-08-01T12:15:47.479+0300][50.037s][info ][gc] GC(1844) Pause Remark 426M->293M(512M) 0.596ms
[2020-08-01T12:15:47.505+0300][50.063s][info ][gc] GC(1851) Pause Young (Normal) (G1 Evacuation Pause) 332M->332M(512M) 11.302ms
[2020-08-01T12:15:47.535+0300][50.093s][info ][gc] GC(1852) Pause Young (Normal) (G1 Evacuation Pause) 353M->354M(512M) 10.753ms
[2020-08-01T12:15:47.561+0300][50.119s][info ][gc] GC(1853) Pause Young (Normal) (G1 Evacuation Pause) 375M->377M(512M) 10.510ms
[2020-08-01T12:15:47.590+0300][50.147s][info ][gc] GC(1854) Pause Young (Normal) (G1 Evacuation Pause) 398M->400M(512M) 12.327ms
[2020-08-01T12:15:47.616+0300][50.174s][info ][gc] GC(1855) Pause Young (Normal) (G1 Evacuation Pause) 421M->422M(512M) 10.675ms
[2020-08-01T12:15:47.673+0300][50.231s][info ][gc] GC(1856) Pause Young (Normal) (G1 Evacuation Pause) 463M->465M(512M) 11.977ms
[2020-08-01T12:15:47.700+0300][50.258s][info ][gc] GC(1857) To-space exhausted
[2020-08-01T12:15:47.701+0300][50.258s][info ][gc] GC(1857) Pause Young (Normal) (G1 Evacuation Pause) 486M->494M(512M) 11.574ms
[2020-08-01T12:15:47.707+0300][50.265s][info ][gc] GC(1844) Pause Cleanup 495M->495M(512M) 0.150ms
[2020-08-01T12:15:47.708+0300][50.266s][info ][gc] GC(1844) Concurrent Cycle 386.420ms
[2020-08-01T12:15:47.745+0300][50.302s][info ][gc] GC(1858) To-space exhausted
[2020-08-01T12:15:47.745+0300][50.303s][info ][gc] GC(1858) Pause Young (Normal) (G1 Evacuation Pause) 511M->511M(512M) 30.921ms
[2020-08-01T12:15:47.786+0300][50.344s][info ][gc] GC(1859) Pause Full (G1 Evacuation Pause) 511M->68M(512M) 41.521ms
[2020-08-01T12:15:47.807+0300][50.364s][info ][gc] GC(1860) Pause Young (Normal) (G1 Evacuation Pause) 93M->94M(512M) 10.307ms
[2020-08-01T12:15:47.826+0300][50.384s][info ][gc] GC(1861) Pause Young (Normal) (G1 Evacuation Pause) 116M->117M(512M) 10.458ms
[2020-08-01T12:15:47.881+0300][50.438s][info ][gc] GC(1862) Pause Young (Normal) (G1 Evacuation Pause) 158M->160M(512M) 21.242ms
[2020-08-01T12:15:47.901+0300][50.459s][info ][gc] GC(1863) Pause Young (Normal) (G1 Evacuation Pause) 181M->182M(512M) 10.723ms
[2020-08-01T12:15:47.920+0300][50.478s][info ][gc] GC(1864) Pause Young (Normal) (G1 Evacuation Pause) 203M->204M(512M) 10.538ms
[2020-08-01T12:15:47.939+0300][50.496s][info ][gc] GC(1865) Pause Young (Normal) (G1 Evacuation Pause) 225M->226M(512M) 10.009ms
[2020-08-01T12:15:47.958+0300][50.516s][info ][gc] GC(1866) Pause Young (Normal) (G1 Evacuation Pause) 247M->249M(512M) 10.872ms
[2020-08-01T12:15:47.977+0300][50.534s][info ][gc] GC(1867) Pause Young (Concurrent Start) (G1 Evacuation Pause) 270M->271M(512M) 10.270ms
[2020-08-01T12:15:47.977+0300][50.535s][info ][gc] GC(1868) Concurrent Cycle
[2020-08-01T12:15:48.016+0300][50.574s][info ][gc] GC(1869) Pause Young (Normal) (G1 Evacuation Pause) 312M->314M(512M) 12.259ms
[2020-08-01T12:15:48.036+0300][50.593s][info ][gc] GC(1870) Pause Young (Normal) (G1 Evacuation Pause) 335M->337M(512M) 10.751ms
[2020-08-01T12:15:48.055+0300][50.612s][info ][gc] GC(1871) Pause Young (Normal) (G1 Evacuation Pause) 358M->359M(512M) 10.429ms
[2020-08-01T12:15:48.074+0300][50.631s][info ][gc] GC(1872) Pause Young (Normal) (G1 Evacuation Pause) 380M->381M(512M) 10.162ms
[2020-08-01T12:15:48.092+0300][50.650s][info ][gc] GC(1873) Pause Young (Normal) (G1 Evacuation Pause) 402M->404M(512M) 9.712ms
[2020-08-01T12:15:48.133+0300][50.691s][info ][gc] GC(1874) Pause Young (Normal) (G1 Evacuation Pause) 445M->447M(512M) 10.656ms
[2020-08-01T12:15:48.136+0300][50.694s][debug][gc] GC(1868) Reclaimed 135 empty regions
[2020-08-01T12:15:48.136+0300][50.694s][info ][gc] GC(1868) Pause Remark 452M->321M(512M) 0.632ms
[2020-08-01T12:15:48.154+0300][50.712s][info ][gc] GC(1875) Pause Young (Normal) (G1 Evacuation Pause) 337M->338M(512M) 11.217ms
[2020-08-01T12:15:48.180+0300][50.738s][info ][gc] GC(1876) Pause Young (Normal) (G1 Evacuation Pause) 359M->360M(512M) 10.340ms
[2020-08-01T12:15:48.206+0300][50.764s][info ][gc] GC(1877) Pause Young (Normal) (G1 Evacuation Pause) 381M->382M(512M) 10.901ms
[2020-08-01T12:15:48.234+0300][50.792s][info ][gc] GC(1878) Pause Young (Normal) (G1 Evacuation Pause) 403M->405M(512M) 10.756ms
[2020-08-01T12:15:48.264+0300][50.822s][info ][gc] GC(1879) Pause Young (Normal) (G1 Evacuation Pause) 426M->427M(512M) 11.520ms
[2020-08-01T12:15:48.312+0300][50.870s][info ][gc] GC(1880) Pause Young (Normal) (G1 Evacuation Pause) 468M->469M(512M) 11.393ms
[2020-08-01T12:15:48.344+0300][50.902s][info ][gc] GC(1881) To-space exhausted
[2020-08-01T12:15:48.344+0300][50.902s][info ][gc] GC(1881) Pause Young (Normal) (G1 Evacuation Pause) 490M->498M(512M) 15.437ms
[2020-08-01T12:15:48.383+0300][50.941s][info ][gc] GC(1882) To-space exhausted
[2020-08-01T12:15:48.383+0300][50.941s][info ][gc] GC(1882) Pause Young (Normal) (G1 Evacuation Pause) 511M->511M(512M) 26.143ms
[2020-08-01T12:15:48.384+0300][50.942s][debug][gc] GC(1883) Clear Next Bitmap 0.292ms
[2020-08-01T12:15:48.427+0300][50.985s][info ][gc] GC(1883) Pause Full (G1 Evacuation Pause) 511M->68M(512M) 43.624ms
[2020-08-01T12:15:48.427+0300][50.985s][info ][gc] GC(1868) Concurrent Cycle 450.533ms
[2020-08-01T12:15:48.449+0300][51.007s][info ][gc] GC(1884) Pause Young (Normal) (G1 Evacuation Pause) 93M->93M(512M) 11.427ms
[2020-08-01T12:15:48.470+0300][51.027s][info ][gc] GC(1885) Pause Young (Normal) (G1 Evacuation Pause) 116M->117M(512M) 11.158ms
[2020-08-01T12:15:48.489+0300][51.047s][info ][gc] GC(1886) Pause Young (Normal) (G1 Evacuation Pause) 138M->139M(512M) 11.051ms
[2020-08-01T12:15:48.568+0300][51.126s][info ][gc] GC(1887) Pause Young (Normal) (G1 Evacuation Pause) 180M->181M(512M) 25.749ms
[2020-08-01T12:15:48.593+0300][51.151s][info ][gc] GC(1888) Pause Young (Normal) (G1 Evacuation Pause) 202M->203M(512M) 12.461ms
[2020-08-01T12:15:48.612+0300][51.170s][info ][gc] GC(1889) Pause Young (Normal) (G1 Evacuation Pause) 224M->226M(512M) 10.576ms
[2020-08-01T12:15:48.632+0300][51.190s][info ][gc] GC(1890) Pause Young (Normal) (G1 Evacuation Pause) 247M->248M(512M) 11.094ms
[2020-08-01T12:15:48.653+0300][51.210s][info ][gc] GC(1891) Pause Young (Concurrent Start) (G1 Evacuation Pause) 269M->270M(512M) 12.296ms
[2020-08-01T12:15:48.653+0300][51.211s][info ][gc] GC(1892) Concurrent Cycle
[2020-08-01T12:15:48.697+0300][51.255s][info ][gc] GC(1893) Pause Young (Normal) (G1 Evacuation Pause) 311M->312M(512M) 10.177ms
[2020-08-01T12:15:48.717+0300][51.275s][info ][gc] GC(1894) Pause Young (Normal) (G1 Evacuation Pause) 333M->335M(512M) 10.826ms
[2020-08-01T12:15:48.736+0300][51.294s][info ][gc] GC(1895) Pause Young (Normal) (G1 Evacuation Pause) 356M->357M(512M) 10.279ms
[2020-08-01T12:15:48.757+0300][51.314s][info ][gc] GC(1896) Pause Young (Normal) (G1 Evacuation Pause) 378M->380M(512M) 11.917ms
[2020-08-01T12:15:48.777+0300][51.335s][info ][gc] GC(1897) Pause Young (Normal) (G1 Evacuation Pause) 401M->402M(512M) 11.390ms
[2020-08-01T12:15:48.803+0300][51.361s][debug][gc] GC(1892) Reclaimed 126 empty regions
[2020-08-01T12:15:48.804+0300][51.361s][info ][gc] GC(1892) Pause Remark 422M->298M(512M) 0.616ms
[2020-08-01T12:15:48.820+0300][51.378s][info ][gc] GC(1898) Pause Young (Normal) (G1 Evacuation Pause) 319M->321M(512M) 12.283ms
[2020-08-01T12:15:48.850+0300][51.408s][info ][gc] GC(1899) Pause Young (Normal) (G1 Evacuation Pause) 342M->343M(512M) 10.581ms
[2020-08-01T12:15:48.878+0300][51.436s][info ][gc] GC(1900) Pause Young (Normal) (G1 Evacuation Pause) 364M->365M(512M) 10.613ms
[2020-08-01T12:15:48.906+0300][51.464s][info ][gc] GC(1901) Pause Young (Normal) (G1 Evacuation Pause) 386M->387M(512M) 10.790ms
[2020-08-01T12:15:48.932+0300][51.490s][info ][gc] GC(1902) Pause Young (Normal) (G1 Evacuation Pause) 408M->410M(512M) 10.360ms
[2020-08-01T12:15:48.957+0300][51.514s][info ][gc] GC(1903) Pause Young (Normal) (G1 Evacuation Pause) 431M->432M(512M) 10.646ms
[2020-08-01T12:15:49.008+0300][51.566s][info ][gc] GC(1904) Pause Young (Normal) (G1 Evacuation Pause) 473M->474M(512M) 11.221ms
[2020-08-01T12:15:49.046+0300][51.604s][info ][gc] GC(1905) To-space exhausted
[2020-08-01T12:15:49.046+0300][51.604s][info ][gc] GC(1905) Pause Young (Normal) (G1 Evacuation Pause) 495M->501M(512M) 21.774ms
[2020-08-01T12:15:49.053+0300][51.611s][info ][gc] GC(1892) Pause Cleanup 501M->501M(512M) 0.127ms
[2020-08-01T12:15:49.053+0300][51.611s][info ][gc] GC(1892) Concurrent Cycle 400.613ms
[2020-08-01T12:15:49.078+0300][51.636s][info ][gc] GC(1906) To-space exhausted
[2020-08-01T12:15:49.078+0300][51.636s][info ][gc] GC(1906) Pause Young (Normal) (G1 Evacuation Pause) 511M->511M(512M) 20.883ms
[2020-08-01T12:15:49.120+0300][51.678s][info ][gc] GC(1907) Pause Full (G1 Evacuation Pause) 511M->65M(512M) 41.606ms
[2020-08-01T12:15:49.141+0300][51.699s][info ][gc] GC(1908) Pause Young (Normal) (G1 Evacuation Pause) 90M->90M(512M) 10.689ms
[2020-08-01T12:15:49.160+0300][51.717s][info ][gc] GC(1909) Pause Young (Normal) (G1 Evacuation Pause) 111M->113M(512M) 10.545ms
[2020-08-01T12:15:49.181+0300][51.739s][info ][gc] GC(1910) Pause Young (Normal) (G1 Evacuation Pause) 134M->136M(512M) 13.169ms
[2020-08-01T12:15:49.225+0300][51.783s][info ][gc] GC(1911) Pause Young (Normal) (G1 Evacuation Pause) 177M->178M(512M) 10.457ms
[2020-08-01T12:15:49.245+0300][51.803s][info ][gc] GC(1912) Pause Young (Normal) (G1 Evacuation Pause) 199M->201M(512M) 11.972ms
[2020-08-01T12:15:49.264+0300][51.822s][info ][gc] GC(1913) Pause Young (Normal) (G1 Evacuation Pause) 222M->223M(512M) 10.054ms
[2020-08-01T12:15:49.287+0300][51.844s][info ][gc] GC(1914) Pause Young (Normal) (G1 Evacuation Pause) 244M->246M(512M) 14.214ms
[2020-08-01T12:15:49.308+0300][51.866s][info ][gc] GC(1915) Pause Young (Concurrent Start) (G1 Evacuation Pause) 267M->268M(512M) 12.893ms
[2020-08-01T12:15:49.308+0300][51.866s][info ][gc] GC(1916) Concurrent Cycle
[2020-08-01T12:15:49.350+0300][51.907s][info ][gc] GC(1917) Pause Young (Normal) (G1 Evacuation Pause) 309M->311M(512M) 13.436ms
[2020-08-01T12:15:49.371+0300][51.929s][info ][gc] GC(1918) Pause Young (Normal) (G1 Evacuation Pause) 332M->332M(512M) 12.112ms
[2020-08-01T12:15:49.394+0300][51.951s][info ][gc] GC(1919) Pause Young (Normal) (G1 Evacuation Pause) 353M->354M(512M) 11.411ms
[2020-08-01T12:15:49.414+0300][51.971s][info ][gc] GC(1920) Pause Young (Normal) (G1 Evacuation Pause) 375M->377M(512M) 10.853ms
[2020-08-01T12:15:49.433+0300][51.991s][info ][gc] GC(1921) Pause Young (Normal) (G1 Evacuation Pause) 398M->399M(512M) 10.310ms
[2020-08-01T12:15:49.453+0300][52.010s][info ][gc] GC(1922) Pause Young (Normal) (G1 Evacuation Pause) 420M->422M(512M) 10.651ms
[2020-08-01T12:15:49.470+0300][52.027s][debug][gc] GC(1916) Reclaimed 132 empty regions
[2020-08-01T12:15:49.470+0300][52.027s][info ][gc] GC(1916) Pause Remark 447M->319M(512M) 0.610ms
[2020-08-01T12:15:49.487+0300][52.045s][info ][gc] GC(1923) Pause Young (Normal) (G1 Evacuation Pause) 334M->335M(512M) 10.553ms
[2020-08-01T12:15:49.515+0300][52.072s][info ][gc] GC(1924) Pause Young (Normal) (G1 Evacuation Pause) 356M->357M(512M) 10.618ms
[2020-08-01T12:15:49.546+0300][52.103s][info ][gc] GC(1925) Pause Young (Normal) (G1 Evacuation Pause) 378M->380M(512M) 12.863ms
[2020-08-01T12:15:49.575+0300][52.133s][info ][gc] GC(1926) Pause Young (Normal) (G1 Evacuation Pause) 401M->402M(512M) 10.646ms
[2020-08-01T12:15:49.603+0300][52.160s][info ][gc] GC(1927) Pause Young (Normal) (G1 Evacuation Pause) 423M->424M(512M) 10.711ms
[2020-08-01T12:15:49.645+0300][52.203s][info ][gc] GC(1928) Pause Young (Normal) (G1 Evacuation Pause) 465M->466M(512M) 10.881ms
[2020-08-01T12:15:49.674+0300][52.232s][info ][gc] GC(1929) To-space exhausted
[2020-08-01T12:15:49.674+0300][52.232s][info ][gc] GC(1929) Pause Young (Normal) (G1 Evacuation Pause) 487M->493M(512M) 11.954ms
[2020-08-01T12:15:49.723+0300][52.281s][info ][gc] GC(1930) To-space exhausted
[2020-08-01T12:15:49.724+0300][52.281s][info ][gc] GC(1930) Pause Young (Normal) (G1 Evacuation Pause) 511M->511M(512M) 32.014ms
[2020-08-01T12:15:49.724+0300][52.282s][debug][gc] GC(1931) Clear Next Bitmap 0.273ms
[2020-08-01T12:15:49.773+0300][52.330s][info ][gc] GC(1931) Pause Full (G1 Evacuation Pause) 511M->68M(512M) 48.913ms
[2020-08-01T12:15:49.773+0300][52.331s][info ][gc] GC(1916) Concurrent Cycle 464.975ms
[2020-08-01T12:15:49.797+0300][52.355s][info ][gc] GC(1932) Pause Young (Normal) (G1 Evacuation Pause) 93M->93M(512M) 14.182ms
[2020-08-01T12:15:49.817+0300][52.374s][info ][gc] GC(1933) Pause Young (Normal) (G1 Evacuation Pause) 114M->115M(512M) 10.404ms
[2020-08-01T12:15:49.837+0300][52.395s][info ][gc] GC(1934) Pause Young (Normal) (G1 Evacuation Pause) 136M->137M(512M) 12.016ms
[2020-08-01T12:15:49.869+0300][52.427s][info ][gc] GC(1935) Pause Young (Normal) (G1 Evacuation Pause) 178M->179M(512M) 10.073ms
[2020-08-01T12:15:49.888+0300][52.446s][info ][gc] GC(1936) Pause Young (Normal) (G1 Evacuation Pause) 200M->201M(512M) 10.490ms
[2020-08-01T12:15:49.908+0300][52.466s][info ][gc] GC(1937) Pause Young (Normal) (G1 Evacuation Pause) 222M->223M(512M) 11.316ms
[2020-08-01T12:15:49.928+0300][52.486s][info ][gc] GC(1938) Pause Young (Normal) (G1 Evacuation Pause) 244M->246M(512M) 10.876ms
[2020-08-01T12:15:49.948+0300][52.506s][info ][gc] GC(1939) Pause Young (Concurrent Start) (G1 Evacuation Pause) 267M->268M(512M) 12.044ms
[2020-08-01T12:15:49.948+0300][52.506s][info ][gc] GC(1940) Concurrent Cycle
[2020-08-01T12:15:49.981+0300][52.539s][info ][gc] GC(1941) Pause Young (Normal) (G1 Evacuation Pause) 309M->311M(512M) 11.181ms
[2020-08-01T12:15:50.004+0300][52.561s][info ][gc] GC(1942) Pause Young (Normal) (G1 Evacuation Pause) 332M->333M(512M) 13.340ms
[2020-08-01T12:15:50.026+0300][52.584s][info ][gc] GC(1943) Pause Young (Normal) (G1 Evacuation Pause) 354M->355M(512M) 13.835ms
[2020-08-01T12:15:50.047+0300][52.605s][info ][gc] GC(1944) Pause Young (Normal) (G1 Evacuation Pause) 376M->378M(512M) 11.554ms
[2020-08-01T12:15:50.068+0300][52.626s][info ][gc] GC(1945) Pause Young (Normal) (G1 Evacuation Pause) 399M->400M(512M) 12.056ms
[2020-08-01T12:15:50.089+0300][52.647s][info ][gc] GC(1946) Pause Young (Normal) (G1 Evacuation Pause) 421M->422M(512M) 12.186ms
[2020-08-01T12:15:50.123+0300][52.681s][info ][gc] GC(1947) Pause Young (Normal) (G1 Evacuation Pause) 463M->464M(512M) 11.388ms
[2020-08-01T12:15:50.129+0300][52.686s][debug][gc] GC(1940) Reclaimed 130 empty regions
[2020-08-01T12:15:50.129+0300][52.686s][info ][gc] GC(1940) Pause Remark 476M->349M(512M) 0.710ms
[2020-08-01T12:15:50.145+0300][52.703s][info ][gc] GC(1948) Pause Young (Normal) (G1 Evacuation Pause) 358M->359M(512M) 11.975ms
[2020-08-01T12:15:50.173+0300][52.731s][info ][gc] GC(1949) Pause Young (Normal) (G1 Evacuation Pause) 380M->381M(512M) 13.216ms
[2020-08-01T12:15:50.201+0300][52.759s][info ][gc] GC(1950) Pause Young (Normal) (G1 Evacuation Pause) 402M->404M(512M) 11.074ms
[2020-08-01T12:15:50.227+0300][52.785s][info ][gc] GC(1951) Pause Young (Normal) (G1 Evacuation Pause) 425M->426M(512M) 12.091ms
[2020-08-01T12:15:50.269+0300][52.827s][info ][gc] GC(1952) Pause Young (Normal) (G1 Evacuation Pause) 467M->468M(512M) 10.387ms
[2020-08-01T12:15:50.294+0300][52.852s][info ][gc] GC(1953) To-space exhausted
[2020-08-01T12:15:50.295+0300][52.852s][info ][gc] GC(1953) Pause Young (Normal) (G1 Evacuation Pause) 489M->495M(512M) 16.886ms
[2020-08-01T12:15:50.343+0300][52.901s][info ][gc] GC(1954) To-space exhausted
[2020-08-01T12:15:50.344+0300][52.901s][info ][gc] GC(1954) Pause Young (Normal) (G1 Evacuation Pause) 511M->511M(512M) 29.938ms
[2020-08-01T12:15:50.344+0300][52.902s][debug][gc] GC(1955) Clear Next Bitmap 0.244ms
[2020-08-01T12:15:50.388+0300][52.946s][info ][gc] GC(1955) Pause Full (G1 Evacuation Pause) 511M->69M(512M) 44.103ms
[2020-08-01T12:15:50.388+0300][52.946s][info ][gc] GC(1940) Concurrent Cycle 439.626ms
[2020-08-01T12:15:50.418+0300][52.976s][info ][gc] GC(1956) Pause Young (Normal) (G1 Evacuation Pause) 95M->95M(512M) 18.850ms
[2020-08-01T12:15:50.440+0300][52.998s][info ][gc] GC(1957) Pause Young (Normal) (G1 Evacuation Pause) 116M->117M(512M) 13.174ms
[2020-08-01T12:15:50.476+0300][53.033s][info ][gc] GC(1958) Pause Young (Normal) (G1 Evacuation Pause) 158M->159M(512M) 11.667ms
[2020-08-01T12:15:50.495+0300][53.053s][info ][gc] GC(1959) Pause Young (Normal) (G1 Evacuation Pause) 180M->181M(512M) 10.689ms
[2020-08-01T12:15:50.514+0300][53.072s][info ][gc] GC(1960) Pause Young (Normal) (G1 Evacuation Pause) 202M->204M(512M) 10.450ms
[2020-08-01T12:15:50.535+0300][53.092s][info ][gc] GC(1961) Pause Young (Normal) (G1 Evacuation Pause) 225M->226M(512M) 11.836ms
[2020-08-01T12:15:50.555+0300][53.113s][info ][gc] GC(1962) Pause Young (Normal) (G1 Evacuation Pause) 247M->248M(512M) 12.064ms
[2020-08-01T12:15:50.574+0300][53.132s][info ][gc] GC(1963) Pause Young (Concurrent Start) (G1 Evacuation Pause) 269M->271M(512M) 10.657ms
[2020-08-01T12:15:50.574+0300][53.132s][info ][gc] GC(1964) Concurrent Cycle
[2020-08-01T12:15:50.609+0300][53.167s][info ][gc] GC(1965) Pause Young (Normal) (G1 Evacuation Pause) 312M->313M(512M) 10.791ms
[2020-08-01T12:15:50.635+0300][53.193s][info ][gc] GC(1966) Pause Young (Normal) (G1 Evacuation Pause) 334M->335M(512M) 14.925ms
[2020-08-01T12:15:50.662+0300][53.219s][info ][gc] GC(1967) Pause Young (Normal) (G1 Evacuation Pause) 356M->358M(512M) 12.966ms
[2020-08-01T12:15:50.683+0300][53.241s][info ][gc] GC(1968) Pause Young (Normal) (G1 Evacuation Pause) 379M->381M(512M) 12.475ms
[2020-08-01T12:15:50.705+0300][53.263s][info ][gc] GC(1969) Pause Young (Normal) (G1 Evacuation Pause) 402M->403M(512M) 10.542ms
[2020-08-01T12:15:50.742+0300][53.300s][info ][gc] GC(1970) Pause Young (Normal) (G1 Evacuation Pause) 444M->445M(512M) 12.700ms
[2020-08-01T12:15:50.748+0300][53.306s][debug][gc] GC(1964) Reclaimed 129 empty regions
[2020-08-01T12:15:50.748+0300][53.306s][info ][gc] GC(1964) Pause Remark 457M->329M(512M) 0.775ms
[2020-08-01T12:15:50.764+0300][53.322s][info ][gc] GC(1971) Pause Young (Normal) (G1 Evacuation Pause) 338M->340M(512M) 10.870ms
[2020-08-01T12:15:50.791+0300][53.349s][info ][gc] GC(1972) Pause Young (Normal) (G1 Evacuation Pause) 361M->361M(512M) 14.823ms
[2020-08-01T12:15:50.831+0300][53.389s][info ][gc] GC(1973) Pause Young (Normal) (G1 Evacuation Pause) 382M->383M(512M) 13.070ms
[2020-08-01T12:15:50.867+0300][53.424s][info ][gc] GC(1974) Pause Young (Normal) (G1 Evacuation Pause) 404M->406M(512M) 13.583ms
[2020-08-01T12:15:50.902+0300][53.460s][info ][gc] GC(1975) Pause Young (Normal) (G1 Evacuation Pause) 427M->428M(512M) 13.243ms
[2020-08-01T12:15:50.949+0300][53.507s][info ][gc] GC(1976) Pause Young (Normal) (G1 Evacuation Pause) 469M->470M(512M) 11.623ms
[2020-08-01T12:15:50.998+0300][53.556s][info ][gc] GC(1977) To-space exhausted
[2020-08-01T12:15:50.998+0300][53.556s][info ][gc] GC(1977) Pause Young (Normal) (G1 Evacuation Pause) 491M->496M(512M) 17.628ms
[2020-08-01T12:15:51.006+0300][53.564s][info ][gc] GC(1964) Pause Cleanup 497M->497M(512M) 0.291ms
[2020-08-01T12:15:51.006+0300][53.564s][info ][gc] GC(1964) Concurrent Cycle 431.867ms
[2020-08-01T12:15:51.042+0300][53.600s][info ][gc] GC(1978) To-space exhausted
[2020-08-01T12:15:51.043+0300][53.600s][info ][gc] GC(1978) Pause Young (Normal) (G1 Evacuation Pause) 511M->511M(512M) 29.359ms
[2020-08-01T12:15:51.090+0300][53.647s][info ][gc] GC(1979) Pause Full (G1 Evacuation Pause) 511M->70M(512M) 47.028ms
[2020-08-01T12:15:51.113+0300][53.671s][info ][gc] GC(1980) Pause Young (Normal) (G1 Evacuation Pause) 96M->96M(512M) 11.751ms
[2020-08-01T12:15:51.136+0300][53.694s][info ][gc] GC(1981) Pause Young (Normal) (G1 Evacuation Pause) 119M->120M(512M) 12.617ms
[2020-08-01T12:15:51.172+0300][53.730s][info ][gc] GC(1982) Pause Young (Normal) (G1 Evacuation Pause) 161M->162M(512M) 13.322ms
[2020-08-01T12:15:51.192+0300][53.750s][info ][gc] GC(1983) Pause Young (Normal) (G1 Evacuation Pause) 183M->185M(512M) 11.584ms
[2020-08-01T12:15:51.212+0300][53.770s][info ][gc] GC(1984) Pause Young (Normal) (G1 Evacuation Pause) 206M->207M(512M) 10.827ms
[2020-08-01T12:15:51.233+0300][53.791s][info ][gc] GC(1985) Pause Young (Normal) (G1 Evacuation Pause) 228M->230M(512M) 12.440ms
[2020-08-01T12:15:51.254+0300][53.812s][info ][gc] GC(1986) Pause Young (Normal) (G1 Evacuation Pause) 251M->252M(512M) 12.043ms
[2020-08-01T12:15:51.275+0300][53.832s][info ][gc] GC(1987) Pause Young (Concurrent Start) (G1 Evacuation Pause) 273M->274M(512M) 12.359ms
[2020-08-01T12:15:51.275+0300][53.832s][info ][gc] GC(1988) Concurrent Cycle
[2020-08-01T12:15:51.311+0300][53.869s][info ][gc] GC(1989) Pause Young (Normal) (G1 Evacuation Pause) 315M->316M(512M) 12.075ms
[2020-08-01T12:15:51.332+0300][53.890s][info ][gc] GC(1990) Pause Young (Normal) (G1 Evacuation Pause) 337M->339M(512M) 12.283ms
[2020-08-01T12:15:51.352+0300][53.910s][info ][gc] GC(1991) Pause Young (Normal) (G1 Evacuation Pause) 360M->361M(512M) 10.802ms
[2020-08-01T12:15:51.374+0300][53.932s][info ][gc] GC(1992) Pause Young (Normal) (G1 Evacuation Pause) 382M->384M(512M) 12.545ms
[2020-08-01T12:15:51.397+0300][53.955s][info ][gc] GC(1993) Pause Young (Normal) (G1 Evacuation Pause) 405M->406M(512M) 10.834ms
[2020-08-01T12:15:51.435+0300][53.992s][info ][gc] GC(1994) Pause Young (Normal) (G1 Evacuation Pause) 447M->448M(512M) 10.738ms
[2020-08-01T12:15:51.456+0300][54.013s][info ][gc] GC(1995) Pause Young (Normal) (G1 Evacuation Pause) 469M->470M(512M) 12.243ms
[2020-08-01T12:15:51.459+0300][54.017s][debug][gc] GC(1988) Reclaimed 127 empty regions
[2020-08-01T12:15:51.459+0300][54.017s][info ][gc] GC(1988) Pause Remark 477M->352M(512M) 0.661ms
[2020-08-01T12:15:51.476+0300][54.034s][info ][gc] GC(1996) Pause Young (Normal) (G1 Evacuation Pause) 366M->368M(512M) 10.529ms
[2020-08-01T12:15:51.496+0300][54.054s][info ][gc] GC(1997) Pause Young (Normal) (G1 Evacuation Pause) 389M->390M(512M) 11.811ms
[2020-08-01T12:15:51.531+0300][54.089s][info ][gc] GC(1998) Pause Young (Normal) (G1 Evacuation Pause) 411M->413M(512M) 10.783ms
[2020-08-01T12:15:51.560+0300][54.117s][info ][gc] GC(1999) Pause Young (Normal) (G1 Evacuation Pause) 434M->436M(512M) 10.809ms
[2020-08-01T12:15:51.605+0300][54.163s][info ][gc] GC(2000) Pause Young (Normal) (G1 Evacuation Pause) 477M->478M(512M) 11.194ms
[2020-08-01T12:15:51.647+0300][54.205s][info ][gc] GC(2001) To-space exhausted
[2020-08-01T12:15:51.647+0300][54.205s][info ][gc] GC(2001) Pause Young (Normal) (G1 Evacuation Pause) 499M->505M(512M) 24.761ms
[2020-08-01T12:15:51.672+0300][54.230s][info ][gc] GC(2002) To-space exhausted
[2020-08-01T12:15:51.672+0300][54.230s][info ][gc] GC(2002) Pause Young (Normal) (G1 Evacuation Pause) 511M->511M(512M) 14.199ms
[2020-08-01T12:15:51.673+0300][54.230s][debug][gc] GC(2003) Clear Next Bitmap 0.416ms
[2020-08-01T12:15:51.710+0300][54.268s][info ][gc] GC(2003) Pause Full (G1 Evacuation Pause) 511M->64M(512M) 37.823ms
[2020-08-01T12:15:51.710+0300][54.268s][info ][gc] GC(1988) Concurrent Cycle 435.606ms
[2020-08-01T12:15:51.732+0300][54.289s][info ][gc] GC(2004) Pause Young (Normal) (G1 Evacuation Pause) 89M->89M(512M) 10.708ms
[2020-08-01T12:15:51.754+0300][54.312s][info ][gc] GC(2005) Pause Young (Normal) (G1 Evacuation Pause) 113M->114M(512M) 12.635ms
[2020-08-01T12:15:51.773+0300][54.331s][info ][gc] GC(2006) Pause Young (Normal) (G1 Evacuation Pause) 135M->137M(512M) 10.513ms
[2020-08-01T12:15:51.805+0300][54.363s][info ][gc] GC(2007) Pause Young (Normal) (G1 Evacuation Pause) 178M->179M(512M) 10.446ms
[2020-08-01T12:15:51.824+0300][54.382s][info ][gc] GC(2008) Pause Young (Normal) (G1 Evacuation Pause) 200M->201M(512M) 10.623ms
[2020-08-01T12:15:51.843+0300][54.401s][info ][gc] GC(2009) Pause Young (Normal) (G1 Evacuation Pause) 222M->223M(512M) 10.516ms
[2020-08-01T12:15:51.863+0300][54.421s][info ][gc] GC(2010) Pause Young (Normal) (G1 Evacuation Pause) 244M->245M(512M) 10.642ms
[2020-08-01T12:15:51.883+0300][54.441s][info ][gc] GC(2011) Pause Young (Concurrent Start) (G1 Evacuation Pause) 266M->268M(512M) 12.268ms
[2020-08-01T12:15:51.883+0300][54.441s][info ][gc] GC(2012) Concurrent Cycle
[2020-08-01T12:15:51.917+0300][54.474s][info ][gc] GC(2013) Pause Young (Normal) (G1 Evacuation Pause) 309M->310M(512M) 10.854ms
[2020-08-01T12:15:51.936+0300][54.493s][info ][gc] GC(2014) Pause Young (Normal) (G1 Evacuation Pause) 331M->333M(512M) 10.559ms
[2020-08-01T12:15:51.955+0300][54.513s][info ][gc] GC(2015) Pause Young (Normal) (G1 Evacuation Pause) 354M->355M(512M) 10.659ms
[2020-08-01T12:15:51.975+0300][54.533s][info ][gc] GC(2016) Pause Young (Normal) (G1 Evacuation Pause) 376M->378M(512M) 10.677ms
[2020-08-01T12:15:51.994+0300][54.552s][info ][gc] GC(2017) Pause Young (Normal) (G1 Evacuation Pause) 399M->400M(512M) 10.119ms
[2020-08-01T12:15:52.014+0300][54.572s][info ][gc] GC(2018) Pause Young (Normal) (G1 Evacuation Pause) 421M->423M(512M) 11.470ms
[2020-08-01T12:15:52.051+0300][54.608s][info ][gc] GC(2019) Pause Young (Normal) (G1 Evacuation Pause) 464M->466M(512M) 12.798ms
[2020-08-01T12:15:52.053+0300][54.611s][debug][gc] GC(2012) Reclaimed 129 empty regions
[2020-08-01T12:15:52.053+0300][54.611s][info ][gc] GC(2012) Pause Remark 471M->347M(512M) 0.603ms
[2020-08-01T12:15:52.074+0300][54.632s][info ][gc] GC(2020) Pause Young (Normal) (G1 Evacuation Pause) 362M->364M(512M) 11.605ms
[2020-08-01T12:15:52.105+0300][54.662s][info ][gc] GC(2021) Pause Young (Normal) (G1 Evacuation Pause) 385M->386M(512M) 11.676ms
[2020-08-01T12:15:52.134+0300][54.692s][info ][gc] GC(2022) Pause Young (Normal) (G1 Evacuation Pause) 407M->408M(512M) 10.553ms
[2020-08-01T12:15:52.163+0300][54.720s][info ][gc] GC(2023) Pause Young (Normal) (G1 Evacuation Pause) 429M->430M(512M) 10.844ms
[2020-08-01T12:15:52.205+0300][54.763s][info ][gc] GC(2024) Pause Young (Normal) (G1 Evacuation Pause) 471M->472M(512M) 11.973ms
[2020-08-01T12:15:52.240+0300][54.798s][info ][gc] GC(2025) To-space exhausted
[2020-08-01T12:15:52.240+0300][54.798s][info ][gc] GC(2025) Pause Young (Normal) (G1 Evacuation Pause) 493M->500M(512M) 18.042ms
[2020-08-01T12:15:52.277+0300][54.834s][info ][gc] GC(2026) To-space exhausted
[2020-08-01T12:15:52.277+0300][54.835s][info ][gc] GC(2026) Pause Young (Normal) (G1 Evacuation Pause) 511M->511M(512M) 23.124ms
[2020-08-01T12:15:52.277+0300][54.835s][debug][gc] GC(2027) Clear Next Bitmap 0.247ms
[2020-08-01T12:15:52.317+0300][54.875s][info ][gc] GC(2027) Pause Full (G1 Evacuation Pause) 511M->64M(512M) 40.304ms
[2020-08-01T12:15:52.317+0300][54.875s][info ][gc] GC(2012) Concurrent Cycle 433.906ms
[2020-08-01T12:15:52.340+0300][54.898s][info ][gc] GC(2028) Pause Young (Normal) (G1 Evacuation Pause) 90M->90M(512M) 12.351ms
[2020-08-01T12:15:52.364+0300][54.922s][info ][gc] GC(2029) Pause Young (Normal) (G1 Evacuation Pause) 113M->115M(512M) 14.268ms
[2020-08-01T12:15:52.388+0300][54.945s][info ][gc] GC(2030) Pause Young (Normal) (G1 Evacuation Pause) 136M->137M(512M) 13.533ms
[2020-08-01T12:15:52.424+0300][54.981s][info ][gc] GC(2031) Pause Young (Normal) (G1 Evacuation Pause) 178M->178M(512M) 12.562ms
[2020-08-01T12:15:52.443+0300][55.001s][info ][gc] GC(2032) Pause Young (Normal) (G1 Evacuation Pause) 199M->200M(512M) 10.487ms
[2020-08-01T12:15:52.462+0300][55.020s][info ][gc] GC(2033) Pause Young (Normal) (G1 Evacuation Pause) 221M->223M(512M) 10.720ms
[2020-08-01T12:15:52.481+0300][55.039s][info ][gc] GC(2034) Pause Young (Normal) (G1 Evacuation Pause) 244M->245M(512M) 10.955ms
[2020-08-01T12:15:52.500+0300][55.058s][info ][gc] GC(2035) Pause Young (Concurrent Start) (G1 Evacuation Pause) 266M->267M(512M) 10.901ms
[2020-08-01T12:15:52.500+0300][55.058s][info ][gc] GC(2036) Concurrent Cycle
[2020-08-01T12:15:52.533+0300][55.091s][info ][gc] GC(2037) Pause Young (Normal) (G1 Evacuation Pause) 308M->310M(512M) 10.999ms
[2020-08-01T12:15:52.553+0300][55.111s][info ][gc] GC(2038) Pause Young (Normal) (G1 Evacuation Pause) 331M->333M(512M) 11.263ms
[2020-08-01T12:15:52.573+0300][55.130s][info ][gc] GC(2039) Pause Young (Normal) (G1 Evacuation Pause) 354M->356M(512M) 10.854ms
[2020-08-01T12:15:52.592+0300][55.150s][info ][gc] GC(2040) Pause Young (Normal) (G1 Evacuation Pause) 377M->379M(512M) 10.261ms
[2020-08-01T12:15:52.612+0300][55.170s][info ][gc] GC(2041) Pause Young (Normal) (G1 Evacuation Pause) 400M->401M(512M) 10.243ms
[2020-08-01T12:15:52.632+0300][55.190s][info ][gc] GC(2042) Pause Young (Normal) (G1 Evacuation Pause) 422M->424M(512M) 11.188ms
[2020-08-01T12:15:52.666+0300][55.224s][info ][gc] GC(2043) Pause Young (Normal) (G1 Evacuation Pause) 465M->466M(512M) 10.629ms
[2020-08-01T12:15:52.669+0300][55.227s][debug][gc] GC(2036) Reclaimed 129 empty regions
[2020-08-01T12:15:52.669+0300][55.227s][info ][gc] GC(2036) Pause Remark 472M->346M(512M) 0.649ms
[2020-08-01T12:15:52.687+0300][55.245s][info ][gc] GC(2044) Pause Young (Normal) (G1 Evacuation Pause) 361M->362M(512M) 11.189ms
[2020-08-01T12:15:52.717+0300][55.274s][info ][gc] GC(2045) Pause Young (Normal) (G1 Evacuation Pause) 383M->384M(512M) 11.077ms
[2020-08-01T12:15:52.744+0300][55.302s][info ][gc] GC(2046) Pause Young (Normal) (G1 Evacuation Pause) 405M->407M(512M) 11.294ms
[2020-08-01T12:15:52.771+0300][55.328s][info ][gc] GC(2047) Pause Young (Normal) (G1 Evacuation Pause) 428M->429M(512M) 10.554ms
[2020-08-01T12:15:52.814+0300][55.372s][info ][gc] GC(2048) Pause Young (Normal) (G1 Evacuation Pause) 470M->472M(512M) 11.412ms
[2020-08-01T12:15:52.848+0300][55.406s][info ][gc] GC(2049) To-space exhausted
[2020-08-01T12:15:52.848+0300][55.406s][info ][gc] GC(2049) Pause Young (Normal) (G1 Evacuation Pause) 493M->499M(512M) 19.055ms
[2020-08-01T12:15:52.885+0300][55.443s][info ][gc] GC(2050) To-space exhausted
[2020-08-01T12:15:52.885+0300][55.443s][info ][gc] GC(2050) Pause Young (Normal) (G1 Evacuation Pause) 511M->511M(512M) 23.038ms
[2020-08-01T12:15:52.886+0300][55.444s][debug][gc] GC(2051) Clear Next Bitmap 0.295ms
[2020-08-01T12:15:52.924+0300][55.482s][info ][gc] GC(2051) Pause Full (G1 Evacuation Pause) 511M->63M(512M) 38.217ms
[2020-08-01T12:15:52.924+0300][55.482s][info ][gc] GC(2036) Concurrent Cycle 423.547ms
[2020-08-01T12:15:52.945+0300][55.502s][info ][gc] GC(2052) Pause Young (Normal) (G1 Evacuation Pause) 88M->89M(512M) 10.668ms
[2020-08-01T12:15:52.966+0300][55.523s][info ][gc] GC(2053) Pause Young (Normal) (G1 Evacuation Pause) 113M->113M(512M) 11.438ms
[2020-08-01T12:15:52.984+0300][55.542s][info ][gc] GC(2054) Pause Young (Normal) (G1 Evacuation Pause) 134M->136M(512M) 10.525ms
[2020-08-01T12:15:53.017+0300][55.575s][info ][gc] GC(2055) Pause Young (Normal) (G1 Evacuation Pause) 177M->178M(512M) 11.056ms
[2020-08-01T12:15:53.037+0300][55.595s][info ][gc] GC(2056) Pause Young (Normal) (G1 Evacuation Pause) 199M->201M(512M) 11.132ms
[2020-08-01T12:15:53.055+0300][55.613s][info ][gc] GC(2057) Pause Young (Normal) (G1 Evacuation Pause) 222M->223M(512M) 10.264ms
[2020-08-01T12:15:53.075+0300][55.633s][info ][gc] GC(2058) Pause Young (Normal) (G1 Evacuation Pause) 244M->246M(512M) 11.304ms
[2020-08-01T12:15:53.095+0300][55.653s][info ][gc] GC(2059) Pause Young (Concurrent Start) (G1 Evacuation Pause) 267M->268M(512M) 11.292ms
[2020-08-01T12:15:53.096+0300][55.653s][info ][gc] GC(2060) Concurrent Cycle
[2020-08-01T12:15:53.129+0300][55.687s][info ][gc] GC(2061) Pause Young (Normal) (G1 Evacuation Pause) 309M->310M(512M) 10.768ms
[2020-08-01T12:15:53.149+0300][55.707s][info ][gc] GC(2062) Pause Young (Normal) (G1 Evacuation Pause) 331M->332M(512M) 10.738ms
[2020-08-01T12:15:53.169+0300][55.726s][info ][gc] GC(2063) Pause Young (Normal) (G1 Evacuation Pause) 353M->354M(512M) 11.138ms
[2020-08-01T12:15:53.189+0300][55.747s][info ][gc] GC(2064) Pause Young (Normal) (G1 Evacuation Pause) 375M->377M(512M) 11.087ms
[2020-08-01T12:15:53.208+0300][55.766s][info ][gc] GC(2065) Pause Young (Normal) (G1 Evacuation Pause) 398M->399M(512M) 10.641ms
[2020-08-01T12:15:53.227+0300][55.785s][info ][gc] GC(2066) Pause Young (Normal) (G1 Evacuation Pause) 420M->422M(512M) 10.161ms
[2020-08-01T12:15:53.261+0300][55.818s][info ][gc] GC(2067) Pause Young (Normal) (G1 Evacuation Pause) 463M->464M(512M) 10.404ms
[2020-08-01T12:15:53.264+0300][55.822s][debug][gc] GC(2060) Reclaimed 134 empty regions
[2020-08-01T12:15:53.264+0300][55.822s][info ][gc] GC(2060) Pause Remark 470M->340M(512M) 0.860ms
[2020-08-01T12:15:53.284+0300][55.842s][info ][gc] GC(2068) Pause Young (Normal) (G1 Evacuation Pause) 355M->356M(512M) 13.238ms
[2020-08-01T12:15:53.310+0300][55.868s][info ][gc] GC(2069) Pause Young (Normal) (G1 Evacuation Pause) 377M->378M(512M) 10.745ms
[2020-08-01T12:15:53.336+0300][55.894s][info ][gc] GC(2070) Pause Young (Normal) (G1 Evacuation Pause) 399M->401M(512M) 11.471ms
[2020-08-01T12:15:53.363+0300][55.921s][info ][gc] GC(2071) Pause Young (Normal) (G1 Evacuation Pause) 422M->423M(512M) 10.415ms
[2020-08-01T12:15:53.408+0300][55.965s][info ][gc] GC(2072) Pause Young (Normal) (G1 Evacuation Pause) 464M->465M(512M) 11.057ms
[2020-08-01T12:15:53.446+0300][56.003s][info ][gc] GC(2073) To-space exhausted
[2020-08-01T12:15:53.446+0300][56.003s][info ][gc] GC(2073) Pause Young (Normal) (G1 Evacuation Pause) 486M->489M(512M) 12.581ms
[2020-08-01T12:15:53.498+0300][56.056s][info ][gc] GC(2074) To-space exhausted
[2020-08-01T12:15:53.498+0300][56.056s][info ][gc] GC(2074) Pause Young (Normal) (G1 Evacuation Pause) 510M->511M(512M) 34.926ms
[2020-08-01T12:15:53.499+0300][56.057s][debug][gc] GC(2075) Clear Next Bitmap 0.369ms
[2020-08-01T12:15:53.544+0300][56.102s][info ][gc] GC(2075) Pause Full (G1 Evacuation Pause) 511M->72M(512M) 45.581ms
[2020-08-01T12:15:53.544+0300][56.102s][info ][gc] GC(2060) Concurrent Cycle 448.692ms
[2020-08-01T12:15:53.566+0300][56.124s][info ][gc] GC(2076) Pause Young (Normal) (G1 Evacuation Pause) 98M->99M(512M) 11.147ms
[2020-08-01T12:15:53.588+0300][56.146s][info ][gc] GC(2077) Pause Young (Normal) (G1 Evacuation Pause) 123M->124M(512M) 12.837ms
[2020-08-01T12:15:53.654+0300][56.212s][info ][gc] GC(2078) Pause Young (Normal) (G1 Evacuation Pause) 165M->167M(512M) 23.690ms
[2020-08-01T12:15:53.678+0300][56.236s][info ][gc] GC(2079) Pause Young (Normal) (G1 Evacuation Pause) 188M->189M(512M) 12.147ms
[2020-08-01T12:15:53.697+0300][56.255s][info ][gc] GC(2080) Pause Young (Normal) (G1 Evacuation Pause) 210M->211M(512M) 10.543ms
[2020-08-01T12:15:53.716+0300][56.274s][info ][gc] GC(2081) Pause Young (Normal) (G1 Evacuation Pause) 232M->234M(512M) 10.605ms
[2020-08-01T12:15:53.735+0300][56.293s][info ][gc] GC(2082) Pause Young (Concurrent Start) (G1 Evacuation Pause) 255M->256M(512M) 10.477ms
[2020-08-01T12:15:53.735+0300][56.293s][info ][gc] GC(2083) Concurrent Cycle
[2020-08-01T12:15:53.755+0300][56.313s][info ][gc] GC(2084) Pause Young (Normal) (G1 Evacuation Pause) 277M->279M(512M) 11.256ms
[2020-08-01T12:15:53.802+0300][56.360s][info ][gc] GC(2085) Pause Young (Normal) (G1 Evacuation Pause) 320M->321M(512M) 11.297ms
[2020-08-01T12:15:53.822+0300][56.380s][info ][gc] GC(2086) Pause Young (Normal) (G1 Evacuation Pause) 342M->343M(512M) 11.082ms
[2020-08-01T12:15:53.842+0300][56.400s][info ][gc] GC(2087) Pause Young (Normal) (G1 Evacuation Pause) 364M->366M(512M) 11.059ms
[2020-08-01T12:15:53.861+0300][56.419s][info ][gc] GC(2088) Pause Young (Normal) (G1 Evacuation Pause) 387M->388M(512M) 10.593ms
[2020-08-01T12:15:53.881+0300][56.439s][info ][gc] GC(2089) Pause Young (Normal) (G1 Evacuation Pause) 409M->410M(512M) 10.948ms
[2020-08-01T12:15:53.884+0300][56.442s][debug][gc] GC(2083) Reclaimed 127 empty regions
[2020-08-01T12:15:53.884+0300][56.442s][info ][gc] GC(2083) Pause Remark 415M->290M(512M) 0.627ms
[2020-08-01T12:15:53.922+0300][56.480s][info ][gc] GC(2090) Pause Young (Normal) (G1 Evacuation Pause) 326M->328M(512M) 11.078ms
[2020-08-01T12:15:53.950+0300][56.508s][info ][gc] GC(2091) Pause Young (Normal) (G1 Evacuation Pause) 349M->351M(512M) 10.785ms
[2020-08-01T12:15:53.978+0300][56.535s][info ][gc] GC(2092) Pause Young (Normal) (G1 Evacuation Pause) 372M->373M(512M) 10.911ms
[2020-08-01T12:15:54.006+0300][56.564s][info ][gc] GC(2093) Pause Young (Normal) (G1 Evacuation Pause) 394M->396M(512M) 11.138ms
[2020-08-01T12:15:54.034+0300][56.592s][info ][gc] GC(2094) Pause Young (Normal) (G1 Evacuation Pause) 417M->419M(512M) 11.418ms
[2020-08-01T12:15:54.062+0300][56.619s][info ][gc] GC(2095) Pause Young (Normal) (G1 Evacuation Pause) 440M->441M(512M) 10.806ms
[2020-08-01T12:15:54.093+0300][56.651s][info ][gc] GC(2083) Pause Cleanup 463M->463M(512M) 0.198ms
[2020-08-01T12:15:54.094+0300][56.651s][info ][gc] GC(2083) Concurrent Cycle 358.573ms
[2020-08-01T12:15:54.114+0300][56.671s][info ][gc] GC(2096) Pause Young (Normal) (G1 Evacuation Pause) 482M->483M(512M) 10.770ms
[2020-08-01T12:15:54.153+0300][56.711s][info ][gc] GC(2097) To-space exhausted
[2020-08-01T12:15:54.153+0300][56.711s][info ][gc] GC(2097) Pause Young (Concurrent Start) (G1 Evacuation Pause) 504M->510M(512M) 30.893ms
[2020-08-01T12:15:54.153+0300][56.711s][info ][gc] GC(2098) Concurrent Cycle
[2020-08-01T12:15:54.162+0300][56.720s][info ][gc] GC(2099) To-space exhausted
[2020-08-01T12:15:54.162+0300][56.720s][info ][gc] GC(2099) Pause Young (Normal) (G1 Evacuation Pause) 511M->511M(512M) 6.097ms
[2020-08-01T12:15:54.163+0300][56.721s][debug][gc] GC(2100) Clear Next Bitmap 0.381ms
[2020-08-01T12:15:54.203+0300][56.761s][info ][gc] GC(2100) Pause Full (G1 Evacuation Pause) 511M->63M(512M) 40.853ms
[2020-08-01T12:15:54.204+0300][56.761s][info ][gc] GC(2098) Concurrent Cycle 50.562ms
[2020-08-01T12:15:54.225+0300][56.783s][info ][gc] GC(2101) Pause Young (Normal) (G1 Evacuation Pause) 88M->88M(512M) 11.176ms
[2020-08-01T12:15:54.244+0300][56.801s][info ][gc] GC(2102) Pause Young (Normal) (G1 Evacuation Pause) 109M->110M(512M) 10.311ms
[2020-08-01T12:15:54.262+0300][56.820s][info ][gc] GC(2103) Pause Young (Normal) (G1 Evacuation Pause) 131M->132M(512M) 10.222ms
[2020-08-01T12:15:54.296+0300][56.854s][info ][gc] GC(2104) Pause Young (Normal) (G1 Evacuation Pause) 173M->174M(512M) 10.541ms
[2020-08-01T12:15:54.315+0300][56.873s][info ][gc] GC(2105) Pause Young (Normal) (G1 Evacuation Pause) 195M->197M(512M) 10.431ms
[2020-08-01T12:15:54.334+0300][56.892s][info ][gc] GC(2106) Pause Young (Normal) (G1 Evacuation Pause) 218M->219M(512M) 10.452ms
[2020-08-01T12:15:54.355+0300][56.912s][info ][gc] GC(2107) Pause Young (Normal) (G1 Evacuation Pause) 240M->242M(512M) 12.141ms
[2020-08-01T12:15:54.374+0300][56.932s][info ][gc] GC(2108) Pause Young (Concurrent Start) (G1 Evacuation Pause) 263M->264M(512M) 10.698ms
[2020-08-01T12:15:54.374+0300][56.932s][info ][gc] GC(2109) Concurrent Cycle
[2020-08-01T12:15:54.424+0300][56.982s][info ][gc] GC(2110) Pause Young (Normal) (G1 Evacuation Pause) 305M->306M(512M) 11.291ms
[2020-08-01T12:15:54.445+0300][57.003s][info ][gc] GC(2111) Pause Young (Normal) (G1 Evacuation Pause) 327M->328M(512M) 10.911ms
[2020-08-01T12:15:54.465+0300][57.023s][info ][gc] GC(2112) Pause Young (Normal) (G1 Evacuation Pause) 349M->350M(512M) 10.425ms
[2020-08-01T12:15:54.486+0300][57.043s][info ][gc] GC(2113) Pause Young (Normal) (G1 Evacuation Pause) 371M->372M(512M) 12.023ms
[2020-08-01T12:15:54.505+0300][57.063s][info ][gc] GC(2114) Pause Young (Normal) (G1 Evacuation Pause) 393M->395M(512M) 10.499ms
[2020-08-01T12:15:54.524+0300][57.082s][info ][gc] GC(2115) Pause Young (Normal) (G1 Evacuation Pause) 416M->418M(512M) 10.177ms
[2020-08-01T12:15:54.530+0300][57.088s][debug][gc] GC(2109) Reclaimed 130 empty regions
[2020-08-01T12:15:54.530+0300][57.088s][info ][gc] GC(2109) Pause Remark 424M->297M(512M) 0.633ms
[2020-08-01T12:15:54.557+0300][57.115s][info ][gc] GC(2116) Pause Young (Normal) (G1 Evacuation Pause) 331M->333M(512M) 11.740ms
[2020-08-01T12:15:54.584+0300][57.142s][info ][gc] GC(2117) Pause Young (Normal) (G1 Evacuation Pause) 354M->355M(512M) 11.047ms
[2020-08-01T12:15:54.612+0300][57.170s][info ][gc] GC(2118) Pause Young (Normal) (G1 Evacuation Pause) 376M->378M(512M) 11.983ms
[2020-08-01T12:15:54.638+0300][57.196s][info ][gc] GC(2119) Pause Young (Normal) (G1 Evacuation Pause) 399M->401M(512M) 11.197ms
[2020-08-01T12:15:54.667+0300][57.225s][info ][gc] GC(2120) Pause Young (Normal) (G1 Evacuation Pause) 422M->423M(512M) 11.732ms
[2020-08-01T12:15:54.710+0300][57.268s][info ][gc] GC(2121) Pause Young (Normal) (G1 Evacuation Pause) 464M->465M(512M) 11.101ms
[2020-08-01T12:15:54.732+0300][57.290s][info ][gc] GC(2122) To-space exhausted
[2020-08-01T12:15:54.732+0300][57.290s][info ][gc] GC(2122) Pause Young (Normal) (G1 Evacuation Pause) 486M->489M(512M) 13.261ms
[2020-08-01T12:15:54.791+0300][57.349s][info ][gc] GC(2123) To-space exhausted
[2020-08-01T12:15:54.791+0300][57.349s][info ][gc] GC(2123) Pause Young (Normal) (G1 Evacuation Pause) 510M->511M(512M) 33.648ms
[2020-08-01T12:15:54.792+0300][57.350s][debug][gc] GC(2124) Clear Next Bitmap 0.303ms
[2020-08-01T12:15:54.834+0300][57.391s][info ][gc] GC(2124) Pause Full (G1 Evacuation Pause) 511M->69M(512M) 42.110ms
[2020-08-01T12:15:54.834+0300][57.391s][info ][gc] GC(2109) Concurrent Cycle 459.830ms
[2020-08-01T12:15:54.855+0300][57.413s][info ][gc] GC(2125) Pause Young (Normal) (G1 Evacuation Pause) 94M->94M(512M) 11.072ms
[2020-08-01T12:15:54.876+0300][57.433s][info ][gc] GC(2126) Pause Young (Normal) (G1 Evacuation Pause) 117M->118M(512M) 11.359ms
[2020-08-01T12:15:54.923+0300][57.481s][info ][gc] GC(2127) Pause Young (Normal) (G1 Evacuation Pause) 159M->160M(512M) 20.314ms
[2020-08-01T12:15:54.946+0300][57.504s][info ][gc] GC(2128) Pause Young (Normal) (G1 Evacuation Pause) 181M->183M(512M) 11.463ms
[2020-08-01T12:15:54.965+0300][57.523s][info ][gc] GC(2129) Pause Young (Normal) (G1 Evacuation Pause) 204M->205M(512M) 10.653ms
[2020-08-01T12:15:54.984+0300][57.542s][info ][gc] GC(2130) Pause Young (Normal) (G1 Evacuation Pause) 226M->227M(512M) 10.522ms
[2020-08-01T12:15:55.004+0300][57.561s][info ][gc] GC(2131) Pause Young (Normal) (G1 Evacuation Pause) 248M->249M(512M) 10.820ms
[2020-08-01T12:15:55.022+0300][57.580s][info ][gc] GC(2132) Pause Young (Concurrent Start) (G1 Evacuation Pause) 270M->272M(512M) 10.475ms
[2020-08-01T12:15:55.022+0300][57.580s][info ][gc] GC(2133) Concurrent Cycle
[2020-08-01T12:15:55.056+0300][57.614s][info ][gc] GC(2134) Pause Young (Normal) (G1 Evacuation Pause) 313M->314M(512M) 11.312ms
[2020-08-01T12:15:55.079+0300][57.636s][info ][gc] GC(2135) Pause Young (Normal) (G1 Evacuation Pause) 335M->337M(512M) 12.433ms
[2020-08-01T12:15:55.099+0300][57.657s][info ][gc] GC(2136) Pause Young (Normal) (G1 Evacuation Pause) 358M->359M(512M) 11.226ms
[2020-08-01T12:15:55.119+0300][57.677s][info ][gc] GC(2137) Pause Young (Normal) (G1 Evacuation Pause) 380M->381M(512M) 11.502ms
[2020-08-01T12:15:55.139+0300][57.696s][info ][gc] GC(2138) Pause Young (Normal) (G1 Evacuation Pause) 402M->403M(512M) 10.705ms
[2020-08-01T12:15:55.173+0300][57.731s][info ][gc] GC(2139) Pause Young (Normal) (G1 Evacuation Pause) 444M->445M(512M) 10.898ms
[2020-08-01T12:15:55.193+0300][57.751s][info ][gc] GC(2140) Pause Young (Normal) (G1 Evacuation Pause) 466M->468M(512M) 10.916ms
[2020-08-01T12:15:55.199+0300][57.757s][debug][gc] GC(2133) Reclaimed 129 empty regions
[2020-08-01T12:15:55.199+0300][57.757s][info ][gc] GC(2133) Pause Remark 479M->353M(512M) 0.639ms
[2020-08-01T12:15:55.214+0300][57.772s][info ][gc] GC(2141) Pause Young (Normal) (G1 Evacuation Pause) 362M->364M(512M) 10.621ms
[2020-08-01T12:15:55.237+0300][57.794s][info ][gc] GC(2142) Pause Young (Normal) (G1 Evacuation Pause) 385M->387M(512M) 13.448ms
[2020-08-01T12:15:55.269+0300][57.827s][info ][gc] GC(2143) Pause Young (Normal) (G1 Evacuation Pause) 408M->410M(512M) 11.122ms
[2020-08-01T12:15:55.297+0300][57.855s][info ][gc] GC(2144) Pause Young (Normal) (G1 Evacuation Pause) 431M->433M(512M) 10.908ms
[2020-08-01T12:15:55.331+0300][57.889s][info ][gc] GC(2145) Pause Young (Normal) (G1 Evacuation Pause) 474M->476M(512M) 10.814ms
[2020-08-01T12:15:55.370+0300][57.928s][info ][gc] GC(2146) To-space exhausted
[2020-08-01T12:15:55.371+0300][57.928s][info ][gc] GC(2146) Pause Young (Normal) (G1 Evacuation Pause) 497M->504M(512M) 23.194ms
[2020-08-01T12:15:55.398+0300][57.956s][info ][gc] GC(2147) To-space exhausted
[2020-08-01T12:15:55.398+0300][57.956s][info ][gc] GC(2147) Pause Young (Normal) (G1 Evacuation Pause) 511M->511M(512M) 16.606ms
[2020-08-01T12:15:55.399+0300][57.957s][debug][gc] GC(2148) Clear Next Bitmap 0.340ms
[2020-08-01T12:15:55.439+0300][57.996s][info ][gc] GC(2148) Pause Full (G1 Evacuation Pause) 511M->63M(512M) 40.158ms
[2020-08-01T12:15:55.439+0300][57.997s][info ][gc] GC(2133) Concurrent Cycle 416.266ms
[2020-08-01T12:15:55.461+0300][58.019s][info ][gc] GC(2149) Pause Young (Normal) (G1 Evacuation Pause) 88M->88M(512M) 11.782ms
[2020-08-01T12:15:55.484+0300][58.042s][info ][gc] GC(2150) Pause Young (Normal) (G1 Evacuation Pause) 111M->113M(512M) 13.744ms
[2020-08-01T12:15:55.506+0300][58.064s][info ][gc] GC(2151) Pause Young (Normal) (G1 Evacuation Pause) 134M->135M(512M) 12.613ms
[2020-08-01T12:15:55.555+0300][58.113s][info ][gc] GC(2152) Pause Young (Normal) (G1 Evacuation Pause) 176M->177M(512M) 13.142ms
[2020-08-01T12:15:55.574+0300][58.132s][info ][gc] GC(2153) Pause Young (Normal) (G1 Evacuation Pause) 198M->200M(512M) 10.298ms
[2020-08-01T12:15:55.593+0300][58.151s][info ][gc] GC(2154) Pause Young (Normal) (G1 Evacuation Pause) 221M->222M(512M) 10.881ms
[2020-08-01T12:15:55.613+0300][58.171s][info ][gc] GC(2155) Pause Young (Normal) (G1 Evacuation Pause) 243M->245M(512M) 10.924ms
[2020-08-01T12:15:55.634+0300][58.191s][info ][gc] GC(2156) Pause Young (Concurrent Start) (G1 Evacuation Pause) 266M->268M(512M) 11.910ms
[2020-08-01T12:15:55.634+0300][58.191s][info ][gc] GC(2157) Concurrent Cycle
[2020-08-01T12:15:55.670+0300][58.228s][info ][gc] GC(2158) Pause Young (Normal) (G1 Evacuation Pause) 309M->310M(512M) 12.416ms
[2020-08-01T12:15:55.690+0300][58.248s][info ][gc] GC(2159) Pause Young (Normal) (G1 Evacuation Pause) 331M->332M(512M) 10.848ms
[2020-08-01T12:15:55.711+0300][58.269s][info ][gc] GC(2160) Pause Young (Normal) (G1 Evacuation Pause) 353M->355M(512M) 12.135ms
[2020-08-01T12:15:55.730+0300][58.288s][info ][gc] GC(2161) Pause Young (Normal) (G1 Evacuation Pause) 376M->377M(512M) 10.673ms
[2020-08-01T12:15:55.752+0300][58.310s][info ][gc] GC(2162) Pause Young (Normal) (G1 Evacuation Pause) 398M->400M(512M) 12.562ms
[2020-08-01T12:15:55.771+0300][58.329s][info ][gc] GC(2163) Pause Young (Normal) (G1 Evacuation Pause) 421M->423M(512M) 10.760ms
[2020-08-01T12:15:55.794+0300][58.352s][debug][gc] GC(2157) Reclaimed 129 empty regions
[2020-08-01T12:15:55.794+0300][58.352s][info ][gc] GC(2157) Pause Remark 447M->322M(512M) 0.632ms
[2020-08-01T12:15:55.812+0300][58.370s][info ][gc] GC(2164) Pause Young (Normal) (G1 Evacuation Pause) 339M->340M(512M) 11.115ms
[2020-08-01T12:15:55.841+0300][58.399s][info ][gc] GC(2165) Pause Young (Normal) (G1 Evacuation Pause) 361M->363M(512M) 11.768ms
[2020-08-01T12:15:55.868+0300][58.426s][info ][gc] GC(2166) Pause Young (Normal) (G1 Evacuation Pause) 384M->385M(512M) 10.711ms
[2020-08-01T12:15:55.894+0300][58.451s][info ][gc] GC(2167) Pause Young (Normal) (G1 Evacuation Pause) 406M->407M(512M) 10.667ms
[2020-08-01T12:15:55.921+0300][58.479s][info ][gc] GC(2168) Pause Young (Normal) (G1 Evacuation Pause) 428M->429M(512M) 10.804ms
[2020-08-01T12:15:55.964+0300][58.522s][info ][gc] GC(2169) Pause Young (Normal) (G1 Evacuation Pause) 470M->471M(512M) 10.466ms
[2020-08-01T12:15:55.996+0300][58.554s][info ][gc] GC(2170) To-space exhausted
[2020-08-01T12:15:55.996+0300][58.554s][info ][gc] GC(2170) Pause Young (Normal) (G1 Evacuation Pause) 492M->498M(512M) 15.425ms
[2020-08-01T12:15:56.034+0300][58.592s][info ][gc] GC(2171) To-space exhausted
[2020-08-01T12:15:56.034+0300][58.592s][info ][gc] GC(2171) Pause Young (Normal) (G1 Evacuation Pause) 511M->511M(512M) 24.678ms
[2020-08-01T12:15:56.034+0300][58.592s][debug][gc] GC(2172) Clear Next Bitmap 0.316ms
[2020-08-01T12:15:56.073+0300][58.631s][info ][gc] GC(2172) Pause Full (G1 Evacuation Pause) 511M->63M(512M) 39.252ms
[2020-08-01T12:15:56.074+0300][58.631s][info ][gc] GC(2157) Concurrent Cycle 439.841ms
[2020-08-01T12:15:56.096+0300][58.654s][info ][gc] GC(2173) Pause Young (Normal) (G1 Evacuation Pause) 88M->88M(512M) 12.567ms
[2020-08-01T12:15:56.118+0300][58.675s][info ][gc] GC(2174) Pause Young (Normal) (G1 Evacuation Pause) 110M->112M(512M) 12.718ms
[2020-08-01T12:15:56.136+0300][58.694s][info ][gc] GC(2175) Pause Young (Normal) (G1 Evacuation Pause) 133M->135M(512M) 10.449ms
[2020-08-01T12:15:56.230+0300][58.788s][info ][gc] GC(2176) Pause Young (Normal) (G1 Evacuation Pause) 176M->177M(512M) 26.681ms
[2020-08-01T12:15:56.255+0300][58.812s][info ][gc] GC(2177) Pause Young (Normal) (G1 Evacuation Pause) 198M->200M(512M) 11.812ms
[2020-08-01T12:15:56.274+0300][58.832s][info ][gc] GC(2178) Pause Young (Normal) (G1 Evacuation Pause) 221M->222M(512M) 11.390ms
[2020-08-01T12:15:56.295+0300][58.853s][info ][gc] GC(2179) Pause Young (Normal) (G1 Evacuation Pause) 243M->245M(512M) 11.981ms
[2020-08-01T12:15:56.314+0300][58.872s][info ][gc] GC(2180) Pause Young (Concurrent Start) (G1 Evacuation Pause) 266M->268M(512M) 10.694ms
[2020-08-01T12:15:56.314+0300][58.872s][info ][gc] GC(2181) Concurrent Cycle
[2020-08-01T12:15:56.351+0300][58.908s][info ][gc] GC(2182) Pause Young (Normal) (G1 Evacuation Pause) 309M->310M(512M) 11.481ms
[2020-08-01T12:15:56.370+0300][58.928s][info ][gc] GC(2183) Pause Young (Normal) (G1 Evacuation Pause) 331M->333M(512M) 11.104ms
[2020-08-01T12:15:56.390+0300][58.948s][info ][gc] GC(2184) Pause Young (Normal) (G1 Evacuation Pause) 354M->355M(512M) 11.155ms
[2020-08-01T12:15:56.411+0300][58.969s][info ][gc] GC(2185) Pause Young (Normal) (G1 Evacuation Pause) 376M->377M(512M) 10.729ms
[2020-08-01T12:15:56.435+0300][58.993s][info ][gc] GC(2186) Pause Young (Normal) (G1 Evacuation Pause) 398M->399M(512M) 11.012ms
[2020-08-01T12:15:56.455+0300][59.013s][info ][gc] GC(2187) Pause Young (Normal) (G1 Evacuation Pause) 420M->421M(512M) 11.317ms
[2020-08-01T12:15:56.472+0300][59.030s][debug][gc] GC(2181) Reclaimed 130 empty regions
[2020-08-01T12:15:56.472+0300][59.030s][info ][gc] GC(2181) Pause Remark 448M->320M(512M) 0.675ms
[2020-08-01T12:15:56.488+0300][59.046s][info ][gc] GC(2188) Pause Young (Normal) (G1 Evacuation Pause) 334M->336M(512M) 10.319ms
[2020-08-01T12:15:56.515+0300][59.072s][info ][gc] GC(2189) Pause Young (Normal) (G1 Evacuation Pause) 357M->359M(512M) 10.550ms
[2020-08-01T12:15:56.540+0300][59.098s][info ][gc] GC(2190) Pause Young (Normal) (G1 Evacuation Pause) 380M->381M(512M) 10.540ms
[2020-08-01T12:15:56.570+0300][59.127s][info ][gc] GC(2191) Pause Young (Normal) (G1 Evacuation Pause) 402M->403M(512M) 12.763ms
[2020-08-01T12:15:56.597+0300][59.155s][info ][gc] GC(2192) Pause Young (Normal) (G1 Evacuation Pause) 424M->426M(512M) 10.950ms
[2020-08-01T12:15:56.638+0300][59.195s][info ][gc] GC(2193) Pause Young (Normal) (G1 Evacuation Pause) 467M->468M(512M) 11.806ms
[2020-08-01T12:15:56.669+0300][59.226s][info ][gc] GC(2194) To-space exhausted
[2020-08-01T12:15:56.669+0300][59.226s][info ][gc] GC(2194) Pause Young (Normal) (G1 Evacuation Pause) 489M->496M(512M) 13.260ms
[2020-08-01T12:15:56.707+0300][59.265s][info ][gc] GC(2195) To-space exhausted
[2020-08-01T12:15:56.707+0300][59.265s][info ][gc] GC(2195) Pause Young (Normal) (G1 Evacuation Pause) 511M->511M(512M) 26.696ms
[2020-08-01T12:15:56.708+0300][59.266s][debug][gc] GC(2196) Clear Next Bitmap 0.328ms
[2020-08-01T12:15:56.748+0300][59.306s][info ][gc] GC(2196) Pause Full (G1 Evacuation Pause) 511M->64M(512M) 40.510ms
[2020-08-01T12:15:56.748+0300][59.306s][info ][gc] GC(2181) Concurrent Cycle 434.226ms
[2020-08-01T12:15:56.769+0300][59.327s][info ][gc] GC(2197) Pause Young (Normal) (G1 Evacuation Pause) 89M->89M(512M) 11.235ms
[2020-08-01T12:15:56.788+0300][59.346s][info ][gc] GC(2198) Pause Young (Normal) (G1 Evacuation Pause) 110M->112M(512M) 10.825ms
[2020-08-01T12:15:56.809+0300][59.366s][info ][gc] GC(2199) Pause Young (Normal) (G1 Evacuation Pause) 133M->134M(512M) 11.639ms
[2020-08-01T12:15:56.843+0300][59.401s][info ][gc] GC(2200) Pause Young (Normal) (G1 Evacuation Pause) 175M->176M(512M) 11.220ms
[2020-08-01T12:15:56.862+0300][59.420s][info ][gc] GC(2201) Pause Young (Normal) (G1 Evacuation Pause) 197M->199M(512M) 10.396ms
[2020-08-01T12:15:56.881+0300][59.439s][info ][gc] GC(2202) Pause Young (Normal) (G1 Evacuation Pause) 220M->221M(512M) 10.773ms
[2020-08-01T12:15:56.901+0300][59.459s][info ][gc] GC(2203) Pause Young (Normal) (G1 Evacuation Pause) 242M->243M(512M) 10.962ms
[2020-08-01T12:15:56.920+0300][59.478s][info ][gc] GC(2204) Pause Young (Concurrent Start) (G1 Evacuation Pause) 264M->266M(512M) 10.785ms
[2020-08-01T12:15:56.920+0300][59.478s][info ][gc] GC(2205) Concurrent Cycle
[2020-08-01T12:15:56.954+0300][59.512s][info ][gc] GC(2206) Pause Young (Normal) (G1 Evacuation Pause) 307M->308M(512M) 11.473ms
[2020-08-01T12:15:56.973+0300][59.531s][info ][gc] GC(2207) Pause Young (Normal) (G1 Evacuation Pause) 329M->330M(512M) 10.564ms
[2020-08-01T12:15:56.992+0300][59.550s][info ][gc] GC(2208) Pause Young (Normal) (G1 Evacuation Pause) 351M->353M(512M) 10.093ms
[2020-08-01T12:15:57.012+0300][59.570s][info ][gc] GC(2209) Pause Young (Normal) (G1 Evacuation Pause) 374M->375M(512M) 10.222ms
[2020-08-01T12:15:57.031+0300][59.588s][info ][gc] GC(2210) Pause Young (Normal) (G1 Evacuation Pause) 396M->397M(512M) 10.059ms
[2020-08-01T12:15:57.051+0300][59.608s][info ][gc] GC(2211) Pause Young (Normal) (G1 Evacuation Pause) 418M->419M(512M) 11.011ms
[2020-08-01T12:15:57.074+0300][59.631s][debug][gc] GC(2205) Reclaimed 131 empty regions
[2020-08-01T12:15:57.074+0300][59.631s][info ][gc] GC(2205) Pause Remark 460M->332M(512M) 0.679ms
[2020-08-01T12:15:57.086+0300][59.644s][info ][gc] GC(2212) Pause Young (Normal) (G1 Evacuation Pause) 332M->333M(512M) 12.214ms
[2020-08-01T12:15:57.114+0300][59.672s][info ][gc] GC(2213) Pause Young (Normal) (G1 Evacuation Pause) 354M->355M(512M) 11.697ms
[2020-08-01T12:15:57.140+0300][59.698s][info ][gc] GC(2214) Pause Young (Normal) (G1 Evacuation Pause) 376M->378M(512M) 9.994ms
[2020-08-01T12:15:57.167+0300][59.725s][info ][gc] GC(2215) Pause Young (Normal) (G1 Evacuation Pause) 399M->400M(512M) 10.552ms
[2020-08-01T12:15:57.193+0300][59.751s][info ][gc] GC(2216) Pause Young (Normal) (G1 Evacuation Pause) 421M->422M(512M) 10.518ms
[2020-08-01T12:15:57.235+0300][59.792s][info ][gc] GC(2217) Pause Young (Normal) (G1 Evacuation Pause) 463M->465M(512M) 10.678ms
[2020-08-01T12:15:57.265+0300][59.823s][info ][gc] GC(2218) To-space exhausted
[2020-08-01T12:15:57.265+0300][59.823s][info ][gc] GC(2218) Pause Young (Normal) (G1 Evacuation Pause) 486M->488M(512M) 12.863ms
[2020-08-01T12:15:57.313+0300][59.871s][info ][gc] GC(2219) To-space exhausted
[2020-08-01T12:15:57.314+0300][59.871s][info ][gc] GC(2219) Pause Young (Normal) (G1 Evacuation Pause) 509M->511M(512M) 32.314ms
[2020-08-01T12:15:57.314+0300][59.872s][debug][gc] GC(2220) Clear Next Bitmap 0.392ms
[2020-08-01T12:15:57.357+0300][59.915s][info ][gc] GC(2220) Pause Full (G1 Evacuation Pause) 511M->71M(512M) 43.336ms
[2020-08-01T12:15:57.357+0300][59.915s][info ][gc] GC(2205) Concurrent Cycle 437.230ms
[2020-08-01T12:15:57.378+0300][59.935s][info ][gc] GC(2221) Pause Young (Normal) (G1 Evacuation Pause) 96M->96M(512M) 10.553ms
[2020-08-01T12:15:57.399+0300][59.957s][info ][gc] GC(2222) Pause Young (Normal) (G1 Evacuation Pause) 120M->121M(512M) 12.001ms
[2020-08-01T12:15:57.438+0300][59.996s][info ][gc] GC(2223) Pause Young (Normal) (G1 Evacuation Pause) 162M->163M(512M) 11.630ms
[2020-08-01T12:15:57.457+0300][60.015s][info ][gc] GC(2224) Pause Young (Normal) (G1 Evacuation Pause) 184M->186M(512M) 10.544ms
[2020-08-01T12:15:57.476+0300][60.034s][info ][gc] GC(2225) Pause Young (Normal) (G1 Evacuation Pause) 207M->209M(512M) 10.710ms
[2020-08-01T12:15:57.495+0300][60.053s][info ][gc] GC(2226) Pause Young (Normal) (G1 Evacuation Pause) 230M->231M(512M) 10.410ms
[2020-08-01T12:15:57.514+0300][60.072s][info ][gc] GC(2227) Pause Young (Normal) (G1 Evacuation Pause) 252M->253M(512M) 10.574ms
[2020-08-01T12:15:57.534+0300][60.092s][info ][gc] GC(2228) Pause Young (Concurrent Start) (G1 Evacuation Pause) 274M->275M(512M) 11.579ms
[2020-08-01T12:15:57.534+0300][60.092s][info ][gc] GC(2229) Concurrent Cycle
[2020-08-01T12:15:57.581+0300][60.138s][info ][gc] GC(2230) Pause Young (Normal) (G1 Evacuation Pause) 316M->318M(512M) 10.454ms
[2020-08-01T12:15:57.600+0300][60.158s][info ][gc] GC(2231) Pause Young (Normal) (G1 Evacuation Pause) 339M->340M(512M) 10.449ms
[2020-08-01T12:15:57.620+0300][60.178s][info ][gc] GC(2232) Pause Young (Normal) (G1 Evacuation Pause) 361M->363M(512M) 10.848ms
[2020-08-01T12:15:57.640+0300][60.198s][info ][gc] GC(2233) Pause Young (Normal) (G1 Evacuation Pause) 384M->385M(512M) 10.912ms
[2020-08-01T12:15:57.663+0300][60.221s][info ][gc] GC(2234) Pause Young (Normal) (G1 Evacuation Pause) 406M->408M(512M) 12.886ms
[2020-08-01T12:15:57.691+0300][60.248s][debug][gc] GC(2229) Reclaimed 128 empty regions
[2020-08-01T12:15:57.691+0300][60.248s][info ][gc] GC(2229) Pause Remark 448M->323M(512M) 0.637ms
[2020-08-01T12:15:57.702+0300][60.260s][info ][gc] GC(2235) Pause Young (Normal) (G1 Evacuation Pause) 323M->324M(512M) 11.032ms
[2020-08-01T12:15:57.731+0300][60.289s][info ][gc] GC(2236) Pause Young (Normal) (G1 Evacuation Pause) 345M->347M(512M) 13.097ms
[2020-08-01T12:15:57.756+0300][60.314s][info ][gc] GC(2237) Pause Young (Normal) (G1 Evacuation Pause) 368M->370M(512M) 11.013ms
[2020-08-01T12:15:57.777+0300][60.334s][info ][gc] GC(2238) Pause Young (Normal) (G1 Evacuation Pause) 391M->393M(512M) 11.195ms
[2020-08-01T12:15:57.806+0300][60.364s][info ][gc] GC(2239) Pause Young (Normal) (G1 Evacuation Pause) 414M->415M(512M) 10.566ms
[2020-08-01T12:15:57.835+0300][60.393s][info ][gc] GC(2240) Pause Young (Normal) (G1 Evacuation Pause) 436M->438M(512M) 12.904ms
[2020-08-01T12:15:57.891+0300][60.449s][info ][gc] GC(2241) Pause Young (Normal) (G1 Evacuation Pause) 479M->480M(512M) 11.084ms
[2020-08-01T12:15:57.935+0300][60.493s][info ][gc] GC(2242) To-space exhausted
[2020-08-01T12:15:57.935+0300][60.493s][info ][gc] GC(2242) Pause Young (Normal) (G1 Evacuation Pause) 501M->510M(512M) 26.662ms
[2020-08-01T12:15:57.948+0300][60.505s][info ][gc] GC(2243) To-space exhausted
[2020-08-01T12:15:57.948+0300][60.505s][info ][gc] GC(2243) Pause Young (Normal) (G1 Evacuation Pause) 511M->511M(512M) 11.586ms
[2020-08-01T12:15:57.948+0300][60.506s][debug][gc] GC(2244) Clear Next Bitmap 0.273ms
[2020-08-01T12:15:57.987+0300][60.545s][info ][gc] GC(2244) Pause Full (G1 Evacuation Pause) 511M->59M(512M) 39.663ms
[2020-08-01T12:15:57.988+0300][60.545s][info ][gc] GC(2229) Concurrent Cycle 453.812ms
[2020-08-01T12:15:58.010+0300][60.568s][info ][gc] GC(2245) Pause Young (Normal) (G1 Evacuation Pause) 85M->86M(512M) 12.122ms
[2020-08-01T12:15:58.032+0300][60.589s][info ][gc] GC(2246) Pause Young (Normal) (G1 Evacuation Pause) 109M->110M(512M) 12.184ms
[2020-08-01T12:15:58.052+0300][60.609s][info ][gc] GC(2247) Pause Young (Normal) (G1 Evacuation Pause) 131M->132M(512M) 11.432ms
[2020-08-01T12:15:58.095+0300][60.653s][info ][gc] GC(2248) Pause Young (Normal) (G1 Evacuation Pause) 173M->174M(512M) 11.412ms
[2020-08-01T12:15:58.115+0300][60.673s][info ][gc] GC(2249) Pause Young (Normal) (G1 Evacuation Pause) 195M->197M(512M) 11.373ms
[2020-08-01T12:15:58.134+0300][60.692s][info ][gc] GC(2250) Pause Young (Normal) (G1 Evacuation Pause) 218M->220M(512M) 10.611ms
[2020-08-01T12:15:58.153+0300][60.711s][info ][gc] GC(2251) Pause Young (Normal) (G1 Evacuation Pause) 241M->242M(512M) 10.805ms
[2020-08-01T12:15:58.173+0300][60.730s][info ][gc] GC(2252) Pause Young (Concurrent Start) (G1 Evacuation Pause) 263M->264M(512M) 11.242ms
[2020-08-01T12:15:58.173+0300][60.731s][info ][gc] GC(2253) Concurrent Cycle
[2020-08-01T12:15:58.214+0300][60.772s][info ][gc] GC(2254) Pause Young (Normal) (G1 Evacuation Pause) 305M->306M(512M) 10.692ms
[2020-08-01T12:15:58.235+0300][60.793s][info ][gc] GC(2255) Pause Young (Normal) (G1 Evacuation Pause) 327M->328M(512M) 11.945ms
[2020-08-01T12:15:58.255+0300][60.813s][info ][gc] GC(2256) Pause Young (Normal) (G1 Evacuation Pause) 349M->351M(512M) 11.545ms
[2020-08-01T12:15:58.278+0300][60.836s][info ][gc] GC(2257) Pause Young (Normal) (G1 Evacuation Pause) 372M->373M(512M) 11.723ms
[2020-08-01T12:15:58.301+0300][60.859s][info ][gc] GC(2258) Pause Young (Normal) (G1 Evacuation Pause) 394M->395M(512M) 11.423ms
[2020-08-01T12:15:58.320+0300][60.878s][info ][gc] GC(2259) Pause Young (Normal) (G1 Evacuation Pause) 416M->418M(512M) 10.580ms
[2020-08-01T12:15:58.330+0300][60.888s][debug][gc] GC(2253) Reclaimed 128 empty regions
[2020-08-01T12:15:58.330+0300][60.888s][info ][gc] GC(2253) Pause Remark 424M->298M(512M) 0.709ms
[2020-08-01T12:15:58.360+0300][60.918s][info ][gc] GC(2260) Pause Young (Normal) (G1 Evacuation Pause) 333M->334M(512M) 11.500ms
[2020-08-01T12:15:58.388+0300][60.946s][info ][gc] GC(2261) Pause Young (Normal) (G1 Evacuation Pause) 355M->357M(512M) 11.871ms
[2020-08-01T12:15:58.413+0300][60.971s][info ][gc] GC(2262) Pause Young (Normal) (G1 Evacuation Pause) 378M->379M(512M) 10.372ms
[2020-08-01T12:15:58.442+0300][60.999s][info ][gc] GC(2263) Pause Young (Normal) (G1 Evacuation Pause) 400M->401M(512M) 10.600ms
[2020-08-01T12:15:58.472+0300][61.030s][info ][gc] GC(2264) Pause Young (Normal) (G1 Evacuation Pause) 422M->423M(512M) 13.180ms
[2020-08-01T12:15:58.526+0300][61.084s][info ][gc] GC(2265) Pause Young (Normal) (G1 Evacuation Pause) 464M->466M(512M) 10.764ms
[2020-08-01T12:15:58.553+0300][61.111s][info ][gc] GC(2266) To-space exhausted
[2020-08-01T12:15:58.553+0300][61.111s][info ][gc] GC(2266) Pause Young (Normal) (G1 Evacuation Pause) 487M->490M(512M) 11.022ms
[2020-08-01T12:15:58.559+0300][61.117s][info ][gc] GC(2253) Pause Cleanup 492M->492M(512M) 0.129ms
[2020-08-01T12:15:58.560+0300][61.117s][info ][gc] GC(2253) Concurrent Cycle 386.954ms
[2020-08-01T12:15:58.603+0300][61.161s][info ][gc] GC(2267) To-space exhausted
[2020-08-01T12:15:58.604+0300][61.161s][info ][gc] GC(2267) Pause Young (Normal) (G1 Evacuation Pause) 511M->511M(512M) 35.721ms
[2020-08-01T12:15:58.646+0300][61.204s][info ][gc] GC(2268) Pause Full (G1 Evacuation Pause) 511M->68M(512M) 42.395ms
[2020-08-01T12:15:58.668+0300][61.226s][info ][gc] GC(2269) Pause Young (Normal) (G1 Evacuation Pause) 94M->95M(512M) 10.880ms
[2020-08-01T12:15:58.690+0300][61.248s][info ][gc] GC(2270) Pause Young (Normal) (G1 Evacuation Pause) 119M->120M(512M) 12.213ms
[2020-08-01T12:15:58.727+0300][61.285s][info ][gc] GC(2271) Pause Young (Normal) (G1 Evacuation Pause) 161M->162M(512M) 10.536ms
[2020-08-01T12:15:58.746+0300][61.304s][info ][gc] GC(2272) Pause Young (Normal) (G1 Evacuation Pause) 183M->184M(512M) 10.463ms
[2020-08-01T12:15:58.765+0300][61.323s][info ][gc] GC(2273) Pause Young (Normal) (G1 Evacuation Pause) 205M->207M(512M) 10.690ms
[2020-08-01T12:15:58.784+0300][61.342s][info ][gc] GC(2274) Pause Young (Normal) (G1 Evacuation Pause) 228M->229M(512M) 10.691ms
[2020-08-01T12:15:58.804+0300][61.362s][info ][gc] GC(2275) Pause Young (Normal) (G1 Evacuation Pause) 250M->252M(512M) 11.473ms
[2020-08-01T12:15:58.825+0300][61.382s][info ][gc] GC(2276) Pause Young (Concurrent Start) (G1 Evacuation Pause) 273M->274M(512M) 12.224ms
[2020-08-01T12:15:58.825+0300][61.382s][info ][gc] GC(2277) Concurrent Cycle
[2020-08-01T12:15:58.876+0300][61.434s][info ][gc] GC(2278) Pause Young (Normal) (G1 Evacuation Pause) 315M->317M(512M) 15.734ms
[2020-08-01T12:15:58.898+0300][61.455s][info ][gc] GC(2279) Pause Young (Normal) (G1 Evacuation Pause) 338M->340M(512M) 11.993ms
[2020-08-01T12:15:58.922+0300][61.479s][info ][gc] GC(2280) Pause Young (Normal) (G1 Evacuation Pause) 361M->362M(512M) 14.437ms
[2020-08-01T12:15:58.946+0300][61.504s][info ][gc] GC(2281) Pause Young (Normal) (G1 Evacuation Pause) 383M->384M(512M) 14.496ms
[2020-08-01T12:15:58.971+0300][61.528s][info ][gc] GC(2282) Pause Young (Normal) (G1 Evacuation Pause) 405M->406M(512M) 14.385ms
[2020-08-01T12:15:59.012+0300][61.570s][info ][gc] GC(2283) Pause Young (Normal) (G1 Evacuation Pause) 447M->448M(512M) 12.696ms
[2020-08-01T12:15:59.038+0300][61.595s][info ][gc] GC(2284) Pause Young (Normal) (G1 Evacuation Pause) 469M->471M(512M) 16.603ms
[2020-08-01T12:15:59.039+0300][61.597s][debug][gc] GC(2277) Reclaimed 129 empty regions
[2020-08-01T12:15:59.039+0300][61.597s][info ][gc] GC(2277) Pause Remark 471M->344M(512M) 0.951ms
[2020-08-01T12:15:59.065+0300][61.623s][info ][gc] GC(2285) Pause Young (Normal) (G1 Evacuation Pause) 365M->366M(512M) 14.257ms
[2020-08-01T12:15:59.092+0300][61.649s][info ][gc] GC(2286) Pause Young (Normal) (G1 Evacuation Pause) 387M->389M(512M) 16.904ms
[2020-08-01T12:15:59.129+0300][61.687s][info ][gc] GC(2287) Pause Young (Normal) (G1 Evacuation Pause) 410M->412M(512M) 14.152ms
[2020-08-01T12:15:59.162+0300][61.720s][info ][gc] GC(2288) Pause Young (Normal) (G1 Evacuation Pause) 433M->434M(512M) 14.999ms
[2020-08-01T12:15:59.221+0300][61.779s][info ][gc] GC(2289) Pause Young (Normal) (G1 Evacuation Pause) 475M->477M(512M) 14.599ms
[2020-08-01T12:15:59.265+0300][61.823s][info ][gc] GC(2290) To-space exhausted
[2020-08-01T12:15:59.265+0300][61.823s][info ][gc] GC(2290) Pause Young (Normal) (G1 Evacuation Pause) 498M->505M(512M) 24.278ms
[2020-08-01T12:15:59.291+0300][61.849s][info ][gc] GC(2291) To-space exhausted
[2020-08-01T12:15:59.292+0300][61.849s][info ][gc] GC(2291) Pause Young (Normal) (G1 Evacuation Pause) 511M->511M(512M) 15.357ms
[2020-08-01T12:15:59.292+0300][61.850s][debug][gc] GC(2292) Clear Next Bitmap 0.297ms
[2020-08-01T12:15:59.337+0300][61.894s][info ][gc] GC(2292) Pause Full (G1 Evacuation Pause) 511M->64M(512M) 45.031ms
[2020-08-01T12:15:59.337+0300][61.895s][info ][gc] GC(2277) Concurrent Cycle 512.316ms
[2020-08-01T12:15:59.360+0300][61.917s][info ][gc] GC(2293) Pause Young (Normal) (G1 Evacuation Pause) 89M->89M(512M) 12.311ms
[2020-08-01T12:15:59.379+0300][61.937s][info ][gc] GC(2294) Pause Young (Normal) (G1 Evacuation Pause) 111M->112M(512M) 10.485ms
[2020-08-01T12:15:59.398+0300][61.956s][info ][gc] GC(2295) Pause Young (Normal) (G1 Evacuation Pause) 133M->134M(512M) 10.197ms
[2020-08-01T12:15:59.436+0300][61.994s][info ][gc] GC(2296) Pause Young (Normal) (G1 Evacuation Pause) 175M->176M(512M) 13.264ms
[2020-08-01T12:15:59.455+0300][62.013s][info ][gc] GC(2297) Pause Young (Normal) (G1 Evacuation Pause) 197M->198M(512M) 10.344ms
[2020-08-01T12:15:59.475+0300][62.032s][info ][gc] GC(2298) Pause Young (Normal) (G1 Evacuation Pause) 219M->220M(512M) 11.148ms
[2020-08-01T12:15:59.493+0300][62.051s][info ][gc] GC(2299) Pause Young (Normal) (G1 Evacuation Pause) 241M->243M(512M) 10.497ms
[2020-08-01T12:15:59.512+0300][62.070s][info ][gc] GC(2300) Pause Young (Concurrent Start) (G1 Evacuation Pause) 264M->265M(512M) 10.023ms
[2020-08-01T12:15:59.512+0300][62.070s][info ][gc] GC(2301) Concurrent Cycle
[2020-08-01T12:15:59.552+0300][62.110s][info ][gc] GC(2302) Pause Young (Normal) (G1 Evacuation Pause) 306M->307M(512M) 10.682ms
[2020-08-01T12:15:59.571+0300][62.129s][info ][gc] GC(2303) Pause Young (Normal) (G1 Evacuation Pause) 328M->330M(512M) 10.747ms
[2020-08-01T12:15:59.591+0300][62.149s][info ][gc] GC(2304) Pause Young (Normal) (G1 Evacuation Pause) 351M->352M(512M) 10.670ms
[2020-08-01T12:15:59.610+0300][62.168s][info ][gc] GC(2305) Pause Young (Normal) (G1 Evacuation Pause) 373M->375M(512M) 10.748ms
[2020-08-01T12:15:59.629+0300][62.187s][info ][gc] GC(2306) Pause Young (Normal) (G1 Evacuation Pause) 396M->398M(512M) 10.352ms
[2020-08-01T12:15:59.649+0300][62.206s][info ][gc] GC(2307) Pause Young (Normal) (G1 Evacuation Pause) 419M->420M(512M) 10.377ms
[2020-08-01T12:15:59.666+0300][62.223s][debug][gc] GC(2301) Reclaimed 133 empty regions
[2020-08-01T12:15:59.666+0300][62.223s][info ][gc] GC(2301) Pause Remark 449M->319M(512M) 0.603ms
[2020-08-01T12:15:59.682+0300][62.240s][info ][gc] GC(2308) Pause Young (Normal) (G1 Evacuation Pause) 330M->332M(512M) 11.431ms
[2020-08-01T12:15:59.708+0300][62.266s][info ][gc] GC(2309) Pause Young (Normal) (G1 Evacuation Pause) 353M->355M(512M) 10.490ms
[2020-08-01T12:15:59.735+0300][62.293s][info ][gc] GC(2310) Pause Young (Normal) (G1 Evacuation Pause) 376M->378M(512M) 10.800ms
[2020-08-01T12:15:59.760+0300][62.317s][info ][gc] GC(2311) Pause Young (Normal) (G1 Evacuation Pause) 399M->400M(512M) 10.848ms
[2020-08-01T12:15:59.788+0300][62.346s][info ][gc] GC(2312) Pause Young (Normal) (G1 Evacuation Pause) 421M->422M(512M) 10.481ms
[2020-08-01T12:15:59.835+0300][62.392s][info ][gc] GC(2313) Pause Young (Normal) (G1 Evacuation Pause) 463M->464M(512M) 12.127ms
[2020-08-01T12:15:59.862+0300][62.420s][info ][gc] GC(2314) To-space exhausted
[2020-08-01T12:15:59.862+0300][62.420s][info ][gc] GC(2314) Pause Young (Normal) (G1 Evacuation Pause) 485M->489M(512M) 11.171ms
[2020-08-01T12:15:59.911+0300][62.469s][info ][gc] GC(2315) To-space exhausted
[2020-08-01T12:15:59.911+0300][62.469s][info ][gc] GC(2315) Pause Young (Normal) (G1 Evacuation Pause) 510M->511M(512M) 33.544ms
[2020-08-01T12:15:59.912+0300][62.470s][debug][gc] GC(2316) Clear Next Bitmap 0.327ms
[2020-08-01T12:15:59.956+0300][62.514s][info ][gc] GC(2316) Pause Full (G1 Evacuation Pause) 511M->71M(512M) 44.482ms
[2020-08-01T12:15:59.956+0300][62.514s][info ][gc] GC(2301) Concurrent Cycle 444.187ms
[2020-08-01T12:15:59.977+0300][62.535s][info ][gc] GC(2317) Pause Young (Normal) (G1 Evacuation Pause) 97M->98M(512M) 10.441ms
[2020-08-01T12:15:59.999+0300][62.556s][info ][gc] GC(2318) Pause Young (Normal) (G1 Evacuation Pause) 123M->124M(512M) 11.568ms
[2020-08-01T12:16:00.034+0300][62.592s][info ][gc] GC(2319) Pause Young (Normal) (G1 Evacuation Pause) 165M->166M(512M) 11.320ms
[2020-08-01T12:16:00.056+0300][62.613s][info ][gc] GC(2320) Pause Young (Normal) (G1 Evacuation Pause) 187M->189M(512M) 12.884ms
[2020-08-01T12:16:00.075+0300][62.633s][info ][gc] GC(2321) Pause Young (Normal) (G1 Evacuation Pause) 210M->211M(512M) 10.774ms
[2020-08-01T12:16:00.094+0300][62.651s][info ][gc] GC(2322) Pause Young (Normal) (G1 Evacuation Pause) 232M->234M(512M) 10.051ms
[2020-08-01T12:16:00.113+0300][62.671s][info ][gc] GC(2323) Pause Young (Concurrent Start) (G1 Evacuation Pause) 255M->256M(512M) 11.021ms
[2020-08-01T12:16:00.113+0300][62.671s][info ][gc] GC(2324) Concurrent Cycle
[2020-08-01T12:16:00.133+0300][62.691s][info ][gc] GC(2325) Pause Young (Normal) (G1 Evacuation Pause) 277M->279M(512M) 11.118ms
[2020-08-01T12:16:00.178+0300][62.736s][info ][gc] GC(2326) Pause Young (Normal) (G1 Evacuation Pause) 320M->321M(512M) 10.551ms
[2020-08-01T12:16:00.198+0300][62.756s][info ][gc] GC(2327) Pause Young (Normal) (G1 Evacuation Pause) 342M->344M(512M) 10.523ms
[2020-08-01T12:16:00.217+0300][62.775s][info ][gc] GC(2328) Pause Young (Normal) (G1 Evacuation Pause) 365M->366M(512M) 10.194ms
[2020-08-01T12:16:00.237+0300][62.795s][info ][gc] GC(2329) Pause Young (Normal) (G1 Evacuation Pause) 387M->388M(512M) 11.096ms
[2020-08-01T12:16:00.256+0300][62.814s][info ][gc] GC(2330) Pause Young (Normal) (G1 Evacuation Pause) 409M->410M(512M) 10.246ms
[2020-08-01T12:16:00.259+0300][62.817s][debug][gc] GC(2324) Reclaimed 130 empty regions
[2020-08-01T12:16:00.259+0300][62.817s][info ][gc] GC(2324) Pause Remark 417M->289M(512M) 0.619ms
[2020-08-01T12:16:00.303+0300][62.860s][info ][gc] GC(2331) Pause Young (Normal) (G1 Evacuation Pause) 324M->325M(512M) 12.560ms
[2020-08-01T12:16:00.330+0300][62.887s][info ][gc] GC(2332) Pause Young (Normal) (G1 Evacuation Pause) 346M->348M(512M) 10.551ms
[2020-08-01T12:16:00.355+0300][62.913s][info ][gc] GC(2333) Pause Young (Normal) (G1 Evacuation Pause) 369M->370M(512M) 10.753ms
[2020-08-01T12:16:00.383+0300][62.941s][info ][gc] GC(2334) Pause Young (Normal) (G1 Evacuation Pause) 391M->392M(512M) 11.676ms
[2020-08-01T12:16:00.411+0300][62.969s][info ][gc] GC(2335) Pause Young (Normal) (G1 Evacuation Pause) 413M->415M(512M) 12.731ms
[2020-08-01T12:16:00.440+0300][62.998s][info ][gc] GC(2336) Pause Young (Normal) (G1 Evacuation Pause) 436M->437M(512M) 10.884ms
[2020-08-01T12:16:00.484+0300][63.042s][info ][gc] GC(2337) Pause Young (Normal) (G1 Evacuation Pause) 478M->479M(512M) 12.018ms
[2020-08-01T12:16:00.491+0300][63.048s][info ][gc] GC(2324) Pause Cleanup 480M->480M(512M) 0.109ms
[2020-08-01T12:16:00.492+0300][63.050s][info ][gc] GC(2324) Concurrent Cycle 378.536ms
[2020-08-01T12:16:00.525+0300][63.083s][info ][gc] GC(2338) To-space exhausted
[2020-08-01T12:16:00.525+0300][63.083s][info ][gc] GC(2338) Pause Young (Normal) (G1 Evacuation Pause) 500M->506M(512M) 25.256ms
[2020-08-01T12:16:00.543+0300][63.101s][info ][gc] GC(2339) To-space exhausted
[2020-08-01T12:16:00.543+0300][63.101s][info ][gc] GC(2339) Pause Young (Concurrent Start) (G1 Evacuation Pause) 511M->511M(512M) 15.236ms
[2020-08-01T12:16:00.543+0300][63.101s][info ][gc] GC(2341) Concurrent Cycle
[2020-08-01T12:16:00.544+0300][63.102s][debug][gc] GC(2340) Clear Next Bitmap 0.289ms
[2020-08-01T12:16:00.584+0300][63.142s][info ][gc] GC(2340) Pause Full (G1 Evacuation Pause) 511M->66M(512M) 40.590ms
[2020-08-01T12:16:00.584+0300][63.142s][info ][gc] GC(2341) Concurrent Cycle 40.898ms
[2020-08-01T12:16:00.608+0300][63.166s][info ][gc] GC(2342) Pause Young (Normal) (G1 Evacuation Pause) 96M->96M(512M) 11.976ms
[2020-08-01T12:16:00.633+0300][63.191s][info ][gc] GC(2343) Pause Young (Normal) (G1 Evacuation Pause) 123M->124M(512M) 14.283ms
[2020-08-01T12:16:00.697+0300][63.255s][info ][gc] GC(2344) Pause Young (Normal) (G1 Evacuation Pause) 165M->166M(512M) 26.041ms
[2020-08-01T12:16:00.721+0300][63.279s][info ][gc] GC(2345) Pause Young (Normal) (G1 Evacuation Pause) 187M->189M(512M) 12.359ms
[2020-08-01T12:16:00.741+0300][63.299s][info ][gc] GC(2346) Pause Young (Normal) (G1 Evacuation Pause) 210M->211M(512M) 11.855ms
[2020-08-01T12:16:00.761+0300][63.318s][info ][gc] GC(2347) Pause Young (Normal) (G1 Evacuation Pause) 232M->234M(512M) 10.913ms
[2020-08-01T12:16:00.781+0300][63.338s][info ][gc] GC(2348) Pause Young (Concurrent Start) (G1 Evacuation Pause) 255M->256M(512M) 11.751ms
[2020-08-01T12:16:00.781+0300][63.338s][info ][gc] GC(2349) Concurrent Cycle
[2020-08-01T12:16:00.801+0300][63.359s][info ][gc] GC(2350) Pause Young (Normal) (G1 Evacuation Pause) 277M->279M(512M) 12.033ms
[2020-08-01T12:16:00.850+0300][63.408s][info ][gc] GC(2351) Pause Young (Normal) (G1 Evacuation Pause) 320M->321M(512M) 13.301ms
[2020-08-01T12:16:00.871+0300][63.429s][info ][gc] GC(2352) Pause Young (Normal) (G1 Evacuation Pause) 342M->344M(512M) 11.890ms
[2020-08-01T12:16:00.893+0300][63.451s][info ][gc] GC(2353) Pause Young (Normal) (G1 Evacuation Pause) 365M->366M(512M) 12.572ms
[2020-08-01T12:16:00.913+0300][63.471s][info ][gc] GC(2354) Pause Young (Normal) (G1 Evacuation Pause) 387M->389M(512M) 11.272ms
[2020-08-01T12:16:00.934+0300][63.492s][info ][gc] GC(2355) Pause Young (Normal) (G1 Evacuation Pause) 410M->411M(512M) 11.603ms
[2020-08-01T12:16:00.936+0300][63.494s][debug][gc] GC(2349) Reclaimed 128 empty regions
[2020-08-01T12:16:00.936+0300][63.494s][info ][gc] GC(2349) Pause Remark 414M->288M(512M) 0.615ms
[2020-08-01T12:16:00.983+0300][63.540s][info ][gc] GC(2356) Pause Young (Normal) (G1 Evacuation Pause) 325M->327M(512M) 11.112ms
[2020-08-01T12:16:01.010+0300][63.568s][info ][gc] GC(2357) Pause Young (Normal) (G1 Evacuation Pause) 348M->348M(512M) 10.663ms
[2020-08-01T12:16:01.038+0300][63.595s][info ][gc] GC(2358) Pause Young (Normal) (G1 Evacuation Pause) 369M->371M(512M) 10.789ms
[2020-08-01T12:16:01.065+0300][63.623s][info ][gc] GC(2359) Pause Young (Normal) (G1 Evacuation Pause) 392M->393M(512M) 11.734ms
[2020-08-01T12:16:01.092+0300][63.650s][info ][gc] GC(2360) Pause Young (Normal) (G1 Evacuation Pause) 414M->416M(512M) 10.708ms
[2020-08-01T12:16:01.119+0300][63.677s][info ][gc] GC(2361) Pause Young (Normal) (G1 Evacuation Pause) 437M->438M(512M) 10.577ms
[2020-08-01T12:16:01.142+0300][63.700s][info ][gc] GC(2349) Pause Cleanup 440M->440M(512M) 0.113ms
[2020-08-01T12:16:01.143+0300][63.700s][info ][gc] GC(2349) Concurrent Cycle 362.017ms
[2020-08-01T12:16:01.154+0300][63.712s][info ][gc] GC(2362) Pause Young (Concurrent Start) (G1 Humongous Allocation) 440M->442M(512M) 3.422ms
[2020-08-01T12:16:01.154+0300][63.712s][info ][gc] GC(2363) Concurrent Cycle
[2020-08-01T12:16:01.160+0300][63.718s][debug][gc] GC(2363) Reclaimed 429 empty regions
[2020-08-01T12:16:01.160+0300][63.718s][info ][gc] GC(2363) Pause Remark 467M->38M(512M) 0.726ms
[2020-08-01T12:16:01.178+0300][63.736s][info ][gc] GC(2364) Pause Young (Normal) (G1 Evacuation Pause) 56M->55M(512M) 10.002ms
[2020-08-01T12:16:01.182+0300][63.740s][info ][gc] GC(2363) Pause Cleanup 55M->55M(512M) 0.059ms
[2020-08-01T12:16:01.183+0300][63.741s][info ][gc] GC(2363) Concurrent Cycle 28.789ms
[2020-08-01T12:16:01.202+0300][63.760s][info ][gc] GC(2365) Pause Young (Normal) (G1 Evacuation Pause) 76M->77M(512M) 11.026ms
[2020-08-01T12:16:01.221+0300][63.779s][info ][gc] GC(2366) Pause Young (Normal) (G1 Evacuation Pause) 98M->99M(512M) 10.736ms
[2020-08-01T12:16:01.240+0300][63.798s][info ][gc] GC(2367) Pause Young (Normal) (G1 Evacuation Pause) 120M->121M(512M) 10.376ms
[2020-08-01T12:16:01.258+0300][63.816s][info ][gc] GC(2368) Pause Young (Normal) (G1 Evacuation Pause) 142M->144M(512M) 10.193ms
[2020-08-01T12:16:01.295+0300][63.853s][info ][gc] GC(2369) Pause Young (Normal) (G1 Evacuation Pause) 185M->186M(512M) 10.354ms
[2020-08-01T12:16:01.314+0300][63.872s][info ][gc] GC(2370) Pause Young (Normal) (G1 Evacuation Pause) 207M->208M(512M) 10.875ms
[2020-08-01T12:16:01.334+0300][63.892s][info ][gc] GC(2371) Pause Young (Normal) (G1 Evacuation Pause) 229M->231M(512M) 11.444ms
[2020-08-01T12:16:01.353+0300][63.911s][info ][gc] GC(2372) Pause Young (Normal) (G1 Evacuation Pause) 252M->253M(512M) 10.625ms
[2020-08-01T12:16:01.372+0300][63.930s][info ][gc] GC(2373) Pause Young (Concurrent Start) (G1 Evacuation Pause) 274M->275M(512M) 10.639ms
[2020-08-01T12:16:01.372+0300][63.930s][info ][gc] GC(2374) Concurrent Cycle
[2020-08-01T12:16:01.416+0300][63.973s][info ][gc] GC(2375) Pause Young (Normal) (G1 Evacuation Pause) 316M->318M(512M) 10.307ms
[2020-08-01T12:16:01.435+0300][63.993s][info ][gc] GC(2376) Pause Young (Normal) (G1 Evacuation Pause) 339M->340M(512M) 10.590ms
[2020-08-01T12:16:01.459+0300][64.016s][info ][gc] GC(2377) Pause Young (Normal) (G1 Evacuation Pause) 361M->362M(512M) 12.956ms
[2020-08-01T12:16:01.481+0300][64.039s][info ][gc] GC(2378) Pause Young (Normal) (G1 Evacuation Pause) 383M->385M(512M) 13.499ms
[2020-08-01T12:16:01.505+0300][64.062s][info ][gc] GC(2379) Pause Young (Normal) (G1 Evacuation Pause) 406M->407M(512M) 14.127ms
[2020-08-01T12:16:01.526+0300][64.083s][info ][gc] GC(2380) Pause Young (Normal) (G1 Evacuation Pause) 428M->430M(512M) 12.064ms
[2020-08-01T12:16:01.534+0300][64.092s][debug][gc] GC(2374) Reclaimed 139 empty regions
[2020-08-01T12:16:01.534+0300][64.092s][info ][gc] GC(2374) Pause Remark 437M->298M(512M) 0.752ms
[2020-08-01T12:16:01.561+0300][64.118s][info ][gc] GC(2381) Pause Young (Normal) (G1 Evacuation Pause) 332M->334M(512M) 11.732ms
[2020-08-01T12:16:01.592+0300][64.150s][info ][gc] GC(2382) Pause Young (Normal) (G1 Evacuation Pause) 355M->356M(512M) 12.985ms
[2020-08-01T12:16:01.623+0300][64.181s][info ][gc] GC(2383) Pause Young (Normal) (G1 Evacuation Pause) 377M->378M(512M) 11.943ms
[2020-08-01T12:16:01.653+0300][64.211s][info ][gc] GC(2384) Pause Young (Normal) (G1 Evacuation Pause) 399M->400M(512M) 12.195ms
[2020-08-01T12:16:01.680+0300][64.238s][info ][gc] GC(2385) Pause Young (Normal) (G1 Evacuation Pause) 421M->422M(512M) 10.487ms
[2020-08-01T12:16:01.725+0300][64.283s][info ][gc] GC(2386) Pause Young (Normal) (G1 Evacuation Pause) 463M->465M(512M) 12.895ms
[2020-08-01T12:16:01.752+0300][64.310s][info ][gc] GC(2387) To-space exhausted
[2020-08-01T12:16:01.752+0300][64.310s][info ][gc] GC(2387) Pause Young (Normal) (G1 Evacuation Pause) 486M->489M(512M) 11.360ms
[2020-08-01T12:16:01.768+0300][64.326s][info ][gc] GC(2374) Pause Cleanup 509M->509M(512M) 0.123ms
[2020-08-01T12:16:01.768+0300][64.326s][info ][gc] GC(2374) Concurrent Cycle 396.164ms
[2020-08-01T12:16:01.802+0300][64.359s][info ][gc] GC(2388) To-space exhausted
[2020-08-01T12:16:01.802+0300][64.359s][info ][gc] GC(2388) Pause Young (Normal) (G1 Evacuation Pause) 510M->511M(512M) 33.173ms
[2020-08-01T12:16:01.844+0300][64.401s][info ][gc] GC(2389) Pause Full (G1 Evacuation Pause) 511M->67M(512M) 41.873ms
[2020-08-01T12:16:01.865+0300][64.422s][info ][gc] GC(2390) Pause Young (Normal) (G1 Evacuation Pause) 93M->94M(512M) 10.469ms
[2020-08-01T12:16:01.886+0300][64.443s][info ][gc] GC(2391) Pause Young (Normal) (G1 Evacuation Pause) 118M->119M(512M) 11.369ms
[2020-08-01T12:16:01.944+0300][64.501s][info ][gc] GC(2392) Pause Young (Normal) (G1 Evacuation Pause) 160M->161M(512M) 24.066ms
[2020-08-01T12:16:01.969+0300][64.527s][info ][gc] GC(2393) Pause Young (Normal) (G1 Evacuation Pause) 182M->183M(512M) 14.052ms
[2020-08-01T12:16:01.989+0300][64.547s][info ][gc] GC(2394) Pause Young (Normal) (G1 Evacuation Pause) 204M->206M(512M) 11.919ms
[2020-08-01T12:16:02.010+0300][64.568s][info ][gc] GC(2395) Pause Young (Normal) (G1 Evacuation Pause) 227M->228M(512M) 12.256ms
[2020-08-01T12:16:02.030+0300][64.588s][info ][gc] GC(2396) Pause Young (Normal) (G1 Evacuation Pause) 249M->250M(512M) 11.514ms
[2020-08-01T12:16:02.051+0300][64.609s][info ][gc] GC(2397) Pause Young (Concurrent Start) (G1 Evacuation Pause) 271M->273M(512M) 12.510ms
[2020-08-01T12:16:02.051+0300][64.609s][info ][gc] GC(2398) Concurrent Cycle
[2020-08-01T12:16:02.086+0300][64.644s][info ][gc] GC(2399) Pause Young (Normal) (G1 Evacuation Pause) 314M->315M(512M) 12.178ms
[2020-08-01T12:16:02.104+0300][64.662s][info ][gc] GC(2400) Pause Young (Normal) (G1 Evacuation Pause) 336M->337M(512M) 10.126ms
[2020-08-01T12:16:02.124+0300][64.682s][info ][gc] GC(2401) Pause Young (Normal) (G1 Evacuation Pause) 358M->359M(512M) 10.931ms
[2020-08-01T12:16:02.143+0300][64.701s][info ][gc] GC(2402) Pause Young (Normal) (G1 Evacuation Pause) 380M->381M(512M) 10.515ms
[2020-08-01T12:16:02.163+0300][64.720s][info ][gc] GC(2403) Pause Young (Normal) (G1 Evacuation Pause) 402M->404M(512M) 10.436ms
[2020-08-01T12:16:02.196+0300][64.753s][info ][gc] GC(2404) Pause Young (Normal) (G1 Evacuation Pause) 445M->446M(512M) 10.499ms
[2020-08-01T12:16:02.215+0300][64.773s][info ][gc] GC(2405) Pause Young (Normal) (G1 Evacuation Pause) 467M->469M(512M) 10.922ms
[2020-08-01T12:16:02.223+0300][64.781s][debug][gc] GC(2398) Reclaimed 131 empty regions
[2020-08-01T12:16:02.223+0300][64.781s][info ][gc] GC(2398) Pause Remark 488M->360M(512M) 0.668ms
[2020-08-01T12:16:02.235+0300][64.793s][info ][gc] GC(2406) Pause Young (Normal) (G1 Evacuation Pause) 362M->363M(512M) 10.761ms
[2020-08-01T12:16:02.261+0300][64.819s][info ][gc] GC(2407) Pause Young (Normal) (G1 Evacuation Pause) 384M->385M(512M) 10.490ms
[2020-08-01T12:16:02.287+0300][64.845s][info ][gc] GC(2408) Pause Young (Normal) (G1 Evacuation Pause) 406M->407M(512M) 12.439ms
[2020-08-01T12:16:02.317+0300][64.875s][info ][gc] GC(2409) Pause Young (Normal) (G1 Evacuation Pause) 428M->430M(512M) 12.059ms
[2020-08-01T12:16:02.361+0300][64.919s][info ][gc] GC(2410) Pause Young (Normal) (G1 Evacuation Pause) 471M->472M(512M) 12.447ms
[2020-08-01T12:16:02.398+0300][64.955s][info ][gc] GC(2411) To-space exhausted
[2020-08-01T12:16:02.398+0300][64.956s][info ][gc] GC(2411) Pause Young (Normal) (G1 Evacuation Pause) 493M->500M(512M) 18.957ms
[2020-08-01T12:16:02.435+0300][64.992s][info ][gc] GC(2412) To-space exhausted
[2020-08-01T12:16:02.435+0300][64.993s][info ][gc] GC(2412) Pause Young (Normal) (G1 Evacuation Pause) 511M->511M(512M) 23.063ms
[2020-08-01T12:16:02.435+0300][64.993s][debug][gc] GC(2413) Clear Next Bitmap 0.262ms
[2020-08-01T12:16:02.477+0300][65.035s][info ][gc] GC(2413) Pause Full (G1 Evacuation Pause) 511M->68M(512M) 42.315ms
[2020-08-01T12:16:02.477+0300][65.035s][info ][gc] GC(2398) Concurrent Cycle 426.655ms
[2020-08-01T12:16:02.498+0300][65.056s][info ][gc] GC(2414) Pause Young (Normal) (G1 Evacuation Pause) 93M->93M(512M) 10.622ms
[2020-08-01T12:16:02.519+0300][65.077s][info ][gc] GC(2415) Pause Young (Normal) (G1 Evacuation Pause) 114M->115M(512M) 12.574ms
[2020-08-01T12:16:02.538+0300][65.096s][info ][gc] GC(2416) Pause Young (Normal) (G1 Evacuation Pause) 136M->137M(512M) 10.477ms
[2020-08-01T12:16:02.586+0300][65.144s][info ][gc] GC(2417) Pause Young (Normal) (G1 Evacuation Pause) 178M->179M(512M) 14.481ms
[2020-08-01T12:16:02.607+0300][65.165s][info ][gc] GC(2418) Pause Young (Normal) (G1 Evacuation Pause) 200M->202M(512M) 11.290ms
[2020-08-01T12:16:02.626+0300][65.184s][info ][gc] GC(2419) Pause Young (Normal) (G1 Evacuation Pause) 223M->224M(512M) 10.405ms
[2020-08-01T12:16:02.646+0300][65.204s][info ][gc] GC(2420) Pause Young (Normal) (G1 Evacuation Pause) 245M->247M(512M) 10.752ms
[2020-08-01T12:16:02.666+0300][65.224s][info ][gc] GC(2421) Pause Young (Concurrent Start) (G1 Evacuation Pause) 268M->269M(512M) 11.080ms
[2020-08-01T12:16:02.666+0300][65.224s][info ][gc] GC(2422) Concurrent Cycle
[2020-08-01T12:16:02.710+0300][65.268s][info ][gc] GC(2423) Pause Young (Normal) (G1 Evacuation Pause) 310M->311M(512M) 11.113ms
[2020-08-01T12:16:02.729+0300][65.287s][info ][gc] GC(2424) Pause Young (Normal) (G1 Evacuation Pause) 332M->334M(512M) 10.225ms
[2020-08-01T12:16:02.748+0300][65.306s][info ][gc] GC(2425) Pause Young (Normal) (G1 Evacuation Pause) 355M->357M(512M) 10.378ms
[2020-08-01T12:16:02.767+0300][65.325s][info ][gc] GC(2426) Pause Young (Normal) (G1 Evacuation Pause) 378M->379M(512M) 10.554ms
[2020-08-01T12:16:02.787+0300][65.344s][info ][gc] GC(2427) Pause Young (Normal) (G1 Evacuation Pause) 400M->402M(512M) 10.499ms
[2020-08-01T12:16:02.806+0300][65.363s][info ][gc] GC(2428) Pause Young (Normal) (G1 Evacuation Pause) 423M->424M(512M) 10.564ms
[2020-08-01T12:16:02.822+0300][65.380s][debug][gc] GC(2422) Reclaimed 130 empty regions
[2020-08-01T12:16:02.822+0300][65.380s][info ][gc] GC(2422) Pause Remark 450M->323M(512M) 0.733ms
[2020-08-01T12:16:02.841+0300][65.399s][info ][gc] GC(2429) Pause Young (Normal) (G1 Evacuation Pause) 338M->340M(512M) 12.848ms
[2020-08-01T12:16:02.869+0300][65.426s][info ][gc] GC(2430) Pause Young (Normal) (G1 Evacuation Pause) 361M->362M(512M) 10.629ms
[2020-08-01T12:16:02.892+0300][65.449s][info ][gc] GC(2431) Pause Young (Normal) (G1 Evacuation Pause) 383M->386M(512M) 10.802ms
[2020-08-01T12:16:02.919+0300][65.477s][info ][gc] GC(2432) Pause Young (Normal) (G1 Evacuation Pause) 407M->408M(512M) 10.667ms
[2020-08-01T12:16:02.947+0300][65.505s][info ][gc] GC(2433) Pause Young (Normal) (G1 Evacuation Pause) 429M->431M(512M) 10.683ms
[2020-08-01T12:16:02.990+0300][65.548s][info ][gc] GC(2434) Pause Young (Normal) (G1 Evacuation Pause) 472M->473M(512M) 11.251ms
[2020-08-01T12:16:03.026+0300][65.584s][info ][gc] GC(2435) To-space exhausted
[2020-08-01T12:16:03.026+0300][65.584s][info ][gc] GC(2435) Pause Young (Normal) (G1 Evacuation Pause) 494M->502M(512M) 18.968ms
[2020-08-01T12:16:03.058+0300][65.616s][info ][gc] GC(2436) To-space exhausted
[2020-08-01T12:16:03.058+0300][65.616s][info ][gc] GC(2436) Pause Young (Normal) (G1 Evacuation Pause) 511M->511M(512M) 19.610ms
[2020-08-01T12:16:03.058+0300][65.616s][debug][gc] GC(2437) Clear Next Bitmap 0.319ms
[2020-08-01T12:16:03.095+0300][65.653s][info ][gc] GC(2437) Pause Full (G1 Evacuation Pause) 511M->62M(512M) 37.414ms
[2020-08-01T12:16:03.096+0300][65.653s][info ][gc] GC(2422) Concurrent Cycle 429.320ms
[2020-08-01T12:16:03.116+0300][65.674s][info ][gc] GC(2438) Pause Young (Normal) (G1 Evacuation Pause) 87M->87M(512M) 10.499ms
[2020-08-01T12:16:03.136+0300][65.694s][info ][gc] GC(2439) Pause Young (Normal) (G1 Evacuation Pause) 110M->112M(512M) 11.326ms
[2020-08-01T12:16:03.156+0300][65.714s][info ][gc] GC(2440) Pause Young (Normal) (G1 Evacuation Pause) 133M->135M(512M) 11.367ms
[2020-08-01T12:16:03.215+0300][65.773s][info ][gc] GC(2441) Pause Young (Normal) (G1 Evacuation Pause) 176M->178M(512M) 21.965ms
[2020-08-01T12:16:03.238+0300][65.796s][info ][gc] GC(2442) Pause Young (Normal) (G1 Evacuation Pause) 199M->201M(512M) 11.400ms
[2020-08-01T12:16:03.257+0300][65.815s][info ][gc] GC(2443) Pause Young (Normal) (G1 Evacuation Pause) 222M->223M(512M) 10.394ms
[2020-08-01T12:16:03.276+0300][65.834s][info ][gc] GC(2444) Pause Young (Normal) (G1 Evacuation Pause) 244M->246M(512M) 10.461ms
[2020-08-01T12:16:03.295+0300][65.853s][info ][gc] GC(2445) Pause Young (Concurrent Start) (G1 Evacuation Pause) 267M->268M(512M) 10.455ms
[2020-08-01T12:16:03.295+0300][65.853s][info ][gc] GC(2446) Concurrent Cycle
[2020-08-01T12:16:03.342+0300][65.900s][info ][gc] GC(2447) Pause Young (Normal) (G1 Evacuation Pause) 309M->310M(512M) 10.675ms
[2020-08-01T12:16:03.361+0300][65.919s][info ][gc] GC(2448) Pause Young (Normal) (G1 Evacuation Pause) 331M->332M(512M) 10.434ms
[2020-08-01T12:16:03.381+0300][65.939s][info ][gc] GC(2449) Pause Young (Normal) (G1 Evacuation Pause) 353M->355M(512M) 11.083ms
[2020-08-01T12:16:03.400+0300][65.958s][info ][gc] GC(2450) Pause Young (Normal) (G1 Evacuation Pause) 376M->377M(512M) 9.857ms
[2020-08-01T12:16:03.420+0300][65.978s][info ][gc] GC(2451) Pause Young (Normal) (G1 Evacuation Pause) 398M->399M(512M) 10.608ms
[2020-08-01T12:16:03.443+0300][66.000s][info ][gc] GC(2452) Pause Young (Normal) (G1 Evacuation Pause) 420M->422M(512M) 13.611ms
[2020-08-01T12:16:03.454+0300][66.011s][debug][gc] GC(2446) Reclaimed 131 empty regions
[2020-08-01T12:16:03.454+0300][66.012s][info ][gc] GC(2446) Pause Remark 427M->299M(512M) 0.714ms
[2020-08-01T12:16:03.488+0300][66.046s][info ][gc] GC(2453) Pause Young (Normal) (G1 Evacuation Pause) 335M->335M(512M) 11.230ms
[2020-08-01T12:16:03.516+0300][66.074s][info ][gc] GC(2454) Pause Young (Normal) (G1 Evacuation Pause) 356M->358M(512M) 11.714ms
[2020-08-01T12:16:03.544+0300][66.101s][info ][gc] GC(2455) Pause Young (Normal) (G1 Evacuation Pause) 379M->381M(512M) 11.627ms
[2020-08-01T12:16:03.574+0300][66.132s][info ][gc] GC(2456) Pause Young (Normal) (G1 Evacuation Pause) 402M->403M(512M) 12.122ms
[2020-08-01T12:16:03.601+0300][66.159s][info ][gc] GC(2457) Pause Young (Normal) (G1 Evacuation Pause) 424M->426M(512M) 12.857ms
[2020-08-01T12:16:03.643+0300][66.201s][info ][gc] GC(2458) Pause Young (Normal) (G1 Evacuation Pause) 467M->468M(512M) 10.908ms
[2020-08-01T12:16:03.674+0300][66.232s][info ][gc] GC(2459) To-space exhausted
[2020-08-01T12:16:03.675+0300][66.232s][info ][gc] GC(2459) Pause Young (Normal) (G1 Evacuation Pause) 489M->496M(512M) 14.160ms
[2020-08-01T12:16:03.718+0300][66.275s][info ][gc] GC(2460) To-space exhausted
[2020-08-01T12:16:03.718+0300][66.276s][info ][gc] GC(2460) Pause Young (Normal) (G1 Evacuation Pause) 511M->511M(512M) 26.630ms
[2020-08-01T12:16:03.718+0300][66.276s][debug][gc] GC(2461) Clear Next Bitmap 0.255ms
[2020-08-01T12:16:03.762+0300][66.320s][info ][gc] GC(2461) Pause Full (G1 Evacuation Pause) 511M->64M(512M) 44.006ms
[2020-08-01T12:16:03.764+0300][66.322s][info ][gc] GC(2446) Concurrent Cycle 468.548ms
[2020-08-01T12:16:03.785+0300][66.343s][info ][gc] GC(2462) Pause Young (Normal) (G1 Evacuation Pause) 89M->89M(512M) 10.886ms
[2020-08-01T12:16:03.804+0300][66.361s][info ][gc] GC(2463) Pause Young (Normal) (G1 Evacuation Pause) 110M->111M(512M) 10.411ms
[2020-08-01T12:16:03.823+0300][66.380s][info ][gc] GC(2464) Pause Young (Normal) (G1 Evacuation Pause) 132M->133M(512M) 10.508ms
[2020-08-01T12:16:03.871+0300][66.428s][info ][gc] GC(2465) Pause Young (Normal) (G1 Evacuation Pause) 174M->175M(512M) 15.362ms
[2020-08-01T12:16:03.891+0300][66.449s][info ][gc] GC(2466) Pause Young (Normal) (G1 Evacuation Pause) 196M->198M(512M) 10.894ms
[2020-08-01T12:16:03.911+0300][66.468s][info ][gc] GC(2467) Pause Young (Normal) (G1 Evacuation Pause) 219M->221M(512M) 11.074ms
[2020-08-01T12:16:03.929+0300][66.487s][info ][gc] GC(2468) Pause Young (Normal) (G1 Evacuation Pause) 242M->243M(512M) 10.511ms
[2020-08-01T12:16:03.948+0300][66.506s][info ][gc] GC(2469) Pause Young (Concurrent Start) (G1 Evacuation Pause) 264M->265M(512M) 10.432ms
[2020-08-01T12:16:03.948+0300][66.506s][info ][gc] GC(2470) Concurrent Cycle
[2020-08-01T12:16:03.985+0300][66.542s][info ][gc] GC(2471) Pause Young (Normal) (G1 Evacuation Pause) 306M->307M(512M) 11.577ms
[2020-08-01T12:16:04.005+0300][66.562s][info ][gc] GC(2472) Pause Young (Normal) (G1 Evacuation Pause) 328M->330M(512M) 11.361ms
[2020-08-01T12:16:04.024+0300][66.582s][info ][gc] GC(2473) Pause Young (Normal) (G1 Evacuation Pause) 351M->352M(512M) 10.836ms
[2020-08-01T12:16:04.044+0300][66.602s][info ][gc] GC(2474) Pause Young (Normal) (G1 Evacuation Pause) 373M->375M(512M) 10.848ms
[2020-08-01T12:16:04.063+0300][66.621s][info ][gc] GC(2475) Pause Young (Normal) (G1 Evacuation Pause) 396M->397M(512M) 10.442ms
[2020-08-01T12:16:04.083+0300][66.641s][info ][gc] GC(2476) Pause Young (Normal) (G1 Evacuation Pause) 418M->420M(512M) 11.148ms
[2020-08-01T12:16:04.104+0300][66.662s][debug][gc] GC(2470) Reclaimed 130 empty regions
[2020-08-01T12:16:04.104+0300][66.662s][info ][gc] GC(2470) Pause Remark 458M->330M(512M) 0.668ms
[2020-08-01T12:16:04.117+0300][66.675s][info ][gc] GC(2477) Pause Young (Normal) (G1 Evacuation Pause) 333M->335M(512M) 11.407ms
[2020-08-01T12:16:04.144+0300][66.702s][info ][gc] GC(2478) Pause Young (Normal) (G1 Evacuation Pause) 356M->357M(512M) 10.840ms
[2020-08-01T12:16:04.173+0300][66.731s][info ][gc] GC(2479) Pause Young (Normal) (G1 Evacuation Pause) 378M->379M(512M) 10.488ms
[2020-08-01T12:16:04.201+0300][66.759s][info ][gc] GC(2480) Pause Young (Normal) (G1 Evacuation Pause) 400M->402M(512M) 11.750ms
[2020-08-01T12:16:04.229+0300][66.787s][info ][gc] GC(2481) Pause Young (Normal) (G1 Evacuation Pause) 423M->425M(512M) 10.981ms
[2020-08-01T12:16:04.270+0300][66.828s][info ][gc] GC(2482) Pause Young (Normal) (G1 Evacuation Pause) 466M->467M(512M) 11.503ms
[2020-08-01T12:16:04.302+0300][66.860s][info ][gc] GC(2483) To-space exhausted
[2020-08-01T12:16:04.302+0300][66.860s][info ][gc] GC(2483) Pause Young (Normal) (G1 Evacuation Pause) 488M->491M(512M) 12.801ms
[2020-08-01T12:16:04.352+0300][66.910s][info ][gc] GC(2484) To-space exhausted
[2020-08-01T12:16:04.352+0300][66.910s][info ][gc] GC(2484) Pause Young (Normal) (G1 Evacuation Pause) 511M->511M(512M) 33.500ms
[2020-08-01T12:16:04.353+0300][66.911s][debug][gc] GC(2485) Clear Next Bitmap 0.389ms
[2020-08-01T12:16:04.400+0300][66.958s][info ][gc] GC(2485) Pause Full (G1 Evacuation Pause) 511M->69M(512M) 47.612ms
[2020-08-01T12:16:04.400+0300][66.958s][info ][gc] GC(2470) Concurrent Cycle 451.696ms
[2020-08-01T12:16:04.421+0300][66.979s][info ][gc] GC(2486) Pause Young (Normal) (G1 Evacuation Pause) 94M->95M(512M) 10.841ms
[2020-08-01T12:16:04.443+0300][67.001s][info ][gc] GC(2487) Pause Young (Normal) (G1 Evacuation Pause) 118M->119M(512M) 12.551ms
[2020-08-01T12:16:04.478+0300][67.036s][info ][gc] GC(2488) Pause Young (Normal) (G1 Evacuation Pause) 160M->161M(512M) 12.086ms
[2020-08-01T12:16:04.497+0300][67.055s][info ][gc] GC(2489) Pause Young (Normal) (G1 Evacuation Pause) 182M->184M(512M) 10.526ms
[2020-08-01T12:16:04.516+0300][67.074s][info ][gc] GC(2490) Pause Young (Normal) (G1 Evacuation Pause) 205M->206M(512M) 10.815ms
[2020-08-01T12:16:04.535+0300][67.093s][info ][gc] GC(2491) Pause Young (Normal) (G1 Evacuation Pause) 227M->228M(512M) 10.446ms
[2020-08-01T12:16:04.554+0300][67.112s][info ][gc] GC(2492) Pause Young (Normal) (G1 Evacuation Pause) 249M->250M(512M) 10.430ms
[2020-08-01T12:16:04.573+0300][67.131s][info ][gc] GC(2493) Pause Young (Concurrent Start) (G1 Evacuation Pause) 271M->273M(512M) 10.677ms
[2020-08-01T12:16:04.573+0300][67.131s][info ][gc] GC(2494) Concurrent Cycle
[2020-08-01T12:16:04.606+0300][67.164s][info ][gc] GC(2495) Pause Young (Normal) (G1 Evacuation Pause) 314M->316M(512M) 10.708ms
[2020-08-01T12:16:04.625+0300][67.183s][info ][gc] GC(2496) Pause Young (Normal) (G1 Evacuation Pause) 337M->338M(512M) 10.488ms
[2020-08-01T12:16:04.645+0300][67.203s][info ][gc] GC(2497) Pause Young (Normal) (G1 Evacuation Pause) 359M->361M(512M) 10.585ms
[2020-08-01T12:16:04.667+0300][67.225s][info ][gc] GC(2498) Pause Young (Normal) (G1 Evacuation Pause) 382M->383M(512M) 13.165ms
[2020-08-01T12:16:04.687+0300][67.244s][info ][gc] GC(2499) Pause Young (Normal) (G1 Evacuation Pause) 404M->406M(512M) 10.544ms
[2020-08-01T12:16:04.727+0300][67.285s][info ][gc] GC(2500) Pause Young (Normal) (G1 Evacuation Pause) 447M->448M(512M) 11.274ms
[2020-08-01T12:16:04.747+0300][67.305s][info ][gc] GC(2501) Pause Young (Normal) (G1 Evacuation Pause) 469M->471M(512M) 11.339ms
[2020-08-01T12:16:04.749+0300][67.306s][debug][gc] GC(2494) Reclaimed 133 empty regions
[2020-08-01T12:16:04.749+0300][67.307s][info ][gc] GC(2494) Pause Remark 473M->341M(512M) 0.605ms
[2020-08-01T12:16:04.768+0300][67.325s][info ][gc] GC(2502) Pause Young (Normal) (G1 Evacuation Pause) 360M->361M(512M) 11.468ms
[2020-08-01T12:16:04.796+0300][67.354s][info ][gc] GC(2503) Pause Young (Normal) (G1 Evacuation Pause) 382M->384M(512M) 13.210ms
[2020-08-01T12:16:04.824+0300][67.382s][info ][gc] GC(2504) Pause Young (Normal) (G1 Evacuation Pause) 405M->406M(512M) 12.648ms
[2020-08-01T12:16:04.852+0300][67.410s][info ][gc] GC(2505) Pause Young (Normal) (G1 Evacuation Pause) 427M->428M(512M) 10.828ms
[2020-08-01T12:16:04.901+0300][67.459s][info ][gc] GC(2506) Pause Young (Normal) (G1 Evacuation Pause) 469M->470M(512M) 10.630ms
[2020-08-01T12:16:04.932+0300][67.490s][info ][gc] GC(2507) To-space exhausted
[2020-08-01T12:16:04.932+0300][67.490s][info ][gc] GC(2507) Pause Young (Normal) (G1 Evacuation Pause) 491M->498M(512M) 14.493ms
[2020-08-01T12:16:04.969+0300][67.527s][info ][gc] GC(2508) To-space exhausted
[2020-08-01T12:16:04.969+0300][67.527s][info ][gc] GC(2508) Pause Young (Normal) (G1 Evacuation Pause) 511M->511M(512M) 23.787ms
[2020-08-01T12:16:04.970+0300][67.527s][debug][gc] GC(2509) Clear Next Bitmap 0.319ms
[2020-08-01T12:16:05.011+0300][67.569s][info ][gc] GC(2509) Pause Full (G1 Evacuation Pause) 511M->69M(512M) 42.250ms
[2020-08-01T12:16:05.012+0300][67.569s][info ][gc] GC(2494) Concurrent Cycle 438.832ms
[2020-08-01T12:16:05.032+0300][67.590s][info ][gc] GC(2510) Pause Young (Normal) (G1 Evacuation Pause) 95M->95M(512M) 10.537ms
[2020-08-01T12:16:05.054+0300][67.612s][info ][gc] GC(2511) Pause Young (Normal) (G1 Evacuation Pause) 120M->122M(512M) 11.668ms
[2020-08-01T12:16:05.100+0300][67.657s][info ][gc] GC(2512) Pause Young (Normal) (G1 Evacuation Pause) 163M->165M(512M) 11.569ms
[2020-08-01T12:16:05.119+0300][67.676s][info ][gc] GC(2513) Pause Young (Normal) (G1 Evacuation Pause) 186M->187M(512M) 10.538ms
[2020-08-01T12:16:05.138+0300][67.695s][info ][gc] GC(2514) Pause Young (Normal) (G1 Evacuation Pause) 208M->210M(512M) 10.562ms
[2020-08-01T12:16:05.156+0300][67.714s][info ][gc] GC(2515) Pause Young (Normal) (G1 Evacuation Pause) 231M->232M(512M) 10.562ms
[2020-08-01T12:16:05.175+0300][67.733s][info ][gc] GC(2516) Pause Young (Concurrent Start) (G1 Evacuation Pause) 253M->255M(512M) 10.488ms
[2020-08-01T12:16:05.175+0300][67.733s][info ][gc] GC(2517) Concurrent Cycle
[2020-08-01T12:16:05.195+0300][67.753s][info ][gc] GC(2518) Pause Young (Normal) (G1 Evacuation Pause) 276M->277M(512M) 10.482ms
[2020-08-01T12:16:05.228+0300][67.785s][info ][gc] GC(2519) Pause Young (Normal) (G1 Evacuation Pause) 318M->319M(512M) 10.556ms
[2020-08-01T12:16:05.248+0300][67.806s][info ][gc] GC(2520) Pause Young (Normal) (G1 Evacuation Pause) 340M->342M(512M) 11.351ms
[2020-08-01T12:16:05.267+0300][67.825s][info ][gc] GC(2521) Pause Young (Normal) (G1 Evacuation Pause) 363M->365M(512M) 10.814ms
[2020-08-01T12:16:05.286+0300][67.844s][info ][gc] GC(2522) Pause Young (Normal) (G1 Evacuation Pause) 386M->387M(512M) 10.499ms
[2020-08-01T12:16:05.306+0300][67.863s][info ][gc] GC(2523) Pause Young (Normal) (G1 Evacuation Pause) 408M->409M(512M) 10.527ms
[2020-08-01T12:16:05.319+0300][67.877s][debug][gc] GC(2517) Reclaimed 126 empty regions
[2020-08-01T12:16:05.319+0300][67.877s][info ][gc] GC(2517) Pause Remark 424M->300M(512M) 0.646ms
[2020-08-01T12:16:05.351+0300][67.909s][info ][gc] GC(2524) Pause Young (Normal) (G1 Evacuation Pause) 326M->328M(512M) 10.789ms
[2020-08-01T12:16:05.379+0300][67.937s][info ][gc] GC(2525) Pause Young (Normal) (G1 Evacuation Pause) 349M->350M(512M) 10.658ms
[2020-08-01T12:16:05.406+0300][67.964s][info ][gc] GC(2526) Pause Young (Normal) (G1 Evacuation Pause) 371M->373M(512M) 10.620ms
[2020-08-01T12:16:05.433+0300][67.991s][info ][gc] GC(2527) Pause Young (Normal) (G1 Evacuation Pause) 394M->395M(512M) 10.807ms
[2020-08-01T12:16:05.460+0300][68.018s][info ][gc] GC(2528) Pause Young (Normal) (G1 Evacuation Pause) 416M->418M(512M) 10.485ms
[2020-08-01T12:16:05.488+0300][68.046s][info ][gc] GC(2529) Pause Young (Normal) (G1 Evacuation Pause) 439M->440M(512M) 12.075ms
[2020-08-01T12:16:05.523+0300][68.081s][info ][gc] GC(2517) Pause Cleanup 465M->465M(512M) 0.163ms
[2020-08-01T12:16:05.524+0300][68.082s][info ][gc] GC(2517) Concurrent Cycle 348.437ms
[2020-08-01T12:16:05.542+0300][68.100s][info ][gc] GC(2530) Pause Young (Normal) (G1 Evacuation Pause) 481M->482M(512M) 10.493ms
[2020-08-01T12:16:05.578+0300][68.136s][info ][gc] GC(2531) To-space exhausted
[2020-08-01T12:16:05.578+0300][68.136s][info ][gc] GC(2531) Pause Young (Concurrent Start) (G1 Evacuation Pause) 503M->509M(512M) 28.073ms
[2020-08-01T12:16:05.578+0300][68.136s][info ][gc] GC(2532) Concurrent Cycle
[2020-08-01T12:16:05.591+0300][68.149s][info ][gc] GC(2533) To-space exhausted
[2020-08-01T12:16:05.591+0300][68.149s][info ][gc] GC(2533) Pause Young (Normal) (G1 Evacuation Pause) 511M->511M(512M) 8.869ms
[2020-08-01T12:16:05.591+0300][68.149s][debug][gc] GC(2534) Clear Next Bitmap 0.383ms
[2020-08-01T12:16:05.628+0300][68.185s][info ][gc] GC(2534) Pause Full (G1 Evacuation Pause) 511M->61M(512M) 36.634ms
[2020-08-01T12:16:05.628+0300][68.186s][info ][gc] GC(2532) Concurrent Cycle 49.538ms
[2020-08-01T12:16:05.652+0300][68.210s][info ][gc] GC(2535) Pause Young (Normal) (G1 Evacuation Pause) 88M->88M(512M) 13.224ms
[2020-08-01T12:16:05.674+0300][68.232s][info ][gc] GC(2536) Pause Young (Normal) (G1 Evacuation Pause) 111M->112M(512M) 12.766ms
[2020-08-01T12:16:05.693+0300][68.251s][info ][gc] GC(2537) Pause Young (Normal) (G1 Evacuation Pause) 133M->135M(512M) 10.361ms
[2020-08-01T12:16:05.727+0300][68.285s][info ][gc] GC(2538) Pause Young (Normal) (G1 Evacuation Pause) 176M->177M(512M) 10.229ms
[2020-08-01T12:16:05.747+0300][68.304s][info ][gc] GC(2539) Pause Young (Normal) (G1 Evacuation Pause) 198M->199M(512M) 10.981ms
[2020-08-01T12:16:05.766+0300][68.324s][info ][gc] GC(2540) Pause Young (Normal) (G1 Evacuation Pause) 220M->221M(512M) 10.425ms
[2020-08-01T12:16:05.785+0300][68.343s][info ][gc] GC(2541) Pause Young (Normal) (G1 Evacuation Pause) 242M->244M(512M) 10.894ms
[2020-08-01T12:16:05.804+0300][68.361s][info ][gc] GC(2542) Pause Young (Concurrent Start) (G1 Evacuation Pause) 265M->266M(512M) 10.196ms
[2020-08-01T12:16:05.804+0300][68.362s][info ][gc] GC(2543) Concurrent Cycle
[2020-08-01T12:16:05.850+0300][68.408s][info ][gc] GC(2544) Pause Young (Normal) (G1 Evacuation Pause) 307M->309M(512M) 11.419ms
[2020-08-01T12:16:05.871+0300][68.429s][info ][gc] GC(2545) Pause Young (Normal) (G1 Evacuation Pause) 330M->331M(512M) 12.238ms
[2020-08-01T12:16:05.890+0300][68.448s][info ][gc] GC(2546) Pause Young (Normal) (G1 Evacuation Pause) 352M->354M(512M) 10.325ms
[2020-08-01T12:16:05.909+0300][68.467s][info ][gc] GC(2547) Pause Young (Normal) (G1 Evacuation Pause) 375M->376M(512M) 10.398ms
[2020-08-01T12:16:05.928+0300][68.486s][info ][gc] GC(2548) Pause Young (Normal) (G1 Evacuation Pause) 397M->399M(512M) 10.077ms
[2020-08-01T12:16:05.946+0300][68.504s][info ][gc] GC(2549) Pause Young (Normal) (G1 Evacuation Pause) 420M->422M(512M) 9.787ms
[2020-08-01T12:16:05.958+0300][68.515s][debug][gc] GC(2543) Reclaimed 126 empty regions
[2020-08-01T12:16:05.958+0300][68.516s][info ][gc] GC(2543) Pause Remark 425M->301M(512M) 0.602ms
[2020-08-01T12:16:05.993+0300][68.551s][info ][gc] GC(2550) Pause Young (Normal) (G1 Evacuation Pause) 339M->340M(512M) 11.220ms
[2020-08-01T12:16:06.021+0300][68.578s][info ][gc] GC(2551) Pause Young (Normal) (G1 Evacuation Pause) 361M->363M(512M) 12.116ms
[2020-08-01T12:16:06.046+0300][68.604s][info ][gc] GC(2552) Pause Young (Normal) (G1 Evacuation Pause) 384M->385M(512M) 10.349ms
[2020-08-01T12:16:06.073+0300][68.631s][info ][gc] GC(2553) Pause Young (Normal) (G1 Evacuation Pause) 406M->408M(512M) 11.290ms
[2020-08-01T12:16:06.100+0300][68.657s][info ][gc] GC(2554) Pause Young (Normal) (G1 Evacuation Pause) 429M->430M(512M) 10.719ms
[2020-08-01T12:16:06.143+0300][68.701s][info ][gc] GC(2555) Pause Young (Normal) (G1 Evacuation Pause) 471M->472M(512M) 10.514ms
[2020-08-01T12:16:06.175+0300][68.732s][info ][gc] GC(2556) To-space exhausted
[2020-08-01T12:16:06.175+0300][68.732s][info ][gc] GC(2556) Pause Young (Normal) (G1 Evacuation Pause) 493M->500M(512M) 16.595ms
[2020-08-01T12:16:06.209+0300][68.767s][info ][gc] GC(2557) To-space exhausted
[2020-08-01T12:16:06.209+0300][68.767s][info ][gc] GC(2557) Pause Young (Normal) (G1 Evacuation Pause) 511M->511M(512M) 22.660ms
[2020-08-01T12:16:06.210+0300][68.767s][debug][gc] GC(2558) Clear Next Bitmap 0.275ms
[2020-08-01T12:16:06.248+0300][68.806s][info ][gc] GC(2558) Pause Full (G1 Evacuation Pause) 511M->62M(512M) 38.633ms
[2020-08-01T12:16:06.248+0300][68.806s][info ][gc] GC(2543) Concurrent Cycle 444.373ms
[2020-08-01T12:16:06.271+0300][68.828s][info ][gc] GC(2559) Pause Young (Normal) (G1 Evacuation Pause) 88M->88M(512M) 12.255ms
[2020-08-01T12:16:06.293+0300][68.851s][info ][gc] GC(2560) Pause Young (Normal) (G1 Evacuation Pause) 113M->114M(512M) 12.217ms
[2020-08-01T12:16:06.312+0300][68.869s][info ][gc] GC(2561) Pause Young (Normal) (G1 Evacuation Pause) 135M->137M(512M) 10.286ms
[2020-08-01T12:16:06.393+0300][68.951s][info ][gc] GC(2562) Pause Young (Normal) (G1 Evacuation Pause) 178M->179M(512M) 23.389ms
[2020-08-01T12:16:06.419+0300][68.976s][info ][gc] GC(2563) Pause Young (Normal) (G1 Evacuation Pause) 200M->201M(512M) 13.581ms
[2020-08-01T12:16:06.437+0300][68.995s][info ][gc] GC(2564) Pause Young (Normal) (G1 Evacuation Pause) 222M->223M(512M) 10.342ms
[2020-08-01T12:16:06.457+0300][69.014s][info ][gc] GC(2565) Pause Young (Normal) (G1 Evacuation Pause) 244M->244M(512M) 10.807ms
[2020-08-01T12:16:06.480+0300][69.038s][info ][gc] GC(2566) Pause Young (Concurrent Start) (G1 Evacuation Pause) 265M->267M(512M) 14.272ms
[2020-08-01T12:16:06.480+0300][69.038s][info ][gc] GC(2567) Concurrent Cycle
[2020-08-01T12:16:06.519+0300][69.076s][info ][gc] GC(2568) Pause Young (Normal) (G1 Evacuation Pause) 309M->310M(512M) 10.957ms
[2020-08-01T12:16:06.538+0300][69.095s][info ][gc] GC(2569) Pause Young (Normal) (G1 Evacuation Pause) 331M->332M(512M) 10.443ms
[2020-08-01T12:16:06.557+0300][69.114s][info ][gc] GC(2570) Pause Young (Normal) (G1 Evacuation Pause) 353M->355M(512M) 10.344ms
[2020-08-01T12:16:06.576+0300][69.134s][info ][gc] GC(2571) Pause Young (Normal) (G1 Evacuation Pause) 377M->378M(512M) 10.260ms
[2020-08-01T12:16:06.596+0300][69.154s][info ][gc] GC(2572) Pause Young (Normal) (G1 Evacuation Pause) 400M->402M(512M) 10.584ms
[2020-08-01T12:16:06.623+0300][69.181s][debug][gc] GC(2567) Reclaimed 133 empty regions
[2020-08-01T12:16:06.623+0300][69.181s][info ][gc] GC(2567) Pause Remark 422M->292M(512M) 0.600ms
[2020-08-01T12:16:06.641+0300][69.199s][info ][gc] GC(2573) Pause Young (Normal) (G1 Evacuation Pause) 312M->314M(512M) 11.573ms
[2020-08-01T12:16:06.667+0300][69.225s][info ][gc] GC(2574) Pause Young (Normal) (G1 Evacuation Pause) 335M->337M(512M) 10.964ms
[2020-08-01T12:16:06.695+0300][69.252s][info ][gc] GC(2575) Pause Young (Normal) (G1 Evacuation Pause) 358M->359M(512M) 10.576ms
[2020-08-01T12:16:06.722+0300][69.280s][info ][gc] GC(2576) Pause Young (Normal) (G1 Evacuation Pause) 380M->382M(512M) 10.849ms
[2020-08-01T12:16:06.749+0300][69.307s][info ][gc] GC(2577) Pause Young (Normal) (G1 Evacuation Pause) 403M->404M(512M) 10.396ms
[2020-08-01T12:16:06.775+0300][69.333s][info ][gc] GC(2578) Pause Young (Normal) (G1 Evacuation Pause) 425M->427M(512M) 10.357ms
[2020-08-01T12:16:06.818+0300][69.376s][info ][gc] GC(2579) Pause Young (Normal) (G1 Evacuation Pause) 468M->469M(512M) 12.811ms
[2020-08-01T12:16:06.850+0300][69.408s][info ][gc] GC(2580) To-space exhausted
[2020-08-01T12:16:06.850+0300][69.408s][info ][gc] GC(2580) Pause Young (Normal) (G1 Evacuation Pause) 490M->498M(512M) 14.072ms
[2020-08-01T12:16:06.888+0300][69.446s][info ][gc] GC(2581) To-space exhausted
[2020-08-01T12:16:06.888+0300][69.446s][info ][gc] GC(2581) Pause Young (Normal) (G1 Evacuation Pause) 511M->511M(512M) 25.644ms
[2020-08-01T12:16:06.889+0300][69.447s][debug][gc] GC(2582) Clear Next Bitmap 0.243ms
[2020-08-01T12:16:06.932+0300][69.489s][info ][gc] GC(2582) Pause Full (G1 Evacuation Pause) 511M->67M(512M) 43.014ms
[2020-08-01T12:16:06.932+0300][69.490s][info ][gc] GC(2567) Concurrent Cycle 451.746ms
[2020-08-01T12:16:06.952+0300][69.510s][info ][gc] GC(2583) Pause Young (Normal) (G1 Evacuation Pause) 92M->93M(512M) 10.310ms
[2020-08-01T12:16:06.972+0300][69.529s][info ][gc] GC(2584) Pause Young (Normal) (G1 Evacuation Pause) 114M->115M(512M) 10.772ms
[2020-08-01T12:16:06.990+0300][69.548s][info ][gc] GC(2585) Pause Young (Normal) (G1 Evacuation Pause) 136M->138M(512M) 10.407ms
[2020-08-01T12:16:07.061+0300][69.618s][info ][gc] GC(2586) Pause Young (Normal) (G1 Evacuation Pause) 179M->180M(512M) 22.504ms
[2020-08-01T12:16:07.085+0300][69.643s][info ][gc] GC(2587) Pause Young (Normal) (G1 Evacuation Pause) 201M->203M(512M) 11.887ms
[2020-08-01T12:16:07.106+0300][69.663s][info ][gc] GC(2588) Pause Young (Normal) (G1 Evacuation Pause) 224M->225M(512M) 11.683ms
[2020-08-01T12:16:07.124+0300][69.682s][info ][gc] GC(2589) Pause Young (Normal) (G1 Evacuation Pause) 246M->247M(512M) 10.153ms
[2020-08-01T12:16:07.143+0300][69.701s][info ][gc] GC(2590) Pause Young (Concurrent Start) (G1 Evacuation Pause) 268M->270M(512M) 10.366ms
[2020-08-01T12:16:07.143+0300][69.701s][info ][gc] GC(2591) Concurrent Cycle
[2020-08-01T12:16:07.187+0300][69.745s][info ][gc] GC(2592) Pause Young (Normal) (G1 Evacuation Pause) 311M->312M(512M) 11.294ms
[2020-08-01T12:16:07.206+0300][69.764s][info ][gc] GC(2593) Pause Young (Normal) (G1 Evacuation Pause) 333M->335M(512M) 10.639ms
[2020-08-01T12:16:07.226+0300][69.784s][info ][gc] GC(2594) Pause Young (Normal) (G1 Evacuation Pause) 356M->357M(512M) 10.995ms
[2020-08-01T12:16:07.248+0300][69.805s][info ][gc] GC(2595) Pause Young (Normal) (G1 Evacuation Pause) 378M->380M(512M) 12.183ms
[2020-08-01T12:16:07.267+0300][69.825s][info ][gc] GC(2596) Pause Young (Normal) (G1 Evacuation Pause) 401M->402M(512M) 10.648ms
[2020-08-01T12:16:07.286+0300][69.844s][info ][gc] GC(2597) Pause Young (Normal) (G1 Evacuation Pause) 423M->424M(512M) 10.546ms
[2020-08-01T12:16:07.302+0300][69.860s][debug][gc] GC(2591) Reclaimed 133 empty regions
[2020-08-01T12:16:07.302+0300][69.860s][info ][gc] GC(2591) Pause Remark 425M->294M(512M) 0.649ms
[2020-08-01T12:16:07.330+0300][69.888s][info ][gc] GC(2598) Pause Young (Normal) (G1 Evacuation Pause) 334M->335M(512M) 11.299ms
[2020-08-01T12:16:07.356+0300][69.914s][info ][gc] GC(2599) Pause Young (Normal) (G1 Evacuation Pause) 356M->357M(512M) 10.665ms
[2020-08-01T12:16:07.385+0300][69.942s][info ][gc] GC(2600) Pause Young (Normal) (G1 Evacuation Pause) 378M->380M(512M) 12.078ms
[2020-08-01T12:16:07.412+0300][69.970s][info ][gc] GC(2601) Pause Young (Normal) (G1 Evacuation Pause) 401M->402M(512M) 12.181ms
[2020-08-01T12:16:07.441+0300][69.998s][info ][gc] GC(2602) Pause Young (Normal) (G1 Evacuation Pause) 423M->425M(512M) 12.238ms
[2020-08-01T12:16:07.485+0300][70.043s][info ][gc] GC(2603) Pause Young (Normal) (G1 Evacuation Pause) 466M->467M(512M) 11.558ms
[2020-08-01T12:16:07.518+0300][70.076s][info ][gc] GC(2604) To-space exhausted
[2020-08-01T12:16:07.518+0300][70.076s][info ][gc] GC(2604) Pause Young (Normal) (G1 Evacuation Pause) 488M->496M(512M) 13.897ms
[2020-08-01T12:16:07.556+0300][70.113s][info ][gc] GC(2605) To-space exhausted
[2020-08-01T12:16:07.556+0300][70.113s][info ][gc] GC(2605) Pause Young (Normal) (G1 Evacuation Pause) 511M->511M(512M) 26.627ms
[2020-08-01T12:16:07.556+0300][70.114s][debug][gc] GC(2606) Clear Next Bitmap 0.317ms
[2020-08-01T12:16:07.600+0300][70.158s][info ][gc] GC(2606) Pause Full (G1 Evacuation Pause) 511M->68M(512M) 44.439ms
[2020-08-01T12:16:07.600+0300][70.158s][info ][gc] GC(2591) Concurrent Cycle 457.290ms
[2020-08-01T12:16:07.622+0300][70.180s][info ][gc] GC(2607) Pause Young (Normal) (G1 Evacuation Pause) 93M->93M(512M) 11.050ms
[2020-08-01T12:16:07.641+0300][70.199s][info ][gc] GC(2608) Pause Young (Normal) (G1 Evacuation Pause) 114M->115M(512M) 10.686ms
[2020-08-01T12:16:07.661+0300][70.219s][info ][gc] GC(2609) Pause Young (Normal) (G1 Evacuation Pause) 136M->137M(512M) 10.644ms
[2020-08-01T12:16:07.704+0300][70.262s][info ][gc] GC(2610) Pause Young (Normal) (G1 Evacuation Pause) 178M->180M(512M) 11.552ms
[2020-08-01T12:16:07.724+0300][70.282s][info ][gc] GC(2611) Pause Young (Normal) (G1 Evacuation Pause) 201M->201M(512M) 11.052ms
[2020-08-01T12:16:07.743+0300][70.300s][info ][gc] GC(2612) Pause Young (Normal) (G1 Evacuation Pause) 222M->223M(512M) 10.287ms
[2020-08-01T12:16:07.762+0300][70.319s][info ][gc] GC(2613) Pause Young (Normal) (G1 Evacuation Pause) 244M->246M(512M) 10.592ms
[2020-08-01T12:16:07.780+0300][70.338s][info ][gc] GC(2614) Pause Young (Concurrent Start) (G1 Evacuation Pause) 267M->268M(512M) 10.338ms
[2020-08-01T12:16:07.780+0300][70.338s][info ][gc] GC(2615) Concurrent Cycle
[2020-08-01T12:16:07.827+0300][70.385s][info ][gc] GC(2616) Pause Young (Normal) (G1 Evacuation Pause) 309M->311M(512M) 14.547ms
[2020-08-01T12:16:07.847+0300][70.405s][info ][gc] GC(2617) Pause Young (Normal) (G1 Evacuation Pause) 332M->333M(512M) 10.722ms
[2020-08-01T12:16:07.867+0300][70.425s][info ][gc] GC(2618) Pause Young (Normal) (G1 Evacuation Pause) 354M->355M(512M) 11.303ms
[2020-08-01T12:16:07.888+0300][70.446s][info ][gc] GC(2619) Pause Young (Normal) (G1 Evacuation Pause) 376M->378M(512M) 11.961ms
[2020-08-01T12:16:07.908+0300][70.466s][info ][gc] GC(2620) Pause Young (Normal) (G1 Evacuation Pause) 399M->401M(512M) 11.146ms
[2020-08-01T12:16:07.927+0300][70.485s][info ][gc] GC(2621) Pause Young (Normal) (G1 Evacuation Pause) 422M->423M(512M) 10.216ms
[2020-08-01T12:16:07.943+0300][70.501s][debug][gc] GC(2615) Reclaimed 129 empty regions
[2020-08-01T12:16:07.943+0300][70.501s][info ][gc] GC(2615) Pause Remark 424M->299M(512M) 0.602ms
[2020-08-01T12:16:07.969+0300][70.527s][info ][gc] GC(2622) Pause Young (Normal) (G1 Evacuation Pause) 339M->340M(512M) 10.973ms
[2020-08-01T12:16:07.994+0300][70.551s][info ][gc] GC(2623) Pause Young (Normal) (G1 Evacuation Pause) 361M->362M(512M) 10.846ms
[2020-08-01T12:16:08.020+0300][70.578s][info ][gc] GC(2624) Pause Young (Normal) (G1 Evacuation Pause) 383M->385M(512M) 10.624ms
[2020-08-01T12:16:08.048+0300][70.606s][info ][gc] GC(2625) Pause Young (Normal) (G1 Evacuation Pause) 406M->407M(512M) 11.385ms
[2020-08-01T12:16:08.076+0300][70.634s][info ][gc] GC(2626) Pause Young (Normal) (G1 Evacuation Pause) 428M->429M(512M) 10.564ms
[2020-08-01T12:16:08.121+0300][70.679s][info ][gc] GC(2627) Pause Young (Normal) (G1 Evacuation Pause) 470M->472M(512M) 11.291ms
[2020-08-01T12:16:08.156+0300][70.713s][info ][gc] GC(2628) To-space exhausted
[2020-08-01T12:16:08.156+0300][70.713s][info ][gc] GC(2628) Pause Young (Normal) (G1 Evacuation Pause) 493M->498M(512M) 17.409ms
[2020-08-01T12:16:08.196+0300][70.753s][info ][gc] GC(2629) To-space exhausted
[2020-08-01T12:16:08.196+0300][70.754s][info ][gc] GC(2629) Pause Young (Normal) (G1 Evacuation Pause) 511M->511M(512M) 26.564ms
[2020-08-01T12:16:08.196+0300][70.754s][debug][gc] GC(2630) Clear Next Bitmap 0.296ms
[2020-08-01T12:16:08.240+0300][70.798s][info ][gc] GC(2630) Pause Full (G1 Evacuation Pause) 511M->66M(512M) 43.992ms
[2020-08-01T12:16:08.240+0300][70.798s][info ][gc] GC(2615) Concurrent Cycle 459.695ms
[2020-08-01T12:16:08.261+0300][70.819s][info ][gc] GC(2631) Pause Young (Normal) (G1 Evacuation Pause) 92M->92M(512M) 10.600ms
[2020-08-01T12:16:08.284+0300][70.841s][info ][gc] GC(2632) Pause Young (Normal) (G1 Evacuation Pause) 117M->119M(512M) 12.125ms
[2020-08-01T12:16:08.342+0300][70.900s][info ][gc] GC(2633) Pause Young (Normal) (G1 Evacuation Pause) 160M->161M(512M) 26.909ms
[2020-08-01T12:16:08.368+0300][70.925s][info ][gc] GC(2634) Pause Young (Normal) (G1 Evacuation Pause) 182M->183M(512M) 12.481ms
[2020-08-01T12:16:08.388+0300][70.945s][info ][gc] GC(2635) Pause Young (Normal) (G1 Evacuation Pause) 204M->206M(512M) 11.227ms
[2020-08-01T12:16:08.407+0300][70.965s][info ][gc] GC(2636) Pause Young (Normal) (G1 Evacuation Pause) 227M->228M(512M) 10.897ms
[2020-08-01T12:16:08.426+0300][70.984s][info ][gc] GC(2637) Pause Young (Normal) (G1 Evacuation Pause) 249M->251M(512M) 10.762ms
[2020-08-01T12:16:08.445+0300][71.003s][info ][gc] GC(2638) Pause Young (Concurrent Start) (G1 Evacuation Pause) 272M->274M(512M) 10.317ms
[2020-08-01T12:16:08.445+0300][71.003s][info ][gc] GC(2639) Concurrent Cycle
[2020-08-01T12:16:08.483+0300][71.040s][info ][gc] GC(2640) Pause Young (Normal) (G1 Evacuation Pause) 315M->316M(512M) 11.068ms
[2020-08-01T12:16:08.503+0300][71.061s][info ][gc] GC(2641) Pause Young (Normal) (G1 Evacuation Pause) 337M->339M(512M) 10.698ms
[2020-08-01T12:16:08.524+0300][71.082s][info ][gc] GC(2642) Pause Young (Normal) (G1 Evacuation Pause) 360M->362M(512M) 12.328ms
[2020-08-01T12:16:08.545+0300][71.103s][info ][gc] GC(2643) Pause Young (Normal) (G1 Evacuation Pause) 383M->384M(512M) 11.084ms
[2020-08-01T12:16:08.565+0300][71.122s][info ][gc] GC(2644) Pause Young (Normal) (G1 Evacuation Pause) 405M->406M(512M) 10.383ms
[2020-08-01T12:16:08.599+0300][71.157s][info ][gc] GC(2645) Pause Young (Normal) (G1 Evacuation Pause) 447M->448M(512M) 10.695ms
[2020-08-01T12:16:08.619+0300][71.177s][info ][gc] GC(2646) Pause Young (Normal) (G1 Evacuation Pause) 469M->471M(512M) 10.805ms
[2020-08-01T12:16:08.621+0300][71.179s][debug][gc] GC(2639) Reclaimed 132 empty regions
[2020-08-01T12:16:08.621+0300][71.179s][info ][gc] GC(2639) Pause Remark 475M->347M(512M) 0.682ms
[2020-08-01T12:16:08.640+0300][71.197s][info ][gc] GC(2647) Pause Young (Normal) (G1 Evacuation Pause) 363M->365M(512M) 11.471ms
[2020-08-01T12:16:08.669+0300][71.227s][info ][gc] GC(2648) Pause Young (Normal) (G1 Evacuation Pause) 386M->388M(512M) 11.931ms
[2020-08-01T12:16:08.696+0300][71.254s][info ][gc] GC(2649) Pause Young (Normal) (G1 Evacuation Pause) 409M->410M(512M) 12.027ms
[2020-08-01T12:16:08.724+0300][71.281s][info ][gc] GC(2650) Pause Young (Normal) (G1 Evacuation Pause) 431M->432M(512M) 11.131ms
[2020-08-01T12:16:08.768+0300][71.326s][info ][gc] GC(2651) Pause Young (Normal) (G1 Evacuation Pause) 473M->474M(512M) 11.831ms
[2020-08-01T12:16:08.805+0300][71.363s][info ][gc] GC(2652) To-space exhausted
[2020-08-01T12:16:08.805+0300][71.363s][info ][gc] GC(2652) Pause Young (Normal) (G1 Evacuation Pause) 495M->502M(512M) 19.687ms
[2020-08-01T12:16:08.838+0300][71.396s][info ][gc] GC(2653) To-space exhausted
[2020-08-01T12:16:08.838+0300][71.396s][info ][gc] GC(2653) Pause Young (Normal) (G1 Evacuation Pause) 511M->511M(512M) 20.878ms
[2020-08-01T12:16:08.839+0300][71.397s][debug][gc] GC(2654) Clear Next Bitmap 0.327ms
[2020-08-01T12:16:08.881+0300][71.438s][info ][gc] GC(2654) Pause Full (G1 Evacuation Pause) 511M->65M(512M) 42.214ms
[2020-08-01T12:16:08.881+0300][71.439s][info ][gc] GC(2639) Concurrent Cycle 435.864ms
[2020-08-01T12:16:08.901+0300][71.459s][info ][gc] GC(2655) Pause Young (Normal) (G1 Evacuation Pause) 90M->90M(512M) 10.479ms
[2020-08-01T12:16:08.922+0300][71.480s][info ][gc] GC(2656) Pause Young (Normal) (G1 Evacuation Pause) 111M->112M(512M) 12.187ms
[2020-08-01T12:16:08.941+0300][71.499s][info ][gc] GC(2657) Pause Young (Normal) (G1 Evacuation Pause) 133M->134M(512M) 10.720ms
[2020-08-01T12:16:09.002+0300][71.560s][info ][gc] GC(2658) Pause Young (Normal) (G1 Evacuation Pause) 175M->177M(512M) 20.073ms
[2020-08-01T12:16:09.025+0300][71.582s][info ][gc] GC(2659) Pause Young (Normal) (G1 Evacuation Pause) 198M->200M(512M) 11.060ms
[2020-08-01T12:16:09.046+0300][71.604s][info ][gc] GC(2660) Pause Young (Normal) (G1 Evacuation Pause) 221M->222M(512M) 13.485ms
[2020-08-01T12:16:09.069+0300][71.626s][info ][gc] GC(2661) Pause Young (Normal) (G1 Evacuation Pause) 243M->245M(512M) 11.681ms
[2020-08-01T12:16:09.088+0300][71.646s][info ][gc] GC(2662) Pause Young (Concurrent Start) (G1 Evacuation Pause) 266M->267M(512M) 10.678ms
[2020-08-01T12:16:09.088+0300][71.646s][info ][gc] GC(2663) Concurrent Cycle
[2020-08-01T12:16:09.123+0300][71.681s][info ][gc] GC(2664) Pause Young (Normal) (G1 Evacuation Pause) 308M->309M(512M) 12.445ms
[2020-08-01T12:16:09.144+0300][71.702s][info ][gc] GC(2665) Pause Young (Normal) (G1 Evacuation Pause) 330M->332M(512M) 10.769ms
[2020-08-01T12:16:09.164+0300][71.721s][info ][gc] GC(2666) Pause Young (Normal) (G1 Evacuation Pause) 353M->354M(512M) 10.696ms
[2020-08-01T12:16:09.187+0300][71.744s][info ][gc] GC(2667) Pause Young (Normal) (G1 Evacuation Pause) 375M->377M(512M) 13.629ms
[2020-08-01T12:16:09.210+0300][71.768s][info ][gc] GC(2668) Pause Young (Normal) (G1 Evacuation Pause) 398M->399M(512M) 14.000ms
[2020-08-01T12:16:09.232+0300][71.790s][info ][gc] GC(2669) Pause Young (Normal) (G1 Evacuation Pause) 420M->421M(512M) 12.567ms
[2020-08-01T12:16:09.254+0300][71.812s][debug][gc] GC(2663) Reclaimed 124 empty regions
[2020-08-01T12:16:09.254+0300][71.812s][info ][gc] GC(2663) Pause Remark 456M->333M(512M) 0.806ms
[2020-08-01T12:16:09.269+0300][71.827s][info ][gc] GC(2670) Pause Young (Normal) (G1 Evacuation Pause) 339M->341M(512M) 12.025ms
[2020-08-01T12:16:09.299+0300][71.857s][info ][gc] GC(2671) Pause Young (Normal) (G1 Evacuation Pause) 362M->363M(512M) 12.391ms
[2020-08-01T12:16:09.331+0300][71.889s][info ][gc] GC(2672) Pause Young (Normal) (G1 Evacuation Pause) 384M->385M(512M) 11.806ms
[2020-08-01T12:16:09.359+0300][71.916s][info ][gc] GC(2673) Pause Young (Normal) (G1 Evacuation Pause) 406M->408M(512M) 12.898ms
[2020-08-01T12:16:09.387+0300][71.944s][info ][gc] GC(2674) Pause Young (Normal) (G1 Evacuation Pause) 429M->431M(512M) 11.200ms
[2020-08-01T12:16:09.430+0300][71.987s][info ][gc] GC(2675) Pause Young (Normal) (G1 Evacuation Pause) 472M->473M(512M) 11.770ms
[2020-08-01T12:16:09.469+0300][72.026s][info ][gc] GC(2676) To-space exhausted
[2020-08-01T12:16:09.469+0300][72.027s][info ][gc] GC(2676) Pause Young (Normal) (G1 Evacuation Pause) 494M->502M(512M) 20.709ms
[2020-08-01T12:16:09.493+0300][72.051s][info ][gc] GC(2677) To-space exhausted
[2020-08-01T12:16:09.493+0300][72.051s][info ][gc] GC(2677) Pause Young (Normal) (G1 Evacuation Pause) 511M->511M(512M) 20.607ms
[2020-08-01T12:16:09.494+0300][72.051s][debug][gc] GC(2678) Clear Next Bitmap 0.315ms
[2020-08-01T12:16:09.531+0300][72.088s][info ][gc] GC(2678) Pause Full (G1 Evacuation Pause) 511M->59M(512M) 37.330ms
[2020-08-01T12:16:09.531+0300][72.089s][info ][gc] GC(2663) Concurrent Cycle 442.838ms
[2020-08-01T12:16:09.561+0300][72.119s][info ][gc] GC(2679) Pause Young (Normal) (G1 Evacuation Pause) 84M->84M(512M) 15.752ms
[2020-08-01T12:16:09.582+0300][72.140s][info ][gc] GC(2680) Pause Young (Normal) (G1 Evacuation Pause) 105M->107M(512M) 12.543ms
[2020-08-01T12:16:09.601+0300][72.159s][info ][gc] GC(2681) Pause Young (Normal) (G1 Evacuation Pause) 128M->129M(512M) 10.542ms
[2020-08-01T12:16:09.635+0300][72.193s][info ][gc] GC(2682) Pause Young (Normal) (G1 Evacuation Pause) 170M->171M(512M) 11.110ms
[2020-08-01T12:16:09.656+0300][72.214s][info ][gc] GC(2683) Pause Young (Normal) (G1 Evacuation Pause) 192M->194M(512M) 11.636ms
[2020-08-01T12:16:09.675+0300][72.233s][info ][gc] GC(2684) Pause Young (Normal) (G1 Evacuation Pause) 215M->216M(512M) 10.445ms
[2020-08-01T12:16:09.694+0300][72.252s][info ][gc] GC(2685) Pause Young (Normal) (G1 Evacuation Pause) 237M->239M(512M) 10.459ms
[2020-08-01T12:16:09.714+0300][72.272s][info ][gc] GC(2686) Pause Young (Concurrent Start) (G1 Evacuation Pause) 260M->261M(512M) 11.927ms
[2020-08-01T12:16:09.714+0300][72.272s][info ][gc] GC(2687) Concurrent Cycle
[2020-08-01T12:16:09.750+0300][72.308s][info ][gc] GC(2688) Pause Young (Normal) (G1 Evacuation Pause) 302M->303M(512M) 13.056ms
[2020-08-01T12:16:09.770+0300][72.328s][info ][gc] GC(2689) Pause Young (Normal) (G1 Evacuation Pause) 324M->326M(512M) 11.119ms
[2020-08-01T12:16:09.790+0300][72.348s][info ][gc] GC(2690) Pause Young (Normal) (G1 Evacuation Pause) 347M->348M(512M) 10.926ms
[2020-08-01T12:16:09.809+0300][72.367s][info ][gc] GC(2691) Pause Young (Normal) (G1 Evacuation Pause) 369M->371M(512M) 10.148ms
[2020-08-01T12:16:09.830+0300][72.388s][info ][gc] GC(2692) Pause Young (Normal) (G1 Evacuation Pause) 392M->394M(512M) 12.305ms
[2020-08-01T12:16:09.849+0300][72.407s][info ][gc] GC(2693) Pause Young (Normal) (G1 Evacuation Pause) 415M->417M(512M) 10.457ms
[2020-08-01T12:16:09.868+0300][72.426s][debug][gc] GC(2687) Reclaimed 121 empty regions
[2020-08-01T12:16:09.868+0300][72.426s][info ][gc] GC(2687) Pause Remark 447M->328M(512M) 0.688ms
[2020-08-01T12:16:09.884+0300][72.442s][info ][gc] GC(2694) Pause Young (Normal) (G1 Evacuation Pause) 339M->340M(512M) 11.825ms
[2020-08-01T12:16:09.915+0300][72.473s][info ][gc] GC(2695) Pause Young (Normal) (G1 Evacuation Pause) 361M->363M(512M) 11.405ms
[2020-08-01T12:16:09.946+0300][72.503s][info ][gc] GC(2696) Pause Young (Normal) (G1 Evacuation Pause) 384M->385M(512M) 12.160ms
[2020-08-01T12:16:09.975+0300][72.533s][info ][gc] GC(2697) Pause Young (Normal) (G1 Evacuation Pause) 406M->407M(512M) 12.833ms
[2020-08-01T12:16:10.005+0300][72.563s][info ][gc] GC(2698) Pause Young (Normal) (G1 Evacuation Pause) 428M->430M(512M) 12.797ms
[2020-08-01T12:16:10.053+0300][72.611s][info ][gc] GC(2699) Pause Young (Normal) (G1 Evacuation Pause) 471M->473M(512M) 12.414ms
[2020-08-01T12:16:10.090+0300][72.648s][info ][gc] GC(2700) To-space exhausted
[2020-08-01T12:16:10.090+0300][72.648s][info ][gc] GC(2700) Pause Young (Normal) (G1 Evacuation Pause) 494M->500M(512M) 18.095ms
[2020-08-01T12:16:10.126+0300][72.683s][info ][gc] GC(2701) To-space exhausted
[2020-08-01T12:16:10.126+0300][72.683s][info ][gc] GC(2701) Pause Young (Normal) (G1 Evacuation Pause) 511M->511M(512M) 22.644ms
[2020-08-01T12:16:10.126+0300][72.684s][debug][gc] GC(2702) Clear Next Bitmap 0.292ms
[2020-08-01T12:16:10.161+0300][72.718s][info ][gc] GC(2702) Pause Full (G1 Evacuation Pause) 511M->55M(512M) 34.910ms
[2020-08-01T12:16:10.161+0300][72.719s][info ][gc] GC(2687) Concurrent Cycle 446.496ms
[2020-08-01T12:16:10.181+0300][72.739s][info ][gc] GC(2703) Pause Young (Normal) (G1 Evacuation Pause) 80M->81M(512M) 10.707ms
[2020-08-01T12:16:10.203+0300][72.761s][info ][gc] GC(2704) Pause Young (Normal) (G1 Evacuation Pause) 104M->104M(512M) 12.427ms
[2020-08-01T12:16:10.225+0300][72.783s][info ][gc] GC(2705) Pause Young (Normal) (G1 Evacuation Pause) 125M->126M(512M) 13.511ms
[2020-08-01T12:16:10.258+0300][72.816s][info ][gc] GC(2706) Pause Young (Normal) (G1 Evacuation Pause) 167M->169M(512M) 11.000ms
[2020-08-01T12:16:10.277+0300][72.835s][info ][gc] GC(2707) Pause Young (Normal) (G1 Evacuation Pause) 190M->191M(512M) 10.386ms
[2020-08-01T12:16:10.296+0300][72.853s][info ][gc] GC(2708) Pause Young (Normal) (G1 Evacuation Pause) 212M->214M(512M) 10.390ms
[2020-08-01T12:16:10.314+0300][72.872s][info ][gc] GC(2709) Pause Young (Normal) (G1 Evacuation Pause) 235M->236M(512M) 10.271ms
[2020-08-01T12:16:10.334+0300][72.891s][info ][gc] GC(2710) Pause Young (Concurrent Start) (G1 Evacuation Pause) 257M->258M(512M) 10.677ms
[2020-08-01T12:16:10.334+0300][72.891s][info ][gc] GC(2711) Concurrent Cycle
[2020-08-01T12:16:10.353+0300][72.911s][info ][gc] GC(2712) Pause Young (Normal) (G1 Evacuation Pause) 279M->280M(512M) 10.984ms
[2020-08-01T12:16:10.387+0300][72.944s][info ][gc] GC(2713) Pause Young (Normal) (G1 Evacuation Pause) 321M->322M(512M) 10.853ms
[2020-08-01T12:16:10.406+0300][72.964s][info ][gc] GC(2714) Pause Young (Normal) (G1 Evacuation Pause) 343M->344M(512M) 10.514ms
[2020-08-01T12:16:10.426+0300][72.984s][info ][gc] GC(2715) Pause Young (Normal) (G1 Evacuation Pause) 365M->367M(512M) 10.679ms
[2020-08-01T12:16:10.446+0300][73.003s][info ][gc] GC(2716) Pause Young (Normal) (G1 Evacuation Pause) 388M->389M(512M) 10.817ms
[2020-08-01T12:16:10.465+0300][73.023s][info ][gc] GC(2717) Pause Young (Normal) (G1 Evacuation Pause) 410M->411M(512M) 11.185ms
[2020-08-01T12:16:10.483+0300][73.041s][debug][gc] GC(2711) Reclaimed 130 empty regions
[2020-08-01T12:16:10.483+0300][73.041s][info ][gc] GC(2711) Pause Remark 442M->315M(512M) 0.833ms
[2020-08-01T12:16:10.502+0300][73.060s][info ][gc] GC(2718) Pause Young (Normal) (G1 Evacuation Pause) 325M->327M(512M) 12.685ms
[2020-08-01T12:16:10.531+0300][73.088s][info ][gc] GC(2719) Pause Young (Normal) (G1 Evacuation Pause) 348M->349M(512M) 11.218ms
[2020-08-01T12:16:10.562+0300][73.120s][info ][gc] GC(2720) Pause Young (Normal) (G1 Evacuation Pause) 370M->371M(512M) 12.643ms
[2020-08-01T12:16:10.590+0300][73.148s][info ][gc] GC(2721) Pause Young (Normal) (G1 Evacuation Pause) 392M->394M(512M) 11.726ms
[2020-08-01T12:16:10.619+0300][73.176s][info ][gc] GC(2722) Pause Young (Normal) (G1 Evacuation Pause) 415M->416M(512M) 11.109ms
[2020-08-01T12:16:10.647+0300][73.205s][info ][gc] GC(2723) Pause Young (Normal) (G1 Evacuation Pause) 437M->439M(512M) 11.454ms
[2020-08-01T12:16:10.684+0300][73.242s][info ][gc] GC(2724) Pause Young (Normal) (G1 Evacuation Pause) 480M->481M(512M) 11.142ms
[2020-08-01T12:16:10.727+0300][73.285s][info ][gc] GC(2725) To-space exhausted
[2020-08-01T12:16:10.727+0300][73.285s][info ][gc] GC(2725) Pause Young (Normal) (G1 Evacuation Pause) 502M->509M(512M) 26.570ms
[2020-08-01T12:16:10.741+0300][73.299s][info ][gc] GC(2726) To-space exhausted
[2020-08-01T12:16:10.741+0300][73.299s][info ][gc] GC(2726) Pause Young (Normal) (G1 Evacuation Pause) 511M->511M(512M) 12.292ms
[2020-08-01T12:16:10.741+0300][73.299s][debug][gc] GC(2727) Clear Next Bitmap 0.308ms
[2020-08-01T12:16:10.784+0300][73.342s][info ][gc] GC(2727) Pause Full (G1 Evacuation Pause) 511M->65M(512M) 42.914ms
[2020-08-01T12:16:10.784+0300][73.342s][info ][gc] GC(2711) Concurrent Cycle 450.458ms
[2020-08-01T12:16:10.806+0300][73.364s][info ][gc] GC(2728) Pause Young (Normal) (G1 Evacuation Pause) 91M->91M(512M) 11.893ms
[2020-08-01T12:16:10.829+0300][73.387s][info ][gc] GC(2729) Pause Young (Normal) (G1 Evacuation Pause) 115M->117M(512M) 12.872ms
[2020-08-01T12:16:10.849+0300][73.407s][info ][gc] GC(2730) Pause Young (Normal) (G1 Evacuation Pause) 138M->139M(512M) 11.429ms
[2020-08-01T12:16:10.884+0300][73.442s][info ][gc] GC(2731) Pause Young (Normal) (G1 Evacuation Pause) 180M->182M(512M) 12.354ms
[2020-08-01T12:16:10.903+0300][73.461s][info ][gc] GC(2732) Pause Young (Normal) (G1 Evacuation Pause) 203M->205M(512M) 10.952ms
[2020-08-01T12:16:10.922+0300][73.480s][info ][gc] GC(2733) Pause Young (Normal) (G1 Evacuation Pause) 226M->228M(512M) 10.501ms
[2020-08-01T12:16:10.941+0300][73.499s][info ][gc] GC(2734) Pause Young (Normal) (G1 Evacuation Pause) 249M->250M(512M) 10.904ms
[2020-08-01T12:16:10.961+0300][73.519s][info ][gc] GC(2735) Pause Young (Concurrent Start) (G1 Evacuation Pause) 271M->273M(512M) 11.238ms
[2020-08-01T12:16:10.961+0300][73.519s][info ][gc] GC(2736) Concurrent Cycle
[2020-08-01T12:16:10.994+0300][73.552s][info ][gc] GC(2737) Pause Young (Normal) (G1 Evacuation Pause) 314M->315M(512M) 10.651ms
[2020-08-01T12:16:11.015+0300][73.573s][info ][gc] GC(2738) Pause Young (Normal) (G1 Evacuation Pause) 336M->338M(512M) 11.518ms
[2020-08-01T12:16:11.035+0300][73.593s][info ][gc] GC(2739) Pause Young (Normal) (G1 Evacuation Pause) 359M->360M(512M) 10.807ms
[2020-08-01T12:16:11.055+0300][73.613s][info ][gc] GC(2740) Pause Young (Normal) (G1 Evacuation Pause) 381M->382M(512M) 11.079ms
[2020-08-01T12:16:11.074+0300][73.632s][info ][gc] GC(2741) Pause Young (Normal) (G1 Evacuation Pause) 403M->404M(512M) 10.627ms
[2020-08-01T12:16:11.109+0300][73.667s][info ][gc] GC(2742) Pause Young (Normal) (G1 Evacuation Pause) 445M->447M(512M) 11.444ms
[2020-08-01T12:16:11.129+0300][73.687s][info ][gc] GC(2743) Pause Young (Normal) (G1 Evacuation Pause) 468M->469M(512M) 10.483ms
[2020-08-01T12:16:11.135+0300][73.693s][debug][gc] GC(2736) Reclaimed 134 empty regions
[2020-08-01T12:16:11.135+0300][73.693s][info ][gc] GC(2736) Pause Remark 482M->351M(512M) 0.948ms
[2020-08-01T12:16:11.150+0300][73.708s][info ][gc] GC(2744) Pause Young (Normal) (G1 Evacuation Pause) 359M->360M(512M) 11.404ms
[2020-08-01T12:16:11.177+0300][73.735s][info ][gc] GC(2745) Pause Young (Normal) (G1 Evacuation Pause) 381M->382M(512M) 10.882ms
[2020-08-01T12:16:11.205+0300][73.763s][info ][gc] GC(2746) Pause Young (Normal) (G1 Evacuation Pause) 403M->405M(512M) 10.882ms
[2020-08-01T12:16:11.234+0300][73.792s][info ][gc] GC(2747) Pause Young (Normal) (G1 Evacuation Pause) 426M->428M(512M) 11.528ms
[2020-08-01T12:16:11.277+0300][73.835s][info ][gc] GC(2748) Pause Young (Normal) (G1 Evacuation Pause) 469M->470M(512M) 10.899ms
[2020-08-01T12:16:11.310+0300][73.868s][info ][gc] GC(2749) To-space exhausted
[2020-08-01T12:16:11.310+0300][73.868s][info ][gc] GC(2749) Pause Young (Normal) (G1 Evacuation Pause) 491M->500M(512M) 17.132ms
[2020-08-01T12:16:11.343+0300][73.901s][info ][gc] GC(2750) To-space exhausted
[2020-08-01T12:16:11.343+0300][73.901s][info ][gc] GC(2750) Pause Young (Normal) (G1 Evacuation Pause) 511M->511M(512M) 20.584ms
[2020-08-01T12:16:11.343+0300][73.901s][debug][gc] GC(2751) Clear Next Bitmap 0.314ms
[2020-08-01T12:16:11.383+0300][73.941s][info ][gc] GC(2751) Pause Full (G1 Evacuation Pause) 511M->66M(512M) 40.166ms
[2020-08-01T12:16:11.383+0300][73.941s][info ][gc] GC(2736) Concurrent Cycle 422.326ms
[2020-08-01T12:16:11.406+0300][73.964s][info ][gc] GC(2752) Pause Young (Normal) (G1 Evacuation Pause) 92M->92M(512M) 12.264ms
[2020-08-01T12:16:11.429+0300][73.987s][info ][gc] GC(2753) Pause Young (Normal) (G1 Evacuation Pause) 116M->117M(512M) 13.712ms
[2020-08-01T12:16:11.464+0300][74.021s][info ][gc] GC(2754) Pause Young (Normal) (G1 Evacuation Pause) 158M->160M(512M) 11.277ms
[2020-08-01T12:16:11.486+0300][74.043s][info ][gc] GC(2755) Pause Young (Normal) (G1 Evacuation Pause) 181M->182M(512M) 13.591ms
[2020-08-01T12:16:11.507+0300][74.065s][info ][gc] GC(2756) Pause Young (Normal) (G1 Evacuation Pause) 203M->205M(512M) 12.709ms
[2020-08-01T12:16:11.527+0300][74.085s][info ][gc] GC(2757) Pause Young (Normal) (G1 Evacuation Pause) 226M->227M(512M) 10.819ms
[2020-08-01T12:16:11.547+0300][74.104s][info ][gc] GC(2758) Pause Young (Normal) (G1 Evacuation Pause) 248M->250M(512M) 10.940ms
[2020-08-01T12:16:11.566+0300][74.124s][info ][gc] GC(2759) Pause Young (Concurrent Start) (G1 Evacuation Pause) 271M->272M(512M) 11.005ms
[2020-08-01T12:16:11.566+0300][74.124s][info ][gc] GC(2760) Concurrent Cycle
[2020-08-01T12:16:11.603+0300][74.161s][info ][gc] GC(2761) Pause Young (Normal) (G1 Evacuation Pause) 313M->314M(512M) 12.900ms
[2020-08-01T12:16:11.623+0300][74.181s][info ][gc] GC(2762) Pause Young (Normal) (G1 Evacuation Pause) 335M->337M(512M) 10.724ms
[2020-08-01T12:16:11.643+0300][74.200s][info ][gc] GC(2763) Pause Young (Normal) (G1 Evacuation Pause) 358M->360M(512M) 10.653ms
[2020-08-01T12:16:11.664+0300][74.222s][info ][gc] GC(2764) Pause Young (Normal) (G1 Evacuation Pause) 381M->382M(512M) 11.804ms
[2020-08-01T12:16:11.685+0300][74.242s][info ][gc] GC(2765) Pause Young (Normal) (G1 Evacuation Pause) 403M->405M(512M) 11.194ms
[2020-08-01T12:16:11.724+0300][74.282s][info ][gc] GC(2766) Pause Young (Normal) (G1 Evacuation Pause) 446M->447M(512M) 13.861ms
[2020-08-01T12:16:11.744+0300][74.302s][info ][gc] GC(2767) Pause Young (Normal) (G1 Evacuation Pause) 468M->469M(512M) 10.669ms
[2020-08-01T12:16:11.746+0300][74.304s][debug][gc] GC(2760) Reclaimed 136 empty regions
[2020-08-01T12:16:11.746+0300][74.304s][info ][gc] GC(2760) Pause Remark 472M->340M(512M) 0.732ms
[2020-08-01T12:16:11.765+0300][74.322s][info ][gc] GC(2768) Pause Young (Normal) (G1 Evacuation Pause) 358M->360M(512M) 11.056ms
[2020-08-01T12:16:11.796+0300][74.354s][info ][gc] GC(2769) Pause Young (Normal) (G1 Evacuation Pause) 381M->382M(512M) 11.521ms
[2020-08-01T12:16:11.824+0300][74.381s][info ][gc] GC(2770) Pause Young (Normal) (G1 Evacuation Pause) 403M->405M(512M) 11.329ms
[2020-08-01T12:16:11.849+0300][74.407s][info ][gc] GC(2771) Pause Young (Normal) (G1 Evacuation Pause) 426M->427M(512M) 11.822ms
[2020-08-01T12:16:11.899+0300][74.456s][info ][gc] GC(2772) Pause Young (Normal) (G1 Evacuation Pause) 468M->470M(512M) 10.963ms
[2020-08-01T12:16:11.929+0300][74.487s][info ][gc] GC(2773) To-space exhausted
[2020-08-01T12:16:11.929+0300][74.487s][info ][gc] GC(2773) Pause Young (Normal) (G1 Evacuation Pause) 491M->496M(512M) 14.555ms
[2020-08-01T12:16:11.973+0300][74.530s][info ][gc] GC(2774) To-space exhausted
[2020-08-01T12:16:11.973+0300][74.530s][info ][gc] GC(2774) Pause Young (Normal) (G1 Evacuation Pause) 511M->511M(512M) 29.189ms
[2020-08-01T12:16:11.973+0300][74.531s][debug][gc] GC(2775) Clear Next Bitmap 0.242ms
[2020-08-01T12:16:12.016+0300][74.573s][info ][gc] GC(2775) Pause Full (G1 Evacuation Pause) 511M->70M(512M) 42.795ms
[2020-08-01T12:16:12.016+0300][74.574s][info ][gc] GC(2760) Concurrent Cycle 449.431ms
[2020-08-01T12:16:12.037+0300][74.594s][info ][gc] GC(2776) Pause Young (Normal) (G1 Evacuation Pause) 95M->95M(512M) 10.928ms
[2020-08-01T12:16:12.057+0300][74.615s][info ][gc] GC(2777) Pause Young (Normal) (G1 Evacuation Pause) 118M->120M(512M) 11.543ms
[2020-08-01T12:16:12.126+0300][74.684s][info ][gc] GC(2778) Pause Young (Normal) (G1 Evacuation Pause) 161M->162M(512M) 33.516ms
[2020-08-01T12:16:12.152+0300][74.710s][info ][gc] GC(2779) Pause Young (Normal) (G1 Evacuation Pause) 183M->185M(512M) 12.837ms
[2020-08-01T12:16:12.171+0300][74.729s][info ][gc] GC(2780) Pause Young (Normal) (G1 Evacuation Pause) 206M->208M(512M) 10.468ms
[2020-08-01T12:16:12.190+0300][74.748s][info ][gc] GC(2781) Pause Young (Normal) (G1 Evacuation Pause) 229M->231M(512M) 10.434ms
[2020-08-01T12:16:12.209+0300][74.767s][info ][gc] GC(2782) Pause Young (Normal) (G1 Evacuation Pause) 252M->253M(512M) 10.662ms
[2020-08-01T12:16:12.229+0300][74.786s][info ][gc] GC(2783) Pause Young (Concurrent Start) (G1 Evacuation Pause) 274M->275M(512M) 10.764ms
[2020-08-01T12:16:12.229+0300][74.787s][info ][gc] GC(2784) Concurrent Cycle
[2020-08-01T12:16:12.272+0300][74.830s][info ][gc] GC(2785) Pause Young (Normal) (G1 Evacuation Pause) 316M->318M(512M) 10.335ms
[2020-08-01T12:16:12.292+0300][74.849s][info ][gc] GC(2786) Pause Young (Normal) (G1 Evacuation Pause) 339M->340M(512M) 10.627ms
[2020-08-01T12:16:12.311+0300][74.869s][info ][gc] GC(2787) Pause Young (Normal) (G1 Evacuation Pause) 361M->362M(512M) 10.485ms
[2020-08-01T12:16:12.330+0300][74.888s][info ][gc] GC(2788) Pause Young (Normal) (G1 Evacuation Pause) 383M->385M(512M) 10.366ms
[2020-08-01T12:16:12.350+0300][74.907s][info ][gc] GC(2789) Pause Young (Normal) (G1 Evacuation Pause) 406M->407M(512M) 10.347ms
[2020-08-01T12:16:12.377+0300][74.935s][debug][gc] GC(2784) Reclaimed 126 empty regions
[2020-08-01T12:16:12.377+0300][74.935s][info ][gc] GC(2784) Pause Remark 425M->302M(512M) 0.621ms
[2020-08-01T12:16:12.393+0300][74.951s][info ][gc] GC(2790) Pause Young (Normal) (G1 Evacuation Pause) 325M->326M(512M) 10.803ms
[2020-08-01T12:16:12.423+0300][74.981s][info ][gc] GC(2791) Pause Young (Normal) (G1 Evacuation Pause) 347M->348M(512M) 10.655ms
[2020-08-01T12:16:12.445+0300][75.003s][info ][gc] GC(2792) Pause Young (Normal) (G1 Evacuation Pause) 369M->371M(512M) 12.815ms
[2020-08-01T12:16:12.478+0300][75.036s][info ][gc] GC(2793) Pause Young (Normal) (G1 Evacuation Pause) 392M->394M(512M) 13.127ms
[2020-08-01T12:16:12.511+0300][75.069s][info ][gc] GC(2794) Pause Young (Normal) (G1 Evacuation Pause) 415M->416M(512M) 13.621ms
[2020-08-01T12:16:12.547+0300][75.105s][info ][gc] GC(2795) Pause Young (Normal) (G1 Evacuation Pause) 437M->438M(512M) 13.277ms
[2020-08-01T12:16:12.603+0300][75.161s][info ][gc] GC(2796) Pause Young (Normal) (G1 Evacuation Pause) 479M->480M(512M) 12.906ms
[2020-08-01T12:16:12.618+0300][75.176s][info ][gc] GC(2784) Pause Cleanup 491M->491M(512M) 0.137ms
[2020-08-01T12:16:12.619+0300][75.177s][info ][gc] GC(2784) Concurrent Cycle 390.185ms
[2020-08-01T12:16:12.650+0300][75.208s][info ][gc] GC(2797) To-space exhausted
[2020-08-01T12:16:12.650+0300][75.208s][info ][gc] GC(2797) Pause Young (Normal) (G1 Evacuation Pause) 501M->510M(512M) 27.136ms
[2020-08-01T12:16:12.662+0300][75.219s][info ][gc] GC(2798) To-space exhausted
[2020-08-01T12:16:12.662+0300][75.219s][info ][gc] GC(2798) Pause Young (Concurrent Start) (G1 Evacuation Pause) 511M->511M(512M) 9.115ms
[2020-08-01T12:16:12.662+0300][75.219s][info ][gc] GC(2800) Concurrent Cycle
[2020-08-01T12:16:12.662+0300][75.220s][debug][gc] GC(2799) Clear Next Bitmap 0.354ms
[2020-08-01T12:16:12.702+0300][75.259s][info ][gc] GC(2799) Pause Full (G1 Evacuation Pause) 511M->57M(512M) 39.760ms
[2020-08-01T12:16:12.702+0300][75.260s][info ][gc] GC(2800) Concurrent Cycle 40.080ms
[2020-08-01T12:16:12.725+0300][75.283s][info ][gc] GC(2801) Pause Young (Normal) (G1 Evacuation Pause) 82M->83M(512M) 12.716ms
[2020-08-01T12:16:12.745+0300][75.303s][info ][gc] GC(2802) Pause Young (Normal) (G1 Evacuation Pause) 104M->105M(512M) 11.191ms
[2020-08-01T12:16:12.768+0300][75.325s][info ][gc] GC(2803) Pause Young (Normal) (G1 Evacuation Pause) 126M->127M(512M) 13.630ms
[2020-08-01T12:16:12.857+0300][75.415s][info ][gc] GC(2804) Pause Young (Normal) (G1 Evacuation Pause) 168M->170M(512M) 31.116ms
[2020-08-01T12:16:12.881+0300][75.439s][info ][gc] GC(2805) Pause Young (Normal) (G1 Evacuation Pause) 191M->192M(512M) 13.047ms
[2020-08-01T12:16:12.901+0300][75.459s][info ][gc] GC(2806) Pause Young (Normal) (G1 Evacuation Pause) 213M->214M(512M) 11.486ms
[2020-08-01T12:16:12.921+0300][75.479s][info ][gc] GC(2807) Pause Young (Normal) (G1 Evacuation Pause) 235M->236M(512M) 11.763ms
[2020-08-01T12:16:12.941+0300][75.499s][info ][gc] GC(2808) Pause Young (Concurrent Start) (G1 Evacuation Pause) 257M->259M(512M) 11.332ms
[2020-08-01T12:16:12.941+0300][75.499s][info ][gc] GC(2809) Concurrent Cycle
[2020-08-01T12:16:12.961+0300][75.519s][info ][gc] GC(2810) Pause Young (Normal) (G1 Evacuation Pause) 280M->281M(512M) 10.897ms
[2020-08-01T12:16:13.007+0300][75.565s][info ][gc] GC(2811) Pause Young (Normal) (G1 Evacuation Pause) 322M->324M(512M) 10.193ms
[2020-08-01T12:16:13.027+0300][75.584s][info ][gc] GC(2812) Pause Young (Normal) (G1 Evacuation Pause) 345M->346M(512M) 10.807ms
[2020-08-01T12:16:13.046+0300][75.604s][info ][gc] GC(2813) Pause Young (Normal) (G1 Evacuation Pause) 367M->369M(512M) 10.569ms
[2020-08-01T12:16:13.067+0300][75.624s][info ][gc] GC(2814) Pause Young (Normal) (G1 Evacuation Pause) 390M->391M(512M) 11.967ms
[2020-08-01T12:16:13.086+0300][75.644s][info ][gc] GC(2815) Pause Young (Normal) (G1 Evacuation Pause) 412M->413M(512M) 10.725ms
[2020-08-01T12:16:13.092+0300][75.650s][debug][gc] GC(2809) Reclaimed 129 empty regions
[2020-08-01T12:16:13.092+0300][75.650s][info ][gc] GC(2809) Pause Remark 424M->297M(512M) 0.632ms
[2020-08-01T12:16:13.127+0300][75.685s][info ][gc] GC(2816) Pause Young (Normal) (G1 Evacuation Pause) 327M->328M(512M) 11.370ms
[2020-08-01T12:16:13.154+0300][75.712s][info ][gc] GC(2817) Pause Young (Normal) (G1 Evacuation Pause) 349M->351M(512M) 11.789ms
[2020-08-01T12:16:13.181+0300][75.739s][info ][gc] GC(2818) Pause Young (Normal) (G1 Evacuation Pause) 372M->374M(512M) 10.604ms
[2020-08-01T12:16:13.207+0300][75.765s][info ][gc] GC(2819) Pause Young (Normal) (G1 Evacuation Pause) 395M->396M(512M) 10.996ms
[2020-08-01T12:16:13.238+0300][75.796s][info ][gc] GC(2820) Pause Young (Normal) (G1 Evacuation Pause) 417M->418M(512M) 13.073ms
[2020-08-01T12:16:13.296+0300][75.854s][info ][gc] GC(2821) Pause Young (Normal) (G1 Evacuation Pause) 459M->461M(512M) 11.704ms
[2020-08-01T12:16:13.307+0300][75.865s][info ][gc] GC(2809) Pause Cleanup 471M->471M(512M) 0.124ms
[2020-08-01T12:16:13.308+0300][75.865s][info ][gc] GC(2809) Concurrent Cycle 366.315ms
[2020-08-01T12:16:13.325+0300][75.883s][info ][gc] GC(2822) Pause Young (Normal) (G1 Evacuation Pause) 482M->482M(512M) 13.296ms
[2020-08-01T12:16:13.364+0300][75.922s][info ][gc] GC(2823) To-space exhausted
[2020-08-01T12:16:13.364+0300][75.922s][info ][gc] GC(2823) Pause Young (Concurrent Start) (G1 Evacuation Pause) 503M->510M(512M) 30.383ms
[2020-08-01T12:16:13.364+0300][75.922s][info ][gc] GC(2824) Concurrent Cycle
[2020-08-01T12:16:13.375+0300][75.933s][info ][gc] GC(2825) To-space exhausted
[2020-08-01T12:16:13.375+0300][75.933s][info ][gc] GC(2825) Pause Young (Normal) (G1 Evacuation Pause) 511M->511M(512M) 7.625ms
[2020-08-01T12:16:13.376+0300][75.933s][debug][gc] GC(2826) Clear Next Bitmap 0.354ms
[2020-08-01T12:16:13.416+0300][75.974s][info ][gc] GC(2826) Pause Full (G1 Evacuation Pause) 511M->65M(512M) 41.107ms
[2020-08-01T12:16:13.417+0300][75.974s][info ][gc] GC(2824) Concurrent Cycle 52.564ms
[2020-08-01T12:16:13.438+0300][75.996s][info ][gc] GC(2827) Pause Young (Normal) (G1 Evacuation Pause) 90M->90M(512M) 11.694ms
[2020-08-01T12:16:13.458+0300][76.016s][info ][gc] GC(2828) Pause Young (Normal) (G1 Evacuation Pause) 111M->112M(512M) 10.694ms
[2020-08-01T12:16:13.479+0300][76.037s][info ][gc] GC(2829) Pause Young (Normal) (G1 Evacuation Pause) 133M->135M(512M) 12.383ms
[2020-08-01T12:16:13.519+0300][76.077s][info ][gc] GC(2830) Pause Young (Normal) (G1 Evacuation Pause) 176M->177M(512M) 12.630ms
[2020-08-01T12:16:13.539+0300][76.097s][info ][gc] GC(2831) Pause Young (Normal) (G1 Evacuation Pause) 198M->199M(512M) 11.150ms
[2020-08-01T12:16:13.559+0300][76.117s][info ][gc] GC(2832) Pause Young (Normal) (G1 Evacuation Pause) 220M->221M(512M) 11.530ms
[2020-08-01T12:16:13.579+0300][76.137s][info ][gc] GC(2833) Pause Young (Normal) (G1 Evacuation Pause) 242M->243M(512M) 11.526ms
[2020-08-01T12:16:13.599+0300][76.157s][info ][gc] GC(2834) Pause Young (Concurrent Start) (G1 Evacuation Pause) 264M->266M(512M) 11.407ms
[2020-08-01T12:16:13.599+0300][76.157s][info ][gc] GC(2835) Concurrent Cycle
[2020-08-01T12:16:13.640+0300][76.197s][info ][gc] GC(2836) Pause Young (Normal) (G1 Evacuation Pause) 307M->308M(512M) 11.745ms
[2020-08-01T12:16:13.663+0300][76.220s][info ][gc] GC(2837) Pause Young (Normal) (G1 Evacuation Pause) 329M->330M(512M) 12.978ms
[2020-08-01T12:16:13.685+0300][76.243s][info ][gc] GC(2838) Pause Young (Normal) (G1 Evacuation Pause) 351M->353M(512M) 11.617ms
[2020-08-01T12:16:13.705+0300][76.263s][info ][gc] GC(2839) Pause Young (Normal) (G1 Evacuation Pause) 374M->375M(512M) 10.885ms
[2020-08-01T12:16:13.725+0300][76.282s][info ][gc] GC(2840) Pause Young (Normal) (G1 Evacuation Pause) 396M->398M(512M) 10.515ms
[2020-08-01T12:16:13.745+0300][76.303s][info ][gc] GC(2841) Pause Young (Normal) (G1 Evacuation Pause) 419M->420M(512M) 11.401ms
[2020-08-01T12:16:13.762+0300][76.319s][debug][gc] GC(2835) Reclaimed 133 empty regions
[2020-08-01T12:16:13.762+0300][76.319s][info ][gc] GC(2835) Pause Remark 444M->314M(512M) 1.013ms
[2020-08-01T12:16:13.783+0300][76.341s][info ][gc] GC(2842) Pause Young (Normal) (G1 Evacuation Pause) 331M->332M(512M) 12.093ms
[2020-08-01T12:16:13.810+0300][76.368s][info ][gc] GC(2843) Pause Young (Normal) (G1 Evacuation Pause) 353M->355M(512M) 10.630ms
[2020-08-01T12:16:13.839+0300][76.397s][info ][gc] GC(2844) Pause Young (Normal) (G1 Evacuation Pause) 376M->377M(512M) 12.328ms
[2020-08-01T12:16:13.868+0300][76.426s][info ][gc] GC(2845) Pause Young (Normal) (G1 Evacuation Pause) 398M->400M(512M) 11.531ms
[2020-08-01T12:16:13.898+0300][76.456s][info ][gc] GC(2846) Pause Young (Normal) (G1 Evacuation Pause) 421M->423M(512M) 11.074ms
[2020-08-01T12:16:13.933+0300][76.491s][info ][gc] GC(2847) Pause Young (Normal) (G1 Evacuation Pause) 464M->465M(512M) 11.117ms
[2020-08-01T12:16:13.960+0300][76.518s][info ][gc] GC(2848) To-space exhausted
[2020-08-01T12:16:13.960+0300][76.518s][info ][gc] GC(2848) Pause Young (Normal) (G1 Evacuation Pause) 486M->491M(512M) 11.973ms
[2020-08-01T12:16:14.013+0300][76.571s][info ][gc] GC(2849) To-space exhausted
[2020-08-01T12:16:14.013+0300][76.571s][info ][gc] GC(2849) Pause Young (Normal) (G1 Evacuation Pause) 511M->511M(512M) 35.869ms
[2020-08-01T12:16:14.014+0300][76.571s][debug][gc] GC(2850) Clear Next Bitmap 0.309ms
[2020-08-01T12:16:14.059+0300][76.617s][info ][gc] GC(2850) Pause Full (G1 Evacuation Pause) 511M->70M(512M) 45.964ms
[2020-08-01T12:16:14.059+0300][76.617s][info ][gc] GC(2835) Concurrent Cycle 460.079ms
[2020-08-01T12:16:14.081+0300][76.638s][info ][gc] GC(2851) Pause Young (Normal) (G1 Evacuation Pause) 95M->95M(512M) 10.734ms
[2020-08-01T12:16:14.101+0300][76.659s][info ][gc] GC(2852) Pause Young (Normal) (G1 Evacuation Pause) 117M->119M(512M) 11.863ms
[2020-08-01T12:16:14.175+0300][76.733s][info ][gc] GC(2853) Pause Young (Normal) (G1 Evacuation Pause) 160M->161M(512M) 32.432ms
[2020-08-01T12:16:14.200+0300][76.758s][info ][gc] GC(2854) Pause Young (Normal) (G1 Evacuation Pause) 182M->183M(512M) 12.606ms
[2020-08-01T12:16:14.220+0300][76.778s][info ][gc] GC(2855) Pause Young (Normal) (G1 Evacuation Pause) 204M->206M(512M) 11.475ms
[2020-08-01T12:16:14.240+0300][76.798s][info ][gc] GC(2856) Pause Young (Normal) (G1 Evacuation Pause) 227M->228M(512M) 11.646ms
[2020-08-01T12:16:14.260+0300][76.818s][info ][gc] GC(2857) Pause Young (Normal) (G1 Evacuation Pause) 249M->251M(512M) 11.416ms
[2020-08-01T12:16:14.279+0300][76.837s][info ][gc] GC(2858) Pause Young (Concurrent Start) (G1 Evacuation Pause) 272M->273M(512M) 10.944ms
[2020-08-01T12:16:14.279+0300][76.837s][info ][gc] GC(2859) Concurrent Cycle
[2020-08-01T12:16:14.322+0300][76.880s][info ][gc] GC(2860) Pause Young (Normal) (G1 Evacuation Pause) 314M->315M(512M) 11.312ms
[2020-08-01T12:16:14.342+0300][76.899s][info ][gc] GC(2861) Pause Young (Normal) (G1 Evacuation Pause) 336M->337M(512M) 10.577ms
[2020-08-01T12:16:14.361+0300][76.919s][info ][gc] GC(2862) Pause Young (Normal) (G1 Evacuation Pause) 358M->360M(512M) 10.463ms
[2020-08-01T12:16:14.381+0300][76.939s][info ][gc] GC(2863) Pause Young (Normal) (G1 Evacuation Pause) 381M->382M(512M) 11.457ms
[2020-08-01T12:16:14.402+0300][76.959s][info ][gc] GC(2864) Pause Young (Normal) (G1 Evacuation Pause) 403M->404M(512M) 11.200ms
[2020-08-01T12:16:14.432+0300][76.989s][debug][gc] GC(2859) Reclaimed 133 empty regions
[2020-08-01T12:16:14.432+0300][76.989s][info ][gc] GC(2859) Pause Remark 444M->314M(512M) 0.616ms
[2020-08-01T12:16:14.444+0300][77.002s][info ][gc] GC(2865) Pause Young (Normal) (G1 Evacuation Pause) 316M->317M(512M) 11.780ms
[2020-08-01T12:16:14.475+0300][77.033s][info ][gc] GC(2866) Pause Young (Normal) (G1 Evacuation Pause) 338M->339M(512M) 11.098ms
[2020-08-01T12:16:14.508+0300][77.065s][info ][gc] GC(2867) Pause Young (Normal) (G1 Evacuation Pause) 360M->362M(512M) 13.768ms
[2020-08-01T12:16:14.538+0300][77.096s][info ][gc] GC(2868) Pause Young (Normal) (G1 Evacuation Pause) 383M->384M(512M) 12.972ms
[2020-08-01T12:16:14.569+0300][77.127s][info ][gc] GC(2869) Pause Young (Normal) (G1 Evacuation Pause) 405M->407M(512M) 11.597ms
[2020-08-01T12:16:14.596+0300][77.153s][info ][gc] GC(2870) Pause Young (Normal) (G1 Evacuation Pause) 428M->429M(512M) 11.145ms
[2020-08-01T12:16:14.634+0300][77.192s][info ][gc] GC(2871) Pause Young (Normal) (G1 Evacuation Pause) 470M->471M(512M) 11.163ms
[2020-08-01T12:16:14.667+0300][77.225s][info ][gc] GC(2872) To-space exhausted
[2020-08-01T12:16:14.667+0300][77.225s][info ][gc] GC(2872) Pause Young (Normal) (G1 Evacuation Pause) 492M->498M(512M) 16.093ms
[2020-08-01T12:16:14.704+0300][77.262s][info ][gc] GC(2873) To-space exhausted
[2020-08-01T12:16:14.704+0300][77.262s][info ][gc] GC(2873) Pause Young (Normal) (G1 Evacuation Pause) 511M->511M(512M) 23.846ms
[2020-08-01T12:16:14.705+0300][77.263s][debug][gc] GC(2874) Clear Next Bitmap 0.346ms
[2020-08-01T12:16:14.750+0300][77.308s][info ][gc] GC(2874) Pause Full (G1 Evacuation Pause) 511M->69M(512M) 45.192ms
[2020-08-01T12:16:14.750+0300][77.308s][info ][gc] GC(2859) Concurrent Cycle 470.679ms
[2020-08-01T12:16:14.773+0300][77.330s][info ][gc] GC(2875) Pause Young (Normal) (G1 Evacuation Pause) 94M->94M(512M) 12.439ms
[2020-08-01T12:16:14.792+0300][77.349s][info ][gc] GC(2876) Pause Young (Normal) (G1 Evacuation Pause) 115M->117M(512M) 10.675ms
[2020-08-01T12:16:14.811+0300][77.369s][info ][gc] GC(2877) Pause Young (Normal) (G1 Evacuation Pause) 138M->139M(512M) 10.900ms
[2020-08-01T12:16:14.852+0300][77.410s][info ][gc] GC(2878) Pause Young (Normal) (G1 Evacuation Pause) 180M->182M(512M) 11.519ms
[2020-08-01T12:16:14.873+0300][77.431s][info ][gc] GC(2879) Pause Young (Normal) (G1 Evacuation Pause) 203M->204M(512M) 12.338ms
[2020-08-01T12:16:14.892+0300][77.450s][info ][gc] GC(2880) Pause Young (Normal) (G1 Evacuation Pause) 225M->227M(512M) 10.560ms
[2020-08-01T12:16:14.911+0300][77.469s][info ][gc] GC(2881) Pause Young (Normal) (G1 Evacuation Pause) 248M->249M(512M) 10.646ms
[2020-08-01T12:16:14.930+0300][77.488s][info ][gc] GC(2882) Pause Young (Concurrent Start) (G1 Evacuation Pause) 270M->271M(512M) 10.751ms
[2020-08-01T12:16:14.930+0300][77.488s][info ][gc] GC(2883) Concurrent Cycle
[2020-08-01T12:16:14.973+0300][77.531s][info ][gc] GC(2884) Pause Young (Normal) (G1 Evacuation Pause) 312M->314M(512M) 10.953ms
[2020-08-01T12:16:14.993+0300][77.551s][info ][gc] GC(2885) Pause Young (Normal) (G1 Evacuation Pause) 335M->336M(512M) 10.482ms
[2020-08-01T12:16:15.012+0300][77.570s][info ][gc] GC(2886) Pause Young (Normal) (G1 Evacuation Pause) 357M->359M(512M) 10.294ms
[2020-08-01T12:16:15.031+0300][77.589s][info ][gc] GC(2887) Pause Young (Normal) (G1 Evacuation Pause) 380M->381M(512M) 10.161ms
[2020-08-01T12:16:15.050+0300][77.608s][info ][gc] GC(2888) Pause Young (Normal) (G1 Evacuation Pause) 402M->403M(512M) 10.425ms
[2020-08-01T12:16:15.076+0300][77.634s][debug][gc] GC(2883) Reclaimed 133 empty regions
[2020-08-01T12:16:15.076+0300][77.634s][info ][gc] GC(2883) Pause Remark 423M->292M(512M) 0.627ms
[2020-08-01T12:16:15.095+0300][77.652s][info ][gc] GC(2889) Pause Young (Normal) (G1 Evacuation Pause) 312M->314M(512M) 11.394ms
[2020-08-01T12:16:15.121+0300][77.679s][info ][gc] GC(2890) Pause Young (Normal) (G1 Evacuation Pause) 335M->336M(512M) 11.151ms
[2020-08-01T12:16:15.148+0300][77.706s][info ][gc] GC(2891) Pause Young (Normal) (G1 Evacuation Pause) 357M->359M(512M) 10.587ms
[2020-08-01T12:16:15.173+0300][77.731s][info ][gc] GC(2892) Pause Young (Normal) (G1 Evacuation Pause) 380M->381M(512M) 9.948ms
[2020-08-01T12:16:15.200+0300][77.758s][info ][gc] GC(2893) Pause Young (Normal) (G1 Evacuation Pause) 402M->404M(512M) 11.204ms
[2020-08-01T12:16:15.227+0300][77.785s][info ][gc] GC(2894) Pause Young (Normal) (G1 Evacuation Pause) 425M->427M(512M) 11.825ms
[2020-08-01T12:16:15.272+0300][77.830s][info ][gc] GC(2895) Pause Young (Normal) (G1 Evacuation Pause) 468M->470M(512M) 11.597ms
[2020-08-01T12:16:15.304+0300][77.862s][info ][gc] GC(2896) To-space exhausted
[2020-08-01T12:16:15.304+0300][77.862s][info ][gc] GC(2896) Pause Young (Normal) (G1 Evacuation Pause) 491M->499M(512M) 16.241ms
[2020-08-01T12:16:15.339+0300][77.897s][info ][gc] GC(2897) To-space exhausted
[2020-08-01T12:16:15.339+0300][77.897s][info ][gc] GC(2897) Pause Young (Normal) (G1 Evacuation Pause) 511M->511M(512M) 22.947ms
[2020-08-01T12:16:15.340+0300][77.897s][debug][gc] GC(2898) Clear Next Bitmap 0.360ms
[2020-08-01T12:16:15.381+0300][77.939s][info ][gc] GC(2898) Pause Full (G1 Evacuation Pause) 511M->66M(512M) 42.091ms
[2020-08-01T12:16:15.382+0300][77.939s][info ][gc] GC(2883) Concurrent Cycle 451.151ms
[2020-08-01T12:16:15.404+0300][77.962s][info ][gc] GC(2899) Pause Young (Normal) (G1 Evacuation Pause) 91M->92M(512M) 12.253ms
[2020-08-01T12:16:15.424+0300][77.982s][info ][gc] GC(2900) Pause Young (Normal) (G1 Evacuation Pause) 115M->115M(512M) 11.095ms
[2020-08-01T12:16:15.444+0300][78.002s][info ][gc] GC(2901) Pause Young (Normal) (G1 Evacuation Pause) 136M->138M(512M) 10.593ms
[2020-08-01T12:16:15.524+0300][78.082s][info ][gc] GC(2902) Pause Young (Normal) (G1 Evacuation Pause) 179M->180M(512M) 18.777ms
[2020-08-01T12:16:15.547+0300][78.105s][info ][gc] GC(2903) Pause Young (Normal) (G1 Evacuation Pause) 201M->202M(512M) 12.582ms
[2020-08-01T12:16:15.567+0300][78.125s][info ][gc] GC(2904) Pause Young (Normal) (G1 Evacuation Pause) 223M->224M(512M) 11.489ms
[2020-08-01T12:16:15.587+0300][78.145s][info ][gc] GC(2905) Pause Young (Normal) (G1 Evacuation Pause) 245M->246M(512M) 11.663ms
[2020-08-01T12:16:15.606+0300][78.164s][info ][gc] GC(2906) Pause Young (Concurrent Start) (G1 Evacuation Pause) 267M->269M(512M) 10.723ms
[2020-08-01T12:16:15.606+0300][78.164s][info ][gc] GC(2907) Concurrent Cycle
[2020-08-01T12:16:15.646+0300][78.204s][info ][gc] GC(2908) Pause Young (Normal) (G1 Evacuation Pause) 310M->312M(512M) 10.779ms
[2020-08-01T12:16:15.667+0300][78.224s][info ][gc] GC(2909) Pause Young (Normal) (G1 Evacuation Pause) 333M->334M(512M) 11.290ms
[2020-08-01T12:16:15.687+0300][78.245s][info ][gc] GC(2910) Pause Young (Normal) (G1 Evacuation Pause) 355M->356M(512M) 11.574ms
[2020-08-01T12:16:15.706+0300][78.264s][info ][gc] GC(2911) Pause Young (Normal) (G1 Evacuation Pause) 377M->379M(512M) 10.287ms
[2020-08-01T12:16:15.725+0300][78.283s][info ][gc] GC(2912) Pause Young (Normal) (G1 Evacuation Pause) 400M->401M(512M) 10.232ms
[2020-08-01T12:16:15.744+0300][78.302s][info ][gc] GC(2913) Pause Young (Normal) (G1 Evacuation Pause) 422M->424M(512M) 10.391ms
[2020-08-01T12:16:15.764+0300][78.322s][debug][gc] GC(2907) Reclaimed 134 empty regions
[2020-08-01T12:16:15.764+0300][78.322s][info ][gc] GC(2907) Pause Remark 425M->294M(512M) 0.646ms
[2020-08-01T12:16:15.789+0300][78.347s][info ][gc] GC(2914) Pause Young (Normal) (G1 Evacuation Pause) 334M->335M(512M) 10.969ms
[2020-08-01T12:16:15.820+0300][78.377s][info ][gc] GC(2915) Pause Young (Normal) (G1 Evacuation Pause) 356M->358M(512M) 10.838ms
[2020-08-01T12:16:15.847+0300][78.405s][info ][gc] GC(2916) Pause Young (Normal) (G1 Evacuation Pause) 379M->380M(512M) 10.845ms
[2020-08-01T12:16:15.876+0300][78.434s][info ][gc] GC(2917) Pause Young (Normal) (G1 Evacuation Pause) 401M->403M(512M) 11.314ms
[2020-08-01T12:16:15.901+0300][78.459s][info ][gc] GC(2918) Pause Young (Normal) (G1 Evacuation Pause) 424M->425M(512M) 10.675ms
[2020-08-01T12:16:15.957+0300][78.515s][info ][gc] GC(2919) Pause Young (Normal) (G1 Evacuation Pause) 466M->467M(512M) 11.747ms
[2020-08-01T12:16:15.987+0300][78.545s][info ][gc] GC(2920) To-space exhausted
[2020-08-01T12:16:15.987+0300][78.545s][info ][gc] GC(2920) Pause Young (Normal) (G1 Evacuation Pause) 488M->495M(512M) 13.096ms
[2020-08-01T12:16:15.995+0300][78.552s][info ][gc] GC(2907) Pause Cleanup 496M->496M(512M) 0.123ms
[2020-08-01T12:16:15.995+0300][78.553s][info ][gc] GC(2907) Concurrent Cycle 388.849ms
[2020-08-01T12:16:16.030+0300][78.588s][info ][gc] GC(2921) To-space exhausted
[2020-08-01T12:16:16.030+0300][78.588s][info ][gc] GC(2921) Pause Young (Normal) (G1 Evacuation Pause) 511M->511M(512M) 28.136ms
[2020-08-01T12:16:16.076+0300][78.633s][info ][gc] GC(2922) Pause Full (G1 Evacuation Pause) 511M->69M(512M) 45.757ms
[2020-08-01T12:16:16.097+0300][78.654s][info ][gc] GC(2923) Pause Young (Normal) (G1 Evacuation Pause) 94M->95M(512M) 10.840ms
[2020-08-01T12:16:16.117+0300][78.675s][info ][gc] GC(2924) Pause Young (Normal) (G1 Evacuation Pause) 118M->119M(512M) 11.364ms
[2020-08-01T12:16:16.157+0300][78.714s][info ][gc] GC(2925) Pause Young (Normal) (G1 Evacuation Pause) 160M->161M(512M) 12.601ms
[2020-08-01T12:16:16.176+0300][78.734s][info ][gc] GC(2926) Pause Young (Normal) (G1 Evacuation Pause) 182M->184M(512M) 10.935ms
[2020-08-01T12:16:16.195+0300][78.753s][info ][gc] GC(2927) Pause Young (Normal) (G1 Evacuation Pause) 205M->206M(512M) 10.634ms
[2020-08-01T12:16:16.215+0300][78.772s][info ][gc] GC(2928) Pause Young (Normal) (G1 Evacuation Pause) 227M->228M(512M) 10.980ms
[2020-08-01T12:16:16.234+0300][78.792s][info ][gc] GC(2929) Pause Young (Normal) (G1 Evacuation Pause) 249M->250M(512M) 11.310ms
[2020-08-01T12:16:16.254+0300][78.812s][info ][gc] GC(2930) Pause Young (Concurrent Start) (G1 Evacuation Pause) 271M->273M(512M) 11.565ms
[2020-08-01T12:16:16.254+0300][78.812s][info ][gc] GC(2931) Concurrent Cycle
[2020-08-01T12:16:16.301+0300][78.858s][info ][gc] GC(2932) Pause Young (Normal) (G1 Evacuation Pause) 314M->315M(512M) 11.332ms
[2020-08-01T12:16:16.320+0300][78.878s][info ][gc] GC(2933) Pause Young (Normal) (G1 Evacuation Pause) 336M->338M(512M) 10.433ms
[2020-08-01T12:16:16.340+0300][78.897s][info ][gc] GC(2934) Pause Young (Normal) (G1 Evacuation Pause) 359M->360M(512M) 11.015ms
[2020-08-01T12:16:16.359+0300][78.917s][info ][gc] GC(2935) Pause Young (Normal) (G1 Evacuation Pause) 381M->383M(512M) 10.809ms
[2020-08-01T12:16:16.379+0300][78.936s][info ][gc] GC(2936) Pause Young (Normal) (G1 Evacuation Pause) 404M->405M(512M) 10.574ms
[2020-08-01T12:16:16.404+0300][78.962s][debug][gc] GC(2931) Reclaimed 134 empty regions
[2020-08-01T12:16:16.404+0300][78.962s][info ][gc] GC(2931) Pause Remark 423M->292M(512M) 0.613ms
[2020-08-01T12:16:16.421+0300][78.979s][info ][gc] GC(2937) Pause Young (Normal) (G1 Evacuation Pause) 315M->317M(512M) 10.626ms
[2020-08-01T12:16:16.448+0300][79.005s][info ][gc] GC(2938) Pause Young (Normal) (G1 Evacuation Pause) 338M->339M(512M) 11.207ms
[2020-08-01T12:16:16.469+0300][79.027s][info ][gc] GC(2939) Pause Young (Normal) (G1 Evacuation Pause) 360M->361M(512M) 12.981ms
[2020-08-01T12:16:16.506+0300][79.064s][info ][gc] GC(2940) Pause Young (Normal) (G1 Evacuation Pause) 382M->383M(512M) 14.278ms
[2020-08-01T12:16:16.533+0300][79.091s][info ][gc] GC(2941) Pause Young (Normal) (G1 Evacuation Pause) 404M->406M(512M) 11.732ms
[2020-08-01T12:16:16.564+0300][79.121s][info ][gc] GC(2942) Pause Young (Normal) (G1 Evacuation Pause) 427M->428M(512M) 10.674ms
[2020-08-01T12:16:16.614+0300][79.172s][info ][gc] GC(2943) Pause Young (Normal) (G1 Evacuation Pause) 469M->470M(512M) 10.930ms
[2020-08-01T12:16:16.646+0300][79.204s][info ][gc] GC(2944) To-space exhausted
[2020-08-01T12:16:16.646+0300][79.204s][info ][gc] GC(2944) Pause Young (Normal) (G1 Evacuation Pause) 491M->496M(512M) 15.428ms
[2020-08-01T12:16:16.652+0300][79.210s][info ][gc] GC(2931) Pause Cleanup 497M->497M(512M) 0.162ms
[2020-08-01T12:16:16.652+0300][79.210s][info ][gc] GC(2931) Concurrent Cycle 398.019ms
[2020-08-01T12:16:16.686+0300][79.243s][info ][gc] GC(2945) To-space exhausted
[2020-08-01T12:16:16.686+0300][79.243s][info ][gc] GC(2945) Pause Young (Normal) (G1 Evacuation Pause) 511M->511M(512M) 26.271ms
[2020-08-01T12:16:16.729+0300][79.287s][info ][gc] GC(2946) Pause Full (G1 Evacuation Pause) 511M->71M(512M) 43.073ms
[2020-08-01T12:16:16.753+0300][79.311s][info ][gc] GC(2947) Pause Young (Normal) (G1 Evacuation Pause) 99M->99M(512M) 12.598ms
[2020-08-01T12:16:16.774+0300][79.332s][info ][gc] GC(2948) Pause Young (Normal) (G1 Evacuation Pause) 123M->125M(512M) 11.562ms
[2020-08-01T12:16:16.816+0300][79.374s][info ][gc] GC(2949) Pause Young (Normal) (G1 Evacuation Pause) 166M->167M(512M) 13.422ms
[2020-08-01T12:16:16.838+0300][79.396s][info ][gc] GC(2950) Pause Young (Normal) (G1 Evacuation Pause) 188M->190M(512M) 13.799ms
[2020-08-01T12:16:16.859+0300][79.417s][info ][gc] GC(2951) Pause Young (Normal) (G1 Evacuation Pause) 211M->213M(512M) 12.340ms
[2020-08-01T12:16:16.879+0300][79.437s][info ][gc] GC(2952) Pause Young (Normal) (G1 Evacuation Pause) 234M->235M(512M) 11.683ms
[2020-08-01T12:16:16.900+0300][79.458s][info ][gc] GC(2953) Pause Young (Concurrent Start) (G1 Evacuation Pause) 256M->257M(512M) 11.851ms
[2020-08-01T12:16:16.900+0300][79.458s][info ][gc] GC(2954) Concurrent Cycle
[2020-08-01T12:16:16.921+0300][79.479s][info ][gc] GC(2955) Pause Young (Normal) (G1 Evacuation Pause) 278M->280M(512M) 11.833ms
[2020-08-01T12:16:16.961+0300][79.518s][info ][gc] GC(2956) Pause Young (Normal) (G1 Evacuation Pause) 321M->322M(512M) 12.536ms
[2020-08-01T12:16:16.983+0300][79.541s][info ][gc] GC(2957) Pause Young (Normal) (G1 Evacuation Pause) 343M->344M(512M) 11.989ms
[2020-08-01T12:16:17.003+0300][79.561s][info ][gc] GC(2958) Pause Young (Normal) (G1 Evacuation Pause) 365M->366M(512M) 11.357ms
[2020-08-01T12:16:17.025+0300][79.582s][info ][gc] GC(2959) Pause Young (Normal) (G1 Evacuation Pause) 387M->389M(512M) 12.779ms
[2020-08-01T12:16:17.046+0300][79.604s][info ][gc] GC(2960) Pause Young (Normal) (G1 Evacuation Pause) 410M->410M(512M) 11.856ms
[2020-08-01T12:16:17.057+0300][79.615s][debug][gc] GC(2954) Reclaimed 123 empty regions
[2020-08-01T12:16:17.057+0300][79.615s][info ][gc] GC(2954) Pause Remark 422M->301M(512M) 0.671ms
[2020-08-01T12:16:17.094+0300][79.652s][info ][gc] GC(2961) Pause Young (Normal) (G1 Evacuation Pause) 330M->332M(512M) 11.234ms
[2020-08-01T12:16:17.125+0300][79.683s][info ][gc] GC(2962) Pause Young (Normal) (G1 Evacuation Pause) 353M->354M(512M) 12.660ms
[2020-08-01T12:16:17.153+0300][79.711s][info ][gc] GC(2963) Pause Young (Normal) (G1 Evacuation Pause) 375M->377M(512M) 11.946ms
[2020-08-01T12:16:17.184+0300][79.742s][info ][gc] GC(2964) Pause Young (Normal) (G1 Evacuation Pause) 398M->399M(512M) 12.897ms
[2020-08-01T12:16:17.209+0300][79.767s][info ][gc] GC(2965) Pause Young (Normal) (G1 Evacuation Pause) 420M->421M(512M) 10.643ms
[2020-08-01T12:16:17.239+0300][79.797s][info ][gc] GC(2966) Pause Young (Normal) (G1 Evacuation Pause) 442M->444M(512M) 12.118ms
[2020-08-01T12:16:17.288+0300][79.845s][info ][gc] GC(2967) Pause Young (Normal) (G1 Evacuation Pause) 485M->486M(512M) 11.579ms
[2020-08-01T12:16:17.296+0300][79.854s][info ][gc] GC(2954) Pause Cleanup 489M->489M(512M) 0.182ms
[2020-08-01T12:16:17.298+0300][79.856s][info ][gc] GC(2954) Concurrent Cycle 398.076ms
[2020-08-01T12:16:17.338+0300][79.896s][info ][gc] GC(2968) To-space exhausted
[2020-08-01T12:16:17.338+0300][79.896s][info ][gc] GC(2968) Pause Young (Normal) (G1 Evacuation Pause) 507M->510M(512M) 33.628ms
[2020-08-01T12:16:17.346+0300][79.904s][info ][gc] GC(2969) To-space exhausted
[2020-08-01T12:16:17.347+0300][79.904s][info ][gc] GC(2969) Pause Young (Concurrent Start) (G1 Evacuation Pause) 511M->511M(512M) 5.548ms
[2020-08-01T12:16:17.347+0300][79.904s][info ][gc] GC(2971) Concurrent Cycle
[2020-08-01T12:16:17.347+0300][79.905s][debug][gc] GC(2970) Clear Next Bitmap 0.478ms
[2020-08-01T12:16:17.388+0300][79.946s][info ][gc] GC(2970) Pause Full (G1 Evacuation Pause) 511M->64M(512M) 41.577ms
[2020-08-01T12:16:17.389+0300][79.946s][info ][gc] GC(2971) Concurrent Cycle 41.921ms
[2020-08-01T12:16:17.413+0300][79.970s][info ][gc] GC(2972) Pause Young (Normal) (G1 Evacuation Pause) 94M->94M(512M) 12.250ms
[2020-08-01T12:16:17.436+0300][79.993s][info ][gc] GC(2973) Pause Young (Normal) (G1 Evacuation Pause) 119M->120M(512M) 12.890ms
[2020-08-01T12:16:17.520+0300][80.078s][info ][gc] GC(2974) Pause Young (Normal) (G1 Evacuation Pause) 161M->163M(512M) 37.642ms
[2020-08-01T12:16:17.548+0300][80.106s][info ][gc] GC(2975) Pause Young (Normal) (G1 Evacuation Pause) 184M->185M(512M) 14.823ms
[2020-08-01T12:16:17.573+0300][80.131s][info ][gc] GC(2976) Pause Young (Normal) (G1 Evacuation Pause) 206M->207M(512M) 16.181ms
[2020-08-01T12:16:17.593+0300][80.150s][info ][gc] GC(2977) Pause Young (Normal) (G1 Evacuation Pause) 228M->230M(512M) 10.959ms
[2020-08-01T12:16:17.614+0300][80.172s][info ][gc] GC(2978) Pause Young (Normal) (G1 Evacuation Pause) 251M->252M(512M) 12.141ms
[2020-08-01T12:16:17.636+0300][80.193s][info ][gc] GC(2979) Pause Young (Concurrent Start) (G1 Evacuation Pause) 273M->274M(512M) 12.558ms
[2020-08-01T12:16:17.636+0300][80.193s][info ][gc] GC(2980) Concurrent Cycle
[2020-08-01T12:16:17.676+0300][80.233s][info ][gc] GC(2981) Pause Young (Normal) (G1 Evacuation Pause) 315M->317M(512M) 12.386ms
[2020-08-01T12:16:17.696+0300][80.254s][info ][gc] GC(2982) Pause Young (Normal) (G1 Evacuation Pause) 338M->339M(512M) 11.194ms
[2020-08-01T12:16:17.717+0300][80.275s][info ][gc] GC(2983) Pause Young (Normal) (G1 Evacuation Pause) 360M->362M(512M) 11.519ms
[2020-08-01T12:16:17.738+0300][80.296s][info ][gc] GC(2984) Pause Young (Normal) (G1 Evacuation Pause) 383M->384M(512M) 11.894ms
[2020-08-01T12:16:17.760+0300][80.318s][info ][gc] GC(2985) Pause Young (Normal) (G1 Evacuation Pause) 405M->406M(512M) 13.385ms
[2020-08-01T12:16:17.797+0300][80.354s][debug][gc] GC(2980) Reclaimed 129 empty regions
[2020-08-01T12:16:17.797+0300][80.354s][info ][gc] GC(2980) Pause Remark 444M->317M(512M) 0.811ms
[2020-08-01T12:16:17.812+0300][80.370s][info ][gc] GC(2986) Pause Young (Normal) (G1 Evacuation Pause) 321M->322M(512M) 12.546ms
[2020-08-01T12:16:17.843+0300][80.401s][info ][gc] GC(2987) Pause Young (Normal) (G1 Evacuation Pause) 343M->344M(512M) 13.382ms
[2020-08-01T12:16:17.873+0300][80.431s][info ][gc] GC(2988) Pause Young (Normal) (G1 Evacuation Pause) 365M->366M(512M) 11.751ms
[2020-08-01T12:16:17.901+0300][80.459s][info ][gc] GC(2989) Pause Young (Normal) (G1 Evacuation Pause) 387M->388M(512M) 12.077ms
[2020-08-01T12:16:17.932+0300][80.490s][info ][gc] GC(2990) Pause Young (Normal) (G1 Evacuation Pause) 409M->410M(512M) 13.215ms
[2020-08-01T12:16:17.961+0300][80.519s][info ][gc] GC(2991) Pause Young (Normal) (G1 Evacuation Pause) 431M->432M(512M) 10.884ms
[2020-08-01T12:16:18.015+0300][80.573s][info ][gc] GC(2992) Pause Young (Normal) (G1 Evacuation Pause) 473M->474M(512M) 10.754ms
[2020-08-01T12:16:18.031+0300][80.589s][info ][gc] GC(2980) Pause Cleanup 489M->489M(512M) 0.152ms
[2020-08-01T12:16:18.031+0300][80.589s][info ][gc] GC(2980) Concurrent Cycle 395.819ms
[2020-08-01T12:16:18.053+0300][80.611s][info ][gc] GC(2993) To-space exhausted
[2020-08-01T12:16:18.053+0300][80.611s][info ][gc] GC(2993) Pause Young (Normal) (G1 Evacuation Pause) 495M->504M(512M) 19.330ms
[2020-08-01T12:16:18.075+0300][80.633s][info ][gc] GC(2994) To-space exhausted
[2020-08-01T12:16:18.075+0300][80.633s][info ][gc] GC(2994) Pause Young (Concurrent Start) (G1 Evacuation Pause) 511M->511M(512M) 18.787ms
[2020-08-01T12:16:18.075+0300][80.633s][info ][gc] GC(2996) Concurrent Cycle
[2020-08-01T12:16:18.075+0300][80.633s][debug][gc] GC(2995) Clear Next Bitmap 0.355ms
[2020-08-01T12:16:18.116+0300][80.674s][info ][gc] GC(2995) Pause Full (G1 Evacuation Pause) 511M->65M(512M) 41.281ms
[2020-08-01T12:16:18.117+0300][80.674s][info ][gc] GC(2996) Concurrent Cycle 41.622ms
[2020-08-01T12:16:18.138+0300][80.696s][info ][gc] GC(2997) Pause Young (Normal) (G1 Evacuation Pause) 90M->90M(512M) 11.313ms
[2020-08-01T12:16:18.157+0300][80.715s][info ][gc] GC(2998) Pause Young (Normal) (G1 Evacuation Pause) 111M->112M(512M) 11.204ms
[2020-08-01T12:16:18.177+0300][80.735s][info ][gc] GC(2999) Pause Young (Normal) (G1 Evacuation Pause) 133M->134M(512M) 10.718ms
[2020-08-01T12:16:18.216+0300][80.774s][info ][gc] GC(3000) Pause Young (Normal) (G1 Evacuation Pause) 175M->177M(512M) 10.857ms
[2020-08-01T12:16:18.236+0300][80.794s][info ][gc] GC(3001) Pause Young (Normal) (G1 Evacuation Pause) 198M->199M(512M) 11.477ms
[2020-08-01T12:16:18.255+0300][80.813s][info ][gc] GC(3002) Pause Young (Normal) (G1 Evacuation Pause) 220M->221M(512M) 10.785ms
[2020-08-01T12:16:18.274+0300][80.832s][info ][gc] GC(3003) Pause Young (Normal) (G1 Evacuation Pause) 242M->243M(512M) 10.559ms
[2020-08-01T12:16:18.295+0300][80.853s][info ][gc] GC(3004) Pause Young (Concurrent Start) (G1 Evacuation Pause) 264M->265M(512M) 12.168ms
[2020-08-01T12:16:18.295+0300][80.853s][info ][gc] GC(3005) Concurrent Cycle
[2020-08-01T12:16:18.337+0300][80.894s][info ][gc] GC(3006) Pause Young (Normal) (G1 Evacuation Pause) 306M->308M(512M) 11.021ms
[2020-08-01T12:16:18.356+0300][80.914s][info ][gc] GC(3007) Pause Young (Normal) (G1 Evacuation Pause) 329M->330M(512M) 10.471ms
[2020-08-01T12:16:18.375+0300][80.933s][info ][gc] GC(3008) Pause Young (Normal) (G1 Evacuation Pause) 351M->352M(512M) 10.643ms
[2020-08-01T12:16:18.395+0300][80.953s][info ][gc] GC(3009) Pause Young (Normal) (G1 Evacuation Pause) 373M->375M(512M) 11.106ms
[2020-08-01T12:16:18.417+0300][80.974s][info ][gc] GC(3010) Pause Young (Normal) (G1 Evacuation Pause) 396M->397M(512M) 12.101ms
[2020-08-01T12:16:18.438+0300][80.995s][info ][gc] GC(3011) Pause Young (Normal) (G1 Evacuation Pause) 418M->420M(512M) 11.315ms
[2020-08-01T12:16:18.453+0300][81.010s][debug][gc] GC(3005) Reclaimed 128 empty regions
[2020-08-01T12:16:18.453+0300][81.010s][info ][gc] GC(3005) Pause Remark 424M->298M(512M) 0.723ms
[2020-08-01T12:16:18.482+0300][81.039s][info ][gc] GC(3012) Pause Young (Normal) (G1 Evacuation Pause) 335M->336M(512M) 11.198ms
[2020-08-01T12:16:18.507+0300][81.065s][info ][gc] GC(3013) Pause Young (Normal) (G1 Evacuation Pause) 357M->358M(512M) 12.143ms
[2020-08-01T12:16:18.533+0300][81.091s][info ][gc] GC(3014) Pause Young (Normal) (G1 Evacuation Pause) 379M->380M(512M) 11.746ms
[2020-08-01T12:16:18.568+0300][81.125s][info ][gc] GC(3015) Pause Young (Normal) (G1 Evacuation Pause) 401M->401M(512M) 13.934ms
[2020-08-01T12:16:18.602+0300][81.160s][info ][gc] GC(3016) Pause Young (Normal) (G1 Evacuation Pause) 422M->424M(512M) 13.530ms
[2020-08-01T12:16:18.644+0300][81.202s][info ][gc] GC(3017) Pause Young (Normal) (G1 Evacuation Pause) 465M->466M(512M) 10.612ms
[2020-08-01T12:16:18.675+0300][81.233s][info ][gc] GC(3018) To-space exhausted
[2020-08-01T12:16:18.675+0300][81.233s][info ][gc] GC(3018) Pause Young (Normal) (G1 Evacuation Pause) 487M->493M(512M) 12.707ms
[2020-08-01T12:16:18.714+0300][81.271s][info ][gc] GC(3019) To-space exhausted
[2020-08-01T12:16:18.714+0300][81.272s][info ][gc] GC(3019) Pause Young (Normal) (G1 Evacuation Pause) 511M->511M(512M) 30.600ms
[2020-08-01T12:16:18.714+0300][81.272s][debug][gc] GC(3020) Clear Next Bitmap 0.309ms
[2020-08-01T12:16:18.755+0300][81.313s][info ][gc] GC(3020) Pause Full (G1 Evacuation Pause) 511M->67M(512M) 41.567ms
[2020-08-01T12:16:18.756+0300][81.313s][info ][gc] GC(3005) Concurrent Cycle 460.510ms
[2020-08-01T12:16:18.776+0300][81.334s][info ][gc] GC(3021) Pause Young (Normal) (G1 Evacuation Pause) 92M->93M(512M) 10.631ms
[2020-08-01T12:16:18.797+0300][81.354s][info ][gc] GC(3022) Pause Young (Normal) (G1 Evacuation Pause) 116M->118M(512M) 10.906ms
[2020-08-01T12:16:18.844+0300][81.402s][info ][gc] GC(3023) Pause Young (Normal) (G1 Evacuation Pause) 159M->160M(512M) 24.670ms
[2020-08-01T12:16:18.866+0300][81.424s][info ][gc] GC(3024) Pause Young (Normal) (G1 Evacuation Pause) 181M->182M(512M) 11.489ms
[2020-08-01T12:16:18.885+0300][81.443s][info ][gc] GC(3025) Pause Young (Normal) (G1 Evacuation Pause) 203M->205M(512M) 10.674ms
[2020-08-01T12:16:18.905+0300][81.463s][info ][gc] GC(3026) Pause Young (Normal) (G1 Evacuation Pause) 226M->227M(512M) 11.546ms
[2020-08-01T12:16:18.924+0300][81.482s][info ][gc] GC(3027) Pause Young (Normal) (G1 Evacuation Pause) 248M->250M(512M) 10.467ms
[2020-08-01T12:16:18.943+0300][81.501s][info ][gc] GC(3028) Pause Young (Concurrent Start) (G1 Evacuation Pause) 271M->272M(512M) 10.612ms
[2020-08-01T12:16:18.943+0300][81.501s][info ][gc] GC(3029) Concurrent Cycle
[2020-08-01T12:16:18.975+0300][81.533s][info ][gc] GC(3030) Pause Young (Normal) (G1 Evacuation Pause) 313M->314M(512M) 10.037ms
[2020-08-01T12:16:18.994+0300][81.552s][info ][gc] GC(3031) Pause Young (Normal) (G1 Evacuation Pause) 335M->337M(512M) 10.275ms
[2020-08-01T12:16:19.013+0300][81.571s][info ][gc] GC(3032) Pause Young (Normal) (G1 Evacuation Pause) 358M->359M(512M) 10.330ms
[2020-08-01T12:16:19.033+0300][81.590s][info ][gc] GC(3033) Pause Young (Normal) (G1 Evacuation Pause) 380M->381M(512M) 10.448ms
[2020-08-01T12:16:19.052+0300][81.610s][info ][gc] GC(3034) Pause Young (Normal) (G1 Evacuation Pause) 402M->403M(512M) 10.427ms
[2020-08-01T12:16:19.088+0300][81.646s][info ][gc] GC(3035) Pause Young (Normal) (G1 Evacuation Pause) 444M->446M(512M) 11.546ms
[2020-08-01T12:16:19.107+0300][81.665s][info ][gc] GC(3036) Pause Young (Normal) (G1 Evacuation Pause) 467M->469M(512M) 10.616ms
[2020-08-01T12:16:19.113+0300][81.671s][debug][gc] GC(3029) Reclaimed 132 empty regions
[2020-08-01T12:16:19.113+0300][81.671s][info ][gc] GC(3029) Pause Remark 481M->351M(512M) 0.838ms
[2020-08-01T12:16:19.129+0300][81.686s][info ][gc] GC(3037) Pause Young (Normal) (G1 Evacuation Pause) 360M->361M(512M) 11.556ms
[2020-08-01T12:16:19.155+0300][81.712s][info ][gc] GC(3038) Pause Young (Normal) (G1 Evacuation Pause) 382M->384M(512M) 10.456ms
[2020-08-01T12:16:19.183+0300][81.741s][info ][gc] GC(3039) Pause Young (Normal) (G1 Evacuation Pause) 405M->406M(512M) 11.832ms
[2020-08-01T12:16:19.210+0300][81.768s][info ][gc] GC(3040) Pause Young (Normal) (G1 Evacuation Pause) 427M->428M(512M) 11.171ms
[2020-08-01T12:16:19.254+0300][81.811s][info ][gc] GC(3041) Pause Young (Normal) (G1 Evacuation Pause) 469M->471M(512M) 10.598ms
[2020-08-01T12:16:19.289+0300][81.847s][info ][gc] GC(3042) To-space exhausted
[2020-08-01T12:16:19.289+0300][81.847s][info ][gc] GC(3042) Pause Young (Normal) (G1 Evacuation Pause) 492M->498M(512M) 16.616ms
[2020-08-01T12:16:19.327+0300][81.884s][info ][gc] GC(3043) To-space exhausted
[2020-08-01T12:16:19.327+0300][81.885s][info ][gc] GC(3043) Pause Young (Normal) (G1 Evacuation Pause) 511M->511M(512M) 24.076ms
[2020-08-01T12:16:19.327+0300][81.885s][debug][gc] GC(3044) Clear Next Bitmap 0.328ms
[2020-08-01T12:16:19.369+0300][81.927s][info ][gc] GC(3044) Pause Full (G1 Evacuation Pause) 511M->68M(512M) 41.913ms
[2020-08-01T12:16:19.369+0300][81.927s][info ][gc] GC(3029) Concurrent Cycle 425.527ms
[2020-08-01T12:16:19.390+0300][81.948s][info ][gc] GC(3045) Pause Young (Normal) (G1 Evacuation Pause) 93M->93M(512M) 11.053ms
[2020-08-01T12:16:19.411+0300][81.968s][info ][gc] GC(3046) Pause Young (Normal) (G1 Evacuation Pause) 116M->117M(512M) 11.548ms
[2020-08-01T12:16:19.445+0300][82.003s][info ][gc] GC(3047) Pause Young (Normal) (G1 Evacuation Pause) 158M->159M(512M) 11.618ms
[2020-08-01T12:16:19.464+0300][82.022s][info ][gc] GC(3048) Pause Young (Normal) (G1 Evacuation Pause) 180M->182M(512M) 10.675ms
[2020-08-01T12:16:19.484+0300][82.042s][info ][gc] GC(3049) Pause Young (Normal) (G1 Evacuation Pause) 203M->204M(512M) 11.001ms
[2020-08-01T12:16:19.504+0300][82.062s][info ][gc] GC(3050) Pause Young (Normal) (G1 Evacuation Pause) 225M->227M(512M) 11.713ms
[2020-08-01T12:16:19.524+0300][82.082s][info ][gc] GC(3051) Pause Young (Normal) (G1 Evacuation Pause) 248M->249M(512M) 11.470ms
[2020-08-01T12:16:19.545+0300][82.103s][info ][gc] GC(3052) Pause Young (Concurrent Start) (G1 Evacuation Pause) 270M->271M(512M) 12.431ms
[2020-08-01T12:16:19.545+0300][82.103s][info ][gc] GC(3053) Concurrent Cycle
[2020-08-01T12:16:19.582+0300][82.140s][info ][gc] GC(3054) Pause Young (Normal) (G1 Evacuation Pause) 312M->313M(512M) 11.527ms
[2020-08-01T12:16:19.602+0300][82.159s][info ][gc] GC(3055) Pause Young (Normal) (G1 Evacuation Pause) 334M->336M(512M) 10.656ms
[2020-08-01T12:16:19.621+0300][82.179s][info ][gc] GC(3056) Pause Young (Normal) (G1 Evacuation Pause) 357M->358M(512M) 10.727ms
[2020-08-01T12:16:19.642+0300][82.200s][info ][gc] GC(3057) Pause Young (Normal) (G1 Evacuation Pause) 379M->380M(512M) 11.922ms
[2020-08-01T12:16:19.663+0300][82.220s][info ][gc] GC(3058) Pause Young (Normal) (G1 Evacuation Pause) 401M->403M(512M) 10.687ms
[2020-08-01T12:16:19.699+0300][82.256s][info ][gc] GC(3059) Pause Young (Normal) (G1 Evacuation Pause) 444M->445M(512M) 10.980ms
[2020-08-01T12:16:19.718+0300][82.276s][info ][gc] GC(3060) Pause Young (Normal) (G1 Evacuation Pause) 466M->467M(512M) 10.487ms
[2020-08-01T12:16:19.720+0300][82.278s][debug][gc] GC(3053) Reclaimed 131 empty regions
[2020-08-01T12:16:19.720+0300][82.278s][info ][gc] GC(3053) Pause Remark 471M->344M(512M) 0.640ms
[2020-08-01T12:16:19.738+0300][82.296s][info ][gc] GC(3061) Pause Young (Normal) (G1 Evacuation Pause) 361M->362M(512M) 11.094ms
[2020-08-01T12:16:19.758+0300][82.316s][info ][gc] GC(3062) Pause Young (Normal) (G1 Evacuation Pause) 383M->385M(512M) 11.248ms
[2020-08-01T12:16:19.788+0300][82.346s][info ][gc] GC(3063) Pause Young (Normal) (G1 Evacuation Pause) 406M->407M(512M) 10.501ms
[2020-08-01T12:16:19.815+0300][82.373s][info ][gc] GC(3064) Pause Young (Normal) (G1 Evacuation Pause) 428M->429M(512M) 12.016ms
[2020-08-01T12:16:19.860+0300][82.417s][info ][gc] GC(3065) Pause Young (Normal) (G1 Evacuation Pause) 470M->472M(512M) 11.380ms
[2020-08-01T12:16:19.895+0300][82.453s][info ][gc] GC(3066) To-space exhausted
[2020-08-01T12:16:19.895+0300][82.453s][info ][gc] GC(3066) Pause Young (Normal) (G1 Evacuation Pause) 493M->501M(512M) 18.364ms
[2020-08-01T12:16:19.927+0300][82.485s][info ][gc] GC(3067) To-space exhausted
[2020-08-01T12:16:19.927+0300][82.485s][info ][gc] GC(3067) Pause Young (Normal) (G1 Evacuation Pause) 511M->511M(512M) 19.166ms
[2020-08-01T12:16:19.928+0300][82.486s][debug][gc] GC(3068) Clear Next Bitmap 0.303ms
[2020-08-01T12:16:19.968+0300][82.526s][info ][gc] GC(3068) Pause Full (G1 Evacuation Pause) 511M->65M(512M) 40.837ms
[2020-08-01T12:16:19.969+0300][82.526s][info ][gc] GC(3053) Concurrent Cycle 423.487ms
[2020-08-01T12:16:19.991+0300][82.548s][info ][gc] GC(3069) Pause Young (Normal) (G1 Evacuation Pause) 90M->90M(512M) 12.214ms
[2020-08-01T12:16:20.011+0300][82.569s][info ][gc] GC(3070) Pause Young (Normal) (G1 Evacuation Pause) 113M->114M(512M) 10.891ms
[2020-08-01T12:16:20.030+0300][82.587s][info ][gc] GC(3071) Pause Young (Normal) (G1 Evacuation Pause) 135M->136M(512M) 10.310ms
[2020-08-01T12:16:20.063+0300][82.620s][info ][gc] GC(3072) Pause Young (Normal) (G1 Evacuation Pause) 177M->178M(512M) 12.137ms
[2020-08-01T12:16:20.082+0300][82.640s][info ][gc] GC(3073) Pause Young (Normal) (G1 Evacuation Pause) 199M->200M(512M) 10.972ms
[2020-08-01T12:16:20.101+0300][82.659s][info ][gc] GC(3074) Pause Young (Normal) (G1 Evacuation Pause) 221M->222M(512M) 10.727ms
[2020-08-01T12:16:20.121+0300][82.678s][info ][gc] GC(3075) Pause Young (Normal) (G1 Evacuation Pause) 243M->245M(512M) 10.732ms
[2020-08-01T12:16:20.140+0300][82.698s][info ][gc] GC(3076) Pause Young (Concurrent Start) (G1 Evacuation Pause) 266M->267M(512M) 10.975ms
[2020-08-01T12:16:20.140+0300][82.698s][info ][gc] GC(3077) Concurrent Cycle
[2020-08-01T12:16:20.182+0300][82.740s][info ][gc] GC(3078) Pause Young (Normal) (G1 Evacuation Pause) 308M->309M(512M) 10.172ms
[2020-08-01T12:16:20.203+0300][82.761s][info ][gc] GC(3079) Pause Young (Normal) (G1 Evacuation Pause) 330M->331M(512M) 12.060ms
[2020-08-01T12:16:20.222+0300][82.780s][info ][gc] GC(3080) Pause Young (Normal) (G1 Evacuation Pause) 352M->354M(512M) 10.329ms
[2020-08-01T12:16:20.242+0300][82.800s][info ][gc] GC(3081) Pause Young (Normal) (G1 Evacuation Pause) 375M->376M(512M) 11.812ms
[2020-08-01T12:16:20.262+0300][82.819s][info ][gc] GC(3082) Pause Young (Normal) (G1 Evacuation Pause) 397M->398M(512M) 10.489ms
[2020-08-01T12:16:20.281+0300][82.838s][info ][gc] GC(3083) Pause Young (Normal) (G1 Evacuation Pause) 419M->421M(512M) 10.413ms
[2020-08-01T12:16:20.297+0300][82.855s][debug][gc] GC(3077) Reclaimed 127 empty regions
[2020-08-01T12:16:20.297+0300][82.855s][info ][gc] GC(3077) Pause Remark 422M->298M(512M) 0.768ms
[2020-08-01T12:16:20.325+0300][82.883s][info ][gc] GC(3084) Pause Young (Normal) (G1 Evacuation Pause) 337M->339M(512M) 10.576ms
[2020-08-01T12:16:20.352+0300][82.910s][info ][gc] GC(3085) Pause Young (Normal) (G1 Evacuation Pause) 360M->361M(512M) 10.740ms
[2020-08-01T12:16:20.379+0300][82.936s][info ][gc] GC(3086) Pause Young (Normal) (G1 Evacuation Pause) 382M->383M(512M) 11.437ms
[2020-08-01T12:16:20.405+0300][82.963s][info ][gc] GC(3087) Pause Young (Normal) (G1 Evacuation Pause) 404M->406M(512M) 10.759ms
[2020-08-01T12:16:20.429+0300][82.987s][info ][gc] GC(3088) Pause Young (Normal) (G1 Evacuation Pause) 427M->428M(512M) 12.004ms
[2020-08-01T12:16:20.478+0300][83.036s][info ][gc] GC(3089) Pause Young (Normal) (G1 Evacuation Pause) 469M->471M(512M) 10.780ms
[2020-08-01T12:16:20.512+0300][83.070s][info ][gc] GC(3090) To-space exhausted
[2020-08-01T12:16:20.512+0300][83.070s][info ][gc] GC(3090) Pause Young (Normal) (G1 Evacuation Pause) 492M->499M(512M) 15.696ms
[2020-08-01T12:16:20.546+0300][83.104s][info ][gc] GC(3091) To-space exhausted
[2020-08-01T12:16:20.546+0300][83.104s][info ][gc] GC(3091) Pause Young (Normal) (G1 Evacuation Pause) 511M->511M(512M) 22.031ms
[2020-08-01T12:16:20.547+0300][83.105s][debug][gc] GC(3092) Clear Next Bitmap 0.474ms
[2020-08-01T12:16:20.591+0300][83.149s][info ][gc] GC(3092) Pause Full (G1 Evacuation Pause) 511M->64M(512M) 44.572ms
[2020-08-01T12:16:20.591+0300][83.149s][info ][gc] GC(3077) Concurrent Cycle 451.291ms
[2020-08-01T12:16:20.616+0300][83.174s][info ][gc] GC(3093) Pause Young (Normal) (G1 Evacuation Pause) 91M->91M(512M) 14.107ms
[2020-08-01T12:16:20.639+0300][83.197s][info ][gc] GC(3094) Pause Young (Normal) (G1 Evacuation Pause) 115M->117M(512M) 13.313ms
[2020-08-01T12:16:20.660+0300][83.218s][info ][gc] GC(3095) Pause Young (Normal) (G1 Evacuation Pause) 138M->139M(512M) 11.008ms
[2020-08-01T12:16:20.697+0300][83.255s][info ][gc] GC(3096) Pause Young (Normal) (G1 Evacuation Pause) 180M->182M(512M) 10.541ms
[2020-08-01T12:16:20.718+0300][83.275s][info ][gc] GC(3097) Pause Young (Normal) (G1 Evacuation Pause) 203M->204M(512M) 12.182ms
[2020-08-01T12:16:20.737+0300][83.294s][info ][gc] GC(3098) Pause Young (Normal) (G1 Evacuation Pause) 225M->226M(512M) 10.455ms
[2020-08-01T12:16:20.756+0300][83.314s][info ][gc] GC(3099) Pause Young (Normal) (G1 Evacuation Pause) 247M->249M(512M) 10.649ms
[2020-08-01T12:16:20.775+0300][83.333s][info ][gc] GC(3100) Pause Young (Concurrent Start) (G1 Evacuation Pause) 270M->270M(512M) 10.674ms
[2020-08-01T12:16:20.775+0300][83.333s][info ][gc] GC(3101) Concurrent Cycle
[2020-08-01T12:16:20.820+0300][83.378s][info ][gc] GC(3102) Pause Young (Normal) (G1 Evacuation Pause) 311M->313M(512M) 11.011ms
[2020-08-01T12:16:20.841+0300][83.398s][info ][gc] GC(3103) Pause Young (Normal) (G1 Evacuation Pause) 334M->335M(512M) 11.644ms
[2020-08-01T12:16:20.860+0300][83.418s][info ][gc] GC(3104) Pause Young (Normal) (G1 Evacuation Pause) 356M->358M(512M) 10.671ms
[2020-08-01T12:16:20.880+0300][83.438s][info ][gc] GC(3105) Pause Young (Normal) (G1 Evacuation Pause) 379M->381M(512M) 11.381ms
[2020-08-01T12:16:20.900+0300][83.458s][info ][gc] GC(3106) Pause Young (Normal) (G1 Evacuation Pause) 402M->403M(512M) 11.130ms
[2020-08-01T12:16:20.924+0300][83.481s][debug][gc] GC(3101) Reclaimed 132 empty regions
[2020-08-01T12:16:20.924+0300][83.481s][info ][gc] GC(3101) Pause Remark 424M->294M(512M) 0.622ms
[2020-08-01T12:16:20.941+0300][83.499s][info ][gc] GC(3107) Pause Young (Normal) (G1 Evacuation Pause) 314M->316M(512M) 11.306ms
[2020-08-01T12:16:20.968+0300][83.526s][info ][gc] GC(3108) Pause Young (Normal) (G1 Evacuation Pause) 337M->338M(512M) 11.018ms
[2020-08-01T12:16:20.996+0300][83.554s][info ][gc] GC(3109) Pause Young (Normal) (G1 Evacuation Pause) 359M->360M(512M) 10.984ms
[2020-08-01T12:16:21.024+0300][83.581s][info ][gc] GC(3110) Pause Young (Normal) (G1 Evacuation Pause) 381M->383M(512M) 11.255ms
[2020-08-01T12:16:21.053+0300][83.611s][info ][gc] GC(3111) Pause Young (Normal) (G1 Evacuation Pause) 404M->405M(512M) 11.447ms
[2020-08-01T12:16:21.081+0300][83.638s][info ][gc] GC(3112) Pause Young (Normal) (G1 Evacuation Pause) 426M->428M(512M) 11.242ms
[2020-08-01T12:16:21.136+0300][83.694s][info ][gc] GC(3113) Pause Young (Normal) (G1 Evacuation Pause) 469M->470M(512M) 11.827ms
[2020-08-01T12:16:21.148+0300][83.706s][info ][gc] GC(3101) Pause Cleanup 480M->480M(512M) 0.138ms
[2020-08-01T12:16:21.148+0300][83.706s][info ][gc] GC(3101) Concurrent Cycle 373.559ms
[2020-08-01T12:16:21.170+0300][83.728s][info ][gc] GC(3114) To-space exhausted
[2020-08-01T12:16:21.170+0300][83.728s][info ][gc] GC(3114) Pause Young (Normal) (G1 Evacuation Pause) 491M->495M(512M) 17.597ms
[2020-08-01T12:16:21.210+0300][83.768s][info ][gc] GC(3115) To-space exhausted
[2020-08-01T12:16:21.210+0300][83.768s][info ][gc] GC(3115) Pause Young (Concurrent Start) (G1 Evacuation Pause) 511M->511M(512M) 33.222ms
[2020-08-01T12:16:21.210+0300][83.768s][info ][gc] GC(3117) Concurrent Cycle
[2020-08-01T12:16:21.211+0300][83.768s][debug][gc] GC(3116) Clear Next Bitmap 0.395ms
[2020-08-01T12:16:21.259+0300][83.817s][info ][gc] GC(3116) Pause Full (G1 Evacuation Pause) 511M->70M(512M) 48.925ms
[2020-08-01T12:16:21.259+0300][83.817s][info ][gc] GC(3117) Concurrent Cycle 49.267ms
[2020-08-01T12:16:21.285+0300][83.843s][info ][gc] GC(3118) Pause Young (Normal) (G1 Evacuation Pause) 99M->100M(512M) 13.835ms
[2020-08-01T12:16:21.306+0300][83.864s][info ][gc] GC(3119) Pause Young (Normal) (G1 Evacuation Pause) 123M->124M(512M) 12.219ms
[2020-08-01T12:16:21.350+0300][83.908s][info ][gc] GC(3120) Pause Young (Normal) (G1 Evacuation Pause) 165M->167M(512M) 11.438ms
[2020-08-01T12:16:21.371+0300][83.928s][info ][gc] GC(3121) Pause Young (Normal) (G1 Evacuation Pause) 188M->189M(512M) 12.090ms
[2020-08-01T12:16:21.390+0300][83.948s][info ][gc] GC(3122) Pause Young (Normal) (G1 Evacuation Pause) 210M->212M(512M) 11.242ms
[2020-08-01T12:16:21.410+0300][83.968s][info ][gc] GC(3123) Pause Young (Normal) (G1 Evacuation Pause) 233M->234M(512M) 11.387ms
[2020-08-01T12:16:21.430+0300][83.987s][info ][gc] GC(3124) Pause Young (Concurrent Start) (G1 Evacuation Pause) 255M->257M(512M) 10.578ms
[2020-08-01T12:16:21.430+0300][83.987s][info ][gc] GC(3125) Concurrent Cycle
[2020-08-01T12:16:21.450+0300][84.008s][info ][gc] GC(3126) Pause Young (Normal) (G1 Evacuation Pause) 278M->280M(512M) 11.587ms
[2020-08-01T12:16:21.493+0300][84.051s][info ][gc] GC(3127) Pause Young (Normal) (G1 Evacuation Pause) 321M->322M(512M) 10.558ms
[2020-08-01T12:16:21.513+0300][84.071s][info ][gc] GC(3128) Pause Young (Normal) (G1 Evacuation Pause) 343M->344M(512M) 11.717ms
[2020-08-01T12:16:21.533+0300][84.091s][info ][gc] GC(3129) Pause Young (Normal) (G1 Evacuation Pause) 365M->367M(512M) 11.132ms
[2020-08-01T12:16:21.556+0300][84.114s][info ][gc] GC(3130) Pause Young (Normal) (G1 Evacuation Pause) 388M->390M(512M) 13.441ms
[2020-08-01T12:16:21.576+0300][84.134s][info ][gc] GC(3131) Pause Young (Normal) (G1 Evacuation Pause) 411M->412M(512M) 10.518ms
[2020-08-01T12:16:21.582+0300][84.140s][debug][gc] GC(3125) Reclaimed 126 empty regions
[2020-08-01T12:16:21.582+0300][84.140s][info ][gc] GC(3125) Pause Remark 425M->302M(512M) 0.746ms
[2020-08-01T12:16:21.621+0300][84.179s][info ][gc] GC(3132) Pause Young (Normal) (G1 Evacuation Pause) 330M->331M(512M) 14.074ms
[2020-08-01T12:16:21.652+0300][84.209s][info ][gc] GC(3133) Pause Young (Normal) (G1 Evacuation Pause) 352M->353M(512M) 11.541ms
[2020-08-01T12:16:21.678+0300][84.236s][info ][gc] GC(3134) Pause Young (Normal) (G1 Evacuation Pause) 374M->375M(512M) 11.311ms
[2020-08-01T12:16:21.708+0300][84.266s][info ][gc] GC(3135) Pause Young (Normal) (G1 Evacuation Pause) 396M->398M(512M) 12.262ms
[2020-08-01T12:16:21.739+0300][84.297s][info ][gc] GC(3136) Pause Young (Normal) (G1 Evacuation Pause) 419M->420M(512M) 13.576ms
[2020-08-01T12:16:21.765+0300][84.323s][info ][gc] GC(3137) Pause Young (Normal) (G1 Evacuation Pause) 441M->442M(512M) 11.081ms
[2020-08-01T12:16:21.806+0300][84.364s][info ][gc] GC(3138) Pause Young (Normal) (G1 Evacuation Pause) 483M->484M(512M) 10.781ms
[2020-08-01T12:16:21.814+0300][84.372s][info ][gc] GC(3125) Pause Cleanup 487M->487M(512M) 0.141ms
[2020-08-01T12:16:21.814+0300][84.372s][info ][gc] GC(3125) Concurrent Cycle 384.893ms
[2020-08-01T12:16:21.850+0300][84.408s][info ][gc] GC(3139) To-space exhausted
[2020-08-01T12:16:21.851+0300][84.408s][info ][gc] GC(3139) Pause Young (Normal) (G1 Evacuation Pause) 505M->509M(512M) 28.476ms
[2020-08-01T12:16:21.861+0300][84.419s][info ][gc] GC(3140) To-space exhausted
[2020-08-01T12:16:21.861+0300][84.419s][info ][gc] GC(3140) Pause Young (Concurrent Start) (G1 Evacuation Pause) 511M->511M(512M) 8.404ms
[2020-08-01T12:16:21.861+0300][84.419s][info ][gc] GC(3142) Concurrent Cycle
[2020-08-01T12:16:21.862+0300][84.420s][debug][gc] GC(3141) Clear Next Bitmap 0.394ms
[2020-08-01T12:16:21.899+0300][84.457s][info ][gc] GC(3141) Pause Full (G1 Evacuation Pause) 511M->63M(512M) 38.047ms
[2020-08-01T12:16:21.900+0300][84.457s][info ][gc] GC(3142) Concurrent Cycle 38.384ms
[2020-08-01T12:16:21.927+0300][84.484s][info ][gc] GC(3143) Pause Young (Normal) (G1 Evacuation Pause) 97M->97M(512M) 13.636ms
[2020-08-01T12:16:21.951+0300][84.509s][info ][gc] GC(3144) Pause Young (Normal) (G1 Evacuation Pause) 124M->126M(512M) 13.310ms
[2020-08-01T12:16:22.015+0300][84.573s][info ][gc] GC(3145) Pause Young (Normal) (G1 Evacuation Pause) 167M->168M(512M) 25.070ms
[2020-08-01T12:16:22.039+0300][84.597s][info ][gc] GC(3146) Pause Young (Normal) (G1 Evacuation Pause) 189M->191M(512M) 12.117ms
[2020-08-01T12:16:22.058+0300][84.616s][info ][gc] GC(3147) Pause Young (Normal) (G1 Evacuation Pause) 212M->213M(512M) 10.177ms
[2020-08-01T12:16:22.077+0300][84.634s][info ][gc] GC(3148) Pause Young (Normal) (G1 Evacuation Pause) 234M->236M(512M) 9.817ms
[2020-08-01T12:16:22.095+0300][84.653s][info ][gc] GC(3149) Pause Young (Concurrent Start) (G1 Evacuation Pause) 257M->258M(512M) 10.007ms
[2020-08-01T12:16:22.095+0300][84.653s][info ][gc] GC(3150) Concurrent Cycle
[2020-08-01T12:16:22.114+0300][84.672s][info ][gc] GC(3151) Pause Young (Normal) (G1 Evacuation Pause) 279M->281M(512M) 10.199ms
[2020-08-01T12:16:22.148+0300][84.706s][info ][gc] GC(3152) Pause Young (Normal) (G1 Evacuation Pause) 322M->324M(512M) 10.414ms
[2020-08-01T12:16:22.167+0300][84.725s][info ][gc] GC(3153) Pause Young (Normal) (G1 Evacuation Pause) 345M->346M(512M) 10.368ms
[2020-08-01T12:16:22.186+0300][84.744s][info ][gc] GC(3154) Pause Young (Normal) (G1 Evacuation Pause) 367M->369M(512M) 10.474ms
[2020-08-01T12:16:22.206+0300][84.764s][info ][gc] GC(3155) Pause Young (Normal) (G1 Evacuation Pause) 390M->391M(512M) 10.831ms
[2020-08-01T12:16:22.225+0300][84.783s][info ][gc] GC(3156) Pause Young (Normal) (G1 Evacuation Pause) 412M->413M(512M) 10.748ms
[2020-08-01T12:16:22.241+0300][84.799s][debug][gc] GC(3150) Reclaimed 132 empty regions
[2020-08-01T12:16:22.241+0300][84.799s][info ][gc] GC(3150) Pause Remark 424M->296M(512M) 0.689ms
[2020-08-01T12:16:22.271+0300][84.829s][info ][gc] GC(3157) Pause Young (Normal) (G1 Evacuation Pause) 326M->327M(512M) 11.659ms
[2020-08-01T12:16:22.303+0300][84.861s][info ][gc] GC(3158) Pause Young (Normal) (G1 Evacuation Pause) 348M->350M(512M) 11.480ms
[2020-08-01T12:16:22.331+0300][84.889s][info ][gc] GC(3159) Pause Young (Normal) (G1 Evacuation Pause) 371M->372M(512M) 11.243ms
[2020-08-01T12:16:22.358+0300][84.915s][info ][gc] GC(3160) Pause Young (Normal) (G1 Evacuation Pause) 393M->394M(512M) 10.461ms
[2020-08-01T12:16:22.387+0300][84.945s][info ][gc] GC(3161) Pause Young (Normal) (G1 Evacuation Pause) 415M->416M(512M) 12.377ms
[2020-08-01T12:16:22.439+0300][84.997s][info ][gc] GC(3162) Pause Young (Normal) (G1 Evacuation Pause) 457M->459M(512M) 11.345ms
[2020-08-01T12:16:22.453+0300][85.010s][info ][gc] GC(3150) Pause Cleanup 473M->473M(512M) 0.132ms
[2020-08-01T12:16:22.453+0300][85.011s][info ][gc] GC(3150) Concurrent Cycle 358.397ms
[2020-08-01T12:16:22.467+0300][85.025s][info ][gc] GC(3163) Pause Young (Normal) (G1 Evacuation Pause) 480M->482M(512M) 11.105ms
[2020-08-01T12:16:22.504+0300][85.062s][info ][gc] GC(3164) To-space exhausted
[2020-08-01T12:16:22.504+0300][85.062s][info ][gc] GC(3164) Pause Young (Concurrent Start) (G1 Evacuation Pause) 503M->509M(512M) 28.479ms
[2020-08-01T12:16:22.504+0300][85.062s][info ][gc] GC(3165) Concurrent Cycle
[2020-08-01T12:16:22.517+0300][85.074s][info ][gc] GC(3166) To-space exhausted
[2020-08-01T12:16:22.517+0300][85.074s][info ][gc] GC(3166) Pause Young (Normal) (G1 Evacuation Pause) 511M->511M(512M) 9.104ms
[2020-08-01T12:16:22.517+0300][85.075s][debug][gc] GC(3167) Clear Next Bitmap 0.347ms
[2020-08-01T12:16:22.559+0300][85.117s][info ][gc] GC(3167) Pause Full (G1 Evacuation Pause) 511M->66M(512M) 42.195ms
[2020-08-01T12:16:22.559+0300][85.117s][info ][gc] GC(3165) Concurrent Cycle 55.091ms
[2020-08-01T12:16:22.584+0300][85.142s][info ][gc] GC(3168) Pause Young (Normal) (G1 Evacuation Pause) 91M->91M(512M) 14.315ms
[2020-08-01T12:16:22.606+0300][85.164s][info ][gc] GC(3169) Pause Young (Normal) (G1 Evacuation Pause) 112M->113M(512M) 12.975ms
[2020-08-01T12:16:22.625+0300][85.183s][info ][gc] GC(3170) Pause Young (Normal) (G1 Evacuation Pause) 134M->135M(512M) 10.594ms
[2020-08-01T12:16:22.659+0300][85.217s][info ][gc] GC(3171) Pause Young (Normal) (G1 Evacuation Pause) 176M->177M(512M) 11.242ms
[2020-08-01T12:16:22.678+0300][85.236s][info ][gc] GC(3172) Pause Young (Normal) (G1 Evacuation Pause) 198M->199M(512M) 10.726ms
[2020-08-01T12:16:22.698+0300][85.256s][info ][gc] GC(3173) Pause Young (Normal) (G1 Evacuation Pause) 220M->222M(512M) 11.775ms
[2020-08-01T12:16:22.718+0300][85.276s][info ][gc] GC(3174) Pause Young (Normal) (G1 Evacuation Pause) 243M->245M(512M) 11.170ms
[2020-08-01T12:16:22.737+0300][85.295s][info ][gc] GC(3175) Pause Young (Concurrent Start) (G1 Evacuation Pause) 266M->267M(512M) 11.092ms
[2020-08-01T12:16:22.737+0300][85.295s][info ][gc] GC(3176) Concurrent Cycle
[2020-08-01T12:16:22.771+0300][85.328s][info ][gc] GC(3177) Pause Young (Normal) (G1 Evacuation Pause) 308M->310M(512M) 10.528ms
[2020-08-01T12:16:22.790+0300][85.348s][info ][gc] GC(3178) Pause Young (Normal) (G1 Evacuation Pause) 331M->333M(512M) 10.995ms
[2020-08-01T12:16:22.810+0300][85.368s][info ][gc] GC(3179) Pause Young (Normal) (G1 Evacuation Pause) 354M->355M(512M) 10.686ms
[2020-08-01T12:16:22.830+0300][85.388s][info ][gc] GC(3180) Pause Young (Normal) (G1 Evacuation Pause) 376M->378M(512M) 11.126ms
[2020-08-01T12:16:22.852+0300][85.410s][info ][gc] GC(3181) Pause Young (Normal) (G1 Evacuation Pause) 399M->400M(512M) 13.038ms
[2020-08-01T12:16:22.872+0300][85.430s][info ][gc] GC(3182) Pause Young (Normal) (G1 Evacuation Pause) 421M->422M(512M) 11.169ms
[2020-08-01T12:16:22.905+0300][85.463s][info ][gc] GC(3183) Pause Young (Normal) (G1 Evacuation Pause) 463M->464M(512M) 11.174ms
[2020-08-01T12:16:22.908+0300][85.465s][debug][gc] GC(3176) Reclaimed 125 empty regions
[2020-08-01T12:16:22.908+0300][85.465s][info ][gc] GC(3176) Pause Remark 467M->345M(512M) 0.753ms
[2020-08-01T12:16:22.927+0300][85.484s][info ][gc] GC(3184) Pause Young (Normal) (G1 Evacuation Pause) 363M->364M(512M) 11.512ms
[2020-08-01T12:16:22.957+0300][85.515s][info ][gc] GC(3185) Pause Young (Normal) (G1 Evacuation Pause) 385M->387M(512M) 10.692ms
[2020-08-01T12:16:22.984+0300][85.542s][info ][gc] GC(3186) Pause Young (Normal) (G1 Evacuation Pause) 408M->409M(512M) 10.639ms
[2020-08-01T12:16:23.012+0300][85.570s][info ][gc] GC(3187) Pause Young (Normal) (G1 Evacuation Pause) 430M->432M(512M) 10.457ms
[2020-08-01T12:16:23.055+0300][85.613s][info ][gc] GC(3188) Pause Young (Normal) (G1 Evacuation Pause) 473M->474M(512M) 10.908ms
[2020-08-01T12:16:23.092+0300][85.649s][info ][gc] GC(3189) To-space exhausted
[2020-08-01T12:16:23.092+0300][85.649s][info ][gc] GC(3189) Pause Young (Normal) (G1 Evacuation Pause) 495M->502M(512M) 19.143ms
[2020-08-01T12:16:23.123+0300][85.680s][info ][gc] GC(3190) To-space exhausted
[2020-08-01T12:16:23.123+0300][85.681s][info ][gc] GC(3190) Pause Young (Normal) (G1 Evacuation Pause) 511M->511M(512M) 18.468ms
[2020-08-01T12:16:23.123+0300][85.681s][debug][gc] GC(3191) Clear Next Bitmap 0.329ms
[2020-08-01T12:16:23.161+0300][85.719s][info ][gc] GC(3191) Pause Full (G1 Evacuation Pause) 511M->60M(512M) 38.009ms
[2020-08-01T12:16:23.161+0300][85.719s][info ][gc] GC(3176) Concurrent Cycle 423.600ms
[2020-08-01T12:16:23.182+0300][85.739s][info ][gc] GC(3192) Pause Young (Normal) (G1 Evacuation Pause) 85M->85M(512M) 10.581ms
[2020-08-01T12:16:23.202+0300][85.760s][info ][gc] GC(3193) Pause Young (Normal) (G1 Evacuation Pause) 108M->110M(512M) 11.764ms
[2020-08-01T12:16:23.221+0300][85.779s][info ][gc] GC(3194) Pause Young (Normal) (G1 Evacuation Pause) 131M->132M(512M) 10.362ms
[2020-08-01T12:16:23.255+0300][85.813s][info ][gc] GC(3195) Pause Young (Normal) (G1 Evacuation Pause) 173M->175M(512M) 12.734ms
[2020-08-01T12:16:23.275+0300][85.833s][info ][gc] GC(3196) Pause Young (Normal) (G1 Evacuation Pause) 196M->197M(512M) 11.447ms
[2020-08-01T12:16:23.296+0300][85.854s][info ][gc] GC(3197) Pause Young (Normal) (G1 Evacuation Pause) 218M->220M(512M) 12.625ms
[2020-08-01T12:16:23.316+0300][85.874s][info ][gc] GC(3198) Pause Young (Normal) (G1 Evacuation Pause) 241M->243M(512M) 11.669ms
[2020-08-01T12:16:23.336+0300][85.894s][info ][gc] GC(3199) Pause Young (Concurrent Start) (G1 Evacuation Pause) 264M->265M(512M) 11.438ms
[2020-08-01T12:16:23.336+0300][85.894s][info ][gc] GC(3200) Concurrent Cycle
[2020-08-01T12:16:23.370+0300][85.928s][info ][gc] GC(3201) Pause Young (Normal) (G1 Evacuation Pause) 306M->308M(512M) 11.587ms
[2020-08-01T12:16:23.389+0300][85.947s][info ][gc] GC(3202) Pause Young (Normal) (G1 Evacuation Pause) 329M->330M(512M) 10.632ms
[2020-08-01T12:16:23.408+0300][85.966s][info ][gc] GC(3203) Pause Young (Normal) (G1 Evacuation Pause) 351M->352M(512M) 10.138ms
[2020-08-01T12:16:23.427+0300][85.985s][info ][gc] GC(3204) Pause Young (Normal) (G1 Evacuation Pause) 373M->374M(512M) 10.443ms
[2020-08-01T12:16:23.448+0300][86.006s][info ][gc] GC(3205) Pause Young (Normal) (G1 Evacuation Pause) 395M->397M(512M) 11.438ms
[2020-08-01T12:16:23.470+0300][86.027s][info ][gc] GC(3206) Pause Young (Normal) (G1 Evacuation Pause) 418M->419M(512M) 12.858ms
[2020-08-01T12:16:23.492+0300][86.049s][debug][gc] GC(3200) Reclaimed 130 empty regions
[2020-08-01T12:16:23.492+0300][86.049s][info ][gc] GC(3200) Pause Remark 451M->325M(512M) 0.843ms
[2020-08-01T12:16:23.509+0300][86.067s][info ][gc] GC(3207) Pause Young (Normal) (G1 Evacuation Pause) 334M->335M(512M) 13.611ms
[2020-08-01T12:16:23.542+0300][86.100s][info ][gc] GC(3208) Pause Young (Normal) (G1 Evacuation Pause) 356M->358M(512M) 13.702ms
[2020-08-01T12:16:23.577+0300][86.135s][info ][gc] GC(3209) Pause Young (Normal) (G1 Evacuation Pause) 379M->380M(512M) 14.497ms
[2020-08-01T12:16:23.606+0300][86.164s][info ][gc] GC(3210) Pause Young (Normal) (G1 Evacuation Pause) 401M->403M(512M) 13.191ms
[2020-08-01T12:16:23.639+0300][86.197s][info ][gc] GC(3211) Pause Young (Normal) (G1 Evacuation Pause) 424M->425M(512M) 11.774ms
[2020-08-01T12:16:23.695+0300][86.253s][info ][gc] GC(3212) Pause Young (Normal) (G1 Evacuation Pause) 466M->467M(512M) 11.159ms
[2020-08-01T12:16:23.725+0300][86.283s][info ][gc] GC(3213) To-space exhausted
[2020-08-01T12:16:23.725+0300][86.283s][info ][gc] GC(3213) Pause Young (Normal) (G1 Evacuation Pause) 488M->495M(512M) 13.559ms
[2020-08-01T12:16:23.769+0300][86.327s][info ][gc] GC(3214) To-space exhausted
[2020-08-01T12:16:23.769+0300][86.327s][info ][gc] GC(3214) Pause Young (Normal) (G1 Evacuation Pause) 511M->511M(512M) 29.901ms
[2020-08-01T12:16:23.770+0300][86.328s][debug][gc] GC(3215) Clear Next Bitmap 0.249ms
[2020-08-01T12:16:23.810+0300][86.368s][info ][gc] GC(3215) Pause Full (G1 Evacuation Pause) 511M->63M(512M) 40.844ms
[2020-08-01T12:16:23.811+0300][86.368s][info ][gc] GC(3200) Concurrent Cycle 474.378ms
[2020-08-01T12:16:23.832+0300][86.390s][info ][gc] GC(3216) Pause Young (Normal) (G1 Evacuation Pause) 88M->88M(512M) 11.771ms
[2020-08-01T12:16:23.852+0300][86.410s][info ][gc] GC(3217) Pause Young (Normal) (G1 Evacuation Pause) 109M->110M(512M) 11.434ms
[2020-08-01T12:16:23.871+0300][86.429s][info ][gc] GC(3218) Pause Young (Normal) (G1 Evacuation Pause) 131M->132M(512M) 10.268ms
[2020-08-01T12:16:23.952+0300][86.509s][info ][gc] GC(3219) Pause Young (Normal) (G1 Evacuation Pause) 173M->175M(512M) 23.466ms
[2020-08-01T12:16:23.974+0300][86.532s][info ][gc] GC(3220) Pause Young (Normal) (G1 Evacuation Pause) 196M->197M(512M) 11.387ms
[2020-08-01T12:16:23.993+0300][86.551s][info ][gc] GC(3221) Pause Young (Normal) (G1 Evacuation Pause) 218M->219M(512M) 10.472ms
[2020-08-01T12:16:24.012+0300][86.570s][info ][gc] GC(3222) Pause Young (Normal) (G1 Evacuation Pause) 240M->242M(512M) 10.650ms
[2020-08-01T12:16:24.031+0300][86.589s][info ][gc] GC(3223) Pause Young (Concurrent Start) (G1 Evacuation Pause) 263M->265M(512M) 10.757ms
[2020-08-01T12:16:24.031+0300][86.589s][info ][gc] GC(3224) Concurrent Cycle
[2020-08-01T12:16:24.067+0300][86.625s][info ][gc] GC(3225) Pause Young (Normal) (G1 Evacuation Pause) 306M->307M(512M) 11.708ms
[2020-08-01T12:16:24.086+0300][86.644s][info ][gc] GC(3226) Pause Young (Normal) (G1 Evacuation Pause) 328M->329M(512M) 10.494ms
[2020-08-01T12:16:24.105+0300][86.663s][info ][gc] GC(3227) Pause Young (Normal) (G1 Evacuation Pause) 350M->352M(512M) 10.700ms
[2020-08-01T12:16:24.125+0300][86.682s][info ][gc] GC(3228) Pause Young (Normal) (G1 Evacuation Pause) 373M->374M(512M) 10.326ms
[2020-08-01T12:16:24.143+0300][86.701s][info ][gc] GC(3229) Pause Young (Normal) (G1 Evacuation Pause) 395M->396M(512M) 9.819ms
[2020-08-01T12:16:24.163+0300][86.721s][info ][gc] GC(3230) Pause Young (Normal) (G1 Evacuation Pause) 417M->418M(512M) 10.597ms
[2020-08-01T12:16:24.183+0300][86.741s][debug][gc] GC(3224) Reclaimed 129 empty regions
[2020-08-01T12:16:24.183+0300][86.741s][info ][gc] GC(3224) Pause Remark 424M->298M(512M) 0.626ms
[2020-08-01T12:16:24.209+0300][86.767s][info ][gc] GC(3231) Pause Young (Normal) (G1 Evacuation Pause) 333M->334M(512M) 11.331ms
[2020-08-01T12:16:24.239+0300][86.797s][info ][gc] GC(3232) Pause Young (Normal) (G1 Evacuation Pause) 355M->357M(512M) 10.581ms
[2020-08-01T12:16:24.269+0300][86.827s][info ][gc] GC(3233) Pause Young (Normal) (G1 Evacuation Pause) 378M->380M(512M) 11.099ms
[2020-08-01T12:16:24.296+0300][86.853s][info ][gc] GC(3234) Pause Young (Normal) (G1 Evacuation Pause) 401M->402M(512M) 10.429ms
[2020-08-01T12:16:24.322+0300][86.880s][info ][gc] GC(3235) Pause Young (Normal) (G1 Evacuation Pause) 423M->424M(512M) 11.610ms
[2020-08-01T12:16:24.379+0300][86.936s][info ][gc] GC(3236) Pause Young (Normal) (G1 Evacuation Pause) 465M->467M(512M) 11.507ms
[2020-08-01T12:16:24.395+0300][86.953s][info ][gc] GC(3224) Pause Cleanup 483M->483M(512M) 0.139ms
[2020-08-01T12:16:24.395+0300][86.953s][info ][gc] GC(3224) Concurrent Cycle 364.219ms
[2020-08-01T12:16:24.410+0300][86.968s][info ][gc] GC(3237) To-space exhausted
[2020-08-01T12:16:24.410+0300][86.968s][info ][gc] GC(3237) Pause Young (Normal) (G1 Evacuation Pause) 488M->495M(512M) 13.134ms
[2020-08-01T12:16:24.448+0300][87.006s][info ][gc] GC(3238) To-space exhausted
[2020-08-01T12:16:24.449+0300][87.006s][info ][gc] GC(3238) Pause Young (Concurrent Start) (G1 Evacuation Pause) 511M->511M(512M) 31.725ms
[2020-08-01T12:16:24.449+0300][87.006s][info ][gc] GC(3240) Concurrent Cycle
[2020-08-01T12:16:24.449+0300][87.007s][debug][gc] GC(3239) Clear Next Bitmap 0.348ms
[2020-08-01T12:16:24.488+0300][87.045s][info ][gc] GC(3239) Pause Full (G1 Evacuation Pause) 511M->64M(512M) 38.881ms
[2020-08-01T12:16:24.488+0300][87.046s][info ][gc] GC(3240) Concurrent Cycle 39.201ms
[2020-08-01T12:16:24.508+0300][87.066s][info ][gc] GC(3241) Pause Young (Normal) (G1 Evacuation Pause) 89M->90M(512M) 10.580ms
[2020-08-01T12:16:24.530+0300][87.088s][info ][gc] GC(3242) Pause Young (Normal) (G1 Evacuation Pause) 112M->114M(512M) 12.768ms
[2020-08-01T12:16:24.549+0300][87.107s][info ][gc] GC(3243) Pause Young (Normal) (G1 Evacuation Pause) 135M->136M(512M) 10.956ms
[2020-08-01T12:16:24.584+0300][87.142s][info ][gc] GC(3244) Pause Young (Normal) (G1 Evacuation Pause) 177M->178M(512M) 12.114ms
[2020-08-01T12:16:24.605+0300][87.162s][info ][gc] GC(3245) Pause Young (Normal) (G1 Evacuation Pause) 199M->200M(512M) 11.427ms
[2020-08-01T12:16:24.625+0300][87.182s][info ][gc] GC(3246) Pause Young (Normal) (G1 Evacuation Pause) 221M->223M(512M) 11.249ms
[2020-08-01T12:16:24.645+0300][87.203s][info ][gc] GC(3247) Pause Young (Normal) (G1 Evacuation Pause) 244M->245M(512M) 12.157ms
[2020-08-01T12:16:24.665+0300][87.223s][info ][gc] GC(3248) Pause Young (Concurrent Start) (G1 Evacuation Pause) 266M->268M(512M) 10.291ms
[2020-08-01T12:16:24.665+0300][87.223s][info ][gc] GC(3249) Concurrent Cycle
[2020-08-01T12:16:24.704+0300][87.262s][info ][gc] GC(3250) Pause Young (Normal) (G1 Evacuation Pause) 309M->311M(512M) 11.676ms
[2020-08-01T12:16:24.725+0300][87.282s][info ][gc] GC(3251) Pause Young (Normal) (G1 Evacuation Pause) 332M->333M(512M) 11.091ms
[2020-08-01T12:16:24.744+0300][87.302s][info ][gc] GC(3252) Pause Young (Normal) (G1 Evacuation Pause) 354M->355M(512M) 10.288ms
[2020-08-01T12:16:24.764+0300][87.322s][info ][gc] GC(3253) Pause Young (Normal) (G1 Evacuation Pause) 376M->378M(512M) 10.947ms
[2020-08-01T12:16:24.785+0300][87.343s][info ][gc] GC(3254) Pause Young (Normal) (G1 Evacuation Pause) 399M->400M(512M) 12.457ms
[2020-08-01T12:16:24.805+0300][87.363s][info ][gc] GC(3255) Pause Young (Normal) (G1 Evacuation Pause) 421M->423M(512M) 10.909ms
[2020-08-01T12:16:24.822+0300][87.380s][debug][gc] GC(3249) Reclaimed 131 empty regions
[2020-08-01T12:16:24.822+0300][87.380s][info ][gc] GC(3249) Pause Remark 427M->299M(512M) 0.602ms
[2020-08-01T12:16:24.849+0300][87.406s][info ][gc] GC(3256) Pause Young (Normal) (G1 Evacuation Pause) 336M->337M(512M) 11.086ms
[2020-08-01T12:16:24.881+0300][87.438s][info ][gc] GC(3257) Pause Young (Normal) (G1 Evacuation Pause) 358M->360M(512M) 11.987ms
[2020-08-01T12:16:24.907+0300][87.464s][info ][gc] GC(3258) Pause Young (Normal) (G1 Evacuation Pause) 381M->382M(512M) 10.486ms
[2020-08-01T12:16:24.934+0300][87.492s][info ][gc] GC(3259) Pause Young (Normal) (G1 Evacuation Pause) 403M->405M(512M) 11.947ms
[2020-08-01T12:16:24.962+0300][87.519s][info ][gc] GC(3260) Pause Young (Normal) (G1 Evacuation Pause) 426M->427M(512M) 10.630ms
[2020-08-01T12:16:25.015+0300][87.572s][info ][gc] GC(3261) Pause Young (Normal) (G1 Evacuation Pause) 468M->469M(512M) 10.533ms
[2020-08-01T12:16:25.047+0300][87.604s][info ][gc] GC(3262) To-space exhausted
[2020-08-01T12:16:25.047+0300][87.604s][info ][gc] GC(3262) Pause Young (Normal) (G1 Evacuation Pause) 490M->498M(512M) 16.250ms
[2020-08-01T12:16:25.055+0300][87.612s][info ][gc] GC(3249) Pause Cleanup 499M->499M(512M) 0.149ms
[2020-08-01T12:16:25.055+0300][87.613s][info ][gc] GC(3249) Concurrent Cycle 390.232ms
[2020-08-01T12:16:25.084+0300][87.642s][info ][gc] GC(3263) To-space exhausted
[2020-08-01T12:16:25.084+0300][87.642s][info ][gc] GC(3263) Pause Young (Normal) (G1 Evacuation Pause) 511M->511M(512M) 24.647ms
[2020-08-01T12:16:25.123+0300][87.681s][info ][gc] GC(3264) Pause Full (G1 Evacuation Pause) 511M->63M(512M) 38.621ms
[2020-08-01T12:16:25.144+0300][87.702s][info ][gc] GC(3265) Pause Young (Normal) (G1 Evacuation Pause) 90M->90M(512M) 10.353ms
[2020-08-01T12:16:25.167+0300][87.724s][info ][gc] GC(3266) Pause Young (Normal) (G1 Evacuation Pause) 115M->116M(512M) 11.985ms
[2020-08-01T12:16:25.185+0300][87.743s][info ][gc] GC(3267) Pause Young (Normal) (G1 Evacuation Pause) 137M->139M(512M) 10.525ms
[2020-08-01T12:16:25.222+0300][87.780s][info ][gc] GC(3268) Pause Young (Normal) (G1 Evacuation Pause) 180M->181M(512M) 11.165ms
[2020-08-01T12:16:25.241+0300][87.799s][info ][gc] GC(3269) Pause Young (Normal) (G1 Evacuation Pause) 202M->204M(512M) 10.531ms
[2020-08-01T12:16:25.260+0300][87.818s][info ][gc] GC(3270) Pause Young (Normal) (G1 Evacuation Pause) 225M->226M(512M) 10.513ms
[2020-08-01T12:16:25.279+0300][87.837s][info ][gc] GC(3271) Pause Young (Normal) (G1 Evacuation Pause) 247M->249M(512M) 10.351ms
[2020-08-01T12:16:25.300+0300][87.858s][info ][gc] GC(3272) Pause Young (Concurrent Start) (G1 Evacuation Pause) 270M->272M(512M) 12.557ms
[2020-08-01T12:16:25.300+0300][87.858s][info ][gc] GC(3273) Concurrent Cycle
[2020-08-01T12:16:25.345+0300][87.903s][info ][gc] GC(3274) Pause Young (Normal) (G1 Evacuation Pause) 313M->315M(512M) 11.611ms
[2020-08-01T12:16:25.364+0300][87.922s][info ][gc] GC(3275) Pause Young (Normal) (G1 Evacuation Pause) 336M->337M(512M) 10.363ms
[2020-08-01T12:16:25.383+0300][87.941s][info ][gc] GC(3276) Pause Young (Normal) (G1 Evacuation Pause) 358M->360M(512M) 10.779ms
[2020-08-01T12:16:25.403+0300][87.961s][info ][gc] GC(3277) Pause Young (Normal) (G1 Evacuation Pause) 381M->382M(512M) 10.813ms
[2020-08-01T12:16:25.422+0300][87.980s][info ][gc] GC(3278) Pause Young (Normal) (G1 Evacuation Pause) 403M->405M(512M) 10.590ms
[2020-08-01T12:16:25.447+0300][88.005s][debug][gc] GC(3273) Reclaimed 134 empty regions
[2020-08-01T12:16:25.448+0300][88.005s][info ][gc] GC(3273) Pause Remark 425M->294M(512M) 0.615ms
[2020-08-01T12:16:25.465+0300][88.022s][info ][gc] GC(3279) Pause Young (Normal) (G1 Evacuation Pause) 315M->316M(512M) 11.470ms
[2020-08-01T12:16:25.492+0300][88.050s][info ][gc] GC(3280) Pause Young (Normal) (G1 Evacuation Pause) 337M->338M(512M) 10.453ms
[2020-08-01T12:16:25.520+0300][88.078s][info ][gc] GC(3281) Pause Young (Normal) (G1 Evacuation Pause) 359M->360M(512M) 12.438ms
[2020-08-01T12:16:25.547+0300][88.105s][info ][gc] GC(3282) Pause Young (Normal) (G1 Evacuation Pause) 381M->383M(512M) 10.910ms
[2020-08-01T12:16:25.577+0300][88.135s][info ][gc] GC(3283) Pause Young (Normal) (G1 Evacuation Pause) 404M->405M(512M) 12.525ms
[2020-08-01T12:16:25.609+0300][88.167s][info ][gc] GC(3284) Pause Young (Normal) (G1 Evacuation Pause) 426M->428M(512M) 12.261ms
[2020-08-01T12:16:25.643+0300][88.201s][info ][gc] GC(3285) Pause Young (Normal) (G1 Evacuation Pause) 469M->470M(512M) 10.772ms
[2020-08-01T12:16:25.676+0300][88.234s][info ][gc] GC(3286) To-space exhausted
[2020-08-01T12:16:25.676+0300][88.234s][info ][gc] GC(3286) Pause Young (Normal) (G1 Evacuation Pause) 491M->498M(512M) 16.502ms
[2020-08-01T12:16:25.713+0300][88.271s][info ][gc] GC(3287) To-space exhausted
[2020-08-01T12:16:25.714+0300][88.271s][info ][gc] GC(3287) Pause Young (Normal) (G1 Evacuation Pause) 511M->511M(512M) 22.680ms
[2020-08-01T12:16:25.714+0300][88.272s][debug][gc] GC(3288) Clear Next Bitmap 0.368ms
[2020-08-01T12:16:25.758+0300][88.316s][info ][gc] GC(3288) Pause Full (G1 Evacuation Pause) 511M->67M(512M) 44.451ms
[2020-08-01T12:16:25.758+0300][88.316s][info ][gc] GC(3273) Concurrent Cycle 458.415ms
[2020-08-01T12:16:25.779+0300][88.337s][info ][gc] GC(3289) Pause Young (Normal) (G1 Evacuation Pause) 93M->93M(512M) 10.363ms
[2020-08-01T12:16:25.801+0300][88.358s][info ][gc] GC(3290) Pause Young (Normal) (G1 Evacuation Pause) 117M->119M(512M) 11.725ms
[2020-08-01T12:16:25.833+0300][88.391s][info ][gc] GC(3291) Pause Young (Normal) (G1 Evacuation Pause) 160M->161M(512M) 11.597ms
[2020-08-01T12:16:25.852+0300][88.410s][info ][gc] GC(3292) Pause Young (Normal) (G1 Evacuation Pause) 182M->183M(512M) 10.505ms
[2020-08-01T12:16:25.873+0300][88.431s][info ][gc] GC(3293) Pause Young (Normal) (G1 Evacuation Pause) 204M->205M(512M) 12.003ms
[2020-08-01T12:16:25.892+0300][88.450s][info ][gc] GC(3294) Pause Young (Normal) (G1 Evacuation Pause) 226M->228M(512M) 10.370ms
[2020-08-01T12:16:25.910+0300][88.468s][info ][gc] GC(3295) Pause Young (Normal) (G1 Evacuation Pause) 249M->250M(512M) 10.201ms
[2020-08-01T12:16:25.929+0300][88.487s][info ][gc] GC(3296) Pause Young (Concurrent Start) (G1 Evacuation Pause) 271M->272M(512M) 10.113ms
[2020-08-01T12:16:25.929+0300][88.487s][info ][gc] GC(3297) Concurrent Cycle
[2020-08-01T12:16:25.961+0300][88.519s][info ][gc] GC(3298) Pause Young (Normal) (G1 Evacuation Pause) 313M->315M(512M) 10.414ms
[2020-08-01T12:16:25.982+0300][88.539s][info ][gc] GC(3299) Pause Young (Normal) (G1 Evacuation Pause) 336M->337M(512M) 10.622ms
[2020-08-01T12:16:26.003+0300][88.561s][info ][gc] GC(3300) Pause Young (Normal) (G1 Evacuation Pause) 358M->360M(512M) 12.724ms
[2020-08-01T12:16:26.022+0300][88.580s][info ][gc] GC(3301) Pause Young (Normal) (G1 Evacuation Pause) 381M->382M(512M) 10.532ms
[2020-08-01T12:16:26.041+0300][88.599s][info ][gc] GC(3302) Pause Young (Normal) (G1 Evacuation Pause) 403M->404M(512M) 10.394ms
[2020-08-01T12:16:26.075+0300][88.632s][info ][gc] GC(3303) Pause Young (Normal) (G1 Evacuation Pause) 445M->447M(512M) 10.780ms
[2020-08-01T12:16:26.094+0300][88.652s][info ][gc] GC(3304) Pause Young (Normal) (G1 Evacuation Pause) 468M->469M(512M) 10.441ms
[2020-08-01T12:16:26.103+0300][88.661s][debug][gc] GC(3297) Reclaimed 129 empty regions
[2020-08-01T12:16:26.103+0300][88.661s][info ][gc] GC(3297) Pause Remark 490M->364M(512M) 0.707ms
[2020-08-01T12:16:26.114+0300][88.672s][info ][gc] GC(3305) Pause Young (Normal) (G1 Evacuation Pause) 364M->366M(512M) 10.546ms
[2020-08-01T12:16:26.139+0300][88.697s][info ][gc] GC(3306) Pause Young (Normal) (G1 Evacuation Pause) 387M->388M(512M) 10.606ms
[2020-08-01T12:16:26.166+0300][88.724s][info ][gc] GC(3307) Pause Young (Normal) (G1 Evacuation Pause) 409M->411M(512M) 11.191ms
[2020-08-01T12:16:26.193+0300][88.751s][info ][gc] GC(3308) Pause Young (Normal) (G1 Evacuation Pause) 432M->434M(512M) 10.677ms
[2020-08-01T12:16:26.232+0300][88.790s][info ][gc] GC(3309) Pause Young (Normal) (G1 Evacuation Pause) 475M->476M(512M) 10.420ms
[2020-08-01T12:16:26.268+0300][88.826s][info ][gc] GC(3310) To-space exhausted
[2020-08-01T12:16:26.268+0300][88.826s][info ][gc] GC(3310) Pause Young (Normal) (G1 Evacuation Pause) 497M->502M(512M) 20.187ms
[2020-08-01T12:16:26.299+0300][88.856s][info ][gc] GC(3311) To-space exhausted
[2020-08-01T12:16:26.299+0300][88.856s][info ][gc] GC(3311) Pause Young (Normal) (G1 Evacuation Pause) 511M->511M(512M) 18.010ms
[2020-08-01T12:16:26.299+0300][88.857s][debug][gc] GC(3312) Clear Next Bitmap 0.311ms
[2020-08-01T12:16:26.337+0300][88.895s][info ][gc] GC(3312) Pause Full (G1 Evacuation Pause) 511M->66M(512M) 38.453ms
[2020-08-01T12:16:26.337+0300][88.895s][info ][gc] GC(3297) Concurrent Cycle 408.472ms
[2020-08-01T12:16:26.361+0300][88.919s][info ][gc] GC(3313) Pause Young (Normal) (G1 Evacuation Pause) 93M->93M(512M) 12.744ms
[2020-08-01T12:16:26.383+0300][88.941s][info ][gc] GC(3314) Pause Young (Normal) (G1 Evacuation Pause) 118M->119M(512M) 12.398ms
[2020-08-01T12:16:26.416+0300][88.974s][info ][gc] GC(3315) Pause Young (Normal) (G1 Evacuation Pause) 160M->162M(512M) 11.152ms
[2020-08-01T12:16:26.435+0300][88.993s][info ][gc] GC(3316) Pause Young (Normal) (G1 Evacuation Pause) 183M->184M(512M) 10.497ms
[2020-08-01T12:16:26.454+0300][89.012s][info ][gc] GC(3317) Pause Young (Normal) (G1 Evacuation Pause) 205M->207M(512M) 10.671ms
[2020-08-01T12:16:26.473+0300][89.031s][info ][gc] GC(3318) Pause Young (Normal) (G1 Evacuation Pause) 228M->229M(512M) 10.621ms
[2020-08-01T12:16:26.492+0300][89.050s][info ][gc] GC(3319) Pause Young (Normal) (G1 Evacuation Pause) 250M->251M(512M) 10.409ms
[2020-08-01T12:16:26.511+0300][89.069s][info ][gc] GC(3320) Pause Young (Concurrent Start) (G1 Evacuation Pause) 272M->274M(512M) 10.487ms
[2020-08-01T12:16:26.511+0300][89.069s][info ][gc] GC(3321) Concurrent Cycle
[2020-08-01T12:16:26.544+0300][89.101s][info ][gc] GC(3322) Pause Young (Normal) (G1 Evacuation Pause) 315M->316M(512M) 10.608ms
[2020-08-01T12:16:26.564+0300][89.122s][info ][gc] GC(3323) Pause Young (Normal) (G1 Evacuation Pause) 337M->338M(512M) 11.627ms
[2020-08-01T12:16:26.585+0300][89.143s][info ][gc] GC(3324) Pause Young (Normal) (G1 Evacuation Pause) 359M->359M(512M) 11.704ms
[2020-08-01T12:16:26.609+0300][89.167s][info ][gc] GC(3325) Pause Young (Normal) (G1 Evacuation Pause) 380M->382M(512M) 13.780ms
[2020-08-01T12:16:26.629+0300][89.186s][info ][gc] GC(3326) Pause Young (Normal) (G1 Evacuation Pause) 403M->405M(512M) 10.433ms
[2020-08-01T12:16:26.663+0300][89.220s][info ][gc] GC(3327) Pause Young (Normal) (G1 Evacuation Pause) 446M->448M(512M) 10.619ms
[2020-08-01T12:16:26.685+0300][89.243s][info ][gc] GC(3328) Pause Young (Normal) (G1 Evacuation Pause) 469M->471M(512M) 12.854ms
[2020-08-01T12:16:26.692+0300][89.250s][debug][gc] GC(3321) Reclaimed 131 empty regions
[2020-08-01T12:16:26.692+0300][89.250s][info ][gc] GC(3321) Pause Remark 486M->358M(512M) 0.659ms
[2020-08-01T12:16:26.705+0300][89.263s][info ][gc] GC(3329) Pause Young (Normal) (G1 Evacuation Pause) 363M->365M(512M) 11.044ms
[2020-08-01T12:16:26.732+0300][89.290s][info ][gc] GC(3330) Pause Young (Normal) (G1 Evacuation Pause) 386M->387M(512M) 11.085ms
[2020-08-01T12:16:26.758+0300][89.316s][info ][gc] GC(3331) Pause Young (Normal) (G1 Evacuation Pause) 408M->410M(512M) 10.375ms
[2020-08-01T12:16:26.787+0300][89.345s][info ][gc] GC(3332) Pause Young (Normal) (G1 Evacuation Pause) 431M->432M(512M) 12.724ms
[2020-08-01T12:16:26.840+0300][89.397s][info ][gc] GC(3333) Pause Young (Normal) (G1 Evacuation Pause) 473M->474M(512M) 12.296ms
[2020-08-01T12:16:26.879+0300][89.437s][info ][gc] GC(3334) To-space exhausted
[2020-08-01T12:16:26.879+0300][89.437s][info ][gc] GC(3334) Pause Young (Normal) (G1 Evacuation Pause) 495M->503M(512M) 21.067ms
[2020-08-01T12:16:26.910+0300][89.467s][info ][gc] GC(3335) To-space exhausted
[2020-08-01T12:16:26.910+0300][89.467s][info ][gc] GC(3335) Pause Young (Normal) (G1 Evacuation Pause) 511M->511M(512M) 19.508ms
[2020-08-01T12:16:26.910+0300][89.468s][debug][gc] GC(3336) Clear Next Bitmap 0.326ms
[2020-08-01T12:16:26.950+0300][89.508s][info ][gc] GC(3336) Pause Full (G1 Evacuation Pause) 511M->64M(512M) 40.126ms
[2020-08-01T12:16:26.950+0300][89.508s][info ][gc] GC(3321) Concurrent Cycle 439.017ms
[2020-08-01T12:16:26.974+0300][89.531s][info ][gc] GC(3337) Pause Young (Normal) (G1 Evacuation Pause) 92M->92M(512M) 12.408ms
[2020-08-01T12:16:26.995+0300][89.553s][info ][gc] GC(3338) Pause Young (Normal) (G1 Evacuation Pause) 117M->119M(512M) 11.474ms
[2020-08-01T12:16:27.035+0300][89.593s][info ][gc] GC(3339) Pause Young (Normal) (G1 Evacuation Pause) 161M->162M(512M) 11.150ms
[2020-08-01T12:16:27.054+0300][89.612s][info ][gc] GC(3340) Pause Young (Normal) (G1 Evacuation Pause) 183M->184M(512M) 10.944ms
[2020-08-01T12:16:27.073+0300][89.631s][info ][gc] GC(3341) Pause Young (Normal) (G1 Evacuation Pause) 205M->207M(512M) 10.268ms
[2020-08-01T12:16:27.092+0300][89.649s][info ][gc] GC(3342) Pause Young (Normal) (G1 Evacuation Pause) 228M->229M(512M) 10.251ms
[2020-08-01T12:16:27.111+0300][89.668s][info ][gc] GC(3343) Pause Young (Normal) (G1 Evacuation Pause) 250M->251M(512M) 10.429ms
[2020-08-01T12:16:27.130+0300][89.688s][info ][gc] GC(3344) Pause Young (Concurrent Start) (G1 Evacuation Pause) 273M->275M(512M) 10.734ms
[2020-08-01T12:16:27.130+0300][89.688s][info ][gc] GC(3345) Concurrent Cycle
[2020-08-01T12:16:27.165+0300][89.723s][info ][gc] GC(3346) Pause Young (Normal) (G1 Evacuation Pause) 316M->317M(512M) 11.208ms
[2020-08-01T12:16:27.184+0300][89.742s][info ][gc] GC(3347) Pause Young (Normal) (G1 Evacuation Pause) 338M->340M(512M) 10.401ms
[2020-08-01T12:16:27.203+0300][89.761s][info ][gc] GC(3348) Pause Young (Normal) (G1 Evacuation Pause) 361M->362M(512M) 10.557ms
[2020-08-01T12:16:27.223+0300][89.781s][info ][gc] GC(3349) Pause Young (Normal) (G1 Evacuation Pause) 383M->385M(512M) 10.615ms
[2020-08-01T12:16:27.242+0300][89.800s][info ][gc] GC(3350) Pause Young (Normal) (G1 Evacuation Pause) 406M->407M(512M) 10.363ms
[2020-08-01T12:16:27.285+0300][89.843s][info ][gc] GC(3351) Pause Young (Normal) (G1 Evacuation Pause) 448M->450M(512M) 10.995ms
[2020-08-01T12:16:27.292+0300][89.850s][debug][gc] GC(3345) Reclaimed 126 empty regions
[2020-08-01T12:16:27.292+0300][89.850s][info ][gc] GC(3345) Pause Remark 464M->340M(512M) 0.712ms
[2020-08-01T12:16:27.305+0300][89.863s][info ][gc] GC(3352) Pause Young (Normal) (G1 Evacuation Pause) 347M->348M(512M) 10.769ms
[2020-08-01T12:16:27.333+0300][89.890s][info ][gc] GC(3353) Pause Young (Normal) (G1 Evacuation Pause) 369M->371M(512M) 10.426ms
[2020-08-01T12:16:27.359+0300][89.917s][info ][gc] GC(3354) Pause Young (Normal) (G1 Evacuation Pause) 392M->393M(512M) 10.680ms
[2020-08-01T12:16:27.383+0300][89.941s][info ][gc] GC(3355) Pause Young (Normal) (G1 Evacuation Pause) 414M->416M(512M) 11.154ms
[2020-08-01T12:16:27.412+0300][89.970s][info ][gc] GC(3356) Pause Young (Normal) (G1 Evacuation Pause) 437M->439M(512M) 10.575ms
[2020-08-01T12:16:27.462+0300][90.020s][info ][gc] GC(3357) Pause Young (Normal) (G1 Evacuation Pause) 480M->481M(512M) 10.576ms
[2020-08-01T12:16:27.502+0300][90.060s][info ][gc] GC(3358) To-space exhausted
[2020-08-01T12:16:27.502+0300][90.060s][info ][gc] GC(3358) Pause Young (Normal) (G1 Evacuation Pause) 502M->509M(512M) 25.181ms
[2020-08-01T12:16:27.520+0300][90.077s][info ][gc] GC(3359) To-space exhausted
[2020-08-01T12:16:27.520+0300][90.078s][info ][gc] GC(3359) Pause Young (Normal) (G1 Evacuation Pause) 511M->511M(512M) 9.075ms
[2020-08-01T12:16:27.520+0300][90.078s][debug][gc] GC(3360) Clear Next Bitmap 0.385ms
[2020-08-01T12:16:27.556+0300][90.113s][info ][gc] GC(3360) Pause Full (G1 Evacuation Pause) 511M->61M(512M) 35.808ms
[2020-08-01T12:16:27.556+0300][90.114s][info ][gc] GC(3345) Concurrent Cycle 425.651ms
[2020-08-01T12:16:27.578+0300][90.136s][info ][gc] GC(3361) Pause Young (Normal) (G1 Evacuation Pause) 89M->89M(512M) 10.928ms
[2020-08-01T12:16:27.601+0300][90.159s][info ][gc] GC(3362) Pause Young (Normal) (G1 Evacuation Pause) 115M->116M(512M) 12.346ms
[2020-08-01T12:16:27.620+0300][90.178s][info ][gc] GC(3363) Pause Young (Normal) (G1 Evacuation Pause) 138M->139M(512M) 10.393ms
[2020-08-01T12:16:27.667+0300][90.225s][info ][gc] GC(3364) Pause Young (Normal) (G1 Evacuation Pause) 181M->183M(512M) 11.053ms
[2020-08-01T12:16:27.687+0300][90.244s][info ][gc] GC(3365) Pause Young (Normal) (G1 Evacuation Pause) 205M->207M(512M) 10.567ms
[2020-08-01T12:16:27.708+0300][90.265s][info ][gc] GC(3366) Pause Young (Normal) (G1 Evacuation Pause) 229M->230M(512M) 12.141ms
[2020-08-01T12:16:27.730+0300][90.288s][info ][gc] GC(3367) Pause Young (Normal) (G1 Evacuation Pause) 252M->254M(512M) 13.447ms
[2020-08-01T12:16:27.749+0300][90.307s][info ][gc] GC(3368) Pause Young (Concurrent Start) (G1 Evacuation Pause) 275M->277M(512M) 10.526ms
[2020-08-01T12:16:27.749+0300][90.307s][info ][gc] GC(3369) Concurrent Cycle
[2020-08-01T12:16:27.789+0300][90.347s][info ][gc] GC(3370) Pause Young (Normal) (G1 Evacuation Pause) 318M->319M(512M) 11.203ms
[2020-08-01T12:16:27.808+0300][90.366s][info ][gc] GC(3371) Pause Young (Normal) (G1 Evacuation Pause) 340M->341M(512M) 10.172ms
[2020-08-01T12:16:27.827+0300][90.385s][info ][gc] GC(3372) Pause Young (Normal) (G1 Evacuation Pause) 362M->363M(512M) 10.469ms
[2020-08-01T12:16:27.846+0300][90.404s][info ][gc] GC(3373) Pause Young (Normal) (G1 Evacuation Pause) 384M->386M(512M) 10.554ms
[2020-08-01T12:16:27.866+0300][90.423s][info ][gc] GC(3374) Pause Young (Normal) (G1 Evacuation Pause) 407M->408M(512M) 10.329ms
[2020-08-01T12:16:27.900+0300][90.458s][debug][gc] GC(3369) Reclaimed 127 empty regions
[2020-08-01T12:16:27.900+0300][90.458s][info ][gc] GC(3369) Pause Remark 448M->324M(512M) 0.656ms
[2020-08-01T12:16:27.912+0300][90.470s][info ][gc] GC(3375) Pause Young (Normal) (G1 Evacuation Pause) 324M->325M(512M) 11.506ms
[2020-08-01T12:16:27.939+0300][90.497s][info ][gc] GC(3376) Pause Young (Normal) (G1 Evacuation Pause) 346M->348M(512M) 11.937ms
[2020-08-01T12:16:27.966+0300][90.524s][info ][gc] GC(3377) Pause Young (Normal) (G1 Evacuation Pause) 369M->370M(512M) 10.894ms
[2020-08-01T12:16:27.991+0300][90.549s][info ][gc] GC(3378) Pause Young (Normal) (G1 Evacuation Pause) 391M->393M(512M) 10.819ms
[2020-08-01T12:16:28.018+0300][90.576s][info ][gc] GC(3379) Pause Young (Normal) (G1 Evacuation Pause) 414M->415M(512M) 10.395ms
[2020-08-01T12:16:28.043+0300][90.600s][info ][gc] GC(3380) Pause Young (Normal) (G1 Evacuation Pause) 436M->437M(512M) 12.693ms
[2020-08-01T12:16:28.088+0300][90.646s][info ][gc] GC(3381) Pause Young (Normal) (G1 Evacuation Pause) 478M->480M(512M) 11.611ms
[2020-08-01T12:16:28.128+0300][90.686s][info ][gc] GC(3382) To-space exhausted
[2020-08-01T12:16:28.128+0300][90.686s][info ][gc] GC(3382) Pause Young (Normal) (G1 Evacuation Pause) 501M->506M(512M) 23.894ms
[2020-08-01T12:16:28.151+0300][90.709s][info ][gc] GC(3383) To-space exhausted
[2020-08-01T12:16:28.151+0300][90.709s][info ][gc] GC(3383) Pause Young (Normal) (G1 Evacuation Pause) 511M->511M(512M) 13.543ms
[2020-08-01T12:16:28.152+0300][90.710s][debug][gc] GC(3384) Clear Next Bitmap 0.444ms
[2020-08-01T12:16:28.191+0300][90.749s][info ][gc] GC(3384) Pause Full (G1 Evacuation Pause) 511M->64M(512M) 39.719ms
[2020-08-01T12:16:28.192+0300][90.749s][info ][gc] GC(3369) Concurrent Cycle 442.649ms
[2020-08-01T12:16:28.212+0300][90.770s][info ][gc] GC(3385) Pause Young (Normal) (G1 Evacuation Pause) 90M->90M(512M) 10.694ms
[2020-08-01T12:16:28.234+0300][90.792s][info ][gc] GC(3386) Pause Young (Normal) (G1 Evacuation Pause) 114M->116M(512M) 12.136ms
[2020-08-01T12:16:28.254+0300][90.811s][info ][gc] GC(3387) Pause Young (Normal) (G1 Evacuation Pause) 137M->139M(512M) 11.111ms
[2020-08-01T12:16:28.288+0300][90.846s][info ][gc] GC(3388) Pause Young (Normal) (G1 Evacuation Pause) 180M->181M(512M) 10.247ms
[2020-08-01T12:16:28.307+0300][90.865s][info ][gc] GC(3389) Pause Young (Normal) (G1 Evacuation Pause) 202M->203M(512M) 10.641ms
[2020-08-01T12:16:28.326+0300][90.884s][info ][gc] GC(3390) Pause Young (Normal) (G1 Evacuation Pause) 224M->225M(512M) 10.595ms
[2020-08-01T12:16:28.345+0300][90.902s][info ][gc] GC(3391) Pause Young (Normal) (G1 Evacuation Pause) 246M->247M(512M) 10.350ms
[2020-08-01T12:16:28.364+0300][90.922s][info ][gc] GC(3392) Pause Young (Concurrent Start) (G1 Evacuation Pause) 268M->269M(512M) 10.976ms
[2020-08-01T12:16:28.364+0300][90.922s][info ][gc] GC(3393) Concurrent Cycle
[2020-08-01T12:16:28.410+0300][90.968s][info ][gc] GC(3394) Pause Young (Normal) (G1 Evacuation Pause) 310M->312M(512M) 10.381ms
[2020-08-01T12:16:28.429+0300][90.987s][info ][gc] GC(3395) Pause Young (Normal) (G1 Evacuation Pause) 333M->334M(512M) 10.495ms
[2020-08-01T12:16:28.449+0300][91.007s][info ][gc] GC(3396) Pause Young (Normal) (G1 Evacuation Pause) 355M->356M(512M) 10.734ms
[2020-08-01T12:16:28.468+0300][91.026s][info ][gc] GC(3397) Pause Young (Normal) (G1 Evacuation Pause) 377M->379M(512M) 10.362ms
[2020-08-01T12:16:28.487+0300][91.045s][info ][gc] GC(3398) Pause Young (Normal) (G1 Evacuation Pause) 400M->401M(512M) 10.357ms
[2020-08-01T12:16:28.507+0300][91.065s][info ][gc] GC(3399) Pause Young (Normal) (G1 Evacuation Pause) 422M->423M(512M) 10.723ms
[2020-08-01T12:16:28.520+0300][91.077s][debug][gc] GC(3393) Reclaimed 131 empty regions
[2020-08-01T12:16:28.520+0300][91.077s][info ][gc] GC(3393) Pause Remark 423M->295M(512M) 0.690ms
[2020-08-01T12:16:28.541+0300][91.099s][info ][gc] GC(3400) Pause Young (Normal) (G1 Evacuation Pause) 335M->336M(512M) 10.608ms
[2020-08-01T12:16:28.571+0300][91.129s][info ][gc] GC(3401) Pause Young (Normal) (G1 Evacuation Pause) 357M->359M(512M) 11.030ms
[2020-08-01T12:16:28.600+0300][91.158s][info ][gc] GC(3402) Pause Young (Normal) (G1 Evacuation Pause) 380M->381M(512M) 11.262ms
[2020-08-01T12:16:28.631+0300][91.189s][info ][gc] GC(3403) Pause Young (Normal) (G1 Evacuation Pause) 402M->403M(512M) 12.494ms
[2020-08-01T12:16:28.659+0300][91.217s][info ][gc] GC(3404) Pause Young (Normal) (G1 Evacuation Pause) 424M->425M(512M) 12.499ms
[2020-08-01T12:16:28.706+0300][91.264s][info ][gc] GC(3405) Pause Young (Normal) (G1 Evacuation Pause) 466M->467M(512M) 11.194ms
[2020-08-01T12:16:28.729+0300][91.286s][info ][gc] GC(3406) To-space exhausted
[2020-08-01T12:16:28.729+0300][91.287s][info ][gc] GC(3406) Pause Young (Normal) (G1 Evacuation Pause) 488M->496M(512M) 14.297ms
[2020-08-01T12:16:28.775+0300][91.333s][info ][gc] GC(3407) To-space exhausted
[2020-08-01T12:16:28.776+0300][91.333s][info ][gc] GC(3407) Pause Young (Normal) (G1 Evacuation Pause) 511M->511M(512M) 27.319ms
[2020-08-01T12:16:28.776+0300][91.334s][debug][gc] GC(3408) Clear Next Bitmap 0.307ms
[2020-08-01T12:16:28.818+0300][91.376s][info ][gc] GC(3408) Pause Full (G1 Evacuation Pause) 511M->68M(512M) 42.561ms
[2020-08-01T12:16:28.818+0300][91.376s][info ][gc] GC(3393) Concurrent Cycle 454.046ms
[2020-08-01T12:16:28.841+0300][91.398s][info ][gc] GC(3409) Pause Young (Normal) (G1 Evacuation Pause) 94M->94M(512M) 11.895ms
[2020-08-01T12:16:28.862+0300][91.420s][info ][gc] GC(3410) Pause Young (Normal) (G1 Evacuation Pause) 118M->119M(512M) 11.331ms
[2020-08-01T12:16:28.940+0300][91.498s][info ][gc] GC(3411) Pause Young (Normal) (G1 Evacuation Pause) 160M->162M(512M) 36.433ms
[2020-08-01T12:16:28.966+0300][91.524s][info ][gc] GC(3412) Pause Young (Normal) (G1 Evacuation Pause) 183M->184M(512M) 12.347ms
[2020-08-01T12:16:28.985+0300][91.543s][info ][gc] GC(3413) Pause Young (Normal) (G1 Evacuation Pause) 205M->207M(512M) 10.415ms
[2020-08-01T12:16:29.004+0300][91.562s][info ][gc] GC(3414) Pause Young (Normal) (G1 Evacuation Pause) 228M->229M(512M) 10.826ms
[2020-08-01T12:16:29.023+0300][91.581s][info ][gc] GC(3415) Pause Young (Normal) (G1 Evacuation Pause) 250M->252M(512M) 10.485ms
[2020-08-01T12:16:29.043+0300][91.601s][info ][gc] GC(3416) Pause Young (Concurrent Start) (G1 Evacuation Pause) 273M->274M(512M) 10.731ms
[2020-08-01T12:16:29.043+0300][91.601s][info ][gc] GC(3417) Concurrent Cycle
[2020-08-01T12:16:29.080+0300][91.637s][info ][gc] GC(3418) Pause Young (Normal) (G1 Evacuation Pause) 315M->316M(512M) 9.928ms
[2020-08-01T12:16:29.099+0300][91.657s][info ][gc] GC(3419) Pause Young (Normal) (G1 Evacuation Pause) 337M->339M(512M) 10.781ms
[2020-08-01T12:16:29.118+0300][91.676s][info ][gc] GC(3420) Pause Young (Normal) (G1 Evacuation Pause) 360M->362M(512M) 10.183ms
[2020-08-01T12:16:29.137+0300][91.695s][info ][gc] GC(3421) Pause Young (Normal) (G1 Evacuation Pause) 383M->384M(512M) 10.436ms
[2020-08-01T12:16:29.157+0300][91.715s][info ][gc] GC(3422) Pause Young (Normal) (G1 Evacuation Pause) 405M->407M(512M) 10.558ms
[2020-08-01T12:16:29.199+0300][91.757s][info ][gc] GC(3423) Pause Young (Normal) (G1 Evacuation Pause) 448M->449M(512M) 10.889ms
[2020-08-01T12:16:29.204+0300][91.761s][debug][gc] GC(3417) Reclaimed 130 empty regions
[2020-08-01T12:16:29.204+0300][91.761s][info ][gc] GC(3417) Pause Remark 458M->331M(512M) 0.662ms
[2020-08-01T12:16:29.220+0300][91.778s][info ][gc] GC(3424) Pause Young (Normal) (G1 Evacuation Pause) 343M->344M(512M) 11.242ms
[2020-08-01T12:16:29.249+0300][91.807s][info ][gc] GC(3425) Pause Young (Normal) (G1 Evacuation Pause) 365M->366M(512M) 10.893ms
[2020-08-01T12:16:29.277+0300][91.835s][info ][gc] GC(3426) Pause Young (Normal) (G1 Evacuation Pause) 387M->389M(512M) 10.970ms
[2020-08-01T12:16:29.303+0300][91.861s][info ][gc] GC(3427) Pause Young (Normal) (G1 Evacuation Pause) 410M->411M(512M) 10.466ms
[2020-08-01T12:16:29.330+0300][91.888s][info ][gc] GC(3428) Pause Young (Normal) (G1 Evacuation Pause) 432M->434M(512M) 10.661ms
[2020-08-01T12:16:29.373+0300][91.931s][info ][gc] GC(3429) Pause Young (Normal) (G1 Evacuation Pause) 475M->476M(512M) 11.323ms
[2020-08-01T12:16:29.409+0300][91.967s][info ][gc] GC(3430) To-space exhausted
[2020-08-01T12:16:29.409+0300][91.967s][info ][gc] GC(3430) Pause Young (Normal) (G1 Evacuation Pause) 497M->505M(512M) 20.267ms
[2020-08-01T12:16:29.434+0300][91.992s][info ][gc] GC(3431) To-space exhausted
[2020-08-01T12:16:29.434+0300][91.992s][info ][gc] GC(3431) Pause Young (Normal) (G1 Evacuation Pause) 511M->511M(512M) 14.421ms
[2020-08-01T12:16:29.435+0300][91.992s][debug][gc] GC(3432) Clear Next Bitmap 0.358ms
[2020-08-01T12:16:29.474+0300][92.032s][info ][gc] GC(3432) Pause Full (G1 Evacuation Pause) 511M->63M(512M) 39.715ms
[2020-08-01T12:16:29.474+0300][92.032s][info ][gc] GC(3417) Concurrent Cycle 431.452ms
[2020-08-01T12:16:29.495+0300][92.053s][info ][gc] GC(3433) Pause Young (Normal) (G1 Evacuation Pause) 88M->88M(512M) 10.448ms
[2020-08-01T12:16:29.514+0300][92.071s][info ][gc] GC(3434) Pause Young (Normal) (G1 Evacuation Pause) 109M->111M(512M) 10.447ms
[2020-08-01T12:16:29.532+0300][92.090s][info ][gc] GC(3435) Pause Young (Normal) (G1 Evacuation Pause) 132M->133M(512M) 10.385ms
[2020-08-01T12:16:29.603+0300][92.161s][info ][gc] GC(3436) Pause Young (Normal) (G1 Evacuation Pause) 174M->175M(512M) 23.375ms
[2020-08-01T12:16:29.628+0300][92.186s][info ][gc] GC(3437) Pause Young (Normal) (G1 Evacuation Pause) 196M->198M(512M) 12.491ms
[2020-08-01T12:16:29.648+0300][92.206s][info ][gc] GC(3438) Pause Young (Normal) (G1 Evacuation Pause) 219M->221M(512M) 11.329ms
[2020-08-01T12:16:29.668+0300][92.226s][info ][gc] GC(3439) Pause Young (Normal) (G1 Evacuation Pause) 242M->243M(512M) 10.364ms
[2020-08-01T12:16:29.687+0300][92.245s][info ][gc] GC(3440) Pause Young (Concurrent Start) (G1 Evacuation Pause) 264M->265M(512M) 10.659ms
[2020-08-01T12:16:29.687+0300][92.245s][info ][gc] GC(3441) Concurrent Cycle
[2020-08-01T12:16:29.729+0300][92.287s][info ][gc] GC(3442) Pause Young (Normal) (G1 Evacuation Pause) 306M->307M(512M) 10.187ms
[2020-08-01T12:16:29.748+0300][92.306s][info ][gc] GC(3443) Pause Young (Normal) (G1 Evacuation Pause) 328M->330M(512M) 10.317ms
[2020-08-01T12:16:29.767+0300][92.325s][info ][gc] GC(3444) Pause Young (Normal) (G1 Evacuation Pause) 351M->351M(512M) 10.890ms
[2020-08-01T12:16:29.787+0300][92.345s][info ][gc] GC(3445) Pause Young (Normal) (G1 Evacuation Pause) 372M->373M(512M) 10.710ms
[2020-08-01T12:16:29.806+0300][92.364s][info ][gc] GC(3446) Pause Young (Normal) (G1 Evacuation Pause) 394M->395M(512M) 10.447ms
[2020-08-01T12:16:29.825+0300][92.383s][info ][gc] GC(3447) Pause Young (Normal) (G1 Evacuation Pause) 416M->418M(512M) 10.677ms
[2020-08-01T12:16:29.840+0300][92.398s][debug][gc] GC(3441) Reclaimed 128 empty regions
[2020-08-01T12:16:29.840+0300][92.398s][info ][gc] GC(3441) Pause Remark 424M->298M(512M) 0.611ms
[2020-08-01T12:16:29.872+0300][92.430s][info ][gc] GC(3448) Pause Young (Normal) (G1 Evacuation Pause) 333M->334M(512M) 11.577ms
[2020-08-01T12:16:29.903+0300][92.461s][info ][gc] GC(3449) Pause Young (Normal) (G1 Evacuation Pause) 355M->357M(512M) 11.121ms
[2020-08-01T12:16:29.930+0300][92.488s][info ][gc] GC(3450) Pause Young (Normal) (G1 Evacuation Pause) 378M->380M(512M) 10.773ms
[2020-08-01T12:16:29.957+0300][92.515s][info ][gc] GC(3451) Pause Young (Normal) (G1 Evacuation Pause) 401M->402M(512M) 10.635ms
[2020-08-01T12:16:29.982+0300][92.540s][info ][gc] GC(3452) Pause Young (Normal) (G1 Evacuation Pause) 423M->424M(512M) 10.518ms
[2020-08-01T12:16:30.026+0300][92.584s][info ][gc] GC(3453) Pause Young (Normal) (G1 Evacuation Pause) 465M->467M(512M) 10.810ms
[2020-08-01T12:16:30.053+0300][92.610s][info ][gc] GC(3454) To-space exhausted
[2020-08-01T12:16:30.053+0300][92.610s][info ][gc] GC(3454) Pause Young (Normal) (G1 Evacuation Pause) 488M->496M(512M) 11.945ms
[2020-08-01T12:16:30.066+0300][92.623s][info ][gc] GC(3441) Pause Cleanup 510M->510M(512M) 0.141ms
[2020-08-01T12:16:30.066+0300][92.624s][info ][gc] GC(3441) Concurrent Cycle 378.893ms
[2020-08-01T12:16:30.093+0300][92.651s][info ][gc] GC(3455) To-space exhausted
[2020-08-01T12:16:30.093+0300][92.651s][info ][gc] GC(3455) Pause Young (Normal) (G1 Evacuation Pause) 511M->511M(512M) 26.498ms
[2020-08-01T12:16:30.134+0300][92.692s][info ][gc] GC(3456) Pause Full (G1 Evacuation Pause) 511M->63M(512M) 40.726ms
[2020-08-01T12:16:30.155+0300][92.712s][info ][gc] GC(3457) Pause Young (Normal) (G1 Evacuation Pause) 88M->88M(512M) 10.671ms
[2020-08-01T12:16:30.173+0300][92.731s][info ][gc] GC(3458) Pause Young (Normal) (G1 Evacuation Pause) 109M->111M(512M) 10.425ms
[2020-08-01T12:16:30.192+0300][92.750s][info ][gc] GC(3459) Pause Young (Normal) (G1 Evacuation Pause) 132M->133M(512M) 10.467ms
[2020-08-01T12:16:30.270+0300][92.828s][info ][gc] GC(3460) Pause Young (Normal) (G1 Evacuation Pause) 174M->175M(512M) 23.205ms
[2020-08-01T12:16:30.295+0300][92.853s][info ][gc] GC(3461) Pause Young (Normal) (G1 Evacuation Pause) 196M->198M(512M) 13.121ms
[2020-08-01T12:16:30.315+0300][92.873s][info ][gc] GC(3462) Pause Young (Normal) (G1 Evacuation Pause) 219M->220M(512M) 10.787ms
[2020-08-01T12:16:30.334+0300][92.891s][info ][gc] GC(3463) Pause Young (Normal) (G1 Evacuation Pause) 241M->242M(512M) 10.502ms
[2020-08-01T12:16:30.353+0300][92.911s][info ][gc] GC(3464) Pause Young (Concurrent Start) (G1 Evacuation Pause) 263M->265M(512M) 11.096ms
[2020-08-01T12:16:30.353+0300][92.911s][info ][gc] GC(3465) Concurrent Cycle
[2020-08-01T12:16:30.397+0300][92.955s][info ][gc] GC(3466) Pause Young (Normal) (G1 Evacuation Pause) 306M->307M(512M) 10.300ms
[2020-08-01T12:16:30.416+0300][92.974s][info ][gc] GC(3467) Pause Young (Normal) (G1 Evacuation Pause) 328M->330M(512M) 10.574ms
[2020-08-01T12:16:30.436+0300][92.994s][info ][gc] GC(3468) Pause Young (Normal) (G1 Evacuation Pause) 351M->352M(512M) 10.591ms
[2020-08-01T12:16:30.455+0300][93.013s][info ][gc] GC(3469) Pause Young (Normal) (G1 Evacuation Pause) 373M->375M(512M) 10.552ms
[2020-08-01T12:16:30.474+0300][93.032s][info ][gc] GC(3470) Pause Young (Normal) (G1 Evacuation Pause) 396M->397M(512M) 10.149ms
[2020-08-01T12:16:30.493+0300][93.051s][info ][gc] GC(3471) Pause Young (Normal) (G1 Evacuation Pause) 418M->420M(512M) 10.627ms
[2020-08-01T12:16:30.504+0300][93.062s][debug][gc] GC(3465) Reclaimed 129 empty regions
[2020-08-01T12:16:30.504+0300][93.062s][info ][gc] GC(3465) Pause Remark 425M->298M(512M) 0.619ms
[2020-08-01T12:16:30.526+0300][93.084s][info ][gc] GC(3472) Pause Young (Normal) (G1 Evacuation Pause) 334M->335M(512M) 11.439ms
[2020-08-01T12:16:30.554+0300][93.112s][info ][gc] GC(3473) Pause Young (Normal) (G1 Evacuation Pause) 356M->358M(512M) 10.599ms
[2020-08-01T12:16:30.581+0300][93.139s][info ][gc] GC(3474) Pause Young (Normal) (G1 Evacuation Pause) 379M->380M(512M) 10.655ms
[2020-08-01T12:16:30.612+0300][93.170s][info ][gc] GC(3475) Pause Young (Normal) (G1 Evacuation Pause) 401M->403M(512M) 14.441ms
[2020-08-01T12:16:30.642+0300][93.200s][info ][gc] GC(3476) Pause Young (Normal) (G1 Evacuation Pause) 424M->426M(512M) 12.188ms
[2020-08-01T12:16:30.695+0300][93.253s][info ][gc] GC(3477) Pause Young (Normal) (G1 Evacuation Pause) 467M->467M(512M) 10.580ms
[2020-08-01T12:16:30.724+0300][93.282s][info ][gc] GC(3478) To-space exhausted
[2020-08-01T12:16:30.724+0300][93.282s][info ][gc] GC(3478) Pause Young (Normal) (G1 Evacuation Pause) 488M->495M(512M) 12.948ms
[2020-08-01T12:16:30.736+0300][93.294s][info ][gc] GC(3465) Pause Cleanup 506M->506M(512M) 0.122ms
[2020-08-01T12:16:30.737+0300][93.294s][info ][gc] GC(3465) Concurrent Cycle 383.221ms
[2020-08-01T12:16:30.768+0300][93.326s][info ][gc] GC(3479) To-space exhausted
[2020-08-01T12:16:30.768+0300][93.326s][info ][gc] GC(3479) Pause Young (Normal) (G1 Evacuation Pause) 511M->511M(512M) 29.616ms
[2020-08-01T12:16:30.806+0300][93.364s][info ][gc] GC(3480) Pause Full (G1 Evacuation Pause) 511M->64M(512M) 38.097ms
[2020-08-01T12:16:30.827+0300][93.384s][info ][gc] GC(3481) Pause Young (Normal) (G1 Evacuation Pause) 89M->89M(512M) 10.495ms
[2020-08-01T12:16:30.846+0300][93.404s][info ][gc] GC(3482) Pause Young (Normal) (G1 Evacuation Pause) 110M->111M(512M) 10.571ms
[2020-08-01T12:16:30.865+0300][93.422s][info ][gc] GC(3483) Pause Young (Normal) (G1 Evacuation Pause) 132M->134M(512M) 10.420ms
[2020-08-01T12:16:30.900+0300][93.458s][info ][gc] GC(3484) Pause Young (Normal) (G1 Evacuation Pause) 175M->176M(512M) 10.544ms
[2020-08-01T12:16:30.919+0300][93.477s][info ][gc] GC(3485) Pause Young (Normal) (G1 Evacuation Pause) 197M->199M(512M) 10.585ms
[2020-08-01T12:16:30.938+0300][93.495s][info ][gc] GC(3486) Pause Young (Normal) (G1 Evacuation Pause) 220M->221M(512M) 10.278ms
[2020-08-01T12:16:30.956+0300][93.514s][info ][gc] GC(3487) Pause Young (Normal) (G1 Evacuation Pause) 242M->243M(512M) 10.459ms
[2020-08-01T12:16:30.975+0300][93.533s][info ][gc] GC(3488) Pause Young (Concurrent Start) (G1 Evacuation Pause) 264M->266M(512M) 10.644ms
[2020-08-01T12:16:30.976+0300][93.533s][info ][gc] GC(3489) Concurrent Cycle
[2020-08-01T12:16:31.022+0300][93.580s][info ][gc] GC(3490) Pause Young (Normal) (G1 Evacuation Pause) 307M->309M(512M) 11.059ms
[2020-08-01T12:16:31.042+0300][93.600s][info ][gc] GC(3491) Pause Young (Normal) (G1 Evacuation Pause) 330M->331M(512M) 10.506ms
[2020-08-01T12:16:31.061+0300][93.619s][info ][gc] GC(3492) Pause Young (Normal) (G1 Evacuation Pause) 352M->353M(512M) 10.406ms
[2020-08-01T12:16:31.080+0300][93.638s][info ][gc] GC(3493) Pause Young (Normal) (G1 Evacuation Pause) 374M->375M(512M) 10.651ms
[2020-08-01T12:16:31.099+0300][93.657s][info ][gc] GC(3494) Pause Young (Normal) (G1 Evacuation Pause) 396M->398M(512M) 10.337ms
[2020-08-01T12:16:31.118+0300][93.676s][info ][gc] GC(3495) Pause Young (Normal) (G1 Evacuation Pause) 419M->420M(512M) 10.395ms
[2020-08-01T12:16:31.128+0300][93.686s][debug][gc] GC(3489) Reclaimed 129 empty regions
[2020-08-01T12:16:31.129+0300][93.686s][info ][gc] GC(3489) Pause Remark 424M->297M(512M) 0.604ms
[2020-08-01T12:16:31.151+0300][93.709s][info ][gc] GC(3496) Pause Young (Normal) (G1 Evacuation Pause) 333M->334M(512M) 10.687ms
[2020-08-01T12:16:31.178+0300][93.735s][info ][gc] GC(3497) Pause Young (Normal) (G1 Evacuation Pause) 355M->357M(512M) 10.630ms
[2020-08-01T12:16:31.205+0300][93.763s][info ][gc] GC(3498) Pause Young (Normal) (G1 Evacuation Pause) 378M->380M(512M) 11.192ms
[2020-08-01T12:16:31.232+0300][93.789s][info ][gc] GC(3499) Pause Young (Normal) (G1 Evacuation Pause) 401M->402M(512M) 10.639ms
[2020-08-01T12:16:31.259+0300][93.817s][info ][gc] GC(3500) Pause Young (Normal) (G1 Evacuation Pause) 423M->424M(512M) 10.846ms
[2020-08-01T12:16:31.302+0300][93.860s][info ][gc] GC(3501) Pause Young (Normal) (G1 Evacuation Pause) 465M->467M(512M) 11.572ms
[2020-08-01T12:16:31.331+0300][93.889s][info ][gc] GC(3502) To-space exhausted
[2020-08-01T12:16:31.331+0300][93.889s][info ][gc] GC(3502) Pause Young (Normal) (G1 Evacuation Pause) 488M->494M(512M) 13.257ms
[2020-08-01T12:16:31.375+0300][93.933s][info ][gc] GC(3503) To-space exhausted
[2020-08-01T12:16:31.375+0300][93.933s][info ][gc] GC(3503) Pause Young (Normal) (G1 Evacuation Pause) 511M->511M(512M) 29.016ms
[2020-08-01T12:16:31.375+0300][93.933s][debug][gc] GC(3504) Clear Next Bitmap 0.337ms
[2020-08-01T12:16:31.417+0300][93.974s][info ][gc] GC(3504) Pause Full (G1 Evacuation Pause) 511M->67M(512M) 41.552ms
[2020-08-01T12:16:31.417+0300][93.975s][info ][gc] GC(3489) Concurrent Cycle 441.297ms
[2020-08-01T12:16:31.437+0300][93.995s][info ][gc] GC(3505) Pause Young (Normal) (G1 Evacuation Pause) 93M->93M(512M) 10.220ms
[2020-08-01T12:16:31.459+0300][94.016s][info ][gc] GC(3506) Pause Young (Normal) (G1 Evacuation Pause) 118M->120M(512M) 11.371ms
[2020-08-01T12:16:31.530+0300][94.088s][info ][gc] GC(3507) Pause Young (Normal) (G1 Evacuation Pause) 161M->162M(512M) 26.637ms
[2020-08-01T12:16:31.554+0300][94.111s][info ][gc] GC(3508) Pause Young (Normal) (G1 Evacuation Pause) 183M->184M(512M) 11.935ms
[2020-08-01T12:16:31.573+0300][94.131s][info ][gc] GC(3509) Pause Young (Normal) (G1 Evacuation Pause) 205M->206M(512M) 10.768ms
[2020-08-01T12:16:31.592+0300][94.149s][info ][gc] GC(3510) Pause Young (Normal) (G1 Evacuation Pause) 227M->228M(512M) 10.440ms
[2020-08-01T12:16:31.612+0300][94.170s][info ][gc] GC(3511) Pause Young (Normal) (G1 Evacuation Pause) 249M->251M(512M) 12.185ms
[2020-08-01T12:16:31.633+0300][94.190s][info ][gc] GC(3512) Pause Young (Concurrent Start) (G1 Evacuation Pause) 272M->274M(512M) 11.506ms
[2020-08-01T12:16:31.633+0300][94.191s][info ][gc] GC(3513) Concurrent Cycle
[2020-08-01T12:16:31.679+0300][94.237s][info ][gc] GC(3514) Pause Young (Normal) (G1 Evacuation Pause) 315M->315M(512M) 11.348ms
[2020-08-01T12:16:31.698+0300][94.256s][info ][gc] GC(3515) Pause Young (Normal) (G1 Evacuation Pause) 336M->338M(512M) 10.291ms
[2020-08-01T12:16:31.718+0300][94.275s][info ][gc] GC(3516) Pause Young (Normal) (G1 Evacuation Pause) 359M->360M(512M) 10.953ms
[2020-08-01T12:16:31.737+0300][94.295s][info ][gc] GC(3517) Pause Young (Normal) (G1 Evacuation Pause) 381M->382M(512M) 10.268ms
[2020-08-01T12:16:31.756+0300][94.314s][info ][gc] GC(3518) Pause Young (Normal) (G1 Evacuation Pause) 403M->405M(512M) 10.352ms
[2020-08-01T12:16:31.783+0300][94.341s][debug][gc] GC(3513) Reclaimed 133 empty regions
[2020-08-01T12:16:31.783+0300][94.341s][info ][gc] GC(3513) Pause Remark 423M->294M(512M) 0.621ms
[2020-08-01T12:16:31.800+0300][94.357s][info ][gc] GC(3519) Pause Young (Normal) (G1 Evacuation Pause) 316M->318M(512M) 10.327ms
[2020-08-01T12:16:31.827+0300][94.385s][info ][gc] GC(3520) Pause Young (Normal) (G1 Evacuation Pause) 339M->340M(512M) 10.741ms
[2020-08-01T12:16:31.851+0300][94.409s][info ][gc] GC(3521) Pause Young (Normal) (G1 Evacuation Pause) 361M->363M(512M) 10.886ms
[2020-08-01T12:16:31.881+0300][94.439s][info ][gc] GC(3522) Pause Young (Normal) (G1 Evacuation Pause) 384M->386M(512M) 10.580ms
[2020-08-01T12:16:31.908+0300][94.466s][info ][gc] GC(3523) Pause Young (Normal) (G1 Evacuation Pause) 407M->408M(512M) 10.512ms
[2020-08-01T12:16:31.935+0300][94.493s][info ][gc] GC(3524) Pause Young (Normal) (G1 Evacuation Pause) 429M->430M(512M) 10.592ms
[2020-08-01T12:16:31.977+0300][94.535s][info ][gc] GC(3525) Pause Young (Normal) (G1 Evacuation Pause) 471M->473M(512M) 10.934ms
[2020-08-01T12:16:32.011+0300][94.568s][info ][gc] GC(3526) To-space exhausted
[2020-08-01T12:16:32.011+0300][94.568s][info ][gc] GC(3526) Pause Young (Normal) (G1 Evacuation Pause) 494M->500M(512M) 17.357ms
[2020-08-01T12:16:32.019+0300][94.577s][info ][gc] GC(3513) Pause Cleanup 504M->504M(512M) 0.128ms
[2020-08-01T12:16:32.020+0300][94.578s][info ][gc] GC(3513) Concurrent Cycle 387.284ms
[2020-08-01T12:16:32.043+0300][94.601s][info ][gc] GC(3527) To-space exhausted
[2020-08-01T12:16:32.043+0300][94.601s][info ][gc] GC(3527) Pause Young (Normal) (G1 Evacuation Pause) 511M->511M(512M) 20.065ms
[2020-08-01T12:16:32.083+0300][94.641s][info ][gc] GC(3528) Pause Full (G1 Evacuation Pause) 511M->67M(512M) 40.207ms
[2020-08-01T12:16:32.104+0300][94.662s][info ][gc] GC(3529) Pause Young (Normal) (G1 Evacuation Pause) 92M->93M(512M) 10.688ms
[2020-08-01T12:16:32.123+0300][94.681s][info ][gc] GC(3530) Pause Young (Normal) (G1 Evacuation Pause) 115M->116M(512M) 10.331ms
[2020-08-01T12:16:32.142+0300][94.700s][info ][gc] GC(3531) Pause Young (Normal) (G1 Evacuation Pause) 137M->138M(512M) 10.529ms
[2020-08-01T12:16:32.195+0300][94.752s][info ][gc] GC(3532) Pause Young (Normal) (G1 Evacuation Pause) 179M->181M(512M) 14.677ms
[2020-08-01T12:16:32.215+0300][94.773s][info ][gc] GC(3533) Pause Young (Normal) (G1 Evacuation Pause) 202M->203M(512M) 10.594ms
[2020-08-01T12:16:32.235+0300][94.793s][info ][gc] GC(3534) Pause Young (Normal) (G1 Evacuation Pause) 224M->226M(512M) 11.783ms
[2020-08-01T12:16:32.254+0300][94.812s][info ][gc] GC(3535) Pause Young (Normal) (G1 Evacuation Pause) 247M->248M(512M) 10.757ms
[2020-08-01T12:16:32.274+0300][94.831s][info ][gc] GC(3536) Pause Young (Concurrent Start) (G1 Evacuation Pause) 269M->271M(512M) 10.768ms
[2020-08-01T12:16:32.274+0300][94.831s][info ][gc] GC(3537) Concurrent Cycle
[2020-08-01T12:16:32.321+0300][94.878s][info ][gc] GC(3538) Pause Young (Normal) (G1 Evacuation Pause) 312M->313M(512M) 12.601ms
[2020-08-01T12:16:32.342+0300][94.899s][info ][gc] GC(3539) Pause Young (Normal) (G1 Evacuation Pause) 334M->336M(512M) 12.181ms
[2020-08-01T12:16:32.361+0300][94.919s][info ][gc] GC(3540) Pause Young (Normal) (G1 Evacuation Pause) 357M->358M(512M) 10.701ms
[2020-08-01T12:16:32.380+0300][94.938s][info ][gc] GC(3541) Pause Young (Normal) (G1 Evacuation Pause) 379M->380M(512M) 10.534ms
[2020-08-01T12:16:32.401+0300][94.959s][info ][gc] GC(3542) Pause Young (Normal) (G1 Evacuation Pause) 401M->403M(512M) 12.415ms
[2020-08-01T12:16:32.426+0300][94.984s][debug][gc] GC(3537) Reclaimed 134 empty regions
[2020-08-01T12:16:32.426+0300][94.984s][info ][gc] GC(3537) Pause Remark 444M->313M(512M) 0.811ms
[2020-08-01T12:16:32.440+0300][94.997s][info ][gc] GC(3543) Pause Young (Normal) (G1 Evacuation Pause) 313M->315M(512M) 12.283ms
[2020-08-01T12:16:32.466+0300][95.023s][info ][gc] GC(3544) Pause Young (Normal) (G1 Evacuation Pause) 336M->337M(512M) 10.785ms
[2020-08-01T12:16:32.492+0300][95.050s][info ][gc] GC(3545) Pause Young (Normal) (G1 Evacuation Pause) 358M->360M(512M) 10.586ms
[2020-08-01T12:16:32.518+0300][95.076s][info ][gc] GC(3546) Pause Young (Normal) (G1 Evacuation Pause) 381M->382M(512M) 11.062ms
[2020-08-01T12:16:32.546+0300][95.104s][info ][gc] GC(3547) Pause Young (Normal) (G1 Evacuation Pause) 403M->404M(512M) 10.688ms
[2020-08-01T12:16:32.571+0300][95.129s][info ][gc] GC(3548) Pause Young (Normal) (G1 Evacuation Pause) 425M->427M(512M) 10.603ms
[2020-08-01T12:16:32.615+0300][95.173s][info ][gc] GC(3549) Pause Young (Normal) (G1 Evacuation Pause) 468M->470M(512M) 12.036ms
[2020-08-01T12:16:32.644+0300][95.202s][info ][gc] GC(3550) To-space exhausted
[2020-08-01T12:16:32.644+0300][95.202s][info ][gc] GC(3550) Pause Young (Normal) (G1 Evacuation Pause) 491M->500M(512M) 15.626ms
[2020-08-01T12:16:32.678+0300][95.236s][info ][gc] GC(3551) To-space exhausted
[2020-08-01T12:16:32.679+0300][95.236s][info ][gc] GC(3551) Pause Young (Normal) (G1 Evacuation Pause) 511M->511M(512M) 21.959ms
[2020-08-01T12:16:32.679+0300][95.237s][debug][gc] GC(3552) Clear Next Bitmap 0.285ms
[2020-08-01T12:16:32.718+0300][95.276s][info ][gc] GC(3552) Pause Full (G1 Evacuation Pause) 511M->64M(512M) 39.163ms
[2020-08-01T12:16:32.718+0300][95.276s][info ][gc] GC(3537) Concurrent Cycle 444.487ms
[2020-08-01T12:16:32.740+0300][95.298s][info ][gc] GC(3553) Pause Young (Normal) (G1 Evacuation Pause) 89M->90M(512M) 10.751ms
[2020-08-01T12:16:32.761+0300][95.319s][info ][gc] GC(3554) Pause Young (Normal) (G1 Evacuation Pause) 113M->114M(512M) 12.200ms
[2020-08-01T12:16:32.781+0300][95.338s][info ][gc] GC(3555) Pause Young (Normal) (G1 Evacuation Pause) 135M->136M(512M) 10.658ms
[2020-08-01T12:16:32.845+0300][95.402s][info ][gc] GC(3556) Pause Young (Normal) (G1 Evacuation Pause) 177M->178M(512M) 20.419ms
[2020-08-01T12:16:32.866+0300][95.424s][info ][gc] GC(3557) Pause Young (Normal) (G1 Evacuation Pause) 199M->201M(512M) 11.068ms
[2020-08-01T12:16:32.886+0300][95.443s][info ][gc] GC(3558) Pause Young (Normal) (G1 Evacuation Pause) 222M->223M(512M) 10.622ms
[2020-08-01T12:16:32.904+0300][95.462s][info ][gc] GC(3559) Pause Young (Normal) (G1 Evacuation Pause) 244M->246M(512M) 10.283ms
[2020-08-01T12:16:32.923+0300][95.481s][info ][gc] GC(3560) Pause Young (Concurrent Start) (G1 Evacuation Pause) 267M->268M(512M) 10.672ms
[2020-08-01T12:16:32.923+0300][95.481s][info ][gc] GC(3561) Concurrent Cycle
[2020-08-01T12:16:32.957+0300][95.514s][info ][gc] GC(3562) Pause Young (Normal) (G1 Evacuation Pause) 309M->310M(512M) 10.366ms
[2020-08-01T12:16:32.976+0300][95.534s][info ][gc] GC(3563) Pause Young (Normal) (G1 Evacuation Pause) 331M->333M(512M) 10.942ms
[2020-08-01T12:16:32.996+0300][95.553s][info ][gc] GC(3564) Pause Young (Normal) (G1 Evacuation Pause) 354M->355M(512M) 10.446ms
[2020-08-01T12:16:33.015+0300][95.573s][info ][gc] GC(3565) Pause Young (Normal) (G1 Evacuation Pause) 376M->377M(512M) 10.930ms
[2020-08-01T12:16:33.035+0300][95.592s][info ][gc] GC(3566) Pause Young (Normal) (G1 Evacuation Pause) 398M->400M(512M) 10.426ms
[2020-08-01T12:16:33.054+0300][95.612s][info ][gc] GC(3567) Pause Young (Normal) (G1 Evacuation Pause) 421M->422M(512M) 10.755ms
[2020-08-01T12:16:33.086+0300][95.644s][info ][gc] GC(3568) Pause Young (Normal) (G1 Evacuation Pause) 463M->465M(512M) 10.675ms
[2020-08-01T12:16:33.089+0300][95.647s][debug][gc] GC(3561) Reclaimed 124 empty regions
[2020-08-01T12:16:33.089+0300][95.647s][info ][gc] GC(3561) Pause Remark 472M->351M(512M) 0.636ms
[2020-08-01T12:16:33.107+0300][95.665s][info ][gc] GC(3569) Pause Young (Normal) (G1 Evacuation Pause) 365M->366M(512M) 11.673ms
[2020-08-01T12:16:33.133+0300][95.691s][info ][gc] GC(3570) Pause Young (Normal) (G1 Evacuation Pause) 387M->388M(512M) 10.684ms
[2020-08-01T12:16:33.160+0300][95.718s][info ][gc] GC(3571) Pause Young (Normal) (G1 Evacuation Pause) 409M->410M(512M) 11.144ms
[2020-08-01T12:16:33.187+0300][95.745s][info ][gc] GC(3572) Pause Young (Normal) (G1 Evacuation Pause) 431M->433M(512M) 11.180ms
[2020-08-01T12:16:33.232+0300][95.790s][info ][gc] GC(3573) Pause Young (Normal) (G1 Evacuation Pause) 474M->475M(512M) 11.396ms
[2020-08-01T12:16:33.267+0300][95.825s][info ][gc] GC(3574) To-space exhausted
[2020-08-01T12:16:33.267+0300][95.825s][info ][gc] GC(3574) Pause Young (Normal) (G1 Evacuation Pause) 496M->503M(512M) 18.919ms
[2020-08-01T12:16:33.295+0300][95.853s][info ][gc] GC(3575) To-space exhausted
[2020-08-01T12:16:33.295+0300][95.853s][info ][gc] GC(3575) Pause Young (Normal) (G1 Evacuation Pause) 511M->511M(512M) 16.842ms
[2020-08-01T12:16:33.296+0300][95.854s][debug][gc] GC(3576) Clear Next Bitmap 0.335ms
[2020-08-01T12:16:33.332+0300][95.890s][info ][gc] GC(3576) Pause Full (G1 Evacuation Pause) 511M->60M(512M) 36.890ms
[2020-08-01T12:16:33.333+0300][95.890s][info ][gc] GC(3561) Concurrent Cycle 409.325ms
[2020-08-01T12:16:33.353+0300][95.911s][info ][gc] GC(3577) Pause Young (Normal) (G1 Evacuation Pause) 85M->85M(512M) 10.336ms
[2020-08-01T12:16:33.372+0300][95.930s][info ][gc] GC(3578) Pause Young (Normal) (G1 Evacuation Pause) 107M->109M(512M) 10.753ms
[2020-08-01T12:16:33.392+0300][95.949s][info ][gc] GC(3579) Pause Young (Normal) (G1 Evacuation Pause) 130M->131M(512M) 10.442ms
[2020-08-01T12:16:33.424+0300][95.982s][info ][gc] GC(3580) Pause Young (Normal) (G1 Evacuation Pause) 172M->173M(512M) 10.512ms
[2020-08-01T12:16:33.444+0300][96.002s][info ][gc] GC(3581) Pause Young (Normal) (G1 Evacuation Pause) 194M->195M(512M) 11.027ms
[2020-08-01T12:16:33.463+0300][96.021s][info ][gc] GC(3582) Pause Young (Normal) (G1 Evacuation Pause) 216M->218M(512M) 10.495ms
[2020-08-01T12:16:33.482+0300][96.040s][info ][gc] GC(3583) Pause Young (Normal) (G1 Evacuation Pause) 239M->240M(512M) 10.527ms
[2020-08-01T12:16:33.501+0300][96.059s][info ][gc] GC(3584) Pause Young (Concurrent Start) (G1 Evacuation Pause) 261M->262M(512M) 10.601ms
[2020-08-01T12:16:33.501+0300][96.059s][info ][gc] GC(3585) Concurrent Cycle
[2020-08-01T12:16:33.534+0300][96.092s][info ][gc] GC(3586) Pause Young (Normal) (G1 Evacuation Pause) 303M->304M(512M) 11.152ms
[2020-08-01T12:16:33.554+0300][96.111s][info ][gc] GC(3587) Pause Young (Normal) (G1 Evacuation Pause) 325M->327M(512M) 10.463ms
[2020-08-01T12:16:33.573+0300][96.131s][info ][gc] GC(3588) Pause Young (Normal) (G1 Evacuation Pause) 348M->349M(512M) 10.414ms
[2020-08-01T12:16:33.592+0300][96.150s][info ][gc] GC(3589) Pause Young (Normal) (G1 Evacuation Pause) 370M->372M(512M) 10.670ms
[2020-08-01T12:16:33.612+0300][96.170s][info ][gc] GC(3590) Pause Young (Normal) (G1 Evacuation Pause) 393M->394M(512M) 10.096ms
[2020-08-01T12:16:33.634+0300][96.191s][info ][gc] GC(3591) Pause Young (Normal) (G1 Evacuation Pause) 415M->416M(512M) 12.411ms
[2020-08-01T12:16:33.655+0300][96.213s][debug][gc] GC(3585) Reclaimed 129 empty regions
[2020-08-01T12:16:33.655+0300][96.213s][info ][gc] GC(3585) Pause Remark 444M->317M(512M) 0.827ms
[2020-08-01T12:16:33.673+0300][96.231s][info ][gc] GC(3592) Pause Young (Normal) (G1 Evacuation Pause) 330M->331M(512M) 10.885ms
[2020-08-01T12:16:33.699+0300][96.256s][info ][gc] GC(3593) Pause Young (Normal) (G1 Evacuation Pause) 352M->354M(512M) 10.860ms
[2020-08-01T12:16:33.725+0300][96.283s][info ][gc] GC(3594) Pause Young (Normal) (G1 Evacuation Pause) 375M->376M(512M) 10.604ms
[2020-08-01T12:16:33.753+0300][96.311s][info ][gc] GC(3595) Pause Young (Normal) (G1 Evacuation Pause) 397M->399M(512M) 12.480ms
[2020-08-01T12:16:33.780+0300][96.338s][info ][gc] GC(3596) Pause Young (Normal) (G1 Evacuation Pause) 420M->422M(512M) 10.820ms
[2020-08-01T12:16:33.823+0300][96.381s][info ][gc] GC(3597) Pause Young (Normal) (G1 Evacuation Pause) 463M->464M(512M) 11.369ms
[2020-08-01T12:16:33.853+0300][96.411s][info ][gc] GC(3598) To-space exhausted
[2020-08-01T12:16:33.853+0300][96.411s][info ][gc] GC(3598) Pause Young (Normal) (G1 Evacuation Pause) 485M->487M(512M) 10.970ms
[2020-08-01T12:16:33.898+0300][96.456s][info ][gc] GC(3599) To-space exhausted
[2020-08-01T12:16:33.898+0300][96.456s][info ][gc] GC(3599) Pause Young (Normal) (G1 Evacuation Pause) 508M->511M(512M) 30.543ms
[2020-08-01T12:16:33.899+0300][96.457s][debug][gc] GC(3600) Clear Next Bitmap 0.325ms
[2020-08-01T12:16:33.940+0300][96.497s][info ][gc] GC(3600) Pause Full (G1 Evacuation Pause) 511M->67M(512M) 41.137ms
[2020-08-01T12:16:33.940+0300][96.498s][info ][gc] GC(3585) Concurrent Cycle 439.024ms
[2020-08-01T12:16:33.960+0300][96.518s][info ][gc] GC(3601) Pause Young (Normal) (G1 Evacuation Pause) 93M->93M(512M) 10.228ms
[2020-08-01T12:16:33.983+0300][96.541s][info ][gc] GC(3602) Pause Young (Normal) (G1 Evacuation Pause) 118M->120M(512M) 12.778ms
[2020-08-01T12:16:34.027+0300][96.585s][info ][gc] GC(3603) Pause Young (Normal) (G1 Evacuation Pause) 161M->162M(512M) 12.511ms
[2020-08-01T12:16:34.046+0300][96.604s][info ][gc] GC(3604) Pause Young (Normal) (G1 Evacuation Pause) 183M->185M(512M) 10.612ms
[2020-08-01T12:16:34.065+0300][96.623s][info ][gc] GC(3605) Pause Young (Normal) (G1 Evacuation Pause) 206M->207M(512M) 10.359ms
[2020-08-01T12:16:34.084+0300][96.642s][info ][gc] GC(3606) Pause Young (Normal) (G1 Evacuation Pause) 228M->230M(512M) 10.546ms
[2020-08-01T12:16:34.103+0300][96.661s][info ][gc] GC(3607) Pause Young (Normal) (G1 Evacuation Pause) 251M->252M(512M) 10.428ms
[2020-08-01T12:16:34.122+0300][96.680s][info ][gc] GC(3608) Pause Young (Concurrent Start) (G1 Evacuation Pause) 273M->275M(512M) 10.640ms
[2020-08-01T12:16:34.122+0300][96.680s][info ][gc] GC(3609) Concurrent Cycle
[2020-08-01T12:16:34.157+0300][96.714s][info ][gc] GC(3610) Pause Young (Normal) (G1 Evacuation Pause) 316M->318M(512M) 11.393ms
[2020-08-01T12:16:34.176+0300][96.733s][info ][gc] GC(3611) Pause Young (Normal) (G1 Evacuation Pause) 339M->340M(512M) 10.196ms
[2020-08-01T12:16:34.195+0300][96.753s][info ][gc] GC(3612) Pause Young (Normal) (G1 Evacuation Pause) 361M->363M(512M) 10.472ms
[2020-08-01T12:16:34.214+0300][96.772s][info ][gc] GC(3613) Pause Young (Normal) (G1 Evacuation Pause) 384M->385M(512M) 10.658ms
[2020-08-01T12:16:34.234+0300][96.791s][info ][gc] GC(3614) Pause Young (Normal) (G1 Evacuation Pause) 406M->407M(512M) 10.452ms
[2020-08-01T12:16:34.279+0300][96.837s][info ][gc] GC(3615) Pause Young (Normal) (G1 Evacuation Pause) 448M->450M(512M) 10.903ms
[2020-08-01T12:16:34.284+0300][96.841s][debug][gc] GC(3609) Reclaimed 130 empty regions
[2020-08-01T12:16:34.284+0300][96.841s][info ][gc] GC(3609) Pause Remark 455M->326M(512M) 0.993ms
[2020-08-01T12:16:34.301+0300][96.859s][info ][gc] GC(3616) Pause Young (Normal) (G1 Evacuation Pause) 342M->344M(512M) 10.959ms
[2020-08-01T12:16:34.328+0300][96.886s][info ][gc] GC(3617) Pause Young (Normal) (G1 Evacuation Pause) 365M->366M(512M) 10.780ms
[2020-08-01T12:16:34.354+0300][96.912s][info ][gc] GC(3618) Pause Young (Normal) (G1 Evacuation Pause) 387M->388M(512M) 10.454ms
[2020-08-01T12:16:34.383+0300][96.941s][info ][gc] GC(3619) Pause Young (Normal) (G1 Evacuation Pause) 409M->411M(512M) 11.767ms
[2020-08-01T12:16:34.412+0300][96.970s][info ][gc] GC(3620) Pause Young (Normal) (G1 Evacuation Pause) 432M->433M(512M) 10.623ms
[2020-08-01T12:16:34.467+0300][97.025s][info ][gc] GC(3621) Pause Young (Normal) (G1 Evacuation Pause) 474M->475M(512M) 11.089ms
[2020-08-01T12:16:34.505+0300][97.063s][info ][gc] GC(3622) To-space exhausted
[2020-08-01T12:16:34.505+0300][97.063s][info ][gc] GC(3622) Pause Young (Normal) (G1 Evacuation Pause) 496M->503M(512M) 20.791ms
[2020-08-01T12:16:34.536+0300][97.093s][info ][gc] GC(3623) To-space exhausted
[2020-08-01T12:16:34.536+0300][97.093s][info ][gc] GC(3623) Pause Young (Normal) (G1 Evacuation Pause) 511M->511M(512M) 17.110ms
[2020-08-01T12:16:34.536+0300][97.094s][debug][gc] GC(3624) Clear Next Bitmap 0.315ms
[2020-08-01T12:16:34.579+0300][97.137s][info ][gc] GC(3624) Pause Full (G1 Evacuation Pause) 511M->65M(512M) 43.083ms
[2020-08-01T12:16:34.579+0300][97.137s][info ][gc] GC(3609) Concurrent Cycle 456.922ms
[2020-08-01T12:16:34.602+0300][97.160s][info ][gc] GC(3625) Pause Young (Normal) (G1 Evacuation Pause) 92M->93M(512M) 12.361ms
[2020-08-01T12:16:34.626+0300][97.184s][info ][gc] GC(3626) Pause Young (Normal) (G1 Evacuation Pause) 117M->118M(512M) 14.148ms
[2020-08-01T12:16:34.663+0300][97.220s][info ][gc] GC(3627) Pause Young (Normal) (G1 Evacuation Pause) 159M->160M(512M) 10.896ms
[2020-08-01T12:16:34.682+0300][97.240s][info ][gc] GC(3628) Pause Young (Normal) (G1 Evacuation Pause) 181M->182M(512M) 11.380ms
[2020-08-01T12:16:34.702+0300][97.260s][info ][gc] GC(3629) Pause Young (Normal) (G1 Evacuation Pause) 203M->204M(512M) 10.921ms
[2020-08-01T12:16:34.721+0300][97.279s][info ][gc] GC(3630) Pause Young (Normal) (G1 Evacuation Pause) 225M->227M(512M) 11.041ms
[2020-08-01T12:16:34.741+0300][97.299s][info ][gc] GC(3631) Pause Young (Normal) (G1 Evacuation Pause) 248M->249M(512M) 11.072ms
[2020-08-01T12:16:34.762+0300][97.320s][info ][gc] GC(3632) Pause Young (Concurrent Start) (G1 Evacuation Pause) 270M->272M(512M) 12.157ms
[2020-08-01T12:16:34.762+0300][97.320s][info ][gc] GC(3633) Concurrent Cycle
[2020-08-01T12:16:34.810+0300][97.368s][info ][gc] GC(3634) Pause Young (Normal) (G1 Evacuation Pause) 313M->314M(512M) 12.264ms
[2020-08-01T12:16:34.830+0300][97.388s][info ][gc] GC(3635) Pause Young (Normal) (G1 Evacuation Pause) 335M->337M(512M) 10.958ms
[2020-08-01T12:16:34.850+0300][97.408s][info ][gc] GC(3636) Pause Young (Normal) (G1 Evacuation Pause) 358M->360M(512M) 10.423ms
[2020-08-01T12:16:34.869+0300][97.427s][info ][gc] GC(3637) Pause Young (Normal) (G1 Evacuation Pause) 381M->382M(512M) 10.512ms
[2020-08-01T12:16:34.889+0300][97.447s][info ][gc] GC(3638) Pause Young (Normal) (G1 Evacuation Pause) 403M->404M(512M) 10.842ms
[2020-08-01T12:16:34.912+0300][97.469s][debug][gc] GC(3633) Reclaimed 127 empty regions
[2020-08-01T12:16:34.912+0300][97.470s][info ][gc] GC(3633) Pause Remark 424M->300M(512M) 0.973ms
[2020-08-01T12:16:34.928+0300][97.486s][info ][gc] GC(3639) Pause Young (Normal) (G1 Evacuation Pause) 321M->323M(512M) 10.550ms
[2020-08-01T12:16:34.956+0300][97.514s][info ][gc] GC(3640) Pause Young (Normal) (G1 Evacuation Pause) 344M->345M(512M) 10.760ms
[2020-08-01T12:16:34.990+0300][97.548s][info ][gc] GC(3641) Pause Young (Normal) (G1 Evacuation Pause) 366M->367M(512M) 12.575ms
[2020-08-01T12:16:35.017+0300][97.575s][info ][gc] GC(3642) Pause Young (Normal) (G1 Evacuation Pause) 388M->389M(512M) 10.759ms
[2020-08-01T12:16:35.047+0300][97.604s][info ][gc] GC(3643) Pause Young (Normal) (G1 Evacuation Pause) 410M->412M(512M) 11.857ms
[2020-08-01T12:16:35.074+0300][97.632s][info ][gc] GC(3644) Pause Young (Normal) (G1 Evacuation Pause) 433M->434M(512M) 10.662ms
[2020-08-01T12:16:35.119+0300][97.677s][info ][gc] GC(3645) Pause Young (Normal) (G1 Evacuation Pause) 475M->476M(512M) 11.675ms
[2020-08-01T12:16:35.157+0300][97.715s][info ][gc] GC(3646) To-space exhausted
[2020-08-01T12:16:35.158+0300][97.715s][info ][gc] GC(3646) Pause Young (Normal) (G1 Evacuation Pause) 497M->506M(512M) 21.315ms
[2020-08-01T12:16:35.164+0300][97.722s][info ][gc] GC(3633) Pause Cleanup 507M->507M(512M) 0.154ms
[2020-08-01T12:16:35.164+0300][97.722s][info ][gc] GC(3633) Concurrent Cycle 402.516ms
[2020-08-01T12:16:35.179+0300][97.737s][info ][gc] GC(3647) To-space exhausted
[2020-08-01T12:16:35.179+0300][97.737s][info ][gc] GC(3647) Pause Young (Normal) (G1 Evacuation Pause) 511M->511M(512M) 13.187ms
[2020-08-01T12:16:35.218+0300][97.776s][info ][gc] GC(3648) Pause Full (G1 Evacuation Pause) 511M->60M(512M) 38.270ms
[2020-08-01T12:16:35.244+0300][97.802s][info ][gc] GC(3649) Pause Young (Normal) (G1 Evacuation Pause) 88M->89M(512M) 14.963ms
[2020-08-01T12:16:35.266+0300][97.824s][info ][gc] GC(3650) Pause Young (Normal) (G1 Evacuation Pause) 112M->113M(512M) 12.932ms
[2020-08-01T12:16:35.287+0300][97.844s][info ][gc] GC(3651) Pause Young (Normal) (G1 Evacuation Pause) 134M->135M(512M) 11.817ms
[2020-08-01T12:16:35.322+0300][97.880s][info ][gc] GC(3652) Pause Young (Normal) (G1 Evacuation Pause) 176M->177M(512M) 10.976ms
[2020-08-01T12:16:35.341+0300][97.899s][info ][gc] GC(3653) Pause Young (Normal) (G1 Evacuation Pause) 198M->199M(512M) 10.571ms
[2020-08-01T12:16:35.360+0300][97.918s][info ][gc] GC(3654) Pause Young (Normal) (G1 Evacuation Pause) 220M->222M(512M) 10.437ms
[2020-08-01T12:16:35.379+0300][97.937s][info ][gc] GC(3655) Pause Young (Normal) (G1 Evacuation Pause) 243M->245M(512M) 10.448ms
[2020-08-01T12:16:35.397+0300][97.955s][info ][gc] GC(3656) Pause Young (Concurrent Start) (G1 Evacuation Pause) 266M->268M(512M) 10.072ms
[2020-08-01T12:16:35.398+0300][97.955s][info ][gc] GC(3657) Concurrent Cycle
[2020-08-01T12:16:35.443+0300][98.001s][info ][gc] GC(3658) Pause Young (Normal) (G1 Evacuation Pause) 309M->311M(512M) 10.092ms
[2020-08-01T12:16:35.462+0300][98.020s][info ][gc] GC(3659) Pause Young (Normal) (G1 Evacuation Pause) 332M->333M(512M) 10.407ms
[2020-08-01T12:16:35.484+0300][98.042s][info ][gc] GC(3660) Pause Young (Normal) (G1 Evacuation Pause) 354M->355M(512M) 12.795ms
[2020-08-01T12:16:35.505+0300][98.063s][info ][gc] GC(3661) Pause Young (Normal) (G1 Evacuation Pause) 376M->377M(512M) 11.771ms
[2020-08-01T12:16:35.526+0300][98.084s][info ][gc] GC(3662) Pause Young (Normal) (G1 Evacuation Pause) 398M->400M(512M) 11.900ms
[2020-08-01T12:16:35.547+0300][98.104s][info ][gc] GC(3663) Pause Young (Normal) (G1 Evacuation Pause) 421M->422M(512M) 11.339ms
[2020-08-01T12:16:35.557+0300][98.114s][debug][gc] GC(3657) Reclaimed 132 empty regions
[2020-08-01T12:16:35.557+0300][98.114s][info ][gc] GC(3657) Pause Remark 425M->296M(512M) 0.661ms
[2020-08-01T12:16:35.591+0300][98.149s][info ][gc] GC(3664) Pause Young (Normal) (G1 Evacuation Pause) 334M->335M(512M) 12.853ms
[2020-08-01T12:16:35.623+0300][98.180s][info ][gc] GC(3665) Pause Young (Normal) (G1 Evacuation Pause) 356M->357M(512M) 12.131ms
[2020-08-01T12:16:35.651+0300][98.209s][info ][gc] GC(3666) Pause Young (Normal) (G1 Evacuation Pause) 378M->379M(512M) 11.550ms
[2020-08-01T12:16:35.680+0300][98.238s][info ][gc] GC(3667) Pause Young (Normal) (G1 Evacuation Pause) 400M->402M(512M) 14.051ms
[2020-08-01T12:16:35.715+0300][98.273s][info ][gc] GC(3668) Pause Young (Normal) (G1 Evacuation Pause) 423M->424M(512M) 11.447ms
[2020-08-01T12:16:35.774+0300][98.332s][info ][gc] GC(3669) Pause Young (Normal) (G1 Evacuation Pause) 465M->466M(512M) 11.481ms
[2020-08-01T12:16:35.785+0300][98.343s][info ][gc] GC(3657) Pause Cleanup 467M->467M(512M) 0.128ms
[2020-08-01T12:16:35.786+0300][98.344s][info ][gc] GC(3657) Concurrent Cycle 388.459ms
[2020-08-01T12:16:35.807+0300][98.365s][info ][gc] GC(3670) To-space exhausted
[2020-08-01T12:16:35.808+0300][98.365s][info ][gc] GC(3670) Pause Young (Normal) (G1 Evacuation Pause) 487M->493M(512M) 13.460ms
[2020-08-01T12:16:35.850+0300][98.408s][info ][gc] GC(3671) To-space exhausted
[2020-08-01T12:16:35.850+0300][98.408s][info ][gc] GC(3671) Pause Young (Concurrent Start) (G1 Evacuation Pause) 511M->511M(512M) 34.739ms
[2020-08-01T12:16:35.850+0300][98.408s][info ][gc] GC(3673) Concurrent Cycle
[2020-08-01T12:16:35.851+0300][98.408s][debug][gc] GC(3672) Clear Next Bitmap 0.340ms
[2020-08-01T12:16:35.901+0300][98.459s][info ][gc] GC(3672) Pause Full (G1 Evacuation Pause) 511M->68M(512M) 50.586ms
[2020-08-01T12:16:35.901+0300][98.459s][info ][gc] GC(3673) Concurrent Cycle 51.033ms
[2020-08-01T12:16:35.926+0300][98.484s][info ][gc] GC(3674) Pause Young (Normal) (G1 Evacuation Pause) 95M->96M(512M) 13.958ms
[2020-08-01T12:16:35.950+0300][98.508s][info ][gc] GC(3675) Pause Young (Normal) (G1 Evacuation Pause) 119M->120M(512M) 13.936ms
[2020-08-01T12:16:35.991+0300][98.548s][info ][gc] GC(3676) Pause Young (Normal) (G1 Evacuation Pause) 161M->162M(512M) 11.148ms
[2020-08-01T12:16:36.009+0300][98.567s][info ][gc] GC(3677) Pause Young (Normal) (G1 Evacuation Pause) 183M->185M(512M) 9.906ms
[2020-08-01T12:16:36.030+0300][98.588s][info ][gc] GC(3678) Pause Young (Normal) (G1 Evacuation Pause) 206M->206M(512M) 12.122ms
[2020-08-01T12:16:36.049+0300][98.607s][info ][gc] GC(3679) Pause Young (Normal) (G1 Evacuation Pause) 227M->228M(512M) 10.693ms
[2020-08-01T12:16:36.068+0300][98.626s][info ][gc] GC(3680) Pause Young (Normal) (G1 Evacuation Pause) 249M->251M(512M) 10.552ms
[2020-08-01T12:16:36.087+0300][98.645s][info ][gc] GC(3681) Pause Young (Concurrent Start) (G1 Evacuation Pause) 272M->273M(512M) 10.567ms
[2020-08-01T12:16:36.087+0300][98.645s][info ][gc] GC(3682) Concurrent Cycle
[2020-08-01T12:16:36.134+0300][98.692s][info ][gc] GC(3683) Pause Young (Normal) (G1 Evacuation Pause) 314M->315M(512M) 11.346ms
[2020-08-01T12:16:36.153+0300][98.711s][info ][gc] GC(3684) Pause Young (Normal) (G1 Evacuation Pause) 336M->338M(512M) 10.570ms
[2020-08-01T12:16:36.173+0300][98.731s][info ][gc] GC(3685) Pause Young (Normal) (G1 Evacuation Pause) 359M->360M(512M) 10.451ms
[2020-08-01T12:16:36.192+0300][98.750s][info ][gc] GC(3686) Pause Young (Normal) (G1 Evacuation Pause) 381M->382M(512M) 10.609ms
[2020-08-01T12:16:36.212+0300][98.770s][info ][gc] GC(3687) Pause Young (Normal) (G1 Evacuation Pause) 403M->405M(512M) 10.799ms
[2020-08-01T12:16:36.237+0300][98.795s][debug][gc] GC(3682) Reclaimed 128 empty regions
[2020-08-01T12:16:36.237+0300][98.795s][info ][gc] GC(3682) Pause Remark 422M->297M(512M) 0.698ms
[2020-08-01T12:16:36.257+0300][98.815s][info ][gc] GC(3688) Pause Young (Normal) (G1 Evacuation Pause) 321M->322M(512M) 12.061ms
[2020-08-01T12:16:36.288+0300][98.845s][info ][gc] GC(3689) Pause Young (Normal) (G1 Evacuation Pause) 343M->345M(512M) 12.712ms
[2020-08-01T12:16:36.319+0300][98.877s][info ][gc] GC(3690) Pause Young (Normal) (G1 Evacuation Pause) 366M->368M(512M) 13.972ms
[2020-08-01T12:16:36.350+0300][98.907s][info ][gc] GC(3691) Pause Young (Normal) (G1 Evacuation Pause) 389M->392M(512M) 12.230ms
[2020-08-01T12:16:36.379+0300][98.937s][info ][gc] GC(3692) Pause Young (Normal) (G1 Evacuation Pause) 413M->414M(512M) 11.844ms
[2020-08-01T12:16:36.409+0300][98.967s][info ][gc] GC(3693) Pause Young (Normal) (G1 Evacuation Pause) 435M->437M(512M) 11.995ms
[2020-08-01T12:16:36.468+0300][99.026s][info ][gc] GC(3694) Pause Young (Normal) (G1 Evacuation Pause) 478M->480M(512M) 13.651ms
[2020-08-01T12:16:36.476+0300][99.033s][info ][gc] GC(3682) Pause Cleanup 481M->481M(512M) 0.154ms
[2020-08-01T12:16:36.476+0300][99.034s][info ][gc] GC(3682) Concurrent Cycle 389.248ms
[2020-08-01T12:16:36.511+0300][99.069s][info ][gc] GC(3695) To-space exhausted
[2020-08-01T12:16:36.511+0300][99.069s][info ][gc] GC(3695) Pause Young (Normal) (G1 Evacuation Pause) 501M->509M(512M) 26.073ms
[2020-08-01T12:16:36.523+0300][99.081s][info ][gc] GC(3696) To-space exhausted
[2020-08-01T12:16:36.523+0300][99.081s][info ][gc] GC(3696) Pause Young (Concurrent Start) (G1 Evacuation Pause) 511M->511M(512M) 9.747ms
[2020-08-01T12:16:36.523+0300][99.081s][info ][gc] GC(3698) Concurrent Cycle
[2020-08-01T12:16:36.524+0300][99.082s][debug][gc] GC(3697) Clear Next Bitmap 0.422ms
[2020-08-01T12:16:36.561+0300][99.119s][info ][gc] GC(3697) Pause Full (G1 Evacuation Pause) 511M->60M(512M) 38.056ms
[2020-08-01T12:16:36.562+0300][99.119s][info ][gc] GC(3698) Concurrent Cycle 38.375ms
[2020-08-01T12:16:36.590+0300][99.148s][info ][gc] GC(3699) Pause Young (Normal) (G1 Evacuation Pause) 93M->93M(512M) 15.377ms
[2020-08-01T12:16:36.614+0300][99.172s][info ][gc] GC(3700) Pause Young (Normal) (G1 Evacuation Pause) 119M->120M(512M) 13.138ms
[2020-08-01T12:16:36.662+0300][99.220s][info ][gc] GC(3701) Pause Young (Normal) (G1 Evacuation Pause) 161M->162M(512M) 10.949ms
[2020-08-01T12:16:36.683+0300][99.241s][info ][gc] GC(3702) Pause Young (Normal) (G1 Evacuation Pause) 183M->184M(512M) 11.641ms
[2020-08-01T12:16:36.702+0300][99.260s][info ][gc] GC(3703) Pause Young (Normal) (G1 Evacuation Pause) 205M->206M(512M) 11.148ms
[2020-08-01T12:16:36.722+0300][99.280s][info ][gc] GC(3704) Pause Young (Normal) (G1 Evacuation Pause) 227M->228M(512M) 11.351ms
[2020-08-01T12:16:36.742+0300][99.300s][info ][gc] GC(3705) Pause Young (Normal) (G1 Evacuation Pause) 249M->251M(512M) 11.790ms
[2020-08-01T12:16:36.761+0300][99.319s][info ][gc] GC(3706) Pause Young (Concurrent Start) (G1 Evacuation Pause) 272M->273M(512M) 10.474ms
[2020-08-01T12:16:36.761+0300][99.319s][info ][gc] GC(3707) Concurrent Cycle
[2020-08-01T12:16:36.805+0300][99.363s][info ][gc] GC(3708) Pause Young (Normal) (G1 Evacuation Pause) 314M->316M(512M) 11.296ms
[2020-08-01T12:16:36.825+0300][99.383s][info ][gc] GC(3709) Pause Young (Normal) (G1 Evacuation Pause) 337M->339M(512M) 11.247ms
[2020-08-01T12:16:36.845+0300][99.403s][info ][gc] GC(3710) Pause Young (Normal) (G1 Evacuation Pause) 360M->361M(512M) 10.526ms
[2020-08-01T12:16:36.865+0300][99.423s][info ][gc] GC(3711) Pause Young (Normal) (G1 Evacuation Pause) 382M->384M(512M) 10.962ms
[2020-08-01T12:16:36.886+0300][99.444s][info ][gc] GC(3712) Pause Young (Normal) (G1 Evacuation Pause) 405M->406M(512M) 11.390ms
[2020-08-01T12:16:36.915+0300][99.472s][debug][gc] GC(3707) Reclaimed 127 empty regions
[2020-08-01T12:16:36.915+0300][99.473s][info ][gc] GC(3707) Pause Remark 444M->319M(512M) 0.648ms
[2020-08-01T12:16:36.929+0300][99.486s][info ][gc] GC(3713) Pause Young (Normal) (G1 Evacuation Pause) 322M->323M(512M) 12.452ms
[2020-08-01T12:16:36.959+0300][99.517s][info ][gc] GC(3714) Pause Young (Normal) (G1 Evacuation Pause) 344M->345M(512M) 10.659ms
[2020-08-01T12:16:36.986+0300][99.544s][info ][gc] GC(3715) Pause Young (Normal) (G1 Evacuation Pause) 366M->367M(512M) 10.762ms
[2020-08-01T12:16:37.015+0300][99.572s][info ][gc] GC(3716) Pause Young (Normal) (G1 Evacuation Pause) 388M->390M(512M) 13.399ms
[2020-08-01T12:16:37.043+0300][99.601s][info ][gc] GC(3717) Pause Young (Normal) (G1 Evacuation Pause) 411M->412M(512M) 11.510ms
[2020-08-01T12:16:37.068+0300][99.626s][info ][gc] GC(3718) Pause Young (Normal) (G1 Evacuation Pause) 433M->434M(512M) 11.003ms
[2020-08-01T12:16:37.118+0300][99.676s][info ][gc] GC(3719) Pause Young (Normal) (G1 Evacuation Pause) 475M->477M(512M) 11.367ms
[2020-08-01T12:16:37.156+0300][99.714s][info ][gc] GC(3720) To-space exhausted
[2020-08-01T12:16:37.156+0300][99.714s][info ][gc] GC(3720) Pause Young (Normal) (G1 Evacuation Pause) 498M->505M(512M) 22.144ms
[2020-08-01T12:16:37.173+0300][99.731s][info ][gc] GC(3721) To-space exhausted
[2020-08-01T12:16:37.173+0300][99.731s][info ][gc] GC(3721) Pause Young (Normal) (G1 Evacuation Pause) 511M->511M(512M) 14.261ms
[2020-08-01T12:16:37.174+0300][99.732s][debug][gc] GC(3722) Clear Next Bitmap 0.381ms
[2020-08-01T12:16:37.215+0300][99.773s][info ][gc] GC(3722) Pause Full (G1 Evacuation Pause) 511M->64M(512M) 41.668ms
[2020-08-01T12:16:37.215+0300][99.773s][info ][gc] GC(3707) Concurrent Cycle 453.974ms
[2020-08-01T12:16:37.238+0300][99.796s][info ][gc] GC(3723) Pause Young (Normal) (G1 Evacuation Pause) 90M->90M(512M) 12.469ms
[2020-08-01T12:16:37.260+0300][99.818s][info ][gc] GC(3724) Pause Young (Normal) (G1 Evacuation Pause) 113M->114M(512M) 12.542ms
[2020-08-01T12:16:37.280+0300][99.838s][info ][gc] GC(3725) Pause Young (Normal) (G1 Evacuation Pause) 135M->137M(512M) 12.124ms
[2020-08-01T12:16:37.319+0300][99.877s][info ][gc] GC(3726) Pause Young (Normal) (G1 Evacuation Pause) 178M->180M(512M) 11.995ms
[2020-08-01T12:16:37.347+0300][99.905s][info ][gc] GC(3727) Pause Young (Normal) (G1 Evacuation Pause) 201M->202M(512M) 13.807ms
[2020-08-01T12:16:37.369+0300][99.927s][info ][gc] GC(3728) Pause Young (Normal) (G1 Evacuation Pause) 223M->224M(512M) 13.927ms
[2020-08-01T12:16:37.390+0300][99.948s][info ][gc] GC(3729) Pause Young (Normal) (G1 Evacuation Pause) 245M->246M(512M) 12.372ms
[2020-08-01T12:16:37.411+0300][99.969s][info ][gc] GC(3730) Pause Young (Concurrent Start) (G1 Evacuation Pause) 267M->268M(512M) 11.493ms
[2020-08-01T12:16:37.411+0300][99.969s][info ][gc] GC(3731) Concurrent Cycle
[2020-08-01T12:16:37.457+0300][100.015s][info ][gc] GC(3732) Pause Young (Normal) (G1 Evacuation Pause) 309M->311M(512M) 12.249ms
[2020-08-01T12:16:37.477+0300][100.035s][info ][gc] GC(3733) Pause Young (Normal) (G1 Evacuation Pause) 332M->333M(512M) 11.107ms
[2020-08-01T12:16:37.499+0300][100.057s][info ][gc] GC(3734) Pause Young (Normal) (G1 Evacuation Pause) 354M->355M(512M) 12.101ms
[2020-08-01T12:16:37.519+0300][100.077s][info ][gc] GC(3735) Pause Young (Normal) (G1 Evacuation Pause) 376M->378M(512M) 11.416ms
[2020-08-01T12:16:37.542+0300][100.100s][info ][gc] GC(3736) Pause Young (Normal) (G1 Evacuation Pause) 399M->400M(512M) 13.014ms
[2020-08-01T12:16:37.562+0300][100.119s][info ][gc] GC(3737) Pause Young (Normal) (G1 Evacuation Pause) 421M->422M(512M) 10.504ms
[2020-08-01T12:16:37.574+0300][100.132s][debug][gc] GC(3731) Reclaimed 135 empty regions
[2020-08-01T12:16:37.574+0300][100.132s][info ][gc] GC(3731) Pause Remark 424M->292M(512M) 0.675ms
[2020-08-01T12:16:37.597+0300][100.155s][info ][gc] GC(3738) Pause Young (Normal) (G1 Evacuation Pause) 332M->333M(512M) 10.904ms
[2020-08-01T12:16:37.619+0300][100.177s][info ][gc] GC(3739) Pause Young (Normal) (G1 Evacuation Pause) 354M->356M(512M) 12.867ms
[2020-08-01T12:16:37.652+0300][100.210s][info ][gc] GC(3740) Pause Young (Normal) (G1 Evacuation Pause) 377M->378M(512M) 10.582ms
[2020-08-01T12:16:37.685+0300][100.243s][info ][gc] GC(3741) Pause Young (Normal) (G1 Evacuation Pause) 399M->400M(512M) 12.667ms
[2020-08-01T12:16:37.719+0300][100.276s][info ][gc] GC(3742) Pause Young (Normal) (G1 Evacuation Pause) 421M->423M(512M) 12.356ms
[2020-08-01T12:16:37.781+0300][100.339s][info ][gc] GC(3743) Pause Young (Normal) (G1 Evacuation Pause) 464M->465M(512M) 12.059ms
[2020-08-01T12:16:37.799+0300][100.357s][info ][gc] GC(3731) Pause Cleanup 481M->481M(512M) 0.163ms
[2020-08-01T12:16:37.800+0300][100.358s][info ][gc] GC(3731) Concurrent Cycle 388.696ms
[2020-08-01T12:16:37.815+0300][100.372s][info ][gc] GC(3744) To-space exhausted
[2020-08-01T12:16:37.815+0300][100.373s][info ][gc] GC(3744) Pause Young (Normal) (G1 Evacuation Pause) 486M->494M(512M) 13.258ms
[2020-08-01T12:16:37.854+0300][100.412s][info ][gc] GC(3745) To-space exhausted
[2020-08-01T12:16:37.855+0300][100.412s][info ][gc] GC(3745) Pause Young (Concurrent Start) (G1 Evacuation Pause) 511M->511M(512M) 32.847ms
[2020-08-01T12:16:37.855+0300][100.412s][info ][gc] GC(3747) Concurrent Cycle
[2020-08-01T12:16:37.855+0300][100.413s][debug][gc] GC(3746) Clear Next Bitmap 0.290ms
[2020-08-01T12:16:37.899+0300][100.457s][info ][gc] GC(3746) Pause Full (G1 Evacuation Pause) 511M->69M(512M) 44.574ms
[2020-08-01T12:16:37.899+0300][100.457s][info ][gc] GC(3747) Concurrent Cycle 44.871ms
[2020-08-01T12:16:37.920+0300][100.478s][info ][gc] GC(3748) Pause Young (Normal) (G1 Evacuation Pause) 94M->94M(512M) 10.743ms
[2020-08-01T12:16:37.943+0300][100.500s][info ][gc] GC(3749) Pause Young (Normal) (G1 Evacuation Pause) 116M->118M(512M) 13.449ms
[2020-08-01T12:16:37.977+0300][100.535s][info ][gc] GC(3750) Pause Young (Normal) (G1 Evacuation Pause) 159M->161M(512M) 12.025ms
[2020-08-01T12:16:37.997+0300][100.554s][info ][gc] GC(3751) Pause Young (Normal) (G1 Evacuation Pause) 182M->183M(512M) 11.164ms
[2020-08-01T12:16:38.017+0300][100.575s][info ][gc] GC(3752) Pause Young (Normal) (G1 Evacuation Pause) 204M->206M(512M) 11.398ms
[2020-08-01T12:16:38.038+0300][100.595s][info ][gc] GC(3753) Pause Young (Normal) (G1 Evacuation Pause) 227M->228M(512M) 12.479ms
[2020-08-01T12:16:38.059+0300][100.617s][info ][gc] GC(3754) Pause Young (Normal) (G1 Evacuation Pause) 249M->250M(512M) 12.796ms
[2020-08-01T12:16:38.080+0300][100.638s][info ][gc] GC(3755) Pause Young (Concurrent Start) (G1 Evacuation Pause) 271M->273M(512M) 13.022ms
[2020-08-01T12:16:38.081+0300][100.638s][info ][gc] GC(3756) Concurrent Cycle
[2020-08-01T12:16:38.121+0300][100.679s][info ][gc] GC(3757) Pause Young (Normal) (G1 Evacuation Pause) 314M->315M(512M) 11.706ms
[2020-08-01T12:16:38.141+0300][100.699s][info ][gc] GC(3758) Pause Young (Normal) (G1 Evacuation Pause) 336M->338M(512M) 11.660ms
[2020-08-01T12:16:38.160+0300][100.718s][info ][gc] GC(3759) Pause Young (Normal) (G1 Evacuation Pause) 359M->360M(512M) 10.442ms
[2020-08-01T12:16:38.179+0300][100.737s][info ][gc] GC(3760) Pause Young (Normal) (G1 Evacuation Pause) 381M->382M(512M) 10.293ms
[2020-08-01T12:16:38.199+0300][100.756s][info ][gc] GC(3761) Pause Young (Normal) (G1 Evacuation Pause) 403M->405M(512M) 10.404ms
[2020-08-01T12:16:38.241+0300][100.799s][info ][gc] GC(3762) Pause Young (Normal) (G1 Evacuation Pause) 446M->447M(512M) 12.036ms
[2020-08-01T12:16:38.242+0300][100.800s][debug][gc] GC(3756) Reclaimed 135 empty regions
[2020-08-01T12:16:38.243+0300][100.800s][info ][gc] GC(3756) Pause Remark 449M->316M(512M) 0.714ms
[2020-08-01T12:16:38.261+0300][100.819s][info ][gc] GC(3763) Pause Young (Normal) (G1 Evacuation Pause) 335M->336M(512M) 10.899ms
[2020-08-01T12:16:38.294+0300][100.852s][info ][gc] GC(3764) Pause Young (Normal) (G1 Evacuation Pause) 357M->358M(512M) 13.881ms
[2020-08-01T12:16:38.327+0300][100.884s][info ][gc] GC(3765) Pause Young (Normal) (G1 Evacuation Pause) 379M->380M(512M) 12.093ms
[2020-08-01T12:16:38.351+0300][100.908s][info ][gc] GC(3766) Pause Young (Normal) (G1 Evacuation Pause) 401M->402M(512M) 14.470ms
[2020-08-01T12:16:38.386+0300][100.944s][info ][gc] GC(3767) Pause Young (Normal) (G1 Evacuation Pause) 423M->424M(512M) 11.033ms
[2020-08-01T12:16:38.431+0300][100.989s][info ][gc] GC(3768) Pause Young (Normal) (G1 Evacuation Pause) 465M->467M(512M) 11.885ms
[2020-08-01T12:16:38.465+0300][101.022s][info ][gc] GC(3769) To-space exhausted
[2020-08-01T12:16:38.465+0300][101.022s][info ][gc] GC(3769) Pause Young (Normal) (G1 Evacuation Pause) 488M->491M(512M) 14.951ms
[2020-08-01T12:16:38.494+0300][101.052s][info ][gc] GC(3756) Pause Cleanup 511M->511M(512M) 0.163ms
[2020-08-01T12:16:38.534+0300][101.092s][info ][gc] GC(3770) To-space exhausted
[2020-08-01T12:16:38.534+0300][101.092s][info ][gc] GC(3770) Pause Young (Normal) (G1 Evacuation Pause) 511M->511M(512M) 39.305ms
[2020-08-01T12:16:38.535+0300][101.092s][debug][gc] GC(3771) Clear Next Bitmap 0.409ms
[2020-08-01T12:16:38.589+0300][101.146s][info ][gc] GC(3771) Pause Full (G1 Evacuation Pause) 511M->75M(512M) 54.352ms
[2020-08-01T12:16:38.589+0300][101.147s][info ][gc] GC(3756) Concurrent Cycle 508.214ms
[2020-08-01T12:16:38.615+0300][101.172s][info ][gc] GC(3772) Pause Young (Normal) (G1 Evacuation Pause) 100M->100M(512M) 14.836ms
[2020-08-01T12:16:38.637+0300][101.195s][info ][gc] GC(3773) Pause Young (Normal) (G1 Evacuation Pause) 121M->123M(512M) 13.613ms
[2020-08-01T12:16:38.678+0300][101.235s][info ][gc] GC(3774) Pause Young (Normal) (G1 Evacuation Pause) 164M->165M(512M) 10.981ms
[2020-08-01T12:16:38.697+0300][101.255s][info ][gc] GC(3775) Pause Young (Normal) (G1 Evacuation Pause) 186M->187M(512M) 10.905ms
[2020-08-01T12:16:38.718+0300][101.276s][info ][gc] GC(3776) Pause Young (Normal) (G1 Evacuation Pause) 208M->210M(512M) 12.178ms
[2020-08-01T12:16:38.737+0300][101.295s][info ][gc] GC(3777) Pause Young (Normal) (G1 Evacuation Pause) 231M->232M(512M) 10.549ms
[2020-08-01T12:16:38.756+0300][101.314s][info ][gc] GC(3778) Pause Young (Concurrent Start) (G1 Evacuation Pause) 253M->253M(512M) 10.546ms
[2020-08-01T12:16:38.756+0300][101.314s][info ][gc] GC(3779) Concurrent Cycle
[2020-08-01T12:16:38.775+0300][101.333s][info ][gc] GC(3780) Pause Young (Normal) (G1 Evacuation Pause) 274M->276M(512M) 10.413ms
[2020-08-01T12:16:38.821+0300][101.378s][info ][gc] GC(3781) Pause Young (Normal) (G1 Evacuation Pause) 317M->319M(512M) 11.438ms
[2020-08-01T12:16:38.842+0300][101.400s][info ][gc] GC(3782) Pause Young (Normal) (G1 Evacuation Pause) 340M->342M(512M) 12.060ms
[2020-08-01T12:16:38.862+0300][101.420s][info ][gc] GC(3783) Pause Young (Normal) (G1 Evacuation Pause) 363M->364M(512M) 11.432ms
[2020-08-01T12:16:38.884+0300][101.442s][info ][gc] GC(3784) Pause Young (Normal) (G1 Evacuation Pause) 385M->387M(512M) 12.033ms
[2020-08-01T12:16:38.906+0300][101.463s][info ][gc] GC(3785) Pause Young (Normal) (G1 Evacuation Pause) 408M->409M(512M) 12.862ms
[2020-08-01T12:16:38.908+0300][101.465s][debug][gc] GC(3779) Reclaimed 126 empty regions
[2020-08-01T12:16:38.908+0300][101.465s][info ][gc] GC(3779) Pause Remark 411M->289M(512M) 0.724ms
[2020-08-01T12:16:38.945+0300][101.503s][info ][gc] GC(3786) Pause Young (Normal) (G1 Evacuation Pause) 327M->328M(512M) 12.928ms
[2020-08-01T12:16:38.979+0300][101.537s][info ][gc] GC(3787) Pause Young (Normal) (G1 Evacuation Pause) 349M->351M(512M) 12.064ms
[2020-08-01T12:16:39.007+0300][101.565s][info ][gc] GC(3788) Pause Young (Normal) (G1 Evacuation Pause) 372M->373M(512M) 12.533ms
[2020-08-01T12:16:39.037+0300][101.594s][info ][gc] GC(3789) Pause Young (Normal) (G1 Evacuation Pause) 394M->396M(512M) 11.826ms
[2020-08-01T12:16:39.064+0300][101.622s][info ][gc] GC(3790) Pause Young (Normal) (G1 Evacuation Pause) 417M->418M(512M) 11.096ms
[2020-08-01T12:16:39.092+0300][101.650s][info ][gc] GC(3791) Pause Young (Normal) (G1 Evacuation Pause) 439M->441M(512M) 10.722ms
[2020-08-01T12:16:39.127+0300][101.685s][info ][gc] GC(3779) Pause Cleanup 465M->465M(512M) 0.158ms
[2020-08-01T12:16:39.129+0300][101.687s][info ][gc] GC(3779) Concurrent Cycle 373.222ms
[2020-08-01T12:16:39.147+0300][101.704s][info ][gc] GC(3792) Pause Young (Normal) (G1 Evacuation Pause) 482M->484M(512M) 10.842ms
[2020-08-01T12:16:39.186+0300][101.743s][info ][gc] GC(3793) To-space exhausted
[2020-08-01T12:16:39.186+0300][101.743s][info ][gc] GC(3793) Pause Young (Concurrent Start) (G1 Evacuation Pause) 505M->509M(512M) 30.732ms
[2020-08-01T12:16:39.186+0300][101.743s][info ][gc] GC(3794) Concurrent Cycle
[2020-08-01T12:16:39.197+0300][101.755s][info ][gc] GC(3795) To-space exhausted
[2020-08-01T12:16:39.197+0300][101.755s][info ][gc] GC(3795) Pause Young (Normal) (G1 Evacuation Pause) 511M->511M(512M) 8.195ms
[2020-08-01T12:16:39.198+0300][101.756s][debug][gc] GC(3796) Clear Next Bitmap 0.426ms
[2020-08-01T12:16:39.237+0300][101.794s][info ][gc] GC(3796) Pause Full (G1 Evacuation Pause) 511M->62M(512M) 38.946ms
[2020-08-01T12:16:39.237+0300][101.795s][info ][gc] GC(3794) Concurrent Cycle 51.008ms
[2020-08-01T12:16:39.258+0300][101.815s][info ][gc] GC(3797) Pause Young (Normal) (G1 Evacuation Pause) 88M->88M(512M) 10.661ms
[2020-08-01T12:16:39.279+0300][101.837s][info ][gc] GC(3798) Pause Young (Normal) (G1 Evacuation Pause) 112M->114M(512M) 11.449ms
[2020-08-01T12:16:39.298+0300][101.855s][info ][gc] GC(3799) Pause Young (Normal) (G1 Evacuation Pause) 135M->136M(512M) 10.213ms
[2020-08-01T12:16:39.333+0300][101.891s][info ][gc] GC(3800) Pause Young (Normal) (G1 Evacuation Pause) 177M->179M(512M) 10.365ms
[2020-08-01T12:16:39.351+0300][101.909s][info ][gc] GC(3801) Pause Young (Normal) (G1 Evacuation Pause) 200M->202M(512M) 10.296ms
[2020-08-01T12:16:39.372+0300][101.930s][info ][gc] GC(3802) Pause Young (Normal) (G1 Evacuation Pause) 223M->224M(512M) 11.946ms
[2020-08-01T12:16:39.391+0300][101.948s][info ][gc] GC(3803) Pause Young (Normal) (G1 Evacuation Pause) 245M->246M(512M) 10.463ms
[2020-08-01T12:16:39.409+0300][101.967s][info ][gc] GC(3804) Pause Young (Concurrent Start) (G1 Evacuation Pause) 267M->269M(512M) 10.537ms
[2020-08-01T12:16:39.410+0300][101.967s][info ][gc] GC(3805) Concurrent Cycle
[2020-08-01T12:16:39.454+0300][102.012s][info ][gc] GC(3806) Pause Young (Normal) (G1 Evacuation Pause) 310M->311M(512M) 11.295ms
[2020-08-01T12:16:39.474+0300][102.031s][info ][gc] GC(3807) Pause Young (Normal) (G1 Evacuation Pause) 332M->333M(512M) 10.574ms
[2020-08-01T12:16:39.493+0300][102.051s][info ][gc] GC(3808) Pause Young (Normal) (G1 Evacuation Pause) 354M->356M(512M) 10.877ms
[2020-08-01T12:16:39.512+0300][102.070s][info ][gc] GC(3809) Pause Young (Normal) (G1 Evacuation Pause) 377M->379M(512M) 10.339ms
[2020-08-01T12:16:39.532+0300][102.089s][info ][gc] GC(3810) Pause Young (Normal) (G1 Evacuation Pause) 400M->401M(512M) 10.730ms
[2020-08-01T12:16:39.553+0300][102.111s][info ][gc] GC(3811) Pause Young (Normal) (G1 Evacuation Pause) 422M->423M(512M) 12.193ms
[2020-08-01T12:16:39.566+0300][102.124s][debug][gc] GC(3805) Reclaimed 133 empty regions
[2020-08-01T12:16:39.566+0300][102.124s][info ][gc] GC(3805) Pause Remark 425M->295M(512M) 0.650ms
[2020-08-01T12:16:39.601+0300][102.159s][info ][gc] GC(3812) Pause Young (Normal) (G1 Evacuation Pause) 334M->335M(512M) 12.640ms
[2020-08-01T12:16:39.633+0300][102.191s][info ][gc] GC(3813) Pause Young (Normal) (G1 Evacuation Pause) 356M->358M(512M) 12.232ms
[2020-08-01T12:16:39.666+0300][102.224s][info ][gc] GC(3814) Pause Young (Normal) (G1 Evacuation Pause) 379M->380M(512M) 13.540ms
[2020-08-01T12:16:39.703+0300][102.260s][info ][gc] GC(3815) Pause Young (Normal) (G1 Evacuation Pause) 401M->402M(512M) 13.673ms
[2020-08-01T12:16:39.736+0300][102.294s][info ][gc] GC(3816) Pause Young (Normal) (G1 Evacuation Pause) 423M->424M(512M) 12.805ms
[2020-08-01T12:16:39.783+0300][102.341s][info ][gc] GC(3817) Pause Young (Normal) (G1 Evacuation Pause) 465M->467M(512M) 11.890ms
[2020-08-01T12:16:39.798+0300][102.356s][info ][gc] GC(3805) Pause Cleanup 478M->478M(512M) 0.158ms
[2020-08-01T12:16:39.799+0300][102.356s][info ][gc] GC(3805) Concurrent Cycle 388.959ms
[2020-08-01T12:16:39.815+0300][102.373s][info ][gc] GC(3818) To-space exhausted
[2020-08-01T12:16:39.816+0300][102.373s][info ][gc] GC(3818) Pause Young (Normal) (G1 Evacuation Pause) 488M->494M(512M) 13.172ms
[2020-08-01T12:16:39.855+0300][102.413s][info ][gc] GC(3819) To-space exhausted
[2020-08-01T12:16:39.856+0300][102.413s][info ][gc] GC(3819) Pause Young (Concurrent Start) (G1 Evacuation Pause) 511M->511M(512M) 33.192ms
[2020-08-01T12:16:39.856+0300][102.413s][info ][gc] GC(3821) Concurrent Cycle
[2020-08-01T12:16:39.856+0300][102.414s][debug][gc] GC(3820) Clear Next Bitmap 0.312ms
[2020-08-01T12:16:39.900+0300][102.458s][info ][gc] GC(3820) Pause Full (G1 Evacuation Pause) 511M->68M(512M) 44.147ms
[2020-08-01T12:16:39.900+0300][102.458s][info ][gc] GC(3821) Concurrent Cycle 44.436ms
[2020-08-01T12:16:39.924+0300][102.482s][info ][gc] GC(3822) Pause Young (Normal) (G1 Evacuation Pause) 96M->96M(512M) 12.638ms
[2020-08-01T12:16:39.946+0300][102.504s][info ][gc] GC(3823) Pause Young (Normal) (G1 Evacuation Pause) 120M->122M(512M) 12.562ms
[2020-08-01T12:16:39.982+0300][102.540s][info ][gc] GC(3824) Pause Young (Normal) (G1 Evacuation Pause) 163M->164M(512M) 11.607ms
[2020-08-01T12:16:40.001+0300][102.559s][info ][gc] GC(3825) Pause Young (Normal) (G1 Evacuation Pause) 185M->187M(512M) 10.682ms
[2020-08-01T12:16:40.023+0300][102.581s][info ][gc] GC(3826) Pause Young (Normal) (G1 Evacuation Pause) 208M->209M(512M) 13.116ms
[2020-08-01T12:16:40.042+0300][102.600s][info ][gc] GC(3827) Pause Young (Normal) (G1 Evacuation Pause) 230M->231M(512M) 10.531ms
[2020-08-01T12:16:40.061+0300][102.618s][info ][gc] GC(3828) Pause Young (Concurrent Start) (G1 Evacuation Pause) 252M->253M(512M) 10.496ms
[2020-08-01T12:16:40.061+0300][102.618s][info ][gc] GC(3829) Concurrent Cycle
[2020-08-01T12:16:40.081+0300][102.639s][info ][gc] GC(3830) Pause Young (Normal) (G1 Evacuation Pause) 274M->276M(512M) 11.662ms
[2020-08-01T12:16:40.124+0300][102.682s][info ][gc] GC(3831) Pause Young (Normal) (G1 Evacuation Pause) 317M->318M(512M) 10.670ms
[2020-08-01T12:16:40.144+0300][102.702s][info ][gc] GC(3832) Pause Young (Normal) (G1 Evacuation Pause) 339M->340M(512M) 10.623ms
[2020-08-01T12:16:40.163+0300][102.721s][info ][gc] GC(3833) Pause Young (Normal) (G1 Evacuation Pause) 361M->363M(512M) 10.209ms
[2020-08-01T12:16:40.183+0300][102.741s][info ][gc] GC(3834) Pause Young (Normal) (G1 Evacuation Pause) 384M->385M(512M) 11.414ms
[2020-08-01T12:16:40.202+0300][102.760s][info ][gc] GC(3835) Pause Young (Normal) (G1 Evacuation Pause) 406M->407M(512M) 10.358ms
[2020-08-01T12:16:40.206+0300][102.764s][debug][gc] GC(3829) Reclaimed 133 empty regions
[2020-08-01T12:16:40.207+0300][102.764s][info ][gc] GC(3829) Pause Remark 414M->286M(512M) 0.895ms
[2020-08-01T12:16:40.248+0300][102.806s][info ][gc] GC(3836) Pause Young (Normal) (G1 Evacuation Pause) 319M->321M(512M) 11.362ms
[2020-08-01T12:16:40.277+0300][102.834s][info ][gc] GC(3837) Pause Young (Normal) (G1 Evacuation Pause) 342M->344M(512M) 10.757ms
[2020-08-01T12:16:40.306+0300][102.864s][info ][gc] GC(3838) Pause Young (Normal) (G1 Evacuation Pause) 365M->366M(512M) 14.162ms
[2020-08-01T12:16:40.342+0300][102.899s][info ][gc] GC(3839) Pause Young (Normal) (G1 Evacuation Pause) 387M->389M(512M) 14.942ms
[2020-08-01T12:16:40.371+0300][102.928s][info ][gc] GC(3840) Pause Young (Normal) (G1 Evacuation Pause) 410M->411M(512M) 10.413ms
[2020-08-01T12:16:40.401+0300][102.958s][info ][gc] GC(3841) Pause Young (Normal) (G1 Evacuation Pause) 432M->434M(512M) 11.527ms
[2020-08-01T12:16:40.424+0300][102.982s][info ][gc] GC(3829) Pause Cleanup 438M->438M(512M) 0.113ms
[2020-08-01T12:16:40.425+0300][102.982s][info ][gc] GC(3829) Concurrent Cycle 363.817ms
[2020-08-01T12:16:40.437+0300][102.995s][info ][gc] GC(3842) Pause Young (Concurrent Start) (G1 Humongous Allocation) 438M->439M(512M) 4.837ms
[2020-08-01T12:16:40.438+0300][102.995s][info ][gc] GC(3843) Concurrent Cycle
[2020-08-01T12:16:40.445+0300][103.003s][debug][gc] GC(3843) Reclaimed 424 empty regions
[2020-08-01T12:16:40.445+0300][103.003s][info ][gc] GC(3843) Pause Remark 466M->42M(512M) 0.933ms
[2020-08-01T12:16:40.461+0300][103.019s][info ][gc] GC(3844) Pause Young (Normal) (G1 Evacuation Pause) 56M->53M(512M) 9.403ms
[2020-08-01T12:16:40.466+0300][103.024s][info ][gc] GC(3843) Pause Cleanup 54M->54M(512M) 0.082ms
[2020-08-01T12:16:40.467+0300][103.025s][info ][gc] GC(3843) Concurrent Cycle 29.133ms
[2020-08-01T12:16:40.489+0300][103.046s][info ][gc] GC(3845) Pause Young (Normal) (G1 Evacuation Pause) 74M->75M(512M) 12.465ms
[2020-08-01T12:16:40.510+0300][103.068s][info ][gc] GC(3846) Pause Young (Normal) (G1 Evacuation Pause) 96M->98M(512M) 12.807ms
[2020-08-01T12:16:40.530+0300][103.088s][info ][gc] GC(3847) Pause Young (Normal) (G1 Evacuation Pause) 119M->120M(512M) 11.151ms
[2020-08-01T12:16:40.553+0300][103.111s][info ][gc] GC(3848) Pause Young (Normal) (G1 Evacuation Pause) 141M->142M(512M) 13.875ms
[2020-08-01T12:16:40.592+0300][103.149s][info ][gc] GC(3849) Pause Young (Normal) (G1 Evacuation Pause) 183M->184M(512M) 11.346ms
[2020-08-01T12:16:40.611+0300][103.168s][info ][gc] GC(3850) Pause Young (Normal) (G1 Evacuation Pause) 205M->206M(512M) 10.380ms
[2020-08-01T12:16:40.629+0300][103.187s][info ][gc] GC(3851) Pause Young (Normal) (G1 Evacuation Pause) 227M->229M(512M) 10.491ms
[2020-08-01T12:16:40.652+0300][103.210s][info ][gc] GC(3852) Pause Young (Normal) (G1 Evacuation Pause) 250M->251M(512M) 13.515ms
[2020-08-01T12:16:40.674+0300][103.232s][info ][gc] GC(3853) Pause Young (Concurrent Start) (G1 Evacuation Pause) 272M->273M(512M) 12.921ms
[2020-08-01T12:16:40.674+0300][103.232s][info ][gc] GC(3854) Concurrent Cycle
[2020-08-01T12:16:40.718+0300][103.275s][info ][gc] GC(3855) Pause Young (Normal) (G1 Evacuation Pause) 314M->315M(512M) 12.167ms
[2020-08-01T12:16:40.738+0300][103.295s][info ][gc] GC(3856) Pause Young (Normal) (G1 Evacuation Pause) 336M->338M(512M) 11.067ms
[2020-08-01T12:16:40.759+0300][103.317s][info ][gc] GC(3857) Pause Young (Normal) (G1 Evacuation Pause) 359M->361M(512M) 12.282ms
[2020-08-01T12:16:40.782+0300][103.340s][info ][gc] GC(3858) Pause Young (Normal) (G1 Evacuation Pause) 382M->383M(512M) 14.041ms
[2020-08-01T12:16:40.804+0300][103.362s][info ][gc] GC(3859) Pause Young (Normal) (G1 Evacuation Pause) 404M->406M(512M) 12.695ms
[2020-08-01T12:16:40.829+0300][103.386s][info ][gc] GC(3860) Pause Young (Normal) (G1 Evacuation Pause) 427M->428M(512M) 13.845ms
[2020-08-01T12:16:40.840+0300][103.398s][debug][gc] GC(3854) Reclaimed 138 empty regions
[2020-08-01T12:16:40.840+0300][103.398s][info ][gc] GC(3854) Pause Remark 437M->299M(512M) 0.728ms
[2020-08-01T12:16:40.866+0300][103.423s][info ][gc] GC(3861) Pause Young (Normal) (G1 Evacuation Pause) 331M->332M(512M) 13.421ms
[2020-08-01T12:16:40.900+0300][103.458s][info ][gc] GC(3862) Pause Young (Normal) (G1 Evacuation Pause) 353M->354M(512M) 12.710ms
[2020-08-01T12:16:40.930+0300][103.488s][info ][gc] GC(3863) Pause Young (Normal) (G1 Evacuation Pause) 375M->376M(512M) 12.841ms
[2020-08-01T12:16:40.961+0300][103.519s][info ][gc] GC(3864) Pause Young (Normal) (G1 Evacuation Pause) 397M->398M(512M) 12.595ms
[2020-08-01T12:16:40.992+0300][103.550s][info ][gc] GC(3865) Pause Young (Normal) (G1 Evacuation Pause) 419M->421M(512M) 12.748ms
[2020-08-01T12:16:41.037+0300][103.594s][info ][gc] GC(3866) Pause Young (Normal) (G1 Evacuation Pause) 462M->464M(512M) 11.962ms
[2020-08-01T12:16:41.068+0300][103.626s][info ][gc] GC(3867) Pause Young (Normal) (G1 Evacuation Pause) 485M->486M(512M) 12.414ms
[2020-08-01T12:16:41.117+0300][103.675s][info ][gc] GC(3868) To-space exhausted
[2020-08-01T12:16:41.117+0300][103.675s][info ][gc] GC(3868) Pause Young (Normal) (G1 Evacuation Pause) 507M->511M(512M) 30.505ms
[2020-08-01T12:16:41.118+0300][103.676s][debug][gc] GC(3869) Clear Next Bitmap 0.268ms
[2020-08-01T12:16:41.159+0300][103.717s][info ][gc] GC(3869) Pause Full (G1 Evacuation Pause) 511M->65M(512M) 41.408ms
[2020-08-01T12:16:41.159+0300][103.717s][info ][gc] GC(3854) Concurrent Cycle 484.862ms
[2020-08-01T12:16:41.180+0300][103.738s][info ][gc] GC(3870) Pause Young (Normal) (G1 Evacuation Pause) 90M->91M(512M) 10.903ms
[2020-08-01T12:16:41.199+0300][103.757s][info ][gc] GC(3871) Pause Young (Normal) (G1 Evacuation Pause) 112M->113M(512M) 10.543ms
[2020-08-01T12:16:41.218+0300][103.775s][info ][gc] GC(3872) Pause Young (Normal) (G1 Evacuation Pause) 134M->135M(512M) 10.286ms
[2020-08-01T12:16:41.250+0300][103.807s][info ][gc] GC(3873) Pause Young (Normal) (G1 Evacuation Pause) 176M->177M(512M) 10.530ms
[2020-08-01T12:16:41.268+0300][103.826s][info ][gc] GC(3874) Pause Young (Normal) (G1 Evacuation Pause) 198M->200M(512M) 10.361ms
[2020-08-01T12:16:41.287+0300][103.845s][info ][gc] GC(3875) Pause Young (Normal) (G1 Evacuation Pause) 221M->222M(512M) 10.219ms
[2020-08-01T12:16:41.305+0300][103.863s][info ][gc] GC(3876) Pause Young (Normal) (G1 Evacuation Pause) 243M->244M(512M) 10.304ms
[2020-08-01T12:16:41.325+0300][103.882s][info ][gc] GC(3877) Pause Young (Concurrent Start) (G1 Evacuation Pause) 265M->267M(512M) 10.798ms
[2020-08-01T12:16:41.325+0300][103.882s][info ][gc] GC(3878) Concurrent Cycle
[2020-08-01T12:16:41.358+0300][103.916s][info ][gc] GC(3879) Pause Young (Normal) (G1 Evacuation Pause) 308M->309M(512M) 11.371ms
[2020-08-01T12:16:41.381+0300][103.939s][info ][gc] GC(3880) Pause Young (Normal) (G1 Evacuation Pause) 330M->331M(512M) 13.344ms
[2020-08-01T12:16:41.402+0300][103.960s][info ][gc] GC(3881) Pause Young (Normal) (G1 Evacuation Pause) 352M->354M(512M) 11.861ms
[2020-08-01T12:16:41.423+0300][103.981s][info ][gc] GC(3882) Pause Young (Normal) (G1 Evacuation Pause) 375M->376M(512M) 12.596ms
[2020-08-01T12:16:41.444+0300][104.002s][info ][gc] GC(3883) Pause Young (Normal) (G1 Evacuation Pause) 397M->398M(512M) 11.496ms
[2020-08-01T12:16:41.466+0300][104.023s][info ][gc] GC(3884) Pause Young (Normal) (G1 Evacuation Pause) 419M->421M(512M) 12.352ms
[2020-08-01T12:16:41.501+0300][104.059s][info ][gc] GC(3885) Pause Young (Normal) (G1 Evacuation Pause) 462M->463M(512M) 12.271ms
[2020-08-01T12:16:41.504+0300][104.062s][debug][gc] GC(3878) Reclaimed 131 empty regions
[2020-08-01T12:16:41.504+0300][104.062s][info ][gc] GC(3878) Pause Remark 469M->340M(512M) 0.703ms
[2020-08-01T12:16:41.523+0300][104.081s][info ][gc] GC(3886) Pause Young (Normal) (G1 Evacuation Pause) 355M->357M(512M) 12.458ms
[2020-08-01T12:16:41.552+0300][104.110s][info ][gc] GC(3887) Pause Young (Normal) (G1 Evacuation Pause) 378M->379M(512M) 11.661ms
[2020-08-01T12:16:41.583+0300][104.141s][info ][gc] GC(3888) Pause Young (Normal) (G1 Evacuation Pause) 400M->402M(512M) 14.043ms
[2020-08-01T12:16:41.612+0300][104.169s][info ][gc] GC(3889) Pause Young (Normal) (G1 Evacuation Pause) 423M->424M(512M) 11.229ms
[2020-08-01T12:16:41.657+0300][104.215s][info ][gc] GC(3890) Pause Young (Normal) (G1 Evacuation Pause) 465M->466M(512M) 13.478ms
[2020-08-01T12:16:41.689+0300][104.247s][info ][gc] GC(3891) To-space exhausted
[2020-08-01T12:16:41.689+0300][104.247s][info ][gc] GC(3891) Pause Young (Normal) (G1 Evacuation Pause) 487M->493M(512M) 13.173ms
[2020-08-01T12:16:41.736+0300][104.294s][info ][gc] GC(3892) To-space exhausted
[2020-08-01T12:16:41.737+0300][104.294s][info ][gc] GC(3892) Pause Young (Normal) (G1 Evacuation Pause) 511M->511M(512M) 29.817ms
[2020-08-01T12:16:41.737+0300][104.295s][debug][gc] GC(3893) Clear Next Bitmap 0.351ms
[2020-08-01T12:16:41.779+0300][104.337s][info ][gc] GC(3893) Pause Full (G1 Evacuation Pause) 511M->69M(512M) 42.422ms
[2020-08-01T12:16:41.779+0300][104.337s][info ][gc] GC(3878) Concurrent Cycle 454.655ms
[2020-08-01T12:16:41.802+0300][104.360s][info ][gc] GC(3894) Pause Young (Normal) (G1 Evacuation Pause) 95M->95M(512M) 12.565ms
[2020-08-01T12:16:41.825+0300][104.383s][info ][gc] GC(3895) Pause Young (Normal) (G1 Evacuation Pause) 119M->120M(512M) 12.652ms
[2020-08-01T12:16:41.865+0300][104.423s][info ][gc] GC(3896) Pause Young (Normal) (G1 Evacuation Pause) 161M->162M(512M) 10.306ms
[2020-08-01T12:16:41.885+0300][104.443s][info ][gc] GC(3897) Pause Young (Normal) (G1 Evacuation Pause) 183M->185M(512M) 11.030ms
[2020-08-01T12:16:41.905+0300][104.463s][info ][gc] GC(3898) Pause Young (Normal) (G1 Evacuation Pause) 206M->207M(512M) 12.019ms
[2020-08-01T12:16:41.925+0300][104.482s][info ][gc] GC(3899) Pause Young (Normal) (G1 Evacuation Pause) 228M->229M(512M) 10.787ms
[2020-08-01T12:16:41.943+0300][104.501s][info ][gc] GC(3900) Pause Young (Normal) (G1 Evacuation Pause) 250M->251M(512M) 10.351ms
[2020-08-01T12:16:41.963+0300][104.521s][info ][gc] GC(3901) Pause Young (Concurrent Start) (G1 Evacuation Pause) 272M->273M(512M) 11.215ms
[2020-08-01T12:16:41.963+0300][104.521s][info ][gc] GC(3902) Concurrent Cycle
[2020-08-01T12:16:42.009+0300][104.567s][info ][gc] GC(3903) Pause Young (Normal) (G1 Evacuation Pause) 314M->316M(512M) 10.716ms
[2020-08-01T12:16:42.030+0300][104.588s][info ][gc] GC(3904) Pause Young (Normal) (G1 Evacuation Pause) 337M->338M(512M) 11.150ms
[2020-08-01T12:16:42.051+0300][104.609s][info ][gc] GC(3905) Pause Young (Normal) (G1 Evacuation Pause) 359M->360M(512M) 11.463ms
[2020-08-01T12:16:42.071+0300][104.629s][info ][gc] GC(3906) Pause Young (Normal) (G1 Evacuation Pause) 381M->383M(512M) 11.103ms
[2020-08-01T12:16:42.091+0300][104.649s][info ][gc] GC(3907) Pause Young (Normal) (G1 Evacuation Pause) 404M->405M(512M) 10.947ms
[2020-08-01T12:16:42.118+0300][104.675s][debug][gc] GC(3902) Reclaimed 121 empty regions
[2020-08-01T12:16:42.118+0300][104.675s][info ][gc] GC(3902) Pause Remark 442M->324M(512M) 0.814ms
[2020-08-01T12:16:42.134+0300][104.692s][info ][gc] GC(3908) Pause Young (Normal) (G1 Evacuation Pause) 328M->330M(512M) 11.957ms
[2020-08-01T12:16:42.161+0300][104.719s][info ][gc] GC(3909) Pause Young (Normal) (G1 Evacuation Pause) 351M->352M(512M) 10.560ms
[2020-08-01T12:16:42.189+0300][104.747s][info ][gc] GC(3910) Pause Young (Normal) (G1 Evacuation Pause) 373M->375M(512M) 11.224ms
[2020-08-01T12:16:42.215+0300][104.773s][info ][gc] GC(3911) Pause Young (Normal) (G1 Evacuation Pause) 396M->397M(512M) 10.693ms
[2020-08-01T12:16:42.243+0300][104.801s][info ][gc] GC(3912) Pause Young (Normal) (G1 Evacuation Pause) 418M->419M(512M) 10.486ms
[2020-08-01T12:16:42.271+0300][104.829s][info ][gc] GC(3913) Pause Young (Normal) (G1 Evacuation Pause) 440M->442M(512M) 11.307ms
[2020-08-01T12:16:42.323+0300][104.881s][info ][gc] GC(3914) Pause Young (Normal) (G1 Evacuation Pause) 483M->484M(512M) 11.234ms
[2020-08-01T12:16:42.369+0300][104.926s][info ][gc] GC(3915) To-space exhausted
[2020-08-01T12:16:42.369+0300][104.926s][info ][gc] GC(3915) Pause Young (Normal) (G1 Evacuation Pause) 505M->510M(512M) 30.430ms
[2020-08-01T12:16:42.385+0300][104.943s][info ][gc] GC(3916) To-space exhausted
[2020-08-01T12:16:42.385+0300][104.943s][info ][gc] GC(3916) Pause Young (Normal) (G1 Evacuation Pause) 511M->511M(512M) 7.375ms
[2020-08-01T12:16:42.385+0300][104.943s][debug][gc] GC(3917) Clear Next Bitmap 0.311ms
[2020-08-01T12:16:42.423+0300][104.980s][info ][gc] GC(3917) Pause Full (G1 Evacuation Pause) 511M->59M(512M) 37.616ms
[2020-08-01T12:16:42.423+0300][104.981s][info ][gc] GC(3902) Concurrent Cycle 459.643ms
[2020-08-01T12:16:42.445+0300][105.003s][info ][gc] GC(3918) Pause Young (Normal) (G1 Evacuation Pause) 85M->85M(512M) 11.620ms
[2020-08-01T12:16:42.467+0300][105.025s][info ][gc] GC(3919) Pause Young (Normal) (G1 Evacuation Pause) 109M->110M(512M) 12.484ms
[2020-08-01T12:16:42.487+0300][105.044s][info ][gc] GC(3920) Pause Young (Normal) (G1 Evacuation Pause) 131M->132M(512M) 10.925ms
[2020-08-01T12:16:42.559+0300][105.116s][info ][gc] GC(3921) Pause Young (Normal) (G1 Evacuation Pause) 173M->174M(512M) 20.362ms
[2020-08-01T12:16:42.583+0300][105.141s][info ][gc] GC(3922) Pause Young (Normal) (G1 Evacuation Pause) 195M->197M(512M) 13.170ms
[2020-08-01T12:16:42.603+0300][105.161s][info ][gc] GC(3923) Pause Young (Normal) (G1 Evacuation Pause) 218M->220M(512M) 11.609ms
[2020-08-01T12:16:42.624+0300][105.181s][info ][gc] GC(3924) Pause Young (Normal) (G1 Evacuation Pause) 241M->242M(512M) 12.296ms
[2020-08-01T12:16:42.643+0300][105.201s][info ][gc] GC(3925) Pause Young (Concurrent Start) (G1 Evacuation Pause) 263M->265M(512M) 10.825ms
[2020-08-01T12:16:42.643+0300][105.201s][info ][gc] GC(3926) Concurrent Cycle
[2020-08-01T12:16:42.693+0300][105.250s][info ][gc] GC(3927) Pause Young (Normal) (G1 Evacuation Pause) 306M->307M(512M) 11.915ms
[2020-08-01T12:16:42.713+0300][105.271s][info ][gc] GC(3928) Pause Young (Normal) (G1 Evacuation Pause) 328M->329M(512M) 10.501ms
[2020-08-01T12:16:42.735+0300][105.293s][info ][gc] GC(3929) Pause Young (Normal) (G1 Evacuation Pause) 350M->352M(512M) 12.845ms
[2020-08-01T12:16:42.756+0300][105.314s][info ][gc] GC(3930) Pause Young (Normal) (G1 Evacuation Pause) 373M->375M(512M) 11.833ms
[2020-08-01T12:16:42.775+0300][105.333s][info ][gc] GC(3931) Pause Young (Normal) (G1 Evacuation Pause) 396M->397M(512M) 10.246ms
[2020-08-01T12:16:42.794+0300][105.352s][info ][gc] GC(3932) Pause Young (Normal) (G1 Evacuation Pause) 418M->419M(512M) 10.717ms
[2020-08-01T12:16:42.806+0300][105.364s][debug][gc] GC(3926) Reclaimed 128 empty regions
[2020-08-01T12:16:42.806+0300][105.364s][info ][gc] GC(3926) Pause Remark 426M->299M(512M) 0.637ms
[2020-08-01T12:16:42.838+0300][105.396s][info ][gc] GC(3933) Pause Young (Normal) (G1 Evacuation Pause) 334M->335M(512M) 13.714ms
[2020-08-01T12:16:42.872+0300][105.429s][info ][gc] GC(3934) Pause Young (Normal) (G1 Evacuation Pause) 356M->358M(512M) 12.960ms
[2020-08-01T12:16:42.907+0300][105.465s][info ][gc] GC(3935) Pause Young (Normal) (G1 Evacuation Pause) 379M->380M(512M) 12.535ms
[2020-08-01T12:16:42.936+0300][105.494s][info ][gc] GC(3936) Pause Young (Normal) (G1 Evacuation Pause) 401M->402M(512M) 11.623ms
[2020-08-01T12:16:42.964+0300][105.522s][info ][gc] GC(3937) Pause Young (Normal) (G1 Evacuation Pause) 423M->425M(512M) 10.881ms
[2020-08-01T12:16:43.020+0300][105.577s][info ][gc] GC(3938) Pause Young (Normal) (G1 Evacuation Pause) 466M->467M(512M) 12.570ms
[2020-08-01T12:16:43.027+0300][105.584s][info ][gc] GC(3926) Pause Cleanup 469M->469M(512M) 0.153ms
[2020-08-01T12:16:43.027+0300][105.585s][info ][gc] GC(3926) Concurrent Cycle 383.648ms
[2020-08-01T12:16:43.048+0300][105.605s][info ][gc] GC(3939) To-space exhausted
[2020-08-01T12:16:43.048+0300][105.606s][info ][gc] GC(3939) Pause Young (Normal) (G1 Evacuation Pause) 488M->496M(512M) 13.227ms
[2020-08-01T12:16:43.082+0300][105.640s][info ][gc] GC(3940) To-space exhausted
[2020-08-01T12:16:43.082+0300][105.640s][info ][gc] GC(3940) Pause Young (Concurrent Start) (G1 Evacuation Pause) 511M->511M(512M) 28.668ms
[2020-08-01T12:16:43.082+0300][105.640s][info ][gc] GC(3942) Concurrent Cycle
[2020-08-01T12:16:43.083+0300][105.641s][debug][gc] GC(3941) Clear Next Bitmap 0.279ms
[2020-08-01T12:16:43.121+0300][105.679s][info ][gc] GC(3941) Pause Full (G1 Evacuation Pause) 511M->63M(512M) 38.761ms
[2020-08-01T12:16:43.122+0300][105.679s][info ][gc] GC(3942) Concurrent Cycle 39.081ms
[2020-08-01T12:16:43.142+0300][105.700s][info ][gc] GC(3943) Pause Young (Normal) (G1 Evacuation Pause) 88M->88M(512M) 10.533ms
[2020-08-01T12:16:43.162+0300][105.720s][info ][gc] GC(3944) Pause Young (Normal) (G1 Evacuation Pause) 109M->110M(512M) 10.943ms
[2020-08-01T12:16:43.181+0300][105.739s][info ][gc] GC(3945) Pause Young (Normal) (G1 Evacuation Pause) 131M->132M(512M) 11.268ms
[2020-08-01T12:16:43.259+0300][105.817s][info ][gc] GC(3946) Pause Young (Normal) (G1 Evacuation Pause) 173M->175M(512M) 31.158ms
[2020-08-01T12:16:43.287+0300][105.845s][info ][gc] GC(3947) Pause Young (Normal) (G1 Evacuation Pause) 196M->197M(512M) 13.565ms
[2020-08-01T12:16:43.307+0300][105.865s][info ][gc] GC(3948) Pause Young (Normal) (G1 Evacuation Pause) 218M->220M(512M) 11.047ms
[2020-08-01T12:16:43.328+0300][105.885s][info ][gc] GC(3949) Pause Young (Normal) (G1 Evacuation Pause) 241M->242M(512M) 11.914ms
[2020-08-01T12:16:43.347+0300][105.905s][info ][gc] GC(3950) Pause Young (Concurrent Start) (G1 Evacuation Pause) 263M->265M(512M) 10.466ms
[2020-08-01T12:16:43.347+0300][105.905s][info ][gc] GC(3951) Concurrent Cycle
[2020-08-01T12:16:43.390+0300][105.948s][info ][gc] GC(3952) Pause Young (Normal) (G1 Evacuation Pause) 306M->307M(512M) 10.456ms
[2020-08-01T12:16:43.410+0300][105.967s][info ][gc] GC(3953) Pause Young (Normal) (G1 Evacuation Pause) 328M->329M(512M) 10.947ms
[2020-08-01T12:16:43.429+0300][105.987s][info ][gc] GC(3954) Pause Young (Normal) (G1 Evacuation Pause) 350M->351M(512M) 10.594ms
[2020-08-01T12:16:43.450+0300][106.007s][info ][gc] GC(3955) Pause Young (Normal) (G1 Evacuation Pause) 372M->374M(512M) 11.782ms
[2020-08-01T12:16:43.469+0300][106.027s][info ][gc] GC(3956) Pause Young (Normal) (G1 Evacuation Pause) 395M->396M(512M) 10.665ms
[2020-08-01T12:16:43.489+0300][106.046s][info ][gc] GC(3957) Pause Young (Normal) (G1 Evacuation Pause) 417M->418M(512M) 10.909ms
[2020-08-01T12:16:43.501+0300][106.058s][debug][gc] GC(3951) Reclaimed 131 empty regions
[2020-08-01T12:16:43.501+0300][106.058s][info ][gc] GC(3951) Pause Remark 424M->296M(512M) 0.738ms
[2020-08-01T12:16:43.523+0300][106.081s][info ][gc] GC(3958) Pause Young (Normal) (G1 Evacuation Pause) 331M->332M(512M) 12.321ms
[2020-08-01T12:16:43.550+0300][106.108s][info ][gc] GC(3959) Pause Young (Normal) (G1 Evacuation Pause) 353M->354M(512M) 10.433ms
[2020-08-01T12:16:43.579+0300][106.137s][info ][gc] GC(3960) Pause Young (Normal) (G1 Evacuation Pause) 375M->376M(512M) 10.719ms
[2020-08-01T12:16:43.606+0300][106.164s][info ][gc] GC(3961) Pause Young (Normal) (G1 Evacuation Pause) 397M->399M(512M) 11.142ms
[2020-08-01T12:16:43.632+0300][106.190s][info ][gc] GC(3962) Pause Young (Normal) (G1 Evacuation Pause) 420M->421M(512M) 11.312ms
[2020-08-01T12:16:43.681+0300][106.238s][info ][gc] GC(3963) Pause Young (Normal) (G1 Evacuation Pause) 462M->463M(512M) 12.966ms
[2020-08-01T12:16:43.709+0300][106.266s][info ][gc] GC(3964) Pause Young (Normal) (G1 Evacuation Pause) 484M->485M(512M) 10.465ms
[2020-08-01T12:16:43.754+0300][106.312s][info ][gc] GC(3965) To-space exhausted
[2020-08-01T12:16:43.755+0300][106.312s][info ][gc] GC(3965) Pause Young (Normal) (G1 Evacuation Pause) 506M->511M(512M) 29.933ms
[2020-08-01T12:16:43.755+0300][106.313s][debug][gc] GC(3966) Clear Next Bitmap 0.296ms
[2020-08-01T12:16:43.800+0300][106.357s][info ][gc] GC(3966) Pause Full (G1 Evacuation Pause) 511M->68M(512M) 45.090ms
[2020-08-01T12:16:43.800+0300][106.358s][info ][gc] GC(3951) Concurrent Cycle 453.091ms
[2020-08-01T12:16:43.821+0300][106.379s][info ][gc] GC(3967) Pause Young (Normal) (G1 Evacuation Pause) 93M->94M(512M) 11.189ms
[2020-08-01T12:16:43.844+0300][106.402s][info ][gc] GC(3968) Pause Young (Normal) (G1 Evacuation Pause) 115M->116M(512M) 14.348ms
[2020-08-01T12:16:43.863+0300][106.421s][info ][gc] GC(3969) Pause Young (Normal) (G1 Evacuation Pause) 137M->139M(512M) 10.590ms
[2020-08-01T12:16:43.915+0300][106.473s][info ][gc] GC(3970) Pause Young (Normal) (G1 Evacuation Pause) 180M->181M(512M) 18.140ms
[2020-08-01T12:16:43.939+0300][106.497s][info ][gc] GC(3971) Pause Young (Normal) (G1 Evacuation Pause) 202M->203M(512M) 12.189ms
[2020-08-01T12:16:43.958+0300][106.516s][info ][gc] GC(3972) Pause Young (Normal) (G1 Evacuation Pause) 224M->226M(512M) 10.505ms
[2020-08-01T12:16:43.977+0300][106.535s][info ][gc] GC(3973) Pause Young (Normal) (G1 Evacuation Pause) 247M->248M(512M) 10.619ms
[2020-08-01T12:16:43.996+0300][106.554s][info ][gc] GC(3974) Pause Young (Concurrent Start) (G1 Evacuation Pause) 269M->270M(512M) 10.616ms
[2020-08-01T12:16:43.997+0300][106.554s][info ][gc] GC(3975) Concurrent Cycle
[2020-08-01T12:16:44.031+0300][106.588s][info ][gc] GC(3976) Pause Young (Normal) (G1 Evacuation Pause) 311M->312M(512M) 10.335ms
[2020-08-01T12:16:44.050+0300][106.608s][info ][gc] GC(3977) Pause Young (Normal) (G1 Evacuation Pause) 333M->335M(512M) 11.088ms
[2020-08-01T12:16:44.070+0300][106.628s][info ][gc] GC(3978) Pause Young (Normal) (G1 Evacuation Pause) 356M->358M(512M) 11.108ms
[2020-08-01T12:16:44.090+0300][106.648s][info ][gc] GC(3979) Pause Young (Normal) (G1 Evacuation Pause) 379M->380M(512M) 11.005ms
[2020-08-01T12:16:44.110+0300][106.668s][info ][gc] GC(3980) Pause Young (Normal) (G1 Evacuation Pause) 401M->402M(512M) 11.202ms
[2020-08-01T12:16:44.153+0300][106.710s][info ][gc] GC(3981) Pause Young (Normal) (G1 Evacuation Pause) 443M->445M(512M) 11.424ms
[2020-08-01T12:16:44.158+0300][106.716s][debug][gc] GC(3975) Reclaimed 134 empty regions
[2020-08-01T12:16:44.158+0300][106.716s][info ][gc] GC(3975) Pause Remark 456M->326M(512M) 0.665ms
[2020-08-01T12:16:44.173+0300][106.731s][info ][gc] GC(3982) Pause Young (Normal) (G1 Evacuation Pause) 336M->337M(512M) 11.238ms
[2020-08-01T12:16:44.201+0300][106.758s][info ][gc] GC(3983) Pause Young (Normal) (G1 Evacuation Pause) 358M->359M(512M) 11.244ms
[2020-08-01T12:16:44.229+0300][106.787s][info ][gc] GC(3984) Pause Young (Normal) (G1 Evacuation Pause) 380M->382M(512M) 10.997ms
[2020-08-01T12:16:44.256+0300][106.813s][info ][gc] GC(3985) Pause Young (Normal) (G1 Evacuation Pause) 403M->404M(512M) 11.381ms
[2020-08-01T12:16:44.283+0300][106.841s][info ][gc] GC(3986) Pause Young (Normal) (G1 Evacuation Pause) 425M->427M(512M) 10.595ms
[2020-08-01T12:16:44.328+0300][106.886s][info ][gc] GC(3987) Pause Young (Normal) (G1 Evacuation Pause) 468M->469M(512M) 10.819ms
[2020-08-01T12:16:44.357+0300][106.914s][info ][gc] GC(3988) To-space exhausted
[2020-08-01T12:16:44.357+0300][106.914s][info ][gc] GC(3988) Pause Young (Normal) (G1 Evacuation Pause) 490M->497M(512M) 14.259ms
[2020-08-01T12:16:44.395+0300][106.953s][info ][gc] GC(3989) To-space exhausted
[2020-08-01T12:16:44.395+0300][106.953s][info ][gc] GC(3989) Pause Young (Normal) (G1 Evacuation Pause) 511M->511M(512M) 24.972ms
[2020-08-01T12:16:44.395+0300][106.953s][debug][gc] GC(3990) Clear Next Bitmap 0.291ms
[2020-08-01T12:16:44.437+0300][106.995s][info ][gc] GC(3990) Pause Full (G1 Evacuation Pause) 511M->68M(512M) 42.212ms
[2020-08-01T12:16:44.437+0300][106.995s][info ][gc] GC(3975) Concurrent Cycle 440.946ms
[2020-08-01T12:16:44.458+0300][107.016s][info ][gc] GC(3991) Pause Young (Normal) (G1 Evacuation Pause) 93M->93M(512M) 10.565ms
[2020-08-01T12:16:44.481+0300][107.039s][info ][gc] GC(3992) Pause Young (Normal) (G1 Evacuation Pause) 115M->117M(512M) 13.741ms
[2020-08-01T12:16:44.500+0300][107.058s][info ][gc] GC(3993) Pause Young (Normal) (G1 Evacuation Pause) 138M->140M(512M) 10.768ms
[2020-08-01T12:16:44.564+0300][107.122s][info ][gc] GC(3994) Pause Young (Normal) (G1 Evacuation Pause) 181M->183M(512M) 16.581ms
[2020-08-01T12:16:44.586+0300][107.144s][info ][gc] GC(3995) Pause Young (Normal) (G1 Evacuation Pause) 204M->206M(512M) 11.133ms
[2020-08-01T12:16:44.606+0300][107.164s][info ][gc] GC(3996) Pause Young (Normal) (G1 Evacuation Pause) 227M->228M(512M) 11.874ms
[2020-08-01T12:16:44.625+0300][107.183s][info ][gc] GC(3997) Pause Young (Normal) (G1 Evacuation Pause) 249M->250M(512M) 10.515ms
[2020-08-01T12:16:44.644+0300][107.202s][info ][gc] GC(3998) Pause Young (Concurrent Start) (G1 Evacuation Pause) 271M->273M(512M) 10.687ms
[2020-08-01T12:16:44.644+0300][107.202s][info ][gc] GC(3999) Concurrent Cycle
[2020-08-01T12:16:44.687+0300][107.245s][info ][gc] GC(4000) Pause Young (Normal) (G1 Evacuation Pause) 314M->315M(512M) 11.317ms
[2020-08-01T12:16:44.706+0300][107.264s][info ][gc] GC(4001) Pause Young (Normal) (G1 Evacuation Pause) 336M->337M(512M) 10.813ms
[2020-08-01T12:16:44.726+0300][107.284s][info ][gc] GC(4002) Pause Young (Normal) (G1 Evacuation Pause) 358M->360M(512M) 10.616ms
[2020-08-01T12:16:44.746+0300][107.303s][info ][gc] GC(4003) Pause Young (Normal) (G1 Evacuation Pause) 381M->382M(512M) 11.027ms
[2020-08-01T12:16:44.766+0300][107.324s][info ][gc] GC(4004) Pause Young (Normal) (G1 Evacuation Pause) 403M->404M(512M) 11.449ms
[2020-08-01T12:16:44.795+0300][107.353s][debug][gc] GC(3999) Reclaimed 137 empty regions
[2020-08-01T12:16:44.795+0300][107.353s][info ][gc] GC(3999) Pause Remark 445M->312M(512M) 0.747ms
[2020-08-01T12:16:44.809+0300][107.367s][info ][gc] GC(4005) Pause Young (Normal) (G1 Evacuation Pause) 312M->314M(512M) 11.596ms
[2020-08-01T12:16:44.837+0300][107.395s][info ][gc] GC(4006) Pause Young (Normal) (G1 Evacuation Pause) 335M->336M(512M) 12.596ms
[2020-08-01T12:16:44.865+0300][107.423s][info ][gc] GC(4007) Pause Young (Normal) (G1 Evacuation Pause) 357M->359M(512M) 10.868ms
[2020-08-01T12:16:44.894+0300][107.452s][info ][gc] GC(4008) Pause Young (Normal) (G1 Evacuation Pause) 380M->381M(512M) 11.797ms
[2020-08-01T12:16:44.925+0300][107.483s][info ][gc] GC(4009) Pause Young (Normal) (G1 Evacuation Pause) 402M->403M(512M) 10.851ms
[2020-08-01T12:16:44.951+0300][107.509s][info ][gc] GC(4010) Pause Young (Normal) (G1 Evacuation Pause) 424M->426M(512M) 10.793ms
[2020-08-01T12:16:44.988+0300][107.545s][info ][gc] GC(4011) Pause Young (Normal) (G1 Evacuation Pause) 467M->469M(512M) 10.902ms
[2020-08-01T12:16:45.022+0300][107.580s][info ][gc] GC(4012) To-space exhausted
[2020-08-01T12:16:45.022+0300][107.580s][info ][gc] GC(4012) Pause Young (Normal) (G1 Evacuation Pause) 490M->496M(512M) 16.138ms
[2020-08-01T12:16:45.063+0300][107.621s][info ][gc] GC(4013) To-space exhausted
[2020-08-01T12:16:45.063+0300][107.621s][info ][gc] GC(4013) Pause Young (Normal) (G1 Evacuation Pause) 511M->511M(512M) 27.290ms
[2020-08-01T12:16:45.064+0300][107.622s][debug][gc] GC(4014) Clear Next Bitmap 0.271ms
[2020-08-01T12:16:45.107+0300][107.665s][info ][gc] GC(4014) Pause Full (G1 Evacuation Pause) 511M->69M(512M) 43.288ms
[2020-08-01T12:16:45.107+0300][107.665s][info ][gc] GC(3999) Concurrent Cycle 463.088ms
[2020-08-01T12:16:45.130+0300][107.688s][info ][gc] GC(4015) Pause Young (Normal) (G1 Evacuation Pause) 94M->94M(512M) 12.736ms
[2020-08-01T12:16:45.152+0300][107.710s][info ][gc] GC(4016) Pause Young (Normal) (G1 Evacuation Pause) 116M->118M(512M) 13.305ms
[2020-08-01T12:16:45.208+0300][107.766s][info ][gc] GC(4017) Pause Young (Normal) (G1 Evacuation Pause) 159M->161M(512M) 19.474ms
[2020-08-01T12:16:45.230+0300][107.788s][info ][gc] GC(4018) Pause Young (Normal) (G1 Evacuation Pause) 182M->184M(512M) 11.003ms
[2020-08-01T12:16:45.248+0300][107.806s][info ][gc] GC(4019) Pause Young (Normal) (G1 Evacuation Pause) 205M->206M(512M) 10.082ms
[2020-08-01T12:16:45.267+0300][107.825s][info ][gc] GC(4020) Pause Young (Normal) (G1 Evacuation Pause) 227M->228M(512M) 10.461ms
[2020-08-01T12:16:45.286+0300][107.844s][info ][gc] GC(4021) Pause Young (Normal) (G1 Evacuation Pause) 249M->251M(512M) 10.311ms
[2020-08-01T12:16:45.305+0300][107.863s][info ][gc] GC(4022) Pause Young (Concurrent Start) (G1 Evacuation Pause) 272M->274M(512M) 10.788ms
[2020-08-01T12:16:45.305+0300][107.863s][info ][gc] GC(4023) Concurrent Cycle
[2020-08-01T12:16:45.340+0300][107.898s][info ][gc] GC(4024) Pause Young (Normal) (G1 Evacuation Pause) 315M->316M(512M) 10.751ms
[2020-08-01T12:16:45.360+0300][107.917s][info ][gc] GC(4025) Pause Young (Normal) (G1 Evacuation Pause) 337M->338M(512M) 10.707ms
[2020-08-01T12:16:45.380+0300][107.938s][info ][gc] GC(4026) Pause Young (Normal) (G1 Evacuation Pause) 359M->360M(512M) 11.656ms
[2020-08-01T12:16:45.400+0300][107.958s][info ][gc] GC(4027) Pause Young (Normal) (G1 Evacuation Pause) 381M->383M(512M) 11.193ms
[2020-08-01T12:16:45.420+0300][107.978s][info ][gc] GC(4028) Pause Young (Normal) (G1 Evacuation Pause) 404M->405M(512M) 11.495ms
[2020-08-01T12:16:45.463+0300][108.021s][info ][gc] GC(4029) Pause Young (Normal) (G1 Evacuation Pause) 446M->448M(512M) 11.011ms
[2020-08-01T12:16:45.467+0300][108.025s][debug][gc] GC(4023) Reclaimed 133 empty regions
[2020-08-01T12:16:45.468+0300][108.025s][info ][gc] GC(4023) Pause Remark 458M->328M(512M) 0.660ms
[2020-08-01T12:16:45.484+0300][108.042s][info ][gc] GC(4030) Pause Young (Normal) (G1 Evacuation Pause) 339M->340M(512M) 11.955ms
[2020-08-01T12:16:45.513+0300][108.071s][info ][gc] GC(4031) Pause Young (Normal) (G1 Evacuation Pause) 361M->363M(512M) 11.319ms
[2020-08-01T12:16:45.541+0300][108.099s][info ][gc] GC(4032) Pause Young (Normal) (G1 Evacuation Pause) 384M->385M(512M) 10.531ms
[2020-08-01T12:16:45.571+0300][108.129s][info ][gc] GC(4033) Pause Young (Normal) (G1 Evacuation Pause) 406M->407M(512M) 11.617ms
[2020-08-01T12:16:45.600+0300][108.158s][info ][gc] GC(4034) Pause Young (Normal) (G1 Evacuation Pause) 428M->430M(512M) 11.926ms
[2020-08-01T12:16:45.660+0300][108.218s][info ][gc] GC(4035) Pause Young (Normal) (G1 Evacuation Pause) 471M->472M(512M) 13.234ms
[2020-08-01T12:16:45.692+0300][108.249s][info ][gc] GC(4036) To-space exhausted
[2020-08-01T12:16:45.692+0300][108.250s][info ][gc] GC(4036) Pause Young (Normal) (G1 Evacuation Pause) 493M->499M(512M) 22.570ms
[2020-08-01T12:16:45.734+0300][108.292s][info ][gc] GC(4037) To-space exhausted
[2020-08-01T12:16:45.734+0300][108.292s][info ][gc] GC(4037) Pause Young (Normal) (G1 Evacuation Pause) 511M->511M(512M) 23.442ms
[2020-08-01T12:16:45.735+0300][108.292s][debug][gc] GC(4038) Clear Next Bitmap 0.415ms
[2020-08-01T12:16:45.782+0300][108.339s][info ][gc] GC(4038) Pause Full (G1 Evacuation Pause) 511M->67M(512M) 47.450ms
[2020-08-01T12:16:45.782+0300][108.340s][info ][gc] GC(4023) Concurrent Cycle 476.733ms
[2020-08-01T12:16:45.806+0300][108.364s][info ][gc] GC(4039) Pause Young (Normal) (G1 Evacuation Pause) 92M->92M(512M) 13.147ms
[2020-08-01T12:16:45.828+0300][108.385s][info ][gc] GC(4040) Pause Young (Normal) (G1 Evacuation Pause) 114M->115M(512M) 12.679ms
[2020-08-01T12:16:45.849+0300][108.406s][info ][gc] GC(4041) Pause Young (Normal) (G1 Evacuation Pause) 136M->138M(512M) 11.978ms
[2020-08-01T12:16:45.896+0300][108.454s][info ][gc] GC(4042) Pause Young (Normal) (G1 Evacuation Pause) 179M->181M(512M) 14.475ms
[2020-08-01T12:16:45.917+0300][108.475s][info ][gc] GC(4043) Pause Young (Normal) (G1 Evacuation Pause) 202M->203M(512M) 11.983ms
[2020-08-01T12:16:45.938+0300][108.495s][info ][gc] GC(4044) Pause Young (Normal) (G1 Evacuation Pause) 224M->225M(512M) 11.927ms
[2020-08-01T12:16:45.959+0300][108.517s][info ][gc] GC(4045) Pause Young (Normal) (G1 Evacuation Pause) 246M->248M(512M) 13.256ms
[2020-08-01T12:16:45.982+0300][108.540s][info ][gc] GC(4046) Pause Young (Concurrent Start) (G1 Evacuation Pause) 269M->270M(512M) 13.991ms
[2020-08-01T12:16:45.982+0300][108.540s][info ][gc] GC(4047) Concurrent Cycle
[2020-08-01T12:16:46.032+0300][108.589s][info ][gc] GC(4048) Pause Young (Normal) (G1 Evacuation Pause) 311M->313M(512M) 12.178ms
[2020-08-01T12:16:46.054+0300][108.612s][info ][gc] GC(4049) Pause Young (Normal) (G1 Evacuation Pause) 334M->335M(512M) 13.117ms
[2020-08-01T12:16:46.076+0300][108.634s][info ][gc] GC(4050) Pause Young (Normal) (G1 Evacuation Pause) 356M->357M(512M) 11.785ms
[2020-08-01T12:16:46.097+0300][108.655s][info ][gc] GC(4051) Pause Young (Normal) (G1 Evacuation Pause) 378M->379M(512M) 12.012ms
[2020-08-01T12:16:46.118+0300][108.676s][info ][gc] GC(4052) Pause Young (Normal) (G1 Evacuation Pause) 400M->402M(512M) 12.179ms
[2020-08-01T12:16:46.139+0300][108.697s][info ][gc] GC(4053) Pause Young (Normal) (G1 Evacuation Pause) 423M->424M(512M) 12.006ms
[2020-08-01T12:16:46.151+0300][108.709s][debug][gc] GC(4047) Reclaimed 128 empty regions
[2020-08-01T12:16:46.152+0300][108.709s][info ][gc] GC(4047) Pause Remark 445M->320M(512M) 0.824ms
[2020-08-01T12:16:46.174+0300][108.732s][info ][gc] GC(4054) Pause Young (Normal) (G1 Evacuation Pause) 340M->342M(512M) 12.373ms
[2020-08-01T12:16:46.204+0300][108.762s][info ][gc] GC(4055) Pause Young (Normal) (G1 Evacuation Pause) 363M->365M(512M) 12.547ms
[2020-08-01T12:16:46.234+0300][108.792s][info ][gc] GC(4056) Pause Young (Normal) (G1 Evacuation Pause) 386M->387M(512M) 12.786ms
[2020-08-01T12:16:46.267+0300][108.824s][info ][gc] GC(4057) Pause Young (Normal) (G1 Evacuation Pause) 408M->409M(512M) 12.068ms
[2020-08-01T12:16:46.295+0300][108.853s][info ][gc] GC(4058) Pause Young (Normal) (G1 Evacuation Pause) 430M->432M(512M) 11.097ms
[2020-08-01T12:16:46.343+0300][108.900s][info ][gc] GC(4059) Pause Young (Normal) (G1 Evacuation Pause) 473M->475M(512M) 12.942ms
[2020-08-01T12:16:46.381+0300][108.939s][info ][gc] GC(4060) To-space exhausted
[2020-08-01T12:16:46.382+0300][108.939s][info ][gc] GC(4060) Pause Young (Normal) (G1 Evacuation Pause) 496M->505M(512M) 20.303ms
[2020-08-01T12:16:46.406+0300][108.964s][info ][gc] GC(4061) To-space exhausted
[2020-08-01T12:16:46.406+0300][108.964s][info ][gc] GC(4061) Pause Young (Normal) (G1 Evacuation Pause) 511M->511M(512M) 14.280ms
[2020-08-01T12:16:46.407+0300][108.965s][debug][gc] GC(4062) Clear Next Bitmap 0.316ms
[2020-08-01T12:16:46.446+0300][109.003s][info ][gc] GC(4062) Pause Full (G1 Evacuation Pause) 511M->59M(512M) 39.018ms
[2020-08-01T12:16:46.446+0300][109.004s][info ][gc] GC(4047) Concurrent Cycle 463.833ms
[2020-08-01T12:16:46.468+0300][109.026s][info ][gc] GC(4063) Pause Young (Normal) (G1 Evacuation Pause) 84M->84M(512M) 12.089ms
[2020-08-01T12:16:46.488+0300][109.046s][info ][gc] GC(4064) Pause Young (Normal) (G1 Evacuation Pause) 105M->107M(512M) 11.054ms
[2020-08-01T12:16:46.507+0300][109.065s][info ][gc] GC(4065) Pause Young (Normal) (G1 Evacuation Pause) 128M->129M(512M) 10.480ms
[2020-08-01T12:16:46.543+0300][109.101s][info ][gc] GC(4066) Pause Young (Normal) (G1 Evacuation Pause) 170M->172M(512M) 11.641ms
[2020-08-01T12:16:46.563+0300][109.121s][info ][gc] GC(4067) Pause Young (Normal) (G1 Evacuation Pause) 193M->194M(512M) 11.146ms
[2020-08-01T12:16:46.583+0300][109.141s][info ][gc] GC(4068) Pause Young (Normal) (G1 Evacuation Pause) 215M->216M(512M) 11.532ms
[2020-08-01T12:16:46.602+0300][109.160s][info ][gc] GC(4069) Pause Young (Normal) (G1 Evacuation Pause) 237M->238M(512M) 11.027ms
[2020-08-01T12:16:46.622+0300][109.180s][info ][gc] GC(4070) Pause Young (Concurrent Start) (G1 Evacuation Pause) 259M->261M(512M) 10.933ms
[2020-08-01T12:16:46.622+0300][109.180s][info ][gc] GC(4071) Concurrent Cycle
[2020-08-01T12:16:46.665+0300][109.223s][info ][gc] GC(4072) Pause Young (Normal) (G1 Evacuation Pause) 302M->303M(512M) 11.695ms
[2020-08-01T12:16:46.686+0300][109.244s][info ][gc] GC(4073) Pause Young (Normal) (G1 Evacuation Pause) 324M->325M(512M) 12.230ms
[2020-08-01T12:16:46.707+0300][109.264s][info ][gc] GC(4074) Pause Young (Normal) (G1 Evacuation Pause) 346M->348M(512M) 11.053ms
[2020-08-01T12:16:46.726+0300][109.284s][info ][gc] GC(4075) Pause Young (Normal) (G1 Evacuation Pause) 369M->370M(512M) 10.488ms
[2020-08-01T12:16:46.746+0300][109.303s][info ][gc] GC(4076) Pause Young (Normal) (G1 Evacuation Pause) 391M->392M(512M) 10.728ms
[2020-08-01T12:16:46.766+0300][109.323s][info ][gc] GC(4077) Pause Young (Normal) (G1 Evacuation Pause) 413M->414M(512M) 11.139ms
[2020-08-01T12:16:46.776+0300][109.334s][debug][gc] GC(4071) Reclaimed 129 empty regions
[2020-08-01T12:16:46.776+0300][109.334s][info ][gc] GC(4071) Pause Remark 424M->298M(512M) 0.629ms
[2020-08-01T12:16:46.808+0300][109.366s][info ][gc] GC(4078) Pause Young (Normal) (G1 Evacuation Pause) 329M->331M(512M) 10.821ms
[2020-08-01T12:16:46.836+0300][109.394s][info ][gc] GC(4079) Pause Young (Normal) (G1 Evacuation Pause) 352M->353M(512M) 11.993ms
[2020-08-01T12:16:46.863+0300][109.421s][info ][gc] GC(4080) Pause Young (Normal) (G1 Evacuation Pause) 374M->376M(512M) 10.774ms
[2020-08-01T12:16:46.891+0300][109.448s][info ][gc] GC(4081) Pause Young (Normal) (G1 Evacuation Pause) 397M->398M(512M) 11.492ms
[2020-08-01T12:16:46.922+0300][109.480s][info ][gc] GC(4082) Pause Young (Normal) (G1 Evacuation Pause) 419M->421M(512M) 11.105ms
[2020-08-01T12:16:46.977+0300][109.535s][info ][gc] GC(4083) Pause Young (Normal) (G1 Evacuation Pause) 462M->463M(512M) 11.773ms
[2020-08-01T12:16:46.985+0300][109.542s][info ][gc] GC(4071) Pause Cleanup 464M->464M(512M) 0.159ms
[2020-08-01T12:16:46.985+0300][109.543s][info ][gc] GC(4071) Concurrent Cycle 363.267ms
[2020-08-01T12:16:47.004+0300][109.562s][info ][gc] GC(4084) Pause Young (Normal) (G1 Evacuation Pause) 484M->486M(512M) 10.559ms
[2020-08-01T12:16:47.046+0300][109.604s][info ][gc] GC(4085) To-space exhausted
[2020-08-01T12:16:47.046+0300][109.604s][info ][gc] GC(4085) Pause Young (Concurrent Start) (G1 Evacuation Pause) 507M->511M(512M) 33.524ms
[2020-08-01T12:16:47.046+0300][109.604s][info ][gc] GC(4087) Concurrent Cycle
[2020-08-01T12:16:47.047+0300][109.605s][debug][gc] GC(4086) Clear Next Bitmap 0.218ms
[2020-08-01T12:16:47.089+0300][109.647s][info ][gc] GC(4086) Pause Full (G1 Evacuation Pause) 511M->65M(512M) 42.651ms
[2020-08-01T12:16:47.089+0300][109.647s][info ][gc] GC(4087) Concurrent Cycle 42.950ms
[2020-08-01T12:16:47.110+0300][109.667s][info ][gc] GC(4088) Pause Young (Normal) (G1 Evacuation Pause) 91M->92M(512M) 10.306ms
[2020-08-01T12:16:47.131+0300][109.689s][info ][gc] GC(4089) Pause Young (Normal) (G1 Evacuation Pause) 116M->117M(512M) 11.939ms
[2020-08-01T12:16:47.150+0300][109.708s][info ][gc] GC(4090) Pause Young (Normal) (G1 Evacuation Pause) 138M->140M(512M) 10.579ms
[2020-08-01T12:16:47.217+0300][109.775s][info ][gc] GC(4091) Pause Young (Normal) (G1 Evacuation Pause) 181M->182M(512M) 17.723ms
[2020-08-01T12:16:47.239+0300][109.797s][info ][gc] GC(4092) Pause Young (Normal) (G1 Evacuation Pause) 203M->204M(512M) 11.046ms
[2020-08-01T12:16:47.258+0300][109.816s][info ][gc] GC(4093) Pause Young (Normal) (G1 Evacuation Pause) 225M->226M(512M) 10.516ms
[2020-08-01T12:16:47.277+0300][109.835s][info ][gc] GC(4094) Pause Young (Normal) (G1 Evacuation Pause) 247M->248M(512M) 10.358ms
[2020-08-01T12:16:47.296+0300][109.854s][info ][gc] GC(4095) Pause Young (Concurrent Start) (G1 Evacuation Pause) 269M->271M(512M) 10.579ms
[2020-08-01T12:16:47.296+0300][109.854s][info ][gc] GC(4096) Concurrent Cycle
[2020-08-01T12:16:47.336+0300][109.894s][info ][gc] GC(4097) Pause Young (Normal) (G1 Evacuation Pause) 312M->314M(512M) 10.556ms
[2020-08-01T12:16:47.356+0300][109.914s][info ][gc] GC(4098) Pause Young (Normal) (G1 Evacuation Pause) 335M->336M(512M) 10.593ms
[2020-08-01T12:16:47.375+0300][109.933s][info ][gc] GC(4099) Pause Young (Normal) (G1 Evacuation Pause) 357M->358M(512M) 10.514ms
[2020-08-01T12:16:47.395+0300][109.953s][info ][gc] GC(4100) Pause Young (Normal) (G1 Evacuation Pause) 379M->381M(512M) 11.267ms
[2020-08-01T12:16:47.417+0300][109.974s][info ][gc] GC(4101) Pause Young (Normal) (G1 Evacuation Pause) 402M->404M(512M) 12.153ms
[2020-08-01T12:16:47.445+0300][110.003s][debug][gc] GC(4096) Reclaimed 134 empty regions
[2020-08-01T12:16:47.445+0300][110.003s][info ][gc] GC(4096) Pause Remark 424M->291M(512M) 0.799ms
[2020-08-01T12:16:47.463+0300][110.021s][info ][gc] GC(4102) Pause Young (Normal) (G1 Evacuation Pause) 312M->314M(512M) 12.930ms
[2020-08-01T12:16:47.493+0300][110.051s][info ][gc] GC(4103) Pause Young (Normal) (G1 Evacuation Pause) 335M->337M(512M) 12.349ms
[2020-08-01T12:16:47.525+0300][110.083s][info ][gc] GC(4104) Pause Young (Normal) (G1 Evacuation Pause) 358M->359M(512M) 13.789ms
[2020-08-01T12:16:47.556+0300][110.114s][info ][gc] GC(4105) Pause Young (Normal) (G1 Evacuation Pause) 380M->381M(512M) 13.544ms
[2020-08-01T12:16:47.587+0300][110.145s][info ][gc] GC(4106) Pause Young (Normal) (G1 Evacuation Pause) 402M->404M(512M) 13.759ms
[2020-08-01T12:16:47.618+0300][110.176s][info ][gc] GC(4107) Pause Young (Normal) (G1 Evacuation Pause) 425M->426M(512M) 13.909ms
[2020-08-01T12:16:47.672+0300][110.229s][info ][gc] GC(4108) Pause Young (Normal) (G1 Evacuation Pause) 467M->468M(512M) 12.848ms
[2020-08-01T12:16:47.691+0300][110.249s][info ][gc] GC(4096) Pause Cleanup 489M->489M(512M) 0.145ms
[2020-08-01T12:16:47.707+0300][110.265s][info ][gc] GC(4109) To-space exhausted
[2020-08-01T12:16:47.707+0300][110.265s][info ][gc] GC(4109) Pause Young (Normal) (G1 Evacuation Pause) 489M->502M(512M) 15.376ms
[2020-08-01T12:16:47.707+0300][110.265s][info ][gc] GC(4096) Concurrent Cycle 411.014ms
[2020-08-01T12:16:47.730+0300][110.288s][info ][gc] GC(4110) To-space exhausted
[2020-08-01T12:16:47.731+0300][110.288s][info ][gc] GC(4110) Pause Young (Normal) (G1 Evacuation Pause) 511M->511M(512M) 19.914ms
[2020-08-01T12:16:47.775+0300][110.332s][info ][gc] GC(4111) Pause Full (G1 Evacuation Pause) 511M->63M(512M) 43.806ms
[2020-08-01T12:16:47.796+0300][110.353s][info ][gc] GC(4112) Pause Young (Normal) (G1 Evacuation Pause) 88M->88M(512M) 10.901ms
[2020-08-01T12:16:47.818+0300][110.375s][info ][gc] GC(4113) Pause Young (Normal) (G1 Evacuation Pause) 111M->112M(512M) 12.773ms
[2020-08-01T12:16:47.840+0300][110.398s][info ][gc] GC(4114) Pause Young (Normal) (G1 Evacuation Pause) 133M->135M(512M) 14.134ms
[2020-08-01T12:16:47.887+0300][110.445s][info ][gc] GC(4115) Pause Young (Normal) (G1 Evacuation Pause) 176M->178M(512M) 10.841ms
[2020-08-01T12:16:47.907+0300][110.465s][info ][gc] GC(4116) Pause Young (Normal) (G1 Evacuation Pause) 199M->201M(512M) 12.291ms
[2020-08-01T12:16:47.926+0300][110.484s][info ][gc] GC(4117) Pause Young (Normal) (G1 Evacuation Pause) 222M->224M(512M) 10.210ms
[2020-08-01T12:16:47.946+0300][110.504s][info ][gc] GC(4118) Pause Young (Normal) (G1 Evacuation Pause) 245M->246M(512M) 10.744ms
[2020-08-01T12:16:47.967+0300][110.525s][info ][gc] GC(4119) Pause Young (Concurrent Start) (G1 Evacuation Pause) 267M->269M(512M) 13.044ms
[2020-08-01T12:16:47.968+0300][110.525s][info ][gc] GC(4120) Concurrent Cycle
[2020-08-01T12:16:48.011+0300][110.569s][info ][gc] GC(4121) Pause Young (Normal) (G1 Evacuation Pause) 310M->311M(512M) 12.711ms
[2020-08-01T12:16:48.033+0300][110.591s][info ][gc] GC(4122) Pause Young (Normal) (G1 Evacuation Pause) 332M->334M(512M) 12.894ms
[2020-08-01T12:16:48.053+0300][110.611s][info ][gc] GC(4123) Pause Young (Normal) (G1 Evacuation Pause) 355M->356M(512M) 11.005ms
[2020-08-01T12:16:48.073+0300][110.631s][info ][gc] GC(4124) Pause Young (Normal) (G1 Evacuation Pause) 377M->378M(512M) 11.151ms
[2020-08-01T12:16:48.093+0300][110.650s][info ][gc] GC(4125) Pause Young (Normal) (G1 Evacuation Pause) 399M->400M(512M) 10.859ms
[2020-08-01T12:16:48.113+0300][110.671s][info ][gc] GC(4126) Pause Young (Normal) (G1 Evacuation Pause) 421M->422M(512M) 11.939ms
[2020-08-01T12:16:48.129+0300][110.687s][debug][gc] GC(4120) Reclaimed 120 empty regions
[2020-08-01T12:16:48.129+0300][110.687s][info ][gc] GC(4120) Pause Remark 426M->308M(512M) 0.632ms
[2020-08-01T12:16:48.155+0300][110.712s][info ][gc] GC(4127) Pause Young (Normal) (G1 Evacuation Pause) 345M->346M(512M) 12.285ms
[2020-08-01T12:16:48.184+0300][110.742s][info ][gc] GC(4128) Pause Young (Normal) (G1 Evacuation Pause) 367M->369M(512M) 11.260ms
[2020-08-01T12:16:48.213+0300][110.771s][info ][gc] GC(4129) Pause Young (Normal) (G1 Evacuation Pause) 390M->391M(512M) 11.287ms
[2020-08-01T12:16:48.244+0300][110.801s][info ][gc] GC(4130) Pause Young (Normal) (G1 Evacuation Pause) 412M->414M(512M) 11.481ms
[2020-08-01T12:16:48.273+0300][110.831s][info ][gc] GC(4131) Pause Young (Normal) (G1 Evacuation Pause) 435M->436M(512M) 11.819ms
[2020-08-01T12:16:48.322+0300][110.879s][info ][gc] GC(4132) Pause Young (Normal) (G1 Evacuation Pause) 477M->479M(512M) 11.650ms
[2020-08-01T12:16:48.362+0300][110.920s][info ][gc] GC(4133) To-space exhausted
[2020-08-01T12:16:48.362+0300][110.920s][info ][gc] GC(4133) Pause Young (Normal) (G1 Evacuation Pause) 500M->506M(512M) 24.329ms
[2020-08-01T12:16:48.387+0300][110.945s][info ][gc] GC(4134) To-space exhausted
[2020-08-01T12:16:48.387+0300][110.945s][info ][gc] GC(4134) Pause Young (Normal) (G1 Evacuation Pause) 511M->511M(512M) 13.702ms
[2020-08-01T12:16:48.387+0300][110.945s][debug][gc] GC(4135) Clear Next Bitmap 0.283ms
[2020-08-01T12:16:48.422+0300][110.980s][info ][gc] GC(4135) Pause Full (G1 Evacuation Pause) 511M->56M(512M) 35.066ms
[2020-08-01T12:16:48.422+0300][110.980s][info ][gc] GC(4120) Concurrent Cycle 454.689ms
[2020-08-01T12:16:48.443+0300][111.000s][info ][gc] GC(4136) Pause Young (Normal) (G1 Evacuation Pause) 81M->81M(512M) 10.629ms
[2020-08-01T12:16:48.463+0300][111.021s][info ][gc] GC(4137) Pause Young (Normal) (G1 Evacuation Pause) 104M->105M(512M) 10.901ms
[2020-08-01T12:16:48.483+0300][111.041s][info ][gc] GC(4138) Pause Young (Normal) (G1 Evacuation Pause) 126M->128M(512M) 11.650ms
[2020-08-01T12:16:48.524+0300][111.082s][info ][gc] GC(4139) Pause Young (Normal) (G1 Evacuation Pause) 169M->170M(512M) 12.258ms
[2020-08-01T12:16:48.545+0300][111.103s][info ][gc] GC(4140) Pause Young (Normal) (G1 Evacuation Pause) 191M->193M(512M) 12.284ms
[2020-08-01T12:16:48.567+0300][111.125s][info ][gc] GC(4141) Pause Young (Normal) (G1 Evacuation Pause) 214M->215M(512M) 13.851ms
[2020-08-01T12:16:48.587+0300][111.145s][info ][gc] GC(4142) Pause Young (Normal) (G1 Evacuation Pause) 236M->237M(512M) 11.282ms
[2020-08-01T12:16:48.606+0300][111.164s][info ][gc] GC(4143) Pause Young (Concurrent Start) (G1 Evacuation Pause) 258M->260M(512M) 10.246ms
[2020-08-01T12:16:48.606+0300][111.164s][info ][gc] GC(4144) Concurrent Cycle
[2020-08-01T12:16:48.626+0300][111.183s][info ][gc] GC(4145) Pause Young (Normal) (G1 Evacuation Pause) 281M->283M(512M) 10.850ms
[2020-08-01T12:16:48.671+0300][111.229s][info ][gc] GC(4146) Pause Young (Normal) (G1 Evacuation Pause) 324M->325M(512M) 11.417ms
[2020-08-01T12:16:48.692+0300][111.250s][info ][gc] GC(4147) Pause Young (Normal) (G1 Evacuation Pause) 346M->347M(512M) 11.150ms
[2020-08-01T12:16:48.714+0300][111.272s][info ][gc] GC(4148) Pause Young (Normal) (G1 Evacuation Pause) 368M->370M(512M) 11.154ms
[2020-08-01T12:16:48.736+0300][111.293s][info ][gc] GC(4149) Pause Young (Normal) (G1 Evacuation Pause) 391M->393M(512M) 12.675ms
[2020-08-01T12:16:48.757+0300][111.315s][info ][gc] GC(4150) Pause Young (Normal) (G1 Evacuation Pause) 414M->415M(512M) 12.375ms
[2020-08-01T12:16:48.764+0300][111.321s][debug][gc] GC(4144) Reclaimed 125 empty regions
[2020-08-01T12:16:48.764+0300][111.321s][info ][gc] GC(4144) Pause Remark 426M->304M(512M) 0.951ms
[2020-08-01T12:16:48.807+0300][111.365s][info ][gc] GC(4151) Pause Young (Normal) (G1 Evacuation Pause) 334M->335M(512M) 13.168ms
[2020-08-01T12:16:48.839+0300][111.397s][info ][gc] GC(4152) Pause Young (Normal) (G1 Evacuation Pause) 356M->357M(512M) 13.943ms
[2020-08-01T12:16:48.868+0300][111.425s][info ][gc] GC(4153) Pause Young (Normal) (G1 Evacuation Pause) 378M->380M(512M) 10.963ms
[2020-08-01T12:16:48.897+0300][111.455s][info ][gc] GC(4154) Pause Young (Normal) (G1 Evacuation Pause) 401M->402M(512M) 11.230ms
[2020-08-01T12:16:48.920+0300][111.477s][info ][gc] GC(4155) Pause Young (Normal) (G1 Evacuation Pause) 423M->426M(512M) 13.256ms
[2020-08-01T12:16:48.953+0300][111.511s][info ][gc] GC(4156) Pause Young (Normal) (G1 Evacuation Pause) 447M->448M(512M) 11.074ms
[2020-08-01T12:16:48.985+0300][111.542s][info ][gc] GC(4144) Pause Cleanup 482M->482M(512M) 0.172ms
[2020-08-01T12:16:48.985+0300][111.543s][info ][gc] GC(4144) Concurrent Cycle 379.192ms
[2020-08-01T12:16:49.003+0300][111.560s][info ][gc] GC(4157) To-space exhausted
[2020-08-01T12:16:49.003+0300][111.561s][info ][gc] GC(4157) Pause Young (Normal) (G1 Evacuation Pause) 489M->497M(512M) 14.906ms
[2020-08-01T12:16:49.036+0300][111.593s][info ][gc] GC(4158) To-space exhausted
[2020-08-01T12:16:49.036+0300][111.593s][info ][gc] GC(4158) Pause Young (Concurrent Start) (G1 Evacuation Pause) 511M->511M(512M) 27.205ms
[2020-08-01T12:16:49.036+0300][111.593s][info ][gc] GC(4160) Concurrent Cycle
[2020-08-01T12:16:49.036+0300][111.594s][debug][gc] GC(4159) Clear Next Bitmap 0.335ms
[2020-08-01T12:16:49.071+0300][111.629s][info ][gc] GC(4159) Pause Full (G1 Evacuation Pause) 511M->56M(512M) 35.380ms
[2020-08-01T12:16:49.071+0300][111.629s][info ][gc] GC(4160) Concurrent Cycle 35.667ms
[2020-08-01T12:16:49.092+0300][111.650s][info ][gc] GC(4161) Pause Young (Normal) (G1 Evacuation Pause) 82M->83M(512M) 10.705ms
[2020-08-01T12:16:49.115+0300][111.672s][info ][gc] GC(4162) Pause Young (Normal) (G1 Evacuation Pause) 106M->106M(512M) 12.766ms
[2020-08-01T12:16:49.135+0300][111.693s][info ][gc] GC(4163) Pause Young (Normal) (G1 Evacuation Pause) 127M->129M(512M) 11.690ms
[2020-08-01T12:16:49.180+0300][111.737s][info ][gc] GC(4164) Pause Young (Normal) (G1 Evacuation Pause) 170M->172M(512M) 10.702ms
[2020-08-01T12:16:49.198+0300][111.756s][info ][gc] GC(4165) Pause Young (Normal) (G1 Evacuation Pause) 193M->194M(512M) 10.491ms
[2020-08-01T12:16:49.219+0300][111.776s][info ][gc] GC(4166) Pause Young (Normal) (G1 Evacuation Pause) 215M->217M(512M) 11.695ms
[2020-08-01T12:16:49.238+0300][111.796s][info ][gc] GC(4167) Pause Young (Normal) (G1 Evacuation Pause) 238M->239M(512M) 10.762ms
[2020-08-01T12:16:49.258+0300][111.816s][info ][gc] GC(4168) Pause Young (Concurrent Start) (G1 Evacuation Pause) 260M->262M(512M) 10.727ms
[2020-08-01T12:16:49.258+0300][111.816s][info ][gc] GC(4169) Concurrent Cycle
[2020-08-01T12:16:49.302+0300][111.860s][info ][gc] GC(4170) Pause Young (Normal) (G1 Evacuation Pause) 303M->304M(512M) 11.812ms
[2020-08-01T12:16:49.321+0300][111.879s][info ][gc] GC(4171) Pause Young (Normal) (G1 Evacuation Pause) 325M->327M(512M) 10.490ms
[2020-08-01T12:16:49.341+0300][111.899s][info ][gc] GC(4172) Pause Young (Normal) (G1 Evacuation Pause) 348M->350M(512M) 10.784ms
[2020-08-01T12:16:49.361+0300][111.918s][info ][gc] GC(4173) Pause Young (Normal) (G1 Evacuation Pause) 371M->372M(512M) 10.850ms
[2020-08-01T12:16:49.381+0300][111.939s][info ][gc] GC(4174) Pause Young (Normal) (G1 Evacuation Pause) 393M->394M(512M) 11.338ms
[2020-08-01T12:16:49.402+0300][111.959s][info ][gc] GC(4175) Pause Young (Normal) (G1 Evacuation Pause) 415M->417M(512M) 11.541ms
[2020-08-01T12:16:49.410+0300][111.968s][debug][gc] GC(4169) Reclaimed 129 empty regions
[2020-08-01T12:16:49.410+0300][111.968s][info ][gc] GC(4169) Pause Remark 426M->299M(512M) 0.627ms
[2020-08-01T12:16:49.447+0300][112.005s][info ][gc] GC(4176) Pause Young (Normal) (G1 Evacuation Pause) 331M->332M(512M) 11.620ms
[2020-08-01T12:16:49.478+0300][112.036s][info ][gc] GC(4177) Pause Young (Normal) (G1 Evacuation Pause) 353M->355M(512M) 11.028ms
[2020-08-01T12:16:49.505+0300][112.063s][info ][gc] GC(4178) Pause Young (Normal) (G1 Evacuation Pause) 376M->377M(512M) 10.973ms
[2020-08-01T12:16:49.535+0300][112.093s][info ][gc] GC(4179) Pause Young (Normal) (G1 Evacuation Pause) 398M->399M(512M) 13.047ms
[2020-08-01T12:16:49.567+0300][112.125s][info ][gc] GC(4180) Pause Young (Normal) (G1 Evacuation Pause) 420M->422M(512M) 12.755ms
[2020-08-01T12:16:49.612+0300][112.170s][info ][gc] GC(4181) Pause Young (Normal) (G1 Evacuation Pause) 463M->464M(512M) 11.296ms
[2020-08-01T12:16:49.628+0300][112.185s][info ][gc] GC(4169) Pause Cleanup 482M->482M(512M) 0.130ms
[2020-08-01T12:16:49.628+0300][112.186s][info ][gc] GC(4169) Concurrent Cycle 370.396ms
[2020-08-01T12:16:49.641+0300][112.199s][info ][gc] GC(4182) To-space exhausted
[2020-08-01T12:16:49.641+0300][112.199s][info ][gc] GC(4182) Pause Young (Normal) (G1 Evacuation Pause) 485M->488M(512M) 11.875ms
[2020-08-01T12:16:49.685+0300][112.243s][info ][gc] GC(4183) To-space exhausted
[2020-08-01T12:16:49.685+0300][112.243s][info ][gc] GC(4183) Pause Young (Concurrent Start) (G1 Evacuation Pause) 509M->511M(512M) 35.478ms
[2020-08-01T12:16:49.685+0300][112.243s][info ][gc] GC(4185) Concurrent Cycle
[2020-08-01T12:16:49.686+0300][112.244s][debug][gc] GC(4184) Clear Next Bitmap 0.249ms
[2020-08-01T12:16:49.731+0300][112.289s][info ][gc] GC(4184) Pause Full (G1 Evacuation Pause) 511M->66M(512M) 45.713ms
[2020-08-01T12:16:49.731+0300][112.289s][info ][gc] GC(4185) Concurrent Cycle 46.015ms
[2020-08-01T12:16:49.752+0300][112.310s][info ][gc] GC(4186) Pause Young (Normal) (G1 Evacuation Pause) 91M->91M(512M) 10.902ms
[2020-08-01T12:16:49.773+0300][112.330s][info ][gc] GC(4187) Pause Young (Normal) (G1 Evacuation Pause) 114M->115M(512M) 11.424ms
[2020-08-01T12:16:49.792+0300][112.349s][info ][gc] GC(4188) Pause Young (Normal) (G1 Evacuation Pause) 136M->137M(512M) 10.428ms
[2020-08-01T12:16:49.849+0300][112.407s][info ][gc] GC(4189) Pause Young (Normal) (G1 Evacuation Pause) 178M->180M(512M) 14.290ms
[2020-08-01T12:16:49.870+0300][112.428s][info ][gc] GC(4190) Pause Young (Normal) (G1 Evacuation Pause) 201M->203M(512M) 11.168ms
[2020-08-01T12:16:49.889+0300][112.447s][info ][gc] GC(4191) Pause Young (Normal) (G1 Evacuation Pause) 224M->226M(512M) 10.878ms
[2020-08-01T12:16:49.908+0300][112.466s][info ][gc] GC(4192) Pause Young (Normal) (G1 Evacuation Pause) 247M->248M(512M) 10.835ms
[2020-08-01T12:16:49.927+0300][112.485s][info ][gc] GC(4193) Pause Young (Concurrent Start) (G1 Evacuation Pause) 269M->271M(512M) 10.498ms
[2020-08-01T12:16:49.927+0300][112.485s][info ][gc] GC(4194) Concurrent Cycle
[2020-08-01T12:16:49.974+0300][112.532s][info ][gc] GC(4195) Pause Young (Normal) (G1 Evacuation Pause) 312M->313M(512M) 11.455ms
[2020-08-01T12:16:49.993+0300][112.551s][info ][gc] GC(4196) Pause Young (Normal) (G1 Evacuation Pause) 334M->336M(512M) 10.499ms
[2020-08-01T12:16:50.013+0300][112.570s][info ][gc] GC(4197) Pause Young (Normal) (G1 Evacuation Pause) 357M->358M(512M) 10.396ms
[2020-08-01T12:16:50.032+0300][112.590s][info ][gc] GC(4198) Pause Young (Normal) (G1 Evacuation Pause) 379M->380M(512M) 10.485ms
[2020-08-01T12:16:50.051+0300][112.609s][info ][gc] GC(4199) Pause Young (Normal) (G1 Evacuation Pause) 401M->402M(512M) 10.504ms
[2020-08-01T12:16:50.071+0300][112.629s][info ][gc] GC(4200) Pause Young (Normal) (G1 Evacuation Pause) 423M->424M(512M) 11.374ms
[2020-08-01T12:16:50.084+0300][112.642s][debug][gc] GC(4194) Reclaimed 127 empty regions
[2020-08-01T12:16:50.084+0300][112.642s][info ][gc] GC(4194) Pause Remark 425M->300M(512M) 0.663ms
[2020-08-01T12:16:50.119+0300][112.676s][info ][gc] GC(4201) Pause Young (Normal) (G1 Evacuation Pause) 340M->341M(512M) 11.003ms
[2020-08-01T12:16:50.147+0300][112.704s][info ][gc] GC(4202) Pause Young (Normal) (G1 Evacuation Pause) 362M->364M(512M) 10.615ms
[2020-08-01T12:16:50.174+0300][112.732s][info ][gc] GC(4203) Pause Young (Normal) (G1 Evacuation Pause) 385M->386M(512M) 10.802ms
[2020-08-01T12:16:50.203+0300][112.761s][info ][gc] GC(4204) Pause Young (Normal) (G1 Evacuation Pause) 407M->409M(512M) 11.285ms
[2020-08-01T12:16:50.230+0300][112.788s][info ][gc] GC(4205) Pause Young (Normal) (G1 Evacuation Pause) 430M->432M(512M) 11.979ms
[2020-08-01T12:16:50.287+0300][112.845s][info ][gc] GC(4206) Pause Young (Normal) (G1 Evacuation Pause) 473M->474M(512M) 11.305ms
[2020-08-01T12:16:50.321+0300][112.878s][info ][gc] GC(4207) To-space exhausted
[2020-08-01T12:16:50.321+0300][112.879s][info ][gc] GC(4207) Pause Young (Normal) (G1 Evacuation Pause) 495M->501M(512M) 18.882ms
[2020-08-01T12:16:50.327+0300][112.885s][info ][gc] GC(4194) Pause Cleanup 504M->504M(512M) 0.112ms
[2020-08-01T12:16:50.328+0300][112.886s][info ][gc] GC(4194) Concurrent Cycle 400.383ms
[2020-08-01T12:16:50.351+0300][112.908s][info ][gc] GC(4208) To-space exhausted
[2020-08-01T12:16:50.351+0300][112.909s][info ][gc] GC(4208) Pause Young (Normal) (G1 Evacuation Pause) 511M->511M(512M) 20.071ms
[2020-08-01T12:16:50.389+0300][112.947s][info ][gc] GC(4209) Pause Full (G1 Evacuation Pause) 511M->63M(512M) 38.184ms
[2020-08-01T12:16:50.413+0300][112.971s][info ][gc] GC(4210) Pause Young (Normal) (G1 Evacuation Pause) 91M->91M(512M) 12.808ms
[2020-08-01T12:16:50.436+0300][112.994s][info ][gc] GC(4211) Pause Young (Normal) (G1 Evacuation Pause) 115M->116M(512M) 12.549ms
[2020-08-01T12:16:50.455+0300][113.012s][info ][gc] GC(4212) Pause Young (Normal) (G1 Evacuation Pause) 137M->139M(512M) 10.415ms
[2020-08-01T12:16:50.491+0300][113.049s][info ][gc] GC(4213) Pause Young (Normal) (G1 Evacuation Pause) 180M->181M(512M) 10.337ms
[2020-08-01T12:16:50.510+0300][113.068s][info ][gc] GC(4214) Pause Young (Normal) (G1 Evacuation Pause) 202M->203M(512M) 10.608ms
[2020-08-01T12:16:50.530+0300][113.088s][info ][gc] GC(4215) Pause Young (Normal) (G1 Evacuation Pause) 224M->226M(512M) 10.808ms
[2020-08-01T12:16:50.550+0300][113.107s][info ][gc] GC(4216) Pause Young (Normal) (G1 Evacuation Pause) 247M->248M(512M) 11.430ms
[2020-08-01T12:16:50.569+0300][113.127s][info ][gc] GC(4217) Pause Young (Concurrent Start) (G1 Evacuation Pause) 269M->270M(512M) 11.169ms
[2020-08-01T12:16:50.569+0300][113.127s][info ][gc] GC(4218) Concurrent Cycle
[2020-08-01T12:16:50.615+0300][113.173s][info ][gc] GC(4219) Pause Young (Normal) (G1 Evacuation Pause) 311M->312M(512M) 11.515ms
[2020-08-01T12:16:50.636+0300][113.194s][info ][gc] GC(4220) Pause Young (Normal) (G1 Evacuation Pause) 333M->334M(512M) 12.192ms
[2020-08-01T12:16:50.660+0300][113.218s][info ][gc] GC(4221) Pause Young (Normal) (G1 Evacuation Pause) 355M->356M(512M) 13.492ms
[2020-08-01T12:16:50.683+0300][113.241s][info ][gc] GC(4222) Pause Young (Normal) (G1 Evacuation Pause) 377M->378M(512M) 12.163ms
[2020-08-01T12:16:50.703+0300][113.261s][info ][gc] GC(4223) Pause Young (Normal) (G1 Evacuation Pause) 399M->401M(512M) 11.431ms
[2020-08-01T12:16:50.726+0300][113.284s][debug][gc] GC(4218) Reclaimed 134 empty regions
[2020-08-01T12:16:50.727+0300][113.284s][info ][gc] GC(4218) Pause Remark 422M->291M(512M) 0.701ms
[2020-08-01T12:16:50.751+0300][113.309s][info ][gc] GC(4224) Pause Young (Normal) (G1 Evacuation Pause) 311M->312M(512M) 14.198ms
[2020-08-01T12:16:50.782+0300][113.340s][info ][gc] GC(4225) Pause Young (Normal) (G1 Evacuation Pause) 333M->335M(512M) 11.296ms
[2020-08-01T12:16:50.810+0300][113.367s][info ][gc] GC(4226) Pause Young (Normal) (G1 Evacuation Pause) 356M->357M(512M) 10.857ms
[2020-08-01T12:16:50.839+0300][113.397s][info ][gc] GC(4227) Pause Young (Normal) (G1 Evacuation Pause) 378M->380M(512M) 12.574ms
[2020-08-01T12:16:50.866+0300][113.424s][info ][gc] GC(4228) Pause Young (Normal) (G1 Evacuation Pause) 401M->403M(512M) 11.431ms
[2020-08-01T12:16:50.893+0300][113.451s][info ][gc] GC(4229) Pause Young (Normal) (G1 Evacuation Pause) 424M->425M(512M) 11.313ms
[2020-08-01T12:16:50.942+0300][113.499s][info ][gc] GC(4230) Pause Young (Normal) (G1 Evacuation Pause) 466M->468M(512M) 11.246ms
[2020-08-01T12:16:50.957+0300][113.515s][info ][gc] GC(4218) Pause Cleanup 488M->488M(512M) 0.126ms
[2020-08-01T12:16:50.973+0300][113.530s][info ][gc] GC(4231) To-space exhausted
[2020-08-01T12:16:50.973+0300][113.530s][info ][gc] GC(4231) Pause Young (Normal) (G1 Evacuation Pause) 489M->493M(512M) 15.157ms
[2020-08-01T12:16:50.973+0300][113.531s][info ][gc] GC(4218) Concurrent Cycle 403.552ms
[2020-08-01T12:16:51.008+0300][113.566s][info ][gc] GC(4232) To-space exhausted
[2020-08-01T12:16:51.009+0300][113.566s][info ][gc] GC(4232) Pause Young (Normal) (G1 Evacuation Pause) 511M->511M(512M) 28.598ms
[2020-08-01T12:16:51.057+0300][113.614s][info ][gc] GC(4233) Pause Full (G1 Evacuation Pause) 511M->72M(512M) 48.003ms
[2020-08-01T12:16:51.082+0300][113.640s][info ][gc] GC(4234) Pause Young (Normal) (G1 Evacuation Pause) 99M->99M(512M) 14.187ms
[2020-08-01T12:16:51.102+0300][113.660s][info ][gc] GC(4235) Pause Young (Normal) (G1 Evacuation Pause) 121M->123M(512M) 11.303ms
[2020-08-01T12:16:51.140+0300][113.698s][info ][gc] GC(4236) Pause Young (Normal) (G1 Evacuation Pause) 164M->165M(512M) 10.612ms
[2020-08-01T12:16:51.160+0300][113.717s][info ][gc] GC(4237) Pause Young (Normal) (G1 Evacuation Pause) 186M->187M(512M) 10.858ms
[2020-08-01T12:16:51.179+0300][113.737s][info ][gc] GC(4238) Pause Young (Normal) (G1 Evacuation Pause) 208M->209M(512M) 10.587ms
[2020-08-01T12:16:51.199+0300][113.756s][info ][gc] GC(4239) Pause Young (Normal) (G1 Evacuation Pause) 230M->231M(512M) 11.313ms
[2020-08-01T12:16:51.218+0300][113.776s][info ][gc] GC(4240) Pause Young (Concurrent Start) (G1 Evacuation Pause) 252M->253M(512M) 10.967ms
[2020-08-01T12:16:51.218+0300][113.776s][info ][gc] GC(4241) Concurrent Cycle
[2020-08-01T12:16:51.238+0300][113.796s][info ][gc] GC(4242) Pause Young (Normal) (G1 Evacuation Pause) 274M->276M(512M) 11.313ms
[2020-08-01T12:16:51.285+0300][113.843s][info ][gc] GC(4243) Pause Young (Normal) (G1 Evacuation Pause) 317M->319M(512M) 11.142ms
[2020-08-01T12:16:51.305+0300][113.862s][info ][gc] GC(4244) Pause Young (Normal) (G1 Evacuation Pause) 340M->342M(512M) 11.039ms
[2020-08-01T12:16:51.324+0300][113.882s][info ][gc] GC(4245) Pause Young (Normal) (G1 Evacuation Pause) 363M->365M(512M) 10.837ms
[2020-08-01T12:16:51.343+0300][113.901s][info ][gc] GC(4246) Pause Young (Normal) (G1 Evacuation Pause) 386M->387M(512M) 10.690ms
[2020-08-01T12:16:51.363+0300][113.920s][info ][gc] GC(4247) Pause Young (Normal) (G1 Evacuation Pause) 408M->410M(512M) 10.371ms
[2020-08-01T12:16:51.366+0300][113.924s][debug][gc] GC(4241) Reclaimed 130 empty regions
[2020-08-01T12:16:51.366+0300][113.924s][info ][gc] GC(4241) Pause Remark 416M->288M(512M) 0.695ms
[2020-08-01T12:16:51.406+0300][113.963s][info ][gc] GC(4248) Pause Young (Normal) (G1 Evacuation Pause) 323M->325M(512M) 11.192ms
[2020-08-01T12:16:51.433+0300][113.991s][info ][gc] GC(4249) Pause Young (Normal) (G1 Evacuation Pause) 346M->347M(512M) 11.594ms
[2020-08-01T12:16:51.461+0300][114.019s][info ][gc] GC(4250) Pause Young (Normal) (G1 Evacuation Pause) 368M->369M(512M) 11.074ms
[2020-08-01T12:16:51.488+0300][114.046s][info ][gc] GC(4251) Pause Young (Normal) (G1 Evacuation Pause) 390M->392M(512M) 11.029ms
[2020-08-01T12:16:51.515+0300][114.073s][info ][gc] GC(4252) Pause Young (Normal) (G1 Evacuation Pause) 413M->414M(512M) 10.504ms
[2020-08-01T12:16:51.542+0300][114.100s][info ][gc] GC(4253) Pause Young (Normal) (G1 Evacuation Pause) 435M->436M(512M) 10.436ms
[2020-08-01T12:16:51.575+0300][114.133s][info ][gc] GC(4241) Pause Cleanup 440M->440M(512M) 0.114ms
[2020-08-01T12:16:51.576+0300][114.134s][info ][gc] GC(4241) Concurrent Cycle 357.653ms
[2020-08-01T12:16:51.595+0300][114.153s][info ][gc] GC(4254) Pause Young (Normal) (G1 Evacuation Pause) 477M->479M(512M) 10.139ms
[2020-08-01T12:16:51.628+0300][114.186s][info ][gc] GC(4255) To-space exhausted
[2020-08-01T12:16:51.628+0300][114.186s][info ][gc] GC(4255) Pause Young (Concurrent Start) (G1 Evacuation Pause) 500M->508M(512M) 24.355ms
[2020-08-01T12:16:51.628+0300][114.186s][info ][gc] GC(4256) Concurrent Cycle
[2020-08-01T12:16:51.642+0300][114.200s][info ][gc] GC(4257) To-space exhausted
[2020-08-01T12:16:51.642+0300][114.200s][info ][gc] GC(4257) Pause Young (Normal) (G1 Evacuation Pause) 511M->511M(512M) 10.597ms
[2020-08-01T12:16:51.643+0300][114.201s][debug][gc] GC(4258) Clear Next Bitmap 0.335ms
[2020-08-01T12:16:51.681+0300][114.239s][info ][gc] GC(4258) Pause Full (G1 Evacuation Pause) 511M->63M(512M) 38.761ms
[2020-08-01T12:16:51.682+0300][114.239s][info ][gc] GC(4256) Concurrent Cycle 53.648ms
[2020-08-01T12:16:51.706+0300][114.263s][info ][gc] GC(4259) Pause Young (Normal) (G1 Evacuation Pause) 89M->89M(512M) 12.885ms
[2020-08-01T12:16:51.729+0300][114.286s][info ][gc] GC(4260) Pause Young (Normal) (G1 Evacuation Pause) 114M->115M(512M) 12.421ms
[2020-08-01T12:16:51.750+0300][114.307s][info ][gc] GC(4261) Pause Young (Normal) (G1 Evacuation Pause) 136M->136M(512M) 12.617ms
[2020-08-01T12:16:51.784+0300][114.341s][info ][gc] GC(4262) Pause Young (Normal) (G1 Evacuation Pause) 177M->178M(512M) 11.985ms
[2020-08-01T12:16:51.803+0300][114.361s][info ][gc] GC(4263) Pause Young (Normal) (G1 Evacuation Pause) 199M->200M(512M) 10.976ms
[2020-08-01T12:16:51.823+0300][114.380s][info ][gc] GC(4264) Pause Young (Normal) (G1 Evacuation Pause) 221M->224M(512M) 11.162ms
[2020-08-01T12:16:51.843+0300][114.400s][info ][gc] GC(4265) Pause Young (Normal) (G1 Evacuation Pause) 245M->246M(512M) 11.562ms
[2020-08-01T12:16:51.861+0300][114.419s][info ][gc] GC(4266) Pause Young (Concurrent Start) (G1 Evacuation Pause) 267M->269M(512M) 10.386ms
[2020-08-01T12:16:51.862+0300][114.419s][info ][gc] GC(4267) Concurrent Cycle
[2020-08-01T12:16:51.901+0300][114.459s][info ][gc] GC(4268) Pause Young (Normal) (G1 Evacuation Pause) 310M->311M(512M) 10.971ms
[2020-08-01T12:16:51.921+0300][114.479s][info ][gc] GC(4269) Pause Young (Normal) (G1 Evacuation Pause) 332M->333M(512M) 11.071ms
[2020-08-01T12:16:51.941+0300][114.499s][info ][gc] GC(4270) Pause Young (Normal) (G1 Evacuation Pause) 354M->356M(512M) 10.719ms
[2020-08-01T12:16:51.961+0300][114.519s][info ][gc] GC(4271) Pause Young (Normal) (G1 Evacuation Pause) 377M->378M(512M) 10.918ms
[2020-08-01T12:16:51.984+0300][114.542s][info ][gc] GC(4272) Pause Young (Normal) (G1 Evacuation Pause) 399M->401M(512M) 11.957ms
[2020-08-01T12:16:52.003+0300][114.561s][info ][gc] GC(4273) Pause Young (Normal) (G1 Evacuation Pause) 422M->423M(512M) 10.514ms
[2020-08-01T12:16:52.021+0300][114.579s][debug][gc] GC(4267) Reclaimed 129 empty regions
[2020-08-01T12:16:52.021+0300][114.579s][info ][gc] GC(4267) Pause Remark 424M->298M(512M) 0.689ms
[2020-08-01T12:16:52.047+0300][114.604s][info ][gc] GC(4274) Pause Young (Normal) (G1 Evacuation Pause) 338M->339M(512M) 10.515ms
[2020-08-01T12:16:52.072+0300][114.630s][info ][gc] GC(4275) Pause Young (Normal) (G1 Evacuation Pause) 360M->362M(512M) 10.932ms
[2020-08-01T12:16:52.099+0300][114.657s][info ][gc] GC(4276) Pause Young (Normal) (G1 Evacuation Pause) 383M->384M(512M) 10.636ms
[2020-08-01T12:16:52.126+0300][114.684s][info ][gc] GC(4277) Pause Young (Normal) (G1 Evacuation Pause) 405M->406M(512M) 10.716ms
[2020-08-01T12:16:52.154+0300][114.712s][info ][gc] GC(4278) Pause Young (Normal) (G1 Evacuation Pause) 427M->428M(512M) 11.498ms
[2020-08-01T12:16:52.202+0300][114.759s][info ][gc] GC(4279) Pause Young (Normal) (G1 Evacuation Pause) 469M->471M(512M) 10.497ms
[2020-08-01T12:16:52.231+0300][114.789s][info ][gc] GC(4280) To-space exhausted
[2020-08-01T12:16:52.231+0300][114.789s][info ][gc] GC(4280) Pause Young (Normal) (G1 Evacuation Pause) 492M->499M(512M) 15.919ms
[2020-08-01T12:16:52.267+0300][114.824s][info ][gc] GC(4281) To-space exhausted
[2020-08-01T12:16:52.267+0300][114.824s][info ][gc] GC(4281) Pause Young (Normal) (G1 Evacuation Pause) 511M->511M(512M) 22.055ms
[2020-08-01T12:16:52.267+0300][114.825s][debug][gc] GC(4282) Clear Next Bitmap 0.352ms
[2020-08-01T12:16:52.309+0300][114.866s][info ][gc] GC(4282) Pause Full (G1 Evacuation Pause) 511M->65M(512M) 41.826ms
[2020-08-01T12:16:52.309+0300][114.867s][info ][gc] GC(4267) Concurrent Cycle 447.273ms
[2020-08-01T12:16:52.330+0300][114.888s][info ][gc] GC(4283) Pause Young (Normal) (G1 Evacuation Pause) 92M->93M(512M) 10.406ms
[2020-08-01T12:16:52.353+0300][114.911s][info ][gc] GC(4284) Pause Young (Normal) (G1 Evacuation Pause) 118M->119M(512M) 12.888ms
[2020-08-01T12:16:52.432+0300][114.990s][info ][gc] GC(4285) Pause Young (Normal) (G1 Evacuation Pause) 160M->162M(512M) 33.090ms
[2020-08-01T12:16:52.458+0300][115.016s][info ][gc] GC(4286) Pause Young (Normal) (G1 Evacuation Pause) 183M->183M(512M) 12.749ms
[2020-08-01T12:16:52.478+0300][115.035s][info ][gc] GC(4287) Pause Young (Normal) (G1 Evacuation Pause) 204M->205M(512M) 10.577ms
[2020-08-01T12:16:52.497+0300][115.054s][info ][gc] GC(4288) Pause Young (Normal) (G1 Evacuation Pause) 226M->228M(512M) 10.601ms
[2020-08-01T12:16:52.516+0300][115.073s][info ][gc] GC(4289) Pause Young (Normal) (G1 Evacuation Pause) 249M->251M(512M) 10.514ms
[2020-08-01T12:16:52.535+0300][115.092s][info ][gc] GC(4290) Pause Young (Concurrent Start) (G1 Evacuation Pause) 272M->273M(512M) 10.470ms
[2020-08-01T12:16:52.535+0300][115.092s][info ][gc] GC(4291) Concurrent Cycle
[2020-08-01T12:16:52.575+0300][115.133s][info ][gc] GC(4292) Pause Young (Normal) (G1 Evacuation Pause) 314M->316M(512M) 10.232ms
[2020-08-01T12:16:52.594+0300][115.152s][info ][gc] GC(4293) Pause Young (Normal) (G1 Evacuation Pause) 337M->338M(512M) 10.436ms
[2020-08-01T12:16:52.614+0300][115.171s][info ][gc] GC(4294) Pause Young (Normal) (G1 Evacuation Pause) 359M->360M(512M) 10.513ms
[2020-08-01T12:16:52.633+0300][115.191s][info ][gc] GC(4295) Pause Young (Normal) (G1 Evacuation Pause) 381M->383M(512M) 10.614ms
[2020-08-01T12:16:52.653+0300][115.211s][info ][gc] GC(4296) Pause Young (Normal) (G1 Evacuation Pause) 404M->405M(512M) 10.909ms
[2020-08-01T12:16:52.685+0300][115.242s][debug][gc] GC(4291) Reclaimed 133 empty regions
[2020-08-01T12:16:52.685+0300][115.243s][info ][gc] GC(4291) Pause Remark 443M->313M(512M) 0.668ms
[2020-08-01T12:16:52.698+0300][115.256s][info ][gc] GC(4297) Pause Young (Normal) (G1 Evacuation Pause) 316M->317M(512M) 11.024ms
[2020-08-01T12:16:52.726+0300][115.284s][info ][gc] GC(4298) Pause Young (Normal) (G1 Evacuation Pause) 338M->339M(512M) 10.345ms
[2020-08-01T12:16:52.754+0300][115.312s][info ][gc] GC(4299) Pause Young (Normal) (G1 Evacuation Pause) 360M->361M(512M) 11.082ms
[2020-08-01T12:16:52.785+0300][115.343s][info ][gc] GC(4300) Pause Young (Normal) (G1 Evacuation Pause) 382M->383M(512M) 14.330ms
[2020-08-01T12:16:52.816+0300][115.373s][info ][gc] GC(4301) Pause Young (Normal) (G1 Evacuation Pause) 404M->406M(512M) 11.912ms
[2020-08-01T12:16:52.843+0300][115.401s][info ][gc] GC(4302) Pause Young (Normal) (G1 Evacuation Pause) 427M->429M(512M) 11.487ms
[2020-08-01T12:16:52.887+0300][115.445s][info ][gc] GC(4303) Pause Young (Normal) (G1 Evacuation Pause) 470M->472M(512M) 10.954ms
[2020-08-01T12:16:52.921+0300][115.479s][info ][gc] GC(4304) To-space exhausted
[2020-08-01T12:16:52.922+0300][115.479s][info ][gc] GC(4304) Pause Young (Normal) (G1 Evacuation Pause) 493M->503M(512M) 18.405ms
[2020-08-01T12:16:52.950+0300][115.508s][info ][gc] GC(4305) To-space exhausted
[2020-08-01T12:16:52.950+0300][115.508s][info ][gc] GC(4305) Pause Young (Normal) (G1 Evacuation Pause) 511M->511M(512M) 18.122ms
[2020-08-01T12:16:52.951+0300][115.509s][debug][gc] GC(4306) Clear Next Bitmap 0.352ms
[2020-08-01T12:16:52.989+0300][115.547s][info ][gc] GC(4306) Pause Full (G1 Evacuation Pause) 511M->64M(512M) 38.841ms
[2020-08-01T12:16:52.989+0300][115.547s][info ][gc] GC(4291) Concurrent Cycle 454.837ms
[2020-08-01T12:16:53.010+0300][115.568s][info ][gc] GC(4307) Pause Young (Normal) (G1 Evacuation Pause) 89M->89M(512M) 10.297ms
[2020-08-01T12:16:53.029+0300][115.587s][info ][gc] GC(4308) Pause Young (Normal) (G1 Evacuation Pause) 110M->111M(512M) 10.818ms
[2020-08-01T12:16:53.050+0300][115.608s][info ][gc] GC(4309) Pause Young (Normal) (G1 Evacuation Pause) 132M->134M(512M) 12.210ms
[2020-08-01T12:16:53.093+0300][115.651s][info ][gc] GC(4310) Pause Young (Normal) (G1 Evacuation Pause) 175M->176M(512M) 13.719ms
[2020-08-01T12:16:53.115+0300][115.672s][info ][gc] GC(4311) Pause Young (Normal) (G1 Evacuation Pause) 197M->198M(512M) 12.541ms
[2020-08-01T12:16:53.134+0300][115.691s][info ][gc] GC(4312) Pause Young (Normal) (G1 Evacuation Pause) 219M->221M(512M) 10.507ms
[2020-08-01T12:16:53.156+0300][115.714s][info ][gc] GC(4313) Pause Young (Normal) (G1 Evacuation Pause) 242M->244M(512M) 13.868ms
[2020-08-01T12:16:53.177+0300][115.734s][info ][gc] GC(4314) Pause Young (Concurrent Start) (G1 Evacuation Pause) 265M->267M(512M) 11.917ms
[2020-08-01T12:16:53.177+0300][115.735s][info ][gc] GC(4315) Concurrent Cycle
[2020-08-01T12:16:53.213+0300][115.771s][info ][gc] GC(4316) Pause Young (Normal) (G1 Evacuation Pause) 308M->309M(512M) 12.067ms
[2020-08-01T12:16:53.235+0300][115.793s][info ][gc] GC(4317) Pause Young (Normal) (G1 Evacuation Pause) 330M->332M(512M) 11.851ms
[2020-08-01T12:16:53.257+0300][115.815s][info ][gc] GC(4318) Pause Young (Normal) (G1 Evacuation Pause) 353M->355M(512M) 12.231ms
[2020-08-01T12:16:53.278+0300][115.835s][info ][gc] GC(4319) Pause Young (Normal) (G1 Evacuation Pause) 376M->377M(512M) 10.960ms
[2020-08-01T12:16:53.299+0300][115.857s][info ][gc] GC(4320) Pause Young (Normal) (G1 Evacuation Pause) 398M->400M(512M) 12.641ms
[2020-08-01T12:16:53.322+0300][115.880s][info ][gc] GC(4321) Pause Young (Normal) (G1 Evacuation Pause) 421M->422M(512M) 13.998ms
[2020-08-01T12:16:53.341+0300][115.899s][debug][gc] GC(4315) Reclaimed 128 empty regions
[2020-08-01T12:16:53.341+0300][115.899s][info ][gc] GC(4315) Pause Remark 426M->302M(512M) 0.738ms
[2020-08-01T12:16:53.371+0300][115.929s][info ][gc] GC(4322) Pause Young (Normal) (G1 Evacuation Pause) 339M->341M(512M) 11.659ms
[2020-08-01T12:16:53.398+0300][115.956s][info ][gc] GC(4323) Pause Young (Normal) (G1 Evacuation Pause) 362M->364M(512M) 11.120ms
[2020-08-01T12:16:53.425+0300][115.983s][info ][gc] GC(4324) Pause Young (Normal) (G1 Evacuation Pause) 385M->386M(512M) 10.704ms
[2020-08-01T12:16:53.453+0300][116.011s][info ][gc] GC(4325) Pause Young (Normal) (G1 Evacuation Pause) 407M->409M(512M) 11.587ms
[2020-08-01T12:16:53.482+0300][116.040s][info ][gc] GC(4326) Pause Young (Normal) (G1 Evacuation Pause) 430M->432M(512M) 11.020ms
[2020-08-01T12:16:53.540+0300][116.097s][info ][gc] GC(4327) Pause Young (Normal) (G1 Evacuation Pause) 473M->474M(512M) 11.739ms
[2020-08-01T12:16:53.575+0300][116.133s][info ][gc] GC(4328) To-space exhausted
[2020-08-01T12:16:53.575+0300][116.133s][info ][gc] GC(4328) Pause Young (Normal) (G1 Evacuation Pause) 495M->501M(512M) 18.275ms
[2020-08-01T12:16:53.581+0300][116.139s][info ][gc] GC(4315) Pause Cleanup 502M->502M(512M) 0.125ms
[2020-08-01T12:16:53.582+0300][116.139s][info ][gc] GC(4315) Concurrent Cycle 404.856ms
[2020-08-01T12:16:53.605+0300][116.162s][info ][gc] GC(4329) To-space exhausted
[2020-08-01T12:16:53.605+0300][116.162s][info ][gc] GC(4329) Pause Young (Normal) (G1 Evacuation Pause) 511M->511M(512M) 19.007ms
[2020-08-01T12:16:53.641+0300][116.198s][info ][gc] GC(4330) Pause Full (G1 Evacuation Pause) 511M->60M(512M) 35.837ms
[2020-08-01T12:16:53.664+0300][116.222s][info ][gc] GC(4331) Pause Young (Normal) (G1 Evacuation Pause) 85M->85M(512M) 12.741ms
[2020-08-01T12:16:53.688+0300][116.245s][info ][gc] GC(4332) Pause Young (Normal) (G1 Evacuation Pause) 107M->108M(512M) 13.759ms
[2020-08-01T12:16:53.707+0300][116.265s][info ][gc] GC(4333) Pause Young (Normal) (G1 Evacuation Pause) 129M->131M(512M) 11.046ms
[2020-08-01T12:16:53.741+0300][116.299s][info ][gc] GC(4334) Pause Young (Normal) (G1 Evacuation Pause) 172M->173M(512M) 10.334ms
[2020-08-01T12:16:53.761+0300][116.319s][info ][gc] GC(4335) Pause Young (Normal) (G1 Evacuation Pause) 194M->195M(512M) 11.159ms
[2020-08-01T12:16:53.781+0300][116.339s][info ][gc] GC(4336) Pause Young (Normal) (G1 Evacuation Pause) 216M->218M(512M) 11.608ms
[2020-08-01T12:16:53.801+0300][116.359s][info ][gc] GC(4337) Pause Young (Normal) (G1 Evacuation Pause) 239M->240M(512M) 11.259ms
[2020-08-01T12:16:53.821+0300][116.379s][info ][gc] GC(4338) Pause Young (Concurrent Start) (G1 Evacuation Pause) 261M->262M(512M) 11.626ms
[2020-08-01T12:16:53.821+0300][116.379s][info ][gc] GC(4339) Concurrent Cycle
[2020-08-01T12:16:53.863+0300][116.421s][info ][gc] GC(4340) Pause Young (Normal) (G1 Evacuation Pause) 303M->305M(512M) 10.124ms
[2020-08-01T12:16:53.886+0300][116.444s][info ][gc] GC(4341) Pause Young (Normal) (G1 Evacuation Pause) 326M->328M(512M) 13.447ms
[2020-08-01T12:16:53.907+0300][116.465s][info ][gc] GC(4342) Pause Young (Normal) (G1 Evacuation Pause) 349M->350M(512M) 10.505ms
[2020-08-01T12:16:53.926+0300][116.484s][info ][gc] GC(4343) Pause Young (Normal) (G1 Evacuation Pause) 371M->372M(512M) 10.293ms
[2020-08-01T12:16:53.946+0300][116.504s][info ][gc] GC(4344) Pause Young (Normal) (G1 Evacuation Pause) 393M->395M(512M) 11.037ms
[2020-08-01T12:16:53.966+0300][116.523s][info ][gc] GC(4345) Pause Young (Normal) (G1 Evacuation Pause) 416M->417M(512M) 10.891ms
[2020-08-01T12:16:53.975+0300][116.533s][debug][gc] GC(4339) Reclaimed 126 empty regions
[2020-08-01T12:16:53.975+0300][116.533s][info ][gc] GC(4339) Pause Remark 425M->301M(512M) 0.659ms
[2020-08-01T12:16:54.009+0300][116.567s][info ][gc] GC(4346) Pause Young (Normal) (G1 Evacuation Pause) 333M->335M(512M) 11.450ms
[2020-08-01T12:16:54.038+0300][116.596s][info ][gc] GC(4347) Pause Young (Normal) (G1 Evacuation Pause) 356M->357M(512M) 11.408ms
[2020-08-01T12:16:54.065+0300][116.623s][info ][gc] GC(4348) Pause Young (Normal) (G1 Evacuation Pause) 378M->380M(512M) 11.228ms
[2020-08-01T12:16:54.093+0300][116.651s][info ][gc] GC(4349) Pause Young (Normal) (G1 Evacuation Pause) 401M->403M(512M) 10.403ms
[2020-08-01T12:16:54.120+0300][116.678s][info ][gc] GC(4350) Pause Young (Normal) (G1 Evacuation Pause) 424M->425M(512M) 11.099ms
[2020-08-01T12:16:54.174+0300][116.732s][info ][gc] GC(4351) Pause Young (Normal) (G1 Evacuation Pause) 466M->468M(512M) 11.344ms
[2020-08-01T12:16:54.204+0300][116.762s][info ][gc] GC(4352) To-space exhausted
[2020-08-01T12:16:54.204+0300][116.762s][info ][gc] GC(4352) Pause Young (Normal) (G1 Evacuation Pause) 489M->496M(512M) 13.472ms
[2020-08-01T12:16:54.210+0300][116.768s][info ][gc] GC(4339) Pause Cleanup 497M->497M(512M) 0.145ms
[2020-08-01T12:16:54.211+0300][116.768s][info ][gc] GC(4339) Concurrent Cycle 389.527ms
[2020-08-01T12:16:54.242+0300][116.800s][info ][gc] GC(4353) To-space exhausted
[2020-08-01T12:16:54.242+0300][116.800s][info ][gc] GC(4353) Pause Young (Normal) (G1 Evacuation Pause) 511M->511M(512M) 26.210ms
[2020-08-01T12:16:54.282+0300][116.840s][info ][gc] GC(4354) Pause Full (G1 Evacuation Pause) 511M->61M(512M) 39.769ms
[2020-08-01T12:16:54.304+0300][116.862s][info ][gc] GC(4355) Pause Young (Normal) (G1 Evacuation Pause) 86M->86M(512M) 11.648ms
[2020-08-01T12:16:54.323+0300][116.881s][info ][gc] GC(4356) Pause Young (Normal) (G1 Evacuation Pause) 108M->109M(512M) 10.764ms
[2020-08-01T12:16:54.342+0300][116.900s][info ][gc] GC(4357) Pause Young (Normal) (G1 Evacuation Pause) 130M->132M(512M) 10.434ms
[2020-08-01T12:16:54.411+0300][116.969s][info ][gc] GC(4358) Pause Young (Normal) (G1 Evacuation Pause) 173M->174M(512M) 23.757ms
[2020-08-01T12:16:54.434+0300][116.992s][info ][gc] GC(4359) Pause Young (Normal) (G1 Evacuation Pause) 195M->196M(512M) 11.561ms
[2020-08-01T12:16:54.454+0300][117.011s][info ][gc] GC(4360) Pause Young (Normal) (G1 Evacuation Pause) 217M->218M(512M) 11.588ms
[2020-08-01T12:16:54.473+0300][117.030s][info ][gc] GC(4361) Pause Young (Normal) (G1 Evacuation Pause) 239M->241M(512M) 10.657ms
[2020-08-01T12:16:54.492+0300][117.049s][info ][gc] GC(4362) Pause Young (Concurrent Start) (G1 Evacuation Pause) 262M->264M(512M) 10.606ms
[2020-08-01T12:16:54.492+0300][117.050s][info ][gc] GC(4363) Concurrent Cycle
[2020-08-01T12:16:54.529+0300][117.087s][info ][gc] GC(4364) Pause Young (Normal) (G1 Evacuation Pause) 305M->306M(512M) 10.263ms
[2020-08-01T12:16:54.548+0300][117.106s][info ][gc] GC(4365) Pause Young (Normal) (G1 Evacuation Pause) 327M->329M(512M) 10.182ms
[2020-08-01T12:16:54.567+0300][117.125s][info ][gc] GC(4366) Pause Young (Normal) (G1 Evacuation Pause) 350M->351M(512M) 10.282ms
[2020-08-01T12:16:54.587+0300][117.144s][info ][gc] GC(4367) Pause Young (Normal) (G1 Evacuation Pause) 372M->373M(512M) 10.933ms
[2020-08-01T12:16:54.605+0300][117.163s][info ][gc] GC(4368) Pause Young (Normal) (G1 Evacuation Pause) 394M->395M(512M) 10.302ms
[2020-08-01T12:16:54.626+0300][117.184s][info ][gc] GC(4369) Pause Young (Normal) (G1 Evacuation Pause) 416M->418M(512M) 11.655ms
[2020-08-01T12:16:54.644+0300][117.202s][debug][gc] GC(4363) Reclaimed 131 empty regions
[2020-08-01T12:16:54.644+0300][117.202s][info ][gc] GC(4363) Pause Remark 424M->298M(512M) 1.184ms
[2020-08-01T12:16:54.680+0300][117.238s][info ][gc] GC(4370) Pause Young (Normal) (G1 Evacuation Pause) 332M->334M(512M) 15.534ms
[2020-08-01T12:16:54.709+0300][117.267s][info ][gc] GC(4371) Pause Young (Normal) (G1 Evacuation Pause) 355M->356M(512M) 12.069ms
[2020-08-01T12:16:54.737+0300][117.295s][info ][gc] GC(4372) Pause Young (Normal) (G1 Evacuation Pause) 377M->378M(512M) 10.694ms
[2020-08-01T12:16:54.764+0300][117.321s][info ][gc] GC(4373) Pause Young (Normal) (G1 Evacuation Pause) 399M->401M(512M) 10.446ms
[2020-08-01T12:16:54.788+0300][117.346s][info ][gc] GC(4374) Pause Young (Normal) (G1 Evacuation Pause) 422M->424M(512M) 10.938ms
[2020-08-01T12:16:54.840+0300][117.398s][info ][gc] GC(4375) Pause Young (Normal) (G1 Evacuation Pause) 465M->467M(512M) 12.231ms
[2020-08-01T12:16:54.869+0300][117.427s][info ][gc] GC(4376) To-space exhausted
[2020-08-01T12:16:54.869+0300][117.427s][info ][gc] GC(4376) Pause Young (Normal) (G1 Evacuation Pause) 488M->495M(512M) 12.538ms
[2020-08-01T12:16:54.908+0300][117.466s][info ][gc] GC(4377) To-space exhausted
[2020-08-01T12:16:54.908+0300][117.466s][info ][gc] GC(4377) Pause Young (Normal) (G1 Evacuation Pause) 511M->511M(512M) 27.225ms
[2020-08-01T12:16:54.909+0300][117.467s][debug][gc] GC(4378) Clear Next Bitmap 0.337ms
[2020-08-01T12:16:54.950+0300][117.507s][info ][gc] GC(4378) Pause Full (G1 Evacuation Pause) 511M->62M(512M) 41.106ms
[2020-08-01T12:16:54.950+0300][117.508s][info ][gc] GC(4363) Concurrent Cycle 458.039ms
[2020-08-01T12:16:54.970+0300][117.528s][info ][gc] GC(4379) Pause Young (Normal) (G1 Evacuation Pause) 87M->88M(512M) 10.512ms
[2020-08-01T12:16:54.989+0300][117.547s][info ][gc] GC(4380) Pause Young (Normal) (G1 Evacuation Pause) 110M->111M(512M) 10.355ms
[2020-08-01T12:16:55.011+0300][117.568s][info ][gc] GC(4381) Pause Young (Normal) (G1 Evacuation Pause) 132M->133M(512M) 12.240ms
[2020-08-01T12:16:55.046+0300][117.604s][info ][gc] GC(4382) Pause Young (Normal) (G1 Evacuation Pause) 174M->176M(512M) 11.064ms
[2020-08-01T12:16:55.065+0300][117.623s][info ][gc] GC(4383) Pause Young (Normal) (G1 Evacuation Pause) 197M->199M(512M) 10.592ms
[2020-08-01T12:16:55.084+0300][117.642s][info ][gc] GC(4384) Pause Young (Normal) (G1 Evacuation Pause) 220M->221M(512M) 10.364ms
[2020-08-01T12:16:55.103+0300][117.661s][info ][gc] GC(4385) Pause Young (Normal) (G1 Evacuation Pause) 242M->243M(512M) 10.620ms
[2020-08-01T12:16:55.124+0300][117.681s][info ][gc] GC(4386) Pause Young (Concurrent Start) (G1 Evacuation Pause) 264M->266M(512M) 12.100ms
[2020-08-01T12:16:55.124+0300][117.681s][info ][gc] GC(4387) Concurrent Cycle
[2020-08-01T12:16:55.169+0300][117.727s][info ][gc] GC(4388) Pause Young (Normal) (G1 Evacuation Pause) 307M->309M(512M) 10.924ms
[2020-08-01T12:16:55.189+0300][117.746s][info ][gc] GC(4389) Pause Young (Normal) (G1 Evacuation Pause) 330M->331M(512M) 10.922ms
[2020-08-01T12:16:55.208+0300][117.766s][info ][gc] GC(4390) Pause Young (Normal) (G1 Evacuation Pause) 352M->354M(512M) 10.717ms
[2020-08-01T12:16:55.227+0300][117.785s][info ][gc] GC(4391) Pause Young (Normal) (G1 Evacuation Pause) 375M->376M(512M) 10.283ms
[2020-08-01T12:16:55.246+0300][117.804s][info ][gc] GC(4392) Pause Young (Normal) (G1 Evacuation Pause) 397M->399M(512M) 9.852ms
[2020-08-01T12:16:55.265+0300][117.823s][info ][gc] GC(4393) Pause Young (Normal) (G1 Evacuation Pause) 420M->421M(512M) 10.652ms
[2020-08-01T12:16:55.276+0300][117.834s][debug][gc] GC(4387) Reclaimed 133 empty regions
[2020-08-01T12:16:55.276+0300][117.834s][info ][gc] GC(4387) Pause Remark 426M->296M(512M) 0.666ms
[2020-08-01T12:16:55.312+0300][117.870s][info ][gc] GC(4394) Pause Young (Normal) (G1 Evacuation Pause) 332M->334M(512M) 10.695ms
[2020-08-01T12:16:55.339+0300][117.897s][info ][gc] GC(4395) Pause Young (Normal) (G1 Evacuation Pause) 355M->357M(512M) 10.665ms
[2020-08-01T12:16:55.364+0300][117.922s][info ][gc] GC(4396) Pause Young (Normal) (G1 Evacuation Pause) 378M->379M(512M) 10.599ms
[2020-08-01T12:16:55.391+0300][117.949s][info ][gc] GC(4397) Pause Young (Normal) (G1 Evacuation Pause) 400M->401M(512M) 10.618ms
[2020-08-01T12:16:55.415+0300][117.972s][info ][gc] GC(4398) Pause Young (Normal) (G1 Evacuation Pause) 422M->423M(512M) 10.011ms
[2020-08-01T12:16:55.452+0300][118.010s][info ][gc] GC(4399) Pause Young (Normal) (G1 Evacuation Pause) 464M->465M(512M) 11.667ms
[2020-08-01T12:16:55.480+0300][118.038s][info ][gc] GC(4400) To-space exhausted
[2020-08-01T12:16:55.480+0300][118.038s][info ][gc] GC(4400) Pause Young (Normal) (G1 Evacuation Pause) 486M->488M(512M) 12.894ms
[2020-08-01T12:16:55.528+0300][118.086s][info ][gc] GC(4401) To-space exhausted
[2020-08-01T12:16:55.528+0300][118.086s][info ][gc] GC(4401) Pause Young (Normal) (G1 Evacuation Pause) 509M->511M(512M) 31.320ms
[2020-08-01T12:16:55.529+0300][118.087s][debug][gc] GC(4402) Clear Next Bitmap 0.324ms
[2020-08-01T12:16:55.570+0300][118.128s][info ][gc] GC(4402) Pause Full (G1 Evacuation Pause) 511M->70M(512M) 41.622ms
[2020-08-01T12:16:55.570+0300][118.128s][info ][gc] GC(4387) Concurrent Cycle 446.533ms
[2020-08-01T12:16:55.591+0300][118.149s][info ][gc] GC(4403) Pause Young (Normal) (G1 Evacuation Pause) 96M->96M(512M) 10.400ms
[2020-08-01T12:16:55.612+0300][118.170s][info ][gc] GC(4404) Pause Young (Normal) (G1 Evacuation Pause) 120M->123M(512M) 11.609ms
[2020-08-01T12:16:55.682+0300][118.240s][info ][gc] GC(4405) Pause Young (Normal) (G1 Evacuation Pause) 164M->165M(512M) 30.795ms
[2020-08-01T12:16:55.710+0300][118.268s][info ][gc] GC(4406) Pause Young (Normal) (G1 Evacuation Pause) 186M->187M(512M) 14.651ms
[2020-08-01T12:16:55.729+0300][118.287s][info ][gc] GC(4407) Pause Young (Normal) (G1 Evacuation Pause) 208M->210M(512M) 10.661ms
[2020-08-01T12:16:55.749+0300][118.307s][info ][gc] GC(4408) Pause Young (Normal) (G1 Evacuation Pause) 231M->231M(512M) 10.906ms
[2020-08-01T12:16:55.768+0300][118.325s][info ][gc] GC(4409) Pause Young (Normal) (G1 Evacuation Pause) 252M->253M(512M) 10.487ms
[2020-08-01T12:16:55.788+0300][118.345s][info ][gc] GC(4410) Pause Young (Concurrent Start) (G1 Evacuation Pause) 274M->275M(512M) 11.409ms
[2020-08-01T12:16:55.788+0300][118.345s][info ][gc] GC(4411) Concurrent Cycle
[2020-08-01T12:16:55.825+0300][118.383s][info ][gc] GC(4412) Pause Young (Normal) (G1 Evacuation Pause) 316M->318M(512M) 10.499ms
[2020-08-01T12:16:55.846+0300][118.403s][info ][gc] GC(4413) Pause Young (Normal) (G1 Evacuation Pause) 339M->340M(512M) 10.780ms
[2020-08-01T12:16:55.865+0300][118.423s][info ][gc] GC(4414) Pause Young (Normal) (G1 Evacuation Pause) 361M->362M(512M) 10.340ms
[2020-08-01T12:16:55.885+0300][118.443s][info ][gc] GC(4415) Pause Young (Normal) (G1 Evacuation Pause) 383M->384M(512M) 11.779ms
[2020-08-01T12:16:55.904+0300][118.462s][info ][gc] GC(4416) Pause Young (Normal) (G1 Evacuation Pause) 405M->407M(512M) 10.445ms
[2020-08-01T12:16:55.946+0300][118.504s][info ][gc] GC(4417) Pause Young (Normal) (G1 Evacuation Pause) 448M->450M(512M) 10.254ms
[2020-08-01T12:16:55.950+0300][118.508s][debug][gc] GC(4411) Reclaimed 128 empty regions
[2020-08-01T12:16:55.951+0300][118.508s][info ][gc] GC(4411) Pause Remark 458M->332M(512M) 0.648ms
[2020-08-01T12:16:55.967+0300][118.524s][info ][gc] GC(4418) Pause Young (Normal) (G1 Evacuation Pause) 345M->346M(512M) 10.833ms
[2020-08-01T12:16:55.995+0300][118.553s][info ][gc] GC(4419) Pause Young (Normal) (G1 Evacuation Pause) 367M->368M(512M) 11.782ms
[2020-08-01T12:16:56.025+0300][118.583s][info ][gc] GC(4420) Pause Young (Normal) (G1 Evacuation Pause) 389M->390M(512M) 10.898ms
[2020-08-01T12:16:56.055+0300][118.612s][info ][gc] GC(4421) Pause Young (Normal) (G1 Evacuation Pause) 411M->413M(512M) 10.726ms
[2020-08-01T12:16:56.082+0300][118.640s][info ][gc] GC(4422) Pause Young (Normal) (G1 Evacuation Pause) 434M->435M(512M) 10.835ms
[2020-08-01T12:16:56.121+0300][118.679s][info ][gc] GC(4423) Pause Young (Normal) (G1 Evacuation Pause) 476M->478M(512M) 10.510ms
[2020-08-01T12:16:56.159+0300][118.717s][info ][gc] GC(4424) To-space exhausted
[2020-08-01T12:16:56.159+0300][118.717s][info ][gc] GC(4424) Pause Young (Normal) (G1 Evacuation Pause) 499M->506M(512M) 22.175ms
[2020-08-01T12:16:56.175+0300][118.733s][info ][gc] GC(4425) To-space exhausted
[2020-08-01T12:16:56.175+0300][118.733s][info ][gc] GC(4425) Pause Young (Normal) (G1 Evacuation Pause) 511M->511M(512M) 14.072ms
[2020-08-01T12:16:56.176+0300][118.733s][debug][gc] GC(4426) Clear Next Bitmap 0.304ms
[2020-08-01T12:16:56.215+0300][118.773s][info ][gc] GC(4426) Pause Full (G1 Evacuation Pause) 511M->64M(512M) 39.749ms
[2020-08-01T12:16:56.215+0300][118.773s][info ][gc] GC(4411) Concurrent Cycle 427.720ms
[2020-08-01T12:16:56.236+0300][118.793s][info ][gc] GC(4427) Pause Young (Normal) (G1 Evacuation Pause) 89M->89M(512M) 10.485ms
[2020-08-01T12:16:56.254+0300][118.812s][info ][gc] GC(4428) Pause Young (Normal) (G1 Evacuation Pause) 110M->111M(512M) 10.400ms
[2020-08-01T12:16:56.273+0300][118.831s][info ][gc] GC(4429) Pause Young (Normal) (G1 Evacuation Pause) 132M->133M(512M) 10.481ms
[2020-08-01T12:16:56.308+0300][118.866s][info ][gc] GC(4430) Pause Young (Normal) (G1 Evacuation Pause) 174M->175M(512M) 10.657ms
[2020-08-01T12:16:56.327+0300][118.885s][info ][gc] GC(4431) Pause Young (Normal) (G1 Evacuation Pause) 196M->198M(512M) 10.574ms
[2020-08-01T12:16:56.346+0300][118.904s][info ][gc] GC(4432) Pause Young (Normal) (G1 Evacuation Pause) 219M->220M(512M) 10.559ms
[2020-08-01T12:16:56.365+0300][118.923s][info ][gc] GC(4433) Pause Young (Normal) (G1 Evacuation Pause) 241M->242M(512M) 10.573ms
[2020-08-01T12:16:56.384+0300][118.942s][info ][gc] GC(4434) Pause Young (Concurrent Start) (G1 Evacuation Pause) 263M->264M(512M) 10.743ms
[2020-08-01T12:16:56.384+0300][118.942s][info ][gc] GC(4435) Concurrent Cycle
[2020-08-01T12:16:56.428+0300][118.986s][info ][gc] GC(4436) Pause Young (Normal) (G1 Evacuation Pause) 305M->307M(512M) 10.511ms
[2020-08-01T12:16:56.448+0300][119.006s][info ][gc] GC(4437) Pause Young (Normal) (G1 Evacuation Pause) 328M->329M(512M) 10.632ms
[2020-08-01T12:16:56.467+0300][119.025s][info ][gc] GC(4438) Pause Young (Normal) (G1 Evacuation Pause) 350M->352M(512M) 10.940ms
[2020-08-01T12:16:56.488+0300][119.046s][info ][gc] GC(4439) Pause Young (Normal) (G1 Evacuation Pause) 373M->374M(512M) 11.926ms
[2020-08-01T12:16:56.508+0300][119.066s][info ][gc] GC(4440) Pause Young (Normal) (G1 Evacuation Pause) 395M->396M(512M) 10.579ms
[2020-08-01T12:16:56.527+0300][119.085s][info ][gc] GC(4441) Pause Young (Normal) (G1 Evacuation Pause) 417M->419M(512M) 10.562ms
[2020-08-01T12:16:56.539+0300][119.097s][debug][gc] GC(4435) Reclaimed 131 empty regions
[2020-08-01T12:16:56.539+0300][119.097s][info ][gc] GC(4435) Pause Remark 423M->295M(512M) 0.629ms
[2020-08-01T12:16:56.573+0300][119.131s][info ][gc] GC(4442) Pause Young (Normal) (G1 Evacuation Pause) 331M->332M(512M) 10.346ms
[2020-08-01T12:16:56.600+0300][119.157s][info ][gc] GC(4443) Pause Young (Normal) (G1 Evacuation Pause) 353M->355M(512M) 10.522ms
[2020-08-01T12:16:56.624+0300][119.182s][info ][gc] GC(4444) Pause Young (Normal) (G1 Evacuation Pause) 376M->377M(512M) 10.740ms
[2020-08-01T12:16:56.651+0300][119.209s][info ][gc] GC(4445) Pause Young (Normal) (G1 Evacuation Pause) 398M->399M(512M) 10.775ms
[2020-08-01T12:16:56.676+0300][119.234s][info ][gc] GC(4446) Pause Young (Normal) (G1 Evacuation Pause) 420M->422M(512M) 10.627ms
[2020-08-01T12:16:56.721+0300][119.278s][info ][gc] GC(4447) Pause Young (Normal) (G1 Evacuation Pause) 463M->465M(512M) 11.234ms
[2020-08-01T12:16:56.751+0300][119.309s][info ][gc] GC(4448) To-space exhausted
[2020-08-01T12:16:56.751+0300][119.309s][info ][gc] GC(4448) Pause Young (Normal) (G1 Evacuation Pause) 486M->488M(512M) 11.068ms
[2020-08-01T12:16:56.800+0300][119.357s][info ][gc] GC(4449) To-space exhausted
[2020-08-01T12:16:56.800+0300][119.358s][info ][gc] GC(4449) Pause Young (Normal) (G1 Evacuation Pause) 509M->511M(512M) 32.303ms
[2020-08-01T12:16:56.800+0300][119.358s][debug][gc] GC(4450) Clear Next Bitmap 0.291ms
[2020-08-01T12:16:56.846+0300][119.404s][info ][gc] GC(4450) Pause Full (G1 Evacuation Pause) 511M->70M(512M) 46.466ms
[2020-08-01T12:16:56.847+0300][119.404s][info ][gc] GC(4435) Concurrent Cycle 462.351ms
[2020-08-01T12:16:56.868+0300][119.426s][info ][gc] GC(4451) Pause Young (Normal) (G1 Evacuation Pause) 96M->96M(512M) 11.454ms
[2020-08-01T12:16:56.889+0300][119.447s][info ][gc] GC(4452) Pause Young (Normal) (G1 Evacuation Pause) 119M->121M(512M) 11.935ms
[2020-08-01T12:16:56.961+0300][119.519s][info ][gc] GC(4453) Pause Young (Normal) (G1 Evacuation Pause) 162M->164M(512M) 34.241ms
[2020-08-01T12:16:56.987+0300][119.545s][info ][gc] GC(4454) Pause Young (Normal) (G1 Evacuation Pause) 185M->186M(512M) 12.765ms
[2020-08-01T12:16:57.007+0300][119.564s][info ][gc] GC(4455) Pause Young (Normal) (G1 Evacuation Pause) 207M->207M(512M) 10.532ms
[2020-08-01T12:16:57.026+0300][119.583s][info ][gc] GC(4456) Pause Young (Normal) (G1 Evacuation Pause) 228M->230M(512M) 10.614ms
[2020-08-01T12:16:57.045+0300][119.602s][info ][gc] GC(4457) Pause Young (Normal) (G1 Evacuation Pause) 251M->252M(512M) 10.396ms
[2020-08-01T12:16:57.063+0300][119.621s][info ][gc] GC(4458) Pause Young (Concurrent Start) (G1 Evacuation Pause) 273M->275M(512M) 10.350ms
[2020-08-01T12:16:57.063+0300][119.621s][info ][gc] GC(4459) Concurrent Cycle
[2020-08-01T12:16:57.103+0300][119.661s][info ][gc] GC(4460) Pause Young (Normal) (G1 Evacuation Pause) 316M->317M(512M) 11.199ms
[2020-08-01T12:16:57.122+0300][119.680s][info ][gc] GC(4461) Pause Young (Normal) (G1 Evacuation Pause) 338M->340M(512M) 10.372ms
[2020-08-01T12:16:57.141+0300][119.699s][info ][gc] GC(4462) Pause Young (Normal) (G1 Evacuation Pause) 361M->362M(512M) 10.491ms
[2020-08-01T12:16:57.162+0300][119.719s][info ][gc] GC(4463) Pause Young (Normal) (G1 Evacuation Pause) 383M->384M(512M) 11.132ms
[2020-08-01T12:16:57.186+0300][119.744s][info ][gc] GC(4464) Pause Young (Normal) (G1 Evacuation Pause) 405M->406M(512M) 12.347ms
[2020-08-01T12:16:57.223+0300][119.781s][info ][gc] GC(4465) Pause Young (Normal) (G1 Evacuation Pause) 447M->448M(512M) 10.428ms
[2020-08-01T12:16:57.227+0300][119.785s][debug][gc] GC(4459) Reclaimed 125 empty regions
[2020-08-01T12:16:57.227+0300][119.785s][info ][gc] GC(4459) Pause Remark 456M->334M(512M) 0.648ms
[2020-08-01T12:16:57.246+0300][119.803s][info ][gc] GC(4466) Pause Young (Normal) (G1 Evacuation Pause) 347M->349M(512M) 12.797ms
[2020-08-01T12:16:57.272+0300][119.830s][info ][gc] GC(4467) Pause Young (Normal) (G1 Evacuation Pause) 370M->372M(512M) 10.691ms
[2020-08-01T12:16:57.298+0300][119.856s][info ][gc] GC(4468) Pause Young (Normal) (G1 Evacuation Pause) 393M->394M(512M) 10.338ms
[2020-08-01T12:16:57.324+0300][119.882s][info ][gc] GC(4469) Pause Young (Normal) (G1 Evacuation Pause) 415M->417M(512M) 10.585ms
[2020-08-01T12:16:57.352+0300][119.910s][info ][gc] GC(4470) Pause Young (Normal) (G1 Evacuation Pause) 438M->439M(512M) 10.547ms
[2020-08-01T12:16:57.397+0300][119.955s][info ][gc] GC(4471) Pause Young (Normal) (G1 Evacuation Pause) 480M->482M(512M) 10.802ms
[2020-08-01T12:16:57.437+0300][119.994s][info ][gc] GC(4472) To-space exhausted
[2020-08-01T12:16:57.437+0300][119.994s][info ][gc] GC(4472) Pause Young (Normal) (G1 Evacuation Pause) 503M->510M(512M) 26.877ms
[2020-08-01T12:16:57.455+0300][120.013s][info ][gc] GC(4473) To-space exhausted
[2020-08-01T12:16:57.455+0300][120.013s][info ][gc] GC(4473) Pause Young (Normal) (G1 Evacuation Pause) 511M->511M(512M) 7.895ms
[2020-08-01T12:16:57.455+0300][120.013s][debug][gc] GC(4474) Clear Next Bitmap 0.345ms
[2020-08-01T12:16:57.490+0300][120.047s][info ][gc] GC(4474) Pause Full (G1 Evacuation Pause) 511M->59M(512M) 34.566ms
[2020-08-01T12:16:57.490+0300][120.048s][info ][gc] GC(4459) Concurrent Cycle 426.351ms
[2020-08-01T12:16:57.510+0300][120.068s][info ][gc] GC(4475) Pause Young (Normal) (G1 Evacuation Pause) 84M->84M(512M) 10.720ms
[2020-08-01T12:16:57.529+0300][120.087s][info ][gc] GC(4476) Pause Young (Normal) (G1 Evacuation Pause) 105M->107M(512M) 10.532ms
[2020-08-01T12:16:57.548+0300][120.106s][info ][gc] GC(4477) Pause Young (Normal) (G1 Evacuation Pause) 128M->129M(512M) 10.462ms
[2020-08-01T12:16:57.583+0300][120.141s][info ][gc] GC(4478) Pause Young (Normal) (G1 Evacuation Pause) 170M->172M(512M) 10.175ms
[2020-08-01T12:16:57.601+0300][120.159s][info ][gc] GC(4479) Pause Young (Normal) (G1 Evacuation Pause) 193M->195M(512M) 10.444ms
[2020-08-01T12:16:57.621+0300][120.179s][info ][gc] GC(4480) Pause Young (Normal) (G1 Evacuation Pause) 216M->218M(512M) 11.194ms
[2020-08-01T12:16:57.640+0300][120.198s][info ][gc] GC(4481) Pause Young (Normal) (G1 Evacuation Pause) 239M->240M(512M) 10.413ms
[2020-08-01T12:16:57.660+0300][120.217s][info ][gc] GC(4482) Pause Young (Concurrent Start) (G1 Evacuation Pause) 261M->263M(512M) 10.409ms
[2020-08-01T12:16:57.660+0300][120.218s][info ][gc] GC(4483) Concurrent Cycle
[2020-08-01T12:16:57.707+0300][120.265s][info ][gc] GC(4484) Pause Young (Normal) (G1 Evacuation Pause) 304M->306M(512M) 11.592ms
[2020-08-01T12:16:57.727+0300][120.285s][info ][gc] GC(4485) Pause Young (Normal) (G1 Evacuation Pause) 327M->328M(512M) 10.850ms
[2020-08-01T12:16:57.748+0300][120.306s][info ][gc] GC(4486) Pause Young (Normal) (G1 Evacuation Pause) 349M->350M(512M) 11.203ms
[2020-08-01T12:16:57.767+0300][120.325s][info ][gc] GC(4487) Pause Young (Normal) (G1 Evacuation Pause) 371M->372M(512M) 10.272ms
[2020-08-01T12:16:57.786+0300][120.344s][info ][gc] GC(4488) Pause Young (Normal) (G1 Evacuation Pause) 393M->395M(512M) 10.453ms
[2020-08-01T12:16:57.806+0300][120.364s][info ][gc] GC(4489) Pause Young (Normal) (G1 Evacuation Pause) 416M->418M(512M) 11.078ms
[2020-08-01T12:16:57.813+0300][120.370s][debug][gc] GC(4483) Reclaimed 128 empty regions
[2020-08-01T12:16:57.813+0300][120.370s][info ][gc] GC(4483) Pause Remark 427M->302M(512M) 0.750ms
[2020-08-01T12:16:57.851+0300][120.409s][info ][gc] GC(4490) Pause Young (Normal) (G1 Evacuation Pause) 334M->335M(512M) 12.567ms
[2020-08-01T12:16:57.879+0300][120.437s][info ][gc] GC(4491) Pause Young (Normal) (G1 Evacuation Pause) 356M->358M(512M) 10.781ms
[2020-08-01T12:16:57.905+0300][120.463s][info ][gc] GC(4492) Pause Young (Normal) (G1 Evacuation Pause) 379M->381M(512M) 11.927ms
[2020-08-01T12:16:57.933+0300][120.491s][info ][gc] GC(4493) Pause Young (Normal) (G1 Evacuation Pause) 402M->403M(512M) 11.102ms
[2020-08-01T12:16:57.960+0300][120.518s][info ][gc] GC(4494) Pause Young (Normal) (G1 Evacuation Pause) 424M->426M(512M) 10.843ms
[2020-08-01T12:16:58.016+0300][120.574s][info ][gc] GC(4495) Pause Young (Normal) (G1 Evacuation Pause) 467M->469M(512M) 12.270ms
[2020-08-01T12:16:58.027+0300][120.585s][info ][gc] GC(4483) Pause Cleanup 477M->477M(512M) 0.133ms
[2020-08-01T12:16:58.027+0300][120.585s][info ][gc] GC(4483) Concurrent Cycle 367.557ms
[2020-08-01T12:16:58.050+0300][120.607s][info ][gc] GC(4496) To-space exhausted
[2020-08-01T12:16:58.050+0300][120.607s][info ][gc] GC(4496) Pause Young (Normal) (G1 Evacuation Pause) 490M->499M(512M) 17.267ms
[2020-08-01T12:16:58.078+0300][120.636s][info ][gc] GC(4497) To-space exhausted
[2020-08-01T12:16:58.078+0300][120.636s][info ][gc] GC(4497) Pause Young (Concurrent Start) (G1 Evacuation Pause) 511M->511M(512M) 23.598ms
[2020-08-01T12:16:58.078+0300][120.636s][info ][gc] GC(4499) Concurrent Cycle
[2020-08-01T12:16:58.079+0300][120.637s][debug][gc] GC(4498) Clear Next Bitmap 0.484ms
[2020-08-01T12:16:58.112+0300][120.670s][info ][gc] GC(4498) Pause Full (G1 Evacuation Pause) 511M->56M(512M) 33.880ms
[2020-08-01T12:16:58.112+0300][120.670s][info ][gc] GC(4499) Concurrent Cycle 34.188ms
[2020-08-01T12:16:58.135+0300][120.693s][info ][gc] GC(4500) Pause Young (Normal) (G1 Evacuation Pause) 83M->84M(512M) 11.982ms
[2020-08-01T12:16:58.159+0300][120.716s][info ][gc] GC(4501) Pause Young (Normal) (G1 Evacuation Pause) 108M->109M(512M) 13.482ms
[2020-08-01T12:16:58.178+0300][120.735s][info ][gc] GC(4502) Pause Young (Normal) (G1 Evacuation Pause) 130M->132M(512M) 10.700ms
[2020-08-01T12:16:58.218+0300][120.776s][info ][gc] GC(4503) Pause Young (Normal) (G1 Evacuation Pause) 173M->174M(512M) 10.788ms
[2020-08-01T12:16:58.239+0300][120.796s][info ][gc] GC(4504) Pause Young (Normal) (G1 Evacuation Pause) 195M->197M(512M) 11.997ms
[2020-08-01T12:16:58.257+0300][120.815s][info ][gc] GC(4505) Pause Young (Normal) (G1 Evacuation Pause) 218M->219M(512M) 10.507ms
[2020-08-01T12:16:58.276+0300][120.834s][info ][gc] GC(4506) Pause Young (Normal) (G1 Evacuation Pause) 240M->242M(512M) 10.518ms
[2020-08-01T12:16:58.295+0300][120.853s][info ][gc] GC(4507) Pause Young (Concurrent Start) (G1 Evacuation Pause) 263M->264M(512M) 10.264ms
[2020-08-01T12:16:58.295+0300][120.853s][info ][gc] GC(4508) Concurrent Cycle
[2020-08-01T12:16:58.340+0300][120.897s][info ][gc] GC(4509) Pause Young (Normal) (G1 Evacuation Pause) 305M->307M(512M) 10.766ms
[2020-08-01T12:16:58.359+0300][120.917s][info ][gc] GC(4510) Pause Young (Normal) (G1 Evacuation Pause) 328M->329M(512M) 10.388ms
[2020-08-01T12:16:58.378+0300][120.936s][info ][gc] GC(4511) Pause Young (Normal) (G1 Evacuation Pause) 350M->351M(512M) 10.638ms
[2020-08-01T12:16:58.397+0300][120.955s][info ][gc] GC(4512) Pause Young (Normal) (G1 Evacuation Pause) 372M->374M(512M) 10.459ms
[2020-08-01T12:16:58.417+0300][120.974s][info ][gc] GC(4513) Pause Young (Normal) (G1 Evacuation Pause) 395M->396M(512M) 10.569ms
[2020-08-01T12:16:58.436+0300][120.993s][info ][gc] GC(4514) Pause Young (Normal) (G1 Evacuation Pause) 417M->418M(512M) 10.256ms
[2020-08-01T12:16:58.446+0300][121.004s][debug][gc] GC(4508) Reclaimed 131 empty regions
[2020-08-01T12:16:58.446+0300][121.004s][info ][gc] GC(4508) Pause Remark 425M->296M(512M) 0.723ms
[2020-08-01T12:16:58.470+0300][121.028s][info ][gc] GC(4515) Pause Young (Normal) (G1 Evacuation Pause) 330M->332M(512M) 11.159ms
[2020-08-01T12:16:58.497+0300][121.054s][info ][gc] GC(4516) Pause Young (Normal) (G1 Evacuation Pause) 353M->354M(512M) 10.731ms
[2020-08-01T12:16:58.524+0300][121.082s][info ][gc] GC(4517) Pause Young (Normal) (G1 Evacuation Pause) 375M->376M(512M) 12.155ms
[2020-08-01T12:16:58.551+0300][121.109s][info ][gc] GC(4518) Pause Young (Normal) (G1 Evacuation Pause) 397M->398M(512M) 11.015ms
[2020-08-01T12:16:58.582+0300][121.140s][info ][gc] GC(4519) Pause Young (Normal) (G1 Evacuation Pause) 419M->420M(512M) 12.053ms
[2020-08-01T12:16:58.624+0300][121.181s][info ][gc] GC(4520) Pause Young (Normal) (G1 Evacuation Pause) 461M->462M(512M) 11.746ms
[2020-08-01T12:16:58.654+0300][121.211s][info ][gc] GC(4521) Pause Young (Normal) (G1 Evacuation Pause) 483M->484M(512M) 13.191ms
[2020-08-01T12:16:58.702+0300][121.260s][info ][gc] GC(4522) To-space exhausted
[2020-08-01T12:16:58.702+0300][121.260s][info ][gc] GC(4522) Pause Young (Normal) (G1 Evacuation Pause) 505M->510M(512M) 29.550ms
[2020-08-01T12:16:58.710+0300][121.268s][info ][gc] GC(4508) Pause Cleanup 511M->511M(512M) 0.180ms
[2020-08-01T12:16:58.711+0300][121.268s][info ][gc] GC(4508) Concurrent Cycle 415.515ms
[2020-08-01T12:16:58.717+0300][121.275s][info ][gc] GC(4523) To-space exhausted
[2020-08-01T12:16:58.717+0300][121.275s][info ][gc] GC(4523) Pause Young (Normal) (G1 Evacuation Pause) 511M->511M(512M) 5.986ms
[2020-08-01T12:16:58.765+0300][121.323s][info ][gc] GC(4524) Pause Full (G1 Evacuation Pause) 511M->69M(512M) 47.946ms
[2020-08-01T12:16:58.791+0300][121.349s][info ][gc] GC(4525) Pause Young (Normal) (G1 Evacuation Pause) 101M->100M(512M) 13.035ms
[2020-08-01T12:16:58.814+0300][121.372s][info ][gc] GC(4526) Pause Young (Normal) (G1 Evacuation Pause) 127M->129M(512M) 11.879ms
[2020-08-01T12:16:58.857+0300][121.415s][info ][gc] GC(4527) Pause Young (Normal) (G1 Evacuation Pause) 171M->172M(512M) 11.206ms
[2020-08-01T12:16:58.877+0300][121.434s][info ][gc] GC(4528) Pause Young (Normal) (G1 Evacuation Pause) 193M->194M(512M) 10.682ms
[2020-08-01T12:16:58.896+0300][121.453s][info ][gc] GC(4529) Pause Young (Normal) (G1 Evacuation Pause) 215M->216M(512M) 10.506ms
[2020-08-01T12:16:58.915+0300][121.472s][info ][gc] GC(4530) Pause Young (Normal) (G1 Evacuation Pause) 237M->239M(512M) 10.477ms
[2020-08-01T12:16:58.933+0300][121.491s][info ][gc] GC(4531) Pause Young (Concurrent Start) (G1 Evacuation Pause) 260M->261M(512M) 10.488ms
[2020-08-01T12:16:58.933+0300][121.491s][info ][gc] GC(4532) Concurrent Cycle
[2020-08-01T12:16:58.979+0300][121.536s][info ][gc] GC(4533) Pause Young (Normal) (G1 Evacuation Pause) 302M->303M(512M) 11.027ms
[2020-08-01T12:16:58.998+0300][121.556s][info ][gc] GC(4534) Pause Young (Normal) (G1 Evacuation Pause) 324M->325M(512M) 10.431ms
[2020-08-01T12:16:59.018+0300][121.576s][info ][gc] GC(4535) Pause Young (Normal) (G1 Evacuation Pause) 346M->348M(512M) 11.000ms
[2020-08-01T12:16:59.038+0300][121.596s][info ][gc] GC(4536) Pause Young (Normal) (G1 Evacuation Pause) 369M->370M(512M) 11.452ms
[2020-08-01T12:16:59.059+0300][121.617s][info ][gc] GC(4537) Pause Young (Normal) (G1 Evacuation Pause) 391M->392M(512M) 11.450ms
[2020-08-01T12:16:59.078+0300][121.636s][info ][gc] GC(4538) Pause Young (Normal) (G1 Evacuation Pause) 413M->415M(512M) 10.519ms
[2020-08-01T12:16:59.089+0300][121.647s][debug][gc] GC(4532) Reclaimed 119 empty regions
[2020-08-01T12:16:59.089+0300][121.647s][info ][gc] GC(4532) Pause Remark 422M->304M(512M) 0.644ms
[2020-08-01T12:16:59.122+0300][121.680s][info ][gc] GC(4539) Pause Young (Normal) (G1 Evacuation Pause) 338M->339M(512M) 10.970ms
[2020-08-01T12:16:59.150+0300][121.708s][info ][gc] GC(4540) Pause Young (Normal) (G1 Evacuation Pause) 360M->362M(512M) 11.266ms
[2020-08-01T12:16:59.177+0300][121.735s][info ][gc] GC(4541) Pause Young (Normal) (G1 Evacuation Pause) 383M->385M(512M) 11.274ms
[2020-08-01T12:16:59.209+0300][121.767s][info ][gc] GC(4542) Pause Young (Normal) (G1 Evacuation Pause) 406M->408M(512M) 13.372ms
[2020-08-01T12:16:59.237+0300][121.794s][info ][gc] GC(4543) Pause Young (Normal) (G1 Evacuation Pause) 429M->431M(512M) 11.359ms
[2020-08-01T12:16:59.289+0300][121.847s][info ][gc] GC(4544) Pause Young (Normal) (G1 Evacuation Pause) 472M->473M(512M) 10.712ms
[2020-08-01T12:16:59.322+0300][121.880s][info ][gc] GC(4545) To-space exhausted
[2020-08-01T12:16:59.322+0300][121.880s][info ][gc] GC(4545) Pause Young (Normal) (G1 Evacuation Pause) 494M->500M(512M) 20.176ms
[2020-08-01T12:16:59.330+0300][121.888s][info ][gc] GC(4532) Pause Cleanup 501M->501M(512M) 0.135ms
[2020-08-01T12:16:59.330+0300][121.888s][info ][gc] GC(4532) Concurrent Cycle 396.862ms
[2020-08-01T12:16:59.356+0300][121.914s][info ][gc] GC(4546) To-space exhausted
[2020-08-01T12:16:59.356+0300][121.914s][info ][gc] GC(4546) Pause Young (Normal) (G1 Evacuation Pause) 511M->511M(512M) 22.023ms
[2020-08-01T12:16:59.391+0300][121.949s][info ][gc] GC(4547) Pause Full (G1 Evacuation Pause) 511M->58M(512M) 34.660ms
[2020-08-01T12:16:59.414+0300][121.972s][info ][gc] GC(4548) Pause Young (Normal) (G1 Evacuation Pause) 87M->87M(512M) 11.913ms
[2020-08-01T12:16:59.437+0300][121.995s][info ][gc] GC(4549) Pause Young (Normal) (G1 Evacuation Pause) 113M->114M(512M) 12.404ms
[2020-08-01T12:16:59.456+0300][122.014s][info ][gc] GC(4550) Pause Young (Normal) (G1 Evacuation Pause) 135M->137M(512M) 10.313ms
[2020-08-01T12:16:59.494+0300][122.052s][info ][gc] GC(4551) Pause Young (Normal) (G1 Evacuation Pause) 178M->179M(512M) 10.078ms
[2020-08-01T12:16:59.513+0300][122.071s][info ][gc] GC(4552) Pause Young (Normal) (G1 Evacuation Pause) 200M->202M(512M) 10.112ms
[2020-08-01T12:16:59.532+0300][122.090s][info ][gc] GC(4553) Pause Young (Normal) (G1 Evacuation Pause) 224M->225M(512M) 10.401ms
[2020-08-01T12:16:59.552+0300][122.109s][info ][gc] GC(4554) Pause Young (Normal) (G1 Evacuation Pause) 247M->248M(512M) 10.764ms
[2020-08-01T12:16:59.572+0300][122.129s][info ][gc] GC(4555) Pause Young (Concurrent Start) (G1 Evacuation Pause) 270M->272M(512M) 11.312ms
[2020-08-01T12:16:59.572+0300][122.129s][info ][gc] GC(4556) Concurrent Cycle
[2020-08-01T12:16:59.617+0300][122.175s][info ][gc] GC(4557) Pause Young (Normal) (G1 Evacuation Pause) 313M->315M(512M) 11.533ms
[2020-08-01T12:16:59.639+0300][122.197s][info ][gc] GC(4558) Pause Young (Normal) (G1 Evacuation Pause) 336M->337M(512M) 12.991ms
[2020-08-01T12:16:59.660+0300][122.217s][info ][gc] GC(4559) Pause Young (Normal) (G1 Evacuation Pause) 358M->360M(512M) 10.532ms
[2020-08-01T12:16:59.679+0300][122.237s][info ][gc] GC(4560) Pause Young (Normal) (G1 Evacuation Pause) 381M->382M(512M) 10.359ms
[2020-08-01T12:16:59.700+0300][122.258s][info ][gc] GC(4561) Pause Young (Normal) (G1 Evacuation Pause) 403M->404M(512M) 12.332ms
[2020-08-01T12:16:59.740+0300][122.298s][debug][gc] GC(4556) Reclaimed 133 empty regions
[2020-08-01T12:16:59.740+0300][122.298s][info ][gc] GC(4556) Pause Remark 444M->314M(512M) 0.657ms
[2020-08-01T12:16:59.756+0300][122.314s][info ][gc] GC(4562) Pause Young (Normal) (G1 Evacuation Pause) 315M->316M(512M) 11.768ms
[2020-08-01T12:16:59.786+0300][122.343s][info ][gc] GC(4563) Pause Young (Normal) (G1 Evacuation Pause) 337M->339M(512M) 10.705ms
[2020-08-01T12:16:59.812+0300][122.370s][info ][gc] GC(4564) Pause Young (Normal) (G1 Evacuation Pause) 360M->362M(512M) 10.397ms
[2020-08-01T12:16:59.841+0300][122.399s][info ][gc] GC(4565) Pause Young (Normal) (G1 Evacuation Pause) 383M->385M(512M) 12.570ms
[2020-08-01T12:16:59.873+0300][122.431s][info ][gc] GC(4566) Pause Young (Normal) (G1 Evacuation Pause) 406M->407M(512M) 10.988ms
[2020-08-01T12:16:59.901+0300][122.459s][info ][gc] GC(4567) Pause Young (Normal) (G1 Evacuation Pause) 428M->430M(512M) 12.169ms
[2020-08-01T12:16:59.948+0300][122.506s][info ][gc] GC(4568) Pause Young (Normal) (G1 Evacuation Pause) 471M->472M(512M) 12.425ms
[2020-08-01T12:16:59.980+0300][122.538s][info ][gc] GC(4569) To-space exhausted
[2020-08-01T12:16:59.980+0300][122.538s][info ][gc] GC(4569) Pause Young (Normal) (G1 Evacuation Pause) 493M->501M(512M) 16.957ms
[2020-08-01T12:16:59.988+0300][122.546s][info ][gc] GC(4556) Pause Cleanup 502M->502M(512M) 0.125ms
[2020-08-01T12:16:59.989+0300][122.546s][info ][gc] GC(4556) Concurrent Cycle 416.874ms
[2020-08-01T12:17:00.013+0300][122.571s][info ][gc] GC(4570) To-space exhausted
[2020-08-01T12:17:00.013+0300][122.571s][info ][gc] GC(4570) Pause Young (Normal) (G1 Evacuation Pause) 511M->511M(512M) 20.998ms
[2020-08-01T12:17:00.055+0300][122.613s][info ][gc] GC(4571) Pause Full (G1 Evacuation Pause) 511M->65M(512M) 41.723ms
[2020-08-01T12:17:00.083+0300][122.641s][info ][gc] GC(4572) Pause Young (Normal) (G1 Evacuation Pause) 95M->95M(512M) 14.403ms
[2020-08-01T12:17:00.110+0300][122.667s][info ][gc] GC(4573) Pause Young (Normal) (G1 Evacuation Pause) 121M->122M(512M) 16.139ms
[2020-08-01T12:17:00.146+0300][122.703s][info ][gc] GC(4574) Pause Young (Normal) (G1 Evacuation Pause) 163M->164M(512M) 11.460ms
[2020-08-01T12:17:00.166+0300][122.724s][info ][gc] GC(4575) Pause Young (Normal) (G1 Evacuation Pause) 185M->186M(512M) 11.854ms
[2020-08-01T12:17:00.188+0300][122.745s][info ][gc] GC(4576) Pause Young (Normal) (G1 Evacuation Pause) 207M->208M(512M) 13.192ms
[2020-08-01T12:17:00.208+0300][122.766s][info ][gc] GC(4577) Pause Young (Normal) (G1 Evacuation Pause) 229M->230M(512M) 12.390ms
[2020-08-01T12:17:00.229+0300][122.787s][info ][gc] GC(4578) Pause Young (Normal) (G1 Evacuation Pause) 251M->252M(512M) 11.942ms
[2020-08-01T12:17:00.251+0300][122.809s][info ][gc] GC(4579) Pause Young (Concurrent Start) (G1 Evacuation Pause) 273M->275M(512M) 13.736ms
[2020-08-01T12:17:00.251+0300][122.809s][info ][gc] GC(4580) Concurrent Cycle
[2020-08-01T12:17:00.293+0300][122.851s][info ][gc] GC(4581) Pause Young (Normal) (G1 Evacuation Pause) 316M->317M(512M) 12.757ms
[2020-08-01T12:17:00.313+0300][122.871s][info ][gc] GC(4582) Pause Young (Normal) (G1 Evacuation Pause) 338M->340M(512M) 10.755ms
[2020-08-01T12:17:00.334+0300][122.892s][info ][gc] GC(4583) Pause Young (Normal) (G1 Evacuation Pause) 361M->362M(512M) 12.263ms
[2020-08-01T12:17:00.355+0300][122.912s][info ][gc] GC(4584) Pause Young (Normal) (G1 Evacuation Pause) 383M->384M(512M) 11.426ms
[2020-08-01T12:17:00.374+0300][122.932s][info ][gc] GC(4585) Pause Young (Normal) (G1 Evacuation Pause) 405M->407M(512M) 10.898ms
[2020-08-01T12:17:00.413+0300][122.971s][info ][gc] GC(4586) Pause Young (Normal) (G1 Evacuation Pause) 448M->450M(512M) 11.252ms
[2020-08-01T12:17:00.420+0300][122.978s][debug][gc] GC(4580) Reclaimed 125 empty regions
[2020-08-01T12:17:00.420+0300][122.978s][info ][gc] GC(4580) Pause Remark 464M->341M(512M) 0.720ms
[2020-08-01T12:17:00.434+0300][122.992s][info ][gc] GC(4587) Pause Young (Normal) (G1 Evacuation Pause) 347M->348M(512M) 11.049ms
[2020-08-01T12:17:00.461+0300][123.019s][info ][gc] GC(4588) Pause Young (Normal) (G1 Evacuation Pause) 369M->371M(512M) 10.562ms
[2020-08-01T12:17:00.489+0300][123.046s][info ][gc] GC(4589) Pause Young (Normal) (G1 Evacuation Pause) 392M->393M(512M) 11.845ms
[2020-08-01T12:17:00.519+0300][123.077s][info ][gc] GC(4590) Pause Young (Normal) (G1 Evacuation Pause) 414M->416M(512M) 11.131ms
[2020-08-01T12:17:00.545+0300][123.102s][info ][gc] GC(4591) Pause Young (Normal) (G1 Evacuation Pause) 437M->438M(512M) 14.526ms
[2020-08-01T12:17:00.603+0300][123.161s][info ][gc] GC(4592) Pause Young (Normal) (G1 Evacuation Pause) 479M->480M(512M) 10.893ms
[2020-08-01T12:17:00.646+0300][123.204s][info ][gc] GC(4593) To-space exhausted
[2020-08-01T12:17:00.647+0300][123.204s][info ][gc] GC(4593) Pause Young (Normal) (G1 Evacuation Pause) 501M->507M(512M) 25.917ms
[2020-08-01T12:17:00.662+0300][123.220s][info ][gc] GC(4594) To-space exhausted
[2020-08-01T12:17:00.662+0300][123.220s][info ][gc] GC(4594) Pause Young (Normal) (G1 Evacuation Pause) 511M->511M(512M) 13.589ms
[2020-08-01T12:17:00.663+0300][123.221s][debug][gc] GC(4595) Clear Next Bitmap 0.553ms
[2020-08-01T12:17:00.701+0300][123.259s][info ][gc] GC(4595) Pause Full (G1 Evacuation Pause) 511M->64M(512M) 39.218ms
[2020-08-01T12:17:00.702+0300][123.259s][info ][gc] GC(4580) Concurrent Cycle 450.517ms
[2020-08-01T12:17:00.726+0300][123.283s][info ][gc] GC(4596) Pause Young (Normal) (G1 Evacuation Pause) 89M->89M(512M) 13.443ms
[2020-08-01T12:17:00.750+0300][123.307s][info ][gc] GC(4597) Pause Young (Normal) (G1 Evacuation Pause) 110M->111M(512M) 13.366ms
[2020-08-01T12:17:00.770+0300][123.328s][info ][gc] GC(4598) Pause Young (Normal) (G1 Evacuation Pause) 132M->134M(512M) 10.888ms
[2020-08-01T12:17:00.818+0300][123.376s][info ][gc] GC(4599) Pause Young (Normal) (G1 Evacuation Pause) 175M->176M(512M) 11.371ms
[2020-08-01T12:17:00.839+0300][123.396s][info ][gc] GC(4600) Pause Young (Normal) (G1 Evacuation Pause) 197M->199M(512M) 12.452ms
[2020-08-01T12:17:00.858+0300][123.415s][info ][gc] GC(4601) Pause Young (Normal) (G1 Evacuation Pause) 220M->221M(512M) 10.369ms
[2020-08-01T12:17:00.877+0300][123.435s][info ][gc] GC(4602) Pause Young (Normal) (G1 Evacuation Pause) 242M->243M(512M) 10.541ms
[2020-08-01T12:17:00.896+0300][123.453s][info ][gc] GC(4603) Pause Young (Concurrent Start) (G1 Evacuation Pause) 264M->266M(512M) 10.465ms
[2020-08-01T12:17:00.896+0300][123.453s][info ][gc] GC(4604) Concurrent Cycle
[2020-08-01T12:17:00.940+0300][123.498s][info ][gc] GC(4605) Pause Young (Normal) (G1 Evacuation Pause) 307M->308M(512M) 10.587ms
[2020-08-01T12:17:00.960+0300][123.517s][info ][gc] GC(4606) Pause Young (Normal) (G1 Evacuation Pause) 329M->330M(512M) 10.499ms
[2020-08-01T12:17:00.979+0300][123.537s][info ][gc] GC(4607) Pause Young (Normal) (G1 Evacuation Pause) 351M->352M(512M) 10.630ms
[2020-08-01T12:17:01.000+0300][123.558s][info ][gc] GC(4608) Pause Young (Normal) (G1 Evacuation Pause) 373M->375M(512M) 10.798ms
[2020-08-01T12:17:01.020+0300][123.577s][info ][gc] GC(4609) Pause Young (Normal) (G1 Evacuation Pause) 396M->397M(512M) 10.898ms
[2020-08-01T12:17:01.039+0300][123.597s][info ][gc] GC(4610) Pause Young (Normal) (G1 Evacuation Pause) 418M->419M(512M) 10.530ms
[2020-08-01T12:17:01.049+0300][123.606s][debug][gc] GC(4604) Reclaimed 127 empty regions
[2020-08-01T12:17:01.049+0300][123.606s][info ][gc] GC(4604) Pause Remark 424M->300M(512M) 0.638ms
[2020-08-01T12:17:01.088+0300][123.646s][info ][gc] GC(4611) Pause Young (Normal) (G1 Evacuation Pause) 336M->337M(512M) 10.126ms
[2020-08-01T12:17:01.108+0300][123.666s][info ][gc] GC(4612) Pause Young (Normal) (G1 Evacuation Pause) 358M->360M(512M) 11.396ms
[2020-08-01T12:17:01.140+0300][123.698s][info ][gc] GC(4613) Pause Young (Normal) (G1 Evacuation Pause) 381M->382M(512M) 10.824ms
[2020-08-01T12:17:01.170+0300][123.728s][info ][gc] GC(4614) Pause Young (Normal) (G1 Evacuation Pause) 403M->404M(512M) 10.757ms
[2020-08-01T12:17:01.201+0300][123.759s][info ][gc] GC(4615) Pause Young (Normal) (G1 Evacuation Pause) 425M->426M(512M) 11.900ms
[2020-08-01T12:17:01.250+0300][123.808s][info ][gc] GC(4616) Pause Young (Normal) (G1 Evacuation Pause) 467M->469M(512M) 10.836ms
[2020-08-01T12:17:01.265+0300][123.822s][info ][gc] GC(4604) Pause Cleanup 490M->490M(512M) 0.146ms
[2020-08-01T12:17:01.279+0300][123.837s][info ][gc] GC(4617) To-space exhausted
[2020-08-01T12:17:01.279+0300][123.837s][info ][gc] GC(4617) Pause Young (Normal) (G1 Evacuation Pause) 490M->497M(512M) 14.181ms
[2020-08-01T12:17:01.279+0300][123.837s][info ][gc] GC(4604) Concurrent Cycle 383.793ms
[2020-08-01T12:17:01.311+0300][123.869s][info ][gc] GC(4618) To-space exhausted
[2020-08-01T12:17:01.311+0300][123.869s][info ][gc] GC(4618) Pause Young (Normal) (G1 Evacuation Pause) 511M->511M(512M) 26.098ms
[2020-08-01T12:17:01.351+0300][123.909s][info ][gc] GC(4619) Pause Full (G1 Evacuation Pause) 511M->63M(512M) 39.381ms
[2020-08-01T12:17:01.372+0300][123.930s][info ][gc] GC(4620) Pause Young (Normal) (G1 Evacuation Pause) 89M->89M(512M) 11.126ms
[2020-08-01T12:17:01.396+0300][123.954s][info ][gc] GC(4621) Pause Young (Normal) (G1 Evacuation Pause) 113M->115M(512M) 14.512ms
[2020-08-01T12:17:01.415+0300][123.973s][info ][gc] GC(4622) Pause Young (Normal) (G1 Evacuation Pause) 136M->137M(512M) 10.315ms
[2020-08-01T12:17:01.455+0300][124.012s][info ][gc] GC(4623) Pause Young (Normal) (G1 Evacuation Pause) 178M->179M(512M) 10.696ms
[2020-08-01T12:17:01.474+0300][124.031s][info ][gc] GC(4624) Pause Young (Normal) (G1 Evacuation Pause) 200M->202M(512M) 10.647ms
[2020-08-01T12:17:01.494+0300][124.052s][info ][gc] GC(4625) Pause Young (Normal) (G1 Evacuation Pause) 223M->224M(512M) 11.898ms
[2020-08-01T12:17:01.513+0300][124.071s][info ][gc] GC(4626) Pause Young (Normal) (G1 Evacuation Pause) 245M->246M(512M) 10.816ms
[2020-08-01T12:17:01.532+0300][124.090s][info ][gc] GC(4627) Pause Young (Concurrent Start) (G1 Evacuation Pause) 267M->268M(512M) 10.644ms
[2020-08-01T12:17:01.533+0300][124.090s][info ][gc] GC(4628) Concurrent Cycle
[2020-08-01T12:17:01.578+0300][124.136s][info ][gc] GC(4629) Pause Young (Normal) (G1 Evacuation Pause) 309M->310M(512M) 12.296ms
[2020-08-01T12:17:01.598+0300][124.155s][info ][gc] GC(4630) Pause Young (Normal) (G1 Evacuation Pause) 331M->333M(512M) 10.619ms
[2020-08-01T12:17:01.617+0300][124.175s][info ][gc] GC(4631) Pause Young (Normal) (G1 Evacuation Pause) 354M->355M(512M) 10.970ms
[2020-08-01T12:17:01.637+0300][124.195s][info ][gc] GC(4632) Pause Young (Normal) (G1 Evacuation Pause) 376M->377M(512M) 10.918ms
[2020-08-01T12:17:01.660+0300][124.218s][info ][gc] GC(4633) Pause Young (Normal) (G1 Evacuation Pause) 398M->399M(512M) 13.170ms
[2020-08-01T12:17:01.681+0300][124.239s][info ][gc] GC(4634) Pause Young (Normal) (G1 Evacuation Pause) 420M->422M(512M) 12.709ms
[2020-08-01T12:17:01.696+0300][124.254s][debug][gc] GC(4628) Reclaimed 131 empty regions
[2020-08-01T12:17:01.696+0300][124.254s][info ][gc] GC(4628) Pause Remark 423M->294M(512M) 0.886ms
[2020-08-01T12:17:01.726+0300][124.283s][info ][gc] GC(4635) Pause Young (Normal) (G1 Evacuation Pause) 334M->335M(512M) 12.852ms
[2020-08-01T12:17:01.755+0300][124.313s][info ][gc] GC(4636) Pause Young (Normal) (G1 Evacuation Pause) 356M->357M(512M) 10.615ms
[2020-08-01T12:17:01.780+0300][124.338s][info ][gc] GC(4637) Pause Young (Normal) (G1 Evacuation Pause) 378M->379M(512M) 10.644ms
[2020-08-01T12:17:01.807+0300][124.365s][info ][gc] GC(4638) Pause Young (Normal) (G1 Evacuation Pause) 400M->402M(512M) 10.670ms
[2020-08-01T12:17:01.836+0300][124.394s][info ][gc] GC(4639) Pause Young (Normal) (G1 Evacuation Pause) 423M->423M(512M) 12.538ms
[2020-08-01T12:17:01.883+0300][124.440s][info ][gc] GC(4640) Pause Young (Normal) (G1 Evacuation Pause) 464M->466M(512M) 10.727ms
[2020-08-01T12:17:01.911+0300][124.469s][info ][gc] GC(4641) To-space exhausted
[2020-08-01T12:17:01.911+0300][124.469s][info ][gc] GC(4641) Pause Young (Normal) (G1 Evacuation Pause) 487M->491M(512M) 12.541ms
[2020-08-01T12:17:01.960+0300][124.518s][info ][gc] GC(4642) To-space exhausted
[2020-08-01T12:17:01.960+0300][124.518s][info ][gc] GC(4642) Pause Young (Normal) (G1 Evacuation Pause) 511M->511M(512M) 32.076ms
[2020-08-01T12:17:01.961+0300][124.519s][debug][gc] GC(4643) Clear Next Bitmap 0.343ms
[2020-08-01T12:17:02.006+0300][124.564s][info ][gc] GC(4643) Pause Full (G1 Evacuation Pause) 511M->72M(512M) 45.732ms
[2020-08-01T12:17:02.007+0300][124.564s][info ][gc] GC(4628) Concurrent Cycle 473.983ms
[2020-08-01T12:17:02.027+0300][124.585s][info ][gc] GC(4644) Pause Young (Normal) (G1 Evacuation Pause) 98M->98M(512M) 10.490ms
[2020-08-01T12:17:02.051+0300][124.609s][info ][gc] GC(4645) Pause Young (Normal) (G1 Evacuation Pause) 123M->124M(512M) 13.400ms
[2020-08-01T12:17:02.084+0300][124.642s][info ][gc] GC(4646) Pause Young (Normal) (G1 Evacuation Pause) 165M->167M(512M) 10.981ms
[2020-08-01T12:17:02.104+0300][124.662s][info ][gc] GC(4647) Pause Young (Normal) (G1 Evacuation Pause) 188M->189M(512M) 11.456ms
[2020-08-01T12:17:02.123+0300][124.681s][info ][gc] GC(4648) Pause Young (Normal) (G1 Evacuation Pause) 210M->212M(512M) 10.885ms
[2020-08-01T12:17:02.142+0300][124.700s][info ][gc] GC(4649) Pause Young (Normal) (G1 Evacuation Pause) 233M->234M(512M) 10.574ms
[2020-08-01T12:17:02.161+0300][124.719s][info ][gc] GC(4650) Pause Young (Concurrent Start) (G1 Evacuation Pause) 255M->256M(512M) 10.331ms
[2020-08-01T12:17:02.161+0300][124.719s][info ][gc] GC(4651) Concurrent Cycle
[2020-08-01T12:17:02.181+0300][124.739s][info ][gc] GC(4652) Pause Young (Normal) (G1 Evacuation Pause) 277M->278M(512M) 11.052ms
[2020-08-01T12:17:02.215+0300][124.773s][info ][gc] GC(4653) Pause Young (Normal) (G1 Evacuation Pause) 319M->321M(512M) 10.296ms
[2020-08-01T12:17:02.234+0300][124.792s][info ][gc] GC(4654) Pause Young (Normal) (G1 Evacuation Pause) 342M->344M(512M) 10.628ms
[2020-08-01T12:17:02.255+0300][124.813s][info ][gc] GC(4655) Pause Young (Normal) (G1 Evacuation Pause) 365M->367M(512M) 11.672ms
[2020-08-01T12:17:02.276+0300][124.834s][info ][gc] GC(4656) Pause Young (Normal) (G1 Evacuation Pause) 388M->389M(512M) 11.832ms
[2020-08-01T12:17:02.295+0300][124.853s][info ][gc] GC(4657) Pause Young (Normal) (G1 Evacuation Pause) 410M->412M(512M) 10.473ms
[2020-08-01T12:17:02.310+0300][124.868s][debug][gc] GC(4651) Reclaimed 126 empty regions
[2020-08-01T12:17:02.310+0300][124.868s][info ][gc] GC(4651) Pause Remark 424M->300M(512M) 0.634ms
[2020-08-01T12:17:02.330+0300][124.888s][info ][gc] GC(4658) Pause Young (Normal) (G1 Evacuation Pause) 328M->330M(512M) 10.725ms
[2020-08-01T12:17:02.359+0300][124.917s][info ][gc] GC(4659) Pause Young (Normal) (G1 Evacuation Pause) 351M->352M(512M) 11.652ms
[2020-08-01T12:17:02.385+0300][124.943s][info ][gc] GC(4660) Pause Young (Normal) (G1 Evacuation Pause) 373M->375M(512M) 10.498ms
[2020-08-01T12:17:02.415+0300][124.973s][info ][gc] GC(4661) Pause Young (Normal) (G1 Evacuation Pause) 396M->398M(512M) 12.742ms
[2020-08-01T12:17:02.444+0300][125.002s][info ][gc] GC(4662) Pause Young (Normal) (G1 Evacuation Pause) 419M->420M(512M) 11.921ms
[2020-08-01T12:17:02.469+0300][125.027s][info ][gc] GC(4663) Pause Young (Normal) (G1 Evacuation Pause) 441M->443M(512M) 10.777ms
[2020-08-01T12:17:02.514+0300][125.072s][info ][gc] GC(4664) Pause Young (Normal) (G1 Evacuation Pause) 484M->485M(512M) 10.523ms
[2020-08-01T12:17:02.560+0300][125.118s][info ][gc] GC(4665) To-space exhausted
[2020-08-01T12:17:02.561+0300][125.118s][info ][gc] GC(4665) Pause Young (Normal) (G1 Evacuation Pause) 506M->511M(512M) 28.088ms
[2020-08-01T12:17:02.561+0300][125.119s][debug][gc] GC(4666) Clear Next Bitmap 0.337ms
[2020-08-01T12:17:02.598+0300][125.156s][info ][gc] GC(4666) Pause Full (G1 Evacuation Pause) 511M->63M(512M) 37.639ms
[2020-08-01T12:17:02.598+0300][125.156s][info ][gc] GC(4651) Concurrent Cycle 437.182ms
[2020-08-01T12:17:02.621+0300][125.178s][info ][gc] GC(4667) Pause Young (Normal) (G1 Evacuation Pause) 90M->90M(512M) 11.597ms
[2020-08-01T12:17:02.644+0300][125.201s][info ][gc] GC(4668) Pause Young (Normal) (G1 Evacuation Pause) 115M->116M(512M) 12.946ms
[2020-08-01T12:17:02.665+0300][125.223s][info ][gc] GC(4669) Pause Young (Normal) (G1 Evacuation Pause) 137M->139M(512M) 12.218ms
[2020-08-01T12:17:02.700+0300][125.258s][info ][gc] GC(4670) Pause Young (Normal) (G1 Evacuation Pause) 180M->181M(512M) 12.138ms
[2020-08-01T12:17:02.722+0300][125.279s][info ][gc] GC(4671) Pause Young (Normal) (G1 Evacuation Pause) 203M->205M(512M) 12.585ms
[2020-08-01T12:17:02.744+0300][125.301s][info ][gc] GC(4672) Pause Young (Normal) (G1 Evacuation Pause) 227M->228M(512M) 12.851ms
[2020-08-01T12:17:02.763+0300][125.321s][info ][gc] GC(4673) Pause Young (Normal) (G1 Evacuation Pause) 249M->250M(512M) 11.059ms
[2020-08-01T12:17:02.782+0300][125.340s][info ][gc] GC(4674) Pause Young (Concurrent Start) (G1 Evacuation Pause) 271M->273M(512M) 10.757ms
[2020-08-01T12:17:02.783+0300][125.340s][info ][gc] GC(4675) Concurrent Cycle
[2020-08-01T12:17:02.826+0300][125.384s][info ][gc] GC(4676) Pause Young (Normal) (G1 Evacuation Pause) 314M->316M(512M) 10.472ms
[2020-08-01T12:17:02.846+0300][125.404s][info ][gc] GC(4677) Pause Young (Normal) (G1 Evacuation Pause) 337M->338M(512M) 10.716ms
[2020-08-01T12:17:02.868+0300][125.425s][info ][gc] GC(4678) Pause Young (Normal) (G1 Evacuation Pause) 359M->360M(512M) 12.079ms
[2020-08-01T12:17:02.888+0300][125.446s][info ][gc] GC(4679) Pause Young (Normal) (G1 Evacuation Pause) 381M->382M(512M) 11.813ms
[2020-08-01T12:17:02.911+0300][125.469s][info ][gc] GC(4680) Pause Young (Normal) (G1 Evacuation Pause) 404M->405M(512M) 12.030ms
[2020-08-01T12:17:02.937+0300][125.494s][debug][gc] GC(4675) Reclaimed 135 empty regions
[2020-08-01T12:17:02.937+0300][125.494s][info ][gc] GC(4675) Pause Remark 444M->312M(512M) 0.743ms
[2020-08-01T12:17:02.950+0300][125.508s][info ][gc] GC(4681) Pause Young (Normal) (G1 Evacuation Pause) 314M->315M(512M) 12.144ms
[2020-08-01T12:17:02.978+0300][125.535s][info ][gc] GC(4682) Pause Young (Normal) (G1 Evacuation Pause) 336M->337M(512M) 10.532ms
[2020-08-01T12:17:03.009+0300][125.567s][info ][gc] GC(4683) Pause Young (Normal) (G1 Evacuation Pause) 358M->360M(512M) 11.412ms
[2020-08-01T12:17:03.036+0300][125.594s][info ][gc] GC(4684) Pause Young (Normal) (G1 Evacuation Pause) 381M->382M(512M) 10.935ms
[2020-08-01T12:17:03.067+0300][125.625s][info ][gc] GC(4685) Pause Young (Normal) (G1 Evacuation Pause) 403M->404M(512M) 12.922ms
[2020-08-01T12:17:03.093+0300][125.651s][info ][gc] GC(4686) Pause Young (Normal) (G1 Evacuation Pause) 425M->426M(512M) 12.175ms
[2020-08-01T12:17:03.140+0300][125.698s][info ][gc] GC(4687) Pause Young (Normal) (G1 Evacuation Pause) 467M->468M(512M) 12.630ms
[2020-08-01T12:17:03.166+0300][125.723s][info ][gc] GC(4688) To-space exhausted
[2020-08-01T12:17:03.166+0300][125.723s][info ][gc] GC(4688) Pause Young (Normal) (G1 Evacuation Pause) 489M->495M(512M) 16.384ms
[2020-08-01T12:17:03.214+0300][125.772s][info ][gc] GC(4689) To-space exhausted
[2020-08-01T12:17:03.214+0300][125.772s][info ][gc] GC(4689) Pause Young (Normal) (G1 Evacuation Pause) 511M->511M(512M) 28.922ms
[2020-08-01T12:17:03.215+0300][125.772s][debug][gc] GC(4690) Clear Next Bitmap 0.345ms
[2020-08-01T12:17:03.260+0300][125.818s][info ][gc] GC(4690) Pause Full (G1 Evacuation Pause) 511M->72M(512M) 46.105ms
[2020-08-01T12:17:03.261+0300][125.818s][info ][gc] GC(4675) Concurrent Cycle 478.085ms
[2020-08-01T12:17:03.283+0300][125.841s][info ][gc] GC(4691) Pause Young (Normal) (G1 Evacuation Pause) 98M->99M(512M) 11.904ms
[2020-08-01T12:17:03.305+0300][125.863s][info ][gc] GC(4692) Pause Young (Normal) (G1 Evacuation Pause) 124M->125M(512M) 12.416ms
[2020-08-01T12:17:03.353+0300][125.911s][info ][gc] GC(4693) Pause Young (Normal) (G1 Evacuation Pause) 166M->167M(512M) 12.457ms
[2020-08-01T12:17:03.376+0300][125.933s][info ][gc] GC(4694) Pause Young (Normal) (G1 Evacuation Pause) 188M->189M(512M) 13.581ms
[2020-08-01T12:17:03.395+0300][125.953s][info ][gc] GC(4695) Pause Young (Normal) (G1 Evacuation Pause) 210M->211M(512M) 11.051ms
[2020-08-01T12:17:03.414+0300][125.972s][info ][gc] GC(4696) Pause Young (Normal) (G1 Evacuation Pause) 232M->233M(512M) 10.890ms
[2020-08-01T12:17:03.434+0300][125.992s][info ][gc] GC(4697) Pause Young (Concurrent Start) (G1 Evacuation Pause) 254M->256M(512M) 10.903ms
[2020-08-01T12:17:03.434+0300][125.992s][info ][gc] GC(4698) Concurrent Cycle
[2020-08-01T12:17:03.454+0300][126.012s][info ][gc] GC(4699) Pause Young (Normal) (G1 Evacuation Pause) 277M->278M(512M) 11.419ms
[2020-08-01T12:17:03.498+0300][126.056s][info ][gc] GC(4700) Pause Young (Normal) (G1 Evacuation Pause) 319M->320M(512M) 11.721ms
[2020-08-01T12:17:03.519+0300][126.077s][info ][gc] GC(4701) Pause Young (Normal) (G1 Evacuation Pause) 341M->343M(512M) 12.201ms
[2020-08-01T12:17:03.539+0300][126.096s][info ][gc] GC(4702) Pause Young (Normal) (G1 Evacuation Pause) 364M->366M(512M) 10.508ms
[2020-08-01T12:17:03.558+0300][126.116s][info ][gc] GC(4703) Pause Young (Normal) (G1 Evacuation Pause) 387M->388M(512M) 10.478ms
[2020-08-01T12:17:03.579+0300][126.136s][info ][gc] GC(4704) Pause Young (Normal) (G1 Evacuation Pause) 409M->410M(512M) 10.714ms
[2020-08-01T12:17:03.585+0300][126.143s][debug][gc] GC(4698) Reclaimed 127 empty regions
[2020-08-01T12:17:03.585+0300][126.143s][info ][gc] GC(4698) Pause Remark 422M->297M(512M) 0.835ms
[2020-08-01T12:17:03.620+0300][126.178s][info ][gc] GC(4705) Pause Young (Normal) (G1 Evacuation Pause) 326M->327M(512M) 12.387ms
[2020-08-01T12:17:03.650+0300][126.208s][info ][gc] GC(4706) Pause Young (Normal) (G1 Evacuation Pause) 348M->350M(512M) 12.275ms
[2020-08-01T12:17:03.681+0300][126.238s][info ][gc] GC(4707) Pause Young (Normal) (G1 Evacuation Pause) 371M->373M(512M) 12.154ms
[2020-08-01T12:17:03.704+0300][126.261s][info ][gc] GC(4708) Pause Young (Normal) (G1 Evacuation Pause) 394M->395M(512M) 14.010ms
[2020-08-01T12:17:03.740+0300][126.297s][info ][gc] GC(4709) Pause Young (Normal) (G1 Evacuation Pause) 416M->418M(512M) 10.857ms
[2020-08-01T12:17:03.769+0300][126.327s][info ][gc] GC(4710) Pause Young (Normal) (G1 Evacuation Pause) 439M->441M(512M) 11.228ms
[2020-08-01T12:17:03.807+0300][126.365s][info ][gc] GC(4698) Pause Cleanup 464M->464M(512M) 0.173ms
[2020-08-01T12:17:03.808+0300][126.366s][info ][gc] GC(4698) Concurrent Cycle 374.409ms
[2020-08-01T12:17:03.826+0300][126.384s][info ][gc] GC(4711) Pause Young (Normal) (G1 Evacuation Pause) 482M->483M(512M) 10.752ms
[2020-08-01T12:17:03.866+0300][126.424s][info ][gc] GC(4712) To-space exhausted
[2020-08-01T12:17:03.866+0300][126.424s][info ][gc] GC(4712) Pause Young (Concurrent Start) (G1 Evacuation Pause) 504M->508M(512M) 30.371ms
[2020-08-01T12:17:03.866+0300][126.424s][info ][gc] GC(4713) Concurrent Cycle
[2020-08-01T12:17:03.881+0300][126.439s][info ][gc] GC(4714) To-space exhausted
[2020-08-01T12:17:03.881+0300][126.439s][info ][gc] GC(4714) Pause Young (Normal) (G1 Evacuation Pause) 511M->511M(512M) 11.508ms
[2020-08-01T12:17:03.882+0300][126.440s][debug][gc] GC(4715) Clear Next Bitmap 0.302ms
[2020-08-01T12:17:03.925+0300][126.483s][info ][gc] GC(4715) Pause Full (G1 Evacuation Pause) 511M->65M(512M) 43.874ms
[2020-08-01T12:17:03.926+0300][126.483s][info ][gc] GC(4713) Concurrent Cycle 59.472ms
[2020-08-01T12:17:03.951+0300][126.509s][info ][gc] GC(4716) Pause Young (Normal) (G1 Evacuation Pause) 92M->92M(512M) 14.339ms
[2020-08-01T12:17:03.973+0300][126.530s][info ][gc] GC(4717) Pause Young (Normal) (G1 Evacuation Pause) 116M->117M(512M) 12.128ms
[2020-08-01T12:17:04.019+0300][126.577s][info ][gc] GC(4718) Pause Young (Normal) (G1 Evacuation Pause) 158M->160M(512M) 13.023ms
[2020-08-01T12:17:04.039+0300][126.597s][info ][gc] GC(4719) Pause Young (Normal) (G1 Evacuation Pause) 181M->183M(512M) 11.197ms
[2020-08-01T12:17:04.058+0300][126.616s][info ][gc] GC(4720) Pause Young (Normal) (G1 Evacuation Pause) 204M->206M(512M) 10.865ms
[2020-08-01T12:17:04.077+0300][126.635s][info ][gc] GC(4721) Pause Young (Normal) (G1 Evacuation Pause) 227M->228M(512M) 10.660ms
[2020-08-01T12:17:04.096+0300][126.654s][info ][gc] GC(4722) Pause Young (Normal) (G1 Evacuation Pause) 249M->251M(512M) 10.377ms
[2020-08-01T12:17:04.116+0300][126.674s][info ][gc] GC(4723) Pause Young (Concurrent Start) (G1 Evacuation Pause) 272M->273M(512M) 10.954ms
[2020-08-01T12:17:04.116+0300][126.674s][info ][gc] GC(4724) Concurrent Cycle
[2020-08-01T12:17:04.165+0300][126.723s][info ][gc] GC(4725) Pause Young (Normal) (G1 Evacuation Pause) 314M->315M(512M) 12.124ms
[2020-08-01T12:17:04.186+0300][126.744s][info ][gc] GC(4726) Pause Young (Normal) (G1 Evacuation Pause) 336M->338M(512M) 11.881ms
[2020-08-01T12:17:04.205+0300][126.763s][info ][gc] GC(4727) Pause Young (Normal) (G1 Evacuation Pause) 359M->360M(512M) 10.528ms
[2020-08-01T12:17:04.225+0300][126.783s][info ][gc] GC(4728) Pause Young (Normal) (G1 Evacuation Pause) 381M->383M(512M) 10.469ms
[2020-08-01T12:17:04.245+0300][126.803s][info ][gc] GC(4729) Pause Young (Normal) (G1 Evacuation Pause) 404M->405M(512M) 10.360ms
[2020-08-01T12:17:04.267+0300][126.825s][debug][gc] GC(4724) Reclaimed 128 empty regions
[2020-08-01T12:17:04.267+0300][126.825s][info ][gc] GC(4724) Pause Remark 424M->297M(512M) 0.743ms
[2020-08-01T12:17:04.285+0300][126.843s][info ][gc] GC(4730) Pause Young (Normal) (G1 Evacuation Pause) 319M->320M(512M) 10.925ms
[2020-08-01T12:17:04.311+0300][126.869s][info ][gc] GC(4731) Pause Young (Normal) (G1 Evacuation Pause) 341M->343M(512M) 10.525ms
[2020-08-01T12:17:04.342+0300][126.900s][info ][gc] GC(4732) Pause Young (Normal) (G1 Evacuation Pause) 364M->365M(512M) 10.477ms
[2020-08-01T12:17:04.363+0300][126.921s][info ][gc] GC(4733) Pause Young (Normal) (G1 Evacuation Pause) 386M->388M(512M) 12.303ms
[2020-08-01T12:17:04.397+0300][126.955s][info ][gc] GC(4734) Pause Young (Normal) (G1 Evacuation Pause) 409M->410M(512M) 12.233ms
[2020-08-01T12:17:04.429+0300][126.987s][info ][gc] GC(4735) Pause Young (Normal) (G1 Evacuation Pause) 431M->433M(512M) 10.773ms
[2020-08-01T12:17:04.474+0300][127.032s][info ][gc] GC(4736) Pause Young (Normal) (G1 Evacuation Pause) 474M->475M(512M) 11.683ms
[2020-08-01T12:17:04.512+0300][127.070s][info ][gc] GC(4737) To-space exhausted
[2020-08-01T12:17:04.512+0300][127.070s][info ][gc] GC(4737) Pause Young (Normal) (G1 Evacuation Pause) 496M->502M(512M) 21.371ms
[2020-08-01T12:17:04.521+0300][127.078s][info ][gc] GC(4724) Pause Cleanup 503M->503M(512M) 0.157ms
[2020-08-01T12:17:04.521+0300][127.079s][info ][gc] GC(4724) Concurrent Cycle 405.212ms
[2020-08-01T12:17:04.543+0300][127.101s][info ][gc] GC(4738) To-space exhausted
[2020-08-01T12:17:04.543+0300][127.101s][info ][gc] GC(4738) Pause Young (Normal) (G1 Evacuation Pause) 511M->511M(512M) 18.455ms
[2020-08-01T12:17:04.584+0300][127.142s][info ][gc] GC(4739) Pause Full (G1 Evacuation Pause) 511M->65M(512M) 40.777ms
[2020-08-01T12:17:04.608+0300][127.166s][info ][gc] GC(4740) Pause Young (Normal) (G1 Evacuation Pause) 94M->94M(512M) 12.416ms
[2020-08-01T12:17:04.631+0300][127.188s][info ][gc] GC(4741) Pause Young (Normal) (G1 Evacuation Pause) 120M->121M(512M) 11.897ms
[2020-08-01T12:17:04.672+0300][127.230s][info ][gc] GC(4742) Pause Young (Normal) (G1 Evacuation Pause) 162M->163M(512M) 10.363ms
[2020-08-01T12:17:04.692+0300][127.250s][info ][gc] GC(4743) Pause Young (Normal) (G1 Evacuation Pause) 184M->186M(512M) 11.897ms
[2020-08-01T12:17:04.717+0300][127.275s][info ][gc] GC(4744) Pause Young (Normal) (G1 Evacuation Pause) 207M->208M(512M) 15.711ms
[2020-08-01T12:17:04.739+0300][127.297s][info ][gc] GC(4745) Pause Young (Normal) (G1 Evacuation Pause) 229M->230M(512M) 13.411ms
[2020-08-01T12:17:04.758+0300][127.316s][info ][gc] GC(4746) Pause Young (Concurrent Start) (G1 Evacuation Pause) 251M->253M(512M) 10.609ms
[2020-08-01T12:17:04.758+0300][127.316s][info ][gc] GC(4747) Concurrent Cycle
[2020-08-01T12:17:04.781+0300][127.339s][info ][gc] GC(4748) Pause Young (Normal) (G1 Evacuation Pause) 274M->275M(512M) 12.084ms
[2020-08-01T12:17:04.816+0300][127.373s][info ][gc] GC(4749) Pause Young (Normal) (G1 Evacuation Pause) 316M->318M(512M) 10.870ms
[2020-08-01T12:17:04.836+0300][127.394s][info ][gc] GC(4750) Pause Young (Normal) (G1 Evacuation Pause) 339M->340M(512M) 11.703ms
[2020-08-01T12:17:04.856+0300][127.414s][info ][gc] GC(4751) Pause Young (Normal) (G1 Evacuation Pause) 361M->363M(512M) 10.993ms
[2020-08-01T12:17:04.876+0300][127.434s][info ][gc] GC(4752) Pause Young (Normal) (G1 Evacuation Pause) 384M->386M(512M) 10.705ms
[2020-08-01T12:17:04.896+0300][127.454s][info ][gc] GC(4753) Pause Young (Normal) (G1 Evacuation Pause) 407M->408M(512M) 11.704ms
[2020-08-01T12:17:04.907+0300][127.464s][debug][gc] GC(4747) Reclaimed 131 empty regions
[2020-08-01T12:17:04.907+0300][127.464s][info ][gc] GC(4747) Pause Remark 424M->297M(512M) 0.665ms
[2020-08-01T12:17:04.940+0300][127.498s][info ][gc] GC(4754) Pause Young (Normal) (G1 Evacuation Pause) 322M->323M(512M) 11.216ms
[2020-08-01T12:17:04.961+0300][127.519s][info ][gc] GC(4755) Pause Young (Normal) (G1 Evacuation Pause) 344M->345M(512M) 11.954ms
[2020-08-01T12:17:04.992+0300][127.549s][info ][gc] GC(4756) Pause Young (Normal) (G1 Evacuation Pause) 366M->368M(512M) 10.652ms
[2020-08-01T12:17:05.022+0300][127.580s][info ][gc] GC(4757) Pause Young (Normal) (G1 Evacuation Pause) 389M->390M(512M) 12.195ms
[2020-08-01T12:17:05.051+0300][127.609s][info ][gc] GC(4758) Pause Young (Normal) (G1 Evacuation Pause) 411M->413M(512M) 11.854ms
[2020-08-01T12:17:05.080+0300][127.638s][info ][gc] GC(4759) Pause Young (Normal) (G1 Evacuation Pause) 434M->436M(512M) 10.692ms
[2020-08-01T12:17:05.118+0300][127.675s][info ][gc] GC(4747) Pause Cleanup 468M->468M(512M) 0.148ms
[2020-08-01T12:17:05.118+0300][127.676s][info ][gc] GC(4747) Concurrent Cycle 360.131ms
[2020-08-01T12:17:05.133+0300][127.691s][info ][gc] GC(4760) Pause Young (Normal) (G1 Evacuation Pause) 477M->478M(512M) 11.787ms
[2020-08-01T12:17:05.168+0300][127.726s][info ][gc] GC(4761) To-space exhausted
[2020-08-01T12:17:05.168+0300][127.726s][info ][gc] GC(4761) Pause Young (Concurrent Start) (G1 Evacuation Pause) 499M->505M(512M) 26.151ms
[2020-08-01T12:17:05.168+0300][127.726s][info ][gc] GC(4762) Concurrent Cycle
[2020-08-01T12:17:05.189+0300][127.747s][info ][gc] GC(4763) To-space exhausted
[2020-08-01T12:17:05.189+0300][127.747s][info ][gc] GC(4763) Pause Young (Normal) (G1 Evacuation Pause) 511M->511M(512M) 15.346ms
[2020-08-01T12:17:05.189+0300][127.747s][debug][gc] GC(4764) Clear Next Bitmap 0.300ms
[2020-08-01T12:17:05.232+0300][127.790s][info ][gc] GC(4764) Pause Full (G1 Evacuation Pause) 511M->65M(512M) 42.963ms
[2020-08-01T12:17:05.232+0300][127.790s][info ][gc] GC(4762) Concurrent Cycle 64.110ms
[2020-08-01T12:17:05.254+0300][127.812s][info ][gc] GC(4765) Pause Young (Normal) (G1 Evacuation Pause) 90M->90M(512M) 12.345ms
[2020-08-01T12:17:05.277+0300][127.835s][info ][gc] GC(4766) Pause Young (Normal) (G1 Evacuation Pause) 112M->113M(512M) 13.851ms
[2020-08-01T12:17:05.301+0300][127.858s][info ][gc] GC(4767) Pause Young (Normal) (G1 Evacuation Pause) 134M->135M(512M) 13.736ms
[2020-08-01T12:17:05.347+0300][127.905s][info ][gc] GC(4768) Pause Young (Normal) (G1 Evacuation Pause) 176M->178M(512M) 12.301ms
[2020-08-01T12:17:05.368+0300][127.926s][info ][gc] GC(4769) Pause Young (Normal) (G1 Evacuation Pause) 199M->201M(512M) 12.160ms
[2020-08-01T12:17:05.389+0300][127.947s][info ][gc] GC(4770) Pause Young (Normal) (G1 Evacuation Pause) 222M->223M(512M) 11.905ms
[2020-08-01T12:17:05.410+0300][127.967s][info ][gc] GC(4771) Pause Young (Normal) (G1 Evacuation Pause) 244M->245M(512M) 11.917ms
[2020-08-01T12:17:05.432+0300][127.990s][info ][gc] GC(4772) Pause Young (Concurrent Start) (G1 Evacuation Pause) 266M->267M(512M) 13.574ms
[2020-08-01T12:17:05.432+0300][127.990s][info ][gc] GC(4773) Concurrent Cycle
[2020-08-01T12:17:05.470+0300][128.028s][info ][gc] GC(4774) Pause Young (Normal) (G1 Evacuation Pause) 308M->310M(512M) 12.026ms
[2020-08-01T12:17:05.491+0300][128.049s][info ][gc] GC(4775) Pause Young (Normal) (G1 Evacuation Pause) 331M->332M(512M) 11.392ms
[2020-08-01T12:17:05.514+0300][128.072s][info ][gc] GC(4776) Pause Young (Normal) (G1 Evacuation Pause) 353M->354M(512M) 12.928ms
[2020-08-01T12:17:05.533+0300][128.091s][info ][gc] GC(4777) Pause Young (Normal) (G1 Evacuation Pause) 375M->377M(512M) 10.436ms
[2020-08-01T12:17:05.553+0300][128.111s][info ][gc] GC(4778) Pause Young (Normal) (G1 Evacuation Pause) 398M->399M(512M) 11.296ms
[2020-08-01T12:17:05.578+0300][128.136s][info ][gc] GC(4779) Pause Young (Normal) (G1 Evacuation Pause) 420M->422M(512M) 11.690ms
[2020-08-01T12:17:05.595+0300][128.153s][debug][gc] GC(4773) Reclaimed 130 empty regions
[2020-08-01T12:17:05.595+0300][128.153s][info ][gc] GC(4773) Pause Remark 424M->297M(512M) 1.627ms
[2020-08-01T12:17:05.631+0300][128.188s][info ][gc] GC(4780) Pause Young (Normal) (G1 Evacuation Pause) 335M->337M(512M) 13.202ms
[2020-08-01T12:17:05.662+0300][128.220s][info ][gc] GC(4781) Pause Young (Normal) (G1 Evacuation Pause) 358M->359M(512M) 11.948ms
[2020-08-01T12:17:05.687+0300][128.245s][info ][gc] GC(4782) Pause Young (Normal) (G1 Evacuation Pause) 380M->382M(512M) 15.647ms
[2020-08-01T12:17:05.730+0300][128.288s][info ][gc] GC(4783) Pause Young (Normal) (G1 Evacuation Pause) 403M->403M(512M) 15.487ms
[2020-08-01T12:17:05.766+0300][128.324s][info ][gc] GC(4784) Pause Young (Normal) (G1 Evacuation Pause) 424M->425M(512M) 14.127ms
[2020-08-01T12:17:05.825+0300][128.383s][info ][gc] GC(4785) Pause Young (Normal) (G1 Evacuation Pause) 466M->467M(512M) 14.742ms
[2020-08-01T12:17:05.836+0300][128.394s][info ][gc] GC(4773) Pause Cleanup 468M->468M(512M) 0.150ms
[2020-08-01T12:17:05.836+0300][128.394s][info ][gc] GC(4773) Concurrent Cycle 404.644ms
[2020-08-01T12:17:05.861+0300][128.419s][info ][gc] GC(4786) To-space exhausted
[2020-08-01T12:17:05.861+0300][128.419s][info ][gc] GC(4786) Pause Young (Normal) (G1 Evacuation Pause) 488M->491M(512M) 15.240ms
[2020-08-01T12:17:05.910+0300][128.468s][info ][gc] GC(4787) To-space exhausted
[2020-08-01T12:17:05.910+0300][128.468s][info ][gc] GC(4787) Pause Young (Concurrent Start) (G1 Evacuation Pause) 511M->511M(512M) 39.836ms
[2020-08-01T12:17:05.910+0300][128.468s][info ][gc] GC(4789) Concurrent Cycle
[2020-08-01T12:17:05.911+0300][128.469s][debug][gc] GC(4788) Clear Next Bitmap 0.424ms
[2020-08-01T12:17:05.956+0300][128.514s][info ][gc] GC(4788) Pause Full (G1 Evacuation Pause) 511M->71M(512M) 45.901ms
[2020-08-01T12:17:05.956+0300][128.514s][info ][gc] GC(4789) Concurrent Cycle 46.215ms
[2020-08-01T12:17:05.979+0300][128.536s][info ][gc] GC(4790) Pause Young (Normal) (G1 Evacuation Pause) 96M->96M(512M) 12.143ms
[2020-08-01T12:17:06.000+0300][128.558s][info ][gc] GC(4791) Pause Young (Normal) (G1 Evacuation Pause) 119M->120M(512M) 12.093ms
[2020-08-01T12:17:06.036+0300][128.594s][info ][gc] GC(4792) Pause Young (Normal) (G1 Evacuation Pause) 161M->163M(512M) 12.404ms
[2020-08-01T12:17:06.058+0300][128.616s][info ][gc] GC(4793) Pause Young (Normal) (G1 Evacuation Pause) 184M->185M(512M) 13.091ms
[2020-08-01T12:17:06.080+0300][128.638s][info ][gc] GC(4794) Pause Young (Normal) (G1 Evacuation Pause) 206M->208M(512M) 13.131ms
[2020-08-01T12:17:06.103+0300][128.661s][info ][gc] GC(4795) Pause Young (Normal) (G1 Evacuation Pause) 229M->230M(512M) 14.465ms
[2020-08-01T12:17:06.126+0300][128.684s][info ][gc] GC(4796) Pause Young (Normal) (G1 Evacuation Pause) 251M->252M(512M) 13.787ms
[2020-08-01T12:17:06.151+0300][128.709s][info ][gc] GC(4797) Pause Young (Concurrent Start) (G1 Evacuation Pause) 273M->274M(512M) 13.451ms
[2020-08-01T12:17:06.151+0300][128.709s][info ][gc] GC(4798) Concurrent Cycle
[2020-08-01T12:17:06.189+0300][128.746s][info ][gc] GC(4799) Pause Young (Normal) (G1 Evacuation Pause) 315M->316M(512M) 11.968ms
[2020-08-01T12:17:06.210+0300][128.768s][info ][gc] GC(4800) Pause Young (Normal) (G1 Evacuation Pause) 337M->338M(512M) 11.310ms
[2020-08-01T12:17:06.233+0300][128.791s][info ][gc] GC(4801) Pause Young (Normal) (G1 Evacuation Pause) 359M->361M(512M) 12.927ms
[2020-08-01T12:17:06.254+0300][128.811s][info ][gc] GC(4802) Pause Young (Normal) (G1 Evacuation Pause) 382M->383M(512M) 11.787ms
[2020-08-01T12:17:06.275+0300][128.832s][info ][gc] GC(4803) Pause Young (Normal) (G1 Evacuation Pause) 404M->405M(512M) 12.242ms
[2020-08-01T12:17:06.310+0300][128.868s][info ][gc] GC(4804) Pause Young (Normal) (G1 Evacuation Pause) 446M->448M(512M) 12.066ms
[2020-08-01T12:17:06.329+0300][128.887s][info ][gc] GC(4805) Pause Young (Normal) (G1 Evacuation Pause) 469M->470M(512M) 10.722ms
[2020-08-01T12:17:06.335+0300][128.893s][debug][gc] GC(4798) Reclaimed 128 empty regions
[2020-08-01T12:17:06.335+0300][128.893s][info ][gc] GC(4798) Pause Remark 482M->356M(512M) 0.741ms
[2020-08-01T12:17:06.350+0300][128.908s][info ][gc] GC(4806) Pause Young (Normal) (G1 Evacuation Pause) 366M->367M(512M) 10.800ms
[2020-08-01T12:17:06.380+0300][128.938s][info ][gc] GC(4807) Pause Young (Normal) (G1 Evacuation Pause) 388M->389M(512M) 10.623ms
[2020-08-01T12:17:06.406+0300][128.963s][info ][gc] GC(4808) Pause Young (Normal) (G1 Evacuation Pause) 410M->412M(512M) 10.849ms
[2020-08-01T12:17:06.436+0300][128.994s][info ][gc] GC(4809) Pause Young (Normal) (G1 Evacuation Pause) 433M->434M(512M) 10.947ms
[2020-08-01T12:17:06.477+0300][129.035s][info ][gc] GC(4810) Pause Young (Normal) (G1 Evacuation Pause) 475M->476M(512M) 11.159ms
[2020-08-01T12:17:06.515+0300][129.073s][info ][gc] GC(4811) To-space exhausted
[2020-08-01T12:17:06.515+0300][129.073s][info ][gc] GC(4811) Pause Young (Normal) (G1 Evacuation Pause) 497M->505M(512M) 22.190ms
[2020-08-01T12:17:06.540+0300][129.098s][info ][gc] GC(4812) To-space exhausted
[2020-08-01T12:17:06.540+0300][129.098s][info ][gc] GC(4812) Pause Young (Normal) (G1 Evacuation Pause) 511M->511M(512M) 14.672ms
[2020-08-01T12:17:06.541+0300][129.098s][debug][gc] GC(4813) Clear Next Bitmap 0.354ms
[2020-08-01T12:17:06.580+0300][129.138s][info ][gc] GC(4813) Pause Full (G1 Evacuation Pause) 511M->64M(512M) 39.702ms
[2020-08-01T12:17:06.580+0300][129.138s][info ][gc] GC(4798) Concurrent Cycle 428.576ms
[2020-08-01T12:17:06.600+0300][129.158s][info ][gc] GC(4814) Pause Young (Normal) (G1 Evacuation Pause) 89M->89M(512M) 10.505ms
[2020-08-01T12:17:06.623+0300][129.181s][info ][gc] GC(4815) Pause Young (Normal) (G1 Evacuation Pause) 112M->113M(512M) 13.309ms
[2020-08-01T12:17:06.641+0300][129.199s][info ][gc] GC(4816) Pause Young (Normal) (G1 Evacuation Pause) 134M->136M(512M) 10.120ms
[2020-08-01T12:17:06.674+0300][129.232s][info ][gc] GC(4817) Pause Young (Normal) (G1 Evacuation Pause) 177M->178M(512M) 10.762ms
[2020-08-01T12:17:06.693+0300][129.251s][info ][gc] GC(4818) Pause Young (Normal) (G1 Evacuation Pause) 199M->201M(512M) 10.346ms
[2020-08-01T12:17:06.712+0300][129.269s][info ][gc] GC(4819) Pause Young (Normal) (G1 Evacuation Pause) 222M->223M(512M) 10.495ms
[2020-08-01T12:17:06.733+0300][129.291s][info ][gc] GC(4820) Pause Young (Normal) (G1 Evacuation Pause) 244M->245M(512M) 12.954ms
[2020-08-01T12:17:06.754+0300][129.311s][info ][gc] GC(4821) Pause Young (Concurrent Start) (G1 Evacuation Pause) 266M->268M(512M) 12.183ms
[2020-08-01T12:17:06.754+0300][129.312s][info ][gc] GC(4822) Concurrent Cycle
[2020-08-01T12:17:06.789+0300][129.347s][info ][gc] GC(4823) Pause Young (Normal) (G1 Evacuation Pause) 309M->310M(512M) 11.215ms
[2020-08-01T12:17:06.808+0300][129.366s][info ][gc] GC(4824) Pause Young (Normal) (G1 Evacuation Pause) 331M->332M(512M) 10.410ms
[2020-08-01T12:17:06.827+0300][129.385s][info ][gc] GC(4825) Pause Young (Normal) (G1 Evacuation Pause) 353M->355M(512M) 10.420ms
[2020-08-01T12:17:06.847+0300][129.404s][info ][gc] GC(4826) Pause Young (Normal) (G1 Evacuation Pause) 376M->377M(512M) 10.407ms
[2020-08-01T12:17:06.866+0300][129.424s][info ][gc] GC(4827) Pause Young (Normal) (G1 Evacuation Pause) 398M->399M(512M) 10.556ms
[2020-08-01T12:17:06.885+0300][129.443s][info ][gc] GC(4828) Pause Young (Normal) (G1 Evacuation Pause) 420M->421M(512M) 10.148ms
[2020-08-01T12:17:06.918+0300][129.476s][info ][gc] GC(4829) Pause Young (Normal) (G1 Evacuation Pause) 462M->463M(512M) 11.133ms
[2020-08-01T12:17:06.938+0300][129.496s][info ][gc] GC(4830) To-space exhausted
[2020-08-01T12:17:06.938+0300][129.496s][info ][gc] GC(4830) Pause Young (Normal) (G1 Evacuation Pause) 484M->485M(512M) 11.943ms
[2020-08-01T12:17:06.939+0300][129.497s][debug][gc] GC(4822) Reclaimed 132 empty regions
[2020-08-01T12:17:06.939+0300][129.497s][info ][gc] GC(4822) Pause Remark 486M->357M(512M) 0.663ms
[2020-08-01T12:17:06.958+0300][129.516s][info ][gc] GC(4831) Pause Young (Normal) (G1 Evacuation Pause) 377M->379M(512M) 10.461ms
[2020-08-01T12:17:06.986+0300][129.544s][info ][gc] GC(4832) Pause Young (Normal) (G1 Evacuation Pause) 400M->402M(512M) 12.116ms
[2020-08-01T12:17:07.013+0300][129.571s][info ][gc] GC(4833) Pause Young (Normal) (G1 Evacuation Pause) 423M->424M(512M) 10.541ms
[2020-08-01T12:17:07.055+0300][129.613s][info ][gc] GC(4834) Pause Young (Normal) (G1 Evacuation Pause) 465M->466M(512M) 11.972ms
[2020-08-01T12:17:07.083+0300][129.641s][info ][gc] GC(4835) To-space exhausted
[2020-08-01T12:17:07.083+0300][129.641s][info ][gc] GC(4835) Pause Young (Normal) (G1 Evacuation Pause) 487M->489M(512M) 12.184ms
[2020-08-01T12:17:07.133+0300][129.691s][info ][gc] GC(4836) To-space exhausted
[2020-08-01T12:17:07.133+0300][129.691s][info ][gc] GC(4836) Pause Young (Normal) (G1 Evacuation Pause) 510M->511M(512M) 32.160ms
[2020-08-01T12:17:07.134+0300][129.691s][debug][gc] GC(4837) Clear Next Bitmap 0.282ms
[2020-08-01T12:17:07.180+0300][129.738s][info ][gc] GC(4837) Pause Full (G1 Evacuation Pause) 511M->72M(512M) 46.805ms
[2020-08-01T12:17:07.180+0300][129.738s][info ][gc] GC(4822) Concurrent Cycle 426.521ms
[2020-08-01T12:17:07.201+0300][129.759s][info ][gc] GC(4838) Pause Young (Normal) (G1 Evacuation Pause) 98M->99M(512M) 10.837ms
[2020-08-01T12:17:07.222+0300][129.780s][info ][gc] GC(4839) Pause Young (Normal) (G1 Evacuation Pause) 123M->124M(512M) 11.262ms
[2020-08-01T12:17:07.255+0300][129.813s][info ][gc] GC(4840) Pause Young (Normal) (G1 Evacuation Pause) 165M->167M(512M) 12.118ms
[2020-08-01T12:17:07.275+0300][129.833s][info ][gc] GC(4841) Pause Young (Normal) (G1 Evacuation Pause) 188M->190M(512M) 11.021ms
[2020-08-01T12:17:07.294+0300][129.852s][info ][gc] GC(4842) Pause Young (Normal) (G1 Evacuation Pause) 211M->212M(512M) 10.796ms
[2020-08-01T12:17:07.313+0300][129.871s][info ][gc] GC(4843) Pause Young (Normal) (G1 Evacuation Pause) 233M->235M(512M) 10.342ms
[2020-08-01T12:17:07.333+0300][129.891s][info ][gc] GC(4844) Pause Young (Concurrent Start) (G1 Evacuation Pause) 256M->258M(512M) 11.983ms
[2020-08-01T12:17:07.334+0300][129.891s][info ][gc] GC(4845) Concurrent Cycle
[2020-08-01T12:17:07.354+0300][129.911s][info ][gc] GC(4846) Pause Young (Normal) (G1 Evacuation Pause) 279M->280M(512M) 11.365ms
[2020-08-01T12:17:07.399+0300][129.957s][info ][gc] GC(4847) Pause Young (Normal) (G1 Evacuation Pause) 321M->322M(512M) 10.516ms
[2020-08-01T12:17:07.419+0300][129.976s][info ][gc] GC(4848) Pause Young (Normal) (G1 Evacuation Pause) 343M->345M(512M) 10.493ms
[2020-08-01T12:17:07.438+0300][129.996s][info ][gc] GC(4849) Pause Young (Normal) (G1 Evacuation Pause) 366M->367M(512M) 10.531ms
[2020-08-01T12:17:07.457+0300][130.014s][info ][gc] GC(4850) Pause Young (Normal) (G1 Evacuation Pause) 388M->390M(512M) 9.972ms
[2020-08-01T12:17:07.476+0300][130.034s][info ][gc] GC(4851) Pause Young (Normal) (G1 Evacuation Pause) 411M->413M(512M) 10.402ms
[2020-08-01T12:17:07.479+0300][130.037s][debug][gc] GC(4845) Reclaimed 124 empty regions
[2020-08-01T12:17:07.479+0300][130.037s][info ][gc] GC(4845) Pause Remark 418M->296M(512M) 0.761ms
[2020-08-01T12:17:07.519+0300][130.077s][info ][gc] GC(4852) Pause Young (Normal) (G1 Evacuation Pause) 331M->332M(512M) 11.142ms
[2020-08-01T12:17:07.547+0300][130.105s][info ][gc] GC(4853) Pause Young (Normal) (G1 Evacuation Pause) 353M->354M(512M) 10.546ms
[2020-08-01T12:17:07.572+0300][130.130s][info ][gc] GC(4854) Pause Young (Normal) (G1 Evacuation Pause) 375M->376M(512M) 11.142ms
[2020-08-01T12:17:07.597+0300][130.155s][info ][gc] GC(4855) Pause Young (Normal) (G1 Evacuation Pause) 397M->398M(512M) 10.546ms
[2020-08-01T12:17:07.624+0300][130.182s][info ][gc] GC(4856) Pause Young (Normal) (G1 Evacuation Pause) 419M->421M(512M) 10.465ms
[2020-08-01T12:17:07.650+0300][130.207s][info ][gc] GC(4857) Pause Young (Normal) (G1 Evacuation Pause) 442M->444M(512M) 10.684ms
[2020-08-01T12:17:07.697+0300][130.255s][info ][gc] GC(4858) Pause Young (Normal) (G1 Evacuation Pause) 485M->486M(512M) 10.889ms
[2020-08-01T12:17:07.704+0300][130.262s][info ][gc] GC(4845) Pause Cleanup 487M->487M(512M) 0.154ms
[2020-08-01T12:17:07.705+0300][130.263s][info ][gc] GC(4845) Concurrent Cycle 371.226ms
[2020-08-01T12:17:07.745+0300][130.303s][info ][gc] GC(4859) To-space exhausted
[2020-08-01T12:17:07.745+0300][130.303s][info ][gc] GC(4859) Pause Young (Normal) (G1 Evacuation Pause) 507M->511M(512M) 32.601ms
[2020-08-01T12:17:07.786+0300][130.344s][info ][gc] GC(4860) Pause Full (G1 Evacuation Pause) 511M->62M(512M) 40.874ms
[2020-08-01T12:17:07.810+0300][130.368s][info ][gc] GC(4861) Pause Young (Normal) (G1 Evacuation Pause) 89M->89M(512M) 12.944ms
[2020-08-01T12:17:07.832+0300][130.389s][info ][gc] GC(4862) Pause Young (Normal) (G1 Evacuation Pause) 112M->113M(512M) 12.230ms
[2020-08-01T12:17:07.851+0300][130.409s][info ][gc] GC(4863) Pause Young (Normal) (G1 Evacuation Pause) 134M->135M(512M) 11.015ms
[2020-08-01T12:17:07.933+0300][130.490s][info ][gc] GC(4864) Pause Young (Normal) (G1 Evacuation Pause) 176M->178M(512M) 27.169ms
[2020-08-01T12:17:07.958+0300][130.516s][info ][gc] GC(4865) Pause Young (Normal) (G1 Evacuation Pause) 199M->201M(512M) 12.310ms
[2020-08-01T12:17:07.977+0300][130.535s][info ][gc] GC(4866) Pause Young (Normal) (G1 Evacuation Pause) 222M->223M(512M) 10.516ms
[2020-08-01T12:17:07.996+0300][130.554s][info ][gc] GC(4867) Pause Young (Normal) (G1 Evacuation Pause) 244M->246M(512M) 10.772ms
[2020-08-01T12:17:08.015+0300][130.573s][info ][gc] GC(4868) Pause Young (Concurrent Start) (G1 Evacuation Pause) 267M->268M(512M) 10.461ms
[2020-08-01T12:17:08.015+0300][130.573s][info ][gc] GC(4869) Concurrent Cycle
[2020-08-01T12:17:08.052+0300][130.609s][info ][gc] GC(4870) Pause Young (Normal) (G1 Evacuation Pause) 309M->311M(512M) 11.006ms
[2020-08-01T12:17:08.071+0300][130.629s][info ][gc] GC(4871) Pause Young (Normal) (G1 Evacuation Pause) 332M->334M(512M) 10.586ms
[2020-08-01T12:17:08.090+0300][130.648s][info ][gc] GC(4872) Pause Young (Normal) (G1 Evacuation Pause) 355M->356M(512M) 10.504ms
[2020-08-01T12:17:08.110+0300][130.667s][info ][gc] GC(4873) Pause Young (Normal) (G1 Evacuation Pause) 377M->379M(512M) 10.677ms
[2020-08-01T12:17:08.129+0300][130.687s][info ][gc] GC(4874) Pause Young (Normal) (G1 Evacuation Pause) 400M->401M(512M) 10.531ms
[2020-08-01T12:17:08.148+0300][130.706s][info ][gc] GC(4875) Pause Young (Normal) (G1 Evacuation Pause) 422M->423M(512M) 10.386ms
[2020-08-01T12:17:08.169+0300][130.727s][debug][gc] GC(4869) Reclaimed 122 empty regions
[2020-08-01T12:17:08.169+0300][130.727s][info ][gc] GC(4869) Pause Remark 427M->308M(512M) 0.624ms
[2020-08-01T12:17:08.194+0300][130.752s][info ][gc] GC(4876) Pause Young (Normal) (G1 Evacuation Pause) 346M->347M(512M) 10.815ms
[2020-08-01T12:17:08.215+0300][130.773s][info ][gc] GC(4877) Pause Young (Normal) (G1 Evacuation Pause) 368M->369M(512M) 12.288ms
[2020-08-01T12:17:08.250+0300][130.808s][info ][gc] GC(4878) Pause Young (Normal) (G1 Evacuation Pause) 390M->392M(512M) 10.886ms
[2020-08-01T12:17:08.280+0300][130.838s][info ][gc] GC(4879) Pause Young (Normal) (G1 Evacuation Pause) 413M->415M(512M) 11.685ms
[2020-08-01T12:17:08.309+0300][130.867s][info ][gc] GC(4880) Pause Young (Normal) (G1 Evacuation Pause) 436M->437M(512M) 12.680ms
[2020-08-01T12:17:08.366+0300][130.924s][info ][gc] GC(4881) Pause Young (Normal) (G1 Evacuation Pause) 478M->480M(512M) 11.783ms
[2020-08-01T12:17:08.412+0300][130.970s][info ][gc] GC(4882) To-space exhausted
[2020-08-01T12:17:08.412+0300][130.970s][info ][gc] GC(4882) Pause Young (Normal) (G1 Evacuation Pause) 501M->507M(512M) 26.935ms
[2020-08-01T12:17:08.437+0300][130.995s][info ][gc] GC(4883) To-space exhausted
[2020-08-01T12:17:08.437+0300][130.995s][info ][gc] GC(4883) Pause Young (Normal) (G1 Evacuation Pause) 511M->511M(512M) 12.823ms
[2020-08-01T12:17:08.437+0300][130.995s][debug][gc] GC(4884) Clear Next Bitmap 0.359ms
[2020-08-01T12:17:08.475+0300][131.033s][info ][gc] GC(4884) Pause Full (G1 Evacuation Pause) 511M->55M(512M) 37.888ms
[2020-08-01T12:17:08.475+0300][131.033s][info ][gc] GC(4869) Concurrent Cycle 459.581ms
[2020-08-01T12:17:08.496+0300][131.054s][info ][gc] GC(4885) Pause Young (Normal) (G1 Evacuation Pause) 80M->80M(512M) 11.137ms
[2020-08-01T12:17:08.516+0300][131.073s][info ][gc] GC(4886) Pause Young (Normal) (G1 Evacuation Pause) 101M->102M(512M) 11.041ms
[2020-08-01T12:17:08.535+0300][131.093s][info ][gc] GC(4887) Pause Young (Normal) (G1 Evacuation Pause) 123M->125M(512M) 10.851ms
[2020-08-01T12:17:08.607+0300][131.164s][info ][gc] GC(4888) Pause Young (Normal) (G1 Evacuation Pause) 166M->168M(512M) 22.576ms
[2020-08-01T12:17:08.630+0300][131.188s][info ][gc] GC(4889) Pause Young (Normal) (G1 Evacuation Pause) 189M->190M(512M) 12.315ms
[2020-08-01T12:17:08.650+0300][131.208s][info ][gc] GC(4890) Pause Young (Normal) (G1 Evacuation Pause) 211M->212M(512M) 11.692ms
[2020-08-01T12:17:08.671+0300][131.229s][info ][gc] GC(4891) Pause Young (Normal) (G1 Evacuation Pause) 233M->234M(512M) 12.466ms
[2020-08-01T12:17:08.691+0300][131.249s][info ][gc] GC(4892) Pause Young (Concurrent Start) (G1 Evacuation Pause) 255M->256M(512M) 11.144ms
[2020-08-01T12:17:08.691+0300][131.249s][info ][gc] GC(4893) Concurrent Cycle
[2020-08-01T12:17:08.711+0300][131.269s][info ][gc] GC(4894) Pause Young (Normal) (G1 Evacuation Pause) 277M->279M(512M) 11.330ms
[2020-08-01T12:17:08.755+0300][131.313s][info ][gc] GC(4895) Pause Young (Normal) (G1 Evacuation Pause) 320M->321M(512M) 11.215ms
[2020-08-01T12:17:08.775+0300][131.332s][info ][gc] GC(4896) Pause Young (Normal) (G1 Evacuation Pause) 342M->344M(512M) 10.571ms
[2020-08-01T12:17:08.796+0300][131.354s][info ][gc] GC(4897) Pause Young (Normal) (G1 Evacuation Pause) 365M->366M(512M) 12.113ms
[2020-08-01T12:17:08.816+0300][131.374s][info ][gc] GC(4898) Pause Young (Normal) (G1 Evacuation Pause) 387M->388M(512M) 11.133ms
[2020-08-01T12:17:08.838+0300][131.396s][info ][gc] GC(4899) Pause Young (Normal) (G1 Evacuation Pause) 409M->411M(512M) 12.838ms
[2020-08-01T12:17:08.845+0300][131.402s][debug][gc] GC(4893) Reclaimed 125 empty regions
[2020-08-01T12:17:08.845+0300][131.402s][info ][gc] GC(4893) Pause Remark 423M->300M(512M) 0.770ms
[2020-08-01T12:17:08.874+0300][131.432s][info ][gc] GC(4900) Pause Young (Normal) (G1 Evacuation Pause) 328M->330M(512M) 12.395ms
[2020-08-01T12:17:08.903+0300][131.461s][info ][gc] GC(4901) Pause Young (Normal) (G1 Evacuation Pause) 351M->353M(512M) 12.155ms
[2020-08-01T12:17:08.932+0300][131.490s][info ][gc] GC(4902) Pause Young (Normal) (G1 Evacuation Pause) 374M->375M(512M) 11.114ms
[2020-08-01T12:17:08.959+0300][131.517s][info ][gc] GC(4903) Pause Young (Normal) (G1 Evacuation Pause) 396M->397M(512M) 11.138ms
[2020-08-01T12:17:08.989+0300][131.547s][info ][gc] GC(4904) Pause Young (Normal) (G1 Evacuation Pause) 418M->419M(512M) 12.695ms
[2020-08-01T12:17:09.019+0300][131.577s][info ][gc] GC(4905) Pause Young (Normal) (G1 Evacuation Pause) 440M->442M(512M) 12.456ms
[2020-08-01T12:17:09.062+0300][131.620s][info ][gc] GC(4906) Pause Young (Normal) (G1 Evacuation Pause) 483M->484M(512M) 11.326ms
[2020-08-01T12:17:09.077+0300][131.635s][info ][gc] GC(4893) Pause Cleanup 498M->498M(512M) 0.205ms
[2020-08-01T12:17:09.077+0300][131.635s][info ][gc] GC(4893) Concurrent Cycle 386.356ms
[2020-08-01T12:17:09.108+0300][131.666s][info ][gc] GC(4907) To-space exhausted
[2020-08-01T12:17:09.108+0300][131.666s][info ][gc] GC(4907) Pause Young (Normal) (G1 Evacuation Pause) 505M->511M(512M) 28.354ms
[2020-08-01T12:17:09.145+0300][131.703s][info ][gc] GC(4908) Pause Full (G1 Evacuation Pause) 511M->61M(512M) 36.398ms
[2020-08-01T12:17:09.166+0300][131.723s][info ][gc] GC(4909) Pause Young (Normal) (G1 Evacuation Pause) 86M->86M(512M) 10.418ms
[2020-08-01T12:17:09.184+0300][131.742s][info ][gc] GC(4910) Pause Young (Normal) (G1 Evacuation Pause) 107M->109M(512M) 10.480ms
[2020-08-01T12:17:09.208+0300][131.766s][info ][gc] GC(4911) Pause Young (Normal) (G1 Evacuation Pause) 130M->131M(512M) 14.514ms
[2020-08-01T12:17:09.240+0300][131.798s][info ][gc] GC(4912) Pause Young (Normal) (G1 Evacuation Pause) 172M->173M(512M) 10.679ms
[2020-08-01T12:17:09.259+0300][131.817s][info ][gc] GC(4913) Pause Young (Normal) (G1 Evacuation Pause) 194M->195M(512M) 10.196ms
[2020-08-01T12:17:09.278+0300][131.836s][info ][gc] GC(4914) Pause Young (Normal) (G1 Evacuation Pause) 216M->218M(512M) 10.400ms
[2020-08-01T12:17:09.297+0300][131.855s][info ][gc] GC(4915) Pause Young (Normal) (G1 Evacuation Pause) 239M->241M(512M) 10.389ms
[2020-08-01T12:17:09.316+0300][131.874s][info ][gc] GC(4916) Pause Young (Concurrent Start) (G1 Evacuation Pause) 262M->263M(512M) 10.587ms
[2020-08-01T12:17:09.316+0300][131.874s][info ][gc] GC(4917) Concurrent Cycle
[2020-08-01T12:17:09.349+0300][131.907s][info ][gc] GC(4918) Pause Young (Normal) (G1 Evacuation Pause) 304M->305M(512M) 10.413ms
[2020-08-01T12:17:09.369+0300][131.926s][info ][gc] GC(4919) Pause Young (Normal) (G1 Evacuation Pause) 326M->327M(512M) 10.530ms
[2020-08-01T12:17:09.389+0300][131.946s][info ][gc] GC(4920) Pause Young (Normal) (G1 Evacuation Pause) 348M->350M(512M) 11.300ms
[2020-08-01T12:17:09.410+0300][131.968s][info ][gc] GC(4921) Pause Young (Normal) (G1 Evacuation Pause) 371M->372M(512M) 12.299ms
[2020-08-01T12:17:09.430+0300][131.988s][info ][gc] GC(4922) Pause Young (Normal) (G1 Evacuation Pause) 393M->394M(512M) 11.206ms
[2020-08-01T12:17:09.451+0300][132.009s][info ][gc] GC(4923) Pause Young (Normal) (G1 Evacuation Pause) 415M->416M(512M) 11.531ms
[2020-08-01T12:17:09.470+0300][132.028s][debug][gc] GC(4917) Reclaimed 133 empty regions
[2020-08-01T12:17:09.470+0300][132.028s][info ][gc] GC(4917) Pause Remark 448M->319M(512M) 0.645ms
[2020-08-01T12:17:09.486+0300][132.044s][info ][gc] GC(4924) Pause Young (Normal) (G1 Evacuation Pause) 328M->329M(512M) 11.947ms
[2020-08-01T12:17:09.516+0300][132.074s][info ][gc] GC(4925) Pause Young (Normal) (G1 Evacuation Pause) 350M->351M(512M) 11.739ms
[2020-08-01T12:17:09.544+0300][132.102s][info ][gc] GC(4926) Pause Young (Normal) (G1 Evacuation Pause) 372M->373M(512M) 10.639ms
[2020-08-01T12:17:09.573+0300][132.131s][info ][gc] GC(4927) Pause Young (Normal) (G1 Evacuation Pause) 394M->395M(512M) 11.508ms
[2020-08-01T12:17:09.599+0300][132.157s][info ][gc] GC(4928) Pause Young (Normal) (G1 Evacuation Pause) 416M->418M(512M) 11.622ms
[2020-08-01T12:17:09.642+0300][132.200s][info ][gc] GC(4929) Pause Young (Normal) (G1 Evacuation Pause) 459M->460M(512M) 12.148ms
[2020-08-01T12:17:09.676+0300][132.234s][info ][gc] GC(4930) Pause Young (Normal) (G1 Evacuation Pause) 481M->483M(512M) 12.608ms
[2020-08-01T12:17:09.721+0300][132.279s][info ][gc] GC(4931) To-space exhausted
[2020-08-01T12:17:09.721+0300][132.279s][info ][gc] GC(4931) Pause Young (Normal) (G1 Evacuation Pause) 504M->510M(512M) 27.566ms
[2020-08-01T12:17:09.730+0300][132.288s][info ][gc] GC(4932) To-space exhausted
[2020-08-01T12:17:09.730+0300][132.288s][info ][gc] GC(4932) Pause Young (Normal) (G1 Evacuation Pause) 511M->511M(512M) 8.694ms
[2020-08-01T12:17:09.731+0300][132.289s][debug][gc] GC(4933) Clear Next Bitmap 0.375ms
[2020-08-01T12:17:09.774+0300][132.332s][info ][gc] GC(4933) Pause Full (G1 Evacuation Pause) 511M->68M(512M) 43.142ms
[2020-08-01T12:17:09.774+0300][132.332s][info ][gc] GC(4917) Concurrent Cycle 457.968ms
[2020-08-01T12:17:09.795+0300][132.352s][info ][gc] GC(4934) Pause Young (Normal) (G1 Evacuation Pause) 93M->93M(512M) 10.532ms
[2020-08-01T12:17:09.816+0300][132.374s][info ][gc] GC(4935) Pause Young (Normal) (G1 Evacuation Pause) 116M->117M(512M) 12.064ms
[2020-08-01T12:17:09.838+0300][132.396s][info ][gc] GC(4936) Pause Young (Normal) (G1 Evacuation Pause) 138M->140M(512M) 14.282ms
[2020-08-01T12:17:09.876+0300][132.434s][info ][gc] GC(4937) Pause Young (Normal) (G1 Evacuation Pause) 181M->183M(512M) 12.294ms
[2020-08-01T12:17:09.896+0300][132.453s][info ][gc] GC(4938) Pause Young (Normal) (G1 Evacuation Pause) 204M->205M(512M) 10.364ms
[2020-08-01T12:17:09.915+0300][132.473s][info ][gc] GC(4939) Pause Young (Normal) (G1 Evacuation Pause) 226M->228M(512M) 11.246ms
[2020-08-01T12:17:09.935+0300][132.493s][info ][gc] GC(4940) Pause Young (Normal) (G1 Evacuation Pause) 249M->250M(512M) 11.698ms
[2020-08-01T12:17:09.955+0300][132.512s][info ][gc] GC(4941) Pause Young (Concurrent Start) (G1 Evacuation Pause) 271M->273M(512M) 10.765ms
[2020-08-01T12:17:09.955+0300][132.512s][info ][gc] GC(4942) Concurrent Cycle
[2020-08-01T12:17:09.997+0300][132.555s][info ][gc] GC(4943) Pause Young (Normal) (G1 Evacuation Pause) 314M->316M(512M) 10.598ms
[2020-08-01T12:17:10.016+0300][132.574s][info ][gc] GC(4944) Pause Young (Normal) (G1 Evacuation Pause) 337M->338M(512M) 10.401ms
[2020-08-01T12:17:10.035+0300][132.593s][info ][gc] GC(4945) Pause Young (Normal) (G1 Evacuation Pause) 359M->360M(512M) 10.469ms
[2020-08-01T12:17:10.055+0300][132.612s][info ][gc] GC(4946) Pause Young (Normal) (G1 Evacuation Pause) 381M->382M(512M) 10.464ms
[2020-08-01T12:17:10.075+0300][132.633s][info ][gc] GC(4947) Pause Young (Normal) (G1 Evacuation Pause) 403M->405M(512M) 11.508ms
[2020-08-01T12:17:10.102+0300][132.660s][debug][gc] GC(4942) Reclaimed 133 empty regions
[2020-08-01T12:17:10.102+0300][132.660s][info ][gc] GC(4942) Pause Remark 424M->295M(512M) 0.695ms
[2020-08-01T12:17:10.120+0300][132.678s][info ][gc] GC(4948) Pause Young (Normal) (G1 Evacuation Pause) 316M->317M(512M) 12.275ms
[2020-08-01T12:17:10.151+0300][132.709s][info ][gc] GC(4949) Pause Young (Normal) (G1 Evacuation Pause) 338M->339M(512M) 10.422ms
[2020-08-01T12:17:10.180+0300][132.738s][info ][gc] GC(4950) Pause Young (Normal) (G1 Evacuation Pause) 360M->362M(512M) 12.226ms
[2020-08-01T12:17:10.207+0300][132.765s][info ][gc] GC(4951) Pause Young (Normal) (G1 Evacuation Pause) 383M->384M(512M) 11.446ms
[2020-08-01T12:17:10.229+0300][132.786s][info ][gc] GC(4952) Pause Young (Normal) (G1 Evacuation Pause) 405M->406M(512M) 13.140ms
[2020-08-01T12:17:10.261+0300][132.819s][info ][gc] GC(4953) Pause Young (Normal) (G1 Evacuation Pause) 427M->429M(512M) 11.473ms
[2020-08-01T12:17:10.310+0300][132.868s][info ][gc] GC(4954) Pause Young (Normal) (G1 Evacuation Pause) 470M->471M(512M) 11.094ms
[2020-08-01T12:17:10.346+0300][132.903s][info ][gc] GC(4955) To-space exhausted
[2020-08-01T12:17:10.346+0300][132.903s][info ][gc] GC(4955) Pause Young (Normal) (G1 Evacuation Pause) 492M->500M(512M) 17.838ms
[2020-08-01T12:17:10.357+0300][132.915s][info ][gc] GC(4942) Pause Cleanup 507M->507M(512M) 0.206ms
[2020-08-01T12:17:10.358+0300][132.915s][info ][gc] GC(4942) Concurrent Cycle 402.898ms
[2020-08-01T12:17:10.382+0300][132.940s][info ][gc] GC(4956) To-space exhausted
[2020-08-01T12:17:10.382+0300][132.940s][info ][gc] GC(4956) Pause Young (Normal) (G1 Evacuation Pause) 511M->511M(512M) 22.119ms
[2020-08-01T12:17:10.424+0300][132.982s][info ][gc] GC(4957) Pause Full (G1 Evacuation Pause) 511M->66M(512M) 42.148ms
[2020-08-01T12:17:10.449+0300][133.007s][info ][gc] GC(4958) Pause Young (Normal) (G1 Evacuation Pause) 93M->93M(512M) 13.742ms
[2020-08-01T12:17:10.470+0300][133.027s][info ][gc] GC(4959) Pause Young (Normal) (G1 Evacuation Pause) 116M->117M(512M) 11.578ms
[2020-08-01T12:17:10.507+0300][133.065s][info ][gc] GC(4960) Pause Young (Normal) (G1 Evacuation Pause) 158M->159M(512M) 11.867ms
[2020-08-01T12:17:10.526+0300][133.083s][info ][gc] GC(4961) Pause Young (Normal) (G1 Evacuation Pause) 180M->182M(512M) 10.503ms
[2020-08-01T12:17:10.545+0300][133.103s][info ][gc] GC(4962) Pause Young (Normal) (G1 Evacuation Pause) 203M->204M(512M) 10.641ms
[2020-08-01T12:17:10.565+0300][133.123s][info ][gc] GC(4963) Pause Young (Normal) (G1 Evacuation Pause) 225M->227M(512M) 11.707ms
[2020-08-01T12:17:10.585+0300][133.142s][info ][gc] GC(4964) Pause Young (Normal) (G1 Evacuation Pause) 248M->249M(512M) 11.002ms
[2020-08-01T12:17:10.604+0300][133.162s][info ][gc] GC(4965) Pause Young (Concurrent Start) (G1 Evacuation Pause) 270M->271M(512M) 11.167ms
[2020-08-01T12:17:10.604+0300][133.162s][info ][gc] GC(4966) Concurrent Cycle
[2020-08-01T12:17:10.651+0300][133.209s][info ][gc] GC(4967) Pause Young (Normal) (G1 Evacuation Pause) 312M->314M(512M) 11.355ms
[2020-08-01T12:17:10.672+0300][133.229s][info ][gc] GC(4968) Pause Young (Normal) (G1 Evacuation Pause) 335M->336M(512M) 10.887ms
[2020-08-01T12:17:10.691+0300][133.249s][info ][gc] GC(4969) Pause Young (Normal) (G1 Evacuation Pause) 357M->358M(512M) 10.454ms
[2020-08-01T12:17:10.712+0300][133.270s][info ][gc] GC(4970) Pause Young (Normal) (G1 Evacuation Pause) 379M->381M(512M) 12.550ms
[2020-08-01T12:17:10.734+0300][133.292s][info ][gc] GC(4971) Pause Young (Normal) (G1 Evacuation Pause) 402M->404M(512M) 12.292ms
[2020-08-01T12:17:10.758+0300][133.316s][debug][gc] GC(4966) Reclaimed 131 empty regions
[2020-08-01T12:17:10.758+0300][133.316s][info ][gc] GC(4966) Pause Remark 443M->316M(512M) 0.934ms
[2020-08-01T12:17:10.772+0300][133.330s][info ][gc] GC(4972) Pause Young (Normal) (G1 Evacuation Pause) 317M->319M(512M) 11.271ms
[2020-08-01T12:17:10.801+0300][133.359s][info ][gc] GC(4973) Pause Young (Normal) (G1 Evacuation Pause) 340M->341M(512M) 11.003ms
[2020-08-01T12:17:10.828+0300][133.386s][info ][gc] GC(4974) Pause Young (Normal) (G1 Evacuation Pause) 362M->363M(512M) 10.359ms
[2020-08-01T12:17:10.856+0300][133.413s][info ][gc] GC(4975) Pause Young (Normal) (G1 Evacuation Pause) 384M->386M(512M) 12.608ms
[2020-08-01T12:17:10.885+0300][133.443s][info ][gc] GC(4976) Pause Young (Normal) (G1 Evacuation Pause) 407M->409M(512M) 12.581ms
[2020-08-01T12:17:10.913+0300][133.470s][info ][gc] GC(4977) Pause Young (Normal) (G1 Evacuation Pause) 430M->431M(512M) 11.089ms
[2020-08-01T12:17:10.963+0300][133.521s][info ][gc] GC(4978) Pause Young (Normal) (G1 Evacuation Pause) 472M->473M(512M) 11.194ms
[2020-08-01T12:17:10.997+0300][133.555s][info ][gc] GC(4979) To-space exhausted
[2020-08-01T12:17:10.997+0300][133.555s][info ][gc] GC(4979) Pause Young (Normal) (G1 Evacuation Pause) 494M->499M(512M) 18.576ms
[2020-08-01T12:17:11.033+0300][133.591s][info ][gc] GC(4980) To-space exhausted
[2020-08-01T12:17:11.033+0300][133.591s][info ][gc] GC(4980) Pause Young (Normal) (G1 Evacuation Pause) 511M->511M(512M) 21.961ms
[2020-08-01T12:17:11.034+0300][133.591s][debug][gc] GC(4981) Clear Next Bitmap 0.300ms
[2020-08-01T12:17:11.076+0300][133.634s][info ][gc] GC(4981) Pause Full (G1 Evacuation Pause) 511M->67M(512M) 43.064ms
[2020-08-01T12:17:11.076+0300][133.634s][info ][gc] GC(4966) Concurrent Cycle 472.284ms
[2020-08-01T12:17:11.098+0300][133.656s][info ][gc] GC(4982) Pause Young (Normal) (G1 Evacuation Pause) 93M->93M(512M) 11.027ms
[2020-08-01T12:17:11.120+0300][133.677s][info ][gc] GC(4983) Pause Young (Normal) (G1 Evacuation Pause) 117M->118M(512M) 12.397ms
[2020-08-01T12:17:11.178+0300][133.736s][info ][gc] GC(4984) Pause Young (Normal) (G1 Evacuation Pause) 159M->160M(512M) 21.539ms
[2020-08-01T12:17:11.202+0300][133.760s][info ][gc] GC(4985) Pause Young (Normal) (G1 Evacuation Pause) 181M->182M(512M) 11.713ms
[2020-08-01T12:17:11.222+0300][133.780s][info ][gc] GC(4986) Pause Young (Normal) (G1 Evacuation Pause) 203M->205M(512M) 11.267ms
[2020-08-01T12:17:11.240+0300][133.798s][info ][gc] GC(4987) Pause Young (Normal) (G1 Evacuation Pause) 226M->227M(512M) 10.139ms
[2020-08-01T12:17:11.259+0300][133.817s][info ][gc] GC(4988) Pause Young (Normal) (G1 Evacuation Pause) 248M->249M(512M) 10.460ms
[2020-08-01T12:17:11.278+0300][133.836s][info ][gc] GC(4989) Pause Young (Concurrent Start) (G1 Evacuation Pause) 270M->272M(512M) 10.164ms
[2020-08-01T12:17:11.278+0300][133.836s][info ][gc] GC(4990) Concurrent Cycle
[2020-08-01T12:17:11.317+0300][133.874s][info ][gc] GC(4991) Pause Young (Normal) (G1 Evacuation Pause) 313M->314M(512M) 10.191ms
[2020-08-01T12:17:11.336+0300][133.894s][info ][gc] GC(4992) Pause Young (Normal) (G1 Evacuation Pause) 335M->337M(512M) 10.907ms
[2020-08-01T12:17:11.355+0300][133.913s][info ][gc] GC(4993) Pause Young (Normal) (G1 Evacuation Pause) 358M->359M(512M) 10.490ms
[2020-08-01T12:17:11.374+0300][133.932s][info ][gc] GC(4994) Pause Young (Normal) (G1 Evacuation Pause) 380M->382M(512M) 9.775ms
[2020-08-01T12:17:11.393+0300][133.951s][info ][gc] GC(4995) Pause Young (Normal) (G1 Evacuation Pause) 403M->404M(512M) 10.593ms
[2020-08-01T12:17:11.426+0300][133.983s][debug][gc] GC(4990) Reclaimed 131 empty regions
[2020-08-01T12:17:11.426+0300][133.983s][info ][gc] GC(4990) Pause Remark 443M->314M(512M) 0.790ms
[2020-08-01T12:17:11.441+0300][133.999s][info ][gc] GC(4996) Pause Young (Normal) (G1 Evacuation Pause) 317M->318M(512M) 11.997ms
[2020-08-01T12:17:11.470+0300][134.028s][info ][gc] GC(4997) Pause Young (Normal) (G1 Evacuation Pause) 339M->341M(512M) 10.543ms
[2020-08-01T12:17:11.497+0300][134.055s][info ][gc] GC(4998) Pause Young (Normal) (G1 Evacuation Pause) 362M->364M(512M) 10.692ms
[2020-08-01T12:17:11.524+0300][134.081s][info ][gc] GC(4999) Pause Young (Normal) (G1 Evacuation Pause) 385M->387M(512M) 10.747ms
[2020-08-01T12:17:11.552+0300][134.109s][info ][gc] GC(5000) Pause Young (Normal) (G1 Evacuation Pause) 408M->410M(512M) 11.908ms
[2020-08-01T12:17:11.580+0300][134.138s][info ][gc] GC(5001) Pause Young (Normal) (G1 Evacuation Pause) 431M->432M(512M) 12.051ms
[2020-08-01T12:17:11.631+0300][134.188s][info ][gc] GC(5002) Pause Young (Normal) (G1 Evacuation Pause) 473M->475M(512M) 11.208ms
[2020-08-01T12:17:11.668+0300][134.225s][info ][gc] GC(5003) To-space exhausted
[2020-08-01T12:17:11.668+0300][134.225s][info ][gc] GC(5003) Pause Young (Normal) (G1 Evacuation Pause) 496M->505M(512M) 20.489ms
[2020-08-01T12:17:11.687+0300][134.244s][info ][gc] GC(5004) To-space exhausted
[2020-08-01T12:17:11.687+0300][134.244s][info ][gc] GC(5004) Pause Young (Normal) (G1 Evacuation Pause) 511M->511M(512M) 16.285ms
[2020-08-01T12:17:11.687+0300][134.245s][debug][gc] GC(5005) Clear Next Bitmap 0.272ms
[2020-08-01T12:17:11.726+0300][134.284s][info ][gc] GC(5005) Pause Full (G1 Evacuation Pause) 511M->62M(512M) 39.330ms
[2020-08-01T12:17:11.726+0300][134.284s][info ][gc] GC(4990) Concurrent Cycle 448.506ms
[2020-08-01T12:17:11.748+0300][134.305s][info ][gc] GC(5006) Pause Young (Normal) (G1 Evacuation Pause) 87M->87M(512M) 11.396ms
[2020-08-01T12:17:11.768+0300][134.326s][info ][gc] GC(5007) Pause Young (Normal) (G1 Evacuation Pause) 110M->112M(512M) 11.322ms
[2020-08-01T12:17:11.787+0300][134.345s][info ][gc] GC(5008) Pause Young (Normal) (G1 Evacuation Pause) 133M->134M(512M) 10.263ms
[2020-08-01T12:17:11.856+0300][134.414s][info ][gc] GC(5009) Pause Young (Normal) (G1 Evacuation Pause) 175M->176M(512M) 16.815ms
[2020-08-01T12:17:11.878+0300][134.436s][info ][gc] GC(5010) Pause Young (Normal) (G1 Evacuation Pause) 197M->199M(512M) 11.204ms
[2020-08-01T12:17:11.897+0300][134.455s][info ][gc] GC(5011) Pause Young (Normal) (G1 Evacuation Pause) 220M->222M(512M) 10.418ms
[2020-08-01T12:17:11.916+0300][134.474s][info ][gc] GC(5012) Pause Young (Normal) (G1 Evacuation Pause) 243M->244M(512M) 10.674ms
[2020-08-01T12:17:11.935+0300][134.493s][info ][gc] GC(5013) Pause Young (Concurrent Start) (G1 Evacuation Pause) 265M->267M(512M) 10.507ms
[2020-08-01T12:17:11.935+0300][134.493s][info ][gc] GC(5014) Concurrent Cycle
[2020-08-01T12:17:11.969+0300][134.527s][info ][gc] GC(5015) Pause Young (Normal) (G1 Evacuation Pause) 308M->309M(512M) 10.440ms
[2020-08-01T12:17:11.989+0300][134.547s][info ][gc] GC(5016) Pause Young (Normal) (G1 Evacuation Pause) 330M->332M(512M) 10.462ms
[2020-08-01T12:17:12.008+0300][134.566s][info ][gc] GC(5017) Pause Young (Normal) (G1 Evacuation Pause) 353M->355M(512M) 10.152ms
[2020-08-01T12:17:12.027+0300][134.585s][info ][gc] GC(5018) Pause Young (Normal) (G1 Evacuation Pause) 376M->377M(512M) 10.324ms
[2020-08-01T12:17:12.046+0300][134.604s][info ][gc] GC(5019) Pause Young (Normal) (G1 Evacuation Pause) 399M->400M(512M) 10.304ms
[2020-08-01T12:17:12.066+0300][134.623s][info ][gc] GC(5020) Pause Young (Normal) (G1 Evacuation Pause) 421M->423M(512M) 10.478ms
[2020-08-01T12:17:12.087+0300][134.644s][debug][gc] GC(5014) Reclaimed 130 empty regions
[2020-08-01T12:17:12.087+0300][134.644s][info ][gc] GC(5014) Pause Remark 453M->327M(512M) 0.867ms
[2020-08-01T12:17:12.102+0300][134.660s][info ][gc] GC(5021) Pause Young (Normal) (G1 Evacuation Pause) 338M->339M(512M) 11.249ms
[2020-08-01T12:17:12.130+0300][134.687s][info ][gc] GC(5022) Pause Young (Normal) (G1 Evacuation Pause) 360M->362M(512M) 10.858ms
[2020-08-01T12:17:12.158+0300][134.716s][info ][gc] GC(5023) Pause Young (Normal) (G1 Evacuation Pause) 383M->385M(512M) 12.697ms
[2020-08-01T12:17:12.187+0300][134.745s][info ][gc] GC(5024) Pause Young (Normal) (G1 Evacuation Pause) 406M->407M(512M) 12.637ms
[2020-08-01T12:17:12.217+0300][134.774s][info ][gc] GC(5025) Pause Young (Normal) (G1 Evacuation Pause) 428M->429M(512M) 12.520ms
[2020-08-01T12:17:12.269+0300][134.826s][info ][gc] GC(5026) Pause Young (Normal) (G1 Evacuation Pause) 470M->471M(512M) 10.681ms
[2020-08-01T12:17:12.301+0300][134.859s][info ][gc] GC(5027) To-space exhausted
[2020-08-01T12:17:12.301+0300][134.859s][info ][gc] GC(5027) Pause Young (Normal) (G1 Evacuation Pause) 492M->500M(512M) 15.930ms
[2020-08-01T12:17:12.328+0300][134.885s][info ][gc] GC(5028) To-space exhausted
[2020-08-01T12:17:12.328+0300][134.885s][info ][gc] GC(5028) Pause Young (Normal) (G1 Evacuation Pause) 511M->511M(512M) 21.749ms
[2020-08-01T12:17:12.328+0300][134.886s][debug][gc] GC(5029) Clear Next Bitmap 0.372ms
[2020-08-01T12:17:12.367+0300][134.924s][info ][gc] GC(5029) Pause Full (G1 Evacuation Pause) 511M->61M(512M) 38.876ms
[2020-08-01T12:17:12.367+0300][134.925s][info ][gc] GC(5014) Concurrent Cycle 431.360ms
[2020-08-01T12:17:12.387+0300][134.945s][info ][gc] GC(5030) Pause Young (Normal) (G1 Evacuation Pause) 86M->87M(512M) 10.434ms
[2020-08-01T12:17:12.407+0300][134.965s][info ][gc] GC(5031) Pause Young (Normal) (G1 Evacuation Pause) 110M->111M(512M) 10.775ms
[2020-08-01T12:17:12.426+0300][134.984s][info ][gc] GC(5032) Pause Young (Normal) (G1 Evacuation Pause) 132M->133M(512M) 10.621ms
[2020-08-01T12:17:12.507+0300][135.065s][info ][gc] GC(5033) Pause Young (Normal) (G1 Evacuation Pause) 174M->175M(512M) 28.520ms
[2020-08-01T12:17:12.534+0300][135.092s][info ][gc] GC(5034) Pause Young (Normal) (G1 Evacuation Pause) 196M->198M(512M) 13.196ms
[2020-08-01T12:17:12.553+0300][135.111s][info ][gc] GC(5035) Pause Young (Normal) (G1 Evacuation Pause) 219M->221M(512M) 10.580ms
[2020-08-01T12:17:12.572+0300][135.130s][info ][gc] GC(5036) Pause Young (Normal) (G1 Evacuation Pause) 242M->243M(512M) 10.507ms
[2020-08-01T12:17:12.591+0300][135.149s][info ][gc] GC(5037) Pause Young (Concurrent Start) (G1 Evacuation Pause) 264M->265M(512M) 10.326ms
[2020-08-01T12:17:12.591+0300][135.149s][info ][gc] GC(5038) Concurrent Cycle
[2020-08-01T12:17:12.626+0300][135.183s][info ][gc] GC(5039) Pause Young (Normal) (G1 Evacuation Pause) 306M->307M(512M) 11.522ms
[2020-08-01T12:17:12.645+0300][135.203s][info ][gc] GC(5040) Pause Young (Normal) (G1 Evacuation Pause) 328M->329M(512M) 10.609ms
[2020-08-01T12:17:12.666+0300][135.224s][info ][gc] GC(5041) Pause Young (Normal) (G1 Evacuation Pause) 350M->352M(512M) 11.729ms
[2020-08-01T12:17:12.685+0300][135.243s][info ][gc] GC(5042) Pause Young (Normal) (G1 Evacuation Pause) 373M->374M(512M) 10.661ms
[2020-08-01T12:17:12.705+0300][135.263s][info ][gc] GC(5043) Pause Young (Normal) (G1 Evacuation Pause) 395M->396M(512M) 11.212ms
[2020-08-01T12:17:12.724+0300][135.282s][info ][gc] GC(5044) Pause Young (Normal) (G1 Evacuation Pause) 417M->418M(512M) 10.407ms
[2020-08-01T12:17:12.763+0300][135.321s][debug][gc] GC(5038) Reclaimed 130 empty regions
[2020-08-01T12:17:12.763+0300][135.321s][info ][gc] GC(5038) Pause Remark 443M->316M(512M) 2.685ms
[2020-08-01T12:17:12.814+0300][135.371s][info ][gc] GC(5045) Pause Young (Normal) (G1 Evacuation Pause) 331M->332M(512M) 18.356ms
[2020-08-01T12:17:12.847+0300][135.404s][info ][gc] GC(5046) Pause Young (Normal) (G1 Evacuation Pause) 353M->355M(512M) 10.919ms
[2020-08-01T12:17:12.872+0300][135.430s][info ][gc] GC(5047) Pause Young (Normal) (G1 Evacuation Pause) 376M->377M(512M) 10.583ms
[2020-08-01T12:17:12.898+0300][135.456s][info ][gc] GC(5048) Pause Young (Normal) (G1 Evacuation Pause) 398M->400M(512M) 10.323ms
[2020-08-01T12:17:12.924+0300][135.482s][info ][gc] GC(5049) Pause Young (Normal) (G1 Evacuation Pause) 421M->422M(512M) 10.657ms
[2020-08-01T12:17:12.965+0300][135.523s][info ][gc] GC(5050) Pause Young (Normal) (G1 Evacuation Pause) 463M->464M(512M) 11.093ms
[2020-08-01T12:17:12.991+0300][135.549s][info ][gc] GC(5051) To-space exhausted
[2020-08-01T12:17:12.991+0300][135.549s][info ][gc] GC(5051) Pause Young (Normal) (G1 Evacuation Pause) 485M->487M(512M) 10.798ms
[2020-08-01T12:17:13.040+0300][135.597s][info ][gc] GC(5052) To-space exhausted
[2020-08-01T12:17:13.040+0300][135.597s][info ][gc] GC(5052) Pause Young (Normal) (G1 Evacuation Pause) 508M->511M(512M) 31.679ms
[2020-08-01T12:17:13.040+0300][135.598s][debug][gc] GC(5053) Clear Next Bitmap 0.452ms
[2020-08-01T12:17:13.083+0300][135.641s][info ][gc] GC(5053) Pause Full (G1 Evacuation Pause) 511M->69M(512M) 43.278ms
[2020-08-01T12:17:13.083+0300][135.641s][info ][gc] GC(5038) Concurrent Cycle 492.159ms
[2020-08-01T12:17:13.105+0300][135.663s][info ][gc] GC(5054) Pause Young (Normal) (G1 Evacuation Pause) 94M->95M(512M) 11.883ms
[2020-08-01T12:17:13.124+0300][135.682s][info ][gc] GC(5055) Pause Young (Normal) (G1 Evacuation Pause) 116M->117M(512M) 10.605ms
[2020-08-01T12:17:13.143+0300][135.701s][info ][gc] GC(5056) Pause Young (Normal) (G1 Evacuation Pause) 138M->139M(512M) 10.558ms
[2020-08-01T12:17:13.226+0300][135.783s][info ][gc] GC(5057) Pause Young (Normal) (G1 Evacuation Pause) 180M->181M(512M) 19.426ms
[2020-08-01T12:17:13.248+0300][135.806s][info ][gc] GC(5058) Pause Young (Normal) (G1 Evacuation Pause) 202M->204M(512M) 11.366ms
[2020-08-01T12:17:13.267+0300][135.825s][info ][gc] GC(5059) Pause Young (Normal) (G1 Evacuation Pause) 225M->226M(512M) 10.680ms
[2020-08-01T12:17:13.286+0300][135.844s][info ][gc] GC(5060) Pause Young (Normal) (G1 Evacuation Pause) 247M->249M(512M) 10.606ms
[2020-08-01T12:17:13.306+0300][135.864s][info ][gc] GC(5061) Pause Young (Concurrent Start) (G1 Evacuation Pause) 270M->271M(512M) 11.144ms
[2020-08-01T12:17:13.306+0300][135.864s][info ][gc] GC(5062) Concurrent Cycle
[2020-08-01T12:17:13.339+0300][135.897s][info ][gc] GC(5063) Pause Young (Normal) (G1 Evacuation Pause) 312M->313M(512M) 11.279ms
[2020-08-01T12:17:13.359+0300][135.917s][info ][gc] GC(5064) Pause Young (Normal) (G1 Evacuation Pause) 334M->336M(512M) 11.045ms
[2020-08-01T12:17:13.379+0300][135.937s][info ][gc] GC(5065) Pause Young (Normal) (G1 Evacuation Pause) 357M->358M(512M) 11.357ms
[2020-08-01T12:17:13.399+0300][135.957s][info ][gc] GC(5066) Pause Young (Normal) (G1 Evacuation Pause) 379M->381M(512M) 11.395ms
[2020-08-01T12:17:13.419+0300][135.977s][info ][gc] GC(5067) Pause Young (Normal) (G1 Evacuation Pause) 402M->403M(512M) 11.067ms
[2020-08-01T12:17:13.461+0300][136.019s][info ][gc] GC(5068) Pause Young (Normal) (G1 Evacuation Pause) 444M->446M(512M) 10.990ms
[2020-08-01T12:17:13.469+0300][136.027s][debug][gc] GC(5062) Reclaimed 132 empty regions
[2020-08-01T12:17:13.469+0300][136.027s][info ][gc] GC(5062) Pause Remark 463M->333M(512M) 0.702ms
[2020-08-01T12:17:13.485+0300][136.042s][info ][gc] GC(5069) Pause Young (Normal) (G1 Evacuation Pause) 337M->338M(512M) 13.561ms
[2020-08-01T12:17:13.513+0300][136.071s][info ][gc] GC(5070) Pause Young (Normal) (G1 Evacuation Pause) 359M->361M(512M) 12.846ms
[2020-08-01T12:17:13.540+0300][136.098s][info ][gc] GC(5071) Pause Young (Normal) (G1 Evacuation Pause) 382M->383M(512M) 10.858ms
[2020-08-01T12:17:13.567+0300][136.125s][info ][gc] GC(5072) Pause Young (Normal) (G1 Evacuation Pause) 404M->405M(512M) 10.617ms
[2020-08-01T12:17:13.592+0300][136.150s][info ][gc] GC(5073) Pause Young (Normal) (G1 Evacuation Pause) 426M->427M(512M) 10.830ms
[2020-08-01T12:17:13.637+0300][136.195s][info ][gc] GC(5074) Pause Young (Normal) (G1 Evacuation Pause) 468M->470M(512M) 11.069ms
[2020-08-01T12:17:13.669+0300][136.227s][info ][gc] GC(5075) To-space exhausted
[2020-08-01T12:17:13.669+0300][136.227s][info ][gc] GC(5075) Pause Young (Normal) (G1 Evacuation Pause) 491M->498M(512M) 14.524ms
[2020-08-01T12:17:13.707+0300][136.265s][info ][gc] GC(5076) To-space exhausted
[2020-08-01T12:17:13.707+0300][136.265s][info ][gc] GC(5076) Pause Young (Normal) (G1 Evacuation Pause) 511M->511M(512M) 24.331ms
[2020-08-01T12:17:13.708+0300][136.265s][debug][gc] GC(5077) Clear Next Bitmap 0.336ms
[2020-08-01T12:17:13.750+0300][136.308s][info ][gc] GC(5077) Pause Full (G1 Evacuation Pause) 511M->68M(512M) 42.955ms
[2020-08-01T12:17:13.750+0300][136.308s][info ][gc] GC(5062) Concurrent Cycle 444.066ms
[2020-08-01T12:17:13.771+0300][136.329s][info ][gc] GC(5078) Pause Young (Normal) (G1 Evacuation Pause) 93M->93M(512M) 10.492ms
[2020-08-01T12:17:13.791+0300][136.349s][info ][gc] GC(5079) Pause Young (Normal) (G1 Evacuation Pause) 115M->117M(512M) 11.338ms
[2020-08-01T12:17:13.811+0300][136.369s][info ][gc] GC(5080) Pause Young (Normal) (G1 Evacuation Pause) 138M->139M(512M) 11.720ms
[2020-08-01T12:17:13.895+0300][136.453s][info ][gc] GC(5081) Pause Young (Normal) (G1 Evacuation Pause) 180M->181M(512M) 29.002ms
[2020-08-01T12:17:13.916+0300][136.474s][info ][gc] GC(5082) Pause Young (Normal) (G1 Evacuation Pause) 202M->204M(512M) 10.526ms
[2020-08-01T12:17:13.936+0300][136.494s][info ][gc] GC(5083) Pause Young (Normal) (G1 Evacuation Pause) 225M->227M(512M) 11.809ms
[2020-08-01T12:17:13.955+0300][136.513s][info ][gc] GC(5084) Pause Young (Normal) (G1 Evacuation Pause) 248M->250M(512M) 10.544ms
[2020-08-01T12:17:13.975+0300][136.533s][info ][gc] GC(5085) Pause Young (Concurrent Start) (G1 Evacuation Pause) 271M->272M(512M) 11.492ms
[2020-08-01T12:17:13.975+0300][136.533s][info ][gc] GC(5086) Concurrent Cycle
[2020-08-01T12:17:14.009+0300][136.566s][info ][gc] GC(5087) Pause Young (Normal) (G1 Evacuation Pause) 313M->314M(512M) 10.907ms
[2020-08-01T12:17:14.028+0300][136.586s][info ][gc] GC(5088) Pause Young (Normal) (G1 Evacuation Pause) 335M->337M(512M) 10.983ms
[2020-08-01T12:17:14.047+0300][136.605s][info ][gc] GC(5089) Pause Young (Normal) (G1 Evacuation Pause) 358M->360M(512M) 10.582ms
[2020-08-01T12:17:14.067+0300][136.624s][info ][gc] GC(5090) Pause Young (Normal) (G1 Evacuation Pause) 381M->382M(512M) 10.484ms
[2020-08-01T12:17:14.086+0300][136.643s][info ][gc] GC(5091) Pause Young (Normal) (G1 Evacuation Pause) 403M->404M(512M) 10.209ms
[2020-08-01T12:17:14.105+0300][136.662s][info ][gc] GC(5092) Pause Young (Normal) (G1 Evacuation Pause) 425M->426M(512M) 10.335ms
[2020-08-01T12:17:14.139+0300][136.696s][info ][gc] GC(5093) Pause Young (Normal) (G1 Evacuation Pause) 467M->469M(512M) 10.653ms
[2020-08-01T12:17:14.143+0300][136.701s][debug][gc] GC(5086) Reclaimed 127 empty regions
[2020-08-01T12:17:14.143+0300][136.701s][info ][gc] GC(5086) Pause Remark 478M->353M(512M) 0.706ms
[2020-08-01T12:17:14.159+0300][136.717s][info ][gc] GC(5094) Pause Young (Normal) (G1 Evacuation Pause) 366M->367M(512M) 10.710ms
[2020-08-01T12:17:14.187+0300][136.744s][info ][gc] GC(5095) Pause Young (Normal) (G1 Evacuation Pause) 388M->389M(512M) 11.017ms
[2020-08-01T12:17:14.215+0300][136.772s][info ][gc] GC(5096) Pause Young (Normal) (G1 Evacuation Pause) 410M->411M(512M) 11.681ms
[2020-08-01T12:17:14.241+0300][136.799s][info ][gc] GC(5097) Pause Young (Normal) (G1 Evacuation Pause) 432M->434M(512M) 10.550ms
[2020-08-01T12:17:14.291+0300][136.849s][info ][gc] GC(5098) Pause Young (Normal) (G1 Evacuation Pause) 475M->477M(512M) 10.619ms
[2020-08-01T12:17:14.328+0300][136.886s][info ][gc] GC(5099) To-space exhausted
[2020-08-01T12:17:14.328+0300][136.886s][info ][gc] GC(5099) Pause Young (Normal) (G1 Evacuation Pause) 498M->504M(512M) 21.291ms
[2020-08-01T12:17:14.355+0300][136.913s][info ][gc] GC(5100) To-space exhausted
[2020-08-01T12:17:14.355+0300][136.913s][info ][gc] GC(5100) Pause Young (Normal) (G1 Evacuation Pause) 511M->511M(512M) 15.934ms
[2020-08-01T12:17:14.356+0300][136.913s][debug][gc] GC(5101) Clear Next Bitmap 0.347ms
[2020-08-01T12:17:14.394+0300][136.952s][info ][gc] GC(5101) Pause Full (G1 Evacuation Pause) 511M->61M(512M) 39.248ms
[2020-08-01T12:17:14.395+0300][136.952s][info ][gc] GC(5086) Concurrent Cycle 419.192ms
[2020-08-01T12:17:14.415+0300][136.973s][info ][gc] GC(5102) Pause Young (Normal) (G1 Evacuation Pause) 86M->86M(512M) 10.691ms
[2020-08-01T12:17:14.435+0300][136.992s][info ][gc] GC(5103) Pause Young (Normal) (G1 Evacuation Pause) 107M->108M(512M) 10.631ms
[2020-08-01T12:17:14.454+0300][137.012s][info ][gc] GC(5104) Pause Young (Normal) (G1 Evacuation Pause) 129M->131M(512M) 11.107ms
[2020-08-01T12:17:14.515+0300][137.073s][info ][gc] GC(5105) Pause Young (Normal) (G1 Evacuation Pause) 172M->174M(512M) 18.853ms
[2020-08-01T12:17:14.537+0300][137.095s][info ][gc] GC(5106) Pause Young (Normal) (G1 Evacuation Pause) 195M->196M(512M) 11.283ms
[2020-08-01T12:17:14.556+0300][137.114s][info ][gc] GC(5107) Pause Young (Normal) (G1 Evacuation Pause) 217M->218M(512M) 10.789ms
[2020-08-01T12:17:14.575+0300][137.133s][info ][gc] GC(5108) Pause Young (Normal) (G1 Evacuation Pause) 239M->241M(512M) 10.690ms
[2020-08-01T12:17:14.595+0300][137.152s][info ][gc] GC(5109) Pause Young (Concurrent Start) (G1 Evacuation Pause) 262M->263M(512M) 10.858ms
[2020-08-01T12:17:14.595+0300][137.152s][info ][gc] GC(5110) Concurrent Cycle
[2020-08-01T12:17:14.632+0300][137.189s][info ][gc] GC(5111) Pause Young (Normal) (G1 Evacuation Pause) 304M->305M(512M) 12.147ms
[2020-08-01T12:17:14.652+0300][137.210s][info ][gc] GC(5112) Pause Young (Normal) (G1 Evacuation Pause) 326M->328M(512M) 11.584ms
[2020-08-01T12:17:14.672+0300][137.230s][info ][gc] GC(5113) Pause Young (Normal) (G1 Evacuation Pause) 349M->350M(512M) 10.962ms
[2020-08-01T12:17:14.692+0300][137.249s][info ][gc] GC(5114) Pause Young (Normal) (G1 Evacuation Pause) 371M->373M(512M) 10.568ms
[2020-08-01T12:17:14.713+0300][137.271s][info ][gc] GC(5115) Pause Young (Normal) (G1 Evacuation Pause) 394M->395M(512M) 12.651ms
[2020-08-01T12:17:14.735+0300][137.292s][info ][gc] GC(5116) Pause Young (Normal) (G1 Evacuation Pause) 416M->418M(512M) 12.774ms
[2020-08-01T12:17:14.753+0300][137.311s][debug][gc] GC(5110) Reclaimed 129 empty regions
[2020-08-01T12:17:14.753+0300][137.311s][info ][gc] GC(5110) Pause Remark 425M->300M(512M) 0.729ms
[2020-08-01T12:17:14.776+0300][137.333s][info ][gc] GC(5117) Pause Young (Normal) (G1 Evacuation Pause) 333M->334M(512M) 10.839ms
[2020-08-01T12:17:14.802+0300][137.360s][info ][gc] GC(5118) Pause Young (Normal) (G1 Evacuation Pause) 355M->356M(512M) 10.421ms
[2020-08-01T12:17:14.831+0300][137.389s][info ][gc] GC(5119) Pause Young (Normal) (G1 Evacuation Pause) 377M->378M(512M) 12.171ms
[2020-08-01T12:17:14.857+0300][137.415s][info ][gc] GC(5120) Pause Young (Normal) (G1 Evacuation Pause) 399M->400M(512M) 10.833ms
[2020-08-01T12:17:14.885+0300][137.443s][info ][gc] GC(5121) Pause Young (Normal) (G1 Evacuation Pause) 421M->423M(512M) 10.821ms
[2020-08-01T12:17:14.927+0300][137.485s][info ][gc] GC(5122) Pause Young (Normal) (G1 Evacuation Pause) 464M->465M(512M) 11.386ms
[2020-08-01T12:17:14.952+0300][137.509s][info ][gc] GC(5123) To-space exhausted
[2020-08-01T12:17:14.952+0300][137.509s][info ][gc] GC(5123) Pause Young (Normal) (G1 Evacuation Pause) 486M->488M(512M) 11.351ms
[2020-08-01T12:17:15.001+0300][137.558s][info ][gc] GC(5124) To-space exhausted
[2020-08-01T12:17:15.001+0300][137.558s][info ][gc] GC(5124) Pause Young (Normal) (G1 Evacuation Pause) 509M->511M(512M) 32.819ms
[2020-08-01T12:17:15.001+0300][137.559s][debug][gc] GC(5125) Clear Next Bitmap 0.276ms
[2020-08-01T12:17:15.042+0300][137.600s][info ][gc] GC(5125) Pause Full (G1 Evacuation Pause) 511M->66M(512M) 41.099ms
[2020-08-01T12:17:15.042+0300][137.600s][info ][gc] GC(5110) Concurrent Cycle 447.403ms
[2020-08-01T12:17:15.063+0300][137.620s][info ][gc] GC(5126) Pause Young (Normal) (G1 Evacuation Pause) 91M->92M(512M) 10.693ms
[2020-08-01T12:17:15.083+0300][137.641s][info ][gc] GC(5127) Pause Young (Normal) (G1 Evacuation Pause) 114M->115M(512M) 11.441ms
[2020-08-01T12:17:15.102+0300][137.660s][info ][gc] GC(5128) Pause Young (Normal) (G1 Evacuation Pause) 136M->137M(512M) 10.424ms
[2020-08-01T12:17:15.134+0300][137.692s][info ][gc] GC(5129) Pause Young (Normal) (G1 Evacuation Pause) 178M->179M(512M) 11.151ms
[2020-08-01T12:17:15.154+0300][137.711s][info ][gc] GC(5130) Pause Young (Normal) (G1 Evacuation Pause) 200M->202M(512M) 11.119ms
[2020-08-01T12:17:15.173+0300][137.731s][info ][gc] GC(5131) Pause Young (Normal) (G1 Evacuation Pause) 223M->224M(512M) 11.124ms
[2020-08-01T12:17:15.192+0300][137.750s][info ][gc] GC(5132) Pause Young (Normal) (G1 Evacuation Pause) 245M->247M(512M) 10.496ms
[2020-08-01T12:17:15.211+0300][137.769s][info ][gc] GC(5133) Pause Young (Concurrent Start) (G1 Evacuation Pause) 268M->270M(512M) 11.120ms
[2020-08-01T12:17:15.212+0300][137.769s][info ][gc] GC(5134) Concurrent Cycle
[2020-08-01T12:17:15.247+0300][137.805s][info ][gc] GC(5135) Pause Young (Normal) (G1 Evacuation Pause) 311M->313M(512M) 11.317ms
[2020-08-01T12:17:15.269+0300][137.827s][info ][gc] GC(5136) Pause Young (Normal) (G1 Evacuation Pause) 334M->335M(512M) 12.034ms
[2020-08-01T12:17:15.289+0300][137.847s][info ][gc] GC(5137) Pause Young (Normal) (G1 Evacuation Pause) 356M->357M(512M) 11.368ms
[2020-08-01T12:17:15.312+0300][137.870s][info ][gc] GC(5138) Pause Young (Normal) (G1 Evacuation Pause) 378M->378M(512M) 12.799ms
[2020-08-01T12:17:15.332+0300][137.890s][info ][gc] GC(5139) Pause Young (Normal) (G1 Evacuation Pause) 399M->401M(512M) 10.893ms
[2020-08-01T12:17:15.352+0300][137.910s][info ][gc] GC(5140) Pause Young (Normal) (G1 Evacuation Pause) 422M->424M(512M) 10.816ms
[2020-08-01T12:17:15.375+0300][137.932s][debug][gc] GC(5134) Reclaimed 133 empty regions
[2020-08-01T12:17:15.375+0300][137.933s][info ][gc] GC(5134) Pause Remark 463M->333M(512M) 0.761ms
[2020-08-01T12:17:15.388+0300][137.946s][info ][gc] GC(5141) Pause Young (Normal) (G1 Evacuation Pause) 335M->336M(512M) 12.624ms
[2020-08-01T12:17:15.417+0300][137.975s][info ][gc] GC(5142) Pause Young (Normal) (G1 Evacuation Pause) 357M->359M(512M) 11.335ms
[2020-08-01T12:17:15.448+0300][138.006s][info ][gc] GC(5143) Pause Young (Normal) (G1 Evacuation Pause) 380M->381M(512M) 13.544ms
[2020-08-01T12:17:15.476+0300][138.034s][info ][gc] GC(5144) Pause Young (Normal) (G1 Evacuation Pause) 402M->403M(512M) 10.781ms
[2020-08-01T12:17:15.505+0300][138.063s][info ][gc] GC(5145) Pause Young (Normal) (G1 Evacuation Pause) 424M->426M(512M) 11.877ms
[2020-08-01T12:17:15.548+0300][138.106s][info ][gc] GC(5146) Pause Young (Normal) (G1 Evacuation Pause) 467M->468M(512M) 11.476ms
[2020-08-01T12:17:15.580+0300][138.138s][info ][gc] GC(5147) To-space exhausted
[2020-08-01T12:17:15.580+0300][138.138s][info ][gc] GC(5147) Pause Young (Normal) (G1 Evacuation Pause) 489M->494M(512M) 15.117ms
[2020-08-01T12:17:15.624+0300][138.182s][info ][gc] GC(5148) To-space exhausted
[2020-08-01T12:17:15.624+0300][138.182s][info ][gc] GC(5148) Pause Young (Normal) (G1 Evacuation Pause) 511M->511M(512M) 28.616ms
[2020-08-01T12:17:15.625+0300][138.182s][debug][gc] GC(5149) Clear Next Bitmap 0.432ms
[2020-08-01T12:17:15.668+0300][138.225s][info ][gc] GC(5149) Pause Full (G1 Evacuation Pause) 511M->70M(512M) 43.428ms
[2020-08-01T12:17:15.668+0300][138.226s][info ][gc] GC(5134) Concurrent Cycle 456.222ms
[2020-08-01T12:17:15.693+0300][138.251s][info ][gc] GC(5150) Pause Young (Normal) (G1 Evacuation Pause) 96M->96M(512M) 14.036ms
[2020-08-01T12:17:15.713+0300][138.271s][info ][gc] GC(5151) Pause Young (Normal) (G1 Evacuation Pause) 118M->120M(512M) 11.843ms
[2020-08-01T12:17:15.749+0300][138.307s][info ][gc] GC(5152) Pause Young (Normal) (G1 Evacuation Pause) 161M->163M(512M) 10.901ms
[2020-08-01T12:17:15.768+0300][138.326s][info ][gc] GC(5153) Pause Young (Normal) (G1 Evacuation Pause) 184M->185M(512M) 10.505ms
[2020-08-01T12:17:15.787+0300][138.345s][info ][gc] GC(5154) Pause Young (Normal) (G1 Evacuation Pause) 206M->207M(512M) 10.656ms
[2020-08-01T12:17:15.806+0300][138.363s][info ][gc] GC(5155) Pause Young (Normal) (G1 Evacuation Pause) 228M->230M(512M) 9.771ms
[2020-08-01T12:17:15.825+0300][138.383s][info ][gc] GC(5156) Pause Young (Normal) (G1 Evacuation Pause) 251M->252M(512M) 11.060ms
[2020-08-01T12:17:15.845+0300][138.402s][info ][gc] GC(5157) Pause Young (Concurrent Start) (G1 Evacuation Pause) 273M->274M(512M) 11.114ms
[2020-08-01T12:17:15.845+0300][138.403s][info ][gc] GC(5158) Concurrent Cycle
[2020-08-01T12:17:15.891+0300][138.449s][info ][gc] GC(5159) Pause Young (Normal) (G1 Evacuation Pause) 315M->317M(512M) 12.024ms
[2020-08-01T12:17:15.910+0300][138.468s][info ][gc] GC(5160) Pause Young (Normal) (G1 Evacuation Pause) 338M->339M(512M) 10.240ms
[2020-08-01T12:17:15.929+0300][138.487s][info ][gc] GC(5161) Pause Young (Normal) (G1 Evacuation Pause) 360M->361M(512M) 10.549ms
[2020-08-01T12:17:15.949+0300][138.507s][info ][gc] GC(5162) Pause Young (Normal) (G1 Evacuation Pause) 382M->384M(512M) 10.819ms
[2020-08-01T12:17:15.968+0300][138.526s][info ][gc] GC(5163) Pause Young (Normal) (G1 Evacuation Pause) 405M->406M(512M) 10.800ms
[2020-08-01T12:17:15.995+0300][138.553s][debug][gc] GC(5158) Reclaimed 128 empty regions
[2020-08-01T12:17:15.995+0300][138.553s][info ][gc] GC(5158) Pause Remark 423M->297M(512M) 0.648ms
[2020-08-01T12:17:16.011+0300][138.569s][info ][gc] GC(5164) Pause Young (Normal) (G1 Evacuation Pause) 320M->321M(512M) 11.383ms
[2020-08-01T12:17:16.041+0300][138.599s][info ][gc] GC(5165) Pause Young (Normal) (G1 Evacuation Pause) 342M->344M(512M) 10.585ms
[2020-08-01T12:17:16.068+0300][138.625s][info ][gc] GC(5166) Pause Young (Normal) (G1 Evacuation Pause) 365M->366M(512M) 10.621ms
[2020-08-01T12:17:16.094+0300][138.652s][info ][gc] GC(5167) Pause Young (Normal) (G1 Evacuation Pause) 387M->389M(512M) 10.726ms
[2020-08-01T12:17:16.120+0300][138.678s][info ][gc] GC(5168) Pause Young (Normal) (G1 Evacuation Pause) 410M->412M(512M) 10.607ms
[2020-08-01T12:17:16.147+0300][138.705s][info ][gc] GC(5169) Pause Young (Normal) (G1 Evacuation Pause) 433M->434M(512M) 10.496ms
[2020-08-01T12:17:16.189+0300][138.747s][info ][gc] GC(5170) Pause Young (Normal) (G1 Evacuation Pause) 475M->476M(512M) 11.858ms
[2020-08-01T12:17:16.228+0300][138.785s][info ][gc] GC(5171) To-space exhausted
[2020-08-01T12:17:16.228+0300][138.786s][info ][gc] GC(5171) Pause Young (Normal) (G1 Evacuation Pause) 497M->506M(512M) 21.922ms
[2020-08-01T12:17:16.251+0300][138.809s][info ][gc] GC(5172) To-space exhausted
[2020-08-01T12:17:16.251+0300][138.809s][info ][gc] GC(5172) Pause Young (Normal) (G1 Evacuation Pause) 511M->511M(512M) 13.180ms
[2020-08-01T12:17:16.252+0300][138.810s][debug][gc] GC(5173) Clear Next Bitmap 0.386ms
[2020-08-01T12:17:16.296+0300][138.854s][info ][gc] GC(5173) Pause Full (G1 Evacuation Pause) 511M->62M(512M) 44.340ms
[2020-08-01T12:17:16.296+0300][138.854s][info ][gc] GC(5158) Concurrent Cycle 451.218ms
[2020-08-01T12:17:16.318+0300][138.876s][info ][gc] GC(5174) Pause Young (Normal) (G1 Evacuation Pause) 88M->88M(512M) 11.444ms
[2020-08-01T12:17:16.340+0300][138.898s][info ][gc] GC(5175) Pause Young (Normal) (G1 Evacuation Pause) 112M->113M(512M) 12.609ms
[2020-08-01T12:17:16.359+0300][138.917s][info ][gc] GC(5176) Pause Young (Normal) (G1 Evacuation Pause) 134M->135M(512M) 10.578ms
[2020-08-01T12:17:16.449+0300][139.007s][info ][gc] GC(5177) Pause Young (Normal) (G1 Evacuation Pause) 176M->177M(512M) 24.357ms
[2020-08-01T12:17:16.473+0300][139.031s][info ][gc] GC(5178) Pause Young (Normal) (G1 Evacuation Pause) 198M->200M(512M) 12.214ms
[2020-08-01T12:17:16.492+0300][139.050s][info ][gc] GC(5179) Pause Young (Normal) (G1 Evacuation Pause) 221M->223M(512M) 11.128ms
[2020-08-01T12:17:16.512+0300][139.070s][info ][gc] GC(5180) Pause Young (Normal) (G1 Evacuation Pause) 244M->245M(512M) 11.458ms
[2020-08-01T12:17:16.532+0300][139.090s][info ][gc] GC(5181) Pause Young (Concurrent Start) (G1 Evacuation Pause) 266M->267M(512M) 11.482ms
[2020-08-01T12:17:16.532+0300][139.090s][info ][gc] GC(5182) Concurrent Cycle
[2020-08-01T12:17:16.572+0300][139.130s][info ][gc] GC(5183) Pause Young (Normal) (G1 Evacuation Pause) 308M->310M(512M) 11.407ms
[2020-08-01T12:17:16.592+0300][139.150s][info ][gc] GC(5184) Pause Young (Normal) (G1 Evacuation Pause) 331M->332M(512M) 10.843ms
[2020-08-01T12:17:16.612+0300][139.170s][info ][gc] GC(5185) Pause Young (Normal) (G1 Evacuation Pause) 353M->354M(512M) 11.329ms
[2020-08-01T12:17:16.634+0300][139.191s][info ][gc] GC(5186) Pause Young (Normal) (G1 Evacuation Pause) 375M->377M(512M) 12.199ms
[2020-08-01T12:17:16.653+0300][139.211s][info ][gc] GC(5187) Pause Young (Normal) (G1 Evacuation Pause) 398M->399M(512M) 11.002ms
[2020-08-01T12:17:16.674+0300][139.231s][info ][gc] GC(5188) Pause Young (Normal) (G1 Evacuation Pause) 420M->421M(512M) 10.376ms
[2020-08-01T12:17:16.692+0300][139.250s][debug][gc] GC(5182) Reclaimed 129 empty regions
[2020-08-01T12:17:16.692+0300][139.250s][info ][gc] GC(5182) Pause Remark 424M->296M(512M) 0.672ms
[2020-08-01T12:17:16.716+0300][139.274s][info ][gc] GC(5189) Pause Young (Normal) (G1 Evacuation Pause) 335M->336M(512M) 11.160ms
[2020-08-01T12:17:16.744+0300][139.302s][info ][gc] GC(5190) Pause Young (Normal) (G1 Evacuation Pause) 357M->358M(512M) 10.632ms
[2020-08-01T12:17:16.771+0300][139.329s][info ][gc] GC(5191) Pause Young (Normal) (G1 Evacuation Pause) 379M->380M(512M) 10.940ms
[2020-08-01T12:17:16.800+0300][139.357s][info ][gc] GC(5192) Pause Young (Normal) (G1 Evacuation Pause) 401M->402M(512M) 12.123ms
[2020-08-01T12:17:16.826+0300][139.384s][info ][gc] GC(5193) Pause Young (Normal) (G1 Evacuation Pause) 423M->424M(512M) 10.413ms
[2020-08-01T12:17:16.868+0300][139.426s][info ][gc] GC(5194) Pause Young (Normal) (G1 Evacuation Pause) 465M->467M(512M) 11.759ms
[2020-08-01T12:17:16.897+0300][139.455s][info ][gc] GC(5195) To-space exhausted
[2020-08-01T12:17:16.897+0300][139.455s][info ][gc] GC(5195) Pause Young (Normal) (G1 Evacuation Pause) 488M->490M(512M) 11.980ms
[2020-08-01T12:17:16.946+0300][139.504s][info ][gc] GC(5196) To-space exhausted
[2020-08-01T12:17:16.946+0300][139.504s][info ][gc] GC(5196) Pause Young (Normal) (G1 Evacuation Pause) 511M->511M(512M) 33.743ms
[2020-08-01T12:17:16.947+0300][139.504s][debug][gc] GC(5197) Clear Next Bitmap 0.271ms
[2020-08-01T12:17:16.990+0300][139.548s][info ][gc] GC(5197) Pause Full (G1 Evacuation Pause) 511M->72M(512M) 44.003ms
[2020-08-01T12:17:16.991+0300][139.548s][info ][gc] GC(5182) Concurrent Cycle 458.287ms
[2020-08-01T12:17:17.011+0300][139.569s][info ][gc] GC(5198) Pause Young (Normal) (G1 Evacuation Pause) 97M->97M(512M) 10.752ms
[2020-08-01T12:17:17.030+0300][139.587s][info ][gc] GC(5199) Pause Young (Normal) (G1 Evacuation Pause) 118M->119M(512M) 10.173ms
[2020-08-01T12:17:17.087+0300][139.644s][info ][gc] GC(5200) Pause Young (Normal) (G1 Evacuation Pause) 160M->161M(512M) 23.805ms
[2020-08-01T12:17:17.110+0300][139.668s][info ][gc] GC(5201) Pause Young (Normal) (G1 Evacuation Pause) 182M->183M(512M) 11.861ms
[2020-08-01T12:17:17.129+0300][139.687s][info ][gc] GC(5202) Pause Young (Normal) (G1 Evacuation Pause) 204M->206M(512M) 10.827ms
[2020-08-01T12:17:17.151+0300][139.709s][info ][gc] GC(5203) Pause Young (Normal) (G1 Evacuation Pause) 227M->228M(512M) 13.288ms
[2020-08-01T12:17:17.172+0300][139.730s][info ][gc] GC(5204) Pause Young (Normal) (G1 Evacuation Pause) 249M->250M(512M) 12.078ms
[2020-08-01T12:17:17.192+0300][139.749s][info ][gc] GC(5205) Pause Young (Concurrent Start) (G1 Evacuation Pause) 271M->272M(512M) 10.547ms
[2020-08-01T12:17:17.192+0300][139.749s][info ][gc] GC(5206) Concurrent Cycle
[2020-08-01T12:17:17.225+0300][139.783s][info ][gc] GC(5207) Pause Young (Normal) (G1 Evacuation Pause) 313M->314M(512M) 10.612ms
[2020-08-01T12:17:17.244+0300][139.802s][info ][gc] GC(5208) Pause Young (Normal) (G1 Evacuation Pause) 335M->336M(512M) 10.434ms
[2020-08-01T12:17:17.263+0300][139.821s][info ][gc] GC(5209) Pause Young (Normal) (G1 Evacuation Pause) 357M->358M(512M) 10.483ms
[2020-08-01T12:17:17.283+0300][139.841s][info ][gc] GC(5210) Pause Young (Normal) (G1 Evacuation Pause) 379M->381M(512M) 11.112ms
[2020-08-01T12:17:17.303+0300][139.861s][info ][gc] GC(5211) Pause Young (Normal) (G1 Evacuation Pause) 402M->403M(512M) 10.596ms
[2020-08-01T12:17:17.337+0300][139.894s][info ][gc] GC(5212) Pause Young (Normal) (G1 Evacuation Pause) 444M->446M(512M) 11.197ms
[2020-08-01T12:17:17.356+0300][139.914s][info ][gc] GC(5213) Pause Young (Normal) (G1 Evacuation Pause) 467M->468M(512M) 10.212ms
[2020-08-01T12:17:17.363+0300][139.921s][debug][gc] GC(5206) Reclaimed 131 empty regions
[2020-08-01T12:17:17.364+0300][139.921s][info ][gc] GC(5206) Pause Remark 485M->357M(512M) 0.729ms
[2020-08-01T12:17:17.377+0300][139.934s][info ][gc] GC(5214) Pause Young (Normal) (G1 Evacuation Pause) 361M->362M(512M) 11.327ms
[2020-08-01T12:17:17.404+0300][139.962s][info ][gc] GC(5215) Pause Young (Normal) (G1 Evacuation Pause) 383M->385M(512M) 12.088ms
[2020-08-01T12:17:17.431+0300][139.989s][info ][gc] GC(5216) Pause Young (Normal) (G1 Evacuation Pause) 406M->408M(512M) 10.463ms
[2020-08-01T12:17:17.457+0300][140.014s][info ][gc] GC(5217) Pause Young (Normal) (G1 Evacuation Pause) 429M->430M(512M) 10.750ms
[2020-08-01T12:17:17.499+0300][140.057s][info ][gc] GC(5218) Pause Young (Normal) (G1 Evacuation Pause) 471M->473M(512M) 11.705ms
[2020-08-01T12:17:17.534+0300][140.092s][info ][gc] GC(5219) To-space exhausted
[2020-08-01T12:17:17.534+0300][140.092s][info ][gc] GC(5219) Pause Young (Normal) (G1 Evacuation Pause) 494M->500M(512M) 18.717ms
[2020-08-01T12:17:17.567+0300][140.125s][info ][gc] GC(5220) To-space exhausted
[2020-08-01T12:17:17.568+0300][140.125s][info ][gc] GC(5220) Pause Young (Normal) (G1 Evacuation Pause) 511M->511M(512M) 20.831ms
[2020-08-01T12:17:17.568+0300][140.126s][debug][gc] GC(5221) Clear Next Bitmap 0.340ms
[2020-08-01T12:17:17.608+0300][140.166s][info ][gc] GC(5221) Pause Full (G1 Evacuation Pause) 511M->68M(512M) 40.569ms
[2020-08-01T12:17:17.608+0300][140.166s][info ][gc] GC(5206) Concurrent Cycle 416.832ms
[2020-08-01T12:17:17.629+0300][140.187s][info ][gc] GC(5222) Pause Young (Normal) (G1 Evacuation Pause) 93M->94M(512M) 10.650ms
[2020-08-01T12:17:17.649+0300][140.207s][info ][gc] GC(5223) Pause Young (Normal) (G1 Evacuation Pause) 116M->117M(512M) 11.441ms
[2020-08-01T12:17:17.671+0300][140.228s][info ][gc] GC(5224) Pause Young (Normal) (G1 Evacuation Pause) 138M->140M(512M) 12.440ms
[2020-08-01T12:17:17.706+0300][140.263s][info ][gc] GC(5225) Pause Young (Normal) (G1 Evacuation Pause) 181M->182M(512M) 12.385ms
[2020-08-01T12:17:17.725+0300][140.283s][info ][gc] GC(5226) Pause Young (Normal) (G1 Evacuation Pause) 203M->204M(512M) 10.746ms
[2020-08-01T12:17:17.744+0300][140.302s][info ][gc] GC(5227) Pause Young (Normal) (G1 Evacuation Pause) 225M->227M(512M) 10.857ms
[2020-08-01T12:17:17.769+0300][140.327s][info ][gc] GC(5228) Pause Young (Normal) (G1 Evacuation Pause) 248M->249M(512M) 15.354ms
[2020-08-01T12:17:17.791+0300][140.349s][info ][gc] GC(5229) Pause Young (Concurrent Start) (G1 Evacuation Pause) 270M->272M(512M) 13.529ms
[2020-08-01T12:17:17.791+0300][140.349s][info ][gc] GC(5230) Concurrent Cycle
[2020-08-01T12:17:17.833+0300][140.391s][info ][gc] GC(5231) Pause Young (Normal) (G1 Evacuation Pause) 313M->313M(512M) 14.689ms
[2020-08-01T12:17:17.856+0300][140.414s][info ][gc] GC(5232) Pause Young (Normal) (G1 Evacuation Pause) 334M->336M(512M) 13.683ms
[2020-08-01T12:17:17.881+0300][140.439s][info ][gc] GC(5233) Pause Young (Normal) (G1 Evacuation Pause) 357M->358M(512M) 14.123ms
[2020-08-01T12:17:17.903+0300][140.461s][info ][gc] GC(5234) Pause Young (Normal) (G1 Evacuation Pause) 379M->380M(512M) 12.669ms
[2020-08-01T12:17:17.925+0300][140.482s][info ][gc] GC(5235) Pause Young (Normal) (G1 Evacuation Pause) 401M->402M(512M) 12.681ms
[2020-08-01T12:17:17.966+0300][140.524s][info ][gc] GC(5236) Pause Young (Normal) (G1 Evacuation Pause) 443M->445M(512M) 11.793ms
[2020-08-01T12:17:17.985+0300][140.543s][info ][gc] GC(5237) Pause Young (Normal) (G1 Evacuation Pause) 466M->467M(512M) 10.712ms
[2020-08-01T12:17:17.986+0300][140.544s][debug][gc] GC(5230) Reclaimed 135 empty regions
[2020-08-01T12:17:17.986+0300][140.544s][info ][gc] GC(5230) Pause Remark 468M->337M(512M) 0.705ms
[2020-08-01T12:17:18.005+0300][140.563s][info ][gc] GC(5238) Pause Young (Normal) (G1 Evacuation Pause) 357M->359M(512M) 10.485ms
[2020-08-01T12:17:18.032+0300][140.589s][info ][gc] GC(5239) Pause Young (Normal) (G1 Evacuation Pause) 380M->381M(512M) 10.617ms
[2020-08-01T12:17:18.057+0300][140.614s][info ][gc] GC(5240) Pause Young (Normal) (G1 Evacuation Pause) 402M->403M(512M) 10.569ms
[2020-08-01T12:17:18.084+0300][140.642s][info ][gc] GC(5241) Pause Young (Normal) (G1 Evacuation Pause) 424M->426M(512M) 11.644ms
[2020-08-01T12:17:18.142+0300][140.700s][info ][gc] GC(5242) Pause Young (Normal) (G1 Evacuation Pause) 467M->468M(512M) 13.524ms
[2020-08-01T12:17:18.176+0300][140.733s][info ][gc] GC(5243) To-space exhausted
[2020-08-01T12:17:18.176+0300][140.733s][info ][gc] GC(5243) Pause Young (Normal) (G1 Evacuation Pause) 489M->499M(512M) 16.589ms
[2020-08-01T12:17:18.216+0300][140.774s][info ][gc] GC(5244) To-space exhausted
[2020-08-01T12:17:18.216+0300][140.774s][info ][gc] GC(5244) Pause Young (Normal) (G1 Evacuation Pause) 511M->511M(512M) 25.181ms
[2020-08-01T12:17:18.217+0300][140.774s][debug][gc] GC(5245) Clear Next Bitmap 0.305ms
[2020-08-01T12:17:18.262+0300][140.820s][info ][gc] GC(5245) Pause Full (G1 Evacuation Pause) 511M->66M(512M) 45.799ms
[2020-08-01T12:17:18.263+0300][140.820s][info ][gc] GC(5230) Concurrent Cycle 471.073ms
[2020-08-01T12:17:18.286+0300][140.844s][info ][gc] GC(5246) Pause Young (Normal) (G1 Evacuation Pause) 91M->92M(512M) 13.753ms
[2020-08-01T12:17:18.308+0300][140.866s][info ][gc] GC(5247) Pause Young (Normal) (G1 Evacuation Pause) 113M->114M(512M) 13.206ms
[2020-08-01T12:17:18.329+0300][140.887s][info ][gc] GC(5248) Pause Young (Normal) (G1 Evacuation Pause) 135M->137M(512M) 12.459ms
[2020-08-01T12:17:18.387+0300][140.945s][info ][gc] GC(5249) Pause Young (Normal) (G1 Evacuation Pause) 178M->180M(512M) 18.059ms
[2020-08-01T12:17:18.409+0300][140.967s][info ][gc] GC(5250) Pause Young (Normal) (G1 Evacuation Pause) 201M->202M(512M) 12.113ms
[2020-08-01T12:17:18.429+0300][140.987s][info ][gc] GC(5251) Pause Young (Normal) (G1 Evacuation Pause) 223M->224M(512M) 11.638ms
[2020-08-01T12:17:18.450+0300][141.008s][info ][gc] GC(5252) Pause Young (Normal) (G1 Evacuation Pause) 245M->246M(512M) 12.385ms
[2020-08-01T12:17:18.470+0300][141.028s][info ][gc] GC(5253) Pause Young (Concurrent Start) (G1 Evacuation Pause) 267M->268M(512M) 12.130ms
[2020-08-01T12:17:18.470+0300][141.028s][info ][gc] GC(5254) Concurrent Cycle
[2020-08-01T12:17:18.512+0300][141.070s][info ][gc] GC(5255) Pause Young (Normal) (G1 Evacuation Pause) 309M->310M(512M) 10.492ms
[2020-08-01T12:17:18.532+0300][141.090s][info ][gc] GC(5256) Pause Young (Normal) (G1 Evacuation Pause) 331M->333M(512M) 11.045ms
[2020-08-01T12:17:18.553+0300][141.111s][info ][gc] GC(5257) Pause Young (Normal) (G1 Evacuation Pause) 354M->356M(512M) 11.963ms
[2020-08-01T12:17:18.575+0300][141.132s][info ][gc] GC(5258) Pause Young (Normal) (G1 Evacuation Pause) 377M->378M(512M) 12.534ms
[2020-08-01T12:17:18.596+0300][141.154s][info ][gc] GC(5259) Pause Young (Normal) (G1 Evacuation Pause) 399M->401M(512M) 12.117ms
[2020-08-01T12:17:18.619+0300][141.177s][info ][gc] GC(5260) Pause Young (Normal) (G1 Evacuation Pause) 422M->423M(512M) 12.335ms
[2020-08-01T12:17:18.636+0300][141.194s][debug][gc] GC(5254) Reclaimed 131 empty regions
[2020-08-01T12:17:18.636+0300][141.194s][info ][gc] GC(5254) Pause Remark 446M->318M(512M) 0.785ms
[2020-08-01T12:17:18.659+0300][141.217s][info ][gc] GC(5261) Pause Young (Normal) (G1 Evacuation Pause) 336M->337M(512M) 14.398ms
[2020-08-01T12:17:18.694+0300][141.251s][info ][gc] GC(5262) Pause Young (Normal) (G1 Evacuation Pause) 358M->360M(512M) 14.095ms
[2020-08-01T12:17:18.727+0300][141.284s][info ][gc] GC(5263) Pause Young (Normal) (G1 Evacuation Pause) 381M->382M(512M) 12.937ms
[2020-08-01T12:17:18.758+0300][141.316s][info ][gc] GC(5264) Pause Young (Normal) (G1 Evacuation Pause) 403M->404M(512M) 13.146ms
[2020-08-01T12:17:18.787+0300][141.345s][info ][gc] GC(5265) Pause Young (Normal) (G1 Evacuation Pause) 425M->426M(512M) 13.296ms
[2020-08-01T12:17:18.823+0300][141.381s][info ][gc] GC(5266) Pause Young (Normal) (G1 Evacuation Pause) 467M->469M(512M) 11.952ms
[2020-08-01T12:17:18.858+0300][141.416s][info ][gc] GC(5267) To-space exhausted
[2020-08-01T12:17:18.858+0300][141.416s][info ][gc] GC(5267) Pause Young (Normal) (G1 Evacuation Pause) 490M->502M(512M) 14.258ms
[2020-08-01T12:17:18.888+0300][141.446s][info ][gc] GC(5268) To-space exhausted
[2020-08-01T12:17:18.888+0300][141.446s][info ][gc] GC(5268) Pause Young (Normal) (G1 Evacuation Pause) 511M->511M(512M) 18.210ms
[2020-08-01T12:17:18.889+0300][141.446s][debug][gc] GC(5269) Clear Next Bitmap 0.359ms
[2020-08-01T12:17:18.925+0300][141.483s][info ][gc] GC(5269) Pause Full (G1 Evacuation Pause) 511M->60M(512M) 37.155ms
[2020-08-01T12:17:18.926+0300][141.483s][info ][gc] GC(5254) Concurrent Cycle 455.068ms
[2020-08-01T12:17:18.946+0300][141.504s][info ][gc] GC(5270) Pause Young (Normal) (G1 Evacuation Pause) 85M->86M(512M) 10.727ms
[2020-08-01T12:17:18.966+0300][141.524s][info ][gc] GC(5271) Pause Young (Normal) (G1 Evacuation Pause) 107M->108M(512M) 11.777ms
[2020-08-01T12:17:18.985+0300][141.543s][info ][gc] GC(5272) Pause Young (Normal) (G1 Evacuation Pause) 129M->130M(512M) 10.304ms
[2020-08-01T12:17:19.020+0300][141.578s][info ][gc] GC(5273) Pause Young (Normal) (G1 Evacuation Pause) 171M->172M(512M) 10.854ms
[2020-08-01T12:17:19.039+0300][141.596s][info ][gc] GC(5274) Pause Young (Normal) (G1 Evacuation Pause) 193M->195M(512M) 10.418ms
[2020-08-01T12:17:19.058+0300][141.615s][info ][gc] GC(5275) Pause Young (Normal) (G1 Evacuation Pause) 216M->218M(512M) 10.417ms
[2020-08-01T12:17:19.076+0300][141.633s][info ][gc] GC(5276) Pause Young (Normal) (G1 Evacuation Pause) 239M->240M(512M) 9.764ms
[2020-08-01T12:17:19.094+0300][141.652s][info ][gc] GC(5277) Pause Young (Concurrent Start) (G1 Evacuation Pause) 261M->263M(512M) 9.909ms
[2020-08-01T12:17:19.094+0300][141.652s][info ][gc] GC(5278) Concurrent Cycle
[2020-08-01T12:17:19.128+0300][141.686s][info ][gc] GC(5279) Pause Young (Normal) (G1 Evacuation Pause) 304M->305M(512M) 10.486ms
[2020-08-01T12:17:19.149+0300][141.707s][info ][gc] GC(5280) Pause Young (Normal) (G1 Evacuation Pause) 326M->328M(512M) 12.541ms
[2020-08-01T12:17:19.168+0300][141.726s][info ][gc] GC(5281) Pause Young (Normal) (G1 Evacuation Pause) 349M->350M(512M) 10.210ms
[2020-08-01T12:17:19.187+0300][141.745s][info ][gc] GC(5282) Pause Young (Normal) (G1 Evacuation Pause) 371M->372M(512M) 10.464ms
[2020-08-01T12:17:19.206+0300][141.764s][info ][gc] GC(5283) Pause Young (Normal) (G1 Evacuation Pause) 393M->395M(512M) 10.442ms
[2020-08-01T12:17:19.225+0300][141.783s][info ][gc] GC(5284) Pause Young (Normal) (G1 Evacuation Pause) 416M->417M(512M) 10.495ms
[2020-08-01T12:17:19.244+0300][141.802s][debug][gc] GC(5278) Reclaimed 126 empty regions
[2020-08-01T12:17:19.244+0300][141.802s][info ][gc] GC(5278) Pause Remark 425M->302M(512M) 0.680ms
[2020-08-01T12:17:19.274+0300][141.832s][info ][gc] GC(5285) Pause Young (Normal) (G1 Evacuation Pause) 335M->336M(512M) 12.599ms
[2020-08-01T12:17:19.306+0300][141.864s][info ][gc] GC(5286) Pause Young (Normal) (G1 Evacuation Pause) 357M->358M(512M) 11.470ms
[2020-08-01T12:17:19.338+0300][141.896s][info ][gc] GC(5287) Pause Young (Normal) (G1 Evacuation Pause) 379M->379M(512M) 12.782ms
[2020-08-01T12:17:19.367+0300][141.925s][info ][gc] GC(5288) Pause Young (Normal) (G1 Evacuation Pause) 400M->402M(512M) 11.844ms
[2020-08-01T12:17:19.396+0300][141.954s][info ][gc] GC(5289) Pause Young (Normal) (G1 Evacuation Pause) 423M->425M(512M) 12.380ms
[2020-08-01T12:17:19.440+0300][141.998s][info ][gc] GC(5290) Pause Young (Normal) (G1 Evacuation Pause) 466M->467M(512M) 12.104ms
[2020-08-01T12:17:19.470+0300][142.028s][info ][gc] GC(5291) To-space exhausted
[2020-08-01T12:17:19.471+0300][142.028s][info ][gc] GC(5291) Pause Young (Normal) (G1 Evacuation Pause) 488M->497M(512M) 13.528ms
[2020-08-01T12:17:19.480+0300][142.038s][info ][gc] GC(5278) Pause Cleanup 506M->506M(512M) 0.134ms
[2020-08-01T12:17:19.481+0300][142.039s][info ][gc] GC(5278) Concurrent Cycle 386.952ms
[2020-08-01T12:17:19.509+0300][142.066s][info ][gc] GC(5292) To-space exhausted
[2020-08-01T12:17:19.509+0300][142.067s][info ][gc] GC(5292) Pause Young (Normal) (G1 Evacuation Pause) 511M->511M(512M) 25.813ms
[2020-08-01T12:17:19.546+0300][142.103s][info ][gc] GC(5293) Pause Full (G1 Evacuation Pause) 511M->60M(512M) 36.646ms
[2020-08-01T12:17:19.569+0300][142.127s][info ][gc] GC(5294) Pause Young (Normal) (G1 Evacuation Pause) 88M->88M(512M) 12.276ms
[2020-08-01T12:17:19.592+0300][142.149s][info ][gc] GC(5295) Pause Young (Normal) (G1 Evacuation Pause) 112M->114M(512M) 12.747ms
[2020-08-01T12:17:19.611+0300][142.168s][info ][gc] GC(5296) Pause Young (Normal) (G1 Evacuation Pause) 135M->136M(512M) 10.585ms
[2020-08-01T12:17:19.680+0300][142.237s][info ][gc] GC(5297) Pause Young (Normal) (G1 Evacuation Pause) 177M->178M(512M) 25.886ms
[2020-08-01T12:17:19.703+0300][142.260s][info ][gc] GC(5298) Pause Young (Normal) (G1 Evacuation Pause) 199M->200M(512M) 11.902ms
[2020-08-01T12:17:19.722+0300][142.280s][info ][gc] GC(5299) Pause Young (Normal) (G1 Evacuation Pause) 221M->222M(512M) 10.937ms
[2020-08-01T12:17:19.741+0300][142.299s][info ][gc] GC(5300) Pause Young (Normal) (G1 Evacuation Pause) 243M->245M(512M) 10.516ms
[2020-08-01T12:17:19.762+0300][142.319s][info ][gc] GC(5301) Pause Young (Concurrent Start) (G1 Evacuation Pause) 266M->267M(512M) 12.259ms
[2020-08-01T12:17:19.762+0300][142.320s][info ][gc] GC(5302) Concurrent Cycle
[2020-08-01T12:17:19.801+0300][142.359s][info ][gc] GC(5303) Pause Young (Normal) (G1 Evacuation Pause) 308M->310M(512M) 12.756ms
[2020-08-01T12:17:19.821+0300][142.379s][info ][gc] GC(5304) Pause Young (Normal) (G1 Evacuation Pause) 331M->332M(512M) 11.155ms
[2020-08-01T12:17:19.843+0300][142.400s][info ][gc] GC(5305) Pause Young (Normal) (G1 Evacuation Pause) 353M->355M(512M) 11.770ms
[2020-08-01T12:17:19.862+0300][142.420s][info ][gc] GC(5306) Pause Young (Normal) (G1 Evacuation Pause) 376M->377M(512M) 10.241ms
[2020-08-01T12:17:19.883+0300][142.441s][info ][gc] GC(5307) Pause Young (Normal) (G1 Evacuation Pause) 398M->399M(512M) 11.465ms
[2020-08-01T12:17:19.903+0300][142.461s][info ][gc] GC(5308) Pause Young (Normal) (G1 Evacuation Pause) 420M->422M(512M) 11.154ms
[2020-08-01T12:17:19.924+0300][142.482s][debug][gc] GC(5302) Reclaimed 129 empty regions
[2020-08-01T12:17:19.924+0300][142.482s][info ][gc] GC(5302) Pause Remark 445M->318M(512M) 0.668ms
[2020-08-01T12:17:19.943+0300][142.501s][info ][gc] GC(5309) Pause Young (Normal) (G1 Evacuation Pause) 335M->337M(512M) 10.828ms
[2020-08-01T12:17:19.969+0300][142.527s][info ][gc] GC(5310) Pause Young (Normal) (G1 Evacuation Pause) 358M->359M(512M) 11.362ms
[2020-08-01T12:17:19.997+0300][142.554s][info ][gc] GC(5311) Pause Young (Normal) (G1 Evacuation Pause) 380M->381M(512M) 10.692ms
[2020-08-01T12:17:20.024+0300][142.582s][info ][gc] GC(5312) Pause Young (Normal) (G1 Evacuation Pause) 402M->404M(512M) 10.795ms
[2020-08-01T12:17:20.051+0300][142.609s][info ][gc] GC(5313) Pause Young (Normal) (G1 Evacuation Pause) 425M->426M(512M) 12.303ms
[2020-08-01T12:17:20.107+0300][142.665s][info ][gc] GC(5314) Pause Young (Normal) (G1 Evacuation Pause) 467M->469M(512M) 11.012ms
[2020-08-01T12:17:20.135+0300][142.693s][info ][gc] GC(5315) To-space exhausted
[2020-08-01T12:17:20.135+0300][142.693s][info ][gc] GC(5315) Pause Young (Normal) (G1 Evacuation Pause) 490M->500M(512M) 14.502ms
[2020-08-01T12:17:20.170+0300][142.728s][info ][gc] GC(5316) To-space exhausted
[2020-08-01T12:17:20.170+0300][142.728s][info ][gc] GC(5316) Pause Young (Normal) (G1 Evacuation Pause) 511M->511M(512M) 21.125ms
[2020-08-01T12:17:20.171+0300][142.728s][debug][gc] GC(5317) Clear Next Bitmap 0.355ms
[2020-08-01T12:17:20.209+0300][142.767s][info ][gc] GC(5317) Pause Full (G1 Evacuation Pause) 511M->62M(512M) 39.133ms
[2020-08-01T12:17:20.210+0300][142.767s][info ][gc] GC(5302) Concurrent Cycle 447.883ms
[2020-08-01T12:17:20.230+0300][142.788s][info ][gc] GC(5318) Pause Young (Normal) (G1 Evacuation Pause) 87M->87M(512M) 10.441ms
[2020-08-01T12:17:20.251+0300][142.808s][info ][gc] GC(5319) Pause Young (Normal) (G1 Evacuation Pause) 108M->110M(512M) 12.318ms
[2020-08-01T12:17:20.270+0300][142.827s][info ][gc] GC(5320) Pause Young (Normal) (G1 Evacuation Pause) 131M->132M(512M) 10.593ms
[2020-08-01T12:17:20.360+0300][142.917s][info ][gc] GC(5321) Pause Young (Normal) (G1 Evacuation Pause) 173M->175M(512M) 30.774ms
[2020-08-01T12:17:20.385+0300][142.943s][info ][gc] GC(5322) Pause Young (Normal) (G1 Evacuation Pause) 196M->198M(512M) 12.443ms
[2020-08-01T12:17:20.405+0300][142.962s][info ][gc] GC(5323) Pause Young (Normal) (G1 Evacuation Pause) 219M->220M(512M) 11.391ms
[2020-08-01T12:17:20.424+0300][142.982s][info ][gc] GC(5324) Pause Young (Normal) (G1 Evacuation Pause) 241M->243M(512M) 10.796ms
[2020-08-01T12:17:20.444+0300][143.001s][info ][gc] GC(5325) Pause Young (Concurrent Start) (G1 Evacuation Pause) 264M->266M(512M) 10.562ms
[2020-08-01T12:17:20.444+0300][143.001s][info ][gc] GC(5326) Concurrent Cycle
[2020-08-01T12:17:20.481+0300][143.038s][info ][gc] GC(5327) Pause Young (Normal) (G1 Evacuation Pause) 307M->308M(512M) 10.733ms
[2020-08-01T12:17:20.500+0300][143.058s][info ][gc] GC(5328) Pause Young (Normal) (G1 Evacuation Pause) 329M->331M(512M) 10.824ms
[2020-08-01T12:17:20.520+0300][143.078s][info ][gc] GC(5329) Pause Young (Normal) (G1 Evacuation Pause) 352M->353M(512M) 11.610ms
[2020-08-01T12:17:20.541+0300][143.098s][info ][gc] GC(5330) Pause Young (Normal) (G1 Evacuation Pause) 374M->376M(512M) 11.464ms
[2020-08-01T12:17:20.560+0300][143.118s][info ][gc] GC(5331) Pause Young (Normal) (G1 Evacuation Pause) 397M->399M(512M) 10.536ms
[2020-08-01T12:17:20.579+0300][143.137s][info ][gc] GC(5332) Pause Young (Normal) (G1 Evacuation Pause) 420M->421M(512M) 10.427ms
[2020-08-01T12:17:20.596+0300][143.153s][debug][gc] GC(5326) Reclaimed 127 empty regions
[2020-08-01T12:17:20.596+0300][143.153s][info ][gc] GC(5326) Pause Remark 428M->304M(512M) 0.623ms
[2020-08-01T12:17:20.625+0300][143.182s][info ][gc] GC(5333) Pause Young (Normal) (G1 Evacuation Pause) 338M->339M(512M) 11.657ms
[2020-08-01T12:17:20.653+0300][143.211s][info ][gc] GC(5334) Pause Young (Normal) (G1 Evacuation Pause) 360M->362M(512M) 11.013ms
[2020-08-01T12:17:20.680+0300][143.238s][info ][gc] GC(5335) Pause Young (Normal) (G1 Evacuation Pause) 383M->384M(512M) 10.373ms
[2020-08-01T12:17:20.709+0300][143.267s][info ][gc] GC(5336) Pause Young (Normal) (G1 Evacuation Pause) 405M->406M(512M) 12.199ms
[2020-08-01T12:17:20.734+0300][143.292s][info ][gc] GC(5337) Pause Young (Normal) (G1 Evacuation Pause) 427M->428M(512M) 10.982ms
[2020-08-01T12:17:20.781+0300][143.339s][info ][gc] GC(5338) Pause Young (Normal) (G1 Evacuation Pause) 469M->470M(512M) 14.111ms
[2020-08-01T12:17:20.810+0300][143.367s][info ][gc] GC(5339) To-space exhausted
[2020-08-01T12:17:20.810+0300][143.367s][info ][gc] GC(5339) Pause Young (Normal) (G1 Evacuation Pause) 491M->498M(512M) 19.925ms
[2020-08-01T12:17:20.855+0300][143.413s][info ][gc] GC(5340) To-space exhausted
[2020-08-01T12:17:20.855+0300][143.413s][info ][gc] GC(5340) Pause Young (Normal) (G1 Evacuation Pause) 511M->511M(512M) 23.050ms
[2020-08-01T12:17:20.856+0300][143.414s][debug][gc] GC(5341) Clear Next Bitmap 0.330ms
[2020-08-01T12:17:20.896+0300][143.454s][info ][gc] GC(5341) Pause Full (G1 Evacuation Pause) 511M->60M(512M) 40.777ms
[2020-08-01T12:17:20.897+0300][143.454s][info ][gc] GC(5326) Concurrent Cycle 452.973ms
[2020-08-01T12:17:20.918+0300][143.476s][info ][gc] GC(5342) Pause Young (Normal) (G1 Evacuation Pause) 85M->85M(512M) 11.588ms
[2020-08-01T12:17:20.938+0300][143.495s][info ][gc] GC(5343) Pause Young (Normal) (G1 Evacuation Pause) 106M->107M(512M) 10.853ms
[2020-08-01T12:17:20.958+0300][143.516s][info ][gc] GC(5344) Pause Young (Normal) (G1 Evacuation Pause) 128M->130M(512M) 11.873ms
[2020-08-01T12:17:21.003+0300][143.561s][info ][gc] GC(5345) Pause Young (Normal) (G1 Evacuation Pause) 171M->172M(512M) 14.823ms
[2020-08-01T12:17:21.025+0300][143.583s][info ][gc] GC(5346) Pause Young (Normal) (G1 Evacuation Pause) 193M->194M(512M) 11.951ms
[2020-08-01T12:17:21.043+0300][143.601s][info ][gc] GC(5347) Pause Young (Normal) (G1 Evacuation Pause) 215M->216M(512M) 10.234ms
[2020-08-01T12:17:21.063+0300][143.621s][info ][gc] GC(5348) Pause Young (Normal) (G1 Evacuation Pause) 237M->239M(512M) 11.067ms
[2020-08-01T12:17:21.083+0300][143.641s][info ][gc] GC(5349) Pause Young (Concurrent Start) (G1 Evacuation Pause) 260M->262M(512M) 11.648ms
[2020-08-01T12:17:21.083+0300][143.641s][info ][gc] GC(5350) Concurrent Cycle
[2020-08-01T12:17:21.119+0300][143.677s][info ][gc] GC(5351) Pause Young (Normal) (G1 Evacuation Pause) 303M->304M(512M) 12.052ms
[2020-08-01T12:17:21.139+0300][143.696s][info ][gc] GC(5352) Pause Young (Normal) (G1 Evacuation Pause) 325M->327M(512M) 10.922ms
[2020-08-01T12:17:21.158+0300][143.716s][info ][gc] GC(5353) Pause Young (Normal) (G1 Evacuation Pause) 348M->350M(512M) 10.418ms
[2020-08-01T12:17:21.178+0300][143.736s][info ][gc] GC(5354) Pause Young (Normal) (G1 Evacuation Pause) 371M->372M(512M) 11.491ms
[2020-08-01T12:17:21.197+0300][143.755s][info ][gc] GC(5355) Pause Young (Normal) (G1 Evacuation Pause) 393M->394M(512M) 10.375ms
[2020-08-01T12:17:21.216+0300][143.774s][info ][gc] GC(5356) Pause Young (Normal) (G1 Evacuation Pause) 415M->416M(512M) 10.426ms
[2020-08-01T12:17:21.235+0300][143.793s][debug][gc] GC(5350) Reclaimed 119 empty regions
[2020-08-01T12:17:21.235+0300][143.793s][info ][gc] GC(5350) Pause Remark 445M->327M(512M) 0.707ms
[2020-08-01T12:17:21.253+0300][143.810s][info ][gc] GC(5357) Pause Young (Normal) (G1 Evacuation Pause) 339M->341M(512M) 12.275ms
[2020-08-01T12:17:21.279+0300][143.836s][info ][gc] GC(5358) Pause Young (Normal) (G1 Evacuation Pause) 362M->363M(512M) 12.144ms
[2020-08-01T12:17:21.305+0300][143.863s][info ][gc] GC(5359) Pause Young (Normal) (G1 Evacuation Pause) 384M->386M(512M) 10.779ms
[2020-08-01T12:17:21.334+0300][143.892s][info ][gc] GC(5360) Pause Young (Normal) (G1 Evacuation Pause) 407M->409M(512M) 10.625ms
[2020-08-01T12:17:21.361+0300][143.919s][info ][gc] GC(5361) Pause Young (Normal) (G1 Evacuation Pause) 430M->431M(512M) 10.965ms
[2020-08-01T12:17:21.405+0300][143.963s][info ][gc] GC(5362) Pause Young (Normal) (G1 Evacuation Pause) 472M->474M(512M) 11.365ms
[2020-08-01T12:17:21.441+0300][143.998s][info ][gc] GC(5363) To-space exhausted
[2020-08-01T12:17:21.441+0300][143.998s][info ][gc] GC(5363) Pause Young (Normal) (G1 Evacuation Pause) 495M->504M(512M) 19.018ms
[2020-08-01T12:17:21.467+0300][144.025s][info ][gc] GC(5364) To-space exhausted
[2020-08-01T12:17:21.468+0300][144.025s][info ][gc] GC(5364) Pause Young (Normal) (G1 Evacuation Pause) 511M->511M(512M) 15.603ms
[2020-08-01T12:17:21.468+0300][144.026s][debug][gc] GC(5365) Clear Next Bitmap 0.360ms
[2020-08-01T12:17:21.499+0300][144.057s][info ][gc] GC(5365) Pause Full (G1 Evacuation Pause) 511M->52M(512M) 31.699ms
[2020-08-01T12:17:21.500+0300][144.057s][info ][gc] GC(5350) Concurrent Cycle 416.614ms
[2020-08-01T12:17:21.520+0300][144.078s][info ][gc] GC(5366) Pause Young (Normal) (G1 Evacuation Pause) 77M->77M(512M) 10.566ms
[2020-08-01T12:17:21.540+0300][144.098s][info ][gc] GC(5367) Pause Young (Normal) (G1 Evacuation Pause) 99M->101M(512M) 10.880ms
[2020-08-01T12:17:21.560+0300][144.118s][info ][gc] GC(5368) Pause Young (Normal) (G1 Evacuation Pause) 122M->123M(512M) 11.040ms
[2020-08-01T12:17:21.620+0300][144.178s][info ][gc] GC(5369) Pause Young (Normal) (G1 Evacuation Pause) 164M->165M(512M) 29.436ms
[2020-08-01T12:17:21.645+0300][144.202s][info ][gc] GC(5370) Pause Young (Normal) (G1 Evacuation Pause) 186M->187M(512M) 12.215ms
[2020-08-01T12:17:21.665+0300][144.223s][info ][gc] GC(5371) Pause Young (Normal) (G1 Evacuation Pause) 208M->210M(512M) 11.100ms
[2020-08-01T12:17:21.684+0300][144.242s][info ][gc] GC(5372) Pause Young (Normal) (G1 Evacuation Pause) 231M->232M(512M) 10.668ms
[2020-08-01T12:17:21.704+0300][144.261s][info ][gc] GC(5373) Pause Young (Concurrent Start) (G1 Evacuation Pause) 253M->254M(512M) 10.990ms
[2020-08-01T12:17:21.704+0300][144.261s][info ][gc] GC(5374) Concurrent Cycle
[2020-08-01T12:17:21.723+0300][144.281s][info ][gc] GC(5375) Pause Young (Normal) (G1 Evacuation Pause) 275M->276M(512M) 10.868ms
[2020-08-01T12:17:21.759+0300][144.317s][info ][gc] GC(5376) Pause Young (Normal) (G1 Evacuation Pause) 317M->318M(512M) 10.860ms
[2020-08-01T12:17:21.780+0300][144.338s][info ][gc] GC(5377) Pause Young (Normal) (G1 Evacuation Pause) 339M->340M(512M) 11.649ms
[2020-08-01T12:17:21.802+0300][144.359s][info ][gc] GC(5378) Pause Young (Normal) (G1 Evacuation Pause) 361M->363M(512M) 12.327ms
[2020-08-01T12:17:21.822+0300][144.380s][info ][gc] GC(5379) Pause Young (Normal) (G1 Evacuation Pause) 384M->385M(512M) 11.191ms
[2020-08-01T12:17:21.844+0300][144.402s][info ][gc] GC(5380) Pause Young (Normal) (G1 Evacuation Pause) 406M->407M(512M) 10.962ms
[2020-08-01T12:17:21.854+0300][144.411s][debug][gc] GC(5374) Reclaimed 128 empty regions
[2020-08-01T12:17:21.854+0300][144.412s][info ][gc] GC(5374) Pause Remark 423M->298M(512M) 0.735ms
[2020-08-01T12:17:21.880+0300][144.437s][info ][gc] GC(5381) Pause Young (Normal) (G1 Evacuation Pause) 323M->325M(512M) 11.792ms
[2020-08-01T12:17:21.907+0300][144.465s][info ][gc] GC(5382) Pause Young (Normal) (G1 Evacuation Pause) 346M->347M(512M) 11.575ms
[2020-08-01T12:17:21.937+0300][144.495s][info ][gc] GC(5383) Pause Young (Normal) (G1 Evacuation Pause) 368M->369M(512M) 12.410ms
[2020-08-01T12:17:21.965+0300][144.523s][info ][gc] GC(5384) Pause Young (Normal) (G1 Evacuation Pause) 390M->392M(512M) 11.005ms
[2020-08-01T12:17:21.993+0300][144.551s][info ][gc] GC(5385) Pause Young (Normal) (G1 Evacuation Pause) 413M->414M(512M) 10.207ms
[2020-08-01T12:17:22.021+0300][144.579s][info ][gc] GC(5386) Pause Young (Normal) (G1 Evacuation Pause) 435M->436M(512M) 11.673ms
[2020-08-01T12:17:22.067+0300][144.625s][info ][gc] GC(5387) Pause Young (Normal) (G1 Evacuation Pause) 477M->478M(512M) 13.059ms
[2020-08-01T12:17:22.109+0300][144.667s][info ][gc] GC(5388) To-space exhausted
[2020-08-01T12:17:22.109+0300][144.667s][info ][gc] GC(5388) Pause Young (Normal) (G1 Evacuation Pause) 499M->507M(512M) 23.744ms
[2020-08-01T12:17:22.116+0300][144.674s][info ][gc] GC(5374) Pause Cleanup 509M->509M(512M) 0.176ms
[2020-08-01T12:17:22.117+0300][144.675s][info ][gc] GC(5374) Concurrent Cycle 413.301ms
[2020-08-01T12:17:22.131+0300][144.688s][info ][gc] GC(5389) To-space exhausted
[2020-08-01T12:17:22.131+0300][144.688s][info ][gc] GC(5389) Pause Young (Normal) (G1 Evacuation Pause) 511M->511M(512M) 12.966ms
[2020-08-01T12:17:22.172+0300][144.730s][info ][gc] GC(5390) Pause Full (G1 Evacuation Pause) 511M->63M(512M) 41.197ms
[2020-08-01T12:17:22.196+0300][144.753s][info ][gc] GC(5391) Pause Young (Normal) (G1 Evacuation Pause) 88M->88M(512M) 13.193ms
[2020-08-01T12:17:22.217+0300][144.774s][info ][gc] GC(5392) Pause Young (Normal) (G1 Evacuation Pause) 109M->111M(512M) 12.364ms
[2020-08-01T12:17:22.238+0300][144.795s][info ][gc] GC(5393) Pause Young (Normal) (G1 Evacuation Pause) 132M->133M(512M) 12.604ms
[2020-08-01T12:17:22.272+0300][144.830s][info ][gc] GC(5394) Pause Young (Normal) (G1 Evacuation Pause) 174M->175M(512M) 12.208ms
[2020-08-01T12:17:22.292+0300][144.850s][info ][gc] GC(5395) Pause Young (Normal) (G1 Evacuation Pause) 196M->198M(512M) 11.609ms
[2020-08-01T12:17:22.313+0300][144.870s][info ][gc] GC(5396) Pause Young (Normal) (G1 Evacuation Pause) 219M->220M(512M) 11.703ms
[2020-08-01T12:17:22.334+0300][144.891s][info ][gc] GC(5397) Pause Young (Normal) (G1 Evacuation Pause) 241M->243M(512M) 12.619ms
[2020-08-01T12:17:22.355+0300][144.913s][info ][gc] GC(5398) Pause Young (Concurrent Start) (G1 Evacuation Pause) 264M->266M(512M) 13.002ms
[2020-08-01T12:17:22.355+0300][144.913s][info ][gc] GC(5399) Concurrent Cycle
[2020-08-01T12:17:22.393+0300][144.950s][info ][gc] GC(5400) Pause Young (Normal) (G1 Evacuation Pause) 307M->308M(512M) 12.619ms
[2020-08-01T12:17:22.417+0300][144.975s][info ][gc] GC(5401) Pause Young (Normal) (G1 Evacuation Pause) 329M->330M(512M) 13.467ms
[2020-08-01T12:17:22.439+0300][144.997s][info ][gc] GC(5402) Pause Young (Normal) (G1 Evacuation Pause) 351M->352M(512M) 12.680ms
[2020-08-01T12:17:22.460+0300][145.018s][info ][gc] GC(5403) Pause Young (Normal) (G1 Evacuation Pause) 373M->375M(512M) 12.288ms
[2020-08-01T12:17:22.481+0300][145.039s][info ][gc] GC(5404) Pause Young (Normal) (G1 Evacuation Pause) 396M->398M(512M) 11.450ms
[2020-08-01T12:17:22.502+0300][145.060s][info ][gc] GC(5405) Pause Young (Normal) (G1 Evacuation Pause) 419M->420M(512M) 12.007ms
[2020-08-01T12:17:22.520+0300][145.078s][debug][gc] GC(5399) Reclaimed 133 empty regions
[2020-08-01T12:17:22.521+0300][145.078s][info ][gc] GC(5399) Pause Remark 446M->316M(512M) 1.129ms
[2020-08-01T12:17:22.543+0300][145.100s][info ][gc] GC(5406) Pause Young (Normal) (G1 Evacuation Pause) 332M->334M(512M) 12.898ms
[2020-08-01T12:17:22.574+0300][145.132s][info ][gc] GC(5407) Pause Young (Normal) (G1 Evacuation Pause) 355M->357M(512M) 12.048ms
[2020-08-01T12:17:22.602+0300][145.159s][info ][gc] GC(5408) Pause Young (Normal) (G1 Evacuation Pause) 378M->380M(512M) 11.364ms
[2020-08-01T12:17:22.627+0300][145.185s][info ][gc] GC(5409) Pause Young (Normal) (G1 Evacuation Pause) 401M->402M(512M) 10.613ms
[2020-08-01T12:17:22.660+0300][145.217s][info ][gc] GC(5410) Pause Young (Normal) (G1 Evacuation Pause) 423M->424M(512M) 13.775ms
[2020-08-01T12:17:22.703+0300][145.261s][info ][gc] GC(5411) Pause Young (Normal) (G1 Evacuation Pause) 465M->467M(512M) 10.848ms
[2020-08-01T12:17:22.732+0300][145.289s][info ][gc] GC(5412) To-space exhausted
[2020-08-01T12:17:22.732+0300][145.290s][info ][gc] GC(5412) Pause Young (Normal) (G1 Evacuation Pause) 488M->496M(512M) 12.341ms
[2020-08-01T12:17:22.767+0300][145.324s][info ][gc] GC(5413) To-space exhausted
[2020-08-01T12:17:22.767+0300][145.325s][info ][gc] GC(5413) Pause Young (Normal) (G1 Evacuation Pause) 511M->511M(512M) 28.668ms
[2020-08-01T12:17:22.767+0300][145.325s][debug][gc] GC(5414) Clear Next Bitmap 0.256ms
[2020-08-01T12:17:22.805+0300][145.363s][info ][gc] GC(5414) Pause Full (G1 Evacuation Pause) 511M->64M(512M) 37.956ms
[2020-08-01T12:17:22.805+0300][145.363s][info ][gc] GC(5399) Concurrent Cycle 449.568ms
[2020-08-01T12:17:22.828+0300][145.386s][info ][gc] GC(5415) Pause Young (Normal) (G1 Evacuation Pause) 89M->89M(512M) 12.929ms
[2020-08-01T12:17:22.851+0300][145.409s][info ][gc] GC(5416) Pause Young (Normal) (G1 Evacuation Pause) 110M->111M(512M) 14.390ms
[2020-08-01T12:17:22.877+0300][145.435s][info ][gc] GC(5417) Pause Young (Normal) (G1 Evacuation Pause) 132M->133M(512M) 16.622ms
[2020-08-01T12:17:22.934+0300][145.492s][info ][gc] GC(5418) Pause Young (Normal) (G1 Evacuation Pause) 174M->175M(512M) 15.287ms
[2020-08-01T12:17:22.955+0300][145.512s][info ][gc] GC(5419) Pause Young (Normal) (G1 Evacuation Pause) 196M->198M(512M) 10.745ms
[2020-08-01T12:17:22.974+0300][145.532s][info ][gc] GC(5420) Pause Young (Normal) (G1 Evacuation Pause) 219M->221M(512M) 10.909ms
[2020-08-01T12:17:22.994+0300][145.551s][info ][gc] GC(5421) Pause Young (Normal) (G1 Evacuation Pause) 242M->243M(512M) 11.012ms
[2020-08-01T12:17:23.013+0300][145.571s][info ][gc] GC(5422) Pause Young (Concurrent Start) (G1 Evacuation Pause) 264M->265M(512M) 10.989ms
[2020-08-01T12:17:23.013+0300][145.571s][info ][gc] GC(5423) Concurrent Cycle
[2020-08-01T12:17:23.061+0300][145.619s][info ][gc] GC(5424) Pause Young (Normal) (G1 Evacuation Pause) 306M->308M(512M) 11.996ms
[2020-08-01T12:17:23.083+0300][145.641s][info ][gc] GC(5425) Pause Young (Normal) (G1 Evacuation Pause) 329M->330M(512M) 12.110ms
[2020-08-01T12:17:23.103+0300][145.660s][info ][gc] GC(5426) Pause Young (Normal) (G1 Evacuation Pause) 351M->353M(512M) 11.082ms
[2020-08-01T12:17:23.122+0300][145.680s][info ][gc] GC(5427) Pause Young (Normal) (G1 Evacuation Pause) 374M->375M(512M) 10.627ms
[2020-08-01T12:17:23.141+0300][145.699s][info ][gc] GC(5428) Pause Young (Normal) (G1 Evacuation Pause) 396M->397M(512M) 10.496ms
[2020-08-01T12:17:23.161+0300][145.718s][info ][gc] GC(5429) Pause Young (Normal) (G1 Evacuation Pause) 418M->420M(512M) 10.417ms
[2020-08-01T12:17:23.170+0300][145.727s][debug][gc] GC(5423) Reclaimed 123 empty regions
[2020-08-01T12:17:23.170+0300][145.727s][info ][gc] GC(5423) Pause Remark 425M->305M(512M) 0.740ms
[2020-08-01T12:17:23.205+0300][145.763s][info ][gc] GC(5430) Pause Young (Normal) (G1 Evacuation Pause) 340M->341M(512M) 11.720ms
[2020-08-01T12:17:23.231+0300][145.789s][info ][gc] GC(5431) Pause Young (Normal) (G1 Evacuation Pause) 362M->364M(512M) 10.499ms
[2020-08-01T12:17:23.256+0300][145.814s][info ][gc] GC(5432) Pause Young (Normal) (G1 Evacuation Pause) 385M->386M(512M) 11.360ms
[2020-08-01T12:17:23.284+0300][145.842s][info ][gc] GC(5433) Pause Young (Normal) (G1 Evacuation Pause) 407M->408M(512M) 11.597ms
[2020-08-01T12:17:23.309+0300][145.867s][info ][gc] GC(5434) Pause Young (Normal) (G1 Evacuation Pause) 429M->431M(512M) 11.271ms
[2020-08-01T12:17:23.360+0300][145.918s][info ][gc] GC(5435) Pause Young (Normal) (G1 Evacuation Pause) 472M->474M(512M) 11.168ms
[2020-08-01T12:17:23.400+0300][145.957s][info ][gc] GC(5436) To-space exhausted
[2020-08-01T12:17:23.400+0300][145.958s][info ][gc] GC(5436) Pause Young (Normal) (G1 Evacuation Pause) 495M->504M(512M) 19.282ms
[2020-08-01T12:17:23.408+0300][145.966s][info ][gc] GC(5423) Pause Cleanup 507M->507M(512M) 0.152ms
[2020-08-01T12:17:23.409+0300][145.967s][info ][gc] GC(5423) Concurrent Cycle 395.690ms
[2020-08-01T12:17:23.426+0300][145.984s][info ][gc] GC(5437) To-space exhausted
[2020-08-01T12:17:23.426+0300][145.984s][info ][gc] GC(5437) Pause Young (Normal) (G1 Evacuation Pause) 511M->511M(512M) 16.003ms
[2020-08-01T12:17:23.460+0300][146.018s][info ][gc] GC(5438) Pause Full (G1 Evacuation Pause) 511M->55M(512M) 34.274ms
[2020-08-01T12:17:23.482+0300][146.040s][info ][gc] GC(5439) Pause Young (Normal) (G1 Evacuation Pause) 81M->82M(512M) 11.207ms
[2020-08-01T12:17:23.504+0300][146.062s][info ][gc] GC(5440) Pause Young (Normal) (G1 Evacuation Pause) 105M->105M(512M) 12.534ms
[2020-08-01T12:17:23.523+0300][146.081s][info ][gc] GC(5441) Pause Young (Normal) (G1 Evacuation Pause) 126M->128M(512M) 10.338ms
[2020-08-01T12:17:23.602+0300][146.159s][info ][gc] GC(5442) Pause Young (Normal) (G1 Evacuation Pause) 169M->171M(512M) 28.294ms
[2020-08-01T12:17:23.625+0300][146.183s][info ][gc] GC(5443) Pause Young (Normal) (G1 Evacuation Pause) 192M->194M(512M) 11.704ms
[2020-08-01T12:17:23.645+0300][146.202s][info ][gc] GC(5444) Pause Young (Normal) (G1 Evacuation Pause) 215M->216M(512M) 10.676ms
[2020-08-01T12:17:23.667+0300][146.225s][info ][gc] GC(5445) Pause Young (Normal) (G1 Evacuation Pause) 237M->238M(512M) 12.994ms
[2020-08-01T12:17:23.686+0300][146.244s][info ][gc] GC(5446) Pause Young (Concurrent Start) (G1 Evacuation Pause) 259M->261M(512M) 11.000ms
[2020-08-01T12:17:23.686+0300][146.244s][info ][gc] GC(5447) Concurrent Cycle
[2020-08-01T12:17:23.729+0300][146.287s][info ][gc] GC(5448) Pause Young (Normal) (G1 Evacuation Pause) 302M->304M(512M) 10.747ms
[2020-08-01T12:17:23.750+0300][146.307s][info ][gc] GC(5449) Pause Young (Normal) (G1 Evacuation Pause) 325M->326M(512M) 11.253ms
[2020-08-01T12:17:23.770+0300][146.327s][info ][gc] GC(5450) Pause Young (Normal) (G1 Evacuation Pause) 347M->348M(512M) 11.177ms
[2020-08-01T12:17:23.793+0300][146.351s][info ][gc] GC(5451) Pause Young (Normal) (G1 Evacuation Pause) 369M->371M(512M) 14.371ms
[2020-08-01T12:17:23.815+0300][146.373s][info ][gc] GC(5452) Pause Young (Normal) (G1 Evacuation Pause) 392M->393M(512M) 12.468ms
[2020-08-01T12:17:23.836+0300][146.394s][info ][gc] GC(5453) Pause Young (Normal) (G1 Evacuation Pause) 414M->416M(512M) 12.139ms
[2020-08-01T12:17:23.844+0300][146.402s][debug][gc] GC(5447) Reclaimed 131 empty regions
[2020-08-01T12:17:23.844+0300][146.402s][info ][gc] GC(5447) Pause Remark 426M->298M(512M) 0.637ms
[2020-08-01T12:17:23.876+0300][146.434s][info ][gc] GC(5454) Pause Young (Normal) (G1 Evacuation Pause) 329M->330M(512M) 12.206ms
[2020-08-01T12:17:23.905+0300][146.463s][info ][gc] GC(5455) Pause Young (Normal) (G1 Evacuation Pause) 351M->353M(512M) 11.883ms
[2020-08-01T12:17:23.933+0300][146.491s][info ][gc] GC(5456) Pause Young (Normal) (G1 Evacuation Pause) 374M->375M(512M) 11.268ms
[2020-08-01T12:17:23.958+0300][146.516s][info ][gc] GC(5457) Pause Young (Normal) (G1 Evacuation Pause) 396M->397M(512M) 11.023ms
[2020-08-01T12:17:23.986+0300][146.543s][info ][gc] GC(5458) Pause Young (Normal) (G1 Evacuation Pause) 418M->420M(512M) 10.564ms
[2020-08-01T12:17:24.039+0300][146.596s][info ][gc] GC(5459) Pause Young (Normal) (G1 Evacuation Pause) 461M->462M(512M) 11.760ms
[2020-08-01T12:17:24.068+0300][146.625s][info ][gc] GC(5460) Pause Young (Normal) (G1 Evacuation Pause) 483M->485M(512M) 11.951ms
[2020-08-01T12:17:24.073+0300][146.631s][info ][gc] GC(5447) Pause Cleanup 486M->486M(512M) 0.149ms
[2020-08-01T12:17:24.074+0300][146.632s][info ][gc] GC(5447) Concurrent Cycle 387.542ms
[2020-08-01T12:17:24.110+0300][146.668s][info ][gc] GC(5461) To-space exhausted
[2020-08-01T12:17:24.110+0300][146.668s][info ][gc] GC(5461) Pause Young (Normal) (G1 Evacuation Pause) 506M->510M(512M) 28.089ms
[2020-08-01T12:17:24.120+0300][146.678s][info ][gc] GC(5462) To-space exhausted
[2020-08-01T12:17:24.120+0300][146.678s][info ][gc] GC(5462) Pause Young (Concurrent Start) (G1 Evacuation Pause) 511M->511M(512M) 7.426ms
[2020-08-01T12:17:24.120+0300][146.678s][info ][gc] GC(5464) Concurrent Cycle
[2020-08-01T12:17:24.121+0300][146.679s][debug][gc] GC(5463) Clear Next Bitmap 0.358ms
[2020-08-01T12:17:24.161+0300][146.719s][info ][gc] GC(5463) Pause Full (G1 Evacuation Pause) 511M->65M(512M) 40.558ms
[2020-08-01T12:17:24.161+0300][146.719s][info ][gc] GC(5464) Concurrent Cycle 40.885ms
[2020-08-01T12:17:24.182+0300][146.739s][info ][gc] GC(5465) Pause Young (Normal) (G1 Evacuation Pause) 90M->90M(512M) 10.444ms
[2020-08-01T12:17:24.200+0300][146.758s][info ][gc] GC(5466) Pause Young (Normal) (G1 Evacuation Pause) 111M->113M(512M) 10.360ms
[2020-08-01T12:17:24.219+0300][146.777s][info ][gc] GC(5467) Pause Young (Normal) (G1 Evacuation Pause) 134M->136M(512M) 10.678ms
[2020-08-01T12:17:24.261+0300][146.818s][info ][gc] GC(5468) Pause Young (Normal) (G1 Evacuation Pause) 177M->178M(512M) 10.874ms
[2020-08-01T12:17:24.280+0300][146.838s][info ][gc] GC(5469) Pause Young (Normal) (G1 Evacuation Pause) 199M->201M(512M) 11.107ms
[2020-08-01T12:17:24.299+0300][146.857s][info ][gc] GC(5470) Pause Young (Normal) (G1 Evacuation Pause) 222M->223M(512M) 10.793ms
[2020-08-01T12:17:24.319+0300][146.877s][info ][gc] GC(5471) Pause Young (Normal) (G1 Evacuation Pause) 244M->246M(512M) 11.523ms
[2020-08-01T12:17:24.339+0300][146.897s][info ][gc] GC(5472) Pause Young (Concurrent Start) (G1 Evacuation Pause) 267M->268M(512M) 11.004ms
[2020-08-01T12:17:24.339+0300][146.897s][info ][gc] GC(5473) Concurrent Cycle
[2020-08-01T12:17:24.383+0300][146.941s][info ][gc] GC(5474) Pause Young (Normal) (G1 Evacuation Pause) 309M->310M(512M) 10.864ms
[2020-08-01T12:17:24.404+0300][146.962s][info ][gc] GC(5475) Pause Young (Normal) (G1 Evacuation Pause) 331M->333M(512M) 12.125ms
[2020-08-01T12:17:24.423+0300][146.981s][info ][gc] GC(5476) Pause Young (Normal) (G1 Evacuation Pause) 354M->356M(512M) 10.572ms
[2020-08-01T12:17:24.442+0300][147.000s][info ][gc] GC(5477) Pause Young (Normal) (G1 Evacuation Pause) 377M->379M(512M) 10.202ms
[2020-08-01T12:17:24.461+0300][147.019s][info ][gc] GC(5478) Pause Young (Normal) (G1 Evacuation Pause) 400M->401M(512M) 10.342ms
[2020-08-01T12:17:24.480+0300][147.038s][info ][gc] GC(5479) Pause Young (Normal) (G1 Evacuation Pause) 422M->424M(512M) 10.508ms
[2020-08-01T12:17:24.494+0300][147.052s][debug][gc] GC(5473) Reclaimed 132 empty regions
[2020-08-01T12:17:24.494+0300][147.052s][info ][gc] GC(5473) Pause Remark 427M->298M(512M) 0.640ms
[2020-08-01T12:17:24.527+0300][147.085s][info ][gc] GC(5480) Pause Young (Normal) (G1 Evacuation Pause) 336M->338M(512M) 10.597ms
[2020-08-01T12:17:24.553+0300][147.111s][info ][gc] GC(5481) Pause Young (Normal) (G1 Evacuation Pause) 359M->360M(512M) 10.696ms
[2020-08-01T12:17:24.579+0300][147.137s][info ][gc] GC(5482) Pause Young (Normal) (G1 Evacuation Pause) 381M->382M(512M) 10.604ms
[2020-08-01T12:17:24.608+0300][147.166s][info ][gc] GC(5483) Pause Young (Normal) (G1 Evacuation Pause) 403M->405M(512M) 11.752ms
[2020-08-01T12:17:24.635+0300][147.193s][info ][gc] GC(5484) Pause Young (Normal) (G1 Evacuation Pause) 426M->427M(512M) 10.952ms
[2020-08-01T12:17:24.682+0300][147.239s][info ][gc] GC(5485) Pause Young (Normal) (G1 Evacuation Pause) 468M->470M(512M) 13.090ms
[2020-08-01T12:17:24.714+0300][147.272s][info ][gc] GC(5486) To-space exhausted
[2020-08-01T12:17:24.715+0300][147.272s][info ][gc] GC(5486) Pause Young (Normal) (G1 Evacuation Pause) 491M->496M(512M) 16.969ms
[2020-08-01T12:17:24.756+0300][147.314s][info ][gc] GC(5487) To-space exhausted
[2020-08-01T12:17:24.757+0300][147.314s][info ][gc] GC(5487) Pause Young (Normal) (G1 Evacuation Pause) 511M->511M(512M) 28.999ms
[2020-08-01T12:17:24.757+0300][147.315s][debug][gc] GC(5488) Clear Next Bitmap 0.276ms
[2020-08-01T12:17:24.798+0300][147.356s][info ][gc] GC(5488) Pause Full (G1 Evacuation Pause) 511M->66M(512M) 41.462ms
[2020-08-01T12:17:24.798+0300][147.356s][info ][gc] GC(5473) Concurrent Cycle 459.451ms
[2020-08-01T12:17:24.825+0300][147.383s][info ][gc] GC(5489) Pause Young (Normal) (G1 Evacuation Pause) 91M->91M(512M) 15.967ms
[2020-08-01T12:17:24.850+0300][147.407s][info ][gc] GC(5490) Pause Young (Normal) (G1 Evacuation Pause) 115M->116M(512M) 14.051ms
[2020-08-01T12:17:24.871+0300][147.428s][info ][gc] GC(5491) Pause Young (Normal) (G1 Evacuation Pause) 137M->138M(512M) 12.259ms
[2020-08-01T12:17:24.905+0300][147.462s][info ][gc] GC(5492) Pause Young (Normal) (G1 Evacuation Pause) 179M->180M(512M) 11.891ms
[2020-08-01T12:17:24.924+0300][147.482s][info ][gc] GC(5493) Pause Young (Normal) (G1 Evacuation Pause) 201M->203M(512M) 10.653ms
[2020-08-01T12:17:24.943+0300][147.501s][info ][gc] GC(5494) Pause Young (Normal) (G1 Evacuation Pause) 224M->225M(512M) 10.821ms
[2020-08-01T12:17:24.964+0300][147.522s][info ][gc] GC(5495) Pause Young (Normal) (G1 Evacuation Pause) 246M->248M(512M) 12.400ms
[2020-08-01T12:17:24.983+0300][147.541s][info ][gc] GC(5496) Pause Young (Concurrent Start) (G1 Evacuation Pause) 269M->270M(512M) 10.554ms
[2020-08-01T12:17:24.983+0300][147.541s][info ][gc] GC(5497) Concurrent Cycle
[2020-08-01T12:17:25.025+0300][147.583s][info ][gc] GC(5498) Pause Young (Normal) (G1 Evacuation Pause) 311M->312M(512M) 11.661ms
[2020-08-01T12:17:25.046+0300][147.604s][info ][gc] GC(5499) Pause Young (Normal) (G1 Evacuation Pause) 333M->335M(512M) 11.613ms
[2020-08-01T12:17:25.069+0300][147.626s][info ][gc] GC(5500) Pause Young (Normal) (G1 Evacuation Pause) 356M->358M(512M) 13.274ms
[2020-08-01T12:17:25.088+0300][147.646s][info ][gc] GC(5501) Pause Young (Normal) (G1 Evacuation Pause) 379M->381M(512M) 11.082ms
[2020-08-01T12:17:25.110+0300][147.668s][info ][gc] GC(5502) Pause Young (Normal) (G1 Evacuation Pause) 402M->404M(512M) 12.692ms
[2020-08-01T12:17:25.145+0300][147.703s][info ][gc] GC(5503) Pause Young (Normal) (G1 Evacuation Pause) 445M->446M(512M) 10.826ms
[2020-08-01T12:17:25.149+0300][147.707s][debug][gc] GC(5497) Reclaimed 130 empty regions
[2020-08-01T12:17:25.149+0300][147.707s][info ][gc] GC(5497) Pause Remark 453M->326M(512M) 0.750ms
[2020-08-01T12:17:25.168+0300][147.726s][info ][gc] GC(5504) Pause Young (Normal) (G1 Evacuation Pause) 340M->341M(512M) 13.023ms
[2020-08-01T12:17:25.196+0300][147.754s][info ][gc] GC(5505) Pause Young (Normal) (G1 Evacuation Pause) 362M->364M(512M) 11.027ms
[2020-08-01T12:17:25.226+0300][147.784s][info ][gc] GC(5506) Pause Young (Normal) (G1 Evacuation Pause) 385M->386M(512M) 12.646ms
[2020-08-01T12:17:25.257+0300][147.815s][info ][gc] GC(5507) Pause Young (Normal) (G1 Evacuation Pause) 407M->408M(512M) 13.317ms
[2020-08-01T12:17:25.286+0300][147.844s][info ][gc] GC(5508) Pause Young (Normal) (G1 Evacuation Pause) 429M->430M(512M) 12.388ms
[2020-08-01T12:17:25.337+0300][147.895s][info ][gc] GC(5509) Pause Young (Normal) (G1 Evacuation Pause) 471M->473M(512M) 11.309ms
[2020-08-01T12:17:25.366+0300][147.924s][info ][gc] GC(5510) To-space exhausted
[2020-08-01T12:17:25.366+0300][147.924s][info ][gc] GC(5510) Pause Young (Normal) (G1 Evacuation Pause) 494M->502M(512M) 20.265ms
[2020-08-01T12:17:25.405+0300][147.962s][info ][gc] GC(5511) To-space exhausted
[2020-08-01T12:17:25.405+0300][147.962s][info ][gc] GC(5511) Pause Young (Normal) (G1 Evacuation Pause) 511M->511M(512M) 18.354ms
[2020-08-01T12:17:25.405+0300][147.963s][debug][gc] GC(5512) Clear Next Bitmap 0.253ms
[2020-08-01T12:17:25.444+0300][148.002s][info ][gc] GC(5512) Pause Full (G1 Evacuation Pause) 511M->63M(512M) 38.899ms
[2020-08-01T12:17:25.444+0300][148.002s][info ][gc] GC(5497) Concurrent Cycle 460.978ms
[2020-08-01T12:17:25.465+0300][148.022s][info ][gc] GC(5513) Pause Young (Normal) (G1 Evacuation Pause) 88M->88M(512M) 10.825ms
[2020-08-01T12:17:25.487+0300][148.045s][info ][gc] GC(5514) Pause Young (Normal) (G1 Evacuation Pause) 112M->114M(512M) 12.752ms
[2020-08-01T12:17:25.506+0300][148.064s][info ][gc] GC(5515) Pause Young (Normal) (G1 Evacuation Pause) 135M->136M(512M) 10.538ms
[2020-08-01T12:17:25.538+0300][148.095s][info ][gc] GC(5516) Pause Young (Normal) (G1 Evacuation Pause) 177M->179M(512M) 10.643ms
[2020-08-01T12:17:25.556+0300][148.114s][info ][gc] GC(5517) Pause Young (Normal) (G1 Evacuation Pause) 200M->202M(512M) 10.412ms
[2020-08-01T12:17:25.575+0300][148.133s][info ][gc] GC(5518) Pause Young (Normal) (G1 Evacuation Pause) 223M->224M(512M) 10.162ms
[2020-08-01T12:17:25.594+0300][148.152s][info ][gc] GC(5519) Pause Young (Normal) (G1 Evacuation Pause) 245M->247M(512M) 10.597ms
[2020-08-01T12:17:25.613+0300][148.171s][info ][gc] GC(5520) Pause Young (Concurrent Start) (G1 Evacuation Pause) 268M->270M(512M) 10.809ms
[2020-08-01T12:17:25.613+0300][148.171s][info ][gc] GC(5521) Concurrent Cycle
[2020-08-01T12:17:25.662+0300][148.219s][info ][gc] GC(5522) Pause Young (Normal) (G1 Evacuation Pause) 311M->312M(512M) 10.920ms
[2020-08-01T12:17:25.682+0300][148.239s][info ][gc] GC(5523) Pause Young (Normal) (G1 Evacuation Pause) 333M->335M(512M) 11.101ms
[2020-08-01T12:17:25.702+0300][148.260s][info ][gc] GC(5524) Pause Young (Normal) (G1 Evacuation Pause) 356M->357M(512M) 11.924ms
[2020-08-01T12:17:25.722+0300][148.280s][info ][gc] GC(5525) Pause Young (Normal) (G1 Evacuation Pause) 378M->380M(512M) 10.875ms
[2020-08-01T12:17:25.742+0300][148.300s][info ][gc] GC(5526) Pause Young (Normal) (G1 Evacuation Pause) 401M->402M(512M) 10.958ms
[2020-08-01T12:17:25.761+0300][148.319s][info ][gc] GC(5527) Pause Young (Normal) (G1 Evacuation Pause) 423M->424M(512M) 10.487ms
[2020-08-01T12:17:25.773+0300][148.330s][debug][gc] GC(5521) Reclaimed 131 empty regions
[2020-08-01T12:17:25.773+0300][148.330s][info ][gc] GC(5521) Pause Remark 426M->298M(512M) 0.680ms
[2020-08-01T12:17:25.807+0300][148.365s][info ][gc] GC(5528) Pause Young (Normal) (G1 Evacuation Pause) 336M->337M(512M) 13.413ms
[2020-08-01T12:17:25.837+0300][148.395s][info ][gc] GC(5529) Pause Young (Normal) (G1 Evacuation Pause) 358M->359M(512M) 13.985ms
[2020-08-01T12:17:25.865+0300][148.422s][info ][gc] GC(5530) Pause Young (Normal) (G1 Evacuation Pause) 380M->381M(512M) 10.487ms
[2020-08-01T12:17:25.892+0300][148.450s][info ][gc] GC(5531) Pause Young (Normal) (G1 Evacuation Pause) 402M->403M(512M) 10.414ms
[2020-08-01T12:17:25.920+0300][148.478s][info ][gc] GC(5532) Pause Young (Normal) (G1 Evacuation Pause) 424M->426M(512M) 11.343ms
[2020-08-01T12:17:25.955+0300][148.513s][info ][gc] GC(5533) Pause Young (Normal) (G1 Evacuation Pause) 467M->468M(512M) 10.793ms
[2020-08-01T12:17:25.986+0300][148.543s][info ][gc] GC(5534) To-space exhausted
[2020-08-01T12:17:25.986+0300][148.543s][info ][gc] GC(5534) Pause Young (Normal) (G1 Evacuation Pause) 489M->497M(512M) 13.798ms
[2020-08-01T12:17:26.024+0300][148.581s][info ][gc] GC(5535) To-space exhausted
[2020-08-01T12:17:26.024+0300][148.581s][info ][gc] GC(5535) Pause Young (Normal) (G1 Evacuation Pause) 511M->511M(512M) 24.034ms
[2020-08-01T12:17:26.024+0300][148.582s][debug][gc] GC(5536) Clear Next Bitmap 0.400ms
[2020-08-01T12:17:26.064+0300][148.622s][info ][gc] GC(5536) Pause Full (G1 Evacuation Pause) 511M->65M(512M) 40.141ms
[2020-08-01T12:17:26.064+0300][148.622s][info ][gc] GC(5521) Concurrent Cycle 450.718ms
[2020-08-01T12:17:26.087+0300][148.644s][info ][gc] GC(5537) Pause Young (Normal) (G1 Evacuation Pause) 91M->91M(512M) 12.220ms
[2020-08-01T12:17:26.108+0300][148.666s][info ][gc] GC(5538) Pause Young (Normal) (G1 Evacuation Pause) 115M->117M(512M) 11.829ms
[2020-08-01T12:17:26.127+0300][148.685s][info ][gc] GC(5539) Pause Young (Normal) (G1 Evacuation Pause) 138M->140M(512M) 10.970ms
[2020-08-01T12:17:26.161+0300][148.719s][info ][gc] GC(5540) Pause Young (Normal) (G1 Evacuation Pause) 181M->182M(512M) 10.434ms
[2020-08-01T12:17:26.182+0300][148.740s][info ][gc] GC(5541) Pause Young (Normal) (G1 Evacuation Pause) 203M->204M(512M) 11.993ms
[2020-08-01T12:17:26.202+0300][148.760s][info ][gc] GC(5542) Pause Young (Normal) (G1 Evacuation Pause) 225M->227M(512M) 12.278ms
[2020-08-01T12:17:26.222+0300][148.779s][info ][gc] GC(5543) Pause Young (Normal) (G1 Evacuation Pause) 248M->249M(512M) 10.860ms
[2020-08-01T12:17:26.243+0300][148.801s][info ][gc] GC(5544) Pause Young (Concurrent Start) (G1 Evacuation Pause) 270M->271M(512M) 12.659ms
[2020-08-01T12:17:26.243+0300][148.801s][info ][gc] GC(5545) Concurrent Cycle
[2020-08-01T12:17:26.284+0300][148.842s][info ][gc] GC(5546) Pause Young (Normal) (G1 Evacuation Pause) 312M->313M(512M) 11.279ms
[2020-08-01T12:17:26.304+0300][148.862s][info ][gc] GC(5547) Pause Young (Normal) (G1 Evacuation Pause) 334M->336M(512M) 10.995ms
[2020-08-01T12:17:26.323+0300][148.881s][info ][gc] GC(5548) Pause Young (Normal) (G1 Evacuation Pause) 357M->358M(512M) 10.729ms
[2020-08-01T12:17:26.343+0300][148.900s][info ][gc] GC(5549) Pause Young (Normal) (G1 Evacuation Pause) 379M->381M(512M) 10.681ms
[2020-08-01T12:17:26.363+0300][148.920s][info ][gc] GC(5550) Pause Young (Normal) (G1 Evacuation Pause) 402M->404M(512M) 11.066ms
[2020-08-01T12:17:26.392+0300][148.949s][debug][gc] GC(5545) Reclaimed 136 empty regions
[2020-08-01T12:17:26.392+0300][148.949s][info ][gc] GC(5545) Pause Remark 444M->311M(512M) 0.867ms
[2020-08-01T12:17:26.405+0300][148.963s][info ][gc] GC(5551) Pause Young (Normal) (G1 Evacuation Pause) 311M->313M(512M) 10.700ms
[2020-08-01T12:17:26.429+0300][148.987s][info ][gc] GC(5552) Pause Young (Normal) (G1 Evacuation Pause) 334M->335M(512M) 10.722ms
[2020-08-01T12:17:26.456+0300][149.014s][info ][gc] GC(5553) Pause Young (Normal) (G1 Evacuation Pause) 356M->357M(512M) 11.318ms
[2020-08-01T12:17:26.483+0300][149.041s][info ][gc] GC(5554) Pause Young (Normal) (G1 Evacuation Pause) 378M->380M(512M) 10.534ms
[2020-08-01T12:17:26.510+0300][149.068s][info ][gc] GC(5555) Pause Young (Normal) (G1 Evacuation Pause) 401M->402M(512M) 10.789ms
[2020-08-01T12:17:26.537+0300][149.094s][info ][gc] GC(5556) Pause Young (Normal) (G1 Evacuation Pause) 423M->425M(512M) 10.762ms
[2020-08-01T12:17:26.582+0300][149.140s][info ][gc] GC(5557) Pause Young (Normal) (G1 Evacuation Pause) 466M->467M(512M) 12.125ms
[2020-08-01T12:17:26.611+0300][149.169s][info ][gc] GC(5558) To-space exhausted
[2020-08-01T12:17:26.611+0300][149.169s][info ][gc] GC(5558) Pause Young (Normal) (G1 Evacuation Pause) 488M->490M(512M) 12.444ms
[2020-08-01T12:17:26.659+0300][149.216s][info ][gc] GC(5559) To-space exhausted
[2020-08-01T12:17:26.659+0300][149.217s][info ][gc] GC(5559) Pause Young (Normal) (G1 Evacuation Pause) 511M->511M(512M) 33.317ms
[2020-08-01T12:17:26.659+0300][149.217s][debug][gc] GC(5560) Clear Next Bitmap 0.303ms
[2020-08-01T12:17:26.705+0300][149.263s][info ][gc] GC(5560) Pause Full (G1 Evacuation Pause) 511M->75M(512M) 46.124ms
[2020-08-01T12:17:26.705+0300][149.263s][info ][gc] GC(5545) Concurrent Cycle 462.415ms
[2020-08-01T12:17:26.730+0300][149.287s][info ][gc] GC(5561) Pause Young (Normal) (G1 Evacuation Pause) 100M->101M(512M) 13.480ms
[2020-08-01T12:17:26.750+0300][149.307s][info ][gc] GC(5562) Pause Young (Normal) (G1 Evacuation Pause) 123M->124M(512M) 11.200ms
[2020-08-01T12:17:26.796+0300][149.354s][info ][gc] GC(5563) Pause Young (Normal) (G1 Evacuation Pause) 165M->166M(512M) 12.713ms
[2020-08-01T12:17:26.817+0300][149.374s][info ][gc] GC(5564) Pause Young (Normal) (G1 Evacuation Pause) 187M->188M(512M) 11.213ms
[2020-08-01T12:17:26.838+0300][149.395s][info ][gc] GC(5565) Pause Young (Normal) (G1 Evacuation Pause) 209M->210M(512M) 12.420ms
[2020-08-01T12:17:26.857+0300][149.415s][info ][gc] GC(5566) Pause Young (Normal) (G1 Evacuation Pause) 231M->232M(512M) 10.813ms
[2020-08-01T12:17:26.876+0300][149.434s][info ][gc] GC(5567) Pause Young (Concurrent Start) (G1 Evacuation Pause) 253M->255M(512M) 10.623ms
[2020-08-01T12:17:26.876+0300][149.434s][info ][gc] GC(5568) Concurrent Cycle
[2020-08-01T12:17:26.895+0300][149.453s][info ][gc] GC(5569) Pause Young (Normal) (G1 Evacuation Pause) 276M->278M(512M) 10.507ms
[2020-08-01T12:17:26.940+0300][149.497s][info ][gc] GC(5570) Pause Young (Normal) (G1 Evacuation Pause) 319M->320M(512M) 11.005ms
[2020-08-01T12:17:26.959+0300][149.517s][info ][gc] GC(5571) Pause Young (Normal) (G1 Evacuation Pause) 341M->343M(512M) 10.677ms
[2020-08-01T12:17:26.978+0300][149.536s][info ][gc] GC(5572) Pause Young (Normal) (G1 Evacuation Pause) 364M->366M(512M) 10.241ms
[2020-08-01T12:17:26.999+0300][149.557s][info ][gc] GC(5573) Pause Young (Normal) (G1 Evacuation Pause) 387M->388M(512M) 12.351ms
[2020-08-01T12:17:27.020+0300][149.578s][info ][gc] GC(5574) Pause Young (Normal) (G1 Evacuation Pause) 409M->410M(512M) 11.950ms
[2020-08-01T12:17:27.026+0300][149.584s][debug][gc] GC(5568) Reclaimed 129 empty regions
[2020-08-01T12:17:27.026+0300][149.584s][info ][gc] GC(5568) Pause Remark 423M->296M(512M) 0.717ms
[2020-08-01T12:17:27.060+0300][149.618s][info ][gc] GC(5575) Pause Young (Normal) (G1 Evacuation Pause) 324M->325M(512M) 10.667ms
[2020-08-01T12:17:27.084+0300][149.642s][info ][gc] GC(5576) Pause Young (Normal) (G1 Evacuation Pause) 346M->347M(512M) 11.169ms
[2020-08-01T12:17:27.114+0300][149.671s][info ][gc] GC(5577) Pause Young (Normal) (G1 Evacuation Pause) 368M->370M(512M) 10.977ms
[2020-08-01T12:17:27.140+0300][149.698s][info ][gc] GC(5578) Pause Young (Normal) (G1 Evacuation Pause) 391M->392M(512M) 10.690ms
[2020-08-01T12:17:27.167+0300][149.725s][info ][gc] GC(5579) Pause Young (Normal) (G1 Evacuation Pause) 413M->414M(512M) 11.131ms
[2020-08-01T12:17:27.195+0300][149.752s][info ][gc] GC(5580) Pause Young (Normal) (G1 Evacuation Pause) 435M->436M(512M) 10.675ms
[2020-08-01T12:17:27.237+0300][149.794s][info ][gc] GC(5581) Pause Young (Normal) (G1 Evacuation Pause) 477M->479M(512M) 11.327ms
[2020-08-01T12:17:27.251+0300][149.809s][info ][gc] GC(5568) Pause Cleanup 496M->496M(512M) 0.130ms
[2020-08-01T12:17:27.251+0300][149.809s][info ][gc] GC(5568) Concurrent Cycle 375.418ms
[2020-08-01T12:17:27.277+0300][149.834s][info ][gc] GC(5582) To-space exhausted
[2020-08-01T12:17:27.277+0300][149.835s][info ][gc] GC(5582) Pause Young (Normal) (G1 Evacuation Pause) 500M->507M(512M) 23.899ms
[2020-08-01T12:17:27.292+0300][149.849s][info ][gc] GC(5583) To-space exhausted
[2020-08-01T12:17:27.292+0300][149.849s][info ][gc] GC(5583) Pause Young (Concurrent Start) (G1 Evacuation Pause) 511M->511M(512M) 13.235ms
[2020-08-01T12:17:27.292+0300][149.849s][info ][gc] GC(5585) Concurrent Cycle
[2020-08-01T12:17:27.292+0300][149.850s][debug][gc] GC(5584) Clear Next Bitmap 0.367ms
[2020-08-01T12:17:27.333+0300][149.891s][info ][gc] GC(5584) Pause Full (G1 Evacuation Pause) 511M->65M(512M) 41.506ms
[2020-08-01T12:17:27.333+0300][149.891s][info ][gc] GC(5585) Concurrent Cycle 41.798ms
[2020-08-01T12:17:27.358+0300][149.916s][info ][gc] GC(5586) Pause Young (Normal) (G1 Evacuation Pause) 95M->95M(512M) 12.650ms
[2020-08-01T12:17:27.381+0300][149.939s][info ][gc] GC(5587) Pause Young (Normal) (G1 Evacuation Pause) 121M->123M(512M) 12.223ms
[2020-08-01T12:17:27.417+0300][149.975s][info ][gc] GC(5588) Pause Young (Normal) (G1 Evacuation Pause) 164M->165M(512M) 12.329ms
[2020-08-01T12:17:27.436+0300][149.994s][info ][gc] GC(5589) Pause Young (Normal) (G1 Evacuation Pause) 186M->188M(512M) 11.092ms
[2020-08-01T12:17:27.456+0300][150.014s][info ][gc] GC(5590) Pause Young (Normal) (G1 Evacuation Pause) 209M->210M(512M) 11.303ms
[2020-08-01T12:17:27.475+0300][150.033s][info ][gc] GC(5591) Pause Young (Normal) (G1 Evacuation Pause) 231M->232M(512M) 10.573ms
[2020-08-01T12:17:27.494+0300][150.052s][info ][gc] GC(5592) Pause Young (Concurrent Start) (G1 Evacuation Pause) 253M->255M(512M) 10.569ms
[2020-08-01T12:17:27.494+0300][150.052s][info ][gc] GC(5593) Concurrent Cycle
[2020-08-01T12:17:27.514+0300][150.072s][info ][gc] GC(5594) Pause Young (Normal) (G1 Evacuation Pause) 276M->277M(512M) 10.233ms
[2020-08-01T12:17:27.558+0300][150.116s][info ][gc] GC(5595) Pause Young (Normal) (G1 Evacuation Pause) 318M->319M(512M) 9.705ms
[2020-08-01T12:17:27.579+0300][150.136s][info ][gc] GC(5596) Pause Young (Normal) (G1 Evacuation Pause) 340M->342M(512M) 11.510ms
[2020-08-01T12:17:27.599+0300][150.157s][info ][gc] GC(5597) Pause Young (Normal) (G1 Evacuation Pause) 364M->366M(512M) 10.887ms
[2020-08-01T12:17:27.619+0300][150.177s][info ][gc] GC(5598) Pause Young (Normal) (G1 Evacuation Pause) 388M->389M(512M) 10.802ms
[2020-08-01T12:17:27.638+0300][150.196s][info ][gc] GC(5599) Pause Young (Normal) (G1 Evacuation Pause) 410M->411M(512M) 10.744ms
[2020-08-01T12:17:27.649+0300][150.207s][debug][gc] GC(5593) Reclaimed 128 empty regions
[2020-08-01T12:17:27.649+0300][150.207s][info ][gc] GC(5593) Pause Remark 423M->298M(512M) 0.721ms
[2020-08-01T12:17:27.682+0300][150.240s][info ][gc] GC(5600) Pause Young (Normal) (G1 Evacuation Pause) 327M->329M(512M) 11.199ms
[2020-08-01T12:17:27.711+0300][150.269s][info ][gc] GC(5601) Pause Young (Normal) (G1 Evacuation Pause) 350M->351M(512M) 10.788ms
[2020-08-01T12:17:27.738+0300][150.296s][info ][gc] GC(5602) Pause Young (Normal) (G1 Evacuation Pause) 372M->374M(512M) 10.601ms
[2020-08-01T12:17:27.763+0300][150.321s][info ][gc] GC(5603) Pause Young (Normal) (G1 Evacuation Pause) 395M->396M(512M) 10.619ms
[2020-08-01T12:17:27.795+0300][150.353s][info ][gc] GC(5604) Pause Young (Normal) (G1 Evacuation Pause) 417M->420M(512M) 14.282ms
[2020-08-01T12:17:27.818+0300][150.376s][info ][gc] GC(5605) Pause Young (Normal) (G1 Evacuation Pause) 441M->442M(512M) 13.782ms
[2020-08-01T12:17:27.869+0300][150.426s][info ][gc] GC(5606) Pause Young (Normal) (G1 Evacuation Pause) 483M->485M(512M) 11.309ms
[2020-08-01T12:17:27.878+0300][150.436s][info ][gc] GC(5593) Pause Cleanup 488M->488M(512M) 0.148ms
[2020-08-01T12:17:27.879+0300][150.437s][info ][gc] GC(5593) Concurrent Cycle 384.687ms
[2020-08-01T12:17:27.916+0300][150.474s][info ][gc] GC(5607) To-space exhausted
[2020-08-01T12:17:27.916+0300][150.474s][info ][gc] GC(5607) Pause Young (Normal) (G1 Evacuation Pause) 506M->511M(512M) 30.222ms
[2020-08-01T12:17:27.955+0300][150.512s][info ][gc] GC(5608) Pause Full (G1 Evacuation Pause) 511M->62M(512M) 38.402ms
[2020-08-01T12:17:27.976+0300][150.534s][info ][gc] GC(5609) Pause Young (Normal) (G1 Evacuation Pause) 88M->89M(512M) 10.622ms
[2020-08-01T12:17:27.998+0300][150.555s][info ][gc] GC(5610) Pause Young (Normal) (G1 Evacuation Pause) 113M->115M(512M) 11.877ms
[2020-08-01T12:17:28.016+0300][150.574s][info ][gc] GC(5611) Pause Young (Normal) (G1 Evacuation Pause) 136M->138M(512M) 10.513ms
[2020-08-01T12:17:28.118+0300][150.675s][info ][gc] GC(5612) Pause Young (Normal) (G1 Evacuation Pause) 179M->180M(512M) 36.987ms
[2020-08-01T12:17:28.144+0300][150.702s][info ][gc] GC(5613) Pause Young (Normal) (G1 Evacuation Pause) 201M->203M(512M) 12.869ms
[2020-08-01T12:17:28.163+0300][150.721s][info ][gc] GC(5614) Pause Young (Normal) (G1 Evacuation Pause) 224M->225M(512M) 10.553ms
[2020-08-01T12:17:28.184+0300][150.741s][info ][gc] GC(5615) Pause Young (Normal) (G1 Evacuation Pause) 246M->248M(512M) 11.511ms
[2020-08-01T12:17:28.203+0300][150.760s][info ][gc] GC(5616) Pause Young (Concurrent Start) (G1 Evacuation Pause) 269M->270M(512M) 10.810ms
[2020-08-01T12:17:28.203+0300][150.761s][info ][gc] GC(5617) Concurrent Cycle
[2020-08-01T12:17:28.244+0300][150.802s][info ][gc] GC(5618) Pause Young (Normal) (G1 Evacuation Pause) 311M->313M(512M) 10.553ms
[2020-08-01T12:17:28.264+0300][150.822s][info ][gc] GC(5619) Pause Young (Normal) (G1 Evacuation Pause) 334M->336M(512M) 11.019ms
[2020-08-01T12:17:28.284+0300][150.842s][info ][gc] GC(5620) Pause Young (Normal) (G1 Evacuation Pause) 357M->358M(512M) 10.513ms
[2020-08-01T12:17:28.305+0300][150.862s][info ][gc] GC(5621) Pause Young (Normal) (G1 Evacuation Pause) 379M->381M(512M) 11.834ms
[2020-08-01T12:17:28.324+0300][150.882s][info ][gc] GC(5622) Pause Young (Normal) (G1 Evacuation Pause) 402M->403M(512M) 10.856ms
[2020-08-01T12:17:28.343+0300][150.901s][info ][gc] GC(5623) Pause Young (Normal) (G1 Evacuation Pause) 424M->426M(512M) 10.510ms
[2020-08-01T12:17:28.359+0300][150.917s][debug][gc] GC(5617) Reclaimed 133 empty regions
[2020-08-01T12:17:28.359+0300][150.917s][info ][gc] GC(5617) Pause Remark 428M->297M(512M) 0.651ms
[2020-08-01T12:17:28.387+0300][150.945s][info ][gc] GC(5624) Pause Young (Normal) (G1 Evacuation Pause) 336M->337M(512M) 11.629ms
[2020-08-01T12:17:28.417+0300][150.975s][info ][gc] GC(5625) Pause Young (Normal) (G1 Evacuation Pause) 358M->359M(512M) 10.466ms
[2020-08-01T12:17:28.445+0300][151.003s][info ][gc] GC(5626) Pause Young (Normal) (G1 Evacuation Pause) 380M->382M(512M) 11.752ms
[2020-08-01T12:17:28.472+0300][151.030s][info ][gc] GC(5627) Pause Young (Normal) (G1 Evacuation Pause) 403M->404M(512M) 10.983ms
[2020-08-01T12:17:28.498+0300][151.056s][info ][gc] GC(5628) Pause Young (Normal) (G1 Evacuation Pause) 425M->427M(512M) 11.239ms
[2020-08-01T12:17:28.555+0300][151.112s][info ][gc] GC(5629) Pause Young (Normal) (G1 Evacuation Pause) 468M->470M(512M) 11.261ms
[2020-08-01T12:17:28.585+0300][151.143s][info ][gc] GC(5630) To-space exhausted
[2020-08-01T12:17:28.586+0300][151.143s][info ][gc] GC(5630) Pause Young (Normal) (G1 Evacuation Pause) 491M->497M(512M) 14.657ms
[2020-08-01T12:17:28.598+0300][151.155s][info ][gc] GC(5617) Pause Cleanup 506M->506M(512M) 0.131ms
[2020-08-01T12:17:28.598+0300][151.156s][info ][gc] GC(5617) Concurrent Cycle 395.394ms
[2020-08-01T12:17:28.624+0300][151.182s][info ][gc] GC(5631) To-space exhausted
[2020-08-01T12:17:28.624+0300][151.182s][info ][gc] GC(5631) Pause Young (Normal) (G1 Evacuation Pause) 511M->511M(512M) 24.511ms
[2020-08-01T12:17:28.667+0300][151.225s][info ][gc] GC(5632) Pause Full (G1 Evacuation Pause) 511M->66M(512M) 42.480ms
[2020-08-01T12:17:28.691+0300][151.249s][info ][gc] GC(5633) Pause Young (Normal) (G1 Evacuation Pause) 91M->91M(512M) 13.326ms
[2020-08-01T12:17:28.710+0300][151.268s][info ][gc] GC(5634) Pause Young (Normal) (G1 Evacuation Pause) 112M->113M(512M) 10.402ms
[2020-08-01T12:17:28.729+0300][151.286s][info ][gc] GC(5635) Pause Young (Normal) (G1 Evacuation Pause) 134M->136M(512M) 10.417ms
[2020-08-01T12:17:28.824+0300][151.382s][info ][gc] GC(5636) Pause Young (Normal) (G1 Evacuation Pause) 177M->177M(512M) 29.555ms
[2020-08-01T12:17:28.848+0300][151.406s][info ][gc] GC(5637) Pause Young (Normal) (G1 Evacuation Pause) 198M->199M(512M) 11.834ms
[2020-08-01T12:17:28.868+0300][151.426s][info ][gc] GC(5638) Pause Young (Normal) (G1 Evacuation Pause) 220M->221M(512M) 10.973ms
[2020-08-01T12:17:28.888+0300][151.445s][info ][gc] GC(5639) Pause Young (Normal) (G1 Evacuation Pause) 242M->243M(512M) 10.641ms
[2020-08-01T12:17:28.909+0300][151.467s][info ][gc] GC(5640) Pause Young (Concurrent Start) (G1 Evacuation Pause) 264M->265M(512M) 13.202ms
[2020-08-01T12:17:28.909+0300][151.467s][info ][gc] GC(5641) Concurrent Cycle
[2020-08-01T12:17:28.956+0300][151.514s][info ][gc] GC(5642) Pause Young (Normal) (G1 Evacuation Pause) 306M->308M(512M) 11.412ms
[2020-08-01T12:17:28.975+0300][151.533s][info ][gc] GC(5643) Pause Young (Normal) (G1 Evacuation Pause) 329M->331M(512M) 10.515ms
[2020-08-01T12:17:28.995+0300][151.552s][info ][gc] GC(5644) Pause Young (Normal) (G1 Evacuation Pause) 352M->353M(512M) 10.289ms
[2020-08-01T12:17:29.014+0300][151.572s][info ][gc] GC(5645) Pause Young (Normal) (G1 Evacuation Pause) 374M->376M(512M) 10.258ms
[2020-08-01T12:17:29.033+0300][151.591s][info ][gc] GC(5646) Pause Young (Normal) (G1 Evacuation Pause) 397M->398M(512M) 10.486ms
[2020-08-01T12:17:29.054+0300][151.612s][info ][gc] GC(5647) Pause Young (Normal) (G1 Evacuation Pause) 419M->420M(512M) 12.444ms
[2020-08-01T12:17:29.066+0300][151.623s][debug][gc] GC(5641) Reclaimed 131 empty regions
[2020-08-01T12:17:29.066+0300][151.623s][info ][gc] GC(5641) Pause Remark 424M->295M(512M) 0.646ms
[2020-08-01T12:17:29.101+0300][151.658s][info ][gc] GC(5648) Pause Young (Normal) (G1 Evacuation Pause) 333M->334M(512M) 10.789ms
[2020-08-01T12:17:29.130+0300][151.688s][info ][gc] GC(5649) Pause Young (Normal) (G1 Evacuation Pause) 355M->357M(512M) 10.666ms
[2020-08-01T12:17:29.159+0300][151.716s][info ][gc] GC(5650) Pause Young (Normal) (G1 Evacuation Pause) 378M->379M(512M) 11.366ms
[2020-08-01T12:17:29.188+0300][151.745s][info ][gc] GC(5651) Pause Young (Normal) (G1 Evacuation Pause) 400M->402M(512M) 11.914ms
[2020-08-01T12:17:29.214+0300][151.772s][info ][gc] GC(5652) Pause Young (Normal) (G1 Evacuation Pause) 423M->424M(512M) 10.256ms
[2020-08-01T12:17:29.268+0300][151.826s][info ][gc] GC(5653) Pause Young (Normal) (G1 Evacuation Pause) 465M->467M(512M) 10.495ms
[2020-08-01T12:17:29.275+0300][151.833s][info ][gc] GC(5641) Pause Cleanup 470M->470M(512M) 0.118ms
[2020-08-01T12:17:29.275+0300][151.833s][info ][gc] GC(5641) Concurrent Cycle 365.866ms
[2020-08-01T12:17:29.294+0300][151.852s][info ][gc] GC(5654) To-space exhausted
[2020-08-01T12:17:29.294+0300][151.852s][info ][gc] GC(5654) Pause Young (Normal) (G1 Evacuation Pause) 488M->495M(512M) 12.262ms
[2020-08-01T12:17:29.331+0300][151.889s][info ][gc] GC(5655) To-space exhausted
[2020-08-01T12:17:29.331+0300][151.889s][info ][gc] GC(5655) Pause Young (Concurrent Start) (G1 Evacuation Pause) 511M->511M(512M) 29.610ms
[2020-08-01T12:17:29.331+0300][151.889s][info ][gc] GC(5657) Concurrent Cycle
[2020-08-01T12:17:29.331+0300][151.889s][debug][gc] GC(5656) Clear Next Bitmap 0.252ms
[2020-08-01T12:17:29.372+0300][151.930s][info ][gc] GC(5656) Pause Full (G1 Evacuation Pause) 511M->66M(512M) 41.351ms
[2020-08-01T12:17:29.373+0300][151.930s][info ][gc] GC(5657) Concurrent Cycle 41.676ms
[2020-08-01T12:17:29.393+0300][151.951s][info ][gc] GC(5658) Pause Young (Normal) (G1 Evacuation Pause) 91M->92M(512M) 10.614ms
[2020-08-01T12:17:29.412+0300][151.970s][info ][gc] GC(5659) Pause Young (Normal) (G1 Evacuation Pause) 113M->114M(512M) 10.168ms
[2020-08-01T12:17:29.431+0300][151.989s][info ][gc] GC(5660) Pause Young (Normal) (G1 Evacuation Pause) 135M->136M(512M) 10.432ms
[2020-08-01T12:17:29.471+0300][152.029s][info ][gc] GC(5661) Pause Young (Normal) (G1 Evacuation Pause) 177M->178M(512M) 11.481ms
[2020-08-01T12:17:29.491+0300][152.048s][info ][gc] GC(5662) Pause Young (Normal) (G1 Evacuation Pause) 199M->200M(512M) 10.775ms
[2020-08-01T12:17:29.510+0300][152.067s][info ][gc] GC(5663) Pause Young (Normal) (G1 Evacuation Pause) 221M->223M(512M) 10.228ms
[2020-08-01T12:17:29.528+0300][152.086s][info ][gc] GC(5664) Pause Young (Normal) (G1 Evacuation Pause) 244M->245M(512M) 10.357ms
[2020-08-01T12:17:29.547+0300][152.105s][info ][gc] GC(5665) Pause Young (Concurrent Start) (G1 Evacuation Pause) 266M->268M(512M) 10.365ms
[2020-08-01T12:17:29.547+0300][152.105s][info ][gc] GC(5666) Concurrent Cycle
[2020-08-01T12:17:29.593+0300][152.150s][info ][gc] GC(5667) Pause Young (Normal) (G1 Evacuation Pause) 309M->310M(512M) 10.047ms
[2020-08-01T12:17:29.612+0300][152.170s][info ][gc] GC(5668) Pause Young (Normal) (G1 Evacuation Pause) 331M->332M(512M) 10.658ms
[2020-08-01T12:17:29.631+0300][152.189s][info ][gc] GC(5669) Pause Young (Normal) (G1 Evacuation Pause) 353M->355M(512M) 10.385ms
[2020-08-01T12:17:29.651+0300][152.208s][info ][gc] GC(5670) Pause Young (Normal) (G1 Evacuation Pause) 376M->377M(512M) 10.796ms
[2020-08-01T12:17:29.672+0300][152.230s][info ][gc] GC(5671) Pause Young (Normal) (G1 Evacuation Pause) 398M->399M(512M) 11.879ms
[2020-08-01T12:17:29.692+0300][152.250s][info ][gc] GC(5672) Pause Young (Normal) (G1 Evacuation Pause) 420M->422M(512M) 11.150ms
[2020-08-01T12:17:29.705+0300][152.263s][debug][gc] GC(5666) Reclaimed 133 empty regions
[2020-08-01T12:17:29.705+0300][152.263s][info ][gc] GC(5666) Pause Remark 424M->293M(512M) 0.699ms
[2020-08-01T12:17:29.735+0300][152.293s][info ][gc] GC(5673) Pause Young (Normal) (G1 Evacuation Pause) 332M->333M(512M) 10.921ms
[2020-08-01T12:17:29.760+0300][152.318s][info ][gc] GC(5674) Pause Young (Normal) (G1 Evacuation Pause) 354M->356M(512M) 10.467ms
[2020-08-01T12:17:29.790+0300][152.347s][info ][gc] GC(5675) Pause Young (Normal) (G1 Evacuation Pause) 377M->378M(512M) 12.402ms
[2020-08-01T12:17:29.815+0300][152.373s][info ][gc] GC(5676) Pause Young (Normal) (G1 Evacuation Pause) 399M->402M(512M) 16.418ms
[2020-08-01T12:17:29.852+0300][152.410s][info ][gc] GC(5677) Pause Young (Normal) (G1 Evacuation Pause) 423M->424M(512M) 11.120ms
[2020-08-01T12:17:29.903+0300][152.461s][info ][gc] GC(5678) Pause Young (Normal) (G1 Evacuation Pause) 465M->466M(512M) 12.097ms
[2020-08-01T12:17:29.932+0300][152.489s][info ][gc] GC(5679) To-space exhausted
[2020-08-01T12:17:29.932+0300][152.490s][info ][gc] GC(5679) Pause Young (Normal) (G1 Evacuation Pause) 487M->493M(512M) 11.655ms
[2020-08-01T12:17:29.943+0300][152.501s][info ][gc] GC(5666) Pause Cleanup 507M->507M(512M) 0.119ms
[2020-08-01T12:17:29.943+0300][152.501s][info ][gc] GC(5666) Concurrent Cycle 395.932ms
[2020-08-01T12:17:29.974+0300][152.532s][info ][gc] GC(5680) To-space exhausted
[2020-08-01T12:17:29.974+0300][152.532s][info ][gc] GC(5680) Pause Young (Normal) (G1 Evacuation Pause) 511M->511M(512M) 29.184ms
[2020-08-01T12:17:30.016+0300][152.573s][info ][gc] GC(5681) Pause Full (G1 Evacuation Pause) 511M->69M(512M) 41.554ms
[2020-08-01T12:17:30.039+0300][152.596s][info ][gc] GC(5682) Pause Young (Normal) (G1 Evacuation Pause) 96M->97M(512M) 11.973ms
[2020-08-01T12:17:30.060+0300][152.618s][info ][gc] GC(5683) Pause Young (Normal) (G1 Evacuation Pause) 120M->121M(512M) 11.938ms
[2020-08-01T12:17:30.099+0300][152.657s][info ][gc] GC(5684) Pause Young (Normal) (G1 Evacuation Pause) 162M->164M(512M) 10.624ms
[2020-08-01T12:17:30.119+0300][152.677s][info ][gc] GC(5685) Pause Young (Normal) (G1 Evacuation Pause) 185M->186M(512M) 11.134ms
[2020-08-01T12:17:30.138+0300][152.696s][info ][gc] GC(5686) Pause Young (Normal) (G1 Evacuation Pause) 207M->209M(512M) 10.452ms
[2020-08-01T12:17:30.157+0300][152.715s][info ][gc] GC(5687) Pause Young (Normal) (G1 Evacuation Pause) 230M->231M(512M) 10.767ms
[2020-08-01T12:17:30.176+0300][152.734s][info ][gc] GC(5688) Pause Young (Concurrent Start) (G1 Evacuation Pause) 252M->254M(512M) 10.538ms
[2020-08-01T12:17:30.176+0300][152.734s][info ][gc] GC(5689) Concurrent Cycle
[2020-08-01T12:17:30.195+0300][152.753s][info ][gc] GC(5690) Pause Young (Normal) (G1 Evacuation Pause) 275M->277M(512M) 10.515ms
[2020-08-01T12:17:30.229+0300][152.787s][info ][gc] GC(5691) Pause Young (Normal) (G1 Evacuation Pause) 318M->319M(512M) 10.588ms
[2020-08-01T12:17:30.249+0300][152.807s][info ][gc] GC(5692) Pause Young (Normal) (G1 Evacuation Pause) 340M->342M(512M) 11.002ms
[2020-08-01T12:17:30.269+0300][152.827s][info ][gc] GC(5693) Pause Young (Normal) (G1 Evacuation Pause) 363M->364M(512M) 10.774ms
[2020-08-01T12:17:30.289+0300][152.847s][info ][gc] GC(5694) Pause Young (Normal) (G1 Evacuation Pause) 385M->387M(512M) 10.983ms
[2020-08-01T12:17:30.308+0300][152.866s][info ][gc] GC(5695) Pause Young (Normal) (G1 Evacuation Pause) 408M->409M(512M) 10.460ms
[2020-08-01T12:17:30.320+0300][152.878s][debug][gc] GC(5689) Reclaimed 130 empty regions
[2020-08-01T12:17:30.320+0300][152.878s][info ][gc] GC(5689) Pause Remark 425M->298M(512M) 0.644ms
[2020-08-01T12:17:30.352+0300][152.910s][info ][gc] GC(5696) Pause Young (Normal) (G1 Evacuation Pause) 323M->325M(512M) 10.615ms
[2020-08-01T12:17:30.376+0300][152.934s][info ][gc] GC(5697) Pause Young (Normal) (G1 Evacuation Pause) 346M->348M(512M) 11.076ms
[2020-08-01T12:17:30.397+0300][152.955s][info ][gc] GC(5698) Pause Young (Normal) (G1 Evacuation Pause) 369M->370M(512M) 12.457ms
[2020-08-01T12:17:30.431+0300][152.989s][info ][gc] GC(5699) Pause Young (Normal) (G1 Evacuation Pause) 391M->393M(512M) 10.733ms
[2020-08-01T12:17:30.458+0300][153.016s][info ][gc] GC(5700) Pause Young (Normal) (G1 Evacuation Pause) 414M->415M(512M) 10.636ms
[2020-08-01T12:17:30.487+0300][153.045s][info ][gc] GC(5701) Pause Young (Normal) (G1 Evacuation Pause) 436M->437M(512M) 10.596ms
[2020-08-01T12:17:30.527+0300][153.085s][info ][gc] GC(5689) Pause Cleanup 468M->468M(512M) 0.139ms
[2020-08-01T12:17:30.528+0300][153.086s][info ][gc] GC(5689) Concurrent Cycle 352.058ms
[2020-08-01T12:17:30.543+0300][153.100s][info ][gc] GC(5702) Pause Young (Normal) (G1 Evacuation Pause) 478M->479M(512M) 10.902ms
[2020-08-01T12:17:30.577+0300][153.135s][info ][gc] GC(5703) To-space exhausted
[2020-08-01T12:17:30.577+0300][153.135s][info ][gc] GC(5703) Pause Young (Concurrent Start) (G1 Evacuation Pause) 500M->507M(512M) 25.962ms
[2020-08-01T12:17:30.577+0300][153.135s][info ][gc] GC(5704) Concurrent Cycle
[2020-08-01T12:17:30.592+0300][153.150s][info ][gc] GC(5705) To-space exhausted
[2020-08-01T12:17:30.592+0300][153.150s][info ][gc] GC(5705) Pause Young (Normal) (G1 Evacuation Pause) 511M->511M(512M) 11.534ms
[2020-08-01T12:17:30.593+0300][153.151s][debug][gc] GC(5706) Clear Next Bitmap 0.346ms
[2020-08-01T12:17:30.631+0300][153.189s][info ][gc] GC(5706) Pause Full (G1 Evacuation Pause) 511M->63M(512M) 38.899ms
[2020-08-01T12:17:30.632+0300][153.189s][info ][gc] GC(5704) Concurrent Cycle 54.597ms
[2020-08-01T12:17:30.653+0300][153.211s][info ][gc] GC(5707) Pause Young (Normal) (G1 Evacuation Pause) 89M->89M(512M) 10.967ms
[2020-08-01T12:17:30.677+0300][153.234s][info ][gc] GC(5708) Pause Young (Normal) (G1 Evacuation Pause) 113M->114M(512M) 13.215ms
[2020-08-01T12:17:30.696+0300][153.254s][info ][gc] GC(5709) Pause Young (Normal) (G1 Evacuation Pause) 135M->137M(512M) 10.654ms
[2020-08-01T12:17:30.727+0300][153.285s][info ][gc] GC(5710) Pause Young (Normal) (G1 Evacuation Pause) 178M->179M(512M) 10.338ms
[2020-08-01T12:17:30.746+0300][153.304s][info ][gc] GC(5711) Pause Young (Normal) (G1 Evacuation Pause) 200M->201M(512M) 10.341ms
[2020-08-01T12:17:30.766+0300][153.324s][info ][gc] GC(5712) Pause Young (Normal) (G1 Evacuation Pause) 222M->223M(512M) 11.456ms
[2020-08-01T12:17:30.785+0300][153.343s][info ][gc] GC(5713) Pause Young (Normal) (G1 Evacuation Pause) 244M->245M(512M) 10.777ms
[2020-08-01T12:17:30.807+0300][153.365s][info ][gc] GC(5714) Pause Young (Concurrent Start) (G1 Evacuation Pause) 266M->268M(512M) 13.089ms
[2020-08-01T12:17:30.807+0300][153.365s][info ][gc] GC(5715) Concurrent Cycle
[2020-08-01T12:17:30.850+0300][153.408s][info ][gc] GC(5716) Pause Young (Normal) (G1 Evacuation Pause) 309M->310M(512M) 11.300ms
[2020-08-01T12:17:30.869+0300][153.427s][info ][gc] GC(5717) Pause Young (Normal) (G1 Evacuation Pause) 331M->333M(512M) 10.325ms
[2020-08-01T12:17:30.889+0300][153.447s][info ][gc] GC(5718) Pause Young (Normal) (G1 Evacuation Pause) 354M->355M(512M) 10.799ms
[2020-08-01T12:17:30.910+0300][153.468s][info ][gc] GC(5719) Pause Young (Normal) (G1 Evacuation Pause) 376M->377M(512M) 11.973ms
[2020-08-01T12:17:30.929+0300][153.487s][info ][gc] GC(5720) Pause Young (Normal) (G1 Evacuation Pause) 398M->399M(512M) 10.648ms
[2020-08-01T12:17:30.949+0300][153.506s][info ][gc] GC(5721) Pause Young (Normal) (G1 Evacuation Pause) 420M->421M(512M) 10.557ms
[2020-08-01T12:17:30.965+0300][153.523s][debug][gc] GC(5715) Reclaimed 133 empty regions
[2020-08-01T12:17:30.965+0300][153.523s][info ][gc] GC(5715) Pause Remark 423M->293M(512M) 0.654ms
[2020-08-01T12:17:30.993+0300][153.551s][info ][gc] GC(5722) Pause Young (Normal) (G1 Evacuation Pause) 332M->333M(512M) 11.069ms
[2020-08-01T12:17:31.021+0300][153.579s][info ][gc] GC(5723) Pause Young (Normal) (G1 Evacuation Pause) 354M->355M(512M) 11.284ms
[2020-08-01T12:17:31.048+0300][153.606s][info ][gc] GC(5724) Pause Young (Normal) (G1 Evacuation Pause) 376M->378M(512M) 10.660ms
[2020-08-01T12:17:31.075+0300][153.632s][info ][gc] GC(5725) Pause Young (Normal) (G1 Evacuation Pause) 399M->400M(512M) 11.055ms
[2020-08-01T12:17:31.101+0300][153.659s][info ][gc] GC(5726) Pause Young (Normal) (G1 Evacuation Pause) 421M->422M(512M) 10.995ms
[2020-08-01T12:17:31.147+0300][153.704s][info ][gc] GC(5727) Pause Young (Normal) (G1 Evacuation Pause) 463M->465M(512M) 11.661ms
[2020-08-01T12:17:31.174+0300][153.731s][info ][gc] GC(5728) To-space exhausted
[2020-08-01T12:17:31.174+0300][153.731s][info ][gc] GC(5728) Pause Young (Normal) (G1 Evacuation Pause) 486M->489M(512M) 11.489ms
[2020-08-01T12:17:31.220+0300][153.778s][info ][gc] GC(5729) To-space exhausted
[2020-08-01T12:17:31.220+0300][153.778s][info ][gc] GC(5729) Pause Young (Normal) (G1 Evacuation Pause) 510M->511M(512M) 32.139ms
[2020-08-01T12:17:31.221+0300][153.778s][debug][gc] GC(5730) Clear Next Bitmap 0.331ms
[2020-08-01T12:17:31.267+0300][153.824s][info ][gc] GC(5730) Pause Full (G1 Evacuation Pause) 511M->73M(512M) 46.451ms
[2020-08-01T12:17:31.267+0300][153.825s][info ][gc] GC(5715) Concurrent Cycle 459.838ms
[2020-08-01T12:17:31.288+0300][153.846s][info ][gc] GC(5731) Pause Young (Normal) (G1 Evacuation Pause) 99M->99M(512M) 11.202ms
[2020-08-01T12:17:31.310+0300][153.867s][info ][gc] GC(5732) Pause Young (Normal) (G1 Evacuation Pause) 123M->125M(512M) 11.496ms
[2020-08-01T12:17:31.364+0300][153.922s][info ][gc] GC(5733) Pause Young (Normal) (G1 Evacuation Pause) 166M->167M(512M) 19.353ms
[2020-08-01T12:17:31.386+0300][153.944s][info ][gc] GC(5734) Pause Young (Normal) (G1 Evacuation Pause) 188M->189M(512M) 11.560ms
[2020-08-01T12:17:31.405+0300][153.963s][info ][gc] GC(5735) Pause Young (Normal) (G1 Evacuation Pause) 210M->211M(512M) 10.403ms
[2020-08-01T12:17:31.424+0300][153.982s][info ][gc] GC(5736) Pause Young (Normal) (G1 Evacuation Pause) 232M->233M(512M) 10.324ms
[2020-08-01T12:17:31.443+0300][154.001s][info ][gc] GC(5737) Pause Young (Concurrent Start) (G1 Evacuation Pause) 254M->256M(512M) 10.740ms
[2020-08-01T12:17:31.444+0300][154.001s][info ][gc] GC(5738) Concurrent Cycle
[2020-08-01T12:17:31.463+0300][154.021s][info ][gc] GC(5739) Pause Young (Normal) (G1 Evacuation Pause) 277M->279M(512M) 10.661ms
[2020-08-01T12:17:31.507+0300][154.065s][info ][gc] GC(5740) Pause Young (Normal) (G1 Evacuation Pause) 320M->322M(512M) 10.619ms
[2020-08-01T12:17:31.526+0300][154.084s][info ][gc] GC(5741) Pause Young (Normal) (G1 Evacuation Pause) 343M->344M(512M) 10.247ms
[2020-08-01T12:17:31.546+0300][154.104s][info ][gc] GC(5742) Pause Young (Normal) (G1 Evacuation Pause) 365M->367M(512M) 10.361ms
[2020-08-01T12:17:31.564+0300][154.122s][info ][gc] GC(5743) Pause Young (Normal) (G1 Evacuation Pause) 388M->389M(512M) 9.830ms
[2020-08-01T12:17:31.585+0300][154.142s][info ][gc] GC(5744) Pause Young (Normal) (G1 Evacuation Pause) 410M->411M(512M) 11.523ms
[2020-08-01T12:17:31.590+0300][154.148s][debug][gc] GC(5738) Reclaimed 129 empty regions
[2020-08-01T12:17:31.590+0300][154.148s][info ][gc] GC(5738) Pause Remark 423M->296M(512M) 0.665ms
[2020-08-01T12:17:31.629+0300][154.187s][info ][gc] GC(5745) Pause Young (Normal) (G1 Evacuation Pause) 325M->326M(512M) 10.593ms
[2020-08-01T12:17:31.654+0300][154.212s][info ][gc] GC(5746) Pause Young (Normal) (G1 Evacuation Pause) 347M->347M(512M) 10.899ms
[2020-08-01T12:17:31.681+0300][154.239s][info ][gc] GC(5747) Pause Young (Normal) (G1 Evacuation Pause) 368M->370M(512M) 10.496ms
[2020-08-01T12:17:31.707+0300][154.265s][info ][gc] GC(5748) Pause Young (Normal) (G1 Evacuation Pause) 391M->391M(512M) 10.519ms
[2020-08-01T12:17:31.735+0300][154.293s][info ][gc] GC(5749) Pause Young (Normal) (G1 Evacuation Pause) 412M->414M(512M) 10.485ms
[2020-08-01T12:17:31.762+0300][154.320s][info ][gc] GC(5750) Pause Young (Normal) (G1 Evacuation Pause) 435M->436M(512M) 10.726ms
[2020-08-01T12:17:31.796+0300][154.354s][info ][gc] GC(5738) Pause Cleanup 469M->469M(512M) 0.253ms
[2020-08-01T12:17:31.797+0300][154.355s][info ][gc] GC(5738) Concurrent Cycle 353.672ms
[2020-08-01T12:17:31.813+0300][154.371s][info ][gc] GC(5751) Pause Young (Normal) (G1 Evacuation Pause) 477M->478M(512M) 12.452ms
[2020-08-01T12:17:31.847+0300][154.405s][info ][gc] GC(5752) To-space exhausted
[2020-08-01T12:17:31.847+0300][154.405s][info ][gc] GC(5752) Pause Young (Concurrent Start) (G1 Evacuation Pause) 499M->508M(512M) 25.484ms
[2020-08-01T12:17:31.847+0300][154.405s][info ][gc] GC(5753) Concurrent Cycle
[2020-08-01T12:17:31.862+0300][154.420s][info ][gc] GC(5754) To-space exhausted
[2020-08-01T12:17:31.862+0300][154.420s][info ][gc] GC(5754) Pause Young (Normal) (G1 Evacuation Pause) 511M->511M(512M) 11.851ms
[2020-08-01T12:17:31.863+0300][154.420s][debug][gc] GC(5755) Clear Next Bitmap 0.428ms
[2020-08-01T12:17:31.902+0300][154.460s][info ][gc] GC(5755) Pause Full (G1 Evacuation Pause) 511M->65M(512M) 39.745ms
[2020-08-01T12:17:31.902+0300][154.460s][info ][gc] GC(5753) Concurrent Cycle 55.291ms
[2020-08-01T12:17:31.922+0300][154.480s][info ][gc] GC(5756) Pause Young (Normal) (G1 Evacuation Pause) 90M->90M(512M) 10.460ms
[2020-08-01T12:17:31.944+0300][154.502s][info ][gc] GC(5757) Pause Young (Normal) (G1 Evacuation Pause) 113M->115M(512M) 12.641ms
[2020-08-01T12:17:31.964+0300][154.522s][info ][gc] GC(5758) Pause Young (Normal) (G1 Evacuation Pause) 136M->138M(512M) 11.004ms
[2020-08-01T12:17:32.005+0300][154.563s][info ][gc] GC(5759) Pause Young (Normal) (G1 Evacuation Pause) 179M->180M(512M) 10.461ms
[2020-08-01T12:17:32.025+0300][154.582s][info ][gc] GC(5760) Pause Young (Normal) (G1 Evacuation Pause) 201M->202M(512M) 11.131ms
[2020-08-01T12:17:32.044+0300][154.601s][info ][gc] GC(5761) Pause Young (Normal) (G1 Evacuation Pause) 223M->224M(512M) 10.480ms
[2020-08-01T12:17:32.063+0300][154.621s][info ][gc] GC(5762) Pause Young (Normal) (G1 Evacuation Pause) 245M->246M(512M) 10.475ms
[2020-08-01T12:17:32.083+0300][154.641s][info ][gc] GC(5763) Pause Young (Concurrent Start) (G1 Evacuation Pause) 267M->268M(512M) 11.872ms
[2020-08-01T12:17:32.083+0300][154.641s][info ][gc] GC(5764) Concurrent Cycle
[2020-08-01T12:17:32.128+0300][154.686s][info ][gc] GC(5765) Pause Young (Normal) (G1 Evacuation Pause) 309M->310M(512M) 10.962ms
[2020-08-01T12:17:32.147+0300][154.705s][info ][gc] GC(5766) Pause Young (Normal) (G1 Evacuation Pause) 331M->332M(512M) 10.486ms
[2020-08-01T12:17:32.166+0300][154.724s][info ][gc] GC(5767) Pause Young (Normal) (G1 Evacuation Pause) 353M->354M(512M) 10.410ms
[2020-08-01T12:17:32.187+0300][154.745s][info ][gc] GC(5768) Pause Young (Normal) (G1 Evacuation Pause) 375M->376M(512M) 12.110ms
[2020-08-01T12:17:32.207+0300][154.764s][info ][gc] GC(5769) Pause Young (Normal) (G1 Evacuation Pause) 397M->398M(512M) 10.642ms
[2020-08-01T12:17:32.226+0300][154.783s][info ][gc] GC(5770) Pause Young (Normal) (G1 Evacuation Pause) 419M->421M(512M) 10.272ms
[2020-08-01T12:17:32.239+0300][154.797s][debug][gc] GC(5764) Reclaimed 131 empty regions
[2020-08-01T12:17:32.239+0300][154.797s][info ][gc] GC(5764) Pause Remark 423M->294M(512M) 0.630ms
[2020-08-01T12:17:32.273+0300][154.830s][info ][gc] GC(5771) Pause Young (Normal) (G1 Evacuation Pause) 333M->334M(512M) 12.154ms
[2020-08-01T12:17:32.301+0300][154.858s][info ][gc] GC(5772) Pause Young (Normal) (G1 Evacuation Pause) 355M->357M(512M) 10.635ms
[2020-08-01T12:17:32.326+0300][154.884s][info ][gc] GC(5773) Pause Young (Normal) (G1 Evacuation Pause) 378M->379M(512M) 10.457ms
[2020-08-01T12:17:32.353+0300][154.911s][info ][gc] GC(5774) Pause Young (Normal) (G1 Evacuation Pause) 400M->401M(512M) 10.566ms
[2020-08-01T12:17:32.379+0300][154.937s][info ][gc] GC(5775) Pause Young (Normal) (G1 Evacuation Pause) 422M->424M(512M) 11.992ms
[2020-08-01T12:17:32.437+0300][154.995s][info ][gc] GC(5776) Pause Young (Normal) (G1 Evacuation Pause) 465M->467M(512M) 11.039ms
[2020-08-01T12:17:32.465+0300][155.022s][info ][gc] GC(5777) To-space exhausted
[2020-08-01T12:17:32.465+0300][155.022s][info ][gc] GC(5777) Pause Young (Normal) (G1 Evacuation Pause) 488M->493M(512M) 14.103ms
[2020-08-01T12:17:32.471+0300][155.029s][info ][gc] GC(5764) Pause Cleanup 494M->494M(512M) 0.130ms
[2020-08-01T12:17:32.471+0300][155.029s][info ][gc] GC(5764) Concurrent Cycle 388.391ms
[2020-08-01T12:17:32.510+0300][155.068s][info ][gc] GC(5778) To-space exhausted
[2020-08-01T12:17:32.510+0300][155.068s][info ][gc] GC(5778) Pause Young (Normal) (G1 Evacuation Pause) 511M->511M(512M) 31.771ms
[2020-08-01T12:17:32.553+0300][155.111s][info ][gc] GC(5779) Pause Full (G1 Evacuation Pause) 511M->70M(512M) 42.570ms
[2020-08-01T12:17:32.575+0300][155.132s][info ][gc] GC(5780) Pause Young (Normal) (G1 Evacuation Pause) 97M->98M(512M) 10.484ms
[2020-08-01T12:17:32.596+0300][155.154s][info ][gc] GC(5781) Pause Young (Normal) (G1 Evacuation Pause) 122M->123M(512M) 11.809ms
[2020-08-01T12:17:32.645+0300][155.203s][info ][gc] GC(5782) Pause Young (Normal) (G1 Evacuation Pause) 164M->166M(512M) 14.957ms
[2020-08-01T12:17:32.666+0300][155.223s][info ][gc] GC(5783) Pause Young (Normal) (G1 Evacuation Pause) 187M->188M(512M) 10.456ms
[2020-08-01T12:17:32.684+0300][155.242s][info ][gc] GC(5784) Pause Young (Normal) (G1 Evacuation Pause) 209M->211M(512M) 10.228ms
[2020-08-01T12:17:32.704+0300][155.262s][info ][gc] GC(5785) Pause Young (Normal) (G1 Evacuation Pause) 232M->233M(512M) 11.623ms
[2020-08-01T12:17:32.723+0300][155.281s][info ][gc] GC(5786) Pause Young (Concurrent Start) (G1 Evacuation Pause) 254M->254M(512M) 10.726ms
[2020-08-01T12:17:32.723+0300][155.281s][info ][gc] GC(5787) Concurrent Cycle
[2020-08-01T12:17:32.743+0300][155.301s][info ][gc] GC(5788) Pause Young (Normal) (G1 Evacuation Pause) 275M->277M(512M) 10.770ms
[2020-08-01T12:17:32.784+0300][155.342s][info ][gc] GC(5789) Pause Young (Normal) (G1 Evacuation Pause) 318M->320M(512M) 11.656ms
[2020-08-01T12:17:32.807+0300][155.364s][info ][gc] GC(5790) Pause Young (Normal) (G1 Evacuation Pause) 341M->342M(512M) 13.402ms
[2020-08-01T12:17:32.829+0300][155.387s][info ][gc] GC(5791) Pause Young (Normal) (G1 Evacuation Pause) 363M->364M(512M) 12.283ms
[2020-08-01T12:17:32.852+0300][155.410s][info ][gc] GC(5792) Pause Young (Normal) (G1 Evacuation Pause) 385M->386M(512M) 10.468ms
[2020-08-01T12:17:32.874+0300][155.432s][info ][gc] GC(5793) Pause Young (Normal) (G1 Evacuation Pause) 407M->408M(512M) 12.496ms
[2020-08-01T12:17:32.878+0300][155.436s][debug][gc] GC(5787) Reclaimed 129 empty regions
[2020-08-01T12:17:32.878+0300][155.436s][info ][gc] GC(5787) Pause Remark 415M->289M(512M) 0.641ms
[2020-08-01T12:17:32.909+0300][155.467s][info ][gc] GC(5794) Pause Young (Normal) (G1 Evacuation Pause) 323M->324M(512M) 10.490ms
[2020-08-01T12:17:32.941+0300][155.499s][info ][gc] GC(5795) Pause Young (Normal) (G1 Evacuation Pause) 345M->347M(512M) 14.426ms
[2020-08-01T12:17:32.963+0300][155.521s][info ][gc] GC(5796) Pause Young (Normal) (G1 Evacuation Pause) 368M->370M(512M) 12.348ms
[2020-08-01T12:17:32.996+0300][155.553s][info ][gc] GC(5797) Pause Young (Normal) (G1 Evacuation Pause) 391M->393M(512M) 10.768ms
[2020-08-01T12:17:33.017+0300][155.575s][info ][gc] GC(5798) Pause Young (Normal) (G1 Evacuation Pause) 414M->416M(512M) 12.153ms
[2020-08-01T12:17:33.052+0300][155.610s][info ][gc] GC(5799) Pause Young (Normal) (G1 Evacuation Pause) 437M->439M(512M) 11.990ms
[2020-08-01T12:17:33.092+0300][155.650s][info ][gc] GC(5800) Pause Young (Normal) (G1 Evacuation Pause) 480M->482M(512M) 10.697ms
[2020-08-01T12:17:33.135+0300][155.693s][info ][gc] GC(5801) To-space exhausted
[2020-08-01T12:17:33.136+0300][155.693s][info ][gc] GC(5801) Pause Young (Normal) (G1 Evacuation Pause) 503M->508M(512M) 29.713ms
[2020-08-01T12:17:33.158+0300][155.716s][info ][gc] GC(5802) To-space exhausted
[2020-08-01T12:17:33.158+0300][155.716s][info ][gc] GC(5802) Pause Young (Normal) (G1 Evacuation Pause) 511M->511M(512M) 11.255ms
[2020-08-01T12:17:33.159+0300][155.717s][debug][gc] GC(5803) Clear Next Bitmap 0.319ms
[2020-08-01T12:17:33.201+0300][155.759s][info ][gc] GC(5803) Pause Full (G1 Evacuation Pause) 511M->63M(512M) 42.370ms
[2020-08-01T12:17:33.201+0300][155.759s][info ][gc] GC(5787) Concurrent Cycle 477.608ms
[2020-08-01T12:17:33.221+0300][155.779s][info ][gc] GC(5804) Pause Young (Normal) (G1 Evacuation Pause) 88M->88M(512M) 10.465ms
[2020-08-01T12:17:33.244+0300][155.802s][info ][gc] GC(5805) Pause Young (Normal) (G1 Evacuation Pause) 112M->113M(512M) 12.977ms
[2020-08-01T12:17:33.266+0300][155.824s][info ][gc] GC(5806) Pause Young (Normal) (G1 Evacuation Pause) 134M->136M(512M) 12.885ms
[2020-08-01T12:17:33.300+0300][155.858s][info ][gc] GC(5807) Pause Young (Normal) (G1 Evacuation Pause) 177M->179M(512M) 10.841ms
[2020-08-01T12:17:33.321+0300][155.878s][info ][gc] GC(5808) Pause Young (Normal) (G1 Evacuation Pause) 200M->202M(512M) 12.559ms
[2020-08-01T12:17:33.340+0300][155.897s][info ][gc] GC(5809) Pause Young (Normal) (G1 Evacuation Pause) 223M->224M(512M) 10.383ms
[2020-08-01T12:17:33.359+0300][155.917s][info ][gc] GC(5810) Pause Young (Normal) (G1 Evacuation Pause) 245M->247M(512M) 10.811ms
[2020-08-01T12:17:33.379+0300][155.937s][info ][gc] GC(5811) Pause Young (Concurrent Start) (G1 Evacuation Pause) 268M->269M(512M) 11.797ms
[2020-08-01T12:17:33.379+0300][155.937s][info ][gc] GC(5812) Concurrent Cycle
[2020-08-01T12:17:33.413+0300][155.971s][info ][gc] GC(5813) Pause Young (Normal) (G1 Evacuation Pause) 310M->311M(512M) 9.967ms
[2020-08-01T12:17:33.433+0300][155.990s][info ][gc] GC(5814) Pause Young (Normal) (G1 Evacuation Pause) 332M->333M(512M) 11.020ms
[2020-08-01T12:17:33.453+0300][156.011s][info ][gc] GC(5815) Pause Young (Normal) (G1 Evacuation Pause) 354M->356M(512M) 12.225ms
[2020-08-01T12:17:33.474+0300][156.031s][info ][gc] GC(5816) Pause Young (Normal) (G1 Evacuation Pause) 377M->378M(512M) 10.535ms
[2020-08-01T12:17:33.493+0300][156.051s][info ][gc] GC(5817) Pause Young (Normal) (G1 Evacuation Pause) 399M->400M(512M) 10.682ms
[2020-08-01T12:17:33.513+0300][156.071s][info ][gc] GC(5818) Pause Young (Normal) (G1 Evacuation Pause) 421M->422M(512M) 10.823ms
[2020-08-01T12:17:33.546+0300][156.104s][info ][gc] GC(5819) Pause Young (Normal) (G1 Evacuation Pause) 463M->465M(512M) 10.443ms
[2020-08-01T12:17:33.548+0300][156.106s][debug][gc] GC(5812) Reclaimed 134 empty regions
[2020-08-01T12:17:33.548+0300][156.106s][info ][gc] GC(5812) Pause Remark 466M->337M(512M) 0.646ms
[2020-08-01T12:17:33.567+0300][156.125s][info ][gc] GC(5820) Pause Young (Normal) (G1 Evacuation Pause) 356M->357M(512M) 11.044ms
[2020-08-01T12:17:33.594+0300][156.152s][info ][gc] GC(5821) Pause Young (Normal) (G1 Evacuation Pause) 378M->379M(512M) 11.134ms
[2020-08-01T12:17:33.624+0300][156.182s][info ][gc] GC(5822) Pause Young (Normal) (G1 Evacuation Pause) 400M->401M(512M) 11.750ms
[2020-08-01T12:17:33.651+0300][156.209s][info ][gc] GC(5823) Pause Young (Normal) (G1 Evacuation Pause) 422M->423M(512M) 10.641ms
[2020-08-01T12:17:33.695+0300][156.253s][info ][gc] GC(5824) Pause Young (Normal) (G1 Evacuation Pause) 464M->465M(512M) 12.675ms
[2020-08-01T12:17:33.724+0300][156.282s][info ][gc] GC(5825) To-space exhausted
[2020-08-01T12:17:33.724+0300][156.282s][info ][gc] GC(5825) Pause Young (Normal) (G1 Evacuation Pause) 486M->493M(512M) 12.491ms
[2020-08-01T12:17:33.769+0300][156.327s][info ][gc] GC(5826) To-space exhausted
[2020-08-01T12:17:33.769+0300][156.327s][info ][gc] GC(5826) Pause Young (Normal) (G1 Evacuation Pause) 511M->511M(512M) 30.523ms
[2020-08-01T12:17:33.770+0300][156.328s][debug][gc] GC(5827) Clear Next Bitmap 0.386ms
[2020-08-01T12:17:33.814+0300][156.371s][info ][gc] GC(5827) Pause Full (G1 Evacuation Pause) 511M->70M(512M) 44.151ms
[2020-08-01T12:17:33.814+0300][156.372s][info ][gc] GC(5812) Concurrent Cycle 434.720ms
[2020-08-01T12:17:33.840+0300][156.398s][info ][gc] GC(5828) Pause Young (Normal) (G1 Evacuation Pause) 95M->95M(512M) 16.054ms
[2020-08-01T12:17:33.859+0300][156.417s][info ][gc] GC(5829) Pause Young (Normal) (G1 Evacuation Pause) 116M->117M(512M) 10.937ms
[2020-08-01T12:17:33.878+0300][156.436s][info ][gc] GC(5830) Pause Young (Normal) (G1 Evacuation Pause) 138M->139M(512M) 10.228ms
[2020-08-01T12:17:33.920+0300][156.478s][info ][gc] GC(5831) Pause Young (Normal) (G1 Evacuation Pause) 180M->181M(512M) 11.902ms
[2020-08-01T12:17:33.940+0300][156.498s][info ][gc] GC(5832) Pause Young (Normal) (G1 Evacuation Pause) 202M->204M(512M) 10.912ms
[2020-08-01T12:17:33.959+0300][156.516s][info ][gc] GC(5833) Pause Young (Normal) (G1 Evacuation Pause) 225M->226M(512M) 10.374ms
[2020-08-01T12:17:33.978+0300][156.536s][info ][gc] GC(5834) Pause Young (Normal) (G1 Evacuation Pause) 247M->249M(512M) 10.750ms
[2020-08-01T12:17:33.997+0300][156.555s][info ][gc] GC(5835) Pause Young (Concurrent Start) (G1 Evacuation Pause) 270M->271M(512M) 10.493ms
[2020-08-01T12:17:33.997+0300][156.555s][info ][gc] GC(5836) Concurrent Cycle
[2020-08-01T12:17:34.039+0300][156.597s][info ][gc] GC(5837) Pause Young (Normal) (G1 Evacuation Pause) 312M->313M(512M) 10.960ms
[2020-08-01T12:17:34.059+0300][156.617s][info ][gc] GC(5838) Pause Young (Normal) (G1 Evacuation Pause) 334M->335M(512M) 11.102ms
[2020-08-01T12:17:34.079+0300][156.636s][info ][gc] GC(5839) Pause Young (Normal) (G1 Evacuation Pause) 356M->358M(512M) 10.613ms
[2020-08-01T12:17:34.098+0300][156.656s][info ][gc] GC(5840) Pause Young (Normal) (G1 Evacuation Pause) 379M->380M(512M) 10.626ms
[2020-08-01T12:17:34.117+0300][156.675s][info ][gc] GC(5841) Pause Young (Normal) (G1 Evacuation Pause) 401M->403M(512M) 10.237ms
[2020-08-01T12:17:34.144+0300][156.702s][debug][gc] GC(5836) Reclaimed 131 empty regions
[2020-08-01T12:17:34.144+0300][156.702s][info ][gc] GC(5836) Pause Remark 423M->296M(512M) 0.677ms
[2020-08-01T12:17:34.161+0300][156.719s][info ][gc] GC(5842) Pause Young (Normal) (G1 Evacuation Pause) 316M->317M(512M) 11.119ms
[2020-08-01T12:17:34.190+0300][156.748s][info ][gc] GC(5843) Pause Young (Normal) (G1 Evacuation Pause) 338M->339M(512M) 12.352ms
[2020-08-01T12:17:34.217+0300][156.774s][info ][gc] GC(5844) Pause Young (Normal) (G1 Evacuation Pause) 360M->361M(512M) 10.563ms
[2020-08-01T12:17:34.243+0300][156.801s][info ][gc] GC(5845) Pause Young (Normal) (G1 Evacuation Pause) 382M->383M(512M) 10.785ms
[2020-08-01T12:17:34.269+0300][156.827s][info ][gc] GC(5846) Pause Young (Normal) (G1 Evacuation Pause) 404M->405M(512M) 10.758ms
[2020-08-01T12:17:34.294+0300][156.852s][info ][gc] GC(5847) Pause Young (Normal) (G1 Evacuation Pause) 426M->427M(512M) 10.525ms
[2020-08-01T12:17:34.336+0300][156.893s][info ][gc] GC(5848) Pause Young (Normal) (G1 Evacuation Pause) 468M->470M(512M) 10.816ms
[2020-08-01T12:17:34.367+0300][156.925s][info ][gc] GC(5849) To-space exhausted
[2020-08-01T12:17:34.367+0300][156.925s][info ][gc] GC(5849) Pause Young (Normal) (G1 Evacuation Pause) 491M->497M(512M) 15.829ms
[2020-08-01T12:17:34.404+0300][156.962s][info ][gc] GC(5850) To-space exhausted
[2020-08-01T12:17:34.404+0300][156.962s][info ][gc] GC(5850) Pause Young (Normal) (G1 Evacuation Pause) 511M->511M(512M) 23.901ms
[2020-08-01T12:17:34.405+0300][156.963s][debug][gc] GC(5851) Clear Next Bitmap 0.400ms
[2020-08-01T12:17:34.448+0300][157.006s][info ][gc] GC(5851) Pause Full (G1 Evacuation Pause) 511M->68M(512M) 43.805ms
[2020-08-01T12:17:34.448+0300][157.006s][info ][gc] GC(5836) Concurrent Cycle 451.599ms
[2020-08-01T12:17:34.469+0300][157.027s][info ][gc] GC(5852) Pause Young (Normal) (G1 Evacuation Pause) 94M->95M(512M) 10.471ms
[2020-08-01T12:17:34.491+0300][157.048s][info ][gc] GC(5853) Pause Young (Normal) (G1 Evacuation Pause) 119M->119M(512M) 11.908ms
[2020-08-01T12:17:34.558+0300][157.116s][info ][gc] GC(5854) Pause Young (Normal) (G1 Evacuation Pause) 160M->162M(512M) 22.711ms
[2020-08-01T12:17:34.582+0300][157.140s][info ][gc] GC(5855) Pause Young (Normal) (G1 Evacuation Pause) 183M->185M(512M) 12.794ms
[2020-08-01T12:17:34.601+0300][157.159s][info ][gc] GC(5856) Pause Young (Normal) (G1 Evacuation Pause) 206M->207M(512M) 10.424ms
[2020-08-01T12:17:34.620+0300][157.178s][info ][gc] GC(5857) Pause Young (Normal) (G1 Evacuation Pause) 228M->230M(512M) 10.634ms
[2020-08-01T12:17:34.640+0300][157.197s][info ][gc] GC(5858) Pause Young (Normal) (G1 Evacuation Pause) 251M->252M(512M) 10.936ms
[2020-08-01T12:17:34.659+0300][157.217s][info ][gc] GC(5859) Pause Young (Concurrent Start) (G1 Evacuation Pause) 273M->274M(512M) 10.818ms
[2020-08-01T12:17:34.660+0300][157.217s][info ][gc] GC(5860) Concurrent Cycle
[2020-08-01T12:17:34.695+0300][157.253s][info ][gc] GC(5861) Pause Young (Normal) (G1 Evacuation Pause) 315M->317M(512M) 10.483ms
[2020-08-01T12:17:34.715+0300][157.273s][info ][gc] GC(5862) Pause Young (Normal) (G1 Evacuation Pause) 338M->339M(512M) 10.776ms
[2020-08-01T12:17:34.734+0300][157.292s][info ][gc] GC(5863) Pause Young (Normal) (G1 Evacuation Pause) 360M->361M(512M) 10.386ms
[2020-08-01T12:17:34.754+0300][157.311s][info ][gc] GC(5864) Pause Young (Normal) (G1 Evacuation Pause) 382M->383M(512M) 11.180ms
[2020-08-01T12:17:34.773+0300][157.330s][info ][gc] GC(5865) Pause Young (Normal) (G1 Evacuation Pause) 404M->406M(512M) 10.334ms
[2020-08-01T12:17:34.822+0300][157.380s][info ][gc] GC(5866) Pause Young (Normal) (G1 Evacuation Pause) 447M->448M(512M) 13.904ms
[2020-08-01T12:17:34.825+0300][157.383s][debug][gc] GC(5860) Reclaimed 132 empty regions
[2020-08-01T12:17:34.825+0300][157.383s][info ][gc] GC(5860) Pause Remark 452M->323M(512M) 0.721ms
[2020-08-01T12:17:34.844+0300][157.402s][info ][gc] GC(5867) Pause Young (Normal) (G1 Evacuation Pause) 340M->341M(512M) 12.140ms
[2020-08-01T12:17:34.871+0300][157.429s][info ][gc] GC(5868) Pause Young (Normal) (G1 Evacuation Pause) 362M->363M(512M) 10.342ms
[2020-08-01T12:17:34.900+0300][157.458s][info ][gc] GC(5869) Pause Young (Normal) (G1 Evacuation Pause) 384M->385M(512M) 11.891ms
[2020-08-01T12:17:34.927+0300][157.485s][info ][gc] GC(5870) Pause Young (Normal) (G1 Evacuation Pause) 406M->408M(512M) 11.012ms
[2020-08-01T12:17:34.955+0300][157.512s][info ][gc] GC(5871) Pause Young (Normal) (G1 Evacuation Pause) 429M->430M(512M) 10.820ms
[2020-08-01T12:17:34.991+0300][157.549s][info ][gc] GC(5872) Pause Young (Normal) (G1 Evacuation Pause) 471M->472M(512M) 10.830ms
[2020-08-01T12:17:35.025+0300][157.583s][info ][gc] GC(5873) To-space exhausted
[2020-08-01T12:17:35.025+0300][157.583s][info ][gc] GC(5873) Pause Young (Normal) (G1 Evacuation Pause) 493M->501M(512M) 17.820ms
[2020-08-01T12:17:35.056+0300][157.613s][info ][gc] GC(5874) To-space exhausted
[2020-08-01T12:17:35.056+0300][157.613s][info ][gc] GC(5874) Pause Young (Normal) (G1 Evacuation Pause) 511M->511M(512M) 19.458ms
[2020-08-01T12:17:35.056+0300][157.614s][debug][gc] GC(5875) Clear Next Bitmap 0.319ms
[2020-08-01T12:17:35.097+0300][157.655s][info ][gc] GC(5875) Pause Full (G1 Evacuation Pause) 511M->67M(512M) 41.569ms
[2020-08-01T12:17:35.098+0300][157.655s][info ][gc] GC(5860) Concurrent Cycle 438.024ms
[2020-08-01T12:17:35.119+0300][157.677s][info ][gc] GC(5876) Pause Young (Normal) (G1 Evacuation Pause) 92M->93M(512M) 11.417ms
[2020-08-01T12:17:35.138+0300][157.696s][info ][gc] GC(5877) Pause Young (Normal) (G1 Evacuation Pause) 114M->115M(512M) 10.978ms
[2020-08-01T12:17:35.157+0300][157.715s][info ][gc] GC(5878) Pause Young (Normal) (G1 Evacuation Pause) 136M->137M(512M) 10.570ms
[2020-08-01T12:17:35.213+0300][157.771s][info ][gc] GC(5879) Pause Young (Normal) (G1 Evacuation Pause) 178M->180M(512M) 15.302ms
[2020-08-01T12:17:35.235+0300][157.793s][info ][gc] GC(5880) Pause Young (Normal) (G1 Evacuation Pause) 201M->203M(512M) 11.891ms
[2020-08-01T12:17:35.255+0300][157.813s][info ][gc] GC(5881) Pause Young (Normal) (G1 Evacuation Pause) 224M->225M(512M) 11.672ms
[2020-08-01T12:17:35.275+0300][157.832s][info ][gc] GC(5882) Pause Young (Normal) (G1 Evacuation Pause) 246M->247M(512M) 10.917ms
[2020-08-01T12:17:35.293+0300][157.851s][info ][gc] GC(5883) Pause Young (Concurrent Start) (G1 Evacuation Pause) 268M->269M(512M) 10.501ms
[2020-08-01T12:17:35.294+0300][157.851s][info ][gc] GC(5884) Concurrent Cycle
[2020-08-01T12:17:35.334+0300][157.892s][info ][gc] GC(5885) Pause Young (Normal) (G1 Evacuation Pause) 310M->312M(512M) 11.944ms
[2020-08-01T12:17:35.353+0300][157.911s][info ][gc] GC(5886) Pause Young (Normal) (G1 Evacuation Pause) 333M->334M(512M) 10.736ms
[2020-08-01T12:17:35.372+0300][157.930s][info ][gc] GC(5887) Pause Young (Normal) (G1 Evacuation Pause) 355M->356M(512M) 10.441ms
[2020-08-01T12:17:35.392+0300][157.949s][info ][gc] GC(5888) Pause Young (Normal) (G1 Evacuation Pause) 377M->379M(512M) 10.233ms
[2020-08-01T12:17:35.411+0300][157.968s][info ][gc] GC(5889) Pause Young (Normal) (G1 Evacuation Pause) 400M->401M(512M) 9.952ms
[2020-08-01T12:17:35.430+0300][157.988s][info ][gc] GC(5890) Pause Young (Normal) (G1 Evacuation Pause) 422M->424M(512M) 10.660ms
[2020-08-01T12:17:35.450+0300][158.008s][debug][gc] GC(5884) Reclaimed 131 empty regions
[2020-08-01T12:17:35.450+0300][158.008s][info ][gc] GC(5884) Pause Remark 425M->297M(512M) 0.652ms
[2020-08-01T12:17:35.475+0300][158.033s][info ][gc] GC(5891) Pause Young (Normal) (G1 Evacuation Pause) 337M->338M(512M) 11.739ms
[2020-08-01T12:17:35.506+0300][158.064s][info ][gc] GC(5892) Pause Young (Normal) (G1 Evacuation Pause) 359M->361M(512M) 10.868ms
[2020-08-01T12:17:35.534+0300][158.092s][info ][gc] GC(5893) Pause Young (Normal) (G1 Evacuation Pause) 382M->383M(512M) 11.614ms
[2020-08-01T12:17:35.562+0300][158.120s][info ][gc] GC(5894) Pause Young (Normal) (G1 Evacuation Pause) 404M->406M(512M) 11.052ms
[2020-08-01T12:17:35.589+0300][158.147s][info ][gc] GC(5895) Pause Young (Normal) (G1 Evacuation Pause) 427M->428M(512M) 11.280ms
[2020-08-01T12:17:35.644+0300][158.202s][info ][gc] GC(5896) Pause Young (Normal) (G1 Evacuation Pause) 469M->470M(512M) 11.349ms
[2020-08-01T12:17:35.677+0300][158.235s][info ][gc] GC(5897) To-space exhausted
[2020-08-01T12:17:35.677+0300][158.235s][info ][gc] GC(5897) Pause Young (Normal) (G1 Evacuation Pause) 491M->499M(512M) 15.923ms
[2020-08-01T12:17:35.688+0300][158.246s][info ][gc] GC(5884) Pause Cleanup 503M->503M(512M) 0.151ms
[2020-08-01T12:17:35.689+0300][158.247s][info ][gc] GC(5884) Concurrent Cycle 395.409ms
[2020-08-01T12:17:35.715+0300][158.273s][info ][gc] GC(5898) To-space exhausted
[2020-08-01T12:17:35.715+0300][158.273s][info ][gc] GC(5898) Pause Young (Normal) (G1 Evacuation Pause) 511M->511M(512M) 22.857ms
[2020-08-01T12:17:35.760+0300][158.317s][info ][gc] GC(5899) Pause Full (G1 Evacuation Pause) 511M->65M(512M) 44.461ms
[2020-08-01T12:17:35.783+0300][158.341s][info ][gc] GC(5900) Pause Young (Normal) (G1 Evacuation Pause) 91M->91M(512M) 12.739ms
[2020-08-01T12:17:35.806+0300][158.364s][info ][gc] GC(5901) Pause Young (Normal) (G1 Evacuation Pause) 114M->115M(512M) 13.851ms
[2020-08-01T12:17:35.825+0300][158.382s][info ][gc] GC(5902) Pause Young (Normal) (G1 Evacuation Pause) 136M->137M(512M) 10.205ms
[2020-08-01T12:17:35.890+0300][158.448s][info ][gc] GC(5903) Pause Young (Normal) (G1 Evacuation Pause) 178M->180M(512M) 20.086ms
[2020-08-01T12:17:35.913+0300][158.470s][info ][gc] GC(5904) Pause Young (Normal) (G1 Evacuation Pause) 201M->201M(512M) 11.554ms
[2020-08-01T12:17:35.932+0300][158.489s][info ][gc] GC(5905) Pause Young (Normal) (G1 Evacuation Pause) 222M->224M(512M) 10.605ms
[2020-08-01T12:17:35.951+0300][158.508s][info ][gc] GC(5906) Pause Young (Normal) (G1 Evacuation Pause) 245M->247M(512M) 10.561ms
[2020-08-01T12:17:35.969+0300][158.527s][info ][gc] GC(5907) Pause Young (Concurrent Start) (G1 Evacuation Pause) 268M->269M(512M) 10.502ms
[2020-08-01T12:17:35.969+0300][158.527s][info ][gc] GC(5908) Concurrent Cycle
[2020-08-01T12:17:36.005+0300][158.563s][info ][gc] GC(5909) Pause Young (Normal) (G1 Evacuation Pause) 310M->312M(512M) 11.921ms
[2020-08-01T12:17:36.025+0300][158.582s][info ][gc] GC(5910) Pause Young (Normal) (G1 Evacuation Pause) 333M->335M(512M) 10.460ms
[2020-08-01T12:17:36.044+0300][158.602s][info ][gc] GC(5911) Pause Young (Normal) (G1 Evacuation Pause) 356M->358M(512M) 10.560ms
[2020-08-01T12:17:36.064+0300][158.621s][info ][gc] GC(5912) Pause Young (Normal) (G1 Evacuation Pause) 379M->380M(512M) 10.531ms
[2020-08-01T12:17:36.084+0300][158.642s][info ][gc] GC(5913) Pause Young (Normal) (G1 Evacuation Pause) 401M->403M(512M) 11.776ms
[2020-08-01T12:17:36.103+0300][158.661s][info ][gc] GC(5914) Pause Young (Normal) (G1 Evacuation Pause) 424M->426M(512M) 10.392ms
[2020-08-01T12:17:36.128+0300][158.686s][debug][gc] GC(5908) Reclaimed 131 empty regions
[2020-08-01T12:17:36.128+0300][158.686s][info ][gc] GC(5908) Pause Remark 447M->318M(512M) 0.813ms
[2020-08-01T12:17:36.148+0300][158.706s][info ][gc] GC(5915) Pause Young (Normal) (G1 Evacuation Pause) 338M->340M(512M) 10.306ms
[2020-08-01T12:17:36.174+0300][158.732s][info ][gc] GC(5916) Pause Young (Normal) (G1 Evacuation Pause) 361M->363M(512M) 10.373ms
[2020-08-01T12:17:36.202+0300][158.760s][info ][gc] GC(5917) Pause Young (Normal) (G1 Evacuation Pause) 384M->386M(512M) 11.107ms
[2020-08-01T12:17:36.231+0300][158.789s][info ][gc] GC(5918) Pause Young (Normal) (G1 Evacuation Pause) 407M->408M(512M) 11.096ms
[2020-08-01T12:17:36.257+0300][158.815s][info ][gc] GC(5919) Pause Young (Normal) (G1 Evacuation Pause) 429M->430M(512M) 10.897ms
[2020-08-01T12:17:36.299+0300][158.857s][info ][gc] GC(5920) Pause Young (Normal) (G1 Evacuation Pause) 471M->472M(512M) 10.871ms
[2020-08-01T12:17:36.335+0300][158.892s][info ][gc] GC(5921) To-space exhausted
[2020-08-01T12:17:36.335+0300][158.892s][info ][gc] GC(5921) Pause Young (Normal) (G1 Evacuation Pause) 493M->500M(512M) 17.628ms
[2020-08-01T12:17:36.375+0300][158.933s][info ][gc] GC(5922) To-space exhausted
[2020-08-01T12:17:36.375+0300][158.933s][info ][gc] GC(5922) Pause Young (Normal) (G1 Evacuation Pause) 511M->511M(512M) 22.750ms
[2020-08-01T12:17:36.375+0300][158.933s][debug][gc] GC(5923) Clear Next Bitmap 0.280ms
[2020-08-01T12:17:36.413+0300][158.971s][info ][gc] GC(5923) Pause Full (G1 Evacuation Pause) 511M->64M(512M) 38.305ms
[2020-08-01T12:17:36.414+0300][158.971s][info ][gc] GC(5908) Concurrent Cycle 444.047ms
[2020-08-01T12:17:36.434+0300][158.992s][info ][gc] GC(5924) Pause Young (Normal) (G1 Evacuation Pause) 89M->89M(512M) 10.655ms
[2020-08-01T12:17:36.455+0300][159.013s][info ][gc] GC(5925) Pause Young (Normal) (G1 Evacuation Pause) 111M->113M(512M) 12.310ms
[2020-08-01T12:17:36.474+0300][159.032s][info ][gc] GC(5926) Pause Young (Normal) (G1 Evacuation Pause) 134M->136M(512M) 10.752ms
[2020-08-01T12:17:36.516+0300][159.074s][info ][gc] GC(5927) Pause Young (Normal) (G1 Evacuation Pause) 177M->178M(512M) 10.734ms
[2020-08-01T12:17:36.536+0300][159.093s][info ][gc] GC(5928) Pause Young (Normal) (G1 Evacuation Pause) 199M->200M(512M) 10.568ms
[2020-08-01T12:17:36.555+0300][159.112s][info ][gc] GC(5929) Pause Young (Normal) (G1 Evacuation Pause) 221M->223M(512M) 10.572ms
[2020-08-01T12:17:36.574+0300][159.131s][info ][gc] GC(5930) Pause Young (Normal) (G1 Evacuation Pause) 244M->245M(512M) 10.502ms
[2020-08-01T12:17:36.592+0300][159.150s][info ][gc] GC(5931) Pause Young (Concurrent Start) (G1 Evacuation Pause) 266M->267M(512M) 10.309ms
[2020-08-01T12:17:36.592+0300][159.150s][info ][gc] GC(5932) Concurrent Cycle
[2020-08-01T12:17:36.638+0300][159.196s][info ][gc] GC(5933) Pause Young (Normal) (G1 Evacuation Pause) 308M->310M(512M) 10.851ms
[2020-08-01T12:17:36.659+0300][159.217s][info ][gc] GC(5934) Pause Young (Normal) (G1 Evacuation Pause) 331M->332M(512M) 11.665ms
[2020-08-01T12:17:36.679+0300][159.237s][info ][gc] GC(5935) Pause Young (Normal) (G1 Evacuation Pause) 353M->355M(512M) 10.892ms
[2020-08-01T12:17:36.699+0300][159.257s][info ][gc] GC(5936) Pause Young (Normal) (G1 Evacuation Pause) 376M->377M(512M) 10.960ms
[2020-08-01T12:17:36.718+0300][159.276s][info ][gc] GC(5937) Pause Young (Normal) (G1 Evacuation Pause) 398M->399M(512M) 10.494ms
[2020-08-01T12:17:36.738+0300][159.295s][info ][gc] GC(5938) Pause Young (Normal) (G1 Evacuation Pause) 420M->422M(512M) 10.474ms
[2020-08-01T12:17:36.748+0300][159.306s][debug][gc] GC(5932) Reclaimed 131 empty regions
[2020-08-01T12:17:36.749+0300][159.306s][info ][gc] GC(5932) Pause Remark 425M->296M(512M) 0.739ms
[2020-08-01T12:17:36.784+0300][159.342s][info ][gc] GC(5939) Pause Young (Normal) (G1 Evacuation Pause) 333M->334M(512M) 11.327ms
[2020-08-01T12:17:36.815+0300][159.372s][info ][gc] GC(5940) Pause Young (Normal) (G1 Evacuation Pause) 355M->357M(512M) 13.145ms
[2020-08-01T12:17:36.847+0300][159.405s][info ][gc] GC(5941) Pause Young (Normal) (G1 Evacuation Pause) 378M->380M(512M) 11.597ms
[2020-08-01T12:17:36.877+0300][159.435s][info ][gc] GC(5942) Pause Young (Normal) (G1 Evacuation Pause) 401M->402M(512M) 10.761ms
[2020-08-01T12:17:36.905+0300][159.463s][info ][gc] GC(5943) Pause Young (Normal) (G1 Evacuation Pause) 423M->424M(512M) 11.726ms
[2020-08-01T12:17:36.951+0300][159.509s][info ][gc] GC(5944) Pause Young (Normal) (G1 Evacuation Pause) 465M->466M(512M) 10.980ms
[2020-08-01T12:17:36.979+0300][159.537s][info ][gc] GC(5945) To-space exhausted
[2020-08-01T12:17:36.979+0300][159.537s][info ][gc] GC(5945) Pause Young (Normal) (G1 Evacuation Pause) 487M->494M(512M) 12.197ms
[2020-08-01T12:17:36.985+0300][159.542s][info ][gc] GC(5932) Pause Cleanup 495M->495M(512M) 0.150ms
[2020-08-01T12:17:36.985+0300][159.543s][info ][gc] GC(5932) Concurrent Cycle 392.563ms
[2020-08-01T12:17:37.020+0300][159.578s][info ][gc] GC(5946) To-space exhausted
[2020-08-01T12:17:37.020+0300][159.578s][info ][gc] GC(5946) Pause Young (Normal) (G1 Evacuation Pause) 511M->511M(512M) 28.148ms
[2020-08-01T12:17:37.061+0300][159.619s][info ][gc] GC(5947) Pause Full (G1 Evacuation Pause) 511M->67M(512M) 40.843ms
[2020-08-01T12:17:37.083+0300][159.641s][info ][gc] GC(5948) Pause Young (Normal) (G1 Evacuation Pause) 94M->94M(512M) 11.247ms
[2020-08-01T12:17:37.106+0300][159.663s][info ][gc] GC(5949) Pause Young (Normal) (G1 Evacuation Pause) 119M->120M(512M) 12.448ms
[2020-08-01T12:17:37.152+0300][159.710s][info ][gc] GC(5950) Pause Young (Normal) (G1 Evacuation Pause) 161M->162M(512M) 12.296ms
[2020-08-01T12:17:37.174+0300][159.732s][info ][gc] GC(5951) Pause Young (Normal) (G1 Evacuation Pause) 183M->184M(512M) 13.275ms
[2020-08-01T12:17:37.194+0300][159.752s][info ][gc] GC(5952) Pause Young (Normal) (G1 Evacuation Pause) 205M->206M(512M) 11.883ms
[2020-08-01T12:17:37.217+0300][159.775s][info ][gc] GC(5953) Pause Young (Normal) (G1 Evacuation Pause) 227M->229M(512M) 14.155ms
[2020-08-01T12:17:37.241+0300][159.799s][info ][gc] GC(5954) Pause Young (Normal) (G1 Evacuation Pause) 250M->252M(512M) 15.346ms
[2020-08-01T12:17:37.263+0300][159.820s][info ][gc] GC(5955) Pause Young (Concurrent Start) (G1 Evacuation Pause) 273M->274M(512M) 13.221ms
[2020-08-01T12:17:37.263+0300][159.820s][info ][gc] GC(5956) Concurrent Cycle
[2020-08-01T12:17:37.311+0300][159.869s][info ][gc] GC(5957) Pause Young (Normal) (G1 Evacuation Pause) 315M->317M(512M) 11.608ms
[2020-08-01T12:17:37.334+0300][159.891s][info ][gc] GC(5958) Pause Young (Normal) (G1 Evacuation Pause) 338M->339M(512M) 12.515ms
[2020-08-01T12:17:37.354+0300][159.912s][info ][gc] GC(5959) Pause Young (Normal) (G1 Evacuation Pause) 360M->361M(512M) 12.023ms
[2020-08-01T12:17:37.376+0300][159.934s][info ][gc] GC(5960) Pause Young (Normal) (G1 Evacuation Pause) 382M->384M(512M) 12.338ms
[2020-08-01T12:17:37.397+0300][159.955s][info ][gc] GC(5961) Pause Young (Normal) (G1 Evacuation Pause) 405M->407M(512M) 11.447ms
[2020-08-01T12:17:37.432+0300][159.990s][info ][gc] GC(5962) Pause Young (Normal) (G1 Evacuation Pause) 448M->449M(512M) 12.024ms
[2020-08-01T12:17:37.453+0300][160.010s][info ][gc] GC(5963) Pause Young (Normal) (G1 Evacuation Pause) 470M->472M(512M) 11.750ms
[2020-08-01T12:17:37.453+0300][160.011s][debug][gc] GC(5956) Reclaimed 129 empty regions
[2020-08-01T12:17:37.453+0300][160.011s][info ][gc] GC(5956) Pause Remark 472M->345M(512M) 0.698ms
[2020-08-01T12:17:37.473+0300][160.031s][info ][gc] GC(5964) Pause Young (Normal) (G1 Evacuation Pause) 365M->367M(512M) 10.921ms
[2020-08-01T12:17:37.500+0300][160.058s][info ][gc] GC(5965) Pause Young (Normal) (G1 Evacuation Pause) 388M->389M(512M) 12.051ms
[2020-08-01T12:17:37.528+0300][160.086s][info ][gc] GC(5966) Pause Young (Normal) (G1 Evacuation Pause) 410M->412M(512M) 11.250ms
[2020-08-01T12:17:37.558+0300][160.116s][info ][gc] GC(5967) Pause Young (Normal) (G1 Evacuation Pause) 433M->434M(512M) 12.515ms
[2020-08-01T12:17:37.608+0300][160.166s][info ][gc] GC(5968) Pause Young (Normal) (G1 Evacuation Pause) 475M->476M(512M) 11.043ms
[2020-08-01T12:17:37.643+0300][160.201s][info ][gc] GC(5969) To-space exhausted
[2020-08-01T12:17:37.643+0300][160.201s][info ][gc] GC(5969) Pause Young (Normal) (G1 Evacuation Pause) 497M->507M(512M) 21.150ms
[2020-08-01T12:17:37.665+0300][160.223s][info ][gc] GC(5970) To-space exhausted
[2020-08-01T12:17:37.665+0300][160.223s][info ][gc] GC(5970) Pause Young (Normal) (G1 Evacuation Pause) 511M->511M(512M) 12.587ms
[2020-08-01T12:17:37.666+0300][160.224s][debug][gc] GC(5971) Clear Next Bitmap 0.291ms
[2020-08-01T12:17:37.704+0300][160.262s][info ][gc] GC(5971) Pause Full (G1 Evacuation Pause) 511M->62M(512M) 38.768ms
[2020-08-01T12:17:37.705+0300][160.262s][info ][gc] GC(5956) Concurrent Cycle 441.834ms
[2020-08-01T12:17:37.725+0300][160.283s][info ][gc] GC(5972) Pause Young (Normal) (G1 Evacuation Pause) 87M->87M(512M) 10.629ms
[2020-08-01T12:17:37.744+0300][160.302s][info ][gc] GC(5973) Pause Young (Normal) (G1 Evacuation Pause) 108M->110M(512M) 10.572ms
[2020-08-01T12:17:37.763+0300][160.321s][info ][gc] GC(5974) Pause Young (Normal) (G1 Evacuation Pause) 131M->132M(512M) 10.634ms
[2020-08-01T12:17:37.846+0300][160.404s][info ][gc] GC(5975) Pause Young (Normal) (G1 Evacuation Pause) 173M->175M(512M) 22.590ms
[2020-08-01T12:17:37.869+0300][160.426s][info ][gc] GC(5976) Pause Young (Normal) (G1 Evacuation Pause) 196M->197M(512M) 11.428ms
[2020-08-01T12:17:37.892+0300][160.449s][info ][gc] GC(5977) Pause Young (Normal) (G1 Evacuation Pause) 218M->219M(512M) 13.104ms
[2020-08-01T12:17:37.913+0300][160.470s][info ][gc] GC(5978) Pause Young (Normal) (G1 Evacuation Pause) 240M->241M(512M) 12.000ms
[2020-08-01T12:17:37.933+0300][160.491s][info ][gc] GC(5979) Pause Young (Concurrent Start) (G1 Evacuation Pause) 262M->263M(512M) 11.787ms
[2020-08-01T12:17:37.934+0300][160.491s][info ][gc] GC(5980) Concurrent Cycle
[2020-08-01T12:17:37.976+0300][160.533s][info ][gc] GC(5981) Pause Young (Normal) (G1 Evacuation Pause) 304M->305M(512M) 10.150ms
[2020-08-01T12:17:37.995+0300][160.553s][info ][gc] GC(5982) Pause Young (Normal) (G1 Evacuation Pause) 326M->327M(512M) 10.644ms
[2020-08-01T12:17:38.015+0300][160.573s][info ][gc] GC(5983) Pause Young (Normal) (G1 Evacuation Pause) 348M->349M(512M) 10.508ms
[2020-08-01T12:17:38.034+0300][160.592s][info ][gc] GC(5984) Pause Young (Normal) (G1 Evacuation Pause) 370M->372M(512M) 10.508ms
[2020-08-01T12:17:38.055+0300][160.612s][info ][gc] GC(5985) Pause Young (Normal) (G1 Evacuation Pause) 393M->394M(512M) 11.752ms
[2020-08-01T12:17:38.074+0300][160.632s][info ][gc] GC(5986) Pause Young (Normal) (G1 Evacuation Pause) 415M->416M(512M) 10.594ms
[2020-08-01T12:17:38.085+0300][160.643s][debug][gc] GC(5980) Reclaimed 129 empty regions
[2020-08-01T12:17:38.085+0300][160.643s][info ][gc] GC(5980) Pause Remark 423M->296M(512M) 0.642ms
[2020-08-01T12:17:38.119+0300][160.677s][info ][gc] GC(5987) Pause Young (Normal) (G1 Evacuation Pause) 330M->332M(512M) 10.554ms
[2020-08-01T12:17:38.148+0300][160.706s][info ][gc] GC(5988) Pause Young (Normal) (G1 Evacuation Pause) 353M->354M(512M) 10.876ms
[2020-08-01T12:17:38.175+0300][160.733s][info ][gc] GC(5989) Pause Young (Normal) (G1 Evacuation Pause) 375M->377M(512M) 12.197ms
[2020-08-01T12:17:38.206+0300][160.764s][info ][gc] GC(5990) Pause Young (Normal) (G1 Evacuation Pause) 398M->399M(512M) 11.303ms
[2020-08-01T12:17:38.232+0300][160.790s][info ][gc] GC(5991) Pause Young (Normal) (G1 Evacuation Pause) 420M->421M(512M) 10.737ms
[2020-08-01T12:17:38.289+0300][160.847s][info ][gc] GC(5992) Pause Young (Normal) (G1 Evacuation Pause) 462M->464M(512M) 11.258ms
[2020-08-01T12:17:38.302+0300][160.859s][info ][gc] GC(5980) Pause Cleanup 476M->476M(512M) 0.135ms
[2020-08-01T12:17:38.302+0300][160.860s][info ][gc] GC(5980) Concurrent Cycle 368.742ms
[2020-08-01T12:17:38.316+0300][160.874s][info ][gc] GC(5993) Pause Young (Normal) (G1 Evacuation Pause) 485M->486M(512M) 10.989ms
[2020-08-01T12:17:38.358+0300][160.916s][info ][gc] GC(5994) To-space exhausted
[2020-08-01T12:17:38.358+0300][160.916s][info ][gc] GC(5994) Pause Young (Concurrent Start) (G1 Evacuation Pause) 507M->511M(512M) 33.093ms
[2020-08-01T12:17:38.358+0300][160.916s][info ][gc] GC(5996) Concurrent Cycle
[2020-08-01T12:17:38.359+0300][160.917s][debug][gc] GC(5995) Clear Next Bitmap 0.296ms
[2020-08-01T12:17:38.402+0300][160.960s][info ][gc] GC(5995) Pause Full (G1 Evacuation Pause) 511M->68M(512M) 44.305ms
[2020-08-01T12:17:38.403+0300][160.960s][info ][gc] GC(5996) Concurrent Cycle 44.632ms
[2020-08-01T12:17:38.423+0300][160.981s][info ][gc] GC(5997) Pause Young (Normal) (G1 Evacuation Pause) 93M->94M(512M) 10.738ms
[2020-08-01T12:17:38.443+0300][161.000s][info ][gc] GC(5998) Pause Young (Normal) (G1 Evacuation Pause) 115M->116M(512M) 10.706ms
[2020-08-01T12:17:38.462+0300][161.020s][info ][gc] GC(5999) Pause Young (Normal) (G1 Evacuation Pause) 137M->139M(512M) 11.010ms
[2020-08-01T12:17:38.495+0300][161.053s][info ][gc] GC(6000) Pause Young (Normal) (G1 Evacuation Pause) 180M->181M(512M) 10.488ms
[2020-08-01T12:17:38.514+0300][161.072s][info ][gc] GC(6001) Pause Young (Normal) (G1 Evacuation Pause) 202M->203M(512M) 10.281ms
[2020-08-01T12:17:38.533+0300][161.091s][info ][gc] GC(6002) Pause Young (Normal) (G1 Evacuation Pause) 224M->226M(512M) 11.024ms
[2020-08-01T12:17:38.553+0300][161.110s][info ][gc] GC(6003) Pause Young (Normal) (G1 Evacuation Pause) 247M->247M(512M) 10.709ms
[2020-08-01T12:17:38.572+0300][161.130s][info ][gc] GC(6004) Pause Young (Concurrent Start) (G1 Evacuation Pause) 268M->269M(512M) 10.675ms
[2020-08-01T12:17:38.572+0300][161.130s][info ][gc] GC(6005) Concurrent Cycle
[2020-08-01T12:17:38.618+0300][161.176s][info ][gc] GC(6006) Pause Young (Normal) (G1 Evacuation Pause) 310M->311M(512M) 10.573ms
[2020-08-01T12:17:38.638+0300][161.195s][info ][gc] GC(6007) Pause Young (Normal) (G1 Evacuation Pause) 332M->333M(512M) 10.711ms
[2020-08-01T12:17:38.659+0300][161.217s][info ][gc] GC(6008) Pause Young (Normal) (G1 Evacuation Pause) 354M->356M(512M) 11.602ms
[2020-08-01T12:17:38.678+0300][161.236s][info ][gc] GC(6009) Pause Young (Normal) (G1 Evacuation Pause) 377M->378M(512M) 10.530ms
[2020-08-01T12:17:38.698+0300][161.256s][info ][gc] GC(6010) Pause Young (Normal) (G1 Evacuation Pause) 399M->401M(512M) 10.755ms
[2020-08-01T12:17:38.720+0300][161.277s][debug][gc] GC(6005) Reclaimed 134 empty regions
[2020-08-01T12:17:38.720+0300][161.277s][info ][gc] GC(6005) Pause Remark 422M->291M(512M) 0.654ms
[2020-08-01T12:17:38.740+0300][161.298s][info ][gc] GC(6011) Pause Young (Normal) (G1 Evacuation Pause) 311M->312M(512M) 12.617ms
[2020-08-01T12:17:38.767+0300][161.325s][info ][gc] GC(6012) Pause Young (Normal) (G1 Evacuation Pause) 333M->335M(512M) 10.718ms
[2020-08-01T12:17:38.794+0300][161.352s][info ][gc] GC(6013) Pause Young (Normal) (G1 Evacuation Pause) 356M->357M(512M) 10.608ms
[2020-08-01T12:17:38.823+0300][161.380s][info ][gc] GC(6014) Pause Young (Normal) (G1 Evacuation Pause) 378M->379M(512M) 12.519ms
[2020-08-01T12:17:38.856+0300][161.414s][info ][gc] GC(6015) Pause Young (Normal) (G1 Evacuation Pause) 400M->401M(512M) 12.513ms
[2020-08-01T12:17:38.885+0300][161.442s][info ][gc] GC(6016) Pause Young (Normal) (G1 Evacuation Pause) 422M->424M(512M) 11.456ms
[2020-08-01T12:17:38.934+0300][161.492s][info ][gc] GC(6017) Pause Young (Normal) (G1 Evacuation Pause) 465M->466M(512M) 11.600ms
[2020-08-01T12:17:38.946+0300][161.504s][info ][gc] GC(6005) Pause Cleanup 476M->476M(512M) 0.138ms
[2020-08-01T12:17:38.947+0300][161.505s][info ][gc] GC(6005) Concurrent Cycle 374.999ms
[2020-08-01T12:17:38.962+0300][161.520s][info ][gc] GC(6018) To-space exhausted
[2020-08-01T12:17:38.962+0300][161.520s][info ][gc] GC(6018) Pause Young (Normal) (G1 Evacuation Pause) 487M->489M(512M) 10.979ms
[2020-08-01T12:17:39.005+0300][161.563s][info ][gc] GC(6019) To-space exhausted
[2020-08-01T12:17:39.005+0300][161.563s][info ][gc] GC(6019) Pause Young (Concurrent Start) (G1 Evacuation Pause) 510M->511M(512M) 35.042ms
[2020-08-01T12:17:39.005+0300][161.563s][info ][gc] GC(6021) Concurrent Cycle
[2020-08-01T12:17:39.006+0300][161.564s][debug][gc] GC(6020) Clear Next Bitmap 0.239ms
[2020-08-01T12:17:39.052+0300][161.610s][info ][gc] GC(6020) Pause Full (G1 Evacuation Pause) 511M->74M(512M) 46.305ms
[2020-08-01T12:17:39.052+0300][161.610s][info ][gc] GC(6021) Concurrent Cycle 46.605ms
[2020-08-01T12:17:39.074+0300][161.631s][info ][gc] GC(6022) Pause Young (Normal) (G1 Evacuation Pause) 100M->100M(512M) 11.317ms
[2020-08-01T12:17:39.095+0300][161.653s][info ][gc] GC(6023) Pause Young (Normal) (G1 Evacuation Pause) 124M->125M(512M) 11.661ms
[2020-08-01T12:17:39.145+0300][161.703s][info ][gc] GC(6024) Pause Young (Normal) (G1 Evacuation Pause) 166M->167M(512M) 17.029ms
[2020-08-01T12:17:39.167+0300][161.725s][info ][gc] GC(6025) Pause Young (Normal) (G1 Evacuation Pause) 188M->189M(512M) 12.037ms
[2020-08-01T12:17:39.187+0300][161.745s][info ][gc] GC(6026) Pause Young (Normal) (G1 Evacuation Pause) 210M->211M(512M) 11.191ms
[2020-08-01T12:17:39.205+0300][161.763s][info ][gc] GC(6027) Pause Young (Normal) (G1 Evacuation Pause) 232M->233M(512M) 10.358ms
[2020-08-01T12:17:39.224+0300][161.782s][info ][gc] GC(6028) Pause Young (Concurrent Start) (G1 Evacuation Pause) 254M->256M(512M) 10.445ms
[2020-08-01T12:17:39.224+0300][161.782s][info ][gc] GC(6029) Concurrent Cycle
[2020-08-01T12:17:39.244+0300][161.802s][info ][gc] GC(6030) Pause Young (Normal) (G1 Evacuation Pause) 277M->278M(512M) 11.271ms
[2020-08-01T12:17:39.279+0300][161.836s][info ][gc] GC(6031) Pause Young (Normal) (G1 Evacuation Pause) 319M->321M(512M) 12.242ms
[2020-08-01T12:17:39.299+0300][161.856s][info ][gc] GC(6032) Pause Young (Normal) (G1 Evacuation Pause) 342M->343M(512M) 10.957ms
[2020-08-01T12:17:39.318+0300][161.876s][info ][gc] GC(6033) Pause Young (Normal) (G1 Evacuation Pause) 364M->366M(512M) 10.603ms
[2020-08-01T12:17:39.338+0300][161.896s][info ][gc] GC(6034) Pause Young (Normal) (G1 Evacuation Pause) 387M->389M(512M) 11.150ms
[2020-08-01T12:17:39.358+0300][161.916s][info ][gc] GC(6035) Pause Young (Normal) (G1 Evacuation Pause) 410M->412M(512M) 11.591ms
[2020-08-01T12:17:39.376+0300][161.933s][debug][gc] GC(6029) Reclaimed 126 empty regions
[2020-08-01T12:17:39.376+0300][161.933s][info ][gc] GC(6029) Pause Remark 423M->300M(512M) 0.647ms
[2020-08-01T12:17:39.397+0300][161.955s][info ][gc] GC(6036) Pause Young (Normal) (G1 Evacuation Pause) 329M->330M(512M) 11.122ms
[2020-08-01T12:17:39.421+0300][161.978s][info ][gc] GC(6037) Pause Young (Normal) (G1 Evacuation Pause) 351M->353M(512M) 11.308ms
[2020-08-01T12:17:39.449+0300][162.007s][info ][gc] GC(6038) Pause Young (Normal) (G1 Evacuation Pause) 374M->375M(512M) 11.258ms
[2020-08-01T12:17:39.475+0300][162.033s][info ][gc] GC(6039) Pause Young (Normal) (G1 Evacuation Pause) 396M->397M(512M) 10.624ms
[2020-08-01T12:17:39.505+0300][162.063s][info ][gc] GC(6040) Pause Young (Normal) (G1 Evacuation Pause) 418M->420M(512M) 12.779ms
[2020-08-01T12:17:39.548+0300][162.105s][info ][gc] GC(6041) Pause Young (Normal) (G1 Evacuation Pause) 441M->443M(512M) 10.698ms
[2020-08-01T12:17:39.586+0300][162.144s][info ][gc] GC(6029) Pause Cleanup 444M->444M(512M) 0.112ms
[2020-08-01T12:17:39.587+0300][162.145s][info ][gc] GC(6029) Concurrent Cycle 362.425ms
