[2020-08-08T13:35:21.884+0300][0.009s][info][gc] Using Serial
[2020-08-08T13:35:22.280+0300][0.406s][info][gc] GC(0) Pause Young (Allocation Failure) 136M->126M(494M) 157.522ms
[2020-08-08T13:35:22.569+0300][0.695s][info][gc] GC(1) Pause Young (Allocation Failure) 262M->255M(494M) 255.189ms
[2020-08-08T13:35:22.618+0300][0.744s][info][gc] GC(2) Pause Young (Allocation Failure) 392M->392M(494M) 0.047ms
[2020-08-08T13:35:22.860+0300][0.986s][info][gc] GC(3) Pause Full (Allocation Failure) 392M->123M(494M) 242.225ms
[2020-08-08T13:35:23.005+0300][1.131s][info][gc] GC(4) Pause Young (Allocation Failure) 260M->258M(494M) 112.649ms
[2020-08-08T13:35:23.032+0300][1.158s][info][gc] GC(5) Pause Young (Allocation Failure) 394M->394M(494M) 0.040ms
[2020-08-08T13:35:23.227+0300][1.352s][info][gc] GC(6) Pause Full (Allocation Failure) 394M->124M(494M) 194.506ms
[2020-08-08T13:35:23.362+0300][1.488s][info][gc] GC(7) Pause Young (Allocation Failure) 260M->260M(494M) 112.353ms
[2020-08-08T13:35:23.398+0300][1.524s][info][gc] GC(8) Pause Young (Allocation Failure) 396M->396M(494M) 0.063ms
[2020-08-08T13:35:23.621+0300][1.746s][info][gc] GC(9) Pause Full (Allocation Failure) 396M->129M(494M) 222.501ms
[2020-08-08T13:35:23.755+0300][1.881s][info][gc] GC(10) Pause Young (Allocation Failure) 265M->265M(494M) 110.522ms
[2020-08-08T13:35:23.778+0300][1.904s][info][gc] GC(11) Pause Young (Allocation Failure) 402M->402M(494M) 0.040ms
[2020-08-08T13:35:23.988+0300][2.113s][info][gc] GC(12) Pause Full (Allocation Failure) 402M->134M(494M) 209.174ms
[2020-08-08T13:35:24.009+0300][2.135s][info][gc] GC(13) Pause Young (Allocation Failure) 271M->135M(494M) 0.667ms
[2020-08-08T13:35:24.031+0300][2.156s][info][gc] GC(14) Pause Young (Allocation Failure) 270M->135M(494M) 0.671ms
[2020-08-08T13:35:24.053+0300][2.178s][info][gc] GC(15) Pause Young (Allocation Failure) 270M->135M(494M) 0.698ms
[2020-08-08T13:35:24.075+0300][2.200s][info][gc] GC(16) Pause Young (Allocation Failure) 270M->135M(494M) 0.669ms
[2020-08-08T13:35:24.097+0300][2.222s][info][gc] GC(17) Pause Young (Allocation Failure) 270M->135M(494M) 0.701ms
[2020-08-08T13:35:24.119+0300][2.245s][info][gc] GC(18) Pause Young (Allocation Failure) 270M->135M(494M) 0.663ms
[2020-08-08T13:35:24.140+0300][2.265s][info][gc] GC(19) Pause Young (Allocation Failure) 270M->135M(494M) 0.673ms
[2020-08-08T13:35:24.161+0300][2.287s][info][gc] GC(20) Pause Young (Allocation Failure) 270M->135M(494M) 0.667ms
[2020-08-08T13:35:24.183+0300][2.309s][info][gc] GC(21) Pause Young (Allocation Failure) 270M->135M(494M) 0.742ms
[2020-08-08T13:35:24.207+0300][2.333s][info][gc] GC(22) Pause Young (Allocation Failure) 270M->135M(494M) 0.707ms
[2020-08-08T13:35:24.230+0300][2.355s][info][gc] GC(23) Pause Young (Allocation Failure) 270M->135M(494M) 0.813ms
[2020-08-08T13:35:24.252+0300][2.377s][info][gc] GC(24) Pause Young (Allocation Failure) 270M->135M(494M) 0.819ms
[2020-08-08T13:35:24.275+0300][2.401s][info][gc] GC(25) Pause Young (Allocation Failure) 270M->135M(494M) 0.670ms
[2020-08-08T13:35:24.299+0300][2.424s][info][gc] GC(26) Pause Young (Allocation Failure) 270M->135M(494M) 0.669ms
[2020-08-08T13:35:24.327+0300][2.452s][info][gc] GC(27) Pause Young (Allocation Failure) 271M->135M(494M) 0.942ms
[2020-08-08T13:35:24.358+0300][2.483s][info][gc] GC(28) Pause Young (Allocation Failure) 270M->135M(494M) 0.679ms
[2020-08-08T13:35:24.379+0300][2.505s][info][gc] GC(29) Pause Young (Allocation Failure) 270M->135M(494M) 0.199ms
[2020-08-08T13:35:24.401+0300][2.527s][info][gc] GC(30) Pause Young (Allocation Failure) 270M->135M(494M) 0.235ms
[2020-08-08T13:35:24.425+0300][2.550s][info][gc] GC(31) Pause Young (Allocation Failure) 270M->135M(494M) 0.205ms
[2020-08-08T13:35:24.451+0300][2.577s][info][gc] GC(32) Pause Young (Allocation Failure) 270M->135M(494M) 0.296ms
[2020-08-08T13:35:24.474+0300][2.600s][info][gc] GC(33) Pause Young (Allocation Failure) 270M->135M(494M) 0.220ms
[2020-08-08T13:35:24.499+0300][2.624s][info][gc] GC(34) Pause Young (Allocation Failure) 270M->135M(494M) 0.220ms
[2020-08-08T13:35:24.527+0300][2.652s][info][gc] GC(35) Pause Young (Allocation Failure) 271M->135M(494M) 0.561ms
[2020-08-08T13:35:24.551+0300][2.676s][info][gc] GC(36) Pause Young (Allocation Failure) 270M->135M(494M) 0.774ms
[2020-08-08T13:35:24.582+0300][2.707s][info][gc] GC(37) Pause Young (Allocation Failure) 271M->135M(494M) 0.614ms
[2020-08-08T13:35:24.609+0300][2.735s][info][gc] GC(38) Pause Young (Allocation Failure) 272M->135M(494M) 0.978ms
[2020-08-08T13:35:24.641+0300][2.766s][info][gc] GC(39) Pause Young (Allocation Failure) 271M->135M(494M) 2.101ms
[2020-08-08T13:35:24.673+0300][2.799s][info][gc] GC(40) Pause Young (Allocation Failure) 271M->135M(494M) 0.961ms
[2020-08-08T13:35:24.704+0300][2.829s][info][gc] GC(41) Pause Young (Allocation Failure) 270M->135M(494M) 0.919ms
[2020-08-08T13:35:24.734+0300][2.859s][info][gc] GC(42) Pause Young (Allocation Failure) 270M->135M(494M) 0.925ms
[2020-08-08T13:35:24.761+0300][2.886s][info][gc] GC(43) Pause Young (Allocation Failure) 271M->135M(494M) 1.032ms
[2020-08-08T13:35:24.793+0300][2.918s][info][gc] GC(44) Pause Young (Allocation Failure) 271M->135M(494M) 1.398ms
[2020-08-08T13:35:24.825+0300][2.950s][info][gc] GC(45) Pause Young (Allocation Failure) 271M->135M(494M) 0.895ms
[2020-08-08T13:35:24.847+0300][2.972s][info][gc] GC(46) Pause Young (Allocation Failure) 271M->135M(494M) 0.941ms
[2020-08-08T13:35:24.873+0300][2.998s][info][gc] GC(47) Pause Young (Allocation Failure) 271M->135M(494M) 0.897ms
[2020-08-08T13:35:24.897+0300][3.022s][info][gc] GC(48) Pause Young (Allocation Failure) 271M->135M(494M) 0.923ms
[2020-08-08T13:35:24.921+0300][3.046s][info][gc] GC(49) Pause Young (Allocation Failure) 271M->135M(494M) 0.893ms
[2020-08-08T13:35:24.944+0300][3.070s][info][gc] GC(50) Pause Young (Allocation Failure) 271M->135M(494M) 1.200ms
[2020-08-08T13:35:24.966+0300][3.091s][info][gc] GC(51) Pause Young (Allocation Failure) 271M->135M(494M) 0.877ms
[2020-08-08T13:35:24.989+0300][3.114s][info][gc] GC(52) Pause Young (Allocation Failure) 271M->135M(494M) 1.244ms
[2020-08-08T13:35:25.009+0300][3.134s][info][gc] GC(53) Pause Young (Allocation Failure) 271M->135M(494M) 0.720ms
[2020-08-08T13:35:25.030+0300][3.156s][info][gc] GC(54) Pause Young (Allocation Failure) 271M->135M(494M) 0.614ms
[2020-08-08T13:35:25.051+0300][3.177s][info][gc] GC(55) Pause Young (Allocation Failure) 271M->135M(494M) 0.599ms
[2020-08-08T13:35:25.072+0300][3.198s][info][gc] GC(56) Pause Young (Allocation Failure) 271M->135M(494M) 0.261ms
[2020-08-08T13:35:25.094+0300][3.220s][info][gc] GC(57) Pause Young (Allocation Failure) 271M->135M(494M) 0.252ms
[2020-08-08T13:35:25.120+0300][3.245s][info][gc] GC(58) Pause Young (Allocation Failure) 271M->135M(494M) 0.357ms
[2020-08-08T13:35:25.142+0300][3.268s][info][gc] GC(59) Pause Young (Allocation Failure) 271M->135M(494M) 0.243ms
[2020-08-08T13:35:25.166+0300][3.292s][info][gc] GC(60) Pause Young (Allocation Failure) 271M->135M(494M) 0.246ms
[2020-08-08T13:35:25.191+0300][3.317s][info][gc] GC(61) Pause Young (Allocation Failure) 271M->135M(494M) 0.253ms
[2020-08-08T13:35:25.212+0300][3.338s][info][gc] GC(62) Pause Young (Allocation Failure) 271M->135M(494M) 0.251ms
[2020-08-08T13:35:25.235+0300][3.361s][info][gc] GC(63) Pause Young (Allocation Failure) 271M->135M(494M) 0.240ms
[2020-08-08T13:35:25.257+0300][3.383s][info][gc] GC(64) Pause Young (Allocation Failure) 271M->135M(494M) 0.243ms
[2020-08-08T13:35:25.278+0300][3.404s][info][gc] GC(65) Pause Young (Allocation Failure) 271M->135M(494M) 0.237ms
[2020-08-08T13:35:25.300+0300][3.425s][info][gc] GC(66) Pause Young (Allocation Failure) 271M->135M(494M) 0.249ms
[2020-08-08T13:35:25.325+0300][3.451s][info][gc] GC(67) Pause Young (Allocation Failure) 271M->135M(494M) 0.235ms
[2020-08-08T13:35:25.349+0300][3.474s][info][gc] GC(68) Pause Young (Allocation Failure) 271M->135M(494M) 0.284ms
[2020-08-08T13:35:25.374+0300][3.499s][info][gc] GC(69) Pause Young (Allocation Failure) 271M->135M(494M) 0.249ms
[2020-08-08T13:35:25.400+0300][3.526s][info][gc] GC(70) Pause Young (Allocation Failure) 271M->135M(494M) 0.320ms
[2020-08-08T13:35:25.424+0300][3.549s][info][gc] GC(71) Pause Young (Allocation Failure) 271M->135M(494M) 0.269ms
[2020-08-08T13:35:25.446+0300][3.571s][info][gc] GC(72) Pause Young (Allocation Failure) 271M->135M(494M) 0.239ms
[2020-08-08T13:35:25.466+0300][3.592s][info][gc] GC(73) Pause Young (Allocation Failure) 271M->135M(494M) 0.234ms
[2020-08-08T13:35:25.489+0300][3.615s][info][gc] GC(74) Pause Young (Allocation Failure) 271M->135M(494M) 0.237ms
[2020-08-08T13:35:25.510+0300][3.636s][info][gc] GC(75) Pause Young (Allocation Failure) 271M->135M(494M) 0.251ms
[2020-08-08T13:35:25.532+0300][3.657s][info][gc] GC(76) Pause Young (Allocation Failure) 271M->135M(494M) 0.248ms
[2020-08-08T13:35:25.561+0300][3.686s][info][gc] GC(77) Pause Young (Allocation Failure) 271M->135M(494M) 0.247ms
[2020-08-08T13:35:25.590+0300][3.716s][info][gc] GC(78) Pause Young (Allocation Failure) 271M->135M(494M) 0.238ms
[2020-08-08T13:35:25.618+0300][3.743s][info][gc] GC(79) Pause Young (Allocation Failure) 271M->135M(494M) 0.399ms
[2020-08-08T13:35:25.646+0300][3.772s][info][gc] GC(80) Pause Young (Allocation Failure) 271M->135M(494M) 0.443ms
[2020-08-08T13:35:25.667+0300][3.793s][info][gc] GC(81) Pause Young (Allocation Failure) 271M->135M(494M) 0.231ms
[2020-08-08T13:35:25.689+0300][3.814s][info][gc] GC(82) Pause Young (Allocation Failure) 271M->135M(494M) 0.246ms
[2020-08-08T13:35:25.716+0300][3.842s][info][gc] GC(83) Pause Young (Allocation Failure) 272M->135M(494M) 0.367ms
[2020-08-08T13:35:25.739+0300][3.865s][info][gc] GC(84) Pause Young (Allocation Failure) 270M->135M(494M) 0.343ms
[2020-08-08T13:35:25.760+0300][3.885s][info][gc] GC(85) Pause Young (Allocation Failure) 270M->135M(494M) 0.370ms
[2020-08-08T13:35:25.783+0300][3.909s][info][gc] GC(86) Pause Young (Allocation Failure) 271M->135M(494M) 0.354ms
[2020-08-08T13:35:25.807+0300][3.932s][info][gc] GC(87) Pause Young (Allocation Failure) 271M->135M(494M) 0.402ms
[2020-08-08T13:35:25.830+0300][3.956s][info][gc] GC(88) Pause Young (Allocation Failure) 271M->135M(494M) 0.592ms
[2020-08-08T13:35:25.855+0300][3.981s][info][gc] GC(89) Pause Young (Allocation Failure) 271M->135M(494M) 0.353ms
[2020-08-08T13:35:25.878+0300][4.004s][info][gc] GC(90) Pause Young (Allocation Failure) 271M->135M(494M) 0.375ms
[2020-08-08T13:35:25.912+0300][4.037s][info][gc] GC(91) Pause Young (Allocation Failure) 271M->135M(494M) 0.398ms
[2020-08-08T13:35:25.943+0300][4.068s][info][gc] GC(92) Pause Young (Allocation Failure) 270M->135M(494M) 0.505ms
[2020-08-08T13:35:25.976+0300][4.101s][info][gc] GC(93) Pause Young (Allocation Failure) 270M->135M(494M) 0.565ms
[2020-08-08T13:35:26.009+0300][4.134s][info][gc] GC(94) Pause Young (Allocation Failure) 271M->135M(494M) 0.395ms
[2020-08-08T13:35:26.033+0300][4.159s][info][gc] GC(95) Pause Young (Allocation Failure) 271M->135M(494M) 0.360ms
[2020-08-08T13:35:26.057+0300][4.182s][info][gc] GC(96) Pause Young (Allocation Failure) 271M->135M(494M) 0.418ms
[2020-08-08T13:35:26.078+0300][4.203s][info][gc] GC(97) Pause Young (Allocation Failure) 271M->135M(494M) 0.414ms
[2020-08-08T13:35:26.100+0300][4.226s][info][gc] GC(98) Pause Young (Allocation Failure) 271M->135M(494M) 0.355ms
[2020-08-08T13:35:26.121+0300][4.247s][info][gc] GC(99) Pause Young (Allocation Failure) 271M->135M(494M) 0.242ms
[2020-08-08T13:35:26.141+0300][4.267s][info][gc] GC(100) Pause Young (Allocation Failure) 271M->135M(494M) 0.245ms
[2020-08-08T13:35:26.163+0300][4.289s][info][gc] GC(101) Pause Young (Allocation Failure) 271M->135M(494M) 0.255ms
[2020-08-08T13:35:26.186+0300][4.312s][info][gc] GC(102) Pause Young (Allocation Failure) 271M->135M(494M) 0.301ms
[2020-08-08T13:35:26.209+0300][4.335s][info][gc] GC(103) Pause Young (Allocation Failure) 271M->135M(494M) 0.230ms
[2020-08-08T13:35:26.234+0300][4.359s][info][gc] GC(104) Pause Young (Allocation Failure) 271M->135M(494M) 0.259ms
[2020-08-08T13:35:26.260+0300][4.385s][info][gc] GC(105) Pause Young (Allocation Failure) 271M->135M(494M) 0.234ms
[2020-08-08T13:35:26.285+0300][4.411s][info][gc] GC(106) Pause Young (Allocation Failure) 271M->135M(494M) 0.287ms
[2020-08-08T13:35:26.310+0300][4.435s][info][gc] GC(107) Pause Young (Allocation Failure) 271M->135M(494M) 0.277ms
[2020-08-08T13:35:26.333+0300][4.459s][info][gc] GC(108) Pause Young (Allocation Failure) 271M->135M(494M) 0.236ms
[2020-08-08T13:35:26.355+0300][4.481s][info][gc] GC(109) Pause Young (Allocation Failure) 271M->135M(494M) 0.247ms
[2020-08-08T13:35:26.377+0300][4.503s][info][gc] GC(110) Pause Young (Allocation Failure) 271M->135M(494M) 0.234ms
[2020-08-08T13:35:26.400+0300][4.525s][info][gc] GC(111) Pause Young (Allocation Failure) 271M->135M(494M) 0.248ms
[2020-08-08T13:35:26.424+0300][4.550s][info][gc] GC(112) Pause Young (Allocation Failure) 271M->135M(494M) 0.239ms
[2020-08-08T13:35:26.451+0300][4.576s][info][gc] GC(113) Pause Young (Allocation Failure) 271M->135M(494M) 0.358ms
[2020-08-08T13:35:26.476+0300][4.601s][info][gc] GC(114) Pause Young (Allocation Failure) 271M->135M(494M) 0.257ms
[2020-08-08T13:35:26.502+0300][4.628s][info][gc] GC(115) Pause Young (Allocation Failure) 271M->135M(494M) 0.430ms
[2020-08-08T13:35:26.526+0300][4.652s][info][gc] GC(116) Pause Young (Allocation Failure) 271M->135M(494M) 0.236ms
[2020-08-08T13:35:26.550+0300][4.675s][info][gc] GC(117) Pause Young (Allocation Failure) 271M->135M(494M) 0.232ms
[2020-08-08T13:35:26.573+0300][4.698s][info][gc] GC(118) Pause Young (Allocation Failure) 271M->135M(494M) 0.233ms
[2020-08-08T13:35:26.598+0300][4.723s][info][gc] GC(119) Pause Young (Allocation Failure) 271M->135M(494M) 0.265ms
[2020-08-08T13:35:26.619+0300][4.745s][info][gc] GC(120) Pause Young (Allocation Failure) 271M->135M(494M) 0.266ms
[2020-08-08T13:35:26.643+0300][4.768s][info][gc] GC(121) Pause Young (Allocation Failure) 271M->135M(494M) 0.291ms
[2020-08-08T13:35:26.664+0300][4.790s][info][gc] GC(122) Pause Young (Allocation Failure) 271M->135M(494M) 0.257ms
[2020-08-08T13:35:26.690+0300][4.815s][info][gc] GC(123) Pause Young (Allocation Failure) 271M->135M(494M) 0.245ms
[2020-08-08T13:35:26.716+0300][4.842s][info][gc] GC(124) Pause Young (Allocation Failure) 271M->136M(494M) 0.324ms
[2020-08-08T13:35:26.746+0300][4.871s][info][gc] GC(125) Pause Young (Allocation Failure) 270M->136M(494M) 0.297ms
[2020-08-08T13:35:26.769+0300][4.895s][info][gc] GC(126) Pause Young (Allocation Failure) 270M->136M(494M) 0.293ms
[2020-08-08T13:35:26.790+0300][4.916s][info][gc] GC(127) Pause Young (Allocation Failure) 271M->136M(494M) 0.301ms
[2020-08-08T13:35:26.811+0300][4.937s][info][gc] GC(128) Pause Young (Allocation Failure) 271M->136M(494M) 0.300ms
[2020-08-08T13:35:26.832+0300][4.958s][info][gc] GC(129) Pause Young (Allocation Failure) 271M->136M(494M) 0.300ms
[2020-08-08T13:35:26.855+0300][4.980s][info][gc] GC(130) Pause Young (Allocation Failure) 271M->136M(494M) 0.300ms
[2020-08-08T13:35:26.878+0300][5.003s][info][gc] GC(131) Pause Young (Allocation Failure) 271M->136M(494M) 0.339ms
[2020-08-08T13:35:26.902+0300][5.027s][info][gc] GC(132) Pause Young (Allocation Failure) 271M->136M(494M) 0.345ms
[2020-08-08T13:35:26.931+0300][5.057s][info][gc] GC(133) Pause Young (Allocation Failure) 271M->136M(494M) 0.322ms
[2020-08-08T13:35:26.959+0300][5.085s][info][gc] GC(134) Pause Young (Allocation Failure) 271M->136M(494M) 0.296ms
[2020-08-08T13:35:26.987+0300][5.112s][info][gc] GC(135) Pause Young (Allocation Failure) 271M->136M(494M) 0.372ms
[2020-08-08T13:35:27.010+0300][5.135s][info][gc] GC(136) Pause Young (Allocation Failure) 271M->136M(494M) 0.333ms
[2020-08-08T13:35:27.031+0300][5.157s][info][gc] GC(137) Pause Young (Allocation Failure) 271M->136M(494M) 0.300ms
[2020-08-08T13:35:27.053+0300][5.178s][info][gc] GC(138) Pause Young (Allocation Failure) 271M->136M(494M) 0.302ms
[2020-08-08T13:35:27.074+0300][5.200s][info][gc] GC(139) Pause Young (Allocation Failure) 271M->136M(494M) 0.301ms
[2020-08-08T13:35:27.097+0300][5.223s][info][gc] GC(140) Pause Young (Allocation Failure) 271M->136M(494M) 0.263ms
[2020-08-08T13:35:27.120+0300][5.246s][info][gc] GC(141) Pause Young (Allocation Failure) 271M->136M(494M) 0.243ms
[2020-08-08T13:35:27.147+0300][5.272s][info][gc] GC(142) Pause Young (Allocation Failure) 271M->136M(494M) 0.229ms
[2020-08-08T13:35:27.172+0300][5.298s][info][gc] GC(143) Pause Young (Allocation Failure) 271M->136M(494M) 0.255ms
[2020-08-08T13:35:27.197+0300][5.322s][info][gc] GC(144) Pause Young (Allocation Failure) 271M->136M(494M) 0.238ms
[2020-08-08T13:35:27.218+0300][5.344s][info][gc] GC(145) Pause Young (Allocation Failure) 271M->136M(494M) 0.318ms
[2020-08-08T13:35:27.239+0300][5.365s][info][gc] GC(146) Pause Young (Allocation Failure) 271M->136M(494M) 0.234ms
[2020-08-08T13:35:27.260+0300][5.385s][info][gc] GC(147) Pause Young (Allocation Failure) 271M->136M(494M) 0.237ms
[2020-08-08T13:35:27.281+0300][5.407s][info][gc] GC(148) Pause Young (Allocation Failure) 271M->136M(494M) 0.255ms
[2020-08-08T13:35:27.303+0300][5.429s][info][gc] GC(149) Pause Young (Allocation Failure) 271M->136M(494M) 0.232ms
[2020-08-08T13:35:27.329+0300][5.455s][info][gc] GC(150) Pause Young (Allocation Failure) 271M->136M(494M) 0.246ms
[2020-08-08T13:35:27.354+0300][5.480s][info][gc] GC(151) Pause Young (Allocation Failure) 271M->136M(494M) 0.242ms
[2020-08-08T13:35:27.379+0300][5.505s][info][gc] GC(152) Pause Young (Allocation Failure) 271M->136M(494M) 0.256ms
[2020-08-08T13:35:27.406+0300][5.531s][info][gc] GC(153) Pause Young (Allocation Failure) 271M->136M(494M) 0.274ms
[2020-08-08T13:35:27.429+0300][5.555s][info][gc] GC(154) Pause Young (Allocation Failure) 271M->136M(494M) 0.235ms
[2020-08-08T13:35:27.452+0300][5.578s][info][gc] GC(155) Pause Young (Allocation Failure) 271M->136M(494M) 0.235ms
[2020-08-08T13:35:27.473+0300][5.599s][info][gc] GC(156) Pause Young (Allocation Failure) 271M->136M(494M) 0.256ms
[2020-08-08T13:35:27.495+0300][5.621s][info][gc] GC(157) Pause Young (Allocation Failure) 271M->136M(494M) 0.234ms
[2020-08-08T13:35:27.517+0300][5.642s][info][gc] GC(158) Pause Young (Allocation Failure) 271M->136M(494M) 0.245ms
[2020-08-08T13:35:27.537+0300][5.663s][info][gc] GC(159) Pause Young (Allocation Failure) 271M->136M(494M) 0.234ms
[2020-08-08T13:35:27.565+0300][5.690s][info][gc] GC(160) Pause Young (Allocation Failure) 271M->136M(494M) 0.306ms
[2020-08-08T13:35:27.590+0300][5.715s][info][gc] GC(161) Pause Young (Allocation Failure) 271M->136M(494M) 0.353ms
[2020-08-08T13:35:27.620+0300][5.746s][info][gc] GC(162) Pause Young (Allocation Failure) 271M->136M(494M) 0.231ms
[2020-08-08T13:35:27.648+0300][5.773s][info][gc] GC(163) Pause Young (Allocation Failure) 271M->136M(494M) 0.246ms
[2020-08-08T13:35:27.670+0300][5.795s][info][gc] GC(164) Pause Young (Allocation Failure) 271M->136M(494M) 0.293ms
[2020-08-08T13:35:27.692+0300][5.817s][info][gc] GC(165) Pause Young (Allocation Failure) 271M->136M(494M) 0.227ms
[2020-08-08T13:35:27.713+0300][5.838s][info][gc] GC(166) Pause Young (Allocation Failure) 271M->136M(494M) 0.233ms
[2020-08-08T13:35:27.741+0300][5.867s][info][gc] GC(167) Pause Young (Allocation Failure) 271M->136M(494M) 0.306ms
[2020-08-08T13:35:27.765+0300][5.890s][info][gc] GC(168) Pause Young (Allocation Failure) 270M->136M(494M) 0.295ms
[2020-08-08T13:35:27.791+0300][5.917s][info][gc] GC(169) Pause Young (Allocation Failure) 271M->136M(494M) 0.255ms
[2020-08-08T13:35:27.819+0300][5.944s][info][gc] GC(170) Pause Young (Allocation Failure) 271M->136M(494M) 0.388ms
[2020-08-08T13:35:27.848+0300][5.974s][info][gc] GC(171) Pause Young (Allocation Failure) 271M->136M(494M) 0.274ms
[2020-08-08T13:35:27.875+0300][6.001s][info][gc] GC(172) Pause Young (Allocation Failure) 271M->136M(494M) 0.400ms
[2020-08-08T13:35:27.898+0300][6.024s][info][gc] GC(173) Pause Young (Allocation Failure) 271M->136M(494M) 0.271ms
[2020-08-08T13:35:27.920+0300][6.046s][info][gc] GC(174) Pause Young (Allocation Failure) 271M->136M(494M) 0.253ms
[2020-08-08T13:35:27.945+0300][6.070s][info][gc] GC(175) Pause Young (Allocation Failure) 271M->136M(494M) 0.265ms
[2020-08-08T13:35:27.967+0300][6.093s][info][gc] GC(176) Pause Young (Allocation Failure) 271M->136M(494M) 0.275ms
[2020-08-08T13:35:27.990+0300][6.116s][info][gc] GC(177) Pause Young (Allocation Failure) 271M->136M(494M) 0.262ms
[2020-08-08T13:35:28.014+0300][6.139s][info][gc] GC(178) Pause Young (Allocation Failure) 271M->136M(494M) 0.486ms
[2020-08-08T13:35:28.039+0300][6.164s][info][gc] GC(179) Pause Young (Allocation Failure) 271M->136M(494M) 0.262ms
[2020-08-08T13:35:28.063+0300][6.189s][info][gc] GC(180) Pause Young (Allocation Failure) 271M->136M(494M) 0.301ms
[2020-08-08T13:35:28.087+0300][6.212s][info][gc] GC(181) Pause Young (Allocation Failure) 271M->136M(494M) 0.263ms
[2020-08-08T13:35:28.112+0300][6.237s][info][gc] GC(182) Pause Young (Allocation Failure) 271M->136M(494M) 0.295ms
[2020-08-08T13:35:28.132+0300][6.258s][info][gc] GC(183) Pause Young (Allocation Failure) 271M->136M(494M) 0.306ms
[2020-08-08T13:35:28.153+0300][6.279s][info][gc] GC(184) Pause Young (Allocation Failure) 271M->136M(494M) 0.236ms
[2020-08-08T13:35:28.174+0300][6.299s][info][gc] GC(185) Pause Young (Allocation Failure) 271M->136M(494M) 0.240ms
[2020-08-08T13:35:28.195+0300][6.320s][info][gc] GC(186) Pause Young (Allocation Failure) 271M->136M(494M) 0.243ms
[2020-08-08T13:35:28.215+0300][6.340s][info][gc] GC(187) Pause Young (Allocation Failure) 271M->136M(494M) 0.237ms
[2020-08-08T13:35:28.238+0300][6.364s][info][gc] GC(188) Pause Young (Allocation Failure) 271M->136M(494M) 0.237ms
[2020-08-08T13:35:28.260+0300][6.386s][info][gc] GC(189) Pause Young (Allocation Failure) 271M->136M(494M) 0.246ms
[2020-08-08T13:35:28.288+0300][6.413s][info][gc] GC(190) Pause Young (Allocation Failure) 271M->136M(494M) 0.254ms
[2020-08-08T13:35:28.314+0300][6.440s][info][gc] GC(191) Pause Young (Allocation Failure) 271M->136M(494M) 0.390ms
[2020-08-08T13:35:28.337+0300][6.463s][info][gc] GC(192) Pause Young (Allocation Failure) 271M->136M(494M) 0.240ms
[2020-08-08T13:35:28.358+0300][6.484s][info][gc] GC(193) Pause Young (Allocation Failure) 271M->136M(494M) 0.237ms
[2020-08-08T13:35:28.379+0300][6.504s][info][gc] GC(194) Pause Young (Allocation Failure) 271M->136M(494M) 0.245ms
[2020-08-08T13:35:28.400+0300][6.525s][info][gc] GC(195) Pause Young (Allocation Failure) 271M->136M(494M) 0.247ms
[2020-08-08T13:35:28.422+0300][6.548s][info][gc] GC(196) Pause Young (Allocation Failure) 271M->136M(494M) 0.243ms
[2020-08-08T13:35:28.445+0300][6.570s][info][gc] GC(197) Pause Young (Allocation Failure) 271M->136M(494M) 0.556ms
[2020-08-08T13:35:28.469+0300][6.595s][info][gc] GC(198) Pause Young (Allocation Failure) 271M->136M(494M) 0.322ms
[2020-08-08T13:35:28.498+0300][6.623s][info][gc] GC(199) Pause Young (Allocation Failure) 271M->136M(494M) 0.275ms
[2020-08-08T13:35:28.524+0300][6.649s][info][gc] GC(200) Pause Young (Allocation Failure) 271M->136M(494M) 0.247ms
[2020-08-08T13:35:28.549+0300][6.674s][info][gc] GC(201) Pause Young (Allocation Failure) 271M->136M(494M) 0.263ms
[2020-08-08T13:35:28.574+0300][6.700s][info][gc] GC(202) Pause Young (Allocation Failure) 271M->136M(494M) 0.240ms
[2020-08-08T13:35:28.598+0300][6.723s][info][gc] GC(203) Pause Young (Allocation Failure) 271M->136M(494M) 0.321ms
[2020-08-08T13:35:28.621+0300][6.747s][info][gc] GC(204) Pause Young (Allocation Failure) 271M->136M(494M) 0.238ms
[2020-08-08T13:35:28.650+0300][6.775s][info][gc] GC(205) Pause Young (Allocation Failure) 271M->136M(494M) 0.238ms
[2020-08-08T13:35:28.670+0300][6.796s][info][gc] GC(206) Pause Young (Allocation Failure) 271M->136M(494M) 0.235ms
[2020-08-08T13:35:28.694+0300][6.819s][info][gc] GC(207) Pause Young (Allocation Failure) 271M->136M(494M) 0.246ms
[2020-08-08T13:35:28.715+0300][6.841s][info][gc] GC(208) Pause Young (Allocation Failure) 271M->136M(494M) 0.265ms
[2020-08-08T13:35:28.746+0300][6.871s][info][gc] GC(209) Pause Young (Allocation Failure) 271M->136M(494M) 0.437ms
[2020-08-08T13:35:28.774+0300][6.900s][info][gc] GC(210) Pause Young (Allocation Failure) 271M->136M(494M) 0.481ms
[2020-08-08T13:35:28.799+0300][6.924s][info][gc] GC(211) Pause Young (Allocation Failure) 271M->136M(494M) 0.265ms
[2020-08-08T13:35:28.822+0300][6.947s][info][gc] GC(212) Pause Young (Allocation Failure) 271M->136M(494M) 0.262ms
[2020-08-08T13:35:28.842+0300][6.968s][info][gc] GC(213) Pause Young (Allocation Failure) 271M->136M(494M) 0.264ms
[2020-08-08T13:35:28.864+0300][6.989s][info][gc] GC(214) Pause Young (Allocation Failure) 271M->136M(494M) 0.259ms
[2020-08-08T13:35:28.883+0300][7.009s][info][gc] GC(215) Pause Young (Allocation Failure) 271M->136M(494M) 0.260ms
[2020-08-08T13:35:28.906+0300][7.031s][info][gc] GC(216) Pause Young (Allocation Failure) 271M->136M(494M) 0.256ms
[2020-08-08T13:35:28.928+0300][7.054s][info][gc] GC(217) Pause Young (Allocation Failure) 271M->136M(494M) 0.256ms
[2020-08-08T13:35:28.953+0300][7.079s][info][gc] GC(218) Pause Young (Allocation Failure) 271M->136M(494M) 0.335ms
[2020-08-08T13:35:28.978+0300][7.103s][info][gc] GC(219) Pause Young (Allocation Failure) 271M->136M(494M) 0.267ms
[2020-08-08T13:35:29.001+0300][7.127s][info][gc] GC(220) Pause Young (Allocation Failure) 271M->136M(494M) 0.361ms
[2020-08-08T13:35:29.022+0300][7.148s][info][gc] GC(221) Pause Young (Allocation Failure) 271M->136M(494M) 0.257ms
[2020-08-08T13:35:29.042+0300][7.168s][info][gc] GC(222) Pause Young (Allocation Failure) 271M->136M(494M) 0.255ms
[2020-08-08T13:35:29.064+0300][7.189s][info][gc] GC(223) Pause Young (Allocation Failure) 271M->136M(494M) 0.255ms
[2020-08-08T13:35:29.083+0300][7.209s][info][gc] GC(224) Pause Young (Allocation Failure) 271M->136M(494M) 0.259ms
[2020-08-08T13:35:29.104+0300][7.230s][info][gc] GC(225) Pause Young (Allocation Failure) 271M->136M(494M) 0.237ms
[2020-08-08T13:35:29.127+0300][7.252s][info][gc] GC(226) Pause Young (Allocation Failure) 271M->136M(494M) 0.255ms
[2020-08-08T13:35:29.151+0300][7.276s][info][gc] GC(227) Pause Young (Allocation Failure) 271M->136M(494M) 0.419ms
[2020-08-08T13:35:29.174+0300][7.300s][info][gc] GC(228) Pause Young (Allocation Failure) 271M->136M(494M) 0.284ms
[2020-08-08T13:35:29.199+0300][7.325s][info][gc] GC(229) Pause Young (Allocation Failure) 271M->136M(494M) 0.387ms
[2020-08-08T13:35:29.223+0300][7.348s][info][gc] GC(230) Pause Young (Allocation Failure) 271M->136M(494M) 0.236ms
[2020-08-08T13:35:29.244+0300][7.369s][info][gc] GC(231) Pause Young (Allocation Failure) 271M->136M(494M) 0.239ms
[2020-08-08T13:35:29.264+0300][7.390s][info][gc] GC(232) Pause Young (Allocation Failure) 271M->136M(494M) 0.240ms
[2020-08-08T13:35:29.285+0300][7.411s][info][gc] GC(233) Pause Young (Allocation Failure) 271M->136M(494M) 0.241ms
[2020-08-08T13:35:29.307+0300][7.432s][info][gc] GC(234) Pause Young (Allocation Failure) 271M->136M(494M) 0.287ms
[2020-08-08T13:35:29.328+0300][7.454s][info][gc] GC(235) Pause Young (Allocation Failure) 271M->136M(494M) 0.241ms
[2020-08-08T13:35:29.354+0300][7.479s][info][gc] GC(236) Pause Young (Allocation Failure) 271M->136M(494M) 0.339ms
[2020-08-08T13:35:29.377+0300][7.503s][info][gc] GC(237) Pause Young (Allocation Failure) 271M->136M(494M) 0.236ms
[2020-08-08T13:35:29.404+0300][7.530s][info][gc] GC(238) Pause Young (Allocation Failure) 271M->136M(494M) 0.330ms
[2020-08-08T13:35:29.429+0300][7.554s][info][gc] GC(239) Pause Young (Allocation Failure) 271M->136M(494M) 0.244ms
[2020-08-08T13:35:29.453+0300][7.578s][info][gc] GC(240) Pause Young (Allocation Failure) 271M->136M(494M) 0.239ms
[2020-08-08T13:35:29.474+0300][7.600s][info][gc] GC(241) Pause Young (Allocation Failure) 271M->136M(494M) 0.240ms
[2020-08-08T13:35:29.496+0300][7.622s][info][gc] GC(242) Pause Young (Allocation Failure) 271M->136M(494M) 0.240ms
[2020-08-08T13:35:29.518+0300][7.644s][info][gc] GC(243) Pause Young (Allocation Failure) 271M->136M(494M) 0.296ms
[2020-08-08T13:35:29.539+0300][7.664s][info][gc] GC(244) Pause Young (Allocation Failure) 271M->136M(494M) 0.249ms
[2020-08-08T13:35:29.567+0300][7.692s][info][gc] GC(245) Pause Young (Allocation Failure) 271M->136M(494M) 0.301ms
[2020-08-08T13:35:29.594+0300][7.719s][info][gc] GC(246) Pause Young (Allocation Failure) 271M->136M(494M) 0.272ms
[2020-08-08T13:35:29.622+0300][7.747s][info][gc] GC(247) Pause Young (Allocation Failure) 271M->136M(494M) 0.458ms
[2020-08-08T13:35:29.655+0300][7.780s][info][gc] GC(248) Pause Young (Allocation Failure) 271M->136M(494M) 0.449ms
[2020-08-08T13:35:29.679+0300][7.805s][info][gc] GC(249) Pause Young (Allocation Failure) 271M->136M(494M) 0.245ms
[2020-08-08T13:35:29.703+0300][7.828s][info][gc] GC(250) Pause Young (Allocation Failure) 271M->136M(494M) 0.235ms
[2020-08-08T13:35:29.724+0300][7.849s][info][gc] GC(251) Pause Young (Allocation Failure) 271M->136M(494M) 0.245ms
[2020-08-08T13:35:29.751+0300][7.876s][info][gc] GC(252) Pause Young (Allocation Failure) 271M->136M(494M) 0.469ms
[2020-08-08T13:35:29.773+0300][7.898s][info][gc] GC(253) Pause Young (Allocation Failure) 271M->136M(494M) 0.264ms
[2020-08-08T13:35:29.797+0300][7.922s][info][gc] GC(254) Pause Young (Allocation Failure) 271M->136M(494M) 0.258ms
[2020-08-08T13:35:29.821+0300][7.946s][info][gc] GC(255) Pause Young (Allocation Failure) 271M->136M(494M) 0.293ms
[2020-08-08T13:35:29.846+0300][7.972s][info][gc] GC(256) Pause Young (Allocation Failure) 271M->136M(494M) 0.280ms
[2020-08-08T13:35:29.873+0300][7.999s][info][gc] GC(257) Pause Young (Allocation Failure) 271M->136M(494M) 0.438ms
[2020-08-08T13:35:29.896+0300][8.022s][info][gc] GC(258) Pause Young (Allocation Failure) 271M->136M(494M) 0.251ms
[2020-08-08T13:35:29.920+0300][8.045s][info][gc] GC(259) Pause Young (Allocation Failure) 271M->136M(494M) 0.318ms
[2020-08-08T13:35:29.943+0300][8.069s][info][gc] GC(260) Pause Young (Allocation Failure) 271M->136M(494M) 0.268ms
[2020-08-08T13:35:29.966+0300][8.092s][info][gc] GC(261) Pause Young (Allocation Failure) 271M->136M(494M) 0.335ms
[2020-08-08T13:35:29.991+0300][8.116s][info][gc] GC(262) Pause Young (Allocation Failure) 271M->136M(494M) 0.445ms
[2020-08-08T13:35:30.017+0300][8.142s][info][gc] GC(263) Pause Young (Allocation Failure) 271M->136M(494M) 0.296ms
[2020-08-08T13:35:30.041+0300][8.167s][info][gc] GC(264) Pause Young (Allocation Failure) 271M->136M(494M) 0.261ms
[2020-08-08T13:35:30.067+0300][8.192s][info][gc] GC(265) Pause Young (Allocation Failure) 271M->136M(494M) 0.272ms
[2020-08-08T13:35:30.093+0300][8.218s][info][gc] GC(266) Pause Young (Allocation Failure) 271M->136M(494M) 0.312ms
[2020-08-08T13:35:30.119+0300][8.245s][info][gc] GC(267) Pause Young (Allocation Failure) 271M->136M(494M) 0.241ms
[2020-08-08T13:35:30.140+0300][8.265s][info][gc] GC(268) Pause Young (Allocation Failure) 271M->136M(494M) 0.241ms
[2020-08-08T13:35:30.160+0300][8.286s][info][gc] GC(269) Pause Young (Allocation Failure) 271M->136M(494M) 0.237ms
[2020-08-08T13:35:30.181+0300][8.307s][info][gc] GC(270) Pause Young (Allocation Failure) 271M->136M(494M) 0.237ms
[2020-08-08T13:35:30.202+0300][8.328s][info][gc] GC(271) Pause Young (Allocation Failure) 271M->136M(494M) 0.232ms
[2020-08-08T13:35:30.223+0300][8.348s][info][gc] GC(272) Pause Young (Allocation Failure) 271M->136M(494M) 0.234ms
[2020-08-08T13:35:30.247+0300][8.373s][info][gc] GC(273) Pause Young (Allocation Failure) 271M->136M(494M) 0.236ms
[2020-08-08T13:35:30.270+0300][8.396s][info][gc] GC(274) Pause Young (Allocation Failure) 271M->136M(494M) 0.234ms
[2020-08-08T13:35:30.294+0300][8.419s][info][gc] GC(275) Pause Young (Allocation Failure) 271M->136M(494M) 0.240ms
[2020-08-08T13:35:30.317+0300][8.443s][info][gc] GC(276) Pause Young (Allocation Failure) 271M->136M(494M) 0.280ms
[2020-08-08T13:35:30.339+0300][8.465s][info][gc] GC(277) Pause Young (Allocation Failure) 271M->136M(494M) 0.243ms
[2020-08-08T13:35:30.360+0300][8.486s][info][gc] GC(278) Pause Young (Allocation Failure) 271M->136M(494M) 0.236ms
[2020-08-08T13:35:30.380+0300][8.506s][info][gc] GC(279) Pause Young (Allocation Failure) 271M->136M(494M) 0.237ms
[2020-08-08T13:35:30.402+0300][8.527s][info][gc] GC(280) Pause Young (Allocation Failure) 271M->136M(494M) 0.239ms
[2020-08-08T13:35:30.423+0300][8.548s][info][gc] GC(281) Pause Young (Allocation Failure) 271M->136M(494M) 0.285ms
[2020-08-08T13:35:30.444+0300][8.570s][info][gc] GC(282) Pause Young (Allocation Failure) 271M->136M(494M) 0.232ms
[2020-08-08T13:35:30.466+0300][8.591s][info][gc] GC(283) Pause Young (Allocation Failure) 271M->136M(494M) 0.230ms
[2020-08-08T13:35:30.493+0300][8.619s][info][gc] GC(284) Pause Young (Allocation Failure) 271M->136M(494M) 0.229ms
[2020-08-08T13:35:30.516+0300][8.641s][info][gc] GC(285) Pause Young (Allocation Failure) 271M->136M(494M) 0.238ms
[2020-08-08T13:35:30.541+0300][8.666s][info][gc] GC(286) Pause Young (Allocation Failure) 271M->136M(494M) 0.245ms
[2020-08-08T13:35:30.565+0300][8.691s][info][gc] GC(287) Pause Young (Allocation Failure) 271M->136M(494M) 0.246ms
[2020-08-08T13:35:30.587+0300][8.713s][info][gc] GC(288) Pause Young (Allocation Failure) 271M->136M(494M) 0.255ms
[2020-08-08T13:35:30.609+0300][8.734s][info][gc] GC(289) Pause Young (Allocation Failure) 271M->136M(494M) 0.263ms
[2020-08-08T13:35:30.635+0300][8.761s][info][gc] GC(290) Pause Young (Allocation Failure) 271M->136M(494M) 0.267ms
[2020-08-08T13:35:30.657+0300][8.783s][info][gc] GC(291) Pause Young (Allocation Failure) 271M->136M(494M) 0.237ms
[2020-08-08T13:35:30.680+0300][8.805s][info][gc] GC(292) Pause Young (Allocation Failure) 271M->136M(494M) 0.301ms
[2020-08-08T13:35:30.701+0300][8.827s][info][gc] GC(293) Pause Young (Allocation Failure) 271M->136M(494M) 0.289ms
[2020-08-08T13:35:30.724+0300][8.850s][info][gc] GC(294) Pause Young (Allocation Failure) 271M->136M(494M) 0.260ms
[2020-08-08T13:35:30.752+0300][8.878s][info][gc] GC(295) Pause Young (Allocation Failure) 271M->136M(494M) 0.281ms
[2020-08-08T13:35:30.785+0300][8.910s][info][gc] GC(296) Pause Young (Allocation Failure) 271M->136M(494M) 0.307ms
[2020-08-08T13:35:30.807+0300][8.933s][info][gc] GC(297) Pause Young (Allocation Failure) 271M->136M(494M) 0.237ms
[2020-08-08T13:35:30.828+0300][8.954s][info][gc] GC(298) Pause Young (Allocation Failure) 271M->136M(494M) 0.244ms
[2020-08-08T13:35:30.849+0300][8.975s][info][gc] GC(299) Pause Young (Allocation Failure) 271M->136M(494M) 0.242ms
[2020-08-08T13:35:30.870+0300][8.996s][info][gc] GC(300) Pause Young (Allocation Failure) 271M->136M(494M) 0.244ms
[2020-08-08T13:35:30.891+0300][9.016s][info][gc] GC(301) Pause Young (Allocation Failure) 271M->136M(494M) 0.262ms
[2020-08-08T13:35:30.914+0300][9.040s][info][gc] GC(302) Pause Young (Allocation Failure) 271M->136M(494M) 0.242ms
[2020-08-08T13:35:30.938+0300][9.063s][info][gc] GC(303) Pause Young (Allocation Failure) 271M->136M(494M) 0.265ms
[2020-08-08T13:35:30.962+0300][9.088s][info][gc] GC(304) Pause Young (Allocation Failure) 271M->136M(494M) 0.243ms
[2020-08-08T13:35:30.987+0300][9.113s][info][gc] GC(305) Pause Young (Allocation Failure) 271M->136M(494M) 0.261ms
[2020-08-08T13:35:31.009+0300][9.135s][info][gc] GC(306) Pause Young (Allocation Failure) 271M->136M(494M) 0.238ms
[2020-08-08T13:35:31.031+0300][9.157s][info][gc] GC(307) Pause Young (Allocation Failure) 271M->136M(494M) 0.240ms
[2020-08-08T13:35:31.054+0300][9.179s][info][gc] GC(308) Pause Young (Allocation Failure) 271M->136M(494M) 0.245ms
[2020-08-08T13:35:31.075+0300][9.201s][info][gc] GC(309) Pause Young (Allocation Failure) 271M->136M(494M) 0.243ms
[2020-08-08T13:35:31.097+0300][9.222s][info][gc] GC(310) Pause Young (Allocation Failure) 271M->136M(494M) 0.281ms
[2020-08-08T13:35:31.119+0300][9.244s][info][gc] GC(311) Pause Young (Allocation Failure) 271M->136M(494M) 0.236ms
[2020-08-08T13:35:31.146+0300][9.271s][info][gc] GC(312) Pause Young (Allocation Failure) 271M->136M(494M) 0.482ms
[2020-08-08T13:35:31.177+0300][9.303s][info][gc] GC(313) Pause Young (Allocation Failure) 271M->136M(494M) 0.343ms
[2020-08-08T13:35:31.207+0300][9.333s][info][gc] GC(314) Pause Young (Allocation Failure) 271M->136M(494M) 0.328ms
[2020-08-08T13:35:31.232+0300][9.358s][info][gc] GC(315) Pause Young (Allocation Failure) 271M->136M(494M) 0.237ms
[2020-08-08T13:35:31.254+0300][9.379s][info][gc] GC(316) Pause Young (Allocation Failure) 271M->136M(494M) 0.293ms
[2020-08-08T13:35:31.275+0300][9.401s][info][gc] GC(317) Pause Young (Allocation Failure) 271M->136M(494M) 0.237ms
[2020-08-08T13:35:31.296+0300][9.422s][info][gc] GC(318) Pause Young (Allocation Failure) 271M->136M(494M) 0.233ms
[2020-08-08T13:35:31.318+0300][9.443s][info][gc] GC(319) Pause Young (Allocation Failure) 271M->136M(494M) 0.291ms
[2020-08-08T13:35:31.338+0300][9.464s][info][gc] GC(320) Pause Young (Allocation Failure) 271M->136M(494M) 0.253ms
[2020-08-08T13:35:31.363+0300][9.488s][info][gc] GC(321) Pause Young (Allocation Failure) 271M->136M(494M) 0.565ms
[2020-08-08T13:35:31.389+0300][9.514s][info][gc] GC(322) Pause Young (Allocation Failure) 271M->136M(494M) 0.272ms
[2020-08-08T13:35:31.417+0300][9.542s][info][gc] GC(323) Pause Young (Allocation Failure) 271M->136M(494M) 0.304ms
[2020-08-08T13:35:31.444+0300][9.570s][info][gc] GC(324) Pause Young (Allocation Failure) 271M->136M(494M) 0.249ms
[2020-08-08T13:35:31.467+0300][9.593s][info][gc] GC(325) Pause Young (Allocation Failure) 271M->136M(494M) 0.485ms
[2020-08-08T13:35:31.492+0300][9.618s][info][gc] GC(326) Pause Young (Allocation Failure) 271M->136M(494M) 0.248ms
[2020-08-08T13:35:31.514+0300][9.640s][info][gc] GC(327) Pause Young (Allocation Failure) 271M->136M(494M) 0.258ms
[2020-08-08T13:35:31.537+0300][9.663s][info][gc] GC(328) Pause Young (Allocation Failure) 271M->136M(494M) 0.228ms
[2020-08-08T13:35:31.561+0300][9.687s][info][gc] GC(329) Pause Young (Allocation Failure) 271M->136M(494M) 0.387ms
[2020-08-08T13:35:31.586+0300][9.711s][info][gc] GC(330) Pause Young (Allocation Failure) 271M->136M(494M) 0.409ms
[2020-08-08T13:35:31.610+0300][9.736s][info][gc] GC(331) Pause Young (Allocation Failure) 271M->136M(494M) 0.296ms
[2020-08-08T13:35:31.640+0300][9.766s][info][gc] GC(332) Pause Young (Allocation Failure) 271M->136M(494M) 0.481ms
[2020-08-08T13:35:31.667+0300][9.792s][info][gc] GC(333) Pause Young (Allocation Failure) 271M->136M(494M) 0.241ms
[2020-08-08T13:35:31.692+0300][9.818s][info][gc] GC(334) Pause Young (Allocation Failure) 271M->136M(494M) 0.237ms
[2020-08-08T13:35:31.712+0300][9.838s][info][gc] GC(335) Pause Young (Allocation Failure) 271M->136M(494M) 0.250ms
[2020-08-08T13:35:31.734+0300][9.859s][info][gc] GC(336) Pause Young (Allocation Failure) 271M->136M(494M) 0.296ms
[2020-08-08T13:35:31.759+0300][9.885s][info][gc] GC(337) Pause Young (Allocation Failure) 271M->136M(494M) 0.280ms
[2020-08-08T13:35:31.785+0300][9.911s][info][gc] GC(338) Pause Young (Allocation Failure) 271M->136M(494M) 0.260ms
[2020-08-08T13:35:31.809+0300][9.934s][info][gc] GC(339) Pause Young (Allocation Failure) 271M->136M(494M) 0.262ms
[2020-08-08T13:35:31.831+0300][9.957s][info][gc] GC(340) Pause Young (Allocation Failure) 271M->136M(494M) 0.255ms
[2020-08-08T13:35:31.854+0300][9.980s][info][gc] GC(341) Pause Young (Allocation Failure) 271M->136M(494M) 0.258ms
[2020-08-08T13:35:31.879+0300][10.004s][info][gc] GC(342) Pause Young (Allocation Failure) 271M->136M(494M) 0.255ms
[2020-08-08T13:35:31.902+0300][10.027s][info][gc] GC(343) Pause Young (Allocation Failure) 271M->136M(494M) 0.261ms
[2020-08-08T13:35:31.922+0300][10.048s][info][gc] GC(344) Pause Young (Allocation Failure) 271M->136M(494M) 0.266ms
[2020-08-08T13:35:31.943+0300][10.069s][info][gc] GC(345) Pause Young (Allocation Failure) 271M->136M(494M) 0.255ms
[2020-08-08T13:35:31.963+0300][10.089s][info][gc] GC(346) Pause Young (Allocation Failure) 271M->136M(494M) 0.258ms
[2020-08-08T13:35:31.986+0300][10.111s][info][gc] GC(347) Pause Young (Allocation Failure) 271M->136M(494M) 0.254ms
[2020-08-08T13:35:32.006+0300][10.132s][info][gc] GC(348) Pause Young (Allocation Failure) 271M->136M(494M) 0.296ms
[2020-08-08T13:35:32.029+0300][10.155s][info][gc] GC(349) Pause Young (Allocation Failure) 271M->136M(494M) 0.373ms
[2020-08-08T13:35:32.055+0300][10.180s][info][gc] GC(350) Pause Young (Allocation Failure) 271M->136M(494M) 0.257ms
[2020-08-08T13:35:32.082+0300][10.207s][info][gc] GC(351) Pause Young (Allocation Failure) 271M->136M(494M) 0.257ms
[2020-08-08T13:35:32.107+0300][10.232s][info][gc] GC(352) Pause Young (Allocation Failure) 271M->136M(494M) 0.522ms
[2020-08-08T13:35:32.128+0300][10.254s][info][gc] GC(353) Pause Young (Allocation Failure) 271M->136M(494M) 0.244ms
[2020-08-08T13:35:32.149+0300][10.274s][info][gc] GC(354) Pause Young (Allocation Failure) 271M->136M(494M) 0.252ms
[2020-08-08T13:35:32.169+0300][10.294s][info][gc] GC(355) Pause Young (Allocation Failure) 271M->136M(494M) 0.239ms
[2020-08-08T13:35:32.191+0300][10.316s][info][gc] GC(356) Pause Young (Allocation Failure) 271M->136M(494M) 0.245ms
[2020-08-08T13:35:32.211+0300][10.337s][info][gc] GC(357) Pause Young (Allocation Failure) 271M->136M(494M) 0.263ms
[2020-08-08T13:35:32.233+0300][10.359s][info][gc] GC(358) Pause Young (Allocation Failure) 271M->136M(494M) 0.243ms
[2020-08-08T13:35:32.257+0300][10.382s][info][gc] GC(359) Pause Young (Allocation Failure) 271M->136M(494M) 0.244ms
[2020-08-08T13:35:32.281+0300][10.407s][info][gc] GC(360) Pause Young (Allocation Failure) 271M->136M(494M) 0.242ms
[2020-08-08T13:35:32.305+0300][10.431s][info][gc] GC(361) Pause Young (Allocation Failure) 271M->136M(494M) 0.246ms
[2020-08-08T13:35:32.329+0300][10.455s][info][gc] GC(362) Pause Young (Allocation Failure) 271M->136M(494M) 0.247ms
[2020-08-08T13:35:32.353+0300][10.478s][info][gc] GC(363) Pause Young (Allocation Failure) 271M->136M(494M) 0.271ms
[2020-08-08T13:35:32.374+0300][10.499s][info][gc] GC(364) Pause Young (Allocation Failure) 271M->136M(494M) 0.242ms
[2020-08-08T13:35:32.395+0300][10.520s][info][gc] GC(365) Pause Young (Allocation Failure) 271M->136M(494M) 0.246ms
[2020-08-08T13:35:32.416+0300][10.542s][info][gc] GC(366) Pause Young (Allocation Failure) 271M->136M(494M) 0.243ms
[2020-08-08T13:35:32.438+0300][10.564s][info][gc] GC(367) Pause Young (Allocation Failure) 271M->136M(494M) 0.278ms
[2020-08-08T13:35:32.458+0300][10.584s][info][gc] GC(368) Pause Young (Allocation Failure) 271M->136M(494M) 0.240ms
[2020-08-08T13:35:32.483+0300][10.608s][info][gc] GC(369) Pause Young (Allocation Failure) 271M->136M(494M) 0.250ms
[2020-08-08T13:35:32.506+0300][10.631s][info][gc] GC(370) Pause Young (Allocation Failure) 271M->136M(494M) 0.244ms
[2020-08-08T13:35:32.530+0300][10.656s][info][gc] GC(371) Pause Young (Allocation Failure) 271M->136M(494M) 0.240ms
[2020-08-08T13:35:32.553+0300][10.679s][info][gc] GC(372) Pause Young (Allocation Failure) 271M->136M(494M) 0.239ms
[2020-08-08T13:35:32.578+0300][10.704s][info][gc] GC(373) Pause Young (Allocation Failure) 271M->136M(494M) 0.237ms
[2020-08-08T13:35:32.600+0300][10.726s][info][gc] GC(374) Pause Young (Allocation Failure) 271M->136M(494M) 0.239ms
[2020-08-08T13:35:32.622+0300][10.748s][info][gc] GC(375) Pause Young (Allocation Failure) 271M->136M(494M) 0.238ms
[2020-08-08T13:35:32.646+0300][10.771s][info][gc] GC(376) Pause Young (Allocation Failure) 271M->136M(494M) 0.244ms
[2020-08-08T13:35:32.668+0300][10.794s][info][gc] GC(377) Pause Young (Allocation Failure) 271M->136M(494M) 0.264ms
[2020-08-08T13:35:32.690+0300][10.815s][info][gc] GC(378) Pause Young (Allocation Failure) 271M->136M(494M) 0.238ms
[2020-08-08T13:35:32.713+0300][10.838s][info][gc] GC(379) Pause Young (Allocation Failure) 271M->136M(494M) 0.234ms
[2020-08-08T13:35:32.737+0300][10.862s][info][gc] GC(380) Pause Young (Allocation Failure) 271M->136M(494M) 0.255ms
[2020-08-08T13:35:32.763+0300][10.888s][info][gc] GC(381) Pause Young (Allocation Failure) 271M->136M(494M) 0.621ms
[2020-08-08T13:35:32.794+0300][10.919s][info][gc] GC(382) Pause Young (Allocation Failure) 271M->136M(494M) 0.531ms
[2020-08-08T13:35:32.816+0300][10.941s][info][gc] GC(383) Pause Young (Allocation Failure) 271M->136M(494M) 0.279ms
[2020-08-08T13:35:32.837+0300][10.963s][info][gc] GC(384) Pause Young (Allocation Failure) 271M->136M(494M) 0.245ms
[2020-08-08T13:35:32.858+0300][10.984s][info][gc] GC(385) Pause Young (Allocation Failure) 271M->136M(494M) 0.247ms
[2020-08-08T13:35:32.878+0300][11.004s][info][gc] GC(386) Pause Young (Allocation Failure) 271M->136M(494M) 0.251ms
[2020-08-08T13:35:32.899+0300][11.025s][info][gc] GC(387) Pause Young (Allocation Failure) 271M->136M(494M) 0.249ms
[2020-08-08T13:35:32.919+0300][11.045s][info][gc] GC(388) Pause Young (Allocation Failure) 271M->136M(494M) 0.255ms
[2020-08-08T13:35:32.942+0300][11.068s][info][gc] GC(389) Pause Young (Allocation Failure) 271M->136M(494M) 0.249ms
[2020-08-08T13:35:32.966+0300][11.092s][info][gc] GC(390) Pause Young (Allocation Failure) 271M->136M(494M) 0.263ms
[2020-08-08T13:35:32.990+0300][11.116s][info][gc] GC(391) Pause Young (Allocation Failure) 271M->136M(494M) 0.281ms
[2020-08-08T13:35:33.014+0300][11.140s][info][gc] GC(392) Pause Young (Allocation Failure) 271M->136M(494M) 0.272ms
[2020-08-08T13:35:33.037+0300][11.163s][info][gc] GC(393) Pause Young (Allocation Failure) 271M->136M(494M) 0.249ms
[2020-08-08T13:35:33.059+0300][11.184s][info][gc] GC(394) Pause Young (Allocation Failure) 271M->136M(494M) 0.253ms
[2020-08-08T13:35:33.080+0300][11.206s][info][gc] GC(395) Pause Young (Allocation Failure) 271M->136M(494M) 0.250ms
[2020-08-08T13:35:33.102+0300][11.228s][info][gc] GC(396) Pause Young (Allocation Failure) 271M->136M(494M) 0.247ms
[2020-08-08T13:35:33.123+0300][11.249s][info][gc] GC(397) Pause Young (Allocation Failure) 271M->136M(494M) 0.244ms
[2020-08-08T13:35:33.145+0300][11.271s][info][gc] GC(398) Pause Young (Allocation Failure) 271M->136M(494M) 0.245ms
[2020-08-08T13:35:33.169+0300][11.295s][info][gc] GC(399) Pause Young (Allocation Failure) 271M->136M(494M) 0.454ms
[2020-08-08T13:35:33.193+0300][11.318s][info][gc] GC(400) Pause Young (Allocation Failure) 271M->136M(494M) 0.236ms
[2020-08-08T13:35:33.217+0300][11.343s][info][gc] GC(401) Pause Young (Allocation Failure) 271M->136M(494M) 0.350ms
[2020-08-08T13:35:33.241+0300][11.367s][info][gc] GC(402) Pause Young (Allocation Failure) 271M->136M(494M) 0.238ms
[2020-08-08T13:35:33.263+0300][11.389s][info][gc] GC(403) Pause Young (Allocation Failure) 271M->136M(494M) 0.263ms
[2020-08-08T13:35:33.284+0300][11.409s][info][gc] GC(404) Pause Young (Allocation Failure) 271M->136M(494M) 0.242ms
[2020-08-08T13:35:33.304+0300][11.430s][info][gc] GC(405) Pause Young (Allocation Failure) 271M->136M(494M) 0.239ms
[2020-08-08T13:35:33.325+0300][11.451s][info][gc] GC(406) Pause Young (Allocation Failure) 271M->136M(494M) 0.239ms
[2020-08-08T13:35:33.346+0300][11.471s][info][gc] GC(407) Pause Young (Allocation Failure) 271M->136M(494M) 0.241ms
[2020-08-08T13:35:33.367+0300][11.492s][info][gc] GC(408) Pause Young (Allocation Failure) 271M->136M(494M) 0.382ms
[2020-08-08T13:35:33.390+0300][11.515s][info][gc] GC(409) Pause Young (Allocation Failure) 271M->136M(494M) 0.242ms
[2020-08-08T13:35:33.414+0300][11.540s][info][gc] GC(410) Pause Young (Allocation Failure) 271M->136M(494M) 0.468ms
[2020-08-08T13:35:33.440+0300][11.566s][info][gc] GC(411) Pause Young (Allocation Failure) 271M->136M(494M) 0.239ms
[2020-08-08T13:35:33.462+0300][11.588s][info][gc] GC(412) Pause Young (Allocation Failure) 271M->136M(494M) 0.368ms
[2020-08-08T13:35:33.487+0300][11.613s][info][gc] GC(413) Pause Young (Allocation Failure) 271M->136M(494M) 0.238ms
[2020-08-08T13:35:33.507+0300][11.633s][info][gc] GC(414) Pause Young (Allocation Failure) 271M->136M(494M) 0.274ms
[2020-08-08T13:35:33.527+0300][11.653s][info][gc] GC(415) Pause Young (Allocation Failure) 271M->136M(494M) 0.241ms
[2020-08-08T13:35:33.549+0300][11.675s][info][gc] GC(416) Pause Young (Allocation Failure) 271M->136M(494M) 0.231ms
[2020-08-08T13:35:33.572+0300][11.697s][info][gc] GC(417) Pause Young (Allocation Failure) 271M->136M(494M) 0.235ms
[2020-08-08T13:35:33.593+0300][11.719s][info][gc] GC(418) Pause Young (Allocation Failure) 271M->136M(494M) 0.244ms
[2020-08-08T13:35:33.619+0300][11.744s][info][gc] GC(419) Pause Young (Allocation Failure) 271M->136M(494M) 0.532ms
[2020-08-08T13:35:33.646+0300][11.772s][info][gc] GC(420) Pause Young (Allocation Failure) 271M->136M(494M) 0.239ms
[2020-08-08T13:35:33.672+0300][11.798s][info][gc] GC(421) Pause Young (Allocation Failure) 271M->136M(494M) 0.292ms
[2020-08-08T13:35:33.698+0300][11.824s][info][gc] GC(422) Pause Young (Allocation Failure) 271M->136M(494M) 0.268ms
[2020-08-08T13:35:33.721+0300][11.846s][info][gc] GC(423) Pause Young (Allocation Failure) 271M->136M(494M) 0.235ms
[2020-08-08T13:35:33.742+0300][11.867s][info][gc] GC(424) Pause Young (Allocation Failure) 271M->136M(494M) 0.245ms
[2020-08-08T13:35:33.763+0300][11.889s][info][gc] GC(425) Pause Young (Allocation Failure) 271M->136M(494M) 0.238ms
[2020-08-08T13:35:33.788+0300][11.914s][info][gc] GC(426) Pause Young (Allocation Failure) 271M->136M(494M) 0.268ms
[2020-08-08T13:35:33.811+0300][11.937s][info][gc] GC(427) Pause Young (Allocation Failure) 271M->136M(494M) 0.241ms
[2020-08-08T13:35:33.832+0300][11.958s][info][gc] GC(428) Pause Young (Allocation Failure) 271M->136M(494M) 0.244ms
[2020-08-08T13:35:33.858+0300][11.984s][info][gc] GC(429) Pause Young (Allocation Failure) 271M->136M(494M) 0.249ms
[2020-08-08T13:35:33.881+0300][12.007s][info][gc] GC(430) Pause Young (Allocation Failure) 271M->136M(494M) 0.273ms
[2020-08-08T13:35:33.906+0300][12.031s][info][gc] GC(431) Pause Young (Allocation Failure) 271M->136M(494M) 0.243ms
[2020-08-08T13:35:33.930+0300][12.056s][info][gc] GC(432) Pause Young (Allocation Failure) 271M->136M(494M) 0.261ms
[2020-08-08T13:35:33.953+0300][12.078s][info][gc] GC(433) Pause Young (Allocation Failure) 271M->136M(494M) 0.245ms
[2020-08-08T13:35:33.975+0300][12.100s][info][gc] GC(434) Pause Young (Allocation Failure) 271M->136M(494M) 0.255ms
[2020-08-08T13:35:33.997+0300][12.122s][info][gc] GC(435) Pause Young (Allocation Failure) 271M->136M(494M) 0.297ms
[2020-08-08T13:35:34.017+0300][12.142s][info][gc] GC(436) Pause Young (Allocation Failure) 271M->136M(494M) 0.241ms
[2020-08-08T13:35:34.038+0300][12.163s][info][gc] GC(437) Pause Young (Allocation Failure) 271M->136M(494M) 0.242ms
[2020-08-08T13:35:34.059+0300][12.184s][info][gc] GC(438) Pause Young (Allocation Failure) 271M->136M(494M) 0.245ms
[2020-08-08T13:35:34.081+0300][12.206s][info][gc] GC(439) Pause Young (Allocation Failure) 271M->136M(494M) 0.248ms
[2020-08-08T13:35:34.107+0300][12.233s][info][gc] GC(440) Pause Young (Allocation Failure) 271M->136M(494M) 0.251ms
[2020-08-08T13:35:34.131+0300][12.256s][info][gc] GC(441) Pause Young (Allocation Failure) 271M->136M(494M) 0.288ms
[2020-08-08T13:35:34.156+0300][12.281s][info][gc] GC(442) Pause Young (Allocation Failure) 271M->136M(494M) 0.242ms
[2020-08-08T13:35:34.179+0300][12.304s][info][gc] GC(443) Pause Young (Allocation Failure) 271M->136M(494M) 0.246ms
[2020-08-08T13:35:34.200+0300][12.326s][info][gc] GC(444) Pause Young (Allocation Failure) 271M->136M(494M) 0.335ms
[2020-08-08T13:35:34.220+0300][12.346s][info][gc] GC(445) Pause Young (Allocation Failure) 271M->136M(494M) 0.239ms
[2020-08-08T13:35:34.241+0300][12.367s][info][gc] GC(446) Pause Young (Allocation Failure) 271M->136M(494M) 0.238ms
[2020-08-08T13:35:34.261+0300][12.387s][info][gc] GC(447) Pause Young (Allocation Failure) 271M->136M(494M) 0.253ms
[2020-08-08T13:35:34.282+0300][12.407s][info][gc] GC(448) Pause Young (Allocation Failure) 271M->136M(494M) 0.245ms
[2020-08-08T13:35:34.306+0300][12.432s][info][gc] GC(449) Pause Young (Allocation Failure) 271M->136M(494M) 0.259ms
[2020-08-08T13:35:34.329+0300][12.454s][info][gc] GC(450) Pause Young (Allocation Failure) 271M->136M(494M) 0.239ms
[2020-08-08T13:35:34.354+0300][12.480s][info][gc] GC(451) Pause Young (Allocation Failure) 271M->136M(494M) 0.293ms
[2020-08-08T13:35:34.377+0300][12.502s][info][gc] GC(452) Pause Young (Allocation Failure) 271M->136M(494M) 0.232ms
[2020-08-08T13:35:34.400+0300][12.525s][info][gc] GC(453) Pause Young (Allocation Failure) 271M->136M(494M) 0.235ms
[2020-08-08T13:35:34.422+0300][12.547s][info][gc] GC(454) Pause Young (Allocation Failure) 271M->136M(494M) 0.244ms
[2020-08-08T13:35:34.443+0300][12.569s][info][gc] GC(455) Pause Young (Allocation Failure) 271M->136M(494M) 0.239ms
[2020-08-08T13:35:34.463+0300][12.589s][info][gc] GC(456) Pause Young (Allocation Failure) 271M->136M(494M) 0.253ms
[2020-08-08T13:35:34.484+0300][12.610s][info][gc] GC(457) Pause Young (Allocation Failure) 271M->136M(494M) 0.282ms
[2020-08-08T13:35:34.505+0300][12.631s][info][gc] GC(458) Pause Young (Allocation Failure) 271M->136M(494M) 0.236ms
[2020-08-08T13:35:34.527+0300][12.653s][info][gc] GC(459) Pause Young (Allocation Failure) 271M->136M(494M) 0.238ms
[2020-08-08T13:35:34.550+0300][12.676s][info][gc] GC(460) Pause Young (Allocation Failure) 271M->136M(494M) 0.232ms
[2020-08-08T13:35:34.577+0300][12.703s][info][gc] GC(461) Pause Young (Allocation Failure) 271M->136M(494M) 0.234ms
[2020-08-08T13:35:34.604+0300][12.730s][info][gc] GC(462) Pause Young (Allocation Failure) 271M->136M(494M) 0.253ms
[2020-08-08T13:35:34.630+0300][12.755s][info][gc] GC(463) Pause Young (Allocation Failure) 271M->136M(494M) 0.445ms
[2020-08-08T13:35:34.652+0300][12.778s][info][gc] GC(464) Pause Young (Allocation Failure) 271M->136M(494M) 0.236ms
[2020-08-08T13:35:34.672+0300][12.798s][info][gc] GC(465) Pause Young (Allocation Failure) 271M->136M(494M) 0.234ms
[2020-08-08T13:35:34.696+0300][12.821s][info][gc] GC(466) Pause Young (Allocation Failure) 271M->136M(494M) 0.244ms
[2020-08-08T13:35:34.716+0300][12.841s][info][gc] GC(467) Pause Young (Allocation Failure) 271M->136M(494M) 0.241ms
[2020-08-08T13:35:34.737+0300][12.863s][info][gc] GC(468) Pause Young (Allocation Failure) 271M->136M(494M) 0.278ms
[2020-08-08T13:35:34.759+0300][12.885s][info][gc] GC(469) Pause Young (Allocation Failure) 271M->136M(494M) 0.238ms
[2020-08-08T13:35:34.786+0300][12.912s][info][gc] GC(470) Pause Young (Allocation Failure) 271M->136M(494M) 0.399ms
[2020-08-08T13:35:34.816+0300][12.942s][info][gc] GC(471) Pause Young (Allocation Failure) 271M->136M(494M) 0.315ms
[2020-08-08T13:35:34.839+0300][12.965s][info][gc] GC(472) Pause Young (Allocation Failure) 271M->136M(494M) 0.253ms
[2020-08-08T13:35:34.860+0300][12.985s][info][gc] GC(473) Pause Young (Allocation Failure) 271M->136M(494M) 0.258ms
[2020-08-08T13:35:34.881+0300][13.007s][info][gc] GC(474) Pause Young (Allocation Failure) 271M->136M(494M) 0.259ms
[2020-08-08T13:35:34.902+0300][13.028s][info][gc] GC(475) Pause Young (Allocation Failure) 271M->136M(494M) 0.255ms
[2020-08-08T13:35:34.923+0300][13.049s][info][gc] GC(476) Pause Young (Allocation Failure) 271M->136M(494M) 0.426ms
[2020-08-08T13:35:34.945+0300][13.071s][info][gc] GC(477) Pause Young (Allocation Failure) 271M->136M(494M) 0.256ms
[2020-08-08T13:35:34.968+0300][13.094s][info][gc] GC(478) Pause Young (Allocation Failure) 271M->136M(494M) 0.405ms
[2020-08-08T13:35:34.994+0300][13.119s][info][gc] GC(479) Pause Young (Allocation Failure) 271M->136M(494M) 0.261ms
[2020-08-08T13:35:35.017+0300][13.143s][info][gc] GC(480) Pause Young (Allocation Failure) 271M->136M(494M) 0.431ms
[2020-08-08T13:35:35.041+0300][13.167s][info][gc] GC(481) Pause Young (Allocation Failure) 271M->136M(494M) 0.267ms
[2020-08-08T13:35:35.063+0300][13.189s][info][gc] GC(482) Pause Young (Allocation Failure) 271M->136M(494M) 0.388ms
[2020-08-08T13:35:35.082+0300][13.208s][info][gc] GC(483) Pause Young (Allocation Failure) 271M->136M(494M) 0.263ms
[2020-08-08T13:35:35.103+0300][13.229s][info][gc] GC(484) Pause Young (Allocation Failure) 271M->136M(494M) 0.261ms
[2020-08-08T13:35:35.124+0300][13.250s][info][gc] GC(485) Pause Young (Allocation Failure) 271M->136M(494M) 0.260ms
[2020-08-08T13:35:35.146+0300][13.271s][info][gc] GC(486) Pause Young (Allocation Failure) 271M->136M(494M) 0.326ms
[2020-08-08T13:35:35.168+0300][13.293s][info][gc] GC(487) Pause Young (Allocation Failure) 271M->136M(494M) 0.318ms
[2020-08-08T13:35:35.193+0300][13.319s][info][gc] GC(488) Pause Young (Allocation Failure) 271M->136M(494M) 0.369ms
[2020-08-08T13:35:35.215+0300][13.341s][info][gc] GC(489) Pause Young (Allocation Failure) 271M->136M(494M) 0.264ms
[2020-08-08T13:35:35.241+0300][13.367s][info][gc] GC(490) Pause Young (Allocation Failure) 271M->136M(494M) 0.237ms
[2020-08-08T13:35:35.263+0300][13.388s][info][gc] GC(491) Pause Young (Allocation Failure) 271M->136M(494M) 0.268ms
[2020-08-08T13:35:35.284+0300][13.409s][info][gc] GC(492) Pause Young (Allocation Failure) 271M->136M(494M) 0.331ms
[2020-08-08T13:35:35.304+0300][13.430s][info][gc] GC(493) Pause Young (Allocation Failure) 271M->136M(494M) 0.245ms
[2020-08-08T13:35:35.325+0300][13.451s][info][gc] GC(494) Pause Young (Allocation Failure) 271M->136M(494M) 0.242ms
[2020-08-08T13:35:35.346+0300][13.471s][info][gc] GC(495) Pause Young (Allocation Failure) 271M->136M(494M) 0.381ms
[2020-08-08T13:35:35.367+0300][13.493s][info][gc] GC(496) Pause Young (Allocation Failure) 271M->136M(494M) 0.279ms
[2020-08-08T13:35:35.392+0300][13.518s][info][gc] GC(497) Pause Young (Allocation Failure) 271M->136M(494M) 0.508ms
[2020-08-08T13:35:35.418+0300][13.543s][info][gc] GC(498) Pause Young (Allocation Failure) 271M->136M(494M) 0.329ms
[2020-08-08T13:35:35.443+0300][13.568s][info][gc] GC(499) Pause Young (Allocation Failure) 271M->136M(494M) 0.317ms
[2020-08-08T13:35:35.465+0300][13.591s][info][gc] GC(500) Pause Young (Allocation Failure) 271M->136M(494M) 0.233ms
[2020-08-08T13:35:35.490+0300][13.616s][info][gc] GC(501) Pause Young (Allocation Failure) 271M->136M(494M) 0.237ms
[2020-08-08T13:35:35.511+0300][13.636s][info][gc] GC(502) Pause Young (Allocation Failure) 271M->136M(494M) 0.248ms
[2020-08-08T13:35:35.532+0300][13.658s][info][gc] GC(503) Pause Young (Allocation Failure) 271M->136M(494M) 0.239ms
[2020-08-08T13:35:35.554+0300][13.679s][info][gc] GC(504) Pause Young (Allocation Failure) 271M->136M(494M) 0.271ms
[2020-08-08T13:35:35.577+0300][13.703s][info][gc] GC(505) Pause Young (Allocation Failure) 271M->136M(494M) 0.235ms
[2020-08-08T13:35:35.601+0300][13.726s][info][gc] GC(506) Pause Young (Allocation Failure) 271M->136M(494M) 0.350ms
[2020-08-08T13:35:35.629+0300][13.754s][info][gc] GC(507) Pause Young (Allocation Failure) 271M->136M(494M) 0.500ms
[2020-08-08T13:35:35.658+0300][13.784s][info][gc] GC(508) Pause Young (Allocation Failure) 271M->136M(494M) 0.408ms
[2020-08-08T13:35:35.683+0300][13.809s][info][gc] GC(509) Pause Young (Allocation Failure) 271M->136M(494M) 0.237ms
[2020-08-08T13:35:35.712+0300][13.838s][info][gc] GC(510) Pause Young (Allocation Failure) 271M->136M(494M) 0.237ms
[2020-08-08T13:35:35.735+0300][13.860s][info][gc] GC(511) Pause Young (Allocation Failure) 271M->136M(494M) 0.297ms
[2020-08-08T13:35:35.757+0300][13.883s][info][gc] GC(512) Pause Young (Allocation Failure) 271M->136M(494M) 0.241ms
[2020-08-08T13:35:35.780+0300][13.906s][info][gc] GC(513) Pause Young (Allocation Failure) 271M->136M(494M) 0.256ms
[2020-08-08T13:35:35.805+0300][13.931s][info][gc] GC(514) Pause Young (Allocation Failure) 271M->136M(494M) 0.257ms
[2020-08-08T13:35:35.829+0300][13.955s][info][gc] GC(515) Pause Young (Allocation Failure) 271M->136M(494M) 0.240ms
[2020-08-08T13:35:35.853+0300][13.979s][info][gc] GC(516) Pause Young (Allocation Failure) 271M->136M(494M) 0.258ms
[2020-08-08T13:35:35.878+0300][14.003s][info][gc] GC(517) Pause Young (Allocation Failure) 271M->136M(494M) 0.269ms
[2020-08-08T13:35:35.901+0300][14.026s][info][gc] GC(518) Pause Young (Allocation Failure) 271M->136M(494M) 0.324ms
[2020-08-08T13:35:35.924+0300][14.050s][info][gc] GC(519) Pause Young (Allocation Failure) 271M->136M(494M) 0.294ms
[2020-08-08T13:35:35.948+0300][14.073s][info][gc] GC(520) Pause Young (Allocation Failure) 271M->136M(494M) 0.245ms
[2020-08-08T13:35:35.969+0300][14.095s][info][gc] GC(521) Pause Young (Allocation Failure) 271M->136M(494M) 0.245ms
[2020-08-08T13:35:35.990+0300][14.116s][info][gc] GC(522) Pause Young (Allocation Failure) 271M->136M(494M) 0.249ms
[2020-08-08T13:35:36.010+0300][14.136s][info][gc] GC(523) Pause Young (Allocation Failure) 271M->136M(494M) 0.251ms
[2020-08-08T13:35:36.031+0300][14.156s][info][gc] GC(524) Pause Young (Allocation Failure) 271M->136M(494M) 0.247ms
[2020-08-08T13:35:36.052+0300][14.177s][info][gc] GC(525) Pause Young (Allocation Failure) 271M->136M(494M) 0.247ms
[2020-08-08T13:35:36.074+0300][14.200s][info][gc] GC(526) Pause Young (Allocation Failure) 271M->136M(494M) 0.246ms
[2020-08-08T13:35:36.098+0300][14.224s][info][gc] GC(527) Pause Young (Allocation Failure) 271M->136M(494M) 0.300ms
[2020-08-08T13:35:36.122+0300][14.247s][info][gc] GC(528) Pause Young (Allocation Failure) 271M->136M(494M) 0.245ms
[2020-08-08T13:35:36.147+0300][14.273s][info][gc] GC(529) Pause Young (Allocation Failure) 271M->136M(494M) 0.277ms
[2020-08-08T13:35:36.170+0300][14.296s][info][gc] GC(530) Pause Young (Allocation Failure) 271M->136M(494M) 0.250ms
[2020-08-08T13:35:36.192+0300][14.318s][info][gc] GC(531) Pause Young (Allocation Failure) 271M->136M(494M) 0.230ms
[2020-08-08T13:35:36.212+0300][14.338s][info][gc] GC(532) Pause Young (Allocation Failure) 271M->136M(494M) 0.293ms
[2020-08-08T13:35:36.233+0300][14.359s][info][gc] GC(533) Pause Young (Allocation Failure) 271M->136M(494M) 0.235ms
[2020-08-08T13:35:36.254+0300][14.379s][info][gc] GC(534) Pause Young (Allocation Failure) 271M->136M(494M) 0.245ms
[2020-08-08T13:35:36.274+0300][14.400s][info][gc] GC(535) Pause Young (Allocation Failure) 271M->136M(494M) 0.278ms
[2020-08-08T13:35:36.298+0300][14.424s][info][gc] GC(536) Pause Young (Allocation Failure) 271M->136M(494M) 0.244ms
[2020-08-08T13:35:36.325+0300][14.450s][info][gc] GC(537) Pause Young (Allocation Failure) 271M->136M(494M) 0.238ms
[2020-08-08T13:35:36.350+0300][14.476s][info][gc] GC(538) Pause Young (Allocation Failure) 271M->136M(494M) 0.287ms
[2020-08-08T13:35:36.376+0300][14.502s][info][gc] GC(539) Pause Young (Allocation Failure) 271M->136M(494M) 0.241ms
[2020-08-08T13:35:36.400+0300][14.526s][info][gc] GC(540) Pause Young (Allocation Failure) 271M->136M(494M) 0.234ms
[2020-08-08T13:35:36.423+0300][14.548s][info][gc] GC(541) Pause Young (Allocation Failure) 271M->136M(494M) 0.254ms
[2020-08-08T13:35:36.443+0300][14.569s][info][gc] GC(542) Pause Young (Allocation Failure) 271M->136M(494M) 0.239ms
[2020-08-08T13:35:36.464+0300][14.589s][info][gc] GC(543) Pause Young (Allocation Failure) 271M->136M(494M) 0.239ms
[2020-08-08T13:35:36.486+0300][14.611s][info][gc] GC(544) Pause Young (Allocation Failure) 271M->136M(494M) 0.236ms
[2020-08-08T13:35:36.505+0300][14.631s][info][gc] GC(545) Pause Young (Allocation Failure) 271M->136M(494M) 0.236ms
[2020-08-08T13:35:36.528+0300][14.653s][info][gc] GC(546) Pause Young (Allocation Failure) 271M->136M(494M) 0.237ms
[2020-08-08T13:35:36.552+0300][14.678s][info][gc] GC(547) Pause Young (Allocation Failure) 271M->136M(494M) 0.233ms
[2020-08-08T13:35:36.577+0300][14.702s][info][gc] GC(548) Pause Young (Allocation Failure) 271M->136M(494M) 0.441ms
[2020-08-08T13:35:36.603+0300][14.728s][info][gc] GC(549) Pause Young (Allocation Failure) 271M->136M(494M) 0.238ms
[2020-08-08T13:35:36.629+0300][14.754s][info][gc] GC(550) Pause Young (Allocation Failure) 271M->136M(494M) 0.455ms
[2020-08-08T13:35:36.650+0300][14.775s][info][gc] GC(551) Pause Young (Allocation Failure) 271M->136M(494M) 0.242ms
[2020-08-08T13:35:36.670+0300][14.796s][info][gc] GC(552) Pause Young (Allocation Failure) 271M->136M(494M) 0.246ms
[2020-08-08T13:35:36.691+0300][14.816s][info][gc] GC(553) Pause Young (Allocation Failure) 271M->136M(494M) 0.244ms
[2020-08-08T13:35:36.713+0300][14.839s][info][gc] GC(554) Pause Young (Allocation Failure) 271M->136M(494M) 0.259ms
[2020-08-08T13:35:36.736+0300][14.861s][info][gc] GC(555) Pause Young (Allocation Failure) 271M->136M(494M) 0.277ms
[2020-08-08T13:35:36.759+0300][14.884s][info][gc] GC(556) Pause Young (Allocation Failure) 271M->136M(494M) 0.253ms
[2020-08-08T13:35:36.784+0300][14.910s][info][gc] GC(557) Pause Young (Allocation Failure) 271M->136M(494M) 0.298ms
[2020-08-08T13:35:36.808+0300][14.934s][info][gc] GC(558) Pause Young (Allocation Failure) 271M->136M(494M) 0.255ms
[2020-08-08T13:35:36.835+0300][14.961s][info][gc] GC(559) Pause Young (Allocation Failure) 271M->136M(494M) 0.255ms
[2020-08-08T13:35:36.857+0300][14.983s][info][gc] GC(560) Pause Young (Allocation Failure) 271M->136M(494M) 0.511ms
[2020-08-08T13:35:36.878+0300][15.003s][info][gc] GC(561) Pause Young (Allocation Failure) 271M->136M(494M) 0.249ms
[2020-08-08T13:35:36.899+0300][15.024s][info][gc] GC(562) Pause Young (Allocation Failure) 271M->136M(494M) 0.247ms
[2020-08-08T13:35:36.919+0300][15.045s][info][gc] GC(563) Pause Young (Allocation Failure) 271M->136M(494M) 0.255ms
[2020-08-08T13:35:36.941+0300][15.066s][info][gc] GC(564) Pause Young (Allocation Failure) 271M->136M(494M) 0.249ms
[2020-08-08T13:35:36.962+0300][15.088s][info][gc] GC(565) Pause Young (Allocation Failure) 271M->136M(494M) 0.263ms
[2020-08-08T13:35:36.988+0300][15.114s][info][gc] GC(566) Pause Young (Allocation Failure) 271M->136M(494M) 0.250ms
[2020-08-08T13:35:37.010+0300][15.136s][info][gc] GC(567) Pause Young (Allocation Failure) 271M->136M(494M) 0.249ms
[2020-08-08T13:35:37.035+0300][15.160s][info][gc] GC(568) Pause Young (Allocation Failure) 271M->136M(494M) 0.356ms
[2020-08-08T13:35:37.058+0300][15.183s][info][gc] GC(569) Pause Young (Allocation Failure) 271M->136M(494M) 0.250ms
[2020-08-08T13:35:37.078+0300][15.204s][info][gc] GC(570) Pause Young (Allocation Failure) 271M->136M(494M) 0.246ms
[2020-08-08T13:35:37.099+0300][15.225s][info][gc] GC(571) Pause Young (Allocation Failure) 271M->136M(494M) 0.248ms
[2020-08-08T13:35:37.120+0300][15.245s][info][gc] GC(572) Pause Young (Allocation Failure) 271M->136M(494M) 0.250ms
[2020-08-08T13:35:37.140+0300][15.266s][info][gc] GC(573) Pause Young (Allocation Failure) 271M->136M(494M) 0.253ms
[2020-08-08T13:35:37.161+0300][15.287s][info][gc] GC(574) Pause Young (Allocation Failure) 271M->136M(494M) 0.232ms
[2020-08-08T13:35:37.189+0300][15.315s][info][gc] GC(575) Pause Young (Allocation Failure) 271M->136M(494M) 0.365ms
[2020-08-08T13:35:37.220+0300][15.346s][info][gc] GC(576) Pause Young (Allocation Failure) 271M->136M(494M) 0.340ms
[2020-08-08T13:35:37.249+0300][15.374s][info][gc] GC(577) Pause Young (Allocation Failure) 271M->136M(494M) 0.334ms
[2020-08-08T13:35:37.274+0300][15.400s][info][gc] GC(578) Pause Young (Allocation Failure) 271M->136M(494M) 0.233ms
[2020-08-08T13:35:37.295+0300][15.421s][info][gc] GC(579) Pause Young (Allocation Failure) 271M->136M(494M) 0.235ms
[2020-08-08T13:35:37.317+0300][15.443s][info][gc] GC(580) Pause Young (Allocation Failure) 271M->136M(494M) 0.275ms
[2020-08-08T13:35:37.337+0300][15.463s][info][gc] GC(581) Pause Young (Allocation Failure) 271M->136M(494M) 0.254ms
[2020-08-08T13:35:37.360+0300][15.485s][info][gc] GC(582) Pause Young (Allocation Failure) 271M->136M(494M) 0.275ms
[2020-08-08T13:35:37.380+0300][15.506s][info][gc] GC(583) Pause Young (Allocation Failure) 271M->136M(494M) 0.234ms
[2020-08-08T13:35:37.402+0300][15.528s][info][gc] GC(584) Pause Young (Allocation Failure) 271M->136M(494M) 0.246ms
[2020-08-08T13:35:37.426+0300][15.551s][info][gc] GC(585) Pause Young (Allocation Failure) 271M->136M(494M) 0.237ms
[2020-08-08T13:35:37.451+0300][15.577s][info][gc] GC(586) Pause Young (Allocation Failure) 271M->136M(494M) 0.545ms
[2020-08-08T13:35:37.476+0300][15.602s][info][gc] GC(587) Pause Young (Allocation Failure) 271M->136M(494M) 0.237ms
[2020-08-08T13:35:37.504+0300][15.630s][info][gc] GC(588) Pause Young (Allocation Failure) 271M->136M(494M) 0.235ms
[2020-08-08T13:35:37.526+0300][15.652s][info][gc] GC(589) Pause Young (Allocation Failure) 271M->136M(494M) 0.233ms
[2020-08-08T13:35:37.548+0300][15.673s][info][gc] GC(590) Pause Young (Allocation Failure) 271M->136M(494M) 0.251ms
[2020-08-08T13:35:37.571+0300][15.696s][info][gc] GC(591) Pause Young (Allocation Failure) 271M->136M(494M) 0.249ms
[2020-08-08T13:35:37.593+0300][15.719s][info][gc] GC(592) Pause Young (Allocation Failure) 271M->136M(494M) 0.287ms
[2020-08-08T13:35:37.617+0300][15.742s][info][gc] GC(593) Pause Young (Allocation Failure) 271M->136M(494M) 0.287ms
[2020-08-08T13:35:37.648+0300][15.774s][info][gc] GC(594) Pause Young (Allocation Failure) 271M->136M(494M) 0.235ms
[2020-08-08T13:35:37.676+0300][15.802s][info][gc] GC(595) Pause Young (Allocation Failure) 271M->136M(494M) 0.304ms
[2020-08-08T13:35:37.703+0300][15.829s][info][gc] GC(596) Pause Young (Allocation Failure) 271M->136M(494M) 0.264ms
[2020-08-08T13:35:37.732+0300][15.857s][info][gc] GC(597) Pause Young (Allocation Failure) 271M->136M(494M) 0.244ms
[2020-08-08T13:35:37.755+0300][15.881s][info][gc] GC(598) Pause Young (Allocation Failure) 271M->136M(494M) 0.233ms
[2020-08-08T13:35:37.779+0300][15.905s][info][gc] GC(599) Pause Young (Allocation Failure) 271M->136M(494M) 0.238ms
[2020-08-08T13:35:37.802+0300][15.928s][info][gc] GC(600) Pause Young (Allocation Failure) 271M->136M(494M) 0.240ms
[2020-08-08T13:35:37.829+0300][15.955s][info][gc] GC(601) Pause Young (Allocation Failure) 271M->136M(494M) 0.265ms
[2020-08-08T13:35:37.857+0300][15.982s][info][gc] GC(602) Pause Young (Allocation Failure) 271M->136M(494M) 0.290ms
[2020-08-08T13:35:37.880+0300][16.006s][info][gc] GC(603) Pause Young (Allocation Failure) 271M->136M(494M) 0.249ms
[2020-08-08T13:35:37.904+0300][16.030s][info][gc] GC(604) Pause Young (Allocation Failure) 271M->136M(494M) 0.245ms
[2020-08-08T13:35:37.927+0300][16.053s][info][gc] GC(605) Pause Young (Allocation Failure) 271M->136M(494M) 0.246ms
[2020-08-08T13:35:37.950+0300][16.076s][info][gc] GC(606) Pause Young (Allocation Failure) 271M->136M(494M) 0.242ms
[2020-08-08T13:35:37.972+0300][16.098s][info][gc] GC(607) Pause Young (Allocation Failure) 271M->136M(494M) 0.244ms
[2020-08-08T13:35:37.995+0300][16.120s][info][gc] GC(608) Pause Young (Allocation Failure) 271M->136M(494M) 0.248ms
[2020-08-08T13:35:38.018+0300][16.144s][info][gc] GC(609) Pause Young (Allocation Failure) 271M->136M(494M) 0.253ms
[2020-08-08T13:35:38.042+0300][16.167s][info][gc] GC(610) Pause Young (Allocation Failure) 271M->136M(494M) 0.276ms
[2020-08-08T13:35:38.068+0300][16.193s][info][gc] GC(611) Pause Young (Allocation Failure) 271M->136M(494M) 0.355ms
[2020-08-08T13:35:38.096+0300][16.221s][info][gc] GC(612) Pause Young (Allocation Failure) 271M->136M(494M) 0.296ms
[2020-08-08T13:35:38.122+0300][16.248s][info][gc] GC(613) Pause Young (Allocation Failure) 271M->136M(494M) 0.412ms
[2020-08-08T13:35:38.146+0300][16.271s][info][gc] GC(614) Pause Young (Allocation Failure) 271M->136M(494M) 0.278ms
[2020-08-08T13:35:38.171+0300][16.297s][info][gc] GC(615) Pause Young (Allocation Failure) 271M->136M(494M) 0.244ms
[2020-08-08T13:35:38.193+0300][16.319s][info][gc] GC(616) Pause Young (Allocation Failure) 271M->136M(494M) 0.251ms
[2020-08-08T13:35:38.214+0300][16.339s][info][gc] GC(617) Pause Young (Allocation Failure) 271M->136M(494M) 0.267ms
[2020-08-08T13:35:38.236+0300][16.362s][info][gc] GC(618) Pause Young (Allocation Failure) 271M->136M(494M) 0.236ms
[2020-08-08T13:35:38.256+0300][16.381s][info][gc] GC(619) Pause Young (Allocation Failure) 271M->136M(494M) 0.247ms
[2020-08-08T13:35:38.277+0300][16.403s][info][gc] GC(620) Pause Young (Allocation Failure) 271M->136M(494M) 0.242ms
[2020-08-08T13:35:38.298+0300][16.424s][info][gc] GC(621) Pause Young (Allocation Failure) 271M->136M(494M) 0.237ms
[2020-08-08T13:35:38.323+0300][16.449s][info][gc] GC(622) Pause Young (Allocation Failure) 271M->136M(494M) 0.375ms
[2020-08-08T13:35:38.346+0300][16.471s][info][gc] GC(623) Pause Young (Allocation Failure) 271M->136M(494M) 0.274ms
[2020-08-08T13:35:38.370+0300][16.496s][info][gc] GC(624) Pause Young (Allocation Failure) 271M->136M(494M) 0.294ms
[2020-08-08T13:35:38.394+0300][16.519s][info][gc] GC(625) Pause Young (Allocation Failure) 271M->136M(494M) 0.243ms
[2020-08-08T13:35:38.417+0300][16.543s][info][gc] GC(626) Pause Young (Allocation Failure) 271M->136M(494M) 0.318ms
[2020-08-08T13:35:38.440+0300][16.566s][info][gc] GC(627) Pause Young (Allocation Failure) 271M->136M(494M) 0.235ms
[2020-08-08T13:35:38.460+0300][16.585s][info][gc] GC(628) Pause Young (Allocation Failure) 271M->136M(494M) 0.313ms
[2020-08-08T13:35:38.481+0300][16.607s][info][gc] GC(629) Pause Young (Allocation Failure) 271M->136M(494M) 0.238ms
[2020-08-08T13:35:38.502+0300][16.627s][info][gc] GC(630) Pause Young (Allocation Failure) 271M->136M(494M) 0.233ms
[2020-08-08T13:35:38.522+0300][16.647s][info][gc] GC(631) Pause Young (Allocation Failure) 271M->136M(494M) 0.238ms
[2020-08-08T13:35:38.543+0300][16.669s][info][gc] GC(632) Pause Young (Allocation Failure) 271M->136M(494M) 0.293ms
[2020-08-08T13:35:38.569+0300][16.695s][info][gc] GC(633) Pause Young (Allocation Failure) 271M->136M(494M) 0.314ms
[2020-08-08T13:35:38.594+0300][16.720s][info][gc] GC(634) Pause Young (Allocation Failure) 271M->136M(494M) 0.241ms
[2020-08-08T13:35:38.619+0300][16.745s][info][gc] GC(635) Pause Young (Allocation Failure) 271M->136M(494M) 0.574ms
[2020-08-08T13:35:38.646+0300][16.771s][info][gc] GC(636) Pause Young (Allocation Failure) 271M->136M(494M) 0.239ms
[2020-08-08T13:35:38.666+0300][16.792s][info][gc] GC(637) Pause Young (Allocation Failure) 271M->136M(494M) 0.286ms
[2020-08-08T13:35:38.688+0300][16.814s][info][gc] GC(638) Pause Young (Allocation Failure) 271M->136M(494M) 0.246ms
[2020-08-08T13:35:38.709+0300][16.835s][info][gc] GC(639) Pause Young (Allocation Failure) 271M->136M(494M) 0.230ms
[2020-08-08T13:35:38.734+0300][16.859s][info][gc] GC(640) Pause Young (Allocation Failure) 271M->136M(494M) 0.296ms
[2020-08-08T13:35:38.755+0300][16.881s][info][gc] GC(641) Pause Young (Allocation Failure) 271M->136M(494M) 0.249ms
[2020-08-08T13:35:38.781+0300][16.906s][info][gc] GC(642) Pause Young (Allocation Failure) 271M->136M(494M) 0.279ms
[2020-08-08T13:35:38.804+0300][16.930s][info][gc] GC(643) Pause Young (Allocation Failure) 271M->136M(494M) 0.283ms
[2020-08-08T13:35:38.830+0300][16.956s][info][gc] GC(644) Pause Young (Allocation Failure) 271M->136M(494M) 0.269ms
[2020-08-08T13:35:38.860+0300][16.986s][info][gc] GC(645) Pause Young (Allocation Failure) 271M->136M(494M) 0.302ms
[2020-08-08T13:35:38.885+0300][17.011s][info][gc] GC(646) Pause Young (Allocation Failure) 271M->136M(494M) 0.297ms
[2020-08-08T13:35:38.907+0300][17.033s][info][gc] GC(647) Pause Young (Allocation Failure) 271M->136M(494M) 0.263ms
[2020-08-08T13:35:38.927+0300][17.053s][info][gc] GC(648) Pause Young (Allocation Failure) 271M->136M(494M) 0.266ms
[2020-08-08T13:35:38.948+0300][17.074s][info][gc] GC(649) Pause Young (Allocation Failure) 271M->136M(494M) 0.264ms
[2020-08-08T13:35:38.969+0300][17.095s][info][gc] GC(650) Pause Young (Allocation Failure) 271M->136M(494M) 0.274ms
[2020-08-08T13:35:38.991+0300][17.116s][info][gc] GC(651) Pause Young (Allocation Failure) 271M->136M(494M) 0.372ms
[2020-08-08T13:35:39.014+0300][17.140s][info][gc] GC(652) Pause Young (Allocation Failure) 271M->136M(494M) 0.271ms
[2020-08-08T13:35:39.037+0300][17.163s][info][gc] GC(653) Pause Young (Allocation Failure) 271M->136M(494M) 0.262ms
[2020-08-08T13:35:39.062+0300][17.188s][info][gc] GC(654) Pause Young (Allocation Failure) 271M->136M(494M) 0.270ms
[2020-08-08T13:35:39.085+0300][17.211s][info][gc] GC(655) Pause Young (Allocation Failure) 271M->136M(494M) 0.626ms
[2020-08-08T13:35:39.108+0300][17.233s][info][gc] GC(656) Pause Young (Allocation Failure) 271M->136M(494M) 0.264ms
[2020-08-08T13:35:39.129+0300][17.255s][info][gc] GC(657) Pause Young (Allocation Failure) 271M->136M(494M) 0.255ms
[2020-08-08T13:35:39.150+0300][17.275s][info][gc] GC(658) Pause Young (Allocation Failure) 271M->136M(494M) 0.253ms
[2020-08-08T13:35:39.170+0300][17.296s][info][gc] GC(659) Pause Young (Allocation Failure) 271M->136M(494M) 0.252ms
[2020-08-08T13:35:39.191+0300][17.317s][info][gc] GC(660) Pause Young (Allocation Failure) 271M->136M(494M) 0.234ms
[2020-08-08T13:35:39.215+0300][17.341s][info][gc] GC(661) Pause Young (Allocation Failure) 271M->136M(494M) 0.232ms
[2020-08-08T13:35:39.240+0300][17.365s][info][gc] GC(662) Pause Young (Allocation Failure) 271M->136M(494M) 0.450ms
[2020-08-08T13:35:39.266+0300][17.391s][info][gc] GC(663) Pause Young (Allocation Failure) 271M->136M(494M) 0.276ms
[2020-08-08T13:35:39.293+0300][17.419s][info][gc] GC(664) Pause Young (Allocation Failure) 271M->136M(494M) 0.284ms
[2020-08-08T13:35:39.317+0300][17.442s][info][gc] GC(665) Pause Young (Allocation Failure) 271M->136M(494M) 0.232ms
[2020-08-08T13:35:39.338+0300][17.464s][info][gc] GC(666) Pause Young (Allocation Failure) 271M->136M(494M) 0.232ms
[2020-08-08T13:35:39.360+0300][17.486s][info][gc] GC(667) Pause Young (Allocation Failure) 271M->136M(494M) 0.256ms
[2020-08-08T13:35:39.382+0300][17.507s][info][gc] GC(668) Pause Young (Allocation Failure) 271M->136M(494M) 0.269ms
[2020-08-08T13:35:39.405+0300][17.531s][info][gc] GC(669) Pause Young (Allocation Failure) 271M->136M(494M) 0.237ms
[2020-08-08T13:35:39.428+0300][17.554s][info][gc] GC(670) Pause Young (Allocation Failure) 271M->136M(494M) 0.263ms
[2020-08-08T13:35:39.455+0300][17.580s][info][gc] GC(671) Pause Young (Allocation Failure) 271M->136M(494M) 0.235ms
[2020-08-08T13:35:39.480+0300][17.606s][info][gc] GC(672) Pause Young (Allocation Failure) 271M->136M(494M) 0.300ms
[2020-08-08T13:35:39.504+0300][17.629s][info][gc] GC(673) Pause Young (Allocation Failure) 271M->136M(494M) 0.237ms
[2020-08-08T13:35:39.529+0300][17.654s][info][gc] GC(674) Pause Young (Allocation Failure) 271M->136M(494M) 0.239ms
[2020-08-08T13:35:39.550+0300][17.675s][info][gc] GC(675) Pause Young (Allocation Failure) 271M->136M(494M) 0.231ms
[2020-08-08T13:35:39.573+0300][17.699s][info][gc] GC(676) Pause Young (Allocation Failure) 271M->136M(494M) 0.239ms
[2020-08-08T13:35:39.595+0300][17.721s][info][gc] GC(677) Pause Young (Allocation Failure) 271M->136M(494M) 0.240ms
[2020-08-08T13:35:39.618+0300][17.743s][info][gc] GC(678) Pause Young (Allocation Failure) 271M->136M(494M) 0.272ms
[2020-08-08T13:35:39.644+0300][17.770s][info][gc] GC(679) Pause Young (Allocation Failure) 271M->136M(494M) 0.228ms
[2020-08-08T13:35:39.668+0300][17.794s][info][gc] GC(680) Pause Young (Allocation Failure) 271M->136M(494M) 0.331ms
[2020-08-08T13:35:39.694+0300][17.820s][info][gc] GC(681) Pause Young (Allocation Failure) 271M->136M(494M) 0.235ms
[2020-08-08T13:35:39.719+0300][17.844s][info][gc] GC(682) Pause Young (Allocation Failure) 271M->136M(494M) 0.245ms
[2020-08-08T13:35:39.744+0300][17.870s][info][gc] GC(683) Pause Young (Allocation Failure) 271M->136M(494M) 0.327ms
[2020-08-08T13:35:39.768+0300][17.893s][info][gc] GC(684) Pause Young (Allocation Failure) 271M->136M(494M) 0.300ms
[2020-08-08T13:35:39.793+0300][17.918s][info][gc] GC(685) Pause Young (Allocation Failure) 271M->136M(494M) 0.259ms
[2020-08-08T13:35:39.815+0300][17.941s][info][gc] GC(686) Pause Young (Allocation Failure) 271M->136M(494M) 0.262ms
[2020-08-08T13:35:39.844+0300][17.969s][info][gc] GC(687) Pause Young (Allocation Failure) 271M->136M(494M) 0.369ms
[2020-08-08T13:35:39.871+0300][17.997s][info][gc] GC(688) Pause Young (Allocation Failure) 271M->136M(494M) 0.263ms
[2020-08-08T13:35:39.895+0300][18.020s][info][gc] GC(689) Pause Young (Allocation Failure) 271M->136M(494M) 0.300ms
[2020-08-08T13:35:39.920+0300][18.045s][info][gc] GC(690) Pause Young (Allocation Failure) 271M->136M(494M) 0.261ms
[2020-08-08T13:35:39.944+0300][18.070s][info][gc] GC(691) Pause Young (Allocation Failure) 271M->136M(494M) 0.446ms
[2020-08-08T13:35:39.966+0300][18.091s][info][gc] GC(692) Pause Young (Allocation Failure) 271M->136M(494M) 0.307ms
[2020-08-08T13:35:39.988+0300][18.113s][info][gc] GC(693) Pause Young (Allocation Failure) 271M->136M(494M) 0.274ms
[2020-08-08T13:35:40.008+0300][18.134s][info][gc] GC(694) Pause Young (Allocation Failure) 271M->136M(494M) 0.250ms
[2020-08-08T13:35:40.029+0300][18.155s][info][gc] GC(695) Pause Young (Allocation Failure) 271M->136M(494M) 0.255ms
[2020-08-08T13:35:40.051+0300][18.176s][info][gc] GC(696) Pause Young (Allocation Failure) 271M->136M(494M) 0.332ms
[2020-08-08T13:35:40.073+0300][18.198s][info][gc] GC(697) Pause Young (Allocation Failure) 271M->136M(494M) 0.265ms
[2020-08-08T13:35:40.096+0300][18.222s][info][gc] GC(698) Pause Young (Allocation Failure) 271M->136M(494M) 0.249ms
[2020-08-08T13:35:40.123+0300][18.248s][info][gc] GC(699) Pause Young (Allocation Failure) 271M->136M(494M) 0.263ms
[2020-08-08T13:35:40.147+0300][18.273s][info][gc] GC(700) Pause Young (Allocation Failure) 271M->136M(494M) 0.251ms
[2020-08-08T13:35:40.173+0300][18.298s][info][gc] GC(701) Pause Young (Allocation Failure) 271M->136M(494M) 0.254ms
[2020-08-08T13:35:40.198+0300][18.323s][info][gc] GC(702) Pause Young (Allocation Failure) 271M->136M(494M) 0.259ms
[2020-08-08T13:35:40.220+0300][18.345s][info][gc] GC(703) Pause Young (Allocation Failure) 271M->136M(494M) 0.249ms
[2020-08-08T13:35:40.243+0300][18.369s][info][gc] GC(704) Pause Young (Allocation Failure) 271M->136M(494M) 0.237ms
[2020-08-08T13:35:40.264+0300][18.390s][info][gc] GC(705) Pause Young (Allocation Failure) 271M->136M(494M) 0.246ms
[2020-08-08T13:35:40.288+0300][18.413s][info][gc] GC(706) Pause Young (Allocation Failure) 271M->136M(494M) 0.266ms
[2020-08-08T13:35:40.312+0300][18.437s][info][gc] GC(707) Pause Young (Allocation Failure) 271M->136M(494M) 0.251ms
[2020-08-08T13:35:40.336+0300][18.462s][info][gc] GC(708) Pause Young (Allocation Failure) 271M->136M(494M) 0.246ms
[2020-08-08T13:35:40.364+0300][18.489s][info][gc] GC(709) Pause Young (Allocation Failure) 271M->136M(494M) 0.259ms
[2020-08-08T13:35:40.388+0300][18.513s][info][gc] GC(710) Pause Young (Allocation Failure) 271M->136M(494M) 0.274ms
[2020-08-08T13:35:40.412+0300][18.537s][info][gc] GC(711) Pause Young (Allocation Failure) 271M->136M(494M) 0.245ms
[2020-08-08T13:35:40.433+0300][18.559s][info][gc] GC(712) Pause Young (Allocation Failure) 271M->136M(494M) 0.237ms
[2020-08-08T13:35:40.454+0300][18.580s][info][gc] GC(713) Pause Young (Allocation Failure) 271M->136M(494M) 0.238ms
[2020-08-08T13:35:40.475+0300][18.601s][info][gc] GC(714) Pause Young (Allocation Failure) 271M->136M(494M) 0.233ms
[2020-08-08T13:35:40.496+0300][18.621s][info][gc] GC(715) Pause Young (Allocation Failure) 271M->136M(494M) 0.234ms
[2020-08-08T13:35:40.517+0300][18.642s][info][gc] GC(716) Pause Young (Allocation Failure) 271M->136M(494M) 0.231ms
[2020-08-08T13:35:40.540+0300][18.666s][info][gc] GC(717) Pause Young (Allocation Failure) 271M->136M(494M) 0.237ms
[2020-08-08T13:35:40.565+0300][18.691s][info][gc] GC(718) Pause Young (Allocation Failure) 271M->136M(494M) 0.255ms
[2020-08-08T13:35:40.591+0300][18.717s][info][gc] GC(719) Pause Young (Allocation Failure) 271M->136M(494M) 0.245ms
[2020-08-08T13:35:40.617+0300][18.742s][info][gc] GC(720) Pause Young (Allocation Failure) 271M->136M(494M) 0.296ms
[2020-08-08T13:35:40.642+0300][18.767s][info][gc] GC(721) Pause Young (Allocation Failure) 271M->136M(494M) 0.238ms
[2020-08-08T13:35:40.662+0300][18.788s][info][gc] GC(722) Pause Young (Allocation Failure) 271M->136M(494M) 0.240ms
[2020-08-08T13:35:40.684+0300][18.809s][info][gc] GC(723) Pause Young (Allocation Failure) 271M->136M(494M) 0.368ms
[2020-08-08T13:35:40.705+0300][18.831s][info][gc] GC(724) Pause Young (Allocation Failure) 271M->136M(494M) 0.236ms
[2020-08-08T13:35:40.726+0300][18.851s][info][gc] GC(725) Pause Young (Allocation Failure) 271M->136M(494M) 0.244ms
[2020-08-08T13:35:40.747+0300][18.873s][info][gc] GC(726) Pause Young (Allocation Failure) 271M->136M(494M) 0.253ms
[2020-08-08T13:35:40.774+0300][18.900s][info][gc] GC(727) Pause Young (Allocation Failure) 271M->136M(494M) 0.240ms
[2020-08-08T13:35:40.798+0300][18.923s][info][gc] GC(728) Pause Young (Allocation Failure) 271M->136M(494M) 0.246ms
[2020-08-08T13:35:40.824+0300][18.949s][info][gc] GC(729) Pause Young (Allocation Failure) 271M->136M(494M) 0.241ms
[2020-08-08T13:35:40.847+0300][18.972s][info][gc] GC(730) Pause Young (Allocation Failure) 271M->136M(494M) 0.299ms
[2020-08-08T13:35:40.875+0300][19.000s][info][gc] GC(731) Pause Young (Allocation Failure) 271M->136M(494M) 0.272ms
[2020-08-08T13:35:40.898+0300][19.023s][info][gc] GC(732) Pause Young (Allocation Failure) 271M->136M(494M) 0.257ms
[2020-08-08T13:35:40.918+0300][19.044s][info][gc] GC(733) Pause Young (Allocation Failure) 271M->136M(494M) 0.254ms
[2020-08-08T13:35:40.940+0300][19.065s][info][gc] GC(734) Pause Young (Allocation Failure) 271M->136M(494M) 0.260ms
[2020-08-08T13:35:40.959+0300][19.085s][info][gc] GC(735) Pause Young (Allocation Failure) 271M->136M(494M) 0.266ms
[2020-08-08T13:35:40.980+0300][19.106s][info][gc] GC(736) Pause Young (Allocation Failure) 271M->136M(494M) 0.258ms
[2020-08-08T13:35:41.004+0300][19.130s][info][gc] GC(737) Pause Young (Allocation Failure) 271M->136M(494M) 0.446ms
[2020-08-08T13:35:41.028+0300][19.154s][info][gc] GC(738) Pause Young (Allocation Failure) 271M->136M(494M) 0.261ms
[2020-08-08T13:35:41.052+0300][19.177s][info][gc] GC(739) Pause Young (Allocation Failure) 271M->136M(494M) 0.778ms
[2020-08-08T13:35:41.076+0300][19.201s][info][gc] GC(740) Pause Young (Allocation Failure) 271M->136M(494M) 0.315ms
[2020-08-08T13:35:41.099+0300][19.224s][info][gc] GC(741) Pause Young (Allocation Failure) 271M->136M(494M) 0.264ms
[2020-08-08T13:35:41.120+0300][19.245s][info][gc] GC(742) Pause Young (Allocation Failure) 271M->136M(494M) 0.258ms
[2020-08-08T13:35:41.140+0300][19.265s][info][gc] GC(743) Pause Young (Allocation Failure) 271M->136M(494M) 0.262ms
[2020-08-08T13:35:41.160+0300][19.286s][info][gc] GC(744) Pause Young (Allocation Failure) 271M->136M(494M) 0.261ms
[2020-08-08T13:35:41.181+0300][19.306s][info][gc] GC(745) Pause Young (Allocation Failure) 271M->136M(494M) 0.260ms
[2020-08-08T13:35:41.202+0300][19.327s][info][gc] GC(746) Pause Young (Allocation Failure) 271M->136M(494M) 0.260ms
[2020-08-08T13:35:41.226+0300][19.351s][info][gc] GC(747) Pause Young (Allocation Failure) 271M->136M(494M) 0.412ms
[2020-08-08T13:35:41.249+0300][19.375s][info][gc] GC(748) Pause Young (Allocation Failure) 271M->136M(494M) 0.242ms
[2020-08-08T13:35:41.274+0300][19.400s][info][gc] GC(749) Pause Young (Allocation Failure) 271M->136M(494M) 0.325ms
[2020-08-08T13:35:41.297+0300][19.422s][info][gc] GC(750) Pause Young (Allocation Failure) 271M->136M(494M) 0.239ms
[2020-08-08T13:35:41.322+0300][19.448s][info][gc] GC(751) Pause Young (Allocation Failure) 271M->136M(494M) 0.240ms
[2020-08-08T13:35:41.342+0300][19.468s][info][gc] GC(752) Pause Young (Allocation Failure) 271M->136M(494M) 0.251ms
[2020-08-08T13:35:41.364+0300][19.490s][info][gc] GC(753) Pause Young (Allocation Failure) 271M->136M(494M) 0.233ms
[2020-08-08T13:35:41.384+0300][19.509s][info][gc] GC(754) Pause Young (Allocation Failure) 271M->136M(494M) 0.343ms
[2020-08-08T13:35:41.406+0300][19.531s][info][gc] GC(755) Pause Young (Allocation Failure) 271M->136M(494M) 0.258ms
[2020-08-08T13:35:41.427+0300][19.553s][info][gc] GC(756) Pause Young (Allocation Failure) 271M->136M(494M) 0.236ms
[2020-08-08T13:35:41.450+0300][19.575s][info][gc] GC(757) Pause Young (Allocation Failure) 271M->136M(494M) 0.239ms
[2020-08-08T13:35:41.475+0300][19.600s][info][gc] GC(758) Pause Young (Allocation Failure) 271M->136M(494M) 0.244ms
[2020-08-08T13:35:41.498+0300][19.624s][info][gc] GC(759) Pause Young (Allocation Failure) 271M->136M(494M) 0.239ms
[2020-08-08T13:35:41.523+0300][19.649s][info][gc] GC(760) Pause Young (Allocation Failure) 271M->136M(494M) 0.244ms
[2020-08-08T13:35:41.545+0300][19.671s][info][gc] GC(761) Pause Young (Allocation Failure) 271M->136M(494M) 0.241ms
[2020-08-08T13:35:41.569+0300][19.695s][info][gc] GC(762) Pause Young (Allocation Failure) 271M->136M(494M) 0.329ms
[2020-08-08T13:35:41.590+0300][19.716s][info][gc] GC(763) Pause Young (Allocation Failure) 271M->136M(494M) 0.237ms
[2020-08-08T13:35:41.612+0300][19.737s][info][gc] GC(764) Pause Young (Allocation Failure) 271M->136M(494M) 0.241ms
[2020-08-08T13:35:41.635+0300][19.760s][info][gc] GC(765) Pause Young (Allocation Failure) 271M->136M(494M) 0.251ms
[2020-08-08T13:35:41.655+0300][19.781s][info][gc] GC(766) Pause Young (Allocation Failure) 271M->136M(494M) 0.241ms
[2020-08-08T13:35:41.680+0300][19.806s][info][gc] GC(767) Pause Young (Allocation Failure) 271M->136M(494M) 0.248ms
[2020-08-08T13:35:41.704+0300][19.829s][info][gc] GC(768) Pause Young (Allocation Failure) 271M->136M(494M) 0.372ms
[2020-08-08T13:35:41.728+0300][19.853s][info][gc] GC(769) Pause Young (Allocation Failure) 271M->136M(494M) 0.244ms
[2020-08-08T13:35:41.751+0300][19.876s][info][gc] GC(770) Pause Young (Allocation Failure) 271M->136M(494M) 0.403ms
[2020-08-08T13:35:41.777+0300][19.902s][info][gc] GC(771) Pause Young (Allocation Failure) 271M->136M(494M) 0.318ms
[2020-08-08T13:35:41.798+0300][19.924s][info][gc] GC(772) Pause Young (Allocation Failure) 271M->136M(494M) 0.241ms
[2020-08-08T13:35:41.819+0300][19.945s][info][gc] GC(773) Pause Young (Allocation Failure) 271M->136M(494M) 0.242ms
[2020-08-08T13:35:41.838+0300][19.964s][info][gc] GC(774) Pause Young (Allocation Failure) 271M->136M(494M) 0.248ms
[2020-08-08T13:35:41.859+0300][19.985s][info][gc] GC(775) Pause Young (Allocation Failure) 271M->136M(494M) 0.248ms
[2020-08-08T13:35:41.883+0300][20.009s][info][gc] GC(776) Pause Young (Allocation Failure) 271M->136M(494M) 0.256ms
[2020-08-08T13:35:41.911+0300][20.036s][info][gc] GC(777) Pause Young (Allocation Failure) 271M->136M(494M) 0.318ms
[2020-08-08T13:35:41.937+0300][20.063s][info][gc] GC(778) Pause Young (Allocation Failure) 271M->136M(494M) 0.247ms
[2020-08-08T13:35:41.963+0300][20.089s][info][gc] GC(779) Pause Young (Allocation Failure) 271M->136M(494M) 0.253ms
[2020-08-08T13:35:41.992+0300][20.117s][info][gc] GC(780) Pause Young (Allocation Failure) 271M->136M(494M) 0.297ms
[2020-08-08T13:35:42.012+0300][20.137s][info][gc] GC(781) Pause Young (Allocation Failure) 271M->136M(494M) 0.250ms
[2020-08-08T13:35:42.033+0300][20.158s][info][gc] GC(782) Pause Young (Allocation Failure) 271M->136M(494M) 0.253ms
[2020-08-08T13:35:42.054+0300][20.179s][info][gc] GC(783) Pause Young (Allocation Failure) 271M->136M(494M) 0.253ms
[2020-08-08T13:35:42.074+0300][20.200s][info][gc] GC(784) Pause Young (Allocation Failure) 271M->136M(494M) 0.253ms
[2020-08-08T13:35:42.094+0300][20.220s][info][gc] GC(785) Pause Young (Allocation Failure) 271M->136M(494M) 0.254ms
[2020-08-08T13:35:42.115+0300][20.241s][info][gc] GC(786) Pause Young (Allocation Failure) 271M->136M(494M) 0.249ms
[2020-08-08T13:35:42.138+0300][20.263s][info][gc] GC(787) Pause Young (Allocation Failure) 271M->136M(494M) 0.266ms
[2020-08-08T13:35:42.162+0300][20.288s][info][gc] GC(788) Pause Young (Allocation Failure) 271M->136M(494M) 0.247ms
[2020-08-08T13:35:42.187+0300][20.312s][info][gc] GC(789) Pause Young (Allocation Failure) 271M->136M(494M) 0.352ms
[2020-08-08T13:35:42.211+0300][20.337s][info][gc] GC(790) Pause Young (Allocation Failure) 271M->136M(494M) 0.246ms
[2020-08-08T13:35:42.236+0300][20.362s][info][gc] GC(791) Pause Young (Allocation Failure) 271M->136M(494M) 0.265ms
[2020-08-08T13:35:42.256+0300][20.381s][info][gc] GC(792) Pause Young (Allocation Failure) 271M->136M(494M) 0.240ms
[2020-08-08T13:35:42.277+0300][20.402s][info][gc] GC(793) Pause Young (Allocation Failure) 271M->136M(494M) 0.254ms
[2020-08-08T13:35:42.297+0300][20.423s][info][gc] GC(794) Pause Young (Allocation Failure) 271M->136M(494M) 0.249ms
[2020-08-08T13:35:42.318+0300][20.444s][info][gc] GC(795) Pause Young (Allocation Failure) 271M->136M(494M) 0.234ms
[2020-08-08T13:35:42.339+0300][20.464s][info][gc] GC(796) Pause Young (Allocation Failure) 271M->136M(494M) 0.254ms
[2020-08-08T13:35:42.365+0300][20.491s][info][gc] GC(797) Pause Young (Allocation Failure) 271M->136M(494M) 0.226ms
[2020-08-08T13:35:42.388+0300][20.514s][info][gc] GC(798) Pause Young (Allocation Failure) 271M->136M(494M) 0.310ms
[2020-08-08T13:35:42.414+0300][20.540s][info][gc] GC(799) Pause Young (Allocation Failure) 271M->136M(494M) 0.238ms
[2020-08-08T13:35:42.441+0300][20.566s][info][gc] GC(800) Pause Young (Allocation Failure) 271M->136M(494M) 0.254ms
[2020-08-08T13:35:42.461+0300][20.586s][info][gc] GC(801) Pause Young (Allocation Failure) 271M->136M(494M) 0.264ms
[2020-08-08T13:35:42.482+0300][20.608s][info][gc] GC(802) Pause Young (Allocation Failure) 271M->136M(494M) 0.243ms
[2020-08-08T13:35:42.503+0300][20.628s][info][gc] GC(803) Pause Young (Allocation Failure) 271M->136M(494M) 0.245ms
[2020-08-08T13:35:42.523+0300][20.649s][info][gc] GC(804) Pause Young (Allocation Failure) 271M->136M(494M) 0.240ms
[2020-08-08T13:35:42.543+0300][20.669s][info][gc] GC(805) Pause Young (Allocation Failure) 271M->136M(494M) 0.251ms
[2020-08-08T13:35:42.566+0300][20.692s][info][gc] GC(806) Pause Young (Allocation Failure) 271M->136M(494M) 0.237ms
[2020-08-08T13:35:42.591+0300][20.717s][info][gc] GC(807) Pause Young (Allocation Failure) 271M->136M(494M) 0.388ms
[2020-08-08T13:35:42.616+0300][20.742s][info][gc] GC(808) Pause Young (Allocation Failure) 271M->136M(494M) 0.244ms
[2020-08-08T13:35:42.645+0300][20.771s][info][gc] GC(809) Pause Young (Allocation Failure) 271M->136M(494M) 0.279ms
[2020-08-08T13:35:42.669+0300][20.794s][info][gc] GC(810) Pause Young (Allocation Failure) 271M->136M(494M) 0.653ms
[2020-08-08T13:35:42.693+0300][20.818s][info][gc] GC(811) Pause Young (Allocation Failure) 271M->136M(494M) 0.243ms
[2020-08-08T13:35:42.713+0300][20.839s][info][gc] GC(812) Pause Young (Allocation Failure) 271M->136M(494M) 0.253ms
[2020-08-08T13:35:42.734+0300][20.859s][info][gc] GC(813) Pause Young (Allocation Failure) 271M->136M(494M) 0.241ms
[2020-08-08T13:35:42.754+0300][20.880s][info][gc] GC(814) Pause Young (Allocation Failure) 271M->136M(494M) 0.238ms
[2020-08-08T13:35:42.775+0300][20.901s][info][gc] GC(815) Pause Young (Allocation Failure) 271M->136M(494M) 0.480ms
[2020-08-08T13:35:42.799+0300][20.924s][info][gc] GC(816) Pause Young (Allocation Failure) 271M->136M(494M) 0.241ms
[2020-08-08T13:35:42.823+0300][20.948s][info][gc] GC(817) Pause Young (Allocation Failure) 271M->136M(494M) 0.246ms
[2020-08-08T13:35:42.847+0300][20.973s][info][gc] GC(818) Pause Young (Allocation Failure) 271M->136M(494M) 0.234ms
[2020-08-08T13:35:42.871+0300][20.997s][info][gc] GC(819) Pause Young (Allocation Failure) 271M->136M(494M) 0.406ms
[2020-08-08T13:35:42.898+0300][21.024s][info][gc] GC(820) Pause Young (Allocation Failure) 271M->136M(494M) 0.264ms
[2020-08-08T13:35:42.924+0300][21.050s][info][gc] GC(821) Pause Young (Allocation Failure) 271M->136M(494M) 0.238ms
[2020-08-08T13:35:42.945+0300][21.070s][info][gc] GC(822) Pause Young (Allocation Failure) 271M->136M(494M) 0.240ms
[2020-08-08T13:35:42.965+0300][21.090s][info][gc] GC(823) Pause Young (Allocation Failure) 271M->136M(494M) 0.251ms
[2020-08-08T13:35:42.987+0300][21.112s][info][gc] GC(824) Pause Young (Allocation Failure) 271M->136M(494M) 0.252ms
[2020-08-08T13:35:43.007+0300][21.132s][info][gc] GC(825) Pause Young (Allocation Failure) 271M->136M(494M) 0.300ms
[2020-08-08T13:35:43.028+0300][21.154s][info][gc] GC(826) Pause Young (Allocation Failure) 271M->136M(494M) 0.376ms
[2020-08-08T13:35:43.053+0300][21.178s][info][gc] GC(827) Pause Young (Allocation Failure) 271M->136M(494M) 0.239ms
[2020-08-08T13:35:43.077+0300][21.203s][info][gc] GC(828) Pause Young (Allocation Failure) 271M->136M(494M) 0.244ms
[2020-08-08T13:35:43.100+0300][21.226s][info][gc] GC(829) Pause Young (Allocation Failure) 271M->136M(494M) 0.234ms
[2020-08-08T13:35:43.123+0300][21.248s][info][gc] GC(830) Pause Young (Allocation Failure) 271M->136M(494M) 0.286ms
[2020-08-08T13:35:43.143+0300][21.269s][info][gc] GC(831) Pause Young (Allocation Failure) 271M->136M(494M) 0.271ms
[2020-08-08T13:35:43.163+0300][21.289s][info][gc] GC(832) Pause Young (Allocation Failure) 271M->136M(494M) 0.243ms
[2020-08-08T13:35:43.184+0300][21.310s][info][gc] GC(833) Pause Young (Allocation Failure) 271M->136M(494M) 0.315ms
[2020-08-08T13:35:43.205+0300][21.330s][info][gc] GC(834) Pause Young (Allocation Failure) 271M->136M(494M) 0.249ms
[2020-08-08T13:35:43.225+0300][21.351s][info][gc] GC(835) Pause Young (Allocation Failure) 271M->136M(494M) 0.241ms
[2020-08-08T13:35:43.247+0300][21.372s][info][gc] GC(836) Pause Young (Allocation Failure) 271M->136M(494M) 0.448ms
[2020-08-08T13:35:43.271+0300][21.396s][info][gc] GC(837) Pause Young (Allocation Failure) 271M->136M(494M) 0.246ms
[2020-08-08T13:35:43.294+0300][21.420s][info][gc] GC(838) Pause Young (Allocation Failure) 271M->136M(494M) 0.269ms
[2020-08-08T13:35:43.319+0300][21.444s][info][gc] GC(839) Pause Young (Allocation Failure) 271M->136M(494M) 0.283ms
[2020-08-08T13:35:43.342+0300][21.468s][info][gc] GC(840) Pause Young (Allocation Failure) 271M->136M(494M) 0.248ms
[2020-08-08T13:35:43.364+0300][21.490s][info][gc] GC(841) Pause Young (Allocation Failure) 271M->136M(494M) 0.241ms
[2020-08-08T13:35:43.385+0300][21.511s][info][gc] GC(842) Pause Young (Allocation Failure) 271M->136M(494M) 0.247ms
[2020-08-08T13:35:43.406+0300][21.532s][info][gc] GC(843) Pause Young (Allocation Failure) 271M->136M(494M) 0.240ms
[2020-08-08T13:35:43.428+0300][21.553s][info][gc] GC(844) Pause Young (Allocation Failure) 271M->136M(494M) 0.266ms
[2020-08-08T13:35:43.448+0300][21.574s][info][gc] GC(845) Pause Young (Allocation Failure) 271M->136M(494M) 0.242ms
[2020-08-08T13:35:43.471+0300][21.596s][info][gc] GC(846) Pause Young (Allocation Failure) 271M->136M(494M) 0.262ms
[2020-08-08T13:35:43.495+0300][21.620s][info][gc] GC(847) Pause Young (Allocation Failure) 271M->136M(494M) 0.271ms
[2020-08-08T13:35:43.519+0300][21.644s][info][gc] GC(848) Pause Young (Allocation Failure) 271M->136M(494M) 0.348ms
[2020-08-08T13:35:43.541+0300][21.666s][info][gc] GC(849) Pause Young (Allocation Failure) 271M->136M(494M) 0.420ms
[2020-08-08T13:35:43.567+0300][21.692s][info][gc] GC(850) Pause Young (Allocation Failure) 271M->136M(494M) 0.252ms
[2020-08-08T13:35:43.589+0300][21.714s][info][gc] GC(851) Pause Young (Allocation Failure) 271M->136M(494M) 0.245ms
[2020-08-08T13:35:43.610+0300][21.735s][info][gc] GC(852) Pause Young (Allocation Failure) 271M->136M(494M) 0.240ms
[2020-08-08T13:35:43.634+0300][21.760s][info][gc] GC(853) Pause Young (Allocation Failure) 271M->136M(494M) 0.280ms
[2020-08-08T13:35:43.655+0300][21.780s][info][gc] GC(854) Pause Young (Allocation Failure) 271M->136M(494M) 0.246ms
[2020-08-08T13:35:43.675+0300][21.801s][info][gc] GC(855) Pause Young (Allocation Failure) 271M->136M(494M) 0.235ms
[2020-08-08T13:35:43.699+0300][21.825s][info][gc] GC(856) Pause Young (Allocation Failure) 271M->136M(494M) 0.359ms
[2020-08-08T13:35:43.723+0300][21.848s][info][gc] GC(857) Pause Young (Allocation Failure) 271M->136M(494M) 0.235ms
[2020-08-08T13:35:43.747+0300][21.873s][info][gc] GC(858) Pause Young (Allocation Failure) 271M->136M(494M) 0.386ms
[2020-08-08T13:35:43.770+0300][21.896s][info][gc] GC(859) Pause Young (Allocation Failure) 271M->136M(494M) 0.237ms
[2020-08-08T13:35:43.795+0300][21.920s][info][gc] GC(860) Pause Young (Allocation Failure) 271M->136M(494M) 0.293ms
[2020-08-08T13:35:43.818+0300][21.944s][info][gc] GC(861) Pause Young (Allocation Failure) 271M->136M(494M) 0.332ms
[2020-08-08T13:35:43.838+0300][21.963s][info][gc] GC(862) Pause Young (Allocation Failure) 271M->136M(494M) 0.260ms
[2020-08-08T13:35:43.859+0300][21.984s][info][gc] GC(863) Pause Young (Allocation Failure) 271M->136M(494M) 0.255ms
[2020-08-08T13:35:43.879+0300][22.004s][info][gc] GC(864) Pause Young (Allocation Failure) 271M->136M(494M) 0.241ms
[2020-08-08T13:35:43.903+0300][22.028s][info][gc] GC(865) Pause Young (Allocation Failure) 271M->136M(494M) 0.275ms
[2020-08-08T13:35:43.930+0300][22.055s][info][gc] GC(866) Pause Young (Allocation Failure) 271M->136M(494M) 0.240ms
[2020-08-08T13:35:43.955+0300][22.081s][info][gc] GC(867) Pause Young (Allocation Failure) 271M->136M(494M) 0.238ms
[2020-08-08T13:35:43.979+0300][22.105s][info][gc] GC(868) Pause Young (Allocation Failure) 271M->136M(494M) 0.277ms
[2020-08-08T13:35:44.004+0300][22.129s][info][gc] GC(869) Pause Young (Allocation Failure) 271M->136M(494M) 0.246ms
[2020-08-08T13:35:44.028+0300][22.153s][info][gc] GC(870) Pause Young (Allocation Failure) 271M->136M(494M) 0.368ms
[2020-08-08T13:35:44.049+0300][22.174s][info][gc] GC(871) Pause Young (Allocation Failure) 271M->136M(494M) 0.274ms
[2020-08-08T13:35:44.070+0300][22.195s][info][gc] GC(872) Pause Young (Allocation Failure) 271M->136M(494M) 0.246ms
[2020-08-08T13:35:44.089+0300][22.215s][info][gc] GC(873) Pause Young (Allocation Failure) 271M->136M(494M) 0.238ms
[2020-08-08T13:35:44.110+0300][22.236s][info][gc] GC(874) Pause Young (Allocation Failure) 271M->136M(494M) 0.234ms
[2020-08-08T13:35:44.130+0300][22.255s][info][gc] GC(875) Pause Young (Allocation Failure) 271M->136M(494M) 0.242ms
[2020-08-08T13:35:44.155+0300][22.281s][info][gc] GC(876) Pause Young (Allocation Failure) 271M->136M(494M) 0.236ms
[2020-08-08T13:35:44.178+0300][22.304s][info][gc] GC(877) Pause Young (Allocation Failure) 271M->136M(494M) 0.237ms
[2020-08-08T13:35:44.204+0300][22.329s][info][gc] GC(878) Pause Young (Allocation Failure) 271M->136M(494M) 0.237ms
[2020-08-08T13:35:44.228+0300][22.353s][info][gc] GC(879) Pause Young (Allocation Failure) 271M->136M(494M) 0.244ms
[2020-08-08T13:35:44.250+0300][22.375s][info][gc] GC(880) Pause Young (Allocation Failure) 271M->136M(494M) 0.248ms
[2020-08-08T13:35:44.271+0300][22.396s][info][gc] GC(881) Pause Young (Allocation Failure) 271M->136M(494M) 0.246ms
[2020-08-08T13:35:44.290+0300][22.416s][info][gc] GC(882) Pause Young (Allocation Failure) 271M->136M(494M) 0.238ms
[2020-08-08T13:35:44.312+0300][22.437s][info][gc] GC(883) Pause Young (Allocation Failure) 271M->136M(494M) 0.247ms
[2020-08-08T13:35:44.332+0300][22.457s][info][gc] GC(884) Pause Young (Allocation Failure) 271M->136M(494M) 0.246ms
[2020-08-08T13:35:44.353+0300][22.478s][info][gc] GC(885) Pause Young (Allocation Failure) 271M->136M(494M) 0.251ms
[2020-08-08T13:35:44.375+0300][22.500s][info][gc] GC(886) Pause Young (Allocation Failure) 271M->136M(494M) 0.241ms
[2020-08-08T13:35:44.400+0300][22.525s][info][gc] GC(887) Pause Young (Allocation Failure) 271M->136M(494M) 0.436ms
[2020-08-08T13:35:44.426+0300][22.551s][info][gc] GC(888) Pause Young (Allocation Failure) 271M->136M(494M) 0.238ms
[2020-08-08T13:35:44.450+0300][22.576s][info][gc] GC(889) Pause Young (Allocation Failure) 271M->136M(494M) 0.356ms
[2020-08-08T13:35:44.473+0300][22.599s][info][gc] GC(890) Pause Young (Allocation Failure) 271M->136M(494M) 0.239ms
[2020-08-08T13:35:44.494+0300][22.620s][info][gc] GC(891) Pause Young (Allocation Failure) 271M->136M(494M) 0.238ms
[2020-08-08T13:35:44.514+0300][22.640s][info][gc] GC(892) Pause Young (Allocation Failure) 271M->136M(494M) 0.252ms
[2020-08-08T13:35:44.535+0300][22.660s][info][gc] GC(893) Pause Young (Allocation Failure) 271M->136M(494M) 0.244ms
[2020-08-08T13:35:44.556+0300][22.681s][info][gc] GC(894) Pause Young (Allocation Failure) 271M->136M(494M) 0.256ms
[2020-08-08T13:35:44.579+0300][22.704s][info][gc] GC(895) Pause Young (Allocation Failure) 271M->136M(494M) 0.236ms
[2020-08-08T13:35:44.605+0300][22.731s][info][gc] GC(896) Pause Young (Allocation Failure) 271M->136M(494M) 0.405ms
[2020-08-08T13:35:44.633+0300][22.759s][info][gc] GC(897) Pause Young (Allocation Failure) 271M->136M(494M) 0.241ms
[2020-08-08T13:35:44.658+0300][22.783s][info][gc] GC(898) Pause Young (Allocation Failure) 271M->136M(494M) 0.238ms
[2020-08-08T13:35:44.683+0300][22.808s][info][gc] GC(899) Pause Young (Allocation Failure) 271M->136M(494M) 0.236ms
[2020-08-08T13:35:44.704+0300][22.829s][info][gc] GC(900) Pause Young (Allocation Failure) 271M->136M(494M) 0.241ms
[2020-08-08T13:35:44.724+0300][22.850s][info][gc] GC(901) Pause Young (Allocation Failure) 271M->136M(494M) 0.238ms
[2020-08-08T13:35:44.745+0300][22.871s][info][gc] GC(902) Pause Young (Allocation Failure) 271M->136M(494M) 0.241ms
[2020-08-08T13:35:44.765+0300][22.891s][info][gc] GC(903) Pause Young (Allocation Failure) 271M->136M(494M) 0.264ms
[2020-08-08T13:35:44.787+0300][22.912s][info][gc] GC(904) Pause Young (Allocation Failure) 271M->136M(494M) 0.233ms
[2020-08-08T13:35:44.811+0300][22.936s][info][gc] GC(905) Pause Young (Allocation Failure) 271M->136M(494M) 0.298ms
[2020-08-08T13:35:44.834+0300][22.959s][info][gc] GC(906) Pause Young (Allocation Failure) 271M->136M(494M) 0.400ms
[2020-08-08T13:35:44.859+0300][22.984s][info][gc] GC(907) Pause Young (Allocation Failure) 271M->136M(494M) 0.245ms
[2020-08-08T13:35:44.882+0300][23.007s][info][gc] GC(908) Pause Young (Allocation Failure) 271M->136M(494M) 0.380ms
[2020-08-08T13:35:44.908+0300][23.033s][info][gc] GC(909) Pause Young (Allocation Failure) 271M->136M(494M) 0.254ms
[2020-08-08T13:35:44.936+0300][23.061s][info][gc] GC(910) Pause Young (Allocation Failure) 271M->136M(494M) 0.259ms
[2020-08-08T13:35:44.957+0300][23.082s][info][gc] GC(911) Pause Young (Allocation Failure) 271M->136M(494M) 0.269ms
[2020-08-08T13:35:44.978+0300][23.104s][info][gc] GC(912) Pause Young (Allocation Failure) 271M->136M(494M) 0.275ms
[2020-08-08T13:35:44.999+0300][23.125s][info][gc] GC(913) Pause Young (Allocation Failure) 271M->136M(494M) 0.241ms
[2020-08-08T13:35:45.021+0300][23.146s][info][gc] GC(914) Pause Young (Allocation Failure) 271M->136M(494M) 0.235ms
[2020-08-08T13:35:45.040+0300][23.166s][info][gc] GC(915) Pause Young (Allocation Failure) 271M->136M(494M) 0.244ms
[2020-08-08T13:35:45.063+0300][23.189s][info][gc] GC(916) Pause Young (Allocation Failure) 271M->136M(494M) 0.243ms
[2020-08-08T13:35:45.088+0300][23.213s][info][gc] GC(917) Pause Young (Allocation Failure) 271M->136M(494M) 0.286ms
[2020-08-08T13:35:45.111+0300][23.236s][info][gc] GC(918) Pause Young (Allocation Failure) 271M->136M(494M) 0.245ms
[2020-08-08T13:35:45.136+0300][23.261s][info][gc] GC(919) Pause Young (Allocation Failure) 271M->136M(494M) 0.244ms
[2020-08-08T13:35:45.158+0300][23.284s][info][gc] GC(920) Pause Young (Allocation Failure) 271M->136M(494M) 0.242ms
[2020-08-08T13:35:45.179+0300][23.305s][info][gc] GC(921) Pause Young (Allocation Failure) 271M->136M(494M) 0.242ms
[2020-08-08T13:35:45.200+0300][23.325s][info][gc] GC(922) Pause Young (Allocation Failure) 271M->136M(494M) 0.254ms
[2020-08-08T13:35:45.219+0300][23.345s][info][gc] GC(923) Pause Young (Allocation Failure) 271M->136M(494M) 0.242ms
[2020-08-08T13:35:45.241+0300][23.366s][info][gc] GC(924) Pause Young (Allocation Failure) 271M->136M(494M) 0.239ms
[2020-08-08T13:35:45.260+0300][23.386s][info][gc] GC(925) Pause Young (Allocation Failure) 271M->136M(494M) 0.294ms
[2020-08-08T13:35:45.283+0300][23.409s][info][gc] GC(926) Pause Young (Allocation Failure) 271M->136M(494M) 0.374ms
[2020-08-08T13:35:45.308+0300][23.434s][info][gc] GC(927) Pause Young (Allocation Failure) 271M->136M(494M) 0.249ms
[2020-08-08T13:35:45.331+0300][23.456s][info][gc] GC(928) Pause Young (Allocation Failure) 271M->136M(494M) 0.385ms
[2020-08-08T13:35:45.356+0300][23.482s][info][gc] GC(929) Pause Young (Allocation Failure) 271M->136M(494M) 0.249ms
[2020-08-08T13:35:45.379+0300][23.504s][info][gc] GC(930) Pause Young (Allocation Failure) 271M->136M(494M) 0.252ms
[2020-08-08T13:35:45.400+0300][23.525s][info][gc] GC(931) Pause Young (Allocation Failure) 271M->136M(494M) 0.255ms
[2020-08-08T13:35:45.423+0300][23.548s][info][gc] GC(932) Pause Young (Allocation Failure) 271M->136M(494M) 0.289ms
[2020-08-08T13:35:45.444+0300][23.569s][info][gc] GC(933) Pause Young (Allocation Failure) 271M->136M(494M) 0.249ms
[2020-08-08T13:35:45.463+0300][23.589s][info][gc] GC(934) Pause Young (Allocation Failure) 271M->136M(494M) 0.246ms
[2020-08-08T13:35:45.485+0300][23.611s][info][gc] GC(935) Pause Young (Allocation Failure) 271M->136M(494M) 0.232ms
[2020-08-08T13:35:45.510+0300][23.635s][info][gc] GC(936) Pause Young (Allocation Failure) 271M->136M(494M) 0.248ms
[2020-08-08T13:35:45.532+0300][23.657s][info][gc] GC(937) Pause Young (Allocation Failure) 271M->136M(494M) 0.244ms
[2020-08-08T13:35:45.558+0300][23.683s][info][gc] GC(938) Pause Young (Allocation Failure) 271M->136M(494M) 0.256ms
[2020-08-08T13:35:45.584+0300][23.709s][info][gc] GC(939) Pause Young (Allocation Failure) 271M->136M(494M) 0.475ms
[2020-08-08T13:35:45.606+0300][23.732s][info][gc] GC(940) Pause Young (Allocation Failure) 271M->136M(494M) 0.278ms
[2020-08-08T13:35:45.630+0300][23.755s][info][gc] GC(941) Pause Young (Allocation Failure) 271M->136M(494M) 0.240ms
[2020-08-08T13:35:45.651+0300][23.776s][info][gc] GC(942) Pause Young (Allocation Failure) 271M->136M(494M) 0.298ms
[2020-08-08T13:35:45.670+0300][23.796s][info][gc] GC(943) Pause Young (Allocation Failure) 271M->136M(494M) 0.241ms
[2020-08-08T13:35:45.692+0300][23.817s][info][gc] GC(944) Pause Young (Allocation Failure) 271M->136M(494M) 0.239ms
[2020-08-08T13:35:45.712+0300][23.837s][info][gc] GC(945) Pause Young (Allocation Failure) 271M->136M(494M) 0.243ms
[2020-08-08T13:35:45.735+0300][23.861s][info][gc] GC(946) Pause Young (Allocation Failure) 271M->136M(494M) 0.360ms
[2020-08-08T13:35:45.760+0300][23.886s][info][gc] GC(947) Pause Young (Allocation Failure) 271M->136M(494M) 0.278ms
[2020-08-08T13:35:45.786+0300][23.912s][info][gc] GC(948) Pause Young (Allocation Failure) 271M->136M(494M) 0.243ms
[2020-08-08T13:35:45.811+0300][23.936s][info][gc] GC(949) Pause Young (Allocation Failure) 271M->136M(494M) 0.242ms
[2020-08-08T13:35:45.840+0300][23.966s][info][gc] GC(950) Pause Young (Allocation Failure) 271M->136M(494M) 0.287ms
[2020-08-08T13:35:45.863+0300][23.989s][info][gc] GC(951) Pause Young (Allocation Failure) 271M->136M(494M) 0.240ms
[2020-08-08T13:35:45.883+0300][24.008s][info][gc] GC(952) Pause Young (Allocation Failure) 271M->136M(494M) 0.266ms
[2020-08-08T13:35:45.903+0300][24.029s][info][gc] GC(953) Pause Young (Allocation Failure) 271M->136M(494M) 0.243ms
[2020-08-08T13:35:45.926+0300][24.051s][info][gc] GC(954) Pause Young (Allocation Failure) 271M->136M(494M) 0.349ms
[2020-08-08T13:35:45.953+0300][24.079s][info][gc] GC(955) Pause Young (Allocation Failure) 271M->136M(494M) 0.331ms
[2020-08-08T13:35:45.978+0300][24.104s][info][gc] GC(956) Pause Young (Allocation Failure) 271M->136M(494M) 0.245ms
[2020-08-08T13:35:46.002+0300][24.128s][info][gc] GC(957) Pause Young (Allocation Failure) 271M->136M(494M) 0.482ms
[2020-08-08T13:35:46.028+0300][24.154s][info][gc] GC(958) Pause Young (Allocation Failure) 271M->136M(494M) 0.245ms
[2020-08-08T13:35:46.052+0300][24.178s][info][gc] GC(959) Pause Young (Allocation Failure) 271M->136M(494M) 0.239ms
[2020-08-08T13:35:46.073+0300][24.199s][info][gc] GC(960) Pause Young (Allocation Failure) 271M->136M(494M) 0.245ms
[2020-08-08T13:35:46.093+0300][24.218s][info][gc] GC(961) Pause Young (Allocation Failure) 271M->136M(494M) 0.264ms
[2020-08-08T13:35:46.114+0300][24.240s][info][gc] GC(962) Pause Young (Allocation Failure) 271M->136M(494M) 0.235ms
[2020-08-08T13:35:46.134+0300][24.259s][info][gc] GC(963) Pause Young (Allocation Failure) 271M->136M(494M) 0.257ms
[2020-08-08T13:35:46.155+0300][24.280s][info][gc] GC(964) Pause Young (Allocation Failure) 271M->136M(494M) 0.250ms
[2020-08-08T13:35:46.179+0300][24.304s][info][gc] GC(965) Pause Young (Allocation Failure) 271M->136M(494M) 0.241ms
[2020-08-08T13:35:46.202+0300][24.328s][info][gc] GC(966) Pause Young (Allocation Failure) 271M->136M(494M) 0.239ms
[2020-08-08T13:35:46.226+0300][24.352s][info][gc] GC(967) Pause Young (Allocation Failure) 271M->136M(494M) 0.248ms
[2020-08-08T13:35:46.249+0300][24.375s][info][gc] GC(968) Pause Young (Allocation Failure) 271M->136M(494M) 0.242ms
[2020-08-08T13:35:46.273+0300][24.398s][info][gc] GC(969) Pause Young (Allocation Failure) 271M->136M(494M) 0.245ms
[2020-08-08T13:35:46.293+0300][24.419s][info][gc] GC(970) Pause Young (Allocation Failure) 271M->136M(494M) 0.235ms
[2020-08-08T13:35:46.314+0300][24.440s][info][gc] GC(971) Pause Young (Allocation Failure) 271M->136M(494M) 0.234ms
[2020-08-08T13:35:46.334+0300][24.460s][info][gc] GC(972) Pause Young (Allocation Failure) 271M->136M(494M) 0.241ms
[2020-08-08T13:35:46.355+0300][24.481s][info][gc] GC(973) Pause Young (Allocation Failure) 271M->136M(494M) 0.282ms
[2020-08-08T13:35:46.376+0300][24.501s][info][gc] GC(974) Pause Young (Allocation Failure) 271M->136M(494M) 0.239ms
[2020-08-08T13:35:46.399+0300][24.524s][info][gc] GC(975) Pause Young (Allocation Failure) 271M->136M(494M) 0.248ms
[2020-08-08T13:35:46.423+0300][24.549s][info][gc] GC(976) Pause Young (Allocation Failure) 271M->136M(494M) 0.298ms
[2020-08-08T13:35:46.448+0300][24.574s][info][gc] GC(977) Pause Young (Allocation Failure) 271M->136M(494M) 0.239ms
[2020-08-08T13:35:46.473+0300][24.599s][info][gc] GC(978) Pause Young (Allocation Failure) 271M->136M(494M) 0.269ms
[2020-08-08T13:35:46.497+0300][24.622s][info][gc] GC(979) Pause Young (Allocation Failure) 271M->136M(494M) 0.257ms
[2020-08-08T13:35:46.518+0300][24.643s][info][gc] GC(980) Pause Young (Allocation Failure) 271M->136M(494M) 0.389ms
[2020-08-08T13:35:46.537+0300][24.663s][info][gc] GC(981) Pause Young (Allocation Failure) 271M->136M(494M) 0.240ms
[2020-08-08T13:35:46.559+0300][24.684s][info][gc] GC(982) Pause Young (Allocation Failure) 271M->136M(494M) 0.257ms
[2020-08-08T13:35:46.580+0300][24.706s][info][gc] GC(983) Pause Young (Allocation Failure) 271M->136M(494M) 0.239ms
[2020-08-08T13:35:46.602+0300][24.727s][info][gc] GC(984) Pause Young (Allocation Failure) 271M->136M(494M) 0.237ms
[2020-08-08T13:35:46.630+0300][24.756s][info][gc] GC(985) Pause Young (Allocation Failure) 271M->136M(494M) 0.243ms
[2020-08-08T13:35:46.654+0300][24.780s][info][gc] GC(986) Pause Young (Allocation Failure) 271M->136M(494M) 0.239ms
[2020-08-08T13:35:46.678+0300][24.804s][info][gc] GC(987) Pause Young (Allocation Failure) 271M->136M(494M) 0.237ms
[2020-08-08T13:35:46.702+0300][24.828s][info][gc] GC(988) Pause Young (Allocation Failure) 271M->136M(494M) 0.285ms
[2020-08-08T13:35:46.724+0300][24.850s][info][gc] GC(989) Pause Young (Allocation Failure) 271M->136M(494M) 0.237ms
[2020-08-08T13:35:46.745+0300][24.871s][info][gc] GC(990) Pause Young (Allocation Failure) 271M->136M(494M) 0.238ms
[2020-08-08T13:35:46.766+0300][24.891s][info][gc] GC(991) Pause Young (Allocation Failure) 271M->136M(494M) 0.249ms
[2020-08-08T13:35:46.787+0300][24.912s][info][gc] GC(992) Pause Young (Allocation Failure) 271M->136M(494M) 0.237ms
[2020-08-08T13:35:46.808+0300][24.933s][info][gc] GC(993) Pause Young (Allocation Failure) 271M->136M(494M) 0.239ms
[2020-08-08T13:35:46.829+0300][24.955s][info][gc] GC(994) Pause Young (Allocation Failure) 271M->136M(494M) 0.280ms
[2020-08-08T13:35:46.854+0300][24.979s][info][gc] GC(995) Pause Young (Allocation Failure) 271M->136M(494M) 0.278ms
[2020-08-08T13:35:46.879+0300][25.004s][info][gc] GC(996) Pause Young (Allocation Failure) 271M->136M(494M) 0.263ms
[2020-08-08T13:35:46.902+0300][25.027s][info][gc] GC(997) Pause Young (Allocation Failure) 271M->136M(494M) 0.249ms
[2020-08-08T13:35:46.929+0300][25.054s][info][gc] GC(998) Pause Young (Allocation Failure) 271M->136M(494M) 0.260ms
[2020-08-08T13:35:46.955+0300][25.081s][info][gc] GC(999) Pause Young (Allocation Failure) 271M->136M(494M) 0.249ms
[2020-08-08T13:35:46.977+0300][25.103s][info][gc] GC(1000) Pause Young (Allocation Failure) 271M->136M(494M) 0.242ms
[2020-08-08T13:35:46.999+0300][25.124s][info][gc] GC(1001) Pause Young (Allocation Failure) 271M->136M(494M) 0.250ms
[2020-08-08T13:35:47.020+0300][25.145s][info][gc] GC(1002) Pause Young (Allocation Failure) 271M->136M(494M) 0.280ms
