[2020-08-01T12:23:32.495+0300][0.008s][debug][gc] ConcGCThreads: 2 offset 12
[2020-08-01T12:23:32.495+0300][0.008s][debug][gc] ParallelGCThreads: 6
[2020-08-01T12:23:32.495+0300][0.008s][debug][gc] Initialize mark stack with 4096 chunks, maximum 16384
[2020-08-01T12:23:32.500+0300][0.013s][info ][gc] Using G1
[2020-08-01T12:23:32.516+0300][0.029s][info ][gc] Periodic GC disabled
[2020-08-01T12:23:32.716+0300][0.229s][info ][gc] GC(0) Pause Young (Normal) (G1 Evacuation Pause) 45M->39M(512M) 15.536ms
[2020-08-01T12:23:32.745+0300][0.258s][info ][gc] GC(1) Pause Young (Normal) (G1 Evacuation Pause) 60M->62M(512M) 19.104ms
[2020-08-01T12:23:32.767+0300][0.280s][info ][gc] GC(2) Pause Young (Normal) (G1 Evacuation Pause) 83M->84M(512M) 11.900ms
[2020-08-01T12:23:32.789+0300][0.302s][info ][gc] GC(3) Pause Young (Normal) (G1 Evacuation Pause) 105M->106M(512M) 11.753ms
[2020-08-01T12:23:32.812+0300][0.325s][info ][gc] GC(4) Pause Young (Normal) (G1 Evacuation Pause) 127M->129M(512M) 13.057ms
[2020-08-01T12:23:32.846+0300][0.359s][info ][gc] GC(5) Pause Young (Normal) (G1 Evacuation Pause) 170M->169M(512M) 13.086ms
[2020-08-01T12:23:32.868+0300][0.381s][info ][gc] GC(6) Pause Young (Normal) (G1 Evacuation Pause) 190M->191M(512M) 13.890ms
[2020-08-01T12:23:32.889+0300][0.402s][info ][gc] GC(7) Pause Young (Normal) (G1 Evacuation Pause) 212M->213M(512M) 11.991ms
[2020-08-01T12:23:32.910+0300][0.423s][info ][gc] GC(8) Pause Young (Normal) (G1 Evacuation Pause) 234M->235M(512M) 12.028ms
[2020-08-01T12:23:32.932+0300][0.445s][info ][gc] GC(9) Pause Young (Concurrent Start) (G1 Evacuation Pause) 256M->258M(512M) 12.675ms
[2020-08-01T12:23:32.932+0300][0.445s][info ][gc] GC(10) Concurrent Cycle
[2020-08-01T12:23:32.955+0300][0.468s][info ][gc] GC(11) Pause Young (Normal) (G1 Evacuation Pause) 279M->281M(512M) 11.384ms
[2020-08-01T12:23:32.990+0300][0.503s][info ][gc] GC(12) Pause Young (Normal) (G1 Evacuation Pause) 322M->323M(512M) 12.202ms
[2020-08-01T12:23:33.014+0300][0.526s][info ][gc] GC(13) Pause Young (Normal) (G1 Evacuation Pause) 344M->345M(512M) 12.675ms
[2020-08-01T12:23:33.040+0300][0.553s][info ][gc] GC(14) Pause Young (Normal) (G1 Evacuation Pause) 366M->367M(512M) 15.135ms
[2020-08-01T12:23:33.061+0300][0.574s][info ][gc] GC(15) Pause Young (Normal) (G1 Evacuation Pause) 388M->390M(512M) 11.489ms
[2020-08-01T12:23:33.087+0300][0.600s][info ][gc] GC(16) Pause Young (Normal) (G1 Evacuation Pause) 411M->412M(512M) 14.095ms
[2020-08-01T12:23:33.090+0300][0.603s][debug][gc] GC(10) Reclaimed 116 empty regions
[2020-08-01T12:23:33.090+0300][0.603s][info ][gc] GC(10) Pause Remark 415M->299M(512M) 0.492ms
[2020-08-01T12:23:33.117+0300][0.630s][info ][gc] GC(17) Pause Young (Normal) (G1 Evacuation Pause) 337M->339M(512M) 13.543ms
[2020-08-01T12:23:33.151+0300][0.664s][info ][gc] GC(18) Pause Young (Normal) (G1 Evacuation Pause) 360M->362M(512M) 14.292ms
[2020-08-01T12:23:33.187+0300][0.699s][info ][gc] GC(19) Pause Young (Normal) (G1 Evacuation Pause) 383M->384M(512M) 12.534ms
[2020-08-01T12:23:33.218+0300][0.730s][info ][gc] GC(20) Pause Young (Normal) (G1 Evacuation Pause) 405M->406M(512M) 12.360ms
[2020-08-01T12:23:33.250+0300][0.763s][info ][gc] GC(21) Pause Young (Normal) (G1 Evacuation Pause) 427M->429M(512M) 13.812ms
[2020-08-01T12:23:33.287+0300][0.800s][info ][gc] GC(22) Pause Young (Normal) (G1 Evacuation Pause) 450M->452M(512M) 14.920ms
[2020-08-01T12:23:33.318+0300][0.831s][info ][gc] GC(10) Pause Cleanup 479M->479M(512M) 0.237ms
[2020-08-01T12:23:33.321+0300][0.834s][info ][gc] GC(10) Concurrent Cycle 388.843ms
[2020-08-01T12:23:33.347+0300][0.860s][info ][gc] GC(23) To-space exhausted
[2020-08-01T12:23:33.347+0300][0.860s][info ][gc] GC(23) Pause Young (Prepare Mixed) (G1 Evacuation Pause) 493M->500M(512M) 21.689ms
[2020-08-01T12:23:33.385+0300][0.897s][info ][gc] GC(24) To-space exhausted
[2020-08-01T12:23:33.385+0300][0.898s][info ][gc] GC(24) Pause Young (Mixed) (G1 Evacuation Pause) 512M->512M(512M) 26.012ms
[2020-08-01T12:23:33.417+0300][0.930s][info ][gc] GC(25) Pause Full (G1 Evacuation Pause) 512M->49M(512M) 32.001ms
[2020-08-01T12:23:33.438+0300][0.951s][info ][gc] GC(26) Pause Young (Normal) (G1 Evacuation Pause) 74M->74M(512M) 10.364ms
[2020-08-01T12:23:33.466+0300][0.978s][info ][gc] GC(27) Pause Young (Normal) (G1 Evacuation Pause) 95M->96M(512M) 15.707ms
[2020-08-01T12:23:33.490+0300][1.003s][info ][gc] GC(28) Pause Young (Normal) (G1 Evacuation Pause) 117M->119M(512M) 14.195ms
[2020-08-01T12:23:33.523+0300][1.036s][info ][gc] GC(29) Pause Young (Normal) (G1 Evacuation Pause) 160M->161M(512M) 13.742ms
[2020-08-01T12:23:33.544+0300][1.057s][info ][gc] GC(30) Pause Young (Normal) (G1 Evacuation Pause) 182M->183M(512M) 10.924ms
[2020-08-01T12:23:33.564+0300][1.077s][info ][gc] GC(31) Pause Young (Normal) (G1 Evacuation Pause) 204M->206M(512M) 10.869ms
[2020-08-01T12:23:33.585+0300][1.098s][info ][gc] GC(32) Pause Young (Normal) (G1 Evacuation Pause) 227M->228M(512M) 12.550ms
[2020-08-01T12:23:33.604+0300][1.117s][info ][gc] GC(33) Pause Young (Normal) (G1 Evacuation Pause) 249M->250M(512M) 10.346ms
[2020-08-01T12:23:33.624+0300][1.136s][info ][gc] GC(34) Pause Young (Concurrent Start) (G1 Evacuation Pause) 271M->272M(512M) 10.644ms
[2020-08-01T12:23:33.624+0300][1.137s][info ][gc] GC(35) Concurrent Cycle
[2020-08-01T12:23:33.652+0300][1.165s][info ][gc] GC(36) Pause Young (Normal) (G1 Evacuation Pause) 313M->315M(512M) 10.470ms
[2020-08-01T12:23:33.673+0300][1.186s][info ][gc] GC(37) Pause Young (Normal) (G1 Evacuation Pause) 336M->337M(512M) 10.626ms
[2020-08-01T12:23:33.693+0300][1.206s][info ][gc] GC(38) Pause Young (Normal) (G1 Evacuation Pause) 358M->360M(512M) 10.478ms
[2020-08-01T12:23:33.719+0300][1.232s][info ][gc] GC(39) Pause Young (Normal) (G1 Evacuation Pause) 381M->383M(512M) 15.435ms
[2020-08-01T12:23:33.741+0300][1.254s][info ][gc] GC(40) Pause Young (Normal) (G1 Evacuation Pause) 404M->405M(512M) 10.433ms
[2020-08-01T12:23:33.772+0300][1.284s][info ][gc] GC(41) Pause Young (Normal) (G1 Evacuation Pause) 446M->447M(512M) 10.574ms
[2020-08-01T12:23:33.797+0300][1.310s][info ][gc] GC(42) Pause Young (Normal) (G1 Evacuation Pause) 468M->469M(512M) 14.280ms
[2020-08-01T12:23:33.807+0300][1.320s][debug][gc] GC(35) Reclaimed 129 empty regions
[2020-08-01T12:23:33.807+0300][1.320s][info ][gc] GC(35) Pause Remark 485M->358M(512M) 0.477ms
[2020-08-01T12:23:33.821+0300][1.334s][info ][gc] GC(43) Pause Young (Normal) (G1 Evacuation Pause) 364M->365M(512M) 11.450ms
[2020-08-01T12:23:33.852+0300][1.365s][info ][gc] GC(44) Pause Young (Normal) (G1 Evacuation Pause) 386M->388M(512M) 10.511ms
[2020-08-01T12:23:33.883+0300][1.396s][info ][gc] GC(45) Pause Young (Normal) (G1 Evacuation Pause) 409M->411M(512M) 13.895ms
[2020-08-01T12:23:33.915+0300][1.428s][info ][gc] GC(46) Pause Young (Normal) (G1 Evacuation Pause) 432M->433M(512M) 12.771ms
[2020-08-01T12:23:33.953+0300][1.466s][info ][gc] GC(47) Pause Young (Normal) (G1 Evacuation Pause) 474M->475M(512M) 13.456ms
[2020-08-01T12:23:33.997+0300][1.510s][info ][gc] GC(48) To-space exhausted
[2020-08-01T12:23:33.997+0300][1.510s][info ][gc] GC(48) Pause Young (Normal) (G1 Evacuation Pause) 496M->504M(512M) 24.448ms
[2020-08-01T12:23:34.037+0300][1.550s][info ][gc] GC(49) To-space exhausted
[2020-08-01T12:23:34.037+0300][1.550s][info ][gc] GC(49) Pause Young (Normal) (G1 Evacuation Pause) 511M->511M(512M) 18.819ms
[2020-08-01T12:23:34.038+0300][1.551s][debug][gc] GC(50) Clear Next Bitmap 0.838ms
[2020-08-01T12:23:34.079+0300][1.591s][info ][gc] GC(50) Pause Full (G1 Evacuation Pause) 511M->61M(512M) 41.078ms
[2020-08-01T12:23:34.080+0300][1.592s][info ][gc] GC(35) Concurrent Cycle 455.955ms
[2020-08-01T12:23:34.104+0300][1.617s][info ][gc] GC(51) Pause Young (Normal) (G1 Evacuation Pause) 86M->87M(512M) 12.235ms
[2020-08-01T12:23:34.127+0300][1.640s][info ][gc] GC(52) Pause Young (Normal) (G1 Evacuation Pause) 108M->109M(512M) 12.208ms
[2020-08-01T12:23:34.152+0300][1.665s][info ][gc] GC(53) Pause Young (Normal) (G1 Evacuation Pause) 130M->131M(512M) 14.367ms
[2020-08-01T12:23:34.187+0300][1.699s][info ][gc] GC(54) Pause Young (Normal) (G1 Evacuation Pause) 172M->173M(512M) 14.668ms
[2020-08-01T12:23:34.209+0300][1.722s][info ][gc] GC(55) Pause Young (Normal) (G1 Evacuation Pause) 194M->195M(512M) 12.001ms
[2020-08-01T12:23:34.231+0300][1.744s][info ][gc] GC(56) Pause Young (Normal) (G1 Evacuation Pause) 216M->218M(512M) 12.729ms
[2020-08-01T12:23:34.251+0300][1.764s][info ][gc] GC(57) Pause Young (Normal) (G1 Evacuation Pause) 239M->240M(512M) 11.591ms
[2020-08-01T12:23:34.276+0300][1.789s][info ][gc] GC(58) Pause Young (Concurrent Start) (G1 Evacuation Pause) 261M->263M(512M) 13.001ms
[2020-08-01T12:23:34.276+0300][1.789s][info ][gc] GC(59) Concurrent Cycle
[2020-08-01T12:23:34.305+0300][1.818s][info ][gc] GC(60) Pause Young (Normal) (G1 Evacuation Pause) 304M->305M(512M) 12.331ms
[2020-08-01T12:23:34.388+0300][1.901s][info ][gc] GC(61) Pause Young (Normal) (G1 Evacuation Pause) 326M->327M(512M) 11.912ms
[2020-08-01T12:23:34.397+0300][1.910s][debug][gc] GC(59) Reclaimed 124 empty regions
[2020-08-01T12:23:34.397+0300][1.910s][info ][gc] GC(59) Pause Remark 339M->218M(512M) 0.873ms
[2020-08-01T12:23:34.416+0300][1.929s][info ][gc] GC(62) Pause Young (Normal) (G1 Evacuation Pause) 227M->228M(512M) 13.273ms
[2020-08-01T12:23:34.462+0300][1.975s][info ][gc] GC(63) Pause Young (Normal) (G1 Evacuation Pause) 249M->250M(512M) 12.009ms
[2020-08-01T12:23:34.498+0300][2.011s][info ][gc] GC(64) Pause Young (Normal) (G1 Evacuation Pause) 271M->272M(512M) 12.787ms
[2020-08-01T12:23:34.546+0300][2.059s][info ][gc] GC(65) Pause Young (Normal) (G1 Evacuation Pause) 293M->294M(512M) 13.787ms
[2020-08-01T12:23:34.553+0300][2.066s][info ][gc] GC(59) Pause Cleanup 295M->295M(512M) 0.159ms
[2020-08-01T12:23:34.553+0300][2.066s][info ][gc] GC(59) Concurrent Cycle 277.388ms
[2020-08-01T12:23:34.564+0300][2.077s][info ][gc] GC(66) Pause Young (Concurrent Start) (G1 Humongous Allocation) 301M->302M(512M) 8.005ms
[2020-08-01T12:23:34.564+0300][2.077s][info ][gc] GC(67) Concurrent Cycle
[2020-08-01T12:23:34.573+0300][2.086s][debug][gc] GC(67) Reclaimed 279 empty regions
[2020-08-01T12:23:34.573+0300][2.086s][info ][gc] GC(67) Pause Remark 324M->45M(512M) 0.745ms
[2020-08-01T12:23:34.597+0300][2.110s][info ][gc] GC(68) Pause Young (Normal) (G1 Evacuation Pause) 64M->60M(512M) 13.176ms
[2020-08-01T12:23:34.612+0300][2.125s][info ][gc] GC(67) Pause Cleanup 78M->78M(512M) 0.109ms
[2020-08-01T12:23:34.612+0300][2.125s][info ][gc] GC(67) Concurrent Cycle 47.974ms
[2020-08-01T12:23:34.629+0300][2.142s][info ][gc] GC(69) Pause Young (Normal) (G1 Evacuation Pause) 81M->83M(512M) 15.492ms
[2020-08-01T12:23:34.654+0300][2.167s][info ][gc] GC(70) Pause Young (Normal) (G1 Evacuation Pause) 104M->106M(512M) 14.450ms
[2020-08-01T12:23:34.678+0300][2.190s][info ][gc] GC(71) Pause Young (Normal) (G1 Evacuation Pause) 127M->128M(512M) 13.337ms
[2020-08-01T12:23:34.706+0300][2.218s][info ][gc] GC(72) Pause Young (Normal) (G1 Evacuation Pause) 149M->151M(512M) 16.315ms
[2020-08-01T12:23:34.741+0300][2.254s][info ][gc] GC(73) Pause Young (Normal) (G1 Evacuation Pause) 192M->193M(512M) 12.658ms
[2020-08-01T12:23:34.765+0300][2.278s][info ][gc] GC(74) Pause Young (Normal) (G1 Evacuation Pause) 214M->215M(512M) 11.872ms
[2020-08-01T12:23:34.785+0300][2.298s][info ][gc] GC(75) Pause Young (Normal) (G1 Evacuation Pause) 236M->238M(512M) 11.733ms
[2020-08-01T12:23:34.806+0300][2.319s][info ][gc] GC(76) Pause Young (Concurrent Start) (G1 Evacuation Pause) 259M->261M(512M) 10.942ms
[2020-08-01T12:23:34.806+0300][2.319s][info ][gc] GC(77) Concurrent Cycle
[2020-08-01T12:23:34.831+0300][2.343s][info ][gc] GC(78) Pause Young (Normal) (G1 Evacuation Pause) 282M->284M(512M) 12.498ms
[2020-08-01T12:23:34.857+0300][2.370s][info ][gc] GC(79) Pause Young (Normal) (G1 Evacuation Pause) 325M->327M(512M) 11.281ms
[2020-08-01T12:23:34.877+0300][2.390s][info ][gc] GC(80) Pause Young (Normal) (G1 Evacuation Pause) 348M->349M(512M) 10.487ms
[2020-08-01T12:23:34.902+0300][2.415s][info ][gc] GC(81) Pause Young (Normal) (G1 Evacuation Pause) 370M->371M(512M) 10.859ms
[2020-08-01T12:23:34.926+0300][2.438s][info ][gc] GC(82) Pause Young (Normal) (G1 Evacuation Pause) 392M->393M(512M) 12.401ms
[2020-08-01T12:23:34.935+0300][2.448s][debug][gc] GC(77) Reclaimed 141 empty regions
[2020-08-01T12:23:34.935+0300][2.448s][info ][gc] GC(77) Pause Remark 413M->272M(512M) 0.418ms
[2020-08-01T12:23:34.950+0300][2.462s][info ][gc] GC(83) Pause Young (Normal) (G1 Evacuation Pause) 273M->274M(512M) 13.591ms
[2020-08-01T12:23:34.982+0300][2.495s][info ][gc] GC(84) Pause Young (Normal) (G1 Evacuation Pause) 295M->296M(512M) 14.076ms
[2020-08-01T12:23:35.020+0300][2.533s][info ][gc] GC(85) Pause Young (Normal) (G1 Evacuation Pause) 337M->338M(512M) 13.587ms
[2020-08-01T12:23:35.051+0300][2.564s][info ][gc] GC(86) Pause Young (Normal) (G1 Evacuation Pause) 359M->361M(512M) 11.482ms
[2020-08-01T12:23:35.080+0300][2.593s][info ][gc] GC(87) Pause Young (Normal) (G1 Evacuation Pause) 382M->383M(512M) 10.702ms
[2020-08-01T12:23:35.109+0300][2.622s][info ][gc] GC(88) Pause Young (Normal) (G1 Evacuation Pause) 404M->406M(512M) 11.142ms
[2020-08-01T12:23:35.136+0300][2.649s][info ][gc] GC(89) Pause Young (Normal) (G1 Evacuation Pause) 427M->428M(512M) 11.289ms
[2020-08-01T12:23:35.158+0300][2.671s][info ][gc] GC(77) Pause Cleanup 468M->468M(512M) 0.119ms
[2020-08-01T12:23:35.158+0300][2.671s][info ][gc] GC(77) Concurrent Cycle 352.328ms
[2020-08-01T12:23:35.171+0300][2.683s][info ][gc] GC(90) Pause Young (Normal) (G1 Evacuation Pause) 469M->471M(512M) 12.047ms
[2020-08-01T12:23:35.196+0300][2.709s][info ][gc] GC(91) To-space exhausted
[2020-08-01T12:23:35.196+0300][2.709s][info ][gc] GC(91) Pause Young (Concurrent Start) (G1 Evacuation Pause) 492M->499M(512M) 17.148ms
[2020-08-01T12:23:35.196+0300][2.709s][info ][gc] GC(92) Concurrent Cycle
[2020-08-01T12:23:35.228+0300][2.741s][info ][gc] GC(93) To-space exhausted
[2020-08-01T12:23:35.228+0300][2.741s][info ][gc] GC(93) Pause Young (Normal) (G1 Evacuation Pause) 511M->511M(512M) 26.052ms
[2020-08-01T12:23:35.228+0300][2.741s][debug][gc] GC(94) Clear Next Bitmap 0.249ms
[2020-08-01T12:23:35.265+0300][2.778s][info ][gc] GC(94) Pause Full (G1 Evacuation Pause) 511M->57M(512M) 36.925ms
[2020-08-01T12:23:35.265+0300][2.778s][info ][gc] GC(92) Concurrent Cycle 69.159ms
[2020-08-01T12:23:35.286+0300][2.799s][info ][gc] GC(95) Pause Young (Normal) (G1 Evacuation Pause) 82M->82M(512M) 11.128ms
[2020-08-01T12:23:35.308+0300][2.821s][info ][gc] GC(96) Pause Young (Normal) (G1 Evacuation Pause) 105M->106M(512M) 12.077ms
[2020-08-01T12:23:35.328+0300][2.841s][info ][gc] GC(97) Pause Young (Normal) (G1 Evacuation Pause) 127M->128M(512M) 11.289ms
[2020-08-01T12:23:35.352+0300][2.865s][info ][gc] GC(98) Pause Young (Normal) (G1 Evacuation Pause) 169M->170M(512M) 11.745ms
[2020-08-01T12:23:35.372+0300][2.885s][info ][gc] GC(99) Pause Young (Normal) (G1 Evacuation Pause) 191M->193M(512M) 11.144ms
[2020-08-01T12:23:35.392+0300][2.904s][info ][gc] GC(100) Pause Young (Normal) (G1 Evacuation Pause) 214M->215M(512M) 11.062ms
[2020-08-01T12:23:35.410+0300][2.923s][info ][gc] GC(101) Pause Young (Normal) (G1 Evacuation Pause) 236M->237M(512M) 10.254ms
[2020-08-01T12:23:35.429+0300][2.942s][info ][gc] GC(102) Pause Young (Concurrent Start) (G1 Evacuation Pause) 258M->260M(512M) 10.759ms
[2020-08-01T12:23:35.429+0300][2.942s][info ][gc] GC(103) Concurrent Cycle
[2020-08-01T12:23:35.453+0300][2.966s][info ][gc] GC(104) Pause Young (Normal) (G1 Evacuation Pause) 301M->302M(512M) 11.529ms
[2020-08-01T12:23:35.473+0300][2.986s][info ][gc] GC(105) Pause Young (Normal) (G1 Evacuation Pause) 323M->324M(512M) 10.416ms
[2020-08-01T12:23:35.493+0300][3.006s][info ][gc] GC(106) Pause Young (Normal) (G1 Evacuation Pause) 345M->347M(512M) 10.469ms
[2020-08-01T12:23:35.513+0300][3.026s][info ][gc] GC(107) Pause Young (Normal) (G1 Evacuation Pause) 368M->370M(512M) 10.647ms
[2020-08-01T12:23:35.534+0300][3.047s][info ][gc] GC(108) Pause Young (Normal) (G1 Evacuation Pause) 391M->392M(512M) 10.696ms
[2020-08-01T12:23:35.554+0300][3.067s][info ][gc] GC(109) Pause Young (Normal) (G1 Evacuation Pause) 413M->414M(512M) 10.606ms
[2020-08-01T12:23:35.580+0300][3.093s][info ][gc] GC(110) Pause Young (Normal) (G1 Evacuation Pause) 455M->456M(512M) 12.867ms
[2020-08-01T12:23:35.599+0300][3.112s][info ][gc] GC(111) Pause Young (Normal) (G1 Evacuation Pause) 477M->478M(512M) 10.941ms
[2020-08-01T12:23:35.606+0300][3.119s][debug][gc] GC(103) Reclaimed 125 empty regions
[2020-08-01T12:23:35.607+0300][3.119s][info ][gc] GC(103) Pause Remark 495M->372M(512M) 0.434ms
[2020-08-01T12:23:35.620+0300][3.132s][info ][gc] GC(112) Pause Young (Normal) (G1 Evacuation Pause) 377M->378M(512M) 10.859ms
[2020-08-01T12:23:35.643+0300][3.156s][info ][gc] GC(113) Pause Young (Normal) (G1 Evacuation Pause) 399M->401M(512M) 11.075ms
[2020-08-01T12:23:35.673+0300][3.185s][info ][gc] GC(114) Pause Young (Normal) (G1 Evacuation Pause) 422M->423M(512M) 10.893ms
[2020-08-01T12:23:35.705+0300][3.218s][info ][gc] GC(115) Pause Young (Normal) (G1 Evacuation Pause) 464M->466M(512M) 10.032ms
[2020-08-01T12:23:35.728+0300][3.241s][info ][gc] GC(116) To-space exhausted
[2020-08-01T12:23:35.728+0300][3.241s][info ][gc] GC(116) Pause Young (Normal) (G1 Evacuation Pause) 487M->497M(512M) 13.823ms
[2020-08-01T12:23:35.775+0300][3.288s][info ][gc] GC(117) To-space exhausted
[2020-08-01T12:23:35.775+0300][3.288s][info ][gc] GC(117) Pause Young (Normal) (G1 Evacuation Pause) 511M->511M(512M) 28.026ms
[2020-08-01T12:23:35.776+0300][3.289s][debug][gc] GC(118) Clear Next Bitmap 0.383ms
[2020-08-01T12:23:35.812+0300][3.325s][info ][gc] GC(118) Pause Full (G1 Evacuation Pause) 511M->58M(512M) 36.505ms
[2020-08-01T12:23:35.812+0300][3.325s][info ][gc] GC(103) Concurrent Cycle 382.683ms
[2020-08-01T12:23:35.836+0300][3.349s][info ][gc] GC(119) Pause Young (Normal) (G1 Evacuation Pause) 83M->83M(512M) 13.720ms
[2020-08-01T12:23:35.857+0300][3.370s][info ][gc] GC(120) Pause Young (Normal) (G1 Evacuation Pause) 104M->106M(512M) 11.658ms
[2020-08-01T12:23:35.875+0300][3.388s][info ][gc] GC(121) Pause Young (Normal) (G1 Evacuation Pause) 127M->128M(512M) 9.944ms
[2020-08-01T12:23:35.897+0300][3.410s][info ][gc] GC(122) Pause Young (Normal) (G1 Evacuation Pause) 169M->170M(512M) 10.834ms
[2020-08-01T12:23:35.916+0300][3.429s][info ][gc] GC(123) Pause Young (Normal) (G1 Evacuation Pause) 191M->193M(512M) 10.539ms
[2020-08-01T12:23:35.935+0300][3.448s][info ][gc] GC(124) Pause Young (Normal) (G1 Evacuation Pause) 214M->214M(512M) 10.971ms
[2020-08-01T12:23:35.956+0300][3.469s][info ][gc] GC(125) Pause Young (Normal) (G1 Evacuation Pause) 235M->237M(512M) 11.549ms
[2020-08-01T12:23:35.976+0300][3.489s][info ][gc] GC(126) Pause Young (Concurrent Start) (G1 Evacuation Pause) 258M->259M(512M) 10.541ms
[2020-08-01T12:23:35.976+0300][3.489s][info ][gc] GC(127) Concurrent Cycle
[2020-08-01T12:23:35.998+0300][3.511s][info ][gc] GC(128) Pause Young (Normal) (G1 Evacuation Pause) 280M->282M(512M) 12.336ms
[2020-08-01T12:23:36.025+0300][3.538s][info ][gc] GC(129) Pause Young (Normal) (G1 Evacuation Pause) 323M->324M(512M) 10.597ms
[2020-08-01T12:23:36.047+0300][3.560s][info ][gc] GC(130) Pause Young (Normal) (G1 Evacuation Pause) 345M->347M(512M) 10.831ms
[2020-08-01T12:23:36.071+0300][3.584s][info ][gc] GC(131) Pause Young (Normal) (G1 Evacuation Pause) 368M->368M(512M) 11.499ms
[2020-08-01T12:23:36.090+0300][3.603s][info ][gc] GC(132) Pause Young (Normal) (G1 Evacuation Pause) 389M->390M(512M) 10.190ms
[2020-08-01T12:23:36.112+0300][3.625s][info ][gc] GC(133) Pause Young (Normal) (G1 Evacuation Pause) 411M->412M(512M) 11.034ms
[2020-08-01T12:23:36.138+0300][3.651s][info ][gc] GC(134) Pause Young (Normal) (G1 Evacuation Pause) 453M->454M(512M) 12.400ms
[2020-08-01T12:23:36.146+0300][3.658s][debug][gc] GC(127) Reclaimed 130 empty regions
[2020-08-01T12:23:36.146+0300][3.658s][info ][gc] GC(127) Pause Remark 462M->335M(512M) 0.467ms
[2020-08-01T12:23:36.164+0300][3.677s][info ][gc] GC(135) Pause Young (Normal) (G1 Evacuation Pause) 348M->349M(512M) 12.858ms
[2020-08-01T12:23:36.201+0300][3.714s][info ][gc] GC(136) Pause Young (Normal) (G1 Evacuation Pause) 370M->371M(512M) 11.882ms
[2020-08-01T12:23:36.241+0300][3.754s][info ][gc] GC(137) Pause Young (Normal) (G1 Evacuation Pause) 392M->393M(512M) 12.206ms
[2020-08-01T12:23:36.277+0300][3.790s][info ][gc] GC(138) Pause Young (Normal) (G1 Evacuation Pause) 414M->415M(512M) 13.756ms
[2020-08-01T12:23:36.302+0300][3.815s][info ][gc] GC(139) Pause Young (Normal) (G1 Evacuation Pause) 436M->438M(512M) 16.117ms
[2020-08-01T12:23:36.341+0300][3.854s][info ][gc] GC(140) Pause Young (Normal) (G1 Evacuation Pause) 479M->480M(512M) 11.857ms
[2020-08-01T12:23:36.391+0300][3.904s][info ][gc] GC(141) To-space exhausted
[2020-08-01T12:23:36.392+0300][3.905s][info ][gc] GC(141) Pause Young (Normal) (G1 Evacuation Pause) 501M->507M(512M) 32.833ms
[2020-08-01T12:23:36.414+0300][3.927s][info ][gc] GC(142) To-space exhausted
[2020-08-01T12:23:36.414+0300][3.927s][info ][gc] GC(142) Pause Young (Normal) (G1 Evacuation Pause) 511M->511M(512M) 16.505ms
[2020-08-01T12:23:36.415+0300][3.928s][debug][gc] GC(143) Clear Next Bitmap 0.492ms
[2020-08-01T12:23:36.464+0300][3.977s][info ][gc] GC(143) Pause Full (G1 Evacuation Pause) 511M->65M(512M) 49.503ms
[2020-08-01T12:23:36.464+0300][3.977s][info ][gc] GC(127) Concurrent Cycle 487.952ms
[2020-08-01T12:23:36.487+0300][4.000s][info ][gc] GC(144) Pause Young (Normal) (G1 Evacuation Pause) 92M->92M(512M) 11.315ms
[2020-08-01T12:23:36.509+0300][4.022s][info ][gc] GC(145) Pause Young (Normal) (G1 Evacuation Pause) 117M->119M(512M) 12.244ms
[2020-08-01T12:23:36.532+0300][4.045s][info ][gc] GC(146) Pause Young (Normal) (G1 Evacuation Pause) 160M->161M(512M) 11.190ms
[2020-08-01T12:23:36.552+0300][4.065s][info ][gc] GC(147) Pause Young (Normal) (G1 Evacuation Pause) 182M->183M(512M) 11.166ms
[2020-08-01T12:23:36.571+0300][4.084s][info ][gc] GC(148) Pause Young (Normal) (G1 Evacuation Pause) 204M->206M(512M) 10.460ms
[2020-08-01T12:23:36.591+0300][4.104s][info ][gc] GC(149) Pause Young (Normal) (G1 Evacuation Pause) 227M->228M(512M) 11.582ms
[2020-08-01T12:23:36.610+0300][4.123s][info ][gc] GC(150) Pause Young (Normal) (G1 Evacuation Pause) 249M->251M(512M) 10.795ms
[2020-08-01T12:23:36.629+0300][4.142s][info ][gc] GC(151) Pause Young (Concurrent Start) (G1 Evacuation Pause) 272M->273M(512M) 10.611ms
[2020-08-01T12:23:36.629+0300][4.142s][info ][gc] GC(152) Concurrent Cycle
[2020-08-01T12:23:36.654+0300][4.166s][info ][gc] GC(153) Pause Young (Normal) (G1 Evacuation Pause) 314M->315M(512M) 10.684ms
[2020-08-01T12:23:36.677+0300][4.190s][info ][gc] GC(154) Pause Young (Normal) (G1 Evacuation Pause) 336M->337M(512M) 13.153ms
[2020-08-01T12:23:36.698+0300][4.211s][info ][gc] GC(155) Pause Young (Normal) (G1 Evacuation Pause) 358M->360M(512M) 11.243ms
[2020-08-01T12:23:36.718+0300][4.231s][info ][gc] GC(156) Pause Young (Normal) (G1 Evacuation Pause) 381M->382M(512M) 11.410ms
[2020-08-01T12:23:36.738+0300][4.250s][info ][gc] GC(157) Pause Young (Normal) (G1 Evacuation Pause) 403M->404M(512M) 10.503ms
[2020-08-01T12:23:36.763+0300][4.276s][info ][gc] GC(158) Pause Young (Normal) (G1 Evacuation Pause) 445M->446M(512M) 11.994ms
[2020-08-01T12:23:36.784+0300][4.297s][info ][gc] GC(159) Pause Young (Normal) (G1 Evacuation Pause) 467M->469M(512M) 12.628ms
[2020-08-01T12:23:36.812+0300][4.325s][info ][gc] GC(160) To-space exhausted
[2020-08-01T12:23:36.812+0300][4.325s][info ][gc] GC(160) Pause Young (Normal) (G1 Evacuation Pause) 490M->497M(512M) 19.198ms
[2020-08-01T12:23:36.842+0300][4.354s][info ][gc] GC(161) To-space exhausted
[2020-08-01T12:23:36.842+0300][4.355s][info ][gc] GC(161) Pause Young (Normal) (G1 Evacuation Pause) 508M->508M(512M) 23.733ms
[2020-08-01T12:23:36.842+0300][4.355s][debug][gc] GC(162) Clear Next Bitmap 0.342ms
[2020-08-01T12:23:36.896+0300][4.409s][info ][gc] GC(162) Pause Full (G1 Evacuation Pause) 508M->77M(512M) 53.873ms
[2020-08-01T12:23:36.896+0300][4.409s][info ][gc] GC(152) Concurrent Cycle 266.577ms
[2020-08-01T12:23:36.919+0300][4.432s][info ][gc] GC(163) Pause Young (Normal) (G1 Evacuation Pause) 103M->103M(512M) 11.844ms
[2020-08-01T12:23:36.941+0300][4.454s][info ][gc] GC(164) Pause Young (Normal) (G1 Evacuation Pause) 127M->129M(512M) 11.681ms
[2020-08-01T12:23:36.964+0300][4.477s][info ][gc] GC(165) Pause Young (Normal) (G1 Evacuation Pause) 170M->172M(512M) 11.745ms
[2020-08-01T12:23:36.984+0300][4.497s][info ][gc] GC(166) Pause Young (Normal) (G1 Evacuation Pause) 193M->195M(512M) 11.551ms
[2020-08-01T12:23:37.004+0300][4.517s][info ][gc] GC(167) Pause Young (Normal) (G1 Evacuation Pause) 216M->218M(512M) 10.965ms
[2020-08-01T12:23:37.025+0300][4.537s][info ][gc] GC(168) Pause Young (Normal) (G1 Evacuation Pause) 239M->240M(512M) 12.429ms
[2020-08-01T12:23:37.044+0300][4.557s][info ][gc] GC(169) Pause Young (Concurrent Start) (G1 Evacuation Pause) 261M->263M(512M) 11.040ms
[2020-08-01T12:23:37.044+0300][4.557s][info ][gc] GC(170) Concurrent Cycle
[2020-08-01T12:23:37.069+0300][4.582s][info ][gc] GC(171) Pause Young (Normal) (G1 Evacuation Pause) 304M->305M(512M) 11.788ms
[2020-08-01T12:23:37.088+0300][4.601s][info ][gc] GC(172) Pause Young (Normal) (G1 Evacuation Pause) 326M->327M(512M) 10.974ms
[2020-08-01T12:23:37.108+0300][4.621s][info ][gc] GC(173) Pause Young (Normal) (G1 Evacuation Pause) 348M->349M(512M) 11.173ms
[2020-08-01T12:23:37.129+0300][4.642s][info ][gc] GC(174) Pause Young (Normal) (G1 Evacuation Pause) 370M->371M(512M) 11.134ms
[2020-08-01T12:23:37.150+0300][4.663s][info ][gc] GC(175) Pause Young (Normal) (G1 Evacuation Pause) 392M->394M(512M) 10.933ms
[2020-08-01T12:23:37.173+0300][4.686s][info ][gc] GC(176) Pause Young (Normal) (G1 Evacuation Pause) 415M->416M(512M) 12.574ms
[2020-08-01T12:23:37.199+0300][4.712s][info ][gc] GC(177) Pause Young (Normal) (G1 Evacuation Pause) 457M->458M(512M) 11.877ms
[2020-08-01T12:23:37.219+0300][4.732s][info ][gc] GC(178) Pause Young (Normal) (G1 Evacuation Pause) 479M->481M(512M) 11.380ms
[2020-08-01T12:23:37.229+0300][4.742s][debug][gc] GC(170) Reclaimed 128 empty regions
[2020-08-01T12:23:37.229+0300][4.742s][info ][gc] GC(170) Pause Remark 502M->377M(512M) 0.442ms
[2020-08-01T12:23:37.241+0300][4.754s][info ][gc] GC(179) Pause Young (Normal) (G1 Evacuation Pause) 377M->379M(512M) 11.955ms
[2020-08-01T12:23:37.270+0300][4.783s][info ][gc] GC(180) Pause Young (Normal) (G1 Evacuation Pause) 400M->401M(512M) 11.681ms
[2020-08-01T12:23:37.303+0300][4.816s][info ][gc] GC(181) Pause Young (Normal) (G1 Evacuation Pause) 422M->423M(512M) 12.174ms
[2020-08-01T12:23:37.349+0300][4.862s][info ][gc] GC(182) Pause Young (Normal) (G1 Evacuation Pause) 464M->465M(512M) 12.656ms
[2020-08-01T12:23:37.380+0300][4.893s][info ][gc] GC(183) To-space exhausted
[2020-08-01T12:23:37.380+0300][4.893s][info ][gc] GC(183) Pause Young (Normal) (G1 Evacuation Pause) 486M->491M(512M) 11.442ms
[2020-08-01T12:23:37.434+0300][4.946s][info ][gc] GC(184) To-space exhausted
[2020-08-01T12:23:37.434+0300][4.947s][info ][gc] GC(184) Pause Young (Normal) (G1 Evacuation Pause) 511M->511M(512M) 36.767ms
[2020-08-01T12:23:37.434+0300][4.947s][debug][gc] GC(185) Clear Next Bitmap 0.230ms
[2020-08-01T12:23:37.474+0300][4.987s][info ][gc] GC(185) Pause Full (G1 Evacuation Pause) 511M->65M(512M) 40.467ms
[2020-08-01T12:23:37.474+0300][4.987s][info ][gc] GC(170) Concurrent Cycle 430.375ms
[2020-08-01T12:23:37.497+0300][5.010s][info ][gc] GC(186) Pause Young (Normal) (G1 Evacuation Pause) 90M->90M(512M) 12.670ms
[2020-08-01T12:23:37.517+0300][5.030s][info ][gc] GC(187) Pause Young (Normal) (G1 Evacuation Pause) 112M->114M(512M) 11.203ms
[2020-08-01T12:23:37.536+0300][5.049s][info ][gc] GC(188) Pause Young (Normal) (G1 Evacuation Pause) 135M->136M(512M) 10.400ms
[2020-08-01T12:23:37.557+0300][5.070s][info ][gc] GC(189) Pause Young (Normal) (G1 Evacuation Pause) 177M->179M(512M) 10.551ms
[2020-08-01T12:23:37.576+0300][5.089s][info ][gc] GC(190) Pause Young (Normal) (G1 Evacuation Pause) 200M->201M(512M) 10.312ms
[2020-08-01T12:23:37.595+0300][5.108s][info ][gc] GC(191) Pause Young (Normal) (G1 Evacuation Pause) 222M->224M(512M) 10.508ms
[2020-08-01T12:23:37.617+0300][5.130s][info ][gc] GC(192) Pause Young (Normal) (G1 Evacuation Pause) 245M->246M(512M) 13.040ms
[2020-08-01T12:23:37.641+0300][5.154s][info ][gc] GC(193) Pause Young (Concurrent Start) (G1 Evacuation Pause) 267M->268M(512M) 14.297ms
[2020-08-01T12:23:37.641+0300][5.154s][info ][gc] GC(194) Concurrent Cycle
[2020-08-01T12:23:37.670+0300][5.183s][info ][gc] GC(195) Pause Young (Normal) (G1 Evacuation Pause) 309M->310M(512M) 13.388ms
[2020-08-01T12:23:37.694+0300][5.207s][info ][gc] GC(196) Pause Young (Normal) (G1 Evacuation Pause) 331M->333M(512M) 13.855ms
[2020-08-01T12:23:37.714+0300][5.227s][info ][gc] GC(197) Pause Young (Normal) (G1 Evacuation Pause) 354M->355M(512M) 11.657ms
[2020-08-01T12:23:37.734+0300][5.246s][info ][gc] GC(198) Pause Young (Normal) (G1 Evacuation Pause) 376M->378M(512M) 10.760ms
[2020-08-01T12:23:37.753+0300][5.266s][info ][gc] GC(199) Pause Young (Normal) (G1 Evacuation Pause) 399M->400M(512M) 10.519ms
[2020-08-01T12:23:37.772+0300][5.285s][info ][gc] GC(200) Pause Young (Normal) (G1 Evacuation Pause) 421M->422M(512M) 10.515ms
[2020-08-01T12:23:37.798+0300][5.311s][info ][gc] GC(201) Pause Young (Normal) (G1 Evacuation Pause) 463M->465M(512M) 11.645ms
[2020-08-01T12:23:37.824+0300][5.337s][info ][gc] GC(202) To-space exhausted
[2020-08-01T12:23:37.824+0300][5.337s][info ][gc] GC(202) Pause Young (Normal) (G1 Evacuation Pause) 486M->492M(512M) 15.432ms
[2020-08-01T12:23:37.868+0300][5.381s][info ][gc] GC(203) To-space exhausted
[2020-08-01T12:23:37.868+0300][5.381s][info ][gc] GC(203) Pause Young (Normal) (G1 Evacuation Pause) 509M->509M(512M) 34.889ms
[2020-08-01T12:23:37.869+0300][5.382s][debug][gc] GC(204) Clear Next Bitmap 0.262ms
[2020-08-01T12:23:37.921+0300][5.434s][info ][gc] GC(204) Pause Full (G1 Evacuation Pause) 509M->78M(512M) 52.686ms
[2020-08-01T12:23:37.921+0300][5.434s][info ][gc] GC(194) Concurrent Cycle 280.099ms
[2020-08-01T12:23:37.943+0300][5.456s][info ][gc] GC(205) Pause Young (Normal) (G1 Evacuation Pause) 103M->104M(512M) 11.930ms
[2020-08-01T12:23:37.965+0300][5.477s][info ][gc] GC(206) Pause Young (Normal) (G1 Evacuation Pause) 127M->128M(512M) 12.412ms
[2020-08-01T12:23:37.986+0300][5.499s][info ][gc] GC(207) Pause Young (Normal) (G1 Evacuation Pause) 169M->170M(512M) 10.561ms
[2020-08-01T12:23:38.005+0300][5.518s][info ][gc] GC(208) Pause Young (Normal) (G1 Evacuation Pause) 191M->193M(512M) 10.595ms
[2020-08-01T12:23:38.024+0300][5.537s][info ][gc] GC(209) Pause Young (Normal) (G1 Evacuation Pause) 214M->215M(512M) 10.138ms
[2020-08-01T12:23:38.043+0300][5.556s][info ][gc] GC(210) Pause Young (Normal) (G1 Evacuation Pause) 236M->237M(512M) 10.896ms
[2020-08-01T12:23:38.062+0300][5.575s][info ][gc] GC(211) Pause Young (Concurrent Start) (G1 Evacuation Pause) 258M->259M(512M) 10.368ms
[2020-08-01T12:23:38.062+0300][5.575s][info ][gc] GC(212) Concurrent Cycle
[2020-08-01T12:23:38.088+0300][5.601s][info ][gc] GC(213) Pause Young (Normal) (G1 Evacuation Pause) 300M->302M(512M) 11.097ms
[2020-08-01T12:23:38.109+0300][5.622s][info ][gc] GC(214) Pause Young (Normal) (G1 Evacuation Pause) 323M->324M(512M) 10.958ms
[2020-08-01T12:23:38.130+0300][5.643s][info ][gc] GC(215) Pause Young (Normal) (G1 Evacuation Pause) 345M->346M(512M) 12.365ms
[2020-08-01T12:23:38.151+0300][5.664s][info ][gc] GC(216) Pause Young (Normal) (G1 Evacuation Pause) 367M->369M(512M) 11.454ms
[2020-08-01T12:23:38.171+0300][5.684s][info ][gc] GC(217) Pause Young (Normal) (G1 Evacuation Pause) 390M->391M(512M) 10.769ms
[2020-08-01T12:23:38.191+0300][5.704s][info ][gc] GC(218) Pause Young (Normal) (G1 Evacuation Pause) 412M->414M(512M) 11.162ms
[2020-08-01T12:23:38.213+0300][5.726s][info ][gc] GC(219) Pause Young (Normal) (G1 Evacuation Pause) 455M->456M(512M) 10.272ms
[2020-08-01T12:23:38.234+0300][5.747s][info ][gc] GC(220) Pause Young (Normal) (G1 Evacuation Pause) 477M->479M(512M) 11.476ms
[2020-08-01T12:23:38.241+0300][5.754s][debug][gc] GC(212) Reclaimed 129 empty regions
[2020-08-01T12:23:38.241+0300][5.754s][info ][gc] GC(212) Pause Remark 494M->369M(512M) 0.481ms
[2020-08-01T12:23:38.254+0300][5.767s][info ][gc] GC(221) Pause Young (Normal) (G1 Evacuation Pause) 375M->377M(512M) 10.660ms
[2020-08-01T12:23:38.298+0300][5.810s][info ][gc] GC(222) Pause Young (Normal) (G1 Evacuation Pause) 398M->399M(512M) 12.982ms
[2020-08-01T12:23:38.326+0300][5.839s][info ][gc] GC(223) Pause Young (Normal) (G1 Evacuation Pause) 420M->422M(512M) 10.573ms
[2020-08-01T12:23:38.361+0300][5.874s][info ][gc] GC(224) Pause Young (Normal) (G1 Evacuation Pause) 463M->464M(512M) 13.871ms
[2020-08-01T12:23:38.391+0300][5.904s][info ][gc] GC(225) Pause Young (Normal) (G1 Evacuation Pause) 485M->486M(512M) 15.006ms
[2020-08-01T12:23:38.440+0300][5.953s][info ][gc] GC(226) To-space exhausted
[2020-08-01T12:23:38.440+0300][5.953s][info ][gc] GC(226) Pause Young (Normal) (G1 Evacuation Pause) 507M->511M(512M) 32.542ms
[2020-08-01T12:23:38.441+0300][5.954s][debug][gc] GC(227) Clear Next Bitmap 0.393ms
[2020-08-01T12:23:38.485+0300][5.998s][info ][gc] GC(227) Pause Full (G1 Evacuation Pause) 511M->65M(512M) 44.747ms
[2020-08-01T12:23:38.486+0300][5.999s][info ][gc] GC(212) Concurrent Cycle 423.690ms
[2020-08-01T12:23:38.508+0300][6.021s][info ][gc] GC(228) Pause Young (Normal) (G1 Evacuation Pause) 91M->92M(512M) 11.568ms
[2020-08-01T12:23:38.530+0300][6.043s][info ][gc] GC(229) Pause Young (Normal) (G1 Evacuation Pause) 116M->117M(512M) 12.642ms
[2020-08-01T12:23:38.551+0300][6.064s][info ][gc] GC(230) Pause Young (Normal) (G1 Evacuation Pause) 138M->140M(512M) 12.029ms
[2020-08-01T12:23:38.574+0300][6.087s][info ][gc] GC(231) Pause Young (Normal) (G1 Evacuation Pause) 181M->182M(512M) 11.050ms
[2020-08-01T12:23:38.593+0300][6.106s][info ][gc] GC(232) Pause Young (Normal) (G1 Evacuation Pause) 203M->204M(512M) 11.097ms
[2020-08-01T12:23:38.612+0300][6.125s][info ][gc] GC(233) Pause Young (Normal) (G1 Evacuation Pause) 225M->226M(512M) 10.652ms
[2020-08-01T12:23:38.633+0300][6.146s][info ][gc] GC(234) Pause Young (Normal) (G1 Evacuation Pause) 247M->249M(512M) 11.940ms
[2020-08-01T12:23:38.656+0300][6.168s][info ][gc] GC(235) Pause Young (Concurrent Start) (G1 Evacuation Pause) 270M->271M(512M) 14.385ms
[2020-08-01T12:23:38.656+0300][6.169s][info ][gc] GC(236) Concurrent Cycle
[2020-08-01T12:23:38.682+0300][6.195s][info ][gc] GC(237) Pause Young (Normal) (G1 Evacuation Pause) 312M->313M(512M) 11.813ms
[2020-08-01T12:23:38.706+0300][6.219s][info ][gc] GC(238) Pause Young (Normal) (G1 Evacuation Pause) 334M->336M(512M) 14.428ms
[2020-08-01T12:23:38.728+0300][6.241s][info ][gc] GC(239) Pause Young (Normal) (G1 Evacuation Pause) 357M->358M(512M) 12.600ms
[2020-08-01T12:23:38.748+0300][6.261s][info ][gc] GC(240) Pause Young (Normal) (G1 Evacuation Pause) 379M->381M(512M) 11.018ms
[2020-08-01T12:23:38.769+0300][6.282s][info ][gc] GC(241) Pause Young (Normal) (G1 Evacuation Pause) 402M->403M(512M) 10.950ms
[2020-08-01T12:23:38.793+0300][6.306s][info ][gc] GC(242) Pause Young (Normal) (G1 Evacuation Pause) 444M->446M(512M) 11.060ms
[2020-08-01T12:23:38.812+0300][6.325s][info ][gc] GC(243) Pause Young (Normal) (G1 Evacuation Pause) 467M->468M(512M) 10.553ms
[2020-08-01T12:23:38.839+0300][6.352s][info ][gc] GC(244) To-space exhausted
[2020-08-01T12:23:38.839+0300][6.352s][info ][gc] GC(244) Pause Young (Normal) (G1 Evacuation Pause) 489M->496M(512M) 18.225ms
[2020-08-01T12:23:38.866+0300][6.379s][info ][gc] GC(245) To-space exhausted
[2020-08-01T12:23:38.867+0300][6.379s][info ][gc] GC(245) Pause Young (Normal) (G1 Evacuation Pause) 507M->507M(512M) 22.646ms
[2020-08-01T12:23:38.867+0300][6.380s][debug][gc] GC(246) Clear Next Bitmap 0.342ms
[2020-08-01T12:23:38.914+0300][6.426s][info ][gc] GC(246) Pause Full (G1 Evacuation Pause) 507M->75M(512M) 46.842ms
[2020-08-01T12:23:38.914+0300][6.427s][info ][gc] GC(236) Concurrent Cycle 258.240ms
[2020-08-01T12:23:38.936+0300][6.449s][info ][gc] GC(247) Pause Young (Normal) (G1 Evacuation Pause) 100M->101M(512M) 12.520ms
[2020-08-01T12:23:38.958+0300][6.471s][info ][gc] GC(248) Pause Young (Normal) (G1 Evacuation Pause) 123M->124M(512M) 10.741ms
[2020-08-01T12:23:38.986+0300][6.499s][info ][gc] GC(249) Pause Young (Normal) (G1 Evacuation Pause) 165M->166M(512M) 11.793ms
[2020-08-01T12:23:39.010+0300][6.523s][info ][gc] GC(250) Pause Young (Normal) (G1 Evacuation Pause) 187M->189M(512M) 14.283ms
[2020-08-01T12:23:39.030+0300][6.543s][info ][gc] GC(251) Pause Young (Normal) (G1 Evacuation Pause) 210M->212M(512M) 10.915ms
[2020-08-01T12:23:39.049+0300][6.562s][info ][gc] GC(252) Pause Young (Normal) (G1 Evacuation Pause) 233M->235M(512M) 11.361ms
[2020-08-01T12:23:39.071+0300][6.583s][info ][gc] GC(253) Pause Young (Concurrent Start) (G1 Evacuation Pause) 256M->257M(512M) 12.399ms
[2020-08-01T12:23:39.071+0300][6.584s][info ][gc] GC(254) Concurrent Cycle
[2020-08-01T12:23:39.091+0300][6.603s][info ][gc] GC(255) Pause Young (Normal) (G1 Evacuation Pause) 278M->279M(512M) 11.042ms
[2020-08-01T12:23:39.114+0300][6.627s][info ][gc] GC(256) Pause Young (Normal) (G1 Evacuation Pause) 320M->322M(512M) 10.804ms
[2020-08-01T12:23:39.135+0300][6.648s][info ][gc] GC(257) Pause Young (Normal) (G1 Evacuation Pause) 343M->344M(512M) 11.258ms
[2020-08-01T12:23:39.155+0300][6.668s][info ][gc] GC(258) Pause Young (Normal) (G1 Evacuation Pause) 365M->367M(512M) 10.803ms
[2020-08-01T12:23:39.176+0300][6.689s][info ][gc] GC(259) Pause Young (Normal) (G1 Evacuation Pause) 388M->389M(512M) 10.953ms
[2020-08-01T12:23:39.196+0300][6.709s][info ][gc] GC(260) Pause Young (Normal) (G1 Evacuation Pause) 410M->412M(512M) 10.695ms
[2020-08-01T12:23:39.222+0300][6.735s][info ][gc] GC(261) Pause Young (Normal) (G1 Evacuation Pause) 453M->455M(512M) 12.191ms
[2020-08-01T12:23:39.243+0300][6.756s][info ][gc] GC(262) Pause Young (Normal) (G1 Evacuation Pause) 476M->477M(512M) 11.789ms
[2020-08-01T12:23:39.249+0300][6.762s][debug][gc] GC(254) Reclaimed 132 empty regions
[2020-08-01T12:23:39.249+0300][6.762s][info ][gc] GC(254) Pause Remark 490M->362M(512M) 0.473ms
[2020-08-01T12:23:39.265+0300][6.778s][info ][gc] GC(263) Pause Young (Normal) (G1 Evacuation Pause) 370M->372M(512M) 12.433ms
[2020-08-01T12:23:39.303+0300][6.816s][info ][gc] GC(264) Pause Young (Normal) (G1 Evacuation Pause) 393M->394M(512M) 13.440ms
[2020-08-01T12:23:39.335+0300][6.848s][info ][gc] GC(265) Pause Young (Normal) (G1 Evacuation Pause) 415M->416M(512M) 13.740ms
[2020-08-01T12:23:39.367+0300][6.880s][info ][gc] GC(266) Pause Young (Normal) (G1 Evacuation Pause) 437M->438M(512M) 11.908ms
[2020-08-01T12:23:39.403+0300][6.915s][info ][gc] GC(267) Pause Young (Normal) (G1 Evacuation Pause) 479M->481M(512M) 11.425ms
[2020-08-01T12:23:39.450+0300][6.963s][info ][gc] GC(268) To-space exhausted
[2020-08-01T12:23:39.450+0300][6.963s][info ][gc] GC(268) Pause Young (Normal) (G1 Evacuation Pause) 502M->509M(512M) 28.520ms
[2020-08-01T12:23:39.468+0300][6.981s][info ][gc] GC(269) To-space exhausted
[2020-08-01T12:23:39.468+0300][6.981s][info ][gc] GC(269) Pause Young (Normal) (G1 Evacuation Pause) 511M->511M(512M) 9.731ms
[2020-08-01T12:23:39.469+0300][6.982s][debug][gc] GC(270) Clear Next Bitmap 0.364ms
[2020-08-01T12:23:39.508+0300][7.020s][info ][gc] GC(270) Pause Full (G1 Evacuation Pause) 511M->63M(512M) 39.302ms
[2020-08-01T12:23:39.508+0300][7.021s][info ][gc] GC(254) Concurrent Cycle 437.127ms
[2020-08-01T12:23:39.528+0300][7.041s][info ][gc] GC(271) Pause Young (Normal) (G1 Evacuation Pause) 88M->88M(512M) 10.573ms
[2020-08-01T12:23:39.548+0300][7.060s][info ][gc] GC(272) Pause Young (Normal) (G1 Evacuation Pause) 109M->110M(512M) 10.796ms
[2020-08-01T12:23:39.568+0300][7.081s][info ][gc] GC(273) Pause Young (Normal) (G1 Evacuation Pause) 131M->133M(512M) 11.920ms
[2020-08-01T12:23:39.597+0300][7.110s][info ][gc] GC(274) Pause Young (Normal) (G1 Evacuation Pause) 174M->175M(512M) 13.934ms
[2020-08-01T12:23:39.617+0300][7.130s][info ][gc] GC(275) Pause Young (Normal) (G1 Evacuation Pause) 196M->197M(512M) 10.747ms
[2020-08-01T12:23:39.637+0300][7.150s][info ][gc] GC(276) Pause Young (Normal) (G1 Evacuation Pause) 218M->220M(512M) 10.930ms
[2020-08-01T12:23:39.657+0300][7.170s][info ][gc] GC(277) Pause Young (Normal) (G1 Evacuation Pause) 241M->242M(512M) 10.472ms
[2020-08-01T12:23:39.676+0300][7.189s][info ][gc] GC(278) Pause Young (Concurrent Start) (G1 Evacuation Pause) 263M->264M(512M) 10.546ms
[2020-08-01T12:23:39.676+0300][7.189s][info ][gc] GC(279) Concurrent Cycle
[2020-08-01T12:23:39.701+0300][7.214s][info ][gc] GC(280) Pause Young (Normal) (G1 Evacuation Pause) 305M->307M(512M) 11.349ms
[2020-08-01T12:23:39.721+0300][7.234s][info ][gc] GC(281) Pause Young (Normal) (G1 Evacuation Pause) 328M->329M(512M) 10.561ms
[2020-08-01T12:23:39.740+0300][7.253s][info ][gc] GC(282) Pause Young (Normal) (G1 Evacuation Pause) 350M->351M(512M) 10.515ms
[2020-08-01T12:23:39.759+0300][7.272s][info ][gc] GC(283) Pause Young (Normal) (G1 Evacuation Pause) 372M->373M(512M) 10.342ms
[2020-08-01T12:23:39.778+0300][7.291s][info ][gc] GC(284) Pause Young (Normal) (G1 Evacuation Pause) 394M->395M(512M) 10.304ms
[2020-08-01T12:23:39.798+0300][7.310s][info ][gc] GC(285) Pause Young (Normal) (G1 Evacuation Pause) 416M->418M(512M) 10.617ms
[2020-08-01T12:23:39.821+0300][7.333s][info ][gc] GC(286) Pause Young (Normal) (G1 Evacuation Pause) 459M->461M(512M) 11.165ms
[2020-08-01T12:23:39.841+0300][7.353s][info ][gc] GC(287) To-space exhausted
[2020-08-01T12:23:39.841+0300][7.354s][info ][gc] GC(287) Pause Young (Normal) (G1 Evacuation Pause) 482M->485M(512M) 10.928ms
[2020-08-01T12:23:39.885+0300][7.398s][info ][gc] GC(288) To-space exhausted
[2020-08-01T12:23:39.885+0300][7.398s][info ][gc] GC(288) Pause Young (Normal) (G1 Evacuation Pause) 506M->508M(512M) 35.356ms
[2020-08-01T12:23:39.885+0300][7.398s][debug][gc] GC(289) Clear Next Bitmap 0.271ms
[2020-08-01T12:23:39.936+0300][7.449s][info ][gc] GC(289) Pause Full (G1 Evacuation Pause) 508M->80M(512M) 50.942ms
[2020-08-01T12:23:39.936+0300][7.449s][info ][gc] GC(279) Concurrent Cycle 259.897ms
[2020-08-01T12:23:39.960+0300][7.473s][info ][gc] GC(290) Pause Young (Normal) (G1 Evacuation Pause) 106M->106M(512M) 13.180ms
[2020-08-01T12:23:39.987+0300][7.500s][info ][gc] GC(291) Pause Young (Normal) (G1 Evacuation Pause) 129M->130M(512M) 17.383ms
[2020-08-01T12:23:40.011+0300][7.524s][info ][gc] GC(292) Pause Young (Normal) (G1 Evacuation Pause) 171M->173M(512M) 10.453ms
[2020-08-01T12:23:40.030+0300][7.543s][info ][gc] GC(293) Pause Young (Normal) (G1 Evacuation Pause) 194M->195M(512M) 10.705ms
[2020-08-01T12:23:40.049+0300][7.562s][info ][gc] GC(294) Pause Young (Normal) (G1 Evacuation Pause) 216M->217M(512M) 10.835ms
[2020-08-01T12:23:40.068+0300][7.581s][info ][gc] GC(295) Pause Young (Normal) (G1 Evacuation Pause) 238M->239M(512M) 10.482ms
[2020-08-01T12:23:40.087+0300][7.600s][info ][gc] GC(296) Pause Young (Concurrent Start) (G1 Evacuation Pause) 260M->262M(512M) 10.399ms
[2020-08-01T12:23:40.087+0300][7.600s][info ][gc] GC(297) Concurrent Cycle
[2020-08-01T12:23:40.113+0300][7.626s][info ][gc] GC(298) Pause Young (Normal) (G1 Evacuation Pause) 303M->304M(512M) 11.306ms
[2020-08-01T12:23:40.132+0300][7.645s][info ][gc] GC(299) Pause Young (Normal) (G1 Evacuation Pause) 325M->326M(512M) 10.388ms
[2020-08-01T12:23:40.153+0300][7.665s][info ][gc] GC(300) Pause Young (Normal) (G1 Evacuation Pause) 347M->349M(512M) 11.441ms
[2020-08-01T12:23:40.172+0300][7.685s][info ][gc] GC(301) Pause Young (Normal) (G1 Evacuation Pause) 370M->371M(512M) 10.529ms
[2020-08-01T12:23:40.191+0300][7.704s][info ][gc] GC(302) Pause Young (Normal) (G1 Evacuation Pause) 392M->394M(512M) 10.434ms
[2020-08-01T12:23:40.211+0300][7.724s][info ][gc] GC(303) Pause Young (Normal) (G1 Evacuation Pause) 415M->416M(512M) 10.432ms
[2020-08-01T12:23:40.236+0300][7.749s][info ][gc] GC(304) Pause Young (Normal) (G1 Evacuation Pause) 457M->459M(512M) 12.334ms
[2020-08-01T12:23:40.257+0300][7.770s][info ][gc] GC(305) Pause Young (Normal) (G1 Evacuation Pause) 480M->481M(512M) 10.767ms
[2020-08-01T12:23:40.300+0300][7.813s][info ][gc] GC(306) To-space exhausted
[2020-08-01T12:23:40.300+0300][7.813s][info ][gc] GC(306) Pause Young (Normal) (G1 Evacuation Pause) 502M->509M(512M) 32.398ms
[2020-08-01T12:23:40.301+0300][7.813s][debug][gc] GC(307) Clear Next Bitmap 0.304ms
[2020-08-01T12:23:40.354+0300][7.867s][info ][gc] GC(307) Pause Full (G1 Evacuation Pause) 509M->78M(512M) 53.464ms
[2020-08-01T12:23:40.354+0300][7.867s][info ][gc] GC(297) Concurrent Cycle 266.485ms
[2020-08-01T12:23:40.380+0300][7.892s][info ][gc] GC(308) Pause Young (Normal) (G1 Evacuation Pause) 104M->104M(512M) 14.218ms
[2020-08-01T12:23:40.402+0300][7.915s][info ][gc] GC(309) Pause Young (Normal) (G1 Evacuation Pause) 127M->128M(512M) 12.889ms
[2020-08-01T12:23:40.426+0300][7.939s][info ][gc] GC(310) Pause Young (Normal) (G1 Evacuation Pause) 169M->171M(512M) 11.754ms
[2020-08-01T12:23:40.445+0300][7.958s][info ][gc] GC(311) Pause Young (Normal) (G1 Evacuation Pause) 192M->194M(512M) 10.933ms
[2020-08-01T12:23:40.466+0300][7.978s][info ][gc] GC(312) Pause Young (Normal) (G1 Evacuation Pause) 215M->217M(512M) 11.484ms
[2020-08-01T12:23:40.485+0300][7.998s][info ][gc] GC(313) Pause Young (Normal) (G1 Evacuation Pause) 238M->240M(512M) 11.109ms
[2020-08-01T12:23:40.505+0300][8.018s][info ][gc] GC(314) Pause Young (Concurrent Start) (G1 Evacuation Pause) 261M->262M(512M) 10.656ms
[2020-08-01T12:23:40.505+0300][8.018s][info ][gc] GC(315) Concurrent Cycle
[2020-08-01T12:23:40.532+0300][8.045s][info ][gc] GC(316) Pause Young (Normal) (G1 Evacuation Pause) 303M->305M(512M) 13.275ms
[2020-08-01T12:23:40.552+0300][8.065s][info ][gc] GC(317) Pause Young (Normal) (G1 Evacuation Pause) 326M->327M(512M) 10.475ms
[2020-08-01T12:23:40.571+0300][8.084s][info ][gc] GC(318) Pause Young (Normal) (G1 Evacuation Pause) 348M->350M(512M) 10.495ms
[2020-08-01T12:23:40.590+0300][8.103s][info ][gc] GC(319) Pause Young (Normal) (G1 Evacuation Pause) 371M->372M(512M) 10.552ms
[2020-08-01T12:23:40.610+0300][8.123s][info ][gc] GC(320) Pause Young (Normal) (G1 Evacuation Pause) 393M->395M(512M) 10.726ms
[2020-08-01T12:23:40.630+0300][8.143s][info ][gc] GC(321) Pause Young (Normal) (G1 Evacuation Pause) 416M->417M(512M) 11.855ms
[2020-08-01T12:23:40.653+0300][8.166s][info ][gc] GC(322) Pause Young (Normal) (G1 Evacuation Pause) 458M->460M(512M) 10.597ms
[2020-08-01T12:23:40.673+0300][8.186s][info ][gc] GC(323) Pause Young (Normal) (G1 Evacuation Pause) 481M->482M(512M) 10.145ms
[2020-08-01T12:23:40.714+0300][8.227s][info ][gc] GC(324) To-space exhausted
[2020-08-01T12:23:40.714+0300][8.227s][info ][gc] GC(324) Pause Young (Normal) (G1 Evacuation Pause) 503M->508M(512M) 31.544ms
[2020-08-01T12:23:40.725+0300][8.238s][info ][gc] GC(325) To-space exhausted
[2020-08-01T12:23:40.725+0300][8.238s][info ][gc] GC(325) Pause Young (Normal) (G1 Evacuation Pause) 509M->509M(512M) 8.160ms
[2020-08-01T12:23:40.726+0300][8.239s][debug][gc] GC(326) Clear Next Bitmap 0.406ms
[2020-08-01T12:23:40.777+0300][8.290s][info ][gc] GC(326) Pause Full (G1 Evacuation Pause) 509M->77M(512M) 51.931ms
[2020-08-01T12:23:40.777+0300][8.290s][info ][gc] GC(315) Concurrent Cycle 272.560ms
[2020-08-01T12:23:40.799+0300][8.312s][info ][gc] GC(327) Pause Young (Normal) (G1 Evacuation Pause) 103M->103M(512M) 11.325ms
[2020-08-01T12:23:40.821+0300][8.334s][info ][gc] GC(328) Pause Young (Normal) (G1 Evacuation Pause) 127M->128M(512M) 12.609ms
[2020-08-01T12:23:40.843+0300][8.356s][info ][gc] GC(329) Pause Young (Normal) (G1 Evacuation Pause) 169M->171M(512M) 11.056ms
[2020-08-01T12:23:40.863+0300][8.376s][info ][gc] GC(330) Pause Young (Normal) (G1 Evacuation Pause) 192M->193M(512M) 11.449ms
[2020-08-01T12:23:40.883+0300][8.396s][info ][gc] GC(331) Pause Young (Normal) (G1 Evacuation Pause) 214M->215M(512M) 11.598ms
[2020-08-01T12:23:40.903+0300][8.415s][info ][gc] GC(332) Pause Young (Normal) (G1 Evacuation Pause) 236M->237M(512M) 10.606ms
[2020-08-01T12:23:40.922+0300][8.435s][info ][gc] GC(333) Pause Young (Concurrent Start) (G1 Evacuation Pause) 258M->260M(512M) 10.441ms
[2020-08-01T12:23:40.922+0300][8.435s][info ][gc] GC(334) Concurrent Cycle
[2020-08-01T12:23:40.947+0300][8.460s][info ][gc] GC(335) Pause Young (Normal) (G1 Evacuation Pause) 301M->302M(512M) 11.716ms
[2020-08-01T12:23:40.967+0300][8.480s][info ][gc] GC(336) Pause Young (Normal) (G1 Evacuation Pause) 323M->324M(512M) 10.916ms
[2020-08-01T12:23:40.986+0300][8.499s][info ][gc] GC(337) Pause Young (Normal) (G1 Evacuation Pause) 345M->347M(512M) 10.860ms
[2020-08-01T12:23:41.008+0300][8.521s][info ][gc] GC(338) Pause Young (Normal) (G1 Evacuation Pause) 368M->370M(512M) 12.801ms
[2020-08-01T12:23:41.027+0300][8.540s][info ][gc] GC(339) Pause Young (Normal) (G1 Evacuation Pause) 391M->391M(512M) 10.470ms
[2020-08-01T12:23:41.047+0300][8.560s][info ][gc] GC(340) Pause Young (Normal) (G1 Evacuation Pause) 412M->414M(512M) 10.696ms
[2020-08-01T12:23:41.069+0300][8.582s][info ][gc] GC(341) Pause Young (Normal) (G1 Evacuation Pause) 455M->456M(512M) 11.264ms
[2020-08-01T12:23:41.090+0300][8.603s][info ][gc] GC(342) Pause Young (Normal) (G1 Evacuation Pause) 477M->478M(512M) 10.823ms
[2020-08-01T12:23:41.129+0300][8.641s][info ][gc] GC(343) To-space exhausted
[2020-08-01T12:23:41.129+0300][8.641s][info ][gc] GC(343) Pause Young (Normal) (G1 Evacuation Pause) 499M->508M(512M) 28.164ms
[2020-08-01T12:23:41.141+0300][8.654s][info ][gc] GC(344) To-space exhausted
[2020-08-01T12:23:41.141+0300][8.654s][info ][gc] GC(344) Pause Young (Normal) (G1 Evacuation Pause) 509M->509M(512M) 9.924ms
[2020-08-01T12:23:41.142+0300][8.654s][debug][gc] GC(345) Clear Next Bitmap 0.316ms
[2020-08-01T12:23:41.196+0300][8.709s][info ][gc] GC(345) Pause Full (G1 Evacuation Pause) 509M->77M(512M) 54.529ms
[2020-08-01T12:23:41.196+0300][8.709s][info ][gc] GC(334) Pause Remark 77M->77M(512M) 0.003ms
[2020-08-01T12:23:41.197+0300][8.710s][info ][gc] GC(334) Concurrent Cycle 274.961ms
[2020-08-01T12:23:41.221+0300][8.734s][info ][gc] GC(346) Pause Young (Normal) (G1 Evacuation Pause) 103M->103M(512M) 13.775ms
[2020-08-01T12:23:41.245+0300][8.757s][info ][gc] GC(347) Pause Young (Normal) (G1 Evacuation Pause) 125M->126M(512M) 14.035ms
[2020-08-01T12:23:41.268+0300][8.781s][info ][gc] GC(348) Pause Young (Normal) (G1 Evacuation Pause) 167M->168M(512M) 12.143ms
[2020-08-01T12:23:41.294+0300][8.807s][info ][gc] GC(349) Pause Young (Normal) (G1 Evacuation Pause) 189M->191M(512M) 13.373ms
[2020-08-01T12:23:41.316+0300][8.829s][info ][gc] GC(350) Pause Young (Normal) (G1 Evacuation Pause) 212M->213M(512M) 12.706ms
[2020-08-01T12:23:41.337+0300][8.850s][info ][gc] GC(351) Pause Young (Normal) (G1 Evacuation Pause) 234M->235M(512M) 12.263ms
[2020-08-01T12:23:41.357+0300][8.869s][info ][gc] GC(352) Pause Young (Concurrent Start) (G1 Evacuation Pause) 256M->258M(512M) 10.614ms
[2020-08-01T12:23:41.357+0300][8.870s][info ][gc] GC(353) Concurrent Cycle
[2020-08-01T12:23:41.377+0300][8.890s][info ][gc] GC(354) Pause Young (Normal) (G1 Evacuation Pause) 279M->281M(512M) 11.063ms
[2020-08-01T12:23:41.400+0300][8.913s][info ][gc] GC(355) Pause Young (Normal) (G1 Evacuation Pause) 322M->323M(512M) 10.589ms
[2020-08-01T12:23:41.419+0300][8.932s][info ][gc] GC(356) Pause Young (Normal) (G1 Evacuation Pause) 344M->346M(512M) 10.145ms
[2020-08-01T12:23:41.438+0300][8.951s][info ][gc] GC(357) Pause Young (Normal) (G1 Evacuation Pause) 367M->368M(512M) 10.554ms
[2020-08-01T12:23:41.458+0300][8.971s][info ][gc] GC(358) Pause Young (Normal) (G1 Evacuation Pause) 389M->391M(512M) 11.157ms
[2020-08-01T12:23:41.477+0300][8.990s][info ][gc] GC(359) Pause Young (Normal) (G1 Evacuation Pause) 412M->414M(512M) 10.662ms
[2020-08-01T12:23:41.502+0300][9.015s][info ][gc] GC(360) Pause Young (Normal) (G1 Evacuation Pause) 455M->457M(512M) 11.425ms
[2020-08-01T12:23:41.523+0300][9.036s][info ][gc] GC(361) Pause Young (Normal) (G1 Evacuation Pause) 478M->479M(512M) 11.629ms
[2020-08-01T12:23:41.532+0300][9.045s][debug][gc] GC(353) Reclaimed 129 empty regions
[2020-08-01T12:23:41.532+0300][9.045s][info ][gc] GC(353) Pause Remark 498M->371M(512M) 0.498ms
[2020-08-01T12:23:41.544+0300][9.057s][info ][gc] GC(362) Pause Young (Normal) (G1 Evacuation Pause) 373M->375M(512M) 10.764ms
[2020-08-01T12:23:41.575+0300][9.088s][info ][gc] GC(363) Pause Young (Normal) (G1 Evacuation Pause) 396M->397M(512M) 10.698ms
[2020-08-01T12:23:41.605+0300][9.118s][info ][gc] GC(364) Pause Young (Normal) (G1 Evacuation Pause) 418M->419M(512M) 10.696ms
[2020-08-01T12:23:41.639+0300][9.152s][info ][gc] GC(365) Pause Young (Normal) (G1 Evacuation Pause) 460M->461M(512M) 13.337ms
[2020-08-01T12:23:41.669+0300][9.182s][info ][gc] GC(366) Pause Young (Normal) (G1 Evacuation Pause) 482M->484M(512M) 11.829ms
[2020-08-01T12:23:41.717+0300][9.230s][info ][gc] GC(367) To-space exhausted
[2020-08-01T12:23:41.718+0300][9.230s][info ][gc] GC(367) Pause Young (Normal) (G1 Evacuation Pause) 505M->509M(512M) 32.382ms
[2020-08-01T12:23:41.738+0300][9.251s][info ][gc] GC(368) To-space exhausted
[2020-08-01T12:23:41.738+0300][9.251s][info ][gc] GC(368) Pause Young (Normal) (G1 Evacuation Pause) 511M->511M(512M) 7.993ms
[2020-08-01T12:23:41.738+0300][9.251s][debug][gc] GC(369) Clear Next Bitmap 0.327ms
[2020-08-01T12:23:41.783+0300][9.296s][info ][gc] GC(369) Pause Full (G1 Evacuation Pause) 511M->67M(512M) 44.930ms
[2020-08-01T12:23:41.783+0300][9.296s][info ][gc] GC(353) Concurrent Cycle 426.313ms
[2020-08-01T12:23:41.805+0300][9.318s][info ][gc] GC(370) Pause Young (Normal) (G1 Evacuation Pause) 92M->92M(512M) 11.214ms
[2020-08-01T12:23:41.828+0300][9.341s][info ][gc] GC(371) Pause Young (Normal) (G1 Evacuation Pause) 114M->115M(512M) 13.531ms
[2020-08-01T12:23:41.849+0300][9.362s][info ][gc] GC(372) Pause Young (Normal) (G1 Evacuation Pause) 136M->137M(512M) 12.151ms
[2020-08-01T12:23:41.871+0300][9.384s][info ][gc] GC(373) Pause Young (Normal) (G1 Evacuation Pause) 178M->180M(512M) 10.334ms
[2020-08-01T12:23:41.890+0300][9.403s][info ][gc] GC(374) Pause Young (Normal) (G1 Evacuation Pause) 201M->202M(512M) 10.173ms
[2020-08-01T12:23:41.910+0300][9.423s][info ][gc] GC(375) Pause Young (Normal) (G1 Evacuation Pause) 223M->225M(512M) 11.167ms
[2020-08-01T12:23:41.930+0300][9.443s][info ][gc] GC(376) Pause Young (Normal) (G1 Evacuation Pause) 246M->247M(512M) 11.770ms
[2020-08-01T12:23:41.951+0300][9.464s][info ][gc] GC(377) Pause Young (Concurrent Start) (G1 Evacuation Pause) 268M->270M(512M) 11.838ms
[2020-08-01T12:23:41.951+0300][9.464s][info ][gc] GC(378) Concurrent Cycle
[2020-08-01T12:23:41.979+0300][9.492s][info ][gc] GC(379) Pause Young (Normal) (G1 Evacuation Pause) 311M->312M(512M) 13.062ms
[2020-08-01T12:23:42.000+0300][9.513s][info ][gc] GC(380) Pause Young (Normal) (G1 Evacuation Pause) 333M->334M(512M) 11.996ms
[2020-08-01T12:23:42.022+0300][9.535s][info ][gc] GC(381) Pause Young (Normal) (G1 Evacuation Pause) 355M->357M(512M) 11.727ms
[2020-08-01T12:23:42.044+0300][9.557s][info ][gc] GC(382) Pause Young (Normal) (G1 Evacuation Pause) 378M->379M(512M) 12.802ms
[2020-08-01T12:23:42.064+0300][9.577s][info ][gc] GC(383) Pause Young (Normal) (G1 Evacuation Pause) 400M->402M(512M) 10.801ms
[2020-08-01T12:23:42.085+0300][9.597s][info ][gc] GC(384) Pause Young (Normal) (G1 Evacuation Pause) 423M->424M(512M) 11.446ms
[2020-08-01T12:23:42.108+0300][9.620s][info ][gc] GC(385) Pause Young (Normal) (G1 Evacuation Pause) 465M->466M(512M) 11.118ms
[2020-08-01T12:23:42.131+0300][9.644s][info ][gc] GC(386) To-space exhausted
[2020-08-01T12:23:42.131+0300][9.644s][info ][gc] GC(386) Pause Young (Normal) (G1 Evacuation Pause) 487M->496M(512M) 14.365ms
[2020-08-01T12:23:42.165+0300][9.678s][info ][gc] GC(387) To-space exhausted
[2020-08-01T12:23:42.166+0300][9.678s][info ][gc] GC(387) Pause Young (Normal) (G1 Evacuation Pause) 509M->509M(512M) 27.721ms
[2020-08-01T12:23:42.166+0300][9.679s][debug][gc] GC(388) Clear Next Bitmap 0.342ms
[2020-08-01T12:23:42.218+0300][9.731s][info ][gc] GC(388) Pause Full (G1 Evacuation Pause) 509M->76M(512M) 52.738ms
[2020-08-01T12:23:42.219+0300][9.732s][info ][gc] GC(378) Concurrent Cycle 267.979ms
[2020-08-01T12:23:42.241+0300][9.754s][info ][gc] GC(389) Pause Young (Normal) (G1 Evacuation Pause) 101M->101M(512M) 11.287ms
[2020-08-01T12:23:42.264+0300][9.777s][info ][gc] GC(390) Pause Young (Normal) (G1 Evacuation Pause) 124M->126M(512M) 12.630ms
[2020-08-01T12:23:42.291+0300][9.804s][info ][gc] GC(391) Pause Young (Normal) (G1 Evacuation Pause) 167M->168M(512M) 11.063ms
[2020-08-01T12:23:42.316+0300][9.829s][info ][gc] GC(392) Pause Young (Normal) (G1 Evacuation Pause) 189M->190M(512M) 14.185ms
[2020-08-01T12:23:42.340+0300][9.853s][info ][gc] GC(393) Pause Young (Normal) (G1 Evacuation Pause) 211M->212M(512M) 15.285ms
[2020-08-01T12:23:42.360+0300][9.873s][info ][gc] GC(394) Pause Young (Normal) (G1 Evacuation Pause) 233M->235M(512M) 11.151ms
[2020-08-01T12:23:42.382+0300][9.895s][info ][gc] GC(395) Pause Young (Concurrent Start) (G1 Evacuation Pause) 256M->257M(512M) 13.139ms
[2020-08-01T12:23:42.382+0300][9.895s][info ][gc] GC(396) Concurrent Cycle
[2020-08-01T12:23:42.403+0300][9.916s][info ][gc] GC(397) Pause Young (Normal) (G1 Evacuation Pause) 278M->279M(512M) 10.957ms
[2020-08-01T12:23:42.425+0300][9.938s][info ][gc] GC(398) Pause Young (Normal) (G1 Evacuation Pause) 320M->322M(512M) 11.688ms
[2020-08-01T12:23:42.447+0300][9.960s][info ][gc] GC(399) Pause Young (Normal) (G1 Evacuation Pause) 343M->345M(512M) 11.443ms
[2020-08-01T12:23:42.468+0300][9.981s][info ][gc] GC(400) Pause Young (Normal) (G1 Evacuation Pause) 366M->367M(512M) 11.284ms
[2020-08-01T12:23:42.490+0300][10.003s][info ][gc] GC(401) Pause Young (Normal) (G1 Evacuation Pause) 388M->390M(512M) 12.121ms
[2020-08-01T12:23:42.511+0300][10.024s][info ][gc] GC(402) Pause Young (Normal) (G1 Evacuation Pause) 411M->413M(512M) 11.835ms
[2020-08-01T12:23:42.539+0300][10.052s][info ][gc] GC(403) Pause Young (Normal) (G1 Evacuation Pause) 454M->455M(512M) 12.683ms
[2020-08-01T12:23:42.562+0300][10.075s][info ][gc] GC(404) Pause Young (Normal) (G1 Evacuation Pause) 476M->477M(512M) 12.423ms
[2020-08-01T12:23:42.567+0300][10.080s][debug][gc] GC(396) Reclaimed 130 empty regions
[2020-08-01T12:23:42.567+0300][10.080s][info ][gc] GC(396) Pause Remark 487M->360M(512M) 0.570ms
[2020-08-01T12:23:42.584+0300][10.097s][info ][gc] GC(405) Pause Young (Normal) (G1 Evacuation Pause) 372M->373M(512M) 12.198ms
[2020-08-01T12:23:42.614+0300][10.127s][info ][gc] GC(406) Pause Young (Normal) (G1 Evacuation Pause) 394M->395M(512M) 11.216ms
[2020-08-01T12:23:42.640+0300][10.153s][info ][gc] GC(407) Pause Young (Normal) (G1 Evacuation Pause) 416M->418M(512M) 11.564ms
[2020-08-01T12:23:42.672+0300][10.185s][info ][gc] GC(408) Pause Young (Normal) (G1 Evacuation Pause) 439M->441M(512M) 12.180ms
[2020-08-01T12:23:42.706+0300][10.219s][info ][gc] GC(409) Pause Young (Normal) (G1 Evacuation Pause) 482M->483M(512M) 10.739ms
[2020-08-01T12:23:42.757+0300][10.269s][info ][gc] GC(410) To-space exhausted
[2020-08-01T12:23:42.757+0300][10.270s][info ][gc] GC(410) Pause Young (Normal) (G1 Evacuation Pause) 504M->509M(512M) 30.128ms
[2020-08-01T12:23:42.778+0300][10.291s][info ][gc] GC(411) To-space exhausted
[2020-08-01T12:23:42.778+0300][10.291s][info ][gc] GC(411) Pause Young (Normal) (G1 Evacuation Pause) 511M->511M(512M) 11.240ms
[2020-08-01T12:23:42.779+0300][10.292s][debug][gc] GC(412) Clear Next Bitmap 0.287ms
[2020-08-01T12:23:42.819+0300][10.332s][info ][gc] GC(412) Pause Full (G1 Evacuation Pause) 511M->65M(512M) 40.436ms
[2020-08-01T12:23:42.819+0300][10.332s][info ][gc] GC(396) Concurrent Cycle 436.476ms
[2020-08-01T12:23:42.840+0300][10.353s][info ][gc] GC(413) Pause Young (Normal) (G1 Evacuation Pause) 90M->90M(512M) 11.203ms
[2020-08-01T12:23:42.860+0300][10.372s][info ][gc] GC(414) Pause Young (Normal) (G1 Evacuation Pause) 111M->112M(512M) 10.988ms
[2020-08-01T12:23:42.881+0300][10.394s][info ][gc] GC(415) Pause Young (Normal) (G1 Evacuation Pause) 133M->134M(512M) 12.097ms
[2020-08-01T12:23:42.903+0300][10.416s][info ][gc] GC(416) Pause Young (Normal) (G1 Evacuation Pause) 175M->176M(512M) 10.815ms
[2020-08-01T12:23:42.924+0300][10.437s][info ][gc] GC(417) Pause Young (Normal) (G1 Evacuation Pause) 197M->199M(512M) 12.715ms
[2020-08-01T12:23:42.943+0300][10.456s][info ][gc] GC(418) Pause Young (Normal) (G1 Evacuation Pause) 220M->221M(512M) 10.149ms
[2020-08-01T12:23:42.962+0300][10.475s][info ][gc] GC(419) Pause Young (Normal) (G1 Evacuation Pause) 242M->244M(512M) 10.512ms
[2020-08-01T12:23:42.982+0300][10.495s][info ][gc] GC(420) Pause Young (Concurrent Start) (G1 Evacuation Pause) 265M->265M(512M) 11.132ms
[2020-08-01T12:23:42.982+0300][10.495s][info ][gc] GC(421) Concurrent Cycle
[2020-08-01T12:23:43.004+0300][10.517s][info ][gc] GC(422) Pause Young (Normal) (G1 Evacuation Pause) 306M->308M(512M) 10.482ms
[2020-08-01T12:23:43.024+0300][10.537s][info ][gc] GC(423) Pause Young (Normal) (G1 Evacuation Pause) 329M->331M(512M) 10.777ms
[2020-08-01T12:23:43.043+0300][10.556s][info ][gc] GC(424) Pause Young (Normal) (G1 Evacuation Pause) 352M->354M(512M) 10.700ms
[2020-08-01T12:23:43.062+0300][10.575s][info ][gc] GC(425) Pause Young (Normal) (G1 Evacuation Pause) 375M->376M(512M) 10.603ms
[2020-08-01T12:23:43.082+0300][10.595s][info ][gc] GC(426) Pause Young (Normal) (G1 Evacuation Pause) 397M->398M(512M) 10.531ms
[2020-08-01T12:23:43.102+0300][10.615s][info ][gc] GC(427) Pause Young (Normal) (G1 Evacuation Pause) 419M->420M(512M) 10.382ms
[2020-08-01T12:23:43.131+0300][10.644s][info ][gc] GC(428) Pause Young (Normal) (G1 Evacuation Pause) 461M->462M(512M) 14.083ms
[2020-08-01T12:23:43.152+0300][10.665s][info ][gc] GC(429) To-space exhausted
[2020-08-01T12:23:43.152+0300][10.665s][info ][gc] GC(429) Pause Young (Normal) (G1 Evacuation Pause) 483M->488M(512M) 12.348ms
[2020-08-01T12:23:43.197+0300][10.710s][info ][gc] GC(430) To-space exhausted
[2020-08-01T12:23:43.197+0300][10.710s][info ][gc] GC(430) Pause Young (Normal) (G1 Evacuation Pause) 508M->508M(512M) 35.757ms
[2020-08-01T12:23:43.198+0300][10.711s][debug][gc] GC(431) Clear Next Bitmap 0.392ms
[2020-08-01T12:23:43.251+0300][10.764s][info ][gc] GC(431) Pause Full (G1 Evacuation Pause) 508M->80M(512M) 53.476ms
[2020-08-01T12:23:43.251+0300][10.764s][info ][gc] GC(421) Concurrent Cycle 268.952ms
[2020-08-01T12:23:43.272+0300][10.785s][info ][gc] GC(432) Pause Young (Normal) (G1 Evacuation Pause) 106M->107M(512M) 10.485ms
[2020-08-01T12:23:43.299+0300][10.812s][info ][gc] GC(433) Pause Young (Normal) (G1 Evacuation Pause) 131M->132M(512M) 15.656ms
[2020-08-01T12:23:43.323+0300][10.836s][info ][gc] GC(434) Pause Young (Normal) (G1 Evacuation Pause) 173M->174M(512M) 10.117ms
[2020-08-01T12:23:43.343+0300][10.855s][info ][gc] GC(435) Pause Young (Normal) (G1 Evacuation Pause) 195M->197M(512M) 10.399ms
[2020-08-01T12:23:43.363+0300][10.876s][info ][gc] GC(436) Pause Young (Normal) (G1 Evacuation Pause) 218M->219M(512M) 11.894ms
[2020-08-01T12:23:43.383+0300][10.896s][info ][gc] GC(437) Pause Young (Normal) (G1 Evacuation Pause) 240M->242M(512M) 10.960ms
[2020-08-01T12:23:43.402+0300][10.915s][info ][gc] GC(438) Pause Young (Concurrent Start) (G1 Evacuation Pause) 263M->264M(512M) 10.535ms
[2020-08-01T12:23:43.402+0300][10.915s][info ][gc] GC(439) Concurrent Cycle
[2020-08-01T12:23:43.426+0300][10.939s][info ][gc] GC(440) Pause Young (Normal) (G1 Evacuation Pause) 305M->306M(512M) 10.512ms
[2020-08-01T12:23:43.446+0300][10.959s][info ][gc] GC(441) Pause Young (Normal) (G1 Evacuation Pause) 327M->328M(512M) 10.748ms
[2020-08-01T12:23:43.465+0300][10.978s][info ][gc] GC(442) Pause Young (Normal) (G1 Evacuation Pause) 349M->351M(512M) 10.384ms
[2020-08-01T12:23:43.485+0300][10.998s][info ][gc] GC(443) Pause Young (Normal) (G1 Evacuation Pause) 372M->374M(512M) 10.645ms
[2020-08-01T12:23:43.506+0300][11.019s][info ][gc] GC(444) Pause Young (Normal) (G1 Evacuation Pause) 395M->396M(512M) 11.829ms
[2020-08-01T12:23:43.526+0300][11.039s][info ][gc] GC(445) Pause Young (Normal) (G1 Evacuation Pause) 417M->419M(512M) 10.722ms
[2020-08-01T12:23:43.548+0300][11.061s][info ][gc] GC(446) Pause Young (Normal) (G1 Evacuation Pause) 460M->460M(512M) 10.728ms
[2020-08-01T12:23:43.569+0300][11.081s][info ][gc] GC(447) Pause Young (Normal) (G1 Evacuation Pause) 481M->482M(512M) 11.138ms
[2020-08-01T12:23:43.609+0300][11.122s][info ][gc] GC(448) To-space exhausted
[2020-08-01T12:23:43.610+0300][11.123s][info ][gc] GC(448) Pause Young (Normal) (G1 Evacuation Pause) 503M->507M(512M) 32.047ms
[2020-08-01T12:23:43.618+0300][11.130s][info ][gc] GC(449) To-space exhausted
[2020-08-01T12:23:43.618+0300][11.130s][info ][gc] GC(449) Pause Young (Normal) (G1 Evacuation Pause) 508M->508M(512M) 6.744ms
[2020-08-01T12:23:43.618+0300][11.131s][debug][gc] GC(450) Clear Next Bitmap 0.409ms
[2020-08-01T12:23:43.667+0300][11.180s][info ][gc] GC(450) Pause Full (G1 Evacuation Pause) 508M->80M(512M) 49.286ms
[2020-08-01T12:23:43.667+0300][11.180s][info ][gc] GC(439) Concurrent Cycle 264.835ms
[2020-08-01T12:23:43.689+0300][11.202s][info ][gc] GC(451) Pause Young (Normal) (G1 Evacuation Pause) 107M->107M(512M) 10.832ms
[2020-08-01T12:23:43.712+0300][11.225s][info ][gc] GC(452) Pause Young (Normal) (G1 Evacuation Pause) 132M->134M(512M) 12.242ms
[2020-08-01T12:23:43.735+0300][11.248s][info ][gc] GC(453) Pause Young (Normal) (G1 Evacuation Pause) 175M->176M(512M) 11.061ms
[2020-08-01T12:23:43.754+0300][11.267s][info ][gc] GC(454) Pause Young (Normal) (G1 Evacuation Pause) 197M->198M(512M) 10.352ms
[2020-08-01T12:23:43.773+0300][11.286s][info ][gc] GC(455) Pause Young (Normal) (G1 Evacuation Pause) 219M->220M(512M) 10.775ms
[2020-08-01T12:23:43.792+0300][11.305s][info ][gc] GC(456) Pause Young (Normal) (G1 Evacuation Pause) 241M->243M(512M) 10.430ms
[2020-08-01T12:23:43.813+0300][11.326s][info ][gc] GC(457) Pause Young (Concurrent Start) (G1 Evacuation Pause) 264M->265M(512M) 11.661ms
[2020-08-01T12:23:43.813+0300][11.326s][info ][gc] GC(458) Concurrent Cycle
[2020-08-01T12:23:43.840+0300][11.353s][info ][gc] GC(459) Pause Young (Normal) (G1 Evacuation Pause) 306M->308M(512M) 12.514ms
[2020-08-01T12:23:43.861+0300][11.374s][info ][gc] GC(460) Pause Young (Normal) (G1 Evacuation Pause) 329M->331M(512M) 11.963ms
[2020-08-01T12:23:43.882+0300][11.395s][info ][gc] GC(461) Pause Young (Normal) (G1 Evacuation Pause) 352M->354M(512M) 12.925ms
[2020-08-01T12:23:43.906+0300][11.419s][info ][gc] GC(462) Pause Young (Normal) (G1 Evacuation Pause) 375M->377M(512M) 14.353ms
[2020-08-01T12:23:43.932+0300][11.444s][info ][gc] GC(463) Pause Young (Normal) (G1 Evacuation Pause) 398M->399M(512M) 13.826ms
[2020-08-01T12:23:43.957+0300][11.470s][info ][gc] GC(464) Pause Young (Normal) (G1 Evacuation Pause) 420M->422M(512M) 12.586ms
[2020-08-01T12:23:43.998+0300][11.511s][info ][gc] GC(465) Pause Young (Normal) (G1 Evacuation Pause) 463M->464M(512M) 14.758ms
[2020-08-01T12:23:44.002+0300][11.515s][debug][gc] GC(458) Reclaimed 131 empty regions
[2020-08-01T12:23:44.002+0300][11.515s][info ][gc] GC(458) Pause Remark 469M->340M(512M) 0.706ms
[2020-08-01T12:23:44.025+0300][11.538s][info ][gc] GC(466) Pause Young (Normal) (G1 Evacuation Pause) 356M->358M(512M) 13.764ms
[2020-08-01T12:23:44.058+0300][11.571s][info ][gc] GC(467) Pause Young (Normal) (G1 Evacuation Pause) 379M->380M(512M) 11.994ms
[2020-08-01T12:23:44.092+0300][11.605s][info ][gc] GC(468) Pause Young (Normal) (G1 Evacuation Pause) 401M->403M(512M) 13.235ms
[2020-08-01T12:23:44.133+0300][11.646s][info ][gc] GC(469) Pause Young (Normal) (G1 Evacuation Pause) 424M->425M(512M) 13.835ms
[2020-08-01T12:23:44.175+0300][11.687s][info ][gc] GC(470) Pause Young (Normal) (G1 Evacuation Pause) 466M->467M(512M) 11.191ms
[2020-08-01T12:23:44.206+0300][11.719s][info ][gc] GC(471) To-space exhausted
[2020-08-01T12:23:44.206+0300][11.719s][info ][gc] GC(471) Pause Young (Normal) (G1 Evacuation Pause) 488M->492M(512M) 14.322ms
[2020-08-01T12:23:44.262+0300][11.775s][info ][gc] GC(472) To-space exhausted
[2020-08-01T12:23:44.262+0300][11.775s][info ][gc] GC(472) Pause Young (Normal) (G1 Evacuation Pause) 511M->511M(512M) 33.584ms
[2020-08-01T12:23:44.262+0300][11.775s][debug][gc] GC(473) Clear Next Bitmap 0.222ms
[2020-08-01T12:23:44.305+0300][11.818s][info ][gc] GC(473) Pause Full (G1 Evacuation Pause) 511M->69M(512M) 43.453ms
[2020-08-01T12:23:44.306+0300][11.818s][info ][gc] GC(458) Concurrent Cycle 492.768ms
[2020-08-01T12:23:44.333+0300][11.846s][info ][gc] GC(474) Pause Young (Normal) (G1 Evacuation Pause) 95M->95M(512M) 14.503ms
[2020-08-01T12:23:44.355+0300][11.868s][info ][gc] GC(475) Pause Young (Normal) (G1 Evacuation Pause) 116M->117M(512M) 12.776ms
[2020-08-01T12:23:44.379+0300][11.892s][info ][gc] GC(476) Pause Young (Normal) (G1 Evacuation Pause) 158M->160M(512M) 12.405ms
[2020-08-01T12:23:44.399+0300][11.911s][info ][gc] GC(477) Pause Young (Normal) (G1 Evacuation Pause) 181M->182M(512M) 11.339ms
[2020-08-01T12:23:44.417+0300][11.930s][info ][gc] GC(478) Pause Young (Normal) (G1 Evacuation Pause) 203M->204M(512M) 10.255ms
[2020-08-01T12:23:44.437+0300][11.950s][info ][gc] GC(479) Pause Young (Normal) (G1 Evacuation Pause) 225M->227M(512M) 11.397ms
[2020-08-01T12:23:44.458+0300][11.971s][info ][gc] GC(480) Pause Young (Normal) (G1 Evacuation Pause) 248M->250M(512M) 12.261ms
[2020-08-01T12:23:44.477+0300][11.990s][info ][gc] GC(481) Pause Young (Concurrent Start) (G1 Evacuation Pause) 271M->272M(512M) 10.632ms
[2020-08-01T12:23:44.477+0300][11.990s][info ][gc] GC(482) Concurrent Cycle
[2020-08-01T12:23:44.502+0300][12.015s][info ][gc] GC(483) Pause Young (Normal) (G1 Evacuation Pause) 313M->314M(512M) 11.933ms
[2020-08-01T12:23:44.522+0300][12.035s][info ][gc] GC(484) Pause Young (Normal) (G1 Evacuation Pause) 335M->337M(512M) 11.007ms
[2020-08-01T12:23:44.541+0300][12.054s][info ][gc] GC(485) Pause Young (Normal) (G1 Evacuation Pause) 358M->360M(512M) 10.596ms
[2020-08-01T12:23:44.561+0300][12.074s][info ][gc] GC(486) Pause Young (Normal) (G1 Evacuation Pause) 381M->382M(512M) 11.741ms
[2020-08-01T12:23:44.583+0300][12.096s][info ][gc] GC(487) Pause Young (Normal) (G1 Evacuation Pause) 403M->405M(512M) 11.532ms
[2020-08-01T12:23:44.614+0300][12.127s][info ][gc] GC(488) Pause Young (Normal) (G1 Evacuation Pause) 446M->447M(512M) 16.110ms
[2020-08-01T12:23:44.636+0300][12.149s][info ][gc] GC(489) Pause Young (Normal) (G1 Evacuation Pause) 468M->469M(512M) 10.924ms
[2020-08-01T12:23:44.664+0300][12.177s][info ][gc] GC(490) To-space exhausted
[2020-08-01T12:23:44.664+0300][12.177s][info ][gc] GC(490) Pause Young (Normal) (G1 Evacuation Pause) 490M->498M(512M) 18.185ms
[2020-08-01T12:23:44.692+0300][12.205s][info ][gc] GC(491) To-space exhausted
[2020-08-01T12:23:44.692+0300][12.205s][info ][gc] GC(491) Pause Young (Normal) (G1 Evacuation Pause) 509M->509M(512M) 22.356ms
[2020-08-01T12:23:44.693+0300][12.206s][debug][gc] GC(492) Clear Next Bitmap 0.436ms
[2020-08-01T12:23:44.743+0300][12.256s][info ][gc] GC(492) Pause Full (G1 Evacuation Pause) 509M->76M(512M) 51.056ms
[2020-08-01T12:23:44.744+0300][12.256s][info ][gc] GC(482) Concurrent Cycle 266.333ms
[2020-08-01T12:23:44.765+0300][12.278s][info ][gc] GC(493) Pause Young (Normal) (G1 Evacuation Pause) 101M->102M(512M) 11.422ms
[2020-08-01T12:23:44.785+0300][12.298s][info ][gc] GC(494) Pause Young (Normal) (G1 Evacuation Pause) 125M->126M(512M) 11.178ms
[2020-08-01T12:23:44.810+0300][12.323s][info ][gc] GC(495) Pause Young (Normal) (G1 Evacuation Pause) 167M->168M(512M) 12.460ms
[2020-08-01T12:23:44.830+0300][12.343s][info ][gc] GC(496) Pause Young (Normal) (G1 Evacuation Pause) 189M->190M(512M) 11.452ms
[2020-08-01T12:23:44.850+0300][12.363s][info ][gc] GC(497) Pause Young (Normal) (G1 Evacuation Pause) 211M->212M(512M) 11.085ms
[2020-08-01T12:23:44.870+0300][12.383s][info ][gc] GC(498) Pause Young (Normal) (G1 Evacuation Pause) 233M->235M(512M) 11.548ms
[2020-08-01T12:23:44.889+0300][12.402s][info ][gc] GC(499) Pause Young (Concurrent Start) (G1 Evacuation Pause) 256M->258M(512M) 10.790ms
[2020-08-01T12:23:44.889+0300][12.402s][info ][gc] GC(500) Concurrent Cycle
[2020-08-01T12:23:44.909+0300][12.421s][info ][gc] GC(501) Pause Young (Normal) (G1 Evacuation Pause) 279M->281M(512M) 10.680ms
[2020-08-01T12:23:44.932+0300][12.445s][info ][gc] GC(502) Pause Young (Normal) (G1 Evacuation Pause) 322M->323M(512M) 11.210ms
[2020-08-01T12:23:44.953+0300][12.466s][info ][gc] GC(503) Pause Young (Normal) (G1 Evacuation Pause) 344M->344M(512M) 11.790ms
[2020-08-01T12:23:44.972+0300][12.485s][info ][gc] GC(504) Pause Young (Normal) (G1 Evacuation Pause) 365M->367M(512M) 10.587ms
[2020-08-01T12:23:44.993+0300][12.506s][info ][gc] GC(505) Pause Young (Normal) (G1 Evacuation Pause) 388M->390M(512M) 11.195ms
[2020-08-01T12:23:45.016+0300][12.528s][info ][gc] GC(506) Pause Young (Normal) (G1 Evacuation Pause) 411M->412M(512M) 12.853ms
[2020-08-01T12:23:45.041+0300][12.554s][info ][gc] GC(507) Pause Young (Normal) (G1 Evacuation Pause) 453M->454M(512M) 12.031ms
[2020-08-01T12:23:45.062+0300][12.575s][info ][gc] GC(508) Pause Young (Normal) (G1 Evacuation Pause) 475M->477M(512M) 10.625ms
[2020-08-01T12:23:45.068+0300][12.581s][debug][gc] GC(500) Reclaimed 128 empty regions
[2020-08-01T12:23:45.068+0300][12.581s][info ][gc] GC(500) Pause Remark 489M->364M(512M) 0.580ms
[2020-08-01T12:23:45.084+0300][12.597s][info ][gc] GC(509) Pause Young (Normal) (G1 Evacuation Pause) 373M->374M(512M) 12.031ms
[2020-08-01T12:23:45.116+0300][12.629s][info ][gc] GC(510) Pause Young (Normal) (G1 Evacuation Pause) 395M->397M(512M) 13.439ms
[2020-08-01T12:23:45.145+0300][12.658s][info ][gc] GC(511) Pause Young (Normal) (G1 Evacuation Pause) 418M->419M(512M) 12.006ms
[2020-08-01T12:23:45.176+0300][12.689s][info ][gc] GC(512) Pause Young (Normal) (G1 Evacuation Pause) 460M->462M(512M) 11.483ms
[2020-08-01T12:23:45.204+0300][12.717s][info ][gc] GC(513) Pause Young (Normal) (G1 Evacuation Pause) 483M->484M(512M) 11.532ms
[2020-08-01T12:23:45.253+0300][12.766s][info ][gc] GC(514) To-space exhausted
[2020-08-01T12:23:45.254+0300][12.766s][info ][gc] GC(514) Pause Young (Normal) (G1 Evacuation Pause) 505M->511M(512M) 32.417ms
[2020-08-01T12:23:45.254+0300][12.767s][debug][gc] GC(515) Clear Next Bitmap 0.220ms
[2020-08-01T12:23:45.297+0300][12.810s][info ][gc] GC(515) Pause Full (G1 Evacuation Pause) 511M->64M(512M) 43.493ms
[2020-08-01T12:23:45.298+0300][12.811s][info ][gc] GC(500) Concurrent Cycle 408.552ms
[2020-08-01T12:23:45.321+0300][12.834s][info ][gc] GC(516) Pause Young (Normal) (G1 Evacuation Pause) 89M->89M(512M) 12.523ms
[2020-08-01T12:23:45.343+0300][12.856s][info ][gc] GC(517) Pause Young (Normal) (G1 Evacuation Pause) 112M->114M(512M) 12.096ms
[2020-08-01T12:23:45.362+0300][12.875s][info ][gc] GC(518) Pause Young (Normal) (G1 Evacuation Pause) 135M->136M(512M) 10.480ms
[2020-08-01T12:23:45.383+0300][12.896s][info ][gc] GC(519) Pause Young (Normal) (G1 Evacuation Pause) 177M->179M(512M) 10.393ms
[2020-08-01T12:23:45.402+0300][12.915s][info ][gc] GC(520) Pause Young (Normal) (G1 Evacuation Pause) 200M->201M(512M) 10.506ms
[2020-08-01T12:23:45.421+0300][12.934s][info ][gc] GC(521) Pause Young (Normal) (G1 Evacuation Pause) 222M->224M(512M) 10.394ms
[2020-08-01T12:23:45.441+0300][12.954s][info ][gc] GC(522) Pause Young (Normal) (G1 Evacuation Pause) 245M->246M(512M) 10.491ms
[2020-08-01T12:23:45.460+0300][12.973s][info ][gc] GC(523) Pause Young (Concurrent Start) (G1 Evacuation Pause) 267M->269M(512M) 10.571ms
[2020-08-01T12:23:45.460+0300][12.973s][info ][gc] GC(524) Concurrent Cycle
[2020-08-01T12:23:45.485+0300][12.998s][info ][gc] GC(525) Pause Young (Normal) (G1 Evacuation Pause) 310M->311M(512M) 12.625ms
[2020-08-01T12:23:45.507+0300][13.020s][info ][gc] GC(526) Pause Young (Normal) (G1 Evacuation Pause) 332M->333M(512M) 12.220ms
[2020-08-01T12:23:45.526+0300][13.039s][info ][gc] GC(527) Pause Young (Normal) (G1 Evacuation Pause) 354M->355M(512M) 10.485ms
[2020-08-01T12:23:45.546+0300][13.059s][info ][gc] GC(528) Pause Young (Normal) (G1 Evacuation Pause) 376M->378M(512M) 10.995ms
[2020-08-01T12:23:45.565+0300][13.078s][info ][gc] GC(529) Pause Young (Normal) (G1 Evacuation Pause) 399M->400M(512M) 10.358ms
[2020-08-01T12:23:45.585+0300][13.098s][info ][gc] GC(530) Pause Young (Normal) (G1 Evacuation Pause) 421M->422M(512M) 11.062ms
[2020-08-01T12:23:45.607+0300][13.120s][info ][gc] GC(531) Pause Young (Normal) (G1 Evacuation Pause) 463M->464M(512M) 10.686ms
[2020-08-01T12:23:45.630+0300][13.142s][info ][gc] GC(532) To-space exhausted
[2020-08-01T12:23:45.630+0300][13.143s][info ][gc] GC(532) Pause Young (Normal) (G1 Evacuation Pause) 485M->495M(512M) 12.971ms
[2020-08-01T12:23:45.663+0300][13.176s][info ][gc] GC(533) To-space exhausted
[2020-08-01T12:23:45.663+0300][13.176s][info ][gc] GC(533) Pause Young (Normal) (G1 Evacuation Pause) 509M->509M(512M) 27.213ms
[2020-08-01T12:23:45.664+0300][13.176s][debug][gc] GC(534) Clear Next Bitmap 0.336ms
[2020-08-01T12:23:45.713+0300][13.226s][info ][gc] GC(534) Pause Full (G1 Evacuation Pause) 509M->75M(512M) 49.696ms
[2020-08-01T12:23:45.713+0300][13.226s][info ][gc] GC(524) Concurrent Cycle 252.778ms
[2020-08-01T12:23:45.736+0300][13.249s][info ][gc] GC(535) Pause Young (Normal) (G1 Evacuation Pause) 102M->102M(512M) 12.392ms
[2020-08-01T12:23:45.758+0300][13.271s][info ][gc] GC(536) Pause Young (Normal) (G1 Evacuation Pause) 126M->127M(512M) 11.870ms
[2020-08-01T12:23:45.779+0300][13.292s][info ][gc] GC(537) Pause Young (Normal) (G1 Evacuation Pause) 168M->169M(512M) 10.734ms
[2020-08-01T12:23:45.798+0300][13.311s][info ][gc] GC(538) Pause Young (Normal) (G1 Evacuation Pause) 190M->191M(512M) 10.881ms
[2020-08-01T12:23:45.817+0300][13.330s][info ][gc] GC(539) Pause Young (Normal) (G1 Evacuation Pause) 212M->214M(512M) 10.929ms
[2020-08-01T12:23:45.837+0300][13.350s][info ][gc] GC(540) Pause Young (Normal) (G1 Evacuation Pause) 235M->236M(512M) 10.640ms
[2020-08-01T12:23:45.856+0300][13.369s][info ][gc] GC(541) Pause Young (Concurrent Start) (G1 Evacuation Pause) 257M->258M(512M) 10.492ms
[2020-08-01T12:23:45.856+0300][13.369s][info ][gc] GC(542) Concurrent Cycle
[2020-08-01T12:23:45.881+0300][13.394s][info ][gc] GC(543) Pause Young (Normal) (G1 Evacuation Pause) 299M->301M(512M) 12.384ms
[2020-08-01T12:23:45.901+0300][13.414s][info ][gc] GC(544) Pause Young (Normal) (G1 Evacuation Pause) 322M->323M(512M) 10.723ms
[2020-08-01T12:23:45.921+0300][13.434s][info ][gc] GC(545) Pause Young (Normal) (G1 Evacuation Pause) 344M->345M(512M) 10.590ms
[2020-08-01T12:23:45.941+0300][13.454s][info ][gc] GC(546) Pause Young (Normal) (G1 Evacuation Pause) 366M->368M(512M) 10.400ms
[2020-08-01T12:23:45.960+0300][13.473s][info ][gc] GC(547) Pause Young (Normal) (G1 Evacuation Pause) 389M->390M(512M) 10.946ms
[2020-08-01T12:23:45.979+0300][13.492s][info ][gc] GC(548) Pause Young (Normal) (G1 Evacuation Pause) 411M->412M(512M) 10.421ms
[2020-08-01T12:23:46.003+0300][13.516s][info ][gc] GC(549) Pause Young (Normal) (G1 Evacuation Pause) 453M->454M(512M) 11.132ms
[2020-08-01T12:23:46.022+0300][13.535s][info ][gc] GC(550) Pause Young (Normal) (G1 Evacuation Pause) 475M->476M(512M) 10.757ms
[2020-08-01T12:23:46.032+0300][13.544s][debug][gc] GC(542) Reclaimed 126 empty regions
[2020-08-01T12:23:46.032+0300][13.545s][info ][gc] GC(542) Pause Remark 497M->374M(512M) 0.539ms
[2020-08-01T12:23:46.043+0300][13.556s][info ][gc] GC(551) Pause Young (Normal) (G1 Evacuation Pause) 374M->376M(512M) 10.864ms
[2020-08-01T12:23:46.072+0300][13.585s][info ][gc] GC(552) Pause Young (Normal) (G1 Evacuation Pause) 397M->398M(512M) 11.874ms
[2020-08-01T12:23:46.101+0300][13.614s][info ][gc] GC(553) Pause Young (Normal) (G1 Evacuation Pause) 419M->420M(512M) 10.815ms
[2020-08-01T12:23:46.134+0300][13.647s][info ][gc] GC(554) Pause Young (Normal) (G1 Evacuation Pause) 461M->463M(512M) 12.047ms
[2020-08-01T12:23:46.163+0300][13.676s][info ][gc] GC(555) Pause Young (Normal) (G1 Evacuation Pause) 484M->485M(512M) 11.114ms
[2020-08-01T12:23:46.209+0300][13.722s][info ][gc] GC(556) To-space exhausted
[2020-08-01T12:23:46.209+0300][13.722s][info ][gc] GC(556) Pause Young (Normal) (G1 Evacuation Pause) 506M->510M(512M) 30.947ms
[2020-08-01T12:23:46.226+0300][13.738s][info ][gc] GC(557) To-space exhausted
[2020-08-01T12:23:46.226+0300][13.739s][info ][gc] GC(557) Pause Young (Normal) (G1 Evacuation Pause) 511M->511M(512M) 7.246ms
[2020-08-01T12:23:46.226+0300][13.739s][debug][gc] GC(558) Clear Next Bitmap 0.622ms
[2020-08-01T12:23:46.270+0300][13.783s][info ][gc] GC(558) Pause Full (G1 Evacuation Pause) 511M->66M(512M) 44.530ms
[2020-08-01T12:23:46.271+0300][13.783s][info ][gc] GC(542) Concurrent Cycle 414.643ms
[2020-08-01T12:23:46.295+0300][13.808s][info ][gc] GC(559) Pause Young (Normal) (G1 Evacuation Pause) 92M->92M(512M) 13.552ms
[2020-08-01T12:23:46.319+0300][13.832s][info ][gc] GC(560) Pause Young (Normal) (G1 Evacuation Pause) 116M->117M(512M) 12.560ms
[2020-08-01T12:23:46.347+0300][13.860s][info ][gc] GC(561) Pause Young (Normal) (G1 Evacuation Pause) 158M->160M(512M) 15.996ms
[2020-08-01T12:23:46.368+0300][13.880s][info ][gc] GC(562) Pause Young (Normal) (G1 Evacuation Pause) 181M->183M(512M) 12.062ms
[2020-08-01T12:23:46.387+0300][13.900s][info ][gc] GC(563) Pause Young (Normal) (G1 Evacuation Pause) 204M->205M(512M) 10.708ms
[2020-08-01T12:23:46.405+0300][13.918s][info ][gc] GC(564) Pause Young (Normal) (G1 Evacuation Pause) 226M->227M(512M) 10.228ms
[2020-08-01T12:23:46.424+0300][13.937s][info ][gc] GC(565) Pause Young (Normal) (G1 Evacuation Pause) 248M->250M(512M) 10.166ms
[2020-08-01T12:23:46.443+0300][13.956s][info ][gc] GC(566) Pause Young (Concurrent Start) (G1 Evacuation Pause) 271M->273M(512M) 10.238ms
[2020-08-01T12:23:46.443+0300][13.956s][info ][gc] GC(567) Concurrent Cycle
[2020-08-01T12:23:46.466+0300][13.979s][info ][gc] GC(568) Pause Young (Normal) (G1 Evacuation Pause) 314M->315M(512M) 10.729ms
[2020-08-01T12:23:46.486+0300][13.999s][info ][gc] GC(569) Pause Young (Normal) (G1 Evacuation Pause) 336M->337M(512M) 10.470ms
[2020-08-01T12:23:46.506+0300][14.018s][info ][gc] GC(570) Pause Young (Normal) (G1 Evacuation Pause) 358M->359M(512M) 10.716ms
[2020-08-01T12:23:46.525+0300][14.038s][info ][gc] GC(571) Pause Young (Normal) (G1 Evacuation Pause) 380M->381M(512M) 10.382ms
[2020-08-01T12:23:46.544+0300][14.057s][info ][gc] GC(572) Pause Young (Normal) (G1 Evacuation Pause) 402M->403M(512M) 10.317ms
[2020-08-01T12:23:46.570+0300][14.083s][info ][gc] GC(573) Pause Young (Normal) (G1 Evacuation Pause) 444M->446M(512M) 13.037ms
[2020-08-01T12:23:46.590+0300][14.103s][info ][gc] GC(574) Pause Young (Normal) (G1 Evacuation Pause) 467M->468M(512M) 10.582ms
[2020-08-01T12:23:46.615+0300][14.128s][info ][gc] GC(575) To-space exhausted
[2020-08-01T12:23:46.616+0300][14.128s][info ][gc] GC(575) Pause Young (Normal) (G1 Evacuation Pause) 489M->497M(512M) 16.834ms
[2020-08-01T12:23:46.643+0300][14.156s][info ][gc] GC(576) To-space exhausted
[2020-08-01T12:23:46.643+0300][14.156s][info ][gc] GC(576) Pause Young (Normal) (G1 Evacuation Pause) 508M->508M(512M) 22.775ms
[2020-08-01T12:23:46.644+0300][14.156s][debug][gc] GC(577) Clear Next Bitmap 0.410ms
[2020-08-01T12:23:46.692+0300][14.205s][info ][gc] GC(577) Pause Full (G1 Evacuation Pause) 508M->76M(512M) 49.059ms
[2020-08-01T12:23:46.692+0300][14.205s][info ][gc] GC(567) Concurrent Cycle 249.379ms
[2020-08-01T12:23:46.715+0300][14.228s][info ][gc] GC(578) Pause Young (Normal) (G1 Evacuation Pause) 103M->103M(512M) 12.180ms
[2020-08-01T12:23:46.737+0300][14.250s][info ][gc] GC(579) Pause Young (Normal) (G1 Evacuation Pause) 127M->129M(512M) 12.072ms
[2020-08-01T12:23:46.760+0300][14.272s][info ][gc] GC(580) Pause Young (Normal) (G1 Evacuation Pause) 170M->172M(512M) 11.447ms
[2020-08-01T12:23:46.779+0300][14.292s][info ][gc] GC(581) Pause Young (Normal) (G1 Evacuation Pause) 193M->194M(512M) 10.581ms
[2020-08-01T12:23:46.798+0300][14.311s][info ][gc] GC(582) Pause Young (Normal) (G1 Evacuation Pause) 215M->216M(512M) 10.958ms
[2020-08-01T12:23:46.817+0300][14.330s][info ][gc] GC(583) Pause Young (Normal) (G1 Evacuation Pause) 237M->238M(512M) 10.424ms
[2020-08-01T12:23:46.837+0300][14.349s][info ][gc] GC(584) Pause Young (Concurrent Start) (G1 Evacuation Pause) 259M->260M(512M) 11.088ms
[2020-08-01T12:23:46.837+0300][14.349s][info ][gc] GC(585) Concurrent Cycle
[2020-08-01T12:23:46.860+0300][14.373s][info ][gc] GC(586) Pause Young (Normal) (G1 Evacuation Pause) 301M->302M(512M) 11.135ms
[2020-08-01T12:23:46.880+0300][14.393s][info ][gc] GC(587) Pause Young (Normal) (G1 Evacuation Pause) 323M->325M(512M) 10.979ms
[2020-08-01T12:23:46.899+0300][14.412s][info ][gc] GC(588) Pause Young (Normal) (G1 Evacuation Pause) 346M->347M(512M) 10.730ms
[2020-08-01T12:23:46.919+0300][14.432s][info ][gc] GC(589) Pause Young (Normal) (G1 Evacuation Pause) 368M->369M(512M) 10.727ms
[2020-08-01T12:23:46.939+0300][14.452s][info ][gc] GC(590) Pause Young (Normal) (G1 Evacuation Pause) 390M->392M(512M) 10.476ms
[2020-08-01T12:23:46.959+0300][14.472s][info ][gc] GC(591) Pause Young (Normal) (G1 Evacuation Pause) 413M->414M(512M) 10.353ms
[2020-08-01T12:23:46.983+0300][14.496s][info ][gc] GC(592) Pause Young (Normal) (G1 Evacuation Pause) 455M->457M(512M) 10.900ms
[2020-08-01T12:23:47.003+0300][14.516s][info ][gc] GC(593) Pause Young (Normal) (G1 Evacuation Pause) 478M->479M(512M) 11.017ms
[2020-08-01T12:23:47.040+0300][14.553s][info ][gc] GC(594) To-space exhausted
[2020-08-01T12:23:47.040+0300][14.553s][info ][gc] GC(594) Pause Young (Normal) (G1 Evacuation Pause) 500M->506M(512M) 28.105ms
[2020-08-01T12:23:47.043+0300][14.556s][debug][gc] GC(585) Reclaimed 129 empty regions
[2020-08-01T12:23:47.043+0300][14.556s][info ][gc] GC(585) Pause Remark 506M->381M(512M) 0.536ms
[2020-08-01T12:23:47.062+0300][14.575s][info ][gc] GC(595) Pause Young (Normal) (G1 Evacuation Pause) 401M->402M(512M) 10.616ms
[2020-08-01T12:23:47.089+0300][14.602s][info ][gc] GC(596) Pause Young (Normal) (G1 Evacuation Pause) 423M->425M(512M) 11.627ms
[2020-08-01T12:23:47.121+0300][14.634s][info ][gc] GC(597) Pause Young (Normal) (G1 Evacuation Pause) 466M->467M(512M) 11.637ms
[2020-08-01T12:23:47.152+0300][14.665s][info ][gc] GC(598) To-space exhausted
[2020-08-01T12:23:47.152+0300][14.665s][info ][gc] GC(598) Pause Young (Normal) (G1 Evacuation Pause) 488M->495M(512M) 13.283ms
[2020-08-01T12:23:47.196+0300][14.709s][info ][gc] GC(599) To-space exhausted
[2020-08-01T12:23:47.196+0300][14.709s][info ][gc] GC(599) Pause Young (Normal) (G1 Evacuation Pause) 511M->511M(512M) 30.425ms
[2020-08-01T12:23:47.196+0300][14.709s][debug][gc] GC(600) Clear Next Bitmap 0.301ms
[2020-08-01T12:23:47.235+0300][14.748s][info ][gc] GC(600) Pause Full (G1 Evacuation Pause) 511M->62M(512M) 39.033ms
[2020-08-01T12:23:47.235+0300][14.748s][info ][gc] GC(585) Concurrent Cycle 398.641ms
[2020-08-01T12:23:47.256+0300][14.769s][info ][gc] GC(601) Pause Young (Normal) (G1 Evacuation Pause) 88M->88M(512M) 10.587ms
[2020-08-01T12:23:47.278+0300][14.791s][info ][gc] GC(602) Pause Young (Normal) (G1 Evacuation Pause) 113M->114M(512M) 12.088ms
[2020-08-01T12:23:47.299+0300][14.812s][info ][gc] GC(603) Pause Young (Normal) (G1 Evacuation Pause) 135M->136M(512M) 12.293ms
[2020-08-01T12:23:47.324+0300][14.837s][info ][gc] GC(604) Pause Young (Normal) (G1 Evacuation Pause) 177M->178M(512M) 12.414ms
[2020-08-01T12:23:47.344+0300][14.857s][info ][gc] GC(605) Pause Young (Normal) (G1 Evacuation Pause) 199M->200M(512M) 11.690ms
[2020-08-01T12:23:47.364+0300][14.877s][info ][gc] GC(606) Pause Young (Normal) (G1 Evacuation Pause) 221M->223M(512M) 11.002ms
[2020-08-01T12:23:47.385+0300][14.898s][info ][gc] GC(607) Pause Young (Normal) (G1 Evacuation Pause) 244M->245M(512M) 11.722ms
[2020-08-01T12:23:47.404+0300][14.917s][info ][gc] GC(608) Pause Young (Concurrent Start) (G1 Evacuation Pause) 266M->267M(512M) 10.593ms
[2020-08-01T12:23:47.404+0300][14.917s][info ][gc] GC(609) Concurrent Cycle
[2020-08-01T12:23:47.428+0300][14.941s][info ][gc] GC(610) Pause Young (Normal) (G1 Evacuation Pause) 308M->309M(512M) 10.529ms
[2020-08-01T12:23:47.448+0300][14.961s][info ][gc] GC(611) Pause Young (Normal) (G1 Evacuation Pause) 330M->331M(512M) 11.256ms
[2020-08-01T12:23:47.468+0300][14.980s][info ][gc] GC(612) Pause Young (Normal) (G1 Evacuation Pause) 352M->353M(512M) 10.648ms
[2020-08-01T12:23:47.487+0300][15.000s][info ][gc] GC(613) Pause Young (Normal) (G1 Evacuation Pause) 374M->375M(512M) 10.651ms
[2020-08-01T12:23:47.506+0300][15.019s][info ][gc] GC(614) Pause Young (Normal) (G1 Evacuation Pause) 396M->398M(512M) 10.355ms
[2020-08-01T12:23:47.525+0300][15.038s][info ][gc] GC(615) Pause Young (Normal) (G1 Evacuation Pause) 419M->420M(512M) 10.321ms
[2020-08-01T12:23:47.548+0300][15.060s][info ][gc] GC(616) Pause Young (Normal) (G1 Evacuation Pause) 461M->463M(512M) 10.699ms
[2020-08-01T12:23:47.568+0300][15.081s][info ][gc] GC(617) To-space exhausted
[2020-08-01T12:23:47.568+0300][15.081s][info ][gc] GC(617) Pause Young (Normal) (G1 Evacuation Pause) 484M->487M(512M) 11.480ms
[2020-08-01T12:23:47.613+0300][15.125s][info ][gc] GC(618) To-space exhausted
[2020-08-01T12:23:47.613+0300][15.126s][info ][gc] GC(618) Pause Young (Normal) (G1 Evacuation Pause) 508M->510M(512M) 35.502ms
[2020-08-01T12:23:47.613+0300][15.126s][debug][gc] GC(619) Clear Next Bitmap 0.302ms
[2020-08-01T12:23:47.668+0300][15.181s][info ][gc] GC(619) Pause Full (G1 Evacuation Pause) 510M->82M(512M) 54.973ms
[2020-08-01T12:23:47.668+0300][15.181s][info ][gc] GC(609) Concurrent Cycle 263.931ms
[2020-08-01T12:23:47.690+0300][15.203s][info ][gc] GC(620) Pause Young (Normal) (G1 Evacuation Pause) 108M->109M(512M) 10.598ms
[2020-08-01T12:23:47.711+0300][15.224s][info ][gc] GC(621) Pause Young (Normal) (G1 Evacuation Pause) 133M->134M(512M) 11.590ms
[2020-08-01T12:23:47.733+0300][15.245s][info ][gc] GC(622) Pause Young (Normal) (G1 Evacuation Pause) 175M->177M(512M) 10.486ms
[2020-08-01T12:23:47.752+0300][15.264s][info ][gc] GC(623) Pause Young (Normal) (G1 Evacuation Pause) 198M->199M(512M) 10.567ms
[2020-08-01T12:23:47.770+0300][15.283s][info ][gc] GC(624) Pause Young (Normal) (G1 Evacuation Pause) 220M->221M(512M) 10.053ms
[2020-08-01T12:23:47.789+0300][15.302s][info ][gc] GC(625) Pause Young (Normal) (G1 Evacuation Pause) 242M->244M(512M) 10.423ms
[2020-08-01T12:23:47.808+0300][15.321s][info ][gc] GC(626) Pause Young (Concurrent Start) (G1 Evacuation Pause) 265M->266M(512M) 10.164ms
[2020-08-01T12:23:47.808+0300][15.321s][info ][gc] GC(627) Concurrent Cycle
[2020-08-01T12:23:47.831+0300][15.344s][info ][gc] GC(628) Pause Young (Normal) (G1 Evacuation Pause) 307M->309M(512M) 11.237ms
[2020-08-01T12:23:47.852+0300][15.365s][info ][gc] GC(629) Pause Young (Normal) (G1 Evacuation Pause) 330M->331M(512M) 11.960ms
[2020-08-01T12:23:47.872+0300][15.384s][info ][gc] GC(630) Pause Young (Normal) (G1 Evacuation Pause) 352M->354M(512M) 10.475ms
[2020-08-01T12:23:47.891+0300][15.404s][info ][gc] GC(631) Pause Young (Normal) (G1 Evacuation Pause) 375M->376M(512M) 10.470ms
[2020-08-01T12:23:47.910+0300][15.423s][info ][gc] GC(632) Pause Young (Normal) (G1 Evacuation Pause) 397M->399M(512M) 10.376ms
[2020-08-01T12:23:47.929+0300][15.442s][info ][gc] GC(633) Pause Young (Normal) (G1 Evacuation Pause) 420M->421M(512M) 10.465ms
[2020-08-01T12:23:47.952+0300][15.465s][info ][gc] GC(634) Pause Young (Normal) (G1 Evacuation Pause) 462M->464M(512M) 10.710ms
[2020-08-01T12:23:47.972+0300][15.485s][info ][gc] GC(635) To-space exhausted
[2020-08-01T12:23:47.972+0300][15.485s][info ][gc] GC(635) Pause Young (Normal) (G1 Evacuation Pause) 485M->487M(512M) 11.740ms
[2020-08-01T12:23:48.019+0300][15.532s][info ][gc] GC(636) To-space exhausted
[2020-08-01T12:23:48.019+0300][15.532s][info ][gc] GC(636) Pause Young (Normal) (G1 Evacuation Pause) 508M->509M(512M) 37.970ms
[2020-08-01T12:23:48.020+0300][15.533s][debug][gc] GC(637) Clear Next Bitmap 0.253ms
[2020-08-01T12:23:48.073+0300][15.586s][info ][gc] GC(637) Pause Full (G1 Evacuation Pause) 509M->82M(512M) 53.503ms
[2020-08-01T12:23:48.073+0300][15.586s][info ][gc] GC(627) Concurrent Cycle 265.426ms
[2020-08-01T12:23:48.097+0300][15.610s][info ][gc] GC(638) Pause Young (Normal) (G1 Evacuation Pause) 110M->110M(512M) 12.413ms
[2020-08-01T12:23:48.119+0300][15.632s][info ][gc] GC(639) Pause Young (Normal) (G1 Evacuation Pause) 135M->136M(512M) 12.010ms
[2020-08-01T12:23:48.140+0300][15.652s][info ][gc] GC(640) Pause Young (Normal) (G1 Evacuation Pause) 177M->179M(512M) 10.695ms
[2020-08-01T12:23:48.158+0300][15.671s][info ][gc] GC(641) Pause Young (Normal) (G1 Evacuation Pause) 200M->202M(512M) 9.912ms
[2020-08-01T12:23:48.177+0300][15.690s][info ][gc] GC(642) Pause Young (Normal) (G1 Evacuation Pause) 223M->224M(512M) 10.490ms
[2020-08-01T12:23:48.196+0300][15.709s][info ][gc] GC(643) Pause Young (Normal) (G1 Evacuation Pause) 245M->246M(512M) 10.843ms
[2020-08-01T12:23:48.216+0300][15.729s][info ][gc] GC(644) Pause Young (Concurrent Start) (G1 Evacuation Pause) 267M->269M(512M) 11.110ms
[2020-08-01T12:23:48.216+0300][15.729s][info ][gc] GC(645) Concurrent Cycle
[2020-08-01T12:23:48.247+0300][15.760s][info ][gc] GC(646) Pause Young (Normal) (G1 Evacuation Pause) 310M->312M(512M) 11.232ms
[2020-08-01T12:23:48.267+0300][15.780s][info ][gc] GC(647) Pause Young (Normal) (G1 Evacuation Pause) 333M->334M(512M) 10.835ms
[2020-08-01T12:23:48.289+0300][15.802s][info ][gc] GC(648) Pause Young (Normal) (G1 Evacuation Pause) 355M->357M(512M) 12.040ms
[2020-08-01T12:23:48.314+0300][15.827s][info ][gc] GC(649) Pause Young (Normal) (G1 Evacuation Pause) 378M->379M(512M) 14.064ms
[2020-08-01T12:23:48.336+0300][15.849s][info ][gc] GC(650) Pause Young (Normal) (G1 Evacuation Pause) 400M->402M(512M) 11.853ms
[2020-08-01T12:23:48.361+0300][15.874s][info ][gc] GC(651) Pause Young (Normal) (G1 Evacuation Pause) 423M->424M(512M) 13.437ms
[2020-08-01T12:23:48.400+0300][15.913s][info ][gc] GC(652) Pause Young (Normal) (G1 Evacuation Pause) 465M->467M(512M) 14.731ms
[2020-08-01T12:23:48.402+0300][15.915s][debug][gc] GC(645) Reclaimed 132 empty regions
[2020-08-01T12:23:48.402+0300][15.915s][info ][gc] GC(645) Pause Remark 470M->339M(512M) 0.693ms
[2020-08-01T12:23:48.428+0300][15.941s][info ][gc] GC(653) Pause Young (Normal) (G1 Evacuation Pause) 357M->359M(512M) 10.235ms
[2020-08-01T12:23:48.460+0300][15.973s][info ][gc] GC(654) Pause Young (Normal) (G1 Evacuation Pause) 380M->381M(512M) 10.970ms
[2020-08-01T12:23:48.489+0300][16.002s][info ][gc] GC(655) Pause Young (Normal) (G1 Evacuation Pause) 402M->404M(512M) 12.927ms
[2020-08-01T12:23:48.517+0300][16.030s][info ][gc] GC(656) Pause Young (Normal) (G1 Evacuation Pause) 425M->426M(512M) 10.996ms
[2020-08-01T12:23:48.547+0300][16.060s][info ][gc] GC(657) Pause Young (Normal) (G1 Evacuation Pause) 467M->468M(512M) 10.910ms
[2020-08-01T12:23:48.576+0300][16.089s][info ][gc] GC(658) To-space exhausted
[2020-08-01T12:23:48.576+0300][16.089s][info ][gc] GC(658) Pause Young (Normal) (G1 Evacuation Pause) 489M->494M(512M) 13.719ms
[2020-08-01T12:23:48.621+0300][16.134s][info ][gc] GC(659) To-space exhausted
[2020-08-01T12:23:48.621+0300][16.134s][info ][gc] GC(659) Pause Young (Normal) (G1 Evacuation Pause) 511M->511M(512M) 32.545ms
[2020-08-01T12:23:48.622+0300][16.135s][debug][gc] GC(660) Clear Next Bitmap 0.295ms
[2020-08-01T12:23:48.667+0300][16.180s][info ][gc] GC(660) Pause Full (G1 Evacuation Pause) 511M->70M(512M) 45.340ms
[2020-08-01T12:23:48.667+0300][16.180s][info ][gc] GC(645) Concurrent Cycle 450.799ms
[2020-08-01T12:23:48.691+0300][16.204s][info ][gc] GC(661) Pause Young (Normal) (G1 Evacuation Pause) 96M->96M(512M) 11.928ms
[2020-08-01T12:23:48.713+0300][16.226s][info ][gc] GC(662) Pause Young (Normal) (G1 Evacuation Pause) 121M->123M(512M) 12.599ms
[2020-08-01T12:23:48.735+0300][16.248s][info ][gc] GC(663) Pause Young (Normal) (G1 Evacuation Pause) 164M->165M(512M) 10.956ms
[2020-08-01T12:23:48.754+0300][16.267s][info ][gc] GC(664) Pause Young (Normal) (G1 Evacuation Pause) 186M->187M(512M) 11.133ms
[2020-08-01T12:23:48.773+0300][16.286s][info ][gc] GC(665) Pause Young (Normal) (G1 Evacuation Pause) 208M->210M(512M) 10.447ms
[2020-08-01T12:23:48.792+0300][16.305s][info ][gc] GC(666) Pause Young (Normal) (G1 Evacuation Pause) 231M->232M(512M) 10.309ms
[2020-08-01T12:23:48.812+0300][16.325s][info ][gc] GC(667) Pause Young (Concurrent Start) (G1 Evacuation Pause) 253M->255M(512M) 11.537ms
[2020-08-01T12:23:48.812+0300][16.325s][info ][gc] GC(668) Concurrent Cycle
[2020-08-01T12:23:48.831+0300][16.344s][info ][gc] GC(669) Pause Young (Normal) (G1 Evacuation Pause) 276M->277M(512M) 10.666ms
[2020-08-01T12:23:48.853+0300][16.366s][info ][gc] GC(670) Pause Young (Normal) (G1 Evacuation Pause) 318M->320M(512M) 10.810ms
[2020-08-01T12:23:48.873+0300][16.386s][info ][gc] GC(671) Pause Young (Normal) (G1 Evacuation Pause) 341M->343M(512M) 11.895ms
[2020-08-01T12:23:48.893+0300][16.406s][info ][gc] GC(672) Pause Young (Normal) (G1 Evacuation Pause) 364M->365M(512M) 10.367ms
[2020-08-01T12:23:48.913+0300][16.426s][info ][gc] GC(673) Pause Young (Normal) (G1 Evacuation Pause) 386M->388M(512M) 11.001ms
[2020-08-01T12:23:48.935+0300][16.448s][info ][gc] GC(674) Pause Young (Normal) (G1 Evacuation Pause) 409M->410M(512M) 12.340ms
[2020-08-01T12:23:48.960+0300][16.473s][info ][gc] GC(675) Pause Young (Normal) (G1 Evacuation Pause) 451M->453M(512M) 12.217ms
[2020-08-01T12:23:48.980+0300][16.493s][info ][gc] GC(676) Pause Young (Normal) (G1 Evacuation Pause) 474M->476M(512M) 11.401ms
[2020-08-01T12:23:48.987+0300][16.500s][debug][gc] GC(668) Reclaimed 125 empty regions
[2020-08-01T12:23:48.987+0300][16.500s][info ][gc] GC(668) Pause Remark 490M->367M(512M) 0.568ms
[2020-08-01T12:23:49.001+0300][16.514s][info ][gc] GC(677) Pause Young (Normal) (G1 Evacuation Pause) 374M->375M(512M) 11.053ms
[2020-08-01T12:23:49.030+0300][16.543s][info ][gc] GC(678) Pause Young (Normal) (G1 Evacuation Pause) 396M->397M(512M) 10.495ms
[2020-08-01T12:23:49.056+0300][16.569s][info ][gc] GC(679) Pause Young (Normal) (G1 Evacuation Pause) 418M->420M(512M) 10.642ms
[2020-08-01T12:23:49.083+0300][16.595s][info ][gc] GC(680) Pause Young (Normal) (G1 Evacuation Pause) 441M->442M(512M) 10.538ms
[2020-08-01T12:23:49.116+0300][16.629s][info ][gc] GC(681) Pause Young (Normal) (G1 Evacuation Pause) 483M->485M(512M) 10.955ms
[2020-08-01T12:23:49.163+0300][16.676s][info ][gc] GC(682) To-space exhausted
[2020-08-01T12:23:49.163+0300][16.676s][info ][gc] GC(682) Pause Young (Normal) (G1 Evacuation Pause) 506M->511M(512M) 31.821ms
[2020-08-01T12:23:49.164+0300][16.677s][debug][gc] GC(683) Clear Next Bitmap 0.235ms
[2020-08-01T12:23:49.201+0300][16.714s][info ][gc] GC(683) Pause Full (G1 Evacuation Pause) 511M->61M(512M) 37.627ms
[2020-08-01T12:23:49.201+0300][16.714s][info ][gc] GC(668) Concurrent Cycle 389.277ms
[2020-08-01T12:23:49.222+0300][16.735s][info ][gc] GC(684) Pause Young (Normal) (G1 Evacuation Pause) 88M->89M(512M) 10.127ms
[2020-08-01T12:23:49.244+0300][16.757s][info ][gc] GC(685) Pause Young (Normal) (G1 Evacuation Pause) 114M->116M(512M) 12.032ms
[2020-08-01T12:23:49.264+0300][16.777s][info ][gc] GC(686) Pause Young (Normal) (G1 Evacuation Pause) 138M->139M(512M) 10.764ms
[2020-08-01T12:23:49.286+0300][16.799s][info ][gc] GC(687) Pause Young (Normal) (G1 Evacuation Pause) 180M->181M(512M) 11.768ms
[2020-08-01T12:23:49.307+0300][16.820s][info ][gc] GC(688) Pause Young (Normal) (G1 Evacuation Pause) 202M->203M(512M) 11.545ms
[2020-08-01T12:23:49.331+0300][16.844s][info ][gc] GC(689) Pause Young (Normal) (G1 Evacuation Pause) 225M->226M(512M) 13.202ms
[2020-08-01T12:23:49.356+0300][16.869s][info ][gc] GC(690) Pause Young (Normal) (G1 Evacuation Pause) 247M->248M(512M) 11.998ms
[2020-08-01T12:23:49.375+0300][16.888s][info ][gc] GC(691) Pause Young (Concurrent Start) (G1 Evacuation Pause) 269M->270M(512M) 10.463ms
[2020-08-01T12:23:49.375+0300][16.888s][info ][gc] GC(692) Concurrent Cycle
[2020-08-01T12:23:49.399+0300][16.912s][info ][gc] GC(693) Pause Young (Normal) (G1 Evacuation Pause) 311M->313M(512M) 11.162ms
[2020-08-01T12:23:49.419+0300][16.931s][info ][gc] GC(694) Pause Young (Normal) (G1 Evacuation Pause) 334M->335M(512M) 10.813ms
[2020-08-01T12:23:49.438+0300][16.951s][info ][gc] GC(695) Pause Young (Normal) (G1 Evacuation Pause) 356M->357M(512M) 10.580ms
[2020-08-01T12:23:49.457+0300][16.970s][info ][gc] GC(696) Pause Young (Normal) (G1 Evacuation Pause) 378M->380M(512M) 10.291ms
[2020-08-01T12:23:49.475+0300][16.988s][info ][gc] GC(697) Pause Young (Normal) (G1 Evacuation Pause) 401M->402M(512M) 9.896ms
[2020-08-01T12:23:49.495+0300][17.008s][info ][gc] GC(698) Pause Young (Normal) (G1 Evacuation Pause) 423M->425M(512M) 10.773ms
[2020-08-01T12:23:49.517+0300][17.030s][info ][gc] GC(699) Pause Young (Normal) (G1 Evacuation Pause) 466M->467M(512M) 10.441ms
[2020-08-01T12:23:49.543+0300][17.055s][info ][gc] GC(700) To-space exhausted
[2020-08-01T12:23:49.543+0300][17.056s][info ][gc] GC(700) Pause Young (Normal) (G1 Evacuation Pause) 488M->496M(512M) 16.490ms
[2020-08-01T12:23:49.575+0300][17.088s][info ][gc] GC(701) To-space exhausted
[2020-08-01T12:23:49.575+0300][17.088s][info ][gc] GC(701) Pause Young (Normal) (G1 Evacuation Pause) 509M->509M(512M) 26.037ms
[2020-08-01T12:23:49.576+0300][17.089s][debug][gc] GC(702) Clear Next Bitmap 0.273ms
[2020-08-01T12:23:49.625+0300][17.138s][info ][gc] GC(702) Pause Full (G1 Evacuation Pause) 509M->76M(512M) 49.840ms
[2020-08-01T12:23:49.625+0300][17.138s][info ][gc] GC(692) Concurrent Cycle 250.336ms
[2020-08-01T12:23:49.647+0300][17.160s][info ][gc] GC(703) Pause Young (Normal) (G1 Evacuation Pause) 102M->103M(512M) 11.458ms
[2020-08-01T12:23:49.669+0300][17.182s][info ][gc] GC(704) Pause Young (Normal) (G1 Evacuation Pause) 127M->128M(512M) 11.271ms
[2020-08-01T12:23:49.689+0300][17.202s][info ][gc] GC(705) Pause Young (Normal) (G1 Evacuation Pause) 169M->171M(512M) 9.957ms
[2020-08-01T12:23:49.708+0300][17.221s][info ][gc] GC(706) Pause Young (Normal) (G1 Evacuation Pause) 192M->194M(512M) 10.527ms
[2020-08-01T12:23:49.727+0300][17.240s][info ][gc] GC(707) Pause Young (Normal) (G1 Evacuation Pause) 215M->216M(512M) 10.600ms
[2020-08-01T12:23:49.746+0300][17.259s][info ][gc] GC(708) Pause Young (Normal) (G1 Evacuation Pause) 237M->239M(512M) 10.659ms
[2020-08-01T12:23:49.765+0300][17.278s][info ][gc] GC(709) Pause Young (Concurrent Start) (G1 Evacuation Pause) 260M->261M(512M) 10.715ms
[2020-08-01T12:23:49.765+0300][17.278s][info ][gc] GC(710) Concurrent Cycle
[2020-08-01T12:23:49.789+0300][17.302s][info ][gc] GC(711) Pause Young (Normal) (G1 Evacuation Pause) 302M->304M(512M) 10.137ms
[2020-08-01T12:23:49.808+0300][17.321s][info ][gc] GC(712) Pause Young (Normal) (G1 Evacuation Pause) 325M->326M(512M) 10.336ms
[2020-08-01T12:23:49.828+0300][17.341s][info ][gc] GC(713) Pause Young (Normal) (G1 Evacuation Pause) 347M->349M(512M) 10.546ms
[2020-08-01T12:23:49.848+0300][17.361s][info ][gc] GC(714) Pause Young (Normal) (G1 Evacuation Pause) 370M->371M(512M) 10.479ms
[2020-08-01T12:23:49.868+0300][17.381s][info ][gc] GC(715) Pause Young (Normal) (G1 Evacuation Pause) 392M->394M(512M) 11.404ms
[2020-08-01T12:23:49.890+0300][17.403s][info ][gc] GC(716) Pause Young (Normal) (G1 Evacuation Pause) 415M->416M(512M) 10.575ms
[2020-08-01T12:23:49.913+0300][17.426s][info ][gc] GC(717) Pause Young (Normal) (G1 Evacuation Pause) 457M->459M(512M) 10.501ms
[2020-08-01T12:23:49.932+0300][17.445s][info ][gc] GC(718) Pause Young (Normal) (G1 Evacuation Pause) 480M->481M(512M) 10.340ms
[2020-08-01T12:23:49.941+0300][17.453s][debug][gc] GC(710) Reclaimed 128 empty regions
[2020-08-01T12:23:49.941+0300][17.453s][info ][gc] GC(710) Pause Remark 499M->374M(512M) 0.646ms
[2020-08-01T12:23:49.953+0300][17.466s][info ][gc] GC(719) Pause Young (Normal) (G1 Evacuation Pause) 377M->379M(512M) 10.986ms
[2020-08-01T12:23:49.980+0300][17.493s][info ][gc] GC(720) Pause Young (Normal) (G1 Evacuation Pause) 400M->401M(512M) 11.093ms
[2020-08-01T12:23:50.007+0300][17.520s][info ][gc] GC(721) Pause Young (Normal) (G1 Evacuation Pause) 422M->423M(512M) 10.486ms
[2020-08-01T12:23:50.039+0300][17.551s][info ][gc] GC(722) Pause Young (Normal) (G1 Evacuation Pause) 464M->464M(512M) 10.431ms
[2020-08-01T12:23:50.066+0300][17.579s][info ][gc] GC(723) To-space exhausted
[2020-08-01T12:23:50.066+0300][17.579s][info ][gc] GC(723) Pause Young (Normal) (G1 Evacuation Pause) 485M->487M(512M) 11.391ms
[2020-08-01T12:23:50.112+0300][17.625s][info ][gc] GC(724) To-space exhausted
[2020-08-01T12:23:50.113+0300][17.625s][info ][gc] GC(724) Pause Young (Normal) (G1 Evacuation Pause) 508M->511M(512M) 33.777ms
[2020-08-01T12:23:50.113+0300][17.626s][debug][gc] GC(725) Clear Next Bitmap 0.250ms
[2020-08-01T12:23:50.155+0300][17.668s][info ][gc] GC(725) Pause Full (G1 Evacuation Pause) 511M->66M(512M) 42.738ms
[2020-08-01T12:23:50.156+0300][17.669s][info ][gc] GC(710) Concurrent Cycle 390.284ms
[2020-08-01T12:23:50.178+0300][17.691s][info ][gc] GC(726) Pause Young (Normal) (G1 Evacuation Pause) 92M->92M(512M) 11.187ms
[2020-08-01T12:23:50.200+0300][17.713s][info ][gc] GC(727) Pause Young (Normal) (G1 Evacuation Pause) 116M->118M(512M) 12.264ms
[2020-08-01T12:23:50.224+0300][17.737s][info ][gc] GC(728) Pause Young (Normal) (G1 Evacuation Pause) 159M->160M(512M) 11.394ms
[2020-08-01T12:23:50.243+0300][17.756s][info ][gc] GC(729) Pause Young (Normal) (G1 Evacuation Pause) 181M->182M(512M) 10.639ms
[2020-08-01T12:23:50.262+0300][17.775s][info ][gc] GC(730) Pause Young (Normal) (G1 Evacuation Pause) 203M->204M(512M) 10.379ms
[2020-08-01T12:23:50.280+0300][17.793s][info ][gc] GC(731) Pause Young (Normal) (G1 Evacuation Pause) 225M->226M(512M) 10.190ms
[2020-08-01T12:23:50.300+0300][17.813s][info ][gc] GC(732) Pause Young (Normal) (G1 Evacuation Pause) 247M->249M(512M) 11.439ms
[2020-08-01T12:23:50.324+0300][17.836s][info ][gc] GC(733) Pause Young (Concurrent Start) (G1 Evacuation Pause) 270M->271M(512M) 14.668ms
[2020-08-01T12:23:50.324+0300][17.837s][info ][gc] GC(734) Concurrent Cycle
[2020-08-01T12:23:50.352+0300][17.865s][info ][gc] GC(735) Pause Young (Normal) (G1 Evacuation Pause) 312M->313M(512M) 13.777ms
[2020-08-01T12:23:50.373+0300][17.886s][info ][gc] GC(736) Pause Young (Normal) (G1 Evacuation Pause) 334M->335M(512M) 10.824ms
[2020-08-01T12:23:50.396+0300][17.909s][info ][gc] GC(737) Pause Young (Normal) (G1 Evacuation Pause) 356M->357M(512M) 11.769ms
[2020-08-01T12:23:50.418+0300][17.931s][info ][gc] GC(738) Pause Young (Normal) (G1 Evacuation Pause) 378M->379M(512M) 12.195ms
[2020-08-01T12:23:50.439+0300][17.952s][info ][gc] GC(739) Pause Young (Normal) (G1 Evacuation Pause) 400M->401M(512M) 11.323ms
[2020-08-01T12:23:50.465+0300][17.978s][info ][gc] GC(740) Pause Young (Normal) (G1 Evacuation Pause) 442M->443M(512M) 12.717ms
[2020-08-01T12:23:50.485+0300][17.998s][info ][gc] GC(741) Pause Young (Normal) (G1 Evacuation Pause) 464M->465M(512M) 10.966ms
[2020-08-01T12:23:50.507+0300][18.019s][info ][gc] GC(742) To-space exhausted
[2020-08-01T12:23:50.507+0300][18.019s][info ][gc] GC(742) Pause Young (Normal) (G1 Evacuation Pause) 486M->493M(512M) 12.134ms
[2020-08-01T12:23:50.544+0300][18.057s][info ][gc] GC(743) To-space exhausted
[2020-08-01T12:23:50.544+0300][18.057s][info ][gc] GC(743) Pause Young (Normal) (G1 Evacuation Pause) 510M->510M(512M) 30.346ms
[2020-08-01T12:23:50.545+0300][18.057s][debug][gc] GC(744) Clear Next Bitmap 0.288ms
[2020-08-01T12:23:50.598+0300][18.111s][info ][gc] GC(744) Pause Full (G1 Evacuation Pause) 510M->82M(512M) 53.535ms
[2020-08-01T12:23:50.598+0300][18.111s][info ][gc] GC(734) Concurrent Cycle 274.308ms
[2020-08-01T12:23:50.622+0300][18.134s][info ][gc] GC(745) Pause Young (Normal) (G1 Evacuation Pause) 109M->109M(512M) 12.931ms
[2020-08-01T12:23:50.642+0300][18.154s][info ][gc] GC(746) Pause Young (Normal) (G1 Evacuation Pause) 132M->134M(512M) 10.491ms
[2020-08-01T12:23:50.666+0300][18.178s][info ][gc] GC(747) Pause Young (Normal) (G1 Evacuation Pause) 175M->176M(512M) 10.582ms
[2020-08-01T12:23:50.685+0300][18.198s][info ][gc] GC(748) Pause Young (Normal) (G1 Evacuation Pause) 197M->198M(512M) 10.267ms
[2020-08-01T12:23:50.704+0300][18.217s][info ][gc] GC(749) Pause Young (Normal) (G1 Evacuation Pause) 219M->221M(512M) 10.581ms
[2020-08-01T12:23:50.723+0300][18.236s][info ][gc] GC(750) Pause Young (Normal) (G1 Evacuation Pause) 242M->243M(512M) 10.379ms
[2020-08-01T12:23:50.741+0300][18.254s][info ][gc] GC(751) Pause Young (Concurrent Start) (G1 Evacuation Pause) 264M->266M(512M) 10.386ms
[2020-08-01T12:23:50.741+0300][18.254s][info ][gc] GC(752) Concurrent Cycle
[2020-08-01T12:23:50.766+0300][18.279s][info ][gc] GC(753) Pause Young (Normal) (G1 Evacuation Pause) 307M->308M(512M) 11.579ms
[2020-08-01T12:23:50.786+0300][18.299s][info ][gc] GC(754) Pause Young (Normal) (G1 Evacuation Pause) 329M->330M(512M) 10.936ms
[2020-08-01T12:23:50.805+0300][18.318s][info ][gc] GC(755) Pause Young (Normal) (G1 Evacuation Pause) 351M->352M(512M) 10.262ms
[2020-08-01T12:23:50.826+0300][18.339s][info ][gc] GC(756) Pause Young (Normal) (G1 Evacuation Pause) 373M->375M(512M) 11.867ms
[2020-08-01T12:23:50.848+0300][18.361s][info ][gc] GC(757) Pause Young (Normal) (G1 Evacuation Pause) 396M->398M(512M) 12.283ms
[2020-08-01T12:23:50.868+0300][18.381s][info ][gc] GC(758) Pause Young (Normal) (G1 Evacuation Pause) 419M->421M(512M) 11.048ms
[2020-08-01T12:23:50.894+0300][18.406s][info ][gc] GC(759) Pause Young (Normal) (G1 Evacuation Pause) 462M->463M(512M) 11.309ms
[2020-08-01T12:23:50.914+0300][18.427s][info ][gc] GC(760) To-space exhausted
[2020-08-01T12:23:50.914+0300][18.427s][info ][gc] GC(760) Pause Young (Normal) (G1 Evacuation Pause) 484M->486M(512M) 11.591ms
[2020-08-01T12:23:50.956+0300][18.469s][info ][gc] GC(761) To-space exhausted
[2020-08-01T12:23:50.956+0300][18.469s][info ][gc] GC(761) Pause Young (Normal) (G1 Evacuation Pause) 507M->510M(512M) 32.938ms
[2020-08-01T12:23:50.957+0300][18.470s][debug][gc] GC(762) Clear Next Bitmap 0.275ms
[2020-08-01T12:23:51.006+0300][18.519s][info ][gc] GC(762) Pause Full (G1 Evacuation Pause) 510M->81M(512M) 49.742ms
[2020-08-01T12:23:51.006+0300][18.519s][info ][gc] GC(752) Concurrent Cycle 264.887ms
[2020-08-01T12:23:51.029+0300][18.542s][info ][gc] GC(763) Pause Young (Normal) (G1 Evacuation Pause) 108M->109M(512M) 12.202ms
[2020-08-01T12:23:51.051+0300][18.564s][info ][gc] GC(764) Pause Young (Normal) (G1 Evacuation Pause) 133M->134M(512M) 12.139ms
[2020-08-01T12:23:51.074+0300][18.587s][info ][gc] GC(765) Pause Young (Normal) (G1 Evacuation Pause) 175M->177M(512M) 10.948ms
[2020-08-01T12:23:51.093+0300][18.606s][info ][gc] GC(766) Pause Young (Normal) (G1 Evacuation Pause) 198M->199M(512M) 10.600ms
[2020-08-01T12:23:51.112+0300][18.625s][info ][gc] GC(767) Pause Young (Normal) (G1 Evacuation Pause) 220M->222M(512M) 10.382ms
[2020-08-01T12:23:51.131+0300][18.644s][info ][gc] GC(768) Pause Young (Normal) (G1 Evacuation Pause) 243M->244M(512M) 10.558ms
[2020-08-01T12:23:51.150+0300][18.663s][info ][gc] GC(769) Pause Young (Concurrent Start) (G1 Evacuation Pause) 265M->266M(512M) 10.716ms
[2020-08-01T12:23:51.150+0300][18.663s][info ][gc] GC(770) Concurrent Cycle
[2020-08-01T12:23:51.174+0300][18.687s][info ][gc] GC(771) Pause Young (Normal) (G1 Evacuation Pause) 307M->308M(512M) 10.973ms
[2020-08-01T12:23:51.194+0300][18.707s][info ][gc] GC(772) Pause Young (Normal) (G1 Evacuation Pause) 329M->331M(512M) 11.108ms
[2020-08-01T12:23:51.215+0300][18.728s][info ][gc] GC(773) Pause Young (Normal) (G1 Evacuation Pause) 352M->354M(512M) 12.272ms
[2020-08-01T12:23:51.235+0300][18.748s][info ][gc] GC(774) Pause Young (Normal) (G1 Evacuation Pause) 375M->376M(512M) 11.335ms
[2020-08-01T12:23:51.257+0300][18.769s][info ][gc] GC(775) Pause Young (Normal) (G1 Evacuation Pause) 397M->399M(512M) 11.118ms
[2020-08-01T12:23:51.277+0300][18.790s][info ][gc] GC(776) Pause Young (Normal) (G1 Evacuation Pause) 420M->422M(512M) 11.064ms
[2020-08-01T12:23:51.302+0300][18.815s][info ][gc] GC(777) Pause Young (Normal) (G1 Evacuation Pause) 463M->465M(512M) 11.700ms
[2020-08-01T12:23:51.327+0300][18.840s][info ][gc] GC(778) To-space exhausted
[2020-08-01T12:23:51.327+0300][18.840s][info ][gc] GC(778) Pause Young (Normal) (G1 Evacuation Pause) 486M->493M(512M) 14.172ms
[2020-08-01T12:23:51.368+0300][18.880s][info ][gc] GC(779) To-space exhausted
[2020-08-01T12:23:51.368+0300][18.881s][info ][gc] GC(779) Pause Young (Normal) (G1 Evacuation Pause) 509M->509M(512M) 33.174ms
[2020-08-01T12:23:51.368+0300][18.881s][debug][gc] GC(780) Clear Next Bitmap 0.242ms
[2020-08-01T12:23:51.418+0300][18.931s][info ][gc] GC(780) Pause Full (G1 Evacuation Pause) 509M->77M(512M) 49.926ms
[2020-08-01T12:23:51.418+0300][18.931s][info ][gc] GC(770) Concurrent Cycle 267.418ms
[2020-08-01T12:23:51.440+0300][18.953s][info ][gc] GC(781) Pause Young (Normal) (G1 Evacuation Pause) 104M->104M(512M) 10.474ms
[2020-08-01T12:23:51.462+0300][18.975s][info ][gc] GC(782) Pause Young (Normal) (G1 Evacuation Pause) 129M->130M(512M) 12.146ms
[2020-08-01T12:23:51.485+0300][18.998s][info ][gc] GC(783) Pause Young (Normal) (G1 Evacuation Pause) 171M->173M(512M) 11.498ms
[2020-08-01T12:23:51.505+0300][19.018s][info ][gc] GC(784) Pause Young (Normal) (G1 Evacuation Pause) 194M->195M(512M) 11.670ms
[2020-08-01T12:23:51.524+0300][19.037s][info ][gc] GC(785) Pause Young (Normal) (G1 Evacuation Pause) 216M->218M(512M) 10.541ms
[2020-08-01T12:23:51.543+0300][19.056s][info ][gc] GC(786) Pause Young (Normal) (G1 Evacuation Pause) 239M->240M(512M) 10.933ms
[2020-08-01T12:23:51.562+0300][19.075s][info ][gc] GC(787) Pause Young (Concurrent Start) (G1 Evacuation Pause) 261M->262M(512M) 10.270ms
[2020-08-01T12:23:51.562+0300][19.075s][info ][gc] GC(788) Concurrent Cycle
[2020-08-01T12:23:51.584+0300][19.097s][info ][gc] GC(789) Pause Young (Normal) (G1 Evacuation Pause) 303M->305M(512M) 10.831ms
[2020-08-01T12:23:51.604+0300][19.117s][info ][gc] GC(790) Pause Young (Normal) (G1 Evacuation Pause) 326M->327M(512M) 10.677ms
[2020-08-01T12:23:51.623+0300][19.136s][info ][gc] GC(791) Pause Young (Normal) (G1 Evacuation Pause) 348M->349M(512M) 10.308ms
[2020-08-01T12:23:51.643+0300][19.156s][info ][gc] GC(792) Pause Young (Normal) (G1 Evacuation Pause) 370M->371M(512M) 10.630ms
[2020-08-01T12:23:51.664+0300][19.177s][info ][gc] GC(793) Pause Young (Normal) (G1 Evacuation Pause) 392M->394M(512M) 10.875ms
[2020-08-01T12:23:51.684+0300][19.197s][info ][gc] GC(794) Pause Young (Normal) (G1 Evacuation Pause) 415M->417M(512M) 10.675ms
[2020-08-01T12:23:51.707+0300][19.220s][info ][gc] GC(795) Pause Young (Normal) (G1 Evacuation Pause) 458M->460M(512M) 10.579ms
[2020-08-01T12:23:51.726+0300][19.239s][info ][gc] GC(796) Pause Young (Normal) (G1 Evacuation Pause) 481M->481M(512M) 10.538ms
[2020-08-01T12:23:51.768+0300][19.281s][info ][gc] GC(797) To-space exhausted
[2020-08-01T12:23:51.768+0300][19.281s][info ][gc] GC(797) Pause Young (Normal) (G1 Evacuation Pause) 502M->507M(512M) 31.967ms
[2020-08-01T12:23:51.776+0300][19.289s][info ][gc] GC(798) To-space exhausted
[2020-08-01T12:23:51.776+0300][19.289s][info ][gc] GC(798) Pause Young (Normal) (G1 Evacuation Pause) 508M->508M(512M) 8.015ms
[2020-08-01T12:23:51.777+0300][19.290s][debug][gc] GC(799) Clear Next Bitmap 0.284ms
[2020-08-01T12:23:51.826+0300][19.339s][info ][gc] GC(799) Pause Full (G1 Evacuation Pause) 508M->79M(512M) 49.586ms
[2020-08-01T12:23:51.826+0300][19.339s][info ][gc] GC(788) Concurrent Cycle 264.565ms
[2020-08-01T12:23:51.850+0300][19.362s][info ][gc] GC(800) Pause Young (Normal) (G1 Evacuation Pause) 106M->106M(512M) 12.343ms
[2020-08-01T12:23:51.871+0300][19.384s][info ][gc] GC(801) Pause Young (Normal) (G1 Evacuation Pause) 130M->131M(512M) 11.921ms
[2020-08-01T12:23:51.895+0300][19.408s][info ][gc] GC(802) Pause Young (Normal) (G1 Evacuation Pause) 172M->174M(512M) 12.723ms
[2020-08-01T12:23:51.915+0300][19.428s][info ][gc] GC(803) Pause Young (Normal) (G1 Evacuation Pause) 195M->196M(512M) 11.172ms
[2020-08-01T12:23:51.935+0300][19.448s][info ][gc] GC(804) Pause Young (Normal) (G1 Evacuation Pause) 217M->219M(512M) 11.128ms
[2020-08-01T12:23:51.954+0300][19.467s][info ][gc] GC(805) Pause Young (Normal) (G1 Evacuation Pause) 240M->241M(512M) 10.669ms
[2020-08-01T12:23:51.973+0300][19.486s][info ][gc] GC(806) Pause Young (Concurrent Start) (G1 Evacuation Pause) 262M->264M(512M) 10.395ms
[2020-08-01T12:23:51.973+0300][19.486s][info ][gc] GC(807) Concurrent Cycle
[2020-08-01T12:23:51.996+0300][19.509s][info ][gc] GC(808) Pause Young (Normal) (G1 Evacuation Pause) 305M->307M(512M) 11.057ms
[2020-08-01T12:23:52.016+0300][19.529s][info ][gc] GC(809) Pause Young (Normal) (G1 Evacuation Pause) 328M->329M(512M) 11.465ms
[2020-08-01T12:23:52.036+0300][19.549s][info ][gc] GC(810) Pause Young (Normal) (G1 Evacuation Pause) 350M->352M(512M) 11.010ms
[2020-08-01T12:23:52.056+0300][19.569s][info ][gc] GC(811) Pause Young (Normal) (G1 Evacuation Pause) 373M->374M(512M) 10.741ms
[2020-08-01T12:23:52.075+0300][19.588s][info ][gc] GC(812) Pause Young (Normal) (G1 Evacuation Pause) 395M->397M(512M) 9.916ms
[2020-08-01T12:23:52.096+0300][19.608s][info ][gc] GC(813) Pause Young (Normal) (G1 Evacuation Pause) 418M->419M(512M) 11.021ms
[2020-08-01T12:23:52.118+0300][19.631s][info ][gc] GC(814) Pause Young (Normal) (G1 Evacuation Pause) 460M->461M(512M) 10.648ms
[2020-08-01T12:23:52.138+0300][19.651s][info ][gc] GC(815) Pause Young (Normal) (G1 Evacuation Pause) 482M->484M(512M) 10.773ms
[2020-08-01T12:23:52.180+0300][19.693s][info ][gc] GC(816) To-space exhausted
[2020-08-01T12:23:52.180+0300][19.693s][info ][gc] GC(816) Pause Young (Normal) (G1 Evacuation Pause) 505M->509M(512M) 32.480ms
[2020-08-01T12:23:52.180+0300][19.693s][debug][gc] GC(817) Clear Next Bitmap 0.274ms
[2020-08-01T12:23:52.230+0300][19.742s][info ][gc] GC(817) Pause Full (G1 Evacuation Pause) 509M->79M(512M) 49.611ms
[2020-08-01T12:23:52.230+0300][19.743s][info ][gc] GC(807) Concurrent Cycle 256.669ms
[2020-08-01T12:23:52.253+0300][19.766s][info ][gc] GC(818) Pause Young (Normal) (G1 Evacuation Pause) 105M->106M(512M) 12.946ms
[2020-08-01T12:23:52.273+0300][19.786s][info ][gc] GC(819) Pause Young (Normal) (G1 Evacuation Pause) 128M->129M(512M) 10.462ms
[2020-08-01T12:23:52.295+0300][19.808s][info ][gc] GC(820) Pause Young (Normal) (G1 Evacuation Pause) 170M->172M(512M) 10.925ms
[2020-08-01T12:23:52.315+0300][19.828s][info ][gc] GC(821) Pause Young (Normal) (G1 Evacuation Pause) 193M->195M(512M) 11.678ms
[2020-08-01T12:23:52.338+0300][19.851s][info ][gc] GC(822) Pause Young (Normal) (G1 Evacuation Pause) 216M->217M(512M) 12.543ms
[2020-08-01T12:23:52.361+0300][19.874s][info ][gc] GC(823) Pause Young (Normal) (G1 Evacuation Pause) 238M->240M(512M) 12.193ms
[2020-08-01T12:23:52.381+0300][19.894s][info ][gc] GC(824) Pause Young (Concurrent Start) (G1 Evacuation Pause) 261M->262M(512M) 11.257ms
[2020-08-01T12:23:52.381+0300][19.894s][info ][gc] GC(825) Concurrent Cycle
[2020-08-01T12:23:52.404+0300][19.917s][info ][gc] GC(826) Pause Young (Normal) (G1 Evacuation Pause) 303M->304M(512M) 10.365ms
[2020-08-01T12:23:52.423+0300][19.936s][info ][gc] GC(827) Pause Young (Normal) (G1 Evacuation Pause) 325M->327M(512M) 10.528ms
[2020-08-01T12:23:52.443+0300][19.956s][info ][gc] GC(828) Pause Young (Normal) (G1 Evacuation Pause) 348M->349M(512M) 10.901ms
[2020-08-01T12:23:52.463+0300][19.976s][info ][gc] GC(829) Pause Young (Normal) (G1 Evacuation Pause) 370M->372M(512M) 10.612ms
[2020-08-01T12:23:52.483+0300][19.996s][info ][gc] GC(830) Pause Young (Normal) (G1 Evacuation Pause) 393M->394M(512M) 11.419ms
[2020-08-01T12:23:52.503+0300][20.016s][info ][gc] GC(831) Pause Young (Normal) (G1 Evacuation Pause) 415M->417M(512M) 10.900ms
[2020-08-01T12:23:52.527+0300][20.040s][info ][gc] GC(832) Pause Young (Normal) (G1 Evacuation Pause) 458M->459M(512M) 10.448ms
[2020-08-01T12:23:52.547+0300][20.060s][info ][gc] GC(833) Pause Young (Normal) (G1 Evacuation Pause) 480M->481M(512M) 10.951ms
[2020-08-01T12:23:52.586+0300][20.099s][info ][gc] GC(834) To-space exhausted
[2020-08-01T12:23:52.586+0300][20.099s][info ][gc] GC(834) Pause Young (Normal) (G1 Evacuation Pause) 502M->508M(512M) 30.719ms
[2020-08-01T12:23:52.597+0300][20.110s][info ][gc] GC(835) To-space exhausted
[2020-08-01T12:23:52.598+0300][20.110s][info ][gc] GC(835) Pause Young (Normal) (G1 Evacuation Pause) 509M->509M(512M) 9.017ms
[2020-08-01T12:23:52.598+0300][20.111s][debug][gc] GC(836) Clear Next Bitmap 0.356ms
[2020-08-01T12:23:52.645+0300][20.158s][info ][gc] GC(836) Pause Full (G1 Evacuation Pause) 509M->77M(512M) 47.596ms
[2020-08-01T12:23:52.645+0300][20.158s][info ][gc] GC(825) Concurrent Cycle 264.395ms
[2020-08-01T12:23:52.669+0300][20.182s][info ][gc] GC(837) Pause Young (Normal) (G1 Evacuation Pause) 103M->104M(512M) 12.927ms
[2020-08-01T12:23:52.690+0300][20.203s][info ][gc] GC(838) Pause Young (Normal) (G1 Evacuation Pause) 126M->126M(512M) 11.405ms
[2020-08-01T12:23:52.712+0300][20.225s][info ][gc] GC(839) Pause Young (Normal) (G1 Evacuation Pause) 167M->169M(512M) 11.992ms
[2020-08-01T12:23:52.731+0300][20.244s][info ][gc] GC(840) Pause Young (Normal) (G1 Evacuation Pause) 190M->191M(512M) 11.123ms
[2020-08-01T12:23:52.751+0300][20.264s][info ][gc] GC(841) Pause Young (Normal) (G1 Evacuation Pause) 212M->213M(512M) 10.938ms
[2020-08-01T12:23:52.770+0300][20.283s][info ][gc] GC(842) Pause Young (Normal) (G1 Evacuation Pause) 234M->236M(512M) 10.706ms
[2020-08-01T12:23:52.789+0300][20.302s][info ][gc] GC(843) Pause Young (Concurrent Start) (G1 Evacuation Pause) 257M->258M(512M) 10.342ms
[2020-08-01T12:23:52.789+0300][20.302s][info ][gc] GC(844) Concurrent Cycle
[2020-08-01T12:23:52.813+0300][20.326s][info ][gc] GC(845) Pause Young (Normal) (G1 Evacuation Pause) 299M->301M(512M) 10.784ms
[2020-08-01T12:23:52.834+0300][20.346s][info ][gc] GC(846) Pause Young (Normal) (G1 Evacuation Pause) 322M->323M(512M) 11.636ms
[2020-08-01T12:23:52.854+0300][20.367s][info ][gc] GC(847) Pause Young (Normal) (G1 Evacuation Pause) 344M->346M(512M) 11.980ms
[2020-08-01T12:23:52.873+0300][20.386s][info ][gc] GC(848) Pause Young (Normal) (G1 Evacuation Pause) 367M->369M(512M) 10.568ms
[2020-08-01T12:23:52.893+0300][20.406s][info ][gc] GC(849) Pause Young (Normal) (G1 Evacuation Pause) 390M->391M(512M) 10.805ms
[2020-08-01T12:23:52.914+0300][20.427s][info ][gc] GC(850) Pause Young (Normal) (G1 Evacuation Pause) 412M->414M(512M) 10.986ms
[2020-08-01T12:23:52.937+0300][20.450s][info ][gc] GC(851) Pause Young (Normal) (G1 Evacuation Pause) 455M->457M(512M) 11.210ms
[2020-08-01T12:23:52.957+0300][20.470s][info ][gc] GC(852) Pause Young (Normal) (G1 Evacuation Pause) 478M->479M(512M) 10.676ms
[2020-08-01T12:23:52.966+0300][20.479s][debug][gc] GC(844) Reclaimed 125 empty regions
[2020-08-01T12:23:52.966+0300][20.479s][info ][gc] GC(844) Pause Remark 498M->375M(512M) 0.533ms
[2020-08-01T12:23:52.978+0300][20.490s][info ][gc] GC(853) Pause Young (Normal) (G1 Evacuation Pause) 377M->379M(512M) 10.968ms
[2020-08-01T12:23:53.008+0300][20.521s][info ][gc] GC(854) Pause Young (Normal) (G1 Evacuation Pause) 400M->401M(512M) 10.633ms
[2020-08-01T12:23:53.035+0300][20.548s][info ][gc] GC(855) Pause Young (Normal) (G1 Evacuation Pause) 422M->424M(512M) 11.264ms
[2020-08-01T12:23:53.066+0300][20.579s][info ][gc] GC(856) Pause Young (Normal) (G1 Evacuation Pause) 465M->466M(512M) 11.529ms
[2020-08-01T12:23:53.096+0300][20.609s][info ][gc] GC(857) To-space exhausted
[2020-08-01T12:23:53.096+0300][20.609s][info ][gc] GC(857) Pause Young (Normal) (G1 Evacuation Pause) 487M->489M(512M) 12.218ms
[2020-08-01T12:23:53.152+0300][20.665s][info ][gc] GC(858) To-space exhausted
[2020-08-01T12:23:53.152+0300][20.665s][info ][gc] GC(858) Pause Young (Normal) (G1 Evacuation Pause) 510M->511M(512M) 38.051ms
[2020-08-01T12:23:53.153+0300][20.666s][debug][gc] GC(859) Clear Next Bitmap 0.298ms
[2020-08-01T12:23:53.195+0300][20.708s][info ][gc] GC(859) Pause Full (G1 Evacuation Pause) 511M->65M(512M) 42.351ms
[2020-08-01T12:23:53.195+0300][20.708s][info ][gc] GC(844) Concurrent Cycle 405.585ms
[2020-08-01T12:23:53.218+0300][20.731s][info ][gc] GC(860) Pause Young (Normal) (G1 Evacuation Pause) 91M->91M(512M) 12.349ms
[2020-08-01T12:23:53.239+0300][20.752s][info ][gc] GC(861) Pause Young (Normal) (G1 Evacuation Pause) 114M->116M(512M) 12.137ms
[2020-08-01T12:23:53.258+0300][20.771s][info ][gc] GC(862) Pause Young (Normal) (G1 Evacuation Pause) 137M->138M(512M) 10.223ms
[2020-08-01T12:23:53.281+0300][20.794s][info ][gc] GC(863) Pause Young (Normal) (G1 Evacuation Pause) 179M->181M(512M) 11.890ms
[2020-08-01T12:23:53.301+0300][20.814s][info ][gc] GC(864) Pause Young (Normal) (G1 Evacuation Pause) 202M->203M(512M) 12.181ms
[2020-08-01T12:23:53.323+0300][20.836s][info ][gc] GC(865) Pause Young (Normal) (G1 Evacuation Pause) 224M->224M(512M) 12.975ms
[2020-08-01T12:23:53.346+0300][20.859s][info ][gc] GC(866) Pause Young (Normal) (G1 Evacuation Pause) 245M->247M(512M) 12.753ms
[2020-08-01T12:23:53.366+0300][20.879s][info ][gc] GC(867) Pause Young (Concurrent Start) (G1 Evacuation Pause) 268M->269M(512M) 10.800ms
[2020-08-01T12:23:53.366+0300][20.879s][info ][gc] GC(868) Concurrent Cycle
[2020-08-01T12:23:53.394+0300][20.907s][info ][gc] GC(869) Pause Young (Normal) (G1 Evacuation Pause) 310M->310M(512M) 11.072ms
[2020-08-01T12:23:53.415+0300][20.927s][info ][gc] GC(870) Pause Young (Normal) (G1 Evacuation Pause) 331M->333M(512M) 11.454ms
[2020-08-01T12:23:53.434+0300][20.947s][info ][gc] GC(871) Pause Young (Normal) (G1 Evacuation Pause) 354M->356M(512M) 11.059ms
[2020-08-01T12:23:53.454+0300][20.967s][info ][gc] GC(872) Pause Young (Normal) (G1 Evacuation Pause) 377M->378M(512M) 10.596ms
[2020-08-01T12:23:53.472+0300][20.985s][info ][gc] GC(873) Pause Young (Normal) (G1 Evacuation Pause) 399M->400M(512M) 9.995ms
[2020-08-01T12:23:53.492+0300][21.005s][info ][gc] GC(874) Pause Young (Normal) (G1 Evacuation Pause) 421M->423M(512M) 10.923ms
[2020-08-01T12:23:53.516+0300][21.029s][info ][gc] GC(875) Pause Young (Normal) (G1 Evacuation Pause) 464M->465M(512M) 11.333ms
[2020-08-01T12:23:53.539+0300][21.052s][info ][gc] GC(876) To-space exhausted
[2020-08-01T12:23:53.539+0300][21.052s][info ][gc] GC(876) Pause Young (Normal) (G1 Evacuation Pause) 486M->491M(512M) 14.395ms
[2020-08-01T12:23:53.581+0300][21.094s][info ][gc] GC(877) To-space exhausted
[2020-08-01T12:23:53.581+0300][21.094s][info ][gc] GC(877) Pause Young (Normal) (G1 Evacuation Pause) 509M->509M(512M) 33.485ms
[2020-08-01T12:23:53.582+0300][21.095s][debug][gc] GC(878) Clear Next Bitmap 0.282ms
[2020-08-01T12:23:53.639+0300][21.152s][info ][gc] GC(878) Pause Full (G1 Evacuation Pause) 509M->81M(512M) 58.046ms
[2020-08-01T12:23:53.640+0300][21.152s][info ][gc] GC(868) Concurrent Cycle 273.167ms
[2020-08-01T12:23:53.661+0300][21.174s][info ][gc] GC(879) Pause Young (Normal) (G1 Evacuation Pause) 106M->106M(512M) 10.873ms
[2020-08-01T12:23:53.683+0300][21.196s][info ][gc] GC(880) Pause Young (Normal) (G1 Evacuation Pause) 129M->131M(512M) 12.701ms
[2020-08-01T12:23:53.705+0300][21.218s][info ][gc] GC(881) Pause Young (Normal) (G1 Evacuation Pause) 172M->173M(512M) 11.179ms
[2020-08-01T12:23:53.723+0300][21.236s][info ][gc] GC(882) Pause Young (Normal) (G1 Evacuation Pause) 194M->195M(512M) 10.360ms
[2020-08-01T12:23:53.742+0300][21.255s][info ][gc] GC(883) Pause Young (Normal) (G1 Evacuation Pause) 216M->218M(512M) 10.658ms
[2020-08-01T12:23:53.762+0300][21.275s][info ][gc] GC(884) Pause Young (Normal) (G1 Evacuation Pause) 239M->240M(512M) 10.698ms
[2020-08-01T12:23:53.781+0300][21.294s][info ][gc] GC(885) Pause Young (Concurrent Start) (G1 Evacuation Pause) 261M->262M(512M) 10.967ms
[2020-08-01T12:23:53.781+0300][21.294s][info ][gc] GC(886) Concurrent Cycle
[2020-08-01T12:23:53.804+0300][21.317s][info ][gc] GC(887) Pause Young (Normal) (G1 Evacuation Pause) 303M->304M(512M) 9.698ms
[2020-08-01T12:23:53.824+0300][21.337s][info ][gc] GC(888) Pause Young (Normal) (G1 Evacuation Pause) 325M->326M(512M) 10.597ms
[2020-08-01T12:23:53.844+0300][21.357s][info ][gc] GC(889) Pause Young (Normal) (G1 Evacuation Pause) 347M->348M(512M) 10.696ms
[2020-08-01T12:23:53.863+0300][21.376s][info ][gc] GC(890) Pause Young (Normal) (G1 Evacuation Pause) 369M->370M(512M) 10.089ms
[2020-08-01T12:23:53.882+0300][21.395s][info ][gc] GC(891) Pause Young (Normal) (G1 Evacuation Pause) 391M->392M(512M) 10.276ms
[2020-08-01T12:23:53.901+0300][21.414s][info ][gc] GC(892) Pause Young (Normal) (G1 Evacuation Pause) 413M->415M(512M) 10.361ms
[2020-08-01T12:23:53.923+0300][21.436s][info ][gc] GC(893) Pause Young (Normal) (G1 Evacuation Pause) 456M->457M(512M) 10.306ms
[2020-08-01T12:23:53.942+0300][21.455s][info ][gc] GC(894) Pause Young (Normal) (G1 Evacuation Pause) 478M->480M(512M) 10.399ms
[2020-08-01T12:23:53.981+0300][21.493s][info ][gc] GC(895) To-space exhausted
[2020-08-01T12:23:53.981+0300][21.494s][info ][gc] GC(895) Pause Young (Normal) (G1 Evacuation Pause) 501M->509M(512M) 29.334ms
[2020-08-01T12:23:53.991+0300][21.504s][info ][gc] GC(896) To-space exhausted
[2020-08-01T12:23:53.991+0300][21.504s][info ][gc] GC(896) Pause Young (Normal) (G1 Evacuation Pause) 510M->510M(512M) 9.820ms
[2020-08-01T12:23:53.992+0300][21.505s][debug][gc] GC(897) Clear Next Bitmap 0.360ms
[2020-08-01T12:23:54.046+0300][21.559s][info ][gc] GC(897) Pause Full (G1 Evacuation Pause) 510M->79M(512M) 54.183ms
[2020-08-01T12:23:54.046+0300][21.559s][info ][gc] GC(886) Concurrent Cycle 264.484ms
[2020-08-01T12:23:54.067+0300][21.580s][info ][gc] GC(898) Pause Young (Normal) (G1 Evacuation Pause) 105M->105M(512M) 10.824ms
[2020-08-01T12:23:54.088+0300][21.601s][info ][gc] GC(899) Pause Young (Normal) (G1 Evacuation Pause) 129M->131M(512M) 11.469ms
[2020-08-01T12:23:54.109+0300][21.622s][info ][gc] GC(900) Pause Young (Normal) (G1 Evacuation Pause) 172M->173M(512M) 10.030ms
[2020-08-01T12:23:54.129+0300][21.642s][info ][gc] GC(901) Pause Young (Normal) (G1 Evacuation Pause) 194M->195M(512M) 11.207ms
[2020-08-01T12:23:54.148+0300][21.661s][info ][gc] GC(902) Pause Young (Normal) (G1 Evacuation Pause) 216M->218M(512M) 10.544ms
[2020-08-01T12:23:54.167+0300][21.680s][info ][gc] GC(903) Pause Young (Normal) (G1 Evacuation Pause) 239M->240M(512M) 10.599ms
[2020-08-01T12:23:54.186+0300][21.699s][info ][gc] GC(904) Pause Young (Concurrent Start) (G1 Evacuation Pause) 261M->263M(512M) 10.727ms
[2020-08-01T12:23:54.186+0300][21.699s][info ][gc] GC(905) Concurrent Cycle
[2020-08-01T12:23:54.208+0300][21.721s][info ][gc] GC(906) Pause Young (Normal) (G1 Evacuation Pause) 304M->305M(512M) 9.998ms
[2020-08-01T12:23:54.228+0300][21.741s][info ][gc] GC(907) Pause Young (Normal) (G1 Evacuation Pause) 326M->328M(512M) 10.728ms
[2020-08-01T12:23:54.249+0300][21.762s][info ][gc] GC(908) Pause Young (Normal) (G1 Evacuation Pause) 349M->351M(512M) 12.288ms
[2020-08-01T12:23:54.269+0300][21.782s][info ][gc] GC(909) Pause Young (Normal) (G1 Evacuation Pause) 372M->373M(512M) 10.532ms
[2020-08-01T12:23:54.289+0300][21.802s][info ][gc] GC(910) Pause Young (Normal) (G1 Evacuation Pause) 394M->395M(512M) 10.532ms
[2020-08-01T12:23:54.309+0300][21.822s][info ][gc] GC(911) Pause Young (Normal) (G1 Evacuation Pause) 416M->417M(512M) 11.911ms
[2020-08-01T12:23:54.337+0300][21.849s][info ][gc] GC(912) Pause Young (Normal) (G1 Evacuation Pause) 458M->460M(512M) 12.859ms
[2020-08-01T12:23:54.356+0300][21.869s][info ][gc] GC(913) Pause Young (Normal) (G1 Evacuation Pause) 481M->482M(512M) 10.532ms
[2020-08-01T12:23:54.398+0300][21.911s][info ][gc] GC(914) To-space exhausted
[2020-08-01T12:23:54.398+0300][21.911s][info ][gc] GC(914) Pause Young (Normal) (G1 Evacuation Pause) 503M->507M(512M) 32.031ms
[2020-08-01T12:23:54.403+0300][21.916s][debug][gc] GC(905) Reclaimed 128 empty regions
[2020-08-01T12:23:54.403+0300][21.916s][info ][gc] GC(905) Pause Remark 508M->382M(512M) 0.849ms
[2020-08-01T12:23:54.426+0300][21.939s][info ][gc] GC(915) Pause Young (Normal) (G1 Evacuation Pause) 404M->405M(512M) 10.591ms
[2020-08-01T12:23:54.459+0300][21.972s][info ][gc] GC(916) Pause Young (Normal) (G1 Evacuation Pause) 426M->428M(512M) 11.029ms
[2020-08-01T12:23:54.492+0300][22.005s][info ][gc] GC(917) Pause Young (Normal) (G1 Evacuation Pause) 469M->470M(512M) 11.916ms
[2020-08-01T12:23:54.525+0300][22.038s][info ][gc] GC(918) To-space exhausted
[2020-08-01T12:23:54.525+0300][22.038s][info ][gc] GC(918) Pause Young (Normal) (G1 Evacuation Pause) 491M->497M(512M) 15.784ms
[2020-08-01T12:23:54.562+0300][22.075s][info ][gc] GC(919) To-space exhausted
[2020-08-01T12:23:54.562+0300][22.075s][info ][gc] GC(919) Pause Young (Normal) (G1 Evacuation Pause) 511M->511M(512M) 29.708ms
[2020-08-01T12:23:54.562+0300][22.075s][debug][gc] GC(920) Clear Next Bitmap 0.252ms
[2020-08-01T12:23:54.602+0300][22.115s][info ][gc] GC(920) Pause Full (G1 Evacuation Pause) 511M->64M(512M) 40.038ms
[2020-08-01T12:23:54.602+0300][22.115s][info ][gc] GC(905) Concurrent Cycle 416.432ms
[2020-08-01T12:23:54.627+0300][22.140s][info ][gc] GC(921) Pause Young (Normal) (G1 Evacuation Pause) 91M->91M(512M) 12.102ms
[2020-08-01T12:23:54.650+0300][22.163s][info ][gc] GC(922) Pause Young (Normal) (G1 Evacuation Pause) 116M->118M(512M) 13.310ms
[2020-08-01T12:23:54.676+0300][22.189s][info ][gc] GC(923) Pause Young (Normal) (G1 Evacuation Pause) 159M->160M(512M) 12.355ms
[2020-08-01T12:23:54.696+0300][22.209s][info ][gc] GC(924) Pause Young (Normal) (G1 Evacuation Pause) 181M->182M(512M) 11.665ms
[2020-08-01T12:23:54.716+0300][22.229s][info ][gc] GC(925) Pause Young (Normal) (G1 Evacuation Pause) 203M->204M(512M) 11.044ms
[2020-08-01T12:23:54.736+0300][22.249s][info ][gc] GC(926) Pause Young (Normal) (G1 Evacuation Pause) 225M->226M(512M) 12.135ms
[2020-08-01T12:23:54.755+0300][22.268s][info ][gc] GC(927) Pause Young (Normal) (G1 Evacuation Pause) 247M->248M(512M) 10.259ms
[2020-08-01T12:23:54.774+0300][22.287s][info ][gc] GC(928) Pause Young (Concurrent Start) (G1 Evacuation Pause) 269M->270M(512M) 10.745ms
[2020-08-01T12:23:54.774+0300][22.287s][info ][gc] GC(929) Concurrent Cycle
[2020-08-01T12:23:54.799+0300][22.311s][info ][gc] GC(930) Pause Young (Normal) (G1 Evacuation Pause) 311M->313M(512M) 11.609ms
[2020-08-01T12:23:54.819+0300][22.332s][info ][gc] GC(931) Pause Young (Normal) (G1 Evacuation Pause) 334M->335M(512M) 11.429ms
[2020-08-01T12:23:54.838+0300][22.351s][info ][gc] GC(932) Pause Young (Normal) (G1 Evacuation Pause) 356M->358M(512M) 10.708ms
[2020-08-01T12:23:54.858+0300][22.371s][info ][gc] GC(933) Pause Young (Normal) (G1 Evacuation Pause) 379M->380M(512M) 10.764ms
[2020-08-01T12:23:54.879+0300][22.392s][info ][gc] GC(934) Pause Young (Normal) (G1 Evacuation Pause) 401M->403M(512M) 11.050ms
[2020-08-01T12:23:54.903+0300][22.416s][info ][gc] GC(935) Pause Young (Normal) (G1 Evacuation Pause) 444M->445M(512M) 11.257ms
[2020-08-01T12:23:54.923+0300][22.436s][info ][gc] GC(936) Pause Young (Normal) (G1 Evacuation Pause) 466M->467M(512M) 10.456ms
[2020-08-01T12:23:54.948+0300][22.460s][info ][gc] GC(937) To-space exhausted
[2020-08-01T12:23:54.948+0300][22.461s][info ][gc] GC(937) Pause Young (Normal) (G1 Evacuation Pause) 488M->495M(512M) 15.191ms
[2020-08-01T12:23:54.984+0300][22.496s][info ][gc] GC(938) To-space exhausted
[2020-08-01T12:23:54.984+0300][22.496s][info ][gc] GC(938) Pause Young (Normal) (G1 Evacuation Pause) 510M->510M(512M) 29.054ms
[2020-08-01T12:23:54.984+0300][22.497s][debug][gc] GC(939) Clear Next Bitmap 0.316ms
[2020-08-01T12:23:55.033+0300][22.546s][info ][gc] GC(939) Pause Full (G1 Evacuation Pause) 510M->80M(512M) 49.195ms
[2020-08-01T12:23:55.033+0300][22.546s][info ][gc] GC(929) Concurrent Cycle 258.837ms
[2020-08-01T12:23:55.054+0300][22.567s][info ][gc] GC(940) Pause Young (Normal) (G1 Evacuation Pause) 106M->106M(512M) 10.734ms
[2020-08-01T12:23:55.076+0300][22.589s][info ][gc] GC(941) Pause Young (Normal) (G1 Evacuation Pause) 130M->132M(512M) 11.919ms
[2020-08-01T12:23:55.098+0300][22.611s][info ][gc] GC(942) Pause Young (Normal) (G1 Evacuation Pause) 173M->174M(512M) 10.453ms
[2020-08-01T12:23:55.118+0300][22.631s][info ][gc] GC(943) Pause Young (Normal) (G1 Evacuation Pause) 195M->197M(512M) 10.583ms
[2020-08-01T12:23:55.137+0300][22.650s][info ][gc] GC(944) Pause Young (Normal) (G1 Evacuation Pause) 218M->219M(512M) 10.582ms
[2020-08-01T12:23:55.156+0300][22.669s][info ][gc] GC(945) Pause Young (Normal) (G1 Evacuation Pause) 240M->241M(512M) 10.464ms
[2020-08-01T12:23:55.176+0300][22.688s][info ][gc] GC(946) Pause Young (Concurrent Start) (G1 Evacuation Pause) 262M->264M(512M) 10.764ms
[2020-08-01T12:23:55.176+0300][22.689s][info ][gc] GC(947) Concurrent Cycle
[2020-08-01T12:23:55.200+0300][22.713s][info ][gc] GC(948) Pause Young (Normal) (G1 Evacuation Pause) 305M->306M(512M) 11.873ms
[2020-08-01T12:23:55.220+0300][22.733s][info ][gc] GC(949) Pause Young (Normal) (G1 Evacuation Pause) 327M->328M(512M) 11.264ms
[2020-08-01T12:23:55.241+0300][22.754s][info ][gc] GC(950) Pause Young (Normal) (G1 Evacuation Pause) 349M->350M(512M) 12.356ms
[2020-08-01T12:23:55.261+0300][22.774s][info ][gc] GC(951) Pause Young (Normal) (G1 Evacuation Pause) 371M->372M(512M) 10.681ms
[2020-08-01T12:23:55.282+0300][22.794s][info ][gc] GC(952) Pause Young (Normal) (G1 Evacuation Pause) 393M->395M(512M) 11.472ms
[2020-08-01T12:23:55.302+0300][22.815s][info ][gc] GC(953) Pause Young (Normal) (G1 Evacuation Pause) 416M->417M(512M) 11.039ms
[2020-08-01T12:23:55.327+0300][22.840s][info ][gc] GC(954) Pause Young (Normal) (G1 Evacuation Pause) 458M->459M(512M) 11.555ms
[2020-08-01T12:23:55.354+0300][22.867s][info ][gc] GC(955) Pause Young (Normal) (G1 Evacuation Pause) 480M->482M(512M) 12.957ms
[2020-08-01T12:23:55.362+0300][22.875s][debug][gc] GC(947) Reclaimed 130 empty regions
[2020-08-01T12:23:55.362+0300][22.875s][info ][gc] GC(947) Pause Remark 495M->368M(512M) 0.675ms
[2020-08-01T12:23:55.378+0300][22.891s][info ][gc] GC(956) Pause Young (Normal) (G1 Evacuation Pause) 375M->376M(512M) 12.757ms
[2020-08-01T12:23:55.406+0300][22.919s][info ][gc] GC(957) Pause Young (Normal) (G1 Evacuation Pause) 397M->398M(512M) 10.578ms
[2020-08-01T12:23:55.437+0300][22.950s][info ][gc] GC(958) Pause Young (Normal) (G1 Evacuation Pause) 419M->421M(512M) 10.618ms
[2020-08-01T12:23:55.470+0300][22.983s][info ][gc] GC(959) Pause Young (Normal) (G1 Evacuation Pause) 462M->463M(512M) 12.239ms
[2020-08-01T12:23:55.501+0300][23.014s][info ][gc] GC(960) Pause Young (Normal) (G1 Evacuation Pause) 484M->486M(512M) 11.370ms
[2020-08-01T12:23:55.553+0300][23.066s][info ][gc] GC(961) To-space exhausted
[2020-08-01T12:23:55.553+0300][23.066s][info ][gc] GC(961) Pause Young (Normal) (G1 Evacuation Pause) 507M->511M(512M) 33.602ms
[2020-08-01T12:23:55.553+0300][23.066s][debug][gc] GC(962) Clear Next Bitmap 0.321ms
[2020-08-01T12:23:55.600+0300][23.113s][info ][gc] GC(962) Pause Full (G1 Evacuation Pause) 511M->69M(512M) 47.061ms
[2020-08-01T12:23:55.600+0300][23.113s][info ][gc] GC(947) Concurrent Cycle 424.579ms
[2020-08-01T12:23:55.623+0300][23.136s][info ][gc] GC(963) Pause Young (Normal) (G1 Evacuation Pause) 96M->97M(512M) 12.016ms
[2020-08-01T12:23:55.644+0300][23.157s][info ][gc] GC(964) Pause Young (Normal) (G1 Evacuation Pause) 121M->122M(512M) 11.234ms
[2020-08-01T12:23:55.669+0300][23.182s][info ][gc] GC(965) Pause Young (Normal) (G1 Evacuation Pause) 163M->164M(512M) 11.980ms
[2020-08-01T12:23:55.688+0300][23.201s][info ][gc] GC(966) Pause Young (Normal) (G1 Evacuation Pause) 185M->187M(512M) 10.551ms
[2020-08-01T12:23:55.708+0300][23.220s][info ][gc] GC(967) Pause Young (Normal) (G1 Evacuation Pause) 208M->209M(512M) 10.614ms
[2020-08-01T12:23:55.728+0300][23.241s][info ][gc] GC(968) Pause Young (Normal) (G1 Evacuation Pause) 230M->232M(512M) 10.989ms
[2020-08-01T12:23:55.748+0300][23.261s][info ][gc] GC(969) Pause Young (Concurrent Start) (G1 Evacuation Pause) 253M->255M(512M) 11.780ms
[2020-08-01T12:23:55.748+0300][23.261s][info ][gc] GC(970) Concurrent Cycle
[2020-08-01T12:23:55.768+0300][23.281s][info ][gc] GC(971) Pause Young (Normal) (G1 Evacuation Pause) 276M->277M(512M) 10.270ms
[2020-08-01T12:23:55.791+0300][23.304s][info ][gc] GC(972) Pause Young (Normal) (G1 Evacuation Pause) 318M->319M(512M) 10.473ms
[2020-08-01T12:23:55.810+0300][23.323s][info ][gc] GC(973) Pause Young (Normal) (G1 Evacuation Pause) 340M->341M(512M) 10.576ms
[2020-08-01T12:23:55.829+0300][23.342s][info ][gc] GC(974) Pause Young (Normal) (G1 Evacuation Pause) 362M->363M(512M) 10.516ms
[2020-08-01T12:23:55.849+0300][23.361s][info ][gc] GC(975) Pause Young (Normal) (G1 Evacuation Pause) 384M->386M(512M) 10.636ms
[2020-08-01T12:23:55.868+0300][23.381s][info ][gc] GC(976) Pause Young (Normal) (G1 Evacuation Pause) 407M->408M(512M) 11.011ms
[2020-08-01T12:23:55.892+0300][23.405s][info ][gc] GC(977) Pause Young (Normal) (G1 Evacuation Pause) 449M->451M(512M) 11.969ms
[2020-08-01T12:23:55.914+0300][23.426s][info ][gc] GC(978) Pause Young (Normal) (G1 Evacuation Pause) 472M->474M(512M) 11.147ms
[2020-08-01T12:23:55.919+0300][23.432s][debug][gc] GC(970) Reclaimed 127 empty regions
[2020-08-01T12:23:55.919+0300][23.432s][info ][gc] GC(970) Pause Remark 484M->361M(512M) 0.606ms
[2020-08-01T12:23:55.935+0300][23.448s][info ][gc] GC(979) Pause Young (Normal) (G1 Evacuation Pause) 371M->373M(512M) 11.174ms
[2020-08-01T12:23:55.965+0300][23.478s][info ][gc] GC(980) Pause Young (Normal) (G1 Evacuation Pause) 394M->395M(512M) 12.263ms
[2020-08-01T12:23:55.994+0300][23.507s][info ][gc] GC(981) Pause Young (Normal) (G1 Evacuation Pause) 416M->417M(512M) 10.588ms
[2020-08-01T12:23:56.024+0300][23.537s][info ][gc] GC(982) Pause Young (Normal) (G1 Evacuation Pause) 438M->439M(512M) 12.490ms
[2020-08-01T12:23:56.056+0300][23.569s][info ][gc] GC(983) Pause Young (Normal) (G1 Evacuation Pause) 480M->481M(512M) 10.473ms
[2020-08-01T12:23:56.101+0300][23.614s][info ][gc] GC(984) To-space exhausted
[2020-08-01T12:23:56.101+0300][23.614s][info ][gc] GC(984) Pause Young (Normal) (G1 Evacuation Pause) 502M->509M(512M) 29.123ms
[2020-08-01T12:23:56.115+0300][23.628s][info ][gc] GC(985) To-space exhausted
[2020-08-01T12:23:56.115+0300][23.628s][info ][gc] GC(985) Pause Young (Normal) (G1 Evacuation Pause) 511M->511M(512M) 12.998ms
[2020-08-01T12:23:56.115+0300][23.628s][debug][gc] GC(986) Clear Next Bitmap 0.319ms
[2020-08-01T12:23:56.155+0300][23.668s][info ][gc] GC(986) Pause Full (G1 Evacuation Pause) 511M->61M(512M) 40.191ms
[2020-08-01T12:23:56.156+0300][23.668s][info ][gc] GC(970) Concurrent Cycle 407.445ms
[2020-08-01T12:23:56.177+0300][23.690s][info ][gc] GC(987) Pause Young (Normal) (G1 Evacuation Pause) 86M->87M(512M) 11.439ms
[2020-08-01T12:23:56.204+0300][23.717s][info ][gc] GC(988) Pause Young (Normal) (G1 Evacuation Pause) 110M->110M(512M) 14.026ms
[2020-08-01T12:23:56.224+0300][23.737s][info ][gc] GC(989) Pause Young (Normal) (G1 Evacuation Pause) 131M->132M(512M) 11.081ms
[2020-08-01T12:23:56.246+0300][23.759s][info ][gc] GC(990) Pause Young (Normal) (G1 Evacuation Pause) 173M->175M(512M) 10.659ms
[2020-08-01T12:23:56.265+0300][23.778s][info ][gc] GC(991) Pause Young (Normal) (G1 Evacuation Pause) 196M->197M(512M) 10.487ms
[2020-08-01T12:23:56.284+0300][23.797s][info ][gc] GC(992) Pause Young (Normal) (G1 Evacuation Pause) 218M->219M(512M) 10.601ms
[2020-08-01T12:23:56.303+0300][23.816s][info ][gc] GC(993) Pause Young (Normal) (G1 Evacuation Pause) 240M->242M(512M) 10.533ms
[2020-08-01T12:23:56.322+0300][23.835s][info ][gc] GC(994) Pause Young (Concurrent Start) (G1 Evacuation Pause) 263M->265M(512M) 10.384ms
[2020-08-01T12:23:56.322+0300][23.835s][info ][gc] GC(995) Concurrent Cycle
[2020-08-01T12:23:56.356+0300][23.869s][info ][gc] GC(996) Pause Young (Normal) (G1 Evacuation Pause) 306M->308M(512M) 13.494ms
[2020-08-01T12:23:56.379+0300][23.892s][info ][gc] GC(997) Pause Young (Normal) (G1 Evacuation Pause) 329M->330M(512M) 12.414ms
[2020-08-01T12:23:56.405+0300][23.918s][info ][gc] GC(998) Pause Young (Normal) (G1 Evacuation Pause) 351M->352M(512M) 12.918ms
[2020-08-01T12:23:56.428+0300][23.941s][info ][gc] GC(999) Pause Young (Normal) (G1 Evacuation Pause) 373M->374M(512M) 10.562ms
[2020-08-01T12:23:56.448+0300][23.960s][info ][gc] GC(1000) Pause Young (Normal) (G1 Evacuation Pause) 395M->396M(512M) 10.601ms
[2020-08-01T12:23:56.468+0300][23.981s][info ][gc] GC(1001) Pause Young (Normal) (G1 Evacuation Pause) 417M->419M(512M) 11.367ms
[2020-08-01T12:23:56.491+0300][24.004s][info ][gc] GC(1002) Pause Young (Normal) (G1 Evacuation Pause) 460M->461M(512M) 11.062ms
[2020-08-01T12:23:56.499+0300][24.012s][debug][gc] GC(995) Reclaimed 130 empty regions
[2020-08-01T12:23:56.499+0300][24.012s][info ][gc] GC(995) Pause Remark 478M->350M(512M) 0.618ms
[2020-08-01T12:23:56.513+0300][24.026s][info ][gc] GC(1003) Pause Young (Normal) (G1 Evacuation Pause) 354M->356M(512M) 11.764ms
[2020-08-01T12:23:56.542+0300][24.055s][info ][gc] GC(1004) Pause Young (Normal) (G1 Evacuation Pause) 377M->378M(512M) 10.687ms
[2020-08-01T12:23:56.571+0300][24.084s][info ][gc] GC(1005) Pause Young (Normal) (G1 Evacuation Pause) 399M->400M(512M) 11.142ms
[2020-08-01T12:23:56.599+0300][24.112s][info ][gc] GC(1006) Pause Young (Normal) (G1 Evacuation Pause) 421M->423M(512M) 11.314ms
[2020-08-01T12:23:56.630+0300][24.143s][info ][gc] GC(1007) Pause Young (Normal) (G1 Evacuation Pause) 464M->466M(512M) 11.771ms
[2020-08-01T12:23:56.657+0300][24.170s][info ][gc] GC(1008) To-space exhausted
[2020-08-01T12:23:56.658+0300][24.170s][info ][gc] GC(1008) Pause Young (Normal) (G1 Evacuation Pause) 487M->489M(512M) 11.612ms
[2020-08-01T12:23:56.710+0300][24.222s][info ][gc] GC(1009) To-space exhausted
[2020-08-01T12:23:56.710+0300][24.223s][info ][gc] GC(1009) Pause Young (Normal) (G1 Evacuation Pause) 510M->511M(512M) 37.440ms
[2020-08-01T12:23:56.710+0300][24.223s][debug][gc] GC(1010) Clear Next Bitmap 0.518ms
[2020-08-01T12:23:56.756+0300][24.269s][info ][gc] GC(1010) Pause Full (G1 Evacuation Pause) 511M->69M(512M) 45.974ms
[2020-08-01T12:23:56.756+0300][24.269s][info ][gc] GC(995) Concurrent Cycle 433.928ms
[2020-08-01T12:23:56.780+0300][24.293s][info ][gc] GC(1011) Pause Young (Normal) (G1 Evacuation Pause) 96M->97M(512M) 12.788ms
[2020-08-01T12:23:56.801+0300][24.314s][info ][gc] GC(1012) Pause Young (Normal) (G1 Evacuation Pause) 121M->122M(512M) 11.547ms
[2020-08-01T12:23:56.824+0300][24.337s][info ][gc] GC(1013) Pause Young (Normal) (G1 Evacuation Pause) 163M->165M(512M) 10.735ms
[2020-08-01T12:23:56.843+0300][24.356s][info ][gc] GC(1014) Pause Young (Normal) (G1 Evacuation Pause) 186M->187M(512M) 10.716ms
[2020-08-01T12:23:56.862+0300][24.375s][info ][gc] GC(1015) Pause Young (Normal) (G1 Evacuation Pause) 208M->209M(512M) 10.952ms
[2020-08-01T12:23:56.881+0300][24.394s][info ][gc] GC(1016) Pause Young (Normal) (G1 Evacuation Pause) 230M->231M(512M) 10.347ms
[2020-08-01T12:23:56.900+0300][24.413s][info ][gc] GC(1017) Pause Young (Normal) (G1 Evacuation Pause) 252M->253M(512M) 10.426ms
[2020-08-01T12:23:56.919+0300][24.432s][info ][gc] GC(1018) Pause Young (Concurrent Start) (G1 Evacuation Pause) 274M->276M(512M) 11.041ms
[2020-08-01T12:23:56.919+0300][24.432s][info ][gc] GC(1019) Concurrent Cycle
[2020-08-01T12:23:56.942+0300][24.455s][info ][gc] GC(1020) Pause Young (Normal) (G1 Evacuation Pause) 317M->318M(512M) 10.211ms
[2020-08-01T12:23:56.962+0300][24.475s][info ][gc] GC(1021) Pause Young (Normal) (G1 Evacuation Pause) 339M->341M(512M) 10.811ms
[2020-08-01T12:23:56.982+0300][24.494s][info ][gc] GC(1022) Pause Young (Normal) (G1 Evacuation Pause) 362M->363M(512M) 10.778ms
[2020-08-01T12:23:57.002+0300][24.514s][info ][gc] GC(1023) Pause Young (Normal) (G1 Evacuation Pause) 384M->385M(512M) 10.846ms
[2020-08-01T12:23:57.021+0300][24.534s][info ][gc] GC(1024) Pause Young (Normal) (G1 Evacuation Pause) 406M->407M(512M) 10.375ms
[2020-08-01T12:23:57.045+0300][24.557s][info ][gc] GC(1025) Pause Young (Normal) (G1 Evacuation Pause) 448M->450M(512M) 11.110ms
[2020-08-01T12:23:57.064+0300][24.577s][info ][gc] GC(1026) Pause Young (Normal) (G1 Evacuation Pause) 471M->472M(512M) 10.735ms
[2020-08-01T12:23:57.093+0300][24.606s][info ][gc] GC(1027) To-space exhausted
[2020-08-01T12:23:57.094+0300][24.606s][info ][gc] GC(1027) Pause Young (Normal) (G1 Evacuation Pause) 493M->499M(512M) 20.399ms
[2020-08-01T12:23:57.119+0300][24.632s][info ][gc] GC(1028) To-space exhausted
[2020-08-01T12:23:57.119+0300][24.632s][info ][gc] GC(1028) Pause Young (Normal) (G1 Evacuation Pause) 509M->509M(512M) 20.550ms
[2020-08-01T12:23:57.120+0300][24.633s][debug][gc] GC(1029) Clear Next Bitmap 0.327ms
[2020-08-01T12:23:57.171+0300][24.683s][info ][gc] GC(1029) Pause Full (G1 Evacuation Pause) 509M->80M(512M) 51.150ms
[2020-08-01T12:23:57.171+0300][24.684s][info ][gc] GC(1019) Concurrent Cycle 251.372ms
[2020-08-01T12:23:57.193+0300][24.706s][info ][gc] GC(1030) Pause Young (Normal) (G1 Evacuation Pause) 107M->107M(512M) 11.063ms
[2020-08-01T12:23:57.215+0300][24.728s][info ][gc] GC(1031) Pause Young (Normal) (G1 Evacuation Pause) 132M->133M(512M) 12.108ms
[2020-08-01T12:23:57.237+0300][24.750s][info ][gc] GC(1032) Pause Young (Normal) (G1 Evacuation Pause) 174M->175M(512M) 11.205ms
[2020-08-01T12:23:57.256+0300][24.769s][info ][gc] GC(1033) Pause Young (Normal) (G1 Evacuation Pause) 196M->198M(512M) 10.223ms
[2020-08-01T12:23:57.275+0300][24.788s][info ][gc] GC(1034) Pause Young (Normal) (G1 Evacuation Pause) 219M->220M(512M) 10.350ms
[2020-08-01T12:23:57.295+0300][24.807s][info ][gc] GC(1035) Pause Young (Normal) (G1 Evacuation Pause) 241M->242M(512M) 11.025ms
[2020-08-01T12:23:57.313+0300][24.826s][info ][gc] GC(1036) Pause Young (Concurrent Start) (G1 Evacuation Pause) 263M->264M(512M) 10.132ms
[2020-08-01T12:23:57.313+0300][24.826s][info ][gc] GC(1037) Concurrent Cycle
[2020-08-01T12:23:57.341+0300][24.854s][info ][gc] GC(1038) Pause Young (Normal) (G1 Evacuation Pause) 305M->306M(512M) 16.015ms
[2020-08-01T12:23:57.360+0300][24.873s][info ][gc] GC(1039) Pause Young (Normal) (G1 Evacuation Pause) 327M->328M(512M) 10.435ms
[2020-08-01T12:23:57.380+0300][24.893s][info ][gc] GC(1040) Pause Young (Normal) (G1 Evacuation Pause) 349M->350M(512M) 10.735ms
[2020-08-01T12:23:57.400+0300][24.913s][info ][gc] GC(1041) Pause Young (Normal) (G1 Evacuation Pause) 371M->372M(512M) 10.822ms
[2020-08-01T12:23:57.422+0300][24.935s][info ][gc] GC(1042) Pause Young (Normal) (G1 Evacuation Pause) 393M->395M(512M) 11.923ms
[2020-08-01T12:23:57.442+0300][24.955s][info ][gc] GC(1043) Pause Young (Normal) (G1 Evacuation Pause) 416M->417M(512M) 10.664ms
[2020-08-01T12:23:57.468+0300][24.981s][info ][gc] GC(1044) Pause Young (Normal) (G1 Evacuation Pause) 458M->459M(512M) 12.011ms
[2020-08-01T12:23:57.488+0300][25.001s][info ][gc] GC(1045) To-space exhausted
[2020-08-01T12:23:57.488+0300][25.001s][info ][gc] GC(1045) Pause Young (Normal) (G1 Evacuation Pause) 480M->483M(512M) 11.111ms
[2020-08-01T12:23:57.530+0300][25.042s][info ][gc] GC(1046) To-space exhausted
[2020-08-01T12:23:57.530+0300][25.043s][info ][gc] GC(1046) Pause Young (Normal) (G1 Evacuation Pause) 504M->507M(512M) 32.643ms
[2020-08-01T12:23:57.530+0300][25.043s][debug][gc] GC(1047) Clear Next Bitmap 0.301ms
[2020-08-01T12:23:57.579+0300][25.092s][info ][gc] GC(1047) Pause Full (G1 Evacuation Pause) 507M->81M(512M) 49.274ms
[2020-08-01T12:23:57.579+0300][25.092s][info ][gc] GC(1037) Concurrent Cycle 266.181ms
[2020-08-01T12:23:57.602+0300][25.115s][info ][gc] GC(1048) Pause Young (Normal) (G1 Evacuation Pause) 108M->108M(512M) 12.243ms
[2020-08-01T12:23:57.625+0300][25.138s][info ][gc] GC(1049) Pause Young (Normal) (G1 Evacuation Pause) 132M->133M(512M) 12.743ms
[2020-08-01T12:23:57.647+0300][25.160s][info ][gc] GC(1050) Pause Young (Normal) (G1 Evacuation Pause) 174M->176M(512M) 10.676ms
[2020-08-01T12:23:57.667+0300][25.180s][info ][gc] GC(1051) Pause Young (Normal) (G1 Evacuation Pause) 197M->198M(512M) 11.017ms
[2020-08-01T12:23:57.686+0300][25.199s][info ][gc] GC(1052) Pause Young (Normal) (G1 Evacuation Pause) 219M->221M(512M) 10.289ms
[2020-08-01T12:23:57.706+0300][25.219s][info ][gc] GC(1053) Pause Young (Normal) (G1 Evacuation Pause) 242M->243M(512M) 10.581ms
[2020-08-01T12:23:57.726+0300][25.239s][info ][gc] GC(1054) Pause Young (Concurrent Start) (G1 Evacuation Pause) 264M->266M(512M) 12.448ms
[2020-08-01T12:23:57.727+0300][25.239s][info ][gc] GC(1055) Concurrent Cycle
[2020-08-01T12:23:57.751+0300][25.264s][info ][gc] GC(1056) Pause Young (Normal) (G1 Evacuation Pause) 307M->308M(512M) 12.391ms
[2020-08-01T12:23:57.770+0300][25.283s][info ][gc] GC(1057) Pause Young (Normal) (G1 Evacuation Pause) 329M->330M(512M) 10.475ms
[2020-08-01T12:23:57.789+0300][25.302s][info ][gc] GC(1058) Pause Young (Normal) (G1 Evacuation Pause) 351M->352M(512M) 10.561ms
[2020-08-01T12:23:57.808+0300][25.321s][info ][gc] GC(1059) Pause Young (Normal) (G1 Evacuation Pause) 373M->375M(512M) 10.101ms
[2020-08-01T12:23:57.827+0300][25.340s][info ][gc] GC(1060) Pause Young (Normal) (G1 Evacuation Pause) 396M->398M(512M) 10.237ms
[2020-08-01T12:23:57.847+0300][25.360s][info ][gc] GC(1061) Pause Young (Normal) (G1 Evacuation Pause) 419M->420M(512M) 10.900ms
[2020-08-01T12:23:57.871+0300][25.384s][info ][gc] GC(1062) Pause Young (Normal) (G1 Evacuation Pause) 461M->463M(512M) 10.402ms
[2020-08-01T12:23:57.891+0300][25.404s][info ][gc] GC(1063) To-space exhausted
[2020-08-01T12:23:57.891+0300][25.404s][info ][gc] GC(1063) Pause Young (Normal) (G1 Evacuation Pause) 484M->486M(512M) 11.584ms
[2020-08-01T12:23:57.935+0300][25.448s][info ][gc] GC(1064) To-space exhausted
[2020-08-01T12:23:57.935+0300][25.448s][info ][gc] GC(1064) Pause Young (Normal) (G1 Evacuation Pause) 507M->510M(512M) 35.045ms
[2020-08-01T12:23:57.936+0300][25.449s][debug][gc] GC(1065) Clear Next Bitmap 0.266ms
[2020-08-01T12:23:57.986+0300][25.499s][info ][gc] GC(1065) Pause Full (G1 Evacuation Pause) 510M->81M(512M) 50.392ms
[2020-08-01T12:23:57.986+0300][25.499s][info ][gc] GC(1055) Concurrent Cycle 259.666ms
[2020-08-01T12:23:58.007+0300][25.520s][info ][gc] GC(1066) Pause Young (Normal) (G1 Evacuation Pause) 107M->107M(512M) 10.311ms
[2020-08-01T12:23:58.028+0300][25.541s][info ][gc] GC(1067) Pause Young (Normal) (G1 Evacuation Pause) 131M->132M(512M) 11.603ms
[2020-08-01T12:23:58.050+0300][25.563s][info ][gc] GC(1068) Pause Young (Normal) (G1 Evacuation Pause) 173M->175M(512M) 11.103ms
[2020-08-01T12:23:58.069+0300][25.582s][info ][gc] GC(1069) Pause Young (Normal) (G1 Evacuation Pause) 196M->198M(512M) 10.569ms
[2020-08-01T12:23:58.089+0300][25.602s][info ][gc] GC(1070) Pause Young (Normal) (G1 Evacuation Pause) 219M->221M(512M) 10.613ms
[2020-08-01T12:23:58.108+0300][25.621s][info ][gc] GC(1071) Pause Young (Normal) (G1 Evacuation Pause) 242M->243M(512M) 10.698ms
[2020-08-01T12:23:58.127+0300][25.639s][info ][gc] GC(1072) Pause Young (Concurrent Start) (G1 Evacuation Pause) 264M->265M(512M) 10.067ms
[2020-08-01T12:23:58.127+0300][25.640s][info ][gc] GC(1073) Concurrent Cycle
[2020-08-01T12:23:58.151+0300][25.664s][info ][gc] GC(1074) Pause Young (Normal) (G1 Evacuation Pause) 306M->307M(512M) 11.488ms
[2020-08-01T12:23:58.170+0300][25.683s][info ][gc] GC(1075) Pause Young (Normal) (G1 Evacuation Pause) 328M->330M(512M) 10.242ms
[2020-08-01T12:23:58.189+0300][25.702s][info ][gc] GC(1076) Pause Young (Normal) (G1 Evacuation Pause) 351M->352M(512M) 10.647ms
[2020-08-01T12:23:58.209+0300][25.722s][info ][gc] GC(1077) Pause Young (Normal) (G1 Evacuation Pause) 373M->374M(512M) 10.956ms
[2020-08-01T12:23:58.230+0300][25.743s][info ][gc] GC(1078) Pause Young (Normal) (G1 Evacuation Pause) 395M->397M(512M) 12.319ms
[2020-08-01T12:23:58.250+0300][25.763s][info ][gc] GC(1079) Pause Young (Normal) (G1 Evacuation Pause) 418M->420M(512M) 11.204ms
[2020-08-01T12:23:58.274+0300][25.787s][info ][gc] GC(1080) Pause Young (Normal) (G1 Evacuation Pause) 461M->462M(512M) 10.367ms
[2020-08-01T12:23:58.295+0300][25.808s][info ][gc] GC(1081) To-space exhausted
[2020-08-01T12:23:58.295+0300][25.808s][info ][gc] GC(1081) Pause Young (Normal) (G1 Evacuation Pause) 483M->487M(512M) 12.178ms
[2020-08-01T12:23:58.341+0300][25.854s][info ][gc] GC(1082) To-space exhausted
[2020-08-01T12:23:58.341+0300][25.854s][info ][gc] GC(1082) Pause Young (Normal) (G1 Evacuation Pause) 508M->508M(512M) 37.195ms
[2020-08-01T12:23:58.342+0300][25.854s][debug][gc] GC(1083) Clear Next Bitmap 0.278ms
[2020-08-01T12:23:58.391+0300][25.904s][info ][gc] GC(1083) Pause Full (G1 Evacuation Pause) 508M->80M(512M) 50.036ms
[2020-08-01T12:23:58.392+0300][25.904s][info ][gc] GC(1073) Concurrent Cycle 264.877ms
[2020-08-01T12:23:58.419+0300][25.932s][info ][gc] GC(1084) Pause Young (Normal) (G1 Evacuation Pause) 108M->109M(512M) 15.343ms
[2020-08-01T12:23:58.439+0300][25.952s][info ][gc] GC(1085) Pause Young (Normal) (G1 Evacuation Pause) 131M->132M(512M) 10.425ms
[2020-08-01T12:23:58.463+0300][25.975s][info ][gc] GC(1086) Pause Young (Normal) (G1 Evacuation Pause) 173M->175M(512M) 11.396ms
[2020-08-01T12:23:58.482+0300][25.995s][info ][gc] GC(1087) Pause Young (Normal) (G1 Evacuation Pause) 196M->197M(512M) 10.703ms
[2020-08-01T12:23:58.501+0300][26.014s][info ][gc] GC(1088) Pause Young (Normal) (G1 Evacuation Pause) 218M->220M(512M) 10.779ms
[2020-08-01T12:23:58.521+0300][26.033s][info ][gc] GC(1089) Pause Young (Normal) (G1 Evacuation Pause) 241M->242M(512M) 10.340ms
[2020-08-01T12:23:58.540+0300][26.053s][info ][gc] GC(1090) Pause Young (Concurrent Start) (G1 Evacuation Pause) 263M->264M(512M) 10.926ms
[2020-08-01T12:23:58.540+0300][26.053s][info ][gc] GC(1091) Concurrent Cycle
[2020-08-01T12:23:58.564+0300][26.077s][info ][gc] GC(1092) Pause Young (Normal) (G1 Evacuation Pause) 305M->307M(512M) 11.091ms
[2020-08-01T12:23:58.584+0300][26.097s][info ][gc] GC(1093) Pause Young (Normal) (G1 Evacuation Pause) 328M->330M(512M) 11.203ms
[2020-08-01T12:23:58.603+0300][26.116s][info ][gc] GC(1094) Pause Young (Normal) (G1 Evacuation Pause) 351M->352M(512M) 10.677ms
[2020-08-01T12:23:58.623+0300][26.136s][info ][gc] GC(1095) Pause Young (Normal) (G1 Evacuation Pause) 373M->374M(512M) 10.636ms
[2020-08-01T12:23:58.642+0300][26.155s][info ][gc] GC(1096) Pause Young (Normal) (G1 Evacuation Pause) 395M->397M(512M) 10.479ms
[2020-08-01T12:23:58.665+0300][26.178s][info ][gc] GC(1097) Pause Young (Normal) (G1 Evacuation Pause) 418M->419M(512M) 12.228ms
[2020-08-01T12:23:58.690+0300][26.203s][info ][gc] GC(1098) Pause Young (Normal) (G1 Evacuation Pause) 460M->461M(512M) 10.871ms
[2020-08-01T12:23:58.712+0300][26.225s][info ][gc] GC(1099) Pause Young (Normal) (G1 Evacuation Pause) 482M->483M(512M) 11.230ms
[2020-08-01T12:23:58.755+0300][26.268s][info ][gc] GC(1100) To-space exhausted
[2020-08-01T12:23:58.755+0300][26.268s][info ][gc] GC(1100) Pause Young (Normal) (G1 Evacuation Pause) 504M->507M(512M) 33.826ms
[2020-08-01T12:23:58.759+0300][26.272s][debug][gc] GC(1091) Reclaimed 128 empty regions
[2020-08-01T12:23:58.759+0300][26.272s][info ][gc] GC(1091) Pause Remark 508M->383M(512M) 0.621ms
[2020-08-01T12:23:58.783+0300][26.296s][info ][gc] GC(1101) Pause Young (Normal) (G1 Evacuation Pause) 405M->406M(512M) 12.654ms
[2020-08-01T12:23:58.810+0300][26.323s][info ][gc] GC(1102) Pause Young (Normal) (G1 Evacuation Pause) 427M->428M(512M) 11.137ms
[2020-08-01T12:23:58.841+0300][26.354s][info ][gc] GC(1103) Pause Young (Normal) (G1 Evacuation Pause) 469M->471M(512M) 10.833ms
[2020-08-01T12:23:58.879+0300][26.392s][info ][gc] GC(1104) To-space exhausted
[2020-08-01T12:23:58.879+0300][26.392s][info ][gc] GC(1104) Pause Young (Normal) (G1 Evacuation Pause) 492M->499M(512M) 18.353ms
[2020-08-01T12:23:58.917+0300][26.430s][info ][gc] GC(1105) To-space exhausted
[2020-08-01T12:23:58.917+0300][26.430s][info ][gc] GC(1105) Pause Young (Normal) (G1 Evacuation Pause) 511M->511M(512M) 26.273ms
[2020-08-01T12:23:58.917+0300][26.430s][debug][gc] GC(1106) Clear Next Bitmap 0.300ms
[2020-08-01T12:23:58.960+0300][26.473s][info ][gc] GC(1106) Pause Full (G1 Evacuation Pause) 511M->63M(512M) 42.756ms
[2020-08-01T12:23:58.960+0300][26.473s][info ][gc] GC(1091) Concurrent Cycle 419.813ms
[2020-08-01T12:23:58.983+0300][26.496s][info ][gc] GC(1107) Pause Young (Normal) (G1 Evacuation Pause) 90M->90M(512M) 12.570ms
[2020-08-01T12:23:59.003+0300][26.516s][info ][gc] GC(1108) Pause Young (Normal) (G1 Evacuation Pause) 113M->115M(512M) 10.699ms
[2020-08-01T12:23:59.022+0300][26.535s][info ][gc] GC(1109) Pause Young (Normal) (G1 Evacuation Pause) 136M->138M(512M) 10.253ms
[2020-08-01T12:23:59.042+0300][26.555s][info ][gc] GC(1110) Pause Young (Normal) (G1 Evacuation Pause) 179M->180M(512M) 9.864ms
[2020-08-01T12:23:59.061+0300][26.574s][info ][gc] GC(1111) Pause Young (Normal) (G1 Evacuation Pause) 201M->203M(512M) 10.365ms
[2020-08-01T12:23:59.080+0300][26.593s][info ][gc] GC(1112) Pause Young (Normal) (G1 Evacuation Pause) 224M->225M(512M) 10.555ms
[2020-08-01T12:23:59.099+0300][26.612s][info ][gc] GC(1113) Pause Young (Normal) (G1 Evacuation Pause) 246M->247M(512M) 10.469ms
[2020-08-01T12:23:59.118+0300][26.631s][info ][gc] GC(1114) Pause Young (Concurrent Start) (G1 Evacuation Pause) 268M->270M(512M) 11.011ms
[2020-08-01T12:23:59.118+0300][26.631s][info ][gc] GC(1115) Concurrent Cycle
[2020-08-01T12:23:59.142+0300][26.655s][info ][gc] GC(1116) Pause Young (Normal) (G1 Evacuation Pause) 311M->312M(512M) 10.240ms
[2020-08-01T12:23:59.162+0300][26.675s][info ][gc] GC(1117) Pause Young (Normal) (G1 Evacuation Pause) 333M->334M(512M) 10.874ms
[2020-08-01T12:23:59.182+0300][26.695s][info ][gc] GC(1118) Pause Young (Normal) (G1 Evacuation Pause) 355M->356M(512M) 10.864ms
[2020-08-01T12:23:59.203+0300][26.716s][info ][gc] GC(1119) Pause Young (Normal) (G1 Evacuation Pause) 377M->379M(512M) 11.251ms
[2020-08-01T12:23:59.222+0300][26.735s][info ][gc] GC(1120) Pause Young (Normal) (G1 Evacuation Pause) 400M->402M(512M) 10.158ms
[2020-08-01T12:23:59.244+0300][26.757s][info ][gc] GC(1121) Pause Young (Normal) (G1 Evacuation Pause) 423M->425M(512M) 13.054ms
[2020-08-01T12:23:59.271+0300][26.784s][info ][gc] GC(1122) Pause Young (Normal) (G1 Evacuation Pause) 466M->468M(512M) 10.925ms
[2020-08-01T12:23:59.296+0300][26.809s][info ][gc] GC(1123) To-space exhausted
[2020-08-01T12:23:59.296+0300][26.809s][info ][gc] GC(1123) Pause Young (Normal) (G1 Evacuation Pause) 489M->497M(512M) 16.321ms
[2020-08-01T12:23:59.327+0300][26.840s][info ][gc] GC(1124) To-space exhausted
[2020-08-01T12:23:59.327+0300][26.840s][info ][gc] GC(1124) Pause Young (Normal) (G1 Evacuation Pause) 509M->509M(512M) 26.082ms
[2020-08-01T12:23:59.328+0300][26.841s][debug][gc] GC(1125) Clear Next Bitmap 0.386ms
[2020-08-01T12:23:59.379+0300][26.892s][info ][gc] GC(1125) Pause Full (G1 Evacuation Pause) 509M->74M(512M) 52.325ms
[2020-08-01T12:23:59.380+0300][26.893s][info ][gc] GC(1115) Concurrent Cycle 261.265ms
[2020-08-01T12:23:59.409+0300][26.921s][info ][gc] GC(1126) Pause Young (Normal) (G1 Evacuation Pause) 101M->101M(512M) 16.335ms
[2020-08-01T12:23:59.430+0300][26.942s][info ][gc] GC(1127) Pause Young (Normal) (G1 Evacuation Pause) 123M->124M(512M) 11.706ms
[2020-08-01T12:23:59.453+0300][26.966s][info ][gc] GC(1128) Pause Young (Normal) (G1 Evacuation Pause) 165M->166M(512M) 11.630ms
[2020-08-01T12:23:59.472+0300][26.985s][info ][gc] GC(1129) Pause Young (Normal) (G1 Evacuation Pause) 187M->188M(512M) 10.901ms
[2020-08-01T12:23:59.493+0300][27.006s][info ][gc] GC(1130) Pause Young (Normal) (G1 Evacuation Pause) 209M->210M(512M) 12.560ms
[2020-08-01T12:23:59.513+0300][27.026s][info ][gc] GC(1131) Pause Young (Normal) (G1 Evacuation Pause) 231M->233M(512M) 11.207ms
[2020-08-01T12:23:59.533+0300][27.046s][info ][gc] GC(1132) Pause Young (Concurrent Start) (G1 Evacuation Pause) 254M->255M(512M) 12.208ms
[2020-08-01T12:23:59.534+0300][27.046s][info ][gc] GC(1133) Concurrent Cycle
[2020-08-01T12:23:59.555+0300][27.067s][info ][gc] GC(1134) Pause Young (Normal) (G1 Evacuation Pause) 276M->277M(512M) 12.065ms
[2020-08-01T12:23:59.580+0300][27.093s][info ][gc] GC(1135) Pause Young (Normal) (G1 Evacuation Pause) 318M->320M(512M) 11.836ms
[2020-08-01T12:23:59.602+0300][27.115s][info ][gc] GC(1136) Pause Young (Normal) (G1 Evacuation Pause) 341M->343M(512M) 12.704ms
[2020-08-01T12:23:59.623+0300][27.136s][info ][gc] GC(1137) Pause Young (Normal) (G1 Evacuation Pause) 364M->365M(512M) 11.610ms
[2020-08-01T12:23:59.644+0300][27.157s][info ][gc] GC(1138) Pause Young (Normal) (G1 Evacuation Pause) 386M->388M(512M) 12.237ms
[2020-08-01T12:23:59.666+0300][27.179s][info ][gc] GC(1139) Pause Young (Normal) (G1 Evacuation Pause) 409M->410M(512M) 12.320ms
[2020-08-01T12:23:59.692+0300][27.205s][info ][gc] GC(1140) Pause Young (Normal) (G1 Evacuation Pause) 451M->452M(512M) 12.295ms
[2020-08-01T12:23:59.713+0300][27.226s][info ][gc] GC(1141) Pause Young (Normal) (G1 Evacuation Pause) 473M->475M(512M) 11.925ms
[2020-08-01T12:23:59.718+0300][27.231s][debug][gc] GC(1133) Reclaimed 116 empty regions
[2020-08-01T12:23:59.718+0300][27.231s][info ][gc] GC(1133) Pause Remark 486M->372M(512M) 0.653ms
[2020-08-01T12:23:59.735+0300][27.248s][info ][gc] GC(1142) Pause Young (Normal) (G1 Evacuation Pause) 382M->384M(512M) 12.275ms
[2020-08-01T12:23:59.765+0300][27.278s][info ][gc] GC(1143) Pause Young (Normal) (G1 Evacuation Pause) 405M->407M(512M) 13.053ms
[2020-08-01T12:23:59.796+0300][27.309s][info ][gc] GC(1144) Pause Young (Normal) (G1 Evacuation Pause) 428M->429M(512M) 13.138ms
[2020-08-01T12:23:59.822+0300][27.335s][info ][gc] GC(1145) Pause Young (Normal) (G1 Evacuation Pause) 450M->451M(512M) 12.198ms
[2020-08-01T12:23:59.867+0300][27.380s][info ][gc] GC(1146) To-space exhausted
[2020-08-01T12:23:59.868+0300][27.380s][info ][gc] GC(1146) Pause Young (Normal) (G1 Evacuation Pause) 492M->499M(512M) 19.555ms
[2020-08-01T12:23:59.910+0300][27.423s][info ][gc] GC(1147) To-space exhausted
[2020-08-01T12:23:59.910+0300][27.423s][info ][gc] GC(1147) Pause Young (Normal) (G1 Evacuation Pause) 511M->511M(512M) 26.132ms
[2020-08-01T12:23:59.911+0300][27.424s][debug][gc] GC(1148) Clear Next Bitmap 0.278ms
[2020-08-01T12:23:59.943+0300][27.456s][info ][gc] GC(1148) Pause Full (G1 Evacuation Pause) 511M->53M(512M) 32.776ms
[2020-08-01T12:23:59.944+0300][27.456s][info ][gc] GC(1133) Concurrent Cycle 409.989ms
[2020-08-01T12:23:59.965+0300][27.478s][info ][gc] GC(1149) Pause Young (Normal) (G1 Evacuation Pause) 78M->79M(512M) 11.999ms
[2020-08-01T12:23:59.984+0300][27.497s][info ][gc] GC(1150) Pause Young (Normal) (G1 Evacuation Pause) 100M->101M(512M) 10.632ms
[2020-08-01T12:24:00.004+0300][27.517s][info ][gc] GC(1151) Pause Young (Normal) (G1 Evacuation Pause) 122M->123M(512M) 11.114ms
[2020-08-01T12:24:00.030+0300][27.542s][info ][gc] GC(1152) Pause Young (Normal) (G1 Evacuation Pause) 164M->165M(512M) 11.736ms
[2020-08-01T12:24:00.051+0300][27.564s][info ][gc] GC(1153) Pause Young (Normal) (G1 Evacuation Pause) 186M->188M(512M) 12.130ms
[2020-08-01T12:24:00.072+0300][27.584s][info ][gc] GC(1154) Pause Young (Normal) (G1 Evacuation Pause) 209M->210M(512M) 11.528ms
[2020-08-01T12:24:00.092+0300][27.604s][info ][gc] GC(1155) Pause Young (Normal) (G1 Evacuation Pause) 231M->233M(512M) 10.960ms
[2020-08-01T12:24:00.114+0300][27.627s][info ][gc] GC(1156) Pause Young (Concurrent Start) (G1 Evacuation Pause) 254M->255M(512M) 13.816ms
[2020-08-01T12:24:00.114+0300][27.627s][info ][gc] GC(1157) Concurrent Cycle
[2020-08-01T12:24:00.135+0300][27.648s][info ][gc] GC(1158) Pause Young (Normal) (G1 Evacuation Pause) 276M->278M(512M) 11.825ms
[2020-08-01T12:24:00.158+0300][27.671s][info ][gc] GC(1159) Pause Young (Normal) (G1 Evacuation Pause) 319M->320M(512M) 10.245ms
[2020-08-01T12:24:00.178+0300][27.691s][info ][gc] GC(1160) Pause Young (Normal) (G1 Evacuation Pause) 341M->343M(512M) 10.831ms
[2020-08-01T12:24:00.198+0300][27.711s][info ][gc] GC(1161) Pause Young (Normal) (G1 Evacuation Pause) 364M->365M(512M) 10.976ms
[2020-08-01T12:24:00.216+0300][27.729s][info ][gc] GC(1162) Pause Young (Normal) (G1 Evacuation Pause) 386M->387M(512M) 10.028ms
[2020-08-01T12:24:00.236+0300][27.749s][info ][gc] GC(1163) Pause Young (Normal) (G1 Evacuation Pause) 408M->410M(512M) 10.644ms
[2020-08-01T12:24:00.261+0300][27.774s][info ][gc] GC(1164) Pause Young (Normal) (G1 Evacuation Pause) 451M->452M(512M) 12.663ms
[2020-08-01T12:24:00.283+0300][27.796s][info ][gc] GC(1165) Pause Young (Normal) (G1 Evacuation Pause) 473M->474M(512M) 12.491ms
[2020-08-01T12:24:00.287+0300][27.800s][debug][gc] GC(1157) Reclaimed 130 empty regions
[2020-08-01T12:24:00.287+0300][27.800s][info ][gc] GC(1157) Pause Remark 484M->355M(512M) 0.564ms
[2020-08-01T12:24:00.305+0300][27.818s][info ][gc] GC(1166) Pause Young (Normal) (G1 Evacuation Pause) 366M->368M(512M) 12.642ms
[2020-08-01T12:24:00.338+0300][27.850s][info ][gc] GC(1167) Pause Young (Normal) (G1 Evacuation Pause) 389M->391M(512M) 12.950ms
[2020-08-01T12:24:00.366+0300][27.878s][info ][gc] GC(1168) Pause Young (Normal) (G1 Evacuation Pause) 412M->414M(512M) 12.500ms
[2020-08-01T12:24:00.399+0300][27.912s][info ][gc] GC(1169) Pause Young (Normal) (G1 Evacuation Pause) 435M->436M(512M) 12.951ms
[2020-08-01T12:24:00.438+0300][27.951s][info ][gc] GC(1170) Pause Young (Normal) (G1 Evacuation Pause) 477M->477M(512M) 16.108ms
[2020-08-01T12:24:00.489+0300][28.002s][info ][gc] GC(1171) To-space exhausted
[2020-08-01T12:24:00.489+0300][28.002s][info ][gc] GC(1171) Pause Young (Normal) (G1 Evacuation Pause) 498M->504M(512M) 29.022ms
[2020-08-01T12:24:00.519+0300][28.032s][info ][gc] GC(1172) To-space exhausted
[2020-08-01T12:24:00.519+0300][28.032s][info ][gc] GC(1172) Pause Young (Normal) (G1 Evacuation Pause) 511M->511M(512M) 18.086ms
[2020-08-01T12:24:00.520+0300][28.033s][debug][gc] GC(1173) Clear Next Bitmap 0.395ms
[2020-08-01T12:24:00.563+0300][28.076s][info ][gc] GC(1173) Pause Full (G1 Evacuation Pause) 511M->66M(512M) 43.886ms
[2020-08-01T12:24:00.563+0300][28.076s][info ][gc] GC(1157) Concurrent Cycle 448.862ms
[2020-08-01T12:24:00.585+0300][28.098s][info ][gc] GC(1174) Pause Young (Normal) (G1 Evacuation Pause) 91M->91M(512M) 11.158ms
[2020-08-01T12:24:00.607+0300][28.120s][info ][gc] GC(1175) Pause Young (Normal) (G1 Evacuation Pause) 114M->116M(512M) 12.408ms
[2020-08-01T12:24:00.626+0300][28.139s][info ][gc] GC(1176) Pause Young (Normal) (G1 Evacuation Pause) 137M->138M(512M) 10.511ms
[2020-08-01T12:24:00.647+0300][28.160s][info ][gc] GC(1177) Pause Young (Normal) (G1 Evacuation Pause) 179M->180M(512M) 10.963ms
[2020-08-01T12:24:00.668+0300][28.181s][info ][gc] GC(1178) Pause Young (Normal) (G1 Evacuation Pause) 201M->203M(512M) 11.763ms
[2020-08-01T12:24:00.688+0300][28.201s][info ][gc] GC(1179) Pause Young (Normal) (G1 Evacuation Pause) 224M->225M(512M) 10.886ms
[2020-08-01T12:24:00.710+0300][28.223s][info ][gc] GC(1180) Pause Young (Normal) (G1 Evacuation Pause) 246M->248M(512M) 12.706ms
[2020-08-01T12:24:00.732+0300][28.245s][info ][gc] GC(1181) Pause Young (Concurrent Start) (G1 Evacuation Pause) 269M->271M(512M) 13.438ms
[2020-08-01T12:24:00.732+0300][28.245s][info ][gc] GC(1182) Concurrent Cycle
[2020-08-01T12:24:00.759+0300][28.272s][info ][gc] GC(1183) Pause Young (Normal) (G1 Evacuation Pause) 312M->313M(512M) 11.658ms
[2020-08-01T12:24:00.779+0300][28.292s][info ][gc] GC(1184) Pause Young (Normal) (G1 Evacuation Pause) 334M->336M(512M) 10.673ms
[2020-08-01T12:24:00.799+0300][28.312s][info ][gc] GC(1185) Pause Young (Normal) (G1 Evacuation Pause) 357M->358M(512M) 10.842ms
[2020-08-01T12:24:00.819+0300][28.332s][info ][gc] GC(1186) Pause Young (Normal) (G1 Evacuation Pause) 379M->380M(512M) 11.275ms
[2020-08-01T12:24:00.838+0300][28.351s][info ][gc] GC(1187) Pause Young (Normal) (G1 Evacuation Pause) 401M->402M(512M) 10.522ms
[2020-08-01T12:24:00.857+0300][28.370s][info ][gc] GC(1188) Pause Young (Normal) (G1 Evacuation Pause) 423M->425M(512M) 10.305ms
[2020-08-01T12:24:00.880+0300][28.393s][info ][gc] GC(1189) Pause Young (Normal) (G1 Evacuation Pause) 466M->467M(512M) 10.786ms
[2020-08-01T12:24:00.907+0300][28.419s][info ][gc] GC(1190) To-space exhausted
[2020-08-01T12:24:00.907+0300][28.420s][info ][gc] GC(1190) Pause Young (Normal) (G1 Evacuation Pause) 488M->497M(512M) 17.844ms
[2020-08-01T12:24:00.937+0300][28.450s][info ][gc] GC(1191) To-space exhausted
[2020-08-01T12:24:00.937+0300][28.450s][info ][gc] GC(1191) Pause Young (Normal) (G1 Evacuation Pause) 509M->509M(512M) 25.093ms
[2020-08-01T12:24:00.938+0300][28.451s][debug][gc] GC(1192) Clear Next Bitmap 0.301ms
[2020-08-01T12:24:00.989+0300][28.502s][info ][gc] GC(1192) Pause Full (G1 Evacuation Pause) 509M->75M(512M) 51.512ms
[2020-08-01T12:24:00.989+0300][28.502s][info ][gc] GC(1182) Concurrent Cycle 256.964ms
[2020-08-01T12:24:01.011+0300][28.524s][info ][gc] GC(1193) Pause Young (Normal) (G1 Evacuation Pause) 100M->101M(512M) 11.844ms
[2020-08-01T12:24:01.032+0300][28.545s][info ][gc] GC(1194) Pause Young (Normal) (G1 Evacuation Pause) 124M->125M(512M) 11.766ms
[2020-08-01T12:24:01.054+0300][28.567s][info ][gc] GC(1195) Pause Young (Normal) (G1 Evacuation Pause) 166M->167M(512M) 10.830ms
[2020-08-01T12:24:01.073+0300][28.586s][info ][gc] GC(1196) Pause Young (Normal) (G1 Evacuation Pause) 188M->189M(512M) 10.737ms
[2020-08-01T12:24:01.092+0300][28.604s][info ][gc] GC(1197) Pause Young (Normal) (G1 Evacuation Pause) 210M->212M(512M) 10.272ms
[2020-08-01T12:24:01.111+0300][28.624s][info ][gc] GC(1198) Pause Young (Normal) (G1 Evacuation Pause) 233M->234M(512M) 10.554ms
[2020-08-01T12:24:01.130+0300][28.643s][info ][gc] GC(1199) Pause Young (Concurrent Start) (G1 Evacuation Pause) 255M->256M(512M) 11.165ms
[2020-08-01T12:24:01.130+0300][28.643s][info ][gc] GC(1200) Concurrent Cycle
[2020-08-01T12:24:01.151+0300][28.664s][info ][gc] GC(1201) Pause Young (Normal) (G1 Evacuation Pause) 277M->278M(512M) 11.730ms
[2020-08-01T12:24:01.174+0300][28.687s][info ][gc] GC(1202) Pause Young (Normal) (G1 Evacuation Pause) 319M->320M(512M) 10.183ms
[2020-08-01T12:24:01.194+0300][28.706s][info ][gc] GC(1203) Pause Young (Normal) (G1 Evacuation Pause) 341M->343M(512M) 10.349ms
[2020-08-01T12:24:01.214+0300][28.727s][info ][gc] GC(1204) Pause Young (Normal) (G1 Evacuation Pause) 364M->365M(512M) 11.540ms
[2020-08-01T12:24:01.234+0300][28.747s][info ][gc] GC(1205) Pause Young (Normal) (G1 Evacuation Pause) 386M->388M(512M) 11.042ms
[2020-08-01T12:24:01.257+0300][28.769s][info ][gc] GC(1206) Pause Young (Normal) (G1 Evacuation Pause) 409M->410M(512M) 13.304ms
[2020-08-01T12:24:01.281+0300][28.793s][info ][gc] GC(1207) Pause Young (Normal) (G1 Evacuation Pause) 451M->452M(512M) 11.181ms
[2020-08-01T12:24:01.302+0300][28.815s][info ][gc] GC(1208) Pause Young (Normal) (G1 Evacuation Pause) 473M->475M(512M) 12.160ms
[2020-08-01T12:24:01.310+0300][28.823s][debug][gc] GC(1200) Reclaimed 128 empty regions
[2020-08-01T12:24:01.310+0300][28.823s][info ][gc] GC(1200) Pause Remark 492M->367M(512M) 0.886ms
[2020-08-01T12:24:01.324+0300][28.837s][info ][gc] GC(1209) Pause Young (Normal) (G1 Evacuation Pause) 371M->372M(512M) 11.869ms
[2020-08-01T12:24:01.357+0300][28.870s][info ][gc] GC(1210) Pause Young (Normal) (G1 Evacuation Pause) 393M->395M(512M) 10.813ms
[2020-08-01T12:24:01.385+0300][28.898s][info ][gc] GC(1211) Pause Young (Normal) (G1 Evacuation Pause) 416M->417M(512M) 10.805ms
[2020-08-01T12:24:01.413+0300][28.926s][info ][gc] GC(1212) Pause Young (Normal) (G1 Evacuation Pause) 438M->440M(512M) 12.861ms
[2020-08-01T12:24:01.446+0300][28.959s][info ][gc] GC(1213) Pause Young (Normal) (G1 Evacuation Pause) 481M->482M(512M) 10.522ms
[2020-08-01T12:24:01.492+0300][29.005s][info ][gc] GC(1214) To-space exhausted
[2020-08-01T12:24:01.492+0300][29.005s][info ][gc] GC(1214) Pause Young (Normal) (G1 Evacuation Pause) 503M->510M(512M) 28.917ms
[2020-08-01T12:24:01.503+0300][29.016s][info ][gc] GC(1215) To-space exhausted
[2020-08-01T12:24:01.503+0300][29.016s][info ][gc] GC(1215) Pause Young (Normal) (G1 Evacuation Pause) 511M->511M(512M) 9.893ms
[2020-08-01T12:24:01.503+0300][29.016s][debug][gc] GC(1216) Clear Next Bitmap 0.446ms
[2020-08-01T12:24:01.544+0300][29.057s][info ][gc] GC(1216) Pause Full (G1 Evacuation Pause) 511M->63M(512M) 40.920ms
[2020-08-01T12:24:01.544+0300][29.057s][info ][gc] GC(1200) Concurrent Cycle 413.661ms
[2020-08-01T12:24:01.567+0300][29.079s][info ][gc] GC(1217) Pause Young (Normal) (G1 Evacuation Pause) 89M->89M(512M) 12.134ms
[2020-08-01T12:24:01.588+0300][29.101s][info ][gc] GC(1218) Pause Young (Normal) (G1 Evacuation Pause) 112M->114M(512M) 11.753ms
[2020-08-01T12:24:01.607+0300][29.120s][info ][gc] GC(1219) Pause Young (Normal) (G1 Evacuation Pause) 135M->137M(512M) 10.214ms
[2020-08-01T12:24:01.630+0300][29.143s][info ][gc] GC(1220) Pause Young (Normal) (G1 Evacuation Pause) 178M->180M(512M) 10.608ms
[2020-08-01T12:24:01.650+0300][29.162s][info ][gc] GC(1221) Pause Young (Normal) (G1 Evacuation Pause) 201M->202M(512M) 10.759ms
[2020-08-01T12:24:01.670+0300][29.183s][info ][gc] GC(1222) Pause Young (Normal) (G1 Evacuation Pause) 223M->224M(512M) 11.253ms
[2020-08-01T12:24:01.689+0300][29.202s][info ][gc] GC(1223) Pause Young (Normal) (G1 Evacuation Pause) 245M->247M(512M) 10.490ms
[2020-08-01T12:24:01.709+0300][29.222s][info ][gc] GC(1224) Pause Young (Concurrent Start) (G1 Evacuation Pause) 268M->269M(512M) 11.443ms
[2020-08-01T12:24:01.709+0300][29.222s][info ][gc] GC(1225) Concurrent Cycle
[2020-08-01T12:24:01.732+0300][29.245s][info ][gc] GC(1226) Pause Young (Normal) (G1 Evacuation Pause) 310M->311M(512M) 10.792ms
[2020-08-01T12:24:01.751+0300][29.264s][info ][gc] GC(1227) Pause Young (Normal) (G1 Evacuation Pause) 332M->334M(512M) 10.746ms
[2020-08-01T12:24:01.771+0300][29.284s][info ][gc] GC(1228) Pause Young (Normal) (G1 Evacuation Pause) 355M->357M(512M) 10.470ms
[2020-08-01T12:24:01.791+0300][29.304s][info ][gc] GC(1229) Pause Young (Normal) (G1 Evacuation Pause) 378M->379M(512M) 10.235ms
[2020-08-01T12:24:01.810+0300][29.323s][info ][gc] GC(1230) Pause Young (Normal) (G1 Evacuation Pause) 400M->401M(512M) 10.525ms
[2020-08-01T12:24:01.831+0300][29.344s][info ][gc] GC(1231) Pause Young (Normal) (G1 Evacuation Pause) 422M->423M(512M) 12.202ms
[2020-08-01T12:24:01.857+0300][29.370s][info ][gc] GC(1232) Pause Young (Normal) (G1 Evacuation Pause) 464M->465M(512M) 12.299ms
[2020-08-01T12:24:01.880+0300][29.393s][info ][gc] GC(1233) To-space exhausted
[2020-08-01T12:24:01.880+0300][29.393s][info ][gc] GC(1233) Pause Young (Normal) (G1 Evacuation Pause) 486M->493M(512M) 13.743ms
[2020-08-01T12:24:01.914+0300][29.426s][info ][gc] GC(1234) To-space exhausted
[2020-08-01T12:24:01.914+0300][29.427s][info ][gc] GC(1234) Pause Young (Normal) (G1 Evacuation Pause) 508M->508M(512M) 27.683ms
[2020-08-01T12:24:01.914+0300][29.427s][debug][gc] GC(1235) Clear Next Bitmap 0.288ms
[2020-08-01T12:24:01.962+0300][29.475s][info ][gc] GC(1235) Pause Full (G1 Evacuation Pause) 508M->77M(512M) 48.401ms
[2020-08-01T12:24:01.962+0300][29.475s][info ][gc] GC(1225) Concurrent Cycle 253.098ms
[2020-08-01T12:24:01.985+0300][29.498s][info ][gc] GC(1236) Pause Young (Normal) (G1 Evacuation Pause) 104M->104M(512M) 11.806ms
[2020-08-01T12:24:02.007+0300][29.520s][info ][gc] GC(1237) Pause Young (Normal) (G1 Evacuation Pause) 129M->131M(512M) 11.522ms
[2020-08-01T12:24:02.031+0300][29.544s][info ][gc] GC(1238) Pause Young (Normal) (G1 Evacuation Pause) 172M->173M(512M) 12.859ms
[2020-08-01T12:24:02.053+0300][29.566s][info ][gc] GC(1239) Pause Young (Normal) (G1 Evacuation Pause) 194M->196M(512M) 12.616ms
[2020-08-01T12:24:02.072+0300][29.585s][info ][gc] GC(1240) Pause Young (Normal) (G1 Evacuation Pause) 217M->218M(512M) 10.787ms
[2020-08-01T12:24:02.092+0300][29.605s][info ][gc] GC(1241) Pause Young (Normal) (G1 Evacuation Pause) 239M->240M(512M) 10.988ms
[2020-08-01T12:24:02.111+0300][29.624s][info ][gc] GC(1242) Pause Young (Concurrent Start) (G1 Evacuation Pause) 261M->263M(512M) 11.102ms
[2020-08-01T12:24:02.111+0300][29.624s][info ][gc] GC(1243) Concurrent Cycle
[2020-08-01T12:24:02.136+0300][29.649s][info ][gc] GC(1244) Pause Young (Normal) (G1 Evacuation Pause) 304M->306M(512M) 11.133ms
[2020-08-01T12:24:02.155+0300][29.668s][info ][gc] GC(1245) Pause Young (Normal) (G1 Evacuation Pause) 327M->328M(512M) 11.084ms
[2020-08-01T12:24:02.175+0300][29.688s][info ][gc] GC(1246) Pause Young (Normal) (G1 Evacuation Pause) 349M->350M(512M) 10.411ms
[2020-08-01T12:24:02.195+0300][29.708s][info ][gc] GC(1247) Pause Young (Normal) (G1 Evacuation Pause) 371M->373M(512M) 10.684ms
[2020-08-01T12:24:02.215+0300][29.728s][info ][gc] GC(1248) Pause Young (Normal) (G1 Evacuation Pause) 394M->395M(512M) 11.084ms
[2020-08-01T12:24:02.237+0300][29.750s][info ][gc] GC(1249) Pause Young (Normal) (G1 Evacuation Pause) 416M->418M(512M) 12.639ms
[2020-08-01T12:24:02.264+0300][29.777s][info ][gc] GC(1250) Pause Young (Normal) (G1 Evacuation Pause) 459M->460M(512M) 12.596ms
[2020-08-01T12:24:02.285+0300][29.798s][info ][gc] GC(1251) Pause Young (Normal) (G1 Evacuation Pause) 481M->483M(512M) 11.268ms
[2020-08-01T12:24:02.325+0300][29.837s][info ][gc] GC(1252) To-space exhausted
[2020-08-01T12:24:02.325+0300][29.838s][info ][gc] GC(1252) Pause Young (Normal) (G1 Evacuation Pause) 504M->509M(512M) 30.931ms
[2020-08-01T12:24:02.334+0300][29.847s][info ][gc] GC(1253) To-space exhausted
[2020-08-01T12:24:02.334+0300][29.847s][info ][gc] GC(1253) Pause Young (Normal) (G1 Evacuation Pause) 510M->510M(512M) 7.901ms
[2020-08-01T12:24:02.335+0300][29.848s][debug][gc] GC(1254) Clear Next Bitmap 0.322ms
[2020-08-01T12:24:02.386+0300][29.899s][info ][gc] GC(1254) Pause Full (G1 Evacuation Pause) 510M->79M(512M) 51.882ms
[2020-08-01T12:24:02.387+0300][29.900s][info ][gc] GC(1243) Pause Remark 80M->80M(512M) 0.002ms
[2020-08-01T12:24:02.387+0300][29.900s][info ][gc] GC(1243) Concurrent Cycle 275.433ms
[2020-08-01T12:24:02.413+0300][29.926s][info ][gc] GC(1255) Pause Young (Normal) (G1 Evacuation Pause) 106M->106M(512M) 14.624ms
[2020-08-01T12:24:02.435+0300][29.948s][info ][gc] GC(1256) Pause Young (Normal) (G1 Evacuation Pause) 127M->128M(512M) 12.313ms
[2020-08-01T12:24:02.458+0300][29.971s][info ][gc] GC(1257) Pause Young (Normal) (G1 Evacuation Pause) 169M->171M(512M) 10.323ms
[2020-08-01T12:24:02.479+0300][29.992s][info ][gc] GC(1258) Pause Young (Normal) (G1 Evacuation Pause) 192M->194M(512M) 12.025ms
[2020-08-01T12:24:02.498+0300][30.011s][info ][gc] GC(1259) Pause Young (Normal) (G1 Evacuation Pause) 215M->216M(512M) 10.828ms
[2020-08-01T12:24:02.517+0300][30.030s][info ][gc] GC(1260) Pause Young (Normal) (G1 Evacuation Pause) 237M->239M(512M) 10.532ms
[2020-08-01T12:24:02.537+0300][30.050s][info ][gc] GC(1261) Pause Young (Concurrent Start) (G1 Evacuation Pause) 260M->261M(512M) 10.858ms
[2020-08-01T12:24:02.537+0300][30.050s][info ][gc] GC(1262) Concurrent Cycle
[2020-08-01T12:24:02.561+0300][30.074s][info ][gc] GC(1263) Pause Young (Normal) (G1 Evacuation Pause) 302M->303M(512M) 11.201ms
[2020-08-01T12:24:02.580+0300][30.093s][info ][gc] GC(1264) Pause Young (Normal) (G1 Evacuation Pause) 324M->325M(512M) 10.277ms
[2020-08-01T12:24:02.600+0300][30.113s][info ][gc] GC(1265) Pause Young (Normal) (G1 Evacuation Pause) 346M->348M(512M) 11.195ms
[2020-08-01T12:24:02.621+0300][30.134s][info ][gc] GC(1266) Pause Young (Normal) (G1 Evacuation Pause) 369M->370M(512M) 10.627ms
[2020-08-01T12:24:02.641+0300][30.154s][info ][gc] GC(1267) Pause Young (Normal) (G1 Evacuation Pause) 391M->393M(512M) 10.789ms
[2020-08-01T12:24:02.662+0300][30.175s][info ][gc] GC(1268) Pause Young (Normal) (G1 Evacuation Pause) 414M->415M(512M) 10.639ms
[2020-08-01T12:24:02.691+0300][30.204s][info ][gc] GC(1269) Pause Young (Normal) (G1 Evacuation Pause) 456M->458M(512M) 16.549ms
[2020-08-01T12:24:02.711+0300][30.224s][info ][gc] GC(1270) Pause Young (Normal) (G1 Evacuation Pause) 479M->480M(512M) 10.663ms
[2020-08-01T12:24:02.749+0300][30.262s][info ][gc] GC(1271) To-space exhausted
[2020-08-01T12:24:02.750+0300][30.262s][info ][gc] GC(1271) Pause Young (Normal) (G1 Evacuation Pause) 501M->506M(512M) 30.166ms
[2020-08-01T12:24:02.753+0300][30.266s][debug][gc] GC(1262) Reclaimed 122 empty regions
[2020-08-01T12:24:02.753+0300][30.266s][info ][gc] GC(1262) Pause Remark 507M->388M(512M) 0.574ms
[2020-08-01T12:24:02.774+0300][30.287s][info ][gc] GC(1272) Pause Young (Normal) (G1 Evacuation Pause) 409M->410M(512M) 11.466ms
[2020-08-01T12:24:02.801+0300][30.314s][info ][gc] GC(1273) Pause Young (Normal) (G1 Evacuation Pause) 431M->432M(512M) 11.051ms
[2020-08-01T12:24:02.827+0300][30.339s][info ][gc] GC(1274) Pause Young (Normal) (G1 Humongous Allocation) 450M->450M(512M) 10.302ms
[2020-08-01T12:24:02.827+0300][30.340s][debug][gc] GC(1275) Clear Next Bitmap 0.352ms
[2020-08-01T12:24:02.833+0300][30.346s][info ][gc] GC(1275) Pause Full (G1 Humongous Allocation) 450M->2M(512M) 6.036ms
[2020-08-01T12:24:02.833+0300][30.346s][info ][gc] GC(1262) Concurrent Cycle 296.195ms
[2020-08-01T12:24:02.858+0300][30.371s][info ][gc] GC(1276) Pause Young (Normal) (G1 Evacuation Pause) 47M->48M(512M) 10.979ms
[2020-08-01T12:24:02.881+0300][30.394s][info ][gc] GC(1277) Pause Young (Normal) (G1 Evacuation Pause) 71M->72M(512M) 13.804ms
[2020-08-01T12:24:02.901+0300][30.414s][info ][gc] GC(1278) Pause Young (Normal) (G1 Evacuation Pause) 93M->95M(512M) 10.549ms
[2020-08-01T12:24:02.920+0300][30.433s][info ][gc] GC(1279) Pause Young (Normal) (G1 Evacuation Pause) 116M->117M(512M) 10.134ms
[2020-08-01T12:24:02.939+0300][30.452s][info ][gc] GC(1280) Pause Young (Normal) (G1 Evacuation Pause) 138M->139M(512M) 10.985ms
[2020-08-01T12:24:02.963+0300][30.475s][info ][gc] GC(1281) Pause Young (Normal) (G1 Evacuation Pause) 180M->182M(512M) 11.392ms
[2020-08-01T12:24:02.982+0300][30.495s][info ][gc] GC(1282) Pause Young (Normal) (G1 Evacuation Pause) 203M->204M(512M) 11.145ms
[2020-08-01T12:24:03.003+0300][30.516s][info ][gc] GC(1283) Pause Young (Normal) (G1 Evacuation Pause) 225M->227M(512M) 12.147ms
[2020-08-01T12:24:03.022+0300][30.535s][info ][gc] GC(1284) Pause Young (Normal) (G1 Evacuation Pause) 248M->249M(512M) 10.792ms
[2020-08-01T12:24:03.041+0300][30.554s][info ][gc] GC(1285) Pause Young (Concurrent Start) (G1 Evacuation Pause) 270M->272M(512M) 10.777ms
[2020-08-01T12:24:03.042+0300][30.554s][info ][gc] GC(1286) Concurrent Cycle
[2020-08-01T12:24:03.072+0300][30.585s][info ][gc] GC(1287) Pause Young (Normal) (G1 Evacuation Pause) 313M->315M(512M) 12.271ms
[2020-08-01T12:24:03.093+0300][30.606s][info ][gc] GC(1288) Pause Young (Normal) (G1 Evacuation Pause) 336M->338M(512M) 10.920ms
[2020-08-01T12:24:03.114+0300][30.627s][info ][gc] GC(1289) Pause Young (Normal) (G1 Evacuation Pause) 359M->360M(512M) 11.297ms
[2020-08-01T12:24:03.134+0300][30.647s][info ][gc] GC(1290) Pause Young (Normal) (G1 Evacuation Pause) 381M->383M(512M) 10.828ms
[2020-08-01T12:24:03.153+0300][30.666s][info ][gc] GC(1291) Pause Young (Normal) (G1 Evacuation Pause) 404M->406M(512M) 10.734ms
[2020-08-01T12:24:03.173+0300][30.686s][info ][gc] GC(1292) Pause Young (Normal) (G1 Evacuation Pause) 427M->428M(512M) 10.536ms
[2020-08-01T12:24:03.195+0300][30.708s][info ][gc] GC(1293) Pause Young (Normal) (G1 Evacuation Pause) 469M->470M(512M) 10.096ms
[2020-08-01T12:24:03.223+0300][30.736s][info ][gc] GC(1294) To-space exhausted
[2020-08-01T12:24:03.223+0300][30.736s][info ][gc] GC(1294) Pause Young (Normal) (G1 Evacuation Pause) 491M->502M(512M) 19.183ms
[2020-08-01T12:24:03.242+0300][30.755s][info ][gc] GC(1295) To-space exhausted
[2020-08-01T12:24:03.242+0300][30.755s][info ][gc] GC(1295) Pause Young (Normal) (G1 Evacuation Pause) 508M->508M(512M) 15.270ms
[2020-08-01T12:24:03.243+0300][30.756s][debug][gc] GC(1296) Clear Next Bitmap 0.400ms
[2020-08-01T12:24:03.286+0300][30.799s][info ][gc] GC(1296) Pause Full (G1 Evacuation Pause) 508M->67M(512M) 43.631ms
[2020-08-01T12:24:03.286+0300][30.799s][info ][gc] GC(1286) Concurrent Cycle 244.597ms
[2020-08-01T12:24:03.307+0300][30.820s][info ][gc] GC(1297) Pause Young (Normal) (G1 Evacuation Pause) 94M->94M(512M) 10.538ms
[2020-08-01T12:24:03.330+0300][30.843s][info ][gc] GC(1298) Pause Young (Normal) (G1 Evacuation Pause) 119M->120M(512M) 12.079ms
[2020-08-01T12:24:03.353+0300][30.866s][info ][gc] GC(1299) Pause Young (Normal) (G1 Evacuation Pause) 162M->163M(512M) 10.764ms
[2020-08-01T12:24:03.375+0300][30.888s][info ][gc] GC(1300) Pause Young (Normal) (G1 Evacuation Pause) 184M->186M(512M) 12.909ms
[2020-08-01T12:24:03.394+0300][30.907s][info ][gc] GC(1301) Pause Young (Normal) (G1 Evacuation Pause) 207M->209M(512M) 10.632ms
[2020-08-01T12:24:03.413+0300][30.926s][info ][gc] GC(1302) Pause Young (Normal) (G1 Evacuation Pause) 230M->231M(512M) 10.566ms
[2020-08-01T12:24:03.434+0300][30.947s][info ][gc] GC(1303) Pause Young (Concurrent Start) (G1 Evacuation Pause) 252M->254M(512M) 11.810ms
[2020-08-01T12:24:03.434+0300][30.947s][info ][gc] GC(1304) Concurrent Cycle
[2020-08-01T12:24:03.453+0300][30.966s][info ][gc] GC(1305) Pause Young (Normal) (G1 Evacuation Pause) 275M->276M(512M) 10.313ms
[2020-08-01T12:24:03.475+0300][30.988s][info ][gc] GC(1306) Pause Young (Normal) (G1 Evacuation Pause) 317M->318M(512M) 10.909ms
[2020-08-01T12:24:03.494+0300][31.007s][info ][gc] GC(1307) Pause Young (Normal) (G1 Evacuation Pause) 339M->340M(512M) 10.779ms
[2020-08-01T12:24:03.515+0300][31.027s][info ][gc] GC(1308) Pause Young (Normal) (G1 Evacuation Pause) 361M->363M(512M) 11.039ms
[2020-08-01T12:24:03.536+0300][31.049s][info ][gc] GC(1309) Pause Young (Normal) (G1 Evacuation Pause) 384M->385M(512M) 11.285ms
[2020-08-01T12:24:03.555+0300][31.068s][info ][gc] GC(1310) Pause Young (Normal) (G1 Evacuation Pause) 406M->408M(512M) 10.182ms
[2020-08-01T12:24:03.579+0300][31.092s][info ][gc] GC(1311) Pause Young (Normal) (G1 Evacuation Pause) 449M->451M(512M) 11.051ms
[2020-08-01T12:24:03.599+0300][31.112s][info ][gc] GC(1312) Pause Young (Normal) (G1 Evacuation Pause) 472M->473M(512M) 10.773ms
[2020-08-01T12:24:03.606+0300][31.119s][debug][gc] GC(1304) Reclaimed 131 empty regions
[2020-08-01T12:24:03.606+0300][31.119s][info ][gc] GC(1304) Pause Remark 486M->359M(512M) 0.639ms
[2020-08-01T12:24:03.620+0300][31.133s][info ][gc] GC(1313) Pause Young (Normal) (G1 Evacuation Pause) 366M->368M(512M) 10.637ms
[2020-08-01T12:24:03.646+0300][31.159s][info ][gc] GC(1314) Pause Young (Normal) (G1 Evacuation Pause) 389M->390M(512M) 11.000ms
[2020-08-01T12:24:03.674+0300][31.187s][info ][gc] GC(1315) Pause Young (Normal) (G1 Evacuation Pause) 411M->412M(512M) 10.655ms
[2020-08-01T12:24:03.697+0300][31.209s][info ][gc] GC(1316) Pause Young (Normal) (G1 Evacuation Pause) 433M->434M(512M) 14.041ms
[2020-08-01T12:24:03.735+0300][31.248s][info ][gc] GC(1317) Pause Young (Normal) (G1 Evacuation Pause) 475M->476M(512M) 12.537ms
[2020-08-01T12:24:03.775+0300][31.288s][info ][gc] GC(1318) To-space exhausted
[2020-08-01T12:24:03.775+0300][31.288s][info ][gc] GC(1318) Pause Young (Normal) (G1 Evacuation Pause) 497M->504M(512M) 23.299ms
[2020-08-01T12:24:03.802+0300][31.315s][info ][gc] GC(1319) To-space exhausted
[2020-08-01T12:24:03.802+0300][31.315s][info ][gc] GC(1319) Pause Young (Normal) (G1 Evacuation Pause) 511M->511M(512M) 16.908ms
[2020-08-01T12:24:03.802+0300][31.315s][debug][gc] GC(1320) Clear Next Bitmap 0.277ms
[2020-08-01T12:24:03.844+0300][31.357s][info ][gc] GC(1320) Pause Full (G1 Evacuation Pause) 511M->66M(512M) 41.596ms
[2020-08-01T12:24:03.844+0300][31.357s][info ][gc] GC(1304) Concurrent Cycle 410.056ms
[2020-08-01T12:24:03.865+0300][31.378s][info ][gc] GC(1321) Pause Young (Normal) (G1 Evacuation Pause) 91M->92M(512M) 11.404ms
[2020-08-01T12:24:03.886+0300][31.399s][info ][gc] GC(1322) Pause Young (Normal) (G1 Evacuation Pause) 115M->116M(512M) 12.133ms
[2020-08-01T12:24:03.905+0300][31.418s][info ][gc] GC(1323) Pause Young (Normal) (G1 Evacuation Pause) 137M->137M(512M) 10.594ms
[2020-08-01T12:24:03.926+0300][31.439s][info ][gc] GC(1324) Pause Young (Normal) (G1 Evacuation Pause) 178M->180M(512M) 10.415ms
[2020-08-01T12:24:03.946+0300][31.459s][info ][gc] GC(1325) Pause Young (Normal) (G1 Evacuation Pause) 201M->202M(512M) 11.074ms
[2020-08-01T12:24:03.965+0300][31.478s][info ][gc] GC(1326) Pause Young (Normal) (G1 Evacuation Pause) 223M->225M(512M) 10.564ms
[2020-08-01T12:24:03.985+0300][31.498s][info ][gc] GC(1327) Pause Young (Normal) (G1 Evacuation Pause) 246M->248M(512M) 11.444ms
[2020-08-01T12:24:04.006+0300][31.519s][info ][gc] GC(1328) Pause Young (Concurrent Start) (G1 Evacuation Pause) 269M->270M(512M) 12.178ms
[2020-08-01T12:24:04.006+0300][31.519s][info ][gc] GC(1329) Concurrent Cycle
[2020-08-01T12:24:04.032+0300][31.545s][info ][gc] GC(1330) Pause Young (Normal) (G1 Evacuation Pause) 311M->313M(512M) 12.320ms
[2020-08-01T12:24:04.052+0300][31.565s][info ][gc] GC(1331) Pause Young (Normal) (G1 Evacuation Pause) 334M->335M(512M) 11.057ms
[2020-08-01T12:24:04.072+0300][31.584s][info ][gc] GC(1332) Pause Young (Normal) (G1 Evacuation Pause) 356M->357M(512M) 10.637ms
[2020-08-01T12:24:04.091+0300][31.604s][info ][gc] GC(1333) Pause Young (Normal) (G1 Evacuation Pause) 378M->380M(512M) 10.406ms
[2020-08-01T12:24:04.111+0300][31.624s][info ][gc] GC(1334) Pause Young (Normal) (G1 Evacuation Pause) 401M->402M(512M) 11.930ms
[2020-08-01T12:24:04.136+0300][31.649s][info ][gc] GC(1335) Pause Young (Normal) (G1 Evacuation Pause) 443M->444M(512M) 12.958ms
[2020-08-01T12:24:04.158+0300][31.671s][info ][gc] GC(1336) Pause Young (Normal) (G1 Evacuation Pause) 465M->466M(512M) 12.314ms
[2020-08-01T12:24:04.180+0300][31.693s][info ][gc] GC(1337) To-space exhausted
[2020-08-01T12:24:04.180+0300][31.693s][info ][gc] GC(1337) Pause Young (Normal) (G1 Evacuation Pause) 487M->493M(512M) 13.004ms
[2020-08-01T12:24:04.219+0300][31.732s][info ][gc] GC(1338) To-space exhausted
[2020-08-01T12:24:04.220+0300][31.732s][info ][gc] GC(1338) Pause Young (Normal) (G1 Evacuation Pause) 510M->510M(512M) 31.799ms
[2020-08-01T12:24:04.220+0300][31.733s][debug][gc] GC(1339) Clear Next Bitmap 0.324ms
[2020-08-01T12:24:04.272+0300][31.785s][info ][gc] GC(1339) Pause Full (G1 Evacuation Pause) 510M->81M(512M) 52.701ms
[2020-08-01T12:24:04.273+0300][31.785s][info ][gc] GC(1329) Concurrent Cycle 266.286ms
[2020-08-01T12:24:04.294+0300][31.807s][info ][gc] GC(1340) Pause Young (Normal) (G1 Evacuation Pause) 107M->107M(512M) 11.238ms
[2020-08-01T12:24:04.316+0300][31.829s][info ][gc] GC(1341) Pause Young (Normal) (G1 Evacuation Pause) 131M->133M(512M) 12.571ms
[2020-08-01T12:24:04.339+0300][31.852s][info ][gc] GC(1342) Pause Young (Normal) (G1 Evacuation Pause) 174M->175M(512M) 12.035ms
[2020-08-01T12:24:04.359+0300][31.872s][info ][gc] GC(1343) Pause Young (Normal) (G1 Evacuation Pause) 196M->198M(512M) 10.250ms
[2020-08-01T12:24:04.381+0300][31.894s][info ][gc] GC(1344) Pause Young (Normal) (G1 Evacuation Pause) 219M->220M(512M) 12.743ms
[2020-08-01T12:24:04.401+0300][31.914s][info ][gc] GC(1345) Pause Young (Normal) (G1 Evacuation Pause) 241M->242M(512M) 10.866ms
[2020-08-01T12:24:04.422+0300][31.935s][info ][gc] GC(1346) Pause Young (Concurrent Start) (G1 Evacuation Pause) 263M->264M(512M) 11.099ms
[2020-08-01T12:24:04.422+0300][31.935s][info ][gc] GC(1347) Concurrent Cycle
[2020-08-01T12:24:04.462+0300][31.974s][info ][gc] GC(1348) Pause Young (Normal) (G1 Evacuation Pause) 305M->307M(512M) 12.951ms
[2020-08-01T12:24:04.484+0300][31.997s][info ][gc] GC(1349) Pause Young (Normal) (G1 Evacuation Pause) 328M->329M(512M) 11.361ms
[2020-08-01T12:24:04.505+0300][32.018s][info ][gc] GC(1350) Pause Young (Normal) (G1 Evacuation Pause) 350M->352M(512M) 11.316ms
[2020-08-01T12:24:04.524+0300][32.037s][info ][gc] GC(1351) Pause Young (Normal) (G1 Evacuation Pause) 373M->374M(512M) 10.890ms
[2020-08-01T12:24:04.544+0300][32.057s][info ][gc] GC(1352) Pause Young (Normal) (G1 Evacuation Pause) 395M->397M(512M) 10.578ms
[2020-08-01T12:24:04.565+0300][32.078s][info ][gc] GC(1353) Pause Young (Normal) (G1 Evacuation Pause) 418M->419M(512M) 11.626ms
[2020-08-01T12:24:04.588+0300][32.101s][info ][gc] GC(1354) Pause Young (Normal) (G1 Evacuation Pause) 460M->462M(512M) 10.604ms
[2020-08-01T12:24:04.596+0300][32.109s][debug][gc] GC(1347) Reclaimed 130 empty regions
[2020-08-01T12:24:04.596+0300][32.109s][info ][gc] GC(1347) Pause Remark 479M->352M(512M) 0.637ms
[2020-08-01T12:24:04.608+0300][32.121s][info ][gc] GC(1355) Pause Young (Normal) (G1 Evacuation Pause) 355M->356M(512M) 10.713ms
[2020-08-01T12:24:04.635+0300][32.148s][info ][gc] GC(1356) Pause Young (Normal) (G1 Evacuation Pause) 377M->378M(512M) 10.744ms
[2020-08-01T12:24:04.663+0300][32.176s][info ][gc] GC(1357) Pause Young (Normal) (G1 Evacuation Pause) 399M->401M(512M) 11.615ms
[2020-08-01T12:24:04.691+0300][32.204s][info ][gc] GC(1358) Pause Young (Normal) (G1 Evacuation Pause) 422M->424M(512M) 10.498ms
[2020-08-01T12:24:04.720+0300][32.233s][info ][gc] GC(1359) Pause Young (Normal) (G1 Evacuation Pause) 465M->466M(512M) 10.685ms
[2020-08-01T12:24:04.745+0300][32.258s][info ][gc] GC(1360) To-space exhausted
[2020-08-01T12:24:04.745+0300][32.258s][info ][gc] GC(1360) Pause Young (Normal) (G1 Evacuation Pause) 487M->490M(512M) 12.627ms
[2020-08-01T12:24:04.794+0300][32.307s][info ][gc] GC(1361) To-space exhausted
[2020-08-01T12:24:04.794+0300][32.307s][info ][gc] GC(1361) Pause Young (Normal) (G1 Evacuation Pause) 511M->511M(512M) 39.485ms
[2020-08-01T12:24:04.794+0300][32.307s][debug][gc] GC(1362) Clear Next Bitmap 0.221ms
[2020-08-01T12:24:04.840+0300][32.353s][info ][gc] GC(1362) Pause Full (G1 Evacuation Pause) 511M->70M(512M) 46.184ms
[2020-08-01T12:24:04.840+0300][32.353s][info ][gc] GC(1347) Concurrent Cycle 418.124ms
[2020-08-01T12:24:04.864+0300][32.377s][info ][gc] GC(1363) Pause Young (Normal) (G1 Evacuation Pause) 97M->97M(512M) 12.763ms
[2020-08-01T12:24:04.886+0300][32.399s][info ][gc] GC(1364) Pause Young (Normal) (G1 Evacuation Pause) 120M->121M(512M) 12.412ms
[2020-08-01T12:24:04.909+0300][32.422s][info ][gc] GC(1365) Pause Young (Normal) (G1 Evacuation Pause) 162M->163M(512M) 10.538ms
[2020-08-01T12:24:04.928+0300][32.441s][info ][gc] GC(1366) Pause Young (Normal) (G1 Evacuation Pause) 184M->186M(512M) 10.688ms
[2020-08-01T12:24:04.948+0300][32.460s][info ][gc] GC(1367) Pause Young (Normal) (G1 Evacuation Pause) 207M->208M(512M) 10.984ms
[2020-08-01T12:24:04.967+0300][32.479s][info ][gc] GC(1368) Pause Young (Normal) (G1 Evacuation Pause) 229M->230M(512M) 10.409ms
[2020-08-01T12:24:04.987+0300][32.500s][info ][gc] GC(1369) Pause Young (Normal) (G1 Evacuation Pause) 251M->253M(512M) 12.285ms
[2020-08-01T12:24:05.007+0300][32.520s][info ][gc] GC(1370) Pause Young (Concurrent Start) (G1 Evacuation Pause) 274M->274M(512M) 10.790ms
[2020-08-01T12:24:05.007+0300][32.520s][info ][gc] GC(1371) Concurrent Cycle
[2020-08-01T12:24:05.030+0300][32.543s][info ][gc] GC(1372) Pause Young (Normal) (G1 Evacuation Pause) 315M->316M(512M) 10.982ms
[2020-08-01T12:24:05.049+0300][32.562s][info ][gc] GC(1373) Pause Young (Normal) (G1 Evacuation Pause) 337M->339M(512M) 10.890ms
[2020-08-01T12:24:05.070+0300][32.583s][info ][gc] GC(1374) Pause Young (Normal) (G1 Evacuation Pause) 360M->361M(512M) 11.218ms
[2020-08-01T12:24:05.089+0300][32.602s][info ][gc] GC(1375) Pause Young (Normal) (G1 Evacuation Pause) 382M->383M(512M) 10.313ms
[2020-08-01T12:24:05.109+0300][32.622s][info ][gc] GC(1376) Pause Young (Normal) (G1 Evacuation Pause) 404M->405M(512M) 10.536ms
[2020-08-01T12:24:05.134+0300][32.647s][info ][gc] GC(1377) Pause Young (Normal) (G1 Evacuation Pause) 446M->447M(512M) 12.113ms
[2020-08-01T12:24:05.154+0300][32.667s][info ][gc] GC(1378) Pause Young (Normal) (G1 Evacuation Pause) 468M->470M(512M) 10.477ms
[2020-08-01T12:24:05.182+0300][32.694s][info ][gc] GC(1379) To-space exhausted
[2020-08-01T12:24:05.182+0300][32.695s][info ][gc] GC(1379) Pause Young (Normal) (G1 Evacuation Pause) 491M->498M(512M) 18.053ms
[2020-08-01T12:24:05.210+0300][32.723s][info ][gc] GC(1380) To-space exhausted
[2020-08-01T12:24:05.210+0300][32.723s][info ][gc] GC(1380) Pause Young (Normal) (G1 Evacuation Pause) 509M->509M(512M) 22.987ms
[2020-08-01T12:24:05.211+0300][32.724s][debug][gc] GC(1381) Clear Next Bitmap 0.309ms
[2020-08-01T12:24:05.260+0300][32.773s][info ][gc] GC(1381) Pause Full (G1 Evacuation Pause) 509M->80M(512M) 49.939ms
[2020-08-01T12:24:05.261+0300][32.773s][info ][gc] GC(1371) Concurrent Cycle 253.727ms
[2020-08-01T12:24:05.283+0300][32.796s][info ][gc] GC(1382) Pause Young (Normal) (G1 Evacuation Pause) 106M->106M(512M) 11.817ms
[2020-08-01T12:24:05.304+0300][32.817s][info ][gc] GC(1383) Pause Young (Normal) (G1 Evacuation Pause) 130M->131M(512M) 11.617ms
[2020-08-01T12:24:05.327+0300][32.840s][info ][gc] GC(1384) Pause Young (Normal) (G1 Evacuation Pause) 172M->173M(512M) 10.507ms
[2020-08-01T12:24:05.347+0300][32.860s][info ][gc] GC(1385) Pause Young (Normal) (G1 Evacuation Pause) 194M->196M(512M) 11.605ms
[2020-08-01T12:24:05.367+0300][32.880s][info ][gc] GC(1386) Pause Young (Normal) (G1 Evacuation Pause) 217M->218M(512M) 11.008ms
[2020-08-01T12:24:05.389+0300][32.902s][info ][gc] GC(1387) Pause Young (Normal) (G1 Evacuation Pause) 239M->241M(512M) 13.431ms
[2020-08-01T12:24:05.408+0300][32.921s][info ][gc] GC(1388) Pause Young (Concurrent Start) (G1 Evacuation Pause) 262M->263M(512M) 10.543ms
[2020-08-01T12:24:05.408+0300][32.921s][info ][gc] GC(1389) Concurrent Cycle
[2020-08-01T12:24:05.432+0300][32.945s][info ][gc] GC(1390) Pause Young (Normal) (G1 Evacuation Pause) 304M->305M(512M) 11.217ms
[2020-08-01T12:24:05.451+0300][32.964s][info ][gc] GC(1391) Pause Young (Normal) (G1 Evacuation Pause) 326M->327M(512M) 10.358ms
[2020-08-01T12:24:05.470+0300][32.983s][info ][gc] GC(1392) Pause Young (Normal) (G1 Evacuation Pause) 348M->350M(512M) 10.302ms
[2020-08-01T12:24:05.489+0300][33.002s][info ][gc] GC(1393) Pause Young (Normal) (G1 Evacuation Pause) 371M->372M(512M) 10.545ms
[2020-08-01T12:24:05.509+0300][33.021s][info ][gc] GC(1394) Pause Young (Normal) (G1 Evacuation Pause) 393M->395M(512M) 10.034ms
[2020-08-01T12:24:05.528+0300][33.041s][info ][gc] GC(1395) Pause Young (Normal) (G1 Evacuation Pause) 416M->417M(512M) 10.404ms
[2020-08-01T12:24:05.553+0300][33.066s][info ][gc] GC(1396) Pause Young (Normal) (G1 Evacuation Pause) 458M->460M(512M) 12.237ms
[2020-08-01T12:24:05.573+0300][33.086s][info ][gc] GC(1397) Pause Young (Normal) (G1 Evacuation Pause) 481M->482M(512M) 10.551ms
[2020-08-01T12:24:05.614+0300][33.127s][info ][gc] GC(1398) To-space exhausted
[2020-08-01T12:24:05.614+0300][33.127s][info ][gc] GC(1398) Pause Young (Normal) (G1 Evacuation Pause) 503M->508M(512M) 31.169ms
[2020-08-01T12:24:05.621+0300][33.134s][info ][gc] GC(1399) To-space exhausted
[2020-08-01T12:24:05.621+0300][33.134s][info ][gc] GC(1399) Pause Young (Normal) (G1 Evacuation Pause) 509M->509M(512M) 6.532ms
[2020-08-01T12:24:05.621+0300][33.134s][debug][gc] GC(1400) Clear Next Bitmap 0.365ms
[2020-08-01T12:24:05.673+0300][33.186s][info ][gc] GC(1400) Pause Full (G1 Evacuation Pause) 509M->80M(512M) 52.177ms
[2020-08-01T12:24:05.673+0300][33.186s][info ][gc] GC(1389) Concurrent Cycle 265.098ms
[2020-08-01T12:24:05.696+0300][33.209s][info ][gc] GC(1401) Pause Young (Normal) (G1 Evacuation Pause) 105M->105M(512M) 12.487ms
[2020-08-01T12:24:05.716+0300][33.229s][info ][gc] GC(1402) Pause Young (Normal) (G1 Evacuation Pause) 128M->129M(512M) 11.342ms
[2020-08-01T12:24:05.737+0300][33.250s][info ][gc] GC(1403) Pause Young (Normal) (G1 Evacuation Pause) 170M->172M(512M) 10.455ms
[2020-08-01T12:24:05.757+0300][33.270s][info ][gc] GC(1404) Pause Young (Normal) (G1 Evacuation Pause) 193M->194M(512M) 11.243ms
[2020-08-01T12:24:05.776+0300][33.289s][info ][gc] GC(1405) Pause Young (Normal) (G1 Evacuation Pause) 215M->217M(512M) 10.234ms
[2020-08-01T12:24:05.796+0300][33.309s][info ][gc] GC(1406) Pause Young (Normal) (G1 Evacuation Pause) 238M->239M(512M) 11.537ms
[2020-08-01T12:24:05.815+0300][33.328s][info ][gc] GC(1407) Pause Young (Concurrent Start) (G1 Evacuation Pause) 260M->262M(512M) 10.756ms
[2020-08-01T12:24:05.815+0300][33.328s][info ][gc] GC(1408) Concurrent Cycle
[2020-08-01T12:24:05.838+0300][33.351s][info ][gc] GC(1409) Pause Young (Normal) (G1 Evacuation Pause) 303M->304M(512M) 10.499ms
[2020-08-01T12:24:05.857+0300][33.370s][info ][gc] GC(1410) Pause Young (Normal) (G1 Evacuation Pause) 325M->327M(512M) 10.510ms
[2020-08-01T12:24:05.877+0300][33.390s][info ][gc] GC(1411) Pause Young (Normal) (G1 Evacuation Pause) 348M->350M(512M) 10.539ms
[2020-08-01T12:24:05.896+0300][33.409s][info ][gc] GC(1412) Pause Young (Normal) (G1 Evacuation Pause) 371M->372M(512M) 10.753ms
[2020-08-01T12:24:05.916+0300][33.429s][info ][gc] GC(1413) Pause Young (Normal) (G1 Evacuation Pause) 393M->394M(512M) 10.602ms
[2020-08-01T12:24:05.935+0300][33.448s][info ][gc] GC(1414) Pause Young (Normal) (G1 Evacuation Pause) 415M->417M(512M) 10.340ms
[2020-08-01T12:24:05.960+0300][33.473s][info ][gc] GC(1415) Pause Young (Normal) (G1 Evacuation Pause) 458M->459M(512M) 11.282ms
[2020-08-01T12:24:05.980+0300][33.492s][info ][gc] GC(1416) Pause Young (Normal) (G1 Evacuation Pause) 480M->481M(512M) 10.749ms
[2020-08-01T12:24:06.019+0300][33.532s][info ][gc] GC(1417) To-space exhausted
[2020-08-01T12:24:06.019+0300][33.532s][info ][gc] GC(1417) Pause Young (Normal) (G1 Evacuation Pause) 502M->507M(512M) 30.675ms
[2020-08-01T12:24:06.022+0300][33.535s][debug][gc] GC(1408) Reclaimed 131 empty regions
[2020-08-01T12:24:06.022+0300][33.535s][info ][gc] GC(1408) Pause Remark 508M->380M(512M) 0.632ms
[2020-08-01T12:24:06.043+0300][33.556s][info ][gc] GC(1418) Pause Young (Normal) (G1 Evacuation Pause) 402M->403M(512M) 10.898ms
[2020-08-01T12:24:06.070+0300][33.583s][info ][gc] GC(1419) Pause Young (Normal) (G1 Evacuation Pause) 424M->426M(512M) 10.552ms
[2020-08-01T12:24:06.095+0300][33.608s][info ][gc] GC(1420) Pause Young (Normal) (G1 Humongous Allocation) 441M->442M(512M) 10.011ms
[2020-08-01T12:24:06.096+0300][33.609s][debug][gc] GC(1421) Clear Next Bitmap 0.319ms
[2020-08-01T12:24:06.101+0300][33.614s][info ][gc] GC(1421) Pause Full (G1 Humongous Allocation) 442M->2M(512M) 5.390ms
[2020-08-01T12:24:06.101+0300][33.614s][info ][gc] GC(1408) Concurrent Cycle 285.603ms
[2020-08-01T12:24:06.125+0300][33.638s][info ][gc] GC(1422) Pause Young (Normal) (G1 Evacuation Pause) 47M->48M(512M) 10.554ms
[2020-08-01T12:24:06.146+0300][33.659s][info ][gc] GC(1423) Pause Young (Normal) (G1 Evacuation Pause) 71M->73M(512M) 11.535ms
[2020-08-01T12:24:06.165+0300][33.678s][info ][gc] GC(1424) Pause Young (Normal) (G1 Evacuation Pause) 94M->95M(512M) 10.778ms
[2020-08-01T12:24:06.186+0300][33.699s][info ][gc] GC(1425) Pause Young (Normal) (G1 Evacuation Pause) 116M->118M(512M) 12.582ms
[2020-08-01T12:24:06.205+0300][33.718s][info ][gc] GC(1426) Pause Young (Normal) (G1 Evacuation Pause) 139M->140M(512M) 10.445ms
[2020-08-01T12:24:06.228+0300][33.741s][info ][gc] GC(1427) Pause Young (Normal) (G1 Evacuation Pause) 181M->183M(512M) 11.804ms
[2020-08-01T12:24:06.249+0300][33.762s][info ][gc] GC(1428) Pause Young (Normal) (G1 Evacuation Pause) 204M->205M(512M) 12.234ms
[2020-08-01T12:24:06.268+0300][33.781s][info ][gc] GC(1429) Pause Young (Normal) (G1 Evacuation Pause) 226M->227M(512M) 11.070ms
[2020-08-01T12:24:06.287+0300][33.800s][info ][gc] GC(1430) Pause Young (Normal) (G1 Evacuation Pause) 248M->249M(512M) 10.351ms
[2020-08-01T12:24:06.306+0300][33.819s][info ][gc] GC(1431) Pause Young (Concurrent Start) (G1 Evacuation Pause) 270M->272M(512M) 10.179ms
[2020-08-01T12:24:06.306+0300][33.819s][info ][gc] GC(1432) Concurrent Cycle
[2020-08-01T12:24:06.330+0300][33.843s][info ][gc] GC(1433) Pause Young (Normal) (G1 Evacuation Pause) 313M->314M(512M) 11.900ms
[2020-08-01T12:24:06.350+0300][33.863s][info ][gc] GC(1434) Pause Young (Normal) (G1 Evacuation Pause) 335M->337M(512M) 10.687ms
[2020-08-01T12:24:06.372+0300][33.885s][info ][gc] GC(1435) Pause Young (Normal) (G1 Evacuation Pause) 358M->359M(512M) 11.952ms
[2020-08-01T12:24:06.394+0300][33.906s][info ][gc] GC(1436) Pause Young (Normal) (G1 Evacuation Pause) 380M->382M(512M) 11.592ms
[2020-08-01T12:24:06.415+0300][33.928s][info ][gc] GC(1437) Pause Young (Normal) (G1 Evacuation Pause) 403M->405M(512M) 11.447ms
[2020-08-01T12:24:06.435+0300][33.948s][info ][gc] GC(1438) Pause Young (Normal) (G1 Evacuation Pause) 426M->427M(512M) 11.051ms
[2020-08-01T12:24:06.456+0300][33.969s][info ][gc] GC(1439) Pause Young (Normal) (G1 Evacuation Pause) 468M->469M(512M) 10.517ms
[2020-08-01T12:24:06.482+0300][33.995s][info ][gc] GC(1440) To-space exhausted
[2020-08-01T12:24:06.482+0300][33.995s][info ][gc] GC(1440) Pause Young (Normal) (G1 Evacuation Pause) 490M->497M(512M) 17.661ms
[2020-08-01T12:24:06.511+0300][34.023s][info ][gc] GC(1441) To-space exhausted
[2020-08-01T12:24:06.511+0300][34.024s][info ][gc] GC(1441) Pause Young (Normal) (G1 Evacuation Pause) 508M->508M(512M) 23.575ms
[2020-08-01T12:24:06.511+0300][34.024s][debug][gc] GC(1442) Clear Next Bitmap 0.249ms
[2020-08-01T12:24:06.558+0300][34.070s][info ][gc] GC(1442) Pause Full (G1 Evacuation Pause) 508M->72M(512M) 46.646ms
[2020-08-01T12:24:06.558+0300][34.071s][info ][gc] GC(1432) Concurrent Cycle 252.147ms
[2020-08-01T12:24:06.581+0300][34.094s][info ][gc] GC(1443) Pause Young (Normal) (G1 Evacuation Pause) 99M->99M(512M) 11.743ms
[2020-08-01T12:24:06.604+0300][34.116s][info ][gc] GC(1444) Pause Young (Normal) (G1 Evacuation Pause) 124M->125M(512M) 12.236ms
[2020-08-01T12:24:06.626+0300][34.139s][info ][gc] GC(1445) Pause Young (Normal) (G1 Evacuation Pause) 166M->168M(512M) 10.711ms
[2020-08-01T12:24:06.645+0300][34.158s][info ][gc] GC(1446) Pause Young (Normal) (G1 Evacuation Pause) 189M->191M(512M) 10.629ms
[2020-08-01T12:24:06.665+0300][34.178s][info ][gc] GC(1447) Pause Young (Normal) (G1 Evacuation Pause) 212M->214M(512M) 10.554ms
[2020-08-01T12:24:06.684+0300][34.197s][info ][gc] GC(1448) Pause Young (Normal) (G1 Evacuation Pause) 235M->236M(512M) 11.351ms
[2020-08-01T12:24:06.703+0300][34.216s][info ][gc] GC(1449) Pause Young (Concurrent Start) (G1 Evacuation Pause) 257M->259M(512M) 10.341ms
[2020-08-01T12:24:06.703+0300][34.216s][info ][gc] GC(1450) Concurrent Cycle
[2020-08-01T12:24:06.723+0300][34.236s][info ][gc] GC(1451) Pause Young (Normal) (G1 Evacuation Pause) 280M->281M(512M) 11.578ms
[2020-08-01T12:24:06.746+0300][34.259s][info ][gc] GC(1452) Pause Young (Normal) (G1 Evacuation Pause) 322M->323M(512M) 10.624ms
[2020-08-01T12:24:06.765+0300][34.278s][info ][gc] GC(1453) Pause Young (Normal) (G1 Evacuation Pause) 344M->346M(512M) 10.467ms
[2020-08-01T12:24:06.784+0300][34.297s][info ][gc] GC(1454) Pause Young (Normal) (G1 Evacuation Pause) 367M->368M(512M) 10.373ms
[2020-08-01T12:24:06.804+0300][34.317s][info ][gc] GC(1455) Pause Young (Normal) (G1 Evacuation Pause) 389M->391M(512M) 10.350ms
[2020-08-01T12:24:06.823+0300][34.336s][info ][gc] GC(1456) Pause Young (Normal) (G1 Evacuation Pause) 412M->413M(512M) 10.374ms
[2020-08-01T12:24:06.846+0300][34.359s][info ][gc] GC(1457) Pause Young (Normal) (G1 Evacuation Pause) 454M->456M(512M) 10.892ms
[2020-08-01T12:24:06.865+0300][34.378s][info ][gc] GC(1458) Pause Young (Normal) (G1 Evacuation Pause) 477M->479M(512M) 10.660ms
[2020-08-01T12:24:06.901+0300][34.414s][info ][gc] GC(1459) To-space exhausted
[2020-08-01T12:24:06.901+0300][34.414s][info ][gc] GC(1459) Pause Young (Normal) (G1 Evacuation Pause) 500M->507M(512M) 26.812ms
[2020-08-01T12:24:06.903+0300][34.416s][debug][gc] GC(1450) Reclaimed 129 empty regions
[2020-08-01T12:24:06.903+0300][34.416s][info ][gc] GC(1450) Pause Remark 507M->381M(512M) 0.620ms
[2020-08-01T12:24:06.923+0300][34.436s][info ][gc] GC(1460) Pause Young (Normal) (G1 Evacuation Pause) 401M->402M(512M) 10.633ms
[2020-08-01T12:24:06.949+0300][34.462s][info ][gc] GC(1461) Pause Young (Normal) (G1 Evacuation Pause) 423M->425M(512M) 12.083ms
[2020-08-01T12:24:06.975+0300][34.488s][info ][gc] GC(1462) Pause Young (Normal) (G1 Evacuation Pause) 446M->448M(512M) 11.020ms
[2020-08-01T12:24:06.987+0300][34.500s][info ][gc] GC(1463) Pause Young (Normal) (G1 Humongous Allocation) 448M->451M(512M) 3.300ms
[2020-08-01T12:24:07.025+0300][34.538s][info ][gc] GC(1464) To-space exhausted
[2020-08-01T12:24:07.025+0300][34.538s][info ][gc] GC(1464) Pause Young (Normal) (G1 Evacuation Pause) 495M->503M(512M) 20.042ms
[2020-08-01T12:24:07.058+0300][34.571s][info ][gc] GC(1465) To-space exhausted
[2020-08-01T12:24:07.058+0300][34.571s][info ][gc] GC(1465) Pause Young (Normal) (G1 Evacuation Pause) 511M->511M(512M) 21.767ms
[2020-08-01T12:24:07.059+0300][34.572s][debug][gc] GC(1466) Clear Next Bitmap 0.536ms
[2020-08-01T12:24:07.092+0300][34.605s][info ][gc] GC(1466) Pause Full (G1 Evacuation Pause) 511M->53M(512M) 33.454ms
[2020-08-01T12:24:07.092+0300][34.605s][info ][gc] GC(1450) Concurrent Cycle 389.123ms
[2020-08-01T12:24:07.116+0300][34.629s][info ][gc] GC(1467) Pause Young (Normal) (G1 Evacuation Pause) 81M->82M(512M) 12.463ms
[2020-08-01T12:24:07.137+0300][34.650s][info ][gc] GC(1468) Pause Young (Normal) (G1 Evacuation Pause) 107M->108M(512M) 11.465ms
[2020-08-01T12:24:07.156+0300][34.669s][info ][gc] GC(1469) Pause Young (Normal) (G1 Evacuation Pause) 129M->130M(512M) 9.985ms
[2020-08-01T12:24:07.177+0300][34.690s][info ][gc] GC(1470) Pause Young (Normal) (G1 Evacuation Pause) 171M->173M(512M) 10.707ms
[2020-08-01T12:24:07.196+0300][34.709s][info ][gc] GC(1471) Pause Young (Normal) (G1 Evacuation Pause) 194M->196M(512M) 10.929ms
[2020-08-01T12:24:07.216+0300][34.729s][info ][gc] GC(1472) Pause Young (Normal) (G1 Evacuation Pause) 217M->218M(512M) 10.772ms
[2020-08-01T12:24:07.236+0300][34.749s][info ][gc] GC(1473) Pause Young (Normal) (G1 Evacuation Pause) 239M->240M(512M) 11.670ms
[2020-08-01T12:24:07.256+0300][34.768s][info ][gc] GC(1474) Pause Young (Concurrent Start) (G1 Evacuation Pause) 261M->263M(512M) 10.591ms
[2020-08-01T12:24:07.256+0300][34.768s][info ][gc] GC(1475) Concurrent Cycle
[2020-08-01T12:24:07.281+0300][34.793s][info ][gc] GC(1476) Pause Young (Normal) (G1 Evacuation Pause) 304M->306M(512M) 12.966ms
[2020-08-01T12:24:07.300+0300][34.813s][info ][gc] GC(1477) Pause Young (Normal) (G1 Evacuation Pause) 327M->328M(512M) 10.661ms
[2020-08-01T12:24:07.320+0300][34.833s][info ][gc] GC(1478) Pause Young (Normal) (G1 Evacuation Pause) 349M->351M(512M) 10.447ms
[2020-08-01T12:24:07.341+0300][34.854s][info ][gc] GC(1479) Pause Young (Normal) (G1 Evacuation Pause) 372M->373M(512M) 12.170ms
[2020-08-01T12:24:07.361+0300][34.873s][info ][gc] GC(1480) Pause Young (Normal) (G1 Evacuation Pause) 394M->396M(512M) 10.905ms
[2020-08-01T12:24:07.382+0300][34.895s][info ][gc] GC(1481) Pause Young (Normal) (G1 Evacuation Pause) 417M->419M(512M) 12.142ms
[2020-08-01T12:24:07.406+0300][34.919s][info ][gc] GC(1482) Pause Young (Normal) (G1 Evacuation Pause) 460M->462M(512M) 11.556ms
[2020-08-01T12:24:07.426+0300][34.939s][info ][gc] GC(1483) Pause Young (Normal) (G1 Evacuation Pause) 483M->484M(512M) 10.370ms
[2020-08-01T12:24:07.468+0300][34.981s][info ][gc] GC(1484) To-space exhausted
[2020-08-01T12:24:07.468+0300][34.981s][info ][gc] GC(1484) Pause Young (Normal) (G1 Evacuation Pause) 505M->509M(512M) 31.897ms
[2020-08-01T12:24:07.469+0300][34.982s][debug][gc] GC(1485) Clear Next Bitmap 0.287ms
[2020-08-01T12:24:07.520+0300][35.033s][info ][gc] GC(1485) Pause Full (G1 Evacuation Pause) 509M->76M(512M) 51.300ms
[2020-08-01T12:24:07.520+0300][35.033s][info ][gc] GC(1475) Concurrent Cycle 264.387ms
[2020-08-01T12:24:07.542+0300][35.054s][info ][gc] GC(1486) Pause Young (Normal) (G1 Evacuation Pause) 103M->104M(512M) 10.695ms
[2020-08-01T12:24:07.564+0300][35.077s][info ][gc] GC(1487) Pause Young (Normal) (G1 Evacuation Pause) 129M->130M(512M) 12.542ms
[2020-08-01T12:24:07.585+0300][35.098s][info ][gc] GC(1488) Pause Young (Normal) (G1 Evacuation Pause) 171M->173M(512M) 10.833ms
[2020-08-01T12:24:07.605+0300][35.118s][info ][gc] GC(1489) Pause Young (Normal) (G1 Evacuation Pause) 194M->196M(512M) 10.442ms
[2020-08-01T12:24:07.625+0300][35.138s][info ][gc] GC(1490) Pause Young (Normal) (G1 Evacuation Pause) 217M->219M(512M) 12.207ms
[2020-08-01T12:24:07.644+0300][35.157s][info ][gc] GC(1491) Pause Young (Normal) (G1 Evacuation Pause) 240M->241M(512M) 10.294ms
[2020-08-01T12:24:07.667+0300][35.180s][info ][gc] GC(1492) Pause Young (Concurrent Start) (G1 Evacuation Pause) 262M->263M(512M) 13.348ms
[2020-08-01T12:24:07.667+0300][35.180s][info ][gc] GC(1493) Concurrent Cycle
[2020-08-01T12:24:07.690+0300][35.203s][info ][gc] GC(1494) Pause Young (Normal) (G1 Evacuation Pause) 304M->305M(512M) 10.419ms
[2020-08-01T12:24:07.710+0300][35.223s][info ][gc] GC(1495) Pause Young (Normal) (G1 Evacuation Pause) 326M->328M(512M) 10.351ms
[2020-08-01T12:24:07.730+0300][35.243s][info ][gc] GC(1496) Pause Young (Normal) (G1 Evacuation Pause) 349M->350M(512M) 10.456ms
[2020-08-01T12:24:07.749+0300][35.262s][info ][gc] GC(1497) Pause Young (Normal) (G1 Evacuation Pause) 371M->372M(512M) 10.632ms
[2020-08-01T12:24:07.768+0300][35.281s][info ][gc] GC(1498) Pause Young (Normal) (G1 Evacuation Pause) 393M->395M(512M) 10.696ms
[2020-08-01T12:24:07.787+0300][35.300s][info ][gc] GC(1499) Pause Young (Normal) (G1 Evacuation Pause) 416M->417M(512M) 10.507ms
[2020-08-01T12:24:07.809+0300][35.322s][info ][gc] GC(1500) Pause Young (Normal) (G1 Evacuation Pause) 458M->459M(512M) 10.242ms
[2020-08-01T12:24:07.829+0300][35.342s][info ][gc] GC(1501) Pause Young (Normal) (G1 Evacuation Pause) 480M->482M(512M) 11.416ms
[2020-08-01T12:24:07.869+0300][35.382s][info ][gc] GC(1502) To-space exhausted
[2020-08-01T12:24:07.869+0300][35.382s][info ][gc] GC(1502) Pause Young (Normal) (G1 Evacuation Pause) 503M->508M(512M) 31.051ms
[2020-08-01T12:24:07.879+0300][35.392s][info ][gc] GC(1503) To-space exhausted
[2020-08-01T12:24:07.880+0300][35.393s][info ][gc] GC(1503) Pause Young (Normal) (G1 Evacuation Pause) 509M->509M(512M) 9.929ms
[2020-08-01T12:24:07.880+0300][35.393s][debug][gc] GC(1504) Clear Next Bitmap 0.422ms
[2020-08-01T12:24:07.932+0300][35.445s][info ][gc] GC(1504) Pause Full (G1 Evacuation Pause) 509M->79M(512M) 52.111ms
[2020-08-01T12:24:07.932+0300][35.445s][info ][gc] GC(1493) Concurrent Cycle 265.047ms
[2020-08-01T12:24:07.953+0300][35.466s][info ][gc] GC(1505) Pause Young (Normal) (G1 Evacuation Pause) 104M->104M(512M) 10.851ms
[2020-08-01T12:24:07.975+0300][35.488s][info ][gc] GC(1506) Pause Young (Normal) (G1 Evacuation Pause) 128M->129M(512M) 12.063ms
[2020-08-01T12:24:07.996+0300][35.509s][info ][gc] GC(1507) Pause Young (Normal) (G1 Evacuation Pause) 170M->171M(512M) 10.763ms
[2020-08-01T12:24:08.015+0300][35.528s][info ][gc] GC(1508) Pause Young (Normal) (G1 Evacuation Pause) 192M->194M(512M) 10.448ms
[2020-08-01T12:24:08.035+0300][35.547s][info ][gc] GC(1509) Pause Young (Normal) (G1 Evacuation Pause) 215M->216M(512M) 11.182ms
[2020-08-01T12:24:08.054+0300][35.567s][info ][gc] GC(1510) Pause Young (Normal) (G1 Evacuation Pause) 237M->238M(512M) 10.220ms
[2020-08-01T12:24:08.073+0300][35.586s][info ][gc] GC(1511) Pause Young (Concurrent Start) (G1 Evacuation Pause) 259M->261M(512M) 10.748ms
[2020-08-01T12:24:08.073+0300][35.586s][info ][gc] GC(1512) Concurrent Cycle
[2020-08-01T12:24:08.097+0300][35.610s][info ][gc] GC(1513) Pause Young (Normal) (G1 Evacuation Pause) 302M->302M(512M) 10.825ms
[2020-08-01T12:24:08.117+0300][35.630s][info ][gc] GC(1514) Pause Young (Normal) (G1 Evacuation Pause) 323M->325M(512M) 10.614ms
[2020-08-01T12:24:08.136+0300][35.649s][info ][gc] GC(1515) Pause Young (Normal) (G1 Evacuation Pause) 346M->347M(512M) 10.762ms
[2020-08-01T12:24:08.156+0300][35.669s][info ][gc] GC(1516) Pause Young (Normal) (G1 Evacuation Pause) 368M->370M(512M) 10.149ms
[2020-08-01T12:24:08.175+0300][35.687s][info ][gc] GC(1517) Pause Young (Normal) (G1 Evacuation Pause) 391M->392M(512M) 10.008ms
[2020-08-01T12:24:08.193+0300][35.706s][info ][gc] GC(1518) Pause Young (Normal) (G1 Evacuation Pause) 413M->414M(512M) 10.044ms
[2020-08-01T12:24:08.215+0300][35.728s][info ][gc] GC(1519) Pause Young (Normal) (G1 Evacuation Pause) 455M->456M(512M) 10.739ms
[2020-08-01T12:24:08.235+0300][35.748s][info ][gc] GC(1520) Pause Young (Normal) (G1 Evacuation Pause) 477M->478M(512M) 10.660ms
[2020-08-01T12:24:08.271+0300][35.784s][info ][gc] GC(1521) To-space exhausted
[2020-08-01T12:24:08.271+0300][35.784s][info ][gc] GC(1521) Pause Young (Normal) (G1 Evacuation Pause) 499M->506M(512M) 27.099ms
[2020-08-01T12:24:08.275+0300][35.788s][debug][gc] GC(1512) Reclaimed 131 empty regions
[2020-08-01T12:24:08.275+0300][35.788s][info ][gc] GC(1512) Pause Remark 506M->378M(512M) 0.821ms
[2020-08-01T12:24:08.295+0300][35.808s][info ][gc] GC(1522) Pause Young (Normal) (G1 Evacuation Pause) 398M->399M(512M) 10.867ms
[2020-08-01T12:24:08.316+0300][35.829s][info ][gc] GC(1523) Pause Young (Normal) (G1 Evacuation Pause) 420M->422M(512M) 12.233ms
[2020-08-01T12:24:08.357+0300][35.870s][info ][gc] GC(1524) Pause Young (Normal) (G1 Evacuation Pause) 463M->464M(512M) 10.826ms
[2020-08-01T12:24:08.385+0300][35.898s][info ][gc] GC(1525) Pause Young (Normal) (G1 Evacuation Pause) 485M->486M(512M) 10.539ms
[2020-08-01T12:24:08.432+0300][35.945s][info ][gc] GC(1526) To-space exhausted
[2020-08-01T12:24:08.433+0300][35.945s][info ][gc] GC(1526) Pause Young (Normal) (G1 Evacuation Pause) 507M->510M(512M) 31.939ms
[2020-08-01T12:24:08.448+0300][35.961s][info ][gc] GC(1527) To-space exhausted
[2020-08-01T12:24:08.449+0300][35.961s][info ][gc] GC(1527) Pause Young (Normal) (G1 Evacuation Pause) 511M->511M(512M) 6.455ms
[2020-08-01T12:24:08.449+0300][35.962s][debug][gc] GC(1528) Clear Next Bitmap 0.440ms
[2020-08-01T12:24:08.493+0300][36.006s][info ][gc] GC(1528) Pause Full (G1 Evacuation Pause) 511M->68M(512M) 44.450ms
[2020-08-01T12:24:08.493+0300][36.006s][info ][gc] GC(1512) Concurrent Cycle 419.945ms
[2020-08-01T12:24:08.515+0300][36.027s][info ][gc] GC(1529) Pause Young (Normal) (G1 Evacuation Pause) 95M->95M(512M) 10.568ms
[2020-08-01T12:24:08.537+0300][36.050s][info ][gc] GC(1530) Pause Young (Normal) (G1 Evacuation Pause) 120M->121M(512M) 12.220ms
[2020-08-01T12:24:08.559+0300][36.071s][info ][gc] GC(1531) Pause Young (Normal) (G1 Evacuation Pause) 162M->164M(512M) 11.156ms
[2020-08-01T12:24:08.577+0300][36.090s][info ][gc] GC(1532) Pause Young (Normal) (G1 Evacuation Pause) 185M->186M(512M) 10.380ms
[2020-08-01T12:24:08.599+0300][36.112s][info ][gc] GC(1533) Pause Young (Normal) (G1 Evacuation Pause) 207M->208M(512M) 13.003ms
[2020-08-01T12:24:08.618+0300][36.131s][info ][gc] GC(1534) Pause Young (Normal) (G1 Evacuation Pause) 229M->231M(512M) 10.461ms
[2020-08-01T12:24:08.637+0300][36.150s][info ][gc] GC(1535) Pause Young (Concurrent Start) (G1 Evacuation Pause) 252M->254M(512M) 10.685ms
[2020-08-01T12:24:08.637+0300][36.150s][info ][gc] GC(1536) Concurrent Cycle
[2020-08-01T12:24:08.657+0300][36.170s][info ][gc] GC(1537) Pause Young (Normal) (G1 Evacuation Pause) 275M->276M(512M) 10.893ms
[2020-08-01T12:24:08.682+0300][36.195s][info ][gc] GC(1538) Pause Young (Normal) (G1 Evacuation Pause) 317M->319M(512M) 12.657ms
[2020-08-01T12:24:08.702+0300][36.215s][info ][gc] GC(1539) Pause Young (Normal) (G1 Evacuation Pause) 340M->341M(512M) 10.562ms
[2020-08-01T12:24:08.721+0300][36.234s][info ][gc] GC(1540) Pause Young (Normal) (G1 Evacuation Pause) 362M->364M(512M) 10.580ms
[2020-08-01T12:24:08.741+0300][36.254s][info ][gc] GC(1541) Pause Young (Normal) (G1 Evacuation Pause) 385M->386M(512M) 10.324ms
[2020-08-01T12:24:08.761+0300][36.274s][info ][gc] GC(1542) Pause Young (Normal) (G1 Evacuation Pause) 407M->408M(512M) 10.337ms
[2020-08-01T12:24:08.786+0300][36.299s][info ][gc] GC(1543) Pause Young (Normal) (G1 Evacuation Pause) 449M->450M(512M) 11.082ms
[2020-08-01T12:24:08.806+0300][36.319s][info ][gc] GC(1544) Pause Young (Normal) (G1 Evacuation Pause) 471M->472M(512M) 10.577ms
[2020-08-01T12:24:08.811+0300][36.324s][debug][gc] GC(1536) Reclaimed 129 empty regions
[2020-08-01T12:24:08.811+0300][36.324s][info ][gc] GC(1536) Pause Remark 483M->357M(512M) 0.673ms
[2020-08-01T12:24:08.826+0300][36.339s][info ][gc] GC(1545) Pause Young (Normal) (G1 Evacuation Pause) 367M->369M(512M) 10.652ms
[2020-08-01T12:24:08.853+0300][36.366s][info ][gc] GC(1546) Pause Young (Normal) (G1 Evacuation Pause) 390M->391M(512M) 10.601ms
[2020-08-01T12:24:08.881+0300][36.394s][info ][gc] GC(1547) Pause Young (Normal) (G1 Evacuation Pause) 412M->413M(512M) 11.861ms
[2020-08-01T12:24:08.908+0300][36.421s][info ][gc] GC(1548) Pause Young (Normal) (G1 Evacuation Pause) 434M->435M(512M) 10.707ms
[2020-08-01T12:24:08.923+0300][36.436s][info ][gc] GC(1549) Pause Young (Normal) (G1 Humongous Allocation) 440M->440M(512M) 5.147ms
[2020-08-01T12:24:08.949+0300][36.461s][info ][gc] GC(1550) Pause Young (Normal) (G1 Evacuation Pause) 481M->482M(512M) 11.478ms
[2020-08-01T12:24:08.993+0300][36.506s][info ][gc] GC(1551) To-space exhausted
[2020-08-01T12:24:08.993+0300][36.506s][info ][gc] GC(1551) Pause Young (Normal) (G1 Evacuation Pause) 503M->510M(512M) 28.578ms
[2020-08-01T12:24:09.010+0300][36.523s][info ][gc] GC(1552) To-space exhausted
[2020-08-01T12:24:09.011+0300][36.523s][info ][gc] GC(1552) Pause Young (Normal) (G1 Evacuation Pause) 511M->511M(512M) 9.163ms
[2020-08-01T12:24:09.011+0300][36.524s][debug][gc] GC(1553) Clear Next Bitmap 0.326ms
[2020-08-01T12:24:09.051+0300][36.564s][info ][gc] GC(1553) Pause Full (G1 Evacuation Pause) 511M->64M(512M) 40.552ms
[2020-08-01T12:24:09.051+0300][36.564s][info ][gc] GC(1536) Concurrent Cycle 414.147ms
[2020-08-01T12:24:09.072+0300][36.585s][info ][gc] GC(1554) Pause Young (Normal) (G1 Evacuation Pause) 89M->90M(512M) 10.714ms
[2020-08-01T12:24:09.094+0300][36.607s][info ][gc] GC(1555) Pause Young (Normal) (G1 Evacuation Pause) 114M->115M(512M) 12.087ms
[2020-08-01T12:24:09.113+0300][36.625s][info ][gc] GC(1556) Pause Young (Normal) (G1 Evacuation Pause) 136M->137M(512M) 10.590ms
[2020-08-01T12:24:09.133+0300][36.646s][info ][gc] GC(1557) Pause Young (Normal) (G1 Evacuation Pause) 178M->179M(512M) 10.653ms
[2020-08-01T12:24:09.152+0300][36.665s][info ][gc] GC(1558) Pause Young (Normal) (G1 Evacuation Pause) 200M->202M(512M) 10.716ms
[2020-08-01T12:24:09.172+0300][36.685s][info ][gc] GC(1559) Pause Young (Normal) (G1 Evacuation Pause) 223M->224M(512M) 10.790ms
[2020-08-01T12:24:09.191+0300][36.704s][info ][gc] GC(1560) Pause Young (Normal) (G1 Evacuation Pause) 245M->247M(512M) 10.364ms
[2020-08-01T12:24:09.210+0300][36.723s][info ][gc] GC(1561) Pause Young (Concurrent Start) (G1 Evacuation Pause) 268M->269M(512M) 10.407ms
[2020-08-01T12:24:09.210+0300][36.723s][info ][gc] GC(1562) Concurrent Cycle
[2020-08-01T12:24:09.236+0300][36.749s][info ][gc] GC(1563) Pause Young (Normal) (G1 Evacuation Pause) 310M->312M(512M) 12.838ms
[2020-08-01T12:24:09.255+0300][36.768s][info ][gc] GC(1564) Pause Young (Normal) (G1 Evacuation Pause) 333M->334M(512M) 10.111ms
[2020-08-01T12:24:09.275+0300][36.787s][info ][gc] GC(1565) Pause Young (Normal) (G1 Evacuation Pause) 355M->357M(512M) 10.614ms
[2020-08-01T12:24:09.294+0300][36.806s][info ][gc] GC(1566) Pause Young (Normal) (G1 Evacuation Pause) 378M->380M(512M) 10.349ms
[2020-08-01T12:24:09.313+0300][36.826s][info ][gc] GC(1567) Pause Young (Normal) (G1 Evacuation Pause) 401M->402M(512M) 10.662ms
[2020-08-01T12:24:09.334+0300][36.847s][info ][gc] GC(1568) Pause Young (Normal) (G1 Evacuation Pause) 423M->425M(512M) 12.429ms
[2020-08-01T12:24:09.358+0300][36.871s][info ][gc] GC(1569) Pause Young (Normal) (G1 Evacuation Pause) 466M->467M(512M) 10.504ms
[2020-08-01T12:24:09.384+0300][36.897s][info ][gc] GC(1570) To-space exhausted
[2020-08-01T12:24:09.384+0300][36.897s][info ][gc] GC(1570) Pause Young (Normal) (G1 Evacuation Pause) 488M->495M(512M) 16.979ms
[2020-08-01T12:24:09.417+0300][36.930s][info ][gc] GC(1571) To-space exhausted
[2020-08-01T12:24:09.417+0300][36.930s][info ][gc] GC(1571) Pause Young (Normal) (G1 Evacuation Pause) 508M->508M(512M) 26.825ms
[2020-08-01T12:24:09.418+0300][36.931s][debug][gc] GC(1572) Clear Next Bitmap 0.337ms
[2020-08-01T12:24:09.466+0300][36.979s][info ][gc] GC(1572) Pause Full (G1 Evacuation Pause) 508M->76M(512M) 48.582ms
[2020-08-01T12:24:09.466+0300][36.979s][info ][gc] GC(1562) Concurrent Cycle 256.088ms
[2020-08-01T12:24:09.492+0300][37.005s][info ][gc] GC(1573) Pause Young (Normal) (G1 Evacuation Pause) 104M->104M(512M) 13.643ms
[2020-08-01T12:24:09.517+0300][37.030s][info ][gc] GC(1574) Pause Young (Normal) (G1 Evacuation Pause) 128M->130M(512M) 15.191ms
[2020-08-01T12:24:09.539+0300][37.052s][info ][gc] GC(1575) Pause Young (Normal) (G1 Evacuation Pause) 171M->172M(512M) 10.503ms
[2020-08-01T12:24:09.558+0300][37.071s][info ][gc] GC(1576) Pause Young (Normal) (G1 Evacuation Pause) 193M->194M(512M) 10.487ms
[2020-08-01T12:24:09.577+0300][37.090s][info ][gc] GC(1577) Pause Young (Normal) (G1 Evacuation Pause) 215M->217M(512M) 10.475ms
[2020-08-01T12:24:09.597+0300][37.110s][info ][gc] GC(1578) Pause Young (Normal) (G1 Evacuation Pause) 238M->239M(512M) 10.605ms
[2020-08-01T12:24:09.617+0300][37.129s][info ][gc] GC(1579) Pause Young (Concurrent Start) (G1 Evacuation Pause) 260M->261M(512M) 10.872ms
[2020-08-01T12:24:09.617+0300][37.130s][info ][gc] GC(1580) Concurrent Cycle
[2020-08-01T12:24:09.640+0300][37.153s][info ][gc] GC(1581) Pause Young (Normal) (G1 Evacuation Pause) 302M->303M(512M) 10.228ms
[2020-08-01T12:24:09.661+0300][37.174s][info ][gc] GC(1582) Pause Young (Normal) (G1 Evacuation Pause) 324M->326M(512M) 10.457ms
[2020-08-01T12:24:09.681+0300][37.194s][info ][gc] GC(1583) Pause Young (Normal) (G1 Evacuation Pause) 347M->349M(512M) 10.828ms
[2020-08-01T12:24:09.701+0300][37.214s][info ][gc] GC(1584) Pause Young (Normal) (G1 Evacuation Pause) 370M->371M(512M) 11.077ms
[2020-08-01T12:24:09.720+0300][37.233s][info ][gc] GC(1585) Pause Young (Normal) (G1 Evacuation Pause) 392M->393M(512M) 10.346ms
[2020-08-01T12:24:09.739+0300][37.252s][info ][gc] GC(1586) Pause Young (Normal) (G1 Evacuation Pause) 414M->416M(512M) 9.715ms
[2020-08-01T12:24:09.762+0300][37.275s][info ][gc] GC(1587) Pause Young (Normal) (G1 Evacuation Pause) 457M->458M(512M) 11.842ms
[2020-08-01T12:24:09.782+0300][37.295s][info ][gc] GC(1588) Pause Young (Normal) (G1 Evacuation Pause) 479M->480M(512M) 10.707ms
[2020-08-01T12:24:09.820+0300][37.333s][info ][gc] GC(1589) To-space exhausted
[2020-08-01T12:24:09.820+0300][37.333s][info ][gc] GC(1589) Pause Young (Normal) (G1 Evacuation Pause) 501M->508M(512M) 29.547ms
[2020-08-01T12:24:09.832+0300][37.345s][info ][gc] GC(1590) To-space exhausted
[2020-08-01T12:24:09.832+0300][37.345s][info ][gc] GC(1590) Pause Young (Normal) (G1 Evacuation Pause) 509M->509M(512M) 10.628ms
[2020-08-01T12:24:09.833+0300][37.345s][debug][gc] GC(1591) Clear Next Bitmap 0.395ms
[2020-08-01T12:24:09.882+0300][37.395s][info ][gc] GC(1591) Pause Full (G1 Evacuation Pause) 509M->78M(512M) 50.347ms
[2020-08-01T12:24:09.883+0300][37.396s][info ][gc] GC(1580) Concurrent Cycle 266.129ms
[2020-08-01T12:24:09.906+0300][37.419s][info ][gc] GC(1592) Pause Young (Normal) (G1 Evacuation Pause) 105M->105M(512M) 12.228ms
[2020-08-01T12:24:09.928+0300][37.441s][info ][gc] GC(1593) Pause Young (Normal) (G1 Evacuation Pause) 130M->131M(512M) 12.133ms
[2020-08-01T12:24:09.949+0300][37.462s][info ][gc] GC(1594) Pause Young (Normal) (G1 Evacuation Pause) 172M->174M(512M) 11.098ms
[2020-08-01T12:24:09.968+0300][37.481s][info ][gc] GC(1595) Pause Young (Normal) (G1 Evacuation Pause) 195M->196M(512M) 10.499ms
[2020-08-01T12:24:09.987+0300][37.500s][info ][gc] GC(1596) Pause Young (Normal) (G1 Evacuation Pause) 217M->219M(512M) 10.251ms
[2020-08-01T12:24:10.006+0300][37.519s][info ][gc] GC(1597) Pause Young (Normal) (G1 Evacuation Pause) 240M->241M(512M) 10.800ms
[2020-08-01T12:24:10.025+0300][37.538s][info ][gc] GC(1598) Pause Young (Concurrent Start) (G1 Evacuation Pause) 262M->264M(512M) 10.357ms
[2020-08-01T12:24:10.026+0300][37.538s][info ][gc] GC(1599) Concurrent Cycle
[2020-08-01T12:24:10.051+0300][37.563s][info ][gc] GC(1600) Pause Young (Normal) (G1 Evacuation Pause) 305M->306M(512M) 11.869ms
[2020-08-01T12:24:10.070+0300][37.583s][info ][gc] GC(1601) Pause Young (Normal) (G1 Evacuation Pause) 327M->329M(512M) 10.224ms
[2020-08-01T12:24:10.089+0300][37.602s][info ][gc] GC(1602) Pause Young (Normal) (G1 Evacuation Pause) 350M->351M(512M) 10.105ms
[2020-08-01T12:24:10.109+0300][37.622s][info ][gc] GC(1603) Pause Young (Normal) (G1 Evacuation Pause) 372M->373M(512M) 10.493ms
[2020-08-01T12:24:10.129+0300][37.642s][info ][gc] GC(1604) Pause Young (Normal) (G1 Evacuation Pause) 395M->396M(512M) 10.570ms
[2020-08-01T12:24:10.149+0300][37.661s][info ][gc] GC(1605) Pause Young (Normal) (G1 Evacuation Pause) 417M->419M(512M) 10.471ms
[2020-08-01T12:24:10.171+0300][37.683s][info ][gc] GC(1606) Pause Young (Normal) (G1 Evacuation Pause) 460M->461M(512M) 10.324ms
[2020-08-01T12:24:10.190+0300][37.703s][info ][gc] GC(1607) Pause Young (Normal) (G1 Evacuation Pause) 482M->484M(512M) 10.476ms
[2020-08-01T12:24:10.230+0300][37.743s][info ][gc] GC(1608) To-space exhausted
[2020-08-01T12:24:10.230+0300][37.743s][info ][gc] GC(1608) Pause Young (Normal) (G1 Evacuation Pause) 505M->508M(512M) 31.192ms
[2020-08-01T12:24:10.240+0300][37.753s][info ][gc] GC(1609) To-space exhausted
[2020-08-01T12:24:10.240+0300][37.753s][info ][gc] GC(1609) Pause Young (Normal) (G1 Evacuation Pause) 510M->510M(512M) 8.441ms
[2020-08-01T12:24:10.241+0300][37.754s][debug][gc] GC(1610) Clear Next Bitmap 0.378ms
[2020-08-01T12:24:10.295+0300][37.808s][info ][gc] GC(1610) Pause Full (G1 Evacuation Pause) 510M->82M(512M) 54.241ms
[2020-08-01T12:24:10.295+0300][37.808s][info ][gc] GC(1599) Concurrent Cycle 269.368ms
[2020-08-01T12:24:10.318+0300][37.831s][info ][gc] GC(1611) Pause Young (Normal) (G1 Evacuation Pause) 110M->110M(512M) 12.273ms
[2020-08-01T12:24:10.341+0300][37.854s][info ][gc] GC(1612) Pause Young (Normal) (G1 Evacuation Pause) 135M->137M(512M) 13.127ms
[2020-08-01T12:24:10.362+0300][37.875s][info ][gc] GC(1613) Pause Young (Normal) (G1 Evacuation Pause) 178M->180M(512M) 10.620ms
[2020-08-01T12:24:10.382+0300][37.895s][info ][gc] GC(1614) Pause Young (Normal) (G1 Evacuation Pause) 201M->202M(512M) 11.245ms
[2020-08-01T12:24:10.401+0300][37.914s][info ][gc] GC(1615) Pause Young (Normal) (G1 Evacuation Pause) 223M->224M(512M) 10.685ms
[2020-08-01T12:24:10.422+0300][37.935s][info ][gc] GC(1616) Pause Young (Normal) (G1 Evacuation Pause) 245M->247M(512M) 11.911ms
[2020-08-01T12:24:10.442+0300][37.955s][info ][gc] GC(1617) Pause Young (Concurrent Start) (G1 Evacuation Pause) 268M->269M(512M) 10.828ms
[2020-08-01T12:24:10.443+0300][37.955s][info ][gc] GC(1618) Concurrent Cycle
[2020-08-01T12:24:10.472+0300][37.985s][info ][gc] GC(1619) Pause Young (Normal) (G1 Evacuation Pause) 310M->311M(512M) 12.326ms
[2020-08-01T12:24:10.492+0300][38.005s][info ][gc] GC(1620) Pause Young (Normal) (G1 Evacuation Pause) 332M->334M(512M) 10.449ms
[2020-08-01T12:24:10.512+0300][38.024s][info ][gc] GC(1621) Pause Young (Normal) (G1 Evacuation Pause) 355M->356M(512M) 10.516ms
[2020-08-01T12:24:10.531+0300][38.044s][info ][gc] GC(1622) Pause Young (Normal) (G1 Evacuation Pause) 377M->379M(512M) 10.454ms
[2020-08-01T12:24:10.551+0300][38.064s][info ][gc] GC(1623) Pause Young (Normal) (G1 Evacuation Pause) 400M->401M(512M) 11.003ms
[2020-08-01T12:24:10.570+0300][38.083s][info ][gc] GC(1624) Pause Young (Normal) (G1 Evacuation Pause) 422M->423M(512M) 10.501ms
[2020-08-01T12:24:10.592+0300][38.105s][info ][gc] GC(1625) Pause Young (Normal) (G1 Evacuation Pause) 464M->466M(512M) 10.433ms
[2020-08-01T12:24:10.615+0300][38.128s][info ][gc] GC(1626) To-space exhausted
[2020-08-01T12:24:10.615+0300][38.128s][info ][gc] GC(1626) Pause Young (Normal) (G1 Evacuation Pause) 487M->494M(512M) 14.383ms
[2020-08-01T12:24:10.652+0300][38.165s][info ][gc] GC(1627) To-space exhausted
[2020-08-01T12:24:10.652+0300][38.165s][info ][gc] GC(1627) Pause Young (Normal) (G1 Evacuation Pause) 508M->508M(512M) 27.887ms
[2020-08-01T12:24:10.653+0300][38.166s][debug][gc] GC(1628) Clear Next Bitmap 0.338ms
[2020-08-01T12:24:10.704+0300][38.217s][info ][gc] GC(1628) Pause Full (G1 Evacuation Pause) 508M->77M(512M) 51.828ms
[2020-08-01T12:24:10.705+0300][38.218s][info ][gc] GC(1618) Concurrent Cycle 262.925ms
[2020-08-01T12:24:10.730+0300][38.242s][info ][gc] GC(1629) Pause Young (Normal) (G1 Evacuation Pause) 105M->106M(512M) 12.641ms
[2020-08-01T12:24:10.752+0300][38.265s][info ][gc] GC(1630) Pause Young (Normal) (G1 Evacuation Pause) 131M->131M(512M) 12.672ms
[2020-08-01T12:24:10.775+0300][38.287s][info ][gc] GC(1631) Pause Young (Normal) (G1 Evacuation Pause) 172M->174M(512M) 11.239ms
[2020-08-01T12:24:10.793+0300][38.306s][info ][gc] GC(1632) Pause Young (Normal) (G1 Evacuation Pause) 195M->196M(512M) 9.872ms
[2020-08-01T12:24:10.813+0300][38.326s][info ][gc] GC(1633) Pause Young (Normal) (G1 Evacuation Pause) 217M->218M(512M) 11.980ms
[2020-08-01T12:24:10.833+0300][38.346s][info ][gc] GC(1634) Pause Young (Normal) (G1 Evacuation Pause) 239M->241M(512M) 11.333ms
[2020-08-01T12:24:10.852+0300][38.365s][info ][gc] GC(1635) Pause Young (Concurrent Start) (G1 Evacuation Pause) 262M->263M(512M) 11.024ms
[2020-08-01T12:24:10.852+0300][38.365s][info ][gc] GC(1636) Concurrent Cycle
[2020-08-01T12:24:10.875+0300][38.388s][info ][gc] GC(1637) Pause Young (Normal) (G1 Evacuation Pause) 304M->305M(512M) 10.554ms
[2020-08-01T12:24:10.895+0300][38.408s][info ][gc] GC(1638) Pause Young (Normal) (G1 Evacuation Pause) 326M->328M(512M) 10.425ms
[2020-08-01T12:24:10.914+0300][38.427s][info ][gc] GC(1639) Pause Young (Normal) (G1 Evacuation Pause) 349M->350M(512M) 10.467ms
[2020-08-01T12:24:10.934+0300][38.447s][info ][gc] GC(1640) Pause Young (Normal) (G1 Evacuation Pause) 371M->372M(512M) 10.762ms
[2020-08-01T12:24:10.953+0300][38.465s][info ][gc] GC(1641) Pause Young (Normal) (G1 Evacuation Pause) 393M->395M(512M) 10.120ms
[2020-08-01T12:24:10.972+0300][38.485s][info ][gc] GC(1642) Pause Young (Normal) (G1 Evacuation Pause) 416M->417M(512M) 10.439ms
[2020-08-01T12:24:10.994+0300][38.507s][info ][gc] GC(1643) Pause Young (Normal) (G1 Evacuation Pause) 458M->460M(512M) 10.498ms
[2020-08-01T12:24:11.013+0300][38.526s][info ][gc] GC(1644) Pause Young (Normal) (G1 Evacuation Pause) 481M->483M(512M) 10.419ms
[2020-08-01T12:24:11.054+0300][38.567s][info ][gc] GC(1645) To-space exhausted
[2020-08-01T12:24:11.055+0300][38.567s][info ][gc] GC(1645) Pause Young (Normal) (G1 Evacuation Pause) 504M->507M(512M) 33.094ms
[2020-08-01T12:24:11.063+0300][38.576s][info ][gc] GC(1646) To-space exhausted
[2020-08-01T12:24:11.064+0300][38.576s][info ][gc] GC(1646) Pause Young (Normal) (G1 Evacuation Pause) 509M->509M(512M) 8.008ms
[2020-08-01T12:24:11.064+0300][38.577s][debug][gc] GC(1647) Clear Next Bitmap 0.321ms
[2020-08-01T12:24:11.117+0300][38.630s][info ][gc] GC(1647) Pause Full (G1 Evacuation Pause) 509M->82M(512M) 53.310ms
[2020-08-01T12:24:11.117+0300][38.630s][info ][gc] GC(1636) Concurrent Cycle 264.680ms
[2020-08-01T12:24:11.138+0300][38.651s][info ][gc] GC(1648) Pause Young (Normal) (G1 Evacuation Pause) 108M->108M(512M) 10.733ms
[2020-08-01T12:24:11.159+0300][38.672s][info ][gc] GC(1649) Pause Young (Normal) (G1 Evacuation Pause) 132M->133M(512M) 11.406ms
[2020-08-01T12:24:11.182+0300][38.694s][info ][gc] GC(1650) Pause Young (Normal) (G1 Evacuation Pause) 174M->175M(512M) 10.379ms
[2020-08-01T12:24:11.201+0300][38.714s][info ][gc] GC(1651) Pause Young (Normal) (G1 Evacuation Pause) 196M->198M(512M) 10.671ms
[2020-08-01T12:24:11.220+0300][38.732s][info ][gc] GC(1652) Pause Young (Normal) (G1 Evacuation Pause) 219M->220M(512M) 10.427ms
[2020-08-01T12:24:11.239+0300][38.752s][info ][gc] GC(1653) Pause Young (Normal) (G1 Evacuation Pause) 241M->243M(512M) 10.594ms
[2020-08-01T12:24:11.257+0300][38.770s][info ][gc] GC(1654) Pause Young (Concurrent Start) (G1 Evacuation Pause) 264M->265M(512M) 9.838ms
[2020-08-01T12:24:11.257+0300][38.770s][info ][gc] GC(1655) Concurrent Cycle
[2020-08-01T12:24:11.281+0300][38.794s][info ][gc] GC(1656) Pause Young (Normal) (G1 Evacuation Pause) 307M->309M(512M) 12.224ms
[2020-08-01T12:24:11.301+0300][38.814s][info ][gc] GC(1657) Pause Young (Normal) (G1 Evacuation Pause) 330M->331M(512M) 11.183ms
[2020-08-01T12:24:11.320+0300][38.833s][info ][gc] GC(1658) Pause Young (Normal) (G1 Evacuation Pause) 352M->353M(512M) 10.493ms
[2020-08-01T12:24:11.341+0300][38.854s][info ][gc] GC(1659) Pause Young (Normal) (G1 Evacuation Pause) 374M->376M(512M) 11.155ms
[2020-08-01T12:24:11.361+0300][38.874s][info ][gc] GC(1660) Pause Young (Normal) (G1 Evacuation Pause) 397M->398M(512M) 10.854ms
[2020-08-01T12:24:11.382+0300][38.895s][info ][gc] GC(1661) Pause Young (Normal) (G1 Evacuation Pause) 419M->420M(512M) 10.958ms
[2020-08-01T12:24:11.408+0300][38.921s][info ][gc] GC(1662) Pause Young (Normal) (G1 Evacuation Pause) 461M->462M(512M) 13.308ms
[2020-08-01T12:24:11.429+0300][38.942s][info ][gc] GC(1663) To-space exhausted
[2020-08-01T12:24:11.429+0300][38.942s][info ][gc] GC(1663) Pause Young (Normal) (G1 Evacuation Pause) 483M->488M(512M) 11.437ms
[2020-08-01T12:24:11.472+0300][38.985s][info ][gc] GC(1664) To-space exhausted
[2020-08-01T12:24:11.472+0300][38.985s][info ][gc] GC(1664) Pause Young (Normal) (G1 Evacuation Pause) 508M->508M(512M) 34.438ms
[2020-08-01T12:24:11.473+0300][38.986s][debug][gc] GC(1665) Clear Next Bitmap 0.309ms
[2020-08-01T12:24:11.525+0300][39.037s][info ][gc] GC(1665) Pause Full (G1 Evacuation Pause) 508M->81M(512M) 52.250ms
[2020-08-01T12:24:11.525+0300][39.038s][info ][gc] GC(1655) Concurrent Cycle 267.741ms
[2020-08-01T12:24:11.549+0300][39.062s][info ][gc] GC(1666) Pause Young (Normal) (G1 Evacuation Pause) 109M->109M(512M) 12.332ms
[2020-08-01T12:24:11.571+0300][39.084s][info ][gc] GC(1667) Pause Young (Normal) (G1 Evacuation Pause) 134M->136M(512M) 11.465ms
[2020-08-01T12:24:11.592+0300][39.105s][info ][gc] GC(1668) Pause Young (Normal) (G1 Evacuation Pause) 177M->178M(512M) 10.475ms
[2020-08-01T12:24:11.612+0300][39.125s][info ][gc] GC(1669) Pause Young (Normal) (G1 Evacuation Pause) 199M->201M(512M) 10.852ms
[2020-08-01T12:24:11.633+0300][39.146s][info ][gc] GC(1670) Pause Young (Normal) (G1 Evacuation Pause) 222M->224M(512M) 12.389ms
[2020-08-01T12:24:11.652+0300][39.165s][info ][gc] GC(1671) Pause Young (Normal) (G1 Evacuation Pause) 245M->247M(512M) 10.547ms
[2020-08-01T12:24:11.674+0300][39.187s][info ][gc] GC(1672) Pause Young (Concurrent Start) (G1 Evacuation Pause) 268M->270M(512M) 12.610ms
[2020-08-01T12:24:11.674+0300][39.187s][info ][gc] GC(1673) Concurrent Cycle
[2020-08-01T12:24:11.697+0300][39.210s][info ][gc] GC(1674) Pause Young (Normal) (G1 Evacuation Pause) 311M->312M(512M) 10.873ms
[2020-08-01T12:24:11.716+0300][39.229s][info ][gc] GC(1675) Pause Young (Normal) (G1 Evacuation Pause) 333M->335M(512M) 10.912ms
[2020-08-01T12:24:11.735+0300][39.248s][info ][gc] GC(1676) Pause Young (Normal) (G1 Evacuation Pause) 356M->358M(512M) 10.405ms
[2020-08-01T12:24:11.755+0300][39.268s][info ][gc] GC(1677) Pause Young (Normal) (G1 Evacuation Pause) 379M->381M(512M) 10.381ms
[2020-08-01T12:24:11.774+0300][39.287s][info ][gc] GC(1678) Pause Young (Normal) (G1 Evacuation Pause) 402M->403M(512M) 10.138ms
[2020-08-01T12:24:11.793+0300][39.306s][info ][gc] GC(1679) Pause Young (Normal) (G1 Evacuation Pause) 424M->426M(512M) 10.193ms
[2020-08-01T12:24:11.818+0300][39.331s][info ][gc] GC(1680) Pause Young (Normal) (G1 Evacuation Pause) 467M->468M(512M) 11.738ms
[2020-08-01T12:24:11.846+0300][39.359s][info ][gc] GC(1681) To-space exhausted
[2020-08-01T12:24:11.846+0300][39.359s][info ][gc] GC(1681) Pause Young (Normal) (G1 Evacuation Pause) 489M->498M(512M) 18.976ms
[2020-08-01T12:24:11.872+0300][39.384s][info ][gc] GC(1682) To-space exhausted
[2020-08-01T12:24:11.872+0300][39.385s][info ][gc] GC(1682) Pause Young (Normal) (G1 Evacuation Pause) 508M->508M(512M) 21.105ms
[2020-08-01T12:24:11.872+0300][39.385s][debug][gc] GC(1683) Clear Next Bitmap 0.359ms
[2020-08-01T12:24:11.917+0300][39.429s][info ][gc] GC(1683) Pause Full (G1 Evacuation Pause) 508M->72M(512M) 44.797ms
[2020-08-01T12:24:11.917+0300][39.430s][info ][gc] GC(1673) Concurrent Cycle 242.954ms
[2020-08-01T12:24:11.937+0300][39.450s][info ][gc] GC(1684) Pause Young (Normal) (G1 Evacuation Pause) 99M->99M(512M) 10.039ms
[2020-08-01T12:24:11.960+0300][39.473s][info ][gc] GC(1685) Pause Young (Normal) (G1 Evacuation Pause) 125M->127M(512M) 11.806ms
[2020-08-01T12:24:11.981+0300][39.494s][info ][gc] GC(1686) Pause Young (Normal) (G1 Evacuation Pause) 169M->170M(512M) 11.297ms
[2020-08-01T12:24:12.001+0300][39.514s][info ][gc] GC(1687) Pause Young (Normal) (G1 Evacuation Pause) 191M->193M(512M) 11.082ms
[2020-08-01T12:24:12.020+0300][39.533s][info ][gc] GC(1688) Pause Young (Normal) (G1 Evacuation Pause) 214M->215M(512M) 10.573ms
[2020-08-01T12:24:12.039+0300][39.552s][info ][gc] GC(1689) Pause Young (Normal) (G1 Evacuation Pause) 236M->237M(512M) 10.214ms
[2020-08-01T12:24:12.058+0300][39.570s][info ][gc] GC(1690) Pause Young (Concurrent Start) (G1 Evacuation Pause) 258M->260M(512M) 9.838ms
[2020-08-01T12:24:12.058+0300][39.570s][info ][gc] GC(1691) Concurrent Cycle
[2020-08-01T12:24:12.081+0300][39.594s][info ][gc] GC(1692) Pause Young (Normal) (G1 Evacuation Pause) 301M->302M(512M) 10.878ms
[2020-08-01T12:24:12.100+0300][39.613s][info ][gc] GC(1693) Pause Young (Normal) (G1 Evacuation Pause) 323M->325M(512M) 10.899ms
[2020-08-01T12:24:12.119+0300][39.632s][info ][gc] GC(1694) Pause Young (Normal) (G1 Evacuation Pause) 346M->347M(512M) 10.309ms
[2020-08-01T12:24:12.139+0300][39.652s][info ][gc] GC(1695) Pause Young (Normal) (G1 Evacuation Pause) 368M->369M(512M) 10.778ms
[2020-08-01T12:24:12.159+0300][39.672s][info ][gc] GC(1696) Pause Young (Normal) (G1 Evacuation Pause) 390M->391M(512M) 10.593ms
[2020-08-01T12:24:12.179+0300][39.691s][info ][gc] GC(1697) Pause Young (Normal) (G1 Evacuation Pause) 412M->414M(512M) 10.720ms
[2020-08-01T12:24:12.202+0300][39.715s][info ][gc] GC(1698) Pause Young (Normal) (G1 Evacuation Pause) 455M->457M(512M) 10.987ms
[2020-08-01T12:24:12.222+0300][39.735s][info ][gc] GC(1699) Pause Young (Normal) (G1 Evacuation Pause) 478M->479M(512M) 10.605ms
[2020-08-01T12:24:12.260+0300][39.773s][info ][gc] GC(1700) To-space exhausted
[2020-08-01T12:24:12.260+0300][39.773s][info ][gc] GC(1700) Pause Young (Normal) (G1 Evacuation Pause) 500M->507M(512M) 29.014ms
[2020-08-01T12:24:12.272+0300][39.785s][info ][gc] GC(1701) To-space exhausted
[2020-08-01T12:24:12.272+0300][39.785s][info ][gc] GC(1701) Pause Young (Normal) (G1 Evacuation Pause) 509M->509M(512M) 9.595ms
[2020-08-01T12:24:12.273+0300][39.786s][debug][gc] GC(1702) Clear Next Bitmap 0.459ms
[2020-08-01T12:24:12.319+0300][39.832s][info ][gc] GC(1702) Pause Full (G1 Evacuation Pause) 509M->77M(512M) 46.870ms
[2020-08-01T12:24:12.320+0300][39.832s][info ][gc] GC(1691) Pause Remark 78M->78M(512M) 0.002ms
[2020-08-01T12:24:12.320+0300][39.832s][info ][gc] GC(1691) Concurrent Cycle 262.023ms
[2020-08-01T12:24:12.343+0300][39.856s][info ][gc] GC(1703) Pause Young (Normal) (G1 Evacuation Pause) 105M->105M(512M) 11.954ms
[2020-08-01T12:24:12.365+0300][39.878s][info ][gc] GC(1704) Pause Young (Normal) (G1 Evacuation Pause) 131M->133M(512M) 12.256ms
[2020-08-01T12:24:12.389+0300][39.902s][info ][gc] GC(1705) Pause Young (Normal) (G1 Evacuation Pause) 175M->176M(512M) 10.742ms
[2020-08-01T12:24:12.411+0300][39.924s][info ][gc] GC(1706) Pause Young (Normal) (G1 Evacuation Pause) 198M->199M(512M) 12.439ms
[2020-08-01T12:24:12.433+0300][39.946s][info ][gc] GC(1707) Pause Young (Normal) (G1 Evacuation Pause) 220M->221M(512M) 13.081ms
[2020-08-01T12:24:12.453+0300][39.965s][info ][gc] GC(1708) Pause Young (Normal) (G1 Evacuation Pause) 242M->244M(512M) 10.840ms
[2020-08-01T12:24:12.471+0300][39.984s][info ][gc] GC(1709) Pause Young (Concurrent Start) (G1 Evacuation Pause) 265M->266M(512M) 9.894ms
[2020-08-01T12:24:12.471+0300][39.984s][info ][gc] GC(1710) Concurrent Cycle
[2020-08-01T12:24:12.493+0300][40.006s][info ][gc] GC(1711) Pause Young (Normal) (G1 Evacuation Pause) 307M->308M(512M) 10.171ms
[2020-08-01T12:24:12.512+0300][40.025s][info ][gc] GC(1712) Pause Young (Normal) (G1 Evacuation Pause) 329M->330M(512M) 10.683ms
[2020-08-01T12:24:12.531+0300][40.044s][info ][gc] GC(1713) Pause Young (Normal) (G1 Evacuation Pause) 351M->352M(512M) 10.325ms
[2020-08-01T12:24:12.551+0300][40.064s][info ][gc] GC(1714) Pause Young (Normal) (G1 Evacuation Pause) 373M->374M(512M) 11.123ms
[2020-08-01T12:24:12.571+0300][40.084s][info ][gc] GC(1715) Pause Young (Normal) (G1 Evacuation Pause) 395M->397M(512M) 10.491ms
[2020-08-01T12:24:12.591+0300][40.104s][info ][gc] GC(1716) Pause Young (Normal) (G1 Evacuation Pause) 418M->419M(512M) 10.705ms
[2020-08-01T12:24:12.616+0300][40.129s][info ][gc] GC(1717) Pause Young (Normal) (G1 Evacuation Pause) 460M->462M(512M) 11.149ms
[2020-08-01T12:24:12.636+0300][40.149s][info ][gc] GC(1718) To-space exhausted
[2020-08-01T12:24:12.637+0300][40.149s][info ][gc] GC(1718) Pause Young (Normal) (G1 Evacuation Pause) 483M->490M(512M) 11.818ms
[2020-08-01T12:24:12.681+0300][40.194s][info ][gc] GC(1719) To-space exhausted
[2020-08-01T12:24:12.681+0300][40.194s][info ][gc] GC(1719) Pause Young (Normal) (G1 Evacuation Pause) 508M->508M(512M) 35.727ms
[2020-08-01T12:24:12.681+0300][40.194s][debug][gc] GC(1720) Clear Next Bitmap 0.248ms
[2020-08-01T12:24:12.730+0300][40.243s][info ][gc] GC(1720) Pause Full (G1 Evacuation Pause) 508M->80M(512M) 49.161ms
[2020-08-01T12:24:12.730+0300][40.243s][info ][gc] GC(1710) Concurrent Cycle 259.300ms
[2020-08-01T12:24:12.751+0300][40.264s][info ][gc] GC(1721) Pause Young (Normal) (G1 Evacuation Pause) 106M->106M(512M) 10.513ms
[2020-08-01T12:24:12.773+0300][40.285s][info ][gc] GC(1722) Pause Young (Normal) (G1 Evacuation Pause) 130M->131M(512M) 11.928ms
[2020-08-01T12:24:12.796+0300][40.309s][info ][gc] GC(1723) Pause Young (Normal) (G1 Evacuation Pause) 172M->174M(512M) 11.664ms
[2020-08-01T12:24:12.816+0300][40.329s][info ][gc] GC(1724) Pause Young (Normal) (G1 Evacuation Pause) 195M->196M(512M) 11.132ms
[2020-08-01T12:24:12.835+0300][40.348s][info ][gc] GC(1725) Pause Young (Normal) (G1 Evacuation Pause) 217M->219M(512M) 10.625ms
[2020-08-01T12:24:12.856+0300][40.368s][info ][gc] GC(1726) Pause Young (Normal) (G1 Evacuation Pause) 240M->242M(512M) 11.468ms
[2020-08-01T12:24:12.875+0300][40.388s][info ][gc] GC(1727) Pause Young (Concurrent Start) (G1 Evacuation Pause) 263M->265M(512M) 10.878ms
[2020-08-01T12:24:12.875+0300][40.388s][info ][gc] GC(1728) Concurrent Cycle
[2020-08-01T12:24:12.898+0300][40.411s][info ][gc] GC(1729) Pause Young (Normal) (G1 Evacuation Pause) 306M->308M(512M) 10.800ms
[2020-08-01T12:24:12.917+0300][40.430s][info ][gc] GC(1730) Pause Young (Normal) (G1 Evacuation Pause) 329M->330M(512M) 10.663ms
[2020-08-01T12:24:12.937+0300][40.450s][info ][gc] GC(1731) Pause Young (Normal) (G1 Evacuation Pause) 351M->353M(512M) 10.871ms
[2020-08-01T12:24:12.957+0300][40.470s][info ][gc] GC(1732) Pause Young (Normal) (G1 Evacuation Pause) 374M->375M(512M) 10.992ms
[2020-08-01T12:24:12.976+0300][40.489s][info ][gc] GC(1733) Pause Young (Normal) (G1 Evacuation Pause) 396M->397M(512M) 10.649ms
[2020-08-01T12:24:12.995+0300][40.508s][info ][gc] GC(1734) Pause Young (Normal) (G1 Evacuation Pause) 418M->420M(512M) 10.466ms
[2020-08-01T12:24:13.022+0300][40.535s][info ][gc] GC(1735) Pause Young (Normal) (G1 Evacuation Pause) 461M->463M(512M) 12.707ms
[2020-08-01T12:24:13.043+0300][40.556s][info ][gc] GC(1736) To-space exhausted
[2020-08-01T12:24:13.043+0300][40.556s][info ][gc] GC(1736) Pause Young (Normal) (G1 Evacuation Pause) 484M->486M(512M) 12.293ms
[2020-08-01T12:24:13.087+0300][40.600s][info ][gc] GC(1737) To-space exhausted
[2020-08-01T12:24:13.087+0300][40.600s][info ][gc] GC(1737) Pause Young (Normal) (G1 Evacuation Pause) 507M->509M(512M) 34.662ms
[2020-08-01T12:24:13.088+0300][40.601s][debug][gc] GC(1738) Clear Next Bitmap 0.291ms
[2020-08-01T12:24:13.136+0300][40.649s][info ][gc] GC(1738) Pause Full (G1 Evacuation Pause) 509M->79M(512M) 48.900ms
[2020-08-01T12:24:13.136+0300][40.649s][info ][gc] GC(1728) Concurrent Cycle 261.170ms
[2020-08-01T12:24:13.157+0300][40.670s][info ][gc] GC(1739) Pause Young (Normal) (G1 Evacuation Pause) 105M->106M(512M) 10.307ms
[2020-08-01T12:24:13.180+0300][40.693s][info ][gc] GC(1740) Pause Young (Normal) (G1 Evacuation Pause) 131M->132M(512M) 12.672ms
[2020-08-01T12:24:13.202+0300][40.715s][info ][gc] GC(1741) Pause Young (Normal) (G1 Evacuation Pause) 173M->175M(512M) 11.160ms
[2020-08-01T12:24:13.221+0300][40.733s][info ][gc] GC(1742) Pause Young (Normal) (G1 Evacuation Pause) 196M->198M(512M) 9.898ms
[2020-08-01T12:24:13.241+0300][40.754s][info ][gc] GC(1743) Pause Young (Normal) (G1 Evacuation Pause) 219M->220M(512M) 11.234ms
[2020-08-01T12:24:13.260+0300][40.773s][info ][gc] GC(1744) Pause Young (Normal) (G1 Evacuation Pause) 241M->243M(512M) 10.411ms
[2020-08-01T12:24:13.279+0300][40.792s][info ][gc] GC(1745) Pause Young (Concurrent Start) (G1 Evacuation Pause) 264M->265M(512M) 11.063ms
[2020-08-01T12:24:13.280+0300][40.792s][info ][gc] GC(1746) Concurrent Cycle
[2020-08-01T12:24:13.303+0300][40.816s][info ][gc] GC(1747) Pause Young (Normal) (G1 Evacuation Pause) 306M->308M(512M) 10.398ms
[2020-08-01T12:24:13.322+0300][40.834s][info ][gc] GC(1748) Pause Young (Normal) (G1 Evacuation Pause) 329M->330M(512M) 10.344ms
[2020-08-01T12:24:13.342+0300][40.855s][info ][gc] GC(1749) Pause Young (Normal) (G1 Evacuation Pause) 351M->352M(512M) 10.994ms
[2020-08-01T12:24:13.362+0300][40.874s][info ][gc] GC(1750) Pause Young (Normal) (G1 Evacuation Pause) 374M->376M(512M) 10.511ms
[2020-08-01T12:24:13.381+0300][40.894s][info ][gc] GC(1751) Pause Young (Normal) (G1 Evacuation Pause) 398M->399M(512M) 10.858ms
[2020-08-01T12:24:13.401+0300][40.914s][info ][gc] GC(1752) Pause Young (Normal) (G1 Evacuation Pause) 420M->421M(512M) 10.418ms
[2020-08-01T12:24:13.428+0300][40.941s][info ][gc] GC(1753) Pause Young (Normal) (G1 Evacuation Pause) 462M->464M(512M) 11.335ms
[2020-08-01T12:24:13.452+0300][40.965s][info ][gc] GC(1754) To-space exhausted
[2020-08-01T12:24:13.452+0300][40.965s][info ][gc] GC(1754) Pause Young (Normal) (G1 Evacuation Pause) 485M->491M(512M) 14.471ms
[2020-08-01T12:24:13.462+0300][40.975s][debug][gc] GC(1746) Reclaimed 132 empty regions
[2020-08-01T12:24:13.462+0300][40.975s][info ][gc] GC(1746) Pause Remark 508M->379M(512M) 0.705ms
[2020-08-01T12:24:13.474+0300][40.987s][info ][gc] GC(1755) Pause Young (Normal) (G1 Evacuation Pause) 383M->384M(512M) 10.545ms
[2020-08-01T12:24:13.499+0300][41.012s][info ][gc] GC(1756) Pause Young (Normal) (G1 Evacuation Pause) 405M->406M(512M) 10.268ms
[2020-08-01T12:24:13.526+0300][41.039s][info ][gc] GC(1757) Pause Young (Normal) (G1 Evacuation Pause) 427M->429M(512M) 11.826ms
[2020-08-01T12:24:13.547+0300][41.060s][info ][gc] GC(1758) Pause Young (Normal) (G1 Humongous Allocation) 442M->443M(512M) 8.182ms
[2020-08-01T12:24:13.576+0300][41.089s][info ][gc] GC(1759) Pause Young (Normal) (G1 Evacuation Pause) 484M->486M(512M) 10.788ms
[2020-08-01T12:24:13.626+0300][41.139s][info ][gc] GC(1760) To-space exhausted
[2020-08-01T12:24:13.626+0300][41.139s][info ][gc] GC(1760) Pause Young (Normal) (G1 Evacuation Pause) 507M->511M(512M) 34.387ms
[2020-08-01T12:24:13.627+0300][41.140s][debug][gc] GC(1761) Clear Next Bitmap 0.410ms
[2020-08-01T12:24:13.670+0300][41.183s][info ][gc] GC(1761) Pause Full (G1 Evacuation Pause) 511M->63M(512M) 43.467ms
[2020-08-01T12:24:13.670+0300][41.183s][info ][gc] GC(1746) Concurrent Cycle 390.571ms
[2020-08-01T12:24:13.695+0300][41.208s][info ][gc] GC(1762) Pause Young (Normal) (G1 Evacuation Pause) 90M->91M(512M) 12.588ms
[2020-08-01T12:24:13.717+0300][41.229s][info ][gc] GC(1763) Pause Young (Normal) (G1 Evacuation Pause) 115M->116M(512M) 12.171ms
[2020-08-01T12:24:13.736+0300][41.249s][info ][gc] GC(1764) Pause Young (Normal) (G1 Evacuation Pause) 137M->138M(512M) 10.894ms
[2020-08-01T12:24:13.758+0300][41.271s][info ][gc] GC(1765) Pause Young (Normal) (G1 Evacuation Pause) 179M->180M(512M) 11.354ms
[2020-08-01T12:24:13.776+0300][41.289s][info ][gc] GC(1766) Pause Young (Normal) (G1 Evacuation Pause) 201M->203M(512M) 10.128ms
[2020-08-01T12:24:13.795+0300][41.308s][info ][gc] GC(1767) Pause Young (Normal) (G1 Evacuation Pause) 224M->226M(512M) 10.608ms
[2020-08-01T12:24:13.814+0300][41.327s][info ][gc] GC(1768) Pause Young (Normal) (G1 Evacuation Pause) 247M->248M(512M) 10.643ms
[2020-08-01T12:24:13.833+0300][41.346s][info ][gc] GC(1769) Pause Young (Concurrent Start) (G1 Evacuation Pause) 269M->270M(512M) 10.825ms
[2020-08-01T12:24:13.834+0300][41.346s][info ][gc] GC(1770) Concurrent Cycle
[2020-08-01T12:24:13.856+0300][41.369s][info ][gc] GC(1771) Pause Young (Normal) (G1 Evacuation Pause) 311M->313M(512M) 10.321ms
[2020-08-01T12:24:13.875+0300][41.388s][info ][gc] GC(1772) Pause Young (Normal) (G1 Evacuation Pause) 334M->336M(512M) 10.550ms
[2020-08-01T12:24:13.895+0300][41.408s][info ][gc] GC(1773) Pause Young (Normal) (G1 Evacuation Pause) 357M->358M(512M) 10.939ms
[2020-08-01T12:24:13.915+0300][41.428s][info ][gc] GC(1774) Pause Young (Normal) (G1 Evacuation Pause) 379M->380M(512M) 10.702ms
[2020-08-01T12:24:13.935+0300][41.448s][info ][gc] GC(1775) Pause Young (Normal) (G1 Evacuation Pause) 401M->402M(512M) 10.714ms
[2020-08-01T12:24:13.958+0300][41.471s][info ][gc] GC(1776) Pause Young (Normal) (G1 Evacuation Pause) 443M->445M(512M) 10.367ms
[2020-08-01T12:24:13.978+0300][41.491s][info ][gc] GC(1777) Pause Young (Normal) (G1 Evacuation Pause) 466M->468M(512M) 10.430ms
[2020-08-01T12:24:14.004+0300][41.517s][info ][gc] GC(1778) To-space exhausted
[2020-08-01T12:24:14.004+0300][41.517s][info ][gc] GC(1778) Pause Young (Normal) (G1 Evacuation Pause) 489M->496M(512M) 17.283ms
[2020-08-01T12:24:14.032+0300][41.545s][info ][gc] GC(1779) To-space exhausted
[2020-08-01T12:24:14.033+0300][41.545s][info ][gc] GC(1779) Pause Young (Normal) (G1 Evacuation Pause) 507M->507M(512M) 23.328ms
[2020-08-01T12:24:14.033+0300][41.546s][debug][gc] GC(1780) Clear Next Bitmap 0.329ms
[2020-08-01T12:24:14.080+0300][41.593s][info ][gc] GC(1780) Pause Full (G1 Evacuation Pause) 507M->75M(512M) 47.236ms
[2020-08-01T12:24:14.080+0300][41.593s][info ][gc] GC(1770) Concurrent Cycle 246.593ms
[2020-08-01T12:24:14.104+0300][41.617s][info ][gc] GC(1781) Pause Young (Normal) (G1 Evacuation Pause) 102M->102M(512M) 12.877ms
[2020-08-01T12:24:14.123+0300][41.636s][info ][gc] GC(1782) Pause Young (Normal) (G1 Evacuation Pause) 125M->126M(512M) 10.194ms
[2020-08-01T12:24:14.146+0300][41.659s][info ][gc] GC(1783) Pause Young (Normal) (G1 Evacuation Pause) 167M->169M(512M) 11.047ms
[2020-08-01T12:24:14.165+0300][41.678s][info ][gc] GC(1784) Pause Young (Normal) (G1 Evacuation Pause) 190M->191M(512M) 10.455ms
[2020-08-01T12:24:14.185+0300][41.698s][info ][gc] GC(1785) Pause Young (Normal) (G1 Evacuation Pause) 212M->213M(512M) 11.054ms
[2020-08-01T12:24:14.204+0300][41.717s][info ][gc] GC(1786) Pause Young (Normal) (G1 Evacuation Pause) 234M->235M(512M) 10.561ms
[2020-08-01T12:24:14.222+0300][41.735s][info ][gc] GC(1787) Pause Young (Concurrent Start) (G1 Evacuation Pause) 256M->258M(512M) 10.218ms
[2020-08-01T12:24:14.222+0300][41.735s][info ][gc] GC(1788) Concurrent Cycle
[2020-08-01T12:24:14.243+0300][41.756s][info ][gc] GC(1789) Pause Young (Normal) (G1 Evacuation Pause) 279M->280M(512M) 11.694ms
[2020-08-01T12:24:14.264+0300][41.776s][info ][gc] GC(1790) Pause Young (Normal) (G1 Evacuation Pause) 321M->322M(512M) 10.142ms
[2020-08-01T12:24:14.283+0300][41.796s][info ][gc] GC(1791) Pause Young (Normal) (G1 Evacuation Pause) 343M->344M(512M) 10.635ms
[2020-08-01T12:24:14.303+0300][41.815s][info ][gc] GC(1792) Pause Young (Normal) (G1 Evacuation Pause) 365M->366M(512M) 10.582ms
[2020-08-01T12:24:14.322+0300][41.835s][info ][gc] GC(1793) Pause Young (Normal) (G1 Evacuation Pause) 387M->388M(512M) 10.064ms
[2020-08-01T12:24:14.342+0300][41.855s][info ][gc] GC(1794) Pause Young (Normal) (G1 Evacuation Pause) 409M->410M(512M) 11.099ms
[2020-08-01T12:24:14.366+0300][41.879s][info ][gc] GC(1795) Pause Young (Normal) (G1 Evacuation Pause) 451M->452M(512M) 12.615ms
[2020-08-01T12:24:14.386+0300][41.899s][info ][gc] GC(1796) Pause Young (Normal) (G1 Evacuation Pause) 473M->474M(512M) 10.752ms
[2020-08-01T12:24:14.419+0300][41.932s][info ][gc] GC(1797) To-space exhausted
[2020-08-01T12:24:14.419+0300][41.932s][info ][gc] GC(1797) Pause Young (Normal) (G1 Evacuation Pause) 495M->502M(512M) 23.965ms
[2020-08-01T12:24:14.423+0300][41.935s][debug][gc] GC(1788) Reclaimed 129 empty regions
[2020-08-01T12:24:14.423+0300][41.935s][info ][gc] GC(1788) Pause Remark 508M->381M(512M) 0.639ms
[2020-08-01T12:24:14.443+0300][41.956s][info ][gc] GC(1798) Pause Young (Normal) (G1 Evacuation Pause) 396M->397M(512M) 11.751ms
[2020-08-01T12:24:14.471+0300][41.984s][info ][gc] GC(1799) Pause Young (Normal) (G1 Evacuation Pause) 418M->419M(512M) 11.855ms
[2020-08-01T12:24:14.498+0300][42.011s][info ][gc] GC(1800) Pause Young (Normal) (G1 Humongous Allocation) 440M->442M(512M) 10.621ms
[2020-08-01T12:24:14.499+0300][42.011s][debug][gc] GC(1801) Clear Next Bitmap 0.331ms
[2020-08-01T12:24:14.505+0300][42.018s][info ][gc] GC(1801) Pause Full (G1 Humongous Allocation) 442M->2M(512M) 6.520ms
[2020-08-01T12:24:14.505+0300][42.018s][info ][gc] GC(1788) Concurrent Cycle 282.433ms
[2020-08-01T12:24:14.530+0300][42.043s][info ][gc] GC(1802) Pause Young (Normal) (G1 Evacuation Pause) 47M->48M(512M) 10.665ms
[2020-08-01T12:24:14.552+0300][42.065s][info ][gc] GC(1803) Pause Young (Normal) (G1 Evacuation Pause) 72M->73M(512M) 12.440ms
[2020-08-01T12:24:14.571+0300][42.084s][info ][gc] GC(1804) Pause Young (Normal) (G1 Evacuation Pause) 94M->96M(512M) 10.390ms
[2020-08-01T12:24:14.590+0300][42.103s][info ][gc] GC(1805) Pause Young (Normal) (G1 Evacuation Pause) 117M->118M(512M) 10.462ms
[2020-08-01T12:24:14.611+0300][42.123s][info ][gc] GC(1806) Pause Young (Normal) (G1 Evacuation Pause) 139M->140M(512M) 11.495ms
[2020-08-01T12:24:14.632+0300][42.145s][info ][gc] GC(1807) Pause Young (Normal) (G1 Evacuation Pause) 181M->183M(512M) 10.422ms
[2020-08-01T12:24:14.653+0300][42.165s][info ][gc] GC(1808) Pause Young (Normal) (G1 Evacuation Pause) 204M->205M(512M) 12.354ms
[2020-08-01T12:24:14.672+0300][42.185s][info ][gc] GC(1809) Pause Young (Normal) (G1 Evacuation Pause) 226M->228M(512M) 10.258ms
[2020-08-01T12:24:14.693+0300][42.205s][info ][gc] GC(1810) Pause Young (Normal) (G1 Evacuation Pause) 249M->250M(512M) 11.993ms
[2020-08-01T12:24:14.712+0300][42.225s][info ][gc] GC(1811) Pause Young (Concurrent Start) (G1 Evacuation Pause) 271M->272M(512M) 11.546ms
[2020-08-01T12:24:14.713+0300][42.225s][info ][gc] GC(1812) Concurrent Cycle
[2020-08-01T12:24:14.736+0300][42.248s][info ][gc] GC(1813) Pause Young (Normal) (G1 Evacuation Pause) 313M->315M(512M) 10.550ms
[2020-08-01T12:24:14.755+0300][42.268s][info ][gc] GC(1814) Pause Young (Normal) (G1 Evacuation Pause) 336M->337M(512M) 10.560ms
[2020-08-01T12:24:14.775+0300][42.288s][info ][gc] GC(1815) Pause Young (Normal) (G1 Evacuation Pause) 358M->360M(512M) 10.501ms
[2020-08-01T12:24:14.794+0300][42.307s][info ][gc] GC(1816) Pause Young (Normal) (G1 Evacuation Pause) 381M->382M(512M) 10.338ms
[2020-08-01T12:24:14.814+0300][42.327s][info ][gc] GC(1817) Pause Young (Normal) (G1 Evacuation Pause) 403M->404M(512M) 10.968ms
[2020-08-01T12:24:14.834+0300][42.347s][info ][gc] GC(1818) Pause Young (Normal) (G1 Evacuation Pause) 425M->427M(512M) 10.688ms
[2020-08-01T12:24:14.856+0300][42.369s][info ][gc] GC(1819) Pause Young (Normal) (G1 Evacuation Pause) 468M->469M(512M) 10.215ms
[2020-08-01T12:24:14.883+0300][42.396s][info ][gc] GC(1820) To-space exhausted
[2020-08-01T12:24:14.883+0300][42.396s][info ][gc] GC(1820) Pause Young (Normal) (G1 Evacuation Pause) 490M->498M(512M) 18.277ms
[2020-08-01T12:24:14.910+0300][42.423s][info ][gc] GC(1821) To-space exhausted
[2020-08-01T12:24:14.910+0300][42.423s][info ][gc] GC(1821) Pause Young (Normal) (G1 Evacuation Pause) 508M->508M(512M) 21.638ms
[2020-08-01T12:24:14.911+0300][42.424s][debug][gc] GC(1822) Clear Next Bitmap 0.355ms
[2020-08-01T12:24:14.956+0300][42.469s][info ][gc] GC(1822) Pause Full (G1 Evacuation Pause) 508M->72M(512M) 45.981ms
[2020-08-01T12:24:14.956+0300][42.469s][info ][gc] GC(1812) Concurrent Cycle 243.947ms
[2020-08-01T12:24:14.978+0300][42.491s][info ][gc] GC(1823) Pause Young (Normal) (G1 Evacuation Pause) 99M->99M(512M) 11.029ms
[2020-08-01T12:24:15.000+0300][42.513s][info ][gc] GC(1824) Pause Young (Normal) (G1 Evacuation Pause) 124M->125M(512M) 12.102ms
[2020-08-01T12:24:15.022+0300][42.534s][info ][gc] GC(1825) Pause Young (Normal) (G1 Evacuation Pause) 166M->168M(512M) 10.603ms
[2020-08-01T12:24:15.041+0300][42.554s][info ][gc] GC(1826) Pause Young (Normal) (G1 Evacuation Pause) 189M->190M(512M) 10.726ms
[2020-08-01T12:24:15.059+0300][42.572s][info ][gc] GC(1827) Pause Young (Normal) (G1 Evacuation Pause) 211M->213M(512M) 10.340ms
[2020-08-01T12:24:15.078+0300][42.591s][info ][gc] GC(1828) Pause Young (Normal) (G1 Evacuation Pause) 234M->235M(512M) 10.568ms
[2020-08-01T12:24:15.097+0300][42.610s][info ][gc] GC(1829) Pause Young (Concurrent Start) (G1 Evacuation Pause) 256M->257M(512M) 10.465ms
[2020-08-01T12:24:15.097+0300][42.610s][info ][gc] GC(1830) Concurrent Cycle
[2020-08-01T12:24:15.116+0300][42.629s][info ][gc] GC(1831) Pause Young (Normal) (G1 Evacuation Pause) 278M->279M(512M) 10.311ms
[2020-08-01T12:24:15.138+0300][42.651s][info ][gc] GC(1832) Pause Young (Normal) (G1 Evacuation Pause) 320M->322M(512M) 10.131ms
[2020-08-01T12:24:15.158+0300][42.670s][info ][gc] GC(1833) Pause Young (Normal) (G1 Evacuation Pause) 344M->345M(512M) 10.347ms
[2020-08-01T12:24:15.179+0300][42.692s][info ][gc] GC(1834) Pause Young (Normal) (G1 Evacuation Pause) 367M->369M(512M) 11.634ms
[2020-08-01T12:24:15.199+0300][42.711s][info ][gc] GC(1835) Pause Young (Normal) (G1 Evacuation Pause) 390M->391M(512M) 10.854ms
[2020-08-01T12:24:15.218+0300][42.731s][info ][gc] GC(1836) Pause Young (Normal) (G1 Evacuation Pause) 412M->414M(512M) 10.665ms
[2020-08-01T12:24:15.242+0300][42.755s][info ][gc] GC(1837) Pause Young (Normal) (G1 Evacuation Pause) 455M->456M(512M) 10.647ms
[2020-08-01T12:24:15.264+0300][42.777s][info ][gc] GC(1838) Pause Young (Normal) (G1 Evacuation Pause) 477M->479M(512M) 12.050ms
[2020-08-01T12:24:15.270+0300][42.783s][debug][gc] GC(1830) Reclaimed 129 empty regions
[2020-08-01T12:24:15.270+0300][42.783s][info ][gc] GC(1830) Pause Remark 493M->367M(512M) 0.653ms
[2020-08-01T12:24:15.285+0300][42.798s][info ][gc] GC(1839) Pause Young (Normal) (G1 Evacuation Pause) 374M->375M(512M) 11.177ms
[2020-08-01T12:24:15.306+0300][42.819s][info ][gc] GC(1840) Pause Young (Normal) (G1 Evacuation Pause) 396M->397M(512M) 12.642ms
[2020-08-01T12:24:15.336+0300][42.849s][info ][gc] GC(1841) Pause Young (Normal) (G1 Evacuation Pause) 418M->419M(512M) 12.117ms
[2020-08-01T12:24:15.369+0300][42.882s][info ][gc] GC(1842) Pause Young (Normal) (G1 Evacuation Pause) 460M->461M(512M) 13.598ms
[2020-08-01T12:24:15.398+0300][42.911s][info ][gc] GC(1843) Pause Young (Normal) (G1 Evacuation Pause) 482M->483M(512M) 10.785ms
[2020-08-01T12:24:15.445+0300][42.958s][info ][gc] GC(1844) To-space exhausted
[2020-08-01T12:24:15.445+0300][42.958s][info ][gc] GC(1844) Pause Young (Normal) (G1 Evacuation Pause) 504M->510M(512M) 31.115ms
[2020-08-01T12:24:15.464+0300][42.976s][info ][gc] GC(1845) To-space exhausted
[2020-08-01T12:24:15.464+0300][42.977s][info ][gc] GC(1845) Pause Young (Normal) (G1 Evacuation Pause) 511M->511M(512M) 9.035ms
[2020-08-01T12:24:15.464+0300][42.977s][debug][gc] GC(1846) Clear Next Bitmap 0.309ms
[2020-08-01T12:24:15.508+0300][43.021s][info ][gc] GC(1846) Pause Full (G1 Evacuation Pause) 511M->66M(512M) 43.886ms
[2020-08-01T12:24:15.508+0300][43.021s][info ][gc] GC(1830) Concurrent Cycle 410.773ms
[2020-08-01T12:24:15.530+0300][43.043s][info ][gc] GC(1847) Pause Young (Normal) (G1 Evacuation Pause) 92M->92M(512M) 11.352ms
[2020-08-01T12:24:15.553+0300][43.066s][info ][gc] GC(1848) Pause Young (Normal) (G1 Evacuation Pause) 117M->118M(512M) 12.480ms
[2020-08-01T12:24:15.576+0300][43.089s][info ][gc] GC(1849) Pause Young (Normal) (G1 Evacuation Pause) 159M->160M(512M) 10.335ms
[2020-08-01T12:24:15.596+0300][43.108s][info ][gc] GC(1850) Pause Young (Normal) (G1 Evacuation Pause) 181M->183M(512M) 10.579ms
[2020-08-01T12:24:15.614+0300][43.127s][info ][gc] GC(1851) Pause Young (Normal) (G1 Evacuation Pause) 204M->205M(512M) 10.496ms
[2020-08-01T12:24:15.633+0300][43.146s][info ][gc] GC(1852) Pause Young (Normal) (G1 Evacuation Pause) 226M->228M(512M) 10.448ms
[2020-08-01T12:24:15.654+0300][43.166s][info ][gc] GC(1853) Pause Young (Normal) (G1 Evacuation Pause) 249M->251M(512M) 11.615ms
[2020-08-01T12:24:15.676+0300][43.189s][info ][gc] GC(1854) Pause Young (Concurrent Start) (G1 Evacuation Pause) 272M->273M(512M) 12.037ms
[2020-08-01T12:24:15.676+0300][43.189s][info ][gc] GC(1855) Concurrent Cycle
[2020-08-01T12:24:15.703+0300][43.216s][info ][gc] GC(1856) Pause Young (Normal) (G1 Evacuation Pause) 314M->315M(512M) 12.389ms
[2020-08-01T12:24:15.723+0300][43.236s][info ][gc] GC(1857) Pause Young (Normal) (G1 Evacuation Pause) 336M->338M(512M) 10.722ms
[2020-08-01T12:24:15.743+0300][43.256s][info ][gc] GC(1858) Pause Young (Normal) (G1 Evacuation Pause) 359M->360M(512M) 10.710ms
[2020-08-01T12:24:15.762+0300][43.275s][info ][gc] GC(1859) Pause Young (Normal) (G1 Evacuation Pause) 381M->382M(512M) 10.272ms
[2020-08-01T12:24:15.782+0300][43.295s][info ][gc] GC(1860) Pause Young (Normal) (G1 Evacuation Pause) 403M->404M(512M) 11.313ms
[2020-08-01T12:24:15.805+0300][43.318s][info ][gc] GC(1861) Pause Young (Normal) (G1 Evacuation Pause) 445M->447M(512M) 10.713ms
[2020-08-01T12:24:15.826+0300][43.339s][info ][gc] GC(1862) Pause Young (Normal) (G1 Evacuation Pause) 468M->469M(512M) 12.019ms
[2020-08-01T12:24:15.856+0300][43.369s][info ][gc] GC(1863) To-space exhausted
[2020-08-01T12:24:15.857+0300][43.369s][info ][gc] GC(1863) Pause Young (Normal) (G1 Evacuation Pause) 490M->497M(512M) 20.376ms
[2020-08-01T12:24:15.887+0300][43.400s][info ][gc] GC(1864) To-space exhausted
[2020-08-01T12:24:15.887+0300][43.400s][info ][gc] GC(1864) Pause Young (Normal) (G1 Evacuation Pause) 508M->508M(512M) 23.338ms
[2020-08-01T12:24:15.888+0300][43.401s][debug][gc] GC(1865) Clear Next Bitmap 0.290ms
[2020-08-01T12:24:15.937+0300][43.450s][info ][gc] GC(1865) Pause Full (G1 Evacuation Pause) 508M->77M(512M) 49.860ms
[2020-08-01T12:24:15.937+0300][43.450s][info ][gc] GC(1855) Concurrent Cycle 261.503ms
[2020-08-01T12:24:15.960+0300][43.473s][info ][gc] GC(1866) Pause Young (Normal) (G1 Evacuation Pause) 105M->105M(512M) 12.009ms
[2020-08-01T12:24:15.983+0300][43.495s][info ][gc] GC(1867) Pause Young (Normal) (G1 Evacuation Pause) 130M->132M(512M) 12.131ms
[2020-08-01T12:24:16.005+0300][43.518s][info ][gc] GC(1868) Pause Young (Normal) (G1 Evacuation Pause) 173M->174M(512M) 12.401ms
[2020-08-01T12:24:16.024+0300][43.537s][info ][gc] GC(1869) Pause Young (Normal) (G1 Evacuation Pause) 195M->197M(512M) 10.664ms
[2020-08-01T12:24:16.044+0300][43.557s][info ][gc] GC(1870) Pause Young (Normal) (G1 Evacuation Pause) 218M->219M(512M) 11.175ms
[2020-08-01T12:24:16.064+0300][43.576s][info ][gc] GC(1871) Pause Young (Normal) (G1 Evacuation Pause) 240M->241M(512M) 10.933ms
[2020-08-01T12:24:16.083+0300][43.596s][info ][gc] GC(1872) Pause Young (Concurrent Start) (G1 Evacuation Pause) 262M->264M(512M) 11.380ms
[2020-08-01T12:24:16.084+0300][43.596s][info ][gc] GC(1873) Concurrent Cycle
[2020-08-01T12:24:16.107+0300][43.620s][info ][gc] GC(1874) Pause Young (Normal) (G1 Evacuation Pause) 305M->307M(512M) 10.557ms
[2020-08-01T12:24:16.129+0300][43.642s][info ][gc] GC(1875) Pause Young (Normal) (G1 Evacuation Pause) 328M->329M(512M) 13.346ms
[2020-08-01T12:24:16.148+0300][43.661s][info ][gc] GC(1876) Pause Young (Normal) (G1 Evacuation Pause) 350M->352M(512M) 10.234ms
[2020-08-01T12:24:16.167+0300][43.680s][info ][gc] GC(1877) Pause Young (Normal) (G1 Evacuation Pause) 373M->374M(512M) 10.342ms
[2020-08-01T12:24:16.186+0300][43.699s][info ][gc] GC(1878) Pause Young (Normal) (G1 Evacuation Pause) 395M->397M(512M) 10.184ms
[2020-08-01T12:24:16.206+0300][43.719s][info ][gc] GC(1879) Pause Young (Normal) (G1 Evacuation Pause) 418M->419M(512M) 11.542ms
[2020-08-01T12:24:16.229+0300][43.742s][info ][gc] GC(1880) Pause Young (Normal) (G1 Evacuation Pause) 460M->461M(512M) 11.373ms
[2020-08-01T12:24:16.249+0300][43.762s][info ][gc] GC(1881) Pause Young (Normal) (G1 Evacuation Pause) 482M->484M(512M) 10.824ms
[2020-08-01T12:24:16.292+0300][43.805s][info ][gc] GC(1882) To-space exhausted
[2020-08-01T12:24:16.292+0300][43.805s][info ][gc] GC(1882) Pause Young (Normal) (G1 Evacuation Pause) 505M->509M(512M) 33.208ms
[2020-08-01T12:24:16.292+0300][43.805s][debug][gc] GC(1883) Clear Next Bitmap 0.374ms
[2020-08-01T12:24:16.345+0300][43.858s][info ][gc] GC(1883) Pause Full (G1 Evacuation Pause) 509M->79M(512M) 52.882ms
[2020-08-01T12:24:16.345+0300][43.858s][info ][gc] GC(1873) Concurrent Cycle 261.436ms
[2020-08-01T12:24:16.366+0300][43.879s][info ][gc] GC(1884) Pause Young (Normal) (G1 Evacuation Pause) 105M->106M(512M) 10.946ms
[2020-08-01T12:24:16.388+0300][43.901s][info ][gc] GC(1885) Pause Young (Normal) (G1 Evacuation Pause) 131M->132M(512M) 11.181ms
[2020-08-01T12:24:16.409+0300][43.922s][info ][gc] GC(1886) Pause Young (Normal) (G1 Evacuation Pause) 173M->175M(512M) 10.419ms
[2020-08-01T12:24:16.429+0300][43.942s][info ][gc] GC(1887) Pause Young (Normal) (G1 Evacuation Pause) 196M->197M(512M) 11.489ms
[2020-08-01T12:24:16.448+0300][43.961s][info ][gc] GC(1888) Pause Young (Normal) (G1 Evacuation Pause) 218M->219M(512M) 10.613ms
[2020-08-01T12:24:16.468+0300][43.981s][info ][gc] GC(1889) Pause Young (Normal) (G1 Evacuation Pause) 240M->242M(512M) 10.459ms
[2020-08-01T12:24:16.487+0300][44.000s][info ][gc] GC(1890) Pause Young (Concurrent Start) (G1 Evacuation Pause) 263M->264M(512M) 10.605ms
[2020-08-01T12:24:16.488+0300][44.000s][info ][gc] GC(1891) Concurrent Cycle
[2020-08-01T12:24:16.510+0300][44.023s][info ][gc] GC(1892) Pause Young (Normal) (G1 Evacuation Pause) 305M->307M(512M) 10.931ms
[2020-08-01T12:24:16.530+0300][44.043s][info ][gc] GC(1893) Pause Young (Normal) (G1 Evacuation Pause) 328M->330M(512M) 10.723ms
[2020-08-01T12:24:16.550+0300][44.063s][info ][gc] GC(1894) Pause Young (Normal) (G1 Evacuation Pause) 351M->353M(512M) 11.059ms
[2020-08-01T12:24:16.570+0300][44.082s][info ][gc] GC(1895) Pause Young (Normal) (G1 Evacuation Pause) 374M->376M(512M) 10.667ms
[2020-08-01T12:24:16.589+0300][44.101s][info ][gc] GC(1896) Pause Young (Normal) (G1 Evacuation Pause) 397M->398M(512M) 10.311ms
[2020-08-01T12:24:16.608+0300][44.121s][info ][gc] GC(1897) Pause Young (Normal) (G1 Evacuation Pause) 419M->421M(512M) 10.698ms
[2020-08-01T12:24:16.630+0300][44.143s][info ][gc] GC(1898) Pause Young (Normal) (G1 Evacuation Pause) 462M->463M(512M) 10.609ms
[2020-08-01T12:24:16.650+0300][44.163s][info ][gc] GC(1899) To-space exhausted
[2020-08-01T12:24:16.650+0300][44.163s][info ][gc] GC(1899) Pause Young (Normal) (G1 Evacuation Pause) 484M->488M(512M) 11.268ms
[2020-08-01T12:24:16.698+0300][44.211s][info ][gc] GC(1900) To-space exhausted
[2020-08-01T12:24:16.698+0300][44.211s][info ][gc] GC(1900) Pause Young (Normal) (G1 Evacuation Pause) 509M->509M(512M) 37.406ms
[2020-08-01T12:24:16.698+0300][44.211s][debug][gc] GC(1901) Clear Next Bitmap 0.277ms
[2020-08-01T12:24:16.753+0300][44.266s][info ][gc] GC(1901) Pause Full (G1 Evacuation Pause) 509M->80M(512M) 55.136ms
[2020-08-01T12:24:16.753+0300][44.266s][info ][gc] GC(1891) Concurrent Cycle 265.800ms
[2020-08-01T12:24:16.774+0300][44.287s][info ][gc] GC(1902) Pause Young (Normal) (G1 Evacuation Pause) 107M->107M(512M) 10.044ms
[2020-08-01T12:24:16.797+0300][44.309s][info ][gc] GC(1903) Pause Young (Normal) (G1 Evacuation Pause) 132M->133M(512M) 11.956ms
[2020-08-01T12:24:16.819+0300][44.331s][info ][gc] GC(1904) Pause Young (Normal) (G1 Evacuation Pause) 174M->176M(512M) 10.349ms
[2020-08-01T12:24:16.837+0300][44.350s][info ][gc] GC(1905) Pause Young (Normal) (G1 Evacuation Pause) 197M->198M(512M) 10.471ms
[2020-08-01T12:24:16.856+0300][44.369s][info ][gc] GC(1906) Pause Young (Normal) (G1 Evacuation Pause) 219M->220M(512M) 10.557ms
[2020-08-01T12:24:16.875+0300][44.388s][info ][gc] GC(1907) Pause Young (Normal) (G1 Evacuation Pause) 241M->242M(512M) 10.304ms
[2020-08-01T12:24:16.894+0300][44.407s][info ][gc] GC(1908) Pause Young (Concurrent Start) (G1 Evacuation Pause) 263M->265M(512M) 10.488ms
[2020-08-01T12:24:16.894+0300][44.407s][info ][gc] GC(1909) Concurrent Cycle
[2020-08-01T12:24:16.919+0300][44.432s][info ][gc] GC(1910) Pause Young (Normal) (G1 Evacuation Pause) 306M->307M(512M) 11.240ms
[2020-08-01T12:24:16.938+0300][44.451s][info ][gc] GC(1911) Pause Young (Normal) (G1 Evacuation Pause) 328M->330M(512M) 10.288ms
[2020-08-01T12:24:16.959+0300][44.472s][info ][gc] GC(1912) Pause Young (Normal) (G1 Evacuation Pause) 351M->353M(512M) 11.748ms
[2020-08-01T12:24:16.978+0300][44.491s][info ][gc] GC(1913) Pause Young (Normal) (G1 Evacuation Pause) 374M->375M(512M) 10.459ms
[2020-08-01T12:24:16.998+0300][44.511s][info ][gc] GC(1914) Pause Young (Normal) (G1 Evacuation Pause) 396M->397M(512M) 10.762ms
[2020-08-01T12:24:17.017+0300][44.530s][info ][gc] GC(1915) Pause Young (Normal) (G1 Evacuation Pause) 418M->420M(512M) 10.722ms
[2020-08-01T12:24:17.038+0300][44.551s][info ][gc] GC(1916) Pause Young (Normal) (G1 Evacuation Pause) 461M->462M(512M) 9.799ms
[2020-08-01T12:24:17.058+0300][44.571s][info ][gc] GC(1917) To-space exhausted
[2020-08-01T12:24:17.058+0300][44.571s][info ][gc] GC(1917) Pause Young (Normal) (G1 Evacuation Pause) 483M->491M(512M) 11.588ms
[2020-08-01T12:24:17.097+0300][44.610s][info ][gc] GC(1918) To-space exhausted
[2020-08-01T12:24:17.097+0300][44.610s][info ][gc] GC(1918) Pause Young (Normal) (G1 Evacuation Pause) 508M->508M(512M) 31.625ms
[2020-08-01T12:24:17.098+0300][44.611s][debug][gc] GC(1919) Clear Next Bitmap 0.249ms
[2020-08-01T12:24:17.148+0300][44.661s][info ][gc] GC(1919) Pause Full (G1 Evacuation Pause) 508M->77M(512M) 50.489ms
[2020-08-01T12:24:17.148+0300][44.661s][info ][gc] GC(1909) Concurrent Cycle 253.985ms
[2020-08-01T12:24:17.172+0300][44.685s][info ][gc] GC(1920) Pause Young (Normal) (G1 Evacuation Pause) 105M->106M(512M) 12.593ms
[2020-08-01T12:24:17.193+0300][44.706s][info ][gc] GC(1921) Pause Young (Normal) (G1 Evacuation Pause) 130M->131M(512M) 11.586ms
[2020-08-01T12:24:17.214+0300][44.727s][info ][gc] GC(1922) Pause Young (Normal) (G1 Evacuation Pause) 172M->173M(512M) 10.413ms
[2020-08-01T12:24:17.233+0300][44.746s][info ][gc] GC(1923) Pause Young (Normal) (G1 Evacuation Pause) 194M->195M(512M) 11.113ms
[2020-08-01T12:24:17.252+0300][44.765s][info ][gc] GC(1924) Pause Young (Normal) (G1 Evacuation Pause) 216M->217M(512M) 10.574ms
[2020-08-01T12:24:17.273+0300][44.786s][info ][gc] GC(1925) Pause Young (Normal) (G1 Evacuation Pause) 238M->239M(512M) 12.041ms
[2020-08-01T12:24:17.292+0300][44.805s][info ][gc] GC(1926) Pause Young (Concurrent Start) (G1 Evacuation Pause) 260M->261M(512M) 10.448ms
[2020-08-01T12:24:17.292+0300][44.805s][info ][gc] GC(1927) Concurrent Cycle
[2020-08-01T12:24:17.316+0300][44.829s][info ][gc] GC(1928) Pause Young (Normal) (G1 Evacuation Pause) 302M->304M(512M) 10.937ms
[2020-08-01T12:24:17.337+0300][44.850s][info ][gc] GC(1929) Pause Young (Normal) (G1 Evacuation Pause) 325M->326M(512M) 12.313ms
[2020-08-01T12:24:17.357+0300][44.870s][info ][gc] GC(1930) Pause Young (Normal) (G1 Evacuation Pause) 347M->349M(512M) 10.490ms
[2020-08-01T12:24:17.376+0300][44.889s][info ][gc] GC(1931) Pause Young (Normal) (G1 Evacuation Pause) 370M->371M(512M) 10.400ms
[2020-08-01T12:24:17.395+0300][44.908s][info ][gc] GC(1932) Pause Young (Normal) (G1 Evacuation Pause) 392M->394M(512M) 10.302ms
[2020-08-01T12:24:17.415+0300][44.928s][info ][gc] GC(1933) Pause Young (Normal) (G1 Evacuation Pause) 415M->416M(512M) 10.374ms
[2020-08-01T12:24:17.439+0300][44.952s][info ][gc] GC(1934) Pause Young (Normal) (G1 Evacuation Pause) 457M->458M(512M) 11.649ms
[2020-08-01T12:24:17.460+0300][44.973s][info ][gc] GC(1935) Pause Young (Normal) (G1 Evacuation Pause) 479M->481M(512M) 11.955ms
[2020-08-01T12:24:17.498+0300][45.011s][info ][gc] GC(1936) To-space exhausted
[2020-08-01T12:24:17.498+0300][45.011s][info ][gc] GC(1936) Pause Young (Normal) (G1 Evacuation Pause) 502M->509M(512M) 28.615ms
[2020-08-01T12:24:17.498+0300][45.011s][debug][gc] GC(1937) Clear Next Bitmap 0.306ms
[2020-08-01T12:24:17.548+0300][45.061s][info ][gc] GC(1937) Pause Full (G1 Evacuation Pause) 509M->78M(512M) 50.094ms
[2020-08-01T12:24:17.548+0300][45.061s][info ][gc] GC(1927) Concurrent Cycle 256.556ms
[2020-08-01T12:24:17.569+0300][45.082s][info ][gc] GC(1938) Pause Young (Normal) (G1 Evacuation Pause) 104M->105M(512M) 10.531ms
[2020-08-01T12:24:17.591+0300][45.104s][info ][gc] GC(1939) Pause Young (Normal) (G1 Evacuation Pause) 130M->132M(512M) 11.868ms
[2020-08-01T12:24:17.613+0300][45.125s][info ][gc] GC(1940) Pause Young (Normal) (G1 Evacuation Pause) 173M->174M(512M) 10.453ms
[2020-08-01T12:24:17.631+0300][45.144s][info ][gc] GC(1941) Pause Young (Normal) (G1 Evacuation Pause) 195M->196M(512M) 10.232ms
[2020-08-01T12:24:17.650+0300][45.163s][info ][gc] GC(1942) Pause Young (Normal) (G1 Evacuation Pause) 217M->219M(512M) 10.468ms
[2020-08-01T12:24:17.669+0300][45.182s][info ][gc] GC(1943) Pause Young (Normal) (G1 Evacuation Pause) 240M->241M(512M) 10.402ms
[2020-08-01T12:24:17.688+0300][45.201s][info ][gc] GC(1944) Pause Young (Concurrent Start) (G1 Evacuation Pause) 262M->263M(512M) 10.304ms
[2020-08-01T12:24:17.688+0300][45.201s][info ][gc] GC(1945) Concurrent Cycle
[2020-08-01T12:24:17.713+0300][45.226s][info ][gc] GC(1946) Pause Young (Normal) (G1 Evacuation Pause) 304M->305M(512M) 12.404ms
[2020-08-01T12:24:17.735+0300][45.248s][info ][gc] GC(1947) Pause Young (Normal) (G1 Evacuation Pause) 326M->327M(512M) 12.806ms
[2020-08-01T12:24:17.754+0300][45.267s][info ][gc] GC(1948) Pause Young (Normal) (G1 Evacuation Pause) 348M->350M(512M) 10.468ms
[2020-08-01T12:24:17.774+0300][45.287s][info ][gc] GC(1949) Pause Young (Normal) (G1 Evacuation Pause) 371M->372M(512M) 10.648ms
[2020-08-01T12:24:17.794+0300][45.307s][info ][gc] GC(1950) Pause Young (Normal) (G1 Evacuation Pause) 393M->395M(512M) 10.618ms
[2020-08-01T12:24:17.814+0300][45.326s][info ][gc] GC(1951) Pause Young (Normal) (G1 Evacuation Pause) 416M->417M(512M) 10.554ms
[2020-08-01T12:24:17.839+0300][45.352s][info ][gc] GC(1952) Pause Young (Normal) (G1 Evacuation Pause) 458M->459M(512M) 11.744ms
[2020-08-01T12:24:17.860+0300][45.373s][info ][gc] GC(1953) Pause Young (Normal) (G1 Evacuation Pause) 480M->482M(512M) 10.874ms
[2020-08-01T12:24:17.899+0300][45.412s][info ][gc] GC(1954) To-space exhausted
[2020-08-01T12:24:17.900+0300][45.412s][info ][gc] GC(1954) Pause Young (Normal) (G1 Evacuation Pause) 503M->508M(512M) 29.945ms
[2020-08-01T12:24:17.900+0300][45.413s][debug][gc] GC(1955) Clear Next Bitmap 0.302ms
[2020-08-01T12:24:17.948+0300][45.461s][info ][gc] GC(1955) Pause Full (G1 Evacuation Pause) 508M->79M(512M) 48.446ms
[2020-08-01T12:24:17.948+0300][45.461s][info ][gc] GC(1945) Concurrent Cycle 260.110ms
[2020-08-01T12:24:17.970+0300][45.483s][info ][gc] GC(1956) Pause Young (Normal) (G1 Evacuation Pause) 106M->107M(512M) 10.648ms
[2020-08-01T12:24:17.992+0300][45.505s][info ][gc] GC(1957) Pause Young (Normal) (G1 Evacuation Pause) 132M->133M(512M) 11.890ms
[2020-08-01T12:24:18.014+0300][45.527s][info ][gc] GC(1958) Pause Young (Normal) (G1 Evacuation Pause) 174M->176M(512M) 10.990ms
[2020-08-01T12:24:18.033+0300][45.546s][info ][gc] GC(1959) Pause Young (Normal) (G1 Evacuation Pause) 197M->199M(512M) 10.411ms
[2020-08-01T12:24:18.052+0300][45.565s][info ][gc] GC(1960) Pause Young (Normal) (G1 Evacuation Pause) 220M->221M(512M) 10.380ms
[2020-08-01T12:24:18.072+0300][45.585s][info ][gc] GC(1961) Pause Young (Normal) (G1 Evacuation Pause) 242M->243M(512M) 10.557ms
[2020-08-01T12:24:18.091+0300][45.604s][info ][gc] GC(1962) Pause Young (Concurrent Start) (G1 Evacuation Pause) 265M->266M(512M) 10.550ms
[2020-08-01T12:24:18.091+0300][45.604s][info ][gc] GC(1963) Concurrent Cycle
[2020-08-01T12:24:18.113+0300][45.626s][info ][gc] GC(1964) Pause Young (Normal) (G1 Evacuation Pause) 307M->309M(512M) 11.298ms
[2020-08-01T12:24:18.133+0300][45.646s][info ][gc] GC(1965) Pause Young (Normal) (G1 Evacuation Pause) 330M->331M(512M) 11.401ms
[2020-08-01T12:24:18.152+0300][45.665s][info ][gc] GC(1966) Pause Young (Normal) (G1 Evacuation Pause) 352M->354M(512M) 10.320ms
[2020-08-01T12:24:18.171+0300][45.684s][info ][gc] GC(1967) Pause Young (Normal) (G1 Evacuation Pause) 375M->376M(512M) 10.088ms
[2020-08-01T12:24:18.191+0300][45.703s][info ][gc] GC(1968) Pause Young (Normal) (G1 Evacuation Pause) 397M->398M(512M) 10.517ms
[2020-08-01T12:24:18.210+0300][45.723s][info ][gc] GC(1969) Pause Young (Normal) (G1 Evacuation Pause) 419M->421M(512M) 10.228ms
[2020-08-01T12:24:18.233+0300][45.746s][info ][gc] GC(1970) Pause Young (Normal) (G1 Evacuation Pause) 462M->463M(512M) 10.220ms
[2020-08-01T12:24:18.254+0300][45.767s][info ][gc] GC(1971) To-space exhausted
[2020-08-01T12:24:18.254+0300][45.767s][info ][gc] GC(1971) Pause Young (Normal) (G1 Evacuation Pause) 484M->486M(512M) 11.704ms
[2020-08-01T12:24:18.297+0300][45.810s][info ][gc] GC(1972) To-space exhausted
[2020-08-01T12:24:18.298+0300][45.810s][info ][gc] GC(1972) Pause Young (Normal) (G1 Evacuation Pause) 507M->509M(512M) 34.665ms
[2020-08-01T12:24:18.298+0300][45.811s][debug][gc] GC(1973) Clear Next Bitmap 0.267ms
[2020-08-01T12:24:18.349+0300][45.862s][info ][gc] GC(1973) Pause Full (G1 Evacuation Pause) 509M->81M(512M) 51.224ms
[2020-08-01T12:24:18.349+0300][45.862s][info ][gc] GC(1963) Concurrent Cycle 257.923ms
[2020-08-01T12:24:18.373+0300][45.886s][info ][gc] GC(1974) Pause Young (Normal) (G1 Evacuation Pause) 110M->111M(512M) 12.186ms
[2020-08-01T12:24:18.395+0300][45.907s][info ][gc] GC(1975) Pause Young (Normal) (G1 Evacuation Pause) 136M->136M(512M) 11.788ms
[2020-08-01T12:24:18.417+0300][45.930s][info ][gc] GC(1976) Pause Young (Normal) (G1 Evacuation Pause) 177M->178M(512M) 10.613ms
[2020-08-01T12:24:18.439+0300][45.952s][info ][gc] GC(1977) Pause Young (Normal) (G1 Evacuation Pause) 199M->201M(512M) 13.039ms
[2020-08-01T12:24:18.459+0300][45.972s][info ][gc] GC(1978) Pause Young (Normal) (G1 Evacuation Pause) 222M->223M(512M) 10.642ms
[2020-08-01T12:24:18.479+0300][45.992s][info ][gc] GC(1979) Pause Young (Normal) (G1 Evacuation Pause) 244M->246M(512M) 10.540ms
[2020-08-01T12:24:18.497+0300][46.010s][info ][gc] GC(1980) Pause Young (Concurrent Start) (G1 Evacuation Pause) 267M->268M(512M) 10.445ms
[2020-08-01T12:24:18.497+0300][46.010s][info ][gc] GC(1981) Concurrent Cycle
[2020-08-01T12:24:18.520+0300][46.033s][info ][gc] GC(1982) Pause Young (Normal) (G1 Evacuation Pause) 309M->310M(512M) 10.885ms
[2020-08-01T12:24:18.539+0300][46.052s][info ][gc] GC(1983) Pause Young (Normal) (G1 Evacuation Pause) 331M->333M(512M) 10.272ms
[2020-08-01T12:24:18.558+0300][46.071s][info ][gc] GC(1984) Pause Young (Normal) (G1 Evacuation Pause) 354M->356M(512M) 10.473ms
[2020-08-01T12:24:18.579+0300][46.092s][info ][gc] GC(1985) Pause Young (Normal) (G1 Evacuation Pause) 377M->379M(512M) 11.955ms
[2020-08-01T12:24:18.599+0300][46.112s][info ][gc] GC(1986) Pause Young (Normal) (G1 Evacuation Pause) 400M->401M(512M) 10.984ms
[2020-08-01T12:24:18.624+0300][46.137s][info ][gc] GC(1987) Pause Young (Normal) (G1 Evacuation Pause) 442M->443M(512M) 10.684ms
[2020-08-01T12:24:18.644+0300][46.157s][info ][gc] GC(1988) Pause Young (Normal) (G1 Evacuation Pause) 464M->466M(512M) 10.865ms
[2020-08-01T12:24:18.668+0300][46.181s][info ][gc] GC(1989) To-space exhausted
[2020-08-01T12:24:18.668+0300][46.181s][info ][gc] GC(1989) Pause Young (Normal) (G1 Evacuation Pause) 487M->496M(512M) 14.508ms
[2020-08-01T12:24:18.698+0300][46.211s][info ][gc] GC(1990) To-space exhausted
[2020-08-01T12:24:18.698+0300][46.211s][info ][gc] GC(1990) Pause Young (Normal) (G1 Evacuation Pause) 508M->508M(512M) 24.846ms
[2020-08-01T12:24:18.699+0300][46.212s][debug][gc] GC(1991) Clear Next Bitmap 0.292ms
[2020-08-01T12:24:18.747+0300][46.260s][info ][gc] GC(1991) Pause Full (G1 Evacuation Pause) 508M->76M(512M) 48.975ms
[2020-08-01T12:24:18.748+0300][46.260s][info ][gc] GC(1981) Concurrent Cycle 250.080ms
[2020-08-01T12:24:18.770+0300][46.283s][info ][gc] GC(1992) Pause Young (Normal) (G1 Evacuation Pause) 102M->102M(512M) 12.105ms
[2020-08-01T12:24:18.791+0300][46.304s][info ][gc] GC(1993) Pause Young (Normal) (G1 Evacuation Pause) 126M->128M(512M) 11.788ms
[2020-08-01T12:24:18.812+0300][46.325s][info ][gc] GC(1994) Pause Young (Normal) (G1 Evacuation Pause) 169M->170M(512M) 10.485ms
[2020-08-01T12:24:18.833+0300][46.346s][info ][gc] GC(1995) Pause Young (Normal) (G1 Evacuation Pause) 191M->193M(512M) 12.225ms
[2020-08-01T12:24:18.853+0300][46.366s][info ][gc] GC(1996) Pause Young (Normal) (G1 Evacuation Pause) 214M->215M(512M) 11.518ms
[2020-08-01T12:24:18.873+0300][46.386s][info ][gc] GC(1997) Pause Young (Normal) (G1 Evacuation Pause) 236M->238M(512M) 11.738ms
[2020-08-01T12:24:18.894+0300][46.407s][info ][gc] GC(1998) Pause Young (Concurrent Start) (G1 Evacuation Pause) 259M->260M(512M) 11.946ms
[2020-08-01T12:24:18.894+0300][46.407s][info ][gc] GC(1999) Concurrent Cycle
[2020-08-01T12:24:18.917+0300][46.430s][info ][gc] GC(2000) Pause Young (Normal) (G1 Evacuation Pause) 301M->302M(512M) 10.298ms
[2020-08-01T12:24:18.938+0300][46.450s][info ][gc] GC(2001) Pause Young (Normal) (G1 Evacuation Pause) 323M->324M(512M) 11.665ms
[2020-08-01T12:24:18.957+0300][46.470s][info ][gc] GC(2002) Pause Young (Normal) (G1 Evacuation Pause) 345M->346M(512M) 10.391ms
[2020-08-01T12:24:18.976+0300][46.489s][info ][gc] GC(2003) Pause Young (Normal) (G1 Evacuation Pause) 367M->369M(512M) 10.624ms
[2020-08-01T12:24:18.996+0300][46.509s][info ][gc] GC(2004) Pause Young (Normal) (G1 Evacuation Pause) 390M->391M(512M) 10.992ms
[2020-08-01T12:24:19.015+0300][46.528s][info ][gc] GC(2005) Pause Young (Normal) (G1 Evacuation Pause) 412M->414M(512M) 10.373ms
[2020-08-01T12:24:19.039+0300][46.552s][info ][gc] GC(2006) Pause Young (Normal) (G1 Evacuation Pause) 455M->456M(512M) 11.479ms
[2020-08-01T12:24:19.058+0300][46.571s][info ][gc] GC(2007) Pause Young (Normal) (G1 Evacuation Pause) 477M->479M(512M) 10.642ms
[2020-08-01T12:24:19.098+0300][46.611s][info ][gc] GC(2008) To-space exhausted
[2020-08-01T12:24:19.098+0300][46.611s][info ][gc] GC(2008) Pause Young (Normal) (G1 Evacuation Pause) 500M->506M(512M) 30.230ms
[2020-08-01T12:24:19.109+0300][46.622s][info ][gc] GC(2009) To-space exhausted
[2020-08-01T12:24:19.110+0300][46.622s][info ][gc] GC(2009) Pause Young (Normal) (G1 Evacuation Pause) 508M->508M(512M) 8.836ms
[2020-08-01T12:24:19.110+0300][46.623s][debug][gc] GC(2010) Clear Next Bitmap 0.380ms
[2020-08-01T12:24:19.157+0300][46.670s][info ][gc] GC(2010) Pause Full (G1 Evacuation Pause) 508M->77M(512M) 47.090ms
[2020-08-01T12:24:19.157+0300][46.670s][info ][gc] GC(1999) Concurrent Cycle 262.993ms
[2020-08-01T12:24:19.180+0300][46.693s][info ][gc] GC(2011) Pause Young (Normal) (G1 Evacuation Pause) 104M->104M(512M) 12.133ms
[2020-08-01T12:24:19.202+0300][46.715s][info ][gc] GC(2012) Pause Young (Normal) (G1 Evacuation Pause) 128M->129M(512M) 13.108ms
[2020-08-01T12:24:19.224+0300][46.737s][info ][gc] GC(2013) Pause Young (Normal) (G1 Evacuation Pause) 170M->172M(512M) 10.728ms
[2020-08-01T12:24:19.244+0300][46.757s][info ][gc] GC(2014) Pause Young (Normal) (G1 Evacuation Pause) 193M->194M(512M) 10.622ms
[2020-08-01T12:24:19.263+0300][46.776s][info ][gc] GC(2015) Pause Young (Normal) (G1 Evacuation Pause) 215M->216M(512M) 10.933ms
[2020-08-01T12:24:19.284+0300][46.797s][info ][gc] GC(2016) Pause Young (Normal) (G1 Evacuation Pause) 237M->238M(512M) 11.646ms
[2020-08-01T12:24:19.303+0300][46.816s][info ][gc] GC(2017) Pause Young (Concurrent Start) (G1 Evacuation Pause) 259M->261M(512M) 10.989ms
[2020-08-01T12:24:19.303+0300][46.816s][info ][gc] GC(2018) Concurrent Cycle
[2020-08-01T12:24:19.327+0300][46.840s][info ][gc] GC(2019) Pause Young (Normal) (G1 Evacuation Pause) 302M->303M(512M) 10.642ms
[2020-08-01T12:24:19.347+0300][46.860s][info ][gc] GC(2020) Pause Young (Normal) (G1 Evacuation Pause) 324M->325M(512M) 10.736ms
[2020-08-01T12:24:19.366+0300][46.879s][info ][gc] GC(2021) Pause Young (Normal) (G1 Evacuation Pause) 346M->347M(512M) 10.474ms
[2020-08-01T12:24:19.385+0300][46.898s][info ][gc] GC(2022) Pause Young (Normal) (G1 Evacuation Pause) 368M->369M(512M) 10.281ms
[2020-08-01T12:24:19.405+0300][46.918s][info ][gc] GC(2023) Pause Young (Normal) (G1 Evacuation Pause) 390M->391M(512M) 11.613ms
[2020-08-01T12:24:19.425+0300][46.938s][info ][gc] GC(2024) Pause Young (Normal) (G1 Evacuation Pause) 412M->414M(512M) 10.826ms
[2020-08-01T12:24:19.453+0300][46.966s][info ][gc] GC(2025) Pause Young (Normal) (G1 Evacuation Pause) 455M->457M(512M) 12.138ms
[2020-08-01T12:24:19.473+0300][46.986s][info ][gc] GC(2026) Pause Young (Normal) (G1 Evacuation Pause) 478M->479M(512M) 10.576ms
[2020-08-01T12:24:19.512+0300][47.025s][info ][gc] GC(2027) To-space exhausted
[2020-08-01T12:24:19.512+0300][47.025s][info ][gc] GC(2027) Pause Young (Normal) (G1 Evacuation Pause) 500M->507M(512M) 29.360ms
[2020-08-01T12:24:19.524+0300][47.036s][info ][gc] GC(2028) To-space exhausted
[2020-08-01T12:24:19.524+0300][47.037s][info ][gc] GC(2028) Pause Young (Normal) (G1 Evacuation Pause) 508M->508M(512M) 9.082ms
[2020-08-01T12:24:19.524+0300][47.037s][debug][gc] GC(2029) Clear Next Bitmap 0.345ms
[2020-08-01T12:24:19.572+0300][47.085s][info ][gc] GC(2029) Pause Full (G1 Evacuation Pause) 508M->78M(512M) 48.395ms
[2020-08-01T12:24:19.572+0300][47.085s][info ][gc] GC(2018) Pause Remark 79M->79M(512M) 0.002ms
[2020-08-01T12:24:19.572+0300][47.085s][info ][gc] GC(2018) Concurrent Cycle 269.229ms
[2020-08-01T12:24:19.594+0300][47.107s][info ][gc] GC(2030) Pause Young (Normal) (G1 Evacuation Pause) 105M->105M(512M) 10.593ms
[2020-08-01T12:24:19.616+0300][47.129s][info ][gc] GC(2031) Pause Young (Normal) (G1 Evacuation Pause) 130M->131M(512M) 12.164ms
[2020-08-01T12:24:19.637+0300][47.150s][info ][gc] GC(2032) Pause Young (Normal) (G1 Evacuation Pause) 172M->173M(512M) 10.072ms
[2020-08-01T12:24:19.657+0300][47.169s][info ][gc] GC(2033) Pause Young (Normal) (G1 Evacuation Pause) 194M->195M(512M) 10.477ms
[2020-08-01T12:24:19.676+0300][47.189s][info ][gc] GC(2034) Pause Young (Normal) (G1 Evacuation Pause) 216M->217M(512M) 10.459ms
[2020-08-01T12:24:19.695+0300][47.208s][info ][gc] GC(2035) Pause Young (Normal) (G1 Evacuation Pause) 238M->239M(512M) 10.447ms
[2020-08-01T12:24:19.715+0300][47.228s][info ][gc] GC(2036) Pause Young (Concurrent Start) (G1 Evacuation Pause) 260M->262M(512M) 11.182ms
[2020-08-01T12:24:19.715+0300][47.228s][info ][gc] GC(2037) Concurrent Cycle
[2020-08-01T12:24:19.740+0300][47.253s][info ][gc] GC(2038) Pause Young (Normal) (G1 Evacuation Pause) 303M->304M(512M) 10.630ms
[2020-08-01T12:24:19.760+0300][47.272s][info ][gc] GC(2039) Pause Young (Normal) (G1 Evacuation Pause) 325M->327M(512M) 10.299ms
[2020-08-01T12:24:19.779+0300][47.292s][info ][gc] GC(2040) Pause Young (Normal) (G1 Evacuation Pause) 348M->349M(512M) 10.684ms
[2020-08-01T12:24:19.798+0300][47.311s][info ][gc] GC(2041) Pause Young (Normal) (G1 Evacuation Pause) 370M->372M(512M) 10.757ms
[2020-08-01T12:24:19.817+0300][47.330s][info ][gc] GC(2042) Pause Young (Normal) (G1 Evacuation Pause) 393M->394M(512M) 10.128ms
[2020-08-01T12:24:19.837+0300][47.350s][info ][gc] GC(2043) Pause Young (Normal) (G1 Evacuation Pause) 415M->417M(512M) 10.525ms
[2020-08-01T12:24:19.860+0300][47.373s][info ][gc] GC(2044) Pause Young (Normal) (G1 Evacuation Pause) 458M->459M(512M) 10.313ms
[2020-08-01T12:24:19.880+0300][47.393s][info ][gc] GC(2045) Pause Young (Normal) (G1 Evacuation Pause) 480M->481M(512M) 10.623ms
[2020-08-01T12:24:19.920+0300][47.433s][info ][gc] GC(2046) To-space exhausted
[2020-08-01T12:24:19.920+0300][47.433s][info ][gc] GC(2046) Pause Young (Normal) (G1 Evacuation Pause) 502M->508M(512M) 31.037ms
[2020-08-01T12:24:19.921+0300][47.433s][debug][gc] GC(2047) Clear Next Bitmap 0.240ms
[2020-08-01T12:24:19.970+0300][47.483s][info ][gc] GC(2047) Pause Full (G1 Evacuation Pause) 508M->80M(512M) 49.635ms
[2020-08-01T12:24:19.970+0300][47.483s][info ][gc] GC(2037) Concurrent Cycle 255.093ms
[2020-08-01T12:24:19.992+0300][47.505s][info ][gc] GC(2048) Pause Young (Normal) (G1 Evacuation Pause) 107M->108M(512M) 11.163ms
[2020-08-01T12:24:20.014+0300][47.527s][info ][gc] GC(2049) Pause Young (Normal) (G1 Evacuation Pause) 133M->134M(512M) 11.865ms
[2020-08-01T12:24:20.036+0300][47.549s][info ][gc] GC(2050) Pause Young (Normal) (G1 Evacuation Pause) 175M->177M(512M) 10.550ms
[2020-08-01T12:24:20.055+0300][47.568s][info ][gc] GC(2051) Pause Young (Normal) (G1 Evacuation Pause) 198M->199M(512M) 10.441ms
[2020-08-01T12:24:20.074+0300][47.587s][info ][gc] GC(2052) Pause Young (Normal) (G1 Evacuation Pause) 220M->221M(512M) 10.341ms
[2020-08-01T12:24:20.093+0300][47.606s][info ][gc] GC(2053) Pause Young (Normal) (G1 Evacuation Pause) 242M->243M(512M) 10.578ms
[2020-08-01T12:24:20.114+0300][47.627s][info ][gc] GC(2054) Pause Young (Concurrent Start) (G1 Evacuation Pause) 264M->266M(512M) 12.046ms
[2020-08-01T12:24:20.114+0300][47.627s][info ][gc] GC(2055) Concurrent Cycle
[2020-08-01T12:24:20.137+0300][47.650s][info ][gc] GC(2056) Pause Young (Normal) (G1 Evacuation Pause) 307M->308M(512M) 10.356ms
[2020-08-01T12:24:20.156+0300][47.669s][info ][gc] GC(2057) Pause Young (Normal) (G1 Evacuation Pause) 329M->331M(512M) 10.445ms
[2020-08-01T12:24:20.176+0300][47.688s][info ][gc] GC(2058) Pause Young (Normal) (G1 Evacuation Pause) 352M->353M(512M) 10.449ms
[2020-08-01T12:24:20.195+0300][47.708s][info ][gc] GC(2059) Pause Young (Normal) (G1 Evacuation Pause) 374M->376M(512M) 10.317ms
[2020-08-01T12:24:20.214+0300][47.727s][info ][gc] GC(2060) Pause Young (Normal) (G1 Evacuation Pause) 398M->399M(512M) 10.160ms
[2020-08-01T12:24:20.233+0300][47.746s][info ][gc] GC(2061) Pause Young (Normal) (G1 Evacuation Pause) 420M->422M(512M) 10.541ms
[2020-08-01T12:24:20.257+0300][47.770s][info ][gc] GC(2062) Pause Young (Normal) (G1 Evacuation Pause) 463M->464M(512M) 10.425ms
[2020-08-01T12:24:20.278+0300][47.791s][info ][gc] GC(2063) To-space exhausted
[2020-08-01T12:24:20.278+0300][47.791s][info ][gc] GC(2063) Pause Young (Normal) (G1 Evacuation Pause) 485M->494M(512M) 12.222ms
[2020-08-01T12:24:20.316+0300][47.828s][info ][gc] GC(2064) To-space exhausted
[2020-08-01T12:24:20.316+0300][47.828s][info ][gc] GC(2064) Pause Young (Normal) (G1 Evacuation Pause) 509M->509M(512M) 30.641ms
[2020-08-01T12:24:20.316+0300][47.829s][debug][gc] GC(2065) Clear Next Bitmap 0.276ms
[2020-08-01T12:24:20.365+0300][47.878s][info ][gc] GC(2065) Pause Full (G1 Evacuation Pause) 509M->76M(512M) 49.468ms
[2020-08-01T12:24:20.365+0300][47.878s][info ][gc] GC(2055) Concurrent Cycle 251.466ms
[2020-08-01T12:24:20.387+0300][47.900s][info ][gc] GC(2066) Pause Young (Normal) (G1 Evacuation Pause) 103M->104M(512M) 11.355ms
[2020-08-01T12:24:20.409+0300][47.922s][info ][gc] GC(2067) Pause Young (Normal) (G1 Evacuation Pause) 129M->130M(512M) 11.611ms
[2020-08-01T12:24:20.434+0300][47.947s][info ][gc] GC(2068) Pause Young (Normal) (G1 Evacuation Pause) 171M->173M(512M) 13.470ms
[2020-08-01T12:24:20.453+0300][47.966s][info ][gc] GC(2069) Pause Young (Normal) (G1 Evacuation Pause) 194M->195M(512M) 10.533ms
[2020-08-01T12:24:20.472+0300][47.985s][info ][gc] GC(2070) Pause Young (Normal) (G1 Evacuation Pause) 216M->218M(512M) 10.571ms
[2020-08-01T12:24:20.492+0300][48.005s][info ][gc] GC(2071) Pause Young (Normal) (G1 Evacuation Pause) 239M->240M(512M) 10.612ms
[2020-08-01T12:24:20.511+0300][48.024s][info ][gc] GC(2072) Pause Young (Concurrent Start) (G1 Evacuation Pause) 261M->262M(512M) 10.457ms
[2020-08-01T12:24:20.511+0300][48.024s][info ][gc] GC(2073) Concurrent Cycle
[2020-08-01T12:24:20.536+0300][48.048s][info ][gc] GC(2074) Pause Young (Normal) (G1 Evacuation Pause) 304M->306M(512M) 11.631ms
[2020-08-01T12:24:20.555+0300][48.068s][info ][gc] GC(2075) Pause Young (Normal) (G1 Evacuation Pause) 327M->328M(512M) 10.539ms
[2020-08-01T12:24:20.575+0300][48.088s][info ][gc] GC(2076) Pause Young (Normal) (G1 Evacuation Pause) 349M->350M(512M) 10.590ms
[2020-08-01T12:24:20.595+0300][48.107s][info ][gc] GC(2077) Pause Young (Normal) (G1 Evacuation Pause) 371M->373M(512M) 10.409ms
[2020-08-01T12:24:20.614+0300][48.127s][info ][gc] GC(2078) Pause Young (Normal) (G1 Evacuation Pause) 394M->395M(512M) 10.418ms
[2020-08-01T12:24:20.633+0300][48.146s][info ][gc] GC(2079) Pause Young (Normal) (G1 Evacuation Pause) 416M->417M(512M) 10.417ms
[2020-08-01T12:24:20.655+0300][48.168s][info ][gc] GC(2080) Pause Young (Normal) (G1 Evacuation Pause) 458M->459M(512M) 11.240ms
[2020-08-01T12:24:20.677+0300][48.190s][info ][gc] GC(2081) Pause Young (Normal) (G1 Evacuation Pause) 480M->482M(512M) 13.095ms
[2020-08-01T12:24:20.719+0300][48.232s][info ][gc] GC(2082) To-space exhausted
[2020-08-01T12:24:20.719+0300][48.232s][info ][gc] GC(2082) Pause Young (Normal) (G1 Evacuation Pause) 503M->508M(512M) 32.676ms
[2020-08-01T12:24:20.719+0300][48.232s][debug][gc] GC(2083) Clear Next Bitmap 0.305ms
[2020-08-01T12:24:20.773+0300][48.286s][info ][gc] GC(2083) Pause Full (G1 Evacuation Pause) 508M->78M(512M) 53.601ms
[2020-08-01T12:24:20.773+0300][48.286s][info ][gc] GC(2073) Concurrent Cycle 261.642ms
[2020-08-01T12:24:20.796+0300][48.309s][info ][gc] GC(2084) Pause Young (Normal) (G1 Evacuation Pause) 105M->106M(512M) 12.248ms
[2020-08-01T12:24:20.817+0300][48.330s][info ][gc] GC(2085) Pause Young (Normal) (G1 Evacuation Pause) 130M->131M(512M) 11.586ms
[2020-08-01T12:24:20.839+0300][48.352s][info ][gc] GC(2086) Pause Young (Normal) (G1 Evacuation Pause) 172M->174M(512M) 10.396ms
[2020-08-01T12:24:20.858+0300][48.371s][info ][gc] GC(2087) Pause Young (Normal) (G1 Evacuation Pause) 195M->197M(512M) 10.445ms
[2020-08-01T12:24:20.876+0300][48.389s][info ][gc] GC(2088) Pause Young (Normal) (G1 Evacuation Pause) 218M->219M(512M) 10.373ms
[2020-08-01T12:24:20.895+0300][48.408s][info ][gc] GC(2089) Pause Young (Normal) (G1 Evacuation Pause) 240M->241M(512M) 10.321ms
[2020-08-01T12:24:20.916+0300][48.429s][info ][gc] GC(2090) Pause Young (Concurrent Start) (G1 Evacuation Pause) 262M->264M(512M) 11.858ms
[2020-08-01T12:24:20.916+0300][48.429s][info ][gc] GC(2091) Concurrent Cycle
[2020-08-01T12:24:20.938+0300][48.451s][info ][gc] GC(2092) Pause Young (Normal) (G1 Evacuation Pause) 305M->306M(512M) 10.321ms
[2020-08-01T12:24:20.958+0300][48.471s][info ][gc] GC(2093) Pause Young (Normal) (G1 Evacuation Pause) 327M->328M(512M) 10.528ms
[2020-08-01T12:24:20.977+0300][48.490s][info ][gc] GC(2094) Pause Young (Normal) (G1 Evacuation Pause) 349M->351M(512M) 10.234ms
[2020-08-01T12:24:20.997+0300][48.510s][info ][gc] GC(2095) Pause Young (Normal) (G1 Evacuation Pause) 372M->373M(512M) 10.564ms
[2020-08-01T12:24:21.016+0300][48.529s][info ][gc] GC(2096) Pause Young (Normal) (G1 Evacuation Pause) 394M->395M(512M) 10.678ms
[2020-08-01T12:24:21.036+0300][48.549s][info ][gc] GC(2097) Pause Young (Normal) (G1 Evacuation Pause) 416M->417M(512M) 10.866ms
[2020-08-01T12:24:21.057+0300][48.570s][info ][gc] GC(2098) Pause Young (Normal) (G1 Evacuation Pause) 458M->460M(512M) 10.415ms
[2020-08-01T12:24:21.076+0300][48.589s][info ][gc] GC(2099) Pause Young (Normal) (G1 Evacuation Pause) 481M->482M(512M) 10.568ms
[2020-08-01T12:24:21.118+0300][48.630s][info ][gc] GC(2100) To-space exhausted
[2020-08-01T12:24:21.118+0300][48.631s][info ][gc] GC(2100) Pause Young (Normal) (G1 Evacuation Pause) 503M->506M(512M) 32.888ms
[2020-08-01T12:24:21.125+0300][48.638s][info ][gc] GC(2101) To-space exhausted
[2020-08-01T12:24:21.125+0300][48.638s][info ][gc] GC(2101) Pause Young (Normal) (G1 Evacuation Pause) 507M->507M(512M) 6.882ms
[2020-08-01T12:24:21.126+0300][48.639s][debug][gc] GC(2102) Clear Next Bitmap 0.517ms
[2020-08-01T12:24:21.179+0300][48.692s][info ][gc] GC(2102) Pause Full (G1 Evacuation Pause) 507M->80M(512M) 53.597ms
[2020-08-01T12:24:21.179+0300][48.692s][info ][gc] GC(2091) Concurrent Cycle 263.680ms
[2020-08-01T12:24:21.203+0300][48.716s][info ][gc] GC(2103) Pause Young (Normal) (G1 Evacuation Pause) 106M->106M(512M) 13.231ms
[2020-08-01T12:24:21.223+0300][48.735s][info ][gc] GC(2104) Pause Young (Normal) (G1 Evacuation Pause) 128M->129M(512M) 10.355ms
[2020-08-01T12:24:21.244+0300][48.757s][info ][gc] GC(2105) Pause Young (Normal) (G1 Evacuation Pause) 170M->172M(512M) 10.422ms
[2020-08-01T12:24:21.264+0300][48.777s][info ][gc] GC(2106) Pause Young (Normal) (G1 Evacuation Pause) 193M->195M(512M) 11.916ms
[2020-08-01T12:24:21.283+0300][48.796s][info ][gc] GC(2107) Pause Young (Normal) (G1 Evacuation Pause) 216M->217M(512M) 10.711ms
[2020-08-01T12:24:21.302+0300][48.815s][info ][gc] GC(2108) Pause Young (Normal) (G1 Evacuation Pause) 238M->239M(512M) 10.406ms
[2020-08-01T12:24:21.321+0300][48.834s][info ][gc] GC(2109) Pause Young (Concurrent Start) (G1 Evacuation Pause) 260M->261M(512M) 10.585ms
[2020-08-01T12:24:21.321+0300][48.834s][info ][gc] GC(2110) Concurrent Cycle
[2020-08-01T12:24:21.346+0300][48.859s][info ][gc] GC(2111) Pause Young (Normal) (G1 Evacuation Pause) 302M->303M(512M) 10.731ms
[2020-08-01T12:24:21.365+0300][48.878s][info ][gc] GC(2112) Pause Young (Normal) (G1 Evacuation Pause) 324M->326M(512M) 10.515ms
[2020-08-01T12:24:21.386+0300][48.899s][info ][gc] GC(2113) Pause Young (Normal) (G1 Evacuation Pause) 347M->348M(512M) 11.001ms
[2020-08-01T12:24:21.405+0300][48.917s][info ][gc] GC(2114) Pause Young (Normal) (G1 Evacuation Pause) 369M->371M(512M) 10.001ms
[2020-08-01T12:24:21.424+0300][48.937s][info ][gc] GC(2115) Pause Young (Normal) (G1 Evacuation Pause) 392M->393M(512M) 10.489ms
[2020-08-01T12:24:21.445+0300][48.958s][info ][gc] GC(2116) Pause Young (Normal) (G1 Evacuation Pause) 414M->415M(512M) 10.277ms
[2020-08-01T12:24:21.470+0300][48.983s][info ][gc] GC(2117) Pause Young (Normal) (G1 Evacuation Pause) 456M->458M(512M) 12.411ms
[2020-08-01T12:24:21.490+0300][49.003s][info ][gc] GC(2118) Pause Young (Normal) (G1 Evacuation Pause) 479M->481M(512M) 10.554ms
[2020-08-01T12:24:21.499+0300][49.012s][debug][gc] GC(2110) Reclaimed 131 empty regions
[2020-08-01T12:24:21.499+0300][49.012s][info ][gc] GC(2110) Pause Remark 502M->373M(512M) 0.655ms
[2020-08-01T12:24:21.510+0300][49.023s][info ][gc] GC(2119) Pause Young (Normal) (G1 Evacuation Pause) 373M->375M(512M) 10.289ms
[2020-08-01T12:24:21.537+0300][49.050s][info ][gc] GC(2120) Pause Young (Normal) (G1 Evacuation Pause) 396M->397M(512M) 10.979ms
[2020-08-01T12:24:21.563+0300][49.076s][info ][gc] GC(2121) Pause Young (Normal) (G1 Evacuation Pause) 418M->420M(512M) 10.903ms
[2020-08-01T12:24:21.593+0300][49.106s][info ][gc] GC(2122) Pause Young (Normal) (G1 Evacuation Pause) 461M->462M(512M) 10.611ms
[2020-08-01T12:24:21.620+0300][49.133s][info ][gc] GC(2123) Pause Young (Normal) (G1 Evacuation Pause) 483M->485M(512M) 10.506ms
[2020-08-01T12:24:21.666+0300][49.179s][info ][gc] GC(2124) To-space exhausted
[2020-08-01T12:24:21.666+0300][49.179s][info ][gc] GC(2124) Pause Young (Normal) (G1 Evacuation Pause) 506M->510M(512M) 31.553ms
[2020-08-01T12:24:21.682+0300][49.195s][info ][gc] GC(2125) To-space exhausted
[2020-08-01T12:24:21.682+0300][49.195s][info ][gc] GC(2125) Pause Young (Normal) (G1 Evacuation Pause) 511M->511M(512M) 7.321ms
[2020-08-01T12:24:21.683+0300][49.196s][debug][gc] GC(2126) Clear Next Bitmap 0.396ms
[2020-08-01T12:24:21.726+0300][49.239s][info ][gc] GC(2126) Pause Full (G1 Evacuation Pause) 511M->68M(512M) 43.693ms
[2020-08-01T12:24:21.726+0300][49.239s][info ][gc] GC(2110) Concurrent Cycle 405.283ms
[2020-08-01T12:24:21.749+0300][49.262s][info ][gc] GC(2127) Pause Young (Normal) (G1 Evacuation Pause) 94M->94M(512M) 12.385ms
[2020-08-01T12:24:21.772+0300][49.285s][info ][gc] GC(2128) Pause Young (Normal) (G1 Evacuation Pause) 119M->121M(512M) 12.200ms
[2020-08-01T12:24:21.793+0300][49.306s][info ][gc] GC(2129) Pause Young (Normal) (G1 Evacuation Pause) 162M->164M(512M) 10.306ms
[2020-08-01T12:24:21.813+0300][49.326s][info ][gc] GC(2130) Pause Young (Normal) (G1 Evacuation Pause) 185M->186M(512M) 10.904ms
[2020-08-01T12:24:21.833+0300][49.346s][info ][gc] GC(2131) Pause Young (Normal) (G1 Evacuation Pause) 207M->209M(512M) 11.389ms
[2020-08-01T12:24:21.852+0300][49.365s][info ][gc] GC(2132) Pause Young (Normal) (G1 Evacuation Pause) 230M->231M(512M) 10.649ms
[2020-08-01T12:24:21.871+0300][49.384s][info ][gc] GC(2133) Pause Young (Normal) (G1 Evacuation Pause) 252M->253M(512M) 9.941ms
[2020-08-01T12:24:21.891+0300][49.404s][info ][gc] GC(2134) Pause Young (Concurrent Start) (G1 Evacuation Pause) 274M->276M(512M) 11.694ms
[2020-08-01T12:24:21.891+0300][49.404s][info ][gc] GC(2135) Concurrent Cycle
[2020-08-01T12:24:21.914+0300][49.427s][info ][gc] GC(2136) Pause Young (Normal) (G1 Evacuation Pause) 317M->318M(512M) 10.842ms
[2020-08-01T12:24:21.933+0300][49.446s][info ][gc] GC(2137) Pause Young (Normal) (G1 Evacuation Pause) 339M->341M(512M) 10.700ms
[2020-08-01T12:24:21.953+0300][49.465s][info ][gc] GC(2138) Pause Young (Normal) (G1 Evacuation Pause) 362M->363M(512M) 10.653ms
[2020-08-01T12:24:21.971+0300][49.484s][info ][gc] GC(2139) Pause Young (Normal) (G1 Evacuation Pause) 384M->386M(512M) 10.159ms
[2020-08-01T12:24:21.991+0300][49.504s][info ][gc] GC(2140) Pause Young (Normal) (G1 Evacuation Pause) 407M->409M(512M) 10.808ms
[2020-08-01T12:24:22.017+0300][49.529s][info ][gc] GC(2141) Pause Young (Normal) (G1 Evacuation Pause) 450M->452M(512M) 11.954ms
[2020-08-01T12:24:22.037+0300][49.549s][info ][gc] GC(2142) Pause Young (Normal) (G1 Evacuation Pause) 473M->474M(512M) 10.827ms
[2020-08-01T12:24:22.069+0300][49.582s][info ][gc] GC(2143) To-space exhausted
[2020-08-01T12:24:22.069+0300][49.582s][info ][gc] GC(2143) Pause Young (Normal) (G1 Evacuation Pause) 495M->502M(512M) 23.505ms
[2020-08-01T12:24:22.092+0300][49.605s][info ][gc] GC(2144) To-space exhausted
[2020-08-01T12:24:22.092+0300][49.605s][info ][gc] GC(2144) Pause Young (Normal) (G1 Evacuation Pause) 509M->509M(512M) 16.944ms
[2020-08-01T12:24:22.093+0300][49.605s][debug][gc] GC(2145) Clear Next Bitmap 0.485ms
[2020-08-01T12:24:22.139+0300][49.652s][info ][gc] GC(2145) Pause Full (G1 Evacuation Pause) 509M->76M(512M) 47.339ms
[2020-08-01T12:24:22.140+0300][49.652s][info ][gc] GC(2135) Concurrent Cycle 248.784ms
[2020-08-01T12:24:22.163+0300][49.676s][info ][gc] GC(2146) Pause Young (Normal) (G1 Evacuation Pause) 103M->103M(512M) 13.051ms
[2020-08-01T12:24:22.185+0300][49.698s][info ][gc] GC(2147) Pause Young (Normal) (G1 Evacuation Pause) 128M->130M(512M) 11.933ms
[2020-08-01T12:24:22.207+0300][49.720s][info ][gc] GC(2148) Pause Young (Normal) (G1 Evacuation Pause) 171M->172M(512M) 10.570ms
[2020-08-01T12:24:22.228+0300][49.740s][info ][gc] GC(2149) Pause Young (Normal) (G1 Evacuation Pause) 193M->194M(512M) 10.544ms
[2020-08-01T12:24:22.247+0300][49.760s][info ][gc] GC(2150) Pause Young (Normal) (G1 Evacuation Pause) 215M->216M(512M) 10.599ms
[2020-08-01T12:24:22.266+0300][49.779s][info ][gc] GC(2151) Pause Young (Normal) (G1 Evacuation Pause) 237M->239M(512M) 10.552ms
[2020-08-01T12:24:22.285+0300][49.798s][info ][gc] GC(2152) Pause Young (Concurrent Start) (G1 Evacuation Pause) 260M->261M(512M) 10.748ms
[2020-08-01T12:24:22.285+0300][49.798s][info ][gc] GC(2153) Concurrent Cycle
[2020-08-01T12:24:22.309+0300][49.821s][info ][gc] GC(2154) Pause Young (Normal) (G1 Evacuation Pause) 302M->303M(512M) 10.528ms
[2020-08-01T12:24:22.329+0300][49.842s][info ][gc] GC(2155) Pause Young (Normal) (G1 Evacuation Pause) 324M->325M(512M) 11.550ms
[2020-08-01T12:24:22.348+0300][49.861s][info ][gc] GC(2156) Pause Young (Normal) (G1 Evacuation Pause) 346M->347M(512M) 10.611ms
[2020-08-01T12:24:22.367+0300][49.880s][info ][gc] GC(2157) Pause Young (Normal) (G1 Evacuation Pause) 368M->370M(512M) 10.560ms
[2020-08-01T12:24:22.386+0300][49.899s][info ][gc] GC(2158) Pause Young (Normal) (G1 Evacuation Pause) 391M->393M(512M) 10.319ms
[2020-08-01T12:24:22.405+0300][49.918s][info ][gc] GC(2159) Pause Young (Normal) (G1 Evacuation Pause) 414M->415M(512M) 10.273ms
[2020-08-01T12:24:22.430+0300][49.943s][info ][gc] GC(2160) Pause Young (Normal) (G1 Evacuation Pause) 456M->457M(512M) 11.841ms
[2020-08-01T12:24:22.452+0300][49.965s][info ][gc] GC(2161) Pause Young (Normal) (G1 Evacuation Pause) 478M->479M(512M) 12.656ms
[2020-08-01T12:24:22.492+0300][50.005s][info ][gc] GC(2162) To-space exhausted
[2020-08-01T12:24:22.492+0300][50.005s][info ][gc] GC(2162) Pause Young (Normal) (G1 Evacuation Pause) 500M->507M(512M) 29.918ms
[2020-08-01T12:24:22.504+0300][50.017s][info ][gc] GC(2163) To-space exhausted
[2020-08-01T12:24:22.504+0300][50.017s][info ][gc] GC(2163) Pause Young (Normal) (G1 Evacuation Pause) 509M->509M(512M) 10.579ms
[2020-08-01T12:24:22.505+0300][50.017s][debug][gc] GC(2164) Clear Next Bitmap 0.342ms
[2020-08-01T12:24:22.556+0300][50.069s][info ][gc] GC(2164) Pause Full (G1 Evacuation Pause) 509M->79M(512M) 51.715ms
[2020-08-01T12:24:22.556+0300][50.069s][info ][gc] GC(2153) Concurrent Cycle 270.626ms
[2020-08-01T12:24:22.578+0300][50.091s][info ][gc] GC(2165) Pause Young (Normal) (G1 Evacuation Pause) 106M->106M(512M) 11.103ms
[2020-08-01T12:24:22.600+0300][50.112s][info ][gc] GC(2166) Pause Young (Normal) (G1 Evacuation Pause) 131M->132M(512M) 11.775ms
[2020-08-01T12:24:22.621+0300][50.134s][info ][gc] GC(2167) Pause Young (Normal) (G1 Evacuation Pause) 173M->175M(512M) 10.261ms
[2020-08-01T12:24:22.640+0300][50.153s][info ][gc] GC(2168) Pause Young (Normal) (G1 Evacuation Pause) 196M->197M(512M) 10.763ms
[2020-08-01T12:24:22.660+0300][50.173s][info ][gc] GC(2169) Pause Young (Normal) (G1 Evacuation Pause) 218M->220M(512M) 10.586ms
[2020-08-01T12:24:22.679+0300][50.192s][info ][gc] GC(2170) Pause Young (Normal) (G1 Evacuation Pause) 241M->243M(512M) 10.593ms
[2020-08-01T12:24:22.700+0300][50.212s][info ][gc] GC(2171) Pause Young (Concurrent Start) (G1 Evacuation Pause) 264M->265M(512M) 11.753ms
[2020-08-01T12:24:22.700+0300][50.212s][info ][gc] GC(2172) Concurrent Cycle
[2020-08-01T12:24:22.723+0300][50.236s][info ][gc] GC(2173) Pause Young (Normal) (G1 Evacuation Pause) 306M->308M(512M) 10.295ms
[2020-08-01T12:24:22.743+0300][50.255s][info ][gc] GC(2174) Pause Young (Normal) (G1 Evacuation Pause) 329M->331M(512M) 10.245ms
[2020-08-01T12:24:22.762+0300][50.275s][info ][gc] GC(2175) Pause Young (Normal) (G1 Evacuation Pause) 352M->353M(512M) 10.405ms
[2020-08-01T12:24:22.782+0300][50.295s][info ][gc] GC(2176) Pause Young (Normal) (G1 Evacuation Pause) 374M->375M(512M) 10.650ms
[2020-08-01T12:24:22.801+0300][50.314s][info ][gc] GC(2177) Pause Young (Normal) (G1 Evacuation Pause) 396M->397M(512M) 10.601ms
[2020-08-01T12:24:22.821+0300][50.334s][info ][gc] GC(2178) Pause Young (Normal) (G1 Evacuation Pause) 418M->419M(512M) 10.655ms
[2020-08-01T12:24:22.844+0300][50.357s][info ][gc] GC(2179) Pause Young (Normal) (G1 Evacuation Pause) 460M->462M(512M) 10.865ms
[2020-08-01T12:24:22.863+0300][50.376s][info ][gc] GC(2180) Pause Young (Normal) (G1 Evacuation Pause) 483M->484M(512M) 10.677ms
[2020-08-01T12:24:22.905+0300][50.418s][info ][gc] GC(2181) To-space exhausted
[2020-08-01T12:24:22.905+0300][50.418s][info ][gc] GC(2181) Pause Young (Normal) (G1 Evacuation Pause) 505M->507M(512M) 32.617ms
[2020-08-01T12:24:22.910+0300][50.423s][debug][gc] GC(2172) Reclaimed 120 empty regions
[2020-08-01T12:24:22.910+0300][50.423s][info ][gc] GC(2172) Pause Remark 509M->391M(512M) 0.699ms
[2020-08-01T12:24:22.930+0300][50.443s][info ][gc] GC(2182) Pause Young (Normal) (G1 Evacuation Pause) 412M->413M(512M) 10.873ms
[2020-08-01T12:24:22.956+0300][50.469s][info ][gc] GC(2183) Pause Young (Normal) (G1 Evacuation Pause) 434M->435M(512M) 10.592ms
[2020-08-01T12:24:22.976+0300][50.489s][info ][gc] GC(2184) Pause Young (Normal) (G1 Humongous Allocation) 448M->449M(512M) 7.359ms
[2020-08-01T12:24:22.977+0300][50.489s][debug][gc] GC(2185) Clear Next Bitmap 0.680ms
[2020-08-01T12:24:22.982+0300][50.495s][info ][gc] GC(2185) Pause Full (G1 Humongous Allocation) 449M->2M(512M) 5.972ms
[2020-08-01T12:24:22.982+0300][50.495s][info ][gc] GC(2172) Concurrent Cycle 282.416ms
[2020-08-01T12:24:23.007+0300][50.520s][info ][gc] GC(2186) Pause Young (Normal) (G1 Evacuation Pause) 48M->49M(512M) 12.695ms
[2020-08-01T12:24:23.028+0300][50.541s][info ][gc] GC(2187) Pause Young (Normal) (G1 Evacuation Pause) 72M->73M(512M) 11.229ms
[2020-08-01T12:24:23.047+0300][50.560s][info ][gc] GC(2188) Pause Young (Normal) (G1 Evacuation Pause) 94M->95M(512M) 10.618ms
[2020-08-01T12:24:23.066+0300][50.579s][info ][gc] GC(2189) Pause Young (Normal) (G1 Evacuation Pause) 116M->118M(512M) 10.654ms
[2020-08-01T12:24:23.086+0300][50.599s][info ][gc] GC(2190) Pause Young (Normal) (G1 Evacuation Pause) 139M->140M(512M) 10.697ms
[2020-08-01T12:24:23.108+0300][50.621s][info ][gc] GC(2191) Pause Young (Normal) (G1 Evacuation Pause) 181M->182M(512M) 10.710ms
[2020-08-01T12:24:23.127+0300][50.640s][info ][gc] GC(2192) Pause Young (Normal) (G1 Evacuation Pause) 203M->205M(512M) 10.388ms
[2020-08-01T12:24:23.146+0300][50.658s][info ][gc] GC(2193) Pause Young (Normal) (G1 Evacuation Pause) 226M->227M(512M) 10.346ms
[2020-08-01T12:24:23.166+0300][50.679s][info ][gc] GC(2194) Pause Young (Normal) (G1 Evacuation Pause) 248M->250M(512M) 11.576ms
[2020-08-01T12:24:23.185+0300][50.698s][info ][gc] GC(2195) Pause Young (Concurrent Start) (G1 Evacuation Pause) 271M->272M(512M) 11.189ms
[2020-08-01T12:24:23.185+0300][50.698s][info ][gc] GC(2196) Concurrent Cycle
[2020-08-01T12:24:23.207+0300][50.720s][info ][gc] GC(2197) Pause Young (Normal) (G1 Evacuation Pause) 313M->315M(512M) 10.560ms
[2020-08-01T12:24:23.226+0300][50.739s][info ][gc] GC(2198) Pause Young (Normal) (G1 Evacuation Pause) 336M->337M(512M) 10.523ms
[2020-08-01T12:24:23.245+0300][50.758s][info ][gc] GC(2199) Pause Young (Normal) (G1 Evacuation Pause) 358M->359M(512M) 10.720ms
[2020-08-01T12:24:23.265+0300][50.778s][info ][gc] GC(2200) Pause Young (Normal) (G1 Evacuation Pause) 380M->382M(512M) 10.637ms
[2020-08-01T12:24:23.285+0300][50.798s][info ][gc] GC(2201) Pause Young (Normal) (G1 Evacuation Pause) 403M->404M(512M) 10.703ms
[2020-08-01T12:24:23.304+0300][50.817s][info ][gc] GC(2202) Pause Young (Normal) (G1 Evacuation Pause) 425M->427M(512M) 10.104ms
[2020-08-01T12:24:23.329+0300][50.842s][info ][gc] GC(2203) Pause Young (Normal) (G1 Evacuation Pause) 468M->470M(512M) 11.889ms
[2020-08-01T12:24:23.358+0300][50.871s][info ][gc] GC(2204) To-space exhausted
[2020-08-01T12:24:23.358+0300][50.871s][info ][gc] GC(2204) Pause Young (Normal) (G1 Evacuation Pause) 491M->500M(512M) 20.214ms
[2020-08-01T12:24:23.381+0300][50.894s][info ][gc] GC(2205) To-space exhausted
[2020-08-01T12:24:23.381+0300][50.894s][info ][gc] GC(2205) Pause Young (Normal) (G1 Evacuation Pause) 508M->508M(512M) 18.607ms
[2020-08-01T12:24:23.382+0300][50.895s][debug][gc] GC(2206) Clear Next Bitmap 0.353ms
[2020-08-01T12:24:23.424+0300][50.937s][info ][gc] GC(2206) Pause Full (G1 Evacuation Pause) 508M->70M(512M) 42.583ms
[2020-08-01T12:24:23.424+0300][50.937s][info ][gc] GC(2196) Concurrent Cycle 238.856ms
[2020-08-01T12:24:23.447+0300][50.959s][info ][gc] GC(2207) Pause Young (Normal) (G1 Evacuation Pause) 97M->97M(512M) 11.549ms
[2020-08-01T12:24:23.472+0300][50.985s][info ][gc] GC(2208) Pause Young (Normal) (G1 Evacuation Pause) 122M->124M(512M) 15.259ms
[2020-08-01T12:24:23.495+0300][51.007s][info ][gc] GC(2209) Pause Young (Normal) (G1 Evacuation Pause) 165M->166M(512M) 10.735ms
[2020-08-01T12:24:23.515+0300][51.027s][info ][gc] GC(2210) Pause Young (Normal) (G1 Evacuation Pause) 187M->188M(512M) 10.850ms
[2020-08-01T12:24:23.534+0300][51.047s][info ][gc] GC(2211) Pause Young (Normal) (G1 Evacuation Pause) 209M->210M(512M) 10.658ms
[2020-08-01T12:24:23.554+0300][51.067s][info ][gc] GC(2212) Pause Young (Normal) (G1 Evacuation Pause) 231M->232M(512M) 11.630ms
[2020-08-01T12:24:23.574+0300][51.087s][info ][gc] GC(2213) Pause Young (Concurrent Start) (G1 Evacuation Pause) 253M->254M(512M) 10.690ms
[2020-08-01T12:24:23.574+0300][51.087s][info ][gc] GC(2214) Concurrent Cycle
[2020-08-01T12:24:23.598+0300][51.111s][info ][gc] GC(2215) Pause Young (Normal) (G1 Evacuation Pause) 275M->277M(512M) 13.582ms
[2020-08-01T12:24:23.623+0300][51.136s][info ][gc] GC(2216) Pause Young (Normal) (G1 Evacuation Pause) 318M->320M(512M) 12.370ms
[2020-08-01T12:24:23.642+0300][51.155s][info ][gc] GC(2217) Pause Young (Normal) (G1 Evacuation Pause) 341M->342M(512M) 10.504ms
[2020-08-01T12:24:23.665+0300][51.178s][info ][gc] GC(2218) Pause Young (Normal) (G1 Evacuation Pause) 363M->364M(512M) 12.232ms
[2020-08-01T12:24:23.686+0300][51.198s][info ][gc] GC(2219) Pause Young (Normal) (G1 Evacuation Pause) 385M->387M(512M) 11.552ms
[2020-08-01T12:24:23.706+0300][51.219s][info ][gc] GC(2220) Pause Young (Normal) (G1 Evacuation Pause) 408M->410M(512M) 10.735ms
[2020-08-01T12:24:23.731+0300][51.244s][info ][gc] GC(2221) Pause Young (Normal) (G1 Evacuation Pause) 451M->452M(512M) 12.063ms
[2020-08-01T12:24:23.751+0300][51.264s][info ][gc] GC(2222) Pause Young (Normal) (G1 Evacuation Pause) 473M->475M(512M) 10.973ms
[2020-08-01T12:24:23.756+0300][51.269s][debug][gc] GC(2214) Reclaimed 128 empty regions
[2020-08-01T12:24:23.756+0300][51.269s][info ][gc] GC(2214) Pause Remark 484M->360M(512M) 0.644ms
[2020-08-01T12:24:23.772+0300][51.285s][info ][gc] GC(2223) Pause Young (Normal) (G1 Evacuation Pause) 371M->373M(512M) 10.558ms
[2020-08-01T12:24:23.799+0300][51.312s][info ][gc] GC(2224) Pause Young (Normal) (G1 Evacuation Pause) 394M->395M(512M) 12.175ms
[2020-08-01T12:24:23.827+0300][51.340s][info ][gc] GC(2225) Pause Young (Normal) (G1 Evacuation Pause) 416M->417M(512M) 10.480ms
[2020-08-01T12:24:23.851+0300][51.364s][info ][gc] GC(2226) Pause Young (Normal) (G1 Evacuation Pause) 438M->440M(512M) 11.157ms
[2020-08-01T12:24:23.884+0300][51.397s][info ][gc] GC(2227) Pause Young (Normal) (G1 Evacuation Pause) 481M->483M(512M) 10.789ms
[2020-08-01T12:24:23.930+0300][51.443s][info ][gc] GC(2228) To-space exhausted
[2020-08-01T12:24:23.930+0300][51.443s][info ][gc] GC(2228) Pause Young (Normal) (G1 Evacuation Pause) 504M->511M(512M) 30.464ms
[2020-08-01T12:24:23.931+0300][51.444s][debug][gc] GC(2229) Clear Next Bitmap 0.371ms
[2020-08-01T12:24:23.970+0300][51.483s][info ][gc] GC(2229) Pause Full (G1 Evacuation Pause) 511M->61M(512M) 39.107ms
[2020-08-01T12:24:23.970+0300][51.483s][info ][gc] GC(2214) Concurrent Cycle 395.935ms
[2020-08-01T12:24:23.991+0300][51.504s][info ][gc] GC(2230) Pause Young (Normal) (G1 Evacuation Pause) 87M->88M(512M) 10.466ms
[2020-08-01T12:24:24.014+0300][51.527s][info ][gc] GC(2231) Pause Young (Normal) (G1 Evacuation Pause) 112M->114M(512M) 12.562ms
[2020-08-01T12:24:24.033+0300][51.545s][info ][gc] GC(2232) Pause Young (Normal) (G1 Evacuation Pause) 135M->136M(512M) 10.670ms
[2020-08-01T12:24:24.053+0300][51.566s][info ][gc] GC(2233) Pause Young (Normal) (G1 Evacuation Pause) 177M->179M(512M) 10.430ms
[2020-08-01T12:24:24.072+0300][51.585s][info ][gc] GC(2234) Pause Young (Normal) (G1 Evacuation Pause) 200M->201M(512M) 10.445ms
[2020-08-01T12:24:24.091+0300][51.604s][info ][gc] GC(2235) Pause Young (Normal) (G1 Evacuation Pause) 222M->223M(512M) 10.442ms
[2020-08-01T12:24:24.110+0300][51.623s][info ][gc] GC(2236) Pause Young (Normal) (G1 Evacuation Pause) 244M->245M(512M) 10.398ms
[2020-08-01T12:24:24.130+0300][51.643s][info ][gc] GC(2237) Pause Young (Concurrent Start) (G1 Evacuation Pause) 266M->268M(512M) 11.532ms
[2020-08-01T12:24:24.130+0300][51.643s][info ][gc] GC(2238) Concurrent Cycle
[2020-08-01T12:24:24.153+0300][51.666s][info ][gc] GC(2239) Pause Young (Normal) (G1 Evacuation Pause) 309M->311M(512M) 10.331ms
[2020-08-01T12:24:24.172+0300][51.685s][info ][gc] GC(2240) Pause Young (Normal) (G1 Evacuation Pause) 332M->333M(512M) 10.435ms
[2020-08-01T12:24:24.192+0300][51.705s][info ][gc] GC(2241) Pause Young (Normal) (G1 Evacuation Pause) 354M->355M(512M) 10.657ms
[2020-08-01T12:24:24.214+0300][51.727s][info ][gc] GC(2242) Pause Young (Normal) (G1 Evacuation Pause) 376M->378M(512M) 12.036ms
[2020-08-01T12:24:24.234+0300][51.747s][info ][gc] GC(2243) Pause Young (Normal) (G1 Evacuation Pause) 399M->400M(512M) 10.821ms
[2020-08-01T12:24:24.255+0300][51.768s][info ][gc] GC(2244) Pause Young (Normal) (G1 Evacuation Pause) 421M->422M(512M) 11.817ms
[2020-08-01T12:24:24.279+0300][51.792s][info ][gc] GC(2245) Pause Young (Normal) (G1 Evacuation Pause) 463M->465M(512M) 10.882ms
[2020-08-01T12:24:24.301+0300][51.814s][info ][gc] GC(2246) To-space exhausted
[2020-08-01T12:24:24.301+0300][51.814s][info ][gc] GC(2246) Pause Young (Normal) (G1 Evacuation Pause) 486M->492M(512M) 13.300ms
[2020-08-01T12:24:24.338+0300][51.851s][info ][gc] GC(2247) To-space exhausted
[2020-08-01T12:24:24.338+0300][51.851s][info ][gc] GC(2247) Pause Young (Normal) (G1 Evacuation Pause) 508M->508M(512M) 30.041ms
[2020-08-01T12:24:24.339+0300][51.851s][debug][gc] GC(2248) Clear Next Bitmap 0.271ms
[2020-08-01T12:24:24.387+0300][51.899s][info ][gc] GC(2248) Pause Full (G1 Evacuation Pause) 508M->77M(512M) 48.318ms
[2020-08-01T12:24:24.387+0300][51.900s][info ][gc] GC(2238) Concurrent Cycle 256.597ms
[2020-08-01T12:24:24.408+0300][51.920s][info ][gc] GC(2249) Pause Young (Normal) (G1 Evacuation Pause) 103M->103M(512M) 10.433ms
[2020-08-01T12:24:24.430+0300][51.943s][info ][gc] GC(2250) Pause Young (Normal) (G1 Evacuation Pause) 128M->130M(512M) 12.285ms
[2020-08-01T12:24:24.455+0300][51.968s][info ][gc] GC(2251) Pause Young (Normal) (G1 Evacuation Pause) 171M->172M(512M) 12.708ms
[2020-08-01T12:24:24.475+0300][51.988s][info ][gc] GC(2252) Pause Young (Normal) (G1 Evacuation Pause) 193M->194M(512M) 10.868ms
[2020-08-01T12:24:24.496+0300][52.009s][info ][gc] GC(2253) Pause Young (Normal) (G1 Evacuation Pause) 215M->217M(512M) 11.371ms
[2020-08-01T12:24:24.514+0300][52.027s][info ][gc] GC(2254) Pause Young (Normal) (G1 Evacuation Pause) 238M->238M(512M) 10.055ms
[2020-08-01T12:24:24.535+0300][52.048s][info ][gc] GC(2255) Pause Young (Concurrent Start) (G1 Evacuation Pause) 259M->261M(512M) 12.575ms
[2020-08-01T12:24:24.535+0300][52.048s][info ][gc] GC(2256) Concurrent Cycle
[2020-08-01T12:24:24.558+0300][52.071s][info ][gc] GC(2257) Pause Young (Normal) (G1 Evacuation Pause) 302M->303M(512M) 11.059ms
[2020-08-01T12:24:24.578+0300][52.090s][info ][gc] GC(2258) Pause Young (Normal) (G1 Evacuation Pause) 324M->326M(512M) 10.388ms
[2020-08-01T12:24:24.597+0300][52.109s][info ][gc] GC(2259) Pause Young (Normal) (G1 Evacuation Pause) 347M->348M(512M) 10.361ms
[2020-08-01T12:24:24.616+0300][52.129s][info ][gc] GC(2260) Pause Young (Normal) (G1 Evacuation Pause) 369M->370M(512M) 10.562ms
[2020-08-01T12:24:24.636+0300][52.149s][info ][gc] GC(2261) Pause Young (Normal) (G1 Evacuation Pause) 391M->393M(512M) 11.476ms
[2020-08-01T12:24:24.657+0300][52.170s][info ][gc] GC(2262) Pause Young (Normal) (G1 Evacuation Pause) 414M->415M(512M) 10.817ms
[2020-08-01T12:24:24.681+0300][52.194s][info ][gc] GC(2263) Pause Young (Normal) (G1 Evacuation Pause) 456M->458M(512M) 10.733ms
[2020-08-01T12:24:24.702+0300][52.215s][info ][gc] GC(2264) Pause Young (Normal) (G1 Evacuation Pause) 479M->480M(512M) 12.073ms
[2020-08-01T12:24:24.739+0300][52.252s][info ][gc] GC(2265) To-space exhausted
[2020-08-01T12:24:24.739+0300][52.252s][info ][gc] GC(2265) Pause Young (Normal) (G1 Evacuation Pause) 501M->509M(512M) 27.904ms
[2020-08-01T12:24:24.739+0300][52.252s][debug][gc] GC(2266) Clear Next Bitmap 0.319ms
[2020-08-01T12:24:24.787+0300][52.300s][info ][gc] GC(2266) Pause Full (G1 Evacuation Pause) 509M->77M(512M) 47.769ms
[2020-08-01T12:24:24.787+0300][52.300s][info ][gc] GC(2256) Concurrent Cycle 251.745ms
[2020-08-01T12:24:24.808+0300][52.321s][info ][gc] GC(2267) Pause Young (Normal) (G1 Evacuation Pause) 103M->103M(512M) 10.640ms
[2020-08-01T12:24:24.830+0300][52.343s][info ][gc] GC(2268) Pause Young (Normal) (G1 Evacuation Pause) 127M->128M(512M) 12.101ms
[2020-08-01T12:24:24.852+0300][52.365s][info ][gc] GC(2269) Pause Young (Normal) (G1 Evacuation Pause) 169M->171M(512M) 10.718ms
[2020-08-01T12:24:24.872+0300][52.385s][info ][gc] GC(2270) Pause Young (Normal) (G1 Evacuation Pause) 192M->194M(512M) 10.629ms
[2020-08-01T12:24:24.891+0300][52.404s][info ][gc] GC(2271) Pause Young (Normal) (G1 Evacuation Pause) 215M->216M(512M) 10.679ms
[2020-08-01T12:24:24.910+0300][52.423s][info ][gc] GC(2272) Pause Young (Normal) (G1 Evacuation Pause) 237M->239M(512M) 10.528ms
[2020-08-01T12:24:24.931+0300][52.444s][info ][gc] GC(2273) Pause Young (Concurrent Start) (G1 Evacuation Pause) 260M->261M(512M) 12.144ms
[2020-08-01T12:24:24.931+0300][52.444s][info ][gc] GC(2274) Concurrent Cycle
[2020-08-01T12:24:24.956+0300][52.469s][info ][gc] GC(2275) Pause Young (Normal) (G1 Evacuation Pause) 302M->303M(512M) 12.008ms
[2020-08-01T12:24:24.974+0300][52.487s][info ][gc] GC(2276) Pause Young (Normal) (G1 Evacuation Pause) 324M->326M(512M) 10.086ms
[2020-08-01T12:24:24.993+0300][52.506s][info ][gc] GC(2277) Pause Young (Normal) (G1 Evacuation Pause) 347M->348M(512M) 10.213ms
[2020-08-01T12:24:25.013+0300][52.526s][info ][gc] GC(2278) Pause Young (Normal) (G1 Evacuation Pause) 369M->370M(512M) 11.295ms
[2020-08-01T12:24:25.033+0300][52.546s][info ][gc] GC(2279) Pause Young (Normal) (G1 Evacuation Pause) 391M->393M(512M) 10.529ms
[2020-08-01T12:24:25.053+0300][52.566s][info ][gc] GC(2280) Pause Young (Normal) (G1 Evacuation Pause) 414M->415M(512M) 11.096ms
[2020-08-01T12:24:25.078+0300][52.591s][info ][gc] GC(2281) Pause Young (Normal) (G1 Evacuation Pause) 456M->458M(512M) 11.527ms
[2020-08-01T12:24:25.098+0300][52.611s][info ][gc] GC(2282) Pause Young (Normal) (G1 Evacuation Pause) 479M->480M(512M) 10.692ms
[2020-08-01T12:24:25.108+0300][52.621s][debug][gc] GC(2274) Reclaimed 128 empty regions
[2020-08-01T12:24:25.108+0300][52.621s][info ][gc] GC(2274) Pause Remark 501M->375M(512M) 0.662ms
[2020-08-01T12:24:25.119+0300][52.632s][info ][gc] GC(2283) Pause Young (Normal) (G1 Evacuation Pause) 375M->376M(512M) 11.113ms
[2020-08-01T12:24:25.146+0300][52.659s][info ][gc] GC(2284) Pause Young (Normal) (G1 Evacuation Pause) 397M->399M(512M) 10.491ms
[2020-08-01T12:24:25.171+0300][52.684s][info ][gc] GC(2285) Pause Young (Normal) (G1 Evacuation Pause) 420M->421M(512M) 10.662ms
[2020-08-01T12:24:25.205+0300][52.718s][info ][gc] GC(2286) Pause Young (Normal) (G1 Evacuation Pause) 462M->464M(512M) 12.318ms
[2020-08-01T12:24:25.233+0300][52.746s][info ][gc] GC(2287) Pause Young (Normal) (G1 Evacuation Pause) 485M->486M(512M) 10.813ms
[2020-08-01T12:24:25.280+0300][52.793s][info ][gc] GC(2288) To-space exhausted
[2020-08-01T12:24:25.280+0300][52.793s][info ][gc] GC(2288) Pause Young (Normal) (G1 Evacuation Pause) 507M->511M(512M) 33.664ms
[2020-08-01T12:24:25.280+0300][52.793s][debug][gc] GC(2289) Clear Next Bitmap 0.333ms
[2020-08-01T12:24:25.325+0300][52.838s][info ][gc] GC(2289) Pause Full (G1 Evacuation Pause) 511M->66M(512M) 45.080ms
[2020-08-01T12:24:25.325+0300][52.838s][info ][gc] GC(2274) Concurrent Cycle 394.352ms
[2020-08-01T12:24:25.346+0300][52.859s][info ][gc] GC(2290) Pause Young (Normal) (G1 Evacuation Pause) 91M->92M(512M) 10.309ms
[2020-08-01T12:24:25.367+0300][52.880s][info ][gc] GC(2291) Pause Young (Normal) (G1 Evacuation Pause) 115M->117M(512M) 12.157ms
[2020-08-01T12:24:25.386+0300][52.898s][info ][gc] GC(2292) Pause Young (Normal) (G1 Evacuation Pause) 138M->139M(512M) 10.195ms
[2020-08-01T12:24:25.407+0300][52.920s][info ][gc] GC(2293) Pause Young (Normal) (G1 Evacuation Pause) 180M->181M(512M) 11.179ms
[2020-08-01T12:24:25.426+0300][52.939s][info ][gc] GC(2294) Pause Young (Normal) (G1 Evacuation Pause) 202M->204M(512M) 10.694ms
[2020-08-01T12:24:25.446+0300][52.959s][info ][gc] GC(2295) Pause Young (Normal) (G1 Evacuation Pause) 225M->227M(512M) 11.415ms
[2020-08-01T12:24:25.465+0300][52.978s][info ][gc] GC(2296) Pause Young (Normal) (G1 Evacuation Pause) 248M->250M(512M) 10.539ms
[2020-08-01T12:24:25.484+0300][52.997s][info ][gc] GC(2297) Pause Young (Concurrent Start) (G1 Evacuation Pause) 271M->272M(512M) 10.197ms
[2020-08-01T12:24:25.484+0300][52.997s][info ][gc] GC(2298) Concurrent Cycle
[2020-08-01T12:24:25.507+0300][53.020s][info ][gc] GC(2299) Pause Young (Normal) (G1 Evacuation Pause) 313M->314M(512M) 11.018ms
[2020-08-01T12:24:25.527+0300][53.040s][info ][gc] GC(2300) Pause Young (Normal) (G1 Evacuation Pause) 335M->336M(512M) 10.601ms
[2020-08-01T12:24:25.547+0300][53.059s][info ][gc] GC(2301) Pause Young (Normal) (G1 Evacuation Pause) 357M->359M(512M) 10.588ms
[2020-08-01T12:24:25.566+0300][53.079s][info ][gc] GC(2302) Pause Young (Normal) (G1 Evacuation Pause) 380M->381M(512M) 10.893ms
[2020-08-01T12:24:25.586+0300][53.099s][info ][gc] GC(2303) Pause Young (Normal) (G1 Evacuation Pause) 402M->404M(512M) 10.218ms
[2020-08-01T12:24:25.606+0300][53.119s][info ][gc] GC(2304) Pause Young (Normal) (G1 Evacuation Pause) 425M->426M(512M) 10.664ms
[2020-08-01T12:24:25.631+0300][53.144s][info ][gc] GC(2305) Pause Young (Normal) (G1 Evacuation Pause) 467M->468M(512M) 12.597ms
[2020-08-01T12:24:25.657+0300][53.170s][info ][gc] GC(2306) To-space exhausted
[2020-08-01T12:24:25.657+0300][53.170s][info ][gc] GC(2306) Pause Young (Normal) (G1 Evacuation Pause) 489M->497M(512M) 17.739ms
[2020-08-01T12:24:25.687+0300][53.200s][info ][gc] GC(2307) To-space exhausted
[2020-08-01T12:24:25.687+0300][53.200s][info ][gc] GC(2307) Pause Young (Normal) (G1 Evacuation Pause) 508M->508M(512M) 23.262ms
[2020-08-01T12:24:25.688+0300][53.200s][debug][gc] GC(2308) Clear Next Bitmap 0.321ms
[2020-08-01T12:24:25.732+0300][53.244s][info ][gc] GC(2308) Pause Full (G1 Evacuation Pause) 508M->74M(512M) 44.306ms
[2020-08-01T12:24:25.732+0300][53.245s][info ][gc] GC(2298) Concurrent Cycle 247.582ms
[2020-08-01T12:24:25.754+0300][53.267s][info ][gc] GC(2309) Pause Young (Normal) (G1 Evacuation Pause) 101M->101M(512M) 11.405ms
[2020-08-01T12:24:25.776+0300][53.289s][info ][gc] GC(2310) Pause Young (Normal) (G1 Evacuation Pause) 126M->127M(512M) 11.581ms
[2020-08-01T12:24:25.796+0300][53.309s][info ][gc] GC(2311) Pause Young (Normal) (G1 Evacuation Pause) 168M->170M(512M) 10.415ms
[2020-08-01T12:24:25.816+0300][53.328s][info ][gc] GC(2312) Pause Young (Normal) (G1 Evacuation Pause) 191M->193M(512M) 10.612ms
[2020-08-01T12:24:25.835+0300][53.348s][info ][gc] GC(2313) Pause Young (Normal) (G1 Evacuation Pause) 214M->215M(512M) 10.511ms
[2020-08-01T12:24:25.854+0300][53.367s][info ][gc] GC(2314) Pause Young (Normal) (G1 Evacuation Pause) 236M->237M(512M) 10.599ms
[2020-08-01T12:24:25.874+0300][53.387s][info ][gc] GC(2315) Pause Young (Concurrent Start) (G1 Evacuation Pause) 259M->260M(512M) 10.747ms
[2020-08-01T12:24:25.874+0300][53.387s][info ][gc] GC(2316) Concurrent Cycle
[2020-08-01T12:24:25.898+0300][53.411s][info ][gc] GC(2317) Pause Young (Normal) (G1 Evacuation Pause) 301M->303M(512M) 11.506ms
[2020-08-01T12:24:25.917+0300][53.430s][info ][gc] GC(2318) Pause Young (Normal) (G1 Evacuation Pause) 324M->326M(512M) 10.622ms
[2020-08-01T12:24:25.937+0300][53.449s][info ][gc] GC(2319) Pause Young (Normal) (G1 Evacuation Pause) 347M->348M(512M) 10.323ms
[2020-08-01T12:24:25.956+0300][53.469s][info ][gc] GC(2320) Pause Young (Normal) (G1 Evacuation Pause) 369M->370M(512M) 10.643ms
[2020-08-01T12:24:25.976+0300][53.489s][info ][gc] GC(2321) Pause Young (Normal) (G1 Evacuation Pause) 391M->392M(512M) 10.734ms
[2020-08-01T12:24:25.996+0300][53.509s][info ][gc] GC(2322) Pause Young (Normal) (G1 Evacuation Pause) 413M->415M(512M) 10.759ms
[2020-08-01T12:24:26.018+0300][53.531s][info ][gc] GC(2323) Pause Young (Normal) (G1 Evacuation Pause) 456M->457M(512M) 11.152ms
[2020-08-01T12:24:26.039+0300][53.551s][info ][gc] GC(2324) Pause Young (Normal) (G1 Evacuation Pause) 478M->480M(512M) 11.242ms
[2020-08-01T12:24:26.078+0300][53.591s][info ][gc] GC(2325) To-space exhausted
[2020-08-01T12:24:26.078+0300][53.591s][info ][gc] GC(2325) Pause Young (Normal) (G1 Evacuation Pause) 501M->508M(512M) 30.190ms
[2020-08-01T12:24:26.079+0300][53.592s][debug][gc] GC(2326) Clear Next Bitmap 0.317ms
[2020-08-01T12:24:26.124+0300][53.637s][info ][gc] GC(2326) Pause Full (G1 Evacuation Pause) 508M->76M(512M) 46.125ms
[2020-08-01T12:24:26.125+0300][53.638s][info ][gc] GC(2316) Concurrent Cycle 250.386ms
[2020-08-01T12:24:26.148+0300][53.661s][info ][gc] GC(2327) Pause Young (Normal) (G1 Evacuation Pause) 104M->105M(512M) 12.176ms
[2020-08-01T12:24:26.170+0300][53.683s][info ][gc] GC(2328) Pause Young (Normal) (G1 Evacuation Pause) 130M->131M(512M) 12.246ms
[2020-08-01T12:24:26.192+0300][53.705s][info ][gc] GC(2329) Pause Young (Normal) (G1 Evacuation Pause) 172M->174M(512M) 10.313ms
[2020-08-01T12:24:26.211+0300][53.724s][info ][gc] GC(2330) Pause Young (Normal) (G1 Evacuation Pause) 195M->197M(512M) 10.710ms
[2020-08-01T12:24:26.231+0300][53.744s][info ][gc] GC(2331) Pause Young (Normal) (G1 Evacuation Pause) 218M->220M(512M) 11.226ms
[2020-08-01T12:24:26.252+0300][53.765s][info ][gc] GC(2332) Pause Young (Normal) (G1 Evacuation Pause) 241M->242M(512M) 12.286ms
[2020-08-01T12:24:26.271+0300][53.784s][info ][gc] GC(2333) Pause Young (Concurrent Start) (G1 Evacuation Pause) 263M->265M(512M) 10.434ms
[2020-08-01T12:24:26.271+0300][53.784s][info ][gc] GC(2334) Concurrent Cycle
[2020-08-01T12:24:26.294+0300][53.807s][info ][gc] GC(2335) Pause Young (Normal) (G1 Evacuation Pause) 306M->307M(512M) 10.663ms
[2020-08-01T12:24:26.313+0300][53.826s][info ][gc] GC(2336) Pause Young (Normal) (G1 Evacuation Pause) 328M->329M(512M) 10.479ms
[2020-08-01T12:24:26.335+0300][53.847s][info ][gc] GC(2337) Pause Young (Normal) (G1 Evacuation Pause) 350M->352M(512M) 12.528ms
[2020-08-01T12:24:26.354+0300][53.867s][info ][gc] GC(2338) Pause Young (Normal) (G1 Evacuation Pause) 373M->374M(512M) 10.502ms
[2020-08-01T12:24:26.373+0300][53.886s][info ][gc] GC(2339) Pause Young (Normal) (G1 Evacuation Pause) 395M->397M(512M) 10.454ms
[2020-08-01T12:24:26.393+0300][53.906s][info ][gc] GC(2340) Pause Young (Normal) (G1 Evacuation Pause) 418M->419M(512M) 10.484ms
[2020-08-01T12:24:26.418+0300][53.930s][info ][gc] GC(2341) Pause Young (Normal) (G1 Evacuation Pause) 460M->461M(512M) 11.611ms
[2020-08-01T12:24:26.441+0300][53.954s][info ][gc] GC(2342) To-space exhausted
[2020-08-01T12:24:26.441+0300][53.954s][info ][gc] GC(2342) Pause Young (Normal) (G1 Evacuation Pause) 482M->485M(512M) 13.636ms
[2020-08-01T12:24:26.488+0300][54.001s][info ][gc] GC(2343) To-space exhausted
[2020-08-01T12:24:26.488+0300][54.001s][info ][gc] GC(2343) Pause Young (Normal) (G1 Evacuation Pause) 506M->507M(512M) 37.474ms
[2020-08-01T12:24:26.489+0300][54.002s][debug][gc] GC(2344) Clear Next Bitmap 0.365ms
[2020-08-01T12:24:26.538+0300][54.051s][info ][gc] GC(2344) Pause Full (G1 Evacuation Pause) 507M->79M(512M) 50.032ms
[2020-08-01T12:24:26.538+0300][54.051s][info ][gc] GC(2334) Concurrent Cycle 267.274ms
[2020-08-01T12:24:26.559+0300][54.072s][info ][gc] GC(2345) Pause Young (Normal) (G1 Evacuation Pause) 105M->105M(512M) 10.347ms
[2020-08-01T12:24:26.580+0300][54.093s][info ][gc] GC(2346) Pause Young (Normal) (G1 Evacuation Pause) 129M->130M(512M) 11.387ms
[2020-08-01T12:24:26.603+0300][54.116s][info ][gc] GC(2347) Pause Young (Normal) (G1 Evacuation Pause) 171M->173M(512M) 10.566ms
[2020-08-01T12:24:26.622+0300][54.135s][info ][gc] GC(2348) Pause Young (Normal) (G1 Evacuation Pause) 194M->195M(512M) 10.807ms
[2020-08-01T12:24:26.641+0300][54.154s][info ][gc] GC(2349) Pause Young (Normal) (G1 Evacuation Pause) 216M->218M(512M) 10.514ms
[2020-08-01T12:24:26.662+0300][54.175s][info ][gc] GC(2350) Pause Young (Normal) (G1 Evacuation Pause) 239M->240M(512M) 11.206ms
[2020-08-01T12:24:26.681+0300][54.194s][info ][gc] GC(2351) Pause Young (Concurrent Start) (G1 Evacuation Pause) 261M->262M(512M) 10.403ms
[2020-08-01T12:24:26.681+0300][54.194s][info ][gc] GC(2352) Concurrent Cycle
[2020-08-01T12:24:26.705+0300][54.218s][info ][gc] GC(2353) Pause Young (Normal) (G1 Evacuation Pause) 303M->305M(512M) 11.582ms
[2020-08-01T12:24:26.724+0300][54.237s][info ][gc] GC(2354) Pause Young (Normal) (G1 Evacuation Pause) 326M->327M(512M) 10.101ms
[2020-08-01T12:24:26.743+0300][54.256s][info ][gc] GC(2355) Pause Young (Normal) (G1 Evacuation Pause) 348M->349M(512M) 10.563ms
[2020-08-01T12:24:26.763+0300][54.276s][info ][gc] GC(2356) Pause Young (Normal) (G1 Evacuation Pause) 370M->371M(512M) 10.611ms
[2020-08-01T12:24:26.782+0300][54.295s][info ][gc] GC(2357) Pause Young (Normal) (G1 Evacuation Pause) 392M->394M(512M) 10.617ms
[2020-08-01T12:24:26.802+0300][54.315s][info ][gc] GC(2358) Pause Young (Normal) (G1 Evacuation Pause) 415M->416M(512M) 10.635ms
[2020-08-01T12:24:26.830+0300][54.343s][info ][gc] GC(2359) Pause Young (Normal) (G1 Evacuation Pause) 457M->459M(512M) 14.613ms
[2020-08-01T12:24:26.851+0300][54.364s][info ][gc] GC(2360) Pause Young (Normal) (G1 Evacuation Pause) 480M->481M(512M) 11.024ms
[2020-08-01T12:24:26.890+0300][54.403s][info ][gc] GC(2361) To-space exhausted
[2020-08-01T12:24:26.890+0300][54.403s][info ][gc] GC(2361) Pause Young (Normal) (G1 Evacuation Pause) 502M->508M(512M) 30.480ms
[2020-08-01T12:24:26.894+0300][54.407s][debug][gc] GC(2352) Reclaimed 127 empty regions
[2020-08-01T12:24:26.894+0300][54.407s][info ][gc] GC(2352) Pause Remark 509M->384M(512M) 0.682ms
[2020-08-01T12:24:26.914+0300][54.427s][info ][gc] GC(2362) Pause Young (Normal) (G1 Evacuation Pause) 405M->406M(512M) 11.397ms
[2020-08-01T12:24:26.940+0300][54.453s][info ][gc] GC(2363) Pause Young (Normal) (G1 Evacuation Pause) 427M->428M(512M) 10.823ms
[2020-08-01T12:24:26.963+0300][54.476s][info ][gc] GC(2364) Pause Young (Normal) (G1 Humongous Allocation) 444M->445M(512M) 8.890ms
[2020-08-01T12:24:26.964+0300][54.477s][debug][gc] GC(2365) Clear Next Bitmap 0.392ms
[2020-08-01T12:24:26.969+0300][54.482s][info ][gc] GC(2365) Pause Full (G1 Humongous Allocation) 445M->2M(512M) 6.002ms
[2020-08-01T12:24:26.970+0300][54.482s][info ][gc] GC(2352) Concurrent Cycle 288.704ms
[2020-08-01T12:24:26.994+0300][54.506s][info ][gc] GC(2366) Pause Young (Normal) (G1 Evacuation Pause) 47M->48M(512M) 10.664ms
[2020-08-01T12:24:27.016+0300][54.528s][info ][gc] GC(2367) Pause Young (Normal) (G1 Evacuation Pause) 72M->73M(512M) 12.286ms
[2020-08-01T12:24:27.035+0300][54.548s][info ][gc] GC(2368) Pause Young (Normal) (G1 Evacuation Pause) 94M->96M(512M) 10.923ms
[2020-08-01T12:24:27.054+0300][54.567s][info ][gc] GC(2369) Pause Young (Normal) (G1 Evacuation Pause) 117M->118M(512M) 10.186ms
[2020-08-01T12:24:27.073+0300][54.586s][info ][gc] GC(2370) Pause Young (Normal) (G1 Evacuation Pause) 139M->140M(512M) 10.468ms
[2020-08-01T12:24:27.094+0300][54.607s][info ][gc] GC(2371) Pause Young (Normal) (G1 Evacuation Pause) 181M->182M(512M) 10.640ms
[2020-08-01T12:24:27.114+0300][54.627s][info ][gc] GC(2372) Pause Young (Normal) (G1 Evacuation Pause) 203M->206M(512M) 11.091ms
[2020-08-01T12:24:27.133+0300][54.646s][info ][gc] GC(2373) Pause Young (Normal) (G1 Evacuation Pause) 227M->228M(512M) 10.882ms
[2020-08-01T12:24:27.152+0300][54.665s][info ][gc] GC(2374) Pause Young (Normal) (G1 Evacuation Pause) 249M->251M(512M) 10.223ms
[2020-08-01T12:24:27.171+0300][54.684s][info ][gc] GC(2375) Pause Young (Concurrent Start) (G1 Evacuation Pause) 272M->274M(512M) 10.799ms
[2020-08-01T12:24:27.171+0300][54.684s][info ][gc] GC(2376) Concurrent Cycle
[2020-08-01T12:24:27.194+0300][54.707s][info ][gc] GC(2377) Pause Young (Normal) (G1 Evacuation Pause) 315M->316M(512M) 10.526ms
[2020-08-01T12:24:27.214+0300][54.727s][info ][gc] GC(2378) Pause Young (Normal) (G1 Evacuation Pause) 337M->339M(512M) 10.633ms
[2020-08-01T12:24:27.234+0300][54.746s][info ][gc] GC(2379) Pause Young (Normal) (G1 Evacuation Pause) 360M->361M(512M) 10.659ms
[2020-08-01T12:24:27.253+0300][54.766s][info ][gc] GC(2380) Pause Young (Normal) (G1 Evacuation Pause) 382M->384M(512M) 10.403ms
[2020-08-01T12:24:27.273+0300][54.786s][info ][gc] GC(2381) Pause Young (Normal) (G1 Evacuation Pause) 405M->406M(512M) 10.161ms
[2020-08-01T12:24:27.293+0300][54.806s][info ][gc] GC(2382) Pause Young (Normal) (G1 Evacuation Pause) 427M->429M(512M) 10.728ms
[2020-08-01T12:24:27.315+0300][54.828s][info ][gc] GC(2383) Pause Young (Normal) (G1 Evacuation Pause) 470M->471M(512M) 10.368ms
[2020-08-01T12:24:27.344+0300][54.857s][info ][gc] GC(2384) To-space exhausted
[2020-08-01T12:24:27.344+0300][54.857s][info ][gc] GC(2384) Pause Young (Normal) (G1 Evacuation Pause) 492M->501M(512M) 20.795ms
[2020-08-01T12:24:27.364+0300][54.877s][info ][gc] GC(2385) To-space exhausted
[2020-08-01T12:24:27.364+0300][54.877s][info ][gc] GC(2385) Pause Young (Normal) (G1 Evacuation Pause) 508M->508M(512M) 16.848ms
[2020-08-01T12:24:27.365+0300][54.877s][debug][gc] GC(2386) Clear Next Bitmap 0.295ms
[2020-08-01T12:24:27.411+0300][54.924s][info ][gc] GC(2386) Pause Full (G1 Evacuation Pause) 508M->69M(512M) 46.465ms
[2020-08-01T12:24:27.411+0300][54.924s][info ][gc] GC(2376) Concurrent Cycle 240.014ms
[2020-08-01T12:24:27.435+0300][54.948s][info ][gc] GC(2387) Pause Young (Normal) (G1 Evacuation Pause) 96M->96M(512M) 13.321ms
[2020-08-01T12:24:27.457+0300][54.970s][info ][gc] GC(2388) Pause Young (Normal) (G1 Evacuation Pause) 120M->122M(512M) 11.546ms
[2020-08-01T12:24:27.480+0300][54.993s][info ][gc] GC(2389) Pause Young (Normal) (G1 Evacuation Pause) 163M->164M(512M) 10.789ms
[2020-08-01T12:24:27.499+0300][55.012s][info ][gc] GC(2390) Pause Young (Normal) (G1 Evacuation Pause) 185M->187M(512M) 10.598ms
[2020-08-01T12:24:27.518+0300][55.031s][info ][gc] GC(2391) Pause Young (Normal) (G1 Evacuation Pause) 208M->210M(512M) 10.332ms
[2020-08-01T12:24:27.537+0300][55.050s][info ][gc] GC(2392) Pause Young (Normal) (G1 Evacuation Pause) 231M->232M(512M) 10.315ms
[2020-08-01T12:24:27.556+0300][55.069s][info ][gc] GC(2393) Pause Young (Concurrent Start) (G1 Evacuation Pause) 253M->255M(512M) 10.237ms
[2020-08-01T12:24:27.556+0300][55.069s][info ][gc] GC(2394) Concurrent Cycle
[2020-08-01T12:24:27.575+0300][55.088s][info ][gc] GC(2395) Pause Young (Normal) (G1 Evacuation Pause) 276M->277M(512M) 10.445ms
[2020-08-01T12:24:27.598+0300][55.111s][info ][gc] GC(2396) Pause Young (Normal) (G1 Evacuation Pause) 318M->320M(512M) 10.982ms
[2020-08-01T12:24:27.617+0300][55.130s][info ][gc] GC(2397) Pause Young (Normal) (G1 Evacuation Pause) 341M->342M(512M) 10.687ms
[2020-08-01T12:24:27.637+0300][55.150s][info ][gc] GC(2398) Pause Young (Normal) (G1 Evacuation Pause) 363M->365M(512M) 10.475ms
[2020-08-01T12:24:27.657+0300][55.170s][info ][gc] GC(2399) Pause Young (Normal) (G1 Evacuation Pause) 386M->387M(512M) 10.637ms
[2020-08-01T12:24:27.677+0300][55.190s][info ][gc] GC(2400) Pause Young (Normal) (G1 Evacuation Pause) 408M->409M(512M) 10.351ms
[2020-08-01T12:24:27.701+0300][55.214s][info ][gc] GC(2401) Pause Young (Normal) (G1 Evacuation Pause) 450M->452M(512M) 12.279ms
[2020-08-01T12:24:27.722+0300][55.235s][info ][gc] GC(2402) Pause Young (Normal) (G1 Evacuation Pause) 473M->474M(512M) 11.421ms
[2020-08-01T12:24:27.728+0300][55.241s][debug][gc] GC(2394) Reclaimed 126 empty regions
[2020-08-01T12:24:27.728+0300][55.241s][info ][gc] GC(2394) Pause Remark 486M->362M(512M) 0.672ms
[2020-08-01T12:24:27.742+0300][55.255s][info ][gc] GC(2403) Pause Young (Normal) (G1 Evacuation Pause) 371M->372M(512M) 10.677ms
[2020-08-01T12:24:27.768+0300][55.281s][info ][gc] GC(2404) Pause Young (Normal) (G1 Evacuation Pause) 393M->395M(512M) 10.477ms
[2020-08-01T12:24:27.795+0300][55.308s][info ][gc] GC(2405) Pause Young (Normal) (G1 Evacuation Pause) 416M->417M(512M) 10.563ms
[2020-08-01T12:24:27.821+0300][55.334s][info ][gc] GC(2406) Pause Young (Normal) (G1 Evacuation Pause) 438M->439M(512M) 11.300ms
[2020-08-01T12:24:27.855+0300][55.368s][info ][gc] GC(2407) Pause Young (Normal) (G1 Evacuation Pause) 480M->481M(512M) 11.601ms
[2020-08-01T12:24:27.902+0300][55.415s][info ][gc] GC(2408) To-space exhausted
[2020-08-01T12:24:27.902+0300][55.415s][info ][gc] GC(2408) Pause Young (Normal) (G1 Evacuation Pause) 502M->509M(512M) 29.512ms
[2020-08-01T12:24:27.922+0300][55.435s][info ][gc] GC(2409) To-space exhausted
[2020-08-01T12:24:27.922+0300][55.435s][info ][gc] GC(2409) Pause Young (Normal) (G1 Evacuation Pause) 511M->511M(512M) 10.353ms
[2020-08-01T12:24:27.923+0300][55.435s][debug][gc] GC(2410) Clear Next Bitmap 0.365ms
[2020-08-01T12:24:27.961+0300][55.474s][info ][gc] GC(2410) Pause Full (G1 Evacuation Pause) 511M->61M(512M) 38.995ms
[2020-08-01T12:24:27.961+0300][55.474s][info ][gc] GC(2394) Concurrent Cycle 405.679ms
[2020-08-01T12:24:27.984+0300][55.497s][info ][gc] GC(2411) Pause Young (Normal) (G1 Evacuation Pause) 88M->88M(512M) 12.139ms
[2020-08-01T12:24:28.006+0300][55.519s][info ][gc] GC(2412) Pause Young (Normal) (G1 Evacuation Pause) 112M->114M(512M) 11.729ms
[2020-08-01T12:24:28.025+0300][55.538s][info ][gc] GC(2413) Pause Young (Normal) (G1 Evacuation Pause) 135M->136M(512M) 10.615ms
[2020-08-01T12:24:28.046+0300][55.559s][info ][gc] GC(2414) Pause Young (Normal) (G1 Evacuation Pause) 177M->179M(512M) 10.530ms
[2020-08-01T12:24:28.065+0300][55.578s][info ][gc] GC(2415) Pause Young (Normal) (G1 Evacuation Pause) 200M->202M(512M) 10.635ms
[2020-08-01T12:24:28.085+0300][55.597s][info ][gc] GC(2416) Pause Young (Normal) (G1 Evacuation Pause) 223M->225M(512M) 11.054ms
[2020-08-01T12:24:28.103+0300][55.616s][info ][gc] GC(2417) Pause Young (Normal) (G1 Evacuation Pause) 246M->247M(512M) 9.933ms
[2020-08-01T12:24:28.122+0300][55.635s][info ][gc] GC(2418) Pause Young (Concurrent Start) (G1 Evacuation Pause) 268M->270M(512M) 10.558ms
[2020-08-01T12:24:28.122+0300][55.635s][info ][gc] GC(2419) Concurrent Cycle
[2020-08-01T12:24:28.145+0300][55.658s][info ][gc] GC(2420) Pause Young (Normal) (G1 Evacuation Pause) 311M->313M(512M) 10.543ms
[2020-08-01T12:24:28.165+0300][55.677s][info ][gc] GC(2421) Pause Young (Normal) (G1 Evacuation Pause) 334M->335M(512M) 10.507ms
[2020-08-01T12:24:28.184+0300][55.696s][info ][gc] GC(2422) Pause Young (Normal) (G1 Evacuation Pause) 356M->357M(512M) 10.369ms
[2020-08-01T12:24:28.203+0300][55.716s][info ][gc] GC(2423) Pause Young (Normal) (G1 Evacuation Pause) 378M->380M(512M) 10.630ms
[2020-08-01T12:24:28.222+0300][55.735s][info ][gc] GC(2424) Pause Young (Normal) (G1 Evacuation Pause) 401M->403M(512M) 10.655ms
[2020-08-01T12:24:28.242+0300][55.754s][info ][gc] GC(2425) Pause Young (Normal) (G1 Evacuation Pause) 424M->426M(512M) 10.514ms
[2020-08-01T12:24:28.270+0300][55.783s][info ][gc] GC(2426) Pause Young (Normal) (G1 Evacuation Pause) 467M->469M(512M) 11.785ms
[2020-08-01T12:24:28.297+0300][55.810s][info ][gc] GC(2427) To-space exhausted
[2020-08-01T12:24:28.297+0300][55.810s][info ][gc] GC(2427) Pause Young (Normal) (G1 Evacuation Pause) 490M->495M(512M) 18.317ms
[2020-08-01T12:24:28.329+0300][55.842s][info ][gc] GC(2428) To-space exhausted
[2020-08-01T12:24:28.329+0300][55.842s][info ][gc] GC(2428) Pause Young (Normal) (G1 Evacuation Pause) 507M->507M(512M) 25.197ms
[2020-08-01T12:24:28.329+0300][55.842s][debug][gc] GC(2429) Clear Next Bitmap 0.259ms
[2020-08-01T12:24:28.377+0300][55.890s][info ][gc] GC(2429) Pause Full (G1 Evacuation Pause) 507M->74M(512M) 47.867ms
[2020-08-01T12:24:28.377+0300][55.890s][info ][gc] GC(2419) Concurrent Cycle 254.873ms
[2020-08-01T12:24:28.400+0300][55.913s][info ][gc] GC(2430) Pause Young (Normal) (G1 Evacuation Pause) 102M->102M(512M) 11.821ms
[2020-08-01T12:24:28.422+0300][55.935s][info ][gc] GC(2431) Pause Young (Normal) (G1 Evacuation Pause) 127M->129M(512M) 11.891ms
[2020-08-01T12:24:28.447+0300][55.959s][info ][gc] GC(2432) Pause Young (Normal) (G1 Evacuation Pause) 170M->170M(512M) 12.210ms
[2020-08-01T12:24:28.467+0300][55.979s][info ][gc] GC(2433) Pause Young (Normal) (G1 Evacuation Pause) 191M->193M(512M) 11.414ms
[2020-08-01T12:24:28.486+0300][55.998s][info ][gc] GC(2434) Pause Young (Normal) (G1 Evacuation Pause) 214M->215M(512M) 10.453ms
[2020-08-01T12:24:28.504+0300][56.017s][info ][gc] GC(2435) Pause Young (Normal) (G1 Evacuation Pause) 236M->238M(512M) 10.257ms
[2020-08-01T12:24:28.525+0300][56.038s][info ][gc] GC(2436) Pause Young (Concurrent Start) (G1 Evacuation Pause) 260M->261M(512M) 11.473ms
[2020-08-01T12:24:28.525+0300][56.038s][info ][gc] GC(2437) Concurrent Cycle
[2020-08-01T12:24:28.549+0300][56.062s][info ][gc] GC(2438) Pause Young (Normal) (G1 Evacuation Pause) 302M->304M(512M) 12.260ms
[2020-08-01T12:24:28.571+0300][56.084s][info ][gc] GC(2439) Pause Young (Normal) (G1 Evacuation Pause) 325M->327M(512M) 13.198ms
[2020-08-01T12:24:28.591+0300][56.104s][info ][gc] GC(2440) Pause Young (Normal) (G1 Evacuation Pause) 348M->349M(512M) 10.571ms
[2020-08-01T12:24:28.610+0300][56.123s][info ][gc] GC(2441) Pause Young (Normal) (G1 Evacuation Pause) 370M->372M(512M) 10.301ms
[2020-08-01T12:24:28.630+0300][56.143s][info ][gc] GC(2442) Pause Young (Normal) (G1 Evacuation Pause) 393M->394M(512M) 10.753ms
[2020-08-01T12:24:28.649+0300][56.162s][info ][gc] GC(2443) Pause Young (Normal) (G1 Evacuation Pause) 415M->416M(512M) 10.234ms
[2020-08-01T12:24:28.674+0300][56.186s][info ][gc] GC(2444) Pause Young (Normal) (G1 Evacuation Pause) 457M->459M(512M) 10.652ms
[2020-08-01T12:24:28.693+0300][56.206s][info ][gc] GC(2445) Pause Young (Normal) (G1 Evacuation Pause) 480M->481M(512M) 10.631ms
[2020-08-01T12:24:28.734+0300][56.246s][info ][gc] GC(2446) To-space exhausted
[2020-08-01T12:24:28.734+0300][56.247s][info ][gc] GC(2446) Pause Young (Normal) (G1 Evacuation Pause) 502M->508M(512M) 31.776ms
[2020-08-01T12:24:28.743+0300][56.256s][info ][gc] GC(2447) To-space exhausted
[2020-08-01T12:24:28.744+0300][56.256s][info ][gc] GC(2447) Pause Young (Normal) (G1 Evacuation Pause) 509M->509M(512M) 9.293ms
[2020-08-01T12:24:28.744+0300][56.257s][debug][gc] GC(2448) Clear Next Bitmap 0.295ms
[2020-08-01T12:24:28.795+0300][56.308s][info ][gc] GC(2448) Pause Full (G1 Evacuation Pause) 509M->78M(512M) 51.124ms
[2020-08-01T12:24:28.795+0300][56.308s][info ][gc] GC(2437) Concurrent Cycle 269.778ms
[2020-08-01T12:24:28.819+0300][56.332s][info ][gc] GC(2449) Pause Young (Normal) (G1 Evacuation Pause) 105M->105M(512M) 13.345ms
[2020-08-01T12:24:28.841+0300][56.354s][info ][gc] GC(2450) Pause Young (Normal) (G1 Evacuation Pause) 129M->130M(512M) 12.345ms
[2020-08-01T12:24:28.864+0300][56.377s][info ][gc] GC(2451) Pause Young (Normal) (G1 Evacuation Pause) 171M->173M(512M) 11.371ms
[2020-08-01T12:24:28.883+0300][56.396s][info ][gc] GC(2452) Pause Young (Normal) (G1 Evacuation Pause) 194M->195M(512M) 10.473ms
[2020-08-01T12:24:28.902+0300][56.415s][info ][gc] GC(2453) Pause Young (Normal) (G1 Evacuation Pause) 216M->217M(512M) 10.421ms
[2020-08-01T12:24:28.921+0300][56.434s][info ][gc] GC(2454) Pause Young (Normal) (G1 Evacuation Pause) 238M->240M(512M) 10.319ms
[2020-08-01T12:24:28.941+0300][56.454s][info ][gc] GC(2455) Pause Young (Concurrent Start) (G1 Evacuation Pause) 261M->262M(512M) 10.739ms
[2020-08-01T12:24:28.941+0300][56.454s][info ][gc] GC(2456) Concurrent Cycle
[2020-08-01T12:24:28.964+0300][56.477s][info ][gc] GC(2457) Pause Young (Normal) (G1 Evacuation Pause) 303M->305M(512M) 10.428ms
[2020-08-01T12:24:28.984+0300][56.497s][info ][gc] GC(2458) Pause Young (Normal) (G1 Evacuation Pause) 326M->327M(512M) 10.679ms
[2020-08-01T12:24:29.003+0300][56.516s][info ][gc] GC(2459) Pause Young (Normal) (G1 Evacuation Pause) 348M->349M(512M) 10.360ms
[2020-08-01T12:24:29.023+0300][56.535s][info ][gc] GC(2460) Pause Young (Normal) (G1 Evacuation Pause) 370M->372M(512M) 10.303ms
[2020-08-01T12:24:29.042+0300][56.554s][info ][gc] GC(2461) Pause Young (Normal) (G1 Evacuation Pause) 393M->394M(512M) 10.166ms
[2020-08-01T12:24:29.062+0300][56.575s][info ][gc] GC(2462) Pause Young (Normal) (G1 Evacuation Pause) 415M->417M(512M) 12.106ms
[2020-08-01T12:24:29.085+0300][56.598s][info ][gc] GC(2463) Pause Young (Normal) (G1 Evacuation Pause) 458M->459M(512M) 10.770ms
[2020-08-01T12:24:29.104+0300][56.617s][info ][gc] GC(2464) Pause Young (Normal) (G1 Evacuation Pause) 480M->482M(512M) 10.561ms
[2020-08-01T12:24:29.145+0300][56.658s][info ][gc] GC(2465) To-space exhausted
[2020-08-01T12:24:29.145+0300][56.658s][info ][gc] GC(2465) Pause Young (Normal) (G1 Evacuation Pause) 503M->508M(512M) 31.575ms
[2020-08-01T12:24:29.149+0300][56.662s][debug][gc] GC(2456) Reclaimed 129 empty regions
[2020-08-01T12:24:29.149+0300][56.662s][info ][gc] GC(2456) Pause Remark 508M->382M(512M) 0.662ms
[2020-08-01T12:24:29.171+0300][56.684s][info ][gc] GC(2466) Pause Young (Normal) (G1 Evacuation Pause) 404M->405M(512M) 10.730ms
[2020-08-01T12:24:29.199+0300][56.711s][info ][gc] GC(2467) Pause Young (Normal) (G1 Evacuation Pause) 426M->428M(512M) 12.195ms
[2020-08-01T12:24:29.230+0300][56.743s][info ][gc] GC(2468) Pause Young (Normal) (G1 Evacuation Pause) 469M->470M(512M) 12.488ms
[2020-08-01T12:24:29.262+0300][56.775s][info ][gc] GC(2469) To-space exhausted
[2020-08-01T12:24:29.262+0300][56.775s][info ][gc] GC(2469) Pause Young (Normal) (G1 Evacuation Pause) 491M->498M(512M) 15.323ms
[2020-08-01T12:24:29.301+0300][56.814s][info ][gc] GC(2470) To-space exhausted
[2020-08-01T12:24:29.301+0300][56.814s][info ][gc] GC(2470) Pause Young (Normal) (G1 Evacuation Pause) 511M->511M(512M) 25.111ms
[2020-08-01T12:24:29.302+0300][56.815s][debug][gc] GC(2471) Clear Next Bitmap 0.309ms
[2020-08-01T12:24:29.341+0300][56.854s][info ][gc] GC(2471) Pause Full (G1 Evacuation Pause) 511M->62M(512M) 39.637ms
[2020-08-01T12:24:29.341+0300][56.854s][info ][gc] GC(2456) Concurrent Cycle 400.219ms
[2020-08-01T12:24:29.365+0300][56.878s][info ][gc] GC(2472) Pause Young (Normal) (G1 Evacuation Pause) 89M->89M(512M) 12.513ms
[2020-08-01T12:24:29.387+0300][56.899s][info ][gc] GC(2473) Pause Young (Normal) (G1 Evacuation Pause) 113M->115M(512M) 11.787ms
[2020-08-01T12:24:29.405+0300][56.918s][info ][gc] GC(2474) Pause Young (Normal) (G1 Evacuation Pause) 136M->137M(512M) 10.423ms
[2020-08-01T12:24:29.427+0300][56.940s][info ][gc] GC(2475) Pause Young (Normal) (G1 Evacuation Pause) 178M->180M(512M) 10.509ms
[2020-08-01T12:24:29.447+0300][56.960s][info ][gc] GC(2476) Pause Young (Normal) (G1 Evacuation Pause) 201M->202M(512M) 11.745ms
[2020-08-01T12:24:29.470+0300][56.983s][info ][gc] GC(2477) Pause Young (Normal) (G1 Evacuation Pause) 223M->224M(512M) 14.276ms
[2020-08-01T12:24:29.489+0300][57.002s][info ][gc] GC(2478) Pause Young (Normal) (G1 Evacuation Pause) 245M->247M(512M) 10.629ms
[2020-08-01T12:24:29.509+0300][57.022s][info ][gc] GC(2479) Pause Young (Concurrent Start) (G1 Evacuation Pause) 268M->269M(512M) 10.732ms
[2020-08-01T12:24:29.509+0300][57.022s][info ][gc] GC(2480) Concurrent Cycle
[2020-08-01T12:24:29.532+0300][57.045s][info ][gc] GC(2481) Pause Young (Normal) (G1 Evacuation Pause) 310M->311M(512M) 10.566ms
[2020-08-01T12:24:29.551+0300][57.064s][info ][gc] GC(2482) Pause Young (Normal) (G1 Evacuation Pause) 332M->334M(512M) 11.003ms
[2020-08-01T12:24:29.571+0300][57.084s][info ][gc] GC(2483) Pause Young (Normal) (G1 Evacuation Pause) 355M->356M(512M) 10.661ms
[2020-08-01T12:24:29.591+0300][57.104s][info ][gc] GC(2484) Pause Young (Normal) (G1 Evacuation Pause) 377M->378M(512M) 10.401ms
[2020-08-01T12:24:29.610+0300][57.123s][info ][gc] GC(2485) Pause Young (Normal) (G1 Evacuation Pause) 399M->401M(512M) 10.518ms
[2020-08-01T12:24:29.630+0300][57.143s][info ][gc] GC(2486) Pause Young (Normal) (G1 Evacuation Pause) 422M->423M(512M) 10.925ms
[2020-08-01T12:24:29.655+0300][57.168s][info ][gc] GC(2487) Pause Young (Normal) (G1 Evacuation Pause) 464M->466M(512M) 11.496ms
[2020-08-01T12:24:29.678+0300][57.191s][info ][gc] GC(2488) To-space exhausted
[2020-08-01T12:24:29.678+0300][57.191s][info ][gc] GC(2488) Pause Young (Normal) (G1 Evacuation Pause) 487M->495M(512M) 13.751ms
[2020-08-01T12:24:29.710+0300][57.223s][info ][gc] GC(2489) To-space exhausted
[2020-08-01T12:24:29.710+0300][57.223s][info ][gc] GC(2489) Pause Young (Normal) (G1 Evacuation Pause) 508M->508M(512M) 25.618ms
[2020-08-01T12:24:29.710+0300][57.223s][debug][gc] GC(2490) Clear Next Bitmap 0.284ms
[2020-08-01T12:24:29.756+0300][57.269s][info ][gc] GC(2490) Pause Full (G1 Evacuation Pause) 508M->75M(512M) 46.103ms
[2020-08-01T12:24:29.757+0300][57.269s][info ][gc] GC(2480) Concurrent Cycle 247.819ms
[2020-08-01T12:24:29.778+0300][57.291s][info ][gc] GC(2491) Pause Young (Normal) (G1 Evacuation Pause) 101M->101M(512M) 10.673ms
[2020-08-01T12:24:29.800+0300][57.313s][info ][gc] GC(2492) Pause Young (Normal) (G1 Evacuation Pause) 125M->126M(512M) 12.230ms
[2020-08-01T12:24:29.820+0300][57.333s][info ][gc] GC(2493) Pause Young (Normal) (G1 Evacuation Pause) 167M->169M(512M) 10.054ms
[2020-08-01T12:24:29.839+0300][57.352s][info ][gc] GC(2494) Pause Young (Normal) (G1 Evacuation Pause) 190M->192M(512M) 10.433ms
[2020-08-01T12:24:29.858+0300][57.371s][info ][gc] GC(2495) Pause Young (Normal) (G1 Evacuation Pause) 213M->214M(512M) 10.168ms
[2020-08-01T12:24:29.878+0300][57.391s][info ][gc] GC(2496) Pause Young (Normal) (G1 Evacuation Pause) 235M->237M(512M) 11.366ms
[2020-08-01T12:24:29.897+0300][57.410s][info ][gc] GC(2497) Pause Young (Concurrent Start) (G1 Evacuation Pause) 258M->259M(512M) 10.864ms
[2020-08-01T12:24:29.897+0300][57.410s][info ][gc] GC(2498) Concurrent Cycle
[2020-08-01T12:24:29.917+0300][57.429s][info ][gc] GC(2499) Pause Young (Normal) (G1 Evacuation Pause) 280M->282M(512M) 10.559ms
[2020-08-01T12:24:29.939+0300][57.452s][info ][gc] GC(2500) Pause Young (Normal) (G1 Evacuation Pause) 323M->325M(512M) 10.466ms
[2020-08-01T12:24:29.958+0300][57.471s][info ][gc] GC(2501) Pause Young (Normal) (G1 Evacuation Pause) 346M->347M(512M) 10.117ms
[2020-08-01T12:24:29.977+0300][57.490s][info ][gc] GC(2502) Pause Young (Normal) (G1 Evacuation Pause) 368M->370M(512M) 10.181ms
[2020-08-01T12:24:29.997+0300][57.510s][info ][gc] GC(2503) Pause Young (Normal) (G1 Evacuation Pause) 391M->392M(512M) 10.715ms
[2020-08-01T12:24:30.016+0300][57.529s][info ][gc] GC(2504) Pause Young (Normal) (G1 Evacuation Pause) 413M->414M(512M) 10.676ms
[2020-08-01T12:24:30.039+0300][57.552s][info ][gc] GC(2505) Pause Young (Normal) (G1 Evacuation Pause) 455M->456M(512M) 10.511ms
[2020-08-01T12:24:30.059+0300][57.572s][info ][gc] GC(2506) Pause Young (Normal) (G1 Evacuation Pause) 477M->479M(512M) 10.816ms
[2020-08-01T12:24:30.095+0300][57.608s][info ][gc] GC(2507) To-space exhausted
[2020-08-01T12:24:30.095+0300][57.608s][info ][gc] GC(2507) Pause Young (Normal) (G1 Evacuation Pause) 500M->508M(512M) 26.288ms
[2020-08-01T12:24:30.107+0300][57.620s][info ][gc] GC(2508) To-space exhausted
[2020-08-01T12:24:30.108+0300][57.620s][info ][gc] GC(2508) Pause Young (Normal) (G1 Evacuation Pause) 510M->510M(512M) 10.461ms
[2020-08-01T12:24:30.108+0300][57.621s][debug][gc] GC(2509) Clear Next Bitmap 0.363ms
[2020-08-01T12:24:30.154+0300][57.667s][info ][gc] GC(2509) Pause Full (G1 Evacuation Pause) 510M->76M(512M) 46.086ms
[2020-08-01T12:24:30.154+0300][57.667s][info ][gc] GC(2498) Pause Remark 77M->77M(512M) 0.002ms
[2020-08-01T12:24:30.154+0300][57.667s][info ][gc] GC(2498) Concurrent Cycle 256.717ms
[2020-08-01T12:24:30.177+0300][57.690s][info ][gc] GC(2510) Pause Young (Normal) (G1 Evacuation Pause) 103M->103M(512M) 12.269ms
[2020-08-01T12:24:30.199+0300][57.712s][info ][gc] GC(2511) Pause Young (Normal) (G1 Evacuation Pause) 128M->129M(512M) 12.131ms
[2020-08-01T12:24:30.221+0300][57.734s][info ][gc] GC(2512) Pause Young (Normal) (G1 Evacuation Pause) 170M->171M(512M) 10.565ms
[2020-08-01T12:24:30.240+0300][57.753s][info ][gc] GC(2513) Pause Young (Normal) (G1 Evacuation Pause) 192M->194M(512M) 10.365ms
[2020-08-01T12:24:30.259+0300][57.772s][info ][gc] GC(2514) Pause Young (Normal) (G1 Evacuation Pause) 215M->216M(512M) 10.373ms
[2020-08-01T12:24:30.279+0300][57.792s][info ][gc] GC(2515) Pause Young (Normal) (G1 Evacuation Pause) 237M->238M(512M) 10.996ms
[2020-08-01T12:24:30.298+0300][57.811s][info ][gc] GC(2516) Pause Young (Concurrent Start) (G1 Evacuation Pause) 259M->260M(512M) 10.704ms
[2020-08-01T12:24:30.298+0300][57.811s][info ][gc] GC(2517) Concurrent Cycle
[2020-08-01T12:24:30.321+0300][57.834s][info ][gc] GC(2518) Pause Young (Normal) (G1 Evacuation Pause) 301M->302M(512M) 10.135ms
[2020-08-01T12:24:30.341+0300][57.854s][info ][gc] GC(2519) Pause Young (Normal) (G1 Evacuation Pause) 323M->325M(512M) 10.899ms
[2020-08-01T12:24:30.360+0300][57.873s][info ][gc] GC(2520) Pause Young (Normal) (G1 Evacuation Pause) 346M->347M(512M) 10.529ms
[2020-08-01T12:24:30.379+0300][57.892s][info ][gc] GC(2521) Pause Young (Normal) (G1 Evacuation Pause) 368M->369M(512M) 10.711ms
[2020-08-01T12:24:30.399+0300][57.912s][info ][gc] GC(2522) Pause Young (Normal) (G1 Evacuation Pause) 390M->392M(512M) 10.755ms
[2020-08-01T12:24:30.419+0300][57.932s][info ][gc] GC(2523) Pause Young (Normal) (G1 Evacuation Pause) 413M->414M(512M) 10.721ms
[2020-08-01T12:24:30.442+0300][57.955s][info ][gc] GC(2524) Pause Young (Normal) (G1 Evacuation Pause) 455M->456M(512M) 10.587ms
[2020-08-01T12:24:30.464+0300][57.976s][info ][gc] GC(2525) Pause Young (Normal) (G1 Evacuation Pause) 477M->479M(512M) 12.174ms
[2020-08-01T12:24:30.503+0300][58.016s][info ][gc] GC(2526) To-space exhausted
[2020-08-01T12:24:30.503+0300][58.016s][info ][gc] GC(2526) Pause Young (Normal) (G1 Evacuation Pause) 500M->508M(512M) 29.971ms
[2020-08-01T12:24:30.506+0300][58.019s][debug][gc] GC(2517) Reclaimed 128 empty regions
[2020-08-01T12:24:30.506+0300][58.019s][info ][gc] GC(2517) Pause Remark 509M->382M(512M) 0.739ms
[2020-08-01T12:24:30.526+0300][58.039s][info ][gc] GC(2527) Pause Young (Normal) (G1 Evacuation Pause) 402M->403M(512M) 10.823ms
[2020-08-01T12:24:30.552+0300][58.065s][info ][gc] GC(2528) Pause Young (Normal) (G1 Evacuation Pause) 424M->426M(512M) 10.550ms
[2020-08-01T12:24:30.583+0300][58.096s][info ][gc] GC(2529) Pause Young (Normal) (G1 Evacuation Pause) 467M->468M(512M) 11.796ms
[2020-08-01T12:24:30.613+0300][58.126s][info ][gc] GC(2530) To-space exhausted
[2020-08-01T12:24:30.613+0300][58.126s][info ][gc] GC(2530) Pause Young (Normal) (G1 Evacuation Pause) 489M->497M(512M) 13.697ms
[2020-08-01T12:24:30.653+0300][58.166s][info ][gc] GC(2531) To-space exhausted
[2020-08-01T12:24:30.654+0300][58.166s][info ][gc] GC(2531) Pause Young (Normal) (G1 Evacuation Pause) 511M->511M(512M) 27.558ms
[2020-08-01T12:24:30.654+0300][58.167s][debug][gc] GC(2532) Clear Next Bitmap 0.409ms
[2020-08-01T12:24:30.692+0300][58.205s][info ][gc] GC(2532) Pause Full (G1 Evacuation Pause) 511M->61M(512M) 38.723ms
[2020-08-01T12:24:30.693+0300][58.206s][info ][gc] GC(2517) Concurrent Cycle 394.771ms
[2020-08-01T12:24:30.716+0300][58.229s][info ][gc] GC(2533) Pause Young (Normal) (G1 Evacuation Pause) 88M->88M(512M) 12.056ms
[2020-08-01T12:24:30.738+0300][58.251s][info ][gc] GC(2534) Pause Young (Normal) (G1 Evacuation Pause) 112M->113M(512M) 11.468ms
[2020-08-01T12:24:30.757+0300][58.270s][info ][gc] GC(2535) Pause Young (Normal) (G1 Evacuation Pause) 134M->136M(512M) 10.492ms
[2020-08-01T12:24:30.777+0300][58.290s][info ][gc] GC(2536) Pause Young (Normal) (G1 Evacuation Pause) 177M->178M(512M) 10.395ms
[2020-08-01T12:24:30.796+0300][58.309s][info ][gc] GC(2537) Pause Young (Normal) (G1 Evacuation Pause) 199M->200M(512M) 10.647ms
[2020-08-01T12:24:30.816+0300][58.329s][info ][gc] GC(2538) Pause Young (Normal) (G1 Evacuation Pause) 221M->223M(512M) 10.729ms
[2020-08-01T12:24:30.835+0300][58.348s][info ][gc] GC(2539) Pause Young (Normal) (G1 Evacuation Pause) 244M->245M(512M) 10.686ms
[2020-08-01T12:24:30.855+0300][58.368s][info ][gc] GC(2540) Pause Young (Concurrent Start) (G1 Evacuation Pause) 266M->268M(512M) 11.673ms
[2020-08-01T12:24:30.855+0300][58.368s][info ][gc] GC(2541) Concurrent Cycle
[2020-08-01T12:24:30.878+0300][58.391s][info ][gc] GC(2542) Pause Young (Normal) (G1 Evacuation Pause) 309M->310M(512M) 10.613ms
[2020-08-01T12:24:30.900+0300][58.413s][info ][gc] GC(2543) Pause Young (Normal) (G1 Evacuation Pause) 331M->333M(512M) 11.371ms
[2020-08-01T12:24:30.919+0300][58.432s][info ][gc] GC(2544) Pause Young (Normal) (G1 Evacuation Pause) 354M->355M(512M) 10.491ms
[2020-08-01T12:24:30.939+0300][58.452s][info ][gc] GC(2545) Pause Young (Normal) (G1 Evacuation Pause) 376M->377M(512M) 10.718ms
[2020-08-01T12:24:30.958+0300][58.471s][info ][gc] GC(2546) Pause Young (Normal) (G1 Evacuation Pause) 398M->399M(512M) 10.627ms
[2020-08-01T12:24:30.977+0300][58.490s][info ][gc] GC(2547) Pause Young (Normal) (G1 Evacuation Pause) 420M->421M(512M) 10.480ms
[2020-08-01T12:24:30.999+0300][58.512s][info ][gc] GC(2548) Pause Young (Normal) (G1 Evacuation Pause) 462M->463M(512M) 10.326ms
[2020-08-01T12:24:31.020+0300][58.533s][info ][gc] GC(2549) To-space exhausted
[2020-08-01T12:24:31.020+0300][58.533s][info ][gc] GC(2549) Pause Young (Normal) (G1 Evacuation Pause) 484M->492M(512M) 12.346ms
[2020-08-01T12:24:31.058+0300][58.570s][info ][gc] GC(2550) To-space exhausted
[2020-08-01T12:24:31.058+0300][58.571s][info ][gc] GC(2550) Pause Young (Normal) (G1 Evacuation Pause) 508M->508M(512M) 30.295ms
[2020-08-01T12:24:31.058+0300][58.571s][debug][gc] GC(2551) Clear Next Bitmap 0.284ms
[2020-08-01T12:24:31.108+0300][58.621s][info ][gc] GC(2551) Pause Full (G1 Evacuation Pause) 508M->77M(512M) 50.047ms
[2020-08-01T12:24:31.108+0300][58.621s][info ][gc] GC(2541) Concurrent Cycle 252.877ms
[2020-08-01T12:24:31.129+0300][58.642s][info ][gc] GC(2552) Pause Young (Normal) (G1 Evacuation Pause) 103M->104M(512M) 10.612ms
[2020-08-01T12:24:31.150+0300][58.663s][info ][gc] GC(2553) Pause Young (Normal) (G1 Evacuation Pause) 128M->129M(512M) 11.438ms
[2020-08-01T12:24:31.171+0300][58.683s][info ][gc] GC(2554) Pause Young (Normal) (G1 Evacuation Pause) 170M->171M(512M) 10.437ms
[2020-08-01T12:24:31.189+0300][58.702s][info ][gc] GC(2555) Pause Young (Normal) (G1 Evacuation Pause) 192M->194M(512M) 10.259ms
[2020-08-01T12:24:31.208+0300][58.721s][info ][gc] GC(2556) Pause Young (Normal) (G1 Evacuation Pause) 215M->216M(512M) 10.385ms
[2020-08-01T12:24:31.228+0300][58.741s][info ][gc] GC(2557) Pause Young (Normal) (G1 Evacuation Pause) 237M->238M(512M) 10.614ms
[2020-08-01T12:24:31.249+0300][58.762s][info ][gc] GC(2558) Pause Young (Concurrent Start) (G1 Evacuation Pause) 259M->260M(512M) 12.947ms
[2020-08-01T12:24:31.249+0300][58.762s][info ][gc] GC(2559) Concurrent Cycle
[2020-08-01T12:24:31.273+0300][58.786s][info ][gc] GC(2560) Pause Young (Normal) (G1 Evacuation Pause) 301M->303M(512M) 10.411ms
[2020-08-01T12:24:31.293+0300][58.806s][info ][gc] GC(2561) Pause Young (Normal) (G1 Evacuation Pause) 324M->326M(512M) 10.661ms
[2020-08-01T12:24:31.313+0300][58.826s][info ][gc] GC(2562) Pause Young (Normal) (G1 Evacuation Pause) 347M->349M(512M) 10.624ms
[2020-08-01T12:24:31.334+0300][58.847s][info ][gc] GC(2563) Pause Young (Normal) (G1 Evacuation Pause) 370M->371M(512M) 12.417ms
[2020-08-01T12:24:31.353+0300][58.866s][info ][gc] GC(2564) Pause Young (Normal) (G1 Evacuation Pause) 392M->394M(512M) 10.303ms
[2020-08-01T12:24:31.372+0300][58.885s][info ][gc] GC(2565) Pause Young (Normal) (G1 Evacuation Pause) 415M->416M(512M) 10.458ms
[2020-08-01T12:24:31.395+0300][58.908s][info ][gc] GC(2566) Pause Young (Normal) (G1 Evacuation Pause) 457M->458M(512M) 10.335ms
[2020-08-01T12:24:31.414+0300][58.927s][info ][gc] GC(2567) Pause Young (Normal) (G1 Evacuation Pause) 479M->481M(512M) 10.479ms
[2020-08-01T12:24:31.453+0300][58.966s][info ][gc] GC(2568) To-space exhausted
[2020-08-01T12:24:31.453+0300][58.966s][info ][gc] GC(2568) Pause Young (Normal) (G1 Evacuation Pause) 502M->507M(512M) 30.511ms
[2020-08-01T12:24:31.456+0300][58.969s][debug][gc] GC(2559) Reclaimed 129 empty regions
[2020-08-01T12:24:31.456+0300][58.969s][info ][gc] GC(2559) Pause Remark 507M->382M(512M) 0.640ms
[2020-08-01T12:24:31.480+0300][58.993s][info ][gc] GC(2569) Pause Young (Normal) (G1 Evacuation Pause) 403M->404M(512M) 12.792ms
[2020-08-01T12:24:31.508+0300][59.021s][info ][gc] GC(2570) Pause Young (Normal) (G1 Evacuation Pause) 425M->426M(512M) 11.002ms
[2020-08-01T12:24:31.537+0300][59.050s][info ][gc] GC(2571) Pause Young (Normal) (G1 Evacuation Pause) 467M->469M(512M) 11.270ms
[2020-08-01T12:24:31.567+0300][59.080s][info ][gc] GC(2572) To-space exhausted
[2020-08-01T12:24:31.567+0300][59.080s][info ][gc] GC(2572) Pause Young (Normal) (G1 Evacuation Pause) 490M->497M(512M) 13.682ms
[2020-08-01T12:24:31.607+0300][59.120s][info ][gc] GC(2573) To-space exhausted
[2020-08-01T12:24:31.607+0300][59.120s][info ][gc] GC(2573) Pause Young (Normal) (G1 Evacuation Pause) 511M->511M(512M) 26.248ms
[2020-08-01T12:24:31.607+0300][59.120s][debug][gc] GC(2574) Clear Next Bitmap 0.303ms
[2020-08-01T12:24:31.648+0300][59.161s][info ][gc] GC(2574) Pause Full (G1 Evacuation Pause) 511M->60M(512M) 41.311ms
[2020-08-01T12:24:31.649+0300][59.162s][info ][gc] GC(2559) Concurrent Cycle 399.466ms
[2020-08-01T12:24:31.672+0300][59.185s][info ][gc] GC(2575) Pause Young (Normal) (G1 Evacuation Pause) 86M->86M(512M) 12.604ms
[2020-08-01T12:24:31.697+0300][59.210s][info ][gc] GC(2576) Pause Young (Normal) (G1 Evacuation Pause) 110M->112M(512M) 13.610ms
[2020-08-01T12:24:31.716+0300][59.229s][info ][gc] GC(2577) Pause Young (Normal) (G1 Evacuation Pause) 133M->134M(512M) 10.908ms
[2020-08-01T12:24:31.737+0300][59.250s][info ][gc] GC(2578) Pause Young (Normal) (G1 Evacuation Pause) 175M->177M(512M) 10.514ms
[2020-08-01T12:24:31.756+0300][59.269s][info ][gc] GC(2579) Pause Young (Normal) (G1 Evacuation Pause) 198M->199M(512M) 10.635ms
[2020-08-01T12:24:31.775+0300][59.288s][info ][gc] GC(2580) Pause Young (Normal) (G1 Evacuation Pause) 220M->221M(512M) 10.414ms
[2020-08-01T12:24:31.794+0300][59.307s][info ][gc] GC(2581) Pause Young (Normal) (G1 Evacuation Pause) 242M->244M(512M) 10.497ms
[2020-08-01T12:24:31.812+0300][59.325s][info ][gc] GC(2582) Pause Young (Concurrent Start) (G1 Evacuation Pause) 265M->266M(512M) 10.026ms
[2020-08-01T12:24:31.812+0300][59.325s][info ][gc] GC(2583) Concurrent Cycle
[2020-08-01T12:24:31.836+0300][59.349s][info ][gc] GC(2584) Pause Young (Normal) (G1 Evacuation Pause) 307M->308M(512M) 11.818ms
[2020-08-01T12:24:31.856+0300][59.368s][info ][gc] GC(2585) Pause Young (Normal) (G1 Evacuation Pause) 329M->331M(512M) 10.439ms
[2020-08-01T12:24:31.875+0300][59.388s][info ][gc] GC(2586) Pause Young (Normal) (G1 Evacuation Pause) 352M->353M(512M) 10.494ms
[2020-08-01T12:24:31.897+0300][59.409s][info ][gc] GC(2587) Pause Young (Normal) (G1 Evacuation Pause) 374M->375M(512M) 11.334ms
[2020-08-01T12:24:31.916+0300][59.429s][info ][gc] GC(2588) Pause Young (Normal) (G1 Evacuation Pause) 396M->397M(512M) 10.540ms
[2020-08-01T12:24:31.936+0300][59.449s][info ][gc] GC(2589) Pause Young (Normal) (G1 Evacuation Pause) 418M->419M(512M) 10.599ms
[2020-08-01T12:24:31.962+0300][59.474s][info ][gc] GC(2590) Pause Young (Normal) (G1 Evacuation Pause) 460M->461M(512M) 11.500ms
[2020-08-01T12:24:31.980+0300][59.493s][info ][gc] GC(2591) Pause Young (Normal) (G1 Evacuation Pause) 482M->483M(512M) 10.281ms
[2020-08-01T12:24:32.021+0300][59.534s][info ][gc] GC(2592) To-space exhausted
[2020-08-01T12:24:32.021+0300][59.534s][info ][gc] GC(2592) Pause Young (Normal) (G1 Evacuation Pause) 504M->508M(512M) 32.083ms
[2020-08-01T12:24:32.025+0300][59.538s][debug][gc] GC(2583) Reclaimed 127 empty regions
[2020-08-01T12:24:32.025+0300][59.538s][info ][gc] GC(2583) Pause Remark 509M->384M(512M) 0.607ms
[2020-08-01T12:24:32.045+0300][59.558s][info ][gc] GC(2593) Pause Young (Normal) (G1 Evacuation Pause) 406M->407M(512M) 10.672ms
[2020-08-01T12:24:32.073+0300][59.585s][info ][gc] GC(2594) Pause Young (Normal) (G1 Evacuation Pause) 428M->429M(512M) 11.421ms
[2020-08-01T12:24:32.104+0300][59.617s][info ][gc] GC(2595) Pause Young (Normal) (G1 Evacuation Pause) 470M->471M(512M) 12.632ms
[2020-08-01T12:24:32.140+0300][59.653s][info ][gc] GC(2596) To-space exhausted
[2020-08-01T12:24:32.140+0300][59.653s][info ][gc] GC(2596) Pause Young (Normal) (G1 Evacuation Pause) 492M->499M(512M) 18.820ms
[2020-08-01T12:24:32.171+0300][59.684s][info ][gc] GC(2597) To-space exhausted
[2020-08-01T12:24:32.171+0300][59.684s][info ][gc] GC(2597) Pause Young (Normal) (G1 Evacuation Pause) 511M->511M(512M) 25.192ms
[2020-08-01T12:24:32.171+0300][59.684s][debug][gc] GC(2598) Clear Next Bitmap 0.266ms
[2020-08-01T12:24:32.209+0300][59.722s][info ][gc] GC(2598) Pause Full (G1 Evacuation Pause) 511M->64M(512M) 38.066ms
[2020-08-01T12:24:32.209+0300][59.722s][info ][gc] GC(2583) Concurrent Cycle 397.192ms
[2020-08-01T12:24:32.231+0300][59.744s][info ][gc] GC(2599) Pause Young (Normal) (G1 Evacuation Pause) 91M->91M(512M) 11.372ms
[2020-08-01T12:24:32.254+0300][59.767s][info ][gc] GC(2600) Pause Young (Normal) (G1 Evacuation Pause) 116M->117M(512M) 13.021ms
[2020-08-01T12:24:32.277+0300][59.790s][info ][gc] GC(2601) Pause Young (Normal) (G1 Evacuation Pause) 158M->159M(512M) 10.793ms
[2020-08-01T12:24:32.296+0300][59.809s][info ][gc] GC(2602) Pause Young (Normal) (G1 Evacuation Pause) 180M->182M(512M) 10.442ms
[2020-08-01T12:24:32.316+0300][59.828s][info ][gc] GC(2603) Pause Young (Normal) (G1 Evacuation Pause) 203M->204M(512M) 11.156ms
[2020-08-01T12:24:32.336+0300][59.849s][info ][gc] GC(2604) Pause Young (Normal) (G1 Evacuation Pause) 225M->225M(512M) 12.082ms
[2020-08-01T12:24:32.355+0300][59.868s][info ][gc] GC(2605) Pause Young (Normal) (G1 Evacuation Pause) 246M->247M(512M) 10.136ms
[2020-08-01T12:24:32.374+0300][59.887s][info ][gc] GC(2606) Pause Young (Concurrent Start) (G1 Evacuation Pause) 268M->270M(512M) 10.281ms
[2020-08-01T12:24:32.374+0300][59.887s][info ][gc] GC(2607) Concurrent Cycle
[2020-08-01T12:24:32.398+0300][59.910s][info ][gc] GC(2608) Pause Young (Normal) (G1 Evacuation Pause) 311M->312M(512M) 10.923ms
[2020-08-01T12:24:32.417+0300][59.930s][info ][gc] GC(2609) Pause Young (Normal) (G1 Evacuation Pause) 333M->334M(512M) 10.589ms
[2020-08-01T12:24:32.436+0300][59.949s][info ][gc] GC(2610) Pause Young (Normal) (G1 Evacuation Pause) 355M->357M(512M) 10.436ms
[2020-08-01T12:24:32.455+0300][59.968s][info ][gc] GC(2611) Pause Young (Normal) (G1 Evacuation Pause) 378M->379M(512M) 10.451ms
[2020-08-01T12:24:32.476+0300][59.989s][info ][gc] GC(2612) Pause Young (Normal) (G1 Evacuation Pause) 400M->402M(512M) 12.015ms
[2020-08-01T12:24:32.504+0300][60.017s][info ][gc] GC(2613) Pause Young (Normal) (G1 Evacuation Pause) 443M->445M(512M) 10.925ms
[2020-08-01T12:24:32.524+0300][60.037s][info ][gc] GC(2614) Pause Young (Normal) (G1 Evacuation Pause) 466M->467M(512M) 10.273ms
[2020-08-01T12:24:32.549+0300][60.062s][info ][gc] GC(2615) To-space exhausted
[2020-08-01T12:24:32.549+0300][60.062s][info ][gc] GC(2615) Pause Young (Normal) (G1 Evacuation Pause) 488M->503M(512M) 15.319ms
[2020-08-01T12:24:32.569+0300][60.082s][info ][gc] GC(2616) To-space exhausted
[2020-08-01T12:24:32.569+0300][60.082s][info ][gc] GC(2616) Pause Young (Normal) (G1 Evacuation Pause) 509M->509M(512M) 17.196ms
[2020-08-01T12:24:32.570+0300][60.083s][debug][gc] GC(2617) Clear Next Bitmap 0.479ms
[2020-08-01T12:24:32.616+0300][60.128s][info ][gc] GC(2617) Pause Full (G1 Evacuation Pause) 509M->70M(512M) 46.108ms
[2020-08-01T12:24:32.616+0300][60.129s][info ][gc] GC(2607) Concurrent Cycle 241.760ms
[2020-08-01T12:24:32.637+0300][60.150s][info ][gc] GC(2618) Pause Young (Normal) (G1 Evacuation Pause) 95M->96M(512M) 10.930ms
[2020-08-01T12:24:32.659+0300][60.172s][info ][gc] GC(2619) Pause Young (Normal) (G1 Evacuation Pause) 120M->121M(512M) 12.213ms
[2020-08-01T12:24:32.680+0300][60.193s][info ][gc] GC(2620) Pause Young (Normal) (G1 Evacuation Pause) 162M->163M(512M) 10.505ms
[2020-08-01T12:24:32.699+0300][60.212s][info ][gc] GC(2621) Pause Young (Normal) (G1 Evacuation Pause) 184M->185M(512M) 10.585ms
[2020-08-01T12:24:32.718+0300][60.231s][info ][gc] GC(2622) Pause Young (Normal) (G1 Evacuation Pause) 206M->208M(512M) 10.268ms
[2020-08-01T12:24:32.737+0300][60.250s][info ][gc] GC(2623) Pause Young (Normal) (G1 Evacuation Pause) 229M->230M(512M) 10.653ms
[2020-08-01T12:24:32.756+0300][60.269s][info ][gc] GC(2624) Pause Young (Normal) (G1 Evacuation Pause) 251M->252M(512M) 9.951ms
[2020-08-01T12:24:32.776+0300][60.289s][info ][gc] GC(2625) Pause Young (Concurrent Start) (G1 Evacuation Pause) 274M->275M(512M) 10.653ms
[2020-08-01T12:24:32.776+0300][60.289s][info ][gc] GC(2626) Concurrent Cycle
[2020-08-01T12:24:32.799+0300][60.312s][info ][gc] GC(2627) Pause Young (Normal) (G1 Evacuation Pause) 316M->318M(512M) 10.923ms
[2020-08-01T12:24:32.818+0300][60.331s][info ][gc] GC(2628) Pause Young (Normal) (G1 Evacuation Pause) 339M->341M(512M) 10.645ms
[2020-08-01T12:24:32.838+0300][60.351s][info ][gc] GC(2629) Pause Young (Normal) (G1 Evacuation Pause) 362M->363M(512M) 10.495ms
[2020-08-01T12:24:32.859+0300][60.372s][info ][gc] GC(2630) Pause Young (Normal) (G1 Evacuation Pause) 384M->386M(512M) 12.097ms
[2020-08-01T12:24:32.878+0300][60.391s][info ][gc] GC(2631) Pause Young (Normal) (G1 Evacuation Pause) 407M->409M(512M) 10.498ms
[2020-08-01T12:24:32.901+0300][60.414s][info ][gc] GC(2632) Pause Young (Normal) (G1 Evacuation Pause) 450M->451M(512M) 10.361ms
[2020-08-01T12:24:32.920+0300][60.433s][info ][gc] GC(2633) Pause Young (Normal) (G1 Evacuation Pause) 472M->473M(512M) 10.663ms
[2020-08-01T12:24:32.952+0300][60.465s][info ][gc] GC(2634) To-space exhausted
[2020-08-01T12:24:32.952+0300][60.465s][info ][gc] GC(2634) Pause Young (Normal) (G1 Evacuation Pause) 494M->501M(512M) 23.159ms
[2020-08-01T12:24:32.977+0300][60.490s][info ][gc] GC(2635) To-space exhausted
[2020-08-01T12:24:32.977+0300][60.490s][info ][gc] GC(2635) Pause Young (Normal) (G1 Evacuation Pause) 508M->508M(512M) 19.347ms
[2020-08-01T12:24:32.977+0300][60.490s][debug][gc] GC(2636) Clear Next Bitmap 0.226ms
[2020-08-01T12:24:33.033+0300][60.546s][info ][gc] GC(2636) Pause Full (G1 Evacuation Pause) 508M->77M(512M) 55.680ms
[2020-08-01T12:24:33.033+0300][60.546s][info ][gc] GC(2626) Concurrent Cycle 256.672ms
[2020-08-01T12:24:33.056+0300][60.568s][info ][gc] GC(2637) Pause Young (Normal) (G1 Evacuation Pause) 105M->105M(512M) 11.720ms
[2020-08-01T12:24:33.077+0300][60.590s][info ][gc] GC(2638) Pause Young (Normal) (G1 Evacuation Pause) 130M->131M(512M) 11.520ms
[2020-08-01T12:24:33.099+0300][60.612s][info ][gc] GC(2639) Pause Young (Normal) (G1 Evacuation Pause) 173M->174M(512M) 11.359ms
[2020-08-01T12:24:33.118+0300][60.631s][info ][gc] GC(2640) Pause Young (Normal) (G1 Evacuation Pause) 195M->196M(512M) 10.706ms
[2020-08-01T12:24:33.137+0300][60.650s][info ][gc] GC(2641) Pause Young (Normal) (G1 Evacuation Pause) 217M->219M(512M) 10.422ms
[2020-08-01T12:24:33.156+0300][60.669s][info ][gc] GC(2642) Pause Young (Normal) (G1 Evacuation Pause) 240M->241M(512M) 10.247ms
[2020-08-01T12:24:33.175+0300][60.687s][info ][gc] GC(2643) Pause Young (Concurrent Start) (G1 Evacuation Pause) 262M->264M(512M) 10.136ms
[2020-08-01T12:24:33.175+0300][60.688s][info ][gc] GC(2644) Concurrent Cycle
[2020-08-01T12:24:33.198+0300][60.711s][info ][gc] GC(2645) Pause Young (Normal) (G1 Evacuation Pause) 305M->306M(512M) 10.943ms
[2020-08-01T12:24:33.217+0300][60.730s][info ][gc] GC(2646) Pause Young (Normal) (G1 Evacuation Pause) 327M->329M(512M) 10.515ms
[2020-08-01T12:24:33.237+0300][60.750s][info ][gc] GC(2647) Pause Young (Normal) (G1 Evacuation Pause) 350M->351M(512M) 10.513ms
[2020-08-01T12:24:33.258+0300][60.770s][info ][gc] GC(2648) Pause Young (Normal) (G1 Evacuation Pause) 372M->373M(512M) 11.594ms
[2020-08-01T12:24:33.277+0300][60.790s][info ][gc] GC(2649) Pause Young (Normal) (G1 Evacuation Pause) 394M->396M(512M) 10.408ms
[2020-08-01T12:24:33.296+0300][60.809s][info ][gc] GC(2650) Pause Young (Normal) (G1 Evacuation Pause) 417M->418M(512M) 10.115ms
[2020-08-01T12:24:33.320+0300][60.833s][info ][gc] GC(2651) Pause Young (Normal) (G1 Evacuation Pause) 459M->460M(512M) 11.813ms
[2020-08-01T12:24:33.340+0300][60.853s][info ][gc] GC(2652) Pause Young (Normal) (G1 Evacuation Pause) 481M->482M(512M) 11.566ms
[2020-08-01T12:24:33.384+0300][60.897s][info ][gc] GC(2653) To-space exhausted
[2020-08-01T12:24:33.384+0300][60.897s][info ][gc] GC(2653) Pause Young (Normal) (G1 Evacuation Pause) 503M->508M(512M) 34.473ms
[2020-08-01T12:24:33.394+0300][60.907s][info ][gc] GC(2654) To-space exhausted
[2020-08-01T12:24:33.394+0300][60.907s][info ][gc] GC(2654) Pause Young (Normal) (G1 Evacuation Pause) 509M->509M(512M) 6.388ms
[2020-08-01T12:24:33.394+0300][60.907s][debug][gc] GC(2655) Clear Next Bitmap 0.409ms
[2020-08-01T12:24:33.447+0300][60.960s][info ][gc] GC(2655) Pause Full (G1 Evacuation Pause) 509M->81M(512M) 53.404ms
[2020-08-01T12:24:33.448+0300][60.961s][info ][gc] GC(2644) Concurrent Cycle 272.989ms
[2020-08-01T12:24:33.473+0300][60.986s][info ][gc] GC(2656) Pause Young (Normal) (G1 Evacuation Pause) 109M->109M(512M) 13.160ms
[2020-08-01T12:24:33.498+0300][61.011s][info ][gc] GC(2657) Pause Young (Normal) (G1 Evacuation Pause) 133M->135M(512M) 13.994ms
[2020-08-01T12:24:33.518+0300][61.031s][info ][gc] GC(2658) Pause Young (Normal) (G1 Evacuation Pause) 176M->177M(512M) 10.741ms
[2020-08-01T12:24:33.537+0300][61.050s][info ][gc] GC(2659) Pause Young (Normal) (G1 Evacuation Pause) 198M->199M(512M) 10.499ms
[2020-08-01T12:24:33.556+0300][61.069s][info ][gc] GC(2660) Pause Young (Normal) (G1 Evacuation Pause) 220M->221M(512M) 10.507ms
[2020-08-01T12:24:33.577+0300][61.090s][info ][gc] GC(2661) Pause Young (Normal) (G1 Evacuation Pause) 242M->244M(512M) 12.106ms
[2020-08-01T12:24:33.596+0300][61.109s][info ][gc] GC(2662) Pause Young (Concurrent Start) (G1 Evacuation Pause) 265M->267M(512M) 10.388ms
[2020-08-01T12:24:33.596+0300][61.109s][info ][gc] GC(2663) Concurrent Cycle
[2020-08-01T12:24:33.619+0300][61.132s][info ][gc] GC(2664) Pause Young (Normal) (G1 Evacuation Pause) 308M->310M(512M) 11.132ms
[2020-08-01T12:24:33.640+0300][61.152s][info ][gc] GC(2665) Pause Young (Normal) (G1 Evacuation Pause) 331M->332M(512M) 10.462ms
[2020-08-01T12:24:33.660+0300][61.173s][info ][gc] GC(2666) Pause Young (Normal) (G1 Evacuation Pause) 353M->355M(512M) 10.701ms
[2020-08-01T12:24:33.680+0300][61.192s][info ][gc] GC(2667) Pause Young (Normal) (G1 Evacuation Pause) 376M->377M(512M) 10.583ms
[2020-08-01T12:24:33.699+0300][61.212s][info ][gc] GC(2668) Pause Young (Normal) (G1 Evacuation Pause) 398M->399M(512M) 10.685ms
[2020-08-01T12:24:33.719+0300][61.232s][info ][gc] GC(2669) Pause Young (Normal) (G1 Evacuation Pause) 420M->421M(512M) 10.620ms
[2020-08-01T12:24:33.741+0300][61.254s][info ][gc] GC(2670) Pause Young (Normal) (G1 Evacuation Pause) 462M->463M(512M) 10.559ms
[2020-08-01T12:24:33.763+0300][61.276s][info ][gc] GC(2671) To-space exhausted
[2020-08-01T12:24:33.763+0300][61.276s][info ][gc] GC(2671) Pause Young (Normal) (G1 Evacuation Pause) 484M->491M(512M) 12.966ms
[2020-08-01T12:24:33.799+0300][61.312s][info ][gc] GC(2672) To-space exhausted
[2020-08-01T12:24:33.799+0300][61.312s][info ][gc] GC(2672) Pause Young (Normal) (G1 Evacuation Pause) 508M->508M(512M) 29.483ms
[2020-08-01T12:24:33.800+0300][61.313s][debug][gc] GC(2673) Clear Next Bitmap 0.252ms
[2020-08-01T12:24:33.854+0300][61.367s][info ][gc] GC(2673) Pause Full (G1 Evacuation Pause) 508M->78M(512M) 54.232ms
[2020-08-01T12:24:33.854+0300][61.367s][info ][gc] GC(2663) Concurrent Cycle 258.125ms
[2020-08-01T12:24:33.875+0300][61.388s][info ][gc] GC(2674) Pause Young (Normal) (G1 Evacuation Pause) 104M->105M(512M) 10.344ms
[2020-08-01T12:24:33.897+0300][61.410s][info ][gc] GC(2675) Pause Young (Normal) (G1 Evacuation Pause) 130M->132M(512M) 12.213ms
[2020-08-01T12:24:33.921+0300][61.434s][info ][gc] GC(2676) Pause Young (Normal) (G1 Evacuation Pause) 173M->174M(512M) 10.547ms
[2020-08-01T12:24:33.941+0300][61.453s][info ][gc] GC(2677) Pause Young (Normal) (G1 Evacuation Pause) 195M->197M(512M) 10.435ms
[2020-08-01T12:24:33.960+0300][61.472s][info ][gc] GC(2678) Pause Young (Normal) (G1 Evacuation Pause) 218M->219M(512M) 10.494ms
[2020-08-01T12:24:33.978+0300][61.491s][info ][gc] GC(2679) Pause Young (Normal) (G1 Evacuation Pause) 240M->242M(512M) 10.538ms
[2020-08-01T12:24:33.997+0300][61.510s][info ][gc] GC(2680) Pause Young (Concurrent Start) (G1 Evacuation Pause) 263M->264M(512M) 10.629ms
[2020-08-01T12:24:33.997+0300][61.510s][info ][gc] GC(2681) Concurrent Cycle
[2020-08-01T12:24:34.020+0300][61.533s][info ][gc] GC(2682) Pause Young (Normal) (G1 Evacuation Pause) 305M->307M(512M) 10.418ms
[2020-08-01T12:24:34.039+0300][61.552s][info ][gc] GC(2683) Pause Young (Normal) (G1 Evacuation Pause) 328M->329M(512M) 10.479ms
[2020-08-01T12:24:34.059+0300][61.571s][info ][gc] GC(2684) Pause Young (Normal) (G1 Evacuation Pause) 350M->351M(512M) 10.527ms
[2020-08-01T12:24:34.080+0300][61.593s][info ][gc] GC(2685) Pause Young (Normal) (G1 Evacuation Pause) 372M->374M(512M) 12.210ms
[2020-08-01T12:24:34.099+0300][61.612s][info ][gc] GC(2686) Pause Young (Normal) (G1 Evacuation Pause) 395M->396M(512M) 10.762ms
[2020-08-01T12:24:34.119+0300][61.632s][info ][gc] GC(2687) Pause Young (Normal) (G1 Evacuation Pause) 417M->418M(512M) 10.508ms
[2020-08-01T12:24:34.143+0300][61.656s][info ][gc] GC(2688) Pause Young (Normal) (G1 Evacuation Pause) 459M->460M(512M) 10.197ms
[2020-08-01T12:24:34.163+0300][61.676s][info ][gc] GC(2689) Pause Young (Normal) (G1 Evacuation Pause) 481M->483M(512M) 11.112ms
[2020-08-01T12:24:34.202+0300][61.715s][info ][gc] GC(2690) To-space exhausted
[2020-08-01T12:24:34.202+0300][61.715s][info ][gc] GC(2690) Pause Young (Normal) (G1 Evacuation Pause) 504M->508M(512M) 30.045ms
[2020-08-01T12:24:34.202+0300][61.715s][debug][gc] GC(2691) Clear Next Bitmap 0.338ms
[2020-08-01T12:24:34.250+0300][61.763s][info ][gc] GC(2691) Pause Full (G1 Evacuation Pause) 508M->79M(512M) 48.029ms
[2020-08-01T12:24:34.250+0300][61.763s][info ][gc] GC(2681) Concurrent Cycle 252.906ms
[2020-08-01T12:24:34.274+0300][61.787s][info ][gc] GC(2692) Pause Young (Normal) (G1 Evacuation Pause) 106M->107M(512M) 12.686ms
[2020-08-01T12:24:34.295+0300][61.808s][info ][gc] GC(2693) Pause Young (Normal) (G1 Evacuation Pause) 131M->132M(512M) 11.715ms
[2020-08-01T12:24:34.318+0300][61.831s][info ][gc] GC(2694) Pause Young (Normal) (G1 Evacuation Pause) 173M->175M(512M) 10.681ms
[2020-08-01T12:24:34.338+0300][61.851s][info ][gc] GC(2695) Pause Young (Normal) (G1 Evacuation Pause) 196M->197M(512M) 11.659ms
[2020-08-01T12:24:34.358+0300][61.871s][info ][gc] GC(2696) Pause Young (Normal) (G1 Evacuation Pause) 218M->220M(512M) 10.525ms
[2020-08-01T12:24:34.377+0300][61.890s][info ][gc] GC(2697) Pause Young (Normal) (G1 Evacuation Pause) 241M->243M(512M) 10.279ms
[2020-08-01T12:24:34.396+0300][61.909s][info ][gc] GC(2698) Pause Young (Concurrent Start) (G1 Evacuation Pause) 264M->265M(512M) 10.633ms
[2020-08-01T12:24:34.396+0300][61.909s][info ][gc] GC(2699) Concurrent Cycle
[2020-08-01T12:24:34.420+0300][61.932s][info ][gc] GC(2700) Pause Young (Normal) (G1 Evacuation Pause) 306M->307M(512M) 11.086ms
[2020-08-01T12:24:34.439+0300][61.952s][info ][gc] GC(2701) Pause Young (Normal) (G1 Evacuation Pause) 328M->330M(512M) 10.587ms
[2020-08-01T12:24:34.458+0300][61.971s][info ][gc] GC(2702) Pause Young (Normal) (G1 Evacuation Pause) 351M->352M(512M) 10.179ms
[2020-08-01T12:24:34.478+0300][61.991s][info ][gc] GC(2703) Pause Young (Normal) (G1 Evacuation Pause) 373M->375M(512M) 11.766ms
[2020-08-01T12:24:34.500+0300][62.013s][info ][gc] GC(2704) Pause Young (Normal) (G1 Evacuation Pause) 396M->397M(512M) 11.242ms
[2020-08-01T12:24:34.520+0300][62.033s][info ][gc] GC(2705) Pause Young (Normal) (G1 Evacuation Pause) 418M->420M(512M) 10.531ms
[2020-08-01T12:24:34.544+0300][62.057s][info ][gc] GC(2706) Pause Young (Normal) (G1 Evacuation Pause) 461M->462M(512M) 10.516ms
[2020-08-01T12:24:34.565+0300][62.078s][info ][gc] GC(2707) To-space exhausted
[2020-08-01T12:24:34.565+0300][62.078s][info ][gc] GC(2707) Pause Young (Normal) (G1 Evacuation Pause) 483M->487M(512M) 11.256ms
[2020-08-01T12:24:34.609+0300][62.122s][info ][gc] GC(2708) To-space exhausted
[2020-08-01T12:24:34.609+0300][62.122s][info ][gc] GC(2708) Pause Young (Normal) (G1 Evacuation Pause) 508M->509M(512M) 35.300ms
[2020-08-01T12:24:34.610+0300][62.123s][debug][gc] GC(2709) Clear Next Bitmap 0.310ms
[2020-08-01T12:24:34.658+0300][62.171s][info ][gc] GC(2709) Pause Full (G1 Evacuation Pause) 509M->79M(512M) 48.709ms
[2020-08-01T12:24:34.658+0300][62.171s][info ][gc] GC(2699) Concurrent Cycle 262.127ms
[2020-08-01T12:24:34.683+0300][62.196s][info ][gc] GC(2710) Pause Young (Normal) (G1 Evacuation Pause) 106M->107M(512M) 13.039ms
[2020-08-01T12:24:34.702+0300][62.215s][info ][gc] GC(2711) Pause Young (Normal) (G1 Evacuation Pause) 130M->132M(512M) 10.428ms
[2020-08-01T12:24:34.725+0300][62.238s][info ][gc] GC(2712) Pause Young (Normal) (G1 Evacuation Pause) 173M->175M(512M) 10.322ms
[2020-08-01T12:24:34.745+0300][62.258s][info ][gc] GC(2713) Pause Young (Normal) (G1 Evacuation Pause) 196M->197M(512M) 10.971ms
[2020-08-01T12:24:34.766+0300][62.279s][info ][gc] GC(2714) Pause Young (Normal) (G1 Evacuation Pause) 218M->219M(512M) 12.420ms
[2020-08-01T12:24:34.787+0300][62.300s][info ][gc] GC(2715) Pause Young (Normal) (G1 Evacuation Pause) 240M->242M(512M) 11.925ms
[2020-08-01T12:24:34.805+0300][62.318s][info ][gc] GC(2716) Pause Young (Concurrent Start) (G1 Evacuation Pause) 263M->264M(512M) 10.313ms
[2020-08-01T12:24:34.805+0300][62.318s][info ][gc] GC(2717) Concurrent Cycle
[2020-08-01T12:24:34.829+0300][62.342s][info ][gc] GC(2718) Pause Young (Normal) (G1 Evacuation Pause) 305M->306M(512M) 10.535ms
[2020-08-01T12:24:34.848+0300][62.361s][info ][gc] GC(2719) Pause Young (Normal) (G1 Evacuation Pause) 327M->329M(512M) 11.087ms
[2020-08-01T12:24:34.868+0300][62.381s][info ][gc] GC(2720) Pause Young (Normal) (G1 Evacuation Pause) 350M->352M(512M) 10.750ms
[2020-08-01T12:24:34.887+0300][62.400s][info ][gc] GC(2721) Pause Young (Normal) (G1 Evacuation Pause) 373M->374M(512M) 10.390ms
[2020-08-01T12:24:34.908+0300][62.421s][info ][gc] GC(2722) Pause Young (Normal) (G1 Evacuation Pause) 395M->397M(512M) 11.538ms
[2020-08-01T12:24:34.929+0300][62.442s][info ][gc] GC(2723) Pause Young (Normal) (G1 Evacuation Pause) 418M->419M(512M) 11.500ms
[2020-08-01T12:24:34.954+0300][62.467s][info ][gc] GC(2724) Pause Young (Normal) (G1 Evacuation Pause) 460M->462M(512M) 12.580ms
[2020-08-01T12:24:34.974+0300][62.487s][info ][gc] GC(2725) To-space exhausted
[2020-08-01T12:24:34.975+0300][62.487s][info ][gc] GC(2725) Pause Young (Normal) (G1 Evacuation Pause) 483M->485M(512M) 11.633ms
[2020-08-01T12:24:35.021+0300][62.534s][info ][gc] GC(2726) To-space exhausted
[2020-08-01T12:24:35.021+0300][62.534s][info ][gc] GC(2726) Pause Young (Normal) (G1 Evacuation Pause) 506M->507M(512M) 37.420ms
[2020-08-01T12:24:35.021+0300][62.534s][debug][gc] GC(2727) Clear Next Bitmap 0.295ms
[2020-08-01T12:24:35.070+0300][62.583s][info ][gc] GC(2727) Pause Full (G1 Evacuation Pause) 507M->79M(512M) 48.770ms
[2020-08-01T12:24:35.070+0300][62.583s][info ][gc] GC(2717) Concurrent Cycle 264.627ms
[2020-08-01T12:24:35.091+0300][62.604s][info ][gc] GC(2728) Pause Young (Normal) (G1 Evacuation Pause) 105M->105M(512M) 10.343ms
[2020-08-01T12:24:35.114+0300][62.627s][info ][gc] GC(2729) Pause Young (Normal) (G1 Evacuation Pause) 130M->132M(512M) 12.282ms
[2020-08-01T12:24:35.135+0300][62.648s][info ][gc] GC(2730) Pause Young (Normal) (G1 Evacuation Pause) 173M->175M(512M) 11.107ms
[2020-08-01T12:24:35.154+0300][62.667s][info ][gc] GC(2731) Pause Young (Normal) (G1 Evacuation Pause) 196M->197M(512M) 10.555ms
[2020-08-01T12:24:35.173+0300][62.686s][info ][gc] GC(2732) Pause Young (Normal) (G1 Evacuation Pause) 218M->219M(512M) 10.048ms
[2020-08-01T12:24:35.191+0300][62.704s][info ][gc] GC(2733) Pause Young (Normal) (G1 Evacuation Pause) 240M->242M(512M) 9.871ms
[2020-08-01T12:24:35.210+0300][62.723s][info ][gc] GC(2734) Pause Young (Concurrent Start) (G1 Evacuation Pause) 263M->264M(512M) 10.076ms
[2020-08-01T12:24:35.210+0300][62.723s][info ][gc] GC(2735) Concurrent Cycle
[2020-08-01T12:24:35.232+0300][62.745s][info ][gc] GC(2736) Pause Young (Normal) (G1 Evacuation Pause) 305M->306M(512M) 10.441ms
[2020-08-01T12:24:35.253+0300][62.766s][info ][gc] GC(2737) Pause Young (Normal) (G1 Evacuation Pause) 327M->328M(512M) 11.823ms
[2020-08-01T12:24:35.272+0300][62.785s][info ][gc] GC(2738) Pause Young (Normal) (G1 Evacuation Pause) 349M->351M(512M) 10.164ms
[2020-08-01T12:24:35.291+0300][62.804s][info ][gc] GC(2739) Pause Young (Normal) (G1 Evacuation Pause) 372M->373M(512M) 10.687ms
[2020-08-01T12:24:35.310+0300][62.823s][info ][gc] GC(2740) Pause Young (Normal) (G1 Evacuation Pause) 394M->395M(512M) 9.997ms
[2020-08-01T12:24:35.333+0300][62.846s][info ][gc] GC(2741) Pause Young (Normal) (G1 Evacuation Pause) 416M->418M(512M) 12.121ms
[2020-08-01T12:24:35.358+0300][62.871s][info ][gc] GC(2742) Pause Young (Normal) (G1 Evacuation Pause) 459M->460M(512M) 10.921ms
[2020-08-01T12:24:35.377+0300][62.890s][info ][gc] GC(2743) Pause Young (Normal) (G1 Evacuation Pause) 481M->483M(512M) 10.470ms
[2020-08-01T12:24:35.418+0300][62.931s][info ][gc] GC(2744) To-space exhausted
[2020-08-01T12:24:35.419+0300][62.931s][info ][gc] GC(2744) Pause Young (Normal) (G1 Evacuation Pause) 504M->507M(512M) 32.303ms
[2020-08-01T12:24:35.422+0300][62.935s][debug][gc] GC(2735) Reclaimed 132 empty regions
[2020-08-01T12:24:35.422+0300][62.935s][info ][gc] GC(2735) Pause Remark 507M->378M(512M) 0.636ms
[2020-08-01T12:24:35.445+0300][62.957s][info ][gc] GC(2745) Pause Young (Normal) (G1 Evacuation Pause) 401M->402M(512M) 11.704ms
[2020-08-01T12:24:35.471+0300][62.983s][info ][gc] GC(2746) Pause Young (Normal) (G1 Evacuation Pause) 423M->424M(512M) 10.788ms
[2020-08-01T12:24:35.502+0300][63.015s][info ][gc] GC(2747) Pause Young (Normal) (G1 Evacuation Pause) 465M->467M(512M) 12.586ms
[2020-08-01T12:24:35.535+0300][63.048s][info ][gc] GC(2748) To-space exhausted
[2020-08-01T12:24:35.535+0300][63.048s][info ][gc] GC(2748) Pause Young (Normal) (G1 Evacuation Pause) 488M->495M(512M) 14.282ms
[2020-08-01T12:24:35.578+0300][63.091s][info ][gc] GC(2749) To-space exhausted
[2020-08-01T12:24:35.578+0300][63.091s][info ][gc] GC(2749) Pause Young (Normal) (G1 Evacuation Pause) 511M->511M(512M) 31.347ms
[2020-08-01T12:24:35.578+0300][63.091s][debug][gc] GC(2750) Clear Next Bitmap 0.221ms
[2020-08-01T12:24:35.622+0300][63.135s][info ][gc] GC(2750) Pause Full (G1 Evacuation Pause) 511M->67M(512M) 44.462ms
[2020-08-01T12:24:35.623+0300][63.136s][info ][gc] GC(2735) Concurrent Cycle 412.722ms
[2020-08-01T12:24:35.646+0300][63.159s][info ][gc] GC(2751) Pause Young (Normal) (G1 Evacuation Pause) 95M->95M(512M) 11.907ms
[2020-08-01T12:24:35.668+0300][63.181s][info ][gc] GC(2752) Pause Young (Normal) (G1 Evacuation Pause) 120M->121M(512M) 11.828ms
[2020-08-01T12:24:35.689+0300][63.202s][info ][gc] GC(2753) Pause Young (Normal) (G1 Evacuation Pause) 162M->163M(512M) 10.382ms
[2020-08-01T12:24:35.708+0300][63.221s][info ][gc] GC(2754) Pause Young (Normal) (G1 Evacuation Pause) 184M->186M(512M) 10.403ms
[2020-08-01T12:24:35.728+0300][63.241s][info ][gc] GC(2755) Pause Young (Normal) (G1 Evacuation Pause) 207M->208M(512M) 11.493ms
[2020-08-01T12:24:35.747+0300][63.260s][info ][gc] GC(2756) Pause Young (Normal) (G1 Evacuation Pause) 229M->230M(512M) 10.695ms
[2020-08-01T12:24:35.767+0300][63.279s][info ][gc] GC(2757) Pause Young (Normal) (G1 Evacuation Pause) 251M->253M(512M) 10.851ms
[2020-08-01T12:24:35.786+0300][63.299s][info ][gc] GC(2758) Pause Young (Concurrent Start) (G1 Evacuation Pause) 274M->275M(512M) 10.755ms
[2020-08-01T12:24:35.786+0300][63.299s][info ][gc] GC(2759) Concurrent Cycle
[2020-08-01T12:24:35.810+0300][63.323s][info ][gc] GC(2760) Pause Young (Normal) (G1 Evacuation Pause) 316M->318M(512M) 10.452ms
[2020-08-01T12:24:35.830+0300][63.343s][info ][gc] GC(2761) Pause Young (Normal) (G1 Evacuation Pause) 339M->341M(512M) 10.461ms
[2020-08-01T12:24:35.850+0300][63.363s][info ][gc] GC(2762) Pause Young (Normal) (G1 Evacuation Pause) 362M->363M(512M) 11.151ms
[2020-08-01T12:24:35.870+0300][63.383s][info ][gc] GC(2763) Pause Young (Normal) (G1 Evacuation Pause) 384M->385M(512M) 10.444ms
[2020-08-01T12:24:35.889+0300][63.402s][info ][gc] GC(2764) Pause Young (Normal) (G1 Evacuation Pause) 406M->408M(512M) 10.109ms
[2020-08-01T12:24:35.910+0300][63.423s][info ][gc] GC(2765) Pause Young (Normal) (G1 Evacuation Pause) 449M->451M(512M) 10.537ms
[2020-08-01T12:24:35.930+0300][63.443s][info ][gc] GC(2766) Pause Young (Normal) (G1 Evacuation Pause) 472M->473M(512M) 10.560ms
[2020-08-01T12:24:35.960+0300][63.472s][info ][gc] GC(2767) To-space exhausted
[2020-08-01T12:24:35.960+0300][63.473s][info ][gc] GC(2767) Pause Young (Normal) (G1 Evacuation Pause) 494M->501M(512M) 20.715ms
[2020-08-01T12:24:35.984+0300][63.497s][info ][gc] GC(2768) To-space exhausted
[2020-08-01T12:24:35.984+0300][63.497s][info ][gc] GC(2768) Pause Young (Normal) (G1 Evacuation Pause) 509M->509M(512M) 18.105ms
[2020-08-01T12:24:35.984+0300][63.497s][debug][gc] GC(2769) Clear Next Bitmap 0.309ms
[2020-08-01T12:24:36.036+0300][63.549s][info ][gc] GC(2769) Pause Full (G1 Evacuation Pause) 509M->77M(512M) 51.823ms
[2020-08-01T12:24:36.036+0300][63.549s][info ][gc] GC(2759) Concurrent Cycle 249.937ms
[2020-08-01T12:24:36.058+0300][63.571s][info ][gc] GC(2770) Pause Young (Normal) (G1 Evacuation Pause) 104M->104M(512M) 11.151ms
[2020-08-01T12:24:36.080+0300][63.593s][info ][gc] GC(2771) Pause Young (Normal) (G1 Evacuation Pause) 129M->130M(512M) 11.634ms
[2020-08-01T12:24:36.101+0300][63.613s][info ][gc] GC(2772) Pause Young (Normal) (G1 Evacuation Pause) 172M->174M(512M) 10.389ms
[2020-08-01T12:24:36.119+0300][63.632s][info ][gc] GC(2773) Pause Young (Normal) (G1 Evacuation Pause) 195M->196M(512M) 10.411ms
[2020-08-01T12:24:36.138+0300][63.651s][info ][gc] GC(2774) Pause Young (Normal) (G1 Evacuation Pause) 217M->219M(512M) 10.353ms
[2020-08-01T12:24:36.158+0300][63.671s][info ][gc] GC(2775) Pause Young (Normal) (G1 Evacuation Pause) 241M->242M(512M) 10.419ms
[2020-08-01T12:24:36.177+0300][63.690s][info ][gc] GC(2776) Pause Young (Concurrent Start) (G1 Evacuation Pause) 264M->265M(512M) 10.861ms
[2020-08-01T12:24:36.178+0300][63.691s][info ][gc] GC(2777) Concurrent Cycle
[2020-08-01T12:24:36.202+0300][63.715s][info ][gc] GC(2778) Pause Young (Normal) (G1 Evacuation Pause) 306M->307M(512M) 11.276ms
[2020-08-01T12:24:36.221+0300][63.734s][info ][gc] GC(2779) Pause Young (Normal) (G1 Evacuation Pause) 328M->330M(512M) 10.554ms
[2020-08-01T12:24:36.242+0300][63.755s][info ][gc] GC(2780) Pause Young (Normal) (G1 Evacuation Pause) 351M->352M(512M) 11.905ms
[2020-08-01T12:24:36.263+0300][63.776s][info ][gc] GC(2781) Pause Young (Normal) (G1 Evacuation Pause) 373M->375M(512M) 10.958ms
[2020-08-01T12:24:36.283+0300][63.796s][info ][gc] GC(2782) Pause Young (Normal) (G1 Evacuation Pause) 397M->399M(512M) 10.571ms
[2020-08-01T12:24:36.302+0300][63.815s][info ][gc] GC(2783) Pause Young (Normal) (G1 Evacuation Pause) 420M->422M(512M) 10.414ms
[2020-08-01T12:24:36.324+0300][63.837s][info ][gc] GC(2784) Pause Young (Normal) (G1 Evacuation Pause) 463M->464M(512M) 10.578ms
[2020-08-01T12:24:36.345+0300][63.857s][info ][gc] GC(2785) To-space exhausted
[2020-08-01T12:24:36.345+0300][63.857s][info ][gc] GC(2785) Pause Young (Normal) (G1 Evacuation Pause) 485M->490M(512M) 11.478ms
[2020-08-01T12:24:36.388+0300][63.901s][info ][gc] GC(2786) To-space exhausted
[2020-08-01T12:24:36.388+0300][63.901s][info ][gc] GC(2786) Pause Young (Normal) (G1 Evacuation Pause) 510M->510M(512M) 35.338ms
[2020-08-01T12:24:36.389+0300][63.902s][debug][gc] GC(2787) Clear Next Bitmap 0.327ms
[2020-08-01T12:24:36.441+0300][63.953s][info ][gc] GC(2787) Pause Full (G1 Evacuation Pause) 510M->81M(512M) 52.239ms
[2020-08-01T12:24:36.441+0300][63.954s][info ][gc] GC(2777) Concurrent Cycle 262.969ms
[2020-08-01T12:24:36.465+0300][63.978s][info ][gc] GC(2788) Pause Young (Normal) (G1 Evacuation Pause) 110M->111M(512M) 12.469ms
[2020-08-01T12:24:36.489+0300][64.002s][info ][gc] GC(2789) Pause Young (Normal) (G1 Evacuation Pause) 136M->137M(512M) 13.347ms
[2020-08-01T12:24:36.513+0300][64.025s][info ][gc] GC(2790) Pause Young (Normal) (G1 Evacuation Pause) 178M->180M(512M) 10.962ms
[2020-08-01T12:24:36.532+0300][64.045s][info ][gc] GC(2791) Pause Young (Normal) (G1 Evacuation Pause) 201M->202M(512M) 10.994ms
[2020-08-01T12:24:36.551+0300][64.064s][info ][gc] GC(2792) Pause Young (Normal) (G1 Evacuation Pause) 223M->224M(512M) 10.535ms
[2020-08-01T12:24:36.569+0300][64.082s][info ][gc] GC(2793) Pause Young (Normal) (G1 Evacuation Pause) 245M->247M(512M) 10.318ms
[2020-08-01T12:24:36.588+0300][64.101s][info ][gc] GC(2794) Pause Young (Concurrent Start) (G1 Evacuation Pause) 268M->269M(512M) 10.351ms
[2020-08-01T12:24:36.588+0300][64.101s][info ][gc] GC(2795) Concurrent Cycle
[2020-08-01T12:24:36.611+0300][64.124s][info ][gc] GC(2796) Pause Young (Normal) (G1 Evacuation Pause) 310M->311M(512M) 10.640ms
[2020-08-01T12:24:36.631+0300][64.143s][info ][gc] GC(2797) Pause Young (Normal) (G1 Evacuation Pause) 332M->334M(512M) 10.770ms
[2020-08-01T12:24:36.650+0300][64.163s][info ][gc] GC(2798) Pause Young (Normal) (G1 Evacuation Pause) 355M->357M(512M) 11.061ms
[2020-08-01T12:24:36.671+0300][64.184s][info ][gc] GC(2799) Pause Young (Normal) (G1 Evacuation Pause) 378M->379M(512M) 10.512ms
[2020-08-01T12:24:36.693+0300][64.206s][info ][gc] GC(2800) Pause Young (Normal) (G1 Evacuation Pause) 400M->401M(512M) 12.114ms
[2020-08-01T12:24:36.715+0300][64.228s][info ][gc] GC(2801) Pause Young (Normal) (G1 Evacuation Pause) 442M->444M(512M) 12.454ms
[2020-08-01T12:24:36.736+0300][64.249s][info ][gc] GC(2802) Pause Young (Normal) (G1 Evacuation Pause) 465M->467M(512M) 12.067ms
[2020-08-01T12:24:36.762+0300][64.275s][info ][gc] GC(2803) To-space exhausted
[2020-08-01T12:24:36.762+0300][64.275s][info ][gc] GC(2803) Pause Young (Normal) (G1 Evacuation Pause) 488M->494M(512M) 16.347ms
[2020-08-01T12:24:36.793+0300][64.306s][info ][gc] GC(2804) To-space exhausted
[2020-08-01T12:24:36.793+0300][64.306s][info ][gc] GC(2804) Pause Young (Normal) (G1 Evacuation Pause) 507M->507M(512M) 25.137ms
[2020-08-01T12:24:36.793+0300][64.306s][debug][gc] GC(2805) Clear Next Bitmap 0.304ms
[2020-08-01T12:24:36.839+0300][64.352s][info ][gc] GC(2805) Pause Full (G1 Evacuation Pause) 507M->77M(512M) 46.570ms
[2020-08-01T12:24:36.840+0300][64.353s][info ][gc] GC(2795) Concurrent Cycle 251.263ms
[2020-08-01T12:24:36.864+0300][64.377s][info ][gc] GC(2806) Pause Young (Normal) (G1 Evacuation Pause) 105M->105M(512M) 13.048ms
[2020-08-01T12:24:36.886+0300][64.399s][info ][gc] GC(2807) Pause Young (Normal) (G1 Evacuation Pause) 130M->131M(512M) 12.212ms
[2020-08-01T12:24:36.908+0300][64.421s][info ][gc] GC(2808) Pause Young (Normal) (G1 Evacuation Pause) 172M->173M(512M) 10.460ms
[2020-08-01T12:24:36.927+0300][64.440s][info ][gc] GC(2809) Pause Young (Normal) (G1 Evacuation Pause) 194M->195M(512M) 10.648ms
[2020-08-01T12:24:36.947+0300][64.459s][info ][gc] GC(2810) Pause Young (Normal) (G1 Evacuation Pause) 216M->217M(512M) 10.736ms
[2020-08-01T12:24:36.967+0300][64.480s][info ][gc] GC(2811) Pause Young (Normal) (G1 Evacuation Pause) 238M->239M(512M) 11.094ms
[2020-08-01T12:24:36.986+0300][64.499s][info ][gc] GC(2812) Pause Young (Concurrent Start) (G1 Evacuation Pause) 260M->261M(512M) 10.499ms
[2020-08-01T12:24:36.986+0300][64.499s][info ][gc] GC(2813) Concurrent Cycle
[2020-08-01T12:24:37.012+0300][64.525s][info ][gc] GC(2814) Pause Young (Normal) (G1 Evacuation Pause) 302M->304M(512M) 13.915ms
[2020-08-01T12:24:37.032+0300][64.545s][info ][gc] GC(2815) Pause Young (Normal) (G1 Evacuation Pause) 325M->327M(512M) 10.538ms
[2020-08-01T12:24:37.051+0300][64.564s][info ][gc] GC(2816) Pause Young (Normal) (G1 Evacuation Pause) 348M->349M(512M) 10.563ms
[2020-08-01T12:24:37.070+0300][64.583s][info ][gc] GC(2817) Pause Young (Normal) (G1 Evacuation Pause) 370M->371M(512M) 10.344ms
[2020-08-01T12:24:37.089+0300][64.602s][info ][gc] GC(2818) Pause Young (Normal) (G1 Evacuation Pause) 392M->394M(512M) 9.935ms
[2020-08-01T12:24:37.109+0300][64.622s][info ][gc] GC(2819) Pause Young (Normal) (G1 Evacuation Pause) 415M->416M(512M) 10.451ms
[2020-08-01T12:24:37.133+0300][64.646s][info ][gc] GC(2820) Pause Young (Normal) (G1 Evacuation Pause) 457M->458M(512M) 10.760ms
[2020-08-01T12:24:37.152+0300][64.665s][info ][gc] GC(2821) Pause Young (Normal) (G1 Evacuation Pause) 479M->481M(512M) 10.083ms
[2020-08-01T12:24:37.192+0300][64.705s][info ][gc] GC(2822) To-space exhausted
[2020-08-01T12:24:37.192+0300][64.705s][info ][gc] GC(2822) Pause Young (Normal) (G1 Evacuation Pause) 502M->508M(512M) 30.324ms
[2020-08-01T12:24:37.201+0300][64.714s][info ][gc] GC(2823) To-space exhausted
[2020-08-01T12:24:37.201+0300][64.714s][info ][gc] GC(2823) Pause Young (Normal) (G1 Evacuation Pause) 509M->509M(512M) 8.612ms
[2020-08-01T12:24:37.202+0300][64.715s][debug][gc] GC(2824) Clear Next Bitmap 0.336ms
[2020-08-01T12:24:37.251+0300][64.764s][info ][gc] GC(2824) Pause Full (G1 Evacuation Pause) 509M->80M(512M) 49.381ms
[2020-08-01T12:24:37.251+0300][64.764s][info ][gc] GC(2813) Concurrent Cycle 264.900ms
[2020-08-01T12:24:37.272+0300][64.785s][info ][gc] GC(2825) Pause Young (Normal) (G1 Evacuation Pause) 107M->107M(512M) 10.493ms
[2020-08-01T12:24:37.296+0300][64.809s][info ][gc] GC(2826) Pause Young (Normal) (G1 Evacuation Pause) 132M->134M(512M) 13.649ms
[2020-08-01T12:24:37.319+0300][64.832s][info ][gc] GC(2827) Pause Young (Normal) (G1 Evacuation Pause) 175M->176M(512M) 10.799ms
[2020-08-01T12:24:37.339+0300][64.852s][info ][gc] GC(2828) Pause Young (Normal) (G1 Evacuation Pause) 197M->199M(512M) 11.662ms
[2020-08-01T12:24:37.359+0300][64.872s][info ][gc] GC(2829) Pause Young (Normal) (G1 Evacuation Pause) 220M->221M(512M) 10.994ms
[2020-08-01T12:24:37.379+0300][64.891s][info ][gc] GC(2830) Pause Young (Normal) (G1 Evacuation Pause) 242M->243M(512M) 10.803ms
[2020-08-01T12:24:37.397+0300][64.910s][info ][gc] GC(2831) Pause Young (Concurrent Start) (G1 Evacuation Pause) 264M->265M(512M) 10.491ms
[2020-08-01T12:24:37.397+0300][64.910s][info ][gc] GC(2832) Concurrent Cycle
[2020-08-01T12:24:37.420+0300][64.933s][info ][gc] GC(2833) Pause Young (Normal) (G1 Evacuation Pause) 306M->307M(512M) 10.719ms
[2020-08-01T12:24:37.439+0300][64.952s][info ][gc] GC(2834) Pause Young (Normal) (G1 Evacuation Pause) 328M->330M(512M) 10.476ms
[2020-08-01T12:24:37.458+0300][64.971s][info ][gc] GC(2835) Pause Young (Normal) (G1 Evacuation Pause) 351M->352M(512M) 10.251ms
[2020-08-01T12:24:37.477+0300][64.990s][info ][gc] GC(2836) Pause Young (Normal) (G1 Evacuation Pause) 373M->374M(512M) 10.608ms
[2020-08-01T12:24:37.501+0300][65.014s][info ][gc] GC(2837) Pause Young (Normal) (G1 Evacuation Pause) 395M->397M(512M) 13.069ms
[2020-08-01T12:24:37.523+0300][65.035s][info ][gc] GC(2838) Pause Young (Normal) (G1 Evacuation Pause) 418M->420M(512M) 10.356ms
[2020-08-01T12:24:37.548+0300][65.061s][info ][gc] GC(2839) Pause Young (Normal) (G1 Evacuation Pause) 461M->462M(512M) 12.013ms
[2020-08-01T12:24:37.569+0300][65.082s][info ][gc] GC(2840) To-space exhausted
[2020-08-01T12:24:37.570+0300][65.082s][info ][gc] GC(2840) Pause Young (Normal) (G1 Evacuation Pause) 483M->486M(512M) 11.805ms
[2020-08-01T12:24:37.617+0300][65.130s][info ][gc] GC(2841) To-space exhausted
[2020-08-01T12:24:37.617+0300][65.130s][info ][gc] GC(2841) Pause Young (Normal) (G1 Evacuation Pause) 507M->508M(512M) 37.845ms
[2020-08-01T12:24:37.617+0300][65.130s][debug][gc] GC(2842) Clear Next Bitmap 0.324ms
[2020-08-01T12:24:37.667+0300][65.180s][info ][gc] GC(2842) Pause Full (G1 Evacuation Pause) 508M->81M(512M) 50.420ms
[2020-08-01T12:24:37.667+0300][65.180s][info ][gc] GC(2832) Concurrent Cycle 270.024ms
[2020-08-01T12:24:37.689+0300][65.202s][info ][gc] GC(2843) Pause Young (Normal) (G1 Evacuation Pause) 108M->109M(512M) 10.641ms
[2020-08-01T12:24:37.711+0300][65.224s][info ][gc] GC(2844) Pause Young (Normal) (G1 Evacuation Pause) 134M->135M(512M) 11.578ms
[2020-08-01T12:24:37.733+0300][65.246s][info ][gc] GC(2845) Pause Young (Normal) (G1 Evacuation Pause) 176M->177M(512M) 10.705ms
[2020-08-01T12:24:37.753+0300][65.266s][info ][gc] GC(2846) Pause Young (Normal) (G1 Evacuation Pause) 198M->199M(512M) 10.975ms
[2020-08-01T12:24:37.771+0300][65.284s][info ][gc] GC(2847) Pause Young (Normal) (G1 Evacuation Pause) 220M->221M(512M) 9.963ms
[2020-08-01T12:24:37.790+0300][65.303s][info ][gc] GC(2848) Pause Young (Normal) (G1 Evacuation Pause) 242M->244M(512M) 10.337ms
[2020-08-01T12:24:37.809+0300][65.322s][info ][gc] GC(2849) Pause Young (Concurrent Start) (G1 Evacuation Pause) 266M->267M(512M) 10.470ms
[2020-08-01T12:24:37.810+0300][65.322s][info ][gc] GC(2850) Concurrent Cycle
[2020-08-01T12:24:37.833+0300][65.346s][info ][gc] GC(2851) Pause Young (Normal) (G1 Evacuation Pause) 308M->309M(512M) 10.991ms
[2020-08-01T12:24:37.852+0300][65.365s][info ][gc] GC(2852) Pause Young (Normal) (G1 Evacuation Pause) 330M->332M(512M) 10.488ms
[2020-08-01T12:24:37.871+0300][65.384s][info ][gc] GC(2853) Pause Young (Normal) (G1 Evacuation Pause) 353M->354M(512M) 10.428ms
[2020-08-01T12:24:37.890+0300][65.403s][info ][gc] GC(2854) Pause Young (Normal) (G1 Evacuation Pause) 375M->376M(512M) 10.492ms
[2020-08-01T12:24:37.910+0300][65.423s][info ][gc] GC(2855) Pause Young (Normal) (G1 Evacuation Pause) 397M->398M(512M) 10.606ms
[2020-08-01T12:24:37.930+0300][65.443s][info ][gc] GC(2856) Pause Young (Normal) (G1 Evacuation Pause) 419M->420M(512M) 10.986ms
[2020-08-01T12:24:37.953+0300][65.466s][info ][gc] GC(2857) Pause Young (Normal) (G1 Evacuation Pause) 461M->463M(512M) 10.214ms
[2020-08-01T12:24:37.976+0300][65.488s][info ][gc] GC(2858) To-space exhausted
[2020-08-01T12:24:37.976+0300][65.489s][info ][gc] GC(2858) Pause Young (Normal) (G1 Evacuation Pause) 484M->485M(512M) 12.485ms
[2020-08-01T12:24:38.019+0300][65.532s][info ][gc] GC(2859) To-space exhausted
[2020-08-01T12:24:38.019+0300][65.532s][info ][gc] GC(2859) Pause Young (Normal) (G1 Evacuation Pause) 506M->509M(512M) 33.689ms
[2020-08-01T12:24:38.020+0300][65.533s][debug][gc] GC(2860) Clear Next Bitmap 0.255ms
[2020-08-01T12:24:38.071+0300][65.584s][info ][gc] GC(2860) Pause Full (G1 Evacuation Pause) 509M->84M(512M) 51.547ms
[2020-08-01T12:24:38.071+0300][65.584s][info ][gc] GC(2850) Concurrent Cycle 261.564ms
[2020-08-01T12:24:38.095+0300][65.607s][info ][gc] GC(2861) Pause Young (Normal) (G1 Evacuation Pause) 113M->113M(512M) 12.042ms
[2020-08-01T12:24:38.120+0300][65.633s][info ][gc] GC(2862) Pause Young (Normal) (G1 Evacuation Pause) 159M->161M(512M) 11.865ms
[2020-08-01T12:24:38.139+0300][65.652s][info ][gc] GC(2863) Pause Young (Normal) (G1 Evacuation Pause) 182M->184M(512M) 10.786ms
[2020-08-01T12:24:38.158+0300][65.671s][info ][gc] GC(2864) Pause Young (Normal) (G1 Evacuation Pause) 205M->206M(512M) 10.156ms
[2020-08-01T12:24:38.177+0300][65.690s][info ][gc] GC(2865) Pause Young (Normal) (G1 Evacuation Pause) 227M->228M(512M) 10.067ms
[2020-08-01T12:24:38.197+0300][65.710s][info ][gc] GC(2866) Pause Young (Normal) (G1 Evacuation Pause) 250M->252M(512M) 11.279ms
[2020-08-01T12:24:38.216+0300][65.729s][info ][gc] GC(2867) Pause Young (Concurrent Start) (G1 Evacuation Pause) 273M->275M(512M) 10.855ms
[2020-08-01T12:24:38.216+0300][65.729s][info ][gc] GC(2868) Concurrent Cycle
[2020-08-01T12:24:38.239+0300][65.752s][info ][gc] GC(2869) Pause Young (Normal) (G1 Evacuation Pause) 316M->317M(512M) 10.547ms
[2020-08-01T12:24:38.258+0300][65.771s][info ][gc] GC(2870) Pause Young (Normal) (G1 Evacuation Pause) 338M->340M(512M) 10.397ms
[2020-08-01T12:24:38.277+0300][65.790s][info ][gc] GC(2871) Pause Young (Normal) (G1 Evacuation Pause) 361M->362M(512M) 10.416ms
[2020-08-01T12:24:38.297+0300][65.809s][info ][gc] GC(2872) Pause Young (Normal) (G1 Evacuation Pause) 383M->385M(512M) 10.517ms
[2020-08-01T12:24:38.317+0300][65.830s][info ][gc] GC(2873) Pause Young (Normal) (G1 Evacuation Pause) 406M->407M(512M) 11.575ms
[2020-08-01T12:24:38.342+0300][65.855s][info ][gc] GC(2874) Pause Young (Normal) (G1 Evacuation Pause) 448M->449M(512M) 12.858ms
[2020-08-01T12:24:38.362+0300][65.875s][info ][gc] GC(2875) Pause Young (Normal) (G1 Evacuation Pause) 470M->471M(512M) 10.723ms
[2020-08-01T12:24:38.391+0300][65.904s][info ][gc] GC(2876) To-space exhausted
[2020-08-01T12:24:38.391+0300][65.904s][info ][gc] GC(2876) Pause Young (Normal) (G1 Evacuation Pause) 492M->499M(512M) 19.827ms
[2020-08-01T12:24:38.417+0300][65.930s][info ][gc] GC(2877) To-space exhausted
[2020-08-01T12:24:38.417+0300][65.930s][info ][gc] GC(2877) Pause Young (Normal) (G1 Evacuation Pause) 509M->509M(512M) 21.309ms
[2020-08-01T12:24:38.417+0300][65.930s][debug][gc] GC(2878) Clear Next Bitmap 0.335ms
[2020-08-01T12:24:38.465+0300][65.977s][info ][gc] GC(2878) Pause Full (G1 Evacuation Pause) 509M->78M(512M) 47.692ms
[2020-08-01T12:24:38.465+0300][65.978s][info ][gc] GC(2868) Concurrent Cycle 248.380ms
[2020-08-01T12:24:38.489+0300][66.002s][info ][gc] GC(2879) Pause Young (Normal) (G1 Evacuation Pause) 105M->105M(512M) 13.732ms
[2020-08-01T12:24:38.509+0300][66.022s][info ][gc] GC(2880) Pause Young (Normal) (G1 Evacuation Pause) 128M->130M(512M) 10.479ms
[2020-08-01T12:24:38.530+0300][66.043s][info ][gc] GC(2881) Pause Young (Normal) (G1 Evacuation Pause) 171M->172M(512M) 10.488ms
[2020-08-01T12:24:38.549+0300][66.062s][info ][gc] GC(2882) Pause Young (Normal) (G1 Evacuation Pause) 193M->195M(512M) 10.607ms
[2020-08-01T12:24:38.568+0300][66.081s][info ][gc] GC(2883) Pause Young (Normal) (G1 Evacuation Pause) 216M->217M(512M) 11.012ms
[2020-08-01T12:24:38.588+0300][66.101s][info ][gc] GC(2884) Pause Young (Normal) (G1 Evacuation Pause) 238M->240M(512M) 10.593ms
[2020-08-01T12:24:38.607+0300][66.120s][info ][gc] GC(2885) Pause Young (Concurrent Start) (G1 Evacuation Pause) 261M->262M(512M) 10.006ms
[2020-08-01T12:24:38.607+0300][66.120s][info ][gc] GC(2886) Concurrent Cycle
[2020-08-01T12:24:38.631+0300][66.144s][info ][gc] GC(2887) Pause Young (Normal) (G1 Evacuation Pause) 303M->305M(512M) 11.712ms
[2020-08-01T12:24:38.652+0300][66.165s][info ][gc] GC(2888) Pause Young (Normal) (G1 Evacuation Pause) 326M->327M(512M) 11.855ms
[2020-08-01T12:24:38.671+0300][66.184s][info ][gc] GC(2889) Pause Young (Normal) (G1 Evacuation Pause) 348M->350M(512M) 10.311ms
[2020-08-01T12:24:38.691+0300][66.203s][info ][gc] GC(2890) Pause Young (Normal) (G1 Evacuation Pause) 371M->373M(512M) 10.389ms
[2020-08-01T12:24:38.709+0300][66.222s][info ][gc] GC(2891) Pause Young (Normal) (G1 Evacuation Pause) 394M->396M(512M) 10.072ms
[2020-08-01T12:24:38.729+0300][66.242s][info ][gc] GC(2892) Pause Young (Normal) (G1 Evacuation Pause) 417M->419M(512M) 10.418ms
[2020-08-01T12:24:38.754+0300][66.267s][info ][gc] GC(2893) Pause Young (Normal) (G1 Evacuation Pause) 460M->461M(512M) 12.341ms
[2020-08-01T12:24:38.774+0300][66.287s][info ][gc] GC(2894) To-space exhausted
[2020-08-01T12:24:38.774+0300][66.287s][info ][gc] GC(2894) Pause Young (Normal) (G1 Evacuation Pause) 482M->484M(512M) 10.943ms
[2020-08-01T12:24:38.819+0300][66.332s][info ][gc] GC(2895) To-space exhausted
[2020-08-01T12:24:38.819+0300][66.332s][info ][gc] GC(2895) Pause Young (Normal) (G1 Evacuation Pause) 505M->507M(512M) 35.383ms
[2020-08-01T12:24:38.820+0300][66.332s][debug][gc] GC(2896) Clear Next Bitmap 0.271ms
[2020-08-01T12:24:38.868+0300][66.381s][info ][gc] GC(2896) Pause Full (G1 Evacuation Pause) 507M->77M(512M) 49.212ms
[2020-08-01T12:24:38.869+0300][66.382s][info ][gc] GC(2886) Concurrent Cycle 261.921ms
[2020-08-01T12:24:38.889+0300][66.402s][info ][gc] GC(2897) Pause Young (Normal) (G1 Evacuation Pause) 104M->105M(512M) 10.167ms
[2020-08-01T12:24:38.911+0300][66.424s][info ][gc] GC(2898) Pause Young (Normal) (G1 Evacuation Pause) 130M->131M(512M) 11.794ms
[2020-08-01T12:24:38.932+0300][66.445s][info ][gc] GC(2899) Pause Young (Normal) (G1 Evacuation Pause) 172M->174M(512M) 10.245ms
[2020-08-01T12:24:38.953+0300][66.466s][info ][gc] GC(2900) Pause Young (Normal) (G1 Evacuation Pause) 196M->198M(512M) 12.000ms
[2020-08-01T12:24:38.973+0300][66.486s][info ][gc] GC(2901) Pause Young (Normal) (G1 Evacuation Pause) 220M->222M(512M) 10.518ms
[2020-08-01T12:24:38.993+0300][66.506s][info ][gc] GC(2902) Pause Young (Normal) (G1 Evacuation Pause) 244M->245M(512M) 10.562ms
[2020-08-01T12:24:39.013+0300][66.526s][info ][gc] GC(2903) Pause Young (Concurrent Start) (G1 Evacuation Pause) 267M->268M(512M) 11.174ms
[2020-08-01T12:24:39.013+0300][66.526s][info ][gc] GC(2904) Concurrent Cycle
[2020-08-01T12:24:39.038+0300][66.551s][info ][gc] GC(2905) Pause Young (Normal) (G1 Evacuation Pause) 309M->311M(512M) 11.245ms
[2020-08-01T12:24:39.058+0300][66.571s][info ][gc] GC(2906) Pause Young (Normal) (G1 Evacuation Pause) 332M->334M(512M) 10.704ms
[2020-08-01T12:24:39.078+0300][66.591s][info ][gc] GC(2907) Pause Young (Normal) (G1 Evacuation Pause) 355M->356M(512M) 11.394ms
[2020-08-01T12:24:39.097+0300][66.610s][info ][gc] GC(2908) Pause Young (Normal) (G1 Evacuation Pause) 377M->378M(512M) 10.378ms
[2020-08-01T12:24:39.116+0300][66.629s][info ][gc] GC(2909) Pause Young (Normal) (G1 Evacuation Pause) 399M->400M(512M) 10.608ms
[2020-08-01T12:24:39.135+0300][66.648s][info ][gc] GC(2910) Pause Young (Normal) (G1 Evacuation Pause) 421M->422M(512M) 10.366ms
[2020-08-01T12:24:39.157+0300][66.670s][info ][gc] GC(2911) Pause Young (Normal) (G1 Evacuation Pause) 463M->465M(512M) 9.780ms
[2020-08-01T12:24:39.180+0300][66.693s][info ][gc] GC(2912) To-space exhausted
[2020-08-01T12:24:39.180+0300][66.693s][info ][gc] GC(2912) Pause Young (Normal) (G1 Evacuation Pause) 486M->491M(512M) 13.690ms
[2020-08-01T12:24:39.220+0300][66.733s][info ][gc] GC(2913) To-space exhausted
[2020-08-01T12:24:39.220+0300][66.733s][info ][gc] GC(2913) Pause Young (Normal) (G1 Evacuation Pause) 508M->508M(512M) 32.695ms
[2020-08-01T12:24:39.220+0300][66.733s][debug][gc] GC(2914) Clear Next Bitmap 0.219ms
[2020-08-01T12:24:39.270+0300][66.783s][info ][gc] GC(2914) Pause Full (G1 Evacuation Pause) 508M->79M(512M) 49.507ms
[2020-08-01T12:24:39.270+0300][66.783s][info ][gc] GC(2904) Concurrent Cycle 256.726ms
[2020-08-01T12:24:39.293+0300][66.806s][info ][gc] GC(2915) Pause Young (Normal) (G1 Evacuation Pause) 108M->108M(512M) 12.081ms
[2020-08-01T12:24:39.316+0300][66.829s][info ][gc] GC(2916) Pause Young (Normal) (G1 Evacuation Pause) 134M->135M(512M) 12.005ms
[2020-08-01T12:24:39.340+0300][66.853s][info ][gc] GC(2917) Pause Young (Normal) (G1 Evacuation Pause) 177M->178M(512M) 12.853ms
[2020-08-01T12:24:39.360+0300][66.873s][info ][gc] GC(2918) Pause Young (Normal) (G1 Evacuation Pause) 199M->201M(512M) 10.663ms
[2020-08-01T12:24:39.379+0300][66.892s][info ][gc] GC(2919) Pause Young (Normal) (G1 Evacuation Pause) 222M->223M(512M) 10.366ms
[2020-08-01T12:24:39.398+0300][66.911s][info ][gc] GC(2920) Pause Young (Normal) (G1 Evacuation Pause) 244M->245M(512M) 10.892ms
[2020-08-01T12:24:39.418+0300][66.931s][info ][gc] GC(2921) Pause Young (Concurrent Start) (G1 Evacuation Pause) 266M->267M(512M) 11.352ms
[2020-08-01T12:24:39.418+0300][66.931s][info ][gc] GC(2922) Concurrent Cycle
[2020-08-01T12:24:39.442+0300][66.955s][info ][gc] GC(2923) Pause Young (Normal) (G1 Evacuation Pause) 309M->311M(512M) 11.117ms
[2020-08-01T12:24:39.462+0300][66.975s][info ][gc] GC(2924) Pause Young (Normal) (G1 Evacuation Pause) 332M->333M(512M) 10.889ms
[2020-08-01T12:24:39.481+0300][66.994s][info ][gc] GC(2925) Pause Young (Normal) (G1 Evacuation Pause) 354M->356M(512M) 10.408ms
[2020-08-01T12:24:39.501+0300][67.014s][info ][gc] GC(2926) Pause Young (Normal) (G1 Evacuation Pause) 377M->378M(512M) 10.436ms
[2020-08-01T12:24:39.520+0300][67.033s][info ][gc] GC(2927) Pause Young (Normal) (G1 Evacuation Pause) 399M->401M(512M) 10.291ms
[2020-08-01T12:24:39.544+0300][67.057s][info ][gc] GC(2928) Pause Young (Normal) (G1 Evacuation Pause) 442M->443M(512M) 10.708ms
[2020-08-01T12:24:39.564+0300][67.076s][info ][gc] GC(2929) Pause Young (Normal) (G1 Evacuation Pause) 464M->465M(512M) 10.962ms
[2020-08-01T12:24:39.588+0300][67.101s][info ][gc] GC(2930) To-space exhausted
[2020-08-01T12:24:39.588+0300][67.101s][info ][gc] GC(2930) Pause Young (Normal) (G1 Evacuation Pause) 486M->493M(512M) 15.163ms
[2020-08-01T12:24:39.622+0300][67.135s][info ][gc] GC(2931) To-space exhausted
[2020-08-01T12:24:39.623+0300][67.135s][info ][gc] GC(2931) Pause Young (Normal) (G1 Evacuation Pause) 507M->507M(512M) 27.625ms
[2020-08-01T12:24:39.623+0300][67.136s][debug][gc] GC(2932) Clear Next Bitmap 0.246ms
[2020-08-01T12:24:39.673+0300][67.186s][info ][gc] GC(2932) Pause Full (G1 Evacuation Pause) 507M->78M(512M) 50.370ms
[2020-08-01T12:24:39.673+0300][67.186s][info ][gc] GC(2922) Concurrent Cycle 255.229ms
[2020-08-01T12:24:39.696+0300][67.209s][info ][gc] GC(2933) Pause Young (Normal) (G1 Evacuation Pause) 104M->104M(512M) 11.847ms
[2020-08-01T12:24:39.716+0300][67.229s][info ][gc] GC(2934) Pause Young (Normal) (G1 Evacuation Pause) 127M->129M(512M) 10.638ms
[2020-08-01T12:24:39.736+0300][67.249s][info ][gc] GC(2935) Pause Young (Normal) (G1 Evacuation Pause) 170M->172M(512M) 10.452ms
[2020-08-01T12:24:39.755+0300][67.268s][info ][gc] GC(2936) Pause Young (Normal) (G1 Evacuation Pause) 193M->194M(512M) 10.459ms
[2020-08-01T12:24:39.774+0300][67.287s][info ][gc] GC(2937) Pause Young (Normal) (G1 Evacuation Pause) 215M->217M(512M) 10.325ms
[2020-08-01T12:24:39.793+0300][67.306s][info ][gc] GC(2938) Pause Young (Normal) (G1 Evacuation Pause) 238M->239M(512M) 10.117ms
[2020-08-01T12:24:39.813+0300][67.325s][info ][gc] GC(2939) Pause Young (Concurrent Start) (G1 Evacuation Pause) 260M->262M(512M) 11.094ms
[2020-08-01T12:24:39.813+0300][67.326s][info ][gc] GC(2940) Concurrent Cycle
[2020-08-01T12:24:39.836+0300][67.349s][info ][gc] GC(2941) Pause Young (Normal) (G1 Evacuation Pause) 303M->304M(512M) 10.454ms
[2020-08-01T12:24:39.855+0300][67.368s][info ][gc] GC(2942) Pause Young (Normal) (G1 Evacuation Pause) 325M->326M(512M) 9.841ms
[2020-08-01T12:24:39.876+0300][67.389s][info ][gc] GC(2943) Pause Young (Normal) (G1 Evacuation Pause) 347M->349M(512M) 11.722ms
[2020-08-01T12:24:39.895+0300][67.408s][info ][gc] GC(2944) Pause Young (Normal) (G1 Evacuation Pause) 370M->372M(512M) 10.541ms
[2020-08-01T12:24:39.914+0300][67.427s][info ][gc] GC(2945) Pause Young (Normal) (G1 Evacuation Pause) 393M->394M(512M) 10.258ms
[2020-08-01T12:24:39.933+0300][67.446s][info ][gc] GC(2946) Pause Young (Normal) (G1 Evacuation Pause) 415M->416M(512M) 10.550ms
[2020-08-01T12:24:39.954+0300][67.467s][info ][gc] GC(2947) Pause Young (Normal) (G1 Evacuation Pause) 457M->459M(512M) 10.269ms
[2020-08-01T12:24:39.978+0300][67.491s][info ][gc] GC(2948) Pause Young (Normal) (G1 Evacuation Pause) 480M->482M(512M) 13.899ms
[2020-08-01T12:24:40.018+0300][67.531s][info ][gc] GC(2949) To-space exhausted
[2020-08-01T12:24:40.018+0300][67.531s][info ][gc] GC(2949) Pause Young (Normal) (G1 Evacuation Pause) 503M->508M(512M) 31.232ms
[2020-08-01T12:24:40.021+0300][67.534s][debug][gc] GC(2940) Reclaimed 130 empty regions
[2020-08-01T12:24:40.022+0300][67.534s][info ][gc] GC(2940) Pause Remark 509M->381M(512M) 0.647ms
[2020-08-01T12:24:40.045+0300][67.558s][info ][gc] GC(2950) Pause Young (Normal) (G1 Evacuation Pause) 403M->404M(512M) 12.194ms
[2020-08-01T12:24:40.072+0300][67.585s][info ][gc] GC(2951) Pause Young (Normal) (G1 Evacuation Pause) 425M->426M(512M) 10.598ms
[2020-08-01T12:24:40.102+0300][67.615s][info ][gc] GC(2952) Pause Young (Normal) (G1 Evacuation Pause) 467M->468M(512M) 11.434ms
[2020-08-01T12:24:40.133+0300][67.646s][info ][gc] GC(2953) To-space exhausted
[2020-08-01T12:24:40.134+0300][67.646s][info ][gc] GC(2953) Pause Young (Normal) (G1 Evacuation Pause) 489M->498M(512M) 15.856ms
[2020-08-01T12:24:40.171+0300][67.684s][info ][gc] GC(2954) To-space exhausted
[2020-08-01T12:24:40.171+0300][67.684s][info ][gc] GC(2954) Pause Young (Normal) (G1 Evacuation Pause) 511M->511M(512M) 24.115ms
[2020-08-01T12:24:40.171+0300][67.684s][debug][gc] GC(2955) Clear Next Bitmap 0.340ms
[2020-08-01T12:24:40.210+0300][67.723s][info ][gc] GC(2955) Pause Full (G1 Evacuation Pause) 511M->61M(512M) 38.703ms
[2020-08-01T12:24:40.212+0300][67.724s][info ][gc] GC(2940) Concurrent Cycle 398.948ms
[2020-08-01T12:24:40.235+0300][67.748s][info ][gc] GC(2956) Pause Young (Normal) (G1 Evacuation Pause) 88M->88M(512M) 12.543ms
[2020-08-01T12:24:40.257+0300][67.770s][info ][gc] GC(2957) Pause Young (Normal) (G1 Evacuation Pause) 112M->113M(512M) 12.067ms
[2020-08-01T12:24:40.275+0300][67.788s][info ][gc] GC(2958) Pause Young (Normal) (G1 Evacuation Pause) 134M->136M(512M) 9.996ms
[2020-08-01T12:24:40.297+0300][67.810s][info ][gc] GC(2959) Pause Young (Normal) (G1 Evacuation Pause) 177M->178M(512M) 11.105ms
[2020-08-01T12:24:40.316+0300][67.829s][info ][gc] GC(2960) Pause Young (Normal) (G1 Evacuation Pause) 199M->200M(512M) 10.592ms
[2020-08-01T12:24:40.336+0300][67.849s][info ][gc] GC(2961) Pause Young (Normal) (G1 Evacuation Pause) 221M->222M(512M) 11.810ms
[2020-08-01T12:24:40.354+0300][67.867s][info ][gc] GC(2962) Pause Young (Normal) (G1 Evacuation Pause) 243M->245M(512M) 10.101ms
[2020-08-01T12:24:40.373+0300][67.886s][info ][gc] GC(2963) Pause Young (Concurrent Start) (G1 Evacuation Pause) 266M->267M(512M) 10.101ms
[2020-08-01T12:24:40.373+0300][67.886s][info ][gc] GC(2964) Concurrent Cycle
[2020-08-01T12:24:40.397+0300][67.910s][info ][gc] GC(2965) Pause Young (Normal) (G1 Evacuation Pause) 308M->310M(512M) 11.061ms
[2020-08-01T12:24:40.416+0300][67.929s][info ][gc] GC(2966) Pause Young (Normal) (G1 Evacuation Pause) 331M->333M(512M) 10.691ms
[2020-08-01T12:24:40.436+0300][67.949s][info ][gc] GC(2967) Pause Young (Normal) (G1 Evacuation Pause) 354M->355M(512M) 10.893ms
[2020-08-01T12:24:40.455+0300][67.968s][info ][gc] GC(2968) Pause Young (Normal) (G1 Evacuation Pause) 376M->377M(512M) 10.553ms
[2020-08-01T12:24:40.475+0300][67.988s][info ][gc] GC(2969) Pause Young (Normal) (G1 Evacuation Pause) 398M->399M(512M) 10.571ms
[2020-08-01T12:24:40.497+0300][68.010s][info ][gc] GC(2970) Pause Young (Normal) (G1 Evacuation Pause) 420M->422M(512M) 12.601ms
[2020-08-01T12:24:40.524+0300][68.037s][info ][gc] GC(2971) Pause Young (Normal) (G1 Evacuation Pause) 463M->464M(512M) 10.728ms
[2020-08-01T12:24:40.545+0300][68.057s][info ][gc] GC(2972) To-space exhausted
[2020-08-01T12:24:40.545+0300][68.057s][info ][gc] GC(2972) Pause Young (Normal) (G1 Evacuation Pause) 485M->487M(512M) 11.442ms
[2020-08-01T12:24:40.586+0300][68.099s][info ][gc] GC(2973) To-space exhausted
[2020-08-01T12:24:40.586+0300][68.099s][info ][gc] GC(2973) Pause Young (Normal) (G1 Evacuation Pause) 508M->509M(512M) 33.252ms
[2020-08-01T12:24:40.587+0300][68.100s][debug][gc] GC(2974) Clear Next Bitmap 0.301ms
[2020-08-01T12:24:40.637+0300][68.150s][info ][gc] GC(2974) Pause Full (G1 Evacuation Pause) 509M->82M(512M) 50.537ms
[2020-08-01T12:24:40.637+0300][68.150s][info ][gc] GC(2964) Concurrent Cycle 264.469ms
[2020-08-01T12:24:40.659+0300][68.172s][info ][gc] GC(2975) Pause Young (Normal) (G1 Evacuation Pause) 109M->109M(512M) 10.538ms
[2020-08-01T12:24:40.683+0300][68.196s][info ][gc] GC(2976) Pause Young (Normal) (G1 Evacuation Pause) 134M->136M(512M) 13.367ms
[2020-08-01T12:24:40.708+0300][68.221s][info ][gc] GC(2977) Pause Young (Normal) (G1 Evacuation Pause) 177M->178M(512M) 12.639ms
[2020-08-01T12:24:40.727+0300][68.239s][info ][gc] GC(2978) Pause Young (Normal) (G1 Evacuation Pause) 199M->201M(512M) 10.151ms
[2020-08-01T12:24:40.746+0300][68.259s][info ][gc] GC(2979) Pause Young (Normal) (G1 Evacuation Pause) 222M->223M(512M) 10.583ms
[2020-08-01T12:24:40.765+0300][68.278s][info ][gc] GC(2980) Pause Young (Normal) (G1 Evacuation Pause) 244M->245M(512M) 10.669ms
[2020-08-01T12:24:40.784+0300][68.297s][info ][gc] GC(2981) Pause Young (Concurrent Start) (G1 Evacuation Pause) 266M->267M(512M) 10.604ms
[2020-08-01T12:24:40.784+0300][68.297s][info ][gc] GC(2982) Concurrent Cycle
[2020-08-01T12:24:40.806+0300][68.319s][info ][gc] GC(2983) Pause Young (Normal) (G1 Evacuation Pause) 308M->310M(512M) 10.223ms
[2020-08-01T12:24:40.826+0300][68.338s][info ][gc] GC(2984) Pause Young (Normal) (G1 Evacuation Pause) 331M->332M(512M) 10.599ms
[2020-08-01T12:24:40.845+0300][68.358s][info ][gc] GC(2985) Pause Young (Normal) (G1 Evacuation Pause) 353M->354M(512M) 10.635ms
[2020-08-01T12:24:40.865+0300][68.378s][info ][gc] GC(2986) Pause Young (Normal) (G1 Evacuation Pause) 375M->377M(512M) 10.962ms
[2020-08-01T12:24:40.884+0300][68.397s][info ][gc] GC(2987) Pause Young (Normal) (G1 Evacuation Pause) 398M->399M(512M) 10.615ms
[2020-08-01T12:24:40.905+0300][68.418s][info ][gc] GC(2988) Pause Young (Normal) (G1 Evacuation Pause) 420M->422M(512M) 11.620ms
[2020-08-01T12:24:40.929+0300][68.442s][info ][gc] GC(2989) Pause Young (Normal) (G1 Evacuation Pause) 463M->465M(512M) 10.812ms
[2020-08-01T12:24:40.950+0300][68.463s][info ][gc] GC(2990) To-space exhausted
[2020-08-01T12:24:40.950+0300][68.463s][info ][gc] GC(2990) Pause Young (Normal) (G1 Evacuation Pause) 486M->491M(512M) 12.450ms
[2020-08-01T12:24:40.989+0300][68.502s][info ][gc] GC(2991) To-space exhausted
[2020-08-01T12:24:40.989+0300][68.502s][info ][gc] GC(2991) Pause Young (Normal) (G1 Evacuation Pause) 509M->509M(512M) 31.298ms
[2020-08-01T12:24:40.990+0300][68.503s][debug][gc] GC(2992) Clear Next Bitmap 0.312ms
[2020-08-01T12:24:41.042+0300][68.555s][info ][gc] GC(2992) Pause Full (G1 Evacuation Pause) 509M->80M(512M) 52.665ms
[2020-08-01T12:24:41.042+0300][68.555s][info ][gc] GC(2982) Concurrent Cycle 258.438ms
[2020-08-01T12:24:41.064+0300][68.577s][info ][gc] GC(2993) Pause Young (Normal) (G1 Evacuation Pause) 107M->107M(512M) 11.055ms
[2020-08-01T12:24:41.086+0300][68.599s][info ][gc] GC(2994) Pause Young (Normal) (G1 Evacuation Pause) 132M->133M(512M) 12.024ms
[2020-08-01T12:24:41.109+0300][68.622s][info ][gc] GC(2995) Pause Young (Normal) (G1 Evacuation Pause) 174M->176M(512M) 10.531ms
[2020-08-01T12:24:41.128+0300][68.641s][info ][gc] GC(2996) Pause Young (Normal) (G1 Evacuation Pause) 197M->198M(512M) 10.509ms
[2020-08-01T12:24:41.147+0300][68.660s][info ][gc] GC(2997) Pause Young (Normal) (G1 Evacuation Pause) 219M->221M(512M) 10.530ms
[2020-08-01T12:24:41.166+0300][68.679s][info ][gc] GC(2998) Pause Young (Normal) (G1 Evacuation Pause) 242M->244M(512M) 10.551ms
[2020-08-01T12:24:41.185+0300][68.698s][info ][gc] GC(2999) Pause Young (Concurrent Start) (G1 Evacuation Pause) 265M->266M(512M) 10.273ms
[2020-08-01T12:24:41.185+0300][68.698s][info ][gc] GC(3000) Concurrent Cycle
[2020-08-01T12:24:41.207+0300][68.719s][info ][gc] GC(3001) Pause Young (Normal) (G1 Evacuation Pause) 307M->308M(512M) 10.396ms
[2020-08-01T12:24:41.226+0300][68.738s][info ][gc] GC(3002) Pause Young (Normal) (G1 Evacuation Pause) 329M->330M(512M) 10.364ms
[2020-08-01T12:24:41.246+0300][68.758s][info ][gc] GC(3003) Pause Young (Normal) (G1 Evacuation Pause) 351M->352M(512M) 11.208ms
[2020-08-01T12:24:41.266+0300][68.779s][info ][gc] GC(3004) Pause Young (Normal) (G1 Evacuation Pause) 373M->375M(512M) 11.943ms
[2020-08-01T12:24:41.286+0300][68.799s][info ][gc] GC(3005) Pause Young (Normal) (G1 Evacuation Pause) 396M->398M(512M) 10.434ms
[2020-08-01T12:24:41.306+0300][68.819s][info ][gc] GC(3006) Pause Young (Normal) (G1 Evacuation Pause) 419M->420M(512M) 10.812ms
[2020-08-01T12:24:41.330+0300][68.843s][info ][gc] GC(3007) Pause Young (Normal) (G1 Evacuation Pause) 461M->462M(512M) 11.234ms
[2020-08-01T12:24:41.351+0300][68.864s][info ][gc] GC(3008) To-space exhausted
[2020-08-01T12:24:41.351+0300][68.864s][info ][gc] GC(3008) Pause Young (Normal) (G1 Evacuation Pause) 483M->486M(512M) 11.369ms
[2020-08-01T12:24:41.395+0300][68.908s][info ][gc] GC(3009) To-space exhausted
[2020-08-01T12:24:41.395+0300][68.908s][info ][gc] GC(3009) Pause Young (Normal) (G1 Evacuation Pause) 507M->509M(512M) 34.905ms
[2020-08-01T12:24:41.396+0300][68.909s][debug][gc] GC(3010) Clear Next Bitmap 0.323ms
[2020-08-01T12:24:41.445+0300][68.958s][info ][gc] GC(3010) Pause Full (G1 Evacuation Pause) 509M->81M(512M) 49.974ms
[2020-08-01T12:24:41.445+0300][68.958s][info ][gc] GC(3000) Concurrent Cycle 260.615ms
[2020-08-01T12:24:41.469+0300][68.982s][info ][gc] GC(3011) Pause Young (Normal) (G1 Evacuation Pause) 109M->110M(512M) 12.277ms
[2020-08-01T12:24:41.491+0300][69.004s][info ][gc] GC(3012) Pause Young (Normal) (G1 Evacuation Pause) 135M->136M(512M) 12.058ms
[2020-08-01T12:24:41.516+0300][69.029s][info ][gc] GC(3013) Pause Young (Normal) (G1 Evacuation Pause) 177M->178M(512M) 11.315ms
[2020-08-01T12:24:41.538+0300][69.050s][info ][gc] GC(3014) Pause Young (Normal) (G1 Evacuation Pause) 199M->200M(512M) 12.481ms
[2020-08-01T12:24:41.557+0300][69.070s][info ][gc] GC(3015) Pause Young (Normal) (G1 Evacuation Pause) 221M->222M(512M) 10.985ms
[2020-08-01T12:24:41.577+0300][69.089s][info ][gc] GC(3016) Pause Young (Normal) (G1 Evacuation Pause) 243M->245M(512M) 10.369ms
[2020-08-01T12:24:41.595+0300][69.108s][info ][gc] GC(3017) Pause Young (Concurrent Start) (G1 Evacuation Pause) 266M->267M(512M) 10.478ms
[2020-08-01T12:24:41.595+0300][69.108s][info ][gc] GC(3018) Concurrent Cycle
[2020-08-01T12:24:41.618+0300][69.131s][info ][gc] GC(3019) Pause Young (Normal) (G1 Evacuation Pause) 308M->308M(512M) 10.529ms
[2020-08-01T12:24:41.637+0300][69.150s][info ][gc] GC(3020) Pause Young (Normal) (G1 Evacuation Pause) 329M->330M(512M) 10.463ms
[2020-08-01T12:24:41.658+0300][69.171s][info ][gc] GC(3021) Pause Young (Normal) (G1 Evacuation Pause) 351M->353M(512M) 11.163ms
[2020-08-01T12:24:41.677+0300][69.190s][info ][gc] GC(3022) Pause Young (Normal) (G1 Evacuation Pause) 374M->375M(512M) 10.248ms
[2020-08-01T12:24:41.696+0300][69.209s][info ][gc] GC(3023) Pause Young (Normal) (G1 Evacuation Pause) 396M->398M(512M) 10.123ms
[2020-08-01T12:24:41.716+0300][69.229s][info ][gc] GC(3024) Pause Young (Normal) (G1 Evacuation Pause) 419M->420M(512M) 10.912ms
[2020-08-01T12:24:41.739+0300][69.252s][info ][gc] GC(3025) Pause Young (Normal) (G1 Evacuation Pause) 461M->462M(512M) 10.681ms
[2020-08-01T12:24:41.760+0300][69.273s][info ][gc] GC(3026) To-space exhausted
[2020-08-01T12:24:41.760+0300][69.273s][info ][gc] GC(3026) Pause Young (Normal) (G1 Evacuation Pause) 483M->486M(512M) 11.688ms
[2020-08-01T12:24:41.805+0300][69.318s][info ][gc] GC(3027) To-space exhausted
[2020-08-01T12:24:41.805+0300][69.318s][info ][gc] GC(3027) Pause Young (Normal) (G1 Evacuation Pause) 507M->508M(512M) 36.221ms
[2020-08-01T12:24:41.805+0300][69.318s][debug][gc] GC(3028) Clear Next Bitmap 0.234ms
[2020-08-01T12:24:41.858+0300][69.370s][info ][gc] GC(3028) Pause Full (G1 Evacuation Pause) 508M->84M(512M) 52.505ms
[2020-08-01T12:24:41.858+0300][69.371s][info ][gc] GC(3018) Concurrent Cycle 262.332ms
[2020-08-01T12:24:41.880+0300][69.393s][info ][gc] GC(3029) Pause Young (Normal) (G1 Evacuation Pause) 111M->111M(512M) 11.605ms
[2020-08-01T12:24:41.902+0300][69.415s][info ][gc] GC(3030) Pause Young (Normal) (G1 Evacuation Pause) 135M->136M(512M) 12.035ms
[2020-08-01T12:24:41.924+0300][69.436s][info ][gc] GC(3031) Pause Young (Normal) (G1 Evacuation Pause) 177M->179M(512M) 10.603ms
[2020-08-01T12:24:41.942+0300][69.455s][info ][gc] GC(3032) Pause Young (Normal) (G1 Evacuation Pause) 200M->201M(512M) 10.300ms
[2020-08-01T12:24:41.962+0300][69.475s][info ][gc] GC(3033) Pause Young (Normal) (G1 Evacuation Pause) 222M->223M(512M) 10.627ms
[2020-08-01T12:24:41.981+0300][69.494s][info ][gc] GC(3034) Pause Young (Normal) (G1 Evacuation Pause) 244M->245M(512M) 10.686ms
[2020-08-01T12:24:42.000+0300][69.513s][info ][gc] GC(3035) Pause Young (Concurrent Start) (G1 Evacuation Pause) 266M->268M(512M) 10.633ms
[2020-08-01T12:24:42.000+0300][69.513s][info ][gc] GC(3036) Concurrent Cycle
[2020-08-01T12:24:42.023+0300][69.536s][info ][gc] GC(3037) Pause Young (Normal) (G1 Evacuation Pause) 309M->311M(512M) 10.383ms
[2020-08-01T12:24:42.042+0300][69.555s][info ][gc] GC(3038) Pause Young (Normal) (G1 Evacuation Pause) 332M->333M(512M) 10.678ms
[2020-08-01T12:24:42.062+0300][69.575s][info ][gc] GC(3039) Pause Young (Normal) (G1 Evacuation Pause) 354M->355M(512M) 10.596ms
[2020-08-01T12:24:42.082+0300][69.595s][info ][gc] GC(3040) Pause Young (Normal) (G1 Evacuation Pause) 376M->378M(512M) 11.914ms
[2020-08-01T12:24:42.102+0300][69.615s][info ][gc] GC(3041) Pause Young (Normal) (G1 Evacuation Pause) 399M->400M(512M) 10.505ms
[2020-08-01T12:24:42.121+0300][69.634s][info ][gc] GC(3042) Pause Young (Normal) (G1 Evacuation Pause) 421M->423M(512M) 10.415ms
[2020-08-01T12:24:42.146+0300][69.659s][info ][gc] GC(3043) Pause Young (Normal) (G1 Evacuation Pause) 464M->465M(512M) 10.845ms
[2020-08-01T12:24:42.168+0300][69.681s][info ][gc] GC(3044) To-space exhausted
[2020-08-01T12:24:42.169+0300][69.681s][info ][gc] GC(3044) Pause Young (Normal) (G1 Evacuation Pause) 486M->492M(512M) 13.333ms
[2020-08-01T12:24:42.206+0300][69.718s][info ][gc] GC(3045) To-space exhausted
[2020-08-01T12:24:42.206+0300][69.718s][info ][gc] GC(3045) Pause Young (Normal) (G1 Evacuation Pause) 509M->509M(512M) 29.760ms
[2020-08-01T12:24:42.206+0300][69.719s][debug][gc] GC(3046) Clear Next Bitmap 0.350ms
[2020-08-01T12:24:42.255+0300][69.768s][info ][gc] GC(3046) Pause Full (G1 Evacuation Pause) 509M->80M(512M) 49.650ms
[2020-08-01T12:24:42.256+0300][69.768s][info ][gc] GC(3036) Concurrent Cycle 255.834ms
[2020-08-01T12:24:42.277+0300][69.790s][info ][gc] GC(3047) Pause Young (Normal) (G1 Evacuation Pause) 107M->108M(512M) 10.808ms
[2020-08-01T12:24:42.299+0300][69.812s][info ][gc] GC(3048) Pause Young (Normal) (G1 Evacuation Pause) 133M->135M(512M) 12.163ms
[2020-08-01T12:24:42.323+0300][69.836s][info ][gc] GC(3049) Pause Young (Normal) (G1 Evacuation Pause) 176M->177M(512M) 10.658ms
[2020-08-01T12:24:42.343+0300][69.856s][info ][gc] GC(3050) Pause Young (Normal) (G1 Evacuation Pause) 198M->199M(512M) 11.257ms
[2020-08-01T12:24:42.363+0300][69.876s][info ][gc] GC(3051) Pause Young (Normal) (G1 Evacuation Pause) 220M->221M(512M) 11.218ms
[2020-08-01T12:24:42.382+0300][69.895s][info ][gc] GC(3052) Pause Young (Normal) (G1 Evacuation Pause) 242M->244M(512M) 10.914ms
[2020-08-01T12:24:42.402+0300][69.915s][info ][gc] GC(3053) Pause Young (Concurrent Start) (G1 Evacuation Pause) 265M->267M(512M) 11.185ms
[2020-08-01T12:24:42.402+0300][69.915s][info ][gc] GC(3054) Concurrent Cycle
[2020-08-01T12:24:42.425+0300][69.938s][info ][gc] GC(3055) Pause Young (Normal) (G1 Evacuation Pause) 308M->309M(512M) 10.254ms
[2020-08-01T12:24:42.444+0300][69.957s][info ][gc] GC(3056) Pause Young (Normal) (G1 Evacuation Pause) 330M->331M(512M) 10.431ms
[2020-08-01T12:24:42.463+0300][69.976s][info ][gc] GC(3057) Pause Young (Normal) (G1 Evacuation Pause) 352M->353M(512M) 10.378ms
[2020-08-01T12:24:42.482+0300][69.995s][info ][gc] GC(3058) Pause Young (Normal) (G1 Evacuation Pause) 374M->375M(512M) 10.421ms
[2020-08-01T12:24:42.503+0300][70.015s][info ][gc] GC(3059) Pause Young (Normal) (G1 Evacuation Pause) 396M->397M(512M) 11.451ms
[2020-08-01T12:24:42.526+0300][70.038s][info ][gc] GC(3060) Pause Young (Normal) (G1 Evacuation Pause) 418M->420M(512M) 12.335ms
[2020-08-01T12:24:42.551+0300][70.064s][info ][gc] GC(3061) Pause Young (Normal) (G1 Evacuation Pause) 461M->462M(512M) 11.385ms
[2020-08-01T12:24:42.572+0300][70.085s][info ][gc] GC(3062) To-space exhausted
[2020-08-01T12:24:42.572+0300][70.085s][info ][gc] GC(3062) Pause Young (Normal) (G1 Evacuation Pause) 483M->488M(512M) 11.596ms
[2020-08-01T12:24:42.612+0300][70.125s][info ][gc] GC(3063) To-space exhausted
[2020-08-01T12:24:42.612+0300][70.125s][info ][gc] GC(3063) Pause Young (Normal) (G1 Evacuation Pause) 507M->507M(512M) 31.698ms
[2020-08-01T12:24:42.612+0300][70.125s][debug][gc] GC(3064) Clear Next Bitmap 0.293ms
[2020-08-01T12:24:42.661+0300][70.174s][info ][gc] GC(3064) Pause Full (G1 Evacuation Pause) 507M->80M(512M) 48.732ms
[2020-08-01T12:24:42.661+0300][70.174s][info ][gc] GC(3054) Concurrent Cycle 258.919ms
[2020-08-01T12:24:42.684+0300][70.197s][info ][gc] GC(3065) Pause Young (Normal) (G1 Evacuation Pause) 107M->107M(512M) 11.884ms
[2020-08-01T12:24:42.705+0300][70.218s][info ][gc] GC(3066) Pause Young (Normal) (G1 Evacuation Pause) 131M->132M(512M) 11.509ms
[2020-08-01T12:24:42.728+0300][70.241s][info ][gc] GC(3067) Pause Young (Normal) (G1 Evacuation Pause) 173M->175M(512M) 10.982ms
[2020-08-01T12:24:42.748+0300][70.261s][info ][gc] GC(3068) Pause Young (Normal) (G1 Evacuation Pause) 196M->198M(512M) 10.767ms
[2020-08-01T12:24:42.767+0300][70.280s][info ][gc] GC(3069) Pause Young (Normal) (G1 Evacuation Pause) 219M->220M(512M) 10.679ms
[2020-08-01T12:24:42.786+0300][70.299s][info ][gc] GC(3070) Pause Young (Normal) (G1 Evacuation Pause) 241M->243M(512M) 10.622ms
[2020-08-01T12:24:42.805+0300][70.318s][info ][gc] GC(3071) Pause Young (Concurrent Start) (G1 Evacuation Pause) 264M->265M(512M) 10.588ms
[2020-08-01T12:24:42.806+0300][70.318s][info ][gc] GC(3072) Concurrent Cycle
[2020-08-01T12:24:42.829+0300][70.342s][info ][gc] GC(3073) Pause Young (Normal) (G1 Evacuation Pause) 306M->307M(512M) 10.908ms
[2020-08-01T12:24:42.849+0300][70.362s][info ][gc] GC(3074) Pause Young (Normal) (G1 Evacuation Pause) 328M->329M(512M) 10.766ms
[2020-08-01T12:24:42.868+0300][70.381s][info ][gc] GC(3075) Pause Young (Normal) (G1 Evacuation Pause) 350M->351M(512M) 10.586ms
[2020-08-01T12:24:42.889+0300][70.402s][info ][gc] GC(3076) Pause Young (Normal) (G1 Evacuation Pause) 372M->374M(512M) 11.964ms
[2020-08-01T12:24:42.909+0300][70.422s][info ][gc] GC(3077) Pause Young (Normal) (G1 Evacuation Pause) 395M->396M(512M) 11.217ms
[2020-08-01T12:24:42.929+0300][70.442s][info ][gc] GC(3078) Pause Young (Normal) (G1 Evacuation Pause) 417M->418M(512M) 10.834ms
[2020-08-01T12:24:42.952+0300][70.465s][info ][gc] GC(3079) Pause Young (Normal) (G1 Evacuation Pause) 459M->460M(512M) 10.696ms
[2020-08-01T12:24:42.972+0300][70.485s][info ][gc] GC(3080) Pause Young (Normal) (G1 Evacuation Pause) 481M->483M(512M) 10.632ms
[2020-08-01T12:24:43.013+0300][70.526s][info ][gc] GC(3081) To-space exhausted
[2020-08-01T12:24:43.013+0300][70.526s][info ][gc] GC(3081) Pause Young (Normal) (G1 Evacuation Pause) 504M->509M(512M) 32.046ms
[2020-08-01T12:24:43.014+0300][70.527s][debug][gc] GC(3082) Clear Next Bitmap 0.239ms
[2020-08-01T12:24:43.065+0300][70.578s][info ][gc] GC(3082) Pause Full (G1 Evacuation Pause) 509M->80M(512M) 51.122ms
[2020-08-01T12:24:43.065+0300][70.578s][info ][gc] GC(3072) Concurrent Cycle 259.332ms
[2020-08-01T12:24:43.087+0300][70.600s][info ][gc] GC(3083) Pause Young (Normal) (G1 Evacuation Pause) 107M->108M(512M) 11.438ms
[2020-08-01T12:24:43.111+0300][70.624s][info ][gc] GC(3084) Pause Young (Normal) (G1 Evacuation Pause) 133M->134M(512M) 14.201ms
[2020-08-01T12:24:43.134+0300][70.647s][info ][gc] GC(3085) Pause Young (Normal) (G1 Evacuation Pause) 175M->177M(512M) 10.789ms
[2020-08-01T12:24:43.153+0300][70.666s][info ][gc] GC(3086) Pause Young (Normal) (G1 Evacuation Pause) 198M->199M(512M) 10.520ms
[2020-08-01T12:24:43.172+0300][70.685s][info ][gc] GC(3087) Pause Young (Normal) (G1 Evacuation Pause) 220M->221M(512M) 10.615ms
[2020-08-01T12:24:43.191+0300][70.704s][info ][gc] GC(3088) Pause Young (Normal) (G1 Evacuation Pause) 242M->244M(512M) 10.355ms
[2020-08-01T12:24:43.211+0300][70.724s][info ][gc] GC(3089) Pause Young (Concurrent Start) (G1 Evacuation Pause) 265M->266M(512M) 11.162ms
[2020-08-01T12:24:43.211+0300][70.724s][info ][gc] GC(3090) Concurrent Cycle
[2020-08-01T12:24:43.235+0300][70.748s][info ][gc] GC(3091) Pause Young (Normal) (G1 Evacuation Pause) 307M->308M(512M) 11.243ms
[2020-08-01T12:24:43.254+0300][70.767s][info ][gc] GC(3092) Pause Young (Normal) (G1 Evacuation Pause) 329M->331M(512M) 10.350ms
[2020-08-01T12:24:43.273+0300][70.786s][info ][gc] GC(3093) Pause Young (Normal) (G1 Evacuation Pause) 352M->353M(512M) 10.392ms
[2020-08-01T12:24:43.292+0300][70.805s][info ][gc] GC(3094) Pause Young (Normal) (G1 Evacuation Pause) 374M->376M(512M) 10.479ms
[2020-08-01T12:24:43.311+0300][70.824s][info ][gc] GC(3095) Pause Young (Normal) (G1 Evacuation Pause) 397M->398M(512M) 10.324ms
[2020-08-01T12:24:43.331+0300][70.844s][info ][gc] GC(3096) Pause Young (Normal) (G1 Evacuation Pause) 419M->420M(512M) 10.680ms
[2020-08-01T12:24:43.357+0300][70.870s][info ][gc] GC(3097) Pause Young (Normal) (G1 Evacuation Pause) 461M->462M(512M) 11.603ms
[2020-08-01T12:24:43.377+0300][70.890s][info ][gc] GC(3098) To-space exhausted
[2020-08-01T12:24:43.378+0300][70.890s][info ][gc] GC(3098) Pause Young (Normal) (G1 Evacuation Pause) 483M->486M(512M) 11.455ms
[2020-08-01T12:24:43.422+0300][70.935s][info ][gc] GC(3099) To-space exhausted
[2020-08-01T12:24:43.422+0300][70.935s][info ][gc] GC(3099) Pause Young (Normal) (G1 Evacuation Pause) 507M->509M(512M) 35.344ms
[2020-08-01T12:24:43.422+0300][70.935s][debug][gc] GC(3100) Clear Next Bitmap 0.257ms
[2020-08-01T12:24:43.471+0300][70.984s][info ][gc] GC(3100) Pause Full (G1 Evacuation Pause) 509M->81M(512M) 49.317ms
[2020-08-01T12:24:43.471+0300][70.984s][info ][gc] GC(3090) Concurrent Cycle 260.457ms
[2020-08-01T12:24:43.493+0300][71.006s][info ][gc] GC(3101) Pause Young (Normal) (G1 Evacuation Pause) 108M->109M(512M) 10.814ms
[2020-08-01T12:24:43.515+0300][71.028s][info ][gc] GC(3102) Pause Young (Normal) (G1 Evacuation Pause) 134M->135M(512M) 12.428ms
[2020-08-01T12:24:43.539+0300][71.052s][info ][gc] GC(3103) Pause Young (Normal) (G1 Evacuation Pause) 176M->178M(512M) 13.213ms
[2020-08-01T12:24:43.558+0300][71.071s][info ][gc] GC(3104) Pause Young (Normal) (G1 Evacuation Pause) 199M->200M(512M) 10.425ms
[2020-08-01T12:24:43.577+0300][71.090s][info ][gc] GC(3105) Pause Young (Normal) (G1 Evacuation Pause) 221M->223M(512M) 10.389ms
[2020-08-01T12:24:43.597+0300][71.110s][info ][gc] GC(3106) Pause Young (Normal) (G1 Evacuation Pause) 244M->245M(512M) 11.662ms
[2020-08-01T12:24:43.618+0300][71.131s][info ][gc] GC(3107) Pause Young (Concurrent Start) (G1 Evacuation Pause) 266M->267M(512M) 12.196ms
[2020-08-01T12:24:43.618+0300][71.131s][info ][gc] GC(3108) Concurrent Cycle
[2020-08-01T12:24:43.643+0300][71.156s][info ][gc] GC(3109) Pause Young (Normal) (G1 Evacuation Pause) 308M->309M(512M) 10.275ms
[2020-08-01T12:24:43.664+0300][71.177s][info ][gc] GC(3110) Pause Young (Normal) (G1 Evacuation Pause) 330M->332M(512M) 10.621ms
[2020-08-01T12:24:43.683+0300][71.196s][info ][gc] GC(3111) Pause Young (Normal) (G1 Evacuation Pause) 353M->354M(512M) 10.631ms
[2020-08-01T12:24:43.702+0300][71.215s][info ][gc] GC(3112) Pause Young (Normal) (G1 Evacuation Pause) 375M->377M(512M) 10.001ms
[2020-08-01T12:24:43.721+0300][71.234s][info ][gc] GC(3113) Pause Young (Normal) (G1 Evacuation Pause) 398M->400M(512M) 10.648ms
[2020-08-01T12:24:43.741+0300][71.253s][info ][gc] GC(3114) Pause Young (Normal) (G1 Evacuation Pause) 421M->422M(512M) 10.707ms
[2020-08-01T12:24:43.764+0300][71.277s][info ][gc] GC(3115) Pause Young (Normal) (G1 Evacuation Pause) 463M->465M(512M) 10.881ms
[2020-08-01T12:24:43.788+0300][71.300s][info ][gc] GC(3116) To-space exhausted
[2020-08-01T12:24:43.788+0300][71.301s][info ][gc] GC(3116) Pause Young (Normal) (G1 Evacuation Pause) 486M->493M(512M) 14.611ms
[2020-08-01T12:24:43.822+0300][71.335s][info ][gc] GC(3117) To-space exhausted
[2020-08-01T12:24:43.822+0300][71.335s][info ][gc] GC(3117) Pause Young (Normal) (G1 Evacuation Pause) 508M->508M(512M) 27.594ms
[2020-08-01T12:24:43.823+0300][71.336s][debug][gc] GC(3118) Clear Next Bitmap 0.311ms
[2020-08-01T12:24:43.870+0300][71.383s][info ][gc] GC(3118) Pause Full (G1 Evacuation Pause) 508M->77M(512M) 48.120ms
[2020-08-01T12:24:43.871+0300][71.384s][info ][gc] GC(3108) Concurrent Cycle 252.934ms
[2020-08-01T12:24:43.891+0300][71.404s][info ][gc] GC(3119) Pause Young (Normal) (G1 Evacuation Pause) 104M->104M(512M) 9.993ms
[2020-08-01T12:24:43.913+0300][71.426s][info ][gc] GC(3120) Pause Young (Normal) (G1 Evacuation Pause) 129M->131M(512M) 12.077ms
[2020-08-01T12:24:43.935+0300][71.448s][info ][gc] GC(3121) Pause Young (Normal) (G1 Evacuation Pause) 172M->173M(512M) 11.521ms
[2020-08-01T12:24:43.954+0300][71.467s][info ][gc] GC(3122) Pause Young (Normal) (G1 Evacuation Pause) 194M->196M(512M) 10.569ms
[2020-08-01T12:24:43.973+0300][71.486s][info ][gc] GC(3123) Pause Young (Normal) (G1 Evacuation Pause) 217M->218M(512M) 10.450ms
[2020-08-01T12:24:43.992+0300][71.505s][info ][gc] GC(3124) Pause Young (Normal) (G1 Evacuation Pause) 239M->241M(512M) 10.096ms
[2020-08-01T12:24:44.012+0300][71.525s][info ][gc] GC(3125) Pause Young (Concurrent Start) (G1 Evacuation Pause) 262M->263M(512M) 11.595ms
[2020-08-01T12:24:44.012+0300][71.525s][info ][gc] GC(3126) Concurrent Cycle
[2020-08-01T12:24:44.036+0300][71.549s][info ][gc] GC(3127) Pause Young (Normal) (G1 Evacuation Pause) 304M->306M(512M) 10.970ms
[2020-08-01T12:24:44.057+0300][71.569s][info ][gc] GC(3128) Pause Young (Normal) (G1 Evacuation Pause) 327M->329M(512M) 10.756ms
[2020-08-01T12:24:44.076+0300][71.589s][info ][gc] GC(3129) Pause Young (Normal) (G1 Evacuation Pause) 350M->352M(512M) 10.648ms
[2020-08-01T12:24:44.095+0300][71.608s][info ][gc] GC(3130) Pause Young (Normal) (G1 Evacuation Pause) 373M->374M(512M) 10.508ms
[2020-08-01T12:24:44.115+0300][71.628s][info ][gc] GC(3131) Pause Young (Normal) (G1 Evacuation Pause) 395M->397M(512M) 10.722ms
[2020-08-01T12:24:44.134+0300][71.647s][info ][gc] GC(3132) Pause Young (Normal) (G1 Evacuation Pause) 418M->419M(512M) 10.505ms
[2020-08-01T12:24:44.159+0300][71.672s][info ][gc] GC(3133) Pause Young (Normal) (G1 Evacuation Pause) 460M->462M(512M) 12.464ms
[2020-08-01T12:24:44.178+0300][71.691s][info ][gc] GC(3134) To-space exhausted
[2020-08-01T12:24:44.179+0300][71.691s][info ][gc] GC(3134) Pause Young (Normal) (G1 Evacuation Pause) 483M->488M(512M) 10.944ms
[2020-08-01T12:24:44.221+0300][71.734s][info ][gc] GC(3135) To-space exhausted
[2020-08-01T12:24:44.221+0300][71.734s][info ][gc] GC(3135) Pause Young (Normal) (G1 Evacuation Pause) 508M->508M(512M) 34.124ms
[2020-08-01T12:24:44.222+0300][71.735s][debug][gc] GC(3136) Clear Next Bitmap 0.369ms
[2020-08-01T12:24:44.271+0300][71.784s][info ][gc] GC(3136) Pause Full (G1 Evacuation Pause) 508M->77M(512M) 49.846ms
[2020-08-01T12:24:44.272+0300][71.784s][info ][gc] GC(3126) Concurrent Cycle 259.162ms
[2020-08-01T12:24:44.293+0300][71.805s][info ][gc] GC(3137) Pause Young (Normal) (G1 Evacuation Pause) 103M->103M(512M) 10.649ms
[2020-08-01T12:24:44.314+0300][71.827s][info ][gc] GC(3138) Pause Young (Normal) (G1 Evacuation Pause) 127M->128M(512M) 11.932ms
[2020-08-01T12:24:44.336+0300][71.849s][info ][gc] GC(3139) Pause Young (Normal) (G1 Evacuation Pause) 169M->170M(512M) 12.100ms
[2020-08-01T12:24:44.355+0300][71.868s][info ][gc] GC(3140) Pause Young (Normal) (G1 Evacuation Pause) 191M->192M(512M) 10.615ms
[2020-08-01T12:24:44.375+0300][71.888s][info ][gc] GC(3141) Pause Young (Normal) (G1 Evacuation Pause) 213M->215M(512M) 10.706ms
[2020-08-01T12:24:44.394+0300][71.907s][info ][gc] GC(3142) Pause Young (Normal) (G1 Evacuation Pause) 236M->238M(512M) 10.431ms
[2020-08-01T12:24:44.413+0300][71.926s][info ][gc] GC(3143) Pause Young (Concurrent Start) (G1 Evacuation Pause) 259M->260M(512M) 11.076ms
[2020-08-01T12:24:44.413+0300][71.926s][info ][gc] GC(3144) Concurrent Cycle
[2020-08-01T12:24:44.437+0300][71.950s][info ][gc] GC(3145) Pause Young (Normal) (G1 Evacuation Pause) 301M->302M(512M) 10.835ms
[2020-08-01T12:24:44.457+0300][71.970s][info ][gc] GC(3146) Pause Young (Normal) (G1 Evacuation Pause) 323M->324M(512M) 10.377ms
[2020-08-01T12:24:44.477+0300][71.990s][info ][gc] GC(3147) Pause Young (Normal) (G1 Evacuation Pause) 345M->346M(512M) 10.678ms
[2020-08-01T12:24:44.496+0300][72.009s][info ][gc] GC(3148) Pause Young (Normal) (G1 Evacuation Pause) 367M->369M(512M) 10.645ms
[2020-08-01T12:24:44.516+0300][72.028s][info ][gc] GC(3149) Pause Young (Normal) (G1 Evacuation Pause) 390M->391M(512M) 10.630ms
[2020-08-01T12:24:44.537+0300][72.050s][info ][gc] GC(3150) Pause Young (Normal) (G1 Evacuation Pause) 412M->414M(512M) 12.248ms
[2020-08-01T12:24:44.560+0300][72.073s][info ][gc] GC(3151) Pause Young (Normal) (G1 Evacuation Pause) 455M->457M(512M) 10.403ms
[2020-08-01T12:24:44.579+0300][72.092s][info ][gc] GC(3152) Pause Young (Normal) (G1 Evacuation Pause) 478M->480M(512M) 10.744ms
[2020-08-01T12:24:44.616+0300][72.129s][info ][gc] GC(3153) To-space exhausted
[2020-08-01T12:24:44.616+0300][72.129s][info ][gc] GC(3153) Pause Young (Normal) (G1 Evacuation Pause) 501M->508M(512M) 28.434ms
[2020-08-01T12:24:44.628+0300][72.141s][info ][gc] GC(3154) To-space exhausted
[2020-08-01T12:24:44.628+0300][72.141s][info ][gc] GC(3154) Pause Young (Normal) (G1 Evacuation Pause) 509M->509M(512M) 9.182ms
[2020-08-01T12:24:44.629+0300][72.142s][debug][gc] GC(3155) Clear Next Bitmap 0.474ms
[2020-08-01T12:24:44.680+0300][72.193s][info ][gc] GC(3155) Pause Full (G1 Evacuation Pause) 509M->77M(512M) 51.694ms
[2020-08-01T12:24:44.681+0300][72.193s][info ][gc] GC(3144) Concurrent Cycle 267.149ms
[2020-08-01T12:24:44.703+0300][72.216s][info ][gc] GC(3156) Pause Young (Normal) (G1 Evacuation Pause) 103M->103M(512M) 10.543ms
[2020-08-01T12:24:44.726+0300][72.239s][info ][gc] GC(3157) Pause Young (Normal) (G1 Evacuation Pause) 128M->130M(512M) 13.248ms
[2020-08-01T12:24:44.747+0300][72.260s][info ][gc] GC(3158) Pause Young (Normal) (G1 Evacuation Pause) 171M->172M(512M) 10.309ms
[2020-08-01T12:24:44.767+0300][72.279s][info ][gc] GC(3159) Pause Young (Normal) (G1 Evacuation Pause) 193M->194M(512M) 10.697ms
[2020-08-01T12:24:44.785+0300][72.298s][info ][gc] GC(3160) Pause Young (Normal) (G1 Evacuation Pause) 215M->216M(512M) 10.480ms
[2020-08-01T12:24:44.804+0300][72.317s][info ][gc] GC(3161) Pause Young (Normal) (G1 Evacuation Pause) 237M->239M(512M) 10.215ms
[2020-08-01T12:24:44.823+0300][72.336s][info ][gc] GC(3162) Pause Young (Concurrent Start) (G1 Evacuation Pause) 260M->261M(512M) 10.173ms
[2020-08-01T12:24:44.823+0300][72.336s][info ][gc] GC(3163) Concurrent Cycle
[2020-08-01T12:24:44.848+0300][72.361s][info ][gc] GC(3164) Pause Young (Normal) (G1 Evacuation Pause) 302M->304M(512M) 11.189ms
[2020-08-01T12:24:44.867+0300][72.380s][info ][gc] GC(3165) Pause Young (Normal) (G1 Evacuation Pause) 325M->326M(512M) 10.826ms
[2020-08-01T12:24:44.887+0300][72.400s][info ][gc] GC(3166) Pause Young (Normal) (G1 Evacuation Pause) 347M->348M(512M) 10.406ms
[2020-08-01T12:24:44.907+0300][72.419s][info ][gc] GC(3167) Pause Young (Normal) (G1 Evacuation Pause) 369M->371M(512M) 10.557ms
[2020-08-01T12:24:44.926+0300][72.439s][info ][gc] GC(3168) Pause Young (Normal) (G1 Evacuation Pause) 392M->393M(512M) 10.399ms
[2020-08-01T12:24:44.945+0300][72.458s][info ][gc] GC(3169) Pause Young (Normal) (G1 Evacuation Pause) 414M->415M(512M) 10.270ms
[2020-08-01T12:24:44.966+0300][72.479s][info ][gc] GC(3170) Pause Young (Normal) (G1 Evacuation Pause) 456M->458M(512M) 10.253ms
[2020-08-01T12:24:44.985+0300][72.498s][info ][gc] GC(3171) Pause Young (Normal) (G1 Evacuation Pause) 479M->481M(512M) 10.371ms
[2020-08-01T12:24:45.023+0300][72.536s][info ][gc] GC(3172) To-space exhausted
[2020-08-01T12:24:45.023+0300][72.536s][info ][gc] GC(3172) Pause Young (Normal) (G1 Evacuation Pause) 502M->507M(512M) 28.757ms
[2020-08-01T12:24:45.036+0300][72.549s][info ][gc] GC(3173) To-space exhausted
[2020-08-01T12:24:45.036+0300][72.549s][info ][gc] GC(3173) Pause Young (Normal) (G1 Evacuation Pause) 508M->508M(512M) 9.112ms
[2020-08-01T12:24:45.036+0300][72.549s][debug][gc] GC(3174) Clear Next Bitmap 0.315ms
[2020-08-01T12:24:45.092+0300][72.605s][info ][gc] GC(3174) Pause Full (G1 Evacuation Pause) 508M->79M(512M) 55.964ms
[2020-08-01T12:24:45.092+0300][72.605s][info ][gc] GC(3163) Concurrent Cycle 268.936ms
[2020-08-01T12:24:45.116+0300][72.629s][info ][gc] GC(3175) Pause Young (Normal) (G1 Evacuation Pause) 107M->107M(512M) 12.507ms
[2020-08-01T12:24:45.138+0300][72.651s][info ][gc] GC(3176) Pause Young (Normal) (G1 Evacuation Pause) 132M->134M(512M) 12.060ms
[2020-08-01T12:24:45.159+0300][72.671s][info ][gc] GC(3177) Pause Young (Normal) (G1 Evacuation Pause) 175M->176M(512M) 10.354ms
[2020-08-01T12:24:45.177+0300][72.690s][info ][gc] GC(3178) Pause Young (Normal) (G1 Evacuation Pause) 197M->198M(512M) 10.289ms
[2020-08-01T12:24:45.197+0300][72.710s][info ][gc] GC(3179) Pause Young (Normal) (G1 Evacuation Pause) 219M->221M(512M) 10.930ms
[2020-08-01T12:24:45.216+0300][72.728s][info ][gc] GC(3180) Pause Young (Normal) (G1 Evacuation Pause) 242M->243M(512M) 10.518ms
[2020-08-01T12:24:45.234+0300][72.747s][info ][gc] GC(3181) Pause Young (Concurrent Start) (G1 Evacuation Pause) 264M->265M(512M) 10.396ms
[2020-08-01T12:24:45.234+0300][72.747s][info ][gc] GC(3182) Concurrent Cycle
[2020-08-01T12:24:45.259+0300][72.772s][info ][gc] GC(3183) Pause Young (Normal) (G1 Evacuation Pause) 306M->308M(512M) 11.125ms
[2020-08-01T12:24:45.279+0300][72.792s][info ][gc] GC(3184) Pause Young (Normal) (G1 Evacuation Pause) 329M->330M(512M) 10.835ms
[2020-08-01T12:24:45.299+0300][72.812s][info ][gc] GC(3185) Pause Young (Normal) (G1 Evacuation Pause) 351M->353M(512M) 10.738ms
[2020-08-01T12:24:45.319+0300][72.832s][info ][gc] GC(3186) Pause Young (Normal) (G1 Evacuation Pause) 374M->375M(512M) 10.518ms
[2020-08-01T12:24:45.340+0300][72.853s][info ][gc] GC(3187) Pause Young (Normal) (G1 Evacuation Pause) 396M->397M(512M) 11.555ms
[2020-08-01T12:24:45.360+0300][72.872s][info ][gc] GC(3188) Pause Young (Normal) (G1 Evacuation Pause) 418M->419M(512M) 10.505ms
[2020-08-01T12:24:45.382+0300][72.894s][info ][gc] GC(3189) Pause Young (Normal) (G1 Evacuation Pause) 460M->462M(512M) 11.028ms
[2020-08-01T12:24:45.401+0300][72.914s][info ][gc] GC(3190) Pause Young (Normal) (G1 Evacuation Pause) 483M->484M(512M) 10.631ms
[2020-08-01T12:24:45.442+0300][72.955s][info ][gc] GC(3191) To-space exhausted
[2020-08-01T12:24:45.442+0300][72.955s][info ][gc] GC(3191) Pause Young (Normal) (G1 Evacuation Pause) 505M->509M(512M) 32.897ms
[2020-08-01T12:24:45.443+0300][72.956s][debug][gc] GC(3192) Clear Next Bitmap 0.317ms
[2020-08-01T12:24:45.496+0300][73.009s][info ][gc] GC(3192) Pause Full (G1 Evacuation Pause) 509M->81M(512M) 53.236ms
[2020-08-01T12:24:45.496+0300][73.009s][info ][gc] GC(3182) Concurrent Cycle 261.645ms
[2020-08-01T12:24:45.520+0300][73.033s][info ][gc] GC(3193) Pause Young (Normal) (G1 Evacuation Pause) 109M->110M(512M) 12.647ms
[2020-08-01T12:24:45.541+0300][73.054s][info ][gc] GC(3194) Pause Young (Normal) (G1 Evacuation Pause) 134M->136M(512M) 11.449ms
[2020-08-01T12:24:45.566+0300][73.079s][info ][gc] GC(3195) Pause Young (Normal) (G1 Evacuation Pause) 177M->178M(512M) 11.260ms
[2020-08-01T12:24:45.585+0300][73.098s][info ][gc] GC(3196) Pause Young (Normal) (G1 Evacuation Pause) 199M->200M(512M) 10.346ms
[2020-08-01T12:24:45.604+0300][73.116s][info ][gc] GC(3197) Pause Young (Normal) (G1 Evacuation Pause) 221M->223M(512M) 10.150ms
[2020-08-01T12:24:45.622+0300][73.135s][info ][gc] GC(3198) Pause Young (Normal) (G1 Evacuation Pause) 244M->245M(512M) 10.152ms
[2020-08-01T12:24:45.642+0300][73.155s][info ][gc] GC(3199) Pause Young (Concurrent Start) (G1 Evacuation Pause) 267M->269M(512M) 10.568ms
[2020-08-01T12:24:45.642+0300][73.155s][info ][gc] GC(3200) Concurrent Cycle
[2020-08-01T12:24:45.669+0300][73.182s][info ][gc] GC(3201) Pause Young (Normal) (G1 Evacuation Pause) 310M->313M(512M) 12.907ms
[2020-08-01T12:24:45.689+0300][73.201s][info ][gc] GC(3202) Pause Young (Normal) (G1 Evacuation Pause) 334M->335M(512M) 10.479ms
[2020-08-01T12:24:45.708+0300][73.221s][info ][gc] GC(3203) Pause Young (Normal) (G1 Evacuation Pause) 356M->358M(512M) 11.084ms
[2020-08-01T12:24:45.729+0300][73.242s][info ][gc] GC(3204) Pause Young (Normal) (G1 Evacuation Pause) 379M->381M(512M) 11.266ms
[2020-08-01T12:24:45.749+0300][73.262s][info ][gc] GC(3205) Pause Young (Normal) (G1 Evacuation Pause) 402M->404M(512M) 11.015ms
[2020-08-01T12:24:45.769+0300][73.282s][info ][gc] GC(3206) Pause Young (Normal) (G1 Evacuation Pause) 425M->427M(512M) 10.527ms
[2020-08-01T12:24:45.794+0300][73.307s][info ][gc] GC(3207) Pause Young (Normal) (G1 Evacuation Pause) 468M->469M(512M) 10.681ms
[2020-08-01T12:24:45.820+0300][73.333s][info ][gc] GC(3208) To-space exhausted
[2020-08-01T12:24:45.820+0300][73.333s][info ][gc] GC(3208) Pause Young (Normal) (G1 Evacuation Pause) 490M->498M(512M) 17.036ms
[2020-08-01T12:24:45.846+0300][73.359s][info ][gc] GC(3209) To-space exhausted
[2020-08-01T12:24:45.846+0300][73.359s][info ][gc] GC(3209) Pause Young (Normal) (G1 Evacuation Pause) 508M->508M(512M) 21.418ms
[2020-08-01T12:24:45.847+0300][73.360s][debug][gc] GC(3210) Clear Next Bitmap 0.290ms
[2020-08-01T12:24:45.890+0300][73.403s][info ][gc] GC(3210) Pause Full (G1 Evacuation Pause) 508M->72M(512M) 43.417ms
[2020-08-01T12:24:45.890+0300][73.403s][info ][gc] GC(3200) Concurrent Cycle 248.334ms
[2020-08-01T12:24:45.913+0300][73.426s][info ][gc] GC(3211) Pause Young (Normal) (G1 Evacuation Pause) 100M->101M(512M) 12.052ms
[2020-08-01T12:24:45.935+0300][73.448s][info ][gc] GC(3212) Pause Young (Normal) (G1 Evacuation Pause) 126M->127M(512M) 12.088ms
[2020-08-01T12:24:45.958+0300][73.470s][info ][gc] GC(3213) Pause Young (Normal) (G1 Evacuation Pause) 168M->170M(512M) 10.730ms
[2020-08-01T12:24:45.977+0300][73.490s][info ][gc] GC(3214) Pause Young (Normal) (G1 Evacuation Pause) 191M->192M(512M) 10.896ms
[2020-08-01T12:24:45.996+0300][73.509s][info ][gc] GC(3215) Pause Young (Normal) (G1 Evacuation Pause) 213M->215M(512M) 10.576ms
[2020-08-01T12:24:46.016+0300][73.529s][info ][gc] GC(3216) Pause Young (Normal) (G1 Evacuation Pause) 236M->238M(512M) 10.777ms
[2020-08-01T12:24:46.035+0300][73.548s][info ][gc] GC(3217) Pause Young (Concurrent Start) (G1 Evacuation Pause) 259M->260M(512M) 10.541ms
[2020-08-01T12:24:46.035+0300][73.548s][info ][gc] GC(3218) Concurrent Cycle
[2020-08-01T12:24:46.057+0300][73.570s][info ][gc] GC(3219) Pause Young (Normal) (G1 Evacuation Pause) 301M->303M(512M) 9.972ms
[2020-08-01T12:24:46.076+0300][73.589s][info ][gc] GC(3220) Pause Young (Normal) (G1 Evacuation Pause) 324M->326M(512M) 10.379ms
[2020-08-01T12:24:46.096+0300][73.609s][info ][gc] GC(3221) Pause Young (Normal) (G1 Evacuation Pause) 347M->348M(512M) 10.579ms
[2020-08-01T12:24:46.115+0300][73.628s][info ][gc] GC(3222) Pause Young (Normal) (G1 Evacuation Pause) 369M->370M(512M) 10.490ms
[2020-08-01T12:24:46.135+0300][73.647s][info ][gc] GC(3223) Pause Young (Normal) (G1 Evacuation Pause) 391M->393M(512M) 10.614ms
[2020-08-01T12:24:46.154+0300][73.666s][info ][gc] GC(3224) Pause Young (Normal) (G1 Evacuation Pause) 414M->415M(512M) 10.052ms
[2020-08-01T12:24:46.178+0300][73.691s][info ][gc] GC(3225) Pause Young (Normal) (G1 Evacuation Pause) 456M->457M(512M) 11.491ms
[2020-08-01T12:24:46.198+0300][73.711s][info ][gc] GC(3226) Pause Young (Normal) (G1 Evacuation Pause) 478M->479M(512M) 10.814ms
[2020-08-01T12:24:46.206+0300][73.719s][debug][gc] GC(3218) Reclaimed 126 empty regions
[2020-08-01T12:24:46.207+0300][73.719s][info ][gc] GC(3218) Pause Remark 498M->374M(512M) 0.709ms
[2020-08-01T12:24:46.219+0300][73.732s][info ][gc] GC(3227) Pause Young (Normal) (G1 Evacuation Pause) 376M->378M(512M) 11.050ms
[2020-08-01T12:24:46.248+0300][73.760s][info ][gc] GC(3228) Pause Young (Normal) (G1 Evacuation Pause) 399M->400M(512M) 12.209ms
[2020-08-01T12:24:46.275+0300][73.788s][info ][gc] GC(3229) Pause Young (Normal) (G1 Evacuation Pause) 421M->423M(512M) 10.688ms
[2020-08-01T12:24:46.306+0300][73.819s][info ][gc] GC(3230) Pause Young (Normal) (G1 Evacuation Pause) 464M->466M(512M) 11.420ms
[2020-08-01T12:24:46.337+0300][73.850s][info ][gc] GC(3231) To-space exhausted
[2020-08-01T12:24:46.337+0300][73.850s][info ][gc] GC(3231) Pause Young (Normal) (G1 Evacuation Pause) 487M->490M(512M) 14.201ms
[2020-08-01T12:24:46.386+0300][73.899s][info ][gc] GC(3232) To-space exhausted
[2020-08-01T12:24:46.386+0300][73.899s][info ][gc] GC(3232) Pause Young (Normal) (G1 Evacuation Pause) 511M->511M(512M) 35.625ms
[2020-08-01T12:24:46.387+0300][73.900s][debug][gc] GC(3233) Clear Next Bitmap 0.363ms
[2020-08-01T12:24:46.430+0300][73.943s][info ][gc] GC(3233) Pause Full (G1 Evacuation Pause) 511M->65M(512M) 43.390ms
[2020-08-01T12:24:46.430+0300][73.943s][info ][gc] GC(3218) Concurrent Cycle 395.212ms
[2020-08-01T12:24:46.453+0300][73.966s][info ][gc] GC(3234) Pause Young (Normal) (G1 Evacuation Pause) 92M->93M(512M) 12.268ms
[2020-08-01T12:24:46.474+0300][73.987s][info ][gc] GC(3235) Pause Young (Normal) (G1 Evacuation Pause) 117M->118M(512M) 11.690ms
[2020-08-01T12:24:46.497+0300][74.010s][info ][gc] GC(3236) Pause Young (Normal) (G1 Evacuation Pause) 159M->161M(512M) 11.413ms
[2020-08-01T12:24:46.518+0300][74.031s][info ][gc] GC(3237) Pause Young (Normal) (G1 Evacuation Pause) 182M->183M(512M) 12.756ms
[2020-08-01T12:24:46.538+0300][74.051s][info ][gc] GC(3238) Pause Young (Normal) (G1 Evacuation Pause) 204M->206M(512M) 10.887ms
[2020-08-01T12:24:46.557+0300][74.070s][info ][gc] GC(3239) Pause Young (Normal) (G1 Evacuation Pause) 227M->228M(512M) 10.677ms
[2020-08-01T12:24:46.576+0300][74.089s][info ][gc] GC(3240) Pause Young (Normal) (G1 Evacuation Pause) 249M->251M(512M) 10.675ms
[2020-08-01T12:24:46.596+0300][74.108s][info ][gc] GC(3241) Pause Young (Concurrent Start) (G1 Evacuation Pause) 272M->272M(512M) 10.601ms
[2020-08-01T12:24:46.596+0300][74.108s][info ][gc] GC(3242) Concurrent Cycle
[2020-08-01T12:24:46.618+0300][74.131s][info ][gc] GC(3243) Pause Young (Normal) (G1 Evacuation Pause) 313M->315M(512M) 10.519ms
[2020-08-01T12:24:46.638+0300][74.151s][info ][gc] GC(3244) Pause Young (Normal) (G1 Evacuation Pause) 336M->337M(512M) 10.698ms
[2020-08-01T12:24:46.662+0300][74.175s][info ][gc] GC(3245) Pause Young (Normal) (G1 Evacuation Pause) 358M->359M(512M) 11.512ms
[2020-08-01T12:24:46.681+0300][74.194s][info ][gc] GC(3246) Pause Young (Normal) (G1 Evacuation Pause) 380M->381M(512M) 10.405ms
[2020-08-01T12:24:46.700+0300][74.213s][info ][gc] GC(3247) Pause Young (Normal) (G1 Evacuation Pause) 402M->403M(512M) 10.433ms
[2020-08-01T12:24:46.723+0300][74.236s][info ][gc] GC(3248) Pause Young (Normal) (G1 Evacuation Pause) 444M->445M(512M) 10.356ms
[2020-08-01T12:24:46.743+0300][74.256s][info ][gc] GC(3249) Pause Young (Normal) (G1 Evacuation Pause) 466M->468M(512M) 10.587ms
[2020-08-01T12:24:46.766+0300][74.279s][info ][gc] GC(3250) To-space exhausted
[2020-08-01T12:24:46.767+0300][74.279s][info ][gc] GC(3250) Pause Young (Normal) (G1 Evacuation Pause) 489M->495M(512M) 15.119ms
[2020-08-01T12:24:46.802+0300][74.315s][info ][gc] GC(3251) To-space exhausted
[2020-08-01T12:24:46.802+0300][74.315s][info ][gc] GC(3251) Pause Young (Normal) (G1 Evacuation Pause) 509M->509M(512M) 29.097ms
[2020-08-01T12:24:46.803+0300][74.315s][debug][gc] GC(3252) Clear Next Bitmap 0.289ms
[2020-08-01T12:24:46.854+0300][74.367s][info ][gc] GC(3252) Pause Full (G1 Evacuation Pause) 509M->79M(512M) 51.428ms
[2020-08-01T12:24:46.854+0300][74.367s][info ][gc] GC(3242) Concurrent Cycle 258.275ms
[2020-08-01T12:24:46.875+0300][74.388s][info ][gc] GC(3253) Pause Young (Normal) (G1 Evacuation Pause) 105M->105M(512M) 10.433ms
[2020-08-01T12:24:46.897+0300][74.410s][info ][gc] GC(3254) Pause Young (Normal) (G1 Evacuation Pause) 130M->131M(512M) 11.882ms
[2020-08-01T12:24:46.918+0300][74.431s][info ][gc] GC(3255) Pause Young (Normal) (G1 Evacuation Pause) 172M->173M(512M) 10.577ms
[2020-08-01T12:24:46.937+0300][74.450s][info ][gc] GC(3256) Pause Young (Normal) (G1 Evacuation Pause) 194M->196M(512M) 10.522ms
[2020-08-01T12:24:46.956+0300][74.469s][info ][gc] GC(3257) Pause Young (Normal) (G1 Evacuation Pause) 217M->218M(512M) 10.547ms
[2020-08-01T12:24:46.975+0300][74.487s][info ][gc] GC(3258) Pause Young (Normal) (G1 Evacuation Pause) 239M->240M(512M) 10.410ms
[2020-08-01T12:24:46.993+0300][74.506s][info ][gc] GC(3259) Pause Young (Concurrent Start) (G1 Evacuation Pause) 261M->263M(512M) 10.293ms
[2020-08-01T12:24:46.993+0300][74.506s][info ][gc] GC(3260) Concurrent Cycle
[2020-08-01T12:24:47.016+0300][74.529s][info ][gc] GC(3261) Pause Young (Normal) (G1 Evacuation Pause) 304M->305M(512M) 10.681ms
[2020-08-01T12:24:47.036+0300][74.549s][info ][gc] GC(3262) Pause Young (Normal) (G1 Evacuation Pause) 326M->328M(512M) 10.600ms
[2020-08-01T12:24:47.057+0300][74.570s][info ][gc] GC(3263) Pause Young (Normal) (G1 Evacuation Pause) 349M->350M(512M) 11.608ms
[2020-08-01T12:24:47.077+0300][74.590s][info ][gc] GC(3264) Pause Young (Normal) (G1 Evacuation Pause) 372M->374M(512M) 10.635ms
[2020-08-01T12:24:47.098+0300][74.611s][info ][gc] GC(3265) Pause Young (Normal) (G1 Evacuation Pause) 396M->397M(512M) 10.979ms
[2020-08-01T12:24:47.117+0300][74.630s][info ][gc] GC(3266) Pause Young (Normal) (G1 Evacuation Pause) 418M->419M(512M) 10.668ms
[2020-08-01T12:24:47.139+0300][74.652s][info ][gc] GC(3267) Pause Young (Normal) (G1 Evacuation Pause) 460M->462M(512M) 10.043ms
[2020-08-01T12:24:47.159+0300][74.672s][info ][gc] GC(3268) To-space exhausted
[2020-08-01T12:24:47.159+0300][74.672s][info ][gc] GC(3268) Pause Young (Normal) (G1 Evacuation Pause) 483M->486M(512M) 11.073ms
[2020-08-01T12:24:47.200+0300][74.713s][info ][gc] GC(3269) To-space exhausted
[2020-08-01T12:24:47.200+0300][74.713s][info ][gc] GC(3269) Pause Young (Normal) (G1 Evacuation Pause) 507M->509M(512M) 32.258ms
[2020-08-01T12:24:47.201+0300][74.714s][debug][gc] GC(3270) Clear Next Bitmap 0.410ms
[2020-08-01T12:24:47.254+0300][74.767s][info ][gc] GC(3270) Pause Full (G1 Evacuation Pause) 509M->81M(512M) 53.614ms
[2020-08-01T12:24:47.254+0300][74.767s][info ][gc] GC(3260) Concurrent Cycle 260.715ms
[2020-08-01T12:24:47.278+0300][74.791s][info ][gc] GC(3271) Pause Young (Normal) (G1 Evacuation Pause) 109M->110M(512M) 12.631ms
[2020-08-01T12:24:47.300+0300][74.813s][info ][gc] GC(3272) Pause Young (Normal) (G1 Evacuation Pause) 135M->136M(512M) 12.102ms
[2020-08-01T12:24:47.323+0300][74.836s][info ][gc] GC(3273) Pause Young (Normal) (G1 Evacuation Pause) 177M->179M(512M) 10.473ms
[2020-08-01T12:24:47.342+0300][74.855s][info ][gc] GC(3274) Pause Young (Normal) (G1 Evacuation Pause) 200M->202M(512M) 10.792ms
[2020-08-01T12:24:47.363+0300][74.876s][info ][gc] GC(3275) Pause Young (Normal) (G1 Evacuation Pause) 223M->224M(512M) 12.130ms
[2020-08-01T12:24:47.382+0300][74.895s][info ][gc] GC(3276) Pause Young (Normal) (G1 Evacuation Pause) 245M->247M(512M) 10.560ms
[2020-08-01T12:24:47.401+0300][74.914s][info ][gc] GC(3277) Pause Young (Concurrent Start) (G1 Evacuation Pause) 268M->269M(512M) 10.400ms
[2020-08-01T12:24:47.401+0300][74.914s][info ][gc] GC(3278) Concurrent Cycle
[2020-08-01T12:24:47.424+0300][74.937s][info ][gc] GC(3279) Pause Young (Normal) (G1 Evacuation Pause) 311M->313M(512M) 12.107ms
[2020-08-01T12:24:47.444+0300][74.957s][info ][gc] GC(3280) Pause Young (Normal) (G1 Evacuation Pause) 334M->335M(512M) 10.643ms
[2020-08-01T12:24:47.463+0300][74.976s][info ][gc] GC(3281) Pause Young (Normal) (G1 Evacuation Pause) 356M->357M(512M) 10.820ms
[2020-08-01T12:24:47.482+0300][74.995s][info ][gc] GC(3282) Pause Young (Normal) (G1 Evacuation Pause) 378M->379M(512M) 10.207ms
[2020-08-01T12:24:47.502+0300][75.015s][info ][gc] GC(3283) Pause Young (Normal) (G1 Evacuation Pause) 400M->402M(512M) 10.797ms
[2020-08-01T12:24:47.526+0300][75.039s][info ][gc] GC(3284) Pause Young (Normal) (G1 Evacuation Pause) 443M->444M(512M) 12.533ms
[2020-08-01T12:24:47.549+0300][75.062s][info ][gc] GC(3285) Pause Young (Normal) (G1 Evacuation Pause) 465M->467M(512M) 13.588ms
[2020-08-01T12:24:47.575+0300][75.088s][info ][gc] GC(3286) To-space exhausted
[2020-08-01T12:24:47.575+0300][75.088s][info ][gc] GC(3286) Pause Young (Normal) (G1 Evacuation Pause) 488M->495M(512M) 16.505ms
[2020-08-01T12:24:47.607+0300][75.120s][info ][gc] GC(3287) To-space exhausted
[2020-08-01T12:24:47.607+0300][75.120s][info ][gc] GC(3287) Pause Young (Normal) (G1 Evacuation Pause) 508M->508M(512M) 25.647ms
[2020-08-01T12:24:47.607+0300][75.120s][debug][gc] GC(3288) Clear Next Bitmap 0.307ms
[2020-08-01T12:24:47.654+0300][75.167s][info ][gc] GC(3288) Pause Full (G1 Evacuation Pause) 508M->77M(512M) 46.610ms
[2020-08-01T12:24:47.654+0300][75.167s][info ][gc] GC(3278) Concurrent Cycle 253.074ms
[2020-08-01T12:24:47.679+0300][75.192s][info ][gc] GC(3289) Pause Young (Normal) (G1 Evacuation Pause) 105M->105M(512M) 12.923ms
[2020-08-01T12:24:47.702+0300][75.215s][info ][gc] GC(3290) Pause Young (Normal) (G1 Evacuation Pause) 129M->130M(512M) 13.887ms
[2020-08-01T12:24:47.725+0300][75.238s][info ][gc] GC(3291) Pause Young (Normal) (G1 Evacuation Pause) 171M->172M(512M) 10.902ms
[2020-08-01T12:24:47.744+0300][75.257s][info ][gc] GC(3292) Pause Young (Normal) (G1 Evacuation Pause) 193M->194M(512M) 10.545ms
[2020-08-01T12:24:47.763+0300][75.276s][info ][gc] GC(3293) Pause Young (Normal) (G1 Evacuation Pause) 215M->217M(512M) 10.855ms
[2020-08-01T12:24:47.783+0300][75.295s][info ][gc] GC(3294) Pause Young (Normal) (G1 Evacuation Pause) 238M->239M(512M) 10.773ms
[2020-08-01T12:24:47.802+0300][75.315s][info ][gc] GC(3295) Pause Young (Concurrent Start) (G1 Evacuation Pause) 260M->262M(512M) 10.942ms
[2020-08-01T12:24:47.802+0300][75.315s][info ][gc] GC(3296) Concurrent Cycle
[2020-08-01T12:24:47.825+0300][75.338s][info ][gc] GC(3297) Pause Young (Normal) (G1 Evacuation Pause) 303M->304M(512M) 10.734ms
[2020-08-01T12:24:47.844+0300][75.357s][info ][gc] GC(3298) Pause Young (Normal) (G1 Evacuation Pause) 325M->327M(512M) 10.879ms
[2020-08-01T12:24:47.863+0300][75.376s][info ][gc] GC(3299) Pause Young (Normal) (G1 Evacuation Pause) 348M->349M(512M) 10.395ms
[2020-08-01T12:24:47.884+0300][75.397s][info ][gc] GC(3300) Pause Young (Normal) (G1 Evacuation Pause) 370M->372M(512M) 12.215ms
[2020-08-01T12:24:47.903+0300][75.416s][info ][gc] GC(3301) Pause Young (Normal) (G1 Evacuation Pause) 393M->394M(512M) 10.259ms
[2020-08-01T12:24:47.923+0300][75.436s][info ][gc] GC(3302) Pause Young (Normal) (G1 Evacuation Pause) 415M->417M(512M) 10.106ms
[2020-08-01T12:24:47.949+0300][75.462s][info ][gc] GC(3303) Pause Young (Normal) (G1 Evacuation Pause) 458M->459M(512M) 11.777ms
[2020-08-01T12:24:47.969+0300][75.482s][info ][gc] GC(3304) Pause Young (Normal) (G1 Evacuation Pause) 480M->482M(512M) 10.903ms
[2020-08-01T12:24:48.008+0300][75.521s][info ][gc] GC(3305) To-space exhausted
[2020-08-01T12:24:48.008+0300][75.521s][info ][gc] GC(3305) Pause Young (Normal) (G1 Evacuation Pause) 503M->508M(512M) 29.583ms
[2020-08-01T12:24:48.018+0300][75.530s][info ][gc] GC(3306) To-space exhausted
[2020-08-01T12:24:48.018+0300][75.531s][info ][gc] GC(3306) Pause Young (Normal) (G1 Evacuation Pause) 509M->509M(512M) 8.439ms
[2020-08-01T12:24:48.018+0300][75.531s][debug][gc] GC(3307) Clear Next Bitmap 0.350ms
[2020-08-01T12:24:48.066+0300][75.579s][info ][gc] GC(3307) Pause Full (G1 Evacuation Pause) 509M->79M(512M) 48.725ms
[2020-08-01T12:24:48.067+0300][75.580s][info ][gc] GC(3296) Concurrent Cycle 264.545ms
[2020-08-01T12:24:48.087+0300][75.600s][info ][gc] GC(3308) Pause Young (Normal) (G1 Evacuation Pause) 105M->105M(512M) 10.494ms
[2020-08-01T12:24:48.110+0300][75.623s][info ][gc] GC(3309) Pause Young (Normal) (G1 Evacuation Pause) 129M->130M(512M) 11.930ms
[2020-08-01T12:24:48.131+0300][75.644s][info ][gc] GC(3310) Pause Young (Normal) (G1 Evacuation Pause) 171M->173M(512M) 10.958ms
[2020-08-01T12:24:48.151+0300][75.664s][info ][gc] GC(3311) Pause Young (Normal) (G1 Evacuation Pause) 194M->195M(512M) 10.743ms
[2020-08-01T12:24:48.170+0300][75.683s][info ][gc] GC(3312) Pause Young (Normal) (G1 Evacuation Pause) 216M->217M(512M) 10.573ms
[2020-08-01T12:24:48.189+0300][75.702s][info ][gc] GC(3313) Pause Young (Normal) (G1 Evacuation Pause) 238M->239M(512M) 10.565ms
[2020-08-01T12:24:48.209+0300][75.722s][info ][gc] GC(3314) Pause Young (Concurrent Start) (G1 Evacuation Pause) 260M->262M(512M) 10.548ms
[2020-08-01T12:24:48.209+0300][75.722s][info ][gc] GC(3315) Concurrent Cycle
[2020-08-01T12:24:48.233+0300][75.745s][info ][gc] GC(3316) Pause Young (Normal) (G1 Evacuation Pause) 303M->304M(512M) 12.456ms
[2020-08-01T12:24:48.253+0300][75.766s][info ][gc] GC(3317) Pause Young (Normal) (G1 Evacuation Pause) 325M->327M(512M) 12.194ms
[2020-08-01T12:24:48.272+0300][75.785s][info ][gc] GC(3318) Pause Young (Normal) (G1 Evacuation Pause) 348M->349M(512M) 9.883ms
[2020-08-01T12:24:48.291+0300][75.804s][info ][gc] GC(3319) Pause Young (Normal) (G1 Evacuation Pause) 370M->372M(512M) 10.349ms
[2020-08-01T12:24:48.311+0300][75.823s][info ][gc] GC(3320) Pause Young (Normal) (G1 Evacuation Pause) 393M->394M(512M) 10.400ms
[2020-08-01T12:24:48.330+0300][75.843s][info ][gc] GC(3321) Pause Young (Normal) (G1 Evacuation Pause) 415M->416M(512M) 10.956ms
[2020-08-01T12:24:48.354+0300][75.867s][info ][gc] GC(3322) Pause Young (Normal) (G1 Evacuation Pause) 457M->458M(512M) 10.638ms
[2020-08-01T12:24:48.376+0300][75.889s][info ][gc] GC(3323) Pause Young (Normal) (G1 Evacuation Pause) 479M->480M(512M) 12.014ms
[2020-08-01T12:24:48.415+0300][75.928s][info ][gc] GC(3324) To-space exhausted
[2020-08-01T12:24:48.415+0300][75.928s][info ][gc] GC(3324) Pause Young (Normal) (G1 Evacuation Pause) 501M->508M(512M) 29.966ms
[2020-08-01T12:24:48.416+0300][75.929s][debug][gc] GC(3325) Clear Next Bitmap 0.390ms
[2020-08-01T12:24:48.463+0300][75.976s][info ][gc] GC(3325) Pause Full (G1 Evacuation Pause) 508M->78M(512M) 47.844ms
[2020-08-01T12:24:48.463+0300][75.976s][info ][gc] GC(3315) Concurrent Cycle 254.480ms
[2020-08-01T12:24:48.485+0300][75.998s][info ][gc] GC(3326) Pause Young (Normal) (G1 Evacuation Pause) 105M->106M(512M) 10.773ms
[2020-08-01T12:24:48.507+0300][76.020s][info ][gc] GC(3327) Pause Young (Normal) (G1 Evacuation Pause) 131M->133M(512M) 11.755ms
[2020-08-01T12:24:48.533+0300][76.046s][info ][gc] GC(3328) Pause Young (Normal) (G1 Evacuation Pause) 175M->176M(512M) 13.582ms
[2020-08-01T12:24:48.553+0300][76.066s][info ][gc] GC(3329) Pause Young (Normal) (G1 Evacuation Pause) 197M->198M(512M) 10.720ms
[2020-08-01T12:24:48.572+0300][76.085s][info ][gc] GC(3330) Pause Young (Normal) (G1 Evacuation Pause) 219M->221M(512M) 10.446ms
[2020-08-01T12:24:48.591+0300][76.104s][info ][gc] GC(3331) Pause Young (Normal) (G1 Evacuation Pause) 242M->243M(512M) 10.095ms
[2020-08-01T12:24:48.612+0300][76.125s][info ][gc] GC(3332) Pause Young (Concurrent Start) (G1 Evacuation Pause) 264M->265M(512M) 11.045ms
[2020-08-01T12:24:48.612+0300][76.125s][info ][gc] GC(3333) Concurrent Cycle
[2020-08-01T12:24:48.636+0300][76.148s][info ][gc] GC(3334) Pause Young (Normal) (G1 Evacuation Pause) 306M->308M(512M) 10.729ms
[2020-08-01T12:24:48.656+0300][76.168s][info ][gc] GC(3335) Pause Young (Normal) (G1 Evacuation Pause) 329M->330M(512M) 10.607ms
[2020-08-01T12:24:48.674+0300][76.187s][info ][gc] GC(3336) Pause Young (Normal) (G1 Evacuation Pause) 351M->353M(512M) 9.925ms
[2020-08-01T12:24:48.694+0300][76.207s][info ][gc] GC(3337) Pause Young (Normal) (G1 Evacuation Pause) 374M->375M(512M) 11.427ms
[2020-08-01T12:24:48.713+0300][76.226s][info ][gc] GC(3338) Pause Young (Normal) (G1 Evacuation Pause) 396M->398M(512M) 10.471ms
[2020-08-01T12:24:48.734+0300][76.247s][info ][gc] GC(3339) Pause Young (Normal) (G1 Evacuation Pause) 419M->420M(512M) 11.266ms
[2020-08-01T12:24:48.758+0300][76.271s][info ][gc] GC(3340) Pause Young (Normal) (G1 Evacuation Pause) 461M->462M(512M) 11.499ms
[2020-08-01T12:24:48.779+0300][76.291s][info ][gc] GC(3341) To-space exhausted
[2020-08-01T12:24:48.779+0300][76.292s][info ][gc] GC(3341) Pause Young (Normal) (G1 Evacuation Pause) 483M->486M(512M) 11.263ms
[2020-08-01T12:24:48.822+0300][76.335s][info ][gc] GC(3342) To-space exhausted
[2020-08-01T12:24:48.822+0300][76.335s][info ][gc] GC(3342) Pause Young (Normal) (G1 Evacuation Pause) 507M->508M(512M) 34.086ms
[2020-08-01T12:24:48.822+0300][76.335s][debug][gc] GC(3343) Clear Next Bitmap 0.336ms
[2020-08-01T12:24:48.871+0300][76.384s][info ][gc] GC(3343) Pause Full (G1 Evacuation Pause) 508M->81M(512M) 49.572ms
[2020-08-01T12:24:48.872+0300][76.385s][info ][gc] GC(3333) Concurrent Cycle 259.174ms
[2020-08-01T12:24:48.893+0300][76.406s][info ][gc] GC(3344) Pause Young (Normal) (G1 Evacuation Pause) 108M->108M(512M) 10.790ms
[2020-08-01T12:24:48.917+0300][76.430s][info ][gc] GC(3345) Pause Young (Normal) (G1 Evacuation Pause) 133M->135M(512M) 13.596ms
[2020-08-01T12:24:48.939+0300][76.452s][info ][gc] GC(3346) Pause Young (Normal) (G1 Evacuation Pause) 176M->177M(512M) 10.675ms
[2020-08-01T12:24:48.958+0300][76.471s][info ][gc] GC(3347) Pause Young (Normal) (G1 Evacuation Pause) 198M->199M(512M) 10.398ms
[2020-08-01T12:24:48.977+0300][76.490s][info ][gc] GC(3348) Pause Young (Normal) (G1 Evacuation Pause) 220M->222M(512M) 10.346ms
[2020-08-01T12:24:48.996+0300][76.509s][info ][gc] GC(3349) Pause Young (Normal) (G1 Evacuation Pause) 243M->244M(512M) 10.975ms
[2020-08-01T12:24:49.018+0300][76.531s][info ][gc] GC(3350) Pause Young (Concurrent Start) (G1 Evacuation Pause) 265M->266M(512M) 12.801ms
[2020-08-01T12:24:49.018+0300][76.531s][info ][gc] GC(3351) Concurrent Cycle
[2020-08-01T12:24:49.041+0300][76.554s][info ][gc] GC(3352) Pause Young (Normal) (G1 Evacuation Pause) 307M->308M(512M) 10.412ms
[2020-08-01T12:24:49.060+0300][76.573s][info ][gc] GC(3353) Pause Young (Normal) (G1 Evacuation Pause) 329M->331M(512M) 10.430ms
[2020-08-01T12:24:49.079+0300][76.592s][info ][gc] GC(3354) Pause Young (Normal) (G1 Evacuation Pause) 352M->353M(512M) 10.383ms
[2020-08-01T12:24:49.098+0300][76.611s][info ][gc] GC(3355) Pause Young (Normal) (G1 Evacuation Pause) 374M->375M(512M) 10.404ms
[2020-08-01T12:24:49.118+0300][76.631s][info ][gc] GC(3356) Pause Young (Normal) (G1 Evacuation Pause) 396M->398M(512M) 10.722ms
[2020-08-01T12:24:49.137+0300][76.650s][info ][gc] GC(3357) Pause Young (Normal) (G1 Evacuation Pause) 419M->420M(512M) 9.975ms
[2020-08-01T12:24:49.161+0300][76.674s][info ][gc] GC(3358) Pause Young (Normal) (G1 Evacuation Pause) 461M->463M(512M) 10.959ms
[2020-08-01T12:24:49.182+0300][76.695s][info ][gc] GC(3359) To-space exhausted
[2020-08-01T12:24:49.182+0300][76.695s][info ][gc] GC(3359) Pause Young (Normal) (G1 Evacuation Pause) 484M->487M(512M) 11.952ms
[2020-08-01T12:24:49.223+0300][76.736s][info ][gc] GC(3360) To-space exhausted
[2020-08-01T12:24:49.223+0300][76.736s][info ][gc] GC(3360) Pause Young (Normal) (G1 Evacuation Pause) 508M->510M(512M) 32.728ms
[2020-08-01T12:24:49.224+0300][76.737s][debug][gc] GC(3361) Clear Next Bitmap 0.309ms
[2020-08-01T12:24:49.275+0300][76.788s][info ][gc] GC(3361) Pause Full (G1 Evacuation Pause) 510M->82M(512M) 51.210ms
[2020-08-01T12:24:49.275+0300][76.788s][info ][gc] GC(3351) Concurrent Cycle 257.189ms
[2020-08-01T12:24:49.295+0300][76.808s][info ][gc] GC(3362) Pause Young (Normal) (G1 Evacuation Pause) 108M->109M(512M) 10.164ms
[2020-08-01T12:24:49.317+0300][76.830s][info ][gc] GC(3363) Pause Young (Normal) (G1 Evacuation Pause) 134M->135M(512M) 11.818ms
[2020-08-01T12:24:49.339+0300][76.852s][info ][gc] GC(3364) Pause Young (Normal) (G1 Evacuation Pause) 176M->178M(512M) 11.500ms
[2020-08-01T12:24:49.359+0300][76.872s][info ][gc] GC(3365) Pause Young (Normal) (G1 Evacuation Pause) 199M->200M(512M) 10.899ms
[2020-08-01T12:24:49.378+0300][76.891s][info ][gc] GC(3366) Pause Young (Normal) (G1 Evacuation Pause) 221M->223M(512M) 10.394ms
[2020-08-01T12:24:49.397+0300][76.910s][info ][gc] GC(3367) Pause Young (Normal) (G1 Evacuation Pause) 244M->245M(512M) 10.592ms
[2020-08-01T12:24:49.418+0300][76.931s][info ][gc] GC(3368) Pause Young (Concurrent Start) (G1 Evacuation Pause) 266M->268M(512M) 11.956ms
[2020-08-01T12:24:49.418+0300][76.931s][info ][gc] GC(3369) Concurrent Cycle
[2020-08-01T12:24:49.441+0300][76.954s][info ][gc] GC(3370) Pause Young (Normal) (G1 Evacuation Pause) 309M->311M(512M) 10.065ms
[2020-08-01T12:24:49.461+0300][76.974s][info ][gc] GC(3371) Pause Young (Normal) (G1 Evacuation Pause) 332M->333M(512M) 10.807ms
[2020-08-01T12:24:49.480+0300][76.992s][info ][gc] GC(3372) Pause Young (Normal) (G1 Evacuation Pause) 354M->355M(512M) 10.089ms
[2020-08-01T12:24:49.499+0300][77.011s][info ][gc] GC(3373) Pause Young (Normal) (G1 Evacuation Pause) 376M->377M(512M) 10.415ms
[2020-08-01T12:24:49.518+0300][77.031s][info ][gc] GC(3374) Pause Young (Normal) (G1 Evacuation Pause) 398M->400M(512M) 10.805ms
[2020-08-01T12:24:49.540+0300][77.053s][info ][gc] GC(3375) Pause Young (Normal) (G1 Evacuation Pause) 421M->422M(512M) 13.083ms
[2020-08-01T12:24:49.565+0300][77.078s][info ][gc] GC(3376) Pause Young (Normal) (G1 Evacuation Pause) 463M->464M(512M) 10.807ms
[2020-08-01T12:24:49.588+0300][77.101s][info ][gc] GC(3377) To-space exhausted
[2020-08-01T12:24:49.588+0300][77.101s][info ][gc] GC(3377) Pause Young (Normal) (G1 Evacuation Pause) 485M->492M(512M) 13.618ms
[2020-08-01T12:24:49.623+0300][77.136s][info ][gc] GC(3378) To-space exhausted
[2020-08-01T12:24:49.623+0300][77.136s][info ][gc] GC(3378) Pause Young (Normal) (G1 Evacuation Pause) 508M->508M(512M) 28.455ms
[2020-08-01T12:24:49.624+0300][77.137s][debug][gc] GC(3379) Clear Next Bitmap 0.434ms
[2020-08-01T12:24:49.672+0300][77.185s][info ][gc] GC(3379) Pause Full (G1 Evacuation Pause) 508M->77M(512M) 48.527ms
[2020-08-01T12:24:49.672+0300][77.185s][info ][gc] GC(3369) Concurrent Cycle 254.092ms
[2020-08-01T12:24:49.694+0300][77.206s][info ][gc] GC(3380) Pause Young (Normal) (G1 Evacuation Pause) 103M->104M(512M) 10.262ms
[2020-08-01T12:24:49.714+0300][77.227s][info ][gc] GC(3381) Pause Young (Normal) (G1 Evacuation Pause) 128M->129M(512M) 11.331ms
[2020-08-01T12:24:49.735+0300][77.248s][info ][gc] GC(3382) Pause Young (Normal) (G1 Evacuation Pause) 170M->171M(512M) 10.780ms
[2020-08-01T12:24:49.755+0300][77.268s][info ][gc] GC(3383) Pause Young (Normal) (G1 Evacuation Pause) 192M->193M(512M) 10.935ms
[2020-08-01T12:24:49.774+0300][77.286s][info ][gc] GC(3384) Pause Young (Normal) (G1 Evacuation Pause) 214M->216M(512M) 10.329ms
[2020-08-01T12:24:49.793+0300][77.306s][info ][gc] GC(3385) Pause Young (Normal) (G1 Evacuation Pause) 237M->238M(512M) 10.635ms
[2020-08-01T12:24:49.812+0300][77.324s][info ][gc] GC(3386) Pause Young (Concurrent Start) (G1 Evacuation Pause) 259M->260M(512M) 10.274ms
[2020-08-01T12:24:49.812+0300][77.324s][info ][gc] GC(3387) Concurrent Cycle
[2020-08-01T12:24:49.835+0300][77.348s][info ][gc] GC(3388) Pause Young (Normal) (G1 Evacuation Pause) 301M->302M(512M) 10.922ms
[2020-08-01T12:24:49.855+0300][77.368s][info ][gc] GC(3389) Pause Young (Normal) (G1 Evacuation Pause) 323M->324M(512M) 10.725ms
[2020-08-01T12:24:49.874+0300][77.387s][info ][gc] GC(3390) Pause Young (Normal) (G1 Evacuation Pause) 345M->347M(512M) 10.692ms
[2020-08-01T12:24:49.894+0300][77.407s][info ][gc] GC(3391) Pause Young (Normal) (G1 Evacuation Pause) 368M->370M(512M) 9.820ms
[2020-08-01T12:24:49.915+0300][77.427s][info ][gc] GC(3392) Pause Young (Normal) (G1 Evacuation Pause) 391M->392M(512M) 12.147ms
[2020-08-01T12:24:49.934+0300][77.447s][info ][gc] GC(3393) Pause Young (Normal) (G1 Evacuation Pause) 413M->414M(512M) 10.361ms
[2020-08-01T12:24:49.956+0300][77.468s][info ][gc] GC(3394) Pause Young (Normal) (G1 Evacuation Pause) 455M->456M(512M) 11.133ms
[2020-08-01T12:24:49.975+0300][77.488s][info ][gc] GC(3395) Pause Young (Normal) (G1 Evacuation Pause) 477M->478M(512M) 10.610ms
[2020-08-01T12:24:50.012+0300][77.524s][info ][gc] GC(3396) To-space exhausted
[2020-08-01T12:24:50.012+0300][77.525s][info ][gc] GC(3396) Pause Young (Normal) (G1 Evacuation Pause) 499M->505M(512M) 26.955ms
[2020-08-01T12:24:50.026+0300][77.539s][info ][gc] GC(3397) To-space exhausted
[2020-08-01T12:24:50.026+0300][77.539s][info ][gc] GC(3397) Pause Young (Normal) (G1 Evacuation Pause) 508M->508M(512M) 13.244ms
[2020-08-01T12:24:50.027+0300][77.540s][debug][gc] GC(3398) Clear Next Bitmap 0.416ms
[2020-08-01T12:24:50.081+0300][77.594s][info ][gc] GC(3398) Pause Full (G1 Evacuation Pause) 508M->80M(512M) 54.155ms
[2020-08-01T12:24:50.081+0300][77.594s][info ][gc] GC(3387) Concurrent Cycle 269.251ms
[2020-08-01T12:24:50.104+0300][77.617s][info ][gc] GC(3399) Pause Young (Normal) (G1 Evacuation Pause) 108M->108M(512M) 12.530ms
[2020-08-01T12:24:50.128+0300][77.641s][info ][gc] GC(3400) Pause Young (Normal) (G1 Evacuation Pause) 133M->135M(512M) 13.422ms
[2020-08-01T12:24:50.149+0300][77.662s][info ][gc] GC(3401) Pause Young (Normal) (G1 Evacuation Pause) 176M->177M(512M) 10.561ms
[2020-08-01T12:24:50.168+0300][77.681s][info ][gc] GC(3402) Pause Young (Normal) (G1 Evacuation Pause) 198M->200M(512M) 10.293ms
[2020-08-01T12:24:50.187+0300][77.700s][info ][gc] GC(3403) Pause Young (Normal) (G1 Evacuation Pause) 221M->222M(512M) 10.520ms
[2020-08-01T12:24:50.206+0300][77.719s][info ][gc] GC(3404) Pause Young (Normal) (G1 Evacuation Pause) 243M->245M(512M) 10.254ms
[2020-08-01T12:24:50.226+0300][77.739s][info ][gc] GC(3405) Pause Young (Concurrent Start) (G1 Evacuation Pause) 266M->267M(512M) 11.057ms
[2020-08-01T12:24:50.226+0300][77.739s][info ][gc] GC(3406) Concurrent Cycle
[2020-08-01T12:24:50.252+0300][77.765s][info ][gc] GC(3407) Pause Young (Normal) (G1 Evacuation Pause) 308M->310M(512M) 13.123ms
[2020-08-01T12:24:50.272+0300][77.785s][info ][gc] GC(3408) Pause Young (Normal) (G1 Evacuation Pause) 331M->333M(512M) 10.623ms
[2020-08-01T12:24:50.291+0300][77.804s][info ][gc] GC(3409) Pause Young (Normal) (G1 Evacuation Pause) 354M->355M(512M) 10.744ms
[2020-08-01T12:24:50.311+0300][77.824s][info ][gc] GC(3410) Pause Young (Normal) (G1 Evacuation Pause) 376M->377M(512M) 11.228ms
[2020-08-01T12:24:50.331+0300][77.844s][info ][gc] GC(3411) Pause Young (Normal) (G1 Evacuation Pause) 398M->400M(512M) 11.315ms
[2020-08-01T12:24:50.350+0300][77.863s][info ][gc] GC(3412) Pause Young (Normal) (G1 Evacuation Pause) 421M->422M(512M) 10.613ms
[2020-08-01T12:24:50.373+0300][77.886s][info ][gc] GC(3413) Pause Young (Normal) (G1 Evacuation Pause) 463M->464M(512M) 10.486ms
[2020-08-01T12:24:50.394+0300][77.907s][info ][gc] GC(3414) To-space exhausted
[2020-08-01T12:24:50.394+0300][77.907s][info ][gc] GC(3414) Pause Young (Normal) (G1 Evacuation Pause) 485M->488M(512M) 12.220ms
[2020-08-01T12:24:50.438+0300][77.951s][info ][gc] GC(3415) To-space exhausted
[2020-08-01T12:24:50.438+0300][77.951s][info ][gc] GC(3415) Pause Young (Normal) (G1 Evacuation Pause) 509M->509M(512M) 35.268ms
[2020-08-01T12:24:50.439+0300][77.952s][debug][gc] GC(3416) Clear Next Bitmap 0.260ms
[2020-08-01T12:24:50.494+0300][78.007s][info ][gc] GC(3416) Pause Full (G1 Evacuation Pause) 509M->82M(512M) 55.653ms
[2020-08-01T12:24:50.494+0300][78.007s][info ][gc] GC(3406) Concurrent Cycle 268.175ms
[2020-08-01T12:24:50.518+0300][78.031s][info ][gc] GC(3417) Pause Young (Normal) (G1 Evacuation Pause) 110M->110M(512M) 12.313ms
[2020-08-01T12:24:50.539+0300][78.051s][info ][gc] GC(3418) Pause Young (Normal) (G1 Evacuation Pause) 134M->135M(512M) 11.104ms
[2020-08-01T12:24:50.561+0300][78.074s][info ][gc] GC(3419) Pause Young (Normal) (G1 Evacuation Pause) 176M->178M(512M) 10.595ms
[2020-08-01T12:24:50.581+0300][78.094s][info ][gc] GC(3420) Pause Young (Normal) (G1 Evacuation Pause) 199M->200M(512M) 11.501ms
[2020-08-01T12:24:50.600+0300][78.113s][info ][gc] GC(3421) Pause Young (Normal) (G1 Evacuation Pause) 221M->222M(512M) 10.983ms
[2020-08-01T12:24:50.619+0300][78.132s][info ][gc] GC(3422) Pause Young (Normal) (G1 Evacuation Pause) 243M->244M(512M) 10.170ms
[2020-08-01T12:24:50.638+0300][78.151s][info ][gc] GC(3423) Pause Young (Concurrent Start) (G1 Evacuation Pause) 265M->266M(512M) 10.415ms
[2020-08-01T12:24:50.638+0300][78.151s][info ][gc] GC(3424) Concurrent Cycle
[2020-08-01T12:24:50.663+0300][78.176s][info ][gc] GC(3425) Pause Young (Normal) (G1 Evacuation Pause) 307M->309M(512M) 11.006ms
[2020-08-01T12:24:50.683+0300][78.196s][info ][gc] GC(3426) Pause Young (Normal) (G1 Evacuation Pause) 330M->331M(512M) 10.688ms
[2020-08-01T12:24:50.702+0300][78.215s][info ][gc] GC(3427) Pause Young (Normal) (G1 Evacuation Pause) 352M->353M(512M) 10.626ms
[2020-08-01T12:24:50.721+0300][78.234s][info ][gc] GC(3428) Pause Young (Normal) (G1 Evacuation Pause) 374M->376M(512M) 10.358ms
[2020-08-01T12:24:50.740+0300][78.253s][info ][gc] GC(3429) Pause Young (Normal) (G1 Evacuation Pause) 397M->398M(512M) 10.007ms
[2020-08-01T12:24:50.760+0300][78.273s][info ][gc] GC(3430) Pause Young (Normal) (G1 Evacuation Pause) 419M->421M(512M) 10.673ms
[2020-08-01T12:24:50.781+0300][78.293s][info ][gc] GC(3431) Pause Young (Normal) (G1 Evacuation Pause) 462M->464M(512M) 10.817ms
[2020-08-01T12:24:50.801+0300][78.314s][info ][gc] GC(3432) To-space exhausted
[2020-08-01T12:24:50.801+0300][78.314s][info ][gc] GC(3432) Pause Young (Normal) (G1 Evacuation Pause) 485M->487M(512M) 11.674ms
[2020-08-01T12:24:50.845+0300][78.358s][info ][gc] GC(3433) To-space exhausted
[2020-08-01T12:24:50.845+0300][78.358s][info ][gc] GC(3433) Pause Young (Normal) (G1 Evacuation Pause) 508M->509M(512M) 34.156ms
[2020-08-01T12:24:50.845+0300][78.358s][debug][gc] GC(3434) Clear Next Bitmap 0.308ms
[2020-08-01T12:24:50.904+0300][78.417s][info ][gc] GC(3434) Pause Full (G1 Evacuation Pause) 509M->83M(512M) 58.851ms
[2020-08-01T12:24:50.904+0300][78.417s][info ][gc] GC(3424) Concurrent Cycle 265.759ms
[2020-08-01T12:24:50.926+0300][78.439s][info ][gc] GC(3435) Pause Young (Normal) (G1 Evacuation Pause) 111M->112M(512M) 11.124ms
[2020-08-01T12:24:50.951+0300][78.464s][info ][gc] GC(3436) Pause Young (Normal) (G1 Evacuation Pause) 157M->159M(512M) 13.216ms
[2020-08-01T12:24:50.969+0300][78.482s][info ][gc] GC(3437) Pause Young (Normal) (G1 Evacuation Pause) 180M->182M(512M) 10.376ms
[2020-08-01T12:24:50.988+0300][78.501s][info ][gc] GC(3438) Pause Young (Normal) (G1 Evacuation Pause) 203M->204M(512M) 10.464ms
[2020-08-01T12:24:51.007+0300][78.520s][info ][gc] GC(3439) Pause Young (Normal) (G1 Evacuation Pause) 225M->226M(512M) 10.498ms
[2020-08-01T12:24:51.026+0300][78.539s][info ][gc] GC(3440) Pause Young (Normal) (G1 Evacuation Pause) 247M->249M(512M) 10.283ms
[2020-08-01T12:24:51.047+0300][78.559s][info ][gc] GC(3441) Pause Young (Concurrent Start) (G1 Evacuation Pause) 270M->272M(512M) 11.798ms
[2020-08-01T12:24:51.047+0300][78.560s][info ][gc] GC(3442) Concurrent Cycle
[2020-08-01T12:24:51.071+0300][78.584s][info ][gc] GC(3443) Pause Young (Normal) (G1 Evacuation Pause) 313M->314M(512M) 10.675ms
[2020-08-01T12:24:51.090+0300][78.603s][info ][gc] GC(3444) Pause Young (Normal) (G1 Evacuation Pause) 335M->337M(512M) 10.386ms
[2020-08-01T12:24:51.111+0300][78.624s][info ][gc] GC(3445) Pause Young (Normal) (G1 Evacuation Pause) 358M->359M(512M) 11.546ms
[2020-08-01T12:24:51.131+0300][78.643s][info ][gc] GC(3446) Pause Young (Normal) (G1 Evacuation Pause) 380M->381M(512M) 10.926ms
[2020-08-01T12:24:51.150+0300][78.663s][info ][gc] GC(3447) Pause Young (Normal) (G1 Evacuation Pause) 402M->404M(512M) 10.620ms
[2020-08-01T12:24:51.173+0300][78.686s][info ][gc] GC(3448) Pause Young (Normal) (G1 Evacuation Pause) 445M->446M(512M) 10.885ms
[2020-08-01T12:24:51.193+0300][78.705s][info ][gc] GC(3449) Pause Young (Normal) (G1 Evacuation Pause) 467M->469M(512M) 10.305ms
[2020-08-01T12:24:51.220+0300][78.733s][info ][gc] GC(3450) To-space exhausted
[2020-08-01T12:24:51.220+0300][78.733s][info ][gc] GC(3450) Pause Young (Normal) (G1 Evacuation Pause) 490M->497M(512M) 18.555ms
[2020-08-01T12:24:51.250+0300][78.763s][info ][gc] GC(3451) To-space exhausted
[2020-08-01T12:24:51.250+0300][78.763s][info ][gc] GC(3451) Pause Young (Normal) (G1 Evacuation Pause) 508M->508M(512M) 24.460ms
[2020-08-01T12:24:51.250+0300][78.763s][debug][gc] GC(3452) Clear Next Bitmap 0.222ms
[2020-08-01T12:24:51.300+0300][78.813s][info ][gc] GC(3452) Pause Full (G1 Evacuation Pause) 508M->76M(512M) 49.874ms
[2020-08-01T12:24:51.300+0300][78.813s][info ][gc] GC(3442) Concurrent Cycle 253.354ms
[2020-08-01T12:24:51.321+0300][78.834s][info ][gc] GC(3453) Pause Young (Normal) (G1 Evacuation Pause) 103M->103M(512M) 10.615ms
[2020-08-01T12:24:51.345+0300][78.858s][info ][gc] GC(3454) Pause Young (Normal) (G1 Evacuation Pause) 129M->130M(512M) 13.121ms
[2020-08-01T12:24:51.368+0300][78.881s][info ][gc] GC(3455) Pause Young (Normal) (G1 Evacuation Pause) 171M->172M(512M) 11.348ms
[2020-08-01T12:24:51.387+0300][78.900s][info ][gc] GC(3456) Pause Young (Normal) (G1 Evacuation Pause) 193M->194M(512M) 10.701ms
[2020-08-01T12:24:51.406+0300][78.919s][info ][gc] GC(3457) Pause Young (Normal) (G1 Evacuation Pause) 215M->216M(512M) 10.595ms
[2020-08-01T12:24:51.425+0300][78.938s][info ][gc] GC(3458) Pause Young (Normal) (G1 Evacuation Pause) 237M->239M(512M) 10.766ms
[2020-08-01T12:24:51.445+0300][78.958s][info ][gc] GC(3459) Pause Young (Concurrent Start) (G1 Evacuation Pause) 260M->261M(512M) 11.330ms
[2020-08-01T12:24:51.445+0300][78.958s][info ][gc] GC(3460) Concurrent Cycle
[2020-08-01T12:24:51.468+0300][78.981s][info ][gc] GC(3461) Pause Young (Normal) (G1 Evacuation Pause) 302M->304M(512M) 10.185ms
[2020-08-01T12:24:51.488+0300][79.001s][info ][gc] GC(3462) Pause Young (Normal) (G1 Evacuation Pause) 325M->327M(512M) 10.553ms
[2020-08-01T12:24:51.507+0300][79.020s][info ][gc] GC(3463) Pause Young (Normal) (G1 Evacuation Pause) 348M->350M(512M) 10.353ms
[2020-08-01T12:24:51.528+0300][79.041s][info ][gc] GC(3464) Pause Young (Normal) (G1 Evacuation Pause) 371M->372M(512M) 11.397ms
[2020-08-01T12:24:51.551+0300][79.064s][info ][gc] GC(3465) Pause Young (Normal) (G1 Evacuation Pause) 394M->395M(512M) 12.124ms
[2020-08-01T12:24:51.571+0300][79.084s][info ][gc] GC(3466) Pause Young (Normal) (G1 Evacuation Pause) 416M->417M(512M) 10.618ms
[2020-08-01T12:24:51.594+0300][79.107s][info ][gc] GC(3467) Pause Young (Normal) (G1 Evacuation Pause) 458M->460M(512M) 10.530ms
[2020-08-01T12:24:51.614+0300][79.127s][info ][gc] GC(3468) Pause Young (Normal) (G1 Evacuation Pause) 481M->481M(512M) 10.918ms
[2020-08-01T12:24:51.651+0300][79.164s][info ][gc] GC(3469) To-space exhausted
[2020-08-01T12:24:51.651+0300][79.164s][info ][gc] GC(3469) Pause Young (Normal) (G1 Evacuation Pause) 502M->507M(512M) 28.463ms
[2020-08-01T12:24:51.654+0300][79.167s][debug][gc] GC(3460) Reclaimed 127 empty regions
[2020-08-01T12:24:51.654+0300][79.167s][info ][gc] GC(3460) Pause Remark 507M->383M(512M) 0.793ms
[2020-08-01T12:24:51.679+0300][79.192s][info ][gc] GC(3470) Pause Young (Normal) (G1 Evacuation Pause) 404M->405M(512M) 12.416ms
[2020-08-01T12:24:51.709+0300][79.222s][info ][gc] GC(3471) Pause Young (Normal) (G1 Evacuation Pause) 426M->427M(512M) 10.854ms
[2020-08-01T12:24:51.743+0300][79.256s][info ][gc] GC(3472) Pause Young (Normal) (G1 Evacuation Pause) 468M->470M(512M) 12.274ms
[2020-08-01T12:24:51.775+0300][79.288s][info ][gc] GC(3473) To-space exhausted
[2020-08-01T12:24:51.775+0300][79.288s][info ][gc] GC(3473) Pause Young (Normal) (G1 Evacuation Pause) 491M->498M(512M) 15.248ms
[2020-08-01T12:24:51.812+0300][79.325s][info ][gc] GC(3474) To-space exhausted
[2020-08-01T12:24:51.812+0300][79.325s][info ][gc] GC(3474) Pause Young (Normal) (G1 Evacuation Pause) 511M->511M(512M) 24.703ms
[2020-08-01T12:24:51.813+0300][79.326s][debug][gc] GC(3475) Clear Next Bitmap 0.324ms
[2020-08-01T12:24:51.851+0300][79.364s][info ][gc] GC(3475) Pause Full (G1 Evacuation Pause) 511M->62M(512M) 38.179ms
[2020-08-01T12:24:51.851+0300][79.364s][info ][gc] GC(3460) Concurrent Cycle 405.348ms
[2020-08-01T12:24:51.873+0300][79.386s][info ][gc] GC(3476) Pause Young (Normal) (G1 Evacuation Pause) 88M->89M(512M) 12.242ms
[2020-08-01T12:24:51.895+0300][79.408s][info ][gc] GC(3477) Pause Young (Normal) (G1 Evacuation Pause) 113M->114M(512M) 11.987ms
[2020-08-01T12:24:51.914+0300][79.427s][info ][gc] GC(3478) Pause Young (Normal) (G1 Evacuation Pause) 135M->137M(512M) 10.616ms
[2020-08-01T12:24:51.937+0300][79.450s][info ][gc] GC(3479) Pause Young (Normal) (G1 Evacuation Pause) 178M->179M(512M) 10.667ms
[2020-08-01T12:24:51.957+0300][79.470s][info ][gc] GC(3480) Pause Young (Normal) (G1 Evacuation Pause) 200M->202M(512M) 11.346ms
[2020-08-01T12:24:51.976+0300][79.489s][info ][gc] GC(3481) Pause Young (Normal) (G1 Evacuation Pause) 223M->224M(512M) 10.250ms
[2020-08-01T12:24:51.995+0300][79.508s][info ][gc] GC(3482) Pause Young (Normal) (G1 Evacuation Pause) 245M->247M(512M) 10.689ms
[2020-08-01T12:24:52.014+0300][79.527s][info ][gc] GC(3483) Pause Young (Concurrent Start) (G1 Evacuation Pause) 268M->269M(512M) 10.551ms
[2020-08-01T12:24:52.014+0300][79.527s][info ][gc] GC(3484) Concurrent Cycle
[2020-08-01T12:24:52.038+0300][79.551s][info ][gc] GC(3485) Pause Young (Normal) (G1 Evacuation Pause) 310M->312M(512M) 11.555ms
[2020-08-01T12:24:52.058+0300][79.571s][info ][gc] GC(3486) Pause Young (Normal) (G1 Evacuation Pause) 333M->334M(512M) 10.690ms
[2020-08-01T12:24:52.077+0300][79.590s][info ][gc] GC(3487) Pause Young (Normal) (G1 Evacuation Pause) 355M->356M(512M) 10.447ms
[2020-08-01T12:24:52.096+0300][79.609s][info ][gc] GC(3488) Pause Young (Normal) (G1 Evacuation Pause) 377M->378M(512M) 10.412ms
[2020-08-01T12:24:52.116+0300][79.629s][info ][gc] GC(3489) Pause Young (Normal) (G1 Evacuation Pause) 399M->401M(512M) 10.714ms
[2020-08-01T12:24:52.136+0300][79.649s][info ][gc] GC(3490) Pause Young (Normal) (G1 Evacuation Pause) 422M->423M(512M) 11.046ms
[2020-08-01T12:24:52.163+0300][79.675s][info ][gc] GC(3491) Pause Young (Normal) (G1 Evacuation Pause) 464M->466M(512M) 10.482ms
[2020-08-01T12:24:52.186+0300][79.699s][info ][gc] GC(3492) To-space exhausted
[2020-08-01T12:24:52.186+0300][79.699s][info ][gc] GC(3492) Pause Young (Normal) (G1 Evacuation Pause) 487M->495M(512M) 14.971ms
[2020-08-01T12:24:52.217+0300][79.730s][info ][gc] GC(3493) To-space exhausted
[2020-08-01T12:24:52.217+0300][79.730s][info ][gc] GC(3493) Pause Young (Normal) (G1 Evacuation Pause) 508M->508M(512M) 23.951ms
[2020-08-01T12:24:52.217+0300][79.730s][debug][gc] GC(3494) Clear Next Bitmap 0.315ms
[2020-08-01T12:24:52.265+0300][79.778s][info ][gc] GC(3494) Pause Full (G1 Evacuation Pause) 508M->75M(512M) 48.279ms
[2020-08-01T12:24:52.265+0300][79.778s][info ][gc] GC(3484) Concurrent Cycle 250.961ms
[2020-08-01T12:24:52.287+0300][79.799s][info ][gc] GC(3495) Pause Young (Normal) (G1 Evacuation Pause) 102M->102M(512M) 10.619ms
[2020-08-01T12:24:52.309+0300][79.822s][info ][gc] GC(3496) Pause Young (Normal) (G1 Evacuation Pause) 127M->129M(512M) 12.058ms
[2020-08-01T12:24:52.332+0300][79.845s][info ][gc] GC(3497) Pause Young (Normal) (G1 Evacuation Pause) 170M->171M(512M) 12.467ms
[2020-08-01T12:24:52.352+0300][79.864s][info ][gc] GC(3498) Pause Young (Normal) (G1 Evacuation Pause) 192M->194M(512M) 11.228ms
[2020-08-01T12:24:52.371+0300][79.884s][info ][gc] GC(3499) Pause Young (Normal) (G1 Evacuation Pause) 215M->217M(512M) 10.573ms
[2020-08-01T12:24:52.390+0300][79.903s][info ][gc] GC(3500) Pause Young (Normal) (G1 Evacuation Pause) 238M->239M(512M) 10.382ms
[2020-08-01T12:24:52.409+0300][79.922s][info ][gc] GC(3501) Pause Young (Concurrent Start) (G1 Evacuation Pause) 260M->262M(512M) 10.404ms
[2020-08-01T12:24:52.409+0300][79.922s][info ][gc] GC(3502) Concurrent Cycle
[2020-08-01T12:24:52.433+0300][79.946s][info ][gc] GC(3503) Pause Young (Normal) (G1 Evacuation Pause) 303M->304M(512M) 11.359ms
[2020-08-01T12:24:52.452+0300][79.965s][info ][gc] GC(3504) Pause Young (Normal) (G1 Evacuation Pause) 325M->327M(512M) 10.416ms
[2020-08-01T12:24:52.471+0300][79.984s][info ][gc] GC(3505) Pause Young (Normal) (G1 Evacuation Pause) 348M->349M(512M) 10.287ms
[2020-08-01T12:24:52.490+0300][80.003s][info ][gc] GC(3506) Pause Young (Normal) (G1 Evacuation Pause) 370M->372M(512M) 10.186ms
[2020-08-01T12:24:52.510+0300][80.023s][info ][gc] GC(3507) Pause Young (Normal) (G1 Evacuation Pause) 393M->395M(512M) 10.599ms
[2020-08-01T12:24:52.531+0300][80.044s][info ][gc] GC(3508) Pause Young (Normal) (G1 Evacuation Pause) 416M->417M(512M) 12.060ms
[2020-08-01T12:24:52.559+0300][80.072s][info ][gc] GC(3509) Pause Young (Normal) (G1 Evacuation Pause) 458M->459M(512M) 14.521ms
[2020-08-01T12:24:52.582+0300][80.095s][info ][gc] GC(3510) Pause Young (Normal) (G1 Evacuation Pause) 480M->481M(512M) 12.105ms
[2020-08-01T12:24:52.590+0300][80.103s][debug][gc] GC(3502) Reclaimed 128 empty regions
[2020-08-01T12:24:52.590+0300][80.103s][info ][gc] GC(3502) Pause Remark 499M->374M(512M) 0.681ms
[2020-08-01T12:24:52.603+0300][80.116s][info ][gc] GC(3511) Pause Young (Normal) (G1 Evacuation Pause) 377M->379M(512M) 11.129ms
[2020-08-01T12:24:52.631+0300][80.144s][info ][gc] GC(3512) Pause Young (Normal) (G1 Evacuation Pause) 400M->401M(512M) 10.427ms
[2020-08-01T12:24:52.659+0300][80.172s][info ][gc] GC(3513) Pause Young (Normal) (G1 Evacuation Pause) 422M->423M(512M) 11.297ms
[2020-08-01T12:24:52.692+0300][80.205s][info ][gc] GC(3514) Pause Young (Normal) (G1 Evacuation Pause) 464M->465M(512M) 10.925ms
[2020-08-01T12:24:52.720+0300][80.233s][info ][gc] GC(3515) To-space exhausted
[2020-08-01T12:24:52.720+0300][80.233s][info ][gc] GC(3515) Pause Young (Normal) (G1 Evacuation Pause) 486M->489M(512M) 11.791ms
[2020-08-01T12:24:52.771+0300][80.284s][info ][gc] GC(3516) To-space exhausted
[2020-08-01T12:24:52.771+0300][80.284s][info ][gc] GC(3516) Pause Young (Normal) (G1 Evacuation Pause) 510M->511M(512M) 34.726ms
[2020-08-01T12:24:52.772+0300][80.285s][debug][gc] GC(3517) Clear Next Bitmap 0.292ms
[2020-08-01T12:24:52.813+0300][80.326s][info ][gc] GC(3517) Pause Full (G1 Evacuation Pause) 511M->66M(512M) 42.092ms
[2020-08-01T12:24:52.814+0300][80.327s][info ][gc] GC(3502) Concurrent Cycle 404.239ms
[2020-08-01T12:24:52.835+0300][80.348s][info ][gc] GC(3518) Pause Young (Normal) (G1 Evacuation Pause) 92M->92M(512M) 11.172ms
[2020-08-01T12:24:52.857+0300][80.370s][info ][gc] GC(3519) Pause Young (Normal) (G1 Evacuation Pause) 116M->117M(512M) 11.944ms
[2020-08-01T12:24:52.879+0300][80.392s][info ][gc] GC(3520) Pause Young (Normal) (G1 Evacuation Pause) 158M->160M(512M) 11.423ms
[2020-08-01T12:24:52.899+0300][80.412s][info ][gc] GC(3521) Pause Young (Normal) (G1 Evacuation Pause) 181M->183M(512M) 11.164ms
[2020-08-01T12:24:52.918+0300][80.431s][info ][gc] GC(3522) Pause Young (Normal) (G1 Evacuation Pause) 204M->205M(512M) 11.019ms
[2020-08-01T12:24:52.937+0300][80.450s][info ][gc] GC(3523) Pause Young (Normal) (G1 Evacuation Pause) 226M->227M(512M) 10.137ms
[2020-08-01T12:24:52.956+0300][80.469s][info ][gc] GC(3524) Pause Young (Normal) (G1 Evacuation Pause) 248M->250M(512M) 10.516ms
[2020-08-01T12:24:52.975+0300][80.488s][info ][gc] GC(3525) Pause Young (Concurrent Start) (G1 Evacuation Pause) 271M->272M(512M) 10.183ms
[2020-08-01T12:24:52.975+0300][80.488s][info ][gc] GC(3526) Concurrent Cycle
[2020-08-01T12:24:52.998+0300][80.511s][info ][gc] GC(3527) Pause Young (Normal) (G1 Evacuation Pause) 313M->315M(512M) 11.206ms
[2020-08-01T12:24:53.020+0300][80.532s][info ][gc] GC(3528) Pause Young (Normal) (G1 Evacuation Pause) 336M->338M(512M) 12.113ms
[2020-08-01T12:24:53.039+0300][80.552s][info ][gc] GC(3529) Pause Young (Normal) (G1 Evacuation Pause) 359M->360M(512M) 10.678ms
[2020-08-01T12:24:53.058+0300][80.571s][info ][gc] GC(3530) Pause Young (Normal) (G1 Evacuation Pause) 381M->383M(512M) 10.497ms
[2020-08-01T12:24:53.077+0300][80.590s][info ][gc] GC(3531) Pause Young (Normal) (G1 Evacuation Pause) 404M->405M(512M) 10.227ms
[2020-08-01T12:24:53.101+0300][80.614s][info ][gc] GC(3532) Pause Young (Normal) (G1 Evacuation Pause) 446M->448M(512M) 10.917ms
[2020-08-01T12:24:53.120+0300][80.633s][info ][gc] GC(3533) Pause Young (Normal) (G1 Evacuation Pause) 469M->470M(512M) 10.283ms
[2020-08-01T12:24:53.151+0300][80.663s][info ][gc] GC(3534) To-space exhausted
[2020-08-01T12:24:53.151+0300][80.664s][info ][gc] GC(3534) Pause Young (Normal) (G1 Evacuation Pause) 491M->498M(512M) 21.776ms
[2020-08-01T12:24:53.178+0300][80.691s][info ][gc] GC(3535) To-space exhausted
[2020-08-01T12:24:53.178+0300][80.691s][info ][gc] GC(3535) Pause Young (Normal) (G1 Evacuation Pause) 507M->507M(512M) 20.374ms
[2020-08-01T12:24:53.178+0300][80.691s][debug][gc] GC(3536) Clear Next Bitmap 0.403ms
[2020-08-01T12:24:53.226+0300][80.739s][info ][gc] GC(3536) Pause Full (G1 Evacuation Pause) 507M->74M(512M) 47.764ms
[2020-08-01T12:24:53.226+0300][80.739s][info ][gc] GC(3526) Concurrent Cycle 250.836ms
[2020-08-01T12:24:53.249+0300][80.762s][info ][gc] GC(3537) Pause Young (Normal) (G1 Evacuation Pause) 102M->102M(512M) 12.224ms
[2020-08-01T12:24:53.273+0300][80.785s][info ][gc] GC(3538) Pause Young (Normal) (G1 Evacuation Pause) 127M->129M(512M) 13.180ms
[2020-08-01T12:24:53.293+0300][80.806s][info ][gc] GC(3539) Pause Young (Normal) (G1 Evacuation Pause) 170M->171M(512M) 10.986ms
[2020-08-01T12:24:53.312+0300][80.825s][info ][gc] GC(3540) Pause Young (Normal) (G1 Evacuation Pause) 192M->194M(512M) 10.565ms
[2020-08-01T12:24:53.333+0300][80.846s][info ][gc] GC(3541) Pause Young (Normal) (G1 Evacuation Pause) 215M->216M(512M) 12.316ms
[2020-08-01T12:24:53.352+0300][80.865s][info ][gc] GC(3542) Pause Young (Normal) (G1 Evacuation Pause) 237M->239M(512M) 10.516ms
[2020-08-01T12:24:53.372+0300][80.885s][info ][gc] GC(3543) Pause Young (Concurrent Start) (G1 Evacuation Pause) 260M->261M(512M) 10.712ms
[2020-08-01T12:24:53.372+0300][80.885s][info ][gc] GC(3544) Concurrent Cycle
[2020-08-01T12:24:53.396+0300][80.909s][info ][gc] GC(3545) Pause Young (Normal) (G1 Evacuation Pause) 302M->303M(512M) 10.540ms
[2020-08-01T12:24:53.416+0300][80.929s][info ][gc] GC(3546) Pause Young (Normal) (G1 Evacuation Pause) 324M->326M(512M) 11.063ms
[2020-08-01T12:24:53.436+0300][80.949s][info ][gc] GC(3547) Pause Young (Normal) (G1 Evacuation Pause) 347M->349M(512M) 11.030ms
[2020-08-01T12:24:53.457+0300][80.970s][info ][gc] GC(3548) Pause Young (Normal) (G1 Evacuation Pause) 370M->372M(512M) 11.973ms
[2020-08-01T12:24:53.476+0300][80.989s][info ][gc] GC(3549) Pause Young (Normal) (G1 Evacuation Pause) 393M->394M(512M) 10.474ms
[2020-08-01T12:24:53.495+0300][81.008s][info ][gc] GC(3550) Pause Young (Normal) (G1 Evacuation Pause) 415M->416M(512M) 10.417ms
[2020-08-01T12:24:53.517+0300][81.030s][info ][gc] GC(3551) Pause Young (Normal) (G1 Evacuation Pause) 457M->459M(512M) 10.566ms
[2020-08-01T12:24:53.537+0300][81.050s][info ][gc] GC(3552) Pause Young (Normal) (G1 Evacuation Pause) 480M->482M(512M) 10.419ms
[2020-08-01T12:24:53.577+0300][81.090s][info ][gc] GC(3553) To-space exhausted
[2020-08-01T12:24:53.577+0300][81.090s][info ][gc] GC(3553) Pause Young (Normal) (G1 Evacuation Pause) 503M->508M(512M) 30.827ms
[2020-08-01T12:24:53.587+0300][81.100s][info ][gc] GC(3554) To-space exhausted
[2020-08-01T12:24:53.587+0300][81.100s][info ][gc] GC(3554) Pause Young (Normal) (G1 Evacuation Pause) 509M->509M(512M) 6.556ms
[2020-08-01T12:24:53.587+0300][81.100s][debug][gc] GC(3555) Clear Next Bitmap 0.537ms
[2020-08-01T12:24:53.643+0300][81.156s][info ][gc] GC(3555) Pause Full (G1 Evacuation Pause) 509M->77M(512M) 56.001ms
[2020-08-01T12:24:53.643+0300][81.156s][info ][gc] GC(3544) Concurrent Cycle 271.082ms
[2020-08-01T12:24:53.666+0300][81.179s][info ][gc] GC(3556) Pause Young (Normal) (G1 Evacuation Pause) 104M->104M(512M) 12.319ms
[2020-08-01T12:24:53.689+0300][81.202s][info ][gc] GC(3557) Pause Young (Normal) (G1 Evacuation Pause) 129M->131M(512M) 11.951ms
[2020-08-01T12:24:53.711+0300][81.224s][info ][gc] GC(3558) Pause Young (Normal) (G1 Evacuation Pause) 172M->174M(512M) 10.785ms
[2020-08-01T12:24:53.729+0300][81.242s][info ][gc] GC(3559) Pause Young (Normal) (G1 Evacuation Pause) 195M->197M(512M) 10.179ms
[2020-08-01T12:24:53.748+0300][81.261s][info ][gc] GC(3560) Pause Young (Normal) (G1 Evacuation Pause) 218M->219M(512M) 10.656ms
[2020-08-01T12:24:53.767+0300][81.280s][info ][gc] GC(3561) Pause Young (Normal) (G1 Evacuation Pause) 240M->241M(512M) 10.422ms
[2020-08-01T12:24:53.786+0300][81.299s][info ][gc] GC(3562) Pause Young (Concurrent Start) (G1 Evacuation Pause) 262M->263M(512M) 10.566ms
[2020-08-01T12:24:53.786+0300][81.299s][info ][gc] GC(3563) Concurrent Cycle
[2020-08-01T12:24:53.810+0300][81.323s][info ][gc] GC(3564) Pause Young (Normal) (G1 Evacuation Pause) 304M->306M(512M) 11.103ms
[2020-08-01T12:24:53.831+0300][81.344s][info ][gc] GC(3565) Pause Young (Normal) (G1 Evacuation Pause) 327M->328M(512M) 10.919ms
[2020-08-01T12:24:53.851+0300][81.364s][info ][gc] GC(3566) Pause Young (Normal) (G1 Evacuation Pause) 349M->351M(512M) 10.951ms
[2020-08-01T12:24:53.870+0300][81.383s][info ][gc] GC(3567) Pause Young (Normal) (G1 Evacuation Pause) 372M->373M(512M) 10.429ms
[2020-08-01T12:24:53.890+0300][81.403s][info ][gc] GC(3568) Pause Young (Normal) (G1 Evacuation Pause) 394M->396M(512M) 10.528ms
[2020-08-01T12:24:53.909+0300][81.422s][info ][gc] GC(3569) Pause Young (Normal) (G1 Evacuation Pause) 417M->418M(512M) 10.364ms
[2020-08-01T12:24:53.933+0300][81.446s][info ][gc] GC(3570) Pause Young (Normal) (G1 Evacuation Pause) 459M->460M(512M) 11.001ms
[2020-08-01T12:24:53.952+0300][81.465s][info ][gc] GC(3571) Pause Young (Normal) (G1 Evacuation Pause) 481M->483M(512M) 10.496ms
[2020-08-01T12:24:53.990+0300][81.502s][info ][gc] GC(3572) To-space exhausted
[2020-08-01T12:24:53.990+0300][81.503s][info ][gc] GC(3572) Pause Young (Normal) (G1 Evacuation Pause) 504M->508M(512M) 28.837ms
[2020-08-01T12:24:53.993+0300][81.506s][debug][gc] GC(3563) Reclaimed 115 empty regions
[2020-08-01T12:24:53.993+0300][81.506s][info ][gc] GC(3563) Pause Remark 509M->396M(512M) 0.618ms
[2020-08-01T12:24:54.015+0300][81.528s][info ][gc] GC(3573) Pause Young (Normal) (G1 Evacuation Pause) 418M->419M(512M) 10.965ms
[2020-08-01T12:24:54.043+0300][81.556s][info ][gc] GC(3574) Pause Young (Normal) (G1 Evacuation Pause) 440M->441M(512M) 10.499ms
[2020-08-01T12:24:54.065+0300][81.578s][info ][gc] GC(3575) Pause Young (Normal) (G1 Humongous Allocation) 455M->457M(512M) 8.642ms
[2020-08-01T12:24:54.065+0300][81.578s][debug][gc] GC(3576) Clear Next Bitmap 0.377ms
[2020-08-01T12:24:54.070+0300][81.583s][info ][gc] GC(3576) Pause Full (G1 Humongous Allocation) 457M->2M(512M) 5.361ms
[2020-08-01T12:24:54.071+0300][81.583s][info ][gc] GC(3563) Concurrent Cycle 284.261ms
[2020-08-01T12:24:54.093+0300][81.606s][info ][gc] GC(3577) Pause Young (Normal) (G1 Evacuation Pause) 47M->48M(512M) 10.889ms
[2020-08-01T12:24:54.114+0300][81.627s][info ][gc] GC(3578) Pause Young (Normal) (G1 Evacuation Pause) 72M->73M(512M) 11.732ms
[2020-08-01T12:24:54.133+0300][81.646s][info ][gc] GC(3579) Pause Young (Normal) (G1 Evacuation Pause) 94M->95M(512M) 10.678ms
[2020-08-01T12:24:54.152+0300][81.665s][info ][gc] GC(3580) Pause Young (Normal) (G1 Evacuation Pause) 116M->117M(512M) 10.365ms
[2020-08-01T12:24:54.171+0300][81.684s][info ][gc] GC(3581) Pause Young (Normal) (G1 Evacuation Pause) 138M->140M(512M) 10.542ms
[2020-08-01T12:24:54.195+0300][81.708s][info ][gc] GC(3582) Pause Young (Normal) (G1 Evacuation Pause) 181M->182M(512M) 10.631ms
[2020-08-01T12:24:54.215+0300][81.728s][info ][gc] GC(3583) Pause Young (Normal) (G1 Evacuation Pause) 203M->204M(512M) 11.043ms
[2020-08-01T12:24:54.234+0300][81.747s][info ][gc] GC(3584) Pause Young (Normal) (G1 Evacuation Pause) 225M->227M(512M) 10.824ms
[2020-08-01T12:24:54.253+0300][81.766s][info ][gc] GC(3585) Pause Young (Normal) (G1 Evacuation Pause) 248M->249M(512M) 10.665ms
[2020-08-01T12:24:54.273+0300][81.786s][info ][gc] GC(3586) Pause Young (Concurrent Start) (G1 Evacuation Pause) 270M->272M(512M) 10.771ms
[2020-08-01T12:24:54.273+0300][81.786s][info ][gc] GC(3587) Concurrent Cycle
[2020-08-01T12:24:54.296+0300][81.809s][info ][gc] GC(3588) Pause Young (Normal) (G1 Evacuation Pause) 313M->314M(512M) 10.302ms
[2020-08-01T12:24:54.315+0300][81.828s][info ][gc] GC(3589) Pause Young (Normal) (G1 Evacuation Pause) 335M->336M(512M) 10.483ms
[2020-08-01T12:24:54.336+0300][81.849s][info ][gc] GC(3590) Pause Young (Normal) (G1 Evacuation Pause) 357M->358M(512M) 12.086ms
[2020-08-01T12:24:54.355+0300][81.868s][info ][gc] GC(3591) Pause Young (Normal) (G1 Evacuation Pause) 379M->381M(512M) 10.241ms
[2020-08-01T12:24:54.374+0300][81.887s][info ][gc] GC(3592) Pause Young (Normal) (G1 Evacuation Pause) 402M->403M(512M) 10.333ms
[2020-08-01T12:24:54.393+0300][81.906s][info ][gc] GC(3593) Pause Young (Normal) (G1 Evacuation Pause) 424M->426M(512M) 10.151ms
[2020-08-01T12:24:54.418+0300][81.931s][info ][gc] GC(3594) Pause Young (Normal) (G1 Evacuation Pause) 467M->468M(512M) 11.298ms
[2020-08-01T12:24:54.446+0300][81.959s][info ][gc] GC(3595) To-space exhausted
[2020-08-01T12:24:54.446+0300][81.959s][info ][gc] GC(3595) Pause Young (Normal) (G1 Evacuation Pause) 489M->497M(512M) 18.170ms
[2020-08-01T12:24:54.473+0300][81.986s][info ][gc] GC(3596) To-space exhausted
[2020-08-01T12:24:54.473+0300][81.986s][info ][gc] GC(3596) Pause Young (Normal) (G1 Evacuation Pause) 508M->508M(512M) 22.481ms
[2020-08-01T12:24:54.474+0300][81.987s][debug][gc] GC(3597) Clear Next Bitmap 0.412ms
[2020-08-01T12:24:54.519+0300][82.032s][info ][gc] GC(3597) Pause Full (G1 Evacuation Pause) 508M->73M(512M) 45.455ms
[2020-08-01T12:24:54.519+0300][82.032s][info ][gc] GC(3587) Concurrent Cycle 246.351ms
[2020-08-01T12:24:54.542+0300][82.055s][info ][gc] GC(3598) Pause Young (Normal) (G1 Evacuation Pause) 101M->101M(512M) 11.585ms
[2020-08-01T12:24:54.563+0300][82.076s][info ][gc] GC(3599) Pause Young (Normal) (G1 Evacuation Pause) 126M->127M(512M) 11.596ms
[2020-08-01T12:24:54.587+0300][82.100s][info ][gc] GC(3600) Pause Young (Normal) (G1 Evacuation Pause) 169M->170M(512M) 12.847ms
[2020-08-01T12:24:54.606+0300][82.119s][info ][gc] GC(3601) Pause Young (Normal) (G1 Evacuation Pause) 191M->192M(512M) 10.587ms
[2020-08-01T12:24:54.626+0300][82.139s][info ][gc] GC(3602) Pause Young (Normal) (G1 Evacuation Pause) 213M->215M(512M) 10.653ms
[2020-08-01T12:24:54.645+0300][82.158s][info ][gc] GC(3603) Pause Young (Normal) (G1 Evacuation Pause) 236M->238M(512M) 10.510ms
[2020-08-01T12:24:54.667+0300][82.180s][info ][gc] GC(3604) Pause Young (Concurrent Start) (G1 Evacuation Pause) 259M->260M(512M) 12.506ms
[2020-08-01T12:24:54.667+0300][82.180s][info ][gc] GC(3605) Concurrent Cycle
[2020-08-01T12:24:54.694+0300][82.207s][info ][gc] GC(3606) Pause Young (Normal) (G1 Evacuation Pause) 301M->302M(512M) 12.469ms
[2020-08-01T12:24:54.714+0300][82.227s][info ][gc] GC(3607) Pause Young (Normal) (G1 Evacuation Pause) 323M->325M(512M) 10.707ms
[2020-08-01T12:24:54.733+0300][82.246s][info ][gc] GC(3608) Pause Young (Normal) (G1 Evacuation Pause) 346M->347M(512M) 10.211ms
[2020-08-01T12:24:54.752+0300][82.265s][info ][gc] GC(3609) Pause Young (Normal) (G1 Evacuation Pause) 368M->370M(512M) 10.114ms
[2020-08-01T12:24:54.771+0300][82.284s][info ][gc] GC(3610) Pause Young (Normal) (G1 Evacuation Pause) 391M->392M(512M) 10.125ms
[2020-08-01T12:24:54.790+0300][82.303s][info ][gc] GC(3611) Pause Young (Normal) (G1 Evacuation Pause) 413M->414M(512M) 10.458ms
[2020-08-01T12:24:54.813+0300][82.326s][info ][gc] GC(3612) Pause Young (Normal) (G1 Evacuation Pause) 455M->457M(512M) 11.045ms
[2020-08-01T12:24:54.832+0300][82.345s][info ][gc] GC(3613) Pause Young (Normal) (G1 Evacuation Pause) 478M->480M(512M) 10.488ms
[2020-08-01T12:24:54.869+0300][82.382s][info ][gc] GC(3614) To-space exhausted
[2020-08-01T12:24:54.869+0300][82.382s][info ][gc] GC(3614) Pause Young (Normal) (G1 Evacuation Pause) 501M->507M(512M) 27.974ms
[2020-08-01T12:24:54.873+0300][82.386s][debug][gc] GC(3605) Reclaimed 126 empty regions
[2020-08-01T12:24:54.873+0300][82.386s][info ][gc] GC(3605) Pause Remark 508M->385M(512M) 0.761ms
[2020-08-01T12:24:54.893+0300][82.406s][info ][gc] GC(3615) Pause Young (Normal) (G1 Evacuation Pause) 406M->407M(512M) 10.792ms
[2020-08-01T12:24:54.917+0300][82.430s][info ][gc] GC(3616) Pause Young (Normal) (G1 Evacuation Pause) 428M->430M(512M) 10.642ms
[2020-08-01T12:24:54.949+0300][82.462s][info ][gc] GC(3617) Pause Young (Normal) (G1 Evacuation Pause) 471M->473M(512M) 11.490ms
[2020-08-01T12:24:54.985+0300][82.498s][info ][gc] GC(3618) To-space exhausted
[2020-08-01T12:24:54.985+0300][82.498s][info ][gc] GC(3618) Pause Young (Normal) (G1 Evacuation Pause) 494M->502M(512M) 19.652ms
[2020-08-01T12:24:55.018+0300][82.531s][info ][gc] GC(3619) To-space exhausted
[2020-08-01T12:24:55.018+0300][82.531s][info ][gc] GC(3619) Pause Young (Normal) (G1 Evacuation Pause) 511M->511M(512M) 21.126ms
[2020-08-01T12:24:55.019+0300][82.532s][debug][gc] GC(3620) Clear Next Bitmap 0.541ms
[2020-08-01T12:24:55.055+0300][82.568s][info ][gc] GC(3620) Pause Full (G1 Evacuation Pause) 511M->55M(512M) 37.056ms
[2020-08-01T12:24:55.056+0300][82.569s][info ][gc] GC(3605) Concurrent Cycle 388.416ms
[2020-08-01T12:24:55.076+0300][82.589s][info ][gc] GC(3621) Pause Young (Normal) (G1 Evacuation Pause) 81M->82M(512M) 10.263ms
[2020-08-01T12:24:55.098+0300][82.610s][info ][gc] GC(3622) Pause Young (Normal) (G1 Evacuation Pause) 106M->107M(512M) 11.650ms
[2020-08-01T12:24:55.117+0300][82.630s][info ][gc] GC(3623) Pause Young (Normal) (G1 Evacuation Pause) 128M->129M(512M) 10.779ms
[2020-08-01T12:24:55.138+0300][82.651s][info ][gc] GC(3624) Pause Young (Normal) (G1 Evacuation Pause) 170M->171M(512M) 10.359ms
[2020-08-01T12:24:55.157+0300][82.670s][info ][gc] GC(3625) Pause Young (Normal) (G1 Evacuation Pause) 192M->194M(512M) 10.546ms
[2020-08-01T12:24:55.176+0300][82.688s][info ][gc] GC(3626) Pause Young (Normal) (G1 Evacuation Pause) 215M->216M(512M) 9.840ms
[2020-08-01T12:24:55.195+0300][82.707s][info ][gc] GC(3627) Pause Young (Normal) (G1 Evacuation Pause) 237M->239M(512M) 10.463ms
[2020-08-01T12:24:55.214+0300][82.726s][info ][gc] GC(3628) Pause Young (Concurrent Start) (G1 Evacuation Pause) 260M->261M(512M) 10.631ms
[2020-08-01T12:24:55.214+0300][82.727s][info ][gc] GC(3629) Concurrent Cycle
[2020-08-01T12:24:55.237+0300][82.750s][info ][gc] GC(3630) Pause Young (Normal) (G1 Evacuation Pause) 302M->304M(512M) 11.074ms
[2020-08-01T12:24:55.257+0300][82.770s][info ][gc] GC(3631) Pause Young (Normal) (G1 Evacuation Pause) 325M->326M(512M) 10.884ms
[2020-08-01T12:24:55.276+0300][82.789s][info ][gc] GC(3632) Pause Young (Normal) (G1 Evacuation Pause) 347M->348M(512M) 10.357ms
[2020-08-01T12:24:55.296+0300][82.809s][info ][gc] GC(3633) Pause Young (Normal) (G1 Evacuation Pause) 369M->370M(512M) 10.756ms
[2020-08-01T12:24:55.316+0300][82.829s][info ][gc] GC(3634) Pause Young (Normal) (G1 Evacuation Pause) 391M->392M(512M) 10.796ms
[2020-08-01T12:24:55.337+0300][82.850s][info ][gc] GC(3635) Pause Young (Normal) (G1 Evacuation Pause) 413M->414M(512M) 12.148ms
[2020-08-01T12:24:55.362+0300][82.875s][info ][gc] GC(3636) Pause Young (Normal) (G1 Evacuation Pause) 455M->456M(512M) 11.396ms
[2020-08-01T12:24:55.381+0300][82.894s][info ][gc] GC(3637) Pause Young (Normal) (G1 Evacuation Pause) 477M->478M(512M) 10.714ms
[2020-08-01T12:24:55.416+0300][82.929s][info ][gc] GC(3638) To-space exhausted
[2020-08-01T12:24:55.416+0300][82.929s][info ][gc] GC(3638) Pause Young (Normal) (G1 Evacuation Pause) 499M->504M(512M) 26.148ms
[2020-08-01T12:24:55.431+0300][82.944s][info ][gc] GC(3639) To-space exhausted
[2020-08-01T12:24:55.431+0300][82.944s][info ][gc] GC(3639) Pause Young (Normal) (G1 Evacuation Pause) 508M->508M(512M) 13.481ms
[2020-08-01T12:24:55.432+0300][82.944s][debug][gc] GC(3640) Clear Next Bitmap 0.342ms
[2020-08-01T12:24:55.482+0300][82.995s][info ][gc] GC(3640) Pause Full (G1 Evacuation Pause) 508M->80M(512M) 50.385ms
[2020-08-01T12:24:55.482+0300][82.995s][info ][gc] GC(3629) Pause Remark 80M->80M(512M) 0.002ms
[2020-08-01T12:24:55.482+0300][82.995s][info ][gc] GC(3629) Concurrent Cycle 268.403ms
[2020-08-01T12:24:55.505+0300][83.018s][info ][gc] GC(3641) Pause Young (Normal) (G1 Evacuation Pause) 108M->108M(512M) 11.720ms
[2020-08-01T12:24:55.527+0300][83.040s][info ][gc] GC(3642) Pause Young (Normal) (G1 Evacuation Pause) 133M->134M(512M) 12.029ms
[2020-08-01T12:24:55.549+0300][83.062s][info ][gc] GC(3643) Pause Young (Normal) (G1 Evacuation Pause) 175M->176M(512M) 10.994ms
[2020-08-01T12:24:55.571+0300][83.084s][info ][gc] GC(3644) Pause Young (Normal) (G1 Evacuation Pause) 197M->198M(512M) 12.931ms
[2020-08-01T12:24:55.590+0300][83.103s][info ][gc] GC(3645) Pause Young (Normal) (G1 Evacuation Pause) 219M->221M(512M) 10.062ms
[2020-08-01T12:24:55.609+0300][83.122s][info ][gc] GC(3646) Pause Young (Normal) (G1 Evacuation Pause) 242M->244M(512M) 10.272ms
[2020-08-01T12:24:55.629+0300][83.141s][info ][gc] GC(3647) Pause Young (Concurrent Start) (G1 Evacuation Pause) 265M->266M(512M) 10.927ms
[2020-08-01T12:24:55.629+0300][83.142s][info ][gc] GC(3648) Concurrent Cycle
[2020-08-01T12:24:55.650+0300][83.163s][info ][gc] GC(3649) Pause Young (Normal) (G1 Evacuation Pause) 307M->308M(512M) 11.042ms
[2020-08-01T12:24:55.671+0300][83.184s][info ][gc] GC(3650) Pause Young (Normal) (G1 Evacuation Pause) 329M->330M(512M) 10.537ms
[2020-08-01T12:24:55.690+0300][83.203s][info ][gc] GC(3651) Pause Young (Normal) (G1 Evacuation Pause) 351M->353M(512M) 10.655ms
[2020-08-01T12:24:55.711+0300][83.224s][info ][gc] GC(3652) Pause Young (Normal) (G1 Evacuation Pause) 374M->376M(512M) 11.843ms
[2020-08-01T12:24:55.731+0300][83.244s][info ][gc] GC(3653) Pause Young (Normal) (G1 Evacuation Pause) 397M->398M(512M) 10.683ms
[2020-08-01T12:24:55.753+0300][83.266s][info ][gc] GC(3654) Pause Young (Normal) (G1 Evacuation Pause) 419M->421M(512M) 11.884ms
[2020-08-01T12:24:55.777+0300][83.290s][info ][gc] GC(3655) Pause Young (Normal) (G1 Evacuation Pause) 462M->463M(512M) 10.401ms
[2020-08-01T12:24:55.798+0300][83.311s][info ][gc] GC(3656) To-space exhausted
[2020-08-01T12:24:55.798+0300][83.311s][info ][gc] GC(3656) Pause Young (Normal) (G1 Evacuation Pause) 484M->491M(512M) 11.981ms
[2020-08-01T12:24:55.836+0300][83.349s][info ][gc] GC(3657) To-space exhausted
[2020-08-01T12:24:55.836+0300][83.349s][info ][gc] GC(3657) Pause Young (Normal) (G1 Evacuation Pause) 509M->509M(512M) 30.068ms
[2020-08-01T12:24:55.836+0300][83.349s][debug][gc] GC(3658) Clear Next Bitmap 0.329ms
[2020-08-01T12:24:55.884+0300][83.397s][info ][gc] GC(3658) Pause Full (G1 Evacuation Pause) 509M->79M(512M) 47.999ms
[2020-08-01T12:24:55.884+0300][83.397s][info ][gc] GC(3648) Concurrent Cycle 255.609ms
[2020-08-01T12:24:55.907+0300][83.420s][info ][gc] GC(3659) Pause Young (Normal) (G1 Evacuation Pause) 105M->105M(512M) 12.645ms
[2020-08-01T12:24:55.929+0300][83.442s][info ][gc] GC(3660) Pause Young (Normal) (G1 Evacuation Pause) 128M->129M(512M) 12.543ms
[2020-08-01T12:24:55.952+0300][83.465s][info ][gc] GC(3661) Pause Young (Normal) (G1 Evacuation Pause) 170M->171M(512M) 12.188ms
[2020-08-01T12:24:55.971+0300][83.484s][info ][gc] GC(3662) Pause Young (Normal) (G1 Evacuation Pause) 192M->194M(512M) 10.846ms
[2020-08-01T12:24:55.990+0300][83.503s][info ][gc] GC(3663) Pause Young (Normal) (G1 Evacuation Pause) 215M->217M(512M) 10.251ms
[2020-08-01T12:24:56.009+0300][83.522s][info ][gc] GC(3664) Pause Young (Normal) (G1 Evacuation Pause) 238M->239M(512M) 10.443ms
[2020-08-01T12:24:56.028+0300][83.541s][info ][gc] GC(3665) Pause Young (Concurrent Start) (G1 Evacuation Pause) 260M->262M(512M) 10.473ms
[2020-08-01T12:24:56.028+0300][83.541s][info ][gc] GC(3666) Concurrent Cycle
[2020-08-01T12:24:56.051+0300][83.564s][info ][gc] GC(3667) Pause Young (Normal) (G1 Evacuation Pause) 303M->304M(512M) 10.339ms
[2020-08-01T12:24:56.070+0300][83.583s][info ][gc] GC(3668) Pause Young (Normal) (G1 Evacuation Pause) 325M->326M(512M) 10.442ms
[2020-08-01T12:24:56.089+0300][83.602s][info ][gc] GC(3669) Pause Young (Normal) (G1 Evacuation Pause) 347M->349M(512M) 10.126ms
[2020-08-01T12:24:56.107+0300][83.620s][info ][gc] GC(3670) Pause Young (Normal) (G1 Evacuation Pause) 370M->371M(512M) 10.023ms
[2020-08-01T12:24:56.128+0300][83.641s][info ][gc] GC(3671) Pause Young (Normal) (G1 Evacuation Pause) 392M->393M(512M) 11.678ms
[2020-08-01T12:24:56.148+0300][83.661s][info ][gc] GC(3672) Pause Young (Normal) (G1 Evacuation Pause) 414M->415M(512M) 10.798ms
[2020-08-01T12:24:56.170+0300][83.683s][info ][gc] GC(3673) Pause Young (Normal) (G1 Evacuation Pause) 456M->457M(512M) 9.986ms
[2020-08-01T12:24:56.190+0300][83.702s][info ][gc] GC(3674) Pause Young (Normal) (G1 Evacuation Pause) 478M->480M(512M) 10.029ms
[2020-08-01T12:24:56.227+0300][83.740s][info ][gc] GC(3675) To-space exhausted
[2020-08-01T12:24:56.227+0300][83.740s][info ][gc] GC(3675) Pause Young (Normal) (G1 Evacuation Pause) 501M->507M(512M) 28.520ms
[2020-08-01T12:24:56.237+0300][83.750s][info ][gc] GC(3676) To-space exhausted
[2020-08-01T12:24:56.238+0300][83.750s][info ][gc] GC(3676) Pause Young (Normal) (G1 Evacuation Pause) 509M->509M(512M) 8.750ms
[2020-08-01T12:24:56.238+0300][83.751s][debug][gc] GC(3677) Clear Next Bitmap 0.362ms
[2020-08-01T12:24:56.286+0300][83.799s][info ][gc] GC(3677) Pause Full (G1 Evacuation Pause) 509M->79M(512M) 48.462ms
[2020-08-01T12:24:56.286+0300][83.799s][info ][gc] GC(3666) Concurrent Cycle 257.888ms
[2020-08-01T12:24:56.307+0300][83.820s][info ][gc] GC(3678) Pause Young (Normal) (G1 Evacuation Pause) 106M->106M(512M) 10.214ms
[2020-08-01T12:24:56.329+0300][83.842s][info ][gc] GC(3679) Pause Young (Normal) (G1 Evacuation Pause) 131M->132M(512M) 11.849ms
[2020-08-01T12:24:56.352+0300][83.865s][info ][gc] GC(3680) Pause Young (Normal) (G1 Evacuation Pause) 173M->175M(512M) 10.375ms
[2020-08-01T12:24:56.371+0300][83.884s][info ][gc] GC(3681) Pause Young (Normal) (G1 Evacuation Pause) 196M->198M(512M) 10.491ms
[2020-08-01T12:24:56.391+0300][83.904s][info ][gc] GC(3682) Pause Young (Normal) (G1 Evacuation Pause) 219M->220M(512M) 10.923ms
[2020-08-01T12:24:56.411+0300][83.924s][info ][gc] GC(3683) Pause Young (Normal) (G1 Evacuation Pause) 241M->242M(512M) 10.343ms
[2020-08-01T12:24:56.430+0300][83.943s][info ][gc] GC(3684) Pause Young (Concurrent Start) (G1 Evacuation Pause) 263M->264M(512M) 11.287ms
[2020-08-01T12:24:56.431+0300][83.943s][info ][gc] GC(3685) Concurrent Cycle
[2020-08-01T12:24:56.455+0300][83.968s][info ][gc] GC(3686) Pause Young (Normal) (G1 Evacuation Pause) 305M->306M(512M) 10.899ms
[2020-08-01T12:24:56.474+0300][83.987s][info ][gc] GC(3687) Pause Young (Normal) (G1 Evacuation Pause) 327M->329M(512M) 10.260ms
[2020-08-01T12:24:56.493+0300][84.006s][info ][gc] GC(3688) Pause Young (Normal) (G1 Evacuation Pause) 350M->351M(512M) 10.118ms
[2020-08-01T12:24:56.512+0300][84.025s][info ][gc] GC(3689) Pause Young (Normal) (G1 Evacuation Pause) 372M->374M(512M) 10.388ms
[2020-08-01T12:24:56.532+0300][84.045s][info ][gc] GC(3690) Pause Young (Normal) (G1 Evacuation Pause) 395M->396M(512M) 11.582ms
[2020-08-01T12:24:56.553+0300][84.066s][info ][gc] GC(3691) Pause Young (Normal) (G1 Evacuation Pause) 417M->419M(512M) 11.481ms
[2020-08-01T12:24:56.578+0300][84.091s][info ][gc] GC(3692) Pause Young (Normal) (G1 Evacuation Pause) 460M->462M(512M) 11.510ms
[2020-08-01T12:24:56.602+0300][84.115s][info ][gc] GC(3693) To-space exhausted
[2020-08-01T12:24:56.602+0300][84.115s][info ][gc] GC(3693) Pause Young (Normal) (G1 Evacuation Pause) 483M->488M(512M) 15.131ms
[2020-08-01T12:24:56.646+0300][84.159s][info ][gc] GC(3694) To-space exhausted
[2020-08-01T12:24:56.646+0300][84.159s][info ][gc] GC(3694) Pause Young (Normal) (G1 Evacuation Pause) 508M->508M(512M) 33.698ms
[2020-08-01T12:24:56.647+0300][84.160s][debug][gc] GC(3695) Clear Next Bitmap 0.486ms
[2020-08-01T12:24:56.697+0300][84.209s][info ][gc] GC(3695) Pause Full (G1 Evacuation Pause) 508M->79M(512M) 50.264ms
[2020-08-01T12:24:56.697+0300][84.210s][info ][gc] GC(3685) Concurrent Cycle 266.215ms
[2020-08-01T12:24:56.721+0300][84.234s][info ][gc] GC(3696) Pause Young (Normal) (G1 Evacuation Pause) 106M->107M(512M) 12.518ms
[2020-08-01T12:24:56.743+0300][84.256s][info ][gc] GC(3697) Pause Young (Normal) (G1 Evacuation Pause) 132M->133M(512M) 11.957ms
[2020-08-01T12:24:56.765+0300][84.278s][info ][gc] GC(3698) Pause Young (Normal) (G1 Evacuation Pause) 174M->175M(512M) 11.078ms
[2020-08-01T12:24:56.784+0300][84.297s][info ][gc] GC(3699) Pause Young (Normal) (G1 Evacuation Pause) 196M->197M(512M) 10.719ms
[2020-08-01T12:24:56.803+0300][84.316s][info ][gc] GC(3700) Pause Young (Normal) (G1 Evacuation Pause) 218M->220M(512M) 10.622ms
[2020-08-01T12:24:56.822+0300][84.335s][info ][gc] GC(3701) Pause Young (Normal) (G1 Evacuation Pause) 241M->242M(512M) 9.969ms
[2020-08-01T12:24:56.840+0300][84.353s][info ][gc] GC(3702) Pause Young (Concurrent Start) (G1 Evacuation Pause) 263M->264M(512M) 9.879ms
[2020-08-01T12:24:56.840+0300][84.353s][info ][gc] GC(3703) Concurrent Cycle
[2020-08-01T12:24:56.864+0300][84.377s][info ][gc] GC(3704) Pause Young (Normal) (G1 Evacuation Pause) 305M->307M(512M) 10.845ms
[2020-08-01T12:24:56.884+0300][84.397s][info ][gc] GC(3705) Pause Young (Normal) (G1 Evacuation Pause) 328M->329M(512M) 10.799ms
[2020-08-01T12:24:56.903+0300][84.416s][info ][gc] GC(3706) Pause Young (Normal) (G1 Evacuation Pause) 350M->351M(512M) 10.611ms
[2020-08-01T12:24:56.923+0300][84.436s][info ][gc] GC(3707) Pause Young (Normal) (G1 Evacuation Pause) 372M->374M(512M) 10.780ms
[2020-08-01T12:24:56.943+0300][84.455s][info ][gc] GC(3708) Pause Young (Normal) (G1 Evacuation Pause) 395M->396M(512M) 10.548ms
[2020-08-01T12:24:56.962+0300][84.475s][info ][gc] GC(3709) Pause Young (Normal) (G1 Evacuation Pause) 417M->419M(512M) 10.950ms
[2020-08-01T12:24:56.985+0300][84.498s][info ][gc] GC(3710) Pause Young (Normal) (G1 Evacuation Pause) 460M->461M(512M) 10.444ms
[2020-08-01T12:24:57.006+0300][84.519s][info ][gc] GC(3711) To-space exhausted
[2020-08-01T12:24:57.006+0300][84.519s][info ][gc] GC(3711) Pause Young (Normal) (G1 Evacuation Pause) 482M->485M(512M) 11.007ms
[2020-08-01T12:24:57.047+0300][84.560s][info ][gc] GC(3712) To-space exhausted
[2020-08-01T12:24:57.047+0300][84.560s][info ][gc] GC(3712) Pause Young (Normal) (G1 Evacuation Pause) 506M->508M(512M) 32.662ms
[2020-08-01T12:24:57.048+0300][84.561s][debug][gc] GC(3713) Clear Next Bitmap 0.303ms
[2020-08-01T12:24:57.097+0300][84.610s][info ][gc] GC(3713) Pause Full (G1 Evacuation Pause) 508M->81M(512M) 49.455ms
[2020-08-01T12:24:57.097+0300][84.610s][info ][gc] GC(3703) Concurrent Cycle 256.813ms
[2020-08-01T12:24:57.120+0300][84.633s][info ][gc] GC(3714) Pause Young (Normal) (G1 Evacuation Pause) 109M->109M(512M) 12.194ms
[2020-08-01T12:24:57.143+0300][84.655s][info ][gc] GC(3715) Pause Young (Normal) (G1 Evacuation Pause) 134M->136M(512M) 12.016ms
[2020-08-01T12:24:57.163+0300][84.676s][info ][gc] GC(3716) Pause Young (Normal) (G1 Evacuation Pause) 177M->179M(512M) 10.734ms
[2020-08-01T12:24:57.182+0300][84.695s][info ][gc] GC(3717) Pause Young (Normal) (G1 Evacuation Pause) 200M->201M(512M) 10.458ms
[2020-08-01T12:24:57.201+0300][84.714s][info ][gc] GC(3718) Pause Young (Normal) (G1 Evacuation Pause) 222M->223M(512M) 10.674ms
[2020-08-01T12:24:57.221+0300][84.734s][info ][gc] GC(3719) Pause Young (Normal) (G1 Evacuation Pause) 244M->246M(512M) 10.745ms
[2020-08-01T12:24:57.241+0300][84.754s][info ][gc] GC(3720) Pause Young (Concurrent Start) (G1 Evacuation Pause) 267M->268M(512M) 11.097ms
[2020-08-01T12:24:57.241+0300][84.754s][info ][gc] GC(3721) Concurrent Cycle
[2020-08-01T12:24:57.265+0300][84.778s][info ][gc] GC(3722) Pause Young (Normal) (G1 Evacuation Pause) 309M->311M(512M) 11.539ms
[2020-08-01T12:24:57.284+0300][84.797s][info ][gc] GC(3723) Pause Young (Normal) (G1 Evacuation Pause) 332M->333M(512M) 10.419ms
[2020-08-01T12:24:57.303+0300][84.816s][info ][gc] GC(3724) Pause Young (Normal) (G1 Evacuation Pause) 354M->355M(512M) 10.316ms
[2020-08-01T12:24:57.322+0300][84.835s][info ][gc] GC(3725) Pause Young (Normal) (G1 Evacuation Pause) 376M->377M(512M) 10.171ms
[2020-08-01T12:24:57.342+0300][84.855s][info ][gc] GC(3726) Pause Young (Normal) (G1 Evacuation Pause) 398M->400M(512M) 11.268ms
[2020-08-01T12:24:57.362+0300][84.875s][info ][gc] GC(3727) Pause Young (Normal) (G1 Evacuation Pause) 421M->422M(512M) 10.698ms
[2020-08-01T12:24:57.384+0300][84.897s][info ][gc] GC(3728) Pause Young (Normal) (G1 Evacuation Pause) 463M->465M(512M) 10.633ms
[2020-08-01T12:24:57.407+0300][84.920s][info ][gc] GC(3729) To-space exhausted
[2020-08-01T12:24:57.407+0300][84.920s][info ][gc] GC(3729) Pause Young (Normal) (G1 Evacuation Pause) 486M->493M(512M) 13.825ms
[2020-08-01T12:24:57.443+0300][84.956s][info ][gc] GC(3730) To-space exhausted
[2020-08-01T12:24:57.444+0300][84.956s][info ][gc] GC(3730) Pause Young (Normal) (G1 Evacuation Pause) 508M->508M(512M) 29.300ms
[2020-08-01T12:24:57.444+0300][84.957s][debug][gc] GC(3731) Clear Next Bitmap 0.228ms
[2020-08-01T12:24:57.493+0300][85.006s][info ][gc] GC(3731) Pause Full (G1 Evacuation Pause) 508M->77M(512M) 49.618ms
[2020-08-01T12:24:57.494+0300][85.006s][info ][gc] GC(3721) Concurrent Cycle 252.571ms
[2020-08-01T12:24:57.517+0300][85.030s][info ][gc] GC(3732) Pause Young (Normal) (G1 Evacuation Pause) 105M->106M(512M) 12.467ms
[2020-08-01T12:24:57.538+0300][85.051s][info ][gc] GC(3733) Pause Young (Normal) (G1 Evacuation Pause) 131M->132M(512M) 11.246ms
[2020-08-01T12:24:57.559+0300][85.072s][info ][gc] GC(3734) Pause Young (Normal) (G1 Evacuation Pause) 173M->174M(512M) 10.129ms
[2020-08-01T12:24:57.579+0300][85.092s][info ][gc] GC(3735) Pause Young (Normal) (G1 Evacuation Pause) 195M->197M(512M) 11.676ms
[2020-08-01T12:24:57.600+0300][85.113s][info ][gc] GC(3736) Pause Young (Normal) (G1 Evacuation Pause) 218M->219M(512M) 12.583ms
[2020-08-01T12:24:57.619+0300][85.132s][info ][gc] GC(3737) Pause Young (Normal) (G1 Evacuation Pause) 240M->242M(512M) 10.206ms
[2020-08-01T12:24:57.638+0300][85.151s][info ][gc] GC(3738) Pause Young (Concurrent Start) (G1 Evacuation Pause) 263M->264M(512M) 10.336ms
[2020-08-01T12:24:57.638+0300][85.151s][info ][gc] GC(3739) Concurrent Cycle
[2020-08-01T12:24:57.665+0300][85.178s][info ][gc] GC(3740) Pause Young (Normal) (G1 Evacuation Pause) 305M->307M(512M) 12.165ms
[2020-08-01T12:24:57.685+0300][85.198s][info ][gc] GC(3741) Pause Young (Normal) (G1 Evacuation Pause) 328M->330M(512M) 10.503ms
[2020-08-01T12:24:57.706+0300][85.219s][info ][gc] GC(3742) Pause Young (Normal) (G1 Evacuation Pause) 351M->352M(512M) 11.731ms
[2020-08-01T12:24:57.726+0300][85.239s][info ][gc] GC(3743) Pause Young (Normal) (G1 Evacuation Pause) 373M->374M(512M) 10.659ms
[2020-08-01T12:24:57.745+0300][85.258s][info ][gc] GC(3744) Pause Young (Normal) (G1 Evacuation Pause) 395M->397M(512M) 10.438ms
[2020-08-01T12:24:57.764+0300][85.277s][info ][gc] GC(3745) Pause Young (Normal) (G1 Evacuation Pause) 418M->419M(512M) 10.295ms
[2020-08-01T12:24:57.786+0300][85.299s][info ][gc] GC(3746) Pause Young (Normal) (G1 Evacuation Pause) 460M->461M(512M) 10.224ms
[2020-08-01T12:24:57.805+0300][85.318s][info ][gc] GC(3747) Pause Young (Normal) (G1 Evacuation Pause) 482M->484M(512M) 10.505ms
[2020-08-01T12:24:57.845+0300][85.358s][info ][gc] GC(3748) To-space exhausted
[2020-08-01T12:24:57.846+0300][85.358s][info ][gc] GC(3748) Pause Young (Normal) (G1 Evacuation Pause) 505M->508M(512M) 31.680ms
[2020-08-01T12:24:57.854+0300][85.367s][info ][gc] GC(3749) To-space exhausted
[2020-08-01T12:24:57.855+0300][85.367s][info ][gc] GC(3749) Pause Young (Normal) (G1 Evacuation Pause) 509M->509M(512M) 8.521ms
[2020-08-01T12:24:57.855+0300][85.368s][debug][gc] GC(3750) Clear Next Bitmap 0.288ms
[2020-08-01T12:24:57.911+0300][85.424s][info ][gc] GC(3750) Pause Full (G1 Evacuation Pause) 509M->80M(512M) 55.848ms
[2020-08-01T12:24:57.911+0300][85.424s][info ][gc] GC(3739) Concurrent Cycle 272.741ms
[2020-08-01T12:24:57.932+0300][85.445s][info ][gc] GC(3751) Pause Young (Normal) (G1 Evacuation Pause) 106M->106M(512M) 10.671ms
[2020-08-01T12:24:57.953+0300][85.466s][info ][gc] GC(3752) Pause Young (Normal) (G1 Evacuation Pause) 130M->132M(512M) 12.050ms
[2020-08-01T12:24:57.974+0300][85.487s][info ][gc] GC(3753) Pause Young (Normal) (G1 Evacuation Pause) 173M->175M(512M) 9.989ms
[2020-08-01T12:24:57.993+0300][85.506s][info ][gc] GC(3754) Pause Young (Normal) (G1 Evacuation Pause) 196M->197M(512M) 10.056ms
[2020-08-01T12:24:58.012+0300][85.525s][info ][gc] GC(3755) Pause Young (Normal) (G1 Evacuation Pause) 218M->220M(512M) 10.619ms
[2020-08-01T12:24:58.031+0300][85.544s][info ][gc] GC(3756) Pause Young (Normal) (G1 Evacuation Pause) 241M->242M(512M) 10.940ms
[2020-08-01T12:24:58.051+0300][85.564s][info ][gc] GC(3757) Pause Young (Concurrent Start) (G1 Evacuation Pause) 263M->265M(512M) 11.173ms
[2020-08-01T12:24:58.051+0300][85.564s][info ][gc] GC(3758) Concurrent Cycle
[2020-08-01T12:24:58.077+0300][85.590s][info ][gc] GC(3759) Pause Young (Normal) (G1 Evacuation Pause) 306M->307M(512M) 11.787ms
[2020-08-01T12:24:58.097+0300][85.609s][info ][gc] GC(3760) Pause Young (Normal) (G1 Evacuation Pause) 328M->330M(512M) 10.803ms
[2020-08-01T12:24:58.117+0300][85.629s][info ][gc] GC(3761) Pause Young (Normal) (G1 Evacuation Pause) 351M->352M(512M) 10.996ms
[2020-08-01T12:24:58.136+0300][85.649s][info ][gc] GC(3762) Pause Young (Normal) (G1 Evacuation Pause) 373M->375M(512M) 10.479ms
[2020-08-01T12:24:58.155+0300][85.668s][info ][gc] GC(3763) Pause Young (Normal) (G1 Evacuation Pause) 396M->397M(512M) 10.458ms
[2020-08-01T12:24:58.174+0300][85.687s][info ][gc] GC(3764) Pause Young (Normal) (G1 Evacuation Pause) 418M->420M(512M) 10.386ms
[2020-08-01T12:24:58.196+0300][85.708s][info ][gc] GC(3765) Pause Young (Normal) (G1 Evacuation Pause) 461M->461M(512M) 9.925ms
[2020-08-01T12:24:58.215+0300][85.728s][info ][gc] GC(3766) Pause Young (Normal) (G1 Evacuation Pause) 482M->484M(512M) 10.484ms
[2020-08-01T12:24:58.256+0300][85.769s][info ][gc] GC(3767) To-space exhausted
[2020-08-01T12:24:58.256+0300][85.769s][info ][gc] GC(3767) Pause Young (Normal) (G1 Evacuation Pause) 505M->509M(512M) 31.921ms
[2020-08-01T12:24:58.256+0300][85.769s][debug][gc] GC(3768) Clear Next Bitmap 0.283ms
[2020-08-01T12:24:58.310+0300][85.822s][info ][gc] GC(3768) Pause Full (G1 Evacuation Pause) 509M->80M(512M) 53.617ms
[2020-08-01T12:24:58.310+0300][85.823s][info ][gc] GC(3758) Concurrent Cycle 258.704ms
[2020-08-01T12:24:58.333+0300][85.846s][info ][gc] GC(3769) Pause Young (Normal) (G1 Evacuation Pause) 107M->107M(512M) 12.554ms
[2020-08-01T12:24:58.353+0300][85.866s][info ][gc] GC(3770) Pause Young (Normal) (G1 Evacuation Pause) 130M->131M(512M) 10.741ms
[2020-08-01T12:24:58.375+0300][85.888s][info ][gc] GC(3771) Pause Young (Normal) (G1 Evacuation Pause) 172M->174M(512M) 10.419ms
[2020-08-01T12:24:58.394+0300][85.907s][info ][gc] GC(3772) Pause Young (Normal) (G1 Evacuation Pause) 195M->197M(512M) 10.664ms
[2020-08-01T12:24:58.413+0300][85.926s][info ][gc] GC(3773) Pause Young (Normal) (G1 Evacuation Pause) 218M->219M(512M) 10.574ms
[2020-08-01T12:24:58.432+0300][85.944s][info ][gc] GC(3774) Pause Young (Normal) (G1 Evacuation Pause) 240M->242M(512M) 10.494ms
[2020-08-01T12:24:58.451+0300][85.964s][info ][gc] GC(3775) Pause Young (Concurrent Start) (G1 Evacuation Pause) 263M->264M(512M) 10.835ms
[2020-08-01T12:24:58.451+0300][85.964s][info ][gc] GC(3776) Concurrent Cycle
[2020-08-01T12:24:58.475+0300][85.987s][info ][gc] GC(3777) Pause Young (Normal) (G1 Evacuation Pause) 305M->306M(512M) 9.979ms
[2020-08-01T12:24:58.494+0300][86.007s][info ][gc] GC(3778) Pause Young (Normal) (G1 Evacuation Pause) 327M->328M(512M) 10.531ms
[2020-08-01T12:24:58.514+0300][86.027s][info ][gc] GC(3779) Pause Young (Normal) (G1 Evacuation Pause) 349M->351M(512M) 10.911ms
[2020-08-01T12:24:58.534+0300][86.047s][info ][gc] GC(3780) Pause Young (Normal) (G1 Evacuation Pause) 372M->374M(512M) 10.583ms
[2020-08-01T12:24:58.553+0300][86.066s][info ][gc] GC(3781) Pause Young (Normal) (G1 Evacuation Pause) 395M->396M(512M) 10.312ms
[2020-08-01T12:24:58.575+0300][86.087s][info ][gc] GC(3782) Pause Young (Normal) (G1 Evacuation Pause) 417M->419M(512M) 12.892ms
[2020-08-01T12:24:58.599+0300][86.112s][info ][gc] GC(3783) Pause Young (Normal) (G1 Evacuation Pause) 460M->462M(512M) 11.375ms
[2020-08-01T12:24:58.620+0300][86.133s][info ][gc] GC(3784) To-space exhausted
[2020-08-01T12:24:58.620+0300][86.133s][info ][gc] GC(3784) Pause Young (Normal) (G1 Evacuation Pause) 483M->486M(512M) 11.193ms
[2020-08-01T12:24:58.663+0300][86.176s][info ][gc] GC(3785) To-space exhausted
[2020-08-01T12:24:58.663+0300][86.176s][info ][gc] GC(3785) Pause Young (Normal) (G1 Evacuation Pause) 507M->508M(512M) 35.014ms
[2020-08-01T12:24:58.664+0300][86.177s][debug][gc] GC(3786) Clear Next Bitmap 0.369ms
[2020-08-01T12:24:58.716+0300][86.229s][info ][gc] GC(3786) Pause Full (G1 Evacuation Pause) 508M->79M(512M) 52.786ms
[2020-08-01T12:24:58.717+0300][86.230s][info ][gc] GC(3776) Concurrent Cycle 265.620ms
[2020-08-01T12:24:58.739+0300][86.252s][info ][gc] GC(3787) Pause Young (Normal) (G1 Evacuation Pause) 106M->107M(512M) 11.165ms
[2020-08-01T12:24:58.762+0300][86.275s][info ][gc] GC(3788) Pause Young (Normal) (G1 Evacuation Pause) 132M->133M(512M) 11.901ms
[2020-08-01T12:24:58.783+0300][86.296s][info ][gc] GC(3789) Pause Young (Normal) (G1 Evacuation Pause) 174M->176M(512M) 10.912ms
[2020-08-01T12:24:58.802+0300][86.315s][info ][gc] GC(3790) Pause Young (Normal) (G1 Evacuation Pause) 197M->198M(512M) 10.535ms
[2020-08-01T12:24:58.821+0300][86.334s][info ][gc] GC(3791) Pause Young (Normal) (G1 Evacuation Pause) 219M->221M(512M) 10.411ms
[2020-08-01T12:24:58.840+0300][86.353s][info ][gc] GC(3792) Pause Young (Normal) (G1 Evacuation Pause) 242M->244M(512M) 10.599ms
[2020-08-01T12:24:58.859+0300][86.372s][info ][gc] GC(3793) Pause Young (Concurrent Start) (G1 Evacuation Pause) 265M->266M(512M) 10.540ms
[2020-08-01T12:24:58.859+0300][86.372s][info ][gc] GC(3794) Concurrent Cycle
[2020-08-01T12:24:58.881+0300][86.394s][info ][gc] GC(3795) Pause Young (Normal) (G1 Evacuation Pause) 307M->309M(512M) 10.916ms
[2020-08-01T12:24:58.900+0300][86.413s][info ][gc] GC(3796) Pause Young (Normal) (G1 Evacuation Pause) 330M->331M(512M) 10.651ms
[2020-08-01T12:24:58.920+0300][86.433s][info ][gc] GC(3797) Pause Young (Normal) (G1 Evacuation Pause) 352M->353M(512M) 10.547ms
[2020-08-01T12:24:58.939+0300][86.452s][info ][gc] GC(3798) Pause Young (Normal) (G1 Evacuation Pause) 374M->376M(512M) 9.933ms
[2020-08-01T12:24:58.959+0300][86.472s][info ][gc] GC(3799) Pause Young (Normal) (G1 Evacuation Pause) 397M->398M(512M) 10.490ms
[2020-08-01T12:24:58.979+0300][86.492s][info ][gc] GC(3800) Pause Young (Normal) (G1 Evacuation Pause) 419M->421M(512M) 11.129ms
[2020-08-01T12:24:59.003+0300][86.516s][info ][gc] GC(3801) Pause Young (Normal) (G1 Evacuation Pause) 462M->463M(512M) 11.234ms
[2020-08-01T12:24:59.024+0300][86.537s][info ][gc] GC(3802) To-space exhausted
[2020-08-01T12:24:59.024+0300][86.537s][info ][gc] GC(3802) Pause Young (Normal) (G1 Evacuation Pause) 484M->489M(512M) 11.494ms
[2020-08-01T12:24:59.066+0300][86.579s][info ][gc] GC(3803) To-space exhausted
[2020-08-01T12:24:59.066+0300][86.579s][info ][gc] GC(3803) Pause Young (Normal) (G1 Evacuation Pause) 508M->508M(512M) 33.689ms
[2020-08-01T12:24:59.066+0300][86.579s][debug][gc] GC(3804) Clear Next Bitmap 0.285ms
[2020-08-01T12:24:59.114+0300][86.627s][info ][gc] GC(3804) Pause Full (G1 Evacuation Pause) 508M->78M(512M) 47.800ms
[2020-08-01T12:24:59.114+0300][86.627s][info ][gc] GC(3794) Concurrent Cycle 254.880ms
[2020-08-01T12:24:59.137+0300][86.650s][info ][gc] GC(3805) Pause Young (Normal) (G1 Evacuation Pause) 105M->106M(512M) 12.178ms
[2020-08-01T12:24:59.159+0300][86.672s][info ][gc] GC(3806) Pause Young (Normal) (G1 Evacuation Pause) 131M->132M(512M) 11.866ms
[2020-08-01T12:24:59.182+0300][86.695s][info ][gc] GC(3807) Pause Young (Normal) (G1 Evacuation Pause) 173M->174M(512M) 11.207ms
[2020-08-01T12:24:59.202+0300][86.715s][info ][gc] GC(3808) Pause Young (Normal) (G1 Evacuation Pause) 195M->197M(512M) 10.978ms
[2020-08-01T12:24:59.221+0300][86.734s][info ][gc] GC(3809) Pause Young (Normal) (G1 Evacuation Pause) 218M->220M(512M) 10.367ms
[2020-08-01T12:24:59.241+0300][86.754s][info ][gc] GC(3810) Pause Young (Normal) (G1 Evacuation Pause) 241M->242M(512M) 10.674ms
[2020-08-01T12:24:59.260+0300][86.773s][info ][gc] GC(3811) Pause Young (Concurrent Start) (G1 Evacuation Pause) 263M->265M(512M) 10.227ms
[2020-08-01T12:24:59.260+0300][86.773s][info ][gc] GC(3812) Concurrent Cycle
[2020-08-01T12:24:59.281+0300][86.794s][info ][gc] GC(3813) Pause Young (Normal) (G1 Evacuation Pause) 306M->307M(512M) 10.415ms
[2020-08-01T12:24:59.302+0300][86.815s][info ][gc] GC(3814) Pause Young (Normal) (G1 Evacuation Pause) 328M->329M(512M) 12.335ms
[2020-08-01T12:24:59.322+0300][86.834s][info ][gc] GC(3815) Pause Young (Normal) (G1 Evacuation Pause) 350M->351M(512M) 10.548ms
[2020-08-01T12:24:59.341+0300][86.854s][info ][gc] GC(3816) Pause Young (Normal) (G1 Evacuation Pause) 372M->374M(512M) 10.977ms
[2020-08-01T12:24:59.361+0300][86.874s][info ][gc] GC(3817) Pause Young (Normal) (G1 Evacuation Pause) 395M->397M(512M) 10.401ms
[2020-08-01T12:24:59.382+0300][86.895s][info ][gc] GC(3818) Pause Young (Normal) (G1 Evacuation Pause) 418M->419M(512M) 11.995ms
[2020-08-01T12:24:59.404+0300][86.916s][info ][gc] GC(3819) Pause Young (Normal) (G1 Evacuation Pause) 460M->462M(512M) 10.582ms
[2020-08-01T12:24:59.424+0300][86.937s][info ][gc] GC(3820) To-space exhausted
[2020-08-01T12:24:59.424+0300][86.937s][info ][gc] GC(3820) Pause Young (Normal) (G1 Evacuation Pause) 483M->485M(512M) 11.126ms
[2020-08-01T12:24:59.466+0300][86.979s][info ][gc] GC(3821) To-space exhausted
[2020-08-01T12:24:59.466+0300][86.979s][info ][gc] GC(3821) Pause Young (Normal) (G1 Evacuation Pause) 506M->508M(512M) 33.019ms
[2020-08-01T12:24:59.466+0300][86.979s][debug][gc] GC(3822) Clear Next Bitmap 0.270ms
[2020-08-01T12:24:59.517+0300][87.030s][info ][gc] GC(3822) Pause Full (G1 Evacuation Pause) 508M->80M(512M) 50.917ms
[2020-08-01T12:24:59.517+0300][87.030s][info ][gc] GC(3812) Concurrent Cycle 257.399ms
[2020-08-01T12:24:59.538+0300][87.051s][info ][gc] GC(3823) Pause Young (Normal) (G1 Evacuation Pause) 107M->108M(512M) 10.679ms
[2020-08-01T12:24:59.560+0300][87.073s][info ][gc] GC(3824) Pause Young (Normal) (G1 Evacuation Pause) 133M->134M(512M) 11.683ms
[2020-08-01T12:24:59.583+0300][87.096s][info ][gc] GC(3825) Pause Young (Normal) (G1 Evacuation Pause) 175M->176M(512M) 10.923ms
[2020-08-01T12:24:59.603+0300][87.115s][info ][gc] GC(3826) Pause Young (Normal) (G1 Evacuation Pause) 197M->198M(512M) 10.776ms
[2020-08-01T12:24:59.624+0300][87.137s][info ][gc] GC(3827) Pause Young (Normal) (G1 Evacuation Pause) 219M->220M(512M) 12.114ms
[2020-08-01T12:24:59.643+0300][87.156s][info ][gc] GC(3828) Pause Young (Normal) (G1 Evacuation Pause) 241M->243M(512M) 10.482ms
[2020-08-01T12:24:59.665+0300][87.178s][info ][gc] GC(3829) Pause Young (Concurrent Start) (G1 Evacuation Pause) 264M->266M(512M) 12.940ms
[2020-08-01T12:24:59.665+0300][87.178s][info ][gc] GC(3830) Concurrent Cycle
[2020-08-01T12:24:59.687+0300][87.200s][info ][gc] GC(3831) Pause Young (Normal) (G1 Evacuation Pause) 307M->308M(512M) 10.624ms
[2020-08-01T12:24:59.706+0300][87.219s][info ][gc] GC(3832) Pause Young (Normal) (G1 Evacuation Pause) 329M->331M(512M) 10.167ms
[2020-08-01T12:24:59.726+0300][87.239s][info ][gc] GC(3833) Pause Young (Normal) (G1 Evacuation Pause) 352M->354M(512M) 10.641ms
[2020-08-01T12:24:59.745+0300][87.258s][info ][gc] GC(3834) Pause Young (Normal) (G1 Evacuation Pause) 375M->376M(512M) 10.458ms
[2020-08-01T12:24:59.764+0300][87.277s][info ][gc] GC(3835) Pause Young (Normal) (G1 Evacuation Pause) 397M->398M(512M) 10.467ms
[2020-08-01T12:24:59.784+0300][87.297s][info ][gc] GC(3836) Pause Young (Normal) (G1 Evacuation Pause) 419M->421M(512M) 10.616ms
[2020-08-01T12:24:59.807+0300][87.320s][info ][gc] GC(3837) Pause Young (Normal) (G1 Evacuation Pause) 462M->464M(512M) 9.968ms
[2020-08-01T12:24:59.829+0300][87.342s][info ][gc] GC(3838) To-space exhausted
[2020-08-01T12:24:59.829+0300][87.342s][info ][gc] GC(3838) Pause Young (Normal) (G1 Evacuation Pause) 485M->494M(512M) 12.703ms
[2020-08-01T12:24:59.861+0300][87.374s][info ][gc] GC(3839) To-space exhausted
[2020-08-01T12:24:59.861+0300][87.374s][info ][gc] GC(3839) Pause Young (Normal) (G1 Evacuation Pause) 508M->508M(512M) 26.200ms
[2020-08-01T12:24:59.862+0300][87.375s][debug][gc] GC(3840) Clear Next Bitmap 0.310ms
[2020-08-01T12:24:59.907+0300][87.420s][info ][gc] GC(3840) Pause Full (G1 Evacuation Pause) 508M->74M(512M) 45.836ms
[2020-08-01T12:24:59.908+0300][87.421s][info ][gc] GC(3830) Concurrent Cycle 242.313ms
[2020-08-01T12:24:59.928+0300][87.441s][info ][gc] GC(3841) Pause Young (Normal) (G1 Evacuation Pause) 100M->101M(512M) 10.459ms
[2020-08-01T12:24:59.950+0300][87.463s][info ][gc] GC(3842) Pause Young (Normal) (G1 Evacuation Pause) 125M->126M(512M) 12.045ms
[2020-08-01T12:24:59.973+0300][87.486s][info ][gc] GC(3843) Pause Young (Normal) (G1 Evacuation Pause) 167M->168M(512M) 10.593ms
[2020-08-01T12:24:59.992+0300][87.505s][info ][gc] GC(3844) Pause Young (Normal) (G1 Evacuation Pause) 189M->189M(512M) 10.265ms
[2020-08-01T12:25:00.013+0300][87.525s][info ][gc] GC(3845) Pause Young (Normal) (G1 Evacuation Pause) 210M->212M(512M) 11.976ms
[2020-08-01T12:25:00.032+0300][87.545s][info ][gc] GC(3846) Pause Young (Normal) (G1 Evacuation Pause) 233M->234M(512M) 10.618ms
[2020-08-01T12:25:00.052+0300][87.565s][info ][gc] GC(3847) Pause Young (Concurrent Start) (G1 Evacuation Pause) 255M->257M(512M) 10.929ms
[2020-08-01T12:25:00.052+0300][87.565s][info ][gc] GC(3848) Concurrent Cycle
[2020-08-01T12:25:00.072+0300][87.585s][info ][gc] GC(3849) Pause Young (Normal) (G1 Evacuation Pause) 278M->279M(512M) 10.523ms
[2020-08-01T12:25:00.097+0300][87.610s][info ][gc] GC(3850) Pause Young (Normal) (G1 Evacuation Pause) 320M->322M(512M) 10.478ms
[2020-08-01T12:25:00.119+0300][87.632s][info ][gc] GC(3851) Pause Young (Normal) (G1 Evacuation Pause) 344M->345M(512M) 12.271ms
[2020-08-01T12:25:00.138+0300][87.651s][info ][gc] GC(3852) Pause Young (Normal) (G1 Evacuation Pause) 366M->368M(512M) 10.572ms
[2020-08-01T12:25:00.158+0300][87.670s][info ][gc] GC(3853) Pause Young (Normal) (G1 Evacuation Pause) 389M->390M(512M) 10.410ms
[2020-08-01T12:25:00.177+0300][87.690s][info ][gc] GC(3854) Pause Young (Normal) (G1 Evacuation Pause) 411M->412M(512M) 10.574ms
[2020-08-01T12:25:00.200+0300][87.712s][info ][gc] GC(3855) Pause Young (Normal) (G1 Evacuation Pause) 453M->455M(512M) 11.010ms
[2020-08-01T12:25:00.219+0300][87.732s][info ][gc] GC(3856) Pause Young (Normal) (G1 Evacuation Pause) 476M->477M(512M) 10.562ms
[2020-08-01T12:25:00.228+0300][87.740s][debug][gc] GC(3848) Reclaimed 129 empty regions
[2020-08-01T12:25:00.228+0300][87.740s][info ][gc] GC(3848) Pause Remark 495M->368M(512M) 0.680ms
[2020-08-01T12:25:00.240+0300][87.753s][info ][gc] GC(3857) Pause Young (Normal) (G1 Evacuation Pause) 371M->372M(512M) 10.917ms
[2020-08-01T12:25:00.267+0300][87.780s][info ][gc] GC(3858) Pause Young (Normal) (G1 Evacuation Pause) 393M->395M(512M) 10.710ms
[2020-08-01T12:25:00.295+0300][87.808s][info ][gc] GC(3859) Pause Young (Normal) (G1 Evacuation Pause) 416M->417M(512M) 10.947ms
[2020-08-01T12:25:00.324+0300][87.837s][info ][gc] GC(3860) Pause Young (Normal) (G1 Evacuation Pause) 458M->459M(512M) 10.217ms
[2020-08-01T12:25:00.352+0300][87.865s][info ][gc] GC(3861) Pause Young (Normal) (G1 Evacuation Pause) 480M->482M(512M) 10.564ms
[2020-08-01T12:25:00.394+0300][87.907s][info ][gc] GC(3862) To-space exhausted
[2020-08-01T12:25:00.394+0300][87.907s][info ][gc] GC(3862) Pause Young (Normal) (G1 Evacuation Pause) 503M->509M(512M) 26.253ms
[2020-08-01T12:25:00.413+0300][87.926s][info ][gc] GC(3863) To-space exhausted
[2020-08-01T12:25:00.414+0300][87.926s][info ][gc] GC(3863) Pause Young (Normal) (G1 Evacuation Pause) 511M->511M(512M) 10.402ms
[2020-08-01T12:25:00.414+0300][87.927s][debug][gc] GC(3864) Clear Next Bitmap 0.384ms
[2020-08-01T12:25:00.456+0300][87.969s][info ][gc] GC(3864) Pause Full (G1 Evacuation Pause) 511M->67M(512M) 42.499ms
[2020-08-01T12:25:00.457+0300][87.969s][info ][gc] GC(3848) Concurrent Cycle 404.394ms
[2020-08-01T12:25:00.480+0300][87.993s][info ][gc] GC(3865) Pause Young (Normal) (G1 Evacuation Pause) 94M->94M(512M) 12.376ms
[2020-08-01T12:25:00.502+0300][88.015s][info ][gc] GC(3866) Pause Young (Normal) (G1 Evacuation Pause) 118M->119M(512M) 12.432ms
[2020-08-01T12:25:00.524+0300][88.037s][info ][gc] GC(3867) Pause Young (Normal) (G1 Evacuation Pause) 160M->161M(512M) 11.244ms
[2020-08-01T12:25:00.542+0300][88.055s][info ][gc] GC(3868) Pause Young (Normal) (G1 Evacuation Pause) 182M->184M(512M) 10.420ms
[2020-08-01T12:25:00.563+0300][88.076s][info ][gc] GC(3869) Pause Young (Normal) (G1 Evacuation Pause) 205M->207M(512M) 11.792ms
[2020-08-01T12:25:00.585+0300][88.097s][info ][gc] GC(3870) Pause Young (Normal) (G1 Evacuation Pause) 228M->229M(512M) 13.340ms
[2020-08-01T12:25:00.604+0300][88.117s][info ][gc] GC(3871) Pause Young (Normal) (G1 Evacuation Pause) 250M->251M(512M) 11.068ms
[2020-08-01T12:25:00.624+0300][88.136s][info ][gc] GC(3872) Pause Young (Concurrent Start) (G1 Evacuation Pause) 272M->274M(512M) 10.583ms
[2020-08-01T12:25:00.624+0300][88.137s][info ][gc] GC(3873) Concurrent Cycle
[2020-08-01T12:25:00.648+0300][88.161s][info ][gc] GC(3874) Pause Young (Normal) (G1 Evacuation Pause) 315M->316M(512M) 10.690ms
[2020-08-01T12:25:00.669+0300][88.182s][info ][gc] GC(3875) Pause Young (Normal) (G1 Evacuation Pause) 337M->338M(512M) 10.975ms
[2020-08-01T12:25:00.688+0300][88.201s][info ][gc] GC(3876) Pause Young (Normal) (G1 Evacuation Pause) 359M->361M(512M) 10.674ms
[2020-08-01T12:25:00.709+0300][88.222s][info ][gc] GC(3877) Pause Young (Normal) (G1 Evacuation Pause) 382M->383M(512M) 10.886ms
[2020-08-01T12:25:00.730+0300][88.242s][info ][gc] GC(3878) Pause Young (Normal) (G1 Evacuation Pause) 404M->405M(512M) 10.655ms
[2020-08-01T12:25:00.756+0300][88.269s][info ][gc] GC(3879) Pause Young (Normal) (G1 Evacuation Pause) 446M->448M(512M) 12.914ms
[2020-08-01T12:25:00.777+0300][88.290s][info ][gc] GC(3880) Pause Young (Normal) (G1 Evacuation Pause) 469M->470M(512M) 11.907ms
[2020-08-01T12:25:00.804+0300][88.317s][info ][gc] GC(3881) To-space exhausted
[2020-08-01T12:25:00.804+0300][88.317s][info ][gc] GC(3881) Pause Young (Normal) (G1 Evacuation Pause) 491M->499M(512M) 17.766ms
[2020-08-01T12:25:00.829+0300][88.342s][info ][gc] GC(3882) To-space exhausted
[2020-08-01T12:25:00.829+0300][88.342s][info ][gc] GC(3882) Pause Young (Normal) (G1 Evacuation Pause) 509M->509M(512M) 20.813ms
[2020-08-01T12:25:00.830+0300][88.343s][debug][gc] GC(3883) Clear Next Bitmap 0.471ms
[2020-08-01T12:25:00.879+0300][88.392s][info ][gc] GC(3883) Pause Full (G1 Evacuation Pause) 509M->77M(512M) 50.065ms
[2020-08-01T12:25:00.879+0300][88.392s][info ][gc] GC(3873) Concurrent Cycle 255.802ms
[2020-08-01T12:25:00.901+0300][88.414s][info ][gc] GC(3884) Pause Young (Normal) (G1 Evacuation Pause) 103M->103M(512M) 10.618ms
[2020-08-01T12:25:00.923+0300][88.436s][info ][gc] GC(3885) Pause Young (Normal) (G1 Evacuation Pause) 127M->128M(512M) 12.278ms
[2020-08-01T12:25:00.944+0300][88.457s][info ][gc] GC(3886) Pause Young (Normal) (G1 Evacuation Pause) 169M->171M(512M) 10.559ms
[2020-08-01T12:25:00.964+0300][88.476s][info ][gc] GC(3887) Pause Young (Normal) (G1 Evacuation Pause) 192M->193M(512M) 10.729ms
[2020-08-01T12:25:00.982+0300][88.495s][info ][gc] GC(3888) Pause Young (Normal) (G1 Evacuation Pause) 214M->215M(512M) 10.585ms
[2020-08-01T12:25:01.002+0300][88.514s][info ][gc] GC(3889) Pause Young (Normal) (G1 Evacuation Pause) 236M->238M(512M) 10.543ms
[2020-08-01T12:25:01.021+0300][88.533s][info ][gc] GC(3890) Pause Young (Concurrent Start) (G1 Evacuation Pause) 259M->261M(512M) 10.634ms
[2020-08-01T12:25:01.021+0300][88.533s][info ][gc] GC(3891) Concurrent Cycle
[2020-08-01T12:25:01.044+0300][88.557s][info ][gc] GC(3892) Pause Young (Normal) (G1 Evacuation Pause) 302M->304M(512M) 11.025ms
[2020-08-01T12:25:01.063+0300][88.576s][info ][gc] GC(3893) Pause Young (Normal) (G1 Evacuation Pause) 325M->327M(512M) 10.267ms
[2020-08-01T12:25:01.082+0300][88.595s][info ][gc] GC(3894) Pause Young (Normal) (G1 Evacuation Pause) 348M->349M(512M) 10.566ms
[2020-08-01T12:25:01.102+0300][88.615s][info ][gc] GC(3895) Pause Young (Normal) (G1 Evacuation Pause) 370M->371M(512M) 10.489ms
[2020-08-01T12:25:01.122+0300][88.634s][info ][gc] GC(3896) Pause Young (Normal) (G1 Evacuation Pause) 392M->393M(512M) 10.490ms
[2020-08-01T12:25:01.141+0300][88.654s][info ][gc] GC(3897) Pause Young (Normal) (G1 Evacuation Pause) 414M->416M(512M) 10.605ms
[2020-08-01T12:25:01.165+0300][88.678s][info ][gc] GC(3898) Pause Young (Normal) (G1 Evacuation Pause) 457M->458M(512M) 11.823ms
[2020-08-01T12:25:01.185+0300][88.698s][info ][gc] GC(3899) Pause Young (Normal) (G1 Evacuation Pause) 479M->480M(512M) 11.252ms
[2020-08-01T12:25:01.221+0300][88.734s][info ][gc] GC(3900) To-space exhausted
[2020-08-01T12:25:01.222+0300][88.734s][info ][gc] GC(3900) Pause Young (Normal) (G1 Evacuation Pause) 501M->508M(512M) 27.229ms
[2020-08-01T12:25:01.230+0300][88.743s][info ][gc] GC(3901) To-space exhausted
[2020-08-01T12:25:01.230+0300][88.743s][info ][gc] GC(3901) Pause Young (Normal) (G1 Evacuation Pause) 509M->509M(512M) 7.773ms
[2020-08-01T12:25:01.230+0300][88.743s][debug][gc] GC(3902) Clear Next Bitmap 0.343ms
[2020-08-01T12:25:01.279+0300][88.792s][info ][gc] GC(3902) Pause Full (G1 Evacuation Pause) 509M->77M(512M) 49.239ms
[2020-08-01T12:25:01.279+0300][88.792s][info ][gc] GC(3891) Concurrent Cycle 258.823ms
[2020-08-01T12:25:01.302+0300][88.815s][info ][gc] GC(3903) Pause Young (Normal) (G1 Evacuation Pause) 104M->104M(512M) 11.972ms
[2020-08-01T12:25:01.324+0300][88.837s][info ][gc] GC(3904) Pause Young (Normal) (G1 Evacuation Pause) 128M->130M(512M) 11.964ms
[2020-08-01T12:25:01.347+0300][88.860s][info ][gc] GC(3905) Pause Young (Normal) (G1 Evacuation Pause) 171M->172M(512M) 10.502ms
[2020-08-01T12:25:01.366+0300][88.879s][info ][gc] GC(3906) Pause Young (Normal) (G1 Evacuation Pause) 193M->195M(512M) 10.848ms
[2020-08-01T12:25:01.385+0300][88.898s][info ][gc] GC(3907) Pause Young (Normal) (G1 Evacuation Pause) 216M->217M(512M) 10.674ms
[2020-08-01T12:25:01.404+0300][88.917s][info ][gc] GC(3908) Pause Young (Normal) (G1 Evacuation Pause) 238M->239M(512M) 10.406ms
[2020-08-01T12:25:01.423+0300][88.936s][info ][gc] GC(3909) Pause Young (Concurrent Start) (G1 Evacuation Pause) 260M->262M(512M) 10.367ms
[2020-08-01T12:25:01.423+0300][88.936s][info ][gc] GC(3910) Concurrent Cycle
[2020-08-01T12:25:01.446+0300][88.959s][info ][gc] GC(3911) Pause Young (Normal) (G1 Evacuation Pause) 303M->305M(512M) 10.948ms
[2020-08-01T12:25:01.465+0300][88.978s][info ][gc] GC(3912) Pause Young (Normal) (G1 Evacuation Pause) 326M->328M(512M) 10.056ms
[2020-08-01T12:25:01.484+0300][88.997s][info ][gc] GC(3913) Pause Young (Normal) (G1 Evacuation Pause) 349M->350M(512M) 10.381ms
[2020-08-01T12:25:01.503+0300][89.015s][info ][gc] GC(3914) Pause Young (Normal) (G1 Evacuation Pause) 371M->372M(512M) 10.195ms
[2020-08-01T12:25:01.522+0300][89.035s][info ][gc] GC(3915) Pause Young (Normal) (G1 Evacuation Pause) 393M->395M(512M) 10.604ms
[2020-08-01T12:25:01.541+0300][89.054s][info ][gc] GC(3916) Pause Young (Normal) (G1 Evacuation Pause) 416M->417M(512M) 10.181ms
[2020-08-01T12:25:01.567+0300][89.080s][info ][gc] GC(3917) Pause Young (Normal) (G1 Evacuation Pause) 458M->459M(512M) 12.322ms
[2020-08-01T12:25:01.588+0300][89.101s][info ][gc] GC(3918) Pause Young (Normal) (G1 Evacuation Pause) 480M->482M(512M) 11.452ms
[2020-08-01T12:25:01.628+0300][89.141s][info ][gc] GC(3919) To-space exhausted
[2020-08-01T12:25:01.628+0300][89.141s][info ][gc] GC(3919) Pause Young (Normal) (G1 Evacuation Pause) 503M->507M(512M) 30.344ms
[2020-08-01T12:25:01.631+0300][89.144s][debug][gc] GC(3910) Reclaimed 129 empty regions
[2020-08-01T12:25:01.632+0300][89.144s][info ][gc] GC(3910) Pause Remark 508M->381M(512M) 0.671ms
[2020-08-01T12:25:01.653+0300][89.165s][info ][gc] GC(3920) Pause Young (Normal) (G1 Evacuation Pause) 403M->404M(512M) 10.951ms
[2020-08-01T12:25:01.678+0300][89.191s][info ][gc] GC(3921) Pause Young (Normal) (G1 Evacuation Pause) 425M->427M(512M) 10.561ms
[2020-08-01T12:25:01.708+0300][89.220s][info ][gc] GC(3922) Pause Young (Normal) (G1 Evacuation Pause) 468M->469M(512M) 10.424ms
[2020-08-01T12:25:01.739+0300][89.252s][info ][gc] GC(3923) To-space exhausted
[2020-08-01T12:25:01.739+0300][89.252s][info ][gc] GC(3923) Pause Young (Normal) (G1 Evacuation Pause) 490M->497M(512M) 15.319ms
[2020-08-01T12:25:01.778+0300][89.291s][info ][gc] GC(3924) To-space exhausted
[2020-08-01T12:25:01.778+0300][89.291s][info ][gc] GC(3924) Pause Young (Normal) (G1 Evacuation Pause) 511M->511M(512M) 26.163ms
[2020-08-01T12:25:01.779+0300][89.291s][debug][gc] GC(3925) Clear Next Bitmap 0.290ms
[2020-08-01T12:25:01.819+0300][89.332s][info ][gc] GC(3925) Pause Full (G1 Evacuation Pause) 511M->62M(512M) 40.487ms
[2020-08-01T12:25:01.819+0300][89.332s][info ][gc] GC(3910) Concurrent Cycle 395.675ms
[2020-08-01T12:25:01.840+0300][89.353s][info ][gc] GC(3926) Pause Young (Normal) (G1 Evacuation Pause) 89M->90M(512M) 10.871ms
[2020-08-01T12:25:01.864+0300][89.376s][info ][gc] GC(3927) Pause Young (Normal) (G1 Evacuation Pause) 116M->117M(512M) 12.585ms
[2020-08-01T12:25:01.886+0300][89.399s][info ][gc] GC(3928) Pause Young (Normal) (G1 Evacuation Pause) 159M->160M(512M) 11.127ms
[2020-08-01T12:25:01.905+0300][89.418s][info ][gc] GC(3929) Pause Young (Normal) (G1 Evacuation Pause) 181M->182M(512M) 10.437ms
[2020-08-01T12:25:01.923+0300][89.436s][info ][gc] GC(3930) Pause Young (Normal) (G1 Evacuation Pause) 203M->204M(512M) 10.231ms
[2020-08-01T12:25:01.943+0300][89.456s][info ][gc] GC(3931) Pause Young (Normal) (G1 Evacuation Pause) 225M->226M(512M) 10.796ms
[2020-08-01T12:25:01.963+0300][89.476s][info ][gc] GC(3932) Pause Young (Normal) (G1 Evacuation Pause) 247M->249M(512M) 11.951ms
[2020-08-01T12:25:01.982+0300][89.495s][info ][gc] GC(3933) Pause Young (Concurrent Start) (G1 Evacuation Pause) 270M->271M(512M) 10.283ms
[2020-08-01T12:25:01.982+0300][89.495s][info ][gc] GC(3934) Concurrent Cycle
[2020-08-01T12:25:02.005+0300][89.518s][info ][gc] GC(3935) Pause Young (Normal) (G1 Evacuation Pause) 312M->314M(512M) 10.656ms
[2020-08-01T12:25:02.026+0300][89.539s][info ][gc] GC(3936) Pause Young (Normal) (G1 Evacuation Pause) 335M->336M(512M) 11.524ms
[2020-08-01T12:25:02.046+0300][89.559s][info ][gc] GC(3937) Pause Young (Normal) (G1 Evacuation Pause) 357M->359M(512M) 11.469ms
[2020-08-01T12:25:02.066+0300][89.579s][info ][gc] GC(3938) Pause Young (Normal) (G1 Evacuation Pause) 380M->381M(512M) 10.503ms
[2020-08-01T12:25:02.088+0300][89.600s][info ][gc] GC(3939) Pause Young (Normal) (G1 Evacuation Pause) 402M->403M(512M) 10.155ms
[2020-08-01T12:25:02.111+0300][89.624s][info ][gc] GC(3940) Pause Young (Normal) (G1 Evacuation Pause) 444M->446M(512M) 11.554ms
[2020-08-01T12:25:02.131+0300][89.644s][info ][gc] GC(3941) Pause Young (Normal) (G1 Evacuation Pause) 467M->469M(512M) 11.093ms
[2020-08-01T12:25:02.158+0300][89.671s][info ][gc] GC(3942) To-space exhausted
[2020-08-01T12:25:02.159+0300][89.671s][info ][gc] GC(3942) Pause Young (Normal) (G1 Evacuation Pause) 490M->496M(512M) 18.675ms
[2020-08-01T12:25:02.185+0300][89.698s][info ][gc] GC(3943) To-space exhausted
[2020-08-01T12:25:02.186+0300][89.698s][info ][gc] GC(3943) Pause Young (Normal) (G1 Evacuation Pause) 507M->507M(512M) 22.187ms
[2020-08-01T12:25:02.186+0300][89.699s][debug][gc] GC(3944) Clear Next Bitmap 0.287ms
[2020-08-01T12:25:02.236+0300][89.749s][info ][gc] GC(3944) Pause Full (G1 Evacuation Pause) 507M->77M(512M) 50.617ms
[2020-08-01T12:25:02.236+0300][89.749s][info ][gc] GC(3934) Concurrent Cycle 254.623ms
[2020-08-01T12:25:02.258+0300][89.771s][info ][gc] GC(3945) Pause Young (Normal) (G1 Evacuation Pause) 103M->103M(512M) 10.685ms
[2020-08-01T12:25:02.281+0300][89.794s][info ][gc] GC(3946) Pause Young (Normal) (G1 Evacuation Pause) 128M->129M(512M) 13.213ms
[2020-08-01T12:25:02.303+0300][89.816s][info ][gc] GC(3947) Pause Young (Normal) (G1 Evacuation Pause) 170M->171M(512M) 9.692ms
[2020-08-01T12:25:02.322+0300][89.835s][info ][gc] GC(3948) Pause Young (Normal) (G1 Evacuation Pause) 192M->194M(512M) 10.764ms
[2020-08-01T12:25:02.342+0300][89.855s][info ][gc] GC(3949) Pause Young (Normal) (G1 Evacuation Pause) 215M->217M(512M) 11.577ms
[2020-08-01T12:25:02.361+0300][89.874s][info ][gc] GC(3950) Pause Young (Normal) (G1 Evacuation Pause) 238M->239M(512M) 10.280ms
[2020-08-01T12:25:02.380+0300][89.893s][info ][gc] GC(3951) Pause Young (Concurrent Start) (G1 Evacuation Pause) 260M->262M(512M) 10.708ms
[2020-08-01T12:25:02.380+0300][89.893s][info ][gc] GC(3952) Concurrent Cycle
[2020-08-01T12:25:02.403+0300][89.916s][info ][gc] GC(3953) Pause Young (Normal) (G1 Evacuation Pause) 303M->304M(512M) 10.307ms
[2020-08-01T12:25:02.422+0300][89.935s][info ][gc] GC(3954) Pause Young (Normal) (G1 Evacuation Pause) 325M->326M(512M) 10.657ms
[2020-08-01T12:25:02.441+0300][89.954s][info ][gc] GC(3955) Pause Young (Normal) (G1 Evacuation Pause) 347M->349M(512M) 10.325ms
[2020-08-01T12:25:02.461+0300][89.974s][info ][gc] GC(3956) Pause Young (Normal) (G1 Evacuation Pause) 370M->371M(512M) 10.854ms
[2020-08-01T12:25:02.480+0300][89.993s][info ][gc] GC(3957) Pause Young (Normal) (G1 Evacuation Pause) 392M->393M(512M) 10.370ms
[2020-08-01T12:25:02.500+0300][90.013s][info ][gc] GC(3958) Pause Young (Normal) (G1 Evacuation Pause) 414M->415M(512M) 10.736ms
[2020-08-01T12:25:02.524+0300][90.036s][info ][gc] GC(3959) Pause Young (Normal) (G1 Evacuation Pause) 456M->457M(512M) 10.741ms
[2020-08-01T12:25:02.543+0300][90.056s][info ][gc] GC(3960) Pause Young (Normal) (G1 Evacuation Pause) 478M->480M(512M) 10.509ms
[2020-08-01T12:25:02.580+0300][90.093s][info ][gc] GC(3961) To-space exhausted
[2020-08-01T12:25:02.580+0300][90.093s][info ][gc] GC(3961) Pause Young (Normal) (G1 Evacuation Pause) 501M->508M(512M) 27.858ms
[2020-08-01T12:25:02.583+0300][90.096s][debug][gc] GC(3952) Reclaimed 127 empty regions
[2020-08-01T12:25:02.583+0300][90.096s][info ][gc] GC(3952) Pause Remark 508M->384M(512M) 0.682ms
[2020-08-01T12:25:02.604+0300][90.117s][info ][gc] GC(3962) Pause Young (Normal) (G1 Evacuation Pause) 404M->405M(512M) 11.815ms
[2020-08-01T12:25:02.628+0300][90.141s][info ][gc] GC(3963) Pause Young (Normal) (G1 Evacuation Pause) 426M->426M(512M) 13.942ms
[2020-08-01T12:25:02.659+0300][90.172s][info ][gc] GC(3964) Pause Young (Normal) (G1 Humongous Allocation) 444M->445M(512M) 9.505ms
[2020-08-01T12:25:02.660+0300][90.173s][debug][gc] GC(3965) Clear Next Bitmap 0.540ms
[2020-08-01T12:25:02.666+0300][90.178s][info ][gc] GC(3965) Pause Full (G1 Humongous Allocation) 445M->2M(512M) 6.502ms
[2020-08-01T12:25:02.666+0300][90.179s][info ][gc] GC(3952) Concurrent Cycle 285.369ms
[2020-08-01T12:25:02.690+0300][90.202s][info ][gc] GC(3966) Pause Young (Normal) (G1 Evacuation Pause) 47M->48M(512M) 10.472ms
[2020-08-01T12:25:02.711+0300][90.224s][info ][gc] GC(3967) Pause Young (Normal) (G1 Evacuation Pause) 72M->73M(512M) 11.466ms
[2020-08-01T12:25:02.733+0300][90.246s][info ][gc] GC(3968) Pause Young (Normal) (G1 Evacuation Pause) 94M->95M(512M) 12.842ms
[2020-08-01T12:25:02.752+0300][90.265s][info ][gc] GC(3969) Pause Young (Normal) (G1 Evacuation Pause) 116M->117M(512M) 10.635ms
[2020-08-01T12:25:02.772+0300][90.285s][info ][gc] GC(3970) Pause Young (Normal) (G1 Evacuation Pause) 138M->140M(512M) 10.739ms
[2020-08-01T12:25:02.793+0300][90.306s][info ][gc] GC(3971) Pause Young (Normal) (G1 Evacuation Pause) 181M->182M(512M) 10.395ms
[2020-08-01T12:25:02.813+0300][90.325s][info ][gc] GC(3972) Pause Young (Normal) (G1 Evacuation Pause) 203M->204M(512M) 10.875ms
[2020-08-01T12:25:02.832+0300][90.345s][info ][gc] GC(3973) Pause Young (Normal) (G1 Evacuation Pause) 225M->226M(512M) 10.730ms
[2020-08-01T12:25:02.851+0300][90.364s][info ][gc] GC(3974) Pause Young (Normal) (G1 Evacuation Pause) 247M->249M(512M) 11.430ms
[2020-08-01T12:25:02.870+0300][90.383s][info ][gc] GC(3975) Pause Young (Concurrent Start) (G1 Evacuation Pause) 270M->271M(512M) 10.457ms
[2020-08-01T12:25:02.870+0300][90.383s][info ][gc] GC(3976) Concurrent Cycle
[2020-08-01T12:25:02.893+0300][90.406s][info ][gc] GC(3977) Pause Young (Normal) (G1 Evacuation Pause) 312M->314M(512M) 10.501ms
[2020-08-01T12:25:02.913+0300][90.426s][info ][gc] GC(3978) Pause Young (Normal) (G1 Evacuation Pause) 335M->335M(512M) 10.767ms
[2020-08-01T12:25:02.932+0300][90.445s][info ][gc] GC(3979) Pause Young (Normal) (G1 Evacuation Pause) 356M->358M(512M) 10.638ms
[2020-08-01T12:25:02.953+0300][90.465s][info ][gc] GC(3980) Pause Young (Normal) (G1 Evacuation Pause) 379M->380M(512M) 10.771ms
[2020-08-01T12:25:02.972+0300][90.485s][info ][gc] GC(3981) Pause Young (Normal) (G1 Evacuation Pause) 401M->402M(512M) 10.533ms
[2020-08-01T12:25:02.992+0300][90.505s][info ][gc] GC(3982) Pause Young (Normal) (G1 Evacuation Pause) 423M->425M(512M) 10.331ms
[2020-08-01T12:25:03.015+0300][90.528s][info ][gc] GC(3983) Pause Young (Normal) (G1 Evacuation Pause) 466M->467M(512M) 10.688ms
[2020-08-01T12:25:03.040+0300][90.553s][info ][gc] GC(3984) To-space exhausted
[2020-08-01T12:25:03.040+0300][90.553s][info ][gc] GC(3984) Pause Young (Normal) (G1 Evacuation Pause) 488M->498M(512M) 16.396ms
[2020-08-01T12:25:03.066+0300][90.579s][info ][gc] GC(3985) To-space exhausted
[2020-08-01T12:25:03.066+0300][90.579s][info ][gc] GC(3985) Pause Young (Normal) (G1 Evacuation Pause) 508M->508M(512M) 21.427ms
[2020-08-01T12:25:03.066+0300][90.579s][debug][gc] GC(3986) Clear Next Bitmap 0.320ms
[2020-08-01T12:25:03.113+0300][90.625s][info ][gc] GC(3986) Pause Full (G1 Evacuation Pause) 508M->71M(512M) 46.518ms
[2020-08-01T12:25:03.113+0300][90.626s][info ][gc] GC(3976) Concurrent Cycle 242.529ms
[2020-08-01T12:25:03.136+0300][90.649s][info ][gc] GC(3987) Pause Young (Normal) (G1 Evacuation Pause) 98M->99M(512M) 12.410ms
[2020-08-01T12:25:03.158+0300][90.671s][info ][gc] GC(3988) Pause Young (Normal) (G1 Evacuation Pause) 123M->125M(512M) 11.576ms
[2020-08-01T12:25:03.179+0300][90.692s][info ][gc] GC(3989) Pause Young (Normal) (G1 Evacuation Pause) 166M->168M(512M) 11.409ms
[2020-08-01T12:25:03.199+0300][90.712s][info ][gc] GC(3990) Pause Young (Normal) (G1 Evacuation Pause) 189M->190M(512M) 11.184ms
[2020-08-01T12:25:03.218+0300][90.731s][info ][gc] GC(3991) Pause Young (Normal) (G1 Evacuation Pause) 211M->213M(512M) 10.479ms
[2020-08-01T12:25:03.237+0300][90.750s][info ][gc] GC(3992) Pause Young (Normal) (G1 Evacuation Pause) 234M->235M(512M) 10.505ms
[2020-08-01T12:25:03.256+0300][90.769s][info ][gc] GC(3993) Pause Young (Concurrent Start) (G1 Evacuation Pause) 256M->258M(512M) 10.334ms
[2020-08-01T12:25:03.256+0300][90.769s][info ][gc] GC(3994) Concurrent Cycle
[2020-08-01T12:25:03.275+0300][90.788s][info ][gc] GC(3995) Pause Young (Normal) (G1 Evacuation Pause) 279M->280M(512M) 10.520ms
[2020-08-01T12:25:03.296+0300][90.808s][info ][gc] GC(3996) Pause Young (Normal) (G1 Evacuation Pause) 321M->322M(512M) 10.195ms
[2020-08-01T12:25:03.316+0300][90.829s][info ][gc] GC(3997) Pause Young (Normal) (G1 Evacuation Pause) 343M->344M(512M) 11.608ms
[2020-08-01T12:25:03.337+0300][90.850s][info ][gc] GC(3998) Pause Young (Normal) (G1 Evacuation Pause) 365M->366M(512M) 11.709ms
[2020-08-01T12:25:03.356+0300][90.869s][info ][gc] GC(3999) Pause Young (Normal) (G1 Evacuation Pause) 387M->389M(512M) 10.597ms
[2020-08-01T12:25:03.376+0300][90.889s][info ][gc] GC(4000) Pause Young (Normal) (G1 Evacuation Pause) 410M->411M(512M) 10.548ms
[2020-08-01T12:25:03.399+0300][90.912s][info ][gc] GC(4001) Pause Young (Normal) (G1 Evacuation Pause) 452M->453M(512M) 10.700ms
[2020-08-01T12:25:03.419+0300][90.932s][info ][gc] GC(4002) Pause Young (Normal) (G1 Evacuation Pause) 474M->476M(512M) 10.928ms
[2020-08-01T12:25:03.428+0300][90.941s][debug][gc] GC(3994) Reclaimed 131 empty regions
[2020-08-01T12:25:03.428+0300][90.941s][info ][gc] GC(3994) Pause Remark 494M->365M(512M) 0.721ms
[2020-08-01T12:25:03.441+0300][90.954s][info ][gc] GC(4003) Pause Young (Normal) (G1 Evacuation Pause) 368M->369M(512M) 12.028ms
[2020-08-01T12:25:03.469+0300][90.982s][info ][gc] GC(4004) Pause Young (Normal) (G1 Evacuation Pause) 390M->391M(512M) 10.493ms
[2020-08-01T12:25:03.496+0300][91.009s][info ][gc] GC(4005) Pause Young (Normal) (G1 Evacuation Pause) 412M->414M(512M) 10.235ms
[2020-08-01T12:25:03.522+0300][91.035s][info ][gc] GC(4006) Pause Young (Normal) (G1 Evacuation Pause) 435M->436M(512M) 10.582ms
[2020-08-01T12:25:03.555+0300][91.068s][info ][gc] GC(4007) Pause Young (Normal) (G1 Evacuation Pause) 477M->478M(512M) 10.823ms
[2020-08-01T12:25:03.596+0300][91.109s][info ][gc] GC(4008) To-space exhausted
[2020-08-01T12:25:03.597+0300][91.109s][info ][gc] GC(4008) Pause Young (Normal) (G1 Evacuation Pause) 499M->506M(512M) 25.959ms
[2020-08-01T12:25:03.621+0300][91.134s][info ][gc] GC(4009) To-space exhausted
[2020-08-01T12:25:03.622+0300][91.135s][info ][gc] GC(4009) Pause Young (Normal) (G1 Evacuation Pause) 511M->511M(512M) 14.246ms
[2020-08-01T12:25:03.622+0300][91.135s][debug][gc] GC(4010) Clear Next Bitmap 0.366ms
[2020-08-01T12:25:03.669+0300][91.182s][info ][gc] GC(4010) Pause Full (G1 Evacuation Pause) 511M->67M(512M) 47.590ms
[2020-08-01T12:25:03.670+0300][91.182s][info ][gc] GC(3994) Concurrent Cycle 413.906ms
[2020-08-01T12:25:03.695+0300][91.207s][info ][gc] GC(4011) Pause Young (Normal) (G1 Evacuation Pause) 94M->94M(512M) 13.986ms
[2020-08-01T12:25:03.716+0300][91.229s][info ][gc] GC(4012) Pause Young (Normal) (G1 Evacuation Pause) 117M->118M(512M) 11.965ms
[2020-08-01T12:25:03.738+0300][91.251s][info ][gc] GC(4013) Pause Young (Normal) (G1 Evacuation Pause) 159M->160M(512M) 11.094ms
[2020-08-01T12:25:03.758+0300][91.270s][info ][gc] GC(4014) Pause Young (Normal) (G1 Evacuation Pause) 181M->182M(512M) 10.636ms
[2020-08-01T12:25:03.776+0300][91.289s][info ][gc] GC(4015) Pause Young (Normal) (G1 Evacuation Pause) 203M->204M(512M) 10.247ms
[2020-08-01T12:25:03.796+0300][91.309s][info ][gc] GC(4016) Pause Young (Normal) (G1 Evacuation Pause) 225M->227M(512M) 11.025ms
[2020-08-01T12:25:03.816+0300][91.329s][info ][gc] GC(4017) Pause Young (Normal) (G1 Evacuation Pause) 248M->249M(512M) 11.733ms
[2020-08-01T12:25:03.835+0300][91.348s][info ][gc] GC(4018) Pause Young (Concurrent Start) (G1 Evacuation Pause) 270M->271M(512M) 10.346ms
[2020-08-01T12:25:03.835+0300][91.348s][info ][gc] GC(4019) Concurrent Cycle
[2020-08-01T12:25:03.858+0300][91.371s][info ][gc] GC(4020) Pause Young (Normal) (G1 Evacuation Pause) 312M->314M(512M) 10.789ms
[2020-08-01T12:25:03.877+0300][91.390s][info ][gc] GC(4021) Pause Young (Normal) (G1 Evacuation Pause) 335M->337M(512M) 10.110ms
[2020-08-01T12:25:03.897+0300][91.410s][info ][gc] GC(4022) Pause Young (Normal) (G1 Evacuation Pause) 358M->360M(512M) 11.017ms
[2020-08-01T12:25:03.916+0300][91.429s][info ][gc] GC(4023) Pause Young (Normal) (G1 Evacuation Pause) 381M->382M(512M) 10.530ms
[2020-08-01T12:25:03.935+0300][91.448s][info ][gc] GC(4024) Pause Young (Normal) (G1 Evacuation Pause) 403M->405M(512M) 10.349ms
[2020-08-01T12:25:03.959+0300][91.472s][info ][gc] GC(4025) Pause Young (Normal) (G1 Evacuation Pause) 446M->447M(512M) 10.587ms
[2020-08-01T12:25:03.979+0300][91.492s][info ][gc] GC(4026) Pause Young (Normal) (G1 Evacuation Pause) 468M->470M(512M) 10.686ms
[2020-08-01T12:25:04.006+0300][91.519s][info ][gc] GC(4027) To-space exhausted
[2020-08-01T12:25:04.006+0300][91.519s][info ][gc] GC(4027) Pause Young (Normal) (G1 Evacuation Pause) 491M->498M(512M) 18.433ms
[2020-08-01T12:25:04.033+0300][91.546s][info ][gc] GC(4028) To-space exhausted
[2020-08-01T12:25:04.033+0300][91.546s][info ][gc] GC(4028) Pause Young (Normal) (G1 Evacuation Pause) 509M->509M(512M) 21.748ms
[2020-08-01T12:25:04.034+0300][91.547s][debug][gc] GC(4029) Clear Next Bitmap 0.349ms
[2020-08-01T12:25:04.082+0300][91.595s][info ][gc] GC(4029) Pause Full (G1 Evacuation Pause) 509M->77M(512M) 48.605ms
[2020-08-01T12:25:04.082+0300][91.595s][info ][gc] GC(4019) Concurrent Cycle 247.250ms
[2020-08-01T12:25:04.105+0300][91.618s][info ][gc] GC(4030) Pause Young (Normal) (G1 Evacuation Pause) 104M->104M(512M) 11.673ms
[2020-08-01T12:25:04.129+0300][91.642s][info ][gc] GC(4031) Pause Young (Normal) (G1 Evacuation Pause) 129M->130M(512M) 13.710ms
[2020-08-01T12:25:04.151+0300][91.663s][info ][gc] GC(4032) Pause Young (Normal) (G1 Evacuation Pause) 171M->172M(512M) 10.738ms
[2020-08-01T12:25:04.169+0300][91.682s][info ][gc] GC(4033) Pause Young (Normal) (G1 Evacuation Pause) 193M->195M(512M) 10.118ms
[2020-08-01T12:25:04.188+0300][91.701s][info ][gc] GC(4034) Pause Young (Normal) (G1 Evacuation Pause) 216M->217M(512M) 10.316ms
[2020-08-01T12:25:04.207+0300][91.720s][info ][gc] GC(4035) Pause Young (Normal) (G1 Evacuation Pause) 238M->239M(512M) 10.427ms
[2020-08-01T12:25:04.226+0300][91.739s][info ][gc] GC(4036) Pause Young (Concurrent Start) (G1 Evacuation Pause) 260M->262M(512M) 10.569ms
[2020-08-01T12:25:04.226+0300][91.739s][info ][gc] GC(4037) Concurrent Cycle
[2020-08-01T12:25:04.251+0300][91.764s][info ][gc] GC(4038) Pause Young (Normal) (G1 Evacuation Pause) 303M->304M(512M) 10.734ms
[2020-08-01T12:25:04.271+0300][91.784s][info ][gc] GC(4039) Pause Young (Normal) (G1 Evacuation Pause) 325M->327M(512M) 10.603ms
[2020-08-01T12:25:04.290+0300][91.803s][info ][gc] GC(4040) Pause Young (Normal) (G1 Evacuation Pause) 348M->349M(512M) 10.514ms
[2020-08-01T12:25:04.309+0300][91.822s][info ][gc] GC(4041) Pause Young (Normal) (G1 Evacuation Pause) 370M->371M(512M) 10.360ms
[2020-08-01T12:25:04.329+0300][91.842s][info ][gc] GC(4042) Pause Young (Normal) (G1 Evacuation Pause) 392M->394M(512M) 10.403ms
[2020-08-01T12:25:04.349+0300][91.861s][info ][gc] GC(4043) Pause Young (Normal) (G1 Evacuation Pause) 415M->417M(512M) 10.683ms
[2020-08-01T12:25:04.371+0300][91.884s][info ][gc] GC(4044) Pause Young (Normal) (G1 Evacuation Pause) 458M->459M(512M) 10.518ms
[2020-08-01T12:25:04.390+0300][91.903s][info ][gc] GC(4045) Pause Young (Normal) (G1 Evacuation Pause) 480M->482M(512M) 10.536ms
[2020-08-01T12:25:04.428+0300][91.941s][info ][gc] GC(4046) To-space exhausted
[2020-08-01T12:25:04.429+0300][91.941s][info ][gc] GC(4046) Pause Young (Normal) (G1 Evacuation Pause) 503M->509M(512M) 28.718ms
[2020-08-01T12:25:04.432+0300][91.945s][debug][gc] GC(4037) Reclaimed 129 empty regions
[2020-08-01T12:25:04.432+0300][91.945s][info ][gc] GC(4037) Pause Remark 509M->382M(512M) 0.704ms
[2020-08-01T12:25:04.452+0300][91.965s][info ][gc] GC(4047) Pause Young (Normal) (G1 Evacuation Pause) 403M->404M(512M) 10.944ms
[2020-08-01T12:25:04.479+0300][91.992s][info ][gc] GC(4048) Pause Young (Normal) (G1 Evacuation Pause) 425M->427M(512M) 10.746ms
[2020-08-01T12:25:04.509+0300][92.022s][info ][gc] GC(4049) Pause Young (Normal) (G1 Evacuation Pause) 468M->469M(512M) 11.105ms
[2020-08-01T12:25:04.540+0300][92.053s][info ][gc] GC(4050) To-space exhausted
[2020-08-01T12:25:04.540+0300][92.053s][info ][gc] GC(4050) Pause Young (Normal) (G1 Evacuation Pause) 490M->498M(512M) 14.133ms
[2020-08-01T12:25:04.575+0300][92.088s][info ][gc] GC(4051) To-space exhausted
[2020-08-01T12:25:04.575+0300][92.088s][info ][gc] GC(4051) Pause Young (Normal) (G1 Evacuation Pause) 511M->511M(512M) 23.899ms
[2020-08-01T12:25:04.575+0300][92.088s][debug][gc] GC(4052) Clear Next Bitmap 0.365ms
[2020-08-01T12:25:04.615+0300][92.127s][info ][gc] GC(4052) Pause Full (G1 Evacuation Pause) 511M->61M(512M) 39.689ms
[2020-08-01T12:25:04.615+0300][92.128s][info ][gc] GC(4037) Concurrent Cycle 388.551ms
[2020-08-01T12:25:04.639+0300][92.152s][info ][gc] GC(4053) Pause Young (Normal) (G1 Evacuation Pause) 88M->88M(512M) 13.403ms
[2020-08-01T12:25:04.662+0300][92.175s][info ][gc] GC(4054) Pause Young (Normal) (G1 Evacuation Pause) 111M->113M(512M) 12.037ms
[2020-08-01T12:25:04.683+0300][92.196s][info ][gc] GC(4055) Pause Young (Normal) (G1 Evacuation Pause) 134M->135M(512M) 12.198ms
[2020-08-01T12:25:04.705+0300][92.218s][info ][gc] GC(4056) Pause Young (Normal) (G1 Evacuation Pause) 176M->177M(512M) 10.923ms
[2020-08-01T12:25:04.723+0300][92.236s][info ][gc] GC(4057) Pause Young (Normal) (G1 Evacuation Pause) 198M->199M(512M) 9.877ms
[2020-08-01T12:25:04.743+0300][92.255s][info ][gc] GC(4058) Pause Young (Normal) (G1 Evacuation Pause) 220M->222M(512M) 10.694ms
[2020-08-01T12:25:04.762+0300][92.275s][info ][gc] GC(4059) Pause Young (Normal) (G1 Evacuation Pause) 243M->245M(512M) 10.651ms
[2020-08-01T12:25:04.781+0300][92.294s][info ][gc] GC(4060) Pause Young (Concurrent Start) (G1 Evacuation Pause) 266M->267M(512M) 10.684ms
[2020-08-01T12:25:04.781+0300][92.294s][info ][gc] GC(4061) Concurrent Cycle
[2020-08-01T12:25:04.802+0300][92.315s][info ][gc] GC(4062) Pause Young (Normal) (G1 Evacuation Pause) 308M->310M(512M) 10.723ms
[2020-08-01T12:25:04.822+0300][92.334s][info ][gc] GC(4063) Pause Young (Normal) (G1 Evacuation Pause) 331M->332M(512M) 10.594ms
[2020-08-01T12:25:04.841+0300][92.354s][info ][gc] GC(4064) Pause Young (Normal) (G1 Evacuation Pause) 353M->355M(512M) 10.400ms
[2020-08-01T12:25:04.861+0300][92.374s][info ][gc] GC(4065) Pause Young (Normal) (G1 Evacuation Pause) 376M->377M(512M) 10.370ms
[2020-08-01T12:25:04.881+0300][92.394s][info ][gc] GC(4066) Pause Young (Normal) (G1 Evacuation Pause) 398M->400M(512M) 11.033ms
[2020-08-01T12:25:04.901+0300][92.414s][info ][gc] GC(4067) Pause Young (Normal) (G1 Evacuation Pause) 421M->422M(512M) 10.830ms
[2020-08-01T12:25:04.925+0300][92.438s][info ][gc] GC(4068) Pause Young (Normal) (G1 Evacuation Pause) 463M->465M(512M) 11.003ms
[2020-08-01T12:25:04.949+0300][92.462s][info ][gc] GC(4069) To-space exhausted
[2020-08-01T12:25:04.950+0300][92.462s][info ][gc] GC(4069) Pause Young (Normal) (G1 Evacuation Pause) 486M->495M(512M) 15.519ms
[2020-08-01T12:25:04.977+0300][92.490s][info ][gc] GC(4070) To-space exhausted
[2020-08-01T12:25:04.977+0300][92.490s][info ][gc] GC(4070) Pause Young (Normal) (G1 Evacuation Pause) 507M->507M(512M) 22.650ms
[2020-08-01T12:25:04.978+0300][92.491s][debug][gc] GC(4071) Clear Next Bitmap 0.340ms
[2020-08-01T12:25:05.023+0300][92.536s][info ][gc] GC(4071) Pause Full (G1 Evacuation Pause) 507M->72M(512M) 45.671ms
[2020-08-01T12:25:05.023+0300][92.536s][info ][gc] GC(4061) Concurrent Cycle 242.694ms
[2020-08-01T12:25:05.046+0300][92.559s][info ][gc] GC(4072) Pause Young (Normal) (G1 Evacuation Pause) 99M->99M(512M) 12.191ms
[2020-08-01T12:25:05.069+0300][92.582s][info ][gc] GC(4073) Pause Young (Normal) (G1 Evacuation Pause) 124M->126M(512M) 12.463ms
[2020-08-01T12:25:05.091+0300][92.604s][info ][gc] GC(4074) Pause Young (Normal) (G1 Evacuation Pause) 167M->169M(512M) 10.981ms
[2020-08-01T12:25:05.112+0300][92.625s][info ][gc] GC(4075) Pause Young (Normal) (G1 Evacuation Pause) 190M->192M(512M) 12.095ms
[2020-08-01T12:25:05.132+0300][92.644s][info ][gc] GC(4076) Pause Young (Normal) (G1 Evacuation Pause) 213M->215M(512M) 10.827ms
[2020-08-01T12:25:05.151+0300][92.664s][info ][gc] GC(4077) Pause Young (Normal) (G1 Evacuation Pause) 236M->237M(512M) 10.811ms
[2020-08-01T12:25:05.170+0300][92.683s][info ][gc] GC(4078) Pause Young (Concurrent Start) (G1 Evacuation Pause) 258M->259M(512M) 10.579ms
[2020-08-01T12:25:05.170+0300][92.683s][info ][gc] GC(4079) Concurrent Cycle
[2020-08-01T12:25:05.191+0300][92.704s][info ][gc] GC(4080) Pause Young (Normal) (G1 Evacuation Pause) 280M->281M(512M) 12.427ms
[2020-08-01T12:25:05.214+0300][92.727s][info ][gc] GC(4081) Pause Young (Normal) (G1 Evacuation Pause) 322M->324M(512M) 10.542ms
[2020-08-01T12:25:05.234+0300][92.747s][info ][gc] GC(4082) Pause Young (Normal) (G1 Evacuation Pause) 345M->346M(512M) 10.928ms
[2020-08-01T12:25:05.253+0300][92.766s][info ][gc] GC(4083) Pause Young (Normal) (G1 Evacuation Pause) 367M->368M(512M) 10.576ms
[2020-08-01T12:25:05.273+0300][92.786s][info ][gc] GC(4084) Pause Young (Normal) (G1 Evacuation Pause) 389M->390M(512M) 10.507ms
[2020-08-01T12:25:05.292+0300][92.805s][info ][gc] GC(4085) Pause Young (Normal) (G1 Evacuation Pause) 411M->412M(512M) 10.512ms
[2020-08-01T12:25:05.317+0300][92.830s][info ][gc] GC(4086) Pause Young (Normal) (G1 Evacuation Pause) 453M->455M(512M) 12.364ms
[2020-08-01T12:25:05.339+0300][92.852s][info ][gc] GC(4087) Pause Young (Normal) (G1 Evacuation Pause) 476M->478M(512M) 12.568ms
[2020-08-01T12:25:05.349+0300][92.862s][debug][gc] GC(4079) Reclaimed 133 empty regions
[2020-08-01T12:25:05.349+0300][92.862s][info ][gc] GC(4079) Pause Remark 495M->365M(512M) 0.700ms
[2020-08-01T12:25:05.361+0300][92.874s][info ][gc] GC(4088) Pause Young (Normal) (G1 Evacuation Pause) 368M->369M(512M) 10.828ms
[2020-08-01T12:25:05.390+0300][92.903s][info ][gc] GC(4089) Pause Young (Normal) (G1 Evacuation Pause) 390M->391M(512M) 10.125ms
[2020-08-01T12:25:05.417+0300][92.930s][info ][gc] GC(4090) Pause Young (Normal) (G1 Evacuation Pause) 412M->413M(512M) 11.126ms
[2020-08-01T12:25:05.447+0300][92.960s][info ][gc] GC(4091) Pause Young (Normal) (G1 Evacuation Pause) 454M->455M(512M) 12.341ms
[2020-08-01T12:25:05.475+0300][92.988s][info ][gc] GC(4092) Pause Young (Normal) (G1 Evacuation Pause) 476M->477M(512M) 10.644ms
[2020-08-01T12:25:05.516+0300][93.029s][info ][gc] GC(4093) To-space exhausted
[2020-08-01T12:25:05.516+0300][93.029s][info ][gc] GC(4093) Pause Young (Normal) (G1 Evacuation Pause) 498M->506M(512M) 24.881ms
[2020-08-01T12:25:05.541+0300][93.054s][info ][gc] GC(4094) To-space exhausted
[2020-08-01T12:25:05.541+0300][93.054s][info ][gc] GC(4094) Pause Young (Normal) (G1 Evacuation Pause) 511M->511M(512M) 14.048ms
[2020-08-01T12:25:05.541+0300][93.054s][debug][gc] GC(4095) Clear Next Bitmap 0.364ms
[2020-08-01T12:25:05.585+0300][93.098s][info ][gc] GC(4095) Pause Full (G1 Evacuation Pause) 511M->68M(512M) 43.676ms
[2020-08-01T12:25:05.585+0300][93.098s][info ][gc] GC(4079) Concurrent Cycle 414.751ms
[2020-08-01T12:25:05.607+0300][93.120s][info ][gc] GC(4096) Pause Young (Normal) (G1 Evacuation Pause) 95M->96M(512M) 11.066ms
[2020-08-01T12:25:05.634+0300][93.147s][info ][gc] GC(4097) Pause Young (Normal) (G1 Evacuation Pause) 121M->121M(512M) 16.909ms
[2020-08-01T12:25:05.657+0300][93.170s][info ][gc] GC(4098) Pause Young (Normal) (G1 Evacuation Pause) 162M->164M(512M) 11.661ms
[2020-08-01T12:25:05.677+0300][93.190s][info ][gc] GC(4099) Pause Young (Normal) (G1 Evacuation Pause) 185M->186M(512M) 10.689ms
[2020-08-01T12:25:05.695+0300][93.208s][info ][gc] GC(4100) Pause Young (Normal) (G1 Evacuation Pause) 207M->209M(512M) 10.048ms
[2020-08-01T12:25:05.715+0300][93.227s][info ][gc] GC(4101) Pause Young (Normal) (G1 Evacuation Pause) 230M->231M(512M) 10.646ms
[2020-08-01T12:25:05.734+0300][93.247s][info ][gc] GC(4102) Pause Young (Concurrent Start) (G1 Evacuation Pause) 252M->253M(512M) 10.450ms
[2020-08-01T12:25:05.734+0300][93.247s][info ][gc] GC(4103) Concurrent Cycle
[2020-08-01T12:25:05.754+0300][93.267s][info ][gc] GC(4104) Pause Young (Normal) (G1 Evacuation Pause) 274M->275M(512M) 10.411ms
[2020-08-01T12:25:05.777+0300][93.290s][info ][gc] GC(4105) Pause Young (Normal) (G1 Evacuation Pause) 316M->318M(512M) 10.380ms
[2020-08-01T12:25:05.797+0300][93.309s][info ][gc] GC(4106) Pause Young (Normal) (G1 Evacuation Pause) 339M->340M(512M) 10.765ms
[2020-08-01T12:25:05.816+0300][93.329s][info ][gc] GC(4107) Pause Young (Normal) (G1 Evacuation Pause) 361M->362M(512M) 10.709ms
[2020-08-01T12:25:05.836+0300][93.349s][info ][gc] GC(4108) Pause Young (Normal) (G1 Evacuation Pause) 383M->384M(512M) 10.578ms
[2020-08-01T12:25:05.854+0300][93.367s][info ][gc] GC(4109) Pause Young (Normal) (G1 Evacuation Pause) 405M->407M(512M) 10.199ms
[2020-08-01T12:25:05.877+0300][93.390s][info ][gc] GC(4110) Pause Young (Normal) (G1 Evacuation Pause) 448M->449M(512M) 10.901ms
[2020-08-01T12:25:05.899+0300][93.412s][info ][gc] GC(4111) Pause Young (Normal) (G1 Evacuation Pause) 470M->472M(512M) 12.933ms
[2020-08-01T12:25:05.905+0300][93.418s][debug][gc] GC(4103) Reclaimed 125 empty regions
[2020-08-01T12:25:05.905+0300][93.418s][info ][gc] GC(4103) Pause Remark 485M->363M(512M) 0.683ms
[2020-08-01T12:25:05.920+0300][93.433s][info ][gc] GC(4112) Pause Young (Normal) (G1 Evacuation Pause) 371M->372M(512M) 11.442ms
[2020-08-01T12:25:05.949+0300][93.462s][info ][gc] GC(4113) Pause Young (Normal) (G1 Evacuation Pause) 393M->394M(512M) 11.393ms
[2020-08-01T12:25:05.976+0300][93.489s][info ][gc] GC(4114) Pause Young (Normal) (G1 Evacuation Pause) 415M->417M(512M) 10.551ms
[2020-08-01T12:25:06.002+0300][93.515s][info ][gc] GC(4115) Pause Young (Normal) (G1 Evacuation Pause) 438M->439M(512M) 11.138ms
[2020-08-01T12:25:06.033+0300][93.546s][info ][gc] GC(4116) Pause Young (Normal) (G1 Evacuation Pause) 480M->482M(512M) 10.756ms
[2020-08-01T12:25:06.075+0300][93.588s][info ][gc] GC(4117) To-space exhausted
[2020-08-01T12:25:06.075+0300][93.588s][info ][gc] GC(4117) Pause Young (Normal) (G1 Evacuation Pause) 503M->509M(512M) 25.918ms
[2020-08-01T12:25:06.095+0300][93.607s][info ][gc] GC(4118) To-space exhausted
[2020-08-01T12:25:06.095+0300][93.607s][info ][gc] GC(4118) Pause Young (Normal) (G1 Evacuation Pause) 511M->511M(512M) 10.115ms
[2020-08-01T12:25:06.095+0300][93.608s][debug][gc] GC(4119) Clear Next Bitmap 0.380ms
[2020-08-01T12:25:06.133+0300][93.646s][info ][gc] GC(4119) Pause Full (G1 Evacuation Pause) 511M->61M(512M) 38.296ms
[2020-08-01T12:25:06.133+0300][93.646s][info ][gc] GC(4103) Concurrent Cycle 399.291ms
[2020-08-01T12:25:06.154+0300][93.667s][info ][gc] GC(4120) Pause Young (Normal) (G1 Evacuation Pause) 87M->88M(512M) 10.217ms
[2020-08-01T12:25:06.176+0300][93.689s][info ][gc] GC(4121) Pause Young (Normal) (G1 Evacuation Pause) 113M->113M(512M) 12.209ms
[2020-08-01T12:25:06.195+0300][93.708s][info ][gc] GC(4122) Pause Young (Normal) (G1 Evacuation Pause) 134M->136M(512M) 10.362ms
[2020-08-01T12:25:06.219+0300][93.732s][info ][gc] GC(4123) Pause Young (Normal) (G1 Evacuation Pause) 177M->178M(512M) 11.487ms
[2020-08-01T12:25:06.239+0300][93.752s][info ][gc] GC(4124) Pause Young (Normal) (G1 Evacuation Pause) 199M->201M(512M) 11.705ms
[2020-08-01T12:25:06.258+0300][93.771s][info ][gc] GC(4125) Pause Young (Normal) (G1 Evacuation Pause) 222M->223M(512M) 10.396ms
[2020-08-01T12:25:06.277+0300][93.790s][info ][gc] GC(4126) Pause Young (Normal) (G1 Evacuation Pause) 244M->246M(512M) 10.454ms
[2020-08-01T12:25:06.296+0300][93.809s][info ][gc] GC(4127) Pause Young (Concurrent Start) (G1 Evacuation Pause) 267M->268M(512M) 10.697ms
[2020-08-01T12:25:06.296+0300][93.809s][info ][gc] GC(4128) Concurrent Cycle
[2020-08-01T12:25:06.318+0300][93.831s][info ][gc] GC(4129) Pause Young (Normal) (G1 Evacuation Pause) 309M->311M(512M) 10.430ms
[2020-08-01T12:25:06.339+0300][93.852s][info ][gc] GC(4130) Pause Young (Normal) (G1 Evacuation Pause) 332M->333M(512M) 11.682ms
[2020-08-01T12:25:06.360+0300][93.873s][info ][gc] GC(4131) Pause Young (Normal) (G1 Evacuation Pause) 354M->356M(512M) 11.265ms
[2020-08-01T12:25:06.380+0300][93.893s][info ][gc] GC(4132) Pause Young (Normal) (G1 Evacuation Pause) 377M->378M(512M) 10.745ms
[2020-08-01T12:25:06.400+0300][93.913s][info ][gc] GC(4133) Pause Young (Normal) (G1 Evacuation Pause) 399M->400M(512M) 10.516ms
[2020-08-01T12:25:06.419+0300][93.932s][info ][gc] GC(4134) Pause Young (Normal) (G1 Evacuation Pause) 421M->423M(512M) 10.289ms
[2020-08-01T12:25:06.444+0300][93.957s][info ][gc] GC(4135) Pause Young (Normal) (G1 Evacuation Pause) 464M->465M(512M) 11.412ms
[2020-08-01T12:25:06.467+0300][93.980s][info ][gc] GC(4136) To-space exhausted
[2020-08-01T12:25:06.467+0300][93.980s][info ][gc] GC(4136) Pause Young (Normal) (G1 Evacuation Pause) 486M->493M(512M) 13.799ms
[2020-08-01T12:25:06.499+0300][94.012s][info ][gc] GC(4137) To-space exhausted
[2020-08-01T12:25:06.499+0300][94.012s][info ][gc] GC(4137) Pause Young (Normal) (G1 Evacuation Pause) 508M->508M(512M) 26.486ms
[2020-08-01T12:25:06.500+0300][94.013s][debug][gc] GC(4138) Clear Next Bitmap 0.334ms
[2020-08-01T12:25:06.546+0300][94.059s][info ][gc] GC(4138) Pause Full (G1 Evacuation Pause) 508M->77M(512M) 46.080ms
[2020-08-01T12:25:06.546+0300][94.059s][info ][gc] GC(4128) Concurrent Cycle 249.904ms
[2020-08-01T12:25:06.568+0300][94.081s][info ][gc] GC(4139) Pause Young (Normal) (G1 Evacuation Pause) 104M->104M(512M) 11.606ms
[2020-08-01T12:25:06.590+0300][94.103s][info ][gc] GC(4140) Pause Young (Normal) (G1 Evacuation Pause) 129M->130M(512M) 11.567ms
[2020-08-01T12:25:06.611+0300][94.124s][info ][gc] GC(4141) Pause Young (Normal) (G1 Evacuation Pause) 171M->173M(512M) 10.847ms
[2020-08-01T12:25:06.632+0300][94.145s][info ][gc] GC(4142) Pause Young (Normal) (G1 Evacuation Pause) 194M->195M(512M) 12.441ms
[2020-08-01T12:25:06.652+0300][94.165s][info ][gc] GC(4143) Pause Young (Normal) (G1 Evacuation Pause) 216M->217M(512M) 10.878ms
[2020-08-01T12:25:06.675+0300][94.188s][info ][gc] GC(4144) Pause Young (Normal) (G1 Evacuation Pause) 238M->239M(512M) 12.618ms
[2020-08-01T12:25:06.695+0300][94.208s][info ][gc] GC(4145) Pause Young (Concurrent Start) (G1 Evacuation Pause) 260M->262M(512M) 10.614ms
[2020-08-01T12:25:06.695+0300][94.208s][info ][gc] GC(4146) Concurrent Cycle
[2020-08-01T12:25:06.717+0300][94.230s][info ][gc] GC(4147) Pause Young (Normal) (G1 Evacuation Pause) 303M->304M(512M) 10.655ms
[2020-08-01T12:25:06.738+0300][94.250s][info ][gc] GC(4148) Pause Young (Normal) (G1 Evacuation Pause) 325M->326M(512M) 11.766ms
[2020-08-01T12:25:06.757+0300][94.270s][info ][gc] GC(4149) Pause Young (Normal) (G1 Evacuation Pause) 347M->348M(512M) 10.733ms
[2020-08-01T12:25:06.776+0300][94.289s][info ][gc] GC(4150) Pause Young (Normal) (G1 Evacuation Pause) 369M->371M(512M) 10.063ms
[2020-08-01T12:25:06.795+0300][94.308s][info ][gc] GC(4151) Pause Young (Normal) (G1 Evacuation Pause) 392M->393M(512M) 10.264ms
[2020-08-01T12:25:06.815+0300][94.327s][info ][gc] GC(4152) Pause Young (Normal) (G1 Evacuation Pause) 414M->416M(512M) 10.618ms
[2020-08-01T12:25:06.838+0300][94.351s][info ][gc] GC(4153) Pause Young (Normal) (G1 Evacuation Pause) 457M->459M(512M) 10.431ms
[2020-08-01T12:25:06.858+0300][94.371s][info ][gc] GC(4154) Pause Young (Normal) (G1 Evacuation Pause) 480M->481M(512M) 11.107ms
[2020-08-01T12:25:06.896+0300][94.409s][info ][gc] GC(4155) To-space exhausted
[2020-08-01T12:25:06.896+0300][94.409s][info ][gc] GC(4155) Pause Young (Normal) (G1 Evacuation Pause) 502M->507M(512M) 29.204ms
[2020-08-01T12:25:06.906+0300][94.419s][info ][gc] GC(4156) To-space exhausted
[2020-08-01T12:25:06.906+0300][94.419s][info ][gc] GC(4156) Pause Young (Normal) (G1 Evacuation Pause) 508M->508M(512M) 8.781ms
[2020-08-01T12:25:06.906+0300][94.419s][debug][gc] GC(4157) Clear Next Bitmap 0.377ms
[2020-08-01T12:25:06.954+0300][94.467s][info ][gc] GC(4157) Pause Full (G1 Evacuation Pause) 508M->79M(512M) 48.220ms
[2020-08-01T12:25:06.954+0300][94.467s][info ][gc] GC(4146) Concurrent Cycle 259.782ms
[2020-08-01T12:25:06.975+0300][94.488s][info ][gc] GC(4158) Pause Young (Normal) (G1 Evacuation Pause) 105M->105M(512M) 10.595ms
[2020-08-01T12:25:06.997+0300][94.510s][info ][gc] GC(4159) Pause Young (Normal) (G1 Evacuation Pause) 129M->131M(512M) 12.169ms
[2020-08-01T12:25:07.019+0300][94.532s][info ][gc] GC(4160) Pause Young (Normal) (G1 Evacuation Pause) 172M->173M(512M) 11.725ms
[2020-08-01T12:25:07.038+0300][94.551s][info ][gc] GC(4161) Pause Young (Normal) (G1 Evacuation Pause) 194M->196M(512M) 10.136ms
[2020-08-01T12:25:07.057+0300][94.570s][info ][gc] GC(4162) Pause Young (Normal) (G1 Evacuation Pause) 217M->218M(512M) 10.398ms
[2020-08-01T12:25:07.077+0300][94.590s][info ][gc] GC(4163) Pause Young (Normal) (G1 Evacuation Pause) 239M->240M(512M) 10.531ms
[2020-08-01T12:25:07.096+0300][94.609s][info ][gc] GC(4164) Pause Young (Concurrent Start) (G1 Evacuation Pause) 261M->263M(512M) 10.938ms
[2020-08-01T12:25:07.096+0300][94.609s][info ][gc] GC(4165) Concurrent Cycle
[2020-08-01T12:25:07.118+0300][94.631s][info ][gc] GC(4166) Pause Young (Normal) (G1 Evacuation Pause) 304M->305M(512M) 10.906ms
[2020-08-01T12:25:07.138+0300][94.650s][info ][gc] GC(4167) Pause Young (Normal) (G1 Evacuation Pause) 326M->327M(512M) 10.622ms
[2020-08-01T12:25:07.157+0300][94.670s][info ][gc] GC(4168) Pause Young (Normal) (G1 Evacuation Pause) 348M->350M(512M) 10.537ms
[2020-08-01T12:25:07.176+0300][94.689s][info ][gc] GC(4169) Pause Young (Normal) (G1 Evacuation Pause) 371M->372M(512M) 10.501ms
[2020-08-01T12:25:07.195+0300][94.708s][info ][gc] GC(4170) Pause Young (Normal) (G1 Evacuation Pause) 393M->394M(512M) 10.469ms
[2020-08-01T12:25:07.215+0300][94.727s][info ][gc] GC(4171) Pause Young (Normal) (G1 Evacuation Pause) 415M->416M(512M) 10.697ms
[2020-08-01T12:25:07.238+0300][94.751s][info ][gc] GC(4172) Pause Young (Normal) (G1 Evacuation Pause) 457M->459M(512M) 10.866ms
[2020-08-01T12:25:07.259+0300][94.772s][info ][gc] GC(4173) Pause Young (Normal) (G1 Evacuation Pause) 480M->482M(512M) 11.229ms
[2020-08-01T12:25:07.301+0300][94.814s][info ][gc] GC(4174) To-space exhausted
[2020-08-01T12:25:07.301+0300][94.814s][info ][gc] GC(4174) Pause Young (Normal) (G1 Evacuation Pause) 503M->508M(512M) 33.075ms
[2020-08-01T12:25:07.302+0300][94.815s][debug][gc] GC(4175) Clear Next Bitmap 0.297ms
[2020-08-01T12:25:07.351+0300][94.864s][info ][gc] GC(4175) Pause Full (G1 Evacuation Pause) 508M->78M(512M) 49.257ms
[2020-08-01T12:25:07.351+0300][94.864s][info ][gc] GC(4165) Concurrent Cycle 254.842ms
[2020-08-01T12:25:07.373+0300][94.885s][info ][gc] GC(4176) Pause Young (Normal) (G1 Evacuation Pause) 105M->106M(512M) 10.337ms
[2020-08-01T12:25:07.395+0300][94.908s][info ][gc] GC(4177) Pause Young (Normal) (G1 Evacuation Pause) 131M->133M(512M) 12.170ms
[2020-08-01T12:25:07.416+0300][94.929s][info ][gc] GC(4178) Pause Young (Normal) (G1 Evacuation Pause) 174M->175M(512M) 10.755ms
[2020-08-01T12:25:07.436+0300][94.949s][info ][gc] GC(4179) Pause Young (Normal) (G1 Evacuation Pause) 196M->198M(512M) 10.790ms
[2020-08-01T12:25:07.455+0300][94.968s][info ][gc] GC(4180) Pause Young (Normal) (G1 Evacuation Pause) 219M->220M(512M) 10.554ms
[2020-08-01T12:25:07.474+0300][94.987s][info ][gc] GC(4181) Pause Young (Normal) (G1 Evacuation Pause) 241M->243M(512M) 10.541ms
[2020-08-01T12:25:07.493+0300][95.006s][info ][gc] GC(4182) Pause Young (Concurrent Start) (G1 Evacuation Pause) 264M->265M(512M) 10.525ms
[2020-08-01T12:25:07.493+0300][95.006s][info ][gc] GC(4183) Concurrent Cycle
[2020-08-01T12:25:07.518+0300][95.030s][info ][gc] GC(4184) Pause Young (Normal) (G1 Evacuation Pause) 306M->307M(512M) 11.037ms
[2020-08-01T12:25:07.537+0300][95.050s][info ][gc] GC(4185) Pause Young (Normal) (G1 Evacuation Pause) 328M->329M(512M) 10.358ms
[2020-08-01T12:25:07.556+0300][95.069s][info ][gc] GC(4186) Pause Young (Normal) (G1 Evacuation Pause) 350M->351M(512M) 10.389ms
[2020-08-01T12:25:07.575+0300][95.088s][info ][gc] GC(4187) Pause Young (Normal) (G1 Evacuation Pause) 372M->374M(512M) 10.519ms
[2020-08-01T12:25:07.595+0300][95.108s][info ][gc] GC(4188) Pause Young (Normal) (G1 Evacuation Pause) 395M->396M(512M) 10.583ms
[2020-08-01T12:25:07.614+0300][95.127s][info ][gc] GC(4189) Pause Young (Normal) (G1 Evacuation Pause) 417M->418M(512M) 10.419ms
[2020-08-01T12:25:07.640+0300][95.153s][info ][gc] GC(4190) Pause Young (Normal) (G1 Evacuation Pause) 459M->461M(512M) 13.191ms
[2020-08-01T12:25:07.662+0300][95.175s][info ][gc] GC(4191) To-space exhausted
[2020-08-01T12:25:07.662+0300][95.175s][info ][gc] GC(4191) Pause Young (Normal) (G1 Evacuation Pause) 482M->487M(512M) 11.250ms
[2020-08-01T12:25:07.707+0300][95.220s][info ][gc] GC(4192) To-space exhausted
[2020-08-01T12:25:07.707+0300][95.220s][info ][gc] GC(4192) Pause Young (Normal) (G1 Evacuation Pause) 508M->508M(512M) 35.456ms
[2020-08-01T12:25:07.708+0300][95.221s][debug][gc] GC(4193) Clear Next Bitmap 0.366ms
[2020-08-01T12:25:07.760+0300][95.273s][info ][gc] GC(4193) Pause Full (G1 Evacuation Pause) 508M->80M(512M) 52.214ms
[2020-08-01T12:25:07.760+0300][95.273s][info ][gc] GC(4183) Concurrent Cycle 266.413ms
[2020-08-01T12:25:07.783+0300][95.296s][info ][gc] GC(4194) Pause Young (Normal) (G1 Evacuation Pause) 107M->107M(512M) 12.018ms
[2020-08-01T12:25:07.804+0300][95.317s][info ][gc] GC(4195) Pause Young (Normal) (G1 Evacuation Pause) 131M->132M(512M) 11.643ms
[2020-08-01T12:25:07.825+0300][95.338s][info ][gc] GC(4196) Pause Young (Normal) (G1 Evacuation Pause) 173M->175M(512M) 10.613ms
[2020-08-01T12:25:07.844+0300][95.357s][info ][gc] GC(4197) Pause Young (Normal) (G1 Evacuation Pause) 196M->197M(512M) 10.734ms
[2020-08-01T12:25:07.863+0300][95.376s][info ][gc] GC(4198) Pause Young (Normal) (G1 Evacuation Pause) 218M->220M(512M) 10.458ms
[2020-08-01T12:25:07.883+0300][95.396s][info ][gc] GC(4199) Pause Young (Normal) (G1 Evacuation Pause) 241M->243M(512M) 11.005ms
[2020-08-01T12:25:07.902+0300][95.415s][info ][gc] GC(4200) Pause Young (Concurrent Start) (G1 Evacuation Pause) 264M->265M(512M) 10.957ms
[2020-08-01T12:25:07.902+0300][95.415s][info ][gc] GC(4201) Concurrent Cycle
[2020-08-01T12:25:07.926+0300][95.439s][info ][gc] GC(4202) Pause Young (Normal) (G1 Evacuation Pause) 306M->308M(512M) 10.622ms
[2020-08-01T12:25:07.946+0300][95.459s][info ][gc] GC(4203) Pause Young (Normal) (G1 Evacuation Pause) 329M->330M(512M) 10.966ms
[2020-08-01T12:25:07.965+0300][95.478s][info ][gc] GC(4204) Pause Young (Normal) (G1 Evacuation Pause) 351M->353M(512M) 10.419ms
[2020-08-01T12:25:07.985+0300][95.498s][info ][gc] GC(4205) Pause Young (Normal) (G1 Evacuation Pause) 374M->375M(512M) 10.687ms
[2020-08-01T12:25:08.005+0300][95.518s][info ][gc] GC(4206) Pause Young (Normal) (G1 Evacuation Pause) 396M->397M(512M) 11.351ms
[2020-08-01T12:25:08.024+0300][95.537s][info ][gc] GC(4207) Pause Young (Normal) (G1 Evacuation Pause) 418M->420M(512M) 10.392ms
[2020-08-01T12:25:08.046+0300][95.558s][info ][gc] GC(4208) Pause Young (Normal) (G1 Evacuation Pause) 461M->462M(512M) 10.521ms
[2020-08-01T12:25:08.066+0300][95.579s][info ][gc] GC(4209) To-space exhausted
[2020-08-01T12:25:08.066+0300][95.579s][info ][gc] GC(4209) Pause Young (Normal) (G1 Evacuation Pause) 483M->486M(512M) 11.683ms
[2020-08-01T12:25:08.108+0300][95.621s][info ][gc] GC(4210) To-space exhausted
[2020-08-01T12:25:08.109+0300][95.621s][info ][gc] GC(4210) Pause Young (Normal) (G1 Evacuation Pause) 507M->508M(512M) 33.454ms
[2020-08-01T12:25:08.109+0300][95.622s][debug][gc] GC(4211) Clear Next Bitmap 0.374ms
[2020-08-01T12:25:08.160+0300][95.673s][info ][gc] GC(4211) Pause Full (G1 Evacuation Pause) 508M->80M(512M) 51.699ms
[2020-08-01T12:25:08.161+0300][95.673s][info ][gc] GC(4201) Concurrent Cycle 258.101ms
[2020-08-01T12:25:08.183+0300][95.695s][info ][gc] GC(4212) Pause Young (Normal) (G1 Evacuation Pause) 107M->107M(512M) 11.369ms
[2020-08-01T12:25:08.204+0300][95.717s][info ][gc] GC(4213) Pause Young (Normal) (G1 Evacuation Pause) 132M->134M(512M) 11.709ms
[2020-08-01T12:25:08.225+0300][95.738s][info ][gc] GC(4214) Pause Young (Normal) (G1 Evacuation Pause) 175M->177M(512M) 10.557ms
[2020-08-01T12:25:08.244+0300][95.757s][info ][gc] GC(4215) Pause Young (Normal) (G1 Evacuation Pause) 198M->199M(512M) 10.441ms
[2020-08-01T12:25:08.263+0300][95.776s][info ][gc] GC(4216) Pause Young (Normal) (G1 Evacuation Pause) 220M->221M(512M) 10.525ms
[2020-08-01T12:25:08.283+0300][95.795s][info ][gc] GC(4217) Pause Young (Normal) (G1 Evacuation Pause) 242M->244M(512M) 10.705ms
[2020-08-01T12:25:08.302+0300][95.815s][info ][gc] GC(4218) Pause Young (Concurrent Start) (G1 Evacuation Pause) 265M->266M(512M) 11.064ms
[2020-08-01T12:25:08.302+0300][95.815s][info ][gc] GC(4219) Concurrent Cycle
[2020-08-01T12:25:08.327+0300][95.840s][info ][gc] GC(4220) Pause Young (Normal) (G1 Evacuation Pause) 307M->308M(512M) 10.505ms
[2020-08-01T12:25:08.347+0300][95.860s][info ][gc] GC(4221) Pause Young (Normal) (G1 Evacuation Pause) 329M->331M(512M) 10.866ms
[2020-08-01T12:25:08.368+0300][95.881s][info ][gc] GC(4222) Pause Young (Normal) (G1 Evacuation Pause) 352M->353M(512M) 12.270ms
[2020-08-01T12:25:08.388+0300][95.901s][info ][gc] GC(4223) Pause Young (Normal) (G1 Evacuation Pause) 374M->375M(512M) 10.543ms
[2020-08-01T12:25:08.407+0300][95.920s][info ][gc] GC(4224) Pause Young (Normal) (G1 Evacuation Pause) 396M->397M(512M) 10.498ms
[2020-08-01T12:25:08.426+0300][95.939s][info ][gc] GC(4225) Pause Young (Normal) (G1 Evacuation Pause) 418M->419M(512M) 10.124ms
[2020-08-01T12:25:08.449+0300][95.962s][info ][gc] GC(4226) Pause Young (Normal) (G1 Evacuation Pause) 460M->461M(512M) 10.635ms
[2020-08-01T12:25:08.468+0300][95.981s][info ][gc] GC(4227) To-space exhausted
[2020-08-01T12:25:08.469+0300][95.981s][info ][gc] GC(4227) Pause Young (Normal) (G1 Evacuation Pause) 482M->485M(512M) 11.152ms
[2020-08-01T12:25:08.510+0300][96.023s][info ][gc] GC(4228) To-space exhausted
[2020-08-01T12:25:08.510+0300][96.023s][info ][gc] GC(4228) Pause Young (Normal) (G1 Evacuation Pause) 506M->508M(512M) 32.939ms
[2020-08-01T12:25:08.511+0300][96.024s][debug][gc] GC(4229) Clear Next Bitmap 0.368ms
[2020-08-01T12:25:08.564+0300][96.077s][info ][gc] GC(4229) Pause Full (G1 Evacuation Pause) 508M->81M(512M) 53.285ms
[2020-08-01T12:25:08.564+0300][96.077s][info ][gc] GC(4219) Concurrent Cycle 261.629ms
[2020-08-01T12:25:08.587+0300][96.100s][info ][gc] GC(4230) Pause Young (Normal) (G1 Evacuation Pause) 108M->109M(512M) 12.553ms
[2020-08-01T12:25:08.609+0300][96.122s][info ][gc] GC(4231) Pause Young (Normal) (G1 Evacuation Pause) 134M->135M(512M) 11.522ms
[2020-08-01T12:25:08.630+0300][96.143s][info ][gc] GC(4232) Pause Young (Normal) (G1 Evacuation Pause) 176M->177M(512M) 10.543ms
[2020-08-01T12:25:08.651+0300][96.164s][info ][gc] GC(4233) Pause Young (Normal) (G1 Evacuation Pause) 198M->200M(512M) 12.508ms
[2020-08-01T12:25:08.671+0300][96.184s][info ][gc] GC(4234) Pause Young (Normal) (G1 Evacuation Pause) 221M->222M(512M) 10.703ms
[2020-08-01T12:25:08.690+0300][96.203s][info ][gc] GC(4235) Pause Young (Normal) (G1 Evacuation Pause) 243M->244M(512M) 9.917ms
[2020-08-01T12:25:08.710+0300][96.223s][info ][gc] GC(4236) Pause Young (Concurrent Start) (G1 Evacuation Pause) 265M->267M(512M) 11.356ms
[2020-08-01T12:25:08.710+0300][96.223s][info ][gc] GC(4237) Concurrent Cycle
[2020-08-01T12:25:08.734+0300][96.247s][info ][gc] GC(4238) Pause Young (Normal) (G1 Evacuation Pause) 308M->308M(512M) 10.483ms
[2020-08-01T12:25:08.754+0300][96.267s][info ][gc] GC(4239) Pause Young (Normal) (G1 Evacuation Pause) 329M->331M(512M) 10.512ms
[2020-08-01T12:25:08.774+0300][96.287s][info ][gc] GC(4240) Pause Young (Normal) (G1 Evacuation Pause) 352M->353M(512M) 10.866ms
[2020-08-01T12:25:08.793+0300][96.305s][info ][gc] GC(4241) Pause Young (Normal) (G1 Evacuation Pause) 374M->376M(512M) 10.015ms
[2020-08-01T12:25:08.812+0300][96.325s][info ][gc] GC(4242) Pause Young (Normal) (G1 Evacuation Pause) 397M->398M(512M) 10.412ms
[2020-08-01T12:25:08.831+0300][96.344s][info ][gc] GC(4243) Pause Young (Normal) (G1 Evacuation Pause) 419M->420M(512M) 10.415ms
[2020-08-01T12:25:08.853+0300][96.366s][info ][gc] GC(4244) Pause Young (Normal) (G1 Evacuation Pause) 461M->462M(512M) 10.995ms
[2020-08-01T12:25:08.872+0300][96.385s][info ][gc] GC(4245) Pause Young (Normal) (G1 Evacuation Pause) 483M->484M(512M) 10.045ms
[2020-08-01T12:25:08.913+0300][96.426s][info ][gc] GC(4246) To-space exhausted
[2020-08-01T12:25:08.913+0300][96.426s][info ][gc] GC(4246) Pause Young (Normal) (G1 Evacuation Pause) 505M->509M(512M) 31.666ms
[2020-08-01T12:25:08.913+0300][96.426s][debug][gc] GC(4247) Clear Next Bitmap 0.318ms
[2020-08-01T12:25:08.968+0300][96.480s][info ][gc] GC(4247) Pause Full (G1 Evacuation Pause) 509M->82M(512M) 54.594ms
[2020-08-01T12:25:08.968+0300][96.481s][info ][gc] GC(4237) Concurrent Cycle 257.838ms
[2020-08-01T12:25:08.991+0300][96.504s][info ][gc] GC(4248) Pause Young (Normal) (G1 Evacuation Pause) 109M->110M(512M) 12.151ms
[2020-08-01T12:25:09.014+0300][96.527s][info ][gc] GC(4249) Pause Young (Normal) (G1 Evacuation Pause) 134M->135M(512M) 13.458ms
[2020-08-01T12:25:09.035+0300][96.548s][info ][gc] GC(4250) Pause Young (Normal) (G1 Evacuation Pause) 176M->178M(512M) 10.917ms
[2020-08-01T12:25:09.054+0300][96.567s][info ][gc] GC(4251) Pause Young (Normal) (G1 Evacuation Pause) 199M->200M(512M) 10.611ms
[2020-08-01T12:25:09.072+0300][96.585s][info ][gc] GC(4252) Pause Young (Normal) (G1 Evacuation Pause) 221M->222M(512M) 10.160ms
[2020-08-01T12:25:09.092+0300][96.605s][info ][gc] GC(4253) Pause Young (Normal) (G1 Evacuation Pause) 243M->245M(512M) 10.616ms
[2020-08-01T12:25:09.111+0300][96.624s][info ][gc] GC(4254) Pause Young (Concurrent Start) (G1 Evacuation Pause) 266M->267M(512M) 10.651ms
[2020-08-01T12:25:09.111+0300][96.624s][info ][gc] GC(4255) Concurrent Cycle
[2020-08-01T12:25:09.135+0300][96.648s][info ][gc] GC(4256) Pause Young (Normal) (G1 Evacuation Pause) 308M->309M(512M) 10.688ms
[2020-08-01T12:25:09.155+0300][96.668s][info ][gc] GC(4257) Pause Young (Normal) (G1 Evacuation Pause) 330M->332M(512M) 10.775ms
[2020-08-01T12:25:09.175+0300][96.688s][info ][gc] GC(4258) Pause Young (Normal) (G1 Evacuation Pause) 353M->354M(512M) 10.550ms
[2020-08-01T12:25:09.195+0300][96.707s][info ][gc] GC(4259) Pause Young (Normal) (G1 Evacuation Pause) 375M->377M(512M) 10.769ms
[2020-08-01T12:25:09.214+0300][96.727s][info ][gc] GC(4260) Pause Young (Normal) (G1 Evacuation Pause) 398M->400M(512M) 10.388ms
[2020-08-01T12:25:09.233+0300][96.746s][info ][gc] GC(4261) Pause Young (Normal) (G1 Evacuation Pause) 421M->422M(512M) 10.534ms
[2020-08-01T12:25:09.255+0300][96.768s][info ][gc] GC(4262) Pause Young (Normal) (G1 Evacuation Pause) 463M->465M(512M) 10.413ms
[2020-08-01T12:25:09.277+0300][96.790s][info ][gc] GC(4263) To-space exhausted
[2020-08-01T12:25:09.277+0300][96.790s][info ][gc] GC(4263) Pause Young (Normal) (G1 Evacuation Pause) 486M->493M(512M) 13.442ms
[2020-08-01T12:25:09.308+0300][96.820s][info ][gc] GC(4264) To-space exhausted
[2020-08-01T12:25:09.308+0300][96.821s][info ][gc] GC(4264) Pause Young (Normal) (G1 Evacuation Pause) 507M->507M(512M) 24.388ms
[2020-08-01T12:25:09.308+0300][96.821s][debug][gc] GC(4265) Clear Next Bitmap 0.317ms
[2020-08-01T12:25:09.359+0300][96.872s][info ][gc] GC(4265) Pause Full (G1 Evacuation Pause) 507M->76M(512M) 51.121ms
[2020-08-01T12:25:09.359+0300][96.872s][info ][gc] GC(4255) Concurrent Cycle 247.898ms
[2020-08-01T12:25:09.382+0300][96.895s][info ][gc] GC(4266) Pause Young (Normal) (G1 Evacuation Pause) 103M->103M(512M) 12.227ms
[2020-08-01T12:25:09.405+0300][96.918s][info ][gc] GC(4267) Pause Young (Normal) (G1 Evacuation Pause) 127M->129M(512M) 11.592ms
[2020-08-01T12:25:09.427+0300][96.940s][info ][gc] GC(4268) Pause Young (Normal) (G1 Evacuation Pause) 170M->171M(512M) 10.612ms
[2020-08-01T12:25:09.446+0300][96.959s][info ][gc] GC(4269) Pause Young (Normal) (G1 Evacuation Pause) 192M->193M(512M) 10.830ms
[2020-08-01T12:25:09.465+0300][96.978s][info ][gc] GC(4270) Pause Young (Normal) (G1 Evacuation Pause) 214M->215M(512M) 10.432ms
[2020-08-01T12:25:09.484+0300][96.997s][info ][gc] GC(4271) Pause Young (Normal) (G1 Evacuation Pause) 236M->238M(512M) 10.622ms
[2020-08-01T12:25:09.503+0300][97.016s][info ][gc] GC(4272) Pause Young (Concurrent Start) (G1 Evacuation Pause) 259M->260M(512M) 10.352ms
[2020-08-01T12:25:09.503+0300][97.016s][info ][gc] GC(4273) Concurrent Cycle
[2020-08-01T12:25:09.526+0300][97.039s][info ][gc] GC(4274) Pause Young (Normal) (G1 Evacuation Pause) 301M->303M(512M) 11.355ms
[2020-08-01T12:25:09.546+0300][97.059s][info ][gc] GC(4275) Pause Young (Normal) (G1 Evacuation Pause) 324M->326M(512M) 10.656ms
[2020-08-01T12:25:09.565+0300][97.078s][info ][gc] GC(4276) Pause Young (Normal) (G1 Evacuation Pause) 347M->348M(512M) 10.494ms
[2020-08-01T12:25:09.585+0300][97.097s][info ][gc] GC(4277) Pause Young (Normal) (G1 Evacuation Pause) 369M->371M(512M) 10.734ms
[2020-08-01T12:25:09.604+0300][97.117s][info ][gc] GC(4278) Pause Young (Normal) (G1 Evacuation Pause) 392M->393M(512M) 10.378ms
[2020-08-01T12:25:09.623+0300][97.136s][info ][gc] GC(4279) Pause Young (Normal) (G1 Evacuation Pause) 414M->416M(512M) 10.338ms
[2020-08-01T12:25:09.650+0300][97.163s][info ][gc] GC(4280) Pause Young (Normal) (G1 Evacuation Pause) 457M->458M(512M) 13.916ms
[2020-08-01T12:25:09.672+0300][97.185s][info ][gc] GC(4281) Pause Young (Normal) (G1 Evacuation Pause) 479M->481M(512M) 10.931ms
[2020-08-01T12:25:09.710+0300][97.223s][info ][gc] GC(4282) To-space exhausted
[2020-08-01T12:25:09.710+0300][97.223s][info ][gc] GC(4282) Pause Young (Normal) (G1 Evacuation Pause) 502M->508M(512M) 28.515ms
[2020-08-01T12:25:09.713+0300][97.226s][debug][gc] GC(4273) Reclaimed 129 empty regions
[2020-08-01T12:25:09.713+0300][97.226s][info ][gc] GC(4273) Pause Remark 509M->382M(512M) 0.649ms
[2020-08-01T12:25:09.734+0300][97.247s][info ][gc] GC(4283) Pause Young (Normal) (G1 Evacuation Pause) 403M->404M(512M) 11.096ms
[2020-08-01T12:25:09.763+0300][97.276s][info ][gc] GC(4284) Pause Young (Normal) (G1 Evacuation Pause) 425M->426M(512M) 12.374ms
[2020-08-01T12:25:09.797+0300][97.310s][info ][gc] GC(4285) Pause Young (Normal) (G1 Evacuation Pause) 467M->469M(512M) 11.701ms
[2020-08-01T12:25:09.831+0300][97.344s][info ][gc] GC(4286) To-space exhausted
[2020-08-01T12:25:09.831+0300][97.344s][info ][gc] GC(4286) Pause Young (Normal) (G1 Evacuation Pause) 490M->499M(512M) 14.797ms
[2020-08-01T12:25:09.868+0300][97.381s][info ][gc] GC(4287) To-space exhausted
[2020-08-01T12:25:09.868+0300][97.381s][info ][gc] GC(4287) Pause Young (Normal) (G1 Evacuation Pause) 511M->511M(512M) 25.800ms
[2020-08-01T12:25:09.869+0300][97.382s][debug][gc] GC(4288) Clear Next Bitmap 0.261ms
[2020-08-01T12:25:09.905+0300][97.417s][info ][gc] GC(4288) Pause Full (G1 Evacuation Pause) 511M->58M(512M) 36.116ms
[2020-08-01T12:25:09.905+0300][97.418s][info ][gc] GC(4273) Concurrent Cycle 401.586ms
[2020-08-01T12:25:09.929+0300][97.442s][info ][gc] GC(4289) Pause Young (Normal) (G1 Evacuation Pause) 85M->86M(512M) 13.595ms
[2020-08-01T12:25:09.951+0300][97.463s][info ][gc] GC(4290) Pause Young (Normal) (G1 Evacuation Pause) 110M->111M(512M) 11.945ms
[2020-08-01T12:25:09.970+0300][97.483s][info ][gc] GC(4291) Pause Young (Normal) (G1 Evacuation Pause) 132M->133M(512M) 10.783ms
[2020-08-01T12:25:09.992+0300][97.505s][info ][gc] GC(4292) Pause Young (Normal) (G1 Evacuation Pause) 174M->175M(512M) 10.853ms
[2020-08-01T12:25:10.012+0300][97.525s][info ][gc] GC(4293) Pause Young (Normal) (G1 Evacuation Pause) 196M->198M(512M) 11.571ms
[2020-08-01T12:25:10.032+0300][97.545s][info ][gc] GC(4294) Pause Young (Normal) (G1 Evacuation Pause) 219M->220M(512M) 11.215ms
[2020-08-01T12:25:10.051+0300][97.564s][info ][gc] GC(4295) Pause Young (Normal) (G1 Evacuation Pause) 241M->242M(512M) 10.720ms
[2020-08-01T12:25:10.070+0300][97.583s][info ][gc] GC(4296) Pause Young (Concurrent Start) (G1 Evacuation Pause) 263M->264M(512M) 10.148ms
[2020-08-01T12:25:10.070+0300][97.583s][info ][gc] GC(4297) Concurrent Cycle
[2020-08-01T12:25:10.094+0300][97.607s][info ][gc] GC(4298) Pause Young (Normal) (G1 Evacuation Pause) 305M->307M(512M) 10.662ms
[2020-08-01T12:25:10.113+0300][97.626s][info ][gc] GC(4299) Pause Young (Normal) (G1 Evacuation Pause) 328M->329M(512M) 10.510ms
[2020-08-01T12:25:10.133+0300][97.646s][info ][gc] GC(4300) Pause Young (Normal) (G1 Evacuation Pause) 350M->352M(512M) 10.630ms
[2020-08-01T12:25:10.154+0300][97.667s][info ][gc] GC(4301) Pause Young (Normal) (G1 Evacuation Pause) 373M->374M(512M) 12.384ms
[2020-08-01T12:25:10.173+0300][97.686s][info ][gc] GC(4302) Pause Young (Normal) (G1 Evacuation Pause) 395M->397M(512M) 10.141ms
[2020-08-01T12:25:10.193+0300][97.705s][info ][gc] GC(4303) Pause Young (Normal) (G1 Evacuation Pause) 418M->419M(512M) 10.464ms
[2020-08-01T12:25:10.214+0300][97.727s][info ][gc] GC(4304) Pause Young (Normal) (G1 Evacuation Pause) 460M->462M(512M) 10.284ms
[2020-08-01T12:25:10.235+0300][97.748s][info ][gc] GC(4305) To-space exhausted
[2020-08-01T12:25:10.235+0300][97.748s][info ][gc] GC(4305) Pause Young (Normal) (G1 Evacuation Pause) 483M->485M(512M) 11.484ms
[2020-08-01T12:25:10.278+0300][97.791s][info ][gc] GC(4306) To-space exhausted
[2020-08-01T12:25:10.278+0300][97.791s][info ][gc] GC(4306) Pause Young (Normal) (G1 Evacuation Pause) 506M->508M(512M) 33.844ms
[2020-08-01T12:25:10.278+0300][97.791s][debug][gc] GC(4307) Clear Next Bitmap 0.272ms
[2020-08-01T12:25:10.330+0300][97.843s][info ][gc] GC(4307) Pause Full (G1 Evacuation Pause) 508M->80M(512M) 52.383ms
[2020-08-01T12:25:10.330+0300][97.843s][info ][gc] GC(4297) Concurrent Cycle 260.466ms
[2020-08-01T12:25:10.352+0300][97.865s][info ][gc] GC(4308) Pause Young (Normal) (G1 Evacuation Pause) 107M->108M(512M) 11.232ms
[2020-08-01T12:25:10.374+0300][97.887s][info ][gc] GC(4309) Pause Young (Normal) (G1 Evacuation Pause) 133M->134M(512M) 12.027ms
[2020-08-01T12:25:10.395+0300][97.908s][info ][gc] GC(4310) Pause Young (Normal) (G1 Evacuation Pause) 175M->177M(512M) 10.830ms
[2020-08-01T12:25:10.416+0300][97.929s][info ][gc] GC(4311) Pause Young (Normal) (G1 Evacuation Pause) 198M->199M(512M) 11.913ms
[2020-08-01T12:25:10.435+0300][97.948s][info ][gc] GC(4312) Pause Young (Normal) (G1 Evacuation Pause) 220M->222M(512M) 10.769ms
[2020-08-01T12:25:10.455+0300][97.968s][info ][gc] GC(4313) Pause Young (Normal) (G1 Evacuation Pause) 244M->246M(512M) 10.526ms
[2020-08-01T12:25:10.474+0300][97.987s][info ][gc] GC(4314) Pause Young (Concurrent Start) (G1 Evacuation Pause) 268M->269M(512M) 10.296ms
[2020-08-01T12:25:10.474+0300][97.987s][info ][gc] GC(4315) Concurrent Cycle
[2020-08-01T12:25:10.499+0300][98.012s][info ][gc] GC(4316) Pause Young (Normal) (G1 Evacuation Pause) 310M->312M(512M) 11.152ms
[2020-08-01T12:25:10.518+0300][98.031s][info ][gc] GC(4317) Pause Young (Normal) (G1 Evacuation Pause) 333M->334M(512M) 10.667ms
[2020-08-01T12:25:10.538+0300][98.050s][info ][gc] GC(4318) Pause Young (Normal) (G1 Evacuation Pause) 355M->357M(512M) 10.383ms
[2020-08-01T12:25:10.557+0300][98.070s][info ][gc] GC(4319) Pause Young (Normal) (G1 Evacuation Pause) 378M->379M(512M) 10.499ms
[2020-08-01T12:25:10.577+0300][98.090s][info ][gc] GC(4320) Pause Young (Normal) (G1 Evacuation Pause) 400M->402M(512M) 11.658ms
[2020-08-01T12:25:10.596+0300][98.109s][info ][gc] GC(4321) Pause Young (Normal) (G1 Evacuation Pause) 423M->424M(512M) 10.607ms
[2020-08-01T12:25:10.618+0300][98.130s][info ][gc] GC(4322) Pause Young (Normal) (G1 Evacuation Pause) 465M->467M(512M) 10.615ms
[2020-08-01T12:25:10.642+0300][98.155s][info ][gc] GC(4323) To-space exhausted
[2020-08-01T12:25:10.642+0300][98.155s][info ][gc] GC(4323) Pause Young (Normal) (G1 Evacuation Pause) 488M->497M(512M) 15.745ms
[2020-08-01T12:25:10.674+0300][98.187s][info ][gc] GC(4324) To-space exhausted
[2020-08-01T12:25:10.674+0300][98.187s][info ][gc] GC(4324) Pause Young (Normal) (G1 Evacuation Pause) 509M->509M(512M) 24.019ms
[2020-08-01T12:25:10.675+0300][98.188s][debug][gc] GC(4325) Clear Next Bitmap 0.374ms
[2020-08-01T12:25:10.728+0300][98.241s][info ][gc] GC(4325) Pause Full (G1 Evacuation Pause) 509M->74M(512M) 53.920ms
[2020-08-01T12:25:10.729+0300][98.241s][info ][gc] GC(4315) Concurrent Cycle 254.273ms
[2020-08-01T12:25:10.753+0300][98.265s][info ][gc] GC(4326) Pause Young (Normal) (G1 Evacuation Pause) 103M->104M(512M) 12.616ms
[2020-08-01T12:25:10.774+0300][98.287s][info ][gc] GC(4327) Pause Young (Normal) (G1 Evacuation Pause) 129M->129M(512M) 11.525ms
[2020-08-01T12:25:10.798+0300][98.311s][info ][gc] GC(4328) Pause Young (Normal) (G1 Evacuation Pause) 171M->173M(512M) 11.190ms
[2020-08-01T12:25:10.817+0300][98.330s][info ][gc] GC(4329) Pause Young (Normal) (G1 Evacuation Pause) 194M->195M(512M) 10.498ms
[2020-08-01T12:25:10.836+0300][98.349s][info ][gc] GC(4330) Pause Young (Normal) (G1 Evacuation Pause) 216M->217M(512M) 10.589ms
[2020-08-01T12:25:10.856+0300][98.369s][info ][gc] GC(4331) Pause Young (Normal) (G1 Evacuation Pause) 238M->240M(512M) 11.623ms
[2020-08-01T12:25:10.876+0300][98.389s][info ][gc] GC(4332) Pause Young (Concurrent Start) (G1 Evacuation Pause) 261M->262M(512M) 10.685ms
[2020-08-01T12:25:10.876+0300][98.389s][info ][gc] GC(4333) Concurrent Cycle
[2020-08-01T12:25:10.900+0300][98.413s][info ][gc] GC(4334) Pause Young (Normal) (G1 Evacuation Pause) 303M->305M(512M) 11.853ms
[2020-08-01T12:25:10.921+0300][98.433s][info ][gc] GC(4335) Pause Young (Normal) (G1 Evacuation Pause) 326M->327M(512M) 11.024ms
[2020-08-01T12:25:10.941+0300][98.454s][info ][gc] GC(4336) Pause Young (Normal) (G1 Evacuation Pause) 348M->350M(512M) 10.581ms
[2020-08-01T12:25:10.960+0300][98.473s][info ][gc] GC(4337) Pause Young (Normal) (G1 Evacuation Pause) 371M->372M(512M) 10.609ms
[2020-08-01T12:25:10.979+0300][98.492s][info ][gc] GC(4338) Pause Young (Normal) (G1 Evacuation Pause) 393M->395M(512M) 10.677ms
[2020-08-01T12:25:10.999+0300][98.512s][info ][gc] GC(4339) Pause Young (Normal) (G1 Evacuation Pause) 416M->418M(512M) 10.965ms
[2020-08-01T12:25:11.022+0300][98.535s][info ][gc] GC(4340) Pause Young (Normal) (G1 Evacuation Pause) 459M->460M(512M) 10.495ms
[2020-08-01T12:25:11.041+0300][98.554s][info ][gc] GC(4341) Pause Young (Normal) (G1 Evacuation Pause) 481M->482M(512M) 10.586ms
[2020-08-01T12:25:11.080+0300][98.593s][info ][gc] GC(4342) To-space exhausted
[2020-08-01T12:25:11.080+0300][98.593s][info ][gc] GC(4342) Pause Young (Normal) (G1 Evacuation Pause) 503M->507M(512M) 30.220ms
[2020-08-01T12:25:11.089+0300][98.602s][info ][gc] GC(4343) To-space exhausted
[2020-08-01T12:25:11.089+0300][98.602s][info ][gc] GC(4343) Pause Young (Normal) (G1 Evacuation Pause) 508M->508M(512M) 8.013ms
[2020-08-01T12:25:11.090+0300][98.602s][debug][gc] GC(4344) Clear Next Bitmap 0.455ms
[2020-08-01T12:25:11.140+0300][98.653s][info ][gc] GC(4344) Pause Full (G1 Evacuation Pause) 508M->79M(512M) 51.100ms
[2020-08-01T12:25:11.140+0300][98.653s][info ][gc] GC(4333) Concurrent Cycle 264.586ms
[2020-08-01T12:25:11.163+0300][98.676s][info ][gc] GC(4345) Pause Young (Normal) (G1 Evacuation Pause) 106M->106M(512M) 12.250ms
[2020-08-01T12:25:11.186+0300][98.699s][info ][gc] GC(4346) Pause Young (Normal) (G1 Evacuation Pause) 130M->131M(512M) 13.357ms
[2020-08-01T12:25:11.208+0300][98.721s][info ][gc] GC(4347) Pause Young (Normal) (G1 Evacuation Pause) 172M->173M(512M) 10.467ms
[2020-08-01T12:25:11.226+0300][98.739s][info ][gc] GC(4348) Pause Young (Normal) (G1 Evacuation Pause) 194M->195M(512M) 10.306ms
[2020-08-01T12:25:11.246+0300][98.758s][info ][gc] GC(4349) Pause Young (Normal) (G1 Evacuation Pause) 216M->217M(512M) 10.687ms
[2020-08-01T12:25:11.265+0300][98.778s][info ][gc] GC(4350) Pause Young (Normal) (G1 Evacuation Pause) 238M->240M(512M) 11.283ms
[2020-08-01T12:25:11.284+0300][98.797s][info ][gc] GC(4351) Pause Young (Concurrent Start) (G1 Evacuation Pause) 261M->262M(512M) 10.437ms
[2020-08-01T12:25:11.284+0300][98.797s][info ][gc] GC(4352) Concurrent Cycle
[2020-08-01T12:25:11.309+0300][98.822s][info ][gc] GC(4353) Pause Young (Normal) (G1 Evacuation Pause) 303M->305M(512M) 10.887ms
[2020-08-01T12:25:11.330+0300][98.843s][info ][gc] GC(4354) Pause Young (Normal) (G1 Evacuation Pause) 326M->328M(512M) 12.240ms
[2020-08-01T12:25:11.350+0300][98.863s][info ][gc] GC(4355) Pause Young (Normal) (G1 Evacuation Pause) 349M->350M(512M) 10.723ms
[2020-08-01T12:25:11.370+0300][98.882s][info ][gc] GC(4356) Pause Young (Normal) (G1 Evacuation Pause) 371M->372M(512M) 10.591ms
[2020-08-01T12:25:11.388+0300][98.901s][info ][gc] GC(4357) Pause Young (Normal) (G1 Evacuation Pause) 393M->395M(512M) 9.995ms
[2020-08-01T12:25:11.411+0300][98.923s][info ][gc] GC(4358) Pause Young (Normal) (G1 Evacuation Pause) 416M->417M(512M) 13.745ms
[2020-08-01T12:25:11.433+0300][98.946s][info ][gc] GC(4359) Pause Young (Normal) (G1 Evacuation Pause) 458M->460M(512M) 11.656ms
[2020-08-01T12:25:11.455+0300][98.968s][info ][gc] GC(4360) To-space exhausted
[2020-08-01T12:25:11.455+0300][98.968s][info ][gc] GC(4360) Pause Young (Normal) (G1 Evacuation Pause) 481M->484M(512M) 12.958ms
[2020-08-01T12:25:11.498+0300][99.011s][info ][gc] GC(4361) To-space exhausted
[2020-08-01T12:25:11.498+0300][99.011s][info ][gc] GC(4361) Pause Young (Normal) (G1 Evacuation Pause) 505M->507M(512M) 33.250ms
[2020-08-01T12:25:11.498+0300][99.011s][debug][gc] GC(4362) Clear Next Bitmap 0.284ms
[2020-08-01T12:25:11.551+0300][99.064s][info ][gc] GC(4362) Pause Full (G1 Evacuation Pause) 507M->79M(512M) 52.918ms
[2020-08-01T12:25:11.551+0300][99.064s][info ][gc] GC(4352) Concurrent Cycle 266.676ms
[2020-08-01T12:25:11.574+0300][99.087s][info ][gc] GC(4363) Pause Young (Normal) (G1 Evacuation Pause) 106M->107M(512M) 12.428ms
[2020-08-01T12:25:11.596+0300][99.109s][info ][gc] GC(4364) Pause Young (Normal) (G1 Evacuation Pause) 131M->132M(512M) 12.152ms
[2020-08-01T12:25:11.617+0300][99.130s][info ][gc] GC(4365) Pause Young (Normal) (G1 Evacuation Pause) 173M->175M(512M) 11.110ms
[2020-08-01T12:25:11.636+0300][99.149s][info ][gc] GC(4366) Pause Young (Normal) (G1 Evacuation Pause) 196M->197M(512M) 10.463ms
[2020-08-01T12:25:11.659+0300][99.171s][info ][gc] GC(4367) Pause Young (Normal) (G1 Evacuation Pause) 218M->219M(512M) 12.628ms
[2020-08-01T12:25:11.680+0300][99.192s][info ][gc] GC(4368) Pause Young (Normal) (G1 Evacuation Pause) 240M->242M(512M) 12.264ms
[2020-08-01T12:25:11.699+0300][99.212s][info ][gc] GC(4369) Pause Young (Concurrent Start) (G1 Evacuation Pause) 263M->264M(512M) 10.878ms
[2020-08-01T12:25:11.699+0300][99.212s][info ][gc] GC(4370) Concurrent Cycle
[2020-08-01T12:25:11.722+0300][99.235s][info ][gc] GC(4371) Pause Young (Normal) (G1 Evacuation Pause) 305M->306M(512M) 10.220ms
[2020-08-01T12:25:11.742+0300][99.255s][info ][gc] GC(4372) Pause Young (Normal) (G1 Evacuation Pause) 327M->328M(512M) 10.960ms
[2020-08-01T12:25:11.763+0300][99.276s][info ][gc] GC(4373) Pause Young (Normal) (G1 Evacuation Pause) 349M->351M(512M) 10.974ms
[2020-08-01T12:25:11.782+0300][99.295s][info ][gc] GC(4374) Pause Young (Normal) (G1 Evacuation Pause) 372M->373M(512M) 10.283ms
[2020-08-01T12:25:11.801+0300][99.314s][info ][gc] GC(4375) Pause Young (Normal) (G1 Evacuation Pause) 394M->395M(512M) 10.416ms
[2020-08-01T12:25:11.820+0300][99.333s][info ][gc] GC(4376) Pause Young (Normal) (G1 Evacuation Pause) 416M->418M(512M) 10.212ms
[2020-08-01T12:25:11.843+0300][99.356s][info ][gc] GC(4377) Pause Young (Normal) (G1 Evacuation Pause) 459M->461M(512M) 10.636ms
[2020-08-01T12:25:11.862+0300][99.375s][info ][gc] GC(4378) Pause Young (Normal) (G1 Evacuation Pause) 482M->483M(512M) 10.538ms
[2020-08-01T12:25:11.902+0300][99.415s][info ][gc] GC(4379) To-space exhausted
[2020-08-01T12:25:11.902+0300][99.415s][info ][gc] GC(4379) Pause Young (Normal) (G1 Evacuation Pause) 504M->508M(512M) 30.753ms
[2020-08-01T12:25:11.907+0300][99.420s][debug][gc] GC(4370) Reclaimed 129 empty regions
[2020-08-01T12:25:11.907+0300][99.420s][info ][gc] GC(4370) Pause Remark 509M->382M(512M) 0.671ms
[2020-08-01T12:25:11.927+0300][99.440s][info ][gc] GC(4380) Pause Young (Normal) (G1 Evacuation Pause) 404M->405M(512M) 10.498ms
[2020-08-01T12:25:11.955+0300][99.468s][info ][gc] GC(4381) Pause Young (Normal) (G1 Evacuation Pause) 426M->427M(512M) 11.638ms
[2020-08-01T12:25:11.985+0300][99.497s][info ][gc] GC(4382) Pause Young (Normal) (G1 Evacuation Pause) 468M->470M(512M) 10.716ms
[2020-08-01T12:25:12.016+0300][99.529s][info ][gc] GC(4383) To-space exhausted
[2020-08-01T12:25:12.016+0300][99.529s][info ][gc] GC(4383) Pause Young (Normal) (G1 Evacuation Pause) 491M->497M(512M) 15.403ms
[2020-08-01T12:25:12.056+0300][99.569s][info ][gc] GC(4384) To-space exhausted
[2020-08-01T12:25:12.056+0300][99.569s][info ][gc] GC(4384) Pause Young (Normal) (G1 Evacuation Pause) 511M->511M(512M) 26.113ms
[2020-08-01T12:25:12.057+0300][99.570s][debug][gc] GC(4385) Clear Next Bitmap 0.329ms
[2020-08-01T12:25:12.099+0300][99.612s][info ][gc] GC(4385) Pause Full (G1 Evacuation Pause) 511M->65M(512M) 42.329ms
[2020-08-01T12:25:12.099+0300][99.612s][info ][gc] GC(4370) Concurrent Cycle 399.918ms
[2020-08-01T12:25:12.120+0300][99.633s][info ][gc] GC(4386) Pause Young (Normal) (G1 Evacuation Pause) 92M->92M(512M) 10.318ms
[2020-08-01T12:25:12.142+0300][99.655s][info ][gc] GC(4387) Pause Young (Normal) (G1 Evacuation Pause) 117M->119M(512M) 12.115ms
[2020-08-01T12:25:12.166+0300][99.679s][info ][gc] GC(4388) Pause Young (Normal) (G1 Evacuation Pause) 160M->161M(512M) 11.773ms
[2020-08-01T12:25:12.185+0300][99.698s][info ][gc] GC(4389) Pause Young (Normal) (G1 Evacuation Pause) 182M->184M(512M) 10.601ms
[2020-08-01T12:25:12.206+0300][99.719s][info ][gc] GC(4390) Pause Young (Normal) (G1 Evacuation Pause) 205M->206M(512M) 13.080ms
[2020-08-01T12:25:12.225+0300][99.738s][info ][gc] GC(4391) Pause Young (Normal) (G1 Evacuation Pause) 227M->228M(512M) 10.233ms
[2020-08-01T12:25:12.244+0300][99.757s][info ][gc] GC(4392) Pause Young (Normal) (G1 Evacuation Pause) 249M->250M(512M) 10.966ms
[2020-08-01T12:25:12.263+0300][99.776s][info ][gc] GC(4393) Pause Young (Concurrent Start) (G1 Evacuation Pause) 271M->272M(512M) 10.435ms
[2020-08-01T12:25:12.263+0300][99.776s][info ][gc] GC(4394) Concurrent Cycle
[2020-08-01T12:25:12.285+0300][99.798s][info ][gc] GC(4395) Pause Young (Normal) (G1 Evacuation Pause) 313M->315M(512M) 10.361ms
[2020-08-01T12:25:12.304+0300][99.817s][info ][gc] GC(4396) Pause Young (Normal) (G1 Evacuation Pause) 336M->337M(512M) 10.517ms
[2020-08-01T12:25:12.324+0300][99.837s][info ][gc] GC(4397) Pause Young (Normal) (G1 Evacuation Pause) 358M->359M(512M) 10.606ms
[2020-08-01T12:25:12.347+0300][99.859s][info ][gc] GC(4398) Pause Young (Normal) (G1 Evacuation Pause) 380M->381M(512M) 13.037ms
[2020-08-01T12:25:12.367+0300][99.880s][info ][gc] GC(4399) Pause Young (Normal) (G1 Evacuation Pause) 402M->403M(512M) 10.853ms
[2020-08-01T12:25:12.390+0300][99.903s][info ][gc] GC(4400) Pause Young (Normal) (G1 Evacuation Pause) 444M->446M(512M) 10.217ms
[2020-08-01T12:25:12.411+0300][99.924s][info ][gc] GC(4401) Pause Young (Normal) (G1 Evacuation Pause) 467M->469M(512M) 10.995ms
[2020-08-01T12:25:12.436+0300][99.948s][info ][gc] GC(4402) To-space exhausted
[2020-08-01T12:25:12.436+0300][99.949s][info ][gc] GC(4402) Pause Young (Normal) (G1 Evacuation Pause) 490M->496M(512M) 16.130ms
[2020-08-01T12:25:12.469+0300][99.982s][info ][gc] GC(4403) To-space exhausted
[2020-08-01T12:25:12.469+0300][99.982s][info ][gc] GC(4403) Pause Young (Normal) (G1 Evacuation Pause) 510M->510M(512M) 27.038ms
[2020-08-01T12:25:12.469+0300][99.982s][debug][gc] GC(4404) Clear Next Bitmap 0.328ms
[2020-08-01T12:25:12.519+0300][100.032s][info ][gc] GC(4404) Pause Full (G1 Evacuation Pause) 510M->80M(512M) 50.272ms
[2020-08-01T12:25:12.519+0300][100.032s][info ][gc] GC(4394) Concurrent Cycle 256.367ms
[2020-08-01T12:25:12.542+0300][100.055s][info ][gc] GC(4405) Pause Young (Normal) (G1 Evacuation Pause) 107M->107M(512M) 11.676ms
[2020-08-01T12:25:12.565+0300][100.077s][info ][gc] GC(4406) Pause Young (Normal) (G1 Evacuation Pause) 132M->133M(512M) 12.363ms
[2020-08-01T12:25:12.588+0300][100.101s][info ][gc] GC(4407) Pause Young (Normal) (G1 Evacuation Pause) 174M->176M(512M) 11.670ms
[2020-08-01T12:25:12.608+0300][100.121s][info ][gc] GC(4408) Pause Young (Normal) (G1 Evacuation Pause) 197M->199M(512M) 10.820ms
[2020-08-01T12:25:12.627+0300][100.139s][info ][gc] GC(4409) Pause Young (Normal) (G1 Evacuation Pause) 220M->221M(512M) 10.229ms
[2020-08-01T12:25:12.647+0300][100.160s][info ][gc] GC(4410) Pause Young (Normal) (G1 Evacuation Pause) 242M->244M(512M) 12.048ms
[2020-08-01T12:25:12.669+0300][100.182s][info ][gc] GC(4411) Pause Young (Concurrent Start) (G1 Evacuation Pause) 265M->266M(512M) 12.977ms
[2020-08-01T12:25:12.669+0300][100.182s][info ][gc] GC(4412) Concurrent Cycle
[2020-08-01T12:25:12.692+0300][100.205s][info ][gc] GC(4413) Pause Young (Normal) (G1 Evacuation Pause) 307M->308M(512M) 11.071ms
[2020-08-01T12:25:12.712+0300][100.225s][info ][gc] GC(4414) Pause Young (Normal) (G1 Evacuation Pause) 329M->331M(512M) 10.557ms
[2020-08-01T12:25:12.731+0300][100.244s][info ][gc] GC(4415) Pause Young (Normal) (G1 Evacuation Pause) 352M->353M(512M) 10.549ms
[2020-08-01T12:25:12.751+0300][100.263s][info ][gc] GC(4416) Pause Young (Normal) (G1 Evacuation Pause) 374M->376M(512M) 10.669ms
[2020-08-01T12:25:12.770+0300][100.283s][info ][gc] GC(4417) Pause Young (Normal) (G1 Evacuation Pause) 397M->398M(512M) 10.145ms
[2020-08-01T12:25:12.790+0300][100.303s][info ][gc] GC(4418) Pause Young (Normal) (G1 Evacuation Pause) 419M->420M(512M) 10.421ms
[2020-08-01T12:25:12.816+0300][100.329s][info ][gc] GC(4419) Pause Young (Normal) (G1 Evacuation Pause) 461M->463M(512M) 12.614ms
[2020-08-01T12:25:12.836+0300][100.349s][info ][gc] GC(4420) To-space exhausted
[2020-08-01T12:25:12.836+0300][100.349s][info ][gc] GC(4420) Pause Young (Normal) (G1 Evacuation Pause) 484M->490M(512M) 11.343ms
[2020-08-01T12:25:12.876+0300][100.389s][info ][gc] GC(4421) To-space exhausted
[2020-08-01T12:25:12.876+0300][100.389s][info ][gc] GC(4421) Pause Young (Normal) (G1 Evacuation Pause) 509M->509M(512M) 32.259ms
[2020-08-01T12:25:12.877+0300][100.390s][debug][gc] GC(4422) Clear Next Bitmap 0.266ms
[2020-08-01T12:25:12.925+0300][100.437s][info ][gc] GC(4422) Pause Full (G1 Evacuation Pause) 509M->79M(512M) 48.071ms
[2020-08-01T12:25:12.925+0300][100.438s][info ][gc] GC(4412) Concurrent Cycle 255.277ms
[2020-08-01T12:25:12.946+0300][100.459s][info ][gc] GC(4423) Pause Young (Normal) (G1 Evacuation Pause) 104M->104M(512M) 11.272ms
[2020-08-01T12:25:12.967+0300][100.480s][info ][gc] GC(4424) Pause Young (Normal) (G1 Evacuation Pause) 127M->128M(512M) 11.738ms
[2020-08-01T12:25:12.989+0300][100.501s][info ][gc] GC(4425) Pause Young (Normal) (G1 Evacuation Pause) 169M->171M(512M) 10.415ms
[2020-08-01T12:25:13.008+0300][100.521s][info ][gc] GC(4426) Pause Young (Normal) (G1 Evacuation Pause) 192M->193M(512M) 10.560ms
[2020-08-01T12:25:13.027+0300][100.540s][info ][gc] GC(4427) Pause Young (Normal) (G1 Evacuation Pause) 214M->216M(512M) 10.159ms
[2020-08-01T12:25:13.047+0300][100.560s][info ][gc] GC(4428) Pause Young (Normal) (G1 Evacuation Pause) 237M->239M(512M) 11.783ms
[2020-08-01T12:25:13.066+0300][100.579s][info ][gc] GC(4429) Pause Young (Concurrent Start) (G1 Evacuation Pause) 260M->261M(512M) 10.656ms
[2020-08-01T12:25:13.067+0300][100.579s][info ][gc] GC(4430) Concurrent Cycle
[2020-08-01T12:25:13.091+0300][100.603s][info ][gc] GC(4431) Pause Young (Normal) (G1 Evacuation Pause) 302M->304M(512M) 11.119ms
[2020-08-01T12:25:13.110+0300][100.623s][info ][gc] GC(4432) Pause Young (Normal) (G1 Evacuation Pause) 325M->326M(512M) 10.881ms
[2020-08-01T12:25:13.129+0300][100.642s][info ][gc] GC(4433) Pause Young (Normal) (G1 Evacuation Pause) 347M->348M(512M) 10.232ms
[2020-08-01T12:25:13.148+0300][100.661s][info ][gc] GC(4434) Pause Young (Normal) (G1 Evacuation Pause) 369M->370M(512M) 10.682ms
[2020-08-01T12:25:13.168+0300][100.681s][info ][gc] GC(4435) Pause Young (Normal) (G1 Evacuation Pause) 391M->393M(512M) 10.606ms
[2020-08-01T12:25:13.187+0300][100.700s][info ][gc] GC(4436) Pause Young (Normal) (G1 Evacuation Pause) 414M->415M(512M) 9.903ms
[2020-08-01T12:25:13.213+0300][100.726s][info ][gc] GC(4437) Pause Young (Normal) (G1 Evacuation Pause) 456M->458M(512M) 13.378ms
[2020-08-01T12:25:13.233+0300][100.746s][info ][gc] GC(4438) Pause Young (Normal) (G1 Evacuation Pause) 479M->480M(512M) 11.025ms
[2020-08-01T12:25:13.269+0300][100.782s][info ][gc] GC(4439) To-space exhausted
[2020-08-01T12:25:13.269+0300][100.782s][info ][gc] GC(4439) Pause Young (Normal) (G1 Evacuation Pause) 501M->509M(512M) 26.856ms
[2020-08-01T12:25:13.270+0300][100.783s][debug][gc] GC(4440) Clear Next Bitmap 0.509ms
[2020-08-01T12:25:13.317+0300][100.830s][info ][gc] GC(4440) Pause Full (G1 Evacuation Pause) 509M->76M(512M) 47.541ms
[2020-08-01T12:25:13.317+0300][100.830s][info ][gc] GC(4430) Concurrent Cycle 250.469ms
[2020-08-01T12:25:13.340+0300][100.853s][info ][gc] GC(4441) Pause Young (Normal) (G1 Evacuation Pause) 102M->103M(512M) 12.435ms
[2020-08-01T12:25:13.359+0300][100.872s][info ][gc] GC(4442) Pause Young (Normal) (G1 Evacuation Pause) 126M->127M(512M) 10.383ms
[2020-08-01T12:25:13.382+0300][100.895s][info ][gc] GC(4443) Pause Young (Normal) (G1 Evacuation Pause) 168M->169M(512M) 11.541ms
[2020-08-01T12:25:13.401+0300][100.914s][info ][gc] GC(4444) Pause Young (Normal) (G1 Evacuation Pause) 190M->192M(512M) 10.537ms
[2020-08-01T12:25:13.420+0300][100.933s][info ][gc] GC(4445) Pause Young (Normal) (G1 Evacuation Pause) 213M->215M(512M) 10.470ms
[2020-08-01T12:25:13.439+0300][100.952s][info ][gc] GC(4446) Pause Young (Normal) (G1 Evacuation Pause) 236M->237M(512M) 10.401ms
[2020-08-01T12:25:13.459+0300][100.972s][info ][gc] GC(4447) Pause Young (Concurrent Start) (G1 Evacuation Pause) 258M->260M(512M) 10.595ms
[2020-08-01T12:25:13.459+0300][100.972s][info ][gc] GC(4448) Concurrent Cycle
[2020-08-01T12:25:13.482+0300][100.995s][info ][gc] GC(4449) Pause Young (Normal) (G1 Evacuation Pause) 281M->282M(512M) 12.361ms
[2020-08-01T12:25:13.504+0300][101.017s][info ][gc] GC(4450) Pause Young (Normal) (G1 Evacuation Pause) 323M->324M(512M) 10.337ms
[2020-08-01T12:25:13.524+0300][101.036s][info ][gc] GC(4451) Pause Young (Normal) (G1 Evacuation Pause) 345M->346M(512M) 10.600ms
[2020-08-01T12:25:13.543+0300][101.056s][info ][gc] GC(4452) Pause Young (Normal) (G1 Evacuation Pause) 367M->369M(512M) 10.553ms
[2020-08-01T12:25:13.563+0300][101.076s][info ][gc] GC(4453) Pause Young (Normal) (G1 Evacuation Pause) 390M->392M(512M) 11.880ms
[2020-08-01T12:25:13.584+0300][101.097s][info ][gc] GC(4454) Pause Young (Normal) (G1 Evacuation Pause) 413M->415M(512M) 12.110ms
[2020-08-01T12:25:13.607+0300][101.120s][info ][gc] GC(4455) Pause Young (Normal) (G1 Evacuation Pause) 456M->457M(512M) 10.197ms
[2020-08-01T12:25:13.627+0300][101.140s][info ][gc] GC(4456) Pause Young (Normal) (G1 Evacuation Pause) 478M->479M(512M) 10.911ms
[2020-08-01T12:25:13.666+0300][101.179s][info ][gc] GC(4457) To-space exhausted
[2020-08-01T12:25:13.666+0300][101.179s][info ][gc] GC(4457) Pause Young (Normal) (G1 Evacuation Pause) 500M->507M(512M) 29.999ms
[2020-08-01T12:25:13.666+0300][101.179s][debug][gc] GC(4458) Clear Next Bitmap 0.373ms
[2020-08-01T12:25:13.719+0300][101.232s][info ][gc] GC(4458) Pause Full (G1 Evacuation Pause) 507M->75M(512M) 52.828ms
[2020-08-01T12:25:13.719+0300][101.232s][info ][gc] GC(4448) Concurrent Cycle 260.182ms
[2020-08-01T12:25:13.742+0300][101.255s][info ][gc] GC(4459) Pause Young (Normal) (G1 Evacuation Pause) 102M->102M(512M) 12.313ms
[2020-08-01T12:25:13.764+0300][101.277s][info ][gc] GC(4460) Pause Young (Normal) (G1 Evacuation Pause) 126M->128M(512M) 12.361ms
[2020-08-01T12:25:13.787+0300][101.300s][info ][gc] GC(4461) Pause Young (Normal) (G1 Evacuation Pause) 169M->171M(512M) 9.597ms
[2020-08-01T12:25:13.806+0300][101.319s][info ][gc] GC(4462) Pause Young (Normal) (G1 Evacuation Pause) 192M->193M(512M) 10.438ms
[2020-08-01T12:25:13.825+0300][101.338s][info ][gc] GC(4463) Pause Young (Normal) (G1 Evacuation Pause) 214M->215M(512M) 9.876ms
[2020-08-01T12:25:13.844+0300][101.357s][info ][gc] GC(4464) Pause Young (Normal) (G1 Evacuation Pause) 236M->238M(512M) 10.563ms
[2020-08-01T12:25:13.866+0300][101.379s][info ][gc] GC(4465) Pause Young (Concurrent Start) (G1 Evacuation Pause) 259M->260M(512M) 14.018ms
[2020-08-01T12:25:13.866+0300][101.379s][info ][gc] GC(4466) Concurrent Cycle
[2020-08-01T12:25:13.889+0300][101.402s][info ][gc] GC(4467) Pause Young (Normal) (G1 Evacuation Pause) 301M->303M(512M) 10.316ms
[2020-08-01T12:25:13.908+0300][101.421s][info ][gc] GC(4468) Pause Young (Normal) (G1 Evacuation Pause) 324M->326M(512M) 10.398ms
[2020-08-01T12:25:13.928+0300][101.441s][info ][gc] GC(4469) Pause Young (Normal) (G1 Evacuation Pause) 347M->348M(512M) 10.376ms
[2020-08-01T12:25:13.947+0300][101.460s][info ][gc] GC(4470) Pause Young (Normal) (G1 Evacuation Pause) 369M->371M(512M) 10.627ms
[2020-08-01T12:25:13.966+0300][101.479s][info ][gc] GC(4471) Pause Young (Normal) (G1 Evacuation Pause) 392M->393M(512M) 10.374ms
[2020-08-01T12:25:13.985+0300][101.498s][info ][gc] GC(4472) Pause Young (Normal) (G1 Evacuation Pause) 414M->416M(512M) 10.166ms
[2020-08-01T12:25:14.009+0300][101.522s][info ][gc] GC(4473) Pause Young (Normal) (G1 Evacuation Pause) 457M->458M(512M) 10.797ms
[2020-08-01T12:25:14.029+0300][101.542s][info ][gc] GC(4474) Pause Young (Normal) (G1 Evacuation Pause) 479M->481M(512M) 10.846ms
[2020-08-01T12:25:14.038+0300][101.551s][debug][gc] GC(4466) Reclaimed 128 empty regions
[2020-08-01T12:25:14.038+0300][101.551s][info ][gc] GC(4466) Pause Remark 500M->374M(512M) 0.681ms
[2020-08-01T12:25:14.050+0300][101.563s][info ][gc] GC(4475) Pause Young (Normal) (G1 Evacuation Pause) 375M->377M(512M) 11.236ms
[2020-08-01T12:25:14.077+0300][101.590s][info ][gc] GC(4476) Pause Young (Normal) (G1 Evacuation Pause) 398M->400M(512M) 10.588ms
[2020-08-01T12:25:14.101+0300][101.614s][info ][gc] GC(4477) Pause Young (Normal) (G1 Evacuation Pause) 421M->422M(512M) 10.673ms
[2020-08-01T12:25:14.135+0300][101.648s][info ][gc] GC(4478) Pause Young (Normal) (G1 Evacuation Pause) 463M->464M(512M) 11.359ms
[2020-08-01T12:25:14.161+0300][101.673s][info ][gc] GC(4479) To-space exhausted
[2020-08-01T12:25:14.161+0300][101.674s][info ][gc] GC(4479) Pause Young (Normal) (G1 Evacuation Pause) 485M->488M(512M) 11.131ms
[2020-08-01T12:25:14.212+0300][101.725s][info ][gc] GC(4480) To-space exhausted
[2020-08-01T12:25:14.212+0300][101.725s][info ][gc] GC(4480) Pause Young (Normal) (G1 Evacuation Pause) 509M->511M(512M) 34.489ms
[2020-08-01T12:25:14.212+0300][101.725s][debug][gc] GC(4481) Clear Next Bitmap 0.324ms
[2020-08-01T12:25:14.253+0300][101.766s][info ][gc] GC(4481) Pause Full (G1 Evacuation Pause) 511M->65M(512M) 41.231ms
[2020-08-01T12:25:14.253+0300][101.766s][info ][gc] GC(4466) Concurrent Cycle 387.036ms
[2020-08-01T12:25:14.274+0300][101.787s][info ][gc] GC(4482) Pause Young (Normal) (G1 Evacuation Pause) 90M->90M(512M) 10.700ms
[2020-08-01T12:25:14.294+0300][101.807s][info ][gc] GC(4483) Pause Young (Normal) (G1 Evacuation Pause) 113M->115M(512M) 10.804ms
[2020-08-01T12:25:14.313+0300][101.826s][info ][gc] GC(4484) Pause Young (Normal) (G1 Evacuation Pause) 136M->137M(512M) 10.504ms
[2020-08-01T12:25:14.337+0300][101.849s][info ][gc] GC(4485) Pause Young (Normal) (G1 Evacuation Pause) 178M->179M(512M) 12.426ms
[2020-08-01T12:25:14.356+0300][101.869s][info ][gc] GC(4486) Pause Young (Normal) (G1 Evacuation Pause) 200M->202M(512M) 11.447ms
[2020-08-01T12:25:14.375+0300][101.888s][info ][gc] GC(4487) Pause Young (Normal) (G1 Evacuation Pause) 223M->224M(512M) 10.564ms
[2020-08-01T12:25:14.394+0300][101.907s][info ][gc] GC(4488) Pause Young (Normal) (G1 Evacuation Pause) 245M->246M(512M) 10.723ms
[2020-08-01T12:25:14.414+0300][101.927s][info ][gc] GC(4489) Pause Young (Concurrent Start) (G1 Evacuation Pause) 267M->268M(512M) 10.754ms
[2020-08-01T12:25:14.414+0300][101.927s][info ][gc] GC(4490) Concurrent Cycle
[2020-08-01T12:25:14.437+0300][101.949s][info ][gc] GC(4491) Pause Young (Normal) (G1 Evacuation Pause) 309M->310M(512M) 10.926ms
[2020-08-01T12:25:14.456+0300][101.969s][info ][gc] GC(4492) Pause Young (Normal) (G1 Evacuation Pause) 331M->332M(512M) 10.557ms
[2020-08-01T12:25:14.475+0300][101.988s][info ][gc] GC(4493) Pause Young (Normal) (G1 Evacuation Pause) 353M->354M(512M) 10.153ms
[2020-08-01T12:25:14.496+0300][102.009s][info ][gc] GC(4494) Pause Young (Normal) (G1 Evacuation Pause) 375M->376M(512M) 10.783ms
[2020-08-01T12:25:14.516+0300][102.029s][info ][gc] GC(4495) Pause Young (Normal) (G1 Evacuation Pause) 397M->399M(512M) 10.354ms
[2020-08-01T12:25:14.535+0300][102.048s][info ][gc] GC(4496) Pause Young (Normal) (G1 Evacuation Pause) 420M->422M(512M) 10.518ms
[2020-08-01T12:25:14.559+0300][102.072s][info ][gc] GC(4497) Pause Young (Normal) (G1 Evacuation Pause) 463M->465M(512M) 11.030ms
[2020-08-01T12:25:14.584+0300][102.097s][info ][gc] GC(4498) To-space exhausted
[2020-08-01T12:25:14.584+0300][102.097s][info ][gc] GC(4498) Pause Young (Normal) (G1 Evacuation Pause) 486M->492M(512M) 15.647ms
[2020-08-01T12:25:14.619+0300][102.131s][info ][gc] GC(4499) To-space exhausted
[2020-08-01T12:25:14.619+0300][102.132s][info ][gc] GC(4499) Pause Young (Normal) (G1 Evacuation Pause) 508M->508M(512M) 27.992ms
[2020-08-01T12:25:14.619+0300][102.132s][debug][gc] GC(4500) Clear Next Bitmap 0.353ms
[2020-08-01T12:25:14.668+0300][102.181s][info ][gc] GC(4500) Pause Full (G1 Evacuation Pause) 508M->78M(512M) 49.630ms
[2020-08-01T12:25:14.669+0300][102.181s][info ][gc] GC(4490) Concurrent Cycle 254.729ms
[2020-08-01T12:25:14.693+0300][102.206s][info ][gc] GC(4501) Pause Young (Normal) (G1 Evacuation Pause) 104M->105M(512M) 12.303ms
[2020-08-01T12:25:14.716+0300][102.229s][info ][gc] GC(4502) Pause Young (Normal) (G1 Evacuation Pause) 130M->131M(512M) 12.393ms
[2020-08-01T12:25:14.742+0300][102.255s][info ][gc] GC(4503) Pause Young (Normal) (G1 Evacuation Pause) 172M->174M(512M) 12.618ms
[2020-08-01T12:25:14.761+0300][102.274s][info ][gc] GC(4504) Pause Young (Normal) (G1 Evacuation Pause) 195M->197M(512M) 10.346ms
[2020-08-01T12:25:14.780+0300][102.293s][info ][gc] GC(4505) Pause Young (Normal) (G1 Evacuation Pause) 218M->219M(512M) 10.444ms
[2020-08-01T12:25:14.799+0300][102.312s][info ][gc] GC(4506) Pause Young (Normal) (G1 Evacuation Pause) 240M->242M(512M) 10.512ms
[2020-08-01T12:25:14.818+0300][102.331s][info ][gc] GC(4507) Pause Young (Concurrent Start) (G1 Evacuation Pause) 263M->264M(512M) 10.423ms
[2020-08-01T12:25:14.818+0300][102.331s][info ][gc] GC(4508) Concurrent Cycle
[2020-08-01T12:25:14.840+0300][102.353s][info ][gc] GC(4509) Pause Young (Normal) (G1 Evacuation Pause) 306M->308M(512M) 9.949ms
[2020-08-01T12:25:14.860+0300][102.373s][info ][gc] GC(4510) Pause Young (Normal) (G1 Evacuation Pause) 330M->331M(512M) 10.923ms
[2020-08-01T12:25:14.879+0300][102.392s][info ][gc] GC(4511) Pause Young (Normal) (G1 Evacuation Pause) 353M->354M(512M) 10.428ms
[2020-08-01T12:25:14.899+0300][102.412s][info ][gc] GC(4512) Pause Young (Normal) (G1 Evacuation Pause) 376M->377M(512M) 10.684ms
[2020-08-01T12:25:14.919+0300][102.432s][info ][gc] GC(4513) Pause Young (Normal) (G1 Evacuation Pause) 399M->401M(512M) 10.741ms
[2020-08-01T12:25:14.940+0300][102.453s][info ][gc] GC(4514) Pause Young (Normal) (G1 Evacuation Pause) 422M->423M(512M) 11.370ms
[2020-08-01T12:25:14.964+0300][102.477s][info ][gc] GC(4515) Pause Young (Normal) (G1 Evacuation Pause) 464M->466M(512M) 10.889ms
[2020-08-01T12:25:14.987+0300][102.500s][info ][gc] GC(4516) To-space exhausted
[2020-08-01T12:25:14.988+0300][102.500s][info ][gc] GC(4516) Pause Young (Normal) (G1 Evacuation Pause) 487M->495M(512M) 14.731ms
[2020-08-01T12:25:15.019+0300][102.532s][info ][gc] GC(4517) To-space exhausted
[2020-08-01T12:25:15.019+0300][102.532s][info ][gc] GC(4517) Pause Young (Normal) (G1 Evacuation Pause) 508M->508M(512M) 25.310ms
[2020-08-01T12:25:15.019+0300][102.532s][debug][gc] GC(4518) Clear Next Bitmap 0.324ms
[2020-08-01T12:25:15.066+0300][102.579s][info ][gc] GC(4518) Pause Full (G1 Evacuation Pause) 508M->75M(512M) 47.296ms
[2020-08-01T12:25:15.067+0300][102.580s][info ][gc] GC(4508) Concurrent Cycle 248.759ms
[2020-08-01T12:25:15.088+0300][102.601s][info ][gc] GC(4519) Pause Young (Normal) (G1 Evacuation Pause) 102M->103M(512M) 10.633ms
[2020-08-01T12:25:15.110+0300][102.623s][info ][gc] GC(4520) Pause Young (Normal) (G1 Evacuation Pause) 128M->129M(512M) 11.878ms
[2020-08-01T12:25:15.133+0300][102.646s][info ][gc] GC(4521) Pause Young (Normal) (G1 Evacuation Pause) 170M->171M(512M) 12.543ms
[2020-08-01T12:25:15.152+0300][102.665s][info ][gc] GC(4522) Pause Young (Normal) (G1 Evacuation Pause) 192M->194M(512M) 10.523ms
[2020-08-01T12:25:15.172+0300][102.684s][info ][gc] GC(4523) Pause Young (Normal) (G1 Evacuation Pause) 215M->216M(512M) 10.491ms
[2020-08-01T12:25:15.190+0300][102.703s][info ][gc] GC(4524) Pause Young (Normal) (G1 Evacuation Pause) 237M->238M(512M) 10.174ms
[2020-08-01T12:25:15.210+0300][102.723s][info ][gc] GC(4525) Pause Young (Concurrent Start) (G1 Evacuation Pause) 259M->261M(512M) 10.599ms
[2020-08-01T12:25:15.210+0300][102.723s][info ][gc] GC(4526) Concurrent Cycle
[2020-08-01T12:25:15.234+0300][102.747s][info ][gc] GC(4527) Pause Young (Normal) (G1 Evacuation Pause) 302M->303M(512M) 11.542ms
[2020-08-01T12:25:15.253+0300][102.766s][info ][gc] GC(4528) Pause Young (Normal) (G1 Evacuation Pause) 324M->325M(512M) 10.384ms
[2020-08-01T12:25:15.272+0300][102.785s][info ][gc] GC(4529) Pause Young (Normal) (G1 Evacuation Pause) 346M->348M(512M) 10.538ms
[2020-08-01T12:25:15.291+0300][102.804s][info ][gc] GC(4530) Pause Young (Normal) (G1 Evacuation Pause) 369M->370M(512M) 10.382ms
[2020-08-01T12:25:15.311+0300][102.824s][info ][gc] GC(4531) Pause Young (Normal) (G1 Evacuation Pause) 391M->392M(512M) 10.623ms
[2020-08-01T12:25:15.331+0300][102.844s][info ][gc] GC(4532) Pause Young (Normal) (G1 Evacuation Pause) 413M->414M(512M) 11.175ms
[2020-08-01T12:25:15.354+0300][102.867s][info ][gc] GC(4533) Pause Young (Normal) (G1 Evacuation Pause) 455M->457M(512M) 10.199ms
[2020-08-01T12:25:15.374+0300][102.887s][info ][gc] GC(4534) Pause Young (Normal) (G1 Evacuation Pause) 478M->479M(512M) 10.554ms
[2020-08-01T12:25:15.412+0300][102.925s][info ][gc] GC(4535) To-space exhausted
[2020-08-01T12:25:15.412+0300][102.925s][info ][gc] GC(4535) Pause Young (Normal) (G1 Evacuation Pause) 500M->506M(512M) 28.939ms
[2020-08-01T12:25:15.415+0300][102.928s][debug][gc] GC(4526) Reclaimed 129 empty regions
[2020-08-01T12:25:15.415+0300][102.928s][info ][gc] GC(4526) Pause Remark 508M->382M(512M) 0.612ms
[2020-08-01T12:25:15.435+0300][102.948s][info ][gc] GC(4536) Pause Young (Normal) (G1 Evacuation Pause) 401M->402M(512M) 11.152ms
[2020-08-01T12:25:15.462+0300][102.975s][info ][gc] GC(4537) Pause Young (Normal) (G1 Evacuation Pause) 423M->424M(512M) 10.539ms
[2020-08-01T12:25:15.492+0300][103.005s][info ][gc] GC(4538) Pause Young (Normal) (G1 Evacuation Pause) 465M->467M(512M) 10.395ms
[2020-08-01T12:25:15.526+0300][103.039s][info ][gc] GC(4539) To-space exhausted
[2020-08-01T12:25:15.526+0300][103.039s][info ][gc] GC(4539) Pause Young (Normal) (G1 Evacuation Pause) 488M->495M(512M) 12.729ms
[2020-08-01T12:25:15.570+0300][103.083s][info ][gc] GC(4540) To-space exhausted
[2020-08-01T12:25:15.570+0300][103.083s][info ][gc] GC(4540) Pause Young (Normal) (G1 Evacuation Pause) 511M->511M(512M) 28.735ms
[2020-08-01T12:25:15.570+0300][103.083s][debug][gc] GC(4541) Clear Next Bitmap 0.286ms
[2020-08-01T12:25:15.611+0300][103.124s][info ][gc] GC(4541) Pause Full (G1 Evacuation Pause) 511M->62M(512M) 40.750ms
[2020-08-01T12:25:15.611+0300][103.124s][info ][gc] GC(4526) Concurrent Cycle 401.177ms
[2020-08-01T12:25:15.633+0300][103.146s][info ][gc] GC(4542) Pause Young (Normal) (G1 Evacuation Pause) 89M->89M(512M) 11.612ms
[2020-08-01T12:25:15.659+0300][103.171s][info ][gc] GC(4543) Pause Young (Normal) (G1 Evacuation Pause) 114M->115M(512M) 15.284ms
[2020-08-01T12:25:15.679+0300][103.191s][info ][gc] GC(4544) Pause Young (Normal) (G1 Evacuation Pause) 136M->137M(512M) 10.514ms
[2020-08-01T12:25:15.700+0300][103.213s][info ][gc] GC(4545) Pause Young (Normal) (G1 Evacuation Pause) 178M->180M(512M) 11.003ms
[2020-08-01T12:25:15.719+0300][103.232s][info ][gc] GC(4546) Pause Young (Normal) (G1 Evacuation Pause) 201M->202M(512M) 10.352ms
[2020-08-01T12:25:15.738+0300][103.251s][info ][gc] GC(4547) Pause Young (Normal) (G1 Evacuation Pause) 223M->225M(512M) 10.761ms
[2020-08-01T12:25:15.758+0300][103.271s][info ][gc] GC(4548) Pause Young (Normal) (G1 Evacuation Pause) 246M->247M(512M) 10.472ms
[2020-08-01T12:25:15.778+0300][103.291s][info ][gc] GC(4549) Pause Young (Concurrent Start) (G1 Evacuation Pause) 268M->269M(512M) 11.548ms
[2020-08-01T12:25:15.778+0300][103.291s][info ][gc] GC(4550) Concurrent Cycle
[2020-08-01T12:25:15.801+0300][103.314s][info ][gc] GC(4551) Pause Young (Normal) (G1 Evacuation Pause) 310M->311M(512M) 10.784ms
[2020-08-01T12:25:15.821+0300][103.334s][info ][gc] GC(4552) Pause Young (Normal) (G1 Evacuation Pause) 332M->334M(512M) 10.454ms
[2020-08-01T12:25:15.841+0300][103.354s][info ][gc] GC(4553) Pause Young (Normal) (G1 Evacuation Pause) 355M->356M(512M) 10.530ms
[2020-08-01T12:25:15.860+0300][103.373s][info ][gc] GC(4554) Pause Young (Normal) (G1 Evacuation Pause) 377M->378M(512M) 10.234ms
[2020-08-01T12:25:15.880+0300][103.393s][info ][gc] GC(4555) Pause Young (Normal) (G1 Evacuation Pause) 399M->400M(512M) 10.602ms
[2020-08-01T12:25:15.899+0300][103.412s][info ][gc] GC(4556) Pause Young (Normal) (G1 Evacuation Pause) 421M->423M(512M) 10.277ms
[2020-08-01T12:25:15.921+0300][103.434s][info ][gc] GC(4557) Pause Young (Normal) (G1 Evacuation Pause) 464M->466M(512M) 10.322ms
[2020-08-01T12:25:15.945+0300][103.458s][info ][gc] GC(4558) To-space exhausted
[2020-08-01T12:25:15.945+0300][103.458s][info ][gc] GC(4558) Pause Young (Normal) (G1 Evacuation Pause) 487M->493M(512M) 14.766ms
[2020-08-01T12:25:15.978+0300][103.491s][info ][gc] GC(4559) To-space exhausted
[2020-08-01T12:25:15.978+0300][103.491s][info ][gc] GC(4559) Pause Young (Normal) (G1 Evacuation Pause) 508M->508M(512M) 27.161ms
[2020-08-01T12:25:15.979+0300][103.492s][debug][gc] GC(4560) Clear Next Bitmap 0.359ms
[2020-08-01T12:25:16.032+0300][103.545s][info ][gc] GC(4560) Pause Full (G1 Evacuation Pause) 508M->78M(512M) 53.743ms
[2020-08-01T12:25:16.032+0300][103.545s][info ][gc] GC(4550) Concurrent Cycle 254.406ms
[2020-08-01T12:25:16.053+0300][103.566s][info ][gc] GC(4561) Pause Young (Normal) (G1 Evacuation Pause) 104M->104M(512M) 10.495ms
[2020-08-01T12:25:16.077+0300][103.590s][info ][gc] GC(4562) Pause Young (Normal) (G1 Evacuation Pause) 129M->130M(512M) 13.549ms
[2020-08-01T12:25:16.098+0300][103.611s][info ][gc] GC(4563) Pause Young (Normal) (G1 Evacuation Pause) 171M->172M(512M) 10.774ms
[2020-08-01T12:25:16.117+0300][103.630s][info ][gc] GC(4564) Pause Young (Normal) (G1 Evacuation Pause) 193M->194M(512M) 10.491ms
[2020-08-01T12:25:16.135+0300][103.648s][info ][gc] GC(4565) Pause Young (Normal) (G1 Evacuation Pause) 215M->217M(512M) 10.269ms
[2020-08-01T12:25:16.154+0300][103.667s][info ][gc] GC(4566) Pause Young (Normal) (G1 Evacuation Pause) 238M->240M(512M) 10.610ms
[2020-08-01T12:25:16.174+0300][103.687s][info ][gc] GC(4567) Pause Young (Concurrent Start) (G1 Evacuation Pause) 261M->262M(512M) 10.747ms
[2020-08-01T12:25:16.174+0300][103.687s][info ][gc] GC(4568) Concurrent Cycle
[2020-08-01T12:25:16.198+0300][103.711s][info ][gc] GC(4569) Pause Young (Normal) (G1 Evacuation Pause) 304M->305M(512M) 11.438ms
[2020-08-01T12:25:16.218+0300][103.731s][info ][gc] GC(4570) Pause Young (Normal) (G1 Evacuation Pause) 326M->328M(512M) 10.931ms
[2020-08-01T12:25:16.237+0300][103.750s][info ][gc] GC(4571) Pause Young (Normal) (G1 Evacuation Pause) 349M->350M(512M) 9.831ms
[2020-08-01T12:25:16.256+0300][103.769s][info ][gc] GC(4572) Pause Young (Normal) (G1 Evacuation Pause) 371M->372M(512M) 10.508ms
[2020-08-01T12:25:16.276+0300][103.789s][info ][gc] GC(4573) Pause Young (Normal) (G1 Evacuation Pause) 393M->395M(512M) 10.380ms
[2020-08-01T12:25:16.297+0300][103.809s][info ][gc] GC(4574) Pause Young (Normal) (G1 Evacuation Pause) 416M->417M(512M) 11.957ms
[2020-08-01T12:25:16.319+0300][103.832s][info ][gc] GC(4575) Pause Young (Normal) (G1 Evacuation Pause) 458M->460M(512M) 10.845ms
[2020-08-01T12:25:16.341+0300][103.853s][info ][gc] GC(4576) Pause Young (Normal) (G1 Evacuation Pause) 481M->481M(512M) 12.618ms
[2020-08-01T12:25:16.379+0300][103.892s][info ][gc] GC(4577) To-space exhausted
[2020-08-01T12:25:16.379+0300][103.892s][info ][gc] GC(4577) Pause Young (Normal) (G1 Evacuation Pause) 502M->508M(512M) 29.951ms
[2020-08-01T12:25:16.380+0300][103.892s][debug][gc] GC(4578) Clear Next Bitmap 0.280ms
[2020-08-01T12:25:16.432+0300][103.945s][info ][gc] GC(4578) Pause Full (G1 Evacuation Pause) 508M->79M(512M) 52.339ms
[2020-08-01T12:25:16.432+0300][103.945s][info ][gc] GC(4568) Concurrent Cycle 258.034ms
[2020-08-01T12:25:16.455+0300][103.968s][info ][gc] GC(4579) Pause Young (Normal) (G1 Evacuation Pause) 106M->107M(512M) 12.335ms
[2020-08-01T12:25:16.478+0300][103.991s][info ][gc] GC(4580) Pause Young (Normal) (G1 Evacuation Pause) 132M->133M(512M) 12.570ms
[2020-08-01T12:25:16.500+0300][104.013s][info ][gc] GC(4581) Pause Young (Normal) (G1 Evacuation Pause) 174M->175M(512M) 10.624ms
[2020-08-01T12:25:16.520+0300][104.032s][info ][gc] GC(4582) Pause Young (Normal) (G1 Evacuation Pause) 196M->198M(512M) 10.691ms
[2020-08-01T12:25:16.539+0300][104.051s][info ][gc] GC(4583) Pause Young (Normal) (G1 Evacuation Pause) 219M->220M(512M) 10.492ms
[2020-08-01T12:25:16.557+0300][104.070s][info ][gc] GC(4584) Pause Young (Normal) (G1 Evacuation Pause) 241M->242M(512M) 10.525ms
[2020-08-01T12:25:16.576+0300][104.089s][info ][gc] GC(4585) Pause Young (Concurrent Start) (G1 Evacuation Pause) 263M->264M(512M) 10.537ms
[2020-08-01T12:25:16.576+0300][104.089s][info ][gc] GC(4586) Concurrent Cycle
[2020-08-01T12:25:16.599+0300][104.111s][info ][gc] GC(4587) Pause Young (Normal) (G1 Evacuation Pause) 305M->307M(512M) 11.045ms
[2020-08-01T12:25:16.618+0300][104.131s][info ][gc] GC(4588) Pause Young (Normal) (G1 Evacuation Pause) 328M->330M(512M) 10.483ms
[2020-08-01T12:25:16.637+0300][104.150s][info ][gc] GC(4589) Pause Young (Normal) (G1 Evacuation Pause) 351M->353M(512M) 10.732ms
[2020-08-01T12:25:16.659+0300][104.172s][info ][gc] GC(4590) Pause Young (Normal) (G1 Evacuation Pause) 374M->375M(512M) 11.286ms
[2020-08-01T12:25:16.683+0300][104.195s][info ][gc] GC(4591) Pause Young (Normal) (G1 Evacuation Pause) 396M->397M(512M) 13.269ms
[2020-08-01T12:25:16.705+0300][104.218s][info ][gc] GC(4592) Pause Young (Normal) (G1 Evacuation Pause) 418M->420M(512M) 11.872ms
[2020-08-01T12:25:16.731+0300][104.244s][info ][gc] GC(4593) Pause Young (Normal) (G1 Evacuation Pause) 461M->462M(512M) 11.837ms
[2020-08-01T12:25:16.751+0300][104.263s][info ][gc] GC(4594) Pause Young (Normal) (G1 Evacuation Pause) 483M->484M(512M) 10.589ms
[2020-08-01T12:25:16.789+0300][104.302s][info ][gc] GC(4595) To-space exhausted
[2020-08-01T12:25:16.790+0300][104.302s][info ][gc] GC(4595) Pause Young (Normal) (G1 Evacuation Pause) 505M->508M(512M) 30.246ms
[2020-08-01T12:25:16.798+0300][104.310s][info ][gc] GC(4596) To-space exhausted
[2020-08-01T12:25:16.798+0300][104.311s][info ][gc] GC(4596) Pause Young (Normal) (G1 Evacuation Pause) 509M->509M(512M) 7.540ms
[2020-08-01T12:25:16.798+0300][104.311s][debug][gc] GC(4597) Clear Next Bitmap 0.315ms
[2020-08-01T12:25:16.848+0300][104.361s][info ][gc] GC(4597) Pause Full (G1 Evacuation Pause) 509M->81M(512M) 50.028ms
[2020-08-01T12:25:16.848+0300][104.361s][info ][gc] GC(4586) Concurrent Cycle 271.685ms
[2020-08-01T12:25:16.870+0300][104.383s][info ][gc] GC(4598) Pause Young (Normal) (G1 Evacuation Pause) 108M->108M(512M) 10.753ms
[2020-08-01T12:25:16.891+0300][104.404s][info ][gc] GC(4599) Pause Young (Normal) (G1 Evacuation Pause) 133M->134M(512M) 11.211ms
[2020-08-01T12:25:16.913+0300][104.426s][info ][gc] GC(4600) Pause Young (Normal) (G1 Evacuation Pause) 175M->177M(512M) 10.412ms
[2020-08-01T12:25:16.933+0300][104.445s][info ][gc] GC(4601) Pause Young (Normal) (G1 Evacuation Pause) 198M->199M(512M) 11.037ms
[2020-08-01T12:25:16.951+0300][104.464s][info ][gc] GC(4602) Pause Young (Normal) (G1 Evacuation Pause) 220M->221M(512M) 10.197ms
[2020-08-01T12:25:16.970+0300][104.483s][info ][gc] GC(4603) Pause Young (Normal) (G1 Evacuation Pause) 242M->243M(512M) 10.436ms
[2020-08-01T12:25:16.989+0300][104.502s][info ][gc] GC(4604) Pause Young (Concurrent Start) (G1 Evacuation Pause) 264M->266M(512M) 10.247ms
[2020-08-01T12:25:16.989+0300][104.502s][info ][gc] GC(4605) Concurrent Cycle
[2020-08-01T12:25:17.013+0300][104.525s][info ][gc] GC(4606) Pause Young (Normal) (G1 Evacuation Pause) 307M->309M(512M) 10.759ms
[2020-08-01T12:25:17.032+0300][104.545s][info ][gc] GC(4607) Pause Young (Normal) (G1 Evacuation Pause) 330M->331M(512M) 10.641ms
[2020-08-01T12:25:17.052+0300][104.565s][info ][gc] GC(4608) Pause Young (Normal) (G1 Evacuation Pause) 352M->354M(512M) 11.673ms
[2020-08-01T12:25:17.073+0300][104.586s][info ][gc] GC(4609) Pause Young (Normal) (G1 Evacuation Pause) 375M->376M(512M) 11.127ms
[2020-08-01T12:25:17.092+0300][104.605s][info ][gc] GC(4610) Pause Young (Normal) (G1 Evacuation Pause) 397M->398M(512M) 10.610ms
[2020-08-01T12:25:17.112+0300][104.625s][info ][gc] GC(4611) Pause Young (Normal) (G1 Evacuation Pause) 419M->420M(512M) 10.510ms
[2020-08-01T12:25:17.137+0300][104.649s][info ][gc] GC(4612) Pause Young (Normal) (G1 Evacuation Pause) 461M->462M(512M) 11.433ms
[2020-08-01T12:25:17.158+0300][104.671s][info ][gc] GC(4613) To-space exhausted
[2020-08-01T12:25:17.159+0300][104.671s][info ][gc] GC(4613) Pause Young (Normal) (G1 Evacuation Pause) 483M->489M(512M) 12.711ms
[2020-08-01T12:25:17.198+0300][104.711s][info ][gc] GC(4614) To-space exhausted
[2020-08-01T12:25:17.198+0300][104.711s][info ][gc] GC(4614) Pause Young (Normal) (G1 Evacuation Pause) 508M->508M(512M) 31.336ms
[2020-08-01T12:25:17.199+0300][104.711s][debug][gc] GC(4615) Clear Next Bitmap 0.341ms
[2020-08-01T12:25:17.248+0300][104.761s][info ][gc] GC(4615) Pause Full (G1 Evacuation Pause) 508M->81M(512M) 50.228ms
[2020-08-01T12:25:17.249+0300][104.762s][info ][gc] GC(4605) Concurrent Cycle 259.381ms
[2020-08-01T12:25:17.272+0300][104.785s][info ][gc] GC(4616) Pause Young (Normal) (G1 Evacuation Pause) 109M->109M(512M) 12.575ms
[2020-08-01T12:25:17.295+0300][104.808s][info ][gc] GC(4617) Pause Young (Normal) (G1 Evacuation Pause) 134M->135M(512M) 12.225ms
[2020-08-01T12:25:17.318+0300][104.830s][info ][gc] GC(4618) Pause Young (Normal) (G1 Evacuation Pause) 176M->178M(512M) 10.552ms
[2020-08-01T12:25:17.338+0300][104.851s][info ][gc] GC(4619) Pause Young (Normal) (G1 Evacuation Pause) 199M->199M(512M) 11.630ms
[2020-08-01T12:25:17.357+0300][104.870s][info ][gc] GC(4620) Pause Young (Normal) (G1 Evacuation Pause) 220M->222M(512M) 10.534ms
[2020-08-01T12:25:17.376+0300][104.889s][info ][gc] GC(4621) Pause Young (Normal) (G1 Evacuation Pause) 243M->244M(512M) 10.579ms
[2020-08-01T12:25:17.395+0300][104.908s][info ][gc] GC(4622) Pause Young (Concurrent Start) (G1 Evacuation Pause) 265M->266M(512M) 10.358ms
[2020-08-01T12:25:17.395+0300][104.908s][info ][gc] GC(4623) Concurrent Cycle
[2020-08-01T12:25:17.418+0300][104.931s][info ][gc] GC(4624) Pause Young (Normal) (G1 Evacuation Pause) 307M->309M(512M) 11.199ms
[2020-08-01T12:25:17.438+0300][104.951s][info ][gc] GC(4625) Pause Young (Normal) (G1 Evacuation Pause) 330M->331M(512M) 10.638ms
[2020-08-01T12:25:17.457+0300][104.970s][info ][gc] GC(4626) Pause Young (Normal) (G1 Evacuation Pause) 352M->354M(512M) 10.653ms
[2020-08-01T12:25:17.476+0300][104.989s][info ][gc] GC(4627) Pause Young (Normal) (G1 Evacuation Pause) 375M->377M(512M) 10.373ms
[2020-08-01T12:25:17.496+0300][105.009s][info ][gc] GC(4628) Pause Young (Normal) (G1 Evacuation Pause) 398M->398M(512M) 10.604ms
[2020-08-01T12:25:17.516+0300][105.029s][info ][gc] GC(4629) Pause Young (Normal) (G1 Evacuation Pause) 419M->421M(512M) 10.936ms
[2020-08-01T12:25:17.542+0300][105.055s][info ][gc] GC(4630) Pause Young (Normal) (G1 Evacuation Pause) 462M->463M(512M) 12.158ms
[2020-08-01T12:25:17.565+0300][105.077s][info ][gc] GC(4631) To-space exhausted
[2020-08-01T12:25:17.565+0300][105.077s][info ][gc] GC(4631) Pause Young (Normal) (G1 Evacuation Pause) 484M->487M(512M) 13.529ms
[2020-08-01T12:25:17.606+0300][105.119s][info ][gc] GC(4632) To-space exhausted
[2020-08-01T12:25:17.606+0300][105.119s][info ][gc] GC(4632) Pause Young (Normal) (G1 Evacuation Pause) 508M->509M(512M) 32.815ms
[2020-08-01T12:25:17.607+0300][105.120s][debug][gc] GC(4633) Clear Next Bitmap 0.358ms
[2020-08-01T12:25:17.658+0300][105.171s][info ][gc] GC(4633) Pause Full (G1 Evacuation Pause) 509M->83M(512M) 51.270ms
[2020-08-01T12:25:17.658+0300][105.171s][info ][gc] GC(4623) Concurrent Cycle 262.887ms
[2020-08-01T12:25:17.681+0300][105.194s][info ][gc] GC(4634) Pause Young (Normal) (G1 Evacuation Pause) 110M->111M(512M) 12.454ms
[2020-08-01T12:25:17.705+0300][105.218s][info ][gc] GC(4635) Pause Young (Normal) (G1 Evacuation Pause) 135M->136M(512M) 13.265ms
[2020-08-01T12:25:17.730+0300][105.243s][info ][gc] GC(4636) Pause Young (Normal) (G1 Evacuation Pause) 177M->179M(512M) 11.196ms
[2020-08-01T12:25:17.750+0300][105.263s][info ][gc] GC(4637) Pause Young (Normal) (G1 Evacuation Pause) 200M->201M(512M) 11.734ms
[2020-08-01T12:25:17.769+0300][105.282s][info ][gc] GC(4638) Pause Young (Normal) (G1 Evacuation Pause) 222M->223M(512M) 10.496ms
[2020-08-01T12:25:17.789+0300][105.302s][info ][gc] GC(4639) Pause Young (Normal) (G1 Evacuation Pause) 244M->245M(512M) 10.464ms
[2020-08-01T12:25:17.808+0300][105.321s][info ][gc] GC(4640) Pause Young (Concurrent Start) (G1 Evacuation Pause) 266M->267M(512M) 10.393ms
[2020-08-01T12:25:17.808+0300][105.321s][info ][gc] GC(4641) Concurrent Cycle
[2020-08-01T12:25:17.833+0300][105.346s][info ][gc] GC(4642) Pause Young (Normal) (G1 Evacuation Pause) 308M->310M(512M) 12.184ms
[2020-08-01T12:25:17.853+0300][105.366s][info ][gc] GC(4643) Pause Young (Normal) (G1 Evacuation Pause) 331M->332M(512M) 11.445ms
[2020-08-01T12:25:17.872+0300][105.385s][info ][gc] GC(4644) Pause Young (Normal) (G1 Evacuation Pause) 353M->354M(512M) 10.426ms
[2020-08-01T12:25:17.891+0300][105.404s][info ][gc] GC(4645) Pause Young (Normal) (G1 Evacuation Pause) 375M->376M(512M) 10.591ms
[2020-08-01T12:25:17.911+0300][105.424s][info ][gc] GC(4646) Pause Young (Normal) (G1 Evacuation Pause) 397M->398M(512M) 10.592ms
[2020-08-01T12:25:17.931+0300][105.443s][info ][gc] GC(4647) Pause Young (Normal) (G1 Evacuation Pause) 419M->420M(512M) 10.600ms
[2020-08-01T12:25:17.955+0300][105.468s][info ][gc] GC(4648) Pause Young (Normal) (G1 Evacuation Pause) 461M->462M(512M) 10.311ms
[2020-08-01T12:25:17.975+0300][105.488s][info ][gc] GC(4649) To-space exhausted
[2020-08-01T12:25:17.975+0300][105.488s][info ][gc] GC(4649) Pause Young (Normal) (G1 Evacuation Pause) 483M->486M(512M) 11.373ms
[2020-08-01T12:25:18.021+0300][105.534s][info ][gc] GC(4650) To-space exhausted
[2020-08-01T12:25:18.021+0300][105.534s][info ][gc] GC(4650) Pause Young (Normal) (G1 Evacuation Pause) 507M->509M(512M) 36.718ms
[2020-08-01T12:25:18.021+0300][105.534s][debug][gc] GC(4651) Clear Next Bitmap 0.260ms
[2020-08-01T12:25:18.073+0300][105.586s][info ][gc] GC(4651) Pause Full (G1 Evacuation Pause) 509M->83M(512M) 52.003ms
[2020-08-01T12:25:18.073+0300][105.586s][info ][gc] GC(4641) Concurrent Cycle 265.401ms
[2020-08-01T12:25:18.097+0300][105.610s][info ][gc] GC(4652) Pause Young (Normal) (G1 Evacuation Pause) 110M->111M(512M) 13.109ms
[2020-08-01T12:25:18.120+0300][105.632s][info ][gc] GC(4653) Pause Young (Normal) (G1 Evacuation Pause) 135M->136M(512M) 12.533ms
[2020-08-01T12:25:18.142+0300][105.655s][info ][gc] GC(4654) Pause Young (Normal) (G1 Evacuation Pause) 177M->178M(512M) 10.258ms
[2020-08-01T12:25:18.163+0300][105.676s][info ][gc] GC(4655) Pause Young (Normal) (G1 Evacuation Pause) 199M->201M(512M) 12.128ms
[2020-08-01T12:25:18.182+0300][105.695s][info ][gc] GC(4656) Pause Young (Normal) (G1 Evacuation Pause) 222M->224M(512M) 10.876ms
[2020-08-01T12:25:18.201+0300][105.714s][info ][gc] GC(4657) Pause Young (Normal) (G1 Evacuation Pause) 245M->246M(512M) 10.181ms
[2020-08-01T12:25:18.220+0300][105.733s][info ][gc] GC(4658) Pause Young (Concurrent Start) (G1 Evacuation Pause) 267M->269M(512M) 10.380ms
[2020-08-01T12:25:18.220+0300][105.733s][info ][gc] GC(4659) Concurrent Cycle
[2020-08-01T12:25:18.244+0300][105.757s][info ][gc] GC(4660) Pause Young (Normal) (G1 Evacuation Pause) 310M->311M(512M) 11.915ms
[2020-08-01T12:25:18.263+0300][105.776s][info ][gc] GC(4661) Pause Young (Normal) (G1 Evacuation Pause) 332M->333M(512M) 10.381ms
[2020-08-01T12:25:18.282+0300][105.795s][info ][gc] GC(4662) Pause Young (Normal) (G1 Evacuation Pause) 354M->355M(512M) 10.372ms
[2020-08-01T12:25:18.301+0300][105.814s][info ][gc] GC(4663) Pause Young (Normal) (G1 Evacuation Pause) 376M->377M(512M) 10.646ms
[2020-08-01T12:25:18.321+0300][105.833s][info ][gc] GC(4664) Pause Young (Normal) (G1 Evacuation Pause) 398M->399M(512M) 10.398ms
[2020-08-01T12:25:18.341+0300][105.853s][info ][gc] GC(4665) Pause Young (Normal) (G1 Evacuation Pause) 420M->422M(512M) 10.865ms
[2020-08-01T12:25:18.364+0300][105.877s][info ][gc] GC(4666) Pause Young (Normal) (G1 Evacuation Pause) 463M->464M(512M) 10.954ms
[2020-08-01T12:25:18.386+0300][105.899s][info ][gc] GC(4667) To-space exhausted
[2020-08-01T12:25:18.386+0300][105.899s][info ][gc] GC(4667) Pause Young (Normal) (G1 Evacuation Pause) 485M->489M(512M) 12.080ms
[2020-08-01T12:25:18.429+0300][105.942s][info ][gc] GC(4668) To-space exhausted
[2020-08-01T12:25:18.429+0300][105.942s][info ][gc] GC(4668) Pause Young (Normal) (G1 Evacuation Pause) 509M->509M(512M) 34.789ms
[2020-08-01T12:25:18.430+0300][105.943s][debug][gc] GC(4669) Clear Next Bitmap 0.382ms
[2020-08-01T12:25:18.481+0300][105.994s][info ][gc] GC(4669) Pause Full (G1 Evacuation Pause) 509M->83M(512M) 51.817ms
[2020-08-01T12:25:18.482+0300][105.995s][info ][gc] GC(4659) Concurrent Cycle 261.957ms
[2020-08-01T12:25:18.503+0300][106.016s][info ][gc] GC(4670) Pause Young (Normal) (G1 Evacuation Pause) 110M->110M(512M) 11.104ms
[2020-08-01T12:25:18.526+0300][106.039s][info ][gc] GC(4671) Pause Young (Normal) (G1 Evacuation Pause) 135M->137M(512M) 12.308ms
[2020-08-01T12:25:18.549+0300][106.062s][info ][gc] GC(4672) Pause Young (Normal) (G1 Evacuation Pause) 178M->180M(512M) 10.576ms
[2020-08-01T12:25:18.569+0300][106.082s][info ][gc] GC(4673) Pause Young (Normal) (G1 Evacuation Pause) 201M->202M(512M) 10.894ms
[2020-08-01T12:25:18.587+0300][106.100s][info ][gc] GC(4674) Pause Young (Normal) (G1 Evacuation Pause) 223M->224M(512M) 10.111ms
[2020-08-01T12:25:18.606+0300][106.119s][info ][gc] GC(4675) Pause Young (Normal) (G1 Evacuation Pause) 245M->246M(512M) 10.560ms
[2020-08-01T12:25:18.627+0300][106.140s][info ][gc] GC(4676) Pause Young (Concurrent Start) (G1 Evacuation Pause) 267M->269M(512M) 12.309ms
[2020-08-01T12:25:18.627+0300][106.140s][info ][gc] GC(4677) Concurrent Cycle
[2020-08-01T12:25:18.650+0300][106.163s][info ][gc] GC(4678) Pause Young (Normal) (G1 Evacuation Pause) 311M->312M(512M) 10.593ms
[2020-08-01T12:25:18.671+0300][106.184s][info ][gc] GC(4679) Pause Young (Normal) (G1 Evacuation Pause) 333M->334M(512M) 10.873ms
[2020-08-01T12:25:18.690+0300][106.203s][info ][gc] GC(4680) Pause Young (Normal) (G1 Evacuation Pause) 355M->356M(512M) 10.415ms
[2020-08-01T12:25:18.710+0300][106.223s][info ][gc] GC(4681) Pause Young (Normal) (G1 Evacuation Pause) 377M->379M(512M) 10.359ms
[2020-08-01T12:25:18.730+0300][106.243s][info ][gc] GC(4682) Pause Young (Normal) (G1 Evacuation Pause) 400M->401M(512M) 10.576ms
[2020-08-01T12:25:18.754+0300][106.267s][info ][gc] GC(4683) Pause Young (Normal) (G1 Evacuation Pause) 442M->443M(512M) 10.541ms
[2020-08-01T12:25:18.774+0300][106.287s][info ][gc] GC(4684) Pause Young (Normal) (G1 Evacuation Pause) 464M->466M(512M) 10.632ms
[2020-08-01T12:25:18.801+0300][106.314s][info ][gc] GC(4685) To-space exhausted
[2020-08-01T12:25:18.801+0300][106.314s][info ][gc] GC(4685) Pause Young (Normal) (G1 Evacuation Pause) 487M->496M(512M) 18.251ms
[2020-08-01T12:25:18.833+0300][106.346s][info ][gc] GC(4686) To-space exhausted
[2020-08-01T12:25:18.833+0300][106.346s][info ][gc] GC(4686) Pause Young (Normal) (G1 Evacuation Pause) 508M->508M(512M) 25.442ms
[2020-08-01T12:25:18.833+0300][106.346s][debug][gc] GC(4687) Clear Next Bitmap 0.344ms
[2020-08-01T12:25:18.880+0300][106.393s][info ][gc] GC(4687) Pause Full (G1 Evacuation Pause) 508M->76M(512M) 47.476ms
[2020-08-01T12:25:18.881+0300][106.393s][info ][gc] GC(4677) Concurrent Cycle 253.469ms
[2020-08-01T12:25:18.903+0300][106.416s][info ][gc] GC(4688) Pause Young (Normal) (G1 Evacuation Pause) 103M->103M(512M) 11.509ms
[2020-08-01T12:25:18.926+0300][106.438s][info ][gc] GC(4689) Pause Young (Normal) (G1 Evacuation Pause) 127M->128M(512M) 13.086ms
[2020-08-01T12:25:18.948+0300][106.461s][info ][gc] GC(4690) Pause Young (Normal) (G1 Evacuation Pause) 169M->170M(512M) 10.638ms
[2020-08-01T12:25:18.968+0300][106.481s][info ][gc] GC(4691) Pause Young (Normal) (G1 Evacuation Pause) 191M->193M(512M) 10.804ms
[2020-08-01T12:25:18.987+0300][106.500s][info ][gc] GC(4692) Pause Young (Normal) (G1 Evacuation Pause) 214M->216M(512M) 10.645ms
[2020-08-01T12:25:19.006+0300][106.519s][info ][gc] GC(4693) Pause Young (Normal) (G1 Evacuation Pause) 237M->238M(512M) 10.082ms
[2020-08-01T12:25:19.024+0300][106.537s][info ][gc] GC(4694) Pause Young (Concurrent Start) (G1 Evacuation Pause) 259M->261M(512M) 10.155ms
[2020-08-01T12:25:19.025+0300][106.537s][info ][gc] GC(4695) Concurrent Cycle
[2020-08-01T12:25:19.050+0300][106.563s][info ][gc] GC(4696) Pause Young (Normal) (G1 Evacuation Pause) 302M->304M(512M) 12.381ms
[2020-08-01T12:25:19.069+0300][106.582s][info ][gc] GC(4697) Pause Young (Normal) (G1 Evacuation Pause) 325M->326M(512M) 10.927ms
[2020-08-01T12:25:19.089+0300][106.602s][info ][gc] GC(4698) Pause Young (Normal) (G1 Evacuation Pause) 347M->349M(512M) 10.640ms
[2020-08-01T12:25:19.108+0300][106.621s][info ][gc] GC(4699) Pause Young (Normal) (G1 Evacuation Pause) 370M->371M(512M) 10.163ms
[2020-08-01T12:25:19.127+0300][106.639s][info ][gc] GC(4700) Pause Young (Normal) (G1 Evacuation Pause) 392M->394M(512M) 10.236ms
[2020-08-01T12:25:19.146+0300][106.659s][info ][gc] GC(4701) Pause Young (Normal) (G1 Evacuation Pause) 415M->415M(512M) 10.812ms
[2020-08-01T12:25:19.172+0300][106.685s][info ][gc] GC(4702) Pause Young (Normal) (G1 Evacuation Pause) 456M->458M(512M) 11.719ms
[2020-08-01T12:25:19.193+0300][106.706s][info ][gc] GC(4703) Pause Young (Normal) (G1 Evacuation Pause) 479M->480M(512M) 11.444ms
[2020-08-01T12:25:19.203+0300][106.716s][debug][gc] GC(4695) Reclaimed 130 empty regions
[2020-08-01T12:25:19.203+0300][106.716s][info ][gc] GC(4695) Pause Remark 500M->373M(512M) 0.757ms
[2020-08-01T12:25:19.217+0300][106.730s][info ][gc] GC(4704) Pause Young (Normal) (G1 Evacuation Pause) 374M->376M(512M) 13.503ms
[2020-08-01T12:25:19.249+0300][106.762s][info ][gc] GC(4705) Pause Young (Normal) (G1 Evacuation Pause) 397M->398M(512M) 12.393ms
[2020-08-01T12:25:19.272+0300][106.785s][info ][gc] GC(4706) Pause Young (Normal) (G1 Evacuation Pause) 419M->420M(512M) 14.096ms
[2020-08-01T12:25:19.311+0300][106.824s][info ][gc] GC(4707) Pause Young (Normal) (G1 Evacuation Pause) 461M->463M(512M) 12.070ms
[2020-08-01T12:25:19.339+0300][106.852s][info ][gc] GC(4708) Pause Young (Normal) (G1 Evacuation Pause) 484M->485M(512M) 12.754ms
[2020-08-01T12:25:19.391+0300][106.904s][info ][gc] GC(4709) To-space exhausted
[2020-08-01T12:25:19.391+0300][106.904s][info ][gc] GC(4709) Pause Young (Normal) (G1 Evacuation Pause) 506M->510M(512M) 33.565ms
[2020-08-01T12:25:19.408+0300][106.921s][info ][gc] GC(4710) To-space exhausted
[2020-08-01T12:25:19.409+0300][106.921s][info ][gc] GC(4710) Pause Young (Normal) (G1 Evacuation Pause) 511M->511M(512M) 5.752ms
[2020-08-01T12:25:19.409+0300][106.922s][debug][gc] GC(4711) Clear Next Bitmap 0.500ms
[2020-08-01T12:25:19.457+0300][106.970s][info ][gc] GC(4711) Pause Full (G1 Evacuation Pause) 511M->68M(512M) 48.367ms
[2020-08-01T12:25:19.457+0300][106.970s][info ][gc] GC(4695) Concurrent Cycle 432.780ms
[2020-08-01T12:25:19.479+0300][106.992s][info ][gc] GC(4712) Pause Young (Normal) (G1 Evacuation Pause) 95M->95M(512M) 11.099ms
[2020-08-01T12:25:19.501+0300][107.013s][info ][gc] GC(4713) Pause Young (Normal) (G1 Evacuation Pause) 120M->121M(512M) 11.390ms
[2020-08-01T12:25:19.521+0300][107.034s][info ][gc] GC(4714) Pause Young (Normal) (G1 Evacuation Pause) 162M->164M(512M) 10.566ms
[2020-08-01T12:25:19.540+0300][107.053s][info ][gc] GC(4715) Pause Young (Normal) (G1 Evacuation Pause) 185M->186M(512M) 10.603ms
[2020-08-01T12:25:19.559+0300][107.072s][info ][gc] GC(4716) Pause Young (Normal) (G1 Evacuation Pause) 207M->209M(512M) 10.276ms
[2020-08-01T12:25:19.578+0300][107.091s][info ][gc] GC(4717) Pause Young (Normal) (G1 Evacuation Pause) 230M->231M(512M) 10.366ms
[2020-08-01T12:25:19.597+0300][107.110s][info ][gc] GC(4718) Pause Young (Concurrent Start) (G1 Evacuation Pause) 252M->253M(512M) 10.666ms
[2020-08-01T12:25:19.597+0300][107.110s][info ][gc] GC(4719) Concurrent Cycle
[2020-08-01T12:25:19.616+0300][107.129s][info ][gc] GC(4720) Pause Young (Normal) (G1 Evacuation Pause) 274M->276M(512M) 10.397ms
[2020-08-01T12:25:19.640+0300][107.153s][info ][gc] GC(4721) Pause Young (Normal) (G1 Evacuation Pause) 317M->318M(512M) 10.481ms
[2020-08-01T12:25:19.663+0300][107.176s][info ][gc] GC(4722) Pause Young (Normal) (G1 Evacuation Pause) 339M->341M(512M) 12.618ms
[2020-08-01T12:25:19.685+0300][107.198s][info ][gc] GC(4723) Pause Young (Normal) (G1 Evacuation Pause) 362M->363M(512M) 12.453ms
[2020-08-01T12:25:19.706+0300][107.219s][info ][gc] GC(4724) Pause Young (Normal) (G1 Evacuation Pause) 384M->385M(512M) 10.397ms
[2020-08-01T12:25:19.726+0300][107.239s][info ][gc] GC(4725) Pause Young (Normal) (G1 Evacuation Pause) 406M->407M(512M) 10.537ms
[2020-08-01T12:25:19.749+0300][107.262s][info ][gc] GC(4726) Pause Young (Normal) (G1 Evacuation Pause) 448M->450M(512M) 11.219ms
[2020-08-01T12:25:19.769+0300][107.282s][info ][gc] GC(4727) Pause Young (Normal) (G1 Evacuation Pause) 471M->472M(512M) 10.536ms
[2020-08-01T12:25:19.773+0300][107.285s][debug][gc] GC(4719) Reclaimed 127 empty regions
[2020-08-01T12:25:19.773+0300][107.286s][info ][gc] GC(4719) Pause Remark 480M->355M(512M) 0.686ms
[2020-08-01T12:25:19.789+0300][107.302s][info ][gc] GC(4728) Pause Young (Normal) (G1 Evacuation Pause) 368M->370M(512M) 10.836ms
[2020-08-01T12:25:19.815+0300][107.328s][info ][gc] GC(4729) Pause Young (Normal) (G1 Evacuation Pause) 391M->391M(512M) 10.401ms
[2020-08-01T12:25:19.848+0300][107.361s][info ][gc] GC(4730) Pause Young (Normal) (G1 Evacuation Pause) 412M->413M(512M) 12.586ms
[2020-08-01T12:25:19.872+0300][107.385s][info ][gc] GC(4731) Pause Young (Normal) (G1 Evacuation Pause) 434M->436M(512M) 11.257ms
[2020-08-01T12:25:19.906+0300][107.419s][info ][gc] GC(4732) Pause Young (Normal) (G1 Evacuation Pause) 477M->479M(512M) 10.752ms
[2020-08-01T12:25:19.948+0300][107.460s][info ][gc] GC(4733) To-space exhausted
[2020-08-01T12:25:19.948+0300][107.461s][info ][gc] GC(4733) Pause Young (Normal) (G1 Evacuation Pause) 500M->509M(512M) 25.660ms
[2020-08-01T12:25:19.967+0300][107.480s][info ][gc] GC(4734) To-space exhausted
[2020-08-01T12:25:19.967+0300][107.480s][info ][gc] GC(4734) Pause Young (Normal) (G1 Evacuation Pause) 511M->511M(512M) 9.243ms
[2020-08-01T12:25:19.968+0300][107.480s][debug][gc] GC(4735) Clear Next Bitmap 0.404ms
[2020-08-01T12:25:20.003+0300][107.516s][info ][gc] GC(4735) Pause Full (G1 Evacuation Pause) 511M->61M(512M) 35.965ms
[2020-08-01T12:25:20.003+0300][107.516s][info ][gc] GC(4719) Concurrent Cycle 406.325ms
[2020-08-01T12:25:20.024+0300][107.537s][info ][gc] GC(4736) Pause Young (Normal) (G1 Evacuation Pause) 88M->88M(512M) 10.265ms
[2020-08-01T12:25:20.047+0300][107.560s][info ][gc] GC(4737) Pause Young (Normal) (G1 Evacuation Pause) 114M->115M(512M) 12.234ms
[2020-08-01T12:25:20.068+0300][107.581s][info ][gc] GC(4738) Pause Young (Normal) (G1 Evacuation Pause) 137M->139M(512M) 12.183ms
[2020-08-01T12:25:20.089+0300][107.602s][info ][gc] GC(4739) Pause Young (Normal) (G1 Evacuation Pause) 180M->181M(512M) 10.108ms
[2020-08-01T12:25:20.109+0300][107.622s][info ][gc] GC(4740) Pause Young (Normal) (G1 Evacuation Pause) 202M->203M(512M) 11.088ms
[2020-08-01T12:25:20.129+0300][107.642s][info ][gc] GC(4741) Pause Young (Normal) (G1 Evacuation Pause) 224M->225M(512M) 10.929ms
[2020-08-01T12:25:20.148+0300][107.661s][info ][gc] GC(4742) Pause Young (Normal) (G1 Evacuation Pause) 246M->247M(512M) 10.902ms
[2020-08-01T12:25:20.167+0300][107.680s][info ][gc] GC(4743) Pause Young (Concurrent Start) (G1 Evacuation Pause) 268M->269M(512M) 10.617ms
[2020-08-01T12:25:20.167+0300][107.680s][info ][gc] GC(4744) Concurrent Cycle
[2020-08-01T12:25:20.190+0300][107.703s][info ][gc] GC(4745) Pause Young (Normal) (G1 Evacuation Pause) 310M->311M(512M) 10.715ms
[2020-08-01T12:25:20.209+0300][107.722s][info ][gc] GC(4746) Pause Young (Normal) (G1 Evacuation Pause) 332M->333M(512M) 10.603ms
[2020-08-01T12:25:20.229+0300][107.742s][info ][gc] GC(4747) Pause Young (Normal) (G1 Evacuation Pause) 354M->356M(512M) 10.997ms
[2020-08-01T12:25:20.250+0300][107.762s][info ][gc] GC(4748) Pause Young (Normal) (G1 Evacuation Pause) 377M->379M(512M) 11.683ms
[2020-08-01T12:25:20.269+0300][107.782s][info ][gc] GC(4749) Pause Young (Normal) (G1 Evacuation Pause) 400M->402M(512M) 10.102ms
[2020-08-01T12:25:20.293+0300][107.806s][info ][gc] GC(4750) Pause Young (Normal) (G1 Evacuation Pause) 443M->445M(512M) 10.760ms
[2020-08-01T12:25:20.313+0300][107.825s][info ][gc] GC(4751) Pause Young (Normal) (G1 Evacuation Pause) 466M->467M(512M) 10.898ms
[2020-08-01T12:25:20.339+0300][107.852s][info ][gc] GC(4752) To-space exhausted
[2020-08-01T12:25:20.339+0300][107.852s][info ][gc] GC(4752) Pause Young (Normal) (G1 Evacuation Pause) 488M->497M(512M) 17.463ms
[2020-08-01T12:25:20.370+0300][107.883s][info ][gc] GC(4753) To-space exhausted
[2020-08-01T12:25:20.370+0300][107.883s][info ][gc] GC(4753) Pause Young (Normal) (G1 Evacuation Pause) 509M->509M(512M) 24.391ms
[2020-08-01T12:25:20.371+0300][107.884s][debug][gc] GC(4754) Clear Next Bitmap 0.400ms
[2020-08-01T12:25:20.417+0300][107.930s][info ][gc] GC(4754) Pause Full (G1 Evacuation Pause) 509M->76M(512M) 46.183ms
[2020-08-01T12:25:20.417+0300][107.930s][info ][gc] GC(4744) Concurrent Cycle 249.818ms
[2020-08-01T12:25:20.439+0300][107.952s][info ][gc] GC(4755) Pause Young (Normal) (G1 Evacuation Pause) 103M->103M(512M) 11.023ms
[2020-08-01T12:25:20.460+0300][107.973s][info ][gc] GC(4756) Pause Young (Normal) (G1 Evacuation Pause) 128M->129M(512M) 11.303ms
[2020-08-01T12:25:20.481+0300][107.994s][info ][gc] GC(4757) Pause Young (Normal) (G1 Evacuation Pause) 170M->172M(512M) 10.787ms
[2020-08-01T12:25:20.501+0300][108.014s][info ][gc] GC(4758) Pause Young (Normal) (G1 Evacuation Pause) 193M->194M(512M) 11.391ms
[2020-08-01T12:25:20.520+0300][108.033s][info ][gc] GC(4759) Pause Young (Normal) (G1 Evacuation Pause) 215M->216M(512M) 10.361ms
[2020-08-01T12:25:20.539+0300][108.052s][info ][gc] GC(4760) Pause Young (Normal) (G1 Evacuation Pause) 237M->238M(512M) 10.554ms
[2020-08-01T12:25:20.558+0300][108.071s][info ][gc] GC(4761) Pause Young (Concurrent Start) (G1 Evacuation Pause) 259M->260M(512M) 10.688ms
[2020-08-01T12:25:20.559+0300][108.071s][info ][gc] GC(4762) Concurrent Cycle
[2020-08-01T12:25:20.585+0300][108.098s][info ][gc] GC(4763) Pause Young (Normal) (G1 Evacuation Pause) 301M->302M(512M) 12.615ms
[2020-08-01T12:25:20.604+0300][108.117s][info ][gc] GC(4764) Pause Young (Normal) (G1 Evacuation Pause) 323M->325M(512M) 10.757ms
[2020-08-01T12:25:20.624+0300][108.137s][info ][gc] GC(4765) Pause Young (Normal) (G1 Evacuation Pause) 346M->347M(512M) 10.568ms
[2020-08-01T12:25:20.643+0300][108.156s][info ][gc] GC(4766) Pause Young (Normal) (G1 Evacuation Pause) 368M->370M(512M) 10.068ms
[2020-08-01T12:25:20.664+0300][108.177s][info ][gc] GC(4767) Pause Young (Normal) (G1 Evacuation Pause) 391M->393M(512M) 12.233ms
[2020-08-01T12:25:20.685+0300][108.198s][info ][gc] GC(4768) Pause Young (Normal) (G1 Evacuation Pause) 414M->415M(512M) 11.134ms
[2020-08-01T12:25:20.711+0300][108.224s][info ][gc] GC(4769) Pause Young (Normal) (G1 Evacuation Pause) 456M->458M(512M) 11.521ms
[2020-08-01T12:25:20.732+0300][108.244s][info ][gc] GC(4770) Pause Young (Normal) (G1 Evacuation Pause) 479M->480M(512M) 11.100ms
[2020-08-01T12:25:20.770+0300][108.283s][info ][gc] GC(4771) To-space exhausted
[2020-08-01T12:25:20.770+0300][108.283s][info ][gc] GC(4771) Pause Young (Normal) (G1 Evacuation Pause) 501M->508M(512M) 29.961ms
[2020-08-01T12:25:20.771+0300][108.284s][debug][gc] GC(4772) Clear Next Bitmap 0.247ms
[2020-08-01T12:25:20.819+0300][108.332s][info ][gc] GC(4772) Pause Full (G1 Evacuation Pause) 508M->77M(512M) 48.324ms
[2020-08-01T12:25:20.819+0300][108.332s][info ][gc] GC(4762) Concurrent Cycle 260.623ms
[2020-08-01T12:25:20.840+0300][108.353s][info ][gc] GC(4773) Pause Young (Normal) (G1 Evacuation Pause) 104M->105M(512M) 10.285ms
[2020-08-01T12:25:20.863+0300][108.376s][info ][gc] GC(4774) Pause Young (Normal) (G1 Evacuation Pause) 131M->132M(512M) 12.444ms
[2020-08-01T12:25:20.885+0300][108.398s][info ][gc] GC(4775) Pause Young (Normal) (G1 Evacuation Pause) 174M->176M(512M) 10.814ms
[2020-08-01T12:25:20.905+0300][108.418s][info ][gc] GC(4776) Pause Young (Normal) (G1 Evacuation Pause) 197M->198M(512M) 11.352ms
[2020-08-01T12:25:20.926+0300][108.439s][info ][gc] GC(4777) Pause Young (Normal) (G1 Evacuation Pause) 219M->221M(512M) 12.576ms
[2020-08-01T12:25:20.945+0300][108.458s][info ][gc] GC(4778) Pause Young (Normal) (G1 Evacuation Pause) 242M->244M(512M) 10.577ms
[2020-08-01T12:25:20.965+0300][108.478s][info ][gc] GC(4779) Pause Young (Concurrent Start) (G1 Evacuation Pause) 265M->266M(512M) 11.109ms
[2020-08-01T12:25:20.965+0300][108.478s][info ][gc] GC(4780) Concurrent Cycle
[2020-08-01T12:25:20.989+0300][108.502s][info ][gc] GC(4781) Pause Young (Normal) (G1 Evacuation Pause) 307M->309M(512M) 12.100ms
[2020-08-01T12:25:21.008+0300][108.521s][info ][gc] GC(4782) Pause Young (Normal) (G1 Evacuation Pause) 330M->332M(512M) 10.679ms
[2020-08-01T12:25:21.028+0300][108.541s][info ][gc] GC(4783) Pause Young (Normal) (G1 Evacuation Pause) 353M->355M(512M) 10.526ms
[2020-08-01T12:25:21.048+0300][108.561s][info ][gc] GC(4784) Pause Young (Normal) (G1 Evacuation Pause) 376M->377M(512M) 11.916ms
[2020-08-01T12:25:21.068+0300][108.580s][info ][gc] GC(4785) Pause Young (Normal) (G1 Evacuation Pause) 398M->400M(512M) 10.611ms
[2020-08-01T12:25:21.087+0300][108.599s][info ][gc] GC(4786) Pause Young (Normal) (G1 Evacuation Pause) 421M->423M(512M) 10.332ms
[2020-08-01T12:25:21.111+0300][108.624s][info ][gc] GC(4787) Pause Young (Normal) (G1 Evacuation Pause) 464M->465M(512M) 10.545ms
[2020-08-01T12:25:21.134+0300][108.647s][info ][gc] GC(4788) To-space exhausted
[2020-08-01T12:25:21.134+0300][108.647s][info ][gc] GC(4788) Pause Young (Normal) (G1 Evacuation Pause) 486M->495M(512M) 14.319ms
[2020-08-01T12:25:21.164+0300][108.677s][info ][gc] GC(4789) To-space exhausted
[2020-08-01T12:25:21.164+0300][108.677s][info ][gc] GC(4789) Pause Young (Normal) (G1 Evacuation Pause) 508M->508M(512M) 24.630ms
[2020-08-01T12:25:21.165+0300][108.678s][debug][gc] GC(4790) Clear Next Bitmap 0.316ms
[2020-08-01T12:25:21.209+0300][108.722s][info ][gc] GC(4790) Pause Full (G1 Evacuation Pause) 508M->72M(512M) 44.592ms
[2020-08-01T12:25:21.209+0300][108.722s][info ][gc] GC(4780) Concurrent Cycle 244.252ms
[2020-08-01T12:25:21.232+0300][108.745s][info ][gc] GC(4791) Pause Young (Normal) (G1 Evacuation Pause) 98M->99M(512M) 12.090ms
[2020-08-01T12:25:21.253+0300][108.765s][info ][gc] GC(4792) Pause Young (Normal) (G1 Evacuation Pause) 122M->123M(512M) 11.656ms
[2020-08-01T12:25:21.274+0300][108.787s][info ][gc] GC(4793) Pause Young (Normal) (G1 Evacuation Pause) 164M->165M(512M) 11.010ms
[2020-08-01T12:25:21.293+0300][108.805s][info ][gc] GC(4794) Pause Young (Normal) (G1 Evacuation Pause) 186M->187M(512M) 10.332ms
[2020-08-01T12:25:21.312+0300][108.825s][info ][gc] GC(4795) Pause Young (Normal) (G1 Evacuation Pause) 208M->209M(512M) 10.613ms
[2020-08-01T12:25:21.331+0300][108.844s][info ][gc] GC(4796) Pause Young (Normal) (G1 Evacuation Pause) 230M->231M(512M) 11.113ms
[2020-08-01T12:25:21.351+0300][108.864s][info ][gc] GC(4797) Pause Young (Concurrent Start) (G1 Evacuation Pause) 252M->254M(512M) 10.900ms
[2020-08-01T12:25:21.351+0300][108.864s][info ][gc] GC(4798) Concurrent Cycle
[2020-08-01T12:25:21.371+0300][108.884s][info ][gc] GC(4799) Pause Young (Normal) (G1 Evacuation Pause) 275M->276M(512M) 10.485ms
[2020-08-01T12:25:21.394+0300][108.907s][info ][gc] GC(4800) Pause Young (Normal) (G1 Evacuation Pause) 317M->318M(512M) 10.304ms
[2020-08-01T12:25:21.414+0300][108.927s][info ][gc] GC(4801) Pause Young (Normal) (G1 Evacuation Pause) 339M->340M(512M) 10.897ms
[2020-08-01T12:25:21.434+0300][108.947s][info ][gc] GC(4802) Pause Young (Normal) (G1 Evacuation Pause) 361M->363M(512M) 11.595ms
[2020-08-01T12:25:21.454+0300][108.967s][info ][gc] GC(4803) Pause Young (Normal) (G1 Evacuation Pause) 384M->385M(512M) 11.599ms
[2020-08-01T12:25:21.473+0300][108.986s][info ][gc] GC(4804) Pause Young (Normal) (G1 Evacuation Pause) 406M->408M(512M) 10.245ms
[2020-08-01T12:25:21.496+0300][109.009s][info ][gc] GC(4805) Pause Young (Normal) (G1 Evacuation Pause) 449M->450M(512M) 11.071ms
[2020-08-01T12:25:21.516+0300][109.029s][info ][gc] GC(4806) Pause Young (Normal) (G1 Evacuation Pause) 471M->472M(512M) 10.760ms
[2020-08-01T12:25:21.522+0300][109.035s][debug][gc] GC(4798) Reclaimed 130 empty regions
[2020-08-01T12:25:21.522+0300][109.035s][info ][gc] GC(4798) Pause Remark 486M->359M(512M) 0.686ms
[2020-08-01T12:25:21.537+0300][109.050s][info ][gc] GC(4807) Pause Young (Normal) (G1 Evacuation Pause) 366M->368M(512M) 10.821ms
[2020-08-01T12:25:21.565+0300][109.078s][info ][gc] GC(4808) Pause Young (Normal) (G1 Evacuation Pause) 389M->390M(512M) 12.086ms
[2020-08-01T12:25:21.598+0300][109.111s][info ][gc] GC(4809) Pause Young (Normal) (G1 Evacuation Pause) 411M->413M(512M) 13.481ms
[2020-08-01T12:25:21.627+0300][109.139s][info ][gc] GC(4810) Pause Young (Normal) (G1 Evacuation Pause) 434M->435M(512M) 11.825ms
[2020-08-01T12:25:21.659+0300][109.172s][info ][gc] GC(4811) Pause Young (Normal) (G1 Evacuation Pause) 476M->478M(512M) 10.996ms
[2020-08-01T12:25:21.698+0300][109.211s][info ][gc] GC(4812) To-space exhausted
[2020-08-01T12:25:21.698+0300][109.211s][info ][gc] GC(4812) Pause Young (Normal) (G1 Evacuation Pause) 499M->504M(512M) 23.683ms
[2020-08-01T12:25:21.732+0300][109.245s][info ][gc] GC(4813) To-space exhausted
[2020-08-01T12:25:21.732+0300][109.245s][info ][gc] GC(4813) Pause Young (Normal) (G1 Evacuation Pause) 511M->511M(512M) 17.681ms
[2020-08-01T12:25:21.733+0300][109.246s][debug][gc] GC(4814) Clear Next Bitmap 0.412ms
[2020-08-01T12:25:21.778+0300][109.291s][info ][gc] GC(4814) Pause Full (G1 Evacuation Pause) 511M->68M(512M) 46.023ms
[2020-08-01T12:25:21.779+0300][109.292s][info ][gc] GC(4798) Concurrent Cycle 427.707ms
[2020-08-01T12:25:21.801+0300][109.313s][info ][gc] GC(4815) Pause Young (Normal) (G1 Evacuation Pause) 95M->95M(512M) 11.145ms
[2020-08-01T12:25:21.822+0300][109.335s][info ][gc] GC(4816) Pause Young (Normal) (G1 Evacuation Pause) 120M->121M(512M) 11.815ms
[2020-08-01T12:25:21.847+0300][109.360s][info ][gc] GC(4817) Pause Young (Normal) (G1 Evacuation Pause) 162M->162M(512M) 13.005ms
[2020-08-01T12:25:21.866+0300][109.379s][info ][gc] GC(4818) Pause Young (Normal) (G1 Evacuation Pause) 183M->184M(512M) 10.892ms
[2020-08-01T12:25:21.885+0300][109.398s][info ][gc] GC(4819) Pause Young (Normal) (G1 Evacuation Pause) 205M->207M(512M) 10.655ms
[2020-08-01T12:25:21.904+0300][109.417s][info ][gc] GC(4820) Pause Young (Normal) (G1 Evacuation Pause) 228M->230M(512M) 10.459ms
[2020-08-01T12:25:21.923+0300][109.436s][info ][gc] GC(4821) Pause Young (Normal) (G1 Evacuation Pause) 251M->252M(512M) 10.394ms
[2020-08-01T12:25:21.942+0300][109.455s][info ][gc] GC(4822) Pause Young (Concurrent Start) (G1 Evacuation Pause) 273M->275M(512M) 10.325ms
[2020-08-01T12:25:21.942+0300][109.455s][info ][gc] GC(4823) Concurrent Cycle
[2020-08-01T12:25:21.969+0300][109.482s][info ][gc] GC(4824) Pause Young (Normal) (G1 Evacuation Pause) 316M->317M(512M) 12.655ms
[2020-08-01T12:25:21.991+0300][109.504s][info ][gc] GC(4825) Pause Young (Normal) (G1 Evacuation Pause) 338M->340M(512M) 11.559ms
[2020-08-01T12:25:22.013+0300][109.526s][info ][gc] GC(4826) Pause Young (Normal) (G1 Evacuation Pause) 361M->362M(512M) 12.534ms
[2020-08-01T12:25:22.033+0300][109.546s][info ][gc] GC(4827) Pause Young (Normal) (G1 Evacuation Pause) 383M->384M(512M) 10.769ms
[2020-08-01T12:25:22.052+0300][109.565s][info ][gc] GC(4828) Pause Young (Normal) (G1 Evacuation Pause) 405M->407M(512M) 10.133ms
[2020-08-01T12:25:22.074+0300][109.587s][info ][gc] GC(4829) Pause Young (Normal) (G1 Evacuation Pause) 448M->449M(512M) 10.176ms
[2020-08-01T12:25:22.093+0300][109.606s][info ][gc] GC(4830) Pause Young (Normal) (G1 Evacuation Pause) 470M->471M(512M) 10.328ms
[2020-08-01T12:25:22.120+0300][109.633s][info ][gc] GC(4831) To-space exhausted
[2020-08-01T12:25:22.120+0300][109.633s][info ][gc] GC(4831) Pause Young (Normal) (G1 Evacuation Pause) 492M->500M(512M) 18.354ms
[2020-08-01T12:25:22.143+0300][109.656s][info ][gc] GC(4832) To-space exhausted
[2020-08-01T12:25:22.143+0300][109.656s][info ][gc] GC(4832) Pause Young (Normal) (G1 Evacuation Pause) 509M->509M(512M) 19.054ms
[2020-08-01T12:25:22.144+0300][109.657s][debug][gc] GC(4833) Clear Next Bitmap 0.307ms
[2020-08-01T12:25:22.195+0300][109.708s][info ][gc] GC(4833) Pause Full (G1 Evacuation Pause) 509M->77M(512M) 51.339ms
[2020-08-01T12:25:22.195+0300][109.708s][info ][gc] GC(4823) Concurrent Cycle 252.517ms
[2020-08-01T12:25:22.219+0300][109.732s][info ][gc] GC(4834) Pause Young (Normal) (G1 Evacuation Pause) 105M->105M(512M) 12.449ms
[2020-08-01T12:25:22.241+0300][109.754s][info ][gc] GC(4835) Pause Young (Normal) (G1 Evacuation Pause) 130M->132M(512M) 11.878ms
[2020-08-01T12:25:22.264+0300][109.777s][info ][gc] GC(4836) Pause Young (Normal) (G1 Evacuation Pause) 173M->174M(512M) 11.805ms
[2020-08-01T12:25:22.283+0300][109.796s][info ][gc] GC(4837) Pause Young (Normal) (G1 Evacuation Pause) 195M->196M(512M) 10.501ms
[2020-08-01T12:25:22.302+0300][109.815s][info ][gc] GC(4838) Pause Young (Normal) (G1 Evacuation Pause) 217M->218M(512M) 10.536ms
[2020-08-01T12:25:22.321+0300][109.834s][info ][gc] GC(4839) Pause Young (Normal) (G1 Evacuation Pause) 239M->241M(512M) 10.524ms
[2020-08-01T12:25:22.341+0300][109.854s][info ][gc] GC(4840) Pause Young (Concurrent Start) (G1 Evacuation Pause) 262M->263M(512M) 11.417ms
[2020-08-01T12:25:22.341+0300][109.854s][info ][gc] GC(4841) Concurrent Cycle
[2020-08-01T12:25:22.365+0300][109.878s][info ][gc] GC(4842) Pause Young (Normal) (G1 Evacuation Pause) 304M->306M(512M) 12.000ms
[2020-08-01T12:25:22.384+0300][109.897s][info ][gc] GC(4843) Pause Young (Normal) (G1 Evacuation Pause) 327M->329M(512M) 10.505ms
[2020-08-01T12:25:22.404+0300][109.916s][info ][gc] GC(4844) Pause Young (Normal) (G1 Evacuation Pause) 350M->351M(512M) 10.510ms
[2020-08-01T12:25:22.423+0300][109.936s][info ][gc] GC(4845) Pause Young (Normal) (G1 Evacuation Pause) 372M->373M(512M) 10.396ms
[2020-08-01T12:25:22.443+0300][109.955s][info ][gc] GC(4846) Pause Young (Normal) (G1 Evacuation Pause) 394M->396M(512M) 9.992ms
[2020-08-01T12:25:22.462+0300][109.975s][info ][gc] GC(4847) Pause Young (Normal) (G1 Evacuation Pause) 417M->418M(512M) 10.615ms
[2020-08-01T12:25:22.486+0300][109.999s][info ][gc] GC(4848) Pause Young (Normal) (G1 Evacuation Pause) 459M->460M(512M) 11.081ms
[2020-08-01T12:25:22.507+0300][110.019s][info ][gc] GC(4849) Pause Young (Normal) (G1 Evacuation Pause) 481M->483M(512M) 10.476ms
[2020-08-01T12:25:22.545+0300][110.058s][info ][gc] GC(4850) To-space exhausted
[2020-08-01T12:25:22.545+0300][110.058s][info ][gc] GC(4850) Pause Young (Normal) (G1 Evacuation Pause) 504M->508M(512M) 29.367ms
[2020-08-01T12:25:22.554+0300][110.067s][info ][gc] GC(4851) To-space exhausted
[2020-08-01T12:25:22.554+0300][110.067s][info ][gc] GC(4851) Pause Young (Normal) (G1 Evacuation Pause) 509M->509M(512M) 5.755ms
[2020-08-01T12:25:22.554+0300][110.067s][debug][gc] GC(4852) Clear Next Bitmap 0.317ms
[2020-08-01T12:25:22.606+0300][110.119s][info ][gc] GC(4852) Pause Full (G1 Evacuation Pause) 509M->81M(512M) 51.680ms
[2020-08-01T12:25:22.606+0300][110.119s][info ][gc] GC(4841) Concurrent Cycle 264.905ms
[2020-08-01T12:25:22.629+0300][110.142s][info ][gc] GC(4853) Pause Young (Normal) (G1 Evacuation Pause) 108M->108M(512M) 12.065ms
[2020-08-01T12:25:22.652+0300][110.165s][info ][gc] GC(4854) Pause Young (Normal) (G1 Evacuation Pause) 133M->134M(512M) 12.494ms
[2020-08-01T12:25:22.677+0300][110.190s][info ][gc] GC(4855) Pause Young (Normal) (G1 Evacuation Pause) 175M->177M(512M) 12.739ms
[2020-08-01T12:25:22.699+0300][110.212s][info ][gc] GC(4856) Pause Young (Normal) (G1 Evacuation Pause) 198M->200M(512M) 13.161ms
[2020-08-01T12:25:22.719+0300][110.231s][info ][gc] GC(4857) Pause Young (Normal) (G1 Evacuation Pause) 221M->223M(512M) 11.129ms
[2020-08-01T12:25:22.739+0300][110.252s][info ][gc] GC(4858) Pause Young (Normal) (G1 Evacuation Pause) 244M->244M(512M) 12.053ms
[2020-08-01T12:25:22.758+0300][110.271s][info ][gc] GC(4859) Pause Young (Concurrent Start) (G1 Evacuation Pause) 265M->267M(512M) 10.423ms
[2020-08-01T12:25:22.758+0300][110.271s][info ][gc] GC(4860) Concurrent Cycle
[2020-08-01T12:25:22.780+0300][110.293s][info ][gc] GC(4861) Pause Young (Normal) (G1 Evacuation Pause) 308M->309M(512M) 11.146ms
[2020-08-01T12:25:22.799+0300][110.312s][info ][gc] GC(4862) Pause Young (Normal) (G1 Evacuation Pause) 330M->331M(512M) 10.132ms
[2020-08-01T12:25:22.818+0300][110.331s][info ][gc] GC(4863) Pause Young (Normal) (G1 Evacuation Pause) 352M->353M(512M) 10.639ms
[2020-08-01T12:25:22.838+0300][110.351s][info ][gc] GC(4864) Pause Young (Normal) (G1 Evacuation Pause) 374M->376M(512M) 10.637ms
[2020-08-01T12:25:22.858+0300][110.371s][info ][gc] GC(4865) Pause Young (Normal) (G1 Evacuation Pause) 397M->398M(512M) 10.646ms
[2020-08-01T12:25:22.878+0300][110.391s][info ][gc] GC(4866) Pause Young (Normal) (G1 Evacuation Pause) 419M->421M(512M) 10.477ms
[2020-08-01T12:25:22.902+0300][110.415s][info ][gc] GC(4867) Pause Young (Normal) (G1 Evacuation Pause) 462M->463M(512M) 11.788ms
[2020-08-01T12:25:22.922+0300][110.435s][info ][gc] GC(4868) To-space exhausted
[2020-08-01T12:25:22.922+0300][110.435s][info ][gc] GC(4868) Pause Young (Normal) (G1 Evacuation Pause) 484M->488M(512M) 11.272ms
[2020-08-01T12:25:22.965+0300][110.478s][info ][gc] GC(4869) To-space exhausted
[2020-08-01T12:25:22.966+0300][110.478s][info ][gc] GC(4869) Pause Young (Normal) (G1 Evacuation Pause) 509M->510M(512M) 33.749ms
[2020-08-01T12:25:22.966+0300][110.479s][debug][gc] GC(4870) Clear Next Bitmap 0.316ms
[2020-08-01T12:25:23.015+0300][110.528s][info ][gc] GC(4870) Pause Full (G1 Evacuation Pause) 510M->82M(512M) 49.767ms
[2020-08-01T12:25:23.016+0300][110.529s][info ][gc] GC(4860) Concurrent Cycle 257.772ms
[2020-08-01T12:25:23.037+0300][110.550s][info ][gc] GC(4871) Pause Young (Normal) (G1 Evacuation Pause) 108M->108M(512M) 10.670ms
[2020-08-01T12:25:23.059+0300][110.571s][info ][gc] GC(4872) Pause Young (Normal) (G1 Evacuation Pause) 132M->133M(512M) 11.597ms
[2020-08-01T12:25:23.081+0300][110.594s][info ][gc] GC(4873) Pause Young (Normal) (G1 Evacuation Pause) 174M->176M(512M) 10.877ms
[2020-08-01T12:25:23.100+0300][110.613s][info ][gc] GC(4874) Pause Young (Normal) (G1 Evacuation Pause) 197M->198M(512M) 10.507ms
[2020-08-01T12:25:23.119+0300][110.632s][info ][gc] GC(4875) Pause Young (Normal) (G1 Evacuation Pause) 219M->220M(512M) 10.288ms
[2020-08-01T12:25:23.139+0300][110.652s][info ][gc] GC(4876) Pause Young (Normal) (G1 Evacuation Pause) 241M->242M(512M) 10.696ms
[2020-08-01T12:25:23.158+0300][110.670s][info ][gc] GC(4877) Pause Young (Concurrent Start) (G1 Evacuation Pause) 263M->264M(512M) 10.370ms
[2020-08-01T12:25:23.158+0300][110.671s][info ][gc] GC(4878) Concurrent Cycle
[2020-08-01T12:25:23.181+0300][110.694s][info ][gc] GC(4879) Pause Young (Normal) (G1 Evacuation Pause) 305M->307M(512M) 10.956ms
[2020-08-01T12:25:23.200+0300][110.713s][info ][gc] GC(4880) Pause Young (Normal) (G1 Evacuation Pause) 328M->329M(512M) 10.400ms
[2020-08-01T12:25:23.219+0300][110.732s][info ][gc] GC(4881) Pause Young (Normal) (G1 Evacuation Pause) 350M->351M(512M) 10.763ms
[2020-08-01T12:25:23.240+0300][110.753s][info ][gc] GC(4882) Pause Young (Normal) (G1 Evacuation Pause) 372M->374M(512M) 11.764ms
[2020-08-01T12:25:23.259+0300][110.772s][info ][gc] GC(4883) Pause Young (Normal) (G1 Evacuation Pause) 395M->396M(512M) 10.566ms
[2020-08-01T12:25:23.280+0300][110.793s][info ][gc] GC(4884) Pause Young (Normal) (G1 Evacuation Pause) 417M->419M(512M) 11.039ms
[2020-08-01T12:25:23.302+0300][110.815s][info ][gc] GC(4885) Pause Young (Normal) (G1 Evacuation Pause) 460M->462M(512M) 10.899ms
[2020-08-01T12:25:23.322+0300][110.835s][info ][gc] GC(4886) To-space exhausted
[2020-08-01T12:25:23.322+0300][110.835s][info ][gc] GC(4886) Pause Young (Normal) (G1 Evacuation Pause) 483M->485M(512M) 11.126ms
[2020-08-01T12:25:23.365+0300][110.878s][info ][gc] GC(4887) To-space exhausted
[2020-08-01T12:25:23.365+0300][110.878s][info ][gc] GC(4887) Pause Young (Normal) (G1 Evacuation Pause) 506M->509M(512M) 33.377ms
[2020-08-01T12:25:23.366+0300][110.879s][debug][gc] GC(4888) Clear Next Bitmap 0.414ms
[2020-08-01T12:25:23.416+0300][110.929s][info ][gc] GC(4888) Pause Full (G1 Evacuation Pause) 509M->81M(512M) 50.672ms
[2020-08-01T12:25:23.416+0300][110.929s][info ][gc] GC(4878) Concurrent Cycle 258.692ms
[2020-08-01T12:25:23.440+0300][110.952s][info ][gc] GC(4889) Pause Young (Normal) (G1 Evacuation Pause) 109M->110M(512M) 12.208ms
[2020-08-01T12:25:23.462+0300][110.975s][info ][gc] GC(4890) Pause Young (Normal) (G1 Evacuation Pause) 135M->136M(512M) 12.306ms
[2020-08-01T12:25:23.485+0300][110.998s][info ][gc] GC(4891) Pause Young (Normal) (G1 Evacuation Pause) 177M->178M(512M) 10.952ms
[2020-08-01T12:25:23.504+0300][111.017s][info ][gc] GC(4892) Pause Young (Normal) (G1 Evacuation Pause) 199M->201M(512M) 10.482ms
[2020-08-01T12:25:23.523+0300][111.036s][info ][gc] GC(4893) Pause Young (Normal) (G1 Evacuation Pause) 222M->224M(512M) 10.501ms
[2020-08-01T12:25:23.542+0300][111.055s][info ][gc] GC(4894) Pause Young (Normal) (G1 Evacuation Pause) 245M->247M(512M) 10.540ms
[2020-08-01T12:25:23.562+0300][111.075s][info ][gc] GC(4895) Pause Young (Concurrent Start) (G1 Evacuation Pause) 268M->269M(512M) 11.129ms
[2020-08-01T12:25:23.562+0300][111.075s][info ][gc] GC(4896) Concurrent Cycle
[2020-08-01T12:25:23.586+0300][111.099s][info ][gc] GC(4897) Pause Young (Normal) (G1 Evacuation Pause) 310M->311M(512M) 11.978ms
[2020-08-01T12:25:23.605+0300][111.118s][info ][gc] GC(4898) Pause Young (Normal) (G1 Evacuation Pause) 332M->333M(512M) 10.515ms
[2020-08-01T12:25:23.625+0300][111.138s][info ][gc] GC(4899) Pause Young (Normal) (G1 Evacuation Pause) 354M->356M(512M) 10.458ms
[2020-08-01T12:25:23.644+0300][111.157s][info ][gc] GC(4900) Pause Young (Normal) (G1 Evacuation Pause) 377M->378M(512M) 10.356ms
[2020-08-01T12:25:23.663+0300][111.176s][info ][gc] GC(4901) Pause Young (Normal) (G1 Evacuation Pause) 399M->400M(512M) 10.331ms
[2020-08-01T12:25:23.685+0300][111.198s][info ][gc] GC(4902) Pause Young (Normal) (G1 Evacuation Pause) 421M->423M(512M) 12.200ms
[2020-08-01T12:25:23.711+0300][111.224s][info ][gc] GC(4903) Pause Young (Normal) (G1 Evacuation Pause) 464M->465M(512M) 10.680ms
[2020-08-01T12:25:23.734+0300][111.247s][info ][gc] GC(4904) To-space exhausted
[2020-08-01T12:25:23.734+0300][111.247s][info ][gc] GC(4904) Pause Young (Normal) (G1 Evacuation Pause) 486M->491M(512M) 14.389ms
[2020-08-01T12:25:23.773+0300][111.286s][info ][gc] GC(4905) To-space exhausted
[2020-08-01T12:25:23.773+0300][111.286s][info ][gc] GC(4905) Pause Young (Normal) (G1 Evacuation Pause) 508M->508M(512M) 31.321ms
[2020-08-01T12:25:23.774+0300][111.287s][debug][gc] GC(4906) Clear Next Bitmap 0.324ms
[2020-08-01T12:25:23.823+0300][111.336s][info ][gc] GC(4906) Pause Full (G1 Evacuation Pause) 508M->80M(512M) 49.664ms
[2020-08-01T12:25:23.823+0300][111.336s][info ][gc] GC(4896) Concurrent Cycle 261.131ms
[2020-08-01T12:25:23.846+0300][111.359s][info ][gc] GC(4907) Pause Young (Normal) (G1 Evacuation Pause) 107M->107M(512M) 11.805ms
[2020-08-01T12:25:23.868+0300][111.381s][info ][gc] GC(4908) Pause Young (Normal) (G1 Evacuation Pause) 132M->133M(512M) 11.906ms
[2020-08-01T12:25:23.891+0300][111.404s][info ][gc] GC(4909) Pause Young (Normal) (G1 Evacuation Pause) 174M->176M(512M) 10.939ms
[2020-08-01T12:25:23.910+0300][111.423s][info ][gc] GC(4910) Pause Young (Normal) (G1 Evacuation Pause) 197M->198M(512M) 10.474ms
[2020-08-01T12:25:23.930+0300][111.443s][info ][gc] GC(4911) Pause Young (Normal) (G1 Evacuation Pause) 219M->221M(512M) 11.406ms
[2020-08-01T12:25:23.950+0300][111.463s][info ][gc] GC(4912) Pause Young (Normal) (G1 Evacuation Pause) 242M->243M(512M) 10.819ms
[2020-08-01T12:25:23.969+0300][111.482s][info ][gc] GC(4913) Pause Young (Concurrent Start) (G1 Evacuation Pause) 264M->265M(512M) 10.714ms
[2020-08-01T12:25:23.969+0300][111.482s][info ][gc] GC(4914) Concurrent Cycle
[2020-08-01T12:25:23.993+0300][111.506s][info ][gc] GC(4915) Pause Young (Normal) (G1 Evacuation Pause) 306M->307M(512M) 10.837ms
[2020-08-01T12:25:24.012+0300][111.525s][info ][gc] GC(4916) Pause Young (Normal) (G1 Evacuation Pause) 328M->329M(512M) 10.541ms
[2020-08-01T12:25:24.031+0300][111.544s][info ][gc] GC(4917) Pause Young (Normal) (G1 Evacuation Pause) 350M->352M(512M) 10.853ms
[2020-08-01T12:25:24.051+0300][111.564s][info ][gc] GC(4918) Pause Young (Normal) (G1 Evacuation Pause) 373M->375M(512M) 10.391ms
[2020-08-01T12:25:24.071+0300][111.584s][info ][gc] GC(4919) Pause Young (Normal) (G1 Evacuation Pause) 396M->397M(512M) 11.823ms
[2020-08-01T12:25:24.092+0300][111.605s][info ][gc] GC(4920) Pause Young (Normal) (G1 Evacuation Pause) 418M->419M(512M) 10.785ms
[2020-08-01T12:25:24.116+0300][111.629s][info ][gc] GC(4921) Pause Young (Normal) (G1 Evacuation Pause) 460M->462M(512M) 11.024ms
[2020-08-01T12:25:24.136+0300][111.649s][info ][gc] GC(4922) Pause Young (Normal) (G1 Evacuation Pause) 483M->484M(512M) 10.836ms
[2020-08-01T12:25:24.177+0300][111.690s][info ][gc] GC(4923) To-space exhausted
[2020-08-01T12:25:24.177+0300][111.690s][info ][gc] GC(4923) Pause Young (Normal) (G1 Evacuation Pause) 505M->510M(512M) 31.890ms
[2020-08-01T12:25:24.177+0300][111.690s][debug][gc] GC(4924) Clear Next Bitmap 0.262ms
[2020-08-01T12:25:24.229+0300][111.742s][info ][gc] GC(4924) Pause Full (G1 Evacuation Pause) 510M->81M(512M) 51.681ms
[2020-08-01T12:25:24.229+0300][111.742s][info ][gc] GC(4914) Concurrent Cycle 259.944ms
[2020-08-01T12:25:24.250+0300][111.763s][info ][gc] GC(4925) Pause Young (Normal) (G1 Evacuation Pause) 107M->108M(512M) 10.481ms
[2020-08-01T12:25:24.271+0300][111.784s][info ][gc] GC(4926) Pause Young (Normal) (G1 Evacuation Pause) 132M->133M(512M) 11.489ms
[2020-08-01T12:25:24.293+0300][111.806s][info ][gc] GC(4927) Pause Young (Normal) (G1 Evacuation Pause) 174M->176M(512M) 10.698ms
[2020-08-01T12:25:24.313+0300][111.826s][info ][gc] GC(4928) Pause Young (Normal) (G1 Evacuation Pause) 197M->198M(512M) 11.766ms
[2020-08-01T12:25:24.335+0300][111.848s][info ][gc] GC(4929) Pause Young (Normal) (G1 Evacuation Pause) 219M->220M(512M) 12.890ms
[2020-08-01T12:25:24.354+0300][111.867s][info ][gc] GC(4930) Pause Young (Normal) (G1 Evacuation Pause) 241M->242M(512M) 10.424ms
[2020-08-01T12:25:24.373+0300][111.886s][info ][gc] GC(4931) Pause Young (Concurrent Start) (G1 Evacuation Pause) 263M->264M(512M) 10.629ms
[2020-08-01T12:25:24.373+0300][111.886s][info ][gc] GC(4932) Concurrent Cycle
[2020-08-01T12:25:24.397+0300][111.910s][info ][gc] GC(4933) Pause Young (Normal) (G1 Evacuation Pause) 305M->307M(512M) 11.320ms
[2020-08-01T12:25:24.416+0300][111.929s][info ][gc] GC(4934) Pause Young (Normal) (G1 Evacuation Pause) 328M->329M(512M) 10.441ms
[2020-08-01T12:25:24.437+0300][111.950s][info ][gc] GC(4935) Pause Young (Normal) (G1 Evacuation Pause) 350M->352M(512M) 11.975ms
[2020-08-01T12:25:24.456+0300][111.969s][info ][gc] GC(4936) Pause Young (Normal) (G1 Evacuation Pause) 373M->374M(512M) 10.326ms
[2020-08-01T12:25:24.475+0300][111.988s][info ][gc] GC(4937) Pause Young (Normal) (G1 Evacuation Pause) 395M->397M(512M) 10.557ms
[2020-08-01T12:25:24.495+0300][112.008s][info ][gc] GC(4938) Pause Young (Normal) (G1 Evacuation Pause) 418M->420M(512M) 11.073ms
[2020-08-01T12:25:24.520+0300][112.033s][info ][gc] GC(4939) Pause Young (Normal) (G1 Evacuation Pause) 461M->462M(512M) 10.740ms
[2020-08-01T12:25:24.540+0300][112.053s][info ][gc] GC(4940) To-space exhausted
[2020-08-01T12:25:24.540+0300][112.053s][info ][gc] GC(4940) Pause Young (Normal) (G1 Evacuation Pause) 483M->486M(512M) 11.494ms
[2020-08-01T12:25:24.584+0300][112.097s][info ][gc] GC(4941) To-space exhausted
[2020-08-01T12:25:24.584+0300][112.097s][info ][gc] GC(4941) Pause Young (Normal) (G1 Evacuation Pause) 507M->508M(512M) 34.707ms
[2020-08-01T12:25:24.585+0300][112.098s][debug][gc] GC(4942) Clear Next Bitmap 0.337ms
[2020-08-01T12:25:24.637+0300][112.150s][info ][gc] GC(4942) Pause Full (G1 Evacuation Pause) 508M->80M(512M) 52.524ms
[2020-08-01T12:25:24.637+0300][112.150s][info ][gc] GC(4932) Concurrent Cycle 263.843ms
[2020-08-01T12:25:24.659+0300][112.172s][info ][gc] GC(4943) Pause Young (Normal) (G1 Evacuation Pause) 106M->107M(512M) 10.621ms
[2020-08-01T12:25:24.680+0300][112.193s][info ][gc] GC(4944) Pause Young (Normal) (G1 Evacuation Pause) 131M->132M(512M) 11.718ms
[2020-08-01T12:25:24.704+0300][112.217s][info ][gc] GC(4945) Pause Young (Normal) (G1 Evacuation Pause) 173M->175M(512M) 12.314ms
[2020-08-01T12:25:24.723+0300][112.236s][info ][gc] GC(4946) Pause Young (Normal) (G1 Evacuation Pause) 196M->197M(512M) 10.239ms
[2020-08-01T12:25:24.742+0300][112.255s][info ][gc] GC(4947) Pause Young (Normal) (G1 Evacuation Pause) 218M->220M(512M) 10.025ms
[2020-08-01T12:25:24.763+0300][112.276s][info ][gc] GC(4948) Pause Young (Normal) (G1 Evacuation Pause) 241M->242M(512M) 12.624ms
[2020-08-01T12:25:24.782+0300][112.295s][info ][gc] GC(4949) Pause Young (Concurrent Start) (G1 Evacuation Pause) 263M->264M(512M) 10.824ms
[2020-08-01T12:25:24.783+0300][112.296s][info ][gc] GC(4950) Concurrent Cycle
[2020-08-01T12:25:24.806+0300][112.319s][info ][gc] GC(4951) Pause Young (Normal) (G1 Evacuation Pause) 305M->306M(512M) 10.557ms
[2020-08-01T12:25:24.826+0300][112.339s][info ][gc] GC(4952) Pause Young (Normal) (G1 Evacuation Pause) 327M->329M(512M) 10.581ms
[2020-08-01T12:25:24.845+0300][112.358s][info ][gc] GC(4953) Pause Young (Normal) (G1 Evacuation Pause) 350M->351M(512M) 10.238ms
[2020-08-01T12:25:24.865+0300][112.378s][info ][gc] GC(4954) Pause Young (Normal) (G1 Evacuation Pause) 372M->373M(512M) 11.793ms
[2020-08-01T12:25:24.884+0300][112.397s][info ][gc] GC(4955) Pause Young (Normal) (G1 Evacuation Pause) 394M->395M(512M) 10.501ms
[2020-08-01T12:25:24.904+0300][112.417s][info ][gc] GC(4956) Pause Young (Normal) (G1 Evacuation Pause) 416M->417M(512M) 10.635ms
[2020-08-01T12:25:24.926+0300][112.439s][info ][gc] GC(4957) Pause Young (Normal) (G1 Evacuation Pause) 458M->460M(512M) 10.277ms
[2020-08-01T12:25:24.946+0300][112.459s][info ][gc] GC(4958) Pause Young (Normal) (G1 Evacuation Pause) 481M->483M(512M) 10.941ms
[2020-08-01T12:25:24.985+0300][112.498s][info ][gc] GC(4959) To-space exhausted
[2020-08-01T12:25:24.985+0300][112.498s][info ][gc] GC(4959) Pause Young (Normal) (G1 Evacuation Pause) 504M->508M(512M) 30.371ms
[2020-08-01T12:25:24.986+0300][112.499s][debug][gc] GC(4960) Clear Next Bitmap 0.310ms
[2020-08-01T12:25:25.036+0300][112.549s][info ][gc] GC(4960) Pause Full (G1 Evacuation Pause) 508M->80M(512M) 50.225ms
[2020-08-01T12:25:25.036+0300][112.549s][info ][gc] GC(4950) Concurrent Cycle 253.235ms
[2020-08-01T12:25:25.058+0300][112.571s][info ][gc] GC(4961) Pause Young (Normal) (G1 Evacuation Pause) 107M->107M(512M) 11.107ms
[2020-08-01T12:25:25.080+0300][112.593s][info ][gc] GC(4962) Pause Young (Normal) (G1 Evacuation Pause) 132M->134M(512M) 11.847ms
[2020-08-01T12:25:25.101+0300][112.614s][info ][gc] GC(4963) Pause Young (Normal) (G1 Evacuation Pause) 175M->176M(512M) 11.229ms
[2020-08-01T12:25:25.120+0300][112.633s][info ][gc] GC(4964) Pause Young (Normal) (G1 Evacuation Pause) 197M->199M(512M) 10.388ms
[2020-08-01T12:25:25.139+0300][112.652s][info ][gc] GC(4965) Pause Young (Normal) (G1 Evacuation Pause) 220M->222M(512M) 10.670ms
[2020-08-01T12:25:25.159+0300][112.672s][info ][gc] GC(4966) Pause Young (Normal) (G1 Evacuation Pause) 243M->244M(512M) 10.542ms
[2020-08-01T12:25:25.179+0300][112.692s][info ][gc] GC(4967) Pause Young (Concurrent Start) (G1 Evacuation Pause) 265M->266M(512M) 10.984ms
[2020-08-01T12:25:25.179+0300][112.692s][info ][gc] GC(4968) Concurrent Cycle
[2020-08-01T12:25:25.203+0300][112.716s][info ][gc] GC(4969) Pause Young (Normal) (G1 Evacuation Pause) 307M->309M(512M) 11.064ms
[2020-08-01T12:25:25.222+0300][112.735s][info ][gc] GC(4970) Pause Young (Normal) (G1 Evacuation Pause) 330M->331M(512M) 10.415ms
[2020-08-01T12:25:25.244+0300][112.757s][info ][gc] GC(4971) Pause Young (Normal) (G1 Evacuation Pause) 352M->353M(512M) 12.170ms
[2020-08-01T12:25:25.263+0300][112.776s][info ][gc] GC(4972) Pause Young (Normal) (G1 Evacuation Pause) 374M->376M(512M) 10.712ms
[2020-08-01T12:25:25.284+0300][112.797s][info ][gc] GC(4973) Pause Young (Normal) (G1 Evacuation Pause) 397M->398M(512M) 12.410ms
[2020-08-01T12:25:25.303+0300][112.816s][info ][gc] GC(4974) Pause Young (Normal) (G1 Evacuation Pause) 419M->421M(512M) 9.958ms
[2020-08-01T12:25:25.324+0300][112.837s][info ][gc] GC(4975) Pause Young (Normal) (G1 Evacuation Pause) 462M->463M(512M) 9.717ms
[2020-08-01T12:25:25.345+0300][112.858s][info ][gc] GC(4976) To-space exhausted
[2020-08-01T12:25:25.345+0300][112.858s][info ][gc] GC(4976) Pause Young (Normal) (G1 Evacuation Pause) 484M->491M(512M) 12.704ms
[2020-08-01T12:25:25.383+0300][112.895s][info ][gc] GC(4977) To-space exhausted
[2020-08-01T12:25:25.383+0300][112.896s][info ][gc] GC(4977) Pause Young (Normal) (G1 Evacuation Pause) 508M->508M(512M) 29.913ms
[2020-08-01T12:25:25.383+0300][112.896s][debug][gc] GC(4978) Clear Next Bitmap 0.374ms
[2020-08-01T12:25:25.433+0300][112.946s][info ][gc] GC(4978) Pause Full (G1 Evacuation Pause) 508M->77M(512M) 50.423ms
[2020-08-01T12:25:25.433+0300][112.946s][info ][gc] GC(4968) Concurrent Cycle 254.714ms
[2020-08-01T12:25:25.455+0300][112.967s][info ][gc] GC(4979) Pause Young (Normal) (G1 Evacuation Pause) 104M->105M(512M) 10.049ms
[2020-08-01T12:25:25.477+0300][112.990s][info ][gc] GC(4980) Pause Young (Normal) (G1 Evacuation Pause) 130M->132M(512M) 12.438ms
[2020-08-01T12:25:25.499+0300][113.012s][info ][gc] GC(4981) Pause Young (Normal) (G1 Evacuation Pause) 173M->175M(512M) 10.684ms
[2020-08-01T12:25:25.518+0300][113.031s][info ][gc] GC(4982) Pause Young (Normal) (G1 Evacuation Pause) 196M->197M(512M) 10.434ms
[2020-08-01T12:25:25.537+0300][113.050s][info ][gc] GC(4983) Pause Young (Normal) (G1 Evacuation Pause) 218M->219M(512M) 10.474ms
[2020-08-01T12:25:25.556+0300][113.069s][info ][gc] GC(4984) Pause Young (Normal) (G1 Evacuation Pause) 240M->241M(512M) 10.763ms
[2020-08-01T12:25:25.575+0300][113.087s][info ][gc] GC(4985) Pause Young (Concurrent Start) (G1 Evacuation Pause) 262M->263M(512M) 10.180ms
[2020-08-01T12:25:25.575+0300][113.088s][info ][gc] GC(4986) Concurrent Cycle
[2020-08-01T12:25:25.599+0300][113.112s][info ][gc] GC(4987) Pause Young (Normal) (G1 Evacuation Pause) 304M->306M(512M) 11.105ms
[2020-08-01T12:25:25.619+0300][113.132s][info ][gc] GC(4988) Pause Young (Normal) (G1 Evacuation Pause) 327M->327M(512M) 10.678ms
[2020-08-01T12:25:25.638+0300][113.151s][info ][gc] GC(4989) Pause Young (Normal) (G1 Evacuation Pause) 348M->350M(512M) 10.471ms
[2020-08-01T12:25:25.660+0300][113.172s][info ][gc] GC(4990) Pause Young (Normal) (G1 Evacuation Pause) 371M->372M(512M) 10.566ms
[2020-08-01T12:25:25.680+0300][113.193s][info ][gc] GC(4991) Pause Young (Normal) (G1 Evacuation Pause) 393M->395M(512M) 10.364ms
[2020-08-01T12:25:25.701+0300][113.214s][info ][gc] GC(4992) Pause Young (Normal) (G1 Evacuation Pause) 416M->417M(512M) 11.846ms
[2020-08-01T12:25:25.726+0300][113.239s][info ][gc] GC(4993) Pause Young (Normal) (G1 Evacuation Pause) 458M->460M(512M) 11.383ms
[2020-08-01T12:25:25.745+0300][113.258s][info ][gc] GC(4994) Pause Young (Normal) (G1 Evacuation Pause) 481M->482M(512M) 10.432ms
[2020-08-01T12:25:25.783+0300][113.296s][info ][gc] GC(4995) To-space exhausted
[2020-08-01T12:25:25.783+0300][113.296s][info ][gc] GC(4995) Pause Young (Normal) (G1 Evacuation Pause) 503M->507M(512M) 29.491ms
[2020-08-01T12:25:25.794+0300][113.307s][info ][gc] GC(4996) To-space exhausted
[2020-08-01T12:25:25.794+0300][113.307s][info ][gc] GC(4996) Pause Young (Normal) (G1 Evacuation Pause) 509M->509M(512M) 9.316ms
[2020-08-01T12:25:25.794+0300][113.307s][debug][gc] GC(4997) Clear Next Bitmap 0.421ms
[2020-08-01T12:25:25.847+0300][113.360s][info ][gc] GC(4997) Pause Full (G1 Evacuation Pause) 509M->81M(512M) 52.709ms
[2020-08-01T12:25:25.847+0300][113.360s][info ][gc] GC(4986) Concurrent Cycle 272.291ms
[2020-08-01T12:25:25.870+0300][113.382s][info ][gc] GC(4998) Pause Young (Normal) (G1 Evacuation Pause) 108M->107M(512M) 11.772ms
[2020-08-01T12:25:25.891+0300][113.404s][info ][gc] GC(4999) Pause Young (Normal) (G1 Evacuation Pause) 131M->133M(512M) 11.277ms
[2020-08-01T12:25:25.914+0300][113.427s][info ][gc] GC(5000) Pause Young (Normal) (G1 Evacuation Pause) 174M->175M(512M) 11.306ms
[2020-08-01T12:25:25.933+0300][113.446s][info ][gc] GC(5001) Pause Young (Normal) (G1 Evacuation Pause) 196M->198M(512M) 10.690ms
[2020-08-01T12:25:25.952+0300][113.465s][info ][gc] GC(5002) Pause Young (Normal) (G1 Evacuation Pause) 219M->220M(512M) 10.731ms
[2020-08-01T12:25:25.971+0300][113.484s][info ][gc] GC(5003) Pause Young (Normal) (G1 Evacuation Pause) 241M->242M(512M) 10.539ms
[2020-08-01T12:25:25.990+0300][113.503s][info ][gc] GC(5004) Pause Young (Concurrent Start) (G1 Evacuation Pause) 263M->265M(512M) 10.758ms
[2020-08-01T12:25:25.990+0300][113.503s][info ][gc] GC(5005) Concurrent Cycle
[2020-08-01T12:25:26.013+0300][113.526s][info ][gc] GC(5006) Pause Young (Normal) (G1 Evacuation Pause) 306M->307M(512M) 10.518ms
[2020-08-01T12:25:26.033+0300][113.546s][info ][gc] GC(5007) Pause Young (Normal) (G1 Evacuation Pause) 328M->329M(512M) 10.699ms
[2020-08-01T12:25:26.052+0300][113.565s][info ][gc] GC(5008) Pause Young (Normal) (G1 Evacuation Pause) 350M->352M(512M) 10.524ms
[2020-08-01T12:25:26.072+0300][113.585s][info ][gc] GC(5009) Pause Young (Normal) (G1 Evacuation Pause) 373M->374M(512M) 10.503ms
[2020-08-01T12:25:26.091+0300][113.604s][info ][gc] GC(5010) Pause Young (Normal) (G1 Evacuation Pause) 395M->397M(512M) 10.113ms
[2020-08-01T12:25:26.113+0300][113.626s][info ][gc] GC(5011) Pause Young (Normal) (G1 Evacuation Pause) 418M->419M(512M) 12.393ms
[2020-08-01T12:25:26.135+0300][113.648s][info ][gc] GC(5012) Pause Young (Normal) (G1 Evacuation Pause) 460M->461M(512M) 10.415ms
[2020-08-01T12:25:26.155+0300][113.668s][info ][gc] GC(5013) To-space exhausted
[2020-08-01T12:25:26.155+0300][113.668s][info ][gc] GC(5013) Pause Young (Normal) (G1 Evacuation Pause) 482M->485M(512M) 10.953ms
[2020-08-01T12:25:26.196+0300][113.709s][info ][gc] GC(5014) To-space exhausted
[2020-08-01T12:25:26.196+0300][113.709s][info ][gc] GC(5014) Pause Young (Normal) (G1 Evacuation Pause) 506M->508M(512M) 32.059ms
[2020-08-01T12:25:26.205+0300][113.718s][info ][gc] GC(5015) To-space exhausted
[2020-08-01T12:25:26.205+0300][113.718s][info ][gc] GC(5015) Pause Young (Normal) (G1 Evacuation Pause) 509M->509M(512M) 4.847ms
[2020-08-01T12:25:26.205+0300][113.718s][debug][gc] GC(5016) Clear Next Bitmap 0.346ms
[2020-08-01T12:25:26.257+0300][113.769s][info ][gc] GC(5016) Pause Full (G1 Evacuation Pause) 509M->82M(512M) 51.621ms
[2020-08-01T12:25:26.257+0300][113.770s][info ][gc] GC(5005) Concurrent Cycle 266.836ms
[2020-08-01T12:25:26.280+0300][113.793s][info ][gc] GC(5017) Pause Young (Normal) (G1 Evacuation Pause) 109M->109M(512M) 12.171ms
[2020-08-01T12:25:26.302+0300][113.815s][info ][gc] GC(5018) Pause Young (Normal) (G1 Evacuation Pause) 134M->136M(512M) 12.486ms
[2020-08-01T12:25:26.324+0300][113.837s][info ][gc] GC(5019) Pause Young (Normal) (G1 Evacuation Pause) 177M->178M(512M) 10.112ms
[2020-08-01T12:25:26.343+0300][113.856s][info ][gc] GC(5020) Pause Young (Normal) (G1 Evacuation Pause) 199M->201M(512M) 10.715ms
[2020-08-01T12:25:26.363+0300][113.876s][info ][gc] GC(5021) Pause Young (Normal) (G1 Evacuation Pause) 222M->223M(512M) 10.792ms
[2020-08-01T12:25:26.381+0300][113.894s][info ][gc] GC(5022) Pause Young (Normal) (G1 Evacuation Pause) 244M->245M(512M) 10.441ms
[2020-08-01T12:25:26.400+0300][113.913s][info ][gc] GC(5023) Pause Young (Concurrent Start) (G1 Evacuation Pause) 266M->268M(512M) 10.282ms
[2020-08-01T12:25:26.400+0300][113.913s][info ][gc] GC(5024) Concurrent Cycle
[2020-08-01T12:25:26.423+0300][113.935s][info ][gc] GC(5025) Pause Young (Normal) (G1 Evacuation Pause) 309M->310M(512M) 10.252ms
[2020-08-01T12:25:26.442+0300][113.955s][info ][gc] GC(5026) Pause Young (Normal) (G1 Evacuation Pause) 331M->332M(512M) 10.605ms
[2020-08-01T12:25:26.461+0300][113.974s][info ][gc] GC(5027) Pause Young (Normal) (G1 Evacuation Pause) 353M->355M(512M) 10.493ms
[2020-08-01T12:25:26.483+0300][113.996s][info ][gc] GC(5028) Pause Young (Normal) (G1 Evacuation Pause) 376M->377M(512M) 12.671ms
[2020-08-01T12:25:26.502+0300][114.015s][info ][gc] GC(5029) Pause Young (Normal) (G1 Evacuation Pause) 398M->399M(512M) 10.150ms
[2020-08-01T12:25:26.522+0300][114.034s][info ][gc] GC(5030) Pause Young (Normal) (G1 Evacuation Pause) 420M->422M(512M) 10.242ms
[2020-08-01T12:25:26.547+0300][114.059s][info ][gc] GC(5031) Pause Young (Normal) (G1 Evacuation Pause) 463M->464M(512M) 11.232ms
[2020-08-01T12:25:26.569+0300][114.082s][info ][gc] GC(5032) To-space exhausted
[2020-08-01T12:25:26.569+0300][114.082s][info ][gc] GC(5032) Pause Young (Normal) (G1 Evacuation Pause) 485M->494M(512M) 13.620ms
[2020-08-01T12:25:26.601+0300][114.114s][info ][gc] GC(5033) To-space exhausted
[2020-08-01T12:25:26.601+0300][114.114s][info ][gc] GC(5033) Pause Young (Normal) (G1 Evacuation Pause) 508M->508M(512M) 25.515ms
[2020-08-01T12:25:26.602+0300][114.115s][debug][gc] GC(5034) Clear Next Bitmap 0.367ms
[2020-08-01T12:25:26.648+0300][114.161s][info ][gc] GC(5034) Pause Full (G1 Evacuation Pause) 508M->76M(512M) 46.691ms
[2020-08-01T12:25:26.648+0300][114.161s][info ][gc] GC(5024) Concurrent Cycle 247.926ms
[2020-08-01T12:25:26.672+0300][114.185s][info ][gc] GC(5035) Pause Young (Normal) (G1 Evacuation Pause) 104M->105M(512M) 12.326ms
[2020-08-01T12:25:26.697+0300][114.210s][info ][gc] GC(5036) Pause Young (Normal) (G1 Evacuation Pause) 129M->130M(512M) 13.697ms
[2020-08-01T12:25:26.721+0300][114.234s][info ][gc] GC(5037) Pause Young (Normal) (G1 Evacuation Pause) 171M->172M(512M) 11.336ms
[2020-08-01T12:25:26.741+0300][114.254s][info ][gc] GC(5038) Pause Young (Normal) (G1 Evacuation Pause) 193M->195M(512M) 10.681ms
[2020-08-01T12:25:26.761+0300][114.274s][info ][gc] GC(5039) Pause Young (Normal) (G1 Evacuation Pause) 216M->218M(512M) 10.883ms
[2020-08-01T12:25:26.780+0300][114.293s][info ][gc] GC(5040) Pause Young (Normal) (G1 Evacuation Pause) 239M->240M(512M) 10.561ms
[2020-08-01T12:25:26.799+0300][114.312s][info ][gc] GC(5041) Pause Young (Concurrent Start) (G1 Evacuation Pause) 261M->262M(512M) 10.732ms
[2020-08-01T12:25:26.799+0300][114.312s][info ][gc] GC(5042) Concurrent Cycle
[2020-08-01T12:25:26.823+0300][114.335s][info ][gc] GC(5043) Pause Young (Normal) (G1 Evacuation Pause) 303M->304M(512M) 10.449ms
[2020-08-01T12:25:26.842+0300][114.355s][info ][gc] GC(5044) Pause Young (Normal) (G1 Evacuation Pause) 325M->326M(512M) 10.776ms
[2020-08-01T12:25:26.861+0300][114.374s][info ][gc] GC(5045) Pause Young (Normal) (G1 Evacuation Pause) 347M->348M(512M) 10.484ms
[2020-08-01T12:25:26.881+0300][114.394s][info ][gc] GC(5046) Pause Young (Normal) (G1 Evacuation Pause) 369M->370M(512M) 10.825ms
[2020-08-01T12:25:26.901+0300][114.413s][info ][gc] GC(5047) Pause Young (Normal) (G1 Evacuation Pause) 391M->392M(512M) 10.718ms
[2020-08-01T12:25:26.920+0300][114.433s][info ][gc] GC(5048) Pause Young (Normal) (G1 Evacuation Pause) 413M->414M(512M) 10.637ms
[2020-08-01T12:25:26.944+0300][114.456s][info ][gc] GC(5049) Pause Young (Normal) (G1 Evacuation Pause) 455M->457M(512M) 10.319ms
[2020-08-01T12:25:26.963+0300][114.476s][info ][gc] GC(5050) Pause Young (Normal) (G1 Evacuation Pause) 478M->479M(512M) 10.809ms
[2020-08-01T12:25:27.000+0300][114.513s][info ][gc] GC(5051) To-space exhausted
[2020-08-01T12:25:27.000+0300][114.513s][info ][gc] GC(5051) Pause Young (Normal) (G1 Evacuation Pause) 500M->508M(512M) 27.960ms
[2020-08-01T12:25:27.001+0300][114.514s][debug][gc] GC(5052) Clear Next Bitmap 0.330ms
[2020-08-01T12:25:27.049+0300][114.561s][info ][gc] GC(5052) Pause Full (G1 Evacuation Pause) 508M->78M(512M) 47.954ms
[2020-08-01T12:25:27.049+0300][114.562s][info ][gc] GC(5042) Concurrent Cycle 249.624ms
[2020-08-01T12:25:27.069+0300][114.582s][info ][gc] GC(5053) Pause Young (Normal) (G1 Evacuation Pause) 104M->104M(512M) 10.302ms
[2020-08-01T12:25:27.090+0300][114.603s][info ][gc] GC(5054) Pause Young (Normal) (G1 Evacuation Pause) 128M->130M(512M) 11.522ms
[2020-08-01T12:25:27.112+0300][114.625s][info ][gc] GC(5055) Pause Young (Normal) (G1 Evacuation Pause) 171M->172M(512M) 10.458ms
[2020-08-01T12:25:27.131+0300][114.644s][info ][gc] GC(5056) Pause Young (Normal) (G1 Evacuation Pause) 193M->194M(512M) 11.155ms
[2020-08-01T12:25:27.151+0300][114.664s][info ][gc] GC(5057) Pause Young (Normal) (G1 Evacuation Pause) 215M->216M(512M) 10.941ms
[2020-08-01T12:25:27.170+0300][114.683s][info ][gc] GC(5058) Pause Young (Normal) (G1 Evacuation Pause) 237M->239M(512M) 10.762ms
[2020-08-01T12:25:27.189+0300][114.702s][info ][gc] GC(5059) Pause Young (Concurrent Start) (G1 Evacuation Pause) 260M->261M(512M) 10.283ms
[2020-08-01T12:25:27.189+0300][114.702s][info ][gc] GC(5060) Concurrent Cycle
[2020-08-01T12:25:27.213+0300][114.726s][info ][gc] GC(5061) Pause Young (Normal) (G1 Evacuation Pause) 302M->304M(512M) 11.290ms
[2020-08-01T12:25:27.232+0300][114.745s][info ][gc] GC(5062) Pause Young (Normal) (G1 Evacuation Pause) 325M->326M(512M) 10.534ms
[2020-08-01T12:25:27.252+0300][114.765s][info ][gc] GC(5063) Pause Young (Normal) (G1 Evacuation Pause) 347M->348M(512M) 10.591ms
[2020-08-01T12:25:27.272+0300][114.785s][info ][gc] GC(5064) Pause Young (Normal) (G1 Evacuation Pause) 369M->371M(512M) 11.589ms
[2020-08-01T12:25:27.292+0300][114.805s][info ][gc] GC(5065) Pause Young (Normal) (G1 Evacuation Pause) 392M->394M(512M) 10.775ms
[2020-08-01T12:25:27.312+0300][114.825s][info ][gc] GC(5066) Pause Young (Normal) (G1 Evacuation Pause) 415M->416M(512M) 11.041ms
[2020-08-01T12:25:27.336+0300][114.849s][info ][gc] GC(5067) Pause Young (Normal) (G1 Evacuation Pause) 457M->459M(512M) 11.784ms
[2020-08-01T12:25:27.355+0300][114.868s][info ][gc] GC(5068) Pause Young (Normal) (G1 Evacuation Pause) 480M->481M(512M) 10.157ms
[2020-08-01T12:25:27.393+0300][114.906s][info ][gc] GC(5069) To-space exhausted
[2020-08-01T12:25:27.393+0300][114.906s][info ][gc] GC(5069) Pause Young (Normal) (G1 Evacuation Pause) 502M->507M(512M) 29.083ms
[2020-08-01T12:25:27.404+0300][114.917s][info ][gc] GC(5070) To-space exhausted
[2020-08-01T12:25:27.405+0300][114.917s][info ][gc] GC(5070) Pause Young (Normal) (G1 Evacuation Pause) 509M->509M(512M) 10.143ms
[2020-08-01T12:25:27.405+0300][114.918s][debug][gc] GC(5071) Clear Next Bitmap 0.377ms
[2020-08-01T12:25:27.454+0300][114.967s][info ][gc] GC(5071) Pause Full (G1 Evacuation Pause) 509M->79M(512M) 49.642ms
[2020-08-01T12:25:27.455+0300][114.967s][info ][gc] GC(5060) Concurrent Cycle 265.370ms
[2020-08-01T12:25:27.476+0300][114.989s][info ][gc] GC(5072) Pause Young (Normal) (G1 Evacuation Pause) 106M->106M(512M) 11.119ms
[2020-08-01T12:25:27.498+0300][115.011s][info ][gc] GC(5073) Pause Young (Normal) (G1 Evacuation Pause) 131M->132M(512M) 11.661ms
[2020-08-01T12:25:27.520+0300][115.033s][info ][gc] GC(5074) Pause Young (Normal) (G1 Evacuation Pause) 173M->175M(512M) 10.420ms
[2020-08-01T12:25:27.539+0300][115.052s][info ][gc] GC(5075) Pause Young (Normal) (G1 Evacuation Pause) 196M->197M(512M) 10.499ms
[2020-08-01T12:25:27.559+0300][115.072s][info ][gc] GC(5076) Pause Young (Normal) (G1 Evacuation Pause) 218M->219M(512M) 10.601ms
[2020-08-01T12:25:27.578+0300][115.091s][info ][gc] GC(5077) Pause Young (Normal) (G1 Evacuation Pause) 240M->242M(512M) 10.502ms
[2020-08-01T12:25:27.597+0300][115.110s][info ][gc] GC(5078) Pause Young (Concurrent Start) (G1 Evacuation Pause) 263M->264M(512M) 11.004ms
[2020-08-01T12:25:27.597+0300][115.110s][info ][gc] GC(5079) Concurrent Cycle
[2020-08-01T12:25:27.620+0300][115.133s][info ][gc] GC(5080) Pause Young (Normal) (G1 Evacuation Pause) 305M->306M(512M) 10.441ms
[2020-08-01T12:25:27.639+0300][115.152s][info ][gc] GC(5081) Pause Young (Normal) (G1 Evacuation Pause) 327M->328M(512M) 10.398ms
[2020-08-01T12:25:27.659+0300][115.172s][info ][gc] GC(5082) Pause Young (Normal) (G1 Evacuation Pause) 349M->351M(512M) 10.628ms
[2020-08-01T12:25:27.679+0300][115.192s][info ][gc] GC(5083) Pause Young (Normal) (G1 Evacuation Pause) 372M->373M(512M) 10.575ms
[2020-08-01T12:25:27.700+0300][115.213s][info ][gc] GC(5084) Pause Young (Normal) (G1 Evacuation Pause) 394M->395M(512M) 12.439ms
[2020-08-01T12:25:27.722+0300][115.235s][info ][gc] GC(5085) Pause Young (Normal) (G1 Evacuation Pause) 416M->417M(512M) 11.834ms
[2020-08-01T12:25:27.747+0300][115.260s][info ][gc] GC(5086) Pause Young (Normal) (G1 Evacuation Pause) 458M->460M(512M) 11.588ms
[2020-08-01T12:25:27.766+0300][115.279s][info ][gc] GC(5087) Pause Young (Normal) (G1 Evacuation Pause) 481M->482M(512M) 10.676ms
[2020-08-01T12:25:27.806+0300][115.319s][info ][gc] GC(5088) To-space exhausted
[2020-08-01T12:25:27.806+0300][115.319s][info ][gc] GC(5088) Pause Young (Normal) (G1 Evacuation Pause) 503M->507M(512M) 29.687ms
[2020-08-01T12:25:27.817+0300][115.330s][info ][gc] GC(5089) To-space exhausted
[2020-08-01T12:25:27.817+0300][115.330s][info ][gc] GC(5089) Pause Young (Normal) (G1 Evacuation Pause) 509M->509M(512M) 10.224ms
[2020-08-01T12:25:27.818+0300][115.331s][debug][gc] GC(5090) Clear Next Bitmap 0.405ms
[2020-08-01T12:25:27.868+0300][115.381s][info ][gc] GC(5090) Pause Full (G1 Evacuation Pause) 509M->82M(512M) 50.353ms
[2020-08-01T12:25:27.868+0300][115.381s][info ][gc] GC(5079) Concurrent Cycle 270.375ms
[2020-08-01T12:25:27.889+0300][115.402s][info ][gc] GC(5091) Pause Young (Normal) (G1 Evacuation Pause) 109M->109M(512M) 10.451ms
[2020-08-01T12:25:27.911+0300][115.424s][info ][gc] GC(5092) Pause Young (Normal) (G1 Evacuation Pause) 134M->136M(512M) 11.790ms
[2020-08-01T12:25:27.936+0300][115.449s][info ][gc] GC(5093) Pause Young (Normal) (G1 Evacuation Pause) 177M->178M(512M) 13.055ms
[2020-08-01T12:25:27.955+0300][115.468s][info ][gc] GC(5094) Pause Young (Normal) (G1 Evacuation Pause) 199M->200M(512M) 10.562ms
[2020-08-01T12:25:27.974+0300][115.487s][info ][gc] GC(5095) Pause Young (Normal) (G1 Evacuation Pause) 221M->223M(512M) 10.467ms
[2020-08-01T12:25:27.994+0300][115.507s][info ][gc] GC(5096) Pause Young (Normal) (G1 Evacuation Pause) 244M->245M(512M) 10.695ms
[2020-08-01T12:25:28.013+0300][115.526s][info ][gc] GC(5097) Pause Young (Concurrent Start) (G1 Evacuation Pause) 266M->268M(512M) 10.702ms
[2020-08-01T12:25:28.013+0300][115.526s][info ][gc] GC(5098) Concurrent Cycle
[2020-08-01T12:25:28.037+0300][115.550s][info ][gc] GC(5099) Pause Young (Normal) (G1 Evacuation Pause) 309M->311M(512M) 11.246ms
[2020-08-01T12:25:28.057+0300][115.570s][info ][gc] GC(5100) Pause Young (Normal) (G1 Evacuation Pause) 332M->333M(512M) 10.728ms
[2020-08-01T12:25:28.077+0300][115.590s][info ][gc] GC(5101) Pause Young (Normal) (G1 Evacuation Pause) 354M->356M(512M) 11.921ms
[2020-08-01T12:25:28.096+0300][115.609s][info ][gc] GC(5102) Pause Young (Normal) (G1 Evacuation Pause) 377M->378M(512M) 10.439ms
[2020-08-01T12:25:28.115+0300][115.628s][info ][gc] GC(5103) Pause Young (Normal) (G1 Evacuation Pause) 399M->400M(512M) 10.444ms
[2020-08-01T12:25:28.135+0300][115.647s][info ][gc] GC(5104) Pause Young (Normal) (G1 Evacuation Pause) 421M->423M(512M) 10.200ms
[2020-08-01T12:25:28.158+0300][115.671s][info ][gc] GC(5105) Pause Young (Normal) (G1 Evacuation Pause) 464M->465M(512M) 10.494ms
[2020-08-01T12:25:28.180+0300][115.693s][info ][gc] GC(5106) To-space exhausted
[2020-08-01T12:25:28.180+0300][115.693s][info ][gc] GC(5106) Pause Young (Normal) (G1 Evacuation Pause) 486M->495M(512M) 13.412ms
[2020-08-01T12:25:28.212+0300][115.724s][info ][gc] GC(5107) To-space exhausted
[2020-08-01T12:25:28.212+0300][115.725s][info ][gc] GC(5107) Pause Young (Normal) (G1 Evacuation Pause) 508M->508M(512M) 25.101ms
[2020-08-01T12:25:28.212+0300][115.725s][debug][gc] GC(5108) Clear Next Bitmap 0.296ms
[2020-08-01T12:25:28.259+0300][115.772s][info ][gc] GC(5108) Pause Full (G1 Evacuation Pause) 508M->76M(512M) 47.064ms
[2020-08-01T12:25:28.259+0300][115.772s][info ][gc] GC(5098) Concurrent Cycle 245.702ms
[2020-08-01T12:25:28.282+0300][115.794s][info ][gc] GC(5109) Pause Young (Normal) (G1 Evacuation Pause) 103M->103M(512M) 11.909ms
[2020-08-01T12:25:28.303+0300][115.816s][info ][gc] GC(5110) Pause Young (Normal) (G1 Evacuation Pause) 127M->129M(512M) 11.626ms
[2020-08-01T12:25:28.325+0300][115.837s][info ][gc] GC(5111) Pause Young (Normal) (G1 Evacuation Pause) 170M->172M(512M) 10.515ms
[2020-08-01T12:25:28.346+0300][115.859s][info ][gc] GC(5112) Pause Young (Normal) (G1 Evacuation Pause) 193M->195M(512M) 12.850ms
[2020-08-01T12:25:28.366+0300][115.879s][info ][gc] GC(5113) Pause Young (Normal) (G1 Evacuation Pause) 216M->217M(512M) 10.546ms
[2020-08-01T12:25:28.385+0300][115.898s][info ][gc] GC(5114) Pause Young (Normal) (G1 Evacuation Pause) 238M->240M(512M) 10.702ms
[2020-08-01T12:25:28.404+0300][115.917s][info ][gc] GC(5115) Pause Young (Concurrent Start) (G1 Evacuation Pause) 261M->262M(512M) 10.658ms
[2020-08-01T12:25:28.404+0300][115.917s][info ][gc] GC(5116) Concurrent Cycle
[2020-08-01T12:25:28.428+0300][115.941s][info ][gc] GC(5117) Pause Young (Normal) (G1 Evacuation Pause) 303M->305M(512M) 11.190ms
[2020-08-01T12:25:28.448+0300][115.961s][info ][gc] GC(5118) Pause Young (Normal) (G1 Evacuation Pause) 326M->327M(512M) 10.913ms
[2020-08-01T12:25:28.467+0300][115.980s][info ][gc] GC(5119) Pause Young (Normal) (G1 Evacuation Pause) 348M->349M(512M) 10.423ms
[2020-08-01T12:25:28.485+0300][115.998s][info ][gc] GC(5120) Pause Young (Normal) (G1 Evacuation Pause) 370M->371M(512M) 9.885ms
[2020-08-01T12:25:28.504+0300][116.017s][info ][gc] GC(5121) Pause Young (Normal) (G1 Evacuation Pause) 392M->394M(512M) 10.405ms
[2020-08-01T12:25:28.523+0300][116.036s][info ][gc] GC(5122) Pause Young (Normal) (G1 Evacuation Pause) 415M->417M(512M) 9.781ms
[2020-08-01T12:25:28.547+0300][116.060s][info ][gc] GC(5123) Pause Young (Normal) (G1 Evacuation Pause) 458M->460M(512M) 10.805ms
[2020-08-01T12:25:28.567+0300][116.079s][info ][gc] GC(5124) Pause Young (Normal) (G1 Evacuation Pause) 481M->482M(512M) 10.781ms
[2020-08-01T12:25:28.608+0300][116.121s][info ][gc] GC(5125) To-space exhausted
[2020-08-01T12:25:28.608+0300][116.121s][info ][gc] GC(5125) Pause Young (Normal) (G1 Evacuation Pause) 503M->507M(512M) 32.211ms
[2020-08-01T12:25:28.616+0300][116.129s][info ][gc] GC(5126) To-space exhausted
[2020-08-01T12:25:28.616+0300][116.129s][info ][gc] GC(5126) Pause Young (Normal) (G1 Evacuation Pause) 508M->508M(512M) 7.488ms
[2020-08-01T12:25:28.617+0300][116.130s][debug][gc] GC(5127) Clear Next Bitmap 0.453ms
[2020-08-01T12:25:28.666+0300][116.179s][info ][gc] GC(5127) Pause Full (G1 Evacuation Pause) 508M->77M(512M) 49.908ms
[2020-08-01T12:25:28.666+0300][116.179s][info ][gc] GC(5116) Concurrent Cycle 261.983ms
[2020-08-01T12:25:28.692+0300][116.205s][info ][gc] GC(5128) Pause Young (Normal) (G1 Evacuation Pause) 104M->104M(512M) 13.709ms
[2020-08-01T12:25:28.716+0300][116.229s][info ][gc] GC(5129) Pause Young (Normal) (G1 Evacuation Pause) 127M->128M(512M) 13.978ms
[2020-08-01T12:25:28.740+0300][116.253s][info ][gc] GC(5130) Pause Young (Normal) (G1 Evacuation Pause) 169M->170M(512M) 13.407ms
[2020-08-01T12:25:28.759+0300][116.272s][info ][gc] GC(5131) Pause Young (Normal) (G1 Evacuation Pause) 191M->192M(512M) 10.254ms
[2020-08-01T12:25:28.780+0300][116.293s][info ][gc] GC(5132) Pause Young (Normal) (G1 Evacuation Pause) 213M->215M(512M) 12.617ms
[2020-08-01T12:25:28.800+0300][116.312s][info ][gc] GC(5133) Pause Young (Normal) (G1 Evacuation Pause) 236M->237M(512M) 10.803ms
[2020-08-01T12:25:28.820+0300][116.333s][info ][gc] GC(5134) Pause Young (Concurrent Start) (G1 Evacuation Pause) 258M->260M(512M) 11.588ms
[2020-08-01T12:25:28.820+0300][116.333s][info ][gc] GC(5135) Concurrent Cycle
[2020-08-01T12:25:28.844+0300][116.357s][info ][gc] GC(5136) Pause Young (Normal) (G1 Evacuation Pause) 301M->302M(512M) 11.244ms
[2020-08-01T12:25:28.864+0300][116.377s][info ][gc] GC(5137) Pause Young (Normal) (G1 Evacuation Pause) 323M->324M(512M) 10.771ms
[2020-08-01T12:25:28.884+0300][116.397s][info ][gc] GC(5138) Pause Young (Normal) (G1 Evacuation Pause) 345M->346M(512M) 10.263ms
[2020-08-01T12:25:28.902+0300][116.415s][info ][gc] GC(5139) Pause Young (Normal) (G1 Evacuation Pause) 367M->368M(512M) 9.944ms
[2020-08-01T12:25:28.922+0300][116.435s][info ][gc] GC(5140) Pause Young (Normal) (G1 Evacuation Pause) 389M->391M(512M) 10.618ms
[2020-08-01T12:25:28.941+0300][116.454s][info ][gc] GC(5141) Pause Young (Normal) (G1 Evacuation Pause) 412M->413M(512M) 10.328ms
[2020-08-01T12:25:28.964+0300][116.477s][info ][gc] GC(5142) Pause Young (Normal) (G1 Evacuation Pause) 454M->456M(512M) 11.032ms
[2020-08-01T12:25:28.983+0300][116.496s][info ][gc] GC(5143) Pause Young (Normal) (G1 Evacuation Pause) 477M->479M(512M) 10.649ms
[2020-08-01T12:25:29.019+0300][116.532s][info ][gc] GC(5144) To-space exhausted
[2020-08-01T12:25:29.019+0300][116.532s][info ][gc] GC(5144) Pause Young (Normal) (G1 Evacuation Pause) 500M->507M(512M) 26.701ms
[2020-08-01T12:25:29.022+0300][116.534s][debug][gc] GC(5135) Reclaimed 125 empty regions
[2020-08-01T12:25:29.022+0300][116.535s][info ][gc] GC(5135) Pause Remark 508M->384M(512M) 0.752ms
[2020-08-01T12:25:29.043+0300][116.555s][info ][gc] GC(5145) Pause Young (Normal) (G1 Evacuation Pause) 404M->405M(512M) 10.569ms
[2020-08-01T12:25:29.070+0300][116.583s][info ][gc] GC(5146) Pause Young (Normal) (G1 Evacuation Pause) 426M->428M(512M) 10.606ms
[2020-08-01T12:25:29.094+0300][116.607s][info ][gc] GC(5147) Pause Young (Normal) (G1 Humongous Allocation) 446M->447M(512M) 9.576ms
[2020-08-01T12:25:29.095+0300][116.608s][debug][gc] GC(5148) Clear Next Bitmap 0.402ms
[2020-08-01T12:25:29.100+0300][116.613s][info ][gc] GC(5148) Pause Full (G1 Humongous Allocation) 447M->2M(512M) 5.404ms
[2020-08-01T12:25:29.100+0300][116.613s][info ][gc] GC(5135) Concurrent Cycle 279.796ms
[2020-08-01T12:25:29.123+0300][116.636s][info ][gc] GC(5149) Pause Young (Normal) (G1 Evacuation Pause) 47M->48M(512M) 10.704ms
[2020-08-01T12:25:29.143+0300][116.656s][info ][gc] GC(5150) Pause Young (Normal) (G1 Evacuation Pause) 71M->72M(512M) 10.889ms
[2020-08-01T12:25:29.162+0300][116.675s][info ][gc] GC(5151) Pause Young (Normal) (G1 Evacuation Pause) 93M->94M(512M) 10.563ms
[2020-08-01T12:25:29.181+0300][116.694s][info ][gc] GC(5152) Pause Young (Normal) (G1 Evacuation Pause) 115M->116M(512M) 10.618ms
[2020-08-01T12:25:29.200+0300][116.713s][info ][gc] GC(5153) Pause Young (Normal) (G1 Evacuation Pause) 137M->139M(512M) 10.567ms
[2020-08-01T12:25:29.222+0300][116.735s][info ][gc] GC(5154) Pause Young (Normal) (G1 Evacuation Pause) 180M->181M(512M) 10.588ms
[2020-08-01T12:25:29.241+0300][116.754s][info ][gc] GC(5155) Pause Young (Normal) (G1 Evacuation Pause) 202M->204M(512M) 10.755ms
[2020-08-01T12:25:29.261+0300][116.774s][info ][gc] GC(5156) Pause Young (Normal) (G1 Evacuation Pause) 225M->227M(512M) 10.924ms
[2020-08-01T12:25:29.281+0300][116.794s][info ][gc] GC(5157) Pause Young (Normal) (G1 Evacuation Pause) 248M->249M(512M) 11.120ms
[2020-08-01T12:25:29.301+0300][116.814s][info ][gc] GC(5158) Pause Young (Concurrent Start) (G1 Evacuation Pause) 270M->271M(512M) 11.722ms
[2020-08-01T12:25:29.301+0300][116.814s][info ][gc] GC(5159) Concurrent Cycle
[2020-08-01T12:25:29.324+0300][116.837s][info ][gc] GC(5160) Pause Young (Normal) (G1 Evacuation Pause) 312M->314M(512M) 10.386ms
[2020-08-01T12:25:29.344+0300][116.857s][info ][gc] GC(5161) Pause Young (Normal) (G1 Evacuation Pause) 335M->335M(512M) 10.479ms
[2020-08-01T12:25:29.363+0300][116.876s][info ][gc] GC(5162) Pause Young (Normal) (G1 Evacuation Pause) 356M->358M(512M) 10.757ms
[2020-08-01T12:25:29.383+0300][116.896s][info ][gc] GC(5163) Pause Young (Normal) (G1 Evacuation Pause) 380M->382M(512M) 10.746ms
[2020-08-01T12:25:29.403+0300][116.916s][info ][gc] GC(5164) Pause Young (Normal) (G1 Evacuation Pause) 404M->405M(512M) 10.455ms
[2020-08-01T12:25:29.423+0300][116.936s][info ][gc] GC(5165) Pause Young (Normal) (G1 Evacuation Pause) 426M->427M(512M) 10.341ms
[2020-08-01T12:25:29.446+0300][116.959s][info ][gc] GC(5166) Pause Young (Normal) (G1 Evacuation Pause) 468M->469M(512M) 10.383ms
[2020-08-01T12:25:29.473+0300][116.986s][info ][gc] GC(5167) To-space exhausted
[2020-08-01T12:25:29.473+0300][116.986s][info ][gc] GC(5167) Pause Young (Normal) (G1 Evacuation Pause) 490M->498M(512M) 17.427ms
[2020-08-01T12:25:29.500+0300][117.012s][info ][gc] GC(5168) To-space exhausted
[2020-08-01T12:25:29.500+0300][117.013s][info ][gc] GC(5168) Pause Young (Normal) (G1 Evacuation Pause) 509M->509M(512M) 21.636ms
[2020-08-01T12:25:29.500+0300][117.013s][debug][gc] GC(5169) Clear Next Bitmap 0.310ms
[2020-08-01T12:25:29.545+0300][117.058s][info ][gc] GC(5169) Pause Full (G1 Evacuation Pause) 509M->74M(512M) 45.182ms
[2020-08-01T12:25:29.545+0300][117.058s][info ][gc] GC(5159) Concurrent Cycle 244.088ms
[2020-08-01T12:25:29.568+0300][117.081s][info ][gc] GC(5170) Pause Young (Normal) (G1 Evacuation Pause) 101M->101M(512M) 12.205ms
[2020-08-01T12:25:29.590+0300][117.103s][info ][gc] GC(5171) Pause Young (Normal) (G1 Evacuation Pause) 126M->128M(512M) 12.111ms
[2020-08-01T12:25:29.612+0300][117.125s][info ][gc] GC(5172) Pause Young (Normal) (G1 Evacuation Pause) 169M->170M(512M) 11.280ms
[2020-08-01T12:25:29.632+0300][117.145s][info ][gc] GC(5173) Pause Young (Normal) (G1 Evacuation Pause) 191M->193M(512M) 10.850ms
[2020-08-01T12:25:29.651+0300][117.164s][info ][gc] GC(5174) Pause Young (Normal) (G1 Evacuation Pause) 214M->215M(512M) 10.693ms
[2020-08-01T12:25:29.671+0300][117.184s][info ][gc] GC(5175) Pause Young (Normal) (G1 Evacuation Pause) 236M->237M(512M) 10.258ms
[2020-08-01T12:25:29.690+0300][117.203s][info ][gc] GC(5176) Pause Young (Concurrent Start) (G1 Evacuation Pause) 258M->260M(512M) 10.465ms
[2020-08-01T12:25:29.690+0300][117.203s][info ][gc] GC(5177) Concurrent Cycle
[2020-08-01T12:25:29.718+0300][117.231s][info ][gc] GC(5178) Pause Young (Normal) (G1 Evacuation Pause) 302M->304M(512M) 11.632ms
[2020-08-01T12:25:29.737+0300][117.250s][info ][gc] GC(5179) Pause Young (Normal) (G1 Evacuation Pause) 325M->326M(512M) 10.534ms
[2020-08-01T12:25:29.757+0300][117.270s][info ][gc] GC(5180) Pause Young (Normal) (G1 Evacuation Pause) 347M->348M(512M) 10.889ms
[2020-08-01T12:25:29.777+0300][117.290s][info ][gc] GC(5181) Pause Young (Normal) (G1 Evacuation Pause) 369M->370M(512M) 10.396ms
[2020-08-01T12:25:29.796+0300][117.309s][info ][gc] GC(5182) Pause Young (Normal) (G1 Evacuation Pause) 391M->393M(512M) 10.481ms
[2020-08-01T12:25:29.815+0300][117.328s][info ][gc] GC(5183) Pause Young (Normal) (G1 Evacuation Pause) 414M->415M(512M) 10.365ms
[2020-08-01T12:25:29.839+0300][117.352s][info ][gc] GC(5184) Pause Young (Normal) (G1 Evacuation Pause) 456M->458M(512M) 10.591ms
[2020-08-01T12:25:29.859+0300][117.372s][info ][gc] GC(5185) Pause Young (Normal) (G1 Evacuation Pause) 479M->480M(512M) 10.754ms
[2020-08-01T12:25:29.868+0300][117.380s][debug][gc] GC(5177) Reclaimed 131 empty regions
[2020-08-01T12:25:29.868+0300][117.380s][info ][gc] GC(5177) Pause Remark 498M->370M(512M) 0.706ms
[2020-08-01T12:25:29.880+0300][117.393s][info ][gc] GC(5186) Pause Young (Normal) (G1 Evacuation Pause) 373M->374M(512M) 11.278ms
[2020-08-01T12:25:29.909+0300][117.422s][info ][gc] GC(5187) Pause Young (Normal) (G1 Evacuation Pause) 395M->396M(512M) 10.884ms
[2020-08-01T12:25:29.936+0300][117.449s][info ][gc] GC(5188) Pause Young (Normal) (G1 Evacuation Pause) 417M->419M(512M) 10.676ms
[2020-08-01T12:25:29.965+0300][117.478s][info ][gc] GC(5189) Pause Young (Normal) (G1 Evacuation Pause) 460M->461M(512M) 10.556ms
[2020-08-01T12:25:29.993+0300][117.506s][info ][gc] GC(5190) Pause Young (Normal) (G1 Evacuation Pause) 482M->483M(512M) 10.475ms
[2020-08-01T12:25:30.039+0300][117.552s][info ][gc] GC(5191) To-space exhausted
[2020-08-01T12:25:30.039+0300][117.552s][info ][gc] GC(5191) Pause Young (Normal) (G1 Evacuation Pause) 504M->509M(512M) 29.264ms
[2020-08-01T12:25:30.058+0300][117.571s][info ][gc] GC(5192) To-space exhausted
[2020-08-01T12:25:30.058+0300][117.571s][info ][gc] GC(5192) Pause Young (Normal) (G1 Evacuation Pause) 511M->511M(512M) 7.969ms
[2020-08-01T12:25:30.059+0300][117.571s][debug][gc] GC(5193) Clear Next Bitmap 0.534ms
[2020-08-01T12:25:30.104+0300][117.617s][info ][gc] GC(5193) Pause Full (G1 Evacuation Pause) 511M->68M(512M) 45.881ms
[2020-08-01T12:25:30.104+0300][117.617s][info ][gc] GC(5177) Concurrent Cycle 413.998ms
[2020-08-01T12:25:30.126+0300][117.639s][info ][gc] GC(5194) Pause Young (Normal) (G1 Evacuation Pause) 95M->95M(512M) 11.147ms
[2020-08-01T12:25:30.148+0300][117.661s][info ][gc] GC(5195) Pause Young (Normal) (G1 Evacuation Pause) 120M->122M(512M) 11.742ms
[2020-08-01T12:25:30.169+0300][117.682s][info ][gc] GC(5196) Pause Young (Normal) (G1 Evacuation Pause) 163M->165M(512M) 10.444ms
[2020-08-01T12:25:30.188+0300][117.701s][info ][gc] GC(5197) Pause Young (Normal) (G1 Evacuation Pause) 186M->187M(512M) 10.625ms
[2020-08-01T12:25:30.208+0300][117.721s][info ][gc] GC(5198) Pause Young (Normal) (G1 Evacuation Pause) 208M->209M(512M) 10.797ms
[2020-08-01T12:25:30.226+0300][117.739s][info ][gc] GC(5199) Pause Young (Normal) (G1 Evacuation Pause) 230M->232M(512M) 10.332ms
[2020-08-01T12:25:30.245+0300][117.758s][info ][gc] GC(5200) Pause Young (Concurrent Start) (G1 Evacuation Pause) 253M->254M(512M) 10.529ms
[2020-08-01T12:25:30.245+0300][117.758s][info ][gc] GC(5201) Concurrent Cycle
[2020-08-01T12:25:30.265+0300][117.778s][info ][gc] GC(5202) Pause Young (Normal) (G1 Evacuation Pause) 275M->276M(512M) 11.056ms
[2020-08-01T12:25:30.289+0300][117.802s][info ][gc] GC(5203) Pause Young (Normal) (G1 Evacuation Pause) 317M->319M(512M) 10.488ms
[2020-08-01T12:25:30.308+0300][117.821s][info ][gc] GC(5204) Pause Young (Normal) (G1 Evacuation Pause) 340M->341M(512M) 10.307ms
[2020-08-01T12:25:30.328+0300][117.841s][info ][gc] GC(5205) Pause Young (Normal) (G1 Evacuation Pause) 362M->363M(512M) 10.559ms
[2020-08-01T12:25:30.350+0300][117.863s][info ][gc] GC(5206) Pause Young (Normal) (G1 Evacuation Pause) 384M->386M(512M) 10.797ms
[2020-08-01T12:25:30.370+0300][117.883s][info ][gc] GC(5207) Pause Young (Normal) (G1 Evacuation Pause) 407M->408M(512M) 10.258ms
[2020-08-01T12:25:30.392+0300][117.905s][info ][gc] GC(5208) Pause Young (Normal) (G1 Evacuation Pause) 449M->450M(512M) 10.240ms
[2020-08-01T12:25:30.411+0300][117.924s][info ][gc] GC(5209) Pause Young (Normal) (G1 Evacuation Pause) 471M->472M(512M) 10.388ms
[2020-08-01T12:25:30.413+0300][117.926s][debug][gc] GC(5201) Reclaimed 129 empty regions
[2020-08-01T12:25:30.413+0300][117.926s][info ][gc] GC(5201) Pause Remark 476M->349M(512M) 0.672ms
[2020-08-01T12:25:30.434+0300][117.946s][info ][gc] GC(5210) Pause Young (Normal) (G1 Evacuation Pause) 366M->368M(512M) 12.928ms
[2020-08-01T12:25:30.456+0300][117.969s][info ][gc] GC(5211) Pause Young (Normal) (G1 Evacuation Pause) 389M->391M(512M) 10.962ms
[2020-08-01T12:25:30.485+0300][117.997s][info ][gc] GC(5212) Pause Young (Normal) (G1 Evacuation Pause) 412M->413M(512M) 10.712ms
[2020-08-01T12:25:30.512+0300][118.025s][info ][gc] GC(5213) Pause Young (Normal) (G1 Evacuation Pause) 434M->435M(512M) 10.936ms
[2020-08-01T12:25:30.547+0300][118.060s][info ][gc] GC(5214) Pause Young (Normal) (G1 Evacuation Pause) 476M->477M(512M) 12.729ms
[2020-08-01T12:25:30.584+0300][118.097s][info ][gc] GC(5215) To-space exhausted
[2020-08-01T12:25:30.585+0300][118.097s][info ][gc] GC(5215) Pause Young (Normal) (G1 Evacuation Pause) 498M->507M(512M) 22.709ms
[2020-08-01T12:25:30.607+0300][118.120s][info ][gc] GC(5216) To-space exhausted
[2020-08-01T12:25:30.607+0300][118.120s][info ][gc] GC(5216) Pause Young (Normal) (G1 Evacuation Pause) 511M->511M(512M) 12.126ms
[2020-08-01T12:25:30.608+0300][118.121s][debug][gc] GC(5217) Clear Next Bitmap 0.371ms
[2020-08-01T12:25:30.645+0300][118.158s][info ][gc] GC(5217) Pause Full (G1 Evacuation Pause) 511M->64M(512M) 37.977ms
[2020-08-01T12:25:30.646+0300][118.159s][info ][gc] GC(5201) Concurrent Cycle 400.211ms
[2020-08-01T12:25:30.668+0300][118.181s][info ][gc] GC(5218) Pause Young (Normal) (G1 Evacuation Pause) 91M->91M(512M) 11.562ms
[2020-08-01T12:25:30.692+0300][118.205s][info ][gc] GC(5219) Pause Young (Normal) (G1 Evacuation Pause) 116M->117M(512M) 13.326ms
[2020-08-01T12:25:30.724+0300][118.237s][info ][gc] GC(5220) Pause Young (Normal) (G1 Evacuation Pause) 158M->159M(512M) 16.122ms
[2020-08-01T12:25:30.744+0300][118.257s][info ][gc] GC(5221) Pause Young (Normal) (G1 Evacuation Pause) 180M->181M(512M) 10.385ms
[2020-08-01T12:25:30.766+0300][118.279s][info ][gc] GC(5222) Pause Young (Normal) (G1 Evacuation Pause) 202M->204M(512M) 12.349ms
[2020-08-01T12:25:30.787+0300][118.300s][info ][gc] GC(5223) Pause Young (Normal) (G1 Evacuation Pause) 225M->226M(512M) 11.699ms
[2020-08-01T12:25:30.806+0300][118.319s][info ][gc] GC(5224) Pause Young (Normal) (G1 Evacuation Pause) 247M->248M(512M) 10.446ms
[2020-08-01T12:25:30.825+0300][118.338s][info ][gc] GC(5225) Pause Young (Concurrent Start) (G1 Evacuation Pause) 269M->270M(512M) 10.777ms
[2020-08-01T12:25:30.826+0300][118.338s][info ][gc] GC(5226) Concurrent Cycle
[2020-08-01T12:25:30.849+0300][118.362s][info ][gc] GC(5227) Pause Young (Normal) (G1 Evacuation Pause) 311M->312M(512M) 11.270ms
[2020-08-01T12:25:30.869+0300][118.381s][info ][gc] GC(5228) Pause Young (Normal) (G1 Evacuation Pause) 333M->334M(512M) 10.801ms
[2020-08-01T12:25:30.888+0300][118.401s][info ][gc] GC(5229) Pause Young (Normal) (G1 Evacuation Pause) 355M->356M(512M) 9.988ms
[2020-08-01T12:25:30.907+0300][118.420s][info ][gc] GC(5230) Pause Young (Normal) (G1 Evacuation Pause) 377M->378M(512M) 10.585ms
[2020-08-01T12:25:30.926+0300][118.439s][info ][gc] GC(5231) Pause Young (Normal) (G1 Evacuation Pause) 399M->401M(512M) 10.398ms
[2020-08-01T12:25:30.949+0300][118.462s][info ][gc] GC(5232) Pause Young (Normal) (G1 Evacuation Pause) 442M->444M(512M) 10.534ms
[2020-08-01T12:25:30.969+0300][118.482s][info ][gc] GC(5233) Pause Young (Normal) (G1 Evacuation Pause) 465M->466M(512M) 10.739ms
[2020-08-01T12:25:30.993+0300][118.506s][info ][gc] GC(5234) To-space exhausted
[2020-08-01T12:25:30.993+0300][118.506s][info ][gc] GC(5234) Pause Young (Normal) (G1 Evacuation Pause) 487M->494M(512M) 14.257ms
[2020-08-01T12:25:31.027+0300][118.540s][info ][gc] GC(5235) To-space exhausted
[2020-08-01T12:25:31.027+0300][118.540s][info ][gc] GC(5235) Pause Young (Normal) (G1 Evacuation Pause) 509M->509M(512M) 27.565ms
[2020-08-01T12:25:31.028+0300][118.541s][debug][gc] GC(5236) Clear Next Bitmap 0.360ms
[2020-08-01T12:25:31.079+0300][118.592s][info ][gc] GC(5236) Pause Full (G1 Evacuation Pause) 509M->80M(512M) 51.587ms
[2020-08-01T12:25:31.079+0300][118.592s][info ][gc] GC(5226) Concurrent Cycle 253.594ms
[2020-08-01T12:25:31.100+0300][118.612s][info ][gc] GC(5237) Pause Young (Normal) (G1 Evacuation Pause) 106M->106M(512M) 10.137ms
[2020-08-01T12:25:31.122+0300][118.634s][info ][gc] GC(5238) Pause Young (Normal) (G1 Evacuation Pause) 131M->133M(512M) 12.171ms
[2020-08-01T12:25:31.143+0300][118.656s][info ][gc] GC(5239) Pause Young (Normal) (G1 Evacuation Pause) 174M->175M(512M) 10.526ms
[2020-08-01T12:25:31.162+0300][118.675s][info ][gc] GC(5240) Pause Young (Normal) (G1 Evacuation Pause) 196M->198M(512M) 10.654ms
[2020-08-01T12:25:31.182+0300][118.694s][info ][gc] GC(5241) Pause Young (Normal) (G1 Evacuation Pause) 219M->220M(512M) 10.953ms
[2020-08-01T12:25:31.202+0300][118.714s][info ][gc] GC(5242) Pause Young (Normal) (G1 Evacuation Pause) 241M->242M(512M) 11.460ms
[2020-08-01T12:25:31.221+0300][118.734s][info ][gc] GC(5243) Pause Young (Concurrent Start) (G1 Evacuation Pause) 263M->264M(512M) 11.028ms
[2020-08-01T12:25:31.222+0300][118.734s][info ][gc] GC(5244) Concurrent Cycle
[2020-08-01T12:25:31.248+0300][118.761s][info ][gc] GC(5245) Pause Young (Normal) (G1 Evacuation Pause) 305M->307M(512M) 12.505ms
[2020-08-01T12:25:31.267+0300][118.780s][info ][gc] GC(5246) Pause Young (Normal) (G1 Evacuation Pause) 328M->329M(512M) 10.899ms
[2020-08-01T12:25:31.286+0300][118.799s][info ][gc] GC(5247) Pause Young (Normal) (G1 Evacuation Pause) 350M->352M(512M) 10.377ms
[2020-08-01T12:25:31.305+0300][118.818s][info ][gc] GC(5248) Pause Young (Normal) (G1 Evacuation Pause) 373M->374M(512M) 10.137ms
[2020-08-01T12:25:31.324+0300][118.837s][info ][gc] GC(5249) Pause Young (Normal) (G1 Evacuation Pause) 395M->396M(512M) 10.550ms
[2020-08-01T12:25:31.344+0300][118.857s][info ][gc] GC(5250) Pause Young (Normal) (G1 Evacuation Pause) 417M->419M(512M) 11.144ms
[2020-08-01T12:25:31.366+0300][118.879s][info ][gc] GC(5251) Pause Young (Normal) (G1 Evacuation Pause) 460M->461M(512M) 10.592ms
[2020-08-01T12:25:31.386+0300][118.899s][info ][gc] GC(5252) Pause Young (Normal) (G1 Evacuation Pause) 482M->483M(512M) 10.450ms
[2020-08-01T12:25:31.428+0300][118.940s][info ][gc] GC(5253) To-space exhausted
[2020-08-01T12:25:31.428+0300][118.941s][info ][gc] GC(5253) Pause Young (Normal) (G1 Evacuation Pause) 504M->510M(512M) 32.645ms
[2020-08-01T12:25:31.428+0300][118.941s][debug][gc] GC(5254) Clear Next Bitmap 0.251ms
[2020-08-01T12:25:31.482+0300][118.994s][info ][gc] GC(5254) Pause Full (G1 Evacuation Pause) 510M->80M(512M) 53.783ms
[2020-08-01T12:25:31.482+0300][118.995s][info ][gc] GC(5244) Concurrent Cycle 260.190ms
[2020-08-01T12:25:31.503+0300][119.016s][info ][gc] GC(5255) Pause Young (Normal) (G1 Evacuation Pause) 106M->107M(512M) 10.609ms
[2020-08-01T12:25:31.524+0300][119.037s][info ][gc] GC(5256) Pause Young (Normal) (G1 Evacuation Pause) 131M->132M(512M) 11.141ms
[2020-08-01T12:25:31.546+0300][119.058s][info ][gc] GC(5257) Pause Young (Normal) (G1 Evacuation Pause) 173M->175M(512M) 10.861ms
[2020-08-01T12:25:31.565+0300][119.078s][info ][gc] GC(5258) Pause Young (Normal) (G1 Evacuation Pause) 196M->197M(512M) 11.370ms
[2020-08-01T12:25:31.584+0300][119.097s][info ][gc] GC(5259) Pause Young (Normal) (G1 Evacuation Pause) 218M->220M(512M) 10.628ms
[2020-08-01T12:25:31.604+0300][119.116s][info ][gc] GC(5260) Pause Young (Normal) (G1 Evacuation Pause) 241M->242M(512M) 10.600ms
[2020-08-01T12:25:31.623+0300][119.136s][info ][gc] GC(5261) Pause Young (Concurrent Start) (G1 Evacuation Pause) 263M->264M(512M) 10.815ms
[2020-08-01T12:25:31.623+0300][119.136s][info ][gc] GC(5262) Concurrent Cycle
[2020-08-01T12:25:31.648+0300][119.161s][info ][gc] GC(5263) Pause Young (Normal) (G1 Evacuation Pause) 305M->306M(512M) 11.235ms
[2020-08-01T12:25:31.668+0300][119.181s][info ][gc] GC(5264) Pause Young (Normal) (G1 Evacuation Pause) 327M->329M(512M) 11.127ms
[2020-08-01T12:25:31.687+0300][119.200s][info ][gc] GC(5265) Pause Young (Normal) (G1 Evacuation Pause) 350M->351M(512M) 10.376ms
[2020-08-01T12:25:31.707+0300][119.220s][info ][gc] GC(5266) Pause Young (Normal) (G1 Evacuation Pause) 372M->374M(512M) 10.524ms
[2020-08-01T12:25:31.729+0300][119.242s][info ][gc] GC(5267) Pause Young (Normal) (G1 Evacuation Pause) 395M->396M(512M) 12.863ms
[2020-08-01T12:25:31.749+0300][119.262s][info ][gc] GC(5268) Pause Young (Normal) (G1 Evacuation Pause) 417M->418M(512M) 11.246ms
[2020-08-01T12:25:31.774+0300][119.287s][info ][gc] GC(5269) Pause Young (Normal) (G1 Evacuation Pause) 459M->461M(512M) 10.558ms
[2020-08-01T12:25:31.794+0300][119.307s][info ][gc] GC(5270) Pause Young (Normal) (G1 Evacuation Pause) 482M->483M(512M) 10.163ms
[2020-08-01T12:25:31.834+0300][119.347s][info ][gc] GC(5271) To-space exhausted
[2020-08-01T12:25:31.834+0300][119.347s][info ][gc] GC(5271) Pause Young (Normal) (G1 Evacuation Pause) 504M->508M(512M) 31.031ms
[2020-08-01T12:25:31.838+0300][119.351s][debug][gc] GC(5262) Reclaimed 129 empty regions
[2020-08-01T12:25:31.838+0300][119.351s][info ][gc] GC(5262) Pause Remark 509M->382M(512M) 0.708ms
[2020-08-01T12:25:31.859+0300][119.372s][info ][gc] GC(5272) Pause Young (Normal) (G1 Evacuation Pause) 404M->405M(512M) 10.912ms
[2020-08-01T12:25:31.886+0300][119.399s][info ][gc] GC(5273) Pause Young (Normal) (G1 Evacuation Pause) 426M->427M(512M) 10.816ms
[2020-08-01T12:25:31.906+0300][119.419s][info ][gc] GC(5274) Pause Young (Normal) (G1 Humongous Allocation) 441M->442M(512M) 7.686ms
[2020-08-01T12:25:31.907+0300][119.419s][debug][gc] GC(5275) Clear Next Bitmap 0.481ms
[2020-08-01T12:25:31.912+0300][119.425s][info ][gc] GC(5275) Pause Full (G1 Humongous Allocation) 442M->2M(512M) 6.041ms
[2020-08-01T12:25:31.912+0300][119.425s][info ][gc] GC(5262) Concurrent Cycle 289.305ms
[2020-08-01T12:25:31.934+0300][119.447s][info ][gc] GC(5276) Pause Young (Normal) (G1 Evacuation Pause) 47M->48M(512M) 10.503ms
[2020-08-01T12:25:31.955+0300][119.468s][info ][gc] GC(5277) Pause Young (Normal) (G1 Evacuation Pause) 72M->73M(512M) 11.797ms
[2020-08-01T12:25:31.975+0300][119.488s][info ][gc] GC(5278) Pause Young (Normal) (G1 Evacuation Pause) 94M->95M(512M) 10.879ms
[2020-08-01T12:25:31.994+0300][119.507s][info ][gc] GC(5279) Pause Young (Normal) (G1 Evacuation Pause) 116M->118M(512M) 10.259ms
[2020-08-01T12:25:32.014+0300][119.527s][info ][gc] GC(5280) Pause Young (Normal) (G1 Evacuation Pause) 139M->140M(512M) 11.539ms
[2020-08-01T12:25:32.035+0300][119.548s][info ][gc] GC(5281) Pause Young (Normal) (G1 Evacuation Pause) 181M->183M(512M) 10.590ms
[2020-08-01T12:25:32.054+0300][119.567s][info ][gc] GC(5282) Pause Young (Normal) (G1 Evacuation Pause) 204M->206M(512M) 10.144ms
[2020-08-01T12:25:32.074+0300][119.587s][info ][gc] GC(5283) Pause Young (Normal) (G1 Evacuation Pause) 228M->229M(512M) 10.601ms
[2020-08-01T12:25:32.093+0300][119.606s][info ][gc] GC(5284) Pause Young (Normal) (G1 Evacuation Pause) 251M->252M(512M) 10.446ms
[2020-08-01T12:25:32.113+0300][119.625s][info ][gc] GC(5285) Pause Young (Concurrent Start) (G1 Evacuation Pause) 274M->276M(512M) 10.517ms
[2020-08-01T12:25:32.113+0300][119.626s][info ][gc] GC(5286) Concurrent Cycle
[2020-08-01T12:25:32.134+0300][119.647s][info ][gc] GC(5287) Pause Young (Normal) (G1 Evacuation Pause) 317M->318M(512M) 10.536ms
[2020-08-01T12:25:32.153+0300][119.666s][info ][gc] GC(5288) Pause Young (Normal) (G1 Evacuation Pause) 339M->340M(512M) 10.377ms
[2020-08-01T12:25:32.173+0300][119.686s][info ][gc] GC(5289) Pause Young (Normal) (G1 Evacuation Pause) 361M->362M(512M) 10.556ms
[2020-08-01T12:25:32.192+0300][119.705s][info ][gc] GC(5290) Pause Young (Normal) (G1 Evacuation Pause) 383M->384M(512M) 10.131ms
[2020-08-01T12:25:32.212+0300][119.725s][info ][gc] GC(5291) Pause Young (Normal) (G1 Evacuation Pause) 405M->407M(512M) 10.709ms
[2020-08-01T12:25:32.237+0300][119.749s][info ][gc] GC(5292) Pause Young (Normal) (G1 Evacuation Pause) 448M->449M(512M) 10.411ms
[2020-08-01T12:25:32.258+0300][119.771s][info ][gc] GC(5293) Pause Young (Normal) (G1 Evacuation Pause) 470M->472M(512M) 11.358ms
[2020-08-01T12:25:32.285+0300][119.798s][info ][gc] GC(5294) To-space exhausted
[2020-08-01T12:25:32.285+0300][119.798s][info ][gc] GC(5294) Pause Young (Normal) (G1 Evacuation Pause) 493M->501M(512M) 17.915ms
[2020-08-01T12:25:32.307+0300][119.820s][info ][gc] GC(5295) To-space exhausted
[2020-08-01T12:25:32.307+0300][119.820s][info ][gc] GC(5295) Pause Young (Normal) (G1 Evacuation Pause) 510M->510M(512M) 18.602ms
[2020-08-01T12:25:32.308+0300][119.821s][debug][gc] GC(5296) Clear Next Bitmap 0.351ms
[2020-08-01T12:25:32.354+0300][119.867s][info ][gc] GC(5296) Pause Full (G1 Evacuation Pause) 510M->74M(512M) 46.936ms
[2020-08-01T12:25:32.355+0300][119.867s][info ][gc] GC(5286) Concurrent Cycle 241.979ms
[2020-08-01T12:25:32.380+0300][119.893s][info ][gc] GC(5297) Pause Young (Normal) (G1 Evacuation Pause) 102M->102M(512M) 14.317ms
[2020-08-01T12:25:32.402+0300][119.915s][info ][gc] GC(5298) Pause Young (Normal) (G1 Evacuation Pause) 126M->127M(512M) 12.329ms
[2020-08-01T12:25:32.424+0300][119.937s][info ][gc] GC(5299) Pause Young (Normal) (G1 Evacuation Pause) 168M->170M(512M) 10.043ms
[2020-08-01T12:25:32.443+0300][119.956s][info ][gc] GC(5300) Pause Young (Normal) (G1 Evacuation Pause) 191M->193M(512M) 10.807ms
[2020-08-01T12:25:32.463+0300][119.975s][info ][gc] GC(5301) Pause Young (Normal) (G1 Evacuation Pause) 214M->215M(512M) 10.613ms
[2020-08-01T12:25:32.482+0300][119.995s][info ][gc] GC(5302) Pause Young (Normal) (G1 Evacuation Pause) 236M->238M(512M) 10.648ms
[2020-08-01T12:25:32.502+0300][120.015s][info ][gc] GC(5303) Pause Young (Concurrent Start) (G1 Evacuation Pause) 259M->261M(512M) 12.007ms
[2020-08-01T12:25:32.502+0300][120.015s][info ][gc] GC(5304) Concurrent Cycle
[2020-08-01T12:25:32.525+0300][120.038s][info ][gc] GC(5305) Pause Young (Normal) (G1 Evacuation Pause) 302M->304M(512M) 10.657ms
[2020-08-01T12:25:32.546+0300][120.059s][info ][gc] GC(5306) Pause Young (Normal) (G1 Evacuation Pause) 325M->326M(512M) 11.826ms
[2020-08-01T12:25:32.565+0300][120.078s][info ][gc] GC(5307) Pause Young (Normal) (G1 Evacuation Pause) 347M->349M(512M) 10.786ms
[2020-08-01T12:25:32.584+0300][120.097s][info ][gc] GC(5308) Pause Young (Normal) (G1 Evacuation Pause) 370M->371M(512M) 10.400ms
[2020-08-01T12:25:32.604+0300][120.117s][info ][gc] GC(5309) Pause Young (Normal) (G1 Evacuation Pause) 392M->393M(512M) 10.601ms
[2020-08-01T12:25:32.623+0300][120.136s][info ][gc] GC(5310) Pause Young (Normal) (G1 Evacuation Pause) 414M->415M(512M) 9.789ms
[2020-08-01T12:25:32.645+0300][120.158s][info ][gc] GC(5311) Pause Young (Normal) (G1 Evacuation Pause) 456M->458M(512M) 11.368ms
[2020-08-01T12:25:32.666+0300][120.179s][info ][gc] GC(5312) Pause Young (Normal) (G1 Evacuation Pause) 479M->481M(512M) 10.933ms
[2020-08-01T12:25:32.704+0300][120.217s][info ][gc] GC(5313) To-space exhausted
[2020-08-01T12:25:32.704+0300][120.217s][info ][gc] GC(5313) Pause Young (Normal) (G1 Evacuation Pause) 502M->506M(512M) 28.373ms
[2020-08-01T12:25:32.716+0300][120.229s][info ][gc] GC(5314) To-space exhausted
[2020-08-01T12:25:32.716+0300][120.229s][info ][gc] GC(5314) Pause Young (Normal) (G1 Evacuation Pause) 509M->509M(512M) 8.376ms
[2020-08-01T12:25:32.716+0300][120.229s][debug][gc] GC(5315) Clear Next Bitmap 0.367ms
[2020-08-01T12:25:32.765+0300][120.278s][info ][gc] GC(5315) Pause Full (G1 Evacuation Pause) 509M->78M(512M) 48.659ms
[2020-08-01T12:25:32.765+0300][120.278s][info ][gc] GC(5304) Concurrent Cycle 262.601ms
[2020-08-01T12:25:32.791+0300][120.304s][info ][gc] GC(5316) Pause Young (Normal) (G1 Evacuation Pause) 105M->105M(512M) 14.975ms
[2020-08-01T12:25:32.811+0300][120.324s][info ][gc] GC(5317) Pause Young (Normal) (G1 Evacuation Pause) 127M->128M(512M) 10.542ms
[2020-08-01T12:25:32.832+0300][120.345s][info ][gc] GC(5318) Pause Young (Normal) (G1 Evacuation Pause) 169M->171M(512M) 10.829ms
[2020-08-01T12:25:32.852+0300][120.365s][info ][gc] GC(5319) Pause Young (Normal) (G1 Evacuation Pause) 192M->193M(512M) 10.788ms
[2020-08-01T12:25:32.871+0300][120.384s][info ][gc] GC(5320) Pause Young (Normal) (G1 Evacuation Pause) 214M->215M(512M) 10.618ms
[2020-08-01T12:25:32.891+0300][120.404s][info ][gc] GC(5321) Pause Young (Normal) (G1 Evacuation Pause) 236M->238M(512M) 10.755ms
[2020-08-01T12:25:32.910+0300][120.423s][info ][gc] GC(5322) Pause Young (Concurrent Start) (G1 Evacuation Pause) 259M->260M(512M) 10.547ms
[2020-08-01T12:25:32.910+0300][120.423s][info ][gc] GC(5323) Concurrent Cycle
[2020-08-01T12:25:32.934+0300][120.447s][info ][gc] GC(5324) Pause Young (Normal) (G1 Evacuation Pause) 301M->303M(512M) 11.738ms
[2020-08-01T12:25:32.953+0300][120.466s][info ][gc] GC(5325) Pause Young (Normal) (G1 Evacuation Pause) 324M->326M(512M) 10.365ms
[2020-08-01T12:25:32.972+0300][120.485s][info ][gc] GC(5326) Pause Young (Normal) (G1 Evacuation Pause) 347M->348M(512M) 10.524ms
[2020-08-01T12:25:32.991+0300][120.504s][info ][gc] GC(5327) Pause Young (Normal) (G1 Evacuation Pause) 369M->370M(512M) 10.429ms
[2020-08-01T12:25:33.011+0300][120.524s][info ][gc] GC(5328) Pause Young (Normal) (G1 Evacuation Pause) 391M->392M(512M) 10.667ms
[2020-08-01T12:25:33.032+0300][120.545s][info ][gc] GC(5329) Pause Young (Normal) (G1 Evacuation Pause) 413M->415M(512M) 11.733ms
[2020-08-01T12:25:33.055+0300][120.568s][info ][gc] GC(5330) Pause Young (Normal) (G1 Evacuation Pause) 456M->458M(512M) 11.422ms
[2020-08-01T12:25:33.075+0300][120.588s][info ][gc] GC(5331) Pause Young (Normal) (G1 Evacuation Pause) 479M->481M(512M) 10.973ms
[2020-08-01T12:25:33.115+0300][120.628s][info ][gc] GC(5332) To-space exhausted
[2020-08-01T12:25:33.115+0300][120.628s][info ][gc] GC(5332) Pause Young (Normal) (G1 Evacuation Pause) 502M->507M(512M) 29.845ms
[2020-08-01T12:25:33.118+0300][120.631s][debug][gc] GC(5323) Reclaimed 130 empty regions
[2020-08-01T12:25:33.118+0300][120.631s][info ][gc] GC(5323) Pause Remark 508M->381M(512M) 0.654ms
[2020-08-01T12:25:33.139+0300][120.652s][info ][gc] GC(5333) Pause Young (Normal) (G1 Evacuation Pause) 403M->404M(512M) 11.120ms
[2020-08-01T12:25:33.165+0300][120.678s][info ][gc] GC(5334) Pause Young (Normal) (G1 Evacuation Pause) 425M->426M(512M) 10.794ms
[2020-08-01T12:25:33.194+0300][120.707s][info ][gc] GC(5335) Pause Young (Normal) (G1 Evacuation Pause) 467M->469M(512M) 10.481ms
[2020-08-01T12:25:33.224+0300][120.737s][info ][gc] GC(5336) To-space exhausted
[2020-08-01T12:25:33.224+0300][120.737s][info ][gc] GC(5336) Pause Young (Normal) (G1 Evacuation Pause) 490M->498M(512M) 15.303ms
[2020-08-01T12:25:33.262+0300][120.775s][info ][gc] GC(5337) To-space exhausted
[2020-08-01T12:25:33.262+0300][120.775s][info ][gc] GC(5337) Pause Young (Normal) (G1 Evacuation Pause) 511M->511M(512M) 24.368ms
[2020-08-01T12:25:33.263+0300][120.776s][debug][gc] GC(5338) Clear Next Bitmap 0.409ms
[2020-08-01T12:25:33.301+0300][120.814s][info ][gc] GC(5338) Pause Full (G1 Evacuation Pause) 511M->61M(512M) 38.754ms
[2020-08-01T12:25:33.301+0300][120.814s][info ][gc] GC(5323) Concurrent Cycle 390.973ms
[2020-08-01T12:25:33.322+0300][120.835s][info ][gc] GC(5339) Pause Young (Normal) (G1 Evacuation Pause) 88M->88M(512M) 10.141ms
[2020-08-01T12:25:33.345+0300][120.858s][info ][gc] GC(5340) Pause Young (Normal) (G1 Evacuation Pause) 113M->115M(512M) 12.403ms
[2020-08-01T12:25:33.364+0300][120.877s][info ][gc] GC(5341) Pause Young (Normal) (G1 Evacuation Pause) 136M->138M(512M) 10.448ms
[2020-08-01T12:25:33.384+0300][120.897s][info ][gc] GC(5342) Pause Young (Normal) (G1 Evacuation Pause) 179M->179M(512M) 10.527ms
[2020-08-01T12:25:33.404+0300][120.917s][info ][gc] GC(5343) Pause Young (Normal) (G1 Evacuation Pause) 200M->202M(512M) 11.360ms
[2020-08-01T12:25:33.424+0300][120.936s][info ][gc] GC(5344) Pause Young (Normal) (G1 Evacuation Pause) 223M->225M(512M) 10.674ms
[2020-08-01T12:25:33.442+0300][120.955s][info ][gc] GC(5345) Pause Young (Normal) (G1 Evacuation Pause) 246M->247M(512M) 10.462ms
[2020-08-01T12:25:33.462+0300][120.975s][info ][gc] GC(5346) Pause Young (Concurrent Start) (G1 Evacuation Pause) 268M->269M(512M) 10.864ms
[2020-08-01T12:25:33.462+0300][120.975s][info ][gc] GC(5347) Concurrent Cycle
[2020-08-01T12:25:33.488+0300][121.000s][info ][gc] GC(5348) Pause Young (Normal) (G1 Evacuation Pause) 310M->311M(512M) 12.607ms
[2020-08-01T12:25:33.508+0300][121.020s][info ][gc] GC(5349) Pause Young (Normal) (G1 Evacuation Pause) 332M->333M(512M) 10.694ms
[2020-08-01T12:25:33.529+0300][121.042s][info ][gc] GC(5350) Pause Young (Normal) (G1 Evacuation Pause) 354M->355M(512M) 11.742ms
[2020-08-01T12:25:33.549+0300][121.062s][info ][gc] GC(5351) Pause Young (Normal) (G1 Evacuation Pause) 376M->378M(512M) 10.641ms
[2020-08-01T12:25:33.570+0300][121.083s][info ][gc] GC(5352) Pause Young (Normal) (G1 Evacuation Pause) 399M->400M(512M) 12.698ms
[2020-08-01T12:25:33.590+0300][121.102s][info ][gc] GC(5353) Pause Young (Normal) (G1 Evacuation Pause) 421M->423M(512M) 10.593ms
[2020-08-01T12:25:33.612+0300][121.125s][info ][gc] GC(5354) Pause Young (Normal) (G1 Evacuation Pause) 464M->466M(512M) 10.502ms
[2020-08-01T12:25:33.634+0300][121.147s][info ][gc] GC(5355) To-space exhausted
[2020-08-01T12:25:33.634+0300][121.147s][info ][gc] GC(5355) Pause Young (Normal) (G1 Evacuation Pause) 487M->493M(512M) 13.777ms
[2020-08-01T12:25:33.669+0300][121.181s][info ][gc] GC(5356) To-space exhausted
[2020-08-01T12:25:33.669+0300][121.182s][info ][gc] GC(5356) Pause Young (Normal) (G1 Evacuation Pause) 509M->509M(512M) 27.941ms
[2020-08-01T12:25:33.669+0300][121.182s][debug][gc] GC(5357) Clear Next Bitmap 0.312ms
[2020-08-01T12:25:33.723+0300][121.235s][info ][gc] GC(5357) Pause Full (G1 Evacuation Pause) 509M->78M(512M) 53.829ms
[2020-08-01T12:25:33.723+0300][121.236s][info ][gc] GC(5347) Concurrent Cycle 260.732ms
[2020-08-01T12:25:33.749+0300][121.262s][info ][gc] GC(5358) Pause Young (Normal) (G1 Evacuation Pause) 106M->106M(512M) 14.618ms
[2020-08-01T12:25:33.772+0300][121.284s][info ][gc] GC(5359) Pause Young (Normal) (G1 Evacuation Pause) 130M->132M(512M) 11.508ms
[2020-08-01T12:25:33.793+0300][121.306s][info ][gc] GC(5360) Pause Young (Normal) (G1 Evacuation Pause) 173M->174M(512M) 10.148ms
[2020-08-01T12:25:33.812+0300][121.325s][info ][gc] GC(5361) Pause Young (Normal) (G1 Evacuation Pause) 195M->196M(512M) 10.907ms
[2020-08-01T12:25:33.831+0300][121.344s][info ][gc] GC(5362) Pause Young (Normal) (G1 Evacuation Pause) 217M->219M(512M) 10.191ms
[2020-08-01T12:25:33.850+0300][121.363s][info ][gc] GC(5363) Pause Young (Normal) (G1 Evacuation Pause) 240M->242M(512M) 10.431ms
[2020-08-01T12:25:33.869+0300][121.381s][info ][gc] GC(5364) Pause Young (Concurrent Start) (G1 Evacuation Pause) 263M->264M(512M) 10.431ms
[2020-08-01T12:25:33.869+0300][121.381s][info ][gc] GC(5365) Concurrent Cycle
[2020-08-01T12:25:33.892+0300][121.405s][info ][gc] GC(5366) Pause Young (Normal) (G1 Evacuation Pause) 305M->306M(512M) 10.819ms
[2020-08-01T12:25:33.912+0300][121.425s][info ][gc] GC(5367) Pause Young (Normal) (G1 Evacuation Pause) 327M->328M(512M) 10.741ms
[2020-08-01T12:25:33.931+0300][121.444s][info ][gc] GC(5368) Pause Young (Normal) (G1 Evacuation Pause) 349M->350M(512M) 10.352ms
[2020-08-01T12:25:33.953+0300][121.466s][info ][gc] GC(5369) Pause Young (Normal) (G1 Evacuation Pause) 371M->372M(512M) 12.290ms
[2020-08-01T12:25:33.974+0300][121.487s][info ][gc] GC(5370) Pause Young (Normal) (G1 Evacuation Pause) 393M->394M(512M) 11.244ms
[2020-08-01T12:25:33.993+0300][121.506s][info ][gc] GC(5371) Pause Young (Normal) (G1 Evacuation Pause) 415M->416M(512M) 10.597ms
[2020-08-01T12:25:34.018+0300][121.531s][info ][gc] GC(5372) Pause Young (Normal) (G1 Evacuation Pause) 457M->458M(512M) 13.395ms
[2020-08-01T12:25:34.038+0300][121.551s][info ][gc] GC(5373) Pause Young (Normal) (G1 Evacuation Pause) 479M->481M(512M) 10.752ms
[2020-08-01T12:25:34.077+0300][121.590s][info ][gc] GC(5374) To-space exhausted
[2020-08-01T12:25:34.077+0300][121.590s][info ][gc] GC(5374) Pause Young (Normal) (G1 Evacuation Pause) 502M->506M(512M) 29.943ms
[2020-08-01T12:25:34.090+0300][121.603s][info ][gc] GC(5375) To-space exhausted
[2020-08-01T12:25:34.090+0300][121.603s][info ][gc] GC(5375) Pause Young (Normal) (G1 Evacuation Pause) 508M->508M(512M) 8.910ms
[2020-08-01T12:25:34.090+0300][121.603s][debug][gc] GC(5376) Clear Next Bitmap 0.392ms
[2020-08-01T12:25:34.140+0300][121.653s][info ][gc] GC(5376) Pause Full (G1 Evacuation Pause) 508M->81M(512M) 49.799ms
[2020-08-01T12:25:34.140+0300][121.653s][info ][gc] GC(5365) Concurrent Cycle 271.492ms
[2020-08-01T12:25:34.164+0300][121.677s][info ][gc] GC(5377) Pause Young (Normal) (G1 Evacuation Pause) 109M->109M(512M) 12.407ms
[2020-08-01T12:25:34.186+0300][121.699s][info ][gc] GC(5378) Pause Young (Normal) (G1 Evacuation Pause) 134M->135M(512M) 12.098ms
[2020-08-01T12:25:34.208+0300][121.721s][info ][gc] GC(5379) Pause Young (Normal) (G1 Evacuation Pause) 176M->178M(512M) 10.932ms
[2020-08-01T12:25:34.228+0300][121.740s][info ][gc] GC(5380) Pause Young (Normal) (G1 Evacuation Pause) 199M->200M(512M) 11.275ms
[2020-08-01T12:25:34.247+0300][121.759s][info ][gc] GC(5381) Pause Young (Normal) (G1 Evacuation Pause) 221M->222M(512M) 10.501ms
[2020-08-01T12:25:34.266+0300][121.778s][info ][gc] GC(5382) Pause Young (Normal) (G1 Evacuation Pause) 243M->245M(512M) 10.672ms
[2020-08-01T12:25:34.287+0300][121.799s][info ][gc] GC(5383) Pause Young (Concurrent Start) (G1 Evacuation Pause) 266M->267M(512M) 12.586ms
[2020-08-01T12:25:34.287+0300][121.799s][info ][gc] GC(5384) Concurrent Cycle
[2020-08-01T12:25:34.309+0300][121.822s][info ][gc] GC(5385) Pause Young (Normal) (G1 Evacuation Pause) 308M->310M(512M) 10.449ms
[2020-08-01T12:25:34.329+0300][121.842s][info ][gc] GC(5386) Pause Young (Normal) (G1 Evacuation Pause) 331M->333M(512M) 11.080ms
[2020-08-01T12:25:34.348+0300][121.861s][info ][gc] GC(5387) Pause Young (Normal) (G1 Evacuation Pause) 354M->355M(512M) 10.503ms
[2020-08-01T12:25:34.368+0300][121.881s][info ][gc] GC(5388) Pause Young (Normal) (G1 Evacuation Pause) 376M->378M(512M) 10.560ms
[2020-08-01T12:25:34.388+0300][121.901s][info ][gc] GC(5389) Pause Young (Normal) (G1 Evacuation Pause) 399M->400M(512M) 10.915ms
[2020-08-01T12:25:34.407+0300][121.920s][info ][gc] GC(5390) Pause Young (Normal) (G1 Evacuation Pause) 421M->422M(512M) 10.563ms
[2020-08-01T12:25:34.432+0300][121.945s][info ][gc] GC(5391) Pause Young (Normal) (G1 Evacuation Pause) 463M->464M(512M) 11.564ms
[2020-08-01T12:25:34.454+0300][121.967s][info ][gc] GC(5392) To-space exhausted
[2020-08-01T12:25:34.454+0300][121.967s][info ][gc] GC(5392) Pause Young (Normal) (G1 Evacuation Pause) 485M->493M(512M) 12.821ms
[2020-08-01T12:25:34.487+0300][122.000s][info ][gc] GC(5393) To-space exhausted
[2020-08-01T12:25:34.487+0300][122.000s][info ][gc] GC(5393) Pause Young (Normal) (G1 Evacuation Pause) 508M->508M(512M) 26.408ms
[2020-08-01T12:25:34.488+0300][122.001s][debug][gc] GC(5394) Clear Next Bitmap 0.317ms
[2020-08-01T12:25:34.535+0300][122.047s][info ][gc] GC(5394) Pause Full (G1 Evacuation Pause) 508M->77M(512M) 47.065ms
[2020-08-01T12:25:34.535+0300][122.048s][info ][gc] GC(5384) Concurrent Cycle 248.202ms
[2020-08-01T12:25:34.555+0300][122.068s][info ][gc] GC(5395) Pause Young (Normal) (G1 Evacuation Pause) 103M->104M(512M) 10.331ms
[2020-08-01T12:25:34.578+0300][122.091s][info ][gc] GC(5396) Pause Young (Normal) (G1 Evacuation Pause) 129M->130M(512M) 12.194ms
[2020-08-01T12:25:34.601+0300][122.114s][info ][gc] GC(5397) Pause Young (Normal) (G1 Evacuation Pause) 171M->172M(512M) 10.942ms
[2020-08-01T12:25:34.620+0300][122.133s][info ][gc] GC(5398) Pause Young (Normal) (G1 Evacuation Pause) 193M->195M(512M) 10.832ms
[2020-08-01T12:25:34.639+0300][122.152s][info ][gc] GC(5399) Pause Young (Normal) (G1 Evacuation Pause) 216M->217M(512M) 10.466ms
[2020-08-01T12:25:34.661+0300][122.174s][info ][gc] GC(5400) Pause Young (Normal) (G1 Evacuation Pause) 238M->240M(512M) 12.001ms
[2020-08-01T12:25:34.680+0300][122.193s][info ][gc] GC(5401) Pause Young (Concurrent Start) (G1 Evacuation Pause) 261M->263M(512M) 10.846ms
[2020-08-01T12:25:34.680+0300][122.193s][info ][gc] GC(5402) Concurrent Cycle
[2020-08-01T12:25:34.703+0300][122.215s][info ][gc] GC(5403) Pause Young (Normal) (G1 Evacuation Pause) 304M->305M(512M) 10.393ms
[2020-08-01T12:25:34.722+0300][122.235s][info ][gc] GC(5404) Pause Young (Normal) (G1 Evacuation Pause) 326M->327M(512M) 10.511ms
[2020-08-01T12:25:34.743+0300][122.256s][info ][gc] GC(5405) Pause Young (Normal) (G1 Evacuation Pause) 348M->349M(512M) 11.695ms
[2020-08-01T12:25:34.766+0300][122.279s][info ][gc] GC(5406) Pause Young (Normal) (G1 Evacuation Pause) 370M->371M(512M) 13.274ms
[2020-08-01T12:25:34.787+0300][122.299s][info ][gc] GC(5407) Pause Young (Normal) (G1 Evacuation Pause) 392M->393M(512M) 10.426ms
[2020-08-01T12:25:34.807+0300][122.320s][info ][gc] GC(5408) Pause Young (Normal) (G1 Evacuation Pause) 414M->415M(512M) 10.645ms
[2020-08-01T12:25:34.831+0300][122.344s][info ][gc] GC(5409) Pause Young (Normal) (G1 Evacuation Pause) 456M->458M(512M) 11.779ms
[2020-08-01T12:25:34.851+0300][122.364s][info ][gc] GC(5410) Pause Young (Normal) (G1 Evacuation Pause) 479M->480M(512M) 11.146ms
[2020-08-01T12:25:34.888+0300][122.401s][info ][gc] GC(5411) To-space exhausted
[2020-08-01T12:25:34.888+0300][122.401s][info ][gc] GC(5411) Pause Young (Normal) (G1 Evacuation Pause) 501M->507M(512M) 28.220ms
[2020-08-01T12:25:34.892+0300][122.405s][debug][gc] GC(5402) Reclaimed 127 empty regions
[2020-08-01T12:25:34.892+0300][122.405s][info ][gc] GC(5402) Pause Remark 508M->384M(512M) 1.014ms
[2020-08-01T12:25:34.914+0300][122.427s][info ][gc] GC(5412) Pause Young (Normal) (G1 Evacuation Pause) 405M->406M(512M) 10.784ms
[2020-08-01T12:25:34.941+0300][122.454s][info ][gc] GC(5413) Pause Young (Normal) (G1 Evacuation Pause) 427M->429M(512M) 11.552ms
[2020-08-01T12:25:34.966+0300][122.478s][info ][gc] GC(5414) Pause Young (Normal) (G1 Humongous Allocation) 445M->445M(512M) 8.707ms
[2020-08-01T12:25:34.966+0300][122.479s][debug][gc] GC(5415) Clear Next Bitmap 0.435ms
[2020-08-01T12:25:34.972+0300][122.485s][info ][gc] GC(5415) Pause Full (G1 Humongous Allocation) 445M->2M(512M) 6.599ms
[2020-08-01T12:25:34.973+0300][122.485s][info ][gc] GC(5402) Concurrent Cycle 292.417ms
[2020-08-01T12:25:34.997+0300][122.510s][info ][gc] GC(5416) Pause Young (Normal) (G1 Evacuation Pause) 47M->48M(512M) 11.046ms
[2020-08-01T12:25:35.017+0300][122.530s][info ][gc] GC(5417) Pause Young (Normal) (G1 Evacuation Pause) 71M->72M(512M) 11.150ms
[2020-08-01T12:25:35.037+0300][122.550s][info ][gc] GC(5418) Pause Young (Normal) (G1 Evacuation Pause) 93M->95M(512M) 10.650ms
[2020-08-01T12:25:35.056+0300][122.569s][info ][gc] GC(5419) Pause Young (Normal) (G1 Evacuation Pause) 116M->118M(512M) 10.467ms
[2020-08-01T12:25:35.075+0300][122.588s][info ][gc] GC(5420) Pause Young (Normal) (G1 Evacuation Pause) 139M->140M(512M) 10.706ms
[2020-08-01T12:25:35.097+0300][122.610s][info ][gc] GC(5421) Pause Young (Normal) (G1 Evacuation Pause) 181M->182M(512M) 11.114ms
[2020-08-01T12:25:35.115+0300][122.628s][info ][gc] GC(5422) Pause Young (Normal) (G1 Evacuation Pause) 203M->205M(512M) 10.385ms
[2020-08-01T12:25:35.134+0300][122.647s][info ][gc] GC(5423) Pause Young (Normal) (G1 Evacuation Pause) 226M->227M(512M) 10.360ms
[2020-08-01T12:25:35.153+0300][122.666s][info ][gc] GC(5424) Pause Young (Normal) (G1 Evacuation Pause) 248M->249M(512M) 10.651ms
[2020-08-01T12:25:35.171+0300][122.684s][info ][gc] GC(5425) Pause Young (Concurrent Start) (G1 Evacuation Pause) 270M->272M(512M) 9.913ms
[2020-08-01T12:25:35.172+0300][122.684s][info ][gc] GC(5426) Concurrent Cycle
[2020-08-01T12:25:35.195+0300][122.708s][info ][gc] GC(5427) Pause Young (Normal) (G1 Evacuation Pause) 313M->314M(512M) 10.611ms
[2020-08-01T12:25:35.215+0300][122.728s][info ][gc] GC(5428) Pause Young (Normal) (G1 Evacuation Pause) 335M->337M(512M) 10.757ms
[2020-08-01T12:25:35.234+0300][122.747s][info ][gc] GC(5429) Pause Young (Normal) (G1 Evacuation Pause) 358M->359M(512M) 10.501ms
[2020-08-01T12:25:35.254+0300][122.767s][info ][gc] GC(5430) Pause Young (Normal) (G1 Evacuation Pause) 380M->382M(512M) 10.246ms
[2020-08-01T12:25:35.275+0300][122.788s][info ][gc] GC(5431) Pause Young (Normal) (G1 Evacuation Pause) 403M->404M(512M) 11.730ms
[2020-08-01T12:25:35.295+0300][122.808s][info ][gc] GC(5432) Pause Young (Normal) (G1 Evacuation Pause) 425M->426M(512M) 11.012ms
[2020-08-01T12:25:35.318+0300][122.831s][info ][gc] GC(5433) Pause Young (Normal) (G1 Evacuation Pause) 467M->469M(512M) 10.862ms
[2020-08-01T12:25:35.344+0300][122.857s][info ][gc] GC(5434) To-space exhausted
[2020-08-01T12:25:35.344+0300][122.857s][info ][gc] GC(5434) Pause Young (Normal) (G1 Evacuation Pause) 490M->499M(512M) 17.797ms
[2020-08-01T12:25:35.369+0300][122.881s][info ][gc] GC(5435) To-space exhausted
[2020-08-01T12:25:35.369+0300][122.881s][info ][gc] GC(5435) Pause Young (Normal) (G1 Evacuation Pause) 509M->509M(512M) 19.973ms
[2020-08-01T12:25:35.369+0300][122.882s][debug][gc] GC(5436) Clear Next Bitmap 0.371ms
[2020-08-01T12:25:35.413+0300][122.926s][info ][gc] GC(5436) Pause Full (G1 Evacuation Pause) 509M->71M(512M) 44.414ms
[2020-08-01T12:25:35.413+0300][122.926s][info ][gc] GC(5426) Concurrent Cycle 241.750ms
[2020-08-01T12:25:35.436+0300][122.949s][info ][gc] GC(5437) Pause Young (Normal) (G1 Evacuation Pause) 99M->100M(512M) 12.082ms
[2020-08-01T12:25:35.460+0300][122.973s][info ][gc] GC(5438) Pause Young (Normal) (G1 Evacuation Pause) 125M->126M(512M) 13.724ms
[2020-08-01T12:25:35.482+0300][122.995s][info ][gc] GC(5439) Pause Young (Normal) (G1 Evacuation Pause) 167M->168M(512M) 11.198ms
[2020-08-01T12:25:35.501+0300][123.014s][info ][gc] GC(5440) Pause Young (Normal) (G1 Evacuation Pause) 189M->191M(512M) 11.051ms
[2020-08-01T12:25:35.520+0300][123.033s][info ][gc] GC(5441) Pause Young (Normal) (G1 Evacuation Pause) 212M->213M(512M) 10.434ms
[2020-08-01T12:25:35.539+0300][123.052s][info ][gc] GC(5442) Pause Young (Normal) (G1 Evacuation Pause) 234M->236M(512M) 10.519ms
[2020-08-01T12:25:35.559+0300][123.071s][info ][gc] GC(5443) Pause Young (Concurrent Start) (G1 Evacuation Pause) 257M->258M(512M) 10.695ms
[2020-08-01T12:25:35.559+0300][123.072s][info ][gc] GC(5444) Concurrent Cycle
[2020-08-01T12:25:35.578+0300][123.090s][info ][gc] GC(5445) Pause Young (Normal) (G1 Evacuation Pause) 279M->281M(512M) 10.303ms
[2020-08-01T12:25:35.600+0300][123.113s][info ][gc] GC(5446) Pause Young (Normal) (G1 Evacuation Pause) 322M->323M(512M) 10.682ms
[2020-08-01T12:25:35.619+0300][123.132s][info ][gc] GC(5447) Pause Young (Normal) (G1 Evacuation Pause) 344M->345M(512M) 10.877ms
[2020-08-01T12:25:35.639+0300][123.152s][info ][gc] GC(5448) Pause Young (Normal) (G1 Evacuation Pause) 366M->367M(512M) 10.613ms
[2020-08-01T12:25:35.659+0300][123.172s][info ][gc] GC(5449) Pause Young (Normal) (G1 Evacuation Pause) 388M->390M(512M) 10.946ms
[2020-08-01T12:25:35.679+0300][123.192s][info ][gc] GC(5450) Pause Young (Normal) (G1 Evacuation Pause) 411M->412M(512M) 10.691ms
[2020-08-01T12:25:35.705+0300][123.218s][info ][gc] GC(5451) Pause Young (Normal) (G1 Evacuation Pause) 453M->455M(512M) 13.726ms
[2020-08-01T12:25:35.726+0300][123.239s][info ][gc] GC(5452) Pause Young (Normal) (G1 Evacuation Pause) 476M->477M(512M) 11.208ms
[2020-08-01T12:25:35.736+0300][123.249s][debug][gc] GC(5444) Reclaimed 128 empty regions
[2020-08-01T12:25:35.736+0300][123.249s][info ][gc] GC(5444) Pause Remark 497M->371M(512M) 0.690ms
[2020-08-01T12:25:35.748+0300][123.260s][info ][gc] GC(5453) Pause Young (Normal) (G1 Evacuation Pause) 372M->373M(512M) 10.880ms
[2020-08-01T12:25:35.778+0300][123.291s][info ][gc] GC(5454) Pause Young (Normal) (G1 Evacuation Pause) 394M->395M(512M) 11.923ms
[2020-08-01T12:25:35.805+0300][123.318s][info ][gc] GC(5455) Pause Young (Normal) (G1 Evacuation Pause) 416M->418M(512M) 10.268ms
[2020-08-01T12:25:35.831+0300][123.344s][info ][gc] GC(5456) Pause Young (Normal) (G1 Evacuation Pause) 439M->440M(512M) 10.472ms
[2020-08-01T12:25:35.865+0300][123.378s][info ][gc] GC(5457) Pause Young (Normal) (G1 Evacuation Pause) 481M->483M(512M) 11.075ms
[2020-08-01T12:25:35.908+0300][123.421s][info ][gc] GC(5458) To-space exhausted
[2020-08-01T12:25:35.908+0300][123.421s][info ][gc] GC(5458) Pause Young (Normal) (G1 Evacuation Pause) 504M->509M(512M) 28.280ms
[2020-08-01T12:25:35.927+0300][123.440s][info ][gc] GC(5459) To-space exhausted
[2020-08-01T12:25:35.927+0300][123.440s][info ][gc] GC(5459) Pause Young (Normal) (G1 Evacuation Pause) 511M->511M(512M) 8.743ms
[2020-08-01T12:25:35.928+0300][123.441s][debug][gc] GC(5460) Clear Next Bitmap 0.333ms
[2020-08-01T12:25:35.969+0300][123.482s][info ][gc] GC(5460) Pause Full (G1 Evacuation Pause) 511M->65M(512M) 41.463ms
[2020-08-01T12:25:35.969+0300][123.482s][info ][gc] GC(5444) Concurrent Cycle 410.519ms
[2020-08-01T12:25:35.990+0300][123.503s][info ][gc] GC(5461) Pause Young (Normal) (G1 Evacuation Pause) 92M->92M(512M) 10.126ms
[2020-08-01T12:25:36.013+0300][123.526s][info ][gc] GC(5462) Pause Young (Normal) (G1 Evacuation Pause) 117M->118M(512M) 12.475ms
[2020-08-01T12:25:36.035+0300][123.548s][info ][gc] GC(5463) Pause Young (Normal) (G1 Evacuation Pause) 159M->161M(512M) 11.865ms
[2020-08-01T12:25:36.055+0300][123.567s][info ][gc] GC(5464) Pause Young (Normal) (G1 Evacuation Pause) 182M->184M(512M) 10.664ms
[2020-08-01T12:25:36.074+0300][123.587s][info ][gc] GC(5465) Pause Young (Normal) (G1 Evacuation Pause) 205M->207M(512M) 10.503ms
[2020-08-01T12:25:36.093+0300][123.606s][info ][gc] GC(5466) Pause Young (Normal) (G1 Evacuation Pause) 228M->229M(512M) 10.883ms
[2020-08-01T12:25:36.113+0300][123.626s][info ][gc] GC(5467) Pause Young (Normal) (G1 Evacuation Pause) 250M->251M(512M) 10.690ms
[2020-08-01T12:25:36.133+0300][123.645s][info ][gc] GC(5468) Pause Young (Concurrent Start) (G1 Evacuation Pause) 272M->273M(512M) 11.179ms
[2020-08-01T12:25:36.133+0300][123.646s][info ][gc] GC(5469) Concurrent Cycle
[2020-08-01T12:25:36.156+0300][123.669s][info ][gc] GC(5470) Pause Young (Normal) (G1 Evacuation Pause) 314M->316M(512M) 10.776ms
[2020-08-01T12:25:36.176+0300][123.689s][info ][gc] GC(5471) Pause Young (Normal) (G1 Evacuation Pause) 337M->338M(512M) 10.651ms
[2020-08-01T12:25:36.195+0300][123.708s][info ][gc] GC(5472) Pause Young (Normal) (G1 Evacuation Pause) 359M->360M(512M) 10.348ms
[2020-08-01T12:25:36.214+0300][123.727s][info ][gc] GC(5473) Pause Young (Normal) (G1 Evacuation Pause) 381M->382M(512M) 10.263ms
[2020-08-01T12:25:36.234+0300][123.747s][info ][gc] GC(5474) Pause Young (Normal) (G1 Evacuation Pause) 403M->405M(512M) 11.587ms
[2020-08-01T12:25:36.257+0300][123.770s][info ][gc] GC(5475) Pause Young (Normal) (G1 Evacuation Pause) 446M->447M(512M) 10.690ms
[2020-08-01T12:25:36.277+0300][123.790s][info ][gc] GC(5476) Pause Young (Normal) (G1 Evacuation Pause) 468M->469M(512M) 10.846ms
[2020-08-01T12:25:36.303+0300][123.816s][info ][gc] GC(5477) To-space exhausted
[2020-08-01T12:25:36.303+0300][123.816s][info ][gc] GC(5477) Pause Young (Normal) (G1 Evacuation Pause) 490M->499M(512M) 16.688ms
[2020-08-01T12:25:36.329+0300][123.842s][info ][gc] GC(5478) To-space exhausted
[2020-08-01T12:25:36.329+0300][123.842s][info ][gc] GC(5478) Pause Young (Normal) (G1 Evacuation Pause) 509M->509M(512M) 20.795ms
[2020-08-01T12:25:36.330+0300][123.843s][debug][gc] GC(5479) Clear Next Bitmap 0.354ms
[2020-08-01T12:25:36.379+0300][123.892s][info ][gc] GC(5479) Pause Full (G1 Evacuation Pause) 509M->76M(512M) 49.988ms
[2020-08-01T12:25:36.380+0300][123.892s][info ][gc] GC(5469) Concurrent Cycle 246.892ms
[2020-08-01T12:25:36.401+0300][123.914s][info ][gc] GC(5480) Pause Young (Normal) (G1 Evacuation Pause) 103M->103M(512M) 11.034ms
[2020-08-01T12:25:36.423+0300][123.936s][info ][gc] GC(5481) Pause Young (Normal) (G1 Evacuation Pause) 128M->129M(512M) 11.722ms
[2020-08-01T12:25:36.445+0300][123.958s][info ][gc] GC(5482) Pause Young (Normal) (G1 Evacuation Pause) 170M->171M(512M) 11.068ms
[2020-08-01T12:25:36.464+0300][123.977s][info ][gc] GC(5483) Pause Young (Normal) (G1 Evacuation Pause) 192M->193M(512M) 10.955ms
[2020-08-01T12:25:36.483+0300][123.996s][info ][gc] GC(5484) Pause Young (Normal) (G1 Evacuation Pause) 214M->216M(512M) 10.512ms
[2020-08-01T12:25:36.502+0300][124.015s][info ][gc] GC(5485) Pause Young (Normal) (G1 Evacuation Pause) 237M->238M(512M) 9.987ms
[2020-08-01T12:25:36.521+0300][124.034s][info ][gc] GC(5486) Pause Young (Concurrent Start) (G1 Evacuation Pause) 259M->260M(512M) 10.507ms
[2020-08-01T12:25:36.521+0300][124.034s][info ][gc] GC(5487) Concurrent Cycle
[2020-08-01T12:25:36.546+0300][124.059s][info ][gc] GC(5488) Pause Young (Normal) (G1 Evacuation Pause) 301M->303M(512M) 11.389ms
[2020-08-01T12:25:36.565+0300][124.078s][info ][gc] GC(5489) Pause Young (Normal) (G1 Evacuation Pause) 324M->325M(512M) 10.524ms
[2020-08-01T12:25:36.585+0300][124.098s][info ][gc] GC(5490) Pause Young (Normal) (G1 Evacuation Pause) 346M->347M(512M) 10.605ms
[2020-08-01T12:25:36.604+0300][124.116s][info ][gc] GC(5491) Pause Young (Normal) (G1 Evacuation Pause) 368M->369M(512M) 10.212ms
[2020-08-01T12:25:36.622+0300][124.135s][info ][gc] GC(5492) Pause Young (Normal) (G1 Evacuation Pause) 390M->392M(512M) 9.906ms
[2020-08-01T12:25:36.641+0300][124.154s][info ][gc] GC(5493) Pause Young (Normal) (G1 Evacuation Pause) 413M->415M(512M) 10.407ms
[2020-08-01T12:25:36.668+0300][124.181s][info ][gc] GC(5494) Pause Young (Normal) (G1 Evacuation Pause) 456M->457M(512M) 12.816ms
[2020-08-01T12:25:36.687+0300][124.200s][info ][gc] GC(5495) Pause Young (Normal) (G1 Evacuation Pause) 478M->479M(512M) 10.356ms
[2020-08-01T12:25:36.725+0300][124.238s][info ][gc] GC(5496) To-space exhausted
[2020-08-01T12:25:36.725+0300][124.238s][info ][gc] GC(5496) Pause Young (Normal) (G1 Evacuation Pause) 500M->507M(512M) 28.578ms
[2020-08-01T12:25:36.728+0300][124.241s][debug][gc] GC(5487) Reclaimed 129 empty regions
[2020-08-01T12:25:36.728+0300][124.241s][info ][gc] GC(5487) Pause Remark 508M->382M(512M) 0.763ms
[2020-08-01T12:25:36.750+0300][124.263s][info ][gc] GC(5497) Pause Young (Normal) (G1 Evacuation Pause) 402M->403M(512M) 11.010ms
[2020-08-01T12:25:36.786+0300][124.299s][info ][gc] GC(5498) Pause Young (Normal) (G1 Evacuation Pause) 424M->425M(512M) 12.926ms
[2020-08-01T12:25:36.818+0300][124.330s][info ][gc] GC(5499) Pause Young (Normal) (G1 Evacuation Pause) 466M->468M(512M) 12.021ms
[2020-08-01T12:25:36.848+0300][124.361s][info ][gc] GC(5500) To-space exhausted
[2020-08-01T12:25:36.848+0300][124.361s][info ][gc] GC(5500) Pause Young (Normal) (G1 Evacuation Pause) 489M->494M(512M) 13.463ms
[2020-08-01T12:25:36.893+0300][124.405s][info ][gc] GC(5501) To-space exhausted
[2020-08-01T12:25:36.893+0300][124.406s][info ][gc] GC(5501) Pause Young (Normal) (G1 Evacuation Pause) 511M->511M(512M) 30.817ms
[2020-08-01T12:25:36.893+0300][124.406s][debug][gc] GC(5502) Clear Next Bitmap 0.317ms
[2020-08-01T12:25:36.940+0300][124.453s][info ][gc] GC(5502) Pause Full (G1 Evacuation Pause) 511M->64M(512M) 47.535ms
[2020-08-01T12:25:36.941+0300][124.454s][info ][gc] GC(5487) Concurrent Cycle 419.833ms
[2020-08-01T12:25:36.965+0300][124.478s][info ][gc] GC(5503) Pause Young (Normal) (G1 Evacuation Pause) 92M->91M(512M) 12.898ms
[2020-08-01T12:25:36.988+0300][124.501s][info ][gc] GC(5504) Pause Young (Normal) (G1 Evacuation Pause) 115M->117M(512M) 12.535ms
[2020-08-01T12:25:37.008+0300][124.521s][info ][gc] GC(5505) Pause Young (Normal) (G1 Evacuation Pause) 138M->139M(512M) 11.311ms
[2020-08-01T12:25:37.032+0300][124.545s][info ][gc] GC(5506) Pause Young (Normal) (G1 Evacuation Pause) 180M->181M(512M) 12.221ms
[2020-08-01T12:25:37.051+0300][124.564s][info ][gc] GC(5507) Pause Young (Normal) (G1 Evacuation Pause) 202M->203M(512M) 10.412ms
[2020-08-01T12:25:37.070+0300][124.583s][info ][gc] GC(5508) Pause Young (Normal) (G1 Evacuation Pause) 224M->226M(512M) 10.561ms
[2020-08-01T12:25:37.090+0300][124.603s][info ][gc] GC(5509) Pause Young (Normal) (G1 Evacuation Pause) 247M->248M(512M) 11.895ms
[2020-08-01T12:25:37.112+0300][124.625s][info ][gc] GC(5510) Pause Young (Concurrent Start) (G1 Evacuation Pause) 269M->270M(512M) 13.624ms
[2020-08-01T12:25:37.112+0300][124.625s][info ][gc] GC(5511) Concurrent Cycle
[2020-08-01T12:25:37.136+0300][124.649s][info ][gc] GC(5512) Pause Young (Normal) (G1 Evacuation Pause) 311M->312M(512M) 10.389ms
[2020-08-01T12:25:37.159+0300][124.672s][info ][gc] GC(5513) Pause Young (Normal) (G1 Evacuation Pause) 333M->334M(512M) 12.791ms
[2020-08-01T12:25:37.180+0300][124.693s][info ][gc] GC(5514) Pause Young (Normal) (G1 Evacuation Pause) 355M->357M(512M) 11.406ms
[2020-08-01T12:25:37.201+0300][124.713s][info ][gc] GC(5515) Pause Young (Normal) (G1 Evacuation Pause) 378M->378M(512M) 11.155ms
[2020-08-01T12:25:37.222+0300][124.735s][info ][gc] GC(5516) Pause Young (Normal) (G1 Evacuation Pause) 399M->400M(512M) 12.053ms
[2020-08-01T12:25:37.250+0300][124.763s][info ][gc] GC(5517) Pause Young (Normal) (G1 Evacuation Pause) 441M->443M(512M) 13.519ms
[2020-08-01T12:25:37.272+0300][124.785s][info ][gc] GC(5518) Pause Young (Normal) (G1 Evacuation Pause) 464M->465M(512M) 12.459ms
[2020-08-01T12:25:37.295+0300][124.808s][info ][gc] GC(5519) To-space exhausted
[2020-08-01T12:25:37.295+0300][124.808s][info ][gc] GC(5519) Pause Young (Normal) (G1 Evacuation Pause) 486M->490M(512M) 13.916ms
[2020-08-01T12:25:37.336+0300][124.849s][info ][gc] GC(5520) To-space exhausted
[2020-08-01T12:25:37.337+0300][124.849s][info ][gc] GC(5520) Pause Young (Normal) (G1 Evacuation Pause) 509M->509M(512M) 33.594ms
[2020-08-01T12:25:37.337+0300][124.850s][debug][gc] GC(5521) Clear Next Bitmap 0.285ms
[2020-08-01T12:25:37.392+0300][124.905s][info ][gc] GC(5521) Pause Full (G1 Evacuation Pause) 509M->83M(512M) 55.413ms
[2020-08-01T12:25:37.392+0300][124.905s][info ][gc] GC(5511) Concurrent Cycle 280.174ms
[2020-08-01T12:25:37.415+0300][124.928s][info ][gc] GC(5522) Pause Young (Normal) (G1 Evacuation Pause) 108M->109M(512M) 12.548ms
[2020-08-01T12:25:37.435+0300][124.948s][info ][gc] GC(5523) Pause Young (Normal) (G1 Evacuation Pause) 131M->132M(512M) 10.556ms
[2020-08-01T12:25:37.458+0300][124.971s][info ][gc] GC(5524) Pause Young (Normal) (G1 Evacuation Pause) 173M->174M(512M) 10.434ms
[2020-08-01T12:25:37.477+0300][124.990s][info ][gc] GC(5525) Pause Young (Normal) (G1 Evacuation Pause) 195M->196M(512M) 10.259ms
[2020-08-01T12:25:37.498+0300][125.010s][info ][gc] GC(5526) Pause Young (Normal) (G1 Evacuation Pause) 217M->219M(512M) 12.089ms
[2020-08-01T12:25:37.516+0300][125.029s][info ][gc] GC(5527) Pause Young (Normal) (G1 Evacuation Pause) 240M->242M(512M) 10.473ms
[2020-08-01T12:25:37.536+0300][125.048s][info ][gc] GC(5528) Pause Young (Concurrent Start) (G1 Evacuation Pause) 263M->264M(512M) 10.778ms
[2020-08-01T12:25:37.536+0300][125.049s][info ][gc] GC(5529) Concurrent Cycle
[2020-08-01T12:25:37.557+0300][125.070s][info ][gc] GC(5530) Pause Young (Normal) (G1 Evacuation Pause) 305M->307M(512M) 10.567ms
[2020-08-01T12:25:37.578+0300][125.091s][info ][gc] GC(5531) Pause Young (Normal) (G1 Evacuation Pause) 328M->329M(512M) 12.062ms
[2020-08-01T12:25:37.597+0300][125.110s][info ][gc] GC(5532) Pause Young (Normal) (G1 Evacuation Pause) 350M->352M(512M) 10.545ms
[2020-08-01T12:25:37.617+0300][125.130s][info ][gc] GC(5533) Pause Young (Normal) (G1 Evacuation Pause) 373M->374M(512M) 10.751ms
[2020-08-01T12:25:37.637+0300][125.150s][info ][gc] GC(5534) Pause Young (Normal) (G1 Evacuation Pause) 395M->396M(512M) 10.562ms
[2020-08-01T12:25:37.658+0300][125.170s][info ][gc] GC(5535) Pause Young (Normal) (G1 Evacuation Pause) 417M->419M(512M) 11.195ms
[2020-08-01T12:25:37.681+0300][125.194s][info ][gc] GC(5536) Pause Young (Normal) (G1 Evacuation Pause) 460M->461M(512M) 10.517ms
[2020-08-01T12:25:37.701+0300][125.214s][info ][gc] GC(5537) To-space exhausted
[2020-08-01T12:25:37.702+0300][125.214s][info ][gc] GC(5537) Pause Young (Normal) (G1 Evacuation Pause) 482M->485M(512M) 11.442ms
[2020-08-01T12:25:37.742+0300][125.255s][info ][gc] GC(5538) To-space exhausted
[2020-08-01T12:25:37.742+0300][125.255s][info ][gc] GC(5538) Pause Young (Normal) (G1 Evacuation Pause) 506M->508M(512M) 31.730ms
[2020-08-01T12:25:37.743+0300][125.256s][debug][gc] GC(5539) Clear Next Bitmap 0.301ms
[2020-08-01T12:25:37.796+0300][125.309s][info ][gc] GC(5539) Pause Full (G1 Evacuation Pause) 508M->80M(512M) 53.352ms
[2020-08-01T12:25:37.796+0300][125.309s][info ][gc] GC(5529) Concurrent Cycle 260.381ms
[2020-08-01T12:25:37.819+0300][125.331s][info ][gc] GC(5540) Pause Young (Normal) (G1 Evacuation Pause) 107M->107M(512M) 11.005ms
[2020-08-01T12:25:37.844+0300][125.357s][info ][gc] GC(5541) Pause Young (Normal) (G1 Evacuation Pause) 132M->134M(512M) 14.410ms
[2020-08-01T12:25:37.867+0300][125.380s][info ][gc] GC(5542) Pause Young (Normal) (G1 Evacuation Pause) 175M->176M(512M) 10.685ms
[2020-08-01T12:25:37.886+0300][125.399s][info ][gc] GC(5543) Pause Young (Normal) (G1 Evacuation Pause) 197M->199M(512M) 10.728ms
[2020-08-01T12:25:37.905+0300][125.418s][info ][gc] GC(5544) Pause Young (Normal) (G1 Evacuation Pause) 220M->221M(512M) 10.437ms
[2020-08-01T12:25:37.925+0300][125.437s][info ][gc] GC(5545) Pause Young (Normal) (G1 Evacuation Pause) 242M->243M(512M) 10.470ms
[2020-08-01T12:25:37.945+0300][125.458s][info ][gc] GC(5546) Pause Young (Concurrent Start) (G1 Evacuation Pause) 264M->265M(512M) 12.103ms
[2020-08-01T12:25:37.945+0300][125.458s][info ][gc] GC(5547) Concurrent Cycle
[2020-08-01T12:25:37.969+0300][125.482s][info ][gc] GC(5548) Pause Young (Normal) (G1 Evacuation Pause) 306M->308M(512M) 10.761ms
[2020-08-01T12:25:37.988+0300][125.501s][info ][gc] GC(5549) Pause Young (Normal) (G1 Evacuation Pause) 329M->330M(512M) 10.325ms
[2020-08-01T12:25:38.009+0300][125.522s][info ][gc] GC(5550) Pause Young (Normal) (G1 Evacuation Pause) 351M->352M(512M) 11.658ms
[2020-08-01T12:25:38.029+0300][125.542s][info ][gc] GC(5551) Pause Young (Normal) (G1 Evacuation Pause) 373M->375M(512M) 11.089ms
[2020-08-01T12:25:38.048+0300][125.561s][info ][gc] GC(5552) Pause Young (Normal) (G1 Evacuation Pause) 396M->397M(512M) 10.743ms
[2020-08-01T12:25:38.068+0300][125.581s][info ][gc] GC(5553) Pause Young (Normal) (G1 Evacuation Pause) 418M->419M(512M) 10.425ms
[2020-08-01T12:25:38.091+0300][125.604s][info ][gc] GC(5554) Pause Young (Normal) (G1 Evacuation Pause) 460M->462M(512M) 10.578ms
[2020-08-01T12:25:38.111+0300][125.624s][info ][gc] GC(5555) To-space exhausted
[2020-08-01T12:25:38.112+0300][125.625s][info ][gc] GC(5555) Pause Young (Normal) (G1 Evacuation Pause) 483M->487M(512M) 10.983ms
[2020-08-01T12:25:38.155+0300][125.668s][info ][gc] GC(5556) To-space exhausted
[2020-08-01T12:25:38.156+0300][125.668s][info ][gc] GC(5556) Pause Young (Normal) (G1 Evacuation Pause) 508M->509M(512M) 34.965ms
[2020-08-01T12:25:38.156+0300][125.669s][debug][gc] GC(5557) Clear Next Bitmap 0.255ms
[2020-08-01T12:25:38.208+0300][125.721s][info ][gc] GC(5557) Pause Full (G1 Evacuation Pause) 509M->81M(512M) 52.021ms
[2020-08-01T12:25:38.208+0300][125.721s][info ][gc] GC(5547) Concurrent Cycle 262.421ms
[2020-08-01T12:25:38.230+0300][125.743s][info ][gc] GC(5558) Pause Young (Normal) (G1 Evacuation Pause) 108M->109M(512M) 11.492ms
[2020-08-01T12:25:38.254+0300][125.767s][info ][gc] GC(5559) Pause Young (Normal) (G1 Evacuation Pause) 134M->135M(512M) 13.584ms
[2020-08-01T12:25:38.277+0300][125.790s][info ][gc] GC(5560) Pause Young (Normal) (G1 Evacuation Pause) 176M->177M(512M) 10.915ms
[2020-08-01T12:25:38.296+0300][125.809s][info ][gc] GC(5561) Pause Young (Normal) (G1 Evacuation Pause) 198M->199M(512M) 10.483ms
[2020-08-01T12:25:38.315+0300][125.828s][info ][gc] GC(5562) Pause Young (Normal) (G1 Evacuation Pause) 220M->221M(512M) 10.593ms
[2020-08-01T12:25:38.336+0300][125.849s][info ][gc] GC(5563) Pause Young (Normal) (G1 Evacuation Pause) 242M->244M(512M) 12.500ms
[2020-08-01T12:25:38.355+0300][125.868s][info ][gc] GC(5564) Pause Young (Concurrent Start) (G1 Evacuation Pause) 265M->266M(512M) 10.209ms
[2020-08-01T12:25:38.355+0300][125.868s][info ][gc] GC(5565) Concurrent Cycle
[2020-08-01T12:25:38.378+0300][125.891s][info ][gc] GC(5566) Pause Young (Normal) (G1 Evacuation Pause) 307M->308M(512M) 11.298ms
[2020-08-01T12:25:38.397+0300][125.910s][info ][gc] GC(5567) Pause Young (Normal) (G1 Evacuation Pause) 329M->331M(512M) 10.363ms
[2020-08-01T12:25:38.417+0300][125.930s][info ][gc] GC(5568) Pause Young (Normal) (G1 Evacuation Pause) 352M->353M(512M) 10.805ms
[2020-08-01T12:25:38.436+0300][125.949s][info ][gc] GC(5569) Pause Young (Normal) (G1 Evacuation Pause) 374M->376M(512M) 10.535ms
[2020-08-01T12:25:38.456+0300][125.968s][info ][gc] GC(5570) Pause Young (Normal) (G1 Evacuation Pause) 397M->398M(512M) 10.498ms
[2020-08-01T12:25:38.475+0300][125.988s][info ][gc] GC(5571) Pause Young (Normal) (G1 Evacuation Pause) 419M->420M(512M) 10.336ms
[2020-08-01T12:25:38.498+0300][126.011s][info ][gc] GC(5572) Pause Young (Normal) (G1 Evacuation Pause) 461M->463M(512M) 10.522ms
[2020-08-01T12:25:38.519+0300][126.032s][info ][gc] GC(5573) To-space exhausted
[2020-08-01T12:25:38.520+0300][126.032s][info ][gc] GC(5573) Pause Young (Normal) (G1 Evacuation Pause) 484M->486M(512M) 12.268ms
[2020-08-01T12:25:38.563+0300][126.076s][info ][gc] GC(5574) To-space exhausted
[2020-08-01T12:25:38.563+0300][126.076s][info ][gc] GC(5574) Pause Young (Normal) (G1 Evacuation Pause) 507M->508M(512M) 34.690ms
[2020-08-01T12:25:38.564+0300][126.077s][debug][gc] GC(5575) Clear Next Bitmap 0.257ms
[2020-08-01T12:25:38.614+0300][126.127s][info ][gc] GC(5575) Pause Full (G1 Evacuation Pause) 508M->83M(512M) 50.509ms
[2020-08-01T12:25:38.614+0300][126.127s][info ][gc] GC(5565) Concurrent Cycle 259.374ms
[2020-08-01T12:25:38.635+0300][126.147s][info ][gc] GC(5576) Pause Young (Normal) (G1 Evacuation Pause) 109M->109M(512M) 10.271ms
[2020-08-01T12:25:38.656+0300][126.169s][info ][gc] GC(5577) Pause Young (Normal) (G1 Evacuation Pause) 134M->135M(512M) 11.977ms
[2020-08-01T12:25:38.679+0300][126.192s][info ][gc] GC(5578) Pause Young (Normal) (G1 Evacuation Pause) 176M->178M(512M) 9.931ms
[2020-08-01T12:25:38.699+0300][126.212s][info ][gc] GC(5579) Pause Young (Normal) (G1 Evacuation Pause) 199M->200M(512M) 11.034ms
[2020-08-01T12:25:38.719+0300][126.232s][info ][gc] GC(5580) Pause Young (Normal) (G1 Evacuation Pause) 221M->222M(512M) 11.927ms
[2020-08-01T12:25:38.738+0300][126.251s][info ][gc] GC(5581) Pause Young (Normal) (G1 Evacuation Pause) 243M->245M(512M) 10.591ms
[2020-08-01T12:25:38.758+0300][126.271s][info ][gc] GC(5582) Pause Young (Concurrent Start) (G1 Evacuation Pause) 266M->268M(512M) 10.917ms
[2020-08-01T12:25:38.758+0300][126.271s][info ][gc] GC(5583) Concurrent Cycle
[2020-08-01T12:25:38.781+0300][126.294s][info ][gc] GC(5584) Pause Young (Normal) (G1 Evacuation Pause) 309M->310M(512M) 10.649ms
[2020-08-01T12:25:38.804+0300][126.317s][info ][gc] GC(5585) Pause Young (Normal) (G1 Evacuation Pause) 331M->333M(512M) 13.646ms
[2020-08-01T12:25:38.825+0300][126.338s][info ][gc] GC(5586) Pause Young (Normal) (G1 Evacuation Pause) 354M->355M(512M) 11.817ms
[2020-08-01T12:25:38.846+0300][126.359s][info ][gc] GC(5587) Pause Young (Normal) (G1 Evacuation Pause) 376M->377M(512M) 11.971ms
[2020-08-01T12:25:38.865+0300][126.378s][info ][gc] GC(5588) Pause Young (Normal) (G1 Evacuation Pause) 398M->400M(512M) 10.411ms
[2020-08-01T12:25:38.885+0300][126.398s][info ][gc] GC(5589) Pause Young (Normal) (G1 Evacuation Pause) 421M->422M(512M) 10.844ms
[2020-08-01T12:25:38.909+0300][126.421s][info ][gc] GC(5590) Pause Young (Normal) (G1 Evacuation Pause) 463M->465M(512M) 10.404ms
[2020-08-01T12:25:38.933+0300][126.446s][info ][gc] GC(5591) To-space exhausted
[2020-08-01T12:25:38.933+0300][126.446s][info ][gc] GC(5591) Pause Young (Normal) (G1 Evacuation Pause) 486M->493M(512M) 15.019ms
[2020-08-01T12:25:38.967+0300][126.480s][info ][gc] GC(5592) To-space exhausted
[2020-08-01T12:25:38.968+0300][126.480s][info ][gc] GC(5592) Pause Young (Normal) (G1 Evacuation Pause) 508M->508M(512M) 27.124ms
[2020-08-01T12:25:38.968+0300][126.481s][debug][gc] GC(5593) Clear Next Bitmap 0.397ms
[2020-08-01T12:25:39.015+0300][126.528s][info ][gc] GC(5593) Pause Full (G1 Evacuation Pause) 508M->77M(512M) 47.475ms
[2020-08-01T12:25:39.015+0300][126.528s][info ][gc] GC(5583) Concurrent Cycle 256.947ms
[2020-08-01T12:25:39.038+0300][126.551s][info ][gc] GC(5594) Pause Young (Normal) (G1 Evacuation Pause) 104M->104M(512M) 12.218ms
[2020-08-01T12:25:39.059+0300][126.572s][info ][gc] GC(5595) Pause Young (Normal) (G1 Evacuation Pause) 128M->130M(512M) 11.154ms
[2020-08-01T12:25:39.081+0300][126.594s][info ][gc] GC(5596) Pause Young (Normal) (G1 Evacuation Pause) 171M->173M(512M) 11.777ms
[2020-08-01T12:25:39.100+0300][126.613s][info ][gc] GC(5597) Pause Young (Normal) (G1 Evacuation Pause) 194M->196M(512M) 10.695ms
[2020-08-01T12:25:39.119+0300][126.632s][info ][gc] GC(5598) Pause Young (Normal) (G1 Evacuation Pause) 217M->219M(512M) 10.518ms
[2020-08-01T12:25:39.138+0300][126.651s][info ][gc] GC(5599) Pause Young (Normal) (G1 Evacuation Pause) 240M->241M(512M) 10.068ms
[2020-08-01T12:25:39.157+0300][126.670s][info ][gc] GC(5600) Pause Young (Concurrent Start) (G1 Evacuation Pause) 262M->264M(512M) 10.696ms
[2020-08-01T12:25:39.157+0300][126.670s][info ][gc] GC(5601) Concurrent Cycle
[2020-08-01T12:25:39.181+0300][126.694s][info ][gc] GC(5602) Pause Young (Normal) (G1 Evacuation Pause) 305M->306M(512M) 11.622ms
[2020-08-01T12:25:39.201+0300][126.713s][info ][gc] GC(5603) Pause Young (Normal) (G1 Evacuation Pause) 327M->328M(512M) 10.515ms
[2020-08-01T12:25:39.220+0300][126.733s][info ][gc] GC(5604) Pause Young (Normal) (G1 Evacuation Pause) 349M->349M(512M) 10.571ms
[2020-08-01T12:25:39.240+0300][126.753s][info ][gc] GC(5605) Pause Young (Normal) (G1 Evacuation Pause) 370M->371M(512M) 10.989ms
[2020-08-01T12:25:39.259+0300][126.772s][info ][gc] GC(5606) Pause Young (Normal) (G1 Evacuation Pause) 392M->394M(512M) 10.557ms
[2020-08-01T12:25:39.278+0300][126.791s][info ][gc] GC(5607) Pause Young (Normal) (G1 Evacuation Pause) 415M->417M(512M) 10.612ms
[2020-08-01T12:25:39.302+0300][126.815s][info ][gc] GC(5608) Pause Young (Normal) (G1 Evacuation Pause) 458M->459M(512M) 10.994ms
[2020-08-01T12:25:39.321+0300][126.834s][info ][gc] GC(5609) Pause Young (Normal) (G1 Evacuation Pause) 480M->482M(512M) 10.468ms
[2020-08-01T12:25:39.361+0300][126.874s][info ][gc] GC(5610) To-space exhausted
[2020-08-01T12:25:39.361+0300][126.874s][info ][gc] GC(5610) Pause Young (Normal) (G1 Evacuation Pause) 503M->507M(512M) 30.748ms
[2020-08-01T12:25:39.365+0300][126.877s][debug][gc] GC(5601) Reclaimed 130 empty regions
[2020-08-01T12:25:39.365+0300][126.878s][info ][gc] GC(5601) Pause Remark 507M->380M(512M) 0.682ms
[2020-08-01T12:25:39.386+0300][126.899s][info ][gc] GC(5611) Pause Young (Normal) (G1 Evacuation Pause) 402M->403M(512M) 10.717ms
[2020-08-01T12:25:39.413+0300][126.926s][info ][gc] GC(5612) Pause Young (Normal) (G1 Evacuation Pause) 424M->425M(512M) 10.548ms
[2020-08-01T12:25:39.443+0300][126.955s][info ][gc] GC(5613) Pause Young (Normal) (G1 Evacuation Pause) 466M->467M(512M) 10.920ms
[2020-08-01T12:25:39.471+0300][126.984s][info ][gc] GC(5614) To-space exhausted
[2020-08-01T12:25:39.471+0300][126.984s][info ][gc] GC(5614) Pause Young (Normal) (G1 Evacuation Pause) 488M->498M(512M) 12.773ms
[2020-08-01T12:25:39.507+0300][127.020s][info ][gc] GC(5615) To-space exhausted
[2020-08-01T12:25:39.507+0300][127.020s][info ][gc] GC(5615) Pause Young (Normal) (G1 Evacuation Pause) 511M->511M(512M) 23.315ms
[2020-08-01T12:25:39.507+0300][127.020s][debug][gc] GC(5616) Clear Next Bitmap 0.364ms
[2020-08-01T12:25:39.548+0300][127.061s][info ][gc] GC(5616) Pause Full (G1 Evacuation Pause) 511M->61M(512M) 40.743ms
[2020-08-01T12:25:39.548+0300][127.061s][info ][gc] GC(5601) Concurrent Cycle 390.708ms
[2020-08-01T12:25:39.569+0300][127.082s][info ][gc] GC(5617) Pause Young (Normal) (G1 Evacuation Pause) 88M->89M(512M) 10.327ms
[2020-08-01T12:25:39.592+0300][127.105s][info ][gc] GC(5618) Pause Young (Normal) (G1 Evacuation Pause) 115M->116M(512M) 12.454ms
[2020-08-01T12:25:39.616+0300][127.129s][info ][gc] GC(5619) Pause Young (Normal) (G1 Evacuation Pause) 158M->160M(512M) 12.045ms
[2020-08-01T12:25:39.637+0300][127.150s][info ][gc] GC(5620) Pause Young (Normal) (G1 Evacuation Pause) 181M->182M(512M) 12.308ms
[2020-08-01T12:25:39.657+0300][127.170s][info ][gc] GC(5621) Pause Young (Normal) (G1 Evacuation Pause) 203M->205M(512M) 10.780ms
[2020-08-01T12:25:39.676+0300][127.189s][info ][gc] GC(5622) Pause Young (Normal) (G1 Evacuation Pause) 226M->227M(512M) 10.595ms
[2020-08-01T12:25:39.695+0300][127.208s][info ][gc] GC(5623) Pause Young (Normal) (G1 Evacuation Pause) 248M->250M(512M) 10.403ms
[2020-08-01T12:25:39.714+0300][127.227s][info ][gc] GC(5624) Pause Young (Concurrent Start) (G1 Evacuation Pause) 271M->272M(512M) 10.334ms
[2020-08-01T12:25:39.714+0300][127.227s][info ][gc] GC(5625) Concurrent Cycle
[2020-08-01T12:25:39.736+0300][127.249s][info ][gc] GC(5626) Pause Young (Normal) (G1 Evacuation Pause) 313M->315M(512M) 10.013ms
[2020-08-01T12:25:39.755+0300][127.268s][info ][gc] GC(5627) Pause Young (Normal) (G1 Evacuation Pause) 336M->338M(512M) 10.620ms
[2020-08-01T12:25:39.777+0300][127.289s][info ][gc] GC(5628) Pause Young (Normal) (G1 Evacuation Pause) 359M->360M(512M) 10.842ms
[2020-08-01T12:25:39.798+0300][127.311s][info ][gc] GC(5629) Pause Young (Normal) (G1 Evacuation Pause) 381M->382M(512M) 12.547ms
[2020-08-01T12:25:39.819+0300][127.332s][info ][gc] GC(5630) Pause Young (Normal) (G1 Evacuation Pause) 403M->404M(512M) 10.748ms
[2020-08-01T12:25:39.844+0300][127.357s][info ][gc] GC(5631) Pause Young (Normal) (G1 Evacuation Pause) 445M->446M(512M) 12.103ms
[2020-08-01T12:25:39.865+0300][127.378s][info ][gc] GC(5632) Pause Young (Normal) (G1 Evacuation Pause) 467M->469M(512M) 10.809ms
[2020-08-01T12:25:39.891+0300][127.404s][info ][gc] GC(5633) To-space exhausted
[2020-08-01T12:25:39.892+0300][127.404s][info ][gc] GC(5633) Pause Young (Normal) (G1 Evacuation Pause) 490M->497M(512M) 17.655ms
[2020-08-01T12:25:39.920+0300][127.433s][info ][gc] GC(5634) To-space exhausted
[2020-08-01T12:25:39.920+0300][127.433s][info ][gc] GC(5634) Pause Young (Normal) (G1 Evacuation Pause) 509M->509M(512M) 22.979ms
[2020-08-01T12:25:39.920+0300][127.433s][debug][gc] GC(5635) Clear Next Bitmap 0.274ms
[2020-08-01T12:25:39.967+0300][127.480s][info ][gc] GC(5635) Pause Full (G1 Evacuation Pause) 509M->77M(512M) 46.861ms
[2020-08-01T12:25:39.967+0300][127.480s][info ][gc] GC(5625) Concurrent Cycle 253.573ms
[2020-08-01T12:25:39.989+0300][127.502s][info ][gc] GC(5636) Pause Young (Normal) (G1 Evacuation Pause) 104M->104M(512M) 10.748ms
[2020-08-01T12:25:40.011+0300][127.524s][info ][gc] GC(5637) Pause Young (Normal) (G1 Evacuation Pause) 129M->130M(512M) 11.835ms
[2020-08-01T12:25:40.032+0300][127.545s][info ][gc] GC(5638) Pause Young (Normal) (G1 Evacuation Pause) 171M->173M(512M) 10.726ms
[2020-08-01T12:25:40.052+0300][127.565s][info ][gc] GC(5639) Pause Young (Normal) (G1 Evacuation Pause) 194M->195M(512M) 11.336ms
[2020-08-01T12:25:40.071+0300][127.584s][info ][gc] GC(5640) Pause Young (Normal) (G1 Evacuation Pause) 216M->217M(512M) 10.307ms
[2020-08-01T12:25:40.090+0300][127.603s][info ][gc] GC(5641) Pause Young (Normal) (G1 Evacuation Pause) 238M->239M(512M) 10.544ms
[2020-08-01T12:25:40.109+0300][127.622s][info ][gc] GC(5642) Pause Young (Concurrent Start) (G1 Evacuation Pause) 260M->261M(512M) 11.173ms
[2020-08-01T12:25:40.109+0300][127.622s][info ][gc] GC(5643) Concurrent Cycle
[2020-08-01T12:25:40.134+0300][127.647s][info ][gc] GC(5644) Pause Young (Normal) (G1 Evacuation Pause) 302M->304M(512M) 11.650ms
[2020-08-01T12:25:40.153+0300][127.665s][info ][gc] GC(5645) Pause Young (Normal) (G1 Evacuation Pause) 325M->326M(512M) 10.271ms
[2020-08-01T12:25:40.172+0300][127.685s][info ][gc] GC(5646) Pause Young (Normal) (G1 Evacuation Pause) 347M->349M(512M) 10.585ms
[2020-08-01T12:25:40.192+0300][127.705s][info ][gc] GC(5647) Pause Young (Normal) (G1 Evacuation Pause) 370M->371M(512M) 11.131ms
[2020-08-01T12:25:40.212+0300][127.724s][info ][gc] GC(5648) Pause Young (Normal) (G1 Evacuation Pause) 392M->393M(512M) 10.455ms
[2020-08-01T12:25:40.232+0300][127.745s][info ][gc] GC(5649) Pause Young (Normal) (G1 Evacuation Pause) 414M->416M(512M) 11.935ms
[2020-08-01T12:25:40.256+0300][127.769s][info ][gc] GC(5650) Pause Young (Normal) (G1 Evacuation Pause) 457M->458M(512M) 10.567ms
[2020-08-01T12:25:40.276+0300][127.789s][info ][gc] GC(5651) Pause Young (Normal) (G1 Evacuation Pause) 479M->481M(512M) 10.664ms
[2020-08-01T12:25:40.313+0300][127.826s][info ][gc] GC(5652) To-space exhausted
[2020-08-01T12:25:40.313+0300][127.826s][info ][gc] GC(5652) Pause Young (Normal) (G1 Evacuation Pause) 502M->508M(512M) 28.627ms
[2020-08-01T12:25:40.314+0300][127.827s][debug][gc] GC(5653) Clear Next Bitmap 0.383ms
[2020-08-01T12:25:40.362+0300][127.875s][info ][gc] GC(5653) Pause Full (G1 Evacuation Pause) 508M->78M(512M) 48.188ms
[2020-08-01T12:25:40.362+0300][127.875s][info ][gc] GC(5643) Concurrent Cycle 252.429ms
[2020-08-01T12:25:40.384+0300][127.897s][info ][gc] GC(5654) Pause Young (Normal) (G1 Evacuation Pause) 105M->105M(512M) 11.340ms
[2020-08-01T12:25:40.405+0300][127.918s][info ][gc] GC(5655) Pause Young (Normal) (G1 Evacuation Pause) 130M->131M(512M) 11.386ms
[2020-08-01T12:25:40.427+0300][127.939s][info ][gc] GC(5656) Pause Young (Normal) (G1 Evacuation Pause) 172M->174M(512M) 10.522ms
[2020-08-01T12:25:40.446+0300][127.959s][info ][gc] GC(5657) Pause Young (Normal) (G1 Evacuation Pause) 195M->196M(512M) 10.776ms
[2020-08-01T12:25:40.465+0300][127.978s][info ][gc] GC(5658) Pause Young (Normal) (G1 Evacuation Pause) 217M->219M(512M) 10.627ms
[2020-08-01T12:25:40.485+0300][127.998s][info ][gc] GC(5659) Pause Young (Normal) (G1 Evacuation Pause) 240M->241M(512M) 11.267ms
[2020-08-01T12:25:40.505+0300][128.017s][info ][gc] GC(5660) Pause Young (Concurrent Start) (G1 Evacuation Pause) 262M->264M(512M) 10.930ms
[2020-08-01T12:25:40.505+0300][128.018s][info ][gc] GC(5661) Concurrent Cycle
[2020-08-01T12:25:40.526+0300][128.038s][info ][gc] GC(5662) Pause Young (Normal) (G1 Evacuation Pause) 305M->306M(512M) 9.830ms
[2020-08-01T12:25:40.544+0300][128.057s][info ][gc] GC(5663) Pause Young (Normal) (G1 Evacuation Pause) 327M->329M(512M) 10.224ms
[2020-08-01T12:25:40.564+0300][128.077s][info ][gc] GC(5664) Pause Young (Normal) (G1 Evacuation Pause) 350M->351M(512M) 10.921ms
[2020-08-01T12:25:40.583+0300][128.096s][info ][gc] GC(5665) Pause Young (Normal) (G1 Evacuation Pause) 372M->374M(512M) 10.679ms
[2020-08-01T12:25:40.604+0300][128.117s][info ][gc] GC(5666) Pause Young (Normal) (G1 Evacuation Pause) 395M->396M(512M) 11.605ms
[2020-08-01T12:25:40.624+0300][128.137s][info ][gc] GC(5667) Pause Young (Normal) (G1 Evacuation Pause) 417M->419M(512M) 11.439ms
[2020-08-01T12:25:40.650+0300][128.163s][info ][gc] GC(5668) Pause Young (Normal) (G1 Evacuation Pause) 460M->462M(512M) 12.719ms
[2020-08-01T12:25:40.671+0300][128.184s][info ][gc] GC(5669) Pause Young (Normal) (G1 Evacuation Pause) 483M->484M(512M) 10.363ms
[2020-08-01T12:25:40.711+0300][128.224s][info ][gc] GC(5670) To-space exhausted
[2020-08-01T12:25:40.711+0300][128.224s][info ][gc] GC(5670) Pause Young (Normal) (G1 Evacuation Pause) 505M->509M(512M) 31.250ms
[2020-08-01T12:25:40.712+0300][128.225s][debug][gc] GC(5671) Clear Next Bitmap 0.409ms
[2020-08-01T12:25:40.761+0300][128.274s][info ][gc] GC(5671) Pause Full (G1 Evacuation Pause) 509M->79M(512M) 50.079ms
[2020-08-01T12:25:40.761+0300][128.274s][info ][gc] GC(5661) Concurrent Cycle 256.836ms
[2020-08-01T12:25:40.786+0300][128.299s][info ][gc] GC(5672) Pause Young (Normal) (G1 Evacuation Pause) 107M->108M(512M) 13.528ms
[2020-08-01T12:25:40.809+0300][128.322s][info ][gc] GC(5673) Pause Young (Normal) (G1 Evacuation Pause) 134M->135M(512M) 12.298ms
[2020-08-01T12:25:40.832+0300][128.345s][info ][gc] GC(5674) Pause Young (Normal) (G1 Evacuation Pause) 176M->178M(512M) 11.114ms
[2020-08-01T12:25:40.853+0300][128.366s][info ][gc] GC(5675) Pause Young (Normal) (G1 Evacuation Pause) 199M->200M(512M) 11.681ms
[2020-08-01T12:25:40.872+0300][128.385s][info ][gc] GC(5676) Pause Young (Normal) (G1 Evacuation Pause) 221M->222M(512M) 10.499ms
[2020-08-01T12:25:40.891+0300][128.404s][info ][gc] GC(5677) Pause Young (Normal) (G1 Evacuation Pause) 243M->245M(512M) 10.066ms
[2020-08-01T12:25:40.911+0300][128.424s][info ][gc] GC(5678) Pause Young (Concurrent Start) (G1 Evacuation Pause) 266M->267M(512M) 11.023ms
[2020-08-01T12:25:40.911+0300][128.424s][info ][gc] GC(5679) Concurrent Cycle
[2020-08-01T12:25:40.935+0300][128.448s][info ][gc] GC(5680) Pause Young (Normal) (G1 Evacuation Pause) 308M->309M(512M) 11.407ms
[2020-08-01T12:25:40.955+0300][128.468s][info ][gc] GC(5681) Pause Young (Normal) (G1 Evacuation Pause) 330M->331M(512M) 10.463ms
[2020-08-01T12:25:40.974+0300][128.487s][info ][gc] GC(5682) Pause Young (Normal) (G1 Evacuation Pause) 352M->354M(512M) 10.319ms
[2020-08-01T12:25:40.993+0300][128.506s][info ][gc] GC(5683) Pause Young (Normal) (G1 Evacuation Pause) 375M->376M(512M) 10.639ms
[2020-08-01T12:25:41.012+0300][128.525s][info ][gc] GC(5684) Pause Young (Normal) (G1 Evacuation Pause) 397M->399M(512M) 10.517ms
[2020-08-01T12:25:41.032+0300][128.545s][info ][gc] GC(5685) Pause Young (Normal) (G1 Evacuation Pause) 420M->421M(512M) 10.627ms
[2020-08-01T12:25:41.055+0300][128.568s][info ][gc] GC(5686) Pause Young (Normal) (G1 Evacuation Pause) 462M->463M(512M) 10.371ms
[2020-08-01T12:25:41.076+0300][128.589s][info ][gc] GC(5687) To-space exhausted
[2020-08-01T12:25:41.076+0300][128.589s][info ][gc] GC(5687) Pause Young (Normal) (G1 Evacuation Pause) 484M->488M(512M) 11.523ms
[2020-08-01T12:25:41.121+0300][128.634s][info ][gc] GC(5688) To-space exhausted
[2020-08-01T12:25:41.121+0300][128.634s][info ][gc] GC(5688) Pause Young (Normal) (G1 Evacuation Pause) 509M->509M(512M) 35.712ms
[2020-08-01T12:25:41.121+0300][128.634s][debug][gc] GC(5689) Clear Next Bitmap 0.347ms
[2020-08-01T12:25:41.172+0300][128.685s][info ][gc] GC(5689) Pause Full (G1 Evacuation Pause) 509M->82M(512M) 51.267ms
[2020-08-01T12:25:41.173+0300][128.685s][info ][gc] GC(5679) Concurrent Cycle 261.546ms
[2020-08-01T12:25:41.196+0300][128.709s][info ][gc] GC(5690) Pause Young (Normal) (G1 Evacuation Pause) 109M->110M(512M) 12.421ms
[2020-08-01T12:25:41.217+0300][128.730s][info ][gc] GC(5691) Pause Young (Normal) (G1 Evacuation Pause) 134M->135M(512M) 11.433ms
[2020-08-01T12:25:41.238+0300][128.751s][info ][gc] GC(5692) Pause Young (Normal) (G1 Evacuation Pause) 176M->177M(512M) 10.186ms
[2020-08-01T12:25:41.257+0300][128.770s][info ][gc] GC(5693) Pause Young (Normal) (G1 Evacuation Pause) 198M->199M(512M) 10.500ms
[2020-08-01T12:25:41.276+0300][128.789s][info ][gc] GC(5694) Pause Young (Normal) (G1 Evacuation Pause) 220M->221M(512M) 10.118ms
[2020-08-01T12:25:41.295+0300][128.808s][info ][gc] GC(5695) Pause Young (Normal) (G1 Evacuation Pause) 242M->243M(512M) 10.460ms
[2020-08-01T12:25:41.315+0300][128.828s][info ][gc] GC(5696) Pause Young (Concurrent Start) (G1 Evacuation Pause) 264M->266M(512M) 11.507ms
[2020-08-01T12:25:41.315+0300][128.828s][info ][gc] GC(5697) Concurrent Cycle
[2020-08-01T12:25:41.338+0300][128.851s][info ][gc] GC(5698) Pause Young (Normal) (G1 Evacuation Pause) 307M->308M(512M) 10.864ms
[2020-08-01T12:25:41.357+0300][128.870s][info ][gc] GC(5699) Pause Young (Normal) (G1 Evacuation Pause) 329M->330M(512M) 10.566ms
[2020-08-01T12:25:41.377+0300][128.890s][info ][gc] GC(5700) Pause Young (Normal) (G1 Evacuation Pause) 351M->353M(512M) 10.637ms
[2020-08-01T12:25:41.396+0300][128.909s][info ][gc] GC(5701) Pause Young (Normal) (G1 Evacuation Pause) 374M->375M(512M) 10.359ms
[2020-08-01T12:25:41.415+0300][128.928s][info ][gc] GC(5702) Pause Young (Normal) (G1 Evacuation Pause) 396M->397M(512M) 10.434ms
[2020-08-01T12:25:41.434+0300][128.947s][info ][gc] GC(5703) Pause Young (Normal) (G1 Evacuation Pause) 418M->420M(512M) 10.602ms
[2020-08-01T12:25:41.458+0300][128.971s][info ][gc] GC(5704) Pause Young (Normal) (G1 Evacuation Pause) 461M->463M(512M) 11.054ms
[2020-08-01T12:25:41.479+0300][128.992s][info ][gc] GC(5705) To-space exhausted
[2020-08-01T12:25:41.479+0300][128.992s][info ][gc] GC(5705) Pause Young (Normal) (G1 Evacuation Pause) 484M->489M(512M) 11.759ms
[2020-08-01T12:25:41.522+0300][129.035s][info ][gc] GC(5706) To-space exhausted
[2020-08-01T12:25:41.522+0300][129.035s][info ][gc] GC(5706) Pause Young (Normal) (G1 Evacuation Pause) 508M->508M(512M) 33.049ms
[2020-08-01T12:25:41.523+0300][129.036s][debug][gc] GC(5707) Clear Next Bitmap 0.282ms
[2020-08-01T12:25:41.574+0300][129.087s][info ][gc] GC(5707) Pause Full (G1 Evacuation Pause) 508M->81M(512M) 51.553ms
[2020-08-01T12:25:41.574+0300][129.087s][info ][gc] GC(5697) Concurrent Cycle 259.277ms
[2020-08-01T12:25:41.596+0300][129.109s][info ][gc] GC(5708) Pause Young (Normal) (G1 Evacuation Pause) 107M->107M(512M) 11.053ms
[2020-08-01T12:25:41.618+0300][129.130s][info ][gc] GC(5709) Pause Young (Normal) (G1 Evacuation Pause) 131M->132M(512M) 12.258ms
[2020-08-01T12:25:41.639+0300][129.151s][info ][gc] GC(5710) Pause Young (Normal) (G1 Evacuation Pause) 173M->174M(512M) 10.840ms
[2020-08-01T12:25:41.659+0300][129.172s][info ][gc] GC(5711) Pause Young (Normal) (G1 Evacuation Pause) 195M->196M(512M) 10.690ms
[2020-08-01T12:25:41.680+0300][129.193s][info ][gc] GC(5712) Pause Young (Normal) (G1 Evacuation Pause) 217M->219M(512M) 12.512ms
[2020-08-01T12:25:41.699+0300][129.212s][info ][gc] GC(5713) Pause Young (Normal) (G1 Evacuation Pause) 240M->241M(512M) 10.441ms
[2020-08-01T12:25:41.720+0300][129.233s][info ][gc] GC(5714) Pause Young (Concurrent Start) (G1 Evacuation Pause) 262M->263M(512M) 12.349ms
[2020-08-01T12:25:41.720+0300][129.233s][info ][gc] GC(5715) Concurrent Cycle
[2020-08-01T12:25:41.745+0300][129.258s][info ][gc] GC(5716) Pause Young (Normal) (G1 Evacuation Pause) 304M->306M(512M) 11.422ms
[2020-08-01T12:25:41.765+0300][129.278s][info ][gc] GC(5717) Pause Young (Normal) (G1 Evacuation Pause) 327M->328M(512M) 10.489ms
[2020-08-01T12:25:41.787+0300][129.300s][info ][gc] GC(5718) Pause Young (Normal) (G1 Evacuation Pause) 349M->351M(512M) 13.646ms
[2020-08-01T12:25:41.806+0300][129.319s][info ][gc] GC(5719) Pause Young (Normal) (G1 Evacuation Pause) 372M->373M(512M) 10.438ms
[2020-08-01T12:25:41.827+0300][129.340s][info ][gc] GC(5720) Pause Young (Normal) (G1 Evacuation Pause) 394M->395M(512M) 11.777ms
[2020-08-01T12:25:41.846+0300][129.359s][info ][gc] GC(5721) Pause Young (Normal) (G1 Evacuation Pause) 416M->418M(512M) 10.681ms
[2020-08-01T12:25:41.872+0300][129.385s][info ][gc] GC(5722) Pause Young (Normal) (G1 Evacuation Pause) 459M->460M(512M) 10.609ms
[2020-08-01T12:25:41.892+0300][129.405s][info ][gc] GC(5723) Pause Young (Normal) (G1 Evacuation Pause) 481M->483M(512M) 10.947ms
[2020-08-01T12:25:41.934+0300][129.447s][info ][gc] GC(5724) To-space exhausted
[2020-08-01T12:25:41.934+0300][129.447s][info ][gc] GC(5724) Pause Young (Normal) (G1 Evacuation Pause) 504M->509M(512M) 32.963ms
[2020-08-01T12:25:41.935+0300][129.448s][debug][gc] GC(5725) Clear Next Bitmap 0.238ms
[2020-08-01T12:25:41.986+0300][129.499s][info ][gc] GC(5725) Pause Full (G1 Evacuation Pause) 509M->80M(512M) 51.765ms
[2020-08-01T12:25:41.986+0300][129.499s][info ][gc] GC(5715) Concurrent Cycle 266.494ms
[2020-08-01T12:25:42.008+0300][129.521s][info ][gc] GC(5726) Pause Young (Normal) (G1 Evacuation Pause) 105M->106M(512M) 11.865ms
[2020-08-01T12:25:42.028+0300][129.541s][info ][gc] GC(5727) Pause Young (Normal) (G1 Evacuation Pause) 128M->129M(512M) 10.728ms
[2020-08-01T12:25:42.050+0300][129.563s][info ][gc] GC(5728) Pause Young (Normal) (G1 Evacuation Pause) 170M->172M(512M) 10.771ms
[2020-08-01T12:25:42.069+0300][129.582s][info ][gc] GC(5729) Pause Young (Normal) (G1 Evacuation Pause) 193M->194M(512M) 10.483ms
[2020-08-01T12:25:42.088+0300][129.601s][info ][gc] GC(5730) Pause Young (Normal) (G1 Evacuation Pause) 215M->217M(512M) 10.691ms
[2020-08-01T12:25:42.108+0300][129.621s][info ][gc] GC(5731) Pause Young (Normal) (G1 Evacuation Pause) 238M->239M(512M) 11.647ms
[2020-08-01T12:25:42.128+0300][129.641s][info ][gc] GC(5732) Pause Young (Concurrent Start) (G1 Evacuation Pause) 260M->262M(512M) 10.792ms
[2020-08-01T12:25:42.128+0300][129.641s][info ][gc] GC(5733) Concurrent Cycle
[2020-08-01T12:25:42.151+0300][129.664s][info ][gc] GC(5734) Pause Young (Normal) (G1 Evacuation Pause) 303M->304M(512M) 11.635ms
[2020-08-01T12:25:42.171+0300][129.684s][info ][gc] GC(5735) Pause Young (Normal) (G1 Evacuation Pause) 325M->326M(512M) 10.313ms
[2020-08-01T12:25:42.190+0300][129.703s][info ][gc] GC(5736) Pause Young (Normal) (G1 Evacuation Pause) 347M->348M(512M) 10.486ms
[2020-08-01T12:25:42.210+0300][129.722s][info ][gc] GC(5737) Pause Young (Normal) (G1 Evacuation Pause) 369M->370M(512M) 10.375ms
[2020-08-01T12:25:42.229+0300][129.741s][info ][gc] GC(5738) Pause Young (Normal) (G1 Evacuation Pause) 391M->393M(512M) 10.367ms
[2020-08-01T12:25:42.249+0300][129.762s][info ][gc] GC(5739) Pause Young (Normal) (G1 Evacuation Pause) 414M->415M(512M) 11.504ms
[2020-08-01T12:25:42.271+0300][129.784s][info ][gc] GC(5740) Pause Young (Normal) (G1 Evacuation Pause) 456M->457M(512M) 10.332ms
[2020-08-01T12:25:42.290+0300][129.803s][info ][gc] GC(5741) Pause Young (Normal) (G1 Evacuation Pause) 478M->480M(512M) 10.217ms
[2020-08-01T12:25:42.329+0300][129.842s][info ][gc] GC(5742) To-space exhausted
[2020-08-01T12:25:42.329+0300][129.842s][info ][gc] GC(5742) Pause Young (Normal) (G1 Evacuation Pause) 501M->506M(512M) 29.786ms
[2020-08-01T12:25:42.333+0300][129.846s][debug][gc] GC(5733) Reclaimed 129 empty regions
[2020-08-01T12:25:42.333+0300][129.846s][info ][gc] GC(5733) Pause Remark 508M->382M(512M) 0.697ms
[2020-08-01T12:25:42.353+0300][129.866s][info ][gc] GC(5743) Pause Young (Normal) (G1 Evacuation Pause) 402M->403M(512M) 10.752ms
[2020-08-01T12:25:42.384+0300][129.897s][info ][gc] GC(5744) Pause Young (Normal) (G1 Evacuation Pause) 424M->426M(512M) 11.292ms
[2020-08-01T12:25:42.415+0300][129.928s][info ][gc] GC(5745) Pause Young (Normal) (G1 Evacuation Pause) 467M->469M(512M) 11.119ms
[2020-08-01T12:25:42.446+0300][129.959s][info ][gc] GC(5746) To-space exhausted
[2020-08-01T12:25:42.446+0300][129.959s][info ][gc] GC(5746) Pause Young (Normal) (G1 Evacuation Pause) 490M->497M(512M) 14.811ms
[2020-08-01T12:25:42.484+0300][129.997s][info ][gc] GC(5747) To-space exhausted
[2020-08-01T12:25:42.484+0300][129.997s][info ][gc] GC(5747) Pause Young (Normal) (G1 Evacuation Pause) 511M->511M(512M) 24.116ms
[2020-08-01T12:25:42.485+0300][129.998s][debug][gc] GC(5748) Clear Next Bitmap 0.347ms
[2020-08-01T12:25:42.521+0300][130.034s][info ][gc] GC(5748) Pause Full (G1 Evacuation Pause) 511M->61M(512M) 36.913ms
[2020-08-01T12:25:42.521+0300][130.034s][info ][gc] GC(5733) Concurrent Cycle 393.735ms
[2020-08-01T12:25:42.544+0300][130.057s][info ][gc] GC(5749) Pause Young (Normal) (G1 Evacuation Pause) 88M->88M(512M) 11.506ms
[2020-08-01T12:25:42.567+0300][130.080s][info ][gc] GC(5750) Pause Young (Normal) (G1 Evacuation Pause) 112M->114M(512M) 13.094ms
[2020-08-01T12:25:42.587+0300][130.100s][info ][gc] GC(5751) Pause Young (Normal) (G1 Evacuation Pause) 135M->136M(512M) 11.444ms
[2020-08-01T12:25:42.608+0300][130.121s][info ][gc] GC(5752) Pause Young (Normal) (G1 Evacuation Pause) 177M->179M(512M) 10.942ms
[2020-08-01T12:25:42.628+0300][130.141s][info ][gc] GC(5753) Pause Young (Normal) (G1 Evacuation Pause) 200M->201M(512M) 11.250ms
[2020-08-01T12:25:42.648+0300][130.161s][info ][gc] GC(5754) Pause Young (Normal) (G1 Evacuation Pause) 222M->224M(512M) 12.052ms
[2020-08-01T12:25:42.669+0300][130.182s][info ][gc] GC(5755) Pause Young (Normal) (G1 Evacuation Pause) 245M->246M(512M) 11.910ms
[2020-08-01T12:25:42.688+0300][130.201s][info ][gc] GC(5756) Pause Young (Concurrent Start) (G1 Evacuation Pause) 267M->269M(512M) 10.659ms
[2020-08-01T12:25:42.688+0300][130.201s][info ][gc] GC(5757) Concurrent Cycle
[2020-08-01T12:25:42.709+0300][130.222s][info ][gc] GC(5758) Pause Young (Normal) (G1 Evacuation Pause) 310M->311M(512M) 10.608ms
[2020-08-01T12:25:42.729+0300][130.242s][info ][gc] GC(5759) Pause Young (Normal) (G1 Evacuation Pause) 332M->334M(512M) 10.712ms
[2020-08-01T12:25:42.748+0300][130.261s][info ][gc] GC(5760) Pause Young (Normal) (G1 Evacuation Pause) 355M->356M(512M) 10.541ms
[2020-08-01T12:25:42.770+0300][130.283s][info ][gc] GC(5761) Pause Young (Normal) (G1 Evacuation Pause) 377M->378M(512M) 12.083ms
[2020-08-01T12:25:42.792+0300][130.305s][info ][gc] GC(5762) Pause Young (Normal) (G1 Evacuation Pause) 399M->401M(512M) 12.567ms
[2020-08-01T12:25:42.812+0300][130.325s][info ][gc] GC(5763) Pause Young (Normal) (G1 Evacuation Pause) 422M->423M(512M) 10.591ms
[2020-08-01T12:25:42.835+0300][130.348s][info ][gc] GC(5764) Pause Young (Normal) (G1 Evacuation Pause) 464M->465M(512M) 10.449ms
[2020-08-01T12:25:42.858+0300][130.371s][info ][gc] GC(5765) To-space exhausted
[2020-08-01T12:25:42.858+0300][130.371s][info ][gc] GC(5765) Pause Young (Normal) (G1 Evacuation Pause) 486M->494M(512M) 13.939ms
[2020-08-01T12:25:42.890+0300][130.403s][info ][gc] GC(5766) To-space exhausted
[2020-08-01T12:25:42.890+0300][130.403s][info ][gc] GC(5766) Pause Young (Normal) (G1 Evacuation Pause) 508M->508M(512M) 25.530ms
[2020-08-01T12:25:42.891+0300][130.404s][debug][gc] GC(5767) Clear Next Bitmap 0.393ms
[2020-08-01T12:25:42.939+0300][130.452s][info ][gc] GC(5767) Pause Full (G1 Evacuation Pause) 508M->75M(512M) 48.269ms
[2020-08-01T12:25:42.939+0300][130.452s][info ][gc] GC(5757) Concurrent Cycle 251.039ms
[2020-08-01T12:25:42.961+0300][130.474s][info ][gc] GC(5768) Pause Young (Normal) (G1 Evacuation Pause) 101M->101M(512M) 10.934ms
[2020-08-01T12:25:42.984+0300][130.497s][info ][gc] GC(5769) Pause Young (Normal) (G1 Evacuation Pause) 125M->126M(512M) 13.341ms
[2020-08-01T12:25:43.006+0300][130.519s][info ][gc] GC(5770) Pause Young (Normal) (G1 Evacuation Pause) 167M->169M(512M) 10.879ms
[2020-08-01T12:25:43.025+0300][130.538s][info ][gc] GC(5771) Pause Young (Normal) (G1 Evacuation Pause) 190M->191M(512M) 10.771ms
[2020-08-01T12:25:43.045+0300][130.558s][info ][gc] GC(5772) Pause Young (Normal) (G1 Evacuation Pause) 212M->213M(512M) 10.984ms
[2020-08-01T12:25:43.067+0300][130.580s][info ][gc] GC(5773) Pause Young (Normal) (G1 Evacuation Pause) 234M->235M(512M) 13.382ms
[2020-08-01T12:25:43.086+0300][130.599s][info ][gc] GC(5774) Pause Young (Concurrent Start) (G1 Evacuation Pause) 256M->257M(512M) 10.622ms
[2020-08-01T12:25:43.086+0300][130.599s][info ][gc] GC(5775) Concurrent Cycle
[2020-08-01T12:25:43.105+0300][130.618s][info ][gc] GC(5776) Pause Young (Normal) (G1 Evacuation Pause) 278M->279M(512M) 10.326ms
[2020-08-01T12:25:43.127+0300][130.640s][info ][gc] GC(5777) Pause Young (Normal) (G1 Evacuation Pause) 320M->321M(512M) 10.682ms
[2020-08-01T12:25:43.147+0300][130.660s][info ][gc] GC(5778) Pause Young (Normal) (G1 Evacuation Pause) 342M->344M(512M) 10.852ms
[2020-08-01T12:25:43.167+0300][130.680s][info ][gc] GC(5779) Pause Young (Normal) (G1 Evacuation Pause) 365M->366M(512M) 10.904ms
[2020-08-01T12:25:43.187+0300][130.700s][info ][gc] GC(5780) Pause Young (Normal) (G1 Evacuation Pause) 387M->388M(512M) 11.012ms
[2020-08-01T12:25:43.206+0300][130.719s][info ][gc] GC(5781) Pause Young (Normal) (G1 Evacuation Pause) 409M->411M(512M) 10.599ms
[2020-08-01T12:25:43.230+0300][130.743s][info ][gc] GC(5782) Pause Young (Normal) (G1 Evacuation Pause) 452M->453M(512M) 11.274ms
[2020-08-01T12:25:43.249+0300][130.762s][info ][gc] GC(5783) Pause Young (Normal) (G1 Evacuation Pause) 474M->475M(512M) 10.390ms
[2020-08-01T12:25:43.259+0300][130.772s][debug][gc] GC(5775) Reclaimed 120 empty regions
[2020-08-01T12:25:43.259+0300][130.772s][info ][gc] GC(5775) Pause Remark 496M->379M(512M) 0.886ms
[2020-08-01T12:25:43.270+0300][130.783s][info ][gc] GC(5784) Pause Young (Normal) (G1 Evacuation Pause) 379M->381M(512M) 10.576ms
[2020-08-01T12:25:43.297+0300][130.810s][info ][gc] GC(5785) Pause Young (Normal) (G1 Evacuation Pause) 402M->403M(512M) 11.034ms
[2020-08-01T12:25:43.323+0300][130.836s][info ][gc] GC(5786) Pause Young (Normal) (G1 Evacuation Pause) 424M->426M(512M) 10.653ms
[2020-08-01T12:25:43.356+0300][130.869s][info ][gc] GC(5787) Pause Young (Normal) (G1 Evacuation Pause) 467M->469M(512M) 10.858ms
[2020-08-01T12:25:43.388+0300][130.900s][info ][gc] GC(5788) To-space exhausted
[2020-08-01T12:25:43.388+0300][130.901s][info ][gc] GC(5788) Pause Young (Normal) (G1 Evacuation Pause) 490M->498M(512M) 14.786ms
[2020-08-01T12:25:43.425+0300][130.938s][info ][gc] GC(5789) To-space exhausted
[2020-08-01T12:25:43.426+0300][130.938s][info ][gc] GC(5789) Pause Young (Normal) (G1 Evacuation Pause) 511M->511M(512M) 24.868ms
[2020-08-01T12:25:43.426+0300][130.939s][debug][gc] GC(5790) Clear Next Bitmap 0.353ms
[2020-08-01T12:25:43.462+0300][130.975s][info ][gc] GC(5790) Pause Full (G1 Evacuation Pause) 511M->56M(512M) 36.245ms
[2020-08-01T12:25:43.462+0300][130.975s][info ][gc] GC(5775) Concurrent Cycle 376.268ms
[2020-08-01T12:25:43.483+0300][130.996s][info ][gc] GC(5791) Pause Young (Normal) (G1 Evacuation Pause) 82M->82M(512M) 10.864ms
[2020-08-01T12:25:43.505+0300][131.018s][info ][gc] GC(5792) Pause Young (Normal) (G1 Evacuation Pause) 106M->108M(512M) 11.790ms
[2020-08-01T12:25:43.524+0300][131.036s][info ][gc] GC(5793) Pause Young (Normal) (G1 Evacuation Pause) 129M->130M(512M) 10.473ms
[2020-08-01T12:25:43.545+0300][131.058s][info ][gc] GC(5794) Pause Young (Normal) (G1 Evacuation Pause) 171M->172M(512M) 11.715ms
[2020-08-01T12:25:43.564+0300][131.077s][info ][gc] GC(5795) Pause Young (Normal) (G1 Evacuation Pause) 193M->195M(512M) 10.617ms
[2020-08-01T12:25:43.583+0300][131.096s][info ][gc] GC(5796) Pause Young (Normal) (G1 Evacuation Pause) 216M->216M(512M) 10.427ms
[2020-08-01T12:25:43.602+0300][131.115s][info ][gc] GC(5797) Pause Young (Normal) (G1 Evacuation Pause) 237M->238M(512M) 10.655ms
[2020-08-01T12:25:43.622+0300][131.135s][info ][gc] GC(5798) Pause Young (Concurrent Start) (G1 Evacuation Pause) 259M->261M(512M) 10.745ms
[2020-08-01T12:25:43.622+0300][131.135s][info ][gc] GC(5799) Concurrent Cycle
[2020-08-01T12:25:43.648+0300][131.161s][info ][gc] GC(5800) Pause Young (Normal) (G1 Evacuation Pause) 302M->303M(512M) 10.711ms
[2020-08-01T12:25:43.672+0300][131.185s][info ][gc] GC(5801) Pause Young (Normal) (G1 Evacuation Pause) 324M->326M(512M) 11.566ms
[2020-08-01T12:25:43.692+0300][131.205s][info ][gc] GC(5802) Pause Young (Normal) (G1 Evacuation Pause) 347M->349M(512M) 10.606ms
[2020-08-01T12:25:43.713+0300][131.225s][info ][gc] GC(5803) Pause Young (Normal) (G1 Evacuation Pause) 370M->372M(512M) 11.586ms
[2020-08-01T12:25:43.732+0300][131.245s][info ][gc] GC(5804) Pause Young (Normal) (G1 Evacuation Pause) 393M->394M(512M) 10.814ms
[2020-08-01T12:25:43.752+0300][131.265s][info ][gc] GC(5805) Pause Young (Normal) (G1 Evacuation Pause) 415M->416M(512M) 10.830ms
[2020-08-01T12:25:43.782+0300][131.295s][info ][gc] GC(5806) Pause Young (Normal) (G1 Evacuation Pause) 457M->459M(512M) 12.131ms
[2020-08-01T12:25:43.793+0300][131.306s][debug][gc] GC(5799) Reclaimed 128 empty regions
[2020-08-01T12:25:43.793+0300][131.306s][info ][gc] GC(5799) Pause Remark 464M->338M(512M) 0.967ms
[2020-08-01T12:25:43.814+0300][131.327s][info ][gc] GC(5807) Pause Young (Normal) (G1 Evacuation Pause) 354M->356M(512M) 11.466ms
[2020-08-01T12:25:43.853+0300][131.366s][info ][gc] GC(5808) Pause Young (Normal) (G1 Evacuation Pause) 377M->379M(512M) 12.160ms
[2020-08-01T12:25:43.882+0300][131.395s][info ][gc] GC(5809) Pause Young (Normal) (G1 Evacuation Pause) 400M->401M(512M) 12.389ms
[2020-08-01T12:25:43.918+0300][131.431s][info ][gc] GC(5810) Pause Young (Normal) (G1 Evacuation Pause) 422M->423M(512M) 10.654ms
[2020-08-01T12:25:43.957+0300][131.470s][info ][gc] GC(5811) Pause Young (Normal) (G1 Evacuation Pause) 464M->465M(512M) 12.458ms
[2020-08-01T12:25:43.985+0300][131.498s][info ][gc] GC(5812) To-space exhausted
[2020-08-01T12:25:43.985+0300][131.498s][info ][gc] GC(5812) Pause Young (Normal) (G1 Evacuation Pause) 486M->488M(512M) 11.187ms
[2020-08-01T12:25:44.039+0300][131.552s][info ][gc] GC(5813) To-space exhausted
[2020-08-01T12:25:44.039+0300][131.552s][info ][gc] GC(5813) Pause Young (Normal) (G1 Evacuation Pause) 509M->511M(512M) 34.946ms
[2020-08-01T12:25:44.040+0300][131.553s][debug][gc] GC(5814) Clear Next Bitmap 0.263ms
[2020-08-01T12:25:44.083+0300][131.596s][info ][gc] GC(5814) Pause Full (G1 Evacuation Pause) 511M->66M(512M) 43.867ms
[2020-08-01T12:25:44.084+0300][131.597s][info ][gc] GC(5799) Concurrent Cycle 462.365ms
[2020-08-01T12:25:44.109+0300][131.621s][info ][gc] GC(5815) Pause Young (Normal) (G1 Evacuation Pause) 92M->92M(512M) 13.473ms
[2020-08-01T12:25:44.132+0300][131.645s][info ][gc] GC(5816) Pause Young (Normal) (G1 Evacuation Pause) 115M->117M(512M) 13.626ms
[2020-08-01T12:25:44.152+0300][131.664s][info ][gc] GC(5817) Pause Young (Normal) (G1 Evacuation Pause) 138M->139M(512M) 10.786ms
[2020-08-01T12:25:44.173+0300][131.686s][info ][gc] GC(5818) Pause Young (Normal) (G1 Evacuation Pause) 180M->181M(512M) 11.040ms
[2020-08-01T12:25:44.193+0300][131.706s][info ][gc] GC(5819) Pause Young (Normal) (G1 Evacuation Pause) 202M->203M(512M) 10.167ms
[2020-08-01T12:25:44.212+0300][131.724s][info ][gc] GC(5820) Pause Young (Normal) (G1 Evacuation Pause) 224M->225M(512M) 10.424ms
[2020-08-01T12:25:44.230+0300][131.743s][info ][gc] GC(5821) Pause Young (Normal) (G1 Evacuation Pause) 246M->248M(512M) 10.470ms
[2020-08-01T12:25:44.249+0300][131.762s][info ][gc] GC(5822) Pause Young (Concurrent Start) (G1 Evacuation Pause) 269M->270M(512M) 10.450ms
[2020-08-01T12:25:44.249+0300][131.762s][info ][gc] GC(5823) Concurrent Cycle
[2020-08-01T12:25:44.272+0300][131.785s][info ][gc] GC(5824) Pause Young (Normal) (G1 Evacuation Pause) 311M->312M(512M) 10.313ms
[2020-08-01T12:25:44.291+0300][131.804s][info ][gc] GC(5825) Pause Young (Normal) (G1 Evacuation Pause) 333M->334M(512M) 10.596ms
[2020-08-01T12:25:44.311+0300][131.824s][info ][gc] GC(5826) Pause Young (Normal) (G1 Evacuation Pause) 355M->356M(512M) 11.032ms
[2020-08-01T12:25:44.331+0300][131.844s][info ][gc] GC(5827) Pause Young (Normal) (G1 Evacuation Pause) 377M->379M(512M) 11.187ms
[2020-08-01T12:25:44.351+0300][131.864s][info ][gc] GC(5828) Pause Young (Normal) (G1 Evacuation Pause) 400M->401M(512M) 10.423ms
[2020-08-01T12:25:44.376+0300][131.889s][info ][gc] GC(5829) Pause Young (Normal) (G1 Evacuation Pause) 442M->442M(512M) 11.082ms
[2020-08-01T12:25:44.396+0300][131.909s][info ][gc] GC(5830) Pause Young (Normal) (G1 Evacuation Pause) 463M->464M(512M) 10.789ms
[2020-08-01T12:25:44.418+0300][131.931s][info ][gc] GC(5831) To-space exhausted
[2020-08-01T12:25:44.418+0300][131.931s][info ][gc] GC(5831) Pause Young (Normal) (G1 Evacuation Pause) 485M->493M(512M) 13.218ms
[2020-08-01T12:25:44.451+0300][131.964s][info ][gc] GC(5832) To-space exhausted
[2020-08-01T12:25:44.451+0300][131.964s][info ][gc] GC(5832) Pause Young (Normal) (G1 Evacuation Pause) 508M->508M(512M) 26.986ms
[2020-08-01T12:25:44.452+0300][131.965s][debug][gc] GC(5833) Clear Next Bitmap 0.338ms
[2020-08-01T12:25:44.501+0300][132.014s][info ][gc] GC(5833) Pause Full (G1 Evacuation Pause) 508M->79M(512M) 49.105ms
[2020-08-01T12:25:44.501+0300][132.014s][info ][gc] GC(5823) Concurrent Cycle 251.557ms
[2020-08-01T12:25:44.522+0300][132.035s][info ][gc] GC(5834) Pause Young (Normal) (G1 Evacuation Pause) 106M->107M(512M) 10.254ms
[2020-08-01T12:25:44.544+0300][132.057s][info ][gc] GC(5835) Pause Young (Normal) (G1 Evacuation Pause) 132M->132M(512M) 11.640ms
[2020-08-01T12:25:44.565+0300][132.078s][info ][gc] GC(5836) Pause Young (Normal) (G1 Evacuation Pause) 173M->175M(512M) 10.674ms
[2020-08-01T12:25:44.584+0300][132.097s][info ][gc] GC(5837) Pause Young (Normal) (G1 Evacuation Pause) 196M->198M(512M) 10.793ms
[2020-08-01T12:25:44.604+0300][132.116s][info ][gc] GC(5838) Pause Young (Normal) (G1 Evacuation Pause) 219M->221M(512M) 10.493ms
[2020-08-01T12:25:44.623+0300][132.135s][info ][gc] GC(5839) Pause Young (Normal) (G1 Evacuation Pause) 242M->243M(512M) 10.517ms
[2020-08-01T12:25:44.641+0300][132.154s][info ][gc] GC(5840) Pause Young (Concurrent Start) (G1 Evacuation Pause) 264M->266M(512M) 10.430ms
[2020-08-01T12:25:44.641+0300][132.154s][info ][gc] GC(5841) Concurrent Cycle
[2020-08-01T12:25:44.666+0300][132.179s][info ][gc] GC(5842) Pause Young (Normal) (G1 Evacuation Pause) 307M->308M(512M) 12.236ms
[2020-08-01T12:25:44.685+0300][132.198s][info ][gc] GC(5843) Pause Young (Normal) (G1 Evacuation Pause) 329M->331M(512M) 10.694ms
[2020-08-01T12:25:44.705+0300][132.217s][info ][gc] GC(5844) Pause Young (Normal) (G1 Evacuation Pause) 352M->353M(512M) 10.409ms
[2020-08-01T12:25:44.724+0300][132.237s][info ][gc] GC(5845) Pause Young (Normal) (G1 Evacuation Pause) 374M->376M(512M) 10.229ms
[2020-08-01T12:25:44.744+0300][132.257s][info ][gc] GC(5846) Pause Young (Normal) (G1 Evacuation Pause) 397M->398M(512M) 10.716ms
[2020-08-01T12:25:44.763+0300][132.276s][info ][gc] GC(5847) Pause Young (Normal) (G1 Evacuation Pause) 419M->420M(512M) 10.745ms
[2020-08-01T12:25:44.789+0300][132.302s][info ][gc] GC(5848) Pause Young (Normal) (G1 Evacuation Pause) 461M->463M(512M) 12.208ms
[2020-08-01T12:25:44.813+0300][132.326s][info ][gc] GC(5849) To-space exhausted
[2020-08-01T12:25:44.813+0300][132.326s][info ][gc] GC(5849) Pause Young (Normal) (G1 Evacuation Pause) 484M->489M(512M) 13.166ms
[2020-08-01T12:25:44.852+0300][132.365s][info ][gc] GC(5850) To-space exhausted
[2020-08-01T12:25:44.853+0300][132.365s][info ][gc] GC(5850) Pause Young (Normal) (G1 Evacuation Pause) 508M->508M(512M) 31.503ms
[2020-08-01T12:25:44.853+0300][132.366s][debug][gc] GC(5851) Clear Next Bitmap 0.321ms
[2020-08-01T12:25:44.903+0300][132.416s][info ][gc] GC(5851) Pause Full (G1 Evacuation Pause) 508M->79M(512M) 50.013ms
[2020-08-01T12:25:44.903+0300][132.416s][info ][gc] GC(5841) Concurrent Cycle 261.419ms
[2020-08-01T12:25:44.927+0300][132.440s][info ][gc] GC(5852) Pause Young (Normal) (G1 Evacuation Pause) 107M->107M(512M) 12.437ms
[2020-08-01T12:25:44.949+0300][132.462s][info ][gc] GC(5853) Pause Young (Normal) (G1 Evacuation Pause) 132M->133M(512M) 12.095ms
[2020-08-01T12:25:44.973+0300][132.485s][info ][gc] GC(5854) Pause Young (Normal) (G1 Evacuation Pause) 174M->175M(512M) 10.234ms
[2020-08-01T12:25:44.994+0300][132.507s][info ][gc] GC(5855) Pause Young (Normal) (G1 Evacuation Pause) 196M->197M(512M) 12.370ms
[2020-08-01T12:25:45.015+0300][132.528s][info ][gc] GC(5856) Pause Young (Normal) (G1 Evacuation Pause) 218M->219M(512M) 11.964ms
[2020-08-01T12:25:45.034+0300][132.547s][info ][gc] GC(5857) Pause Young (Normal) (G1 Evacuation Pause) 240M->241M(512M) 10.518ms
[2020-08-01T12:25:45.053+0300][132.566s][info ][gc] GC(5858) Pause Young (Concurrent Start) (G1 Evacuation Pause) 262M->264M(512M) 10.153ms
[2020-08-01T12:25:45.053+0300][132.566s][info ][gc] GC(5859) Concurrent Cycle
[2020-08-01T12:25:45.076+0300][132.589s][info ][gc] GC(5860) Pause Young (Normal) (G1 Evacuation Pause) 305M->307M(512M) 10.428ms
[2020-08-01T12:25:45.095+0300][132.608s][info ][gc] GC(5861) Pause Young (Normal) (G1 Evacuation Pause) 328M->329M(512M) 10.429ms
[2020-08-01T12:25:45.114+0300][132.627s][info ][gc] GC(5862) Pause Young (Normal) (G1 Evacuation Pause) 350M->352M(512M) 10.671ms
[2020-08-01T12:25:45.133+0300][132.646s][info ][gc] GC(5863) Pause Young (Normal) (G1 Evacuation Pause) 373M->374M(512M) 10.603ms
[2020-08-01T12:25:45.152+0300][132.665s][info ][gc] GC(5864) Pause Young (Normal) (G1 Evacuation Pause) 395M->397M(512M) 9.882ms
[2020-08-01T12:25:45.172+0300][132.685s][info ][gc] GC(5865) Pause Young (Normal) (G1 Evacuation Pause) 418M->419M(512M) 10.969ms
[2020-08-01T12:25:45.196+0300][132.709s][info ][gc] GC(5866) Pause Young (Normal) (G1 Evacuation Pause) 460M->462M(512M) 10.576ms
[2020-08-01T12:25:45.216+0300][132.729s][info ][gc] GC(5867) To-space exhausted
[2020-08-01T12:25:45.216+0300][132.729s][info ][gc] GC(5867) Pause Young (Normal) (G1 Evacuation Pause) 483M->486M(512M) 11.392ms
[2020-08-01T12:25:45.260+0300][132.772s][info ][gc] GC(5868) To-space exhausted
[2020-08-01T12:25:45.260+0300][132.773s][info ][gc] GC(5868) Pause Young (Normal) (G1 Evacuation Pause) 507M->509M(512M) 34.203ms
[2020-08-01T12:25:45.260+0300][132.773s][debug][gc] GC(5869) Clear Next Bitmap 0.237ms
[2020-08-01T12:25:45.310+0300][132.823s][info ][gc] GC(5869) Pause Full (G1 Evacuation Pause) 509M->81M(512M) 50.118ms
[2020-08-01T12:25:45.310+0300][132.823s][info ][gc] GC(5859) Concurrent Cycle 257.336ms
[2020-08-01T12:25:45.334+0300][132.847s][info ][gc] GC(5870) Pause Young (Normal) (G1 Evacuation Pause) 109M->109M(512M) 13.010ms
[2020-08-01T12:25:45.356+0300][132.869s][info ][gc] GC(5871) Pause Young (Normal) (G1 Evacuation Pause) 133M->135M(512M) 12.459ms
[2020-08-01T12:25:45.378+0300][132.891s][info ][gc] GC(5872) Pause Young (Normal) (G1 Evacuation Pause) 176M->176M(512M) 10.705ms
[2020-08-01T12:25:45.397+0300][132.910s][info ][gc] GC(5873) Pause Young (Normal) (G1 Evacuation Pause) 197M->198M(512M) 10.447ms
[2020-08-01T12:25:45.416+0300][132.929s][info ][gc] GC(5874) Pause Young (Normal) (G1 Evacuation Pause) 219M->220M(512M) 10.787ms
[2020-08-01T12:25:45.437+0300][132.950s][info ][gc] GC(5875) Pause Young (Normal) (G1 Evacuation Pause) 241M->242M(512M) 12.130ms
[2020-08-01T12:25:45.456+0300][132.969s][info ][gc] GC(5876) Pause Young (Concurrent Start) (G1 Evacuation Pause) 263M->264M(512M) 10.830ms
[2020-08-01T12:25:45.456+0300][132.969s][info ][gc] GC(5877) Concurrent Cycle
[2020-08-01T12:25:45.479+0300][132.991s][info ][gc] GC(5878) Pause Young (Normal) (G1 Evacuation Pause) 305M->306M(512M) 9.979ms
[2020-08-01T12:25:45.498+0300][133.011s][info ][gc] GC(5879) Pause Young (Normal) (G1 Evacuation Pause) 327M->329M(512M) 10.856ms
[2020-08-01T12:25:45.517+0300][133.030s][info ][gc] GC(5880) Pause Young (Normal) (G1 Evacuation Pause) 350M->351M(512M) 10.242ms
[2020-08-01T12:25:45.536+0300][133.049s][info ][gc] GC(5881) Pause Young (Normal) (G1 Evacuation Pause) 372M->373M(512M) 10.420ms
[2020-08-01T12:25:45.555+0300][133.068s][info ][gc] GC(5882) Pause Young (Normal) (G1 Evacuation Pause) 394M->396M(512M) 10.450ms
[2020-08-01T12:25:45.574+0300][133.087s][info ][gc] GC(5883) Pause Young (Normal) (G1 Evacuation Pause) 417M->418M(512M) 9.833ms
[2020-08-01T12:25:45.600+0300][133.113s][info ][gc] GC(5884) Pause Young (Normal) (G1 Evacuation Pause) 459M->461M(512M) 12.530ms
[2020-08-01T12:25:45.619+0300][133.132s][info ][gc] GC(5885) Pause Young (Normal) (G1 Evacuation Pause) 482M->483M(512M) 10.369ms
[2020-08-01T12:25:45.659+0300][133.172s][info ][gc] GC(5886) To-space exhausted
[2020-08-01T12:25:45.659+0300][133.172s][info ][gc] GC(5886) Pause Young (Normal) (G1 Evacuation Pause) 504M->508M(512M) 30.917ms
[2020-08-01T12:25:45.668+0300][133.181s][info ][gc] GC(5887) To-space exhausted
[2020-08-01T12:25:45.668+0300][133.181s][info ][gc] GC(5887) Pause Young (Normal) (G1 Evacuation Pause) 509M->509M(512M) 5.704ms
[2020-08-01T12:25:45.669+0300][133.182s][debug][gc] GC(5888) Clear Next Bitmap 0.391ms
[2020-08-01T12:25:45.722+0300][133.235s][info ][gc] GC(5888) Pause Full (G1 Evacuation Pause) 509M->83M(512M) 54.165ms
[2020-08-01T12:25:45.723+0300][133.235s][info ][gc] GC(5877) Concurrent Cycle 266.147ms
[2020-08-01T12:25:45.744+0300][133.257s][info ][gc] GC(5889) Pause Young (Normal) (G1 Evacuation Pause) 110M->110M(512M) 10.816ms
[2020-08-01T12:25:45.766+0300][133.279s][info ][gc] GC(5890) Pause Young (Normal) (G1 Evacuation Pause) 135M->137M(512M) 11.825ms
[2020-08-01T12:25:45.790+0300][133.303s][info ][gc] GC(5891) Pause Young (Normal) (G1 Evacuation Pause) 178M->179M(512M) 12.520ms
[2020-08-01T12:25:45.809+0300][133.322s][info ][gc] GC(5892) Pause Young (Normal) (G1 Evacuation Pause) 200M->202M(512M) 10.247ms
[2020-08-01T12:25:45.829+0300][133.342s][info ][gc] GC(5893) Pause Young (Normal) (G1 Evacuation Pause) 223M->225M(512M) 10.629ms
[2020-08-01T12:25:45.848+0300][133.361s][info ][gc] GC(5894) Pause Young (Normal) (G1 Evacuation Pause) 246M->247M(512M) 10.675ms
[2020-08-01T12:25:45.868+0300][133.381s][info ][gc] GC(5895) Pause Young (Concurrent Start) (G1 Evacuation Pause) 268M->269M(512M) 11.012ms
[2020-08-01T12:25:45.868+0300][133.381s][info ][gc] GC(5896) Concurrent Cycle
[2020-08-01T12:25:45.892+0300][133.405s][info ][gc] GC(5897) Pause Young (Normal) (G1 Evacuation Pause) 310M->312M(512M) 10.516ms
[2020-08-01T12:25:45.911+0300][133.424s][info ][gc] GC(5898) Pause Young (Normal) (G1 Evacuation Pause) 333M->334M(512M) 10.431ms
[2020-08-01T12:25:45.931+0300][133.444s][info ][gc] GC(5899) Pause Young (Normal) (G1 Evacuation Pause) 355M->357M(512M) 10.994ms
[2020-08-01T12:25:45.950+0300][133.463s][info ][gc] GC(5900) Pause Young (Normal) (G1 Evacuation Pause) 378M->379M(512M) 10.445ms
[2020-08-01T12:25:45.970+0300][133.483s][info ][gc] GC(5901) Pause Young (Normal) (G1 Evacuation Pause) 400M->401M(512M) 10.256ms
[2020-08-01T12:25:45.989+0300][133.502s][info ][gc] GC(5902) Pause Young (Normal) (G1 Evacuation Pause) 422M->423M(512M) 10.363ms
[2020-08-01T12:25:46.014+0300][133.527s][info ][gc] GC(5903) Pause Young (Normal) (G1 Evacuation Pause) 464M->465M(512M) 10.527ms
[2020-08-01T12:25:46.035+0300][133.548s][info ][gc] GC(5904) To-space exhausted
[2020-08-01T12:25:46.035+0300][133.548s][info ][gc] GC(5904) Pause Young (Normal) (G1 Evacuation Pause) 486M->491M(512M) 12.458ms
[2020-08-01T12:25:46.076+0300][133.588s][info ][gc] GC(5905) To-space exhausted
[2020-08-01T12:25:46.076+0300][133.589s][info ][gc] GC(5905) Pause Young (Normal) (G1 Evacuation Pause) 509M->509M(512M) 32.440ms
[2020-08-01T12:25:46.076+0300][133.589s][debug][gc] GC(5906) Clear Next Bitmap 0.247ms
[2020-08-01T12:25:46.128+0300][133.640s][info ][gc] GC(5906) Pause Full (G1 Evacuation Pause) 509M->81M(512M) 51.706ms
[2020-08-01T12:25:46.128+0300][133.641s][info ][gc] GC(5896) Concurrent Cycle 259.648ms
[2020-08-01T12:25:46.150+0300][133.663s][info ][gc] GC(5907) Pause Young (Normal) (G1 Evacuation Pause) 108M->108M(512M) 11.432ms
[2020-08-01T12:25:46.171+0300][133.684s][info ][gc] GC(5908) Pause Young (Normal) (G1 Evacuation Pause) 133M->135M(512M) 11.430ms
[2020-08-01T12:25:46.192+0300][133.705s][info ][gc] GC(5909) Pause Young (Normal) (G1 Evacuation Pause) 176M->178M(512M) 10.530ms
[2020-08-01T12:25:46.210+0300][133.723s][info ][gc] GC(5910) Pause Young (Normal) (G1 Evacuation Pause) 199M->200M(512M) 10.204ms
[2020-08-01T12:25:46.231+0300][133.744s][info ][gc] GC(5911) Pause Young (Normal) (G1 Evacuation Pause) 221M->222M(512M) 12.236ms
[2020-08-01T12:25:46.251+0300][133.764s][info ][gc] GC(5912) Pause Young (Normal) (G1 Evacuation Pause) 243M->245M(512M) 11.683ms
[2020-08-01T12:25:46.271+0300][133.784s][info ][gc] GC(5913) Pause Young (Concurrent Start) (G1 Evacuation Pause) 266M->267M(512M) 10.607ms
[2020-08-01T12:25:46.271+0300][133.784s][info ][gc] GC(5914) Concurrent Cycle
[2020-08-01T12:25:46.294+0300][133.807s][info ][gc] GC(5915) Pause Young (Normal) (G1 Evacuation Pause) 308M->310M(512M) 10.985ms
[2020-08-01T12:25:46.314+0300][133.827s][info ][gc] GC(5916) Pause Young (Normal) (G1 Evacuation Pause) 331M->332M(512M) 10.805ms
[2020-08-01T12:25:46.336+0300][133.849s][info ][gc] GC(5917) Pause Young (Normal) (G1 Evacuation Pause) 353M->355M(512M) 12.668ms
[2020-08-01T12:25:46.357+0300][133.870s][info ][gc] GC(5918) Pause Young (Normal) (G1 Evacuation Pause) 376M->377M(512M) 12.040ms
[2020-08-01T12:25:46.376+0300][133.889s][info ][gc] GC(5919) Pause Young (Normal) (G1 Evacuation Pause) 398M->400M(512M) 10.362ms
[2020-08-01T12:25:46.396+0300][133.909s][info ][gc] GC(5920) Pause Young (Normal) (G1 Evacuation Pause) 421M->422M(512M) 10.772ms
[2020-08-01T12:25:46.417+0300][133.929s][info ][gc] GC(5921) Pause Young (Normal) (G1 Evacuation Pause) 463M->464M(512M) 10.449ms
[2020-08-01T12:25:46.438+0300][133.951s][info ][gc] GC(5922) To-space exhausted
[2020-08-01T12:25:46.438+0300][133.951s][info ][gc] GC(5922) Pause Young (Normal) (G1 Evacuation Pause) 485M->491M(512M) 12.643ms
[2020-08-01T12:25:46.476+0300][133.989s][info ][gc] GC(5923) To-space exhausted
[2020-08-01T12:25:46.476+0300][133.989s][info ][gc] GC(5923) Pause Young (Normal) (G1 Evacuation Pause) 508M->508M(512M) 30.983ms
[2020-08-01T12:25:46.477+0300][133.990s][debug][gc] GC(5924) Clear Next Bitmap 0.261ms
[2020-08-01T12:25:46.528+0300][134.041s][info ][gc] GC(5924) Pause Full (G1 Evacuation Pause) 508M->79M(512M) 51.303ms
[2020-08-01T12:25:46.528+0300][134.041s][info ][gc] GC(5914) Concurrent Cycle 257.415ms
[2020-08-01T12:25:46.549+0300][134.062s][info ][gc] GC(5925) Pause Young (Normal) (G1 Evacuation Pause) 105M->105M(512M) 10.713ms
[2020-08-01T12:25:46.571+0300][134.084s][info ][gc] GC(5926) Pause Young (Normal) (G1 Evacuation Pause) 129M->131M(512M) 12.134ms
[2020-08-01T12:25:46.592+0300][134.105s][info ][gc] GC(5927) Pause Young (Normal) (G1 Evacuation Pause) 172M->173M(512M) 10.048ms
[2020-08-01T12:25:46.611+0300][134.124s][info ][gc] GC(5928) Pause Young (Normal) (G1 Evacuation Pause) 194M->195M(512M) 10.809ms
[2020-08-01T12:25:46.630+0300][134.143s][info ][gc] GC(5929) Pause Young (Normal) (G1 Evacuation Pause) 216M->217M(512M) 10.457ms
[2020-08-01T12:25:46.650+0300][134.163s][info ][gc] GC(5930) Pause Young (Normal) (G1 Evacuation Pause) 238M->240M(512M) 11.720ms
[2020-08-01T12:25:46.673+0300][134.186s][info ][gc] GC(5931) Pause Young (Concurrent Start) (G1 Evacuation Pause) 261M->262M(512M) 12.906ms
[2020-08-01T12:25:46.673+0300][134.186s][info ][gc] GC(5932) Concurrent Cycle
[2020-08-01T12:25:46.697+0300][134.210s][info ][gc] GC(5933) Pause Young (Normal) (G1 Evacuation Pause) 303M->304M(512M) 11.189ms
[2020-08-01T12:25:46.717+0300][134.230s][info ][gc] GC(5934) Pause Young (Normal) (G1 Evacuation Pause) 325M->326M(512M) 10.809ms
[2020-08-01T12:25:46.738+0300][134.251s][info ][gc] GC(5935) Pause Young (Normal) (G1 Evacuation Pause) 347M->349M(512M) 10.379ms
[2020-08-01T12:25:46.758+0300][134.271s][info ][gc] GC(5936) Pause Young (Normal) (G1 Evacuation Pause) 370M->371M(512M) 11.042ms
[2020-08-01T12:25:46.778+0300][134.291s][info ][gc] GC(5937) Pause Young (Normal) (G1 Evacuation Pause) 392M->393M(512M) 10.692ms
[2020-08-01T12:25:46.799+0300][134.312s][info ][gc] GC(5938) Pause Young (Normal) (G1 Evacuation Pause) 414M->416M(512M) 11.692ms
[2020-08-01T12:25:46.823+0300][134.336s][info ][gc] GC(5939) Pause Young (Normal) (G1 Evacuation Pause) 457M->458M(512M) 12.094ms
[2020-08-01T12:25:46.844+0300][134.357s][info ][gc] GC(5940) Pause Young (Normal) (G1 Evacuation Pause) 479M->480M(512M) 10.604ms
[2020-08-01T12:25:46.880+0300][134.393s][info ][gc] GC(5941) To-space exhausted
[2020-08-01T12:25:46.880+0300][134.393s][info ][gc] GC(5941) Pause Young (Normal) (G1 Evacuation Pause) 501M->508M(512M) 27.551ms
[2020-08-01T12:25:46.884+0300][134.396s][debug][gc] GC(5932) Reclaimed 131 empty regions
[2020-08-01T12:25:46.884+0300][134.396s][info ][gc] GC(5932) Pause Remark 508M->380M(512M) 0.780ms
[2020-08-01T12:25:46.904+0300][134.417s][info ][gc] GC(5942) Pause Young (Normal) (G1 Evacuation Pause) 400M->401M(512M) 10.760ms
[2020-08-01T12:25:46.930+0300][134.443s][info ][gc] GC(5943) Pause Young (Normal) (G1 Evacuation Pause) 422M->423M(512M) 11.619ms
[2020-08-01T12:25:46.964+0300][134.477s][info ][gc] GC(5944) Pause Young (Normal) (G1 Evacuation Pause) 464M->465M(512M) 11.042ms
[2020-08-01T12:25:46.992+0300][134.505s][info ][gc] GC(5945) To-space exhausted
[2020-08-01T12:25:46.992+0300][134.505s][info ][gc] GC(5945) Pause Young (Normal) (G1 Evacuation Pause) 486M->489M(512M) 11.038ms
[2020-08-01T12:25:47.040+0300][134.553s][info ][gc] GC(5946) To-space exhausted
[2020-08-01T12:25:47.040+0300][134.553s][info ][gc] GC(5946) Pause Young (Normal) (G1 Evacuation Pause) 510M->511M(512M) 33.882ms
[2020-08-01T12:25:47.040+0300][134.553s][debug][gc] GC(5947) Clear Next Bitmap 0.325ms
[2020-08-01T12:25:47.082+0300][134.595s][info ][gc] GC(5947) Pause Full (G1 Evacuation Pause) 511M->68M(512M) 41.517ms
[2020-08-01T12:25:47.082+0300][134.595s][info ][gc] GC(5932) Concurrent Cycle 409.101ms
[2020-08-01T12:25:47.104+0300][134.617s][info ][gc] GC(5948) Pause Young (Normal) (G1 Evacuation Pause) 93M->93M(512M) 12.236ms
[2020-08-01T12:25:47.124+0300][134.637s][info ][gc] GC(5949) Pause Young (Normal) (G1 Evacuation Pause) 116M->118M(512M) 10.191ms
[2020-08-01T12:25:47.147+0300][134.659s][info ][gc] GC(5950) Pause Young (Normal) (G1 Evacuation Pause) 159M->161M(512M) 11.618ms
[2020-08-01T12:25:47.166+0300][134.679s][info ][gc] GC(5951) Pause Young (Normal) (G1 Evacuation Pause) 182M->184M(512M) 10.658ms
[2020-08-01T12:25:47.185+0300][134.698s][info ][gc] GC(5952) Pause Young (Normal) (G1 Evacuation Pause) 205M->207M(512M) 10.689ms
[2020-08-01T12:25:47.204+0300][134.717s][info ][gc] GC(5953) Pause Young (Normal) (G1 Evacuation Pause) 228M->229M(512M) 10.468ms
[2020-08-01T12:25:47.223+0300][134.736s][info ][gc] GC(5954) Pause Young (Normal) (G1 Evacuation Pause) 250M->252M(512M) 10.328ms
[2020-08-01T12:25:47.242+0300][134.755s][info ][gc] GC(5955) Pause Young (Concurrent Start) (G1 Evacuation Pause) 273M->274M(512M) 11.047ms
[2020-08-01T12:25:47.242+0300][134.755s][info ][gc] GC(5956) Concurrent Cycle
[2020-08-01T12:25:47.268+0300][134.780s][info ][gc] GC(5957) Pause Young (Normal) (G1 Evacuation Pause) 315M->317M(512M) 11.921ms
[2020-08-01T12:25:47.287+0300][134.800s][info ][gc] GC(5958) Pause Young (Normal) (G1 Evacuation Pause) 338M->339M(512M) 10.560ms
[2020-08-01T12:25:47.307+0300][134.820s][info ][gc] GC(5959) Pause Young (Normal) (G1 Evacuation Pause) 360M->362M(512M) 11.315ms
[2020-08-01T12:25:47.326+0300][134.839s][info ][gc] GC(5960) Pause Young (Normal) (G1 Evacuation Pause) 383M->384M(512M) 10.524ms
[2020-08-01T12:25:47.346+0300][134.859s][info ][gc] GC(5961) Pause Young (Normal) (G1 Evacuation Pause) 405M->407M(512M) 11.130ms
[2020-08-01T12:25:47.370+0300][134.883s][info ][gc] GC(5962) Pause Young (Normal) (G1 Evacuation Pause) 448M->449M(512M) 10.363ms
[2020-08-01T12:25:47.390+0300][134.903s][info ][gc] GC(5963) Pause Young (Normal) (G1 Evacuation Pause) 470M->471M(512M) 10.567ms
[2020-08-01T12:25:47.419+0300][134.931s][info ][gc] GC(5964) To-space exhausted
[2020-08-01T12:25:47.419+0300][134.932s][info ][gc] GC(5964) Pause Young (Normal) (G1 Evacuation Pause) 492M->501M(512M) 19.521ms
[2020-08-01T12:25:47.439+0300][134.951s][info ][gc] GC(5965) To-space exhausted
[2020-08-01T12:25:47.439+0300][134.952s][info ][gc] GC(5965) Pause Young (Normal) (G1 Evacuation Pause) 508M->508M(512M) 16.352ms
[2020-08-01T12:25:47.439+0300][134.952s][debug][gc] GC(5966) Clear Next Bitmap 0.373ms
[2020-08-01T12:25:47.484+0300][134.997s][info ][gc] GC(5966) Pause Full (G1 Evacuation Pause) 508M->72M(512M) 45.074ms
[2020-08-01T12:25:47.484+0300][134.997s][info ][gc] GC(5956) Concurrent Cycle 241.724ms
[2020-08-01T12:25:47.505+0300][135.018s][info ][gc] GC(5967) Pause Young (Normal) (G1 Evacuation Pause) 98M->99M(512M) 10.388ms
[2020-08-01T12:25:47.526+0300][135.039s][info ][gc] GC(5968) Pause Young (Normal) (G1 Evacuation Pause) 124M->125M(512M) 11.719ms
[2020-08-01T12:25:47.547+0300][135.060s][info ][gc] GC(5969) Pause Young (Normal) (G1 Evacuation Pause) 166M->167M(512M) 10.742ms
[2020-08-01T12:25:47.567+0300][135.080s][info ][gc] GC(5970) Pause Young (Normal) (G1 Evacuation Pause) 188M->189M(512M) 10.765ms
[2020-08-01T12:25:47.586+0300][135.099s][info ][gc] GC(5971) Pause Young (Normal) (G1 Evacuation Pause) 210M->212M(512M) 10.669ms
[2020-08-01T12:25:47.606+0300][135.119s][info ][gc] GC(5972) Pause Young (Normal) (G1 Evacuation Pause) 233M->234M(512M) 10.752ms
[2020-08-01T12:25:47.625+0300][135.138s][info ][gc] GC(5973) Pause Young (Concurrent Start) (G1 Evacuation Pause) 255M->256M(512M) 10.858ms
[2020-08-01T12:25:47.625+0300][135.138s][info ][gc] GC(5974) Concurrent Cycle
[2020-08-01T12:25:47.644+0300][135.157s][info ][gc] GC(5975) Pause Young (Normal) (G1 Evacuation Pause) 277M->278M(512M) 10.400ms
[2020-08-01T12:25:47.667+0300][135.180s][info ][gc] GC(5976) Pause Young (Normal) (G1 Evacuation Pause) 319M->321M(512M) 10.844ms
[2020-08-01T12:25:47.686+0300][135.199s][info ][gc] GC(5977) Pause Young (Normal) (G1 Evacuation Pause) 342M->343M(512M) 10.402ms
[2020-08-01T12:25:47.706+0300][135.218s][info ][gc] GC(5978) Pause Young (Normal) (G1 Evacuation Pause) 364M->365M(512M) 10.499ms
[2020-08-01T12:25:47.724+0300][135.237s][info ][gc] GC(5979) Pause Young (Normal) (G1 Evacuation Pause) 386M->388M(512M) 10.153ms
[2020-08-01T12:25:47.744+0300][135.257s][info ][gc] GC(5980) Pause Young (Normal) (G1 Evacuation Pause) 409M->410M(512M) 10.853ms
[2020-08-01T12:25:47.768+0300][135.281s][info ][gc] GC(5981) Pause Young (Normal) (G1 Evacuation Pause) 451M->453M(512M) 10.838ms
[2020-08-01T12:25:47.789+0300][135.302s][info ][gc] GC(5982) Pause Young (Normal) (G1 Evacuation Pause) 474M->475M(512M) 11.983ms
[2020-08-01T12:25:47.798+0300][135.311s][debug][gc] GC(5974) Reclaimed 132 empty regions
[2020-08-01T12:25:47.798+0300][135.311s][info ][gc] GC(5974) Pause Remark 492M->364M(512M) 0.711ms
[2020-08-01T12:25:47.816+0300][135.328s][info ][gc] GC(5983) Pause Young (Normal) (G1 Evacuation Pause) 368M->370M(512M) 15.395ms
[2020-08-01T12:25:47.842+0300][135.355s][info ][gc] GC(5984) Pause Young (Normal) (G1 Evacuation Pause) 391M->392M(512M) 12.714ms
[2020-08-01T12:25:47.870+0300][135.383s][info ][gc] GC(5985) Pause Young (Normal) (G1 Evacuation Pause) 413M->414M(512M) 10.632ms
[2020-08-01T12:25:47.897+0300][135.410s][info ][gc] GC(5986) Pause Young (Normal) (G1 Evacuation Pause) 435M->436M(512M) 10.502ms
[2020-08-01T12:25:47.927+0300][135.440s][info ][gc] GC(5987) Pause Young (Normal) (G1 Evacuation Pause) 477M->478M(512M) 10.633ms
[2020-08-01T12:25:47.966+0300][135.479s][info ][gc] GC(5988) To-space exhausted
[2020-08-01T12:25:47.966+0300][135.479s][info ][gc] GC(5988) Pause Young (Normal) (G1 Evacuation Pause) 499M->507M(512M) 23.840ms
[2020-08-01T12:25:47.991+0300][135.504s][info ][gc] GC(5989) To-space exhausted
[2020-08-01T12:25:47.991+0300][135.504s][info ][gc] GC(5989) Pause Young (Normal) (G1 Evacuation Pause) 511M->511M(512M) 13.632ms
[2020-08-01T12:25:47.991+0300][135.504s][debug][gc] GC(5990) Clear Next Bitmap 0.468ms
[2020-08-01T12:25:48.035+0300][135.548s][info ][gc] GC(5990) Pause Full (G1 Evacuation Pause) 511M->67M(512M) 43.810ms
[2020-08-01T12:25:48.035+0300][135.548s][info ][gc] GC(5974) Concurrent Cycle 409.742ms
[2020-08-01T12:25:48.056+0300][135.569s][info ][gc] GC(5991) Pause Young (Normal) (G1 Evacuation Pause) 93M->92M(512M) 10.506ms
[2020-08-01T12:25:48.081+0300][135.594s][info ][gc] GC(5992) Pause Young (Normal) (G1 Evacuation Pause) 117M->119M(512M) 13.895ms
[2020-08-01T12:25:48.104+0300][135.617s][info ][gc] GC(5993) Pause Young (Normal) (G1 Evacuation Pause) 160M->161M(512M) 11.552ms
[2020-08-01T12:25:48.123+0300][135.635s][info ][gc] GC(5994) Pause Young (Normal) (G1 Evacuation Pause) 182M->184M(512M) 10.467ms
[2020-08-01T12:25:48.141+0300][135.654s][info ][gc] GC(5995) Pause Young (Normal) (G1 Evacuation Pause) 205M->206M(512M) 10.528ms
[2020-08-01T12:25:48.160+0300][135.673s][info ][gc] GC(5996) Pause Young (Normal) (G1 Evacuation Pause) 227M->229M(512M) 10.514ms
[2020-08-01T12:25:48.179+0300][135.692s][info ][gc] GC(5997) Pause Young (Normal) (G1 Evacuation Pause) 250M->251M(512M) 10.493ms
[2020-08-01T12:25:48.198+0300][135.711s][info ][gc] GC(5998) Pause Young (Concurrent Start) (G1 Evacuation Pause) 272M->274M(512M) 10.639ms
[2020-08-01T12:25:48.198+0300][135.711s][info ][gc] GC(5999) Concurrent Cycle
[2020-08-01T12:25:48.222+0300][135.735s][info ][gc] GC(6000) Pause Young (Normal) (G1 Evacuation Pause) 315M->317M(512M) 10.574ms
[2020-08-01T12:25:48.244+0300][135.756s][info ][gc] GC(6001) Pause Young (Normal) (G1 Evacuation Pause) 338M->340M(512M) 12.295ms
[2020-08-01T12:25:48.263+0300][135.776s][info ][gc] GC(6002) Pause Young (Normal) (G1 Evacuation Pause) 361M->361M(512M) 10.715ms
[2020-08-01T12:25:48.283+0300][135.796s][info ][gc] GC(6003) Pause Young (Normal) (G1 Evacuation Pause) 382M->384M(512M) 10.794ms
[2020-08-01T12:25:48.303+0300][135.816s][info ][gc] GC(6004) Pause Young (Normal) (G1 Evacuation Pause) 405M->406M(512M) 10.047ms
[2020-08-01T12:25:48.328+0300][135.841s][info ][gc] GC(6005) Pause Young (Normal) (G1 Evacuation Pause) 447M->449M(512M) 11.848ms
[2020-08-01T12:25:48.348+0300][135.861s][info ][gc] GC(6006) Pause Young (Normal) (G1 Evacuation Pause) 470M->471M(512M) 10.690ms
[2020-08-01T12:25:48.375+0300][135.888s][info ][gc] GC(6007) To-space exhausted
[2020-08-01T12:25:48.375+0300][135.888s][info ][gc] GC(6007) Pause Young (Normal) (G1 Evacuation Pause) 492M->501M(512M) 18.518ms
[2020-08-01T12:25:48.396+0300][135.909s][info ][gc] GC(6008) To-space exhausted
[2020-08-01T12:25:48.397+0300][135.909s][info ][gc] GC(6008) Pause Young (Normal) (G1 Evacuation Pause) 509M->509M(512M) 17.882ms
[2020-08-01T12:25:48.397+0300][135.910s][debug][gc] GC(6009) Clear Next Bitmap 0.441ms
[2020-08-01T12:25:48.446+0300][135.958s][info ][gc] GC(6009) Pause Full (G1 Evacuation Pause) 509M->75M(512M) 48.965ms
[2020-08-01T12:25:48.446+0300][135.959s][info ][gc] GC(5999) Concurrent Cycle 247.409ms
[2020-08-01T12:25:48.468+0300][135.981s][info ][gc] GC(6010) Pause Young (Normal) (G1 Evacuation Pause) 102M->102M(512M) 11.291ms
[2020-08-01T12:25:48.489+0300][136.002s][info ][gc] GC(6011) Pause Young (Normal) (G1 Evacuation Pause) 127M->128M(512M) 11.490ms
[2020-08-01T12:25:48.512+0300][136.024s][info ][gc] GC(6012) Pause Young (Normal) (G1 Evacuation Pause) 170M->172M(512M) 11.119ms
[2020-08-01T12:25:48.532+0300][136.044s][info ][gc] GC(6013) Pause Young (Normal) (G1 Evacuation Pause) 193M->194M(512M) 11.615ms
[2020-08-01T12:25:48.550+0300][136.063s][info ][gc] GC(6014) Pause Young (Normal) (G1 Evacuation Pause) 215M->216M(512M) 10.286ms
[2020-08-01T12:25:48.569+0300][136.082s][info ][gc] GC(6015) Pause Young (Normal) (G1 Evacuation Pause) 237M->238M(512M) 10.235ms
[2020-08-01T12:25:48.588+0300][136.101s][info ][gc] GC(6016) Pause Young (Concurrent Start) (G1 Evacuation Pause) 259M->261M(512M) 10.577ms
[2020-08-01T12:25:48.588+0300][136.101s][info ][gc] GC(6017) Concurrent Cycle
[2020-08-01T12:25:48.611+0300][136.124s][info ][gc] GC(6018) Pause Young (Normal) (G1 Evacuation Pause) 302M->304M(512M) 10.711ms
[2020-08-01T12:25:48.630+0300][136.143s][info ][gc] GC(6019) Pause Young (Normal) (G1 Evacuation Pause) 325M->326M(512M) 10.307ms
[2020-08-01T12:25:48.649+0300][136.162s][info ][gc] GC(6020) Pause Young (Normal) (G1 Evacuation Pause) 347M->349M(512M) 10.704ms
[2020-08-01T12:25:48.672+0300][136.184s][info ][gc] GC(6021) Pause Young (Normal) (G1 Evacuation Pause) 370M->371M(512M) 11.805ms
[2020-08-01T12:25:48.691+0300][136.204s][info ][gc] GC(6022) Pause Young (Normal) (G1 Evacuation Pause) 392M->394M(512M) 10.625ms
[2020-08-01T12:25:48.712+0300][136.225s][info ][gc] GC(6023) Pause Young (Normal) (G1 Evacuation Pause) 415M->417M(512M) 11.231ms
[2020-08-01T12:25:48.735+0300][136.248s][info ][gc] GC(6024) Pause Young (Normal) (G1 Evacuation Pause) 458M->459M(512M) 10.764ms
[2020-08-01T12:25:48.756+0300][136.269s][info ][gc] GC(6025) Pause Young (Normal) (G1 Evacuation Pause) 480M->482M(512M) 11.146ms
[2020-08-01T12:25:48.793+0300][136.306s][info ][gc] GC(6026) To-space exhausted
[2020-08-01T12:25:48.793+0300][136.306s][info ][gc] GC(6026) Pause Young (Normal) (G1 Evacuation Pause) 503M->510M(512M) 28.099ms
[2020-08-01T12:25:48.793+0300][136.306s][debug][gc] GC(6027) Clear Next Bitmap 0.286ms
[2020-08-01T12:25:48.841+0300][136.354s][info ][gc] GC(6027) Pause Full (G1 Evacuation Pause) 510M->77M(512M) 47.867ms
[2020-08-01T12:25:48.841+0300][136.354s][info ][gc] GC(6017) Concurrent Cycle 252.987ms
[2020-08-01T12:25:48.865+0300][136.378s][info ][gc] GC(6028) Pause Young (Normal) (G1 Evacuation Pause) 104M->105M(512M) 13.447ms
[2020-08-01T12:25:48.887+0300][136.400s][info ][gc] GC(6029) Pause Young (Normal) (G1 Evacuation Pause) 128M->130M(512M) 11.290ms
[2020-08-01T12:25:48.910+0300][136.422s][info ][gc] GC(6030) Pause Young (Normal) (G1 Evacuation Pause) 171M->173M(512M) 11.111ms
[2020-08-01T12:25:48.929+0300][136.441s][info ][gc] GC(6031) Pause Young (Normal) (G1 Evacuation Pause) 194M->195M(512M) 10.538ms
[2020-08-01T12:25:48.948+0300][136.461s][info ][gc] GC(6032) Pause Young (Normal) (G1 Evacuation Pause) 216M->218M(512M) 10.657ms
[2020-08-01T12:25:48.968+0300][136.481s][info ][gc] GC(6033) Pause Young (Normal) (G1 Evacuation Pause) 239M->241M(512M) 10.917ms
[2020-08-01T12:25:48.988+0300][136.501s][info ][gc] GC(6034) Pause Young (Concurrent Start) (G1 Evacuation Pause) 262M->263M(512M) 10.638ms
[2020-08-01T12:25:48.988+0300][136.501s][info ][gc] GC(6035) Concurrent Cycle
[2020-08-01T12:25:49.012+0300][136.525s][info ][gc] GC(6036) Pause Young (Normal) (G1 Evacuation Pause) 304M->306M(512M) 11.454ms
[2020-08-01T12:25:49.032+0300][136.545s][info ][gc] GC(6037) Pause Young (Normal) (G1 Evacuation Pause) 327M->328M(512M) 11.182ms
[2020-08-01T12:25:49.052+0300][136.565s][info ][gc] GC(6038) Pause Young (Normal) (G1 Evacuation Pause) 349M->350M(512M) 10.961ms
[2020-08-01T12:25:49.071+0300][136.584s][info ][gc] GC(6039) Pause Young (Normal) (G1 Evacuation Pause) 371M->373M(512M) 10.140ms
[2020-08-01T12:25:49.090+0300][136.603s][info ][gc] GC(6040) Pause Young (Normal) (G1 Evacuation Pause) 394M->396M(512M) 10.137ms
[2020-08-01T12:25:49.109+0300][136.622s][info ][gc] GC(6041) Pause Young (Normal) (G1 Evacuation Pause) 417M->418M(512M) 10.334ms
[2020-08-01T12:25:49.132+0300][136.645s][info ][gc] GC(6042) Pause Young (Normal) (G1 Evacuation Pause) 459M->460M(512M) 11.418ms
[2020-08-01T12:25:49.152+0300][136.665s][info ][gc] GC(6043) Pause Young (Normal) (G1 Evacuation Pause) 481M->482M(512M) 10.696ms
[2020-08-01T12:25:49.191+0300][136.704s][info ][gc] GC(6044) To-space exhausted
[2020-08-01T12:25:49.191+0300][136.704s][info ][gc] GC(6044) Pause Young (Normal) (G1 Evacuation Pause) 503M->509M(512M) 29.615ms
[2020-08-01T12:25:49.192+0300][136.705s][debug][gc] GC(6045) Clear Next Bitmap 0.372ms
[2020-08-01T12:25:49.240+0300][136.752s][info ][gc] GC(6045) Pause Full (G1 Evacuation Pause) 509M->76M(512M) 48.255ms
[2020-08-01T12:25:49.240+0300][136.753s][info ][gc] GC(6035) Concurrent Cycle 251.578ms
[2020-08-01T12:25:49.262+0300][136.775s][info ][gc] GC(6046) Pause Young (Normal) (G1 Evacuation Pause) 103M->104M(512M) 12.001ms
[2020-08-01T12:25:49.283+0300][136.796s][info ][gc] GC(6047) Pause Young (Normal) (G1 Evacuation Pause) 128M->129M(512M) 11.367ms
[2020-08-01T12:25:49.304+0300][136.817s][info ][gc] GC(6048) Pause Young (Normal) (G1 Evacuation Pause) 170M->172M(512M) 10.608ms
[2020-08-01T12:25:49.323+0300][136.836s][info ][gc] GC(6049) Pause Young (Normal) (G1 Evacuation Pause) 193M->194M(512M) 10.493ms
[2020-08-01T12:25:49.344+0300][136.857s][info ][gc] GC(6050) Pause Young (Normal) (G1 Evacuation Pause) 215M->217M(512M) 11.078ms
[2020-08-01T12:25:49.363+0300][136.876s][info ][gc] GC(6051) Pause Young (Normal) (G1 Evacuation Pause) 238M->239M(512M) 10.697ms
[2020-08-01T12:25:49.383+0300][136.895s][info ][gc] GC(6052) Pause Young (Concurrent Start) (G1 Evacuation Pause) 260M->262M(512M) 10.790ms
[2020-08-01T12:25:49.383+0300][136.896s][info ][gc] GC(6053) Concurrent Cycle
[2020-08-01T12:25:49.407+0300][136.919s][info ][gc] GC(6054) Pause Young (Normal) (G1 Evacuation Pause) 303M->304M(512M) 10.494ms
[2020-08-01T12:25:49.425+0300][136.938s][info ][gc] GC(6055) Pause Young (Normal) (G1 Evacuation Pause) 325M->326M(512M) 10.216ms
[2020-08-01T12:25:49.445+0300][136.958s][info ][gc] GC(6056) Pause Young (Normal) (G1 Evacuation Pause) 347M->349M(512M) 11.120ms
[2020-08-01T12:25:49.464+0300][136.977s][info ][gc] GC(6057) Pause Young (Normal) (G1 Evacuation Pause) 370M->371M(512M) 10.446ms
[2020-08-01T12:25:49.485+0300][136.998s][info ][gc] GC(6058) Pause Young (Normal) (G1 Evacuation Pause) 392M->393M(512M) 11.696ms
[2020-08-01T12:25:49.504+0300][137.017s][info ][gc] GC(6059) Pause Young (Normal) (G1 Evacuation Pause) 414M->415M(512M) 10.367ms
[2020-08-01T12:25:49.527+0300][137.040s][info ][gc] GC(6060) Pause Young (Normal) (G1 Evacuation Pause) 456M->458M(512M) 10.625ms
[2020-08-01T12:25:49.547+0300][137.060s][info ][gc] GC(6061) Pause Young (Normal) (G1 Evacuation Pause) 479M->480M(512M) 10.554ms
[2020-08-01T12:25:49.584+0300][137.097s][info ][gc] GC(6062) To-space exhausted
[2020-08-01T12:25:49.584+0300][137.097s][info ][gc] GC(6062) Pause Young (Normal) (G1 Evacuation Pause) 501M->507M(512M) 28.024ms
[2020-08-01T12:25:49.587+0300][137.100s][debug][gc] GC(6053) Reclaimed 132 empty regions
[2020-08-01T12:25:49.587+0300][137.100s][info ][gc] GC(6053) Pause Remark 508M->379M(512M) 0.737ms
[2020-08-01T12:25:49.607+0300][137.120s][info ][gc] GC(6063) Pause Young (Normal) (G1 Evacuation Pause) 399M->400M(512M) 10.510ms
[2020-08-01T12:25:49.633+0300][137.146s][info ][gc] GC(6064) Pause Young (Normal) (G1 Evacuation Pause) 421M->422M(512M) 10.633ms
[2020-08-01T12:25:49.772+0300][137.285s][info ][gc] GC(6053) Pause Cleanup 441M->441M(512M) 0.125ms
[2020-08-01T12:25:49.772+0300][137.285s][info ][gc] GC(6053) Concurrent Cycle 389.627ms
