[2020-08-08T11:13:50.348+0300][0.010s][info][gc] Using Parallel
[2020-08-08T11:13:50.717+0300][0.379s][info][gc] GC(0) Pause Young (Allocation Failure) 128M->119M(491M) 98.463ms
[2020-08-08T11:13:50.841+0300][0.504s][info][gc] GC(1) Pause Young (Allocation Failure) 247M->205M(491M) 91.632ms
[2020-08-08T11:13:50.948+0300][0.611s][info][gc] GC(2) Pause Young (Allocation Failure) 333M->284M(491M) 79.812ms
[2020-08-08T11:13:51.205+0300][0.867s][debug][gc] GC(3) Shrinking ParOldGen from 349696K by 16384K to 333312K
[2020-08-08T11:13:51.205+0300][0.868s][info ][gc] GC(3) Pause Full (Ergonomics) 284M->100M(475M) 256.724ms
[2020-08-08T11:13:51.350+0300][1.012s][info ][gc] GC(4) Pause Young (Allocation Failure) 228M->227M(475M) 110.952ms
[2020-08-08T11:13:51.479+0300][1.141s][info ][gc] GC(5) Pause Young (Allocation Failure) 356M->293M(404M) 80.664ms
[2020-08-08T11:13:51.702+0300][1.364s][debug][gc] GC(6) Shrinking ParOldGen from 333312K by 4096K to 329216K
[2020-08-08T11:13:51.702+0300][1.364s][info ][gc] GC(6) Pause Full (Ergonomics) 293M->87M(435M) 223.057ms
[2020-08-08T11:13:51.845+0300][1.507s][info ][gc] GC(7) Pause Young (Allocation Failure) 137M->135M(435M) 121.935ms
[2020-08-08T11:13:51.965+0300][1.627s][info ][gc] GC(8) Pause Young (Allocation Failure) 193M->192M(435M) 106.253ms
[2020-08-08T11:13:52.075+0300][1.737s][info ][gc] GC(9) Pause Young (Allocation Failure) 249M->249M(435M) 86.897ms
[2020-08-08T11:13:52.117+0300][1.779s][info ][gc] GC(10) Pause Young (Allocation Failure) 307M->237M(435M) 29.851ms
[2020-08-08T11:13:52.187+0300][1.850s][debug][gc] GC(11) Shrinking ParOldGen from 329216K by 40448K to 288768K
[2020-08-08T11:13:52.187+0300][1.850s][info ][gc] GC(11) Pause Full (Ergonomics) 237M->39M(396M) 70.534ms
[2020-08-08T11:13:52.380+0300][2.043s][info ][gc] GC(12) Pause Young (Allocation Failure) 97M->97M(396M) 171.878ms
[2020-08-08T11:13:52.667+0300][2.330s][info ][gc] GC(13) Pause Young (Allocation Failure) 136M->135M(396M) 275.893ms
[2020-08-08T11:13:52.762+0300][2.425s][info ][gc] GC(14) Pause Young (Allocation Failure) 193M->193M(396M) 83.274ms
[2020-08-08T11:13:52.875+0300][2.538s][info ][gc] GC(15) Pause Young (Allocation Failure) 250M->251M(396M) 97.773ms
[2020-08-08T11:13:53.165+0300][2.828s][debug][gc] GC(16) Expanding ParOldGen from 288768K by 58880K to 347648K
[2020-08-08T11:13:53.165+0300][2.828s][info ][gc] GC(16) Pause Full (Ergonomics) 251M->116M(453M) 290.176ms
[2020-08-08T11:13:53.216+0300][2.878s][info ][gc] GC(17) Pause Young (Allocation Failure) 174M->174M(453M) 40.188ms
[2020-08-08T11:13:53.318+0300][2.980s][info ][gc] GC(18) Pause Young (Allocation Failure) 231M->231M(453M) 90.035ms
[2020-08-08T11:13:53.584+0300][3.246s][info ][gc] GC(19) Pause Young (Allocation Failure) 289M->289M(453M) 255.842ms
[2020-08-08T11:13:53.601+0300][3.264s][debug][gc] GC(20) Shrinking ParOldGen from 347648K by 107008K to 240640K
[2020-08-08T11:13:53.601+0300][3.264s][info ][gc] GC(20) Pause Full (Ergonomics) 289M->22M(349M) 17.230ms
[2020-08-08T11:13:53.790+0300][3.452s][info ][gc] GC(21) Pause Young (Allocation Failure) 79M->79M(349M) 177.720ms
[2020-08-08T11:13:54.091+0300][3.753s][info ][gc] GC(22) Pause Young (Allocation Failure) 135M->135M(349M) 289.953ms
[2020-08-08T11:13:54.209+0300][3.872s][info ][gc] GC(23) Pause Young (Allocation Failure) 193M->193M(349M) 109.660ms
[2020-08-08T11:13:54.330+0300][3.992s][debug][gc] GC(24) Expanding ParOldGen from 240640K by 34816K to 275456K
[2020-08-08T11:13:54.330+0300][3.992s][info ][gc] GC(24) Pause Full (Ergonomics) 193M->59M(383M) 120.725ms
[2020-08-08T11:13:54.512+0300][4.175s][info ][gc] GC(25) Pause Young (Allocation Failure) 116M->116M(383M) 167.915ms
[2020-08-08T11:13:54.695+0300][4.358s][info ][gc] GC(26) Pause Young (Allocation Failure) 174M->174M(383M) 171.777ms
[2020-08-08T11:13:54.793+0300][4.455s][info ][gc] GC(27) Pause Young (Allocation Failure) 232M->232M(383M) 86.151ms
[2020-08-08T11:13:55.034+0300][4.697s][debug][gc] GC(28) Expanding ParOldGen from 275456K by 33280K to 308736K
[2020-08-08T11:13:55.034+0300][4.697s][info ][gc] GC(28) Pause Full (Ergonomics) 232M->98M(415M) 241.956ms
[2020-08-08T11:13:55.151+0300][4.815s][info ][gc] GC(29) Pause Young (Allocation Failure) 155M->155M(415M) 107.859ms
[2020-08-08T11:13:55.238+0300][4.901s][info ][gc] GC(30) Pause Young (Allocation Failure) 213M->213M(415M) 77.434ms
[2020-08-08T11:13:55.560+0300][5.223s][info ][gc] GC(31) Pause Young (Allocation Failure) 269M->269M(415M) 309.636ms
[2020-08-08T11:13:55.566+0300][5.229s][debug][gc] GC(32) Shrinking ParOldGen from 308736K by 99328K to 209408K
[2020-08-08T11:13:55.567+0300][5.229s][info ][gc] GC(32) Pause Full (Ergonomics) 269M->2M(318M) 5.858ms
[2020-08-08T11:13:55.616+0300][5.279s][info ][gc] GC(33) Pause Young (Allocation Failure) 59M->59M(318M) 36.014ms
[2020-08-08T11:13:55.725+0300][5.388s][info ][gc] GC(34) Pause Young (Allocation Failure) 116M->117M(318M) 96.040ms
[2020-08-08T11:13:55.915+0300][5.577s][info ][gc] GC(35) Pause Young (Allocation Failure) 174M->174M(318M) 181.372ms
[2020-08-08T11:13:55.986+0300][5.649s][debug][gc] GC(36) Expanding ParOldGen from 209408K by 39936K to 249344K
[2020-08-08T11:13:55.986+0300][5.649s][info ][gc] GC(36) Pause Full (Ergonomics) 174M->40M(357M) 71.540ms
[2020-08-08T11:13:56.172+0300][5.835s][info ][gc] GC(37) Pause Young (Allocation Failure) 98M->98M(357M) 174.978ms
[2020-08-08T11:13:56.456+0300][6.119s][info ][gc] GC(38) Pause Young (Allocation Failure) 155M->155M(357M) 275.327ms
[2020-08-08T11:13:56.545+0300][6.207s][info ][gc] GC(39) Pause Young (Allocation Failure) 213M->213M(357M) 79.094ms
[2020-08-08T11:13:56.731+0300][6.394s][debug][gc] GC(40) Expanding ParOldGen from 249344K by 39936K to 289280K
[2020-08-08T11:13:56.731+0300][6.394s][info ][gc] GC(40) Pause Full (Ergonomics) 213M->79M(396M) 186.465ms
[2020-08-08T11:13:56.884+0300][6.546s][info ][gc] GC(41) Pause Young (Allocation Failure) 135M->135M(396M) 138.852ms
[2020-08-08T11:13:57.006+0300][6.668s][info ][gc] GC(42) Pause Young (Allocation Failure) 193M->193M(396M) 112.806ms
[2020-08-08T11:13:57.110+0300][6.772s][info ][gc] GC(43) Pause Young (Allocation Failure) 250M->250M(396M) 94.158ms
[2020-08-08T11:13:57.412+0300][7.075s][debug][gc] GC(44) Expanding ParOldGen from 289280K by 34304K to 323584K
[2020-08-08T11:13:57.412+0300][7.075s][info ][gc] GC(44) Pause Full (Ergonomics) 250M->116M(430M) 302.560ms
[2020-08-08T11:13:57.468+0300][7.131s][info ][gc] GC(45) Pause Young (Allocation Failure) 174M->174M(430M) 45.375ms
[2020-08-08T11:13:57.564+0300][7.227s][info ][gc] GC(46) Pause Young (Allocation Failure) 231M->231M(430M) 85.779ms
[2020-08-08T11:13:57.843+0300][7.506s][info ][gc] GC(47) Pause Young (Allocation Failure) 289M->289M(430M) 269.512ms
[2020-08-08T11:13:57.859+0300][7.522s][debug][gc] GC(48) Shrinking ParOldGen from 323584K by 101376K to 222208K
[2020-08-08T11:13:57.859+0300][7.522s][info ][gc] GC(48) Pause Full (Ergonomics) 289M->22M(331M) 15.919ms
[2020-08-08T11:13:58.029+0300][7.691s][info ][gc] GC(49) Pause Young (Allocation Failure) 79M->79M(331M) 156.480ms
[2020-08-08T11:13:58.371+0300][8.034s][info ][gc] GC(50) Pause Young (Allocation Failure) 136M->135M(331M) 332.296ms
[2020-08-08T11:13:58.499+0300][8.162s][info ][gc] GC(51) Pause Young (Allocation Failure) 193M->193M(331M) 120.570ms
[2020-08-08T11:13:58.619+0300][8.282s][debug][gc] GC(52) Expanding ParOldGen from 222208K by 38400K to 260608K
[2020-08-08T11:13:58.620+0300][8.283s][info ][gc] GC(52) Pause Full (Ergonomics) 193M->59M(368M) 120.774ms
[2020-08-08T11:13:58.809+0300][8.472s][info ][gc] GC(53) Pause Young (Allocation Failure) 116M->116M(368M) 176.936ms
[2020-08-08T11:13:59.023+0300][8.686s][info ][gc] GC(54) Pause Young (Allocation Failure) 174M->174M(368M) 203.648ms
[2020-08-08T11:13:59.122+0300][8.785s][info ][gc] GC(55) Pause Young (Allocation Failure) 231M->231M(368M) 87.705ms
[2020-08-08T11:13:59.362+0300][9.025s][debug][gc] GC(56) Expanding ParOldGen from 260608K by 35328K to 295936K
[2020-08-08T11:13:59.362+0300][9.026s][info ][gc] GC(56) Pause Full (Ergonomics) 231M->97M(403M) 240.400ms
[2020-08-08T11:13:59.489+0300][9.152s][info ][gc] GC(57) Pause Young (Allocation Failure) 136M->135M(403M) 118.148ms
[2020-08-08T11:13:59.596+0300][9.259s][info ][gc] GC(58) Pause Young (Allocation Failure) 193M->192M(403M) 94.659ms
[2020-08-08T11:13:59.708+0300][9.371s][info ][gc] GC(59) Pause Young (Allocation Failure) 250M->249M(403M) 96.861ms
[2020-08-08T11:14:00.007+0300][9.670s][debug][gc] GC(60) Expanding ParOldGen from 295936K by 5120K to 301056K
[2020-08-08T11:14:00.008+0300][9.670s][info ][gc] GC(60) Pause Full (Ergonomics) 249M->115M(408M) 299.343ms
[2020-08-08T11:14:00.071+0300][9.733s][info ][gc] GC(61) Pause Young (Allocation Failure) 173M->173M(408M) 47.476ms
[2020-08-08T11:14:00.178+0300][9.840s][info ][gc] GC(62) Pause Young (Allocation Failure) 230M->230M(408M) 91.287ms
[2020-08-08T11:14:00.505+0300][10.167s][info ][gc] GC(63) Pause Young (Allocation Failure) 270M->269M(408M) 313.830ms
[2020-08-08T11:14:00.513+0300][10.175s][debug][gc] GC(64) Shrinking ParOldGen from 301056K by 116736K to 184320K
[2020-08-08T11:14:00.513+0300][10.175s][info ][gc] GC(64) Pause Full (Ergonomics) 269M->2M(294M) 7.942ms
[2020-08-08T11:14:00.565+0300][10.227s][info ][gc] GC(65) Pause Young (Allocation Failure) 60M->59M(294M) 39.974ms
[2020-08-08T11:14:00.677+0300][10.339s][info ][gc] GC(66) Pause Young (Allocation Failure) 117M->116M(294M) 97.570ms
[2020-08-08T11:14:00.878+0300][10.541s][info ][gc] GC(67) Pause Young (Allocation Failure) 174M->174M(294M) 186.364ms
[2020-08-08T11:14:00.946+0300][10.609s][debug][gc] GC(68) Expanding ParOldGen from 184320K by 37888K to 222208K
[2020-08-08T11:14:00.946+0300][10.609s][info ][gc] GC(68) Pause Full (Ergonomics) 174M->40M(331M) 67.903ms
[2020-08-08T11:14:01.096+0300][10.758s][info ][gc] GC(69) Pause Young (Allocation Failure) 98M->97M(331M) 135.501ms
[2020-08-08T11:14:01.362+0300][11.024s][info ][gc] GC(70) Pause Young (Allocation Failure) 138M->137M(331M) 246.684ms
[2020-08-08T11:14:01.461+0300][11.123s][info ][gc] GC(71) Pause Young (Allocation Failure) 194M->194M(331M) 80.587ms
[2020-08-08T11:14:01.579+0300][11.242s][debug][gc] GC(72) Expanding ParOldGen from 222208K by 15360K to 237568K
[2020-08-08T11:14:01.579+0300][11.242s][info ][gc] GC(72) Pause Full (Ergonomics) 194M->60M(346M) 118.585ms
[2020-08-08T11:14:01.779+0300][11.441s][info ][gc] GC(73) Pause Young (Allocation Failure) 118M->118M(346M) 183.074ms
[2020-08-08T11:14:02.019+0300][11.682s][info ][gc] GC(74) Pause Young (Allocation Failure) 175M->175M(346M) 230.861ms
[2020-08-08T11:14:02.136+0300][11.798s][info ][gc] GC(75) Pause Young (Allocation Failure) 233M->233M(346M) 99.983ms
[2020-08-08T11:14:02.380+0300][12.043s][debug][gc] GC(76) Expanding ParOldGen from 237568K by 38400K to 275968K
[2020-08-08T11:14:02.380+0300][12.043s][info ][gc] GC(76) Pause Full (Ergonomics) 233M->98M(383M) 244.737ms
[2020-08-08T11:14:02.520+0300][12.182s][info ][gc] GC(77) Pause Young (Allocation Failure) 137M->136M(383M) 131.701ms
[2020-08-08T11:14:02.612+0300][12.274s][info ][gc] GC(78) Pause Young (Allocation Failure) 193M->193M(383M) 81.956ms
[2020-08-08T11:14:02.723+0300][12.385s][info ][gc] GC(79) Pause Young (Allocation Failure) 251M->251M(383M) 95.519ms
[2020-08-08T11:14:03.029+0300][12.692s][debug][gc] GC(80) Expanding ParOldGen from 275968K by 9728K to 285696K
[2020-08-08T11:14:03.029+0300][12.692s][info ][gc] GC(80) Pause Full (Ergonomics) 251M->117M(393M) 306.382ms
[2020-08-08T11:14:03.082+0300][12.744s][info ][gc] GC(81) Pause Young (Allocation Failure) 174M->174M(393M) 42.587ms
[2020-08-08T11:14:03.179+0300][12.842s][info ][gc] GC(82) Pause Young (Allocation Failure) 232M->232M(393M) 86.859ms
[2020-08-08T11:14:03.443+0300][13.105s][info ][gc] GC(83) Pause Young (Allocation Failure) 289M->289M(393M) 254.790ms
[2020-08-08T11:14:03.461+0300][13.123s][debug][gc] GC(84) Shrinking ParOldGen from 285696K by 95744K to 189952K
[2020-08-08T11:14:03.461+0300][13.123s][info ][gc] GC(84) Pause Full (Ergonomics) 289M->22M(299M) 17.803ms
[2020-08-08T11:14:03.666+0300][13.329s][info ][gc] GC(85) Pause Young (Allocation Failure) 79M->79M(299M) 193.594ms
[2020-08-08T11:14:04.017+0300][13.680s][info ][gc] GC(86) Pause Young (Allocation Failure) 137M->136M(299M) 327.220ms
[2020-08-08T11:14:04.187+0300][13.850s][info ][gc] GC(87) Pause Young (Allocation Failure) 193M->194M(299M) 161.679ms
[2020-08-08T11:14:04.305+0300][13.967s][debug][gc] GC(88) Expanding ParOldGen from 189952K by 41472K to 231424K
[2020-08-08T11:14:04.305+0300][13.968s][info ][gc] GC(88) Pause Full (Ergonomics) 194M->60M(340M) 117.597ms
[2020-08-08T11:14:04.478+0300][14.141s][info ][gc] GC(89) Pause Young (Allocation Failure) 117M->117M(340M) 163.482ms
[2020-08-08T11:14:04.684+0300][14.347s][info ][gc] GC(90) Pause Young (Allocation Failure) 175M->175M(340M) 197.198ms
[2020-08-08T11:14:04.802+0300][14.465s][info ][gc] GC(91) Pause Young (Allocation Failure) 232M->232M(340M) 100.719ms
[2020-08-08T11:14:05.041+0300][14.703s][debug][gc] GC(92) Expanding ParOldGen from 231424K by 38400K to 269824K
[2020-08-08T11:14:05.041+0300][14.703s][info ][gc] GC(92) Pause Full (Ergonomics) 232M->98M(377M) 238.562ms
[2020-08-08T11:14:05.132+0300][14.795s][info ][gc] GC(93) Pause Young (Allocation Failure) 156M->156M(377M) 79.745ms
[2020-08-08T11:14:05.226+0300][14.889s][info ][gc] GC(94) Pause Young (Allocation Failure) 213M->213M(377M) 81.972ms
[2020-08-08T11:14:05.405+0300][15.067s][debug][gc] GC(95) Shrinking ParOldGen from 269824K by 20480K to 249344K
[2020-08-08T11:14:05.405+0300][15.067s][info ][gc] GC(95) Pause Full (Ergonomics) 213M->79M(357M) 178.703ms
[2020-08-08T11:14:05.575+0300][15.238s][info ][gc] GC(96) Pause Young (Allocation Failure) 136M->136M(357M) 160.448ms
[2020-08-08T11:14:05.696+0300][15.359s][info ][gc] GC(97) Pause Young (Allocation Failure) 193M->193M(357M) 112.452ms
[2020-08-08T11:14:05.806+0300][15.469s][info ][gc] GC(98) Pause Young (Allocation Failure) 251M->251M(357M) 96.971ms
[2020-08-08T11:14:06.107+0300][15.769s][debug][gc] GC(99) Expanding ParOldGen from 249344K by 36864K to 286208K
[2020-08-08T11:14:06.107+0300][15.769s][info ][gc] GC(99) Pause Full (Ergonomics) 251M->117M(393M) 300.541ms
[2020-08-08T11:14:06.167+0300][15.829s][info ][gc] GC(100) Pause Young (Allocation Failure) 174M->174M(393M) 46.601ms
[2020-08-08T11:14:06.275+0300][15.937s][info ][gc] GC(101) Pause Young (Allocation Failure) 232M->232M(393M) 95.091ms
[2020-08-08T11:14:06.517+0300][16.180s][debug][gc] GC(102) Shrinking ParOldGen from 286208K by 17920K to 268288K
[2020-08-08T11:14:06.517+0300][16.180s][info ][gc] GC(102) Pause Full (Ergonomics) 232M->98M(376M) 242.396ms
[2020-08-08T11:14:06.648+0300][16.310s][info ][gc] GC(103) Pause Young (Allocation Failure) 156M->156M(376M) 121.494ms
[2020-08-08T11:14:06.752+0300][16.415s][info ][gc] GC(104) Pause Young (Allocation Failure) 213M->213M(376M) 88.931ms
[2020-08-08T11:14:06.937+0300][16.600s][debug][gc] GC(105) Shrinking ParOldGen from 268288K by 18432K to 249856K
[2020-08-08T11:14:06.937+0300][16.600s][info ][gc] GC(105) Pause Full (Ergonomics) 213M->79M(358M) 185.234ms
[2020-08-08T11:14:07.137+0300][16.800s][info ][gc] GC(106) Pause Young (Allocation Failure) 137M->136M(358M) 190.521ms
[2020-08-08T11:14:07.262+0300][16.924s][info ][gc] GC(107) Pause Young (Allocation Failure) 193M->193M(358M) 115.267ms
[2020-08-08T11:14:07.374+0300][17.036s][info ][gc] GC(108) Pause Young (Allocation Failure) 251M->251M(358M) 101.481ms
[2020-08-08T11:14:07.670+0300][17.333s][debug][gc] GC(109) Expanding ParOldGen from 249856K by 38400K to 288256K
[2020-08-08T11:14:07.670+0300][17.333s][info ][gc] GC(109) Pause Full (Ergonomics) 251M->117M(395M) 296.462ms
[2020-08-08T11:14:07.730+0300][17.393s][info ][gc] GC(110) Pause Young (Allocation Failure) 174M->174M(395M) 46.321ms
[2020-08-08T11:14:07.830+0300][17.493s][info ][gc] GC(111) Pause Young (Allocation Failure) 232M->232M(395M) 88.017ms
[2020-08-08T11:14:08.075+0300][17.738s][debug][gc] GC(112) Shrinking ParOldGen from 288256K by 18432K to 269824K
[2020-08-08T11:14:08.075+0300][17.738s][info ][gc] GC(112) Pause Full (Ergonomics) 232M->98M(377M) 244.703ms
[2020-08-08T11:14:08.204+0300][17.867s][info ][gc] GC(113) Pause Young (Allocation Failure) 156M->156M(377M) 120.426ms
[2020-08-08T11:14:08.295+0300][17.957s][info ][gc] GC(114) Pause Young (Allocation Failure) 213M->213M(377M) 80.280ms
[2020-08-08T11:14:08.476+0300][18.139s][debug][gc] GC(115) Shrinking ParOldGen from 269824K by 18432K to 251392K
[2020-08-08T11:14:08.476+0300][18.139s][info ][gc] GC(115) Pause Full (Ergonomics) 213M->79M(359M) 181.454ms
[2020-08-08T11:14:08.666+0300][18.329s][info ][gc] GC(116) Pause Young (Allocation Failure) 136M->136M(359M) 178.419ms
[2020-08-08T11:14:08.805+0300][18.468s][info ][gc] GC(117) Pause Young (Allocation Failure) 193M->193M(359M) 124.398ms
[2020-08-08T11:14:08.907+0300][18.570s][info ][gc] GC(118) Pause Young (Allocation Failure) 251M->251M(359M) 92.123ms
[2020-08-08T11:14:09.219+0300][18.881s][debug][gc] GC(119) Expanding ParOldGen from 251392K by 38400K to 289792K
[2020-08-08T11:14:09.219+0300][18.882s][info ][gc] GC(119) Pause Full (Ergonomics) 251M->117M(397M) 311.838ms
[2020-08-08T11:14:09.274+0300][18.937s][info ][gc] GC(120) Pause Young (Allocation Failure) 174M->174M(397M) 46.873ms
[2020-08-08T11:14:09.369+0300][19.031s][info ][gc] GC(121) Pause Young (Allocation Failure) 232M->232M(397M) 84.705ms
[2020-08-08T11:14:09.617+0300][19.280s][debug][gc] GC(122) Shrinking ParOldGen from 289792K by 18944K to 270848K
[2020-08-08T11:14:09.617+0300][19.280s][info ][gc] GC(122) Pause Full (Ergonomics) 232M->98M(378M) 248.226ms
[2020-08-08T11:14:09.741+0300][19.403s][info ][gc] GC(123) Pause Young (Allocation Failure) 156M->156M(378M) 115.322ms
[2020-08-08T11:14:09.848+0300][19.511s][info ][gc] GC(124) Pause Young (Allocation Failure) 213M->213M(378M) 87.003ms
[2020-08-08T11:14:10.035+0300][19.697s][debug][gc] GC(125) Shrinking ParOldGen from 270848K by 18944K to 251904K
[2020-08-08T11:14:10.035+0300][19.697s][info ][gc] GC(125) Pause Full (Ergonomics) 213M->79M(360M) 186.832ms
[2020-08-08T11:14:10.234+0300][19.897s][info ][gc] GC(126) Pause Young (Allocation Failure) 137M->136M(360M) 189.801ms
[2020-08-08T11:14:10.363+0300][20.025s][info ][gc] GC(127) Pause Young (Allocation Failure) 193M->193M(360M) 120.968ms
[2020-08-08T11:14:10.464+0300][20.127s][info ][gc] GC(128) Pause Young (Allocation Failure) 251M->251M(360M) 91.767ms
[2020-08-08T11:14:10.776+0300][20.438s][debug][gc] GC(129) Expanding ParOldGen from 251904K by 38912K to 290816K
[2020-08-08T11:14:10.776+0300][20.438s][info ][gc] GC(129) Pause Full (Ergonomics) 251M->117M(398M) 311.486ms
[2020-08-08T11:14:10.836+0300][20.498s][info ][gc] GC(130) Pause Young (Allocation Failure) 174M->174M(398M) 47.266ms
[2020-08-08T11:14:10.932+0300][20.595s][info ][gc] GC(131) Pause Young (Allocation Failure) 232M->232M(398M) 86.803ms
[2020-08-08T11:14:11.176+0300][20.839s][debug][gc] GC(132) Shrinking ParOldGen from 290816K by 18944K to 271872K
[2020-08-08T11:14:11.176+0300][20.839s][info ][gc] GC(132) Pause Full (Ergonomics) 232M->98M(379M) 243.517ms
[2020-08-08T11:14:11.312+0300][20.974s][info ][gc] GC(133) Pause Young (Allocation Failure) 156M->156M(379M) 126.853ms
[2020-08-08T11:14:11.402+0300][21.064s][info ][gc] GC(134) Pause Young (Allocation Failure) 213M->213M(379M) 79.510ms
[2020-08-08T11:14:11.585+0300][21.248s][debug][gc] GC(135) Shrinking ParOldGen from 271872K by 18944K to 252928K
[2020-08-08T11:14:11.585+0300][21.248s][info ][gc] GC(135) Pause Full (Ergonomics) 213M->79M(361M) 183.506ms
[2020-08-08T11:14:11.784+0300][21.447s][info ][gc] GC(136) Pause Young (Allocation Failure) 136M->136M(361M) 189.129ms
[2020-08-08T11:14:11.929+0300][21.591s][info ][gc] GC(137) Pause Young (Allocation Failure) 193M->193M(361M) 131.351ms
[2020-08-08T11:14:12.032+0300][21.694s][info ][gc] GC(138) Pause Young (Allocation Failure) 251M->251M(361M) 93.085ms
[2020-08-08T11:14:12.333+0300][21.996s][debug][gc] GC(139) Expanding ParOldGen from 252928K by 38400K to 291328K
[2020-08-08T11:14:12.333+0300][21.996s][info ][gc] GC(139) Pause Full (Ergonomics) 251M->117M(398M) 301.568ms
[2020-08-08T11:14:12.388+0300][22.051s][info ][gc] GC(140) Pause Young (Allocation Failure) 174M->174M(398M) 46.109ms
[2020-08-08T11:14:12.484+0300][22.146s][info ][gc] GC(141) Pause Young (Allocation Failure) 232M->232M(398M) 85.552ms
[2020-08-08T11:14:12.737+0300][22.400s][debug][gc] GC(142) Shrinking ParOldGen from 291328K by 18944K to 272384K
[2020-08-08T11:14:12.737+0300][22.400s][info ][gc] GC(142) Pause Full (Ergonomics) 232M->98M(380M) 253.255ms
[2020-08-08T11:14:12.868+0300][22.530s][info ][gc] GC(143) Pause Young (Allocation Failure) 156M->156M(380M) 118.727ms
[2020-08-08T11:14:12.958+0300][22.621s][info ][gc] GC(144) Pause Young (Allocation Failure) 213M->213M(380M) 80.836ms
[2020-08-08T11:14:13.141+0300][22.803s][debug][gc] GC(145) Shrinking ParOldGen from 272384K by 19456K to 252928K
[2020-08-08T11:14:13.141+0300][22.803s][info ][gc] GC(145) Pause Full (Ergonomics) 213M->79M(361M) 182.486ms
[2020-08-08T11:14:13.343+0300][23.006s][info ][gc] GC(146) Pause Young (Allocation Failure) 137M->136M(361M) 192.541ms
[2020-08-08T11:14:13.471+0300][23.133s][info ][gc] GC(147) Pause Young (Allocation Failure) 193M->193M(361M) 113.449ms
[2020-08-08T11:14:13.580+0300][23.243s][info ][gc] GC(148) Pause Young (Allocation Failure) 251M->251M(361M) 99.382ms
[2020-08-08T11:14:13.872+0300][23.535s][debug][gc] GC(149) Expanding ParOldGen from 252928K by 38912K to 291840K
[2020-08-08T11:14:13.873+0300][23.535s][info ][gc] GC(149) Pause Full (Ergonomics) 251M->117M(399M) 292.400ms
[2020-08-08T11:14:13.934+0300][23.596s][info ][gc] GC(150) Pause Young (Allocation Failure) 174M->174M(399M) 45.626ms
[2020-08-08T11:14:14.044+0300][23.706s][info ][gc] GC(151) Pause Young (Allocation Failure) 232M->232M(399M) 94.821ms
[2020-08-08T11:14:14.284+0300][23.947s][debug][gc] GC(152) Shrinking ParOldGen from 291840K by 19456K to 272384K
[2020-08-08T11:14:14.284+0300][23.947s][info ][gc] GC(152) Pause Full (Ergonomics) 232M->98M(380M) 240.412ms
[2020-08-08T11:14:14.417+0300][24.080s][info ][gc] GC(153) Pause Young (Allocation Failure) 156M->156M(380M) 125.094ms
[2020-08-08T11:14:14.509+0300][24.172s][info ][gc] GC(154) Pause Young (Allocation Failure) 213M->213M(380M) 81.884ms
[2020-08-08T11:14:14.688+0300][24.350s][debug][gc] GC(155) Shrinking ParOldGen from 272384K by 18944K to 253440K
[2020-08-08T11:14:14.688+0300][24.351s][info ][gc] GC(155) Pause Full (Ergonomics) 213M->79M(361M) 178.850ms
[2020-08-08T11:14:14.886+0300][24.548s][info ][gc] GC(156) Pause Young (Allocation Failure) 136M->136M(361M) 186.881ms
[2020-08-08T11:14:15.022+0300][24.685s][info ][gc] GC(157) Pause Young (Allocation Failure) 193M->193M(361M) 121.448ms
[2020-08-08T11:14:15.125+0300][24.787s][info ][gc] GC(158) Pause Young (Allocation Failure) 251M->251M(361M) 93.240ms
[2020-08-08T11:14:15.424+0300][25.087s][debug][gc] GC(159) Expanding ParOldGen from 253440K by 38400K to 291840K
[2020-08-08T11:14:15.424+0300][25.087s][info ][gc] GC(159) Pause Full (Ergonomics) 251M->117M(399M) 299.487ms
[2020-08-08T11:14:15.477+0300][25.139s][info ][gc] GC(160) Pause Young (Allocation Failure) 174M->174M(399M) 43.659ms
[2020-08-08T11:14:15.576+0300][25.238s][info ][gc] GC(161) Pause Young (Allocation Failure) 232M->232M(399M) 88.633ms
[2020-08-08T11:14:15.817+0300][25.480s][debug][gc] GC(162) Shrinking ParOldGen from 291840K by 18944K to 272896K
[2020-08-08T11:14:15.817+0300][25.480s][info ][gc] GC(162) Pause Full (Ergonomics) 232M->98M(380M) 241.125ms
[2020-08-08T11:14:15.951+0300][25.613s][info ][gc] GC(163) Pause Young (Allocation Failure) 156M->155M(380M) 121.374ms
[2020-08-08T11:14:16.043+0300][25.706s][info ][gc] GC(164) Pause Young (Allocation Failure) 213M->213M(380M) 82.923ms
[2020-08-08T11:14:16.232+0300][25.894s][debug][gc] GC(165) Shrinking ParOldGen from 272896K by 19456K to 253440K
[2020-08-08T11:14:16.232+0300][25.894s][info ][gc] GC(165) Pause Full (Ergonomics) 213M->79M(361M) 188.519ms
[2020-08-08T11:14:16.405+0300][26.067s][info ][gc] GC(166) Pause Young (Allocation Failure) 137M->136M(361M) 162.503ms
[2020-08-08T11:14:16.532+0300][26.195s][info ][gc] GC(167) Pause Young (Allocation Failure) 193M->193M(361M) 117.924ms
[2020-08-08T11:14:16.638+0300][26.300s][info ][gc] GC(168) Pause Young (Allocation Failure) 251M->251M(361M) 94.974ms
[2020-08-08T11:14:16.937+0300][26.599s][debug][gc] GC(169) Expanding ParOldGen from 253440K by 38912K to 292352K
[2020-08-08T11:14:16.937+0300][26.599s][info ][gc] GC(169) Pause Full (Ergonomics) 251M->117M(399M) 298.794ms
[2020-08-08T11:14:16.995+0300][26.657s][info ][gc] GC(170) Pause Young (Allocation Failure) 174M->174M(399M) 44.895ms
[2020-08-08T11:14:17.094+0300][26.756s][info ][gc] GC(171) Pause Young (Allocation Failure) 232M->232M(399M) 86.492ms
[2020-08-08T11:14:17.334+0300][26.996s][debug][gc] GC(172) Shrinking ParOldGen from 292352K by 19456K to 272896K
[2020-08-08T11:14:17.334+0300][26.996s][info ][gc] GC(172) Pause Full (Ergonomics) 232M->98M(380M) 239.822ms
[2020-08-08T11:14:17.469+0300][27.132s][info ][gc] GC(173) Pause Young (Allocation Failure) 156M->156M(380M) 126.049ms
[2020-08-08T11:14:17.557+0300][27.220s][info ][gc] GC(174) Pause Young (Allocation Failure) 213M->213M(380M) 78.486ms
[2020-08-08T11:14:17.744+0300][27.406s][debug][gc] GC(175) Shrinking ParOldGen from 272896K by 18944K to 253952K
[2020-08-08T11:14:17.744+0300][27.406s][info ][gc] GC(175) Pause Full (Ergonomics) 213M->79M(362M) 186.651ms
[2020-08-08T11:14:17.943+0300][27.605s][info ][gc] GC(176) Pause Young (Allocation Failure) 136M->136M(362M) 188.054ms
[2020-08-08T11:14:18.078+0300][27.741s][info ][gc] GC(177) Pause Young (Allocation Failure) 193M->193M(362M) 120.775ms
[2020-08-08T11:14:18.182+0300][27.845s][info ][gc] GC(178) Pause Young (Allocation Failure) 251M->251M(362M) 94.350ms
[2020-08-08T11:14:18.480+0300][28.143s][debug][gc] GC(179) Expanding ParOldGen from 253952K by 37888K to 291840K
[2020-08-08T11:14:18.480+0300][28.143s][info ][gc] GC(179) Pause Full (Ergonomics) 251M->117M(399M) 297.699ms
[2020-08-08T11:14:18.530+0300][28.193s][info ][gc] GC(180) Pause Young (Allocation Failure) 174M->174M(399M) 40.776ms
[2020-08-08T11:14:18.628+0300][28.290s][info ][gc] GC(181) Pause Young (Allocation Failure) 232M->232M(399M) 85.438ms
[2020-08-08T11:14:18.870+0300][28.532s][debug][gc] GC(182) Shrinking ParOldGen from 291840K by 18944K to 272896K
[2020-08-08T11:14:18.870+0300][28.533s][info ][gc] GC(182) Pause Full (Ergonomics) 232M->98M(380M) 242.345ms
[2020-08-08T11:14:19.006+0300][28.668s][info ][gc] GC(183) Pause Young (Allocation Failure) 156M->156M(380M) 128.202ms
[2020-08-08T11:14:19.101+0300][28.764s][info ][gc] GC(184) Pause Young (Allocation Failure) 213M->213M(380M) 82.078ms
[2020-08-08T11:14:19.282+0300][28.945s][debug][gc] GC(185) Shrinking ParOldGen from 272896K by 19456K to 253440K
[2020-08-08T11:14:19.282+0300][28.945s][info ][gc] GC(185) Pause Full (Ergonomics) 213M->79M(361M) 180.950ms
[2020-08-08T11:14:19.476+0300][29.139s][info ][gc] GC(186) Pause Young (Allocation Failure) 137M->136M(361M) 184.027ms
[2020-08-08T11:14:19.619+0300][29.281s][info ][gc] GC(187) Pause Young (Allocation Failure) 193M->193M(361M) 130.814ms
[2020-08-08T11:14:19.728+0300][29.391s][info ][gc] GC(188) Pause Young (Allocation Failure) 251M->251M(361M) 97.484ms
[2020-08-08T11:14:20.032+0300][29.695s][debug][gc] GC(189) Expanding ParOldGen from 253440K by 38912K to 292352K
[2020-08-08T11:14:20.032+0300][29.695s][info ][gc] GC(189) Pause Full (Ergonomics) 251M->117M(399M) 304.240ms
[2020-08-08T11:14:20.090+0300][29.753s][info ][gc] GC(190) Pause Young (Allocation Failure) 174M->174M(399M) 41.467ms
[2020-08-08T11:14:20.196+0300][29.859s][info ][gc] GC(191) Pause Young (Allocation Failure) 232M->232M(399M) 89.151ms
[2020-08-08T11:14:20.443+0300][30.106s][debug][gc] GC(192) Shrinking ParOldGen from 292352K by 19456K to 272896K
[2020-08-08T11:14:20.443+0300][30.106s][info ][gc] GC(192) Pause Full (Ergonomics) 232M->98M(380M) 246.559ms
[2020-08-08T11:14:20.579+0300][30.241s][info ][gc] GC(193) Pause Young (Allocation Failure) 156M->156M(380M) 127.103ms
[2020-08-08T11:14:20.668+0300][30.330s][info ][gc] GC(194) Pause Young (Allocation Failure) 213M->213M(380M) 79.068ms
[2020-08-08T11:14:20.858+0300][30.521s][debug][gc] GC(195) Shrinking ParOldGen from 272896K by 18944K to 253952K
[2020-08-08T11:14:20.859+0300][30.521s][info ][gc] GC(195) Pause Full (Ergonomics) 213M->79M(362M) 190.788ms
[2020-08-08T11:14:21.058+0300][30.720s][info ][gc] GC(196) Pause Young (Allocation Failure) 136M->136M(362M) 188.844ms
[2020-08-08T11:14:21.216+0300][30.879s][info ][gc] GC(197) Pause Young (Allocation Failure) 193M->193M(362M) 144.228ms
[2020-08-08T11:14:21.319+0300][30.981s][info ][gc] GC(198) Pause Young (Allocation Failure) 251M->251M(362M) 92.261ms
[2020-08-08T11:14:21.623+0300][31.285s][debug][gc] GC(199) Expanding ParOldGen from 253952K by 38400K to 292352K
[2020-08-08T11:14:21.623+0300][31.285s][info ][gc] GC(199) Pause Full (Ergonomics) 251M->117M(399M) 303.784ms
[2020-08-08T11:14:21.675+0300][31.338s][info ][gc] GC(200) Pause Young (Allocation Failure) 174M->174M(399M) 44.316ms
[2020-08-08T11:14:21.773+0300][31.435s][info ][gc] GC(201) Pause Young (Allocation Failure) 232M->232M(399M) 86.639ms
[2020-08-08T11:14:22.016+0300][31.678s][debug][gc] GC(202) Shrinking ParOldGen from 292352K by 19456K to 272896K
[2020-08-08T11:14:22.016+0300][31.678s][info ][gc] GC(202) Pause Full (Ergonomics) 232M->98M(380M) 242.827ms
[2020-08-08T11:14:22.142+0300][31.805s][info ][gc] GC(203) Pause Young (Allocation Failure) 156M->156M(380M) 118.052ms
[2020-08-08T11:14:22.249+0300][31.912s][info ][gc] GC(204) Pause Young (Allocation Failure) 213M->213M(380M) 91.514ms
[2020-08-08T11:14:22.433+0300][32.096s][debug][gc] GC(205) Shrinking ParOldGen from 272896K by 19456K to 253440K
[2020-08-08T11:14:22.433+0300][32.096s][info ][gc] GC(205) Pause Full (Ergonomics) 213M->79M(361M) 183.884ms
[2020-08-08T11:14:22.628+0300][32.290s][info ][gc] GC(206) Pause Young (Allocation Failure) 137M->136M(361M) 181.696ms
[2020-08-08T11:14:22.775+0300][32.437s][info ][gc] GC(207) Pause Young (Allocation Failure) 193M->193M(361M) 135.744ms
[2020-08-08T11:14:22.882+0300][32.544s][info ][gc] GC(208) Pause Young (Allocation Failure) 251M->251M(361M) 96.439ms
[2020-08-08T11:14:23.180+0300][32.843s][debug][gc] GC(209) Expanding ParOldGen from 253440K by 38912K to 292352K
[2020-08-08T11:14:23.180+0300][32.843s][info ][gc] GC(209) Pause Full (Ergonomics) 251M->117M(399M) 298.272ms
[2020-08-08T11:14:23.242+0300][32.904s][info ][gc] GC(210) Pause Young (Allocation Failure) 174M->174M(399M) 46.945ms
[2020-08-08T11:14:23.359+0300][33.022s][info ][gc] GC(211) Pause Young (Allocation Failure) 232M->232M(399M) 98.314ms
[2020-08-08T11:14:23.597+0300][33.259s][debug][gc] GC(212) Shrinking ParOldGen from 292352K by 19456K to 272896K
[2020-08-08T11:14:23.597+0300][33.259s][info ][gc] GC(212) Pause Full (Ergonomics) 232M->98M(380M) 237.541ms
[2020-08-08T11:14:23.723+0300][33.385s][info ][gc] GC(213) Pause Young (Allocation Failure) 156M->156M(380M) 116.199ms
[2020-08-08T11:14:23.812+0300][33.475s][info ][gc] GC(214) Pause Young (Allocation Failure) 213M->213M(380M) 80.031ms
[2020-08-08T11:14:23.994+0300][33.657s][debug][gc] GC(215) Shrinking ParOldGen from 272896K by 18944K to 253952K
[2020-08-08T11:14:23.994+0300][33.657s][info ][gc] GC(215) Pause Full (Ergonomics) 213M->79M(362M) 181.740ms
[2020-08-08T11:14:24.191+0300][33.854s][info ][gc] GC(216) Pause Young (Allocation Failure) 136M->136M(362M) 187.083ms
[2020-08-08T11:14:24.329+0300][33.992s][info ][gc] GC(217) Pause Young (Allocation Failure) 193M->193M(362M) 126.048ms
[2020-08-08T11:14:24.433+0300][34.095s][info ][gc] GC(218) Pause Young (Allocation Failure) 251M->251M(362M) 93.707ms
[2020-08-08T11:14:24.732+0300][34.394s][debug][gc] GC(219) Expanding ParOldGen from 253952K by 38400K to 292352K
[2020-08-08T11:14:24.732+0300][34.394s][info ][gc] GC(219) Pause Full (Ergonomics) 251M->117M(399M) 298.956ms
[2020-08-08T11:14:24.784+0300][34.446s][info ][gc] GC(220) Pause Young (Allocation Failure) 174M->174M(399M) 42.720ms
[2020-08-08T11:14:24.887+0300][34.549s][info ][gc] GC(221) Pause Young (Allocation Failure) 232M->232M(399M) 92.907ms
[2020-08-08T11:14:25.128+0300][34.790s][debug][gc] GC(222) Shrinking ParOldGen from 292352K by 19456K to 272896K
[2020-08-08T11:14:25.128+0300][34.790s][info ][gc] GC(222) Pause Full (Ergonomics) 232M->98M(380M) 240.584ms
[2020-08-08T11:14:25.254+0300][34.917s][info ][gc] GC(223) Pause Young (Allocation Failure) 156M->156M(380M) 118.771ms
[2020-08-08T11:14:25.354+0300][35.017s][info ][gc] GC(224) Pause Young (Allocation Failure) 213M->213M(380M) 86.380ms
[2020-08-08T11:14:25.530+0300][35.193s][debug][gc] GC(225) Shrinking ParOldGen from 272896K by 19456K to 253440K
[2020-08-08T11:14:25.530+0300][35.193s][info ][gc] GC(225) Pause Full (Ergonomics) 213M->79M(361M) 175.604ms
[2020-08-08T11:14:25.715+0300][35.378s][info ][gc] GC(226) Pause Young (Allocation Failure) 137M->136M(361M) 172.625ms
[2020-08-08T11:14:25.852+0300][35.514s][info ][gc] GC(227) Pause Young (Allocation Failure) 193M->193M(361M) 125.417ms
[2020-08-08T11:14:25.962+0300][35.624s][info ][gc] GC(228) Pause Young (Allocation Failure) 251M->251M(361M) 96.757ms
[2020-08-08T11:14:26.262+0300][35.924s][debug][gc] GC(229) Expanding ParOldGen from 253440K by 38912K to 292352K
[2020-08-08T11:14:26.262+0300][35.924s][info ][gc] GC(229) Pause Full (Ergonomics) 251M->117M(399M) 299.893ms
[2020-08-08T11:14:26.317+0300][35.979s][info ][gc] GC(230) Pause Young (Allocation Failure) 174M->174M(399M) 43.286ms
[2020-08-08T11:14:26.416+0300][36.079s][info ][gc] GC(231) Pause Young (Allocation Failure) 232M->232M(399M) 88.947ms
[2020-08-08T11:14:26.657+0300][36.320s][debug][gc] GC(232) Shrinking ParOldGen from 292352K by 19456K to 272896K
[2020-08-08T11:14:26.657+0300][36.320s][info ][gc] GC(232) Pause Full (Ergonomics) 232M->98M(380M) 241.104ms
[2020-08-08T11:14:26.793+0300][36.455s][info ][gc] GC(233) Pause Young (Allocation Failure) 156M->156M(380M) 127.715ms
[2020-08-08T11:14:26.885+0300][36.547s][info ][gc] GC(234) Pause Young (Allocation Failure) 213M->213M(380M) 81.295ms
[2020-08-08T11:14:27.069+0300][36.732s][debug][gc] GC(235) Shrinking ParOldGen from 272896K by 18944K to 253952K
[2020-08-08T11:14:27.069+0300][36.732s][info ][gc] GC(235) Pause Full (Ergonomics) 213M->79M(362M) 184.419ms
[2020-08-08T11:14:27.270+0300][36.932s][info ][gc] GC(236) Pause Young (Allocation Failure) 136M->136M(362M) 189.314ms
[2020-08-08T11:14:27.423+0300][37.086s][info ][gc] GC(237) Pause Young (Allocation Failure) 193M->193M(362M) 138.804ms
[2020-08-08T11:14:27.531+0300][37.193s][info ][gc] GC(238) Pause Young (Allocation Failure) 251M->251M(362M) 96.591ms
[2020-08-08T11:14:27.832+0300][37.494s][debug][gc] GC(239) Expanding ParOldGen from 253952K by 38400K to 292352K
[2020-08-08T11:14:27.832+0300][37.494s][info ][gc] GC(239) Pause Full (Ergonomics) 251M->117M(399M) 301.293ms
[2020-08-08T11:14:27.883+0300][37.546s][info ][gc] GC(240) Pause Young (Allocation Failure) 174M->174M(399M) 42.933ms
[2020-08-08T11:14:27.978+0300][37.640s][info ][gc] GC(241) Pause Young (Allocation Failure) 232M->232M(399M) 84.515ms
[2020-08-08T11:14:28.223+0300][37.885s][debug][gc] GC(242) Shrinking ParOldGen from 292352K by 19456K to 272896K
[2020-08-08T11:14:28.223+0300][37.885s][info ][gc] GC(242) Pause Full (Ergonomics) 232M->98M(380M) 244.715ms
[2020-08-08T11:14:28.347+0300][38.009s][info ][gc] GC(243) Pause Young (Allocation Failure) 156M->156M(380M) 113.960ms
[2020-08-08T11:14:28.437+0300][38.100s][info ][gc] GC(244) Pause Young (Allocation Failure) 213M->213M(380M) 79.742ms
[2020-08-08T11:14:28.620+0300][38.282s][debug][gc] GC(245) Shrinking ParOldGen from 272896K by 18944K to 253952K
[2020-08-08T11:14:28.620+0300][38.283s][info ][gc] GC(245) Pause Full (Ergonomics) 213M->79M(362M) 182.643ms
[2020-08-08T11:14:28.818+0300][38.481s][info ][gc] GC(246) Pause Young (Allocation Failure) 137M->136M(362M) 188.606ms
[2020-08-08T11:14:28.961+0300][38.623s][info ][gc] GC(247) Pause Young (Allocation Failure) 193M->193M(362M) 133.393ms
[2020-08-08T11:14:29.075+0300][38.737s][info ][gc] GC(248) Pause Young (Allocation Failure) 251M->251M(362M) 100.533ms
[2020-08-08T11:14:29.373+0300][39.035s][debug][gc] GC(249) Expanding ParOldGen from 253952K by 38400K to 292352K
[2020-08-08T11:14:29.373+0300][39.035s][info ][gc] GC(249) Pause Full (Ergonomics) 251M->117M(399M) 297.810ms
[2020-08-08T11:14:29.427+0300][39.090s][info ][gc] GC(250) Pause Young (Allocation Failure) 174M->174M(399M) 43.010ms
[2020-08-08T11:14:29.525+0300][39.187s][info ][gc] GC(251) Pause Young (Allocation Failure) 232M->232M(399M) 86.546ms
[2020-08-08T11:14:29.773+0300][39.436s][debug][gc] GC(252) Shrinking ParOldGen from 292352K by 19456K to 272896K
[2020-08-08T11:14:29.773+0300][39.436s][info ][gc] GC(252) Pause Full (Ergonomics) 232M->98M(380M) 248.292ms
[2020-08-08T11:14:29.907+0300][39.569s][info ][gc] GC(253) Pause Young (Allocation Failure) 156M->156M(380M) 123.352ms
[2020-08-08T11:14:30.012+0300][39.675s][info ][gc] GC(254) Pause Young (Allocation Failure) 213M->213M(380M) 88.230ms
[2020-08-08T11:14:30.197+0300][39.860s][debug][gc] GC(255) Shrinking ParOldGen from 272896K by 18944K to 253952K
[2020-08-08T11:14:30.198+0300][39.860s][info ][gc] GC(255) Pause Full (Ergonomics) 213M->79M(362M) 185.398ms
[2020-08-08T11:14:30.398+0300][40.061s][info ][gc] GC(256) Pause Young (Allocation Failure) 136M->136M(362M) 188.191ms
[2020-08-08T11:14:30.547+0300][40.210s][info ][gc] GC(257) Pause Young (Allocation Failure) 193M->193M(362M) 135.403ms
[2020-08-08T11:14:30.650+0300][40.312s][info ][gc] GC(258) Pause Young (Allocation Failure) 251M->251M(362M) 92.135ms
[2020-08-08T11:14:30.935+0300][40.597s][debug][gc] GC(259) Expanding ParOldGen from 253952K by 38400K to 292352K
[2020-08-08T11:14:30.935+0300][40.597s][info ][gc] GC(259) Pause Full (Ergonomics) 251M->117M(399M) 284.991ms
[2020-08-08T11:14:30.988+0300][40.651s][info ][gc] GC(260) Pause Young (Allocation Failure) 174M->174M(399M) 44.450ms
[2020-08-08T11:14:31.086+0300][40.748s][info ][gc] GC(261) Pause Young (Allocation Failure) 232M->232M(399M) 86.636ms
[2020-08-08T11:14:31.338+0300][41.000s][debug][gc] GC(262) Shrinking ParOldGen from 292352K by 19456K to 272896K
[2020-08-08T11:14:31.338+0300][41.000s][info ][gc] GC(262) Pause Full (Ergonomics) 232M->98M(380M) 252.161ms
[2020-08-08T11:14:31.465+0300][41.127s][info ][gc] GC(263) Pause Young (Allocation Failure) 156M->156M(380M) 118.649ms
[2020-08-08T11:14:31.559+0300][41.221s][info ][gc] GC(264) Pause Young (Allocation Failure) 213M->213M(380M) 81.278ms
[2020-08-08T11:14:31.737+0300][41.399s][debug][gc] GC(265) Shrinking ParOldGen from 272896K by 18944K to 253952K
[2020-08-08T11:14:31.737+0300][41.399s][info ][gc] GC(265) Pause Full (Ergonomics) 213M->79M(362M) 177.867ms
[2020-08-08T11:14:31.937+0300][41.600s][info ][gc] GC(266) Pause Young (Allocation Failure) 137M->136M(362M) 190.328ms
[2020-08-08T11:14:32.067+0300][41.730s][info ][gc] GC(267) Pause Young (Allocation Failure) 193M->193M(362M) 119.032ms
[2020-08-08T11:14:32.170+0300][41.832s][info ][gc] GC(268) Pause Young (Allocation Failure) 251M->251M(362M) 92.647ms
[2020-08-08T11:14:32.475+0300][42.138s][debug][gc] GC(269) Expanding ParOldGen from 253952K by 38400K to 292352K
[2020-08-08T11:14:32.475+0300][42.138s][info ][gc] GC(269) Pause Full (Ergonomics) 251M->117M(399M) 305.677ms
[2020-08-08T11:14:32.538+0300][42.200s][info ][gc] GC(270) Pause Young (Allocation Failure) 174M->174M(399M) 46.495ms
[2020-08-08T11:14:32.637+0300][42.299s][info ][gc] GC(271) Pause Young (Allocation Failure) 232M->232M(399M) 87.569ms
[2020-08-08T11:14:32.880+0300][42.543s][debug][gc] GC(272) Shrinking ParOldGen from 292352K by 19456K to 272896K
[2020-08-08T11:14:32.880+0300][42.543s][info ][gc] GC(272) Pause Full (Ergonomics) 232M->98M(380M) 243.417ms
[2020-08-08T11:14:33.017+0300][42.680s][info ][gc] GC(273) Pause Young (Allocation Failure) 156M->156M(380M) 128.168ms
[2020-08-08T11:14:33.109+0300][42.772s][info ][gc] GC(274) Pause Young (Allocation Failure) 213M->213M(380M) 81.948ms
[2020-08-08T11:14:33.296+0300][42.959s][debug][gc] GC(275) Shrinking ParOldGen from 272896K by 18944K to 253952K
[2020-08-08T11:14:33.296+0300][42.959s][info ][gc] GC(275) Pause Full (Ergonomics) 213M->79M(362M) 186.679ms
[2020-08-08T11:14:33.497+0300][43.160s][info ][gc] GC(276) Pause Young (Allocation Failure) 136M->136M(362M) 191.377ms
[2020-08-08T11:14:33.651+0300][43.314s][info ][gc] GC(277) Pause Young (Allocation Failure) 193M->193M(362M) 139.031ms
[2020-08-08T11:14:33.755+0300][43.417s][info ][gc] GC(278) Pause Young (Allocation Failure) 251M->251M(362M) 93.750ms
[2020-08-08T11:14:34.063+0300][43.726s][debug][gc] GC(279) Expanding ParOldGen from 253952K by 38400K to 292352K
[2020-08-08T11:14:34.391+0300][44.054s][info ][gc] GC(279) Pause Full (Ergonomics) 251M->117M(399M) 636.635ms
[2020-08-08T11:14:34.439+0300][44.103s][info ][gc] GC(280) Pause Young (Allocation Failure) 174M->174M(399M) 41.308ms
[2020-08-08T11:14:34.536+0300][44.200s][info ][gc] GC(281) Pause Young (Allocation Failure) 232M->232M(399M) 86.005ms
[2020-08-08T11:14:34.785+0300][44.448s][debug][gc] GC(282) Shrinking ParOldGen from 292352K by 19456K to 272896K
[2020-08-08T11:14:34.785+0300][44.448s][info ][gc] GC(282) Pause Full (Ergonomics) 232M->98M(380M) 248.623ms
[2020-08-08T11:14:34.921+0300][44.584s][info ][gc] GC(283) Pause Young (Allocation Failure) 156M->156M(380M) 124.509ms
[2020-08-08T11:14:35.012+0300][44.675s][info ][gc] GC(284) Pause Young (Allocation Failure) 213M->213M(380M) 79.817ms
[2020-08-08T11:14:35.194+0300][44.857s][debug][gc] GC(285) Shrinking ParOldGen from 272896K by 18944K to 253952K
[2020-08-08T11:14:35.195+0300][44.857s][info ][gc] GC(285) Pause Full (Ergonomics) 213M->79M(362M) 181.988ms
[2020-08-08T11:14:35.395+0300][45.057s][info ][gc] GC(286) Pause Young (Allocation Failure) 137M->136M(362M) 189.381ms
[2020-08-08T11:14:35.545+0300][45.207s][info ][gc] GC(287) Pause Young (Allocation Failure) 193M->193M(362M) 138.808ms
[2020-08-08T11:14:35.649+0300][45.311s][info ][gc] GC(288) Pause Young (Allocation Failure) 251M->251M(362M) 93.493ms
[2020-08-08T11:14:35.946+0300][45.609s][debug][gc] GC(289) Expanding ParOldGen from 253952K by 38400K to 292352K
[2020-08-08T11:14:35.946+0300][45.609s][info ][gc] GC(289) Pause Full (Ergonomics) 251M->117M(399M) 297.289ms
[2020-08-08T11:14:35.998+0300][45.661s][info ][gc] GC(290) Pause Young (Allocation Failure) 174M->174M(399M) 40.979ms
[2020-08-08T11:14:36.093+0300][45.756s][info ][gc] GC(291) Pause Young (Allocation Failure) 232M->232M(399M) 84.683ms
[2020-08-08T11:14:36.337+0300][46.000s][debug][gc] GC(292) Shrinking ParOldGen from 292352K by 19456K to 272896K
[2020-08-08T11:14:36.337+0300][46.000s][info ][gc] GC(292) Pause Full (Ergonomics) 232M->98M(380M) 244.258ms
[2020-08-08T11:14:36.466+0300][46.129s][info ][gc] GC(293) Pause Young (Allocation Failure) 156M->156M(380M) 119.294ms
[2020-08-08T11:14:36.557+0300][46.220s][info ][gc] GC(294) Pause Young (Allocation Failure) 213M->213M(380M) 81.039ms
[2020-08-08T11:14:36.742+0300][46.405s][debug][gc] GC(295) Shrinking ParOldGen from 272896K by 18944K to 253952K
[2020-08-08T11:14:36.742+0300][46.405s][info ][gc] GC(295) Pause Full (Ergonomics) 213M->79M(362M) 184.873ms
[2020-08-08T11:14:36.950+0300][46.613s][info ][gc] GC(296) Pause Young (Allocation Failure) 136M->136M(362M) 195.403ms
[2020-08-08T11:14:37.104+0300][46.767s][info ][gc] GC(297) Pause Young (Allocation Failure) 193M->193M(362M) 142.705ms
[2020-08-08T11:14:37.209+0300][46.872s][info ][gc] GC(298) Pause Young (Allocation Failure) 251M->251M(362M) 94.035ms
[2020-08-08T11:14:37.518+0300][47.181s][debug][gc] GC(299) Expanding ParOldGen from 253952K by 38400K to 292352K
[2020-08-08T11:14:37.518+0300][47.181s][info ][gc] GC(299) Pause Full (Ergonomics) 251M->117M(399M) 309.067ms
[2020-08-08T11:14:37.573+0300][47.236s][info ][gc] GC(300) Pause Young (Allocation Failure) 174M->174M(399M) 45.749ms
[2020-08-08T11:14:37.672+0300][47.335s][info ][gc] GC(301) Pause Young (Allocation Failure) 232M->232M(399M) 89.353ms
[2020-08-08T11:14:37.908+0300][47.570s][debug][gc] GC(302) Shrinking ParOldGen from 292352K by 19456K to 272896K
[2020-08-08T11:14:37.908+0300][47.570s][info ][gc] GC(302) Pause Full (Ergonomics) 232M->98M(380M) 235.623ms
[2020-08-08T11:14:38.026+0300][47.689s][info ][gc] GC(303) Pause Young (Allocation Failure) 156M->156M(380M) 110.138ms
[2020-08-08T11:14:38.125+0300][47.788s][info ][gc] GC(304) Pause Young (Allocation Failure) 213M->213M(380M) 82.663ms
[2020-08-08T11:14:38.311+0300][47.973s][debug][gc] GC(305) Shrinking ParOldGen from 272896K by 19456K to 253440K
[2020-08-08T11:14:38.311+0300][47.973s][info ][gc] GC(305) Pause Full (Ergonomics) 213M->79M(361M) 185.564ms
[2020-08-08T11:14:38.510+0300][48.173s][info ][gc] GC(306) Pause Young (Allocation Failure) 137M->136M(361M) 187.924ms
[2020-08-08T11:14:38.637+0300][48.300s][info ][gc] GC(307) Pause Young (Allocation Failure) 193M->193M(361M) 118.674ms
[2020-08-08T11:14:38.739+0300][48.402s][info ][gc] GC(308) Pause Young (Allocation Failure) 251M->251M(361M) 92.245ms
[2020-08-08T11:14:39.043+0300][48.706s][debug][gc] GC(309) Expanding ParOldGen from 253440K by 38912K to 292352K
[2020-08-08T11:14:39.043+0300][48.706s][info ][gc] GC(309) Pause Full (Ergonomics) 251M->117M(399M) 304.017ms
[2020-08-08T11:14:39.106+0300][48.769s][info ][gc] GC(310) Pause Young (Allocation Failure) 174M->174M(399M) 46.886ms
[2020-08-08T11:14:39.218+0300][48.880s][info ][gc] GC(311) Pause Young (Allocation Failure) 232M->232M(399M) 97.320ms
[2020-08-08T11:14:39.457+0300][49.119s][debug][gc] GC(312) Shrinking ParOldGen from 292352K by 19456K to 272896K
[2020-08-08T11:14:39.457+0300][49.120s][info ][gc] GC(312) Pause Full (Ergonomics) 232M->98M(380M) 239.197ms
[2020-08-08T11:14:39.573+0300][49.235s][info ][gc] GC(313) Pause Young (Allocation Failure) 156M->156M(380M) 106.889ms
[2020-08-08T11:14:39.665+0300][49.328s][info ][gc] GC(314) Pause Young (Allocation Failure) 213M->213M(380M) 81.571ms
[2020-08-08T11:14:39.844+0300][49.506s][debug][gc] GC(315) Shrinking ParOldGen from 272896K by 18944K to 253952K
[2020-08-08T11:14:39.844+0300][49.506s][info ][gc] GC(315) Pause Full (Ergonomics) 213M->79M(362M) 178.516ms
[2020-08-08T11:14:40.043+0300][49.706s][info ][gc] GC(316) Pause Young (Allocation Failure) 136M->136M(362M) 189.275ms
[2020-08-08T11:14:40.166+0300][49.828s][info ][gc] GC(317) Pause Young (Allocation Failure) 193M->193M(362M) 108.620ms
[2020-08-08T11:14:40.269+0300][49.932s][info ][gc] GC(318) Pause Young (Allocation Failure) 251M->251M(362M) 93.627ms
[2020-08-08T11:14:40.559+0300][50.222s][debug][gc] GC(319) Expanding ParOldGen from 253952K by 38400K to 292352K
[2020-08-08T11:14:40.559+0300][50.222s][info ][gc] GC(319) Pause Full (Ergonomics) 251M->117M(399M) 289.540ms
[2020-08-08T11:14:40.618+0300][50.281s][info ][gc] GC(320) Pause Young (Allocation Failure) 174M->174M(399M) 47.176ms
[2020-08-08T11:14:40.716+0300][50.378s][info ][gc] GC(321) Pause Young (Allocation Failure) 232M->232M(399M) 85.666ms
[2020-08-08T11:14:40.953+0300][50.616s][debug][gc] GC(322) Shrinking ParOldGen from 292352K by 19456K to 272896K
[2020-08-08T11:14:40.953+0300][50.616s][info ][gc] GC(322) Pause Full (Ergonomics) 232M->98M(380M) 237.342ms
[2020-08-08T11:14:41.087+0300][50.750s][info ][gc] GC(323) Pause Young (Allocation Failure) 156M->156M(380M) 126.245ms
[2020-08-08T11:14:41.180+0300][50.843s][info ][gc] GC(324) Pause Young (Allocation Failure) 213M->213M(380M) 79.206ms
[2020-08-08T11:14:41.363+0300][51.026s][debug][gc] GC(325) Shrinking ParOldGen from 272896K by 19456K to 253440K
[2020-08-08T11:14:41.363+0300][51.026s][info ][gc] GC(325) Pause Full (Ergonomics) 213M->79M(361M) 182.444ms
[2020-08-08T11:14:41.541+0300][51.204s][info ][gc] GC(326) Pause Young (Allocation Failure) 137M->136M(361M) 168.171ms
[2020-08-08T11:14:41.680+0300][51.343s][info ][gc] GC(327) Pause Young (Allocation Failure) 193M->193M(361M) 129.028ms
[2020-08-08T11:14:41.787+0300][51.450s][info ][gc] GC(328) Pause Young (Allocation Failure) 251M->251M(361M) 94.563ms
[2020-08-08T11:14:42.086+0300][51.749s][debug][gc] GC(329) Expanding ParOldGen from 253440K by 38912K to 292352K
[2020-08-08T11:14:42.086+0300][51.749s][info ][gc] GC(329) Pause Full (Ergonomics) 251M->117M(399M) 298.686ms
[2020-08-08T11:14:42.139+0300][51.802s][info ][gc] GC(330) Pause Young (Allocation Failure) 174M->174M(399M) 39.295ms
[2020-08-08T11:14:42.242+0300][51.905s][info ][gc] GC(331) Pause Young (Allocation Failure) 232M->232M(399M) 90.978ms
[2020-08-08T11:14:42.487+0300][52.149s][debug][gc] GC(332) Shrinking ParOldGen from 292352K by 19456K to 272896K
[2020-08-08T11:14:42.487+0300][52.149s][info ][gc] GC(332) Pause Full (Ergonomics) 232M->98M(380M) 244.574ms
[2020-08-08T11:14:42.611+0300][52.273s][info ][gc] GC(333) Pause Young (Allocation Failure) 156M->156M(380M) 115.766ms
[2020-08-08T11:14:42.706+0300][52.368s][info ][gc] GC(334) Pause Young (Allocation Failure) 213M->213M(380M) 81.809ms
[2020-08-08T11:14:42.894+0300][52.556s][debug][gc] GC(335) Shrinking ParOldGen from 272896K by 18944K to 253952K
[2020-08-08T11:14:42.894+0300][52.556s][info ][gc] GC(335) Pause Full (Ergonomics) 213M->79M(362M) 188.077ms
[2020-08-08T11:14:43.093+0300][52.755s][info ][gc] GC(336) Pause Young (Allocation Failure) 136M->136M(362M) 187.446ms
[2020-08-08T11:14:43.236+0300][52.899s][info ][gc] GC(337) Pause Young (Allocation Failure) 193M->193M(362M) 129.696ms
[2020-08-08T11:14:43.341+0300][53.004s][info ][gc] GC(338) Pause Young (Allocation Failure) 251M->251M(362M) 93.597ms
[2020-08-08T11:14:43.642+0300][53.304s][debug][gc] GC(339) Expanding ParOldGen from 253952K by 38400K to 292352K
[2020-08-08T11:14:43.642+0300][53.304s][info ][gc] GC(339) Pause Full (Ergonomics) 251M->117M(399M) 300.217ms
[2020-08-08T11:14:43.698+0300][53.361s][info ][gc] GC(340) Pause Young (Allocation Failure) 174M->174M(399M) 46.523ms
[2020-08-08T11:14:43.793+0300][53.456s][info ][gc] GC(341) Pause Young (Allocation Failure) 232M->232M(399M) 85.231ms
[2020-08-08T11:14:44.036+0300][53.698s][debug][gc] GC(342) Shrinking ParOldGen from 292352K by 19456K to 272896K
[2020-08-08T11:14:44.036+0300][53.698s][info ][gc] GC(342) Pause Full (Ergonomics) 232M->98M(380M) 242.341ms
[2020-08-08T11:14:44.172+0300][53.835s][info ][gc] GC(343) Pause Young (Allocation Failure) 156M->156M(380M) 127.827ms
[2020-08-08T11:14:44.268+0300][53.930s][info ][gc] GC(344) Pause Young (Allocation Failure) 213M->213M(380M) 81.488ms
[2020-08-08T11:14:44.452+0300][54.115s][debug][gc] GC(345) Shrinking ParOldGen from 272896K by 19456K to 253440K
[2020-08-08T11:14:44.453+0300][54.115s][info ][gc] GC(345) Pause Full (Ergonomics) 213M->79M(361M) 184.925ms
[2020-08-08T11:14:44.649+0300][54.312s][info ][gc] GC(346) Pause Young (Allocation Failure) 137M->136M(361M) 185.744ms
[2020-08-08T11:14:44.786+0300][54.448s][info ][gc] GC(347) Pause Young (Allocation Failure) 193M->193M(361M) 127.877ms
[2020-08-08T11:14:44.890+0300][54.552s][info ][gc] GC(348) Pause Young (Allocation Failure) 251M->251M(361M) 94.216ms
[2020-08-08T11:14:45.203+0300][54.866s][debug][gc] GC(349) Expanding ParOldGen from 253440K by 38912K to 292352K
[2020-08-08T11:14:45.203+0300][54.866s][info ][gc] GC(349) Pause Full (Ergonomics) 251M->117M(399M) 313.405ms
[2020-08-08T11:14:45.258+0300][54.920s][info ][gc] GC(350) Pause Young (Allocation Failure) 174M->174M(399M) 43.124ms
[2020-08-08T11:14:45.357+0300][55.020s][info ][gc] GC(351) Pause Young (Allocation Failure) 232M->232M(399M) 86.499ms
[2020-08-08T11:14:45.598+0300][55.261s][debug][gc] GC(352) Shrinking ParOldGen from 292352K by 19456K to 272896K
[2020-08-08T11:14:45.599+0300][55.261s][info ][gc] GC(352) Pause Full (Ergonomics) 232M->98M(380M) 241.199ms
[2020-08-08T11:14:45.733+0300][55.395s][info ][gc] GC(353) Pause Young (Allocation Failure) 156M->156M(380M) 122.161ms
[2020-08-08T11:14:45.838+0300][55.501s][info ][gc] GC(354) Pause Young (Allocation Failure) 213M->213M(380M) 93.597ms
[2020-08-08T11:14:46.024+0300][55.687s][debug][gc] GC(355) Shrinking ParOldGen from 272896K by 18944K to 253952K
[2020-08-08T11:14:46.024+0300][55.687s][info ][gc] GC(355) Pause Full (Ergonomics) 213M->79M(362M) 185.957ms
[2020-08-08T11:14:46.221+0300][55.883s][info ][gc] GC(356) Pause Young (Allocation Failure) 136M->136M(362M) 186.335ms
[2020-08-08T11:14:46.358+0300][56.021s][info ][gc] GC(357) Pause Young (Allocation Failure) 193M->193M(362M) 122.351ms
[2020-08-08T11:14:46.462+0300][56.124s][info ][gc] GC(358) Pause Young (Allocation Failure) 251M->251M(362M) 93.050ms
[2020-08-08T11:14:46.766+0300][56.428s][debug][gc] GC(359) Expanding ParOldGen from 253952K by 38400K to 292352K
[2020-08-08T11:14:46.766+0300][56.428s][info ][gc] GC(359) Pause Full (Ergonomics) 251M->117M(399M) 303.880ms
[2020-08-08T11:14:46.821+0300][56.483s][info ][gc] GC(360) Pause Young (Allocation Failure) 174M->174M(399M) 45.145ms
[2020-08-08T11:14:46.917+0300][56.579s][info ][gc] GC(361) Pause Young (Allocation Failure) 232M->232M(399M) 85.937ms
[2020-08-08T11:14:47.158+0300][56.820s][debug][gc] GC(362) Shrinking ParOldGen from 292352K by 19456K to 272896K
[2020-08-08T11:14:47.158+0300][56.820s][info ][gc] GC(362) Pause Full (Ergonomics) 232M->98M(380M) 241.074ms
[2020-08-08T11:14:47.293+0300][56.956s][info ][gc] GC(363) Pause Young (Allocation Failure) 156M->156M(380M) 128.076ms
[2020-08-08T11:14:47.396+0300][57.058s][info ][gc] GC(364) Pause Young (Allocation Failure) 213M->213M(380M) 88.849ms
[2020-08-08T11:14:47.577+0300][57.240s][debug][gc] GC(365) Shrinking ParOldGen from 272896K by 19456K to 253440K
[2020-08-08T11:14:47.577+0300][57.240s][info ][gc] GC(365) Pause Full (Ergonomics) 213M->79M(361M) 181.541ms
[2020-08-08T11:14:47.773+0300][57.435s][info ][gc] GC(366) Pause Young (Allocation Failure) 137M->136M(361M) 185.269ms
[2020-08-08T11:14:47.911+0300][57.573s][info ][gc] GC(367) Pause Young (Allocation Failure) 193M->193M(361M) 129.623ms
[2020-08-08T11:14:48.015+0300][57.678s][info ][gc] GC(368) Pause Young (Allocation Failure) 251M->251M(361M) 94.135ms
[2020-08-08T11:14:48.316+0300][57.978s][debug][gc] GC(369) Expanding ParOldGen from 253440K by 38912K to 292352K
[2020-08-08T11:14:48.316+0300][57.978s][info ][gc] GC(369) Pause Full (Ergonomics) 251M->117M(399M) 300.767ms
[2020-08-08T11:14:48.370+0300][58.032s][info ][gc] GC(370) Pause Young (Allocation Failure) 174M->174M(399M) 43.241ms
[2020-08-08T11:14:48.469+0300][58.131s][info ][gc] GC(371) Pause Young (Allocation Failure) 232M->232M(399M) 88.152ms
[2020-08-08T11:14:48.711+0300][58.374s][debug][gc] GC(372) Shrinking ParOldGen from 292352K by 19456K to 272896K
[2020-08-08T11:14:48.711+0300][58.374s][info ][gc] GC(372) Pause Full (Ergonomics) 232M->98M(380M) 242.348ms
[2020-08-08T11:14:48.846+0300][58.508s][info ][gc] GC(373) Pause Young (Allocation Failure) 156M->156M(380M) 125.557ms
[2020-08-08T11:14:48.937+0300][58.599s][info ][gc] GC(374) Pause Young (Allocation Failure) 213M->213M(380M) 80.730ms
[2020-08-08T11:14:49.131+0300][58.793s][debug][gc] GC(375) Shrinking ParOldGen from 272896K by 18944K to 253952K
[2020-08-08T11:14:49.131+0300][58.794s][info ][gc] GC(375) Pause Full (Ergonomics) 213M->79M(362M) 194.110ms
[2020-08-08T11:14:49.325+0300][58.988s][info ][gc] GC(376) Pause Young (Allocation Failure) 136M->136M(362M) 183.969ms
[2020-08-08T11:14:49.460+0300][59.123s][info ][gc] GC(377) Pause Young (Allocation Failure) 193M->193M(362M) 124.075ms
[2020-08-08T11:14:49.563+0300][59.226s][info ][gc] GC(378) Pause Young (Allocation Failure) 251M->251M(362M) 93.288ms
[2020-08-08T11:14:49.868+0300][59.531s][debug][gc] GC(379) Expanding ParOldGen from 253952K by 38400K to 292352K
[2020-08-08T11:14:49.868+0300][59.531s][info ][gc] GC(379) Pause Full (Ergonomics) 251M->117M(399M) 304.756ms
[2020-08-08T11:14:49.924+0300][59.587s][info ][gc] GC(380) Pause Young (Allocation Failure) 174M->174M(399M) 47.780ms
[2020-08-08T11:14:50.020+0300][59.682s][info ][gc] GC(381) Pause Young (Allocation Failure) 232M->232M(399M) 84.576ms
[2020-08-08T11:14:50.264+0300][59.926s][debug][gc] GC(382) Shrinking ParOldGen from 292352K by 19456K to 272896K
[2020-08-08T11:14:50.264+0300][59.926s][info ][gc] GC(382) Pause Full (Ergonomics) 232M->98M(380M) 243.860ms
[2020-08-08T11:14:50.398+0300][60.061s][info ][gc] GC(383) Pause Young (Allocation Failure) 156M->156M(380M) 125.718ms
[2020-08-08T11:14:50.493+0300][60.156s][info ][gc] GC(384) Pause Young (Allocation Failure) 213M->213M(380M) 81.298ms
[2020-08-08T11:14:50.677+0300][60.339s][debug][gc] GC(385) Shrinking ParOldGen from 272896K by 19456K to 253440K
[2020-08-08T11:14:50.677+0300][60.340s][info ][gc] GC(385) Pause Full (Ergonomics) 213M->79M(361M) 183.413ms
[2020-08-08T11:14:50.875+0300][60.538s][info ][gc] GC(386) Pause Young (Allocation Failure) 137M->136M(361M) 187.361ms
[2020-08-08T11:14:51.012+0300][60.675s][info ][gc] GC(387) Pause Young (Allocation Failure) 193M->193M(361M) 128.114ms
[2020-08-08T11:14:51.116+0300][60.779s][info ][gc] GC(388) Pause Young (Allocation Failure) 251M->251M(361M) 94.395ms
[2020-08-08T11:14:51.413+0300][61.076s][debug][gc] GC(389) Expanding ParOldGen from 253440K by 38912K to 292352K
[2020-08-08T11:14:51.413+0300][61.076s][info ][gc] GC(389) Pause Full (Ergonomics) 251M->117M(399M) 297.168ms
[2020-08-08T11:14:51.467+0300][61.130s][info ][gc] GC(390) Pause Young (Allocation Failure) 174M->174M(399M) 41.227ms
[2020-08-08T11:14:51.571+0300][61.233s][info ][gc] GC(391) Pause Young (Allocation Failure) 232M->232M(399M) 91.537ms
[2020-08-08T11:14:51.828+0300][61.490s][debug][gc] GC(392) Shrinking ParOldGen from 292352K by 19456K to 272896K
[2020-08-08T11:14:51.828+0300][61.490s][info ][gc] GC(392) Pause Full (Ergonomics) 232M->98M(380M) 256.947ms
[2020-08-08T11:14:51.960+0300][61.622s][info ][gc] GC(393) Pause Young (Allocation Failure) 156M->156M(380M) 122.281ms
[2020-08-08T11:14:52.050+0300][61.712s][info ][gc] GC(394) Pause Young (Allocation Failure) 213M->213M(380M) 79.339ms
[2020-08-08T11:14:52.236+0300][61.898s][debug][gc] GC(395) Shrinking ParOldGen from 272896K by 18944K to 253952K
[2020-08-08T11:14:52.236+0300][61.898s][info ][gc] GC(395) Pause Full (Ergonomics) 213M->79M(362M) 186.134ms
[2020-08-08T11:14:52.434+0300][62.096s][info ][gc] GC(396) Pause Young (Allocation Failure) 136M->136M(362M) 188.724ms
[2020-08-08T11:14:52.575+0300][62.238s][info ][gc] GC(397) Pause Young (Allocation Failure) 193M->193M(362M) 129.791ms
[2020-08-08T11:14:52.679+0300][62.341s][info ][gc] GC(398) Pause Young (Allocation Failure) 251M->251M(362M) 92.910ms
[2020-08-08T11:14:52.987+0300][62.650s][debug][gc] GC(399) Expanding ParOldGen from 253952K by 38400K to 292352K
[2020-08-08T11:14:52.987+0300][62.650s][info ][gc] GC(399) Pause Full (Ergonomics) 251M->117M(399M) 308.497ms
[2020-08-08T11:14:53.040+0300][62.702s][info ][gc] GC(400) Pause Young (Allocation Failure) 174M->174M(399M) 44.337ms
[2020-08-08T11:14:53.137+0300][62.799s][info ][gc] GC(401) Pause Young (Allocation Failure) 232M->232M(399M) 86.283ms
[2020-08-08T11:14:53.373+0300][63.036s][debug][gc] GC(402) Shrinking ParOldGen from 292352K by 19456K to 272896K
[2020-08-08T11:14:53.373+0300][63.036s][info ][gc] GC(402) Pause Full (Ergonomics) 232M->98M(380M) 236.796ms
[2020-08-08T11:14:53.507+0300][63.169s][info ][gc] GC(403) Pause Young (Allocation Failure) 156M->156M(380M) 125.573ms
[2020-08-08T11:14:53.598+0300][63.261s][info ][gc] GC(404) Pause Young (Allocation Failure) 213M->213M(380M) 79.073ms
[2020-08-08T11:14:53.782+0300][63.445s][debug][gc] GC(405) Shrinking ParOldGen from 272896K by 19456K to 253440K
[2020-08-08T11:14:53.782+0300][63.445s][info ][gc] GC(405) Pause Full (Ergonomics) 213M->79M(361M) 184.094ms
[2020-08-08T11:14:53.981+0300][63.644s][info ][gc] GC(406) Pause Young (Allocation Failure) 137M->136M(361M) 188.857ms
[2020-08-08T11:14:54.117+0300][63.780s][info ][gc] GC(407) Pause Young (Allocation Failure) 193M->193M(361M) 127.032ms
[2020-08-08T11:14:54.220+0300][63.882s][info ][gc] GC(408) Pause Young (Allocation Failure) 251M->251M(361M) 92.569ms
[2020-08-08T11:14:54.522+0300][64.185s][debug][gc] GC(409) Expanding ParOldGen from 253440K by 38912K to 292352K
[2020-08-08T11:14:54.522+0300][64.185s][info ][gc] GC(409) Pause Full (Ergonomics) 251M->117M(399M) 302.028ms
[2020-08-08T11:14:54.582+0300][64.245s][info ][gc] GC(410) Pause Young (Allocation Failure) 174M->174M(399M) 47.175ms
[2020-08-08T11:14:54.679+0300][64.342s][info ][gc] GC(411) Pause Young (Allocation Failure) 232M->232M(399M) 85.439ms
[2020-08-08T11:14:54.921+0300][64.584s][debug][gc] GC(412) Shrinking ParOldGen from 292352K by 19456K to 272896K
[2020-08-08T11:14:54.921+0300][64.584s][info ][gc] GC(412) Pause Full (Ergonomics) 232M->98M(380M) 241.769ms
[2020-08-08T11:14:55.055+0300][64.717s][info ][gc] GC(413) Pause Young (Allocation Failure) 156M->156M(380M) 124.039ms
[2020-08-08T11:14:55.148+0300][64.811s][info ][gc] GC(414) Pause Young (Allocation Failure) 213M->213M(380M) 83.852ms
[2020-08-08T11:14:55.331+0300][64.994s][debug][gc] GC(415) Shrinking ParOldGen from 272896K by 18944K to 253952K
[2020-08-08T11:14:55.331+0300][64.994s][info ][gc] GC(415) Pause Full (Ergonomics) 213M->79M(362M) 183.129ms
[2020-08-08T11:14:55.529+0300][65.191s][info ][gc] GC(416) Pause Young (Allocation Failure) 136M->136M(362M) 187.371ms
[2020-08-08T11:14:55.678+0300][65.341s][info ][gc] GC(417) Pause Young (Allocation Failure) 193M->193M(362M) 138.402ms
[2020-08-08T11:14:55.782+0300][65.445s][info ][gc] GC(418) Pause Young (Allocation Failure) 251M->251M(362M) 94.553ms
[2020-08-08T11:14:56.088+0300][65.751s][debug][gc] GC(419) Expanding ParOldGen from 253952K by 38400K to 292352K
[2020-08-08T11:14:56.088+0300][65.751s][info ][gc] GC(419) Pause Full (Ergonomics) 251M->117M(399M) 305.223ms
[2020-08-08T11:14:56.144+0300][65.807s][info ][gc] GC(420) Pause Young (Allocation Failure) 174M->174M(399M) 47.192ms
[2020-08-08T11:14:56.241+0300][65.904s][info ][gc] GC(421) Pause Young (Allocation Failure) 232M->232M(399M) 87.264ms
[2020-08-08T11:14:56.483+0300][66.146s][debug][gc] GC(422) Shrinking ParOldGen from 292352K by 19456K to 272896K
[2020-08-08T11:14:56.483+0300][66.146s][info ][gc] GC(422) Pause Full (Ergonomics) 232M->98M(380M) 241.643ms
[2020-08-08T11:14:56.607+0300][66.269s][info ][gc] GC(423) Pause Young (Allocation Failure) 156M->156M(380M) 115.844ms
[2020-08-08T11:14:56.703+0300][66.366s][info ][gc] GC(424) Pause Young (Allocation Failure) 213M->213M(380M) 80.073ms
[2020-08-08T11:14:56.887+0300][66.549s][debug][gc] GC(425) Shrinking ParOldGen from 272896K by 19456K to 253440K
[2020-08-08T11:14:56.887+0300][66.549s][info ][gc] GC(425) Pause Full (Ergonomics) 213M->79M(361M) 183.639ms
[2020-08-08T11:14:57.074+0300][66.737s][info ][gc] GC(426) Pause Young (Allocation Failure) 137M->136M(361M) 177.754ms
[2020-08-08T11:14:57.222+0300][66.885s][info ][gc] GC(427) Pause Young (Allocation Failure) 193M->193M(361M) 140.565ms
[2020-08-08T11:14:57.325+0300][66.988s][info ][gc] GC(428) Pause Young (Allocation Failure) 251M->251M(361M) 93.460ms
[2020-08-08T11:14:57.622+0300][67.284s][debug][gc] GC(429) Expanding ParOldGen from 253440K by 38912K to 292352K
[2020-08-08T11:14:57.622+0300][67.284s][info ][gc] GC(429) Pause Full (Ergonomics) 251M->117M(399M) 296.769ms
[2020-08-08T11:14:57.683+0300][67.346s][info ][gc] GC(430) Pause Young (Allocation Failure) 174M->174M(399M) 48.275ms
[2020-08-08T11:14:57.779+0300][67.441s][info ][gc] GC(431) Pause Young (Allocation Failure) 232M->232M(399M) 84.753ms
[2020-08-08T11:14:58.013+0300][67.675s][debug][gc] GC(432) Shrinking ParOldGen from 292352K by 19456K to 272896K
[2020-08-08T11:14:58.013+0300][67.675s][info ][gc] GC(432) Pause Full (Ergonomics) 232M->98M(380M) 234.033ms
[2020-08-08T11:14:58.149+0300][67.812s][info ][gc] GC(433) Pause Young (Allocation Failure) 156M->156M(380M) 127.938ms
[2020-08-08T11:14:58.239+0300][67.901s][info ][gc] GC(434) Pause Young (Allocation Failure) 213M->213M(380M) 80.739ms
[2020-08-08T11:14:58.427+0300][68.089s][debug][gc] GC(435) Shrinking ParOldGen from 272896K by 18944K to 253952K
[2020-08-08T11:14:58.427+0300][68.089s][info ][gc] GC(435) Pause Full (Ergonomics) 213M->79M(362M) 187.933ms
[2020-08-08T11:14:58.627+0300][68.289s][info ][gc] GC(436) Pause Young (Allocation Failure) 136M->136M(362M) 190.115ms
[2020-08-08T11:14:58.758+0300][68.421s][info ][gc] GC(437) Pause Young (Allocation Failure) 193M->193M(362M) 120.936ms
[2020-08-08T11:14:58.862+0300][68.525s][info ][gc] GC(438) Pause Young (Allocation Failure) 251M->251M(362M) 93.800ms
[2020-08-08T11:14:59.161+0300][68.824s][debug][gc] GC(439) Expanding ParOldGen from 253952K by 38400K to 292352K
[2020-08-08T11:14:59.161+0300][68.824s][info ][gc] GC(439) Pause Full (Ergonomics) 251M->117M(399M) 298.922ms
[2020-08-08T11:14:59.214+0300][68.877s][info ][gc] GC(440) Pause Young (Allocation Failure) 174M->174M(399M) 44.632ms
[2020-08-08T11:14:59.309+0300][68.972s][info ][gc] GC(441) Pause Young (Allocation Failure) 232M->232M(399M) 84.921ms
[2020-08-08T11:14:59.552+0300][69.215s][debug][gc] GC(442) Shrinking ParOldGen from 292352K by 19456K to 272896K
[2020-08-08T11:14:59.552+0300][69.215s][info ][gc] GC(442) Pause Full (Ergonomics) 232M->98M(380M) 242.841ms
[2020-08-08T11:14:59.685+0300][69.348s][info ][gc] GC(443) Pause Young (Allocation Failure) 156M->156M(380M) 124.823ms
[2020-08-08T11:14:59.780+0300][69.442s][info ][gc] GC(444) Pause Young (Allocation Failure) 213M->213M(380M) 82.229ms
[2020-08-08T11:14:59.964+0300][69.627s][debug][gc] GC(445) Shrinking ParOldGen from 272896K by 19456K to 253440K
[2020-08-08T11:14:59.964+0300][69.627s][info ][gc] GC(445) Pause Full (Ergonomics) 213M->79M(361M) 184.416ms
[2020-08-08T11:15:00.163+0300][69.826s][info ][gc] GC(446) Pause Young (Allocation Failure) 137M->136M(361M) 188.503ms
[2020-08-08T11:15:00.305+0300][69.967s][info ][gc] GC(447) Pause Young (Allocation Failure) 193M->193M(361M) 131.792ms
[2020-08-08T11:15:00.408+0300][70.071s][info ][gc] GC(448) Pause Young (Allocation Failure) 251M->251M(361M) 93.358ms
[2020-08-08T11:15:00.707+0300][70.370s][debug][gc] GC(449) Expanding ParOldGen from 253440K by 38912K to 292352K
[2020-08-08T11:15:00.707+0300][70.370s][info ][gc] GC(449) Pause Full (Ergonomics) 251M->117M(399M) 298.907ms
[2020-08-08T11:15:00.768+0300][70.430s][info ][gc] GC(450) Pause Young (Allocation Failure) 174M->174M(399M) 47.730ms
[2020-08-08T11:15:00.863+0300][70.526s][info ][gc] GC(451) Pause Young (Allocation Failure) 231M->231M(399M) 85.451ms
[2020-08-08T11:15:01.101+0300][70.764s][debug][gc] GC(452) Shrinking ParOldGen from 292352K by 19968K to 272384K
[2020-08-08T11:15:01.101+0300][70.764s][info ][gc] GC(452) Pause Full (Ergonomics) 231M->98M(380M) 237.989ms
[2020-08-08T11:15:01.241+0300][70.904s][info ][gc] GC(453) Pause Young (Allocation Failure) 136M->136M(380M) 132.912ms
[2020-08-08T11:15:01.327+0300][70.990s][info ][gc] GC(454) Pause Young (Allocation Failure) 193M->193M(380M) 78.884ms
[2020-08-08T11:15:01.432+0300][71.095s][info ][gc] GC(455) Pause Young (Allocation Failure) 251M->251M(380M) 94.883ms
[2020-08-08T11:15:01.729+0300][71.392s][debug][gc] GC(456) Expanding ParOldGen from 272384K by 13824K to 286208K
[2020-08-08T11:15:01.729+0300][71.392s][info ][gc] GC(456) Pause Full (Ergonomics) 251M->117M(393M) 296.984ms
[2020-08-08T11:15:01.783+0300][71.446s][info ][gc] GC(457) Pause Young (Allocation Failure) 174M->174M(393M) 41.890ms
[2020-08-08T11:15:01.877+0300][71.540s][info ][gc] GC(458) Pause Young (Allocation Failure) 232M->232M(393M) 84.816ms
[2020-08-08T11:15:02.121+0300][71.784s][debug][gc] GC(459) Shrinking ParOldGen from 286208K by 17920K to 268288K
[2020-08-08T11:15:02.122+0300][71.784s][info ][gc] GC(459) Pause Full (Ergonomics) 232M->98M(376M) 244.081ms
[2020-08-08T11:15:02.248+0300][71.910s][info ][gc] GC(460) Pause Young (Allocation Failure) 155M->155M(376M) 118.903ms
[2020-08-08T11:15:02.337+0300][72.000s][info ][gc] GC(461) Pause Young (Allocation Failure) 213M->213M(376M) 80.138ms
[2020-08-08T11:15:02.520+0300][72.183s][debug][gc] GC(462) Shrinking ParOldGen from 268288K by 18432K to 249856K
[2020-08-08T11:15:02.520+0300][72.183s][info ][gc] GC(462) Pause Full (Ergonomics) 213M->79M(358M) 182.611ms
[2020-08-08T11:15:02.720+0300][72.383s][info ][gc] GC(463) Pause Young (Allocation Failure) 137M->136M(358M) 190.437ms
[2020-08-08T11:15:02.864+0300][72.527s][info ][gc] GC(464) Pause Young (Allocation Failure) 193M->193M(358M) 130.382ms
[2020-08-08T11:15:02.965+0300][72.628s][info ][gc] GC(465) Pause Young (Allocation Failure) 250M->251M(358M) 91.875ms
[2020-08-08T11:15:03.253+0300][72.916s][debug][gc] GC(466) Expanding ParOldGen from 249856K by 39424K to 289280K
[2020-08-08T11:15:03.253+0300][72.916s][info ][gc] GC(466) Pause Full (Ergonomics) 251M->117M(396M) 287.731ms
[2020-08-08T11:15:03.307+0300][72.970s][info ][gc] GC(467) Pause Young (Allocation Failure) 174M->174M(396M) 46.174ms
[2020-08-08T11:15:03.401+0300][73.064s][info ][gc] GC(468) Pause Young (Allocation Failure) 232M->232M(396M) 83.988ms
[2020-08-08T11:15:03.643+0300][73.306s][debug][gc] GC(469) Shrinking ParOldGen from 289280K by 18432K to 270848K
[2020-08-08T11:15:03.643+0300][73.306s][info ][gc] GC(469) Pause Full (Ergonomics) 232M->98M(378M) 241.675ms
[2020-08-08T11:15:03.781+0300][73.444s][info ][gc] GC(470) Pause Young (Allocation Failure) 155M->156M(378M) 129.309ms
[2020-08-08T11:15:03.874+0300][73.536s][info ][gc] GC(471) Pause Young (Allocation Failure) 213M->213M(378M) 81.327ms
[2020-08-08T11:15:04.060+0300][73.722s][debug][gc] GC(472) Shrinking ParOldGen from 270848K by 19456K to 251392K
[2020-08-08T11:15:04.060+0300][73.722s][info ][gc] GC(472) Pause Full (Ergonomics) 213M->79M(359M) 186.156ms
[2020-08-08T11:15:04.264+0300][73.927s][info ][gc] GC(473) Pause Young (Allocation Failure) 136M->136M(359M) 193.886ms
[2020-08-08T11:15:04.397+0300][74.060s][info ][gc] GC(474) Pause Young (Allocation Failure) 193M->193M(359M) 123.935ms
[2020-08-08T11:15:04.518+0300][74.180s][debug][gc] GC(475) Shrinking ParOldGen from 251392K by 19456K to 231936K
[2020-08-08T11:15:04.518+0300][74.180s][info ][gc] GC(475) Pause Full (Ergonomics) 193M->59M(340M) 120.666ms
[2020-08-08T11:15:04.706+0300][74.368s][info ][gc] GC(476) Pause Young (Allocation Failure) 117M->117M(340M) 177.404ms
[2020-08-08T11:15:04.908+0300][74.571s][info ][gc] GC(477) Pause Young (Allocation Failure) 175M->175M(340M) 195.093ms
[2020-08-08T11:15:04.979+0300][74.641s][debug][gc] GC(478) Shrinking ParOldGen from 231936K by 18432K to 213504K
[2020-08-08T11:15:04.979+0300][74.641s][info ][gc] GC(478) Pause Full (Ergonomics) 175M->41M(322M) 70.580ms
[2020-08-08T11:15:05.179+0300][74.842s][info ][gc] GC(479) Pause Young (Allocation Failure) 98M->98M(322M) 186.550ms
[2020-08-08T11:15:05.492+0300][75.155s][info ][gc] GC(480) Pause Young (Allocation Failure) 156M->156M(322M) 304.281ms
[2020-08-08T11:15:05.506+0300][75.169s][debug][gc] GC(481) Shrinking ParOldGen from 213504K by 19456K to 194048K
[2020-08-08T11:15:05.506+0300][75.169s][info ][gc] GC(481) Pause Full (Ergonomics) 156M->22M(303M) 14.120ms
[2020-08-08T11:15:05.706+0300][75.368s][info ][gc] GC(482) Pause Young (Allocation Failure) 80M->80M(303M) 189.294ms
[2020-08-08T11:15:06.082+0300][75.744s][info ][gc] GC(483) Pause Young (Allocation Failure) 136M->136M(303M) 366.960ms
[2020-08-08T11:15:06.088+0300][75.750s][debug][gc] GC(484) Shrinking ParOldGen from 194048K by 20480K to 173568K
[2020-08-08T11:15:06.088+0300][75.750s][info ][gc] GC(484) Pause Full (Ergonomics) 136M->2M(283M) 5.956ms
[2020-08-08T11:15:06.135+0300][75.798s][info ][gc] GC(485) Pause Young (Allocation Failure) 60M->59M(283M) 35.996ms
[2020-08-08T11:15:06.244+0300][75.906s][info ][gc] GC(486) Pause Young (Allocation Failure) 117M->117M(283M) 96.166ms
[2020-08-08T11:15:06.548+0300][76.211s][debug][gc] GC(487) Expanding ParOldGen from 173568K by 117760K to 291328K
[2020-08-08T11:15:06.548+0300][76.211s][info ][gc] GC(487) Pause Full (Ergonomics) 117M->117M(398M) 304.761ms
[2020-08-08T11:15:06.603+0300][76.265s][info ][gc] GC(488) Pause Young (Allocation Failure) 174M->174M(398M) 44.604ms
[2020-08-08T11:15:06.702+0300][76.365s][info ][gc] GC(489) Pause Young (Allocation Failure) 232M->232M(398M) 87.438ms
[2020-08-08T11:15:06.943+0300][76.605s][debug][gc] GC(490) Shrinking ParOldGen from 291328K by 18944K to 272384K
[2020-08-08T11:15:06.943+0300][76.605s][info ][gc] GC(490) Pause Full (Ergonomics) 232M->98M(380M) 240.618ms
[2020-08-08T11:15:07.082+0300][76.745s][info ][gc] GC(491) Pause Young (Allocation Failure) 156M->156M(380M) 131.608ms
[2020-08-08T11:15:07.171+0300][76.834s][info ][gc] GC(492) Pause Young (Allocation Failure) 213M->213M(380M) 78.444ms
[2020-08-08T11:15:07.352+0300][77.014s][debug][gc] GC(493) Shrinking ParOldGen from 272384K by 19456K to 252928K
[2020-08-08T11:15:07.352+0300][77.015s][info ][gc] GC(493) Pause Full (Ergonomics) 213M->79M(361M) 180.744ms
[2020-08-08T11:15:07.545+0300][77.208s][info ][gc] GC(494) Pause Young (Allocation Failure) 137M->136M(361M) 183.424ms
[2020-08-08T11:15:07.689+0300][77.352s][info ][gc] GC(495) Pause Young (Allocation Failure) 193M->193M(361M) 135.986ms
[2020-08-08T11:15:07.816+0300][77.478s][debug][gc] GC(496) Shrinking ParOldGen from 252928K by 20480K to 232448K
[2020-08-08T11:15:07.816+0300][77.478s][info ][gc] GC(496) Pause Full (Ergonomics) 193M->59M(341M) 126.498ms
[2020-08-08T11:15:08.001+0300][77.663s][info ][gc] GC(497) Pause Young (Allocation Failure) 117M->117M(341M) 175.792ms
[2020-08-08T11:15:08.205+0300][77.868s][info ][gc] GC(498) Pause Young (Allocation Failure) 175M->175M(341M) 196.926ms
[2020-08-08T11:15:08.276+0300][77.939s][debug][gc] GC(499) Shrinking ParOldGen from 232448K by 18944K to 213504K
[2020-08-08T11:15:08.276+0300][77.939s][info ][gc] GC(499) Pause Full (Ergonomics) 175M->41M(322M) 70.942ms
[2020-08-08T11:15:08.477+0300][78.139s][info ][gc] GC(500) Pause Young (Allocation Failure) 98M->98M(322M) 188.416ms
[2020-08-08T11:15:08.788+0300][78.450s][info ][gc] GC(501) Pause Young (Allocation Failure) 156M->156M(322M) 301.239ms
[2020-08-08T11:15:08.803+0300][78.466s][debug][gc] GC(502) Shrinking ParOldGen from 213504K by 18944K to 194560K
[2020-08-08T11:15:08.803+0300][78.466s][info ][gc] GC(502) Pause Full (Ergonomics) 156M->22M(304M) 15.391ms
[2020-08-08T11:15:09.002+0300][78.665s][info ][gc] GC(503) Pause Young (Allocation Failure) 80M->80M(304M) 188.327ms
[2020-08-08T11:15:09.381+0300][79.043s][info ][gc] GC(504) Pause Young (Allocation Failure) 136M->136M(304M) 369.265ms
[2020-08-08T11:15:09.386+0300][79.048s][debug][gc] GC(505) Shrinking ParOldGen from 194560K by 20992K to 173568K
[2020-08-08T11:15:09.386+0300][79.048s][info ][gc] GC(505) Pause Full (Ergonomics) 136M->2M(283M) 5.121ms
[2020-08-08T11:15:09.431+0300][79.094s][info ][gc] GC(506) Pause Young (Allocation Failure) 60M->59M(283M) 35.257ms
[2020-08-08T11:15:09.541+0300][79.203s][info ][gc] GC(507) Pause Young (Allocation Failure) 117M->117M(283M) 95.535ms
[2020-08-08T11:15:09.837+0300][79.499s][debug][gc] GC(508) Expanding ParOldGen from 173568K by 117760K to 291328K
[2020-08-08T11:15:09.837+0300][79.499s][info ][gc] GC(508) Pause Full (Ergonomics) 117M->117M(398M) 295.847ms
[2020-08-08T11:15:09.887+0300][79.550s][info ][gc] GC(509) Pause Young (Allocation Failure) 174M->174M(398M) 42.183ms
[2020-08-08T11:15:09.986+0300][79.649s][info ][gc] GC(510) Pause Young (Allocation Failure) 232M->232M(398M) 89.303ms
[2020-08-08T11:15:10.229+0300][79.892s][debug][gc] GC(511) Shrinking ParOldGen from 291328K by 18944K to 272384K
[2020-08-08T11:15:10.229+0300][79.892s][info ][gc] GC(511) Pause Full (Ergonomics) 232M->98M(380M) 242.545ms
[2020-08-08T11:15:10.362+0300][80.025s][info ][gc] GC(512) Pause Young (Allocation Failure) 156M->156M(380M) 124.208ms
[2020-08-08T11:15:10.455+0300][80.117s][info ][gc] GC(513) Pause Young (Allocation Failure) 213M->213M(380M) 80.716ms
[2020-08-08T11:15:10.640+0300][80.303s][debug][gc] GC(514) Shrinking ParOldGen from 272384K by 18944K to 253440K
[2020-08-08T11:15:10.640+0300][80.303s][info ][gc] GC(514) Pause Full (Ergonomics) 213M->79M(361M) 185.606ms
[2020-08-08T11:15:10.840+0300][80.502s][info ][gc] GC(515) Pause Young (Allocation Failure) 137M->136M(361M) 189.088ms
[2020-08-08T11:15:10.976+0300][80.638s][info ][gc] GC(516) Pause Young (Allocation Failure) 193M->193M(361M) 126.519ms
[2020-08-08T11:15:11.100+0300][80.763s][debug][gc] GC(517) Shrinking ParOldGen from 253440K by 20480K to 232960K
[2020-08-08T11:15:11.101+0300][80.763s][info ][gc] GC(517) Pause Full (Ergonomics) 193M->59M(341M) 124.644ms
[2020-08-08T11:15:11.277+0300][80.940s][info ][gc] GC(518) Pause Young (Allocation Failure) 117M->117M(341M) 165.658ms
[2020-08-08T11:15:11.478+0300][81.140s][info ][gc] GC(519) Pause Young (Allocation Failure) 174M->175M(341M) 192.688ms
[2020-08-08T11:15:11.545+0300][81.208s][debug][gc] GC(520) Shrinking ParOldGen from 232960K by 18944K to 214016K
[2020-08-08T11:15:11.545+0300][81.208s][info ][gc] GC(520) Pause Full (Ergonomics) 175M->41M(323M) 67.409ms
[2020-08-08T11:15:11.757+0300][81.419s][info ][gc] GC(521) Pause Young (Allocation Failure) 98M->98M(323M) 197.995ms
[2020-08-08T11:15:12.068+0300][81.730s][info ][gc] GC(522) Pause Young (Allocation Failure) 156M->156M(323M) 303.100ms
[2020-08-08T11:15:12.082+0300][81.744s][debug][gc] GC(523) Shrinking ParOldGen from 214016K by 19456K to 194560K
[2020-08-08T11:15:12.082+0300][81.744s][info ][gc] GC(523) Pause Full (Ergonomics) 156M->22M(304M) 13.811ms
[2020-08-08T11:15:12.277+0300][81.940s][info ][gc] GC(524) Pause Young (Allocation Failure) 80M->80M(304M) 185.650ms
[2020-08-08T11:15:12.649+0300][82.311s][info ][gc] GC(525) Pause Young (Allocation Failure) 136M->136M(304M) 362.623ms
[2020-08-08T11:15:12.654+0300][82.317s][debug][gc] GC(526) Shrinking ParOldGen from 194560K by 20480K to 174080K
[2020-08-08T11:15:12.654+0300][82.317s][info ][gc] GC(526) Pause Full (Ergonomics) 136M->2M(284M) 5.414ms
[2020-08-08T11:15:12.703+0300][82.365s][info ][gc] GC(527) Pause Young (Allocation Failure) 60M->59M(284M) 35.588ms
[2020-08-08T11:15:12.804+0300][82.467s][info ][gc] GC(528) Pause Young (Allocation Failure) 117M->117M(284M) 92.630ms
[2020-08-08T11:15:13.109+0300][82.772s][debug][gc] GC(529) Expanding ParOldGen from 174080K by 117248K to 291328K
[2020-08-08T11:15:13.109+0300][82.772s][info ][gc] GC(529) Pause Full (Ergonomics) 117M->117M(398M) 304.713ms
[2020-08-08T11:15:13.159+0300][82.822s][info ][gc] GC(530) Pause Young (Allocation Failure) 174M->174M(398M) 41.017ms
[2020-08-08T11:15:13.256+0300][82.919s][info ][gc] GC(531) Pause Young (Allocation Failure) 232M->232M(398M) 86.738ms
[2020-08-08T11:15:13.498+0300][83.161s][debug][gc] GC(532) Shrinking ParOldGen from 291328K by 18944K to 272384K
[2020-08-08T11:15:13.498+0300][83.161s][info ][gc] GC(532) Pause Full (Ergonomics) 232M->98M(380M) 241.885ms
[2020-08-08T11:15:13.634+0300][83.297s][info ][gc] GC(533) Pause Young (Allocation Failure) 156M->156M(380M) 126.917ms
[2020-08-08T11:15:13.729+0300][83.392s][info ][gc] GC(534) Pause Young (Allocation Failure) 213M->213M(380M) 81.020ms
[2020-08-08T11:15:13.918+0300][83.581s][debug][gc] GC(535) Shrinking ParOldGen from 272384K by 18944K to 253440K
[2020-08-08T11:15:13.918+0300][83.581s][info ][gc] GC(535) Pause Full (Ergonomics) 213M->79M(361M) 188.692ms
[2020-08-08T11:15:14.101+0300][83.764s][info ][gc] GC(536) Pause Young (Allocation Failure) 137M->136M(361M) 172.034ms
[2020-08-08T11:15:14.260+0300][83.922s][info ][gc] GC(537) Pause Young (Allocation Failure) 193M->193M(361M) 150.113ms
[2020-08-08T11:15:14.387+0300][84.050s][debug][gc] GC(538) Shrinking ParOldGen from 253440K by 20480K to 232960K
[2020-08-08T11:15:14.387+0300][84.050s][info ][gc] GC(538) Pause Full (Ergonomics) 193M->59M(341M) 127.370ms
[2020-08-08T11:15:14.562+0300][84.224s][info ][gc] GC(539) Pause Young (Allocation Failure) 117M->117M(341M) 163.579ms
[2020-08-08T11:15:14.755+0300][84.418s][info ][gc] GC(540) Pause Young (Allocation Failure) 175M->175M(341M) 183.241ms
[2020-08-08T11:15:14.826+0300][84.488s][debug][gc] GC(541) Shrinking ParOldGen from 232960K by 18944K to 214016K
[2020-08-08T11:15:14.826+0300][84.488s][info ][gc] GC(541) Pause Full (Ergonomics) 175M->41M(323M) 70.322ms
[2020-08-08T11:15:15.025+0300][84.687s][info ][gc] GC(542) Pause Young (Allocation Failure) 98M->98M(323M) 187.531ms
[2020-08-08T11:15:15.311+0300][84.973s][info ][gc] GC(543) Pause Young (Allocation Failure) 156M->156M(323M) 277.654ms
[2020-08-08T11:15:15.325+0300][84.988s][debug][gc] GC(544) Shrinking ParOldGen from 214016K by 18944K to 195072K
[2020-08-08T11:15:15.326+0300][84.988s][info ][gc] GC(544) Pause Full (Ergonomics) 156M->22M(304M) 14.692ms
[2020-08-08T11:15:15.527+0300][85.190s][info ][gc] GC(545) Pause Young (Allocation Failure) 80M->80M(304M) 191.279ms
[2020-08-08T11:15:15.907+0300][85.570s][info ][gc] GC(546) Pause Young (Allocation Failure) 136M->136M(304M) 370.337ms
[2020-08-08T11:15:15.913+0300][85.575s][debug][gc] GC(547) Shrinking ParOldGen from 195072K by 20992K to 174080K
[2020-08-08T11:15:15.913+0300][85.575s][info ][gc] GC(547) Pause Full (Ergonomics) 136M->2M(284M) 5.671ms
[2020-08-08T11:15:15.958+0300][85.621s][info ][gc] GC(548) Pause Young (Allocation Failure) 60M->59M(284M) 33.382ms
[2020-08-08T11:15:16.062+0300][85.725s][info ][gc] GC(549) Pause Young (Allocation Failure) 117M->117M(284M) 94.608ms
[2020-08-08T11:15:16.361+0300][86.024s][debug][gc] GC(550) Expanding ParOldGen from 174080K by 117760K to 291840K
[2020-08-08T11:15:16.362+0300][86.024s][info ][gc] GC(550) Pause Full (Ergonomics) 117M->117M(399M) 298.922ms
[2020-08-08T11:15:16.415+0300][86.077s][info ][gc] GC(551) Pause Young (Allocation Failure) 174M->174M(399M) 44.434ms
[2020-08-08T11:15:16.515+0300][86.177s][info ][gc] GC(552) Pause Young (Allocation Failure) 232M->232M(399M) 90.077ms
[2020-08-08T11:15:16.764+0300][86.427s][debug][gc] GC(553) Shrinking ParOldGen from 291840K by 19456K to 272384K
[2020-08-08T11:15:16.764+0300][86.427s][info ][gc] GC(553) Pause Full (Ergonomics) 232M->98M(380M) 249.555ms
[2020-08-08T11:15:16.900+0300][86.563s][info ][gc] GC(554) Pause Young (Allocation Failure) 156M->156M(380M) 127.147ms
[2020-08-08T11:15:16.994+0300][86.656s][info ][gc] GC(555) Pause Young (Allocation Failure) 213M->213M(380M) 81.717ms
[2020-08-08T11:15:17.174+0300][86.837s][debug][gc] GC(556) Shrinking ParOldGen from 272384K by 18944K to 253440K
[2020-08-08T11:15:17.175+0300][86.837s][info ][gc] GC(556) Pause Full (Ergonomics) 213M->79M(361M) 180.802ms
[2020-08-08T11:15:17.374+0300][87.036s][info ][gc] GC(557) Pause Young (Allocation Failure) 137M->136M(361M) 189.445ms
[2020-08-08T11:15:17.519+0300][87.181s][info ][gc] GC(558) Pause Young (Allocation Failure) 193M->193M(361M) 136.585ms
[2020-08-08T11:15:17.645+0300][87.307s][debug][gc] GC(559) Shrinking ParOldGen from 253440K by 20480K to 232960K
[2020-08-08T11:15:17.645+0300][87.307s][info ][gc] GC(559) Pause Full (Ergonomics) 193M->59M(341M) 125.910ms
[2020-08-08T11:15:17.828+0300][87.491s][info ][gc] GC(560) Pause Young (Allocation Failure) 117M->117M(341M) 172.901ms
[2020-08-08T11:15:18.015+0300][87.678s][info ][gc] GC(561) Pause Young (Allocation Failure) 175M->175M(341M) 179.344ms
[2020-08-08T11:15:18.086+0300][87.749s][debug][gc] GC(562) Shrinking ParOldGen from 232960K by 18944K to 214016K
[2020-08-08T11:15:18.086+0300][87.749s][info ][gc] GC(562) Pause Full (Ergonomics) 175M->41M(323M) 71.179ms
[2020-08-08T11:15:18.288+0300][87.950s][info ][gc] GC(563) Pause Young (Allocation Failure) 98M->98M(323M) 190.147ms
[2020-08-08T11:15:18.603+0300][88.266s][info ][gc] GC(564) Pause Young (Allocation Failure) 156M->156M(323M) 307.260ms
[2020-08-08T11:15:18.617+0300][88.280s][debug][gc] GC(565) Shrinking ParOldGen from 214016K by 18944K to 195072K
[2020-08-08T11:15:18.617+0300][88.280s][info ][gc] GC(565) Pause Full (Ergonomics) 156M->22M(304M) 14.016ms
[2020-08-08T11:15:18.820+0300][88.483s][info ][gc] GC(566) Pause Young (Allocation Failure) 80M->80M(304M) 192.847ms
[2020-08-08T11:15:19.201+0300][88.864s][info ][gc] GC(567) Pause Young (Allocation Failure) 136M->136M(304M) 370.490ms
[2020-08-08T11:15:19.206+0300][88.869s][debug][gc] GC(568) Shrinking ParOldGen from 195072K by 20992K to 174080K
[2020-08-08T11:15:19.206+0300][88.869s][info ][gc] GC(568) Pause Full (Ergonomics) 136M->2M(284M) 4.974ms
[2020-08-08T11:15:19.250+0300][88.913s][info ][gc] GC(569) Pause Young (Allocation Failure) 60M->59M(284M) 33.405ms
[2020-08-08T11:15:19.354+0300][89.017s][info ][gc] GC(570) Pause Young (Allocation Failure) 117M->117M(284M) 93.741ms
[2020-08-08T11:15:19.652+0300][89.314s][debug][gc] GC(571) Expanding ParOldGen from 174080K by 117760K to 291840K
[2020-08-08T11:15:19.652+0300][89.314s][info ][gc] GC(571) Pause Full (Ergonomics) 117M->117M(399M) 297.681ms
[2020-08-08T11:15:19.705+0300][89.367s][info ][gc] GC(572) Pause Young (Allocation Failure) 174M->174M(399M) 45.536ms
[2020-08-08T11:15:19.799+0300][89.462s][info ][gc] GC(573) Pause Young (Allocation Failure) 232M->232M(399M) 84.654ms
[2020-08-08T11:15:20.038+0300][89.701s][debug][gc] GC(574) Shrinking ParOldGen from 291840K by 19456K to 272384K
[2020-08-08T11:15:20.038+0300][89.701s][info ][gc] GC(574) Pause Full (Ergonomics) 232M->98M(380M) 238.563ms
[2020-08-08T11:15:20.168+0300][89.831s][info ][gc] GC(575) Pause Young (Allocation Failure) 156M->156M(380M) 121.155ms
[2020-08-08T11:15:20.260+0300][89.923s][info ][gc] GC(576) Pause Young (Allocation Failure) 213M->213M(380M) 80.527ms
[2020-08-08T11:15:20.443+0300][90.106s][debug][gc] GC(577) Shrinking ParOldGen from 272384K by 18944K to 253440K
[2020-08-08T11:15:20.444+0300][90.106s][info ][gc] GC(577) Pause Full (Ergonomics) 213M->79M(361M) 183.433ms
[2020-08-08T11:15:20.650+0300][90.313s][info ][gc] GC(578) Pause Young (Allocation Failure) 137M->136M(361M) 196.994ms
[2020-08-08T11:15:20.782+0300][90.445s][info ][gc] GC(579) Pause Young (Allocation Failure) 193M->193M(361M) 123.527ms
[2020-08-08T11:15:20.906+0300][90.569s][debug][gc] GC(580) Shrinking ParOldGen from 253440K by 20480K to 232960K
[2020-08-08T11:15:20.906+0300][90.569s][info ][gc] GC(580) Pause Full (Ergonomics) 193M->59M(341M) 123.682ms
[2020-08-08T11:15:21.090+0300][90.752s][info ][gc] GC(581) Pause Young (Allocation Failure) 117M->117M(341M) 172.908ms
[2020-08-08T11:15:21.298+0300][90.960s][info ][gc] GC(582) Pause Young (Allocation Failure) 175M->175M(341M) 199.650ms
[2020-08-08T11:15:21.366+0300][91.029s][debug][gc] GC(583) Shrinking ParOldGen from 232960K by 18944K to 214016K
[2020-08-08T11:15:21.366+0300][91.029s][info ][gc] GC(583) Pause Full (Ergonomics) 175M->41M(323M) 68.558ms
[2020-08-08T11:15:21.553+0300][91.216s][info ][gc] GC(584) Pause Young (Allocation Failure) 98M->98M(323M) 174.144ms
[2020-08-08T11:15:21.867+0300][91.529s][info ][gc] GC(585) Pause Young (Allocation Failure) 156M->156M(323M) 305.369ms
[2020-08-08T11:15:21.881+0300][91.544s][debug][gc] GC(586) Shrinking ParOldGen from 214016K by 18944K to 195072K
[2020-08-08T11:15:21.882+0300][91.544s][info ][gc] GC(586) Pause Full (Ergonomics) 156M->22M(304M) 14.817ms
[2020-08-08T11:15:22.083+0300][91.745s][info ][gc] GC(587) Pause Young (Allocation Failure) 80M->80M(304M) 190.550ms
[2020-08-08T11:15:22.459+0300][92.122s][info ][gc] GC(588) Pause Young (Allocation Failure) 136M->136M(304M) 366.899ms
[2020-08-08T11:15:22.464+0300][92.127s][debug][gc] GC(589) Shrinking ParOldGen from 195072K by 20992K to 174080K
[2020-08-08T11:15:22.464+0300][92.127s][info ][gc] GC(589) Pause Full (Ergonomics) 136M->2M(284M) 5.208ms
[2020-08-08T11:15:22.511+0300][92.174s][info ][gc] GC(590) Pause Young (Allocation Failure) 60M->59M(284M) 34.702ms
[2020-08-08T11:15:22.619+0300][92.281s][info ][gc] GC(591) Pause Young (Allocation Failure) 117M->117M(284M) 96.615ms
[2020-08-08T11:15:22.918+0300][92.581s][debug][gc] GC(592) Expanding ParOldGen from 174080K by 117760K to 291840K
[2020-08-08T11:15:22.918+0300][92.581s][info ][gc] GC(592) Pause Full (Ergonomics) 117M->117M(399M) 299.498ms
[2020-08-08T11:15:22.969+0300][92.632s][info ][gc] GC(593) Pause Young (Allocation Failure) 174M->174M(399M) 41.750ms
[2020-08-08T11:15:23.064+0300][92.727s][info ][gc] GC(594) Pause Young (Allocation Failure) 232M->232M(399M) 84.758ms
[2020-08-08T11:15:23.311+0300][92.974s][debug][gc] GC(595) Shrinking ParOldGen from 291840K by 19456K to 272384K
[2020-08-08T11:15:23.311+0300][92.974s][info ][gc] GC(595) Pause Full (Ergonomics) 232M->98M(380M) 246.808ms
[2020-08-08T11:15:23.438+0300][93.101s][info ][gc] GC(596) Pause Young (Allocation Failure) 156M->156M(380M) 118.528ms
[2020-08-08T11:15:23.528+0300][93.191s][info ][gc] GC(597) Pause Young (Allocation Failure) 213M->213M(380M) 77.928ms
[2020-08-08T11:15:23.710+0300][93.372s][debug][gc] GC(598) Shrinking ParOldGen from 272384K by 18944K to 253440K
[2020-08-08T11:15:23.710+0300][93.372s][info ][gc] GC(598) Pause Full (Ergonomics) 213M->79M(361M) 181.822ms
[2020-08-08T11:15:23.914+0300][93.577s][info ][gc] GC(599) Pause Young (Allocation Failure) 137M->136M(361M) 194.326ms
[2020-08-08T11:15:24.036+0300][93.698s][info ][gc] GC(600) Pause Young (Allocation Failure) 193M->193M(361M) 111.743ms
[2020-08-08T11:15:24.160+0300][93.823s][debug][gc] GC(601) Shrinking ParOldGen from 253440K by 20480K to 232960K
[2020-08-08T11:15:24.160+0300][93.823s][info ][gc] GC(601) Pause Full (Ergonomics) 193M->59M(341M) 124.755ms
[2020-08-08T11:15:24.344+0300][94.006s][info ][gc] GC(602) Pause Young (Allocation Failure) 117M->117M(341M) 173.592ms
[2020-08-08T11:15:24.535+0300][94.197s][info ][gc] GC(603) Pause Young (Allocation Failure) 175M->175M(341M) 182.885ms
[2020-08-08T11:15:24.607+0300][94.270s][debug][gc] GC(604) Shrinking ParOldGen from 232960K by 18944K to 214016K
[2020-08-08T11:15:24.607+0300][94.270s][info ][gc] GC(604) Pause Full (Ergonomics) 175M->41M(323M) 72.228ms
[2020-08-08T11:15:24.808+0300][94.471s][info ][gc] GC(605) Pause Young (Allocation Failure) 98M->98M(323M) 188.120ms
[2020-08-08T11:15:25.118+0300][94.780s][info ][gc] GC(606) Pause Young (Allocation Failure) 156M->156M(323M) 299.988ms
[2020-08-08T11:15:25.132+0300][94.795s][debug][gc] GC(607) Shrinking ParOldGen from 214016K by 18944K to 195072K
[2020-08-08T11:15:25.132+0300][94.795s][info ][gc] GC(607) Pause Full (Ergonomics) 156M->22M(304M) 14.578ms
[2020-08-08T11:15:25.334+0300][94.996s][info ][gc] GC(608) Pause Young (Allocation Failure) 80M->80M(304M) 190.402ms
[2020-08-08T11:15:25.710+0300][95.373s][info ][gc] GC(609) Pause Young (Allocation Failure) 136M->136M(304M) 366.601ms
[2020-08-08T11:15:25.716+0300][95.378s][debug][gc] GC(610) Shrinking ParOldGen from 195072K by 20992K to 174080K
[2020-08-08T11:15:25.716+0300][95.379s][info ][gc] GC(610) Pause Full (Ergonomics) 136M->2M(284M) 5.598ms
[2020-08-08T11:15:25.764+0300][95.427s][info ][gc] GC(611) Pause Young (Allocation Failure) 60M->59M(284M) 34.509ms
[2020-08-08T11:15:25.868+0300][95.531s][info ][gc] GC(612) Pause Young (Allocation Failure) 117M->117M(284M) 93.276ms
[2020-08-08T11:15:26.158+0300][95.820s][debug][gc] GC(613) Expanding ParOldGen from 174080K by 117760K to 291840K
[2020-08-08T11:15:26.158+0300][95.820s][info ][gc] GC(613) Pause Full (Ergonomics) 117M->117M(399M) 289.645ms
[2020-08-08T11:15:26.211+0300][95.874s][info ][gc] GC(614) Pause Young (Allocation Failure) 174M->174M(399M) 44.683ms
[2020-08-08T11:15:26.308+0300][95.971s][info ][gc] GC(615) Pause Young (Allocation Failure) 232M->232M(399M) 86.726ms
[2020-08-08T11:15:26.549+0300][96.212s][debug][gc] GC(616) Shrinking ParOldGen from 291840K by 19456K to 272384K
[2020-08-08T11:15:26.549+0300][96.212s][info ][gc] GC(616) Pause Full (Ergonomics) 232M->98M(380M) 240.585ms
[2020-08-08T11:15:26.683+0300][96.346s][info ][gc] GC(617) Pause Young (Allocation Failure) 156M->156M(380M) 125.775ms
[2020-08-08T11:15:26.776+0300][96.439s][info ][gc] GC(618) Pause Young (Allocation Failure) 213M->213M(380M) 80.096ms
[2020-08-08T11:15:26.961+0300][96.623s][debug][gc] GC(619) Shrinking ParOldGen from 272384K by 18944K to 253440K
[2020-08-08T11:15:26.961+0300][96.623s][info ][gc] GC(619) Pause Full (Ergonomics) 213M->79M(361M) 184.335ms
[2020-08-08T11:15:27.164+0300][96.826s][info ][gc] GC(620) Pause Young (Allocation Failure) 137M->136M(361M) 192.104ms
[2020-08-08T11:15:27.299+0300][96.961s][info ][gc] GC(621) Pause Young (Allocation Failure) 193M->193M(361M) 126.886ms
[2020-08-08T11:15:27.423+0300][97.086s][debug][gc] GC(622) Shrinking ParOldGen from 253440K by 20480K to 232960K
[2020-08-08T11:15:27.423+0300][97.086s][info ][gc] GC(622) Pause Full (Ergonomics) 193M->59M(341M) 124.200ms
[2020-08-08T11:15:27.610+0300][97.273s][info ][gc] GC(623) Pause Young (Allocation Failure) 117M->117M(341M) 176.837ms
[2020-08-08T11:15:27.814+0300][97.477s][info ][gc] GC(624) Pause Young (Allocation Failure) 175M->175M(341M) 194.434ms
[2020-08-08T11:15:27.886+0300][97.548s][debug][gc] GC(625) Shrinking ParOldGen from 232960K by 18944K to 214016K
[2020-08-08T11:15:27.886+0300][97.549s][info ][gc] GC(625) Pause Full (Ergonomics) 175M->41M(323M) 71.547ms
[2020-08-08T11:15:28.089+0300][97.752s][info ][gc] GC(626) Pause Young (Allocation Failure) 98M->98M(323M) 191.889ms
[2020-08-08T11:15:28.409+0300][98.071s][info ][gc] GC(627) Pause Young (Allocation Failure) 156M->156M(323M) 310.538ms
[2020-08-08T11:15:28.422+0300][98.085s][debug][gc] GC(628) Shrinking ParOldGen from 214016K by 18944K to 195072K
[2020-08-08T11:15:28.423+0300][98.085s][info ][gc] GC(628) Pause Full (Ergonomics) 156M->22M(304M) 13.808ms
[2020-08-08T11:15:28.624+0300][98.286s][info ][gc] GC(629) Pause Young (Allocation Failure) 80M->80M(304M) 189.784ms
[2020-08-08T11:15:28.999+0300][98.662s][info ][gc] GC(630) Pause Young (Allocation Failure) 136M->136M(304M) 366.416ms
[2020-08-08T11:15:29.004+0300][98.667s][debug][gc] GC(631) Shrinking ParOldGen from 195072K by 20992K to 174080K
[2020-08-08T11:15:29.004+0300][98.667s][info ][gc] GC(631) Pause Full (Ergonomics) 136M->2M(284M) 5.207ms
[2020-08-08T11:15:29.054+0300][98.716s][info ][gc] GC(632) Pause Young (Allocation Failure) 60M->59M(284M) 37.685ms
[2020-08-08T11:15:29.157+0300][98.820s][info ][gc] GC(633) Pause Young (Allocation Failure) 117M->117M(284M) 93.310ms
[2020-08-08T11:15:29.464+0300][99.127s][debug][gc] GC(634) Expanding ParOldGen from 174080K by 117760K to 291840K
[2020-08-08T11:15:29.464+0300][99.127s][info ][gc] GC(634) Pause Full (Ergonomics) 117M->117M(399M) 307.019ms
[2020-08-08T11:15:29.515+0300][99.177s][info ][gc] GC(635) Pause Young (Allocation Failure) 174M->174M(399M) 40.691ms
[2020-08-08T11:15:29.610+0300][99.273s][info ][gc] GC(636) Pause Young (Allocation Failure) 232M->232M(399M) 85.445ms
[2020-08-08T11:15:29.852+0300][99.515s][debug][gc] GC(637) Shrinking ParOldGen from 291840K by 19456K to 272384K
[2020-08-08T11:15:29.852+0300][99.515s][info ][gc] GC(637) Pause Full (Ergonomics) 232M->98M(380M) 242.060ms
[2020-08-08T11:15:29.983+0300][99.645s][info ][gc] GC(638) Pause Young (Allocation Failure) 156M->156M(380M) 122.405ms
[2020-08-08T11:15:30.077+0300][99.739s][info ][gc] GC(639) Pause Young (Allocation Failure) 213M->213M(380M) 82.115ms
[2020-08-08T11:15:30.262+0300][99.925s][debug][gc] GC(640) Shrinking ParOldGen from 272384K by 18944K to 253440K
[2020-08-08T11:15:30.262+0300][99.925s][info ][gc] GC(640) Pause Full (Ergonomics) 213M->79M(361M) 185.256ms
[2020-08-08T11:15:30.449+0300][100.112s][info ][gc] GC(641) Pause Young (Allocation Failure) 137M->136M(361M) 172.521ms
[2020-08-08T11:15:30.585+0300][100.247s][info ][gc] GC(642) Pause Young (Allocation Failure) 193M->193M(361M) 122.941ms
[2020-08-08T11:15:30.708+0300][100.370s][debug][gc] GC(643) Shrinking ParOldGen from 253440K by 19968K to 233472K
[2020-08-08T11:15:30.708+0300][100.370s][info ][gc] GC(643) Pause Full (Ergonomics) 193M->59M(342M) 123.028ms
[2020-08-08T11:15:30.878+0300][100.541s][info ][gc] GC(644) Pause Young (Allocation Failure) 117M->117M(342M) 160.438ms
[2020-08-08T11:15:31.065+0300][100.728s][info ][gc] GC(645) Pause Young (Allocation Failure) 175M->175M(342M) 179.563ms
[2020-08-08T11:15:31.134+0300][100.797s][debug][gc] GC(646) Shrinking ParOldGen from 233472K by 19456K to 214016K
[2020-08-08T11:15:31.134+0300][100.797s][info ][gc] GC(646) Pause Full (Ergonomics) 175M->41M(323M) 69.147ms
[2020-08-08T11:15:31.351+0300][101.014s][info ][gc] GC(647) Pause Young (Allocation Failure) 98M->98M(323M) 200.961ms
[2020-08-08T11:15:31.662+0300][101.325s][info ][gc] GC(648) Pause Young (Allocation Failure) 156M->156M(323M) 303.176ms
[2020-08-08T11:15:31.678+0300][101.341s][debug][gc] GC(649) Shrinking ParOldGen from 214016K by 18944K to 195072K
[2020-08-08T11:15:31.679+0300][101.341s][info ][gc] GC(649) Pause Full (Ergonomics) 156M->22M(304M) 16.191ms
[2020-08-08T11:15:31.885+0300][101.548s][info ][gc] GC(650) Pause Young (Allocation Failure) 80M->80M(304M) 195.429ms
[2020-08-08T11:15:32.251+0300][101.913s][info ][gc] GC(651) Pause Young (Allocation Failure) 136M->136M(304M) 353.643ms
[2020-08-08T11:15:32.256+0300][101.918s][debug][gc] GC(652) Shrinking ParOldGen from 195072K by 20992K to 174080K
[2020-08-08T11:15:32.256+0300][101.918s][info ][gc] GC(652) Pause Full (Ergonomics) 136M->2M(284M) 5.024ms
[2020-08-08T11:15:32.303+0300][101.965s][info ][gc] GC(653) Pause Young (Allocation Failure) 60M->59M(284M) 36.626ms
[2020-08-08T11:15:32.406+0300][102.069s][info ][gc] GC(654) Pause Young (Allocation Failure) 117M->117M(284M) 93.086ms
[2020-08-08T11:15:32.707+0300][102.370s][debug][gc] GC(655) Expanding ParOldGen from 174080K by 117760K to 291840K
[2020-08-08T11:15:32.707+0300][102.370s][info ][gc] GC(655) Pause Full (Ergonomics) 117M->117M(399M) 301.200ms
[2020-08-08T11:15:32.760+0300][102.422s][info ][gc] GC(656) Pause Young (Allocation Failure) 174M->174M(399M) 44.417ms
[2020-08-08T11:15:32.860+0300][102.523s][info ][gc] GC(657) Pause Young (Allocation Failure) 232M->232M(399M) 90.455ms
[2020-08-08T11:15:33.096+0300][102.759s][debug][gc] GC(658) Shrinking ParOldGen from 291840K by 18944K to 272896K
[2020-08-08T11:15:33.096+0300][102.759s][info ][gc] GC(658) Pause Full (Ergonomics) 232M->98M(380M) 236.114ms
[2020-08-08T11:15:33.228+0300][102.891s][info ][gc] GC(659) Pause Young (Allocation Failure) 156M->156M(380M) 123.608ms
[2020-08-08T11:15:33.323+0300][102.985s][info ][gc] GC(660) Pause Young (Allocation Failure) 213M->213M(380M) 82.848ms
[2020-08-08T11:15:33.507+0300][103.169s][debug][gc] GC(661) Shrinking ParOldGen from 272896K by 19456K to 253440K
[2020-08-08T11:15:33.507+0300][103.169s][info ][gc] GC(661) Pause Full (Ergonomics) 213M->79M(361M) 184.113ms
[2020-08-08T11:15:33.696+0300][103.358s][info ][gc] GC(662) Pause Young (Allocation Failure) 137M->136M(361M) 178.330ms
[2020-08-08T11:15:33.828+0300][103.491s][info ][gc] GC(663) Pause Young (Allocation Failure) 193M->193M(361M) 124.861ms
[2020-08-08T11:15:33.953+0300][103.616s][debug][gc] GC(664) Shrinking ParOldGen from 253440K by 20480K to 232960K
[2020-08-08T11:15:33.953+0300][103.616s][info ][gc] GC(664) Pause Full (Ergonomics) 193M->59M(341M) 124.927ms
[2020-08-08T11:15:34.158+0300][103.820s][info ][gc] GC(665) Pause Young (Allocation Failure) 117M->117M(341M) 194.233ms
[2020-08-08T11:15:34.354+0300][104.017s][info ][gc] GC(666) Pause Young (Allocation Failure) 175M->175M(341M) 187.331ms
[2020-08-08T11:15:34.423+0300][104.086s][debug][gc] GC(667) Shrinking ParOldGen from 232960K by 18944K to 214016K
[2020-08-08T11:15:34.423+0300][104.086s][info ][gc] GC(667) Pause Full (Ergonomics) 175M->41M(323M) 69.094ms
[2020-08-08T11:15:34.626+0300][104.289s][info ][gc] GC(668) Pause Young (Allocation Failure) 98M->98M(323M) 190.040ms
[2020-08-08T11:15:34.944+0300][104.606s][info ][gc] GC(669) Pause Young (Allocation Failure) 156M->156M(323M) 308.750ms
[2020-08-08T11:15:34.959+0300][104.621s][debug][gc] GC(670) Shrinking ParOldGen from 214016K by 18944K to 195072K
[2020-08-08T11:15:34.959+0300][104.622s][info ][gc] GC(670) Pause Full (Ergonomics) 156M->22M(304M) 15.196ms
[2020-08-08T11:15:35.150+0300][104.813s][info ][gc] GC(671) Pause Young (Allocation Failure) 80M->80M(304M) 180.962ms
[2020-08-08T11:15:35.551+0300][105.214s][info ][gc] GC(672) Pause Young (Allocation Failure) 136M->136M(304M) 391.584ms
[2020-08-08T11:15:35.556+0300][105.219s][debug][gc] GC(673) Shrinking ParOldGen from 195072K by 20992K to 174080K
[2020-08-08T11:15:35.556+0300][105.219s][info ][gc] GC(673) Pause Full (Ergonomics) 136M->2M(284M) 4.976ms
[2020-08-08T11:15:35.602+0300][105.264s][info ][gc] GC(674) Pause Young (Allocation Failure) 60M->59M(284M) 34.566ms
[2020-08-08T11:15:35.709+0300][105.372s][info ][gc] GC(675) Pause Young (Allocation Failure) 117M->117M(284M) 96.023ms
[2020-08-08T11:15:36.007+0300][105.669s][debug][gc] GC(676) Expanding ParOldGen from 174080K by 117760K to 291840K
[2020-08-08T11:15:36.007+0300][105.669s][info ][gc] GC(676) Pause Full (Ergonomics) 117M->117M(399M) 297.530ms
[2020-08-08T11:15:36.057+0300][105.720s][info ][gc] GC(677) Pause Young (Allocation Failure) 174M->174M(399M) 42.422ms
[2020-08-08T11:15:36.157+0300][105.820s][info ][gc] GC(678) Pause Young (Allocation Failure) 232M->232M(399M) 88.980ms
[2020-08-08T11:15:36.397+0300][106.059s][debug][gc] GC(679) Shrinking ParOldGen from 291840K by 19456K to 272384K
[2020-08-08T11:15:36.397+0300][106.059s][info ][gc] GC(679) Pause Full (Ergonomics) 232M->98M(380M) 239.683ms
[2020-08-08T11:15:36.519+0300][106.181s][info ][gc] GC(680) Pause Young (Allocation Failure) 156M->156M(380M) 112.930ms
[2020-08-08T11:15:36.627+0300][106.289s][info ][gc] GC(681) Pause Young (Allocation Failure) 213M->213M(380M) 89.053ms
[2020-08-08T11:15:36.812+0300][106.475s][debug][gc] GC(682) Shrinking ParOldGen from 272384K by 18944K to 253440K
[2020-08-08T11:15:36.812+0300][106.475s][info ][gc] GC(682) Pause Full (Ergonomics) 213M->79M(361M) 185.377ms
[2020-08-08T11:15:37.015+0300][106.677s][info ][gc] GC(683) Pause Young (Allocation Failure) 137M->136M(361M) 191.983ms
[2020-08-08T11:15:37.166+0300][106.829s][info ][gc] GC(684) Pause Young (Allocation Failure) 193M->193M(361M) 143.252ms
[2020-08-08T11:15:37.293+0300][106.956s][debug][gc] GC(685) Shrinking ParOldGen from 253440K by 20480K to 232960K
[2020-08-08T11:15:37.293+0300][106.956s][info ][gc] GC(685) Pause Full (Ergonomics) 193M->59M(341M) 126.853ms
[2020-08-08T11:15:37.487+0300][107.150s][info ][gc] GC(686) Pause Young (Allocation Failure) 117M->117M(341M) 182.707ms
[2020-08-08T11:15:37.665+0300][107.328s][info ][gc] GC(687) Pause Young (Allocation Failure) 175M->175M(341M) 168.158ms
[2020-08-08T11:15:37.732+0300][107.395s][debug][gc] GC(688) Shrinking ParOldGen from 232960K by 18944K to 214016K
[2020-08-08T11:15:37.733+0300][107.395s][info ][gc] GC(688) Pause Full (Ergonomics) 175M->41M(323M) 67.183ms
[2020-08-08T11:15:37.925+0300][107.587s][info ][gc] GC(689) Pause Young (Allocation Failure) 98M->98M(323M) 178.321ms
[2020-08-08T11:15:38.223+0300][107.886s][info ][gc] GC(690) Pause Young (Allocation Failure) 156M->156M(323M) 290.715ms
[2020-08-08T11:15:38.237+0300][107.899s][debug][gc] GC(691) Shrinking ParOldGen from 214016K by 18944K to 195072K
[2020-08-08T11:15:38.237+0300][107.899s][info ][gc] GC(691) Pause Full (Ergonomics) 156M->22M(304M) 13.531ms
[2020-08-08T11:15:38.431+0300][108.094s][info ][gc] GC(692) Pause Young (Allocation Failure) 80M->80M(304M) 184.282ms
[2020-08-08T11:15:38.777+0300][108.440s][info ][gc] GC(693) Pause Young (Allocation Failure) 136M->136M(304M) 335.078ms
[2020-08-08T11:15:38.783+0300][108.446s][debug][gc] GC(694) Shrinking ParOldGen from 195072K by 20992K to 174080K
[2020-08-08T11:15:38.783+0300][108.446s][info ][gc] GC(694) Pause Full (Ergonomics) 136M->2M(284M) 5.748ms
[2020-08-08T11:15:38.834+0300][108.496s][info ][gc] GC(695) Pause Young (Allocation Failure) 60M->59M(284M) 36.198ms
[2020-08-08T11:15:38.947+0300][108.610s][info ][gc] GC(696) Pause Young (Allocation Failure) 117M->117M(284M) 102.021ms
[2020-08-08T11:15:39.244+0300][108.907s][debug][gc] GC(697) Expanding ParOldGen from 174080K by 117760K to 291840K
[2020-08-08T11:15:39.244+0300][108.907s][info ][gc] GC(697) Pause Full (Ergonomics) 117M->117M(399M) 297.286ms
[2020-08-08T11:15:39.296+0300][108.958s][info ][gc] GC(698) Pause Young (Allocation Failure) 174M->174M(399M) 43.292ms
[2020-08-08T11:15:39.390+0300][109.053s][info ][gc] GC(699) Pause Young (Allocation Failure) 232M->232M(399M) 84.698ms
[2020-08-08T11:15:39.638+0300][109.300s][debug][gc] GC(700) Shrinking ParOldGen from 291840K by 19456K to 272384K
[2020-08-08T11:15:39.638+0300][109.300s][info ][gc] GC(700) Pause Full (Ergonomics) 232M->98M(380M) 247.233ms
[2020-08-08T11:15:39.766+0300][109.428s][info ][gc] GC(701) Pause Young (Allocation Failure) 156M->156M(380M) 118.593ms
[2020-08-08T11:15:39.869+0300][109.532s][info ][gc] GC(702) Pause Young (Allocation Failure) 213M->213M(380M) 90.317ms
[2020-08-08T11:15:40.050+0300][109.713s][debug][gc] GC(703) Shrinking ParOldGen from 272384K by 18944K to 253440K
[2020-08-08T11:15:40.050+0300][109.713s][info ][gc] GC(703) Pause Full (Ergonomics) 213M->79M(361M) 181.093ms
[2020-08-08T11:15:40.246+0300][109.908s][info ][gc] GC(704) Pause Young (Allocation Failure) 137M->136M(361M) 185.731ms
[2020-08-08T11:15:40.392+0300][110.054s][info ][gc] GC(705) Pause Young (Allocation Failure) 193M->193M(361M) 135.880ms
[2020-08-08T11:15:40.517+0300][110.180s][debug][gc] GC(706) Shrinking ParOldGen from 253440K by 20480K to 232960K
[2020-08-08T11:15:40.517+0300][110.180s][info ][gc] GC(706) Pause Full (Ergonomics) 193M->59M(341M) 125.395ms
[2020-08-08T11:15:40.692+0300][110.355s][info ][gc] GC(707) Pause Young (Allocation Failure) 117M->117M(341M) 160.996ms
[2020-08-08T11:15:40.883+0300][110.546s][info ][gc] GC(708) Pause Young (Allocation Failure) 175M->175M(341M) 181.866ms
[2020-08-08T11:15:40.955+0300][110.617s][debug][gc] GC(709) Shrinking ParOldGen from 232960K by 18944K to 214016K
[2020-08-08T11:15:40.955+0300][110.617s][info ][gc] GC(709) Pause Full (Ergonomics) 175M->41M(323M) 71.435ms
[2020-08-08T11:15:41.164+0300][110.827s][info ][gc] GC(710) Pause Young (Allocation Failure) 98M->98M(323M) 196.932ms
[2020-08-08T11:15:41.419+0300][111.081s][info ][gc] GC(711) Pause Young (Allocation Failure) 156M->156M(323M) 243.704ms
[2020-08-08T11:15:41.433+0300][111.096s][debug][gc] GC(712) Shrinking ParOldGen from 214016K by 18944K to 195072K
[2020-08-08T11:15:41.433+0300][111.096s][info ][gc] GC(712) Pause Full (Ergonomics) 156M->22M(304M) 14.697ms
[2020-08-08T11:15:41.634+0300][111.297s][info ][gc] GC(713) Pause Young (Allocation Failure) 80M->80M(304M) 189.799ms
[2020-08-08T11:15:42.000+0300][111.663s][info ][gc] GC(714) Pause Young (Allocation Failure) 136M->136M(304M) 351.359ms
[2020-08-08T11:15:42.005+0300][111.668s][debug][gc] GC(715) Shrinking ParOldGen from 195072K by 20992K to 174080K
[2020-08-08T11:15:42.005+0300][111.668s][info ][gc] GC(715) Pause Full (Ergonomics) 136M->2M(284M) 4.857ms
[2020-08-08T11:15:42.049+0300][111.711s][info ][gc] GC(716) Pause Young (Allocation Failure) 60M->59M(284M) 33.943ms
[2020-08-08T11:15:42.155+0300][111.818s][info ][gc] GC(717) Pause Young (Allocation Failure) 117M->117M(284M) 96.045ms
[2020-08-08T11:15:42.442+0300][112.104s][debug][gc] GC(718) Expanding ParOldGen from 174080K by 117760K to 291840K
[2020-08-08T11:15:42.442+0300][112.105s][info ][gc] GC(718) Pause Full (Ergonomics) 117M->117M(399M) 286.847ms
[2020-08-08T11:15:42.494+0300][112.157s][info ][gc] GC(719) Pause Young (Allocation Failure) 174M->174M(399M) 43.234ms
[2020-08-08T11:15:42.593+0300][112.255s][info ][gc] GC(720) Pause Young (Allocation Failure) 232M->232M(399M) 87.828ms
[2020-08-08T11:15:42.834+0300][112.496s][debug][gc] GC(721) Shrinking ParOldGen from 291840K by 19456K to 272384K
[2020-08-08T11:15:42.834+0300][112.496s][info ][gc] GC(721) Pause Full (Ergonomics) 232M->98M(380M) 241.042ms
[2020-08-08T11:15:42.963+0300][112.625s][info ][gc] GC(722) Pause Young (Allocation Failure) 156M->156M(380M) 121.044ms
[2020-08-08T11:15:43.063+0300][112.725s][info ][gc] GC(723) Pause Young (Allocation Failure) 213M->213M(380M) 86.474ms
[2020-08-08T11:15:43.246+0300][112.909s][debug][gc] GC(724) Shrinking ParOldGen from 272384K by 18944K to 253440K
[2020-08-08T11:15:43.246+0300][112.909s][info ][gc] GC(724) Pause Full (Ergonomics) 213M->79M(361M) 183.611ms
[2020-08-08T11:15:43.439+0300][113.101s][info ][gc] GC(725) Pause Young (Allocation Failure) 137M->136M(361M) 182.343ms
[2020-08-08T11:15:43.585+0300][113.248s][info ][gc] GC(726) Pause Young (Allocation Failure) 193M->193M(361M) 137.174ms
[2020-08-08T11:15:43.709+0300][113.372s][debug][gc] GC(727) Shrinking ParOldGen from 253440K by 20480K to 232960K
[2020-08-08T11:15:43.709+0300][113.372s][info ][gc] GC(727) Pause Full (Ergonomics) 193M->59M(341M) 123.683ms
[2020-08-08T11:15:43.895+0300][113.557s][info ][gc] GC(728) Pause Young (Allocation Failure) 117M->117M(341M) 176.144ms
[2020-08-08T11:15:44.105+0300][113.768s][info ][gc] GC(729) Pause Young (Allocation Failure) 175M->175M(341M) 202.356ms
[2020-08-08T11:15:44.175+0300][113.837s][debug][gc] GC(730) Shrinking ParOldGen from 232960K by 18944K to 214016K
[2020-08-08T11:15:44.175+0300][113.838s][info ][gc] GC(730) Pause Full (Ergonomics) 175M->41M(323M) 69.896ms
[2020-08-08T11:15:44.377+0300][114.039s][info ][gc] GC(731) Pause Young (Allocation Failure) 98M->98M(323M) 190.087ms
[2020-08-08T11:15:44.696+0300][114.359s][info ][gc] GC(732) Pause Young (Allocation Failure) 156M->156M(323M) 311.452ms
[2020-08-08T11:15:44.710+0300][114.373s][debug][gc] GC(733) Shrinking ParOldGen from 214016K by 18944K to 195072K
[2020-08-08T11:15:44.710+0300][114.373s][info ][gc] GC(733) Pause Full (Ergonomics) 156M->22M(304M) 13.799ms
[2020-08-08T11:15:44.909+0300][114.572s][info ][gc] GC(734) Pause Young (Allocation Failure) 80M->80M(304M) 188.925ms
[2020-08-08T11:15:45.271+0300][114.933s][info ][gc] GC(735) Pause Young (Allocation Failure) 136M->136M(304M) 350.707ms
[2020-08-08T11:15:45.276+0300][114.939s][debug][gc] GC(736) Shrinking ParOldGen from 195072K by 20992K to 174080K
[2020-08-08T11:15:45.277+0300][114.939s][info ][gc] GC(736) Pause Full (Ergonomics) 136M->2M(284M) 5.908ms
[2020-08-08T11:15:45.321+0300][114.983s][info ][gc] GC(737) Pause Young (Allocation Failure) 60M->59M(284M) 33.804ms
[2020-08-08T11:15:45.427+0300][115.089s][info ][gc] GC(738) Pause Young (Allocation Failure) 117M->117M(284M) 94.866ms
[2020-08-08T11:15:45.727+0300][115.390s][debug][gc] GC(739) Expanding ParOldGen from 174080K by 117760K to 291840K
[2020-08-08T11:15:45.727+0300][115.390s][info ][gc] GC(739) Pause Full (Ergonomics) 117M->117M(399M) 300.520ms
[2020-08-08T11:15:45.782+0300][115.444s][info ][gc] GC(740) Pause Young (Allocation Failure) 174M->174M(399M) 45.227ms
[2020-08-08T11:15:45.884+0300][115.546s][info ][gc] GC(741) Pause Young (Allocation Failure) 232M->232M(399M) 89.579ms
[2020-08-08T11:15:46.127+0300][115.790s][debug][gc] GC(742) Shrinking ParOldGen from 291840K by 19456K to 272384K
[2020-08-08T11:15:46.127+0300][115.790s][info ][gc] GC(742) Pause Full (Ergonomics) 232M->98M(380M) 243.224ms
[2020-08-08T11:15:46.256+0300][115.919s][info ][gc] GC(743) Pause Young (Allocation Failure) 156M->156M(380M) 120.204ms
[2020-08-08T11:15:46.349+0300][116.011s][info ][gc] GC(744) Pause Young (Allocation Failure) 213M->213M(380M) 80.085ms
[2020-08-08T11:15:46.534+0300][116.196s][debug][gc] GC(745) Shrinking ParOldGen from 272384K by 18944K to 253440K
[2020-08-08T11:15:46.534+0300][116.196s][info ][gc] GC(745) Pause Full (Ergonomics) 213M->79M(361M) 184.962ms
[2020-08-08T11:15:46.735+0300][116.398s][info ][gc] GC(746) Pause Young (Allocation Failure) 137M->136M(361M) 190.843ms
[2020-08-08T11:15:46.872+0300][116.534s][info ][gc] GC(747) Pause Young (Allocation Failure) 193M->193M(361M) 126.570ms
[2020-08-08T11:15:46.999+0300][116.662s][debug][gc] GC(748) Shrinking ParOldGen from 253440K by 20480K to 232960K
[2020-08-08T11:15:46.999+0300][116.662s][info ][gc] GC(748) Pause Full (Ergonomics) 193M->59M(341M) 127.394ms
[2020-08-08T11:15:47.190+0300][116.852s][info ][gc] GC(749) Pause Young (Allocation Failure) 117M->117M(341M) 180.521ms
[2020-08-08T11:15:47.399+0300][117.062s][info ][gc] GC(750) Pause Young (Allocation Failure) 174M->175M(341M) 197.440ms
[2020-08-08T11:15:47.468+0300][117.131s][debug][gc] GC(751) Shrinking ParOldGen from 232960K by 18944K to 214016K
[2020-08-08T11:15:47.468+0300][117.131s][info ][gc] GC(751) Pause Full (Ergonomics) 175M->41M(323M) 69.100ms
[2020-08-08T11:15:47.668+0300][117.330s][info ][gc] GC(752) Pause Young (Allocation Failure) 98M->98M(323M) 187.675ms
[2020-08-08T11:15:47.986+0300][117.648s][info ][gc] GC(753) Pause Young (Allocation Failure) 156M->156M(323M) 308.103ms
[2020-08-08T11:15:47.999+0300][117.662s][debug][gc] GC(754) Shrinking ParOldGen from 214016K by 18944K to 195072K
[2020-08-08T11:15:47.999+0300][117.662s][info ][gc] GC(754) Pause Full (Ergonomics) 156M->22M(304M) 13.431ms
[2020-08-08T11:15:48.193+0300][117.856s][info ][gc] GC(755) Pause Young (Allocation Failure) 80M->80M(304M) 183.568ms
[2020-08-08T11:15:48.571+0300][118.233s][info ][gc] GC(756) Pause Young (Allocation Failure) 136M->136M(304M) 366.664ms
[2020-08-08T11:15:48.576+0300][118.238s][debug][gc] GC(757) Shrinking ParOldGen from 195072K by 20992K to 174080K
[2020-08-08T11:15:48.576+0300][118.238s][info ][gc] GC(757) Pause Full (Ergonomics) 136M->2M(284M) 4.937ms
[2020-08-08T11:15:48.623+0300][118.286s][info ][gc] GC(758) Pause Young (Allocation Failure) 60M->59M(284M) 35.586ms
[2020-08-08T11:15:48.731+0300][118.394s][info ][gc] GC(759) Pause Young (Allocation Failure) 117M->117M(284M) 94.138ms
[2020-08-08T11:15:49.022+0300][118.685s][debug][gc] GC(760) Expanding ParOldGen from 174080K by 117760K to 291840K
[2020-08-08T11:15:49.022+0300][118.685s][info ][gc] GC(760) Pause Full (Ergonomics) 117M->117M(399M) 290.820ms
[2020-08-08T11:15:49.073+0300][118.736s][info ][gc] GC(761) Pause Young (Allocation Failure) 174M->174M(399M) 43.776ms
[2020-08-08T11:15:49.170+0300][118.832s][info ][gc] GC(762) Pause Young (Allocation Failure) 232M->232M(399M) 87.263ms
[2020-08-08T11:15:49.409+0300][119.071s][debug][gc] GC(763) Shrinking ParOldGen from 291840K by 19456K to 272384K
[2020-08-08T11:15:49.409+0300][119.071s][info ][gc] GC(763) Pause Full (Ergonomics) 232M->98M(380M) 238.921ms
[2020-08-08T11:15:49.540+0300][119.202s][info ][gc] GC(764) Pause Young (Allocation Failure) 156M->156M(380M) 122.945ms
[2020-08-08T11:15:49.627+0300][119.290s][info ][gc] GC(765) Pause Young (Allocation Failure) 213M->213M(380M) 76.585ms
[2020-08-08T11:15:49.807+0300][119.470s][debug][gc] GC(766) Shrinking ParOldGen from 272384K by 18944K to 253440K
[2020-08-08T11:15:49.807+0300][119.470s][info ][gc] GC(766) Pause Full (Ergonomics) 213M->79M(361M) 179.896ms
[2020-08-08T11:15:50.004+0300][119.667s][info ][gc] GC(767) Pause Young (Allocation Failure) 137M->136M(361M) 186.321ms
[2020-08-08T11:15:50.140+0300][119.803s][info ][gc] GC(768) Pause Young (Allocation Failure) 193M->193M(361M) 127.879ms
[2020-08-08T11:15:50.270+0300][119.933s][debug][gc] GC(769) Shrinking ParOldGen from 253440K by 20480K to 232960K
[2020-08-08T11:15:50.270+0300][119.933s][info ][gc] GC(769) Pause Full (Ergonomics) 193M->59M(341M) 129.629ms
[2020-08-08T11:15:50.451+0300][120.114s][info ][gc] GC(770) Pause Young (Allocation Failure) 117M->117M(341M) 171.730ms
[2020-08-08T11:15:50.655+0300][120.317s][info ][gc] GC(771) Pause Young (Allocation Failure) 175M->175M(341M) 196.090ms
[2020-08-08T11:15:50.722+0300][120.385s][debug][gc] GC(772) Shrinking ParOldGen from 232960K by 18944K to 214016K
[2020-08-08T11:15:50.722+0300][120.385s][info ][gc] GC(772) Pause Full (Ergonomics) 175M->41M(323M) 67.558ms
[2020-08-08T11:15:50.925+0300][120.587s][info ][gc] GC(773) Pause Young (Allocation Failure) 98M->98M(323M) 190.649ms
[2020-08-08T11:15:51.231+0300][120.893s][info ][gc] GC(774) Pause Young (Allocation Failure) 156M->156M(323M) 297.632ms
[2020-08-08T11:15:51.244+0300][120.907s][debug][gc] GC(775) Shrinking ParOldGen from 214016K by 18944K to 195072K
[2020-08-08T11:15:51.245+0300][120.907s][info ][gc] GC(775) Pause Full (Ergonomics) 156M->22M(304M) 13.753ms
[2020-08-08T11:15:51.439+0300][121.101s][info ][gc] GC(776) Pause Young (Allocation Failure) 80M->80M(304M) 183.897ms
[2020-08-08T11:15:51.804+0300][121.467s][info ][gc] GC(777) Pause Young (Allocation Failure) 136M->136M(304M) 355.968ms
[2020-08-08T11:15:51.809+0300][121.472s][debug][gc] GC(778) Shrinking ParOldGen from 195072K by 20992K to 174080K
[2020-08-08T11:15:51.809+0300][121.472s][info ][gc] GC(778) Pause Full (Ergonomics) 136M->2M(284M) 5.219ms
[2020-08-08T11:15:51.854+0300][121.516s][info ][gc] GC(779) Pause Young (Allocation Failure) 60M->59M(284M) 34.032ms
[2020-08-08T11:15:51.957+0300][121.620s][info ][gc] GC(780) Pause Young (Allocation Failure) 117M->117M(284M) 92.426ms
[2020-08-08T11:15:52.260+0300][121.923s][debug][gc] GC(781) Expanding ParOldGen from 174080K by 117760K to 291840K
[2020-08-08T11:15:52.260+0300][121.923s][info ][gc] GC(781) Pause Full (Ergonomics) 117M->117M(399M) 303.378ms
[2020-08-08T11:15:52.311+0300][121.974s][info ][gc] GC(782) Pause Young (Allocation Failure) 174M->174M(399M) 41.730ms
[2020-08-08T11:15:52.409+0300][122.072s][info ][gc] GC(783) Pause Young (Allocation Failure) 232M->232M(399M) 87.087ms
[2020-08-08T11:15:52.652+0300][122.314s][debug][gc] GC(784) Shrinking ParOldGen from 291840K by 19456K to 272384K
[2020-08-08T11:15:52.652+0300][122.315s][info ][gc] GC(784) Pause Full (Ergonomics) 232M->98M(380M) 242.665ms
[2020-08-08T11:15:52.781+0300][122.444s][info ][gc] GC(785) Pause Young (Allocation Failure) 156M->156M(380M) 121.695ms
[2020-08-08T11:15:52.872+0300][122.534s][info ][gc] GC(786) Pause Young (Allocation Failure) 213M->213M(380M) 77.856ms
[2020-08-08T11:15:53.057+0300][122.720s][debug][gc] GC(787) Shrinking ParOldGen from 272384K by 18944K to 253440K
[2020-08-08T11:15:53.057+0300][122.720s][info ][gc] GC(787) Pause Full (Ergonomics) 213M->79M(361M) 185.587ms
[2020-08-08T11:15:53.250+0300][122.913s][info ][gc] GC(788) Pause Young (Allocation Failure) 137M->136M(361M) 182.569ms
[2020-08-08T11:15:53.376+0300][123.039s][info ][gc] GC(789) Pause Young (Allocation Failure) 193M->193M(361M) 118.840ms
[2020-08-08T11:15:53.501+0300][123.163s][debug][gc] GC(790) Shrinking ParOldGen from 253440K by 20480K to 232960K
[2020-08-08T11:15:53.501+0300][123.163s][info ][gc] GC(790) Pause Full (Ergonomics) 193M->59M(341M) 124.343ms
[2020-08-08T11:15:53.675+0300][123.337s][info ][gc] GC(791) Pause Young (Allocation Failure) 117M->117M(341M) 163.835ms
[2020-08-08T11:15:53.875+0300][123.538s][info ][gc] GC(792) Pause Young (Allocation Failure) 175M->175M(341M) 191.864ms
[2020-08-08T11:15:53.944+0300][123.607s][debug][gc] GC(793) Shrinking ParOldGen from 232960K by 18944K to 214016K
[2020-08-08T11:15:53.945+0300][123.607s][info ][gc] GC(793) Pause Full (Ergonomics) 175M->41M(323M) 69.521ms
[2020-08-08T11:15:54.146+0300][123.809s][info ][gc] GC(794) Pause Young (Allocation Failure) 98M->98M(323M) 190.282ms
[2020-08-08T11:15:54.448+0300][124.111s][info ][gc] GC(795) Pause Young (Allocation Failure) 156M->156M(323M) 294.157ms
[2020-08-08T11:15:54.462+0300][124.124s][debug][gc] GC(796) Shrinking ParOldGen from 214016K by 18944K to 195072K
[2020-08-08T11:15:54.462+0300][124.124s][info ][gc] GC(796) Pause Full (Ergonomics) 156M->22M(304M) 13.790ms
[2020-08-08T11:15:54.656+0300][124.318s][info ][gc] GC(797) Pause Young (Allocation Failure) 80M->80M(304M) 182.149ms
[2020-08-08T11:15:55.045+0300][124.707s][info ][gc] GC(798) Pause Young (Allocation Failure) 136M->136M(304M) 379.466ms
[2020-08-08T11:15:55.050+0300][124.712s][debug][gc] GC(799) Shrinking ParOldGen from 195072K by 20992K to 174080K
[2020-08-08T11:15:55.050+0300][124.712s][info ][gc] GC(799) Pause Full (Ergonomics) 136M->2M(284M) 5.052ms
[2020-08-08T11:15:55.094+0300][124.757s][info ][gc] GC(800) Pause Young (Allocation Failure) 60M->59M(284M) 33.808ms
[2020-08-08T11:15:55.197+0300][124.860s][info ][gc] GC(801) Pause Young (Allocation Failure) 117M->117M(284M) 92.018ms
[2020-08-08T11:15:55.494+0300][125.157s][debug][gc] GC(802) Expanding ParOldGen from 174080K by 117760K to 291840K
[2020-08-08T11:15:55.494+0300][125.157s][info ][gc] GC(802) Pause Full (Ergonomics) 117M->117M(399M) 297.221ms
[2020-08-08T11:15:55.546+0300][125.208s][info ][gc] GC(803) Pause Young (Allocation Failure) 174M->174M(399M) 42.295ms
[2020-08-08T11:15:55.643+0300][125.305s][info ][gc] GC(804) Pause Young (Allocation Failure) 232M->232M(399M) 86.500ms
[2020-08-08T11:15:55.882+0300][125.545s][debug][gc] GC(805) Shrinking ParOldGen from 291840K by 19456K to 272384K
[2020-08-08T11:15:55.882+0300][125.545s][info ][gc] GC(805) Pause Full (Ergonomics) 232M->98M(380M) 239.407ms
[2020-08-08T11:15:56.021+0300][125.683s][info ][gc] GC(806) Pause Young (Allocation Failure) 156M->156M(380M) 130.543ms
[2020-08-08T11:15:56.110+0300][125.773s][info ][gc] GC(807) Pause Young (Allocation Failure) 213M->213M(380M) 77.671ms
[2020-08-08T11:15:56.293+0300][125.956s][debug][gc] GC(808) Shrinking ParOldGen from 272384K by 18944K to 253440K
[2020-08-08T11:15:56.294+0300][125.956s][info ][gc] GC(808) Pause Full (Ergonomics) 213M->79M(361M) 183.492ms
[2020-08-08T11:15:56.496+0300][126.158s][info ][gc] GC(809) Pause Young (Allocation Failure) 137M->136M(361M) 191.902ms
[2020-08-08T11:15:56.623+0300][126.285s][info ][gc] GC(810) Pause Young (Allocation Failure) 193M->193M(361M) 116.456ms
[2020-08-08T11:15:56.749+0300][126.411s][debug][gc] GC(811) Shrinking ParOldGen from 253440K by 20480K to 232960K
[2020-08-08T11:15:56.749+0300][126.411s][info ][gc] GC(811) Pause Full (Ergonomics) 193M->59M(341M) 126.083ms
[2020-08-08T11:15:56.920+0300][126.583s][info ][gc] GC(812) Pause Young (Allocation Failure) 117M->117M(341M) 161.118ms
[2020-08-08T11:15:57.112+0300][126.775s][info ][gc] GC(813) Pause Young (Allocation Failure) 175M->175M(341M) 183.414ms
[2020-08-08T11:15:57.184+0300][126.847s][debug][gc] GC(814) Shrinking ParOldGen from 232960K by 18944K to 214016K
[2020-08-08T11:15:57.184+0300][126.847s][info ][gc] GC(814) Pause Full (Ergonomics) 175M->41M(323M) 71.977ms
[2020-08-08T11:15:57.383+0300][127.045s][info ][gc] GC(815) Pause Young (Allocation Failure) 98M->98M(323M) 186.530ms
[2020-08-08T11:15:57.706+0300][127.368s][info ][gc] GC(816) Pause Young (Allocation Failure) 156M->156M(323M) 315.394ms
[2020-08-08T11:15:57.720+0300][127.383s][debug][gc] GC(817) Shrinking ParOldGen from 214016K by 18944K to 195072K
[2020-08-08T11:15:57.720+0300][127.383s][info ][gc] GC(817) Pause Full (Ergonomics) 156M->22M(304M) 14.222ms
[2020-08-08T11:15:57.921+0300][127.584s][info ][gc] GC(818) Pause Young (Allocation Failure) 80M->80M(304M) 188.150ms
[2020-08-08T11:15:58.285+0300][127.948s][info ][gc] GC(819) Pause Young (Allocation Failure) 136M->136M(304M) 354.466ms
[2020-08-08T11:15:58.290+0300][127.953s][debug][gc] GC(820) Shrinking ParOldGen from 195072K by 20992K to 174080K
[2020-08-08T11:15:58.290+0300][127.953s][info ][gc] GC(820) Pause Full (Ergonomics) 136M->2M(284M) 5.068ms
[2020-08-08T11:15:58.335+0300][127.998s][info ][gc] GC(821) Pause Young (Allocation Failure) 60M->59M(284M) 33.802ms
[2020-08-08T11:15:58.439+0300][128.102s][info ][gc] GC(822) Pause Young (Allocation Failure) 117M->117M(284M) 92.902ms
[2020-08-08T11:15:58.742+0300][128.405s][debug][gc] GC(823) Expanding ParOldGen from 174080K by 117760K to 291840K
[2020-08-08T11:15:58.742+0300][128.405s][info ][gc] GC(823) Pause Full (Ergonomics) 117M->117M(399M) 302.614ms
[2020-08-08T11:15:58.798+0300][128.460s][info ][gc] GC(824) Pause Young (Allocation Failure) 174M->174M(399M) 46.265ms
[2020-08-08T11:15:58.893+0300][128.555s][info ][gc] GC(825) Pause Young (Allocation Failure) 232M->232M(399M) 84.582ms
[2020-08-08T11:15:59.144+0300][128.806s][debug][gc] GC(826) Shrinking ParOldGen from 291840K by 19456K to 272384K
[2020-08-08T11:15:59.144+0300][128.806s][info ][gc] GC(826) Pause Full (Ergonomics) 232M->98M(380M) 250.856ms
[2020-08-08T11:15:59.278+0300][128.941s][info ][gc] GC(827) Pause Young (Allocation Failure) 156M->156M(380M) 126.531ms
[2020-08-08T11:15:59.369+0300][129.031s][info ][gc] GC(828) Pause Young (Allocation Failure) 213M->213M(380M) 78.834ms
[2020-08-08T11:15:59.558+0300][129.221s][debug][gc] GC(829) Shrinking ParOldGen from 272384K by 18944K to 253440K
[2020-08-08T11:15:59.558+0300][129.221s][info ][gc] GC(829) Pause Full (Ergonomics) 213M->79M(361M) 189.314ms
[2020-08-08T11:15:59.757+0300][129.420s][info ][gc] GC(830) Pause Young (Allocation Failure) 137M->136M(361M) 188.973ms
[2020-08-08T11:15:59.886+0300][129.549s][info ][gc] GC(831) Pause Young (Allocation Failure) 193M->193M(361M) 121.261ms
[2020-08-08T11:16:00.015+0300][129.678s][debug][gc] GC(832) Shrinking ParOldGen from 253440K by 20480K to 232960K
[2020-08-08T11:16:00.015+0300][129.678s][info ][gc] GC(832) Pause Full (Ergonomics) 193M->59M(341M) 129.005ms
[2020-08-08T11:16:00.202+0300][129.865s][info ][gc] GC(833) Pause Young (Allocation Failure) 117M->117M(341M) 174.909ms
[2020-08-08T11:16:00.398+0300][130.061s][info ][gc] GC(834) Pause Young (Allocation Failure) 174M->175M(341M) 187.677ms
[2020-08-08T11:16:00.465+0300][130.128s][debug][gc] GC(835) Shrinking ParOldGen from 232960K by 18944K to 214016K
[2020-08-08T11:16:00.465+0300][130.128s][info ][gc] GC(835) Pause Full (Ergonomics) 175M->41M(323M) 67.467ms
[2020-08-08T11:16:00.671+0300][130.333s][info ][gc] GC(836) Pause Young (Allocation Failure) 98M->98M(323M) 193.246ms
[2020-08-08T11:16:00.984+0300][130.646s][info ][gc] GC(837) Pause Young (Allocation Failure) 156M->156M(323M) 303.652ms
[2020-08-08T11:16:00.997+0300][130.660s][debug][gc] GC(838) Shrinking ParOldGen from 214016K by 18944K to 195072K
[2020-08-08T11:16:00.997+0300][130.660s][info ][gc] GC(838) Pause Full (Ergonomics) 156M->22M(304M) 13.629ms
[2020-08-08T11:16:01.195+0300][130.857s][info ][gc] GC(839) Pause Young (Allocation Failure) 80M->80M(304M) 187.553ms
[2020-08-08T11:16:01.568+0300][131.231s][info ][gc] GC(840) Pause Young (Allocation Failure) 136M->136M(304M) 363.125ms
[2020-08-08T11:16:01.573+0300][131.236s][debug][gc] GC(841) Shrinking ParOldGen from 195072K by 20992K to 174080K
[2020-08-08T11:16:01.573+0300][131.236s][info ][gc] GC(841) Pause Full (Ergonomics) 136M->2M(284M) 5.027ms
[2020-08-08T11:16:01.618+0300][131.281s][info ][gc] GC(842) Pause Young (Allocation Failure) 60M->59M(284M) 33.857ms
[2020-08-08T11:16:01.722+0300][131.385s][info ][gc] GC(843) Pause Young (Allocation Failure) 117M->117M(284M) 92.057ms
[2020-08-08T11:16:02.024+0300][131.687s][debug][gc] GC(844) Expanding ParOldGen from 174080K by 117760K to 291840K
[2020-08-08T11:16:02.024+0300][131.687s][info ][gc] GC(844) Pause Full (Ergonomics) 117M->117M(399M) 302.160ms
[2020-08-08T11:16:02.076+0300][131.739s][info ][gc] GC(845) Pause Young (Allocation Failure) 174M->174M(399M) 44.116ms
[2020-08-08T11:16:02.171+0300][131.834s][info ][gc] GC(846) Pause Young (Allocation Failure) 232M->232M(399M) 84.621ms
[2020-08-08T11:16:02.412+0300][132.075s][debug][gc] GC(847) Shrinking ParOldGen from 291840K by 19456K to 272384K
[2020-08-08T11:16:02.412+0300][132.075s][info ][gc] GC(847) Pause Full (Ergonomics) 232M->98M(380M) 240.962ms
[2020-08-08T11:16:02.545+0300][132.208s][info ][gc] GC(848) Pause Young (Allocation Failure) 156M->156M(380M) 123.962ms
[2020-08-08T11:16:02.640+0300][132.303s][info ][gc] GC(849) Pause Young (Allocation Failure) 213M->213M(380M) 81.713ms
[2020-08-08T11:16:02.822+0300][132.484s][debug][gc] GC(850) Shrinking ParOldGen from 272384K by 18944K to 253440K
[2020-08-08T11:16:02.822+0300][132.484s][info ][gc] GC(850) Pause Full (Ergonomics) 213M->79M(361M) 181.709ms
[2020-08-08T11:16:03.017+0300][132.680s][info ][gc] GC(851) Pause Young (Allocation Failure) 137M->136M(361M) 186.073ms
[2020-08-08T11:16:03.159+0300][132.821s][info ][gc] GC(852) Pause Young (Allocation Failure) 193M->193M(361M) 133.780ms
[2020-08-08T11:16:03.289+0300][132.951s][debug][gc] GC(853) Shrinking ParOldGen from 253440K by 20480K to 232960K
[2020-08-08T11:16:03.289+0300][132.951s][info ][gc] GC(853) Pause Full (Ergonomics) 193M->59M(341M) 130.046ms
[2020-08-08T11:16:03.472+0300][133.134s][info ][gc] GC(854) Pause Young (Allocation Failure) 117M->117M(341M) 172.392ms
[2020-08-08T11:16:03.662+0300][133.324s][info ][gc] GC(855) Pause Young (Allocation Failure) 174M->175M(341M) 181.244ms
[2020-08-08T11:16:03.731+0300][133.394s][debug][gc] GC(856) Shrinking ParOldGen from 232960K by 18944K to 214016K
[2020-08-08T11:16:03.731+0300][133.394s][info ][gc] GC(856) Pause Full (Ergonomics) 175M->41M(323M) 69.422ms
[2020-08-08T11:16:03.929+0300][133.592s][info ][gc] GC(857) Pause Young (Allocation Failure) 98M->98M(323M) 185.492ms
[2020-08-08T11:16:04.244+0300][133.907s][info ][gc] GC(858) Pause Young (Allocation Failure) 156M->156M(323M) 306.395ms
[2020-08-08T11:16:04.258+0300][133.921s][debug][gc] GC(859) Shrinking ParOldGen from 214016K by 18944K to 195072K
[2020-08-08T11:16:04.258+0300][133.921s][info ][gc] GC(859) Pause Full (Ergonomics) 156M->22M(304M) 14.074ms
[2020-08-08T11:16:04.462+0300][134.124s][info ][gc] GC(860) Pause Young (Allocation Failure) 80M->80M(304M) 192.269ms
[2020-08-08T11:16:04.845+0300][134.508s][info ][gc] GC(861) Pause Young (Allocation Failure) 136M->136M(304M) 371.880ms
[2020-08-08T11:16:04.850+0300][134.513s][debug][gc] GC(862) Shrinking ParOldGen from 195072K by 20992K to 174080K
[2020-08-08T11:16:04.850+0300][134.513s][info ][gc] GC(862) Pause Full (Ergonomics) 136M->2M(284M) 5.129ms
[2020-08-08T11:16:04.895+0300][134.557s][info ][gc] GC(863) Pause Young (Allocation Failure) 60M->59M(284M) 33.875ms
[2020-08-08T11:16:04.999+0300][134.661s][info ][gc] GC(864) Pause Young (Allocation Failure) 117M->117M(284M) 93.748ms
[2020-08-08T11:16:05.306+0300][134.969s][debug][gc] GC(865) Expanding ParOldGen from 174080K by 117760K to 291840K
[2020-08-08T11:16:05.306+0300][134.969s][info ][gc] GC(865) Pause Full (Ergonomics) 117M->117M(399M) 307.399ms
[2020-08-08T11:16:05.353+0300][135.016s][info ][gc] GC(866) Pause Young (Allocation Failure) 174M->174M(399M) 38.171ms
[2020-08-08T11:16:05.451+0300][135.114s][info ][gc] GC(867) Pause Young (Allocation Failure) 232M->232M(399M) 88.262ms
[2020-08-08T11:16:05.698+0300][135.361s][debug][gc] GC(868) Shrinking ParOldGen from 291840K by 19456K to 272384K
[2020-08-08T11:16:05.698+0300][135.361s][info ][gc] GC(868) Pause Full (Ergonomics) 232M->98M(380M) 246.686ms
[2020-08-08T11:16:05.826+0300][135.488s][info ][gc] GC(869) Pause Young (Allocation Failure) 156M->156M(380M) 119.050ms
[2020-08-08T11:16:05.916+0300][135.578s][info ][gc] GC(870) Pause Young (Allocation Failure) 213M->213M(380M) 77.946ms
[2020-08-08T11:16:06.095+0300][135.757s][debug][gc] GC(871) Shrinking ParOldGen from 272384K by 18944K to 253440K
[2020-08-08T11:16:06.095+0300][135.757s][info ][gc] GC(871) Pause Full (Ergonomics) 213M->79M(361M) 179.020ms
[2020-08-08T11:16:06.294+0300][135.957s][info ][gc] GC(872) Pause Young (Allocation Failure) 137M->136M(361M) 189.349ms
[2020-08-08T11:16:06.430+0300][136.093s][info ][gc] GC(873) Pause Young (Allocation Failure) 193M->193M(361M) 126.034ms
[2020-08-08T11:16:06.555+0300][136.217s][debug][gc] GC(874) Shrinking ParOldGen from 253440K by 20480K to 232960K
[2020-08-08T11:16:06.555+0300][136.217s][info ][gc] GC(874) Pause Full (Ergonomics) 193M->59M(341M) 124.650ms
[2020-08-08T11:16:06.729+0300][136.392s][info ][gc] GC(875) Pause Young (Allocation Failure) 117M->117M(341M) 163.428ms
[2020-08-08T11:16:06.936+0300][136.599s][info ][gc] GC(876) Pause Young (Allocation Failure) 175M->175M(341M) 198.599ms
[2020-08-08T11:16:07.006+0300][136.668s][debug][gc] GC(877) Shrinking ParOldGen from 232960K by 18944K to 214016K
[2020-08-08T11:16:07.006+0300][136.668s][info ][gc] GC(877) Pause Full (Ergonomics) 175M->41M(323M) 69.613ms
[2020-08-08T11:16:07.208+0300][136.870s][info ][gc] GC(878) Pause Young (Allocation Failure) 98M->98M(323M) 190.611ms
[2020-08-08T11:16:07.524+0300][137.187s][info ][gc] GC(879) Pause Young (Allocation Failure) 156M->156M(323M) 309.298ms
[2020-08-08T11:16:07.538+0300][137.201s][debug][gc] GC(880) Shrinking ParOldGen from 214016K by 18944K to 195072K
[2020-08-08T11:16:07.538+0300][137.201s][info ][gc] GC(880) Pause Full (Ergonomics) 156M->22M(304M) 13.986ms
[2020-08-08T11:16:07.736+0300][137.398s][info ][gc] GC(881) Pause Young (Allocation Failure) 80M->80M(304M) 186.062ms
[2020-08-08T11:16:08.113+0300][137.776s][info ][gc] GC(882) Pause Young (Allocation Failure) 136M->136M(304M) 368.798ms
[2020-08-08T11:16:08.118+0300][137.781s][debug][gc] GC(883) Shrinking ParOldGen from 195072K by 20992K to 174080K
[2020-08-08T11:16:08.118+0300][137.781s][info ][gc] GC(883) Pause Full (Ergonomics) 136M->2M(284M) 5.047ms
[2020-08-08T11:16:08.164+0300][137.826s][info ][gc] GC(884) Pause Young (Allocation Failure) 60M->59M(284M) 34.363ms
[2020-08-08T11:16:08.269+0300][137.932s][info ][gc] GC(885) Pause Young (Allocation Failure) 117M->117M(284M) 95.025ms
[2020-08-08T11:16:08.572+0300][138.235s][debug][gc] GC(886) Expanding ParOldGen from 174080K by 117760K to 291840K
[2020-08-08T11:16:08.572+0300][138.235s][info ][gc] GC(886) Pause Full (Ergonomics) 117M->117M(399M) 302.945ms
[2020-08-08T11:16:08.623+0300][138.286s][info ][gc] GC(887) Pause Young (Allocation Failure) 174M->174M(399M) 43.457ms
[2020-08-08T11:16:08.720+0300][138.383s][info ][gc] GC(888) Pause Young (Allocation Failure) 232M->232M(399M) 86.352ms
[2020-08-08T11:16:08.957+0300][138.620s][debug][gc] GC(889) Shrinking ParOldGen from 291840K by 19456K to 272384K
[2020-08-08T11:16:08.957+0300][138.620s][info ][gc] GC(889) Pause Full (Ergonomics) 232M->98M(380M) 237.073ms
[2020-08-08T11:16:09.091+0300][138.754s][info ][gc] GC(890) Pause Young (Allocation Failure) 156M->155M(380M) 123.667ms
[2020-08-08T11:16:09.181+0300][138.844s][info ][gc] GC(891) Pause Young (Allocation Failure) 213M->213M(380M) 79.040ms
[2020-08-08T11:16:09.361+0300][139.023s][debug][gc] GC(892) Shrinking ParOldGen from 272384K by 18944K to 253440K
[2020-08-08T11:16:09.361+0300][139.023s][info ][gc] GC(892) Pause Full (Ergonomics) 213M->79M(361M) 179.433ms
[2020-08-08T11:16:09.559+0300][139.222s][info ][gc] GC(893) Pause Young (Allocation Failure) 137M->136M(361M) 188.985ms
[2020-08-08T11:16:09.692+0300][139.355s][info ][gc] GC(894) Pause Young (Allocation Failure) 193M->193M(361M) 122.067ms
[2020-08-08T11:16:09.818+0300][139.480s][debug][gc] GC(895) Shrinking ParOldGen from 253440K by 20480K to 232960K
[2020-08-08T11:16:09.818+0300][139.480s][info ][gc] GC(895) Pause Full (Ergonomics) 193M->59M(341M) 125.571ms
[2020-08-08T11:16:09.990+0300][139.652s][info ][gc] GC(896) Pause Young (Allocation Failure) 117M->117M(341M) 162.341ms
[2020-08-08T11:16:10.177+0300][139.839s][info ][gc] GC(897) Pause Young (Allocation Failure) 174M->175M(341M) 176.529ms
[2020-08-08T11:16:10.245+0300][139.907s][debug][gc] GC(898) Shrinking ParOldGen from 232960K by 18944K to 214016K
[2020-08-08T11:16:10.245+0300][139.907s][info ][gc] GC(898) Pause Full (Ergonomics) 175M->41M(323M) 67.809ms
[2020-08-08T11:16:10.444+0300][140.107s][info ][gc] GC(899) Pause Young (Allocation Failure) 98M->98M(323M) 189.615ms
[2020-08-08T11:16:10.754+0300][140.417s][info ][gc] GC(900) Pause Young (Allocation Failure) 156M->156M(323M) 301.417ms
[2020-08-08T11:16:10.770+0300][140.433s][debug][gc] GC(901) Shrinking ParOldGen from 214016K by 18944K to 195072K
[2020-08-08T11:16:10.771+0300][140.433s][info ][gc] GC(901) Pause Full (Ergonomics) 156M->22M(304M) 16.386ms
[2020-08-08T11:16:10.965+0300][140.628s][info ][gc] GC(902) Pause Young (Allocation Failure) 80M->80M(304M) 184.194ms
[2020-08-08T11:16:11.351+0300][141.014s][info ][gc] GC(903) Pause Young (Allocation Failure) 136M->136M(304M) 370.934ms
[2020-08-08T11:16:11.356+0300][141.019s][debug][gc] GC(904) Shrinking ParOldGen from 195072K by 20992K to 174080K
[2020-08-08T11:16:11.356+0300][141.019s][info ][gc] GC(904) Pause Full (Ergonomics) 136M->2M(284M) 5.064ms
[2020-08-08T11:16:11.401+0300][141.063s][info ][gc] GC(905) Pause Young (Allocation Failure) 60M->59M(284M) 34.608ms
[2020-08-08T11:16:11.506+0300][141.169s][info ][gc] GC(906) Pause Young (Allocation Failure) 117M->117M(284M) 95.109ms
[2020-08-08T11:16:11.811+0300][141.473s][debug][gc] GC(907) Expanding ParOldGen from 174080K by 117760K to 291840K
[2020-08-08T11:16:11.811+0300][141.473s][info ][gc] GC(907) Pause Full (Ergonomics) 117M->117M(399M) 304.389ms
[2020-08-08T11:16:11.863+0300][141.525s][info ][gc] GC(908) Pause Young (Allocation Failure) 174M->174M(399M) 42.785ms
[2020-08-08T11:16:11.957+0300][141.620s][info ][gc] GC(909) Pause Young (Allocation Failure) 232M->232M(399M) 85.051ms
[2020-08-08T11:16:12.203+0300][141.866s][debug][gc] GC(910) Shrinking ParOldGen from 291840K by 18944K to 272896K
[2020-08-08T11:16:12.203+0300][141.866s][info ][gc] GC(910) Pause Full (Ergonomics) 232M->98M(380M) 245.934ms
[2020-08-08T11:16:12.334+0300][141.997s][info ][gc] GC(911) Pause Young (Allocation Failure) 156M->156M(380M) 120.429ms
[2020-08-08T11:16:12.427+0300][142.089s][info ][gc] GC(912) Pause Young (Allocation Failure) 213M->213M(380M) 82.501ms
[2020-08-08T11:16:12.603+0300][142.265s][debug][gc] GC(913) Shrinking ParOldGen from 272896K by 19456K to 253440K
[2020-08-08T11:16:12.603+0300][142.265s][info ][gc] GC(913) Pause Full (Ergonomics) 213M->79M(361M) 176.052ms
[2020-08-08T11:16:12.801+0300][142.463s][info ][gc] GC(914) Pause Young (Allocation Failure) 136M->136M(361M) 184.609ms
[2020-08-08T11:16:12.942+0300][142.605s][info ][gc] GC(915) Pause Young (Allocation Failure) 193M->193M(361M) 133.170ms
[2020-08-08T11:16:13.071+0300][142.734s][debug][gc] GC(916) Shrinking ParOldGen from 253440K by 20480K to 232960K
[2020-08-08T11:16:13.071+0300][142.734s][info ][gc] GC(916) Pause Full (Ergonomics) 193M->59M(341M) 129.011ms
[2020-08-08T11:16:13.265+0300][142.927s][info ][gc] GC(917) Pause Young (Allocation Failure) 117M->117M(341M) 182.643ms
[2020-08-08T11:16:13.466+0300][143.128s][info ][gc] GC(918) Pause Young (Allocation Failure) 175M->175M(341M) 191.215ms
[2020-08-08T11:16:13.538+0300][143.200s][debug][gc] GC(919) Shrinking ParOldGen from 232960K by 18944K to 214016K
[2020-08-08T11:16:13.538+0300][143.200s][info ][gc] GC(919) Pause Full (Ergonomics) 175M->41M(323M) 71.995ms
[2020-08-08T11:16:13.739+0300][143.402s][info ][gc] GC(920) Pause Young (Allocation Failure) 98M->98M(323M) 191.481ms
[2020-08-08T11:16:14.051+0300][143.713s][info ][gc] GC(921) Pause Young (Allocation Failure) 156M->156M(323M) 303.129ms
[2020-08-08T11:16:14.065+0300][143.727s][debug][gc] GC(922) Shrinking ParOldGen from 214016K by 19456K to 194560K
[2020-08-08T11:16:14.065+0300][143.727s][info ][gc] GC(922) Pause Full (Ergonomics) 156M->22M(304M) 14.155ms
[2020-08-08T11:16:14.252+0300][143.914s][info ][gc] GC(923) Pause Young (Allocation Failure) 80M->80M(304M) 176.099ms
[2020-08-08T11:16:14.630+0300][144.293s][info ][gc] GC(924) Pause Young (Allocation Failure) 136M->136M(304M) 367.972ms
[2020-08-08T11:16:14.635+0300][144.298s][debug][gc] GC(925) Shrinking ParOldGen from 194560K by 20480K to 174080K
[2020-08-08T11:16:14.635+0300][144.298s][info ][gc] GC(925) Pause Full (Ergonomics) 136M->2M(284M) 5.139ms
[2020-08-08T11:16:14.679+0300][144.341s][info ][gc] GC(926) Pause Young (Allocation Failure) 60M->60M(284M) 34.640ms
[2020-08-08T11:16:14.783+0300][144.446s][info ][gc] GC(927) Pause Young (Allocation Failure) 117M->117M(284M) 94.218ms
[2020-08-08T11:16:15.089+0300][144.751s][debug][gc] GC(928) Expanding ParOldGen from 174080K by 117760K to 291840K
[2020-08-08T11:16:15.089+0300][144.752s][info ][gc] GC(928) Pause Full (Ergonomics) 117M->117M(399M) 305.559ms
[2020-08-08T11:16:15.140+0300][144.803s][info ][gc] GC(929) Pause Young (Allocation Failure) 174M->174M(399M) 42.497ms
[2020-08-08T11:16:15.238+0300][144.901s][info ][gc] GC(930) Pause Young (Allocation Failure) 232M->232M(399M) 87.888ms
[2020-08-08T11:16:15.483+0300][145.146s][debug][gc] GC(931) Shrinking ParOldGen from 291840K by 18944K to 272896K
[2020-08-08T11:16:15.483+0300][145.146s][info ][gc] GC(931) Pause Full (Ergonomics) 232M->98M(380M) 244.671ms
[2020-08-08T11:16:15.609+0300][145.271s][info ][gc] GC(932) Pause Young (Allocation Failure) 156M->156M(380M) 116.267ms
[2020-08-08T11:16:15.700+0300][145.362s][info ][gc] GC(933) Pause Young (Allocation Failure) 213M->213M(380M) 78.346ms
[2020-08-08T11:16:15.884+0300][145.546s][debug][gc] GC(934) Shrinking ParOldGen from 272896K by 19456K to 253440K
[2020-08-08T11:16:15.884+0300][145.546s][info ][gc] GC(934) Pause Full (Ergonomics) 213M->79M(361M) 183.913ms
[2020-08-08T11:16:16.083+0300][145.746s][info ][gc] GC(935) Pause Young (Allocation Failure) 136M->136M(361M) 189.518ms
[2020-08-08T11:16:16.214+0300][145.876s][info ][gc] GC(936) Pause Young (Allocation Failure) 193M->193M(361M) 120.058ms
[2020-08-08T11:16:16.343+0300][146.005s][debug][gc] GC(937) Shrinking ParOldGen from 253440K by 20480K to 232960K
[2020-08-08T11:16:16.343+0300][146.005s][info ][gc] GC(937) Pause Full (Ergonomics) 193M->59M(341M) 128.924ms
[2020-08-08T11:16:16.516+0300][146.179s][info ][gc] GC(938) Pause Young (Allocation Failure) 117M->117M(341M) 162.162ms
[2020-08-08T11:16:16.708+0300][146.371s][info ][gc] GC(939) Pause Young (Allocation Failure) 174M->175M(341M) 182.033ms
[2020-08-08T11:16:16.780+0300][146.443s][debug][gc] GC(940) Shrinking ParOldGen from 232960K by 18944K to 214016K
[2020-08-08T11:16:16.780+0300][146.443s][info ][gc] GC(940) Pause Full (Ergonomics) 175M->41M(323M) 71.740ms
[2020-08-08T11:16:16.978+0300][146.640s][info ][gc] GC(941) Pause Young (Allocation Failure) 98M->98M(323M) 188.019ms
[2020-08-08T11:16:17.292+0300][146.955s][info ][gc] GC(942) Pause Young (Allocation Failure) 156M->156M(323M) 307.125ms
[2020-08-08T11:16:17.307+0300][146.969s][debug][gc] GC(943) Shrinking ParOldGen from 214016K by 18944K to 195072K
[2020-08-08T11:16:17.307+0300][146.969s][info ][gc] GC(943) Pause Full (Ergonomics) 156M->22M(304M) 14.301ms
[2020-08-08T11:16:17.510+0300][147.173s][info ][gc] GC(944) Pause Young (Allocation Failure) 80M->79M(304M) 191.702ms
[2020-08-08T11:16:17.877+0300][147.539s][info ][gc] GC(945) Pause Young (Allocation Failure) 137M->136M(304M) 353.834ms
[2020-08-08T11:16:17.882+0300][147.544s][debug][gc] GC(946) Shrinking ParOldGen from 195072K by 20992K to 174080K
[2020-08-08T11:16:17.882+0300][147.544s][info ][gc] GC(946) Pause Full (Ergonomics) 136M->2M(284M) 5.089ms
[2020-08-08T11:16:17.925+0300][147.588s][info ][gc] GC(947) Pause Young (Allocation Failure) 60M->60M(284M) 35.078ms
[2020-08-08T11:16:18.030+0300][147.693s][info ][gc] GC(948) Pause Young (Allocation Failure) 117M->117M(284M) 94.052ms
[2020-08-08T11:16:18.331+0300][147.994s][debug][gc] GC(949) Expanding ParOldGen from 174080K by 117760K to 291840K
[2020-08-08T11:16:18.331+0300][147.994s][info ][gc] GC(949) Pause Full (Ergonomics) 117M->117M(399M) 300.883ms
[2020-08-08T11:16:18.384+0300][148.046s][info ][gc] GC(950) Pause Young (Allocation Failure) 174M->174M(399M) 42.888ms
[2020-08-08T11:16:18.482+0300][148.144s][info ][gc] GC(951) Pause Young (Allocation Failure) 232M->232M(399M) 88.417ms
[2020-08-08T11:16:18.727+0300][148.390s][debug][gc] GC(952) Shrinking ParOldGen from 291840K by 19456K to 272384K
[2020-08-08T11:16:18.727+0300][148.390s][info ][gc] GC(952) Pause Full (Ergonomics) 232M->98M(380M) 245.434ms
[2020-08-08T11:16:18.859+0300][148.522s][info ][gc] GC(953) Pause Young (Allocation Failure) 156M->156M(380M) 121.997ms
[2020-08-08T11:16:18.948+0300][148.611s][info ][gc] GC(954) Pause Young (Allocation Failure) 213M->213M(380M) 78.351ms
[2020-08-08T11:16:19.132+0300][148.795s][debug][gc] GC(955) Shrinking ParOldGen from 272384K by 18944K to 253440K
[2020-08-08T11:16:19.132+0300][148.795s][info ][gc] GC(955) Pause Full (Ergonomics) 213M->79M(361M) 184.147ms
[2020-08-08T11:16:19.334+0300][148.997s][info ][gc] GC(956) Pause Young (Allocation Failure) 136M->136M(361M) 190.777ms
[2020-08-08T11:16:19.474+0300][149.136s][info ][gc] GC(957) Pause Young (Allocation Failure) 193M->193M(361M) 126.711ms
[2020-08-08T11:16:19.599+0300][149.262s][debug][gc] GC(958) Shrinking ParOldGen from 253440K by 20480K to 232960K
[2020-08-08T11:16:19.599+0300][149.262s][info ][gc] GC(958) Pause Full (Ergonomics) 193M->59M(341M) 125.684ms
[2020-08-08T11:16:19.798+0300][149.461s][info ][gc] GC(959) Pause Young (Allocation Failure) 117M->117M(341M) 186.215ms
[2020-08-08T11:16:19.990+0300][149.652s][info ][gc] GC(960) Pause Young (Allocation Failure) 174M->175M(341M) 181.021ms
[2020-08-08T11:16:20.061+0300][149.723s][debug][gc] GC(961) Shrinking ParOldGen from 232960K by 18944K to 214016K
[2020-08-08T11:16:20.061+0300][149.723s][info ][gc] GC(961) Pause Full (Ergonomics) 175M->41M(323M) 71.068ms
[2020-08-08T11:16:20.258+0300][149.920s][info ][gc] GC(962) Pause Young (Allocation Failure) 98M->98M(323M) 186.486ms
[2020-08-08T11:16:20.571+0300][150.234s][info ][gc] GC(963) Pause Young (Allocation Failure) 156M->156M(323M) 305.510ms
[2020-08-08T11:16:20.585+0300][150.248s][debug][gc] GC(964) Shrinking ParOldGen from 214016K by 19456K to 194560K
[2020-08-08T11:16:20.585+0300][150.248s][info ][gc] GC(964) Pause Full (Ergonomics) 156M->22M(304M) 13.957ms
[2020-08-08T11:16:20.788+0300][150.450s][info ][gc] GC(965) Pause Young (Allocation Failure) 80M->79M(304M) 190.833ms
[2020-08-08T11:16:21.166+0300][150.829s][info ][gc] GC(966) Pause Young (Allocation Failure) 137M->136M(304M) 366.365ms
[2020-08-08T11:16:21.172+0300][150.834s][debug][gc] GC(967) Shrinking ParOldGen from 194560K by 20480K to 174080K
[2020-08-08T11:16:21.172+0300][150.834s][info ][gc] GC(967) Pause Full (Ergonomics) 136M->2M(284M) 5.168ms
[2020-08-08T11:16:21.215+0300][150.877s][info ][gc] GC(968) Pause Young (Allocation Failure) 60M->60M(284M) 34.323ms
[2020-08-08T11:16:21.317+0300][150.979s][info ][gc] GC(969) Pause Young (Allocation Failure) 117M->117M(284M) 91.836ms
[2020-08-08T11:16:21.616+0300][151.279s][debug][gc] GC(970) Expanding ParOldGen from 174080K by 117760K to 291840K
[2020-08-08T11:16:21.616+0300][151.279s][info ][gc] GC(970) Pause Full (Ergonomics) 117M->117M(399M) 299.461ms
[2020-08-08T11:16:21.670+0300][151.332s][info ][gc] GC(971) Pause Young (Allocation Failure) 174M->174M(399M) 42.277ms
[2020-08-08T11:16:21.767+0300][151.430s][info ][gc] GC(972) Pause Young (Allocation Failure) 232M->232M(399M) 87.744ms
[2020-08-08T11:16:22.003+0300][151.666s][debug][gc] GC(973) Shrinking ParOldGen from 291840K by 19456K to 272384K
[2020-08-08T11:16:22.003+0300][151.666s][info ][gc] GC(973) Pause Full (Ergonomics) 232M->98M(380M) 236.087ms
[2020-08-08T11:16:22.125+0300][151.787s][info ][gc] GC(974) Pause Young (Allocation Failure) 156M->156M(380M) 112.525ms
[2020-08-08T11:16:22.213+0300][151.876s][info ][gc] GC(975) Pause Young (Allocation Failure) 213M->213M(380M) 79.248ms
[2020-08-08T11:16:22.396+0300][152.058s][debug][gc] GC(976) Shrinking ParOldGen from 272384K by 18944K to 253440K
[2020-08-08T11:16:22.396+0300][152.058s][info ][gc] GC(976) Pause Full (Ergonomics) 213M->79M(361M) 182.238ms
[2020-08-08T11:16:22.596+0300][152.259s][info ][gc] GC(977) Pause Young (Allocation Failure) 136M->136M(361M) 191.188ms
[2020-08-08T11:16:22.718+0300][152.381s][info ][gc] GC(978) Pause Young (Allocation Failure) 193M->193M(361M) 111.999ms
[2020-08-08T11:16:22.838+0300][152.501s][debug][gc] GC(979) Shrinking ParOldGen from 253440K by 20480K to 232960K
[2020-08-08T11:16:22.838+0300][152.501s][info ][gc] GC(979) Pause Full (Ergonomics) 193M->59M(341M) 119.893ms
[2020-08-08T11:16:23.026+0300][152.688s][info ][gc] GC(980) Pause Young (Allocation Failure) 117M->117M(341M) 175.713ms
[2020-08-08T11:16:23.224+0300][152.886s][info ][gc] GC(981) Pause Young (Allocation Failure) 174M->175M(341M) 189.988ms
[2020-08-08T11:16:23.292+0300][152.955s][debug][gc] GC(982) Shrinking ParOldGen from 232960K by 18944K to 214016K
[2020-08-08T11:16:23.292+0300][152.955s][info ][gc] GC(982) Pause Full (Ergonomics) 175M->41M(323M) 68.796ms
[2020-08-08T11:16:23.492+0300][153.155s][info ][gc] GC(983) Pause Young (Allocation Failure) 98M->98M(323M) 189.426ms
[2020-08-08T11:16:23.800+0300][153.462s][info ][gc] GC(984) Pause Young (Allocation Failure) 156M->156M(323M) 299.271ms
[2020-08-08T11:16:23.814+0300][153.477s][debug][gc] GC(985) Shrinking ParOldGen from 214016K by 19456K to 194560K
[2020-08-08T11:16:23.814+0300][153.477s][info ][gc] GC(985) Pause Full (Ergonomics) 156M->22M(304M) 14.088ms
[2020-08-08T11:16:24.016+0300][153.678s][info ][gc] GC(986) Pause Young (Allocation Failure) 80M->79M(304M) 189.547ms
[2020-08-08T11:16:24.392+0300][154.055s][info ][gc] GC(987) Pause Young (Allocation Failure) 137M->136M(304M) 365.811ms
[2020-08-08T11:16:24.397+0300][154.060s][debug][gc] GC(988) Shrinking ParOldGen from 194560K by 20480K to 174080K
[2020-08-08T11:16:24.397+0300][154.060s][info ][gc] GC(988) Pause Full (Ergonomics) 136M->2M(284M) 5.096ms
[2020-08-08T11:16:24.443+0300][154.106s][info ][gc] GC(989) Pause Young (Allocation Failure) 60M->59M(284M) 37.137ms
[2020-08-08T11:16:24.549+0300][154.212s][info ][gc] GC(990) Pause Young (Allocation Failure) 117M->117M(284M) 95.569ms
[2020-08-08T11:16:24.853+0300][154.516s][debug][gc] GC(991) Expanding ParOldGen from 174080K by 117760K to 291840K
[2020-08-08T11:16:24.853+0300][154.516s][info ][gc] GC(991) Pause Full (Ergonomics) 117M->117M(399M) 303.676ms
[2020-08-08T11:16:24.905+0300][154.568s][info ][gc] GC(992) Pause Young (Allocation Failure) 174M->174M(399M) 41.479ms
[2020-08-08T11:16:25.000+0300][154.663s][info ][gc] GC(993) Pause Young (Allocation Failure) 232M->232M(399M) 84.047ms
[2020-08-08T11:16:25.250+0300][154.912s][debug][gc] GC(994) Shrinking ParOldGen from 291840K by 19456K to 272384K
[2020-08-08T11:16:25.250+0300][154.912s][info ][gc] GC(994) Pause Full (Ergonomics) 232M->98M(380M) 249.374ms
[2020-08-08T11:16:25.375+0300][155.038s][info ][gc] GC(995) Pause Young (Allocation Failure) 156M->156M(380M) 117.812ms
[2020-08-08T11:16:25.464+0300][155.126s][info ][gc] GC(996) Pause Young (Allocation Failure) 213M->213M(380M) 78.461ms
[2020-08-08T11:16:25.647+0300][155.310s][debug][gc] GC(997) Shrinking ParOldGen from 272384K by 18944K to 253440K
[2020-08-08T11:16:25.647+0300][155.310s][info ][gc] GC(997) Pause Full (Ergonomics) 213M->79M(361M) 183.716ms
[2020-08-08T11:16:25.846+0300][155.508s][info ][gc] GC(998) Pause Young (Allocation Failure) 136M->136M(361M) 189.062ms
[2020-08-08T11:16:25.977+0300][155.639s][info ][gc] GC(999) Pause Young (Allocation Failure) 193M->193M(361M) 118.906ms
[2020-08-08T11:16:26.106+0300][155.769s][debug][gc] GC(1000) Shrinking ParOldGen from 253440K by 20480K to 232960K
[2020-08-08T11:16:26.106+0300][155.769s][info ][gc] GC(1000) Pause Full (Ergonomics) 193M->59M(341M) 129.679ms
[2020-08-08T11:16:26.297+0300][155.960s][info ][gc] GC(1001) Pause Young (Allocation Failure) 117M->117M(341M) 178.585ms
[2020-08-08T11:16:26.505+0300][156.168s][info ][gc] GC(1002) Pause Young (Allocation Failure) 174M->175M(341M) 198.654ms
[2020-08-08T11:16:26.578+0300][156.240s][debug][gc] GC(1003) Shrinking ParOldGen from 232960K by 18944K to 214016K
[2020-08-08T11:16:26.578+0300][156.240s][info ][gc] GC(1003) Pause Full (Ergonomics) 175M->41M(323M) 72.556ms
[2020-08-08T11:16:26.749+0300][156.412s][info ][gc] GC(1004) Pause Young (Allocation Failure) 98M->98M(323M) 159.843ms
[2020-08-08T11:16:27.068+0300][156.730s][info ][gc] GC(1005) Pause Young (Allocation Failure) 156M->156M(323M) 309.007ms
[2020-08-08T11:16:27.082+0300][156.745s][debug][gc] GC(1006) Shrinking ParOldGen from 214016K by 18944K to 195072K
[2020-08-08T11:16:27.082+0300][156.745s][info ][gc] GC(1006) Pause Full (Ergonomics) 156M->22M(304M) 14.566ms
[2020-08-08T11:16:27.278+0300][156.941s][info ][gc] GC(1007) Pause Young (Allocation Failure) 80M->79M(304M) 182.156ms
[2020-08-08T11:16:27.648+0300][157.311s][info ][gc] GC(1008) Pause Young (Allocation Failure) 137M->136M(304M) 358.039ms
[2020-08-08T11:16:27.654+0300][157.316s][debug][gc] GC(1009) Shrinking ParOldGen from 195072K by 20992K to 174080K
[2020-08-08T11:16:27.654+0300][157.316s][info ][gc] GC(1009) Pause Full (Ergonomics) 136M->2M(284M) 5.146ms
[2020-08-08T11:16:27.701+0300][157.364s][info ][gc] GC(1010) Pause Young (Allocation Failure) 60M->60M(284M) 34.955ms
[2020-08-08T11:16:27.811+0300][157.473s][info ][gc] GC(1011) Pause Young (Allocation Failure) 117M->117M(284M) 97.599ms
[2020-08-08T11:16:28.107+0300][157.770s][debug][gc] GC(1012) Expanding ParOldGen from 174080K by 117760K to 291840K
[2020-08-08T11:16:28.107+0300][157.770s][info ][gc] GC(1012) Pause Full (Ergonomics) 117M->117M(399M) 296.250ms
[2020-08-08T11:16:28.159+0300][157.822s][info ][gc] GC(1013) Pause Young (Allocation Failure) 174M->174M(399M) 40.625ms
[2020-08-08T11:16:28.258+0300][157.920s][info ][gc] GC(1014) Pause Young (Allocation Failure) 232M->232M(399M) 86.889ms
[2020-08-08T11:16:28.501+0300][158.163s][debug][gc] GC(1015) Shrinking ParOldGen from 291840K by 19456K to 272384K
[2020-08-08T11:16:28.501+0300][158.163s][info ][gc] GC(1015) Pause Full (Ergonomics) 232M->98M(380M) 242.877ms
[2020-08-08T11:16:28.635+0300][158.297s][info ][gc] GC(1016) Pause Young (Allocation Failure) 156M->156M(380M) 124.649ms
[2020-08-08T11:16:28.726+0300][158.388s][info ][gc] GC(1017) Pause Young (Allocation Failure) 213M->213M(380M) 80.031ms
[2020-08-08T11:16:28.910+0300][158.572s][debug][gc] GC(1018) Shrinking ParOldGen from 272384K by 18944K to 253440K
[2020-08-08T11:16:28.910+0300][158.572s][info ][gc] GC(1018) Pause Full (Ergonomics) 213M->79M(361M) 184.130ms
[2020-08-08T11:16:29.105+0300][158.767s][info ][gc] GC(1019) Pause Young (Allocation Failure) 136M->136M(361M) 185.309ms
[2020-08-08T11:16:29.226+0300][158.889s][info ][gc] GC(1020) Pause Young (Allocation Failure) 193M->193M(361M) 111.295ms
[2020-08-08T11:16:29.351+0300][159.014s][debug][gc] GC(1021) Shrinking ParOldGen from 253440K by 20480K to 232960K
[2020-08-08T11:16:29.351+0300][159.014s][info ][gc] GC(1021) Pause Full (Ergonomics) 193M->59M(341M) 124.661ms
[2020-08-08T11:16:29.534+0300][159.196s][info ][gc] GC(1022) Pause Young (Allocation Failure) 117M->117M(341M) 172.351ms
[2020-08-08T11:16:29.736+0300][159.399s][info ][gc] GC(1023) Pause Young (Allocation Failure) 174M->175M(341M) 194.484ms
[2020-08-08T11:16:29.806+0300][159.469s][debug][gc] GC(1024) Shrinking ParOldGen from 232960K by 18944K to 214016K
[2020-08-08T11:16:29.806+0300][159.469s][info ][gc] GC(1024) Pause Full (Ergonomics) 175M->41M(323M) 69.931ms
[2020-08-08T11:16:30.009+0300][159.671s][info ][gc] GC(1025) Pause Young (Allocation Failure) 98M->98M(323M) 192.535ms
[2020-08-08T11:16:30.321+0300][159.984s][info ][gc] GC(1026) Pause Young (Allocation Failure) 156M->156M(323M) 304.565ms
[2020-08-08T11:16:30.335+0300][159.997s][debug][gc] GC(1027) Shrinking ParOldGen from 214016K by 18944K to 195072K
[2020-08-08T11:16:30.335+0300][159.997s][info ][gc] GC(1027) Pause Full (Ergonomics) 156M->22M(304M) 13.543ms
[2020-08-08T11:16:30.534+0300][160.196s][info ][gc] GC(1028) Pause Young (Allocation Failure) 80M->79M(304M) 187.678ms
[2020-08-08T11:16:30.913+0300][160.575s][info ][gc] GC(1029) Pause Young (Allocation Failure) 137M->136M(304M) 368.797ms
[2020-08-08T11:16:30.918+0300][160.580s][debug][gc] GC(1030) Shrinking ParOldGen from 195072K by 20992K to 174080K
[2020-08-08T11:16:30.918+0300][160.580s][info ][gc] GC(1030) Pause Full (Ergonomics) 136M->2M(284M) 5.180ms
[2020-08-08T11:16:30.961+0300][160.624s][info ][gc] GC(1031) Pause Young (Allocation Failure) 60M->60M(284M) 34.538ms
[2020-08-08T11:16:31.065+0300][160.727s][info ][gc] GC(1032) Pause Young (Allocation Failure) 117M->117M(284M) 91.916ms
[2020-08-08T11:16:31.366+0300][161.028s][debug][gc] GC(1033) Expanding ParOldGen from 174080K by 117760K to 291840K
[2020-08-08T11:16:31.366+0300][161.028s][info ][gc] GC(1033) Pause Full (Ergonomics) 117M->117M(399M) 300.810ms
[2020-08-08T11:16:31.416+0300][161.079s][info ][gc] GC(1034) Pause Young (Allocation Failure) 174M->174M(399M) 40.820ms
[2020-08-08T11:16:31.510+0300][161.172s][info ][gc] GC(1035) Pause Young (Allocation Failure) 232M->232M(399M) 83.297ms
[2020-08-08T11:16:31.754+0300][161.417s][debug][gc] GC(1036) Shrinking ParOldGen from 291840K by 19456K to 272384K
[2020-08-08T11:16:31.754+0300][161.417s][info ][gc] GC(1036) Pause Full (Ergonomics) 232M->98M(380M) 244.541ms
[2020-08-08T11:16:31.880+0300][161.542s][info ][gc] GC(1037) Pause Young (Allocation Failure) 156M->156M(380M) 118.327ms
[2020-08-08T11:16:31.971+0300][161.633s][info ][gc] GC(1038) Pause Young (Allocation Failure) 213M->213M(380M) 80.693ms
[2020-08-08T11:16:32.154+0300][161.817s][debug][gc] GC(1039) Shrinking ParOldGen from 272384K by 18944K to 253440K
[2020-08-08T11:16:32.154+0300][161.817s][info ][gc] GC(1039) Pause Full (Ergonomics) 213M->79M(361M) 183.274ms
[2020-08-08T11:16:32.348+0300][162.010s][info ][gc] GC(1040) Pause Young (Allocation Failure) 136M->136M(361M) 184.063ms
[2020-08-08T11:16:32.478+0300][162.141s][info ][gc] GC(1041) Pause Young (Allocation Failure) 193M->193M(361M) 120.234ms
[2020-08-08T11:16:32.603+0300][162.266s][debug][gc] GC(1042) Shrinking ParOldGen from 253440K by 20480K to 232960K
[2020-08-08T11:16:32.603+0300][162.266s][info ][gc] GC(1042) Pause Full (Ergonomics) 193M->59M(341M) 124.940ms
[2020-08-08T11:16:32.795+0300][162.457s][info ][gc] GC(1043) Pause Young (Allocation Failure) 117M->117M(341M) 178.816ms
[2020-08-08T11:16:32.993+0300][162.655s][info ][gc] GC(1044) Pause Young (Allocation Failure) 174M->175M(341M) 188.588ms
[2020-08-08T11:16:33.062+0300][162.724s][debug][gc] GC(1045) Shrinking ParOldGen from 232960K by 18944K to 214016K
[2020-08-08T11:16:33.062+0300][162.724s][info ][gc] GC(1045) Pause Full (Ergonomics) 175M->41M(323M) 69.119ms
[2020-08-08T11:16:33.263+0300][162.926s][info ][gc] GC(1046) Pause Young (Allocation Failure) 98M->98M(323M) 191.258ms
[2020-08-08T11:16:33.575+0300][163.238s][info ][gc] GC(1047) Pause Young (Allocation Failure) 156M->156M(323M) 302.807ms
[2020-08-08T11:16:33.589+0300][163.252s][debug][gc] GC(1048) Shrinking ParOldGen from 214016K by 19456K to 194560K
[2020-08-08T11:16:33.589+0300][163.252s][info ][gc] GC(1048) Pause Full (Ergonomics) 156M->22M(304M) 13.652ms
[2020-08-08T11:16:33.787+0300][163.449s][info ][gc] GC(1049) Pause Young (Allocation Failure) 80M->79M(304M) 184.904ms
[2020-08-08T11:16:34.154+0300][163.817s][info ][gc] GC(1050) Pause Young (Allocation Failure) 137M->136M(304M) 357.801ms
[2020-08-08T11:16:34.159+0300][163.822s][debug][gc] GC(1051) Shrinking ParOldGen from 194560K by 20480K to 174080K
[2020-08-08T11:16:34.160+0300][163.822s][info ][gc] GC(1051) Pause Full (Ergonomics) 136M->2M(284M) 5.104ms
[2020-08-08T11:16:34.204+0300][163.867s][info ][gc] GC(1052) Pause Young (Allocation Failure) 60M->60M(284M) 36.715ms
[2020-08-08T11:16:34.310+0300][163.973s][info ][gc] GC(1053) Pause Young (Allocation Failure) 117M->117M(284M) 95.083ms
[2020-08-08T11:16:34.611+0300][164.274s][debug][gc] GC(1054) Expanding ParOldGen from 174080K by 117760K to 291840K
[2020-08-08T11:16:34.611+0300][164.274s][info ][gc] GC(1054) Pause Full (Ergonomics) 117M->117M(399M) 300.722ms
[2020-08-08T11:16:34.662+0300][164.324s][info ][gc] GC(1055) Pause Young (Allocation Failure) 174M->174M(399M) 39.581ms
[2020-08-08T11:16:34.760+0300][164.422s][info ][gc] GC(1056) Pause Young (Allocation Failure) 232M->232M(399M) 87.742ms
[2020-08-08T11:16:35.002+0300][164.665s][debug][gc] GC(1057) Shrinking ParOldGen from 291840K by 19456K to 272384K
[2020-08-08T11:16:35.002+0300][164.665s][info ][gc] GC(1057) Pause Full (Ergonomics) 232M->98M(380M) 242.252ms
[2020-08-08T11:16:35.124+0300][164.786s][info ][gc] GC(1058) Pause Young (Allocation Failure) 156M->156M(380M) 113.577ms
[2020-08-08T11:16:35.214+0300][164.876s][info ][gc] GC(1059) Pause Young (Allocation Failure) 213M->213M(380M) 80.318ms
[2020-08-08T11:16:35.399+0300][165.062s][debug][gc] GC(1060) Shrinking ParOldGen from 272384K by 18944K to 253440K
[2020-08-08T11:16:35.399+0300][165.062s][info ][gc] GC(1060) Pause Full (Ergonomics) 213M->79M(361M) 185.362ms
[2020-08-08T11:16:35.599+0300][165.262s][info ][gc] GC(1061) Pause Young (Allocation Failure) 136M->136M(361M) 190.118ms
[2020-08-08T11:16:35.726+0300][165.389s][info ][gc] GC(1062) Pause Young (Allocation Failure) 193M->193M(361M) 116.224ms
[2020-08-08T11:16:35.856+0300][165.519s][debug][gc] GC(1063) Shrinking ParOldGen from 253440K by 20480K to 232960K
[2020-08-08T11:16:35.856+0300][165.519s][info ][gc] GC(1063) Pause Full (Ergonomics) 193M->59M(341M) 130.228ms
[2020-08-08T11:16:36.041+0300][165.704s][info ][gc] GC(1064) Pause Young (Allocation Failure) 117M->117M(341M) 173.659ms
[2020-08-08T11:16:36.247+0300][165.910s][info ][gc] GC(1065) Pause Young (Allocation Failure) 174M->175M(341M) 198.092ms
[2020-08-08T11:16:36.318+0300][165.981s][debug][gc] GC(1066) Shrinking ParOldGen from 232960K by 18944K to 214016K
[2020-08-08T11:16:36.318+0300][165.981s][info ][gc] GC(1066) Pause Full (Ergonomics) 175M->41M(323M) 70.821ms
[2020-08-08T11:16:36.511+0300][166.174s][info ][gc] GC(1067) Pause Young (Allocation Failure) 98M->98M(323M) 181.916ms
[2020-08-08T11:16:36.825+0300][166.487s][info ][gc] GC(1068) Pause Young (Allocation Failure) 156M->156M(323M) 304.635ms
[2020-08-08T11:16:36.839+0300][166.502s][debug][gc] GC(1069) Shrinking ParOldGen from 214016K by 19456K to 194560K
[2020-08-08T11:16:36.839+0300][166.502s][info ][gc] GC(1069) Pause Full (Ergonomics) 156M->22M(304M) 14.687ms
[2020-08-08T11:16:37.037+0300][166.700s][info ][gc] GC(1070) Pause Young (Allocation Failure) 80M->79M(304M) 184.816ms
[2020-08-08T11:16:37.386+0300][167.049s][info ][gc] GC(1071) Pause Young (Allocation Failure) 137M->136M(304M) 338.975ms
[2020-08-08T11:16:37.391+0300][167.054s][debug][gc] GC(1072) Shrinking ParOldGen from 194560K by 20480K to 174080K
[2020-08-08T11:16:37.392+0300][167.054s][info ][gc] GC(1072) Pause Full (Ergonomics) 136M->2M(284M) 5.555ms
[2020-08-08T11:16:37.434+0300][167.097s][info ][gc] GC(1073) Pause Young (Allocation Failure) 60M->59M(284M) 33.885ms
[2020-08-08T11:16:37.539+0300][167.201s][info ][gc] GC(1074) Pause Young (Allocation Failure) 117M->117M(284M) 93.748ms
[2020-08-08T11:16:37.836+0300][167.498s][debug][gc] GC(1075) Expanding ParOldGen from 174080K by 117760K to 291840K
[2020-08-08T11:16:37.836+0300][167.498s][info ][gc] GC(1075) Pause Full (Ergonomics) 117M->117M(399M) 297.019ms
[2020-08-08T11:16:37.893+0300][167.555s][info ][gc] GC(1076) Pause Young (Allocation Failure) 174M->174M(399M) 45.263ms
[2020-08-08T11:16:37.988+0300][167.651s][info ][gc] GC(1077) Pause Young (Allocation Failure) 232M->232M(399M) 85.077ms
[2020-08-08T11:16:38.252+0300][167.914s][debug][gc] GC(1078) Shrinking ParOldGen from 291840K by 19456K to 272384K
[2020-08-08T11:16:38.252+0300][167.915s][info ][gc] GC(1078) Pause Full (Ergonomics) 232M->98M(380M) 263.438ms
[2020-08-08T11:16:38.383+0300][168.046s][info ][gc] GC(1079) Pause Young (Allocation Failure) 156M->156M(380M) 122.743ms
[2020-08-08T11:16:38.472+0300][168.135s][info ][gc] GC(1080) Pause Young (Allocation Failure) 213M->213M(380M) 78.418ms
[2020-08-08T11:16:38.654+0300][168.317s][debug][gc] GC(1081) Shrinking ParOldGen from 272384K by 18944K to 253440K
[2020-08-08T11:16:38.654+0300][168.317s][info ][gc] GC(1081) Pause Full (Ergonomics) 213M->79M(361M) 181.906ms
[2020-08-08T11:16:38.850+0300][168.512s][info ][gc] GC(1082) Pause Young (Allocation Failure) 136M->136M(361M) 186.025ms
[2020-08-08T11:16:38.983+0300][168.646s][info ][gc] GC(1083) Pause Young (Allocation Failure) 193M->193M(361M) 121.180ms
[2020-08-08T11:16:39.106+0300][168.769s][debug][gc] GC(1084) Shrinking ParOldGen from 253440K by 20480K to 232960K
[2020-08-08T11:16:39.106+0300][168.769s][info ][gc] GC(1084) Pause Full (Ergonomics) 193M->59M(341M) 123.315ms
[2020-08-08T11:16:39.294+0300][168.956s][info ][gc] GC(1085) Pause Young (Allocation Failure) 117M->117M(341M) 176.473ms
[2020-08-08T11:16:39.492+0300][169.155s][info ][gc] GC(1086) Pause Young (Allocation Failure) 174M->175M(341M) 189.689ms
[2020-08-08T11:16:39.564+0300][169.227s][debug][gc] GC(1087) Shrinking ParOldGen from 232960K by 18944K to 214016K
[2020-08-08T11:16:39.565+0300][169.227s][info ][gc] GC(1087) Pause Full (Ergonomics) 175M->41M(323M) 72.306ms
[2020-08-08T11:16:39.769+0300][169.431s][info ][gc] GC(1088) Pause Young (Allocation Failure) 98M->98M(323M) 193.504ms
[2020-08-08T11:16:40.079+0300][169.741s][info ][gc] GC(1089) Pause Young (Allocation Failure) 156M->156M(323M) 302.076ms
[2020-08-08T11:16:40.093+0300][169.755s][debug][gc] GC(1090) Shrinking ParOldGen from 214016K by 18944K to 195072K
[2020-08-08T11:16:40.093+0300][169.755s][info ][gc] GC(1090) Pause Full (Ergonomics) 156M->22M(304M) 13.977ms
[2020-08-08T11:16:40.292+0300][169.954s][info ][gc] GC(1091) Pause Young (Allocation Failure) 80M->79M(304M) 186.406ms
[2020-08-08T11:16:40.672+0300][170.335s][info ][gc] GC(1092) Pause Young (Allocation Failure) 137M->136M(304M) 370.069ms
[2020-08-08T11:16:40.677+0300][170.340s][debug][gc] GC(1093) Shrinking ParOldGen from 195072K by 20992K to 174080K
[2020-08-08T11:16:40.677+0300][170.340s][info ][gc] GC(1093) Pause Full (Ergonomics) 136M->2M(284M) 5.341ms
[2020-08-08T11:16:40.722+0300][170.385s][info ][gc] GC(1094) Pause Young (Allocation Failure) 60M->60M(284M) 35.087ms
[2020-08-08T11:16:40.826+0300][170.489s][info ][gc] GC(1095) Pause Young (Allocation Failure) 117M->117M(284M) 92.630ms
[2020-08-08T11:16:41.137+0300][170.799s][debug][gc] GC(1096) Expanding ParOldGen from 174080K by 117760K to 291840K
[2020-08-08T11:16:41.137+0300][170.799s][info ][gc] GC(1096) Pause Full (Ergonomics) 117M->117M(399M) 310.631ms
[2020-08-08T11:16:41.194+0300][170.856s][info ][gc] GC(1097) Pause Young (Allocation Failure) 174M->174M(399M) 44.479ms
[2020-08-08T11:16:41.288+0300][170.951s][info ][gc] GC(1098) Pause Young (Allocation Failure) 232M->232M(399M) 84.654ms
[2020-08-08T11:16:41.538+0300][171.200s][debug][gc] GC(1099) Shrinking ParOldGen from 291840K by 19456K to 272384K
[2020-08-08T11:16:41.538+0300][171.200s][info ][gc] GC(1099) Pause Full (Ergonomics) 232M->98M(380M) 249.363ms
[2020-08-08T11:16:41.664+0300][171.327s][info ][gc] GC(1100) Pause Young (Allocation Failure) 156M->156M(380M) 118.139ms
[2020-08-08T11:16:41.752+0300][171.415s][info ][gc] GC(1101) Pause Young (Allocation Failure) 213M->213M(380M) 77.127ms
[2020-08-08T11:16:41.937+0300][171.600s][debug][gc] GC(1102) Shrinking ParOldGen from 272384K by 18944K to 253440K
[2020-08-08T11:16:41.937+0300][171.600s][info ][gc] GC(1102) Pause Full (Ergonomics) 213M->79M(361M) 185.173ms
[2020-08-08T11:16:42.136+0300][171.799s][info ][gc] GC(1103) Pause Young (Allocation Failure) 136M->136M(361M) 189.061ms
[2020-08-08T11:16:42.257+0300][171.920s][info ][gc] GC(1104) Pause Young (Allocation Failure) 193M->193M(361M) 106.083ms
[2020-08-08T11:16:42.385+0300][172.048s][debug][gc] GC(1105) Shrinking ParOldGen from 253440K by 20480K to 232960K
[2020-08-08T11:16:42.385+0300][172.048s][info ][gc] GC(1105) Pause Full (Ergonomics) 193M->59M(341M) 127.676ms
[2020-08-08T11:16:42.560+0300][172.222s][info ][gc] GC(1106) Pause Young (Allocation Failure) 117M->117M(341M) 162.413ms
[2020-08-08T11:16:42.752+0300][172.415s][info ][gc] GC(1107) Pause Young (Allocation Failure) 174M->175M(341M) 183.993ms
[2020-08-08T11:16:42.825+0300][172.488s][debug][gc] GC(1108) Shrinking ParOldGen from 232960K by 18944K to 214016K
[2020-08-08T11:16:42.825+0300][172.488s][info ][gc] GC(1108) Pause Full (Ergonomics) 175M->41M(323M) 73.000ms
[2020-08-08T11:16:43.020+0300][172.682s][info ][gc] GC(1109) Pause Young (Allocation Failure) 98M->98M(323M) 184.709ms
[2020-08-08T11:16:43.322+0300][172.985s][info ][gc] GC(1110) Pause Young (Allocation Failure) 156M->156M(323M) 294.939ms
[2020-08-08T11:16:43.336+0300][172.999s][debug][gc] GC(1111) Shrinking ParOldGen from 214016K by 19456K to 194560K
[2020-08-08T11:16:43.336+0300][172.999s][info ][gc] GC(1111) Pause Full (Ergonomics) 156M->22M(304M) 13.943ms
[2020-08-08T11:16:43.539+0300][173.201s][info ][gc] GC(1112) Pause Young (Allocation Failure) 80M->79M(304M) 189.268ms
[2020-08-08T11:16:43.908+0300][173.570s][info ][gc] GC(1113) Pause Young (Allocation Failure) 137M->136M(304M) 357.003ms
[2020-08-08T11:16:43.913+0300][173.575s][debug][gc] GC(1114) Shrinking ParOldGen from 194560K by 20480K to 174080K
[2020-08-08T11:16:43.913+0300][173.575s][info ][gc] GC(1114) Pause Full (Ergonomics) 136M->2M(284M) 4.939ms
[2020-08-08T11:16:43.955+0300][173.618s][info ][gc] GC(1115) Pause Young (Allocation Failure) 60M->60M(284M) 33.944ms
[2020-08-08T11:16:44.059+0300][173.722s][info ][gc] GC(1116) Pause Young (Allocation Failure) 117M->117M(284M) 92.819ms
[2020-08-08T11:16:44.361+0300][174.024s][debug][gc] GC(1117) Expanding ParOldGen from 174080K by 117760K to 291840K
[2020-08-08T11:16:44.361+0300][174.024s][info ][gc] GC(1117) Pause Full (Ergonomics) 117M->117M(399M) 301.958ms
[2020-08-08T11:16:44.410+0300][174.072s][info ][gc] GC(1118) Pause Young (Allocation Failure) 174M->174M(399M) 37.470ms
[2020-08-08T11:16:44.507+0300][174.170s][info ][gc] GC(1119) Pause Young (Allocation Failure) 232M->232M(399M) 87.115ms
[2020-08-08T11:16:44.749+0300][174.412s][debug][gc] GC(1120) Shrinking ParOldGen from 291840K by 19456K to 272384K
[2020-08-08T11:16:44.749+0300][174.412s][info ][gc] GC(1120) Pause Full (Ergonomics) 232M->98M(380M) 241.662ms
[2020-08-08T11:16:44.871+0300][174.534s][info ][gc] GC(1121) Pause Young (Allocation Failure) 156M->156M(380M) 113.690ms
[2020-08-08T11:16:44.962+0300][174.625s][info ][gc] GC(1122) Pause Young (Allocation Failure) 213M->213M(380M) 80.461ms
[2020-08-08T11:16:45.148+0300][174.811s][debug][gc] GC(1123) Shrinking ParOldGen from 272384K by 18944K to 253440K
[2020-08-08T11:16:45.148+0300][174.811s][info ][gc] GC(1123) Pause Full (Ergonomics) 213M->79M(361M) 186.141ms
[2020-08-08T11:16:45.322+0300][174.985s][info ][gc] GC(1124) Pause Young (Allocation Failure) 136M->136M(361M) 163.269ms
[2020-08-08T11:16:45.507+0300][175.170s][info ][gc] GC(1125) Pause Young (Allocation Failure) 193M->193M(361M) 174.287ms
[2020-08-08T11:16:45.633+0300][175.296s][debug][gc] GC(1126) Shrinking ParOldGen from 253440K by 20480K to 232960K
[2020-08-08T11:16:45.634+0300][175.296s][info ][gc] GC(1126) Pause Full (Ergonomics) 193M->59M(341M) 126.620ms
[2020-08-08T11:16:45.824+0300][175.487s][info ][gc] GC(1127) Pause Young (Allocation Failure) 117M->117M(341M) 178.004ms
[2020-08-08T11:16:46.026+0300][175.689s][info ][gc] GC(1128) Pause Young (Allocation Failure) 174M->175M(341M) 195.243ms
[2020-08-08T11:16:46.097+0300][175.760s][debug][gc] GC(1129) Shrinking ParOldGen from 232960K by 18944K to 214016K
[2020-08-08T11:16:46.097+0300][175.760s][info ][gc] GC(1129) Pause Full (Ergonomics) 175M->41M(323M) 70.581ms
[2020-08-08T11:16:46.297+0300][175.960s][info ][gc] GC(1130) Pause Young (Allocation Failure) 98M->98M(323M) 190.093ms
[2020-08-08T11:16:46.598+0300][176.261s][info ][gc] GC(1131) Pause Young (Allocation Failure) 156M->156M(323M) 291.411ms
[2020-08-08T11:16:46.612+0300][176.275s][debug][gc] GC(1132) Shrinking ParOldGen from 214016K by 19456K to 194560K
[2020-08-08T11:16:46.612+0300][176.275s][info ][gc] GC(1132) Pause Full (Ergonomics) 156M->22M(304M) 14.070ms
[2020-08-08T11:16:46.817+0300][176.480s][info ][gc] GC(1133) Pause Young (Allocation Failure) 80M->79M(304M) 191.978ms
[2020-08-08T11:16:47.191+0300][176.854s][info ][gc] GC(1134) Pause Young (Allocation Failure) 137M->136M(304M) 360.580ms
[2020-08-08T11:16:47.197+0300][176.859s][debug][gc] GC(1135) Shrinking ParOldGen from 194560K by 20480K to 174080K
[2020-08-08T11:16:47.197+0300][176.859s][info ][gc] GC(1135) Pause Full (Ergonomics) 136M->2M(284M) 5.128ms
[2020-08-08T11:16:47.244+0300][176.907s][info ][gc] GC(1136) Pause Young (Allocation Failure) 60M->60M(284M) 37.185ms
[2020-08-08T11:16:47.349+0300][177.011s][info ][gc] GC(1137) Pause Young (Allocation Failure) 117M->117M(284M) 93.052ms
[2020-08-08T11:16:47.652+0300][177.314s][debug][gc] GC(1138) Expanding ParOldGen from 174080K by 117760K to 291840K
[2020-08-08T11:16:47.652+0300][177.314s][info ][gc] GC(1138) Pause Full (Ergonomics) 117M->117M(399M) 303.089ms
[2020-08-08T11:16:47.708+0300][177.370s][info ][gc] GC(1139) Pause Young (Allocation Failure) 174M->174M(399M) 45.299ms
[2020-08-08T11:16:47.805+0300][177.467s][info ][gc] GC(1140) Pause Young (Allocation Failure) 232M->232M(399M) 86.673ms
[2020-08-08T11:16:48.051+0300][177.713s][debug][gc] GC(1141) Shrinking ParOldGen from 291840K by 19456K to 272384K
[2020-08-08T11:16:48.051+0300][177.713s][info ][gc] GC(1141) Pause Full (Ergonomics) 232M->98M(380M) 245.825ms
[2020-08-08T11:16:48.175+0300][177.838s][info ][gc] GC(1142) Pause Young (Allocation Failure) 156M->156M(380M) 116.248ms
[2020-08-08T11:16:48.266+0300][177.929s][info ][gc] GC(1143) Pause Young (Allocation Failure) 213M->213M(380M) 79.092ms
[2020-08-08T11:16:48.457+0300][178.120s][debug][gc] GC(1144) Shrinking ParOldGen from 272384K by 18944K to 253440K
[2020-08-08T11:16:48.457+0300][178.120s][info ][gc] GC(1144) Pause Full (Ergonomics) 213M->79M(361M) 191.159ms
[2020-08-08T11:16:48.656+0300][178.319s][info ][gc] GC(1145) Pause Young (Allocation Failure) 136M->136M(361M) 188.716ms
[2020-08-08T11:16:48.785+0300][178.447s][info ][gc] GC(1146) Pause Young (Allocation Failure) 193M->193M(361M) 116.797ms
[2020-08-08T11:16:48.907+0300][178.569s][debug][gc] GC(1147) Shrinking ParOldGen from 253440K by 20480K to 232960K
[2020-08-08T11:16:48.907+0300][178.569s][info ][gc] GC(1147) Pause Full (Ergonomics) 193M->59M(341M) 122.189ms
[2020-08-08T11:16:49.093+0300][178.755s][info ][gc] GC(1148) Pause Young (Allocation Failure) 117M->117M(341M) 174.864ms
[2020-08-08T11:16:49.290+0300][178.953s][info ][gc] GC(1149) Pause Young (Allocation Failure) 174M->175M(341M) 189.204ms
[2020-08-08T11:16:49.362+0300][179.024s][debug][gc] GC(1150) Shrinking ParOldGen from 232960K by 18944K to 214016K
[2020-08-08T11:16:49.362+0300][179.024s][info ][gc] GC(1150) Pause Full (Ergonomics) 175M->41M(323M) 71.443ms
[2020-08-08T11:16:49.564+0300][179.227s][info ][gc] GC(1151) Pause Young (Allocation Failure) 98M->98M(323M) 191.978ms
[2020-08-08T11:16:49.880+0300][179.542s][info ][gc] GC(1152) Pause Young (Allocation Failure) 156M->156M(323M) 306.474ms
[2020-08-08T11:16:49.893+0300][179.556s][debug][gc] GC(1153) Shrinking ParOldGen from 214016K by 19456K to 194560K
[2020-08-08T11:16:49.893+0300][179.556s][info ][gc] GC(1153) Pause Full (Ergonomics) 156M->22M(304M) 13.382ms
[2020-08-08T11:16:50.092+0300][179.755s][info ][gc] GC(1154) Pause Young (Allocation Failure) 79M->79M(304M) 188.360ms
[2020-08-08T11:16:50.465+0300][180.128s][info ][gc] GC(1155) Pause Young (Allocation Failure) 137M->136M(304M) 363.299ms
[2020-08-08T11:16:50.470+0300][180.133s][debug][gc] GC(1156) Shrinking ParOldGen from 194560K by 20480K to 174080K
[2020-08-08T11:16:50.470+0300][180.133s][info ][gc] GC(1156) Pause Full (Ergonomics) 136M->2M(284M) 4.993ms
[2020-08-08T11:16:50.514+0300][180.177s][info ][gc] GC(1157) Pause Young (Allocation Failure) 60M->60M(284M) 35.802ms
[2020-08-08T11:16:50.619+0300][180.281s][info ][gc] GC(1158) Pause Young (Allocation Failure) 117M->117M(284M) 94.269ms
[2020-08-08T11:16:50.933+0300][180.595s][debug][gc] GC(1159) Expanding ParOldGen from 174080K by 117760K to 291840K
[2020-08-08T11:16:50.933+0300][180.595s][info ][gc] GC(1159) Pause Full (Ergonomics) 117M->117M(399M) 314.068ms
[2020-08-08T11:16:51.000+0300][180.663s][info ][gc] GC(1160) Pause Young (Allocation Failure) 174M->174M(399M) 46.531ms
[2020-08-08T11:16:51.101+0300][180.764s][info ][gc] GC(1161) Pause Young (Allocation Failure) 232M->232M(399M) 86.889ms
[2020-08-08T11:16:51.337+0300][181.000s][debug][gc] GC(1162) Shrinking ParOldGen from 291840K by 19456K to 272384K
[2020-08-08T11:16:51.337+0300][181.000s][info ][gc] GC(1162) Pause Full (Ergonomics) 232M->98M(380M) 236.150ms
[2020-08-08T11:16:51.468+0300][181.130s][info ][gc] GC(1163) Pause Young (Allocation Failure) 156M->156M(380M) 122.543ms
[2020-08-08T11:16:51.556+0300][181.219s][info ][gc] GC(1164) Pause Young (Allocation Failure) 213M->213M(380M) 78.858ms
[2020-08-08T11:16:51.742+0300][181.404s][debug][gc] GC(1165) Shrinking ParOldGen from 272384K by 18944K to 253440K
[2020-08-08T11:16:51.742+0300][181.404s][info ][gc] GC(1165) Pause Full (Ergonomics) 213M->79M(361M) 185.451ms
[2020-08-08T11:16:51.938+0300][181.600s][info ][gc] GC(1166) Pause Young (Allocation Failure) 136M->136M(361M) 185.836ms
[2020-08-08T11:16:52.078+0300][181.740s][info ][gc] GC(1167) Pause Young (Allocation Failure) 193M->193M(361M) 130.107ms
[2020-08-08T11:16:52.203+0300][181.866s][debug][gc] GC(1168) Shrinking ParOldGen from 253440K by 20480K to 232960K
[2020-08-08T11:16:52.204+0300][181.866s][info ][gc] GC(1168) Pause Full (Ergonomics) 193M->59M(341M) 125.738ms
[2020-08-08T11:16:52.388+0300][182.050s][info ][gc] GC(1169) Pause Young (Allocation Failure) 117M->117M(341M) 174.455ms
[2020-08-08T11:16:52.591+0300][182.254s][info ][gc] GC(1170) Pause Young (Allocation Failure) 174M->175M(341M) 195.494ms
[2020-08-08T11:16:52.661+0300][182.323s][debug][gc] GC(1171) Shrinking ParOldGen from 232960K by 18944K to 214016K
[2020-08-08T11:16:52.661+0300][182.323s][info ][gc] GC(1171) Pause Full (Ergonomics) 175M->41M(323M) 69.476ms
[2020-08-08T11:16:52.864+0300][182.527s][info ][gc] GC(1172) Pause Young (Allocation Failure) 98M->98M(323M) 193.411ms
[2020-08-08T11:16:53.164+0300][182.826s][info ][gc] GC(1173) Pause Young (Allocation Failure) 156M->156M(323M) 291.717ms
[2020-08-08T11:16:53.177+0300][182.840s][debug][gc] GC(1174) Shrinking ParOldGen from 214016K by 19456K to 194560K
[2020-08-08T11:16:53.177+0300][182.840s][info ][gc] GC(1174) Pause Full (Ergonomics) 156M->22M(304M) 13.732ms
[2020-08-08T11:16:53.378+0300][183.041s][info ][gc] GC(1175) Pause Young (Allocation Failure) 80M->79M(304M) 188.834ms
[2020-08-08T11:16:53.747+0300][183.409s][info ][gc] GC(1176) Pause Young (Allocation Failure) 137M->136M(304M) 358.663ms
[2020-08-08T11:16:53.752+0300][183.415s][debug][gc] GC(1177) Shrinking ParOldGen from 194560K by 20480K to 174080K
[2020-08-08T11:16:53.752+0300][183.415s][info ][gc] GC(1177) Pause Full (Ergonomics) 136M->2M(284M) 5.247ms
[2020-08-08T11:16:53.798+0300][183.461s][info ][gc] GC(1178) Pause Young (Allocation Failure) 60M->60M(284M) 37.113ms
[2020-08-08T11:16:53.903+0300][183.566s][info ][gc] GC(1179) Pause Young (Allocation Failure) 117M->117M(284M) 94.911ms
[2020-08-08T11:16:54.205+0300][183.867s][debug][gc] GC(1180) Expanding ParOldGen from 174080K by 117760K to 291840K
[2020-08-08T11:16:54.205+0300][183.867s][info ][gc] GC(1180) Pause Full (Ergonomics) 117M->117M(399M) 301.728ms
[2020-08-08T11:16:54.256+0300][183.919s][info ][gc] GC(1181) Pause Young (Allocation Failure) 174M->174M(399M) 40.478ms
[2020-08-08T11:16:54.355+0300][184.018s][info ][gc] GC(1182) Pause Young (Allocation Failure) 232M->232M(399M) 86.057ms
[2020-08-08T11:16:54.599+0300][184.262s][debug][gc] GC(1183) Shrinking ParOldGen from 291840K by 19456K to 272384K
[2020-08-08T11:16:54.599+0300][184.262s][info ][gc] GC(1183) Pause Full (Ergonomics) 232M->98M(380M) 243.956ms
[2020-08-08T11:16:54.729+0300][184.391s][info ][gc] GC(1184) Pause Young (Allocation Failure) 156M->156M(380M) 119.819ms
[2020-08-08T11:16:54.818+0300][184.481s][info ][gc] GC(1185) Pause Young (Allocation Failure) 213M->213M(380M) 79.153ms
[2020-08-08T11:16:55.015+0300][184.678s][debug][gc] GC(1186) Shrinking ParOldGen from 272384K by 18944K to 253440K
[2020-08-08T11:16:55.015+0300][184.678s][info ][gc] GC(1186) Pause Full (Ergonomics) 213M->79M(361M) 197.188ms
[2020-08-08T11:16:55.214+0300][184.876s][info ][gc] GC(1187) Pause Young (Allocation Failure) 136M->136M(361M) 189.350ms
[2020-08-08T11:16:55.334+0300][184.996s][info ][gc] GC(1188) Pause Young (Allocation Failure) 193M->193M(361M) 109.120ms
[2020-08-08T11:16:55.457+0300][185.119s][debug][gc] GC(1189) Shrinking ParOldGen from 253440K by 20480K to 232960K
[2020-08-08T11:16:55.457+0300][185.119s][info ][gc] GC(1189) Pause Full (Ergonomics) 193M->59M(341M) 123.087ms
[2020-08-08T11:16:55.642+0300][185.304s][info ][gc] GC(1190) Pause Young (Allocation Failure) 117M->117M(341M) 175.345ms
[2020-08-08T11:16:55.849+0300][185.512s][info ][gc] GC(1191) Pause Young (Allocation Failure) 174M->175M(341M) 198.886ms
[2020-08-08T11:16:55.918+0300][185.580s][debug][gc] GC(1192) Shrinking ParOldGen from 232960K by 18944K to 214016K
[2020-08-08T11:16:55.918+0300][185.581s][info ][gc] GC(1192) Pause Full (Ergonomics) 175M->41M(323M) 68.721ms
[2020-08-08T11:16:56.116+0300][185.779s][info ][gc] GC(1193) Pause Young (Allocation Failure) 98M->98M(323M) 187.937ms
[2020-08-08T11:16:56.419+0300][186.082s][info ][gc] GC(1194) Pause Young (Allocation Failure) 156M->156M(323M) 294.806ms
[2020-08-08T11:16:56.434+0300][186.097s][debug][gc] GC(1195) Shrinking ParOldGen from 214016K by 19456K to 194560K
[2020-08-08T11:16:56.434+0300][186.097s][info ][gc] GC(1195) Pause Full (Ergonomics) 156M->22M(304M) 14.938ms
[2020-08-08T11:16:56.630+0300][186.293s][info ][gc] GC(1196) Pause Young (Allocation Failure) 80M->79M(304M) 183.482ms
[2020-08-08T11:16:56.992+0300][186.655s][info ][gc] GC(1197) Pause Young (Allocation Failure) 137M->136M(304M) 351.175ms
[2020-08-08T11:16:56.997+0300][186.660s][debug][gc] GC(1198) Shrinking ParOldGen from 194560K by 20480K to 174080K
[2020-08-08T11:16:56.997+0300][186.660s][info ][gc] GC(1198) Pause Full (Ergonomics) 136M->2M(284M) 4.911ms
[2020-08-08T11:16:57.042+0300][186.705s][info ][gc] GC(1199) Pause Young (Allocation Failure) 60M->60M(284M) 37.577ms
[2020-08-08T11:16:57.145+0300][186.808s][info ][gc] GC(1200) Pause Young (Allocation Failure) 117M->117M(284M) 92.665ms
[2020-08-08T11:16:57.446+0300][187.109s][debug][gc] GC(1201) Expanding ParOldGen from 174080K by 117760K to 291840K
[2020-08-08T11:16:57.446+0300][187.109s][info ][gc] GC(1201) Pause Full (Ergonomics) 117M->117M(399M) 300.678ms
[2020-08-08T11:16:57.496+0300][187.159s][info ][gc] GC(1202) Pause Young (Allocation Failure) 174M->174M(399M) 40.473ms
[2020-08-08T11:16:57.593+0300][187.256s][info ][gc] GC(1203) Pause Young (Allocation Failure) 232M->232M(399M) 85.891ms
[2020-08-08T11:16:57.839+0300][187.502s][debug][gc] GC(1204) Shrinking ParOldGen from 291840K by 19456K to 272384K
[2020-08-08T11:16:57.839+0300][187.502s][info ][gc] GC(1204) Pause Full (Ergonomics) 232M->98M(380M) 245.796ms
[2020-08-08T11:16:57.976+0300][187.639s][info ][gc] GC(1205) Pause Young (Allocation Failure) 156M->156M(380M) 128.863ms
[2020-08-08T11:16:58.066+0300][187.728s][info ][gc] GC(1206) Pause Young (Allocation Failure) 213M->213M(380M) 79.635ms
[2020-08-08T11:16:58.254+0300][187.916s][debug][gc] GC(1207) Shrinking ParOldGen from 272384K by 18944K to 253440K
[2020-08-08T11:16:58.254+0300][187.916s][info ][gc] GC(1207) Pause Full (Ergonomics) 213M->79M(361M) 187.924ms
[2020-08-08T11:16:58.454+0300][188.116s][info ][gc] GC(1208) Pause Young (Allocation Failure) 136M->136M(361M) 189.558ms
[2020-08-08T11:16:58.594+0300][188.257s][info ][gc] GC(1209) Pause Young (Allocation Failure) 193M->193M(361M) 129.913ms
[2020-08-08T11:16:58.721+0300][188.383s][debug][gc] GC(1210) Shrinking ParOldGen from 253440K by 20480K to 232960K
[2020-08-08T11:16:58.721+0300][188.383s][info ][gc] GC(1210) Pause Full (Ergonomics) 193M->59M(341M) 126.251ms
[2020-08-08T11:16:58.909+0300][188.572s][info ][gc] GC(1211) Pause Young (Allocation Failure) 117M->117M(341M) 178.639ms
[2020-08-08T11:16:59.108+0300][188.771s][info ][gc] GC(1212) Pause Young (Allocation Failure) 174M->175M(341M) 191.686ms
[2020-08-08T11:16:59.178+0300][188.841s][debug][gc] GC(1213) Shrinking ParOldGen from 232960K by 18944K to 214016K
[2020-08-08T11:16:59.178+0300][188.841s][info ][gc] GC(1213) Pause Full (Ergonomics) 175M->41M(323M) 69.829ms
[2020-08-08T11:16:59.378+0300][189.041s][info ][gc] GC(1214) Pause Young (Allocation Failure) 98M->98M(323M) 189.860ms
[2020-08-08T11:16:59.688+0300][189.351s][info ][gc] GC(1215) Pause Young (Allocation Failure) 156M->156M(323M) 302.171ms
[2020-08-08T11:16:59.703+0300][189.366s][debug][gc] GC(1216) Shrinking ParOldGen from 214016K by 18944K to 195072K
[2020-08-08T11:16:59.703+0300][189.366s][info ][gc] GC(1216) Pause Full (Ergonomics) 156M->22M(304M) 15.146ms
[2020-08-08T11:16:59.901+0300][189.564s][info ][gc] GC(1217) Pause Young (Allocation Failure) 80M->79M(304M) 184.365ms
[2020-08-08T11:17:00.265+0300][189.927s][info ][gc] GC(1218) Pause Young (Allocation Failure) 137M->136M(304M) 353.529ms
[2020-08-08T11:17:00.270+0300][189.933s][debug][gc] GC(1219) Shrinking ParOldGen from 195072K by 20992K to 174080K
[2020-08-08T11:17:00.270+0300][189.933s][info ][gc] GC(1219) Pause Full (Ergonomics) 136M->2M(284M) 5.362ms
[2020-08-08T11:17:00.319+0300][189.981s][info ][gc] GC(1220) Pause Young (Allocation Failure) 60M->59M(284M) 37.608ms
[2020-08-08T11:17:00.425+0300][190.087s][info ][gc] GC(1221) Pause Young (Allocation Failure) 117M->117M(284M) 93.173ms
[2020-08-08T11:17:00.723+0300][190.386s][debug][gc] GC(1222) Expanding ParOldGen from 174080K by 117760K to 291840K
[2020-08-08T11:17:00.723+0300][190.386s][info ][gc] GC(1222) Pause Full (Ergonomics) 117M->117M(399M) 298.838ms
[2020-08-08T11:17:00.775+0300][190.438s][info ][gc] GC(1223) Pause Young (Allocation Failure) 174M->174M(399M) 41.410ms
[2020-08-08T11:17:00.874+0300][190.537s][info ][gc] GC(1224) Pause Young (Allocation Failure) 232M->232M(399M) 88.720ms
[2020-08-08T11:17:01.115+0300][190.777s][debug][gc] GC(1225) Shrinking ParOldGen from 291840K by 19456K to 272384K
[2020-08-08T11:17:01.115+0300][190.778s][info ][gc] GC(1225) Pause Full (Ergonomics) 232M->98M(380M) 240.804ms
[2020-08-08T11:17:01.251+0300][190.914s][info ][gc] GC(1226) Pause Young (Allocation Failure) 156M->156M(380M) 128.652ms
[2020-08-08T11:17:01.342+0300][191.005s][info ][gc] GC(1227) Pause Young (Allocation Failure) 213M->213M(380M) 81.646ms
[2020-08-08T11:17:01.525+0300][191.187s][debug][gc] GC(1228) Shrinking ParOldGen from 272384K by 18944K to 253440K
[2020-08-08T11:17:01.525+0300][191.188s][info ][gc] GC(1228) Pause Full (Ergonomics) 213M->79M(361M) 182.681ms
[2020-08-08T11:17:01.725+0300][191.388s][info ][gc] GC(1229) Pause Young (Allocation Failure) 136M->136M(361M) 190.068ms
[2020-08-08T11:17:01.862+0300][191.524s][info ][gc] GC(1230) Pause Young (Allocation Failure) 193M->193M(361M) 125.057ms
[2020-08-08T11:17:01.986+0300][191.649s][debug][gc] GC(1231) Shrinking ParOldGen from 253440K by 20480K to 232960K
[2020-08-08T11:17:01.986+0300][191.649s][info ][gc] GC(1231) Pause Full (Ergonomics) 193M->59M(341M) 124.671ms
[2020-08-08T11:17:02.172+0300][191.835s][info ][gc] GC(1232) Pause Young (Allocation Failure) 117M->117M(341M) 176.192ms
[2020-08-08T11:17:02.371+0300][192.033s][info ][gc] GC(1233) Pause Young (Allocation Failure) 174M->175M(341M) 190.720ms
[2020-08-08T11:17:02.439+0300][192.102s][debug][gc] GC(1234) Shrinking ParOldGen from 232960K by 18944K to 214016K
[2020-08-08T11:17:02.439+0300][192.102s][info ][gc] GC(1234) Pause Full (Ergonomics) 175M->41M(323M) 68.376ms
[2020-08-08T11:17:02.642+0300][192.305s][info ][gc] GC(1235) Pause Young (Allocation Failure) 98M->98M(323M) 193.600ms
[2020-08-08T11:17:02.947+0300][192.609s][info ][gc] GC(1236) Pause Young (Allocation Failure) 156M->156M(323M) 295.784ms
[2020-08-08T11:17:02.960+0300][192.623s][debug][gc] GC(1237) Shrinking ParOldGen from 214016K by 18944K to 195072K
[2020-08-08T11:17:02.960+0300][192.623s][info ][gc] GC(1237) Pause Full (Ergonomics) 156M->22M(304M) 13.376ms
[2020-08-08T11:17:03.164+0300][192.827s][info ][gc] GC(1238) Pause Young (Allocation Failure) 80M->79M(304M) 190.777ms
[2020-08-08T11:17:03.541+0300][193.203s][info ][gc] GC(1239) Pause Young (Allocation Failure) 137M->136M(304M) 365.636ms
[2020-08-08T11:17:03.546+0300][193.208s][debug][gc] GC(1240) Shrinking ParOldGen from 195072K by 20992K to 174080K
[2020-08-08T11:17:03.546+0300][193.208s][info ][gc] GC(1240) Pause Full (Ergonomics) 136M->2M(284M) 4.979ms
[2020-08-08T11:17:03.589+0300][193.251s][info ][gc] GC(1241) Pause Young (Allocation Failure) 60M->60M(284M) 33.816ms
[2020-08-08T11:17:03.691+0300][193.354s][info ][gc] GC(1242) Pause Young (Allocation Failure) 117M->117M(284M) 91.596ms
[2020-08-08T11:17:03.994+0300][193.657s][debug][gc] GC(1243) Expanding ParOldGen from 174080K by 117760K to 291840K
[2020-08-08T11:17:03.994+0300][193.657s][info ][gc] GC(1243) Pause Full (Ergonomics) 117M->117M(399M) 303.247ms
[2020-08-08T11:17:04.046+0300][193.708s][info ][gc] GC(1244) Pause Young (Allocation Failure) 174M->174M(399M) 41.316ms
[2020-08-08T11:17:04.141+0300][193.804s][info ][gc] GC(1245) Pause Young (Allocation Failure) 232M->232M(399M) 85.233ms
[2020-08-08T11:17:04.387+0300][194.050s][debug][gc] GC(1246) Shrinking ParOldGen from 291840K by 19456K to 272384K
[2020-08-08T11:17:04.387+0300][194.050s][info ][gc] GC(1246) Pause Full (Ergonomics) 232M->98M(380M) 245.960ms
[2020-08-08T11:17:04.522+0300][194.185s][info ][gc] GC(1247) Pause Young (Allocation Failure) 156M->156M(380M) 126.547ms
[2020-08-08T11:17:04.609+0300][194.272s][info ][gc] GC(1248) Pause Young (Allocation Failure) 213M->213M(380M) 76.840ms
[2020-08-08T11:17:04.794+0300][194.457s][debug][gc] GC(1249) Shrinking ParOldGen from 272384K by 18944K to 253440K
[2020-08-08T11:17:04.794+0300][194.457s][info ][gc] GC(1249) Pause Full (Ergonomics) 213M->79M(361M) 185.155ms
[2020-08-08T11:17:04.989+0300][194.651s][info ][gc] GC(1250) Pause Young (Allocation Failure) 136M->136M(361M) 184.280ms
[2020-08-08T11:17:05.104+0300][194.767s][info ][gc] GC(1251) Pause Young (Allocation Failure) 193M->193M(361M) 106.237ms
[2020-08-08T11:17:05.227+0300][194.889s][debug][gc] GC(1252) Shrinking ParOldGen from 253440K by 20480K to 232960K
[2020-08-08T11:17:05.227+0300][194.889s][info ][gc] GC(1252) Pause Full (Ergonomics) 193M->59M(341M) 122.418ms
[2020-08-08T11:17:05.418+0300][195.081s][info ][gc] GC(1253) Pause Young (Allocation Failure) 117M->117M(341M) 180.842ms
[2020-08-08T11:17:05.625+0300][195.287s][info ][gc] GC(1254) Pause Young (Allocation Failure) 174M->175M(341M) 197.966ms
[2020-08-08T11:17:05.693+0300][195.356s][debug][gc] GC(1255) Shrinking ParOldGen from 232960K by 18944K to 214016K
[2020-08-08T11:17:05.693+0300][195.356s][info ][gc] GC(1255) Pause Full (Ergonomics) 175M->41M(323M) 68.687ms
[2020-08-08T11:17:05.894+0300][195.557s][info ][gc] GC(1256) Pause Young (Allocation Failure) 98M->98M(323M) 190.928ms
[2020-08-08T11:17:06.195+0300][195.858s][info ][gc] GC(1257) Pause Young (Allocation Failure) 156M->156M(323M) 293.554ms
[2020-08-08T11:17:06.210+0300][195.872s][debug][gc] GC(1258) Shrinking ParOldGen from 214016K by 19456K to 194560K
[2020-08-08T11:17:06.210+0300][195.872s][info ][gc] GC(1258) Pause Full (Ergonomics) 156M->22M(304M) 14.570ms
[2020-08-08T11:17:06.408+0300][196.071s][info ][gc] GC(1259) Pause Young (Allocation Failure) 80M->79M(304M) 186.680ms
[2020-08-08T11:17:06.777+0300][196.439s][info ][gc] GC(1260) Pause Young (Allocation Failure) 137M->136M(304M) 358.398ms
[2020-08-08T11:17:06.782+0300][196.444s][debug][gc] GC(1261) Shrinking ParOldGen from 194560K by 20480K to 174080K
[2020-08-08T11:17:06.782+0300][196.445s][info ][gc] GC(1261) Pause Full (Ergonomics) 136M->2M(284M) 5.080ms
[2020-08-08T11:17:06.828+0300][196.490s][info ][gc] GC(1262) Pause Young (Allocation Failure) 60M->60M(284M) 36.797ms
[2020-08-08T11:17:06.932+0300][196.595s][info ][gc] GC(1263) Pause Young (Allocation Failure) 117M->117M(284M) 94.834ms
[2020-08-08T11:17:07.236+0300][196.899s][debug][gc] GC(1264) Expanding ParOldGen from 174080K by 117760K to 291840K
[2020-08-08T11:17:07.237+0300][196.899s][info ][gc] GC(1264) Pause Full (Ergonomics) 117M->117M(399M) 304.313ms
[2020-08-08T11:17:07.287+0300][196.949s][info ][gc] GC(1265) Pause Young (Allocation Failure) 174M->174M(399M) 39.365ms
[2020-08-08T11:17:07.381+0300][197.044s][info ][gc] GC(1266) Pause Young (Allocation Failure) 232M->232M(399M) 84.440ms
[2020-08-08T11:17:07.627+0300][197.290s][debug][gc] GC(1267) Shrinking ParOldGen from 291840K by 19456K to 272384K
[2020-08-08T11:17:07.627+0300][197.290s][info ][gc] GC(1267) Pause Full (Ergonomics) 232M->98M(380M) 245.966ms
[2020-08-08T11:17:07.748+0300][197.411s][info ][gc] GC(1268) Pause Young (Allocation Failure) 156M->156M(380M) 113.025ms
[2020-08-08T11:17:07.836+0300][197.498s][info ][gc] GC(1269) Pause Young (Allocation Failure) 213M->213M(380M) 77.503ms
[2020-08-08T11:17:08.018+0300][197.681s][debug][gc] GC(1270) Shrinking ParOldGen from 272384K by 18944K to 253440K
[2020-08-08T11:17:08.019+0300][197.681s][info ][gc] GC(1270) Pause Full (Ergonomics) 213M->79M(361M) 182.665ms
[2020-08-08T11:17:08.210+0300][197.873s][info ][gc] GC(1271) Pause Young (Allocation Failure) 136M->136M(361M) 182.758ms
[2020-08-08T11:17:08.332+0300][197.994s][info ][gc] GC(1272) Pause Young (Allocation Failure) 193M->193M(361M) 111.110ms
[2020-08-08T11:17:08.450+0300][198.113s][debug][gc] GC(1273) Shrinking ParOldGen from 253440K by 20480K to 232960K
[2020-08-08T11:17:08.450+0300][198.113s][info ][gc] GC(1273) Pause Full (Ergonomics) 193M->59M(341M) 118.224ms
[2020-08-08T11:17:08.639+0300][198.302s][info ][gc] GC(1274) Pause Young (Allocation Failure) 117M->117M(341M) 179.960ms
[2020-08-08T11:17:08.842+0300][198.504s][info ][gc] GC(1275) Pause Young (Allocation Failure) 174M->175M(341M) 194.666ms
[2020-08-08T11:17:08.909+0300][198.572s][debug][gc] GC(1276) Shrinking ParOldGen from 232960K by 18944K to 214016K
[2020-08-08T11:17:08.909+0300][198.572s][info ][gc] GC(1276) Pause Full (Ergonomics) 175M->41M(323M) 67.401ms
[2020-08-08T11:17:09.108+0300][198.771s][info ][gc] GC(1277) Pause Young (Allocation Failure) 98M->98M(323M) 189.628ms
[2020-08-08T11:17:09.414+0300][199.077s][info ][gc] GC(1278) Pause Young (Allocation Failure) 156M->156M(323M) 296.495ms
[2020-08-08T11:17:09.429+0300][199.091s][debug][gc] GC(1279) Shrinking ParOldGen from 214016K by 19456K to 194560K
[2020-08-08T11:17:09.429+0300][199.091s][info ][gc] GC(1279) Pause Full (Ergonomics) 156M->22M(304M) 14.757ms
[2020-08-08T11:17:09.636+0300][199.298s][info ][gc] GC(1280) Pause Young (Allocation Failure) 80M->79M(304M) 193.527ms
[2020-08-08T11:17:10.008+0300][199.670s][info ][gc] GC(1281) Pause Young (Allocation Failure) 137M->136M(304M) 360.409ms
[2020-08-08T11:17:10.013+0300][199.675s][debug][gc] GC(1282) Shrinking ParOldGen from 194560K by 20480K to 174080K
[2020-08-08T11:17:10.013+0300][199.676s][info ][gc] GC(1282) Pause Full (Ergonomics) 136M->2M(284M) 4.958ms
[2020-08-08T11:17:10.057+0300][199.719s][info ][gc] GC(1283) Pause Young (Allocation Failure) 60M->59M(284M) 34.265ms
[2020-08-08T11:17:10.161+0300][199.823s][info ][gc] GC(1284) Pause Young (Allocation Failure) 117M->117M(284M) 92.728ms
[2020-08-08T11:17:10.458+0300][200.121s][debug][gc] GC(1285) Expanding ParOldGen from 174080K by 117760K to 291840K
[2020-08-08T11:17:10.458+0300][200.121s][info ][gc] GC(1285) Pause Full (Ergonomics) 117M->117M(399M) 297.294ms
[2020-08-08T11:17:10.510+0300][200.172s][info ][gc] GC(1286) Pause Young (Allocation Failure) 174M->174M(399M) 41.446ms
[2020-08-08T11:17:10.607+0300][200.270s][info ][gc] GC(1287) Pause Young (Allocation Failure) 232M->232M(399M) 87.528ms
[2020-08-08T11:17:10.843+0300][200.506s][debug][gc] GC(1288) Shrinking ParOldGen from 291840K by 19456K to 272384K
[2020-08-08T11:17:10.844+0300][200.506s][info ][gc] GC(1288) Pause Full (Ergonomics) 232M->98M(380M) 236.558ms
[2020-08-08T11:17:10.974+0300][200.637s][info ][gc] GC(1289) Pause Young (Allocation Failure) 156M->156M(380M) 122.489ms
[2020-08-08T11:17:11.064+0300][200.727s][info ][gc] GC(1290) Pause Young (Allocation Failure) 213M->213M(380M) 79.358ms
[2020-08-08T11:17:11.240+0300][200.903s][debug][gc] GC(1291) Shrinking ParOldGen from 272384K by 18944K to 253440K
[2020-08-08T11:17:11.240+0300][200.903s][info ][gc] GC(1291) Pause Full (Ergonomics) 213M->79M(361M) 176.413ms
[2020-08-08T11:17:11.447+0300][201.110s][info ][gc] GC(1292) Pause Young (Allocation Failure) 136M->136M(361M) 197.380ms
[2020-08-08T11:17:11.569+0300][201.232s][info ][gc] GC(1293) Pause Young (Allocation Failure) 193M->193M(361M) 110.239ms
[2020-08-08T11:17:11.704+0300][201.366s][debug][gc] GC(1294) Shrinking ParOldGen from 253440K by 20480K to 232960K
[2020-08-08T11:17:11.704+0300][201.366s][info ][gc] GC(1294) Pause Full (Ergonomics) 193M->59M(341M) 134.518ms
[2020-08-08T11:17:11.891+0300][201.553s][info ][gc] GC(1295) Pause Young (Allocation Failure) 117M->117M(341M) 177.384ms
[2020-08-08T11:17:12.093+0300][201.756s][info ][gc] GC(1296) Pause Young (Allocation Failure) 174M->175M(341M) 194.951ms
[2020-08-08T11:17:12.165+0300][201.827s][debug][gc] GC(1297) Shrinking ParOldGen from 232960K by 18944K to 214016K
[2020-08-08T11:17:12.165+0300][201.827s][info ][gc] GC(1297) Pause Full (Ergonomics) 175M->41M(323M) 71.193ms
[2020-08-08T11:17:12.367+0300][202.030s][info ][gc] GC(1298) Pause Young (Allocation Failure) 98M->98M(323M) 192.493ms
[2020-08-08T11:17:12.679+0300][202.342s][info ][gc] GC(1299) Pause Young (Allocation Failure) 156M->156M(323M) 302.895ms
[2020-08-08T11:17:12.695+0300][202.358s][debug][gc] GC(1300) Shrinking ParOldGen from 214016K by 18944K to 195072K
[2020-08-08T11:17:12.695+0300][202.358s][info ][gc] GC(1300) Pause Full (Ergonomics) 156M->22M(304M) 16.021ms
[2020-08-08T11:17:12.900+0300][202.563s][info ][gc] GC(1301) Pause Young (Allocation Failure) 80M->79M(304M) 192.490ms
[2020-08-08T11:17:13.266+0300][202.929s][info ][gc] GC(1302) Pause Young (Allocation Failure) 137M->136M(304M) 355.514ms
[2020-08-08T11:17:13.271+0300][202.934s][debug][gc] GC(1303) Shrinking ParOldGen from 195072K by 20992K to 174080K
[2020-08-08T11:17:13.271+0300][202.934s][info ][gc] GC(1303) Pause Full (Ergonomics) 136M->2M(284M) 5.117ms
[2020-08-08T11:17:13.314+0300][202.976s][info ][gc] GC(1304) Pause Young (Allocation Failure) 60M->59M(284M) 34.120ms
[2020-08-08T11:17:13.420+0300][203.083s][info ][gc] GC(1305) Pause Young (Allocation Failure) 117M->117M(284M) 92.023ms
[2020-08-08T11:17:13.718+0300][203.381s][debug][gc] GC(1306) Expanding ParOldGen from 174080K by 117760K to 291840K
[2020-08-08T11:17:13.718+0300][203.381s][info ][gc] GC(1306) Pause Full (Ergonomics) 117M->117M(399M) 298.035ms
[2020-08-08T11:17:13.772+0300][203.435s][info ][gc] GC(1307) Pause Young (Allocation Failure) 174M->174M(399M) 43.698ms
[2020-08-08T11:17:13.866+0300][203.528s][info ][gc] GC(1308) Pause Young (Allocation Failure) 232M->232M(399M) 83.238ms
[2020-08-08T11:17:14.122+0300][203.784s][debug][gc] GC(1309) Shrinking ParOldGen from 291840K by 19456K to 272384K
[2020-08-08T11:17:14.122+0300][203.785s][info ][gc] GC(1309) Pause Full (Ergonomics) 232M->98M(380M) 256.336ms
[2020-08-08T11:17:14.249+0300][203.912s][info ][gc] GC(1310) Pause Young (Allocation Failure) 156M->156M(380M) 120.032ms
[2020-08-08T11:17:14.337+0300][203.999s][info ][gc] GC(1311) Pause Young (Allocation Failure) 213M->213M(380M) 78.322ms
[2020-08-08T11:17:14.522+0300][204.185s][debug][gc] GC(1312) Shrinking ParOldGen from 272384K by 18944K to 253440K
[2020-08-08T11:17:14.522+0300][204.185s][info ][gc] GC(1312) Pause Full (Ergonomics) 213M->79M(361M) 185.240ms
[2020-08-08T11:17:14.725+0300][204.387s][info ][gc] GC(1313) Pause Young (Allocation Failure) 136M->136M(361M) 191.874ms
[2020-08-08T11:17:14.861+0300][204.523s][info ][gc] GC(1314) Pause Young (Allocation Failure) 193M->193M(361M) 124.376ms
[2020-08-08T11:17:14.985+0300][204.648s][debug][gc] GC(1315) Shrinking ParOldGen from 253440K by 20480K to 232960K
[2020-08-08T11:17:14.985+0300][204.648s][info ][gc] GC(1315) Pause Full (Ergonomics) 193M->59M(341M) 124.828ms
[2020-08-08T11:17:15.168+0300][204.830s][info ][gc] GC(1316) Pause Young (Allocation Failure) 117M->117M(341M) 172.896ms
[2020-08-08T11:17:15.372+0300][205.034s][info ][gc] GC(1317) Pause Young (Allocation Failure) 174M->175M(341M) 196.110ms
[2020-08-08T11:17:15.441+0300][205.103s][debug][gc] GC(1318) Shrinking ParOldGen from 232960K by 18944K to 214016K
[2020-08-08T11:17:15.441+0300][205.103s][info ][gc] GC(1318) Pause Full (Ergonomics) 175M->41M(323M) 68.825ms
[2020-08-08T11:17:15.636+0300][205.298s][info ][gc] GC(1319) Pause Young (Allocation Failure) 98M->98M(323M) 185.353ms
[2020-08-08T11:17:15.945+0300][205.608s][info ][gc] GC(1320) Pause Young (Allocation Failure) 156M->156M(323M) 302.386ms
[2020-08-08T11:17:15.959+0300][205.622s][debug][gc] GC(1321) Shrinking ParOldGen from 214016K by 19456K to 194560K
[2020-08-08T11:17:15.959+0300][205.622s][info ][gc] GC(1321) Pause Full (Ergonomics) 156M->22M(304M) 13.533ms
[2020-08-08T11:17:16.156+0300][205.818s][info ][gc] GC(1322) Pause Young (Allocation Failure) 80M->79M(304M) 184.043ms
[2020-08-08T11:17:16.527+0300][206.189s][info ][gc] GC(1323) Pause Young (Allocation Failure) 137M->136M(304M) 361.451ms
[2020-08-08T11:17:16.532+0300][206.195s][debug][gc] GC(1324) Shrinking ParOldGen from 194560K by 20480K to 174080K
[2020-08-08T11:17:16.532+0300][206.195s][info ][gc] GC(1324) Pause Full (Ergonomics) 136M->2M(284M) 5.605ms
[2020-08-08T11:17:16.576+0300][206.238s][info ][gc] GC(1325) Pause Young (Allocation Failure) 60M->60M(284M) 34.566ms
[2020-08-08T11:17:16.680+0300][206.343s][info ][gc] GC(1326) Pause Young (Allocation Failure) 117M->117M(284M) 93.773ms
[2020-08-08T11:17:16.976+0300][206.639s][debug][gc] GC(1327) Expanding ParOldGen from 174080K by 117760K to 291840K
[2020-08-08T11:17:16.976+0300][206.639s][info ][gc] GC(1327) Pause Full (Ergonomics) 117M->117M(399M) 295.924ms
[2020-08-08T11:17:17.027+0300][206.690s][info ][gc] GC(1328) Pause Young (Allocation Failure) 174M->174M(399M) 41.190ms
[2020-08-08T11:17:17.122+0300][206.784s][info ][gc] GC(1329) Pause Young (Allocation Failure) 232M->232M(399M) 84.428ms
[2020-08-08T11:17:17.373+0300][207.036s][debug][gc] GC(1330) Shrinking ParOldGen from 291840K by 19456K to 272384K
[2020-08-08T11:17:17.373+0300][207.036s][info ][gc] GC(1330) Pause Full (Ergonomics) 232M->98M(380M) 251.177ms
[2020-08-08T11:17:17.495+0300][207.157s][info ][gc] GC(1331) Pause Young (Allocation Failure) 156M->156M(380M) 114.169ms
[2020-08-08T11:17:17.589+0300][207.251s][info ][gc] GC(1332) Pause Young (Allocation Failure) 213M->213M(380M) 83.473ms
[2020-08-08T11:17:17.768+0300][207.430s][debug][gc] GC(1333) Shrinking ParOldGen from 272384K by 18944K to 253440K
[2020-08-08T11:17:17.768+0300][207.430s][info ][gc] GC(1333) Pause Full (Ergonomics) 213M->79M(361M) 179.148ms
[2020-08-08T11:17:17.965+0300][207.627s][info ][gc] GC(1334) Pause Young (Allocation Failure) 136M->136M(361M) 187.686ms
[2020-08-08T11:17:18.104+0300][207.767s][info ][gc] GC(1335) Pause Young (Allocation Failure) 193M->193M(361M) 129.649ms
[2020-08-08T11:17:18.230+0300][207.892s][debug][gc] GC(1336) Shrinking ParOldGen from 253440K by 20480K to 232960K
[2020-08-08T11:17:18.230+0300][207.892s][info ][gc] GC(1336) Pause Full (Ergonomics) 193M->59M(341M) 125.685ms
[2020-08-08T11:17:18.415+0300][208.077s][info ][gc] GC(1337) Pause Young (Allocation Failure) 117M->117M(341M) 174.573ms
[2020-08-08T11:17:18.623+0300][208.286s][info ][gc] GC(1338) Pause Young (Allocation Failure) 174M->175M(341M) 200.980ms
[2020-08-08T11:17:18.693+0300][208.355s][debug][gc] GC(1339) Shrinking ParOldGen from 232960K by 18944K to 214016K
[2020-08-08T11:17:18.693+0300][208.356s][info ][gc] GC(1339) Pause Full (Ergonomics) 175M->41M(323M) 69.534ms
[2020-08-08T11:17:18.896+0300][208.558s][info ][gc] GC(1340) Pause Young (Allocation Failure) 98M->98M(323M) 191.177ms
[2020-08-08T11:17:19.200+0300][208.863s][info ][gc] GC(1341) Pause Young (Allocation Failure) 156M->156M(323M) 292.377ms
[2020-08-08T11:17:19.214+0300][208.877s][debug][gc] GC(1342) Shrinking ParOldGen from 214016K by 19456K to 194560K
[2020-08-08T11:17:19.214+0300][208.877s][info ][gc] GC(1342) Pause Full (Ergonomics) 156M->22M(304M) 14.026ms
[2020-08-08T11:17:19.413+0300][209.076s][info ][gc] GC(1343) Pause Young (Allocation Failure) 80M->79M(304M) 184.290ms
[2020-08-08T11:17:19.785+0300][209.448s][info ][gc] GC(1344) Pause Young (Allocation Failure) 137M->136M(304M) 362.580ms
[2020-08-08T11:17:19.790+0300][209.453s][debug][gc] GC(1345) Shrinking ParOldGen from 194560K by 20480K to 174080K
[2020-08-08T11:17:19.790+0300][209.453s][info ][gc] GC(1345) Pause Full (Ergonomics) 136M->2M(284M) 5.307ms
[2020-08-08T11:17:19.834+0300][209.496s][info ][gc] GC(1346) Pause Young (Allocation Failure) 60M->60M(284M) 34.635ms
[2020-08-08T11:17:19.940+0300][209.603s][info ][gc] GC(1347) Pause Young (Allocation Failure) 117M->117M(284M) 95.904ms
[2020-08-08T11:17:20.244+0300][209.906s][debug][gc] GC(1348) Expanding ParOldGen from 174080K by 117760K to 291840K
[2020-08-08T11:17:20.244+0300][209.906s][info ][gc] GC(1348) Pause Full (Ergonomics) 117M->117M(399M) 303.565ms
[2020-08-08T11:17:20.293+0300][209.956s][info ][gc] GC(1349) Pause Young (Allocation Failure) 174M->174M(399M) 39.775ms
[2020-08-08T11:17:20.390+0300][210.053s][info ][gc] GC(1350) Pause Young (Allocation Failure) 232M->232M(399M) 86.199ms
[2020-08-08T11:17:20.633+0300][210.296s][debug][gc] GC(1351) Shrinking ParOldGen from 291840K by 19456K to 272384K
[2020-08-08T11:17:20.633+0300][210.296s][info ][gc] GC(1351) Pause Full (Ergonomics) 232M->98M(380M) 242.858ms
[2020-08-08T11:17:20.760+0300][210.422s][info ][gc] GC(1352) Pause Young (Allocation Failure) 156M->156M(380M) 118.297ms
[2020-08-08T11:17:20.847+0300][210.510s][info ][gc] GC(1353) Pause Young (Allocation Failure) 213M->213M(380M) 76.819ms
[2020-08-08T11:17:21.029+0300][210.692s][debug][gc] GC(1354) Shrinking ParOldGen from 272384K by 18944K to 253440K
[2020-08-08T11:17:21.029+0300][210.692s][info ][gc] GC(1354) Pause Full (Ergonomics) 213M->79M(361M) 182.150ms
[2020-08-08T11:17:21.225+0300][210.888s][info ][gc] GC(1355) Pause Young (Allocation Failure) 136M->136M(361M) 186.425ms
[2020-08-08T11:17:21.372+0300][211.035s][info ][gc] GC(1356) Pause Young (Allocation Failure) 193M->193M(361M) 135.662ms
[2020-08-08T11:17:21.495+0300][211.158s][debug][gc] GC(1357) Shrinking ParOldGen from 253440K by 20480K to 232960K
[2020-08-08T11:17:21.495+0300][211.158s][info ][gc] GC(1357) Pause Full (Ergonomics) 193M->59M(341M) 123.355ms
[2020-08-08T11:17:21.693+0300][211.355s][info ][gc] GC(1358) Pause Young (Allocation Failure) 117M->117M(341M) 186.488ms
[2020-08-08T11:17:21.891+0300][211.553s][info ][gc] GC(1359) Pause Young (Allocation Failure) 174M->175M(341M) 189.835ms
[2020-08-08T11:17:21.963+0300][211.625s][debug][gc] GC(1360) Shrinking ParOldGen from 232960K by 18944K to 214016K
[2020-08-08T11:17:21.963+0300][211.625s][info ][gc] GC(1360) Pause Full (Ergonomics) 175M->41M(323M) 71.974ms
[2020-08-08T11:17:22.165+0300][211.827s][info ][gc] GC(1361) Pause Young (Allocation Failure) 98M->98M(323M) 191.589ms
[2020-08-08T11:17:22.467+0300][212.130s][info ][gc] GC(1362) Pause Young (Allocation Failure) 156M->156M(323M) 292.608ms
[2020-08-08T11:17:22.481+0300][212.144s][debug][gc] GC(1363) Shrinking ParOldGen from 214016K by 18944K to 195072K
[2020-08-08T11:17:22.481+0300][212.144s][info ][gc] GC(1363) Pause Full (Ergonomics) 156M->22M(304M) 13.905ms
[2020-08-08T11:17:22.685+0300][212.348s][info ][gc] GC(1364) Pause Young (Allocation Failure) 80M->79M(304M) 192.416ms
[2020-08-08T11:17:23.063+0300][212.725s][info ][gc] GC(1365) Pause Young (Allocation Failure) 137M->136M(304M) 367.828ms
[2020-08-08T11:17:23.068+0300][212.730s][debug][gc] GC(1366) Shrinking ParOldGen from 195072K by 20992K to 174080K
[2020-08-08T11:17:23.068+0300][212.730s][info ][gc] GC(1366) Pause Full (Ergonomics) 136M->2M(284M) 4.967ms
[2020-08-08T11:17:23.109+0300][212.771s][info ][gc] GC(1367) Pause Young (Allocation Failure) 60M->60M(284M) 33.385ms
[2020-08-08T11:17:23.213+0300][212.876s][info ][gc] GC(1368) Pause Young (Allocation Failure) 117M->117M(284M) 93.813ms
[2020-08-08T11:17:23.512+0300][213.174s][debug][gc] GC(1369) Expanding ParOldGen from 174080K by 117760K to 291840K
[2020-08-08T11:17:23.512+0300][213.174s][info ][gc] GC(1369) Pause Full (Ergonomics) 117M->117M(399M) 298.714ms
[2020-08-08T11:17:23.565+0300][213.227s][info ][gc] GC(1370) Pause Young (Allocation Failure) 174M->174M(399M) 42.725ms
[2020-08-08T11:17:23.659+0300][213.322s][info ][gc] GC(1371) Pause Young (Allocation Failure) 232M->232M(399M) 84.568ms
[2020-08-08T11:17:23.901+0300][213.563s][debug][gc] GC(1372) Shrinking ParOldGen from 291840K by 19456K to 272384K
[2020-08-08T11:17:23.901+0300][213.563s][info ][gc] GC(1372) Pause Full (Ergonomics) 232M->98M(380M) 241.410ms
[2020-08-08T11:17:24.025+0300][213.688s][info ][gc] GC(1373) Pause Young (Allocation Failure) 156M->156M(380M) 115.709ms
[2020-08-08T11:17:24.113+0300][213.775s][info ][gc] GC(1374) Pause Young (Allocation Failure) 213M->213M(380M) 77.754ms
[2020-08-08T11:17:24.295+0300][213.958s][debug][gc] GC(1375) Shrinking ParOldGen from 272384K by 18944K to 253440K
[2020-08-08T11:17:24.295+0300][213.958s][info ][gc] GC(1375) Pause Full (Ergonomics) 213M->79M(361M) 182.097ms
[2020-08-08T11:17:24.492+0300][214.155s][info ][gc] GC(1376) Pause Young (Allocation Failure) 136M->136M(361M) 186.627ms
[2020-08-08T11:17:24.631+0300][214.294s][info ][gc] GC(1377) Pause Young (Allocation Failure) 193M->193M(361M) 127.613ms
[2020-08-08T11:17:24.759+0300][214.422s][debug][gc] GC(1378) Shrinking ParOldGen from 253440K by 20480K to 232960K
[2020-08-08T11:17:24.759+0300][214.422s][info ][gc] GC(1378) Pause Full (Ergonomics) 193M->59M(341M) 128.052ms
[2020-08-08T11:17:24.947+0300][214.609s][info ][gc] GC(1379) Pause Young (Allocation Failure) 117M->117M(341M) 176.704ms
[2020-08-08T11:17:25.152+0300][214.815s][info ][gc] GC(1380) Pause Young (Allocation Failure) 174M->175M(341M) 197.875ms
[2020-08-08T11:17:25.224+0300][214.886s][debug][gc] GC(1381) Shrinking ParOldGen from 232960K by 18944K to 214016K
[2020-08-08T11:17:25.224+0300][214.886s][info ][gc] GC(1381) Pause Full (Ergonomics) 175M->41M(323M) 71.583ms
[2020-08-08T11:17:25.423+0300][215.086s][info ][gc] GC(1382) Pause Young (Allocation Failure) 98M->98M(323M) 189.634ms
[2020-08-08T11:17:25.747+0300][215.410s][info ][gc] GC(1383) Pause Young (Allocation Failure) 156M->156M(323M) 315.520ms
[2020-08-08T11:17:25.762+0300][215.424s][debug][gc] GC(1384) Shrinking ParOldGen from 214016K by 19456K to 194560K
[2020-08-08T11:17:25.762+0300][215.425s][info ][gc] GC(1384) Pause Full (Ergonomics) 156M->22M(304M) 14.406ms
[2020-08-08T11:17:25.956+0300][215.619s][info ][gc] GC(1385) Pause Young (Allocation Failure) 80M->79M(304M) 181.408ms
[2020-08-08T11:17:26.336+0300][215.999s][info ][gc] GC(1386) Pause Young (Allocation Failure) 137M->136M(304M) 370.001ms
[2020-08-08T11:17:26.341+0300][216.004s][debug][gc] GC(1387) Shrinking ParOldGen from 194560K by 20480K to 174080K
[2020-08-08T11:17:26.341+0300][216.004s][info ][gc] GC(1387) Pause Full (Ergonomics) 136M->2M(284M) 4.987ms
[2020-08-08T11:17:26.385+0300][216.048s][info ][gc] GC(1388) Pause Young (Allocation Failure) 60M->60M(284M) 34.131ms
[2020-08-08T11:17:26.490+0300][216.153s][info ][gc] GC(1389) Pause Young (Allocation Failure) 117M->117M(284M) 94.249ms
[2020-08-08T11:17:26.793+0300][216.456s][debug][gc] GC(1390) Expanding ParOldGen from 174080K by 117760K to 291840K
[2020-08-08T11:17:26.793+0300][216.456s][info ][gc] GC(1390) Pause Full (Ergonomics) 117M->117M(399M) 302.884ms
[2020-08-08T11:17:26.840+0300][216.503s][info ][gc] GC(1391) Pause Young (Allocation Failure) 174M->174M(399M) 36.646ms
[2020-08-08T11:17:26.938+0300][216.600s][info ][gc] GC(1392) Pause Young (Allocation Failure) 232M->232M(399M) 87.686ms
[2020-08-08T11:17:27.174+0300][216.837s][debug][gc] GC(1393) Shrinking ParOldGen from 291840K by 19456K to 272384K
[2020-08-08T11:17:27.174+0300][216.837s][info ][gc] GC(1393) Pause Full (Ergonomics) 232M->98M(380M) 236.601ms
[2020-08-08T11:17:27.310+0300][216.973s][info ][gc] GC(1394) Pause Young (Allocation Failure) 156M->156M(380M) 127.575ms
[2020-08-08T11:17:27.395+0300][217.058s][info ][gc] GC(1395) Pause Young (Allocation Failure) 213M->213M(380M) 75.267ms
[2020-08-08T11:17:27.581+0300][217.244s][debug][gc] GC(1396) Shrinking ParOldGen from 272384K by 18944K to 253440K
[2020-08-08T11:17:27.581+0300][217.244s][info ][gc] GC(1396) Pause Full (Ergonomics) 213M->79M(361M) 186.010ms
[2020-08-08T11:17:27.777+0300][217.439s][info ][gc] GC(1397) Pause Young (Allocation Failure) 136M->136M(361M) 185.634ms
[2020-08-08T11:17:27.896+0300][217.559s][info ][gc] GC(1398) Pause Young (Allocation Failure) 193M->193M(361M) 109.644ms
[2020-08-08T11:17:28.029+0300][217.691s][debug][gc] GC(1399) Shrinking ParOldGen from 253440K by 20480K to 232960K
[2020-08-08T11:17:28.029+0300][217.691s][info ][gc] GC(1399) Pause Full (Ergonomics) 193M->59M(341M) 132.298ms
[2020-08-08T11:17:28.215+0300][217.878s][info ][gc] GC(1400) Pause Young (Allocation Failure) 117M->117M(341M) 176.890ms
[2020-08-08T11:17:28.422+0300][218.084s][info ][gc] GC(1401) Pause Young (Allocation Failure) 174M->175M(341M) 198.550ms
[2020-08-08T11:17:28.493+0300][218.155s][debug][gc] GC(1402) Shrinking ParOldGen from 232960K by 18944K to 214016K
[2020-08-08T11:17:28.493+0300][218.155s][info ][gc] GC(1402) Pause Full (Ergonomics) 175M->41M(323M) 70.865ms
[2020-08-08T11:17:28.695+0300][218.358s][info ][gc] GC(1403) Pause Young (Allocation Failure) 98M->98M(323M) 192.048ms
[2020-08-08T11:17:29.009+0300][218.671s][info ][gc] GC(1404) Pause Young (Allocation Failure) 156M->156M(323M) 304.760ms
[2020-08-08T11:17:29.023+0300][218.685s][debug][gc] GC(1405) Shrinking ParOldGen from 214016K by 18944K to 195072K
[2020-08-08T11:17:29.023+0300][218.686s][info ][gc] GC(1405) Pause Full (Ergonomics) 156M->22M(304M) 14.385ms
[2020-08-08T11:17:29.218+0300][218.881s][info ][gc] GC(1406) Pause Young (Allocation Failure) 80M->79M(304M) 183.322ms
[2020-08-08T11:17:29.587+0300][219.249s][info ][gc] GC(1407) Pause Young (Allocation Failure) 137M->136M(304M) 359.051ms
[2020-08-08T11:17:29.592+0300][219.255s][debug][gc] GC(1408) Shrinking ParOldGen from 195072K by 20992K to 174080K
[2020-08-08T11:17:29.592+0300][219.255s][info ][gc] GC(1408) Pause Full (Ergonomics) 136M->2M(284M) 5.349ms
[2020-08-08T11:17:29.635+0300][219.298s][info ][gc] GC(1409) Pause Young (Allocation Failure) 60M->59M(284M) 34.286ms
[2020-08-08T11:17:29.742+0300][219.405s][info ][gc] GC(1410) Pause Young (Allocation Failure) 117M->117M(284M) 93.517ms
[2020-08-08T11:17:30.047+0300][219.709s][debug][gc] GC(1411) Expanding ParOldGen from 174080K by 117760K to 291840K
[2020-08-08T11:17:30.047+0300][219.709s][info ][gc] GC(1411) Pause Full (Ergonomics) 117M->117M(399M) 304.621ms
[2020-08-08T11:17:30.094+0300][219.757s][info ][gc] GC(1412) Pause Young (Allocation Failure) 174M->174M(399M) 36.800ms
[2020-08-08T11:17:30.189+0300][219.851s][info ][gc] GC(1413) Pause Young (Allocation Failure) 232M->232M(399M) 84.821ms
[2020-08-08T11:17:30.431+0300][220.094s][debug][gc] GC(1414) Shrinking ParOldGen from 291840K by 19456K to 272384K
[2020-08-08T11:17:30.432+0300][220.094s][info ][gc] GC(1414) Pause Full (Ergonomics) 232M->98M(380M) 242.812ms
[2020-08-08T11:17:30.552+0300][220.215s][info ][gc] GC(1415) Pause Young (Allocation Failure) 156M->156M(380M) 112.177ms
[2020-08-08T11:17:30.640+0300][220.303s][info ][gc] GC(1416) Pause Young (Allocation Failure) 213M->213M(380M) 78.214ms
[2020-08-08T11:17:30.822+0300][220.485s][debug][gc] GC(1417) Shrinking ParOldGen from 272384K by 18944K to 253440K
[2020-08-08T11:17:30.822+0300][220.485s][info ][gc] GC(1417) Pause Full (Ergonomics) 213M->79M(361M) 181.832ms
[2020-08-08T11:17:31.020+0300][220.682s][info ][gc] GC(1418) Pause Young (Allocation Failure) 136M->136M(361M) 187.505ms
[2020-08-08T11:17:31.159+0300][220.822s][info ][gc] GC(1419) Pause Young (Allocation Failure) 193M->193M(361M) 128.608ms
[2020-08-08T11:17:31.284+0300][220.947s][debug][gc] GC(1420) Shrinking ParOldGen from 253440K by 20480K to 232960K
[2020-08-08T11:17:31.285+0300][220.947s][info ][gc] GC(1420) Pause Full (Ergonomics) 193M->59M(341M) 125.228ms
[2020-08-08T11:17:31.465+0300][221.128s][info ][gc] GC(1421) Pause Young (Allocation Failure) 117M->117M(341M) 169.458ms
[2020-08-08T11:17:31.672+0300][221.334s][info ][gc] GC(1422) Pause Young (Allocation Failure) 174M->175M(341M) 198.961ms
[2020-08-08T11:17:31.742+0300][221.405s][debug][gc] GC(1423) Shrinking ParOldGen from 232960K by 18944K to 214016K
[2020-08-08T11:17:31.743+0300][221.405s][info ][gc] GC(1423) Pause Full (Ergonomics) 175M->41M(323M) 70.591ms
[2020-08-08T11:17:31.943+0300][221.605s][info ][gc] GC(1424) Pause Young (Allocation Failure) 98M->98M(323M) 189.647ms
[2020-08-08T11:17:32.248+0300][221.911s][info ][gc] GC(1425) Pause Young (Allocation Failure) 156M->156M(323M) 296.939ms
[2020-08-08T11:17:32.262+0300][221.925s][debug][gc] GC(1426) Shrinking ParOldGen from 214016K by 18944K to 195072K
[2020-08-08T11:17:32.262+0300][221.925s][info ][gc] GC(1426) Pause Full (Ergonomics) 156M->22M(304M) 14.001ms
[2020-08-08T11:17:32.465+0300][222.127s][info ][gc] GC(1427) Pause Young (Allocation Failure) 80M->79M(304M) 189.659ms
[2020-08-08T11:17:32.834+0300][222.497s][info ][gc] GC(1428) Pause Young (Allocation Failure) 137M->136M(304M) 359.290ms
[2020-08-08T11:17:32.839+0300][222.502s][debug][gc] GC(1429) Shrinking ParOldGen from 195072K by 20992K to 174080K
[2020-08-08T11:17:32.839+0300][222.502s][info ][gc] GC(1429) Pause Full (Ergonomics) 136M->2M(284M) 5.046ms
[2020-08-08T11:17:32.883+0300][222.546s][info ][gc] GC(1430) Pause Young (Allocation Failure) 60M->60M(284M) 35.148ms
[2020-08-08T11:17:32.988+0300][222.650s][info ][gc] GC(1431) Pause Young (Allocation Failure) 117M->117M(284M) 94.082ms
[2020-08-08T11:17:33.289+0300][222.952s][debug][gc] GC(1432) Expanding ParOldGen from 174080K by 117760K to 291840K
[2020-08-08T11:17:33.289+0300][222.952s][info ][gc] GC(1432) Pause Full (Ergonomics) 117M->117M(399M) 301.304ms
[2020-08-08T11:17:33.344+0300][223.007s][info ][gc] GC(1433) Pause Young (Allocation Failure) 174M->174M(399M) 44.410ms
[2020-08-08T11:17:33.441+0300][223.104s][info ][gc] GC(1434) Pause Young (Allocation Failure) 232M->232M(399M) 85.911ms
[2020-08-08T11:17:33.685+0300][223.347s][debug][gc] GC(1435) Shrinking ParOldGen from 291840K by 19456K to 272384K
[2020-08-08T11:17:33.685+0300][223.347s][info ][gc] GC(1435) Pause Full (Ergonomics) 232M->98M(380M) 243.446ms
[2020-08-08T11:17:33.811+0300][223.474s][info ][gc] GC(1436) Pause Young (Allocation Failure) 156M->156M(380M) 116.088ms
[2020-08-08T11:17:33.906+0300][223.569s][info ][gc] GC(1437) Pause Young (Allocation Failure) 213M->213M(380M) 82.704ms
[2020-08-08T11:17:34.081+0300][223.744s][debug][gc] GC(1438) Shrinking ParOldGen from 272384K by 18944K to 253440K
[2020-08-08T11:17:34.081+0300][223.744s][info ][gc] GC(1438) Pause Full (Ergonomics) 213M->79M(361M) 174.820ms
[2020-08-08T11:17:34.277+0300][223.939s][info ][gc] GC(1439) Pause Young (Allocation Failure) 136M->136M(361M) 185.625ms
[2020-08-08T11:17:34.401+0300][224.064s][info ][gc] GC(1440) Pause Young (Allocation Failure) 193M->193M(361M) 114.428ms
[2020-08-08T11:17:34.525+0300][224.188s][debug][gc] GC(1441) Shrinking ParOldGen from 253440K by 20480K to 232960K
[2020-08-08T11:17:34.525+0300][224.188s][info ][gc] GC(1441) Pause Full (Ergonomics) 193M->59M(341M) 124.214ms
[2020-08-08T11:17:34.709+0300][224.371s][info ][gc] GC(1442) Pause Young (Allocation Failure) 117M->117M(341M) 172.613ms
[2020-08-08T11:17:34.929+0300][224.591s][info ][gc] GC(1443) Pause Young (Allocation Failure) 174M->175M(341M) 211.382ms
[2020-08-08T11:17:35.000+0300][224.663s][debug][gc] GC(1444) Shrinking ParOldGen from 232960K by 18944K to 214016K
[2020-08-08T11:17:35.000+0300][224.663s][info ][gc] GC(1444) Pause Full (Ergonomics) 175M->41M(323M) 71.302ms
[2020-08-08T11:17:35.168+0300][224.830s][info ][gc] GC(1445) Pause Young (Allocation Failure) 98M->98M(323M) 156.467ms
[2020-08-08T11:17:35.471+0300][225.134s][info ][gc] GC(1446) Pause Young (Allocation Failure) 156M->156M(323M) 295.511ms
[2020-08-08T11:17:35.485+0300][225.148s][debug][gc] GC(1447) Shrinking ParOldGen from 214016K by 19456K to 194560K
[2020-08-08T11:17:35.485+0300][225.148s][info ][gc] GC(1447) Pause Full (Ergonomics) 156M->22M(304M) 13.701ms
[2020-08-08T11:17:35.678+0300][225.340s][info ][gc] GC(1448) Pause Young (Allocation Failure) 80M->79M(304M) 180.859ms
[2020-08-08T11:17:36.045+0300][225.708s][info ][gc] GC(1449) Pause Young (Allocation Failure) 137M->136M(304M) 356.770ms
[2020-08-08T11:17:36.050+0300][225.713s][debug][gc] GC(1450) Shrinking ParOldGen from 194560K by 20480K to 174080K
[2020-08-08T11:17:36.050+0300][225.713s][info ][gc] GC(1450) Pause Full (Ergonomics) 136M->2M(284M) 5.216ms
[2020-08-08T11:17:36.094+0300][225.757s][info ][gc] GC(1451) Pause Young (Allocation Failure) 60M->60M(284M) 35.102ms
[2020-08-08T11:17:36.200+0300][225.863s][info ][gc] GC(1452) Pause Young (Allocation Failure) 117M->117M(284M) 95.097ms
[2020-08-08T11:17:36.489+0300][226.151s][debug][gc] GC(1453) Expanding ParOldGen from 174080K by 117760K to 291840K
[2020-08-08T11:17:36.489+0300][226.151s][info ][gc] GC(1453) Pause Full (Ergonomics) 117M->117M(399M) 288.417ms
[2020-08-08T11:17:36.540+0300][226.203s][info ][gc] GC(1454) Pause Young (Allocation Failure) 174M->174M(399M) 41.210ms
[2020-08-08T11:17:36.635+0300][226.298s][info ][gc] GC(1455) Pause Young (Allocation Failure) 232M->232M(399M) 85.021ms
[2020-08-08T11:17:36.876+0300][226.539s][debug][gc] GC(1456) Shrinking ParOldGen from 291840K by 19456K to 272384K
[2020-08-08T11:17:36.876+0300][226.539s][info ][gc] GC(1456) Pause Full (Ergonomics) 232M->98M(380M) 240.868ms
[2020-08-08T11:17:37.014+0300][226.677s][info ][gc] GC(1457) Pause Young (Allocation Failure) 156M->156M(380M) 130.727ms
[2020-08-08T11:17:37.109+0300][226.771s][info ][gc] GC(1458) Pause Young (Allocation Failure) 213M->213M(380M) 84.720ms
[2020-08-08T11:17:37.295+0300][226.958s][debug][gc] GC(1459) Shrinking ParOldGen from 272384K by 18944K to 253440K
[2020-08-08T11:17:37.295+0300][226.958s][info ][gc] GC(1459) Pause Full (Ergonomics) 213M->79M(361M) 186.705ms
[2020-08-08T11:17:37.491+0300][227.154s][info ][gc] GC(1460) Pause Young (Allocation Failure) 136M->136M(361M) 185.840ms
[2020-08-08T11:17:37.667+0300][227.330s][info ][gc] GC(1461) Pause Young (Allocation Failure) 193M->193M(361M) 165.056ms
[2020-08-08T11:17:37.785+0300][227.448s][debug][gc] GC(1462) Shrinking ParOldGen from 253440K by 20480K to 232960K
[2020-08-08T11:17:37.785+0300][227.448s][info ][gc] GC(1462) Pause Full (Ergonomics) 193M->59M(341M) 117.927ms
[2020-08-08T11:17:37.971+0300][227.634s][info ][gc] GC(1463) Pause Young (Allocation Failure) 117M->117M(341M) 173.081ms
[2020-08-08T11:17:38.180+0300][227.843s][info ][gc] GC(1464) Pause Young (Allocation Failure) 174M->175M(341M) 197.431ms
[2020-08-08T11:17:38.254+0300][227.917s][debug][gc] GC(1465) Shrinking ParOldGen from 232960K by 18944K to 214016K
[2020-08-08T11:17:38.254+0300][227.917s][info ][gc] GC(1465) Pause Full (Ergonomics) 175M->41M(323M) 74.433ms
[2020-08-08T11:17:38.455+0300][228.117s][info ][gc] GC(1466) Pause Young (Allocation Failure) 98M->98M(323M) 190.349ms
[2020-08-08T11:17:38.759+0300][228.422s][info ][gc] GC(1467) Pause Young (Allocation Failure) 156M->156M(323M) 294.479ms
[2020-08-08T11:17:38.775+0300][228.437s][debug][gc] GC(1468) Shrinking ParOldGen from 214016K by 19456K to 194560K
[2020-08-08T11:17:38.775+0300][228.437s][info ][gc] GC(1468) Pause Full (Ergonomics) 156M->22M(304M) 15.430ms
[2020-08-08T11:17:38.974+0300][228.637s][info ][gc] GC(1469) Pause Young (Allocation Failure) 80M->79M(304M) 184.084ms
[2020-08-08T11:17:39.346+0300][229.009s][info ][gc] GC(1470) Pause Young (Allocation Failure) 137M->136M(304M) 360.790ms
[2020-08-08T11:17:39.351+0300][229.014s][debug][gc] GC(1471) Shrinking ParOldGen from 194560K by 20480K to 174080K
[2020-08-08T11:17:39.351+0300][229.014s][info ][gc] GC(1471) Pause Full (Ergonomics) 136M->2M(284M) 5.316ms
[2020-08-08T11:17:39.399+0300][229.062s][info ][gc] GC(1472) Pause Young (Allocation Failure) 60M->60M(284M) 37.704ms
[2020-08-08T11:17:39.505+0300][229.167s][info ][gc] GC(1473) Pause Young (Allocation Failure) 117M->117M(284M) 93.598ms
[2020-08-08T11:17:39.814+0300][229.476s][debug][gc] GC(1474) Expanding ParOldGen from 174080K by 117760K to 291840K
[2020-08-08T11:17:39.814+0300][229.476s][info ][gc] GC(1474) Pause Full (Ergonomics) 117M->117M(399M) 308.925ms
[2020-08-08T11:17:39.872+0300][229.534s][info ][gc] GC(1475) Pause Young (Allocation Failure) 174M->174M(399M) 42.628ms
[2020-08-08T11:17:39.974+0300][229.637s][info ][gc] GC(1476) Pause Young (Allocation Failure) 232M->232M(399M) 90.432ms
[2020-08-08T11:17:40.217+0300][229.880s][debug][gc] GC(1477) Shrinking ParOldGen from 291840K by 19456K to 272384K
[2020-08-08T11:17:40.217+0300][229.880s][info ][gc] GC(1477) Pause Full (Ergonomics) 232M->98M(380M) 242.850ms
[2020-08-08T11:17:40.348+0300][230.010s][info ][gc] GC(1478) Pause Young (Allocation Failure) 156M->156M(380M) 119.465ms
[2020-08-08T11:17:40.438+0300][230.101s][info ][gc] GC(1479) Pause Young (Allocation Failure) 213M->213M(380M) 79.023ms
[2020-08-08T11:17:40.621+0300][230.283s][debug][gc] GC(1480) Shrinking ParOldGen from 272384K by 18944K to 253440K
[2020-08-08T11:17:40.621+0300][230.283s][info ][gc] GC(1480) Pause Full (Ergonomics) 213M->79M(361M) 182.210ms
[2020-08-08T11:17:40.822+0300][230.485s][info ][gc] GC(1481) Pause Young (Allocation Failure) 136M->136M(361M) 191.182ms
[2020-08-08T11:17:40.970+0300][230.633s][info ][gc] GC(1482) Pause Young (Allocation Failure) 193M->193M(361M) 134.459ms
[2020-08-08T11:17:41.094+0300][230.757s][debug][gc] GC(1483) Shrinking ParOldGen from 253440K by 20480K to 232960K
[2020-08-08T11:17:41.094+0300][230.757s][info ][gc] GC(1483) Pause Full (Ergonomics) 193M->59M(341M) 124.191ms
[2020-08-08T11:17:41.280+0300][230.942s][info ][gc] GC(1484) Pause Young (Allocation Failure) 117M->117M(341M) 172.484ms
[2020-08-08T11:17:41.491+0300][231.153s][info ][gc] GC(1485) Pause Young (Allocation Failure) 174M->175M(341M) 202.342ms
[2020-08-08T11:17:41.560+0300][231.223s][debug][gc] GC(1486) Shrinking ParOldGen from 232960K by 18944K to 214016K
[2020-08-08T11:17:41.560+0300][231.223s][info ][gc] GC(1486) Pause Full (Ergonomics) 175M->41M(323M) 69.504ms
[2020-08-08T11:17:41.764+0300][231.427s][info ][gc] GC(1487) Pause Young (Allocation Failure) 98M->98M(323M) 191.572ms
[2020-08-08T11:17:42.088+0300][231.751s][info ][gc] GC(1488) Pause Young (Allocation Failure) 156M->156M(323M) 310.814ms
[2020-08-08T11:17:42.102+0300][231.764s][debug][gc] GC(1489) Shrinking ParOldGen from 214016K by 19456K to 194560K
[2020-08-08T11:17:42.102+0300][231.764s][info ][gc] GC(1489) Pause Full (Ergonomics) 156M->22M(304M) 13.780ms
[2020-08-08T11:17:42.275+0300][231.938s][info ][gc] GC(1490) Pause Young (Allocation Failure) 79M->79M(304M) 160.269ms
[2020-08-08T11:17:42.634+0300][232.297s][info ][gc] GC(1491) Pause Young (Allocation Failure) 137M->136M(304M) 346.308ms
[2020-08-08T11:17:42.640+0300][232.302s][debug][gc] GC(1492) Shrinking ParOldGen from 194560K by 20480K to 174080K
[2020-08-08T11:17:42.640+0300][232.302s][info ][gc] GC(1492) Pause Full (Ergonomics) 136M->2M(284M) 5.126ms
[2020-08-08T11:17:42.688+0300][232.351s][info ][gc] GC(1493) Pause Young (Allocation Failure) 60M->60M(284M) 35.676ms
[2020-08-08T11:17:42.796+0300][232.459s][info ][gc] GC(1494) Pause Young (Allocation Failure) 117M->117M(284M) 96.853ms
[2020-08-08T11:17:43.090+0300][232.753s][debug][gc] GC(1495) Expanding ParOldGen from 174080K by 117760K to 291840K
[2020-08-08T11:17:43.090+0300][232.753s][info ][gc] GC(1495) Pause Full (Ergonomics) 117M->117M(399M) 293.577ms
[2020-08-08T11:17:43.146+0300][232.808s][info ][gc] GC(1496) Pause Young (Allocation Failure) 174M->174M(399M) 44.585ms
[2020-08-08T11:17:43.250+0300][232.912s][info ][gc] GC(1497) Pause Young (Allocation Failure) 232M->232M(399M) 89.001ms
[2020-08-08T11:17:43.488+0300][233.151s][debug][gc] GC(1498) Shrinking ParOldGen from 291840K by 19456K to 272384K
[2020-08-08T11:17:43.488+0300][233.151s][info ][gc] GC(1498) Pause Full (Ergonomics) 232M->98M(380M) 238.471ms
[2020-08-08T11:17:43.623+0300][233.286s][info ][gc] GC(1499) Pause Young (Allocation Failure) 156M->156M(380M) 125.499ms
[2020-08-08T11:17:43.719+0300][233.381s][info ][gc] GC(1500) Pause Young (Allocation Failure) 213M->213M(380M) 85.125ms
[2020-08-08T11:17:43.899+0300][233.561s][debug][gc] GC(1501) Shrinking ParOldGen from 272384K by 18944K to 253440K
[2020-08-08T11:17:43.899+0300][233.562s][info ][gc] GC(1501) Pause Full (Ergonomics) 213M->79M(361M) 180.224ms
[2020-08-08T11:17:44.090+0300][233.752s][info ][gc] GC(1502) Pause Young (Allocation Failure) 136M->136M(361M) 180.523ms
[2020-08-08T11:17:44.219+0300][233.882s][info ][gc] GC(1503) Pause Young (Allocation Failure) 193M->193M(361M) 119.698ms
[2020-08-08T11:17:44.346+0300][234.009s][debug][gc] GC(1504) Shrinking ParOldGen from 253440K by 20480K to 232960K
[2020-08-08T11:17:44.346+0300][234.009s][info ][gc] GC(1504) Pause Full (Ergonomics) 193M->59M(341M) 127.058ms
[2020-08-08T11:17:44.531+0300][234.194s][info ][gc] GC(1505) Pause Young (Allocation Failure) 117M->117M(341M) 174.013ms
[2020-08-08T11:17:44.734+0300][234.397s][info ][gc] GC(1506) Pause Young (Allocation Failure) 174M->175M(341M) 194.138ms
[2020-08-08T11:17:44.804+0300][234.466s][debug][gc] GC(1507) Shrinking ParOldGen from 232960K by 18944K to 214016K
[2020-08-08T11:17:44.804+0300][234.466s][info ][gc] GC(1507) Pause Full (Ergonomics) 175M->41M(323M) 69.810ms
[2020-08-08T11:17:44.992+0300][234.655s][info ][gc] GC(1508) Pause Young (Allocation Failure) 98M->98M(323M) 178.280ms
[2020-08-08T11:17:45.284+0300][234.946s][info ][gc] GC(1509) Pause Young (Allocation Failure) 156M->156M(323M) 281.764ms
[2020-08-08T11:17:45.297+0300][234.960s][debug][gc] GC(1510) Shrinking ParOldGen from 214016K by 19456K to 194560K
[2020-08-08T11:17:45.297+0300][234.960s][info ][gc] GC(1510) Pause Full (Ergonomics) 156M->22M(304M) 13.529ms
[2020-08-08T11:17:45.503+0300][235.166s][info ][gc] GC(1511) Pause Young (Allocation Failure) 79M->79M(304M) 192.919ms
[2020-08-08T11:17:45.869+0300][235.532s][info ][gc] GC(1512) Pause Young (Allocation Failure) 137M->136M(304M) 356.737ms
[2020-08-08T11:17:45.875+0300][235.538s][debug][gc] GC(1513) Shrinking ParOldGen from 194560K by 20480K to 174080K
[2020-08-08T11:17:45.875+0300][235.538s][info ][gc] GC(1513) Pause Full (Ergonomics) 136M->2M(284M) 5.732ms
[2020-08-08T11:17:45.919+0300][235.582s][info ][gc] GC(1514) Pause Young (Allocation Failure) 60M->59M(284M) 33.933ms
[2020-08-08T11:17:46.028+0300][235.691s][info ][gc] GC(1515) Pause Young (Allocation Failure) 117M->117M(284M) 98.373ms
[2020-08-08T11:17:46.330+0300][235.993s][debug][gc] GC(1516) Expanding ParOldGen from 174080K by 117760K to 291840K
[2020-08-08T11:17:46.330+0300][235.993s][info ][gc] GC(1516) Pause Full (Ergonomics) 117M->117M(399M) 301.912ms
[2020-08-08T11:17:46.380+0300][236.042s][info ][gc] GC(1517) Pause Young (Allocation Failure) 174M->174M(399M) 37.275ms
[2020-08-08T11:17:46.490+0300][236.153s][info ][gc] GC(1518) Pause Young (Allocation Failure) 232M->232M(399M) 94.310ms
[2020-08-08T11:17:46.740+0300][236.403s][debug][gc] GC(1519) Shrinking ParOldGen from 291840K by 19456K to 272384K
[2020-08-08T11:17:46.740+0300][236.403s][info ][gc] GC(1519) Pause Full (Ergonomics) 232M->98M(380M) 249.593ms
[2020-08-08T11:17:46.870+0300][236.533s][info ][gc] GC(1520) Pause Young (Allocation Failure) 156M->156M(380M) 121.837ms
[2020-08-08T11:17:46.961+0300][236.624s][info ][gc] GC(1521) Pause Young (Allocation Failure) 213M->213M(380M) 80.333ms
[2020-08-08T11:17:47.147+0300][236.810s][debug][gc] GC(1522) Shrinking ParOldGen from 272384K by 18944K to 253440K
[2020-08-08T11:17:47.148+0300][236.810s][info ][gc] GC(1522) Pause Full (Ergonomics) 213M->79M(361M) 186.279ms
[2020-08-08T11:17:47.342+0300][237.005s][info ][gc] GC(1523) Pause Young (Allocation Failure) 136M->136M(361M) 184.033ms
[2020-08-08T11:17:47.470+0300][237.132s][info ][gc] GC(1524) Pause Young (Allocation Failure) 193M->193M(361M) 118.761ms
[2020-08-08T11:17:47.594+0300][237.257s][debug][gc] GC(1525) Shrinking ParOldGen from 253440K by 20480K to 232960K
[2020-08-08T11:17:47.594+0300][237.257s][info ][gc] GC(1525) Pause Full (Ergonomics) 193M->59M(341M) 124.609ms
[2020-08-08T11:17:47.761+0300][237.424s][info ][gc] GC(1526) Pause Young (Allocation Failure) 117M->117M(341M) 155.665ms
[2020-08-08T11:17:47.946+0300][237.609s][info ][gc] GC(1527) Pause Young (Allocation Failure) 175M->175M(341M) 176.767ms
[2020-08-08T11:17:48.020+0300][237.683s][debug][gc] GC(1528) Shrinking ParOldGen from 232960K by 21504K to 211456K
[2020-08-08T11:17:48.021+0300][237.683s][info ][gc] GC(1528) Pause Full (Ergonomics) 175M->41M(320M) 74.229ms
[2020-08-08T11:17:48.199+0300][237.861s][info ][gc] GC(1529) Pause Young (Allocation Failure) 98M->98M(320M) 165.179ms
[2020-08-08T11:17:48.483+0300][238.146s][info ][gc] GC(1530) Pause Young (Allocation Failure) 156M->156M(320M) 269.695ms
[2020-08-08T11:17:48.497+0300][238.159s][debug][gc] GC(1531) Shrinking ParOldGen from 211456K by 19456K to 192000K
[2020-08-08T11:17:48.497+0300][238.159s][info ][gc] GC(1531) Pause Full (Ergonomics) 156M->22M(301M) 13.628ms
[2020-08-08T11:17:48.693+0300][238.355s][info ][gc] GC(1532) Pause Young (Allocation Failure) 80M->80M(301M) 185.032ms
[2020-08-08T11:17:49.005+0300][238.667s][info ][gc] GC(1533) Pause Young (Allocation Failure) 136M->136M(301M) 296.327ms
[2020-08-08T11:17:49.011+0300][238.673s][debug][gc] GC(1534) Shrinking ParOldGen from 192000K by 20480K to 171520K
[2020-08-08T11:17:49.011+0300][238.674s][info ][gc] GC(1534) Pause Full (Ergonomics) 136M->2M(281M) 6.297ms
[2020-08-08T11:17:49.065+0300][238.727s][info ][gc] GC(1535) Pause Young (Allocation Failure) 60M->60M(281M) 39.586ms
[2020-08-08T11:17:49.184+0300][238.847s][info ][gc] GC(1536) Pause Young (Allocation Failure) 117M->117M(281M) 99.499ms
[2020-08-08T11:17:49.476+0300][239.139s][debug][gc] GC(1537) Expanding ParOldGen from 171520K by 115200K to 286720K
[2020-08-08T11:17:49.476+0300][239.139s][info ][gc] GC(1537) Pause Full (Ergonomics) 117M->117M(394M) 292.294ms
[2020-08-08T11:17:49.532+0300][239.195s][info ][gc] GC(1538) Pause Young (Allocation Failure) 174M->174M(394M) 41.376ms
[2020-08-08T11:17:49.632+0300][239.295s][info ][gc] GC(1539) Pause Young (Allocation Failure) 232M->232M(394M) 89.932ms
[2020-08-08T11:17:49.880+0300][239.542s][debug][gc] GC(1540) Shrinking ParOldGen from 286720K by 22016K to 264704K
[2020-08-08T11:17:49.880+0300][239.542s][info ][gc] GC(1540) Pause Full (Ergonomics) 232M->98M(372M) 247.778ms
[2020-08-08T11:17:50.004+0300][239.666s][info ][gc] GC(1541) Pause Young (Allocation Failure) 156M->156M(372M) 116.437ms
[2020-08-08T11:17:50.101+0300][239.763s][info ][gc] GC(1542) Pause Young (Allocation Failure) 213M->213M(372M) 86.534ms
[2020-08-08T11:17:50.286+0300][239.949s][debug][gc] GC(1543) Shrinking ParOldGen from 264704K by 18944K to 245760K
[2020-08-08T11:17:50.286+0300][239.949s][info ][gc] GC(1543) Pause Full (Ergonomics) 213M->79M(354M) 185.252ms
[2020-08-08T11:17:50.480+0300][240.142s][info ][gc] GC(1544) Pause Young (Allocation Failure) 136M->136M(354M) 182.448ms
[2020-08-08T11:17:50.603+0300][240.266s][info ][gc] GC(1545) Pause Young (Allocation Failure) 193M->193M(354M) 112.846ms
[2020-08-08T11:17:50.729+0300][240.392s][debug][gc] GC(1546) Shrinking ParOldGen from 245760K by 22528K to 223232K
[2020-08-08T11:17:50.729+0300][240.392s][info ][gc] GC(1546) Pause Full (Ergonomics) 193M->59M(332M) 125.966ms
[2020-08-08T11:17:50.866+0300][240.528s][info ][gc] GC(1547) Pause Young (Allocation Failure) 117M->117M(332M) 125.905ms
[2020-08-08T11:17:51.021+0300][240.684s][info ][gc] GC(1548) Pause Young (Allocation Failure) 174M->175M(332M) 148.300ms
[2020-08-08T11:17:51.091+0300][240.754s][debug][gc] GC(1549) Shrinking ParOldGen from 223232K by 20992K to 202240K
[2020-08-08T11:17:51.092+0300][240.754s][info ][gc] GC(1549) Pause Full (Ergonomics) 175M->41M(311M) 70.401ms
[2020-08-08T11:17:51.291+0300][240.953s][info ][gc] GC(1550) Pause Young (Allocation Failure) 98M->98M(311M) 188.585ms
[2020-08-08T11:17:51.589+0300][241.251s][info ][gc] GC(1551) Pause Young (Allocation Failure) 156M->156M(311M) 288.731ms
[2020-08-08T11:17:51.603+0300][241.266s][debug][gc] GC(1552) Shrinking ParOldGen from 202240K by 19456K to 182784K
[2020-08-08T11:17:51.603+0300][241.266s][info ][gc] GC(1552) Pause Full (Ergonomics) 156M->22M(292M) 14.497ms
[2020-08-08T11:17:51.800+0300][241.463s][info ][gc] GC(1553) Pause Young (Allocation Failure) 80M->80M(292M) 184.618ms
[2020-08-08T11:17:52.171+0300][241.834s][info ][gc] GC(1554) Pause Young (Allocation Failure) 136M->136M(292M) 360.963ms
[2020-08-08T11:17:52.177+0300][241.840s][debug][gc] GC(1555) Shrinking ParOldGen from 182784K by 20480K to 162304K
[2020-08-08T11:17:52.177+0300][241.840s][info ][gc] GC(1555) Pause Full (Ergonomics) 136M->2M(272M) 6.029ms
[2020-08-08T11:17:52.220+0300][241.883s][info ][gc] GC(1556) Pause Young (Allocation Failure) 60M->60M(272M) 33.691ms
[2020-08-08T11:17:52.325+0300][241.988s][info ][gc] GC(1557) Pause Young (Allocation Failure) 117M->117M(272M) 95.058ms
[2020-08-08T11:17:52.624+0300][242.286s][debug][gc] GC(1558) Expanding ParOldGen from 162304K by 117760K to 280064K
[2020-08-08T11:17:52.624+0300][242.286s][info ][gc] GC(1558) Pause Full (Ergonomics) 117M->117M(387M) 298.229ms
[2020-08-08T11:17:52.674+0300][242.337s][info ][gc] GC(1559) Pause Young (Allocation Failure) 174M->174M(387M) 39.940ms
[2020-08-08T11:17:52.773+0300][242.436s][info ][gc] GC(1560) Pause Young (Allocation Failure) 232M->232M(387M) 88.955ms
[2020-08-08T11:17:53.016+0300][242.679s][debug][gc] GC(1561) Shrinking ParOldGen from 280064K by 21504K to 258560K
[2020-08-08T11:17:53.016+0300][242.679s][info ][gc] GC(1561) Pause Full (Ergonomics) 232M->98M(366M) 242.777ms
[2020-08-08T11:17:53.143+0300][242.805s][info ][gc] GC(1562) Pause Young (Allocation Failure) 156M->156M(366M) 117.985ms
[2020-08-08T11:17:53.229+0300][242.892s][info ][gc] GC(1563) Pause Young (Allocation Failure) 213M->213M(366M) 76.338ms
[2020-08-08T11:17:53.404+0300][243.066s][debug][gc] GC(1564) Shrinking ParOldGen from 258560K by 20992K to 237568K
[2020-08-08T11:17:53.404+0300][243.066s][info ][gc] GC(1564) Pause Full (Ergonomics) 213M->79M(346M) 174.594ms
[2020-08-08T11:17:53.596+0300][243.259s][info ][gc] GC(1565) Pause Young (Allocation Failure) 136M->136M(346M) 182.024ms
[2020-08-08T11:17:53.734+0300][243.396s][info ][gc] GC(1566) Pause Young (Allocation Failure) 193M->193M(346M) 127.918ms
[2020-08-08T11:17:53.859+0300][243.521s][debug][gc] GC(1567) Shrinking ParOldGen from 237568K by 22528K to 215040K
[2020-08-08T11:17:53.859+0300][243.521s][info ][gc] GC(1567) Pause Full (Ergonomics) 193M->59M(324M) 124.954ms
[2020-08-08T11:17:54.002+0300][243.664s][info ][gc] GC(1568) Pause Young (Allocation Failure) 117M->117M(324M) 133.090ms
[2020-08-08T11:17:54.184+0300][243.847s][info ][gc] GC(1569) Pause Young (Allocation Failure) 175M->175M(324M) 175.421ms
[2020-08-08T11:17:54.254+0300][243.917s][debug][gc] GC(1570) Shrinking ParOldGen from 215040K by 20480K to 194560K
[2020-08-08T11:17:54.255+0300][243.917s][info ][gc] GC(1570) Pause Full (Ergonomics) 175M->41M(304M) 70.424ms
[2020-08-08T11:17:54.431+0300][244.093s][info ][gc] GC(1571) Pause Young (Allocation Failure) 98M->98M(304M) 164.419ms
[2020-08-08T11:17:54.737+0300][244.400s][info ][gc] GC(1572) Pause Young (Allocation Failure) 156M->156M(304M) 297.983ms
[2020-08-08T11:17:54.752+0300][244.414s][debug][gc] GC(1573) Shrinking ParOldGen from 194560K by 19456K to 175104K
[2020-08-08T11:17:54.752+0300][244.415s][info ][gc] GC(1573) Pause Full (Ergonomics) 156M->22M(285M) 14.600ms
[2020-08-08T11:17:54.953+0300][244.615s][info ][gc] GC(1574) Pause Young (Allocation Failure) 80M->80M(285M) 188.421ms
[2020-08-08T11:17:55.285+0300][244.948s][info ][gc] GC(1575) Pause Young (Allocation Failure) 136M->136M(285M) 322.659ms
[2020-08-08T11:17:55.291+0300][244.954s][debug][gc] GC(1576) Shrinking ParOldGen from 175104K by 20480K to 154624K
[2020-08-08T11:17:55.291+0300][244.954s][info ][gc] GC(1576) Pause Full (Ergonomics) 136M->2M(265M) 6.324ms
[2020-08-08T11:17:55.341+0300][245.004s][info ][gc] GC(1577) Pause Young (Allocation Failure) 60M->60M(265M) 37.677ms
[2020-08-08T11:17:55.454+0300][245.116s][info ][gc] GC(1578) Pause Young (Allocation Failure) 117M->117M(265M) 101.336ms
[2020-08-08T11:17:55.758+0300][245.420s][debug][gc] GC(1579) Expanding ParOldGen from 154624K by 116224K to 270848K
[2020-08-08T11:17:55.758+0300][245.420s][info ][gc] GC(1579) Pause Full (Ergonomics) 117M->117M(378M) 304.157ms
[2020-08-08T11:17:55.815+0300][245.478s][info ][gc] GC(1580) Pause Young (Allocation Failure) 174M->174M(378M) 44.113ms
[2020-08-08T11:17:55.918+0300][245.580s][info ][gc] GC(1581) Pause Young (Allocation Failure) 232M->232M(378M) 91.110ms
[2020-08-08T11:17:56.162+0300][245.825s][debug][gc] GC(1582) Shrinking ParOldGen from 270848K by 20992K to 249856K
[2020-08-08T11:17:56.162+0300][245.825s][info ][gc] GC(1582) Pause Full (Ergonomics) 232M->98M(358M) 244.017ms
[2020-08-08T11:17:56.286+0300][245.949s][info ][gc] GC(1583) Pause Young (Allocation Failure) 156M->156M(358M) 115.316ms
[2020-08-08T11:17:56.376+0300][246.039s][info ][gc] GC(1584) Pause Young (Allocation Failure) 213M->213M(358M) 80.723ms
[2020-08-08T11:17:56.562+0300][246.224s][debug][gc] GC(1585) Shrinking ParOldGen from 249856K by 20480K to 229376K
[2020-08-08T11:17:56.562+0300][246.225s][info ][gc] GC(1585) Pause Full (Ergonomics) 213M->79M(338M) 185.565ms
[2020-08-08T11:17:56.759+0300][246.422s][info ][gc] GC(1586) Pause Young (Allocation Failure) 136M->136M(338M) 186.379ms
[2020-08-08T11:17:56.912+0300][246.574s][info ][gc] GC(1587) Pause Young (Allocation Failure) 193M->193M(338M) 141.556ms
[2020-08-08T11:17:57.041+0300][246.704s][debug][gc] GC(1588) Shrinking ParOldGen from 229376K by 22016K to 207360K
[2020-08-08T11:17:57.041+0300][246.704s][info ][gc] GC(1588) Pause Full (Ergonomics) 193M->59M(316M) 129.166ms
[2020-08-08T11:17:57.177+0300][246.840s][info ][gc] GC(1589) Pause Young (Allocation Failure) 117M->117M(316M) 125.775ms
[2020-08-08T11:17:57.335+0300][246.998s][info ][gc] GC(1590) Pause Young (Allocation Failure) 175M->175M(316M) 149.574ms
[2020-08-08T11:17:57.404+0300][247.066s][debug][gc] GC(1591) Shrinking ParOldGen from 207360K by 20480K to 186880K
[2020-08-08T11:17:57.404+0300][247.066s][info ][gc] GC(1591) Pause Full (Ergonomics) 175M->41M(296M) 68.844ms
[2020-08-08T11:17:57.603+0300][247.265s][info ][gc] GC(1592) Pause Young (Allocation Failure) 98M->98M(296M) 189.634ms
[2020-08-08T11:17:57.903+0300][247.566s][info ][gc] GC(1593) Pause Young (Allocation Failure) 156M->156M(296M) 289.059ms
[2020-08-08T11:17:57.918+0300][247.580s][debug][gc] GC(1594) Shrinking ParOldGen from 186880K by 19456K to 167424K
[2020-08-08T11:17:57.918+0300][247.580s][info ][gc] GC(1594) Pause Full (Ergonomics) 156M->22M(277M) 14.731ms
[2020-08-08T11:17:58.121+0300][247.784s][info ][gc] GC(1595) Pause Young (Allocation Failure) 80M->80M(277M) 191.320ms
[2020-08-08T11:17:58.495+0300][248.158s][info ][gc] GC(1596) Pause Young (Allocation Failure) 136M->136M(277M) 363.864ms
[2020-08-08T11:17:58.502+0300][248.165s][debug][gc] GC(1597) Shrinking ParOldGen from 167424K by 20480K to 146944K
[2020-08-08T11:17:58.502+0300][248.165s][info ][gc] GC(1597) Pause Full (Ergonomics) 136M->2M(257M) 6.935ms
[2020-08-08T11:17:58.548+0300][248.210s][info ][gc] GC(1598) Pause Young (Allocation Failure) 60M->60M(257M) 35.072ms
[2020-08-08T11:17:58.653+0300][248.316s][info ][gc] GC(1599) Pause Young (Allocation Failure) 117M->117M(257M) 93.239ms
[2020-08-08T11:17:58.953+0300][248.617s][debug][gc] GC(1600) Expanding ParOldGen from 146944K by 117760K to 264704K
[2020-08-08T11:17:58.953+0300][248.617s][info ][gc] GC(1600) Pause Full (Ergonomics) 117M->117M(372M) 300.671ms
[2020-08-08T11:17:59.012+0300][248.675s][info ][gc] GC(1601) Pause Young (Allocation Failure) 174M->174M(372M) 46.557ms
[2020-08-08T11:17:59.118+0300][248.781s][info ][gc] GC(1602) Pause Young (Allocation Failure) 232M->232M(372M) 94.185ms
[2020-08-08T11:17:59.352+0300][249.015s][debug][gc] GC(1603) Shrinking ParOldGen from 264704K by 20480K to 244224K
[2020-08-08T11:17:59.352+0300][249.015s][info ][gc] GC(1603) Pause Full (Ergonomics) 232M->98M(352M) 233.865ms
[2020-08-08T11:17:59.488+0300][249.151s][info ][gc] GC(1604) Pause Young (Allocation Failure) 156M->156M(352M) 126.496ms
[2020-08-08T11:17:59.576+0300][249.239s][info ][gc] GC(1605) Pause Young (Allocation Failure) 213M->213M(352M) 78.084ms
[2020-08-08T11:17:59.759+0300][249.422s][debug][gc] GC(1606) Shrinking ParOldGen from 244224K by 19968K to 224256K
[2020-08-08T11:17:59.759+0300][249.422s][info ][gc] GC(1606) Pause Full (Ergonomics) 213M->79M(333M) 182.365ms
[2020-08-08T11:17:59.956+0300][249.620s][info ][gc] GC(1607) Pause Young (Allocation Failure) 136M->136M(333M) 186.640ms
[2020-08-08T11:18:00.092+0300][249.756s][info ][gc] GC(1608) Pause Young (Allocation Failure) 193M->193M(333M) 126.781ms
[2020-08-08T11:18:00.219+0300][249.882s][debug][gc] GC(1609) Shrinking ParOldGen from 224256K by 21504K to 202752K
[2020-08-08T11:18:00.219+0300][249.882s][info ][gc] GC(1609) Pause Full (Ergonomics) 193M->59M(312M) 126.689ms
[2020-08-08T11:18:00.356+0300][250.019s][info ][gc] GC(1610) Pause Young (Allocation Failure) 117M->117M(312M) 126.937ms
[2020-08-08T11:18:00.517+0300][250.180s][info ][gc] GC(1611) Pause Young (Allocation Failure) 174M->175M(312M) 152.406ms
[2020-08-08T11:18:00.587+0300][250.250s][debug][gc] GC(1612) Shrinking ParOldGen from 202752K by 19968K to 182784K
[2020-08-08T11:18:00.587+0300][250.250s][info ][gc] GC(1612) Pause Full (Ergonomics) 175M->41M(292M) 70.101ms
[2020-08-08T11:18:00.782+0300][250.445s][info ][gc] GC(1613) Pause Young (Allocation Failure) 98M->98M(292M) 184.572ms
[2020-08-08T11:18:01.087+0300][250.750s][info ][gc] GC(1614) Pause Young (Allocation Failure) 156M->156M(292M) 296.492ms
[2020-08-08T11:18:01.103+0300][250.766s][debug][gc] GC(1615) Shrinking ParOldGen from 182784K by 19456K to 163328K
[2020-08-08T11:18:01.103+0300][250.766s][info ][gc] GC(1615) Pause Full (Ergonomics) 156M->22M(273M) 15.229ms
[2020-08-08T11:18:01.294+0300][250.957s][info ][gc] GC(1616) Pause Young (Allocation Failure) 80M->80M(273M) 179.793ms
[2020-08-08T11:18:01.669+0300][251.332s][info ][gc] GC(1617) Pause Young (Allocation Failure) 136M->136M(273M) 365.174ms
[2020-08-08T11:18:01.676+0300][251.339s][debug][gc] GC(1618) Shrinking ParOldGen from 163328K by 20480K to 142848K
[2020-08-08T11:18:01.676+0300][251.339s][info ][gc] GC(1618) Pause Full (Ergonomics) 136M->2M(253M) 6.579ms
[2020-08-08T11:18:01.721+0300][251.384s][info ][gc] GC(1619) Pause Young (Allocation Failure) 60M->60M(253M) 35.777ms
[2020-08-08T11:18:01.823+0300][251.486s][info ][gc] GC(1620) Pause Young (Allocation Failure) 117M->117M(253M) 91.397ms
[2020-08-08T11:18:02.130+0300][251.793s][debug][gc] GC(1621) Expanding ParOldGen from 142848K by 117760K to 260608K
[2020-08-08T11:18:02.130+0300][251.793s][info ][gc] GC(1621) Pause Full (Ergonomics) 117M->117M(368M) 307.471ms
[2020-08-08T11:18:02.184+0300][251.847s][info ][gc] GC(1622) Pause Young (Allocation Failure) 174M->174M(368M) 43.335ms
[2020-08-08T11:18:02.278+0300][251.941s][info ][gc] GC(1623) Pause Young (Allocation Failure) 232M->232M(368M) 84.595ms
[2020-08-08T11:18:02.521+0300][252.185s][debug][gc] GC(1624) Shrinking ParOldGen from 260608K by 20480K to 240128K
[2020-08-08T11:18:02.522+0300][252.185s][info ][gc] GC(1624) Pause Full (Ergonomics) 232M->98M(348M) 243.121ms
[2020-08-08T11:18:02.654+0300][252.318s][info ][gc] GC(1625) Pause Young (Allocation Failure) 156M->156M(348M) 124.083ms
[2020-08-08T11:18:02.742+0300][252.405s][info ][gc] GC(1626) Pause Young (Allocation Failure) 213M->213M(348M) 78.175ms
[2020-08-08T11:18:02.926+0300][252.589s][debug][gc] GC(1627) Shrinking ParOldGen from 240128K by 19968K to 220160K
[2020-08-08T11:18:02.926+0300][252.589s][info ][gc] GC(1627) Pause Full (Ergonomics) 213M->79M(329M) 183.628ms
[2020-08-08T11:18:03.121+0300][252.784s][info ][gc] GC(1628) Pause Young (Allocation Failure) 136M->136M(329M) 184.489ms
[2020-08-08T11:18:03.239+0300][252.902s][info ][gc] GC(1629) Pause Young (Allocation Failure) 193M->193M(329M) 107.932ms
[2020-08-08T11:18:03.366+0300][253.029s][debug][gc] GC(1630) Shrinking ParOldGen from 220160K by 21504K to 198656K
[2020-08-08T11:18:03.366+0300][253.029s][info ][gc] GC(1630) Pause Full (Ergonomics) 193M->59M(308M) 127.071ms
[2020-08-08T11:18:03.551+0300][253.214s][info ][gc] GC(1631) Pause Young (Allocation Failure) 117M->117M(308M) 174.827ms
[2020-08-08T11:18:03.755+0300][253.418s][info ][gc] GC(1632) Pause Young (Allocation Failure) 174M->175M(308M) 195.329ms
[2020-08-08T11:18:03.826+0300][253.489s][debug][gc] GC(1633) Shrinking ParOldGen from 198656K by 19968K to 178688K
[2020-08-08T11:18:03.826+0300][253.489s][info ][gc] GC(1633) Pause Full (Ergonomics) 175M->41M(288M) 70.854ms
[2020-08-08T11:18:04.026+0300][253.689s][info ][gc] GC(1634) Pause Young (Allocation Failure) 98M->98M(288M) 190.799ms
[2020-08-08T11:18:04.345+0300][254.008s][info ][gc] GC(1635) Pause Young (Allocation Failure) 156M->156M(288M) 311.114ms
[2020-08-08T11:18:04.361+0300][254.024s][debug][gc] GC(1636) Shrinking ParOldGen from 178688K by 18944K to 159744K
[2020-08-08T11:18:04.361+0300][254.024s][info ][gc] GC(1636) Pause Full (Ergonomics) 156M->22M(270M) 16.010ms
[2020-08-08T11:18:04.559+0300][254.222s][info ][gc] GC(1637) Pause Young (Allocation Failure) 80M->79M(270M) 185.258ms
[2020-08-08T11:18:04.929+0300][254.592s][info ][gc] GC(1638) Pause Young (Allocation Failure) 137M->136M(270M) 360.255ms
[2020-08-08T11:18:04.935+0300][254.598s][debug][gc] GC(1639) Shrinking ParOldGen from 159744K by 20992K to 138752K
[2020-08-08T11:18:04.935+0300][254.598s][info ][gc] GC(1639) Pause Full (Ergonomics) 136M->2M(249M) 6.697ms
[2020-08-08T11:18:04.981+0300][254.644s][info ][gc] GC(1640) Pause Young (Allocation Failure) 60M->60M(249M) 35.137ms
[2020-08-08T11:18:05.086+0300][254.749s][info ][gc] GC(1641) Pause Young (Allocation Failure) 117M->117M(249M) 94.776ms
[2020-08-08T11:18:05.391+0300][255.054s][debug][gc] GC(1642) Expanding ParOldGen from 138752K by 117760K to 256512K
[2020-08-08T11:18:05.391+0300][255.054s][info ][gc] GC(1642) Pause Full (Ergonomics) 117M->117M(364M) 304.691ms
[2020-08-08T11:18:05.439+0300][255.102s][info ][gc] GC(1643) Pause Young (Allocation Failure) 174M->174M(364M) 38.279ms
[2020-08-08T11:18:05.540+0300][255.203s][info ][gc] GC(1644) Pause Young (Allocation Failure) 232M->232M(364M) 90.604ms
[2020-08-08T11:18:05.781+0300][255.444s][debug][gc] GC(1645) Shrinking ParOldGen from 256512K by 20480K to 236032K
[2020-08-08T11:18:05.781+0300][255.444s][info ][gc] GC(1645) Pause Full (Ergonomics) 232M->98M(344M) 240.672ms
[2020-08-08T11:18:05.911+0300][255.575s][info ][gc] GC(1646) Pause Young (Allocation Failure) 156M->156M(344M) 123.225ms
[2020-08-08T11:18:06.002+0300][255.665s][info ][gc] GC(1647) Pause Young (Allocation Failure) 213M->213M(344M) 80.595ms
[2020-08-08T11:18:06.185+0300][255.848s][debug][gc] GC(1648) Shrinking ParOldGen from 236032K by 19968K to 216064K
[2020-08-08T11:18:06.185+0300][255.849s][info ][gc] GC(1648) Pause Full (Ergonomics) 213M->79M(325M) 183.326ms
[2020-08-08T11:18:06.376+0300][256.040s][info ][gc] GC(1649) Pause Young (Allocation Failure) 136M->136M(325M) 181.021ms
[2020-08-08T11:18:06.499+0300][256.162s][info ][gc] GC(1650) Pause Young (Allocation Failure) 193M->193M(325M) 112.355ms
[2020-08-08T11:18:06.622+0300][256.286s][debug][gc] GC(1651) Shrinking ParOldGen from 216064K by 20992K to 195072K
[2020-08-08T11:18:06.622+0300][256.286s][info ][gc] GC(1651) Pause Full (Ergonomics) 193M->59M(304M) 123.496ms
[2020-08-08T11:18:06.804+0300][256.467s][info ][gc] GC(1652) Pause Young (Allocation Failure) 117M->117M(304M) 171.926ms
[2020-08-08T11:18:07.007+0300][256.670s][info ][gc] GC(1653) Pause Young (Allocation Failure) 174M->175M(304M) 194.959ms
[2020-08-08T11:18:07.082+0300][256.745s][debug][gc] GC(1654) Shrinking ParOldGen from 195072K by 19456K to 175616K
[2020-08-08T11:18:07.082+0300][256.745s][info ][gc] GC(1654) Pause Full (Ergonomics) 175M->41M(285M) 74.566ms
[2020-08-08T11:18:07.277+0300][256.940s][info ][gc] GC(1655) Pause Young (Allocation Failure) 98M->98M(285M) 185.499ms
[2020-08-08T11:18:07.574+0300][257.238s][info ][gc] GC(1656) Pause Young (Allocation Failure) 156M->156M(285M) 289.894ms
[2020-08-08T11:18:07.590+0300][257.253s][debug][gc] GC(1657) Shrinking ParOldGen from 175616K by 19456K to 156160K
[2020-08-08T11:18:07.590+0300][257.253s][info ][gc] GC(1657) Pause Full (Ergonomics) 156M->22M(266M) 15.440ms
[2020-08-08T11:18:07.783+0300][257.446s][info ][gc] GC(1658) Pause Young (Allocation Failure) 80M->79M(266M) 180.253ms
[2020-08-08T11:18:08.153+0300][257.816s][info ][gc] GC(1659) Pause Young (Allocation Failure) 137M->136M(266M) 360.451ms
[2020-08-08T11:18:08.159+0300][257.823s][debug][gc] GC(1660) Shrinking ParOldGen from 156160K by 20480K to 135680K
[2020-08-08T11:18:08.160+0300][257.823s][info ][gc] GC(1660) Pause Full (Ergonomics) 136M->2M(246M) 6.282ms
[2020-08-08T11:18:08.202+0300][257.865s][info ][gc] GC(1661) Pause Young (Allocation Failure) 60M->60M(246M) 33.896ms
[2020-08-08T11:18:08.304+0300][257.968s][info ][gc] GC(1662) Pause Young (Allocation Failure) 117M->117M(246M) 92.039ms
[2020-08-08T11:18:08.607+0300][258.271s][debug][gc] GC(1663) Expanding ParOldGen from 135680K by 117760K to 253440K
[2020-08-08T11:18:08.608+0300][258.271s][info ][gc] GC(1663) Pause Full (Ergonomics) 117M->117M(361M) 303.210ms
[2020-08-08T11:18:08.660+0300][258.324s][info ][gc] GC(1664) Pause Young (Allocation Failure) 174M->174M(361M) 41.526ms
[2020-08-08T11:18:08.756+0300][258.419s][info ][gc] GC(1665) Pause Young (Allocation Failure) 232M->232M(361M) 85.959ms
[2020-08-08T11:18:08.998+0300][258.661s][debug][gc] GC(1666) Shrinking ParOldGen from 253440K by 19968K to 233472K
[2020-08-08T11:18:08.998+0300][258.661s][info ][gc] GC(1666) Pause Full (Ergonomics) 232M->98M(342M) 241.709ms
[2020-08-08T11:18:09.132+0300][258.795s][info ][gc] GC(1667) Pause Young (Allocation Failure) 156M->156M(342M) 125.019ms
[2020-08-08T11:18:09.223+0300][258.886s][info ][gc] GC(1668) Pause Young (Allocation Failure) 213M->213M(342M) 80.185ms
[2020-08-08T11:18:09.409+0300][259.072s][debug][gc] GC(1669) Shrinking ParOldGen from 233472K by 19456K to 214016K
[2020-08-08T11:18:09.409+0300][259.072s][info ][gc] GC(1669) Pause Full (Ergonomics) 213M->79M(323M) 186.077ms
[2020-08-08T11:18:09.606+0300][259.269s][info ][gc] GC(1670) Pause Young (Allocation Failure) 136M->136M(323M) 187.250ms
[2020-08-08T11:18:09.743+0300][259.406s][info ][gc] GC(1671) Pause Young (Allocation Failure) 193M->193M(323M) 124.720ms
[2020-08-08T11:18:09.867+0300][259.530s][debug][gc] GC(1672) Shrinking ParOldGen from 214016K by 20992K to 193024K
[2020-08-08T11:18:09.867+0300][259.530s][info ][gc] GC(1672) Pause Full (Ergonomics) 193M->59M(302M) 123.594ms
[2020-08-08T11:18:10.051+0300][259.714s][info ][gc] GC(1673) Pause Young (Allocation Failure) 117M->117M(302M) 173.887ms
[2020-08-08T11:18:10.248+0300][259.911s][info ][gc] GC(1674) Pause Young (Allocation Failure) 174M->175M(302M) 185.153ms
[2020-08-08T11:18:10.320+0300][259.983s][debug][gc] GC(1675) Shrinking ParOldGen from 193024K by 19456K to 173568K
[2020-08-08T11:18:10.320+0300][259.983s][info ][gc] GC(1675) Pause Full (Ergonomics) 175M->41M(283M) 72.094ms
[2020-08-08T11:18:10.515+0300][260.178s][info ][gc] GC(1676) Pause Young (Allocation Failure) 98M->98M(283M) 185.163ms
[2020-08-08T11:18:10.818+0300][260.481s][info ][gc] GC(1677) Pause Young (Allocation Failure) 156M->156M(283M) 294.904ms
[2020-08-08T11:18:10.832+0300][260.495s][debug][gc] GC(1678) Shrinking ParOldGen from 173568K by 19456K to 154112K
[2020-08-08T11:18:10.832+0300][260.496s][info ][gc] GC(1678) Pause Full (Ergonomics) 156M->22M(264M) 14.313ms
[2020-08-08T11:18:11.035+0300][260.698s][info ][gc] GC(1679) Pause Young (Allocation Failure) 80M->79M(264M) 189.853ms
[2020-08-08T11:18:11.407+0300][261.070s][info ][gc] GC(1680) Pause Young (Allocation Failure) 137M->136M(264M) 363.495ms
[2020-08-08T11:18:11.413+0300][261.076s][debug][gc] GC(1681) Shrinking ParOldGen from 154112K by 20480K to 133632K
[2020-08-08T11:18:11.413+0300][261.077s][info ][gc] GC(1681) Pause Full (Ergonomics) 136M->2M(244M) 6.183ms
[2020-08-08T11:18:11.457+0300][261.120s][info ][gc] GC(1682) Pause Young (Allocation Failure) 60M->60M(244M) 35.628ms
[2020-08-08T11:18:11.559+0300][261.223s][info ][gc] GC(1683) Pause Young (Allocation Failure) 117M->117M(244M) 92.045ms
[2020-08-08T11:18:11.856+0300][261.519s][debug][gc] GC(1684) Expanding ParOldGen from 133632K by 117760K to 251392K
[2020-08-08T11:18:11.856+0300][261.519s][info ][gc] GC(1684) Pause Full (Ergonomics) 117M->117M(359M) 296.877ms
[2020-08-08T11:18:11.905+0300][261.568s][info ][gc] GC(1685) Pause Young (Allocation Failure) 174M->174M(359M) 38.089ms
[2020-08-08T11:18:12.002+0300][261.665s][info ][gc] GC(1686) Pause Young (Allocation Failure) 232M->232M(359M) 87.144ms
[2020-08-08T11:18:12.244+0300][261.907s][debug][gc] GC(1687) Shrinking ParOldGen from 251392K by 19968K to 231424K
[2020-08-08T11:18:12.244+0300][261.908s][info ][gc] GC(1687) Pause Full (Ergonomics) 232M->98M(340M) 242.503ms
[2020-08-08T11:18:12.370+0300][262.033s][info ][gc] GC(1688) Pause Young (Allocation Failure) 156M->156M(340M) 117.105ms
[2020-08-08T11:18:12.457+0300][262.120s][info ][gc] GC(1689) Pause Young (Allocation Failure) 213M->213M(340M) 76.849ms
[2020-08-08T11:18:12.642+0300][262.305s][debug][gc] GC(1690) Shrinking ParOldGen from 231424K by 19456K to 211968K
[2020-08-08T11:18:12.642+0300][262.305s][info ][gc] GC(1690) Pause Full (Ergonomics) 213M->79M(321M) 185.414ms
[2020-08-08T11:18:12.840+0300][262.503s][info ][gc] GC(1691) Pause Young (Allocation Failure) 136M->136M(321M) 187.514ms
[2020-08-08T11:18:12.969+0300][262.632s][info ][gc] GC(1692) Pause Young (Allocation Failure) 193M->193M(321M) 116.904ms
[2020-08-08T11:18:13.096+0300][262.759s][debug][gc] GC(1693) Shrinking ParOldGen from 211968K by 20992K to 190976K
[2020-08-08T11:18:13.096+0300][262.759s][info ][gc] GC(1693) Pause Full (Ergonomics) 193M->59M(300M) 126.949ms
[2020-08-08T11:18:13.286+0300][262.949s][info ][gc] GC(1694) Pause Young (Allocation Failure) 117M->117M(300M) 179.539ms
[2020-08-08T11:18:13.487+0300][263.150s][info ][gc] GC(1695) Pause Young (Allocation Failure) 174M->175M(300M) 193.685ms
[2020-08-08T11:18:13.557+0300][263.220s][debug][gc] GC(1696) Shrinking ParOldGen from 190976K by 19456K to 171520K
[2020-08-08T11:18:13.557+0300][263.220s][info ][gc] GC(1696) Pause Full (Ergonomics) 175M->41M(281M) 70.412ms
[2020-08-08T11:18:13.759+0300][263.422s][info ][gc] GC(1697) Pause Young (Allocation Failure) 98M->98M(281M) 191.617ms
[2020-08-08T11:18:14.053+0300][263.716s][info ][gc] GC(1698) Pause Young (Allocation Failure) 156M->156M(281M) 284.975ms
[2020-08-08T11:18:14.069+0300][263.732s][debug][gc] GC(1699) Shrinking ParOldGen from 171520K by 18944K to 152576K
[2020-08-08T11:18:14.069+0300][263.732s][info ][gc] GC(1699) Pause Full (Ergonomics) 156M->22M(263M) 15.445ms
[2020-08-08T11:18:14.269+0300][263.932s][info ][gc] GC(1700) Pause Young (Allocation Failure) 80M->79M(263M) 187.921ms
[2020-08-08T11:18:14.646+0300][264.309s][info ][gc] GC(1701) Pause Young (Allocation Failure) 137M->136M(263M) 366.942ms
[2020-08-08T11:18:14.652+0300][264.315s][debug][gc] GC(1702) Shrinking ParOldGen from 152576K by 20992K to 131584K
[2020-08-08T11:18:14.652+0300][264.315s][info ][gc] GC(1702) Pause Full (Ergonomics) 136M->2M(242M) 6.542ms
[2020-08-08T11:18:14.696+0300][264.359s][info ][gc] GC(1703) Pause Young (Allocation Failure) 60M->60M(242M) 33.930ms
[2020-08-08T11:18:14.800+0300][264.463s][info ][gc] GC(1704) Pause Young (Allocation Failure) 117M->117M(242M) 91.902ms
[2020-08-08T11:18:15.102+0300][264.765s][debug][gc] GC(1705) Expanding ParOldGen from 131584K by 117760K to 249344K
[2020-08-08T11:18:15.102+0300][264.765s][info ][gc] GC(1705) Pause Full (Ergonomics) 117M->117M(357M) 302.010ms
[2020-08-08T11:18:15.149+0300][264.812s][info ][gc] GC(1706) Pause Young (Allocation Failure) 174M->174M(357M) 36.346ms
[2020-08-08T11:18:15.248+0300][264.911s][info ][gc] GC(1707) Pause Young (Allocation Failure) 232M->232M(357M) 88.697ms
[2020-08-08T11:18:15.488+0300][265.151s][debug][gc] GC(1708) Shrinking ParOldGen from 249344K by 19968K to 229376K
[2020-08-08T11:18:15.488+0300][265.151s][info ][gc] GC(1708) Pause Full (Ergonomics) 232M->98M(338M) 240.560ms
[2020-08-08T11:18:15.620+0300][265.284s][info ][gc] GC(1709) Pause Young (Allocation Failure) 156M->156M(338M) 122.920ms
[2020-08-08T11:18:15.707+0300][265.370s][info ][gc] GC(1710) Pause Young (Allocation Failure) 213M->213M(338M) 76.117ms
[2020-08-08T11:18:15.890+0300][265.553s][debug][gc] GC(1711) Shrinking ParOldGen from 229376K by 19456K to 209920K
[2020-08-08T11:18:15.890+0300][265.553s][info ][gc] GC(1711) Pause Full (Ergonomics) 213M->79M(319M) 182.944ms
[2020-08-08T11:18:16.084+0300][265.747s][info ][gc] GC(1712) Pause Young (Allocation Failure) 136M->136M(319M) 183.600ms
[2020-08-08T11:18:16.205+0300][265.868s][info ][gc] GC(1713) Pause Young (Allocation Failure) 193M->193M(319M) 110.046ms
[2020-08-08T11:18:16.329+0300][265.992s][debug][gc] GC(1714) Shrinking ParOldGen from 209920K by 20992K to 188928K
[2020-08-08T11:18:16.329+0300][265.992s][info ][gc] GC(1714) Pause Full (Ergonomics) 193M->59M(298M) 124.537ms
[2020-08-08T11:18:16.516+0300][266.179s][info ][gc] GC(1715) Pause Young (Allocation Failure) 117M->117M(298M) 176.320ms
[2020-08-08T11:18:16.721+0300][266.384s][info ][gc] GC(1716) Pause Young (Allocation Failure) 174M->175M(298M) 197.114ms
[2020-08-08T11:18:16.792+0300][266.455s][debug][gc] GC(1717) Shrinking ParOldGen from 188928K by 19456K to 169472K
[2020-08-08T11:18:16.792+0300][266.455s][info ][gc] GC(1717) Pause Full (Ergonomics) 175M->41M(279M) 70.497ms
[2020-08-08T11:18:16.991+0300][266.654s][info ][gc] GC(1718) Pause Young (Allocation Failure) 98M->98M(279M) 188.291ms
[2020-08-08T11:18:17.286+0300][266.949s][info ][gc] GC(1719) Pause Young (Allocation Failure) 156M->156M(279M) 286.176ms
[2020-08-08T11:18:17.302+0300][266.965s][debug][gc] GC(1720) Shrinking ParOldGen from 169472K by 18944K to 150528K
[2020-08-08T11:18:17.302+0300][266.965s][info ][gc] GC(1720) Pause Full (Ergonomics) 156M->22M(261M) 15.681ms
[2020-08-08T11:18:17.498+0300][267.161s][info ][gc] GC(1721) Pause Young (Allocation Failure) 80M->79M(261M) 183.051ms
[2020-08-08T11:18:17.856+0300][267.519s][info ][gc] GC(1722) Pause Young (Allocation Failure) 137M->136M(261M) 347.066ms
[2020-08-08T11:18:17.863+0300][267.526s][debug][gc] GC(1723) Shrinking ParOldGen from 150528K by 20992K to 129536K
[2020-08-08T11:18:17.863+0300][267.526s][info ][gc] GC(1723) Pause Full (Ergonomics) 136M->2M(240M) 6.743ms
[2020-08-08T11:18:17.906+0300][267.569s][info ][gc] GC(1724) Pause Young (Allocation Failure) 60M->60M(240M) 33.669ms
[2020-08-08T11:18:18.010+0300][267.673s][info ][gc] GC(1725) Pause Young (Allocation Failure) 117M->117M(240M) 93.683ms
[2020-08-08T11:18:18.310+0300][267.973s][debug][gc] GC(1726) Expanding ParOldGen from 129536K by 117760K to 247296K
[2020-08-08T11:18:18.310+0300][267.973s][info ][gc] GC(1726) Pause Full (Ergonomics) 117M->117M(355M) 299.940ms
[2020-08-08T11:18:18.365+0300][268.028s][info ][gc] GC(1727) Pause Young (Allocation Failure) 174M->174M(355M) 44.143ms
[2020-08-08T11:18:18.462+0300][268.126s][info ][gc] GC(1728) Pause Young (Allocation Failure) 232M->232M(355M) 87.948ms
[2020-08-08T11:18:18.712+0300][268.376s][debug][gc] GC(1729) Shrinking ParOldGen from 247296K by 19968K to 227328K
[2020-08-08T11:18:18.713+0300][268.376s][info ][gc] GC(1729) Pause Full (Ergonomics) 232M->98M(336M) 249.972ms
[2020-08-08T11:18:18.837+0300][268.500s][info ][gc] GC(1730) Pause Young (Allocation Failure) 156M->156M(336M) 116.277ms
[2020-08-08T11:18:18.925+0300][268.589s][info ][gc] GC(1731) Pause Young (Allocation Failure) 213M->213M(336M) 78.238ms
[2020-08-08T11:18:19.108+0300][268.771s][debug][gc] GC(1732) Shrinking ParOldGen from 227328K by 19456K to 207872K
[2020-08-08T11:18:19.108+0300][268.771s][info ][gc] GC(1732) Pause Full (Ergonomics) 213M->79M(317M) 182.325ms
[2020-08-08T11:18:19.303+0300][268.966s][info ][gc] GC(1733) Pause Young (Allocation Failure) 136M->136M(317M) 185.268ms
[2020-08-08T11:18:19.427+0300][269.090s][info ][gc] GC(1734) Pause Young (Allocation Failure) 193M->193M(317M) 113.265ms
[2020-08-08T11:18:19.548+0300][269.212s][debug][gc] GC(1735) Shrinking ParOldGen from 207872K by 20992K to 186880K
[2020-08-08T11:18:19.548+0300][269.212s][info ][gc] GC(1735) Pause Full (Ergonomics) 193M->59M(296M) 121.117ms
[2020-08-08T11:18:19.735+0300][269.399s][info ][gc] GC(1736) Pause Young (Allocation Failure) 117M->117M(296M) 175.900ms
[2020-08-08T11:18:19.934+0300][269.597s][info ][gc] GC(1737) Pause Young (Allocation Failure) 174M->175M(296M) 191.517ms
[2020-08-08T11:18:20.010+0300][269.673s][debug][gc] GC(1738) Shrinking ParOldGen from 186880K by 19456K to 167424K
[2020-08-08T11:18:20.010+0300][269.673s][info ][gc] GC(1738) Pause Full (Ergonomics) 175M->41M(277M) 75.482ms
[2020-08-08T11:18:20.209+0300][269.872s][info ][gc] GC(1739) Pause Young (Allocation Failure) 98M->98M(277M) 188.575ms
[2020-08-08T11:18:20.513+0300][270.176s][info ][gc] GC(1740) Pause Young (Allocation Failure) 156M->156M(277M) 296.645ms
[2020-08-08T11:18:20.527+0300][270.190s][debug][gc] GC(1741) Shrinking ParOldGen from 167424K by 19456K to 147968K
[2020-08-08T11:18:20.527+0300][270.190s][info ][gc] GC(1741) Pause Full (Ergonomics) 156M->22M(258M) 14.251ms
[2020-08-08T11:18:20.722+0300][270.385s][info ][gc] GC(1742) Pause Young (Allocation Failure) 80M->79M(258M) 180.523ms
[2020-08-08T11:18:21.094+0300][270.757s][info ][gc] GC(1743) Pause Young (Allocation Failure) 137M->136M(258M) 361.819ms
[2020-08-08T11:18:21.100+0300][270.763s][debug][gc] GC(1744) Shrinking ParOldGen from 147968K by 20480K to 127488K
[2020-08-08T11:18:21.100+0300][270.763s][info ][gc] GC(1744) Pause Full (Ergonomics) 136M->2M(238M) 6.110ms
[2020-08-08T11:18:21.143+0300][270.806s][info ][gc] GC(1745) Pause Young (Allocation Failure) 60M->59M(238M) 34.004ms
[2020-08-08T11:18:21.247+0300][270.910s][info ][gc] GC(1746) Pause Young (Allocation Failure) 117M->117M(238M) 94.260ms
[2020-08-08T11:18:21.550+0300][271.212s][debug][gc] GC(1747) Expanding ParOldGen from 127488K by 117760K to 245248K
[2020-08-08T11:18:21.550+0300][271.213s][info ][gc] GC(1747) Pause Full (Ergonomics) 117M->117M(353M) 302.053ms
[2020-08-08T11:18:21.600+0300][271.263s][info ][gc] GC(1748) Pause Young (Allocation Failure) 174M->174M(353M) 41.580ms
[2020-08-08T11:18:21.701+0300][271.364s][info ][gc] GC(1749) Pause Young (Allocation Failure) 232M->232M(353M) 88.590ms
[2020-08-08T11:18:21.946+0300][271.609s][debug][gc] GC(1750) Shrinking ParOldGen from 245248K by 19968K to 225280K
[2020-08-08T11:18:21.946+0300][271.609s][info ][gc] GC(1750) Pause Full (Ergonomics) 232M->98M(334M) 244.243ms
[2020-08-08T11:18:22.078+0300][271.741s][info ][gc] GC(1751) Pause Young (Allocation Failure) 156M->156M(334M) 123.805ms
[2020-08-08T11:18:22.168+0300][271.832s][info ][gc] GC(1752) Pause Young (Allocation Failure) 213M->213M(334M) 80.339ms
[2020-08-08T11:18:22.353+0300][272.016s][debug][gc] GC(1753) Shrinking ParOldGen from 225280K by 19456K to 205824K
[2020-08-08T11:18:22.353+0300][272.017s][info ][gc] GC(1753) Pause Full (Ergonomics) 213M->79M(315M) 184.856ms
[2020-08-08T11:18:22.553+0300][272.216s][info ][gc] GC(1754) Pause Young (Allocation Failure) 136M->136M(315M) 188.538ms
[2020-08-08T11:18:22.670+0300][272.333s][info ][gc] GC(1755) Pause Young (Allocation Failure) 193M->193M(315M) 106.845ms
[2020-08-08T11:18:22.794+0300][272.458s][debug][gc] GC(1756) Shrinking ParOldGen from 205824K by 20480K to 185344K
[2020-08-08T11:18:22.794+0300][272.458s][info ][gc] GC(1756) Pause Full (Ergonomics) 193M->59M(295M) 124.832ms
[2020-08-08T11:18:22.987+0300][272.650s][info ][gc] GC(1757) Pause Young (Allocation Failure) 117M->117M(295M) 180.818ms
[2020-08-08T11:18:23.191+0300][272.855s][info ][gc] GC(1758) Pause Young (Allocation Failure) 174M->175M(295M) 196.365ms
[2020-08-08T11:18:23.260+0300][272.923s][debug][gc] GC(1759) Shrinking ParOldGen from 185344K by 18944K to 166400K
[2020-08-08T11:18:23.260+0300][272.923s][info ][gc] GC(1759) Pause Full (Ergonomics) 175M->41M(276M) 68.592ms
[2020-08-08T11:18:23.462+0300][273.125s][info ][gc] GC(1760) Pause Young (Allocation Failure) 98M->98M(276M) 190.212ms
[2020-08-08T11:18:23.765+0300][273.428s][info ][gc] GC(1761) Pause Young (Allocation Failure) 156M->156M(276M) 293.676ms
[2020-08-08T11:18:23.782+0300][273.445s][debug][gc] GC(1762) Shrinking ParOldGen from 166400K by 19456K to 146944K
[2020-08-08T11:18:23.782+0300][273.446s][info ][gc] GC(1762) Pause Full (Ergonomics) 156M->22M(257M) 17.556ms
[2020-08-08T11:18:23.981+0300][273.645s][info ][gc] GC(1763) Pause Young (Allocation Failure) 80M->79M(257M) 186.901ms
[2020-08-08T11:18:24.329+0300][273.992s][info ][gc] GC(1764) Pause Young (Allocation Failure) 137M->136M(257M) 336.872ms
[2020-08-08T11:18:24.335+0300][273.999s][debug][gc] GC(1765) Shrinking ParOldGen from 146944K by 20480K to 126464K
[2020-08-08T11:18:24.335+0300][273.999s][info ][gc] GC(1765) Pause Full (Ergonomics) 136M->2M(237M) 6.215ms
[2020-08-08T11:18:24.380+0300][274.044s][info ][gc] GC(1766) Pause Young (Allocation Failure) 60M->60M(237M) 35.753ms
[2020-08-08T11:18:24.484+0300][274.147s][info ][gc] GC(1767) Pause Young (Allocation Failure) 117M->117M(237M) 94.277ms
[2020-08-08T11:18:24.785+0300][274.448s][debug][gc] GC(1768) Expanding ParOldGen from 126464K by 117760K to 244224K
[2020-08-08T11:18:24.785+0300][274.448s][info ][gc] GC(1768) Pause Full (Ergonomics) 117M->117M(352M) 300.734ms
[2020-08-08T11:18:24.839+0300][274.502s][info ][gc] GC(1769) Pause Young (Allocation Failure) 174M->174M(352M) 43.951ms
[2020-08-08T11:18:24.937+0300][274.600s][info ][gc] GC(1770) Pause Young (Allocation Failure) 232M->232M(352M) 87.883ms
[2020-08-08T11:18:25.188+0300][274.851s][debug][gc] GC(1771) Shrinking ParOldGen from 244224K by 19456K to 224768K
[2020-08-08T11:18:25.188+0300][274.851s][info ][gc] GC(1771) Pause Full (Ergonomics) 232M->98M(333M) 251.009ms
[2020-08-08T11:18:25.315+0300][274.978s][info ][gc] GC(1772) Pause Young (Allocation Failure) 156M->156M(333M) 118.744ms
[2020-08-08T11:18:25.400+0300][275.063s][info ][gc] GC(1773) Pause Young (Allocation Failure) 213M->213M(333M) 75.192ms
[2020-08-08T11:18:25.584+0300][275.247s][debug][gc] GC(1774) Shrinking ParOldGen from 224768K by 18944K to 205824K
[2020-08-08T11:18:25.584+0300][275.247s][info ][gc] GC(1774) Pause Full (Ergonomics) 213M->79M(315M) 183.988ms
[2020-08-08T11:18:25.782+0300][275.444s][info ][gc] GC(1775) Pause Young (Allocation Failure) 136M->136M(315M) 187.089ms
[2020-08-08T11:18:25.916+0300][275.579s][info ][gc] GC(1776) Pause Young (Allocation Failure) 193M->193M(315M) 124.534ms
[2020-08-08T11:18:26.039+0300][275.702s][debug][gc] GC(1777) Shrinking ParOldGen from 205824K by 20480K to 185344K
[2020-08-08T11:18:26.039+0300][275.702s][info ][gc] GC(1777) Pause Full (Ergonomics) 193M->59M(295M) 123.335ms
[2020-08-08T11:18:26.220+0300][275.883s][info ][gc] GC(1778) Pause Young (Allocation Failure) 117M->117M(295M) 170.946ms
[2020-08-08T11:18:26.420+0300][276.083s][info ][gc] GC(1779) Pause Young (Allocation Failure) 174M->175M(295M) 192.847ms
[2020-08-08T11:18:26.489+0300][276.152s][debug][gc] GC(1780) Shrinking ParOldGen from 185344K by 18944K to 166400K
[2020-08-08T11:18:26.489+0300][276.152s][info ][gc] GC(1780) Pause Full (Ergonomics) 175M->41M(276M) 69.112ms
[2020-08-08T11:18:26.669+0300][276.332s][info ][gc] GC(1781) Pause Young (Allocation Failure) 98M->98M(276M) 168.742ms
[2020-08-08T11:18:26.966+0300][276.629s][info ][gc] GC(1782) Pause Young (Allocation Failure) 156M->156M(276M) 289.085ms
[2020-08-08T11:18:26.981+0300][276.644s][debug][gc] GC(1783) Shrinking ParOldGen from 166400K by 18944K to 147456K
[2020-08-08T11:18:26.981+0300][276.644s][info ][gc] GC(1783) Pause Full (Ergonomics) 156M->22M(258M) 14.994ms
[2020-08-08T11:18:27.178+0300][276.841s][info ][gc] GC(1784) Pause Young (Allocation Failure) 80M->79M(258M) 184.493ms
[2020-08-08T11:18:27.540+0300][277.203s][info ][gc] GC(1785) Pause Young (Allocation Failure) 137M->136M(258M) 352.648ms
[2020-08-08T11:18:27.547+0300][277.209s][debug][gc] GC(1786) Shrinking ParOldGen from 147456K by 20992K to 126464K
[2020-08-08T11:18:27.547+0300][277.210s][info ][gc] GC(1786) Pause Full (Ergonomics) 136M->2M(237M) 6.199ms
[2020-08-08T11:18:27.591+0300][277.254s][info ][gc] GC(1787) Pause Young (Allocation Failure) 60M->60M(237M) 34.977ms
[2020-08-08T11:18:27.693+0300][277.356s][info ][gc] GC(1788) Pause Young (Allocation Failure) 117M->117M(237M) 91.217ms
[2020-08-08T11:18:27.988+0300][277.651s][debug][gc] GC(1789) Expanding ParOldGen from 126464K by 117760K to 244224K
[2020-08-08T11:18:27.988+0300][277.651s][info ][gc] GC(1789) Pause Full (Ergonomics) 117M->117M(352M) 294.445ms
[2020-08-08T11:18:28.034+0300][277.696s][info ][gc] GC(1790) Pause Young (Allocation Failure) 174M->174M(352M) 36.478ms
[2020-08-08T11:18:28.132+0300][277.795s][info ][gc] GC(1791) Pause Young (Allocation Failure) 232M->232M(352M) 89.092ms
[2020-08-08T11:18:28.375+0300][278.038s][debug][gc] GC(1792) Shrinking ParOldGen from 244224K by 19456K to 224768K
[2020-08-08T11:18:28.375+0300][278.038s][info ][gc] GC(1792) Pause Full (Ergonomics) 232M->98M(333M) 242.612ms
[2020-08-08T11:18:28.506+0300][278.169s][info ][gc] GC(1793) Pause Young (Allocation Failure) 156M->156M(333M) 123.989ms
[2020-08-08T11:18:28.595+0300][278.258s][info ][gc] GC(1794) Pause Young (Allocation Failure) 213M->213M(333M) 79.001ms
[2020-08-08T11:18:28.780+0300][278.443s][debug][gc] GC(1795) Shrinking ParOldGen from 224768K by 18944K to 205824K
[2020-08-08T11:18:28.780+0300][278.443s][info ][gc] GC(1795) Pause Full (Ergonomics) 213M->79M(315M) 185.377ms
[2020-08-08T11:18:28.974+0300][278.637s][info ][gc] GC(1796) Pause Young (Allocation Failure) 136M->136M(315M) 184.669ms
[2020-08-08T11:18:29.089+0300][278.752s][info ][gc] GC(1797) Pause Young (Allocation Failure) 193M->193M(315M) 104.830ms
[2020-08-08T11:18:29.213+0300][278.876s][debug][gc] GC(1798) Shrinking ParOldGen from 205824K by 20480K to 185344K
[2020-08-08T11:18:29.213+0300][278.876s][info ][gc] GC(1798) Pause Full (Ergonomics) 193M->59M(295M) 124.217ms
[2020-08-08T11:18:29.401+0300][279.064s][info ][gc] GC(1799) Pause Young (Allocation Failure) 117M->117M(295M) 177.190ms
[2020-08-08T11:18:29.593+0300][279.255s][info ][gc] GC(1800) Pause Young (Allocation Failure) 174M->175M(295M) 183.534ms
[2020-08-08T11:18:29.665+0300][279.328s][debug][gc] GC(1801) Shrinking ParOldGen from 185344K by 18944K to 166400K
[2020-08-08T11:18:29.665+0300][279.328s][info ][gc] GC(1801) Pause Full (Ergonomics) 175M->41M(276M) 72.234ms
[2020-08-08T11:18:29.862+0300][279.525s][info ][gc] GC(1802) Pause Young (Allocation Failure) 98M->98M(276M) 187.260ms
[2020-08-08T11:18:30.168+0300][279.831s][info ][gc] GC(1803) Pause Young (Allocation Failure) 156M->156M(276M) 298.280ms
[2020-08-08T11:18:30.184+0300][279.847s][debug][gc] GC(1804) Shrinking ParOldGen from 166400K by 19456K to 146944K
[2020-08-08T11:18:30.184+0300][279.847s][info ][gc] GC(1804) Pause Full (Ergonomics) 156M->22M(257M) 16.285ms
[2020-08-08T11:18:30.385+0300][280.048s][info ][gc] GC(1805) Pause Young (Allocation Failure) 80M->79M(257M) 188.527ms
[2020-08-08T11:18:30.747+0300][280.409s][info ][gc] GC(1806) Pause Young (Allocation Failure) 137M->136M(257M) 352.053ms
[2020-08-08T11:18:30.753+0300][280.416s][debug][gc] GC(1807) Shrinking ParOldGen from 146944K by 20480K to 126464K
[2020-08-08T11:18:30.753+0300][280.416s][info ][gc] GC(1807) Pause Full (Ergonomics) 136M->2M(237M) 6.364ms
[2020-08-08T11:18:30.796+0300][280.459s][info ][gc] GC(1808) Pause Young (Allocation Failure) 60M->60M(237M) 33.729ms
[2020-08-08T11:18:30.900+0300][280.563s][info ][gc] GC(1809) Pause Young (Allocation Failure) 117M->117M(237M) 93.876ms
[2020-08-08T11:18:31.207+0300][280.870s][debug][gc] GC(1810) Expanding ParOldGen from 126464K by 117760K to 244224K
[2020-08-08T11:18:31.208+0300][280.870s][info ][gc] GC(1810) Pause Full (Ergonomics) 117M->117M(352M) 307.054ms
[2020-08-08T11:18:31.259+0300][280.922s][info ][gc] GC(1811) Pause Young (Allocation Failure) 174M->174M(352M) 42.365ms
[2020-08-08T11:18:31.358+0300][281.021s][info ][gc] GC(1812) Pause Young (Allocation Failure) 232M->232M(352M) 88.621ms
[2020-08-08T11:18:31.600+0300][281.263s][debug][gc] GC(1813) Shrinking ParOldGen from 244224K by 19456K to 224768K
[2020-08-08T11:18:31.600+0300][281.263s][info ][gc] GC(1813) Pause Full (Ergonomics) 232M->98M(333M) 242.305ms
[2020-08-08T11:18:31.730+0300][281.393s][info ][gc] GC(1814) Pause Young (Allocation Failure) 156M->156M(333M) 118.960ms
[2020-08-08T11:18:31.817+0300][281.480s][info ][gc] GC(1815) Pause Young (Allocation Failure) 213M->213M(333M) 78.108ms
[2020-08-08T11:18:32.001+0300][281.664s][debug][gc] GC(1816) Shrinking ParOldGen from 224768K by 18944K to 205824K
[2020-08-08T11:18:32.001+0300][281.664s][info ][gc] GC(1816) Pause Full (Ergonomics) 213M->79M(315M) 183.271ms
[2020-08-08T11:18:32.198+0300][281.861s][info ][gc] GC(1817) Pause Young (Allocation Failure) 136M->136M(315M) 187.077ms
[2020-08-08T11:18:32.332+0300][281.995s][info ][gc] GC(1818) Pause Young (Allocation Failure) 193M->193M(315M) 124.431ms
[2020-08-08T11:18:32.456+0300][282.119s][debug][gc] GC(1819) Shrinking ParOldGen from 205824K by 20480K to 185344K
[2020-08-08T11:18:32.456+0300][282.119s][info ][gc] GC(1819) Pause Full (Ergonomics) 193M->59M(295M) 123.761ms
[2020-08-08T11:18:32.646+0300][282.309s][info ][gc] GC(1820) Pause Young (Allocation Failure) 117M->117M(295M) 180.211ms
[2020-08-08T11:18:32.847+0300][282.510s][info ][gc] GC(1821) Pause Young (Allocation Failure) 174M->175M(295M) 193.476ms
[2020-08-08T11:18:32.919+0300][282.582s][debug][gc] GC(1822) Shrinking ParOldGen from 185344K by 18944K to 166400K
[2020-08-08T11:18:32.919+0300][282.582s][info ][gc] GC(1822) Pause Full (Ergonomics) 175M->41M(276M) 72.165ms
[2020-08-08T11:18:33.121+0300][282.784s][info ][gc] GC(1823) Pause Young (Allocation Failure) 98M->98M(276M) 191.515ms
[2020-08-08T11:18:33.423+0300][283.086s][info ][gc] GC(1824) Pause Young (Allocation Failure) 156M->156M(276M) 294.071ms
[2020-08-08T11:18:33.439+0300][283.102s][debug][gc] GC(1825) Shrinking ParOldGen from 166400K by 18944K to 147456K
[2020-08-08T11:18:33.439+0300][283.102s][info ][gc] GC(1825) Pause Full (Ergonomics) 156M->22M(258M) 16.146ms
[2020-08-08T11:18:33.647+0300][283.310s][info ][gc] GC(1826) Pause Young (Allocation Failure) 80M->79M(258M) 194.041ms
[2020-08-08T11:18:34.025+0300][283.687s][info ][gc] GC(1827) Pause Young (Allocation Failure) 137M->136M(258M) 367.505ms
[2020-08-08T11:18:34.031+0300][283.694s][debug][gc] GC(1828) Shrinking ParOldGen from 147456K by 20992K to 126464K
[2020-08-08T11:18:34.031+0300][283.694s][info ][gc] GC(1828) Pause Full (Ergonomics) 136M->2M(237M) 6.286ms
[2020-08-08T11:18:34.073+0300][283.736s][info ][gc] GC(1829) Pause Young (Allocation Failure) 60M->60M(237M) 33.628ms
[2020-08-08T11:18:34.175+0300][283.838s][info ][gc] GC(1830) Pause Young (Allocation Failure) 117M->117M(237M) 91.505ms
[2020-08-08T11:18:34.472+0300][284.135s][debug][gc] GC(1831) Expanding ParOldGen from 126464K by 117760K to 244224K
[2020-08-08T11:18:34.472+0300][284.135s][info ][gc] GC(1831) Pause Full (Ergonomics) 117M->117M(352M) 297.727ms
[2020-08-08T11:18:34.525+0300][284.188s][info ][gc] GC(1832) Pause Young (Allocation Failure) 174M->174M(352M) 41.924ms
[2020-08-08T11:18:34.623+0300][284.286s][info ][gc] GC(1833) Pause Young (Allocation Failure) 232M->232M(352M) 88.499ms
[2020-08-08T11:18:34.865+0300][284.528s][debug][gc] GC(1834) Shrinking ParOldGen from 244224K by 19456K to 224768K
[2020-08-08T11:18:34.865+0300][284.528s][info ][gc] GC(1834) Pause Full (Ergonomics) 232M->98M(333M) 242.159ms
[2020-08-08T11:18:34.997+0300][284.660s][info ][gc] GC(1835) Pause Young (Allocation Failure) 156M->156M(333M) 124.356ms
[2020-08-08T11:18:35.085+0300][284.748s][info ][gc] GC(1836) Pause Young (Allocation Failure) 213M->213M(333M) 78.738ms
[2020-08-08T11:18:35.266+0300][284.929s][debug][gc] GC(1837) Shrinking ParOldGen from 224768K by 18944K to 205824K
[2020-08-08T11:18:35.266+0300][284.929s][info ][gc] GC(1837) Pause Full (Ergonomics) 213M->79M(315M) 180.622ms
[2020-08-08T11:18:35.459+0300][285.122s][info ][gc] GC(1838) Pause Young (Allocation Failure) 136M->136M(315M) 183.673ms
[2020-08-08T11:18:35.588+0300][285.251s][info ][gc] GC(1839) Pause Young (Allocation Failure) 193M->193M(315M) 119.237ms
[2020-08-08T11:18:35.712+0300][285.375s][debug][gc] GC(1840) Shrinking ParOldGen from 205824K by 20480K to 185344K
[2020-08-08T11:18:35.712+0300][285.375s][info ][gc] GC(1840) Pause Full (Ergonomics) 193M->59M(295M) 124.187ms
[2020-08-08T11:18:35.900+0300][285.563s][info ][gc] GC(1841) Pause Young (Allocation Failure) 117M->117M(295M) 177.422ms
[2020-08-08T11:18:36.098+0300][285.761s][info ][gc] GC(1842) Pause Young (Allocation Failure) 174M->175M(295M) 189.468ms
[2020-08-08T11:18:36.167+0300][285.830s][debug][gc] GC(1843) Shrinking ParOldGen from 185344K by 18944K to 166400K
[2020-08-08T11:18:36.168+0300][285.830s][info ][gc] GC(1843) Pause Full (Ergonomics) 175M->41M(276M) 69.775ms
[2020-08-08T11:18:36.362+0300][286.025s][info ][gc] GC(1844) Pause Young (Allocation Failure) 98M->98M(276M) 184.160ms
[2020-08-08T11:18:36.669+0300][286.332s][info ][gc] GC(1845) Pause Young (Allocation Failure) 156M->156M(276M) 298.649ms
[2020-08-08T11:18:36.685+0300][286.348s][debug][gc] GC(1846) Shrinking ParOldGen from 166400K by 18944K to 147456K
[2020-08-08T11:18:36.685+0300][286.348s][info ][gc] GC(1846) Pause Full (Ergonomics) 156M->22M(258M) 16.150ms
[2020-08-08T11:18:36.875+0300][286.537s][info ][gc] GC(1847) Pause Young (Allocation Failure) 80M->79M(258M) 176.551ms
[2020-08-08T11:18:37.245+0300][286.908s][info ][gc] GC(1848) Pause Young (Allocation Failure) 137M->136M(258M) 361.953ms
[2020-08-08T11:18:37.252+0300][286.915s][debug][gc] GC(1849) Shrinking ParOldGen from 147456K by 20992K to 126464K
[2020-08-08T11:18:37.252+0300][286.915s][info ][gc] GC(1849) Pause Full (Ergonomics) 136M->2M(237M) 6.324ms
[2020-08-08T11:18:37.295+0300][286.958s][info ][gc] GC(1850) Pause Young (Allocation Failure) 60M->60M(237M) 35.186ms
[2020-08-08T11:18:37.400+0300][287.063s][info ][gc] GC(1851) Pause Young (Allocation Failure) 117M->117M(237M) 95.282ms
[2020-08-08T11:18:37.699+0300][287.362s][debug][gc] GC(1852) Expanding ParOldGen from 126464K by 117760K to 244224K
[2020-08-08T11:18:37.699+0300][287.362s][info ][gc] GC(1852) Pause Full (Ergonomics) 117M->117M(352M) 298.878ms
[2020-08-08T11:18:37.746+0300][287.409s][info ][gc] GC(1853) Pause Young (Allocation Failure) 174M->174M(352M) 38.024ms
[2020-08-08T11:18:37.844+0300][287.507s][info ][gc] GC(1854) Pause Young (Allocation Failure) 232M->232M(352M) 88.351ms
[2020-08-08T11:18:38.084+0300][287.746s][debug][gc] GC(1855) Shrinking ParOldGen from 244224K by 19456K to 224768K
[2020-08-08T11:18:38.084+0300][287.747s][info ][gc] GC(1855) Pause Full (Ergonomics) 232M->98M(333M) 238.994ms
[2020-08-08T11:18:38.208+0300][287.871s][info ][gc] GC(1856) Pause Young (Allocation Failure) 156M->156M(333M) 116.570ms
[2020-08-08T11:18:38.294+0300][287.957s][info ][gc] GC(1857) Pause Young (Allocation Failure) 213M->213M(333M) 76.366ms
[2020-08-08T11:18:38.477+0300][288.140s][debug][gc] GC(1858) Shrinking ParOldGen from 224768K by 18944K to 205824K
[2020-08-08T11:18:38.477+0300][288.140s][info ][gc] GC(1858) Pause Full (Ergonomics) 213M->79M(315M) 182.969ms
[2020-08-08T11:18:38.676+0300][288.339s][info ][gc] GC(1859) Pause Young (Allocation Failure) 136M->136M(315M) 188.185ms
[2020-08-08T11:18:38.822+0300][288.485s][info ][gc] GC(1860) Pause Young (Allocation Failure) 193M->193M(315M) 133.178ms
[2020-08-08T11:18:38.948+0300][288.611s][debug][gc] GC(1861) Shrinking ParOldGen from 205824K by 20480K to 185344K
[2020-08-08T11:18:38.949+0300][288.611s][info ][gc] GC(1861) Pause Full (Ergonomics) 193M->59M(295M) 126.556ms
[2020-08-08T11:18:39.130+0300][288.793s][info ][gc] GC(1862) Pause Young (Allocation Failure) 117M->117M(295M) 172.436ms
[2020-08-08T11:18:39.328+0300][288.991s][info ][gc] GC(1863) Pause Young (Allocation Failure) 174M->175M(295M) 189.485ms
[2020-08-08T11:18:39.400+0300][289.063s][debug][gc] GC(1864) Shrinking ParOldGen from 185344K by 18944K to 166400K
[2020-08-08T11:18:39.400+0300][289.063s][info ][gc] GC(1864) Pause Full (Ergonomics) 175M->41M(276M) 72.096ms
[2020-08-08T11:18:39.602+0300][289.265s][info ][gc] GC(1865) Pause Young (Allocation Failure) 98M->98M(276M) 192.286ms
[2020-08-08T11:18:39.899+0300][289.562s][info ][gc] GC(1866) Pause Young (Allocation Failure) 156M->156M(276M) 289.563ms
[2020-08-08T11:18:39.914+0300][289.577s][debug][gc] GC(1867) Shrinking ParOldGen from 166400K by 19456K to 146944K
[2020-08-08T11:18:39.914+0300][289.577s][info ][gc] GC(1867) Pause Full (Ergonomics) 156M->22M(257M) 14.852ms
[2020-08-08T11:18:40.119+0300][289.782s][info ][gc] GC(1868) Pause Young (Allocation Failure) 80M->79M(257M) 191.235ms
[2020-08-08T11:18:40.491+0300][290.154s][info ][gc] GC(1869) Pause Young (Allocation Failure) 137M->136M(257M) 363.495ms
[2020-08-08T11:18:40.498+0300][290.160s][debug][gc] GC(1870) Shrinking ParOldGen from 146944K by 20480K to 126464K
[2020-08-08T11:18:40.498+0300][290.160s][info ][gc] GC(1870) Pause Full (Ergonomics) 136M->2M(237M) 6.071ms
[2020-08-08T11:18:40.541+0300][290.203s][info ][gc] GC(1871) Pause Young (Allocation Failure) 60M->60M(237M) 33.305ms
[2020-08-08T11:18:40.642+0300][290.305s][info ][gc] GC(1872) Pause Young (Allocation Failure) 117M->117M(237M) 91.237ms
[2020-08-08T11:18:40.942+0300][290.605s][debug][gc] GC(1873) Expanding ParOldGen from 126464K by 117760K to 244224K
[2020-08-08T11:18:40.942+0300][290.605s][info ][gc] GC(1873) Pause Full (Ergonomics) 117M->117M(352M) 299.466ms
[2020-08-08T11:18:40.991+0300][290.654s][info ][gc] GC(1874) Pause Young (Allocation Failure) 174M->174M(352M) 39.574ms
[2020-08-08T11:18:41.089+0300][290.752s][info ][gc] GC(1875) Pause Young (Allocation Failure) 232M->232M(352M) 88.574ms
[2020-08-08T11:18:41.329+0300][290.992s][debug][gc] GC(1876) Shrinking ParOldGen from 244224K by 19456K to 224768K
[2020-08-08T11:18:41.329+0300][290.992s][info ][gc] GC(1876) Pause Full (Ergonomics) 232M->98M(333M) 239.894ms
[2020-08-08T11:18:41.462+0300][291.125s][info ][gc] GC(1877) Pause Young (Allocation Failure) 156M->156M(333M) 125.127ms
[2020-08-08T11:18:41.552+0300][291.215s][info ][gc] GC(1878) Pause Young (Allocation Failure) 213M->213M(333M) 79.401ms
[2020-08-08T11:18:41.737+0300][291.400s][debug][gc] GC(1879) Shrinking ParOldGen from 224768K by 18944K to 205824K
[2020-08-08T11:18:41.737+0300][291.400s][info ][gc] GC(1879) Pause Full (Ergonomics) 213M->79M(315M) 184.785ms
[2020-08-08T11:18:41.938+0300][291.601s][info ][gc] GC(1880) Pause Young (Allocation Failure) 136M->136M(315M) 190.878ms
[2020-08-08T11:18:42.064+0300][291.727s][info ][gc] GC(1881) Pause Young (Allocation Failure) 193M->193M(315M) 115.639ms
[2020-08-08T11:18:42.191+0300][291.853s][debug][gc] GC(1882) Shrinking ParOldGen from 205824K by 20480K to 185344K
[2020-08-08T11:18:42.191+0300][291.854s][info ][gc] GC(1882) Pause Full (Ergonomics) 193M->59M(295M) 126.298ms
[2020-08-08T11:18:42.380+0300][292.043s][info ][gc] GC(1883) Pause Young (Allocation Failure) 117M->117M(295M) 179.621ms
[2020-08-08T11:18:42.594+0300][292.257s][info ][gc] GC(1884) Pause Young (Allocation Failure) 174M->175M(295M) 206.427ms
[2020-08-08T11:18:42.665+0300][292.328s][debug][gc] GC(1885) Shrinking ParOldGen from 185344K by 18944K to 166400K
[2020-08-08T11:18:42.665+0300][292.328s][info ][gc] GC(1885) Pause Full (Ergonomics) 175M->41M(276M) 70.939ms
[2020-08-08T11:18:42.864+0300][292.527s][info ][gc] GC(1886) Pause Young (Allocation Failure) 98M->98M(276M) 189.042ms
[2020-08-08T11:18:43.170+0300][292.833s][info ][gc] GC(1887) Pause Young (Allocation Failure) 156M->156M(276M) 296.813ms
[2020-08-08T11:18:43.185+0300][292.848s][debug][gc] GC(1888) Shrinking ParOldGen from 166400K by 18944K to 147456K
[2020-08-08T11:18:43.185+0300][292.848s][info ][gc] GC(1888) Pause Full (Ergonomics) 156M->22M(258M) 15.267ms
[2020-08-08T11:18:43.386+0300][293.049s][info ][gc] GC(1889) Pause Young (Allocation Failure) 80M->79M(258M) 188.739ms
[2020-08-08T11:18:43.765+0300][293.428s][info ][gc] GC(1890) Pause Young (Allocation Failure) 137M->136M(258M) 369.441ms
[2020-08-08T11:18:43.771+0300][293.434s][debug][gc] GC(1891) Shrinking ParOldGen from 147456K by 20992K to 126464K
[2020-08-08T11:18:43.771+0300][293.434s][info ][gc] GC(1891) Pause Full (Ergonomics) 136M->2M(237M) 6.510ms
[2020-08-08T11:18:43.813+0300][293.476s][info ][gc] GC(1892) Pause Young (Allocation Failure) 60M->60M(237M) 32.776ms
[2020-08-08T11:18:43.916+0300][293.579s][info ][gc] GC(1893) Pause Young (Allocation Failure) 117M->117M(237M) 92.025ms
[2020-08-08T11:18:44.214+0300][293.877s][debug][gc] GC(1894) Expanding ParOldGen from 126464K by 117760K to 244224K
[2020-08-08T11:18:44.214+0300][293.877s][info ][gc] GC(1894) Pause Full (Ergonomics) 117M->117M(352M) 298.580ms
[2020-08-08T11:18:44.265+0300][293.928s][info ][gc] GC(1895) Pause Young (Allocation Failure) 174M->174M(352M) 40.627ms
[2020-08-08T11:18:44.364+0300][294.027s][info ][gc] GC(1896) Pause Young (Allocation Failure) 232M->232M(352M) 88.634ms
[2020-08-08T11:18:44.607+0300][294.270s][debug][gc] GC(1897) Shrinking ParOldGen from 244224K by 19456K to 224768K
[2020-08-08T11:18:44.607+0300][294.270s][info ][gc] GC(1897) Pause Full (Ergonomics) 232M->98M(333M) 242.814ms
[2020-08-08T11:18:44.742+0300][294.405s][info ][gc] GC(1898) Pause Young (Allocation Failure) 156M->156M(333M) 126.542ms
[2020-08-08T11:18:44.835+0300][294.498s][info ][gc] GC(1899) Pause Young (Allocation Failure) 213M->213M(333M) 83.074ms
[2020-08-08T11:18:45.022+0300][294.685s][debug][gc] GC(1900) Shrinking ParOldGen from 224768K by 18944K to 205824K
[2020-08-08T11:18:45.022+0300][294.685s][info ][gc] GC(1900) Pause Full (Ergonomics) 213M->79M(315M) 186.880ms
[2020-08-08T11:18:45.213+0300][294.876s][info ][gc] GC(1901) Pause Young (Allocation Failure) 136M->136M(315M) 181.336ms
[2020-08-08T11:18:45.340+0300][295.003s][info ][gc] GC(1902) Pause Young (Allocation Failure) 193M->193M(315M) 117.070ms
[2020-08-08T11:18:45.460+0300][295.123s][debug][gc] GC(1903) Shrinking ParOldGen from 205824K by 20480K to 185344K
[2020-08-08T11:18:45.460+0300][295.123s][info ][gc] GC(1903) Pause Full (Ergonomics) 193M->59M(295M) 120.166ms
[2020-08-08T11:18:45.647+0300][295.310s][info ][gc] GC(1904) Pause Young (Allocation Failure) 117M->117M(295M) 176.966ms
[2020-08-08T11:18:45.856+0300][295.519s][info ][gc] GC(1905) Pause Young (Allocation Failure) 174M->175M(295M) 200.755ms
[2020-08-08T11:18:45.925+0300][295.588s][debug][gc] GC(1906) Shrinking ParOldGen from 185344K by 18944K to 166400K
[2020-08-08T11:18:45.925+0300][295.588s][info ][gc] GC(1906) Pause Full (Ergonomics) 175M->41M(276M) 68.534ms
[2020-08-08T11:18:46.123+0300][295.786s][info ][gc] GC(1907) Pause Young (Allocation Failure) 98M->98M(276M) 187.706ms
[2020-08-08T11:18:46.427+0300][296.090s][info ][gc] GC(1908) Pause Young (Allocation Failure) 156M->156M(276M) 296.785ms
[2020-08-08T11:18:46.442+0300][296.105s][debug][gc] GC(1909) Shrinking ParOldGen from 166400K by 18944K to 147456K
[2020-08-08T11:18:46.442+0300][296.105s][info ][gc] GC(1909) Pause Full (Ergonomics) 156M->22M(258M) 15.401ms
[2020-08-08T11:18:46.641+0300][296.304s][info ][gc] GC(1910) Pause Young (Allocation Failure) 80M->79M(258M) 187.461ms
[2020-08-08T11:18:47.000+0300][296.663s][info ][gc] GC(1911) Pause Young (Allocation Failure) 137M->136M(258M) 347.950ms
[2020-08-08T11:18:47.007+0300][296.670s][debug][gc] GC(1912) Shrinking ParOldGen from 147456K by 20992K to 126464K
[2020-08-08T11:18:47.007+0300][296.670s][info ][gc] GC(1912) Pause Full (Ergonomics) 136M->2M(237M) 6.191ms
[2020-08-08T11:18:47.050+0300][296.713s][info ][gc] GC(1913) Pause Young (Allocation Failure) 60M->60M(237M) 34.523ms
[2020-08-08T11:18:47.152+0300][296.815s][info ][gc] GC(1914) Pause Young (Allocation Failure) 117M->117M(237M) 92.032ms
[2020-08-08T11:18:47.449+0300][297.112s][debug][gc] GC(1915) Expanding ParOldGen from 126464K by 117760K to 244224K
[2020-08-08T11:18:47.449+0300][297.112s][info ][gc] GC(1915) Pause Full (Ergonomics) 117M->117M(352M) 297.390ms
[2020-08-08T11:18:47.499+0300][297.162s][info ][gc] GC(1916) Pause Young (Allocation Failure) 174M->174M(352M) 40.390ms
[2020-08-08T11:18:47.597+0300][297.260s][info ][gc] GC(1917) Pause Young (Allocation Failure) 232M->232M(352M) 88.228ms
[2020-08-08T11:18:47.838+0300][297.501s][debug][gc] GC(1918) Shrinking ParOldGen from 244224K by 19456K to 224768K
[2020-08-08T11:18:47.838+0300][297.501s][info ][gc] GC(1918) Pause Full (Ergonomics) 232M->98M(333M) 240.798ms
[2020-08-08T11:18:47.967+0300][297.630s][info ][gc] GC(1919) Pause Young (Allocation Failure) 156M->156M(333M) 120.540ms
[2020-08-08T11:18:48.058+0300][297.721s][info ][gc] GC(1920) Pause Young (Allocation Failure) 213M->213M(333M) 80.517ms
[2020-08-08T11:18:48.244+0300][297.907s][debug][gc] GC(1921) Shrinking ParOldGen from 224768K by 18944K to 205824K
[2020-08-08T11:18:48.244+0300][297.907s][info ][gc] GC(1921) Pause Full (Ergonomics) 213M->79M(315M) 185.909ms
[2020-08-08T11:18:48.443+0300][298.106s][info ][gc] GC(1922) Pause Young (Allocation Failure) 136M->136M(315M) 189.511ms
[2020-08-08T11:18:48.569+0300][298.232s][info ][gc] GC(1923) Pause Young (Allocation Failure) 193M->193M(315M) 114.434ms
[2020-08-08T11:18:48.694+0300][298.357s][debug][gc] GC(1924) Shrinking ParOldGen from 205824K by 20480K to 185344K
[2020-08-08T11:18:48.694+0300][298.357s][info ][gc] GC(1924) Pause Full (Ergonomics) 193M->59M(295M) 124.685ms
[2020-08-08T11:18:48.879+0300][298.542s][info ][gc] GC(1925) Pause Young (Allocation Failure) 117M->117M(295M) 175.254ms
[2020-08-08T11:18:49.076+0300][298.739s][info ][gc] GC(1926) Pause Young (Allocation Failure) 174M->175M(295M) 189.224ms
[2020-08-08T11:18:49.146+0300][298.809s][debug][gc] GC(1927) Shrinking ParOldGen from 185344K by 18944K to 166400K
[2020-08-08T11:18:49.146+0300][298.809s][info ][gc] GC(1927) Pause Full (Ergonomics) 175M->41M(276M) 69.806ms
[2020-08-08T11:18:49.344+0300][299.007s][info ][gc] GC(1928) Pause Young (Allocation Failure) 98M->98M(276M) 188.719ms
[2020-08-08T11:18:49.635+0300][299.298s][info ][gc] GC(1929) Pause Young (Allocation Failure) 156M->156M(276M) 283.277ms
[2020-08-08T11:18:49.651+0300][299.313s][debug][gc] GC(1930) Shrinking ParOldGen from 166400K by 18944K to 147456K
[2020-08-08T11:18:49.651+0300][299.314s][info ][gc] GC(1930) Pause Full (Ergonomics) 156M->22M(258M) 15.206ms
[2020-08-08T11:18:49.851+0300][299.514s][info ][gc] GC(1931) Pause Young (Allocation Failure) 80M->80M(258M) 188.981ms
[2020-08-08T11:18:50.221+0300][299.884s][info ][gc] GC(1932) Pause Young (Allocation Failure) 137M->136M(258M) 359.755ms
[2020-08-08T11:18:50.228+0300][299.890s][debug][gc] GC(1933) Shrinking ParOldGen from 147456K by 20992K to 126464K
[2020-08-08T11:18:50.228+0300][299.891s][info ][gc] GC(1933) Pause Full (Ergonomics) 136M->2M(237M) 6.272ms
[2020-08-08T11:18:50.271+0300][299.933s][info ][gc] GC(1934) Pause Young (Allocation Failure) 60M->60M(237M) 33.522ms
[2020-08-08T11:18:50.372+0300][300.035s][info ][gc] GC(1935) Pause Young (Allocation Failure) 117M->117M(237M) 90.508ms
[2020-08-08T11:18:50.669+0300][300.332s][debug][gc] GC(1936) Expanding ParOldGen from 126464K by 117760K to 244224K
[2020-08-08T11:18:50.669+0300][300.332s][info ][gc] GC(1936) Pause Full (Ergonomics) 117M->117M(352M) 297.287ms
[2020-08-08T11:18:50.720+0300][300.382s][info ][gc] GC(1937) Pause Young (Allocation Failure) 174M->174M(352M) 40.419ms
[2020-08-08T11:18:50.819+0300][300.482s][info ][gc] GC(1938) Pause Young (Allocation Failure) 232M->232M(352M) 89.104ms
[2020-08-08T11:18:51.069+0300][300.732s][debug][gc] GC(1939) Shrinking ParOldGen from 244224K by 19456K to 224768K
[2020-08-08T11:18:51.069+0300][300.732s][info ][gc] GC(1939) Pause Full (Ergonomics) 232M->98M(333M) 249.503ms
[2020-08-08T11:18:51.189+0300][300.852s][info ][gc] GC(1940) Pause Young (Allocation Failure) 156M->156M(333M) 112.420ms
[2020-08-08T11:18:51.278+0300][300.941s][info ][gc] GC(1941) Pause Young (Allocation Failure) 213M->213M(333M) 78.813ms
[2020-08-08T11:18:51.463+0300][301.126s][debug][gc] GC(1942) Shrinking ParOldGen from 224768K by 18944K to 205824K
[2020-08-08T11:18:51.463+0300][301.126s][info ][gc] GC(1942) Pause Full (Ergonomics) 213M->79M(315M) 185.019ms
[2020-08-08T11:18:51.661+0300][301.324s][info ][gc] GC(1943) Pause Young (Allocation Failure) 136M->136M(315M) 188.738ms
[2020-08-08T11:18:51.780+0300][301.443s][info ][gc] GC(1944) Pause Young (Allocation Failure) 193M->193M(315M) 108.020ms
[2020-08-08T11:18:51.903+0300][301.566s][debug][gc] GC(1945) Shrinking ParOldGen from 205824K by 20480K to 185344K
[2020-08-08T11:18:51.903+0300][301.566s][info ][gc] GC(1945) Pause Full (Ergonomics) 193M->59M(295M) 122.544ms
[2020-08-08T11:18:52.093+0300][301.756s][info ][gc] GC(1946) Pause Young (Allocation Failure) 117M->117M(295M) 180.028ms
[2020-08-08T11:18:52.287+0300][301.949s][info ][gc] GC(1947) Pause Young (Allocation Failure) 174M->175M(295M) 185.663ms
[2020-08-08T11:18:52.356+0300][302.019s][debug][gc] GC(1948) Shrinking ParOldGen from 185344K by 18944K to 166400K
[2020-08-08T11:18:52.357+0300][302.020s][info ][gc] GC(1948) Pause Full (Ergonomics) 175M->41M(276M) 70.025ms
[2020-08-08T11:18:52.558+0300][302.221s][info ][gc] GC(1949) Pause Young (Allocation Failure) 98M->98M(276M) 190.698ms
[2020-08-08T11:18:52.861+0300][302.524s][info ][gc] GC(1950) Pause Young (Allocation Failure) 156M->156M(276M) 293.088ms
[2020-08-08T11:18:52.876+0300][302.539s][debug][gc] GC(1951) Shrinking ParOldGen from 166400K by 19456K to 146944K
[2020-08-08T11:18:52.876+0300][302.539s][info ][gc] GC(1951) Pause Full (Ergonomics) 156M->22M(257M) 14.786ms
[2020-08-08T11:18:53.077+0300][302.740s][info ][gc] GC(1952) Pause Young (Allocation Failure) 80M->79M(257M) 188.843ms
[2020-08-08T11:18:53.436+0300][303.099s][info ][gc] GC(1953) Pause Young (Allocation Failure) 137M->136M(257M) 349.816ms
[2020-08-08T11:18:53.442+0300][303.105s][debug][gc] GC(1954) Shrinking ParOldGen from 146944K by 20480K to 126464K
[2020-08-08T11:18:53.442+0300][303.105s][info ][gc] GC(1954) Pause Full (Ergonomics) 136M->2M(237M) 6.445ms
[2020-08-08T11:18:53.484+0300][303.147s][info ][gc] GC(1955) Pause Young (Allocation Failure) 60M->60M(237M) 33.055ms
[2020-08-08T11:18:53.593+0300][303.256s][info ][gc] GC(1956) Pause Young (Allocation Failure) 117M->117M(237M) 98.686ms
[2020-08-08T11:18:53.888+0300][303.551s][debug][gc] GC(1957) Expanding ParOldGen from 126464K by 117760K to 244224K
[2020-08-08T11:18:53.888+0300][303.551s][info ][gc] GC(1957) Pause Full (Ergonomics) 117M->117M(352M) 295.394ms
[2020-08-08T11:18:53.939+0300][303.602s][info ][gc] GC(1958) Pause Young (Allocation Failure) 174M->174M(352M) 40.159ms
[2020-08-08T11:18:54.036+0300][303.699s][info ][gc] GC(1959) Pause Young (Allocation Failure) 232M->232M(352M) 87.810ms
[2020-08-08T11:18:54.274+0300][303.937s][debug][gc] GC(1960) Shrinking ParOldGen from 244224K by 19456K to 224768K
[2020-08-08T11:18:54.274+0300][303.937s][info ][gc] GC(1960) Pause Full (Ergonomics) 232M->98M(333M) 238.156ms
[2020-08-08T11:18:54.402+0300][304.065s][info ][gc] GC(1961) Pause Young (Allocation Failure) 156M->156M(333M) 120.171ms
[2020-08-08T11:18:54.490+0300][304.153s][info ][gc] GC(1962) Pause Young (Allocation Failure) 213M->213M(333M) 78.434ms
[2020-08-08T11:18:54.672+0300][304.335s][debug][gc] GC(1963) Shrinking ParOldGen from 224768K by 18944K to 205824K
[2020-08-08T11:18:54.672+0300][304.335s][info ][gc] GC(1963) Pause Full (Ergonomics) 213M->79M(315M) 181.984ms
[2020-08-08T11:18:54.867+0300][304.530s][info ][gc] GC(1964) Pause Young (Allocation Failure) 136M->136M(315M) 185.544ms
[2020-08-08T11:18:54.991+0300][304.654s][info ][gc] GC(1965) Pause Young (Allocation Failure) 193M->193M(315M) 114.059ms
[2020-08-08T11:18:55.115+0300][304.778s][debug][gc] GC(1966) Shrinking ParOldGen from 205824K by 20480K to 185344K
[2020-08-08T11:18:55.115+0300][304.778s][info ][gc] GC(1966) Pause Full (Ergonomics) 193M->59M(295M) 124.258ms
[2020-08-08T11:18:55.294+0300][304.957s][info ][gc] GC(1967) Pause Young (Allocation Failure) 117M->117M(295M) 170.210ms
[2020-08-08T11:18:55.502+0300][305.165s][info ][gc] GC(1968) Pause Young (Allocation Failure) 174M->175M(295M) 199.254ms
[2020-08-08T11:18:55.571+0300][305.234s][debug][gc] GC(1969) Shrinking ParOldGen from 185344K by 18944K to 166400K
[2020-08-08T11:18:55.571+0300][305.234s][info ][gc] GC(1969) Pause Full (Ergonomics) 175M->41M(276M) 69.598ms
[2020-08-08T11:18:55.775+0300][305.438s][info ][gc] GC(1970) Pause Young (Allocation Failure) 98M->98M(276M) 192.608ms
[2020-08-08T11:18:56.086+0300][305.749s][info ][gc] GC(1971) Pause Young (Allocation Failure) 156M->156M(276M) 301.904ms
[2020-08-08T11:18:56.101+0300][305.764s][debug][gc] GC(1972) Shrinking ParOldGen from 166400K by 18944K to 147456K
[2020-08-08T11:18:56.101+0300][305.764s][info ][gc] GC(1972) Pause Full (Ergonomics) 156M->22M(258M) 14.886ms
[2020-08-08T11:18:56.295+0300][305.958s][info ][gc] GC(1973) Pause Young (Allocation Failure) 80M->79M(258M) 180.922ms
[2020-08-08T11:18:56.664+0300][306.327s][info ][gc] GC(1974) Pause Young (Allocation Failure) 137M->136M(258M) 359.503ms
[2020-08-08T11:18:56.670+0300][306.333s][debug][gc] GC(1975) Shrinking ParOldGen from 147456K by 20992K to 126464K
[2020-08-08T11:18:56.670+0300][306.333s][info ][gc] GC(1975) Pause Full (Ergonomics) 136M->2M(237M) 6.181ms
[2020-08-08T11:18:56.717+0300][306.380s][info ][gc] GC(1976) Pause Young (Allocation Failure) 60M->60M(237M) 35.587ms
[2020-08-08T11:18:56.818+0300][306.481s][info ][gc] GC(1977) Pause Young (Allocation Failure) 117M->117M(237M) 91.619ms
[2020-08-08T11:18:57.125+0300][306.788s][debug][gc] GC(1978) Expanding ParOldGen from 126464K by 117760K to 244224K
[2020-08-08T11:18:57.125+0300][306.788s][info ][gc] GC(1978) Pause Full (Ergonomics) 117M->117M(352M) 306.284ms
[2020-08-08T11:18:57.174+0300][306.837s][info ][gc] GC(1979) Pause Young (Allocation Failure) 174M->174M(352M) 40.352ms
[2020-08-08T11:18:57.273+0300][306.936s][info ][gc] GC(1980) Pause Young (Allocation Failure) 232M->232M(352M) 88.826ms
[2020-08-08T11:18:57.520+0300][307.183s][debug][gc] GC(1981) Shrinking ParOldGen from 244224K by 19456K to 224768K
[2020-08-08T11:18:57.520+0300][307.183s][info ][gc] GC(1981) Pause Full (Ergonomics) 232M->98M(333M) 246.721ms
[2020-08-08T11:18:57.645+0300][307.308s][info ][gc] GC(1982) Pause Young (Allocation Failure) 156M->156M(333M) 117.024ms
[2020-08-08T11:18:57.732+0300][307.394s][info ][gc] GC(1983) Pause Young (Allocation Failure) 213M->213M(333M) 76.190ms
[2020-08-08T11:18:57.916+0300][307.579s][debug][gc] GC(1984) Shrinking ParOldGen from 224768K by 18944K to 205824K
[2020-08-08T11:18:57.916+0300][307.579s][info ][gc] GC(1984) Pause Full (Ergonomics) 213M->79M(315M) 184.738ms
[2020-08-08T11:18:58.109+0300][307.772s][info ][gc] GC(1985) Pause Young (Allocation Failure) 136M->136M(315M) 182.840ms
[2020-08-08T11:18:58.252+0300][307.915s][info ][gc] GC(1986) Pause Young (Allocation Failure) 193M->193M(315M) 133.217ms
[2020-08-08T11:18:58.376+0300][308.039s][debug][gc] GC(1987) Shrinking ParOldGen from 205824K by 20480K to 185344K
[2020-08-08T11:18:58.376+0300][308.039s][info ][gc] GC(1987) Pause Full (Ergonomics) 193M->59M(295M) 123.697ms
[2020-08-08T11:18:58.563+0300][308.226s][info ][gc] GC(1988) Pause Young (Allocation Failure) 117M->117M(295M) 176.826ms
[2020-08-08T11:18:58.770+0300][308.433s][info ][gc] GC(1989) Pause Young (Allocation Failure) 174M->175M(295M) 198.702ms
[2020-08-08T11:18:58.840+0300][308.503s][debug][gc] GC(1990) Shrinking ParOldGen from 185344K by 18944K to 166400K
[2020-08-08T11:18:58.840+0300][308.503s][info ][gc] GC(1990) Pause Full (Ergonomics) 175M->41M(276M) 69.959ms
[2020-08-08T11:18:59.039+0300][308.702s][info ][gc] GC(1991) Pause Young (Allocation Failure) 98M->98M(276M) 188.991ms
[2020-08-08T11:18:59.348+0300][309.011s][info ][gc] GC(1992) Pause Young (Allocation Failure) 156M->156M(276M) 300.989ms
[2020-08-08T11:18:59.364+0300][309.027s][debug][gc] GC(1993) Shrinking ParOldGen from 166400K by 18944K to 147456K
[2020-08-08T11:18:59.364+0300][309.027s][info ][gc] GC(1993) Pause Full (Ergonomics) 156M->22M(258M) 15.706ms
[2020-08-08T11:18:59.565+0300][309.228s][info ][gc] GC(1994) Pause Young (Allocation Failure) 80M->79M(258M) 189.242ms
[2020-08-08T11:18:59.931+0300][309.594s][info ][gc] GC(1995) Pause Young (Allocation Failure) 137M->136M(258M) 356.573ms
[2020-08-08T11:18:59.937+0300][309.600s][debug][gc] GC(1996) Shrinking ParOldGen from 147456K by 20992K to 126464K
[2020-08-08T11:18:59.937+0300][309.600s][info ][gc] GC(1996) Pause Full (Ergonomics) 136M->2M(237M) 6.338ms
[2020-08-08T11:18:59.980+0300][309.643s][info ][gc] GC(1997) Pause Young (Allocation Failure) 60M->60M(237M) 33.536ms
[2020-08-08T11:19:00.082+0300][309.745s][info ][gc] GC(1998) Pause Young (Allocation Failure) 117M->117M(237M) 92.134ms
[2020-08-08T11:19:00.382+0300][310.045s][debug][gc] GC(1999) Expanding ParOldGen from 126464K by 117760K to 244224K
[2020-08-08T11:19:00.382+0300][310.045s][info ][gc] GC(1999) Pause Full (Ergonomics) 117M->117M(352M) 299.719ms
[2020-08-08T11:19:00.434+0300][310.096s][info ][gc] GC(2000) Pause Young (Allocation Failure) 174M->174M(352M) 42.074ms
[2020-08-08T11:19:00.532+0300][310.195s][info ][gc] GC(2001) Pause Young (Allocation Failure) 232M->232M(352M) 88.433ms
[2020-08-08T11:19:00.773+0300][310.436s][debug][gc] GC(2002) Shrinking ParOldGen from 244224K by 19456K to 224768K
[2020-08-08T11:19:00.773+0300][310.436s][info ][gc] GC(2002) Pause Full (Ergonomics) 232M->98M(333M) 240.928ms
[2020-08-08T11:19:00.906+0300][310.569s][info ][gc] GC(2003) Pause Young (Allocation Failure) 156M->155M(333M) 124.963ms
[2020-08-08T11:19:00.994+0300][310.657s][info ][gc] GC(2004) Pause Young (Allocation Failure) 213M->213M(333M) 77.791ms
[2020-08-08T11:19:01.176+0300][310.839s][debug][gc] GC(2005) Shrinking ParOldGen from 224768K by 18944K to 205824K
[2020-08-08T11:19:01.176+0300][310.839s][info ][gc] GC(2005) Pause Full (Ergonomics) 213M->79M(315M) 181.849ms
[2020-08-08T11:19:01.374+0300][311.037s][info ][gc] GC(2006) Pause Young (Allocation Failure) 137M->136M(315M) 187.891ms
[2020-08-08T11:19:01.511+0300][311.174s][info ][gc] GC(2007) Pause Young (Allocation Failure) 193M->193M(315M) 124.294ms
[2020-08-08T11:19:01.634+0300][311.297s][debug][gc] GC(2008) Shrinking ParOldGen from 205824K by 20992K to 184832K
[2020-08-08T11:19:01.634+0300][311.297s][info ][gc] GC(2008) Pause Full (Ergonomics) 193M->59M(294M) 122.670ms
[2020-08-08T11:19:01.821+0300][311.484s][info ][gc] GC(2009) Pause Young (Allocation Failure) 116M->117M(294M) 176.768ms
[2020-08-08T11:19:02.021+0300][311.684s][info ][gc] GC(2010) Pause Young (Allocation Failure) 174M->174M(294M) 193.137ms
[2020-08-08T11:19:02.093+0300][311.756s][debug][gc] GC(2011) Shrinking ParOldGen from 184832K by 18944K to 165888K
[2020-08-08T11:19:02.093+0300][311.756s][info ][gc] GC(2011) Pause Full (Ergonomics) 174M->40M(276M) 71.732ms
[2020-08-08T11:19:02.289+0300][311.952s][info ][gc] GC(2012) Pause Young (Allocation Failure) 98M->98M(276M) 185.969ms
[2020-08-08T11:19:02.604+0300][312.267s][info ][gc] GC(2013) Pause Young (Allocation Failure) 137M->136M(276M) 308.596ms
[2020-08-08T11:19:02.612+0300][312.274s][debug][gc] GC(2014) Shrinking ParOldGen from 165888K by 39424K to 126464K
[2020-08-08T11:19:02.612+0300][312.275s][info ][gc] GC(2014) Pause Full (Ergonomics) 136M->2M(237M) 7.687ms
[2020-08-08T11:19:02.659+0300][312.321s][info ][gc] GC(2015) Pause Young (Allocation Failure) 60M->59M(237M) 34.785ms
[2020-08-08T11:19:02.764+0300][312.427s][info ][gc] GC(2016) Pause Young (Allocation Failure) 117M->117M(237M) 95.633ms
[2020-08-08T11:19:03.061+0300][312.724s][debug][gc] GC(2017) Expanding ParOldGen from 126464K by 117248K to 243712K
[2020-08-08T11:19:03.061+0300][312.724s][info ][gc] GC(2017) Pause Full (Ergonomics) 117M->117M(352M) 297.329ms
[2020-08-08T11:19:03.113+0300][312.776s][info ][gc] GC(2018) Pause Young (Allocation Failure) 174M->174M(352M) 43.042ms
[2020-08-08T11:19:03.213+0300][312.876s][info ][gc] GC(2019) Pause Young (Allocation Failure) 232M->232M(352M) 89.742ms
[2020-08-08T11:19:03.456+0300][313.119s][debug][gc] GC(2020) Shrinking ParOldGen from 243712K by 18944K to 224768K
[2020-08-08T11:19:03.456+0300][313.119s][info ][gc] GC(2020) Pause Full (Ergonomics) 232M->98M(333M) 243.028ms
[2020-08-08T11:19:03.582+0300][313.245s][info ][gc] GC(2021) Pause Young (Allocation Failure) 155M->155M(333M) 118.252ms
[2020-08-08T11:19:03.672+0300][313.335s][info ][gc] GC(2022) Pause Young (Allocation Failure) 213M->213M(333M) 77.434ms
[2020-08-08T11:19:03.855+0300][313.517s][debug][gc] GC(2023) Shrinking ParOldGen from 224768K by 19456K to 205312K
[2020-08-08T11:19:03.855+0300][313.518s][info ][gc] GC(2023) Pause Full (Ergonomics) 213M->79M(314M) 182.900ms
[2020-08-08T11:19:04.057+0300][313.720s][info ][gc] GC(2024) Pause Young (Allocation Failure) 137M->136M(314M) 192.374ms
[2020-08-08T11:19:04.169+0300][313.832s][info ][gc] GC(2025) Pause Young (Allocation Failure) 193M->193M(314M) 102.947ms
[2020-08-08T11:19:04.296+0300][313.959s][debug][gc] GC(2026) Shrinking ParOldGen from 205312K by 19456K to 185856K
[2020-08-08T11:19:04.296+0300][313.959s][info ][gc] GC(2026) Pause Full (Ergonomics) 193M->59M(295M) 127.808ms
[2020-08-08T11:19:04.480+0300][314.143s][info ][gc] GC(2027) Pause Young (Allocation Failure) 117M->117M(295M) 173.341ms
[2020-08-08T11:19:04.667+0300][314.330s][info ][gc] GC(2028) Pause Young (Allocation Failure) 175M->175M(295M) 179.307ms
[2020-08-08T11:19:04.739+0300][314.402s][debug][gc] GC(2029) Shrinking ParOldGen from 185856K by 19456K to 166400K
[2020-08-08T11:19:04.739+0300][314.402s][info ][gc] GC(2029) Pause Full (Ergonomics) 175M->41M(276M) 71.858ms
[2020-08-08T11:19:04.939+0300][314.602s][info ][gc] GC(2030) Pause Young (Allocation Failure) 98M->98M(276M) 187.696ms
[2020-08-08T11:19:05.249+0300][314.912s][info ][gc] GC(2031) Pause Young (Allocation Failure) 156M->156M(276M) 300.784ms
[2020-08-08T11:19:05.265+0300][314.928s][debug][gc] GC(2032) Shrinking ParOldGen from 166400K by 18944K to 147456K
[2020-08-08T11:19:05.265+0300][314.928s][info ][gc] GC(2032) Pause Full (Ergonomics) 156M->22M(258M) 15.525ms
[2020-08-08T11:19:05.461+0300][315.124s][info ][gc] GC(2033) Pause Young (Allocation Failure) 80M->80M(258M) 185.624ms
[2020-08-08T11:19:05.822+0300][315.485s][info ][gc] GC(2034) Pause Young (Allocation Failure) 136M->136M(258M) 351.069ms
[2020-08-08T11:19:05.828+0300][315.491s][debug][gc] GC(2035) Shrinking ParOldGen from 147456K by 20992K to 126464K
[2020-08-08T11:19:05.828+0300][315.491s][info ][gc] GC(2035) Pause Full (Ergonomics) 136M->2M(237M) 6.327ms
[2020-08-08T11:19:05.875+0300][315.538s][info ][gc] GC(2036) Pause Young (Allocation Failure) 60M->59M(237M) 35.860ms
[2020-08-08T11:19:05.981+0300][315.644s][info ][gc] GC(2037) Pause Young (Allocation Failure) 117M->117M(237M) 95.453ms
[2020-08-08T11:19:06.280+0300][315.943s][debug][gc] GC(2038) Expanding ParOldGen from 126464K by 117760K to 244224K
[2020-08-08T11:19:06.280+0300][315.943s][info ][gc] GC(2038) Pause Full (Ergonomics) 117M->117M(352M) 299.241ms
[2020-08-08T11:19:06.332+0300][315.995s][info ][gc] GC(2039) Pause Young (Allocation Failure) 174M->174M(352M) 44.438ms
[2020-08-08T11:19:06.432+0300][316.095s][info ][gc] GC(2040) Pause Young (Allocation Failure) 232M->232M(352M) 89.943ms
[2020-08-08T11:19:06.673+0300][316.336s][debug][gc] GC(2041) Shrinking ParOldGen from 244224K by 18944K to 225280K
[2020-08-08T11:19:06.673+0300][316.336s][info ][gc] GC(2041) Pause Full (Ergonomics) 232M->98M(334M) 241.163ms
[2020-08-08T11:19:06.808+0300][316.471s][info ][gc] GC(2042) Pause Young (Allocation Failure) 156M->156M(334M) 127.552ms
[2020-08-08T11:19:06.902+0300][316.565s][info ][gc] GC(2043) Pause Young (Allocation Failure) 213M->213M(334M) 82.007ms
[2020-08-08T11:19:07.083+0300][316.746s][debug][gc] GC(2044) Shrinking ParOldGen from 225280K by 19456K to 205824K
[2020-08-08T11:19:07.083+0300][316.746s][info ][gc] GC(2044) Pause Full (Ergonomics) 213M->79M(315M) 181.296ms
[2020-08-08T11:19:07.281+0300][316.944s][info ][gc] GC(2045) Pause Young (Allocation Failure) 137M->136M(315M) 186.278ms
[2020-08-08T11:19:07.408+0300][317.071s][info ][gc] GC(2046) Pause Young (Allocation Failure) 193M->193M(315M) 120.649ms
[2020-08-08T11:19:07.534+0300][317.197s][debug][gc] GC(2047) Shrinking ParOldGen from 205824K by 20480K to 185344K
[2020-08-08T11:19:07.534+0300][317.197s][info ][gc] GC(2047) Pause Full (Ergonomics) 193M->59M(295M) 125.640ms
[2020-08-08T11:19:07.718+0300][317.381s][info ][gc] GC(2048) Pause Young (Allocation Failure) 117M->117M(295M) 173.231ms
[2020-08-08T11:19:07.924+0300][317.587s][info ][gc] GC(2049) Pause Young (Allocation Failure) 175M->175M(295M) 198.362ms
[2020-08-08T11:19:07.994+0300][317.657s][debug][gc] GC(2050) Shrinking ParOldGen from 185344K by 18944K to 166400K
[2020-08-08T11:19:07.994+0300][317.657s][info ][gc] GC(2050) Pause Full (Ergonomics) 175M->41M(276M) 70.564ms
[2020-08-08T11:19:08.194+0300][317.857s][info ][gc] GC(2051) Pause Young (Allocation Failure) 98M->98M(276M) 188.230ms
[2020-08-08T11:19:08.501+0300][318.164s][info ][gc] GC(2052) Pause Young (Allocation Failure) 156M->156M(276M) 300.062ms
[2020-08-08T11:19:08.517+0300][318.180s][debug][gc] GC(2053) Shrinking ParOldGen from 166400K by 18944K to 147456K
[2020-08-08T11:19:08.517+0300][318.180s][info ][gc] GC(2053) Pause Full (Ergonomics) 156M->22M(258M) 15.227ms
[2020-08-08T11:19:08.718+0300][318.381s][info ][gc] GC(2054) Pause Young (Allocation Failure) 80M->80M(258M) 191.030ms
[2020-08-08T11:19:09.080+0300][318.742s][info ][gc] GC(2055) Pause Young (Allocation Failure) 136M->136M(258M) 352.215ms
[2020-08-08T11:19:09.086+0300][318.749s][debug][gc] GC(2056) Shrinking ParOldGen from 147456K by 20992K to 126464K
[2020-08-08T11:19:09.086+0300][318.749s][info ][gc] GC(2056) Pause Full (Ergonomics) 136M->2M(237M) 6.216ms
[2020-08-08T11:19:09.133+0300][318.796s][info ][gc] GC(2057) Pause Young (Allocation Failure) 60M->59M(237M) 37.000ms
[2020-08-08T11:19:09.237+0300][318.899s][info ][gc] GC(2058) Pause Young (Allocation Failure) 117M->117M(237M) 92.524ms
[2020-08-08T11:19:09.532+0300][319.195s][debug][gc] GC(2059) Expanding ParOldGen from 126464K by 117760K to 244224K
[2020-08-08T11:19:09.532+0300][319.195s][info ][gc] GC(2059) Pause Full (Ergonomics) 117M->117M(352M) 295.339ms
[2020-08-08T11:19:09.586+0300][319.249s][info ][gc] GC(2060) Pause Young (Allocation Failure) 174M->174M(352M) 46.011ms
[2020-08-08T11:19:09.685+0300][319.348s][info ][gc] GC(2061) Pause Young (Allocation Failure) 232M->232M(352M) 88.907ms
[2020-08-08T11:19:09.927+0300][319.590s][debug][gc] GC(2062) Shrinking ParOldGen from 244224K by 18944K to 225280K
[2020-08-08T11:19:09.927+0300][319.590s][info ][gc] GC(2062) Pause Full (Ergonomics) 232M->98M(334M) 241.526ms
[2020-08-08T11:19:10.057+0300][319.720s][info ][gc] GC(2063) Pause Young (Allocation Failure) 156M->156M(334M) 119.878ms
[2020-08-08T11:19:10.148+0300][319.811s][info ][gc] GC(2064) Pause Young (Allocation Failure) 213M->213M(334M) 80.408ms
[2020-08-08T11:19:10.330+0300][319.993s][debug][gc] GC(2065) Shrinking ParOldGen from 225280K by 19456K to 205824K
[2020-08-08T11:19:10.330+0300][319.993s][info ][gc] GC(2065) Pause Full (Ergonomics) 213M->79M(315M) 181.851ms
[2020-08-08T11:19:10.525+0300][320.188s][info ][gc] GC(2066) Pause Young (Allocation Failure) 137M->136M(315M) 185.125ms
[2020-08-08T11:19:10.641+0300][320.304s][info ][gc] GC(2067) Pause Young (Allocation Failure) 193M->193M(315M) 107.559ms
[2020-08-08T11:19:10.765+0300][320.428s][debug][gc] GC(2068) Shrinking ParOldGen from 205824K by 20480K to 185344K
[2020-08-08T11:19:10.765+0300][320.428s][info ][gc] GC(2068) Pause Full (Ergonomics) 193M->59M(295M) 124.071ms
[2020-08-08T11:19:10.937+0300][320.600s][info ][gc] GC(2069) Pause Young (Allocation Failure) 117M->117M(295M) 161.919ms
[2020-08-08T11:19:11.139+0300][320.801s][info ][gc] GC(2070) Pause Young (Allocation Failure) 175M->175M(295M) 191.375ms
[2020-08-08T11:19:11.209+0300][320.872s][debug][gc] GC(2071) Shrinking ParOldGen from 185344K by 18944K to 166400K
[2020-08-08T11:19:11.209+0300][320.872s][info ][gc] GC(2071) Pause Full (Ergonomics) 175M->41M(276M) 70.518ms
[2020-08-08T11:19:11.410+0300][321.073s][info ][gc] GC(2072) Pause Young (Allocation Failure) 98M->98M(276M) 190.220ms
[2020-08-08T11:19:11.718+0300][321.381s][info ][gc] GC(2073) Pause Young (Allocation Failure) 156M->156M(276M) 301.202ms
[2020-08-08T11:19:11.735+0300][321.398s][debug][gc] GC(2074) Shrinking ParOldGen from 166400K by 18944K to 147456K
[2020-08-08T11:19:11.735+0300][321.398s][info ][gc] GC(2074) Pause Full (Ergonomics) 156M->22M(258M) 16.267ms
[2020-08-08T11:19:11.931+0300][321.594s][info ][gc] GC(2075) Pause Young (Allocation Failure) 80M->80M(258M) 185.420ms
[2020-08-08T11:19:12.298+0300][321.960s][info ][gc] GC(2076) Pause Young (Allocation Failure) 136M->136M(258M) 356.473ms
[2020-08-08T11:19:12.304+0300][321.967s][debug][gc] GC(2077) Shrinking ParOldGen from 147456K by 20992K to 126464K
[2020-08-08T11:19:12.304+0300][321.967s][info ][gc] GC(2077) Pause Full (Ergonomics) 136M->2M(237M) 6.152ms
[2020-08-08T11:19:12.354+0300][322.017s][info ][gc] GC(2078) Pause Young (Allocation Failure) 60M->59M(237M) 38.142ms
[2020-08-08T11:19:12.461+0300][322.124s][info ][gc] GC(2079) Pause Young (Allocation Failure) 117M->117M(237M) 94.961ms
[2020-08-08T11:19:12.768+0300][322.431s][debug][gc] GC(2080) Expanding ParOldGen from 126464K by 117760K to 244224K
[2020-08-08T11:19:12.768+0300][322.431s][info ][gc] GC(2080) Pause Full (Ergonomics) 117M->117M(352M) 306.991ms
[2020-08-08T11:19:12.815+0300][322.478s][info ][gc] GC(2081) Pause Young (Allocation Failure) 174M->174M(352M) 39.245ms
[2020-08-08T11:19:12.915+0300][322.577s][info ][gc] GC(2082) Pause Young (Allocation Failure) 232M->232M(352M) 89.806ms
[2020-08-08T11:19:13.156+0300][322.819s][debug][gc] GC(2083) Shrinking ParOldGen from 244224K by 19456K to 224768K
[2020-08-08T11:19:13.156+0300][322.819s][info ][gc] GC(2083) Pause Full (Ergonomics) 232M->98M(333M) 241.213ms
[2020-08-08T11:19:13.290+0300][322.953s][info ][gc] GC(2084) Pause Young (Allocation Failure) 156M->156M(333M) 125.104ms
[2020-08-08T11:19:13.379+0300][323.042s][info ][gc] GC(2085) Pause Young (Allocation Failure) 213M->213M(333M) 78.522ms
[2020-08-08T11:19:13.563+0300][323.226s][debug][gc] GC(2086) Shrinking ParOldGen from 224768K by 18944K to 205824K
[2020-08-08T11:19:13.563+0300][323.226s][info ][gc] GC(2086) Pause Full (Ergonomics) 213M->79M(315M) 183.546ms
[2020-08-08T11:19:13.756+0300][323.419s][info ][gc] GC(2087) Pause Young (Allocation Failure) 137M->136M(315M) 183.218ms
[2020-08-08T11:19:13.887+0300][323.550s][info ][gc] GC(2088) Pause Young (Allocation Failure) 193M->193M(315M) 122.826ms
[2020-08-08T11:19:14.020+0300][323.683s][debug][gc] GC(2089) Shrinking ParOldGen from 205824K by 20480K to 185344K
[2020-08-08T11:19:14.020+0300][323.683s][info ][gc] GC(2089) Pause Full (Ergonomics) 193M->59M(295M) 132.834ms
[2020-08-08T11:19:14.202+0300][323.865s][info ][gc] GC(2090) Pause Young (Allocation Failure) 117M->117M(295M) 171.983ms
[2020-08-08T11:19:14.386+0300][324.049s][info ][gc] GC(2091) Pause Young (Allocation Failure) 175M->175M(295M) 175.431ms
[2020-08-08T11:19:14.456+0300][324.119s][debug][gc] GC(2092) Shrinking ParOldGen from 185344K by 18944K to 166400K
[2020-08-08T11:19:14.456+0300][324.119s][info ][gc] GC(2092) Pause Full (Ergonomics) 175M->41M(276M) 69.748ms
[2020-08-08T11:19:14.656+0300][324.319s][info ][gc] GC(2093) Pause Young (Allocation Failure) 98M->98M(276M) 190.905ms
[2020-08-08T11:19:14.962+0300][324.625s][info ][gc] GC(2094) Pause Young (Allocation Failure) 156M->156M(276M) 296.405ms
[2020-08-08T11:19:14.978+0300][324.641s][debug][gc] GC(2095) Shrinking ParOldGen from 166400K by 18944K to 147456K
[2020-08-08T11:19:14.978+0300][324.641s][info ][gc] GC(2095) Pause Full (Ergonomics) 156M->22M(258M) 16.192ms
[2020-08-08T11:19:15.175+0300][324.838s][info ][gc] GC(2096) Pause Young (Allocation Failure) 80M->80M(258M) 185.454ms
[2020-08-08T11:19:15.547+0300][325.210s][info ][gc] GC(2097) Pause Young (Allocation Failure) 136M->136M(258M) 361.310ms
[2020-08-08T11:19:15.554+0300][325.217s][debug][gc] GC(2098) Shrinking ParOldGen from 147456K by 20992K to 126464K
[2020-08-08T11:19:15.554+0300][325.217s][info ][gc] GC(2098) Pause Full (Ergonomics) 136M->2M(237M) 6.429ms
[2020-08-08T11:19:15.598+0300][325.261s][info ][gc] GC(2099) Pause Young (Allocation Failure) 60M->60M(237M) 34.544ms
[2020-08-08T11:19:15.704+0300][325.367s][info ][gc] GC(2100) Pause Young (Allocation Failure) 117M->117M(237M) 96.582ms
[2020-08-08T11:19:16.000+0300][325.663s][debug][gc] GC(2101) Expanding ParOldGen from 126464K by 117760K to 244224K
[2020-08-08T11:19:16.000+0300][325.663s][info ][gc] GC(2101) Pause Full (Ergonomics) 117M->117M(352M) 295.908ms
[2020-08-08T11:19:16.049+0300][325.712s][info ][gc] GC(2102) Pause Young (Allocation Failure) 174M->174M(352M) 41.439ms
[2020-08-08T11:19:16.150+0300][325.812s][info ][gc] GC(2103) Pause Young (Allocation Failure) 232M->232M(352M) 90.568ms
[2020-08-08T11:19:16.390+0300][326.053s][debug][gc] GC(2104) Shrinking ParOldGen from 244224K by 18944K to 225280K
[2020-08-08T11:19:16.390+0300][326.053s][info ][gc] GC(2104) Pause Full (Ergonomics) 232M->98M(334M) 240.067ms
[2020-08-08T11:19:16.517+0300][326.180s][info ][gc] GC(2105) Pause Young (Allocation Failure) 156M->156M(334M) 118.381ms
[2020-08-08T11:19:16.605+0300][326.268s][info ][gc] GC(2106) Pause Young (Allocation Failure) 213M->213M(334M) 77.256ms
[2020-08-08T11:19:16.787+0300][326.450s][debug][gc] GC(2107) Shrinking ParOldGen from 225280K by 19456K to 205824K
[2020-08-08T11:19:16.787+0300][326.450s][info ][gc] GC(2107) Pause Full (Ergonomics) 213M->79M(315M) 181.986ms
[2020-08-08T11:19:16.983+0300][326.646s][info ][gc] GC(2108) Pause Young (Allocation Failure) 136M->136M(315M) 185.325ms
[2020-08-08T11:19:17.100+0300][326.763s][info ][gc] GC(2109) Pause Young (Allocation Failure) 193M->193M(315M) 109.002ms
[2020-08-08T11:19:17.230+0300][326.892s][debug][gc] GC(2110) Shrinking ParOldGen from 205824K by 20480K to 185344K
[2020-08-08T11:19:17.230+0300][326.893s][info ][gc] GC(2110) Pause Full (Ergonomics) 193M->59M(295M) 129.913ms
[2020-08-08T11:19:17.400+0300][327.063s][info ][gc] GC(2111) Pause Young (Allocation Failure) 117M->117M(295M) 160.171ms
[2020-08-08T11:19:17.583+0300][327.245s][info ][gc] GC(2112) Pause Young (Allocation Failure) 175M->175M(295M) 174.100ms
[2020-08-08T11:19:17.652+0300][327.315s][debug][gc] GC(2113) Shrinking ParOldGen from 185344K by 18944K to 166400K
[2020-08-08T11:19:17.652+0300][327.315s][info ][gc] GC(2113) Pause Full (Ergonomics) 175M->41M(276M) 69.767ms
[2020-08-08T11:19:17.837+0300][327.500s][info ][gc] GC(2114) Pause Young (Allocation Failure) 99M->99M(276M) 174.966ms
[2020-08-08T11:19:18.119+0300][327.782s][info ][gc] GC(2115) Pause Young (Allocation Failure) 156M->156M(276M) 275.195ms
[2020-08-08T11:19:18.135+0300][327.798s][debug][gc] GC(2116) Shrinking ParOldGen from 166400K by 18944K to 147456K
[2020-08-08T11:19:18.135+0300][327.798s][info ][gc] GC(2116) Pause Full (Ergonomics) 156M->22M(258M) 15.455ms
[2020-08-08T11:19:18.333+0300][327.996s][info ][gc] GC(2117) Pause Young (Allocation Failure) 80M->80M(258M) 186.319ms
[2020-08-08T11:19:18.708+0300][328.371s][info ][gc] GC(2118) Pause Young (Allocation Failure) 136M->136M(258M) 365.616ms
[2020-08-08T11:19:18.714+0300][328.377s][debug][gc] GC(2119) Shrinking ParOldGen from 147456K by 20992K to 126464K
[2020-08-08T11:19:18.714+0300][328.377s][info ][gc] GC(2119) Pause Full (Ergonomics) 136M->2M(237M) 6.513ms
[2020-08-08T11:19:18.759+0300][328.422s][info ][gc] GC(2120) Pause Young (Allocation Failure) 60M->59M(237M) 33.514ms
[2020-08-08T11:19:18.863+0300][328.526s][info ][gc] GC(2121) Pause Young (Allocation Failure) 117M->117M(237M) 93.063ms
[2020-08-08T11:19:19.165+0300][328.828s][debug][gc] GC(2122) Expanding ParOldGen from 126464K by 117760K to 244224K
[2020-08-08T11:19:19.165+0300][328.828s][info ][gc] GC(2122) Pause Full (Ergonomics) 117M->117M(352M) 301.856ms
[2020-08-08T11:19:19.216+0300][328.879s][info ][gc] GC(2123) Pause Young (Allocation Failure) 174M->174M(352M) 42.144ms
[2020-08-08T11:19:19.314+0300][328.977s][info ][gc] GC(2124) Pause Young (Allocation Failure) 232M->232M(352M) 88.427ms
[2020-08-08T11:19:19.559+0300][329.222s][debug][gc] GC(2125) Shrinking ParOldGen from 244224K by 19456K to 224768K
[2020-08-08T11:19:19.559+0300][329.222s][info ][gc] GC(2125) Pause Full (Ergonomics) 232M->98M(333M) 244.633ms
[2020-08-08T11:19:19.690+0300][329.353s][info ][gc] GC(2126) Pause Young (Allocation Failure) 156M->156M(333M) 122.801ms
[2020-08-08T11:19:19.779+0300][329.442s][info ][gc] GC(2127) Pause Young (Allocation Failure) 213M->213M(333M) 77.691ms
[2020-08-08T11:19:19.975+0300][329.637s][debug][gc] GC(2128) Shrinking ParOldGen from 224768K by 18944K to 205824K
[2020-08-08T11:19:19.975+0300][329.638s][info ][gc] GC(2128) Pause Full (Ergonomics) 213M->79M(315M) 195.302ms
[2020-08-08T11:19:20.167+0300][329.830s][info ][gc] GC(2129) Pause Young (Allocation Failure) 137M->136M(315M) 182.302ms
[2020-08-08T11:19:20.299+0300][329.962s][info ][gc] GC(2130) Pause Young (Allocation Failure) 193M->193M(315M) 123.929ms
[2020-08-08T11:19:20.426+0300][330.089s][debug][gc] GC(2131) Shrinking ParOldGen from 205824K by 20480K to 185344K
[2020-08-08T11:19:20.427+0300][330.089s][info ][gc] GC(2131) Pause Full (Ergonomics) 193M->59M(295M) 127.186ms
[2020-08-08T11:19:20.607+0300][330.270s][info ][gc] GC(2132) Pause Young (Allocation Failure) 117M->117M(295M) 170.692ms
[2020-08-08T11:19:20.788+0300][330.451s][info ][gc] GC(2133) Pause Young (Allocation Failure) 174M->175M(295M) 172.757ms
[2020-08-08T11:19:20.858+0300][330.521s][debug][gc] GC(2134) Shrinking ParOldGen from 185344K by 18944K to 166400K
[2020-08-08T11:19:20.858+0300][330.521s][info ][gc] GC(2134) Pause Full (Ergonomics) 175M->41M(276M) 69.968ms
[2020-08-08T11:19:21.061+0300][330.724s][info ][gc] GC(2135) Pause Young (Allocation Failure) 98M->98M(276M) 190.801ms
[2020-08-08T11:19:21.366+0300][331.029s][info ][gc] GC(2136) Pause Young (Allocation Failure) 156M->156M(276M) 297.663ms
[2020-08-08T11:19:21.381+0300][331.044s][debug][gc] GC(2137) Shrinking ParOldGen from 166400K by 18944K to 147456K
[2020-08-08T11:19:21.381+0300][331.044s][info ][gc] GC(2137) Pause Full (Ergonomics) 156M->22M(258M) 14.734ms
[2020-08-08T11:19:21.574+0300][331.237s][info ][gc] GC(2138) Pause Young (Allocation Failure) 80M->80M(258M) 182.163ms
[2020-08-08T11:19:21.949+0300][331.612s][info ][gc] GC(2139) Pause Young (Allocation Failure) 136M->136M(258M) 364.694ms
[2020-08-08T11:19:21.955+0300][331.618s][debug][gc] GC(2140) Shrinking ParOldGen from 147456K by 20992K to 126464K
[2020-08-08T11:19:21.955+0300][331.618s][info ][gc] GC(2140) Pause Full (Ergonomics) 136M->2M(237M) 6.158ms
[2020-08-08T11:19:21.999+0300][331.662s][info ][gc] GC(2141) Pause Young (Allocation Failure) 60M->59M(237M) 34.430ms
[2020-08-08T11:19:22.102+0300][331.765s][info ][gc] GC(2142) Pause Young (Allocation Failure) 117M->117M(237M) 92.786ms
[2020-08-08T11:19:22.405+0300][332.067s][debug][gc] GC(2143) Expanding ParOldGen from 126464K by 117760K to 244224K
[2020-08-08T11:19:22.405+0300][332.068s][info ][gc] GC(2143) Pause Full (Ergonomics) 117M->117M(352M) 302.269ms
[2020-08-08T11:19:22.458+0300][332.121s][info ][gc] GC(2144) Pause Young (Allocation Failure) 174M->174M(352M) 46.121ms
[2020-08-08T11:19:22.558+0300][332.221s][info ][gc] GC(2145) Pause Young (Allocation Failure) 232M->232M(352M) 88.837ms
[2020-08-08T11:19:22.802+0300][332.465s][debug][gc] GC(2146) Shrinking ParOldGen from 244224K by 19456K to 224768K
[2020-08-08T11:19:22.802+0300][332.465s][info ][gc] GC(2146) Pause Full (Ergonomics) 232M->98M(333M) 244.725ms
[2020-08-08T11:19:22.923+0300][332.586s][info ][gc] GC(2147) Pause Young (Allocation Failure) 156M->156M(333M) 112.574ms
[2020-08-08T11:19:23.011+0300][332.674s][info ][gc] GC(2148) Pause Young (Allocation Failure) 213M->213M(333M) 76.774ms
[2020-08-08T11:19:23.198+0300][332.861s][debug][gc] GC(2149) Shrinking ParOldGen from 224768K by 18944K to 205824K
[2020-08-08T11:19:23.198+0300][332.861s][info ][gc] GC(2149) Pause Full (Ergonomics) 213M->79M(315M) 186.797ms
[2020-08-08T11:19:23.396+0300][333.059s][info ][gc] GC(2150) Pause Young (Allocation Failure) 137M->136M(315M) 187.539ms
[2020-08-08T11:19:23.515+0300][333.177s][info ][gc] GC(2151) Pause Young (Allocation Failure) 193M->193M(315M) 110.288ms
[2020-08-08T11:19:23.639+0300][333.302s][debug][gc] GC(2152) Shrinking ParOldGen from 205824K by 20480K to 185344K
[2020-08-08T11:19:23.639+0300][333.302s][info ][gc] GC(2152) Pause Full (Ergonomics) 193M->59M(295M) 124.105ms
[2020-08-08T11:19:23.812+0300][333.475s][info ][gc] GC(2153) Pause Young (Allocation Failure) 117M->117M(295M) 162.747ms
[2020-08-08T11:19:24.001+0300][333.664s][info ][gc] GC(2154) Pause Young (Allocation Failure) 175M->175M(295M) 181.444ms
[2020-08-08T11:19:24.073+0300][333.736s][debug][gc] GC(2155) Shrinking ParOldGen from 185344K by 18944K to 166400K
[2020-08-08T11:19:24.073+0300][333.736s][info ][gc] GC(2155) Pause Full (Ergonomics) 175M->41M(276M) 72.372ms
[2020-08-08T11:19:24.265+0300][333.928s][info ][gc] GC(2156) Pause Young (Allocation Failure) 98M->98M(276M) 180.466ms
[2020-08-08T11:19:24.570+0300][334.233s][info ][gc] GC(2157) Pause Young (Allocation Failure) 156M->156M(276M) 298.111ms
[2020-08-08T11:19:24.586+0300][334.249s][debug][gc] GC(2158) Shrinking ParOldGen from 166400K by 18944K to 147456K
[2020-08-08T11:19:24.586+0300][334.249s][info ][gc] GC(2158) Pause Full (Ergonomics) 156M->22M(258M) 15.651ms
[2020-08-08T11:19:24.789+0300][334.452s][info ][gc] GC(2159) Pause Young (Allocation Failure) 80M->80M(258M) 191.921ms
[2020-08-08T11:19:25.154+0300][334.816s][info ][gc] GC(2160) Pause Young (Allocation Failure) 136M->136M(258M) 352.662ms
[2020-08-08T11:19:25.160+0300][334.823s][debug][gc] GC(2161) Shrinking ParOldGen from 147456K by 20992K to 126464K
[2020-08-08T11:19:25.160+0300][334.823s][info ][gc] GC(2161) Pause Full (Ergonomics) 136M->2M(237M) 6.128ms
[2020-08-08T11:19:25.205+0300][334.868s][info ][gc] GC(2162) Pause Young (Allocation Failure) 60M->59M(237M) 34.131ms
[2020-08-08T11:19:25.310+0300][334.973s][info ][gc] GC(2163) Pause Young (Allocation Failure) 117M->117M(237M) 94.634ms
[2020-08-08T11:19:25.608+0300][335.271s][debug][gc] GC(2164) Expanding ParOldGen from 126464K by 117760K to 244224K
[2020-08-08T11:19:25.609+0300][335.272s][info ][gc] GC(2164) Pause Full (Ergonomics) 117M->117M(352M) 298.862ms
[2020-08-08T11:19:25.664+0300][335.327s][info ][gc] GC(2165) Pause Young (Allocation Failure) 174M->174M(352M) 46.633ms
[2020-08-08T11:19:25.763+0300][335.426s][info ][gc] GC(2166) Pause Young (Allocation Failure) 232M->232M(352M) 89.130ms
[2020-08-08T11:19:26.003+0300][335.666s][debug][gc] GC(2167) Shrinking ParOldGen from 244224K by 19456K to 224768K
[2020-08-08T11:19:26.003+0300][335.666s][info ][gc] GC(2167) Pause Full (Ergonomics) 232M->98M(333M) 239.321ms
[2020-08-08T11:19:26.130+0300][335.793s][info ][gc] GC(2168) Pause Young (Allocation Failure) 156M->156M(333M) 119.381ms
[2020-08-08T11:19:26.220+0300][335.883s][info ][gc] GC(2169) Pause Young (Allocation Failure) 213M->213M(333M) 77.728ms
[2020-08-08T11:19:26.405+0300][336.068s][debug][gc] GC(2170) Shrinking ParOldGen from 224768K by 18944K to 205824K
[2020-08-08T11:19:26.405+0300][336.068s][info ][gc] GC(2170) Pause Full (Ergonomics) 213M->79M(315M) 184.866ms
[2020-08-08T11:19:26.603+0300][336.266s][info ][gc] GC(2171) Pause Young (Allocation Failure) 137M->136M(315M) 188.156ms
[2020-08-08T11:19:26.726+0300][336.389s][info ][gc] GC(2172) Pause Young (Allocation Failure) 193M->193M(315M) 115.515ms
[2020-08-08T11:19:26.848+0300][336.511s][debug][gc] GC(2173) Shrinking ParOldGen from 205824K by 20480K to 185344K
[2020-08-08T11:19:26.849+0300][336.512s][info ][gc] GC(2173) Pause Full (Ergonomics) 193M->59M(295M) 122.831ms
[2020-08-08T11:19:27.031+0300][336.694s][info ][gc] GC(2174) Pause Young (Allocation Failure) 117M->117M(295M) 172.095ms
[2020-08-08T11:19:27.217+0300][336.880s][info ][gc] GC(2175) Pause Young (Allocation Failure) 175M->175M(295M) 179.245ms
[2020-08-08T11:19:27.288+0300][336.951s][debug][gc] GC(2176) Shrinking ParOldGen from 185344K by 18944K to 166400K
[2020-08-08T11:19:27.288+0300][336.951s][info ][gc] GC(2176) Pause Full (Ergonomics) 175M->41M(276M) 70.538ms
[2020-08-08T11:19:27.487+0300][337.150s][info ][gc] GC(2177) Pause Young (Allocation Failure) 98M->98M(276M) 187.377ms
[2020-08-08T11:19:27.799+0300][337.462s][info ][gc] GC(2178) Pause Young (Allocation Failure) 156M->156M(276M) 304.646ms
[2020-08-08T11:19:27.815+0300][337.478s][debug][gc] GC(2179) Shrinking ParOldGen from 166400K by 18944K to 147456K
[2020-08-08T11:19:27.815+0300][337.478s][info ][gc] GC(2179) Pause Full (Ergonomics) 156M->22M(258M) 15.840ms
[2020-08-08T11:19:28.013+0300][337.676s][info ][gc] GC(2180) Pause Young (Allocation Failure) 80M->80M(258M) 187.808ms
[2020-08-08T11:19:28.388+0300][338.051s][info ][gc] GC(2181) Pause Young (Allocation Failure) 136M->136M(258M) 363.850ms
[2020-08-08T11:19:28.394+0300][338.057s][debug][gc] GC(2182) Shrinking ParOldGen from 147456K by 20992K to 126464K
[2020-08-08T11:19:28.394+0300][338.057s][info ][gc] GC(2182) Pause Full (Ergonomics) 136M->2M(237M) 6.382ms
[2020-08-08T11:19:28.437+0300][338.100s][info ][gc] GC(2183) Pause Young (Allocation Failure) 60M->59M(237M) 32.668ms
[2020-08-08T11:19:28.544+0300][338.207s][info ][gc] GC(2184) Pause Young (Allocation Failure) 117M->117M(237M) 96.650ms
[2020-08-08T11:19:28.838+0300][338.501s][debug][gc] GC(2185) Expanding ParOldGen from 126464K by 117760K to 244224K
[2020-08-08T11:19:28.838+0300][338.501s][info ][gc] GC(2185) Pause Full (Ergonomics) 117M->117M(352M) 293.754ms
[2020-08-08T11:19:28.888+0300][338.551s][info ][gc] GC(2186) Pause Young (Allocation Failure) 174M->174M(352M) 41.611ms
[2020-08-08T11:19:28.986+0300][338.649s][info ][gc] GC(2187) Pause Young (Allocation Failure) 232M->232M(352M) 88.640ms
[2020-08-08T11:19:29.226+0300][338.889s][debug][gc] GC(2188) Shrinking ParOldGen from 244224K by 19456K to 224768K
[2020-08-08T11:19:29.226+0300][338.889s][info ][gc] GC(2188) Pause Full (Ergonomics) 232M->98M(333M) 239.603ms
[2020-08-08T11:19:29.359+0300][339.022s][info ][gc] GC(2189) Pause Young (Allocation Failure) 156M->156M(333M) 124.950ms
[2020-08-08T11:19:29.453+0300][339.116s][info ][gc] GC(2190) Pause Young (Allocation Failure) 213M->213M(333M) 82.068ms
[2020-08-08T11:19:29.632+0300][339.295s][debug][gc] GC(2191) Shrinking ParOldGen from 224768K by 18944K to 205824K
[2020-08-08T11:19:29.632+0300][339.295s][info ][gc] GC(2191) Pause Full (Ergonomics) 213M->79M(315M) 178.519ms
[2020-08-08T11:19:29.821+0300][339.484s][info ][gc] GC(2192) Pause Young (Allocation Failure) 137M->136M(315M) 179.307ms
[2020-08-08T11:19:29.956+0300][339.619s][info ][gc] GC(2193) Pause Young (Allocation Failure) 193M->193M(315M) 127.519ms
[2020-08-08T11:19:30.081+0300][339.744s][debug][gc] GC(2194) Shrinking ParOldGen from 205824K by 20480K to 185344K
[2020-08-08T11:19:30.081+0300][339.744s][info ][gc] GC(2194) Pause Full (Ergonomics) 193M->59M(295M) 125.108ms
[2020-08-08T11:19:30.247+0300][339.910s][info ][gc] GC(2195) Pause Young (Allocation Failure) 117M->117M(295M) 156.535ms
[2020-08-08T11:19:30.422+0300][340.085s][info ][gc] GC(2196) Pause Young (Allocation Failure) 175M->175M(295M) 167.777ms
[2020-08-08T11:19:30.493+0300][340.156s][debug][gc] GC(2197) Shrinking ParOldGen from 185344K by 18944K to 166400K
[2020-08-08T11:19:30.494+0300][340.156s][info ][gc] GC(2197) Pause Full (Ergonomics) 175M->41M(276M) 71.144ms
[2020-08-08T11:19:30.694+0300][340.357s][info ][gc] GC(2198) Pause Young (Allocation Failure) 98M->98M(276M) 188.114ms
[2020-08-08T11:19:30.999+0300][340.662s][info ][gc] GC(2199) Pause Young (Allocation Failure) 156M->156M(276M) 297.349ms
[2020-08-08T11:19:31.014+0300][340.677s][debug][gc] GC(2200) Shrinking ParOldGen from 166400K by 18944K to 147456K
[2020-08-08T11:19:31.014+0300][340.677s][info ][gc] GC(2200) Pause Full (Ergonomics) 156M->22M(258M) 15.546ms
[2020-08-08T11:19:31.215+0300][340.878s][info ][gc] GC(2201) Pause Young (Allocation Failure) 80M->80M(258M) 189.912ms
[2020-08-08T11:19:31.578+0300][341.240s][info ][gc] GC(2202) Pause Young (Allocation Failure) 136M->136M(258M) 351.490ms
[2020-08-08T11:19:31.584+0300][341.247s][debug][gc] GC(2203) Shrinking ParOldGen from 147456K by 20992K to 126464K
[2020-08-08T11:19:31.584+0300][341.247s][info ][gc] GC(2203) Pause Full (Ergonomics) 136M->2M(237M) 6.501ms
[2020-08-08T11:19:31.629+0300][341.292s][info ][gc] GC(2204) Pause Young (Allocation Failure) 60M->59M(237M) 35.129ms
[2020-08-08T11:19:31.734+0300][341.397s][info ][gc] GC(2205) Pause Young (Allocation Failure) 117M->117M(237M) 94.724ms
[2020-08-08T11:19:32.032+0300][341.695s][debug][gc] GC(2206) Expanding ParOldGen from 126464K by 117760K to 244224K
[2020-08-08T11:19:32.032+0300][341.695s][info ][gc] GC(2206) Pause Full (Ergonomics) 117M->117M(352M) 297.819ms
[2020-08-08T11:19:32.081+0300][341.744s][info ][gc] GC(2207) Pause Young (Allocation Failure) 174M->174M(352M) 41.627ms
[2020-08-08T11:19:32.180+0300][341.843s][info ][gc] GC(2208) Pause Young (Allocation Failure) 232M->232M(352M) 89.254ms
[2020-08-08T11:19:32.421+0300][342.084s][debug][gc] GC(2209) Shrinking ParOldGen from 244224K by 19456K to 224768K
[2020-08-08T11:19:32.421+0300][342.084s][info ][gc] GC(2209) Pause Full (Ergonomics) 232M->98M(333M) 240.931ms
[2020-08-08T11:19:32.548+0300][342.211s][info ][gc] GC(2210) Pause Young (Allocation Failure) 156M->156M(333M) 116.781ms
[2020-08-08T11:19:32.634+0300][342.297s][info ][gc] GC(2211) Pause Young (Allocation Failure) 213M->213M(333M) 74.491ms
[2020-08-08T11:19:32.821+0300][342.484s][debug][gc] GC(2212) Shrinking ParOldGen from 224768K by 18944K to 205824K
[2020-08-08T11:19:32.821+0300][342.484s][info ][gc] GC(2212) Pause Full (Ergonomics) 213M->79M(315M) 187.286ms
[2020-08-08T11:19:33.016+0300][342.679s][info ][gc] GC(2213) Pause Young (Allocation Failure) 137M->136M(315M) 184.951ms
[2020-08-08T11:19:33.141+0300][342.803s][info ][gc] GC(2214) Pause Young (Allocation Failure) 193M->193M(315M) 116.784ms
[2020-08-08T11:19:33.264+0300][342.927s][debug][gc] GC(2215) Shrinking ParOldGen from 205824K by 20480K to 185344K
[2020-08-08T11:19:33.264+0300][342.927s][info ][gc] GC(2215) Pause Full (Ergonomics) 193M->59M(295M) 123.374ms
[2020-08-08T11:19:33.434+0300][343.097s][info ][gc] GC(2216) Pause Young (Allocation Failure) 117M->117M(295M) 159.976ms
[2020-08-08T11:19:33.615+0300][343.278s][info ][gc] GC(2217) Pause Young (Allocation Failure) 175M->175M(295M) 173.587ms
[2020-08-08T11:19:33.692+0300][343.355s][debug][gc] GC(2218) Shrinking ParOldGen from 185344K by 18944K to 166400K
[2020-08-08T11:19:33.692+0300][343.355s][info ][gc] GC(2218) Pause Full (Ergonomics) 175M->41M(276M) 76.871ms
[2020-08-08T11:19:33.894+0300][343.556s][info ][gc] GC(2219) Pause Young (Allocation Failure) 98M->98M(276M) 190.006ms
[2020-08-08T11:19:34.204+0300][343.866s][info ][gc] GC(2220) Pause Young (Allocation Failure) 156M->156M(276M) 299.331ms
[2020-08-08T11:19:34.220+0300][343.883s][debug][gc] GC(2221) Shrinking ParOldGen from 166400K by 18944K to 147456K
[2020-08-08T11:19:34.220+0300][343.883s][info ][gc] GC(2221) Pause Full (Ergonomics) 156M->22M(258M) 16.229ms
[2020-08-08T11:19:34.418+0300][344.081s][info ][gc] GC(2222) Pause Young (Allocation Failure) 80M->80M(258M) 186.573ms
[2020-08-08T11:19:34.796+0300][344.459s][info ][gc] GC(2223) Pause Young (Allocation Failure) 136M->136M(258M) 365.386ms
[2020-08-08T11:19:34.802+0300][344.465s][debug][gc] GC(2224) Shrinking ParOldGen from 147456K by 20992K to 126464K
[2020-08-08T11:19:34.802+0300][344.465s][info ][gc] GC(2224) Pause Full (Ergonomics) 136M->2M(237M) 6.161ms
[2020-08-08T11:19:34.849+0300][344.512s][info ][gc] GC(2225) Pause Young (Allocation Failure) 60M->59M(237M) 34.865ms
[2020-08-08T11:19:34.959+0300][344.622s][info ][gc] GC(2226) Pause Young (Allocation Failure) 117M->117M(237M) 97.132ms
[2020-08-08T11:19:35.256+0300][344.919s][debug][gc] GC(2227) Expanding ParOldGen from 126464K by 117760K to 244224K
[2020-08-08T11:19:35.257+0300][344.919s][info ][gc] GC(2227) Pause Full (Ergonomics) 117M->117M(352M) 297.385ms
[2020-08-08T11:19:35.309+0300][344.972s][info ][gc] GC(2228) Pause Young (Allocation Failure) 174M->174M(352M) 42.240ms
[2020-08-08T11:19:35.409+0300][345.072s][info ][gc] GC(2229) Pause Young (Allocation Failure) 232M->232M(352M) 88.624ms
[2020-08-08T11:19:35.650+0300][345.313s][debug][gc] GC(2230) Shrinking ParOldGen from 244224K by 19456K to 224768K
[2020-08-08T11:19:35.650+0300][345.313s][info ][gc] GC(2230) Pause Full (Ergonomics) 232M->98M(333M) 241.520ms
[2020-08-08T11:19:35.772+0300][345.435s][info ][gc] GC(2231) Pause Young (Allocation Failure) 156M->156M(333M) 114.145ms
[2020-08-08T11:19:35.860+0300][345.523s][info ][gc] GC(2232) Pause Young (Allocation Failure) 213M->213M(333M) 75.517ms
[2020-08-08T11:19:36.042+0300][345.705s][debug][gc] GC(2233) Shrinking ParOldGen from 224768K by 18944K to 205824K
[2020-08-08T11:19:36.042+0300][345.705s][info ][gc] GC(2233) Pause Full (Ergonomics) 213M->79M(315M) 181.425ms
[2020-08-08T11:19:36.240+0300][345.903s][info ][gc] GC(2234) Pause Young (Allocation Failure) 137M->136M(315M) 188.450ms
[2020-08-08T11:19:36.379+0300][346.041s][info ][gc] GC(2235) Pause Young (Allocation Failure) 193M->193M(315M) 129.071ms
[2020-08-08T11:19:36.510+0300][346.173s][debug][gc] GC(2236) Shrinking ParOldGen from 205824K by 20480K to 185344K
[2020-08-08T11:19:36.510+0300][346.173s][info ][gc] GC(2236) Pause Full (Ergonomics) 193M->59M(295M) 131.821ms
[2020-08-08T11:19:36.695+0300][346.358s][info ][gc] GC(2237) Pause Young (Allocation Failure) 117M->117M(295M) 174.144ms
[2020-08-08T11:19:36.889+0300][346.552s][info ][gc] GC(2238) Pause Young (Allocation Failure) 175M->175M(295M) 185.695ms
[2020-08-08T11:19:36.960+0300][346.623s][debug][gc] GC(2239) Shrinking ParOldGen from 185344K by 18944K to 166400K
[2020-08-08T11:19:36.960+0300][346.623s][info ][gc] GC(2239) Pause Full (Ergonomics) 175M->41M(276M) 71.270ms
[2020-08-08T11:19:37.160+0300][346.823s][info ][gc] GC(2240) Pause Young (Allocation Failure) 98M->98M(276M) 187.691ms
[2020-08-08T11:19:37.462+0300][347.125s][info ][gc] GC(2241) Pause Young (Allocation Failure) 156M->156M(276M) 293.339ms
[2020-08-08T11:19:37.477+0300][347.140s][debug][gc] GC(2242) Shrinking ParOldGen from 166400K by 18944K to 147456K
[2020-08-08T11:19:37.477+0300][347.140s][info ][gc] GC(2242) Pause Full (Ergonomics) 156M->22M(258M) 15.178ms
[2020-08-08T11:19:37.678+0300][347.341s][info ][gc] GC(2243) Pause Young (Allocation Failure) 80M->80M(258M) 189.700ms
[2020-08-08T11:19:38.052+0300][347.715s][info ][gc] GC(2244) Pause Young (Allocation Failure) 136M->136M(258M) 364.234ms
[2020-08-08T11:19:38.058+0300][347.721s][debug][gc] GC(2245) Shrinking ParOldGen from 147456K by 20992K to 126464K
[2020-08-08T11:19:38.058+0300][347.721s][info ][gc] GC(2245) Pause Full (Ergonomics) 136M->2M(237M) 5.641ms
[2020-08-08T11:19:38.104+0300][347.767s][info ][gc] GC(2246) Pause Young (Allocation Failure) 60M->59M(237M) 34.349ms
[2020-08-08T11:19:38.209+0300][347.871s][info ][gc] GC(2247) Pause Young (Allocation Failure) 117M->117M(237M) 94.441ms
[2020-08-08T11:19:38.505+0300][348.168s][debug][gc] GC(2248) Expanding ParOldGen from 126464K by 117760K to 244224K
[2020-08-08T11:19:38.505+0300][348.168s][info ][gc] GC(2248) Pause Full (Ergonomics) 117M->117M(352M) 296.748ms
[2020-08-08T11:19:38.559+0300][348.222s][info ][gc] GC(2249) Pause Young (Allocation Failure) 174M->174M(352M) 44.835ms
[2020-08-08T11:19:38.658+0300][348.320s][info ][gc] GC(2250) Pause Young (Allocation Failure) 232M->232M(352M) 88.737ms
[2020-08-08T11:19:38.901+0300][348.564s][debug][gc] GC(2251) Shrinking ParOldGen from 244224K by 19456K to 224768K
[2020-08-08T11:19:38.901+0300][348.564s][info ][gc] GC(2251) Pause Full (Ergonomics) 232M->98M(333M) 243.353ms
[2020-08-08T11:19:39.030+0300][348.693s][info ][gc] GC(2252) Pause Young (Allocation Failure) 156M->156M(333M) 120.963ms
[2020-08-08T11:19:39.120+0300][348.783s][info ][gc] GC(2253) Pause Young (Allocation Failure) 213M->213M(333M) 78.967ms
[2020-08-08T11:19:39.304+0300][348.967s][debug][gc] GC(2254) Shrinking ParOldGen from 224768K by 18944K to 205824K
[2020-08-08T11:19:39.304+0300][348.967s][info ][gc] GC(2254) Pause Full (Ergonomics) 213M->79M(315M) 184.210ms
[2020-08-08T11:19:39.499+0300][349.162s][info ][gc] GC(2255) Pause Young (Allocation Failure) 137M->136M(315M) 183.943ms
[2020-08-08T11:19:39.634+0300][349.297s][info ][gc] GC(2256) Pause Young (Allocation Failure) 193M->193M(315M) 126.387ms
[2020-08-08T11:19:39.765+0300][349.428s][debug][gc] GC(2257) Shrinking ParOldGen from 205824K by 20480K to 185344K
[2020-08-08T11:19:39.765+0300][349.428s][info ][gc] GC(2257) Pause Full (Ergonomics) 193M->59M(295M) 131.539ms
[2020-08-08T11:19:39.938+0300][349.601s][info ][gc] GC(2258) Pause Young (Allocation Failure) 117M->117M(295M) 162.375ms
[2020-08-08T11:19:40.113+0300][349.776s][info ][gc] GC(2259) Pause Young (Allocation Failure) 175M->175M(295M) 167.910ms
[2020-08-08T11:19:40.184+0300][349.847s][debug][gc] GC(2260) Shrinking ParOldGen from 185344K by 18944K to 166400K
[2020-08-08T11:19:40.184+0300][349.847s][info ][gc] GC(2260) Pause Full (Ergonomics) 175M->41M(276M) 70.767ms
[2020-08-08T11:19:40.394+0300][350.057s][info ][gc] GC(2261) Pause Young (Allocation Failure) 98M->98M(276M) 199.161ms
[2020-08-08T11:19:40.699+0300][350.362s][info ][gc] GC(2262) Pause Young (Allocation Failure) 156M->156M(276M) 296.244ms
[2020-08-08T11:19:40.715+0300][350.378s][debug][gc] GC(2263) Shrinking ParOldGen from 166400K by 18944K to 147456K
[2020-08-08T11:19:40.715+0300][350.378s][info ][gc] GC(2263) Pause Full (Ergonomics) 156M->22M(258M) 15.579ms
[2020-08-08T11:19:40.912+0300][350.575s][info ][gc] GC(2264) Pause Young (Allocation Failure) 80M->80M(258M) 186.718ms
[2020-08-08T11:19:41.287+0300][350.950s][info ][gc] GC(2265) Pause Young (Allocation Failure) 136M->136M(258M) 363.462ms
[2020-08-08T11:19:41.294+0300][350.957s][debug][gc] GC(2266) Shrinking ParOldGen from 147456K by 20992K to 126464K
[2020-08-08T11:19:41.294+0300][350.957s][info ][gc] GC(2266) Pause Full (Ergonomics) 136M->2M(237M) 6.388ms
[2020-08-08T11:19:41.342+0300][351.005s][info ][gc] GC(2267) Pause Young (Allocation Failure) 60M->59M(237M) 37.684ms
[2020-08-08T11:19:41.448+0300][351.111s][info ][gc] GC(2268) Pause Young (Allocation Failure) 117M->117M(237M) 96.208ms
[2020-08-08T11:19:41.744+0300][351.406s][debug][gc] GC(2269) Expanding ParOldGen from 126464K by 117760K to 244224K
[2020-08-08T11:19:41.744+0300][351.406s][info ][gc] GC(2269) Pause Full (Ergonomics) 117M->117M(352M) 295.450ms
[2020-08-08T11:19:41.796+0300][351.459s][info ][gc] GC(2270) Pause Young (Allocation Failure) 174M->174M(352M) 42.639ms
[2020-08-08T11:19:41.896+0300][351.559s][info ][gc] GC(2271) Pause Young (Allocation Failure) 232M->232M(352M) 90.649ms
[2020-08-08T11:19:42.140+0300][351.803s][debug][gc] GC(2272) Shrinking ParOldGen from 244224K by 19456K to 224768K
[2020-08-08T11:19:42.140+0300][351.803s][info ][gc] GC(2272) Pause Full (Ergonomics) 232M->98M(333M) 244.184ms
[2020-08-08T11:19:42.277+0300][351.940s][info ][gc] GC(2273) Pause Young (Allocation Failure) 156M->156M(333M) 127.313ms
[2020-08-08T11:19:42.364+0300][352.027s][info ][gc] GC(2274) Pause Young (Allocation Failure) 213M->213M(333M) 77.956ms
[2020-08-08T11:19:42.547+0300][352.210s][debug][gc] GC(2275) Shrinking ParOldGen from 224768K by 18944K to 205824K
[2020-08-08T11:19:42.547+0300][352.210s][info ][gc] GC(2275) Pause Full (Ergonomics) 213M->79M(315M) 182.774ms
[2020-08-08T11:19:42.745+0300][352.408s][info ][gc] GC(2276) Pause Young (Allocation Failure) 137M->136M(315M) 187.840ms
[2020-08-08T11:19:42.870+0300][352.533s][info ][gc] GC(2277) Pause Young (Allocation Failure) 193M->193M(315M) 116.737ms
[2020-08-08T11:19:42.998+0300][352.661s][debug][gc] GC(2278) Shrinking ParOldGen from 205824K by 20480K to 185344K
[2020-08-08T11:19:42.998+0300][352.661s][info ][gc] GC(2278) Pause Full (Ergonomics) 193M->59M(295M) 127.956ms
[2020-08-08T11:19:43.180+0300][352.843s][info ][gc] GC(2279) Pause Young (Allocation Failure) 117M->117M(295M) 172.508ms
[2020-08-08T11:19:43.363+0300][353.026s][info ][gc] GC(2280) Pause Young (Allocation Failure) 175M->175M(295M) 173.231ms
[2020-08-08T11:19:43.434+0300][353.097s][debug][gc] GC(2281) Shrinking ParOldGen from 185344K by 18944K to 166400K
[2020-08-08T11:19:43.434+0300][353.097s][info ][gc] GC(2281) Pause Full (Ergonomics) 175M->41M(276M) 71.121ms
[2020-08-08T11:19:43.619+0300][353.282s][info ][gc] GC(2282) Pause Young (Allocation Failure) 98M->98M(276M) 167.761ms
[2020-08-08T11:19:43.887+0300][353.550s][info ][gc] GC(2283) Pause Young (Allocation Failure) 156M->156M(276M) 254.345ms
[2020-08-08T11:19:43.902+0300][353.565s][debug][gc] GC(2284) Shrinking ParOldGen from 166400K by 18944K to 147456K
[2020-08-08T11:19:43.902+0300][353.565s][info ][gc] GC(2284) Pause Full (Ergonomics) 156M->22M(258M) 15.168ms
[2020-08-08T11:19:44.103+0300][353.766s][info ][gc] GC(2285) Pause Young (Allocation Failure) 80M->80M(258M) 188.234ms
[2020-08-08T11:19:44.473+0300][354.135s][info ][gc] GC(2286) Pause Young (Allocation Failure) 136M->136M(258M) 360.395ms
[2020-08-08T11:19:44.480+0300][354.142s][debug][gc] GC(2287) Shrinking ParOldGen from 147456K by 20992K to 126464K
[2020-08-08T11:19:44.480+0300][354.143s][info ][gc] GC(2287) Pause Full (Ergonomics) 136M->2M(237M) 6.958ms
[2020-08-08T11:19:44.538+0300][354.201s][info ][gc] GC(2288) Pause Young (Allocation Failure) 60M->59M(237M) 44.245ms
[2020-08-08T11:19:44.661+0300][354.323s][info ][gc] GC(2289) Pause Young (Allocation Failure) 117M->117M(237M) 103.155ms
[2020-08-08T11:19:44.964+0300][354.627s][debug][gc] GC(2290) Expanding ParOldGen from 126464K by 117760K to 244224K
[2020-08-08T11:19:44.964+0300][354.627s][info ][gc] GC(2290) Pause Full (Ergonomics) 117M->117M(352M) 303.156ms
[2020-08-08T11:19:45.016+0300][354.679s][info ][gc] GC(2291) Pause Young (Allocation Failure) 174M->174M(352M) 43.940ms
[2020-08-08T11:19:45.131+0300][354.794s][info ][gc] GC(2292) Pause Young (Allocation Failure) 232M->232M(352M) 104.365ms
[2020-08-08T11:19:45.368+0300][355.031s][debug][gc] GC(2293) Shrinking ParOldGen from 244224K by 19456K to 224768K
[2020-08-08T11:19:45.368+0300][355.031s][info ][gc] GC(2293) Pause Full (Ergonomics) 232M->98M(333M) 237.365ms
[2020-08-08T11:19:45.503+0300][355.166s][info ][gc] GC(2294) Pause Young (Allocation Failure) 156M->156M(333M) 126.126ms
[2020-08-08T11:19:45.595+0300][355.258s][info ][gc] GC(2295) Pause Young (Allocation Failure) 213M->213M(333M) 78.828ms
[2020-08-08T11:19:45.781+0300][355.444s][debug][gc] GC(2296) Shrinking ParOldGen from 224768K by 18944K to 205824K
[2020-08-08T11:19:45.781+0300][355.444s][info ][gc] GC(2296) Pause Full (Ergonomics) 213M->79M(315M) 185.739ms
[2020-08-08T11:19:45.981+0300][355.644s][info ][gc] GC(2297) Pause Young (Allocation Failure) 137M->136M(315M) 190.593ms
[2020-08-08T11:19:46.101+0300][355.764s][info ][gc] GC(2298) Pause Young (Allocation Failure) 193M->193M(315M) 108.403ms
[2020-08-08T11:19:46.229+0300][355.892s][debug][gc] GC(2299) Shrinking ParOldGen from 205824K by 20480K to 185344K
[2020-08-08T11:19:46.229+0300][355.892s][info ][gc] GC(2299) Pause Full (Ergonomics) 193M->59M(295M) 128.198ms
[2020-08-08T11:19:46.397+0300][356.060s][info ][gc] GC(2300) Pause Young (Allocation Failure) 117M->117M(295M) 155.341ms
[2020-08-08T11:19:46.582+0300][356.245s][info ][gc] GC(2301) Pause Young (Allocation Failure) 175M->175M(295M) 176.645ms
[2020-08-08T11:19:46.657+0300][356.320s][debug][gc] GC(2302) Shrinking ParOldGen from 185344K by 18944K to 166400K
[2020-08-08T11:19:46.658+0300][356.320s][info ][gc] GC(2302) Pause Full (Ergonomics) 175M->41M(276M) 75.760ms
[2020-08-08T11:19:46.839+0300][356.502s][info ][gc] GC(2303) Pause Young (Allocation Failure) 98M->98M(276M) 167.095ms
[2020-08-08T11:19:47.143+0300][356.805s][info ][gc] GC(2304) Pause Young (Allocation Failure) 156M->156M(276M) 294.789ms
[2020-08-08T11:19:47.158+0300][356.821s][debug][gc] GC(2305) Shrinking ParOldGen from 166400K by 18944K to 147456K
[2020-08-08T11:19:47.158+0300][356.821s][info ][gc] GC(2305) Pause Full (Ergonomics) 156M->22M(258M) 15.234ms
[2020-08-08T11:19:47.349+0300][357.012s][info ][gc] GC(2306) Pause Young (Allocation Failure) 80M->80M(258M) 180.972ms
[2020-08-08T11:19:47.727+0300][357.390s][info ][gc] GC(2307) Pause Young (Allocation Failure) 136M->136M(258M) 368.772ms
[2020-08-08T11:19:47.735+0300][357.398s][debug][gc] GC(2308) Shrinking ParOldGen from 147456K by 20992K to 126464K
[2020-08-08T11:19:47.735+0300][357.398s][info ][gc] GC(2308) Pause Full (Ergonomics) 136M->2M(237M) 7.579ms
[2020-08-08T11:19:47.785+0300][357.447s][info ][gc] GC(2309) Pause Young (Allocation Failure) 60M->59M(237M) 36.200ms
[2020-08-08T11:19:47.891+0300][357.554s][info ][gc] GC(2310) Pause Young (Allocation Failure) 117M->117M(237M) 95.289ms
[2020-08-08T11:19:48.210+0300][357.873s][debug][gc] GC(2311) Expanding ParOldGen from 126464K by 117760K to 244224K
[2020-08-08T11:19:48.210+0300][357.873s][info ][gc] GC(2311) Pause Full (Ergonomics) 117M->117M(352M) 318.695ms
[2020-08-08T11:19:48.263+0300][357.926s][info ][gc] GC(2312) Pause Young (Allocation Failure) 174M->174M(352M) 44.850ms
[2020-08-08T11:19:48.365+0300][358.028s][info ][gc] GC(2313) Pause Young (Allocation Failure) 232M->232M(352M) 92.005ms
[2020-08-08T11:19:48.607+0300][358.270s][debug][gc] GC(2314) Shrinking ParOldGen from 244224K by 19456K to 224768K
[2020-08-08T11:19:48.608+0300][358.271s][info ][gc] GC(2314) Pause Full (Ergonomics) 232M->98M(333M) 242.152ms
[2020-08-08T11:19:48.726+0300][358.389s][info ][gc] GC(2315) Pause Young (Allocation Failure) 156M->155M(333M) 107.057ms
[2020-08-08T11:19:48.813+0300][358.476s][info ][gc] GC(2316) Pause Young (Allocation Failure) 213M->213M(333M) 76.757ms
[2020-08-08T11:19:49.000+0300][358.663s][debug][gc] GC(2317) Shrinking ParOldGen from 224768K by 18944K to 205824K
[2020-08-08T11:19:49.000+0300][358.663s][info ][gc] GC(2317) Pause Full (Ergonomics) 213M->79M(315M) 187.114ms
[2020-08-08T11:19:49.197+0300][358.860s][info ][gc] GC(2318) Pause Young (Allocation Failure) 137M->136M(315M) 187.706ms
[2020-08-08T11:19:49.310+0300][358.973s][info ][gc] GC(2319) Pause Young (Allocation Failure) 193M->193M(315M) 104.655ms
[2020-08-08T11:19:49.436+0300][359.099s][debug][gc] GC(2320) Shrinking ParOldGen from 205824K by 20480K to 185344K
[2020-08-08T11:19:49.436+0300][359.099s][info ][gc] GC(2320) Pause Full (Ergonomics) 193M->59M(295M) 125.817ms
[2020-08-08T11:19:49.642+0300][359.305s][info ][gc] GC(2321) Pause Young (Allocation Failure) 117M->117M(295M) 193.628ms
[2020-08-08T11:19:49.806+0300][359.468s][info ][gc] GC(2322) Pause Young (Allocation Failure) 175M->175M(295M) 151.250ms
[2020-08-08T11:19:49.881+0300][359.543s][debug][gc] GC(2323) Shrinking ParOldGen from 185344K by 18944K to 166400K
[2020-08-08T11:19:49.881+0300][359.544s][info ][gc] GC(2323) Pause Full (Ergonomics) 175M->41M(276M) 74.969ms
[2020-08-08T11:19:50.078+0300][359.741s][info ][gc] GC(2324) Pause Young (Allocation Failure) 98M->98M(276M) 186.448ms
[2020-08-08T11:19:50.387+0300][360.050s][info ][gc] GC(2325) Pause Young (Allocation Failure) 156M->156M(276M) 300.884ms
[2020-08-08T11:19:50.402+0300][360.065s][debug][gc] GC(2326) Shrinking ParOldGen from 166400K by 18944K to 147456K
[2020-08-08T11:19:50.402+0300][360.065s][info ][gc] GC(2326) Pause Full (Ergonomics) 156M->22M(258M) 15.543ms
[2020-08-08T11:19:50.603+0300][360.266s][info ][gc] GC(2327) Pause Young (Allocation Failure) 80M->80M(258M) 190.193ms
[2020-08-08T11:19:50.971+0300][360.634s][info ][gc] GC(2328) Pause Young (Allocation Failure) 136M->136M(258M) 356.235ms
[2020-08-08T11:19:50.978+0300][360.641s][debug][gc] GC(2329) Shrinking ParOldGen from 147456K by 20992K to 126464K
[2020-08-08T11:19:50.978+0300][360.641s][info ][gc] GC(2329) Pause Full (Ergonomics) 136M->2M(237M) 6.391ms
[2020-08-08T11:19:51.021+0300][360.684s][info ][gc] GC(2330) Pause Young (Allocation Failure) 60M->60M(237M) 33.499ms
[2020-08-08T11:19:51.123+0300][360.786s][info ][gc] GC(2331) Pause Young (Allocation Failure) 117M->117M(237M) 92.580ms
[2020-08-08T11:19:51.430+0300][361.093s][debug][gc] GC(2332) Expanding ParOldGen from 126464K by 117760K to 244224K
[2020-08-08T11:19:51.430+0300][361.093s][info ][gc] GC(2332) Pause Full (Ergonomics) 117M->117M(352M) 306.459ms
[2020-08-08T11:19:51.478+0300][361.141s][info ][gc] GC(2333) Pause Young (Allocation Failure) 174M->174M(352M) 39.895ms
[2020-08-08T11:19:51.580+0300][361.243s][info ][gc] GC(2334) Pause Young (Allocation Failure) 232M->232M(352M) 90.968ms
[2020-08-08T11:19:51.821+0300][361.484s][debug][gc] GC(2335) Shrinking ParOldGen from 244224K by 18944K to 225280K
[2020-08-08T11:19:51.821+0300][361.484s][info ][gc] GC(2335) Pause Full (Ergonomics) 232M->98M(334M) 240.386ms
[2020-08-08T11:19:51.947+0300][361.610s][info ][gc] GC(2336) Pause Young (Allocation Failure) 156M->156M(334M) 114.931ms
[2020-08-08T11:19:52.035+0300][361.698s][info ][gc] GC(2337) Pause Young (Allocation Failure) 213M->213M(334M) 77.663ms
[2020-08-08T11:19:52.222+0300][361.885s][debug][gc] GC(2338) Shrinking ParOldGen from 225280K by 19456K to 205824K
[2020-08-08T11:19:52.222+0300][361.885s][info ][gc] GC(2338) Pause Full (Ergonomics) 213M->79M(315M) 186.590ms
[2020-08-08T11:19:52.421+0300][362.084s][info ][gc] GC(2339) Pause Young (Allocation Failure) 136M->136M(315M) 188.498ms
[2020-08-08T11:19:52.539+0300][362.202s][info ][gc] GC(2340) Pause Young (Allocation Failure) 193M->193M(315M) 109.976ms
[2020-08-08T11:19:52.666+0300][362.329s][debug][gc] GC(2341) Shrinking ParOldGen from 205824K by 20480K to 185344K
[2020-08-08T11:19:52.666+0300][362.329s][info ][gc] GC(2341) Pause Full (Ergonomics) 193M->59M(295M) 126.962ms
[2020-08-08T11:19:52.848+0300][362.511s][info ][gc] GC(2342) Pause Young (Allocation Failure) 117M->117M(295M) 169.095ms
[2020-08-08T11:19:53.051+0300][362.713s][info ][gc] GC(2343) Pause Young (Allocation Failure) 174M->175M(295M) 194.595ms
[2020-08-08T11:19:53.120+0300][362.783s][debug][gc] GC(2344) Shrinking ParOldGen from 185344K by 18944K to 166400K
[2020-08-08T11:19:53.120+0300][362.783s][info ][gc] GC(2344) Pause Full (Ergonomics) 175M->41M(276M) 69.346ms
[2020-08-08T11:19:53.319+0300][362.982s][info ][gc] GC(2345) Pause Young (Allocation Failure) 98M->98M(276M) 188.296ms
[2020-08-08T11:19:53.627+0300][363.290s][info ][gc] GC(2346) Pause Young (Allocation Failure) 156M->156M(276M) 300.350ms
[2020-08-08T11:19:53.642+0300][363.305s][debug][gc] GC(2347) Shrinking ParOldGen from 166400K by 18944K to 147456K
[2020-08-08T11:19:53.642+0300][363.305s][info ][gc] GC(2347) Pause Full (Ergonomics) 156M->22M(258M) 14.966ms
[2020-08-08T11:19:53.840+0300][363.503s][info ][gc] GC(2348) Pause Young (Allocation Failure) 80M->79M(258M) 184.985ms
[2020-08-08T11:19:54.215+0300][363.878s][info ][gc] GC(2349) Pause Young (Allocation Failure) 137M->136M(258M) 364.633ms
[2020-08-08T11:19:54.221+0300][363.884s][debug][gc] GC(2350) Shrinking ParOldGen from 147456K by 20992K to 126464K
[2020-08-08T11:19:54.221+0300][363.884s][info ][gc] GC(2350) Pause Full (Ergonomics) 136M->2M(237M) 6.362ms
[2020-08-08T11:19:54.265+0300][363.927s][info ][gc] GC(2351) Pause Young (Allocation Failure) 60M->60M(237M) 34.327ms
[2020-08-08T11:19:54.370+0300][364.033s][info ][gc] GC(2352) Pause Young (Allocation Failure) 117M->117M(237M) 95.758ms
[2020-08-08T11:19:54.672+0300][364.335s][debug][gc] GC(2353) Expanding ParOldGen from 126464K by 117760K to 244224K
[2020-08-08T11:19:54.672+0300][364.335s][info ][gc] GC(2353) Pause Full (Ergonomics) 117M->117M(352M) 301.512ms
[2020-08-08T11:19:54.730+0300][364.393s][info ][gc] GC(2354) Pause Young (Allocation Failure) 174M->174M(352M) 45.799ms
[2020-08-08T11:19:54.830+0300][364.493s][info ][gc] GC(2355) Pause Young (Allocation Failure) 232M->232M(352M) 89.629ms
[2020-08-08T11:19:55.071+0300][364.734s][debug][gc] GC(2356) Shrinking ParOldGen from 244224K by 19456K to 224768K
[2020-08-08T11:19:55.071+0300][364.734s][info ][gc] GC(2356) Pause Full (Ergonomics) 232M->98M(333M) 241.452ms
[2020-08-08T11:19:55.196+0300][364.859s][info ][gc] GC(2357) Pause Young (Allocation Failure) 156M->156M(333M) 117.304ms
[2020-08-08T11:19:55.281+0300][364.944s][info ][gc] GC(2358) Pause Young (Allocation Failure) 213M->213M(333M) 76.111ms
[2020-08-08T11:19:55.458+0300][365.121s][debug][gc] GC(2359) Shrinking ParOldGen from 224768K by 18944K to 205824K
[2020-08-08T11:19:55.458+0300][365.121s][info ][gc] GC(2359) Pause Full (Ergonomics) 213M->79M(315M) 176.643ms
[2020-08-08T11:19:55.635+0300][365.298s][info ][gc] GC(2360) Pause Young (Allocation Failure) 136M->136M(315M) 166.089ms
[2020-08-08T11:19:55.760+0300][365.423s][info ][gc] GC(2361) Pause Young (Allocation Failure) 193M->193M(315M) 113.425ms
[2020-08-08T11:19:55.884+0300][365.547s][debug][gc] GC(2362) Shrinking ParOldGen from 205824K by 20480K to 185344K
[2020-08-08T11:19:55.884+0300][365.547s][info ][gc] GC(2362) Pause Full (Ergonomics) 193M->59M(295M) 123.916ms
[2020-08-08T11:19:56.072+0300][365.735s][info ][gc] GC(2363) Pause Young (Allocation Failure) 117M->117M(295M) 176.073ms
[2020-08-08T11:19:56.272+0300][365.935s][info ][gc] GC(2364) Pause Young (Allocation Failure) 174M->175M(295M) 191.231ms
[2020-08-08T11:19:56.342+0300][366.004s][debug][gc] GC(2365) Shrinking ParOldGen from 185344K by 18944K to 166400K
[2020-08-08T11:19:56.342+0300][366.005s][info ][gc] GC(2365) Pause Full (Ergonomics) 175M->41M(276M) 69.890ms
[2020-08-08T11:19:56.540+0300][366.203s][info ][gc] GC(2366) Pause Young (Allocation Failure) 98M->98M(276M) 188.120ms
[2020-08-08T11:19:56.856+0300][366.518s][info ][gc] GC(2367) Pause Young (Allocation Failure) 156M->156M(276M) 305.798ms
[2020-08-08T11:19:56.871+0300][366.534s][debug][gc] GC(2368) Shrinking ParOldGen from 166400K by 19456K to 146944K
[2020-08-08T11:19:56.871+0300][366.534s][info ][gc] GC(2368) Pause Full (Ergonomics) 156M->22M(257M) 15.810ms
[2020-08-08T11:19:57.072+0300][366.735s][info ][gc] GC(2369) Pause Young (Allocation Failure) 80M->79M(257M) 188.053ms
[2020-08-08T11:19:57.454+0300][367.117s][info ][gc] GC(2370) Pause Young (Allocation Failure) 137M->136M(257M) 370.795ms
[2020-08-08T11:19:57.460+0300][367.123s][debug][gc] GC(2371) Shrinking ParOldGen from 146944K by 20480K to 126464K
[2020-08-08T11:19:57.460+0300][367.123s][info ][gc] GC(2371) Pause Full (Ergonomics) 136M->2M(237M) 6.137ms
[2020-08-08T11:19:57.504+0300][367.167s][info ][gc] GC(2372) Pause Young (Allocation Failure) 60M->60M(237M) 34.651ms
[2020-08-08T11:19:57.609+0300][367.272s][info ][gc] GC(2373) Pause Young (Allocation Failure) 117M->117M(237M) 93.840ms
[2020-08-08T11:19:57.917+0300][367.580s][debug][gc] GC(2374) Expanding ParOldGen from 126464K by 117760K to 244224K
[2020-08-08T11:19:57.917+0300][367.580s][info ][gc] GC(2374) Pause Full (Ergonomics) 117M->117M(352M) 308.082ms
[2020-08-08T11:19:57.972+0300][367.635s][info ][gc] GC(2375) Pause Young (Allocation Failure) 174M->174M(352M) 43.294ms
[2020-08-08T11:19:58.073+0300][367.736s][info ][gc] GC(2376) Pause Young (Allocation Failure) 232M->232M(352M) 89.856ms
[2020-08-08T11:19:58.307+0300][367.970s][debug][gc] GC(2377) Shrinking ParOldGen from 244224K by 19456K to 224768K
[2020-08-08T11:19:58.307+0300][367.970s][info ][gc] GC(2377) Pause Full (Ergonomics) 232M->98M(333M) 234.310ms
[2020-08-08T11:19:58.438+0300][368.101s][info ][gc] GC(2378) Pause Young (Allocation Failure) 156M->156M(333M) 122.127ms
[2020-08-08T11:19:58.527+0300][368.189s][info ][gc] GC(2379) Pause Young (Allocation Failure) 213M->213M(333M) 77.814ms
[2020-08-08T11:19:58.712+0300][368.375s][debug][gc] GC(2380) Shrinking ParOldGen from 224768K by 18944K to 205824K
[2020-08-08T11:19:58.712+0300][368.375s][info ][gc] GC(2380) Pause Full (Ergonomics) 213M->79M(315M) 185.447ms
[2020-08-08T11:19:58.910+0300][368.573s][info ][gc] GC(2381) Pause Young (Allocation Failure) 136M->136M(315M) 185.227ms
[2020-08-08T11:19:59.044+0300][368.707s][info ][gc] GC(2382) Pause Young (Allocation Failure) 193M->193M(315M) 124.660ms
[2020-08-08T11:19:59.170+0300][368.833s][debug][gc] GC(2383) Shrinking ParOldGen from 205824K by 20480K to 185344K
[2020-08-08T11:19:59.170+0300][368.833s][info ][gc] GC(2383) Pause Full (Ergonomics) 193M->59M(295M) 126.071ms
[2020-08-08T11:19:59.344+0300][369.007s][info ][gc] GC(2384) Pause Young (Allocation Failure) 117M->117M(295M) 163.606ms
[2020-08-08T11:19:59.536+0300][369.199s][info ][gc] GC(2385) Pause Young (Allocation Failure) 175M->175M(295M) 183.766ms
[2020-08-08T11:19:59.608+0300][369.271s][debug][gc] GC(2386) Shrinking ParOldGen from 185344K by 18944K to 166400K
[2020-08-08T11:19:59.608+0300][369.271s][info ][gc] GC(2386) Pause Full (Ergonomics) 175M->41M(276M) 72.006ms
[2020-08-08T11:19:59.815+0300][369.478s][info ][gc] GC(2387) Pause Young (Allocation Failure) 98M->98M(276M) 196.022ms
[2020-08-08T11:20:00.119+0300][369.782s][info ][gc] GC(2388) Pause Young (Allocation Failure) 156M->156M(276M) 292.832ms
[2020-08-08T11:20:00.134+0300][369.797s][debug][gc] GC(2389) Shrinking ParOldGen from 166400K by 18944K to 147456K
[2020-08-08T11:20:00.135+0300][369.797s][info ][gc] GC(2389) Pause Full (Ergonomics) 156M->22M(258M) 15.600ms
[2020-08-08T11:20:00.325+0300][369.988s][info ][gc] GC(2390) Pause Young (Allocation Failure) 80M->80M(258M) 178.345ms
[2020-08-08T11:20:00.691+0300][370.354s][info ][gc] GC(2391) Pause Young (Allocation Failure) 136M->136M(258M) 356.619ms
[2020-08-08T11:20:00.698+0300][370.361s][debug][gc] GC(2392) Shrinking ParOldGen from 147456K by 20992K to 126464K
[2020-08-08T11:20:00.698+0300][370.361s][info ][gc] GC(2392) Pause Full (Ergonomics) 136M->2M(237M) 6.791ms
[2020-08-08T11:20:00.747+0300][370.410s][info ][gc] GC(2393) Pause Young (Allocation Failure) 60M->59M(237M) 36.279ms
[2020-08-08T11:20:00.854+0300][370.517s][info ][gc] GC(2394) Pause Young (Allocation Failure) 117M->117M(237M) 97.163ms
[2020-08-08T11:20:01.155+0300][370.818s][debug][gc] GC(2395) Expanding ParOldGen from 126464K by 117760K to 244224K
[2020-08-08T11:20:01.155+0300][370.818s][info ][gc] GC(2395) Pause Full (Ergonomics) 117M->117M(352M) 300.464ms
[2020-08-08T11:20:01.205+0300][370.868s][info ][gc] GC(2396) Pause Young (Allocation Failure) 174M->174M(352M) 42.533ms
[2020-08-08T11:20:01.305+0300][370.968s][info ][gc] GC(2397) Pause Young (Allocation Failure) 232M->232M(352M) 90.161ms
[2020-08-08T11:20:01.552+0300][371.215s][debug][gc] GC(2398) Shrinking ParOldGen from 244224K by 19456K to 224768K
[2020-08-08T11:20:01.552+0300][371.215s][info ][gc] GC(2398) Pause Full (Ergonomics) 232M->98M(333M) 246.262ms
[2020-08-08T11:20:01.690+0300][371.353s][info ][gc] GC(2399) Pause Young (Allocation Failure) 156M->156M(333M) 129.237ms
[2020-08-08T11:20:01.782+0300][371.445s][info ][gc] GC(2400) Pause Young (Allocation Failure) 213M->213M(333M) 77.107ms
[2020-08-08T11:20:01.969+0300][371.632s][debug][gc] GC(2401) Shrinking ParOldGen from 224768K by 18944K to 205824K
[2020-08-08T11:20:01.969+0300][371.632s][info ][gc] GC(2401) Pause Full (Ergonomics) 213M->79M(315M) 186.558ms
[2020-08-08T11:20:02.164+0300][371.827s][info ][gc] GC(2402) Pause Young (Allocation Failure) 137M->136M(315M) 184.870ms
[2020-08-08T11:20:02.296+0300][371.959s][info ][gc] GC(2403) Pause Young (Allocation Failure) 193M->193M(315M) 124.150ms
[2020-08-08T11:20:02.429+0300][372.092s][debug][gc] GC(2404) Shrinking ParOldGen from 205824K by 20480K to 185344K
[2020-08-08T11:20:02.429+0300][372.092s][info ][gc] GC(2404) Pause Full (Ergonomics) 193M->59M(295M) 133.365ms
[2020-08-08T11:20:02.610+0300][372.273s][info ][gc] GC(2405) Pause Young (Allocation Failure) 117M->117M(295M) 170.732ms
[2020-08-08T11:20:02.800+0300][372.463s][info ][gc] GC(2406) Pause Young (Allocation Failure) 175M->175M(295M) 182.277ms
[2020-08-08T11:20:02.869+0300][372.532s][debug][gc] GC(2407) Shrinking ParOldGen from 185344K by 18944K to 166400K
[2020-08-08T11:20:02.869+0300][372.532s][info ][gc] GC(2407) Pause Full (Ergonomics) 175M->41M(276M) 69.713ms
[2020-08-08T11:20:03.063+0300][372.726s][info ][gc] GC(2408) Pause Young (Allocation Failure) 98M->98M(276M) 180.858ms
[2020-08-08T11:20:03.360+0300][373.023s][info ][gc] GC(2409) Pause Young (Allocation Failure) 156M->156M(276M) 289.809ms
[2020-08-08T11:20:03.376+0300][373.039s][debug][gc] GC(2410) Shrinking ParOldGen from 166400K by 18944K to 147456K
[2020-08-08T11:20:03.376+0300][373.039s][info ][gc] GC(2410) Pause Full (Ergonomics) 156M->22M(258M) 15.559ms
[2020-08-08T11:20:03.578+0300][373.241s][info ][gc] GC(2411) Pause Young (Allocation Failure) 80M->80M(258M) 192.079ms
[2020-08-08T11:20:03.954+0300][373.617s][info ][gc] GC(2412) Pause Young (Allocation Failure) 136M->136M(258M) 366.891ms
[2020-08-08T11:20:03.960+0300][373.623s][debug][gc] GC(2413) Shrinking ParOldGen from 147456K by 20992K to 126464K
[2020-08-08T11:20:03.960+0300][373.623s][info ][gc] GC(2413) Pause Full (Ergonomics) 136M->2M(237M) 6.200ms
[2020-08-08T11:20:04.007+0300][373.670s][info ][gc] GC(2414) Pause Young (Allocation Failure) 60M->59M(237M) 35.575ms
[2020-08-08T11:20:04.111+0300][373.774s][info ][gc] GC(2415) Pause Young (Allocation Failure) 117M->117M(237M) 92.379ms
[2020-08-08T11:20:04.416+0300][374.079s][debug][gc] GC(2416) Expanding ParOldGen from 126464K by 117760K to 244224K
[2020-08-08T11:20:04.416+0300][374.079s][info ][gc] GC(2416) Pause Full (Ergonomics) 117M->117M(352M) 305.045ms
[2020-08-08T11:20:04.465+0300][374.128s][info ][gc] GC(2417) Pause Young (Allocation Failure) 174M->174M(352M) 40.694ms
[2020-08-08T11:20:04.564+0300][374.227s][info ][gc] GC(2418) Pause Young (Allocation Failure) 232M->232M(352M) 88.863ms
[2020-08-08T11:20:04.808+0300][374.471s][debug][gc] GC(2419) Shrinking ParOldGen from 244224K by 19456K to 224768K
[2020-08-08T11:20:04.808+0300][374.471s][info ][gc] GC(2419) Pause Full (Ergonomics) 232M->98M(333M) 244.463ms
[2020-08-08T11:20:04.944+0300][374.607s][info ][gc] GC(2420) Pause Young (Allocation Failure) 156M->156M(333M) 127.031ms
[2020-08-08T11:20:05.038+0300][374.700s][info ][gc] GC(2421) Pause Young (Allocation Failure) 213M->213M(333M) 79.533ms
[2020-08-08T11:20:05.216+0300][374.879s][debug][gc] GC(2422) Shrinking ParOldGen from 224768K by 18944K to 205824K
[2020-08-08T11:20:05.216+0300][374.879s][info ][gc] GC(2422) Pause Full (Ergonomics) 213M->79M(315M) 178.640ms
[2020-08-08T11:20:05.414+0300][375.077s][info ][gc] GC(2423) Pause Young (Allocation Failure) 137M->136M(315M) 188.119ms
[2020-08-08T11:20:05.547+0300][375.210s][info ][gc] GC(2424) Pause Young (Allocation Failure) 193M->193M(315M) 124.880ms
[2020-08-08T11:20:05.673+0300][375.336s][debug][gc] GC(2425) Shrinking ParOldGen from 205824K by 20480K to 185344K
[2020-08-08T11:20:05.673+0300][375.336s][info ][gc] GC(2425) Pause Full (Ergonomics) 193M->59M(295M) 126.016ms
[2020-08-08T11:20:05.845+0300][375.508s][info ][gc] GC(2426) Pause Young (Allocation Failure) 117M->117M(295M) 162.053ms
[2020-08-08T11:20:06.034+0300][375.697s][info ][gc] GC(2427) Pause Young (Allocation Failure) 175M->175M(295M) 181.584ms
[2020-08-08T11:20:06.105+0300][375.768s][debug][gc] GC(2428) Shrinking ParOldGen from 185344K by 18944K to 166400K
[2020-08-08T11:20:06.105+0300][375.768s][info ][gc] GC(2428) Pause Full (Ergonomics) 175M->41M(276M) 70.310ms
[2020-08-08T11:20:06.305+0300][375.968s][info ][gc] GC(2429) Pause Young (Allocation Failure) 98M->98M(276M) 187.046ms
[2020-08-08T11:20:06.604+0300][376.267s][info ][gc] GC(2430) Pause Young (Allocation Failure) 156M->156M(276M) 289.837ms
[2020-08-08T11:20:06.620+0300][376.283s][debug][gc] GC(2431) Shrinking ParOldGen from 166400K by 18944K to 147456K
[2020-08-08T11:20:06.620+0300][376.283s][info ][gc] GC(2431) Pause Full (Ergonomics) 156M->22M(258M) 16.532ms
[2020-08-08T11:20:06.813+0300][376.476s][info ][gc] GC(2432) Pause Young (Allocation Failure) 80M->80M(258M) 181.140ms
[2020-08-08T11:20:07.180+0300][376.843s][info ][gc] GC(2433) Pause Young (Allocation Failure) 136M->136M(258M) 357.540ms
[2020-08-08T11:20:07.187+0300][376.850s][debug][gc] GC(2434) Shrinking ParOldGen from 147456K by 20992K to 126464K
[2020-08-08T11:20:07.187+0300][376.850s][info ][gc] GC(2434) Pause Full (Ergonomics) 136M->2M(237M) 6.405ms
[2020-08-08T11:20:07.235+0300][376.897s][info ][gc] GC(2435) Pause Young (Allocation Failure) 60M->59M(237M) 35.823ms
[2020-08-08T11:20:07.340+0300][377.003s][info ][gc] GC(2436) Pause Young (Allocation Failure) 117M->117M(237M) 94.909ms
[2020-08-08T11:20:07.621+0300][377.284s][debug][gc] GC(2437) Expanding ParOldGen from 126464K by 117760K to 244224K
[2020-08-08T11:20:07.621+0300][377.284s][info ][gc] GC(2437) Pause Full (Ergonomics) 117M->117M(352M) 280.713ms
[2020-08-08T11:20:07.668+0300][377.331s][info ][gc] GC(2438) Pause Young (Allocation Failure) 174M->174M(352M) 39.821ms
[2020-08-08T11:20:07.767+0300][377.430s][info ][gc] GC(2439) Pause Young (Allocation Failure) 232M->232M(352M) 88.909ms
[2020-08-08T11:20:08.015+0300][377.678s][debug][gc] GC(2440) Shrinking ParOldGen from 244224K by 19456K to 224768K
[2020-08-08T11:20:08.015+0300][377.678s][info ][gc] GC(2440) Pause Full (Ergonomics) 232M->98M(333M) 248.760ms
[2020-08-08T11:20:08.146+0300][377.809s][info ][gc] GC(2441) Pause Young (Allocation Failure) 156M->156M(333M) 122.743ms
[2020-08-08T11:20:08.236+0300][377.899s][info ][gc] GC(2442) Pause Young (Allocation Failure) 213M->213M(333M) 77.018ms
[2020-08-08T11:20:08.420+0300][378.083s][debug][gc] GC(2443) Shrinking ParOldGen from 224768K by 18944K to 205824K
[2020-08-08T11:20:08.421+0300][378.084s][info ][gc] GC(2443) Pause Full (Ergonomics) 213M->79M(315M) 184.868ms
[2020-08-08T11:20:08.615+0300][378.278s][info ][gc] GC(2444) Pause Young (Allocation Failure) 137M->136M(315M) 184.388ms
[2020-08-08T11:20:08.751+0300][378.414s][info ][gc] GC(2445) Pause Young (Allocation Failure) 193M->193M(315M) 127.862ms
[2020-08-08T11:20:08.878+0300][378.541s][debug][gc] GC(2446) Shrinking ParOldGen from 205824K by 20480K to 185344K
[2020-08-08T11:20:08.878+0300][378.541s][info ][gc] GC(2446) Pause Full (Ergonomics) 193M->59M(295M) 126.495ms
[2020-08-08T11:20:09.052+0300][378.715s][info ][gc] GC(2447) Pause Young (Allocation Failure) 117M->117M(295M) 163.441ms
[2020-08-08T11:20:09.248+0300][378.911s][info ][gc] GC(2448) Pause Young (Allocation Failure) 175M->175M(295M) 188.137ms
[2020-08-08T11:20:09.319+0300][378.982s][debug][gc] GC(2449) Shrinking ParOldGen from 185344K by 18944K to 166400K
[2020-08-08T11:20:09.319+0300][378.982s][info ][gc] GC(2449) Pause Full (Ergonomics) 175M->41M(276M) 71.384ms
[2020-08-08T11:20:09.514+0300][379.177s][info ][gc] GC(2450) Pause Young (Allocation Failure) 98M->98M(276M) 180.675ms
[2020-08-08T11:20:09.825+0300][379.487s][info ][gc] GC(2451) Pause Young (Allocation Failure) 156M->156M(276M) 302.830ms
[2020-08-08T11:20:09.843+0300][379.505s][debug][gc] GC(2452) Shrinking ParOldGen from 166400K by 18944K to 147456K
[2020-08-08T11:20:09.843+0300][379.505s][info ][gc] GC(2452) Pause Full (Ergonomics) 156M->22M(258M) 17.994ms
[2020-08-08T11:20:10.043+0300][379.706s][info ][gc] GC(2453) Pause Young (Allocation Failure) 80M->80M(258M) 189.239ms
[2020-08-08T11:20:10.414+0300][380.077s][info ][gc] GC(2454) Pause Young (Allocation Failure) 136M->136M(258M) 360.017ms
[2020-08-08T11:20:10.421+0300][380.084s][debug][gc] GC(2455) Shrinking ParOldGen from 147456K by 20992K to 126464K
[2020-08-08T11:20:10.421+0300][380.084s][info ][gc] GC(2455) Pause Full (Ergonomics) 136M->2M(237M) 6.719ms
[2020-08-08T11:20:10.471+0300][380.134s][info ][gc] GC(2456) Pause Young (Allocation Failure) 60M->59M(237M) 38.238ms
[2020-08-08T11:20:10.577+0300][380.240s][info ][gc] GC(2457) Pause Young (Allocation Failure) 117M->117M(237M) 95.983ms
[2020-08-08T11:20:10.876+0300][380.539s][debug][gc] GC(2458) Expanding ParOldGen from 126464K by 117760K to 244224K
[2020-08-08T11:20:10.876+0300][380.539s][info ][gc] GC(2458) Pause Full (Ergonomics) 117M->117M(352M) 298.428ms
[2020-08-08T11:20:10.923+0300][380.586s][info ][gc] GC(2459) Pause Young (Allocation Failure) 174M->174M(352M) 39.536ms
[2020-08-08T11:20:11.022+0300][380.685s][info ][gc] GC(2460) Pause Young (Allocation Failure) 232M->232M(352M) 88.789ms
[2020-08-08T11:20:11.263+0300][380.926s][debug][gc] GC(2461) Shrinking ParOldGen from 244224K by 19456K to 224768K
[2020-08-08T11:20:11.263+0300][380.926s][info ][gc] GC(2461) Pause Full (Ergonomics) 232M->98M(333M) 241.190ms
[2020-08-08T11:20:11.396+0300][381.059s][info ][gc] GC(2462) Pause Young (Allocation Failure) 156M->156M(333M) 124.638ms
[2020-08-08T11:20:11.491+0300][381.154s][info ][gc] GC(2463) Pause Young (Allocation Failure) 213M->213M(333M) 80.690ms
[2020-08-08T11:20:11.674+0300][381.337s][debug][gc] GC(2464) Shrinking ParOldGen from 224768K by 18944K to 205824K
[2020-08-08T11:20:11.674+0300][381.337s][info ][gc] GC(2464) Pause Full (Ergonomics) 213M->79M(315M) 183.603ms
[2020-08-08T11:20:11.866+0300][381.529s][info ][gc] GC(2465) Pause Young (Allocation Failure) 137M->136M(315M) 181.481ms
[2020-08-08T11:20:11.988+0300][381.651s][info ][gc] GC(2466) Pause Young (Allocation Failure) 193M->193M(315M) 114.359ms
[2020-08-08T11:20:12.114+0300][381.777s][debug][gc] GC(2467) Shrinking ParOldGen from 205824K by 20480K to 185344K
[2020-08-08T11:20:12.114+0300][381.777s][info ][gc] GC(2467) Pause Full (Ergonomics) 193M->59M(295M) 125.350ms
[2020-08-08T11:20:12.284+0300][381.947s][info ][gc] GC(2468) Pause Young (Allocation Failure) 117M->117M(295M) 161.303ms
[2020-08-08T11:20:12.484+0300][382.147s][info ][gc] GC(2469) Pause Young (Allocation Failure) 175M->175M(295M) 192.528ms
[2020-08-08T11:20:12.555+0300][382.218s][debug][gc] GC(2470) Shrinking ParOldGen from 185344K by 18944K to 166400K
[2020-08-08T11:20:12.556+0300][382.218s][info ][gc] GC(2470) Pause Full (Ergonomics) 175M->41M(276M) 71.170ms
[2020-08-08T11:20:12.755+0300][382.418s][info ][gc] GC(2471) Pause Young (Allocation Failure) 98M->98M(276M) 184.586ms
[2020-08-08T11:20:13.064+0300][382.727s][info ][gc] GC(2472) Pause Young (Allocation Failure) 156M->156M(276M) 299.216ms
[2020-08-08T11:20:13.079+0300][382.741s][debug][gc] GC(2473) Shrinking ParOldGen from 166400K by 18944K to 147456K
[2020-08-08T11:20:13.079+0300][382.742s][info ][gc] GC(2473) Pause Full (Ergonomics) 156M->22M(258M) 14.644ms
[2020-08-08T11:20:13.271+0300][382.934s][info ][gc] GC(2474) Pause Young (Allocation Failure) 80M->80M(258M) 182.366ms
[2020-08-08T11:20:13.638+0300][383.301s][info ][gc] GC(2475) Pause Young (Allocation Failure) 136M->136M(258M) 357.698ms
[2020-08-08T11:20:13.644+0300][383.307s][debug][gc] GC(2476) Shrinking ParOldGen from 147456K by 20992K to 126464K
[2020-08-08T11:20:13.644+0300][383.307s][info ][gc] GC(2476) Pause Full (Ergonomics) 136M->2M(237M) 6.200ms
[2020-08-08T11:20:13.697+0300][383.360s][info ][gc] GC(2477) Pause Young (Allocation Failure) 60M->59M(237M) 39.558ms
[2020-08-08T11:20:13.802+0300][383.465s][info ][gc] GC(2478) Pause Young (Allocation Failure) 117M->117M(237M) 95.284ms
[2020-08-08T11:20:14.109+0300][383.772s][debug][gc] GC(2479) Expanding ParOldGen from 126464K by 117760K to 244224K
[2020-08-08T11:20:14.109+0300][383.772s][info ][gc] GC(2479) Pause Full (Ergonomics) 117M->117M(352M) 306.608ms
[2020-08-08T11:20:14.159+0300][383.822s][info ][gc] GC(2480) Pause Young (Allocation Failure) 174M->174M(352M) 41.910ms
[2020-08-08T11:20:14.259+0300][383.922s][info ][gc] GC(2481) Pause Young (Allocation Failure) 232M->232M(352M) 90.184ms
[2020-08-08T11:20:14.500+0300][384.163s][debug][gc] GC(2482) Shrinking ParOldGen from 244224K by 19456K to 224768K
[2020-08-08T11:20:14.500+0300][384.163s][info ][gc] GC(2482) Pause Full (Ergonomics) 232M->98M(333M) 240.636ms
[2020-08-08T11:20:14.630+0300][384.293s][info ][gc] GC(2483) Pause Young (Allocation Failure) 156M->156M(333M) 122.286ms
[2020-08-08T11:20:14.727+0300][384.390s][info ][gc] GC(2484) Pause Young (Allocation Failure) 213M->213M(333M) 82.210ms
[2020-08-08T11:20:14.910+0300][384.573s][debug][gc] GC(2485) Shrinking ParOldGen from 224768K by 18944K to 205824K
[2020-08-08T11:20:14.910+0300][384.573s][info ][gc] GC(2485) Pause Full (Ergonomics) 213M->79M(315M) 183.163ms
[2020-08-08T11:20:15.106+0300][384.769s][info ][gc] GC(2486) Pause Young (Allocation Failure) 137M->136M(315M) 185.545ms
[2020-08-08T11:20:15.230+0300][384.893s][info ][gc] GC(2487) Pause Young (Allocation Failure) 193M->193M(315M) 115.503ms
[2020-08-08T11:20:15.355+0300][385.018s][debug][gc] GC(2488) Shrinking ParOldGen from 205824K by 20480K to 185344K
[2020-08-08T11:20:15.355+0300][385.018s][info ][gc] GC(2488) Pause Full (Ergonomics) 193M->59M(295M) 124.924ms
[2020-08-08T11:20:15.540+0300][385.202s][info ][gc] GC(2489) Pause Young (Allocation Failure) 117M->117M(295M) 173.264ms
[2020-08-08T11:20:15.724+0300][385.387s][info ][gc] GC(2490) Pause Young (Allocation Failure) 175M->175M(295M) 176.415ms
[2020-08-08T11:20:15.796+0300][385.459s][debug][gc] GC(2491) Shrinking ParOldGen from 185344K by 18944K to 166400K
[2020-08-08T11:20:15.796+0300][385.459s][info ][gc] GC(2491) Pause Full (Ergonomics) 175M->41M(276M) 72.166ms
[2020-08-08T11:20:15.992+0300][385.655s][info ][gc] GC(2492) Pause Young (Allocation Failure) 98M->98M(276M) 183.320ms
[2020-08-08T11:20:16.290+0300][385.953s][info ][gc] GC(2493) Pause Young (Allocation Failure) 156M->156M(276M) 290.418ms
[2020-08-08T11:20:16.306+0300][385.969s][debug][gc] GC(2494) Shrinking ParOldGen from 166400K by 18944K to 147456K
[2020-08-08T11:20:16.306+0300][385.969s][info ][gc] GC(2494) Pause Full (Ergonomics) 156M->22M(258M) 16.071ms
[2020-08-08T11:20:16.510+0300][386.173s][info ][gc] GC(2495) Pause Young (Allocation Failure) 80M->80M(258M) 192.689ms
[2020-08-08T11:20:16.876+0300][386.539s][info ][gc] GC(2496) Pause Young (Allocation Failure) 136M->136M(258M) 355.645ms
[2020-08-08T11:20:16.883+0300][386.546s][debug][gc] GC(2497) Shrinking ParOldGen from 147456K by 20992K to 126464K
[2020-08-08T11:20:16.883+0300][386.546s][info ][gc] GC(2497) Pause Full (Ergonomics) 136M->2M(237M) 6.690ms
[2020-08-08T11:20:16.934+0300][386.597s][info ][gc] GC(2498) Pause Young (Allocation Failure) 60M->59M(237M) 38.427ms
[2020-08-08T11:20:17.040+0300][386.702s][info ][gc] GC(2499) Pause Young (Allocation Failure) 117M->117M(237M) 95.380ms
[2020-08-08T11:20:17.331+0300][386.993s][debug][gc] GC(2500) Expanding ParOldGen from 126464K by 117760K to 244224K
[2020-08-08T11:20:17.331+0300][386.994s][info ][gc] GC(2500) Pause Full (Ergonomics) 117M->117M(352M) 290.945ms
[2020-08-08T11:20:17.382+0300][387.045s][info ][gc] GC(2501) Pause Young (Allocation Failure) 174M->174M(352M) 43.428ms
[2020-08-08T11:20:17.482+0300][387.144s][info ][gc] GC(2502) Pause Young (Allocation Failure) 232M->232M(352M) 89.532ms
[2020-08-08T11:20:17.728+0300][387.391s][debug][gc] GC(2503) Shrinking ParOldGen from 244224K by 19456K to 224768K
[2020-08-08T11:20:17.728+0300][387.391s][info ][gc] GC(2503) Pause Full (Ergonomics) 232M->98M(333M) 246.224ms
[2020-08-08T11:20:17.855+0300][387.518s][info ][gc] GC(2504) Pause Young (Allocation Failure) 156M->156M(333M) 118.723ms
[2020-08-08T11:20:17.952+0300][387.615s][info ][gc] GC(2505) Pause Young (Allocation Failure) 213M->213M(333M) 83.679ms
[2020-08-08T11:20:18.135+0300][387.798s][debug][gc] GC(2506) Shrinking ParOldGen from 224768K by 18944K to 205824K
[2020-08-08T11:20:18.135+0300][387.798s][info ][gc] GC(2506) Pause Full (Ergonomics) 213M->79M(315M) 182.990ms
[2020-08-08T11:20:18.336+0300][387.999s][info ][gc] GC(2507) Pause Young (Allocation Failure) 137M->136M(315M) 190.095ms
[2020-08-08T11:20:18.455+0300][388.118s][info ][gc] GC(2508) Pause Young (Allocation Failure) 193M->193M(315M) 110.691ms
[2020-08-08T11:20:18.587+0300][388.250s][debug][gc] GC(2509) Shrinking ParOldGen from 205824K by 20480K to 185344K
[2020-08-08T11:20:18.587+0300][388.250s][info ][gc] GC(2509) Pause Full (Ergonomics) 193M->59M(295M) 132.126ms
[2020-08-08T11:20:18.758+0300][388.421s][info ][gc] GC(2510) Pause Young (Allocation Failure) 117M->117M(295M) 159.581ms
[2020-08-08T11:20:18.939+0300][388.602s][info ][gc] GC(2511) Pause Young (Allocation Failure) 175M->175M(295M) 172.440ms
[2020-08-08T11:20:19.009+0300][388.672s][debug][gc] GC(2512) Shrinking ParOldGen from 185344K by 18944K to 166400K
[2020-08-08T11:20:19.009+0300][388.672s][info ][gc] GC(2512) Pause Full (Ergonomics) 175M->41M(276M) 70.339ms
[2020-08-08T11:20:19.207+0300][388.870s][info ][gc] GC(2513) Pause Young (Allocation Failure) 98M->98M(276M) 184.294ms
[2020-08-08T11:20:19.508+0300][389.171s][info ][gc] GC(2514) Pause Young (Allocation Failure) 156M->156M(276M) 292.906ms
[2020-08-08T11:20:19.523+0300][389.186s][debug][gc] GC(2515) Shrinking ParOldGen from 166400K by 18944K to 147456K
[2020-08-08T11:20:19.523+0300][389.186s][info ][gc] GC(2515) Pause Full (Ergonomics) 156M->22M(258M) 15.118ms
[2020-08-08T11:20:19.722+0300][389.385s][info ][gc] GC(2516) Pause Young (Allocation Failure) 80M->80M(258M) 188.466ms
[2020-08-08T11:20:20.097+0300][389.760s][info ][gc] GC(2517) Pause Young (Allocation Failure) 136M->136M(258M) 361.527ms
[2020-08-08T11:20:20.103+0300][389.766s][debug][gc] GC(2518) Shrinking ParOldGen from 147456K by 20992K to 126464K
[2020-08-08T11:20:20.103+0300][389.766s][info ][gc] GC(2518) Pause Full (Ergonomics) 136M->2M(237M) 6.049ms
[2020-08-08T11:20:20.150+0300][389.813s][info ][gc] GC(2519) Pause Young (Allocation Failure) 60M->59M(237M) 34.986ms
[2020-08-08T11:20:20.257+0300][389.920s][info ][gc] GC(2520) Pause Young (Allocation Failure) 117M->117M(237M) 95.780ms
[2020-08-08T11:20:20.563+0300][390.225s][debug][gc] GC(2521) Expanding ParOldGen from 126464K by 117760K to 244224K
[2020-08-08T11:20:20.563+0300][390.225s][info ][gc] GC(2521) Pause Full (Ergonomics) 117M->117M(352M) 305.452ms
[2020-08-08T11:20:20.614+0300][390.277s][info ][gc] GC(2522) Pause Young (Allocation Failure) 174M->174M(352M) 43.783ms
[2020-08-08T11:20:20.714+0300][390.377s][info ][gc] GC(2523) Pause Young (Allocation Failure) 232M->232M(352M) 89.851ms
[2020-08-08T11:20:20.959+0300][390.622s][debug][gc] GC(2524) Shrinking ParOldGen from 244224K by 19456K to 224768K
[2020-08-08T11:20:20.959+0300][390.622s][info ][gc] GC(2524) Pause Full (Ergonomics) 232M->98M(333M) 244.898ms
[2020-08-08T11:20:21.092+0300][390.755s][info ][gc] GC(2525) Pause Young (Allocation Failure) 156M->156M(333M) 124.273ms
[2020-08-08T11:20:21.192+0300][390.855s][info ][gc] GC(2526) Pause Young (Allocation Failure) 213M->213M(333M) 85.671ms
[2020-08-08T11:20:21.371+0300][391.034s][debug][gc] GC(2527) Shrinking ParOldGen from 224768K by 18944K to 205824K
[2020-08-08T11:20:21.371+0300][391.034s][info ][gc] GC(2527) Pause Full (Ergonomics) 213M->79M(315M) 179.050ms
[2020-08-08T11:20:21.570+0300][391.233s][info ][gc] GC(2528) Pause Young (Allocation Failure) 137M->136M(315M) 188.986ms
[2020-08-08T11:20:21.709+0300][391.371s][info ][gc] GC(2529) Pause Young (Allocation Failure) 193M->193M(315M) 130.343ms
[2020-08-08T11:20:21.835+0300][391.498s][debug][gc] GC(2530) Shrinking ParOldGen from 205824K by 20480K to 185344K
[2020-08-08T11:20:21.835+0300][391.498s][info ][gc] GC(2530) Pause Full (Ergonomics) 193M->59M(295M) 126.572ms
[2020-08-08T11:20:22.021+0300][391.684s][info ][gc] GC(2531) Pause Young (Allocation Failure) 117M->117M(295M) 174.770ms
[2020-08-08T11:20:22.198+0300][391.861s][info ][gc] GC(2532) Pause Young (Allocation Failure) 175M->175M(295M) 169.933ms
[2020-08-08T11:20:22.270+0300][391.932s][debug][gc] GC(2533) Shrinking ParOldGen from 185344K by 18944K to 166400K
[2020-08-08T11:20:22.270+0300][391.933s][info ][gc] GC(2533) Pause Full (Ergonomics) 175M->41M(276M) 71.337ms
[2020-08-08T11:20:22.456+0300][392.119s][info ][gc] GC(2534) Pause Young (Allocation Failure) 98M->98M(276M) 170.716ms
[2020-08-08T11:20:22.764+0300][392.427s][info ][gc] GC(2535) Pause Young (Allocation Failure) 156M->156M(276M) 300.547ms
[2020-08-08T11:20:22.783+0300][392.446s][debug][gc] GC(2536) Shrinking ParOldGen from 166400K by 18944K to 147456K
[2020-08-08T11:20:22.783+0300][392.446s][info ][gc] GC(2536) Pause Full (Ergonomics) 156M->22M(258M) 18.484ms
[2020-08-08T11:20:22.973+0300][392.636s][info ][gc] GC(2537) Pause Young (Allocation Failure) 80M->80M(258M) 178.970ms
[2020-08-08T11:20:23.330+0300][392.993s][info ][gc] GC(2538) Pause Young (Allocation Failure) 136M->136M(258M) 348.213ms
[2020-08-08T11:20:23.337+0300][393.000s][debug][gc] GC(2539) Shrinking ParOldGen from 147456K by 20992K to 126464K
[2020-08-08T11:20:23.337+0300][393.000s][info ][gc] GC(2539) Pause Full (Ergonomics) 136M->2M(237M) 6.218ms
[2020-08-08T11:20:23.385+0300][393.048s][info ][gc] GC(2540) Pause Young (Allocation Failure) 60M->59M(237M) 35.562ms
[2020-08-08T11:20:23.490+0300][393.153s][info ][gc] GC(2541) Pause Young (Allocation Failure) 117M->117M(237M) 93.120ms
[2020-08-08T11:20:23.779+0300][393.442s][debug][gc] GC(2542) Expanding ParOldGen from 126464K by 117760K to 244224K
[2020-08-08T11:20:23.779+0300][393.442s][info ][gc] GC(2542) Pause Full (Ergonomics) 117M->117M(352M) 289.046ms
[2020-08-08T11:20:23.829+0300][393.492s][info ][gc] GC(2543) Pause Young (Allocation Failure) 174M->174M(352M) 43.005ms
[2020-08-08T11:20:23.927+0300][393.590s][info ][gc] GC(2544) Pause Young (Allocation Failure) 232M->232M(352M) 88.256ms
[2020-08-08T11:20:24.171+0300][393.834s][debug][gc] GC(2545) Shrinking ParOldGen from 244224K by 19456K to 224768K
[2020-08-08T11:20:24.171+0300][393.834s][info ][gc] GC(2545) Pause Full (Ergonomics) 232M->98M(333M) 244.079ms
[2020-08-08T11:20:24.302+0300][393.965s][info ][gc] GC(2546) Pause Young (Allocation Failure) 156M->156M(333M) 123.746ms
[2020-08-08T11:20:24.394+0300][394.057s][info ][gc] GC(2547) Pause Young (Allocation Failure) 213M->213M(333M) 77.790ms
[2020-08-08T11:20:24.568+0300][394.231s][debug][gc] GC(2548) Shrinking ParOldGen from 224768K by 18944K to 205824K
[2020-08-08T11:20:24.568+0300][394.231s][info ][gc] GC(2548) Pause Full (Ergonomics) 213M->79M(315M) 174.328ms
[2020-08-08T11:20:24.758+0300][394.421s][info ][gc] GC(2549) Pause Young (Allocation Failure) 137M->136M(315M) 181.423ms
[2020-08-08T11:20:24.876+0300][394.539s][info ][gc] GC(2550) Pause Young (Allocation Failure) 193M->193M(315M) 108.807ms
[2020-08-08T11:20:24.998+0300][394.661s][debug][gc] GC(2551) Shrinking ParOldGen from 205824K by 20480K to 185344K
[2020-08-08T11:20:24.998+0300][394.661s][info ][gc] GC(2551) Pause Full (Ergonomics) 193M->59M(295M) 122.514ms
[2020-08-08T11:20:25.167+0300][394.830s][info ][gc] GC(2552) Pause Young (Allocation Failure) 117M->117M(295M) 159.183ms
[2020-08-08T11:20:25.351+0300][395.014s][info ][gc] GC(2553) Pause Young (Allocation Failure) 175M->175M(295M) 176.295ms
[2020-08-08T11:20:25.423+0300][395.086s][debug][gc] GC(2554) Shrinking ParOldGen from 185344K by 18944K to 166400K
[2020-08-08T11:20:25.423+0300][395.086s][info ][gc] GC(2554) Pause Full (Ergonomics) 175M->41M(276M) 71.583ms
[2020-08-08T11:20:25.633+0300][395.296s][info ][gc] GC(2555) Pause Young (Allocation Failure) 98M->98M(276M) 196.224ms
[2020-08-08T11:20:25.935+0300][395.597s][info ][gc] GC(2556) Pause Young (Allocation Failure) 156M->156M(276M) 293.355ms
[2020-08-08T11:20:25.950+0300][395.613s][debug][gc] GC(2557) Shrinking ParOldGen from 166400K by 18944K to 147456K
[2020-08-08T11:20:25.950+0300][395.613s][info ][gc] GC(2557) Pause Full (Ergonomics) 156M->22M(258M) 15.290ms
[2020-08-08T11:20:26.147+0300][395.810s][info ][gc] GC(2558) Pause Young (Allocation Failure) 80M->80M(258M) 187.264ms
[2020-08-08T11:20:26.521+0300][396.184s][info ][gc] GC(2559) Pause Young (Allocation Failure) 136M->136M(258M) 364.186ms
[2020-08-08T11:20:26.527+0300][396.190s][debug][gc] GC(2560) Shrinking ParOldGen from 147456K by 20992K to 126464K
[2020-08-08T11:20:26.528+0300][396.190s][info ][gc] GC(2560) Pause Full (Ergonomics) 136M->2M(237M) 6.262ms
[2020-08-08T11:20:26.578+0300][396.240s][info ][gc] GC(2561) Pause Young (Allocation Failure) 60M->59M(237M) 37.705ms
[2020-08-08T11:20:26.683+0300][396.346s][info ][gc] GC(2562) Pause Young (Allocation Failure) 117M->117M(237M) 95.817ms
[2020-08-08T11:20:26.986+0300][396.649s][debug][gc] GC(2563) Expanding ParOldGen from 126464K by 117760K to 244224K
[2020-08-08T11:20:26.986+0300][396.649s][info ][gc] GC(2563) Pause Full (Ergonomics) 117M->117M(352M) 302.952ms
[2020-08-08T11:20:27.040+0300][396.702s][info ][gc] GC(2564) Pause Young (Allocation Failure) 174M->174M(352M) 45.372ms
[2020-08-08T11:20:27.139+0300][396.802s][info ][gc] GC(2565) Pause Young (Allocation Failure) 232M->232M(352M) 89.728ms
[2020-08-08T11:20:27.383+0300][397.046s][debug][gc] GC(2566) Shrinking ParOldGen from 244224K by 19456K to 224768K
[2020-08-08T11:20:27.383+0300][397.046s][info ][gc] GC(2566) Pause Full (Ergonomics) 232M->98M(333M) 243.928ms
[2020-08-08T11:20:27.512+0300][397.175s][info ][gc] GC(2567) Pause Young (Allocation Failure) 156M->156M(333M) 120.141ms
[2020-08-08T11:20:27.603+0300][397.266s][info ][gc] GC(2568) Pause Young (Allocation Failure) 213M->213M(333M) 78.590ms
[2020-08-08T11:20:27.785+0300][397.448s][debug][gc] GC(2569) Shrinking ParOldGen from 224768K by 18944K to 205824K
[2020-08-08T11:20:27.785+0300][397.448s][info ][gc] GC(2569) Pause Full (Ergonomics) 213M->79M(315M) 182.356ms
[2020-08-08T11:20:27.979+0300][397.642s][info ][gc] GC(2570) Pause Young (Allocation Failure) 137M->136M(315M) 183.923ms
[2020-08-08T11:20:28.114+0300][397.777s][info ][gc] GC(2571) Pause Young (Allocation Failure) 193M->193M(315M) 127.072ms
[2020-08-08T11:20:28.238+0300][397.901s][debug][gc] GC(2572) Shrinking ParOldGen from 205824K by 20480K to 185344K
[2020-08-08T11:20:28.238+0300][397.901s][info ][gc] GC(2572) Pause Full (Ergonomics) 193M->59M(295M) 123.770ms
[2020-08-08T11:20:28.417+0300][398.080s][info ][gc] GC(2573) Pause Young (Allocation Failure) 117M->117M(295M) 168.812ms
[2020-08-08T11:20:28.606+0300][398.268s][info ][gc] GC(2574) Pause Young (Allocation Failure) 175M->175M(295M) 180.012ms
[2020-08-08T11:20:28.677+0300][398.340s][debug][gc] GC(2575) Shrinking ParOldGen from 185344K by 18944K to 166400K
[2020-08-08T11:20:28.677+0300][398.340s][info ][gc] GC(2575) Pause Full (Ergonomics) 175M->41M(276M) 71.391ms
[2020-08-08T11:20:28.873+0300][398.536s][info ][gc] GC(2576) Pause Young (Allocation Failure) 98M->98M(276M) 183.000ms
[2020-08-08T11:20:29.187+0300][398.850s][info ][gc] GC(2577) Pause Young (Allocation Failure) 156M->156M(276M) 306.092ms
[2020-08-08T11:20:29.202+0300][398.865s][debug][gc] GC(2578) Shrinking ParOldGen from 166400K by 18944K to 147456K
[2020-08-08T11:20:29.202+0300][398.865s][info ][gc] GC(2578) Pause Full (Ergonomics) 156M->22M(258M) 15.539ms
[2020-08-08T11:20:29.398+0300][399.061s][info ][gc] GC(2579) Pause Young (Allocation Failure) 80M->80M(258M) 185.844ms
[2020-08-08T11:20:29.772+0300][399.435s][info ][gc] GC(2580) Pause Young (Allocation Failure) 136M->136M(258M) 365.572ms
[2020-08-08T11:20:29.779+0300][399.441s][debug][gc] GC(2581) Shrinking ParOldGen from 147456K by 20992K to 126464K
[2020-08-08T11:20:29.779+0300][399.442s][info ][gc] GC(2581) Pause Full (Ergonomics) 136M->2M(237M) 6.252ms
[2020-08-08T11:20:29.826+0300][399.489s][info ][gc] GC(2582) Pause Young (Allocation Failure) 60M->59M(237M) 35.663ms
[2020-08-08T11:20:29.929+0300][399.592s][info ][gc] GC(2583) Pause Young (Allocation Failure) 117M->117M(237M) 92.918ms
[2020-08-08T11:20:30.236+0300][399.899s][debug][gc] GC(2584) Expanding ParOldGen from 126464K by 117248K to 243712K
[2020-08-08T11:20:30.236+0300][399.899s][info ][gc] GC(2584) Pause Full (Ergonomics) 117M->117M(352M) 306.450ms
[2020-08-08T11:20:30.288+0300][399.951s][info ][gc] GC(2585) Pause Young (Allocation Failure) 174M->174M(352M) 45.488ms
[2020-08-08T11:20:30.387+0300][400.050s][info ][gc] GC(2586) Pause Young (Allocation Failure) 232M->232M(352M) 88.473ms
[2020-08-08T11:20:30.634+0300][400.297s][debug][gc] GC(2587) Shrinking ParOldGen from 243712K by 18944K to 224768K
[2020-08-08T11:20:30.634+0300][400.297s][info ][gc] GC(2587) Pause Full (Ergonomics) 232M->98M(333M) 247.600ms
[2020-08-08T11:20:30.766+0300][400.429s][info ][gc] GC(2588) Pause Young (Allocation Failure) 156M->156M(333M) 123.221ms
[2020-08-08T11:20:30.858+0300][400.521s][info ][gc] GC(2589) Pause Young (Allocation Failure) 213M->213M(333M) 77.536ms
[2020-08-08T11:20:31.041+0300][400.704s][debug][gc] GC(2590) Shrinking ParOldGen from 224768K by 18944K to 205824K
[2020-08-08T11:20:31.041+0300][400.704s][info ][gc] GC(2590) Pause Full (Ergonomics) 213M->79M(315M) 182.732ms
[2020-08-08T11:20:31.226+0300][400.889s][info ][gc] GC(2591) Pause Young (Allocation Failure) 137M->136M(315M) 175.733ms
[2020-08-08T11:20:31.337+0300][401.000s][info ][gc] GC(2592) Pause Young (Allocation Failure) 193M->193M(315M) 102.687ms
[2020-08-08T11:20:31.456+0300][401.119s][debug][gc] GC(2593) Shrinking ParOldGen from 205824K by 20480K to 185344K
[2020-08-08T11:20:31.456+0300][401.119s][info ][gc] GC(2593) Pause Full (Ergonomics) 193M->59M(295M) 118.639ms
[2020-08-08T11:20:31.622+0300][401.285s][info ][gc] GC(2594) Pause Young (Allocation Failure) 117M->117M(295M) 156.656ms
[2020-08-08T11:20:31.823+0300][401.486s][info ][gc] GC(2595) Pause Young (Allocation Failure) 175M->175M(295M) 192.991ms
[2020-08-08T11:20:31.893+0300][401.556s][debug][gc] GC(2596) Shrinking ParOldGen from 185344K by 18944K to 166400K
[2020-08-08T11:20:31.894+0300][401.556s][info ][gc] GC(2596) Pause Full (Ergonomics) 175M->41M(276M) 70.364ms
[2020-08-08T11:20:32.093+0300][401.756s][info ][gc] GC(2597) Pause Young (Allocation Failure) 98M->98M(276M) 186.262ms
[2020-08-08T11:20:32.402+0300][402.065s][info ][gc] GC(2598) Pause Young (Allocation Failure) 156M->156M(276M) 301.605ms
[2020-08-08T11:20:32.417+0300][402.080s][debug][gc] GC(2599) Shrinking ParOldGen from 166400K by 18944K to 147456K
[2020-08-08T11:20:32.417+0300][402.080s][info ][gc] GC(2599) Pause Full (Ergonomics) 156M->22M(258M) 15.212ms
[2020-08-08T11:20:32.618+0300][402.281s][info ][gc] GC(2600) Pause Young (Allocation Failure) 80M->80M(258M) 189.756ms
[2020-08-08T11:20:32.994+0300][402.656s][info ][gc] GC(2601) Pause Young (Allocation Failure) 136M->136M(258M) 366.832ms
[2020-08-08T11:20:33.000+0300][402.663s][debug][gc] GC(2602) Shrinking ParOldGen from 147456K by 20992K to 126464K
[2020-08-08T11:20:33.000+0300][402.663s][info ][gc] GC(2602) Pause Full (Ergonomics) 136M->2M(237M) 6.249ms
[2020-08-08T11:20:33.047+0300][402.710s][info ][gc] GC(2603) Pause Young (Allocation Failure) 60M->59M(237M) 36.200ms
[2020-08-08T11:20:33.156+0300][402.818s][info ][gc] GC(2604) Pause Young (Allocation Failure) 117M->117M(237M) 98.819ms
[2020-08-08T11:20:33.453+0300][403.116s][debug][gc] GC(2605) Expanding ParOldGen from 126464K by 117248K to 243712K
[2020-08-08T11:20:33.453+0300][403.116s][info ][gc] GC(2605) Pause Full (Ergonomics) 117M->117M(352M) 297.637ms
[2020-08-08T11:20:33.504+0300][403.166s][info ][gc] GC(2606) Pause Young (Allocation Failure) 174M->174M(352M) 42.965ms
[2020-08-08T11:20:33.602+0300][403.265s][info ][gc] GC(2607) Pause Young (Allocation Failure) 232M->232M(352M) 88.322ms
[2020-08-08T11:20:33.846+0300][403.509s][debug][gc] GC(2608) Shrinking ParOldGen from 243712K by 18944K to 224768K
[2020-08-08T11:20:33.846+0300][403.509s][info ][gc] GC(2608) Pause Full (Ergonomics) 232M->98M(333M) 243.324ms
[2020-08-08T11:20:33.976+0300][403.639s][info ][gc] GC(2609) Pause Young (Allocation Failure) 156M->156M(333M) 122.182ms
[2020-08-08T11:20:34.069+0300][403.732s][info ][gc] GC(2610) Pause Young (Allocation Failure) 213M->213M(333M) 80.301ms
[2020-08-08T11:20:34.252+0300][403.915s][debug][gc] GC(2611) Shrinking ParOldGen from 224768K by 18944K to 205824K
[2020-08-08T11:20:34.252+0300][403.915s][info ][gc] GC(2611) Pause Full (Ergonomics) 213M->79M(315M) 182.300ms
[2020-08-08T11:20:34.440+0300][404.103s][info ][gc] GC(2612) Pause Young (Allocation Failure) 137M->136M(315M) 178.581ms
[2020-08-08T11:20:34.563+0300][404.226s][info ][gc] GC(2613) Pause Young (Allocation Failure) 193M->193M(315M) 114.955ms
[2020-08-08T11:20:34.693+0300][404.356s][debug][gc] GC(2614) Shrinking ParOldGen from 205824K by 20480K to 185344K
[2020-08-08T11:20:34.693+0300][404.356s][info ][gc] GC(2614) Pause Full (Ergonomics) 193M->59M(295M) 129.738ms
[2020-08-08T11:20:34.877+0300][404.540s][info ][gc] GC(2615) Pause Young (Allocation Failure) 117M->117M(295M) 174.835ms
[2020-08-08T11:20:35.073+0300][404.736s][info ][gc] GC(2616) Pause Young (Allocation Failure) 175M->175M(295M) 188.238ms
[2020-08-08T11:20:35.148+0300][404.811s][debug][gc] GC(2617) Shrinking ParOldGen from 185344K by 18944K to 166400K
[2020-08-08T11:20:35.148+0300][404.811s][info ][gc] GC(2617) Pause Full (Ergonomics) 175M->41M(276M) 74.234ms
[2020-08-08T11:20:35.353+0300][405.016s][info ][gc] GC(2618) Pause Young (Allocation Failure) 98M->98M(276M) 192.062ms
[2020-08-08T11:20:35.658+0300][405.320s][info ][gc] GC(2619) Pause Young (Allocation Failure) 156M->156M(276M) 296.620ms
[2020-08-08T11:20:35.675+0300][405.338s][debug][gc] GC(2620) Shrinking ParOldGen from 166400K by 18944K to 147456K
[2020-08-08T11:20:35.675+0300][405.338s][info ][gc] GC(2620) Pause Full (Ergonomics) 156M->22M(258M) 17.127ms
[2020-08-08T11:20:35.875+0300][405.538s][info ][gc] GC(2621) Pause Young (Allocation Failure) 80M->80M(258M) 189.472ms
[2020-08-08T11:20:36.247+0300][405.910s][info ][gc] GC(2622) Pause Young (Allocation Failure) 136M->136M(258M) 362.916ms
[2020-08-08T11:20:36.253+0300][405.916s][debug][gc] GC(2623) Shrinking ParOldGen from 147456K by 20992K to 126464K
[2020-08-08T11:20:36.254+0300][405.916s][info ][gc] GC(2623) Pause Full (Ergonomics) 136M->2M(237M) 6.051ms
[2020-08-08T11:20:36.300+0300][405.963s][info ][gc] GC(2624) Pause Young (Allocation Failure) 60M->59M(237M) 35.276ms
[2020-08-08T11:20:36.405+0300][406.068s][info ][gc] GC(2625) Pause Young (Allocation Failure) 117M->117M(237M) 94.279ms
[2020-08-08T11:20:36.709+0300][406.372s][debug][gc] GC(2626) Expanding ParOldGen from 126464K by 117248K to 243712K
[2020-08-08T11:20:36.709+0300][406.372s][info ][gc] GC(2626) Pause Full (Ergonomics) 117M->117M(352M) 303.872ms
[2020-08-08T11:20:36.763+0300][406.426s][info ][gc] GC(2627) Pause Young (Allocation Failure) 174M->174M(352M) 44.483ms
[2020-08-08T11:20:36.862+0300][406.525s][info ][gc] GC(2628) Pause Young (Allocation Failure) 232M->232M(352M) 89.356ms
[2020-08-08T11:20:37.098+0300][406.761s][debug][gc] GC(2629) Shrinking ParOldGen from 243712K by 18944K to 224768K
[2020-08-08T11:20:37.098+0300][406.761s][info ][gc] GC(2629) Pause Full (Ergonomics) 232M->98M(333M) 236.599ms
[2020-08-08T11:20:37.210+0300][406.873s][info ][gc] GC(2630) Pause Young (Allocation Failure) 155M->155M(333M) 103.259ms
[2020-08-08T11:20:37.297+0300][406.960s][info ][gc] GC(2631) Pause Young (Allocation Failure) 213M->213M(333M) 73.810ms
[2020-08-08T11:20:37.482+0300][407.145s][debug][gc] GC(2632) Shrinking ParOldGen from 224768K by 19456K to 205312K
[2020-08-08T11:20:37.482+0300][407.145s][info ][gc] GC(2632) Pause Full (Ergonomics) 213M->79M(314M) 185.104ms
[2020-08-08T11:20:37.651+0300][407.314s][info ][gc] GC(2633) Pause Young (Allocation Failure) 136M->135M(314M) 159.129ms
[2020-08-08T11:20:37.773+0300][407.436s][info ][gc] GC(2634) Pause Young (Allocation Failure) 193M->193M(314M) 113.294ms
[2020-08-08T11:20:37.897+0300][407.560s][debug][gc] GC(2635) Shrinking ParOldGen from 205312K by 19968K to 185344K
[2020-08-08T11:20:37.897+0300][407.560s][info ][gc] GC(2635) Pause Full (Ergonomics) 193M->59M(295M) 124.582ms
[2020-08-08T11:20:38.072+0300][407.734s][info ][gc] GC(2636) Pause Young (Allocation Failure) 117M->117M(295M) 163.668ms
[2020-08-08T11:20:38.248+0300][407.911s][info ][gc] GC(2637) Pause Young (Allocation Failure) 175M->175M(295M) 169.443ms
[2020-08-08T11:20:38.319+0300][407.981s][debug][gc] GC(2638) Shrinking ParOldGen from 185344K by 18944K to 166400K
[2020-08-08T11:20:38.319+0300][407.982s][info ][gc] GC(2638) Pause Full (Ergonomics) 175M->41M(276M) 70.392ms
[2020-08-08T11:20:38.512+0300][408.175s][info ][gc] GC(2639) Pause Young (Allocation Failure) 98M->98M(276M) 180.823ms
[2020-08-08T11:20:38.818+0300][408.481s][info ][gc] GC(2640) Pause Young (Allocation Failure) 156M->156M(276M) 298.327ms
[2020-08-08T11:20:38.833+0300][408.496s][debug][gc] GC(2641) Shrinking ParOldGen from 166400K by 18944K to 147456K
[2020-08-08T11:20:38.833+0300][408.496s][info ][gc] GC(2641) Pause Full (Ergonomics) 156M->22M(258M) 15.285ms
[2020-08-08T11:20:39.029+0300][408.692s][info ][gc] GC(2642) Pause Young (Allocation Failure) 80M->80M(258M) 185.655ms
[2020-08-08T11:20:39.399+0300][409.062s][info ][gc] GC(2643) Pause Young (Allocation Failure) 136M->136M(258M) 361.596ms
[2020-08-08T11:20:39.405+0300][409.068s][debug][gc] GC(2644) Shrinking ParOldGen from 147456K by 20992K to 126464K
[2020-08-08T11:20:39.405+0300][409.068s][info ][gc] GC(2644) Pause Full (Ergonomics) 136M->2M(237M) 6.082ms
[2020-08-08T11:20:39.455+0300][409.118s][info ][gc] GC(2645) Pause Young (Allocation Failure) 60M->59M(237M) 38.116ms
[2020-08-08T11:20:39.562+0300][409.225s][info ][gc] GC(2646) Pause Young (Allocation Failure) 117M->117M(237M) 94.548ms
[2020-08-08T11:20:39.862+0300][409.525s][debug][gc] GC(2647) Expanding ParOldGen from 126464K by 117248K to 243712K
[2020-08-08T11:20:39.862+0300][409.525s][info ][gc] GC(2647) Pause Full (Ergonomics) 117M->116M(352M) 300.575ms
[2020-08-08T11:20:39.916+0300][409.579s][info ][gc] GC(2648) Pause Young (Allocation Failure) 174M->174M(352M) 45.900ms
[2020-08-08T11:20:40.016+0300][409.679s][info ][gc] GC(2649) Pause Young (Allocation Failure) 231M->232M(352M) 89.848ms
[2020-08-08T11:20:40.258+0300][409.921s][debug][gc] GC(2650) Shrinking ParOldGen from 243712K by 18944K to 224768K
[2020-08-08T11:20:40.258+0300][409.921s][info ][gc] GC(2650) Pause Full (Ergonomics) 232M->98M(333M) 242.444ms
[2020-08-08T11:20:40.394+0300][410.057s][info ][gc] GC(2651) Pause Young (Allocation Failure) 155M->155M(333M) 127.268ms
[2020-08-08T11:20:40.487+0300][410.150s][info ][gc] GC(2652) Pause Young (Allocation Failure) 213M->213M(333M) 79.979ms
[2020-08-08T11:20:40.669+0300][410.332s][debug][gc] GC(2653) Shrinking ParOldGen from 224768K by 19456K to 205312K
[2020-08-08T11:20:40.669+0300][410.332s][info ][gc] GC(2653) Pause Full (Ergonomics) 213M->79M(314M) 182.474ms
[2020-08-08T11:20:40.870+0300][410.533s][info ][gc] GC(2654) Pause Young (Allocation Failure) 136M->135M(314M) 190.416ms
[2020-08-08T11:20:41.002+0300][410.665s][info ][gc] GC(2655) Pause Young (Allocation Failure) 193M->193M(314M) 124.369ms
[2020-08-08T11:20:41.126+0300][410.789s][debug][gc] GC(2656) Shrinking ParOldGen from 205312K by 19968K to 185344K
[2020-08-08T11:20:41.126+0300][410.789s][info ][gc] GC(2656) Pause Full (Ergonomics) 193M->59M(295M) 123.866ms
[2020-08-08T11:20:41.312+0300][410.975s][info ][gc] GC(2657) Pause Young (Allocation Failure) 117M->117M(295M) 175.528ms
[2020-08-08T11:20:41.514+0300][411.177s][info ][gc] GC(2658) Pause Young (Allocation Failure) 174M->175M(295M) 194.304ms
[2020-08-08T11:20:41.586+0300][411.249s][debug][gc] GC(2659) Shrinking ParOldGen from 185344K by 18944K to 166400K
[2020-08-08T11:20:41.586+0300][411.249s][info ][gc] GC(2659) Pause Full (Ergonomics) 175M->41M(276M) 72.034ms
[2020-08-08T11:20:41.784+0300][411.447s][info ][gc] GC(2660) Pause Young (Allocation Failure) 98M->98M(276M) 183.240ms
[2020-08-08T11:20:42.092+0300][411.755s][info ][gc] GC(2661) Pause Young (Allocation Failure) 156M->156M(276M) 300.378ms
[2020-08-08T11:20:42.107+0300][411.770s][debug][gc] GC(2662) Shrinking ParOldGen from 166400K by 18944K to 147456K
[2020-08-08T11:20:42.107+0300][411.770s][info ][gc] GC(2662) Pause Full (Ergonomics) 156M->22M(258M) 15.102ms
[2020-08-08T11:20:42.305+0300][411.968s][info ][gc] GC(2663) Pause Young (Allocation Failure) 80M->80M(258M) 187.477ms
[2020-08-08T11:20:42.673+0300][412.336s][info ][gc] GC(2664) Pause Young (Allocation Failure) 136M->136M(258M) 358.177ms
[2020-08-08T11:20:42.679+0300][412.342s][debug][gc] GC(2665) Shrinking ParOldGen from 147456K by 20992K to 126464K
[2020-08-08T11:20:42.679+0300][412.342s][info ][gc] GC(2665) Pause Full (Ergonomics) 136M->2M(237M) 6.260ms
[2020-08-08T11:20:42.727+0300][412.390s][info ][gc] GC(2666) Pause Young (Allocation Failure) 60M->59M(237M) 35.473ms
[2020-08-08T11:20:42.830+0300][412.492s][info ][gc] GC(2667) Pause Young (Allocation Failure) 117M->117M(237M) 92.227ms
[2020-08-08T11:20:43.126+0300][412.789s][debug][gc] GC(2668) Expanding ParOldGen from 126464K by 117248K to 243712K
[2020-08-08T11:20:43.126+0300][412.789s][info ][gc] GC(2668) Pause Full (Ergonomics) 117M->116M(352M) 296.570ms
[2020-08-08T11:20:43.182+0300][412.845s][info ][gc] GC(2669) Pause Young (Allocation Failure) 174M->174M(352M) 46.899ms
[2020-08-08T11:20:43.282+0300][412.945s][info ][gc] GC(2670) Pause Young (Allocation Failure) 231M->232M(352M) 89.977ms
[2020-08-08T11:20:43.525+0300][413.188s][debug][gc] GC(2671) Shrinking ParOldGen from 243712K by 18944K to 224768K
[2020-08-08T11:20:43.525+0300][413.188s][info ][gc] GC(2671) Pause Full (Ergonomics) 232M->98M(333M) 242.607ms
[2020-08-08T11:20:43.658+0300][413.321s][info ][gc] GC(2672) Pause Young (Allocation Failure) 155M->155M(333M) 124.422ms
[2020-08-08T11:20:43.754+0300][413.417s][info ][gc] GC(2673) Pause Young (Allocation Failure) 213M->213M(333M) 80.223ms
[2020-08-08T11:20:43.939+0300][413.601s][debug][gc] GC(2674) Shrinking ParOldGen from 224768K by 19456K to 205312K
[2020-08-08T11:20:43.939+0300][413.602s][info ][gc] GC(2674) Pause Full (Ergonomics) 213M->79M(314M) 184.188ms
[2020-08-08T11:20:44.139+0300][413.802s][info ][gc] GC(2675) Pause Young (Allocation Failure) 136M->135M(314M) 190.521ms
[2020-08-08T11:20:44.255+0300][413.918s][info ][gc] GC(2676) Pause Young (Allocation Failure) 193M->193M(314M) 107.335ms
[2020-08-08T11:20:44.380+0300][414.043s][debug][gc] GC(2677) Shrinking ParOldGen from 205312K by 19968K to 185344K
[2020-08-08T11:20:44.380+0300][414.043s][info ][gc] GC(2677) Pause Full (Ergonomics) 193M->59M(295M) 124.129ms
[2020-08-08T11:20:44.548+0300][414.211s][info ][gc] GC(2678) Pause Young (Allocation Failure) 117M->117M(295M) 158.943ms
[2020-08-08T11:20:44.747+0300][414.410s][info ][gc] GC(2679) Pause Young (Allocation Failure) 175M->175M(295M) 190.116ms
[2020-08-08T11:20:44.817+0300][414.480s][debug][gc] GC(2680) Shrinking ParOldGen from 185344K by 18944K to 166400K
[2020-08-08T11:20:44.817+0300][414.480s][info ][gc] GC(2680) Pause Full (Ergonomics) 175M->41M(276M) 69.833ms
[2020-08-08T11:20:45.019+0300][414.682s][info ][gc] GC(2681) Pause Young (Allocation Failure) 98M->98M(276M) 188.045ms
[2020-08-08T11:20:45.323+0300][414.986s][info ][gc] GC(2682) Pause Young (Allocation Failure) 156M->156M(276M) 294.455ms
[2020-08-08T11:20:45.338+0300][415.001s][debug][gc] GC(2683) Shrinking ParOldGen from 166400K by 18944K to 147456K
[2020-08-08T11:20:45.338+0300][415.001s][info ][gc] GC(2683) Pause Full (Ergonomics) 156M->22M(258M) 15.004ms
[2020-08-08T11:20:45.538+0300][415.201s][info ][gc] GC(2684) Pause Young (Allocation Failure) 80M->80M(258M) 189.210ms
[2020-08-08T11:20:45.915+0300][415.578s][info ][gc] GC(2685) Pause Young (Allocation Failure) 136M->136M(258M) 366.813ms
[2020-08-08T11:20:45.921+0300][415.584s][debug][gc] GC(2686) Shrinking ParOldGen from 147456K by 20992K to 126464K
[2020-08-08T11:20:45.921+0300][415.584s][info ][gc] GC(2686) Pause Full (Ergonomics) 136M->2M(237M) 6.318ms
[2020-08-08T11:20:45.971+0300][415.634s][info ][gc] GC(2687) Pause Young (Allocation Failure) 60M->59M(237M) 37.178ms
[2020-08-08T11:20:46.073+0300][415.735s][info ][gc] GC(2688) Pause Young (Allocation Failure) 117M->117M(237M) 91.600ms
[2020-08-08T11:20:46.375+0300][416.038s][debug][gc] GC(2689) Expanding ParOldGen from 126464K by 117248K to 243712K
[2020-08-08T11:20:46.375+0300][416.038s][info ][gc] GC(2689) Pause Full (Ergonomics) 117M->116M(352M) 302.371ms
[2020-08-08T11:20:46.432+0300][416.095s][info ][gc] GC(2690) Pause Young (Allocation Failure) 174M->174M(352M) 48.736ms
[2020-08-08T11:20:46.534+0300][416.197s][info ][gc] GC(2691) Pause Young (Allocation Failure) 231M->232M(352M) 92.203ms
[2020-08-08T11:20:46.772+0300][416.435s][debug][gc] GC(2692) Shrinking ParOldGen from 243712K by 18944K to 224768K
[2020-08-08T11:20:46.772+0300][416.435s][info ][gc] GC(2692) Pause Full (Ergonomics) 232M->98M(333M) 237.557ms
[2020-08-08T11:20:46.908+0300][416.571s][info ][gc] GC(2693) Pause Young (Allocation Failure) 155M->155M(333M) 128.674ms
[2020-08-08T11:20:46.998+0300][416.661s][info ][gc] GC(2694) Pause Young (Allocation Failure) 213M->213M(333M) 77.264ms
[2020-08-08T11:20:47.183+0300][416.846s][debug][gc] GC(2695) Shrinking ParOldGen from 224768K by 19456K to 205312K
[2020-08-08T11:20:47.183+0300][416.846s][info ][gc] GC(2695) Pause Full (Ergonomics) 213M->79M(314M) 184.898ms
[2020-08-08T11:20:47.384+0300][417.047s][info ][gc] GC(2696) Pause Young (Allocation Failure) 136M->135M(314M) 189.581ms
[2020-08-08T11:20:47.512+0300][417.175s][info ][gc] GC(2697) Pause Young (Allocation Failure) 193M->193M(314M) 119.986ms
[2020-08-08T11:20:47.632+0300][417.295s][debug][gc] GC(2698) Shrinking ParOldGen from 205312K by 19968K to 185344K
[2020-08-08T11:20:47.632+0300][417.295s][info ][gc] GC(2698) Pause Full (Ergonomics) 193M->59M(295M) 120.164ms
[2020-08-08T11:20:47.815+0300][417.478s][info ][gc] GC(2699) Pause Young (Allocation Failure) 117M->117M(295M) 173.260ms
[2020-08-08T11:20:48.004+0300][417.667s][info ][gc] GC(2700) Pause Young (Allocation Failure) 174M->175M(295M) 181.525ms
[2020-08-08T11:20:48.075+0300][417.738s][debug][gc] GC(2701) Shrinking ParOldGen from 185344K by 18944K to 166400K
[2020-08-08T11:20:48.075+0300][417.738s][info ][gc] GC(2701) Pause Full (Ergonomics) 175M->41M(276M) 70.317ms
[2020-08-08T11:20:48.271+0300][417.934s][info ][gc] GC(2702) Pause Young (Allocation Failure) 98M->98M(276M) 183.344ms
[2020-08-08T11:20:48.574+0300][418.237s][info ][gc] GC(2703) Pause Young (Allocation Failure) 156M->156M(276M) 296.379ms
[2020-08-08T11:20:48.590+0300][418.253s][debug][gc] GC(2704) Shrinking ParOldGen from 166400K by 18944K to 147456K
[2020-08-08T11:20:48.590+0300][418.253s][info ][gc] GC(2704) Pause Full (Ergonomics) 156M->22M(258M) 15.554ms
[2020-08-08T11:20:48.792+0300][418.455s][info ][gc] GC(2705) Pause Young (Allocation Failure) 80M->80M(258M) 190.502ms
[2020-08-08T11:20:49.165+0300][418.828s][info ][gc] GC(2706) Pause Young (Allocation Failure) 136M->136M(258M) 362.000ms
[2020-08-08T11:20:49.171+0300][418.834s][debug][gc] GC(2707) Shrinking ParOldGen from 147456K by 20992K to 126464K
[2020-08-08T11:20:49.171+0300][418.834s][info ][gc] GC(2707) Pause Full (Ergonomics) 136M->2M(237M) 5.673ms
[2020-08-08T11:20:49.223+0300][418.886s][info ][gc] GC(2708) Pause Young (Allocation Failure) 60M->59M(237M) 38.318ms
[2020-08-08T11:20:49.328+0300][418.991s][info ][gc] GC(2709) Pause Young (Allocation Failure) 117M->117M(237M) 94.635ms
[2020-08-08T11:20:49.637+0300][419.300s][debug][gc] GC(2710) Expanding ParOldGen from 126464K by 117248K to 243712K
[2020-08-08T11:20:49.637+0300][419.300s][info ][gc] GC(2710) Pause Full (Ergonomics) 117M->116M(352M) 308.665ms
[2020-08-08T11:20:49.689+0300][419.352s][info ][gc] GC(2711) Pause Young (Allocation Failure) 174M->174M(352M) 42.799ms
[2020-08-08T11:20:49.788+0300][419.451s][info ][gc] GC(2712) Pause Young (Allocation Failure) 231M->231M(352M) 89.232ms
[2020-08-08T11:20:50.029+0300][419.692s][debug][gc] GC(2713) Shrinking ParOldGen from 243712K by 18944K to 224768K
[2020-08-08T11:20:50.030+0300][419.692s][info ][gc] GC(2713) Pause Full (Ergonomics) 231M->98M(333M) 241.541ms
[2020-08-08T11:20:50.167+0300][419.829s][info ][gc] GC(2714) Pause Young (Allocation Failure) 155M->155M(333M) 129.180ms
[2020-08-08T11:20:50.266+0300][419.929s][info ][gc] GC(2715) Pause Young (Allocation Failure) 213M->213M(333M) 81.300ms
[2020-08-08T11:20:50.449+0300][420.112s][debug][gc] GC(2716) Shrinking ParOldGen from 224768K by 19456K to 205312K
[2020-08-08T11:20:50.449+0300][420.112s][info ][gc] GC(2716) Pause Full (Ergonomics) 213M->79M(314M) 182.306ms
[2020-08-08T11:20:50.643+0300][420.306s][info ][gc] GC(2717) Pause Young (Allocation Failure) 136M->135M(314M) 184.383ms
[2020-08-08T11:20:50.768+0300][420.431s][info ][gc] GC(2718) Pause Young (Allocation Failure) 193M->193M(314M) 115.445ms
[2020-08-08T11:20:50.891+0300][420.554s][debug][gc] GC(2719) Shrinking ParOldGen from 205312K by 19968K to 185344K
[2020-08-08T11:20:50.891+0300][420.554s][info ][gc] GC(2719) Pause Full (Ergonomics) 193M->59M(295M) 123.075ms
[2020-08-08T11:20:51.063+0300][420.726s][info ][gc] GC(2720) Pause Young (Allocation Failure) 117M->117M(295M) 161.550ms
[2020-08-08T11:20:51.241+0300][420.904s][info ][gc] GC(2721) Pause Young (Allocation Failure) 175M->175M(295M) 170.686ms
[2020-08-08T11:20:51.312+0300][420.975s][debug][gc] GC(2722) Shrinking ParOldGen from 185344K by 18944K to 166400K
[2020-08-08T11:20:51.312+0300][420.975s][info ][gc] GC(2722) Pause Full (Ergonomics) 175M->41M(276M) 71.483ms
[2020-08-08T11:20:51.510+0300][421.173s][info ][gc] GC(2723) Pause Young (Allocation Failure) 98M->98M(276M) 185.418ms
[2020-08-08T11:20:51.781+0300][421.444s][info ][gc] GC(2724) Pause Young (Allocation Failure) 156M->156M(276M) 261.885ms
[2020-08-08T11:20:51.796+0300][421.459s][debug][gc] GC(2725) Shrinking ParOldGen from 166400K by 18944K to 147456K
[2020-08-08T11:20:51.796+0300][421.459s][info ][gc] GC(2725) Pause Full (Ergonomics) 156M->22M(258M) 14.872ms
[2020-08-08T11:20:52.000+0300][421.663s][info ][gc] GC(2726) Pause Young (Allocation Failure) 80M->80M(258M) 193.278ms
[2020-08-08T11:20:52.361+0300][422.024s][info ][gc] GC(2727) Pause Young (Allocation Failure) 136M->136M(258M) 351.791ms
[2020-08-08T11:20:52.367+0300][422.030s][debug][gc] GC(2728) Shrinking ParOldGen from 147456K by 20992K to 126464K
[2020-08-08T11:20:52.367+0300][422.030s][info ][gc] GC(2728) Pause Full (Ergonomics) 136M->2M(237M) 6.394ms
[2020-08-08T11:20:52.414+0300][422.077s][info ][gc] GC(2729) Pause Young (Allocation Failure) 60M->59M(237M) 35.562ms
[2020-08-08T11:20:52.520+0300][422.183s][info ][gc] GC(2730) Pause Young (Allocation Failure) 117M->117M(237M) 95.316ms
[2020-08-08T11:20:52.820+0300][422.483s][debug][gc] GC(2731) Expanding ParOldGen from 126464K by 117248K to 243712K
[2020-08-08T11:20:52.820+0300][422.483s][info ][gc] GC(2731) Pause Full (Ergonomics) 117M->116M(352M) 300.140ms
[2020-08-08T11:20:52.872+0300][422.535s][info ][gc] GC(2732) Pause Young (Allocation Failure) 174M->174M(352M) 43.349ms
[2020-08-08T11:20:52.972+0300][422.634s][info ][gc] GC(2733) Pause Young (Allocation Failure) 231M->232M(352M) 89.685ms
[2020-08-08T11:20:53.219+0300][422.882s][debug][gc] GC(2734) Shrinking ParOldGen from 243712K by 18944K to 224768K
[2020-08-08T11:20:53.220+0300][422.882s][info ][gc] GC(2734) Pause Full (Ergonomics) 232M->98M(333M) 247.975ms
[2020-08-08T11:20:53.346+0300][423.009s][info ][gc] GC(2735) Pause Young (Allocation Failure) 155M->155M(333M) 116.370ms
[2020-08-08T11:20:53.445+0300][423.108s][info ][gc] GC(2736) Pause Young (Allocation Failure) 213M->213M(333M) 85.712ms
[2020-08-08T11:20:53.624+0300][423.287s][debug][gc] GC(2737) Shrinking ParOldGen from 224768K by 19456K to 205312K
[2020-08-08T11:20:53.624+0300][423.287s][info ][gc] GC(2737) Pause Full (Ergonomics) 213M->79M(314M) 178.606ms
[2020-08-08T11:20:53.819+0300][423.482s][info ][gc] GC(2738) Pause Young (Allocation Failure) 136M->135M(314M) 185.566ms
[2020-08-08T11:20:53.940+0300][423.603s][info ][gc] GC(2739) Pause Young (Allocation Failure) 193M->193M(314M) 113.941ms
[2020-08-08T11:20:54.065+0300][423.728s][debug][gc] GC(2740) Shrinking ParOldGen from 205312K by 19968K to 185344K
[2020-08-08T11:20:54.065+0300][423.728s][info ][gc] GC(2740) Pause Full (Ergonomics) 193M->59M(295M) 124.638ms
[2020-08-08T11:20:54.269+0300][423.931s][info ][gc] GC(2741) Pause Young (Allocation Failure) 117M->117M(295M) 193.385ms
[2020-08-08T11:20:54.447+0300][424.110s][info ][gc] GC(2742) Pause Young (Allocation Failure) 174M->175M(295M) 169.196ms
[2020-08-08T11:20:54.518+0300][424.181s][debug][gc] GC(2743) Shrinking ParOldGen from 185344K by 18944K to 166400K
[2020-08-08T11:20:54.518+0300][424.181s][info ][gc] GC(2743) Pause Full (Ergonomics) 175M->41M(276M) 71.168ms
[2020-08-08T11:20:54.719+0300][424.382s][info ][gc] GC(2744) Pause Young (Allocation Failure) 98M->98M(276M) 186.219ms
[2020-08-08T11:20:55.026+0300][424.689s][info ][gc] GC(2745) Pause Young (Allocation Failure) 156M->156M(276M) 299.273ms
[2020-08-08T11:20:55.042+0300][424.705s][debug][gc] GC(2746) Shrinking ParOldGen from 166400K by 18944K to 147456K
[2020-08-08T11:20:55.042+0300][424.705s][info ][gc] GC(2746) Pause Full (Ergonomics) 156M->22M(258M) 15.809ms
[2020-08-08T11:20:55.238+0300][424.901s][info ][gc] GC(2747) Pause Young (Allocation Failure) 80M->80M(258M) 184.532ms
[2020-08-08T11:20:55.585+0300][425.248s][info ][gc] GC(2748) Pause Young (Allocation Failure) 136M->136M(258M) 336.241ms
[2020-08-08T11:20:55.591+0300][425.254s][debug][gc] GC(2749) Shrinking ParOldGen from 147456K by 20992K to 126464K
[2020-08-08T11:20:55.591+0300][425.254s][info ][gc] GC(2749) Pause Full (Ergonomics) 136M->2M(237M) 6.188ms
[2020-08-08T11:20:55.641+0300][425.304s][info ][gc] GC(2750) Pause Young (Allocation Failure) 60M->59M(237M) 37.040ms
[2020-08-08T11:20:55.745+0300][425.408s][info ][gc] GC(2751) Pause Young (Allocation Failure) 117M->117M(237M) 92.849ms
[2020-08-08T11:20:56.046+0300][425.709s][debug][gc] GC(2752) Expanding ParOldGen from 126464K by 117248K to 243712K
[2020-08-08T11:20:56.046+0300][425.709s][info ][gc] GC(2752) Pause Full (Ergonomics) 117M->116M(352M) 301.077ms
[2020-08-08T11:20:56.100+0300][425.762s][info ][gc] GC(2753) Pause Young (Allocation Failure) 174M->174M(352M) 45.863ms
[2020-08-08T11:20:56.200+0300][425.863s][info ][gc] GC(2754) Pause Young (Allocation Failure) 231M->232M(352M) 90.024ms
[2020-08-08T11:20:56.441+0300][426.104s][debug][gc] GC(2755) Shrinking ParOldGen from 243712K by 18944K to 224768K
[2020-08-08T11:20:56.441+0300][426.104s][info ][gc] GC(2755) Pause Full (Ergonomics) 232M->98M(333M) 241.503ms
[2020-08-08T11:20:56.577+0300][426.240s][info ][gc] GC(2756) Pause Young (Allocation Failure) 155M->155M(333M) 126.946ms
[2020-08-08T11:20:56.676+0300][426.339s][info ][gc] GC(2757) Pause Young (Allocation Failure) 213M->213M(333M) 86.664ms
[2020-08-08T11:20:56.860+0300][426.523s][debug][gc] GC(2758) Shrinking ParOldGen from 224768K by 19456K to 205312K
[2020-08-08T11:20:56.861+0300][426.523s][info ][gc] GC(2758) Pause Full (Ergonomics) 213M->79M(314M) 184.603ms
[2020-08-08T11:20:57.059+0300][426.722s][info ][gc] GC(2759) Pause Young (Allocation Failure) 136M->135M(314M) 189.329ms
[2020-08-08T11:20:57.198+0300][426.861s][info ][gc] GC(2760) Pause Young (Allocation Failure) 193M->193M(314M) 128.724ms
[2020-08-08T11:20:57.323+0300][426.986s][debug][gc] GC(2761) Shrinking ParOldGen from 205312K by 19968K to 185344K
[2020-08-08T11:20:57.324+0300][426.986s][info ][gc] GC(2761) Pause Full (Ergonomics) 193M->59M(295M) 125.723ms
[2020-08-08T11:20:57.504+0300][427.167s][info ][gc] GC(2762) Pause Young (Allocation Failure) 117M->117M(295M) 170.278ms
[2020-08-08T11:20:57.683+0300][427.346s][info ][gc] GC(2763) Pause Young (Allocation Failure) 175M->175M(295M) 170.784ms
[2020-08-08T11:20:57.754+0300][427.417s][debug][gc] GC(2764) Shrinking ParOldGen from 185344K by 18944K to 166400K
[2020-08-08T11:20:57.754+0300][427.417s][info ][gc] GC(2764) Pause Full (Ergonomics) 175M->41M(276M) 70.919ms
[2020-08-08T11:20:57.958+0300][427.621s][info ][gc] GC(2765) Pause Young (Allocation Failure) 98M->98M(276M) 189.643ms
[2020-08-08T11:20:58.237+0300][427.900s][info ][gc] GC(2766) Pause Young (Allocation Failure) 156M->156M(276M) 269.834ms
[2020-08-08T11:20:58.253+0300][427.916s][debug][gc] GC(2767) Shrinking ParOldGen from 166400K by 18944K to 147456K
[2020-08-08T11:20:58.253+0300][427.916s][info ][gc] GC(2767) Pause Full (Ergonomics) 156M->22M(258M) 15.530ms
[2020-08-08T11:20:58.450+0300][428.112s][info ][gc] GC(2768) Pause Young (Allocation Failure) 80M->80M(258M) 184.590ms
[2020-08-08T11:20:58.821+0300][428.484s][info ][gc] GC(2769) Pause Young (Allocation Failure) 136M->136M(258M) 360.232ms
[2020-08-08T11:20:58.828+0300][428.491s][debug][gc] GC(2770) Shrinking ParOldGen from 147456K by 20992K to 126464K
[2020-08-08T11:20:58.828+0300][428.491s][info ][gc] GC(2770) Pause Full (Ergonomics) 136M->2M(237M) 6.757ms
[2020-08-08T11:20:58.874+0300][428.537s][info ][gc] GC(2771) Pause Young (Allocation Failure) 60M->59M(237M) 34.903ms
[2020-08-08T11:20:58.980+0300][428.643s][info ][gc] GC(2772) Pause Young (Allocation Failure) 117M->117M(237M) 94.891ms
[2020-08-08T11:20:59.291+0300][428.954s][debug][gc] GC(2773) Expanding ParOldGen from 126464K by 117248K to 243712K
[2020-08-08T11:20:59.291+0300][428.954s][info ][gc] GC(2773) Pause Full (Ergonomics) 117M->117M(352M) 311.460ms
[2020-08-08T11:20:59.341+0300][429.004s][info ][gc] GC(2774) Pause Young (Allocation Failure) 174M->174M(352M) 40.529ms
[2020-08-08T11:20:59.448+0300][429.111s][info ][gc] GC(2775) Pause Young (Allocation Failure) 232M->232M(352M) 94.988ms
[2020-08-08T11:20:59.693+0300][429.356s][debug][gc] GC(2776) Shrinking ParOldGen from 243712K by 18944K to 224768K
[2020-08-08T11:20:59.693+0300][429.356s][info ][gc] GC(2776) Pause Full (Ergonomics) 232M->98M(333M) 244.848ms
[2020-08-08T11:20:59.830+0300][429.493s][info ][gc] GC(2777) Pause Young (Allocation Failure) 155M->155M(333M) 127.874ms
[2020-08-08T11:20:59.924+0300][429.587s][info ][gc] GC(2778) Pause Young (Allocation Failure) 213M->213M(333M) 82.793ms
[2020-08-08T11:21:00.109+0300][429.771s][debug][gc] GC(2779) Shrinking ParOldGen from 224768K by 19456K to 205312K
[2020-08-08T11:21:00.109+0300][429.772s][info ][gc] GC(2779) Pause Full (Ergonomics) 213M->79M(314M) 184.410ms
[2020-08-08T11:21:00.301+0300][429.964s][info ][gc] GC(2780) Pause Young (Allocation Failure) 135M->135M(314M) 183.336ms
[2020-08-08T11:21:00.415+0300][430.078s][info ][gc] GC(2781) Pause Young (Allocation Failure) 193M->193M(314M) 106.084ms
[2020-08-08T11:21:00.542+0300][430.205s][debug][gc] GC(2782) Shrinking ParOldGen from 205312K by 19968K to 185344K
[2020-08-08T11:21:00.542+0300][430.205s][info ][gc] GC(2782) Pause Full (Ergonomics) 193M->59M(295M) 127.099ms
[2020-08-08T11:21:00.725+0300][430.388s][info ][gc] GC(2783) Pause Young (Allocation Failure) 117M->117M(295M) 171.913ms
[2020-08-08T11:21:00.911+0300][430.574s][info ][gc] GC(2784) Pause Young (Allocation Failure) 174M->175M(295M) 177.334ms
[2020-08-08T11:21:00.983+0300][430.646s][debug][gc] GC(2785) Shrinking ParOldGen from 185344K by 18944K to 166400K
[2020-08-08T11:21:00.983+0300][430.646s][info ][gc] GC(2785) Pause Full (Ergonomics) 175M->41M(276M) 72.462ms
[2020-08-08T11:21:01.192+0300][430.855s][info ][gc] GC(2786) Pause Young (Allocation Failure) 98M->98M(276M) 194.204ms
[2020-08-08T11:21:01.494+0300][431.157s][info ][gc] GC(2787) Pause Young (Allocation Failure) 156M->156M(276M) 291.529ms
[2020-08-08T11:21:01.510+0300][431.173s][debug][gc] GC(2788) Shrinking ParOldGen from 166400K by 18944K to 147456K
[2020-08-08T11:21:01.510+0300][431.173s][info ][gc] GC(2788) Pause Full (Ergonomics) 156M->22M(258M) 15.848ms
[2020-08-08T11:21:01.709+0300][431.372s][info ][gc] GC(2789) Pause Young (Allocation Failure) 80M->79M(258M) 188.083ms
[2020-08-08T11:21:02.078+0300][431.741s][info ][gc] GC(2790) Pause Young (Allocation Failure) 137M->136M(258M) 356.952ms
[2020-08-08T11:21:02.084+0300][431.747s][debug][gc] GC(2791) Shrinking ParOldGen from 147456K by 20992K to 126464K
[2020-08-08T11:21:02.084+0300][431.747s][info ][gc] GC(2791) Pause Full (Ergonomics) 136M->2M(237M) 6.015ms
[2020-08-08T11:21:02.132+0300][431.795s][info ][gc] GC(2792) Pause Young (Allocation Failure) 60M->59M(237M) 35.723ms
[2020-08-08T11:21:02.244+0300][431.907s][info ][gc] GC(2793) Pause Young (Allocation Failure) 117M->117M(237M) 101.504ms
[2020-08-08T11:21:02.552+0300][432.215s][debug][gc] GC(2794) Expanding ParOldGen from 126464K by 117248K to 243712K
[2020-08-08T11:21:02.552+0300][432.215s][info ][gc] GC(2794) Pause Full (Ergonomics) 117M->117M(352M) 307.751ms
[2020-08-08T11:21:02.606+0300][432.269s][info ][gc] GC(2795) Pause Young (Allocation Failure) 174M->174M(352M) 42.446ms
[2020-08-08T11:21:02.710+0300][432.373s][info ][gc] GC(2796) Pause Young (Allocation Failure) 231M->232M(352M) 91.035ms
[2020-08-08T11:21:02.954+0300][432.617s][debug][gc] GC(2797) Shrinking ParOldGen from 243712K by 18944K to 224768K
[2020-08-08T11:21:02.954+0300][432.617s][info ][gc] GC(2797) Pause Full (Ergonomics) 232M->98M(333M) 243.609ms
[2020-08-08T11:21:03.077+0300][432.740s][info ][gc] GC(2798) Pause Young (Allocation Failure) 155M->155M(333M) 113.837ms
[2020-08-08T11:21:03.163+0300][432.826s][info ][gc] GC(2799) Pause Young (Allocation Failure) 213M->213M(333M) 76.515ms
[2020-08-08T11:21:03.348+0300][433.011s][debug][gc] GC(2800) Shrinking ParOldGen from 224768K by 19456K to 205312K
[2020-08-08T11:21:03.348+0300][433.011s][info ][gc] GC(2800) Pause Full (Ergonomics) 213M->79M(314M) 184.548ms
[2020-08-08T11:21:03.544+0300][433.207s][info ][gc] GC(2801) Pause Young (Allocation Failure) 135M->135M(314M) 185.528ms
[2020-08-08T11:21:03.678+0300][433.341s][info ][gc] GC(2802) Pause Young (Allocation Failure) 193M->193M(314M) 125.136ms
[2020-08-08T11:21:03.805+0300][433.468s][debug][gc] GC(2803) Shrinking ParOldGen from 205312K by 19968K to 185344K
[2020-08-08T11:21:03.805+0300][433.468s][info ][gc] GC(2803) Pause Full (Ergonomics) 193M->59M(295M) 126.793ms
[2020-08-08T11:21:03.987+0300][433.649s][info ][gc] GC(2804) Pause Young (Allocation Failure) 117M->117M(295M) 170.000ms
[2020-08-08T11:21:04.192+0300][433.855s][info ][gc] GC(2805) Pause Young (Allocation Failure) 174M->175M(295M) 193.986ms
[2020-08-08T11:21:04.261+0300][433.924s][debug][gc] GC(2806) Shrinking ParOldGen from 185344K by 18944K to 166400K
[2020-08-08T11:21:04.261+0300][433.924s][info ][gc] GC(2806) Pause Full (Ergonomics) 175M->41M(276M) 68.919ms
[2020-08-08T11:21:04.463+0300][434.126s][info ][gc] GC(2807) Pause Young (Allocation Failure) 98M->98M(276M) 191.802ms
[2020-08-08T11:21:04.787+0300][434.450s][info ][gc] GC(2808) Pause Young (Allocation Failure) 156M->156M(276M) 315.106ms
[2020-08-08T11:21:04.802+0300][434.465s][debug][gc] GC(2809) Shrinking ParOldGen from 166400K by 19456K to 146944K
[2020-08-08T11:21:04.802+0300][434.465s][info ][gc] GC(2809) Pause Full (Ergonomics) 156M->22M(257M) 15.320ms
[2020-08-08T11:21:05.017+0300][434.680s][info ][gc] GC(2810) Pause Young (Allocation Failure) 80M->79M(257M) 201.931ms
[2020-08-08T11:21:05.382+0300][435.045s][info ][gc] GC(2811) Pause Young (Allocation Failure) 137M->136M(257M) 352.208ms
[2020-08-08T11:21:05.389+0300][435.052s][debug][gc] GC(2812) Shrinking ParOldGen from 146944K by 20480K to 126464K
[2020-08-08T11:21:05.389+0300][435.052s][info ][gc] GC(2812) Pause Full (Ergonomics) 136M->2M(237M) 6.206ms
[2020-08-08T11:21:05.434+0300][435.097s][info ][gc] GC(2813) Pause Young (Allocation Failure) 60M->59M(237M) 34.863ms
[2020-08-08T11:21:05.541+0300][435.204s][info ][gc] GC(2814) Pause Young (Allocation Failure) 117M->117M(237M) 96.983ms
[2020-08-08T11:21:05.846+0300][435.509s][debug][gc] GC(2815) Expanding ParOldGen from 126464K by 117248K to 243712K
[2020-08-08T11:21:05.846+0300][435.509s][info ][gc] GC(2815) Pause Full (Ergonomics) 117M->117M(352M) 304.392ms
[2020-08-08T11:21:05.898+0300][435.561s][info ][gc] GC(2816) Pause Young (Allocation Failure) 174M->174M(352M) 43.032ms
[2020-08-08T11:21:05.999+0300][435.662s][info ][gc] GC(2817) Pause Young (Allocation Failure) 231M->232M(352M) 89.707ms
[2020-08-08T11:21:06.244+0300][435.907s][debug][gc] GC(2818) Shrinking ParOldGen from 243712K by 18944K to 224768K
[2020-08-08T11:21:06.244+0300][435.907s][info ][gc] GC(2818) Pause Full (Ergonomics) 232M->98M(333M) 245.552ms
[2020-08-08T11:21:06.366+0300][436.029s][info ][gc] GC(2819) Pause Young (Allocation Failure) 155M->155M(333M) 112.998ms
[2020-08-08T11:21:06.464+0300][436.127s][info ][gc] GC(2820) Pause Young (Allocation Failure) 213M->213M(333M) 88.182ms
[2020-08-08T11:21:06.650+0300][436.313s][debug][gc] GC(2821) Shrinking ParOldGen from 224768K by 19456K to 205312K
[2020-08-08T11:21:06.650+0300][436.313s][info ][gc] GC(2821) Pause Full (Ergonomics) 213M->79M(314M) 185.612ms
[2020-08-08T11:21:06.841+0300][436.504s][info ][gc] GC(2822) Pause Young (Allocation Failure) 136M->135M(314M) 178.489ms
[2020-08-08T11:21:06.960+0300][436.623s][info ][gc] GC(2823) Pause Young (Allocation Failure) 193M->193M(314M) 110.658ms
[2020-08-08T11:21:07.085+0300][436.748s][debug][gc] GC(2824) Shrinking ParOldGen from 205312K by 19968K to 185344K
[2020-08-08T11:21:07.085+0300][436.748s][info ][gc] GC(2824) Pause Full (Ergonomics) 193M->59M(295M) 124.623ms
[2020-08-08T11:21:07.250+0300][436.913s][info ][gc] GC(2825) Pause Young (Allocation Failure) 117M->117M(295M) 150.282ms
[2020-08-08T11:21:07.447+0300][437.110s][info ][gc] GC(2826) Pause Young (Allocation Failure) 174M->175M(295M) 189.348ms
[2020-08-08T11:21:07.518+0300][437.181s][debug][gc] GC(2827) Shrinking ParOldGen from 185344K by 18944K to 166400K
[2020-08-08T11:21:07.518+0300][437.181s][info ][gc] GC(2827) Pause Full (Ergonomics) 175M->41M(276M) 71.288ms
[2020-08-08T11:21:07.725+0300][437.388s][info ][gc] GC(2828) Pause Young (Allocation Failure) 98M->98M(276M) 195.523ms
[2020-08-08T11:21:08.031+0300][437.694s][info ][gc] GC(2829) Pause Young (Allocation Failure) 156M->156M(276M) 291.787ms
[2020-08-08T11:21:08.047+0300][437.709s][debug][gc] GC(2830) Shrinking ParOldGen from 166400K by 19456K to 146944K
[2020-08-08T11:21:08.047+0300][437.710s][info ][gc] GC(2830) Pause Full (Ergonomics) 156M->22M(257M) 15.614ms
[2020-08-08T11:21:08.242+0300][437.905s][info ][gc] GC(2831) Pause Young (Allocation Failure) 80M->80M(257M) 182.552ms
[2020-08-08T11:21:08.599+0300][438.262s][info ][gc] GC(2832) Pause Young (Allocation Failure) 136M->136M(257M) 346.871ms
[2020-08-08T11:21:08.604+0300][438.267s][debug][gc] GC(2833) Shrinking ParOldGen from 146944K by 20480K to 126464K
[2020-08-08T11:21:08.604+0300][438.267s][info ][gc] GC(2833) Pause Full (Ergonomics) 136M->2M(237M) 5.617ms
[2020-08-08T11:21:08.651+0300][438.314s][info ][gc] GC(2834) Pause Young (Allocation Failure) 60M->59M(237M) 36.782ms
[2020-08-08T11:21:08.759+0300][438.422s][info ][gc] GC(2835) Pause Young (Allocation Failure) 117M->117M(237M) 96.451ms
[2020-08-08T11:21:09.050+0300][438.713s][debug][gc] GC(2836) Expanding ParOldGen from 126464K by 117248K to 243712K
[2020-08-08T11:21:09.050+0300][438.713s][info ][gc] GC(2836) Pause Full (Ergonomics) 117M->116M(352M) 291.548ms
[2020-08-08T11:21:09.104+0300][438.767s][info ][gc] GC(2837) Pause Young (Allocation Failure) 174M->174M(352M) 43.802ms
[2020-08-08T11:21:09.207+0300][438.870s][info ][gc] GC(2838) Pause Young (Allocation Failure) 231M->232M(352M) 93.073ms
[2020-08-08T11:21:09.446+0300][439.109s][debug][gc] GC(2839) Shrinking ParOldGen from 243712K by 18944K to 224768K
[2020-08-08T11:21:09.446+0300][439.109s][info ][gc] GC(2839) Pause Full (Ergonomics) 232M->98M(333M) 238.343ms
[2020-08-08T11:21:09.578+0300][439.241s][info ][gc] GC(2840) Pause Young (Allocation Failure) 155M->155M(333M) 124.633ms
[2020-08-08T11:21:09.666+0300][439.328s][info ][gc] GC(2841) Pause Young (Allocation Failure) 213M->213M(333M) 77.106ms
[2020-08-08T11:21:09.848+0300][439.511s][debug][gc] GC(2842) Shrinking ParOldGen from 224768K by 19456K to 205312K
[2020-08-08T11:21:09.848+0300][439.511s][info ][gc] GC(2842) Pause Full (Ergonomics) 213M->79M(314M) 182.637ms
[2020-08-08T11:21:10.042+0300][439.705s][info ][gc] GC(2843) Pause Young (Allocation Failure) 136M->135M(314M) 184.769ms
[2020-08-08T11:21:10.178+0300][439.841s][info ][gc] GC(2844) Pause Young (Allocation Failure) 193M->193M(314M) 122.567ms
[2020-08-08T11:21:10.301+0300][439.964s][debug][gc] GC(2845) Shrinking ParOldGen from 205312K by 19968K to 185344K
[2020-08-08T11:21:10.301+0300][439.964s][info ][gc] GC(2845) Pause Full (Ergonomics) 193M->59M(295M) 122.486ms
[2020-08-08T11:21:10.444+0300][440.106s][info ][gc] GC(2846) Pause Young (Allocation Failure) 117M->117M(295M) 132.209ms
[2020-08-08T11:21:10.600+0300][440.263s][info ][gc] GC(2847) Pause Young (Allocation Failure) 174M->175M(295M) 148.337ms
[2020-08-08T11:21:10.672+0300][440.335s][debug][gc] GC(2848) Shrinking ParOldGen from 185344K by 18944K to 166400K
[2020-08-08T11:21:10.672+0300][440.335s][info ][gc] GC(2848) Pause Full (Ergonomics) 175M->41M(276M) 71.454ms
[2020-08-08T11:21:10.857+0300][440.520s][info ][gc] GC(2849) Pause Young (Allocation Failure) 98M->98M(276M) 173.306ms
[2020-08-08T11:21:11.156+0300][440.819s][info ][gc] GC(2850) Pause Young (Allocation Failure) 156M->156M(276M) 290.469ms
[2020-08-08T11:21:11.171+0300][440.834s][debug][gc] GC(2851) Shrinking ParOldGen from 166400K by 18944K to 147456K
[2020-08-08T11:21:11.171+0300][440.834s][info ][gc] GC(2851) Pause Full (Ergonomics) 156M->22M(258M) 15.269ms
[2020-08-08T11:21:11.367+0300][441.030s][info ][gc] GC(2852) Pause Young (Allocation Failure) 80M->80M(258M) 182.009ms
[2020-08-08T11:21:11.740+0300][441.403s][info ][gc] GC(2853) Pause Young (Allocation Failure) 136M->136M(258M) 362.590ms
[2020-08-08T11:21:11.747+0300][441.410s][debug][gc] GC(2854) Shrinking ParOldGen from 147456K by 20992K to 126464K
[2020-08-08T11:21:11.747+0300][441.410s][info ][gc] GC(2854) Pause Full (Ergonomics) 136M->2M(237M) 6.432ms
[2020-08-08T11:21:11.790+0300][441.453s][info ][gc] GC(2855) Pause Young (Allocation Failure) 60M->59M(237M) 33.817ms
[2020-08-08T11:21:11.893+0300][441.555s][info ][gc] GC(2856) Pause Young (Allocation Failure) 117M->117M(237M) 91.383ms
[2020-08-08T11:21:12.191+0300][441.854s][debug][gc] GC(2857) Expanding ParOldGen from 126464K by 117248K to 243712K
[2020-08-08T11:21:12.191+0300][441.854s][info ][gc] GC(2857) Pause Full (Ergonomics) 117M->116M(352M) 298.932ms
[2020-08-08T11:21:12.248+0300][441.911s][info ][gc] GC(2858) Pause Young (Allocation Failure) 174M->174M(352M) 45.303ms
[2020-08-08T11:21:12.351+0300][442.014s][info ][gc] GC(2859) Pause Young (Allocation Failure) 231M->232M(352M) 92.619ms
[2020-08-08T11:21:12.596+0300][442.259s][debug][gc] GC(2860) Shrinking ParOldGen from 243712K by 18944K to 224768K
[2020-08-08T11:21:12.596+0300][442.259s][info ][gc] GC(2860) Pause Full (Ergonomics) 232M->98M(333M) 244.560ms
[2020-08-08T11:21:12.739+0300][442.402s][info ][gc] GC(2861) Pause Young (Allocation Failure) 155M->155M(333M) 132.943ms
[2020-08-08T11:21:12.830+0300][442.493s][info ][gc] GC(2862) Pause Young (Allocation Failure) 213M->213M(333M) 78.491ms
[2020-08-08T11:21:13.014+0300][442.677s][debug][gc] GC(2863) Shrinking ParOldGen from 224768K by 19456K to 205312K
[2020-08-08T11:21:13.014+0300][442.677s][info ][gc] GC(2863) Pause Full (Ergonomics) 213M->79M(314M) 184.251ms
[2020-08-08T11:21:13.208+0300][442.871s][info ][gc] GC(2864) Pause Young (Allocation Failure) 136M->135M(314M) 183.240ms
[2020-08-08T11:21:13.371+0300][443.033s][info ][gc] GC(2865) Pause Young (Allocation Failure) 193M->193M(314M) 152.967ms
[2020-08-08T11:21:13.496+0300][443.159s][debug][gc] GC(2866) Shrinking ParOldGen from 205312K by 19968K to 185344K
[2020-08-08T11:21:13.496+0300][443.159s][info ][gc] GC(2866) Pause Full (Ergonomics) 193M->59M(295M) 125.270ms
[2020-08-08T11:21:13.633+0300][443.296s][info ][gc] GC(2867) Pause Young (Allocation Failure) 117M->117M(295M) 126.558ms
[2020-08-08T11:21:13.790+0300][443.453s][info ][gc] GC(2868) Pause Young (Allocation Failure) 174M->175M(295M) 148.027ms
[2020-08-08T11:21:13.859+0300][443.522s][debug][gc] GC(2869) Shrinking ParOldGen from 185344K by 18944K to 166400K
[2020-08-08T11:21:13.859+0300][443.522s][info ][gc] GC(2869) Pause Full (Ergonomics) 175M->41M(276M) 69.569ms
[2020-08-08T11:21:14.057+0300][443.720s][info ][gc] GC(2870) Pause Young (Allocation Failure) 98M->98M(276M) 184.601ms
[2020-08-08T11:21:14.346+0300][444.009s][info ][gc] GC(2871) Pause Young (Allocation Failure) 156M->156M(276M) 281.658ms
[2020-08-08T11:21:14.363+0300][444.026s][debug][gc] GC(2872) Shrinking ParOldGen from 166400K by 18944K to 147456K
[2020-08-08T11:21:14.363+0300][444.026s][info ][gc] GC(2872) Pause Full (Ergonomics) 156M->22M(258M) 17.122ms
[2020-08-08T11:21:14.541+0300][444.204s][info ][gc] GC(2873) Pause Young (Allocation Failure) 80M->80M(258M) 161.589ms
[2020-08-08T11:21:14.906+0300][444.569s][info ][gc] GC(2874) Pause Young (Allocation Failure) 136M->136M(258M) 353.466ms
[2020-08-08T11:21:14.913+0300][444.575s][debug][gc] GC(2875) Shrinking ParOldGen from 147456K by 20992K to 126464K
[2020-08-08T11:21:14.913+0300][444.576s][info ][gc] GC(2875) Pause Full (Ergonomics) 136M->2M(237M) 6.184ms
[2020-08-08T11:21:14.957+0300][444.620s][info ][gc] GC(2876) Pause Young (Allocation Failure) 60M->59M(237M) 34.057ms
[2020-08-08T11:21:15.063+0300][444.726s][info ][gc] GC(2877) Pause Young (Allocation Failure) 117M->117M(237M) 96.726ms
[2020-08-08T11:21:15.364+0300][445.027s][debug][gc] GC(2878) Expanding ParOldGen from 126464K by 117248K to 243712K
[2020-08-08T11:21:15.364+0300][445.027s][info ][gc] GC(2878) Pause Full (Ergonomics) 117M->116M(352M) 300.432ms
[2020-08-08T11:21:15.421+0300][445.084s][info ][gc] GC(2879) Pause Young (Allocation Failure) 174M->174M(352M) 46.021ms
[2020-08-08T11:21:15.553+0300][445.216s][info ][gc] GC(2880) Pause Young (Allocation Failure) 231M->232M(352M) 114.622ms
[2020-08-08T11:21:15.794+0300][445.457s][debug][gc] GC(2881) Shrinking ParOldGen from 243712K by 18944K to 224768K
[2020-08-08T11:21:15.794+0300][445.457s][info ][gc] GC(2881) Pause Full (Ergonomics) 232M->98M(333M) 241.007ms
[2020-08-08T11:21:15.933+0300][445.596s][info ][gc] GC(2882) Pause Young (Allocation Failure) 155M->155M(333M) 129.912ms
[2020-08-08T11:21:16.021+0300][445.684s][info ][gc] GC(2883) Pause Young (Allocation Failure) 213M->213M(333M) 76.785ms
[2020-08-08T11:21:16.201+0300][445.864s][debug][gc] GC(2884) Shrinking ParOldGen from 224768K by 19456K to 205312K
[2020-08-08T11:21:16.201+0300][445.864s][info ][gc] GC(2884) Pause Full (Ergonomics) 213M->79M(314M) 180.645ms
[2020-08-08T11:21:16.396+0300][446.059s][info ][gc] GC(2885) Pause Young (Allocation Failure) 136M->135M(314M) 185.726ms
[2020-08-08T11:21:16.514+0300][446.177s][info ][gc] GC(2886) Pause Young (Allocation Failure) 193M->193M(314M) 106.604ms
[2020-08-08T11:21:16.639+0300][446.302s][debug][gc] GC(2887) Shrinking ParOldGen from 205312K by 19968K to 185344K
[2020-08-08T11:21:16.639+0300][446.302s][info ][gc] GC(2887) Pause Full (Ergonomics) 193M->59M(295M) 125.314ms
[2020-08-08T11:21:16.788+0300][446.451s][info ][gc] GC(2888) Pause Young (Allocation Failure) 117M->117M(295M) 138.296ms
[2020-08-08T11:21:16.946+0300][446.609s][info ][gc] GC(2889) Pause Young (Allocation Failure) 175M->175M(295M) 150.242ms
[2020-08-08T11:21:17.017+0300][446.680s][debug][gc] GC(2890) Shrinking ParOldGen from 185344K by 18944K to 166400K
[2020-08-08T11:21:17.017+0300][446.680s][info ][gc] GC(2890) Pause Full (Ergonomics) 175M->41M(276M) 70.550ms
[2020-08-08T11:21:17.206+0300][446.869s][info ][gc] GC(2891) Pause Young (Allocation Failure) 98M->98M(276M) 178.419ms
[2020-08-08T11:21:17.515+0300][447.178s][info ][gc] GC(2892) Pause Young (Allocation Failure) 156M->156M(276M) 302.198ms
[2020-08-08T11:21:17.530+0300][447.193s][debug][gc] GC(2893) Shrinking ParOldGen from 166400K by 18944K to 147456K
[2020-08-08T11:21:17.530+0300][447.193s][info ][gc] GC(2893) Pause Full (Ergonomics) 156M->22M(258M) 14.808ms
[2020-08-08T11:21:17.737+0300][447.400s][info ][gc] GC(2894) Pause Young (Allocation Failure) 80M->80M(258M) 191.328ms
[2020-08-08T11:21:18.113+0300][447.776s][info ][gc] GC(2895) Pause Young (Allocation Failure) 136M->136M(258M) 364.128ms
[2020-08-08T11:21:18.119+0300][447.782s][debug][gc] GC(2896) Shrinking ParOldGen from 147456K by 20992K to 126464K
[2020-08-08T11:21:18.119+0300][447.782s][info ][gc] GC(2896) Pause Full (Ergonomics) 136M->2M(237M) 5.927ms
[2020-08-08T11:21:18.163+0300][447.826s][info ][gc] GC(2897) Pause Young (Allocation Failure) 60M->59M(237M) 34.223ms
[2020-08-08T11:21:18.269+0300][447.932s][info ][gc] GC(2898) Pause Young (Allocation Failure) 117M->117M(237M) 95.649ms
[2020-08-08T11:21:18.571+0300][448.234s][debug][gc] GC(2899) Expanding ParOldGen from 126464K by 117248K to 243712K
[2020-08-08T11:21:18.571+0300][448.234s][info ][gc] GC(2899) Pause Full (Ergonomics) 117M->116M(352M) 302.178ms
[2020-08-08T11:21:18.626+0300][448.288s][info ][gc] GC(2900) Pause Young (Allocation Failure) 174M->174M(352M) 44.942ms
[2020-08-08T11:21:18.724+0300][448.387s][info ][gc] GC(2901) Pause Young (Allocation Failure) 231M->231M(352M) 88.546ms
[2020-08-08T11:21:18.965+0300][448.628s][debug][gc] GC(2902) Shrinking ParOldGen from 243712K by 18944K to 224768K
[2020-08-08T11:21:18.965+0300][448.628s][info ][gc] GC(2902) Pause Full (Ergonomics) 231M->98M(333M) 240.898ms
[2020-08-08T11:21:19.099+0300][448.762s][info ][gc] GC(2903) Pause Young (Allocation Failure) 155M->155M(333M) 125.520ms
[2020-08-08T11:21:19.188+0300][448.851s][info ][gc] GC(2904) Pause Young (Allocation Failure) 213M->213M(333M) 79.087ms
[2020-08-08T11:21:19.367+0300][449.030s][debug][gc] GC(2905) Shrinking ParOldGen from 224768K by 19456K to 205312K
[2020-08-08T11:21:19.367+0300][449.030s][info ][gc] GC(2905) Pause Full (Ergonomics) 213M->79M(314M) 178.650ms
[2020-08-08T11:21:19.561+0300][449.224s][info ][gc] GC(2906) Pause Young (Allocation Failure) 136M->135M(314M) 184.831ms
[2020-08-08T11:21:19.712+0300][449.375s][info ][gc] GC(2907) Pause Young (Allocation Failure) 193M->193M(314M) 140.775ms
[2020-08-08T11:21:19.836+0300][449.499s][debug][gc] GC(2908) Shrinking ParOldGen from 205312K by 19968K to 185344K
[2020-08-08T11:21:19.836+0300][449.499s][info ][gc] GC(2908) Pause Full (Ergonomics) 193M->59M(295M) 123.513ms
[2020-08-08T11:21:19.974+0300][449.636s][info ][gc] GC(2909) Pause Young (Allocation Failure) 117M->117M(295M) 127.388ms
[2020-08-08T11:21:20.129+0300][449.792s][info ][gc] GC(2910) Pause Young (Allocation Failure) 174M->175M(295M) 147.545ms
[2020-08-08T11:21:20.201+0300][449.863s][debug][gc] GC(2911) Shrinking ParOldGen from 185344K by 18944K to 166400K
[2020-08-08T11:21:20.201+0300][449.864s][info ][gc] GC(2911) Pause Full (Ergonomics) 175M->41M(276M) 71.668ms
[2020-08-08T11:21:20.401+0300][450.063s][info ][gc] GC(2912) Pause Young (Allocation Failure) 98M->98M(276M) 189.610ms
[2020-08-08T11:21:20.710+0300][450.373s][info ][gc] GC(2913) Pause Young (Allocation Failure) 156M->156M(276M) 300.187ms
[2020-08-08T11:21:20.726+0300][450.389s][debug][gc] GC(2914) Shrinking ParOldGen from 166400K by 18944K to 147456K
[2020-08-08T11:21:20.726+0300][450.389s][info ][gc] GC(2914) Pause Full (Ergonomics) 156M->22M(258M) 16.203ms
[2020-08-08T11:21:20.931+0300][450.594s][info ][gc] GC(2915) Pause Young (Allocation Failure) 80M->80M(258M) 191.491ms
[2020-08-08T11:21:21.299+0300][450.962s][info ][gc] GC(2916) Pause Young (Allocation Failure) 136M->136M(258M) 357.322ms
[2020-08-08T11:21:21.305+0300][450.968s][debug][gc] GC(2917) Shrinking ParOldGen from 147456K by 20992K to 126464K
[2020-08-08T11:21:21.305+0300][450.968s][info ][gc] GC(2917) Pause Full (Ergonomics) 136M->2M(237M) 6.144ms
[2020-08-08T11:21:21.349+0300][451.012s][info ][gc] GC(2918) Pause Young (Allocation Failure) 60M->59M(237M) 33.366ms
[2020-08-08T11:21:21.454+0300][451.117s][info ][gc] GC(2919) Pause Young (Allocation Failure) 117M->117M(237M) 95.193ms
[2020-08-08T11:21:21.756+0300][451.419s][debug][gc] GC(2920) Expanding ParOldGen from 126464K by 117248K to 243712K
[2020-08-08T11:21:21.756+0300][451.419s][info ][gc] GC(2920) Pause Full (Ergonomics) 117M->116M(352M) 302.051ms
[2020-08-08T11:21:21.810+0300][451.473s][info ][gc] GC(2921) Pause Young (Allocation Failure) 174M->174M(352M) 43.745ms
[2020-08-08T11:21:21.909+0300][451.572s][info ][gc] GC(2922) Pause Young (Allocation Failure) 231M->231M(352M) 88.985ms
[2020-08-08T11:21:22.154+0300][451.817s][debug][gc] GC(2923) Shrinking ParOldGen from 243712K by 18944K to 224768K
[2020-08-08T11:21:22.154+0300][451.817s][info ][gc] GC(2923) Pause Full (Ergonomics) 231M->98M(333M) 244.716ms
[2020-08-08T11:21:22.278+0300][451.941s][info ][gc] GC(2924) Pause Young (Allocation Failure) 155M->155M(333M) 116.789ms
[2020-08-08T11:21:22.367+0300][452.030s][info ][gc] GC(2925) Pause Young (Allocation Failure) 213M->213M(333M) 78.785ms
[2020-08-08T11:21:22.554+0300][452.217s][debug][gc] GC(2926) Shrinking ParOldGen from 224768K by 19456K to 205312K
[2020-08-08T11:21:22.554+0300][452.217s][info ][gc] GC(2926) Pause Full (Ergonomics) 213M->79M(314M) 187.532ms
[2020-08-08T11:21:22.756+0300][452.419s][info ][gc] GC(2927) Pause Young (Allocation Failure) 136M->135M(314M) 191.365ms
[2020-08-08T11:21:22.887+0300][452.550s][info ][gc] GC(2928) Pause Young (Allocation Failure) 193M->193M(314M) 119.819ms
[2020-08-08T11:21:23.013+0300][452.676s][debug][gc] GC(2929) Shrinking ParOldGen from 205312K by 19968K to 185344K
[2020-08-08T11:21:23.013+0300][452.676s][info ][gc] GC(2929) Pause Full (Ergonomics) 193M->59M(295M) 125.956ms
[2020-08-08T11:21:23.149+0300][452.812s][info ][gc] GC(2930) Pause Young (Allocation Failure) 117M->117M(295M) 126.009ms
[2020-08-08T11:21:23.318+0300][452.981s][info ][gc] GC(2931) Pause Young (Allocation Failure) 174M->175M(295M) 161.381ms
[2020-08-08T11:21:23.387+0300][453.050s][debug][gc] GC(2932) Shrinking ParOldGen from 185344K by 18944K to 166400K
[2020-08-08T11:21:23.387+0300][453.050s][info ][gc] GC(2932) Pause Full (Ergonomics) 175M->41M(276M) 69.442ms
[2020-08-08T11:21:23.588+0300][453.251s][info ][gc] GC(2933) Pause Young (Allocation Failure) 98M->98M(276M) 189.935ms
[2020-08-08T11:21:23.889+0300][453.552s][info ][gc] GC(2934) Pause Young (Allocation Failure) 156M->156M(276M) 291.179ms
[2020-08-08T11:21:23.906+0300][453.569s][debug][gc] GC(2935) Shrinking ParOldGen from 166400K by 18944K to 147456K
[2020-08-08T11:21:23.906+0300][453.569s][info ][gc] GC(2935) Pause Full (Ergonomics) 156M->22M(258M) 16.506ms
[2020-08-08T11:21:24.109+0300][453.772s][info ][gc] GC(2936) Pause Young (Allocation Failure) 80M->80M(258M) 186.766ms
[2020-08-08T11:21:24.456+0300][454.119s][info ][gc] GC(2937) Pause Young (Allocation Failure) 136M->136M(258M) 333.381ms
[2020-08-08T11:21:24.462+0300][454.125s][debug][gc] GC(2938) Shrinking ParOldGen from 147456K by 20992K to 126464K
[2020-08-08T11:21:24.462+0300][454.125s][info ][gc] GC(2938) Pause Full (Ergonomics) 136M->2M(237M) 5.676ms
[2020-08-08T11:21:24.510+0300][454.173s][info ][gc] GC(2939) Pause Young (Allocation Failure) 60M->59M(237M) 35.304ms
[2020-08-08T11:21:24.621+0300][454.284s][info ][gc] GC(2940) Pause Young (Allocation Failure) 117M->117M(237M) 97.227ms
[2020-08-08T11:21:24.921+0300][454.584s][debug][gc] GC(2941) Expanding ParOldGen from 126464K by 117248K to 243712K
[2020-08-08T11:21:24.921+0300][454.584s][info ][gc] GC(2941) Pause Full (Ergonomics) 117M->116M(352M) 300.029ms
[2020-08-08T11:21:24.976+0300][454.639s][info ][gc] GC(2942) Pause Young (Allocation Failure) 174M->174M(352M) 44.789ms
[2020-08-08T11:21:25.078+0300][454.741s][info ][gc] GC(2943) Pause Young (Allocation Failure) 231M->232M(352M) 90.835ms
[2020-08-08T11:21:25.321+0300][454.984s][debug][gc] GC(2944) Shrinking ParOldGen from 243712K by 18944K to 224768K
[2020-08-08T11:21:25.321+0300][454.984s][info ][gc] GC(2944) Pause Full (Ergonomics) 232M->98M(333M) 242.646ms
[2020-08-08T11:21:25.455+0300][455.118s][info ][gc] GC(2945) Pause Young (Allocation Failure) 155M->155M(333M) 125.889ms
[2020-08-08T11:21:25.542+0300][455.205s][info ][gc] GC(2946) Pause Young (Allocation Failure) 213M->213M(333M) 76.900ms
[2020-08-08T11:21:25.725+0300][455.388s][debug][gc] GC(2947) Shrinking ParOldGen from 224768K by 19456K to 205312K
[2020-08-08T11:21:25.725+0300][455.388s][info ][gc] GC(2947) Pause Full (Ergonomics) 213M->79M(314M) 183.059ms
[2020-08-08T11:21:25.926+0300][455.589s][info ][gc] GC(2948) Pause Young (Allocation Failure) 136M->135M(314M) 190.269ms
[2020-08-08T11:21:26.047+0300][455.710s][info ][gc] GC(2949) Pause Young (Allocation Failure) 193M->193M(314M) 110.332ms
[2020-08-08T11:21:26.175+0300][455.838s][debug][gc] GC(2950) Shrinking ParOldGen from 205312K by 19968K to 185344K
[2020-08-08T11:21:26.175+0300][455.838s][info ][gc] GC(2950) Pause Full (Ergonomics) 193M->59M(295M) 127.620ms
[2020-08-08T11:21:26.310+0300][455.973s][info ][gc] GC(2951) Pause Young (Allocation Failure) 117M->117M(295M) 125.178ms
[2020-08-08T11:21:26.482+0300][456.145s][info ][gc] GC(2952) Pause Young (Allocation Failure) 174M->175M(295M) 163.958ms
[2020-08-08T11:21:26.554+0300][456.217s][debug][gc] GC(2953) Shrinking ParOldGen from 185344K by 18944K to 166400K
[2020-08-08T11:21:26.554+0300][456.217s][info ][gc] GC(2953) Pause Full (Ergonomics) 175M->41M(276M) 71.856ms
[2020-08-08T11:21:26.745+0300][456.408s][info ][gc] GC(2954) Pause Young (Allocation Failure) 98M->98M(276M) 179.480ms
[2020-08-08T11:21:27.054+0300][456.716s][info ][gc] GC(2955) Pause Young (Allocation Failure) 156M->156M(276M) 300.078ms
[2020-08-08T11:21:27.069+0300][456.732s][debug][gc] GC(2956) Shrinking ParOldGen from 166400K by 18944K to 147456K
[2020-08-08T11:21:27.069+0300][456.732s][info ][gc] GC(2956) Pause Full (Ergonomics) 156M->22M(258M) 15.191ms
[2020-08-08T11:21:27.265+0300][456.928s][info ][gc] GC(2957) Pause Young (Allocation Failure) 80M->80M(258M) 182.744ms
[2020-08-08T11:21:27.632+0300][457.294s][info ][gc] GC(2958) Pause Young (Allocation Failure) 136M->136M(258M) 357.696ms
[2020-08-08T11:21:27.638+0300][457.301s][debug][gc] GC(2959) Shrinking ParOldGen from 147456K by 20992K to 126464K
[2020-08-08T11:21:27.638+0300][457.301s][info ][gc] GC(2959) Pause Full (Ergonomics) 136M->2M(237M) 6.252ms
[2020-08-08T11:21:27.685+0300][457.348s][info ][gc] GC(2960) Pause Young (Allocation Failure) 60M->59M(237M) 36.778ms
[2020-08-08T11:21:27.794+0300][457.457s][info ][gc] GC(2961) Pause Young (Allocation Failure) 117M->117M(237M) 96.748ms
[2020-08-08T11:21:28.082+0300][457.745s][debug][gc] GC(2962) Expanding ParOldGen from 126464K by 117248K to 243712K
[2020-08-08T11:21:28.082+0300][457.745s][info ][gc] GC(2962) Pause Full (Ergonomics) 117M->116M(352M) 287.921ms
[2020-08-08T11:21:28.137+0300][457.800s][info ][gc] GC(2963) Pause Young (Allocation Failure) 174M->174M(352M) 44.800ms
[2020-08-08T11:21:28.236+0300][457.899s][info ][gc] GC(2964) Pause Young (Allocation Failure) 231M->231M(352M) 88.876ms
[2020-08-08T11:21:28.479+0300][458.142s][debug][gc] GC(2965) Shrinking ParOldGen from 243712K by 18944K to 224768K
[2020-08-08T11:21:28.479+0300][458.142s][info ][gc] GC(2965) Pause Full (Ergonomics) 231M->98M(333M) 242.427ms
[2020-08-08T11:21:28.602+0300][458.265s][info ][gc] GC(2966) Pause Young (Allocation Failure) 155M->155M(333M) 114.476ms
[2020-08-08T11:21:28.697+0300][458.360s][info ][gc] GC(2967) Pause Young (Allocation Failure) 213M->213M(333M) 84.362ms
[2020-08-08T11:21:28.886+0300][458.549s][debug][gc] GC(2968) Shrinking ParOldGen from 224768K by 19456K to 205312K
[2020-08-08T11:21:28.886+0300][458.549s][info ][gc] GC(2968) Pause Full (Ergonomics) 213M->79M(314M) 189.022ms
[2020-08-08T11:21:29.082+0300][458.745s][info ][gc] GC(2969) Pause Young (Allocation Failure) 136M->135M(314M) 185.355ms
[2020-08-08T11:21:29.206+0300][458.869s][info ][gc] GC(2970) Pause Young (Allocation Failure) 193M->193M(314M) 113.554ms
[2020-08-08T11:21:29.330+0300][458.993s][debug][gc] GC(2971) Shrinking ParOldGen from 205312K by 19968K to 185344K
[2020-08-08T11:21:29.330+0300][458.993s][info ][gc] GC(2971) Pause Full (Ergonomics) 193M->59M(295M) 124.223ms
[2020-08-08T11:21:29.468+0300][459.131s][info ][gc] GC(2972) Pause Young (Allocation Failure) 117M->117M(295M) 126.822ms
[2020-08-08T11:21:29.623+0300][459.286s][info ][gc] GC(2973) Pause Young (Allocation Failure) 174M->175M(295M) 148.210ms
[2020-08-08T11:21:29.696+0300][459.359s][debug][gc] GC(2974) Shrinking ParOldGen from 185344K by 18944K to 166400K
[2020-08-08T11:21:29.696+0300][459.359s][info ][gc] GC(2974) Pause Full (Ergonomics) 175M->41M(276M) 72.263ms
[2020-08-08T11:21:29.894+0300][459.557s][info ][gc] GC(2975) Pause Young (Allocation Failure) 98M->98M(276M) 187.861ms
[2020-08-08T11:21:30.194+0300][459.857s][info ][gc] GC(2976) Pause Young (Allocation Failure) 156M->156M(276M) 290.186ms
[2020-08-08T11:21:30.209+0300][459.871s][debug][gc] GC(2977) Shrinking ParOldGen from 166400K by 18944K to 147456K
[2020-08-08T11:21:30.209+0300][459.872s][info ][gc] GC(2977) Pause Full (Ergonomics) 156M->22M(258M) 14.953ms
[2020-08-08T11:21:30.404+0300][460.067s][info ][gc] GC(2978) Pause Young (Allocation Failure) 80M->80M(258M) 179.949ms
[2020-08-08T11:21:30.775+0300][460.438s][info ][gc] GC(2979) Pause Young (Allocation Failure) 136M->136M(258M) 360.259ms
[2020-08-08T11:21:30.781+0300][460.444s][debug][gc] GC(2980) Shrinking ParOldGen from 147456K by 20992K to 126464K
[2020-08-08T11:21:30.781+0300][460.444s][info ][gc] GC(2980) Pause Full (Ergonomics) 136M->2M(237M) 6.222ms
[2020-08-08T11:21:30.828+0300][460.490s][info ][gc] GC(2981) Pause Young (Allocation Failure) 60M->59M(237M) 34.171ms
[2020-08-08T11:21:30.934+0300][460.597s][info ][gc] GC(2982) Pause Young (Allocation Failure) 117M->117M(237M) 96.006ms
[2020-08-08T11:21:31.232+0300][460.895s][debug][gc] GC(2983) Expanding ParOldGen from 126464K by 117248K to 243712K
[2020-08-08T11:21:31.232+0300][460.895s][info ][gc] GC(2983) Pause Full (Ergonomics) 117M->116M(352M) 297.981ms
[2020-08-08T11:21:31.287+0300][460.950s][info ][gc] GC(2984) Pause Young (Allocation Failure) 174M->174M(352M) 44.787ms
[2020-08-08T11:21:31.387+0300][461.050s][info ][gc] GC(2985) Pause Young (Allocation Failure) 231M->231M(352M) 90.281ms
[2020-08-08T11:21:31.639+0300][461.302s][debug][gc] GC(2986) Shrinking ParOldGen from 243712K by 18944K to 224768K
[2020-08-08T11:21:31.639+0300][461.302s][info ][gc] GC(2986) Pause Full (Ergonomics) 231M->98M(333M) 251.694ms
[2020-08-08T11:21:31.765+0300][461.428s][info ][gc] GC(2987) Pause Young (Allocation Failure) 155M->155M(333M) 113.401ms
[2020-08-08T11:21:31.882+0300][461.544s][info ][gc] GC(2988) Pause Young (Allocation Failure) 213M->213M(333M) 100.790ms
[2020-08-08T11:21:32.068+0300][461.731s][debug][gc] GC(2989) Shrinking ParOldGen from 224768K by 19456K to 205312K
[2020-08-08T11:21:32.068+0300][461.731s][info ][gc] GC(2989) Pause Full (Ergonomics) 213M->79M(314M) 186.571ms
[2020-08-08T11:21:32.268+0300][461.931s][info ][gc] GC(2990) Pause Young (Allocation Failure) 136M->135M(314M) 190.868ms
[2020-08-08T11:21:32.389+0300][462.052s][info ][gc] GC(2991) Pause Young (Allocation Failure) 193M->193M(314M) 108.615ms
[2020-08-08T11:21:32.515+0300][462.178s][debug][gc] GC(2992) Shrinking ParOldGen from 205312K by 19968K to 185344K
[2020-08-08T11:21:32.516+0300][462.178s][info ][gc] GC(2992) Pause Full (Ergonomics) 193M->59M(295M) 126.326ms
[2020-08-08T11:21:32.700+0300][462.362s][info ][gc] GC(2993) Pause Young (Allocation Failure) 117M->117M(295M) 173.830ms
[2020-08-08T11:21:32.881+0300][462.544s][info ][gc] GC(2994) Pause Young (Allocation Failure) 174M->175M(295M) 174.481ms
[2020-08-08T11:21:32.954+0300][462.617s][debug][gc] GC(2995) Shrinking ParOldGen from 185344K by 18944K to 166400K
[2020-08-08T11:21:32.954+0300][462.617s][info ][gc] GC(2995) Pause Full (Ergonomics) 175M->41M(276M) 72.528ms
[2020-08-08T11:21:33.153+0300][462.816s][info ][gc] GC(2996) Pause Young (Allocation Failure) 98M->98M(276M) 187.105ms
[2020-08-08T11:21:33.462+0300][463.125s][info ][gc] GC(2997) Pause Young (Allocation Failure) 156M->156M(276M) 300.961ms
[2020-08-08T11:21:33.477+0300][463.140s][debug][gc] GC(2998) Shrinking ParOldGen from 166400K by 18944K to 147456K
[2020-08-08T11:21:33.477+0300][463.140s][info ][gc] GC(2998) Pause Full (Ergonomics) 156M->22M(258M) 14.987ms
[2020-08-08T11:21:33.652+0300][463.315s][info ][gc] GC(2999) Pause Young (Allocation Failure) 80M->80M(258M) 158.780ms
[2020-08-08T11:21:33.996+0300][463.659s][info ][gc] GC(3000) Pause Young (Allocation Failure) 136M->136M(258M) 332.871ms
[2020-08-08T11:21:34.002+0300][463.665s][debug][gc] GC(3001) Shrinking ParOldGen from 147456K by 20992K to 126464K
[2020-08-08T11:21:34.002+0300][463.665s][info ][gc] GC(3001) Pause Full (Ergonomics) 136M->2M(237M) 6.071ms
[2020-08-08T11:21:34.048+0300][463.711s][info ][gc] GC(3002) Pause Young (Allocation Failure) 60M->59M(237M) 36.001ms
[2020-08-08T11:21:34.155+0300][463.818s][info ][gc] GC(3003) Pause Young (Allocation Failure) 117M->117M(237M) 96.737ms
[2020-08-08T11:21:34.466+0300][464.129s][debug][gc] GC(3004) Expanding ParOldGen from 126464K by 117248K to 243712K
[2020-08-08T11:21:34.466+0300][464.129s][info ][gc] GC(3004) Pause Full (Ergonomics) 117M->116M(352M) 310.248ms
[2020-08-08T11:21:34.544+0300][464.207s][info ][gc] GC(3005) Pause Young (Allocation Failure) 174M->174M(352M) 59.749ms
[2020-08-08T11:21:34.662+0300][464.325s][info ][gc] GC(3006) Pause Young (Allocation Failure) 231M->232M(352M) 99.437ms
[2020-08-08T11:21:34.900+0300][464.563s][debug][gc] GC(3007) Shrinking ParOldGen from 243712K by 18944K to 224768K
[2020-08-08T11:21:34.900+0300][464.563s][info ][gc] GC(3007) Pause Full (Ergonomics) 232M->98M(333M) 237.978ms
[2020-08-08T11:21:35.028+0300][464.691s][info ][gc] GC(3008) Pause Young (Allocation Failure) 155M->155M(333M) 119.794ms
[2020-08-08T11:21:35.118+0300][464.781s][info ][gc] GC(3009) Pause Young (Allocation Failure) 213M->213M(333M) 78.819ms
[2020-08-08T11:21:35.300+0300][464.963s][debug][gc] GC(3010) Shrinking ParOldGen from 224768K by 19456K to 205312K
[2020-08-08T11:21:35.300+0300][464.963s][info ][gc] GC(3010) Pause Full (Ergonomics) 213M->79M(314M) 181.980ms
[2020-08-08T11:21:35.435+0300][465.098s][info ][gc] GC(3011) Pause Young (Allocation Failure) 136M->135M(314M) 125.791ms
[2020-08-08T11:21:35.570+0300][465.233s][info ][gc] GC(3012) Pause Young (Allocation Failure) 193M->193M(314M) 123.275ms
[2020-08-08T11:21:35.687+0300][465.350s][debug][gc] GC(3013) Shrinking ParOldGen from 205312K by 19968K to 185344K
[2020-08-08T11:21:35.687+0300][465.350s][info ][gc] GC(3013) Pause Full (Ergonomics) 193M->59M(295M) 116.642ms
[2020-08-08T11:21:35.828+0300][465.491s][info ][gc] GC(3014) Pause Young (Allocation Failure) 117M->117M(295M) 131.653ms
[2020-08-08T11:21:35.994+0300][465.657s][info ][gc] GC(3015) Pause Young (Allocation Failure) 174M->175M(295M) 158.725ms
[2020-08-08T11:21:36.066+0300][465.729s][debug][gc] GC(3016) Shrinking ParOldGen from 185344K by 18944K to 166400K
[2020-08-08T11:21:36.066+0300][465.729s][info ][gc] GC(3016) Pause Full (Ergonomics) 175M->41M(276M) 71.442ms
[2020-08-08T11:21:36.257+0300][465.920s][info ][gc] GC(3017) Pause Young (Allocation Failure) 98M->98M(276M) 181.069ms
[2020-08-08T11:21:36.553+0300][466.216s][info ][gc] GC(3018) Pause Young (Allocation Failure) 156M->156M(276M) 288.424ms
[2020-08-08T11:21:36.569+0300][466.232s][debug][gc] GC(3019) Shrinking ParOldGen from 166400K by 18944K to 147456K
[2020-08-08T11:21:36.570+0300][466.232s][info ][gc] GC(3019) Pause Full (Ergonomics) 156M->22M(258M) 16.288ms
[2020-08-08T11:21:36.766+0300][466.429s][info ][gc] GC(3020) Pause Young (Allocation Failure) 80M->80M(258M) 179.875ms
[2020-08-08T11:21:37.134+0300][466.797s][info ][gc] GC(3021) Pause Young (Allocation Failure) 136M->136M(258M) 357.912ms
[2020-08-08T11:21:37.141+0300][466.803s][debug][gc] GC(3022) Shrinking ParOldGen from 147456K by 20992K to 126464K
[2020-08-08T11:21:37.141+0300][466.804s][info ][gc] GC(3022) Pause Full (Ergonomics) 136M->2M(237M) 6.284ms
[2020-08-08T11:21:37.187+0300][466.850s][info ][gc] GC(3023) Pause Young (Allocation Failure) 60M->59M(237M) 36.146ms
[2020-08-08T11:21:37.290+0300][466.953s][info ][gc] GC(3024) Pause Young (Allocation Failure) 117M->117M(237M) 92.092ms
[2020-08-08T11:21:37.589+0300][467.252s][debug][gc] GC(3025) Expanding ParOldGen from 126464K by 117248K to 243712K
[2020-08-08T11:21:37.589+0300][467.252s][info ][gc] GC(3025) Pause Full (Ergonomics) 117M->116M(352M) 299.662ms
[2020-08-08T11:21:37.648+0300][467.311s][info ][gc] GC(3026) Pause Young (Allocation Failure) 174M->174M(352M) 46.490ms
[2020-08-08T11:21:37.749+0300][467.412s][info ][gc] GC(3027) Pause Young (Allocation Failure) 231M->232M(352M) 90.691ms
[2020-08-08T11:21:37.991+0300][467.654s][debug][gc] GC(3028) Shrinking ParOldGen from 243712K by 18944K to 224768K
[2020-08-08T11:21:37.991+0300][467.654s][info ][gc] GC(3028) Pause Full (Ergonomics) 232M->98M(333M) 241.714ms
[2020-08-08T11:21:38.106+0300][467.769s][info ][gc] GC(3029) Pause Young (Allocation Failure) 155M->155M(333M) 105.215ms
[2020-08-08T11:21:38.193+0300][467.856s][info ][gc] GC(3030) Pause Young (Allocation Failure) 213M->213M(333M) 75.254ms
[2020-08-08T11:21:38.382+0300][468.045s][debug][gc] GC(3031) Shrinking ParOldGen from 224768K by 19456K to 205312K
[2020-08-08T11:21:38.382+0300][468.045s][info ][gc] GC(3031) Pause Full (Ergonomics) 213M->79M(314M) 188.565ms
[2020-08-08T11:21:38.579+0300][468.242s][info ][gc] GC(3032) Pause Young (Allocation Failure) 136M->135M(314M) 186.726ms
[2020-08-08T11:21:38.706+0300][468.369s][info ][gc] GC(3033) Pause Young (Allocation Failure) 193M->193M(314M) 114.619ms
[2020-08-08T11:21:38.830+0300][468.493s][debug][gc] GC(3034) Shrinking ParOldGen from 205312K by 19968K to 185344K
[2020-08-08T11:21:38.830+0300][468.493s][info ][gc] GC(3034) Pause Full (Ergonomics) 193M->59M(295M) 123.834ms
[2020-08-08T11:21:38.986+0300][468.649s][info ][gc] GC(3035) Pause Young (Allocation Failure) 117M->117M(295M) 145.382ms
[2020-08-08T11:21:39.141+0300][468.804s][info ][gc] GC(3036) Pause Young (Allocation Failure) 174M->175M(295M) 145.454ms
[2020-08-08T11:21:39.213+0300][468.876s][debug][gc] GC(3037) Shrinking ParOldGen from 185344K by 18944K to 166400K
[2020-08-08T11:21:39.213+0300][468.876s][info ][gc] GC(3037) Pause Full (Ergonomics) 175M->41M(276M) 72.113ms
[2020-08-08T11:21:39.407+0300][469.070s][info ][gc] GC(3038) Pause Young (Allocation Failure) 98M->98M(276M) 182.746ms
[2020-08-08T11:21:39.696+0300][469.359s][info ][gc] GC(3039) Pause Young (Allocation Failure) 156M->156M(276M) 281.649ms
[2020-08-08T11:21:39.714+0300][469.377s][debug][gc] GC(3040) Shrinking ParOldGen from 166400K by 18944K to 147456K
[2020-08-08T11:21:39.714+0300][469.377s][info ][gc] GC(3040) Pause Full (Ergonomics) 156M->22M(258M) 17.511ms
[2020-08-08T11:21:39.911+0300][469.574s][info ][gc] GC(3041) Pause Young (Allocation Failure) 80M->80M(258M) 181.566ms
[2020-08-08T11:21:40.271+0300][469.934s][info ][gc] GC(3042) Pause Young (Allocation Failure) 136M->136M(258M) 350.195ms
[2020-08-08T11:21:40.277+0300][469.940s][debug][gc] GC(3043) Shrinking ParOldGen from 147456K by 20992K to 126464K
[2020-08-08T11:21:40.277+0300][469.940s][info ][gc] GC(3043) Pause Full (Ergonomics) 136M->2M(237M) 6.067ms
[2020-08-08T11:21:40.321+0300][469.984s][info ][gc] GC(3044) Pause Young (Allocation Failure) 60M->59M(237M) 34.324ms
[2020-08-08T11:21:40.429+0300][470.092s][info ][gc] GC(3045) Pause Young (Allocation Failure) 117M->117M(237M) 96.604ms
[2020-08-08T11:21:40.732+0300][470.395s][debug][gc] GC(3046) Expanding ParOldGen from 126464K by 117248K to 243712K
[2020-08-08T11:21:40.732+0300][470.395s][info ][gc] GC(3046) Pause Full (Ergonomics) 117M->116M(352M) 302.968ms
[2020-08-08T11:21:40.788+0300][470.451s][info ][gc] GC(3047) Pause Young (Allocation Failure) 174M->174M(352M) 45.541ms
[2020-08-08T11:21:40.891+0300][470.554s][info ][gc] GC(3048) Pause Young (Allocation Failure) 231M->231M(352M) 92.592ms
[2020-08-08T11:21:41.132+0300][470.795s][debug][gc] GC(3049) Shrinking ParOldGen from 243712K by 18944K to 224768K
[2020-08-08T11:21:41.132+0300][470.795s][info ][gc] GC(3049) Pause Full (Ergonomics) 231M->98M(333M) 240.732ms
[2020-08-08T11:21:41.263+0300][470.926s][info ][gc] GC(3050) Pause Young (Allocation Failure) 155M->155M(333M) 120.218ms
[2020-08-08T11:21:41.361+0300][471.024s][info ][gc] GC(3051) Pause Young (Allocation Failure) 213M->213M(333M) 87.051ms
[2020-08-08T11:21:41.545+0300][471.208s][debug][gc] GC(3052) Shrinking ParOldGen from 224768K by 19456K to 205312K
[2020-08-08T11:21:41.545+0300][471.208s][info ][gc] GC(3052) Pause Full (Ergonomics) 213M->79M(314M) 184.072ms
[2020-08-08T11:21:41.738+0300][471.401s][info ][gc] GC(3053) Pause Young (Allocation Failure) 136M->135M(314M) 183.105ms
[2020-08-08T11:21:41.862+0300][471.525s][info ][gc] GC(3054) Pause Young (Allocation Failure) 193M->193M(314M) 112.418ms
[2020-08-08T11:21:41.992+0300][471.654s][debug][gc] GC(3055) Shrinking ParOldGen from 205312K by 19968K to 185344K
[2020-08-08T11:21:41.992+0300][471.654s][info ][gc] GC(3055) Pause Full (Ergonomics) 193M->59M(295M) 129.157ms
[2020-08-08T11:21:42.128+0300][471.791s][info ][gc] GC(3056) Pause Young (Allocation Failure) 117M->117M(295M) 125.972ms
[2020-08-08T11:21:42.286+0300][471.949s][info ][gc] GC(3057) Pause Young (Allocation Failure) 174M->175M(295M) 148.734ms
[2020-08-08T11:21:42.356+0300][472.019s][debug][gc] GC(3058) Shrinking ParOldGen from 185344K by 18944K to 166400K
[2020-08-08T11:21:42.356+0300][472.019s][info ][gc] GC(3058) Pause Full (Ergonomics) 175M->41M(276M) 69.997ms
[2020-08-08T11:21:42.553+0300][472.216s][info ][gc] GC(3059) Pause Young (Allocation Failure) 98M->98M(276M) 185.364ms
[2020-08-08T11:21:42.858+0300][472.521s][info ][gc] GC(3060) Pause Young (Allocation Failure) 156M->156M(276M) 297.510ms
[2020-08-08T11:21:42.873+0300][472.536s][debug][gc] GC(3061) Shrinking ParOldGen from 166400K by 18944K to 147456K
[2020-08-08T11:21:42.873+0300][472.536s][info ][gc] GC(3061) Pause Full (Ergonomics) 156M->22M(258M) 14.906ms
[2020-08-08T11:21:43.071+0300][472.734s][info ][gc] GC(3062) Pause Young (Allocation Failure) 80M->80M(258M) 183.536ms
[2020-08-08T11:21:43.441+0300][473.104s][info ][gc] GC(3063) Pause Young (Allocation Failure) 136M->136M(258M) 360.854ms
[2020-08-08T11:21:43.447+0300][473.110s][debug][gc] GC(3064) Shrinking ParOldGen from 147456K by 20992K to 126464K
[2020-08-08T11:21:43.448+0300][473.110s][info ][gc] GC(3064) Pause Full (Ergonomics) 136M->2M(237M) 6.224ms
[2020-08-08T11:21:43.493+0300][473.155s][info ][gc] GC(3065) Pause Young (Allocation Failure) 60M->59M(237M) 34.900ms
[2020-08-08T11:21:43.599+0300][473.262s][info ][gc] GC(3066) Pause Young (Allocation Failure) 117M->117M(237M) 94.470ms
[2020-08-08T11:21:43.891+0300][473.554s][debug][gc] GC(3067) Expanding ParOldGen from 126464K by 117248K to 243712K
[2020-08-08T11:21:43.892+0300][473.554s][info ][gc] GC(3067) Pause Full (Ergonomics) 117M->116M(352M) 292.069ms
[2020-08-08T11:21:43.948+0300][473.610s][info ][gc] GC(3068) Pause Young (Allocation Failure) 174M->174M(352M) 41.583ms
[2020-08-08T11:21:44.052+0300][473.715s][info ][gc] GC(3069) Pause Young (Allocation Failure) 231M->231M(352M) 93.976ms
[2020-08-08T11:21:44.298+0300][473.961s][debug][gc] GC(3070) Shrinking ParOldGen from 243712K by 18944K to 224768K
[2020-08-08T11:21:44.298+0300][473.961s][info ][gc] GC(3070) Pause Full (Ergonomics) 231M->98M(333M) 246.169ms
[2020-08-08T11:21:44.435+0300][474.098s][info ][gc] GC(3071) Pause Young (Allocation Failure) 155M->155M(333M) 126.314ms
[2020-08-08T11:21:44.527+0300][474.190s][info ][gc] GC(3072) Pause Young (Allocation Failure) 213M->213M(333M) 80.561ms
[2020-08-08T11:21:44.710+0300][474.373s][debug][gc] GC(3073) Shrinking ParOldGen from 224768K by 19456K to 205312K
[2020-08-08T11:21:44.710+0300][474.373s][info ][gc] GC(3073) Pause Full (Ergonomics) 213M->79M(314M) 183.223ms
[2020-08-08T11:21:44.914+0300][474.577s][info ][gc] GC(3074) Pause Young (Allocation Failure) 135M->135M(314M) 190.901ms
[2020-08-08T11:21:45.042+0300][474.705s][info ][gc] GC(3075) Pause Young (Allocation Failure) 193M->193M(314M) 120.434ms
[2020-08-08T11:21:45.165+0300][474.828s][debug][gc] GC(3076) Shrinking ParOldGen from 205312K by 19968K to 185344K
[2020-08-08T11:21:45.165+0300][474.828s][info ][gc] GC(3076) Pause Full (Ergonomics) 193M->59M(295M) 122.227ms
[2020-08-08T11:21:45.348+0300][475.011s][info ][gc] GC(3077) Pause Young (Allocation Failure) 117M->117M(295M) 171.823ms
[2020-08-08T11:21:45.530+0300][475.193s][info ][gc] GC(3078) Pause Young (Allocation Failure) 174M->175M(295M) 173.696ms
[2020-08-08T11:21:45.601+0300][475.264s][debug][gc] GC(3079) Shrinking ParOldGen from 185344K by 18944K to 166400K
[2020-08-08T11:21:45.601+0300][475.264s][info ][gc] GC(3079) Pause Full (Ergonomics) 175M->41M(276M) 70.460ms
[2020-08-08T11:21:45.778+0300][475.440s][info ][gc] GC(3080) Pause Young (Allocation Failure) 98M->98M(276M) 162.964ms
[2020-08-08T11:21:46.076+0300][475.739s][info ][gc] GC(3081) Pause Young (Allocation Failure) 156M->156M(276M) 288.940ms
[2020-08-08T11:21:46.091+0300][475.753s][debug][gc] GC(3082) Shrinking ParOldGen from 166400K by 18944K to 147456K
[2020-08-08T11:21:46.091+0300][475.754s][info ][gc] GC(3082) Pause Full (Ergonomics) 156M->22M(258M) 14.317ms
[2020-08-08T11:21:46.276+0300][475.939s][info ][gc] GC(3083) Pause Young (Allocation Failure) 80M->80M(258M) 173.866ms
[2020-08-08T11:21:46.668+0300][476.331s][info ][gc] GC(3084) Pause Young (Allocation Failure) 136M->136M(258M) 381.679ms
[2020-08-08T11:21:46.675+0300][476.338s][debug][gc] GC(3085) Shrinking ParOldGen from 147456K by 20992K to 126464K
[2020-08-08T11:21:46.675+0300][476.338s][info ][gc] GC(3085) Pause Full (Ergonomics) 136M->2M(237M) 6.901ms
[2020-08-08T11:21:46.724+0300][476.387s][info ][gc] GC(3086) Pause Young (Allocation Failure) 60M->59M(237M) 36.399ms
[2020-08-08T11:21:46.838+0300][476.501s][info ][gc] GC(3087) Pause Young (Allocation Failure) 117M->117M(237M) 100.883ms
[2020-08-08T11:21:47.142+0300][476.804s][debug][gc] GC(3088) Expanding ParOldGen from 126464K by 117248K to 243712K
[2020-08-08T11:21:47.142+0300][476.804s][info ][gc] GC(3088) Pause Full (Ergonomics) 117M->116M(352M) 303.515ms
[2020-08-08T11:21:47.194+0300][476.857s][info ][gc] GC(3089) Pause Young (Allocation Failure) 174M->174M(352M) 42.702ms
[2020-08-08T11:21:47.300+0300][476.963s][info ][gc] GC(3090) Pause Young (Allocation Failure) 232M->232M(352M) 95.291ms
[2020-08-08T11:21:47.539+0300][477.202s][debug][gc] GC(3091) Shrinking ParOldGen from 243712K by 18944K to 224768K
[2020-08-08T11:21:47.539+0300][477.202s][info ][gc] GC(3091) Pause Full (Ergonomics) 232M->98M(333M) 238.380ms
[2020-08-08T11:21:47.652+0300][477.315s][info ][gc] GC(3092) Pause Young (Allocation Failure) 155M->155M(333M) 105.184ms
[2020-08-08T11:21:47.739+0300][477.402s][info ][gc] GC(3093) Pause Young (Allocation Failure) 213M->213M(333M) 76.910ms
[2020-08-08T11:21:47.924+0300][477.587s][debug][gc] GC(3094) Shrinking ParOldGen from 224768K by 19456K to 205312K
[2020-08-08T11:21:47.924+0300][477.587s][info ][gc] GC(3094) Pause Full (Ergonomics) 213M->79M(314M) 185.249ms
[2020-08-08T11:21:48.118+0300][477.781s][info ][gc] GC(3095) Pause Young (Allocation Failure) 135M->135M(314M) 180.456ms
[2020-08-08T11:21:48.232+0300][477.895s][info ][gc] GC(3096) Pause Young (Allocation Failure) 193M->193M(314M) 106.905ms
[2020-08-08T11:21:48.359+0300][478.022s][debug][gc] GC(3097) Shrinking ParOldGen from 205312K by 19968K to 185344K
[2020-08-08T11:21:48.359+0300][478.022s][info ][gc] GC(3097) Pause Full (Ergonomics) 193M->59M(295M) 126.285ms
[2020-08-08T11:21:48.532+0300][478.195s][info ][gc] GC(3098) Pause Young (Allocation Failure) 117M->117M(295M) 161.666ms
[2020-08-08T11:21:48.734+0300][478.397s][info ][gc] GC(3099) Pause Young (Allocation Failure) 174M->175M(295M) 193.708ms
[2020-08-08T11:21:48.804+0300][478.467s][debug][gc] GC(3100) Shrinking ParOldGen from 185344K by 18944K to 166400K
[2020-08-08T11:21:48.804+0300][478.467s][info ][gc] GC(3100) Pause Full (Ergonomics) 175M->41M(276M) 70.023ms
[2020-08-08T11:21:49.005+0300][478.668s][info ][gc] GC(3101) Pause Young (Allocation Failure) 98M->98M(276M) 187.481ms
[2020-08-08T11:21:49.316+0300][478.979s][info ][gc] GC(3102) Pause Young (Allocation Failure) 156M->156M(276M) 301.560ms
[2020-08-08T11:21:49.331+0300][478.994s][debug][gc] GC(3103) Shrinking ParOldGen from 166400K by 19456K to 146944K
[2020-08-08T11:21:49.331+0300][478.994s][info ][gc] GC(3103) Pause Full (Ergonomics) 156M->22M(257M) 15.530ms
[2020-08-08T11:21:49.504+0300][479.167s][info ][gc] GC(3104) Pause Young (Allocation Failure) 80M->79M(257M) 160.896ms
[2020-08-08T11:21:49.881+0300][479.544s][info ][gc] GC(3105) Pause Young (Allocation Failure) 137M->136M(257M) 368.028ms
[2020-08-08T11:21:49.887+0300][479.550s][debug][gc] GC(3106) Shrinking ParOldGen from 146944K by 20480K to 126464K
[2020-08-08T11:21:49.887+0300][479.550s][info ][gc] GC(3106) Pause Full (Ergonomics) 136M->2M(237M) 6.133ms
[2020-08-08T11:21:49.936+0300][479.599s][info ][gc] GC(3107) Pause Young (Allocation Failure) 60M->59M(237M) 37.043ms
[2020-08-08T11:21:50.042+0300][479.705s][info ][gc] GC(3108) Pause Young (Allocation Failure) 117M->117M(237M) 93.965ms
[2020-08-08T11:21:50.343+0300][480.006s][debug][gc] GC(3109) Expanding ParOldGen from 126464K by 117248K to 243712K
[2020-08-08T11:21:50.343+0300][480.006s][info ][gc] GC(3109) Pause Full (Ergonomics) 117M->117M(352M) 301.592ms
[2020-08-08T11:21:50.397+0300][480.059s][info ][gc] GC(3110) Pause Young (Allocation Failure) 174M->174M(352M) 43.279ms
[2020-08-08T11:21:50.495+0300][480.158s][info ][gc] GC(3111) Pause Young (Allocation Failure) 231M->231M(352M) 88.903ms
[2020-08-08T11:21:50.737+0300][480.400s][debug][gc] GC(3112) Shrinking ParOldGen from 243712K by 18944K to 224768K
[2020-08-08T11:21:50.737+0300][480.400s][info ][gc] GC(3112) Pause Full (Ergonomics) 231M->98M(333M) 241.408ms
[2020-08-08T11:21:50.864+0300][480.527s][info ][gc] GC(3113) Pause Young (Allocation Failure) 155M->155M(333M) 117.196ms
[2020-08-08T11:21:50.956+0300][480.619s][info ][gc] GC(3114) Pause Young (Allocation Failure) 213M->213M(333M) 80.856ms
[2020-08-08T11:21:51.138+0300][480.800s][debug][gc] GC(3115) Shrinking ParOldGen from 224768K by 19456K to 205312K
[2020-08-08T11:21:51.138+0300][480.801s][info ][gc] GC(3115) Pause Full (Ergonomics) 213M->79M(314M) 181.680ms
[2020-08-08T11:21:51.334+0300][480.997s][info ][gc] GC(3116) Pause Young (Allocation Failure) 135M->135M(314M) 184.412ms
[2020-08-08T11:21:51.462+0300][481.125s][info ][gc] GC(3117) Pause Young (Allocation Failure) 193M->193M(314M) 115.681ms
[2020-08-08T11:21:51.584+0300][481.247s][debug][gc] GC(3118) Shrinking ParOldGen from 205312K by 19968K to 185344K
[2020-08-08T11:21:51.584+0300][481.247s][info ][gc] GC(3118) Pause Full (Ergonomics) 193M->59M(295M) 122.007ms
[2020-08-08T11:21:51.768+0300][481.431s][info ][gc] GC(3119) Pause Young (Allocation Failure) 117M->117M(295M) 173.349ms
[2020-08-08T11:21:51.968+0300][481.630s][info ][gc] GC(3120) Pause Young (Allocation Failure) 174M->175M(295M) 188.562ms
[2020-08-08T11:21:52.041+0300][481.704s][debug][gc] GC(3121) Shrinking ParOldGen from 185344K by 18944K to 166400K
[2020-08-08T11:21:52.041+0300][481.704s][info ][gc] GC(3121) Pause Full (Ergonomics) 175M->41M(276M) 73.673ms
[2020-08-08T11:21:52.239+0300][481.901s][info ][gc] GC(3122) Pause Young (Allocation Failure) 98M->98M(276M) 185.543ms
[2020-08-08T11:21:52.547+0300][482.210s][info ][gc] GC(3123) Pause Young (Allocation Failure) 156M->156M(276M) 299.486ms
[2020-08-08T11:21:52.562+0300][482.225s][debug][gc] GC(3124) Shrinking ParOldGen from 166400K by 19456K to 146944K
[2020-08-08T11:21:52.562+0300][482.225s][info ][gc] GC(3124) Pause Full (Ergonomics) 156M->22M(257M) 14.312ms
[2020-08-08T11:21:52.739+0300][482.402s][info ][gc] GC(3125) Pause Young (Allocation Failure) 79M->79M(257M) 164.654ms
[2020-08-08T11:21:53.112+0300][482.775s][info ][gc] GC(3126) Pause Young (Allocation Failure) 137M->136M(257M) 362.957ms
[2020-08-08T11:21:53.118+0300][482.781s][debug][gc] GC(3127) Shrinking ParOldGen from 146944K by 20480K to 126464K
[2020-08-08T11:21:53.118+0300][482.781s][info ][gc] GC(3127) Pause Full (Ergonomics) 136M->2M(237M) 6.003ms
[2020-08-08T11:21:53.164+0300][482.827s][info ][gc] GC(3128) Pause Young (Allocation Failure) 60M->59M(237M) 35.396ms
[2020-08-08T11:21:53.271+0300][482.934s][info ][gc] GC(3129) Pause Young (Allocation Failure) 117M->117M(237M) 95.744ms
[2020-08-08T11:21:53.575+0300][483.238s][debug][gc] GC(3130) Expanding ParOldGen from 126464K by 117248K to 243712K
[2020-08-08T11:21:53.575+0300][483.238s][info ][gc] GC(3130) Pause Full (Ergonomics) 117M->117M(352M) 303.703ms
[2020-08-08T11:21:53.627+0300][483.290s][info ][gc] GC(3131) Pause Young (Allocation Failure) 174M->174M(352M) 42.892ms
[2020-08-08T11:21:53.726+0300][483.389s][info ][gc] GC(3132) Pause Young (Allocation Failure) 231M->231M(352M) 89.295ms
[2020-08-08T11:21:53.970+0300][483.633s][debug][gc] GC(3133) Shrinking ParOldGen from 243712K by 18944K to 224768K
[2020-08-08T11:21:53.971+0300][483.633s][info ][gc] GC(3133) Pause Full (Ergonomics) 231M->98M(333M) 244.214ms
[2020-08-08T11:21:54.098+0300][483.761s][info ][gc] GC(3134) Pause Young (Allocation Failure) 155M->155M(333M) 117.843ms
[2020-08-08T11:21:54.191+0300][483.854s][info ][gc] GC(3135) Pause Young (Allocation Failure) 213M->213M(333M) 83.125ms
[2020-08-08T11:21:54.375+0300][484.038s][debug][gc] GC(3136) Shrinking ParOldGen from 224768K by 19456K to 205312K
[2020-08-08T11:21:54.375+0300][484.038s][info ][gc] GC(3136) Pause Full (Ergonomics) 213M->79M(314M) 183.518ms
[2020-08-08T11:21:54.570+0300][484.233s][info ][gc] GC(3137) Pause Young (Allocation Failure) 135M->135M(314M) 182.210ms
[2020-08-08T11:21:54.693+0300][484.356s][info ][gc] GC(3138) Pause Young (Allocation Failure) 193M->193M(314M) 113.277ms
[2020-08-08T11:21:54.817+0300][484.479s][debug][gc] GC(3139) Shrinking ParOldGen from 205312K by 19968K to 185344K
[2020-08-08T11:21:54.817+0300][484.480s][info ][gc] GC(3139) Pause Full (Ergonomics) 193M->59M(295M) 123.644ms
[2020-08-08T11:21:54.986+0300][484.648s][info ][gc] GC(3140) Pause Young (Allocation Failure) 117M->117M(295M) 155.876ms
[2020-08-08T11:21:55.171+0300][484.834s][info ][gc] GC(3141) Pause Young (Allocation Failure) 174M->175M(295M) 178.284ms
[2020-08-08T11:21:55.242+0300][484.905s][debug][gc] GC(3142) Shrinking ParOldGen from 185344K by 18944K to 166400K
[2020-08-08T11:21:55.242+0300][484.905s][info ][gc] GC(3142) Pause Full (Ergonomics) 175M->41M(276M) 71.256ms
[2020-08-08T11:21:55.437+0300][485.100s][info ][gc] GC(3143) Pause Young (Allocation Failure) 98M->98M(276M) 185.139ms
[2020-08-08T11:21:55.734+0300][485.396s][info ][gc] GC(3144) Pause Young (Allocation Failure) 156M->156M(276M) 286.803ms
[2020-08-08T11:21:55.748+0300][485.411s][debug][gc] GC(3145) Shrinking ParOldGen from 166400K by 19456K to 146944K
[2020-08-08T11:21:55.748+0300][485.411s][info ][gc] GC(3145) Pause Full (Ergonomics) 156M->22M(257M) 14.697ms
[2020-08-08T11:21:55.950+0300][485.613s][info ][gc] GC(3146) Pause Young (Allocation Failure) 80M->80M(257M) 190.076ms
[2020-08-08T11:21:56.322+0300][485.985s][info ][gc] GC(3147) Pause Young (Allocation Failure) 136M->136M(257M) 358.800ms
[2020-08-08T11:21:56.328+0300][485.991s][debug][gc] GC(3148) Shrinking ParOldGen from 146944K by 20480K to 126464K
[2020-08-08T11:21:56.328+0300][485.991s][info ][gc] GC(3148) Pause Full (Ergonomics) 136M->2M(237M) 5.930ms
[2020-08-08T11:21:56.374+0300][486.037s][info ][gc] GC(3149) Pause Young (Allocation Failure) 60M->59M(237M) 35.852ms
[2020-08-08T11:21:56.476+0300][486.139s][info ][gc] GC(3150) Pause Young (Allocation Failure) 117M->117M(237M) 92.057ms
[2020-08-08T11:21:56.778+0300][486.441s][debug][gc] GC(3151) Expanding ParOldGen from 126464K by 117248K to 243712K
[2020-08-08T11:21:56.778+0300][486.441s][info ][gc] GC(3151) Pause Full (Ergonomics) 117M->116M(352M) 301.759ms
[2020-08-08T11:21:56.828+0300][486.491s][info ][gc] GC(3152) Pause Young (Allocation Failure) 174M->174M(352M) 42.016ms
[2020-08-08T11:21:56.931+0300][486.593s][info ][gc] GC(3153) Pause Young (Allocation Failure) 231M->232M(352M) 91.737ms
[2020-08-08T11:21:57.173+0300][486.836s][debug][gc] GC(3154) Shrinking ParOldGen from 243712K by 18944K to 224768K
[2020-08-08T11:21:57.173+0300][486.836s][info ][gc] GC(3154) Pause Full (Ergonomics) 232M->98M(333M) 242.336ms
[2020-08-08T11:21:57.302+0300][486.965s][info ][gc] GC(3155) Pause Young (Allocation Failure) 155M->155M(333M) 120.266ms
[2020-08-08T11:21:57.389+0300][487.052s][info ][gc] GC(3156) Pause Young (Allocation Failure) 213M->213M(333M) 76.650ms
[2020-08-08T11:21:57.571+0300][487.234s][debug][gc] GC(3157) Shrinking ParOldGen from 224768K by 19456K to 205312K
[2020-08-08T11:21:57.571+0300][487.234s][info ][gc] GC(3157) Pause Full (Ergonomics) 213M->79M(314M) 182.321ms
[2020-08-08T11:21:57.774+0300][487.437s][info ][gc] GC(3158) Pause Young (Allocation Failure) 136M->135M(314M) 191.795ms
[2020-08-08T11:21:57.902+0300][487.565s][info ][gc] GC(3159) Pause Young (Allocation Failure) 193M->193M(314M) 119.355ms
[2020-08-08T11:21:58.032+0300][487.695s][debug][gc] GC(3160) Shrinking ParOldGen from 205312K by 19968K to 185344K
[2020-08-08T11:21:58.032+0300][487.695s][info ][gc] GC(3160) Pause Full (Ergonomics) 193M->59M(295M) 129.681ms
[2020-08-08T11:21:58.180+0300][487.843s][info ][gc] GC(3161) Pause Young (Allocation Failure) 117M->117M(295M) 136.021ms
[2020-08-08T11:21:58.386+0300][488.049s][info ][gc] GC(3162) Pause Young (Allocation Failure) 175M->175M(295M) 198.503ms
[2020-08-08T11:21:58.459+0300][488.122s][debug][gc] GC(3163) Shrinking ParOldGen from 185344K by 18944K to 166400K
[2020-08-08T11:21:58.459+0300][488.122s][info ][gc] GC(3163) Pause Full (Ergonomics) 175M->41M(276M) 72.253ms
[2020-08-08T11:21:58.658+0300][488.321s][info ][gc] GC(3164) Pause Young (Allocation Failure) 98M->98M(276M) 186.904ms
[2020-08-08T11:21:58.968+0300][488.631s][info ][gc] GC(3165) Pause Young (Allocation Failure) 156M->156M(276M) 300.196ms
[2020-08-08T11:21:58.984+0300][488.647s][debug][gc] GC(3166) Shrinking ParOldGen from 166400K by 18944K to 147456K
[2020-08-08T11:21:58.984+0300][488.647s][info ][gc] GC(3166) Pause Full (Ergonomics) 156M->22M(258M) 15.629ms
[2020-08-08T11:21:59.182+0300][488.845s][info ][gc] GC(3167) Pause Young (Allocation Failure) 80M->80M(258M) 185.360ms
[2020-08-08T11:21:59.543+0300][489.206s][info ][gc] GC(3168) Pause Young (Allocation Failure) 136M->136M(258M) 350.080ms
[2020-08-08T11:21:59.549+0300][489.212s][debug][gc] GC(3169) Shrinking ParOldGen from 147456K by 20992K to 126464K
[2020-08-08T11:21:59.549+0300][489.212s][info ][gc] GC(3169) Pause Full (Ergonomics) 136M->2M(237M) 6.561ms
[2020-08-08T11:21:59.593+0300][489.256s][info ][gc] GC(3170) Pause Young (Allocation Failure) 60M->59M(237M) 33.869ms
[2020-08-08T11:21:59.698+0300][489.361s][info ][gc] GC(3171) Pause Young (Allocation Failure) 117M->117M(237M) 93.318ms
[2020-08-08T11:21:59.999+0300][489.662s][debug][gc] GC(3172) Expanding ParOldGen from 126464K by 117248K to 243712K
[2020-08-08T11:21:59.999+0300][489.662s][info ][gc] GC(3172) Pause Full (Ergonomics) 117M->116M(352M) 301.363ms
[2020-08-08T11:22:00.055+0300][489.717s][info ][gc] GC(3173) Pause Young (Allocation Failure) 174M->174M(352M) 41.723ms
[2020-08-08T11:22:00.156+0300][489.819s][info ][gc] GC(3174) Pause Young (Allocation Failure) 231M->231M(352M) 90.264ms
[2020-08-08T11:22:00.403+0300][490.065s][debug][gc] GC(3175) Shrinking ParOldGen from 243712K by 18944K to 224768K
[2020-08-08T11:22:00.403+0300][490.066s][info ][gc] GC(3175) Pause Full (Ergonomics) 231M->98M(333M) 246.086ms
[2020-08-08T11:22:00.529+0300][490.192s][info ][gc] GC(3176) Pause Young (Allocation Failure) 155M->155M(333M) 115.465ms
[2020-08-08T11:22:00.618+0300][490.281s][info ][gc] GC(3177) Pause Young (Allocation Failure) 213M->213M(333M) 78.846ms
[2020-08-08T11:22:00.800+0300][490.463s][debug][gc] GC(3178) Shrinking ParOldGen from 224768K by 19456K to 205312K
[2020-08-08T11:22:00.800+0300][490.463s][info ][gc] GC(3178) Pause Full (Ergonomics) 213M->79M(314M) 182.140ms
[2020-08-08T11:22:00.999+0300][490.662s][info ][gc] GC(3179) Pause Young (Allocation Failure) 135M->135M(314M) 189.094ms
[2020-08-08T11:22:01.137+0300][490.799s][info ][gc] GC(3180) Pause Young (Allocation Failure) 193M->193M(314M) 127.248ms
[2020-08-08T11:22:01.265+0300][490.928s][debug][gc] GC(3181) Shrinking ParOldGen from 205312K by 19968K to 185344K
[2020-08-08T11:22:01.265+0300][490.928s][info ][gc] GC(3181) Pause Full (Ergonomics) 193M->59M(295M) 128.166ms
[2020-08-08T11:22:01.400+0300][491.063s][info ][gc] GC(3182) Pause Young (Allocation Failure) 117M->117M(295M) 125.230ms
[2020-08-08T11:22:01.567+0300][491.230s][info ][gc] GC(3183) Pause Young (Allocation Failure) 174M->175M(295M) 157.134ms
[2020-08-08T11:22:01.638+0300][491.301s][debug][gc] GC(3184) Shrinking ParOldGen from 185344K by 18944K to 166400K
[2020-08-08T11:22:01.638+0300][491.301s][info ][gc] GC(3184) Pause Full (Ergonomics) 175M->41M(276M) 71.135ms
[2020-08-08T11:22:01.832+0300][491.495s][info ][gc] GC(3185) Pause Young (Allocation Failure) 98M->98M(276M) 182.861ms
[2020-08-08T11:22:02.124+0300][491.787s][info ][gc] GC(3186) Pause Young (Allocation Failure) 156M->156M(276M) 283.390ms
[2020-08-08T11:22:02.140+0300][491.803s][debug][gc] GC(3187) Shrinking ParOldGen from 166400K by 19456K to 146944K
[2020-08-08T11:22:02.140+0300][491.803s][info ][gc] GC(3187) Pause Full (Ergonomics) 156M->22M(257M) 15.905ms
[2020-08-08T11:22:02.345+0300][492.008s][info ][gc] GC(3188) Pause Young (Allocation Failure) 79M->80M(257M) 191.195ms
[2020-08-08T11:22:02.716+0300][492.379s][info ][gc] GC(3189) Pause Young (Allocation Failure) 136M->136M(257M) 358.522ms
[2020-08-08T11:22:02.722+0300][492.385s][debug][gc] GC(3190) Shrinking ParOldGen from 146944K by 20480K to 126464K
[2020-08-08T11:22:02.722+0300][492.385s][info ][gc] GC(3190) Pause Full (Ergonomics) 136M->2M(237M) 5.935ms
[2020-08-08T11:22:02.765+0300][492.428s][info ][gc] GC(3191) Pause Young (Allocation Failure) 60M->59M(237M) 33.700ms
[2020-08-08T11:22:02.868+0300][492.530s][info ][gc] GC(3192) Pause Young (Allocation Failure) 117M->117M(237M) 92.223ms
[2020-08-08T11:22:03.176+0300][492.839s][debug][gc] GC(3193) Expanding ParOldGen from 126464K by 117248K to 243712K
[2020-08-08T11:22:03.176+0300][492.839s][info ][gc] GC(3193) Pause Full (Ergonomics) 117M->117M(352M) 308.320ms
[2020-08-08T11:22:03.235+0300][492.897s][info ][gc] GC(3194) Pause Young (Allocation Failure) 174M->174M(352M) 48.055ms
[2020-08-08T11:22:03.335+0300][492.998s][info ][gc] GC(3195) Pause Young (Allocation Failure) 232M->232M(352M) 90.385ms
[2020-08-08T11:22:03.584+0300][493.247s][debug][gc] GC(3196) Shrinking ParOldGen from 243712K by 18944K to 224768K
[2020-08-08T11:22:03.584+0300][493.247s][info ][gc] GC(3196) Pause Full (Ergonomics) 232M->98M(333M) 248.665ms
[2020-08-08T11:22:03.719+0300][493.382s][info ][gc] GC(3197) Pause Young (Allocation Failure) 155M->155M(333M) 125.638ms
[2020-08-08T11:22:03.806+0300][493.469s][info ][gc] GC(3198) Pause Young (Allocation Failure) 213M->213M(333M) 77.021ms
[2020-08-08T11:22:03.989+0300][493.652s][debug][gc] GC(3199) Shrinking ParOldGen from 224768K by 19456K to 205312K
[2020-08-08T11:22:03.989+0300][493.652s][info ][gc] GC(3199) Pause Full (Ergonomics) 213M->79M(314M) 182.830ms
[2020-08-08T11:22:04.184+0300][493.847s][info ][gc] GC(3200) Pause Young (Allocation Failure) 135M->135M(314M) 182.933ms
[2020-08-08T11:22:04.320+0300][493.983s][info ][gc] GC(3201) Pause Young (Allocation Failure) 193M->193M(314M) 127.856ms
[2020-08-08T11:22:04.445+0300][494.108s][debug][gc] GC(3202) Shrinking ParOldGen from 205312K by 19968K to 185344K
[2020-08-08T11:22:04.445+0300][494.108s][info ][gc] GC(3202) Pause Full (Ergonomics) 193M->59M(295M) 124.451ms
[2020-08-08T11:22:04.610+0300][494.273s][info ][gc] GC(3203) Pause Young (Allocation Failure) 117M->117M(295M) 155.220ms
[2020-08-08T11:22:04.805+0300][494.468s][info ][gc] GC(3204) Pause Young (Allocation Failure) 174M->175M(295M) 187.171ms
[2020-08-08T11:22:04.876+0300][494.539s][debug][gc] GC(3205) Shrinking ParOldGen from 185344K by 18944K to 166400K
[2020-08-08T11:22:04.876+0300][494.539s][info ][gc] GC(3205) Pause Full (Ergonomics) 175M->41M(276M) 70.895ms
[2020-08-08T11:22:05.075+0300][494.738s][info ][gc] GC(3206) Pause Young (Allocation Failure) 98M->98M(276M) 187.875ms
[2020-08-08T11:22:05.351+0300][495.014s][info ][gc] GC(3207) Pause Young (Allocation Failure) 156M->156M(276M) 265.516ms
[2020-08-08T11:22:05.366+0300][495.029s][debug][gc] GC(3208) Shrinking ParOldGen from 166400K by 18944K to 147456K
[2020-08-08T11:22:05.366+0300][495.029s][info ][gc] GC(3208) Pause Full (Ergonomics) 156M->22M(258M) 15.372ms
[2020-08-08T11:22:05.566+0300][495.229s][info ][gc] GC(3209) Pause Young (Allocation Failure) 80M->79M(258M) 189.148ms
[2020-08-08T11:22:05.935+0300][495.597s][info ][gc] GC(3210) Pause Young (Allocation Failure) 137M->136M(258M) 357.397ms
[2020-08-08T11:22:05.941+0300][495.604s][debug][gc] GC(3211) Shrinking ParOldGen from 147456K by 20992K to 126464K
[2020-08-08T11:22:05.941+0300][495.604s][info ][gc] GC(3211) Pause Full (Ergonomics) 136M->2M(237M) 6.483ms
[2020-08-08T11:22:05.986+0300][495.649s][info ][gc] GC(3212) Pause Young (Allocation Failure) 60M->59M(237M) 34.745ms
[2020-08-08T11:22:06.095+0300][495.758s][info ][gc] GC(3213) Pause Young (Allocation Failure) 117M->117M(237M) 95.745ms
[2020-08-08T11:22:06.391+0300][496.054s][debug][gc] GC(3214) Expanding ParOldGen from 126464K by 117248K to 243712K
[2020-08-08T11:22:06.391+0300][496.054s][info ][gc] GC(3214) Pause Full (Ergonomics) 117M->117M(352M) 296.339ms
[2020-08-08T11:22:06.441+0300][496.104s][info ][gc] GC(3215) Pause Young (Allocation Failure) 174M->174M(352M) 40.969ms
[2020-08-08T11:22:06.541+0300][496.204s][info ][gc] GC(3216) Pause Young (Allocation Failure) 231M->231M(352M) 89.346ms
[2020-08-08T11:22:06.782+0300][496.444s][debug][gc] GC(3217) Shrinking ParOldGen from 243712K by 18944K to 224768K
[2020-08-08T11:22:06.782+0300][496.445s][info ][gc] GC(3217) Pause Full (Ergonomics) 231M->98M(333M) 240.539ms
[2020-08-08T11:22:06.907+0300][496.570s][info ][gc] GC(3218) Pause Young (Allocation Failure) 155M->155M(333M) 116.819ms
[2020-08-08T11:22:06.995+0300][496.658s][info ][gc] GC(3219) Pause Young (Allocation Failure) 213M->213M(333M) 77.295ms
[2020-08-08T11:22:07.180+0300][496.843s][debug][gc] GC(3220) Shrinking ParOldGen from 224768K by 18944K to 205824K
[2020-08-08T11:22:07.180+0300][496.843s][info ][gc] GC(3220) Pause Full (Ergonomics) 213M->79M(315M) 184.450ms
[2020-08-08T11:22:07.378+0300][497.041s][info ][gc] GC(3221) Pause Young (Allocation Failure) 135M->135M(315M) 185.814ms
[2020-08-08T11:22:07.534+0300][497.197s][info ][gc] GC(3222) Pause Young (Allocation Failure) 193M->193M(315M) 144.601ms
[2020-08-08T11:22:07.663+0300][497.326s][debug][gc] GC(3223) Shrinking ParOldGen from 205824K by 20480K to 185344K
[2020-08-08T11:22:07.663+0300][497.326s][info ][gc] GC(3223) Pause Full (Ergonomics) 193M->59M(295M) 129.173ms
[2020-08-08T11:22:07.824+0300][497.487s][info ][gc] GC(3224) Pause Young (Allocation Failure) 117M->117M(295M) 148.009ms
[2020-08-08T11:22:08.033+0300][497.696s][info ][gc] GC(3225) Pause Young (Allocation Failure) 174M->175M(295M) 201.737ms
[2020-08-08T11:22:08.104+0300][497.767s][debug][gc] GC(3226) Shrinking ParOldGen from 185344K by 18944K to 166400K
[2020-08-08T11:22:08.104+0300][497.767s][info ][gc] GC(3226) Pause Full (Ergonomics) 175M->41M(276M) 70.933ms
[2020-08-08T11:22:08.281+0300][497.944s][info ][gc] GC(3227) Pause Young (Allocation Failure) 98M->98M(276M) 163.387ms
[2020-08-08T11:22:08.583+0300][498.246s][info ][gc] GC(3228) Pause Young (Allocation Failure) 156M->156M(276M) 294.349ms
[2020-08-08T11:22:08.599+0300][498.262s][debug][gc] GC(3229) Shrinking ParOldGen from 166400K by 18944K to 147456K
[2020-08-08T11:22:08.599+0300][498.262s][info ][gc] GC(3229) Pause Full (Ergonomics) 156M->22M(258M) 15.924ms
[2020-08-08T11:22:08.798+0300][498.460s][info ][gc] GC(3230) Pause Young (Allocation Failure) 80M->79M(258M) 182.467ms
[2020-08-08T11:22:09.179+0300][498.842s][info ][gc] GC(3231) Pause Young (Allocation Failure) 137M->136M(258M) 370.308ms
[2020-08-08T11:22:09.186+0300][498.848s][debug][gc] GC(3232) Shrinking ParOldGen from 147456K by 20992K to 126464K
[2020-08-08T11:22:09.186+0300][498.849s][info ][gc] GC(3232) Pause Full (Ergonomics) 136M->2M(237M) 6.407ms
[2020-08-08T11:22:09.232+0300][498.895s][info ][gc] GC(3233) Pause Young (Allocation Failure) 60M->59M(237M) 35.107ms
[2020-08-08T11:22:09.340+0300][499.003s][info ][gc] GC(3234) Pause Young (Allocation Failure) 117M->117M(237M) 97.439ms
[2020-08-08T11:22:09.649+0300][499.312s][debug][gc] GC(3235) Expanding ParOldGen from 126464K by 117248K to 243712K
[2020-08-08T11:22:09.649+0300][499.312s][info ][gc] GC(3235) Pause Full (Ergonomics) 117M->117M(352M) 309.017ms
[2020-08-08T11:22:09.700+0300][499.363s][info ][gc] GC(3236) Pause Young (Allocation Failure) 174M->174M(352M) 42.289ms
[2020-08-08T11:22:09.799+0300][499.462s][info ][gc] GC(3237) Pause Young (Allocation Failure) 231M->231M(352M) 89.234ms
[2020-08-08T11:22:10.040+0300][499.703s][debug][gc] GC(3238) Shrinking ParOldGen from 243712K by 18944K to 224768K
[2020-08-08T11:22:10.040+0300][499.703s][info ][gc] GC(3238) Pause Full (Ergonomics) 231M->98M(333M) 240.833ms
[2020-08-08T11:22:10.165+0300][499.829s][info ][gc] GC(3239) Pause Young (Allocation Failure) 155M->155M(333M) 114.760ms
[2020-08-08T11:22:10.255+0300][499.918s][info ][gc] GC(3240) Pause Young (Allocation Failure) 213M->213M(333M) 79.494ms
[2020-08-08T11:22:10.441+0300][500.104s][debug][gc] GC(3241) Shrinking ParOldGen from 224768K by 19456K to 205312K
[2020-08-08T11:22:10.441+0300][500.105s][info ][gc] GC(3241) Pause Full (Ergonomics) 213M->79M(314M) 186.296ms
[2020-08-08T11:22:10.641+0300][500.305s][info ][gc] GC(3242) Pause Young (Allocation Failure) 135M->135M(314M) 189.706ms
[2020-08-08T11:22:10.770+0300][500.433s][info ][gc] GC(3243) Pause Young (Allocation Failure) 193M->193M(314M) 118.142ms
[2020-08-08T11:22:10.899+0300][500.562s][debug][gc] GC(3244) Shrinking ParOldGen from 205312K by 19968K to 185344K
[2020-08-08T11:22:10.899+0300][500.562s][info ][gc] GC(3244) Pause Full (Ergonomics) 193M->59M(295M) 128.820ms
[2020-08-08T11:22:11.070+0300][500.734s][info ][gc] GC(3245) Pause Young (Allocation Failure) 117M->117M(295M) 160.467ms
[2020-08-08T11:22:11.278+0300][500.942s][info ][gc] GC(3246) Pause Young (Allocation Failure) 174M->175M(295M) 198.250ms
[2020-08-08T11:22:11.353+0300][501.017s][debug][gc] GC(3247) Shrinking ParOldGen from 185344K by 18944K to 166400K
[2020-08-08T11:22:11.354+0300][501.017s][info ][gc] GC(3247) Pause Full (Ergonomics) 175M->41M(276M) 75.000ms
[2020-08-08T11:22:11.549+0300][501.212s][info ][gc] GC(3248) Pause Young (Allocation Failure) 98M->98M(276M) 184.399ms
[2020-08-08T11:22:11.858+0300][501.521s][info ][gc] GC(3249) Pause Young (Allocation Failure) 156M->156M(276M) 300.307ms
[2020-08-08T11:22:11.874+0300][501.537s][debug][gc] GC(3250) Shrinking ParOldGen from 166400K by 19456K to 146944K
[2020-08-08T11:22:11.874+0300][501.537s][info ][gc] GC(3250) Pause Full (Ergonomics) 156M->22M(257M) 15.609ms
[2020-08-08T11:22:12.071+0300][501.734s][info ][gc] GC(3251) Pause Young (Allocation Failure) 80M->80M(257M) 186.223ms
[2020-08-08T11:22:12.441+0300][502.104s][info ][gc] GC(3252) Pause Young (Allocation Failure) 136M->136M(257M) 355.437ms
[2020-08-08T11:22:12.447+0300][502.111s][debug][gc] GC(3253) Shrinking ParOldGen from 146944K by 20480K to 126464K
[2020-08-08T11:22:12.447+0300][502.111s][info ][gc] GC(3253) Pause Full (Ergonomics) 136M->2M(237M) 6.195ms
[2020-08-08T11:22:12.490+0300][502.153s][info ][gc] GC(3254) Pause Young (Allocation Failure) 60M->59M(237M) 33.946ms
[2020-08-08T11:22:12.594+0300][502.257s][info ][gc] GC(3255) Pause Young (Allocation Failure) 117M->117M(237M) 93.668ms
[2020-08-08T11:22:12.902+0300][502.565s][debug][gc] GC(3256) Expanding ParOldGen from 126464K by 117248K to 243712K
[2020-08-08T11:22:12.902+0300][502.565s][info ][gc] GC(3256) Pause Full (Ergonomics) 117M->117M(352M) 307.751ms
[2020-08-08T11:22:12.958+0300][502.621s][info ][gc] GC(3257) Pause Young (Allocation Failure) 174M->174M(352M) 46.031ms
[2020-08-08T11:22:13.057+0300][502.721s][info ][gc] GC(3258) Pause Young (Allocation Failure) 231M->232M(352M) 89.305ms
[2020-08-08T11:22:13.293+0300][502.957s][debug][gc] GC(3259) Shrinking ParOldGen from 243712K by 18944K to 224768K
[2020-08-08T11:22:13.293+0300][502.957s][info ][gc] GC(3259) Pause Full (Ergonomics) 232M->98M(333M) 235.915ms
[2020-08-08T11:22:13.416+0300][503.079s][info ][gc] GC(3260) Pause Young (Allocation Failure) 155M->155M(333M) 111.722ms
[2020-08-08T11:22:13.505+0300][503.168s][info ][gc] GC(3261) Pause Young (Allocation Failure) 213M->213M(333M) 79.035ms
[2020-08-08T11:22:13.690+0300][503.353s][debug][gc] GC(3262) Shrinking ParOldGen from 224768K by 19456K to 205312K
[2020-08-08T11:22:13.690+0300][503.353s][info ][gc] GC(3262) Pause Full (Ergonomics) 213M->79M(314M) 184.651ms
[2020-08-08T11:22:13.885+0300][503.548s][info ][gc] GC(3263) Pause Young (Allocation Failure) 135M->135M(314M) 184.160ms
[2020-08-08T11:22:14.012+0300][503.674s][info ][gc] GC(3264) Pause Young (Allocation Failure) 193M->193M(314M) 118.207ms
[2020-08-08T11:22:14.136+0300][503.799s][debug][gc] GC(3265) Shrinking ParOldGen from 205312K by 19968K to 185344K
[2020-08-08T11:22:14.136+0300][503.799s][info ][gc] GC(3265) Pause Full (Ergonomics) 193M->59M(295M) 124.752ms
[2020-08-08T11:22:14.319+0300][503.981s][info ][gc] GC(3266) Pause Young (Allocation Failure) 117M->117M(295M) 171.652ms
[2020-08-08T11:22:14.507+0300][504.170s][info ][gc] GC(3267) Pause Young (Allocation Failure) 175M->175M(295M) 178.170ms
[2020-08-08T11:22:14.577+0300][504.240s][debug][gc] GC(3268) Shrinking ParOldGen from 185344K by 18944K to 166400K
[2020-08-08T11:22:14.577+0300][504.240s][info ][gc] GC(3268) Pause Full (Ergonomics) 175M->41M(276M) 70.160ms
[2020-08-08T11:22:14.776+0300][504.438s][info ][gc] GC(3269) Pause Young (Allocation Failure) 98M->98M(276M) 187.160ms
[2020-08-08T11:22:15.068+0300][504.731s][info ][gc] GC(3270) Pause Young (Allocation Failure) 156M->156M(276M) 284.420ms
[2020-08-08T11:22:15.083+0300][504.746s][debug][gc] GC(3271) Shrinking ParOldGen from 166400K by 19456K to 146944K
[2020-08-08T11:22:15.083+0300][504.746s][info ][gc] GC(3271) Pause Full (Ergonomics) 156M->22M(257M) 14.476ms
[2020-08-08T11:22:15.282+0300][504.944s][info ][gc] GC(3272) Pause Young (Allocation Failure) 80M->80M(257M) 188.485ms
[2020-08-08T11:22:15.657+0300][505.320s][info ][gc] GC(3273) Pause Young (Allocation Failure) 136M->136M(257M) 364.632ms
[2020-08-08T11:22:15.663+0300][505.326s][debug][gc] GC(3274) Shrinking ParOldGen from 146944K by 20480K to 126464K
[2020-08-08T11:22:15.663+0300][505.326s][info ][gc] GC(3274) Pause Full (Ergonomics) 136M->2M(237M) 6.155ms
[2020-08-08T11:22:15.712+0300][505.375s][info ][gc] GC(3275) Pause Young (Allocation Failure) 60M->59M(237M) 35.298ms
[2020-08-08T11:22:15.817+0300][505.480s][info ][gc] GC(3276) Pause Young (Allocation Failure) 117M->117M(237M) 95.267ms
[2020-08-08T11:22:16.119+0300][505.781s][debug][gc] GC(3277) Expanding ParOldGen from 126464K by 117248K to 243712K
[2020-08-08T11:22:16.119+0300][505.782s][info ][gc] GC(3277) Pause Full (Ergonomics) 117M->117M(352M) 301.243ms
[2020-08-08T11:22:16.167+0300][505.829s][info ][gc] GC(3278) Pause Young (Allocation Failure) 174M->174M(352M) 39.573ms
[2020-08-08T11:22:16.265+0300][505.928s][info ][gc] GC(3279) Pause Young (Allocation Failure) 231M->232M(352M) 88.477ms
[2020-08-08T11:22:16.512+0300][506.175s][debug][gc] GC(3280) Shrinking ParOldGen from 243712K by 18944K to 224768K
[2020-08-08T11:22:16.512+0300][506.175s][info ][gc] GC(3280) Pause Full (Ergonomics) 232M->98M(333M) 246.846ms
[2020-08-08T11:22:16.645+0300][506.307s][info ][gc] GC(3281) Pause Young (Allocation Failure) 155M->155M(333M) 122.202ms
[2020-08-08T11:22:16.734+0300][506.397s][info ][gc] GC(3282) Pause Young (Allocation Failure) 213M->213M(333M) 77.827ms
[2020-08-08T11:22:16.918+0300][506.581s][debug][gc] GC(3283) Shrinking ParOldGen from 224768K by 19456K to 205312K
[2020-08-08T11:22:16.918+0300][506.581s][info ][gc] GC(3283) Pause Full (Ergonomics) 213M->79M(314M) 184.056ms
[2020-08-08T11:22:17.117+0300][506.779s][info ][gc] GC(3284) Pause Young (Allocation Failure) 135M->135M(314M) 187.292ms
[2020-08-08T11:22:17.237+0300][506.900s][info ][gc] GC(3285) Pause Young (Allocation Failure) 193M->193M(314M) 111.648ms
[2020-08-08T11:22:17.365+0300][507.027s][debug][gc] GC(3286) Shrinking ParOldGen from 205312K by 19968K to 185344K
[2020-08-08T11:22:17.365+0300][507.028s][info ][gc] GC(3286) Pause Full (Ergonomics) 193M->59M(295M) 127.407ms
[2020-08-08T11:22:17.544+0300][507.207s][info ][gc] GC(3287) Pause Young (Allocation Failure) 117M->117M(295M) 169.459ms
[2020-08-08T11:22:17.727+0300][507.390s][info ][gc] GC(3288) Pause Young (Allocation Failure) 175M->175M(295M) 171.867ms
[2020-08-08T11:22:17.797+0300][507.460s][debug][gc] GC(3289) Shrinking ParOldGen from 185344K by 18944K to 166400K
[2020-08-08T11:22:17.797+0300][507.460s][info ][gc] GC(3289) Pause Full (Ergonomics) 175M->41M(276M) 70.485ms
[2020-08-08T11:22:17.997+0300][507.660s][info ][gc] GC(3290) Pause Young (Allocation Failure) 98M->98M(276M) 189.247ms
[2020-08-08T11:22:18.308+0300][507.970s][info ][gc] GC(3291) Pause Young (Allocation Failure) 156M->156M(276M) 302.170ms
[2020-08-08T11:22:18.324+0300][507.987s][debug][gc] GC(3292) Shrinking ParOldGen from 166400K by 19456K to 146944K
[2020-08-08T11:22:18.324+0300][507.987s][info ][gc] GC(3292) Pause Full (Ergonomics) 156M->22M(257M) 16.532ms
[2020-08-08T11:22:18.524+0300][508.187s][info ][gc] GC(3293) Pause Young (Allocation Failure) 80M->80M(257M) 189.997ms
[2020-08-08T11:22:18.902+0300][508.565s][info ][gc] GC(3294) Pause Young (Allocation Failure) 136M->136M(257M) 362.445ms
[2020-08-08T11:22:18.908+0300][508.571s][debug][gc] GC(3295) Shrinking ParOldGen from 146944K by 20480K to 126464K
[2020-08-08T11:22:18.908+0300][508.571s][info ][gc] GC(3295) Pause Full (Ergonomics) 136M->2M(237M) 5.925ms
[2020-08-08T11:22:18.955+0300][508.618s][info ][gc] GC(3296) Pause Young (Allocation Failure) 60M->59M(237M) 35.656ms
[2020-08-08T11:22:19.057+0300][508.720s][info ][gc] GC(3297) Pause Young (Allocation Failure) 117M->117M(237M) 91.339ms
[2020-08-08T11:22:19.350+0300][509.013s][debug][gc] GC(3298) Expanding ParOldGen from 126464K by 117248K to 243712K
[2020-08-08T11:22:19.350+0300][509.013s][info ][gc] GC(3298) Pause Full (Ergonomics) 117M->116M(352M) 293.090ms
[2020-08-08T11:22:19.407+0300][509.070s][info ][gc] GC(3299) Pause Young (Allocation Failure) 174M->174M(352M) 48.836ms
[2020-08-08T11:22:19.509+0300][509.171s][info ][gc] GC(3300) Pause Young (Allocation Failure) 231M->232M(352M) 89.075ms
[2020-08-08T11:22:19.752+0300][509.415s][debug][gc] GC(3301) Shrinking ParOldGen from 243712K by 18944K to 224768K
[2020-08-08T11:22:19.752+0300][509.415s][info ][gc] GC(3301) Pause Full (Ergonomics) 232M->98M(333M) 243.623ms
[2020-08-08T11:22:19.889+0300][509.552s][info ][gc] GC(3302) Pause Young (Allocation Failure) 155M->155M(333M) 124.123ms
[2020-08-08T11:22:19.982+0300][509.645s][info ][gc] GC(3303) Pause Young (Allocation Failure) 213M->213M(333M) 82.184ms
[2020-08-08T11:22:20.161+0300][509.823s][debug][gc] GC(3304) Shrinking ParOldGen from 224768K by 19456K to 205312K
[2020-08-08T11:22:20.161+0300][509.824s][info ][gc] GC(3304) Pause Full (Ergonomics) 213M->79M(314M) 178.829ms
[2020-08-08T11:22:20.353+0300][510.016s][info ][gc] GC(3305) Pause Young (Allocation Failure) 136M->135M(314M) 181.669ms
[2020-08-08T11:22:20.482+0300][510.144s][info ][gc] GC(3306) Pause Young (Allocation Failure) 193M->193M(314M) 120.311ms
[2020-08-08T11:22:20.608+0300][510.271s][debug][gc] GC(3307) Shrinking ParOldGen from 205312K by 19968K to 185344K
[2020-08-08T11:22:20.608+0300][510.271s][info ][gc] GC(3307) Pause Full (Ergonomics) 193M->59M(295M) 126.274ms
[2020-08-08T11:22:20.779+0300][510.442s][info ][gc] GC(3308) Pause Young (Allocation Failure) 117M->117M(295M) 159.584ms
[2020-08-08T11:22:20.962+0300][510.624s][info ][gc] GC(3309) Pause Young (Allocation Failure) 174M->175M(295M) 173.764ms
[2020-08-08T11:22:21.032+0300][510.695s][debug][gc] GC(3310) Shrinking ParOldGen from 185344K by 18944K to 166400K
[2020-08-08T11:22:21.032+0300][510.695s][info ][gc] GC(3310) Pause Full (Ergonomics) 175M->41M(276M) 70.212ms
[2020-08-08T11:22:21.227+0300][510.890s][info ][gc] GC(3311) Pause Young (Allocation Failure) 98M->98M(276M) 184.594ms
[2020-08-08T11:22:21.534+0300][511.197s][info ][gc] GC(3312) Pause Young (Allocation Failure) 156M->156M(276M) 299.303ms
[2020-08-08T11:22:21.549+0300][511.212s][debug][gc] GC(3313) Shrinking ParOldGen from 166400K by 19456K to 146944K
[2020-08-08T11:22:21.549+0300][511.212s][info ][gc] GC(3313) Pause Full (Ergonomics) 156M->22M(257M) 14.863ms
[2020-08-08T11:22:21.751+0300][511.414s][info ][gc] GC(3314) Pause Young (Allocation Failure) 80M->80M(257M) 191.531ms
[2020-08-08T11:22:22.150+0300][511.813s][info ][gc] GC(3315) Pause Young (Allocation Failure) 136M->136M(257M) 383.952ms
[2020-08-08T11:22:22.156+0300][511.819s][debug][gc] GC(3316) Shrinking ParOldGen from 146944K by 20480K to 126464K
[2020-08-08T11:22:22.156+0300][511.819s][info ][gc] GC(3316) Pause Full (Ergonomics) 136M->2M(237M) 6.156ms
[2020-08-08T11:22:22.207+0300][511.870s][info ][gc] GC(3317) Pause Young (Allocation Failure) 60M->59M(237M) 40.386ms
[2020-08-08T11:22:22.319+0300][511.982s][info ][gc] GC(3318) Pause Young (Allocation Failure) 117M->117M(237M) 99.699ms
[2020-08-08T11:22:22.617+0300][512.280s][debug][gc] GC(3319) Expanding ParOldGen from 126464K by 117248K to 243712K
[2020-08-08T11:22:22.617+0300][512.280s][info ][gc] GC(3319) Pause Full (Ergonomics) 117M->116M(352M) 298.301ms
[2020-08-08T11:22:22.668+0300][512.330s][info ][gc] GC(3320) Pause Young (Allocation Failure) 174M->174M(352M) 42.733ms
[2020-08-08T11:22:22.772+0300][512.435s][info ][gc] GC(3321) Pause Young (Allocation Failure) 231M->232M(352M) 93.596ms
[2020-08-08T11:22:23.012+0300][512.675s][debug][gc] GC(3322) Shrinking ParOldGen from 243712K by 18944K to 224768K
[2020-08-08T11:22:23.012+0300][512.675s][info ][gc] GC(3322) Pause Full (Ergonomics) 232M->98M(333M) 239.365ms
[2020-08-08T11:22:23.150+0300][512.812s][info ][gc] GC(3323) Pause Young (Allocation Failure) 136M->135M(333M) 127.654ms
[2020-08-08T11:22:23.236+0300][512.898s][info ][gc] GC(3324) Pause Young (Allocation Failure) 193M->193M(333M) 78.246ms
[2020-08-08T11:22:23.360+0300][513.022s][debug][gc] GC(3325) Shrinking ParOldGen from 224768K by 47104K to 177664K
[2020-08-08T11:22:23.360+0300][513.022s][info ][gc] GC(3325) Pause Full (Ergonomics) 193M->59M(287M) 124.029ms
[2020-08-08T11:22:23.528+0300][513.191s][info ][gc] GC(3326) Pause Young (Allocation Failure) 117M->117M(287M) 158.151ms
[2020-08-08T11:22:23.715+0300][513.378s][info ][gc] GC(3327) Pause Young (Allocation Failure) 174M->174M(287M) 178.549ms
[2020-08-08T11:22:23.790+0300][513.452s][debug][gc] GC(3328) Shrinking ParOldGen from 177664K by 17408K to 160256K
[2020-08-08T11:22:23.790+0300][513.452s][info ][gc] GC(3328) Pause Full (Ergonomics) 174M->41M(270M) 74.009ms
[2020-08-08T11:22:23.988+0300][513.651s][info ][gc] GC(3329) Pause Young (Allocation Failure) 98M->98M(270M) 185.635ms
[2020-08-08T11:22:24.282+0300][513.945s][info ][gc] GC(3330) Pause Young (Allocation Failure) 137M->136M(270M) 286.908ms
[2020-08-08T11:22:24.290+0300][513.953s][debug][gc] GC(3331) Shrinking ParOldGen from 160256K by 38912K to 121344K
[2020-08-08T11:22:24.290+0300][513.953s][info ][gc] GC(3331) Pause Full (Ergonomics) 136M->2M(232M) 7.578ms
[2020-08-08T11:22:24.334+0300][513.997s][info ][gc] GC(3332) Pause Young (Allocation Failure) 60M->60M(232M) 33.931ms
[2020-08-08T11:22:24.437+0300][514.100s][info ][gc] GC(3333) Pause Young (Allocation Failure) 117M->117M(232M) 92.741ms
[2020-08-08T11:22:24.740+0300][514.403s][debug][gc] GC(3334) Expanding ParOldGen from 121344K by 118784K to 240128K
[2020-08-08T11:22:24.740+0300][514.403s][info ][gc] GC(3334) Pause Full (Ergonomics) 117M->117M(348M) 303.076ms
[2020-08-08T11:22:24.795+0300][514.458s][info ][gc] GC(3335) Pause Young (Allocation Failure) 174M->174M(348M) 46.336ms
[2020-08-08T11:22:24.901+0300][514.564s][info ][gc] GC(3336) Pause Young (Allocation Failure) 232M->232M(348M) 93.119ms
[2020-08-08T11:22:25.145+0300][514.808s][debug][gc] GC(3337) Shrinking ParOldGen from 240128K by 18432K to 221696K
[2020-08-08T11:22:25.145+0300][514.808s][info ][gc] GC(3337) Pause Full (Ergonomics) 232M->98M(330M) 244.048ms
[2020-08-08T11:22:25.267+0300][514.930s][info ][gc] GC(3338) Pause Young (Allocation Failure) 155M->155M(330M) 113.343ms
[2020-08-08T11:22:25.354+0300][515.017s][info ][gc] GC(3339) Pause Young (Allocation Failure) 213M->213M(330M) 77.828ms
[2020-08-08T11:22:25.540+0300][515.203s][debug][gc] GC(3340) Shrinking ParOldGen from 221696K by 18944K to 202752K
[2020-08-08T11:22:25.540+0300][515.203s][info ][gc] GC(3340) Pause Full (Ergonomics) 213M->79M(312M) 185.340ms
[2020-08-08T11:22:25.741+0300][515.404s][info ][gc] GC(3341) Pause Young (Allocation Failure) 135M->135M(312M) 190.786ms
[2020-08-08T11:22:25.876+0300][515.539s][info ][gc] GC(3342) Pause Young (Allocation Failure) 193M->193M(312M) 125.913ms
[2020-08-08T11:22:25.997+0300][515.660s][debug][gc] GC(3343) Shrinking ParOldGen from 202752K by 19456K to 183296K
[2020-08-08T11:22:25.997+0300][515.660s][info ][gc] GC(3343) Pause Full (Ergonomics) 193M->59M(293M) 121.082ms
[2020-08-08T11:22:26.163+0300][515.825s][info ][gc] GC(3344) Pause Young (Allocation Failure) 117M->117M(293M) 152.149ms
[2020-08-08T11:22:26.369+0300][516.032s][info ][gc] GC(3345) Pause Young (Allocation Failure) 174M->175M(293M) 197.049ms
[2020-08-08T11:22:26.439+0300][516.102s][debug][gc] GC(3346) Shrinking ParOldGen from 183296K by 18944K to 164352K
[2020-08-08T11:22:26.439+0300][516.102s][info ][gc] GC(3346) Pause Full (Ergonomics) 175M->40M(274M) 70.243ms
[2020-08-08T11:22:26.638+0300][516.301s][info ][gc] GC(3347) Pause Young (Allocation Failure) 98M->98M(274M) 188.111ms
[2020-08-08T11:22:26.927+0300][516.590s][info ][gc] GC(3348) Pause Young (Allocation Failure) 155M->156M(274M) 279.847ms
[2020-08-08T11:22:26.942+0300][516.605s][debug][gc] GC(3349) Shrinking ParOldGen from 164352K by 18432K to 145920K
[2020-08-08T11:22:26.942+0300][516.605s][info ][gc] GC(3349) Pause Full (Ergonomics) 156M->22M(256M) 15.395ms
[2020-08-08T11:22:27.145+0300][516.808s][info ][gc] GC(3350) Pause Young (Allocation Failure) 80M->80M(256M) 188.174ms
[2020-08-08T11:22:27.517+0300][517.180s][info ][gc] GC(3351) Pause Young (Allocation Failure) 136M->136M(256M) 362.883ms
[2020-08-08T11:22:27.523+0300][517.186s][debug][gc] GC(3352) Shrinking ParOldGen from 145920K by 20480K to 125440K
[2020-08-08T11:22:27.524+0300][517.186s][info ][gc] GC(3352) Pause Full (Ergonomics) 136M->2M(236M) 6.026ms
[2020-08-08T11:22:27.568+0300][517.230s][info ][gc] GC(3353) Pause Young (Allocation Failure) 60M->59M(236M) 34.807ms
[2020-08-08T11:22:27.673+0300][517.335s][info ][gc] GC(3354) Pause Young (Allocation Failure) 117M->117M(236M) 94.646ms
[2020-08-08T11:22:27.973+0300][517.636s][debug][gc] GC(3355) Expanding ParOldGen from 125440K by 117248K to 242688K
[2020-08-08T11:22:27.973+0300][517.636s][info ][gc] GC(3355) Pause Full (Ergonomics) 117M->117M(351M) 300.273ms
[2020-08-08T11:22:28.028+0300][517.691s][info ][gc] GC(3356) Pause Young (Allocation Failure) 174M->174M(351M) 44.598ms
[2020-08-08T11:22:28.129+0300][517.791s][info ][gc] GC(3357) Pause Young (Allocation Failure) 232M->232M(351M) 90.032ms
[2020-08-08T11:22:28.371+0300][518.034s][debug][gc] GC(3358) Shrinking ParOldGen from 242688K by 18944K to 223744K
[2020-08-08T11:22:28.371+0300][518.034s][info ][gc] GC(3358) Pause Full (Ergonomics) 232M->98M(332M) 242.149ms
[2020-08-08T11:22:28.508+0300][518.171s][info ][gc] GC(3359) Pause Young (Allocation Failure) 155M->155M(332M) 127.307ms
[2020-08-08T11:22:28.601+0300][518.264s][info ][gc] GC(3360) Pause Young (Allocation Failure) 213M->213M(332M) 81.932ms
[2020-08-08T11:22:28.789+0300][518.452s][debug][gc] GC(3361) Shrinking ParOldGen from 223744K by 18944K to 204800K
[2020-08-08T11:22:28.789+0300][518.452s][info ][gc] GC(3361) Pause Full (Ergonomics) 213M->79M(314M) 187.463ms
[2020-08-08T11:22:28.984+0300][518.647s][info ][gc] GC(3362) Pause Young (Allocation Failure) 135M->135M(314M) 183.311ms
[2020-08-08T11:22:29.137+0300][518.800s][info ][gc] GC(3363) Pause Young (Allocation Failure) 193M->193M(314M) 140.745ms
[2020-08-08T11:22:29.256+0300][518.919s][debug][gc] GC(3364) Shrinking ParOldGen from 204800K by 19968K to 184832K
[2020-08-08T11:22:29.256+0300][518.919s][info ][gc] GC(3364) Pause Full (Ergonomics) 193M->59M(294M) 118.921ms
[2020-08-08T11:22:29.409+0300][519.072s][info ][gc] GC(3365) Pause Young (Allocation Failure) 117M->117M(294M) 137.657ms
[2020-08-08T11:22:29.568+0300][519.231s][info ][gc] GC(3366) Pause Young (Allocation Failure) 174M->175M(294M) 149.807ms
[2020-08-08T11:22:29.639+0300][519.301s][debug][gc] GC(3367) Shrinking ParOldGen from 184832K by 18944K to 165888K
[2020-08-08T11:22:29.639+0300][519.302s][info ][gc] GC(3367) Pause Full (Ergonomics) 175M->41M(276M) 70.501ms
[2020-08-08T11:22:29.838+0300][519.501s][info ][gc] GC(3368) Pause Young (Allocation Failure) 98M->98M(276M) 188.415ms
[2020-08-08T11:22:30.142+0300][519.804s][info ][gc] GC(3369) Pause Young (Allocation Failure) 156M->156M(276M) 292.858ms
[2020-08-08T11:22:30.156+0300][519.819s][debug][gc] GC(3370) Shrinking ParOldGen from 165888K by 18944K to 146944K
[2020-08-08T11:22:30.156+0300][519.819s][info ][gc] GC(3370) Pause Full (Ergonomics) 156M->22M(257M) 14.475ms
[2020-08-08T11:22:30.354+0300][520.017s][info ][gc] GC(3371) Pause Young (Allocation Failure) 80M->80M(257M) 182.785ms
[2020-08-08T11:22:30.734+0300][520.396s][info ][gc] GC(3372) Pause Young (Allocation Failure) 136M->136M(257M) 368.532ms
[2020-08-08T11:22:30.740+0300][520.403s][debug][gc] GC(3373) Shrinking ParOldGen from 146944K by 20992K to 125952K
[2020-08-08T11:22:30.740+0300][520.403s][info ][gc] GC(3373) Pause Full (Ergonomics) 136M->2M(237M) 6.602ms
[2020-08-08T11:22:30.789+0300][520.452s][info ][gc] GC(3374) Pause Young (Allocation Failure) 60M->59M(237M) 37.817ms
[2020-08-08T11:22:30.899+0300][520.562s][info ][gc] GC(3375) Pause Young (Allocation Failure) 117M->117M(237M) 98.255ms
[2020-08-08T11:22:31.199+0300][520.862s][debug][gc] GC(3376) Expanding ParOldGen from 125952K by 117760K to 243712K
[2020-08-08T11:22:31.199+0300][520.862s][info ][gc] GC(3376) Pause Full (Ergonomics) 117M->117M(352M) 299.458ms
[2020-08-08T11:22:31.250+0300][520.913s][info ][gc] GC(3377) Pause Young (Allocation Failure) 174M->174M(352M) 41.010ms
[2020-08-08T11:22:31.351+0300][521.013s][info ][gc] GC(3378) Pause Young (Allocation Failure) 232M->232M(352M) 90.793ms
[2020-08-08T11:22:31.604+0300][521.267s][debug][gc] GC(3379) Shrinking ParOldGen from 243712K by 18944K to 224768K
[2020-08-08T11:22:31.604+0300][521.267s][info ][gc] GC(3379) Pause Full (Ergonomics) 232M->98M(333M) 253.623ms
[2020-08-08T11:22:31.732+0300][521.395s][info ][gc] GC(3380) Pause Young (Allocation Failure) 155M->155M(333M) 113.386ms
[2020-08-08T11:22:31.822+0300][521.485s][info ][gc] GC(3381) Pause Young (Allocation Failure) 213M->213M(333M) 80.927ms
[2020-08-08T11:22:32.004+0300][521.667s][debug][gc] GC(3382) Shrinking ParOldGen from 224768K by 19456K to 205312K
[2020-08-08T11:22:32.004+0300][521.667s][info ][gc] GC(3382) Pause Full (Ergonomics) 213M->79M(314M) 182.243ms
[2020-08-08T11:22:32.193+0300][521.856s][info ][gc] GC(3383) Pause Young (Allocation Failure) 135M->135M(314M) 178.673ms
[2020-08-08T11:22:32.316+0300][521.979s][info ][gc] GC(3384) Pause Young (Allocation Failure) 193M->193M(314M) 112.597ms
[2020-08-08T11:22:32.443+0300][522.106s][debug][gc] GC(3385) Shrinking ParOldGen from 205312K by 19968K to 185344K
[2020-08-08T11:22:32.443+0300][522.106s][info ][gc] GC(3385) Pause Full (Ergonomics) 193M->59M(295M) 127.024ms
[2020-08-08T11:22:32.594+0300][522.256s][info ][gc] GC(3386) Pause Young (Allocation Failure) 117M->117M(295M) 140.496ms
[2020-08-08T11:22:32.749+0300][522.412s][info ][gc] GC(3387) Pause Young (Allocation Failure) 174M->175M(295M) 143.102ms
[2020-08-08T11:22:32.820+0300][522.483s][debug][gc] GC(3388) Shrinking ParOldGen from 185344K by 19456K to 165888K
[2020-08-08T11:22:32.820+0300][522.483s][info ][gc] GC(3388) Pause Full (Ergonomics) 175M->41M(276M) 71.056ms
[2020-08-08T11:22:33.015+0300][522.678s][info ][gc] GC(3389) Pause Young (Allocation Failure) 98M->98M(276M) 184.688ms
[2020-08-08T11:22:33.326+0300][522.988s][info ][gc] GC(3390) Pause Young (Allocation Failure) 156M->156M(276M) 302.086ms
[2020-08-08T11:22:33.341+0300][523.004s][debug][gc] GC(3391) Shrinking ParOldGen from 165888K by 18944K to 146944K
[2020-08-08T11:22:33.341+0300][523.004s][info ][gc] GC(3391) Pause Full (Ergonomics) 156M->22M(257M) 15.262ms
[2020-08-08T11:22:33.531+0300][523.194s][info ][gc] GC(3392) Pause Young (Allocation Failure) 80M->80M(257M) 174.107ms
[2020-08-08T11:22:33.910+0300][523.573s][info ][gc] GC(3393) Pause Young (Allocation Failure) 136M->136M(257M) 368.601ms
[2020-08-08T11:22:33.916+0300][523.579s][debug][gc] GC(3394) Shrinking ParOldGen from 146944K by 20480K to 126464K
[2020-08-08T11:22:33.916+0300][523.579s][info ][gc] GC(3394) Pause Full (Ergonomics) 136M->2M(237M) 6.009ms
[2020-08-08T11:22:33.960+0300][523.623s][info ][gc] GC(3395) Pause Young (Allocation Failure) 60M->59M(237M) 33.449ms
[2020-08-08T11:22:34.063+0300][523.726s][info ][gc] GC(3396) Pause Young (Allocation Failure) 117M->117M(237M) 92.744ms
[2020-08-08T11:22:34.368+0300][524.031s][debug][gc] GC(3397) Expanding ParOldGen from 126464K by 117248K to 243712K
[2020-08-08T11:22:34.368+0300][524.031s][info ][gc] GC(3397) Pause Full (Ergonomics) 117M->116M(352M) 304.771ms
[2020-08-08T11:22:34.428+0300][524.091s][info ][gc] GC(3398) Pause Young (Allocation Failure) 174M->174M(352M) 49.120ms
[2020-08-08T11:22:34.534+0300][524.197s][info ][gc] GC(3399) Pause Young (Allocation Failure) 231M->232M(352M) 95.800ms
[2020-08-08T11:22:34.774+0300][524.437s][debug][gc] GC(3400) Shrinking ParOldGen from 243712K by 18944K to 224768K
[2020-08-08T11:22:34.774+0300][524.437s][info ][gc] GC(3400) Pause Full (Ergonomics) 232M->98M(333M) 239.718ms
[2020-08-08T11:22:34.902+0300][524.565s][info ][gc] GC(3401) Pause Young (Allocation Failure) 155M->155M(333M) 120.298ms
[2020-08-08T11:22:35.006+0300][524.669s][info ][gc] GC(3402) Pause Young (Allocation Failure) 213M->213M(333M) 93.516ms
[2020-08-08T11:22:35.185+0300][524.848s][debug][gc] GC(3403) Shrinking ParOldGen from 224768K by 19456K to 205312K
[2020-08-08T11:22:35.185+0300][524.848s][info ][gc] GC(3403) Pause Full (Ergonomics) 213M->79M(314M) 179.059ms
[2020-08-08T11:22:35.376+0300][525.039s][info ][gc] GC(3404) Pause Young (Allocation Failure) 135M->135M(314M) 181.046ms
[2020-08-08T11:22:35.527+0300][525.190s][info ][gc] GC(3405) Pause Young (Allocation Failure) 193M->193M(314M) 140.261ms
[2020-08-08T11:22:35.651+0300][525.314s][debug][gc] GC(3406) Shrinking ParOldGen from 205312K by 19968K to 185344K
[2020-08-08T11:22:35.651+0300][525.314s][info ][gc] GC(3406) Pause Full (Ergonomics) 193M->59M(295M) 123.422ms
[2020-08-08T11:22:35.787+0300][525.450s][info ][gc] GC(3407) Pause Young (Allocation Failure) 117M->117M(295M) 127.205ms
[2020-08-08T11:22:35.948+0300][525.610s][info ][gc] GC(3408) Pause Young (Allocation Failure) 174M->175M(295M) 151.300ms
[2020-08-08T11:22:36.015+0300][525.678s][debug][gc] GC(3409) Shrinking ParOldGen from 185344K by 19456K to 165888K
[2020-08-08T11:22:36.015+0300][525.678s][info ][gc] GC(3409) Pause Full (Ergonomics) 175M->40M(276M) 67.643ms
[2020-08-08T11:22:36.212+0300][525.875s][info ][gc] GC(3410) Pause Young (Allocation Failure) 98M->98M(276M) 187.476ms
[2020-08-08T11:22:36.515+0300][526.178s][info ][gc] GC(3411) Pause Young (Allocation Failure) 155M->156M(276M) 295.186ms
[2020-08-08T11:22:36.531+0300][526.194s][debug][gc] GC(3412) Shrinking ParOldGen from 165888K by 18432K to 147456K
[2020-08-08T11:22:36.531+0300][526.194s][info ][gc] GC(3412) Pause Full (Ergonomics) 156M->22M(258M) 15.559ms
[2020-08-08T11:22:36.730+0300][526.393s][info ][gc] GC(3413) Pause Young (Allocation Failure) 80M->80M(258M) 185.823ms
[2020-08-08T11:22:37.096+0300][526.759s][info ][gc] GC(3414) Pause Young (Allocation Failure) 136M->136M(258M) 351.548ms
[2020-08-08T11:22:37.103+0300][526.765s][debug][gc] GC(3415) Shrinking ParOldGen from 147456K by 20992K to 126464K
[2020-08-08T11:22:37.103+0300][526.765s][info ][gc] GC(3415) Pause Full (Ergonomics) 136M->2M(237M) 6.066ms
[2020-08-08T11:22:37.147+0300][526.810s][info ][gc] GC(3416) Pause Young (Allocation Failure) 60M->59M(237M) 34.066ms
[2020-08-08T11:22:37.249+0300][526.912s][info ][gc] GC(3417) Pause Young (Allocation Failure) 117M->117M(237M) 92.238ms
[2020-08-08T11:22:37.548+0300][527.211s][debug][gc] GC(3418) Expanding ParOldGen from 126464K by 117248K to 243712K
[2020-08-08T11:22:37.548+0300][527.211s][info ][gc] GC(3418) Pause Full (Ergonomics) 117M->116M(352M) 298.590ms
[2020-08-08T11:22:37.606+0300][527.269s][info ][gc] GC(3419) Pause Young (Allocation Failure) 174M->174M(352M) 47.062ms
[2020-08-08T11:22:37.707+0300][527.370s][info ][gc] GC(3420) Pause Young (Allocation Failure) 231M->232M(352M) 91.168ms
[2020-08-08T11:22:37.950+0300][527.613s][debug][gc] GC(3421) Shrinking ParOldGen from 243712K by 18944K to 224768K
[2020-08-08T11:22:37.951+0300][527.613s][info ][gc] GC(3421) Pause Full (Ergonomics) 232M->98M(333M) 243.469ms
[2020-08-08T11:22:38.080+0300][527.743s][info ][gc] GC(3422) Pause Young (Allocation Failure) 155M->155M(333M) 120.620ms
[2020-08-08T11:22:38.169+0300][527.832s][info ][gc] GC(3423) Pause Young (Allocation Failure) 213M->213M(333M) 80.105ms
[2020-08-08T11:22:38.350+0300][528.013s][debug][gc] GC(3424) Shrinking ParOldGen from 224768K by 19456K to 205312K
[2020-08-08T11:22:38.350+0300][528.013s][info ][gc] GC(3424) Pause Full (Ergonomics) 213M->79M(314M) 180.489ms
[2020-08-08T11:22:38.549+0300][528.211s][info ][gc] GC(3425) Pause Young (Allocation Failure) 135M->135M(314M) 186.481ms
[2020-08-08T11:22:38.677+0300][528.340s][info ][gc] GC(3426) Pause Young (Allocation Failure) 193M->193M(314M) 117.351ms
[2020-08-08T11:22:38.801+0300][528.463s][debug][gc] GC(3427) Shrinking ParOldGen from 205312K by 19968K to 185344K
[2020-08-08T11:22:38.801+0300][528.464s][info ][gc] GC(3427) Pause Full (Ergonomics) 193M->59M(295M) 123.460ms
[2020-08-08T11:22:38.949+0300][528.612s][info ][gc] GC(3428) Pause Young (Allocation Failure) 117M->117M(295M) 138.724ms
[2020-08-08T11:22:39.117+0300][528.780s][info ][gc] GC(3429) Pause Young (Allocation Failure) 174M->175M(295M) 160.401ms
[2020-08-08T11:22:39.185+0300][528.848s][debug][gc] GC(3430) Shrinking ParOldGen from 185344K by 18944K to 166400K
[2020-08-08T11:22:39.185+0300][528.848s][info ][gc] GC(3430) Pause Full (Ergonomics) 175M->41M(276M) 68.067ms
[2020-08-08T11:22:39.380+0300][529.043s][info ][gc] GC(3431) Pause Young (Allocation Failure) 98M->98M(276M) 184.055ms
[2020-08-08T11:22:39.688+0300][529.350s][info ][gc] GC(3432) Pause Young (Allocation Failure) 156M->156M(276M) 300.349ms
[2020-08-08T11:22:39.703+0300][529.365s][debug][gc] GC(3433) Shrinking ParOldGen from 166400K by 18944K to 147456K
[2020-08-08T11:22:39.703+0300][529.366s][info ][gc] GC(3433) Pause Full (Ergonomics) 156M->22M(258M) 15.038ms
[2020-08-08T11:22:39.871+0300][529.534s][info ][gc] GC(3434) Pause Young (Allocation Failure) 80M->80M(258M) 154.289ms
[2020-08-08T11:22:40.210+0300][529.873s][info ][gc] GC(3435) Pause Young (Allocation Failure) 136M->136M(258M) 330.288ms
[2020-08-08T11:22:40.216+0300][529.879s][debug][gc] GC(3436) Shrinking ParOldGen from 147456K by 20992K to 126464K
[2020-08-08T11:22:40.216+0300][529.879s][info ][gc] GC(3436) Pause Full (Ergonomics) 136M->2M(237M) 5.811ms
[2020-08-08T11:22:40.261+0300][529.924s][info ][gc] GC(3437) Pause Young (Allocation Failure) 60M->59M(237M) 35.262ms
[2020-08-08T11:22:40.363+0300][530.026s][info ][gc] GC(3438) Pause Young (Allocation Failure) 117M->117M(237M) 91.805ms
[2020-08-08T11:22:40.660+0300][530.322s][debug][gc] GC(3439) Expanding ParOldGen from 126464K by 117248K to 243712K
[2020-08-08T11:22:40.660+0300][530.322s][info ][gc] GC(3439) Pause Full (Ergonomics) 117M->116M(352M) 296.366ms
[2020-08-08T11:22:40.712+0300][530.375s][info ][gc] GC(3440) Pause Young (Allocation Failure) 174M->174M(352M) 42.724ms
[2020-08-08T11:22:40.812+0300][530.475s][info ][gc] GC(3441) Pause Young (Allocation Failure) 231M->232M(352M) 89.711ms
[2020-08-08T11:22:41.054+0300][530.717s][debug][gc] GC(3442) Shrinking ParOldGen from 243712K by 18944K to 224768K
[2020-08-08T11:22:41.054+0300][530.717s][info ][gc] GC(3442) Pause Full (Ergonomics) 232M->98M(333M) 241.505ms
[2020-08-08T11:22:41.182+0300][530.845s][info ][gc] GC(3443) Pause Young (Allocation Failure) 155M->155M(333M) 119.563ms
[2020-08-08T11:22:41.270+0300][530.933s][info ][gc] GC(3444) Pause Young (Allocation Failure) 213M->213M(333M) 77.965ms
[2020-08-08T11:22:41.458+0300][531.121s][debug][gc] GC(3445) Shrinking ParOldGen from 224768K by 19456K to 205312K
[2020-08-08T11:22:41.459+0300][531.121s][info ][gc] GC(3445) Pause Full (Ergonomics) 213M->79M(314M) 187.993ms
[2020-08-08T11:22:41.662+0300][531.325s][info ][gc] GC(3446) Pause Young (Allocation Failure) 135M->135M(314M) 190.851ms
[2020-08-08T11:22:41.788+0300][531.451s][info ][gc] GC(3447) Pause Young (Allocation Failure) 193M->193M(314M) 114.374ms
[2020-08-08T11:22:41.908+0300][531.571s][debug][gc] GC(3448) Shrinking ParOldGen from 205312K by 19968K to 185344K
[2020-08-08T11:22:41.909+0300][531.571s][info ][gc] GC(3448) Pause Full (Ergonomics) 193M->59M(295M) 120.759ms
[2020-08-08T11:22:42.044+0300][531.707s][info ][gc] GC(3449) Pause Young (Allocation Failure) 117M->117M(295M) 125.254ms
[2020-08-08T11:22:42.206+0300][531.869s][info ][gc] GC(3450) Pause Young (Allocation Failure) 174M->175M(295M) 153.647ms
[2020-08-08T11:22:42.277+0300][531.940s][debug][gc] GC(3451) Shrinking ParOldGen from 185344K by 18944K to 166400K
[2020-08-08T11:22:42.277+0300][531.940s][info ][gc] GC(3451) Pause Full (Ergonomics) 175M->41M(276M) 71.240ms
[2020-08-08T11:22:42.478+0300][532.140s][info ][gc] GC(3452) Pause Young (Allocation Failure) 98M->98M(276M) 189.632ms
[2020-08-08T11:22:42.781+0300][532.444s][info ][gc] GC(3453) Pause Young (Allocation Failure) 156M->156M(276M) 293.914ms
[2020-08-08T11:22:42.798+0300][532.461s][debug][gc] GC(3454) Shrinking ParOldGen from 166400K by 18944K to 147456K
[2020-08-08T11:22:42.799+0300][532.461s][info ][gc] GC(3454) Pause Full (Ergonomics) 156M->22M(258M) 17.095ms
[2020-08-08T11:22:42.994+0300][532.657s][info ][gc] GC(3455) Pause Young (Allocation Failure) 80M->80M(258M) 180.212ms
[2020-08-08T11:22:43.326+0300][532.989s][info ][gc] GC(3456) Pause Young (Allocation Failure) 136M->136M(258M) 322.769ms
[2020-08-08T11:22:43.332+0300][532.995s][debug][gc] GC(3457) Shrinking ParOldGen from 147456K by 20992K to 126464K
[2020-08-08T11:22:43.332+0300][532.995s][info ][gc] GC(3457) Pause Full (Ergonomics) 136M->2M(237M) 6.193ms
[2020-08-08T11:22:43.380+0300][533.043s][info ][gc] GC(3458) Pause Young (Allocation Failure) 60M->59M(237M) 36.995ms
[2020-08-08T11:22:43.491+0300][533.154s][info ][gc] GC(3459) Pause Young (Allocation Failure) 117M->117M(237M) 97.610ms
[2020-08-08T11:22:43.788+0300][533.451s][debug][gc] GC(3460) Expanding ParOldGen from 126464K by 117248K to 243712K
[2020-08-08T11:22:43.788+0300][533.451s][info ][gc] GC(3460) Pause Full (Ergonomics) 117M->116M(352M) 296.171ms
[2020-08-08T11:22:43.844+0300][533.507s][info ][gc] GC(3461) Pause Young (Allocation Failure) 174M->174M(352M) 44.863ms
[2020-08-08T11:22:43.950+0300][533.612s][info ][gc] GC(3462) Pause Young (Allocation Failure) 231M->232M(352M) 94.632ms
[2020-08-08T11:22:44.188+0300][533.851s][debug][gc] GC(3463) Shrinking ParOldGen from 243712K by 18944K to 224768K
[2020-08-08T11:22:44.188+0300][533.851s][info ][gc] GC(3463) Pause Full (Ergonomics) 232M->98M(333M) 238.037ms
