[2020-08-08T13:04:59.799+0300][0.013s][info][gc] Using Parallel
[2020-08-08T13:05:00.168+0300][0.383s][info][gc] GC(0) Pause Young (Allocation Failure) 128M->118M(491M) 117.398ms
[2020-08-08T13:05:00.335+0300][0.549s][info][gc] GC(1) Pause Young (Allocation Failure) 247M->205M(491M) 119.797ms
[2020-08-08T13:05:00.487+0300][0.701s][info][gc] GC(2) Pause Young (Allocation Failure) 334M->286M(491M) 124.687ms
[2020-08-08T13:05:00.740+0300][0.954s][debug][gc] GC(3) Shrinking ParOldGen from 349696K by 15872K to 333824K
[2020-08-08T13:05:00.740+0300][0.954s][info ][gc] GC(3) Pause Full (Ergonomics) 286M->101M(475M) 252.642ms
[2020-08-08T13:05:00.868+0300][1.082s][info ][gc] GC(4) Pause Young (Allocation Failure) 229M->228M(475M) 104.564ms
[2020-08-08T13:05:00.962+0300][1.177s][info ][gc] GC(5) Pause Young (Allocation Failure) 356M->292M(404M) 64.167ms
[2020-08-08T13:05:01.176+0300][1.390s][debug][gc] GC(6) Shrinking ParOldGen from 333824K by 6144K to 327680K
[2020-08-08T13:05:01.176+0300][1.391s][info ][gc] GC(6) Pause Full (Ergonomics) 292M->86M(434M) 213.769ms
[2020-08-08T13:05:01.346+0300][1.560s][info ][gc] GC(7) Pause Young (Allocation Failure) 136M->135M(434M) 156.094ms
[2020-08-08T13:05:01.467+0300][1.682s][info ][gc] GC(8) Pause Young (Allocation Failure) 193M->193M(434M) 105.528ms
[2020-08-08T13:05:01.574+0300][1.788s][info ][gc] GC(9) Pause Young (Allocation Failure) 250M->250M(434M) 87.665ms
[2020-08-08T13:05:01.616+0300][1.830s][info ][gc] GC(10) Pause Young (Allocation Failure) 308M->239M(434M) 30.673ms
[2020-08-08T13:05:01.695+0300][1.909s][info ][gc] GC(11) Pause Young (Allocation Failure) 296M->296M(434M) 66.548ms
[2020-08-08T13:05:01.944+0300][2.158s][debug][gc] GC(12) Shrinking ParOldGen from 327680K by 2048K to 325632K
[2020-08-08T13:05:01.944+0300][2.158s][info ][gc] GC(12) Pause Full (Ergonomics) 296M->98M(432M) 248.702ms
[2020-08-08T13:05:02.059+0300][2.274s][info ][gc] GC(13) Pause Young (Allocation Failure) 155M->155M(432M) 107.930ms
[2020-08-08T13:05:02.150+0300][2.365s][info ][gc] GC(14) Pause Young (Allocation Failure) 212M->213M(432M) 80.493ms
[2020-08-08T13:05:02.469+0300][2.684s][info ][gc] GC(15) Pause Young (Allocation Failure) 270M->269M(432M) 303.721ms
[2020-08-08T13:05:02.603+0300][2.818s][info ][gc] GC(16) Pause Young (Allocation Failure) 327M->327M(432M) 125.638ms
[2020-08-08T13:05:02.728+0300][2.942s][debug][gc] GC(17) Shrinking ParOldGen from 325632K by 53248K to 272384K
[2020-08-08T13:05:02.728+0300][2.942s][info ][gc] GC(17) Pause Full (Ergonomics) 327M->59M(380M) 124.334ms
[2020-08-08T13:05:02.917+0300][3.132s][info ][gc] GC(18) Pause Young (Allocation Failure) 116M->117M(380M) 178.337ms
[2020-08-08T13:05:03.127+0300][3.342s][info ][gc] GC(19) Pause Young (Allocation Failure) 174M->174M(380M) 200.623ms
[2020-08-08T13:05:03.224+0300][3.438s][info ][gc] GC(20) Pause Young (Allocation Failure) 232M->232M(380M) 86.404ms
[2020-08-08T13:05:03.468+0300][3.683s][debug][gc] GC(21) Expanding ParOldGen from 272384K by 34304K to 306688K
[2020-08-08T13:05:03.468+0300][3.683s][info ][gc] GC(21) Pause Full (Ergonomics) 232M->98M(413M) 244.085ms
[2020-08-08T13:05:03.593+0300][3.808s][info ][gc] GC(22) Pause Young (Allocation Failure) 155M->155M(413M) 111.271ms
[2020-08-08T13:05:03.682+0300][3.897s][info ][gc] GC(23) Pause Young (Allocation Failure) 212M->212M(413M) 78.950ms
[2020-08-08T13:05:03.991+0300][4.205s][info ][gc] GC(24) Pause Young (Allocation Failure) 270M->269M(413M) 293.148ms
[2020-08-08T13:05:03.998+0300][4.212s][debug][gc] GC(25) Shrinking ParOldGen from 306688K by 98816K to 207872K
[2020-08-08T13:05:03.998+0300][4.213s][info ][gc] GC(25) Pause Full (Ergonomics) 269M->2M(317M) 7.229ms
[2020-08-08T13:05:04.047+0300][4.262s][info ][gc] GC(26) Pause Young (Allocation Failure) 59M->59M(317M) 35.707ms
[2020-08-08T13:05:04.154+0300][4.369s][info ][gc] GC(27) Pause Young (Allocation Failure) 116M->116M(317M) 93.547ms
[2020-08-08T13:05:04.362+0300][4.577s][info ][gc] GC(28) Pause Young (Allocation Failure) 174M->174M(317M) 197.621ms
[2020-08-08T13:05:04.434+0300][4.648s][debug][gc] GC(29) Expanding ParOldGen from 207872K by 35328K to 243200K
[2020-08-08T13:05:04.434+0300][4.648s][info ][gc] GC(29) Pause Full (Ergonomics) 174M->40M(351M) 71.418ms
[2020-08-08T13:05:04.624+0300][4.839s][info ][gc] GC(30) Pause Young (Allocation Failure) 97M->97M(351M) 178.080ms
[2020-08-08T13:05:04.910+0300][5.125s][info ][gc] GC(31) Pause Young (Allocation Failure) 136M->136M(351M) 277.445ms
[2020-08-08T13:05:05.002+0300][5.217s][info ][gc] GC(32) Pause Young (Allocation Failure) 193M->193M(351M) 80.437ms
[2020-08-08T13:05:05.113+0300][5.327s][info ][gc] GC(33) Pause Young (Allocation Failure) 250M->250M(351M) 95.455ms
[2020-08-08T13:05:05.416+0300][5.630s][debug][gc] GC(34) Expanding ParOldGen from 243200K by 69120K to 312320K
[2020-08-08T13:05:05.416+0300][5.630s][info ][gc] GC(34) Pause Full (Ergonomics) 250M->116M(419M) 302.709ms
[2020-08-08T13:05:05.477+0300][5.691s][info ][gc] GC(35) Pause Young (Allocation Failure) 173M->173M(419M) 49.491ms
[2020-08-08T13:05:05.573+0300][5.788s][info ][gc] GC(36) Pause Young (Allocation Failure) 230M->230M(419M) 84.010ms
[2020-08-08T13:05:05.851+0300][6.066s][info ][gc] GC(37) Pause Young (Allocation Failure) 271M->269M(419M) 267.938ms
[2020-08-08T13:05:05.857+0300][6.072s][debug][gc] GC(38) Shrinking ParOldGen from 312320K by 118784K to 193536K
[2020-08-08T13:05:05.857+0300][6.072s][info ][gc] GC(38) Pause Full (Ergonomics) 269M->2M(303M) 6.045ms
[2020-08-08T13:05:05.909+0300][6.123s][info ][gc] GC(39) Pause Young (Allocation Failure) 60M->59M(303M) 36.939ms
[2020-08-08T13:05:06.018+0300][6.233s][info ][gc] GC(40) Pause Young (Allocation Failure) 117M->117M(303M) 93.438ms
[2020-08-08T13:05:06.223+0300][6.438s][info ][gc] GC(41) Pause Young (Allocation Failure) 174M->174M(303M) 191.601ms
[2020-08-08T13:05:06.286+0300][6.500s][debug][gc] GC(42) Expanding ParOldGen from 193536K by 37376K to 230912K
[2020-08-08T13:05:06.286+0300][6.500s][info ][gc] GC(42) Pause Full (Ergonomics) 174M->40M(339M) 62.114ms
[2020-08-08T13:05:06.469+0300][6.684s][info ][gc] GC(43) Pause Young (Allocation Failure) 98M->98M(339M) 170.152ms
[2020-08-08T13:05:06.749+0300][6.963s][info ][gc] GC(44) Pause Young (Allocation Failure) 138M->137M(339M) 270.179ms
[2020-08-08T13:05:06.847+0300][7.062s][info ][gc] GC(45) Pause Young (Allocation Failure) 194M->194M(339M) 81.028ms
[2020-08-08T13:05:06.965+0300][7.179s][debug][gc] GC(46) Expanding ParOldGen from 230912K by 15872K to 246784K
[2020-08-08T13:05:06.965+0300][7.180s][info ][gc] GC(46) Pause Full (Ergonomics) 194M->60M(355M) 117.545ms
[2020-08-08T13:05:07.162+0300][7.376s][info ][gc] GC(47) Pause Young (Allocation Failure) 118M->118M(355M) 184.849ms
[2020-08-08T13:05:07.370+0300][7.585s][info ][gc] GC(48) Pause Young (Allocation Failure) 175M->176M(355M) 199.228ms
[2020-08-08T13:05:07.474+0300][7.688s][info ][gc] GC(49) Pause Young (Allocation Failure) 233M->233M(355M) 90.827ms
[2020-08-08T13:05:07.711+0300][7.926s][debug][gc] GC(50) Expanding ParOldGen from 246784K by 37376K to 284160K
[2020-08-08T13:05:07.711+0300][7.926s][info ][gc] GC(50) Pause Full (Ergonomics) 233M->98M(391M) 237.157ms
[2020-08-08T13:05:07.833+0300][8.047s][info ][gc] GC(51) Pause Young (Allocation Failure) 137M->136M(391M) 111.105ms
[2020-08-08T13:05:07.920+0300][8.134s][info ][gc] GC(52) Pause Young (Allocation Failure) 193M->193M(391M) 77.636ms
[2020-08-08T13:05:08.032+0300][8.247s][info ][gc] GC(53) Pause Young (Allocation Failure) 251M->251M(391M) 100.740ms
[2020-08-08T13:05:08.337+0300][8.551s][debug][gc] GC(54) Expanding ParOldGen from 284160K by 13312K to 297472K
[2020-08-08T13:05:08.337+0300][8.551s][info ][gc] GC(54) Pause Full (Ergonomics) 251M->117M(404M) 300.431ms
[2020-08-08T13:05:08.399+0300][8.613s][info ][gc] GC(55) Pause Young (Allocation Failure) 174M->174M(404M) 47.539ms
[2020-08-08T13:05:08.497+0300][8.712s][info ][gc] GC(56) Pause Young (Allocation Failure) 231M->231M(404M) 87.615ms
[2020-08-08T13:05:08.777+0300][8.991s][info ][gc] GC(57) Pause Young (Allocation Failure) 270M->270M(404M) 270.711ms
[2020-08-08T13:05:08.784+0300][8.998s][debug][gc] GC(58) Shrinking ParOldGen from 297472K by 117248K to 180224K
[2020-08-08T13:05:08.784+0300][8.999s][info ][gc] GC(58) Pause Full (Ergonomics) 270M->3M(290M) 6.980ms
[2020-08-08T13:05:08.831+0300][9.045s][info ][gc] GC(59) Pause Young (Allocation Failure) 60M->60M(290M) 34.987ms
[2020-08-08T13:05:08.938+0300][9.152s][info ][gc] GC(60) Pause Young (Allocation Failure) 118M->118M(290M) 94.393ms
[2020-08-08T13:05:09.141+0300][9.356s][info ][gc] GC(61) Pause Young (Allocation Failure) 175M->175M(290M) 193.463ms
[2020-08-08T13:05:09.209+0300][9.424s][debug][gc] GC(62) Expanding ParOldGen from 180224K by 38912K to 219136K
[2020-08-08T13:05:09.209+0300][9.424s][info ][gc] GC(62) Pause Full (Ergonomics) 175M->41M(328M) 67.929ms
[2020-08-08T13:05:09.402+0300][9.616s][info ][gc] GC(63) Pause Young (Allocation Failure) 99M->99M(328M) 182.209ms
[2020-08-08T13:05:09.703+0300][9.917s][info ][gc] GC(64) Pause Young (Allocation Failure) 156M->156M(328M) 285.620ms
[2020-08-08T13:05:09.793+0300][10.008s][info ][gc] GC(65) Pause Young (Allocation Failure) 214M->214M(328M) 80.191ms
[2020-08-08T13:05:09.976+0300][10.190s][debug][gc] GC(66) Expanding ParOldGen from 219136K by 41472K to 260608K
[2020-08-08T13:05:09.976+0300][10.190s][info ][gc] GC(66) Pause Full (Ergonomics) 214M->80M(368M) 182.667ms
[2020-08-08T13:05:10.137+0300][10.351s][info ][gc] GC(67) Pause Young (Allocation Failure) 136M->136M(368M) 146.142ms
[2020-08-08T13:05:10.253+0300][10.467s][info ][gc] GC(68) Pause Young (Allocation Failure) 193M->193M(368M) 107.758ms
[2020-08-08T13:05:10.361+0300][10.575s][info ][gc] GC(69) Pause Young (Allocation Failure) 251M->251M(368M) 97.927ms
[2020-08-08T13:05:10.663+0300][10.878s][debug][gc] GC(70) Expanding ParOldGen from 260608K by 33280K to 293888K
[2020-08-08T13:05:10.663+0300][10.878s][info ][gc] GC(70) Pause Full (Ergonomics) 251M->117M(401M) 302.309ms
[2020-08-08T13:05:10.721+0300][10.935s][info ][gc] GC(71) Pause Young (Allocation Failure) 174M->174M(401M) 44.740ms
[2020-08-08T13:05:10.828+0300][11.042s][info ][gc] GC(72) Pause Young (Allocation Failure) 232M->232M(401M) 94.557ms
[2020-08-08T13:05:11.117+0300][11.332s][info ][gc] GC(73) Pause Young (Allocation Failure) 289M->290M(401M) 279.903ms
[2020-08-08T13:05:11.135+0300][11.350s][debug][gc] GC(74) Shrinking ParOldGen from 293888K by 98304K to 195584K
[2020-08-08T13:05:11.135+0300][11.350s][info ][gc] GC(74) Pause Full (Ergonomics) 290M->23M(305M) 17.984ms
[2020-08-08T13:05:11.325+0300][11.540s][info ][gc] GC(75) Pause Young (Allocation Failure) 80M->80M(305M) 177.752ms
[2020-08-08T13:05:11.675+0300][11.890s][info ][gc] GC(76) Pause Young (Allocation Failure) 136M->136M(305M) 340.795ms
[2020-08-08T13:05:11.829+0300][12.043s][info ][gc] GC(77) Pause Young (Allocation Failure) 194M->194M(305M) 142.419ms
[2020-08-08T13:05:11.967+0300][12.181s][debug][gc] GC(78) Expanding ParOldGen from 195584K by 39424K to 235008K
[2020-08-08T13:05:11.967+0300][12.181s][info ][gc] GC(78) Pause Full (Ergonomics) 194M->60M(343M) 138.104ms
[2020-08-08T13:05:12.177+0300][12.391s][info ][gc] GC(79) Pause Young (Allocation Failure) 117M->117M(343M) 195.903ms
[2020-08-08T13:05:12.373+0300][12.587s][info ][gc] GC(80) Pause Young (Allocation Failure) 175M->175M(343M) 183.026ms
[2020-08-08T13:05:12.483+0300][12.697s][info ][gc] GC(81) Pause Young (Allocation Failure) 233M->233M(343M) 93.330ms
[2020-08-08T13:05:12.736+0300][12.951s][debug][gc] GC(82) Expanding ParOldGen from 235008K by 36864K to 271872K
[2020-08-08T13:05:12.736+0300][12.951s][info ][gc] GC(82) Pause Full (Ergonomics) 233M->98M(379M) 253.575ms
[2020-08-08T13:05:12.855+0300][13.069s][info ][gc] GC(83) Pause Young (Allocation Failure) 156M->156M(379M) 104.996ms
[2020-08-08T13:05:12.943+0300][13.158s][info ][gc] GC(84) Pause Young (Allocation Failure) 213M->213M(379M) 77.226ms
[2020-08-08T13:05:13.129+0300][13.344s][debug][gc] GC(85) Shrinking ParOldGen from 271872K by 20992K to 250880K
[2020-08-08T13:05:13.129+0300][13.344s][info ][gc] GC(85) Pause Full (Ergonomics) 213M->79M(359M) 186.273ms
[2020-08-08T13:05:13.286+0300][13.500s][info ][gc] GC(86) Pause Young (Allocation Failure) 137M->136M(359M) 145.584ms
[2020-08-08T13:05:13.403+0300][13.618s][info ][gc] GC(87) Pause Young (Allocation Failure) 193M->193M(359M) 108.448ms
[2020-08-08T13:05:13.529+0300][13.743s][debug][gc] GC(88) Shrinking ParOldGen from 250880K by 21504K to 229376K
[2020-08-08T13:05:13.529+0300][13.743s][info ][gc] GC(88) Pause Full (Ergonomics) 193M->60M(338M) 125.189ms
[2020-08-08T13:05:13.715+0300][13.929s][info ][gc] GC(89) Pause Young (Allocation Failure) 117M->117M(338M) 174.504ms
[2020-08-08T13:05:13.922+0300][14.136s][info ][gc] GC(90) Pause Young (Allocation Failure) 175M->175M(338M) 198.267ms
[2020-08-08T13:05:13.991+0300][14.206s][debug][gc] GC(91) Shrinking ParOldGen from 229376K by 21504K to 207872K
[2020-08-08T13:05:13.991+0300][14.206s][info ][gc] GC(91) Pause Full (Ergonomics) 175M->41M(317M) 69.661ms
[2020-08-08T13:05:14.172+0300][14.386s][info ][gc] GC(92) Pause Young (Allocation Failure) 99M->99M(317M) 170.681ms
[2020-08-08T13:05:14.472+0300][14.686s][info ][gc] GC(93) Pause Young (Allocation Failure) 156M->156M(317M) 292.428ms
[2020-08-08T13:05:14.492+0300][14.706s][debug][gc] GC(94) Shrinking ParOldGen from 207872K by 19456K to 188416K
[2020-08-08T13:05:14.492+0300][14.706s][info ][gc] GC(94) Pause Full (Ergonomics) 156M->22M(298M) 20.006ms
[2020-08-08T13:05:14.671+0300][14.885s][info ][gc] GC(95) Pause Young (Allocation Failure) 79M->79M(298M) 166.344ms
[2020-08-08T13:05:14.985+0300][15.200s][info ][gc] GC(96) Pause Young (Allocation Failure) 137M->136M(298M) 304.172ms
[2020-08-08T13:05:14.991+0300][15.205s][debug][gc] GC(97) Shrinking ParOldGen from 188416K by 20480K to 167936K
[2020-08-08T13:05:14.991+0300][15.205s][info ][gc] GC(97) Pause Full (Ergonomics) 136M->2M(278M) 5.567ms
[2020-08-08T13:05:15.039+0300][15.254s][info ][gc] GC(98) Pause Young (Allocation Failure) 60M->60M(278M) 39.808ms
[2020-08-08T13:05:15.151+0300][15.365s][info ][gc] GC(99) Pause Young (Allocation Failure) 117M->117M(278M) 100.993ms
[2020-08-08T13:05:15.454+0300][15.669s][debug][gc] GC(100) Expanding ParOldGen from 167936K by 115200K to 283136K
[2020-08-08T13:05:15.454+0300][15.669s][info ][gc] GC(100) Pause Full (Ergonomics) 117M->117M(390M) 303.595ms
[2020-08-08T13:05:15.512+0300][15.726s][info ][gc] GC(101) Pause Young (Allocation Failure) 174M->174M(390M) 48.416ms
[2020-08-08T13:05:15.612+0300][15.826s][info ][gc] GC(102) Pause Young (Allocation Failure) 232M->232M(390M) 87.046ms
[2020-08-08T13:05:15.860+0300][16.074s][debug][gc] GC(103) Shrinking ParOldGen from 283136K by 20992K to 262144K
[2020-08-08T13:05:15.860+0300][16.074s][info ][gc] GC(103) Pause Full (Ergonomics) 232M->98M(370M) 248.291ms
[2020-08-08T13:05:15.970+0300][16.184s][info ][gc] GC(104) Pause Young (Allocation Failure) 156M->156M(370M) 99.270ms
[2020-08-08T13:05:16.065+0300][16.279s][info ][gc] GC(105) Pause Young (Allocation Failure) 213M->213M(370M) 82.727ms
[2020-08-08T13:05:16.248+0300][16.463s][debug][gc] GC(106) Shrinking ParOldGen from 262144K by 20992K to 241152K
[2020-08-08T13:05:16.248+0300][16.463s][info ][gc] GC(106) Pause Full (Ergonomics) 213M->79M(349M) 183.233ms
[2020-08-08T13:05:16.446+0300][16.661s][info ][gc] GC(107) Pause Young (Allocation Failure) 136M->136M(349M) 188.434ms
[2020-08-08T13:05:16.577+0300][16.792s][info ][gc] GC(108) Pause Young (Allocation Failure) 193M->193M(349M) 119.458ms
[2020-08-08T13:05:16.700+0300][16.914s][debug][gc] GC(109) Shrinking ParOldGen from 241152K by 23040K to 218112K
[2020-08-08T13:05:16.700+0300][16.914s][info ][gc] GC(109) Pause Full (Ergonomics) 193M->59M(327M) 122.167ms
[2020-08-08T13:05:16.864+0300][17.078s][info ][gc] GC(110) Pause Young (Allocation Failure) 117M->117M(327M) 154.402ms
[2020-08-08T13:05:17.057+0300][17.271s][info ][gc] GC(111) Pause Young (Allocation Failure) 174M->175M(327M) 184.637ms
[2020-08-08T13:05:17.126+0300][17.341s][debug][gc] GC(112) Shrinking ParOldGen from 218112K by 20992K to 197120K
[2020-08-08T13:05:17.126+0300][17.341s][info ][gc] GC(112) Pause Full (Ergonomics) 175M->41M(306M) 69.434ms
[2020-08-08T13:05:17.306+0300][17.520s][info ][gc] GC(113) Pause Young (Allocation Failure) 98M->98M(306M) 169.022ms
[2020-08-08T13:05:17.580+0300][17.794s][info ][gc] GC(114) Pause Young (Allocation Failure) 156M->156M(306M) 266.430ms
[2020-08-08T13:05:17.595+0300][17.809s][debug][gc] GC(115) Shrinking ParOldGen from 197120K by 18944K to 178176K
[2020-08-08T13:05:17.595+0300][17.810s][info ][gc] GC(115) Pause Full (Ergonomics) 156M->22M(288M) 15.169ms
[2020-08-08T13:05:17.778+0300][17.993s][info ][gc] GC(116) Pause Young (Allocation Failure) 80M->79M(288M) 170.843ms
[2020-08-08T13:05:18.118+0300][18.332s][info ][gc] GC(117) Pause Young (Allocation Failure) 137M->136M(288M) 328.878ms
[2020-08-08T13:05:18.123+0300][18.338s][debug][gc] GC(118) Shrinking ParOldGen from 178176K by 20480K to 157696K
[2020-08-08T13:05:18.123+0300][18.338s][info ][gc] GC(118) Pause Full (Ergonomics) 136M->2M(268M) 5.223ms
[2020-08-08T13:05:18.166+0300][18.381s][info ][gc] GC(119) Pause Young (Allocation Failure) 60M->59M(268M) 34.751ms
[2020-08-08T13:05:18.274+0300][18.488s][info ][gc] GC(120) Pause Young (Allocation Failure) 117M->117M(268M) 96.478ms
[2020-08-08T13:05:18.576+0300][18.790s][debug][gc] GC(121) Expanding ParOldGen from 157696K by 115712K to 273408K
[2020-08-08T13:05:18.576+0300][18.790s][info ][gc] GC(121) Pause Full (Ergonomics) 117M->117M(381M) 301.527ms
[2020-08-08T13:05:18.631+0300][18.845s][info ][gc] GC(122) Pause Young (Allocation Failure) 174M->174M(381M) 44.741ms
[2020-08-08T13:05:18.732+0300][18.946s][info ][gc] GC(123) Pause Young (Allocation Failure) 232M->232M(381M) 87.690ms
[2020-08-08T13:05:18.970+0300][19.185s][debug][gc] GC(124) Shrinking ParOldGen from 273408K by 20480K to 252928K
[2020-08-08T13:05:18.970+0300][19.185s][info ][gc] GC(124) Pause Full (Ergonomics) 232M->98M(361M) 238.482ms
[2020-08-08T13:05:19.087+0300][19.301s][info ][gc] GC(125) Pause Young (Allocation Failure) 156M->156M(361M) 107.895ms
[2020-08-08T13:05:19.173+0300][19.388s][info ][gc] GC(126) Pause Young (Allocation Failure) 213M->213M(361M) 76.081ms
[2020-08-08T13:05:19.358+0300][19.573s][debug][gc] GC(127) Shrinking ParOldGen from 252928K by 20992K to 231936K
[2020-08-08T13:05:19.358+0300][19.573s][info ][gc] GC(127) Pause Full (Ergonomics) 213M->79M(340M) 185.040ms
[2020-08-08T13:05:19.537+0300][19.752s][info ][gc] GC(128) Pause Young (Allocation Failure) 136M->136M(340M) 168.660ms
[2020-08-08T13:05:19.666+0300][19.881s][info ][gc] GC(129) Pause Young (Allocation Failure) 193M->193M(340M) 118.109ms
[2020-08-08T13:05:19.793+0300][20.008s][debug][gc] GC(130) Shrinking ParOldGen from 231936K by 22016K to 209920K
[2020-08-08T13:05:19.794+0300][20.008s][info ][gc] GC(130) Pause Full (Ergonomics) 193M->59M(319M) 127.325ms
[2020-08-08T13:05:19.981+0300][20.196s][info ][gc] GC(131) Pause Young (Allocation Failure) 117M->117M(319M) 177.383ms
[2020-08-08T13:05:20.196+0300][20.411s][info ][gc] GC(132) Pause Young (Allocation Failure) 174M->175M(319M) 206.151ms
[2020-08-08T13:05:20.267+0300][20.482s][debug][gc] GC(133) Shrinking ParOldGen from 209920K by 20480K to 189440K
[2020-08-08T13:05:20.267+0300][20.482s][info ][gc] GC(133) Pause Full (Ergonomics) 175M->41M(299M) 71.028ms
[2020-08-08T13:05:20.446+0300][20.660s][info ][gc] GC(134) Pause Young (Allocation Failure) 98M->98M(299M) 168.561ms
[2020-08-08T13:05:20.737+0300][20.952s][info ][gc] GC(135) Pause Young (Allocation Failure) 156M->156M(299M) 282.535ms
[2020-08-08T13:05:20.752+0300][20.966s][debug][gc] GC(136) Shrinking ParOldGen from 189440K by 19456K to 169984K
[2020-08-08T13:05:20.752+0300][20.966s][info ][gc] GC(136) Pause Full (Ergonomics) 156M->22M(280M) 14.343ms
[2020-08-08T13:05:20.938+0300][21.152s][info ][gc] GC(137) Pause Young (Allocation Failure) 79M->79M(280M) 173.992ms
[2020-08-08T13:05:21.286+0300][21.500s][info ][gc] GC(138) Pause Young (Allocation Failure) 137M->136M(280M) 338.483ms
[2020-08-08T13:05:21.291+0300][21.505s][debug][gc] GC(139) Shrinking ParOldGen from 169984K by 20480K to 149504K
[2020-08-08T13:05:21.291+0300][21.506s][info ][gc] GC(139) Pause Full (Ergonomics) 136M->2M(260M) 5.312ms
[2020-08-08T13:05:21.336+0300][21.550s][info ][gc] GC(140) Pause Young (Allocation Failure) 60M->59M(260M) 35.044ms
[2020-08-08T13:05:21.440+0300][21.655s][info ][gc] GC(141) Pause Young (Allocation Failure) 117M->117M(260M) 94.307ms
[2020-08-08T13:05:21.734+0300][21.948s][debug][gc] GC(142) Expanding ParOldGen from 149504K by 117760K to 267264K
[2020-08-08T13:05:21.734+0300][21.948s][info ][gc] GC(142) Pause Full (Ergonomics) 117M->117M(375M) 293.280ms
[2020-08-08T13:05:21.783+0300][21.998s][info ][gc] GC(143) Pause Young (Allocation Failure) 174M->174M(375M) 39.755ms
[2020-08-08T13:05:21.883+0300][22.098s][info ][gc] GC(144) Pause Young (Allocation Failure) 232M->232M(375M) 90.115ms
[2020-08-08T13:05:22.124+0300][22.339s][debug][gc] GC(145) Shrinking ParOldGen from 267264K by 20480K to 246784K
[2020-08-08T13:05:22.124+0300][22.339s][info ][gc] GC(145) Pause Full (Ergonomics) 232M->98M(355M) 240.863ms
[2020-08-08T13:05:22.245+0300][22.459s][info ][gc] GC(146) Pause Young (Allocation Failure) 156M->156M(355M) 113.201ms
[2020-08-08T13:05:22.331+0300][22.545s][info ][gc] GC(147) Pause Young (Allocation Failure) 213M->213M(355M) 76.395ms
[2020-08-08T13:05:22.516+0300][22.731s][debug][gc] GC(148) Shrinking ParOldGen from 246784K by 20480K to 226304K
[2020-08-08T13:05:22.516+0300][22.731s][info ][gc] GC(148) Pause Full (Ergonomics) 213M->79M(335M) 185.073ms
[2020-08-08T13:05:22.703+0300][22.917s][info ][gc] GC(149) Pause Young (Allocation Failure) 136M->136M(335M) 173.547ms
[2020-08-08T13:05:22.826+0300][23.040s][info ][gc] GC(150) Pause Young (Allocation Failure) 193M->193M(335M) 110.192ms
[2020-08-08T13:05:22.948+0300][23.163s][debug][gc] GC(151) Shrinking ParOldGen from 226304K by 21504K to 204800K
[2020-08-08T13:05:22.948+0300][23.163s][info ][gc] GC(151) Pause Full (Ergonomics) 193M->59M(314M) 122.419ms
[2020-08-08T13:05:23.129+0300][23.344s][info ][gc] GC(152) Pause Young (Allocation Failure) 117M->117M(314M) 170.240ms
[2020-08-08T13:05:23.329+0300][23.543s][info ][gc] GC(153) Pause Young (Allocation Failure) 174M->175M(314M) 191.350ms
[2020-08-08T13:05:23.398+0300][23.613s][debug][gc] GC(154) Shrinking ParOldGen from 204800K by 19968K to 184832K
[2020-08-08T13:05:23.398+0300][23.613s][info ][gc] GC(154) Pause Full (Ergonomics) 175M->41M(294M) 69.274ms
[2020-08-08T13:05:23.584+0300][23.799s][info ][gc] GC(155) Pause Young (Allocation Failure) 98M->98M(294M) 175.391ms
[2020-08-08T13:05:23.873+0300][24.088s][info ][gc] GC(156) Pause Young (Allocation Failure) 156M->156M(294M) 278.447ms
[2020-08-08T13:05:23.888+0300][24.102s][debug][gc] GC(157) Shrinking ParOldGen from 184832K by 19456K to 165376K
[2020-08-08T13:05:23.888+0300][24.102s][info ][gc] GC(157) Pause Full (Ergonomics) 156M->22M(275M) 14.756ms
[2020-08-08T13:05:24.090+0300][24.305s][info ][gc] GC(158) Pause Young (Allocation Failure) 80M->80M(275M) 190.571ms
[2020-08-08T13:05:24.442+0300][24.657s][info ][gc] GC(159) Pause Young (Allocation Failure) 136M->136M(275M) 341.556ms
[2020-08-08T13:05:24.448+0300][24.662s][debug][gc] GC(160) Shrinking ParOldGen from 165376K by 20480K to 144896K
[2020-08-08T13:05:24.448+0300][24.662s][info ][gc] GC(160) Pause Full (Ergonomics) 136M->2M(255M) 5.403ms
[2020-08-08T13:05:24.491+0300][24.705s][info ][gc] GC(161) Pause Young (Allocation Failure) 60M->59M(255M) 34.874ms
[2020-08-08T13:05:24.597+0300][24.811s][info ][gc] GC(162) Pause Young (Allocation Failure) 117M->117M(255M) 94.651ms
[2020-08-08T13:05:24.897+0300][25.112s][debug][gc] GC(163) Expanding ParOldGen from 144896K by 117248K to 262144K
[2020-08-08T13:05:24.897+0300][25.112s][info ][gc] GC(163) Pause Full (Ergonomics) 117M->117M(370M) 300.815ms
[2020-08-08T13:05:24.951+0300][25.165s][info ][gc] GC(164) Pause Young (Allocation Failure) 174M->174M(370M) 45.022ms
[2020-08-08T13:05:25.049+0300][25.264s][info ][gc] GC(165) Pause Young (Allocation Failure) 232M->232M(370M) 88.265ms
[2020-08-08T13:05:25.288+0300][25.503s][debug][gc] GC(166) Shrinking ParOldGen from 262144K by 19968K to 242176K
[2020-08-08T13:05:25.288+0300][25.503s][info ][gc] GC(166) Pause Full (Ergonomics) 232M->98M(350M) 238.996ms
[2020-08-08T13:05:25.403+0300][25.617s][info ][gc] GC(167) Pause Young (Allocation Failure) 156M->156M(350M) 106.221ms
[2020-08-08T13:05:25.491+0300][25.705s][info ][gc] GC(168) Pause Young (Allocation Failure) 213M->213M(350M) 78.166ms
[2020-08-08T13:05:25.673+0300][25.888s][debug][gc] GC(169) Shrinking ParOldGen from 242176K by 19968K to 222208K
[2020-08-08T13:05:25.673+0300][25.888s][info ][gc] GC(169) Pause Full (Ergonomics) 213M->79M(331M) 182.790ms
[2020-08-08T13:05:25.845+0300][26.060s][info ][gc] GC(170) Pause Young (Allocation Failure) 136M->136M(331M) 160.199ms
[2020-08-08T13:05:25.976+0300][26.191s][info ][gc] GC(171) Pause Young (Allocation Failure) 193M->193M(331M) 121.931ms
[2020-08-08T13:05:26.105+0300][26.320s][debug][gc] GC(172) Shrinking ParOldGen from 222208K by 21504K to 200704K
[2020-08-08T13:05:26.105+0300][26.320s][info ][gc] GC(172) Pause Full (Ergonomics) 193M->59M(310M) 128.938ms
[2020-08-08T13:05:26.275+0300][26.489s][info ][gc] GC(173) Pause Young (Allocation Failure) 117M->117M(310M) 156.102ms
[2020-08-08T13:05:26.488+0300][26.703s][info ][gc] GC(174) Pause Young (Allocation Failure) 175M->175M(310M) 203.974ms
[2020-08-08T13:05:26.558+0300][26.772s][debug][gc] GC(175) Shrinking ParOldGen from 200704K by 19968K to 180736K
[2020-08-08T13:05:26.558+0300][26.772s][info ][gc] GC(175) Pause Full (Ergonomics) 175M->41M(290M) 69.621ms
[2020-08-08T13:05:26.746+0300][26.961s][info ][gc] GC(176) Pause Young (Allocation Failure) 98M->98M(290M) 176.216ms
[2020-08-08T13:05:27.031+0300][27.245s][info ][gc] GC(177) Pause Young (Allocation Failure) 156M->156M(290M) 276.606ms
[2020-08-08T13:05:27.045+0300][27.259s][debug][gc] GC(178) Shrinking ParOldGen from 180736K by 19456K to 161280K
[2020-08-08T13:05:27.045+0300][27.259s][info ][gc] GC(178) Pause Full (Ergonomics) 156M->22M(271M) 13.905ms
[2020-08-08T13:05:27.222+0300][27.437s][info ][gc] GC(179) Pause Young (Allocation Failure) 80M->80M(271M) 166.296ms
[2020-08-08T13:05:27.564+0300][27.779s][info ][gc] GC(180) Pause Young (Allocation Failure) 136M->136M(271M) 332.487ms
[2020-08-08T13:05:27.570+0300][27.785s][debug][gc] GC(181) Shrinking ParOldGen from 161280K by 20480K to 140800K
[2020-08-08T13:05:27.570+0300][27.785s][info ][gc] GC(181) Pause Full (Ergonomics) 136M->2M(251M) 5.879ms
[2020-08-08T13:05:27.617+0300][27.831s][info ][gc] GC(182) Pause Young (Allocation Failure) 60M->59M(251M) 35.579ms
[2020-08-08T13:05:27.723+0300][27.937s][info ][gc] GC(183) Pause Young (Allocation Failure) 117M->117M(251M) 95.441ms
[2020-08-08T13:05:28.019+0300][28.233s][debug][gc] GC(184) Expanding ParOldGen from 140800K by 116224K to 257024K
[2020-08-08T13:05:28.019+0300][28.233s][info ][gc] GC(184) Pause Full (Ergonomics) 117M->117M(365M) 296.140ms
[2020-08-08T13:05:28.070+0300][28.285s][info ][gc] GC(185) Pause Young (Allocation Failure) 174M->174M(365M) 42.257ms
[2020-08-08T13:05:28.166+0300][28.380s][info ][gc] GC(186) Pause Young (Allocation Failure) 232M->232M(365M) 86.064ms
[2020-08-08T13:05:28.411+0300][28.626s][debug][gc] GC(187) Shrinking ParOldGen from 257024K by 19968K to 237056K
[2020-08-08T13:05:28.411+0300][28.626s][info ][gc] GC(187) Pause Full (Ergonomics) 232M->98M(345M) 245.474ms
[2020-08-08T13:05:28.535+0300][28.750s][info ][gc] GC(188) Pause Young (Allocation Failure) 156M->156M(345M) 115.280ms
[2020-08-08T13:05:28.623+0300][28.837s][info ][gc] GC(189) Pause Young (Allocation Failure) 213M->213M(345M) 76.230ms
[2020-08-08T13:05:28.813+0300][29.028s][debug][gc] GC(190) Shrinking ParOldGen from 237056K by 19968K to 217088K
[2020-08-08T13:05:28.813+0300][29.028s][info ][gc] GC(190) Pause Full (Ergonomics) 213M->79M(326M) 190.688ms
[2020-08-08T13:05:28.990+0300][29.204s][info ][gc] GC(191) Pause Young (Allocation Failure) 137M->136M(326M) 165.822ms
[2020-08-08T13:05:29.118+0300][29.332s][info ][gc] GC(192) Pause Young (Allocation Failure) 193M->193M(326M) 120.338ms
[2020-08-08T13:05:29.245+0300][29.459s][debug][gc] GC(193) Shrinking ParOldGen from 217088K by 21504K to 195584K
[2020-08-08T13:05:29.245+0300][29.459s][info ][gc] GC(193) Pause Full (Ergonomics) 193M->59M(305M) 126.655ms
[2020-08-08T13:05:29.425+0300][29.639s][info ][gc] GC(194) Pause Young (Allocation Failure) 117M->117M(305M) 170.712ms
[2020-08-08T13:05:29.641+0300][29.856s][info ][gc] GC(195) Pause Young (Allocation Failure) 175M->175M(305M) 208.101ms
[2020-08-08T13:05:29.711+0300][29.925s][debug][gc] GC(196) Shrinking ParOldGen from 195584K by 19456K to 176128K
[2020-08-08T13:05:29.711+0300][29.925s][info ][gc] GC(196) Pause Full (Ergonomics) 175M->41M(286M) 69.373ms
[2020-08-08T13:05:29.900+0300][30.114s][info ][gc] GC(197) Pause Young (Allocation Failure) 98M->98M(286M) 177.985ms
[2020-08-08T13:05:30.177+0300][30.391s][info ][gc] GC(198) Pause Young (Allocation Failure) 156M->156M(286M) 269.632ms
[2020-08-08T13:05:30.191+0300][30.406s][debug][gc] GC(199) Shrinking ParOldGen from 176128K by 18944K to 157184K
[2020-08-08T13:05:30.192+0300][30.406s][info ][gc] GC(199) Pause Full (Ergonomics) 156M->22M(267M) 14.384ms
[2020-08-08T13:05:30.371+0300][30.585s][info ][gc] GC(200) Pause Young (Allocation Failure) 80M->80M(267M) 168.923ms
[2020-08-08T13:05:30.709+0300][30.923s][info ][gc] GC(201) Pause Young (Allocation Failure) 136M->136M(267M) 328.493ms
[2020-08-08T13:05:30.714+0300][30.929s][debug][gc] GC(202) Shrinking ParOldGen from 157184K by 20992K to 136192K
[2020-08-08T13:05:30.714+0300][30.929s][info ][gc] GC(202) Pause Full (Ergonomics) 136M->2M(247M) 5.621ms
[2020-08-08T13:05:30.758+0300][30.973s][info ][gc] GC(203) Pause Young (Allocation Failure) 60M->59M(247M) 33.702ms
[2020-08-08T13:05:30.866+0300][31.081s][info ][gc] GC(204) Pause Young (Allocation Failure) 117M->117M(247M) 97.998ms
[2020-08-08T13:05:31.159+0300][31.373s][debug][gc] GC(205) Expanding ParOldGen from 136192K by 117248K to 253440K
[2020-08-08T13:05:31.159+0300][31.373s][info ][gc] GC(205) Pause Full (Ergonomics) 117M->117M(361M) 292.736ms
[2020-08-08T13:05:31.211+0300][31.425s][info ][gc] GC(206) Pause Young (Allocation Failure) 174M->174M(361M) 43.761ms
[2020-08-08T13:05:31.307+0300][31.522s][info ][gc] GC(207) Pause Young (Allocation Failure) 232M->232M(361M) 86.589ms
[2020-08-08T13:05:31.549+0300][31.763s][debug][gc] GC(208) Shrinking ParOldGen from 253440K by 19968K to 233472K
[2020-08-08T13:05:31.549+0300][31.764s][info ][gc] GC(208) Pause Full (Ergonomics) 232M->98M(342M) 241.596ms
[2020-08-08T13:05:31.670+0300][31.885s][info ][gc] GC(209) Pause Young (Allocation Failure) 156M->156M(342M) 112.939ms
[2020-08-08T13:05:31.765+0300][31.979s][info ][gc] GC(210) Pause Young (Allocation Failure) 213M->213M(342M) 80.558ms
[2020-08-08T13:05:31.941+0300][32.156s][debug][gc] GC(211) Shrinking ParOldGen from 233472K by 19456K to 214016K
[2020-08-08T13:05:31.941+0300][32.156s][info ][gc] GC(211) Pause Full (Ergonomics) 213M->79M(323M) 176.296ms
[2020-08-08T13:05:32.118+0300][32.332s][info ][gc] GC(212) Pause Young (Allocation Failure) 137M->136M(323M) 167.323ms
[2020-08-08T13:05:32.242+0300][32.457s][info ][gc] GC(213) Pause Young (Allocation Failure) 193M->193M(323M) 116.778ms
[2020-08-08T13:05:32.362+0300][32.576s][debug][gc] GC(214) Shrinking ParOldGen from 214016K by 20992K to 193024K
[2020-08-08T13:05:32.362+0300][32.576s][info ][gc] GC(214) Pause Full (Ergonomics) 193M->59M(302M) 119.402ms
[2020-08-08T13:05:32.546+0300][32.760s][info ][gc] GC(215) Pause Young (Allocation Failure) 117M->117M(302M) 173.551ms
[2020-08-08T13:05:32.759+0300][32.973s][info ][gc] GC(216) Pause Young (Allocation Failure) 174M->175M(302M) 205.251ms
[2020-08-08T13:05:32.828+0300][33.043s][debug][gc] GC(217) Shrinking ParOldGen from 193024K by 19456K to 173568K
[2020-08-08T13:05:32.828+0300][33.043s][info ][gc] GC(217) Pause Full (Ergonomics) 175M->41M(283M) 69.429ms
[2020-08-08T13:05:33.004+0300][33.219s][info ][gc] GC(218) Pause Young (Allocation Failure) 98M->98M(283M) 164.318ms
[2020-08-08T13:05:33.293+0300][33.508s][info ][gc] GC(219) Pause Young (Allocation Failure) 156M->156M(283M) 281.731ms
[2020-08-08T13:05:33.308+0300][33.522s][debug][gc] GC(220) Shrinking ParOldGen from 173568K by 18944K to 154624K
[2020-08-08T13:05:33.308+0300][33.523s][info ][gc] GC(220) Pause Full (Ergonomics) 156M->22M(265M) 14.793ms
[2020-08-08T13:05:33.491+0300][33.706s][info ][gc] GC(221) Pause Young (Allocation Failure) 80M->80M(265M) 172.298ms
[2020-08-08T13:05:33.842+0300][34.057s][info ][gc] GC(222) Pause Young (Allocation Failure) 136M->136M(265M) 342.315ms
[2020-08-08T13:05:33.848+0300][34.063s][debug][gc] GC(223) Shrinking ParOldGen from 154624K by 20992K to 133632K
[2020-08-08T13:05:33.848+0300][34.063s][info ][gc] GC(223) Pause Full (Ergonomics) 136M->2M(244M) 5.856ms
[2020-08-08T13:05:33.894+0300][34.109s][info ][gc] GC(224) Pause Young (Allocation Failure) 60M->59M(244M) 34.103ms
[2020-08-08T13:05:33.998+0300][34.212s][info ][gc] GC(225) Pause Young (Allocation Failure) 117M->117M(244M) 94.020ms
[2020-08-08T13:05:34.300+0300][34.514s][debug][gc] GC(226) Expanding ParOldGen from 133632K by 117760K to 251392K
[2020-08-08T13:05:34.300+0300][34.514s][info ][gc] GC(226) Pause Full (Ergonomics) 117M->117M(359M) 301.914ms
[2020-08-08T13:05:34.352+0300][34.567s][info ][gc] GC(227) Pause Young (Allocation Failure) 174M->174M(359M) 45.085ms
[2020-08-08T13:05:34.450+0300][34.664s][info ][gc] GC(228) Pause Young (Allocation Failure) 232M->232M(359M) 87.550ms
[2020-08-08T13:05:34.689+0300][34.904s][debug][gc] GC(229) Shrinking ParOldGen from 251392K by 19968K to 231424K
[2020-08-08T13:05:34.689+0300][34.904s][info ][gc] GC(229) Pause Full (Ergonomics) 232M->98M(340M) 239.101ms
[2020-08-08T13:05:34.811+0300][35.025s][info ][gc] GC(230) Pause Young (Allocation Failure) 156M->156M(340M) 113.520ms
[2020-08-08T13:05:34.898+0300][35.113s][info ][gc] GC(231) Pause Young (Allocation Failure) 213M->213M(340M) 76.391ms
[2020-08-08T13:05:35.082+0300][35.297s][debug][gc] GC(232) Shrinking ParOldGen from 231424K by 19456K to 211968K
[2020-08-08T13:05:35.082+0300][35.297s][info ][gc] GC(232) Pause Full (Ergonomics) 213M->79M(321M) 183.822ms
[2020-08-08T13:05:35.268+0300][35.483s][info ][gc] GC(233) Pause Young (Allocation Failure) 137M->136M(321M) 175.892ms
[2020-08-08T13:05:35.392+0300][35.607s][info ][gc] GC(234) Pause Young (Allocation Failure) 193M->193M(321M) 116.234ms
[2020-08-08T13:05:35.516+0300][35.731s][debug][gc] GC(235) Shrinking ParOldGen from 211968K by 20992K to 190976K
[2020-08-08T13:05:35.517+0300][35.731s][info ][gc] GC(235) Pause Full (Ergonomics) 193M->59M(300M) 124.349ms
[2020-08-08T13:05:35.706+0300][35.921s][info ][gc] GC(236) Pause Young (Allocation Failure) 117M->117M(300M) 179.225ms
[2020-08-08T13:05:35.923+0300][36.137s][info ][gc] GC(237) Pause Young (Allocation Failure) 175M->175M(300M) 208.332ms
[2020-08-08T13:05:35.990+0300][36.204s][debug][gc] GC(238) Shrinking ParOldGen from 190976K by 19456K to 171520K
[2020-08-08T13:05:35.990+0300][36.205s][info ][gc] GC(238) Pause Full (Ergonomics) 175M->41M(281M) 67.381ms
[2020-08-08T13:05:36.182+0300][36.397s][info ][gc] GC(239) Pause Young (Allocation Failure) 98M->98M(281M) 181.352ms
[2020-08-08T13:05:36.470+0300][36.684s][info ][gc] GC(240) Pause Young (Allocation Failure) 156M->156M(281M) 279.510ms
[2020-08-08T13:05:36.485+0300][36.699s][debug][gc] GC(241) Shrinking ParOldGen from 171520K by 18944K to 152576K
[2020-08-08T13:05:36.485+0300][36.699s][info ][gc] GC(241) Pause Full (Ergonomics) 156M->22M(263M) 15.135ms
[2020-08-08T13:05:36.665+0300][36.880s][info ][gc] GC(242) Pause Young (Allocation Failure) 80M->80M(263M) 169.498ms
[2020-08-08T13:05:36.999+0300][37.213s][info ][gc] GC(243) Pause Young (Allocation Failure) 136M->136M(263M) 322.772ms
[2020-08-08T13:05:37.004+0300][37.219s][debug][gc] GC(244) Shrinking ParOldGen from 152576K by 20992K to 131584K
[2020-08-08T13:05:37.004+0300][37.219s][info ][gc] GC(244) Pause Full (Ergonomics) 136M->2M(242M) 5.772ms
[2020-08-08T13:05:37.049+0300][37.263s][info ][gc] GC(245) Pause Young (Allocation Failure) 60M->59M(242M) 33.955ms
[2020-08-08T13:05:37.154+0300][37.369s][info ][gc] GC(246) Pause Young (Allocation Failure) 117M->117M(242M) 95.733ms
[2020-08-08T13:05:37.462+0300][37.677s][debug][gc] GC(247) Expanding ParOldGen from 131584K by 117248K to 248832K
[2020-08-08T13:05:37.462+0300][37.677s][info ][gc] GC(247) Pause Full (Ergonomics) 117M->117M(357M) 308.014ms
[2020-08-08T13:05:37.514+0300][37.728s][info ][gc] GC(248) Pause Young (Allocation Failure) 174M->174M(357M) 42.851ms
[2020-08-08T13:05:37.614+0300][37.828s][info ][gc] GC(249) Pause Young (Allocation Failure) 232M->232M(357M) 89.911ms
[2020-08-08T13:05:37.857+0300][38.072s][debug][gc] GC(250) Shrinking ParOldGen from 248832K by 19968K to 228864K
[2020-08-08T13:05:37.857+0300][38.072s][info ][gc] GC(250) Pause Full (Ergonomics) 232M->98M(337M) 243.247ms
[2020-08-08T13:05:37.977+0300][38.192s][info ][gc] GC(251) Pause Young (Allocation Failure) 156M->156M(337M) 110.601ms
[2020-08-08T13:05:38.069+0300][38.283s][info ][gc] GC(252) Pause Young (Allocation Failure) 213M->213M(337M) 79.284ms
[2020-08-08T13:05:38.252+0300][38.466s][debug][gc] GC(253) Shrinking ParOldGen from 228864K by 19456K to 209408K
[2020-08-08T13:05:38.252+0300][38.466s][info ][gc] GC(253) Pause Full (Ergonomics) 213M->79M(318M) 182.897ms
[2020-08-08T13:05:38.441+0300][38.656s][info ][gc] GC(254) Pause Young (Allocation Failure) 137M->136M(318M) 179.467ms
[2020-08-08T13:05:38.566+0300][38.781s][info ][gc] GC(255) Pause Young (Allocation Failure) 193M->193M(318M) 115.181ms
[2020-08-08T13:05:38.689+0300][38.903s][debug][gc] GC(256) Shrinking ParOldGen from 209408K by 20992K to 188416K
[2020-08-08T13:05:38.689+0300][38.903s][info ][gc] GC(256) Pause Full (Ergonomics) 193M->59M(298M) 122.510ms
[2020-08-08T13:05:38.879+0300][39.094s][info ][gc] GC(257) Pause Young (Allocation Failure) 117M->117M(298M) 179.930ms
[2020-08-08T13:05:39.083+0300][39.298s][info ][gc] GC(258) Pause Young (Allocation Failure) 174M->175M(298M) 196.679ms
[2020-08-08T13:05:39.154+0300][39.368s][debug][gc] GC(259) Shrinking ParOldGen from 188416K by 19456K to 168960K
[2020-08-08T13:05:39.154+0300][39.368s][info ][gc] GC(259) Pause Full (Ergonomics) 175M->41M(279M) 70.207ms
[2020-08-08T13:05:39.339+0300][39.553s][info ][gc] GC(260) Pause Young (Allocation Failure) 98M->98M(279M) 173.580ms
[2020-08-08T13:05:39.619+0300][39.834s][info ][gc] GC(261) Pause Young (Allocation Failure) 156M->156M(279M) 272.631ms
[2020-08-08T13:05:39.633+0300][39.848s][debug][gc] GC(262) Shrinking ParOldGen from 168960K by 18944K to 150016K
[2020-08-08T13:05:39.634+0300][39.848s][info ][gc] GC(262) Pause Full (Ergonomics) 156M->22M(260M) 14.085ms
[2020-08-08T13:05:39.813+0300][40.028s][info ][gc] GC(263) Pause Young (Allocation Failure) 80M->80M(260M) 167.042ms
[2020-08-08T13:05:40.154+0300][40.368s][info ][gc] GC(264) Pause Young (Allocation Failure) 136M->136M(260M) 330.297ms
[2020-08-08T13:05:40.160+0300][40.374s][debug][gc] GC(265) Shrinking ParOldGen from 150016K by 20992K to 129024K
[2020-08-08T13:05:40.160+0300][40.374s][info ][gc] GC(265) Pause Full (Ergonomics) 136M->2M(240M) 5.898ms
[2020-08-08T13:05:40.209+0300][40.423s][info ][gc] GC(266) Pause Young (Allocation Failure) 60M->59M(240M) 38.028ms
[2020-08-08T13:05:40.314+0300][40.528s][info ][gc] GC(267) Pause Young (Allocation Failure) 117M->117M(240M) 95.302ms
[2020-08-08T13:05:40.622+0300][40.837s][debug][gc] GC(268) Expanding ParOldGen from 129024K by 117248K to 246272K
[2020-08-08T13:05:40.622+0300][40.837s][info ][gc] GC(268) Pause Full (Ergonomics) 117M->117M(354M) 308.518ms
[2020-08-08T13:05:40.674+0300][40.888s][info ][gc] GC(269) Pause Young (Allocation Failure) 174M->174M(354M) 42.991ms
[2020-08-08T13:05:40.776+0300][40.990s][info ][gc] GC(270) Pause Young (Allocation Failure) 232M->232M(354M) 92.220ms
[2020-08-08T13:05:41.029+0300][41.244s][debug][gc] GC(271) Shrinking ParOldGen from 246272K by 19968K to 226304K
[2020-08-08T13:05:41.029+0300][41.244s][info ][gc] GC(271) Pause Full (Ergonomics) 232M->98M(335M) 253.325ms
[2020-08-08T13:05:41.143+0300][41.357s][info ][gc] GC(272) Pause Young (Allocation Failure) 156M->156M(335M) 105.641ms
[2020-08-08T13:05:41.229+0300][41.444s][info ][gc] GC(273) Pause Young (Allocation Failure) 213M->213M(335M) 75.502ms
[2020-08-08T13:05:41.411+0300][41.626s][debug][gc] GC(274) Shrinking ParOldGen from 226304K by 19456K to 206848K
[2020-08-08T13:05:41.411+0300][41.626s][info ][gc] GC(274) Pause Full (Ergonomics) 213M->79M(316M) 182.084ms
[2020-08-08T13:05:41.591+0300][41.805s][info ][gc] GC(275) Pause Young (Allocation Failure) 137M->136M(316M) 168.781ms
[2020-08-08T13:05:41.731+0300][41.946s][info ][gc] GC(276) Pause Young (Allocation Failure) 193M->193M(316M) 131.132ms
[2020-08-08T13:05:41.860+0300][42.075s][debug][gc] GC(277) Shrinking ParOldGen from 206848K by 20992K to 185856K
[2020-08-08T13:05:41.860+0300][42.075s][info ][gc] GC(277) Pause Full (Ergonomics) 193M->59M(295M) 128.736ms
[2020-08-08T13:05:42.036+0300][42.251s][info ][gc] GC(278) Pause Young (Allocation Failure) 117M->117M(295M) 166.253ms
[2020-08-08T13:05:42.239+0300][42.454s][info ][gc] GC(279) Pause Young (Allocation Failure) 174M->175M(295M) 195.350ms
[2020-08-08T13:05:42.310+0300][42.524s][debug][gc] GC(280) Shrinking ParOldGen from 185856K by 19456K to 166400K
[2020-08-08T13:05:42.310+0300][42.524s][info ][gc] GC(280) Pause Full (Ergonomics) 175M->41M(276M) 70.416ms
[2020-08-08T13:05:42.488+0300][42.703s][info ][gc] GC(281) Pause Young (Allocation Failure) 98M->98M(276M) 166.109ms
[2020-08-08T13:05:42.764+0300][42.979s][info ][gc] GC(282) Pause Young (Allocation Failure) 156M->156M(276M) 267.713ms
[2020-08-08T13:05:42.779+0300][42.994s][debug][gc] GC(283) Shrinking ParOldGen from 166400K by 18944K to 147456K
[2020-08-08T13:05:42.779+0300][42.994s][info ][gc] GC(283) Pause Full (Ergonomics) 156M->22M(258M) 14.951ms
[2020-08-08T13:05:42.963+0300][43.177s][info ][gc] GC(284) Pause Young (Allocation Failure) 80M->80M(258M) 171.929ms
[2020-08-08T13:05:43.299+0300][43.513s][info ][gc] GC(285) Pause Young (Allocation Failure) 136M->136M(258M) 325.066ms
[2020-08-08T13:05:43.305+0300][43.519s][debug][gc] GC(286) Shrinking ParOldGen from 147456K by 20992K to 126464K
[2020-08-08T13:05:43.305+0300][43.519s][info ][gc] GC(286) Pause Full (Ergonomics) 136M->2M(237M) 6.119ms
[2020-08-08T13:05:43.350+0300][43.564s][info ][gc] GC(287) Pause Young (Allocation Failure) 60M->59M(237M) 34.276ms
[2020-08-08T13:05:43.456+0300][43.671s][info ][gc] GC(288) Pause Young (Allocation Failure) 117M->117M(237M) 96.392ms
[2020-08-08T13:05:43.764+0300][43.978s][debug][gc] GC(289) Expanding ParOldGen from 126464K by 117760K to 244224K
[2020-08-08T13:05:43.764+0300][43.978s][info ][gc] GC(289) Pause Full (Ergonomics) 117M->117M(352M) 307.478ms
[2020-08-08T13:05:43.815+0300][44.029s][info ][gc] GC(290) Pause Young (Allocation Failure) 174M->174M(352M) 41.436ms
[2020-08-08T13:05:43.917+0300][44.131s][info ][gc] GC(291) Pause Young (Allocation Failure) 232M->232M(352M) 90.504ms
[2020-08-08T13:05:44.158+0300][44.372s][debug][gc] GC(292) Shrinking ParOldGen from 244224K by 19456K to 224768K
[2020-08-08T13:05:44.158+0300][44.372s][info ][gc] GC(292) Pause Full (Ergonomics) 232M->98M(333M) 241.164ms
[2020-08-08T13:05:44.278+0300][44.493s][info ][gc] GC(293) Pause Young (Allocation Failure) 156M->156M(333M) 112.685ms
[2020-08-08T13:05:44.379+0300][44.594s][info ][gc] GC(294) Pause Young (Allocation Failure) 213M->213M(333M) 90.582ms
[2020-08-08T13:05:44.563+0300][44.778s][debug][gc] GC(295) Shrinking ParOldGen from 224768K by 18944K to 205824K
[2020-08-08T13:05:44.563+0300][44.778s][info ][gc] GC(295) Pause Full (Ergonomics) 213M->79M(315M) 184.052ms
[2020-08-08T13:05:44.748+0300][44.963s][info ][gc] GC(296) Pause Young (Allocation Failure) 137M->136M(315M) 172.858ms
[2020-08-08T13:05:44.867+0300][45.082s][info ][gc] GC(297) Pause Young (Allocation Failure) 193M->193M(315M) 110.163ms
[2020-08-08T13:05:44.991+0300][45.206s][debug][gc] GC(298) Shrinking ParOldGen from 205824K by 20480K to 185344K
[2020-08-08T13:05:44.991+0300][45.206s][info ][gc] GC(298) Pause Full (Ergonomics) 193M->59M(295M) 124.009ms
[2020-08-08T13:05:45.157+0300][45.372s][info ][gc] GC(299) Pause Young (Allocation Failure) 117M->117M(295M) 155.667ms
[2020-08-08T13:05:45.352+0300][45.566s][info ][gc] GC(300) Pause Young (Allocation Failure) 174M->175M(295M) 185.403ms
[2020-08-08T13:05:45.422+0300][45.636s][debug][gc] GC(301) Shrinking ParOldGen from 185344K by 18944K to 166400K
[2020-08-08T13:05:45.422+0300][45.637s][info ][gc] GC(301) Pause Full (Ergonomics) 175M->41M(276M) 70.404ms
[2020-08-08T13:05:45.607+0300][45.822s][info ][gc] GC(302) Pause Young (Allocation Failure) 98M->98M(276M) 170.743ms
[2020-08-08T13:05:45.892+0300][46.106s][info ][gc] GC(303) Pause Young (Allocation Failure) 156M->156M(276M) 276.550ms
[2020-08-08T13:05:45.907+0300][46.121s][debug][gc] GC(304) Shrinking ParOldGen from 166400K by 18944K to 147456K
[2020-08-08T13:05:45.907+0300][46.121s][info ][gc] GC(304) Pause Full (Ergonomics) 156M->22M(258M) 14.900ms
[2020-08-08T13:05:46.092+0300][46.307s][info ][gc] GC(305) Pause Young (Allocation Failure) 80M->80M(258M) 175.278ms
[2020-08-08T13:05:46.442+0300][46.657s][info ][gc] GC(306) Pause Young (Allocation Failure) 136M->136M(258M) 340.376ms
[2020-08-08T13:05:46.448+0300][46.662s][debug][gc] GC(307) Shrinking ParOldGen from 147456K by 20992K to 126464K
[2020-08-08T13:05:46.448+0300][46.662s][info ][gc] GC(307) Pause Full (Ergonomics) 136M->2M(237M) 5.845ms
[2020-08-08T13:05:46.495+0300][46.709s][info ][gc] GC(308) Pause Young (Allocation Failure) 60M->59M(237M) 35.822ms
[2020-08-08T13:05:46.600+0300][46.815s][info ][gc] GC(309) Pause Young (Allocation Failure) 117M->117M(237M) 96.150ms
[2020-08-08T13:05:46.907+0300][47.121s][debug][gc] GC(310) Expanding ParOldGen from 126464K by 117760K to 244224K
[2020-08-08T13:05:46.907+0300][47.121s][info ][gc] GC(310) Pause Full (Ergonomics) 117M->117M(352M) 306.460ms
[2020-08-08T13:05:46.957+0300][47.171s][info ][gc] GC(311) Pause Young (Allocation Failure) 174M->174M(352M) 42.555ms
[2020-08-08T13:05:47.055+0300][47.270s][info ][gc] GC(312) Pause Young (Allocation Failure) 232M->232M(352M) 88.216ms
[2020-08-08T13:05:47.296+0300][47.510s][debug][gc] GC(313) Shrinking ParOldGen from 244224K by 19456K to 224768K
[2020-08-08T13:05:47.296+0300][47.510s][info ][gc] GC(313) Pause Full (Ergonomics) 232M->98M(333M) 240.623ms
[2020-08-08T13:05:47.415+0300][47.629s][info ][gc] GC(314) Pause Young (Allocation Failure) 156M->156M(333M) 110.022ms
[2020-08-08T13:05:47.505+0300][47.720s][info ][gc] GC(315) Pause Young (Allocation Failure) 213M->213M(333M) 79.687ms
[2020-08-08T13:05:47.686+0300][47.900s][debug][gc] GC(316) Shrinking ParOldGen from 224768K by 18944K to 205824K
[2020-08-08T13:05:47.686+0300][47.901s][info ][gc] GC(316) Pause Full (Ergonomics) 213M->79M(315M) 180.877ms
[2020-08-08T13:05:47.864+0300][48.079s][info ][gc] GC(317) Pause Young (Allocation Failure) 137M->136M(315M) 168.565ms
[2020-08-08T13:05:47.985+0300][48.200s][info ][gc] GC(318) Pause Young (Allocation Failure) 193M->193M(315M) 113.435ms
[2020-08-08T13:05:48.112+0300][48.327s][debug][gc] GC(319) Shrinking ParOldGen from 205824K by 20480K to 185344K
[2020-08-08T13:05:48.112+0300][48.327s][info ][gc] GC(319) Pause Full (Ergonomics) 193M->59M(295M) 126.819ms
[2020-08-08T13:05:48.304+0300][48.518s][info ][gc] GC(320) Pause Young (Allocation Failure) 117M->117M(295M) 181.929ms
[2020-08-08T13:05:48.522+0300][48.736s][info ][gc] GC(321) Pause Young (Allocation Failure) 175M->175M(295M) 208.837ms
[2020-08-08T13:05:48.593+0300][48.807s][debug][gc] GC(322) Shrinking ParOldGen from 185344K by 18944K to 166400K
[2020-08-08T13:05:48.593+0300][48.807s][info ][gc] GC(322) Pause Full (Ergonomics) 175M->41M(276M) 71.195ms
[2020-08-08T13:05:48.770+0300][48.984s][info ][gc] GC(323) Pause Young (Allocation Failure) 98M->98M(276M) 164.788ms
[2020-08-08T13:05:49.060+0300][49.274s][info ][gc] GC(324) Pause Young (Allocation Failure) 156M->156M(276M) 282.715ms
[2020-08-08T13:05:49.075+0300][49.290s][debug][gc] GC(325) Shrinking ParOldGen from 166400K by 18944K to 147456K
[2020-08-08T13:05:49.076+0300][49.290s][info ][gc] GC(325) Pause Full (Ergonomics) 156M->22M(258M) 15.392ms
[2020-08-08T13:05:49.249+0300][49.463s][info ][gc] GC(326) Pause Young (Allocation Failure) 80M->80M(258M) 163.369ms
[2020-08-08T13:05:49.582+0300][49.797s][info ][gc] GC(327) Pause Young (Allocation Failure) 136M->136M(258M) 324.787ms
[2020-08-08T13:05:49.588+0300][49.803s][debug][gc] GC(328) Shrinking ParOldGen from 147456K by 20992K to 126464K
[2020-08-08T13:05:49.588+0300][49.803s][info ][gc] GC(328) Pause Full (Ergonomics) 136M->2M(237M) 6.117ms
[2020-08-08T13:05:49.635+0300][49.849s][info ][gc] GC(329) Pause Young (Allocation Failure) 60M->59M(237M) 35.276ms
[2020-08-08T13:05:49.743+0300][49.958s][info ][gc] GC(330) Pause Young (Allocation Failure) 117M->117M(237M) 98.560ms
[2020-08-08T13:05:50.046+0300][50.261s][debug][gc] GC(331) Expanding ParOldGen from 126464K by 117760K to 244224K
[2020-08-08T13:05:50.046+0300][50.261s][info ][gc] GC(331) Pause Full (Ergonomics) 117M->117M(352M) 303.022ms
[2020-08-08T13:05:50.099+0300][50.313s][info ][gc] GC(332) Pause Young (Allocation Failure) 174M->174M(352M) 42.883ms
[2020-08-08T13:05:50.216+0300][50.431s][info ][gc] GC(333) Pause Young (Allocation Failure) 232M->232M(352M) 106.479ms
[2020-08-08T13:05:50.461+0300][50.676s][debug][gc] GC(334) Shrinking ParOldGen from 244224K by 19456K to 224768K
[2020-08-08T13:05:50.461+0300][50.676s][info ][gc] GC(334) Pause Full (Ergonomics) 232M->98M(333M) 244.839ms
[2020-08-08T13:05:50.581+0300][50.795s][info ][gc] GC(335) Pause Young (Allocation Failure) 156M->155M(333M) 110.042ms
[2020-08-08T13:05:50.677+0300][50.891s][info ][gc] GC(336) Pause Young (Allocation Failure) 213M->213M(333M) 85.554ms
[2020-08-08T13:05:50.849+0300][51.063s][debug][gc] GC(337) Shrinking ParOldGen from 224768K by 18944K to 205824K
[2020-08-08T13:05:50.849+0300][51.063s][info ][gc] GC(337) Pause Full (Ergonomics) 213M->79M(315M) 172.058ms
[2020-08-08T13:05:51.026+0300][51.241s][info ][gc] GC(338) Pause Young (Allocation Failure) 137M->136M(315M) 167.030ms
[2020-08-08T13:05:51.159+0300][51.373s][info ][gc] GC(339) Pause Young (Allocation Failure) 193M->193M(315M) 123.334ms
[2020-08-08T13:05:51.286+0300][51.501s][debug][gc] GC(340) Shrinking ParOldGen from 205824K by 20480K to 185344K
[2020-08-08T13:05:51.287+0300][51.501s][info ][gc] GC(340) Pause Full (Ergonomics) 193M->59M(295M) 127.555ms
[2020-08-08T13:05:51.459+0300][51.674s][info ][gc] GC(341) Pause Young (Allocation Failure) 117M->117M(295M) 162.590ms
[2020-08-08T13:05:51.638+0300][51.852s][info ][gc] GC(342) Pause Young (Allocation Failure) 175M->175M(295M) 169.565ms
[2020-08-08T13:05:51.711+0300][51.925s][debug][gc] GC(343) Shrinking ParOldGen from 185344K by 18944K to 166400K
[2020-08-08T13:05:51.711+0300][51.925s][info ][gc] GC(343) Pause Full (Ergonomics) 175M->41M(276M) 72.995ms
[2020-08-08T13:05:51.898+0300][52.112s][info ][gc] GC(344) Pause Young (Allocation Failure) 98M->98M(276M) 176.114ms
[2020-08-08T13:05:52.182+0300][52.396s][info ][gc] GC(345) Pause Young (Allocation Failure) 156M->156M(276M) 276.474ms
[2020-08-08T13:05:52.197+0300][52.411s][debug][gc] GC(346) Shrinking ParOldGen from 166400K by 18944K to 147456K
[2020-08-08T13:05:52.197+0300][52.411s][info ][gc] GC(346) Pause Full (Ergonomics) 156M->22M(258M) 14.935ms
[2020-08-08T13:05:52.376+0300][52.590s][info ][gc] GC(347) Pause Young (Allocation Failure) 80M->80M(258M) 168.839ms
[2020-08-08T13:05:52.711+0300][52.925s][info ][gc] GC(348) Pause Young (Allocation Failure) 136M->136M(258M) 324.229ms
[2020-08-08T13:05:52.717+0300][52.931s][debug][gc] GC(349) Shrinking ParOldGen from 147456K by 20992K to 126464K
[2020-08-08T13:05:52.717+0300][52.931s][info ][gc] GC(349) Pause Full (Ergonomics) 136M->2M(237M) 5.828ms
[2020-08-08T13:05:52.760+0300][52.975s][info ][gc] GC(350) Pause Young (Allocation Failure) 60M->59M(237M) 33.674ms
[2020-08-08T13:05:52.869+0300][53.084s][info ][gc] GC(351) Pause Young (Allocation Failure) 117M->117M(237M) 97.924ms
[2020-08-08T13:05:53.171+0300][53.385s][debug][gc] GC(352) Expanding ParOldGen from 126464K by 117760K to 244224K
[2020-08-08T13:05:53.171+0300][53.385s][info ][gc] GC(352) Pause Full (Ergonomics) 117M->117M(352M) 301.253ms
[2020-08-08T13:05:53.224+0300][53.438s][info ][gc] GC(353) Pause Young (Allocation Failure) 174M->174M(352M) 43.702ms
[2020-08-08T13:05:53.323+0300][53.537s][info ][gc] GC(354) Pause Young (Allocation Failure) 232M->232M(352M) 89.745ms
[2020-08-08T13:05:53.564+0300][53.778s][debug][gc] GC(355) Shrinking ParOldGen from 244224K by 18944K to 225280K
[2020-08-08T13:05:53.564+0300][53.778s][info ][gc] GC(355) Pause Full (Ergonomics) 232M->98M(334M) 240.906ms
[2020-08-08T13:05:53.691+0300][53.905s][info ][gc] GC(356) Pause Young (Allocation Failure) 156M->156M(334M) 117.451ms
[2020-08-08T13:05:53.778+0300][53.992s][info ][gc] GC(357) Pause Young (Allocation Failure) 213M->213M(334M) 77.075ms
[2020-08-08T13:05:53.954+0300][54.169s][debug][gc] GC(358) Shrinking ParOldGen from 225280K by 19456K to 205824K
[2020-08-08T13:05:53.954+0300][54.169s][info ][gc] GC(358) Pause Full (Ergonomics) 213M->79M(315M) 176.636ms
[2020-08-08T13:05:54.135+0300][54.349s][info ][gc] GC(359) Pause Young (Allocation Failure) 136M->136M(315M) 171.447ms
[2020-08-08T13:05:54.260+0300][54.475s][info ][gc] GC(360) Pause Young (Allocation Failure) 193M->193M(315M) 112.509ms
[2020-08-08T13:05:54.384+0300][54.598s][debug][gc] GC(361) Shrinking ParOldGen from 205824K by 20480K to 185344K
[2020-08-08T13:05:54.384+0300][54.598s][info ][gc] GC(361) Pause Full (Ergonomics) 193M->59M(295M) 123.361ms
[2020-08-08T13:05:54.572+0300][54.786s][info ][gc] GC(362) Pause Young (Allocation Failure) 117M->117M(295M) 175.920ms
[2020-08-08T13:05:54.788+0300][55.003s][info ][gc] GC(363) Pause Young (Allocation Failure) 174M->175M(295M) 206.931ms
[2020-08-08T13:05:54.858+0300][55.072s][debug][gc] GC(364) Shrinking ParOldGen from 185344K by 18944K to 166400K
[2020-08-08T13:05:54.858+0300][55.072s][info ][gc] GC(364) Pause Full (Ergonomics) 175M->41M(276M) 69.669ms
[2020-08-08T13:05:55.033+0300][55.247s][info ][gc] GC(365) Pause Young (Allocation Failure) 98M->98M(276M) 163.634ms
[2020-08-08T13:05:55.317+0300][55.531s][info ][gc] GC(366) Pause Young (Allocation Failure) 156M->156M(276M) 276.542ms
[2020-08-08T13:05:55.332+0300][55.547s][debug][gc] GC(367) Shrinking ParOldGen from 166400K by 18944K to 147456K
[2020-08-08T13:05:55.332+0300][55.547s][info ][gc] GC(367) Pause Full (Ergonomics) 156M->22M(258M) 15.238ms
[2020-08-08T13:05:55.516+0300][55.730s][info ][gc] GC(368) Pause Young (Allocation Failure) 80M->80M(258M) 172.835ms
[2020-08-08T13:05:55.865+0300][56.080s][info ][gc] GC(369) Pause Young (Allocation Failure) 136M->136M(258M) 338.008ms
[2020-08-08T13:05:55.871+0300][56.085s][debug][gc] GC(370) Shrinking ParOldGen from 147456K by 20992K to 126464K
[2020-08-08T13:05:55.871+0300][56.085s][info ][gc] GC(370) Pause Full (Ergonomics) 136M->2M(237M) 5.839ms
[2020-08-08T13:05:55.916+0300][56.130s][info ][gc] GC(371) Pause Young (Allocation Failure) 60M->59M(237M) 37.129ms
[2020-08-08T13:05:56.043+0300][56.257s][info ][gc] GC(372) Pause Young (Allocation Failure) 117M->117M(237M) 112.966ms
[2020-08-08T13:05:56.337+0300][56.551s][debug][gc] GC(373) Expanding ParOldGen from 126464K by 117760K to 244224K
[2020-08-08T13:05:56.337+0300][56.551s][info ][gc] GC(373) Pause Full (Ergonomics) 117M->117M(352M) 294.305ms
[2020-08-08T13:05:56.390+0300][56.604s][info ][gc] GC(374) Pause Young (Allocation Failure) 174M->174M(352M) 44.315ms
[2020-08-08T13:05:56.492+0300][56.706s][info ][gc] GC(375) Pause Young (Allocation Failure) 232M->232M(352M) 91.451ms
[2020-08-08T13:05:56.731+0300][56.946s][debug][gc] GC(376) Shrinking ParOldGen from 244224K by 19456K to 224768K
[2020-08-08T13:05:56.731+0300][56.946s][info ][gc] GC(376) Pause Full (Ergonomics) 232M->98M(333M) 239.370ms
[2020-08-08T13:05:56.850+0300][57.065s][info ][gc] GC(377) Pause Young (Allocation Failure) 156M->156M(333M) 109.532ms
[2020-08-08T13:05:56.940+0300][57.154s][info ][gc] GC(378) Pause Young (Allocation Failure) 213M->213M(333M) 79.617ms
[2020-08-08T13:05:57.122+0300][57.337s][debug][gc] GC(379) Shrinking ParOldGen from 224768K by 18944K to 205824K
[2020-08-08T13:05:57.122+0300][57.337s][info ][gc] GC(379) Pause Full (Ergonomics) 213M->79M(315M) 182.562ms
[2020-08-08T13:05:57.302+0300][57.516s][info ][gc] GC(380) Pause Young (Allocation Failure) 136M->136M(315M) 169.823ms
[2020-08-08T13:05:57.430+0300][57.645s][info ][gc] GC(381) Pause Young (Allocation Failure) 193M->193M(315M) 119.742ms
[2020-08-08T13:05:57.559+0300][57.774s][debug][gc] GC(382) Shrinking ParOldGen from 205824K by 20480K to 185344K
[2020-08-08T13:05:57.559+0300][57.774s][info ][gc] GC(382) Pause Full (Ergonomics) 193M->59M(295M) 129.249ms
[2020-08-08T13:05:57.750+0300][57.965s][info ][gc] GC(383) Pause Young (Allocation Failure) 117M->117M(295M) 178.802ms
[2020-08-08T13:05:57.968+0300][58.183s][info ][gc] GC(384) Pause Young (Allocation Failure) 174M->175M(295M) 209.984ms
[2020-08-08T13:05:58.038+0300][58.252s][debug][gc] GC(385) Shrinking ParOldGen from 185344K by 18944K to 166400K
[2020-08-08T13:05:58.038+0300][58.252s][info ][gc] GC(385) Pause Full (Ergonomics) 175M->41M(276M) 69.207ms
[2020-08-08T13:05:58.222+0300][58.437s][info ][gc] GC(386) Pause Young (Allocation Failure) 98M->98M(276M) 174.745ms
[2020-08-08T13:05:58.490+0300][58.704s][info ][gc] GC(387) Pause Young (Allocation Failure) 156M->156M(276M) 260.323ms
[2020-08-08T13:05:58.506+0300][58.720s][debug][gc] GC(388) Shrinking ParOldGen from 166400K by 19456K to 146944K
[2020-08-08T13:05:58.506+0300][58.720s][info ][gc] GC(388) Pause Full (Ergonomics) 156M->22M(257M) 15.914ms
[2020-08-08T13:05:58.693+0300][58.907s][info ][gc] GC(389) Pause Young (Allocation Failure) 80M->79M(257M) 174.421ms
[2020-08-08T13:05:59.050+0300][59.264s][info ][gc] GC(390) Pause Young (Allocation Failure) 137M->136M(257M) 345.933ms
[2020-08-08T13:05:59.056+0300][59.270s][debug][gc] GC(391) Shrinking ParOldGen from 146944K by 20480K to 126464K
[2020-08-08T13:05:59.056+0300][59.270s][info ][gc] GC(391) Pause Full (Ergonomics) 136M->2M(237M) 6.135ms
[2020-08-08T13:05:59.103+0300][59.318s][info ][gc] GC(392) Pause Young (Allocation Failure) 60M->59M(237M) 36.944ms
[2020-08-08T13:05:59.212+0300][59.427s][info ][gc] GC(393) Pause Young (Allocation Failure) 117M->117M(237M) 98.095ms
[2020-08-08T13:05:59.518+0300][59.733s][debug][gc] GC(394) Expanding ParOldGen from 126464K by 117760K to 244224K
[2020-08-08T13:05:59.518+0300][59.733s][info ][gc] GC(394) Pause Full (Ergonomics) 117M->117M(352M) 306.010ms
[2020-08-08T13:05:59.568+0300][59.783s][info ][gc] GC(395) Pause Young (Allocation Failure) 174M->174M(352M) 41.451ms
[2020-08-08T13:05:59.668+0300][59.882s][info ][gc] GC(396) Pause Young (Allocation Failure) 232M->232M(352M) 89.118ms
[2020-08-08T13:05:59.914+0300][60.129s][debug][gc] GC(397) Shrinking ParOldGen from 244224K by 19456K to 224768K
[2020-08-08T13:05:59.914+0300][60.129s][info ][gc] GC(397) Pause Full (Ergonomics) 232M->98M(333M) 246.285ms
[2020-08-08T13:06:00.034+0300][60.248s][info ][gc] GC(398) Pause Young (Allocation Failure) 156M->156M(333M) 108.560ms
[2020-08-08T13:06:00.122+0300][60.336s][info ][gc] GC(399) Pause Young (Allocation Failure) 213M->213M(333M) 76.714ms
[2020-08-08T13:06:00.310+0300][60.524s][debug][gc] GC(400) Shrinking ParOldGen from 224768K by 18944K to 205824K
[2020-08-08T13:06:00.310+0300][60.524s][info ][gc] GC(400) Pause Full (Ergonomics) 213M->79M(315M) 188.276ms
[2020-08-08T13:06:00.495+0300][60.710s][info ][gc] GC(401) Pause Young (Allocation Failure) 136M->136M(315M) 174.742ms
[2020-08-08T13:06:00.629+0300][60.844s][info ][gc] GC(402) Pause Young (Allocation Failure) 193M->193M(315M) 123.496ms
[2020-08-08T13:06:00.754+0300][60.968s][debug][gc] GC(403) Shrinking ParOldGen from 205824K by 20480K to 185344K
[2020-08-08T13:06:00.754+0300][60.968s][info ][gc] GC(403) Pause Full (Ergonomics) 193M->59M(295M) 124.555ms
[2020-08-08T13:06:00.946+0300][61.161s][info ][gc] GC(404) Pause Young (Allocation Failure) 117M->117M(295M) 181.606ms
[2020-08-08T13:06:01.169+0300][61.383s][info ][gc] GC(405) Pause Young (Allocation Failure) 174M->175M(295M) 215.132ms
[2020-08-08T13:06:01.240+0300][61.454s][debug][gc] GC(406) Shrinking ParOldGen from 185344K by 18944K to 166400K
[2020-08-08T13:06:01.240+0300][61.454s][info ][gc] GC(406) Pause Full (Ergonomics) 175M->41M(276M) 71.146ms
[2020-08-08T13:06:01.422+0300][61.637s][info ][gc] GC(407) Pause Young (Allocation Failure) 98M->98M(276M) 172.897ms
[2020-08-08T13:06:01.705+0300][61.919s][info ][gc] GC(408) Pause Young (Allocation Failure) 156M->156M(276M) 273.693ms
[2020-08-08T13:06:01.722+0300][61.936s][debug][gc] GC(409) Shrinking ParOldGen from 166400K by 19456K to 146944K
[2020-08-08T13:06:01.722+0300][61.936s][info ][gc] GC(409) Pause Full (Ergonomics) 156M->22M(257M) 16.796ms
[2020-08-08T13:06:01.913+0300][62.127s][info ][gc] GC(410) Pause Young (Allocation Failure) 80M->79M(257M) 176.197ms
[2020-08-08T13:06:02.245+0300][62.459s][info ][gc] GC(411) Pause Young (Allocation Failure) 137M->136M(257M) 321.534ms
[2020-08-08T13:06:02.250+0300][62.464s][debug][gc] GC(412) Shrinking ParOldGen from 146944K by 20480K to 126464K
[2020-08-08T13:06:02.250+0300][62.464s][info ][gc] GC(412) Pause Full (Ergonomics) 136M->2M(237M) 5.241ms
[2020-08-08T13:06:02.294+0300][62.509s][info ][gc] GC(413) Pause Young (Allocation Failure) 60M->59M(237M) 34.213ms
[2020-08-08T13:06:02.400+0300][62.615s][info ][gc] GC(414) Pause Young (Allocation Failure) 117M->117M(237M) 95.402ms
[2020-08-08T13:06:02.708+0300][62.923s][debug][gc] GC(415) Expanding ParOldGen from 126464K by 117760K to 244224K
[2020-08-08T13:06:02.708+0300][62.923s][info ][gc] GC(415) Pause Full (Ergonomics) 117M->117M(352M) 308.247ms
[2020-08-08T13:06:02.765+0300][62.979s][info ][gc] GC(416) Pause Young (Allocation Failure) 174M->174M(352M) 44.771ms
[2020-08-08T13:06:02.865+0300][63.079s][info ][gc] GC(417) Pause Young (Allocation Failure) 232M->232M(352M) 88.920ms
[2020-08-08T13:06:03.114+0300][63.328s][debug][gc] GC(418) Shrinking ParOldGen from 244224K by 19456K to 224768K
[2020-08-08T13:06:03.114+0300][63.328s][info ][gc] GC(418) Pause Full (Ergonomics) 232M->98M(333M) 248.929ms
[2020-08-08T13:06:03.227+0300][63.442s][info ][gc] GC(419) Pause Young (Allocation Failure) 156M->156M(333M) 104.924ms
[2020-08-08T13:06:03.318+0300][63.532s][info ][gc] GC(420) Pause Young (Allocation Failure) 213M->213M(333M) 80.144ms
[2020-08-08T13:06:03.507+0300][63.721s][debug][gc] GC(421) Shrinking ParOldGen from 224768K by 18944K to 205824K
[2020-08-08T13:06:03.507+0300][63.721s][info ][gc] GC(421) Pause Full (Ergonomics) 213M->79M(315M) 188.971ms
[2020-08-08T13:06:03.689+0300][63.904s][info ][gc] GC(422) Pause Young (Allocation Failure) 136M->136M(315M) 169.061ms
[2020-08-08T13:06:03.815+0300][64.029s][info ][gc] GC(423) Pause Young (Allocation Failure) 193M->193M(315M) 116.260ms
[2020-08-08T13:06:03.940+0300][64.155s][debug][gc] GC(424) Shrinking ParOldGen from 205824K by 20480K to 185344K
[2020-08-08T13:06:03.941+0300][64.155s][info ][gc] GC(424) Pause Full (Ergonomics) 193M->59M(295M) 125.927ms
[2020-08-08T13:06:04.133+0300][64.348s][info ][gc] GC(425) Pause Young (Allocation Failure) 117M->117M(295M) 183.102ms
[2020-08-08T13:06:04.351+0300][64.565s][info ][gc] GC(426) Pause Young (Allocation Failure) 174M->175M(295M) 207.039ms
[2020-08-08T13:06:04.421+0300][64.635s][debug][gc] GC(427) Shrinking ParOldGen from 185344K by 18944K to 166400K
[2020-08-08T13:06:04.421+0300][64.635s][info ][gc] GC(427) Pause Full (Ergonomics) 175M->41M(276M) 69.926ms
[2020-08-08T13:06:04.607+0300][64.822s][info ][gc] GC(428) Pause Young (Allocation Failure) 98M->98M(276M) 176.255ms
[2020-08-08T13:06:04.891+0300][65.105s][info ][gc] GC(429) Pause Young (Allocation Failure) 156M->156M(276M) 274.771ms
[2020-08-08T13:06:04.906+0300][65.120s][debug][gc] GC(430) Shrinking ParOldGen from 166400K by 19456K to 146944K
[2020-08-08T13:06:04.906+0300][65.120s][info ][gc] GC(430) Pause Full (Ergonomics) 156M->22M(257M) 15.222ms
[2020-08-08T13:06:05.092+0300][65.306s][info ][gc] GC(431) Pause Young (Allocation Failure) 80M->80M(257M) 175.607ms
[2020-08-08T13:06:05.442+0300][65.657s][info ][gc] GC(432) Pause Young (Allocation Failure) 136M->136M(257M) 341.414ms
[2020-08-08T13:06:05.449+0300][65.663s][debug][gc] GC(433) Shrinking ParOldGen from 146944K by 20480K to 126464K
[2020-08-08T13:06:05.449+0300][65.663s][info ][gc] GC(433) Pause Full (Ergonomics) 136M->2M(237M) 6.140ms
[2020-08-08T13:06:05.493+0300][65.708s][info ][gc] GC(434) Pause Young (Allocation Failure) 60M->59M(237M) 35.317ms
[2020-08-08T13:06:05.603+0300][65.818s][info ][gc] GC(435) Pause Young (Allocation Failure) 117M->117M(237M) 97.553ms
[2020-08-08T13:06:05.896+0300][66.110s][debug][gc] GC(436) Expanding ParOldGen from 126464K by 117248K to 243712K
[2020-08-08T13:06:05.896+0300][66.110s][info ][gc] GC(436) Pause Full (Ergonomics) 117M->117M(352M) 292.581ms
[2020-08-08T13:06:05.946+0300][66.161s][info ][gc] GC(437) Pause Young (Allocation Failure) 174M->174M(352M) 41.717ms
[2020-08-08T13:06:06.046+0300][66.260s][info ][gc] GC(438) Pause Young (Allocation Failure) 232M->232M(352M) 89.940ms
[2020-08-08T13:06:06.296+0300][66.510s][debug][gc] GC(439) Shrinking ParOldGen from 243712K by 18944K to 224768K
[2020-08-08T13:06:06.296+0300][66.511s][info ][gc] GC(439) Pause Full (Ergonomics) 232M->98M(333M) 250.403ms
[2020-08-08T13:06:06.406+0300][66.621s][info ][gc] GC(440) Pause Young (Allocation Failure) 156M->156M(333M) 102.299ms
[2020-08-08T13:06:06.491+0300][66.706s][info ][gc] GC(441) Pause Young (Allocation Failure) 213M->213M(333M) 75.522ms
[2020-08-08T13:06:06.675+0300][66.890s][debug][gc] GC(442) Shrinking ParOldGen from 224768K by 18944K to 205824K
[2020-08-08T13:06:06.675+0300][66.890s][info ][gc] GC(442) Pause Full (Ergonomics) 213M->79M(315M) 184.006ms
[2020-08-08T13:06:06.860+0300][67.074s][info ][gc] GC(443) Pause Young (Allocation Failure) 136M->136M(315M) 172.398ms
[2020-08-08T13:06:06.982+0300][67.196s][info ][gc] GC(444) Pause Young (Allocation Failure) 193M->193M(315M) 112.125ms
[2020-08-08T13:06:07.102+0300][67.317s][debug][gc] GC(445) Shrinking ParOldGen from 205824K by 20480K to 185344K
[2020-08-08T13:06:07.102+0300][67.317s][info ][gc] GC(445) Pause Full (Ergonomics) 193M->59M(295M) 120.750ms
[2020-08-08T13:06:07.302+0300][67.516s][info ][gc] GC(446) Pause Young (Allocation Failure) 117M->117M(295M) 188.011ms
[2020-08-08T13:06:07.548+0300][67.763s][info ][gc] GC(447) Pause Young (Allocation Failure) 175M->175M(295M) 239.059ms
[2020-08-08T13:06:07.618+0300][67.832s][debug][gc] GC(448) Shrinking ParOldGen from 185344K by 18944K to 166400K
[2020-08-08T13:06:07.618+0300][67.832s][info ][gc] GC(448) Pause Full (Ergonomics) 175M->41M(276M) 69.420ms
[2020-08-08T13:06:07.804+0300][68.018s][info ][gc] GC(449) Pause Young (Allocation Failure) 98M->98M(276M) 171.229ms
[2020-08-08T13:06:08.090+0300][68.304s][info ][gc] GC(450) Pause Young (Allocation Failure) 156M->156M(276M) 278.770ms
[2020-08-08T13:06:08.107+0300][68.322s][debug][gc] GC(451) Shrinking ParOldGen from 166400K by 18944K to 147456K
[2020-08-08T13:06:08.107+0300][68.322s][info ][gc] GC(451) Pause Full (Ergonomics) 156M->22M(258M) 17.535ms
[2020-08-08T13:06:08.290+0300][68.505s][info ][gc] GC(452) Pause Young (Allocation Failure) 80M->80M(258M) 167.174ms
[2020-08-08T13:06:08.613+0300][68.828s][info ][gc] GC(453) Pause Young (Allocation Failure) 136M->136M(258M) 306.106ms
[2020-08-08T13:06:08.619+0300][68.833s][debug][gc] GC(454) Shrinking ParOldGen from 147456K by 20992K to 126464K
[2020-08-08T13:06:08.619+0300][68.833s][info ][gc] GC(454) Pause Full (Ergonomics) 136M->2M(237M) 5.561ms
[2020-08-08T13:06:08.669+0300][68.883s][info ][gc] GC(455) Pause Young (Allocation Failure) 60M->59M(237M) 36.450ms
[2020-08-08T13:06:08.775+0300][68.990s][info ][gc] GC(456) Pause Young (Allocation Failure) 117M->117M(237M) 94.427ms
[2020-08-08T13:06:09.092+0300][69.306s][debug][gc] GC(457) Expanding ParOldGen from 126464K by 117760K to 244224K
[2020-08-08T13:06:09.092+0300][69.306s][info ][gc] GC(457) Pause Full (Ergonomics) 117M->117M(352M) 316.550ms
[2020-08-08T13:06:09.151+0300][69.365s][info ][gc] GC(458) Pause Young (Allocation Failure) 174M->174M(352M) 44.698ms
[2020-08-08T13:06:09.257+0300][69.472s][info ][gc] GC(459) Pause Young (Allocation Failure) 232M->232M(352M) 90.850ms
[2020-08-08T13:06:09.491+0300][69.706s][debug][gc] GC(460) Shrinking ParOldGen from 244224K by 19456K to 224768K
[2020-08-08T13:06:09.491+0300][69.706s][info ][gc] GC(460) Pause Full (Ergonomics) 232M->98M(333M) 234.016ms
[2020-08-08T13:06:09.610+0300][69.825s][info ][gc] GC(461) Pause Young (Allocation Failure) 156M->156M(333M) 110.193ms
[2020-08-08T13:06:09.701+0300][69.916s][info ][gc] GC(462) Pause Young (Allocation Failure) 213M->213M(333M) 79.251ms
[2020-08-08T13:06:09.887+0300][70.101s][debug][gc] GC(463) Shrinking ParOldGen from 224768K by 18944K to 205824K
[2020-08-08T13:06:09.887+0300][70.101s][info ][gc] GC(463) Pause Full (Ergonomics) 213M->79M(315M) 185.566ms
[2020-08-08T13:06:10.066+0300][70.281s][info ][gc] GC(464) Pause Young (Allocation Failure) 137M->136M(315M) 166.408ms
[2020-08-08T13:06:10.210+0300][70.424s][info ][gc] GC(465) Pause Young (Allocation Failure) 193M->193M(315M) 133.742ms
[2020-08-08T13:06:10.336+0300][70.550s][debug][gc] GC(466) Shrinking ParOldGen from 205824K by 20480K to 185344K
[2020-08-08T13:06:10.336+0300][70.550s][info ][gc] GC(466) Pause Full (Ergonomics) 193M->59M(295M) 125.878ms
[2020-08-08T13:06:10.521+0300][70.735s][info ][gc] GC(467) Pause Young (Allocation Failure) 117M->117M(295M) 171.023ms
[2020-08-08T13:06:10.739+0300][70.953s][info ][gc] GC(468) Pause Young (Allocation Failure) 174M->175M(295M) 207.235ms
[2020-08-08T13:06:10.806+0300][71.021s][debug][gc] GC(469) Shrinking ParOldGen from 185344K by 18944K to 166400K
[2020-08-08T13:06:10.807+0300][71.021s][info ][gc] GC(469) Pause Full (Ergonomics) 175M->41M(276M) 67.686ms
[2020-08-08T13:06:10.973+0300][71.187s][info ][gc] GC(470) Pause Young (Allocation Failure) 98M->98M(276M) 153.544ms
[2020-08-08T13:06:11.225+0300][71.439s][info ][gc] GC(471) Pause Young (Allocation Failure) 156M->156M(276M) 244.133ms
[2020-08-08T13:06:11.240+0300][71.455s][debug][gc] GC(472) Shrinking ParOldGen from 166400K by 18944K to 147456K
[2020-08-08T13:06:11.240+0300][71.455s][info ][gc] GC(472) Pause Full (Ergonomics) 156M->22M(258M) 15.383ms
[2020-08-08T13:06:11.429+0300][71.643s][info ][gc] GC(473) Pause Young (Allocation Failure) 80M->80M(258M) 178.335ms
[2020-08-08T13:06:11.782+0300][71.996s][info ][gc] GC(474) Pause Young (Allocation Failure) 136M->136M(258M) 342.020ms
[2020-08-08T13:06:11.789+0300][72.004s][debug][gc] GC(475) Shrinking ParOldGen from 147456K by 20992K to 126464K
[2020-08-08T13:06:11.789+0300][72.004s][info ][gc] GC(475) Pause Full (Ergonomics) 136M->2M(237M) 7.655ms
[2020-08-08T13:06:11.834+0300][72.049s][info ][gc] GC(476) Pause Young (Allocation Failure) 60M->59M(237M) 34.418ms
[2020-08-08T13:06:11.940+0300][72.154s][info ][gc] GC(477) Pause Young (Allocation Failure) 117M->117M(237M) 94.862ms
[2020-08-08T13:06:12.233+0300][72.448s][debug][gc] GC(478) Expanding ParOldGen from 126464K by 117760K to 244224K
[2020-08-08T13:06:12.233+0300][72.448s][info ][gc] GC(478) Pause Full (Ergonomics) 117M->117M(352M) 293.386ms
[2020-08-08T13:06:12.287+0300][72.502s][info ][gc] GC(479) Pause Young (Allocation Failure) 174M->174M(352M) 44.858ms
[2020-08-08T13:06:12.387+0300][72.602s][info ][gc] GC(480) Pause Young (Allocation Failure) 232M->232M(352M) 89.872ms
[2020-08-08T13:06:12.622+0300][72.836s][debug][gc] GC(481) Shrinking ParOldGen from 244224K by 19456K to 224768K
[2020-08-08T13:06:12.622+0300][72.837s][info ][gc] GC(481) Pause Full (Ergonomics) 232M->98M(333M) 234.655ms
[2020-08-08T13:06:12.759+0300][72.973s][info ][gc] GC(482) Pause Young (Allocation Failure) 156M->156M(333M) 125.846ms
[2020-08-08T13:06:12.858+0300][73.073s][info ][gc] GC(483) Pause Young (Allocation Failure) 213M->213M(333M) 81.208ms
[2020-08-08T13:06:13.040+0300][73.255s][debug][gc] GC(484) Shrinking ParOldGen from 224768K by 18944K to 205824K
[2020-08-08T13:06:13.040+0300][73.255s][info ][gc] GC(484) Pause Full (Ergonomics) 213M->79M(315M) 182.175ms
[2020-08-08T13:06:13.213+0300][73.428s][info ][gc] GC(485) Pause Young (Allocation Failure) 137M->136M(315M) 162.661ms
[2020-08-08T13:06:13.353+0300][73.567s][info ][gc] GC(486) Pause Young (Allocation Failure) 193M->193M(315M) 130.237ms
[2020-08-08T13:06:13.478+0300][73.692s][debug][gc] GC(487) Shrinking ParOldGen from 205824K by 20480K to 185344K
[2020-08-08T13:06:13.478+0300][73.693s][info ][gc] GC(487) Pause Full (Ergonomics) 193M->59M(295M) 125.420ms
[2020-08-08T13:06:13.665+0300][73.879s][info ][gc] GC(488) Pause Young (Allocation Failure) 117M->117M(295M) 176.026ms
[2020-08-08T13:06:13.872+0300][74.086s][info ][gc] GC(489) Pause Young (Allocation Failure) 175M->175M(295M) 198.193ms
[2020-08-08T13:06:13.944+0300][74.158s][debug][gc] GC(490) Shrinking ParOldGen from 185344K by 18944K to 166400K
[2020-08-08T13:06:13.944+0300][74.158s][info ][gc] GC(490) Pause Full (Ergonomics) 175M->41M(276M) 72.319ms
[2020-08-08T13:06:14.140+0300][74.354s][info ][gc] GC(491) Pause Young (Allocation Failure) 98M->98M(276M) 183.929ms
[2020-08-08T13:06:14.427+0300][74.641s][info ][gc] GC(492) Pause Young (Allocation Failure) 156M->156M(276M) 279.228ms
[2020-08-08T13:06:14.442+0300][74.656s][debug][gc] GC(493) Shrinking ParOldGen from 166400K by 18944K to 147456K
[2020-08-08T13:06:14.442+0300][74.656s][info ][gc] GC(493) Pause Full (Ergonomics) 156M->22M(258M) 15.286ms
[2020-08-08T13:06:14.625+0300][74.839s][info ][gc] GC(494) Pause Young (Allocation Failure) 80M->80M(258M) 172.965ms
[2020-08-08T13:06:14.958+0300][75.173s][info ][gc] GC(495) Pause Young (Allocation Failure) 136M->136M(258M) 323.777ms
[2020-08-08T13:06:14.965+0300][75.179s][debug][gc] GC(496) Shrinking ParOldGen from 147456K by 20992K to 126464K
[2020-08-08T13:06:14.965+0300][75.179s][info ][gc] GC(496) Pause Full (Ergonomics) 136M->2M(237M) 6.537ms
[2020-08-08T13:06:15.015+0300][75.230s][info ][gc] GC(497) Pause Young (Allocation Failure) 60M->59M(237M) 37.297ms
[2020-08-08T13:06:15.122+0300][75.337s][info ][gc] GC(498) Pause Young (Allocation Failure) 117M->117M(237M) 95.516ms
[2020-08-08T13:06:15.419+0300][75.634s][debug][gc] GC(499) Expanding ParOldGen from 126464K by 117760K to 244224K
[2020-08-08T13:06:15.419+0300][75.634s][info ][gc] GC(499) Pause Full (Ergonomics) 117M->117M(352M) 296.961ms
[2020-08-08T13:06:15.471+0300][75.685s][info ][gc] GC(500) Pause Young (Allocation Failure) 174M->174M(352M) 41.926ms
[2020-08-08T13:06:15.576+0300][75.790s][info ][gc] GC(501) Pause Young (Allocation Failure) 232M->232M(352M) 93.983ms
[2020-08-08T13:06:15.819+0300][76.034s][debug][gc] GC(502) Shrinking ParOldGen from 244224K by 19456K to 224768K
[2020-08-08T13:06:15.819+0300][76.034s][info ][gc] GC(502) Pause Full (Ergonomics) 232M->98M(333M) 243.458ms
[2020-08-08T13:06:15.926+0300][76.140s][info ][gc] GC(503) Pause Young (Allocation Failure) 156M->156M(333M) 98.345ms
[2020-08-08T13:06:16.014+0300][76.229s][info ][gc] GC(504) Pause Young (Allocation Failure) 213M->213M(333M) 77.649ms
[2020-08-08T13:06:16.199+0300][76.413s][debug][gc] GC(505) Shrinking ParOldGen from 224768K by 18944K to 205824K
[2020-08-08T13:06:16.199+0300][76.413s][info ][gc] GC(505) Pause Full (Ergonomics) 213M->79M(315M) 184.660ms
[2020-08-08T13:06:16.378+0300][76.592s][info ][gc] GC(506) Pause Young (Allocation Failure) 137M->136M(315M) 169.335ms
[2020-08-08T13:06:16.500+0300][76.715s][info ][gc] GC(507) Pause Young (Allocation Failure) 193M->193M(315M) 112.578ms
[2020-08-08T13:06:16.628+0300][76.843s][debug][gc] GC(508) Shrinking ParOldGen from 205824K by 20480K to 185344K
[2020-08-08T13:06:16.628+0300][76.843s][info ][gc] GC(508) Pause Full (Ergonomics) 193M->59M(295M) 127.707ms
[2020-08-08T13:06:16.818+0300][77.033s][info ][gc] GC(509) Pause Young (Allocation Failure) 117M->117M(295M) 177.002ms
[2020-08-08T13:06:17.032+0300][77.246s][info ][gc] GC(510) Pause Young (Allocation Failure) 175M->175M(295M) 205.421ms
[2020-08-08T13:06:17.105+0300][77.319s][debug][gc] GC(511) Shrinking ParOldGen from 185344K by 18944K to 166400K
[2020-08-08T13:06:17.105+0300][77.319s][info ][gc] GC(511) Pause Full (Ergonomics) 175M->41M(276M) 73.291ms
[2020-08-08T13:06:17.283+0300][77.497s][info ][gc] GC(512) Pause Young (Allocation Failure) 98M->98M(276M) 165.537ms
[2020-08-08T13:06:17.555+0300][77.769s][info ][gc] GC(513) Pause Young (Allocation Failure) 156M->156M(276M) 263.776ms
[2020-08-08T13:06:17.570+0300][77.784s][debug][gc] GC(514) Shrinking ParOldGen from 166400K by 18944K to 147456K
[2020-08-08T13:06:17.570+0300][77.784s][info ][gc] GC(514) Pause Full (Ergonomics) 156M->22M(258M) 15.195ms
[2020-08-08T13:06:17.752+0300][77.966s][info ][gc] GC(515) Pause Young (Allocation Failure) 80M->80M(258M) 169.714ms
[2020-08-08T13:06:18.104+0300][78.318s][info ][gc] GC(516) Pause Young (Allocation Failure) 136M->136M(258M) 342.717ms
[2020-08-08T13:06:18.111+0300][78.326s][debug][gc] GC(517) Shrinking ParOldGen from 147456K by 20992K to 126464K
[2020-08-08T13:06:18.111+0300][78.326s][info ][gc] GC(517) Pause Full (Ergonomics) 136M->2M(237M) 7.259ms
[2020-08-08T13:06:18.163+0300][78.377s][info ][gc] GC(518) Pause Young (Allocation Failure) 60M->59M(237M) 35.561ms
[2020-08-08T13:06:18.270+0300][78.485s][info ][gc] GC(519) Pause Young (Allocation Failure) 117M->117M(237M) 97.614ms
[2020-08-08T13:06:18.578+0300][78.793s][debug][gc] GC(520) Expanding ParOldGen from 126464K by 117760K to 244224K
[2020-08-08T13:06:18.578+0300][78.793s][info ][gc] GC(520) Pause Full (Ergonomics) 117M->117M(352M) 307.919ms
[2020-08-08T13:06:18.630+0300][78.844s][info ][gc] GC(521) Pause Young (Allocation Failure) 174M->174M(352M) 42.274ms
[2020-08-08T13:06:18.734+0300][78.948s][info ][gc] GC(522) Pause Young (Allocation Failure) 232M->232M(352M) 92.912ms
[2020-08-08T13:06:18.977+0300][79.191s][debug][gc] GC(523) Shrinking ParOldGen from 244224K by 19456K to 224768K
[2020-08-08T13:06:18.977+0300][79.191s][info ][gc] GC(523) Pause Full (Ergonomics) 232M->98M(333M) 242.728ms
[2020-08-08T13:06:19.090+0300][79.304s][info ][gc] GC(524) Pause Young (Allocation Failure) 156M->156M(333M) 104.178ms
[2020-08-08T13:06:19.178+0300][79.393s][info ][gc] GC(525) Pause Young (Allocation Failure) 213M->213M(333M) 77.557ms
[2020-08-08T13:06:19.360+0300][79.575s][debug][gc] GC(526) Shrinking ParOldGen from 224768K by 18944K to 205824K
[2020-08-08T13:06:19.360+0300][79.575s][info ][gc] GC(526) Pause Full (Ergonomics) 213M->79M(315M) 182.038ms
[2020-08-08T13:06:19.548+0300][79.763s][info ][gc] GC(527) Pause Young (Allocation Failure) 137M->136M(315M) 177.517ms
[2020-08-08T13:06:19.679+0300][79.894s][info ][gc] GC(528) Pause Young (Allocation Failure) 193M->193M(315M) 122.355ms
[2020-08-08T13:06:19.804+0300][80.019s][debug][gc] GC(529) Shrinking ParOldGen from 205824K by 20480K to 185344K
[2020-08-08T13:06:19.804+0300][80.019s][info ][gc] GC(529) Pause Full (Ergonomics) 193M->59M(295M) 125.216ms
[2020-08-08T13:06:19.989+0300][80.203s][info ][gc] GC(530) Pause Young (Allocation Failure) 117M->117M(295M) 173.022ms
[2020-08-08T13:06:20.195+0300][80.410s][info ][gc] GC(531) Pause Young (Allocation Failure) 174M->175M(295M) 198.966ms
[2020-08-08T13:06:20.270+0300][80.484s][debug][gc] GC(532) Shrinking ParOldGen from 185344K by 18944K to 166400K
[2020-08-08T13:06:20.270+0300][80.484s][info ][gc] GC(532) Pause Full (Ergonomics) 175M->41M(276M) 74.216ms
[2020-08-08T13:06:20.436+0300][80.651s][info ][gc] GC(533) Pause Young (Allocation Failure) 98M->98M(276M) 155.414ms
[2020-08-08T13:06:20.731+0300][80.945s][info ][gc] GC(534) Pause Young (Allocation Failure) 156M->156M(276M) 286.406ms
[2020-08-08T13:06:20.746+0300][80.960s][debug][gc] GC(535) Shrinking ParOldGen from 166400K by 18944K to 147456K
[2020-08-08T13:06:20.746+0300][80.960s][info ][gc] GC(535) Pause Full (Ergonomics) 156M->22M(258M) 15.352ms
[2020-08-08T13:06:20.915+0300][81.130s][info ][gc] GC(536) Pause Young (Allocation Failure) 80M->80M(258M) 156.918ms
[2020-08-08T13:06:21.253+0300][81.467s][info ][gc] GC(537) Pause Young (Allocation Failure) 136M->136M(258M) 326.386ms
[2020-08-08T13:06:21.259+0300][81.473s][debug][gc] GC(538) Shrinking ParOldGen from 147456K by 20992K to 126464K
[2020-08-08T13:06:21.259+0300][81.473s][info ][gc] GC(538) Pause Full (Ergonomics) 136M->2M(237M) 5.739ms
[2020-08-08T13:06:21.306+0300][81.521s][info ][gc] GC(539) Pause Young (Allocation Failure) 60M->59M(237M) 36.040ms
[2020-08-08T13:06:21.421+0300][81.635s][info ][gc] GC(540) Pause Young (Allocation Failure) 117M->117M(237M) 101.939ms
[2020-08-08T13:06:21.713+0300][81.927s][debug][gc] GC(541) Expanding ParOldGen from 126464K by 117760K to 244224K
[2020-08-08T13:06:21.713+0300][81.927s][info ][gc] GC(541) Pause Full (Ergonomics) 117M->117M(352M) 291.952ms
[2020-08-08T13:06:21.770+0300][81.984s][info ][gc] GC(542) Pause Young (Allocation Failure) 174M->174M(352M) 43.968ms
[2020-08-08T13:06:21.879+0300][82.094s][info ][gc] GC(543) Pause Young (Allocation Failure) 232M->232M(352M) 93.975ms
[2020-08-08T13:06:22.121+0300][82.336s][debug][gc] GC(544) Shrinking ParOldGen from 244224K by 19456K to 224768K
[2020-08-08T13:06:22.121+0300][82.336s][info ][gc] GC(544) Pause Full (Ergonomics) 232M->98M(333M) 241.787ms
[2020-08-08T13:06:22.234+0300][82.448s][info ][gc] GC(545) Pause Young (Allocation Failure) 156M->156M(333M) 103.402ms
[2020-08-08T13:06:22.328+0300][82.542s][info ][gc] GC(546) Pause Young (Allocation Failure) 213M->213M(333M) 79.845ms
[2020-08-08T13:06:22.513+0300][82.727s][debug][gc] GC(547) Shrinking ParOldGen from 224768K by 18944K to 205824K
[2020-08-08T13:06:22.513+0300][82.727s][info ][gc] GC(547) Pause Full (Ergonomics) 213M->79M(315M) 184.937ms
[2020-08-08T13:06:22.703+0300][82.917s][info ][gc] GC(548) Pause Young (Allocation Failure) 137M->136M(315M) 179.798ms
[2020-08-08T13:06:22.831+0300][83.046s][info ][gc] GC(549) Pause Young (Allocation Failure) 193M->193M(315M) 118.262ms
[2020-08-08T13:06:22.962+0300][83.177s][debug][gc] GC(550) Shrinking ParOldGen from 205824K by 20480K to 185344K
[2020-08-08T13:06:22.962+0300][83.177s][info ][gc] GC(550) Pause Full (Ergonomics) 193M->59M(295M) 131.107ms
[2020-08-08T13:06:23.144+0300][83.359s][info ][gc] GC(551) Pause Young (Allocation Failure) 117M->117M(295M) 171.081ms
[2020-08-08T13:06:23.356+0300][83.571s][info ][gc] GC(552) Pause Young (Allocation Failure) 174M->175M(295M) 204.847ms
[2020-08-08T13:06:23.426+0300][83.641s][debug][gc] GC(553) Shrinking ParOldGen from 185344K by 18944K to 166400K
[2020-08-08T13:06:23.426+0300][83.641s][info ][gc] GC(553) Pause Full (Ergonomics) 175M->41M(276M) 69.758ms
[2020-08-08T13:06:23.608+0300][83.822s][info ][gc] GC(554) Pause Young (Allocation Failure) 98M->98M(276M) 168.872ms
[2020-08-08T13:06:23.870+0300][84.085s][info ][gc] GC(555) Pause Young (Allocation Failure) 156M->156M(276M) 254.717ms
[2020-08-08T13:06:23.885+0300][84.099s][debug][gc] GC(556) Shrinking ParOldGen from 166400K by 18944K to 147456K
[2020-08-08T13:06:23.885+0300][84.099s][info ][gc] GC(556) Pause Full (Ergonomics) 156M->22M(258M) 14.380ms
[2020-08-08T13:06:24.064+0300][84.278s][info ][gc] GC(557) Pause Young (Allocation Failure) 80M->80M(258M) 168.335ms
[2020-08-08T13:06:24.414+0300][84.628s][info ][gc] GC(558) Pause Young (Allocation Failure) 136M->136M(258M) 340.947ms
[2020-08-08T13:06:24.420+0300][84.634s][debug][gc] GC(559) Shrinking ParOldGen from 147456K by 20992K to 126464K
[2020-08-08T13:06:24.420+0300][84.634s][info ][gc] GC(559) Pause Full (Ergonomics) 136M->2M(237M) 5.729ms
[2020-08-08T13:06:24.466+0300][84.681s][info ][gc] GC(560) Pause Young (Allocation Failure) 60M->59M(237M) 35.816ms
[2020-08-08T13:06:24.571+0300][84.786s][info ][gc] GC(561) Pause Young (Allocation Failure) 117M->117M(237M) 94.208ms
[2020-08-08T13:06:24.877+0300][85.092s][debug][gc] GC(562) Expanding ParOldGen from 126464K by 117760K to 244224K
[2020-08-08T13:06:24.877+0300][85.092s][info ][gc] GC(562) Pause Full (Ergonomics) 117M->117M(352M) 306.140ms
[2020-08-08T13:06:24.930+0300][85.144s][info ][gc] GC(563) Pause Young (Allocation Failure) 174M->174M(352M) 44.789ms
[2020-08-08T13:06:25.030+0300][85.244s][info ][gc] GC(564) Pause Young (Allocation Failure) 232M->232M(352M) 89.497ms
[2020-08-08T13:06:25.274+0300][85.489s][debug][gc] GC(565) Shrinking ParOldGen from 244224K by 19456K to 224768K
[2020-08-08T13:06:25.274+0300][85.489s][info ][gc] GC(565) Pause Full (Ergonomics) 232M->98M(333M) 244.502ms
[2020-08-08T13:06:25.389+0300][85.604s][info ][gc] GC(566) Pause Young (Allocation Failure) 156M->156M(333M) 107.469ms
[2020-08-08T13:06:25.475+0300][85.689s][info ][gc] GC(567) Pause Young (Allocation Failure) 213M->213M(333M) 75.224ms
[2020-08-08T13:06:25.658+0300][85.872s][debug][gc] GC(568) Shrinking ParOldGen from 224768K by 18944K to 205824K
[2020-08-08T13:06:25.658+0300][85.873s][info ][gc] GC(568) Pause Full (Ergonomics) 213M->79M(315M) 183.181ms
[2020-08-08T13:06:25.843+0300][86.057s][info ][gc] GC(569) Pause Young (Allocation Failure) 137M->136M(315M) 175.627ms
[2020-08-08T13:06:25.988+0300][86.202s][info ][gc] GC(570) Pause Young (Allocation Failure) 193M->193M(315M) 135.377ms
[2020-08-08T13:06:26.114+0300][86.329s][debug][gc] GC(571) Shrinking ParOldGen from 205824K by 20480K to 185344K
[2020-08-08T13:06:26.114+0300][86.329s][info ][gc] GC(571) Pause Full (Ergonomics) 193M->59M(295M) 126.516ms
[2020-08-08T13:06:26.302+0300][86.517s][info ][gc] GC(572) Pause Young (Allocation Failure) 117M->117M(295M) 177.883ms
[2020-08-08T13:06:26.515+0300][86.730s][info ][gc] GC(573) Pause Young (Allocation Failure) 174M->175M(295M) 205.393ms
[2020-08-08T13:06:26.588+0300][86.802s][debug][gc] GC(574) Shrinking ParOldGen from 185344K by 18944K to 166400K
[2020-08-08T13:06:26.588+0300][86.802s][info ][gc] GC(574) Pause Full (Ergonomics) 175M->41M(276M) 72.656ms
[2020-08-08T13:06:26.761+0300][86.976s][info ][gc] GC(575) Pause Young (Allocation Failure) 98M->98M(276M) 161.367ms
[2020-08-08T13:06:27.050+0300][87.264s][info ][gc] GC(576) Pause Young (Allocation Failure) 156M->156M(276M) 280.226ms
[2020-08-08T13:06:27.065+0300][87.279s][debug][gc] GC(577) Shrinking ParOldGen from 166400K by 18944K to 147456K
[2020-08-08T13:06:27.065+0300][87.279s][info ][gc] GC(577) Pause Full (Ergonomics) 156M->22M(258M) 15.243ms
[2020-08-08T13:06:27.245+0300][87.459s][info ][gc] GC(578) Pause Young (Allocation Failure) 80M->80M(258M) 168.638ms
[2020-08-08T13:06:27.596+0300][87.810s][info ][gc] GC(579) Pause Young (Allocation Failure) 136M->136M(258M) 341.871ms
[2020-08-08T13:06:27.602+0300][87.816s][debug][gc] GC(580) Shrinking ParOldGen from 147456K by 20992K to 126464K
[2020-08-08T13:06:27.602+0300][87.816s][info ][gc] GC(580) Pause Full (Ergonomics) 136M->2M(237M) 5.872ms
[2020-08-08T13:06:27.647+0300][87.861s][info ][gc] GC(581) Pause Young (Allocation Failure) 60M->59M(237M) 34.391ms
[2020-08-08T13:06:27.753+0300][87.967s][info ][gc] GC(582) Pause Young (Allocation Failure) 117M->117M(237M) 96.986ms
[2020-08-08T13:06:28.045+0300][88.259s][debug][gc] GC(583) Expanding ParOldGen from 126464K by 117760K to 244224K
[2020-08-08T13:06:28.045+0300][88.259s][info ][gc] GC(583) Pause Full (Ergonomics) 117M->117M(352M) 291.688ms
[2020-08-08T13:06:28.096+0300][88.311s][info ][gc] GC(584) Pause Young (Allocation Failure) 174M->174M(352M) 42.611ms
[2020-08-08T13:06:28.197+0300][88.412s][info ][gc] GC(585) Pause Young (Allocation Failure) 232M->232M(352M) 90.418ms
[2020-08-08T13:06:28.438+0300][88.653s][debug][gc] GC(586) Shrinking ParOldGen from 244224K by 19456K to 224768K
[2020-08-08T13:06:28.438+0300][88.653s][info ][gc] GC(586) Pause Full (Ergonomics) 232M->98M(333M) 241.132ms
[2020-08-08T13:06:28.560+0300][88.774s][info ][gc] GC(587) Pause Young (Allocation Failure) 156M->156M(333M) 113.863ms
[2020-08-08T13:06:28.655+0300][88.870s][info ][gc] GC(588) Pause Young (Allocation Failure) 213M->213M(333M) 84.184ms
[2020-08-08T13:06:28.845+0300][89.060s][debug][gc] GC(589) Shrinking ParOldGen from 224768K by 18944K to 205824K
[2020-08-08T13:06:28.845+0300][89.060s][info ][gc] GC(589) Pause Full (Ergonomics) 213M->79M(315M) 190.077ms
[2020-08-08T13:06:28.988+0300][89.203s][info ][gc] GC(590) Pause Young (Allocation Failure) 137M->136M(315M) 124.181ms
[2020-08-08T13:06:29.124+0300][89.338s][info ][gc] GC(591) Pause Young (Allocation Failure) 193M->193M(315M) 122.629ms
[2020-08-08T13:06:29.249+0300][89.464s][debug][gc] GC(592) Shrinking ParOldGen from 205824K by 20480K to 185344K
[2020-08-08T13:06:29.249+0300][89.464s][info ][gc] GC(592) Pause Full (Ergonomics) 193M->59M(295M) 125.298ms
[2020-08-08T13:06:29.446+0300][89.661s][info ][gc] GC(593) Pause Young (Allocation Failure) 117M->117M(295M) 185.400ms
[2020-08-08T13:06:29.655+0300][89.869s][info ][gc] GC(594) Pause Young (Allocation Failure) 175M->175M(295M) 196.578ms
[2020-08-08T13:06:29.728+0300][89.942s][debug][gc] GC(595) Shrinking ParOldGen from 185344K by 18944K to 166400K
[2020-08-08T13:06:29.728+0300][89.942s][info ][gc] GC(595) Pause Full (Ergonomics) 175M->41M(276M) 73.233ms
[2020-08-08T13:06:29.918+0300][90.132s][info ][gc] GC(596) Pause Young (Allocation Failure) 98M->98M(276M) 177.027ms
[2020-08-08T13:06:30.193+0300][90.407s][info ][gc] GC(597) Pause Young (Allocation Failure) 156M->156M(276M) 265.808ms
[2020-08-08T13:06:30.208+0300][90.422s][debug][gc] GC(598) Shrinking ParOldGen from 166400K by 18944K to 147456K
[2020-08-08T13:06:30.208+0300][90.422s][info ][gc] GC(598) Pause Full (Ergonomics) 156M->22M(258M) 14.833ms
[2020-08-08T13:06:30.395+0300][90.610s][info ][gc] GC(599) Pause Young (Allocation Failure) 80M->80M(258M) 177.231ms
[2020-08-08T13:06:30.747+0300][90.962s][info ][gc] GC(600) Pause Young (Allocation Failure) 136M->136M(258M) 342.308ms
[2020-08-08T13:06:30.753+0300][90.968s][debug][gc] GC(601) Shrinking ParOldGen from 147456K by 20992K to 126464K
[2020-08-08T13:06:30.753+0300][90.968s][info ][gc] GC(601) Pause Full (Ergonomics) 136M->2M(237M) 5.982ms
[2020-08-08T13:06:30.801+0300][91.016s][info ][gc] GC(602) Pause Young (Allocation Failure) 60M->59M(237M) 37.403ms
[2020-08-08T13:06:30.909+0300][91.124s][info ][gc] GC(603) Pause Young (Allocation Failure) 117M->117M(237M) 98.407ms
[2020-08-08T13:06:31.210+0300][91.424s][debug][gc] GC(604) Expanding ParOldGen from 126464K by 117760K to 244224K
[2020-08-08T13:06:31.210+0300][91.424s][info ][gc] GC(604) Pause Full (Ergonomics) 117M->117M(352M) 300.425ms
[2020-08-08T13:06:31.260+0300][91.474s][info ][gc] GC(605) Pause Young (Allocation Failure) 174M->174M(352M) 41.683ms
[2020-08-08T13:06:31.359+0300][91.574s][info ][gc] GC(606) Pause Young (Allocation Failure) 232M->232M(352M) 89.608ms
[2020-08-08T13:06:31.609+0300][91.824s][debug][gc] GC(607) Shrinking ParOldGen from 244224K by 19456K to 224768K
[2020-08-08T13:06:31.609+0300][91.824s][info ][gc] GC(607) Pause Full (Ergonomics) 232M->98M(333M) 249.807ms
[2020-08-08T13:06:31.729+0300][91.943s][info ][gc] GC(608) Pause Young (Allocation Failure) 156M->156M(333M) 111.979ms
[2020-08-08T13:06:31.816+0300][92.030s][info ][gc] GC(609) Pause Young (Allocation Failure) 213M->213M(333M) 76.249ms
[2020-08-08T13:06:31.994+0300][92.209s][debug][gc] GC(610) Shrinking ParOldGen from 224768K by 18944K to 205824K
[2020-08-08T13:06:31.994+0300][92.209s][info ][gc] GC(610) Pause Full (Ergonomics) 213M->79M(315M) 178.410ms
[2020-08-08T13:06:32.172+0300][92.387s][info ][gc] GC(611) Pause Young (Allocation Failure) 137M->136M(315M) 168.550ms
[2020-08-08T13:06:32.305+0300][92.520s][info ][gc] GC(612) Pause Young (Allocation Failure) 193M->193M(315M) 124.730ms
[2020-08-08T13:06:32.431+0300][92.646s][debug][gc] GC(613) Shrinking ParOldGen from 205824K by 20480K to 185344K
[2020-08-08T13:06:32.431+0300][92.646s][info ][gc] GC(613) Pause Full (Ergonomics) 193M->59M(295M) 126.105ms
[2020-08-08T13:06:32.615+0300][92.830s][info ][gc] GC(614) Pause Young (Allocation Failure) 117M->117M(295M) 173.369ms
[2020-08-08T13:06:32.824+0300][93.038s][info ][gc] GC(615) Pause Young (Allocation Failure) 175M->175M(295M) 200.046ms
[2020-08-08T13:06:32.895+0300][93.109s][debug][gc] GC(616) Shrinking ParOldGen from 185344K by 18944K to 166400K
[2020-08-08T13:06:32.895+0300][93.109s][info ][gc] GC(616) Pause Full (Ergonomics) 175M->41M(276M) 71.360ms
[2020-08-08T13:06:33.066+0300][93.280s][info ][gc] GC(617) Pause Young (Allocation Failure) 98M->98M(276M) 160.070ms
[2020-08-08T13:06:33.353+0300][93.567s][info ][gc] GC(618) Pause Young (Allocation Failure) 156M->156M(276M) 279.381ms
[2020-08-08T13:06:33.368+0300][93.582s][debug][gc] GC(619) Shrinking ParOldGen from 166400K by 18944K to 147456K
[2020-08-08T13:06:33.368+0300][93.582s][info ][gc] GC(619) Pause Full (Ergonomics) 156M->22M(258M) 15.057ms
[2020-08-08T13:06:33.549+0300][93.764s][info ][gc] GC(620) Pause Young (Allocation Failure) 80M->80M(258M) 170.406ms
[2020-08-08T13:06:33.902+0300][94.116s][info ][gc] GC(621) Pause Young (Allocation Failure) 136M->136M(258M) 343.108ms
[2020-08-08T13:06:33.908+0300][94.122s][debug][gc] GC(622) Shrinking ParOldGen from 147456K by 20992K to 126464K
[2020-08-08T13:06:33.908+0300][94.122s][info ][gc] GC(622) Pause Full (Ergonomics) 136M->2M(237M) 6.114ms
[2020-08-08T13:06:33.955+0300][94.170s][info ][gc] GC(623) Pause Young (Allocation Failure) 60M->59M(237M) 37.039ms
[2020-08-08T13:06:34.062+0300][94.276s][info ][gc] GC(624) Pause Young (Allocation Failure) 117M->117M(237M) 97.603ms
[2020-08-08T13:06:34.367+0300][94.581s][debug][gc] GC(625) Expanding ParOldGen from 126464K by 117760K to 244224K
[2020-08-08T13:06:34.367+0300][94.581s][info ][gc] GC(625) Pause Full (Ergonomics) 117M->117M(352M) 304.601ms
[2020-08-08T13:06:34.421+0300][94.635s][info ][gc] GC(626) Pause Young (Allocation Failure) 174M->174M(352M) 44.281ms
[2020-08-08T13:06:34.522+0300][94.736s][info ][gc] GC(627) Pause Young (Allocation Failure) 232M->232M(352M) 90.832ms
[2020-08-08T13:06:34.762+0300][94.976s][debug][gc] GC(628) Shrinking ParOldGen from 244224K by 19456K to 224768K
[2020-08-08T13:06:34.762+0300][94.976s][info ][gc] GC(628) Pause Full (Ergonomics) 232M->98M(333M) 240.273ms
[2020-08-08T13:06:34.876+0300][95.091s][info ][gc] GC(629) Pause Young (Allocation Failure) 156M->156M(333M) 105.749ms
[2020-08-08T13:06:34.968+0300][95.182s][info ][gc] GC(630) Pause Young (Allocation Failure) 213M->213M(333M) 80.678ms
[2020-08-08T13:06:35.148+0300][95.363s][debug][gc] GC(631) Shrinking ParOldGen from 224768K by 18944K to 205824K
[2020-08-08T13:06:35.148+0300][95.363s][info ][gc] GC(631) Pause Full (Ergonomics) 213M->79M(315M) 180.610ms
[2020-08-08T13:06:35.333+0300][95.548s][info ][gc] GC(632) Pause Young (Allocation Failure) 137M->136M(315M) 175.096ms
[2020-08-08T13:06:35.463+0300][95.678s][info ][gc] GC(633) Pause Young (Allocation Failure) 193M->193M(315M) 121.997ms
[2020-08-08T13:06:35.592+0300][95.806s][debug][gc] GC(634) Shrinking ParOldGen from 205824K by 20480K to 185344K
[2020-08-08T13:06:35.592+0300][95.807s][info ][gc] GC(634) Pause Full (Ergonomics) 193M->59M(295M) 128.767ms
[2020-08-08T13:06:35.785+0300][95.999s][info ][gc] GC(635) Pause Young (Allocation Failure) 117M->117M(295M) 181.524ms
[2020-08-08T13:06:35.983+0300][96.197s][info ][gc] GC(636) Pause Young (Allocation Failure) 175M->175M(295M) 190.051ms
[2020-08-08T13:06:36.052+0300][96.266s][debug][gc] GC(637) Shrinking ParOldGen from 185344K by 18944K to 166400K
[2020-08-08T13:06:36.052+0300][96.266s][info ][gc] GC(637) Pause Full (Ergonomics) 175M->41M(276M) 68.817ms
[2020-08-08T13:06:36.236+0300][96.450s][info ][gc] GC(638) Pause Young (Allocation Failure) 98M->98M(276M) 172.698ms
[2020-08-08T13:06:36.521+0300][96.735s][info ][gc] GC(639) Pause Young (Allocation Failure) 156M->156M(276M) 277.342ms
[2020-08-08T13:06:36.537+0300][96.751s][debug][gc] GC(640) Shrinking ParOldGen from 166400K by 18944K to 147456K
[2020-08-08T13:06:36.537+0300][96.751s][info ][gc] GC(640) Pause Full (Ergonomics) 156M->22M(258M) 16.338ms
[2020-08-08T13:06:36.711+0300][96.925s][info ][gc] GC(641) Pause Young (Allocation Failure) 80M->80M(258M) 162.246ms
[2020-08-08T13:06:37.058+0300][97.272s][info ][gc] GC(642) Pause Young (Allocation Failure) 136M->136M(258M) 336.940ms
[2020-08-08T13:06:37.064+0300][97.278s][debug][gc] GC(643) Shrinking ParOldGen from 147456K by 20992K to 126464K
[2020-08-08T13:06:37.064+0300][97.278s][info ][gc] GC(643) Pause Full (Ergonomics) 136M->2M(237M) 6.246ms
[2020-08-08T13:06:37.107+0300][97.322s][info ][gc] GC(644) Pause Young (Allocation Failure) 60M->59M(237M) 33.623ms
[2020-08-08T13:06:37.214+0300][97.428s][info ][gc] GC(645) Pause Young (Allocation Failure) 117M->117M(237M) 96.263ms
[2020-08-08T13:06:37.514+0300][97.729s][debug][gc] GC(646) Expanding ParOldGen from 126464K by 117760K to 244224K
[2020-08-08T13:06:37.514+0300][97.729s][info ][gc] GC(646) Pause Full (Ergonomics) 117M->117M(352M) 300.360ms
[2020-08-08T13:06:37.565+0300][97.779s][info ][gc] GC(647) Pause Young (Allocation Failure) 174M->174M(352M) 42.147ms
[2020-08-08T13:06:37.666+0300][97.880s][info ][gc] GC(648) Pause Young (Allocation Failure) 232M->232M(352M) 91.269ms
[2020-08-08T13:06:37.905+0300][98.119s][debug][gc] GC(649) Shrinking ParOldGen from 244224K by 19456K to 224768K
[2020-08-08T13:06:37.905+0300][98.119s][info ][gc] GC(649) Pause Full (Ergonomics) 232M->98M(333M) 238.996ms
[2020-08-08T13:06:38.016+0300][98.230s][info ][gc] GC(650) Pause Young (Allocation Failure) 156M->156M(333M) 102.544ms
[2020-08-08T13:06:38.104+0300][98.318s][info ][gc] GC(651) Pause Young (Allocation Failure) 213M->213M(333M) 77.773ms
[2020-08-08T13:06:38.289+0300][98.504s][debug][gc] GC(652) Shrinking ParOldGen from 224768K by 18944K to 205824K
[2020-08-08T13:06:38.289+0300][98.504s][info ][gc] GC(652) Pause Full (Ergonomics) 213M->79M(315M) 185.266ms
[2020-08-08T13:06:38.463+0300][98.677s][info ][gc] GC(653) Pause Young (Allocation Failure) 137M->136M(315M) 164.425ms
[2020-08-08T13:06:38.583+0300][98.797s][info ][gc] GC(654) Pause Young (Allocation Failure) 193M->193M(315M) 111.066ms
[2020-08-08T13:06:38.704+0300][98.919s][debug][gc] GC(655) Shrinking ParOldGen from 205824K by 20480K to 185344K
[2020-08-08T13:06:38.704+0300][98.919s][info ][gc] GC(655) Pause Full (Ergonomics) 193M->59M(295M) 121.133ms
[2020-08-08T13:06:38.895+0300][99.109s][info ][gc] GC(656) Pause Young (Allocation Failure) 117M->117M(295M) 180.830ms
[2020-08-08T13:06:39.107+0300][99.322s][info ][gc] GC(657) Pause Young (Allocation Failure) 175M->175M(295M) 203.496ms
[2020-08-08T13:06:39.177+0300][99.391s][debug][gc] GC(658) Shrinking ParOldGen from 185344K by 18944K to 166400K
[2020-08-08T13:06:39.177+0300][99.391s][info ][gc] GC(658) Pause Full (Ergonomics) 175M->41M(276M) 69.648ms
[2020-08-08T13:06:39.361+0300][99.576s][info ][gc] GC(659) Pause Young (Allocation Failure) 98M->98M(276M) 173.318ms
[2020-08-08T13:06:39.653+0300][99.867s][info ][gc] GC(660) Pause Young (Allocation Failure) 156M->156M(276M) 283.792ms
[2020-08-08T13:06:39.667+0300][99.882s][debug][gc] GC(661) Shrinking ParOldGen from 166400K by 18944K to 147456K
[2020-08-08T13:06:39.667+0300][99.882s][info ][gc] GC(661) Pause Full (Ergonomics) 156M->22M(258M) 14.488ms
[2020-08-08T13:06:39.848+0300][100.062s][info ][gc] GC(662) Pause Young (Allocation Failure) 80M->80M(258M) 168.529ms
[2020-08-08T13:06:40.191+0300][100.405s][info ][gc] GC(663) Pause Young (Allocation Failure) 136M->136M(258M) 330.704ms
[2020-08-08T13:06:40.197+0300][100.411s][debug][gc] GC(664) Shrinking ParOldGen from 147456K by 20992K to 126464K
[2020-08-08T13:06:40.197+0300][100.411s][info ][gc] GC(664) Pause Full (Ergonomics) 136M->2M(237M) 5.927ms
[2020-08-08T13:06:40.243+0300][100.457s][info ][gc] GC(665) Pause Young (Allocation Failure) 60M->59M(237M) 34.970ms
[2020-08-08T13:06:40.349+0300][100.564s][info ][gc] GC(666) Pause Young (Allocation Failure) 117M->117M(237M) 95.737ms
[2020-08-08T13:06:40.653+0300][100.868s][debug][gc] GC(667) Expanding ParOldGen from 126464K by 117760K to 244224K
[2020-08-08T13:06:40.653+0300][100.868s][info ][gc] GC(667) Pause Full (Ergonomics) 117M->117M(352M) 303.873ms
[2020-08-08T13:06:40.704+0300][100.918s][info ][gc] GC(668) Pause Young (Allocation Failure) 174M->174M(352M) 41.932ms
[2020-08-08T13:06:40.810+0300][101.025s][info ][gc] GC(669) Pause Young (Allocation Failure) 232M->232M(352M) 94.903ms
[2020-08-08T13:06:41.049+0300][101.263s][debug][gc] GC(670) Shrinking ParOldGen from 244224K by 19456K to 224768K
[2020-08-08T13:06:41.049+0300][101.263s][info ][gc] GC(670) Pause Full (Ergonomics) 232M->98M(333M) 238.464ms
[2020-08-08T13:06:41.164+0300][101.379s][info ][gc] GC(671) Pause Young (Allocation Failure) 156M->156M(333M) 105.167ms
[2020-08-08T13:06:41.254+0300][101.469s][info ][gc] GC(672) Pause Young (Allocation Failure) 213M->213M(333M) 76.957ms
[2020-08-08T13:06:41.436+0300][101.651s][debug][gc] GC(673) Shrinking ParOldGen from 224768K by 18944K to 205824K
[2020-08-08T13:06:41.437+0300][101.651s][info ][gc] GC(673) Pause Full (Ergonomics) 213M->79M(315M) 182.242ms
[2020-08-08T13:06:41.612+0300][101.826s][info ][gc] GC(674) Pause Young (Allocation Failure) 137M->136M(315M) 164.272ms
[2020-08-08T13:06:41.753+0300][101.968s][info ][gc] GC(675) Pause Young (Allocation Failure) 193M->193M(315M) 130.679ms
[2020-08-08T13:06:41.875+0300][102.089s][debug][gc] GC(676) Shrinking ParOldGen from 205824K by 20480K to 185344K
[2020-08-08T13:06:41.875+0300][102.089s][info ][gc] GC(676) Pause Full (Ergonomics) 193M->59M(295M) 121.376ms
[2020-08-08T13:06:42.033+0300][102.247s][info ][gc] GC(677) Pause Young (Allocation Failure) 117M->117M(295M) 146.851ms
[2020-08-08T13:06:42.222+0300][102.437s][info ][gc] GC(678) Pause Young (Allocation Failure) 175M->175M(295M) 179.969ms
[2020-08-08T13:06:42.295+0300][102.509s][debug][gc] GC(679) Shrinking ParOldGen from 185344K by 18944K to 166400K
[2020-08-08T13:06:42.295+0300][102.509s][info ][gc] GC(679) Pause Full (Ergonomics) 175M->41M(276M) 72.702ms
[2020-08-08T13:06:42.480+0300][102.694s][info ][gc] GC(680) Pause Young (Allocation Failure) 98M->98M(276M) 172.939ms
[2020-08-08T13:06:42.763+0300][102.977s][info ][gc] GC(681) Pause Young (Allocation Failure) 156M->156M(276M) 274.546ms
[2020-08-08T13:06:42.780+0300][102.994s][debug][gc] GC(682) Shrinking ParOldGen from 166400K by 18944K to 147456K
[2020-08-08T13:06:42.780+0300][102.994s][info ][gc] GC(682) Pause Full (Ergonomics) 156M->22M(258M) 16.736ms
[2020-08-08T13:06:42.964+0300][103.178s][info ][gc] GC(683) Pause Young (Allocation Failure) 80M->80M(258M) 171.930ms
[2020-08-08T13:06:43.297+0300][103.512s][info ][gc] GC(684) Pause Young (Allocation Failure) 136M->136M(258M) 322.501ms
[2020-08-08T13:06:43.304+0300][103.518s][debug][gc] GC(685) Shrinking ParOldGen from 147456K by 20992K to 126464K
[2020-08-08T13:06:43.304+0300][103.518s][info ][gc] GC(685) Pause Full (Ergonomics) 136M->2M(237M) 6.145ms
[2020-08-08T13:06:43.347+0300][103.562s][info ][gc] GC(686) Pause Young (Allocation Failure) 60M->59M(237M) 34.077ms
[2020-08-08T13:06:43.456+0300][103.670s][info ][gc] GC(687) Pause Young (Allocation Failure) 117M->117M(237M) 97.875ms
[2020-08-08T13:06:43.754+0300][103.969s][debug][gc] GC(688) Expanding ParOldGen from 126464K by 117760K to 244224K
[2020-08-08T13:06:43.754+0300][103.969s][info ][gc] GC(688) Pause Full (Ergonomics) 117M->117M(352M) 298.596ms
[2020-08-08T13:06:43.806+0300][104.021s][info ][gc] GC(689) Pause Young (Allocation Failure) 174M->174M(352M) 44.141ms
[2020-08-08T13:06:43.906+0300][104.121s][info ][gc] GC(690) Pause Young (Allocation Failure) 232M->232M(352M) 89.224ms
[2020-08-08T13:06:44.141+0300][104.355s][debug][gc] GC(691) Shrinking ParOldGen from 244224K by 19456K to 224768K
[2020-08-08T13:06:44.141+0300][104.355s][info ][gc] GC(691) Pause Full (Ergonomics) 232M->98M(333M) 234.428ms
[2020-08-08T13:06:44.252+0300][104.467s][info ][gc] GC(692) Pause Young (Allocation Failure) 156M->156M(333M) 103.256ms
[2020-08-08T13:06:44.340+0300][104.554s][info ][gc] GC(693) Pause Young (Allocation Failure) 213M->213M(333M) 76.986ms
[2020-08-08T13:06:44.524+0300][104.738s][debug][gc] GC(694) Shrinking ParOldGen from 224768K by 18944K to 205824K
[2020-08-08T13:06:44.524+0300][104.738s][info ][gc] GC(694) Pause Full (Ergonomics) 213M->79M(315M) 183.810ms
[2020-08-08T13:06:44.701+0300][104.916s][info ][gc] GC(695) Pause Young (Allocation Failure) 137M->136M(315M) 168.273ms
[2020-08-08T13:06:44.831+0300][105.045s][info ][gc] GC(696) Pause Young (Allocation Failure) 193M->193M(315M) 121.779ms
[2020-08-08T13:06:44.957+0300][105.171s][debug][gc] GC(697) Shrinking ParOldGen from 205824K by 20480K to 185344K
[2020-08-08T13:06:44.957+0300][105.171s][info ][gc] GC(697) Pause Full (Ergonomics) 193M->59M(295M) 125.667ms
[2020-08-08T13:06:45.135+0300][105.349s][info ][gc] GC(698) Pause Young (Allocation Failure) 117M->117M(295M) 168.193ms
[2020-08-08T13:06:45.348+0300][105.562s][info ][gc] GC(699) Pause Young (Allocation Failure) 174M->175M(295M) 205.317ms
[2020-08-08T13:06:45.418+0300][105.633s][debug][gc] GC(700) Shrinking ParOldGen from 185344K by 18944K to 166400K
[2020-08-08T13:06:45.418+0300][105.633s][info ][gc] GC(700) Pause Full (Ergonomics) 175M->41M(276M) 70.740ms
[2020-08-08T13:06:45.600+0300][105.814s][info ][gc] GC(701) Pause Young (Allocation Failure) 98M->98M(276M) 168.405ms
[2020-08-08T13:06:45.876+0300][106.090s][info ][gc] GC(702) Pause Young (Allocation Failure) 156M->156M(276M) 268.927ms
[2020-08-08T13:06:45.891+0300][106.106s][debug][gc] GC(703) Shrinking ParOldGen from 166400K by 18944K to 147456K
[2020-08-08T13:06:45.891+0300][106.106s][info ][gc] GC(703) Pause Full (Ergonomics) 156M->22M(258M) 15.220ms
[2020-08-08T13:06:46.069+0300][106.283s][info ][gc] GC(704) Pause Young (Allocation Failure) 80M->80M(258M) 166.806ms
[2020-08-08T13:06:46.401+0300][106.615s][info ][gc] GC(705) Pause Young (Allocation Failure) 136M->136M(258M) 321.145ms
[2020-08-08T13:06:46.408+0300][106.623s][debug][gc] GC(706) Shrinking ParOldGen from 147456K by 20992K to 126464K
[2020-08-08T13:06:46.408+0300][106.623s][info ][gc] GC(706) Pause Full (Ergonomics) 136M->2M(237M) 7.827ms
[2020-08-08T13:06:46.453+0300][106.667s][info ][gc] GC(707) Pause Young (Allocation Failure) 60M->59M(237M) 35.273ms
[2020-08-08T13:06:46.558+0300][106.773s][info ][gc] GC(708) Pause Young (Allocation Failure) 117M->117M(237M) 96.300ms
[2020-08-08T13:06:46.842+0300][107.057s][debug][gc] GC(709) Expanding ParOldGen from 126464K by 117760K to 244224K
[2020-08-08T13:06:46.843+0300][107.057s][info ][gc] GC(709) Pause Full (Ergonomics) 117M->117M(352M) 284.478ms
[2020-08-08T13:06:46.895+0300][107.109s][info ][gc] GC(710) Pause Young (Allocation Failure) 174M->174M(352M) 43.556ms
[2020-08-08T13:06:46.995+0300][107.209s][info ][gc] GC(711) Pause Young (Allocation Failure) 232M->232M(352M) 90.102ms
[2020-08-08T13:06:47.233+0300][107.447s][debug][gc] GC(712) Shrinking ParOldGen from 244224K by 19456K to 224768K
[2020-08-08T13:06:47.233+0300][107.447s][info ][gc] GC(712) Pause Full (Ergonomics) 232M->98M(333M) 238.011ms
[2020-08-08T13:06:47.361+0300][107.575s][info ][gc] GC(713) Pause Young (Allocation Failure) 156M->156M(333M) 119.834ms
[2020-08-08T13:06:47.453+0300][107.667s][info ][gc] GC(714) Pause Young (Allocation Failure) 213M->213M(333M) 79.893ms
[2020-08-08T13:06:47.645+0300][107.859s][debug][gc] GC(715) Shrinking ParOldGen from 224768K by 18944K to 205824K
[2020-08-08T13:06:47.645+0300][107.859s][info ][gc] GC(715) Pause Full (Ergonomics) 213M->79M(315M) 191.832ms
[2020-08-08T13:06:47.823+0300][108.037s][info ][gc] GC(716) Pause Young (Allocation Failure) 137M->136M(315M) 167.195ms
[2020-08-08T13:06:47.956+0300][108.170s][info ][gc] GC(717) Pause Young (Allocation Failure) 193M->193M(315M) 125.882ms
[2020-08-08T13:06:48.081+0300][108.295s][debug][gc] GC(718) Shrinking ParOldGen from 205824K by 20480K to 185344K
[2020-08-08T13:06:48.081+0300][108.295s][info ][gc] GC(718) Pause Full (Ergonomics) 193M->59M(295M) 125.085ms
[2020-08-08T13:06:48.262+0300][108.476s][info ][gc] GC(719) Pause Young (Allocation Failure) 117M->117M(295M) 170.896ms
[2020-08-08T13:06:48.467+0300][108.681s][info ][gc] GC(720) Pause Young (Allocation Failure) 175M->175M(295M) 195.875ms
[2020-08-08T13:06:48.535+0300][108.749s][debug][gc] GC(721) Shrinking ParOldGen from 185344K by 18944K to 166400K
[2020-08-08T13:06:48.535+0300][108.750s][info ][gc] GC(721) Pause Full (Ergonomics) 175M->41M(276M) 68.531ms
[2020-08-08T13:06:48.708+0300][108.923s][info ][gc] GC(722) Pause Young (Allocation Failure) 98M->98M(276M) 162.004ms
[2020-08-08T13:06:48.974+0300][109.189s][info ][gc] GC(723) Pause Young (Allocation Failure) 156M->156M(276M) 258.149ms
[2020-08-08T13:06:48.991+0300][109.206s][debug][gc] GC(724) Shrinking ParOldGen from 166400K by 18944K to 147456K
[2020-08-08T13:06:48.991+0300][109.206s][info ][gc] GC(724) Pause Full (Ergonomics) 156M->22M(258M) 17.240ms
[2020-08-08T13:06:49.183+0300][109.398s][info ][gc] GC(725) Pause Young (Allocation Failure) 80M->80M(258M) 176.936ms
[2020-08-08T13:06:49.490+0300][109.704s][info ][gc] GC(726) Pause Young (Allocation Failure) 136M->136M(258M) 292.440ms
[2020-08-08T13:06:49.498+0300][109.712s][debug][gc] GC(727) Shrinking ParOldGen from 147456K by 20992K to 126464K
[2020-08-08T13:06:49.498+0300][109.712s][info ][gc] GC(727) Pause Full (Ergonomics) 136M->2M(237M) 8.129ms
[2020-08-08T13:06:49.543+0300][109.758s][info ][gc] GC(728) Pause Young (Allocation Failure) 60M->59M(237M) 36.412ms
[2020-08-08T13:06:49.652+0300][109.866s][info ][gc] GC(729) Pause Young (Allocation Failure) 117M->117M(237M) 98.349ms
[2020-08-08T13:06:49.960+0300][110.174s][debug][gc] GC(730) Expanding ParOldGen from 126464K by 117760K to 244224K
[2020-08-08T13:06:49.960+0300][110.174s][info ][gc] GC(730) Pause Full (Ergonomics) 117M->117M(352M) 307.942ms
[2020-08-08T13:06:50.017+0300][110.231s][info ][gc] GC(731) Pause Young (Allocation Failure) 174M->174M(352M) 46.910ms
[2020-08-08T13:06:50.120+0300][110.335s][info ][gc] GC(732) Pause Young (Allocation Failure) 232M->232M(352M) 90.075ms
[2020-08-08T13:06:50.365+0300][110.580s][debug][gc] GC(733) Shrinking ParOldGen from 244224K by 19456K to 224768K
[2020-08-08T13:06:50.365+0300][110.580s][info ][gc] GC(733) Pause Full (Ergonomics) 232M->98M(333M) 245.068ms
[2020-08-08T13:06:50.479+0300][110.694s][info ][gc] GC(734) Pause Young (Allocation Failure) 156M->156M(333M) 105.202ms
[2020-08-08T13:06:50.566+0300][110.780s][info ][gc] GC(735) Pause Young (Allocation Failure) 213M->213M(333M) 74.823ms
[2020-08-08T13:06:50.747+0300][110.962s][debug][gc] GC(736) Shrinking ParOldGen from 224768K by 18944K to 205824K
[2020-08-08T13:06:50.747+0300][110.962s][info ][gc] GC(736) Pause Full (Ergonomics) 213M->79M(315M) 181.164ms
[2020-08-08T13:06:50.902+0300][111.116s][info ][gc] GC(737) Pause Young (Allocation Failure) 137M->136M(315M) 144.748ms
[2020-08-08T13:06:51.016+0300][111.231s][info ][gc] GC(738) Pause Young (Allocation Failure) 193M->193M(315M) 106.489ms
[2020-08-08T13:06:51.144+0300][111.359s][debug][gc] GC(739) Shrinking ParOldGen from 205824K by 20480K to 185344K
[2020-08-08T13:06:51.144+0300][111.359s][info ][gc] GC(739) Pause Full (Ergonomics) 193M->59M(295M) 127.900ms
[2020-08-08T13:06:51.312+0300][111.527s][info ][gc] GC(740) Pause Young (Allocation Failure) 117M->117M(295M) 157.563ms
[2020-08-08T13:06:51.525+0300][111.740s][info ][gc] GC(741) Pause Young (Allocation Failure) 175M->175M(295M) 204.018ms
[2020-08-08T13:06:51.600+0300][111.814s][debug][gc] GC(742) Shrinking ParOldGen from 185344K by 18944K to 166400K
[2020-08-08T13:06:51.600+0300][111.814s][info ][gc] GC(742) Pause Full (Ergonomics) 175M->41M(276M) 74.230ms
[2020-08-08T13:06:51.777+0300][111.992s][info ][gc] GC(743) Pause Young (Allocation Failure) 98M->98M(276M) 165.006ms
[2020-08-08T13:06:52.057+0300][112.272s][info ][gc] GC(744) Pause Young (Allocation Failure) 156M->156M(276M) 271.269ms
[2020-08-08T13:06:52.073+0300][112.287s][debug][gc] GC(745) Shrinking ParOldGen from 166400K by 18944K to 147456K
[2020-08-08T13:06:52.073+0300][112.287s][info ][gc] GC(745) Pause Full (Ergonomics) 156M->22M(258M) 15.807ms
[2020-08-08T13:06:52.238+0300][112.453s][info ][gc] GC(746) Pause Young (Allocation Failure) 80M->80M(258M) 153.749ms
[2020-08-08T13:06:52.558+0300][112.772s][info ][gc] GC(747) Pause Young (Allocation Failure) 136M->136M(258M) 309.010ms
[2020-08-08T13:06:52.564+0300][112.778s][debug][gc] GC(748) Shrinking ParOldGen from 147456K by 20992K to 126464K
[2020-08-08T13:06:52.564+0300][112.778s][info ][gc] GC(748) Pause Full (Ergonomics) 136M->2M(237M) 6.012ms
[2020-08-08T13:06:52.610+0300][112.824s][info ][gc] GC(749) Pause Young (Allocation Failure) 60M->59M(237M) 36.340ms
[2020-08-08T13:06:52.725+0300][112.939s][info ][gc] GC(750) Pause Young (Allocation Failure) 117M->117M(237M) 102.398ms
[2020-08-08T13:06:53.021+0300][113.236s][debug][gc] GC(751) Expanding ParOldGen from 126464K by 117760K to 244224K
[2020-08-08T13:06:53.021+0300][113.236s][info ][gc] GC(751) Pause Full (Ergonomics) 117M->117M(352M) 296.743ms
[2020-08-08T13:06:53.071+0300][113.285s][info ][gc] GC(752) Pause Young (Allocation Failure) 174M->174M(352M) 41.561ms
[2020-08-08T13:06:53.170+0300][113.385s][info ][gc] GC(753) Pause Young (Allocation Failure) 232M->232M(352M) 89.434ms
[2020-08-08T13:06:53.413+0300][113.628s][debug][gc] GC(754) Shrinking ParOldGen from 244224K by 19456K to 224768K
[2020-08-08T13:06:53.413+0300][113.628s][info ][gc] GC(754) Pause Full (Ergonomics) 232M->98M(333M) 242.894ms
[2020-08-08T13:06:53.544+0300][113.758s][info ][gc] GC(755) Pause Young (Allocation Failure) 156M->156M(333M) 122.294ms
[2020-08-08T13:06:53.633+0300][113.847s][info ][gc] GC(756) Pause Young (Allocation Failure) 213M->213M(333M) 76.867ms
[2020-08-08T13:06:53.813+0300][114.028s][debug][gc] GC(757) Shrinking ParOldGen from 224768K by 18944K to 205824K
[2020-08-08T13:06:53.813+0300][114.028s][info ][gc] GC(757) Pause Full (Ergonomics) 213M->79M(315M) 180.297ms
[2020-08-08T13:06:53.978+0300][114.192s][info ][gc] GC(758) Pause Young (Allocation Failure) 137M->136M(315M) 152.542ms
[2020-08-08T13:06:54.094+0300][114.309s][info ][gc] GC(759) Pause Young (Allocation Failure) 193M->193M(315M) 107.524ms
[2020-08-08T13:06:54.220+0300][114.435s][debug][gc] GC(760) Shrinking ParOldGen from 205824K by 20480K to 185344K
[2020-08-08T13:06:54.220+0300][114.435s][info ][gc] GC(760) Pause Full (Ergonomics) 193M->59M(295M) 125.822ms
[2020-08-08T13:06:54.392+0300][114.607s][info ][gc] GC(761) Pause Young (Allocation Failure) 117M->117M(295M) 161.209ms
[2020-08-08T13:06:54.588+0300][114.803s][info ][gc] GC(762) Pause Young (Allocation Failure) 175M->175M(295M) 186.461ms
[2020-08-08T13:06:54.660+0300][114.875s][debug][gc] GC(763) Shrinking ParOldGen from 185344K by 18944K to 166400K
[2020-08-08T13:06:54.660+0300][114.875s][info ][gc] GC(763) Pause Full (Ergonomics) 175M->41M(276M) 71.786ms
[2020-08-08T13:06:54.840+0300][115.054s][info ][gc] GC(764) Pause Young (Allocation Failure) 98M->98M(276M) 167.105ms
[2020-08-08T13:06:55.086+0300][115.300s][info ][gc] GC(765) Pause Young (Allocation Failure) 156M->156M(276M) 237.854ms
[2020-08-08T13:06:55.102+0300][115.316s][debug][gc] GC(766) Shrinking ParOldGen from 166400K by 18944K to 147456K
[2020-08-08T13:06:55.102+0300][115.316s][info ][gc] GC(766) Pause Full (Ergonomics) 156M->22M(258M) 15.772ms
[2020-08-08T13:06:55.284+0300][115.499s][info ][gc] GC(767) Pause Young (Allocation Failure) 80M->80M(258M) 171.721ms
[2020-08-08T13:06:55.631+0300][115.845s][info ][gc] GC(768) Pause Young (Allocation Failure) 136M->136M(258M) 336.375ms
[2020-08-08T13:06:55.637+0300][115.851s][debug][gc] GC(769) Shrinking ParOldGen from 147456K by 20992K to 126464K
[2020-08-08T13:06:55.637+0300][115.851s][info ][gc] GC(769) Pause Full (Ergonomics) 136M->2M(237M) 5.884ms
[2020-08-08T13:06:55.685+0300][115.899s][info ][gc] GC(770) Pause Young (Allocation Failure) 60M->59M(237M) 36.295ms
[2020-08-08T13:06:55.793+0300][116.007s][info ][gc] GC(771) Pause Young (Allocation Failure) 117M->117M(237M) 97.518ms
[2020-08-08T13:06:56.082+0300][116.296s][debug][gc] GC(772) Expanding ParOldGen from 126464K by 117760K to 244224K
[2020-08-08T13:06:56.082+0300][116.296s][info ][gc] GC(772) Pause Full (Ergonomics) 117M->117M(352M) 289.160ms
[2020-08-08T13:06:56.132+0300][116.347s][info ][gc] GC(773) Pause Young (Allocation Failure) 174M->174M(352M) 40.990ms
[2020-08-08T13:06:56.236+0300][116.450s][info ][gc] GC(774) Pause Young (Allocation Failure) 232M->232M(352M) 93.189ms
[2020-08-08T13:06:56.480+0300][116.695s][debug][gc] GC(775) Shrinking ParOldGen from 244224K by 19456K to 224768K
[2020-08-08T13:06:56.480+0300][116.695s][info ][gc] GC(775) Pause Full (Ergonomics) 232M->98M(333M) 244.309ms
[2020-08-08T13:06:56.610+0300][116.824s][info ][gc] GC(776) Pause Young (Allocation Failure) 156M->156M(333M) 120.446ms
[2020-08-08T13:06:56.700+0300][116.914s][info ][gc] GC(777) Pause Young (Allocation Failure) 213M->213M(333M) 78.066ms
[2020-08-08T13:06:56.887+0300][117.101s][debug][gc] GC(778) Shrinking ParOldGen from 224768K by 18944K to 205824K
[2020-08-08T13:06:56.887+0300][117.101s][info ][gc] GC(778) Pause Full (Ergonomics) 213M->79M(315M) 186.740ms
[2020-08-08T13:06:57.052+0300][117.267s][info ][gc] GC(779) Pause Young (Allocation Failure) 137M->136M(315M) 154.443ms
[2020-08-08T13:06:57.201+0300][117.416s][info ][gc] GC(780) Pause Young (Allocation Failure) 193M->193M(315M) 140.625ms
[2020-08-08T13:06:57.321+0300][117.535s][debug][gc] GC(781) Shrinking ParOldGen from 205824K by 20480K to 185344K
[2020-08-08T13:06:57.321+0300][117.535s][info ][gc] GC(781) Pause Full (Ergonomics) 193M->59M(295M) 119.341ms
[2020-08-08T13:06:57.500+0300][117.714s][info ][gc] GC(782) Pause Young (Allocation Failure) 117M->117M(295M) 169.208ms
[2020-08-08T13:06:57.711+0300][117.925s][info ][gc] GC(783) Pause Young (Allocation Failure) 175M->175M(295M) 203.258ms
[2020-08-08T13:06:57.783+0300][117.998s][debug][gc] GC(784) Shrinking ParOldGen from 185344K by 18944K to 166400K
[2020-08-08T13:06:57.783+0300][117.998s][info ][gc] GC(784) Pause Full (Ergonomics) 175M->41M(276M) 72.402ms
[2020-08-08T13:06:57.958+0300][118.173s][info ][gc] GC(785) Pause Young (Allocation Failure) 98M->98M(276M) 161.881ms
[2020-08-08T13:06:58.240+0300][118.454s][info ][gc] GC(786) Pause Young (Allocation Failure) 156M->156M(276M) 274.123ms
[2020-08-08T13:06:58.255+0300][118.470s][debug][gc] GC(787) Shrinking ParOldGen from 166400K by 18944K to 147456K
[2020-08-08T13:06:58.255+0300][118.470s][info ][gc] GC(787) Pause Full (Ergonomics) 156M->22M(258M) 15.422ms
[2020-08-08T13:06:58.432+0300][118.646s][info ][gc] GC(788) Pause Young (Allocation Failure) 80M->80M(258M) 165.199ms
[2020-08-08T13:06:58.776+0300][118.991s][info ][gc] GC(789) Pause Young (Allocation Failure) 136M->136M(258M) 334.339ms
[2020-08-08T13:06:58.782+0300][118.997s][debug][gc] GC(790) Shrinking ParOldGen from 147456K by 20992K to 126464K
[2020-08-08T13:06:58.782+0300][118.997s][info ][gc] GC(790) Pause Full (Ergonomics) 136M->2M(237M) 6.111ms
[2020-08-08T13:06:58.829+0300][119.044s][info ][gc] GC(791) Pause Young (Allocation Failure) 60M->59M(237M) 35.150ms
[2020-08-08T13:06:58.936+0300][119.151s][info ][gc] GC(792) Pause Young (Allocation Failure) 117M->117M(237M) 96.965ms
[2020-08-08T13:06:59.234+0300][119.448s][debug][gc] GC(793) Expanding ParOldGen from 126464K by 117760K to 244224K
[2020-08-08T13:06:59.234+0300][119.448s][info ][gc] GC(793) Pause Full (Ergonomics) 117M->117M(352M) 297.459ms
[2020-08-08T13:06:59.285+0300][119.499s][info ][gc] GC(794) Pause Young (Allocation Failure) 174M->174M(352M) 42.600ms
[2020-08-08T13:06:59.383+0300][119.597s][info ][gc] GC(795) Pause Young (Allocation Failure) 232M->232M(352M) 88.809ms
[2020-08-08T13:06:59.625+0300][119.839s][debug][gc] GC(796) Shrinking ParOldGen from 244224K by 19456K to 224768K
[2020-08-08T13:06:59.625+0300][119.839s][info ][gc] GC(796) Pause Full (Ergonomics) 232M->98M(333M) 241.754ms
[2020-08-08T13:06:59.746+0300][119.960s][info ][gc] GC(797) Pause Young (Allocation Failure) 156M->156M(333M) 113.033ms
[2020-08-08T13:06:59.832+0300][120.046s][info ][gc] GC(798) Pause Young (Allocation Failure) 213M->213M(333M) 76.058ms
[2020-08-08T13:07:00.019+0300][120.234s][debug][gc] GC(799) Shrinking ParOldGen from 224768K by 18944K to 205824K
[2020-08-08T13:07:00.020+0300][120.234s][info ][gc] GC(799) Pause Full (Ergonomics) 213M->79M(315M) 187.589ms
[2020-08-08T13:07:00.189+0300][120.403s][info ][gc] GC(800) Pause Young (Allocation Failure) 137M->136M(315M) 158.465ms
[2020-08-08T13:07:00.312+0300][120.527s][info ][gc] GC(801) Pause Young (Allocation Failure) 193M->193M(315M) 115.609ms
[2020-08-08T13:07:00.438+0300][120.652s][debug][gc] GC(802) Shrinking ParOldGen from 205824K by 20480K to 185344K
[2020-08-08T13:07:00.438+0300][120.652s][info ][gc] GC(802) Pause Full (Ergonomics) 193M->59M(295M) 125.552ms
[2020-08-08T13:07:00.620+0300][120.834s][info ][gc] GC(803) Pause Young (Allocation Failure) 117M->117M(295M) 171.658ms
[2020-08-08T13:07:00.827+0300][121.041s][info ][gc] GC(804) Pause Young (Allocation Failure) 175M->175M(295M) 198.849ms
[2020-08-08T13:07:00.896+0300][121.111s][debug][gc] GC(805) Shrinking ParOldGen from 185344K by 18944K to 166400K
[2020-08-08T13:07:00.897+0300][121.111s][info ][gc] GC(805) Pause Full (Ergonomics) 175M->41M(276M) 69.774ms
[2020-08-08T13:07:01.082+0300][121.297s][info ][gc] GC(806) Pause Young (Allocation Failure) 98M->98M(276M) 174.997ms
[2020-08-08T13:07:01.372+0300][121.587s][info ][gc] GC(807) Pause Young (Allocation Failure) 156M->156M(276M) 282.204ms
[2020-08-08T13:07:01.388+0300][121.602s][debug][gc] GC(808) Shrinking ParOldGen from 166400K by 18944K to 147456K
[2020-08-08T13:07:01.388+0300][121.602s][info ][gc] GC(808) Pause Full (Ergonomics) 156M->22M(258M) 15.490ms
[2020-08-08T13:07:01.580+0300][121.794s][info ][gc] GC(809) Pause Young (Allocation Failure) 80M->80M(258M) 181.056ms
[2020-08-08T13:07:01.927+0300][122.141s][info ][gc] GC(810) Pause Young (Allocation Failure) 136M->136M(258M) 337.150ms
[2020-08-08T13:07:01.933+0300][122.147s][debug][gc] GC(811) Shrinking ParOldGen from 147456K by 20992K to 126464K
[2020-08-08T13:07:01.933+0300][122.147s][info ][gc] GC(811) Pause Full (Ergonomics) 136M->2M(237M) 6.013ms
[2020-08-08T13:07:01.978+0300][122.192s][info ][gc] GC(812) Pause Young (Allocation Failure) 60M->59M(237M) 35.204ms
[2020-08-08T13:07:02.085+0300][122.299s][info ][gc] GC(813) Pause Young (Allocation Failure) 117M->117M(237M) 96.510ms
[2020-08-08T13:07:02.388+0300][122.603s][debug][gc] GC(814) Expanding ParOldGen from 126464K by 117760K to 244224K
[2020-08-08T13:07:02.388+0300][122.603s][info ][gc] GC(814) Pause Full (Ergonomics) 117M->117M(352M) 303.329ms
[2020-08-08T13:07:02.440+0300][122.655s][info ][gc] GC(815) Pause Young (Allocation Failure) 174M->174M(352M) 43.945ms
[2020-08-08T13:07:02.540+0300][122.754s][info ][gc] GC(816) Pause Young (Allocation Failure) 232M->232M(352M) 90.144ms
[2020-08-08T13:07:02.777+0300][122.992s][debug][gc] GC(817) Shrinking ParOldGen from 244224K by 19456K to 224768K
[2020-08-08T13:07:02.777+0300][122.992s][info ][gc] GC(817) Pause Full (Ergonomics) 232M->98M(333M) 237.682ms
[2020-08-08T13:07:02.899+0300][123.114s][info ][gc] GC(818) Pause Young (Allocation Failure) 156M->156M(333M) 113.260ms
[2020-08-08T13:07:02.992+0300][123.207s][info ][gc] GC(819) Pause Young (Allocation Failure) 213M->213M(333M) 82.945ms
[2020-08-08T13:07:03.181+0300][123.396s][debug][gc] GC(820) Shrinking ParOldGen from 224768K by 18944K to 205824K
[2020-08-08T13:07:03.181+0300][123.396s][info ][gc] GC(820) Pause Full (Ergonomics) 213M->79M(315M) 188.684ms
[2020-08-08T13:07:03.361+0300][123.576s][info ][gc] GC(821) Pause Young (Allocation Failure) 137M->136M(315M) 168.659ms
[2020-08-08T13:07:03.501+0300][123.715s][info ][gc] GC(822) Pause Young (Allocation Failure) 193M->193M(315M) 128.427ms
[2020-08-08T13:07:03.629+0300][123.843s][debug][gc] GC(823) Shrinking ParOldGen from 205824K by 20480K to 185344K
[2020-08-08T13:07:03.629+0300][123.843s][info ][gc] GC(823) Pause Full (Ergonomics) 193M->59M(295M) 128.162ms
[2020-08-08T13:07:03.818+0300][124.033s][info ][gc] GC(824) Pause Young (Allocation Failure) 117M->117M(295M) 179.089ms
[2020-08-08T13:07:04.009+0300][124.223s][info ][gc] GC(825) Pause Young (Allocation Failure) 174M->175M(295M) 182.266ms
[2020-08-08T13:07:04.081+0300][124.296s][debug][gc] GC(826) Shrinking ParOldGen from 185344K by 18944K to 166400K
[2020-08-08T13:07:04.082+0300][124.296s][info ][gc] GC(826) Pause Full (Ergonomics) 175M->41M(276M) 72.646ms
[2020-08-08T13:07:04.255+0300][124.470s][info ][gc] GC(827) Pause Young (Allocation Failure) 98M->98M(276M) 161.992ms
[2020-08-08T13:07:04.538+0300][124.753s][info ][gc] GC(828) Pause Young (Allocation Failure) 156M->156M(276M) 275.394ms
[2020-08-08T13:07:04.554+0300][124.769s][debug][gc] GC(829) Shrinking ParOldGen from 166400K by 18944K to 147456K
[2020-08-08T13:07:04.554+0300][124.769s][info ][gc] GC(829) Pause Full (Ergonomics) 156M->22M(258M) 15.624ms
[2020-08-08T13:07:04.729+0300][124.944s][info ][gc] GC(830) Pause Young (Allocation Failure) 80M->80M(258M) 164.763ms
[2020-08-08T13:07:05.099+0300][125.313s][info ][gc] GC(831) Pause Young (Allocation Failure) 136M->136M(258M) 358.429ms
[2020-08-08T13:07:05.108+0300][125.322s][debug][gc] GC(832) Shrinking ParOldGen from 147456K by 20992K to 126464K
[2020-08-08T13:07:05.108+0300][125.323s][info ][gc] GC(832) Pause Full (Ergonomics) 136M->2M(237M) 9.055ms
[2020-08-08T13:07:05.170+0300][125.384s][info ][gc] GC(833) Pause Young (Allocation Failure) 60M->59M(237M) 43.888ms
[2020-08-08T13:07:05.285+0300][125.499s][info ][gc] GC(834) Pause Young (Allocation Failure) 117M->117M(237M) 100.064ms
[2020-08-08T13:07:05.573+0300][125.788s][debug][gc] GC(835) Expanding ParOldGen from 126464K by 117760K to 244224K
[2020-08-08T13:07:05.574+0300][125.788s][info ][gc] GC(835) Pause Full (Ergonomics) 117M->117M(352M) 288.524ms
[2020-08-08T13:07:05.628+0300][125.842s][info ][gc] GC(836) Pause Young (Allocation Failure) 174M->174M(352M) 44.196ms
[2020-08-08T13:07:05.732+0300][125.946s][info ][gc] GC(837) Pause Young (Allocation Failure) 232M->232M(352M) 92.681ms
[2020-08-08T13:07:05.976+0300][126.190s][debug][gc] GC(838) Shrinking ParOldGen from 244224K by 19456K to 224768K
[2020-08-08T13:07:05.976+0300][126.190s][info ][gc] GC(838) Pause Full (Ergonomics) 232M->98M(333M) 243.981ms
[2020-08-08T13:07:06.092+0300][126.307s][info ][gc] GC(839) Pause Young (Allocation Failure) 156M->156M(333M) 107.657ms
[2020-08-08T13:07:06.178+0300][126.392s][info ][gc] GC(840) Pause Young (Allocation Failure) 213M->213M(333M) 75.069ms
[2020-08-08T13:07:06.353+0300][126.568s][debug][gc] GC(841) Shrinking ParOldGen from 224768K by 18944K to 205824K
[2020-08-08T13:07:06.353+0300][126.568s][info ][gc] GC(841) Pause Full (Ergonomics) 213M->79M(315M) 175.645ms
[2020-08-08T13:07:06.536+0300][126.751s][info ][gc] GC(842) Pause Young (Allocation Failure) 137M->136M(315M) 172.781ms
[2020-08-08T13:07:06.653+0300][126.868s][info ][gc] GC(843) Pause Young (Allocation Failure) 193M->193M(315M) 108.886ms
[2020-08-08T13:07:06.771+0300][126.986s][debug][gc] GC(844) Shrinking ParOldGen from 205824K by 20480K to 185344K
[2020-08-08T13:07:06.771+0300][126.986s][info ][gc] GC(844) Pause Full (Ergonomics) 193M->59M(295M) 118.041ms
[2020-08-08T13:07:06.963+0300][127.178s][info ][gc] GC(845) Pause Young (Allocation Failure) 117M->117M(295M) 181.100ms
[2020-08-08T13:07:07.163+0300][127.377s][info ][gc] GC(846) Pause Young (Allocation Failure) 174M->175M(295M) 190.474ms
[2020-08-08T13:07:07.234+0300][127.449s][debug][gc] GC(847) Shrinking ParOldGen from 185344K by 18944K to 166400K
[2020-08-08T13:07:07.235+0300][127.449s][info ][gc] GC(847) Pause Full (Ergonomics) 175M->41M(276M) 71.925ms
[2020-08-08T13:07:07.421+0300][127.635s][info ][gc] GC(848) Pause Young (Allocation Failure) 98M->98M(276M) 175.184ms
[2020-08-08T13:07:07.702+0300][127.917s][info ][gc] GC(849) Pause Young (Allocation Failure) 156M->156M(276M) 273.541ms
[2020-08-08T13:07:07.718+0300][127.932s][debug][gc] GC(850) Shrinking ParOldGen from 166400K by 18944K to 147456K
[2020-08-08T13:07:07.718+0300][127.932s][info ][gc] GC(850) Pause Full (Ergonomics) 156M->22M(258M) 15.664ms
[2020-08-08T13:07:07.906+0300][128.120s][info ][gc] GC(851) Pause Young (Allocation Failure) 80M->80M(258M) 176.272ms
[2020-08-08T13:07:08.238+0300][128.453s][info ][gc] GC(852) Pause Young (Allocation Failure) 136M->136M(258M) 323.162ms
[2020-08-08T13:07:08.244+0300][128.459s][debug][gc] GC(853) Shrinking ParOldGen from 147456K by 20992K to 126464K
[2020-08-08T13:07:08.245+0300][128.459s][info ][gc] GC(853) Pause Full (Ergonomics) 136M->2M(237M) 6.103ms
[2020-08-08T13:07:08.289+0300][128.503s][info ][gc] GC(854) Pause Young (Allocation Failure) 60M->59M(237M) 33.980ms
[2020-08-08T13:07:08.402+0300][128.616s][info ][gc] GC(855) Pause Young (Allocation Failure) 117M->117M(237M) 102.631ms
[2020-08-08T13:07:08.694+0300][128.909s][debug][gc] GC(856) Expanding ParOldGen from 126464K by 117760K to 244224K
[2020-08-08T13:07:08.694+0300][128.909s][info ][gc] GC(856) Pause Full (Ergonomics) 117M->117M(352M) 292.800ms
[2020-08-08T13:07:08.746+0300][128.960s][info ][gc] GC(857) Pause Young (Allocation Failure) 174M->174M(352M) 43.490ms
[2020-08-08T13:07:08.854+0300][129.068s][info ][gc] GC(858) Pause Young (Allocation Failure) 232M->232M(352M) 98.037ms
[2020-08-08T13:07:09.094+0300][129.308s][debug][gc] GC(859) Shrinking ParOldGen from 244224K by 19456K to 224768K
[2020-08-08T13:07:09.094+0300][129.309s][info ][gc] GC(859) Pause Full (Ergonomics) 232M->98M(333M) 240.357ms
[2020-08-08T13:07:09.216+0300][129.430s][info ][gc] GC(860) Pause Young (Allocation Failure) 156M->156M(333M) 111.823ms
[2020-08-08T13:07:09.302+0300][129.517s][info ][gc] GC(861) Pause Young (Allocation Failure) 213M->213M(333M) 75.801ms
[2020-08-08T13:07:09.485+0300][129.700s][debug][gc] GC(862) Shrinking ParOldGen from 224768K by 18944K to 205824K
[2020-08-08T13:07:09.485+0300][129.700s][info ][gc] GC(862) Pause Full (Ergonomics) 213M->79M(315M) 182.998ms
[2020-08-08T13:07:09.660+0300][129.875s][info ][gc] GC(863) Pause Young (Allocation Failure) 137M->136M(315M) 165.572ms
[2020-08-08T13:07:09.777+0300][129.992s][info ][gc] GC(864) Pause Young (Allocation Failure) 193M->193M(315M) 107.953ms
[2020-08-08T13:07:09.903+0300][130.117s][debug][gc] GC(865) Shrinking ParOldGen from 205824K by 20480K to 185344K
[2020-08-08T13:07:09.903+0300][130.117s][info ][gc] GC(865) Pause Full (Ergonomics) 193M->59M(295M) 125.508ms
[2020-08-08T13:07:10.069+0300][130.284s][info ][gc] GC(866) Pause Young (Allocation Failure) 117M->117M(295M) 157.338ms
[2020-08-08T13:07:10.252+0300][130.467s][info ][gc] GC(867) Pause Young (Allocation Failure) 174M->175M(295M) 175.160ms
[2020-08-08T13:07:10.323+0300][130.537s][debug][gc] GC(868) Shrinking ParOldGen from 185344K by 18944K to 166400K
[2020-08-08T13:07:10.323+0300][130.537s][info ][gc] GC(868) Pause Full (Ergonomics) 175M->41M(276M) 70.427ms
[2020-08-08T13:07:10.500+0300][130.715s][info ][gc] GC(869) Pause Young (Allocation Failure) 98M->98M(276M) 166.918ms
[2020-08-08T13:07:10.787+0300][131.001s][info ][gc] GC(870) Pause Young (Allocation Failure) 156M->156M(276M) 276.212ms
[2020-08-08T13:07:10.803+0300][131.017s][debug][gc] GC(871) Shrinking ParOldGen from 166400K by 18944K to 147456K
[2020-08-08T13:07:10.803+0300][131.018s][info ][gc] GC(871) Pause Full (Ergonomics) 156M->22M(258M) 16.186ms
[2020-08-08T13:07:10.984+0300][131.199s][info ][gc] GC(872) Pause Young (Allocation Failure) 80M->80M(258M) 170.588ms
[2020-08-08T13:07:11.314+0300][131.528s][info ][gc] GC(873) Pause Young (Allocation Failure) 136M->136M(258M) 319.515ms
[2020-08-08T13:07:11.320+0300][131.534s][debug][gc] GC(874) Shrinking ParOldGen from 147456K by 20992K to 126464K
[2020-08-08T13:07:11.320+0300][131.534s][info ][gc] GC(874) Pause Full (Ergonomics) 136M->2M(237M) 6.126ms
[2020-08-08T13:07:11.364+0300][131.579s][info ][gc] GC(875) Pause Young (Allocation Failure) 60M->59M(237M) 34.277ms
[2020-08-08T13:07:11.471+0300][131.685s][info ][gc] GC(876) Pause Young (Allocation Failure) 117M->117M(237M) 95.865ms
[2020-08-08T13:07:11.776+0300][131.990s][debug][gc] GC(877) Expanding ParOldGen from 126464K by 117760K to 244224K
[2020-08-08T13:07:11.776+0300][131.990s][info ][gc] GC(877) Pause Full (Ergonomics) 117M->117M(352M) 305.223ms
[2020-08-08T13:07:11.830+0300][132.045s][info ][gc] GC(878) Pause Young (Allocation Failure) 174M->174M(352M) 45.403ms
[2020-08-08T13:07:11.932+0300][132.147s][info ][gc] GC(879) Pause Young (Allocation Failure) 232M->232M(352M) 91.152ms
[2020-08-08T13:07:12.176+0300][132.390s][debug][gc] GC(880) Shrinking ParOldGen from 244224K by 19456K to 224768K
[2020-08-08T13:07:12.176+0300][132.390s][info ][gc] GC(880) Pause Full (Ergonomics) 232M->98M(333M) 243.335ms
[2020-08-08T13:07:12.299+0300][132.514s][info ][gc] GC(881) Pause Young (Allocation Failure) 156M->156M(333M) 115.977ms
[2020-08-08T13:07:12.386+0300][132.601s][info ][gc] GC(882) Pause Young (Allocation Failure) 213M->213M(333M) 76.520ms
[2020-08-08T13:07:12.570+0300][132.784s][debug][gc] GC(883) Shrinking ParOldGen from 224768K by 18944K to 205824K
[2020-08-08T13:07:12.570+0300][132.785s][info ][gc] GC(883) Pause Full (Ergonomics) 213M->79M(315M) 183.500ms
[2020-08-08T13:07:12.754+0300][132.969s][info ][gc] GC(884) Pause Young (Allocation Failure) 137M->136M(315M) 174.194ms
[2020-08-08T13:07:12.891+0300][133.105s][info ][gc] GC(885) Pause Young (Allocation Failure) 193M->193M(315M) 123.745ms
[2020-08-08T13:07:13.014+0300][133.229s][debug][gc] GC(886) Shrinking ParOldGen from 205824K by 20480K to 185344K
[2020-08-08T13:07:13.015+0300][133.229s][info ][gc] GC(886) Pause Full (Ergonomics) 193M->59M(295M) 123.830ms
[2020-08-08T13:07:13.200+0300][133.414s][info ][gc] GC(887) Pause Young (Allocation Failure) 117M->117M(295M) 175.150ms
[2020-08-08T13:07:13.409+0300][133.623s][info ][gc] GC(888) Pause Young (Allocation Failure) 175M->175M(295M) 201.221ms
[2020-08-08T13:07:13.478+0300][133.692s][debug][gc] GC(889) Shrinking ParOldGen from 185344K by 18944K to 166400K
[2020-08-08T13:07:13.478+0300][133.692s][info ][gc] GC(889) Pause Full (Ergonomics) 175M->41M(276M) 69.208ms
[2020-08-08T13:07:13.661+0300][133.876s][info ][gc] GC(890) Pause Young (Allocation Failure) 98M->98M(276M) 171.822ms
[2020-08-08T13:07:13.949+0300][134.163s][info ][gc] GC(891) Pause Young (Allocation Failure) 156M->156M(276M) 279.586ms
[2020-08-08T13:07:13.965+0300][134.179s][debug][gc] GC(892) Shrinking ParOldGen from 166400K by 18944K to 147456K
[2020-08-08T13:07:13.965+0300][134.179s][info ][gc] GC(892) Pause Full (Ergonomics) 156M->22M(258M) 15.795ms
[2020-08-08T13:07:14.144+0300][134.359s][info ][gc] GC(893) Pause Young (Allocation Failure) 80M->80M(258M) 168.730ms
[2020-08-08T13:07:14.480+0300][134.694s][info ][gc] GC(894) Pause Young (Allocation Failure) 136M->136M(258M) 325.907ms
[2020-08-08T13:07:14.486+0300][134.700s][debug][gc] GC(895) Shrinking ParOldGen from 147456K by 20992K to 126464K
[2020-08-08T13:07:14.486+0300][134.700s][info ][gc] GC(895) Pause Full (Ergonomics) 136M->2M(237M) 6.192ms
[2020-08-08T13:07:14.533+0300][134.747s][info ][gc] GC(896) Pause Young (Allocation Failure) 60M->59M(237M) 36.870ms
[2020-08-08T13:07:14.638+0300][134.853s][info ][gc] GC(897) Pause Young (Allocation Failure) 117M->117M(237M) 96.113ms
[2020-08-08T13:07:14.925+0300][135.140s][debug][gc] GC(898) Expanding ParOldGen from 126464K by 117760K to 244224K
[2020-08-08T13:07:14.925+0300][135.140s][info ][gc] GC(898) Pause Full (Ergonomics) 117M->117M(352M) 286.926ms
[2020-08-08T13:07:14.979+0300][135.194s][info ][gc] GC(899) Pause Young (Allocation Failure) 174M->174M(352M) 45.706ms
[2020-08-08T13:07:15.079+0300][135.293s][info ][gc] GC(900) Pause Young (Allocation Failure) 232M->232M(352M) 88.493ms
[2020-08-08T13:07:15.325+0300][135.539s][debug][gc] GC(901) Shrinking ParOldGen from 244224K by 19456K to 224768K
[2020-08-08T13:07:15.325+0300][135.539s][info ][gc] GC(901) Pause Full (Ergonomics) 232M->98M(333M) 246.098ms
[2020-08-08T13:07:15.450+0300][135.664s][info ][gc] GC(902) Pause Young (Allocation Failure) 156M->156M(333M) 117.585ms
[2020-08-08T13:07:15.537+0300][135.752s][info ][gc] GC(903) Pause Young (Allocation Failure) 213M->213M(333M) 75.840ms
[2020-08-08T13:07:15.720+0300][135.935s][debug][gc] GC(904) Shrinking ParOldGen from 224768K by 18944K to 205824K
[2020-08-08T13:07:15.721+0300][135.935s][info ][gc] GC(904) Pause Full (Ergonomics) 213M->79M(315M) 183.116ms
[2020-08-08T13:07:15.902+0300][136.116s][info ][gc] GC(905) Pause Young (Allocation Failure) 137M->136M(315M) 171.604ms
[2020-08-08T13:07:16.033+0300][136.247s][info ][gc] GC(906) Pause Young (Allocation Failure) 193M->193M(315M) 121.429ms
[2020-08-08T13:07:16.160+0300][136.374s][debug][gc] GC(907) Shrinking ParOldGen from 205824K by 20480K to 185344K
[2020-08-08T13:07:16.160+0300][136.374s][info ][gc] GC(907) Pause Full (Ergonomics) 193M->59M(295M) 126.851ms
[2020-08-08T13:07:16.349+0300][136.564s][info ][gc] GC(908) Pause Young (Allocation Failure) 117M->117M(295M) 179.207ms
[2020-08-08T13:07:16.559+0300][136.774s][info ][gc] GC(909) Pause Young (Allocation Failure) 175M->175M(295M) 202.156ms
[2020-08-08T13:07:16.630+0300][136.845s][debug][gc] GC(910) Shrinking ParOldGen from 185344K by 18944K to 166400K
[2020-08-08T13:07:16.630+0300][136.845s][info ][gc] GC(910) Pause Full (Ergonomics) 175M->41M(276M) 70.881ms
[2020-08-08T13:07:16.821+0300][137.035s][info ][gc] GC(911) Pause Young (Allocation Failure) 98M->98M(276M) 178.806ms
[2020-08-08T13:07:17.092+0300][137.307s][info ][gc] GC(912) Pause Young (Allocation Failure) 156M->156M(276M) 264.510ms
[2020-08-08T13:07:17.107+0300][137.322s][debug][gc] GC(913) Shrinking ParOldGen from 166400K by 18944K to 147456K
[2020-08-08T13:07:17.107+0300][137.322s][info ][gc] GC(913) Pause Full (Ergonomics) 156M->22M(258M) 14.694ms
[2020-08-08T13:07:17.288+0300][137.503s][info ][gc] GC(914) Pause Young (Allocation Failure) 80M->80M(258M) 169.304ms
[2020-08-08T13:07:17.625+0300][137.839s][info ][gc] GC(915) Pause Young (Allocation Failure) 136M->136M(258M) 327.088ms
[2020-08-08T13:07:17.631+0300][137.845s][debug][gc] GC(916) Shrinking ParOldGen from 147456K by 20992K to 126464K
[2020-08-08T13:07:17.631+0300][137.846s][info ][gc] GC(916) Pause Full (Ergonomics) 136M->2M(237M) 6.322ms
[2020-08-08T13:07:17.678+0300][137.892s][info ][gc] GC(917) Pause Young (Allocation Failure) 60M->59M(237M) 34.768ms
[2020-08-08T13:07:17.786+0300][138.000s][info ][gc] GC(918) Pause Young (Allocation Failure) 117M->117M(237M) 97.763ms
[2020-08-08T13:07:18.078+0300][138.293s][debug][gc] GC(919) Expanding ParOldGen from 126464K by 117760K to 244224K
[2020-08-08T13:07:18.078+0300][138.293s][info ][gc] GC(919) Pause Full (Ergonomics) 117M->117M(352M) 292.752ms
[2020-08-08T13:07:18.125+0300][138.340s][info ][gc] GC(920) Pause Young (Allocation Failure) 174M->174M(352M) 39.563ms
[2020-08-08T13:07:18.223+0300][138.438s][info ][gc] GC(921) Pause Young (Allocation Failure) 232M->232M(352M) 89.040ms
[2020-08-08T13:07:18.470+0300][138.685s][debug][gc] GC(922) Shrinking ParOldGen from 244224K by 19456K to 224768K
[2020-08-08T13:07:18.470+0300][138.685s][info ][gc] GC(922) Pause Full (Ergonomics) 232M->98M(333M) 246.901ms
[2020-08-08T13:07:18.582+0300][138.797s][info ][gc] GC(923) Pause Young (Allocation Failure) 156M->156M(333M) 103.948ms
[2020-08-08T13:07:18.670+0300][138.884s][info ][gc] GC(924) Pause Young (Allocation Failure) 213M->213M(333M) 76.448ms
[2020-08-08T13:07:18.850+0300][139.065s][debug][gc] GC(925) Shrinking ParOldGen from 224768K by 18944K to 205824K
[2020-08-08T13:07:18.850+0300][139.065s][info ][gc] GC(925) Pause Full (Ergonomics) 213M->79M(315M) 180.745ms
[2020-08-08T13:07:19.032+0300][139.247s][info ][gc] GC(926) Pause Young (Allocation Failure) 137M->136M(315M) 171.472ms
[2020-08-08T13:07:19.169+0300][139.383s][info ][gc] GC(927) Pause Young (Allocation Failure) 193M->193M(315M) 128.818ms
[2020-08-08T13:07:19.295+0300][139.510s][debug][gc] GC(928) Shrinking ParOldGen from 205824K by 20480K to 185344K
[2020-08-08T13:07:19.295+0300][139.510s][info ][gc] GC(928) Pause Full (Ergonomics) 193M->59M(295M) 126.361ms
[2020-08-08T13:07:19.485+0300][139.699s][info ][gc] GC(929) Pause Young (Allocation Failure) 117M->117M(295M) 179.038ms
[2020-08-08T13:07:19.685+0300][139.899s][info ][gc] GC(930) Pause Young (Allocation Failure) 174M->175M(295M) 191.402ms
[2020-08-08T13:07:19.754+0300][139.969s][debug][gc] GC(931) Shrinking ParOldGen from 185344K by 18944K to 166400K
[2020-08-08T13:07:19.754+0300][139.969s][info ][gc] GC(931) Pause Full (Ergonomics) 175M->41M(276M) 69.497ms
[2020-08-08T13:07:19.933+0300][140.147s][info ][gc] GC(932) Pause Young (Allocation Failure) 98M->98M(276M) 167.974ms
[2020-08-08T13:07:20.218+0300][140.433s][info ][gc] GC(933) Pause Young (Allocation Failure) 156M->156M(276M) 277.615ms
[2020-08-08T13:07:20.233+0300][140.447s][debug][gc] GC(934) Shrinking ParOldGen from 166400K by 18944K to 147456K
[2020-08-08T13:07:20.233+0300][140.448s][info ][gc] GC(934) Pause Full (Ergonomics) 156M->22M(258M) 14.646ms
[2020-08-08T13:07:20.420+0300][140.635s][info ][gc] GC(935) Pause Young (Allocation Failure) 80M->80M(258M) 176.269ms
[2020-08-08T13:07:20.765+0300][140.979s][info ][gc] GC(936) Pause Young (Allocation Failure) 136M->136M(258M) 334.899ms
[2020-08-08T13:07:20.771+0300][140.985s][debug][gc] GC(937) Shrinking ParOldGen from 147456K by 20992K to 126464K
[2020-08-08T13:07:20.771+0300][140.985s][info ][gc] GC(937) Pause Full (Ergonomics) 136M->2M(237M) 6.302ms
[2020-08-08T13:07:20.816+0300][141.031s][info ][gc] GC(938) Pause Young (Allocation Failure) 60M->59M(237M) 34.968ms
[2020-08-08T13:07:20.924+0300][141.138s][info ][gc] GC(939) Pause Young (Allocation Failure) 117M->117M(237M) 97.373ms
[2020-08-08T13:07:21.230+0300][141.444s][debug][gc] GC(940) Expanding ParOldGen from 126464K by 117760K to 244224K
[2020-08-08T13:07:21.230+0300][141.444s][info ][gc] GC(940) Pause Full (Ergonomics) 117M->117M(352M) 305.689ms
[2020-08-08T13:07:21.283+0300][141.498s][info ][gc] GC(941) Pause Young (Allocation Failure) 174M->174M(352M) 44.945ms
[2020-08-08T13:07:21.383+0300][141.597s][info ][gc] GC(942) Pause Young (Allocation Failure) 232M->232M(352M) 90.123ms
[2020-08-08T13:07:21.625+0300][141.839s][debug][gc] GC(943) Shrinking ParOldGen from 244224K by 19456K to 224768K
[2020-08-08T13:07:21.625+0300][141.839s][info ][gc] GC(943) Pause Full (Ergonomics) 232M->98M(333M) 241.724ms
[2020-08-08T13:07:21.741+0300][141.955s][info ][gc] GC(944) Pause Young (Allocation Failure) 156M->156M(333M) 108.417ms
[2020-08-08T13:07:21.827+0300][142.042s][info ][gc] GC(945) Pause Young (Allocation Failure) 213M->213M(333M) 76.607ms
[2020-08-08T13:07:22.008+0300][142.223s][debug][gc] GC(946) Shrinking ParOldGen from 224768K by 18944K to 205824K
[2020-08-08T13:07:22.008+0300][142.223s][info ][gc] GC(946) Pause Full (Ergonomics) 213M->79M(315M) 181.144ms
[2020-08-08T13:07:22.190+0300][142.405s][info ][gc] GC(947) Pause Young (Allocation Failure) 137M->136M(315M) 171.529ms
[2020-08-08T13:07:22.319+0300][142.533s][info ][gc] GC(948) Pause Young (Allocation Failure) 193M->193M(315M) 120.964ms
[2020-08-08T13:07:22.441+0300][142.655s][debug][gc] GC(949) Shrinking ParOldGen from 205824K by 20480K to 185344K
[2020-08-08T13:07:22.441+0300][142.655s][info ][gc] GC(949) Pause Full (Ergonomics) 193M->59M(295M) 122.011ms
[2020-08-08T13:07:22.627+0300][142.841s][info ][gc] GC(950) Pause Young (Allocation Failure) 117M->117M(295M) 176.887ms
[2020-08-08T13:07:22.837+0300][143.051s][info ][gc] GC(951) Pause Young (Allocation Failure) 175M->175M(295M) 201.744ms
[2020-08-08T13:07:22.908+0300][143.123s][debug][gc] GC(952) Shrinking ParOldGen from 185344K by 18944K to 166400K
[2020-08-08T13:07:22.908+0300][143.123s][info ][gc] GC(952) Pause Full (Ergonomics) 175M->41M(276M) 71.676ms
[2020-08-08T13:07:23.096+0300][143.310s][info ][gc] GC(953) Pause Young (Allocation Failure) 98M->98M(276M) 175.919ms
[2020-08-08T13:07:23.386+0300][143.601s][info ][gc] GC(954) Pause Young (Allocation Failure) 156M->156M(276M) 282.754ms
[2020-08-08T13:07:23.401+0300][143.616s][debug][gc] GC(955) Shrinking ParOldGen from 166400K by 18944K to 147456K
[2020-08-08T13:07:23.401+0300][143.616s][info ][gc] GC(955) Pause Full (Ergonomics) 156M->22M(258M) 15.000ms
[2020-08-08T13:07:23.581+0300][143.795s][info ][gc] GC(956) Pause Young (Allocation Failure) 80M->80M(258M) 169.474ms
[2020-08-08T13:07:23.914+0300][144.128s][info ][gc] GC(957) Pause Young (Allocation Failure) 136M->136M(258M) 323.437ms
[2020-08-08T13:07:23.920+0300][144.135s][debug][gc] GC(958) Shrinking ParOldGen from 147456K by 20992K to 126464K
[2020-08-08T13:07:23.920+0300][144.135s][info ][gc] GC(958) Pause Full (Ergonomics) 136M->2M(237M) 6.338ms
[2020-08-08T13:07:23.966+0300][144.180s][info ][gc] GC(959) Pause Young (Allocation Failure) 60M->59M(237M) 35.315ms
[2020-08-08T13:07:24.071+0300][144.286s][info ][gc] GC(960) Pause Young (Allocation Failure) 117M->117M(237M) 95.422ms
[2020-08-08T13:07:24.375+0300][144.590s][debug][gc] GC(961) Expanding ParOldGen from 126464K by 117760K to 244224K
[2020-08-08T13:07:24.376+0300][144.590s][info ][gc] GC(961) Pause Full (Ergonomics) 117M->117M(352M) 304.346ms
[2020-08-08T13:07:24.426+0300][144.640s][info ][gc] GC(962) Pause Young (Allocation Failure) 174M->174M(352M) 41.704ms
[2020-08-08T13:07:24.525+0300][144.739s][info ][gc] GC(963) Pause Young (Allocation Failure) 232M->232M(352M) 88.865ms
[2020-08-08T13:07:24.759+0300][144.974s][debug][gc] GC(964) Shrinking ParOldGen from 244224K by 19456K to 224768K
[2020-08-08T13:07:24.759+0300][144.974s][info ][gc] GC(964) Pause Full (Ergonomics) 232M->98M(333M) 234.378ms
[2020-08-08T13:07:24.875+0300][145.090s][info ][gc] GC(965) Pause Young (Allocation Failure) 156M->156M(333M) 108.153ms
[2020-08-08T13:07:24.964+0300][145.179s][info ][gc] GC(966) Pause Young (Allocation Failure) 213M->213M(333M) 78.355ms
[2020-08-08T13:07:25.150+0300][145.365s][debug][gc] GC(967) Shrinking ParOldGen from 224768K by 18944K to 205824K
[2020-08-08T13:07:25.150+0300][145.365s][info ][gc] GC(967) Pause Full (Ergonomics) 213M->79M(315M) 186.039ms
[2020-08-08T13:07:25.328+0300][145.542s][info ][gc] GC(968) Pause Young (Allocation Failure) 137M->136M(315M) 166.562ms
[2020-08-08T13:07:25.461+0300][145.675s][info ][gc] GC(969) Pause Young (Allocation Failure) 193M->193M(315M) 125.428ms
[2020-08-08T13:07:25.590+0300][145.804s][debug][gc] GC(970) Shrinking ParOldGen from 205824K by 20480K to 185344K
[2020-08-08T13:07:25.590+0300][145.804s][info ][gc] GC(970) Pause Full (Ergonomics) 193M->59M(295M) 129.326ms
[2020-08-08T13:07:25.768+0300][145.983s][info ][gc] GC(971) Pause Young (Allocation Failure) 117M->117M(295M) 168.297ms
[2020-08-08T13:07:25.979+0300][146.193s][info ][gc] GC(972) Pause Young (Allocation Failure) 174M->175M(295M) 203.266ms
[2020-08-08T13:07:26.050+0300][146.264s][debug][gc] GC(973) Shrinking ParOldGen from 185344K by 18944K to 166400K
[2020-08-08T13:07:26.050+0300][146.264s][info ][gc] GC(973) Pause Full (Ergonomics) 175M->41M(276M) 70.787ms
[2020-08-08T13:07:26.229+0300][146.443s][info ][gc] GC(974) Pause Young (Allocation Failure) 98M->98M(276M) 165.875ms
[2020-08-08T13:07:26.512+0300][146.727s][info ][gc] GC(975) Pause Young (Allocation Failure) 156M->156M(276M) 276.055ms
[2020-08-08T13:07:26.528+0300][146.743s][debug][gc] GC(976) Shrinking ParOldGen from 166400K by 18944K to 147456K
[2020-08-08T13:07:26.528+0300][146.743s][info ][gc] GC(976) Pause Full (Ergonomics) 156M->22M(258M) 16.003ms
[2020-08-08T13:07:26.709+0300][146.923s][info ][gc] GC(977) Pause Young (Allocation Failure) 80M->80M(258M) 170.188ms
[2020-08-08T13:07:27.051+0300][147.266s][info ][gc] GC(978) Pause Young (Allocation Failure) 136M->136M(258M) 332.097ms
[2020-08-08T13:07:27.057+0300][147.272s][debug][gc] GC(979) Shrinking ParOldGen from 147456K by 20992K to 126464K
[2020-08-08T13:07:27.057+0300][147.272s][info ][gc] GC(979) Pause Full (Ergonomics) 136M->2M(237M) 6.181ms
[2020-08-08T13:07:27.101+0300][147.316s][info ][gc] GC(980) Pause Young (Allocation Failure) 60M->59M(237M) 33.985ms
[2020-08-08T13:07:27.208+0300][147.423s][info ][gc] GC(981) Pause Young (Allocation Failure) 117M->117M(237M) 97.119ms
[2020-08-08T13:07:27.495+0300][147.710s][debug][gc] GC(982) Expanding ParOldGen from 126464K by 117760K to 244224K
[2020-08-08T13:07:27.495+0300][147.710s][info ][gc] GC(982) Pause Full (Ergonomics) 117M->117M(352M) 287.073ms
[2020-08-08T13:07:27.548+0300][147.763s][info ][gc] GC(983) Pause Young (Allocation Failure) 174M->174M(352M) 44.445ms
[2020-08-08T13:07:27.647+0300][147.861s][info ][gc] GC(984) Pause Young (Allocation Failure) 232M->232M(352M) 88.316ms
[2020-08-08T13:07:27.887+0300][148.101s][debug][gc] GC(985) Shrinking ParOldGen from 244224K by 19456K to 224768K
[2020-08-08T13:07:27.887+0300][148.102s][info ][gc] GC(985) Pause Full (Ergonomics) 232M->98M(333M) 240.512ms
[2020-08-08T13:07:28.013+0300][148.228s][info ][gc] GC(986) Pause Young (Allocation Failure) 156M->156M(333M) 118.084ms
[2020-08-08T13:07:28.103+0300][148.318s][info ][gc] GC(987) Pause Young (Allocation Failure) 213M->213M(333M) 78.638ms
[2020-08-08T13:07:28.284+0300][148.499s][debug][gc] GC(988) Shrinking ParOldGen from 224768K by 18944K to 205824K
[2020-08-08T13:07:28.284+0300][148.499s][info ][gc] GC(988) Pause Full (Ergonomics) 213M->79M(315M) 181.243ms
[2020-08-08T13:07:28.464+0300][148.678s][info ][gc] GC(989) Pause Young (Allocation Failure) 137M->136M(315M) 169.422ms
[2020-08-08T13:07:28.587+0300][148.801s][info ][gc] GC(990) Pause Young (Allocation Failure) 193M->193M(315M) 114.584ms
[2020-08-08T13:07:28.715+0300][148.930s][debug][gc] GC(991) Shrinking ParOldGen from 205824K by 20480K to 185344K
[2020-08-08T13:07:28.715+0300][148.930s][info ][gc] GC(991) Pause Full (Ergonomics) 193M->59M(295M) 128.170ms
[2020-08-08T13:07:28.902+0300][149.116s][info ][gc] GC(992) Pause Young (Allocation Failure) 117M->117M(295M) 176.320ms
[2020-08-08T13:07:29.087+0300][149.301s][info ][gc] GC(993) Pause Young (Allocation Failure) 175M->175M(295M) 177.738ms
[2020-08-08T13:07:29.162+0300][149.377s][debug][gc] GC(994) Shrinking ParOldGen from 185344K by 18944K to 166400K
[2020-08-08T13:07:29.162+0300][149.377s][info ][gc] GC(994) Pause Full (Ergonomics) 175M->41M(276M) 75.532ms
[2020-08-08T13:07:29.347+0300][149.562s][info ][gc] GC(995) Pause Young (Allocation Failure) 98M->98M(276M) 173.761ms
[2020-08-08T13:07:29.617+0300][149.831s][info ][gc] GC(996) Pause Young (Allocation Failure) 156M->156M(276M) 261.665ms
[2020-08-08T13:07:29.632+0300][149.847s][debug][gc] GC(997) Shrinking ParOldGen from 166400K by 18944K to 147456K
[2020-08-08T13:07:29.632+0300][149.847s][info ][gc] GC(997) Pause Full (Ergonomics) 156M->22M(258M) 15.612ms
[2020-08-08T13:07:29.822+0300][150.036s][info ][gc] GC(998) Pause Young (Allocation Failure) 80M->80M(258M) 175.847ms
[2020-08-08T13:07:30.162+0300][150.376s][info ][gc] GC(999) Pause Young (Allocation Failure) 136M->136M(258M) 331.140ms
[2020-08-08T13:07:30.167+0300][150.382s][debug][gc] GC(1000) Shrinking ParOldGen from 147456K by 20992K to 126464K
[2020-08-08T13:07:30.168+0300][150.382s][info ][gc] GC(1000) Pause Full (Ergonomics) 136M->2M(237M) 6.034ms
[2020-08-08T13:07:30.213+0300][150.428s][info ][gc] GC(1001) Pause Young (Allocation Failure) 60M->59M(237M) 35.089ms
[2020-08-08T13:07:30.320+0300][150.535s][info ][gc] GC(1002) Pause Young (Allocation Failure) 117M->117M(237M) 96.799ms
[2020-08-08T13:07:30.595+0300][150.809s][debug][gc] GC(1003) Expanding ParOldGen from 126464K by 117760K to 244224K
[2020-08-08T13:07:30.595+0300][150.810s][info ][gc] GC(1003) Pause Full (Ergonomics) 117M->117M(352M) 274.743ms
[2020-08-08T13:07:30.651+0300][150.866s][info ][gc] GC(1004) Pause Young (Allocation Failure) 174M->174M(352M) 47.361ms
[2020-08-08T13:07:30.753+0300][150.968s][info ][gc] GC(1005) Pause Young (Allocation Failure) 232M->232M(352M) 89.725ms
[2020-08-08T13:07:31.003+0300][151.217s][debug][gc] GC(1006) Shrinking ParOldGen from 244224K by 19456K to 224768K
[2020-08-08T13:07:31.003+0300][151.217s][info ][gc] GC(1006) Pause Full (Ergonomics) 232M->98M(333M) 249.508ms
[2020-08-08T13:07:31.107+0300][151.322s][info ][gc] GC(1007) Pause Young (Allocation Failure) 156M->156M(333M) 96.904ms
[2020-08-08T13:07:31.198+0300][151.413s][info ][gc] GC(1008) Pause Young (Allocation Failure) 213M->213M(333M) 80.382ms
[2020-08-08T13:07:31.381+0300][151.595s][debug][gc] GC(1009) Shrinking ParOldGen from 224768K by 18944K to 205824K
[2020-08-08T13:07:31.381+0300][151.595s][info ][gc] GC(1009) Pause Full (Ergonomics) 213M->79M(315M) 182.279ms
[2020-08-08T13:07:31.566+0300][151.781s][info ][gc] GC(1010) Pause Young (Allocation Failure) 137M->136M(315M) 174.594ms
[2020-08-08T13:07:31.711+0300][151.925s][info ][gc] GC(1011) Pause Young (Allocation Failure) 193M->193M(315M) 136.056ms
[2020-08-08T13:07:31.834+0300][152.048s][debug][gc] GC(1012) Shrinking ParOldGen from 205824K by 20480K to 185344K
[2020-08-08T13:07:31.834+0300][152.048s][info ][gc] GC(1012) Pause Full (Ergonomics) 193M->59M(295M) 123.139ms
[2020-08-08T13:07:32.018+0300][152.232s][info ][gc] GC(1013) Pause Young (Allocation Failure) 117M->117M(295M) 173.797ms
[2020-08-08T13:07:32.224+0300][152.439s][info ][gc] GC(1014) Pause Young (Allocation Failure) 175M->175M(295M) 198.394ms
[2020-08-08T13:07:32.295+0300][152.510s][debug][gc] GC(1015) Shrinking ParOldGen from 185344K by 18944K to 166400K
[2020-08-08T13:07:32.295+0300][152.510s][info ][gc] GC(1015) Pause Full (Ergonomics) 175M->41M(276M) 70.718ms
[2020-08-08T13:07:32.472+0300][152.687s][info ][gc] GC(1016) Pause Young (Allocation Failure) 98M->98M(276M) 165.129ms
[2020-08-08T13:07:32.752+0300][152.966s][info ][gc] GC(1017) Pause Young (Allocation Failure) 156M->156M(276M) 271.557ms
[2020-08-08T13:07:32.769+0300][152.984s][debug][gc] GC(1018) Shrinking ParOldGen from 166400K by 18944K to 147456K
[2020-08-08T13:07:32.769+0300][152.984s][info ][gc] GC(1018) Pause Full (Ergonomics) 156M->22M(258M) 17.414ms
[2020-08-08T13:07:32.952+0300][153.166s][info ][gc] GC(1019) Pause Young (Allocation Failure) 80M->80M(258M) 172.300ms
[2020-08-08T13:07:33.294+0300][153.508s][info ][gc] GC(1020) Pause Young (Allocation Failure) 136M->136M(258M) 333.002ms
[2020-08-08T13:07:33.299+0300][153.514s][debug][gc] GC(1021) Shrinking ParOldGen from 147456K by 20992K to 126464K
[2020-08-08T13:07:33.300+0300][153.514s][info ][gc] GC(1021) Pause Full (Ergonomics) 136M->2M(237M) 5.912ms
[2020-08-08T13:07:33.344+0300][153.559s][info ][gc] GC(1022) Pause Young (Allocation Failure) 60M->59M(237M) 34.068ms
[2020-08-08T13:07:33.449+0300][153.664s][info ][gc] GC(1023) Pause Young (Allocation Failure) 117M->117M(237M) 94.802ms
[2020-08-08T13:07:33.755+0300][153.970s][debug][gc] GC(1024) Expanding ParOldGen from 126464K by 117760K to 244224K
[2020-08-08T13:07:33.755+0300][153.970s][info ][gc] GC(1024) Pause Full (Ergonomics) 117M->117M(352M) 306.149ms
[2020-08-08T13:07:33.810+0300][154.024s][info ][gc] GC(1025) Pause Young (Allocation Failure) 174M->174M(352M) 46.169ms
[2020-08-08T13:07:33.909+0300][154.124s][info ][gc] GC(1026) Pause Young (Allocation Failure) 232M->232M(352M) 89.318ms
[2020-08-08T13:07:34.152+0300][154.367s][debug][gc] GC(1027) Shrinking ParOldGen from 244224K by 19456K to 224768K
[2020-08-08T13:07:34.152+0300][154.367s][info ][gc] GC(1027) Pause Full (Ergonomics) 232M->98M(333M) 242.652ms
[2020-08-08T13:07:34.271+0300][154.486s][info ][gc] GC(1028) Pause Young (Allocation Failure) 156M->156M(333M) 111.848ms
[2020-08-08T13:07:34.358+0300][154.572s][info ][gc] GC(1029) Pause Young (Allocation Failure) 213M->213M(333M) 76.369ms
[2020-08-08T13:07:34.542+0300][154.757s][debug][gc] GC(1030) Shrinking ParOldGen from 224768K by 18944K to 205824K
[2020-08-08T13:07:34.542+0300][154.757s][info ][gc] GC(1030) Pause Full (Ergonomics) 213M->79M(315M) 184.165ms
[2020-08-08T13:07:34.727+0300][154.942s][info ][gc] GC(1031) Pause Young (Allocation Failure) 137M->136M(315M) 174.771ms
[2020-08-08T13:07:34.847+0300][155.062s][info ][gc] GC(1032) Pause Young (Allocation Failure) 193M->193M(315M) 111.650ms
[2020-08-08T13:07:34.976+0300][155.190s][debug][gc] GC(1033) Shrinking ParOldGen from 205824K by 20480K to 185344K
[2020-08-08T13:07:34.976+0300][155.190s][info ][gc] GC(1033) Pause Full (Ergonomics) 193M->59M(295M) 128.565ms
[2020-08-08T13:07:35.167+0300][155.382s][info ][gc] GC(1034) Pause Young (Allocation Failure) 117M->117M(295M) 179.500ms
[2020-08-08T13:07:35.371+0300][155.585s][info ][gc] GC(1035) Pause Young (Allocation Failure) 175M->175M(295M) 194.517ms
[2020-08-08T13:07:35.439+0300][155.654s][debug][gc] GC(1036) Shrinking ParOldGen from 185344K by 18944K to 166400K
[2020-08-08T13:07:35.440+0300][155.654s][info ][gc] GC(1036) Pause Full (Ergonomics) 175M->41M(276M) 68.623ms
[2020-08-08T13:07:35.621+0300][155.836s][info ][gc] GC(1037) Pause Young (Allocation Failure) 98M->98M(276M) 171.013ms
[2020-08-08T13:07:35.908+0300][156.122s][info ][gc] GC(1038) Pause Young (Allocation Failure) 156M->156M(276M) 278.327ms
[2020-08-08T13:07:35.923+0300][156.137s][debug][gc] GC(1039) Shrinking ParOldGen from 166400K by 18944K to 147456K
[2020-08-08T13:07:35.923+0300][156.137s][info ][gc] GC(1039) Pause Full (Ergonomics) 156M->22M(258M) 14.893ms
[2020-08-08T13:07:36.108+0300][156.322s][info ][gc] GC(1040) Pause Young (Allocation Failure) 80M->80M(258M) 174.620ms
[2020-08-08T13:07:36.440+0300][156.654s][info ][gc] GC(1041) Pause Young (Allocation Failure) 136M->136M(258M) 321.412ms
[2020-08-08T13:07:36.446+0300][156.660s][debug][gc] GC(1042) Shrinking ParOldGen from 147456K by 20992K to 126464K
[2020-08-08T13:07:36.446+0300][156.661s][info ][gc] GC(1042) Pause Full (Ergonomics) 136M->2M(237M) 6.104ms
[2020-08-08T13:07:36.492+0300][156.706s][info ][gc] GC(1043) Pause Young (Allocation Failure) 60M->59M(237M) 36.316ms
[2020-08-08T13:07:36.599+0300][156.813s][info ][gc] GC(1044) Pause Young (Allocation Failure) 117M->117M(237M) 97.690ms
[2020-08-08T13:07:36.890+0300][157.105s][debug][gc] GC(1045) Expanding ParOldGen from 126464K by 117760K to 244224K
[2020-08-08T13:07:36.890+0300][157.105s][info ][gc] GC(1045) Pause Full (Ergonomics) 117M->117M(352M) 291.327ms
[2020-08-08T13:07:36.943+0300][157.158s][info ][gc] GC(1046) Pause Young (Allocation Failure) 174M->174M(352M) 44.103ms
[2020-08-08T13:07:37.042+0300][157.256s][info ][gc] GC(1047) Pause Young (Allocation Failure) 232M->232M(352M) 89.093ms
[2020-08-08T13:07:37.288+0300][157.503s][debug][gc] GC(1048) Shrinking ParOldGen from 244224K by 19456K to 224768K
[2020-08-08T13:07:37.288+0300][157.503s][info ][gc] GC(1048) Pause Full (Ergonomics) 232M->98M(333M) 246.297ms
[2020-08-08T13:07:37.408+0300][157.622s][info ][gc] GC(1049) Pause Young (Allocation Failure) 156M->156M(333M) 111.022ms
[2020-08-08T13:07:37.502+0300][157.717s][info ][gc] GC(1050) Pause Young (Allocation Failure) 213M->213M(333M) 81.760ms
[2020-08-08T13:07:37.687+0300][157.902s][debug][gc] GC(1051) Shrinking ParOldGen from 224768K by 18944K to 205824K
[2020-08-08T13:07:37.687+0300][157.902s][info ][gc] GC(1051) Pause Full (Ergonomics) 213M->79M(315M) 185.044ms
[2020-08-08T13:07:37.866+0300][158.081s][info ][gc] GC(1052) Pause Young (Allocation Failure) 137M->136M(315M) 168.778ms
[2020-08-08T13:07:37.992+0300][158.206s][info ][gc] GC(1053) Pause Young (Allocation Failure) 193M->193M(315M) 117.358ms
[2020-08-08T13:07:38.120+0300][158.334s][debug][gc] GC(1054) Shrinking ParOldGen from 205824K by 20480K to 185344K
[2020-08-08T13:07:38.120+0300][158.334s][info ][gc] GC(1054) Pause Full (Ergonomics) 193M->59M(295M) 127.879ms
[2020-08-08T13:07:38.300+0300][158.514s][info ][gc] GC(1055) Pause Young (Allocation Failure) 117M->117M(295M) 170.493ms
[2020-08-08T13:07:38.513+0300][158.728s][info ][gc] GC(1056) Pause Young (Allocation Failure) 175M->175M(295M) 205.526ms
[2020-08-08T13:07:38.583+0300][158.798s][debug][gc] GC(1057) Shrinking ParOldGen from 185344K by 18944K to 166400K
[2020-08-08T13:07:38.584+0300][158.798s][info ][gc] GC(1057) Pause Full (Ergonomics) 175M->41M(276M) 70.255ms
[2020-08-08T13:07:38.757+0300][158.971s][info ][gc] GC(1058) Pause Young (Allocation Failure) 98M->98M(276M) 159.875ms
[2020-08-08T13:07:39.055+0300][159.269s][info ][gc] GC(1059) Pause Young (Allocation Failure) 156M->156M(276M) 287.391ms
[2020-08-08T13:07:39.071+0300][159.285s][debug][gc] GC(1060) Shrinking ParOldGen from 166400K by 18944K to 147456K
[2020-08-08T13:07:39.071+0300][159.285s][info ][gc] GC(1060) Pause Full (Ergonomics) 156M->22M(258M) 16.197ms
[2020-08-08T13:07:39.263+0300][159.478s][info ][gc] GC(1061) Pause Young (Allocation Failure) 80M->80M(258M) 181.779ms
[2020-08-08T13:07:39.612+0300][159.826s][info ][gc] GC(1062) Pause Young (Allocation Failure) 136M->136M(258M) 337.991ms
[2020-08-08T13:07:39.618+0300][159.832s][debug][gc] GC(1063) Shrinking ParOldGen from 147456K by 20992K to 126464K
[2020-08-08T13:07:39.618+0300][159.832s][info ][gc] GC(1063) Pause Full (Ergonomics) 136M->2M(237M) 6.039ms
[2020-08-08T13:07:39.671+0300][159.885s][info ][gc] GC(1064) Pause Young (Allocation Failure) 60M->59M(237M) 40.200ms
[2020-08-08T13:07:39.783+0300][159.998s][info ][gc] GC(1065) Pause Young (Allocation Failure) 117M->117M(237M) 102.019ms
[2020-08-08T13:07:40.086+0300][160.301s][debug][gc] GC(1066) Expanding ParOldGen from 126464K by 117760K to 244224K
[2020-08-08T13:07:40.086+0300][160.301s][info ][gc] GC(1066) Pause Full (Ergonomics) 117M->117M(352M) 303.226ms
[2020-08-08T13:07:40.137+0300][160.352s][info ][gc] GC(1067) Pause Young (Allocation Failure) 174M->174M(352M) 43.111ms
[2020-08-08T13:07:40.235+0300][160.450s][info ][gc] GC(1068) Pause Young (Allocation Failure) 232M->232M(352M) 88.479ms
[2020-08-08T13:07:40.478+0300][160.693s][debug][gc] GC(1069) Shrinking ParOldGen from 244224K by 19456K to 224768K
[2020-08-08T13:07:40.478+0300][160.693s][info ][gc] GC(1069) Pause Full (Ergonomics) 232M->98M(333M) 242.865ms
[2020-08-08T13:07:40.595+0300][160.810s][info ][gc] GC(1070) Pause Young (Allocation Failure) 156M->155M(333M) 104.666ms
[2020-08-08T13:07:40.682+0300][160.897s][info ][gc] GC(1071) Pause Young (Allocation Failure) 213M->213M(333M) 76.014ms
[2020-08-08T13:07:40.861+0300][161.076s][debug][gc] GC(1072) Shrinking ParOldGen from 224768K by 18944K to 205824K
[2020-08-08T13:07:40.861+0300][161.076s][info ][gc] GC(1072) Pause Full (Ergonomics) 213M->79M(315M) 179.347ms
[2020-08-08T13:07:41.062+0300][161.277s][info ][gc] GC(1073) Pause Young (Allocation Failure) 137M->136M(315M) 190.043ms
[2020-08-08T13:07:41.184+0300][161.399s][info ][gc] GC(1074) Pause Young (Allocation Failure) 193M->193M(315M) 111.824ms
[2020-08-08T13:07:41.305+0300][161.520s][debug][gc] GC(1075) Shrinking ParOldGen from 205824K by 20480K to 185344K
[2020-08-08T13:07:41.305+0300][161.520s][info ][gc] GC(1075) Pause Full (Ergonomics) 193M->59M(295M) 121.281ms
[2020-08-08T13:07:41.477+0300][161.692s][info ][gc] GC(1076) Pause Young (Allocation Failure) 117M->117M(295M) 160.245ms
[2020-08-08T13:07:41.672+0300][161.887s][info ][gc] GC(1077) Pause Young (Allocation Failure) 175M->175M(295M) 183.164ms
[2020-08-08T13:07:41.740+0300][161.955s][debug][gc] GC(1078) Shrinking ParOldGen from 185344K by 18944K to 166400K
[2020-08-08T13:07:41.741+0300][161.955s][info ][gc] GC(1078) Pause Full (Ergonomics) 175M->41M(276M) 68.324ms
[2020-08-08T13:07:41.924+0300][162.138s][info ][gc] GC(1079) Pause Young (Allocation Failure) 98M->98M(276M) 172.833ms
[2020-08-08T13:07:42.185+0300][162.399s][info ][gc] GC(1080) Pause Young (Allocation Failure) 156M->156M(276M) 252.413ms
[2020-08-08T13:07:42.200+0300][162.415s][debug][gc] GC(1081) Shrinking ParOldGen from 166400K by 18944K to 147456K
[2020-08-08T13:07:42.200+0300][162.415s][info ][gc] GC(1081) Pause Full (Ergonomics) 156M->22M(258M) 15.706ms
[2020-08-08T13:07:42.390+0300][162.605s][info ][gc] GC(1082) Pause Young (Allocation Failure) 80M->80M(258M) 178.848ms
[2020-08-08T13:07:42.739+0300][162.954s][info ][gc] GC(1083) Pause Young (Allocation Failure) 136M->136M(258M) 338.870ms
[2020-08-08T13:07:42.745+0300][162.960s][debug][gc] GC(1084) Shrinking ParOldGen from 147456K by 20992K to 126464K
[2020-08-08T13:07:42.745+0300][162.960s][info ][gc] GC(1084) Pause Full (Ergonomics) 136M->2M(237M) 6.265ms
[2020-08-08T13:07:42.795+0300][163.010s][info ][gc] GC(1085) Pause Young (Allocation Failure) 60M->59M(237M) 37.290ms
[2020-08-08T13:07:42.911+0300][163.125s][info ][gc] GC(1086) Pause Young (Allocation Failure) 117M->117M(237M) 103.965ms
[2020-08-08T13:07:43.174+0300][163.389s][debug][gc] GC(1087) Expanding ParOldGen from 126464K by 117760K to 244224K
[2020-08-08T13:07:43.174+0300][163.389s][info ][gc] GC(1087) Pause Full (Ergonomics) 117M->117M(352M) 263.386ms
[2020-08-08T13:07:43.226+0300][163.441s][info ][gc] GC(1088) Pause Young (Allocation Failure) 174M->174M(352M) 44.248ms
[2020-08-08T13:07:43.326+0300][163.541s][info ][gc] GC(1089) Pause Young (Allocation Failure) 232M->232M(352M) 90.435ms
[2020-08-08T13:07:43.572+0300][163.786s][debug][gc] GC(1090) Shrinking ParOldGen from 244224K by 19456K to 224768K
[2020-08-08T13:07:43.572+0300][163.786s][info ][gc] GC(1090) Pause Full (Ergonomics) 232M->98M(333M) 245.187ms
[2020-08-08T13:07:43.685+0300][163.899s][info ][gc] GC(1091) Pause Young (Allocation Failure) 156M->155M(333M) 102.413ms
[2020-08-08T13:07:43.774+0300][163.989s][info ][gc] GC(1092) Pause Young (Allocation Failure) 213M->213M(333M) 77.900ms
[2020-08-08T13:07:43.957+0300][164.171s][debug][gc] GC(1093) Shrinking ParOldGen from 224768K by 18944K to 205824K
[2020-08-08T13:07:43.957+0300][164.171s][info ][gc] GC(1093) Pause Full (Ergonomics) 213M->79M(315M) 182.453ms
[2020-08-08T13:07:44.133+0300][164.347s][info ][gc] GC(1094) Pause Young (Allocation Failure) 137M->136M(315M) 165.679ms
[2020-08-08T13:07:44.267+0300][164.481s][info ][gc] GC(1095) Pause Young (Allocation Failure) 193M->193M(315M) 125.272ms
[2020-08-08T13:07:44.395+0300][164.609s][debug][gc] GC(1096) Shrinking ParOldGen from 205824K by 20480K to 185344K
[2020-08-08T13:07:44.395+0300][164.609s][info ][gc] GC(1096) Pause Full (Ergonomics) 193M->59M(295M) 127.712ms
[2020-08-08T13:07:44.586+0300][164.800s][info ][gc] GC(1097) Pause Young (Allocation Failure) 117M->117M(295M) 181.147ms
[2020-08-08T13:07:44.777+0300][164.992s][info ][gc] GC(1098) Pause Young (Allocation Failure) 175M->175M(295M) 181.171ms
[2020-08-08T13:07:44.847+0300][165.062s][debug][gc] GC(1099) Shrinking ParOldGen from 185344K by 18944K to 166400K
[2020-08-08T13:07:44.847+0300][165.062s][info ][gc] GC(1099) Pause Full (Ergonomics) 175M->41M(276M) 70.194ms
[2020-08-08T13:07:45.028+0300][165.242s][info ][gc] GC(1100) Pause Young (Allocation Failure) 98M->98M(276M) 169.895ms
[2020-08-08T13:07:45.313+0300][165.528s][info ][gc] GC(1101) Pause Young (Allocation Failure) 156M->156M(276M) 277.966ms
[2020-08-08T13:07:45.329+0300][165.543s][debug][gc] GC(1102) Shrinking ParOldGen from 166400K by 18944K to 147456K
[2020-08-08T13:07:45.329+0300][165.544s][info ][gc] GC(1102) Pause Full (Ergonomics) 156M->22M(258M) 15.596ms
[2020-08-08T13:07:45.513+0300][165.728s][info ][gc] GC(1103) Pause Young (Allocation Failure) 80M->80M(258M) 173.781ms
[2020-08-08T13:07:45.863+0300][166.078s][info ][gc] GC(1104) Pause Young (Allocation Failure) 136M->136M(258M) 337.553ms
[2020-08-08T13:07:45.870+0300][166.084s][debug][gc] GC(1105) Shrinking ParOldGen from 147456K by 20992K to 126464K
[2020-08-08T13:07:45.870+0300][166.084s][info ][gc] GC(1105) Pause Full (Ergonomics) 136M->2M(237M) 6.362ms
[2020-08-08T13:07:45.914+0300][166.128s][info ][gc] GC(1106) Pause Young (Allocation Failure) 60M->60M(237M) 34.061ms
[2020-08-08T13:07:46.021+0300][166.236s][info ][gc] GC(1107) Pause Young (Allocation Failure) 117M->117M(237M) 96.082ms
[2020-08-08T13:07:46.327+0300][166.541s][debug][gc] GC(1108) Expanding ParOldGen from 126464K by 117760K to 244224K
[2020-08-08T13:07:46.327+0300][166.541s][info ][gc] GC(1108) Pause Full (Ergonomics) 117M->117M(352M) 305.491ms
[2020-08-08T13:07:46.380+0300][166.595s][info ][gc] GC(1109) Pause Young (Allocation Failure) 174M->174M(352M) 46.027ms
[2020-08-08T13:07:46.482+0300][166.696s][info ][gc] GC(1110) Pause Young (Allocation Failure) 232M->232M(352M) 90.749ms
[2020-08-08T13:07:46.724+0300][166.939s][debug][gc] GC(1111) Shrinking ParOldGen from 244224K by 18944K to 225280K
[2020-08-08T13:07:46.724+0300][166.939s][info ][gc] GC(1111) Pause Full (Ergonomics) 232M->98M(334M) 242.143ms
[2020-08-08T13:07:46.845+0300][167.060s][info ][gc] GC(1112) Pause Young (Allocation Failure) 156M->156M(334M) 109.962ms
[2020-08-08T13:07:46.934+0300][167.148s][info ][gc] GC(1113) Pause Young (Allocation Failure) 213M->213M(334M) 76.814ms
[2020-08-08T13:07:47.113+0300][167.328s][debug][gc] GC(1114) Shrinking ParOldGen from 225280K by 19456K to 205824K
[2020-08-08T13:07:47.113+0300][167.328s][info ][gc] GC(1114) Pause Full (Ergonomics) 213M->79M(315M) 179.536ms
[2020-08-08T13:07:47.287+0300][167.502s][info ][gc] GC(1115) Pause Young (Allocation Failure) 136M->136M(315M) 164.465ms
[2020-08-08T13:07:47.408+0300][167.622s][info ][gc] GC(1116) Pause Young (Allocation Failure) 193M->193M(315M) 112.249ms
[2020-08-08T13:07:47.536+0300][167.751s][debug][gc] GC(1117) Shrinking ParOldGen from 205824K by 20480K to 185344K
[2020-08-08T13:07:47.536+0300][167.751s][info ][gc] GC(1117) Pause Full (Ergonomics) 193M->59M(295M) 128.253ms
[2020-08-08T13:07:47.700+0300][167.914s][info ][gc] GC(1118) Pause Young (Allocation Failure) 117M->117M(295M) 153.689ms
[2020-08-08T13:07:47.902+0300][168.117s][info ][gc] GC(1119) Pause Young (Allocation Failure) 175M->175M(295M) 192.850ms
[2020-08-08T13:07:47.975+0300][168.189s][debug][gc] GC(1120) Shrinking ParOldGen from 185344K by 18944K to 166400K
[2020-08-08T13:07:47.975+0300][168.189s][info ][gc] GC(1120) Pause Full (Ergonomics) 175M->41M(276M) 72.491ms
[2020-08-08T13:07:48.158+0300][168.372s][info ][gc] GC(1121) Pause Young (Allocation Failure) 98M->98M(276M) 172.111ms
[2020-08-08T13:07:48.413+0300][168.627s][info ][gc] GC(1122) Pause Young (Allocation Failure) 156M->156M(276M) 247.901ms
[2020-08-08T13:07:48.430+0300][168.644s][debug][gc] GC(1123) Shrinking ParOldGen from 166400K by 18944K to 147456K
[2020-08-08T13:07:48.430+0300][168.644s][info ][gc] GC(1123) Pause Full (Ergonomics) 156M->22M(258M) 16.791ms
[2020-08-08T13:07:48.610+0300][168.824s][info ][gc] GC(1124) Pause Young (Allocation Failure) 80M->80M(258M) 168.884ms
[2020-08-08T13:07:48.916+0300][169.130s][info ][gc] GC(1125) Pause Young (Allocation Failure) 136M->136M(258M) 296.022ms
[2020-08-08T13:07:48.923+0300][169.137s][debug][gc] GC(1126) Shrinking ParOldGen from 147456K by 20992K to 126464K
[2020-08-08T13:07:48.923+0300][169.137s][info ][gc] GC(1126) Pause Full (Ergonomics) 136M->2M(237M) 6.861ms
[2020-08-08T13:07:48.972+0300][169.187s][info ][gc] GC(1127) Pause Young (Allocation Failure) 60M->59M(237M) 36.953ms
[2020-08-08T13:07:49.080+0300][169.294s][info ][gc] GC(1128) Pause Young (Allocation Failure) 117M->117M(237M) 97.498ms
[2020-08-08T13:07:49.385+0300][169.600s][debug][gc] GC(1129) Expanding ParOldGen from 126464K by 117760K to 244224K
[2020-08-08T13:07:49.385+0300][169.600s][info ][gc] GC(1129) Pause Full (Ergonomics) 117M->117M(352M) 305.353ms
[2020-08-08T13:07:49.436+0300][169.650s][info ][gc] GC(1130) Pause Young (Allocation Failure) 174M->174M(352M) 41.992ms
[2020-08-08T13:07:49.535+0300][169.750s][info ][gc] GC(1131) Pause Young (Allocation Failure) 232M->232M(352M) 89.149ms
[2020-08-08T13:07:49.781+0300][169.995s][debug][gc] GC(1132) Shrinking ParOldGen from 244224K by 19456K to 224768K
[2020-08-08T13:07:49.781+0300][169.995s][info ][gc] GC(1132) Pause Full (Ergonomics) 232M->98M(333M) 245.193ms
[2020-08-08T13:07:49.898+0300][170.113s][info ][gc] GC(1133) Pause Young (Allocation Failure) 156M->155M(333M) 107.536ms
[2020-08-08T13:07:49.986+0300][170.200s][info ][gc] GC(1134) Pause Young (Allocation Failure) 213M->213M(333M) 77.396ms
[2020-08-08T13:07:50.169+0300][170.383s][debug][gc] GC(1135) Shrinking ParOldGen from 224768K by 18944K to 205824K
[2020-08-08T13:07:50.169+0300][170.383s][info ][gc] GC(1135) Pause Full (Ergonomics) 213M->79M(315M) 182.870ms
[2020-08-08T13:07:50.348+0300][170.562s][info ][gc] GC(1136) Pause Young (Allocation Failure) 137M->136M(315M) 168.678ms
[2020-08-08T13:07:50.482+0300][170.697s][info ][gc] GC(1137) Pause Young (Allocation Failure) 193M->193M(315M) 126.284ms
[2020-08-08T13:07:50.607+0300][170.822s][debug][gc] GC(1138) Shrinking ParOldGen from 205824K by 20480K to 185344K
[2020-08-08T13:07:50.607+0300][170.822s][info ][gc] GC(1138) Pause Full (Ergonomics) 193M->59M(295M) 125.064ms
[2020-08-08T13:07:50.789+0300][171.004s][info ][gc] GC(1139) Pause Young (Allocation Failure) 117M->117M(295M) 172.288ms
[2020-08-08T13:07:51.001+0300][171.215s][info ][gc] GC(1140) Pause Young (Allocation Failure) 175M->175M(295M) 200.564ms
[2020-08-08T13:07:51.075+0300][171.289s][debug][gc] GC(1141) Shrinking ParOldGen from 185344K by 18944K to 166400K
[2020-08-08T13:07:51.075+0300][171.289s][info ][gc] GC(1141) Pause Full (Ergonomics) 175M->41M(276M) 74.102ms
[2020-08-08T13:07:51.255+0300][171.469s][info ][gc] GC(1142) Pause Young (Allocation Failure) 98M->98M(276M) 169.866ms
[2020-08-08T13:07:51.516+0300][171.730s][info ][gc] GC(1143) Pause Young (Allocation Failure) 156M->156M(276M) 253.546ms
[2020-08-08T13:07:51.531+0300][171.746s][debug][gc] GC(1144) Shrinking ParOldGen from 166400K by 18944K to 147456K
[2020-08-08T13:07:51.532+0300][171.746s][info ][gc] GC(1144) Pause Full (Ergonomics) 156M->22M(258M) 15.614ms
[2020-08-08T13:07:51.715+0300][171.930s][info ][gc] GC(1145) Pause Young (Allocation Failure) 80M->80M(258M) 173.727ms
[2020-08-08T13:07:52.047+0300][172.261s][info ][gc] GC(1146) Pause Young (Allocation Failure) 136M->136M(258M) 321.598ms
[2020-08-08T13:07:52.053+0300][172.268s][debug][gc] GC(1147) Shrinking ParOldGen from 147456K by 20992K to 126464K
[2020-08-08T13:07:52.053+0300][172.268s][info ][gc] GC(1147) Pause Full (Ergonomics) 136M->2M(237M) 6.164ms
[2020-08-08T13:07:52.101+0300][172.315s][info ][gc] GC(1148) Pause Young (Allocation Failure) 60M->59M(237M) 35.881ms
[2020-08-08T13:07:52.205+0300][172.420s][info ][gc] GC(1149) Pause Young (Allocation Failure) 117M->117M(237M) 94.142ms
[2020-08-08T13:07:52.510+0300][172.724s][debug][gc] GC(1150) Expanding ParOldGen from 126464K by 117760K to 244224K
[2020-08-08T13:07:52.510+0300][172.724s][info ][gc] GC(1150) Pause Full (Ergonomics) 117M->117M(352M) 304.789ms
[2020-08-08T13:07:52.563+0300][172.778s][info ][gc] GC(1151) Pause Young (Allocation Failure) 174M->174M(352M) 43.715ms
[2020-08-08T13:07:52.662+0300][172.876s][info ][gc] GC(1152) Pause Young (Allocation Failure) 232M->232M(352M) 88.415ms
[2020-08-08T13:07:52.901+0300][173.116s][debug][gc] GC(1153) Shrinking ParOldGen from 244224K by 19456K to 224768K
[2020-08-08T13:07:52.901+0300][173.116s][info ][gc] GC(1153) Pause Full (Ergonomics) 232M->98M(333M) 239.273ms
[2020-08-08T13:07:53.014+0300][173.229s][info ][gc] GC(1154) Pause Young (Allocation Failure) 156M->156M(333M) 105.618ms
[2020-08-08T13:07:53.105+0300][173.320s][info ][gc] GC(1155) Pause Young (Allocation Failure) 213M->213M(333M) 78.177ms
[2020-08-08T13:07:53.287+0300][173.501s][debug][gc] GC(1156) Shrinking ParOldGen from 224768K by 18944K to 205824K
[2020-08-08T13:07:53.287+0300][173.501s][info ][gc] GC(1156) Pause Full (Ergonomics) 213M->79M(315M) 181.362ms
[2020-08-08T13:07:53.460+0300][173.674s][info ][gc] GC(1157) Pause Young (Allocation Failure) 137M->136M(315M) 163.027ms
[2020-08-08T13:07:53.592+0300][173.807s][info ][gc] GC(1158) Pause Young (Allocation Failure) 193M->193M(315M) 124.756ms
[2020-08-08T13:07:53.717+0300][173.932s][debug][gc] GC(1159) Shrinking ParOldGen from 205824K by 20480K to 185344K
[2020-08-08T13:07:53.717+0300][173.932s][info ][gc] GC(1159) Pause Full (Ergonomics) 193M->59M(295M) 125.217ms
[2020-08-08T13:07:53.893+0300][174.107s][info ][gc] GC(1160) Pause Young (Allocation Failure) 117M->117M(295M) 164.247ms
[2020-08-08T13:07:54.094+0300][174.308s][info ][gc] GC(1161) Pause Young (Allocation Failure) 175M->175M(295M) 192.511ms
[2020-08-08T13:07:54.164+0300][174.379s][debug][gc] GC(1162) Shrinking ParOldGen from 185344K by 18944K to 166400K
[2020-08-08T13:07:54.164+0300][174.379s][info ][gc] GC(1162) Pause Full (Ergonomics) 175M->41M(276M) 70.506ms
[2020-08-08T13:07:54.346+0300][174.560s][info ][gc] GC(1163) Pause Young (Allocation Failure) 98M->98M(276M) 168.223ms
[2020-08-08T13:07:54.614+0300][174.829s][info ][gc] GC(1164) Pause Young (Allocation Failure) 156M->156M(276M) 261.021ms
[2020-08-08T13:07:54.630+0300][174.844s][debug][gc] GC(1165) Shrinking ParOldGen from 166400K by 18944K to 147456K
[2020-08-08T13:07:54.630+0300][174.844s][info ][gc] GC(1165) Pause Full (Ergonomics) 156M->22M(258M) 15.358ms
[2020-08-08T13:07:54.804+0300][175.018s][info ][gc] GC(1166) Pause Young (Allocation Failure) 80M->80M(258M) 163.259ms
[2020-08-08T13:07:55.143+0300][175.358s][info ][gc] GC(1167) Pause Young (Allocation Failure) 136M->136M(258M) 329.709ms
[2020-08-08T13:07:55.150+0300][175.364s][debug][gc] GC(1168) Shrinking ParOldGen from 147456K by 20992K to 126464K
[2020-08-08T13:07:55.150+0300][175.364s][info ][gc] GC(1168) Pause Full (Ergonomics) 136M->2M(237M) 6.193ms
[2020-08-08T13:07:55.196+0300][175.411s][info ][gc] GC(1169) Pause Young (Allocation Failure) 60M->59M(237M) 36.047ms
[2020-08-08T13:07:55.301+0300][175.515s][info ][gc] GC(1170) Pause Young (Allocation Failure) 117M->117M(237M) 94.883ms
[2020-08-08T13:07:55.598+0300][175.812s][debug][gc] GC(1171) Expanding ParOldGen from 126464K by 117760K to 244224K
[2020-08-08T13:07:55.598+0300][175.812s][info ][gc] GC(1171) Pause Full (Ergonomics) 117M->117M(352M) 296.878ms
[2020-08-08T13:07:55.648+0300][175.862s][info ][gc] GC(1172) Pause Young (Allocation Failure) 174M->174M(352M) 41.013ms
[2020-08-08T13:07:55.746+0300][175.961s][info ][gc] GC(1173) Pause Young (Allocation Failure) 232M->232M(352M) 88.634ms
[2020-08-08T13:07:55.990+0300][176.205s][debug][gc] GC(1174) Shrinking ParOldGen from 244224K by 19456K to 224768K
[2020-08-08T13:07:55.990+0300][176.205s][info ][gc] GC(1174) Pause Full (Ergonomics) 232M->98M(333M) 243.567ms
[2020-08-08T13:07:56.105+0300][176.319s][info ][gc] GC(1175) Pause Young (Allocation Failure) 156M->156M(333M) 106.775ms
[2020-08-08T13:07:56.199+0300][176.414s][info ][gc] GC(1176) Pause Young (Allocation Failure) 213M->213M(333M) 82.391ms
[2020-08-08T13:07:56.387+0300][176.602s][debug][gc] GC(1177) Shrinking ParOldGen from 224768K by 18944K to 205824K
[2020-08-08T13:07:56.387+0300][176.602s][info ][gc] GC(1177) Pause Full (Ergonomics) 213M->79M(315M) 188.183ms
[2020-08-08T13:07:56.567+0300][176.782s][info ][gc] GC(1178) Pause Young (Allocation Failure) 137M->136M(315M) 169.877ms
[2020-08-08T13:07:56.690+0300][176.904s][info ][gc] GC(1179) Pause Young (Allocation Failure) 193M->193M(315M) 113.885ms
[2020-08-08T13:07:56.814+0300][177.028s][debug][gc] GC(1180) Shrinking ParOldGen from 205824K by 20480K to 185344K
[2020-08-08T13:07:56.814+0300][177.028s][info ][gc] GC(1180) Pause Full (Ergonomics) 193M->59M(295M) 123.925ms
[2020-08-08T13:07:57.008+0300][177.222s][info ][gc] GC(1181) Pause Young (Allocation Failure) 117M->117M(295M) 183.959ms
[2020-08-08T13:07:57.214+0300][177.429s][info ][gc] GC(1182) Pause Young (Allocation Failure) 175M->175M(295M) 198.375ms
[2020-08-08T13:07:57.286+0300][177.501s][debug][gc] GC(1183) Shrinking ParOldGen from 185344K by 18944K to 166400K
[2020-08-08T13:07:57.286+0300][177.501s][info ][gc] GC(1183) Pause Full (Ergonomics) 175M->41M(276M) 72.029ms
[2020-08-08T13:07:57.458+0300][177.673s][info ][gc] GC(1184) Pause Young (Allocation Failure) 98M->98M(276M) 159.408ms
[2020-08-08T13:07:57.737+0300][177.952s][info ][gc] GC(1185) Pause Young (Allocation Failure) 156M->156M(276M) 271.846ms
[2020-08-08T13:07:57.752+0300][177.967s][debug][gc] GC(1186) Shrinking ParOldGen from 166400K by 18944K to 147456K
[2020-08-08T13:07:57.752+0300][177.967s][info ][gc] GC(1186) Pause Full (Ergonomics) 156M->22M(258M) 14.797ms
[2020-08-08T13:07:57.924+0300][178.139s][info ][gc] GC(1187) Pause Young (Allocation Failure) 80M->80M(258M) 161.394ms
[2020-08-08T13:07:58.252+0300][178.467s][info ][gc] GC(1188) Pause Young (Allocation Failure) 136M->136M(258M) 319.204ms
[2020-08-08T13:07:58.258+0300][178.473s][debug][gc] GC(1189) Shrinking ParOldGen from 147456K by 20992K to 126464K
[2020-08-08T13:07:58.258+0300][178.473s][info ][gc] GC(1189) Pause Full (Ergonomics) 136M->2M(237M) 6.014ms
[2020-08-08T13:07:58.306+0300][178.521s][info ][gc] GC(1190) Pause Young (Allocation Failure) 60M->59M(237M) 36.106ms
[2020-08-08T13:07:58.412+0300][178.627s][info ][gc] GC(1191) Pause Young (Allocation Failure) 117M->117M(237M) 95.547ms
[2020-08-08T13:07:58.720+0300][178.935s][debug][gc] GC(1192) Expanding ParOldGen from 126464K by 117760K to 244224K
[2020-08-08T13:07:58.720+0300][178.935s][info ][gc] GC(1192) Pause Full (Ergonomics) 117M->117M(352M) 308.460ms
[2020-08-08T13:07:58.771+0300][178.986s][info ][gc] GC(1193) Pause Young (Allocation Failure) 174M->174M(352M) 42.079ms
[2020-08-08T13:07:58.870+0300][179.085s][info ][gc] GC(1194) Pause Young (Allocation Failure) 232M->232M(352M) 89.468ms
[2020-08-08T13:07:59.115+0300][179.330s][debug][gc] GC(1195) Shrinking ParOldGen from 244224K by 19456K to 224768K
[2020-08-08T13:07:59.115+0300][179.330s][info ][gc] GC(1195) Pause Full (Ergonomics) 232M->98M(333M) 244.358ms
[2020-08-08T13:07:59.229+0300][179.444s][info ][gc] GC(1196) Pause Young (Allocation Failure) 156M->156M(333M) 106.701ms
[2020-08-08T13:07:59.322+0300][179.536s][info ][gc] GC(1197) Pause Young (Allocation Failure) 213M->213M(333M) 79.088ms
[2020-08-08T13:07:59.503+0300][179.718s][debug][gc] GC(1198) Shrinking ParOldGen from 224768K by 18944K to 205824K
[2020-08-08T13:07:59.503+0300][179.718s][info ][gc] GC(1198) Pause Full (Ergonomics) 213M->79M(315M) 181.351ms
[2020-08-08T13:07:59.663+0300][179.878s][info ][gc] GC(1199) Pause Young (Allocation Failure) 137M->136M(315M) 150.851ms
[2020-08-08T13:07:59.783+0300][179.998s][info ][gc] GC(1200) Pause Young (Allocation Failure) 193M->193M(315M) 111.286ms
[2020-08-08T13:07:59.908+0300][180.123s][debug][gc] GC(1201) Shrinking ParOldGen from 205824K by 20480K to 185344K
[2020-08-08T13:07:59.908+0300][180.123s][info ][gc] GC(1201) Pause Full (Ergonomics) 193M->59M(295M) 125.185ms
[2020-08-08T13:08:00.098+0300][180.313s][info ][gc] GC(1202) Pause Young (Allocation Failure) 117M->117M(295M) 179.968ms
[2020-08-08T13:08:00.307+0300][180.522s][info ][gc] GC(1203) Pause Young (Allocation Failure) 174M->175M(295M) 200.158ms
[2020-08-08T13:08:00.376+0300][180.591s][debug][gc] GC(1204) Shrinking ParOldGen from 185344K by 18944K to 166400K
[2020-08-08T13:08:00.376+0300][180.591s][info ][gc] GC(1204) Pause Full (Ergonomics) 175M->41M(276M) 69.774ms
[2020-08-08T13:08:00.556+0300][180.770s][info ][gc] GC(1205) Pause Young (Allocation Failure) 98M->98M(276M) 165.277ms
[2020-08-08T13:08:00.829+0300][181.044s][info ][gc] GC(1206) Pause Young (Allocation Failure) 156M->156M(276M) 265.856ms
[2020-08-08T13:08:00.844+0300][181.059s][debug][gc] GC(1207) Shrinking ParOldGen from 166400K by 18944K to 147456K
[2020-08-08T13:08:00.845+0300][181.060s][info ][gc] GC(1207) Pause Full (Ergonomics) 156M->22M(258M) 15.351ms
[2020-08-08T13:08:01.021+0300][181.236s][info ][gc] GC(1208) Pause Young (Allocation Failure) 80M->80M(258M) 165.680ms
[2020-08-08T13:08:01.354+0300][181.569s][info ][gc] GC(1209) Pause Young (Allocation Failure) 136M->136M(258M) 324.268ms
[2020-08-08T13:08:01.360+0300][181.575s][debug][gc] GC(1210) Shrinking ParOldGen from 147456K by 20992K to 126464K
[2020-08-08T13:08:01.361+0300][181.576s][info ][gc] GC(1210) Pause Full (Ergonomics) 136M->2M(237M) 6.001ms
[2020-08-08T13:08:01.409+0300][181.624s][info ][gc] GC(1211) Pause Young (Allocation Failure) 60M->59M(237M) 35.590ms
[2020-08-08T13:08:01.513+0300][181.728s][info ][gc] GC(1212) Pause Young (Allocation Failure) 117M->117M(237M) 94.680ms
[2020-08-08T13:08:01.821+0300][182.036s][debug][gc] GC(1213) Expanding ParOldGen from 126464K by 117760K to 244224K
[2020-08-08T13:08:01.821+0300][182.036s][info ][gc] GC(1213) Pause Full (Ergonomics) 117M->117M(352M) 307.683ms
[2020-08-08T13:08:01.873+0300][182.088s][info ][gc] GC(1214) Pause Young (Allocation Failure) 174M->174M(352M) 44.590ms
[2020-08-08T13:08:01.972+0300][182.187s][info ][gc] GC(1215) Pause Young (Allocation Failure) 232M->232M(352M) 89.474ms
[2020-08-08T13:08:02.216+0300][182.431s][debug][gc] GC(1216) Shrinking ParOldGen from 244224K by 19456K to 224768K
[2020-08-08T13:08:02.216+0300][182.431s][info ][gc] GC(1216) Pause Full (Ergonomics) 232M->98M(333M) 243.965ms
[2020-08-08T13:08:02.338+0300][182.552s][info ][gc] GC(1217) Pause Young (Allocation Failure) 156M->156M(333M) 111.855ms
[2020-08-08T13:08:02.433+0300][182.648s][info ][gc] GC(1218) Pause Young (Allocation Failure) 213M->213M(333M) 81.771ms
[2020-08-08T13:08:02.609+0300][182.824s][debug][gc] GC(1219) Shrinking ParOldGen from 224768K by 18944K to 205824K
[2020-08-08T13:08:02.609+0300][182.824s][info ][gc] GC(1219) Pause Full (Ergonomics) 213M->79M(315M) 176.063ms
[2020-08-08T13:08:02.777+0300][182.992s][info ][gc] GC(1220) Pause Young (Allocation Failure) 137M->136M(315M) 156.031ms
[2020-08-08T13:08:02.896+0300][183.111s][info ][gc] GC(1221) Pause Young (Allocation Failure) 193M->193M(315M) 110.384ms
[2020-08-08T13:08:03.019+0300][183.234s][debug][gc] GC(1222) Shrinking ParOldGen from 205824K by 20480K to 185344K
[2020-08-08T13:08:03.019+0300][183.234s][info ][gc] GC(1222) Pause Full (Ergonomics) 193M->59M(295M) 122.956ms
[2020-08-08T13:08:03.201+0300][183.416s][info ][gc] GC(1223) Pause Young (Allocation Failure) 117M->117M(295M) 172.579ms
[2020-08-08T13:08:03.406+0300][183.621s][info ][gc] GC(1224) Pause Young (Allocation Failure) 175M->175M(295M) 198.220ms
[2020-08-08T13:08:03.477+0300][183.692s][debug][gc] GC(1225) Shrinking ParOldGen from 185344K by 18944K to 166400K
[2020-08-08T13:08:03.477+0300][183.692s][info ][gc] GC(1225) Pause Full (Ergonomics) 175M->41M(276M) 70.369ms
[2020-08-08T13:08:03.662+0300][183.877s][info ][gc] GC(1226) Pause Young (Allocation Failure) 98M->98M(276M) 172.120ms
[2020-08-08T13:08:03.942+0300][184.157s][info ][gc] GC(1227) Pause Young (Allocation Failure) 156M->156M(276M) 272.380ms
[2020-08-08T13:08:03.957+0300][184.172s][debug][gc] GC(1228) Shrinking ParOldGen from 166400K by 18944K to 147456K
[2020-08-08T13:08:03.957+0300][184.172s][info ][gc] GC(1228) Pause Full (Ergonomics) 156M->22M(258M) 14.995ms
[2020-08-08T13:08:04.141+0300][184.356s][info ][gc] GC(1229) Pause Young (Allocation Failure) 80M->80M(258M) 172.864ms
[2020-08-08T13:08:04.477+0300][184.691s][info ][gc] GC(1230) Pause Young (Allocation Failure) 136M->136M(258M) 326.970ms
[2020-08-08T13:08:04.483+0300][184.698s][debug][gc] GC(1231) Shrinking ParOldGen from 147456K by 20992K to 126464K
[2020-08-08T13:08:04.483+0300][184.698s][info ][gc] GC(1231) Pause Full (Ergonomics) 136M->2M(237M) 6.091ms
[2020-08-08T13:08:04.530+0300][184.745s][info ][gc] GC(1232) Pause Young (Allocation Failure) 60M->59M(237M) 35.972ms
[2020-08-08T13:08:04.637+0300][184.852s][info ][gc] GC(1233) Pause Young (Allocation Failure) 117M->117M(237M) 97.305ms
[2020-08-08T13:08:04.933+0300][185.148s][debug][gc] GC(1234) Expanding ParOldGen from 126464K by 117760K to 244224K
[2020-08-08T13:08:04.933+0300][185.148s][info ][gc] GC(1234) Pause Full (Ergonomics) 117M->117M(352M) 296.041ms
[2020-08-08T13:08:04.987+0300][185.202s][info ][gc] GC(1235) Pause Young (Allocation Failure) 174M->174M(352M) 45.478ms
[2020-08-08T13:08:05.087+0300][185.302s][info ][gc] GC(1236) Pause Young (Allocation Failure) 232M->232M(352M) 89.838ms
[2020-08-08T13:08:05.329+0300][185.544s][debug][gc] GC(1237) Shrinking ParOldGen from 244224K by 19456K to 224768K
[2020-08-08T13:08:05.329+0300][185.544s][info ][gc] GC(1237) Pause Full (Ergonomics) 232M->98M(333M) 241.640ms
[2020-08-08T13:08:05.449+0300][185.664s][info ][gc] GC(1238) Pause Young (Allocation Failure) 156M->156M(333M) 112.214ms
[2020-08-08T13:08:05.539+0300][185.754s][info ][gc] GC(1239) Pause Young (Allocation Failure) 213M->213M(333M) 77.668ms
[2020-08-08T13:08:05.727+0300][185.942s][debug][gc] GC(1240) Shrinking ParOldGen from 224768K by 18944K to 205824K
[2020-08-08T13:08:05.727+0300][185.942s][info ][gc] GC(1240) Pause Full (Ergonomics) 213M->79M(315M) 187.837ms
[2020-08-08T13:08:05.899+0300][186.114s][info ][gc] GC(1241) Pause Young (Allocation Failure) 137M->136M(315M) 161.524ms
[2020-08-08T13:08:06.011+0300][186.226s][info ][gc] GC(1242) Pause Young (Allocation Failure) 193M->193M(315M) 104.542ms
[2020-08-08T13:08:06.135+0300][186.350s][debug][gc] GC(1243) Shrinking ParOldGen from 205824K by 20480K to 185344K
[2020-08-08T13:08:06.135+0300][186.350s][info ][gc] GC(1243) Pause Full (Ergonomics) 193M->59M(295M) 123.778ms
[2020-08-08T13:08:06.319+0300][186.534s][info ][gc] GC(1244) Pause Young (Allocation Failure) 117M->117M(295M) 173.503ms
[2020-08-08T13:08:06.512+0300][186.727s][info ][gc] GC(1245) Pause Young (Allocation Failure) 175M->175M(295M) 185.870ms
[2020-08-08T13:08:06.587+0300][186.802s][debug][gc] GC(1246) Shrinking ParOldGen from 185344K by 18944K to 166400K
[2020-08-08T13:08:06.587+0300][186.802s][info ][gc] GC(1246) Pause Full (Ergonomics) 175M->41M(276M) 75.178ms
[2020-08-08T13:08:06.780+0300][186.995s][info ][gc] GC(1247) Pause Young (Allocation Failure) 98M->98M(276M) 179.875ms
[2020-08-08T13:08:07.050+0300][187.265s][info ][gc] GC(1248) Pause Young (Allocation Failure) 156M->156M(276M) 261.605ms
[2020-08-08T13:08:07.065+0300][187.280s][debug][gc] GC(1249) Shrinking ParOldGen from 166400K by 18944K to 147456K
[2020-08-08T13:08:07.065+0300][187.280s][info ][gc] GC(1249) Pause Full (Ergonomics) 156M->22M(258M) 15.191ms
[2020-08-08T13:08:07.254+0300][187.469s][info ][gc] GC(1250) Pause Young (Allocation Failure) 80M->80M(258M) 175.129ms
[2020-08-08T13:08:07.598+0300][187.813s][info ][gc] GC(1251) Pause Young (Allocation Failure) 136M->136M(258M) 334.946ms
[2020-08-08T13:08:07.604+0300][187.819s][debug][gc] GC(1252) Shrinking ParOldGen from 147456K by 20992K to 126464K
[2020-08-08T13:08:07.604+0300][187.819s][info ][gc] GC(1252) Pause Full (Ergonomics) 136M->2M(237M) 5.864ms
[2020-08-08T13:08:07.656+0300][187.871s][info ][gc] GC(1253) Pause Young (Allocation Failure) 60M->59M(237M) 39.297ms
[2020-08-08T13:08:07.764+0300][187.979s][info ][gc] GC(1254) Pause Young (Allocation Failure) 117M->117M(237M) 98.936ms
[2020-08-08T13:08:08.062+0300][188.277s][debug][gc] GC(1255) Expanding ParOldGen from 126464K by 117760K to 244224K
[2020-08-08T13:08:08.062+0300][188.277s][info ][gc] GC(1255) Pause Full (Ergonomics) 117M->117M(352M) 298.531ms
[2020-08-08T13:08:08.111+0300][188.326s][info ][gc] GC(1256) Pause Young (Allocation Failure) 174M->174M(352M) 40.634ms
[2020-08-08T13:08:08.211+0300][188.426s][info ][gc] GC(1257) Pause Young (Allocation Failure) 232M->232M(352M) 89.505ms
[2020-08-08T13:08:08.461+0300][188.676s][debug][gc] GC(1258) Shrinking ParOldGen from 244224K by 19456K to 224768K
[2020-08-08T13:08:08.461+0300][188.676s][info ][gc] GC(1258) Pause Full (Ergonomics) 232M->98M(333M) 249.950ms
[2020-08-08T13:08:08.578+0300][188.793s][info ][gc] GC(1259) Pause Young (Allocation Failure) 156M->156M(333M) 109.216ms
[2020-08-08T13:08:08.665+0300][188.880s][info ][gc] GC(1260) Pause Young (Allocation Failure) 213M->213M(333M) 73.784ms
[2020-08-08T13:08:08.849+0300][189.064s][debug][gc] GC(1261) Shrinking ParOldGen from 224768K by 18944K to 205824K
[2020-08-08T13:08:08.849+0300][189.064s][info ][gc] GC(1261) Pause Full (Ergonomics) 213M->79M(315M) 183.735ms
[2020-08-08T13:08:09.022+0300][189.237s][info ][gc] GC(1262) Pause Young (Allocation Failure) 137M->136M(315M) 163.853ms
[2020-08-08T13:08:09.144+0300][189.359s][info ][gc] GC(1263) Pause Young (Allocation Failure) 193M->193M(315M) 113.840ms
[2020-08-08T13:08:09.273+0300][189.488s][debug][gc] GC(1264) Shrinking ParOldGen from 205824K by 20480K to 185344K
[2020-08-08T13:08:09.273+0300][189.488s][info ][gc] GC(1264) Pause Full (Ergonomics) 193M->59M(295M) 129.163ms
[2020-08-08T13:08:09.459+0300][189.674s][info ][gc] GC(1265) Pause Young (Allocation Failure) 117M->117M(295M) 176.340ms
[2020-08-08T13:08:09.657+0300][189.872s][info ][gc] GC(1266) Pause Young (Allocation Failure) 175M->175M(295M) 189.840ms
[2020-08-08T13:08:09.728+0300][189.943s][debug][gc] GC(1267) Shrinking ParOldGen from 185344K by 18944K to 166400K
[2020-08-08T13:08:09.728+0300][189.943s][info ][gc] GC(1267) Pause Full (Ergonomics) 175M->41M(276M) 71.133ms
[2020-08-08T13:08:09.903+0300][190.118s][info ][gc] GC(1268) Pause Young (Allocation Failure) 98M->98M(276M) 161.399ms
[2020-08-08T13:08:10.162+0300][190.377s][info ][gc] GC(1269) Pause Young (Allocation Failure) 156M->156M(276M) 252.416ms
[2020-08-08T13:08:10.177+0300][190.392s][debug][gc] GC(1270) Shrinking ParOldGen from 166400K by 18944K to 147456K
[2020-08-08T13:08:10.177+0300][190.392s][info ][gc] GC(1270) Pause Full (Ergonomics) 156M->22M(258M) 15.080ms
[2020-08-08T13:08:10.360+0300][190.575s][info ][gc] GC(1271) Pause Young (Allocation Failure) 80M->80M(258M) 172.502ms
[2020-08-08T13:08:10.689+0300][190.904s][info ][gc] GC(1272) Pause Young (Allocation Failure) 136M->136M(258M) 319.178ms
[2020-08-08T13:08:10.695+0300][190.910s][debug][gc] GC(1273) Shrinking ParOldGen from 147456K by 20992K to 126464K
[2020-08-08T13:08:10.696+0300][190.911s][info ][gc] GC(1273) Pause Full (Ergonomics) 136M->2M(237M) 6.168ms
[2020-08-08T13:08:10.743+0300][190.958s][info ][gc] GC(1274) Pause Young (Allocation Failure) 60M->59M(237M) 35.576ms
[2020-08-08T13:08:10.847+0300][191.062s][info ][gc] GC(1275) Pause Young (Allocation Failure) 117M->117M(237M) 93.714ms
[2020-08-08T13:08:11.141+0300][191.356s][debug][gc] GC(1276) Expanding ParOldGen from 126464K by 117760K to 244224K
[2020-08-08T13:08:11.141+0300][191.356s][info ][gc] GC(1276) Pause Full (Ergonomics) 117M->117M(352M) 293.171ms
[2020-08-08T13:08:11.193+0300][191.408s][info ][gc] GC(1277) Pause Young (Allocation Failure) 174M->174M(352M) 44.195ms
[2020-08-08T13:08:11.292+0300][191.507s][info ][gc] GC(1278) Pause Young (Allocation Failure) 232M->232M(352M) 89.214ms
[2020-08-08T13:08:11.536+0300][191.751s][debug][gc] GC(1279) Shrinking ParOldGen from 244224K by 19456K to 224768K
[2020-08-08T13:08:11.536+0300][191.751s][info ][gc] GC(1279) Pause Full (Ergonomics) 232M->98M(333M) 244.046ms
[2020-08-08T13:08:11.658+0300][191.873s][info ][gc] GC(1280) Pause Young (Allocation Failure) 156M->156M(333M) 112.990ms
[2020-08-08T13:08:11.752+0300][191.967s][info ][gc] GC(1281) Pause Young (Allocation Failure) 213M->213M(333M) 79.284ms
[2020-08-08T13:08:11.944+0300][192.159s][debug][gc] GC(1282) Shrinking ParOldGen from 224768K by 18944K to 205824K
[2020-08-08T13:08:11.944+0300][192.159s][info ][gc] GC(1282) Pause Full (Ergonomics) 213M->79M(315M) 192.380ms
[2020-08-08T13:08:12.127+0300][192.342s][info ][gc] GC(1283) Pause Young (Allocation Failure) 137M->136M(315M) 172.517ms
[2020-08-08T13:08:12.251+0300][192.466s][info ][gc] GC(1284) Pause Young (Allocation Failure) 193M->193M(315M) 113.595ms
[2020-08-08T13:08:12.378+0300][192.593s][debug][gc] GC(1285) Shrinking ParOldGen from 205824K by 20480K to 185344K
[2020-08-08T13:08:12.378+0300][192.593s][info ][gc] GC(1285) Pause Full (Ergonomics) 193M->59M(295M) 127.355ms
[2020-08-08T13:08:12.557+0300][192.772s][info ][gc] GC(1286) Pause Young (Allocation Failure) 117M->117M(295M) 167.899ms
[2020-08-08T13:08:12.738+0300][192.953s][info ][gc] GC(1287) Pause Young (Allocation Failure) 175M->175M(295M) 172.532ms
[2020-08-08T13:08:12.808+0300][193.023s][debug][gc] GC(1288) Shrinking ParOldGen from 185344K by 18944K to 166400K
[2020-08-08T13:08:12.808+0300][193.023s][info ][gc] GC(1288) Pause Full (Ergonomics) 175M->41M(276M) 70.078ms
[2020-08-08T13:08:12.979+0300][193.194s][info ][gc] GC(1289) Pause Young (Allocation Failure) 98M->98M(276M) 157.760ms
[2020-08-08T13:08:13.256+0300][193.471s][info ][gc] GC(1290) Pause Young (Allocation Failure) 156M->156M(276M) 269.152ms
[2020-08-08T13:08:13.272+0300][193.487s][debug][gc] GC(1291) Shrinking ParOldGen from 166400K by 18944K to 147456K
[2020-08-08T13:08:13.272+0300][193.487s][info ][gc] GC(1291) Pause Full (Ergonomics) 156M->22M(258M) 16.241ms
[2020-08-08T13:08:13.437+0300][193.652s][info ][gc] GC(1292) Pause Young (Allocation Failure) 80M->80M(258M) 155.242ms
[2020-08-08T13:08:13.781+0300][193.995s][info ][gc] GC(1293) Pause Young (Allocation Failure) 136M->136M(258M) 332.863ms
[2020-08-08T13:08:13.787+0300][194.002s][debug][gc] GC(1294) Shrinking ParOldGen from 147456K by 20992K to 126464K
[2020-08-08T13:08:13.787+0300][194.002s][info ][gc] GC(1294) Pause Full (Ergonomics) 136M->2M(237M) 6.116ms
[2020-08-08T13:08:13.834+0300][194.049s][info ][gc] GC(1295) Pause Young (Allocation Failure) 60M->59M(237M) 35.407ms
[2020-08-08T13:08:13.939+0300][194.154s][info ][gc] GC(1296) Pause Young (Allocation Failure) 117M->117M(237M) 95.834ms
[2020-08-08T13:08:14.226+0300][194.441s][debug][gc] GC(1297) Expanding ParOldGen from 126464K by 117760K to 244224K
[2020-08-08T13:08:14.226+0300][194.441s][info ][gc] GC(1297) Pause Full (Ergonomics) 117M->117M(352M) 287.040ms
[2020-08-08T13:08:14.278+0300][194.493s][info ][gc] GC(1298) Pause Young (Allocation Failure) 174M->174M(352M) 43.055ms
[2020-08-08T13:08:14.378+0300][194.593s][info ][gc] GC(1299) Pause Young (Allocation Failure) 232M->232M(352M) 89.446ms
[2020-08-08T13:08:14.624+0300][194.839s][debug][gc] GC(1300) Shrinking ParOldGen from 244224K by 19456K to 224768K
[2020-08-08T13:08:14.624+0300][194.839s][info ][gc] GC(1300) Pause Full (Ergonomics) 232M->98M(333M) 246.345ms
[2020-08-08T13:08:14.732+0300][194.947s][info ][gc] GC(1301) Pause Young (Allocation Failure) 156M->156M(333M) 98.471ms
[2020-08-08T13:08:14.832+0300][195.047s][info ][gc] GC(1302) Pause Young (Allocation Failure) 213M->213M(333M) 86.472ms
[2020-08-08T13:08:15.019+0300][195.234s][debug][gc] GC(1303) Shrinking ParOldGen from 224768K by 18944K to 205824K
[2020-08-08T13:08:15.019+0300][195.234s][info ][gc] GC(1303) Pause Full (Ergonomics) 213M->79M(315M) 186.517ms
[2020-08-08T13:08:15.181+0300][195.396s][info ][gc] GC(1304) Pause Young (Allocation Failure) 137M->136M(315M) 150.845ms
[2020-08-08T13:08:15.300+0300][195.515s][info ][gc] GC(1305) Pause Young (Allocation Failure) 193M->193M(315M) 108.069ms
[2020-08-08T13:08:15.428+0300][195.643s][debug][gc] GC(1306) Shrinking ParOldGen from 205824K by 20480K to 185344K
[2020-08-08T13:08:15.428+0300][195.643s][info ][gc] GC(1306) Pause Full (Ergonomics) 193M->59M(295M) 128.252ms
[2020-08-08T13:08:15.617+0300][195.832s][info ][gc] GC(1307) Pause Young (Allocation Failure) 117M->117M(295M) 174.035ms
[2020-08-08T13:08:15.821+0300][196.036s][info ][gc] GC(1308) Pause Young (Allocation Failure) 175M->175M(295M) 195.631ms
[2020-08-08T13:08:15.892+0300][196.107s][debug][gc] GC(1309) Shrinking ParOldGen from 185344K by 18944K to 166400K
[2020-08-08T13:08:15.892+0300][196.107s][info ][gc] GC(1309) Pause Full (Ergonomics) 175M->41M(276M) 70.796ms
[2020-08-08T13:08:16.079+0300][196.294s][info ][gc] GC(1310) Pause Young (Allocation Failure) 98M->98M(276M) 174.992ms
[2020-08-08T13:08:16.357+0300][196.572s][info ][gc] GC(1311) Pause Young (Allocation Failure) 156M->156M(276M) 270.825ms
[2020-08-08T13:08:16.373+0300][196.588s][debug][gc] GC(1312) Shrinking ParOldGen from 166400K by 18944K to 147456K
[2020-08-08T13:08:16.373+0300][196.588s][info ][gc] GC(1312) Pause Full (Ergonomics) 156M->22M(258M) 15.838ms
[2020-08-08T13:08:16.547+0300][196.762s][info ][gc] GC(1313) Pause Young (Allocation Failure) 80M->80M(258M) 163.087ms
[2020-08-08T13:08:16.887+0300][197.102s][info ][gc] GC(1314) Pause Young (Allocation Failure) 136M->136M(258M) 330.060ms
[2020-08-08T13:08:16.893+0300][197.108s][debug][gc] GC(1315) Shrinking ParOldGen from 147456K by 20992K to 126464K
[2020-08-08T13:08:16.893+0300][197.108s][info ][gc] GC(1315) Pause Full (Ergonomics) 136M->2M(237M) 6.190ms
[2020-08-08T13:08:16.942+0300][197.157s][info ][gc] GC(1316) Pause Young (Allocation Failure) 60M->59M(237M) 36.343ms
[2020-08-08T13:08:17.049+0300][197.264s][info ][gc] GC(1317) Pause Young (Allocation Failure) 117M->117M(237M) 96.672ms
[2020-08-08T13:08:17.348+0300][197.563s][debug][gc] GC(1318) Expanding ParOldGen from 126464K by 117760K to 244224K
[2020-08-08T13:08:17.348+0300][197.563s][info ][gc] GC(1318) Pause Full (Ergonomics) 117M->117M(352M) 298.247ms
[2020-08-08T13:08:17.397+0300][197.612s][info ][gc] GC(1319) Pause Young (Allocation Failure) 174M->174M(352M) 41.144ms
[2020-08-08T13:08:17.497+0300][197.712s][info ][gc] GC(1320) Pause Young (Allocation Failure) 232M->232M(352M) 89.755ms
[2020-08-08T13:08:17.739+0300][197.954s][debug][gc] GC(1321) Shrinking ParOldGen from 244224K by 19456K to 224768K
[2020-08-08T13:08:17.739+0300][197.954s][info ][gc] GC(1321) Pause Full (Ergonomics) 232M->98M(333M) 242.300ms
[2020-08-08T13:08:17.847+0300][198.062s][info ][gc] GC(1322) Pause Young (Allocation Failure) 156M->156M(333M) 99.059ms
[2020-08-08T13:08:17.942+0300][198.157s][info ][gc] GC(1323) Pause Young (Allocation Failure) 213M->213M(333M) 82.417ms
[2020-08-08T13:08:18.127+0300][198.342s][debug][gc] GC(1324) Shrinking ParOldGen from 224768K by 18944K to 205824K
[2020-08-08T13:08:18.127+0300][198.342s][info ][gc] GC(1324) Pause Full (Ergonomics) 213M->79M(315M) 184.770ms
[2020-08-08T13:08:18.295+0300][198.510s][info ][gc] GC(1325) Pause Young (Allocation Failure) 137M->136M(315M) 158.545ms
[2020-08-08T13:08:18.432+0300][198.647s][info ][gc] GC(1326) Pause Young (Allocation Failure) 193M->193M(315M) 128.015ms
[2020-08-08T13:08:18.557+0300][198.772s][debug][gc] GC(1327) Shrinking ParOldGen from 205824K by 20480K to 185344K
[2020-08-08T13:08:18.557+0300][198.772s][info ][gc] GC(1327) Pause Full (Ergonomics) 193M->59M(295M) 125.048ms
[2020-08-08T13:08:18.747+0300][198.962s][info ][gc] GC(1328) Pause Young (Allocation Failure) 117M->117M(295M) 179.015ms
[2020-08-08T13:08:18.948+0300][199.163s][info ][gc] GC(1329) Pause Young (Allocation Failure) 175M->175M(295M) 192.377ms
[2020-08-08T13:08:19.019+0300][199.234s][debug][gc] GC(1330) Shrinking ParOldGen from 185344K by 18944K to 166400K
[2020-08-08T13:08:19.019+0300][199.234s][info ][gc] GC(1330) Pause Full (Ergonomics) 175M->41M(276M) 71.616ms
[2020-08-08T13:08:19.200+0300][199.415s][info ][gc] GC(1331) Pause Young (Allocation Failure) 98M->98M(276M) 166.693ms
[2020-08-08T13:08:19.467+0300][199.682s][info ][gc] GC(1332) Pause Young (Allocation Failure) 156M->156M(276M) 258.826ms
[2020-08-08T13:08:19.482+0300][199.697s][debug][gc] GC(1333) Shrinking ParOldGen from 166400K by 18944K to 147456K
[2020-08-08T13:08:19.482+0300][199.697s][info ][gc] GC(1333) Pause Full (Ergonomics) 156M->22M(258M) 14.764ms
[2020-08-08T13:08:19.668+0300][199.883s][info ][gc] GC(1334) Pause Young (Allocation Failure) 80M->80M(258M) 175.285ms
[2020-08-08T13:08:19.993+0300][200.208s][info ][gc] GC(1335) Pause Young (Allocation Failure) 136M->136M(258M) 314.891ms
[2020-08-08T13:08:19.999+0300][200.214s][debug][gc] GC(1336) Shrinking ParOldGen from 147456K by 20992K to 126464K
[2020-08-08T13:08:19.999+0300][200.214s][info ][gc] GC(1336) Pause Full (Ergonomics) 136M->2M(237M) 6.067ms
[2020-08-08T13:08:20.048+0300][200.263s][info ][gc] GC(1337) Pause Young (Allocation Failure) 60M->59M(237M) 37.393ms
[2020-08-08T13:08:20.154+0300][200.369s][info ][gc] GC(1338) Pause Young (Allocation Failure) 117M->117M(237M) 94.099ms
[2020-08-08T13:08:20.463+0300][200.678s][debug][gc] GC(1339) Expanding ParOldGen from 126464K by 117760K to 244224K
[2020-08-08T13:08:20.463+0300][200.678s][info ][gc] GC(1339) Pause Full (Ergonomics) 117M->117M(352M) 308.665ms
[2020-08-08T13:08:20.514+0300][200.729s][info ][gc] GC(1340) Pause Young (Allocation Failure) 174M->174M(352M) 42.465ms
[2020-08-08T13:08:20.616+0300][200.831s][info ][gc] GC(1341) Pause Young (Allocation Failure) 232M->232M(352M) 91.871ms
[2020-08-08T13:08:20.865+0300][201.080s][debug][gc] GC(1342) Shrinking ParOldGen from 244224K by 19456K to 224768K
[2020-08-08T13:08:20.865+0300][201.080s][info ][gc] GC(1342) Pause Full (Ergonomics) 232M->98M(333M) 248.707ms
[2020-08-08T13:08:20.992+0300][201.206s][info ][gc] GC(1343) Pause Young (Allocation Failure) 156M->156M(333M) 117.984ms
[2020-08-08T13:08:21.084+0300][201.299s][info ][gc] GC(1344) Pause Young (Allocation Failure) 213M->213M(333M) 77.076ms
[2020-08-08T13:08:21.277+0300][201.492s][debug][gc] GC(1345) Shrinking ParOldGen from 224768K by 18944K to 205824K
[2020-08-08T13:08:21.277+0300][201.492s][info ][gc] GC(1345) Pause Full (Ergonomics) 213M->79M(315M) 193.437ms
[2020-08-08T13:08:21.449+0300][201.664s][info ][gc] GC(1346) Pause Young (Allocation Failure) 137M->136M(315M) 162.540ms
[2020-08-08T13:08:21.574+0300][201.789s][info ][gc] GC(1347) Pause Young (Allocation Failure) 193M->193M(315M) 116.074ms
[2020-08-08T13:08:21.698+0300][201.913s][debug][gc] GC(1348) Shrinking ParOldGen from 205824K by 20480K to 185344K
[2020-08-08T13:08:21.698+0300][201.913s][info ][gc] GC(1348) Pause Full (Ergonomics) 193M->59M(295M) 123.324ms
[2020-08-08T13:08:21.877+0300][202.092s][info ][gc] GC(1349) Pause Young (Allocation Failure) 117M->117M(295M) 169.060ms
[2020-08-08T13:08:22.081+0300][202.296s][info ][gc] GC(1350) Pause Young (Allocation Failure) 175M->175M(295M) 195.555ms
[2020-08-08T13:08:22.149+0300][202.364s][debug][gc] GC(1351) Shrinking ParOldGen from 185344K by 18944K to 166400K
[2020-08-08T13:08:22.150+0300][202.365s][info ][gc] GC(1351) Pause Full (Ergonomics) 175M->41M(276M) 68.748ms
[2020-08-08T13:08:22.327+0300][202.542s][info ][gc] GC(1352) Pause Young (Allocation Failure) 98M->98M(276M) 164.686ms
[2020-08-08T13:08:22.593+0300][202.808s][info ][gc] GC(1353) Pause Young (Allocation Failure) 156M->156M(276M) 256.459ms
[2020-08-08T13:08:22.609+0300][202.824s][debug][gc] GC(1354) Shrinking ParOldGen from 166400K by 18944K to 147456K
[2020-08-08T13:08:22.609+0300][202.824s][info ][gc] GC(1354) Pause Full (Ergonomics) 156M->22M(258M) 16.340ms
[2020-08-08T13:08:22.794+0300][203.009s][info ][gc] GC(1355) Pause Young (Allocation Failure) 80M->80M(258M) 173.204ms
[2020-08-08T13:08:23.119+0300][203.334s][info ][gc] GC(1356) Pause Young (Allocation Failure) 136M->136M(258M) 313.977ms
[2020-08-08T13:08:23.125+0300][203.340s][debug][gc] GC(1357) Shrinking ParOldGen from 147456K by 20992K to 126464K
[2020-08-08T13:08:23.125+0300][203.340s][info ][gc] GC(1357) Pause Full (Ergonomics) 136M->2M(237M) 5.398ms
[2020-08-08T13:08:23.171+0300][203.386s][info ][gc] GC(1358) Pause Young (Allocation Failure) 60M->59M(237M) 36.061ms
[2020-08-08T13:08:23.281+0300][203.496s][info ][gc] GC(1359) Pause Young (Allocation Failure) 117M->117M(237M) 96.280ms
[2020-08-08T13:08:23.590+0300][203.805s][debug][gc] GC(1360) Expanding ParOldGen from 126464K by 117760K to 244224K
[2020-08-08T13:08:23.591+0300][203.806s][info ][gc] GC(1360) Pause Full (Ergonomics) 117M->117M(352M) 309.250ms
[2020-08-08T13:08:23.641+0300][203.856s][info ][gc] GC(1361) Pause Young (Allocation Failure) 174M->174M(352M) 41.204ms
[2020-08-08T13:08:23.741+0300][203.956s][info ][gc] GC(1362) Pause Young (Allocation Failure) 232M->232M(352M) 89.392ms
[2020-08-08T13:08:23.985+0300][204.200s][debug][gc] GC(1363) Shrinking ParOldGen from 244224K by 19456K to 224768K
[2020-08-08T13:08:23.985+0300][204.200s][info ][gc] GC(1363) Pause Full (Ergonomics) 232M->98M(333M) 244.511ms
[2020-08-08T13:08:24.120+0300][204.335s][info ][gc] GC(1364) Pause Young (Allocation Failure) 156M->156M(333M) 125.458ms
[2020-08-08T13:08:24.213+0300][204.428s][info ][gc] GC(1365) Pause Young (Allocation Failure) 213M->213M(333M) 80.257ms
[2020-08-08T13:08:24.398+0300][204.613s][debug][gc] GC(1366) Shrinking ParOldGen from 224768K by 18944K to 205824K
[2020-08-08T13:08:24.398+0300][204.613s][info ][gc] GC(1366) Pause Full (Ergonomics) 213M->79M(315M) 184.592ms
[2020-08-08T13:08:24.575+0300][204.790s][info ][gc] GC(1367) Pause Young (Allocation Failure) 137M->136M(315M) 166.708ms
[2020-08-08T13:08:24.704+0300][204.919s][info ][gc] GC(1368) Pause Young (Allocation Failure) 193M->193M(315M) 121.095ms
[2020-08-08T13:08:24.830+0300][205.045s][debug][gc] GC(1369) Shrinking ParOldGen from 205824K by 20480K to 185344K
[2020-08-08T13:08:24.830+0300][205.045s][info ][gc] GC(1369) Pause Full (Ergonomics) 193M->59M(295M) 125.657ms
[2020-08-08T13:08:24.999+0300][205.214s][info ][gc] GC(1370) Pause Young (Allocation Failure) 117M->117M(295M) 159.705ms
[2020-08-08T13:08:25.194+0300][205.409s][info ][gc] GC(1371) Pause Young (Allocation Failure) 175M->175M(295M) 186.212ms
[2020-08-08T13:08:25.266+0300][205.481s][debug][gc] GC(1372) Shrinking ParOldGen from 185344K by 18944K to 166400K
[2020-08-08T13:08:25.266+0300][205.481s][info ][gc] GC(1372) Pause Full (Ergonomics) 175M->41M(276M) 72.073ms
[2020-08-08T13:08:25.448+0300][205.663s][info ][gc] GC(1373) Pause Young (Allocation Failure) 98M->98M(276M) 166.968ms
[2020-08-08T13:08:25.719+0300][205.934s][info ][gc] GC(1374) Pause Young (Allocation Failure) 156M->156M(276M) 262.431ms
[2020-08-08T13:08:25.735+0300][205.950s][debug][gc] GC(1375) Shrinking ParOldGen from 166400K by 18944K to 147456K
[2020-08-08T13:08:25.735+0300][205.950s][info ][gc] GC(1375) Pause Full (Ergonomics) 156M->22M(258M) 16.629ms
[2020-08-08T13:08:25.920+0300][206.135s][info ][gc] GC(1376) Pause Young (Allocation Failure) 80M->80M(258M) 173.306ms
[2020-08-08T13:08:26.266+0300][206.481s][info ][gc] GC(1377) Pause Young (Allocation Failure) 136M->136M(258M) 335.403ms
[2020-08-08T13:08:26.272+0300][206.487s][debug][gc] GC(1378) Shrinking ParOldGen from 147456K by 20992K to 126464K
[2020-08-08T13:08:26.272+0300][206.487s][info ][gc] GC(1378) Pause Full (Ergonomics) 136M->2M(237M) 6.182ms
[2020-08-08T13:08:26.321+0300][206.536s][info ][gc] GC(1379) Pause Young (Allocation Failure) 60M->59M(237M) 37.941ms
[2020-08-08T13:08:26.429+0300][206.644s][info ][gc] GC(1380) Pause Young (Allocation Failure) 117M->117M(237M) 97.035ms
[2020-08-08T13:08:26.717+0300][206.931s][debug][gc] GC(1381) Expanding ParOldGen from 126464K by 117760K to 244224K
[2020-08-08T13:08:26.717+0300][206.932s][info ][gc] GC(1381) Pause Full (Ergonomics) 117M->117M(352M) 287.425ms
[2020-08-08T13:08:26.769+0300][206.984s][info ][gc] GC(1382) Pause Young (Allocation Failure) 174M->174M(352M) 44.182ms
[2020-08-08T13:08:26.869+0300][207.084s][info ][gc] GC(1383) Pause Young (Allocation Failure) 232M->232M(352M) 89.837ms
[2020-08-08T13:08:27.114+0300][207.329s][debug][gc] GC(1384) Shrinking ParOldGen from 244224K by 19456K to 224768K
[2020-08-08T13:08:27.114+0300][207.329s][info ][gc] GC(1384) Pause Full (Ergonomics) 232M->98M(333M) 244.974ms
[2020-08-08T13:08:27.234+0300][207.449s][info ][gc] GC(1385) Pause Young (Allocation Failure) 156M->156M(333M) 112.718ms
[2020-08-08T13:08:27.327+0300][207.542s][info ][gc] GC(1386) Pause Young (Allocation Failure) 213M->213M(333M) 79.647ms
[2020-08-08T13:08:27.512+0300][207.727s][debug][gc] GC(1387) Shrinking ParOldGen from 224768K by 18944K to 205824K
[2020-08-08T13:08:27.512+0300][207.727s][info ][gc] GC(1387) Pause Full (Ergonomics) 213M->79M(315M) 184.909ms
[2020-08-08T13:08:27.690+0300][207.905s][info ][gc] GC(1388) Pause Young (Allocation Failure) 137M->136M(315M) 168.228ms
[2020-08-08T13:08:27.816+0300][208.031s][info ][gc] GC(1389) Pause Young (Allocation Failure) 193M->193M(315M) 117.548ms
[2020-08-08T13:08:27.946+0300][208.160s][debug][gc] GC(1390) Shrinking ParOldGen from 205824K by 20480K to 185344K
[2020-08-08T13:08:27.946+0300][208.161s][info ][gc] GC(1390) Pause Full (Ergonomics) 193M->59M(295M) 129.752ms
[2020-08-08T13:08:28.135+0300][208.350s][info ][gc] GC(1391) Pause Young (Allocation Failure) 117M->117M(295M) 180.034ms
[2020-08-08T13:08:28.345+0300][208.559s][info ][gc] GC(1392) Pause Young (Allocation Failure) 175M->175M(295M) 201.543ms
[2020-08-08T13:08:28.417+0300][208.632s][debug][gc] GC(1393) Shrinking ParOldGen from 185344K by 18944K to 166400K
[2020-08-08T13:08:28.417+0300][208.632s][info ][gc] GC(1393) Pause Full (Ergonomics) 175M->41M(276M) 72.603ms
[2020-08-08T13:08:28.600+0300][208.815s][info ][gc] GC(1394) Pause Young (Allocation Failure) 98M->98M(276M) 170.382ms
[2020-08-08T13:08:28.888+0300][209.102s][info ][gc] GC(1395) Pause Young (Allocation Failure) 156M->156M(276M) 279.424ms
[2020-08-08T13:08:28.902+0300][209.117s][debug][gc] GC(1396) Shrinking ParOldGen from 166400K by 18944K to 147456K
[2020-08-08T13:08:28.902+0300][209.117s][info ][gc] GC(1396) Pause Full (Ergonomics) 156M->22M(258M) 14.596ms
[2020-08-08T13:08:29.082+0300][209.297s][info ][gc] GC(1397) Pause Young (Allocation Failure) 80M->80M(258M) 169.708ms
[2020-08-08T13:08:29.410+0300][209.625s][info ][gc] GC(1398) Pause Young (Allocation Failure) 136M->136M(258M) 318.901ms
[2020-08-08T13:08:29.416+0300][209.631s][debug][gc] GC(1399) Shrinking ParOldGen from 147456K by 20992K to 126464K
[2020-08-08T13:08:29.416+0300][209.631s][info ][gc] GC(1399) Pause Full (Ergonomics) 136M->2M(237M) 5.954ms
[2020-08-08T13:08:29.463+0300][209.678s][info ][gc] GC(1400) Pause Young (Allocation Failure) 60M->59M(237M) 35.339ms
[2020-08-08T13:08:29.568+0300][209.783s][info ][gc] GC(1401) Pause Young (Allocation Failure) 117M->117M(237M) 94.814ms
[2020-08-08T13:08:29.873+0300][210.088s][debug][gc] GC(1402) Expanding ParOldGen from 126464K by 117760K to 244224K
[2020-08-08T13:08:29.873+0300][210.088s][info ][gc] GC(1402) Pause Full (Ergonomics) 117M->117M(352M) 305.361ms
[2020-08-08T13:08:29.925+0300][210.140s][info ][gc] GC(1403) Pause Young (Allocation Failure) 174M->174M(352M) 43.610ms
[2020-08-08T13:08:30.025+0300][210.240s][info ][gc] GC(1404) Pause Young (Allocation Failure) 232M->232M(352M) 89.368ms
[2020-08-08T13:08:30.279+0300][210.494s][debug][gc] GC(1405) Shrinking ParOldGen from 244224K by 19456K to 224768K
[2020-08-08T13:08:30.279+0300][210.494s][info ][gc] GC(1405) Pause Full (Ergonomics) 232M->98M(333M) 254.459ms
[2020-08-08T13:08:30.403+0300][210.618s][info ][gc] GC(1406) Pause Young (Allocation Failure) 156M->156M(333M) 115.559ms
[2020-08-08T13:08:30.496+0300][210.710s][info ][gc] GC(1407) Pause Young (Allocation Failure) 213M->213M(333M) 80.422ms
[2020-08-08T13:08:30.681+0300][210.896s][debug][gc] GC(1408) Shrinking ParOldGen from 224768K by 18944K to 205824K
[2020-08-08T13:08:30.681+0300][210.896s][info ][gc] GC(1408) Pause Full (Ergonomics) 213M->79M(315M) 185.643ms
[2020-08-08T13:08:30.857+0300][211.072s][info ][gc] GC(1409) Pause Young (Allocation Failure) 137M->136M(315M) 165.786ms
[2020-08-08T13:08:30.973+0300][211.188s][info ][gc] GC(1410) Pause Young (Allocation Failure) 193M->193M(315M) 104.451ms
[2020-08-08T13:08:31.101+0300][211.316s][debug][gc] GC(1411) Shrinking ParOldGen from 205824K by 20480K to 185344K
[2020-08-08T13:08:31.101+0300][211.316s][info ][gc] GC(1411) Pause Full (Ergonomics) 193M->59M(295M) 128.479ms
[2020-08-08T13:08:31.278+0300][211.493s][info ][gc] GC(1412) Pause Young (Allocation Failure) 117M->117M(295M) 167.183ms
[2020-08-08T13:08:31.486+0300][211.701s][info ][gc] GC(1413) Pause Young (Allocation Failure) 175M->175M(295M) 200.662ms
[2020-08-08T13:08:31.556+0300][211.771s][debug][gc] GC(1414) Shrinking ParOldGen from 185344K by 18944K to 166400K
[2020-08-08T13:08:31.556+0300][211.771s][info ][gc] GC(1414) Pause Full (Ergonomics) 175M->41M(276M) 69.550ms
[2020-08-08T13:08:31.740+0300][211.955s][info ][gc] GC(1415) Pause Young (Allocation Failure) 98M->98M(276M) 171.282ms
[2020-08-08T13:08:32.008+0300][212.223s][info ][gc] GC(1416) Pause Young (Allocation Failure) 156M->156M(276M) 256.990ms
[2020-08-08T13:08:32.023+0300][212.238s][debug][gc] GC(1417) Shrinking ParOldGen from 166400K by 18944K to 147456K
[2020-08-08T13:08:32.024+0300][212.239s][info ][gc] GC(1417) Pause Full (Ergonomics) 156M->22M(258M) 15.642ms
[2020-08-08T13:08:32.195+0300][212.410s][info ][gc] GC(1418) Pause Young (Allocation Failure) 80M->80M(258M) 161.874ms
[2020-08-08T13:08:32.535+0300][212.750s][info ][gc] GC(1419) Pause Young (Allocation Failure) 136M->136M(258M) 330.644ms
[2020-08-08T13:08:32.541+0300][212.756s][debug][gc] GC(1420) Shrinking ParOldGen from 147456K by 20992K to 126464K
[2020-08-08T13:08:32.541+0300][212.756s][info ][gc] GC(1420) Pause Full (Ergonomics) 136M->2M(237M) 6.171ms
[2020-08-08T13:08:32.591+0300][212.805s][info ][gc] GC(1421) Pause Young (Allocation Failure) 60M->59M(237M) 37.087ms
[2020-08-08T13:08:32.699+0300][212.913s][info ][gc] GC(1422) Pause Young (Allocation Failure) 117M->117M(237M) 97.227ms
[2020-08-08T13:08:32.994+0300][213.209s][debug][gc] GC(1423) Expanding ParOldGen from 126464K by 117760K to 244224K
[2020-08-08T13:08:32.994+0300][213.209s][info ][gc] GC(1423) Pause Full (Ergonomics) 117M->117M(352M) 295.407ms
[2020-08-08T13:08:33.041+0300][213.256s][info ][gc] GC(1424) Pause Young (Allocation Failure) 174M->174M(352M) 39.760ms
[2020-08-08T13:08:33.140+0300][213.355s][info ][gc] GC(1425) Pause Young (Allocation Failure) 232M->232M(352M) 88.281ms
[2020-08-08T13:08:33.382+0300][213.597s][debug][gc] GC(1426) Shrinking ParOldGen from 244224K by 19456K to 224768K
[2020-08-08T13:08:33.382+0300][213.597s][info ][gc] GC(1426) Pause Full (Ergonomics) 232M->98M(333M) 242.265ms
[2020-08-08T13:08:33.505+0300][213.720s][info ][gc] GC(1427) Pause Young (Allocation Failure) 156M->156M(333M) 114.955ms
[2020-08-08T13:08:33.596+0300][213.810s][info ][gc] GC(1428) Pause Young (Allocation Failure) 213M->213M(333M) 77.463ms
[2020-08-08T13:08:33.774+0300][213.989s][debug][gc] GC(1429) Shrinking ParOldGen from 224768K by 18944K to 205824K
[2020-08-08T13:08:33.774+0300][213.989s][info ][gc] GC(1429) Pause Full (Ergonomics) 213M->79M(315M) 178.313ms
[2020-08-08T13:08:33.948+0300][214.163s][info ][gc] GC(1430) Pause Young (Allocation Failure) 137M->136M(315M) 164.530ms
[2020-08-08T13:08:34.057+0300][214.272s][info ][gc] GC(1431) Pause Young (Allocation Failure) 193M->193M(315M) 100.853ms
[2020-08-08T13:08:34.179+0300][214.394s][debug][gc] GC(1432) Shrinking ParOldGen from 205824K by 20480K to 185344K
[2020-08-08T13:08:34.179+0300][214.394s][info ][gc] GC(1432) Pause Full (Ergonomics) 193M->59M(295M) 121.782ms
[2020-08-08T13:08:34.356+0300][214.571s][info ][gc] GC(1433) Pause Young (Allocation Failure) 117M->117M(295M) 167.136ms
[2020-08-08T13:08:34.564+0300][214.779s][info ][gc] GC(1434) Pause Young (Allocation Failure) 175M->175M(295M) 200.393ms
[2020-08-08T13:08:34.635+0300][214.850s][debug][gc] GC(1435) Shrinking ParOldGen from 185344K by 18944K to 166400K
[2020-08-08T13:08:34.635+0300][214.850s][info ][gc] GC(1435) Pause Full (Ergonomics) 175M->41M(276M) 70.516ms
[2020-08-08T13:08:34.818+0300][215.033s][info ][gc] GC(1436) Pause Young (Allocation Failure) 98M->98M(276M) 169.942ms
[2020-08-08T13:08:35.103+0300][215.318s][info ][gc] GC(1437) Pause Young (Allocation Failure) 156M->156M(276M) 277.732ms
[2020-08-08T13:08:35.118+0300][215.333s][debug][gc] GC(1438) Shrinking ParOldGen from 166400K by 18944K to 147456K
[2020-08-08T13:08:35.118+0300][215.333s][info ][gc] GC(1438) Pause Full (Ergonomics) 156M->22M(258M) 15.564ms
[2020-08-08T13:08:35.301+0300][215.516s][info ][gc] GC(1439) Pause Young (Allocation Failure) 80M->80M(258M) 172.280ms
[2020-08-08T13:08:35.647+0300][215.862s][info ][gc] GC(1440) Pause Young (Allocation Failure) 136M->136M(258M) 336.982ms
[2020-08-08T13:08:35.653+0300][215.868s][debug][gc] GC(1441) Shrinking ParOldGen from 147456K by 20992K to 126464K
[2020-08-08T13:08:35.653+0300][215.868s][info ][gc] GC(1441) Pause Full (Ergonomics) 136M->2M(237M) 6.157ms
[2020-08-08T13:08:35.703+0300][215.918s][info ][gc] GC(1442) Pause Young (Allocation Failure) 60M->59M(237M) 37.485ms
[2020-08-08T13:08:35.809+0300][216.024s][info ][gc] GC(1443) Pause Young (Allocation Failure) 117M->117M(237M) 97.114ms
[2020-08-08T13:08:36.108+0300][216.323s][debug][gc] GC(1444) Expanding ParOldGen from 126464K by 117760K to 244224K
[2020-08-08T13:08:36.108+0300][216.323s][info ][gc] GC(1444) Pause Full (Ergonomics) 117M->117M(352M) 298.698ms
[2020-08-08T13:08:36.158+0300][216.373s][info ][gc] GC(1445) Pause Young (Allocation Failure) 174M->174M(352M) 42.009ms
[2020-08-08T13:08:36.257+0300][216.472s][info ][gc] GC(1446) Pause Young (Allocation Failure) 232M->232M(352M) 89.383ms
[2020-08-08T13:08:36.512+0300][216.727s][debug][gc] GC(1447) Shrinking ParOldGen from 244224K by 19456K to 224768K
[2020-08-08T13:08:36.512+0300][216.727s][info ][gc] GC(1447) Pause Full (Ergonomics) 232M->98M(333M) 255.124ms
[2020-08-08T13:08:36.623+0300][216.838s][info ][gc] GC(1448) Pause Young (Allocation Failure) 156M->156M(333M) 103.232ms
[2020-08-08T13:08:36.711+0300][216.926s][info ][gc] GC(1449) Pause Young (Allocation Failure) 213M->213M(333M) 75.124ms
[2020-08-08T13:08:36.898+0300][217.113s][debug][gc] GC(1450) Shrinking ParOldGen from 224768K by 18944K to 205824K
[2020-08-08T13:08:36.898+0300][217.113s][info ][gc] GC(1450) Pause Full (Ergonomics) 213M->79M(315M) 187.112ms
[2020-08-08T13:08:37.076+0300][217.291s][info ][gc] GC(1451) Pause Young (Allocation Failure) 137M->136M(315M) 169.331ms
[2020-08-08T13:08:37.198+0300][217.413s][info ][gc] GC(1452) Pause Young (Allocation Failure) 193M->193M(315M) 114.034ms
[2020-08-08T13:08:37.320+0300][217.535s][debug][gc] GC(1453) Shrinking ParOldGen from 205824K by 20480K to 185344K
[2020-08-08T13:08:37.320+0300][217.535s][info ][gc] GC(1453) Pause Full (Ergonomics) 193M->59M(295M) 121.897ms
[2020-08-08T13:08:37.512+0300][217.727s][info ][gc] GC(1454) Pause Young (Allocation Failure) 117M->117M(295M) 182.135ms
[2020-08-08T13:08:37.710+0300][217.925s][info ][gc] GC(1455) Pause Young (Allocation Failure) 175M->175M(295M) 190.161ms
[2020-08-08T13:08:37.780+0300][217.995s][debug][gc] GC(1456) Shrinking ParOldGen from 185344K by 18944K to 166400K
[2020-08-08T13:08:37.780+0300][217.995s][info ][gc] GC(1456) Pause Full (Ergonomics) 175M->41M(276M) 70.345ms
[2020-08-08T13:08:37.963+0300][218.178s][info ][gc] GC(1457) Pause Young (Allocation Failure) 98M->98M(276M) 168.669ms
[2020-08-08T13:08:38.233+0300][218.448s][info ][gc] GC(1458) Pause Young (Allocation Failure) 156M->156M(276M) 262.015ms
[2020-08-08T13:08:38.248+0300][218.463s][debug][gc] GC(1459) Shrinking ParOldGen from 166400K by 18944K to 147456K
[2020-08-08T13:08:38.248+0300][218.463s][info ][gc] GC(1459) Pause Full (Ergonomics) 156M->22M(258M) 15.069ms
[2020-08-08T13:08:38.427+0300][218.642s][info ][gc] GC(1460) Pause Young (Allocation Failure) 80M->80M(258M) 168.873ms
[2020-08-08T13:08:38.770+0300][218.985s][info ][gc] GC(1461) Pause Young (Allocation Failure) 136M->136M(258M) 333.515ms
[2020-08-08T13:08:38.776+0300][218.991s][debug][gc] GC(1462) Shrinking ParOldGen from 147456K by 20992K to 126464K
[2020-08-08T13:08:38.776+0300][218.991s][info ][gc] GC(1462) Pause Full (Ergonomics) 136M->2M(237M) 6.188ms
[2020-08-08T13:08:38.824+0300][219.039s][info ][gc] GC(1463) Pause Young (Allocation Failure) 60M->59M(237M) 36.692ms
[2020-08-08T13:08:38.930+0300][219.145s][info ][gc] GC(1464) Pause Young (Allocation Failure) 117M->117M(237M) 96.095ms
[2020-08-08T13:08:39.236+0300][219.451s][debug][gc] GC(1465) Expanding ParOldGen from 126464K by 117760K to 244224K
[2020-08-08T13:08:39.236+0300][219.451s][info ][gc] GC(1465) Pause Full (Ergonomics) 117M->117M(352M) 305.510ms
[2020-08-08T13:08:39.290+0300][219.505s][info ][gc] GC(1466) Pause Young (Allocation Failure) 174M->174M(352M) 46.952ms
[2020-08-08T13:08:39.389+0300][219.604s][info ][gc] GC(1467) Pause Young (Allocation Failure) 232M->232M(352M) 88.782ms
[2020-08-08T13:08:39.640+0300][219.855s][debug][gc] GC(1468) Shrinking ParOldGen from 244224K by 19456K to 224768K
[2020-08-08T13:08:39.640+0300][219.855s][info ][gc] GC(1468) Pause Full (Ergonomics) 232M->98M(333M) 251.489ms
[2020-08-08T13:08:39.760+0300][219.975s][info ][gc] GC(1469) Pause Young (Allocation Failure) 156M->156M(333M) 111.921ms
[2020-08-08T13:08:39.852+0300][220.067s][info ][gc] GC(1470) Pause Young (Allocation Failure) 213M->213M(333M) 77.222ms
[2020-08-08T13:08:40.031+0300][220.246s][debug][gc] GC(1471) Shrinking ParOldGen from 224768K by 18944K to 205824K
[2020-08-08T13:08:40.031+0300][220.246s][info ][gc] GC(1471) Pause Full (Ergonomics) 213M->79M(315M) 179.403ms
[2020-08-08T13:08:40.214+0300][220.429s][info ][gc] GC(1472) Pause Young (Allocation Failure) 137M->136M(315M) 171.795ms
[2020-08-08T13:08:40.341+0300][220.556s][info ][gc] GC(1473) Pause Young (Allocation Failure) 193M->193M(315M) 116.968ms
[2020-08-08T13:08:40.468+0300][220.683s][debug][gc] GC(1474) Shrinking ParOldGen from 205824K by 20480K to 185344K
[2020-08-08T13:08:40.468+0300][220.683s][info ][gc] GC(1474) Pause Full (Ergonomics) 193M->59M(295M) 126.991ms
[2020-08-08T13:08:40.649+0300][220.864s][info ][gc] GC(1475) Pause Young (Allocation Failure) 117M->117M(295M) 169.743ms
[2020-08-08T13:08:40.851+0300][221.066s][info ][gc] GC(1476) Pause Young (Allocation Failure) 175M->175M(295M) 192.871ms
[2020-08-08T13:08:40.923+0300][221.138s][debug][gc] GC(1477) Shrinking ParOldGen from 185344K by 18944K to 166400K
[2020-08-08T13:08:40.923+0300][221.138s][info ][gc] GC(1477) Pause Full (Ergonomics) 175M->41M(276M) 72.490ms
[2020-08-08T13:08:41.081+0300][221.296s][info ][gc] GC(1478) Pause Young (Allocation Failure) 98M->98M(276M) 142.383ms
[2020-08-08T13:08:41.370+0300][221.585s][info ][gc] GC(1479) Pause Young (Allocation Failure) 156M->156M(276M) 279.045ms
[2020-08-08T13:08:41.385+0300][221.600s][debug][gc] GC(1480) Shrinking ParOldGen from 166400K by 18944K to 147456K
[2020-08-08T13:08:41.385+0300][221.600s][info ][gc] GC(1480) Pause Full (Ergonomics) 156M->22M(258M) 15.209ms
[2020-08-08T13:08:41.563+0300][221.778s][info ][gc] GC(1481) Pause Young (Allocation Failure) 80M->80M(258M) 167.355ms
[2020-08-08T13:08:41.895+0300][222.110s][info ][gc] GC(1482) Pause Young (Allocation Failure) 136M->136M(258M) 322.855ms
[2020-08-08T13:08:41.901+0300][222.116s][debug][gc] GC(1483) Shrinking ParOldGen from 147456K by 20992K to 126464K
[2020-08-08T13:08:41.901+0300][222.116s][info ][gc] GC(1483) Pause Full (Ergonomics) 136M->2M(237M) 5.973ms
[2020-08-08T13:08:41.947+0300][222.162s][info ][gc] GC(1484) Pause Young (Allocation Failure) 60M->59M(237M) 35.790ms
[2020-08-08T13:08:42.054+0300][222.269s][info ][gc] GC(1485) Pause Young (Allocation Failure) 117M->117M(237M) 97.413ms
[2020-08-08T13:08:42.340+0300][222.555s][debug][gc] GC(1486) Expanding ParOldGen from 126464K by 117760K to 244224K
[2020-08-08T13:08:42.340+0300][222.555s][info ][gc] GC(1486) Pause Full (Ergonomics) 117M->117M(352M) 286.486ms
[2020-08-08T13:08:42.394+0300][222.609s][info ][gc] GC(1487) Pause Young (Allocation Failure) 174M->174M(352M) 45.479ms
[2020-08-08T13:08:42.494+0300][222.709s][info ][gc] GC(1488) Pause Young (Allocation Failure) 232M->232M(352M) 88.898ms
[2020-08-08T13:08:42.738+0300][222.953s][debug][gc] GC(1489) Shrinking ParOldGen from 244224K by 19456K to 224768K
[2020-08-08T13:08:42.738+0300][222.953s][info ][gc] GC(1489) Pause Full (Ergonomics) 232M->98M(333M) 244.324ms
[2020-08-08T13:08:42.856+0300][223.071s][info ][gc] GC(1490) Pause Young (Allocation Failure) 156M->156M(333M) 109.819ms
[2020-08-08T13:08:42.949+0300][223.164s][info ][gc] GC(1491) Pause Young (Allocation Failure) 213M->213M(333M) 79.184ms
[2020-08-08T13:08:43.125+0300][223.340s][debug][gc] GC(1492) Shrinking ParOldGen from 224768K by 18944K to 205824K
[2020-08-08T13:08:43.125+0300][223.340s][info ][gc] GC(1492) Pause Full (Ergonomics) 213M->79M(315M) 176.007ms
[2020-08-08T13:08:43.302+0300][223.517s][info ][gc] GC(1493) Pause Young (Allocation Failure) 137M->136M(315M) 167.329ms
[2020-08-08T13:08:43.414+0300][223.629s][info ][gc] GC(1494) Pause Young (Allocation Failure) 193M->193M(315M) 103.486ms
[2020-08-08T13:08:43.537+0300][223.752s][debug][gc] GC(1495) Shrinking ParOldGen from 205824K by 20480K to 185344K
[2020-08-08T13:08:43.537+0300][223.752s][info ][gc] GC(1495) Pause Full (Ergonomics) 193M->59M(295M) 123.273ms
[2020-08-08T13:08:43.721+0300][223.936s][info ][gc] GC(1496) Pause Young (Allocation Failure) 117M->117M(295M) 174.456ms
[2020-08-08T13:08:43.912+0300][224.127s][info ][gc] GC(1497) Pause Young (Allocation Failure) 174M->175M(295M) 182.749ms
[2020-08-08T13:08:43.984+0300][224.199s][debug][gc] GC(1498) Shrinking ParOldGen from 185344K by 18944K to 166400K
[2020-08-08T13:08:43.984+0300][224.199s][info ][gc] GC(1498) Pause Full (Ergonomics) 175M->41M(276M) 71.739ms
[2020-08-08T13:08:44.163+0300][224.378s][info ][gc] GC(1499) Pause Young (Allocation Failure) 98M->98M(276M) 163.827ms
[2020-08-08T13:08:44.440+0300][224.655s][info ][gc] GC(1500) Pause Young (Allocation Failure) 156M->156M(276M) 269.188ms
[2020-08-08T13:08:44.456+0300][224.671s][debug][gc] GC(1501) Shrinking ParOldGen from 166400K by 18944K to 147456K
[2020-08-08T13:08:44.456+0300][224.671s][info ][gc] GC(1501) Pause Full (Ergonomics) 156M->22M(258M) 15.453ms
[2020-08-08T13:08:44.635+0300][224.850s][info ][gc] GC(1502) Pause Young (Allocation Failure) 80M->80M(258M) 168.992ms
[2020-08-08T13:08:44.963+0300][225.178s][info ][gc] GC(1503) Pause Young (Allocation Failure) 136M->136M(258M) 318.734ms
[2020-08-08T13:08:44.970+0300][225.184s][debug][gc] GC(1504) Shrinking ParOldGen from 147456K by 20992K to 126464K
[2020-08-08T13:08:44.970+0300][225.185s][info ][gc] GC(1504) Pause Full (Ergonomics) 136M->2M(237M) 6.113ms
[2020-08-08T13:08:45.019+0300][225.234s][info ][gc] GC(1505) Pause Young (Allocation Failure) 60M->59M(237M) 38.176ms
[2020-08-08T13:08:45.124+0300][225.339s][info ][gc] GC(1506) Pause Young (Allocation Failure) 117M->117M(237M) 95.798ms
[2020-08-08T13:08:45.427+0300][225.642s][debug][gc] GC(1507) Expanding ParOldGen from 126464K by 117760K to 244224K
[2020-08-08T13:08:45.427+0300][225.642s][info ][gc] GC(1507) Pause Full (Ergonomics) 117M->117M(352M) 302.592ms
[2020-08-08T13:08:45.478+0300][225.693s][info ][gc] GC(1508) Pause Young (Allocation Failure) 174M->174M(352M) 41.795ms
[2020-08-08T13:08:45.581+0300][225.796s][info ][gc] GC(1509) Pause Young (Allocation Failure) 232M->232M(352M) 92.411ms
[2020-08-08T13:08:45.823+0300][226.038s][debug][gc] GC(1510) Shrinking ParOldGen from 244224K by 19456K to 224768K
[2020-08-08T13:08:45.823+0300][226.038s][info ][gc] GC(1510) Pause Full (Ergonomics) 232M->98M(333M) 242.134ms
[2020-08-08T13:08:45.943+0300][226.158s][info ][gc] GC(1511) Pause Young (Allocation Failure) 156M->156M(333M) 111.424ms
[2020-08-08T13:08:46.047+0300][226.262s][info ][gc] GC(1512) Pause Young (Allocation Failure) 213M->213M(333M) 90.739ms
[2020-08-08T13:08:46.228+0300][226.443s][debug][gc] GC(1513) Shrinking ParOldGen from 224768K by 18944K to 205824K
[2020-08-08T13:08:46.228+0300][226.443s][info ][gc] GC(1513) Pause Full (Ergonomics) 213M->79M(315M) 180.466ms
[2020-08-08T13:08:46.399+0300][226.614s][info ][gc] GC(1514) Pause Young (Allocation Failure) 137M->136M(315M) 160.605ms
[2020-08-08T13:08:46.514+0300][226.729s][info ][gc] GC(1515) Pause Young (Allocation Failure) 193M->193M(315M) 105.907ms
[2020-08-08T13:08:46.639+0300][226.854s][debug][gc] GC(1516) Shrinking ParOldGen from 205824K by 20480K to 185344K
[2020-08-08T13:08:46.639+0300][226.854s][info ][gc] GC(1516) Pause Full (Ergonomics) 193M->59M(295M) 125.052ms
[2020-08-08T13:08:46.831+0300][227.046s][info ][gc] GC(1517) Pause Young (Allocation Failure) 117M->117M(295M) 178.600ms
[2020-08-08T13:08:47.023+0300][227.238s][info ][gc] GC(1518) Pause Young (Allocation Failure) 175M->175M(295M) 184.741ms
[2020-08-08T13:08:47.094+0300][227.309s][debug][gc] GC(1519) Shrinking ParOldGen from 185344K by 18944K to 166400K
[2020-08-08T13:08:47.094+0300][227.309s][info ][gc] GC(1519) Pause Full (Ergonomics) 175M->41M(276M) 70.412ms
[2020-08-08T13:08:47.275+0300][227.490s][info ][gc] GC(1520) Pause Young (Allocation Failure) 98M->98M(276M) 167.384ms
[2020-08-08T13:08:47.565+0300][227.780s][info ][gc] GC(1521) Pause Young (Allocation Failure) 156M->156M(276M) 283.434ms
[2020-08-08T13:08:47.581+0300][227.796s][debug][gc] GC(1522) Shrinking ParOldGen from 166400K by 18944K to 147456K
[2020-08-08T13:08:47.581+0300][227.796s][info ][gc] GC(1522) Pause Full (Ergonomics) 156M->22M(258M) 15.281ms
[2020-08-08T13:08:47.758+0300][227.973s][info ][gc] GC(1523) Pause Young (Allocation Failure) 80M->80M(258M) 166.531ms
[2020-08-08T13:08:48.091+0300][228.306s][info ][gc] GC(1524) Pause Young (Allocation Failure) 136M->136M(258M) 323.144ms
[2020-08-08T13:08:48.097+0300][228.312s][debug][gc] GC(1525) Shrinking ParOldGen from 147456K by 20992K to 126464K
[2020-08-08T13:08:48.098+0300][228.313s][info ][gc] GC(1525) Pause Full (Ergonomics) 136M->2M(237M) 6.133ms
[2020-08-08T13:08:48.149+0300][228.364s][info ][gc] GC(1526) Pause Young (Allocation Failure) 60M->59M(237M) 38.131ms
[2020-08-08T13:08:48.255+0300][228.470s][info ][gc] GC(1527) Pause Young (Allocation Failure) 117M->117M(237M) 96.128ms
[2020-08-08T13:08:48.550+0300][228.765s][debug][gc] GC(1528) Expanding ParOldGen from 126464K by 117760K to 244224K
[2020-08-08T13:08:48.550+0300][228.765s][info ][gc] GC(1528) Pause Full (Ergonomics) 117M->117M(352M) 295.279ms
[2020-08-08T13:08:48.600+0300][228.815s][info ][gc] GC(1529) Pause Young (Allocation Failure) 174M->174M(352M) 42.010ms
[2020-08-08T13:08:48.704+0300][228.919s][info ][gc] GC(1530) Pause Young (Allocation Failure) 232M->232M(352M) 93.876ms
[2020-08-08T13:08:48.955+0300][229.170s][debug][gc] GC(1531) Shrinking ParOldGen from 244224K by 19456K to 224768K
[2020-08-08T13:08:48.955+0300][229.170s][info ][gc] GC(1531) Pause Full (Ergonomics) 232M->98M(333M) 250.957ms
[2020-08-08T13:08:49.081+0300][229.296s][info ][gc] GC(1532) Pause Young (Allocation Failure) 156M->156M(333M) 118.594ms
[2020-08-08T13:08:49.176+0300][229.391s][info ][gc] GC(1533) Pause Young (Allocation Failure) 213M->213M(333M) 82.658ms
[2020-08-08T13:08:49.359+0300][229.574s][debug][gc] GC(1534) Shrinking ParOldGen from 224768K by 18944K to 205824K
[2020-08-08T13:08:49.359+0300][229.574s][info ][gc] GC(1534) Pause Full (Ergonomics) 213M->79M(315M) 183.459ms
[2020-08-08T13:08:49.538+0300][229.753s][info ][gc] GC(1535) Pause Young (Allocation Failure) 137M->136M(315M) 168.920ms
[2020-08-08T13:08:49.657+0300][229.872s][info ][gc] GC(1536) Pause Young (Allocation Failure) 193M->193M(315M) 110.495ms
[2020-08-08T13:08:49.782+0300][229.997s][debug][gc] GC(1537) Shrinking ParOldGen from 205824K by 20480K to 185344K
[2020-08-08T13:08:49.782+0300][229.997s][info ][gc] GC(1537) Pause Full (Ergonomics) 193M->59M(295M) 124.755ms
[2020-08-08T13:08:49.956+0300][230.170s][info ][gc] GC(1538) Pause Young (Allocation Failure) 117M->117M(295M) 163.628ms
[2020-08-08T13:08:50.148+0300][230.363s][info ][gc] GC(1539) Pause Young (Allocation Failure) 175M->175M(295M) 185.042ms
[2020-08-08T13:08:50.218+0300][230.432s][debug][gc] GC(1540) Shrinking ParOldGen from 185344K by 18944K to 166400K
[2020-08-08T13:08:50.218+0300][230.433s][info ][gc] GC(1540) Pause Full (Ergonomics) 175M->41M(276M) 69.282ms
[2020-08-08T13:08:50.398+0300][230.613s][info ][gc] GC(1541) Pause Young (Allocation Failure) 98M->98M(276M) 167.049ms
[2020-08-08T13:08:50.675+0300][230.890s][info ][gc] GC(1542) Pause Young (Allocation Failure) 156M->156M(276M) 268.439ms
[2020-08-08T13:08:50.692+0300][230.907s][debug][gc] GC(1543) Shrinking ParOldGen from 166400K by 18944K to 147456K
[2020-08-08T13:08:50.692+0300][230.907s][info ][gc] GC(1543) Pause Full (Ergonomics) 156M->22M(258M) 16.999ms
[2020-08-08T13:08:50.877+0300][231.092s][info ][gc] GC(1544) Pause Young (Allocation Failure) 80M->80M(258M) 173.334ms
[2020-08-08T13:08:51.213+0300][231.428s][info ][gc] GC(1545) Pause Young (Allocation Failure) 136M->136M(258M) 325.754ms
[2020-08-08T13:08:51.219+0300][231.434s][debug][gc] GC(1546) Shrinking ParOldGen from 147456K by 20992K to 126464K
[2020-08-08T13:08:51.219+0300][231.434s][info ][gc] GC(1546) Pause Full (Ergonomics) 136M->2M(237M) 6.103ms
[2020-08-08T13:08:51.267+0300][231.482s][info ][gc] GC(1547) Pause Young (Allocation Failure) 60M->59M(237M) 36.318ms
[2020-08-08T13:08:51.377+0300][231.592s][info ][gc] GC(1548) Pause Young (Allocation Failure) 117M->117M(237M) 98.314ms
[2020-08-08T13:08:51.684+0300][231.899s][debug][gc] GC(1549) Expanding ParOldGen from 126464K by 117760K to 244224K
[2020-08-08T13:08:51.684+0300][231.899s][info ][gc] GC(1549) Pause Full (Ergonomics) 117M->117M(352M) 306.477ms
[2020-08-08T13:08:51.739+0300][231.954s][info ][gc] GC(1550) Pause Young (Allocation Failure) 174M->174M(352M) 47.058ms
[2020-08-08T13:08:51.838+0300][232.053s][info ][gc] GC(1551) Pause Young (Allocation Failure) 232M->232M(352M) 88.934ms
[2020-08-08T13:08:52.078+0300][232.293s][debug][gc] GC(1552) Shrinking ParOldGen from 244224K by 19456K to 224768K
[2020-08-08T13:08:52.078+0300][232.293s][info ][gc] GC(1552) Pause Full (Ergonomics) 232M->98M(333M) 239.504ms
[2020-08-08T13:08:52.190+0300][232.405s][info ][gc] GC(1553) Pause Young (Allocation Failure) 156M->156M(333M) 104.014ms
[2020-08-08T13:08:52.278+0300][232.493s][info ][gc] GC(1554) Pause Young (Allocation Failure) 213M->213M(333M) 76.601ms
[2020-08-08T13:08:52.460+0300][232.675s][debug][gc] GC(1555) Shrinking ParOldGen from 224768K by 18944K to 205824K
[2020-08-08T13:08:52.460+0300][232.675s][info ][gc] GC(1555) Pause Full (Ergonomics) 213M->79M(315M) 182.204ms
[2020-08-08T13:08:52.642+0300][232.857s][info ][gc] GC(1556) Pause Young (Allocation Failure) 137M->136M(315M) 172.518ms
[2020-08-08T13:08:52.762+0300][232.977s][info ][gc] GC(1557) Pause Young (Allocation Failure) 193M->193M(315M) 109.765ms
[2020-08-08T13:08:52.887+0300][233.102s][debug][gc] GC(1558) Shrinking ParOldGen from 205824K by 20480K to 185344K
[2020-08-08T13:08:52.888+0300][233.103s][info ][gc] GC(1558) Pause Full (Ergonomics) 193M->59M(295M) 125.236ms
[2020-08-08T13:08:53.077+0300][233.292s][info ][gc] GC(1559) Pause Young (Allocation Failure) 117M->117M(295M) 178.701ms
[2020-08-08T13:08:53.281+0300][233.496s][info ][gc] GC(1560) Pause Young (Allocation Failure) 175M->175M(295M) 197.554ms
[2020-08-08T13:08:53.352+0300][233.567s][debug][gc] GC(1561) Shrinking ParOldGen from 185344K by 18944K to 166400K
[2020-08-08T13:08:53.352+0300][233.567s][info ][gc] GC(1561) Pause Full (Ergonomics) 175M->41M(276M) 70.545ms
[2020-08-08T13:08:53.532+0300][233.746s][info ][gc] GC(1562) Pause Young (Allocation Failure) 98M->98M(276M) 166.393ms
[2020-08-08T13:08:53.815+0300][234.030s][info ][gc] GC(1563) Pause Young (Allocation Failure) 156M->156M(276M) 275.879ms
[2020-08-08T13:08:53.833+0300][234.048s][debug][gc] GC(1564) Shrinking ParOldGen from 166400K by 18944K to 147456K
[2020-08-08T13:08:53.833+0300][234.048s][info ][gc] GC(1564) Pause Full (Ergonomics) 156M->22M(258M) 17.640ms
[2020-08-08T13:08:54.020+0300][234.235s][info ][gc] GC(1565) Pause Young (Allocation Failure) 80M->80M(258M) 175.744ms
[2020-08-08T13:08:54.353+0300][234.568s][info ][gc] GC(1566) Pause Young (Allocation Failure) 136M->136M(258M) 324.494ms
[2020-08-08T13:08:54.359+0300][234.574s][debug][gc] GC(1567) Shrinking ParOldGen from 147456K by 20992K to 126464K
[2020-08-08T13:08:54.360+0300][234.574s][info ][gc] GC(1567) Pause Full (Ergonomics) 136M->2M(237M) 6.699ms
[2020-08-08T13:08:54.408+0300][234.623s][info ][gc] GC(1568) Pause Young (Allocation Failure) 60M->59M(237M) 35.341ms
[2020-08-08T13:08:54.523+0300][234.738s][info ][gc] GC(1569) Pause Young (Allocation Failure) 117M->117M(237M) 102.769ms
[2020-08-08T13:08:54.827+0300][235.042s][debug][gc] GC(1570) Expanding ParOldGen from 126464K by 117760K to 244224K
[2020-08-08T13:08:54.827+0300][235.042s][info ][gc] GC(1570) Pause Full (Ergonomics) 117M->117M(352M) 303.861ms
[2020-08-08T13:08:54.873+0300][235.088s][info ][gc] GC(1571) Pause Young (Allocation Failure) 174M->174M(352M) 38.542ms
[2020-08-08T13:08:54.972+0300][235.187s][info ][gc] GC(1572) Pause Young (Allocation Failure) 232M->232M(352M) 89.915ms
[2020-08-08T13:08:55.214+0300][235.429s][debug][gc] GC(1573) Shrinking ParOldGen from 244224K by 19456K to 224768K
[2020-08-08T13:08:55.214+0300][235.429s][info ][gc] GC(1573) Pause Full (Ergonomics) 232M->98M(333M) 242.168ms
[2020-08-08T13:08:55.324+0300][235.539s][info ][gc] GC(1574) Pause Young (Allocation Failure) 156M->156M(333M) 100.775ms
[2020-08-08T13:08:55.414+0300][235.629s][info ][gc] GC(1575) Pause Young (Allocation Failure) 213M->213M(333M) 77.131ms
[2020-08-08T13:08:55.598+0300][235.813s][debug][gc] GC(1576) Shrinking ParOldGen from 224768K by 18944K to 205824K
[2020-08-08T13:08:55.598+0300][235.813s][info ][gc] GC(1576) Pause Full (Ergonomics) 213M->79M(315M) 183.994ms
[2020-08-08T13:08:55.782+0300][235.997s][info ][gc] GC(1577) Pause Young (Allocation Failure) 137M->136M(315M) 173.230ms
[2020-08-08T13:08:55.900+0300][236.115s][info ][gc] GC(1578) Pause Young (Allocation Failure) 193M->193M(315M) 108.835ms
[2020-08-08T13:08:56.025+0300][236.240s][debug][gc] GC(1579) Shrinking ParOldGen from 205824K by 20480K to 185344K
[2020-08-08T13:08:56.026+0300][236.241s][info ][gc] GC(1579) Pause Full (Ergonomics) 193M->59M(295M) 125.632ms
[2020-08-08T13:08:56.200+0300][236.415s][info ][gc] GC(1580) Pause Young (Allocation Failure) 117M->117M(295M) 164.457ms
[2020-08-08T13:08:56.397+0300][236.612s][info ][gc] GC(1581) Pause Young (Allocation Failure) 175M->175M(295M) 189.903ms
[2020-08-08T13:08:56.470+0300][236.685s][debug][gc] GC(1582) Shrinking ParOldGen from 185344K by 18944K to 166400K
[2020-08-08T13:08:56.470+0300][236.685s][info ][gc] GC(1582) Pause Full (Ergonomics) 175M->41M(276M) 72.319ms
[2020-08-08T13:08:56.640+0300][236.854s][info ][gc] GC(1583) Pause Young (Allocation Failure) 98M->98M(276M) 157.057ms
[2020-08-08T13:08:56.925+0300][237.140s][info ][gc] GC(1584) Pause Young (Allocation Failure) 156M->156M(276M) 277.049ms
[2020-08-08T13:08:56.940+0300][237.155s][debug][gc] GC(1585) Shrinking ParOldGen from 166400K by 18944K to 147456K
[2020-08-08T13:08:56.940+0300][237.155s][info ][gc] GC(1585) Pause Full (Ergonomics) 156M->22M(258M) 15.433ms
[2020-08-08T13:08:57.119+0300][237.334s][info ][gc] GC(1586) Pause Young (Allocation Failure) 80M->80M(258M) 167.487ms
[2020-08-08T13:08:57.448+0300][237.663s][info ][gc] GC(1587) Pause Young (Allocation Failure) 136M->136M(258M) 319.870ms
[2020-08-08T13:08:57.454+0300][237.669s][debug][gc] GC(1588) Shrinking ParOldGen from 147456K by 20992K to 126464K
[2020-08-08T13:08:57.454+0300][237.669s][info ][gc] GC(1588) Pause Full (Ergonomics) 136M->2M(237M) 6.098ms
[2020-08-08T13:08:57.502+0300][237.717s][info ][gc] GC(1589) Pause Young (Allocation Failure) 60M->59M(237M) 36.478ms
[2020-08-08T13:08:57.609+0300][237.824s][info ][gc] GC(1590) Pause Young (Allocation Failure) 117M->117M(237M) 97.481ms
[2020-08-08T13:08:57.917+0300][238.132s][debug][gc] GC(1591) Expanding ParOldGen from 126464K by 117760K to 244224K
[2020-08-08T13:08:57.917+0300][238.132s][info ][gc] GC(1591) Pause Full (Ergonomics) 117M->117M(352M) 307.607ms
[2020-08-08T13:08:57.967+0300][238.182s][info ][gc] GC(1592) Pause Young (Allocation Failure) 174M->174M(352M) 40.254ms
[2020-08-08T13:08:58.067+0300][238.282s][info ][gc] GC(1593) Pause Young (Allocation Failure) 232M->232M(352M) 89.905ms
[2020-08-08T13:08:58.317+0300][238.532s][debug][gc] GC(1594) Shrinking ParOldGen from 244224K by 19456K to 224768K
[2020-08-08T13:08:58.317+0300][238.532s][info ][gc] GC(1594) Pause Full (Ergonomics) 232M->98M(333M) 250.024ms
[2020-08-08T13:08:58.425+0300][238.640s][info ][gc] GC(1595) Pause Young (Allocation Failure) 156M->156M(333M) 100.500ms
[2020-08-08T13:08:58.524+0300][238.739s][info ][gc] GC(1596) Pause Young (Allocation Failure) 213M->213M(333M) 85.493ms
[2020-08-08T13:08:58.720+0300][238.935s][debug][gc] GC(1597) Shrinking ParOldGen from 224768K by 18944K to 205824K
[2020-08-08T13:08:58.720+0300][238.935s][info ][gc] GC(1597) Pause Full (Ergonomics) 213M->79M(315M) 195.801ms
[2020-08-08T13:08:58.893+0300][239.108s][info ][gc] GC(1598) Pause Young (Allocation Failure) 137M->136M(315M) 163.565ms
[2020-08-08T13:08:59.007+0300][239.222s][info ][gc] GC(1599) Pause Young (Allocation Failure) 193M->193M(315M) 105.903ms
[2020-08-08T13:08:59.132+0300][239.346s][debug][gc] GC(1600) Shrinking ParOldGen from 205824K by 20480K to 185344K
[2020-08-08T13:08:59.132+0300][239.347s][info ][gc] GC(1600) Pause Full (Ergonomics) 193M->59M(295M) 124.901ms
[2020-08-08T13:08:59.319+0300][239.534s][info ][gc] GC(1601) Pause Young (Allocation Failure) 117M->117M(295M) 176.321ms
[2020-08-08T13:08:59.526+0300][239.741s][info ][gc] GC(1602) Pause Young (Allocation Failure) 174M->175M(295M) 199.835ms
[2020-08-08T13:08:59.597+0300][239.812s][debug][gc] GC(1603) Shrinking ParOldGen from 185344K by 18944K to 166400K
[2020-08-08T13:08:59.597+0300][239.812s][info ][gc] GC(1603) Pause Full (Ergonomics) 175M->41M(276M) 71.276ms
[2020-08-08T13:08:59.768+0300][239.983s][info ][gc] GC(1604) Pause Young (Allocation Failure) 98M->98M(276M) 157.907ms
[2020-08-08T13:09:00.057+0300][240.272s][info ][gc] GC(1605) Pause Young (Allocation Failure) 156M->156M(276M) 281.434ms
[2020-08-08T13:09:00.072+0300][240.287s][debug][gc] GC(1606) Shrinking ParOldGen from 166400K by 18944K to 147456K
[2020-08-08T13:09:00.072+0300][240.287s][info ][gc] GC(1606) Pause Full (Ergonomics) 156M->22M(258M) 15.575ms
[2020-08-08T13:09:00.252+0300][240.466s][info ][gc] GC(1607) Pause Young (Allocation Failure) 80M->80M(258M) 168.076ms
[2020-08-08T13:09:00.591+0300][240.806s][info ][gc] GC(1608) Pause Young (Allocation Failure) 136M->136M(258M) 330.839ms
[2020-08-08T13:09:00.598+0300][240.813s][debug][gc] GC(1609) Shrinking ParOldGen from 147456K by 20992K to 126464K
[2020-08-08T13:09:00.598+0300][240.813s][info ][gc] GC(1609) Pause Full (Ergonomics) 136M->2M(237M) 6.388ms
[2020-08-08T13:09:00.646+0300][240.861s][info ][gc] GC(1610) Pause Young (Allocation Failure) 60M->59M(237M) 37.561ms
[2020-08-08T13:09:00.751+0300][240.966s][info ][gc] GC(1611) Pause Young (Allocation Failure) 117M->117M(237M) 95.313ms
[2020-08-08T13:09:01.032+0300][241.247s][debug][gc] GC(1612) Expanding ParOldGen from 126464K by 117760K to 244224K
[2020-08-08T13:09:01.033+0300][241.248s][info ][gc] GC(1612) Pause Full (Ergonomics) 117M->117M(352M) 281.356ms
[2020-08-08T13:09:01.084+0300][241.299s][info ][gc] GC(1613) Pause Young (Allocation Failure) 174M->174M(352M) 43.678ms
[2020-08-08T13:09:01.184+0300][241.399s][info ][gc] GC(1614) Pause Young (Allocation Failure) 232M->232M(352M) 89.989ms
[2020-08-08T13:09:01.424+0300][241.639s][debug][gc] GC(1615) Shrinking ParOldGen from 244224K by 19456K to 224768K
[2020-08-08T13:09:01.424+0300][241.639s][info ][gc] GC(1615) Pause Full (Ergonomics) 232M->98M(333M) 240.481ms
[2020-08-08T13:09:01.527+0300][241.742s][info ][gc] GC(1616) Pause Young (Allocation Failure) 156M->156M(333M) 94.467ms
[2020-08-08T13:09:01.615+0300][241.830s][info ][gc] GC(1617) Pause Young (Allocation Failure) 213M->213M(333M) 77.453ms
[2020-08-08T13:09:01.804+0300][242.019s][debug][gc] GC(1618) Shrinking ParOldGen from 224768K by 18944K to 205824K
[2020-08-08T13:09:01.804+0300][242.019s][info ][gc] GC(1618) Pause Full (Ergonomics) 213M->79M(315M) 188.302ms
[2020-08-08T13:09:01.983+0300][242.198s][info ][gc] GC(1619) Pause Young (Allocation Failure) 137M->136M(315M) 169.382ms
[2020-08-08T13:09:02.110+0300][242.325s][info ][gc] GC(1620) Pause Young (Allocation Failure) 193M->193M(315M) 119.165ms
[2020-08-08T13:09:02.235+0300][242.450s][debug][gc] GC(1621) Shrinking ParOldGen from 205824K by 20480K to 185344K
[2020-08-08T13:09:02.235+0300][242.450s][info ][gc] GC(1621) Pause Full (Ergonomics) 193M->59M(295M) 125.078ms
[2020-08-08T13:09:02.420+0300][242.635s][info ][gc] GC(1622) Pause Young (Allocation Failure) 117M->117M(295M) 175.508ms
[2020-08-08T13:09:02.615+0300][242.830s][info ][gc] GC(1623) Pause Young (Allocation Failure) 175M->175M(295M) 186.711ms
[2020-08-08T13:09:02.685+0300][242.900s][debug][gc] GC(1624) Shrinking ParOldGen from 185344K by 18944K to 166400K
[2020-08-08T13:09:02.685+0300][242.900s][info ][gc] GC(1624) Pause Full (Ergonomics) 175M->41M(276M) 70.565ms
[2020-08-08T13:09:02.847+0300][243.062s][info ][gc] GC(1625) Pause Young (Allocation Failure) 98M->98M(276M) 147.030ms
[2020-08-08T13:09:03.127+0300][243.342s][info ][gc] GC(1626) Pause Young (Allocation Failure) 156M->156M(276M) 272.586ms
[2020-08-08T13:09:03.143+0300][243.358s][debug][gc] GC(1627) Shrinking ParOldGen from 166400K by 18944K to 147456K
[2020-08-08T13:09:03.143+0300][243.358s][info ][gc] GC(1627) Pause Full (Ergonomics) 156M->22M(258M) 16.527ms
[2020-08-08T13:09:03.323+0300][243.538s][info ][gc] GC(1628) Pause Young (Allocation Failure) 80M->80M(258M) 168.786ms
[2020-08-08T13:09:03.657+0300][243.872s][info ][gc] GC(1629) Pause Young (Allocation Failure) 136M->136M(258M) 325.753ms
[2020-08-08T13:09:03.663+0300][243.878s][debug][gc] GC(1630) Shrinking ParOldGen from 147456K by 20992K to 126464K
[2020-08-08T13:09:03.663+0300][243.878s][info ][gc] GC(1630) Pause Full (Ergonomics) 136M->2M(237M) 6.018ms
[2020-08-08T13:09:03.713+0300][243.928s][info ][gc] GC(1631) Pause Young (Allocation Failure) 60M->59M(237M) 35.442ms
[2020-08-08T13:09:03.817+0300][244.032s][info ][gc] GC(1632) Pause Young (Allocation Failure) 117M->117M(237M) 94.044ms
[2020-08-08T13:09:04.123+0300][244.338s][debug][gc] GC(1633) Expanding ParOldGen from 126464K by 117760K to 244224K
[2020-08-08T13:09:04.123+0300][244.338s][info ][gc] GC(1633) Pause Full (Ergonomics) 117M->117M(352M) 306.104ms
[2020-08-08T13:09:04.174+0300][244.389s][info ][gc] GC(1634) Pause Young (Allocation Failure) 174M->174M(352M) 43.541ms
[2020-08-08T13:09:04.275+0300][244.490s][info ][gc] GC(1635) Pause Young (Allocation Failure) 232M->232M(352M) 89.938ms
[2020-08-08T13:09:04.517+0300][244.732s][debug][gc] GC(1636) Shrinking ParOldGen from 244224K by 19456K to 224768K
[2020-08-08T13:09:04.518+0300][244.733s][info ][gc] GC(1636) Pause Full (Ergonomics) 232M->98M(333M) 242.673ms
[2020-08-08T13:09:04.642+0300][244.857s][info ][gc] GC(1637) Pause Young (Allocation Failure) 156M->156M(333M) 116.177ms
[2020-08-08T13:09:04.733+0300][244.948s][info ][gc] GC(1638) Pause Young (Allocation Failure) 213M->213M(333M) 78.905ms
[2020-08-08T13:09:04.909+0300][245.124s][debug][gc] GC(1639) Shrinking ParOldGen from 224768K by 18944K to 205824K
[2020-08-08T13:09:04.909+0300][245.124s][info ][gc] GC(1639) Pause Full (Ergonomics) 213M->79M(315M) 175.869ms
[2020-08-08T13:09:05.092+0300][245.307s][info ][gc] GC(1640) Pause Young (Allocation Failure) 137M->136M(315M) 172.798ms
[2020-08-08T13:09:05.208+0300][245.423s][info ][gc] GC(1641) Pause Young (Allocation Failure) 193M->193M(315M) 108.531ms
[2020-08-08T13:09:05.333+0300][245.548s][debug][gc] GC(1642) Shrinking ParOldGen from 205824K by 20480K to 185344K
[2020-08-08T13:09:05.333+0300][245.548s][info ][gc] GC(1642) Pause Full (Ergonomics) 193M->59M(295M) 125.103ms
[2020-08-08T13:09:05.523+0300][245.738s][info ][gc] GC(1643) Pause Young (Allocation Failure) 117M->117M(295M) 179.999ms
[2020-08-08T13:09:05.713+0300][245.928s][info ][gc] GC(1644) Pause Young (Allocation Failure) 175M->175M(295M) 181.996ms
[2020-08-08T13:09:05.783+0300][245.998s][debug][gc] GC(1645) Shrinking ParOldGen from 185344K by 18944K to 166400K
[2020-08-08T13:09:05.783+0300][245.998s][info ][gc] GC(1645) Pause Full (Ergonomics) 175M->41M(276M) 70.053ms
[2020-08-08T13:09:05.953+0300][246.168s][info ][gc] GC(1646) Pause Young (Allocation Failure) 98M->98M(276M) 154.939ms
[2020-08-08T13:09:06.238+0300][246.453s][info ][gc] GC(1647) Pause Young (Allocation Failure) 156M->156M(276M) 277.894ms
[2020-08-08T13:09:06.254+0300][246.469s][debug][gc] GC(1648) Shrinking ParOldGen from 166400K by 18944K to 147456K
[2020-08-08T13:09:06.254+0300][246.469s][info ][gc] GC(1648) Pause Full (Ergonomics) 156M->22M(258M) 15.552ms
[2020-08-08T13:09:06.435+0300][246.650s][info ][gc] GC(1649) Pause Young (Allocation Failure) 80M->80M(258M) 170.233ms
[2020-08-08T13:09:06.759+0300][246.974s][info ][gc] GC(1650) Pause Young (Allocation Failure) 136M->136M(258M) 314.243ms
[2020-08-08T13:09:06.766+0300][246.980s][debug][gc] GC(1651) Shrinking ParOldGen from 147456K by 20992K to 126464K
[2020-08-08T13:09:06.766+0300][246.981s][info ][gc] GC(1651) Pause Full (Ergonomics) 136M->2M(237M) 6.272ms
[2020-08-08T13:09:06.815+0300][247.029s][info ][gc] GC(1652) Pause Young (Allocation Failure) 60M->59M(237M) 37.154ms
[2020-08-08T13:09:06.921+0300][247.136s][info ][gc] GC(1653) Pause Young (Allocation Failure) 117M->117M(237M) 96.738ms
[2020-08-08T13:09:07.207+0300][247.422s][debug][gc] GC(1654) Expanding ParOldGen from 126464K by 117760K to 244224K
[2020-08-08T13:09:07.207+0300][247.422s][info ][gc] GC(1654) Pause Full (Ergonomics) 117M->117M(352M) 286.488ms
[2020-08-08T13:09:07.258+0300][247.473s][info ][gc] GC(1655) Pause Young (Allocation Failure) 174M->174M(352M) 42.517ms
[2020-08-08T13:09:07.357+0300][247.572s][info ][gc] GC(1656) Pause Young (Allocation Failure) 232M->232M(352M) 88.721ms
[2020-08-08T13:09:07.598+0300][247.813s][debug][gc] GC(1657) Shrinking ParOldGen from 244224K by 19456K to 224768K
[2020-08-08T13:09:07.598+0300][247.813s][info ][gc] GC(1657) Pause Full (Ergonomics) 232M->98M(333M) 240.885ms
[2020-08-08T13:09:07.720+0300][247.935s][info ][gc] GC(1658) Pause Young (Allocation Failure) 156M->156M(333M) 113.590ms
[2020-08-08T13:09:07.818+0300][248.033s][info ][gc] GC(1659) Pause Young (Allocation Failure) 213M->213M(333M) 83.398ms
[2020-08-08T13:09:08.001+0300][248.216s][debug][gc] GC(1660) Shrinking ParOldGen from 224768K by 18944K to 205824K
[2020-08-08T13:09:08.001+0300][248.216s][info ][gc] GC(1660) Pause Full (Ergonomics) 213M->79M(315M) 183.136ms
[2020-08-08T13:09:08.181+0300][248.396s][info ][gc] GC(1661) Pause Young (Allocation Failure) 137M->136M(315M) 170.597ms
[2020-08-08T13:09:08.315+0300][248.530s][info ][gc] GC(1662) Pause Young (Allocation Failure) 193M->193M(315M) 125.166ms
[2020-08-08T13:09:08.439+0300][248.654s][debug][gc] GC(1663) Shrinking ParOldGen from 205824K by 20480K to 185344K
[2020-08-08T13:09:08.439+0300][248.654s][info ][gc] GC(1663) Pause Full (Ergonomics) 193M->59M(295M) 124.522ms
[2020-08-08T13:09:08.628+0300][248.843s][info ][gc] GC(1664) Pause Young (Allocation Failure) 117M->117M(295M) 179.015ms
[2020-08-08T13:09:08.826+0300][249.041s][info ][gc] GC(1665) Pause Young (Allocation Failure) 175M->175M(295M) 189.685ms
[2020-08-08T13:09:08.896+0300][249.110s][debug][gc] GC(1666) Shrinking ParOldGen from 185344K by 18944K to 166400K
[2020-08-08T13:09:08.896+0300][249.111s][info ][gc] GC(1666) Pause Full (Ergonomics) 175M->41M(276M) 69.157ms
[2020-08-08T13:09:09.065+0300][249.280s][info ][gc] GC(1667) Pause Young (Allocation Failure) 98M->98M(276M) 157.271ms
[2020-08-08T13:09:09.337+0300][249.552s][info ][gc] GC(1668) Pause Young (Allocation Failure) 156M->156M(276M) 263.799ms
[2020-08-08T13:09:09.353+0300][249.568s][debug][gc] GC(1669) Shrinking ParOldGen from 166400K by 18944K to 147456K
[2020-08-08T13:09:09.353+0300][249.568s][info ][gc] GC(1669) Pause Full (Ergonomics) 156M->22M(258M) 16.058ms
[2020-08-08T13:09:09.537+0300][249.752s][info ][gc] GC(1670) Pause Young (Allocation Failure) 80M->80M(258M) 172.929ms
[2020-08-08T13:09:09.878+0300][250.093s][info ][gc] GC(1671) Pause Young (Allocation Failure) 136M->136M(258M) 331.147ms
[2020-08-08T13:09:09.884+0300][250.099s][debug][gc] GC(1672) Shrinking ParOldGen from 147456K by 20992K to 126464K
[2020-08-08T13:09:09.884+0300][250.099s][info ][gc] GC(1672) Pause Full (Ergonomics) 136M->2M(237M) 6.266ms
[2020-08-08T13:09:09.934+0300][250.149s][info ][gc] GC(1673) Pause Young (Allocation Failure) 60M->59M(237M) 38.929ms
[2020-08-08T13:09:10.039+0300][250.254s][info ][gc] GC(1674) Pause Young (Allocation Failure) 117M->117M(237M) 94.832ms
[2020-08-08T13:09:10.346+0300][250.561s][debug][gc] GC(1675) Expanding ParOldGen from 126464K by 117760K to 244224K
[2020-08-08T13:09:10.346+0300][250.561s][info ][gc] GC(1675) Pause Full (Ergonomics) 117M->117M(352M) 307.227ms
[2020-08-08T13:09:10.398+0300][250.613s][info ][gc] GC(1676) Pause Young (Allocation Failure) 174M->174M(352M) 43.109ms
[2020-08-08T13:09:10.497+0300][250.712s][info ][gc] GC(1677) Pause Young (Allocation Failure) 232M->232M(352M) 88.891ms
[2020-08-08T13:09:10.739+0300][250.954s][debug][gc] GC(1678) Shrinking ParOldGen from 244224K by 19456K to 224768K
[2020-08-08T13:09:10.739+0300][250.954s][info ][gc] GC(1678) Pause Full (Ergonomics) 232M->98M(333M) 242.135ms
[2020-08-08T13:09:10.846+0300][251.061s][info ][gc] GC(1679) Pause Young (Allocation Failure) 156M->156M(333M) 98.699ms
[2020-08-08T13:09:10.934+0300][251.149s][info ][gc] GC(1680) Pause Young (Allocation Failure) 213M->213M(333M) 76.495ms
[2020-08-08T13:09:11.131+0300][251.346s][debug][gc] GC(1681) Shrinking ParOldGen from 224768K by 18944K to 205824K
[2020-08-08T13:09:11.131+0300][251.346s][info ][gc] GC(1681) Pause Full (Ergonomics) 213M->79M(315M) 196.272ms
[2020-08-08T13:09:11.315+0300][251.530s][info ][gc] GC(1682) Pause Young (Allocation Failure) 137M->136M(315M) 174.517ms
[2020-08-08T13:09:11.429+0300][251.644s][info ][gc] GC(1683) Pause Young (Allocation Failure) 193M->193M(315M) 105.346ms
[2020-08-08T13:09:11.558+0300][251.773s][debug][gc] GC(1684) Shrinking ParOldGen from 205824K by 20480K to 185344K
[2020-08-08T13:09:11.558+0300][251.773s][info ][gc] GC(1684) Pause Full (Ergonomics) 193M->59M(295M) 128.603ms
[2020-08-08T13:09:11.742+0300][251.957s][info ][gc] GC(1685) Pause Young (Allocation Failure) 117M->117M(295M) 173.350ms
[2020-08-08T13:09:11.942+0300][252.157s][info ][gc] GC(1686) Pause Young (Allocation Failure) 175M->175M(295M) 189.633ms
[2020-08-08T13:09:12.012+0300][252.227s][debug][gc] GC(1687) Shrinking ParOldGen from 185344K by 18944K to 166400K
[2020-08-08T13:09:12.012+0300][252.227s][info ][gc] GC(1687) Pause Full (Ergonomics) 175M->41M(276M) 70.410ms
[2020-08-08T13:09:12.195+0300][252.409s][info ][gc] GC(1688) Pause Young (Allocation Failure) 98M->98M(276M) 168.846ms
[2020-08-08T13:09:12.472+0300][252.687s][info ][gc] GC(1689) Pause Young (Allocation Failure) 156M->156M(276M) 270.129ms
[2020-08-08T13:09:12.487+0300][252.702s][debug][gc] GC(1690) Shrinking ParOldGen from 166400K by 18944K to 147456K
[2020-08-08T13:09:12.487+0300][252.702s][info ][gc] GC(1690) Pause Full (Ergonomics) 156M->22M(258M) 15.204ms
[2020-08-08T13:09:12.670+0300][252.885s][info ][gc] GC(1691) Pause Young (Allocation Failure) 80M->80M(258M) 172.757ms
[2020-08-08T13:09:13.010+0300][253.225s][info ][gc] GC(1692) Pause Young (Allocation Failure) 136M->136M(258M) 331.021ms
[2020-08-08T13:09:13.016+0300][253.231s][debug][gc] GC(1693) Shrinking ParOldGen from 147456K by 20992K to 126464K
[2020-08-08T13:09:13.016+0300][253.231s][info ][gc] GC(1693) Pause Full (Ergonomics) 136M->2M(237M) 5.524ms
[2020-08-08T13:09:13.067+0300][253.282s][info ][gc] GC(1694) Pause Young (Allocation Failure) 60M->59M(237M) 37.065ms
[2020-08-08T13:09:13.171+0300][253.386s][info ][gc] GC(1695) Pause Young (Allocation Failure) 117M->117M(237M) 95.273ms
[2020-08-08T13:09:13.478+0300][253.693s][debug][gc] GC(1696) Expanding ParOldGen from 126464K by 117760K to 244224K
[2020-08-08T13:09:13.478+0300][253.693s][info ][gc] GC(1696) Pause Full (Ergonomics) 117M->117M(352M) 306.576ms
[2020-08-08T13:09:13.528+0300][253.743s][info ][gc] GC(1697) Pause Young (Allocation Failure) 174M->174M(352M) 41.527ms
[2020-08-08T13:09:13.626+0300][253.841s][info ][gc] GC(1698) Pause Young (Allocation Failure) 232M->232M(352M) 88.855ms
[2020-08-08T13:09:13.878+0300][254.093s][debug][gc] GC(1699) Shrinking ParOldGen from 244224K by 19456K to 224768K
[2020-08-08T13:09:13.878+0300][254.093s][info ][gc] GC(1699) Pause Full (Ergonomics) 232M->98M(333M) 251.205ms
[2020-08-08T13:09:13.989+0300][254.204s][info ][gc] GC(1700) Pause Young (Allocation Failure) 156M->156M(333M) 102.959ms
[2020-08-08T13:09:14.078+0300][254.293s][info ][gc] GC(1701) Pause Young (Allocation Failure) 213M->213M(333M) 75.907ms
[2020-08-08T13:09:14.260+0300][254.475s][debug][gc] GC(1702) Shrinking ParOldGen from 224768K by 18944K to 205824K
[2020-08-08T13:09:14.260+0300][254.475s][info ][gc] GC(1702) Pause Full (Ergonomics) 213M->79M(315M) 181.734ms
[2020-08-08T13:09:14.445+0300][254.660s][info ][gc] GC(1703) Pause Young (Allocation Failure) 137M->136M(315M) 174.789ms
[2020-08-08T13:09:14.574+0300][254.789s][info ][gc] GC(1704) Pause Young (Allocation Failure) 193M->193M(315M) 119.539ms
[2020-08-08T13:09:14.697+0300][254.912s][debug][gc] GC(1705) Shrinking ParOldGen from 205824K by 20480K to 185344K
[2020-08-08T13:09:14.698+0300][254.912s][info ][gc] GC(1705) Pause Full (Ergonomics) 193M->59M(295M) 123.915ms
[2020-08-08T13:09:14.886+0300][255.101s][info ][gc] GC(1706) Pause Young (Allocation Failure) 117M->117M(295M) 178.982ms
[2020-08-08T13:09:15.090+0300][255.305s][info ][gc] GC(1707) Pause Young (Allocation Failure) 175M->175M(295M) 194.739ms
[2020-08-08T13:09:15.160+0300][255.375s][debug][gc] GC(1708) Shrinking ParOldGen from 185344K by 18944K to 166400K
[2020-08-08T13:09:15.160+0300][255.375s][info ][gc] GC(1708) Pause Full (Ergonomics) 175M->41M(276M) 69.644ms
[2020-08-08T13:09:15.343+0300][255.558s][info ][gc] GC(1709) Pause Young (Allocation Failure) 98M->98M(276M) 170.098ms
[2020-08-08T13:09:15.628+0300][255.843s][info ][gc] GC(1710) Pause Young (Allocation Failure) 156M->156M(276M) 277.514ms
[2020-08-08T13:09:15.644+0300][255.859s][debug][gc] GC(1711) Shrinking ParOldGen from 166400K by 18944K to 147456K
[2020-08-08T13:09:15.644+0300][255.859s][info ][gc] GC(1711) Pause Full (Ergonomics) 156M->22M(258M) 15.591ms
[2020-08-08T13:09:15.828+0300][256.043s][info ][gc] GC(1712) Pause Young (Allocation Failure) 80M->80M(258M) 172.890ms
[2020-08-08T13:09:16.156+0300][256.371s][info ][gc] GC(1713) Pause Young (Allocation Failure) 136M->136M(258M) 318.172ms
[2020-08-08T13:09:16.162+0300][256.377s][debug][gc] GC(1714) Shrinking ParOldGen from 147456K by 20992K to 126464K
[2020-08-08T13:09:16.162+0300][256.377s][info ][gc] GC(1714) Pause Full (Ergonomics) 136M->2M(237M) 6.285ms
[2020-08-08T13:09:16.210+0300][256.425s][info ][gc] GC(1715) Pause Young (Allocation Failure) 60M->59M(237M) 35.502ms
[2020-08-08T13:09:16.316+0300][256.531s][info ][gc] GC(1716) Pause Young (Allocation Failure) 117M->117M(237M) 94.354ms
[2020-08-08T13:09:16.626+0300][256.841s][debug][gc] GC(1717) Expanding ParOldGen from 126464K by 117760K to 244224K
[2020-08-08T13:09:16.626+0300][256.841s][info ][gc] GC(1717) Pause Full (Ergonomics) 117M->117M(352M) 310.451ms
[2020-08-08T13:09:16.683+0300][256.898s][info ][gc] GC(1718) Pause Young (Allocation Failure) 174M->174M(352M) 47.759ms
[2020-08-08T13:09:16.784+0300][256.999s][info ][gc] GC(1719) Pause Young (Allocation Failure) 232M->232M(352M) 90.777ms
[2020-08-08T13:09:17.026+0300][257.241s][debug][gc] GC(1720) Shrinking ParOldGen from 244224K by 19456K to 224768K
[2020-08-08T13:09:17.027+0300][257.242s][info ][gc] GC(1720) Pause Full (Ergonomics) 232M->98M(333M) 242.296ms
[2020-08-08T13:09:17.148+0300][257.363s][info ][gc] GC(1721) Pause Young (Allocation Failure) 156M->156M(333M) 112.421ms
[2020-08-08T13:09:17.240+0300][257.455s][info ][gc] GC(1722) Pause Young (Allocation Failure) 213M->213M(333M) 79.978ms
[2020-08-08T13:09:17.423+0300][257.638s][debug][gc] GC(1723) Shrinking ParOldGen from 224768K by 18944K to 205824K
[2020-08-08T13:09:17.424+0300][257.639s][info ][gc] GC(1723) Pause Full (Ergonomics) 213M->79M(315M) 183.940ms
[2020-08-08T13:09:17.607+0300][257.822s][info ][gc] GC(1724) Pause Young (Allocation Failure) 137M->136M(315M) 172.619ms
[2020-08-08T13:09:17.718+0300][257.933s][info ][gc] GC(1725) Pause Young (Allocation Failure) 193M->193M(315M) 102.219ms
[2020-08-08T13:09:17.843+0300][258.058s][debug][gc] GC(1726) Shrinking ParOldGen from 205824K by 20480K to 185344K
[2020-08-08T13:09:17.843+0300][258.058s][info ][gc] GC(1726) Pause Full (Ergonomics) 193M->59M(295M) 124.559ms
[2020-08-08T13:09:18.037+0300][258.252s][info ][gc] GC(1727) Pause Young (Allocation Failure) 117M->117M(295M) 184.916ms
[2020-08-08T13:09:18.230+0300][258.445s][info ][gc] GC(1728) Pause Young (Allocation Failure) 175M->175M(295M) 185.115ms
[2020-08-08T13:09:18.304+0300][258.519s][debug][gc] GC(1729) Shrinking ParOldGen from 185344K by 18944K to 166400K
[2020-08-08T13:09:18.304+0300][258.519s][info ][gc] GC(1729) Pause Full (Ergonomics) 175M->41M(276M) 73.561ms
[2020-08-08T13:09:18.480+0300][258.695s][info ][gc] GC(1730) Pause Young (Allocation Failure) 98M->98M(276M) 162.711ms
[2020-08-08T13:09:18.765+0300][258.980s][info ][gc] GC(1731) Pause Young (Allocation Failure) 156M->156M(276M) 275.301ms
[2020-08-08T13:09:18.783+0300][258.998s][debug][gc] GC(1732) Shrinking ParOldGen from 166400K by 18944K to 147456K
[2020-08-08T13:09:18.783+0300][258.998s][info ][gc] GC(1732) Pause Full (Ergonomics) 156M->22M(258M) 17.235ms
[2020-08-08T13:09:18.970+0300][259.185s][info ][gc] GC(1733) Pause Young (Allocation Failure) 80M->80M(258M) 175.084ms
[2020-08-08T13:09:19.308+0300][259.523s][info ][gc] GC(1734) Pause Young (Allocation Failure) 136M->136M(258M) 328.724ms
[2020-08-08T13:09:19.314+0300][259.529s][debug][gc] GC(1735) Shrinking ParOldGen from 147456K by 20992K to 126464K
[2020-08-08T13:09:19.314+0300][259.529s][info ][gc] GC(1735) Pause Full (Ergonomics) 136M->2M(237M) 6.162ms
[2020-08-08T13:09:19.363+0300][259.578s][info ][gc] GC(1736) Pause Young (Allocation Failure) 60M->59M(237M) 37.202ms
[2020-08-08T13:09:19.470+0300][259.685s][info ][gc] GC(1737) Pause Young (Allocation Failure) 117M->117M(237M) 97.919ms
[2020-08-08T13:09:19.782+0300][259.997s][debug][gc] GC(1738) Expanding ParOldGen from 126464K by 117760K to 244224K
[2020-08-08T13:09:19.782+0300][259.997s][info ][gc] GC(1738) Pause Full (Ergonomics) 117M->117M(352M) 311.679ms
[2020-08-08T13:09:19.835+0300][260.050s][info ][gc] GC(1739) Pause Young (Allocation Failure) 174M->174M(352M) 44.444ms
[2020-08-08T13:09:19.936+0300][260.151s][info ][gc] GC(1740) Pause Young (Allocation Failure) 232M->232M(352M) 90.782ms
[2020-08-08T13:09:20.181+0300][260.396s][debug][gc] GC(1741) Shrinking ParOldGen from 244224K by 18944K to 225280K
[2020-08-08T13:09:20.181+0300][260.396s][info ][gc] GC(1741) Pause Full (Ergonomics) 232M->98M(334M) 245.119ms
[2020-08-08T13:09:20.293+0300][260.508s][info ][gc] GC(1742) Pause Young (Allocation Failure) 156M->156M(334M) 102.841ms
[2020-08-08T13:09:20.384+0300][260.599s][info ][gc] GC(1743) Pause Young (Allocation Failure) 213M->213M(334M) 77.137ms
[2020-08-08T13:09:20.568+0300][260.783s][debug][gc] GC(1744) Shrinking ParOldGen from 225280K by 19456K to 205824K
[2020-08-08T13:09:20.569+0300][260.784s][info ][gc] GC(1744) Pause Full (Ergonomics) 213M->79M(315M) 184.586ms
[2020-08-08T13:09:20.744+0300][260.959s][info ][gc] GC(1745) Pause Young (Allocation Failure) 137M->136M(315M) 165.452ms
[2020-08-08T13:09:20.857+0300][261.072s][info ][gc] GC(1746) Pause Young (Allocation Failure) 193M->193M(315M) 102.203ms
[2020-08-08T13:09:20.979+0300][261.194s][debug][gc] GC(1747) Shrinking ParOldGen from 205824K by 20480K to 185344K
[2020-08-08T13:09:20.979+0300][261.194s][info ][gc] GC(1747) Pause Full (Ergonomics) 193M->59M(295M) 121.708ms
[2020-08-08T13:09:21.173+0300][261.388s][info ][gc] GC(1748) Pause Young (Allocation Failure) 117M->117M(295M) 183.485ms
[2020-08-08T13:09:21.363+0300][261.578s][info ][gc] GC(1749) Pause Young (Allocation Failure) 174M->175M(295M) 182.519ms
[2020-08-08T13:09:21.435+0300][261.650s][debug][gc] GC(1750) Shrinking ParOldGen from 185344K by 18944K to 166400K
[2020-08-08T13:09:21.435+0300][261.650s][info ][gc] GC(1750) Pause Full (Ergonomics) 175M->41M(276M) 72.590ms
[2020-08-08T13:09:21.591+0300][261.806s][info ][gc] GC(1751) Pause Young (Allocation Failure) 98M->98M(276M) 140.499ms
[2020-08-08T13:09:21.848+0300][262.063s][info ][gc] GC(1752) Pause Young (Allocation Failure) 156M->156M(276M) 249.100ms
[2020-08-08T13:09:21.864+0300][262.079s][debug][gc] GC(1753) Shrinking ParOldGen from 166400K by 18944K to 147456K
[2020-08-08T13:09:21.864+0300][262.079s][info ][gc] GC(1753) Pause Full (Ergonomics) 156M->22M(258M) 16.074ms
[2020-08-08T13:09:22.031+0300][262.246s][info ][gc] GC(1754) Pause Young (Allocation Failure) 80M->80M(258M) 156.336ms
[2020-08-08T13:09:22.373+0300][262.588s][info ][gc] GC(1755) Pause Young (Allocation Failure) 136M->136M(258M) 328.426ms
[2020-08-08T13:09:22.379+0300][262.594s][debug][gc] GC(1756) Shrinking ParOldGen from 147456K by 20992K to 126464K
[2020-08-08T13:09:22.379+0300][262.594s][info ][gc] GC(1756) Pause Full (Ergonomics) 136M->2M(237M) 6.178ms
[2020-08-08T13:09:22.429+0300][262.644s][info ][gc] GC(1757) Pause Young (Allocation Failure) 60M->59M(237M) 37.506ms
[2020-08-08T13:09:22.536+0300][262.751s][info ][gc] GC(1758) Pause Young (Allocation Failure) 117M->117M(237M) 96.638ms
[2020-08-08T13:09:22.832+0300][263.047s][debug][gc] GC(1759) Expanding ParOldGen from 126464K by 117760K to 244224K
[2020-08-08T13:09:22.832+0300][263.047s][info ][gc] GC(1759) Pause Full (Ergonomics) 117M->117M(352M) 295.485ms
[2020-08-08T13:09:22.880+0300][263.095s][info ][gc] GC(1760) Pause Young (Allocation Failure) 174M->174M(352M) 40.693ms
[2020-08-08T13:09:22.985+0300][263.200s][info ][gc] GC(1761) Pause Young (Allocation Failure) 232M->232M(352M) 94.930ms
[2020-08-08T13:09:23.224+0300][263.439s][debug][gc] GC(1762) Shrinking ParOldGen from 244224K by 19456K to 224768K
[2020-08-08T13:09:23.225+0300][263.440s][info ][gc] GC(1762) Pause Full (Ergonomics) 232M->98M(333M) 239.135ms
[2020-08-08T13:09:23.332+0300][263.547s][info ][gc] GC(1763) Pause Young (Allocation Failure) 156M->156M(333M) 94.812ms
[2020-08-08T13:09:23.453+0300][263.668s][info ][gc] GC(1764) Pause Young (Allocation Failure) 213M->213M(333M) 104.941ms
[2020-08-08T13:09:23.636+0300][263.851s][debug][gc] GC(1765) Shrinking ParOldGen from 224768K by 18944K to 205824K
[2020-08-08T13:09:23.636+0300][263.851s][info ][gc] GC(1765) Pause Full (Ergonomics) 213M->79M(315M) 182.235ms
[2020-08-08T13:09:23.815+0300][264.030s][info ][gc] GC(1766) Pause Young (Allocation Failure) 137M->136M(315M) 166.431ms
[2020-08-08T13:09:23.936+0300][264.151s][info ][gc] GC(1767) Pause Young (Allocation Failure) 193M->193M(315M) 111.856ms
[2020-08-08T13:09:24.063+0300][264.278s][debug][gc] GC(1768) Shrinking ParOldGen from 205824K by 20480K to 185344K
[2020-08-08T13:09:24.063+0300][264.278s][info ][gc] GC(1768) Pause Full (Ergonomics) 193M->59M(295M) 127.010ms
[2020-08-08T13:09:24.251+0300][264.466s][info ][gc] GC(1769) Pause Young (Allocation Failure) 117M->117M(295M) 177.642ms
[2020-08-08T13:09:24.459+0300][264.674s][info ][gc] GC(1770) Pause Young (Allocation Failure) 175M->175M(295M) 199.460ms
[2020-08-08T13:09:24.525+0300][264.740s][debug][gc] GC(1771) Shrinking ParOldGen from 185344K by 18944K to 166400K
[2020-08-08T13:09:24.525+0300][264.740s][info ][gc] GC(1771) Pause Full (Ergonomics) 175M->41M(276M) 66.421ms
[2020-08-08T13:09:24.697+0300][264.912s][info ][gc] GC(1772) Pause Young (Allocation Failure) 98M->98M(276M) 159.657ms
[2020-08-08T13:09:24.960+0300][265.175s][info ][gc] GC(1773) Pause Young (Allocation Failure) 156M->156M(276M) 253.708ms
[2020-08-08T13:09:24.975+0300][265.190s][debug][gc] GC(1774) Shrinking ParOldGen from 166400K by 18944K to 147456K
[2020-08-08T13:09:24.976+0300][265.191s][info ][gc] GC(1774) Pause Full (Ergonomics) 156M->22M(258M) 15.683ms
[2020-08-08T13:09:25.155+0300][265.370s][info ][gc] GC(1775) Pause Young (Allocation Failure) 80M->80M(258M) 167.978ms
[2020-08-08T13:09:25.499+0300][265.714s][info ][gc] GC(1776) Pause Young (Allocation Failure) 136M->136M(258M) 335.303ms
[2020-08-08T13:09:25.505+0300][265.720s][debug][gc] GC(1777) Shrinking ParOldGen from 147456K by 20992K to 126464K
[2020-08-08T13:09:25.505+0300][265.720s][info ][gc] GC(1777) Pause Full (Ergonomics) 136M->2M(237M) 6.015ms
[2020-08-08T13:09:25.554+0300][265.769s][info ][gc] GC(1778) Pause Young (Allocation Failure) 60M->59M(237M) 37.518ms
[2020-08-08T13:09:25.660+0300][265.875s][info ][gc] GC(1779) Pause Young (Allocation Failure) 117M->117M(237M) 96.525ms
[2020-08-08T13:09:25.973+0300][266.188s][debug][gc] GC(1780) Expanding ParOldGen from 126464K by 117760K to 244224K
[2020-08-08T13:09:25.973+0300][266.188s][info ][gc] GC(1780) Pause Full (Ergonomics) 117M->117M(352M) 312.697ms
[2020-08-08T13:09:26.026+0300][266.241s][info ][gc] GC(1781) Pause Young (Allocation Failure) 174M->174M(352M) 43.465ms
[2020-08-08T13:09:26.130+0300][266.345s][info ][gc] GC(1782) Pause Young (Allocation Failure) 232M->232M(352M) 92.865ms
[2020-08-08T13:09:26.368+0300][266.583s][debug][gc] GC(1783) Shrinking ParOldGen from 244224K by 19456K to 224768K
[2020-08-08T13:09:26.368+0300][266.583s][info ][gc] GC(1783) Pause Full (Ergonomics) 232M->98M(333M) 237.784ms
[2020-08-08T13:09:26.491+0300][266.706s][info ][gc] GC(1784) Pause Young (Allocation Failure) 156M->156M(333M) 114.627ms
[2020-08-08T13:09:26.584+0300][266.799s][info ][gc] GC(1785) Pause Young (Allocation Failure) 213M->213M(333M) 80.653ms
[2020-08-08T13:09:26.768+0300][266.983s][debug][gc] GC(1786) Shrinking ParOldGen from 224768K by 18944K to 205824K
[2020-08-08T13:09:26.768+0300][266.983s][info ][gc] GC(1786) Pause Full (Ergonomics) 213M->79M(315M) 184.287ms
[2020-08-08T13:09:26.951+0300][267.166s][info ][gc] GC(1787) Pause Young (Allocation Failure) 137M->136M(315M) 173.755ms
[2020-08-08T13:09:27.069+0300][267.284s][info ][gc] GC(1788) Pause Young (Allocation Failure) 193M->193M(315M) 110.481ms
[2020-08-08T13:09:27.194+0300][267.409s][debug][gc] GC(1789) Shrinking ParOldGen from 205824K by 20480K to 185344K
[2020-08-08T13:09:27.194+0300][267.409s][info ][gc] GC(1789) Pause Full (Ergonomics) 193M->59M(295M) 125.410ms
[2020-08-08T13:09:27.396+0300][267.611s][info ][gc] GC(1790) Pause Young (Allocation Failure) 117M->117M(295M) 191.707ms
[2020-08-08T13:09:27.592+0300][267.807s][info ][gc] GC(1791) Pause Young (Allocation Failure) 175M->175M(295M) 184.529ms
[2020-08-08T13:09:27.662+0300][267.877s][debug][gc] GC(1792) Shrinking ParOldGen from 185344K by 18944K to 166400K
[2020-08-08T13:09:27.663+0300][267.877s][info ][gc] GC(1792) Pause Full (Ergonomics) 175M->41M(276M) 70.474ms
[2020-08-08T13:09:27.837+0300][268.052s][info ][gc] GC(1793) Pause Young (Allocation Failure) 98M->98M(276M) 160.975ms
[2020-08-08T13:09:28.124+0300][268.339s][info ][gc] GC(1794) Pause Young (Allocation Failure) 156M->156M(276M) 279.157ms
[2020-08-08T13:09:28.139+0300][268.354s][debug][gc] GC(1795) Shrinking ParOldGen from 166400K by 18944K to 147456K
[2020-08-08T13:09:28.139+0300][268.354s][info ][gc] GC(1795) Pause Full (Ergonomics) 156M->22M(258M) 14.704ms
[2020-08-08T13:09:28.323+0300][268.538s][info ][gc] GC(1796) Pause Young (Allocation Failure) 80M->80M(258M) 173.331ms
[2020-08-08T13:09:28.639+0300][268.853s][info ][gc] GC(1797) Pause Young (Allocation Failure) 136M->136M(258M) 306.768ms
[2020-08-08T13:09:28.645+0300][268.860s][debug][gc] GC(1798) Shrinking ParOldGen from 147456K by 20992K to 126464K
[2020-08-08T13:09:28.645+0300][268.860s][info ][gc] GC(1798) Pause Full (Ergonomics) 136M->2M(237M) 6.441ms
[2020-08-08T13:09:28.694+0300][268.909s][info ][gc] GC(1799) Pause Young (Allocation Failure) 60M->59M(237M) 36.972ms
[2020-08-08T13:09:28.802+0300][269.017s][info ][gc] GC(1800) Pause Young (Allocation Failure) 117M->117M(237M) 98.194ms
[2020-08-08T13:09:29.096+0300][269.311s][debug][gc] GC(1801) Expanding ParOldGen from 126464K by 117760K to 244224K
[2020-08-08T13:09:29.096+0300][269.311s][info ][gc] GC(1801) Pause Full (Ergonomics) 117M->117M(352M) 294.126ms
[2020-08-08T13:09:29.151+0300][269.366s][info ][gc] GC(1802) Pause Young (Allocation Failure) 174M->174M(352M) 44.879ms
[2020-08-08T13:09:29.249+0300][269.464s][info ][gc] GC(1803) Pause Young (Allocation Failure) 232M->232M(352M) 88.527ms
[2020-08-08T13:09:29.495+0300][269.710s][debug][gc] GC(1804) Shrinking ParOldGen from 244224K by 19456K to 224768K
[2020-08-08T13:09:29.495+0300][269.710s][info ][gc] GC(1804) Pause Full (Ergonomics) 232M->98M(333M) 246.463ms
[2020-08-08T13:09:29.612+0300][269.827s][info ][gc] GC(1805) Pause Young (Allocation Failure) 156M->156M(333M) 108.874ms
[2020-08-08T13:09:29.701+0300][269.916s][info ][gc] GC(1806) Pause Young (Allocation Failure) 213M->213M(333M) 76.355ms
[2020-08-08T13:09:29.878+0300][270.093s][debug][gc] GC(1807) Shrinking ParOldGen from 224768K by 18944K to 205824K
[2020-08-08T13:09:29.878+0300][270.093s][info ][gc] GC(1807) Pause Full (Ergonomics) 213M->79M(315M) 176.783ms
[2020-08-08T13:09:30.058+0300][270.273s][info ][gc] GC(1808) Pause Young (Allocation Failure) 137M->136M(315M) 170.333ms
[2020-08-08T13:09:30.173+0300][270.388s][info ][gc] GC(1809) Pause Young (Allocation Failure) 193M->193M(315M) 106.468ms
[2020-08-08T13:09:30.301+0300][270.516s][debug][gc] GC(1810) Shrinking ParOldGen from 205824K by 20480K to 185344K
[2020-08-08T13:09:30.301+0300][270.516s][info ][gc] GC(1810) Pause Full (Ergonomics) 193M->59M(295M) 128.026ms
[2020-08-08T13:09:30.482+0300][270.697s][info ][gc] GC(1811) Pause Young (Allocation Failure) 117M->117M(295M) 170.072ms
[2020-08-08T13:09:30.690+0300][270.905s][info ][gc] GC(1812) Pause Young (Allocation Failure) 174M->175M(295M) 199.709ms
[2020-08-08T13:09:30.760+0300][270.975s][debug][gc] GC(1813) Shrinking ParOldGen from 185344K by 18944K to 166400K
[2020-08-08T13:09:30.760+0300][270.975s][info ][gc] GC(1813) Pause Full (Ergonomics) 175M->41M(276M) 70.137ms
[2020-08-08T13:09:30.946+0300][271.161s][info ][gc] GC(1814) Pause Young (Allocation Failure) 98M->98M(276M) 170.363ms
[2020-08-08T13:09:31.233+0300][271.448s][info ][gc] GC(1815) Pause Young (Allocation Failure) 156M->156M(276M) 280.076ms
[2020-08-08T13:09:31.248+0300][271.463s][debug][gc] GC(1816) Shrinking ParOldGen from 166400K by 18944K to 147456K
[2020-08-08T13:09:31.248+0300][271.463s][info ][gc] GC(1816) Pause Full (Ergonomics) 156M->22M(258M) 14.480ms
[2020-08-08T13:09:31.425+0300][271.640s][info ][gc] GC(1817) Pause Young (Allocation Failure) 80M->80M(258M) 166.916ms
[2020-08-08T13:09:31.762+0300][271.977s][info ][gc] GC(1818) Pause Young (Allocation Failure) 136M->136M(258M) 326.599ms
[2020-08-08T13:09:31.768+0300][271.983s][debug][gc] GC(1819) Shrinking ParOldGen from 147456K by 20992K to 126464K
[2020-08-08T13:09:31.768+0300][271.983s][info ][gc] GC(1819) Pause Full (Ergonomics) 136M->2M(237M) 6.032ms
[2020-08-08T13:09:31.815+0300][272.030s][info ][gc] GC(1820) Pause Young (Allocation Failure) 60M->59M(237M) 35.502ms
[2020-08-08T13:09:31.921+0300][272.136s][info ][gc] GC(1821) Pause Young (Allocation Failure) 117M->117M(237M) 95.881ms
[2020-08-08T13:09:32.229+0300][272.444s][debug][gc] GC(1822) Expanding ParOldGen from 126464K by 117760K to 244224K
[2020-08-08T13:09:32.229+0300][272.444s][info ][gc] GC(1822) Pause Full (Ergonomics) 117M->117M(352M) 308.329ms
[2020-08-08T13:09:32.278+0300][272.493s][info ][gc] GC(1823) Pause Young (Allocation Failure) 174M->174M(352M) 39.496ms
[2020-08-08T13:09:32.377+0300][272.592s][info ][gc] GC(1824) Pause Young (Allocation Failure) 232M->232M(352M) 89.796ms
[2020-08-08T13:09:32.623+0300][272.838s][debug][gc] GC(1825) Shrinking ParOldGen from 244224K by 19456K to 224768K
[2020-08-08T13:09:32.623+0300][272.838s][info ][gc] GC(1825) Pause Full (Ergonomics) 232M->98M(333M) 245.763ms
[2020-08-08T13:09:32.742+0300][272.957s][info ][gc] GC(1826) Pause Young (Allocation Failure) 156M->156M(333M) 111.009ms
[2020-08-08T13:09:32.832+0300][273.047s][info ][gc] GC(1827) Pause Young (Allocation Failure) 213M->213M(333M) 77.025ms
[2020-08-08T13:09:33.016+0300][273.231s][debug][gc] GC(1828) Shrinking ParOldGen from 224768K by 18944K to 205824K
[2020-08-08T13:09:33.016+0300][273.231s][info ][gc] GC(1828) Pause Full (Ergonomics) 213M->79M(315M) 183.556ms
[2020-08-08T13:09:33.202+0300][273.417s][info ][gc] GC(1829) Pause Young (Allocation Failure) 137M->136M(315M) 175.432ms
[2020-08-08T13:09:33.328+0300][273.543s][info ][gc] GC(1830) Pause Young (Allocation Failure) 193M->193M(315M) 116.368ms
[2020-08-08T13:09:33.453+0300][273.668s][debug][gc] GC(1831) Shrinking ParOldGen from 205824K by 20480K to 185344K
[2020-08-08T13:09:33.453+0300][273.668s][info ][gc] GC(1831) Pause Full (Ergonomics) 193M->59M(295M) 124.467ms
[2020-08-08T13:09:33.638+0300][273.853s][info ][gc] GC(1832) Pause Young (Allocation Failure) 117M->117M(295M) 175.576ms
[2020-08-08T13:09:33.849+0300][274.064s][info ][gc] GC(1833) Pause Young (Allocation Failure) 175M->175M(295M) 203.216ms
[2020-08-08T13:09:33.919+0300][274.134s][debug][gc] GC(1834) Shrinking ParOldGen from 185344K by 18944K to 166400K
[2020-08-08T13:09:33.919+0300][274.134s][info ][gc] GC(1834) Pause Full (Ergonomics) 175M->41M(276M) 69.952ms
[2020-08-08T13:09:34.102+0300][274.317s][info ][gc] GC(1835) Pause Young (Allocation Failure) 98M->98M(276M) 169.524ms
[2020-08-08T13:09:34.388+0300][274.603s][info ][gc] GC(1836) Pause Young (Allocation Failure) 156M->156M(276M) 278.671ms
[2020-08-08T13:09:34.404+0300][274.619s][debug][gc] GC(1837) Shrinking ParOldGen from 166400K by 18944K to 147456K
[2020-08-08T13:09:34.404+0300][274.619s][info ][gc] GC(1837) Pause Full (Ergonomics) 156M->22M(258M) 15.946ms
[2020-08-08T13:09:34.575+0300][274.790s][info ][gc] GC(1838) Pause Young (Allocation Failure) 80M->80M(258M) 160.943ms
[2020-08-08T13:09:34.898+0300][275.113s][info ][gc] GC(1839) Pause Young (Allocation Failure) 136M->136M(258M) 313.749ms
[2020-08-08T13:09:34.904+0300][275.119s][debug][gc] GC(1840) Shrinking ParOldGen from 147456K by 20992K to 126464K
[2020-08-08T13:09:34.905+0300][275.120s][info ][gc] GC(1840) Pause Full (Ergonomics) 136M->2M(237M) 6.361ms
[2020-08-08T13:09:34.952+0300][275.167s][info ][gc] GC(1841) Pause Young (Allocation Failure) 60M->59M(237M) 37.154ms
[2020-08-08T13:09:35.062+0300][275.277s][info ][gc] GC(1842) Pause Young (Allocation Failure) 117M->117M(237M) 100.618ms
[2020-08-08T13:09:35.357+0300][275.572s][debug][gc] GC(1843) Expanding ParOldGen from 126464K by 117760K to 244224K
[2020-08-08T13:09:35.357+0300][275.572s][info ][gc] GC(1843) Pause Full (Ergonomics) 117M->117M(352M) 295.208ms
[2020-08-08T13:09:35.405+0300][275.620s][info ][gc] GC(1844) Pause Young (Allocation Failure) 174M->174M(352M) 39.558ms
[2020-08-08T13:09:35.503+0300][275.718s][info ][gc] GC(1845) Pause Young (Allocation Failure) 232M->232M(352M) 88.948ms
[2020-08-08T13:09:35.747+0300][275.962s][debug][gc] GC(1846) Shrinking ParOldGen from 244224K by 19456K to 224768K
[2020-08-08T13:09:35.747+0300][275.962s][info ][gc] GC(1846) Pause Full (Ergonomics) 232M->98M(333M) 244.709ms
[2020-08-08T13:09:35.871+0300][276.086s][info ][gc] GC(1847) Pause Young (Allocation Failure) 156M->156M(333M) 115.937ms
[2020-08-08T13:09:35.962+0300][276.177s][info ][gc] GC(1848) Pause Young (Allocation Failure) 213M->213M(333M) 77.579ms
[2020-08-08T13:09:36.147+0300][276.361s][debug][gc] GC(1849) Shrinking ParOldGen from 224768K by 18944K to 205824K
[2020-08-08T13:09:36.147+0300][276.362s][info ][gc] GC(1849) Pause Full (Ergonomics) 213M->79M(315M) 184.459ms
[2020-08-08T13:09:36.328+0300][276.543s][info ][gc] GC(1850) Pause Young (Allocation Failure) 137M->136M(315M) 171.627ms
[2020-08-08T13:09:36.440+0300][276.655s][info ][gc] GC(1851) Pause Young (Allocation Failure) 193M->193M(315M) 104.223ms
[2020-08-08T13:09:36.566+0300][276.781s][debug][gc] GC(1852) Shrinking ParOldGen from 205824K by 20480K to 185344K
[2020-08-08T13:09:36.566+0300][276.781s][info ][gc] GC(1852) Pause Full (Ergonomics) 193M->59M(295M) 126.449ms
[2020-08-08T13:09:36.742+0300][276.957s][info ][gc] GC(1853) Pause Young (Allocation Failure) 117M->117M(295M) 165.775ms
[2020-08-08T13:09:36.947+0300][277.162s][info ][gc] GC(1854) Pause Young (Allocation Failure) 174M->175M(295M) 198.339ms
[2020-08-08T13:09:37.019+0300][277.234s][debug][gc] GC(1855) Shrinking ParOldGen from 185344K by 18944K to 166400K
[2020-08-08T13:09:37.019+0300][277.234s][info ][gc] GC(1855) Pause Full (Ergonomics) 175M->41M(276M) 71.740ms
[2020-08-08T13:09:37.191+0300][277.406s][info ][gc] GC(1856) Pause Young (Allocation Failure) 98M->98M(276M) 159.445ms
[2020-08-08T13:09:37.463+0300][277.678s][info ][gc] GC(1857) Pause Young (Allocation Failure) 156M->156M(276M) 265.167ms
[2020-08-08T13:09:37.478+0300][277.693s][debug][gc] GC(1858) Shrinking ParOldGen from 166400K by 18944K to 147456K
[2020-08-08T13:09:37.478+0300][277.693s][info ][gc] GC(1858) Pause Full (Ergonomics) 156M->22M(258M) 15.089ms
[2020-08-08T13:09:37.661+0300][277.876s][info ][gc] GC(1859) Pause Young (Allocation Failure) 80M->80M(258M) 171.127ms
[2020-08-08T13:09:38.004+0300][278.219s][info ][gc] GC(1860) Pause Young (Allocation Failure) 136M->136M(258M) 334.424ms
[2020-08-08T13:09:38.010+0300][278.225s][debug][gc] GC(1861) Shrinking ParOldGen from 147456K by 20992K to 126464K
[2020-08-08T13:09:38.011+0300][278.226s][info ][gc] GC(1861) Pause Full (Ergonomics) 136M->2M(237M) 6.023ms
[2020-08-08T13:09:38.056+0300][278.271s][info ][gc] GC(1862) Pause Young (Allocation Failure) 60M->59M(237M) 34.328ms
[2020-08-08T13:09:38.162+0300][278.377s][info ][gc] GC(1863) Pause Young (Allocation Failure) 117M->117M(237M) 95.862ms
[2020-08-08T13:09:38.469+0300][278.684s][debug][gc] GC(1864) Expanding ParOldGen from 126464K by 117760K to 244224K
[2020-08-08T13:09:38.469+0300][278.684s][info ][gc] GC(1864) Pause Full (Ergonomics) 117M->117M(352M) 307.053ms
[2020-08-08T13:09:38.515+0300][278.730s][info ][gc] GC(1865) Pause Young (Allocation Failure) 174M->174M(352M) 37.233ms
[2020-08-08T13:09:38.616+0300][278.831s][info ][gc] GC(1866) Pause Young (Allocation Failure) 232M->232M(352M) 90.079ms
[2020-08-08T13:09:38.859+0300][279.074s][debug][gc] GC(1867) Shrinking ParOldGen from 244224K by 18944K to 225280K
[2020-08-08T13:09:38.859+0300][279.074s][info ][gc] GC(1867) Pause Full (Ergonomics) 232M->98M(334M) 243.341ms
[2020-08-08T13:09:38.978+0300][279.193s][info ][gc] GC(1868) Pause Young (Allocation Failure) 156M->156M(334M) 110.029ms
[2020-08-08T13:09:39.070+0300][279.285s][info ][gc] GC(1869) Pause Young (Allocation Failure) 213M->213M(334M) 79.140ms
[2020-08-08T13:09:39.252+0300][279.467s][debug][gc] GC(1870) Shrinking ParOldGen from 225280K by 19456K to 205824K
[2020-08-08T13:09:39.252+0300][279.467s][info ][gc] GC(1870) Pause Full (Ergonomics) 213M->79M(315M) 181.969ms
[2020-08-08T13:09:39.426+0300][279.641s][info ][gc] GC(1871) Pause Young (Allocation Failure) 137M->136M(315M) 165.661ms
[2020-08-08T13:09:39.559+0300][279.774s][info ][gc] GC(1872) Pause Young (Allocation Failure) 193M->193M(315M) 123.204ms
[2020-08-08T13:09:39.683+0300][279.898s][debug][gc] GC(1873) Shrinking ParOldGen from 205824K by 20480K to 185344K
[2020-08-08T13:09:39.683+0300][279.898s][info ][gc] GC(1873) Pause Full (Ergonomics) 193M->59M(295M) 124.581ms
[2020-08-08T13:09:39.871+0300][280.086s][info ][gc] GC(1874) Pause Young (Allocation Failure) 117M->117M(295M) 177.241ms
[2020-08-08T13:09:40.086+0300][280.301s][info ][gc] GC(1875) Pause Young (Allocation Failure) 175M->175M(295M) 208.021ms
[2020-08-08T13:09:40.159+0300][280.374s][debug][gc] GC(1876) Shrinking ParOldGen from 185344K by 18944K to 166400K
[2020-08-08T13:09:40.159+0300][280.374s][info ][gc] GC(1876) Pause Full (Ergonomics) 175M->41M(276M) 72.905ms
[2020-08-08T13:09:40.341+0300][280.556s][info ][gc] GC(1877) Pause Young (Allocation Failure) 98M->98M(276M) 167.497ms
[2020-08-08T13:09:40.626+0300][280.841s][info ][gc] GC(1878) Pause Young (Allocation Failure) 156M->156M(276M) 277.213ms
[2020-08-08T13:09:40.641+0300][280.856s][debug][gc] GC(1879) Shrinking ParOldGen from 166400K by 18944K to 147456K
[2020-08-08T13:09:40.641+0300][280.856s][info ][gc] GC(1879) Pause Full (Ergonomics) 156M->22M(258M) 15.373ms
[2020-08-08T13:09:40.824+0300][281.039s][info ][gc] GC(1880) Pause Young (Allocation Failure) 80M->80M(258M) 170.952ms
[2020-08-08T13:09:41.139+0300][281.354s][info ][gc] GC(1881) Pause Young (Allocation Failure) 136M->136M(258M) 306.338ms
[2020-08-08T13:09:41.145+0300][281.360s][debug][gc] GC(1882) Shrinking ParOldGen from 147456K by 20992K to 126464K
[2020-08-08T13:09:41.145+0300][281.360s][info ][gc] GC(1882) Pause Full (Ergonomics) 136M->2M(237M) 6.032ms
[2020-08-08T13:09:41.190+0300][281.405s][info ][gc] GC(1883) Pause Young (Allocation Failure) 60M->59M(237M) 34.736ms
[2020-08-08T13:09:41.296+0300][281.511s][info ][gc] GC(1884) Pause Young (Allocation Failure) 117M->117M(237M) 95.561ms
[2020-08-08T13:09:41.581+0300][281.796s][debug][gc] GC(1885) Expanding ParOldGen from 126464K by 117760K to 244224K
[2020-08-08T13:09:41.581+0300][281.796s][info ][gc] GC(1885) Pause Full (Ergonomics) 117M->117M(352M) 284.718ms
[2020-08-08T13:09:41.636+0300][281.851s][info ][gc] GC(1886) Pause Young (Allocation Failure) 174M->174M(352M) 43.529ms
[2020-08-08T13:09:41.737+0300][281.952s][info ][gc] GC(1887) Pause Young (Allocation Failure) 232M->232M(352M) 89.016ms
[2020-08-08T13:09:41.980+0300][282.195s][debug][gc] GC(1888) Shrinking ParOldGen from 244224K by 19456K to 224768K
[2020-08-08T13:09:41.980+0300][282.195s][info ][gc] GC(1888) Pause Full (Ergonomics) 232M->98M(333M) 242.868ms
[2020-08-08T13:09:42.093+0300][282.308s][info ][gc] GC(1889) Pause Young (Allocation Failure) 156M->156M(333M) 104.344ms
[2020-08-08T13:09:42.188+0300][282.403s][info ][gc] GC(1890) Pause Young (Allocation Failure) 213M->213M(333M) 81.815ms
[2020-08-08T13:09:42.370+0300][282.585s][debug][gc] GC(1891) Shrinking ParOldGen from 224768K by 18944K to 205824K
[2020-08-08T13:09:42.370+0300][282.585s][info ][gc] GC(1891) Pause Full (Ergonomics) 213M->79M(315M) 181.911ms
[2020-08-08T13:09:42.545+0300][282.760s][info ][gc] GC(1892) Pause Young (Allocation Failure) 137M->136M(315M) 164.330ms
[2020-08-08T13:09:42.661+0300][282.876s][info ][gc] GC(1893) Pause Young (Allocation Failure) 193M->193M(315M) 108.076ms
[2020-08-08T13:09:42.785+0300][283.000s][debug][gc] GC(1894) Shrinking ParOldGen from 205824K by 20480K to 185344K
[2020-08-08T13:09:42.785+0300][283.000s][info ][gc] GC(1894) Pause Full (Ergonomics) 193M->59M(295M) 123.918ms
[2020-08-08T13:09:42.976+0300][283.191s][info ][gc] GC(1895) Pause Young (Allocation Failure) 117M->117M(295M) 180.819ms
[2020-08-08T13:09:43.186+0300][283.401s][info ][gc] GC(1896) Pause Young (Allocation Failure) 175M->175M(295M) 201.572ms
[2020-08-08T13:09:43.257+0300][283.471s][debug][gc] GC(1897) Shrinking ParOldGen from 185344K by 18944K to 166400K
[2020-08-08T13:09:43.257+0300][283.472s][info ][gc] GC(1897) Pause Full (Ergonomics) 175M->41M(276M) 70.362ms
[2020-08-08T13:09:43.439+0300][283.654s][info ][gc] GC(1898) Pause Young (Allocation Failure) 98M->98M(276M) 168.286ms
[2020-08-08T13:09:43.718+0300][283.933s][info ][gc] GC(1899) Pause Young (Allocation Failure) 156M->156M(276M) 271.826ms
[2020-08-08T13:09:43.735+0300][283.950s][debug][gc] GC(1900) Shrinking ParOldGen from 166400K by 18944K to 147456K
[2020-08-08T13:09:43.735+0300][283.950s][info ][gc] GC(1900) Pause Full (Ergonomics) 156M->22M(258M) 16.440ms
[2020-08-08T13:09:43.909+0300][284.124s][info ][gc] GC(1901) Pause Young (Allocation Failure) 80M->80M(258M) 162.925ms
[2020-08-08T13:09:44.247+0300][284.462s][info ][gc] GC(1902) Pause Young (Allocation Failure) 136M->136M(258M) 327.998ms
[2020-08-08T13:09:44.253+0300][284.468s][debug][gc] GC(1903) Shrinking ParOldGen from 147456K by 20992K to 126464K
[2020-08-08T13:09:44.253+0300][284.468s][info ][gc] GC(1903) Pause Full (Ergonomics) 136M->2M(237M) 6.324ms
[2020-08-08T13:09:44.301+0300][284.516s][info ][gc] GC(1904) Pause Young (Allocation Failure) 60M->59M(237M) 36.711ms
[2020-08-08T13:09:44.409+0300][284.624s][info ][gc] GC(1905) Pause Young (Allocation Failure) 117M->117M(237M) 98.469ms
[2020-08-08T13:09:44.708+0300][284.923s][debug][gc] GC(1906) Expanding ParOldGen from 126464K by 117760K to 244224K
[2020-08-08T13:09:44.708+0300][284.923s][info ][gc] GC(1906) Pause Full (Ergonomics) 117M->117M(352M) 299.309ms
[2020-08-08T13:09:44.759+0300][284.974s][info ][gc] GC(1907) Pause Young (Allocation Failure) 174M->174M(352M) 42.155ms
[2020-08-08T13:09:44.858+0300][285.073s][info ][gc] GC(1908) Pause Young (Allocation Failure) 232M->232M(352M) 88.803ms
[2020-08-08T13:09:45.103+0300][285.318s][debug][gc] GC(1909) Shrinking ParOldGen from 244224K by 19456K to 224768K
[2020-08-08T13:09:45.103+0300][285.318s][info ][gc] GC(1909) Pause Full (Ergonomics) 232M->98M(333M) 244.755ms
[2020-08-08T13:09:45.215+0300][285.430s][info ][gc] GC(1910) Pause Young (Allocation Failure) 156M->156M(333M) 104.476ms
[2020-08-08T13:09:45.305+0300][285.520s][info ][gc] GC(1911) Pause Young (Allocation Failure) 213M->213M(333M) 77.074ms
[2020-08-08T13:09:45.488+0300][285.703s][debug][gc] GC(1912) Shrinking ParOldGen from 224768K by 18944K to 205824K
[2020-08-08T13:09:45.488+0300][285.703s][info ][gc] GC(1912) Pause Full (Ergonomics) 213M->79M(315M) 182.505ms
[2020-08-08T13:09:45.670+0300][285.885s][info ][gc] GC(1913) Pause Young (Allocation Failure) 137M->136M(315M) 172.568ms
[2020-08-08T13:09:45.801+0300][286.016s][info ][gc] GC(1914) Pause Young (Allocation Failure) 193M->193M(315M) 122.168ms
[2020-08-08T13:09:45.925+0300][286.140s][debug][gc] GC(1915) Shrinking ParOldGen from 205824K by 20480K to 185344K
[2020-08-08T13:09:45.925+0300][286.140s][info ][gc] GC(1915) Pause Full (Ergonomics) 193M->59M(295M) 124.702ms
[2020-08-08T13:09:46.101+0300][286.316s][info ][gc] GC(1916) Pause Young (Allocation Failure) 117M->117M(295M) 166.099ms
[2020-08-08T13:09:46.309+0300][286.524s][info ][gc] GC(1917) Pause Young (Allocation Failure) 175M->175M(295M) 200.157ms
[2020-08-08T13:09:46.383+0300][286.598s][debug][gc] GC(1918) Shrinking ParOldGen from 185344K by 18944K to 166400K
[2020-08-08T13:09:46.383+0300][286.598s][info ][gc] GC(1918) Pause Full (Ergonomics) 175M->41M(276M) 73.425ms
[2020-08-08T13:09:46.566+0300][286.781s][info ][gc] GC(1919) Pause Young (Allocation Failure) 98M->98M(276M) 169.774ms
[2020-08-08T13:09:46.853+0300][287.068s][info ][gc] GC(1920) Pause Young (Allocation Failure) 156M->156M(276M) 279.205ms
[2020-08-08T13:09:46.869+0300][287.083s][debug][gc] GC(1921) Shrinking ParOldGen from 166400K by 18944K to 147456K
[2020-08-08T13:09:46.869+0300][287.084s][info ][gc] GC(1921) Pause Full (Ergonomics) 156M->22M(258M) 15.790ms
[2020-08-08T13:09:47.049+0300][287.264s][info ][gc] GC(1922) Pause Young (Allocation Failure) 80M->80M(258M) 169.602ms
[2020-08-08T13:09:47.382+0300][287.597s][info ][gc] GC(1923) Pause Young (Allocation Failure) 136M->136M(258M) 322.942ms
[2020-08-08T13:09:47.388+0300][287.603s][debug][gc] GC(1924) Shrinking ParOldGen from 147456K by 20992K to 126464K
[2020-08-08T13:09:47.388+0300][287.603s][info ][gc] GC(1924) Pause Full (Ergonomics) 136M->2M(237M) 5.700ms
[2020-08-08T13:09:47.438+0300][287.653s][info ][gc] GC(1925) Pause Young (Allocation Failure) 60M->59M(237M) 36.458ms
[2020-08-08T13:09:47.545+0300][287.760s][info ][gc] GC(1926) Pause Young (Allocation Failure) 117M->117M(237M) 96.924ms
[2020-08-08T13:09:47.844+0300][288.059s][debug][gc] GC(1927) Expanding ParOldGen from 126464K by 117760K to 244224K
[2020-08-08T13:09:47.844+0300][288.059s][info ][gc] GC(1927) Pause Full (Ergonomics) 117M->117M(352M) 299.224ms
[2020-08-08T13:09:47.893+0300][288.108s][info ][gc] GC(1928) Pause Young (Allocation Failure) 174M->174M(352M) 39.450ms
[2020-08-08T13:09:47.995+0300][288.210s][info ][gc] GC(1929) Pause Young (Allocation Failure) 232M->232M(352M) 91.235ms
[2020-08-08T13:09:48.238+0300][288.453s][debug][gc] GC(1930) Shrinking ParOldGen from 244224K by 19456K to 224768K
[2020-08-08T13:09:48.238+0300][288.453s][info ][gc] GC(1930) Pause Full (Ergonomics) 232M->98M(333M) 243.448ms
[2020-08-08T13:09:48.345+0300][288.560s][info ][gc] GC(1931) Pause Young (Allocation Failure) 156M->156M(333M) 99.020ms
[2020-08-08T13:09:48.436+0300][288.651s][info ][gc] GC(1932) Pause Young (Allocation Failure) 213M->213M(333M) 79.180ms
[2020-08-08T13:09:48.619+0300][288.834s][debug][gc] GC(1933) Shrinking ParOldGen from 224768K by 18944K to 205824K
[2020-08-08T13:09:48.619+0300][288.834s][info ][gc] GC(1933) Pause Full (Ergonomics) 213M->79M(315M) 183.408ms
[2020-08-08T13:09:48.804+0300][289.019s][info ][gc] GC(1934) Pause Young (Allocation Failure) 137M->136M(315M) 171.902ms
[2020-08-08T13:09:48.916+0300][289.131s][info ][gc] GC(1935) Pause Young (Allocation Failure) 193M->193M(315M) 104.722ms
[2020-08-08T13:09:49.041+0300][289.256s][debug][gc] GC(1936) Shrinking ParOldGen from 205824K by 20480K to 185344K
[2020-08-08T13:09:49.041+0300][289.256s][info ][gc] GC(1936) Pause Full (Ergonomics) 193M->59M(295M) 124.385ms
[2020-08-08T13:09:49.225+0300][289.440s][info ][gc] GC(1937) Pause Young (Allocation Failure) 117M->117M(295M) 173.310ms
[2020-08-08T13:09:49.415+0300][289.630s][info ][gc] GC(1938) Pause Young (Allocation Failure) 175M->175M(295M) 181.592ms
[2020-08-08T13:09:49.489+0300][289.704s][debug][gc] GC(1939) Shrinking ParOldGen from 185344K by 18944K to 166400K
[2020-08-08T13:09:49.489+0300][289.704s][info ][gc] GC(1939) Pause Full (Ergonomics) 175M->41M(276M) 73.657ms
[2020-08-08T13:09:49.666+0300][289.881s][info ][gc] GC(1940) Pause Young (Allocation Failure) 98M->98M(276M) 164.139ms
[2020-08-08T13:09:49.944+0300][290.159s][info ][gc] GC(1941) Pause Young (Allocation Failure) 156M->156M(276M) 270.027ms
[2020-08-08T13:09:49.960+0300][290.174s][debug][gc] GC(1942) Shrinking ParOldGen from 166400K by 18944K to 147456K
[2020-08-08T13:09:49.960+0300][290.175s][info ][gc] GC(1942) Pause Full (Ergonomics) 156M->22M(258M) 15.714ms
[2020-08-08T13:09:50.143+0300][290.358s][info ][gc] GC(1943) Pause Young (Allocation Failure) 80M->80M(258M) 172.509ms
[2020-08-08T13:09:50.476+0300][290.691s][info ][gc] GC(1944) Pause Young (Allocation Failure) 136M->136M(258M) 323.623ms
[2020-08-08T13:09:50.482+0300][290.697s][debug][gc] GC(1945) Shrinking ParOldGen from 147456K by 20992K to 126464K
[2020-08-08T13:09:50.482+0300][290.697s][info ][gc] GC(1945) Pause Full (Ergonomics) 136M->2M(237M) 6.087ms
[2020-08-08T13:09:50.529+0300][290.744s][info ][gc] GC(1946) Pause Young (Allocation Failure) 60M->59M(237M) 35.584ms
[2020-08-08T13:09:50.634+0300][290.849s][info ][gc] GC(1947) Pause Young (Allocation Failure) 117M->117M(237M) 95.940ms
[2020-08-08T13:09:50.934+0300][291.149s][debug][gc] GC(1948) Expanding ParOldGen from 126464K by 117760K to 244224K
[2020-08-08T13:09:50.934+0300][291.149s][info ][gc] GC(1948) Pause Full (Ergonomics) 117M->117M(352M) 299.902ms
[2020-08-08T13:09:50.986+0300][291.201s][info ][gc] GC(1949) Pause Young (Allocation Failure) 174M->174M(352M) 42.404ms
[2020-08-08T13:09:51.085+0300][291.300s][info ][gc] GC(1950) Pause Young (Allocation Failure) 232M->232M(352M) 89.105ms
[2020-08-08T13:09:51.331+0300][291.546s][debug][gc] GC(1951) Shrinking ParOldGen from 244224K by 19456K to 224768K
[2020-08-08T13:09:51.331+0300][291.546s][info ][gc] GC(1951) Pause Full (Ergonomics) 232M->98M(333M) 246.606ms
[2020-08-08T13:09:51.446+0300][291.661s][info ][gc] GC(1952) Pause Young (Allocation Failure) 156M->156M(333M) 106.385ms
[2020-08-08T13:09:51.534+0300][291.749s][info ][gc] GC(1953) Pause Young (Allocation Failure) 213M->213M(333M) 76.017ms
[2020-08-08T13:09:51.723+0300][291.938s][debug][gc] GC(1954) Shrinking ParOldGen from 224768K by 18944K to 205824K
[2020-08-08T13:09:51.724+0300][291.939s][info ][gc] GC(1954) Pause Full (Ergonomics) 213M->79M(315M) 189.357ms
[2020-08-08T13:09:51.901+0300][292.116s][info ][gc] GC(1955) Pause Young (Allocation Failure) 137M->136M(315M) 167.514ms
[2020-08-08T13:09:52.033+0300][292.248s][info ][gc] GC(1956) Pause Young (Allocation Failure) 193M->193M(315M) 122.156ms
[2020-08-08T13:09:52.156+0300][292.371s][debug][gc] GC(1957) Shrinking ParOldGen from 205824K by 20480K to 185344K
[2020-08-08T13:09:52.156+0300][292.371s][info ][gc] GC(1957) Pause Full (Ergonomics) 193M->59M(295M) 122.916ms
[2020-08-08T13:09:52.333+0300][292.548s][info ][gc] GC(1958) Pause Young (Allocation Failure) 117M->117M(295M) 165.820ms
[2020-08-08T13:09:52.530+0300][292.745s][info ][gc] GC(1959) Pause Young (Allocation Failure) 175M->175M(295M) 189.056ms
[2020-08-08T13:09:52.601+0300][292.816s][debug][gc] GC(1960) Shrinking ParOldGen from 185344K by 18944K to 166400K
[2020-08-08T13:09:52.601+0300][292.816s][info ][gc] GC(1960) Pause Full (Ergonomics) 175M->41M(276M) 71.359ms
[2020-08-08T13:09:52.777+0300][292.992s][info ][gc] GC(1961) Pause Young (Allocation Failure) 98M->98M(276M) 161.516ms
[2020-08-08T13:09:53.047+0300][293.262s][info ][gc] GC(1962) Pause Young (Allocation Failure) 156M->156M(276M) 260.439ms
[2020-08-08T13:09:53.063+0300][293.278s][debug][gc] GC(1963) Shrinking ParOldGen from 166400K by 18944K to 147456K
[2020-08-08T13:09:53.063+0300][293.278s][info ][gc] GC(1963) Pause Full (Ergonomics) 156M->22M(258M) 15.640ms
[2020-08-08T13:09:53.248+0300][293.463s][info ][gc] GC(1964) Pause Young (Allocation Failure) 80M->80M(258M) 173.973ms
[2020-08-08T13:09:53.590+0300][293.805s][info ][gc] GC(1965) Pause Young (Allocation Failure) 136M->136M(258M) 333.101ms
[2020-08-08T13:09:53.597+0300][293.812s][debug][gc] GC(1966) Shrinking ParOldGen from 147456K by 20992K to 126464K
[2020-08-08T13:09:53.597+0300][293.812s][info ][gc] GC(1966) Pause Full (Ergonomics) 136M->2M(237M) 6.815ms
[2020-08-08T13:09:53.650+0300][293.865s][info ][gc] GC(1967) Pause Young (Allocation Failure) 60M->59M(237M) 40.887ms
[2020-08-08T13:09:53.761+0300][293.976s][info ][gc] GC(1968) Pause Young (Allocation Failure) 117M->117M(237M) 100.705ms
[2020-08-08T13:09:54.058+0300][294.273s][debug][gc] GC(1969) Expanding ParOldGen from 126464K by 117760K to 244224K
[2020-08-08T13:09:54.058+0300][294.273s][info ][gc] GC(1969) Pause Full (Ergonomics) 117M->117M(352M) 296.557ms
[2020-08-08T13:09:54.110+0300][294.325s][info ][gc] GC(1970) Pause Young (Allocation Failure) 174M->174M(352M) 42.099ms
[2020-08-08T13:09:54.209+0300][294.424s][info ][gc] GC(1971) Pause Young (Allocation Failure) 232M->232M(352M) 88.982ms
[2020-08-08T13:09:54.446+0300][294.661s][debug][gc] GC(1972) Shrinking ParOldGen from 244224K by 19456K to 224768K
[2020-08-08T13:09:54.446+0300][294.661s][info ][gc] GC(1972) Pause Full (Ergonomics) 232M->98M(333M) 236.593ms
[2020-08-08T13:09:54.568+0300][294.783s][info ][gc] GC(1973) Pause Young (Allocation Failure) 156M->156M(333M) 114.507ms
[2020-08-08T13:09:54.662+0300][294.877s][info ][gc] GC(1974) Pause Young (Allocation Failure) 213M->213M(333M) 81.659ms
[2020-08-08T13:09:54.842+0300][295.057s][debug][gc] GC(1975) Shrinking ParOldGen from 224768K by 18944K to 205824K
[2020-08-08T13:09:54.842+0300][295.057s][info ][gc] GC(1975) Pause Full (Ergonomics) 213M->79M(315M) 179.839ms
[2020-08-08T13:09:55.023+0300][295.238s][info ][gc] GC(1976) Pause Young (Allocation Failure) 137M->136M(315M) 170.457ms
[2020-08-08T13:09:55.155+0300][295.370s][info ][gc] GC(1977) Pause Young (Allocation Failure) 193M->193M(315M) 125.221ms
[2020-08-08T13:09:55.283+0300][295.498s][debug][gc] GC(1978) Shrinking ParOldGen from 205824K by 20480K to 185344K
[2020-08-08T13:09:55.283+0300][295.498s][info ][gc] GC(1978) Pause Full (Ergonomics) 193M->59M(295M) 127.657ms
[2020-08-08T13:09:55.471+0300][295.686s][info ][gc] GC(1979) Pause Young (Allocation Failure) 117M->117M(295M) 178.437ms
[2020-08-08T13:09:55.681+0300][295.896s][info ][gc] GC(1980) Pause Young (Allocation Failure) 175M->175M(295M) 201.824ms
[2020-08-08T13:09:55.749+0300][295.964s][debug][gc] GC(1981) Shrinking ParOldGen from 185344K by 18944K to 166400K
[2020-08-08T13:09:55.749+0300][295.964s][info ][gc] GC(1981) Pause Full (Ergonomics) 175M->41M(276M) 68.290ms
[2020-08-08T13:09:55.919+0300][296.134s][info ][gc] GC(1982) Pause Young (Allocation Failure) 98M->98M(276M) 155.681ms
[2020-08-08T13:09:56.203+0300][296.418s][info ][gc] GC(1983) Pause Young (Allocation Failure) 156M->156M(276M) 275.755ms
[2020-08-08T13:09:56.218+0300][296.433s][debug][gc] GC(1984) Shrinking ParOldGen from 166400K by 18944K to 147456K
[2020-08-08T13:09:56.218+0300][296.433s][info ][gc] GC(1984) Pause Full (Ergonomics) 156M->22M(258M) 15.123ms
[2020-08-08T13:09:56.398+0300][296.613s][info ][gc] GC(1985) Pause Young (Allocation Failure) 80M->80M(258M) 169.758ms
[2020-08-08T13:09:56.739+0300][296.954s][info ][gc] GC(1986) Pause Young (Allocation Failure) 136M->136M(258M) 331.486ms
[2020-08-08T13:09:56.746+0300][296.961s][debug][gc] GC(1987) Shrinking ParOldGen from 147456K by 20992K to 126464K
[2020-08-08T13:09:56.746+0300][296.961s][info ][gc] GC(1987) Pause Full (Ergonomics) 136M->2M(237M) 6.355ms
[2020-08-08T13:09:56.791+0300][297.006s][info ][gc] GC(1988) Pause Young (Allocation Failure) 60M->59M(237M) 34.945ms
[2020-08-08T13:09:56.898+0300][297.113s][info ][gc] GC(1989) Pause Young (Allocation Failure) 117M->117M(237M) 96.415ms
[2020-08-08T13:09:57.190+0300][297.405s][debug][gc] GC(1990) Expanding ParOldGen from 126464K by 117760K to 244224K
[2020-08-08T13:09:57.190+0300][297.405s][info ][gc] GC(1990) Pause Full (Ergonomics) 117M->117M(352M) 291.590ms
[2020-08-08T13:09:57.243+0300][297.458s][info ][gc] GC(1991) Pause Young (Allocation Failure) 174M->174M(352M) 45.255ms
[2020-08-08T13:09:57.344+0300][297.559s][info ][gc] GC(1992) Pause Young (Allocation Failure) 232M->232M(352M) 90.899ms
[2020-08-08T13:09:57.584+0300][297.799s][debug][gc] GC(1993) Shrinking ParOldGen from 244224K by 19456K to 224768K
[2020-08-08T13:09:57.584+0300][297.799s][info ][gc] GC(1993) Pause Full (Ergonomics) 232M->98M(333M) 240.225ms
[2020-08-08T13:09:57.695+0300][297.910s][info ][gc] GC(1994) Pause Young (Allocation Failure) 156M->156M(333M) 99.782ms
[2020-08-08T13:09:57.779+0300][297.994s][info ][gc] GC(1995) Pause Young (Allocation Failure) 213M->213M(333M) 74.641ms
[2020-08-08T13:09:57.971+0300][298.186s][debug][gc] GC(1996) Shrinking ParOldGen from 224768K by 18944K to 205824K
[2020-08-08T13:09:57.971+0300][298.186s][info ][gc] GC(1996) Pause Full (Ergonomics) 213M->79M(315M) 191.302ms
[2020-08-08T13:09:58.153+0300][298.368s][info ][gc] GC(1997) Pause Young (Allocation Failure) 137M->136M(315M) 172.043ms
[2020-08-08T13:09:58.272+0300][298.487s][info ][gc] GC(1998) Pause Young (Allocation Failure) 193M->193M(315M) 111.781ms
[2020-08-08T13:09:58.399+0300][298.614s][debug][gc] GC(1999) Shrinking ParOldGen from 205824K by 20480K to 185344K
[2020-08-08T13:09:58.399+0300][298.614s][info ][gc] GC(1999) Pause Full (Ergonomics) 193M->59M(295M) 127.158ms
[2020-08-08T13:09:58.584+0300][298.799s][info ][gc] GC(2000) Pause Young (Allocation Failure) 117M->117M(295M) 174.672ms
[2020-08-08T13:09:58.788+0300][299.003s][info ][gc] GC(2001) Pause Young (Allocation Failure) 175M->175M(295M) 193.451ms
[2020-08-08T13:09:58.856+0300][299.071s][debug][gc] GC(2002) Shrinking ParOldGen from 185344K by 18944K to 166400K
[2020-08-08T13:09:58.857+0300][299.071s][info ][gc] GC(2002) Pause Full (Ergonomics) 175M->41M(276M) 68.787ms
[2020-08-08T13:09:59.033+0300][299.248s][info ][gc] GC(2003) Pause Young (Allocation Failure) 98M->98M(276M) 164.727ms
[2020-08-08T13:09:59.302+0300][299.517s][info ][gc] GC(2004) Pause Young (Allocation Failure) 156M->156M(276M) 262.515ms
[2020-08-08T13:09:59.318+0300][299.533s][debug][gc] GC(2005) Shrinking ParOldGen from 166400K by 18944K to 147456K
[2020-08-08T13:09:59.318+0300][299.533s][info ][gc] GC(2005) Pause Full (Ergonomics) 156M->22M(258M) 15.398ms
[2020-08-08T13:09:59.495+0300][299.710s][info ][gc] GC(2006) Pause Young (Allocation Failure) 80M->80M(258M) 167.464ms
[2020-08-08T13:09:59.834+0300][300.049s][info ][gc] GC(2007) Pause Young (Allocation Failure) 136M->136M(258M) 329.285ms
[2020-08-08T13:09:59.840+0300][300.055s][debug][gc] GC(2008) Shrinking ParOldGen from 147456K by 20992K to 126464K
[2020-08-08T13:09:59.840+0300][300.055s][info ][gc] GC(2008) Pause Full (Ergonomics) 136M->2M(237M) 6.188ms
[2020-08-08T13:09:59.888+0300][300.103s][info ][gc] GC(2009) Pause Young (Allocation Failure) 60M->59M(237M) 36.852ms
[2020-08-08T13:09:59.997+0300][300.212s][info ][gc] GC(2010) Pause Young (Allocation Failure) 117M->117M(237M) 98.877ms
[2020-08-08T13:10:00.294+0300][300.509s][debug][gc] GC(2011) Expanding ParOldGen from 126464K by 117760K to 244224K
[2020-08-08T13:10:00.294+0300][300.509s][info ][gc] GC(2011) Pause Full (Ergonomics) 117M->117M(352M) 296.809ms
[2020-08-08T13:10:00.347+0300][300.562s][info ][gc] GC(2012) Pause Young (Allocation Failure) 174M->174M(352M) 41.842ms
[2020-08-08T13:10:00.447+0300][300.662s][info ][gc] GC(2013) Pause Young (Allocation Failure) 232M->232M(352M) 89.453ms
[2020-08-08T13:10:00.695+0300][300.910s][debug][gc] GC(2014) Shrinking ParOldGen from 244224K by 19456K to 224768K
[2020-08-08T13:10:00.695+0300][300.910s][info ][gc] GC(2014) Pause Full (Ergonomics) 232M->98M(333M) 247.387ms
[2020-08-08T13:10:00.819+0300][301.034s][info ][gc] GC(2015) Pause Young (Allocation Failure) 156M->156M(333M) 114.309ms
[2020-08-08T13:10:00.904+0300][301.119s][info ][gc] GC(2016) Pause Young (Allocation Failure) 213M->213M(333M) 75.261ms
[2020-08-08T13:10:01.084+0300][301.299s][debug][gc] GC(2017) Shrinking ParOldGen from 224768K by 18944K to 205824K
[2020-08-08T13:10:01.084+0300][301.299s][info ][gc] GC(2017) Pause Full (Ergonomics) 213M->79M(315M) 180.719ms
[2020-08-08T13:10:01.261+0300][301.476s][info ][gc] GC(2018) Pause Young (Allocation Failure) 137M->136M(315M) 166.390ms
[2020-08-08T13:10:01.376+0300][301.590s][info ][gc] GC(2019) Pause Young (Allocation Failure) 193M->193M(315M) 105.798ms
[2020-08-08T13:10:01.496+0300][301.711s][debug][gc] GC(2020) Shrinking ParOldGen from 205824K by 20480K to 185344K
[2020-08-08T13:10:01.496+0300][301.711s][info ][gc] GC(2020) Pause Full (Ergonomics) 193M->59M(295M) 120.702ms
[2020-08-08T13:10:01.666+0300][301.881s][info ][gc] GC(2021) Pause Young (Allocation Failure) 117M->117M(295M) 160.059ms
[2020-08-08T13:10:01.851+0300][302.066s][info ][gc] GC(2022) Pause Young (Allocation Failure) 175M->175M(295M) 174.708ms
[2020-08-08T13:10:01.919+0300][302.134s][debug][gc] GC(2023) Shrinking ParOldGen from 185344K by 18944K to 166400K
[2020-08-08T13:10:01.919+0300][302.134s][info ][gc] GC(2023) Pause Full (Ergonomics) 175M->41M(276M) 67.631ms
[2020-08-08T13:10:02.096+0300][302.311s][info ][gc] GC(2024) Pause Young (Allocation Failure) 98M->98M(276M) 166.983ms
[2020-08-08T13:10:02.362+0300][302.577s][info ][gc] GC(2025) Pause Young (Allocation Failure) 156M->156M(276M) 258.195ms
[2020-08-08T13:10:02.377+0300][302.592s][debug][gc] GC(2026) Shrinking ParOldGen from 166400K by 18944K to 147456K
[2020-08-08T13:10:02.377+0300][302.592s][info ][gc] GC(2026) Pause Full (Ergonomics) 156M->22M(258M) 15.225ms
[2020-08-08T13:10:02.555+0300][302.770s][info ][gc] GC(2027) Pause Young (Allocation Failure) 80M->80M(258M) 166.279ms
[2020-08-08T13:10:02.890+0300][303.105s][info ][gc] GC(2028) Pause Young (Allocation Failure) 136M->136M(258M) 325.004ms
[2020-08-08T13:10:02.896+0300][303.111s][debug][gc] GC(2029) Shrinking ParOldGen from 147456K by 20992K to 126464K
[2020-08-08T13:10:02.896+0300][303.111s][info ][gc] GC(2029) Pause Full (Ergonomics) 136M->2M(237M) 6.373ms
[2020-08-08T13:10:02.943+0300][303.157s][info ][gc] GC(2030) Pause Young (Allocation Failure) 60M->59M(237M) 35.893ms
[2020-08-08T13:10:03.050+0300][303.265s][info ][gc] GC(2031) Pause Young (Allocation Failure) 117M->117M(237M) 97.755ms
[2020-08-08T13:10:03.356+0300][303.571s][debug][gc] GC(2032) Expanding ParOldGen from 126464K by 117760K to 244224K
[2020-08-08T13:10:03.356+0300][303.571s][info ][gc] GC(2032) Pause Full (Ergonomics) 117M->117M(352M) 306.227ms
[2020-08-08T13:10:03.408+0300][303.623s][info ][gc] GC(2033) Pause Young (Allocation Failure) 174M->174M(352M) 43.192ms
[2020-08-08T13:10:03.508+0300][303.723s][info ][gc] GC(2034) Pause Young (Allocation Failure) 232M->232M(352M) 88.524ms
[2020-08-08T13:10:03.751+0300][303.966s][debug][gc] GC(2035) Shrinking ParOldGen from 244224K by 19456K to 224768K
[2020-08-08T13:10:03.751+0300][303.966s][info ][gc] GC(2035) Pause Full (Ergonomics) 232M->98M(333M) 243.547ms
[2020-08-08T13:10:03.869+0300][304.084s][info ][gc] GC(2036) Pause Young (Allocation Failure) 156M->156M(333M) 109.009ms
[2020-08-08T13:10:03.954+0300][304.169s][info ][gc] GC(2037) Pause Young (Allocation Failure) 213M->213M(333M) 75.615ms
[2020-08-08T13:10:04.134+0300][304.349s][debug][gc] GC(2038) Shrinking ParOldGen from 224768K by 18944K to 205824K
[2020-08-08T13:10:04.134+0300][304.349s][info ][gc] GC(2038) Pause Full (Ergonomics) 213M->79M(315M) 179.494ms
[2020-08-08T13:10:04.314+0300][304.529s][info ][gc] GC(2039) Pause Young (Allocation Failure) 137M->136M(315M) 169.728ms
[2020-08-08T13:10:04.437+0300][304.652s][info ][gc] GC(2040) Pause Young (Allocation Failure) 193M->193M(315M) 114.026ms
[2020-08-08T13:10:04.567+0300][304.782s][debug][gc] GC(2041) Shrinking ParOldGen from 205824K by 20480K to 185344K
[2020-08-08T13:10:04.567+0300][304.782s][info ][gc] GC(2041) Pause Full (Ergonomics) 193M->59M(295M) 129.297ms
[2020-08-08T13:10:04.744+0300][304.959s][info ][gc] GC(2042) Pause Young (Allocation Failure) 117M->117M(295M) 166.359ms
[2020-08-08T13:10:04.931+0300][305.146s][info ][gc] GC(2043) Pause Young (Allocation Failure) 175M->175M(295M) 176.603ms
[2020-08-08T13:10:05.003+0300][305.218s][debug][gc] GC(2044) Shrinking ParOldGen from 185344K by 18944K to 166400K
[2020-08-08T13:10:05.003+0300][305.218s][info ][gc] GC(2044) Pause Full (Ergonomics) 175M->41M(276M) 72.456ms
[2020-08-08T13:10:05.184+0300][305.399s][info ][gc] GC(2045) Pause Young (Allocation Failure) 98M->98M(276M) 170.375ms
[2020-08-08T13:10:05.462+0300][305.677s][info ][gc] GC(2046) Pause Young (Allocation Failure) 156M->156M(276M) 269.546ms
[2020-08-08T13:10:05.478+0300][305.693s][debug][gc] GC(2047) Shrinking ParOldGen from 166400K by 18944K to 147456K
[2020-08-08T13:10:05.478+0300][305.693s][info ][gc] GC(2047) Pause Full (Ergonomics) 156M->22M(258M) 15.994ms
[2020-08-08T13:10:05.662+0300][305.877s][info ][gc] GC(2048) Pause Young (Allocation Failure) 80M->79M(258M) 171.794ms
[2020-08-08T13:10:06.026+0300][306.241s][info ][gc] GC(2049) Pause Young (Allocation Failure) 137M->136M(258M) 353.469ms
[2020-08-08T13:10:06.032+0300][306.247s][debug][gc] GC(2050) Shrinking ParOldGen from 147456K by 20992K to 126464K
[2020-08-08T13:10:06.032+0300][306.247s][info ][gc] GC(2050) Pause Full (Ergonomics) 136M->2M(237M) 5.917ms
[2020-08-08T13:10:06.082+0300][306.297s][info ][gc] GC(2051) Pause Young (Allocation Failure) 60M->59M(237M) 37.730ms
[2020-08-08T13:10:06.193+0300][306.408s][info ][gc] GC(2052) Pause Young (Allocation Failure) 117M->117M(237M) 100.040ms
[2020-08-08T13:10:06.493+0300][306.708s][debug][gc] GC(2053) Expanding ParOldGen from 126464K by 117760K to 244224K
[2020-08-08T13:10:06.494+0300][306.708s][info ][gc] GC(2053) Pause Full (Ergonomics) 117M->117M(352M) 300.254ms
[2020-08-08T13:10:06.540+0300][306.755s][info ][gc] GC(2054) Pause Young (Allocation Failure) 174M->174M(352M) 38.236ms
[2020-08-08T13:10:06.641+0300][306.856s][info ][gc] GC(2055) Pause Young (Allocation Failure) 232M->232M(352M) 90.232ms
[2020-08-08T13:10:06.887+0300][307.102s][debug][gc] GC(2056) Shrinking ParOldGen from 244224K by 19456K to 224768K
[2020-08-08T13:10:06.887+0300][307.102s][info ][gc] GC(2056) Pause Full (Ergonomics) 232M->98M(333M) 246.398ms
[2020-08-08T13:10:07.001+0300][307.216s][info ][gc] GC(2057) Pause Young (Allocation Failure) 156M->156M(333M) 103.121ms
[2020-08-08T13:10:07.087+0300][307.302s][info ][gc] GC(2058) Pause Young (Allocation Failure) 213M->213M(333M) 76.524ms
[2020-08-08T13:10:07.269+0300][307.484s][debug][gc] GC(2059) Shrinking ParOldGen from 224768K by 18944K to 205824K
[2020-08-08T13:10:07.269+0300][307.484s][info ][gc] GC(2059) Pause Full (Ergonomics) 213M->79M(315M) 181.894ms
[2020-08-08T13:10:07.451+0300][307.666s][info ][gc] GC(2060) Pause Young (Allocation Failure) 137M->136M(315M) 172.366ms
[2020-08-08T13:10:07.561+0300][307.776s][info ][gc] GC(2061) Pause Young (Allocation Failure) 193M->193M(315M) 101.759ms
[2020-08-08T13:10:07.688+0300][307.903s][debug][gc] GC(2062) Shrinking ParOldGen from 205824K by 20480K to 185344K
[2020-08-08T13:10:07.688+0300][307.903s][info ][gc] GC(2062) Pause Full (Ergonomics) 193M->59M(295M) 126.551ms
[2020-08-08T13:10:07.877+0300][308.092s][info ][gc] GC(2063) Pause Young (Allocation Failure) 117M->117M(295M) 179.509ms
[2020-08-08T13:10:08.064+0300][308.279s][info ][gc] GC(2064) Pause Young (Allocation Failure) 174M->175M(295M) 176.632ms
[2020-08-08T13:10:08.134+0300][308.349s][debug][gc] GC(2065) Shrinking ParOldGen from 185344K by 18944K to 166400K
[2020-08-08T13:10:08.134+0300][308.349s][info ][gc] GC(2065) Pause Full (Ergonomics) 175M->41M(276M) 70.761ms
[2020-08-08T13:10:08.305+0300][308.519s][info ][gc] GC(2066) Pause Young (Allocation Failure) 98M->98M(276M) 158.826ms
[2020-08-08T13:10:08.574+0300][308.789s][info ][gc] GC(2067) Pause Young (Allocation Failure) 156M->156M(276M) 262.302ms
[2020-08-08T13:10:08.590+0300][308.805s][debug][gc] GC(2068) Shrinking ParOldGen from 166400K by 18944K to 147456K
[2020-08-08T13:10:08.590+0300][308.805s][info ][gc] GC(2068) Pause Full (Ergonomics) 156M->22M(258M) 15.478ms
[2020-08-08T13:10:08.770+0300][308.985s][info ][gc] GC(2069) Pause Young (Allocation Failure) 80M->80M(258M) 169.330ms
[2020-08-08T13:10:09.105+0300][309.320s][info ][gc] GC(2070) Pause Young (Allocation Failure) 136M->136M(258M) 323.185ms
[2020-08-08T13:10:09.112+0300][309.327s][debug][gc] GC(2071) Shrinking ParOldGen from 147456K by 20992K to 126464K
[2020-08-08T13:10:09.112+0300][309.327s][info ][gc] GC(2071) Pause Full (Ergonomics) 136M->2M(237M) 6.452ms
[2020-08-08T13:10:09.155+0300][309.370s][info ][gc] GC(2072) Pause Young (Allocation Failure) 60M->60M(237M) 34.285ms
[2020-08-08T13:10:09.264+0300][309.479s][info ][gc] GC(2073) Pause Young (Allocation Failure) 117M->117M(237M) 99.514ms
[2020-08-08T13:10:09.568+0300][309.783s][debug][gc] GC(2074) Expanding ParOldGen from 126464K by 117760K to 244224K
[2020-08-08T13:10:09.568+0300][309.783s][info ][gc] GC(2074) Pause Full (Ergonomics) 117M->117M(352M) 303.637ms
[2020-08-08T13:10:09.619+0300][309.833s][info ][gc] GC(2075) Pause Young (Allocation Failure) 174M->174M(352M) 40.975ms
[2020-08-08T13:10:09.723+0300][309.938s][info ][gc] GC(2076) Pause Young (Allocation Failure) 232M->232M(352M) 93.754ms
[2020-08-08T13:10:09.966+0300][310.181s][debug][gc] GC(2077) Shrinking ParOldGen from 244224K by 18944K to 225280K
[2020-08-08T13:10:09.966+0300][310.181s][info ][gc] GC(2077) Pause Full (Ergonomics) 232M->98M(334M) 242.501ms
[2020-08-08T13:10:10.088+0300][310.303s][info ][gc] GC(2078) Pause Young (Allocation Failure) 156M->156M(334M) 111.003ms
[2020-08-08T13:10:10.174+0300][310.389s][info ][gc] GC(2079) Pause Young (Allocation Failure) 213M->213M(334M) 76.665ms
[2020-08-08T13:10:10.354+0300][310.569s][debug][gc] GC(2080) Shrinking ParOldGen from 225280K by 19456K to 205824K
[2020-08-08T13:10:10.354+0300][310.569s][info ][gc] GC(2080) Pause Full (Ergonomics) 213M->79M(315M) 179.288ms
[2020-08-08T13:10:10.528+0300][310.743s][info ][gc] GC(2081) Pause Young (Allocation Failure) 136M->136M(315M) 164.450ms
[2020-08-08T13:10:10.659+0300][310.874s][info ][gc] GC(2082) Pause Young (Allocation Failure) 193M->193M(315M) 122.123ms
[2020-08-08T13:10:10.786+0300][311.001s][debug][gc] GC(2083) Shrinking ParOldGen from 205824K by 20480K to 185344K
[2020-08-08T13:10:10.786+0300][311.001s][info ][gc] GC(2083) Pause Full (Ergonomics) 193M->59M(295M) 126.552ms
[2020-08-08T13:10:10.948+0300][311.163s][info ][gc] GC(2084) Pause Young (Allocation Failure) 117M->117M(295M) 149.734ms
[2020-08-08T13:10:11.131+0300][311.346s][info ][gc] GC(2085) Pause Young (Allocation Failure) 174M->175M(295M) 174.994ms
[2020-08-08T13:10:11.202+0300][311.417s][debug][gc] GC(2086) Shrinking ParOldGen from 185344K by 18944K to 166400K
[2020-08-08T13:10:11.202+0300][311.417s][info ][gc] GC(2086) Pause Full (Ergonomics) 175M->41M(276M) 70.423ms
[2020-08-08T13:10:11.374+0300][311.589s][info ][gc] GC(2087) Pause Young (Allocation Failure) 98M->98M(276M) 162.084ms
[2020-08-08T13:10:11.637+0300][311.852s][info ][gc] GC(2088) Pause Young (Allocation Failure) 156M->156M(276M) 253.633ms
[2020-08-08T13:10:11.654+0300][311.869s][debug][gc] GC(2089) Shrinking ParOldGen from 166400K by 18944K to 147456K
[2020-08-08T13:10:11.654+0300][311.869s][info ][gc] GC(2089) Pause Full (Ergonomics) 156M->22M(258M) 16.864ms
[2020-08-08T13:10:11.838+0300][312.053s][info ][gc] GC(2090) Pause Young (Allocation Failure) 80M->80M(258M) 171.240ms
[2020-08-08T13:10:12.150+0300][312.365s][info ][gc] GC(2091) Pause Young (Allocation Failure) 136M->136M(258M) 298.914ms
[2020-08-08T13:10:12.156+0300][312.371s][debug][gc] GC(2092) Shrinking ParOldGen from 147456K by 20992K to 126464K
[2020-08-08T13:10:12.156+0300][312.371s][info ][gc] GC(2092) Pause Full (Ergonomics) 136M->2M(237M) 6.214ms
[2020-08-08T13:10:12.200+0300][312.415s][info ][gc] GC(2093) Pause Young (Allocation Failure) 60M->60M(237M) 35.053ms
[2020-08-08T13:10:12.308+0300][312.523s][info ][gc] GC(2094) Pause Young (Allocation Failure) 117M->117M(237M) 98.395ms
[2020-08-08T13:10:12.604+0300][312.819s][debug][gc] GC(2095) Expanding ParOldGen from 126464K by 117760K to 244224K
[2020-08-08T13:10:12.604+0300][312.819s][info ][gc] GC(2095) Pause Full (Ergonomics) 117M->117M(352M) 295.232ms
[2020-08-08T13:10:12.654+0300][312.869s][info ][gc] GC(2096) Pause Young (Allocation Failure) 174M->174M(352M) 41.361ms
[2020-08-08T13:10:12.755+0300][312.970s][info ][gc] GC(2097) Pause Young (Allocation Failure) 232M->232M(352M) 91.572ms
[2020-08-08T13:10:12.999+0300][313.214s][debug][gc] GC(2098) Shrinking ParOldGen from 244224K by 18944K to 225280K
[2020-08-08T13:10:12.999+0300][313.214s][info ][gc] GC(2098) Pause Full (Ergonomics) 232M->98M(334M) 243.728ms
[2020-08-08T13:10:13.120+0300][313.335s][info ][gc] GC(2099) Pause Young (Allocation Failure) 156M->156M(334M) 111.151ms
[2020-08-08T13:10:13.210+0300][313.425s][info ][gc] GC(2100) Pause Young (Allocation Failure) 213M->213M(334M) 78.293ms
[2020-08-08T13:10:13.395+0300][313.610s][debug][gc] GC(2101) Shrinking ParOldGen from 225280K by 19456K to 205824K
[2020-08-08T13:10:13.395+0300][313.610s][info ][gc] GC(2101) Pause Full (Ergonomics) 213M->79M(315M) 185.080ms
[2020-08-08T13:10:13.569+0300][313.784s][info ][gc] GC(2102) Pause Young (Allocation Failure) 136M->136M(315M) 162.666ms
[2020-08-08T13:10:13.692+0300][313.907s][info ][gc] GC(2103) Pause Young (Allocation Failure) 193M->193M(315M) 115.233ms
[2020-08-08T13:10:13.819+0300][314.034s][debug][gc] GC(2104) Shrinking ParOldGen from 205824K by 20480K to 185344K
[2020-08-08T13:10:13.819+0300][314.034s][info ][gc] GC(2104) Pause Full (Ergonomics) 193M->59M(295M) 126.546ms
[2020-08-08T13:10:13.991+0300][314.206s][info ][gc] GC(2105) Pause Young (Allocation Failure) 117M->117M(295M) 160.159ms
[2020-08-08T13:10:14.193+0300][314.408s][info ][gc] GC(2106) Pause Young (Allocation Failure) 174M->175M(295M) 194.525ms
[2020-08-08T13:10:14.265+0300][314.480s][debug][gc] GC(2107) Shrinking ParOldGen from 185344K by 18944K to 166400K
[2020-08-08T13:10:14.265+0300][314.480s][info ][gc] GC(2107) Pause Full (Ergonomics) 175M->41M(276M) 72.125ms
[2020-08-08T13:10:14.449+0300][314.664s][info ][gc] GC(2108) Pause Young (Allocation Failure) 98M->98M(276M) 174.213ms
[2020-08-08T13:10:14.742+0300][314.957s][info ][gc] GC(2109) Pause Young (Allocation Failure) 156M->156M(276M) 284.650ms
[2020-08-08T13:10:14.758+0300][314.973s][debug][gc] GC(2110) Shrinking ParOldGen from 166400K by 18944K to 147456K
[2020-08-08T13:10:14.758+0300][314.973s][info ][gc] GC(2110) Pause Full (Ergonomics) 156M->22M(258M) 16.214ms
[2020-08-08T13:10:14.936+0300][315.151s][info ][gc] GC(2111) Pause Young (Allocation Failure) 80M->80M(258M) 164.919ms
[2020-08-08T13:10:15.263+0300][315.478s][info ][gc] GC(2112) Pause Young (Allocation Failure) 136M->136M(258M) 315.898ms
[2020-08-08T13:10:15.270+0300][315.485s][debug][gc] GC(2113) Shrinking ParOldGen from 147456K by 20992K to 126464K
[2020-08-08T13:10:15.270+0300][315.485s][info ][gc] GC(2113) Pause Full (Ergonomics) 136M->2M(237M) 6.372ms
[2020-08-08T13:10:15.312+0300][315.527s][info ][gc] GC(2114) Pause Young (Allocation Failure) 60M->60M(237M) 33.802ms
[2020-08-08T13:10:15.416+0300][315.631s][info ][gc] GC(2115) Pause Young (Allocation Failure) 117M->117M(237M) 94.689ms
[2020-08-08T13:10:15.707+0300][315.922s][debug][gc] GC(2116) Expanding ParOldGen from 126464K by 117760K to 244224K
[2020-08-08T13:10:15.707+0300][315.922s][info ][gc] GC(2116) Pause Full (Ergonomics) 117M->117M(352M) 290.866ms
[2020-08-08T13:10:15.762+0300][315.977s][info ][gc] GC(2117) Pause Young (Allocation Failure) 174M->174M(352M) 46.544ms
[2020-08-08T13:10:15.862+0300][316.077s][info ][gc] GC(2118) Pause Young (Allocation Failure) 232M->232M(352M) 89.322ms
[2020-08-08T13:10:16.108+0300][316.323s][debug][gc] GC(2119) Shrinking ParOldGen from 244224K by 19456K to 224768K
[2020-08-08T13:10:16.108+0300][316.323s][info ][gc] GC(2119) Pause Full (Ergonomics) 232M->98M(333M) 246.331ms
[2020-08-08T13:10:16.229+0300][316.444s][info ][gc] GC(2120) Pause Young (Allocation Failure) 156M->156M(333M) 111.127ms
[2020-08-08T13:10:16.314+0300][316.529s][info ][gc] GC(2121) Pause Young (Allocation Failure) 213M->213M(333M) 74.721ms
[2020-08-08T13:10:16.498+0300][316.713s][debug][gc] GC(2122) Shrinking ParOldGen from 224768K by 18944K to 205824K
[2020-08-08T13:10:16.498+0300][316.713s][info ][gc] GC(2122) Pause Full (Ergonomics) 213M->79M(315M) 184.135ms
[2020-08-08T13:10:16.675+0300][316.890s][info ][gc] GC(2123) Pause Young (Allocation Failure) 136M->136M(315M) 167.536ms
[2020-08-08T13:10:16.796+0300][317.011s][info ][gc] GC(2124) Pause Young (Allocation Failure) 193M->193M(315M) 112.160ms
[2020-08-08T13:10:16.920+0300][317.135s][debug][gc] GC(2125) Shrinking ParOldGen from 205824K by 20480K to 185344K
[2020-08-08T13:10:16.920+0300][317.135s][info ][gc] GC(2125) Pause Full (Ergonomics) 193M->59M(295M) 123.481ms
[2020-08-08T13:10:17.097+0300][317.312s][info ][gc] GC(2126) Pause Young (Allocation Failure) 117M->117M(295M) 163.819ms
[2020-08-08T13:10:17.281+0300][317.496s][info ][gc] GC(2127) Pause Young (Allocation Failure) 174M->175M(295M) 176.184ms
[2020-08-08T13:10:17.354+0300][317.569s][debug][gc] GC(2128) Shrinking ParOldGen from 185344K by 18944K to 166400K
[2020-08-08T13:10:17.354+0300][317.569s][info ][gc] GC(2128) Pause Full (Ergonomics) 175M->41M(276M) 73.340ms
[2020-08-08T13:10:17.521+0300][317.736s][info ][gc] GC(2129) Pause Young (Allocation Failure) 98M->98M(276M) 156.663ms
[2020-08-08T13:10:17.803+0300][318.018s][info ][gc] GC(2130) Pause Young (Allocation Failure) 156M->156M(276M) 274.467ms
[2020-08-08T13:10:17.819+0300][318.034s][debug][gc] GC(2131) Shrinking ParOldGen from 166400K by 18944K to 147456K
[2020-08-08T13:10:17.819+0300][318.034s][info ][gc] GC(2131) Pause Full (Ergonomics) 156M->22M(258M) 16.139ms
[2020-08-08T13:10:17.993+0300][318.208s][info ][gc] GC(2132) Pause Young (Allocation Failure) 80M->79M(258M) 156.688ms
[2020-08-08T13:10:18.322+0300][318.537s][info ][gc] GC(2133) Pause Young (Allocation Failure) 137M->136M(258M) 318.014ms
[2020-08-08T13:10:18.328+0300][318.543s][debug][gc] GC(2134) Shrinking ParOldGen from 147456K by 20992K to 126464K
[2020-08-08T13:10:18.328+0300][318.543s][info ][gc] GC(2134) Pause Full (Ergonomics) 136M->2M(237M) 6.185ms
[2020-08-08T13:10:18.372+0300][318.587s][info ][gc] GC(2135) Pause Young (Allocation Failure) 60M->60M(237M) 35.078ms
[2020-08-08T13:10:18.480+0300][318.695s][info ][gc] GC(2136) Pause Young (Allocation Failure) 117M->117M(237M) 98.894ms
[2020-08-08T13:10:18.796+0300][319.011s][debug][gc] GC(2137) Expanding ParOldGen from 126464K by 117760K to 244224K
[2020-08-08T13:10:18.796+0300][319.011s][info ][gc] GC(2137) Pause Full (Ergonomics) 117M->117M(352M) 316.022ms
[2020-08-08T13:10:18.853+0300][319.068s][info ][gc] GC(2138) Pause Young (Allocation Failure) 174M->174M(352M) 47.242ms
[2020-08-08T13:10:18.954+0300][319.169s][info ][gc] GC(2139) Pause Young (Allocation Failure) 232M->232M(352M) 90.296ms
[2020-08-08T13:10:19.196+0300][319.411s][debug][gc] GC(2140) Shrinking ParOldGen from 244224K by 18944K to 225280K
[2020-08-08T13:10:19.197+0300][319.411s][info ][gc] GC(2140) Pause Full (Ergonomics) 232M->98M(334M) 242.643ms
[2020-08-08T13:10:19.312+0300][319.527s][info ][gc] GC(2141) Pause Young (Allocation Failure) 156M->156M(334M) 106.329ms
[2020-08-08T13:10:19.397+0300][319.612s][info ][gc] GC(2142) Pause Young (Allocation Failure) 213M->213M(334M) 75.248ms
[2020-08-08T13:10:19.579+0300][319.794s][debug][gc] GC(2143) Shrinking ParOldGen from 225280K by 19456K to 205824K
[2020-08-08T13:10:19.579+0300][319.794s][info ][gc] GC(2143) Pause Full (Ergonomics) 213M->79M(315M) 181.744ms
[2020-08-08T13:10:19.755+0300][319.970s][info ][gc] GC(2144) Pause Young (Allocation Failure) 136M->136M(315M) 165.782ms
[2020-08-08T13:10:19.888+0300][320.103s][info ][gc] GC(2145) Pause Young (Allocation Failure) 193M->193M(315M) 124.855ms
[2020-08-08T13:10:20.013+0300][320.228s][debug][gc] GC(2146) Shrinking ParOldGen from 205824K by 20480K to 185344K
[2020-08-08T13:10:20.013+0300][320.228s][info ][gc] GC(2146) Pause Full (Ergonomics) 193M->59M(295M) 125.053ms
[2020-08-08T13:10:20.201+0300][320.416s][info ][gc] GC(2147) Pause Young (Allocation Failure) 117M->117M(295M) 176.352ms
[2020-08-08T13:10:20.397+0300][320.611s][info ][gc] GC(2148) Pause Young (Allocation Failure) 174M->175M(295M) 186.675ms
[2020-08-08T13:10:20.467+0300][320.682s][debug][gc] GC(2149) Shrinking ParOldGen from 185344K by 18944K to 166400K
[2020-08-08T13:10:20.467+0300][320.682s][info ][gc] GC(2149) Pause Full (Ergonomics) 175M->41M(276M) 70.077ms
[2020-08-08T13:10:20.651+0300][320.866s][info ][gc] GC(2150) Pause Young (Allocation Failure) 98M->98M(276M) 174.123ms
[2020-08-08T13:10:20.938+0300][321.153s][info ][gc] GC(2151) Pause Young (Allocation Failure) 156M->156M(276M) 278.507ms
[2020-08-08T13:10:20.954+0300][321.169s][debug][gc] GC(2152) Shrinking ParOldGen from 166400K by 18944K to 147456K
[2020-08-08T13:10:20.954+0300][321.169s][info ][gc] GC(2152) Pause Full (Ergonomics) 156M->22M(258M) 15.829ms
[2020-08-08T13:10:21.139+0300][321.354s][info ][gc] GC(2153) Pause Young (Allocation Failure) 80M->80M(258M) 174.336ms
[2020-08-08T13:10:21.488+0300][321.703s][info ][gc] GC(2154) Pause Young (Allocation Failure) 137M->136M(258M) 337.131ms
[2020-08-08T13:10:21.494+0300][321.709s][debug][gc] GC(2155) Shrinking ParOldGen from 147456K by 20992K to 126464K
[2020-08-08T13:10:21.494+0300][321.709s][info ][gc] GC(2155) Pause Full (Ergonomics) 136M->2M(237M) 6.280ms
[2020-08-08T13:10:21.537+0300][321.752s][info ][gc] GC(2156) Pause Young (Allocation Failure) 60M->60M(237M) 34.259ms
[2020-08-08T13:10:21.646+0300][321.861s][info ][gc] GC(2157) Pause Young (Allocation Failure) 117M->117M(237M) 98.080ms
[2020-08-08T13:10:21.934+0300][322.149s][debug][gc] GC(2158) Expanding ParOldGen from 126464K by 117760K to 244224K
[2020-08-08T13:10:21.935+0300][322.149s][info ][gc] GC(2158) Pause Full (Ergonomics) 117M->117M(352M) 288.674ms
[2020-08-08T13:10:21.986+0300][322.201s][info ][gc] GC(2159) Pause Young (Allocation Failure) 174M->174M(352M) 42.120ms
[2020-08-08T13:10:22.089+0300][322.304s][info ][gc] GC(2160) Pause Young (Allocation Failure) 232M->232M(352M) 93.283ms
[2020-08-08T13:10:22.330+0300][322.545s][debug][gc] GC(2161) Shrinking ParOldGen from 244224K by 18944K to 225280K
[2020-08-08T13:10:22.330+0300][322.545s][info ][gc] GC(2161) Pause Full (Ergonomics) 232M->98M(334M) 240.501ms
[2020-08-08T13:10:22.443+0300][322.657s][info ][gc] GC(2162) Pause Young (Allocation Failure) 156M->156M(334M) 103.337ms
[2020-08-08T13:10:22.529+0300][322.744s][info ][gc] GC(2163) Pause Young (Allocation Failure) 213M->213M(334M) 74.898ms
[2020-08-08T13:10:22.716+0300][322.931s][debug][gc] GC(2164) Shrinking ParOldGen from 225280K by 19456K to 205824K
[2020-08-08T13:10:22.716+0300][322.931s][info ][gc] GC(2164) Pause Full (Ergonomics) 213M->79M(315M) 187.091ms
[2020-08-08T13:10:22.889+0300][323.104s][info ][gc] GC(2165) Pause Young (Allocation Failure) 136M->136M(315M) 163.582ms
[2020-08-08T13:10:23.036+0300][323.251s][info ][gc] GC(2166) Pause Young (Allocation Failure) 193M->193M(315M) 139.406ms
[2020-08-08T13:10:23.160+0300][323.375s][debug][gc] GC(2167) Shrinking ParOldGen from 205824K by 20480K to 185344K
[2020-08-08T13:10:23.160+0300][323.375s][info ][gc] GC(2167) Pause Full (Ergonomics) 193M->59M(295M) 124.332ms
[2020-08-08T13:10:23.351+0300][323.566s][info ][gc] GC(2168) Pause Young (Allocation Failure) 117M->117M(295M) 179.593ms
[2020-08-08T13:10:23.547+0300][323.762s][info ][gc] GC(2169) Pause Young (Allocation Failure) 174M->175M(295M) 187.651ms
[2020-08-08T13:10:23.616+0300][323.831s][debug][gc] GC(2170) Shrinking ParOldGen from 185344K by 18944K to 166400K
[2020-08-08T13:10:23.616+0300][323.831s][info ][gc] GC(2170) Pause Full (Ergonomics) 175M->41M(276M) 68.891ms
[2020-08-08T13:10:23.785+0300][323.999s][info ][gc] GC(2171) Pause Young (Allocation Failure) 98M->98M(276M) 157.020ms
[2020-08-08T13:10:24.072+0300][324.287s][info ][gc] GC(2172) Pause Young (Allocation Failure) 156M->156M(276M) 279.888ms
[2020-08-08T13:10:24.087+0300][324.302s][debug][gc] GC(2173) Shrinking ParOldGen from 166400K by 18944K to 147456K
[2020-08-08T13:10:24.087+0300][324.302s][info ][gc] GC(2173) Pause Full (Ergonomics) 156M->22M(258M) 14.684ms
[2020-08-08T13:10:24.264+0300][324.479s][info ][gc] GC(2174) Pause Young (Allocation Failure) 80M->80M(258M) 165.754ms
[2020-08-08T13:10:24.600+0300][324.815s][info ][gc] GC(2175) Pause Young (Allocation Failure) 137M->136M(258M) 326.325ms
[2020-08-08T13:10:24.606+0300][324.821s][debug][gc] GC(2176) Shrinking ParOldGen from 147456K by 20992K to 126464K
[2020-08-08T13:10:24.606+0300][324.821s][info ][gc] GC(2176) Pause Full (Ergonomics) 136M->2M(237M) 6.148ms
[2020-08-08T13:10:24.655+0300][324.870s][info ][gc] GC(2177) Pause Young (Allocation Failure) 60M->59M(237M) 36.884ms
[2020-08-08T13:10:24.762+0300][324.977s][info ][gc] GC(2178) Pause Young (Allocation Failure) 117M->117M(237M) 96.704ms
[2020-08-08T13:10:25.069+0300][325.284s][debug][gc] GC(2179) Expanding ParOldGen from 126464K by 117760K to 244224K
[2020-08-08T13:10:25.069+0300][325.284s][info ][gc] GC(2179) Pause Full (Ergonomics) 117M->117M(352M) 306.988ms
[2020-08-08T13:10:25.122+0300][325.337s][info ][gc] GC(2180) Pause Young (Allocation Failure) 174M->174M(352M) 45.558ms
[2020-08-08T13:10:25.220+0300][325.435s][info ][gc] GC(2181) Pause Young (Allocation Failure) 232M->232M(352M) 89.276ms
[2020-08-08T13:10:25.462+0300][325.677s][debug][gc] GC(2182) Shrinking ParOldGen from 244224K by 19456K to 224768K
[2020-08-08T13:10:25.462+0300][325.677s][info ][gc] GC(2182) Pause Full (Ergonomics) 232M->98M(333M) 241.208ms
[2020-08-08T13:10:25.575+0300][325.790s][info ][gc] GC(2183) Pause Young (Allocation Failure) 156M->156M(333M) 102.828ms
[2020-08-08T13:10:25.663+0300][325.878s][info ][gc] GC(2184) Pause Young (Allocation Failure) 213M->213M(333M) 77.619ms
[2020-08-08T13:10:25.839+0300][326.054s][debug][gc] GC(2185) Shrinking ParOldGen from 224768K by 18944K to 205824K
[2020-08-08T13:10:25.839+0300][326.054s][info ][gc] GC(2185) Pause Full (Ergonomics) 213M->79M(315M) 175.847ms
[2020-08-08T13:10:26.024+0300][326.239s][info ][gc] GC(2186) Pause Young (Allocation Failure) 136M->136M(315M) 174.939ms
[2020-08-08T13:10:26.142+0300][326.357s][info ][gc] GC(2187) Pause Young (Allocation Failure) 193M->193M(315M) 108.522ms
[2020-08-08T13:10:26.268+0300][326.483s][debug][gc] GC(2188) Shrinking ParOldGen from 205824K by 20480K to 185344K
[2020-08-08T13:10:26.268+0300][326.483s][info ][gc] GC(2188) Pause Full (Ergonomics) 193M->59M(295M) 125.908ms
[2020-08-08T13:10:26.452+0300][326.667s][info ][gc] GC(2189) Pause Young (Allocation Failure) 117M->117M(295M) 173.907ms
[2020-08-08T13:10:26.658+0300][326.873s][info ][gc] GC(2190) Pause Young (Allocation Failure) 174M->175M(295M) 195.719ms
[2020-08-08T13:10:26.730+0300][326.945s][debug][gc] GC(2191) Shrinking ParOldGen from 185344K by 18944K to 166400K
[2020-08-08T13:10:26.730+0300][326.945s][info ][gc] GC(2191) Pause Full (Ergonomics) 175M->41M(276M) 71.935ms
[2020-08-08T13:10:26.908+0300][327.123s][info ][gc] GC(2192) Pause Young (Allocation Failure) 98M->98M(276M) 167.444ms
[2020-08-08T13:10:27.190+0300][327.405s][info ][gc] GC(2193) Pause Young (Allocation Failure) 156M->156M(276M) 274.369ms
[2020-08-08T13:10:27.205+0300][327.420s][debug][gc] GC(2194) Shrinking ParOldGen from 166400K by 18944K to 147456K
[2020-08-08T13:10:27.205+0300][327.420s][info ][gc] GC(2194) Pause Full (Ergonomics) 156M->22M(258M) 14.928ms
[2020-08-08T13:10:27.379+0300][327.594s][info ][gc] GC(2195) Pause Young (Allocation Failure) 80M->79M(258M) 163.065ms
[2020-08-08T13:10:27.721+0300][327.936s][info ][gc] GC(2196) Pause Young (Allocation Failure) 137M->136M(258M) 332.465ms
[2020-08-08T13:10:27.728+0300][327.943s][debug][gc] GC(2197) Shrinking ParOldGen from 147456K by 20992K to 126464K
[2020-08-08T13:10:27.728+0300][327.943s][info ][gc] GC(2197) Pause Full (Ergonomics) 136M->2M(237M) 7.240ms
[2020-08-08T13:10:27.776+0300][327.991s][info ][gc] GC(2198) Pause Young (Allocation Failure) 60M->59M(237M) 37.969ms
[2020-08-08T13:10:27.885+0300][328.100s][info ][gc] GC(2199) Pause Young (Allocation Failure) 117M->117M(237M) 98.961ms
[2020-08-08T13:10:28.190+0300][328.405s][debug][gc] GC(2200) Expanding ParOldGen from 126464K by 117760K to 244224K
[2020-08-08T13:10:28.190+0300][328.405s][info ][gc] GC(2200) Pause Full (Ergonomics) 117M->117M(352M) 304.995ms
[2020-08-08T13:10:28.246+0300][328.461s][info ][gc] GC(2201) Pause Young (Allocation Failure) 174M->174M(352M) 46.761ms
[2020-08-08T13:10:28.345+0300][328.560s][info ][gc] GC(2202) Pause Young (Allocation Failure) 232M->232M(352M) 88.822ms
[2020-08-08T13:10:28.600+0300][328.815s][debug][gc] GC(2203) Shrinking ParOldGen from 244224K by 19456K to 224768K
[2020-08-08T13:10:28.600+0300][328.815s][info ][gc] GC(2203) Pause Full (Ergonomics) 232M->98M(333M) 255.382ms
[2020-08-08T13:10:28.714+0300][328.929s][info ][gc] GC(2204) Pause Young (Allocation Failure) 156M->156M(333M) 104.388ms
[2020-08-08T13:10:28.804+0300][329.019s][info ][gc] GC(2205) Pause Young (Allocation Failure) 213M->213M(333M) 77.245ms
[2020-08-08T13:10:28.994+0300][329.209s][debug][gc] GC(2206) Shrinking ParOldGen from 224768K by 18944K to 205824K
[2020-08-08T13:10:28.994+0300][329.209s][info ][gc] GC(2206) Pause Full (Ergonomics) 213M->79M(315M) 189.692ms
[2020-08-08T13:10:29.175+0300][329.390s][info ][gc] GC(2207) Pause Young (Allocation Failure) 136M->136M(315M) 171.928ms
[2020-08-08T13:10:29.284+0300][329.499s][info ][gc] GC(2208) Pause Young (Allocation Failure) 193M->193M(315M) 100.688ms
[2020-08-08T13:10:29.408+0300][329.623s][debug][gc] GC(2209) Shrinking ParOldGen from 205824K by 20480K to 185344K
[2020-08-08T13:10:29.409+0300][329.623s][info ][gc] GC(2209) Pause Full (Ergonomics) 193M->59M(295M) 123.974ms
[2020-08-08T13:10:29.593+0300][329.808s][info ][gc] GC(2210) Pause Young (Allocation Failure) 117M->117M(295M) 174.406ms
[2020-08-08T13:10:29.803+0300][330.018s][info ][gc] GC(2211) Pause Young (Allocation Failure) 174M->175M(295M) 202.755ms
[2020-08-08T13:10:29.875+0300][330.090s][debug][gc] GC(2212) Shrinking ParOldGen from 185344K by 18944K to 166400K
[2020-08-08T13:10:29.875+0300][330.090s][info ][gc] GC(2212) Pause Full (Ergonomics) 175M->41M(276M) 71.749ms
[2020-08-08T13:10:30.043+0300][330.258s][info ][gc] GC(2213) Pause Young (Allocation Failure) 98M->98M(276M) 154.286ms
[2020-08-08T13:10:30.313+0300][330.528s][info ][gc] GC(2214) Pause Young (Allocation Failure) 156M->156M(276M) 262.064ms
[2020-08-08T13:10:30.329+0300][330.544s][debug][gc] GC(2215) Shrinking ParOldGen from 166400K by 18944K to 147456K
[2020-08-08T13:10:30.329+0300][330.544s][info ][gc] GC(2215) Pause Full (Ergonomics) 156M->22M(258M) 15.636ms
[2020-08-08T13:10:30.500+0300][330.715s][info ][gc] GC(2216) Pause Young (Allocation Failure) 80M->80M(258M) 159.993ms
[2020-08-08T13:10:30.828+0300][331.043s][info ][gc] GC(2217) Pause Young (Allocation Failure) 136M->136M(258M) 319.734ms
[2020-08-08T13:10:30.834+0300][331.049s][debug][gc] GC(2218) Shrinking ParOldGen from 147456K by 20992K to 126464K
[2020-08-08T13:10:30.834+0300][331.049s][info ][gc] GC(2218) Pause Full (Ergonomics) 136M->2M(237M) 6.026ms
[2020-08-08T13:10:30.881+0300][331.096s][info ][gc] GC(2219) Pause Young (Allocation Failure) 60M->59M(237M) 35.850ms
[2020-08-08T13:10:30.988+0300][331.203s][info ][gc] GC(2220) Pause Young (Allocation Failure) 117M->117M(237M) 96.351ms
[2020-08-08T13:10:31.295+0300][331.510s][debug][gc] GC(2221) Expanding ParOldGen from 126464K by 117760K to 244224K
[2020-08-08T13:10:31.295+0300][331.510s][info ][gc] GC(2221) Pause Full (Ergonomics) 117M->117M(352M) 307.752ms
[2020-08-08T13:10:31.351+0300][331.566s][info ][gc] GC(2222) Pause Young (Allocation Failure) 174M->174M(352M) 46.817ms
[2020-08-08T13:10:31.452+0300][331.667s][info ][gc] GC(2223) Pause Young (Allocation Failure) 232M->232M(352M) 89.890ms
[2020-08-08T13:10:31.694+0300][331.909s][debug][gc] GC(2224) Shrinking ParOldGen from 244224K by 19456K to 224768K
[2020-08-08T13:10:31.694+0300][331.909s][info ][gc] GC(2224) Pause Full (Ergonomics) 232M->98M(333M) 242.388ms
[2020-08-08T13:10:31.813+0300][332.028s][info ][gc] GC(2225) Pause Young (Allocation Failure) 156M->156M(333M) 110.542ms
[2020-08-08T13:10:31.901+0300][332.116s][info ][gc] GC(2226) Pause Young (Allocation Failure) 213M->213M(333M) 75.808ms
[2020-08-08T13:10:32.084+0300][332.299s][debug][gc] GC(2227) Shrinking ParOldGen from 224768K by 18944K to 205824K
[2020-08-08T13:10:32.084+0300][332.299s][info ][gc] GC(2227) Pause Full (Ergonomics) 213M->79M(315M) 182.482ms
[2020-08-08T13:10:32.264+0300][332.479s][info ][gc] GC(2228) Pause Young (Allocation Failure) 136M->136M(315M) 170.291ms
[2020-08-08T13:10:32.382+0300][332.597s][info ][gc] GC(2229) Pause Young (Allocation Failure) 193M->193M(315M) 107.096ms
[2020-08-08T13:10:32.506+0300][332.721s][debug][gc] GC(2230) Shrinking ParOldGen from 205824K by 20480K to 185344K
[2020-08-08T13:10:32.506+0300][332.721s][info ][gc] GC(2230) Pause Full (Ergonomics) 193M->59M(295M) 124.301ms
[2020-08-08T13:10:32.693+0300][332.908s][info ][gc] GC(2231) Pause Young (Allocation Failure) 117M->117M(295M) 177.136ms
[2020-08-08T13:10:32.903+0300][333.118s][info ][gc] GC(2232) Pause Young (Allocation Failure) 174M->175M(295M) 200.451ms
[2020-08-08T13:10:32.973+0300][333.188s][debug][gc] GC(2233) Shrinking ParOldGen from 185344K by 18944K to 166400K
[2020-08-08T13:10:32.973+0300][333.188s][info ][gc] GC(2233) Pause Full (Ergonomics) 175M->41M(276M) 70.592ms
[2020-08-08T13:10:33.151+0300][333.366s][info ][gc] GC(2234) Pause Young (Allocation Failure) 98M->98M(276M) 163.931ms
[2020-08-08T13:10:33.422+0300][333.637s][info ][gc] GC(2235) Pause Young (Allocation Failure) 156M->156M(276M) 264.198ms
[2020-08-08T13:10:33.437+0300][333.652s][debug][gc] GC(2236) Shrinking ParOldGen from 166400K by 18944K to 147456K
[2020-08-08T13:10:33.437+0300][333.652s][info ][gc] GC(2236) Pause Full (Ergonomics) 156M->22M(258M) 14.800ms
[2020-08-08T13:10:33.614+0300][333.829s][info ][gc] GC(2237) Pause Young (Allocation Failure) 80M->80M(258M) 164.473ms
[2020-08-08T13:10:33.948+0300][334.163s][info ][gc] GC(2238) Pause Young (Allocation Failure) 136M->136M(258M) 324.424ms
[2020-08-08T13:10:33.954+0300][334.169s][debug][gc] GC(2239) Shrinking ParOldGen from 147456K by 20992K to 126464K
[2020-08-08T13:10:33.955+0300][334.170s][info ][gc] GC(2239) Pause Full (Ergonomics) 136M->2M(237M) 6.208ms
[2020-08-08T13:10:34.001+0300][334.216s][info ][gc] GC(2240) Pause Young (Allocation Failure) 60M->59M(237M) 35.745ms
[2020-08-08T13:10:34.108+0300][334.323s][info ][gc] GC(2241) Pause Young (Allocation Failure) 117M->117M(237M) 97.754ms
[2020-08-08T13:10:34.395+0300][334.610s][debug][gc] GC(2242) Expanding ParOldGen from 126464K by 117760K to 244224K
[2020-08-08T13:10:34.395+0300][334.610s][info ][gc] GC(2242) Pause Full (Ergonomics) 117M->117M(352M) 286.660ms
[2020-08-08T13:10:34.441+0300][334.656s][info ][gc] GC(2243) Pause Young (Allocation Failure) 174M->174M(352M) 36.192ms
[2020-08-08T13:10:34.542+0300][334.757s][info ][gc] GC(2244) Pause Young (Allocation Failure) 232M->232M(352M) 90.857ms
[2020-08-08T13:10:34.784+0300][334.999s][debug][gc] GC(2245) Shrinking ParOldGen from 244224K by 19456K to 224768K
[2020-08-08T13:10:34.784+0300][334.999s][info ][gc] GC(2245) Pause Full (Ergonomics) 232M->98M(333M) 241.540ms
[2020-08-08T13:10:34.911+0300][335.126s][info ][gc] GC(2246) Pause Young (Allocation Failure) 156M->156M(333M) 119.460ms
[2020-08-08T13:10:35.001+0300][335.216s][info ][gc] GC(2247) Pause Young (Allocation Failure) 213M->213M(333M) 76.901ms
[2020-08-08T13:10:35.182+0300][335.397s][debug][gc] GC(2248) Shrinking ParOldGen from 224768K by 18944K to 205824K
[2020-08-08T13:10:35.183+0300][335.398s][info ][gc] GC(2248) Pause Full (Ergonomics) 213M->79M(315M) 181.092ms
[2020-08-08T13:10:35.362+0300][335.577s][info ][gc] GC(2249) Pause Young (Allocation Failure) 136M->136M(315M) 169.354ms
[2020-08-08T13:10:35.489+0300][335.703s][info ][gc] GC(2250) Pause Young (Allocation Failure) 193M->193M(315M) 117.477ms
[2020-08-08T13:10:35.613+0300][335.828s][debug][gc] GC(2251) Shrinking ParOldGen from 205824K by 20480K to 185344K
[2020-08-08T13:10:35.613+0300][335.828s][info ][gc] GC(2251) Pause Full (Ergonomics) 193M->59M(295M) 124.285ms
[2020-08-08T13:10:35.806+0300][336.021s][info ][gc] GC(2252) Pause Young (Allocation Failure) 117M->117M(295M) 182.895ms
[2020-08-08T13:10:36.018+0300][336.233s][info ][gc] GC(2253) Pause Young (Allocation Failure) 174M->175M(295M) 202.512ms
[2020-08-08T13:10:36.087+0300][336.302s][debug][gc] GC(2254) Shrinking ParOldGen from 185344K by 18944K to 166400K
[2020-08-08T13:10:36.087+0300][336.302s][info ][gc] GC(2254) Pause Full (Ergonomics) 175M->41M(276M) 68.808ms
[2020-08-08T13:10:36.272+0300][336.487s][info ][gc] GC(2255) Pause Young (Allocation Failure) 98M->98M(276M) 172.068ms
[2020-08-08T13:10:36.549+0300][336.764s][info ][gc] GC(2256) Pause Young (Allocation Failure) 156M->156M(276M) 269.691ms
[2020-08-08T13:10:36.563+0300][336.778s][debug][gc] GC(2257) Shrinking ParOldGen from 166400K by 18944K to 147456K
[2020-08-08T13:10:36.563+0300][336.778s][info ][gc] GC(2257) Pause Full (Ergonomics) 156M->22M(258M) 14.168ms
[2020-08-08T13:10:36.746+0300][336.961s][info ][gc] GC(2258) Pause Young (Allocation Failure) 80M->80M(258M) 171.546ms
[2020-08-08T13:10:37.070+0300][337.285s][info ][gc] GC(2259) Pause Young (Allocation Failure) 137M->136M(258M) 312.166ms
[2020-08-08T13:10:37.077+0300][337.292s][debug][gc] GC(2260) Shrinking ParOldGen from 147456K by 20992K to 126464K
[2020-08-08T13:10:37.077+0300][337.292s][info ][gc] GC(2260) Pause Full (Ergonomics) 136M->2M(237M) 6.115ms
[2020-08-08T13:10:37.123+0300][337.338s][info ][gc] GC(2261) Pause Young (Allocation Failure) 60M->59M(237M) 36.426ms
[2020-08-08T13:10:37.227+0300][337.442s][info ][gc] GC(2262) Pause Young (Allocation Failure) 117M->117M(237M) 95.405ms
[2020-08-08T13:10:37.536+0300][337.751s][debug][gc] GC(2263) Expanding ParOldGen from 126464K by 117760K to 244224K
[2020-08-08T13:10:37.536+0300][337.751s][info ][gc] GC(2263) Pause Full (Ergonomics) 117M->117M(352M) 308.288ms
[2020-08-08T13:10:37.584+0300][337.798s][info ][gc] GC(2264) Pause Young (Allocation Failure) 174M->174M(352M) 39.194ms
[2020-08-08T13:10:37.684+0300][337.899s][info ][gc] GC(2265) Pause Young (Allocation Failure) 232M->232M(352M) 90.264ms
[2020-08-08T13:10:37.924+0300][338.139s][debug][gc] GC(2266) Shrinking ParOldGen from 244224K by 19456K to 224768K
[2020-08-08T13:10:37.924+0300][338.139s][info ][gc] GC(2266) Pause Full (Ergonomics) 232M->98M(333M) 239.748ms
[2020-08-08T13:10:38.034+0300][338.249s][info ][gc] GC(2267) Pause Young (Allocation Failure) 156M->156M(333M) 103.159ms
[2020-08-08T13:10:38.123+0300][338.338s][info ][gc] GC(2268) Pause Young (Allocation Failure) 213M->213M(333M) 76.708ms
[2020-08-08T13:10:38.307+0300][338.522s][debug][gc] GC(2269) Shrinking ParOldGen from 224768K by 18944K to 205824K
[2020-08-08T13:10:38.307+0300][338.522s][info ][gc] GC(2269) Pause Full (Ergonomics) 213M->79M(315M) 184.270ms
[2020-08-08T13:10:38.482+0300][338.697s][info ][gc] GC(2270) Pause Young (Allocation Failure) 136M->136M(315M) 164.553ms
[2020-08-08T13:10:38.608+0300][338.823s][info ][gc] GC(2271) Pause Young (Allocation Failure) 193M->193M(315M) 117.655ms
[2020-08-08T13:10:38.729+0300][338.944s][debug][gc] GC(2272) Shrinking ParOldGen from 205824K by 20480K to 185344K
[2020-08-08T13:10:38.729+0300][338.944s][info ][gc] GC(2272) Pause Full (Ergonomics) 193M->59M(295M) 121.191ms
[2020-08-08T13:10:38.919+0300][339.134s][info ][gc] GC(2273) Pause Young (Allocation Failure) 117M->117M(295M) 178.590ms
[2020-08-08T13:10:39.115+0300][339.330s][info ][gc] GC(2274) Pause Young (Allocation Failure) 174M->175M(295M) 186.651ms
[2020-08-08T13:10:39.184+0300][339.399s][debug][gc] GC(2275) Shrinking ParOldGen from 185344K by 18944K to 166400K
[2020-08-08T13:10:39.185+0300][339.399s][info ][gc] GC(2275) Pause Full (Ergonomics) 175M->41M(276M) 69.515ms
[2020-08-08T13:10:39.370+0300][339.585s][info ][gc] GC(2276) Pause Young (Allocation Failure) 98M->98M(276M) 172.171ms
[2020-08-08T13:10:39.655+0300][339.870s][info ][gc] GC(2277) Pause Young (Allocation Failure) 156M->156M(276M) 277.061ms
[2020-08-08T13:10:39.670+0300][339.885s][debug][gc] GC(2278) Shrinking ParOldGen from 166400K by 18944K to 147456K
[2020-08-08T13:10:39.670+0300][339.885s][info ][gc] GC(2278) Pause Full (Ergonomics) 156M->22M(258M) 14.851ms
[2020-08-08T13:10:39.835+0300][340.050s][info ][gc] GC(2279) Pause Young (Allocation Failure) 80M->79M(258M) 150.823ms
[2020-08-08T13:10:40.144+0300][340.359s][info ][gc] GC(2280) Pause Young (Allocation Failure) 137M->136M(258M) 297.168ms
[2020-08-08T13:10:40.150+0300][340.365s][debug][gc] GC(2281) Shrinking ParOldGen from 147456K by 20992K to 126464K
[2020-08-08T13:10:40.150+0300][340.365s][info ][gc] GC(2281) Pause Full (Ergonomics) 136M->2M(237M) 5.907ms
[2020-08-08T13:10:40.195+0300][340.410s][info ][gc] GC(2282) Pause Young (Allocation Failure) 60M->59M(237M) 35.024ms
[2020-08-08T13:10:40.301+0300][340.516s][info ][gc] GC(2283) Pause Young (Allocation Failure) 117M->117M(237M) 97.029ms
[2020-08-08T13:10:40.607+0300][340.822s][debug][gc] GC(2284) Expanding ParOldGen from 126464K by 117760K to 244224K
[2020-08-08T13:10:40.607+0300][340.822s][info ][gc] GC(2284) Pause Full (Ergonomics) 117M->117M(352M) 305.958ms
[2020-08-08T13:10:40.660+0300][340.875s][info ][gc] GC(2285) Pause Young (Allocation Failure) 174M->174M(352M) 40.728ms
[2020-08-08T13:10:40.760+0300][340.975s][info ][gc] GC(2286) Pause Young (Allocation Failure) 232M->232M(352M) 90.322ms
[2020-08-08T13:10:41.000+0300][341.215s][debug][gc] GC(2287) Shrinking ParOldGen from 244224K by 19456K to 224768K
[2020-08-08T13:10:41.000+0300][341.215s][info ][gc] GC(2287) Pause Full (Ergonomics) 232M->98M(333M) 240.118ms
[2020-08-08T13:10:41.115+0300][341.330s][info ][gc] GC(2288) Pause Young (Allocation Failure) 156M->156M(333M) 107.672ms
[2020-08-08T13:10:41.206+0300][341.421s][info ][gc] GC(2289) Pause Young (Allocation Failure) 213M->213M(333M) 78.877ms
[2020-08-08T13:10:41.396+0300][341.611s][debug][gc] GC(2290) Shrinking ParOldGen from 224768K by 18944K to 205824K
[2020-08-08T13:10:41.396+0300][341.611s][info ][gc] GC(2290) Pause Full (Ergonomics) 213M->79M(315M) 189.993ms
[2020-08-08T13:10:41.580+0300][341.795s][info ][gc] GC(2291) Pause Young (Allocation Failure) 136M->136M(315M) 173.371ms
[2020-08-08T13:10:41.695+0300][341.910s][info ][gc] GC(2292) Pause Young (Allocation Failure) 193M->193M(315M) 106.714ms
[2020-08-08T13:10:41.820+0300][342.035s][debug][gc] GC(2293) Shrinking ParOldGen from 205824K by 20480K to 185344K
[2020-08-08T13:10:41.820+0300][342.035s][info ][gc] GC(2293) Pause Full (Ergonomics) 193M->59M(295M) 125.556ms
[2020-08-08T13:10:41.991+0300][342.206s][info ][gc] GC(2294) Pause Young (Allocation Failure) 117M->117M(295M) 160.087ms
[2020-08-08T13:10:42.186+0300][342.401s][info ][gc] GC(2295) Pause Young (Allocation Failure) 174M->175M(295M) 187.884ms
[2020-08-08T13:10:42.258+0300][342.473s][debug][gc] GC(2296) Shrinking ParOldGen from 185344K by 18944K to 166400K
[2020-08-08T13:10:42.258+0300][342.473s][info ][gc] GC(2296) Pause Full (Ergonomics) 175M->41M(276M) 72.063ms
[2020-08-08T13:10:42.435+0300][342.650s][info ][gc] GC(2297) Pause Young (Allocation Failure) 98M->98M(276M) 163.167ms
[2020-08-08T13:10:42.708+0300][342.923s][info ][gc] GC(2298) Pause Young (Allocation Failure) 156M->156M(276M) 264.857ms
[2020-08-08T13:10:42.723+0300][342.938s][debug][gc] GC(2299) Shrinking ParOldGen from 166400K by 18944K to 147456K
[2020-08-08T13:10:42.723+0300][342.938s][info ][gc] GC(2299) Pause Full (Ergonomics) 156M->22M(258M) 15.593ms
[2020-08-08T13:10:42.905+0300][343.120s][info ][gc] GC(2300) Pause Young (Allocation Failure) 80M->79M(258M) 170.026ms
[2020-08-08T13:10:43.226+0300][343.441s][info ][gc] GC(2301) Pause Young (Allocation Failure) 137M->136M(258M) 311.563ms
[2020-08-08T13:10:43.232+0300][343.447s][debug][gc] GC(2302) Shrinking ParOldGen from 147456K by 20992K to 126464K
[2020-08-08T13:10:43.232+0300][343.447s][info ][gc] GC(2302) Pause Full (Ergonomics) 136M->2M(237M) 6.269ms
[2020-08-08T13:10:43.278+0300][343.493s][info ][gc] GC(2303) Pause Young (Allocation Failure) 60M->59M(237M) 35.431ms
[2020-08-08T13:10:43.387+0300][343.602s][info ][gc] GC(2304) Pause Young (Allocation Failure) 117M->117M(237M) 98.463ms
[2020-08-08T13:10:43.681+0300][343.896s][debug][gc] GC(2305) Expanding ParOldGen from 126464K by 117760K to 244224K
[2020-08-08T13:10:43.681+0300][343.896s][info ][gc] GC(2305) Pause Full (Ergonomics) 117M->117M(352M) 294.062ms
[2020-08-08T13:10:43.733+0300][343.948s][info ][gc] GC(2306) Pause Young (Allocation Failure) 174M->174M(352M) 42.758ms
[2020-08-08T13:10:43.835+0300][344.050s][info ][gc] GC(2307) Pause Young (Allocation Failure) 232M->232M(352M) 91.024ms
[2020-08-08T13:10:44.081+0300][344.296s][debug][gc] GC(2308) Shrinking ParOldGen from 244224K by 19456K to 224768K
[2020-08-08T13:10:44.081+0300][344.296s][info ][gc] GC(2308) Pause Full (Ergonomics) 232M->98M(333M) 246.425ms
[2020-08-08T13:10:44.203+0300][344.418s][info ][gc] GC(2309) Pause Young (Allocation Failure) 156M->156M(333M) 113.458ms
[2020-08-08T13:10:44.290+0300][344.505s][info ][gc] GC(2310) Pause Young (Allocation Failure) 213M->213M(333M) 75.476ms
[2020-08-08T13:10:44.473+0300][344.688s][debug][gc] GC(2311) Shrinking ParOldGen from 224768K by 18944K to 205824K
[2020-08-08T13:10:44.473+0300][344.688s][info ][gc] GC(2311) Pause Full (Ergonomics) 213M->79M(315M) 183.340ms
[2020-08-08T13:10:44.659+0300][344.873s][info ][gc] GC(2312) Pause Young (Allocation Failure) 136M->136M(315M) 175.292ms
[2020-08-08T13:10:44.783+0300][344.998s][info ][gc] GC(2313) Pause Young (Allocation Failure) 193M->193M(315M) 116.521ms
[2020-08-08T13:10:44.908+0300][345.123s][debug][gc] GC(2314) Shrinking ParOldGen from 205824K by 20480K to 185344K
[2020-08-08T13:10:44.908+0300][345.123s][info ][gc] GC(2314) Pause Full (Ergonomics) 193M->59M(295M) 124.550ms
[2020-08-08T13:10:45.088+0300][345.303s][info ][gc] GC(2315) Pause Young (Allocation Failure) 117M->117M(295M) 169.164ms
[2020-08-08T13:10:45.296+0300][345.511s][info ][gc] GC(2316) Pause Young (Allocation Failure) 174M->175M(295M) 200.180ms
[2020-08-08T13:10:45.366+0300][345.581s][debug][gc] GC(2317) Shrinking ParOldGen from 185344K by 18944K to 166400K
[2020-08-08T13:10:45.366+0300][345.581s][info ][gc] GC(2317) Pause Full (Ergonomics) 175M->41M(276M) 69.322ms
[2020-08-08T13:10:45.539+0300][345.754s][info ][gc] GC(2318) Pause Young (Allocation Failure) 98M->98M(276M) 162.041ms
[2020-08-08T13:10:45.813+0300][346.028s][info ][gc] GC(2319) Pause Young (Allocation Failure) 156M->156M(276M) 265.898ms
[2020-08-08T13:10:45.830+0300][346.045s][debug][gc] GC(2320) Shrinking ParOldGen from 166400K by 18944K to 147456K
[2020-08-08T13:10:45.831+0300][346.045s][info ][gc] GC(2320) Pause Full (Ergonomics) 156M->22M(258M) 16.921ms
[2020-08-08T13:10:46.013+0300][346.228s][info ][gc] GC(2321) Pause Young (Allocation Failure) 80M->79M(258M) 170.660ms
[2020-08-08T13:10:46.354+0300][346.569s][info ][gc] GC(2322) Pause Young (Allocation Failure) 137M->136M(258M) 331.252ms
[2020-08-08T13:10:46.360+0300][346.575s][debug][gc] GC(2323) Shrinking ParOldGen from 147456K by 20992K to 126464K
[2020-08-08T13:10:46.361+0300][346.575s][info ][gc] GC(2323) Pause Full (Ergonomics) 136M->2M(237M) 6.241ms
[2020-08-08T13:10:46.406+0300][346.621s][info ][gc] GC(2324) Pause Young (Allocation Failure) 60M->59M(237M) 35.376ms
[2020-08-08T13:10:46.512+0300][346.727s][info ][gc] GC(2325) Pause Young (Allocation Failure) 117M->117M(237M) 95.306ms
[2020-08-08T13:10:46.820+0300][347.034s][debug][gc] GC(2326) Expanding ParOldGen from 126464K by 117760K to 244224K
[2020-08-08T13:10:46.820+0300][347.035s][info ][gc] GC(2326) Pause Full (Ergonomics) 117M->117M(352M) 307.182ms
[2020-08-08T13:10:46.870+0300][347.085s][info ][gc] GC(2327) Pause Young (Allocation Failure) 174M->174M(352M) 42.280ms
[2020-08-08T13:10:46.969+0300][347.184s][info ][gc] GC(2328) Pause Young (Allocation Failure) 232M->232M(352M) 90.301ms
[2020-08-08T13:10:47.209+0300][347.424s][debug][gc] GC(2329) Shrinking ParOldGen from 244224K by 19456K to 224768K
[2020-08-08T13:10:47.209+0300][347.424s][info ][gc] GC(2329) Pause Full (Ergonomics) 232M->98M(333M) 239.863ms
[2020-08-08T13:10:47.335+0300][347.550s][info ][gc] GC(2330) Pause Young (Allocation Failure) 156M->156M(333M) 117.567ms
[2020-08-08T13:10:47.425+0300][347.640s][info ][gc] GC(2331) Pause Young (Allocation Failure) 213M->213M(333M) 78.388ms
[2020-08-08T13:10:47.606+0300][347.821s][debug][gc] GC(2332) Shrinking ParOldGen from 224768K by 18944K to 205824K
[2020-08-08T13:10:47.606+0300][347.821s][info ][gc] GC(2332) Pause Full (Ergonomics) 213M->79M(315M) 181.064ms
[2020-08-08T13:10:47.789+0300][348.004s][info ][gc] GC(2333) Pause Young (Allocation Failure) 136M->136M(315M) 172.166ms
[2020-08-08T13:10:47.909+0300][348.124s][info ][gc] GC(2334) Pause Young (Allocation Failure) 193M->193M(315M) 111.793ms
[2020-08-08T13:10:48.036+0300][348.251s][debug][gc] GC(2335) Shrinking ParOldGen from 205824K by 20480K to 185344K
[2020-08-08T13:10:48.036+0300][348.251s][info ][gc] GC(2335) Pause Full (Ergonomics) 193M->59M(295M) 127.051ms
[2020-08-08T13:10:48.224+0300][348.439s][info ][gc] GC(2336) Pause Young (Allocation Failure) 117M->117M(295M) 177.853ms
[2020-08-08T13:10:48.431+0300][348.646s][info ][gc] GC(2337) Pause Young (Allocation Failure) 174M->175M(295M) 199.431ms
[2020-08-08T13:10:48.499+0300][348.714s][debug][gc] GC(2338) Shrinking ParOldGen from 185344K by 18944K to 166400K
[2020-08-08T13:10:48.499+0300][348.714s][info ][gc] GC(2338) Pause Full (Ergonomics) 175M->41M(276M) 67.353ms
[2020-08-08T13:10:48.670+0300][348.885s][info ][gc] GC(2339) Pause Young (Allocation Failure) 98M->98M(276M) 159.310ms
[2020-08-08T13:10:48.946+0300][349.161s][info ][gc] GC(2340) Pause Young (Allocation Failure) 156M->156M(276M) 268.851ms
[2020-08-08T13:10:48.961+0300][349.176s][debug][gc] GC(2341) Shrinking ParOldGen from 166400K by 18944K to 147456K
[2020-08-08T13:10:48.961+0300][349.176s][info ][gc] GC(2341) Pause Full (Ergonomics) 156M->22M(258M) 14.592ms
[2020-08-08T13:10:49.141+0300][349.356s][info ][gc] GC(2342) Pause Young (Allocation Failure) 80M->79M(258M) 167.286ms
[2020-08-08T13:10:49.483+0300][349.698s][info ][gc] GC(2343) Pause Young (Allocation Failure) 137M->136M(258M) 332.554ms
[2020-08-08T13:10:49.490+0300][349.704s][debug][gc] GC(2344) Shrinking ParOldGen from 147456K by 20992K to 126464K
[2020-08-08T13:10:49.490+0300][349.705s][info ][gc] GC(2344) Pause Full (Ergonomics) 136M->2M(237M) 6.226ms
[2020-08-08T13:10:49.537+0300][349.752s][info ][gc] GC(2345) Pause Young (Allocation Failure) 60M->59M(237M) 36.080ms
[2020-08-08T13:10:49.646+0300][349.861s][info ][gc] GC(2346) Pause Young (Allocation Failure) 117M->117M(237M) 98.402ms
[2020-08-08T13:10:49.952+0300][350.167s][debug][gc] GC(2347) Expanding ParOldGen from 126464K by 117760K to 244224K
[2020-08-08T13:10:49.952+0300][350.167s][info ][gc] GC(2347) Pause Full (Ergonomics) 117M->117M(352M) 305.854ms
[2020-08-08T13:10:50.003+0300][350.218s][info ][gc] GC(2348) Pause Young (Allocation Failure) 174M->174M(352M) 43.515ms
[2020-08-08T13:10:50.103+0300][350.318s][info ][gc] GC(2349) Pause Young (Allocation Failure) 232M->232M(352M) 89.864ms
[2020-08-08T13:10:50.342+0300][350.557s][debug][gc] GC(2350) Shrinking ParOldGen from 244224K by 19456K to 224768K
[2020-08-08T13:10:50.342+0300][350.557s][info ][gc] GC(2350) Pause Full (Ergonomics) 232M->98M(333M) 239.590ms
[2020-08-08T13:10:50.462+0300][350.677s][info ][gc] GC(2351) Pause Young (Allocation Failure) 156M->156M(333M) 111.633ms
[2020-08-08T13:10:50.552+0300][350.767s][info ][gc] GC(2352) Pause Young (Allocation Failure) 213M->213M(333M) 77.794ms
[2020-08-08T13:10:50.734+0300][350.949s][debug][gc] GC(2353) Shrinking ParOldGen from 224768K by 18944K to 205824K
[2020-08-08T13:10:50.734+0300][350.949s][info ][gc] GC(2353) Pause Full (Ergonomics) 213M->79M(315M) 182.604ms
[2020-08-08T13:10:50.906+0300][351.121s][info ][gc] GC(2354) Pause Young (Allocation Failure) 136M->136M(315M) 162.196ms
[2020-08-08T13:10:51.027+0300][351.242s][info ][gc] GC(2355) Pause Young (Allocation Failure) 193M->193M(315M) 112.871ms
[2020-08-08T13:10:51.155+0300][351.370s][debug][gc] GC(2356) Shrinking ParOldGen from 205824K by 20480K to 185344K
[2020-08-08T13:10:51.155+0300][351.370s][info ][gc] GC(2356) Pause Full (Ergonomics) 193M->59M(295M) 128.294ms
[2020-08-08T13:10:51.342+0300][351.557s][info ][gc] GC(2357) Pause Young (Allocation Failure) 117M->117M(295M) 177.370ms
[2020-08-08T13:10:51.549+0300][351.764s][info ][gc] GC(2358) Pause Young (Allocation Failure) 174M->175M(295M) 199.300ms
[2020-08-08T13:10:51.617+0300][351.832s][debug][gc] GC(2359) Shrinking ParOldGen from 185344K by 18944K to 166400K
[2020-08-08T13:10:51.618+0300][351.832s][info ][gc] GC(2359) Pause Full (Ergonomics) 175M->41M(276M) 68.772ms
[2020-08-08T13:10:51.803+0300][352.018s][info ][gc] GC(2360) Pause Young (Allocation Failure) 98M->98M(276M) 172.914ms
[2020-08-08T13:10:52.072+0300][352.287s][info ][gc] GC(2361) Pause Young (Allocation Failure) 156M->156M(276M) 261.396ms
[2020-08-08T13:10:52.087+0300][352.302s][debug][gc] GC(2362) Shrinking ParOldGen from 166400K by 19456K to 146944K
[2020-08-08T13:10:52.088+0300][352.303s][info ][gc] GC(2362) Pause Full (Ergonomics) 156M->22M(257M) 15.275ms
[2020-08-08T13:10:52.270+0300][352.485s][info ][gc] GC(2363) Pause Young (Allocation Failure) 80M->79M(257M) 171.148ms
[2020-08-08T13:10:52.600+0300][352.815s][info ][gc] GC(2364) Pause Young (Allocation Failure) 137M->136M(257M) 321.203ms
[2020-08-08T13:10:52.606+0300][352.821s][debug][gc] GC(2365) Shrinking ParOldGen from 146944K by 20480K to 126464K
[2020-08-08T13:10:52.606+0300][352.821s][info ][gc] GC(2365) Pause Full (Ergonomics) 136M->2M(237M) 6.229ms
[2020-08-08T13:10:52.654+0300][352.869s][info ][gc] GC(2366) Pause Young (Allocation Failure) 60M->59M(237M) 37.139ms
[2020-08-08T13:10:52.761+0300][352.976s][info ][gc] GC(2367) Pause Young (Allocation Failure) 117M->117M(237M) 96.911ms
[2020-08-08T13:10:53.067+0300][353.282s][debug][gc] GC(2368) Expanding ParOldGen from 126464K by 117760K to 244224K
[2020-08-08T13:10:53.067+0300][353.282s][info ][gc] GC(2368) Pause Full (Ergonomics) 117M->117M(352M) 305.756ms
[2020-08-08T13:10:53.118+0300][353.333s][info ][gc] GC(2369) Pause Young (Allocation Failure) 174M->174M(352M) 43.621ms
[2020-08-08T13:10:53.218+0300][353.433s][info ][gc] GC(2370) Pause Young (Allocation Failure) 232M->232M(352M) 90.616ms
[2020-08-08T13:10:53.462+0300][353.677s][debug][gc] GC(2371) Shrinking ParOldGen from 244224K by 19456K to 224768K
[2020-08-08T13:10:53.462+0300][353.677s][info ][gc] GC(2371) Pause Full (Ergonomics) 232M->98M(333M) 243.877ms
[2020-08-08T13:10:53.581+0300][353.795s][info ][gc] GC(2372) Pause Young (Allocation Failure) 156M->156M(333M) 109.129ms
[2020-08-08T13:10:53.671+0300][353.886s][info ][gc] GC(2373) Pause Young (Allocation Failure) 213M->213M(333M) 78.023ms
[2020-08-08T13:10:53.853+0300][354.068s][debug][gc] GC(2374) Shrinking ParOldGen from 224768K by 18944K to 205824K
[2020-08-08T13:10:53.853+0300][354.068s][info ][gc] GC(2374) Pause Full (Ergonomics) 213M->79M(315M) 182.135ms
[2020-08-08T13:10:54.021+0300][354.236s][info ][gc] GC(2375) Pause Young (Allocation Failure) 136M->136M(315M) 156.534ms
[2020-08-08T13:10:54.135+0300][354.350s][info ][gc] GC(2376) Pause Young (Allocation Failure) 193M->193M(315M) 106.851ms
[2020-08-08T13:10:54.262+0300][354.477s][debug][gc] GC(2377) Shrinking ParOldGen from 205824K by 20480K to 185344K
[2020-08-08T13:10:54.262+0300][354.477s][info ][gc] GC(2377) Pause Full (Ergonomics) 193M->59M(295M) 126.552ms
[2020-08-08T13:10:54.449+0300][354.664s][info ][gc] GC(2378) Pause Young (Allocation Failure) 117M->117M(295M) 174.216ms
[2020-08-08T13:10:54.651+0300][354.866s][info ][gc] GC(2379) Pause Young (Allocation Failure) 174M->175M(295M) 192.860ms
[2020-08-08T13:10:54.724+0300][354.939s][debug][gc] GC(2380) Shrinking ParOldGen from 185344K by 18944K to 166400K
[2020-08-08T13:10:54.724+0300][354.939s][info ][gc] GC(2380) Pause Full (Ergonomics) 175M->41M(276M) 72.862ms
[2020-08-08T13:10:54.904+0300][355.119s][info ][gc] GC(2381) Pause Young (Allocation Failure) 98M->98M(276M) 167.930ms
[2020-08-08T13:10:55.183+0300][355.398s][info ][gc] GC(2382) Pause Young (Allocation Failure) 156M->156M(276M) 271.088ms
[2020-08-08T13:10:55.198+0300][355.413s][debug][gc] GC(2383) Shrinking ParOldGen from 166400K by 18944K to 147456K
[2020-08-08T13:10:55.198+0300][355.413s][info ][gc] GC(2383) Pause Full (Ergonomics) 156M->22M(258M) 15.342ms
[2020-08-08T13:10:55.383+0300][355.598s][info ][gc] GC(2384) Pause Young (Allocation Failure) 80M->79M(258M) 172.806ms
[2020-08-08T13:10:55.718+0300][355.933s][info ][gc] GC(2385) Pause Young (Allocation Failure) 137M->136M(258M) 324.502ms
[2020-08-08T13:10:55.724+0300][355.939s][debug][gc] GC(2386) Shrinking ParOldGen from 147456K by 20992K to 126464K
[2020-08-08T13:10:55.724+0300][355.939s][info ][gc] GC(2386) Pause Full (Ergonomics) 136M->2M(237M) 6.227ms
[2020-08-08T13:10:55.770+0300][355.985s][info ][gc] GC(2387) Pause Young (Allocation Failure) 60M->59M(237M) 35.708ms
[2020-08-08T13:10:55.876+0300][356.091s][info ][gc] GC(2388) Pause Young (Allocation Failure) 117M->117M(237M) 96.817ms
[2020-08-08T13:10:56.169+0300][356.384s][debug][gc] GC(2389) Expanding ParOldGen from 126464K by 117760K to 244224K
[2020-08-08T13:10:56.169+0300][356.384s][info ][gc] GC(2389) Pause Full (Ergonomics) 117M->117M(352M) 293.069ms
[2020-08-08T13:10:56.221+0300][356.436s][info ][gc] GC(2390) Pause Young (Allocation Failure) 174M->174M(352M) 42.143ms
[2020-08-08T13:10:56.321+0300][356.536s][info ][gc] GC(2391) Pause Young (Allocation Failure) 232M->232M(352M) 90.595ms
[2020-08-08T13:10:56.563+0300][356.778s][debug][gc] GC(2392) Shrinking ParOldGen from 244224K by 19456K to 224768K
[2020-08-08T13:10:56.563+0300][356.778s][info ][gc] GC(2392) Pause Full (Ergonomics) 232M->98M(333M) 241.422ms
[2020-08-08T13:10:56.672+0300][356.887s][info ][gc] GC(2393) Pause Young (Allocation Failure) 156M->156M(333M) 100.047ms
[2020-08-08T13:10:56.770+0300][356.985s][info ][gc] GC(2394) Pause Young (Allocation Failure) 213M->213M(333M) 84.894ms
[2020-08-08T13:10:56.947+0300][357.162s][debug][gc] GC(2395) Shrinking ParOldGen from 224768K by 18944K to 205824K
[2020-08-08T13:10:56.947+0300][357.162s][info ][gc] GC(2395) Pause Full (Ergonomics) 213M->79M(315M) 176.544ms
[2020-08-08T13:10:57.111+0300][357.326s][info ][gc] GC(2396) Pause Young (Allocation Failure) 136M->136M(315M) 153.852ms
[2020-08-08T13:10:57.251+0300][357.466s][info ][gc] GC(2397) Pause Young (Allocation Failure) 193M->193M(315M) 132.021ms
[2020-08-08T13:10:57.376+0300][357.591s][debug][gc] GC(2398) Shrinking ParOldGen from 205824K by 20480K to 185344K
[2020-08-08T13:10:57.376+0300][357.591s][info ][gc] GC(2398) Pause Full (Ergonomics) 193M->59M(295M) 124.843ms
[2020-08-08T13:10:57.557+0300][357.772s][info ][gc] GC(2399) Pause Young (Allocation Failure) 117M->117M(295M) 169.648ms
[2020-08-08T13:10:57.766+0300][357.981s][info ][gc] GC(2400) Pause Young (Allocation Failure) 174M->175M(295M) 200.816ms
[2020-08-08T13:10:57.836+0300][358.051s][debug][gc] GC(2401) Shrinking ParOldGen from 185344K by 18944K to 166400K
[2020-08-08T13:10:57.837+0300][358.051s][info ][gc] GC(2401) Pause Full (Ergonomics) 175M->41M(276M) 70.229ms
[2020-08-08T13:10:58.007+0300][358.222s][info ][gc] GC(2402) Pause Young (Allocation Failure) 98M->98M(276M) 158.301ms
[2020-08-08T13:10:58.279+0300][358.494s][info ][gc] GC(2403) Pause Young (Allocation Failure) 156M->156M(276M) 263.639ms
[2020-08-08T13:10:58.295+0300][358.510s][debug][gc] GC(2404) Shrinking ParOldGen from 166400K by 18944K to 147456K
[2020-08-08T13:10:58.295+0300][358.510s][info ][gc] GC(2404) Pause Full (Ergonomics) 156M->22M(258M) 16.179ms
[2020-08-08T13:10:58.473+0300][358.688s][info ][gc] GC(2405) Pause Young (Allocation Failure) 80M->79M(258M) 165.396ms
[2020-08-08T13:10:58.790+0300][359.005s][info ][gc] GC(2406) Pause Young (Allocation Failure) 137M->136M(258M) 306.427ms
[2020-08-08T13:10:58.796+0300][359.011s][debug][gc] GC(2407) Shrinking ParOldGen from 147456K by 20992K to 126464K
[2020-08-08T13:10:58.796+0300][359.011s][info ][gc] GC(2407) Pause Full (Ergonomics) 136M->2M(237M) 6.317ms
[2020-08-08T13:10:58.843+0300][359.058s][info ][gc] GC(2408) Pause Young (Allocation Failure) 60M->59M(237M) 35.746ms
[2020-08-08T13:10:58.953+0300][359.168s][info ][gc] GC(2409) Pause Young (Allocation Failure) 117M->117M(237M) 99.337ms
[2020-08-08T13:10:59.242+0300][359.457s][debug][gc] GC(2410) Expanding ParOldGen from 126464K by 117760K to 244224K
[2020-08-08T13:10:59.242+0300][359.457s][info ][gc] GC(2410) Pause Full (Ergonomics) 117M->117M(352M) 289.041ms
[2020-08-08T13:10:59.294+0300][359.509s][info ][gc] GC(2411) Pause Young (Allocation Failure) 174M->174M(352M) 41.815ms
[2020-08-08T13:10:59.394+0300][359.609s][info ][gc] GC(2412) Pause Young (Allocation Failure) 232M->232M(352M) 89.552ms
[2020-08-08T13:10:59.641+0300][359.856s][debug][gc] GC(2413) Shrinking ParOldGen from 244224K by 19456K to 224768K
[2020-08-08T13:10:59.641+0300][359.856s][info ][gc] GC(2413) Pause Full (Ergonomics) 232M->98M(333M) 247.375ms
[2020-08-08T13:10:59.757+0300][359.972s][info ][gc] GC(2414) Pause Young (Allocation Failure) 156M->156M(333M) 107.934ms
[2020-08-08T13:10:59.845+0300][360.060s][info ][gc] GC(2415) Pause Young (Allocation Failure) 213M->213M(333M) 75.768ms
[2020-08-08T13:11:00.027+0300][360.242s][debug][gc] GC(2416) Shrinking ParOldGen from 224768K by 18944K to 205824K
[2020-08-08T13:11:00.027+0300][360.242s][info ][gc] GC(2416) Pause Full (Ergonomics) 213M->79M(315M) 182.350ms
[2020-08-08T13:11:00.213+0300][360.428s][info ][gc] GC(2417) Pause Young (Allocation Failure) 136M->136M(315M) 173.171ms
[2020-08-08T13:11:00.343+0300][360.558s][info ][gc] GC(2418) Pause Young (Allocation Failure) 193M->193M(315M) 119.631ms
[2020-08-08T13:11:00.468+0300][360.683s][debug][gc] GC(2419) Shrinking ParOldGen from 205824K by 20480K to 185344K
[2020-08-08T13:11:00.468+0300][360.683s][info ][gc] GC(2419) Pause Full (Ergonomics) 193M->59M(295M) 125.370ms
[2020-08-08T13:11:00.647+0300][360.862s][info ][gc] GC(2420) Pause Young (Allocation Failure) 117M->117M(295M) 168.140ms
[2020-08-08T13:11:00.857+0300][361.071s][info ][gc] GC(2421) Pause Young (Allocation Failure) 174M->175M(295M) 201.126ms
[2020-08-08T13:11:00.926+0300][361.141s][debug][gc] GC(2422) Shrinking ParOldGen from 185344K by 18944K to 166400K
[2020-08-08T13:11:00.926+0300][361.141s][info ][gc] GC(2422) Pause Full (Ergonomics) 175M->41M(276M) 69.775ms
[2020-08-08T13:11:01.099+0300][361.314s][info ][gc] GC(2423) Pause Young (Allocation Failure) 98M->98M(276M) 159.011ms
[2020-08-08T13:11:01.384+0300][361.599s][info ][gc] GC(2424) Pause Young (Allocation Failure) 156M->156M(276M) 277.180ms
[2020-08-08T13:11:01.400+0300][361.615s][debug][gc] GC(2425) Shrinking ParOldGen from 166400K by 18944K to 147456K
[2020-08-08T13:11:01.400+0300][361.615s][info ][gc] GC(2425) Pause Full (Ergonomics) 156M->22M(258M) 16.342ms
[2020-08-08T13:11:01.570+0300][361.785s][info ][gc] GC(2426) Pause Young (Allocation Failure) 80M->79M(258M) 158.632ms
[2020-08-08T13:11:01.904+0300][362.119s][info ][gc] GC(2427) Pause Young (Allocation Failure) 137M->136M(258M) 324.143ms
[2020-08-08T13:11:01.910+0300][362.125s][debug][gc] GC(2428) Shrinking ParOldGen from 147456K by 20992K to 126464K
[2020-08-08T13:11:01.910+0300][362.125s][info ][gc] GC(2428) Pause Full (Ergonomics) 136M->2M(237M) 6.203ms
[2020-08-08T13:11:01.960+0300][362.175s][info ][gc] GC(2429) Pause Young (Allocation Failure) 60M->59M(237M) 39.012ms
[2020-08-08T13:11:02.067+0300][362.282s][info ][gc] GC(2430) Pause Young (Allocation Failure) 117M->117M(237M) 97.116ms
[2020-08-08T13:11:02.372+0300][362.587s][debug][gc] GC(2431) Expanding ParOldGen from 126464K by 117760K to 244224K
[2020-08-08T13:11:02.372+0300][362.587s][info ][gc] GC(2431) Pause Full (Ergonomics) 117M->117M(352M) 304.170ms
[2020-08-08T13:11:02.423+0300][362.638s][info ][gc] GC(2432) Pause Young (Allocation Failure) 174M->174M(352M) 42.678ms
[2020-08-08T13:11:02.524+0300][362.739s][info ][gc] GC(2433) Pause Young (Allocation Failure) 232M->232M(352M) 89.883ms
[2020-08-08T13:11:02.761+0300][362.976s][debug][gc] GC(2434) Shrinking ParOldGen from 244224K by 19456K to 224768K
[2020-08-08T13:11:02.761+0300][362.976s][info ][gc] GC(2434) Pause Full (Ergonomics) 232M->98M(333M) 236.638ms
[2020-08-08T13:11:02.866+0300][363.081s][info ][gc] GC(2435) Pause Young (Allocation Failure) 156M->156M(333M) 96.832ms
[2020-08-08T13:11:02.956+0300][363.171s][info ][gc] GC(2436) Pause Young (Allocation Failure) 213M->213M(333M) 78.860ms
[2020-08-08T13:11:03.143+0300][363.358s][debug][gc] GC(2437) Shrinking ParOldGen from 224768K by 18944K to 205824K
[2020-08-08T13:11:03.143+0300][363.358s][info ][gc] GC(2437) Pause Full (Ergonomics) 213M->79M(315M) 187.436ms
[2020-08-08T13:11:03.314+0300][363.529s][info ][gc] GC(2438) Pause Young (Allocation Failure) 136M->136M(315M) 161.313ms
[2020-08-08T13:11:03.427+0300][363.642s][info ][gc] GC(2439) Pause Young (Allocation Failure) 193M->193M(315M) 104.725ms
[2020-08-08T13:11:03.551+0300][363.766s][debug][gc] GC(2440) Shrinking ParOldGen from 205824K by 20480K to 185344K
[2020-08-08T13:11:03.552+0300][363.767s][info ][gc] GC(2440) Pause Full (Ergonomics) 193M->59M(295M) 124.754ms
[2020-08-08T13:11:03.739+0300][363.954s][info ][gc] GC(2441) Pause Young (Allocation Failure) 117M->117M(295M) 176.831ms
[2020-08-08T13:11:03.946+0300][364.161s][info ][gc] GC(2442) Pause Young (Allocation Failure) 174M->175M(295M) 199.102ms
[2020-08-08T13:11:04.015+0300][364.230s][debug][gc] GC(2443) Shrinking ParOldGen from 185344K by 18944K to 166400K
[2020-08-08T13:11:04.015+0300][364.230s][info ][gc] GC(2443) Pause Full (Ergonomics) 175M->41M(276M) 68.209ms
[2020-08-08T13:11:04.206+0300][364.421s][info ][gc] GC(2444) Pause Young (Allocation Failure) 98M->98M(276M) 177.144ms
[2020-08-08T13:11:04.486+0300][364.701s][info ][gc] GC(2445) Pause Young (Allocation Failure) 156M->156M(276M) 271.738ms
[2020-08-08T13:11:04.501+0300][364.716s][debug][gc] GC(2446) Shrinking ParOldGen from 166400K by 18944K to 147456K
[2020-08-08T13:11:04.501+0300][364.716s][info ][gc] GC(2446) Pause Full (Ergonomics) 156M->22M(258M) 15.166ms
[2020-08-08T13:11:04.673+0300][364.888s][info ][gc] GC(2447) Pause Young (Allocation Failure) 80M->79M(258M) 161.564ms
[2020-08-08T13:11:05.042+0300][365.256s][info ][gc] GC(2448) Pause Young (Allocation Failure) 137M->136M(258M) 357.979ms
[2020-08-08T13:11:05.048+0300][365.263s][debug][gc] GC(2449) Shrinking ParOldGen from 147456K by 20992K to 126464K
[2020-08-08T13:11:05.048+0300][365.263s][info ][gc] GC(2449) Pause Full (Ergonomics) 136M->2M(237M) 6.243ms
[2020-08-08T13:11:05.101+0300][365.315s][info ][gc] GC(2450) Pause Young (Allocation Failure) 60M->59M(237M) 41.083ms
[2020-08-08T13:11:05.219+0300][365.434s][info ][gc] GC(2451) Pause Young (Allocation Failure) 117M->117M(237M) 108.714ms
[2020-08-08T13:11:05.523+0300][365.738s][debug][gc] GC(2452) Expanding ParOldGen from 126464K by 117760K to 244224K
[2020-08-08T13:11:05.523+0300][365.738s][info ][gc] GC(2452) Pause Full (Ergonomics) 117M->117M(352M) 303.855ms
[2020-08-08T13:11:05.572+0300][365.787s][info ][gc] GC(2453) Pause Young (Allocation Failure) 174M->174M(352M) 41.455ms
[2020-08-08T13:11:05.673+0300][365.888s][info ][gc] GC(2454) Pause Young (Allocation Failure) 232M->232M(352M) 90.863ms
[2020-08-08T13:11:05.915+0300][366.130s][debug][gc] GC(2455) Shrinking ParOldGen from 244224K by 19456K to 224768K
[2020-08-08T13:11:05.916+0300][366.130s][info ][gc] GC(2455) Pause Full (Ergonomics) 232M->98M(333M) 242.355ms
[2020-08-08T13:11:06.032+0300][366.247s][info ][gc] GC(2456) Pause Young (Allocation Failure) 156M->156M(333M) 107.028ms
[2020-08-08T13:11:06.138+0300][366.352s][info ][gc] GC(2457) Pause Young (Allocation Failure) 213M->213M(333M) 88.030ms
[2020-08-08T13:11:06.322+0300][366.537s][debug][gc] GC(2458) Shrinking ParOldGen from 224768K by 18944K to 205824K
[2020-08-08T13:11:06.322+0300][366.537s][info ][gc] GC(2458) Pause Full (Ergonomics) 213M->79M(315M) 184.753ms
[2020-08-08T13:11:06.529+0300][366.744s][info ][gc] GC(2459) Pause Young (Allocation Failure) 136M->136M(315M) 192.329ms
[2020-08-08T13:11:06.651+0300][366.866s][info ][gc] GC(2460) Pause Young (Allocation Failure) 193M->193M(315M) 107.529ms
[2020-08-08T13:11:06.769+0300][366.984s][debug][gc] GC(2461) Shrinking ParOldGen from 205824K by 20480K to 185344K
[2020-08-08T13:11:06.769+0300][366.984s][info ][gc] GC(2461) Pause Full (Ergonomics) 193M->59M(295M) 118.325ms
[2020-08-08T13:11:06.932+0300][367.147s][info ][gc] GC(2462) Pause Young (Allocation Failure) 117M->117M(295M) 151.111ms
[2020-08-08T13:11:07.115+0300][367.330s][info ][gc] GC(2463) Pause Young (Allocation Failure) 174M->175M(295M) 174.751ms
[2020-08-08T13:11:07.186+0300][367.401s][debug][gc] GC(2464) Shrinking ParOldGen from 185344K by 19456K to 165888K
[2020-08-08T13:11:07.187+0300][367.401s][info ][gc] GC(2464) Pause Full (Ergonomics) 175M->41M(276M) 71.254ms
[2020-08-08T13:11:07.350+0300][367.565s][info ][gc] GC(2465) Pause Young (Allocation Failure) 98M->98M(276M) 151.315ms
[2020-08-08T13:11:07.636+0300][367.851s][info ][gc] GC(2466) Pause Young (Allocation Failure) 156M->156M(276M) 278.664ms
[2020-08-08T13:11:07.651+0300][367.866s][debug][gc] GC(2467) Shrinking ParOldGen from 165888K by 18944K to 146944K
[2020-08-08T13:11:07.651+0300][367.866s][info ][gc] GC(2467) Pause Full (Ergonomics) 156M->22M(257M) 14.958ms
[2020-08-08T13:11:07.833+0300][368.048s][info ][gc] GC(2468) Pause Young (Allocation Failure) 79M->79M(257M) 170.440ms
[2020-08-08T13:11:08.162+0300][368.377s][info ][gc] GC(2469) Pause Young (Allocation Failure) 137M->136M(257M) 319.274ms
[2020-08-08T13:11:08.168+0300][368.383s][debug][gc] GC(2470) Shrinking ParOldGen from 146944K by 20480K to 126464K
[2020-08-08T13:11:08.168+0300][368.383s][info ][gc] GC(2470) Pause Full (Ergonomics) 136M->2M(237M) 5.848ms
[2020-08-08T13:11:08.217+0300][368.432s][info ][gc] GC(2471) Pause Young (Allocation Failure) 60M->59M(237M) 37.457ms
[2020-08-08T13:11:08.323+0300][368.538s][info ][gc] GC(2472) Pause Young (Allocation Failure) 117M->117M(237M) 95.728ms
[2020-08-08T13:11:08.621+0300][368.836s][debug][gc] GC(2473) Expanding ParOldGen from 126464K by 117760K to 244224K
[2020-08-08T13:11:08.621+0300][368.836s][info ][gc] GC(2473) Pause Full (Ergonomics) 117M->117M(352M) 297.850ms
[2020-08-08T13:11:08.673+0300][368.888s][info ][gc] GC(2474) Pause Young (Allocation Failure) 174M->174M(352M) 39.783ms
[2020-08-08T13:11:08.773+0300][368.987s][info ][gc] GC(2475) Pause Young (Allocation Failure) 232M->232M(352M) 89.485ms
[2020-08-08T13:11:09.018+0300][369.233s][debug][gc] GC(2476) Shrinking ParOldGen from 244224K by 19456K to 224768K
[2020-08-08T13:11:09.018+0300][369.233s][info ][gc] GC(2476) Pause Full (Ergonomics) 232M->98M(333M) 245.641ms
[2020-08-08T13:11:09.130+0300][369.345s][info ][gc] GC(2477) Pause Young (Allocation Failure) 156M->156M(333M) 103.861ms
[2020-08-08T13:11:09.219+0300][369.434s][info ][gc] GC(2478) Pause Young (Allocation Failure) 213M->213M(333M) 77.862ms
[2020-08-08T13:11:09.398+0300][369.613s][debug][gc] GC(2479) Shrinking ParOldGen from 224768K by 18944K to 205824K
[2020-08-08T13:11:09.398+0300][369.613s][info ][gc] GC(2479) Pause Full (Ergonomics) 213M->79M(315M) 178.877ms
[2020-08-08T13:11:09.566+0300][369.780s][info ][gc] GC(2480) Pause Young (Allocation Failure) 136M->136M(315M) 156.356ms
[2020-08-08T13:11:09.679+0300][369.894s][info ][gc] GC(2481) Pause Young (Allocation Failure) 193M->193M(315M) 103.959ms
[2020-08-08T13:11:09.803+0300][370.018s][debug][gc] GC(2482) Shrinking ParOldGen from 205824K by 20480K to 185344K
[2020-08-08T13:11:09.803+0300][370.018s][info ][gc] GC(2482) Pause Full (Ergonomics) 193M->59M(295M) 124.398ms
[2020-08-08T13:11:09.991+0300][370.206s][info ][gc] GC(2483) Pause Young (Allocation Failure) 117M->117M(295M) 176.232ms
[2020-08-08T13:11:10.192+0300][370.407s][info ][gc] GC(2484) Pause Young (Allocation Failure) 174M->175M(295M) 190.989ms
[2020-08-08T13:11:10.264+0300][370.479s][debug][gc] GC(2485) Shrinking ParOldGen from 185344K by 18944K to 166400K
[2020-08-08T13:11:10.264+0300][370.479s][info ][gc] GC(2485) Pause Full (Ergonomics) 175M->41M(276M) 71.853ms
[2020-08-08T13:11:10.443+0300][370.658s][info ][gc] GC(2486) Pause Young (Allocation Failure) 98M->98M(276M) 161.222ms
[2020-08-08T13:11:10.721+0300][370.936s][info ][gc] GC(2487) Pause Young (Allocation Failure) 156M->156M(276M) 268.385ms
[2020-08-08T13:11:10.736+0300][370.951s][debug][gc] GC(2488) Shrinking ParOldGen from 166400K by 18944K to 147456K
[2020-08-08T13:11:10.736+0300][370.951s][info ][gc] GC(2488) Pause Full (Ergonomics) 156M->22M(258M) 15.278ms
[2020-08-08T13:11:10.923+0300][371.138s][info ][gc] GC(2489) Pause Young (Allocation Failure) 80M->79M(258M) 172.863ms
[2020-08-08T13:11:11.258+0300][371.473s][info ][gc] GC(2490) Pause Young (Allocation Failure) 137M->136M(258M) 325.864ms
[2020-08-08T13:11:11.264+0300][371.479s][debug][gc] GC(2491) Shrinking ParOldGen from 147456K by 20992K to 126464K
[2020-08-08T13:11:11.264+0300][371.479s][info ][gc] GC(2491) Pause Full (Ergonomics) 136M->2M(237M) 6.379ms
[2020-08-08T13:11:11.313+0300][371.528s][info ][gc] GC(2492) Pause Young (Allocation Failure) 60M->59M(237M) 35.547ms
[2020-08-08T13:11:11.425+0300][371.640s][info ][gc] GC(2493) Pause Young (Allocation Failure) 117M->117M(237M) 100.536ms
[2020-08-08T13:11:11.735+0300][371.950s][debug][gc] GC(2494) Expanding ParOldGen from 126464K by 117760K to 244224K
[2020-08-08T13:11:11.735+0300][371.950s][info ][gc] GC(2494) Pause Full (Ergonomics) 117M->117M(352M) 309.962ms
[2020-08-08T13:11:11.787+0300][372.002s][info ][gc] GC(2495) Pause Young (Allocation Failure) 174M->174M(352M) 42.135ms
[2020-08-08T13:11:11.887+0300][372.102s][info ][gc] GC(2496) Pause Young (Allocation Failure) 232M->232M(352M) 89.798ms
[2020-08-08T13:11:12.132+0300][372.347s][debug][gc] GC(2497) Shrinking ParOldGen from 244224K by 19456K to 224768K
[2020-08-08T13:11:12.132+0300][372.347s][info ][gc] GC(2497) Pause Full (Ergonomics) 232M->98M(333M) 244.454ms
[2020-08-08T13:11:12.258+0300][372.473s][info ][gc] GC(2498) Pause Young (Allocation Failure) 156M->156M(333M) 116.245ms
[2020-08-08T13:11:12.363+0300][372.578s][info ][gc] GC(2499) Pause Young (Allocation Failure) 213M->213M(333M) 88.341ms
[2020-08-08T13:11:12.546+0300][372.761s][debug][gc] GC(2500) Shrinking ParOldGen from 224768K by 18944K to 205824K
[2020-08-08T13:11:12.546+0300][372.761s][info ][gc] GC(2500) Pause Full (Ergonomics) 213M->79M(315M) 183.375ms
[2020-08-08T13:11:12.736+0300][372.951s][info ][gc] GC(2501) Pause Young (Allocation Failure) 136M->136M(315M) 178.288ms
[2020-08-08T13:11:12.853+0300][373.067s][info ][gc] GC(2502) Pause Young (Allocation Failure) 193M->193M(315M) 104.442ms
[2020-08-08T13:11:12.978+0300][373.193s][debug][gc] GC(2503) Shrinking ParOldGen from 205824K by 20480K to 185344K
[2020-08-08T13:11:12.978+0300][373.193s][info ][gc] GC(2503) Pause Full (Ergonomics) 193M->59M(295M) 125.110ms
[2020-08-08T13:11:13.167+0300][373.382s][info ][gc] GC(2504) Pause Young (Allocation Failure) 117M->117M(295M) 178.020ms
[2020-08-08T13:11:13.378+0300][373.593s][info ][gc] GC(2505) Pause Young (Allocation Failure) 174M->175M(295M) 203.228ms
[2020-08-08T13:11:13.448+0300][373.663s][debug][gc] GC(2506) Shrinking ParOldGen from 185344K by 18944K to 166400K
[2020-08-08T13:11:13.448+0300][373.663s][info ][gc] GC(2506) Pause Full (Ergonomics) 175M->41M(276M) 69.941ms
[2020-08-08T13:11:13.637+0300][373.852s][info ][gc] GC(2507) Pause Young (Allocation Failure) 98M->98M(276M) 176.663ms
[2020-08-08T13:11:13.925+0300][374.140s][info ][gc] GC(2508) Pause Young (Allocation Failure) 156M->156M(276M) 276.712ms
[2020-08-08T13:11:13.941+0300][374.156s][debug][gc] GC(2509) Shrinking ParOldGen from 166400K by 18944K to 147456K
[2020-08-08T13:11:13.941+0300][374.156s][info ][gc] GC(2509) Pause Full (Ergonomics) 156M->22M(258M) 16.121ms
[2020-08-08T13:11:14.115+0300][374.330s][info ][gc] GC(2510) Pause Young (Allocation Failure) 80M->80M(258M) 163.285ms
[2020-08-08T13:11:14.467+0300][374.682s][info ][gc] GC(2511) Pause Young (Allocation Failure) 136M->136M(258M) 335.762ms
[2020-08-08T13:11:14.473+0300][374.688s][debug][gc] GC(2512) Shrinking ParOldGen from 147456K by 20992K to 126464K
[2020-08-08T13:11:14.473+0300][374.688s][info ][gc] GC(2512) Pause Full (Ergonomics) 136M->2M(237M) 6.028ms
[2020-08-08T13:11:14.521+0300][374.735s][info ][gc] GC(2513) Pause Young (Allocation Failure) 60M->59M(237M) 36.552ms
[2020-08-08T13:11:14.624+0300][374.839s][info ][gc] GC(2514) Pause Young (Allocation Failure) 117M->117M(237M) 94.768ms
[2020-08-08T13:11:14.935+0300][375.150s][debug][gc] GC(2515) Expanding ParOldGen from 126464K by 117760K to 244224K
[2020-08-08T13:11:14.935+0300][375.150s][info ][gc] GC(2515) Pause Full (Ergonomics) 117M->117M(352M) 310.780ms
[2020-08-08T13:11:14.987+0300][375.202s][info ][gc] GC(2516) Pause Young (Allocation Failure) 174M->174M(352M) 42.443ms
[2020-08-08T13:11:15.086+0300][375.301s][info ][gc] GC(2517) Pause Young (Allocation Failure) 232M->232M(352M) 89.036ms
[2020-08-08T13:11:15.328+0300][375.543s][debug][gc] GC(2518) Shrinking ParOldGen from 244224K by 19456K to 224768K
[2020-08-08T13:11:15.328+0300][375.543s][info ][gc] GC(2518) Pause Full (Ergonomics) 232M->98M(333M) 242.325ms
[2020-08-08T13:11:15.444+0300][375.659s][info ][gc] GC(2519) Pause Young (Allocation Failure) 156M->156M(333M) 107.219ms
[2020-08-08T13:11:15.538+0300][375.753s][info ][gc] GC(2520) Pause Young (Allocation Failure) 213M->213M(333M) 81.784ms
[2020-08-08T13:11:15.730+0300][375.945s][debug][gc] GC(2521) Shrinking ParOldGen from 224768K by 18944K to 205824K
[2020-08-08T13:11:15.730+0300][375.945s][info ][gc] GC(2521) Pause Full (Ergonomics) 213M->79M(315M) 191.945ms
[2020-08-08T13:11:15.912+0300][376.127s][info ][gc] GC(2522) Pause Young (Allocation Failure) 136M->136M(315M) 171.849ms
[2020-08-08T13:11:16.048+0300][376.263s][info ][gc] GC(2523) Pause Young (Allocation Failure) 193M->193M(315M) 124.826ms
[2020-08-08T13:11:16.172+0300][376.387s][debug][gc] GC(2524) Shrinking ParOldGen from 205824K by 20480K to 185344K
[2020-08-08T13:11:16.172+0300][376.387s][info ][gc] GC(2524) Pause Full (Ergonomics) 193M->59M(295M) 124.704ms
[2020-08-08T13:11:16.360+0300][376.575s][info ][gc] GC(2525) Pause Young (Allocation Failure) 117M->117M(295M) 178.185ms
[2020-08-08T13:11:16.565+0300][376.779s][info ][gc] GC(2526) Pause Young (Allocation Failure) 174M->175M(295M) 195.547ms
[2020-08-08T13:11:16.636+0300][376.850s][debug][gc] GC(2527) Shrinking ParOldGen from 185344K by 18944K to 166400K
[2020-08-08T13:11:16.636+0300][376.851s][info ][gc] GC(2527) Pause Full (Ergonomics) 175M->41M(276M) 71.004ms
[2020-08-08T13:11:16.811+0300][377.026s][info ][gc] GC(2528) Pause Young (Allocation Failure) 98M->98M(276M) 163.167ms
[2020-08-08T13:11:17.083+0300][377.298s][info ][gc] GC(2529) Pause Young (Allocation Failure) 156M->156M(276M) 263.487ms
[2020-08-08T13:11:17.097+0300][377.312s][debug][gc] GC(2530) Shrinking ParOldGen from 166400K by 18944K to 147456K
[2020-08-08T13:11:17.097+0300][377.312s][info ][gc] GC(2530) Pause Full (Ergonomics) 156M->22M(258M) 14.623ms
[2020-08-08T13:11:17.291+0300][377.506s][info ][gc] GC(2531) Pause Young (Allocation Failure) 80M->79M(258M) 181.235ms
[2020-08-08T13:11:17.637+0300][377.852s][info ][gc] GC(2532) Pause Young (Allocation Failure) 136M->136M(258M) 336.356ms
[2020-08-08T13:11:17.643+0300][377.858s][debug][gc] GC(2533) Shrinking ParOldGen from 147456K by 20992K to 126464K
[2020-08-08T13:11:17.643+0300][377.858s][info ][gc] GC(2533) Pause Full (Ergonomics) 136M->2M(237M) 6.016ms
[2020-08-08T13:11:17.692+0300][377.907s][info ][gc] GC(2534) Pause Young (Allocation Failure) 60M->59M(237M) 38.246ms
[2020-08-08T13:11:17.801+0300][378.016s][info ][gc] GC(2535) Pause Young (Allocation Failure) 117M->117M(237M) 97.737ms
[2020-08-08T13:11:18.107+0300][378.322s][debug][gc] GC(2536) Expanding ParOldGen from 126464K by 117760K to 244224K
[2020-08-08T13:11:18.107+0300][378.322s][info ][gc] GC(2536) Pause Full (Ergonomics) 117M->117M(352M) 306.103ms
[2020-08-08T13:11:18.159+0300][378.374s][info ][gc] GC(2537) Pause Young (Allocation Failure) 174M->174M(352M) 40.996ms
[2020-08-08T13:11:18.258+0300][378.473s][info ][gc] GC(2538) Pause Young (Allocation Failure) 232M->232M(352M) 89.393ms
[2020-08-08T13:11:18.488+0300][378.703s][debug][gc] GC(2539) Shrinking ParOldGen from 244224K by 19456K to 224768K
[2020-08-08T13:11:18.488+0300][378.703s][info ][gc] GC(2539) Pause Full (Ergonomics) 232M->98M(333M) 229.648ms
[2020-08-08T13:11:18.600+0300][378.815s][info ][gc] GC(2540) Pause Young (Allocation Failure) 156M->156M(333M) 104.098ms
[2020-08-08T13:11:18.692+0300][378.907s][info ][gc] GC(2541) Pause Young (Allocation Failure) 213M->213M(333M) 79.242ms
[2020-08-08T13:11:18.876+0300][379.091s][debug][gc] GC(2542) Shrinking ParOldGen from 224768K by 18944K to 205824K
[2020-08-08T13:11:18.876+0300][379.091s][info ][gc] GC(2542) Pause Full (Ergonomics) 213M->79M(315M) 183.515ms
[2020-08-08T13:11:19.063+0300][379.278s][info ][gc] GC(2543) Pause Young (Allocation Failure) 136M->136M(315M) 175.581ms
[2020-08-08T13:11:19.183+0300][379.397s][info ][gc] GC(2544) Pause Young (Allocation Failure) 193M->193M(315M) 107.833ms
[2020-08-08T13:11:19.307+0300][379.522s][debug][gc] GC(2545) Shrinking ParOldGen from 205824K by 20480K to 185344K
[2020-08-08T13:11:19.307+0300][379.522s][info ][gc] GC(2545) Pause Full (Ergonomics) 193M->59M(295M) 124.744ms
[2020-08-08T13:11:19.495+0300][379.710s][info ][gc] GC(2546) Pause Young (Allocation Failure) 117M->117M(295M) 176.119ms
[2020-08-08T13:11:19.716+0300][379.931s][info ][gc] GC(2547) Pause Young (Allocation Failure) 174M->175M(295M) 213.201ms
[2020-08-08T13:11:19.790+0300][380.005s][debug][gc] GC(2548) Shrinking ParOldGen from 185344K by 18944K to 166400K
[2020-08-08T13:11:19.790+0300][380.005s][info ][gc] GC(2548) Pause Full (Ergonomics) 175M->41M(276M) 73.874ms
[2020-08-08T13:11:19.977+0300][380.192s][info ][gc] GC(2549) Pause Young (Allocation Failure) 98M->98M(276M) 172.360ms
[2020-08-08T13:11:20.257+0300][380.472s][info ][gc] GC(2550) Pause Young (Allocation Failure) 156M->156M(276M) 270.932ms
[2020-08-08T13:11:20.274+0300][380.489s][debug][gc] GC(2551) Shrinking ParOldGen from 166400K by 18944K to 147456K
[2020-08-08T13:11:20.274+0300][380.489s][info ][gc] GC(2551) Pause Full (Ergonomics) 156M->22M(258M) 16.528ms
[2020-08-08T13:11:20.453+0300][380.667s][info ][gc] GC(2552) Pause Young (Allocation Failure) 80M->80M(258M) 166.285ms
[2020-08-08T13:11:20.796+0300][381.011s][info ][gc] GC(2553) Pause Young (Allocation Failure) 137M->136M(258M) 334.598ms
[2020-08-08T13:11:20.803+0300][381.018s][debug][gc] GC(2554) Shrinking ParOldGen from 147456K by 20992K to 126464K
[2020-08-08T13:11:20.803+0300][381.018s][info ][gc] GC(2554) Pause Full (Ergonomics) 136M->2M(237M) 6.319ms
[2020-08-08T13:11:20.853+0300][381.068s][info ][gc] GC(2555) Pause Young (Allocation Failure) 60M->59M(237M) 37.948ms
[2020-08-08T13:11:20.961+0300][381.176s][info ][gc] GC(2556) Pause Young (Allocation Failure) 117M->117M(237M) 96.339ms
[2020-08-08T13:11:21.253+0300][381.468s][debug][gc] GC(2557) Expanding ParOldGen from 126464K by 117760K to 244224K
[2020-08-08T13:11:21.253+0300][381.468s][info ][gc] GC(2557) Pause Full (Ergonomics) 117M->117M(352M) 291.788ms
[2020-08-08T13:11:21.309+0300][381.524s][info ][gc] GC(2558) Pause Young (Allocation Failure) 174M->174M(352M) 45.303ms
[2020-08-08T13:11:21.411+0300][381.626s][info ][gc] GC(2559) Pause Young (Allocation Failure) 232M->232M(352M) 91.491ms
[2020-08-08T13:11:21.661+0300][381.876s][debug][gc] GC(2560) Shrinking ParOldGen from 244224K by 19456K to 224768K
[2020-08-08T13:11:21.661+0300][381.876s][info ][gc] GC(2560) Pause Full (Ergonomics) 232M->98M(333M) 249.018ms
[2020-08-08T13:11:21.793+0300][382.008s][info ][gc] GC(2561) Pause Young (Allocation Failure) 156M->156M(333M) 122.085ms
[2020-08-08T13:11:21.892+0300][382.107s][info ][gc] GC(2562) Pause Young (Allocation Failure) 213M->213M(333M) 79.520ms
[2020-08-08T13:11:22.076+0300][382.291s][debug][gc] GC(2563) Shrinking ParOldGen from 224768K by 18944K to 205824K
[2020-08-08T13:11:22.076+0300][382.291s][info ][gc] GC(2563) Pause Full (Ergonomics) 213M->79M(315M) 184.435ms
[2020-08-08T13:11:22.260+0300][382.475s][info ][gc] GC(2564) Pause Young (Allocation Failure) 136M->136M(315M) 173.005ms
[2020-08-08T13:11:22.390+0300][382.605s][info ][gc] GC(2565) Pause Young (Allocation Failure) 193M->193M(315M) 117.874ms
[2020-08-08T13:11:22.519+0300][382.734s][debug][gc] GC(2566) Shrinking ParOldGen from 205824K by 20480K to 185344K
[2020-08-08T13:11:22.519+0300][382.734s][info ][gc] GC(2566) Pause Full (Ergonomics) 193M->59M(295M) 128.542ms
[2020-08-08T13:11:22.707+0300][382.922s][info ][gc] GC(2567) Pause Young (Allocation Failure) 117M->117M(295M) 177.727ms
[2020-08-08T13:11:22.928+0300][383.143s][info ][gc] GC(2568) Pause Young (Allocation Failure) 174M->175M(295M) 210.662ms
[2020-08-08T13:11:23.003+0300][383.218s][debug][gc] GC(2569) Shrinking ParOldGen from 185344K by 18944K to 166400K
[2020-08-08T13:11:23.003+0300][383.218s][info ][gc] GC(2569) Pause Full (Ergonomics) 175M->41M(276M) 74.951ms
[2020-08-08T13:11:23.200+0300][383.415s][info ][gc] GC(2570) Pause Young (Allocation Failure) 98M->98M(276M) 182.039ms
[2020-08-08T13:11:23.490+0300][383.705s][info ][gc] GC(2571) Pause Young (Allocation Failure) 156M->156M(276M) 278.226ms
[2020-08-08T13:11:23.505+0300][383.720s][debug][gc] GC(2572) Shrinking ParOldGen from 166400K by 18944K to 147456K
[2020-08-08T13:11:23.505+0300][383.720s][info ][gc] GC(2572) Pause Full (Ergonomics) 156M->22M(258M) 15.415ms
[2020-08-08T13:11:23.690+0300][383.905s][info ][gc] GC(2573) Pause Young (Allocation Failure) 80M->80M(258M) 170.929ms
[2020-08-08T13:11:24.041+0300][384.256s][info ][gc] GC(2574) Pause Young (Allocation Failure) 137M->136M(258M) 339.843ms
[2020-08-08T13:11:24.048+0300][384.263s][debug][gc] GC(2575) Shrinking ParOldGen from 147456K by 20992K to 126464K
[2020-08-08T13:11:24.048+0300][384.263s][info ][gc] GC(2575) Pause Full (Ergonomics) 136M->2M(237M) 6.694ms
[2020-08-08T13:11:24.101+0300][384.316s][info ][gc] GC(2576) Pause Young (Allocation Failure) 60M->59M(237M) 38.465ms
[2020-08-08T13:11:24.216+0300][384.431s][info ][gc] GC(2577) Pause Young (Allocation Failure) 117M->117M(237M) 98.082ms
[2020-08-08T13:11:24.511+0300][384.726s][debug][gc] GC(2578) Expanding ParOldGen from 126464K by 117760K to 244224K
[2020-08-08T13:11:24.511+0300][384.726s][info ][gc] GC(2578) Pause Full (Ergonomics) 117M->117M(352M) 295.701ms
[2020-08-08T13:11:24.573+0300][384.788s][info ][gc] GC(2579) Pause Young (Allocation Failure) 174M->174M(352M) 46.786ms
[2020-08-08T13:11:24.679+0300][384.894s][info ][gc] GC(2580) Pause Young (Allocation Failure) 232M->232M(352M) 89.780ms
[2020-08-08T13:11:24.921+0300][385.136s][debug][gc] GC(2581) Shrinking ParOldGen from 244224K by 19456K to 224768K
[2020-08-08T13:11:24.921+0300][385.136s][info ][gc] GC(2581) Pause Full (Ergonomics) 232M->98M(333M) 242.337ms
[2020-08-08T13:11:25.046+0300][385.261s][info ][gc] GC(2582) Pause Young (Allocation Failure) 156M->156M(333M) 114.380ms
[2020-08-08T13:11:25.146+0300][385.361s][info ][gc] GC(2583) Pause Young (Allocation Failure) 213M->213M(333M) 82.496ms
[2020-08-08T13:11:25.333+0300][385.548s][debug][gc] GC(2584) Shrinking ParOldGen from 224768K by 18944K to 205824K
[2020-08-08T13:11:25.334+0300][385.549s][info ][gc] GC(2584) Pause Full (Ergonomics) 213M->79M(315M) 187.321ms
[2020-08-08T13:11:25.518+0300][385.733s][info ][gc] GC(2585) Pause Young (Allocation Failure) 136M->136M(315M) 169.416ms
[2020-08-08T13:11:25.648+0300][385.863s][info ][gc] GC(2586) Pause Young (Allocation Failure) 193M->193M(315M) 118.180ms
[2020-08-08T13:11:25.777+0300][385.992s][debug][gc] GC(2587) Shrinking ParOldGen from 205824K by 20480K to 185344K
[2020-08-08T13:11:25.777+0300][385.992s][info ][gc] GC(2587) Pause Full (Ergonomics) 193M->59M(295M) 128.759ms
[2020-08-08T13:11:25.973+0300][386.188s][info ][gc] GC(2588) Pause Young (Allocation Failure) 117M->117M(295M) 180.605ms
[2020-08-08T13:11:26.191+0300][386.406s][info ][gc] GC(2589) Pause Young (Allocation Failure) 174M->175M(295M) 203.229ms
[2020-08-08T13:11:26.265+0300][386.480s][debug][gc] GC(2590) Shrinking ParOldGen from 185344K by 18944K to 166400K
[2020-08-08T13:11:26.266+0300][386.481s][info ][gc] GC(2590) Pause Full (Ergonomics) 175M->41M(276M) 74.389ms
[2020-08-08T13:11:26.453+0300][386.668s][info ][gc] GC(2591) Pause Young (Allocation Failure) 98M->98M(276M) 167.432ms
[2020-08-08T13:11:26.758+0300][386.973s][info ][gc] GC(2592) Pause Young (Allocation Failure) 156M->156M(276M) 289.823ms
[2020-08-08T13:11:26.777+0300][386.992s][debug][gc] GC(2593) Shrinking ParOldGen from 166400K by 18944K to 147456K
[2020-08-08T13:11:26.777+0300][386.992s][info ][gc] GC(2593) Pause Full (Ergonomics) 156M->22M(258M) 19.482ms
[2020-08-08T13:11:26.966+0300][387.181s][info ][gc] GC(2594) Pause Young (Allocation Failure) 80M->79M(258M) 171.930ms
[2020-08-08T13:11:27.312+0300][387.527s][info ][gc] GC(2595) Pause Young (Allocation Failure) 137M->136M(258M) 328.731ms
[2020-08-08T13:11:27.320+0300][387.535s][debug][gc] GC(2596) Shrinking ParOldGen from 147456K by 20992K to 126464K
[2020-08-08T13:11:27.320+0300][387.535s][info ][gc] GC(2596) Pause Full (Ergonomics) 136M->2M(237M) 7.815ms
[2020-08-08T13:11:27.379+0300][387.594s][info ][gc] GC(2597) Pause Young (Allocation Failure) 60M->59M(237M) 42.958ms
[2020-08-08T13:11:27.493+0300][387.708s][info ][gc] GC(2598) Pause Young (Allocation Failure) 117M->117M(237M) 99.991ms
[2020-08-08T13:11:27.791+0300][388.006s][debug][gc] GC(2599) Expanding ParOldGen from 126464K by 117760K to 244224K
[2020-08-08T13:11:27.791+0300][388.006s][info ][gc] GC(2599) Pause Full (Ergonomics) 117M->117M(352M) 298.646ms
[2020-08-08T13:11:27.847+0300][388.062s][info ][gc] GC(2600) Pause Young (Allocation Failure) 174M->174M(352M) 39.527ms
[2020-08-08T13:11:27.955+0300][388.170s][info ][gc] GC(2601) Pause Young (Allocation Failure) 232M->232M(352M) 92.040ms
[2020-08-08T13:11:28.198+0300][388.413s][debug][gc] GC(2602) Shrinking ParOldGen from 244224K by 19456K to 224768K
[2020-08-08T13:11:28.198+0300][388.413s][info ][gc] GC(2602) Pause Full (Ergonomics) 232M->98M(333M) 242.823ms
[2020-08-08T13:11:28.307+0300][388.522s][info ][gc] GC(2603) Pause Young (Allocation Failure) 156M->156M(333M) 99.524ms
[2020-08-08T13:11:28.399+0300][388.614s][info ][gc] GC(2604) Pause Young (Allocation Failure) 213M->213M(333M) 77.878ms
[2020-08-08T13:11:28.584+0300][388.799s][debug][gc] GC(2605) Shrinking ParOldGen from 224768K by 18944K to 205824K
[2020-08-08T13:11:28.584+0300][388.799s][info ][gc] GC(2605) Pause Full (Ergonomics) 213M->79M(315M) 185.400ms
[2020-08-08T13:11:28.766+0300][388.981s][info ][gc] GC(2606) Pause Young (Allocation Failure) 136M->136M(315M) 169.872ms
[2020-08-08T13:11:28.904+0300][389.119s][info ][gc] GC(2607) Pause Young (Allocation Failure) 193M->193M(315M) 124.892ms
[2020-08-08T13:11:29.033+0300][389.248s][debug][gc] GC(2608) Shrinking ParOldGen from 205824K by 20480K to 185344K
[2020-08-08T13:11:29.034+0300][389.249s][info ][gc] GC(2608) Pause Full (Ergonomics) 193M->59M(295M) 129.556ms
[2020-08-08T13:11:29.236+0300][389.451s][info ][gc] GC(2609) Pause Young (Allocation Failure) 117M->117M(295M) 183.505ms
[2020-08-08T13:11:29.464+0300][389.679s][info ][gc] GC(2610) Pause Young (Allocation Failure) 174M->175M(295M) 213.881ms
[2020-08-08T13:11:29.539+0300][389.754s][debug][gc] GC(2611) Shrinking ParOldGen from 185344K by 18944K to 166400K
[2020-08-08T13:11:29.539+0300][389.754s][info ][gc] GC(2611) Pause Full (Ergonomics) 175M->41M(276M) 74.315ms
[2020-08-08T13:11:29.694+0300][389.909s][info ][gc] GC(2612) Pause Young (Allocation Failure) 98M->98M(276M) 136.987ms
[2020-08-08T13:11:29.976+0300][390.191s][info ][gc] GC(2613) Pause Young (Allocation Failure) 156M->156M(276M) 268.595ms
[2020-08-08T13:11:29.992+0300][390.207s][debug][gc] GC(2614) Shrinking ParOldGen from 166400K by 18944K to 147456K
[2020-08-08T13:11:29.992+0300][390.207s][info ][gc] GC(2614) Pause Full (Ergonomics) 156M->22M(258M) 15.565ms
[2020-08-08T13:11:30.183+0300][390.398s][info ][gc] GC(2615) Pause Young (Allocation Failure) 80M->80M(258M) 174.108ms
[2020-08-08T13:11:30.481+0300][390.696s][info ][gc] GC(2616) Pause Young (Allocation Failure) 137M->136M(258M) 288.327ms
[2020-08-08T13:11:30.487+0300][390.702s][debug][gc] GC(2617) Shrinking ParOldGen from 147456K by 20992K to 126464K
[2020-08-08T13:11:30.487+0300][390.702s][info ][gc] GC(2617) Pause Full (Ergonomics) 136M->2M(237M) 5.897ms
[2020-08-08T13:11:30.537+0300][390.752s][info ][gc] GC(2618) Pause Young (Allocation Failure) 60M->59M(237M) 37.482ms
[2020-08-08T13:11:30.646+0300][390.861s][info ][gc] GC(2619) Pause Young (Allocation Failure) 117M->117M(237M) 98.776ms
[2020-08-08T13:11:30.939+0300][391.154s][debug][gc] GC(2620) Expanding ParOldGen from 126464K by 117760K to 244224K
[2020-08-08T13:11:30.939+0300][391.154s][info ][gc] GC(2620) Pause Full (Ergonomics) 117M->117M(352M) 293.306ms
[2020-08-08T13:11:30.988+0300][391.203s][info ][gc] GC(2621) Pause Young (Allocation Failure) 174M->174M(352M) 40.711ms
[2020-08-08T13:11:31.088+0300][391.303s][info ][gc] GC(2622) Pause Young (Allocation Failure) 232M->232M(352M) 88.413ms
[2020-08-08T13:11:31.331+0300][391.546s][debug][gc] GC(2623) Shrinking ParOldGen from 244224K by 19456K to 224768K
[2020-08-08T13:11:31.331+0300][391.546s][info ][gc] GC(2623) Pause Full (Ergonomics) 232M->98M(333M) 242.568ms
[2020-08-08T13:11:31.447+0300][391.662s][info ][gc] GC(2624) Pause Young (Allocation Failure) 156M->156M(333M) 107.891ms
[2020-08-08T13:11:31.539+0300][391.754s][info ][gc] GC(2625) Pause Young (Allocation Failure) 213M->213M(333M) 79.300ms
[2020-08-08T13:11:31.725+0300][391.940s][debug][gc] GC(2626) Shrinking ParOldGen from 224768K by 18944K to 205824K
[2020-08-08T13:11:31.725+0300][391.940s][info ][gc] GC(2626) Pause Full (Ergonomics) 213M->79M(315M) 185.495ms
[2020-08-08T13:11:31.906+0300][392.121s][info ][gc] GC(2627) Pause Young (Allocation Failure) 136M->136M(315M) 164.923ms
[2020-08-08T13:11:32.025+0300][392.240s][info ][gc] GC(2628) Pause Young (Allocation Failure) 193M->193M(315M) 108.034ms
[2020-08-08T13:11:32.149+0300][392.364s][debug][gc] GC(2629) Shrinking ParOldGen from 205824K by 20480K to 185344K
[2020-08-08T13:11:32.149+0300][392.364s][info ][gc] GC(2629) Pause Full (Ergonomics) 193M->59M(295M) 123.842ms
[2020-08-08T13:11:32.329+0300][392.544s][info ][gc] GC(2630) Pause Young (Allocation Failure) 117M->117M(295M) 169.260ms
[2020-08-08T13:11:32.540+0300][392.755s][info ][gc] GC(2631) Pause Young (Allocation Failure) 174M->175M(295M) 199.476ms
[2020-08-08T13:11:32.609+0300][392.824s][debug][gc] GC(2632) Shrinking ParOldGen from 185344K by 18944K to 166400K
[2020-08-08T13:11:32.609+0300][392.824s][info ][gc] GC(2632) Pause Full (Ergonomics) 175M->41M(276M) 69.095ms
[2020-08-08T13:11:32.789+0300][393.004s][info ][gc] GC(2633) Pause Young (Allocation Failure) 98M->98M(276M) 165.588ms
[2020-08-08T13:11:33.073+0300][393.288s][info ][gc] GC(2634) Pause Young (Allocation Failure) 156M->156M(276M) 275.235ms
[2020-08-08T13:11:33.088+0300][393.303s][debug][gc] GC(2635) Shrinking ParOldGen from 166400K by 18944K to 147456K
[2020-08-08T13:11:33.088+0300][393.303s][info ][gc] GC(2635) Pause Full (Ergonomics) 156M->22M(258M) 15.543ms
[2020-08-08T13:11:33.249+0300][393.464s][info ][gc] GC(2636) Pause Young (Allocation Failure) 80M->79M(258M) 146.631ms
[2020-08-08T13:11:33.602+0300][393.817s][info ][gc] GC(2637) Pause Young (Allocation Failure) 137M->136M(258M) 334.269ms
[2020-08-08T13:11:33.608+0300][393.823s][debug][gc] GC(2638) Shrinking ParOldGen from 147456K by 20992K to 126464K
[2020-08-08T13:11:33.609+0300][393.823s][info ][gc] GC(2638) Pause Full (Ergonomics) 136M->2M(237M) 6.445ms
[2020-08-08T13:11:33.664+0300][393.879s][info ][gc] GC(2639) Pause Young (Allocation Failure) 60M->59M(237M) 39.370ms
[2020-08-08T13:11:33.786+0300][394.001s][info ][gc] GC(2640) Pause Young (Allocation Failure) 117M->117M(237M) 104.311ms
[2020-08-08T13:11:34.089+0300][394.304s][debug][gc] GC(2641) Expanding ParOldGen from 126464K by 117760K to 244224K
[2020-08-08T13:11:34.089+0300][394.304s][info ][gc] GC(2641) Pause Full (Ergonomics) 117M->117M(352M) 302.763ms
[2020-08-08T13:11:34.146+0300][394.361s][info ][gc] GC(2642) Pause Young (Allocation Failure) 174M->174M(352M) 45.675ms
[2020-08-08T13:11:34.250+0300][394.465s][info ][gc] GC(2643) Pause Young (Allocation Failure) 232M->232M(352M) 90.547ms
[2020-08-08T13:11:34.497+0300][394.712s][debug][gc] GC(2644) Shrinking ParOldGen from 244224K by 19456K to 224768K
[2020-08-08T13:11:34.497+0300][394.712s][info ][gc] GC(2644) Pause Full (Ergonomics) 232M->98M(333M) 246.923ms
[2020-08-08T13:11:34.622+0300][394.836s][info ][gc] GC(2645) Pause Young (Allocation Failure) 156M->156M(333M) 114.664ms
[2020-08-08T13:11:34.717+0300][394.932s][info ][gc] GC(2646) Pause Young (Allocation Failure) 213M->213M(333M) 81.073ms
[2020-08-08T13:11:34.910+0300][395.125s][debug][gc] GC(2647) Shrinking ParOldGen from 224768K by 18944K to 205824K
[2020-08-08T13:11:34.910+0300][395.125s][info ][gc] GC(2647) Pause Full (Ergonomics) 213M->79M(315M) 192.435ms
[2020-08-08T13:11:35.095+0300][395.310s][info ][gc] GC(2648) Pause Young (Allocation Failure) 136M->136M(315M) 170.321ms
[2020-08-08T13:11:35.213+0300][395.427s][info ][gc] GC(2649) Pause Young (Allocation Failure) 193M->193M(315M) 109.190ms
[2020-08-08T13:11:35.339+0300][395.554s][debug][gc] GC(2650) Shrinking ParOldGen from 205824K by 20480K to 185344K
[2020-08-08T13:11:35.339+0300][395.554s][info ][gc] GC(2650) Pause Full (Ergonomics) 193M->59M(295M) 126.375ms
[2020-08-08T13:11:35.525+0300][395.740s][info ][gc] GC(2651) Pause Young (Allocation Failure) 117M->117M(295M) 174.904ms
[2020-08-08T13:11:35.736+0300][395.951s][info ][gc] GC(2652) Pause Young (Allocation Failure) 174M->175M(295M) 202.395ms
[2020-08-08T13:11:35.807+0300][396.022s][debug][gc] GC(2653) Shrinking ParOldGen from 185344K by 18944K to 166400K
[2020-08-08T13:11:35.807+0300][396.022s][info ][gc] GC(2653) Pause Full (Ergonomics) 175M->41M(276M) 71.200ms
[2020-08-08T13:11:35.985+0300][396.200s][info ][gc] GC(2654) Pause Young (Allocation Failure) 98M->98M(276M) 160.462ms
[2020-08-08T13:11:36.275+0300][396.490s][info ][gc] GC(2655) Pause Young (Allocation Failure) 156M->156M(276M) 280.081ms
[2020-08-08T13:11:36.291+0300][396.506s][debug][gc] GC(2656) Shrinking ParOldGen from 166400K by 18944K to 147456K
[2020-08-08T13:11:36.291+0300][396.506s][info ][gc] GC(2656) Pause Full (Ergonomics) 156M->22M(258M) 15.822ms
[2020-08-08T13:11:36.472+0300][396.687s][info ][gc] GC(2657) Pause Young (Allocation Failure) 80M->79M(258M) 167.378ms
[2020-08-08T13:11:36.812+0300][397.027s][info ][gc] GC(2658) Pause Young (Allocation Failure) 137M->136M(258M) 327.332ms
[2020-08-08T13:11:36.818+0300][397.033s][debug][gc] GC(2659) Shrinking ParOldGen from 147456K by 20992K to 126464K
[2020-08-08T13:11:36.819+0300][397.034s][info ][gc] GC(2659) Pause Full (Ergonomics) 136M->2M(237M) 6.532ms
[2020-08-08T13:11:36.868+0300][397.083s][info ][gc] GC(2660) Pause Young (Allocation Failure) 60M->59M(237M) 37.872ms
[2020-08-08T13:11:36.978+0300][397.193s][info ][gc] GC(2661) Pause Young (Allocation Failure) 117M->117M(237M) 99.712ms
[2020-08-08T13:11:37.266+0300][397.481s][debug][gc] GC(2662) Expanding ParOldGen from 126464K by 117760K to 244224K
[2020-08-08T13:11:37.266+0300][397.481s][info ][gc] GC(2662) Pause Full (Ergonomics) 117M->117M(352M) 287.907ms
[2020-08-08T13:11:37.320+0300][397.535s][info ][gc] GC(2663) Pause Young (Allocation Failure) 174M->174M(352M) 43.174ms
[2020-08-08T13:11:37.421+0300][397.636s][info ][gc] GC(2664) Pause Young (Allocation Failure) 232M->232M(352M) 90.605ms
[2020-08-08T13:11:37.655+0300][397.870s][debug][gc] GC(2665) Shrinking ParOldGen from 244224K by 19456K to 224768K
[2020-08-08T13:11:37.655+0300][397.870s][info ][gc] GC(2665) Pause Full (Ergonomics) 232M->98M(333M) 233.944ms
[2020-08-08T13:11:37.772+0300][397.987s][info ][gc] GC(2666) Pause Young (Allocation Failure) 156M->156M(333M) 107.504ms
[2020-08-08T13:11:37.863+0300][398.078s][info ][gc] GC(2667) Pause Young (Allocation Failure) 213M->213M(333M) 77.824ms
[2020-08-08T13:11:38.048+0300][398.263s][debug][gc] GC(2668) Shrinking ParOldGen from 224768K by 18944K to 205824K
[2020-08-08T13:11:38.048+0300][398.263s][info ][gc] GC(2668) Pause Full (Ergonomics) 213M->79M(315M) 184.607ms
[2020-08-08T13:11:38.225+0300][398.440s][info ][gc] GC(2669) Pause Young (Allocation Failure) 136M->136M(315M) 166.509ms
[2020-08-08T13:11:38.335+0300][398.550s][info ][gc] GC(2670) Pause Young (Allocation Failure) 193M->193M(315M) 102.432ms
[2020-08-08T13:11:38.465+0300][398.680s][debug][gc] GC(2671) Shrinking ParOldGen from 205824K by 20480K to 185344K
[2020-08-08T13:11:38.466+0300][398.680s][info ][gc] GC(2671) Pause Full (Ergonomics) 193M->59M(295M) 130.083ms
[2020-08-08T13:11:38.649+0300][398.864s][info ][gc] GC(2672) Pause Young (Allocation Failure) 117M->117M(295M) 172.757ms
[2020-08-08T13:11:38.854+0300][399.069s][info ][gc] GC(2673) Pause Young (Allocation Failure) 174M->175M(295M) 197.075ms
[2020-08-08T13:11:38.928+0300][399.143s][debug][gc] GC(2674) Shrinking ParOldGen from 185344K by 18944K to 166400K
[2020-08-08T13:11:38.928+0300][399.143s][info ][gc] GC(2674) Pause Full (Ergonomics) 175M->41M(276M) 74.010ms
[2020-08-08T13:11:39.109+0300][399.324s][info ][gc] GC(2675) Pause Young (Allocation Failure) 98M->98M(276M) 168.234ms
[2020-08-08T13:11:39.379+0300][399.594s][info ][gc] GC(2676) Pause Young (Allocation Failure) 156M->156M(276M) 262.242ms
[2020-08-08T13:11:39.395+0300][399.610s][debug][gc] GC(2677) Shrinking ParOldGen from 166400K by 19456K to 146944K
[2020-08-08T13:11:39.395+0300][399.610s][info ][gc] GC(2677) Pause Full (Ergonomics) 156M->22M(257M) 15.986ms
[2020-08-08T13:11:39.584+0300][399.799s][info ][gc] GC(2678) Pause Young (Allocation Failure) 79M->79M(257M) 175.654ms
[2020-08-08T13:11:39.946+0300][400.161s][info ][gc] GC(2679) Pause Young (Allocation Failure) 137M->136M(257M) 353.019ms
[2020-08-08T13:11:39.953+0300][400.168s][debug][gc] GC(2680) Shrinking ParOldGen from 146944K by 20480K to 126464K
[2020-08-08T13:11:39.953+0300][400.168s][info ][gc] GC(2680) Pause Full (Ergonomics) 136M->2M(237M) 6.435ms
[2020-08-08T13:11:40.001+0300][400.216s][info ][gc] GC(2681) Pause Young (Allocation Failure) 60M->59M(237M) 36.974ms
[2020-08-08T13:11:40.113+0300][400.328s][info ][gc] GC(2682) Pause Young (Allocation Failure) 117M->117M(237M) 96.374ms
[2020-08-08T13:11:40.403+0300][400.618s][debug][gc] GC(2683) Expanding ParOldGen from 126464K by 117760K to 244224K
[2020-08-08T13:11:40.403+0300][400.618s][info ][gc] GC(2683) Pause Full (Ergonomics) 117M->117M(352M) 289.705ms
[2020-08-08T13:11:40.451+0300][400.666s][info ][gc] GC(2684) Pause Young (Allocation Failure) 174M->174M(352M) 39.931ms
[2020-08-08T13:11:40.550+0300][400.765s][info ][gc] GC(2685) Pause Young (Allocation Failure) 232M->232M(352M) 89.125ms
[2020-08-08T13:11:40.796+0300][401.011s][debug][gc] GC(2686) Shrinking ParOldGen from 244224K by 19456K to 224768K
[2020-08-08T13:11:40.796+0300][401.011s][info ][gc] GC(2686) Pause Full (Ergonomics) 232M->98M(333M) 246.304ms
[2020-08-08T13:11:40.905+0300][401.120s][info ][gc] GC(2687) Pause Young (Allocation Failure) 155M->155M(333M) 99.914ms
[2020-08-08T13:11:40.994+0300][401.209s][info ][gc] GC(2688) Pause Young (Allocation Failure) 213M->213M(333M) 77.407ms
[2020-08-08T13:11:41.181+0300][401.396s][debug][gc] GC(2689) Shrinking ParOldGen from 224768K by 18944K to 205824K
[2020-08-08T13:11:41.181+0300][401.396s][info ][gc] GC(2689) Pause Full (Ergonomics) 213M->79M(315M) 186.942ms
[2020-08-08T13:11:41.364+0300][401.579s][info ][gc] GC(2690) Pause Young (Allocation Failure) 136M->136M(315M) 172.856ms
[2020-08-08T13:11:41.496+0300][401.711s][info ][gc] GC(2691) Pause Young (Allocation Failure) 193M->193M(315M) 122.912ms
[2020-08-08T13:11:41.618+0300][401.833s][debug][gc] GC(2692) Shrinking ParOldGen from 205824K by 20480K to 185344K
[2020-08-08T13:11:41.618+0300][401.833s][info ][gc] GC(2692) Pause Full (Ergonomics) 193M->59M(295M) 122.239ms
[2020-08-08T13:11:41.810+0300][402.025s][info ][gc] GC(2693) Pause Young (Allocation Failure) 117M->117M(295M) 181.230ms
[2020-08-08T13:11:42.012+0300][402.227s][info ][gc] GC(2694) Pause Young (Allocation Failure) 174M->175M(295M) 194.118ms
[2020-08-08T13:11:42.086+0300][402.301s][debug][gc] GC(2695) Shrinking ParOldGen from 185344K by 18944K to 166400K
[2020-08-08T13:11:42.086+0300][402.301s][info ][gc] GC(2695) Pause Full (Ergonomics) 175M->41M(276M) 73.943ms
[2020-08-08T13:11:42.258+0300][402.473s][info ][gc] GC(2696) Pause Young (Allocation Failure) 98M->98M(276M) 159.554ms
[2020-08-08T13:11:42.525+0300][402.740s][info ][gc] GC(2697) Pause Young (Allocation Failure) 156M->156M(276M) 258.945ms
[2020-08-08T13:11:42.540+0300][402.755s][debug][gc] GC(2698) Shrinking ParOldGen from 166400K by 19456K to 146944K
[2020-08-08T13:11:42.540+0300][402.755s][info ][gc] GC(2698) Pause Full (Ergonomics) 156M->22M(257M) 14.532ms
[2020-08-08T13:11:42.720+0300][402.935s][info ][gc] GC(2699) Pause Young (Allocation Failure) 80M->79M(257M) 168.566ms
[2020-08-08T13:11:43.063+0300][403.278s][info ][gc] GC(2700) Pause Young (Allocation Failure) 137M->136M(257M) 333.310ms
[2020-08-08T13:11:43.069+0300][403.284s][debug][gc] GC(2701) Shrinking ParOldGen from 146944K by 20480K to 126464K
[2020-08-08T13:11:43.069+0300][403.284s][info ][gc] GC(2701) Pause Full (Ergonomics) 136M->2M(237M) 5.855ms
[2020-08-08T13:11:43.114+0300][403.329s][info ][gc] GC(2702) Pause Young (Allocation Failure) 60M->59M(237M) 35.771ms
[2020-08-08T13:11:43.223+0300][403.438s][info ][gc] GC(2703) Pause Young (Allocation Failure) 117M->117M(237M) 98.727ms
[2020-08-08T13:11:43.536+0300][403.751s][debug][gc] GC(2704) Expanding ParOldGen from 126464K by 117248K to 243712K
[2020-08-08T13:11:43.536+0300][403.751s][info ][gc] GC(2704) Pause Full (Ergonomics) 117M->117M(352M) 313.411ms
[2020-08-08T13:11:43.600+0300][403.815s][info ][gc] GC(2705) Pause Young (Allocation Failure) 174M->174M(352M) 49.927ms
[2020-08-08T13:11:43.709+0300][403.924s][info ][gc] GC(2706) Pause Young (Allocation Failure) 231M->232M(352M) 95.454ms
[2020-08-08T13:11:43.957+0300][404.172s][debug][gc] GC(2707) Shrinking ParOldGen from 243712K by 18944K to 224768K
[2020-08-08T13:11:43.957+0300][404.172s][info ][gc] GC(2707) Pause Full (Ergonomics) 232M->98M(333M) 247.534ms
[2020-08-08T13:11:44.076+0300][404.291s][info ][gc] GC(2708) Pause Young (Allocation Failure) 155M->155M(333M) 109.570ms
[2020-08-08T13:11:44.173+0300][404.388s][info ][gc] GC(2709) Pause Young (Allocation Failure) 213M->213M(333M) 83.566ms
[2020-08-08T13:11:44.363+0300][404.578s][debug][gc] GC(2710) Shrinking ParOldGen from 224768K by 19456K to 205312K
[2020-08-08T13:11:44.364+0300][404.579s][info ][gc] GC(2710) Pause Full (Ergonomics) 213M->79M(314M) 190.611ms
[2020-08-08T13:11:44.546+0300][404.761s][info ][gc] GC(2711) Pause Young (Allocation Failure) 135M->135M(314M) 170.148ms
[2020-08-08T13:11:44.676+0300][404.891s][info ][gc] GC(2712) Pause Young (Allocation Failure) 193M->193M(314M) 120.096ms
[2020-08-08T13:11:44.803+0300][405.018s][debug][gc] GC(2713) Shrinking ParOldGen from 205312K by 19968K to 185344K
[2020-08-08T13:11:44.803+0300][405.018s][info ][gc] GC(2713) Pause Full (Ergonomics) 193M->59M(295M) 127.096ms
[2020-08-08T13:11:44.988+0300][405.203s][info ][gc] GC(2714) Pause Young (Allocation Failure) 117M->117M(295M) 174.428ms
[2020-08-08T13:11:45.198+0300][405.413s][info ][gc] GC(2715) Pause Young (Allocation Failure) 174M->175M(295M) 202.563ms
[2020-08-08T13:11:45.269+0300][405.484s][debug][gc] GC(2716) Shrinking ParOldGen from 185344K by 18944K to 166400K
[2020-08-08T13:11:45.269+0300][405.484s][info ][gc] GC(2716) Pause Full (Ergonomics) 175M->41M(276M) 70.519ms
[2020-08-08T13:11:45.449+0300][405.664s][info ][gc] GC(2717) Pause Young (Allocation Failure) 98M->98M(276M) 169.089ms
[2020-08-08T13:11:45.740+0300][405.955s][info ][gc] GC(2718) Pause Young (Allocation Failure) 156M->156M(276M) 282.827ms
[2020-08-08T13:11:45.755+0300][405.970s][debug][gc] GC(2719) Shrinking ParOldGen from 166400K by 18944K to 147456K
[2020-08-08T13:11:45.755+0300][405.970s][info ][gc] GC(2719) Pause Full (Ergonomics) 156M->22M(258M) 15.308ms
[2020-08-08T13:11:45.947+0300][406.162s][info ][gc] GC(2720) Pause Young (Allocation Failure) 80M->79M(258M) 173.229ms
[2020-08-08T13:11:46.283+0300][406.498s][info ][gc] GC(2721) Pause Young (Allocation Failure) 137M->136M(258M) 324.218ms
[2020-08-08T13:11:46.288+0300][406.503s][debug][gc] GC(2722) Shrinking ParOldGen from 147456K by 20992K to 126464K
[2020-08-08T13:11:46.289+0300][406.503s][info ][gc] GC(2722) Pause Full (Ergonomics) 136M->2M(237M) 5.692ms
[2020-08-08T13:11:46.335+0300][406.550s][info ][gc] GC(2723) Pause Young (Allocation Failure) 60M->59M(237M) 35.518ms
[2020-08-08T13:11:46.444+0300][406.659s][info ][gc] GC(2724) Pause Young (Allocation Failure) 117M->117M(237M) 99.761ms
[2020-08-08T13:11:46.742+0300][406.957s][debug][gc] GC(2725) Expanding ParOldGen from 126464K by 117248K to 243712K
[2020-08-08T13:11:46.742+0300][406.957s][info ][gc] GC(2725) Pause Full (Ergonomics) 117M->117M(352M) 297.572ms
[2020-08-08T13:11:46.793+0300][407.008s][info ][gc] GC(2726) Pause Young (Allocation Failure) 174M->174M(352M) 43.174ms
[2020-08-08T13:11:46.893+0300][407.108s][info ][gc] GC(2727) Pause Young (Allocation Failure) 231M->232M(352M) 89.203ms
[2020-08-08T13:11:47.137+0300][407.352s][debug][gc] GC(2728) Shrinking ParOldGen from 243712K by 18944K to 224768K
[2020-08-08T13:11:47.137+0300][407.352s][info ][gc] GC(2728) Pause Full (Ergonomics) 232M->98M(333M) 244.198ms
[2020-08-08T13:11:47.258+0300][407.473s][info ][gc] GC(2729) Pause Young (Allocation Failure) 155M->155M(333M) 112.109ms
[2020-08-08T13:11:47.350+0300][407.565s][info ][gc] GC(2730) Pause Young (Allocation Failure) 213M->213M(333M) 79.194ms
[2020-08-08T13:11:47.532+0300][407.747s][debug][gc] GC(2731) Shrinking ParOldGen from 224768K by 19456K to 205312K
[2020-08-08T13:11:47.532+0300][407.747s][info ][gc] GC(2731) Pause Full (Ergonomics) 213M->79M(314M) 182.040ms
[2020-08-08T13:11:47.703+0300][407.918s][info ][gc] GC(2732) Pause Young (Allocation Failure) 135M->135M(314M) 161.845ms
[2020-08-08T13:11:47.845+0300][408.060s][info ][gc] GC(2733) Pause Young (Allocation Failure) 193M->193M(314M) 131.991ms
[2020-08-08T13:11:47.969+0300][408.184s][debug][gc] GC(2734) Shrinking ParOldGen from 205312K by 19968K to 185344K
[2020-08-08T13:11:47.970+0300][408.185s][info ][gc] GC(2734) Pause Full (Ergonomics) 193M->59M(295M) 124.341ms
[2020-08-08T13:11:48.160+0300][408.375s][info ][gc] GC(2735) Pause Young (Allocation Failure) 117M->117M(295M) 179.402ms
[2020-08-08T13:11:48.369+0300][408.584s][info ][gc] GC(2736) Pause Young (Allocation Failure) 174M->175M(295M) 200.798ms
[2020-08-08T13:11:48.439+0300][408.654s][debug][gc] GC(2737) Shrinking ParOldGen from 185344K by 18944K to 166400K
[2020-08-08T13:11:48.439+0300][408.654s][info ][gc] GC(2737) Pause Full (Ergonomics) 175M->41M(276M) 69.706ms
[2020-08-08T13:11:48.621+0300][408.836s][info ][gc] GC(2738) Pause Young (Allocation Failure) 98M->98M(276M) 170.291ms
[2020-08-08T13:11:48.907+0300][409.122s][info ][gc] GC(2739) Pause Young (Allocation Failure) 156M->156M(276M) 278.711ms
[2020-08-08T13:11:48.922+0300][409.137s][debug][gc] GC(2740) Shrinking ParOldGen from 166400K by 19456K to 146944K
[2020-08-08T13:11:48.922+0300][409.137s][info ][gc] GC(2740) Pause Full (Ergonomics) 156M->22M(257M) 15.572ms
[2020-08-08T13:11:49.105+0300][409.320s][info ][gc] GC(2741) Pause Young (Allocation Failure) 79M->79M(257M) 169.148ms
[2020-08-08T13:11:49.452+0300][409.667s][info ][gc] GC(2742) Pause Young (Allocation Failure) 137M->136M(257M) 336.803ms
[2020-08-08T13:11:49.458+0300][409.672s][debug][gc] GC(2743) Shrinking ParOldGen from 146944K by 20480K to 126464K
[2020-08-08T13:11:49.458+0300][409.673s][info ][gc] GC(2743) Pause Full (Ergonomics) 136M->2M(237M) 5.730ms
[2020-08-08T13:11:49.506+0300][409.721s][info ][gc] GC(2744) Pause Young (Allocation Failure) 60M->59M(237M) 38.553ms
[2020-08-08T13:11:49.617+0300][409.832s][info ][gc] GC(2745) Pause Young (Allocation Failure) 117M->117M(237M) 100.049ms
[2020-08-08T13:11:49.924+0300][410.139s][debug][gc] GC(2746) Expanding ParOldGen from 126464K by 117248K to 243712K
[2020-08-08T13:11:49.924+0300][410.139s][info ][gc] GC(2746) Pause Full (Ergonomics) 117M->117M(352M) 307.480ms
[2020-08-08T13:11:49.971+0300][410.186s][info ][gc] GC(2747) Pause Young (Allocation Failure) 174M->174M(352M) 38.195ms
[2020-08-08T13:11:50.071+0300][410.285s][info ][gc] GC(2748) Pause Young (Allocation Failure) 231M->232M(352M) 89.551ms
[2020-08-08T13:11:50.312+0300][410.527s][debug][gc] GC(2749) Shrinking ParOldGen from 243712K by 18944K to 224768K
[2020-08-08T13:11:50.312+0300][410.527s][info ][gc] GC(2749) Pause Full (Ergonomics) 232M->98M(333M) 241.465ms
[2020-08-08T13:11:50.434+0300][410.649s][info ][gc] GC(2750) Pause Young (Allocation Failure) 155M->155M(333M) 112.143ms
[2020-08-08T13:11:50.531+0300][410.746s][info ][gc] GC(2751) Pause Young (Allocation Failure) 213M->213M(333M) 80.124ms
[2020-08-08T13:11:50.717+0300][410.932s][debug][gc] GC(2752) Shrinking ParOldGen from 224768K by 19456K to 205312K
[2020-08-08T13:11:50.717+0300][410.932s][info ][gc] GC(2752) Pause Full (Ergonomics) 213M->79M(314M) 186.066ms
[2020-08-08T13:11:50.901+0300][411.116s][info ][gc] GC(2753) Pause Young (Allocation Failure) 135M->135M(314M) 173.866ms
[2020-08-08T13:11:51.020+0300][411.235s][info ][gc] GC(2754) Pause Young (Allocation Failure) 193M->193M(314M) 109.726ms
[2020-08-08T13:11:51.146+0300][411.361s][debug][gc] GC(2755) Shrinking ParOldGen from 205312K by 19968K to 185344K
[2020-08-08T13:11:51.146+0300][411.361s][info ][gc] GC(2755) Pause Full (Ergonomics) 193M->59M(295M) 125.884ms
[2020-08-08T13:11:51.339+0300][411.554s][info ][gc] GC(2756) Pause Young (Allocation Failure) 117M->117M(295M) 178.512ms
[2020-08-08T13:11:51.552+0300][411.767s][info ][gc] GC(2757) Pause Young (Allocation Failure) 174M->175M(295M) 204.978ms
[2020-08-08T13:11:51.624+0300][411.839s][debug][gc] GC(2758) Shrinking ParOldGen from 185344K by 18944K to 166400K
[2020-08-08T13:11:51.624+0300][411.839s][info ][gc] GC(2758) Pause Full (Ergonomics) 175M->41M(276M) 72.517ms
[2020-08-08T13:11:51.808+0300][412.023s][info ][gc] GC(2759) Pause Young (Allocation Failure) 98M->98M(276M) 168.210ms
[2020-08-08T13:11:52.095+0300][412.310s][info ][gc] GC(2760) Pause Young (Allocation Failure) 156M->156M(276M) 278.435ms
[2020-08-08T13:11:52.111+0300][412.326s][debug][gc] GC(2761) Shrinking ParOldGen from 166400K by 19456K to 146944K
[2020-08-08T13:11:52.111+0300][412.326s][info ][gc] GC(2761) Pause Full (Ergonomics) 156M->22M(257M) 15.858ms
[2020-08-08T13:11:52.292+0300][412.507s][info ][gc] GC(2762) Pause Young (Allocation Failure) 80M->79M(257M) 169.358ms
[2020-08-08T13:11:52.637+0300][412.852s][info ][gc] GC(2763) Pause Young (Allocation Failure) 137M->136M(257M) 334.426ms
[2020-08-08T13:11:52.643+0300][412.858s][debug][gc] GC(2764) Shrinking ParOldGen from 146944K by 20480K to 126464K
[2020-08-08T13:11:52.643+0300][412.858s][info ][gc] GC(2764) Pause Full (Ergonomics) 136M->2M(237M) 6.008ms
[2020-08-08T13:11:52.691+0300][412.905s][info ][gc] GC(2765) Pause Young (Allocation Failure) 60M->59M(237M) 36.998ms
[2020-08-08T13:11:52.798+0300][413.013s][info ][gc] GC(2766) Pause Young (Allocation Failure) 117M->117M(237M) 96.251ms
[2020-08-08T13:11:53.092+0300][413.306s][debug][gc] GC(2767) Expanding ParOldGen from 126464K by 117248K to 243712K
[2020-08-08T13:11:53.092+0300][413.307s][info ][gc] GC(2767) Pause Full (Ergonomics) 117M->117M(352M) 293.604ms
[2020-08-08T13:11:53.145+0300][413.360s][info ][gc] GC(2768) Pause Young (Allocation Failure) 174M->174M(352M) 44.523ms
[2020-08-08T13:11:53.245+0300][413.460s][info ][gc] GC(2769) Pause Young (Allocation Failure) 231M->232M(352M) 89.600ms
[2020-08-08T13:11:53.487+0300][413.702s][debug][gc] GC(2770) Shrinking ParOldGen from 243712K by 18944K to 224768K
[2020-08-08T13:11:53.487+0300][413.702s][info ][gc] GC(2770) Pause Full (Ergonomics) 232M->98M(333M) 241.903ms
[2020-08-08T13:11:53.607+0300][413.822s][info ][gc] GC(2771) Pause Young (Allocation Failure) 155M->155M(333M) 111.834ms
[2020-08-08T13:11:53.698+0300][413.913s][info ][gc] GC(2772) Pause Young (Allocation Failure) 213M->213M(333M) 78.645ms
[2020-08-08T13:11:53.883+0300][414.098s][debug][gc] GC(2773) Shrinking ParOldGen from 224768K by 19456K to 205312K
[2020-08-08T13:11:53.883+0300][414.098s][info ][gc] GC(2773) Pause Full (Ergonomics) 213M->79M(314M) 185.186ms
[2020-08-08T13:11:54.067+0300][414.281s][info ][gc] GC(2774) Pause Young (Allocation Failure) 135M->135M(314M) 172.642ms
[2020-08-08T13:11:54.197+0300][414.412s][info ][gc] GC(2775) Pause Young (Allocation Failure) 193M->193M(314M) 122.244ms
[2020-08-08T13:11:54.321+0300][414.536s][debug][gc] GC(2776) Shrinking ParOldGen from 205312K by 19968K to 185344K
[2020-08-08T13:11:54.321+0300][414.536s][info ][gc] GC(2776) Pause Full (Ergonomics) 193M->59M(295M) 123.428ms
[2020-08-08T13:11:54.507+0300][414.722s][info ][gc] GC(2777) Pause Young (Allocation Failure) 117M->117M(295M) 176.531ms
[2020-08-08T13:11:54.717+0300][414.932s][info ][gc] GC(2778) Pause Young (Allocation Failure) 174M->175M(295M) 202.169ms
[2020-08-08T13:11:54.786+0300][415.001s][debug][gc] GC(2779) Shrinking ParOldGen from 185344K by 18944K to 166400K
[2020-08-08T13:11:54.786+0300][415.001s][info ][gc] GC(2779) Pause Full (Ergonomics) 175M->41M(276M) 68.882ms
[2020-08-08T13:11:54.968+0300][415.183s][info ][gc] GC(2780) Pause Young (Allocation Failure) 98M->98M(276M) 168.238ms
[2020-08-08T13:11:55.242+0300][415.457s][info ][gc] GC(2781) Pause Young (Allocation Failure) 156M->156M(276M) 263.003ms
[2020-08-08T13:11:55.258+0300][415.473s][debug][gc] GC(2782) Shrinking ParOldGen from 166400K by 19456K to 146944K
[2020-08-08T13:11:55.258+0300][415.473s][info ][gc] GC(2782) Pause Full (Ergonomics) 156M->22M(257M) 15.886ms
[2020-08-08T13:11:55.447+0300][415.662s][info ][gc] GC(2783) Pause Young (Allocation Failure) 80M->80M(257M) 173.542ms
[2020-08-08T13:11:55.795+0300][416.010s][info ][gc] GC(2784) Pause Young (Allocation Failure) 137M->136M(257M) 336.148ms
[2020-08-08T13:11:55.802+0300][416.016s][debug][gc] GC(2785) Shrinking ParOldGen from 146944K by 20480K to 126464K
[2020-08-08T13:11:55.802+0300][416.017s][info ][gc] GC(2785) Pause Full (Ergonomics) 136M->2M(237M) 6.065ms
[2020-08-08T13:11:55.850+0300][416.065s][info ][gc] GC(2786) Pause Young (Allocation Failure) 60M->59M(237M) 37.223ms
[2020-08-08T13:11:55.965+0300][416.180s][info ][gc] GC(2787) Pause Young (Allocation Failure) 117M->117M(237M) 105.977ms
[2020-08-08T13:11:56.270+0300][416.485s][debug][gc] GC(2788) Expanding ParOldGen from 126464K by 117248K to 243712K
[2020-08-08T13:11:56.270+0300][416.485s][info ][gc] GC(2788) Pause Full (Ergonomics) 117M->117M(352M) 305.035ms
[2020-08-08T13:11:56.321+0300][416.536s][info ][gc] GC(2789) Pause Young (Allocation Failure) 174M->174M(352M) 42.680ms
[2020-08-08T13:11:56.420+0300][416.635s][info ][gc] GC(2790) Pause Young (Allocation Failure) 231M->232M(352M) 89.624ms
[2020-08-08T13:11:56.665+0300][416.880s][debug][gc] GC(2791) Shrinking ParOldGen from 243712K by 18944K to 224768K
[2020-08-08T13:11:56.665+0300][416.880s][info ][gc] GC(2791) Pause Full (Ergonomics) 232M->98M(333M) 244.439ms
[2020-08-08T13:11:56.793+0300][417.008s][info ][gc] GC(2792) Pause Young (Allocation Failure) 155M->155M(333M) 120.174ms
[2020-08-08T13:11:56.884+0300][417.099s][info ][gc] GC(2793) Pause Young (Allocation Failure) 213M->213M(333M) 77.876ms
[2020-08-08T13:11:57.066+0300][417.281s][debug][gc] GC(2794) Shrinking ParOldGen from 224768K by 19456K to 205312K
[2020-08-08T13:11:57.066+0300][417.281s][info ][gc] GC(2794) Pause Full (Ergonomics) 213M->79M(314M) 181.977ms
[2020-08-08T13:11:57.247+0300][417.462s][info ][gc] GC(2795) Pause Young (Allocation Failure) 135M->135M(314M) 170.054ms
[2020-08-08T13:11:57.375+0300][417.590s][info ][gc] GC(2796) Pause Young (Allocation Failure) 193M->193M(314M) 115.885ms
[2020-08-08T13:11:57.506+0300][417.721s][debug][gc] GC(2797) Shrinking ParOldGen from 205312K by 19968K to 185344K
[2020-08-08T13:11:57.506+0300][417.721s][info ][gc] GC(2797) Pause Full (Ergonomics) 193M->59M(295M) 131.362ms
[2020-08-08T13:11:57.692+0300][417.907s][info ][gc] GC(2798) Pause Young (Allocation Failure) 117M->117M(295M) 175.672ms
[2020-08-08T13:11:57.905+0300][418.120s][info ][gc] GC(2799) Pause Young (Allocation Failure) 174M->175M(295M) 204.471ms
[2020-08-08T13:11:57.977+0300][418.192s][debug][gc] GC(2800) Shrinking ParOldGen from 185344K by 18944K to 166400K
[2020-08-08T13:11:57.977+0300][418.192s][info ][gc] GC(2800) Pause Full (Ergonomics) 175M->41M(276M) 71.331ms
[2020-08-08T13:11:58.159+0300][418.374s][info ][gc] GC(2801) Pause Young (Allocation Failure) 98M->98M(276M) 169.151ms
[2020-08-08T13:11:58.436+0300][418.651s][info ][gc] GC(2802) Pause Young (Allocation Failure) 156M->156M(276M) 269.356ms
[2020-08-08T13:11:58.451+0300][418.666s][debug][gc] GC(2803) Shrinking ParOldGen from 166400K by 19456K to 146944K
[2020-08-08T13:11:58.452+0300][418.666s][info ][gc] GC(2803) Pause Full (Ergonomics) 156M->22M(257M) 15.111ms
[2020-08-08T13:11:58.636+0300][418.851s][info ][gc] GC(2804) Pause Young (Allocation Failure) 79M->79M(257M) 174.171ms
[2020-08-08T13:11:58.983+0300][419.198s][info ][gc] GC(2805) Pause Young (Allocation Failure) 137M->136M(257M) 337.197ms
[2020-08-08T13:11:58.989+0300][419.204s][debug][gc] GC(2806) Shrinking ParOldGen from 146944K by 20480K to 126464K
[2020-08-08T13:11:58.989+0300][419.204s][info ][gc] GC(2806) Pause Full (Ergonomics) 136M->2M(237M) 6.193ms
[2020-08-08T13:11:59.038+0300][419.253s][info ][gc] GC(2807) Pause Young (Allocation Failure) 60M->59M(237M) 38.232ms
[2020-08-08T13:11:59.148+0300][419.363s][info ][gc] GC(2808) Pause Young (Allocation Failure) 117M->117M(237M) 99.831ms
[2020-08-08T13:11:59.452+0300][419.667s][debug][gc] GC(2809) Expanding ParOldGen from 126464K by 117248K to 243712K
[2020-08-08T13:11:59.452+0300][419.667s][info ][gc] GC(2809) Pause Full (Ergonomics) 117M->117M(352M) 303.313ms
[2020-08-08T13:11:59.509+0300][419.724s][info ][gc] GC(2810) Pause Young (Allocation Failure) 174M->174M(352M) 46.051ms
[2020-08-08T13:11:59.612+0300][419.827s][info ][gc] GC(2811) Pause Young (Allocation Failure) 231M->232M(352M) 89.729ms
[2020-08-08T13:11:59.855+0300][420.070s][debug][gc] GC(2812) Shrinking ParOldGen from 243712K by 18944K to 224768K
[2020-08-08T13:11:59.855+0300][420.070s][info ][gc] GC(2812) Pause Full (Ergonomics) 232M->98M(333M) 243.060ms
[2020-08-08T13:11:59.977+0300][420.192s][info ][gc] GC(2813) Pause Young (Allocation Failure) 155M->155M(333M) 112.173ms
[2020-08-08T13:12:00.067+0300][420.282s][info ][gc] GC(2814) Pause Young (Allocation Failure) 213M->213M(333M) 78.117ms
[2020-08-08T13:12:00.251+0300][420.466s][debug][gc] GC(2815) Shrinking ParOldGen from 224768K by 19456K to 205312K
[2020-08-08T13:12:00.251+0300][420.466s][info ][gc] GC(2815) Pause Full (Ergonomics) 213M->79M(314M) 183.928ms
[2020-08-08T13:12:00.430+0300][420.645s][info ][gc] GC(2816) Pause Young (Allocation Failure) 135M->135M(314M) 169.158ms
[2020-08-08T13:12:00.557+0300][420.772s][info ][gc] GC(2817) Pause Young (Allocation Failure) 193M->193M(314M) 117.398ms
[2020-08-08T13:12:00.682+0300][420.897s][debug][gc] GC(2818) Shrinking ParOldGen from 205312K by 19968K to 185344K
[2020-08-08T13:12:00.682+0300][420.897s][info ][gc] GC(2818) Pause Full (Ergonomics) 193M->59M(295M) 124.367ms
[2020-08-08T13:12:00.867+0300][421.082s][info ][gc] GC(2819) Pause Young (Allocation Failure) 117M->117M(295M) 174.818ms
[2020-08-08T13:12:01.069+0300][421.284s][info ][gc] GC(2820) Pause Young (Allocation Failure) 174M->175M(295M) 194.725ms
[2020-08-08T13:12:01.137+0300][421.352s][debug][gc] GC(2821) Shrinking ParOldGen from 185344K by 18944K to 166400K
[2020-08-08T13:12:01.137+0300][421.352s][info ][gc] GC(2821) Pause Full (Ergonomics) 175M->41M(276M) 68.716ms
[2020-08-08T13:12:01.320+0300][421.535s][info ][gc] GC(2822) Pause Young (Allocation Failure) 98M->98M(276M) 169.443ms
[2020-08-08T13:12:01.596+0300][421.811s][info ][gc] GC(2823) Pause Young (Allocation Failure) 156M->156M(276M) 268.383ms
[2020-08-08T13:12:01.611+0300][421.826s][debug][gc] GC(2824) Shrinking ParOldGen from 166400K by 19456K to 146944K
[2020-08-08T13:12:01.611+0300][421.826s][info ][gc] GC(2824) Pause Full (Ergonomics) 156M->22M(257M) 15.310ms
[2020-08-08T13:12:01.798+0300][422.013s][info ][gc] GC(2825) Pause Young (Allocation Failure) 80M->79M(257M) 174.574ms
[2020-08-08T13:12:02.132+0300][422.347s][info ][gc] GC(2826) Pause Young (Allocation Failure) 137M->136M(257M) 323.787ms
[2020-08-08T13:12:02.138+0300][422.353s][debug][gc] GC(2827) Shrinking ParOldGen from 146944K by 20480K to 126464K
[2020-08-08T13:12:02.138+0300][422.353s][info ][gc] GC(2827) Pause Full (Ergonomics) 136M->2M(237M) 6.157ms
[2020-08-08T13:12:02.186+0300][422.401s][info ][gc] GC(2828) Pause Young (Allocation Failure) 60M->59M(237M) 36.069ms
[2020-08-08T13:12:02.295+0300][422.510s][info ][gc] GC(2829) Pause Young (Allocation Failure) 117M->117M(237M) 98.085ms
[2020-08-08T13:12:02.603+0300][422.818s][debug][gc] GC(2830) Expanding ParOldGen from 126464K by 117248K to 243712K
[2020-08-08T13:12:02.603+0300][422.818s][info ][gc] GC(2830) Pause Full (Ergonomics) 117M->117M(352M) 308.713ms
[2020-08-08T13:12:02.659+0300][422.874s][info ][gc] GC(2831) Pause Young (Allocation Failure) 174M->174M(352M) 44.990ms
[2020-08-08T13:12:02.760+0300][422.975s][info ][gc] GC(2832) Pause Young (Allocation Failure) 231M->231M(352M) 90.313ms
[2020-08-08T13:12:03.002+0300][423.217s][debug][gc] GC(2833) Shrinking ParOldGen from 243712K by 18944K to 224768K
[2020-08-08T13:12:03.002+0300][423.217s][info ][gc] GC(2833) Pause Full (Ergonomics) 231M->98M(333M) 241.911ms
[2020-08-08T13:12:03.125+0300][423.340s][info ][gc] GC(2834) Pause Young (Allocation Failure) 155M->155M(333M) 114.301ms
[2020-08-08T13:12:03.224+0300][423.439s][info ][gc] GC(2835) Pause Young (Allocation Failure) 213M->213M(333M) 87.569ms
[2020-08-08T13:12:03.408+0300][423.623s][debug][gc] GC(2836) Shrinking ParOldGen from 224768K by 19456K to 205312K
[2020-08-08T13:12:03.408+0300][423.623s][info ][gc] GC(2836) Pause Full (Ergonomics) 213M->79M(314M) 183.762ms
[2020-08-08T13:12:03.580+0300][423.795s][info ][gc] GC(2837) Pause Young (Allocation Failure) 135M->135M(314M) 161.550ms
[2020-08-08T13:12:03.702+0300][423.917s][info ][gc] GC(2838) Pause Young (Allocation Failure) 193M->193M(314M) 113.933ms
[2020-08-08T13:12:03.832+0300][424.047s][debug][gc] GC(2839) Shrinking ParOldGen from 205312K by 19968K to 185344K
[2020-08-08T13:12:03.832+0300][424.047s][info ][gc] GC(2839) Pause Full (Ergonomics) 193M->59M(295M) 129.979ms
[2020-08-08T13:12:04.018+0300][424.233s][info ][gc] GC(2840) Pause Young (Allocation Failure) 117M->117M(295M) 176.016ms
[2020-08-08T13:12:04.229+0300][424.444s][info ][gc] GC(2841) Pause Young (Allocation Failure) 174M->175M(295M) 203.943ms
[2020-08-08T13:12:04.299+0300][424.514s][debug][gc] GC(2842) Shrinking ParOldGen from 185344K by 18944K to 166400K
[2020-08-08T13:12:04.299+0300][424.514s][info ][gc] GC(2842) Pause Full (Ergonomics) 175M->41M(276M) 69.536ms
[2020-08-08T13:12:04.481+0300][424.696s][info ][gc] GC(2843) Pause Young (Allocation Failure) 98M->98M(276M) 168.397ms
[2020-08-08T13:12:04.755+0300][424.970s][info ][gc] GC(2844) Pause Young (Allocation Failure) 156M->156M(276M) 265.699ms
[2020-08-08T13:12:04.770+0300][424.985s][debug][gc] GC(2845) Shrinking ParOldGen from 166400K by 18944K to 147456K
[2020-08-08T13:12:04.770+0300][424.985s][info ][gc] GC(2845) Pause Full (Ergonomics) 156M->22M(258M) 15.029ms
[2020-08-08T13:12:04.954+0300][425.169s][info ][gc] GC(2846) Pause Young (Allocation Failure) 80M->79M(258M) 172.337ms
[2020-08-08T13:12:05.290+0300][425.505s][info ][gc] GC(2847) Pause Young (Allocation Failure) 137M->136M(258M) 327.518ms
[2020-08-08T13:12:05.296+0300][425.511s][debug][gc] GC(2848) Shrinking ParOldGen from 147456K by 20992K to 126464K
[2020-08-08T13:12:05.296+0300][425.511s][info ][gc] GC(2848) Pause Full (Ergonomics) 136M->2M(237M) 6.045ms
[2020-08-08T13:12:05.345+0300][425.560s][info ][gc] GC(2849) Pause Young (Allocation Failure) 60M->59M(237M) 38.129ms
[2020-08-08T13:12:05.453+0300][425.668s][info ][gc] GC(2850) Pause Young (Allocation Failure) 117M->117M(237M) 97.641ms
[2020-08-08T13:12:05.744+0300][425.959s][debug][gc] GC(2851) Expanding ParOldGen from 126464K by 117248K to 243712K
[2020-08-08T13:12:05.744+0300][425.959s][info ][gc] GC(2851) Pause Full (Ergonomics) 117M->117M(352M) 290.701ms
[2020-08-08T13:12:05.796+0300][426.011s][info ][gc] GC(2852) Pause Young (Allocation Failure) 174M->174M(352M) 42.403ms
[2020-08-08T13:12:05.894+0300][426.109s][info ][gc] GC(2853) Pause Young (Allocation Failure) 231M->231M(352M) 88.753ms
[2020-08-08T13:12:06.136+0300][426.351s][debug][gc] GC(2854) Shrinking ParOldGen from 243712K by 18944K to 224768K
[2020-08-08T13:12:06.136+0300][426.351s][info ][gc] GC(2854) Pause Full (Ergonomics) 231M->98M(333M) 241.572ms
[2020-08-08T13:12:06.246+0300][426.461s][info ][gc] GC(2855) Pause Young (Allocation Failure) 155M->155M(333M) 102.180ms
[2020-08-08T13:12:06.336+0300][426.551s][info ][gc] GC(2856) Pause Young (Allocation Failure) 213M->213M(333M) 78.292ms
[2020-08-08T13:12:06.521+0300][426.736s][debug][gc] GC(2857) Shrinking ParOldGen from 224768K by 19456K to 205312K
[2020-08-08T13:12:06.521+0300][426.736s][info ][gc] GC(2857) Pause Full (Ergonomics) 213M->79M(314M) 185.065ms
[2020-08-08T13:12:06.701+0300][426.916s][info ][gc] GC(2858) Pause Young (Allocation Failure) 135M->135M(314M) 171.030ms
[2020-08-08T13:12:06.816+0300][427.031s][info ][gc] GC(2859) Pause Young (Allocation Failure) 193M->193M(314M) 106.175ms
[2020-08-08T13:12:06.940+0300][427.155s][debug][gc] GC(2860) Shrinking ParOldGen from 205312K by 19968K to 185344K
[2020-08-08T13:12:06.940+0300][427.155s][info ][gc] GC(2860) Pause Full (Ergonomics) 193M->59M(295M) 123.861ms
[2020-08-08T13:12:07.128+0300][427.343s][info ][gc] GC(2861) Pause Young (Allocation Failure) 117M->117M(295M) 177.233ms
[2020-08-08T13:12:07.332+0300][427.546s][info ][gc] GC(2862) Pause Young (Allocation Failure) 174M->175M(295M) 195.405ms
[2020-08-08T13:12:07.401+0300][427.616s][debug][gc] GC(2863) Shrinking ParOldGen from 185344K by 18944K to 166400K
[2020-08-08T13:12:07.401+0300][427.616s][info ][gc] GC(2863) Pause Full (Ergonomics) 175M->41M(276M) 69.313ms
[2020-08-08T13:12:07.581+0300][427.796s][info ][gc] GC(2864) Pause Young (Allocation Failure) 98M->98M(276M) 167.537ms
[2020-08-08T13:12:07.859+0300][428.074s][info ][gc] GC(2865) Pause Young (Allocation Failure) 156M->156M(276M) 269.682ms
[2020-08-08T13:12:07.874+0300][428.089s][debug][gc] GC(2866) Shrinking ParOldGen from 166400K by 19456K to 146944K
[2020-08-08T13:12:07.874+0300][428.089s][info ][gc] GC(2866) Pause Full (Ergonomics) 156M->22M(257M) 15.060ms
[2020-08-08T13:12:08.055+0300][428.270s][info ][gc] GC(2867) Pause Young (Allocation Failure) 79M->79M(257M) 169.076ms
[2020-08-08T13:12:08.389+0300][428.604s][info ][gc] GC(2868) Pause Young (Allocation Failure) 137M->136M(257M) 324.867ms
[2020-08-08T13:12:08.395+0300][428.610s][debug][gc] GC(2869) Shrinking ParOldGen from 146944K by 20480K to 126464K
[2020-08-08T13:12:08.395+0300][428.610s][info ][gc] GC(2869) Pause Full (Ergonomics) 136M->2M(237M) 5.914ms
[2020-08-08T13:12:08.442+0300][428.657s][info ][gc] GC(2870) Pause Young (Allocation Failure) 60M->59M(237M) 36.065ms
[2020-08-08T13:12:08.549+0300][428.764s][info ][gc] GC(2871) Pause Young (Allocation Failure) 117M->117M(237M) 97.225ms
[2020-08-08T13:12:08.860+0300][429.075s][debug][gc] GC(2872) Expanding ParOldGen from 126464K by 117248K to 243712K
[2020-08-08T13:12:08.860+0300][429.075s][info ][gc] GC(2872) Pause Full (Ergonomics) 117M->117M(352M) 311.186ms
[2020-08-08T13:12:08.911+0300][429.126s][info ][gc] GC(2873) Pause Young (Allocation Failure) 174M->174M(352M) 41.205ms
[2020-08-08T13:12:09.012+0300][429.227s][info ][gc] GC(2874) Pause Young (Allocation Failure) 231M->231M(352M) 89.704ms
[2020-08-08T13:12:09.254+0300][429.469s][debug][gc] GC(2875) Shrinking ParOldGen from 243712K by 18944K to 224768K
[2020-08-08T13:12:09.254+0300][429.469s][info ][gc] GC(2875) Pause Full (Ergonomics) 231M->98M(333M) 241.843ms
[2020-08-08T13:12:09.372+0300][429.587s][info ][gc] GC(2876) Pause Young (Allocation Failure) 155M->155M(333M) 110.356ms
[2020-08-08T13:12:09.462+0300][429.677s][info ][gc] GC(2877) Pause Young (Allocation Failure) 213M->213M(333M) 78.874ms
[2020-08-08T13:12:09.645+0300][429.860s][debug][gc] GC(2878) Shrinking ParOldGen from 224768K by 19456K to 205312K
[2020-08-08T13:12:09.645+0300][429.860s][info ][gc] GC(2878) Pause Full (Ergonomics) 213M->79M(314M) 183.075ms
[2020-08-08T13:12:09.824+0300][430.039s][info ][gc] GC(2879) Pause Young (Allocation Failure) 135M->135M(314M) 167.878ms
[2020-08-08T13:12:09.949+0300][430.163s][info ][gc] GC(2880) Pause Young (Allocation Failure) 193M->193M(314M) 113.732ms
[2020-08-08T13:12:10.074+0300][430.289s][debug][gc] GC(2881) Shrinking ParOldGen from 205312K by 19968K to 185344K
[2020-08-08T13:12:10.074+0300][430.289s][info ][gc] GC(2881) Pause Full (Ergonomics) 193M->59M(295M) 125.032ms
[2020-08-08T13:12:10.261+0300][430.476s][info ][gc] GC(2882) Pause Young (Allocation Failure) 117M->117M(295M) 176.468ms
[2020-08-08T13:12:10.480+0300][430.695s][info ][gc] GC(2883) Pause Young (Allocation Failure) 174M->175M(295M) 209.206ms
[2020-08-08T13:12:10.552+0300][430.767s][debug][gc] GC(2884) Shrinking ParOldGen from 185344K by 18944K to 166400K
[2020-08-08T13:12:10.553+0300][430.767s][info ][gc] GC(2884) Pause Full (Ergonomics) 175M->41M(276M) 72.049ms
[2020-08-08T13:12:10.735+0300][430.950s][info ][gc] GC(2885) Pause Young (Allocation Failure) 98M->98M(276M) 167.028ms
[2020-08-08T13:12:11.011+0300][431.226s][info ][gc] GC(2886) Pause Young (Allocation Failure) 156M->156M(276M) 268.341ms
[2020-08-08T13:12:11.026+0300][431.241s][debug][gc] GC(2887) Shrinking ParOldGen from 166400K by 19456K to 146944K
[2020-08-08T13:12:11.026+0300][431.241s][info ][gc] GC(2887) Pause Full (Ergonomics) 156M->22M(257M) 15.325ms
[2020-08-08T13:12:11.208+0300][431.423s][info ][gc] GC(2888) Pause Young (Allocation Failure) 80M->79M(257M) 171.012ms
[2020-08-08T13:12:11.553+0300][431.768s][info ][gc] GC(2889) Pause Young (Allocation Failure) 137M->136M(257M) 336.061ms
[2020-08-08T13:12:11.559+0300][431.774s][debug][gc] GC(2890) Shrinking ParOldGen from 146944K by 20480K to 126464K
[2020-08-08T13:12:11.560+0300][431.774s][info ][gc] GC(2890) Pause Full (Ergonomics) 136M->2M(237M) 6.004ms
[2020-08-08T13:12:11.610+0300][431.825s][info ][gc] GC(2891) Pause Young (Allocation Failure) 60M->59M(237M) 37.017ms
[2020-08-08T13:12:11.718+0300][431.933s][info ][gc] GC(2892) Pause Young (Allocation Failure) 117M->117M(237M) 97.284ms
[2020-08-08T13:12:12.026+0300][432.241s][debug][gc] GC(2893) Expanding ParOldGen from 126464K by 117248K to 243712K
[2020-08-08T13:12:12.026+0300][432.241s][info ][gc] GC(2893) Pause Full (Ergonomics) 117M->117M(352M) 307.439ms
[2020-08-08T13:12:12.078+0300][432.293s][info ][gc] GC(2894) Pause Young (Allocation Failure) 174M->174M(352M) 42.596ms
[2020-08-08T13:12:12.177+0300][432.392s][info ][gc] GC(2895) Pause Young (Allocation Failure) 231M->231M(352M) 89.116ms
[2020-08-08T13:12:12.419+0300][432.634s][debug][gc] GC(2896) Shrinking ParOldGen from 243712K by 18944K to 224768K
[2020-08-08T13:12:12.419+0300][432.634s][info ][gc] GC(2896) Pause Full (Ergonomics) 231M->98M(333M) 242.167ms
[2020-08-08T13:12:12.541+0300][432.756s][info ][gc] GC(2897) Pause Young (Allocation Failure) 155M->155M(333M) 113.908ms
[2020-08-08T13:12:12.633+0300][432.848s][info ][gc] GC(2898) Pause Young (Allocation Failure) 213M->213M(333M) 78.584ms
[2020-08-08T13:12:12.818+0300][433.033s][debug][gc] GC(2899) Shrinking ParOldGen from 224768K by 19456K to 205312K
[2020-08-08T13:12:12.818+0300][433.033s][info ][gc] GC(2899) Pause Full (Ergonomics) 213M->79M(314M) 184.828ms
[2020-08-08T13:12:13.008+0300][433.223s][info ][gc] GC(2900) Pause Young (Allocation Failure) 135M->135M(314M) 180.929ms
[2020-08-08T13:12:13.140+0300][433.355s][info ][gc] GC(2901) Pause Young (Allocation Failure) 193M->193M(314M) 121.312ms
[2020-08-08T13:12:13.265+0300][433.480s][debug][gc] GC(2902) Shrinking ParOldGen from 205312K by 19968K to 185344K
[2020-08-08T13:12:13.265+0300][433.480s][info ][gc] GC(2902) Pause Full (Ergonomics) 193M->59M(295M) 125.549ms
[2020-08-08T13:12:13.451+0300][433.666s][info ][gc] GC(2903) Pause Young (Allocation Failure) 117M->117M(295M) 171.277ms
[2020-08-08T13:12:13.655+0300][433.870s][info ][gc] GC(2904) Pause Young (Allocation Failure) 174M->175M(295M) 197.309ms
[2020-08-08T13:12:13.727+0300][433.942s][debug][gc] GC(2905) Shrinking ParOldGen from 185344K by 18944K to 166400K
[2020-08-08T13:12:13.727+0300][433.942s][info ][gc] GC(2905) Pause Full (Ergonomics) 175M->41M(276M) 72.110ms
[2020-08-08T13:12:13.910+0300][434.125s][info ][gc] GC(2906) Pause Young (Allocation Failure) 98M->98M(276M) 168.888ms
[2020-08-08T13:12:14.190+0300][434.405s][info ][gc] GC(2907) Pause Young (Allocation Failure) 156M->156M(276M) 272.811ms
[2020-08-08T13:12:14.205+0300][434.420s][debug][gc] GC(2908) Shrinking ParOldGen from 166400K by 19456K to 146944K
[2020-08-08T13:12:14.205+0300][434.420s][info ][gc] GC(2908) Pause Full (Ergonomics) 156M->22M(257M) 14.596ms
[2020-08-08T13:12:14.385+0300][434.600s][info ][gc] GC(2909) Pause Young (Allocation Failure) 80M->79M(257M) 169.118ms
[2020-08-08T13:12:14.722+0300][434.937s][info ][gc] GC(2910) Pause Young (Allocation Failure) 137M->136M(257M) 328.256ms
[2020-08-08T13:12:14.728+0300][434.943s][debug][gc] GC(2911) Shrinking ParOldGen from 146944K by 20480K to 126464K
[2020-08-08T13:12:14.728+0300][434.943s][info ][gc] GC(2911) Pause Full (Ergonomics) 136M->2M(237M) 5.918ms
[2020-08-08T13:12:14.777+0300][434.992s][info ][gc] GC(2912) Pause Young (Allocation Failure) 60M->59M(237M) 37.383ms
[2020-08-08T13:12:14.885+0300][435.100s][info ][gc] GC(2913) Pause Young (Allocation Failure) 117M->117M(237M) 98.065ms
[2020-08-08T13:12:15.177+0300][435.392s][debug][gc] GC(2914) Expanding ParOldGen from 126464K by 117248K to 243712K
[2020-08-08T13:12:15.177+0300][435.392s][info ][gc] GC(2914) Pause Full (Ergonomics) 117M->117M(352M) 292.641ms
[2020-08-08T13:12:15.230+0300][435.445s][info ][gc] GC(2915) Pause Young (Allocation Failure) 174M->174M(352M) 42.653ms
[2020-08-08T13:12:15.330+0300][435.545s][info ][gc] GC(2916) Pause Young (Allocation Failure) 231M->232M(352M) 89.336ms
[2020-08-08T13:12:15.574+0300][435.789s][debug][gc] GC(2917) Shrinking ParOldGen from 243712K by 18944K to 224768K
[2020-08-08T13:12:15.574+0300][435.789s][info ][gc] GC(2917) Pause Full (Ergonomics) 232M->98M(333M) 243.373ms
[2020-08-08T13:12:15.687+0300][435.902s][info ][gc] GC(2918) Pause Young (Allocation Failure) 155M->155M(333M) 104.655ms
[2020-08-08T13:12:15.790+0300][436.004s][info ][gc] GC(2919) Pause Young (Allocation Failure) 213M->213M(333M) 89.453ms
[2020-08-08T13:12:15.973+0300][436.188s][debug][gc] GC(2920) Shrinking ParOldGen from 224768K by 19456K to 205312K
[2020-08-08T13:12:15.973+0300][436.188s][info ][gc] GC(2920) Pause Full (Ergonomics) 213M->79M(314M) 183.258ms
[2020-08-08T13:12:16.153+0300][436.368s][info ][gc] GC(2921) Pause Young (Allocation Failure) 135M->135M(314M) 170.195ms
[2020-08-08T13:12:16.273+0300][436.488s][info ][gc] GC(2922) Pause Young (Allocation Failure) 193M->193M(314M) 105.531ms
[2020-08-08T13:12:16.402+0300][436.617s][debug][gc] GC(2923) Shrinking ParOldGen from 205312K by 19968K to 185344K
[2020-08-08T13:12:16.402+0300][436.617s][info ][gc] GC(2923) Pause Full (Ergonomics) 193M->59M(295M) 129.242ms
[2020-08-08T13:12:16.593+0300][436.808s][info ][gc] GC(2924) Pause Young (Allocation Failure) 117M->117M(295M) 178.829ms
[2020-08-08T13:12:16.802+0300][437.017s][info ][gc] GC(2925) Pause Young (Allocation Failure) 174M->175M(295M) 200.845ms
[2020-08-08T13:12:16.873+0300][437.088s][debug][gc] GC(2926) Shrinking ParOldGen from 185344K by 18944K to 166400K
[2020-08-08T13:12:16.873+0300][437.088s][info ][gc] GC(2926) Pause Full (Ergonomics) 175M->41M(276M) 71.150ms
[2020-08-08T13:12:17.047+0300][437.262s][info ][gc] GC(2927) Pause Young (Allocation Failure) 98M->98M(276M) 162.952ms
[2020-08-08T13:12:17.332+0300][437.547s][info ][gc] GC(2928) Pause Young (Allocation Failure) 156M->156M(276M) 276.470ms
[2020-08-08T13:12:17.346+0300][437.561s][debug][gc] GC(2929) Shrinking ParOldGen from 166400K by 19456K to 146944K
[2020-08-08T13:12:17.346+0300][437.561s][info ][gc] GC(2929) Pause Full (Ergonomics) 156M->22M(257M) 14.708ms
[2020-08-08T13:12:17.520+0300][437.735s][info ][gc] GC(2930) Pause Young (Allocation Failure) 79M->79M(257M) 161.651ms
[2020-08-08T13:12:17.849+0300][438.064s][info ][gc] GC(2931) Pause Young (Allocation Failure) 137M->136M(257M) 320.733ms
[2020-08-08T13:12:17.855+0300][438.070s][debug][gc] GC(2932) Shrinking ParOldGen from 146944K by 20480K to 126464K
[2020-08-08T13:12:17.855+0300][438.070s][info ][gc] GC(2932) Pause Full (Ergonomics) 136M->2M(237M) 6.019ms
[2020-08-08T13:12:17.906+0300][438.121s][info ][gc] GC(2933) Pause Young (Allocation Failure) 60M->59M(237M) 38.550ms
[2020-08-08T13:12:18.019+0300][438.234s][info ][gc] GC(2934) Pause Young (Allocation Failure) 117M->117M(237M) 103.192ms
[2020-08-08T13:12:18.321+0300][438.536s][debug][gc] GC(2935) Expanding ParOldGen from 126464K by 117248K to 243712K
[2020-08-08T13:12:18.321+0300][438.536s][info ][gc] GC(2935) Pause Full (Ergonomics) 117M->117M(352M) 301.254ms
[2020-08-08T13:12:18.376+0300][438.591s][info ][gc] GC(2936) Pause Young (Allocation Failure) 174M->174M(352M) 47.623ms
[2020-08-08T13:12:18.476+0300][438.691s][info ][gc] GC(2937) Pause Young (Allocation Failure) 231M->231M(352M) 89.416ms
[2020-08-08T13:12:18.712+0300][438.927s][debug][gc] GC(2938) Shrinking ParOldGen from 243712K by 18944K to 224768K
[2020-08-08T13:12:18.712+0300][438.927s][info ][gc] GC(2938) Pause Full (Ergonomics) 231M->98M(333M) 235.791ms
[2020-08-08T13:12:18.826+0300][439.040s][info ][gc] GC(2939) Pause Young (Allocation Failure) 155M->155M(333M) 105.556ms
[2020-08-08T13:12:18.914+0300][439.129s][info ][gc] GC(2940) Pause Young (Allocation Failure) 213M->213M(333M) 76.721ms
[2020-08-08T13:12:19.097+0300][439.312s][debug][gc] GC(2941) Shrinking ParOldGen from 224768K by 19456K to 205312K
[2020-08-08T13:12:19.097+0300][439.312s][info ][gc] GC(2941) Pause Full (Ergonomics) 213M->79M(314M) 183.227ms
[2020-08-08T13:12:19.275+0300][439.490s][info ][gc] GC(2942) Pause Young (Allocation Failure) 135M->135M(314M) 168.343ms
[2020-08-08T13:12:19.386+0300][439.601s][info ][gc] GC(2943) Pause Young (Allocation Failure) 193M->193M(314M) 103.102ms
[2020-08-08T13:12:19.512+0300][439.727s][debug][gc] GC(2944) Shrinking ParOldGen from 205312K by 19968K to 185344K
[2020-08-08T13:12:19.512+0300][439.727s][info ][gc] GC(2944) Pause Full (Ergonomics) 193M->59M(295M) 125.795ms
[2020-08-08T13:12:19.695+0300][439.910s][info ][gc] GC(2945) Pause Young (Allocation Failure) 117M->117M(295M) 171.837ms
[2020-08-08T13:12:19.887+0300][440.102s][info ][gc] GC(2946) Pause Young (Allocation Failure) 174M->175M(295M) 183.820ms
[2020-08-08T13:12:19.958+0300][440.173s][debug][gc] GC(2947) Shrinking ParOldGen from 185344K by 18944K to 166400K
[2020-08-08T13:12:19.958+0300][440.173s][info ][gc] GC(2947) Pause Full (Ergonomics) 175M->41M(276M) 71.267ms
[2020-08-08T13:12:20.134+0300][440.349s][info ][gc] GC(2948) Pause Young (Allocation Failure) 98M->98M(276M) 162.188ms
[2020-08-08T13:12:20.404+0300][440.619s][info ][gc] GC(2949) Pause Young (Allocation Failure) 156M->156M(276M) 262.007ms
[2020-08-08T13:12:20.419+0300][440.634s][debug][gc] GC(2950) Shrinking ParOldGen from 166400K by 18944K to 147456K
[2020-08-08T13:12:20.419+0300][440.634s][info ][gc] GC(2950) Pause Full (Ergonomics) 156M->22M(258M) 14.512ms
[2020-08-08T13:12:20.602+0300][440.817s][info ][gc] GC(2951) Pause Young (Allocation Failure) 80M->79M(258M) 172.522ms
[2020-08-08T13:12:20.943+0300][441.158s][info ][gc] GC(2952) Pause Young (Allocation Failure) 137M->136M(258M) 328.816ms
[2020-08-08T13:12:20.949+0300][441.164s][debug][gc] GC(2953) Shrinking ParOldGen from 147456K by 20992K to 126464K
[2020-08-08T13:12:20.950+0300][441.165s][info ][gc] GC(2953) Pause Full (Ergonomics) 136M->2M(237M) 6.275ms
[2020-08-08T13:12:20.999+0300][441.214s][info ][gc] GC(2954) Pause Young (Allocation Failure) 60M->59M(237M) 37.960ms
[2020-08-08T13:12:21.107+0300][441.322s][info ][gc] GC(2955) Pause Young (Allocation Failure) 117M->117M(237M) 98.182ms
[2020-08-08T13:12:21.417+0300][441.632s][debug][gc] GC(2956) Expanding ParOldGen from 126464K by 117248K to 243712K
[2020-08-08T13:12:21.417+0300][441.632s][info ][gc] GC(2956) Pause Full (Ergonomics) 117M->117M(352M) 310.559ms
[2020-08-08T13:12:21.471+0300][441.686s][info ][gc] GC(2957) Pause Young (Allocation Failure) 174M->174M(352M) 44.693ms
[2020-08-08T13:12:21.571+0300][441.786s][info ][gc] GC(2958) Pause Young (Allocation Failure) 231M->231M(352M) 90.280ms
[2020-08-08T13:12:21.811+0300][442.026s][debug][gc] GC(2959) Shrinking ParOldGen from 243712K by 18944K to 224768K
[2020-08-08T13:12:21.811+0300][442.026s][info ][gc] GC(2959) Pause Full (Ergonomics) 231M->98M(333M) 240.042ms
[2020-08-08T13:12:21.932+0300][442.147s][info ][gc] GC(2960) Pause Young (Allocation Failure) 155M->155M(333M) 112.407ms
[2020-08-08T13:12:22.022+0300][442.237s][info ][gc] GC(2961) Pause Young (Allocation Failure) 213M->213M(333M) 78.415ms
[2020-08-08T13:12:22.201+0300][442.416s][debug][gc] GC(2962) Shrinking ParOldGen from 224768K by 19456K to 205312K
[2020-08-08T13:12:22.201+0300][442.416s][info ][gc] GC(2962) Pause Full (Ergonomics) 213M->79M(314M) 178.738ms
[2020-08-08T13:12:22.380+0300][442.595s][info ][gc] GC(2963) Pause Young (Allocation Failure) 135M->135M(314M) 169.695ms
[2020-08-08T13:12:22.514+0300][442.729s][info ][gc] GC(2964) Pause Young (Allocation Failure) 193M->193M(314M) 124.079ms
[2020-08-08T13:12:22.634+0300][442.849s][debug][gc] GC(2965) Shrinking ParOldGen from 205312K by 19968K to 185344K
[2020-08-08T13:12:22.634+0300][442.849s][info ][gc] GC(2965) Pause Full (Ergonomics) 193M->59M(295M) 119.890ms
[2020-08-08T13:12:22.822+0300][443.037s][info ][gc] GC(2966) Pause Young (Allocation Failure) 117M->117M(295M) 177.155ms
[2020-08-08T13:12:23.023+0300][443.238s][info ][gc] GC(2967) Pause Young (Allocation Failure) 174M->175M(295M) 193.837ms
[2020-08-08T13:12:23.089+0300][443.304s][debug][gc] GC(2968) Shrinking ParOldGen from 185344K by 18944K to 166400K
[2020-08-08T13:12:23.089+0300][443.304s][info ][gc] GC(2968) Pause Full (Ergonomics) 175M->41M(276M) 66.383ms
[2020-08-08T13:12:23.270+0300][443.485s][info ][gc] GC(2969) Pause Young (Allocation Failure) 98M->98M(276M) 167.740ms
[2020-08-08T13:12:23.537+0300][443.752s][info ][gc] GC(2970) Pause Young (Allocation Failure) 156M->156M(276M) 259.569ms
[2020-08-08T13:12:23.551+0300][443.766s][debug][gc] GC(2971) Shrinking ParOldGen from 166400K by 19456K to 146944K
[2020-08-08T13:12:23.551+0300][443.766s][info ][gc] GC(2971) Pause Full (Ergonomics) 156M->22M(257M) 14.704ms
[2020-08-08T13:12:23.734+0300][443.949s][info ][gc] GC(2972) Pause Young (Allocation Failure) 80M->79M(257M) 170.729ms
[2020-08-08T13:12:24.075+0300][444.290s][info ][gc] GC(2973) Pause Young (Allocation Failure) 137M->136M(257M) 331.177ms
[2020-08-08T13:12:24.080+0300][444.295s][debug][gc] GC(2974) Shrinking ParOldGen from 146944K by 20480K to 126464K
[2020-08-08T13:12:24.080+0300][444.295s][info ][gc] GC(2974) Pause Full (Ergonomics) 136M->2M(237M) 5.717ms
[2020-08-08T13:12:24.130+0300][444.345s][info ][gc] GC(2975) Pause Young (Allocation Failure) 60M->59M(237M) 39.197ms
[2020-08-08T13:12:24.242+0300][444.457s][info ][gc] GC(2976) Pause Young (Allocation Failure) 117M->117M(237M) 100.887ms
[2020-08-08T13:12:24.529+0300][444.744s][debug][gc] GC(2977) Expanding ParOldGen from 126464K by 117248K to 243712K
[2020-08-08T13:12:24.529+0300][444.744s][info ][gc] GC(2977) Pause Full (Ergonomics) 117M->117M(352M) 287.501ms
[2020-08-08T13:12:24.582+0300][444.797s][info ][gc] GC(2978) Pause Young (Allocation Failure) 174M->174M(352M) 42.837ms
[2020-08-08T13:12:24.683+0300][444.898s][info ][gc] GC(2979) Pause Young (Allocation Failure) 231M->232M(352M) 91.258ms
[2020-08-08T13:12:24.926+0300][445.141s][debug][gc] GC(2980) Shrinking ParOldGen from 243712K by 18944K to 224768K
[2020-08-08T13:12:24.926+0300][445.141s][info ][gc] GC(2980) Pause Full (Ergonomics) 232M->98M(333M) 243.285ms
[2020-08-08T13:12:25.041+0300][445.256s][info ][gc] GC(2981) Pause Young (Allocation Failure) 155M->155M(333M) 106.163ms
[2020-08-08T13:12:25.130+0300][445.345s][info ][gc] GC(2982) Pause Young (Allocation Failure) 213M->213M(333M) 75.907ms
[2020-08-08T13:12:25.303+0300][445.518s][debug][gc] GC(2983) Shrinking ParOldGen from 224768K by 19456K to 205312K
[2020-08-08T13:12:25.303+0300][445.518s][info ][gc] GC(2983) Pause Full (Ergonomics) 213M->79M(314M) 172.740ms
[2020-08-08T13:12:25.488+0300][445.703s][info ][gc] GC(2984) Pause Young (Allocation Failure) 135M->135M(314M) 174.786ms
[2020-08-08T13:12:25.606+0300][445.821s][info ][gc] GC(2985) Pause Young (Allocation Failure) 193M->193M(314M) 107.717ms
[2020-08-08T13:12:25.727+0300][445.942s][debug][gc] GC(2986) Shrinking ParOldGen from 205312K by 19968K to 185344K
[2020-08-08T13:12:25.727+0300][445.942s][info ][gc] GC(2986) Pause Full (Ergonomics) 193M->59M(295M) 121.466ms
[2020-08-08T13:12:25.917+0300][446.132s][info ][gc] GC(2987) Pause Young (Allocation Failure) 117M->117M(295M) 178.932ms
[2020-08-08T13:12:26.126+0300][446.341s][info ][gc] GC(2988) Pause Young (Allocation Failure) 174M->175M(295M) 200.457ms
[2020-08-08T13:12:26.193+0300][446.408s][debug][gc] GC(2989) Shrinking ParOldGen from 185344K by 18944K to 166400K
[2020-08-08T13:12:26.193+0300][446.408s][info ][gc] GC(2989) Pause Full (Ergonomics) 175M->41M(276M) 66.566ms
[2020-08-08T13:12:26.367+0300][446.582s][info ][gc] GC(2990) Pause Young (Allocation Failure) 98M->98M(276M) 162.339ms
[2020-08-08T13:12:26.647+0300][446.862s][info ][gc] GC(2991) Pause Young (Allocation Failure) 156M->156M(276M) 272.836ms
[2020-08-08T13:12:26.662+0300][446.877s][debug][gc] GC(2992) Shrinking ParOldGen from 166400K by 19456K to 146944K
[2020-08-08T13:12:26.662+0300][446.877s][info ][gc] GC(2992) Pause Full (Ergonomics) 156M->22M(257M) 14.974ms
[2020-08-08T13:12:26.845+0300][447.059s][info ][gc] GC(2993) Pause Young (Allocation Failure) 79M->79M(257M) 171.992ms
[2020-08-08T13:12:27.174+0300][447.388s][info ][gc] GC(2994) Pause Young (Allocation Failure) 135M->136M(257M) 318.873ms
[2020-08-08T13:12:27.179+0300][447.394s][debug][gc] GC(2995) Shrinking ParOldGen from 146944K by 20480K to 126464K
[2020-08-08T13:12:27.179+0300][447.394s][info ][gc] GC(2995) Pause Full (Ergonomics) 136M->2M(237M) 5.865ms
[2020-08-08T13:12:27.226+0300][447.441s][info ][gc] GC(2996) Pause Young (Allocation Failure) 60M->59M(237M) 35.758ms
[2020-08-08T13:12:27.341+0300][447.556s][info ][gc] GC(2997) Pause Young (Allocation Failure) 117M->117M(237M) 104.354ms
[2020-08-08T13:12:27.638+0300][447.853s][debug][gc] GC(2998) Expanding ParOldGen from 126464K by 117248K to 243712K
[2020-08-08T13:12:27.638+0300][447.853s][info ][gc] GC(2998) Pause Full (Ergonomics) 117M->117M(352M) 296.800ms
[2020-08-08T13:12:27.694+0300][447.909s][info ][gc] GC(2999) Pause Young (Allocation Failure) 174M->174M(352M) 45.493ms
[2020-08-08T13:12:27.797+0300][448.012s][info ][gc] GC(3000) Pause Young (Allocation Failure) 231M->232M(352M) 91.806ms
[2020-08-08T13:12:28.030+0300][448.245s][debug][gc] GC(3001) Shrinking ParOldGen from 243712K by 18944K to 224768K
[2020-08-08T13:12:28.030+0300][448.245s][info ][gc] GC(3001) Pause Full (Ergonomics) 232M->98M(333M) 232.874ms
[2020-08-08T13:12:28.147+0300][448.362s][info ][gc] GC(3002) Pause Young (Allocation Failure) 155M->155M(333M) 108.651ms
[2020-08-08T13:12:28.237+0300][448.452s][info ][gc] GC(3003) Pause Young (Allocation Failure) 213M->213M(333M) 77.965ms
[2020-08-08T13:12:28.416+0300][448.631s][debug][gc] GC(3004) Shrinking ParOldGen from 224768K by 19456K to 205312K
[2020-08-08T13:12:28.416+0300][448.631s][info ][gc] GC(3004) Pause Full (Ergonomics) 213M->79M(314M) 179.462ms
[2020-08-08T13:12:28.614+0300][448.829s][info ][gc] GC(3005) Pause Young (Allocation Failure) 135M->135M(314M) 184.343ms
[2020-08-08T13:12:28.754+0300][448.969s][info ][gc] GC(3006) Pause Young (Allocation Failure) 193M->193M(314M) 126.206ms
[2020-08-08T13:12:28.873+0300][449.088s][debug][gc] GC(3007) Shrinking ParOldGen from 205312K by 19968K to 185344K
[2020-08-08T13:12:28.873+0300][449.088s][info ][gc] GC(3007) Pause Full (Ergonomics) 193M->59M(295M) 118.870ms
[2020-08-08T13:12:29.057+0300][449.272s][info ][gc] GC(3008) Pause Young (Allocation Failure) 117M->117M(295M) 174.259ms
[2020-08-08T13:12:29.251+0300][449.466s][info ][gc] GC(3009) Pause Young (Allocation Failure) 174M->175M(295M) 184.165ms
[2020-08-08T13:12:29.318+0300][449.533s][debug][gc] GC(3010) Shrinking ParOldGen from 185344K by 18944K to 166400K
[2020-08-08T13:12:29.318+0300][449.533s][info ][gc] GC(3010) Pause Full (Ergonomics) 175M->41M(276M) 66.913ms
[2020-08-08T13:12:29.485+0300][449.700s][info ][gc] GC(3011) Pause Young (Allocation Failure) 98M->98M(276M) 155.522ms
[2020-08-08T13:12:29.760+0300][449.975s][info ][gc] GC(3012) Pause Young (Allocation Failure) 156M->156M(276M) 267.753ms
[2020-08-08T13:12:29.775+0300][449.990s][debug][gc] GC(3013) Shrinking ParOldGen from 166400K by 18944K to 147456K
[2020-08-08T13:12:29.776+0300][449.990s][info ][gc] GC(3013) Pause Full (Ergonomics) 156M->22M(258M) 15.407ms
[2020-08-08T13:12:29.955+0300][450.170s][info ][gc] GC(3014) Pause Young (Allocation Failure) 80M->80M(258M) 167.467ms
[2020-08-08T13:12:30.297+0300][450.512s][info ][gc] GC(3015) Pause Young (Allocation Failure) 136M->136M(258M) 332.654ms
[2020-08-08T13:12:30.303+0300][450.518s][debug][gc] GC(3016) Shrinking ParOldGen from 147456K by 20992K to 126464K
[2020-08-08T13:12:30.303+0300][450.518s][info ][gc] GC(3016) Pause Full (Ergonomics) 136M->2M(237M) 6.159ms
[2020-08-08T13:12:30.352+0300][450.567s][info ][gc] GC(3017) Pause Young (Allocation Failure) 60M->59M(237M) 37.571ms
[2020-08-08T13:12:30.457+0300][450.672s][info ][gc] GC(3018) Pause Young (Allocation Failure) 117M->117M(237M) 95.717ms
[2020-08-08T13:12:30.745+0300][450.960s][debug][gc] GC(3019) Expanding ParOldGen from 126464K by 117248K to 243712K
[2020-08-08T13:12:30.745+0300][450.960s][info ][gc] GC(3019) Pause Full (Ergonomics) 117M->117M(352M) 287.886ms
[2020-08-08T13:12:30.799+0300][451.014s][info ][gc] GC(3020) Pause Young (Allocation Failure) 174M->174M(352M) 45.016ms
[2020-08-08T13:12:30.899+0300][451.114s][info ][gc] GC(3021) Pause Young (Allocation Failure) 231M->232M(352M) 89.732ms
[2020-08-08T13:12:31.131+0300][451.346s][debug][gc] GC(3022) Shrinking ParOldGen from 243712K by 18944K to 224768K
[2020-08-08T13:12:31.131+0300][451.346s][info ][gc] GC(3022) Pause Full (Ergonomics) 232M->98M(333M) 231.632ms
[2020-08-08T13:12:31.248+0300][451.463s][info ][gc] GC(3023) Pause Young (Allocation Failure) 155M->155M(333M) 109.224ms
[2020-08-08T13:12:31.337+0300][451.552s][info ][gc] GC(3024) Pause Young (Allocation Failure) 213M->213M(333M) 78.155ms
[2020-08-08T13:12:31.509+0300][451.724s][debug][gc] GC(3025) Shrinking ParOldGen from 224768K by 19456K to 205312K
[2020-08-08T13:12:31.509+0300][451.724s][info ][gc] GC(3025) Pause Full (Ergonomics) 213M->79M(314M) 172.042ms
[2020-08-08T13:12:31.685+0300][451.899s][info ][gc] GC(3026) Pause Young (Allocation Failure) 135M->135M(314M) 164.995ms
[2020-08-08T13:12:31.811+0300][452.026s][info ][gc] GC(3027) Pause Young (Allocation Failure) 193M->193M(314M) 118.556ms
[2020-08-08T13:12:31.932+0300][452.147s][debug][gc] GC(3028) Shrinking ParOldGen from 205312K by 19968K to 185344K
[2020-08-08T13:12:31.932+0300][452.147s][info ][gc] GC(3028) Pause Full (Ergonomics) 193M->59M(295M) 121.398ms
[2020-08-08T13:12:32.105+0300][452.320s][info ][gc] GC(3029) Pause Young (Allocation Failure) 117M->117M(295M) 162.365ms
[2020-08-08T13:12:32.296+0300][452.511s][info ][gc] GC(3030) Pause Young (Allocation Failure) 174M->175M(295M) 182.205ms
[2020-08-08T13:12:32.363+0300][452.578s][debug][gc] GC(3031) Shrinking ParOldGen from 185344K by 18944K to 166400K
[2020-08-08T13:12:32.363+0300][452.578s][info ][gc] GC(3031) Pause Full (Ergonomics) 175M->41M(276M) 67.341ms
[2020-08-08T13:12:32.539+0300][452.754s][info ][gc] GC(3032) Pause Young (Allocation Failure) 98M->98M(276M) 164.187ms
[2020-08-08T13:12:32.818+0300][453.033s][info ][gc] GC(3033) Pause Young (Allocation Failure) 156M->156M(276M) 271.462ms
[2020-08-08T13:12:32.833+0300][453.048s][debug][gc] GC(3034) Shrinking ParOldGen from 166400K by 18944K to 147456K
[2020-08-08T13:12:32.833+0300][453.048s][info ][gc] GC(3034) Pause Full (Ergonomics) 156M->22M(258M) 14.622ms
[2020-08-08T13:12:33.028+0300][453.243s][info ][gc] GC(3035) Pause Young (Allocation Failure) 80M->79M(258M) 181.372ms
[2020-08-08T13:12:33.345+0300][453.559s][info ][gc] GC(3036) Pause Young (Allocation Failure) 136M->136M(258M) 306.903ms
[2020-08-08T13:12:33.351+0300][453.566s][debug][gc] GC(3037) Shrinking ParOldGen from 147456K by 20992K to 126464K
[2020-08-08T13:12:33.351+0300][453.566s][info ][gc] GC(3037) Pause Full (Ergonomics) 136M->2M(237M) 6.252ms
[2020-08-08T13:12:33.404+0300][453.619s][info ][gc] GC(3038) Pause Young (Allocation Failure) 60M->59M(237M) 40.501ms
[2020-08-08T13:12:33.515+0300][453.730s][info ][gc] GC(3039) Pause Young (Allocation Failure) 117M->117M(237M) 100.770ms
[2020-08-08T13:12:33.804+0300][454.019s][debug][gc] GC(3040) Expanding ParOldGen from 126464K by 117248K to 243712K
[2020-08-08T13:12:33.804+0300][454.019s][info ][gc] GC(3040) Pause Full (Ergonomics) 117M->117M(352M) 288.745ms
[2020-08-08T13:12:33.858+0300][454.073s][info ][gc] GC(3041) Pause Young (Allocation Failure) 174M->174M(352M) 43.742ms
[2020-08-08T13:12:33.958+0300][454.173s][info ][gc] GC(3042) Pause Young (Allocation Failure) 231M->231M(352M) 90.031ms
[2020-08-08T13:12:34.186+0300][454.401s][debug][gc] GC(3043) Shrinking ParOldGen from 243712K by 18944K to 224768K
[2020-08-08T13:12:34.186+0300][454.401s][info ][gc] GC(3043) Pause Full (Ergonomics) 231M->98M(333M) 228.482ms
[2020-08-08T13:12:34.287+0300][454.502s][info ][gc] GC(3044) Pause Young (Allocation Failure) 155M->155M(333M) 91.524ms
[2020-08-08T13:12:34.393+0300][454.608s][info ][gc] GC(3045) Pause Young (Allocation Failure) 213M->213M(333M) 89.713ms
[2020-08-08T13:12:34.567+0300][454.782s][debug][gc] GC(3046) Shrinking ParOldGen from 224768K by 19456K to 205312K
[2020-08-08T13:12:34.567+0300][454.782s][info ][gc] GC(3046) Pause Full (Ergonomics) 213M->79M(314M) 173.579ms
[2020-08-08T13:12:34.744+0300][454.959s][info ][gc] GC(3047) Pause Young (Allocation Failure) 135M->135M(314M) 167.502ms
[2020-08-08T13:12:34.865+0300][455.080s][info ][gc] GC(3048) Pause Young (Allocation Failure) 193M->193M(314M) 112.070ms
[2020-08-08T13:12:34.985+0300][455.200s][debug][gc] GC(3049) Shrinking ParOldGen from 205312K by 19968K to 185344K
[2020-08-08T13:12:34.985+0300][455.200s][info ][gc] GC(3049) Pause Full (Ergonomics) 193M->59M(295M) 120.055ms
[2020-08-08T13:12:35.165+0300][455.380s][info ][gc] GC(3050) Pause Young (Allocation Failure) 117M->117M(295M) 170.032ms
[2020-08-08T13:12:35.376+0300][455.591s][info ][gc] GC(3051) Pause Young (Allocation Failure) 174M->175M(295M) 202.299ms
[2020-08-08T13:12:35.442+0300][455.657s][debug][gc] GC(3052) Shrinking ParOldGen from 185344K by 18944K to 166400K
[2020-08-08T13:12:35.442+0300][455.657s][info ][gc] GC(3052) Pause Full (Ergonomics) 175M->41M(276M) 65.979ms
[2020-08-08T13:12:35.625+0300][455.840s][info ][gc] GC(3053) Pause Young (Allocation Failure) 98M->98M(276M) 170.868ms
[2020-08-08T13:12:35.911+0300][456.126s][info ][gc] GC(3054) Pause Young (Allocation Failure) 156M->156M(276M) 277.447ms
[2020-08-08T13:12:35.926+0300][456.141s][debug][gc] GC(3055) Shrinking ParOldGen from 166400K by 19456K to 146944K
[2020-08-08T13:12:35.926+0300][456.141s][info ][gc] GC(3055) Pause Full (Ergonomics) 156M->22M(257M) 14.709ms
[2020-08-08T13:12:36.105+0300][456.320s][info ][gc] GC(3056) Pause Young (Allocation Failure) 79M->79M(257M) 167.805ms
[2020-08-08T13:12:36.447+0300][456.662s][info ][gc] GC(3057) Pause Young (Allocation Failure) 135M->136M(257M) 332.298ms
[2020-08-08T13:12:36.454+0300][456.669s][debug][gc] GC(3058) Shrinking ParOldGen from 146944K by 20480K to 126464K
[2020-08-08T13:12:36.454+0300][456.669s][info ][gc] GC(3058) Pause Full (Ergonomics) 136M->2M(237M) 6.463ms
[2020-08-08T13:12:36.503+0300][456.718s][info ][gc] GC(3059) Pause Young (Allocation Failure) 60M->59M(237M) 37.850ms
[2020-08-08T13:12:36.608+0300][456.823s][info ][gc] GC(3060) Pause Young (Allocation Failure) 117M->117M(237M) 95.737ms
[2020-08-08T13:12:36.897+0300][457.112s][debug][gc] GC(3061) Expanding ParOldGen from 126464K by 117248K to 243712K
[2020-08-08T13:12:36.897+0300][457.112s][info ][gc] GC(3061) Pause Full (Ergonomics) 117M->117M(352M) 289.313ms
[2020-08-08T13:12:36.949+0300][457.164s][info ][gc] GC(3062) Pause Young (Allocation Failure) 174M->174M(352M) 43.272ms
[2020-08-08T13:12:37.050+0300][457.265s][info ][gc] GC(3063) Pause Young (Allocation Failure) 231M->232M(352M) 90.084ms
[2020-08-08T13:12:37.277+0300][457.492s][debug][gc] GC(3064) Shrinking ParOldGen from 243712K by 18944K to 224768K
[2020-08-08T13:12:37.277+0300][457.492s][info ][gc] GC(3064) Pause Full (Ergonomics) 232M->98M(333M) 227.147ms
[2020-08-08T13:12:37.399+0300][457.614s][info ][gc] GC(3065) Pause Young (Allocation Failure) 155M->155M(333M) 114.041ms
[2020-08-08T13:12:37.494+0300][457.709s][info ][gc] GC(3066) Pause Young (Allocation Failure) 213M->213M(333M) 80.125ms
[2020-08-08T13:12:37.668+0300][457.882s][debug][gc] GC(3067) Shrinking ParOldGen from 224768K by 19456K to 205312K
[2020-08-08T13:12:37.668+0300][457.883s][info ][gc] GC(3067) Pause Full (Ergonomics) 213M->79M(314M) 173.928ms
[2020-08-08T13:12:37.850+0300][458.065s][info ][gc] GC(3068) Pause Young (Allocation Failure) 135M->135M(314M) 172.313ms
[2020-08-08T13:12:37.967+0300][458.182s][info ][gc] GC(3069) Pause Young (Allocation Failure) 193M->193M(314M) 107.831ms
[2020-08-08T13:12:38.085+0300][458.300s][debug][gc] GC(3070) Shrinking ParOldGen from 205312K by 19968K to 185344K
[2020-08-08T13:12:38.085+0300][458.300s][info ][gc] GC(3070) Pause Full (Ergonomics) 193M->59M(295M) 117.892ms
[2020-08-08T13:12:38.274+0300][458.489s][info ][gc] GC(3071) Pause Young (Allocation Failure) 117M->117M(295M) 178.251ms
[2020-08-08T13:12:38.482+0300][458.697s][info ][gc] GC(3072) Pause Young (Allocation Failure) 174M->175M(295M) 200.535ms
[2020-08-08T13:12:38.549+0300][458.763s][debug][gc] GC(3073) Shrinking ParOldGen from 185344K by 18944K to 166400K
[2020-08-08T13:12:38.549+0300][458.764s][info ][gc] GC(3073) Pause Full (Ergonomics) 175M->41M(276M) 66.329ms
[2020-08-08T13:12:38.721+0300][458.936s][info ][gc] GC(3074) Pause Young (Allocation Failure) 98M->98M(276M) 161.025ms
[2020-08-08T13:12:38.995+0300][459.210s][info ][gc] GC(3075) Pause Young (Allocation Failure) 156M->156M(276M) 266.577ms
[2020-08-08T13:12:39.012+0300][459.227s][debug][gc] GC(3076) Shrinking ParOldGen from 166400K by 18944K to 147456K
[2020-08-08T13:12:39.012+0300][459.227s][info ][gc] GC(3076) Pause Full (Ergonomics) 156M->22M(258M) 16.254ms
[2020-08-08T13:12:39.192+0300][459.407s][info ][gc] GC(3077) Pause Young (Allocation Failure) 80M->79M(258M) 166.964ms
[2020-08-08T13:12:39.520+0300][459.735s][info ][gc] GC(3078) Pause Young (Allocation Failure) 136M->136M(258M) 318.484ms
[2020-08-08T13:12:39.526+0300][459.741s][debug][gc] GC(3079) Shrinking ParOldGen from 147456K by 20992K to 126464K
[2020-08-08T13:12:39.526+0300][459.741s][info ][gc] GC(3079) Pause Full (Ergonomics) 136M->2M(237M) 5.770ms
[2020-08-08T13:12:39.573+0300][459.788s][info ][gc] GC(3080) Pause Young (Allocation Failure) 60M->59M(237M) 36.005ms
[2020-08-08T13:12:39.682+0300][459.897s][info ][gc] GC(3081) Pause Young (Allocation Failure) 117M->117M(237M) 97.933ms
[2020-08-08T13:12:39.989+0300][460.204s][debug][gc] GC(3082) Expanding ParOldGen from 126464K by 117248K to 243712K
[2020-08-08T13:12:39.989+0300][460.204s][info ][gc] GC(3082) Pause Full (Ergonomics) 117M->117M(352M) 307.249ms
[2020-08-08T13:12:40.046+0300][460.261s][info ][gc] GC(3083) Pause Young (Allocation Failure) 174M->174M(352M) 48.861ms
[2020-08-08T13:12:40.149+0300][460.364s][info ][gc] GC(3084) Pause Young (Allocation Failure) 231M->232M(352M) 90.814ms
[2020-08-08T13:12:40.380+0300][460.595s][debug][gc] GC(3085) Shrinking ParOldGen from 243712K by 18944K to 224768K
[2020-08-08T13:12:40.380+0300][460.595s][info ][gc] GC(3085) Pause Full (Ergonomics) 232M->98M(333M) 231.361ms
[2020-08-08T13:12:40.490+0300][460.705s][info ][gc] GC(3086) Pause Young (Allocation Failure) 155M->155M(333M) 100.314ms
[2020-08-08T13:12:40.582+0300][460.797s][info ][gc] GC(3087) Pause Young (Allocation Failure) 213M->213M(333M) 78.302ms
[2020-08-08T13:12:40.769+0300][460.984s][debug][gc] GC(3088) Shrinking ParOldGen from 224768K by 19456K to 205312K
[2020-08-08T13:12:40.769+0300][460.984s][info ][gc] GC(3088) Pause Full (Ergonomics) 213M->79M(314M) 186.406ms
[2020-08-08T13:12:40.946+0300][461.161s][info ][gc] GC(3089) Pause Young (Allocation Failure) 135M->135M(314M) 167.478ms
[2020-08-08T13:12:41.075+0300][461.290s][info ][gc] GC(3090) Pause Young (Allocation Failure) 193M->193M(314M) 120.580ms
[2020-08-08T13:12:41.197+0300][461.412s][debug][gc] GC(3091) Shrinking ParOldGen from 205312K by 19968K to 185344K
[2020-08-08T13:12:41.197+0300][461.412s][info ][gc] GC(3091) Pause Full (Ergonomics) 193M->59M(295M) 121.739ms
[2020-08-08T13:12:41.386+0300][461.601s][info ][gc] GC(3092) Pause Young (Allocation Failure) 117M->117M(295M) 176.912ms
[2020-08-08T13:12:41.578+0300][461.793s][info ][gc] GC(3093) Pause Young (Allocation Failure) 174M->175M(295M) 183.913ms
[2020-08-08T13:12:41.647+0300][461.862s][debug][gc] GC(3094) Shrinking ParOldGen from 185344K by 18944K to 166400K
[2020-08-08T13:12:41.647+0300][461.862s][info ][gc] GC(3094) Pause Full (Ergonomics) 175M->41M(276M) 68.993ms
[2020-08-08T13:12:41.823+0300][462.038s][info ][gc] GC(3095) Pause Young (Allocation Failure) 98M->98M(276M) 162.377ms
[2020-08-08T13:12:42.106+0300][462.321s][info ][gc] GC(3096) Pause Young (Allocation Failure) 156M->156M(276M) 273.354ms
[2020-08-08T13:12:42.120+0300][462.335s][debug][gc] GC(3097) Shrinking ParOldGen from 166400K by 18944K to 147456K
[2020-08-08T13:12:42.120+0300][462.335s][info ][gc] GC(3097) Pause Full (Ergonomics) 156M->22M(258M) 14.422ms
[2020-08-08T13:12:42.303+0300][462.518s][info ][gc] GC(3098) Pause Young (Allocation Failure) 80M->79M(258M) 172.870ms
[2020-08-08T13:12:42.643+0300][462.858s][info ][gc] GC(3099) Pause Young (Allocation Failure) 136M->136M(258M) 330.001ms
[2020-08-08T13:12:42.649+0300][462.864s][debug][gc] GC(3100) Shrinking ParOldGen from 147456K by 20992K to 126464K
[2020-08-08T13:12:42.649+0300][462.864s][info ][gc] GC(3100) Pause Full (Ergonomics) 136M->2M(237M) 6.034ms
[2020-08-08T13:12:42.700+0300][462.915s][info ][gc] GC(3101) Pause Young (Allocation Failure) 60M->59M(237M) 38.482ms
[2020-08-08T13:12:42.807+0300][463.022s][info ][gc] GC(3102) Pause Young (Allocation Failure) 117M->117M(237M) 96.863ms
[2020-08-08T13:12:43.116+0300][463.331s][debug][gc] GC(3103) Expanding ParOldGen from 126464K by 117248K to 243712K
[2020-08-08T13:12:43.116+0300][463.331s][info ][gc] GC(3103) Pause Full (Ergonomics) 117M->117M(352M) 308.801ms
[2020-08-08T13:12:43.169+0300][463.384s][info ][gc] GC(3104) Pause Young (Allocation Failure) 174M->174M(352M) 44.677ms
[2020-08-08T13:12:43.271+0300][463.486s][info ][gc] GC(3105) Pause Young (Allocation Failure) 231M->232M(352M) 92.501ms
[2020-08-08T13:12:43.499+0300][463.714s][debug][gc] GC(3106) Shrinking ParOldGen from 243712K by 18944K to 224768K
[2020-08-08T13:12:43.499+0300][463.714s][info ][gc] GC(3106) Pause Full (Ergonomics) 232M->98M(333M) 227.153ms
[2020-08-08T13:12:43.617+0300][463.832s][info ][gc] GC(3107) Pause Young (Allocation Failure) 155M->155M(333M) 110.850ms
[2020-08-08T13:12:43.709+0300][463.924s][info ][gc] GC(3108) Pause Young (Allocation Failure) 213M->213M(333M) 78.721ms
[2020-08-08T13:12:43.891+0300][464.106s][debug][gc] GC(3109) Shrinking ParOldGen from 224768K by 19456K to 205312K
[2020-08-08T13:12:43.891+0300][464.106s][info ][gc] GC(3109) Pause Full (Ergonomics) 213M->79M(314M) 182.347ms
[2020-08-08T13:12:44.060+0300][464.275s][info ][gc] GC(3110) Pause Young (Allocation Failure) 135M->135M(314M) 158.585ms
[2020-08-08T13:12:44.190+0300][464.404s][info ][gc] GC(3111) Pause Young (Allocation Failure) 193M->193M(314M) 117.790ms
[2020-08-08T13:12:44.312+0300][464.527s][debug][gc] GC(3112) Shrinking ParOldGen from 205312K by 19968K to 185344K
[2020-08-08T13:12:44.312+0300][464.527s][info ][gc] GC(3112) Pause Full (Ergonomics) 193M->59M(295M) 122.519ms
[2020-08-08T13:12:44.496+0300][464.711s][info ][gc] GC(3113) Pause Young (Allocation Failure) 117M->117M(295M) 172.154ms
[2020-08-08T13:12:44.706+0300][464.921s][info ][gc] GC(3114) Pause Young (Allocation Failure) 174M->175M(295M) 199.904ms
[2020-08-08T13:12:44.775+0300][464.990s][debug][gc] GC(3115) Shrinking ParOldGen from 185344K by 18944K to 166400K
[2020-08-08T13:12:44.775+0300][464.990s][info ][gc] GC(3115) Pause Full (Ergonomics) 175M->41M(276M) 69.465ms
[2020-08-08T13:12:44.955+0300][465.170s][info ][gc] GC(3116) Pause Young (Allocation Failure) 98M->98M(276M) 160.871ms
[2020-08-08T13:12:45.238+0300][465.453s][info ][gc] GC(3117) Pause Young (Allocation Failure) 156M->156M(276M) 273.120ms
[2020-08-08T13:12:45.257+0300][465.472s][debug][gc] GC(3118) Shrinking ParOldGen from 166400K by 19456K to 146944K
[2020-08-08T13:12:45.257+0300][465.472s][info ][gc] GC(3118) Pause Full (Ergonomics) 156M->22M(257M) 18.846ms
[2020-08-08T13:12:45.446+0300][465.661s][info ][gc] GC(3119) Pause Young (Allocation Failure) 79M->79M(257M) 170.639ms
[2020-08-08T13:12:45.803+0300][466.018s][info ][gc] GC(3120) Pause Young (Allocation Failure) 137M->136M(257M) 341.584ms
[2020-08-08T13:12:45.809+0300][466.024s][debug][gc] GC(3121) Shrinking ParOldGen from 146944K by 20480K to 126464K
[2020-08-08T13:12:45.809+0300][466.024s][info ][gc] GC(3121) Pause Full (Ergonomics) 136M->2M(237M) 6.518ms
[2020-08-08T13:12:45.864+0300][466.079s][info ][gc] GC(3122) Pause Young (Allocation Failure) 60M->59M(237M) 39.305ms
[2020-08-08T13:12:45.981+0300][466.196s][info ][gc] GC(3123) Pause Young (Allocation Failure) 117M->117M(237M) 98.404ms
[2020-08-08T13:12:46.279+0300][466.494s][debug][gc] GC(3124) Expanding ParOldGen from 126464K by 117248K to 243712K
[2020-08-08T13:12:46.279+0300][466.494s][info ][gc] GC(3124) Pause Full (Ergonomics) 117M->117M(352M) 298.031ms
[2020-08-08T13:12:46.333+0300][466.548s][info ][gc] GC(3125) Pause Young (Allocation Failure) 174M->174M(352M) 43.329ms
[2020-08-08T13:12:46.437+0300][466.652s][info ][gc] GC(3126) Pause Young (Allocation Failure) 231M->232M(352M) 91.119ms
[2020-08-08T13:12:46.682+0300][466.896s][debug][gc] GC(3127) Shrinking ParOldGen from 243712K by 18944K to 224768K
[2020-08-08T13:12:46.682+0300][466.896s][info ][gc] GC(3127) Pause Full (Ergonomics) 232M->98M(333M) 244.429ms
[2020-08-08T13:12:46.819+0300][467.033s][info ][gc] GC(3128) Pause Young (Allocation Failure) 155M->155M(333M) 121.888ms
[2020-08-08T13:12:46.916+0300][467.131s][info ][gc] GC(3129) Pause Young (Allocation Failure) 213M->213M(333M) 79.950ms
[2020-08-08T13:12:47.099+0300][467.313s][debug][gc] GC(3130) Shrinking ParOldGen from 224768K by 18944K to 205824K
[2020-08-08T13:12:47.099+0300][467.313s][info ][gc] GC(3130) Pause Full (Ergonomics) 213M->79M(315M) 182.483ms
[2020-08-08T13:12:47.279+0300][467.494s][info ][gc] GC(3131) Pause Young (Allocation Failure) 135M->135M(315M) 170.621ms
[2020-08-08T13:12:47.403+0300][467.617s][info ][gc] GC(3132) Pause Young (Allocation Failure) 193M->193M(315M) 113.066ms
[2020-08-08T13:12:47.521+0300][467.735s][debug][gc] GC(3133) Shrinking ParOldGen from 205824K by 20480K to 185344K
[2020-08-08T13:12:47.521+0300][467.735s][info ][gc] GC(3133) Pause Full (Ergonomics) 193M->59M(295M) 118.016ms
[2020-08-08T13:12:47.710+0300][467.924s][info ][gc] GC(3134) Pause Young (Allocation Failure) 117M->117M(295M) 178.453ms
[2020-08-08T13:12:47.925+0300][468.139s][info ][gc] GC(3135) Pause Young (Allocation Failure) 174M->175M(295M) 205.643ms
[2020-08-08T13:12:47.992+0300][468.206s][debug][gc] GC(3136) Shrinking ParOldGen from 185344K by 18944K to 166400K
[2020-08-08T13:12:47.992+0300][468.207s][info ][gc] GC(3136) Pause Full (Ergonomics) 175M->41M(276M) 67.279ms
[2020-08-08T13:12:48.185+0300][468.399s][info ][gc] GC(3137) Pause Young (Allocation Failure) 98M->98M(276M) 171.104ms
[2020-08-08T13:12:48.427+0300][468.641s][info ][gc] GC(3138) Pause Young (Allocation Failure) 156M->156M(276M) 229.426ms
[2020-08-08T13:12:48.441+0300][468.656s][debug][gc] GC(3139) Shrinking ParOldGen from 166400K by 18944K to 147456K
[2020-08-08T13:12:48.441+0300][468.656s][info ][gc] GC(3139) Pause Full (Ergonomics) 156M->22M(258M) 14.843ms
[2020-08-08T13:12:48.636+0300][468.851s][info ][gc] GC(3140) Pause Young (Allocation Failure) 80M->79M(258M) 178.333ms
[2020-08-08T13:12:48.974+0300][469.188s][info ][gc] GC(3141) Pause Young (Allocation Failure) 136M->136M(258M) 328.513ms
[2020-08-08T13:12:48.980+0300][469.194s][debug][gc] GC(3142) Shrinking ParOldGen from 147456K by 20992K to 126464K
[2020-08-08T13:12:48.980+0300][469.194s][info ][gc] GC(3142) Pause Full (Ergonomics) 136M->2M(237M) 5.948ms
[2020-08-08T13:12:49.028+0300][469.242s][info ][gc] GC(3143) Pause Young (Allocation Failure) 60M->59M(237M) 36.866ms
[2020-08-08T13:12:49.138+0300][469.352s][info ][gc] GC(3144) Pause Young (Allocation Failure) 117M->117M(237M) 97.798ms
[2020-08-08T13:12:49.434+0300][469.649s][debug][gc] GC(3145) Expanding ParOldGen from 126464K by 117248K to 243712K
[2020-08-08T13:12:49.434+0300][469.649s][info ][gc] GC(3145) Pause Full (Ergonomics) 117M->117M(352M) 296.507ms
[2020-08-08T13:12:49.487+0300][469.702s][info ][gc] GC(3146) Pause Young (Allocation Failure) 174M->174M(352M) 42.949ms
[2020-08-08T13:12:49.589+0300][469.803s][info ][gc] GC(3147) Pause Young (Allocation Failure) 231M->232M(352M) 91.599ms
[2020-08-08T13:12:49.825+0300][470.040s][debug][gc] GC(3148) Shrinking ParOldGen from 243712K by 18944K to 224768K
[2020-08-08T13:12:49.825+0300][470.040s][info ][gc] GC(3148) Pause Full (Ergonomics) 232M->98M(333M) 236.169ms
[2020-08-08T13:12:49.955+0300][470.169s][info ][gc] GC(3149) Pause Young (Allocation Failure) 155M->155M(333M) 118.690ms
[2020-08-08T13:12:50.047+0300][470.262s][info ][gc] GC(3150) Pause Young (Allocation Failure) 213M->213M(333M) 80.156ms
[2020-08-08T13:12:50.225+0300][470.439s][debug][gc] GC(3151) Shrinking ParOldGen from 224768K by 19456K to 205312K
[2020-08-08T13:12:50.225+0300][470.440s][info ][gc] GC(3151) Pause Full (Ergonomics) 213M->79M(314M) 177.411ms
[2020-08-08T13:12:50.402+0300][470.617s][info ][gc] GC(3152) Pause Young (Allocation Failure) 135M->135M(314M) 165.921ms
[2020-08-08T13:12:50.514+0300][470.729s][info ][gc] GC(3153) Pause Young (Allocation Failure) 193M->193M(314M) 101.995ms
[2020-08-08T13:12:50.638+0300][470.852s][debug][gc] GC(3154) Shrinking ParOldGen from 205312K by 19968K to 185344K
[2020-08-08T13:12:50.638+0300][470.852s][info ][gc] GC(3154) Pause Full (Ergonomics) 193M->59M(295M) 123.593ms
[2020-08-08T13:12:50.833+0300][471.048s][info ][gc] GC(3155) Pause Young (Allocation Failure) 117M->117M(295M) 182.073ms
[2020-08-08T13:12:51.042+0300][471.257s][info ][gc] GC(3156) Pause Young (Allocation Failure) 174M->175M(295M) 202.022ms
[2020-08-08T13:12:51.109+0300][471.324s][debug][gc] GC(3157) Shrinking ParOldGen from 185344K by 18944K to 166400K
[2020-08-08T13:12:51.109+0300][471.324s][info ][gc] GC(3157) Pause Full (Ergonomics) 175M->41M(276M) 66.535ms
[2020-08-08T13:12:51.286+0300][471.501s][info ][gc] GC(3158) Pause Young (Allocation Failure) 98M->98M(276M) 161.916ms
[2020-08-08T13:12:51.575+0300][471.790s][info ][gc] GC(3159) Pause Young (Allocation Failure) 156M->156M(276M) 281.641ms
[2020-08-08T13:12:51.590+0300][471.805s][debug][gc] GC(3160) Shrinking ParOldGen from 166400K by 19456K to 146944K
[2020-08-08T13:12:51.590+0300][471.805s][info ][gc] GC(3160) Pause Full (Ergonomics) 156M->22M(257M) 15.015ms
[2020-08-08T13:12:51.774+0300][471.989s][info ][gc] GC(3161) Pause Young (Allocation Failure) 80M->80M(257M) 170.560ms
[2020-08-08T13:12:52.116+0300][472.331s][info ][gc] GC(3162) Pause Young (Allocation Failure) 136M->136M(257M) 327.319ms
[2020-08-08T13:12:52.122+0300][472.337s][debug][gc] GC(3163) Shrinking ParOldGen from 146944K by 20480K to 126464K
[2020-08-08T13:12:52.122+0300][472.337s][info ][gc] GC(3163) Pause Full (Ergonomics) 136M->2M(237M) 5.963ms
[2020-08-08T13:12:52.168+0300][472.383s][info ][gc] GC(3164) Pause Young (Allocation Failure) 60M->59M(237M) 36.517ms
[2020-08-08T13:12:52.278+0300][472.493s][info ][gc] GC(3165) Pause Young (Allocation Failure) 117M->117M(237M) 99.580ms
[2020-08-08T13:12:52.583+0300][472.798s][debug][gc] GC(3166) Expanding ParOldGen from 126464K by 117248K to 243712K
[2020-08-08T13:12:52.583+0300][472.798s][info ][gc] GC(3166) Pause Full (Ergonomics) 117M->117M(352M) 305.573ms
[2020-08-08T13:12:52.634+0300][472.849s][info ][gc] GC(3167) Pause Young (Allocation Failure) 174M->174M(352M) 40.836ms
[2020-08-08T13:12:52.740+0300][472.955s][info ][gc] GC(3168) Pause Young (Allocation Failure) 231M->232M(352M) 93.948ms
[2020-08-08T13:12:52.970+0300][473.186s][debug][gc] GC(3169) Shrinking ParOldGen from 243712K by 18944K to 224768K
[2020-08-08T13:12:52.970+0300][473.186s][info ][gc] GC(3169) Pause Full (Ergonomics) 232M->98M(333M) 230.263ms
[2020-08-08T13:12:53.084+0300][473.299s][info ][gc] GC(3170) Pause Young (Allocation Failure) 155M->155M(333M) 104.247ms
[2020-08-08T13:12:53.173+0300][473.387s][info ][gc] GC(3171) Pause Young (Allocation Failure) 213M->213M(333M) 77.162ms
[2020-08-08T13:12:53.354+0300][473.568s][debug][gc] GC(3172) Shrinking ParOldGen from 224768K by 19456K to 205312K
[2020-08-08T13:12:53.354+0300][473.568s][info ][gc] GC(3172) Pause Full (Ergonomics) 213M->79M(314M) 181.220ms
[2020-08-08T13:12:53.540+0300][473.755s][info ][gc] GC(3173) Pause Young (Allocation Failure) 135M->135M(314M) 176.190ms
[2020-08-08T13:12:53.662+0300][473.877s][info ][gc] GC(3174) Pause Young (Allocation Failure) 193M->193M(314M) 111.511ms
[2020-08-08T13:12:53.783+0300][473.997s][debug][gc] GC(3175) Shrinking ParOldGen from 205312K by 19968K to 185344K
[2020-08-08T13:12:53.783+0300][473.997s][info ][gc] GC(3175) Pause Full (Ergonomics) 193M->59M(295M) 120.409ms
[2020-08-08T13:12:53.967+0300][474.182s][info ][gc] GC(3176) Pause Young (Allocation Failure) 117M->117M(295M) 174.340ms
[2020-08-08T13:12:54.174+0300][474.388s][info ][gc] GC(3177) Pause Young (Allocation Failure) 174M->175M(295M) 198.685ms
[2020-08-08T13:12:54.240+0300][474.455s][debug][gc] GC(3178) Shrinking ParOldGen from 185344K by 18944K to 166400K
[2020-08-08T13:12:54.240+0300][474.455s][info ][gc] GC(3178) Pause Full (Ergonomics) 175M->41M(276M) 66.612ms
[2020-08-08T13:12:54.387+0300][474.601s][info ][gc] GC(3179) Pause Young (Allocation Failure) 98M->98M(276M) 132.476ms
[2020-08-08T13:12:54.675+0300][474.890s][info ][gc] GC(3180) Pause Young (Allocation Failure) 156M->156M(276M) 279.645ms
[2020-08-08T13:12:54.690+0300][474.904s][debug][gc] GC(3181) Shrinking ParOldGen from 166400K by 19456K to 146944K
[2020-08-08T13:12:54.690+0300][474.904s][info ][gc] GC(3181) Pause Full (Ergonomics) 156M->22M(257M) 14.277ms
[2020-08-08T13:12:54.874+0300][475.088s][info ][gc] GC(3182) Pause Young (Allocation Failure) 79M->79M(257M) 172.610ms
[2020-08-08T13:12:55.212+0300][475.426s][info ][gc] GC(3183) Pause Young (Allocation Failure) 137M->136M(257M) 329.054ms
[2020-08-08T13:12:55.219+0300][475.433s][debug][gc] GC(3184) Shrinking ParOldGen from 146944K by 20480K to 126464K
[2020-08-08T13:12:55.219+0300][475.433s][info ][gc] GC(3184) Pause Full (Ergonomics) 136M->2M(237M) 6.811ms
[2020-08-08T13:12:55.272+0300][475.487s][info ][gc] GC(3185) Pause Young (Allocation Failure) 60M->59M(237M) 39.076ms
[2020-08-08T13:12:55.388+0300][475.602s][info ][gc] GC(3186) Pause Young (Allocation Failure) 117M->117M(237M) 99.653ms
[2020-08-08T13:12:55.700+0300][475.914s][debug][gc] GC(3187) Expanding ParOldGen from 126464K by 117248K to 243712K
[2020-08-08T13:12:55.700+0300][475.914s][info ][gc] GC(3187) Pause Full (Ergonomics) 117M->117M(352M) 311.499ms
[2020-08-08T13:12:55.762+0300][475.976s][info ][gc] GC(3188) Pause Young (Allocation Failure) 174M->174M(352M) 48.752ms
[2020-08-08T13:12:55.870+0300][476.084s][info ][gc] GC(3189) Pause Young (Allocation Failure) 231M->232M(352M) 91.797ms
[2020-08-08T13:12:56.102+0300][476.317s][debug][gc] GC(3190) Shrinking ParOldGen from 243712K by 18944K to 224768K
[2020-08-08T13:12:56.102+0300][476.317s][info ][gc] GC(3190) Pause Full (Ergonomics) 232M->98M(333M) 232.615ms
[2020-08-08T13:12:56.212+0300][476.427s][info ][gc] GC(3191) Pause Young (Allocation Failure) 155M->155M(333M) 99.262ms
[2020-08-08T13:12:56.305+0300][476.519s][info ][gc] GC(3192) Pause Young (Allocation Failure) 213M->213M(333M) 77.832ms
[2020-08-08T13:12:56.487+0300][476.701s][debug][gc] GC(3193) Shrinking ParOldGen from 224768K by 19456K to 205312K
[2020-08-08T13:12:56.487+0300][476.701s][info ][gc] GC(3193) Pause Full (Ergonomics) 213M->79M(314M) 181.975ms
[2020-08-08T13:12:56.676+0300][476.891s][info ][gc] GC(3194) Pause Young (Allocation Failure) 135M->135M(314M) 176.382ms
[2020-08-08T13:12:56.808+0300][477.022s][info ][gc] GC(3195) Pause Young (Allocation Failure) 193M->193M(314M) 121.029ms
[2020-08-08T13:12:56.926+0300][477.141s][debug][gc] GC(3196) Shrinking ParOldGen from 205312K by 19968K to 185344K
[2020-08-08T13:12:56.926+0300][477.141s][info ][gc] GC(3196) Pause Full (Ergonomics) 193M->59M(295M) 118.775ms
[2020-08-08T13:12:57.119+0300][477.333s][info ][gc] GC(3197) Pause Young (Allocation Failure) 117M->117M(295M) 179.515ms
[2020-08-08T13:12:57.334+0300][477.549s][info ][gc] GC(3198) Pause Young (Allocation Failure) 174M->175M(295M) 208.188ms
[2020-08-08T13:12:57.403+0300][477.618s][debug][gc] GC(3199) Shrinking ParOldGen from 185344K by 18944K to 166400K
[2020-08-08T13:12:57.403+0300][477.618s][info ][gc] GC(3199) Pause Full (Ergonomics) 175M->41M(276M) 69.107ms
[2020-08-08T13:12:57.588+0300][477.802s][info ][gc] GC(3200) Pause Young (Allocation Failure) 98M->98M(276M) 171.834ms
[2020-08-08T13:12:57.869+0300][478.083s][info ][gc] GC(3201) Pause Young (Allocation Failure) 156M->156M(276M) 272.926ms
[2020-08-08T13:12:57.884+0300][478.098s][debug][gc] GC(3202) Shrinking ParOldGen from 166400K by 19456K to 146944K
[2020-08-08T13:12:57.884+0300][478.098s][info ][gc] GC(3202) Pause Full (Ergonomics) 156M->22M(257M) 15.007ms
[2020-08-08T13:12:58.066+0300][478.280s][info ][gc] GC(3203) Pause Young (Allocation Failure) 80M->80M(257M) 167.302ms
[2020-08-08T13:12:58.404+0300][478.619s][info ][gc] GC(3204) Pause Young (Allocation Failure) 136M->136M(257M) 327.379ms
[2020-08-08T13:12:58.410+0300][478.624s][debug][gc] GC(3205) Shrinking ParOldGen from 146944K by 20480K to 126464K
[2020-08-08T13:12:58.410+0300][478.624s][info ][gc] GC(3205) Pause Full (Ergonomics) 136M->2M(237M) 5.511ms
[2020-08-08T13:12:58.459+0300][478.673s][info ][gc] GC(3206) Pause Young (Allocation Failure) 60M->59M(237M) 37.708ms
[2020-08-08T13:12:58.564+0300][478.778s][info ][gc] GC(3207) Pause Young (Allocation Failure) 117M->117M(237M) 94.560ms
[2020-08-08T13:12:58.857+0300][479.072s][debug][gc] GC(3208) Expanding ParOldGen from 126464K by 117248K to 243712K
[2020-08-08T13:12:58.857+0300][479.072s][info ][gc] GC(3208) Pause Full (Ergonomics) 117M->117M(352M) 294.130ms
[2020-08-08T13:12:58.911+0300][479.126s][info ][gc] GC(3209) Pause Young (Allocation Failure) 174M->174M(352M) 44.477ms
[2020-08-08T13:12:59.013+0300][479.228s][info ][gc] GC(3210) Pause Young (Allocation Failure) 231M->232M(352M) 90.003ms
[2020-08-08T13:12:59.257+0300][479.472s][debug][gc] GC(3211) Shrinking ParOldGen from 243712K by 18944K to 224768K
[2020-08-08T13:12:59.257+0300][479.472s][info ][gc] GC(3211) Pause Full (Ergonomics) 232M->98M(333M) 244.350ms
[2020-08-08T13:12:59.383+0300][479.599s][info ][gc] GC(3212) Pause Young (Allocation Failure) 155M->155M(333M) 116.745ms
[2020-08-08T13:12:59.476+0300][479.691s][info ][gc] GC(3213) Pause Young (Allocation Failure) 213M->213M(333M) 79.340ms
[2020-08-08T13:12:59.655+0300][479.870s][debug][gc] GC(3214) Shrinking ParOldGen from 224768K by 19456K to 205312K
[2020-08-08T13:12:59.655+0300][479.870s][info ][gc] GC(3214) Pause Full (Ergonomics) 213M->79M(314M) 178.936ms
[2020-08-08T13:12:59.834+0300][480.049s][info ][gc] GC(3215) Pause Young (Allocation Failure) 135M->135M(314M) 169.970ms
[2020-08-08T13:12:59.959+0300][480.174s][info ][gc] GC(3216) Pause Young (Allocation Failure) 193M->193M(314M) 115.077ms
[2020-08-08T13:13:00.078+0300][480.294s][debug][gc] GC(3217) Shrinking ParOldGen from 205312K by 19968K to 185344K
[2020-08-08T13:13:00.078+0300][480.294s][info ][gc] GC(3217) Pause Full (Ergonomics) 193M->59M(295M) 119.305ms
[2020-08-08T13:13:00.261+0300][480.476s][info ][gc] GC(3218) Pause Young (Allocation Failure) 117M->117M(295M) 171.104ms
[2020-08-08T13:13:00.468+0300][480.683s][info ][gc] GC(3219) Pause Young (Allocation Failure) 174M->175M(295M) 198.976ms
[2020-08-08T13:13:00.535+0300][480.750s][debug][gc] GC(3220) Shrinking ParOldGen from 185344K by 18944K to 166400K
[2020-08-08T13:13:00.535+0300][480.750s][info ][gc] GC(3220) Pause Full (Ergonomics) 175M->41M(276M) 67.156ms
[2020-08-08T13:13:00.699+0300][480.914s][info ][gc] GC(3221) Pause Young (Allocation Failure) 98M->98M(276M) 151.773ms
[2020-08-08T13:13:00.976+0300][481.191s][info ][gc] GC(3222) Pause Young (Allocation Failure) 156M->156M(276M) 266.683ms
[2020-08-08T13:13:00.991+0300][481.206s][debug][gc] GC(3223) Shrinking ParOldGen from 166400K by 18944K to 147456K
[2020-08-08T13:13:00.991+0300][481.206s][info ][gc] GC(3223) Pause Full (Ergonomics) 156M->22M(258M) 15.271ms
[2020-08-08T13:13:01.169+0300][481.385s][info ][gc] GC(3224) Pause Young (Allocation Failure) 80M->79M(258M) 164.864ms
[2020-08-08T13:13:01.515+0300][481.730s][info ][gc] GC(3225) Pause Young (Allocation Failure) 136M->136M(258M) 332.295ms
[2020-08-08T13:13:01.521+0300][481.736s][debug][gc] GC(3226) Shrinking ParOldGen from 147456K by 20992K to 126464K
[2020-08-08T13:13:01.521+0300][481.736s][info ][gc] GC(3226) Pause Full (Ergonomics) 136M->2M(237M) 6.234ms
[2020-08-08T13:13:01.569+0300][481.785s][info ][gc] GC(3227) Pause Young (Allocation Failure) 60M->59M(237M) 37.457ms
[2020-08-08T13:13:01.682+0300][481.897s][info ][gc] GC(3228) Pause Young (Allocation Failure) 117M->117M(237M) 102.274ms
[2020-08-08T13:13:01.982+0300][482.197s][debug][gc] GC(3229) Expanding ParOldGen from 126464K by 117248K to 243712K
[2020-08-08T13:13:01.982+0300][482.197s][info ][gc] GC(3229) Pause Full (Ergonomics) 117M->117M(352M) 300.142ms
[2020-08-08T13:13:02.039+0300][482.254s][info ][gc] GC(3230) Pause Young (Allocation Failure) 174M->174M(352M) 47.092ms
[2020-08-08T13:13:02.139+0300][482.354s][info ][gc] GC(3231) Pause Young (Allocation Failure) 231M->232M(352M) 89.668ms
[2020-08-08T13:13:02.376+0300][482.591s][debug][gc] GC(3232) Shrinking ParOldGen from 243712K by 18944K to 224768K
[2020-08-08T13:13:02.376+0300][482.591s][info ][gc] GC(3232) Pause Full (Ergonomics) 232M->98M(333M) 236.870ms
[2020-08-08T13:13:02.497+0300][482.712s][info ][gc] GC(3233) Pause Young (Allocation Failure) 155M->155M(333M) 112.807ms
[2020-08-08T13:13:02.591+0300][482.806s][info ][gc] GC(3234) Pause Young (Allocation Failure) 213M->213M(333M) 80.892ms
[2020-08-08T13:13:02.771+0300][482.986s][debug][gc] GC(3235) Shrinking ParOldGen from 224768K by 19456K to 205312K
[2020-08-08T13:13:02.771+0300][482.987s][info ][gc] GC(3235) Pause Full (Ergonomics) 213M->79M(314M) 180.587ms
[2020-08-08T13:13:02.951+0300][483.167s][info ][gc] GC(3236) Pause Young (Allocation Failure) 135M->135M(314M) 168.964ms
[2020-08-08T13:13:03.082+0300][483.297s][info ][gc] GC(3237) Pause Young (Allocation Failure) 193M->193M(314M) 120.341ms
[2020-08-08T13:13:03.200+0300][483.416s][debug][gc] GC(3238) Shrinking ParOldGen from 205312K by 19968K to 185344K
[2020-08-08T13:13:03.200+0300][483.416s][info ][gc] GC(3238) Pause Full (Ergonomics) 193M->59M(295M) 118.510ms
[2020-08-08T13:13:03.385+0300][483.600s][info ][gc] GC(3239) Pause Young (Allocation Failure) 117M->117M(295M) 175.385ms
[2020-08-08T13:13:03.597+0300][483.812s][info ][gc] GC(3240) Pause Young (Allocation Failure) 174M->175M(295M) 203.907ms
[2020-08-08T13:13:03.667+0300][483.883s][debug][gc] GC(3241) Shrinking ParOldGen from 185344K by 18944K to 166400K
[2020-08-08T13:13:03.668+0300][483.883s][info ][gc] GC(3241) Pause Full (Ergonomics) 175M->41M(276M) 70.458ms
[2020-08-08T13:13:03.851+0300][484.067s][info ][gc] GC(3242) Pause Young (Allocation Failure) 98M->98M(276M) 170.929ms
[2020-08-08T13:13:04.138+0300][484.354s][info ][gc] GC(3243) Pause Young (Allocation Failure) 156M->156M(276M) 278.810ms
[2020-08-08T13:13:04.153+0300][484.369s][debug][gc] GC(3244) Shrinking ParOldGen from 166400K by 19456K to 146944K
[2020-08-08T13:13:04.153+0300][484.369s][info ][gc] GC(3244) Pause Full (Ergonomics) 156M->22M(257M) 15.026ms
[2020-08-08T13:13:04.331+0300][484.546s][info ][gc] GC(3245) Pause Young (Allocation Failure) 79M->79M(257M) 166.587ms
[2020-08-08T13:13:04.674+0300][484.890s][info ][gc] GC(3246) Pause Young (Allocation Failure) 135M->136M(257M) 333.684ms
[2020-08-08T13:13:04.680+0300][484.895s][debug][gc] GC(3247) Shrinking ParOldGen from 146944K by 20480K to 126464K
[2020-08-08T13:13:04.680+0300][484.895s][info ][gc] GC(3247) Pause Full (Ergonomics) 136M->2M(237M) 5.748ms
[2020-08-08T13:13:04.733+0300][484.948s][info ][gc] GC(3248) Pause Young (Allocation Failure) 60M->59M(237M) 38.792ms
[2020-08-08T13:13:04.842+0300][485.057s][info ][gc] GC(3249) Pause Young (Allocation Failure) 117M->117M(237M) 98.183ms
[2020-08-08T13:13:05.135+0300][485.351s][debug][gc] GC(3250) Expanding ParOldGen from 126464K by 117248K to 243712K
[2020-08-08T13:13:05.135+0300][485.351s][info ][gc] GC(3250) Pause Full (Ergonomics) 117M->117M(352M) 293.355ms
[2020-08-08T13:13:05.185+0300][485.401s][info ][gc] GC(3251) Pause Young (Allocation Failure) 174M->174M(352M) 40.606ms
[2020-08-08T13:13:05.287+0300][485.502s][info ][gc] GC(3252) Pause Young (Allocation Failure) 231M->231M(352M) 91.724ms
[2020-08-08T13:13:05.526+0300][485.741s][debug][gc] GC(3253) Shrinking ParOldGen from 243712K by 18944K to 224768K
[2020-08-08T13:13:05.526+0300][485.741s][info ][gc] GC(3253) Pause Full (Ergonomics) 231M->98M(333M) 238.460ms
[2020-08-08T13:13:05.649+0300][485.864s][info ][gc] GC(3254) Pause Young (Allocation Failure) 155M->155M(333M) 113.580ms
[2020-08-08T13:13:05.738+0300][485.953s][info ][gc] GC(3255) Pause Young (Allocation Failure) 213M->213M(333M) 77.987ms
[2020-08-08T13:13:05.915+0300][486.130s][debug][gc] GC(3256) Shrinking ParOldGen from 224768K by 19456K to 205312K
[2020-08-08T13:13:05.915+0300][486.130s][info ][gc] GC(3256) Pause Full (Ergonomics) 213M->79M(314M) 177.015ms
[2020-08-08T13:13:06.096+0300][486.311s][info ][gc] GC(3257) Pause Young (Allocation Failure) 135M->135M(314M) 170.251ms
[2020-08-08T13:13:06.218+0300][486.433s][info ][gc] GC(3258) Pause Young (Allocation Failure) 193M->193M(314M) 108.877ms
[2020-08-08T13:13:06.337+0300][486.552s][debug][gc] GC(3259) Shrinking ParOldGen from 205312K by 19968K to 185344K
[2020-08-08T13:13:06.337+0300][486.553s][info ][gc] GC(3259) Pause Full (Ergonomics) 193M->59M(295M) 118.981ms
[2020-08-08T13:13:06.529+0300][486.744s][info ][gc] GC(3260) Pause Young (Allocation Failure) 117M->117M(295M) 180.204ms
[2020-08-08T13:13:06.745+0300][486.960s][info ][gc] GC(3261) Pause Young (Allocation Failure) 174M->175M(295M) 205.946ms
[2020-08-08T13:13:06.812+0300][487.027s][debug][gc] GC(3262) Shrinking ParOldGen from 185344K by 18944K to 166400K
[2020-08-08T13:13:06.812+0300][487.027s][info ][gc] GC(3262) Pause Full (Ergonomics) 175M->41M(276M) 67.287ms
[2020-08-08T13:13:06.984+0300][487.199s][info ][gc] GC(3263) Pause Young (Allocation Failure) 98M->98M(276M) 158.036ms
[2020-08-08T13:13:07.276+0300][487.492s][info ][gc] GC(3264) Pause Young (Allocation Failure) 136M->136M(276M) 286.003ms
[2020-08-08T13:13:07.284+0300][487.499s][debug][gc] GC(3265) Shrinking ParOldGen from 166400K by 39936K to 126464K
[2020-08-08T13:13:07.284+0300][487.499s][info ][gc] GC(3265) Pause Full (Ergonomics) 136M->2M(237M) 7.629ms
[2020-08-08T13:13:07.340+0300][487.555s][info ][gc] GC(3266) Pause Young (Allocation Failure) 60M->59M(237M) 41.337ms
[2020-08-08T13:13:07.455+0300][487.670s][info ][gc] GC(3267) Pause Young (Allocation Failure) 117M->117M(237M) 97.455ms
[2020-08-08T13:13:07.744+0300][487.960s][debug][gc] GC(3268) Expanding ParOldGen from 126464K by 117248K to 243712K
[2020-08-08T13:13:07.744+0300][487.960s][info ][gc] GC(3268) Pause Full (Ergonomics) 117M->116M(352M) 289.163ms
[2020-08-08T13:13:07.803+0300][488.018s][info ][gc] GC(3269) Pause Young (Allocation Failure) 174M->174M(352M) 46.664ms
[2020-08-08T13:13:07.910+0300][488.125s][info ][gc] GC(3270) Pause Young (Allocation Failure) 231M->231M(352M) 91.064ms
[2020-08-08T13:13:08.147+0300][488.362s][debug][gc] GC(3271) Shrinking ParOldGen from 243712K by 19456K to 224256K
[2020-08-08T13:13:08.147+0300][488.362s][info ][gc] GC(3271) Pause Full (Ergonomics) 231M->97M(333M) 236.787ms
[2020-08-08T13:13:08.269+0300][488.484s][info ][gc] GC(3272) Pause Young (Allocation Failure) 136M->135M(333M) 113.638ms
[2020-08-08T13:13:08.358+0300][488.573s][info ][gc] GC(3273) Pause Young (Allocation Failure) 193M->193M(333M) 80.332ms
[2020-08-08T13:13:08.484+0300][488.699s][debug][gc] GC(3274) Shrinking ParOldGen from 224256K by 46080K to 178176K
[2020-08-08T13:13:08.484+0300][488.699s][info ][gc] GC(3274) Pause Full (Ergonomics) 193M->59M(288M) 125.842ms
[2020-08-08T13:13:08.671+0300][488.887s][info ][gc] GC(3275) Pause Young (Allocation Failure) 117M->117M(288M) 177.326ms
[2020-08-08T13:13:08.880+0300][489.095s][info ][gc] GC(3276) Pause Young (Allocation Failure) 174M->175M(288M) 201.128ms
[2020-08-08T13:13:08.949+0300][489.164s][debug][gc] GC(3277) Shrinking ParOldGen from 178176K by 17408K to 160768K
[2020-08-08T13:13:08.949+0300][489.165s][info ][gc] GC(3277) Pause Full (Ergonomics) 175M->41M(271M) 69.268ms
[2020-08-08T13:13:09.127+0300][489.342s][info ][gc] GC(3278) Pause Young (Allocation Failure) 98M->98M(271M) 161.995ms
[2020-08-08T13:13:09.421+0300][489.636s][info ][gc] GC(3279) Pause Young (Allocation Failure) 156M->156M(271M) 283.818ms
[2020-08-08T13:13:09.436+0300][489.651s][debug][gc] GC(3280) Shrinking ParOldGen from 160768K by 17920K to 142848K
[2020-08-08T13:13:09.436+0300][489.651s][info ][gc] GC(3280) Pause Full (Ergonomics) 156M->22M(253M) 15.025ms
[2020-08-08T13:13:09.623+0300][489.838s][info ][gc] GC(3281) Pause Young (Allocation Failure) 79M->79M(253M) 173.007ms
[2020-08-08T13:13:09.963+0300][490.178s][info ][gc] GC(3282) Pause Young (Allocation Failure) 137M->136M(253M) 327.900ms
[2020-08-08T13:13:09.970+0300][490.185s][debug][gc] GC(3283) Shrinking ParOldGen from 142848K by 19968K to 122880K
[2020-08-08T13:13:09.970+0300][490.185s][info ][gc] GC(3283) Pause Full (Ergonomics) 136M->2M(234M) 7.061ms
[2020-08-08T13:13:10.023+0300][490.238s][info ][gc] GC(3284) Pause Young (Allocation Failure) 60M->59M(234M) 39.525ms
[2020-08-08T13:13:10.135+0300][490.350s][info ][gc] GC(3285) Pause Young (Allocation Failure) 117M->117M(234M) 100.127ms
[2020-08-08T13:13:10.447+0300][490.662s][debug][gc] GC(3286) Expanding ParOldGen from 122880K by 117760K to 240640K
[2020-08-08T13:13:10.447+0300][490.662s][info ][gc] GC(3286) Pause Full (Ergonomics) 117M->117M(349M) 311.503ms
[2020-08-08T13:13:10.506+0300][490.721s][info ][gc] GC(3287) Pause Young (Allocation Failure) 174M->174M(349M) 47.915ms
[2020-08-08T13:13:10.609+0300][490.824s][info ][gc] GC(3288) Pause Young (Allocation Failure) 231M->232M(349M) 91.487ms
[2020-08-08T13:13:10.850+0300][491.065s][debug][gc] GC(3289) Shrinking ParOldGen from 240640K by 18432K to 222208K
[2020-08-08T13:13:10.850+0300][491.065s][info ][gc] GC(3289) Pause Full (Ergonomics) 232M->98M(331M) 240.609ms
[2020-08-08T13:13:10.972+0300][491.188s][info ][gc] GC(3290) Pause Young (Allocation Failure) 155M->155M(331M) 114.487ms
[2020-08-08T13:13:11.061+0300][491.276s][info ][gc] GC(3291) Pause Young (Allocation Failure) 213M->213M(331M) 75.998ms
[2020-08-08T13:13:11.244+0300][491.459s][debug][gc] GC(3292) Shrinking ParOldGen from 222208K by 18432K to 203776K
[2020-08-08T13:13:11.244+0300][491.459s][info ][gc] GC(3292) Pause Full (Ergonomics) 213M->79M(313M) 183.093ms
[2020-08-08T13:13:11.427+0300][491.642s][info ][gc] GC(3293) Pause Young (Allocation Failure) 135M->135M(313M) 173.338ms
[2020-08-08T13:13:11.541+0300][491.756s][info ][gc] GC(3294) Pause Young (Allocation Failure) 193M->193M(313M) 104.057ms
[2020-08-08T13:13:11.666+0300][491.881s][debug][gc] GC(3295) Shrinking ParOldGen from 203776K by 19968K to 183808K
[2020-08-08T13:13:11.666+0300][491.881s][info ][gc] GC(3295) Pause Full (Ergonomics) 193M->59M(293M) 124.654ms
[2020-08-08T13:13:11.858+0300][492.074s][info ][gc] GC(3296) Pause Young (Allocation Failure) 117M->117M(293M) 179.973ms
[2020-08-08T13:13:12.059+0300][492.274s][info ][gc] GC(3297) Pause Young (Allocation Failure) 174M->175M(293M) 189.439ms
[2020-08-08T13:13:12.131+0300][492.347s][debug][gc] GC(3298) Shrinking ParOldGen from 183808K by 18944K to 164864K
[2020-08-08T13:13:12.131+0300][492.347s][info ][gc] GC(3298) Pause Full (Ergonomics) 175M->41M(275M) 72.765ms
[2020-08-08T13:13:12.311+0300][492.526s][info ][gc] GC(3299) Pause Young (Allocation Failure) 98M->98M(275M) 167.566ms
[2020-08-08T13:13:12.594+0300][492.809s][info ][gc] GC(3300) Pause Young (Allocation Failure) 156M->156M(275M) 270.936ms
[2020-08-08T13:13:12.609+0300][492.825s][debug][gc] GC(3301) Shrinking ParOldGen from 164864K by 18432K to 146432K
[2020-08-08T13:13:12.609+0300][492.825s][info ][gc] GC(3301) Pause Full (Ergonomics) 156M->22M(257M) 15.498ms
[2020-08-08T13:13:12.790+0300][493.006s][info ][gc] GC(3302) Pause Young (Allocation Failure) 80M->79M(257M) 169.317ms
[2020-08-08T13:13:13.130+0300][493.345s][info ][gc] GC(3303) Pause Young (Allocation Failure) 136M->136M(257M) 328.824ms
[2020-08-08T13:13:13.136+0300][493.351s][debug][gc] GC(3304) Shrinking ParOldGen from 146432K by 20992K to 125440K
[2020-08-08T13:13:13.136+0300][493.351s][info ][gc] GC(3304) Pause Full (Ergonomics) 136M->2M(236M) 5.983ms
[2020-08-08T13:13:13.183+0300][493.399s][info ][gc] GC(3305) Pause Young (Allocation Failure) 60M->59M(236M) 35.101ms
[2020-08-08T13:13:13.299+0300][493.514s][info ][gc] GC(3306) Pause Young (Allocation Failure) 117M->117M(236M) 97.234ms
[2020-08-08T13:13:13.603+0300][493.818s][debug][gc] GC(3307) Expanding ParOldGen from 125440K by 117760K to 243200K
[2020-08-08T13:13:13.603+0300][493.818s][info ][gc] GC(3307) Pause Full (Ergonomics) 117M->117M(351M) 304.071ms
[2020-08-08T13:13:13.657+0300][493.872s][info ][gc] GC(3308) Pause Young (Allocation Failure) 174M->174M(351M) 43.991ms
[2020-08-08T13:13:13.760+0300][493.975s][info ][gc] GC(3309) Pause Young (Allocation Failure) 231M->232M(351M) 91.982ms
[2020-08-08T13:13:14.001+0300][494.216s][debug][gc] GC(3310) Shrinking ParOldGen from 243200K by 18944K to 224256K
[2020-08-08T13:13:14.001+0300][494.216s][info ][gc] GC(3310) Pause Full (Ergonomics) 232M->98M(333M) 241.088ms
[2020-08-08T13:13:14.111+0300][494.326s][info ][gc] GC(3311) Pause Young (Allocation Failure) 155M->155M(333M) 102.212ms
[2020-08-08T13:13:14.201+0300][494.416s][info ][gc] GC(3312) Pause Young (Allocation Failure) 213M->213M(333M) 78.380ms
[2020-08-08T13:13:14.388+0300][494.603s][debug][gc] GC(3313) Shrinking ParOldGen from 224256K by 18944K to 205312K
[2020-08-08T13:13:14.388+0300][494.603s][info ][gc] GC(3313) Pause Full (Ergonomics) 213M->79M(314M) 187.266ms
[2020-08-08T13:13:14.568+0300][494.783s][info ][gc] GC(3314) Pause Young (Allocation Failure) 135M->135M(314M) 168.780ms
[2020-08-08T13:13:14.698+0300][494.913s][info ][gc] GC(3315) Pause Young (Allocation Failure) 193M->193M(314M) 121.529ms
[2020-08-08T13:13:14.822+0300][495.037s][debug][gc] GC(3316) Shrinking ParOldGen from 205312K by 20480K to 184832K
[2020-08-08T13:13:14.822+0300][495.038s][info ][gc] GC(3316) Pause Full (Ergonomics) 193M->59M(294M) 124.570ms
[2020-08-08T13:13:15.006+0300][495.221s][info ][gc] GC(3317) Pause Young (Allocation Failure) 117M->117M(294M) 173.805ms
[2020-08-08T13:13:15.215+0300][495.430s][info ][gc] GC(3318) Pause Young (Allocation Failure) 174M->175M(294M) 201.279ms
[2020-08-08T13:13:15.284+0300][495.500s][debug][gc] GC(3319) Shrinking ParOldGen from 184832K by 18944K to 165888K
[2020-08-08T13:13:15.284+0300][495.500s][info ][gc] GC(3319) Pause Full (Ergonomics) 175M->41M(276M) 69.569ms
[2020-08-08T13:13:15.467+0300][495.682s][info ][gc] GC(3320) Pause Young (Allocation Failure) 98M->98M(276M) 171.450ms
[2020-08-08T13:13:15.754+0300][495.969s][info ][gc] GC(3321) Pause Young (Allocation Failure) 156M->156M(276M) 279.332ms
[2020-08-08T13:13:15.771+0300][495.986s][debug][gc] GC(3322) Shrinking ParOldGen from 165888K by 18944K to 146944K
[2020-08-08T13:13:15.771+0300][495.986s][info ][gc] GC(3322) Pause Full (Ergonomics) 156M->22M(257M) 16.983ms
[2020-08-08T13:13:15.956+0300][496.172s][info ][gc] GC(3323) Pause Young (Allocation Failure) 80M->79M(257M) 172.698ms
[2020-08-08T13:13:16.296+0300][496.511s][info ][gc] GC(3324) Pause Young (Allocation Failure) 137M->136M(257M) 329.670ms
[2020-08-08T13:13:16.302+0300][496.518s][debug][gc] GC(3325) Shrinking ParOldGen from 146944K by 20992K to 125952K
[2020-08-08T13:13:16.302+0300][496.518s][info ][gc] GC(3325) Pause Full (Ergonomics) 136M->2M(237M) 6.291ms
[2020-08-08T13:13:16.355+0300][496.570s][info ][gc] GC(3326) Pause Young (Allocation Failure) 60M->59M(237M) 40.635ms
[2020-08-08T13:13:16.462+0300][496.678s][info ][gc] GC(3327) Pause Young (Allocation Failure) 117M->117M(237M) 96.405ms
[2020-08-08T13:13:16.773+0300][496.987s][debug][gc] GC(3328) Expanding ParOldGen from 125952K by 117760K to 243712K
[2020-08-08T13:13:16.773+0300][496.988s][info ][gc] GC(3328) Pause Full (Ergonomics) 117M->117M(352M) 309.743ms
[2020-08-08T13:13:16.826+0300][497.040s][info ][gc] GC(3329) Pause Young (Allocation Failure) 174M->174M(352M) 43.032ms
[2020-08-08T13:13:16.926+0300][497.141s][info ][gc] GC(3330) Pause Young (Allocation Failure) 231M->232M(352M) 90.107ms
[2020-08-08T13:13:17.177+0300][497.392s][debug][gc] GC(3331) Shrinking ParOldGen from 243712K by 18944K to 224768K
[2020-08-08T13:13:17.177+0300][497.392s][info ][gc] GC(3331) Pause Full (Ergonomics) 232M->98M(333M) 251.102ms
[2020-08-08T13:13:17.293+0300][497.507s][info ][gc] GC(3332) Pause Young (Allocation Failure) 155M->155M(333M) 106.738ms
[2020-08-08T13:13:17.386+0300][497.601s][info ][gc] GC(3333) Pause Young (Allocation Failure) 213M->213M(333M) 81.663ms
[2020-08-08T13:13:17.572+0300][497.786s][debug][gc] GC(3334) Shrinking ParOldGen from 224768K by 19456K to 205312K
[2020-08-08T13:13:17.572+0300][497.786s][info ][gc] GC(3334) Pause Full (Ergonomics) 213M->79M(314M) 185.500ms
[2020-08-08T13:13:17.753+0300][497.968s][info ][gc] GC(3335) Pause Young (Allocation Failure) 135M->135M(314M) 171.151ms
[2020-08-08T13:13:17.868+0300][498.083s][info ][gc] GC(3336) Pause Young (Allocation Failure) 193M->193M(314M) 103.074ms
[2020-08-08T13:13:17.992+0300][498.206s][debug][gc] GC(3337) Shrinking ParOldGen from 205312K by 19968K to 185344K
[2020-08-08T13:13:17.992+0300][498.207s][info ][gc] GC(3337) Pause Full (Ergonomics) 193M->59M(295M) 123.838ms
[2020-08-08T13:13:18.181+0300][498.395s][info ][gc] GC(3338) Pause Young (Allocation Failure) 117M->117M(295M) 178.959ms
[2020-08-08T13:13:18.395+0300][498.609s][info ][gc] GC(3339) Pause Young (Allocation Failure) 174M->175M(295M) 205.884ms
[2020-08-08T13:13:18.467+0300][498.681s][debug][gc] GC(3340) Shrinking ParOldGen from 185344K by 18944K to 166400K
[2020-08-08T13:13:18.467+0300][498.681s][info ][gc] GC(3340) Pause Full (Ergonomics) 175M->41M(276M) 72.175ms
[2020-08-08T13:13:18.648+0300][498.862s][info ][gc] GC(3341) Pause Young (Allocation Failure) 98M->98M(276M) 167.705ms
[2020-08-08T13:13:18.935+0300][499.149s][info ][gc] GC(3342) Pause Young (Allocation Failure) 156M->156M(276M) 279.778ms
[2020-08-08T13:13:18.951+0300][499.165s][debug][gc] GC(3343) Shrinking ParOldGen from 166400K by 19456K to 146944K
[2020-08-08T13:13:18.951+0300][499.165s][info ][gc] GC(3343) Pause Full (Ergonomics) 156M->22M(257M) 15.759ms
[2020-08-08T13:13:19.132+0300][499.347s][info ][gc] GC(3344) Pause Young (Allocation Failure) 80M->79M(257M) 171.285ms
[2020-08-08T13:13:19.465+0300][499.679s][info ][gc] GC(3345) Pause Young (Allocation Failure) 136M->136M(257M) 323.491ms
[2020-08-08T13:13:19.471+0300][499.685s][debug][gc] GC(3346) Shrinking ParOldGen from 146944K by 20480K to 126464K
[2020-08-08T13:13:19.471+0300][499.685s][info ][gc] GC(3346) Pause Full (Ergonomics) 136M->2M(237M) 6.006ms
[2020-08-08T13:13:19.519+0300][499.733s][info ][gc] GC(3347) Pause Young (Allocation Failure) 60M->59M(237M) 37.109ms
[2020-08-08T13:13:19.627+0300][499.842s][info ][gc] GC(3348) Pause Young (Allocation Failure) 117M->117M(237M) 98.692ms
[2020-08-08T13:13:19.938+0300][500.152s][debug][gc] GC(3349) Expanding ParOldGen from 126464K by 117248K to 243712K
[2020-08-08T13:13:19.938+0300][500.152s][info ][gc] GC(3349) Pause Full (Ergonomics) 117M->117M(352M) 310.558ms
[2020-08-08T13:13:19.987+0300][500.202s][info ][gc] GC(3350) Pause Young (Allocation Failure) 174M->174M(352M) 41.379ms
[2020-08-08T13:13:20.087+0300][500.302s][info ][gc] GC(3351) Pause Young (Allocation Failure) 231M->232M(352M) 90.201ms
[2020-08-08T13:13:20.328+0300][500.542s][debug][gc] GC(3352) Shrinking ParOldGen from 243712K by 18944K to 224768K
[2020-08-08T13:13:20.328+0300][500.542s][info ][gc] GC(3352) Pause Full (Ergonomics) 232M->98M(333M) 240.756ms
[2020-08-08T13:13:20.450+0300][500.665s][info ][gc] GC(3353) Pause Young (Allocation Failure) 155M->155M(333M) 114.826ms
[2020-08-08T13:13:20.541+0300][500.755s][info ][gc] GC(3354) Pause Young (Allocation Failure) 213M->213M(333M) 78.838ms
[2020-08-08T13:13:20.719+0300][500.934s][debug][gc] GC(3355) Shrinking ParOldGen from 224768K by 19456K to 205312K
[2020-08-08T13:13:20.719+0300][500.934s][info ][gc] GC(3355) Pause Full (Ergonomics) 213M->79M(314M) 178.731ms
[2020-08-08T13:13:20.902+0300][501.116s][info ][gc] GC(3356) Pause Young (Allocation Failure) 135M->135M(314M) 172.755ms
[2020-08-08T13:13:21.019+0300][501.234s][info ][gc] GC(3357) Pause Young (Allocation Failure) 193M->193M(314M) 106.402ms
[2020-08-08T13:13:21.142+0300][501.357s][debug][gc] GC(3358) Shrinking ParOldGen from 205312K by 19968K to 185344K
[2020-08-08T13:13:21.142+0300][501.357s][info ][gc] GC(3358) Pause Full (Ergonomics) 193M->59M(295M) 122.865ms
[2020-08-08T13:13:21.329+0300][501.543s][info ][gc] GC(3359) Pause Young (Allocation Failure) 117M->117M(295M) 174.827ms
[2020-08-08T13:13:21.544+0300][501.759s][info ][gc] GC(3360) Pause Young (Allocation Failure) 174M->175M(295M) 207.588ms
[2020-08-08T13:13:21.614+0300][501.829s][debug][gc] GC(3361) Shrinking ParOldGen from 185344K by 18944K to 166400K
[2020-08-08T13:13:21.615+0300][501.829s][info ][gc] GC(3361) Pause Full (Ergonomics) 175M->41M(276M) 70.034ms
[2020-08-08T13:13:21.799+0300][502.013s][info ][gc] GC(3362) Pause Young (Allocation Failure) 98M->98M(276M) 170.497ms
[2020-08-08T13:13:22.088+0300][502.302s][info ][gc] GC(3363) Pause Young (Allocation Failure) 156M->156M(276M) 281.241ms
[2020-08-08T13:13:22.104+0300][502.318s][debug][gc] GC(3364) Shrinking ParOldGen from 166400K by 19456K to 146944K
[2020-08-08T13:13:22.104+0300][502.318s][info ][gc] GC(3364) Pause Full (Ergonomics) 156M->22M(257M) 15.887ms
[2020-08-08T13:13:22.289+0300][502.503s][info ][gc] GC(3365) Pause Young (Allocation Failure) 80M->79M(257M) 172.608ms
[2020-08-08T13:13:22.629+0300][502.844s][info ][gc] GC(3366) Pause Young (Allocation Failure) 136M->136M(257M) 331.201ms
[2020-08-08T13:13:22.635+0300][502.850s][debug][gc] GC(3367) Shrinking ParOldGen from 146944K by 20480K to 126464K
[2020-08-08T13:13:22.635+0300][502.850s][info ][gc] GC(3367) Pause Full (Ergonomics) 136M->2M(237M) 6.100ms
[2020-08-08T13:13:22.684+0300][502.898s][info ][gc] GC(3368) Pause Young (Allocation Failure) 60M->59M(237M) 38.622ms
[2020-08-08T13:13:22.792+0300][503.006s][info ][gc] GC(3369) Pause Young (Allocation Failure) 117M->117M(237M) 97.363ms
[2020-08-08T13:13:23.099+0300][503.313s][debug][gc] GC(3370) Expanding ParOldGen from 126464K by 117248K to 243712K
[2020-08-08T13:13:23.099+0300][503.313s][info ][gc] GC(3370) Pause Full (Ergonomics) 117M->117M(352M) 306.593ms
[2020-08-08T13:13:23.155+0300][503.369s][info ][gc] GC(3371) Pause Young (Allocation Failure) 174M->174M(352M) 47.322ms
[2020-08-08T13:13:23.254+0300][503.469s][info ][gc] GC(3372) Pause Young (Allocation Failure) 231M->231M(352M) 90.005ms
[2020-08-08T13:13:23.489+0300][503.703s][debug][gc] GC(3373) Shrinking ParOldGen from 243712K by 18944K to 224768K
[2020-08-08T13:13:23.489+0300][503.703s][info ][gc] GC(3373) Pause Full (Ergonomics) 231M->98M(333M) 234.639ms
[2020-08-08T13:13:23.601+0300][503.815s][info ][gc] GC(3374) Pause Young (Allocation Failure) 155M->155M(333M) 104.383ms
[2020-08-08T13:13:23.690+0300][503.905s][info ][gc] GC(3375) Pause Young (Allocation Failure) 213M->213M(333M) 78.051ms
[2020-08-08T13:13:23.879+0300][504.094s][debug][gc] GC(3376) Shrinking ParOldGen from 224768K by 19456K to 205312K
[2020-08-08T13:13:23.879+0300][504.094s][info ][gc] GC(3376) Pause Full (Ergonomics) 213M->79M(314M) 188.913ms
[2020-08-08T13:13:24.053+0300][504.267s][info ][gc] GC(3377) Pause Young (Allocation Failure) 135M->135M(314M) 163.918ms
[2020-08-08T13:13:24.183+0300][504.398s][info ][gc] GC(3378) Pause Young (Allocation Failure) 193M->193M(314M) 122.564ms
[2020-08-08T13:13:24.307+0300][504.522s][debug][gc] GC(3379) Shrinking ParOldGen from 205312K by 19968K to 185344K
[2020-08-08T13:13:24.307+0300][504.522s][info ][gc] GC(3379) Pause Full (Ergonomics) 193M->59M(295M) 123.875ms
[2020-08-08T13:13:24.498+0300][504.713s][info ][gc] GC(3380) Pause Young (Allocation Failure) 117M->117M(295M) 179.729ms
[2020-08-08T13:13:24.709+0300][504.923s][info ][gc] GC(3381) Pause Young (Allocation Failure) 174M->175M(295M) 202.361ms
[2020-08-08T13:13:24.777+0300][504.991s][debug][gc] GC(3382) Shrinking ParOldGen from 185344K by 18944K to 166400K
[2020-08-08T13:13:24.777+0300][504.991s][info ][gc] GC(3382) Pause Full (Ergonomics) 175M->41M(276M) 68.249ms
[2020-08-08T13:13:24.955+0300][505.169s][info ][gc] GC(3383) Pause Young (Allocation Failure) 98M->98M(276M) 166.278ms
[2020-08-08T13:13:25.226+0300][505.441s][info ][gc] GC(3384) Pause Young (Allocation Failure) 156M->156M(276M) 264.389ms
[2020-08-08T13:13:25.241+0300][505.455s][debug][gc] GC(3385) Shrinking ParOldGen from 166400K by 18944K to 147456K
[2020-08-08T13:13:25.241+0300][505.455s][info ][gc] GC(3385) Pause Full (Ergonomics) 156M->22M(258M) 14.511ms
[2020-08-08T13:13:25.422+0300][505.636s][info ][gc] GC(3386) Pause Young (Allocation Failure) 80M->79M(258M) 169.927ms
[2020-08-08T13:13:25.756+0300][505.971s][info ][gc] GC(3387) Pause Young (Allocation Failure) 137M->136M(258M) 324.759ms
[2020-08-08T13:13:25.762+0300][505.977s][debug][gc] GC(3388) Shrinking ParOldGen from 147456K by 20992K to 126464K
[2020-08-08T13:13:25.762+0300][505.977s][info ][gc] GC(3388) Pause Full (Ergonomics) 136M->2M(237M) 5.676ms
[2020-08-08T13:13:25.813+0300][506.027s][info ][gc] GC(3389) Pause Young (Allocation Failure) 60M->59M(237M) 38.153ms
[2020-08-08T13:13:25.924+0300][506.139s][info ][gc] GC(3390) Pause Young (Allocation Failure) 117M->117M(237M) 100.593ms
[2020-08-08T13:13:26.238+0300][506.452s][debug][gc] GC(3391) Expanding ParOldGen from 126464K by 117248K to 243712K
[2020-08-08T13:13:26.238+0300][506.452s][info ][gc] GC(3391) Pause Full (Ergonomics) 117M->117M(352M) 313.323ms
[2020-08-08T13:13:26.288+0300][506.503s][info ][gc] GC(3392) Pause Young (Allocation Failure) 174M->174M(352M) 41.129ms
[2020-08-08T13:13:26.389+0300][506.603s][info ][gc] GC(3393) Pause Young (Allocation Failure) 231M->231M(352M) 90.336ms
[2020-08-08T13:13:26.632+0300][506.846s][debug][gc] GC(3394) Shrinking ParOldGen from 243712K by 18944K to 224768K
[2020-08-08T13:13:26.632+0300][506.846s][info ][gc] GC(3394) Pause Full (Ergonomics) 231M->98M(333M) 242.831ms
[2020-08-08T13:13:26.758+0300][506.972s][info ][gc] GC(3395) Pause Young (Allocation Failure) 155M->155M(333M) 117.467ms
[2020-08-08T13:13:26.851+0300][507.065s][info ][gc] GC(3396) Pause Young (Allocation Failure) 213M->213M(333M) 78.393ms
[2020-08-08T13:13:27.033+0300][507.247s][debug][gc] GC(3397) Shrinking ParOldGen from 224768K by 19456K to 205312K
[2020-08-08T13:13:27.033+0300][507.247s][info ][gc] GC(3397) Pause Full (Ergonomics) 213M->79M(314M) 181.902ms
[2020-08-08T13:13:27.214+0300][507.428s][info ][gc] GC(3398) Pause Young (Allocation Failure) 135M->135M(314M) 171.593ms
[2020-08-08T13:13:27.332+0300][507.546s][info ][gc] GC(3399) Pause Young (Allocation Failure) 193M->193M(314M) 107.897ms
[2020-08-08T13:13:27.461+0300][507.675s][debug][gc] GC(3400) Shrinking ParOldGen from 205312K by 19968K to 185344K
[2020-08-08T13:13:27.461+0300][507.675s][info ][gc] GC(3400) Pause Full (Ergonomics) 193M->59M(295M) 128.741ms
[2020-08-08T13:13:27.637+0300][507.851s][info ][gc] GC(3401) Pause Young (Allocation Failure) 117M->117M(295M) 165.901ms
[2020-08-08T13:13:27.838+0300][508.052s][info ][gc] GC(3402) Pause Young (Allocation Failure) 174M->175M(295M) 192.909ms
[2020-08-08T13:13:27.909+0300][508.123s][debug][gc] GC(3403) Shrinking ParOldGen from 185344K by 18944K to 166400K
[2020-08-08T13:13:27.909+0300][508.123s][info ][gc] GC(3403) Pause Full (Ergonomics) 175M->41M(276M) 70.600ms
[2020-08-08T13:13:28.090+0300][508.304s][info ][gc] GC(3404) Pause Young (Allocation Failure) 98M->98M(276M) 167.718ms
[2020-08-08T13:13:28.371+0300][508.585s][info ][gc] GC(3405) Pause Young (Allocation Failure) 156M->156M(276M) 273.158ms
[2020-08-08T13:13:28.386+0300][508.600s][debug][gc] GC(3406) Shrinking ParOldGen from 166400K by 18944K to 147456K
[2020-08-08T13:13:28.386+0300][508.600s][info ][gc] GC(3406) Pause Full (Ergonomics) 156M->22M(258M) 14.871ms
[2020-08-08T13:13:28.573+0300][508.787s][info ][gc] GC(3407) Pause Young (Allocation Failure) 80M->79M(258M) 174.641ms
[2020-08-08T13:13:28.924+0300][509.139s][info ][gc] GC(3408) Pause Young (Allocation Failure) 137M->136M(258M) 340.643ms
[2020-08-08T13:13:28.930+0300][509.144s][debug][gc] GC(3409) Shrinking ParOldGen from 147456K by 20992K to 126464K
[2020-08-08T13:13:28.930+0300][509.144s][info ][gc] GC(3409) Pause Full (Ergonomics) 136M->2M(237M) 5.383ms
[2020-08-08T13:13:28.979+0300][509.193s][info ][gc] GC(3410) Pause Young (Allocation Failure) 60M->59M(237M) 36.285ms
[2020-08-08T13:13:29.087+0300][509.302s][info ][gc] GC(3411) Pause Young (Allocation Failure) 117M->117M(237M) 96.908ms
[2020-08-08T13:13:29.391+0300][509.606s][debug][gc] GC(3412) Expanding ParOldGen from 126464K by 117248K to 243712K
[2020-08-08T13:13:29.391+0300][509.606s][info ][gc] GC(3412) Pause Full (Ergonomics) 117M->117M(352M) 304.504ms
[2020-08-08T13:13:29.444+0300][509.659s][info ][gc] GC(3413) Pause Young (Allocation Failure) 174M->174M(352M) 42.884ms
[2020-08-08T13:13:29.544+0300][509.759s][info ][gc] GC(3414) Pause Young (Allocation Failure) 231M->232M(352M) 89.350ms
[2020-08-08T13:13:29.782+0300][509.996s][debug][gc] GC(3415) Shrinking ParOldGen from 243712K by 18944K to 224768K
[2020-08-08T13:13:29.782+0300][509.996s][info ][gc] GC(3415) Pause Full (Ergonomics) 232M->98M(333M) 237.637ms
[2020-08-08T13:13:29.886+0300][510.101s][info ][gc] GC(3416) Pause Young (Allocation Failure) 155M->155M(333M) 94.437ms
[2020-08-08T13:13:29.984+0300][510.198s][info ][gc] GC(3417) Pause Young (Allocation Failure) 213M->213M(333M) 82.605ms
[2020-08-08T13:13:30.171+0300][510.386s][debug][gc] GC(3418) Shrinking ParOldGen from 224768K by 19456K to 205312K
[2020-08-08T13:13:30.171+0300][510.386s][info ][gc] GC(3418) Pause Full (Ergonomics) 213M->79M(314M) 187.588ms
[2020-08-08T13:13:30.346+0300][510.561s][info ][gc] GC(3419) Pause Young (Allocation Failure) 135M->135M(314M) 164.626ms
[2020-08-08T13:13:30.463+0300][510.678s][info ][gc] GC(3420) Pause Young (Allocation Failure) 193M->193M(314M) 105.311ms
[2020-08-08T13:13:30.587+0300][510.802s][debug][gc] GC(3421) Shrinking ParOldGen from 205312K by 19968K to 185344K
[2020-08-08T13:13:30.587+0300][510.802s][info ][gc] GC(3421) Pause Full (Ergonomics) 193M->59M(295M) 123.816ms
[2020-08-08T13:13:30.779+0300][510.994s][info ][gc] GC(3422) Pause Young (Allocation Failure) 117M->117M(295M) 179.839ms
[2020-08-08T13:13:30.983+0300][511.197s][info ][gc] GC(3423) Pause Young (Allocation Failure) 174M->175M(295M) 195.078ms
[2020-08-08T13:13:31.052+0300][511.267s][debug][gc] GC(3424) Shrinking ParOldGen from 185344K by 18944K to 166400K
[2020-08-08T13:13:31.052+0300][511.267s][info ][gc] GC(3424) Pause Full (Ergonomics) 175M->41M(276M) 69.483ms
[2020-08-08T13:13:31.219+0300][511.434s][info ][gc] GC(3425) Pause Young (Allocation Failure) 98M->98M(276M) 151.844ms
[2020-08-08T13:13:31.498+0300][511.713s][info ][gc] GC(3426) Pause Young (Allocation Failure) 156M->156M(276M) 271.110ms
[2020-08-08T13:13:31.513+0300][511.728s][debug][gc] GC(3427) Shrinking ParOldGen from 166400K by 19456K to 146944K
[2020-08-08T13:13:31.513+0300][511.728s][info ][gc] GC(3427) Pause Full (Ergonomics) 156M->22M(257M) 15.418ms
[2020-08-08T13:13:31.699+0300][511.914s][info ][gc] GC(3428) Pause Young (Allocation Failure) 80M->79M(257M) 173.038ms
[2020-08-08T13:13:32.048+0300][512.263s][info ][gc] GC(3429) Pause Young (Allocation Failure) 137M->136M(257M) 338.304ms
[2020-08-08T13:13:32.054+0300][512.269s][debug][gc] GC(3430) Shrinking ParOldGen from 146944K by 20480K to 126464K
[2020-08-08T13:13:32.054+0300][512.269s][info ][gc] GC(3430) Pause Full (Ergonomics) 136M->2M(237M) 5.571ms
[2020-08-08T13:13:32.105+0300][512.320s][info ][gc] GC(3431) Pause Young (Allocation Failure) 60M->59M(237M) 37.996ms
[2020-08-08T13:13:32.218+0300][512.433s][info ][gc] GC(3432) Pause Young (Allocation Failure) 117M->117M(237M) 100.368ms
[2020-08-08T13:13:32.520+0300][512.735s][debug][gc] GC(3433) Expanding ParOldGen from 126464K by 117248K to 243712K
[2020-08-08T13:13:32.520+0300][512.735s][info ][gc] GC(3433) Pause Full (Ergonomics) 117M->117M(352M) 301.274ms
[2020-08-08T13:13:32.568+0300][512.782s][info ][gc] GC(3434) Pause Young (Allocation Failure) 174M->174M(352M) 39.095ms
[2020-08-08T13:13:32.668+0300][512.883s][info ][gc] GC(3435) Pause Young (Allocation Failure) 231M->232M(352M) 90.644ms
[2020-08-08T13:13:32.917+0300][513.131s][debug][gc] GC(3436) Shrinking ParOldGen from 243712K by 18944K to 224768K
[2020-08-08T13:13:32.917+0300][513.132s][info ][gc] GC(3436) Pause Full (Ergonomics) 232M->98M(333M) 248.613ms
[2020-08-08T13:13:33.051+0300][513.266s][info ][gc] GC(3437) Pause Young (Allocation Failure) 155M->155M(333M) 120.733ms
[2020-08-08T13:13:33.149+0300][513.364s][info ][gc] GC(3438) Pause Young (Allocation Failure) 213M->213M(333M) 81.829ms
[2020-08-08T13:13:33.332+0300][513.547s][debug][gc] GC(3439) Shrinking ParOldGen from 224768K by 19456K to 205312K
[2020-08-08T13:13:33.332+0300][513.547s][info ][gc] GC(3439) Pause Full (Ergonomics) 213M->79M(314M) 183.382ms
[2020-08-08T13:13:33.514+0300][513.728s][info ][gc] GC(3440) Pause Young (Allocation Failure) 135M->135M(314M) 169.344ms
[2020-08-08T13:13:33.650+0300][513.865s][info ][gc] GC(3441) Pause Young (Allocation Failure) 193M->193M(314M) 121.450ms
[2020-08-08T13:13:33.772+0300][513.987s][debug][gc] GC(3442) Shrinking ParOldGen from 205312K by 19968K to 185344K
[2020-08-08T13:13:33.772+0300][513.987s][info ][gc] GC(3442) Pause Full (Ergonomics) 193M->59M(295M) 121.526ms
[2020-08-08T13:13:33.975+0300][514.190s][info ][gc] GC(3443) Pause Young (Allocation Failure) 117M->117M(295M) 187.929ms
[2020-08-08T13:13:34.193+0300][514.408s][info ][gc] GC(3444) Pause Young (Allocation Failure) 174M->175M(295M) 203.778ms
[2020-08-08T13:13:34.265+0300][514.479s][debug][gc] GC(3445) Shrinking ParOldGen from 185344K by 18944K to 166400K
[2020-08-08T13:13:34.265+0300][514.480s][info ][gc] GC(3445) Pause Full (Ergonomics) 175M->41M(276M) 71.239ms
[2020-08-08T13:13:34.452+0300][514.667s][info ][gc] GC(3446) Pause Young (Allocation Failure) 98M->98M(276M) 170.389ms
[2020-08-08T13:13:34.736+0300][514.951s][info ][gc] GC(3447) Pause Young (Allocation Failure) 156M->156M(276M) 273.673ms
[2020-08-08T13:13:34.751+0300][514.966s][debug][gc] GC(3448) Shrinking ParOldGen from 166400K by 19456K to 146944K
[2020-08-08T13:13:34.751+0300][514.966s][info ][gc] GC(3448) Pause Full (Ergonomics) 156M->22M(257M) 15.173ms
[2020-08-08T13:13:34.942+0300][515.157s][info ][gc] GC(3449) Pause Young (Allocation Failure) 80M->79M(257M) 175.070ms
[2020-08-08T13:13:35.276+0300][515.491s][info ][gc] GC(3450) Pause Young (Allocation Failure) 137M->136M(257M) 321.828ms
[2020-08-08T13:13:35.282+0300][515.497s][debug][gc] GC(3451) Shrinking ParOldGen from 146944K by 20480K to 126464K
[2020-08-08T13:13:35.282+0300][515.497s][info ][gc] GC(3451) Pause Full (Ergonomics) 136M->2M(237M) 6.015ms
[2020-08-08T13:13:35.332+0300][515.547s][info ][gc] GC(3452) Pause Young (Allocation Failure) 60M->59M(237M) 39.197ms
[2020-08-08T13:13:35.448+0300][515.662s][info ][gc] GC(3453) Pause Young (Allocation Failure) 117M->117M(237M) 103.068ms
[2020-08-08T13:13:35.754+0300][515.968s][debug][gc] GC(3454) Expanding ParOldGen from 126464K by 117248K to 243712K
[2020-08-08T13:13:35.754+0300][515.968s][info ][gc] GC(3454) Pause Full (Ergonomics) 117M->117M(352M) 305.956ms
[2020-08-08T13:13:35.802+0300][516.017s][info ][gc] GC(3455) Pause Young (Allocation Failure) 174M->174M(352M) 39.865ms
[2020-08-08T13:13:35.902+0300][516.117s][info ][gc] GC(3456) Pause Young (Allocation Failure) 231M->231M(352M) 90.009ms
[2020-08-08T13:13:36.142+0300][516.357s][debug][gc] GC(3457) Shrinking ParOldGen from 243712K by 18944K to 224768K
[2020-08-08T13:13:36.142+0300][516.357s][info ][gc] GC(3457) Pause Full (Ergonomics) 231M->98M(333M) 239.903ms
[2020-08-08T13:13:36.261+0300][516.476s][info ][gc] GC(3458) Pause Young (Allocation Failure) 155M->155M(333M) 111.674ms
[2020-08-08T13:13:36.361+0300][516.576s][info ][gc] GC(3459) Pause Young (Allocation Failure) 213M->213M(333M) 86.191ms
[2020-08-08T13:13:36.542+0300][516.757s][debug][gc] GC(3460) Shrinking ParOldGen from 224768K by 19456K to 205312K
[2020-08-08T13:13:36.542+0300][516.757s][info ][gc] GC(3460) Pause Full (Ergonomics) 213M->79M(314M) 180.663ms
[2020-08-08T13:13:36.725+0300][516.940s][info ][gc] GC(3461) Pause Young (Allocation Failure) 135M->135M(314M) 172.706ms
[2020-08-08T13:13:36.849+0300][517.064s][info ][gc] GC(3462) Pause Young (Allocation Failure) 193M->193M(314M) 114.886ms
[2020-08-08T13:13:36.972+0300][517.187s][debug][gc] GC(3463) Shrinking ParOldGen from 205312K by 19968K to 185344K
[2020-08-08T13:13:36.972+0300][517.187s][info ][gc] GC(3463) Pause Full (Ergonomics) 193M->59M(295M) 123.085ms
[2020-08-08T13:13:37.165+0300][517.380s][info ][gc] GC(3464) Pause Young (Allocation Failure) 117M->117M(295M) 181.876ms
[2020-08-08T13:13:37.390+0300][517.605s][info ][gc] GC(3465) Pause Young (Allocation Failure) 174M->175M(295M) 216.998ms
[2020-08-08T13:13:37.459+0300][517.674s][debug][gc] GC(3466) Shrinking ParOldGen from 185344K by 18944K to 166400K
[2020-08-08T13:13:37.459+0300][517.674s][info ][gc] GC(3466) Pause Full (Ergonomics) 175M->41M(276M) 69.487ms
[2020-08-08T13:13:37.642+0300][517.857s][info ][gc] GC(3467) Pause Young (Allocation Failure) 98M->98M(276M) 170.029ms
[2020-08-08T13:13:37.930+0300][518.145s][info ][gc] GC(3468) Pause Young (Allocation Failure) 156M->156M(276M) 279.742ms
[2020-08-08T13:13:37.945+0300][518.160s][debug][gc] GC(3469) Shrinking ParOldGen from 166400K by 19456K to 146944K
[2020-08-08T13:13:37.945+0300][518.160s][info ][gc] GC(3469) Pause Full (Ergonomics) 156M->22M(257M) 15.035ms
[2020-08-08T13:13:38.124+0300][518.339s][info ][gc] GC(3470) Pause Young (Allocation Failure) 80M->79M(257M) 167.737ms
[2020-08-08T13:13:38.461+0300][518.676s][info ][gc] GC(3471) Pause Young (Allocation Failure) 137M->136M(257M) 327.602ms
[2020-08-08T13:13:38.467+0300][518.682s][debug][gc] GC(3472) Shrinking ParOldGen from 146944K by 20480K to 126464K
[2020-08-08T13:13:38.467+0300][518.682s][info ][gc] GC(3472) Pause Full (Ergonomics) 136M->2M(237M) 6.122ms
[2020-08-08T13:13:38.513+0300][518.728s][info ][gc] GC(3473) Pause Young (Allocation Failure) 60M->59M(237M) 35.777ms
[2020-08-08T13:13:38.618+0300][518.833s][info ][gc] GC(3474) Pause Young (Allocation Failure) 117M->117M(237M) 94.681ms
[2020-08-08T13:13:38.927+0300][519.142s][debug][gc] GC(3475) Expanding ParOldGen from 126464K by 117248K to 243712K
[2020-08-08T13:13:38.927+0300][519.142s][info ][gc] GC(3475) Pause Full (Ergonomics) 117M->117M(352M) 308.673ms
[2020-08-08T13:13:38.979+0300][519.194s][info ][gc] GC(3476) Pause Young (Allocation Failure) 174M->174M(352M) 42.291ms
[2020-08-08T13:13:39.078+0300][519.293s][info ][gc] GC(3477) Pause Young (Allocation Failure) 231M->232M(352M) 89.399ms
[2020-08-08T13:13:39.321+0300][519.536s][debug][gc] GC(3478) Shrinking ParOldGen from 243712K by 18944K to 224768K
[2020-08-08T13:13:39.321+0300][519.536s][info ][gc] GC(3478) Pause Full (Ergonomics) 232M->98M(333M) 242.800ms
[2020-08-08T13:13:39.442+0300][519.656s][info ][gc] GC(3479) Pause Young (Allocation Failure) 155M->155M(333M) 113.019ms
[2020-08-08T13:13:39.534+0300][519.749s][info ][gc] GC(3480) Pause Young (Allocation Failure) 213M->213M(333M) 80.079ms
[2020-08-08T13:13:39.716+0300][519.931s][debug][gc] GC(3481) Shrinking ParOldGen from 224768K by 19456K to 205312K
[2020-08-08T13:13:39.716+0300][519.931s][info ][gc] GC(3481) Pause Full (Ergonomics) 213M->79M(314M) 182.315ms
