[2020-08-08T11:43:25.443+0300][0.010s][info][gc] Using Parallel
[2020-08-08T11:43:25.920+0300][0.487s][info][gc] GC(0) Pause Young (Allocation Failure) 128M->118M(491M) 212.459ms
[2020-08-08T11:43:26.183+0300][0.749s][info][gc] GC(1) Pause Young (Allocation Failure) 247M->204M(491M) 228.271ms
[2020-08-08T11:43:26.457+0300][1.023s][info][gc] GC(2) Pause Young (Allocation Failure) 333M->284M(491M) 243.586ms
[2020-08-08T11:43:26.801+0300][1.367s][debug][gc] GC(3) Shrinking ParOldGen from 349696K by 16896K to 332800K
[2020-08-08T11:43:26.801+0300][1.367s][info ][gc] GC(3) Pause Full (Ergonomics) 284M->100M(474M) 344.216ms
[2020-08-08T11:43:26.998+0300][1.564s][info ][gc] GC(4) Pause Young (Allocation Failure) 228M->225M(474M) 173.396ms
[2020-08-08T11:43:27.243+0300][1.809s][debug][gc] GC(5) Expanding ParOldGen from 332800K by 512K to 333312K
[2020-08-08T11:43:27.244+0300][1.810s][debug][gc] GC(5) Expanding ParOldGen from 333312K by 512K to 333824K
[2020-08-08T11:43:27.245+0300][1.811s][debug][gc] GC(5) Expanding ParOldGen from 333824K by 512K to 334336K
[2020-08-08T11:43:27.246+0300][1.812s][debug][gc] GC(5) Expanding ParOldGen from 334336K by 512K to 334848K
[2020-08-08T11:43:27.247+0300][1.813s][debug][gc] GC(5) Expanding ParOldGen from 334848K by 512K to 335360K
[2020-08-08T11:43:27.248+0300][1.814s][debug][gc] GC(5) Expanding ParOldGen from 335360K by 512K to 335872K
[2020-08-08T11:43:27.249+0300][1.815s][debug][gc] GC(5) Expanding ParOldGen from 335872K by 512K to 336384K
[2020-08-08T11:43:27.250+0300][1.816s][debug][gc] GC(5) Expanding ParOldGen from 336384K by 512K to 336896K
[2020-08-08T11:43:27.251+0300][1.817s][debug][gc] GC(5) Expanding ParOldGen from 336896K by 512K to 337408K
[2020-08-08T11:43:27.252+0300][1.818s][debug][gc] GC(5) Expanding ParOldGen from 337408K by 512K to 337920K
[2020-08-08T11:43:27.253+0300][1.819s][debug][gc] GC(5) Expanding ParOldGen from 337920K by 512K to 338432K
[2020-08-08T11:43:27.254+0300][1.820s][debug][gc] GC(5) Expanding ParOldGen from 338432K by 512K to 338944K
[2020-08-08T11:43:27.255+0300][1.821s][debug][gc] GC(5) Expanding ParOldGen from 338944K by 512K to 339456K
[2020-08-08T11:43:27.256+0300][1.822s][debug][gc] GC(5) Expanding ParOldGen from 339456K by 512K to 339968K
[2020-08-08T11:43:27.257+0300][1.823s][debug][gc] GC(5) Expanding ParOldGen from 339968K by 512K to 340480K
[2020-08-08T11:43:27.257+0300][1.824s][debug][gc] GC(5) Expanding ParOldGen from 340480K by 512K to 340992K
[2020-08-08T11:43:27.258+0300][1.824s][info ][gc] GC(5) Pause Young (Allocation Failure) 353M->353M(411M) 237.628ms
[2020-08-08T11:43:27.541+0300][2.107s][debug][gc] GC(6) Expanding ParOldGen from 340992K by 2048K to 343040K
[2020-08-08T11:43:27.541+0300][2.107s][info ][gc] GC(6) Pause Full (Ergonomics) 353M->85M(449M) 283.012ms
[2020-08-08T11:43:27.628+0300][2.194s][info ][gc] GC(7) Pause Young (Allocation Failure) 136M->135M(449M) 76.768ms
[2020-08-08T11:43:27.782+0300][2.348s][info ][gc] GC(8) Pause Young (Allocation Failure) 192M->192M(449M) 146.168ms
[2020-08-08T11:43:27.979+0300][2.545s][info ][gc] GC(9) Pause Young (Allocation Failure) 250M->250M(449M) 186.245ms
[2020-08-08T11:43:28.138+0300][2.704s][info ][gc] GC(10) Pause Young (Allocation Failure) 307M->308M(449M) 149.422ms
[2020-08-08T11:43:28.231+0300][2.797s][debug][gc] GC(11) Shrinking ParOldGen from 343040K by 67584K to 275456K
[2020-08-08T11:43:28.232+0300][2.797s][info ][gc] GC(11) Pause Full (Ergonomics) 308M->40M(383M) 93.383ms
[2020-08-08T11:43:28.331+0300][2.897s][info ][gc] GC(12) Pause Young (Allocation Failure) 97M->97M(383M) 86.183ms
[2020-08-08T11:43:28.481+0300][3.046s][info ][gc] GC(13) Pause Young (Allocation Failure) 155M->155M(383M) 141.890ms
[2020-08-08T11:43:28.635+0300][3.201s][info ][gc] GC(14) Pause Young (Allocation Failure) 213M->213M(383M) 143.757ms
[2020-08-08T11:43:28.874+0300][3.440s][debug][gc] GC(15) Expanding ParOldGen from 275456K by 38912K to 314368K
[2020-08-08T11:43:28.874+0300][3.440s][info ][gc] GC(15) Pause Full (Ergonomics) 213M->79M(421M) 239.122ms
[2020-08-08T11:43:28.971+0300][3.537s][info ][gc] GC(16) Pause Young (Allocation Failure) 136M->135M(421M) 86.878ms
[2020-08-08T11:43:29.124+0300][3.690s][info ][gc] GC(17) Pause Young (Allocation Failure) 193M->193M(421M) 143.685ms
[2020-08-08T11:43:29.290+0300][3.855s][info ][gc] GC(18) Pause Young (Allocation Failure) 250M->250M(421M) 156.185ms
[2020-08-08T11:43:29.447+0300][4.013s][info ][gc] GC(19) Pause Young (Allocation Failure) 308M->308M(421M) 149.386ms
[2020-08-08T11:43:29.541+0300][4.107s][debug][gc] GC(20) Shrinking ParOldGen from 314368K by 66560K to 247808K
[2020-08-08T11:43:29.541+0300][4.107s][info ][gc] GC(20) Pause Full (Ergonomics) 308M->40M(356M) 94.104ms
[2020-08-08T11:43:29.641+0300][4.207s][info ][gc] GC(21) Pause Young (Allocation Failure) 98M->98M(356M) 88.447ms
[2020-08-08T11:43:29.792+0300][4.358s][info ][gc] GC(22) Pause Young (Allocation Failure) 155M->155M(356M) 142.483ms
[2020-08-08T11:43:29.956+0300][4.522s][info ][gc] GC(23) Pause Young (Allocation Failure) 213M->213M(356M) 152.528ms
[2020-08-08T11:43:30.200+0300][4.766s][debug][gc] GC(24) Expanding ParOldGen from 247808K by 33280K to 281088K
[2020-08-08T11:43:30.200+0300][4.766s][info ][gc] GC(24) Pause Full (Ergonomics) 213M->79M(388M) 244.419ms
[2020-08-08T11:43:30.293+0300][4.859s][info ][gc] GC(25) Pause Young (Allocation Failure) 135M->135M(388M) 83.740ms
[2020-08-08T11:43:30.447+0300][5.013s][info ][gc] GC(26) Pause Young (Allocation Failure) 193M->193M(388M) 143.965ms
[2020-08-08T11:43:30.615+0300][5.181s][info ][gc] GC(27) Pause Young (Allocation Failure) 250M->250M(388M) 157.943ms
[2020-08-08T11:43:31.006+0300][5.571s][debug][gc] GC(28) Expanding ParOldGen from 281088K by 30208K to 311296K
[2020-08-08T11:43:31.006+0300][5.571s][info ][gc] GC(28) Pause Full (Ergonomics) 250M->116M(418M) 390.362ms
[2020-08-08T11:43:31.085+0300][5.651s][info ][gc] GC(29) Pause Young (Allocation Failure) 174M->174M(418M) 70.764ms
[2020-08-08T11:43:31.252+0300][5.818s][info ][gc] GC(30) Pause Young (Allocation Failure) 231M->231M(418M) 155.886ms
[2020-08-08T11:43:31.411+0300][5.977s][info ][gc] GC(31) Pause Young (Allocation Failure) 289M->289M(418M) 150.544ms
[2020-08-08T11:43:31.433+0300][5.999s][debug][gc] GC(32) Shrinking ParOldGen from 311296K by 98304K to 212992K
[2020-08-08T11:43:31.433+0300][5.999s][info ][gc] GC(32) Pause Full (Ergonomics) 289M->22M(322M) 21.564ms
[2020-08-08T11:43:31.534+0300][6.099s][info ][gc] GC(33) Pause Young (Allocation Failure) 79M->79M(322M) 88.052ms
[2020-08-08T11:43:31.710+0300][6.275s][info ][gc] GC(34) Pause Young (Allocation Failure) 135M->135M(322M) 165.918ms
[2020-08-08T11:43:31.869+0300][6.435s][info ][gc] GC(35) Pause Young (Allocation Failure) 193M->193M(322M) 150.626ms
[2020-08-08T11:43:32.034+0300][6.600s][debug][gc] GC(36) Expanding ParOldGen from 212992K by 35840K to 248832K
[2020-08-08T11:43:32.034+0300][6.600s][info ][gc] GC(36) Pause Full (Ergonomics) 193M->59M(357M) 165.299ms
[2020-08-08T11:43:32.137+0300][6.702s][info ][gc] GC(37) Pause Young (Allocation Failure) 116M->116M(357M) 89.681ms
[2020-08-08T11:43:32.290+0300][6.856s][info ][gc] GC(38) Pause Young (Allocation Failure) 174M->174M(357M) 143.932ms
[2020-08-08T11:43:32.455+0300][7.021s][info ][gc] GC(39) Pause Young (Allocation Failure) 232M->232M(357M) 154.935ms
[2020-08-08T11:43:32.776+0300][7.341s][debug][gc] GC(40) Expanding ParOldGen from 248832K by 38400K to 287232K
[2020-08-08T11:43:32.776+0300][7.341s][info ][gc] GC(40) Pause Full (Ergonomics) 232M->98M(394M) 320.264ms
[2020-08-08T11:43:32.853+0300][7.419s][info ][gc] GC(41) Pause Young (Allocation Failure) 155M->155M(394M) 69.119ms
[2020-08-08T11:43:33.019+0300][7.585s][info ][gc] GC(42) Pause Young (Allocation Failure) 213M->213M(394M) 152.576ms
[2020-08-08T11:43:33.204+0300][7.770s][info ][gc] GC(43) Pause Young (Allocation Failure) 270M->269M(394M) 169.545ms
[2020-08-08T11:43:33.212+0300][7.778s][debug][gc] GC(44) Shrinking ParOldGen from 287232K by 100864K to 186368K
[2020-08-08T11:43:33.212+0300][7.778s][info ][gc] GC(44) Pause Full (Ergonomics) 269M->2M(296M) 7.855ms
[2020-08-08T11:43:33.289+0300][7.855s][info ][gc] GC(45) Pause Young (Allocation Failure) 59M->59M(296M) 65.316ms
[2020-08-08T11:43:33.450+0300][8.015s][info ][gc] GC(46) Pause Young (Allocation Failure) 116M->116M(296M) 148.001ms
[2020-08-08T11:43:33.601+0300][8.166s][info ][gc] GC(47) Pause Young (Allocation Failure) 174M->174M(296M) 142.456ms
[2020-08-08T11:43:33.692+0300][8.257s][debug][gc] GC(48) Expanding ParOldGen from 186368K by 37376K to 223744K
[2020-08-08T11:43:33.692+0300][8.257s][info ][gc] GC(48) Pause Full (Ergonomics) 174M->40M(332M) 91.096ms
[2020-08-08T11:43:33.790+0300][8.356s][info ][gc] GC(49) Pause Young (Allocation Failure) 97M->97M(332M) 87.471ms
[2020-08-08T11:43:33.935+0300][8.501s][info ][gc] GC(50) Pause Young (Allocation Failure) 136M->135M(332M) 134.890ms
[2020-08-08T11:43:34.065+0300][8.631s][info ][gc] GC(51) Pause Young (Allocation Failure) 193M->193M(332M) 119.728ms
[2020-08-08T11:43:34.230+0300][8.796s][debug][gc] GC(52) Expanding ParOldGen from 223744K by 11264K to 235008K
[2020-08-08T11:43:34.230+0300][8.796s][info ][gc] GC(52) Pause Full (Ergonomics) 193M->59M(343M) 164.910ms
[2020-08-08T11:43:34.330+0300][8.897s][info ][gc] GC(53) Pause Young (Allocation Failure) 117M->116M(343M) 87.341ms
[2020-08-08T11:43:34.485+0300][9.051s][info ][gc] GC(54) Pause Young (Allocation Failure) 174M->174M(343M) 143.115ms
[2020-08-08T11:43:34.651+0300][9.217s][info ][gc] GC(55) Pause Young (Allocation Failure) 231M->231M(343M) 154.487ms
[2020-08-08T11:43:34.962+0300][9.528s][debug][gc] GC(56) Expanding ParOldGen from 235008K by 37888K to 272896K
[2020-08-08T11:43:34.962+0300][9.528s][info ][gc] GC(56) Pause Full (Ergonomics) 231M->96M(380M) 310.467ms
[2020-08-08T11:43:35.033+0300][9.599s][info ][gc] GC(57) Pause Young (Allocation Failure) 137M->135M(380M) 61.098ms
[2020-08-08T11:43:35.165+0300][9.731s][info ][gc] GC(58) Pause Young (Allocation Failure) 193M->193M(380M) 121.742ms
[2020-08-08T11:43:35.340+0300][9.906s][info ][gc] GC(59) Pause Young (Allocation Failure) 250M->250M(380M) 158.036ms
[2020-08-08T11:43:35.735+0300][10.301s][debug][gc] GC(60) Expanding ParOldGen from 272896K by 10240K to 283136K
[2020-08-08T11:43:35.735+0300][10.301s][info ][gc] GC(60) Pause Full (Ergonomics) 250M->116M(390M) 395.554ms
[2020-08-08T11:43:35.817+0300][10.383s][info ][gc] GC(61) Pause Young (Allocation Failure) 174M->173M(390M) 70.284ms
[2020-08-08T11:43:35.985+0300][10.550s][info ][gc] GC(62) Pause Young (Allocation Failure) 231M->231M(390M) 155.535ms
[2020-08-08T11:43:36.142+0300][10.708s][info ][gc] GC(63) Pause Young (Allocation Failure) 270M->269M(390M) 149.204ms
[2020-08-08T11:43:36.153+0300][10.719s][debug][gc] GC(64) Shrinking ParOldGen from 283136K by 114176K to 168960K
[2020-08-08T11:43:36.153+0300][10.719s][info ][gc] GC(64) Pause Full (Ergonomics) 269M->3M(279M) 11.327ms
[2020-08-08T11:43:36.240+0300][10.806s][info ][gc] GC(65) Pause Young (Allocation Failure) 61M->61M(279M) 72.571ms
[2020-08-08T11:43:36.410+0300][10.976s][info ][gc] GC(66) Pause Young (Allocation Failure) 118M->118M(279M) 156.261ms
[2020-08-08T11:43:36.564+0300][11.130s][info ][gc] GC(67) Pause Young (Allocation Failure) 176M->176M(279M) 145.351ms
[2020-08-08T11:43:36.657+0300][11.223s][debug][gc] GC(68) Expanding ParOldGen from 168960K by 40448K to 209408K
[2020-08-08T11:43:36.657+0300][11.223s][info ][gc] GC(68) Pause Full (Ergonomics) 176M->42M(318M) 93.065ms
[2020-08-08T11:43:36.754+0300][11.320s][info ][gc] GC(69) Pause Young (Allocation Failure) 100M->100M(318M) 87.051ms
[2020-08-08T11:43:36.908+0300][11.474s][info ][gc] GC(70) Pause Young (Allocation Failure) 157M->157M(318M) 145.650ms
[2020-08-08T11:43:36.928+0300][11.494s][debug][gc] GC(71) Shrinking ParOldGen from 209408K by 14848K to 194560K
[2020-08-08T11:43:36.928+0300][11.494s][info ][gc] GC(71) Pause Full (Ergonomics) 157M->22M(304M) 19.617ms
[2020-08-08T11:43:37.025+0300][11.591s][info ][gc] GC(72) Pause Young (Allocation Failure) 80M->80M(304M) 86.664ms
[2020-08-08T11:43:37.199+0300][11.765s][info ][gc] GC(73) Pause Young (Allocation Failure) 137M->136M(304M) 158.769ms
[2020-08-08T11:43:37.206+0300][11.772s][debug][gc] GC(74) Shrinking ParOldGen from 194560K by 22528K to 172032K
[2020-08-08T11:43:37.206+0300][11.772s][info ][gc] GC(74) Pause Full (Ergonomics) 136M->3M(282M) 6.883ms
[2020-08-08T11:43:37.278+0300][11.844s][info ][gc] GC(75) Pause Young (Allocation Failure) 60M->60M(282M) 63.547ms
[2020-08-08T11:43:37.437+0300][12.003s][info ][gc] GC(76) Pause Young (Allocation Failure) 117M->117M(282M) 149.723ms
[2020-08-08T11:43:37.830+0300][12.395s][debug][gc] GC(77) Expanding ParOldGen from 172032K by 114176K to 286208K
[2020-08-08T11:43:37.830+0300][12.396s][info ][gc] GC(77) Pause Full (Ergonomics) 117M->117M(393M) 392.239ms
[2020-08-08T11:43:37.908+0300][12.474s][info ][gc] GC(78) Pause Young (Allocation Failure) 174M->174M(393M) 69.091ms
[2020-08-08T11:43:38.089+0300][12.655s][info ][gc] GC(79) Pause Young (Allocation Failure) 232M->232M(393M) 163.092ms
[2020-08-08T11:43:38.408+0300][12.974s][debug][gc] GC(80) Shrinking ParOldGen from 286208K by 21504K to 264704K
[2020-08-08T11:43:38.408+0300][12.974s][info ][gc] GC(80) Pause Full (Ergonomics) 232M->98M(372M) 318.552ms
[2020-08-08T11:43:38.479+0300][13.045s][info ][gc] GC(81) Pause Young (Allocation Failure) 137M->136M(372M) 60.581ms
[2020-08-08T11:43:38.616+0300][13.182s][info ][gc] GC(82) Pause Young (Allocation Failure) 193M->193M(372M) 122.948ms
[2020-08-08T11:43:38.789+0300][13.355s][info ][gc] GC(83) Pause Young (Allocation Failure) 250M->251M(372M) 161.513ms
[2020-08-08T11:43:39.178+0300][13.744s][debug][gc] GC(84) Expanding ParOldGen from 264704K by 10752K to 275456K
[2020-08-08T11:43:39.178+0300][13.744s][info ][gc] GC(84) Pause Full (Ergonomics) 251M->117M(383M) 389.128ms
[2020-08-08T11:43:39.259+0300][13.824s][info ][gc] GC(85) Pause Young (Allocation Failure) 174M->174M(383M) 69.746ms
[2020-08-08T11:43:39.420+0300][13.985s][info ][gc] GC(86) Pause Young (Allocation Failure) 232M->232M(383M) 150.647ms
[2020-08-08T11:43:39.729+0300][14.295s][debug][gc] GC(87) Shrinking ParOldGen from 275456K by 17920K to 257536K
[2020-08-08T11:43:39.730+0300][14.295s][info ][gc] GC(87) Pause Full (Ergonomics) 232M->98M(365M) 309.868ms
[2020-08-08T11:43:39.808+0300][14.374s][info ][gc] GC(88) Pause Young (Allocation Failure) 155M->155M(365M) 69.696ms
[2020-08-08T11:43:39.961+0300][14.526s][info ][gc] GC(89) Pause Young (Allocation Failure) 213M->213M(365M) 141.784ms
[2020-08-08T11:43:40.216+0300][14.782s][debug][gc] GC(90) Shrinking ParOldGen from 257536K by 28160K to 229376K
[2020-08-08T11:43:40.216+0300][14.782s][info ][gc] GC(90) Pause Full (Ergonomics) 213M->79M(338M) 255.815ms
[2020-08-08T11:43:40.314+0300][14.880s][info ][gc] GC(91) Pause Young (Allocation Failure) 137M->136M(338M) 86.021ms
[2020-08-08T11:43:40.464+0300][15.030s][info ][gc] GC(92) Pause Young (Allocation Failure) 193M->193M(338M) 142.123ms
[2020-08-08T11:43:40.629+0300][15.195s][debug][gc] GC(93) Shrinking ParOldGen from 229376K by 19968K to 209408K
[2020-08-08T11:43:40.630+0300][15.195s][info ][gc] GC(93) Pause Full (Ergonomics) 193M->59M(318M) 165.529ms
[2020-08-08T11:43:40.726+0300][15.292s][info ][gc] GC(94) Pause Young (Allocation Failure) 117M->117M(318M) 87.128ms
[2020-08-08T11:43:40.882+0300][15.448s][info ][gc] GC(95) Pause Young (Allocation Failure) 174M->175M(318M) 145.190ms
[2020-08-08T11:43:40.974+0300][15.540s][debug][gc] GC(96) Shrinking ParOldGen from 209408K by 18432K to 190976K
[2020-08-08T11:43:40.974+0300][15.540s][info ][gc] GC(96) Pause Full (Ergonomics) 175M->41M(300M) 92.476ms
[2020-08-08T11:43:41.070+0300][15.636s][info ][gc] GC(97) Pause Young (Allocation Failure) 98M->98M(300M) 85.403ms
[2020-08-08T11:43:41.222+0300][15.788s][info ][gc] GC(98) Pause Young (Allocation Failure) 156M->156M(300M) 141.191ms
[2020-08-08T11:43:41.242+0300][15.808s][debug][gc] GC(99) Shrinking ParOldGen from 190976K by 18944K to 172032K
[2020-08-08T11:43:41.242+0300][15.808s][info ][gc] GC(99) Pause Full (Ergonomics) 156M->22M(282M) 20.259ms
[2020-08-08T11:43:41.339+0300][15.904s][info ][gc] GC(100) Pause Young (Allocation Failure) 80M->79M(282M) 85.606ms
[2020-08-08T11:43:41.506+0300][16.072s][info ][gc] GC(101) Pause Young (Allocation Failure) 136M->136M(282M) 156.653ms
[2020-08-08T11:43:41.516+0300][16.081s][debug][gc] GC(102) Shrinking ParOldGen from 172032K by 20992K to 151040K
[2020-08-08T11:43:41.516+0300][16.082s][info ][gc] GC(102) Pause Full (Ergonomics) 136M->2M(261M) 9.391ms
[2020-08-08T11:43:41.589+0300][16.155s][info ][gc] GC(103) Pause Young (Allocation Failure) 60M->59M(261M) 64.089ms
[2020-08-08T11:43:41.749+0300][16.315s][info ][gc] GC(104) Pause Young (Allocation Failure) 117M->117M(261M) 149.675ms
[2020-08-08T11:43:42.127+0300][16.693s][debug][gc] GC(105) Expanding ParOldGen from 151040K by 116736K to 267776K
[2020-08-08T11:43:42.127+0300][16.693s][info ][gc] GC(105) Pause Full (Ergonomics) 117M->117M(375M) 377.896ms
[2020-08-08T11:43:42.206+0300][16.772s][info ][gc] GC(106) Pause Young (Allocation Failure) 174M->174M(375M) 69.966ms
[2020-08-08T11:43:42.379+0300][16.945s][info ][gc] GC(107) Pause Young (Allocation Failure) 232M->232M(375M) 162.679ms
[2020-08-08T11:43:42.699+0300][17.265s][debug][gc] GC(108) Shrinking ParOldGen from 267776K by 19456K to 248320K
[2020-08-08T11:43:42.699+0300][17.265s][info ][gc] GC(108) Pause Full (Ergonomics) 232M->98M(356M) 320.090ms
[2020-08-08T11:43:42.776+0300][17.342s][info ][gc] GC(109) Pause Young (Allocation Failure) 156M->156M(356M) 69.667ms
[2020-08-08T11:43:42.928+0300][17.494s][info ][gc] GC(110) Pause Young (Allocation Failure) 213M->213M(356M) 142.418ms
[2020-08-08T11:43:43.168+0300][17.733s][debug][gc] GC(111) Shrinking ParOldGen from 248320K by 29696K to 218624K
[2020-08-08T11:43:43.168+0300][17.734s][info ][gc] GC(111) Pause Full (Ergonomics) 213M->79M(327M) 239.830ms
[2020-08-08T11:43:43.264+0300][17.830s][info ][gc] GC(112) Pause Young (Allocation Failure) 136M->136M(327M) 83.905ms
[2020-08-08T11:43:43.414+0300][17.980s][info ][gc] GC(113) Pause Young (Allocation Failure) 193M->193M(327M) 141.340ms
[2020-08-08T11:43:43.580+0300][18.146s][debug][gc] GC(114) Shrinking ParOldGen from 218624K by 20992K to 197632K
[2020-08-08T11:43:43.580+0300][18.146s][info ][gc] GC(114) Pause Full (Ergonomics) 193M->59M(307M) 166.068ms
[2020-08-08T11:43:43.680+0300][18.246s][info ][gc] GC(115) Pause Young (Allocation Failure) 117M->117M(307M) 88.496ms
[2020-08-08T11:43:43.833+0300][18.399s][info ][gc] GC(116) Pause Young (Allocation Failure) 174M->175M(307M) 143.531ms
[2020-08-08T11:43:43.926+0300][18.492s][debug][gc] GC(117) Shrinking ParOldGen from 197632K by 17920K to 179712K
[2020-08-08T11:43:43.926+0300][18.492s][info ][gc] GC(117) Pause Full (Ergonomics) 175M->41M(289M) 92.856ms
[2020-08-08T11:43:44.024+0300][18.590s][info ][gc] GC(118) Pause Young (Allocation Failure) 98M->98M(289M) 87.055ms
[2020-08-08T11:43:44.174+0300][18.740s][info ][gc] GC(119) Pause Young (Allocation Failure) 156M->156M(289M) 143.256ms
[2020-08-08T11:43:44.196+0300][18.761s][debug][gc] GC(120) Shrinking ParOldGen from 179712K by 18944K to 160768K
[2020-08-08T11:43:44.196+0300][18.761s][info ][gc] GC(120) Pause Full (Ergonomics) 156M->22M(271M) 21.321ms
[2020-08-08T11:43:44.293+0300][18.859s][info ][gc] GC(121) Pause Young (Allocation Failure) 80M->80M(271M) 86.345ms
[2020-08-08T11:43:44.465+0300][19.030s][info ][gc] GC(122) Pause Young (Allocation Failure) 136M->136M(271M) 160.090ms
[2020-08-08T11:43:44.474+0300][19.040s][debug][gc] GC(123) Shrinking ParOldGen from 160768K by 20480K to 140288K
[2020-08-08T11:43:44.474+0300][19.040s][info ][gc] GC(123) Pause Full (Ergonomics) 136M->2M(251M) 9.127ms
[2020-08-08T11:43:44.549+0300][19.115s][info ][gc] GC(124) Pause Young (Allocation Failure) 60M->59M(251M) 65.076ms
[2020-08-08T11:43:44.712+0300][19.278s][info ][gc] GC(125) Pause Young (Allocation Failure) 117M->117M(251M) 152.879ms
[2020-08-08T11:43:45.092+0300][19.658s][debug][gc] GC(126) Expanding ParOldGen from 140288K by 117760K to 258048K
[2020-08-08T11:43:45.092+0300][19.658s][info ][gc] GC(126) Pause Full (Ergonomics) 117M->117M(366M) 379.722ms
[2020-08-08T11:43:45.172+0300][19.738s][info ][gc] GC(127) Pause Young (Allocation Failure) 174M->174M(366M) 69.317ms
[2020-08-08T11:43:45.347+0300][19.913s][info ][gc] GC(128) Pause Young (Allocation Failure) 232M->232M(366M) 165.145ms
[2020-08-08T11:43:45.674+0300][20.240s][debug][gc] GC(129) Shrinking ParOldGen from 258048K by 18944K to 239104K
[2020-08-08T11:43:45.674+0300][20.240s][info ][gc] GC(129) Pause Full (Ergonomics) 232M->98M(347M) 326.568ms
[2020-08-08T11:43:45.753+0300][20.319s][info ][gc] GC(130) Pause Young (Allocation Failure) 156M->156M(347M) 70.034ms
[2020-08-08T11:43:45.909+0300][20.475s][info ][gc] GC(131) Pause Young (Allocation Failure) 213M->213M(347M) 144.658ms
[2020-08-08T11:43:46.149+0300][20.715s][debug][gc] GC(132) Shrinking ParOldGen from 239104K by 29696K to 209408K
[2020-08-08T11:43:46.149+0300][20.715s][info ][gc] GC(132) Pause Full (Ergonomics) 213M->79M(318M) 240.004ms
[2020-08-08T11:43:46.248+0300][20.814s][info ][gc] GC(133) Pause Young (Allocation Failure) 136M->136M(318M) 86.714ms
[2020-08-08T11:43:46.402+0300][20.968s][info ][gc] GC(134) Pause Young (Allocation Failure) 193M->193M(318M) 144.612ms
[2020-08-08T11:43:46.570+0300][21.135s][debug][gc] GC(135) Shrinking ParOldGen from 209408K by 19968K to 189440K
[2020-08-08T11:43:46.570+0300][21.136s][info ][gc] GC(135) Pause Full (Ergonomics) 193M->59M(299M) 167.807ms
[2020-08-08T11:43:46.670+0300][21.236s][info ][gc] GC(136) Pause Young (Allocation Failure) 117M->117M(299M) 89.243ms
[2020-08-08T11:43:46.825+0300][21.391s][info ][gc] GC(137) Pause Young (Allocation Failure) 174M->175M(299M) 146.480ms
[2020-08-08T11:43:46.919+0300][21.485s][debug][gc] GC(138) Shrinking ParOldGen from 189440K by 17920K to 171520K
[2020-08-08T11:43:46.919+0300][21.485s][info ][gc] GC(138) Pause Full (Ergonomics) 175M->41M(281M) 93.979ms
[2020-08-08T11:43:47.017+0300][21.583s][info ][gc] GC(139) Pause Young (Allocation Failure) 98M->98M(281M) 87.679ms
[2020-08-08T11:43:47.169+0300][21.735s][info ][gc] GC(140) Pause Young (Allocation Failure) 156M->156M(281M) 142.895ms
[2020-08-08T11:43:47.192+0300][21.757s][debug][gc] GC(141) Shrinking ParOldGen from 171520K by 17920K to 153600K
[2020-08-08T11:43:47.192+0300][21.757s][info ][gc] GC(141) Pause Full (Ergonomics) 156M->22M(264M) 22.652ms
[2020-08-08T11:43:47.295+0300][21.861s][info ][gc] GC(142) Pause Young (Allocation Failure) 80M->79M(264M) 89.377ms
[2020-08-08T11:43:47.465+0300][22.031s][info ][gc] GC(143) Pause Young (Allocation Failure) 136M->136M(264M) 159.524ms
[2020-08-08T11:43:47.475+0300][22.041s][debug][gc] GC(144) Shrinking ParOldGen from 153600K by 20480K to 133120K
[2020-08-08T11:43:47.475+0300][22.041s][info ][gc] GC(144) Pause Full (Ergonomics) 136M->2M(244M) 9.336ms
[2020-08-08T11:43:47.548+0300][22.113s][info ][gc] GC(145) Pause Young (Allocation Failure) 60M->59M(244M) 63.587ms
[2020-08-08T11:43:47.709+0300][22.275s][info ][gc] GC(146) Pause Young (Allocation Failure) 117M->117M(244M) 151.263ms
[2020-08-08T11:43:48.088+0300][22.654s][debug][gc] GC(147) Expanding ParOldGen from 133120K by 118272K to 251392K
[2020-08-08T11:43:48.088+0300][22.654s][info ][gc] GC(147) Pause Full (Ergonomics) 117M->117M(359M) 378.776ms
[2020-08-08T11:43:48.165+0300][22.731s][info ][gc] GC(148) Pause Young (Allocation Failure) 174M->174M(359M) 69.227ms
[2020-08-08T11:43:48.348+0300][22.914s][info ][gc] GC(149) Pause Young (Allocation Failure) 232M->232M(359M) 169.364ms
[2020-08-08T11:43:48.665+0300][23.231s][debug][gc] GC(150) Shrinking ParOldGen from 251392K by 19456K to 231936K
[2020-08-08T11:43:48.665+0300][23.231s][info ][gc] GC(150) Pause Full (Ergonomics) 232M->98M(340M) 316.872ms
[2020-08-08T11:43:48.743+0300][23.309s][info ][gc] GC(151) Pause Young (Allocation Failure) 156M->156M(340M) 69.136ms
[2020-08-08T11:43:48.898+0300][23.463s][info ][gc] GC(152) Pause Young (Allocation Failure) 213M->213M(340M) 143.781ms
[2020-08-08T11:43:49.139+0300][23.705s][debug][gc] GC(153) Shrinking ParOldGen from 231936K by 29696K to 202240K
[2020-08-08T11:43:49.139+0300][23.705s][info ][gc] GC(153) Pause Full (Ergonomics) 213M->79M(311M) 241.591ms
[2020-08-08T11:43:49.237+0300][23.803s][info ][gc] GC(154) Pause Young (Allocation Failure) 136M->136M(311M) 86.164ms
[2020-08-08T11:43:49.388+0300][23.954s][info ][gc] GC(155) Pause Young (Allocation Failure) 193M->193M(311M) 142.653ms
[2020-08-08T11:43:49.550+0300][24.116s][debug][gc] GC(156) Shrinking ParOldGen from 202240K by 19456K to 182784K
[2020-08-08T11:43:49.550+0300][24.116s][info ][gc] GC(156) Pause Full (Ergonomics) 193M->59M(292M) 162.055ms
[2020-08-08T11:43:49.648+0300][24.214s][info ][gc] GC(157) Pause Young (Allocation Failure) 117M->117M(292M) 87.251ms
[2020-08-08T11:43:49.798+0300][24.364s][info ][gc] GC(158) Pause Young (Allocation Failure) 174M->175M(292M) 142.717ms
[2020-08-08T11:43:49.892+0300][24.457s][debug][gc] GC(159) Shrinking ParOldGen from 182784K by 17408K to 165376K
[2020-08-08T11:43:49.892+0300][24.458s][info ][gc] GC(159) Pause Full (Ergonomics) 175M->41M(275M) 93.700ms
[2020-08-08T11:43:49.987+0300][24.553s][info ][gc] GC(160) Pause Young (Allocation Failure) 98M->98M(275M) 85.735ms
[2020-08-08T11:43:50.137+0300][24.703s][info ][gc] GC(161) Pause Young (Allocation Failure) 156M->156M(275M) 141.589ms
[2020-08-08T11:43:50.158+0300][24.724s][debug][gc] GC(162) Shrinking ParOldGen from 165376K by 10752K to 154624K
[2020-08-08T11:43:50.158+0300][24.724s][info ][gc] GC(162) Pause Full (Ergonomics) 156M->22M(265M) 20.976ms
[2020-08-08T11:43:50.260+0300][24.825s][info ][gc] GC(163) Pause Young (Allocation Failure) 80M->79M(265M) 87.854ms
[2020-08-08T11:43:50.428+0300][24.994s][info ][gc] GC(164) Pause Young (Allocation Failure) 137M->136M(265M) 158.032ms
[2020-08-08T11:43:50.437+0300][25.003s][debug][gc] GC(165) Shrinking ParOldGen from 154624K by 20992K to 133632K
[2020-08-08T11:43:50.437+0300][25.003s][info ][gc] GC(165) Pause Full (Ergonomics) 136M->2M(244M) 9.488ms
[2020-08-08T11:43:50.509+0300][25.075s][info ][gc] GC(166) Pause Young (Allocation Failure) 60M->59M(244M) 63.659ms
[2020-08-08T11:43:50.669+0300][25.235s][info ][gc] GC(167) Pause Young (Allocation Failure) 117M->117M(244M) 149.285ms
[2020-08-08T11:43:51.049+0300][25.615s][debug][gc] GC(168) Expanding ParOldGen from 133632K by 117248K to 250880K
[2020-08-08T11:43:51.049+0300][25.615s][info ][gc] GC(168) Pause Full (Ergonomics) 117M->117M(359M) 380.548ms
[2020-08-08T11:43:51.127+0300][25.693s][info ][gc] GC(169) Pause Young (Allocation Failure) 174M->174M(359M) 69.923ms
[2020-08-08T11:43:51.303+0300][25.869s][info ][gc] GC(170) Pause Young (Allocation Failure) 232M->232M(359M) 166.651ms
[2020-08-08T11:43:51.617+0300][26.182s][debug][gc] GC(171) Shrinking ParOldGen from 250880K by 18944K to 231936K
[2020-08-08T11:43:51.617+0300][26.182s][info ][gc] GC(171) Pause Full (Ergonomics) 232M->98M(340M) 313.709ms
[2020-08-08T11:43:51.698+0300][26.263s][info ][gc] GC(172) Pause Young (Allocation Failure) 156M->156M(340M) 69.803ms
[2020-08-08T11:43:51.861+0300][26.426s][info ][gc] GC(173) Pause Young (Allocation Failure) 213M->213M(340M) 153.340ms
[2020-08-08T11:43:52.097+0300][26.663s][debug][gc] GC(174) Shrinking ParOldGen from 231936K by 19968K to 211968K
[2020-08-08T11:43:52.098+0300][26.663s][info ][gc] GC(174) Pause Full (Ergonomics) 213M->79M(321M) 236.929ms
[2020-08-08T11:43:52.191+0300][26.757s][info ][gc] GC(175) Pause Young (Allocation Failure) 136M->136M(321M) 83.669ms
[2020-08-08T11:43:52.348+0300][26.914s][info ][gc] GC(176) Pause Young (Allocation Failure) 193M->193M(321M) 143.823ms
[2020-08-08T11:43:52.513+0300][27.079s][debug][gc] GC(177) Shrinking ParOldGen from 211968K by 21504K to 190464K
[2020-08-08T11:43:52.513+0300][27.079s][info ][gc] GC(177) Pause Full (Ergonomics) 193M->59M(300M) 164.345ms
[2020-08-08T11:43:52.610+0300][27.176s][info ][gc] GC(178) Pause Young (Allocation Failure) 117M->117M(300M) 87.399ms
[2020-08-08T11:43:52.762+0300][27.328s][info ][gc] GC(179) Pause Young (Allocation Failure) 174M->174M(300M) 142.847ms
[2020-08-08T11:43:52.855+0300][27.421s][debug][gc] GC(180) Shrinking ParOldGen from 190464K by 18944K to 171520K
[2020-08-08T11:43:52.855+0300][27.421s][info ][gc] GC(180) Pause Full (Ergonomics) 174M->41M(281M) 93.346ms
[2020-08-08T11:43:52.952+0300][27.518s][info ][gc] GC(181) Pause Young (Allocation Failure) 98M->98M(281M) 86.124ms
[2020-08-08T11:43:53.104+0300][27.669s][info ][gc] GC(182) Pause Young (Allocation Failure) 156M->156M(281M) 143.035ms
[2020-08-08T11:43:53.123+0300][27.689s][debug][gc] GC(183) Shrinking ParOldGen from 171520K by 12800K to 158720K
[2020-08-08T11:43:53.124+0300][27.689s][info ][gc] GC(183) Pause Full (Ergonomics) 156M->22M(269M) 19.845ms
[2020-08-08T11:43:53.219+0300][27.785s][info ][gc] GC(184) Pause Young (Allocation Failure) 79M->79M(269M) 85.742ms
[2020-08-08T11:43:53.395+0300][27.961s][info ][gc] GC(185) Pause Young (Allocation Failure) 136M->136M(269M) 160.811ms
[2020-08-08T11:43:53.404+0300][27.970s][debug][gc] GC(186) Shrinking ParOldGen from 158720K by 22528K to 136192K
[2020-08-08T11:43:53.404+0300][27.970s][info ][gc] GC(186) Pause Full (Ergonomics) 136M->2M(247M) 9.238ms
[2020-08-08T11:43:53.477+0300][28.043s][info ][gc] GC(187) Pause Young (Allocation Failure) 60M->59M(247M) 64.309ms
[2020-08-08T11:43:53.638+0300][28.203s][info ][gc] GC(188) Pause Young (Allocation Failure) 117M->117M(247M) 149.659ms
[2020-08-08T11:43:54.014+0300][28.580s][debug][gc] GC(189) Expanding ParOldGen from 136192K by 116224K to 252416K
[2020-08-08T11:43:54.014+0300][28.580s][info ][gc] GC(189) Pause Full (Ergonomics) 117M->117M(360M) 376.426ms
[2020-08-08T11:43:54.091+0300][28.657s][info ][gc] GC(190) Pause Young (Allocation Failure) 174M->174M(360M) 68.765ms
[2020-08-08T11:43:54.271+0300][28.837s][info ][gc] GC(191) Pause Young (Allocation Failure) 232M->232M(360M) 167.803ms
[2020-08-08T11:43:54.585+0300][29.151s][debug][gc] GC(192) Shrinking ParOldGen from 252416K by 20480K to 231936K
[2020-08-08T11:43:54.585+0300][29.151s][info ][gc] GC(192) Pause Full (Ergonomics) 232M->98M(340M) 313.902ms
[2020-08-08T11:43:54.670+0300][29.236s][info ][gc] GC(193) Pause Young (Allocation Failure) 156M->156M(340M) 72.082ms
[2020-08-08T11:43:54.835+0300][29.401s][info ][gc] GC(194) Pause Young (Allocation Failure) 213M->213M(340M) 152.390ms
[2020-08-08T11:43:55.075+0300][29.641s][debug][gc] GC(195) Shrinking ParOldGen from 231936K by 19968K to 211968K
[2020-08-08T11:43:55.075+0300][29.641s][info ][gc] GC(195) Pause Full (Ergonomics) 213M->79M(321M) 239.651ms
[2020-08-08T11:43:55.169+0300][29.735s][info ][gc] GC(196) Pause Young (Allocation Failure) 136M->136M(321M) 84.709ms
[2020-08-08T11:43:55.321+0300][29.887s][info ][gc] GC(197) Pause Young (Allocation Failure) 193M->193M(321M) 144.100ms
[2020-08-08T11:43:55.489+0300][30.054s][debug][gc] GC(198) Shrinking ParOldGen from 211968K by 22016K to 189952K
[2020-08-08T11:43:55.489+0300][30.054s][info ][gc] GC(198) Pause Full (Ergonomics) 193M->59M(299M) 167.184ms
[2020-08-08T11:43:55.588+0300][30.154s][info ][gc] GC(199) Pause Young (Allocation Failure) 117M->117M(299M) 87.849ms
[2020-08-08T11:43:55.740+0300][30.306s][info ][gc] GC(200) Pause Young (Allocation Failure) 174M->174M(299M) 143.007ms
[2020-08-08T11:43:55.835+0300][30.401s][debug][gc] GC(201) Shrinking ParOldGen from 189952K by 19968K to 169984K
[2020-08-08T11:43:55.835+0300][30.401s][info ][gc] GC(201) Pause Full (Ergonomics) 174M->41M(280M) 94.710ms
[2020-08-08T11:43:55.930+0300][30.496s][info ][gc] GC(202) Pause Young (Allocation Failure) 98M->98M(280M) 85.365ms
[2020-08-08T11:43:56.081+0300][30.647s][info ][gc] GC(203) Pause Young (Allocation Failure) 156M->156M(280M) 141.743ms
[2020-08-08T11:43:56.101+0300][30.667s][debug][gc] GC(204) Shrinking ParOldGen from 169984K by 12800K to 157184K
[2020-08-08T11:43:56.101+0300][30.667s][info ][gc] GC(204) Pause Full (Ergonomics) 156M->22M(267M) 20.315ms
[2020-08-08T11:43:56.198+0300][30.764s][info ][gc] GC(205) Pause Young (Allocation Failure) 80M->80M(267M) 86.576ms
[2020-08-08T11:43:56.367+0300][30.933s][info ][gc] GC(206) Pause Young (Allocation Failure) 136M->136M(267M) 158.572ms
[2020-08-08T11:43:56.376+0300][30.942s][debug][gc] GC(207) Shrinking ParOldGen from 157184K by 23040K to 134144K
[2020-08-08T11:43:56.376+0300][30.942s][info ][gc] GC(207) Pause Full (Ergonomics) 136M->2M(245M) 9.141ms
[2020-08-08T11:43:56.453+0300][31.019s][info ][gc] GC(208) Pause Young (Allocation Failure) 60M->59M(245M) 65.102ms
[2020-08-08T11:43:56.612+0300][31.178s][info ][gc] GC(209) Pause Young (Allocation Failure) 117M->117M(245M) 149.794ms
[2020-08-08T11:43:56.995+0300][31.561s][debug][gc] GC(210) Expanding ParOldGen from 134144K by 115712K to 249856K
[2020-08-08T11:43:56.995+0300][31.561s][info ][gc] GC(210) Pause Full (Ergonomics) 117M->117M(358M) 383.278ms
[2020-08-08T11:43:57.073+0300][31.639s][info ][gc] GC(211) Pause Young (Allocation Failure) 174M->174M(358M) 69.552ms
[2020-08-08T11:43:57.250+0300][31.816s][info ][gc] GC(212) Pause Young (Allocation Failure) 232M->232M(358M) 167.999ms
[2020-08-08T11:43:57.569+0300][32.135s][debug][gc] GC(213) Shrinking ParOldGen from 249856K by 20480K to 229376K
[2020-08-08T11:43:57.569+0300][32.135s][info ][gc] GC(213) Pause Full (Ergonomics) 232M->98M(338M) 318.283ms
[2020-08-08T11:43:57.651+0300][32.217s][info ][gc] GC(214) Pause Young (Allocation Failure) 156M->155M(338M) 70.806ms
[2020-08-08T11:43:57.674+0300][32.240s][debug][gc] GC(215) Shrinking ParOldGen from 229376K by 84480K to 144896K
[2020-08-08T11:43:57.674+0300][32.240s][info ][gc] GC(215) Pause Full (Ergonomics) 155M->22M(255M) 22.696ms
[2020-08-08T11:43:57.772+0300][32.338s][info ][gc] GC(216) Pause Young (Allocation Failure) 79M->79M(255M) 87.307ms
[2020-08-08T11:43:57.943+0300][32.509s][info ][gc] GC(217) Pause Young (Allocation Failure) 137M->136M(255M) 159.679ms
[2020-08-08T11:43:57.952+0300][32.518s][debug][gc] GC(218) Shrinking ParOldGen from 144896K by 19968K to 124928K
[2020-08-08T11:43:57.952+0300][32.518s][info ][gc] GC(218) Pause Full (Ergonomics) 136M->2M(236M) 8.888ms
[2020-08-08T11:43:58.025+0300][32.591s][info ][gc] GC(219) Pause Young (Allocation Failure) 60M->59M(236M) 64.612ms
[2020-08-08T11:43:58.182+0300][32.748s][info ][gc] GC(220) Pause Young (Allocation Failure) 117M->117M(236M) 147.518ms
[2020-08-08T11:43:58.557+0300][33.123s][debug][gc] GC(221) Expanding ParOldGen from 124928K by 117760K to 242688K
[2020-08-08T11:43:58.557+0300][33.123s][info ][gc] GC(221) Pause Full (Ergonomics) 117M->117M(351M) 374.803ms
[2020-08-08T11:43:58.641+0300][33.207s][info ][gc] GC(222) Pause Young (Allocation Failure) 174M->174M(351M) 71.646ms
[2020-08-08T11:43:58.822+0300][33.388s][info ][gc] GC(223) Pause Young (Allocation Failure) 232M->232M(351M) 171.050ms
[2020-08-08T11:43:59.140+0300][33.706s][debug][gc] GC(224) Shrinking ParOldGen from 242688K by 18944K to 223744K
[2020-08-08T11:43:59.140+0300][33.706s][info ][gc] GC(224) Pause Full (Ergonomics) 232M->98M(332M) 317.941ms
[2020-08-08T11:43:59.220+0300][33.786s][info ][gc] GC(225) Pause Young (Allocation Failure) 156M->156M(332M) 70.338ms
[2020-08-08T11:43:59.243+0300][33.809s][debug][gc] GC(226) Shrinking ParOldGen from 223744K by 83968K to 139776K
[2020-08-08T11:43:59.243+0300][33.809s][info ][gc] GC(226) Pause Full (Ergonomics) 156M->22M(250M) 23.203ms
[2020-08-08T11:43:59.345+0300][33.911s][info ][gc] GC(227) Pause Young (Allocation Failure) 80M->79M(250M) 88.512ms
[2020-08-08T11:43:59.526+0300][34.092s][info ][gc] GC(228) Pause Young (Allocation Failure) 136M->136M(250M) 162.615ms
[2020-08-08T11:43:59.535+0300][34.101s][debug][gc] GC(229) Shrinking ParOldGen from 139776K by 19456K to 120320K
[2020-08-08T11:43:59.536+0300][34.101s][info ][gc] GC(229) Pause Full (Ergonomics) 136M->2M(231M) 9.224ms
[2020-08-08T11:43:59.611+0300][34.177s][info ][gc] GC(230) Pause Young (Allocation Failure) 60M->59M(231M) 66.627ms
[2020-08-08T11:43:59.770+0300][34.336s][info ][gc] GC(231) Pause Young (Allocation Failure) 117M->117M(231M) 148.899ms
[2020-08-08T11:44:00.156+0300][34.721s][debug][gc] GC(232) Expanding ParOldGen from 120320K by 119296K to 239616K
[2020-08-08T11:44:00.156+0300][34.722s][info ][gc] GC(232) Pause Full (Ergonomics) 117M->117M(348M) 385.674ms
[2020-08-08T11:44:00.236+0300][34.802s][info ][gc] GC(233) Pause Young (Allocation Failure) 174M->174M(348M) 72.069ms
[2020-08-08T11:44:00.419+0300][34.984s][info ][gc] GC(234) Pause Young (Allocation Failure) 232M->232M(348M) 172.872ms
[2020-08-08T11:44:00.737+0300][35.303s][debug][gc] GC(235) Shrinking ParOldGen from 239616K by 18432K to 221184K
[2020-08-08T11:44:00.737+0300][35.303s][info ][gc] GC(235) Pause Full (Ergonomics) 232M->98M(330M) 318.527ms
[2020-08-08T11:44:00.816+0300][35.382s][info ][gc] GC(236) Pause Young (Allocation Failure) 156M->156M(330M) 70.241ms
[2020-08-08T11:44:00.983+0300][35.549s][info ][gc] GC(237) Pause Young (Allocation Failure) 213M->213M(330M) 157.210ms
[2020-08-08T11:44:01.223+0300][35.788s][debug][gc] GC(238) Shrinking ParOldGen from 221184K by 18432K to 202752K
[2020-08-08T11:44:01.223+0300][35.788s][info ][gc] GC(238) Pause Full (Ergonomics) 213M->79M(312M) 239.560ms
[2020-08-08T11:44:01.318+0300][35.884s][info ][gc] GC(239) Pause Young (Allocation Failure) 136M->136M(312M) 85.633ms
[2020-08-08T11:44:01.472+0300][36.038s][info ][gc] GC(240) Pause Young (Allocation Failure) 193M->193M(312M) 143.650ms
[2020-08-08T11:44:01.639+0300][36.204s][debug][gc] GC(241) Shrinking ParOldGen from 202752K by 19968K to 182784K
[2020-08-08T11:44:01.639+0300][36.205s][info ][gc] GC(241) Pause Full (Ergonomics) 193M->59M(292M) 166.752ms
[2020-08-08T11:44:01.736+0300][36.302s][info ][gc] GC(242) Pause Young (Allocation Failure) 117M->117M(292M) 87.592ms
[2020-08-08T11:44:01.892+0300][36.459s][info ][gc] GC(243) Pause Young (Allocation Failure) 174M->174M(292M) 146.203ms
[2020-08-08T11:44:01.988+0300][36.554s][debug][gc] GC(244) Shrinking ParOldGen from 182784K by 18432K to 164352K
[2020-08-08T11:44:01.988+0300][36.554s][info ][gc] GC(244) Pause Full (Ergonomics) 174M->41M(274M) 95.250ms
[2020-08-08T11:44:02.085+0300][36.651s][info ][gc] GC(245) Pause Young (Allocation Failure) 98M->98M(274M) 86.558ms
[2020-08-08T11:44:02.239+0300][36.805s][info ][gc] GC(246) Pause Young (Allocation Failure) 156M->156M(274M) 145.083ms
[2020-08-08T11:44:02.260+0300][36.826s][debug][gc] GC(247) Shrinking ParOldGen from 164352K by 11776K to 152576K
[2020-08-08T11:44:02.260+0300][36.826s][info ][gc] GC(247) Pause Full (Ergonomics) 156M->22M(263M) 21.485ms
[2020-08-08T11:44:02.359+0300][36.924s][info ][gc] GC(248) Pause Young (Allocation Failure) 80M->80M(263M) 87.115ms
[2020-08-08T11:44:02.529+0300][37.095s][info ][gc] GC(249) Pause Young (Allocation Failure) 136M->136M(263M) 158.274ms
[2020-08-08T11:44:02.538+0300][37.104s][debug][gc] GC(250) Shrinking ParOldGen from 152576K by 22016K to 130560K
[2020-08-08T11:44:02.538+0300][37.104s][info ][gc] GC(250) Pause Full (Ergonomics) 136M->2M(241M) 9.421ms
[2020-08-08T11:44:02.617+0300][37.182s][info ][gc] GC(251) Pause Young (Allocation Failure) 60M->59M(241M) 69.032ms
[2020-08-08T11:44:02.780+0300][37.346s][info ][gc] GC(252) Pause Young (Allocation Failure) 117M->117M(241M) 153.070ms
[2020-08-08T11:44:03.167+0300][37.732s][debug][gc] GC(253) Expanding ParOldGen from 130560K by 116736K to 247296K
[2020-08-08T11:44:03.167+0300][37.732s][info ][gc] GC(253) Pause Full (Ergonomics) 117M->117M(355M) 386.685ms
[2020-08-08T11:44:03.249+0300][37.815s][info ][gc] GC(254) Pause Young (Allocation Failure) 174M->174M(355M) 72.665ms
[2020-08-08T11:44:03.430+0300][37.996s][info ][gc] GC(255) Pause Young (Allocation Failure) 232M->232M(355M) 171.286ms
[2020-08-08T11:44:03.750+0300][38.315s][debug][gc] GC(256) Shrinking ParOldGen from 247296K by 19456K to 227840K
[2020-08-08T11:44:03.750+0300][38.315s][info ][gc] GC(256) Pause Full (Ergonomics) 232M->98M(336M) 319.670ms
[2020-08-08T11:44:03.829+0300][38.395s][info ][gc] GC(257) Pause Young (Allocation Failure) 156M->156M(336M) 69.220ms
[2020-08-08T11:44:03.991+0300][38.556s][info ][gc] GC(258) Pause Young (Allocation Failure) 213M->213M(336M) 151.306ms
[2020-08-08T11:44:04.229+0300][38.795s][debug][gc] GC(259) Shrinking ParOldGen from 227840K by 19456K to 208384K
[2020-08-08T11:44:04.229+0300][38.795s][info ][gc] GC(259) Pause Full (Ergonomics) 213M->79M(317M) 238.461ms
[2020-08-08T11:44:04.327+0300][38.892s][info ][gc] GC(260) Pause Young (Allocation Failure) 136M->136M(317M) 86.551ms
[2020-08-08T11:44:04.480+0300][39.046s][info ][gc] GC(261) Pause Young (Allocation Failure) 193M->193M(317M) 143.611ms
[2020-08-08T11:44:04.645+0300][39.211s][debug][gc] GC(262) Shrinking ParOldGen from 208384K by 21504K to 186880K
[2020-08-08T11:44:04.645+0300][39.211s][info ][gc] GC(262) Pause Full (Ergonomics) 193M->59M(296M) 165.363ms
[2020-08-08T11:44:04.744+0300][39.310s][info ][gc] GC(263) Pause Young (Allocation Failure) 117M->117M(296M) 88.509ms
[2020-08-08T11:44:04.897+0300][39.463s][info ][gc] GC(264) Pause Young (Allocation Failure) 174M->174M(296M) 143.150ms
[2020-08-08T11:44:04.992+0300][39.558s][debug][gc] GC(265) Shrinking ParOldGen from 186880K by 19456K to 167424K
[2020-08-08T11:44:04.992+0300][39.558s][info ][gc] GC(265) Pause Full (Ergonomics) 174M->41M(277M) 94.882ms
[2020-08-08T11:44:05.088+0300][39.654s][info ][gc] GC(266) Pause Young (Allocation Failure) 98M->98M(277M) 85.951ms
[2020-08-08T11:44:05.241+0300][39.807s][info ][gc] GC(267) Pause Young (Allocation Failure) 156M->156M(277M) 143.888ms
[2020-08-08T11:44:05.262+0300][39.827s][debug][gc] GC(268) Shrinking ParOldGen from 167424K by 12288K to 155136K
[2020-08-08T11:44:05.262+0300][39.828s][info ][gc] GC(268) Pause Full (Ergonomics) 156M->22M(265M) 20.331ms
[2020-08-08T11:44:05.359+0300][39.925s][info ][gc] GC(269) Pause Young (Allocation Failure) 79M->79M(265M) 87.164ms
[2020-08-08T11:44:05.531+0300][40.097s][info ][gc] GC(270) Pause Young (Allocation Failure) 136M->136M(265M) 158.420ms
[2020-08-08T11:44:05.541+0300][40.107s][debug][gc] GC(271) Shrinking ParOldGen from 155136K by 22016K to 133120K
[2020-08-08T11:44:05.541+0300][40.107s][info ][gc] GC(271) Pause Full (Ergonomics) 136M->2M(244M) 9.840ms
[2020-08-08T11:44:05.615+0300][40.181s][info ][gc] GC(272) Pause Young (Allocation Failure) 60M->59M(244M) 65.453ms
[2020-08-08T11:44:05.773+0300][40.338s][info ][gc] GC(273) Pause Young (Allocation Failure) 117M->117M(244M) 148.071ms
[2020-08-08T11:44:06.158+0300][40.723s][debug][gc] GC(274) Expanding ParOldGen from 133120K by 116224K to 249344K
[2020-08-08T11:44:06.158+0300][40.723s][info ][gc] GC(274) Pause Full (Ergonomics) 117M->117M(357M) 385.097ms
[2020-08-08T11:44:06.234+0300][40.800s][info ][gc] GC(275) Pause Young (Allocation Failure) 174M->174M(357M) 68.941ms
[2020-08-08T11:44:06.413+0300][40.979s][info ][gc] GC(276) Pause Young (Allocation Failure) 232M->232M(357M) 168.157ms
[2020-08-08T11:44:06.729+0300][41.295s][debug][gc] GC(277) Shrinking ParOldGen from 249344K by 19968K to 229376K
[2020-08-08T11:44:06.729+0300][41.295s][info ][gc] GC(277) Pause Full (Ergonomics) 232M->98M(338M) 316.036ms
[2020-08-08T11:44:06.809+0300][41.375s][info ][gc] GC(278) Pause Young (Allocation Failure) 156M->156M(338M) 69.626ms
[2020-08-08T11:44:06.971+0300][41.537s][info ][gc] GC(279) Pause Young (Allocation Failure) 213M->213M(338M) 151.207ms
[2020-08-08T11:44:07.209+0300][41.775s][debug][gc] GC(280) Shrinking ParOldGen from 229376K by 19968K to 209408K
[2020-08-08T11:44:07.209+0300][41.775s][info ][gc] GC(280) Pause Full (Ergonomics) 213M->79M(318M) 238.181ms
[2020-08-08T11:44:07.303+0300][41.869s][info ][gc] GC(281) Pause Young (Allocation Failure) 136M->136M(318M) 83.740ms
[2020-08-08T11:44:07.454+0300][42.020s][info ][gc] GC(282) Pause Young (Allocation Failure) 193M->193M(318M) 142.413ms
[2020-08-08T11:44:07.625+0300][42.191s][debug][gc] GC(283) Shrinking ParOldGen from 209408K by 20992K to 188416K
[2020-08-08T11:44:07.625+0300][42.191s][info ][gc] GC(283) Pause Full (Ergonomics) 193M->59M(298M) 171.137ms
[2020-08-08T11:44:07.726+0300][42.292s][info ][gc] GC(284) Pause Young (Allocation Failure) 117M->117M(298M) 87.227ms
[2020-08-08T11:44:07.878+0300][42.444s][info ][gc] GC(285) Pause Young (Allocation Failure) 174M->174M(298M) 142.687ms
[2020-08-08T11:44:07.976+0300][42.542s][debug][gc] GC(286) Shrinking ParOldGen from 188416K by 19968K to 168448K
[2020-08-08T11:44:07.976+0300][42.542s][info ][gc] GC(286) Pause Full (Ergonomics) 174M->41M(278M) 97.853ms
[2020-08-08T11:44:08.076+0300][42.641s][info ][gc] GC(287) Pause Young (Allocation Failure) 98M->98M(278M) 87.562ms
[2020-08-08T11:44:08.226+0300][42.792s][info ][gc] GC(288) Pause Young (Allocation Failure) 156M->156M(278M) 142.884ms
[2020-08-08T11:44:08.247+0300][42.813s][debug][gc] GC(289) Shrinking ParOldGen from 168448K by 12288K to 156160K
[2020-08-08T11:44:08.247+0300][42.813s][info ][gc] GC(289) Pause Full (Ergonomics) 156M->22M(266M) 20.967ms
[2020-08-08T11:44:08.344+0300][42.910s][info ][gc] GC(290) Pause Young (Allocation Failure) 79M->79M(266M) 87.213ms
[2020-08-08T11:44:08.512+0300][43.078s][info ][gc] GC(291) Pause Young (Allocation Failure) 136M->136M(266M) 156.525ms
[2020-08-08T11:44:08.522+0300][43.087s][debug][gc] GC(292) Shrinking ParOldGen from 156160K by 22528K to 133632K
[2020-08-08T11:44:08.522+0300][43.088s][info ][gc] GC(292) Pause Full (Ergonomics) 136M->2M(244M) 9.460ms
[2020-08-08T11:44:08.596+0300][43.162s][info ][gc] GC(293) Pause Young (Allocation Failure) 60M->59M(244M) 63.418ms
[2020-08-08T11:44:08.756+0300][43.322s][info ][gc] GC(294) Pause Young (Allocation Failure) 117M->117M(244M) 149.403ms
[2020-08-08T11:44:09.140+0300][43.706s][debug][gc] GC(295) Expanding ParOldGen from 133632K by 116224K to 249856K
[2020-08-08T11:44:09.140+0300][43.706s][info ][gc] GC(295) Pause Full (Ergonomics) 117M->117M(358M) 383.669ms
[2020-08-08T11:44:09.219+0300][43.784s][info ][gc] GC(296) Pause Young (Allocation Failure) 174M->174M(358M) 70.364ms
[2020-08-08T11:44:09.395+0300][43.961s][info ][gc] GC(297) Pause Young (Allocation Failure) 232M->232M(358M) 166.838ms
[2020-08-08T11:44:09.713+0300][44.279s][debug][gc] GC(298) Shrinking ParOldGen from 249856K by 19968K to 229888K
[2020-08-08T11:44:09.713+0300][44.279s][info ][gc] GC(298) Pause Full (Ergonomics) 232M->98M(338M) 318.310ms
[2020-08-08T11:44:09.795+0300][44.361s][info ][gc] GC(299) Pause Young (Allocation Failure) 156M->155M(338M) 70.362ms
[2020-08-08T11:44:09.818+0300][44.384s][debug][gc] GC(300) Shrinking ParOldGen from 229888K by 84480K to 145408K
[2020-08-08T11:44:09.818+0300][44.384s][info ][gc] GC(300) Pause Full (Ergonomics) 155M->22M(256M) 22.346ms
[2020-08-08T11:44:09.916+0300][44.482s][info ][gc] GC(301) Pause Young (Allocation Failure) 79M->79M(256M) 87.126ms
[2020-08-08T11:44:10.088+0300][44.654s][info ][gc] GC(302) Pause Young (Allocation Failure) 137M->136M(256M) 160.999ms
[2020-08-08T11:44:10.097+0300][44.663s][debug][gc] GC(303) Shrinking ParOldGen from 145408K by 20480K to 124928K
[2020-08-08T11:44:10.097+0300][44.663s][info ][gc] GC(303) Pause Full (Ergonomics) 136M->2M(236M) 9.269ms
[2020-08-08T11:44:10.172+0300][44.737s][info ][gc] GC(304) Pause Young (Allocation Failure) 60M->59M(236M) 65.084ms
[2020-08-08T11:44:10.331+0300][44.897s][info ][gc] GC(305) Pause Young (Allocation Failure) 117M->117M(236M) 149.136ms
[2020-08-08T11:44:10.713+0300][45.279s][debug][gc] GC(306) Expanding ParOldGen from 124928K by 118272K to 243200K
[2020-08-08T11:44:10.713+0300][45.279s][info ][gc] GC(306) Pause Full (Ergonomics) 117M->117M(351M) 381.819ms
[2020-08-08T11:44:10.794+0300][45.360s][info ][gc] GC(307) Pause Young (Allocation Failure) 174M->174M(351M) 70.426ms
[2020-08-08T11:44:10.978+0300][45.543s][info ][gc] GC(308) Pause Young (Allocation Failure) 232M->232M(351M) 173.633ms
[2020-08-08T11:44:11.301+0300][45.866s][debug][gc] GC(309) Shrinking ParOldGen from 243200K by 18944K to 224256K
[2020-08-08T11:44:11.301+0300][45.866s][info ][gc] GC(309) Pause Full (Ergonomics) 232M->98M(333M) 323.059ms
[2020-08-08T11:44:11.377+0300][45.943s][info ][gc] GC(310) Pause Young (Allocation Failure) 156M->156M(333M) 68.769ms
[2020-08-08T11:44:11.402+0300][45.967s][debug][gc] GC(311) Shrinking ParOldGen from 224256K by 84480K to 139776K
[2020-08-08T11:44:11.402+0300][45.968s][info ][gc] GC(311) Pause Full (Ergonomics) 156M->22M(250M) 24.264ms
[2020-08-08T11:44:11.501+0300][46.067s][info ][gc] GC(312) Pause Young (Allocation Failure) 79M->79M(250M) 86.852ms
[2020-08-08T11:44:11.672+0300][46.238s][info ][gc] GC(313) Pause Young (Allocation Failure) 137M->136M(250M) 159.858ms
[2020-08-08T11:44:11.683+0300][46.248s][debug][gc] GC(314) Shrinking ParOldGen from 139776K by 18944K to 120832K
[2020-08-08T11:44:11.683+0300][46.248s][info ][gc] GC(314) Pause Full (Ergonomics) 136M->2M(232M) 10.219ms
[2020-08-08T11:44:11.756+0300][46.321s][info ][gc] GC(315) Pause Young (Allocation Failure) 60M->59M(232M) 63.752ms
[2020-08-08T11:44:11.916+0300][46.481s][info ][gc] GC(316) Pause Young (Allocation Failure) 117M->117M(232M) 149.770ms
[2020-08-08T11:44:12.295+0300][46.861s][debug][gc] GC(317) Expanding ParOldGen from 120832K by 118784K to 239616K
[2020-08-08T11:44:12.295+0300][46.861s][info ][gc] GC(317) Pause Full (Ergonomics) 117M->117M(348M) 379.476ms
[2020-08-08T11:44:12.373+0300][46.938s][info ][gc] GC(318) Pause Young (Allocation Failure) 174M->174M(348M) 68.816ms
[2020-08-08T11:44:12.552+0300][47.118s][info ][gc] GC(319) Pause Young (Allocation Failure) 232M->232M(348M) 169.804ms
[2020-08-08T11:44:12.869+0300][47.434s][debug][gc] GC(320) Shrinking ParOldGen from 239616K by 18432K to 221184K
[2020-08-08T11:44:12.869+0300][47.434s][info ][gc] GC(320) Pause Full (Ergonomics) 232M->98M(330M) 316.582ms
[2020-08-08T11:44:12.947+0300][47.513s][info ][gc] GC(321) Pause Young (Allocation Failure) 156M->156M(330M) 69.534ms
[2020-08-08T11:44:13.110+0300][47.676s][info ][gc] GC(322) Pause Young (Allocation Failure) 213M->213M(330M) 152.370ms
[2020-08-08T11:44:13.348+0300][47.914s][debug][gc] GC(323) Shrinking ParOldGen from 221184K by 18432K to 202752K
[2020-08-08T11:44:13.348+0300][47.914s][info ][gc] GC(323) Pause Full (Ergonomics) 213M->79M(312M) 237.860ms
[2020-08-08T11:44:13.447+0300][48.013s][info ][gc] GC(324) Pause Young (Allocation Failure) 136M->136M(312M) 88.241ms
[2020-08-08T11:44:13.606+0300][48.172s][info ][gc] GC(325) Pause Young (Allocation Failure) 193M->193M(312M) 148.012ms
[2020-08-08T11:44:13.772+0300][48.338s][debug][gc] GC(326) Shrinking ParOldGen from 202752K by 19968K to 182784K
[2020-08-08T11:44:13.772+0300][48.338s][info ][gc] GC(326) Pause Full (Ergonomics) 193M->59M(292M) 165.724ms
[2020-08-08T11:44:13.867+0300][48.433s][info ][gc] GC(327) Pause Young (Allocation Failure) 117M->117M(292M) 85.392ms
[2020-08-08T11:44:14.020+0300][48.586s][info ][gc] GC(328) Pause Young (Allocation Failure) 174M->174M(292M) 145.161ms
[2020-08-08T11:44:14.115+0300][48.681s][debug][gc] GC(329) Shrinking ParOldGen from 182784K by 18432K to 164352K
[2020-08-08T11:44:14.115+0300][48.681s][info ][gc] GC(329) Pause Full (Ergonomics) 174M->41M(274M) 95.367ms
[2020-08-08T11:44:14.213+0300][48.778s][info ][gc] GC(330) Pause Young (Allocation Failure) 98M->98M(274M) 87.510ms
[2020-08-08T11:44:14.369+0300][48.935s][info ][gc] GC(331) Pause Young (Allocation Failure) 156M->156M(274M) 147.223ms
[2020-08-08T11:44:14.391+0300][48.956s][debug][gc] GC(332) Shrinking ParOldGen from 164352K by 11776K to 152576K
[2020-08-08T11:44:14.391+0300][48.957s][info ][gc] GC(332) Pause Full (Ergonomics) 156M->22M(263M) 21.275ms
[2020-08-08T11:44:14.489+0300][49.055s][info ][gc] GC(333) Pause Young (Allocation Failure) 80M->79M(263M) 87.564ms
[2020-08-08T11:44:14.660+0300][49.226s][info ][gc] GC(334) Pause Young (Allocation Failure) 136M->136M(263M) 158.480ms
[2020-08-08T11:44:14.670+0300][49.236s][debug][gc] GC(335) Shrinking ParOldGen from 152576K by 22016K to 130560K
[2020-08-08T11:44:14.670+0300][49.236s][info ][gc] GC(335) Pause Full (Ergonomics) 136M->2M(241M) 9.527ms
[2020-08-08T11:44:14.744+0300][49.310s][info ][gc] GC(336) Pause Young (Allocation Failure) 60M->59M(241M) 63.926ms
[2020-08-08T11:44:14.906+0300][49.471s][info ][gc] GC(337) Pause Young (Allocation Failure) 117M->117M(241M) 150.087ms
[2020-08-08T11:44:15.289+0300][49.855s][debug][gc] GC(338) Expanding ParOldGen from 130560K by 116736K to 247296K
[2020-08-08T11:44:15.289+0300][49.855s][info ][gc] GC(338) Pause Full (Ergonomics) 117M->117M(355M) 383.730ms
[2020-08-08T11:44:15.368+0300][49.934s][info ][gc] GC(339) Pause Young (Allocation Failure) 174M->174M(355M) 68.967ms
[2020-08-08T11:44:15.546+0300][50.112s][info ][gc] GC(340) Pause Young (Allocation Failure) 232M->232M(355M) 167.694ms
[2020-08-08T11:44:15.863+0300][50.429s][debug][gc] GC(341) Shrinking ParOldGen from 247296K by 19456K to 227840K
[2020-08-08T11:44:15.863+0300][50.429s][info ][gc] GC(341) Pause Full (Ergonomics) 232M->98M(336M) 317.021ms
[2020-08-08T11:44:15.942+0300][50.508s][info ][gc] GC(342) Pause Young (Allocation Failure) 156M->156M(336M) 67.685ms
[2020-08-08T11:44:16.105+0300][50.671s][info ][gc] GC(343) Pause Young (Allocation Failure) 213M->213M(336M) 152.121ms
[2020-08-08T11:44:16.344+0300][50.910s][debug][gc] GC(344) Shrinking ParOldGen from 227840K by 19456K to 208384K
[2020-08-08T11:44:16.344+0300][50.910s][info ][gc] GC(344) Pause Full (Ergonomics) 213M->79M(317M) 238.481ms
[2020-08-08T11:44:16.443+0300][51.009s][info ][gc] GC(345) Pause Young (Allocation Failure) 136M->136M(317M) 84.468ms
[2020-08-08T11:44:16.600+0300][51.165s][info ][gc] GC(346) Pause Young (Allocation Failure) 193M->193M(317M) 145.468ms
[2020-08-08T11:44:16.765+0300][51.331s][debug][gc] GC(347) Shrinking ParOldGen from 208384K by 21504K to 186880K
[2020-08-08T11:44:16.766+0300][51.331s][info ][gc] GC(347) Pause Full (Ergonomics) 193M->59M(296M) 165.902ms
[2020-08-08T11:44:16.862+0300][51.428s][info ][gc] GC(348) Pause Young (Allocation Failure) 117M->117M(296M) 86.463ms
[2020-08-08T11:44:17.017+0300][51.583s][info ][gc] GC(349) Pause Young (Allocation Failure) 174M->174M(296M) 146.317ms
[2020-08-08T11:44:17.113+0300][51.678s][debug][gc] GC(350) Shrinking ParOldGen from 186880K by 18944K to 167936K
[2020-08-08T11:44:17.113+0300][51.678s][info ][gc] GC(350) Pause Full (Ergonomics) 174M->41M(278M) 95.624ms
[2020-08-08T11:44:17.209+0300][51.775s][info ][gc] GC(351) Pause Young (Allocation Failure) 98M->98M(278M) 86.282ms
[2020-08-08T11:44:17.364+0300][51.930s][info ][gc] GC(352) Pause Young (Allocation Failure) 156M->156M(278M) 145.742ms
[2020-08-08T11:44:17.386+0300][51.952s][debug][gc] GC(353) Shrinking ParOldGen from 167936K by 12800K to 155136K
[2020-08-08T11:44:17.386+0300][51.952s][info ][gc] GC(353) Pause Full (Ergonomics) 156M->22M(265M) 21.679ms
[2020-08-08T11:44:17.485+0300][52.051s][info ][gc] GC(354) Pause Young (Allocation Failure) 80M->79M(265M) 88.573ms
[2020-08-08T11:44:17.662+0300][52.228s][info ][gc] GC(355) Pause Young (Allocation Failure) 136M->136M(265M) 164.934ms
[2020-08-08T11:44:17.672+0300][52.238s][debug][gc] GC(356) Shrinking ParOldGen from 155136K by 22016K to 133120K
[2020-08-08T11:44:17.672+0300][52.238s][info ][gc] GC(356) Pause Full (Ergonomics) 136M->2M(244M) 9.700ms
[2020-08-08T11:44:17.750+0300][52.316s][info ][gc] GC(357) Pause Young (Allocation Failure) 60M->59M(244M) 68.283ms
[2020-08-08T11:44:17.911+0300][52.477s][info ][gc] GC(358) Pause Young (Allocation Failure) 117M->117M(244M) 151.636ms
[2020-08-08T11:44:18.299+0300][52.865s][debug][gc] GC(359) Expanding ParOldGen from 133120K by 116224K to 249344K
[2020-08-08T11:44:18.300+0300][52.865s][info ][gc] GC(359) Pause Full (Ergonomics) 117M->117M(357M) 388.209ms
[2020-08-08T11:44:18.382+0300][52.947s][info ][gc] GC(360) Pause Young (Allocation Failure) 174M->174M(357M) 71.194ms
[2020-08-08T11:44:18.561+0300][53.126s][info ][gc] GC(361) Pause Young (Allocation Failure) 232M->232M(357M) 169.487ms
[2020-08-08T11:44:18.875+0300][53.441s][debug][gc] GC(362) Shrinking ParOldGen from 249344K by 19968K to 229376K
[2020-08-08T11:44:18.875+0300][53.441s][info ][gc] GC(362) Pause Full (Ergonomics) 232M->98M(338M) 314.094ms
[2020-08-08T11:44:18.954+0300][53.520s][info ][gc] GC(363) Pause Young (Allocation Failure) 156M->156M(338M) 68.071ms
[2020-08-08T11:44:19.115+0300][53.680s][info ][gc] GC(364) Pause Young (Allocation Failure) 213M->213M(338M) 151.059ms
[2020-08-08T11:44:19.352+0300][53.918s][debug][gc] GC(365) Shrinking ParOldGen from 229376K by 19968K to 209408K
[2020-08-08T11:44:19.352+0300][53.918s][info ][gc] GC(365) Pause Full (Ergonomics) 213M->79M(318M) 237.827ms
[2020-08-08T11:44:19.447+0300][54.013s][info ][gc] GC(366) Pause Young (Allocation Failure) 136M->136M(318M) 83.712ms
[2020-08-08T11:44:19.605+0300][54.171s][info ][gc] GC(367) Pause Young (Allocation Failure) 193M->193M(318M) 148.226ms
[2020-08-08T11:44:19.775+0300][54.341s][debug][gc] GC(368) Shrinking ParOldGen from 209408K by 20992K to 188416K
[2020-08-08T11:44:19.775+0300][54.341s][info ][gc] GC(368) Pause Full (Ergonomics) 193M->59M(298M) 169.866ms
[2020-08-08T11:44:19.876+0300][54.442s][info ][gc] GC(369) Pause Young (Allocation Failure) 117M->117M(298M) 88.566ms
[2020-08-08T11:44:20.031+0300][54.597s][info ][gc] GC(370) Pause Young (Allocation Failure) 174M->174M(298M) 145.097ms
[2020-08-08T11:44:20.127+0300][54.692s][debug][gc] GC(371) Shrinking ParOldGen from 188416K by 19968K to 168448K
[2020-08-08T11:44:20.127+0300][54.693s][info ][gc] GC(371) Pause Full (Ergonomics) 174M->41M(278M) 95.340ms
[2020-08-08T11:44:20.227+0300][54.793s][info ][gc] GC(372) Pause Young (Allocation Failure) 98M->98M(278M) 87.286ms
[2020-08-08T11:44:20.380+0300][54.946s][info ][gc] GC(373) Pause Young (Allocation Failure) 156M->156M(278M) 142.847ms
[2020-08-08T11:44:20.403+0300][54.968s][debug][gc] GC(374) Shrinking ParOldGen from 168448K by 12288K to 156160K
[2020-08-08T11:44:20.403+0300][54.968s][info ][gc] GC(374) Pause Full (Ergonomics) 156M->22M(266M) 22.629ms
[2020-08-08T11:44:20.501+0300][55.067s][info ][gc] GC(375) Pause Young (Allocation Failure) 80M->79M(266M) 88.362ms
[2020-08-08T11:44:20.675+0300][55.241s][info ][gc] GC(376) Pause Young (Allocation Failure) 136M->136M(266M) 161.423ms
[2020-08-08T11:44:20.685+0300][55.251s][debug][gc] GC(377) Shrinking ParOldGen from 156160K by 22528K to 133632K
[2020-08-08T11:44:20.685+0300][55.251s][info ][gc] GC(377) Pause Full (Ergonomics) 136M->2M(244M) 9.831ms
[2020-08-08T11:44:20.759+0300][55.325s][info ][gc] GC(378) Pause Young (Allocation Failure) 60M->59M(244M) 64.881ms
[2020-08-08T11:44:20.916+0300][55.482s][info ][gc] GC(379) Pause Young (Allocation Failure) 117M->117M(244M) 147.302ms
[2020-08-08T11:44:21.296+0300][55.862s][debug][gc] GC(380) Expanding ParOldGen from 133632K by 116224K to 249856K
[2020-08-08T11:44:21.296+0300][55.862s][info ][gc] GC(380) Pause Full (Ergonomics) 117M->117M(358M) 379.765ms
[2020-08-08T11:44:21.374+0300][55.940s][info ][gc] GC(381) Pause Young (Allocation Failure) 174M->174M(358M) 68.900ms
[2020-08-08T11:44:21.549+0300][56.115s][info ][gc] GC(382) Pause Young (Allocation Failure) 232M->232M(358M) 165.562ms
[2020-08-08T11:44:21.866+0300][56.432s][debug][gc] GC(383) Shrinking ParOldGen from 249856K by 19968K to 229888K
[2020-08-08T11:44:21.866+0300][56.432s][info ][gc] GC(383) Pause Full (Ergonomics) 232M->98M(338M) 317.152ms
[2020-08-08T11:44:21.945+0300][56.511s][info ][gc] GC(384) Pause Young (Allocation Failure) 156M->156M(338M) 68.517ms
[2020-08-08T11:44:22.107+0300][56.673s][info ][gc] GC(385) Pause Young (Allocation Failure) 213M->213M(338M) 151.993ms
[2020-08-08T11:44:22.355+0300][56.921s][debug][gc] GC(386) Shrinking ParOldGen from 229888K by 19968K to 209920K
[2020-08-08T11:44:22.355+0300][56.921s][info ][gc] GC(386) Pause Full (Ergonomics) 213M->79M(319M) 248.370ms
[2020-08-08T11:44:22.452+0300][57.018s][info ][gc] GC(387) Pause Young (Allocation Failure) 136M->136M(319M) 85.548ms
[2020-08-08T11:44:22.610+0300][57.176s][info ][gc] GC(388) Pause Young (Allocation Failure) 193M->193M(319M) 149.204ms
[2020-08-08T11:44:22.778+0300][57.343s][debug][gc] GC(389) Shrinking ParOldGen from 209920K by 21504K to 188416K
[2020-08-08T11:44:22.778+0300][57.343s][info ][gc] GC(389) Pause Full (Ergonomics) 193M->59M(298M) 167.782ms
[2020-08-08T11:44:22.879+0300][57.445s][info ][gc] GC(390) Pause Young (Allocation Failure) 117M->117M(298M) 88.832ms
[2020-08-08T11:44:23.031+0300][57.597s][info ][gc] GC(391) Pause Young (Allocation Failure) 174M->174M(298M) 143.609ms
[2020-08-08T11:44:23.125+0300][57.691s][debug][gc] GC(392) Shrinking ParOldGen from 188416K by 19456K to 168960K
[2020-08-08T11:44:23.125+0300][57.691s][info ][gc] GC(392) Pause Full (Ergonomics) 174M->41M(279M) 93.648ms
[2020-08-08T11:44:23.220+0300][57.786s][info ][gc] GC(393) Pause Young (Allocation Failure) 98M->98M(279M) 85.451ms
[2020-08-08T11:44:23.370+0300][57.935s][info ][gc] GC(394) Pause Young (Allocation Failure) 156M->156M(279M) 142.607ms
[2020-08-08T11:44:23.392+0300][57.957s][debug][gc] GC(395) Shrinking ParOldGen from 168960K by 12800K to 156160K
[2020-08-08T11:44:23.392+0300][57.957s][info ][gc] GC(395) Pause Full (Ergonomics) 156M->22M(266M) 21.583ms
[2020-08-08T11:44:23.489+0300][58.054s][info ][gc] GC(396) Pause Young (Allocation Failure) 80M->79M(266M) 86.957ms
[2020-08-08T11:44:23.658+0300][58.224s][info ][gc] GC(397) Pause Young (Allocation Failure) 136M->136M(266M) 158.832ms
[2020-08-08T11:44:23.668+0300][58.233s][debug][gc] GC(398) Shrinking ParOldGen from 156160K by 22528K to 133632K
[2020-08-08T11:44:23.668+0300][58.233s][info ][gc] GC(398) Pause Full (Ergonomics) 136M->2M(244M) 9.560ms
[2020-08-08T11:44:23.747+0300][58.313s][info ][gc] GC(399) Pause Young (Allocation Failure) 60M->59M(244M) 65.566ms
[2020-08-08T11:44:23.907+0300][58.473s][info ][gc] GC(400) Pause Young (Allocation Failure) 117M->117M(244M) 149.622ms
[2020-08-08T11:44:24.300+0300][58.865s][debug][gc] GC(401) Expanding ParOldGen from 133632K by 116224K to 249856K
[2020-08-08T11:44:24.300+0300][58.865s][info ][gc] GC(401) Pause Full (Ergonomics) 117M->117M(358M) 392.022ms
[2020-08-08T11:44:24.380+0300][58.945s][info ][gc] GC(402) Pause Young (Allocation Failure) 174M->174M(358M) 70.485ms
[2020-08-08T11:44:24.560+0300][59.126s][info ][gc] GC(403) Pause Young (Allocation Failure) 232M->232M(358M) 169.848ms
[2020-08-08T11:44:24.878+0300][59.444s][debug][gc] GC(404) Shrinking ParOldGen from 249856K by 19968K to 229888K
[2020-08-08T11:44:24.879+0300][59.444s][info ][gc] GC(404) Pause Full (Ergonomics) 232M->98M(338M) 318.364ms
[2020-08-08T11:44:24.961+0300][59.526s][info ][gc] GC(405) Pause Young (Allocation Failure) 156M->155M(338M) 69.824ms
[2020-08-08T11:44:24.983+0300][59.549s][debug][gc] GC(406) Shrinking ParOldGen from 229888K by 84480K to 145408K
[2020-08-08T11:44:24.983+0300][59.549s][info ][gc] GC(406) Pause Full (Ergonomics) 155M->22M(256M) 22.315ms
[2020-08-08T11:44:25.083+0300][59.649s][info ][gc] GC(407) Pause Young (Allocation Failure) 79M->79M(256M) 88.621ms
[2020-08-08T11:44:25.256+0300][59.822s][info ][gc] GC(408) Pause Young (Allocation Failure) 137M->136M(256M) 161.613ms
[2020-08-08T11:44:25.266+0300][59.831s][debug][gc] GC(409) Shrinking ParOldGen from 145408K by 20480K to 124928K
[2020-08-08T11:44:25.266+0300][59.831s][info ][gc] GC(409) Pause Full (Ergonomics) 136M->2M(236M) 9.608ms
[2020-08-08T11:44:25.342+0300][59.907s][info ][gc] GC(410) Pause Young (Allocation Failure) 60M->59M(236M) 64.689ms
[2020-08-08T11:44:25.503+0300][60.068s][info ][gc] GC(411) Pause Young (Allocation Failure) 117M->117M(236M) 149.626ms
[2020-08-08T11:44:25.884+0300][60.449s][debug][gc] GC(412) Expanding ParOldGen from 124928K by 118272K to 243200K
[2020-08-08T11:44:25.884+0300][60.449s][info ][gc] GC(412) Pause Full (Ergonomics) 117M->117M(351M) 380.970ms
[2020-08-08T11:44:25.967+0300][60.533s][info ][gc] GC(413) Pause Young (Allocation Failure) 174M->174M(351M) 70.417ms
[2020-08-08T11:44:26.147+0300][60.712s][info ][gc] GC(414) Pause Young (Allocation Failure) 232M->232M(351M) 169.514ms
[2020-08-08T11:44:26.464+0300][61.030s][debug][gc] GC(415) Shrinking ParOldGen from 243200K by 18944K to 224256K
[2020-08-08T11:44:26.464+0300][61.030s][info ][gc] GC(415) Pause Full (Ergonomics) 232M->98M(333M) 317.770ms
[2020-08-08T11:44:26.542+0300][61.108s][info ][gc] GC(416) Pause Young (Allocation Failure) 156M->156M(333M) 68.836ms
[2020-08-08T11:44:26.565+0300][61.131s][debug][gc] GC(417) Shrinking ParOldGen from 224256K by 83968K to 140288K
[2020-08-08T11:44:26.565+0300][61.132s][info ][gc] GC(417) Pause Full (Ergonomics) 156M->22M(251M) 23.145ms
[2020-08-08T11:44:26.667+0300][61.233s][info ][gc] GC(418) Pause Young (Allocation Failure) 79M->79M(251M) 88.074ms
[2020-08-08T11:44:26.836+0300][61.402s][info ][gc] GC(419) Pause Young (Allocation Failure) 137M->136M(251M) 158.839ms
[2020-08-08T11:44:26.845+0300][61.412s][debug][gc] GC(420) Shrinking ParOldGen from 140288K by 19456K to 120832K
[2020-08-08T11:44:26.845+0300][61.412s][info ][gc] GC(420) Pause Full (Ergonomics) 136M->2M(232M) 9.419ms
[2020-08-08T11:44:26.918+0300][61.484s][info ][gc] GC(421) Pause Young (Allocation Failure) 60M->59M(232M) 63.281ms
[2020-08-08T11:44:27.077+0300][61.642s][info ][gc] GC(422) Pause Young (Allocation Failure) 117M->117M(232M) 147.926ms
[2020-08-08T11:44:27.452+0300][62.018s][debug][gc] GC(423) Expanding ParOldGen from 120832K by 118784K to 239616K
[2020-08-08T11:44:27.452+0300][62.018s][info ][gc] GC(423) Pause Full (Ergonomics) 117M->117M(348M) 376.223ms
[2020-08-08T11:44:27.531+0300][62.097s][info ][gc] GC(424) Pause Young (Allocation Failure) 174M->174M(348M) 69.266ms
[2020-08-08T11:44:27.713+0300][62.280s][info ][gc] GC(425) Pause Young (Allocation Failure) 232M->232M(348M) 172.804ms
[2020-08-08T11:44:28.030+0300][62.596s][debug][gc] GC(426) Shrinking ParOldGen from 239616K by 18432K to 221184K
[2020-08-08T11:44:28.031+0300][62.596s][info ][gc] GC(426) Pause Full (Ergonomics) 232M->98M(330M) 316.090ms
[2020-08-08T11:44:28.109+0300][62.675s][info ][gc] GC(427) Pause Young (Allocation Failure) 156M->156M(330M) 68.167ms
[2020-08-08T11:44:28.266+0300][62.832s][info ][gc] GC(428) Pause Young (Allocation Failure) 213M->213M(330M) 146.647ms
[2020-08-08T11:44:28.504+0300][63.070s][debug][gc] GC(429) Shrinking ParOldGen from 221184K by 18432K to 202752K
[2020-08-08T11:44:28.504+0300][63.070s][info ][gc] GC(429) Pause Full (Ergonomics) 213M->79M(312M) 238.171ms
[2020-08-08T11:44:28.595+0300][63.161s][info ][gc] GC(430) Pause Young (Allocation Failure) 136M->136M(312M) 80.869ms
[2020-08-08T11:44:28.754+0300][63.320s][info ][gc] GC(431) Pause Young (Allocation Failure) 193M->193M(312M) 144.219ms
[2020-08-08T11:44:28.918+0300][63.484s][debug][gc] GC(432) Shrinking ParOldGen from 202752K by 19968K to 182784K
[2020-08-08T11:44:28.918+0300][63.484s][info ][gc] GC(432) Pause Full (Ergonomics) 193M->59M(292M) 164.443ms
[2020-08-08T11:44:29.012+0300][63.578s][info ][gc] GC(433) Pause Young (Allocation Failure) 117M->117M(292M) 83.901ms
[2020-08-08T11:44:29.157+0300][63.723s][info ][gc] GC(434) Pause Young (Allocation Failure) 174M->174M(292M) 136.364ms
[2020-08-08T11:44:29.251+0300][63.818s][debug][gc] GC(435) Shrinking ParOldGen from 182784K by 18432K to 164352K
[2020-08-08T11:44:29.251+0300][63.818s][info ][gc] GC(435) Pause Full (Ergonomics) 174M->41M(274M) 94.671ms
[2020-08-08T11:44:29.345+0300][63.911s][info ][gc] GC(436) Pause Young (Allocation Failure) 98M->98M(274M) 83.521ms
[2020-08-08T11:44:29.491+0300][64.057s][info ][gc] GC(437) Pause Young (Allocation Failure) 156M->156M(274M) 137.032ms
[2020-08-08T11:44:29.511+0300][64.077s][debug][gc] GC(438) Shrinking ParOldGen from 164352K by 11776K to 152576K
[2020-08-08T11:44:29.511+0300][64.077s][info ][gc] GC(438) Pause Full (Ergonomics) 156M->22M(263M) 20.482ms
[2020-08-08T11:44:29.608+0300][64.175s][info ][gc] GC(439) Pause Young (Allocation Failure) 80M->79M(263M) 87.366ms
[2020-08-08T11:44:29.782+0300][64.348s][info ][gc] GC(440) Pause Young (Allocation Failure) 136M->136M(263M) 160.028ms
[2020-08-08T11:44:29.791+0300][64.358s][debug][gc] GC(441) Shrinking ParOldGen from 152576K by 22016K to 130560K
[2020-08-08T11:44:29.791+0300][64.358s][info ][gc] GC(441) Pause Full (Ergonomics) 136M->2M(241M) 9.380ms
[2020-08-08T11:44:29.866+0300][64.431s][info ][gc] GC(442) Pause Young (Allocation Failure) 60M->59M(241M) 64.460ms
[2020-08-08T11:44:30.023+0300][64.589s][info ][gc] GC(443) Pause Young (Allocation Failure) 117M->117M(241M) 148.637ms
[2020-08-08T11:44:30.403+0300][64.969s][debug][gc] GC(444) Expanding ParOldGen from 130560K by 117248K to 247808K
[2020-08-08T11:44:30.403+0300][64.969s][info ][gc] GC(444) Pause Full (Ergonomics) 117M->117M(356M) 379.816ms
[2020-08-08T11:44:30.479+0300][65.045s][info ][gc] GC(445) Pause Young (Allocation Failure) 174M->174M(356M) 68.589ms
[2020-08-08T11:44:30.659+0300][65.225s][info ][gc] GC(446) Pause Young (Allocation Failure) 232M->232M(356M) 169.538ms
[2020-08-08T11:44:30.972+0300][65.537s][debug][gc] GC(447) Shrinking ParOldGen from 247808K by 19968K to 227840K
[2020-08-08T11:44:30.972+0300][65.537s][info ][gc] GC(447) Pause Full (Ergonomics) 232M->98M(336M) 312.095ms
[2020-08-08T11:44:31.051+0300][65.616s][info ][gc] GC(448) Pause Young (Allocation Failure) 156M->156M(336M) 67.034ms
[2020-08-08T11:44:31.211+0300][65.777s][info ][gc] GC(449) Pause Young (Allocation Failure) 213M->213M(336M) 150.680ms
[2020-08-08T11:44:31.450+0300][66.016s][debug][gc] GC(450) Shrinking ParOldGen from 227840K by 19456K to 208384K
[2020-08-08T11:44:31.450+0300][66.016s][info ][gc] GC(450) Pause Full (Ergonomics) 213M->79M(317M) 238.557ms
[2020-08-08T11:44:31.544+0300][66.109s][info ][gc] GC(451) Pause Young (Allocation Failure) 136M->136M(317M) 84.432ms
[2020-08-08T11:44:31.698+0300][66.263s][info ][gc] GC(452) Pause Young (Allocation Failure) 193M->193M(317M) 143.827ms
[2020-08-08T11:44:31.863+0300][66.429s][debug][gc] GC(453) Shrinking ParOldGen from 208384K by 20992K to 187392K
[2020-08-08T11:44:31.863+0300][66.429s][info ][gc] GC(453) Pause Full (Ergonomics) 193M->59M(297M) 165.353ms
[2020-08-08T11:44:31.960+0300][66.525s][info ][gc] GC(454) Pause Young (Allocation Failure) 117M->117M(297M) 84.473ms
[2020-08-08T11:44:32.104+0300][66.670s][info ][gc] GC(455) Pause Young (Allocation Failure) 174M->174M(297M) 136.521ms
[2020-08-08T11:44:32.197+0300][66.762s][debug][gc] GC(456) Shrinking ParOldGen from 187392K by 19456K to 167936K
[2020-08-08T11:44:32.197+0300][66.762s][info ][gc] GC(456) Pause Full (Ergonomics) 174M->41M(278M) 92.539ms
[2020-08-08T11:44:32.290+0300][66.856s][info ][gc] GC(457) Pause Young (Allocation Failure) 98M->98M(278M) 83.349ms
[2020-08-08T11:44:32.434+0300][67.000s][info ][gc] GC(458) Pause Young (Allocation Failure) 156M->156M(278M) 136.069ms
[2020-08-08T11:44:32.455+0300][67.020s][debug][gc] GC(459) Shrinking ParOldGen from 167936K by 12800K to 155136K
[2020-08-08T11:44:32.455+0300][67.020s][info ][gc] GC(459) Pause Full (Ergonomics) 156M->22M(265M) 20.597ms
[2020-08-08T11:44:32.551+0300][67.117s][info ][gc] GC(460) Pause Young (Allocation Failure) 80M->79M(265M) 86.740ms
[2020-08-08T11:44:32.719+0300][67.285s][info ][gc] GC(461) Pause Young (Allocation Failure) 136M->136M(265M) 157.661ms
[2020-08-08T11:44:32.728+0300][67.294s][debug][gc] GC(462) Shrinking ParOldGen from 155136K by 22016K to 133120K
[2020-08-08T11:44:32.728+0300][67.294s][info ][gc] GC(462) Pause Full (Ergonomics) 136M->2M(244M) 9.099ms
[2020-08-08T11:44:32.807+0300][67.372s][info ][gc] GC(463) Pause Young (Allocation Failure) 60M->59M(244M) 65.841ms
[2020-08-08T11:44:32.965+0300][67.530s][info ][gc] GC(464) Pause Young (Allocation Failure) 117M->117M(244M) 147.145ms
[2020-08-08T11:44:33.346+0300][67.912s][debug][gc] GC(465) Expanding ParOldGen from 133120K by 116224K to 249344K
[2020-08-08T11:44:33.346+0300][67.912s][info ][gc] GC(465) Pause Full (Ergonomics) 117M->117M(357M) 381.634ms
[2020-08-08T11:44:33.424+0300][67.989s][info ][gc] GC(466) Pause Young (Allocation Failure) 174M->174M(357M) 68.868ms
[2020-08-08T11:44:33.599+0300][68.165s][info ][gc] GC(467) Pause Young (Allocation Failure) 232M->232M(357M) 166.390ms
[2020-08-08T11:44:33.916+0300][68.481s][debug][gc] GC(468) Shrinking ParOldGen from 249344K by 19968K to 229376K
[2020-08-08T11:44:33.916+0300][68.481s][info ][gc] GC(468) Pause Full (Ergonomics) 232M->98M(338M) 316.610ms
[2020-08-08T11:44:33.995+0300][68.561s][info ][gc] GC(469) Pause Young (Allocation Failure) 156M->155M(338M) 67.135ms
[2020-08-08T11:44:34.017+0300][68.583s][debug][gc] GC(470) Shrinking ParOldGen from 229376K by 84480K to 144896K
[2020-08-08T11:44:34.018+0300][68.583s][info ][gc] GC(470) Pause Full (Ergonomics) 155M->22M(255M) 22.343ms
[2020-08-08T11:44:34.107+0300][68.673s][info ][gc] GC(471) Pause Young (Allocation Failure) 79M->79M(255M) 79.379ms
[2020-08-08T11:44:34.268+0300][68.833s][info ][gc] GC(472) Pause Young (Allocation Failure) 137M->136M(255M) 150.987ms
[2020-08-08T11:44:34.277+0300][68.842s][debug][gc] GC(473) Shrinking ParOldGen from 144896K by 19968K to 124928K
[2020-08-08T11:44:34.277+0300][68.842s][info ][gc] GC(473) Pause Full (Ergonomics) 136M->2M(236M) 8.999ms
[2020-08-08T11:44:34.349+0300][68.914s][info ][gc] GC(474) Pause Young (Allocation Failure) 60M->59M(236M) 63.285ms
[2020-08-08T11:44:34.506+0300][69.071s][info ][gc] GC(475) Pause Young (Allocation Failure) 117M->117M(236M) 146.944ms
[2020-08-08T11:44:34.887+0300][69.453s][debug][gc] GC(476) Expanding ParOldGen from 124928K by 117760K to 242688K
[2020-08-08T11:44:34.887+0300][69.453s][info ][gc] GC(476) Pause Full (Ergonomics) 117M->117M(351M) 381.503ms
[2020-08-08T11:44:34.969+0300][69.535s][info ][gc] GC(477) Pause Young (Allocation Failure) 174M->174M(351M) 69.913ms
[2020-08-08T11:44:35.149+0300][69.715s][info ][gc] GC(478) Pause Young (Allocation Failure) 232M->232M(351M) 169.962ms
[2020-08-08T11:44:35.467+0300][70.033s][debug][gc] GC(479) Shrinking ParOldGen from 242688K by 18944K to 223744K
[2020-08-08T11:44:35.467+0300][70.033s][info ][gc] GC(479) Pause Full (Ergonomics) 232M->98M(332M) 318.091ms
[2020-08-08T11:44:35.543+0300][70.108s][info ][gc] GC(480) Pause Young (Allocation Failure) 156M->156M(332M) 66.599ms
[2020-08-08T11:44:35.567+0300][70.132s][debug][gc] GC(481) Shrinking ParOldGen from 223744K by 83968K to 139776K
[2020-08-08T11:44:35.567+0300][70.132s][info ][gc] GC(481) Pause Full (Ergonomics) 156M->22M(250M) 24.136ms
[2020-08-08T11:44:35.659+0300][70.225s][info ][gc] GC(482) Pause Young (Allocation Failure) 79M->79M(250M) 81.813ms
[2020-08-08T11:44:35.826+0300][70.392s][info ][gc] GC(483) Pause Young (Allocation Failure) 136M->136M(250M) 154.424ms
[2020-08-08T11:44:35.835+0300][70.401s][debug][gc] GC(484) Shrinking ParOldGen from 139776K by 19456K to 120320K
[2020-08-08T11:44:35.835+0300][70.401s][info ][gc] GC(484) Pause Full (Ergonomics) 136M->2M(231M) 9.144ms
[2020-08-08T11:44:35.909+0300][70.474s][info ][gc] GC(485) Pause Young (Allocation Failure) 60M->59M(231M) 64.622ms
[2020-08-08T11:44:36.066+0300][70.631s][info ][gc] GC(486) Pause Young (Allocation Failure) 117M->117M(231M) 147.681ms
[2020-08-08T11:44:36.441+0300][71.007s][debug][gc] GC(487) Expanding ParOldGen from 120320K by 118784K to 239104K
[2020-08-08T11:44:36.442+0300][71.007s][info ][gc] GC(487) Pause Full (Ergonomics) 117M->117M(347M) 375.913ms
[2020-08-08T11:44:36.518+0300][71.084s][info ][gc] GC(488) Pause Young (Allocation Failure) 174M->174M(347M) 68.677ms
[2020-08-08T11:44:36.702+0300][71.267s][info ][gc] GC(489) Pause Young (Allocation Failure) 232M->232M(347M) 173.809ms
[2020-08-08T11:44:37.016+0300][71.581s][debug][gc] GC(490) Shrinking ParOldGen from 239104K by 17920K to 221184K
[2020-08-08T11:44:37.016+0300][71.582s][info ][gc] GC(490) Pause Full (Ergonomics) 232M->98M(330M) 314.512ms
[2020-08-08T11:44:37.095+0300][71.660s][info ][gc] GC(491) Pause Young (Allocation Failure) 156M->156M(330M) 67.478ms
[2020-08-08T11:44:37.254+0300][71.820s][info ][gc] GC(492) Pause Young (Allocation Failure) 213M->213M(330M) 149.588ms
[2020-08-08T11:44:37.491+0300][72.056s][debug][gc] GC(493) Shrinking ParOldGen from 221184K by 18432K to 202752K
[2020-08-08T11:44:37.491+0300][72.056s][info ][gc] GC(493) Pause Full (Ergonomics) 213M->79M(312M) 236.376ms
[2020-08-08T11:44:37.579+0300][72.145s][info ][gc] GC(494) Pause Young (Allocation Failure) 136M->136M(312M) 79.320ms
[2020-08-08T11:44:37.729+0300][72.294s][info ][gc] GC(495) Pause Young (Allocation Failure) 193M->193M(312M) 138.809ms
[2020-08-08T11:44:37.895+0300][72.461s][debug][gc] GC(496) Shrinking ParOldGen from 202752K by 19968K to 182784K
[2020-08-08T11:44:37.895+0300][72.461s][info ][gc] GC(496) Pause Full (Ergonomics) 193M->59M(292M) 166.754ms
[2020-08-08T11:44:37.996+0300][72.561s][info ][gc] GC(497) Pause Young (Allocation Failure) 117M->117M(292M) 87.840ms
[2020-08-08T11:44:38.144+0300][72.709s][info ][gc] GC(498) Pause Young (Allocation Failure) 174M->174M(292M) 140.167ms
[2020-08-08T11:44:38.237+0300][72.803s][debug][gc] GC(499) Shrinking ParOldGen from 182784K by 18432K to 164352K
[2020-08-08T11:44:38.237+0300][72.803s][info ][gc] GC(499) Pause Full (Ergonomics) 174M->41M(274M) 93.548ms
[2020-08-08T11:44:38.328+0300][72.893s][info ][gc] GC(500) Pause Young (Allocation Failure) 98M->98M(274M) 80.927ms
[2020-08-08T11:44:38.477+0300][73.043s][info ][gc] GC(501) Pause Young (Allocation Failure) 156M->156M(274M) 140.746ms
[2020-08-08T11:44:38.498+0300][73.063s][debug][gc] GC(502) Shrinking ParOldGen from 164352K by 11776K to 152576K
[2020-08-08T11:44:38.498+0300][73.063s][info ][gc] GC(502) Pause Full (Ergonomics) 156M->22M(263M) 20.669ms
[2020-08-08T11:44:38.591+0300][73.157s][info ][gc] GC(503) Pause Young (Allocation Failure) 80M->79M(263M) 83.289ms
[2020-08-08T11:44:38.756+0300][73.321s][info ][gc] GC(504) Pause Young (Allocation Failure) 136M->136M(263M) 152.160ms
[2020-08-08T11:44:38.765+0300][73.330s][debug][gc] GC(505) Shrinking ParOldGen from 152576K by 22016K to 130560K
[2020-08-08T11:44:38.765+0300][73.330s][info ][gc] GC(505) Pause Full (Ergonomics) 136M->2M(241M) 9.069ms
[2020-08-08T11:44:38.841+0300][73.407s][info ][gc] GC(506) Pause Young (Allocation Failure) 60M->59M(241M) 63.988ms
[2020-08-08T11:44:39.001+0300][73.566s][info ][gc] GC(507) Pause Young (Allocation Failure) 117M->117M(241M) 149.275ms
[2020-08-08T11:44:39.379+0300][73.944s][debug][gc] GC(508) Expanding ParOldGen from 130560K by 116736K to 247296K
[2020-08-08T11:44:39.379+0300][73.944s][info ][gc] GC(508) Pause Full (Ergonomics) 117M->117M(355M) 378.050ms
[2020-08-08T11:44:39.455+0300][74.021s][info ][gc] GC(509) Pause Young (Allocation Failure) 174M->174M(355M) 68.248ms
[2020-08-08T11:44:39.633+0300][74.199s][info ][gc] GC(510) Pause Young (Allocation Failure) 232M->232M(355M) 168.577ms
[2020-08-08T11:44:39.953+0300][74.518s][debug][gc] GC(511) Shrinking ParOldGen from 247296K by 19456K to 227840K
[2020-08-08T11:44:39.953+0300][74.518s][info ][gc] GC(511) Pause Full (Ergonomics) 232M->98M(336M) 319.452ms
[2020-08-08T11:44:40.032+0300][74.597s][info ][gc] GC(512) Pause Young (Allocation Failure) 156M->155M(336M) 68.573ms
[2020-08-08T11:44:40.054+0300][74.619s][debug][gc] GC(513) Shrinking ParOldGen from 227840K by 84480K to 143360K
[2020-08-08T11:44:40.054+0300][74.620s][info ][gc] GC(513) Pause Full (Ergonomics) 155M->22M(254M) 22.126ms
[2020-08-08T11:44:40.150+0300][74.715s][info ][gc] GC(514) Pause Young (Allocation Failure) 79M->79M(254M) 84.810ms
[2020-08-08T11:44:40.310+0300][74.876s][info ][gc] GC(515) Pause Young (Allocation Failure) 137M->136M(254M) 151.773ms
[2020-08-08T11:44:40.320+0300][74.885s][debug][gc] GC(516) Shrinking ParOldGen from 143360K by 19968K to 123392K
[2020-08-08T11:44:40.320+0300][74.885s][info ][gc] GC(516) Pause Full (Ergonomics) 136M->2M(234M) 9.458ms
[2020-08-08T11:44:40.392+0300][74.957s][info ][gc] GC(517) Pause Young (Allocation Failure) 60M->59M(234M) 63.783ms
[2020-08-08T11:44:40.549+0300][75.114s][info ][gc] GC(518) Pause Young (Allocation Failure) 117M->117M(234M) 146.852ms
[2020-08-08T11:44:40.927+0300][75.492s][debug][gc] GC(519) Expanding ParOldGen from 123392K by 118272K to 241664K
[2020-08-08T11:44:40.927+0300][75.492s][info ][gc] GC(519) Pause Full (Ergonomics) 117M->117M(350M) 378.250ms
[2020-08-08T11:44:41.008+0300][75.573s][info ][gc] GC(520) Pause Young (Allocation Failure) 174M->174M(350M) 69.147ms
[2020-08-08T11:44:41.186+0300][75.752s][info ][gc] GC(521) Pause Young (Allocation Failure) 232M->232M(350M) 168.329ms
[2020-08-08T11:44:41.501+0300][76.066s][debug][gc] GC(522) Shrinking ParOldGen from 241664K by 18432K to 223232K
[2020-08-08T11:44:41.501+0300][76.067s][info ][gc] GC(522) Pause Full (Ergonomics) 232M->98M(332M) 314.951ms
[2020-08-08T11:44:41.578+0300][76.143s][info ][gc] GC(523) Pause Young (Allocation Failure) 156M->156M(332M) 69.189ms
[2020-08-08T11:44:41.601+0300][76.166s][debug][gc] GC(524) Shrinking ParOldGen from 223232K by 83968K to 139264K
[2020-08-08T11:44:41.601+0300][76.166s][info ][gc] GC(524) Pause Full (Ergonomics) 156M->22M(250M) 23.159ms
[2020-08-08T11:44:41.698+0300][76.264s][info ][gc] GC(525) Pause Young (Allocation Failure) 79M->79M(250M) 83.060ms
[2020-08-08T11:44:41.865+0300][76.430s][info ][gc] GC(526) Pause Young (Allocation Failure) 136M->136M(250M) 155.269ms
[2020-08-08T11:44:41.874+0300][76.439s][debug][gc] GC(527) Shrinking ParOldGen from 139264K by 19456K to 119808K
[2020-08-08T11:44:41.874+0300][76.439s][info ][gc] GC(527) Pause Full (Ergonomics) 136M->2M(231M) 8.929ms
[2020-08-08T11:44:41.949+0300][76.514s][info ][gc] GC(528) Pause Young (Allocation Failure) 60M->59M(231M) 63.911ms
[2020-08-08T11:44:42.105+0300][76.671s][info ][gc] GC(529) Pause Young (Allocation Failure) 117M->117M(231M) 147.501ms
[2020-08-08T11:44:42.488+0300][77.053s][debug][gc] GC(530) Expanding ParOldGen from 119808K by 118272K to 238080K
[2020-08-08T11:44:42.488+0300][77.053s][info ][gc] GC(530) Pause Full (Ergonomics) 117M->117M(346M) 382.377ms
[2020-08-08T11:44:42.591+0300][77.157s][info ][gc] GC(531) Pause Young (Allocation Failure) 174M->174M(346M) 96.099ms
[2020-08-08T11:44:42.774+0300][77.339s][info ][gc] GC(532) Pause Young (Allocation Failure) 232M->232M(346M) 172.306ms
[2020-08-08T11:44:43.090+0300][77.656s][debug][gc] GC(533) Shrinking ParOldGen from 238080K by 17408K to 220672K
[2020-08-08T11:44:43.090+0300][77.656s][info ][gc] GC(533) Pause Full (Ergonomics) 232M->98M(329M) 316.543ms
[2020-08-08T11:44:43.170+0300][77.735s][info ][gc] GC(534) Pause Young (Allocation Failure) 156M->155M(329M) 68.222ms
[2020-08-08T11:44:43.193+0300][77.759s][debug][gc] GC(535) Shrinking ParOldGen from 220672K by 83968K to 136704K
[2020-08-08T11:44:43.193+0300][77.759s][info ][gc] GC(535) Pause Full (Ergonomics) 155M->22M(247M) 23.616ms
[2020-08-08T11:44:43.290+0300][77.855s][info ][gc] GC(536) Pause Young (Allocation Failure) 79M->79M(247M) 85.205ms
[2020-08-08T11:44:43.448+0300][78.014s][info ][gc] GC(537) Pause Young (Allocation Failure) 137M->136M(247M) 147.906ms
[2020-08-08T11:44:43.457+0300][78.023s][debug][gc] GC(538) Shrinking ParOldGen from 136704K by 18944K to 117760K
[2020-08-08T11:44:43.457+0300][78.023s][info ][gc] GC(538) Pause Full (Ergonomics) 136M->2M(229M) 9.115ms
[2020-08-08T11:44:43.529+0300][78.094s][info ][gc] GC(539) Pause Young (Allocation Failure) 60M->59M(229M) 63.290ms
[2020-08-08T11:44:43.687+0300][78.253s][info ][gc] GC(540) Pause Young (Allocation Failure) 117M->117M(229M) 148.425ms
[2020-08-08T11:44:44.067+0300][78.633s][debug][gc] GC(541) Expanding ParOldGen from 117760K by 116736K to 234496K
[2020-08-08T11:44:44.067+0300][78.633s][info ][gc] GC(541) Pause Full (Ergonomics) 117M->117M(343M) 379.951ms
[2020-08-08T11:44:44.177+0300][78.743s][info ][gc] GC(542) Pause Young (Allocation Failure) 174M->174M(343M) 99.571ms
[2020-08-08T11:44:44.357+0300][78.922s][info ][gc] GC(543) Pause Young (Allocation Failure) 232M->232M(343M) 169.960ms
[2020-08-08T11:44:44.673+0300][79.239s][debug][gc] GC(544) Shrinking ParOldGen from 234496K by 15360K to 219136K
[2020-08-08T11:44:44.673+0300][79.239s][info ][gc] GC(544) Pause Full (Ergonomics) 232M->98M(328M) 316.220ms
[2020-08-08T11:44:44.745+0300][79.311s][info ][gc] GC(545) Pause Young (Allocation Failure) 156M->156M(328M) 63.715ms
[2020-08-08T11:44:44.769+0300][79.334s][debug][gc] GC(546) Shrinking ParOldGen from 219136K by 83968K to 135168K
[2020-08-08T11:44:44.769+0300][79.334s][info ][gc] GC(546) Pause Full (Ergonomics) 156M->22M(246M) 23.679ms
[2020-08-08T11:44:44.862+0300][79.427s][info ][gc] GC(547) Pause Young (Allocation Failure) 79M->79M(246M) 79.355ms
[2020-08-08T11:44:45.019+0300][79.585s][info ][gc] GC(548) Pause Young (Allocation Failure) 137M->136M(246M) 148.244ms
[2020-08-08T11:44:45.029+0300][79.594s][debug][gc] GC(549) Shrinking ParOldGen from 135168K by 18432K to 116736K
[2020-08-08T11:44:45.029+0300][79.594s][info ][gc] GC(549) Pause Full (Ergonomics) 136M->2M(228M) 9.771ms
[2020-08-08T11:44:45.101+0300][79.666s][info ][gc] GC(550) Pause Young (Allocation Failure) 60M->59M(228M) 63.558ms
[2020-08-08T11:44:45.256+0300][79.822s][info ][gc] GC(551) Pause Young (Allocation Failure) 117M->117M(228M) 145.442ms
[2020-08-08T11:44:45.635+0300][80.201s][debug][gc] GC(552) Expanding ParOldGen from 116736K by 116224K to 232960K
[2020-08-08T11:44:45.635+0300][80.201s][info ][gc] GC(552) Pause Full (Ergonomics) 117M->117M(341M) 378.828ms
[2020-08-08T11:44:45.744+0300][80.309s][info ][gc] GC(553) Pause Young (Allocation Failure) 174M->174M(341M) 100.616ms
[2020-08-08T11:44:45.924+0300][80.489s][info ][gc] GC(554) Pause Young (Allocation Failure) 232M->232M(341M) 169.220ms
[2020-08-08T11:44:46.237+0300][80.803s][debug][gc] GC(555) Shrinking ParOldGen from 232960K by 14848K to 218112K
[2020-08-08T11:44:46.237+0300][80.803s][info ][gc] GC(555) Pause Full (Ergonomics) 232M->98M(327M) 313.741ms
[2020-08-08T11:44:46.316+0300][80.881s][info ][gc] GC(556) Pause Young (Allocation Failure) 156M->156M(327M) 66.109ms
[2020-08-08T11:44:46.473+0300][81.038s][info ][gc] GC(557) Pause Young (Allocation Failure) 213M->213M(327M) 147.915ms
[2020-08-08T11:44:46.712+0300][81.277s][debug][gc] GC(558) Shrinking ParOldGen from 218112K by 17920K to 200192K
[2020-08-08T11:44:46.712+0300][81.277s][info ][gc] GC(558) Pause Full (Ergonomics) 213M->79M(309M) 239.134ms
[2020-08-08T11:44:46.802+0300][81.367s][info ][gc] GC(559) Pause Young (Allocation Failure) 136M->136M(309M) 79.366ms
[2020-08-08T11:44:46.949+0300][81.515s][info ][gc] GC(560) Pause Young (Allocation Failure) 193M->193M(309M) 137.402ms
[2020-08-08T11:44:47.113+0300][81.679s][debug][gc] GC(561) Shrinking ParOldGen from 200192K by 19968K to 180224K
[2020-08-08T11:44:47.113+0300][81.679s][info ][gc] GC(561) Pause Full (Ergonomics) 193M->59M(290M) 163.653ms
[2020-08-08T11:44:47.200+0300][81.766s][info ][gc] GC(562) Pause Young (Allocation Failure) 117M->117M(290M) 77.493ms
[2020-08-08T11:44:47.344+0300][81.909s][info ][gc] GC(563) Pause Young (Allocation Failure) 174M->174M(290M) 136.245ms
[2020-08-08T11:44:47.438+0300][82.003s][debug][gc] GC(564) Shrinking ParOldGen from 180224K by 17920K to 162304K
[2020-08-08T11:44:47.438+0300][82.003s][info ][gc] GC(564) Pause Full (Ergonomics) 174M->41M(272M) 94.114ms
[2020-08-08T11:44:47.531+0300][82.097s][info ][gc] GC(565) Pause Young (Allocation Failure) 98M->98M(272M) 83.689ms
[2020-08-08T11:44:47.671+0300][82.236s][info ][gc] GC(566) Pause Young (Allocation Failure) 156M->156M(272M) 131.254ms
[2020-08-08T11:44:47.691+0300][82.257s][debug][gc] GC(567) Shrinking ParOldGen from 162304K by 11264K to 151040K
[2020-08-08T11:44:47.691+0300][82.257s][info ][gc] GC(567) Pause Full (Ergonomics) 156M->22M(261M) 20.850ms
[2020-08-08T11:44:47.785+0300][82.350s][info ][gc] GC(568) Pause Young (Allocation Failure) 80M->80M(261M) 82.235ms
[2020-08-08T11:44:47.951+0300][82.517s][info ][gc] GC(569) Pause Young (Allocation Failure) 136M->136M(261M) 155.262ms
[2020-08-08T11:44:47.960+0300][82.526s][debug][gc] GC(570) Shrinking ParOldGen from 151040K by 21504K to 129536K
[2020-08-08T11:44:47.960+0300][82.526s][info ][gc] GC(570) Pause Full (Ergonomics) 136M->2M(240M) 9.250ms
[2020-08-08T11:44:48.034+0300][82.600s][info ][gc] GC(571) Pause Young (Allocation Failure) 60M->59M(240M) 64.208ms
[2020-08-08T11:44:48.192+0300][82.757s][info ][gc] GC(572) Pause Young (Allocation Failure) 117M->117M(240M) 148.142ms
[2020-08-08T11:44:48.574+0300][83.139s][debug][gc] GC(573) Expanding ParOldGen from 129536K by 116736K to 246272K
[2020-08-08T11:44:48.574+0300][83.139s][info ][gc] GC(573) Pause Full (Ergonomics) 117M->117M(354M) 382.016ms
[2020-08-08T11:44:48.650+0300][83.215s][info ][gc] GC(574) Pause Young (Allocation Failure) 174M->174M(354M) 68.077ms
[2020-08-08T11:44:48.826+0300][83.392s][info ][gc] GC(575) Pause Young (Allocation Failure) 232M->232M(354M) 167.258ms
[2020-08-08T11:44:49.144+0300][83.709s][debug][gc] GC(576) Shrinking ParOldGen from 246272K by 19456K to 226816K
[2020-08-08T11:44:49.144+0300][83.709s][info ][gc] GC(576) Pause Full (Ergonomics) 232M->98M(335M) 317.845ms
[2020-08-08T11:44:49.220+0300][83.785s][info ][gc] GC(577) Pause Young (Allocation Failure) 156M->155M(335M) 64.707ms
[2020-08-08T11:44:49.243+0300][83.808s][debug][gc] GC(578) Shrinking ParOldGen from 226816K by 83968K to 142848K
[2020-08-08T11:44:49.243+0300][83.808s][info ][gc] GC(578) Pause Full (Ergonomics) 155M->22M(253M) 22.637ms
[2020-08-08T11:44:49.331+0300][83.897s][info ][gc] GC(579) Pause Young (Allocation Failure) 79M->79M(253M) 78.089ms
[2020-08-08T11:44:49.490+0300][84.055s][info ][gc] GC(580) Pause Young (Allocation Failure) 137M->136M(253M) 148.738ms
[2020-08-08T11:44:49.499+0300][84.064s][debug][gc] GC(581) Shrinking ParOldGen from 142848K by 19968K to 122880K
[2020-08-08T11:44:49.499+0300][84.064s][info ][gc] GC(581) Pause Full (Ergonomics) 136M->2M(234M) 9.255ms
[2020-08-08T11:44:49.571+0300][84.137s][info ][gc] GC(582) Pause Young (Allocation Failure) 60M->59M(234M) 64.542ms
[2020-08-08T11:44:49.731+0300][84.296s][info ][gc] GC(583) Pause Young (Allocation Failure) 117M->117M(234M) 149.683ms
[2020-08-08T11:44:50.108+0300][84.674s][debug][gc] GC(584) Expanding ParOldGen from 122880K by 118272K to 241152K
[2020-08-08T11:44:50.108+0300][84.674s][info ][gc] GC(584) Pause Full (Ergonomics) 117M->117M(349M) 377.227ms
[2020-08-08T11:44:50.190+0300][84.755s][info ][gc] GC(585) Pause Young (Allocation Failure) 174M->174M(349M) 70.384ms
[2020-08-08T11:44:50.370+0300][84.936s][info ][gc] GC(586) Pause Young (Allocation Failure) 232M->232M(349M) 170.671ms
[2020-08-08T11:44:50.689+0300][85.254s][debug][gc] GC(587) Shrinking ParOldGen from 241152K by 18432K to 222720K
[2020-08-08T11:44:50.689+0300][85.255s][info ][gc] GC(587) Pause Full (Ergonomics) 232M->98M(331M) 318.860ms
[2020-08-08T11:44:50.763+0300][85.328s][info ][gc] GC(588) Pause Young (Allocation Failure) 156M->156M(331M) 65.941ms
[2020-08-08T11:44:50.785+0300][85.351s][debug][gc] GC(589) Shrinking ParOldGen from 222720K by 83968K to 138752K
[2020-08-08T11:44:50.785+0300][85.351s][info ][gc] GC(589) Pause Full (Ergonomics) 156M->22M(249M) 22.745ms
[2020-08-08T11:44:50.876+0300][85.441s][info ][gc] GC(590) Pause Young (Allocation Failure) 79M->79M(249M) 79.824ms
[2020-08-08T11:44:51.044+0300][85.609s][info ][gc] GC(591) Pause Young (Allocation Failure) 136M->136M(249M) 154.950ms
[2020-08-08T11:44:51.054+0300][85.619s][debug][gc] GC(592) Shrinking ParOldGen from 138752K by 18944K to 119808K
[2020-08-08T11:44:51.054+0300][85.619s][info ][gc] GC(592) Pause Full (Ergonomics) 136M->2M(231M) 9.718ms
[2020-08-08T11:44:51.126+0300][85.692s][info ][gc] GC(593) Pause Young (Allocation Failure) 60M->59M(231M) 64.406ms
[2020-08-08T11:44:51.283+0300][85.848s][info ][gc] GC(594) Pause Young (Allocation Failure) 117M->117M(231M) 147.245ms
[2020-08-08T11:44:51.668+0300][86.233s][debug][gc] GC(595) Expanding ParOldGen from 119808K by 118272K to 238080K
[2020-08-08T11:44:51.668+0300][86.233s][info ][gc] GC(595) Pause Full (Ergonomics) 117M->117M(346M) 384.788ms
[2020-08-08T11:44:51.774+0300][86.340s][info ][gc] GC(596) Pause Young (Allocation Failure) 174M->174M(346M) 98.341ms
[2020-08-08T11:44:51.953+0300][86.518s][info ][gc] GC(597) Pause Young (Allocation Failure) 232M->232M(346M) 169.065ms
[2020-08-08T11:44:52.266+0300][86.832s][debug][gc] GC(598) Shrinking ParOldGen from 238080K by 17408K to 220672K
[2020-08-08T11:44:52.266+0300][86.832s][info ][gc] GC(598) Pause Full (Ergonomics) 232M->98M(329M) 313.502ms
[2020-08-08T11:44:52.343+0300][86.908s][info ][gc] GC(599) Pause Young (Allocation Failure) 156M->156M(329M) 66.087ms
[2020-08-08T11:44:52.501+0300][87.066s][info ][gc] GC(600) Pause Young (Allocation Failure) 213M->213M(329M) 147.486ms
[2020-08-08T11:44:52.738+0300][87.303s][debug][gc] GC(601) Shrinking ParOldGen from 220672K by 18432K to 202240K
[2020-08-08T11:44:52.738+0300][87.303s][info ][gc] GC(601) Pause Full (Ergonomics) 213M->79M(311M) 237.160ms
[2020-08-08T11:44:52.831+0300][87.396s][info ][gc] GC(602) Pause Young (Allocation Failure) 136M->136M(311M) 83.374ms
[2020-08-08T11:44:52.978+0300][87.543s][info ][gc] GC(603) Pause Young (Allocation Failure) 193M->193M(311M) 137.490ms
[2020-08-08T11:44:53.140+0300][87.705s][debug][gc] GC(604) Shrinking ParOldGen from 202240K by 19968K to 182272K
[2020-08-08T11:44:53.140+0300][87.705s][info ][gc] GC(604) Pause Full (Ergonomics) 193M->59M(292M) 162.222ms
[2020-08-08T11:44:53.229+0300][87.794s][info ][gc] GC(605) Pause Young (Allocation Failure) 117M->117M(292M) 77.694ms
[2020-08-08T11:44:53.373+0300][87.939s][info ][gc] GC(606) Pause Young (Allocation Failure) 174M->174M(292M) 136.280ms
[2020-08-08T11:44:53.467+0300][88.032s][debug][gc] GC(607) Shrinking ParOldGen from 182272K by 18432K to 163840K
[2020-08-08T11:44:53.467+0300][88.032s][info ][gc] GC(607) Pause Full (Ergonomics) 174M->41M(274M) 93.496ms
[2020-08-08T11:44:53.562+0300][88.128s][info ][gc] GC(608) Pause Young (Allocation Failure) 98M->98M(274M) 84.279ms
[2020-08-08T11:44:53.708+0300][88.273s][info ][gc] GC(609) Pause Young (Allocation Failure) 156M->156M(274M) 136.538ms
[2020-08-08T11:44:53.729+0300][88.294s][debug][gc] GC(610) Shrinking ParOldGen from 163840K by 11776K to 152064K
[2020-08-08T11:44:53.729+0300][88.295s][info ][gc] GC(610) Pause Full (Ergonomics) 156M->22M(262M) 21.242ms
[2020-08-08T11:44:53.824+0300][88.390s][info ][gc] GC(611) Pause Young (Allocation Failure) 80M->79M(262M) 84.423ms
[2020-08-08T11:44:53.979+0300][88.544s][info ][gc] GC(612) Pause Young (Allocation Failure) 136M->136M(262M) 146.013ms
[2020-08-08T11:44:53.989+0300][88.554s][debug][gc] GC(613) Shrinking ParOldGen from 152064K by 21504K to 130560K
[2020-08-08T11:44:53.989+0300][88.554s][info ][gc] GC(613) Pause Full (Ergonomics) 136M->2M(241M) 9.669ms
[2020-08-08T11:44:54.064+0300][88.629s][info ][gc] GC(614) Pause Young (Allocation Failure) 60M->59M(241M) 64.037ms
[2020-08-08T11:44:54.221+0300][88.786s][info ][gc] GC(615) Pause Young (Allocation Failure) 117M->117M(241M) 146.996ms
[2020-08-08T11:44:54.600+0300][89.165s][debug][gc] GC(616) Expanding ParOldGen from 130560K by 116736K to 247296K
[2020-08-08T11:44:54.600+0300][89.165s][info ][gc] GC(616) Pause Full (Ergonomics) 117M->117M(355M) 379.371ms
[2020-08-08T11:44:54.679+0300][89.244s][info ][gc] GC(617) Pause Young (Allocation Failure) 174M->174M(355M) 67.987ms
[2020-08-08T11:44:54.858+0300][89.424s][info ][gc] GC(618) Pause Young (Allocation Failure) 232M->232M(355M) 169.842ms
[2020-08-08T11:44:55.174+0300][89.739s][debug][gc] GC(619) Shrinking ParOldGen from 247296K by 19456K to 227840K
[2020-08-08T11:44:55.174+0300][89.739s][info ][gc] GC(619) Pause Full (Ergonomics) 232M->98M(336M) 315.470ms
[2020-08-08T11:44:55.254+0300][89.819s][info ][gc] GC(620) Pause Young (Allocation Failure) 156M->155M(336M) 69.041ms
[2020-08-08T11:44:55.276+0300][89.842s][debug][gc] GC(621) Shrinking ParOldGen from 227840K by 84480K to 143360K
[2020-08-08T11:44:55.276+0300][89.842s][info ][gc] GC(621) Pause Full (Ergonomics) 155M->22M(254M) 22.788ms
[2020-08-08T11:44:55.368+0300][89.934s][info ][gc] GC(622) Pause Young (Allocation Failure) 79M->79M(254M) 81.302ms
[2020-08-08T11:44:55.529+0300][90.094s][info ][gc] GC(623) Pause Young (Allocation Failure) 137M->136M(254M) 151.777ms
[2020-08-08T11:44:55.538+0300][90.103s][debug][gc] GC(624) Shrinking ParOldGen from 143360K by 19968K to 123392K
[2020-08-08T11:44:55.538+0300][90.103s][info ][gc] GC(624) Pause Full (Ergonomics) 136M->2M(234M) 8.829ms
[2020-08-08T11:44:55.612+0300][90.177s][info ][gc] GC(625) Pause Young (Allocation Failure) 60M->59M(234M) 65.504ms
[2020-08-08T11:44:55.769+0300][90.335s][info ][gc] GC(626) Pause Young (Allocation Failure) 117M->117M(234M) 148.029ms
[2020-08-08T11:44:56.146+0300][90.712s][debug][gc] GC(627) Expanding ParOldGen from 123392K by 118272K to 241664K
[2020-08-08T11:44:56.146+0300][90.712s][info ][gc] GC(627) Pause Full (Ergonomics) 117M->117M(350M) 376.953ms
[2020-08-08T11:44:56.227+0300][90.792s][info ][gc] GC(628) Pause Young (Allocation Failure) 174M->174M(350M) 69.792ms
[2020-08-08T11:44:56.407+0300][90.972s][info ][gc] GC(629) Pause Young (Allocation Failure) 232M->232M(350M) 169.709ms
[2020-08-08T11:44:56.727+0300][91.293s][debug][gc] GC(630) Shrinking ParOldGen from 241664K by 18432K to 223232K
[2020-08-08T11:44:56.727+0300][91.293s][info ][gc] GC(630) Pause Full (Ergonomics) 232M->98M(332M) 320.463ms
[2020-08-08T11:44:56.802+0300][91.367s][info ][gc] GC(631) Pause Young (Allocation Failure) 156M->156M(332M) 66.396ms
[2020-08-08T11:44:56.825+0300][91.391s][debug][gc] GC(632) Shrinking ParOldGen from 223232K by 83968K to 139264K
[2020-08-08T11:44:56.826+0300][91.391s][info ][gc] GC(632) Pause Full (Ergonomics) 156M->22M(250M) 23.473ms
[2020-08-08T11:44:56.916+0300][91.482s][info ][gc] GC(633) Pause Young (Allocation Failure) 79M->79M(250M) 80.069ms
[2020-08-08T11:44:57.084+0300][91.649s][info ][gc] GC(634) Pause Young (Allocation Failure) 136M->136M(250M) 153.631ms
[2020-08-08T11:44:57.093+0300][91.658s][debug][gc] GC(635) Shrinking ParOldGen from 139264K by 19456K to 119808K
[2020-08-08T11:44:57.093+0300][91.658s][info ][gc] GC(635) Pause Full (Ergonomics) 136M->2M(231M) 9.213ms
[2020-08-08T11:44:57.165+0300][91.731s][info ][gc] GC(636) Pause Young (Allocation Failure) 60M->59M(231M) 63.641ms
[2020-08-08T11:44:57.323+0300][91.888s][info ][gc] GC(637) Pause Young (Allocation Failure) 117M->117M(231M) 147.466ms
[2020-08-08T11:44:57.703+0300][92.269s][debug][gc] GC(638) Expanding ParOldGen from 119808K by 118272K to 238080K
[2020-08-08T11:44:57.703+0300][92.269s][info ][gc] GC(638) Pause Full (Ergonomics) 117M->117M(346M) 380.334ms
[2020-08-08T11:44:57.807+0300][92.373s][info ][gc] GC(639) Pause Young (Allocation Failure) 174M->174M(346M) 96.652ms
[2020-08-08T11:44:57.990+0300][92.555s][info ][gc] GC(640) Pause Young (Allocation Failure) 232M->232M(346M) 169.571ms
[2020-08-08T11:44:58.303+0300][92.869s][debug][gc] GC(641) Shrinking ParOldGen from 238080K by 17408K to 220672K
[2020-08-08T11:44:58.303+0300][92.869s][info ][gc] GC(641) Pause Full (Ergonomics) 232M->98M(329M) 313.177ms
[2020-08-08T11:44:58.382+0300][92.947s][info ][gc] GC(642) Pause Young (Allocation Failure) 156M->156M(329M) 66.814ms
[2020-08-08T11:44:58.538+0300][93.104s][info ][gc] GC(643) Pause Young (Allocation Failure) 213M->213M(329M) 146.769ms
[2020-08-08T11:44:58.777+0300][93.343s][debug][gc] GC(644) Shrinking ParOldGen from 220672K by 18432K to 202240K
[2020-08-08T11:44:58.778+0300][93.343s][info ][gc] GC(644) Pause Full (Ergonomics) 213M->79M(311M) 239.280ms
[2020-08-08T11:44:58.866+0300][93.431s][info ][gc] GC(645) Pause Young (Allocation Failure) 136M->136M(311M) 78.978ms
[2020-08-08T11:44:59.008+0300][93.574s][info ][gc] GC(646) Pause Young (Allocation Failure) 193M->193M(311M) 134.478ms
[2020-08-08T11:44:59.176+0300][93.741s][debug][gc] GC(647) Shrinking ParOldGen from 202240K by 19968K to 182272K
[2020-08-08T11:44:59.176+0300][93.741s][info ][gc] GC(647) Pause Full (Ergonomics) 193M->59M(292M) 167.303ms
[2020-08-08T11:44:59.268+0300][93.834s][info ][gc] GC(648) Pause Young (Allocation Failure) 117M->117M(292M) 80.582ms
[2020-08-08T11:44:59.414+0300][93.979s][info ][gc] GC(649) Pause Young (Allocation Failure) 174M->174M(292M) 137.563ms
[2020-08-08T11:44:59.508+0300][94.073s][debug][gc] GC(650) Shrinking ParOldGen from 182272K by 18432K to 163840K
[2020-08-08T11:44:59.508+0300][94.073s][info ][gc] GC(650) Pause Full (Ergonomics) 174M->41M(274M) 94.116ms
[2020-08-08T11:44:59.603+0300][94.168s][info ][gc] GC(651) Pause Young (Allocation Failure) 98M->98M(274M) 84.610ms
[2020-08-08T11:44:59.746+0300][94.312s][info ][gc] GC(652) Pause Young (Allocation Failure) 156M->156M(274M) 133.260ms
[2020-08-08T11:44:59.767+0300][94.333s][debug][gc] GC(653) Shrinking ParOldGen from 163840K by 11776K to 152064K
[2020-08-08T11:44:59.767+0300][94.333s][info ][gc] GC(653) Pause Full (Ergonomics) 156M->22M(262M) 21.270ms
[2020-08-08T11:44:59.855+0300][94.421s][info ][gc] GC(654) Pause Young (Allocation Failure) 80M->80M(262M) 77.620ms
[2020-08-08T11:45:00.009+0300][94.574s][info ][gc] GC(655) Pause Young (Allocation Failure) 136M->136M(262M) 143.714ms
[2020-08-08T11:45:00.019+0300][94.584s][debug][gc] GC(656) Shrinking ParOldGen from 152064K by 21504K to 130560K
[2020-08-08T11:45:00.019+0300][94.584s][info ][gc] GC(656) Pause Full (Ergonomics) 136M->2M(241M) 9.872ms
[2020-08-08T11:45:00.096+0300][94.662s][info ][gc] GC(657) Pause Young (Allocation Failure) 60M->59M(241M) 65.175ms
[2020-08-08T11:45:00.254+0300][94.820s][info ][gc] GC(658) Pause Young (Allocation Failure) 117M->117M(241M) 147.852ms
[2020-08-08T11:45:00.635+0300][95.200s][debug][gc] GC(659) Expanding ParOldGen from 130560K by 116736K to 247296K
[2020-08-08T11:45:00.635+0300][95.200s][info ][gc] GC(659) Pause Full (Ergonomics) 117M->117M(355M) 380.390ms
[2020-08-08T11:45:00.715+0300][95.281s][info ][gc] GC(660) Pause Young (Allocation Failure) 174M->174M(355M) 72.112ms
[2020-08-08T11:45:00.893+0300][95.459s][info ][gc] GC(661) Pause Young (Allocation Failure) 232M->232M(355M) 168.183ms
[2020-08-08T11:45:01.211+0300][95.777s][debug][gc] GC(662) Shrinking ParOldGen from 247296K by 19456K to 227840K
[2020-08-08T11:45:01.211+0300][95.777s][info ][gc] GC(662) Pause Full (Ergonomics) 232M->98M(336M) 317.858ms
[2020-08-08T11:45:01.291+0300][95.856s][info ][gc] GC(663) Pause Young (Allocation Failure) 156M->155M(336M) 67.775ms
[2020-08-08T11:45:01.313+0300][95.879s][debug][gc] GC(664) Shrinking ParOldGen from 227840K by 84480K to 143360K
[2020-08-08T11:45:01.313+0300][95.879s][info ][gc] GC(664) Pause Full (Ergonomics) 155M->22M(254M) 22.313ms
[2020-08-08T11:45:01.405+0300][95.970s][info ][gc] GC(665) Pause Young (Allocation Failure) 79M->79M(254M) 80.375ms
[2020-08-08T11:45:01.562+0300][96.127s][info ][gc] GC(666) Pause Young (Allocation Failure) 137M->136M(254M) 147.420ms
[2020-08-08T11:45:01.571+0300][96.137s][debug][gc] GC(667) Shrinking ParOldGen from 143360K by 19968K to 123392K
[2020-08-08T11:45:01.571+0300][96.137s][info ][gc] GC(667) Pause Full (Ergonomics) 136M->2M(234M) 9.725ms
[2020-08-08T11:45:01.645+0300][96.211s][info ][gc] GC(668) Pause Young (Allocation Failure) 60M->59M(234M) 64.344ms
[2020-08-08T11:45:01.806+0300][96.372s][info ][gc] GC(669) Pause Young (Allocation Failure) 117M->117M(234M) 149.035ms
[2020-08-08T11:45:02.184+0300][96.749s][debug][gc] GC(670) Expanding ParOldGen from 123392K by 118272K to 241664K
[2020-08-08T11:45:02.184+0300][96.749s][info ][gc] GC(670) Pause Full (Ergonomics) 117M->117M(350M) 377.808ms
[2020-08-08T11:45:02.266+0300][96.832s][info ][gc] GC(671) Pause Young (Allocation Failure) 174M->174M(350M) 70.387ms
[2020-08-08T11:45:02.445+0300][97.011s][info ][gc] GC(672) Pause Young (Allocation Failure) 232M->232M(350M) 170.081ms
[2020-08-08T11:45:02.765+0300][97.330s][debug][gc] GC(673) Shrinking ParOldGen from 241664K by 18432K to 223232K
[2020-08-08T11:45:02.765+0300][97.330s][info ][gc] GC(673) Pause Full (Ergonomics) 232M->98M(332M) 319.664ms
[2020-08-08T11:45:02.840+0300][97.405s][info ][gc] GC(674) Pause Young (Allocation Failure) 156M->156M(332M) 66.862ms
[2020-08-08T11:45:02.863+0300][97.429s][debug][gc] GC(675) Shrinking ParOldGen from 223232K by 83968K to 139264K
[2020-08-08T11:45:02.863+0300][97.429s][info ][gc] GC(675) Pause Full (Ergonomics) 156M->22M(250M) 23.543ms
[2020-08-08T11:45:02.959+0300][97.524s][info ][gc] GC(676) Pause Young (Allocation Failure) 79M->79M(250M) 83.150ms
[2020-08-08T11:45:03.125+0300][97.690s][info ][gc] GC(677) Pause Young (Allocation Failure) 136M->136M(250M) 154.500ms
[2020-08-08T11:45:03.134+0300][97.700s][debug][gc] GC(678) Shrinking ParOldGen from 139264K by 19456K to 119808K
[2020-08-08T11:45:03.134+0300][97.700s][info ][gc] GC(678) Pause Full (Ergonomics) 136M->2M(231M) 9.351ms
[2020-08-08T11:45:03.209+0300][97.774s][info ][gc] GC(679) Pause Young (Allocation Failure) 60M->59M(231M) 63.308ms
[2020-08-08T11:45:03.366+0300][97.931s][info ][gc] GC(680) Pause Young (Allocation Failure) 117M->117M(231M) 147.357ms
[2020-08-08T11:45:03.755+0300][98.320s][debug][gc] GC(681) Expanding ParOldGen from 119808K by 118272K to 238080K
[2020-08-08T11:45:03.755+0300][98.321s][info ][gc] GC(681) Pause Full (Ergonomics) 117M->117M(346M) 389.313ms
[2020-08-08T11:45:03.860+0300][98.425s][info ][gc] GC(682) Pause Young (Allocation Failure) 174M->174M(346M) 96.443ms
[2020-08-08T11:45:04.039+0300][98.605s][info ][gc] GC(683) Pause Young (Allocation Failure) 232M->232M(346M) 169.888ms
[2020-08-08T11:45:04.355+0300][98.920s][debug][gc] GC(684) Shrinking ParOldGen from 238080K by 17408K to 220672K
[2020-08-08T11:45:04.355+0300][98.920s][info ][gc] GC(684) Pause Full (Ergonomics) 232M->98M(329M) 315.577ms
[2020-08-08T11:45:04.431+0300][98.997s][info ][gc] GC(685) Pause Young (Allocation Failure) 156M->155M(329M) 64.632ms
[2020-08-08T11:45:04.454+0300][99.019s][debug][gc] GC(686) Shrinking ParOldGen from 220672K by 83968K to 136704K
[2020-08-08T11:45:04.454+0300][99.019s][info ][gc] GC(686) Pause Full (Ergonomics) 155M->22M(247M) 22.546ms
[2020-08-08T11:45:04.544+0300][99.109s][info ][gc] GC(687) Pause Young (Allocation Failure) 79M->79M(247M) 79.191ms
[2020-08-08T11:45:04.700+0300][99.266s][info ][gc] GC(688) Pause Young (Allocation Failure) 137M->136M(247M) 146.515ms
[2020-08-08T11:45:04.709+0300][99.275s][debug][gc] GC(689) Shrinking ParOldGen from 136704K by 18944K to 117760K
[2020-08-08T11:45:04.709+0300][99.275s][info ][gc] GC(689) Pause Full (Ergonomics) 136M->2M(229M) 9.073ms
[2020-08-08T11:45:04.782+0300][99.348s][info ][gc] GC(690) Pause Young (Allocation Failure) 60M->59M(229M) 64.299ms
[2020-08-08T11:45:04.941+0300][99.506s][info ][gc] GC(691) Pause Young (Allocation Failure) 117M->117M(229M) 148.872ms
[2020-08-08T11:45:05.323+0300][99.888s][debug][gc] GC(692) Expanding ParOldGen from 117760K by 116736K to 234496K
[2020-08-08T11:45:05.323+0300][99.888s][info ][gc] GC(692) Pause Full (Ergonomics) 117M->117M(343M) 382.418ms
[2020-08-08T11:45:05.435+0300][100.000s][info ][gc] GC(693) Pause Young (Allocation Failure) 174M->174M(343M) 100.850ms
[2020-08-08T11:45:05.616+0300][100.181s][info ][gc] GC(694) Pause Young (Allocation Failure) 232M->232M(343M) 171.490ms
[2020-08-08T11:45:05.933+0300][100.499s][debug][gc] GC(695) Shrinking ParOldGen from 234496K by 15360K to 219136K
[2020-08-08T11:45:05.934+0300][100.499s][info ][gc] GC(695) Pause Full (Ergonomics) 232M->98M(328M) 317.455ms
[2020-08-08T11:45:06.008+0300][100.573s][info ][gc] GC(696) Pause Young (Allocation Failure) 156M->156M(328M) 65.815ms
[2020-08-08T11:45:06.031+0300][100.596s][debug][gc] GC(697) Shrinking ParOldGen from 219136K by 83968K to 135168K
[2020-08-08T11:45:06.031+0300][100.596s][info ][gc] GC(697) Pause Full (Ergonomics) 156M->22M(246M) 22.769ms
[2020-08-08T11:45:06.127+0300][100.692s][info ][gc] GC(698) Pause Young (Allocation Failure) 79M->79M(246M) 81.939ms
[2020-08-08T11:45:06.283+0300][100.849s][info ][gc] GC(699) Pause Young (Allocation Failure) 137M->136M(246M) 147.148ms
[2020-08-08T11:45:06.292+0300][100.858s][debug][gc] GC(700) Shrinking ParOldGen from 135168K by 18432K to 116736K
[2020-08-08T11:45:06.292+0300][100.858s][info ][gc] GC(700) Pause Full (Ergonomics) 136M->2M(228M) 8.990ms
[2020-08-08T11:45:06.365+0300][100.930s][info ][gc] GC(701) Pause Young (Allocation Failure) 60M->59M(228M) 63.434ms
[2020-08-08T11:45:06.520+0300][101.085s][info ][gc] GC(702) Pause Young (Allocation Failure) 117M->117M(228M) 145.178ms
[2020-08-08T11:45:06.901+0300][101.466s][debug][gc] GC(703) Expanding ParOldGen from 116736K by 116224K to 232960K
[2020-08-08T11:45:06.901+0300][101.466s][info ][gc] GC(703) Pause Full (Ergonomics) 117M->117M(341M) 380.964ms
[2020-08-08T11:45:07.011+0300][101.577s][info ][gc] GC(704) Pause Young (Allocation Failure) 174M->174M(341M) 102.728ms
[2020-08-08T11:45:07.195+0300][101.760s][info ][gc] GC(705) Pause Young (Allocation Failure) 232M->232M(341M) 171.463ms
[2020-08-08T11:45:07.513+0300][102.079s][debug][gc] GC(706) Shrinking ParOldGen from 232960K by 14848K to 218112K
[2020-08-08T11:45:07.513+0300][102.079s][info ][gc] GC(706) Pause Full (Ergonomics) 232M->98M(327M) 318.133ms
[2020-08-08T11:45:07.588+0300][102.154s][info ][gc] GC(707) Pause Young (Allocation Failure) 156M->156M(327M) 66.587ms
[2020-08-08T11:45:07.613+0300][102.179s][debug][gc] GC(708) Shrinking ParOldGen from 218112K by 83968K to 134144K
[2020-08-08T11:45:07.613+0300][102.179s][info ][gc] GC(708) Pause Full (Ergonomics) 156M->22M(245M) 25.079ms
[2020-08-08T11:45:07.705+0300][102.270s][info ][gc] GC(709) Pause Young (Allocation Failure) 80M->79M(245M) 80.186ms
[2020-08-08T11:45:07.867+0300][102.433s][info ][gc] GC(710) Pause Young (Allocation Failure) 136M->136M(245M) 152.952ms
[2020-08-08T11:45:07.877+0300][102.442s][debug][gc] GC(711) Shrinking ParOldGen from 134144K by 17920K to 116224K
[2020-08-08T11:45:07.877+0300][102.442s][info ][gc] GC(711) Pause Full (Ergonomics) 136M->2M(227M) 9.427ms
[2020-08-08T11:45:07.950+0300][102.515s][info ][gc] GC(712) Pause Young (Allocation Failure) 60M->59M(227M) 64.329ms
[2020-08-08T11:45:08.105+0300][102.671s][info ][gc] GC(713) Pause Young (Allocation Failure) 117M->117M(227M) 146.681ms
[2020-08-08T11:45:08.485+0300][103.050s][debug][gc] GC(714) Expanding ParOldGen from 116224K by 115200K to 231424K
[2020-08-08T11:45:08.485+0300][103.050s][info ][gc] GC(714) Pause Full (Ergonomics) 117M->117M(340M) 379.205ms
[2020-08-08T11:45:08.598+0300][103.163s][info ][gc] GC(715) Pause Young (Allocation Failure) 174M->174M(340M) 102.473ms
[2020-08-08T11:45:08.777+0300][103.343s][info ][gc] GC(716) Pause Young (Allocation Failure) 232M->232M(340M) 169.980ms
[2020-08-08T11:45:09.094+0300][103.660s][debug][gc] GC(717) Shrinking ParOldGen from 231424K by 13824K to 217600K
[2020-08-08T11:45:09.094+0300][103.660s][info ][gc] GC(717) Pause Full (Ergonomics) 232M->98M(326M) 317.008ms
[2020-08-08T11:45:09.171+0300][103.737s][info ][gc] GC(718) Pause Young (Allocation Failure) 156M->155M(326M) 66.188ms
[2020-08-08T11:45:09.194+0300][103.760s][debug][gc] GC(719) Shrinking ParOldGen from 217600K by 83968K to 133632K
[2020-08-08T11:45:09.194+0300][103.760s][info ][gc] GC(719) Pause Full (Ergonomics) 155M->22M(244M) 22.974ms
[2020-08-08T11:45:09.286+0300][103.851s][info ][gc] GC(720) Pause Young (Allocation Failure) 79M->79M(244M) 80.845ms
[2020-08-08T11:45:09.442+0300][104.007s][info ][gc] GC(721) Pause Young (Allocation Failure) 137M->136M(244M) 146.945ms
[2020-08-08T11:45:09.451+0300][104.016s][debug][gc] GC(722) Shrinking ParOldGen from 133632K by 17920K to 115712K
[2020-08-08T11:45:09.451+0300][104.017s][info ][gc] GC(722) Pause Full (Ergonomics) 136M->2M(227M) 9.161ms
[2020-08-08T11:45:09.523+0300][104.089s][info ][gc] GC(723) Pause Young (Allocation Failure) 60M->59M(227M) 63.975ms
[2020-08-08T11:45:09.683+0300][104.248s][info ][gc] GC(724) Pause Young (Allocation Failure) 117M->117M(227M) 150.363ms
[2020-08-08T11:45:10.066+0300][104.631s][debug][gc] GC(725) Expanding ParOldGen from 115712K by 115200K to 230912K
[2020-08-08T11:45:10.066+0300][104.631s][info ][gc] GC(725) Pause Full (Ergonomics) 117M->117M(339M) 382.750ms
[2020-08-08T11:45:10.178+0300][104.743s][info ][gc] GC(726) Pause Young (Allocation Failure) 174M->174M(339M) 101.372ms
[2020-08-08T11:45:10.357+0300][104.923s][info ][gc] GC(727) Pause Young (Allocation Failure) 232M->232M(339M) 170.377ms
[2020-08-08T11:45:10.673+0300][105.239s][debug][gc] GC(728) Shrinking ParOldGen from 230912K by 13824K to 217088K
[2020-08-08T11:45:10.673+0300][105.239s][info ][gc] GC(728) Pause Full (Ergonomics) 232M->98M(326M) 315.884ms
[2020-08-08T11:45:10.748+0300][105.314s][info ][gc] GC(729) Pause Young (Allocation Failure) 156M->156M(326M) 67.519ms
[2020-08-08T11:45:10.772+0300][105.337s][debug][gc] GC(730) Shrinking ParOldGen from 217088K by 83456K to 133632K
[2020-08-08T11:45:10.772+0300][105.338s][info ][gc] GC(730) Pause Full (Ergonomics) 156M->22M(244M) 23.672ms
[2020-08-08T11:45:10.866+0300][105.432s][info ][gc] GC(731) Pause Young (Allocation Failure) 80M->79M(244M) 82.751ms
[2020-08-08T11:45:11.027+0300][105.593s][info ][gc] GC(732) Pause Young (Allocation Failure) 136M->136M(244M) 152.323ms
[2020-08-08T11:45:11.036+0300][105.602s][debug][gc] GC(733) Shrinking ParOldGen from 133632K by 17920K to 115712K
[2020-08-08T11:45:11.037+0300][105.602s][info ][gc] GC(733) Pause Full (Ergonomics) 136M->2M(227M) 9.266ms
[2020-08-08T11:45:11.108+0300][105.674s][info ][gc] GC(734) Pause Young (Allocation Failure) 60M->59M(227M) 63.749ms
[2020-08-08T11:45:11.270+0300][105.836s][info ][gc] GC(735) Pause Young (Allocation Failure) 117M->117M(227M) 149.658ms
[2020-08-08T11:45:11.656+0300][106.221s][debug][gc] GC(736) Expanding ParOldGen from 115712K by 114688K to 230400K
[2020-08-08T11:45:11.656+0300][106.221s][info ][gc] GC(736) Pause Full (Ergonomics) 117M->117M(339M) 385.172ms
[2020-08-08T11:45:11.767+0300][106.332s][info ][gc] GC(737) Pause Young (Allocation Failure) 174M->174M(339M) 103.679ms
[2020-08-08T11:45:11.946+0300][106.512s][info ][gc] GC(738) Pause Young (Allocation Failure) 232M->232M(339M) 169.809ms
[2020-08-08T11:45:12.266+0300][106.831s][debug][gc] GC(739) Shrinking ParOldGen from 230400K by 13312K to 217088K
[2020-08-08T11:45:12.266+0300][106.831s][info ][gc] GC(739) Pause Full (Ergonomics) 232M->98M(326M) 319.578ms
[2020-08-08T11:45:12.344+0300][106.909s][info ][gc] GC(740) Pause Young (Allocation Failure) 156M->155M(326M) 66.675ms
[2020-08-08T11:45:12.368+0300][106.933s][debug][gc] GC(741) Shrinking ParOldGen from 217088K by 83968K to 133120K
[2020-08-08T11:45:12.368+0300][106.933s][info ][gc] GC(741) Pause Full (Ergonomics) 155M->22M(244M) 24.001ms
[2020-08-08T11:45:12.459+0300][107.025s][info ][gc] GC(742) Pause Young (Allocation Failure) 79M->79M(244M) 80.657ms
[2020-08-08T11:45:12.622+0300][107.188s][info ][gc] GC(743) Pause Young (Allocation Failure) 137M->136M(244M) 153.663ms
[2020-08-08T11:45:12.631+0300][107.197s][debug][gc] GC(744) Shrinking ParOldGen from 133120K by 17920K to 115200K
[2020-08-08T11:45:12.632+0300][107.197s][info ][gc] GC(744) Pause Full (Ergonomics) 136M->2M(226M) 9.108ms
[2020-08-08T11:45:12.705+0300][107.270s][info ][gc] GC(745) Pause Young (Allocation Failure) 60M->59M(226M) 64.433ms
[2020-08-08T11:45:12.861+0300][107.426s][info ][gc] GC(746) Pause Young (Allocation Failure) 117M->117M(226M) 146.782ms
[2020-08-08T11:45:13.241+0300][107.806s][debug][gc] GC(747) Expanding ParOldGen from 115200K by 114688K to 229888K
[2020-08-08T11:45:13.241+0300][107.806s][info ][gc] GC(747) Pause Full (Ergonomics) 117M->117M(338M) 379.729ms
[2020-08-08T11:45:13.354+0300][107.919s][info ][gc] GC(748) Pause Young (Allocation Failure) 174M->174M(338M) 102.503ms
[2020-08-08T11:45:13.534+0300][108.100s][info ][gc] GC(749) Pause Young (Allocation Failure) 232M->232M(338M) 170.851ms
[2020-08-08T11:45:13.852+0300][108.418s][debug][gc] GC(750) Shrinking ParOldGen from 229888K by 13312K to 216576K
[2020-08-08T11:45:13.853+0300][108.418s][info ][gc] GC(750) Pause Full (Ergonomics) 232M->98M(325M) 318.271ms
[2020-08-08T11:45:13.927+0300][108.492s][info ][gc] GC(751) Pause Young (Allocation Failure) 156M->156M(325M) 66.022ms
[2020-08-08T11:45:13.950+0300][108.516s][debug][gc] GC(752) Shrinking ParOldGen from 216576K by 82944K to 133632K
[2020-08-08T11:45:13.950+0300][108.516s][info ][gc] GC(752) Pause Full (Ergonomics) 156M->22M(244M) 23.819ms
[2020-08-08T11:45:14.041+0300][108.607s][info ][gc] GC(753) Pause Young (Allocation Failure) 80M->79M(244M) 80.023ms
[2020-08-08T11:45:14.197+0300][108.763s][info ][gc] GC(754) Pause Young (Allocation Failure) 136M->136M(244M) 145.811ms
[2020-08-08T11:45:14.206+0300][108.772s][debug][gc] GC(755) Shrinking ParOldGen from 133632K by 18432K to 115200K
[2020-08-08T11:45:14.207+0300][108.772s][info ][gc] GC(755) Pause Full (Ergonomics) 136M->2M(226M) 9.289ms
[2020-08-08T11:45:14.283+0300][108.848s][info ][gc] GC(756) Pause Young (Allocation Failure) 60M->59M(226M) 65.424ms
[2020-08-08T11:45:14.439+0300][109.005s][info ][gc] GC(757) Pause Young (Allocation Failure) 117M->117M(226M) 147.408ms
[2020-08-08T11:45:14.823+0300][109.389s][debug][gc] GC(758) Expanding ParOldGen from 115200K by 114688K to 229888K
[2020-08-08T11:45:14.823+0300][109.389s][info ][gc] GC(758) Pause Full (Ergonomics) 117M->117M(338M) 383.813ms
[2020-08-08T11:45:14.932+0300][109.497s][info ][gc] GC(759) Pause Young (Allocation Failure) 174M->174M(338M) 100.832ms
[2020-08-08T11:45:15.112+0300][109.678s][info ][gc] GC(760) Pause Young (Allocation Failure) 232M->232M(338M) 170.231ms
[2020-08-08T11:45:15.430+0300][109.995s][debug][gc] GC(761) Shrinking ParOldGen from 229888K by 13312K to 216576K
[2020-08-08T11:45:15.430+0300][109.995s][info ][gc] GC(761) Pause Full (Ergonomics) 232M->98M(325M) 317.412ms
[2020-08-08T11:45:15.506+0300][110.072s][info ][gc] GC(762) Pause Young (Allocation Failure) 156M->155M(325M) 65.308ms
[2020-08-08T11:45:15.530+0300][110.095s][debug][gc] GC(763) Shrinking ParOldGen from 216576K by 83456K to 133120K
[2020-08-08T11:45:15.530+0300][110.095s][info ][gc] GC(763) Pause Full (Ergonomics) 155M->22M(244M) 23.393ms
[2020-08-08T11:45:15.625+0300][110.190s][info ][gc] GC(764) Pause Young (Allocation Failure) 79M->79M(244M) 83.647ms
[2020-08-08T11:45:15.795+0300][110.360s][info ][gc] GC(765) Pause Young (Allocation Failure) 137M->136M(244M) 158.239ms
[2020-08-08T11:45:15.805+0300][110.370s][debug][gc] GC(766) Shrinking ParOldGen from 133120K by 17920K to 115200K
[2020-08-08T11:45:15.805+0300][110.370s][info ][gc] GC(766) Pause Full (Ergonomics) 136M->2M(226M) 9.862ms
[2020-08-08T11:45:15.877+0300][110.443s][info ][gc] GC(767) Pause Young (Allocation Failure) 60M->59M(226M) 64.125ms
[2020-08-08T11:45:16.035+0300][110.601s][info ][gc] GC(768) Pause Young (Allocation Failure) 117M->117M(226M) 147.925ms
[2020-08-08T11:45:16.415+0300][110.980s][debug][gc] GC(769) Expanding ParOldGen from 115200K by 114688K to 229888K
[2020-08-08T11:45:16.415+0300][110.980s][info ][gc] GC(769) Pause Full (Ergonomics) 117M->117M(338M) 379.618ms
[2020-08-08T11:45:16.531+0300][111.096s][info ][gc] GC(770) Pause Young (Allocation Failure) 174M->174M(338M) 104.365ms
[2020-08-08T11:45:16.712+0300][111.278s][info ][gc] GC(771) Pause Young (Allocation Failure) 232M->232M(338M) 171.786ms
[2020-08-08T11:45:17.031+0300][111.597s][debug][gc] GC(772) Shrinking ParOldGen from 229888K by 13312K to 216576K
[2020-08-08T11:45:17.031+0300][111.597s][info ][gc] GC(772) Pause Full (Ergonomics) 232M->98M(325M) 319.010ms
[2020-08-08T11:45:17.106+0300][111.671s][info ][gc] GC(773) Pause Young (Allocation Failure) 156M->156M(325M) 65.801ms
[2020-08-08T11:45:17.129+0300][111.695s][debug][gc] GC(774) Shrinking ParOldGen from 216576K by 83456K to 133120K
[2020-08-08T11:45:17.129+0300][111.695s][info ][gc] GC(774) Pause Full (Ergonomics) 156M->22M(244M) 23.361ms
[2020-08-08T11:45:17.226+0300][111.791s][info ][gc] GC(775) Pause Young (Allocation Failure) 80M->79M(244M) 82.583ms
[2020-08-08T11:45:17.383+0300][111.948s][info ][gc] GC(776) Pause Young (Allocation Failure) 137M->136M(244M) 147.182ms
[2020-08-08T11:45:17.392+0300][111.957s][debug][gc] GC(777) Shrinking ParOldGen from 133120K by 17920K to 115200K
[2020-08-08T11:45:17.392+0300][111.957s][info ][gc] GC(777) Pause Full (Ergonomics) 136M->2M(226M) 8.964ms
[2020-08-08T11:45:17.464+0300][112.029s][info ][gc] GC(778) Pause Young (Allocation Failure) 60M->59M(226M) 62.723ms
[2020-08-08T11:45:17.621+0300][112.187s][info ][gc] GC(779) Pause Young (Allocation Failure) 117M->117M(226M) 147.417ms
[2020-08-08T11:45:18.004+0300][112.570s][debug][gc] GC(780) Expanding ParOldGen from 115200K by 114688K to 229888K
[2020-08-08T11:45:18.004+0300][112.570s][info ][gc] GC(780) Pause Full (Ergonomics) 117M->117M(338M) 382.736ms
[2020-08-08T11:45:18.112+0300][112.677s][info ][gc] GC(781) Pause Young (Allocation Failure) 174M->174M(338M) 100.076ms
[2020-08-08T11:45:18.290+0300][112.855s][info ][gc] GC(782) Pause Young (Allocation Failure) 232M->232M(338M) 168.060ms
[2020-08-08T11:45:18.603+0300][113.168s][debug][gc] GC(783) Shrinking ParOldGen from 229888K by 12800K to 217088K
[2020-08-08T11:45:18.603+0300][113.168s][info ][gc] GC(783) Pause Full (Ergonomics) 232M->98M(326M) 313.237ms
[2020-08-08T11:45:18.681+0300][113.246s][info ][gc] GC(784) Pause Young (Allocation Failure) 156M->156M(326M) 65.298ms
[2020-08-08T11:45:18.838+0300][113.403s][info ][gc] GC(785) Pause Young (Allocation Failure) 213M->213M(326M) 146.569ms
[2020-08-08T11:45:19.075+0300][113.641s][debug][gc] GC(786) Shrinking ParOldGen from 217088K by 17920K to 199168K
[2020-08-08T11:45:19.076+0300][113.641s][info ][gc] GC(786) Pause Full (Ergonomics) 213M->79M(308M) 237.573ms
[2020-08-08T11:45:19.162+0300][113.727s][info ][gc] GC(787) Pause Young (Allocation Failure) 136M->136M(308M) 76.571ms
[2020-08-08T11:45:19.308+0300][113.873s][info ][gc] GC(788) Pause Young (Allocation Failure) 193M->193M(308M) 135.620ms
[2020-08-08T11:45:19.471+0300][114.037s][debug][gc] GC(789) Shrinking ParOldGen from 199168K by 19968K to 179200K
[2020-08-08T11:45:19.471+0300][114.037s][info ][gc] GC(789) Pause Full (Ergonomics) 193M->59M(289M) 163.259ms
[2020-08-08T11:45:19.559+0300][114.125s][info ][gc] GC(790) Pause Young (Allocation Failure) 117M->117M(289M) 78.436ms
[2020-08-08T11:45:19.701+0300][114.266s][info ][gc] GC(791) Pause Young (Allocation Failure) 174M->174M(289M) 131.518ms
[2020-08-08T11:45:19.795+0300][114.361s][debug][gc] GC(792) Shrinking ParOldGen from 179200K by 17920K to 161280K
[2020-08-08T11:45:19.796+0300][114.361s][info ][gc] GC(792) Pause Full (Ergonomics) 174M->41M(271M) 94.580ms
[2020-08-08T11:45:19.889+0300][114.454s][info ][gc] GC(793) Pause Young (Allocation Failure) 98M->98M(271M) 81.873ms
[2020-08-08T11:45:20.034+0300][114.600s][info ][gc] GC(794) Pause Young (Allocation Failure) 156M->156M(271M) 137.647ms
[2020-08-08T11:45:20.055+0300][114.621s][debug][gc] GC(795) Shrinking ParOldGen from 161280K by 11264K to 150016K
[2020-08-08T11:45:20.056+0300][114.621s][info ][gc] GC(795) Pause Full (Ergonomics) 156M->22M(260M) 21.135ms
[2020-08-08T11:45:20.145+0300][114.710s][info ][gc] GC(796) Pause Young (Allocation Failure) 80M->80M(260M) 78.387ms
[2020-08-08T11:45:20.297+0300][114.862s][info ][gc] GC(797) Pause Young (Allocation Failure) 136M->136M(260M) 142.946ms
[2020-08-08T11:45:20.306+0300][114.871s][debug][gc] GC(798) Shrinking ParOldGen from 150016K by 20992K to 129024K
[2020-08-08T11:45:20.306+0300][114.871s][info ][gc] GC(798) Pause Full (Ergonomics) 136M->2M(240M) 8.891ms
[2020-08-08T11:45:20.383+0300][114.948s][info ][gc] GC(799) Pause Young (Allocation Failure) 60M->59M(240M) 65.138ms
[2020-08-08T11:45:20.541+0300][115.107s][info ][gc] GC(800) Pause Young (Allocation Failure) 117M->117M(240M) 148.431ms
[2020-08-08T11:45:20.922+0300][115.487s][debug][gc] GC(801) Expanding ParOldGen from 129024K by 116736K to 245760K
[2020-08-08T11:45:20.922+0300][115.487s][info ][gc] GC(801) Pause Full (Ergonomics) 117M->117M(354M) 380.664ms
[2020-08-08T11:45:20.997+0300][115.563s][info ][gc] GC(802) Pause Young (Allocation Failure) 174M->174M(354M) 67.297ms
[2020-08-08T11:45:21.172+0300][115.737s][info ][gc] GC(803) Pause Young (Allocation Failure) 232M->232M(354M) 165.154ms
[2020-08-08T11:45:21.488+0300][116.054s][debug][gc] GC(804) Shrinking ParOldGen from 245760K by 18944K to 226816K
[2020-08-08T11:45:21.488+0300][116.054s][info ][gc] GC(804) Pause Full (Ergonomics) 232M->98M(335M) 316.307ms
[2020-08-08T11:45:21.563+0300][116.128s][info ][gc] GC(805) Pause Young (Allocation Failure) 156M->155M(335M) 64.142ms
[2020-08-08T11:45:21.586+0300][116.152s][debug][gc] GC(806) Shrinking ParOldGen from 226816K by 84480K to 142336K
[2020-08-08T11:45:21.586+0300][116.152s][info ][gc] GC(806) Pause Full (Ergonomics) 155M->22M(253M) 23.307ms
[2020-08-08T11:45:21.677+0300][116.243s][info ][gc] GC(807) Pause Young (Allocation Failure) 79M->79M(253M) 79.756ms
[2020-08-08T11:45:21.828+0300][116.393s][info ][gc] GC(808) Pause Young (Allocation Failure) 137M->136M(253M) 141.248ms
[2020-08-08T11:45:21.837+0300][116.403s][debug][gc] GC(809) Shrinking ParOldGen from 142336K by 19456K to 122880K
[2020-08-08T11:45:21.837+0300][116.403s][info ][gc] GC(809) Pause Full (Ergonomics) 136M->2M(234M) 9.247ms
[2020-08-08T11:45:21.911+0300][116.476s][info ][gc] GC(810) Pause Young (Allocation Failure) 60M->59M(234M) 64.219ms
[2020-08-08T11:45:22.069+0300][116.634s][info ][gc] GC(811) Pause Young (Allocation Failure) 117M->117M(234M) 148.887ms
[2020-08-08T11:45:22.448+0300][117.013s][debug][gc] GC(812) Expanding ParOldGen from 122880K by 118272K to 241152K
[2020-08-08T11:45:22.448+0300][117.013s][info ][gc] GC(812) Pause Full (Ergonomics) 117M->117M(349M) 378.718ms
[2020-08-08T11:45:22.527+0300][117.092s][info ][gc] GC(813) Pause Young (Allocation Failure) 174M->174M(349M) 69.155ms
[2020-08-08T11:45:22.709+0300][117.274s][info ][gc] GC(814) Pause Young (Allocation Failure) 232M->232M(349M) 171.819ms
[2020-08-08T11:45:23.028+0300][117.594s][debug][gc] GC(815) Shrinking ParOldGen from 241152K by 18432K to 222720K
[2020-08-08T11:45:23.028+0300][117.594s][info ][gc] GC(815) Pause Full (Ergonomics) 232M->98M(331M) 319.405ms
[2020-08-08T11:45:23.102+0300][117.668s][info ][gc] GC(816) Pause Young (Allocation Failure) 156M->156M(331M) 66.463ms
[2020-08-08T11:45:23.127+0300][117.692s][debug][gc] GC(817) Shrinking ParOldGen from 222720K by 83968K to 138752K
[2020-08-08T11:45:23.127+0300][117.692s][info ][gc] GC(817) Pause Full (Ergonomics) 156M->22M(249M) 24.345ms
[2020-08-08T11:45:23.218+0300][117.783s][info ][gc] GC(818) Pause Young (Allocation Failure) 80M->79M(249M) 79.692ms
[2020-08-08T11:45:23.382+0300][117.947s][info ][gc] GC(819) Pause Young (Allocation Failure) 136M->136M(249M) 151.320ms
[2020-08-08T11:45:23.391+0300][117.956s][debug][gc] GC(820) Shrinking ParOldGen from 138752K by 19456K to 119296K
[2020-08-08T11:45:23.391+0300][117.956s][info ][gc] GC(820) Pause Full (Ergonomics) 136M->2M(230M) 9.225ms
[2020-08-08T11:45:23.463+0300][118.029s][info ][gc] GC(821) Pause Young (Allocation Failure) 60M->59M(230M) 62.923ms
[2020-08-08T11:45:23.621+0300][118.186s][info ][gc] GC(822) Pause Young (Allocation Failure) 117M->117M(230M) 147.543ms
[2020-08-08T11:45:24.002+0300][118.567s][debug][gc] GC(823) Expanding ParOldGen from 119296K by 118272K to 237568K
[2020-08-08T11:45:24.002+0300][118.567s][info ][gc] GC(823) Pause Full (Ergonomics) 117M->117M(346M) 381.254ms
[2020-08-08T11:45:24.106+0300][118.671s][info ][gc] GC(824) Pause Young (Allocation Failure) 174M->174M(346M) 96.073ms
[2020-08-08T11:45:24.285+0300][118.851s][info ][gc] GC(825) Pause Young (Allocation Failure) 232M->232M(346M) 169.069ms
[2020-08-08T11:45:24.602+0300][119.167s][debug][gc] GC(826) Shrinking ParOldGen from 237568K by 17408K to 220160K
[2020-08-08T11:45:24.602+0300][119.167s][info ][gc] GC(826) Pause Full (Ergonomics) 232M->98M(329M) 316.783ms
[2020-08-08T11:45:24.679+0300][119.244s][info ][gc] GC(827) Pause Young (Allocation Failure) 156M->156M(329M) 63.322ms
[2020-08-08T11:45:24.835+0300][119.401s][info ][gc] GC(828) Pause Young (Allocation Failure) 213M->213M(329M) 146.089ms
[2020-08-08T11:45:25.073+0300][119.639s][debug][gc] GC(829) Shrinking ParOldGen from 220160K by 17920K to 202240K
[2020-08-08T11:45:25.073+0300][119.639s][info ][gc] GC(829) Pause Full (Ergonomics) 213M->79M(311M) 237.770ms
[2020-08-08T11:45:25.159+0300][119.725s][info ][gc] GC(830) Pause Young (Allocation Failure) 136M->136M(311M) 76.626ms
[2020-08-08T11:45:25.301+0300][119.866s][info ][gc] GC(831) Pause Young (Allocation Failure) 193M->193M(311M) 133.892ms
[2020-08-08T11:45:25.467+0300][120.033s][debug][gc] GC(832) Shrinking ParOldGen from 202240K by 19968K to 182272K
[2020-08-08T11:45:25.467+0300][120.033s][info ][gc] GC(832) Pause Full (Ergonomics) 193M->59M(292M) 166.471ms
[2020-08-08T11:45:25.559+0300][120.124s][info ][gc] GC(833) Pause Young (Allocation Failure) 117M->117M(292M) 78.564ms
[2020-08-08T11:45:25.700+0300][120.265s][info ][gc] GC(834) Pause Young (Allocation Failure) 174M->174M(292M) 133.127ms
[2020-08-08T11:45:25.794+0300][120.359s][debug][gc] GC(835) Shrinking ParOldGen from 182272K by 18432K to 163840K
[2020-08-08T11:45:25.794+0300][120.360s][info ][gc] GC(835) Pause Full (Ergonomics) 174M->41M(274M) 93.971ms
[2020-08-08T11:45:25.884+0300][120.449s][info ][gc] GC(836) Pause Young (Allocation Failure) 98M->98M(274M) 78.555ms
[2020-08-08T11:45:26.021+0300][120.586s][info ][gc] GC(837) Pause Young (Allocation Failure) 156M->156M(274M) 127.589ms
[2020-08-08T11:45:26.041+0300][120.607s][debug][gc] GC(838) Shrinking ParOldGen from 163840K by 11776K to 152064K
[2020-08-08T11:45:26.041+0300][120.607s][info ][gc] GC(838) Pause Full (Ergonomics) 156M->22M(262M) 20.796ms
[2020-08-08T11:45:26.129+0300][120.695s][info ][gc] GC(839) Pause Young (Allocation Failure) 80M->80M(262M) 77.683ms
[2020-08-08T11:45:26.282+0300][120.848s][info ][gc] GC(840) Pause Young (Allocation Failure) 136M->136M(262M) 143.497ms
[2020-08-08T11:45:26.292+0300][120.857s][debug][gc] GC(841) Shrinking ParOldGen from 152064K by 22016K to 130048K
[2020-08-08T11:45:26.292+0300][120.857s][info ][gc] GC(841) Pause Full (Ergonomics) 136M->2M(241M) 9.388ms
[2020-08-08T11:45:26.368+0300][120.933s][info ][gc] GC(842) Pause Young (Allocation Failure) 60M->59M(241M) 64.379ms
[2020-08-08T11:45:26.527+0300][121.092s][info ][gc] GC(843) Pause Young (Allocation Failure) 117M->117M(241M) 149.756ms
[2020-08-08T11:45:26.908+0300][121.473s][debug][gc] GC(844) Expanding ParOldGen from 130048K by 117248K to 247296K
[2020-08-08T11:45:26.908+0300][121.474s][info ][gc] GC(844) Pause Full (Ergonomics) 117M->117M(355M) 381.521ms
[2020-08-08T11:45:26.983+0300][121.549s][info ][gc] GC(845) Pause Young (Allocation Failure) 174M->174M(355M) 67.522ms
[2020-08-08T11:45:27.158+0300][121.723s][info ][gc] GC(846) Pause Young (Allocation Failure) 232M->232M(355M) 165.373ms
[2020-08-08T11:45:27.474+0300][122.039s][debug][gc] GC(847) Shrinking ParOldGen from 247296K by 19968K to 227328K
[2020-08-08T11:45:27.474+0300][122.039s][info ][gc] GC(847) Pause Full (Ergonomics) 232M->98M(336M) 315.681ms
[2020-08-08T11:45:27.550+0300][122.115s][info ][gc] GC(848) Pause Young (Allocation Failure) 156M->155M(336M) 65.101ms
[2020-08-08T11:45:27.572+0300][122.138s][debug][gc] GC(849) Shrinking ParOldGen from 227328K by 83968K to 143360K
[2020-08-08T11:45:27.572+0300][122.138s][info ][gc] GC(849) Pause Full (Ergonomics) 155M->22M(254M) 22.494ms
[2020-08-08T11:45:27.667+0300][122.232s][info ][gc] GC(850) Pause Young (Allocation Failure) 79M->79M(254M) 83.020ms
[2020-08-08T11:45:27.833+0300][122.398s][info ][gc] GC(851) Pause Young (Allocation Failure) 137M->136M(254M) 154.338ms
[2020-08-08T11:45:27.842+0300][122.408s][debug][gc] GC(852) Shrinking ParOldGen from 143360K by 19968K to 123392K
[2020-08-08T11:45:27.842+0300][122.408s][info ][gc] GC(852) Pause Full (Ergonomics) 136M->2M(234M) 9.243ms
[2020-08-08T11:45:27.915+0300][122.480s][info ][gc] GC(853) Pause Young (Allocation Failure) 60M->59M(234M) 63.498ms
[2020-08-08T11:45:28.071+0300][122.637s][info ][gc] GC(854) Pause Young (Allocation Failure) 117M->117M(234M) 146.094ms
[2020-08-08T11:45:28.449+0300][123.015s][debug][gc] GC(855) Expanding ParOldGen from 123392K by 118272K to 241664K
[2020-08-08T11:45:28.449+0300][123.015s][info ][gc] GC(855) Pause Full (Ergonomics) 117M->117M(350M) 377.777ms
[2020-08-08T11:45:28.528+0300][123.094s][info ][gc] GC(856) Pause Young (Allocation Failure) 174M->174M(350M) 68.810ms
[2020-08-08T11:45:28.709+0300][123.274s][info ][gc] GC(857) Pause Young (Allocation Failure) 232M->232M(350M) 170.701ms
[2020-08-08T11:45:29.026+0300][123.591s][debug][gc] GC(858) Shrinking ParOldGen from 241664K by 18432K to 223232K
[2020-08-08T11:45:29.026+0300][123.591s][info ][gc] GC(858) Pause Full (Ergonomics) 232M->98M(332M) 316.646ms
[2020-08-08T11:45:29.097+0300][123.663s][info ][gc] GC(859) Pause Young (Allocation Failure) 156M->156M(332M) 63.958ms
[2020-08-08T11:45:29.120+0300][123.686s][debug][gc] GC(860) Shrinking ParOldGen from 223232K by 84480K to 138752K
[2020-08-08T11:45:29.120+0300][123.686s][info ][gc] GC(860) Pause Full (Ergonomics) 156M->22M(249M) 22.755ms
[2020-08-08T11:45:29.209+0300][123.774s][info ][gc] GC(861) Pause Young (Allocation Failure) 79M->79M(249M) 78.306ms
[2020-08-08T11:45:29.361+0300][123.926s][info ][gc] GC(862) Pause Young (Allocation Failure) 136M->136M(249M) 142.019ms
[2020-08-08T11:45:29.370+0300][123.936s][debug][gc] GC(863) Shrinking ParOldGen from 138752K by 18944K to 119808K
[2020-08-08T11:45:29.370+0300][123.936s][info ][gc] GC(863) Pause Full (Ergonomics) 136M->2M(231M) 9.603ms
[2020-08-08T11:45:29.446+0300][124.011s][info ][gc] GC(864) Pause Young (Allocation Failure) 60M->59M(231M) 64.358ms
[2020-08-08T11:45:29.604+0300][124.170s][info ][gc] GC(865) Pause Young (Allocation Failure) 117M->117M(231M) 148.210ms
[2020-08-08T11:45:29.988+0300][124.553s][debug][gc] GC(866) Expanding ParOldGen from 119808K by 118272K to 238080K
[2020-08-08T11:45:29.988+0300][124.553s][info ][gc] GC(866) Pause Full (Ergonomics) 117M->117M(346M) 383.369ms
[2020-08-08T11:45:30.091+0300][124.656s][info ][gc] GC(867) Pause Young (Allocation Failure) 174M->174M(346M) 95.343ms
[2020-08-08T11:45:30.270+0300][124.835s][info ][gc] GC(868) Pause Young (Allocation Failure) 232M->232M(346M) 168.912ms
[2020-08-08T11:45:30.586+0300][125.151s][debug][gc] GC(869) Shrinking ParOldGen from 238080K by 17408K to 220672K
[2020-08-08T11:45:30.586+0300][125.151s][info ][gc] GC(869) Pause Full (Ergonomics) 232M->98M(329M) 316.020ms
[2020-08-08T11:45:30.664+0300][125.229s][info ][gc] GC(870) Pause Young (Allocation Failure) 156M->155M(329M) 66.927ms
[2020-08-08T11:45:30.686+0300][125.252s][debug][gc] GC(871) Shrinking ParOldGen from 220672K by 83968K to 136704K
[2020-08-08T11:45:30.686+0300][125.252s][info ][gc] GC(871) Pause Full (Ergonomics) 155M->22M(247M) 22.839ms
[2020-08-08T11:45:30.777+0300][125.343s][info ][gc] GC(872) Pause Young (Allocation Failure) 79M->79M(247M) 78.326ms
[2020-08-08T11:45:30.930+0300][125.496s][info ][gc] GC(873) Pause Young (Allocation Failure) 137M->136M(247M) 144.051ms
[2020-08-08T11:45:30.940+0300][125.505s][debug][gc] GC(874) Shrinking ParOldGen from 136704K by 18944K to 117760K
[2020-08-08T11:45:30.940+0300][125.505s][info ][gc] GC(874) Pause Full (Ergonomics) 136M->2M(229M) 9.577ms
[2020-08-08T11:45:31.011+0300][125.577s][info ][gc] GC(875) Pause Young (Allocation Failure) 60M->59M(229M) 63.056ms
[2020-08-08T11:45:31.168+0300][125.733s][info ][gc] GC(876) Pause Young (Allocation Failure) 117M->117M(229M) 146.751ms
[2020-08-08T11:45:31.549+0300][126.114s][debug][gc] GC(877) Expanding ParOldGen from 117760K by 116736K to 234496K
[2020-08-08T11:45:31.549+0300][126.114s][info ][gc] GC(877) Pause Full (Ergonomics) 117M->117M(343M) 380.796ms
[2020-08-08T11:45:31.660+0300][126.226s][info ][gc] GC(878) Pause Young (Allocation Failure) 174M->174M(343M) 99.576ms
[2020-08-08T11:45:31.839+0300][126.404s][info ][gc] GC(879) Pause Young (Allocation Failure) 232M->232M(343M) 169.175ms
[2020-08-08T11:45:32.155+0300][126.720s][debug][gc] GC(880) Shrinking ParOldGen from 234496K by 15360K to 219136K
[2020-08-08T11:45:32.155+0300][126.720s][info ][gc] GC(880) Pause Full (Ergonomics) 232M->98M(328M) 315.632ms
[2020-08-08T11:45:32.228+0300][126.793s][info ][gc] GC(881) Pause Young (Allocation Failure) 156M->156M(328M) 64.940ms
[2020-08-08T11:45:32.251+0300][126.817s][debug][gc] GC(882) Shrinking ParOldGen from 219136K by 83968K to 135168K
[2020-08-08T11:45:32.251+0300][126.817s][info ][gc] GC(882) Pause Full (Ergonomics) 156M->22M(246M) 23.570ms
[2020-08-08T11:45:32.340+0300][126.905s][info ][gc] GC(883) Pause Young (Allocation Failure) 80M->79M(246M) 77.788ms
[2020-08-08T11:45:32.501+0300][127.067s][info ][gc] GC(884) Pause Young (Allocation Failure) 136M->136M(246M) 149.128ms
[2020-08-08T11:45:32.510+0300][127.076s][debug][gc] GC(885) Shrinking ParOldGen from 135168K by 18432K to 116736K
[2020-08-08T11:45:32.510+0300][127.076s][info ][gc] GC(885) Pause Full (Ergonomics) 136M->2M(228M) 9.112ms
[2020-08-08T11:45:32.584+0300][127.149s][info ][gc] GC(886) Pause Young (Allocation Failure) 60M->59M(228M) 64.109ms
[2020-08-08T11:45:32.741+0300][127.306s][info ][gc] GC(887) Pause Young (Allocation Failure) 117M->117M(228M) 147.583ms
[2020-08-08T11:45:33.123+0300][127.688s][debug][gc] GC(888) Expanding ParOldGen from 116736K by 116224K to 232960K
[2020-08-08T11:45:33.123+0300][127.689s][info ][gc] GC(888) Pause Full (Ergonomics) 117M->117M(341M) 382.301ms
[2020-08-08T11:45:33.231+0300][127.797s][info ][gc] GC(889) Pause Young (Allocation Failure) 174M->174M(341M) 100.452ms
[2020-08-08T11:45:33.414+0300][127.979s][info ][gc] GC(890) Pause Young (Allocation Failure) 232M->232M(341M) 170.454ms
[2020-08-08T11:45:33.728+0300][128.293s][debug][gc] GC(891) Shrinking ParOldGen from 232960K by 14848K to 218112K
[2020-08-08T11:45:33.728+0300][128.293s][info ][gc] GC(891) Pause Full (Ergonomics) 232M->98M(327M) 314.406ms
[2020-08-08T11:45:33.807+0300][128.373s][info ][gc] GC(892) Pause Young (Allocation Failure) 156M->156M(327M) 67.682ms
[2020-08-08T11:45:33.965+0300][128.530s][info ][gc] GC(893) Pause Young (Allocation Failure) 213M->213M(327M) 147.868ms
[2020-08-08T11:45:34.204+0300][128.769s][debug][gc] GC(894) Shrinking ParOldGen from 218112K by 17920K to 200192K
[2020-08-08T11:45:34.204+0300][128.770s][info ][gc] GC(894) Pause Full (Ergonomics) 213M->79M(309M) 239.012ms
[2020-08-08T11:45:34.292+0300][128.858s][info ][gc] GC(895) Pause Young (Allocation Failure) 136M->136M(309M) 78.717ms
[2020-08-08T11:45:34.435+0300][129.000s][info ][gc] GC(896) Pause Young (Allocation Failure) 193M->193M(309M) 134.092ms
[2020-08-08T11:45:34.603+0300][129.169s][debug][gc] GC(897) Shrinking ParOldGen from 200192K by 19456K to 180736K
[2020-08-08T11:45:34.604+0300][129.169s][info ][gc] GC(897) Pause Full (Ergonomics) 193M->59M(290M) 168.653ms
[2020-08-08T11:45:34.698+0300][129.264s][info ][gc] GC(898) Pause Young (Allocation Failure) 117M->117M(290M) 79.891ms
[2020-08-08T11:45:34.840+0300][129.406s][info ][gc] GC(899) Pause Young (Allocation Failure) 174M->174M(290M) 134.672ms
[2020-08-08T11:45:34.935+0300][129.501s][debug][gc] GC(900) Shrinking ParOldGen from 180736K by 18432K to 162304K
[2020-08-08T11:45:34.935+0300][129.501s][info ][gc] GC(900) Pause Full (Ergonomics) 174M->41M(272M) 95.108ms
[2020-08-08T11:45:35.025+0300][129.590s][info ][gc] GC(901) Pause Young (Allocation Failure) 98M->98M(272M) 78.658ms
[2020-08-08T11:45:35.162+0300][129.727s][info ][gc] GC(902) Pause Young (Allocation Failure) 156M->156M(272M) 129.750ms
[2020-08-08T11:45:35.183+0300][129.749s][debug][gc] GC(903) Shrinking ParOldGen from 162304K by 11264K to 151040K
[2020-08-08T11:45:35.183+0300][129.749s][info ][gc] GC(903) Pause Full (Ergonomics) 156M->22M(261M) 21.102ms
[2020-08-08T11:45:35.272+0300][129.837s][info ][gc] GC(904) Pause Young (Allocation Failure) 80M->80M(261M) 78.105ms
[2020-08-08T11:45:35.422+0300][129.987s][info ][gc] GC(905) Pause Young (Allocation Failure) 136M->136M(261M) 141.380ms
[2020-08-08T11:45:35.431+0300][129.997s][debug][gc] GC(906) Shrinking ParOldGen from 151040K by 21504K to 129536K
[2020-08-08T11:45:35.432+0300][129.997s][info ][gc] GC(906) Pause Full (Ergonomics) 136M->2M(240M) 9.734ms
[2020-08-08T11:45:35.509+0300][130.074s][info ][gc] GC(907) Pause Young (Allocation Failure) 60M->59M(240M) 64.693ms
[2020-08-08T11:45:35.666+0300][130.232s][info ][gc] GC(908) Pause Young (Allocation Failure) 117M->117M(240M) 147.851ms
[2020-08-08T11:45:36.047+0300][130.613s][debug][gc] GC(909) Expanding ParOldGen from 129536K by 116736K to 246272K
[2020-08-08T11:45:36.047+0300][130.613s][info ][gc] GC(909) Pause Full (Ergonomics) 117M->117M(354M) 381.104ms
[2020-08-08T11:45:36.124+0300][130.689s][info ][gc] GC(910) Pause Young (Allocation Failure) 174M->174M(354M) 67.698ms
[2020-08-08T11:45:36.300+0300][130.865s][info ][gc] GC(911) Pause Young (Allocation Failure) 232M->232M(354M) 166.435ms
[2020-08-08T11:45:36.617+0300][131.182s][debug][gc] GC(912) Shrinking ParOldGen from 246272K by 19456K to 226816K
[2020-08-08T11:45:36.617+0300][131.182s][info ][gc] GC(912) Pause Full (Ergonomics) 232M->98M(335M) 317.103ms
[2020-08-08T11:45:36.693+0300][131.259s][info ][gc] GC(913) Pause Young (Allocation Failure) 156M->155M(335M) 65.483ms
[2020-08-08T11:45:36.715+0300][131.280s][debug][gc] GC(914) Shrinking ParOldGen from 226816K by 83968K to 142848K
[2020-08-08T11:45:36.715+0300][131.280s][info ][gc] GC(914) Pause Full (Ergonomics) 155M->22M(253M) 21.395ms
[2020-08-08T11:45:36.805+0300][131.370s][info ][gc] GC(915) Pause Young (Allocation Failure) 79M->79M(253M) 78.891ms
[2020-08-08T11:45:36.958+0300][131.523s][info ][gc] GC(916) Pause Young (Allocation Failure) 137M->136M(253M) 142.510ms
[2020-08-08T11:45:36.967+0300][131.532s][debug][gc] GC(917) Shrinking ParOldGen from 142848K by 19968K to 122880K
[2020-08-08T11:45:36.967+0300][131.532s][info ][gc] GC(917) Pause Full (Ergonomics) 136M->2M(234M) 9.329ms
[2020-08-08T11:45:37.040+0300][131.606s][info ][gc] GC(918) Pause Young (Allocation Failure) 60M->59M(234M) 64.279ms
[2020-08-08T11:45:37.197+0300][131.762s][info ][gc] GC(919) Pause Young (Allocation Failure) 117M->117M(234M) 146.364ms
[2020-08-08T11:45:37.574+0300][132.140s][debug][gc] GC(920) Expanding ParOldGen from 122880K by 118272K to 241152K
[2020-08-08T11:45:37.574+0300][132.140s][info ][gc] GC(920) Pause Full (Ergonomics) 117M->117M(349M) 377.212ms
[2020-08-08T11:45:37.654+0300][132.220s][info ][gc] GC(921) Pause Young (Allocation Failure) 174M->174M(349M) 69.489ms
[2020-08-08T11:45:37.833+0300][132.398s][info ][gc] GC(922) Pause Young (Allocation Failure) 232M->232M(349M) 169.280ms
[2020-08-08T11:45:38.149+0300][132.715s][debug][gc] GC(923) Shrinking ParOldGen from 241152K by 18432K to 222720K
[2020-08-08T11:45:38.150+0300][132.715s][info ][gc] GC(923) Pause Full (Ergonomics) 232M->98M(331M) 316.713ms
[2020-08-08T11:45:38.222+0300][132.787s][info ][gc] GC(924) Pause Young (Allocation Failure) 156M->156M(331M) 64.830ms
[2020-08-08T11:45:38.245+0300][132.811s][debug][gc] GC(925) Shrinking ParOldGen from 222720K by 83968K to 138752K
[2020-08-08T11:45:38.245+0300][132.811s][info ][gc] GC(925) Pause Full (Ergonomics) 156M->22M(249M) 23.260ms
[2020-08-08T11:45:38.334+0300][132.899s][info ][gc] GC(926) Pause Young (Allocation Failure) 80M->79M(249M) 78.257ms
[2020-08-08T11:45:38.485+0300][133.050s][info ][gc] GC(927) Pause Young (Allocation Failure) 136M->136M(249M) 140.989ms
[2020-08-08T11:45:38.494+0300][133.060s][debug][gc] GC(928) Shrinking ParOldGen from 138752K by 18944K to 119808K
[2020-08-08T11:45:38.494+0300][133.060s][info ][gc] GC(928) Pause Full (Ergonomics) 136M->2M(231M) 9.286ms
[2020-08-08T11:45:38.571+0300][133.137s][info ][gc] GC(929) Pause Young (Allocation Failure) 60M->59M(231M) 65.045ms
[2020-08-08T11:45:38.731+0300][133.297s][info ][gc] GC(930) Pause Young (Allocation Failure) 117M->117M(231M) 149.184ms
[2020-08-08T11:45:39.115+0300][133.681s][debug][gc] GC(931) Expanding ParOldGen from 119808K by 118272K to 238080K
[2020-08-08T11:45:39.115+0300][133.681s][info ][gc] GC(931) Pause Full (Ergonomics) 117M->117M(346M) 384.128ms
[2020-08-08T11:45:39.220+0300][133.785s][info ][gc] GC(932) Pause Young (Allocation Failure) 174M->174M(346M) 96.290ms
[2020-08-08T11:45:39.399+0300][133.964s][info ][gc] GC(933) Pause Young (Allocation Failure) 232M->232M(346M) 169.897ms
[2020-08-08T11:45:39.717+0300][134.282s][debug][gc] GC(934) Shrinking ParOldGen from 238080K by 17408K to 220672K
[2020-08-08T11:45:39.717+0300][134.282s][info ][gc] GC(934) Pause Full (Ergonomics) 232M->98M(329M) 317.961ms
[2020-08-08T11:45:39.794+0300][134.360s][info ][gc] GC(935) Pause Young (Allocation Failure) 156M->155M(329M) 64.531ms
[2020-08-08T11:45:39.817+0300][134.383s][debug][gc] GC(936) Shrinking ParOldGen from 220672K by 84480K to 136192K
[2020-08-08T11:45:39.817+0300][134.383s][info ][gc] GC(936) Pause Full (Ergonomics) 155M->22M(247M) 22.810ms
[2020-08-08T11:45:39.906+0300][134.471s][info ][gc] GC(937) Pause Young (Allocation Failure) 79M->79M(247M) 77.912ms
[2020-08-08T11:45:40.058+0300][134.624s][info ][gc] GC(938) Pause Young (Allocation Failure) 137M->136M(247M) 143.156ms
[2020-08-08T11:45:40.068+0300][134.633s][debug][gc] GC(939) Shrinking ParOldGen from 136192K by 18432K to 117760K
[2020-08-08T11:45:40.068+0300][134.633s][info ][gc] GC(939) Pause Full (Ergonomics) 136M->2M(229M) 9.572ms
[2020-08-08T11:45:40.140+0300][134.706s][info ][gc] GC(940) Pause Young (Allocation Failure) 60M->59M(229M) 64.587ms
[2020-08-08T11:45:40.297+0300][134.863s][info ][gc] GC(941) Pause Young (Allocation Failure) 117M->117M(229M) 147.129ms
[2020-08-08T11:45:40.677+0300][135.243s][debug][gc] GC(942) Expanding ParOldGen from 117760K by 116736K to 234496K
[2020-08-08T11:45:40.677+0300][135.243s][info ][gc] GC(942) Pause Full (Ergonomics) 117M->117M(343M) 379.888ms
[2020-08-08T11:45:40.789+0300][135.354s][info ][gc] GC(943) Pause Young (Allocation Failure) 174M->174M(343M) 100.125ms
[2020-08-08T11:45:40.969+0300][135.535s][info ][gc] GC(944) Pause Young (Allocation Failure) 232M->232M(343M) 170.514ms
[2020-08-08T11:45:41.285+0300][135.850s][debug][gc] GC(945) Shrinking ParOldGen from 234496K by 15360K to 219136K
[2020-08-08T11:45:41.285+0300][135.850s][info ][gc] GC(945) Pause Full (Ergonomics) 232M->98M(328M) 315.671ms
[2020-08-08T11:45:41.357+0300][135.923s][info ][gc] GC(946) Pause Young (Allocation Failure) 156M->156M(328M) 64.247ms
[2020-08-08T11:45:41.381+0300][135.947s][debug][gc] GC(947) Shrinking ParOldGen from 219136K by 83968K to 135168K
[2020-08-08T11:45:41.381+0300][135.947s][info ][gc] GC(947) Pause Full (Ergonomics) 156M->22M(246M) 23.929ms
[2020-08-08T11:45:41.471+0300][136.036s][info ][gc] GC(948) Pause Young (Allocation Failure) 80M->79M(246M) 78.461ms
[2020-08-08T11:45:41.629+0300][136.194s][info ][gc] GC(949) Pause Young (Allocation Failure) 136M->136M(246M) 145.541ms
[2020-08-08T11:45:41.638+0300][136.204s][debug][gc] GC(950) Shrinking ParOldGen from 135168K by 18432K to 116736K
[2020-08-08T11:45:41.638+0300][136.204s][info ][gc] GC(950) Pause Full (Ergonomics) 136M->2M(228M) 9.432ms
[2020-08-08T11:45:41.711+0300][136.277s][info ][gc] GC(951) Pause Young (Allocation Failure) 60M->59M(228M) 64.007ms
[2020-08-08T11:45:41.868+0300][136.433s][info ][gc] GC(952) Pause Young (Allocation Failure) 117M->117M(228M) 146.649ms
[2020-08-08T11:45:42.249+0300][136.814s][debug][gc] GC(953) Expanding ParOldGen from 116736K by 116224K to 232960K
[2020-08-08T11:45:42.249+0300][136.814s][info ][gc] GC(953) Pause Full (Ergonomics) 117M->117M(341M) 380.900ms
[2020-08-08T11:45:42.358+0300][136.923s][info ][gc] GC(954) Pause Young (Allocation Failure) 174M->174M(341M) 101.745ms
[2020-08-08T11:45:42.538+0300][137.104s][info ][gc] GC(955) Pause Young (Allocation Failure) 232M->232M(341M) 170.015ms
[2020-08-08T11:45:42.854+0300][137.419s][debug][gc] GC(956) Shrinking ParOldGen from 232960K by 14848K to 218112K
[2020-08-08T11:45:42.854+0300][137.419s][info ][gc] GC(956) Pause Full (Ergonomics) 232M->98M(327M) 315.551ms
[2020-08-08T11:45:42.932+0300][137.497s][info ][gc] GC(957) Pause Young (Allocation Failure) 156M->156M(327M) 66.547ms
[2020-08-08T11:45:43.090+0300][137.655s][info ][gc] GC(958) Pause Young (Allocation Failure) 213M->213M(327M) 147.386ms
[2020-08-08T11:45:43.329+0300][137.895s][debug][gc] GC(959) Shrinking ParOldGen from 218112K by 17920K to 200192K
[2020-08-08T11:45:43.329+0300][137.895s][info ][gc] GC(959) Pause Full (Ergonomics) 213M->79M(309M) 239.520ms
[2020-08-08T11:45:43.418+0300][137.984s][info ][gc] GC(960) Pause Young (Allocation Failure) 136M->136M(309M) 79.669ms
[2020-08-08T11:45:43.561+0300][138.127s][info ][gc] GC(961) Pause Young (Allocation Failure) 193M->193M(309M) 135.036ms
[2020-08-08T11:45:43.729+0300][138.295s][debug][gc] GC(962) Shrinking ParOldGen from 200192K by 19456K to 180736K
[2020-08-08T11:45:43.729+0300][138.295s][info ][gc] GC(962) Pause Full (Ergonomics) 193M->59M(290M) 167.847ms
[2020-08-08T11:45:43.823+0300][138.388s][info ][gc] GC(963) Pause Young (Allocation Failure) 117M->117M(290M) 79.704ms
[2020-08-08T11:45:43.965+0300][138.531s][info ][gc] GC(964) Pause Young (Allocation Failure) 174M->174M(290M) 135.095ms
[2020-08-08T11:45:44.059+0300][138.624s][debug][gc] GC(965) Shrinking ParOldGen from 180736K by 18432K to 162304K
[2020-08-08T11:45:44.059+0300][138.624s][info ][gc] GC(965) Pause Full (Ergonomics) 174M->41M(272M) 93.735ms
[2020-08-08T11:45:44.148+0300][138.713s][info ][gc] GC(966) Pause Young (Allocation Failure) 98M->98M(272M) 77.773ms
[2020-08-08T11:45:44.284+0300][138.850s][info ][gc] GC(967) Pause Young (Allocation Failure) 156M->156M(272M) 129.260ms
[2020-08-08T11:45:44.305+0300][138.871s][debug][gc] GC(968) Shrinking ParOldGen from 162304K by 11264K to 151040K
[2020-08-08T11:45:44.305+0300][138.871s][info ][gc] GC(968) Pause Full (Ergonomics) 156M->22M(261M) 21.101ms
[2020-08-08T11:45:44.394+0300][138.960s][info ][gc] GC(969) Pause Young (Allocation Failure) 80M->80M(261M) 78.599ms
[2020-08-08T11:45:44.545+0300][139.111s][info ][gc] GC(970) Pause Young (Allocation Failure) 136M->136M(261M) 142.011ms
[2020-08-08T11:45:44.555+0300][139.121s][debug][gc] GC(971) Shrinking ParOldGen from 151040K by 21504K to 129536K
[2020-08-08T11:45:44.555+0300][139.121s][info ][gc] GC(971) Pause Full (Ergonomics) 136M->2M(240M) 9.975ms
[2020-08-08T11:45:44.635+0300][139.200s][info ][gc] GC(972) Pause Young (Allocation Failure) 60M->59M(240M) 66.912ms
[2020-08-08T11:45:44.794+0300][139.359s][info ][gc] GC(973) Pause Young (Allocation Failure) 117M->117M(240M) 149.031ms
[2020-08-08T11:45:45.174+0300][139.740s][debug][gc] GC(974) Expanding ParOldGen from 129536K by 116736K to 246272K
[2020-08-08T11:45:45.174+0300][139.740s][info ][gc] GC(974) Pause Full (Ergonomics) 117M->117M(354M) 380.284ms
[2020-08-08T11:45:45.250+0300][139.815s][info ][gc] GC(975) Pause Young (Allocation Failure) 174M->174M(354M) 67.452ms
[2020-08-08T11:45:45.426+0300][139.991s][info ][gc] GC(976) Pause Young (Allocation Failure) 232M->232M(354M) 167.326ms
[2020-08-08T11:45:45.744+0300][140.310s][debug][gc] GC(977) Shrinking ParOldGen from 246272K by 19456K to 226816K
[2020-08-08T11:45:45.744+0300][140.310s][info ][gc] GC(977) Pause Full (Ergonomics) 232M->98M(335M) 318.367ms
[2020-08-08T11:45:45.822+0300][140.388s][info ][gc] GC(978) Pause Young (Allocation Failure) 156M->155M(335M) 65.719ms
[2020-08-08T11:45:45.844+0300][140.409s][debug][gc] GC(979) Shrinking ParOldGen from 226816K by 83968K to 142848K
[2020-08-08T11:45:45.844+0300][140.410s][info ][gc] GC(979) Pause Full (Ergonomics) 155M->22M(253M) 21.927ms
[2020-08-08T11:45:45.933+0300][140.499s][info ][gc] GC(980) Pause Young (Allocation Failure) 79M->79M(253M) 78.008ms
[2020-08-08T11:45:46.086+0300][140.652s][info ][gc] GC(981) Pause Young (Allocation Failure) 137M->136M(253M) 143.497ms
[2020-08-08T11:45:46.096+0300][140.661s][debug][gc] GC(982) Shrinking ParOldGen from 142848K by 19968K to 122880K
[2020-08-08T11:45:46.096+0300][140.661s][info ][gc] GC(982) Pause Full (Ergonomics) 136M->2M(234M) 9.466ms
[2020-08-08T11:45:46.168+0300][140.733s][info ][gc] GC(983) Pause Young (Allocation Failure) 60M->59M(234M) 63.260ms
[2020-08-08T11:45:46.325+0300][140.890s][info ][gc] GC(984) Pause Young (Allocation Failure) 117M->117M(234M) 146.796ms
[2020-08-08T11:45:46.703+0300][141.268s][debug][gc] GC(985) Expanding ParOldGen from 122880K by 118272K to 241152K
[2020-08-08T11:45:46.703+0300][141.268s][info ][gc] GC(985) Pause Full (Ergonomics) 117M->117M(349M) 377.972ms
[2020-08-08T11:45:46.784+0300][141.349s][info ][gc] GC(986) Pause Young (Allocation Failure) 174M->174M(349M) 70.061ms
[2020-08-08T11:45:46.962+0300][141.528s][info ][gc] GC(987) Pause Young (Allocation Failure) 232M->232M(349M) 169.348ms
[2020-08-08T11:45:47.280+0300][141.845s][debug][gc] GC(988) Shrinking ParOldGen from 241152K by 18432K to 222720K
[2020-08-08T11:45:47.280+0300][141.846s][info ][gc] GC(988) Pause Full (Ergonomics) 232M->98M(331M) 317.647ms
[2020-08-08T11:45:47.351+0300][141.917s][info ][gc] GC(989) Pause Young (Allocation Failure) 156M->156M(331M) 63.531ms
[2020-08-08T11:45:47.375+0300][141.940s][debug][gc] GC(990) Shrinking ParOldGen from 222720K by 83968K to 138752K
[2020-08-08T11:45:47.375+0300][141.940s][info ][gc] GC(990) Pause Full (Ergonomics) 156M->22M(249M) 23.437ms
[2020-08-08T11:45:47.467+0300][142.033s][info ][gc] GC(991) Pause Young (Allocation Failure) 80M->79M(249M) 81.639ms
[2020-08-08T11:45:47.632+0300][142.197s][info ][gc] GC(992) Pause Young (Allocation Failure) 136M->136M(249M) 155.239ms
[2020-08-08T11:45:47.641+0300][142.206s][debug][gc] GC(993) Shrinking ParOldGen from 138752K by 18944K to 119808K
[2020-08-08T11:45:47.641+0300][142.206s][info ][gc] GC(993) Pause Full (Ergonomics) 136M->2M(231M) 9.081ms
[2020-08-08T11:45:47.717+0300][142.282s][info ][gc] GC(994) Pause Young (Allocation Failure) 60M->59M(231M) 64.405ms
[2020-08-08T11:45:47.876+0300][142.442s][info ][gc] GC(995) Pause Young (Allocation Failure) 117M->117M(231M) 149.688ms
[2020-08-08T11:45:48.259+0300][142.824s][debug][gc] GC(996) Expanding ParOldGen from 119808K by 118272K to 238080K
[2020-08-08T11:45:48.259+0300][142.825s][info ][gc] GC(996) Pause Full (Ergonomics) 117M->117M(346M) 382.747ms
[2020-08-08T11:45:48.363+0300][142.929s][info ][gc] GC(997) Pause Young (Allocation Failure) 174M->174M(346M) 95.760ms
[2020-08-08T11:45:48.543+0300][143.108s][info ][gc] GC(998) Pause Young (Allocation Failure) 232M->232M(346M) 169.556ms
[2020-08-08T11:45:48.861+0300][143.426s][debug][gc] GC(999) Shrinking ParOldGen from 238080K by 17408K to 220672K
[2020-08-08T11:45:48.861+0300][143.426s][info ][gc] GC(999) Pause Full (Ergonomics) 232M->98M(329M) 317.750ms
[2020-08-08T11:45:48.935+0300][143.501s][info ][gc] GC(1000) Pause Young (Allocation Failure) 156M->155M(329M) 64.504ms
[2020-08-08T11:45:48.958+0300][143.523s][debug][gc] GC(1001) Shrinking ParOldGen from 220672K by 84480K to 136192K
[2020-08-08T11:45:48.958+0300][143.523s][info ][gc] GC(1001) Pause Full (Ergonomics) 155M->22M(247M) 22.758ms
[2020-08-08T11:45:49.048+0300][143.613s][info ][gc] GC(1002) Pause Young (Allocation Failure) 79M->79M(247M) 78.373ms
[2020-08-08T11:45:49.201+0300][143.766s][info ][gc] GC(1003) Pause Young (Allocation Failure) 137M->136M(247M) 143.916ms
[2020-08-08T11:45:49.210+0300][143.775s][debug][gc] GC(1004) Shrinking ParOldGen from 136192K by 18432K to 117760K
[2020-08-08T11:45:49.210+0300][143.775s][info ][gc] GC(1004) Pause Full (Ergonomics) 136M->2M(229M) 8.977ms
[2020-08-08T11:45:49.283+0300][143.848s][info ][gc] GC(1005) Pause Young (Allocation Failure) 60M->59M(229M) 64.215ms
[2020-08-08T11:45:49.440+0300][144.005s][info ][gc] GC(1006) Pause Young (Allocation Failure) 117M->117M(229M) 147.891ms
[2020-08-08T11:45:49.822+0300][144.387s][debug][gc] GC(1007) Expanding ParOldGen from 117760K by 116736K to 234496K
[2020-08-08T11:45:49.822+0300][144.387s][info ][gc] GC(1007) Pause Full (Ergonomics) 117M->117M(343M) 381.643ms
[2020-08-08T11:45:49.930+0300][144.496s][info ][gc] GC(1008) Pause Young (Allocation Failure) 174M->174M(343M) 98.572ms
[2020-08-08T11:45:50.112+0300][144.677s][info ][gc] GC(1009) Pause Young (Allocation Failure) 232M->232M(343M) 171.054ms
[2020-08-08T11:45:50.428+0300][144.994s][debug][gc] GC(1010) Shrinking ParOldGen from 234496K by 15360K to 219136K
[2020-08-08T11:45:50.428+0300][144.994s][info ][gc] GC(1010) Pause Full (Ergonomics) 232M->98M(328M) 316.521ms
[2020-08-08T11:45:50.500+0300][145.066s][info ][gc] GC(1011) Pause Young (Allocation Failure) 156M->156M(328M) 64.222ms
[2020-08-08T11:45:50.524+0300][145.089s][debug][gc] GC(1012) Shrinking ParOldGen from 219136K by 83968K to 135168K
[2020-08-08T11:45:50.524+0300][145.090s][info ][gc] GC(1012) Pause Full (Ergonomics) 156M->22M(246M) 23.808ms
[2020-08-08T11:45:50.619+0300][145.184s][info ][gc] GC(1013) Pause Young (Allocation Failure) 80M->79M(246M) 80.620ms
[2020-08-08T11:45:50.770+0300][145.336s][info ][gc] GC(1014) Pause Young (Allocation Failure) 137M->136M(246M) 142.313ms
[2020-08-08T11:45:50.779+0300][145.345s][debug][gc] GC(1015) Shrinking ParOldGen from 135168K by 18432K to 116736K
[2020-08-08T11:45:50.779+0300][145.345s][info ][gc] GC(1015) Pause Full (Ergonomics) 136M->2M(228M) 9.084ms
[2020-08-08T11:45:50.851+0300][145.416s][info ][gc] GC(1016) Pause Young (Allocation Failure) 60M->59M(228M) 63.033ms
[2020-08-08T11:45:51.008+0300][145.574s][info ][gc] GC(1017) Pause Young (Allocation Failure) 117M->117M(228M) 148.259ms
[2020-08-08T11:45:51.388+0300][145.953s][debug][gc] GC(1018) Expanding ParOldGen from 116736K by 116224K to 232960K
[2020-08-08T11:45:51.388+0300][145.953s][info ][gc] GC(1018) Pause Full (Ergonomics) 117M->117M(341M) 379.495ms
[2020-08-08T11:45:51.496+0300][146.061s][info ][gc] GC(1019) Pause Young (Allocation Failure) 174M->174M(341M) 99.404ms
[2020-08-08T11:45:51.676+0300][146.241s][info ][gc] GC(1020) Pause Young (Allocation Failure) 232M->232M(341M) 170.560ms
[2020-08-08T11:45:51.991+0300][146.556s][debug][gc] GC(1021) Shrinking ParOldGen from 232960K by 14848K to 218112K
[2020-08-08T11:45:51.991+0300][146.556s][info ][gc] GC(1021) Pause Full (Ergonomics) 232M->98M(327M) 314.642ms
[2020-08-08T11:45:52.066+0300][146.631s][info ][gc] GC(1022) Pause Young (Allocation Failure) 156M->156M(327M) 64.576ms
[2020-08-08T11:45:52.221+0300][146.787s][info ][gc] GC(1023) Pause Young (Allocation Failure) 213M->213M(327M) 146.428ms
[2020-08-08T11:45:52.459+0300][147.024s][debug][gc] GC(1024) Shrinking ParOldGen from 218112K by 17920K to 200192K
[2020-08-08T11:45:52.459+0300][147.024s][info ][gc] GC(1024) Pause Full (Ergonomics) 213M->79M(309M) 237.514ms
[2020-08-08T11:45:52.545+0300][147.111s][info ][gc] GC(1025) Pause Young (Allocation Failure) 136M->136M(309M) 76.640ms
[2020-08-08T11:45:52.695+0300][147.260s][info ][gc] GC(1026) Pause Young (Allocation Failure) 193M->193M(309M) 138.111ms
[2020-08-08T11:45:52.860+0300][147.425s][debug][gc] GC(1027) Shrinking ParOldGen from 200192K by 19968K to 180224K
[2020-08-08T11:45:52.860+0300][147.425s][info ][gc] GC(1027) Pause Full (Ergonomics) 193M->59M(290M) 164.742ms
[2020-08-08T11:45:52.948+0300][147.513s][info ][gc] GC(1028) Pause Young (Allocation Failure) 117M->117M(290M) 77.832ms
[2020-08-08T11:45:53.087+0300][147.652s][info ][gc] GC(1029) Pause Young (Allocation Failure) 174M->174M(290M) 131.803ms
[2020-08-08T11:45:53.181+0300][147.746s][debug][gc] GC(1030) Shrinking ParOldGen from 180224K by 17920K to 162304K
[2020-08-08T11:45:53.181+0300][147.747s][info ][gc] GC(1030) Pause Full (Ergonomics) 174M->41M(272M) 94.436ms
[2020-08-08T11:45:53.271+0300][147.836s][info ][gc] GC(1031) Pause Young (Allocation Failure) 98M->98M(272M) 79.100ms
[2020-08-08T11:45:53.406+0300][147.971s][info ][gc] GC(1032) Pause Young (Allocation Failure) 156M->156M(272M) 127.779ms
[2020-08-08T11:45:53.427+0300][147.992s][debug][gc] GC(1033) Shrinking ParOldGen from 162304K by 11264K to 151040K
[2020-08-08T11:45:53.427+0300][147.992s][info ][gc] GC(1033) Pause Full (Ergonomics) 156M->22M(261M) 20.608ms
[2020-08-08T11:45:53.514+0300][148.080s][info ][gc] GC(1034) Pause Young (Allocation Failure) 80M->80M(261M) 77.470ms
[2020-08-08T11:45:53.666+0300][148.231s][info ][gc] GC(1035) Pause Young (Allocation Failure) 136M->136M(261M) 142.494ms
[2020-08-08T11:45:53.675+0300][148.241s][debug][gc] GC(1036) Shrinking ParOldGen from 151040K by 21504K to 129536K
[2020-08-08T11:45:53.675+0300][148.241s][info ][gc] GC(1036) Pause Full (Ergonomics) 136M->2M(240M) 9.498ms
[2020-08-08T11:45:53.752+0300][148.318s][info ][gc] GC(1037) Pause Young (Allocation Failure) 60M->59M(240M) 65.226ms
[2020-08-08T11:45:53.911+0300][148.476s][info ][gc] GC(1038) Pause Young (Allocation Failure) 117M->117M(240M) 148.787ms
[2020-08-08T11:45:54.292+0300][148.857s][debug][gc] GC(1039) Expanding ParOldGen from 129536K by 116736K to 246272K
[2020-08-08T11:45:54.292+0300][148.857s][info ][gc] GC(1039) Pause Full (Ergonomics) 117M->117M(354M) 381.496ms
[2020-08-08T11:45:54.368+0300][148.933s][info ][gc] GC(1040) Pause Young (Allocation Failure) 174M->174M(354M) 67.426ms
[2020-08-08T11:45:54.544+0300][149.109s][info ][gc] GC(1041) Pause Young (Allocation Failure) 232M->232M(354M) 165.833ms
[2020-08-08T11:45:54.861+0300][149.427s][debug][gc] GC(1042) Shrinking ParOldGen from 246272K by 19456K to 226816K
[2020-08-08T11:45:54.861+0300][149.427s][info ][gc] GC(1042) Pause Full (Ergonomics) 232M->98M(335M) 317.769ms
[2020-08-08T11:45:54.937+0300][149.502s][info ][gc] GC(1043) Pause Young (Allocation Failure) 156M->155M(335M) 65.009ms
[2020-08-08T11:45:54.958+0300][149.524s][debug][gc] GC(1044) Shrinking ParOldGen from 226816K by 83968K to 142848K
[2020-08-08T11:45:54.959+0300][149.524s][info ][gc] GC(1044) Pause Full (Ergonomics) 155M->22M(253M) 21.734ms
[2020-08-08T11:45:55.049+0300][149.614s][info ][gc] GC(1045) Pause Young (Allocation Failure) 79M->79M(253M) 79.483ms
[2020-08-08T11:45:55.202+0300][149.767s][info ][gc] GC(1046) Pause Young (Allocation Failure) 137M->136M(253M) 143.732ms
[2020-08-08T11:45:55.211+0300][149.777s][debug][gc] GC(1047) Shrinking ParOldGen from 142848K by 19968K to 122880K
[2020-08-08T11:45:55.211+0300][149.777s][info ][gc] GC(1047) Pause Full (Ergonomics) 136M->2M(234M) 9.298ms
[2020-08-08T11:45:55.284+0300][149.849s][info ][gc] GC(1048) Pause Young (Allocation Failure) 60M->59M(234M) 64.250ms
[2020-08-08T11:45:55.440+0300][150.005s][info ][gc] GC(1049) Pause Young (Allocation Failure) 117M->117M(234M) 146.599ms
[2020-08-08T11:45:55.818+0300][150.384s][debug][gc] GC(1050) Expanding ParOldGen from 122880K by 118272K to 241152K
[2020-08-08T11:45:55.818+0300][150.384s][info ][gc] GC(1050) Pause Full (Ergonomics) 117M->117M(349M) 378.035ms
[2020-08-08T11:45:55.898+0300][150.463s][info ][gc] GC(1051) Pause Young (Allocation Failure) 174M->174M(349M) 69.210ms
[2020-08-08T11:45:56.075+0300][150.640s][info ][gc] GC(1052) Pause Young (Allocation Failure) 232M->232M(349M) 167.908ms
[2020-08-08T11:45:56.392+0300][150.957s][debug][gc] GC(1053) Shrinking ParOldGen from 241152K by 18432K to 222720K
[2020-08-08T11:45:56.392+0300][150.957s][info ][gc] GC(1053) Pause Full (Ergonomics) 232M->98M(331M) 316.807ms
[2020-08-08T11:45:56.464+0300][151.029s][info ][gc] GC(1054) Pause Young (Allocation Failure) 156M->156M(331M) 63.586ms
[2020-08-08T11:45:56.487+0300][151.053s][debug][gc] GC(1055) Shrinking ParOldGen from 222720K by 83968K to 138752K
[2020-08-08T11:45:56.487+0300][151.053s][info ][gc] GC(1055) Pause Full (Ergonomics) 156M->22M(249M) 23.623ms
[2020-08-08T11:45:56.576+0300][151.141s][info ][gc] GC(1056) Pause Young (Allocation Failure) 80M->79M(249M) 78.059ms
[2020-08-08T11:45:56.730+0300][151.295s][info ][gc] GC(1057) Pause Young (Allocation Failure) 136M->136M(249M) 144.660ms
[2020-08-08T11:45:56.739+0300][151.305s][debug][gc] GC(1058) Shrinking ParOldGen from 138752K by 18944K to 119808K
[2020-08-08T11:45:56.739+0300][151.305s][info ][gc] GC(1058) Pause Full (Ergonomics) 136M->2M(231M) 9.517ms
[2020-08-08T11:45:56.816+0300][151.382s][info ][gc] GC(1059) Pause Young (Allocation Failure) 60M->59M(231M) 65.509ms
[2020-08-08T11:45:56.974+0300][151.540s][info ][gc] GC(1060) Pause Young (Allocation Failure) 117M->117M(231M) 149.035ms
[2020-08-08T11:45:57.356+0300][151.922s][debug][gc] GC(1061) Expanding ParOldGen from 119808K by 118272K to 238080K
[2020-08-08T11:45:57.356+0300][151.922s][info ][gc] GC(1061) Pause Full (Ergonomics) 117M->117M(346M) 381.896ms
[2020-08-08T11:45:57.459+0300][152.025s][info ][gc] GC(1062) Pause Young (Allocation Failure) 174M->174M(346M) 94.136ms
[2020-08-08T11:45:57.640+0300][152.205s][info ][gc] GC(1063) Pause Young (Allocation Failure) 232M->232M(346M) 171.121ms
[2020-08-08T11:45:57.959+0300][152.524s][debug][gc] GC(1064) Shrinking ParOldGen from 238080K by 17408K to 220672K
[2020-08-08T11:45:57.959+0300][152.524s][info ][gc] GC(1064) Pause Full (Ergonomics) 232M->98M(329M) 318.594ms
[2020-08-08T11:45:58.033+0300][152.599s][info ][gc] GC(1065) Pause Young (Allocation Failure) 156M->155M(329M) 64.140ms
[2020-08-08T11:45:58.057+0300][152.622s][debug][gc] GC(1066) Shrinking ParOldGen from 220672K by 83968K to 136704K
[2020-08-08T11:45:58.057+0300][152.622s][info ][gc] GC(1066) Pause Full (Ergonomics) 155M->22M(247M) 23.305ms
[2020-08-08T11:45:58.147+0300][152.712s][info ][gc] GC(1067) Pause Young (Allocation Failure) 79M->79M(247M) 78.517ms
[2020-08-08T11:45:58.299+0300][152.864s][info ][gc] GC(1068) Pause Young (Allocation Failure) 137M->136M(247M) 142.910ms
[2020-08-08T11:45:58.308+0300][152.874s][debug][gc] GC(1069) Shrinking ParOldGen from 136704K by 18944K to 117760K
[2020-08-08T11:45:58.308+0300][152.874s][info ][gc] GC(1069) Pause Full (Ergonomics) 136M->2M(229M) 9.139ms
[2020-08-08T11:45:58.381+0300][152.947s][info ][gc] GC(1070) Pause Young (Allocation Failure) 60M->59M(229M) 63.816ms
[2020-08-08T11:45:58.538+0300][153.103s][info ][gc] GC(1071) Pause Young (Allocation Failure) 117M->117M(229M) 147.186ms
[2020-08-08T11:45:58.918+0300][153.484s][debug][gc] GC(1072) Expanding ParOldGen from 117760K by 116736K to 234496K
[2020-08-08T11:45:58.918+0300][153.484s][info ][gc] GC(1072) Pause Full (Ergonomics) 117M->117M(343M) 380.222ms
[2020-08-08T11:45:59.031+0300][153.596s][info ][gc] GC(1073) Pause Young (Allocation Failure) 174M->174M(343M) 100.321ms
[2020-08-08T11:45:59.209+0300][153.775s][info ][gc] GC(1074) Pause Young (Allocation Failure) 232M->232M(343M) 169.643ms
[2020-08-08T11:45:59.529+0300][154.095s][debug][gc] GC(1075) Shrinking ParOldGen from 234496K by 15360K to 219136K
[2020-08-08T11:45:59.530+0300][154.095s][info ][gc] GC(1075) Pause Full (Ergonomics) 232M->98M(328M) 320.096ms
[2020-08-08T11:45:59.604+0300][154.170s][info ][gc] GC(1076) Pause Young (Allocation Failure) 156M->156M(328M) 66.487ms
[2020-08-08T11:45:59.628+0300][154.194s][debug][gc] GC(1077) Shrinking ParOldGen from 219136K by 83968K to 135168K
[2020-08-08T11:45:59.628+0300][154.194s][info ][gc] GC(1077) Pause Full (Ergonomics) 156M->22M(246M) 23.852ms
[2020-08-08T11:45:59.721+0300][154.287s][info ][gc] GC(1078) Pause Young (Allocation Failure) 79M->79M(246M) 80.197ms
[2020-08-08T11:45:59.873+0300][154.438s][info ][gc] GC(1079) Pause Young (Allocation Failure) 137M->136M(246M) 142.283ms
[2020-08-08T11:45:59.882+0300][154.447s][debug][gc] GC(1080) Shrinking ParOldGen from 135168K by 18432K to 116736K
[2020-08-08T11:45:59.882+0300][154.447s][info ][gc] GC(1080) Pause Full (Ergonomics) 136M->2M(228M) 9.094ms
[2020-08-08T11:45:59.955+0300][154.521s][info ][gc] GC(1081) Pause Young (Allocation Failure) 60M->59M(228M) 63.066ms
[2020-08-08T11:46:00.114+0300][154.679s][info ][gc] GC(1082) Pause Young (Allocation Failure) 117M->117M(228M) 149.585ms
[2020-08-08T11:46:00.498+0300][155.063s][debug][gc] GC(1083) Expanding ParOldGen from 116736K by 116224K to 232960K
[2020-08-08T11:46:00.498+0300][155.063s][info ][gc] GC(1083) Pause Full (Ergonomics) 117M->117M(341M) 383.862ms
[2020-08-08T11:46:00.606+0300][155.171s][info ][gc] GC(1084) Pause Young (Allocation Failure) 174M->174M(341M) 100.813ms
[2020-08-08T11:46:00.788+0300][155.353s][info ][gc] GC(1085) Pause Young (Allocation Failure) 232M->232M(341M) 170.356ms
[2020-08-08T11:46:01.101+0300][155.667s][debug][gc] GC(1086) Shrinking ParOldGen from 232960K by 14848K to 218112K
[2020-08-08T11:46:01.102+0300][155.667s][info ][gc] GC(1086) Pause Full (Ergonomics) 232M->98M(327M) 313.812ms
[2020-08-08T11:46:01.177+0300][155.743s][info ][gc] GC(1087) Pause Young (Allocation Failure) 156M->156M(327M) 64.832ms
[2020-08-08T11:46:01.333+0300][155.898s][info ][gc] GC(1088) Pause Young (Allocation Failure) 213M->213M(327M) 145.848ms
[2020-08-08T11:46:01.570+0300][156.135s][debug][gc] GC(1089) Shrinking ParOldGen from 218112K by 17920K to 200192K
[2020-08-08T11:46:01.570+0300][156.135s][info ][gc] GC(1089) Pause Full (Ergonomics) 213M->79M(309M) 237.193ms
[2020-08-08T11:46:01.660+0300][156.225s][info ][gc] GC(1090) Pause Young (Allocation Failure) 136M->136M(309M) 76.689ms
[2020-08-08T11:46:01.807+0300][156.372s][info ][gc] GC(1091) Pause Young (Allocation Failure) 193M->193M(309M) 136.902ms
[2020-08-08T11:46:01.971+0300][156.537s][debug][gc] GC(1092) Shrinking ParOldGen from 200192K by 19968K to 180224K
[2020-08-08T11:46:01.971+0300][156.537s][info ][gc] GC(1092) Pause Full (Ergonomics) 193M->59M(290M) 164.317ms
[2020-08-08T11:46:02.058+0300][156.623s][info ][gc] GC(1093) Pause Young (Allocation Failure) 117M->117M(290M) 76.972ms
[2020-08-08T11:46:02.196+0300][156.762s][info ][gc] GC(1094) Pause Young (Allocation Failure) 174M->174M(290M) 130.733ms
[2020-08-08T11:46:02.291+0300][156.856s][debug][gc] GC(1095) Shrinking ParOldGen from 180224K by 17920K to 162304K
[2020-08-08T11:46:02.291+0300][156.856s][info ][gc] GC(1095) Pause Full (Ergonomics) 174M->41M(272M) 94.200ms
[2020-08-08T11:46:02.380+0300][156.945s][info ][gc] GC(1096) Pause Young (Allocation Failure) 98M->98M(272M) 77.944ms
[2020-08-08T11:46:02.515+0300][157.080s][info ][gc] GC(1097) Pause Young (Allocation Failure) 156M->156M(272M) 127.345ms
[2020-08-08T11:46:02.536+0300][157.101s][debug][gc] GC(1098) Shrinking ParOldGen from 162304K by 11264K to 151040K
[2020-08-08T11:46:02.536+0300][157.101s][info ][gc] GC(1098) Pause Full (Ergonomics) 156M->22M(261M) 21.071ms
[2020-08-08T11:46:02.625+0300][157.191s][info ][gc] GC(1099) Pause Young (Allocation Failure) 80M->80M(261M) 79.442ms
[2020-08-08T11:46:02.777+0300][157.342s][info ][gc] GC(1100) Pause Young (Allocation Failure) 136M->136M(261M) 142.149ms
[2020-08-08T11:46:02.786+0300][157.351s][debug][gc] GC(1101) Shrinking ParOldGen from 151040K by 21504K to 129536K
[2020-08-08T11:46:02.786+0300][157.352s][info ][gc] GC(1101) Pause Full (Ergonomics) 136M->2M(240M) 9.405ms
[2020-08-08T11:46:02.861+0300][157.427s][info ][gc] GC(1102) Pause Young (Allocation Failure) 60M->59M(240M) 63.761ms
[2020-08-08T11:46:03.019+0300][157.584s][info ][gc] GC(1103) Pause Young (Allocation Failure) 117M->117M(240M) 148.086ms
[2020-08-08T11:46:03.397+0300][157.963s][debug][gc] GC(1104) Expanding ParOldGen from 129536K by 116736K to 246272K
[2020-08-08T11:46:03.398+0300][157.963s][info ][gc] GC(1104) Pause Full (Ergonomics) 117M->117M(354M) 378.460ms
[2020-08-08T11:46:03.472+0300][158.038s][info ][gc] GC(1105) Pause Young (Allocation Failure) 174M->174M(354M) 67.281ms
[2020-08-08T11:46:03.650+0300][158.215s][info ][gc] GC(1106) Pause Young (Allocation Failure) 232M->232M(354M) 167.567ms
[2020-08-08T11:46:03.967+0300][158.532s][debug][gc] GC(1107) Shrinking ParOldGen from 246272K by 19456K to 226816K
[2020-08-08T11:46:03.967+0300][158.533s][info ][gc] GC(1107) Pause Full (Ergonomics) 232M->98M(335M) 317.360ms
[2020-08-08T11:46:04.045+0300][158.611s][info ][gc] GC(1108) Pause Young (Allocation Failure) 156M->155M(335M) 65.381ms
[2020-08-08T11:46:04.067+0300][158.633s][debug][gc] GC(1109) Shrinking ParOldGen from 226816K by 83968K to 142848K
[2020-08-08T11:46:04.067+0300][158.633s][info ][gc] GC(1109) Pause Full (Ergonomics) 155M->22M(253M) 22.102ms
[2020-08-08T11:46:04.157+0300][158.722s][info ][gc] GC(1110) Pause Young (Allocation Failure) 79M->79M(253M) 78.854ms
[2020-08-08T11:46:04.312+0300][158.878s][info ][gc] GC(1111) Pause Young (Allocation Failure) 137M->136M(253M) 146.679ms
[2020-08-08T11:46:04.322+0300][158.887s][debug][gc] GC(1112) Shrinking ParOldGen from 142848K by 19968K to 122880K
[2020-08-08T11:46:04.322+0300][158.887s][info ][gc] GC(1112) Pause Full (Ergonomics) 136M->2M(234M) 9.451ms
[2020-08-08T11:46:04.394+0300][158.959s][info ][gc] GC(1113) Pause Young (Allocation Failure) 60M->59M(234M) 64.190ms
[2020-08-08T11:46:04.551+0300][159.116s][info ][gc] GC(1114) Pause Young (Allocation Failure) 117M->117M(234M) 147.662ms
[2020-08-08T11:46:04.931+0300][159.496s][debug][gc] GC(1115) Expanding ParOldGen from 122880K by 118272K to 241152K
[2020-08-08T11:46:04.931+0300][159.497s][info ][gc] GC(1115) Pause Full (Ergonomics) 117M->117M(349M) 380.175ms
[2020-08-08T11:46:05.012+0300][159.577s][info ][gc] GC(1116) Pause Young (Allocation Failure) 174M->174M(349M) 69.413ms
[2020-08-08T11:46:05.191+0300][159.757s][info ][gc] GC(1117) Pause Young (Allocation Failure) 232M->232M(349M) 169.631ms
[2020-08-08T11:46:05.507+0300][160.072s][debug][gc] GC(1118) Shrinking ParOldGen from 241152K by 18432K to 222720K
[2020-08-08T11:46:05.507+0300][160.072s][info ][gc] GC(1118) Pause Full (Ergonomics) 232M->98M(331M) 315.077ms
[2020-08-08T11:46:05.580+0300][160.146s][info ][gc] GC(1119) Pause Young (Allocation Failure) 156M->156M(331M) 65.930ms
[2020-08-08T11:46:05.603+0300][160.169s][debug][gc] GC(1120) Shrinking ParOldGen from 222720K by 83968K to 138752K
[2020-08-08T11:46:05.603+0300][160.169s][info ][gc] GC(1120) Pause Full (Ergonomics) 156M->22M(249M) 23.032ms
[2020-08-08T11:46:05.699+0300][160.265s][info ][gc] GC(1121) Pause Young (Allocation Failure) 80M->79M(249M) 80.458ms
[2020-08-08T11:46:05.861+0300][160.427s][info ][gc] GC(1122) Pause Young (Allocation Failure) 136M->136M(249M) 150.852ms
[2020-08-08T11:46:05.870+0300][160.436s][debug][gc] GC(1123) Shrinking ParOldGen from 138752K by 18944K to 119808K
[2020-08-08T11:46:05.871+0300][160.436s][info ][gc] GC(1123) Pause Full (Ergonomics) 136M->2M(231M) 9.351ms
[2020-08-08T11:46:05.943+0300][160.508s][info ][gc] GC(1124) Pause Young (Allocation Failure) 60M->59M(231M) 64.445ms
[2020-08-08T11:46:06.098+0300][160.664s][info ][gc] GC(1125) Pause Young (Allocation Failure) 117M->117M(231M) 146.352ms
[2020-08-08T11:46:06.478+0300][161.043s][debug][gc] GC(1126) Expanding ParOldGen from 119808K by 118272K to 238080K
[2020-08-08T11:46:06.478+0300][161.043s][info ][gc] GC(1126) Pause Full (Ergonomics) 117M->117M(346M) 379.561ms
[2020-08-08T11:46:06.583+0300][161.149s][info ][gc] GC(1127) Pause Young (Allocation Failure) 174M->174M(346M) 96.590ms
[2020-08-08T11:46:06.763+0300][161.329s][info ][gc] GC(1128) Pause Young (Allocation Failure) 232M->232M(346M) 170.635ms
[2020-08-08T11:46:07.080+0300][161.645s][debug][gc] GC(1129) Shrinking ParOldGen from 238080K by 17408K to 220672K
[2020-08-08T11:46:07.080+0300][161.645s][info ][gc] GC(1129) Pause Full (Ergonomics) 232M->98M(329M) 316.648ms
[2020-08-08T11:46:07.155+0300][161.720s][info ][gc] GC(1130) Pause Young (Allocation Failure) 156M->156M(329M) 63.897ms
[2020-08-08T11:46:07.311+0300][161.877s][info ][gc] GC(1131) Pause Young (Allocation Failure) 213M->213M(329M) 146.996ms
[2020-08-08T11:46:07.549+0300][162.115s][debug][gc] GC(1132) Shrinking ParOldGen from 220672K by 18432K to 202240K
[2020-08-08T11:46:07.549+0300][162.115s][info ][gc] GC(1132) Pause Full (Ergonomics) 213M->79M(311M) 238.110ms
[2020-08-08T11:46:07.637+0300][162.202s][info ][gc] GC(1133) Pause Young (Allocation Failure) 136M->136M(311M) 77.297ms
[2020-08-08T11:46:07.782+0300][162.347s][info ][gc] GC(1134) Pause Young (Allocation Failure) 193M->193M(311M) 135.259ms
[2020-08-08T11:46:07.948+0300][162.513s][debug][gc] GC(1135) Shrinking ParOldGen from 202240K by 19968K to 182272K
[2020-08-08T11:46:07.948+0300][162.513s][info ][gc] GC(1135) Pause Full (Ergonomics) 193M->59M(292M) 166.062ms
[2020-08-08T11:46:08.039+0300][162.604s][info ][gc] GC(1136) Pause Young (Allocation Failure) 117M->117M(292M) 79.100ms
[2020-08-08T11:46:08.179+0300][162.745s][info ][gc] GC(1137) Pause Young (Allocation Failure) 174M->174M(292M) 132.329ms
[2020-08-08T11:46:08.273+0300][162.839s][debug][gc] GC(1138) Shrinking ParOldGen from 182272K by 18432K to 163840K
[2020-08-08T11:46:08.273+0300][162.839s][info ][gc] GC(1138) Pause Full (Ergonomics) 174M->41M(274M) 94.052ms
[2020-08-08T11:46:08.361+0300][162.926s][info ][gc] GC(1139) Pause Young (Allocation Failure) 98M->98M(274M) 77.328ms
[2020-08-08T11:46:08.497+0300][163.062s][info ][gc] GC(1140) Pause Young (Allocation Failure) 156M->156M(274M) 127.610ms
[2020-08-08T11:46:08.518+0300][163.083s][debug][gc] GC(1141) Shrinking ParOldGen from 163840K by 11776K to 152064K
[2020-08-08T11:46:08.518+0300][163.083s][info ][gc] GC(1141) Pause Full (Ergonomics) 156M->22M(262M) 20.932ms
[2020-08-08T11:46:08.607+0300][163.173s][info ][gc] GC(1142) Pause Young (Allocation Failure) 80M->80M(262M) 79.425ms
[2020-08-08T11:46:08.760+0300][163.325s][info ][gc] GC(1143) Pause Young (Allocation Failure) 136M->136M(262M) 142.806ms
[2020-08-08T11:46:08.770+0300][163.335s][debug][gc] GC(1144) Shrinking ParOldGen from 152064K by 21504K to 130560K
[2020-08-08T11:46:08.770+0300][163.335s][info ][gc] GC(1144) Pause Full (Ergonomics) 136M->2M(241M) 9.871ms
[2020-08-08T11:46:08.845+0300][163.410s][info ][gc] GC(1145) Pause Young (Allocation Failure) 60M->59M(241M) 64.180ms
[2020-08-08T11:46:09.004+0300][163.569s][info ][gc] GC(1146) Pause Young (Allocation Failure) 117M->117M(241M) 149.122ms
[2020-08-08T11:46:09.383+0300][163.949s][debug][gc] GC(1147) Expanding ParOldGen from 130560K by 116736K to 247296K
[2020-08-08T11:46:09.383+0300][163.949s][info ][gc] GC(1147) Pause Full (Ergonomics) 117M->117M(355M) 379.722ms
[2020-08-08T11:46:09.458+0300][164.023s][info ][gc] GC(1148) Pause Young (Allocation Failure) 174M->174M(355M) 66.061ms
[2020-08-08T11:46:09.636+0300][164.201s][info ][gc] GC(1149) Pause Young (Allocation Failure) 232M->232M(355M) 168.352ms
[2020-08-08T11:46:09.953+0300][164.519s][debug][gc] GC(1150) Shrinking ParOldGen from 247296K by 19968K to 227328K
[2020-08-08T11:46:09.953+0300][164.519s][info ][gc] GC(1150) Pause Full (Ergonomics) 232M->98M(336M) 317.566ms
[2020-08-08T11:46:10.031+0300][164.597s][info ][gc] GC(1151) Pause Young (Allocation Failure) 156M->155M(336M) 65.531ms
[2020-08-08T11:46:10.054+0300][164.619s][debug][gc] GC(1152) Shrinking ParOldGen from 227328K by 83968K to 143360K
[2020-08-08T11:46:10.054+0300][164.620s][info ][gc] GC(1152) Pause Full (Ergonomics) 155M->22M(254M) 22.700ms
[2020-08-08T11:46:10.144+0300][164.709s][info ][gc] GC(1153) Pause Young (Allocation Failure) 79M->79M(254M) 78.429ms
[2020-08-08T11:46:10.295+0300][164.861s][info ][gc] GC(1154) Pause Young (Allocation Failure) 137M->136M(254M) 142.065ms
[2020-08-08T11:46:10.305+0300][164.870s][debug][gc] GC(1155) Shrinking ParOldGen from 143360K by 19968K to 123392K
[2020-08-08T11:46:10.305+0300][164.870s][info ][gc] GC(1155) Pause Full (Ergonomics) 136M->2M(234M) 9.544ms
[2020-08-08T11:46:10.378+0300][164.943s][info ][gc] GC(1156) Pause Young (Allocation Failure) 60M->59M(234M) 63.805ms
[2020-08-08T11:46:10.534+0300][165.099s][info ][gc] GC(1157) Pause Young (Allocation Failure) 117M->117M(234M) 146.745ms
[2020-08-08T11:46:10.913+0300][165.479s][debug][gc] GC(1158) Expanding ParOldGen from 123392K by 118272K to 241664K
[2020-08-08T11:46:10.913+0300][165.479s][info ][gc] GC(1158) Pause Full (Ergonomics) 117M->117M(350M) 379.689ms
[2020-08-08T11:46:10.996+0300][165.561s][info ][gc] GC(1159) Pause Young (Allocation Failure) 174M->174M(350M) 69.966ms
[2020-08-08T11:46:11.175+0300][165.740s][info ][gc] GC(1160) Pause Young (Allocation Failure) 232M->232M(350M) 169.173ms
[2020-08-08T11:46:11.492+0300][166.058s][debug][gc] GC(1161) Shrinking ParOldGen from 241664K by 18432K to 223232K
[2020-08-08T11:46:11.492+0300][166.058s][info ][gc] GC(1161) Pause Full (Ergonomics) 232M->98M(332M) 317.618ms
[2020-08-08T11:46:11.565+0300][166.130s][info ][gc] GC(1162) Pause Young (Allocation Failure) 156M->156M(332M) 64.607ms
[2020-08-08T11:46:11.589+0300][166.154s][debug][gc] GC(1163) Shrinking ParOldGen from 223232K by 83968K to 139264K
[2020-08-08T11:46:11.589+0300][166.154s][info ][gc] GC(1163) Pause Full (Ergonomics) 156M->22M(250M) 24.018ms
[2020-08-08T11:46:11.680+0300][166.246s][info ][gc] GC(1164) Pause Young (Allocation Failure) 80M->79M(250M) 79.747ms
[2020-08-08T11:46:11.832+0300][166.398s][info ][gc] GC(1165) Pause Young (Allocation Failure) 136M->136M(250M) 141.891ms
[2020-08-08T11:46:11.841+0300][166.407s][debug][gc] GC(1166) Shrinking ParOldGen from 139264K by 19456K to 119808K
[2020-08-08T11:46:11.842+0300][166.407s][info ][gc] GC(1166) Pause Full (Ergonomics) 136M->2M(231M) 9.160ms
[2020-08-08T11:46:11.918+0300][166.483s][info ][gc] GC(1167) Pause Young (Allocation Failure) 60M->59M(231M) 64.611ms
[2020-08-08T11:46:12.078+0300][166.643s][info ][gc] GC(1168) Pause Young (Allocation Failure) 117M->117M(231M) 149.286ms
[2020-08-08T11:46:12.460+0300][167.025s][debug][gc] GC(1169) Expanding ParOldGen from 119808K by 118272K to 238080K
[2020-08-08T11:46:12.460+0300][167.025s][info ][gc] GC(1169) Pause Full (Ergonomics) 117M->117M(346M) 382.067ms
[2020-08-08T11:46:12.564+0300][167.130s][info ][gc] GC(1170) Pause Young (Allocation Failure) 174M->174M(346M) 96.113ms
[2020-08-08T11:46:12.746+0300][167.312s][info ][gc] GC(1171) Pause Young (Allocation Failure) 232M->232M(346M) 171.969ms
[2020-08-08T11:46:13.063+0300][167.628s][debug][gc] GC(1172) Shrinking ParOldGen from 238080K by 17408K to 220672K
[2020-08-08T11:46:13.063+0300][167.628s][info ][gc] GC(1172) Pause Full (Ergonomics) 232M->98M(329M) 316.288ms
[2020-08-08T11:46:13.138+0300][167.703s][info ][gc] GC(1173) Pause Young (Allocation Failure) 156M->155M(329M) 64.550ms
[2020-08-08T11:46:13.160+0300][167.726s][debug][gc] GC(1174) Shrinking ParOldGen from 220672K by 83968K to 136704K
[2020-08-08T11:46:13.161+0300][167.726s][info ][gc] GC(1174) Pause Full (Ergonomics) 155M->22M(247M) 22.651ms
[2020-08-08T11:46:13.250+0300][167.815s][info ][gc] GC(1175) Pause Young (Allocation Failure) 79M->79M(247M) 78.031ms
[2020-08-08T11:46:13.402+0300][167.967s][info ][gc] GC(1176) Pause Young (Allocation Failure) 137M->136M(247M) 142.949ms
[2020-08-08T11:46:13.411+0300][167.976s][debug][gc] GC(1177) Shrinking ParOldGen from 136704K by 18944K to 117760K
[2020-08-08T11:46:13.411+0300][167.976s][info ][gc] GC(1177) Pause Full (Ergonomics) 136M->2M(229M) 9.300ms
[2020-08-08T11:46:13.483+0300][168.048s][info ][gc] GC(1178) Pause Young (Allocation Failure) 60M->59M(229M) 63.356ms
[2020-08-08T11:46:13.641+0300][168.206s][info ][gc] GC(1179) Pause Young (Allocation Failure) 117M->117M(229M) 149.099ms
[2020-08-08T11:46:14.022+0300][168.587s][debug][gc] GC(1180) Expanding ParOldGen from 117760K by 116736K to 234496K
[2020-08-08T11:46:14.022+0300][168.587s][info ][gc] GC(1180) Pause Full (Ergonomics) 117M->117M(343M) 380.724ms
[2020-08-08T11:46:14.134+0300][168.699s][info ][gc] GC(1181) Pause Young (Allocation Failure) 174M->174M(343M) 100.837ms
[2020-08-08T11:46:14.313+0300][168.879s][info ][gc] GC(1182) Pause Young (Allocation Failure) 232M->232M(343M) 169.861ms
[2020-08-08T11:46:14.629+0300][169.194s][debug][gc] GC(1183) Shrinking ParOldGen from 234496K by 15360K to 219136K
[2020-08-08T11:46:14.629+0300][169.194s][info ][gc] GC(1183) Pause Full (Ergonomics) 232M->98M(328M) 315.344ms
[2020-08-08T11:46:14.700+0300][169.266s][info ][gc] GC(1184) Pause Young (Allocation Failure) 156M->156M(328M) 63.595ms
[2020-08-08T11:46:14.724+0300][169.289s][debug][gc] GC(1185) Shrinking ParOldGen from 219136K by 83968K to 135168K
[2020-08-08T11:46:14.724+0300][169.289s][info ][gc] GC(1185) Pause Full (Ergonomics) 156M->22M(246M) 23.473ms
[2020-08-08T11:46:14.816+0300][169.381s][info ][gc] GC(1186) Pause Young (Allocation Failure) 80M->79M(246M) 78.201ms
[2020-08-08T11:46:14.972+0300][169.537s][info ][gc] GC(1187) Pause Young (Allocation Failure) 136M->136M(246M) 144.064ms
[2020-08-08T11:46:14.981+0300][169.547s][debug][gc] GC(1188) Shrinking ParOldGen from 135168K by 18432K to 116736K
[2020-08-08T11:46:14.981+0300][169.547s][info ][gc] GC(1188) Pause Full (Ergonomics) 136M->2M(228M) 9.238ms
[2020-08-08T11:46:15.053+0300][169.619s][info ][gc] GC(1189) Pause Young (Allocation Failure) 60M->59M(228M) 63.002ms
[2020-08-08T11:46:15.212+0300][169.777s][info ][gc] GC(1190) Pause Young (Allocation Failure) 117M->117M(228M) 148.761ms
[2020-08-08T11:46:15.595+0300][170.161s][debug][gc] GC(1191) Expanding ParOldGen from 116736K by 116224K to 232960K
[2020-08-08T11:46:15.595+0300][170.161s][info ][gc] GC(1191) Pause Full (Ergonomics) 117M->117M(341M) 383.406ms
[2020-08-08T11:46:15.705+0300][170.271s][info ][gc] GC(1192) Pause Young (Allocation Failure) 174M->174M(341M) 100.468ms
[2020-08-08T11:46:15.885+0300][170.450s][info ][gc] GC(1193) Pause Young (Allocation Failure) 232M->232M(341M) 169.955ms
[2020-08-08T11:46:16.199+0300][170.765s][debug][gc] GC(1194) Shrinking ParOldGen from 232960K by 14848K to 218112K
[2020-08-08T11:46:16.199+0300][170.765s][info ][gc] GC(1194) Pause Full (Ergonomics) 232M->98M(327M) 314.429ms
[2020-08-08T11:46:16.276+0300][170.841s][info ][gc] GC(1195) Pause Young (Allocation Failure) 156M->156M(327M) 65.535ms
[2020-08-08T11:46:16.432+0300][170.997s][info ][gc] GC(1196) Pause Young (Allocation Failure) 213M->213M(327M) 146.792ms
[2020-08-08T11:46:16.671+0300][171.236s][debug][gc] GC(1197) Shrinking ParOldGen from 218112K by 17920K to 200192K
[2020-08-08T11:46:16.671+0300][171.236s][info ][gc] GC(1197) Pause Full (Ergonomics) 213M->79M(309M) 238.859ms
[2020-08-08T11:46:16.758+0300][171.323s][info ][gc] GC(1198) Pause Young (Allocation Failure) 136M->136M(309M) 76.622ms
[2020-08-08T11:46:16.901+0300][171.466s][info ][gc] GC(1199) Pause Young (Allocation Failure) 193M->193M(309M) 134.032ms
[2020-08-08T11:46:17.067+0300][171.633s][debug][gc] GC(1200) Shrinking ParOldGen from 200192K by 19456K to 180736K
[2020-08-08T11:46:17.067+0300][171.633s][info ][gc] GC(1200) Pause Full (Ergonomics) 193M->59M(290M) 166.530ms
[2020-08-08T11:46:17.158+0300][171.723s][info ][gc] GC(1201) Pause Young (Allocation Failure) 117M->117M(290M) 78.592ms
[2020-08-08T11:46:17.299+0300][171.865s][info ][gc] GC(1202) Pause Young (Allocation Failure) 174M->174M(290M) 131.561ms
[2020-08-08T11:46:17.395+0300][171.960s][debug][gc] GC(1203) Shrinking ParOldGen from 180736K by 18432K to 162304K
[2020-08-08T11:46:17.395+0300][171.960s][info ][gc] GC(1203) Pause Full (Ergonomics) 174M->41M(272M) 95.454ms
[2020-08-08T11:46:17.483+0300][172.048s][info ][gc] GC(1204) Pause Young (Allocation Failure) 98M->98M(272M) 78.392ms
[2020-08-08T11:46:17.619+0300][172.185s][info ][gc] GC(1205) Pause Young (Allocation Failure) 156M->156M(272M) 128.532ms
[2020-08-08T11:46:17.640+0300][172.205s][debug][gc] GC(1206) Shrinking ParOldGen from 162304K by 11264K to 151040K
[2020-08-08T11:46:17.640+0300][172.205s][info ][gc] GC(1206) Pause Full (Ergonomics) 156M->22M(261M) 20.344ms
[2020-08-08T11:46:17.728+0300][172.294s][info ][gc] GC(1207) Pause Young (Allocation Failure) 80M->80M(261M) 78.124ms
[2020-08-08T11:46:17.882+0300][172.448s][info ][gc] GC(1208) Pause Young (Allocation Failure) 136M->136M(261M) 143.561ms
[2020-08-08T11:46:17.892+0300][172.457s][debug][gc] GC(1209) Shrinking ParOldGen from 151040K by 21504K to 129536K
[2020-08-08T11:46:17.892+0300][172.458s][info ][gc] GC(1209) Pause Full (Ergonomics) 136M->2M(240M) 9.781ms
[2020-08-08T11:46:17.968+0300][172.533s][info ][gc] GC(1210) Pause Young (Allocation Failure) 60M->59M(240M) 64.805ms
[2020-08-08T11:46:18.126+0300][172.692s][info ][gc] GC(1211) Pause Young (Allocation Failure) 117M->117M(240M) 149.307ms
[2020-08-08T11:46:18.507+0300][173.072s][debug][gc] GC(1212) Expanding ParOldGen from 129536K by 116736K to 246272K
[2020-08-08T11:46:18.507+0300][173.072s][info ][gc] GC(1212) Pause Full (Ergonomics) 117M->117M(354M) 380.209ms
[2020-08-08T11:46:18.583+0300][173.149s][info ][gc] GC(1213) Pause Young (Allocation Failure) 174M->174M(354M) 67.855ms
[2020-08-08T11:46:18.759+0300][173.324s][info ][gc] GC(1214) Pause Young (Allocation Failure) 232M->232M(354M) 165.820ms
[2020-08-08T11:46:19.076+0300][173.641s][debug][gc] GC(1215) Shrinking ParOldGen from 246272K by 19456K to 226816K
[2020-08-08T11:46:19.076+0300][173.641s][info ][gc] GC(1215) Pause Full (Ergonomics) 232M->98M(335M) 317.175ms
[2020-08-08T11:46:19.152+0300][173.718s][info ][gc] GC(1216) Pause Young (Allocation Failure) 156M->155M(335M) 64.136ms
[2020-08-08T11:46:19.175+0300][173.740s][debug][gc] GC(1217) Shrinking ParOldGen from 226816K by 83968K to 142848K
[2020-08-08T11:46:19.175+0300][173.740s][info ][gc] GC(1217) Pause Full (Ergonomics) 155M->22M(253M) 22.361ms
[2020-08-08T11:46:19.265+0300][173.830s][info ][gc] GC(1218) Pause Young (Allocation Failure) 79M->79M(253M) 78.368ms
[2020-08-08T11:46:19.417+0300][173.982s][info ][gc] GC(1219) Pause Young (Allocation Failure) 137M->136M(253M) 141.827ms
[2020-08-08T11:46:19.427+0300][173.992s][debug][gc] GC(1220) Shrinking ParOldGen from 142848K by 19968K to 122880K
[2020-08-08T11:46:19.427+0300][173.992s][info ][gc] GC(1220) Pause Full (Ergonomics) 136M->2M(234M) 9.745ms
[2020-08-08T11:46:19.501+0300][174.066s][info ][gc] GC(1221) Pause Young (Allocation Failure) 60M->59M(234M) 63.459ms
[2020-08-08T11:46:19.658+0300][174.224s][info ][gc] GC(1222) Pause Young (Allocation Failure) 117M->117M(234M) 148.128ms
[2020-08-08T11:46:20.035+0300][174.600s][debug][gc] GC(1223) Expanding ParOldGen from 122880K by 118272K to 241152K
[2020-08-08T11:46:20.035+0300][174.600s][info ][gc] GC(1223) Pause Full (Ergonomics) 117M->117M(349M) 376.328ms
[2020-08-08T11:46:20.113+0300][174.678s][info ][gc] GC(1224) Pause Young (Allocation Failure) 174M->174M(349M) 67.966ms
[2020-08-08T11:46:20.293+0300][174.858s][info ][gc] GC(1225) Pause Young (Allocation Failure) 232M->232M(349M) 170.263ms
[2020-08-08T11:46:20.611+0300][175.177s][debug][gc] GC(1226) Shrinking ParOldGen from 241152K by 18432K to 222720K
[2020-08-08T11:46:20.611+0300][175.177s][info ][gc] GC(1226) Pause Full (Ergonomics) 232M->98M(331M) 318.545ms
[2020-08-08T11:46:20.683+0300][175.249s][info ][gc] GC(1227) Pause Young (Allocation Failure) 156M->156M(331M) 64.002ms
[2020-08-08T11:46:20.707+0300][175.272s][debug][gc] GC(1228) Shrinking ParOldGen from 222720K by 83968K to 138752K
[2020-08-08T11:46:20.707+0300][175.273s][info ][gc] GC(1228) Pause Full (Ergonomics) 156M->22M(249M) 23.677ms
[2020-08-08T11:46:20.797+0300][175.362s][info ][gc] GC(1229) Pause Young (Allocation Failure) 80M->79M(249M) 78.414ms
[2020-08-08T11:46:20.950+0300][175.516s][info ][gc] GC(1230) Pause Young (Allocation Failure) 136M->136M(249M) 142.070ms
[2020-08-08T11:46:20.959+0300][175.525s][debug][gc] GC(1231) Shrinking ParOldGen from 138752K by 18944K to 119808K
[2020-08-08T11:46:20.959+0300][175.525s][info ][gc] GC(1231) Pause Full (Ergonomics) 136M->2M(231M) 9.148ms
[2020-08-08T11:46:21.036+0300][175.601s][info ][gc] GC(1232) Pause Young (Allocation Failure) 60M->59M(231M) 64.814ms
[2020-08-08T11:46:21.194+0300][175.759s][info ][gc] GC(1233) Pause Young (Allocation Failure) 117M->117M(231M) 148.699ms
[2020-08-08T11:46:21.577+0300][176.142s][debug][gc] GC(1234) Expanding ParOldGen from 119808K by 118272K to 238080K
[2020-08-08T11:46:21.577+0300][176.142s][info ][gc] GC(1234) Pause Full (Ergonomics) 117M->117M(346M) 383.167ms
[2020-08-08T11:46:21.681+0300][176.246s][info ][gc] GC(1235) Pause Young (Allocation Failure) 174M->174M(346M) 96.139ms
[2020-08-08T11:46:21.860+0300][176.425s][info ][gc] GC(1236) Pause Young (Allocation Failure) 232M->232M(346M) 169.242ms
[2020-08-08T11:46:22.175+0300][176.741s][debug][gc] GC(1237) Shrinking ParOldGen from 238080K by 17408K to 220672K
[2020-08-08T11:46:22.176+0300][176.741s][info ][gc] GC(1237) Pause Full (Ergonomics) 232M->98M(329M) 315.465ms
[2020-08-08T11:46:22.252+0300][176.817s][info ][gc] GC(1238) Pause Young (Allocation Failure) 156M->155M(329M) 65.574ms
[2020-08-08T11:46:22.274+0300][176.840s][debug][gc] GC(1239) Shrinking ParOldGen from 220672K by 83968K to 136704K
[2020-08-08T11:46:22.275+0300][176.840s][info ][gc] GC(1239) Pause Full (Ergonomics) 155M->22M(247M) 22.713ms
[2020-08-08T11:46:22.364+0300][176.929s][info ][gc] GC(1240) Pause Young (Allocation Failure) 79M->79M(247M) 78.463ms
[2020-08-08T11:46:22.517+0300][177.082s][info ][gc] GC(1241) Pause Young (Allocation Failure) 137M->136M(247M) 143.413ms
[2020-08-08T11:46:22.526+0300][177.092s][debug][gc] GC(1242) Shrinking ParOldGen from 136704K by 18944K to 117760K
[2020-08-08T11:46:22.526+0300][177.092s][info ][gc] GC(1242) Pause Full (Ergonomics) 136M->2M(229M) 9.237ms
[2020-08-08T11:46:22.599+0300][177.164s][info ][gc] GC(1243) Pause Young (Allocation Failure) 60M->59M(229M) 63.934ms
[2020-08-08T11:46:22.763+0300][177.328s][info ][gc] GC(1244) Pause Young (Allocation Failure) 117M->117M(229M) 149.396ms
[2020-08-08T11:46:23.143+0300][177.708s][debug][gc] GC(1245) Expanding ParOldGen from 117760K by 116736K to 234496K
[2020-08-08T11:46:23.143+0300][177.708s][info ][gc] GC(1245) Pause Full (Ergonomics) 117M->117M(343M) 379.868ms
[2020-08-08T11:46:23.255+0300][177.820s][info ][gc] GC(1246) Pause Young (Allocation Failure) 174M->174M(343M) 101.029ms
[2020-08-08T11:46:23.434+0300][177.999s][info ][gc] GC(1247) Pause Young (Allocation Failure) 232M->232M(343M) 169.640ms
[2020-08-08T11:46:23.752+0300][178.317s][debug][gc] GC(1248) Shrinking ParOldGen from 234496K by 15360K to 219136K
[2020-08-08T11:46:23.752+0300][178.317s][info ][gc] GC(1248) Pause Full (Ergonomics) 232M->98M(328M) 317.966ms
[2020-08-08T11:46:23.827+0300][178.392s][info ][gc] GC(1249) Pause Young (Allocation Failure) 156M->156M(328M) 66.082ms
[2020-08-08T11:46:23.851+0300][178.417s][debug][gc] GC(1250) Shrinking ParOldGen from 219136K by 83968K to 135168K
[2020-08-08T11:46:23.851+0300][178.417s][info ][gc] GC(1250) Pause Full (Ergonomics) 156M->22M(246M) 24.847ms
[2020-08-08T11:46:23.944+0300][178.509s][info ][gc] GC(1251) Pause Young (Allocation Failure) 80M->79M(246M) 80.889ms
[2020-08-08T11:46:24.105+0300][178.670s][info ][gc] GC(1252) Pause Young (Allocation Failure) 136M->136M(246M) 149.729ms
[2020-08-08T11:46:24.114+0300][178.680s][debug][gc] GC(1253) Shrinking ParOldGen from 135168K by 18432K to 116736K
[2020-08-08T11:46:24.114+0300][178.680s][info ][gc] GC(1253) Pause Full (Ergonomics) 136M->2M(228M) 9.343ms
[2020-08-08T11:46:24.186+0300][178.751s][info ][gc] GC(1254) Pause Young (Allocation Failure) 60M->59M(228M) 63.242ms
[2020-08-08T11:46:24.342+0300][178.908s][info ][gc] GC(1255) Pause Young (Allocation Failure) 117M->117M(228M) 147.007ms
[2020-08-08T11:46:24.725+0300][179.291s][debug][gc] GC(1256) Expanding ParOldGen from 116736K by 116224K to 232960K
[2020-08-08T11:46:24.725+0300][179.291s][info ][gc] GC(1256) Pause Full (Ergonomics) 117M->117M(341M) 382.818ms
[2020-08-08T11:46:24.833+0300][179.399s][info ][gc] GC(1257) Pause Young (Allocation Failure) 174M->174M(341M) 99.537ms
[2020-08-08T11:46:25.015+0300][179.580s][info ][gc] GC(1258) Pause Young (Allocation Failure) 232M->232M(341M) 171.985ms
[2020-08-08T11:46:25.330+0300][179.895s][debug][gc] GC(1259) Shrinking ParOldGen from 232960K by 14848K to 218112K
[2020-08-08T11:46:25.330+0300][179.895s][info ][gc] GC(1259) Pause Full (Ergonomics) 232M->98M(327M) 315.114ms
[2020-08-08T11:46:25.406+0300][179.971s][info ][gc] GC(1260) Pause Young (Allocation Failure) 156M->156M(327M) 65.130ms
[2020-08-08T11:46:25.563+0300][180.128s][info ][gc] GC(1261) Pause Young (Allocation Failure) 213M->213M(327M) 147.621ms
[2020-08-08T11:46:25.801+0300][180.366s][debug][gc] GC(1262) Shrinking ParOldGen from 218112K by 17920K to 200192K
[2020-08-08T11:46:25.801+0300][180.366s][info ][gc] GC(1262) Pause Full (Ergonomics) 213M->79M(309M) 237.829ms
[2020-08-08T11:46:25.887+0300][180.452s][info ][gc] GC(1263) Pause Young (Allocation Failure) 136M->136M(309M) 76.274ms
[2020-08-08T11:46:26.030+0300][180.595s][info ][gc] GC(1264) Pause Young (Allocation Failure) 193M->193M(309M) 133.987ms
[2020-08-08T11:46:26.195+0300][180.760s][debug][gc] GC(1265) Shrinking ParOldGen from 200192K by 19456K to 180736K
[2020-08-08T11:46:26.195+0300][180.760s][info ][gc] GC(1265) Pause Full (Ergonomics) 193M->59M(290M) 165.407ms
[2020-08-08T11:46:26.286+0300][180.852s][info ][gc] GC(1266) Pause Young (Allocation Failure) 117M->117M(290M) 79.517ms
[2020-08-08T11:46:26.425+0300][180.991s][info ][gc] GC(1267) Pause Young (Allocation Failure) 174M->174M(290M) 131.421ms
[2020-08-08T11:46:26.519+0300][181.084s][debug][gc] GC(1268) Shrinking ParOldGen from 180736K by 18432K to 162304K
[2020-08-08T11:46:26.519+0300][181.084s][info ][gc] GC(1268) Pause Full (Ergonomics) 174M->41M(272M) 93.564ms
[2020-08-08T11:46:26.608+0300][181.174s][info ][gc] GC(1269) Pause Young (Allocation Failure) 98M->98M(272M) 78.919ms
[2020-08-08T11:46:26.747+0300][181.312s][info ][gc] GC(1270) Pause Young (Allocation Failure) 156M->156M(272M) 128.221ms
[2020-08-08T11:46:26.769+0300][181.334s][debug][gc] GC(1271) Shrinking ParOldGen from 162304K by 11264K to 151040K
[2020-08-08T11:46:26.769+0300][181.334s][info ][gc] GC(1271) Pause Full (Ergonomics) 156M->22M(261M) 21.728ms
[2020-08-08T11:46:26.858+0300][181.423s][info ][gc] GC(1272) Pause Young (Allocation Failure) 80M->80M(261M) 78.741ms
[2020-08-08T11:46:27.011+0300][181.576s][info ][gc] GC(1273) Pause Young (Allocation Failure) 136M->136M(261M) 143.034ms
[2020-08-08T11:46:27.021+0300][181.586s][debug][gc] GC(1274) Shrinking ParOldGen from 151040K by 21504K to 129536K
[2020-08-08T11:46:27.021+0300][181.586s][info ][gc] GC(1274) Pause Full (Ergonomics) 136M->2M(240M) 9.776ms
[2020-08-08T11:46:27.096+0300][181.661s][info ][gc] GC(1275) Pause Young (Allocation Failure) 60M->59M(240M) 64.037ms
[2020-08-08T11:46:27.254+0300][181.819s][info ][gc] GC(1276) Pause Young (Allocation Failure) 117M->117M(240M) 148.372ms
[2020-08-08T11:46:27.633+0300][182.199s][debug][gc] GC(1277) Expanding ParOldGen from 129536K by 116736K to 246272K
[2020-08-08T11:46:27.633+0300][182.199s][info ][gc] GC(1277) Pause Full (Ergonomics) 117M->117M(354M) 379.540ms
[2020-08-08T11:46:27.709+0300][182.275s][info ][gc] GC(1278) Pause Young (Allocation Failure) 174M->174M(354M) 67.610ms
[2020-08-08T11:46:27.885+0300][182.451s][info ][gc] GC(1279) Pause Young (Allocation Failure) 232M->232M(354M) 166.857ms
[2020-08-08T11:46:28.203+0300][182.769s][debug][gc] GC(1280) Shrinking ParOldGen from 246272K by 19456K to 226816K
[2020-08-08T11:46:28.203+0300][182.769s][info ][gc] GC(1280) Pause Full (Ergonomics) 232M->98M(335M) 317.880ms
[2020-08-08T11:46:28.280+0300][182.847s][info ][gc] GC(1281) Pause Young (Allocation Failure) 156M->155M(335M) 65.321ms
[2020-08-08T11:46:28.303+0300][182.869s][debug][gc] GC(1282) Shrinking ParOldGen from 226816K by 83968K to 142848K
[2020-08-08T11:46:28.303+0300][182.869s][info ][gc] GC(1282) Pause Full (Ergonomics) 155M->22M(253M) 22.525ms
[2020-08-08T11:46:28.394+0300][182.960s][info ][gc] GC(1283) Pause Young (Allocation Failure) 79M->79M(253M) 78.654ms
[2020-08-08T11:46:28.547+0300][183.113s][info ][gc] GC(1284) Pause Young (Allocation Failure) 137M->136M(253M) 143.137ms
[2020-08-08T11:46:28.556+0300][183.122s][debug][gc] GC(1285) Shrinking ParOldGen from 142848K by 19968K to 122880K
[2020-08-08T11:46:28.556+0300][183.122s][info ][gc] GC(1285) Pause Full (Ergonomics) 136M->2M(234M) 9.476ms
[2020-08-08T11:46:28.631+0300][183.197s][info ][gc] GC(1286) Pause Young (Allocation Failure) 60M->59M(234M) 64.531ms
[2020-08-08T11:46:28.790+0300][183.356s][info ][gc] GC(1287) Pause Young (Allocation Failure) 117M->117M(234M) 148.274ms
[2020-08-08T11:46:29.167+0300][183.733s][debug][gc] GC(1288) Expanding ParOldGen from 122880K by 118272K to 241152K
[2020-08-08T11:46:29.167+0300][183.733s][info ][gc] GC(1288) Pause Full (Ergonomics) 117M->117M(349M) 377.044ms
[2020-08-08T11:46:29.245+0300][183.811s][info ][gc] GC(1289) Pause Young (Allocation Failure) 174M->174M(349M) 66.896ms
[2020-08-08T11:46:29.425+0300][183.991s][info ][gc] GC(1290) Pause Young (Allocation Failure) 232M->232M(349M) 170.382ms
[2020-08-08T11:46:29.743+0300][184.309s][debug][gc] GC(1291) Shrinking ParOldGen from 241152K by 18432K to 222720K
[2020-08-08T11:46:29.743+0300][184.309s][info ][gc] GC(1291) Pause Full (Ergonomics) 232M->98M(331M) 317.688ms
[2020-08-08T11:46:29.816+0300][184.382s][info ][gc] GC(1292) Pause Young (Allocation Failure) 156M->156M(331M) 64.494ms
[2020-08-08T11:46:29.839+0300][184.405s][debug][gc] GC(1293) Shrinking ParOldGen from 222720K by 83968K to 138752K
[2020-08-08T11:46:29.839+0300][184.405s][info ][gc] GC(1293) Pause Full (Ergonomics) 156M->22M(249M) 22.693ms
[2020-08-08T11:46:29.928+0300][184.494s][info ][gc] GC(1294) Pause Young (Allocation Failure) 79M->79M(249M) 78.014ms
[2020-08-08T11:46:30.082+0300][184.648s][info ][gc] GC(1295) Pause Young (Allocation Failure) 136M->136M(249M) 143.503ms
[2020-08-08T11:46:30.091+0300][184.657s][debug][gc] GC(1296) Shrinking ParOldGen from 138752K by 18944K to 119808K
[2020-08-08T11:46:30.091+0300][184.657s][info ][gc] GC(1296) Pause Full (Ergonomics) 136M->2M(231M) 9.233ms
[2020-08-08T11:46:30.168+0300][184.734s][info ][gc] GC(1297) Pause Young (Allocation Failure) 60M->59M(231M) 64.901ms
[2020-08-08T11:46:30.327+0300][184.893s][info ][gc] GC(1298) Pause Young (Allocation Failure) 117M->117M(231M) 149.624ms
[2020-08-08T11:46:30.714+0300][185.280s][debug][gc] GC(1299) Expanding ParOldGen from 119808K by 118272K to 238080K
[2020-08-08T11:46:30.714+0300][185.280s][info ][gc] GC(1299) Pause Full (Ergonomics) 117M->117M(346M) 387.092ms
[2020-08-08T11:46:30.820+0300][185.386s][info ][gc] GC(1300) Pause Young (Allocation Failure) 174M->174M(346M) 96.612ms
[2020-08-08T11:46:31.005+0300][185.571s][info ][gc] GC(1301) Pause Young (Allocation Failure) 232M->232M(346M) 173.585ms
[2020-08-08T11:46:31.327+0300][185.893s][debug][gc] GC(1302) Shrinking ParOldGen from 238080K by 17408K to 220672K
[2020-08-08T11:46:31.327+0300][185.893s][info ][gc] GC(1302) Pause Full (Ergonomics) 232M->98M(329M) 322.154ms
[2020-08-08T11:46:31.406+0300][185.972s][info ][gc] GC(1303) Pause Young (Allocation Failure) 156M->155M(329M) 65.873ms
[2020-08-08T11:46:31.429+0300][185.995s][debug][gc] GC(1304) Shrinking ParOldGen from 220672K by 83968K to 136704K
[2020-08-08T11:46:31.429+0300][185.995s][info ][gc] GC(1304) Pause Full (Ergonomics) 155M->22M(247M) 22.690ms
[2020-08-08T11:46:31.519+0300][186.085s][info ][gc] GC(1305) Pause Young (Allocation Failure) 79M->79M(247M) 78.457ms
[2020-08-08T11:46:31.673+0300][186.240s][info ][gc] GC(1306) Pause Young (Allocation Failure) 137M->136M(247M) 145.549ms
[2020-08-08T11:46:31.683+0300][186.249s][debug][gc] GC(1307) Shrinking ParOldGen from 136704K by 18944K to 117760K
[2020-08-08T11:46:31.683+0300][186.249s][info ][gc] GC(1307) Pause Full (Ergonomics) 136M->2M(229M) 9.528ms
[2020-08-08T11:46:31.755+0300][186.321s][info ][gc] GC(1308) Pause Young (Allocation Failure) 60M->59M(229M) 63.504ms
[2020-08-08T11:46:31.917+0300][186.483s][info ][gc] GC(1309) Pause Young (Allocation Failure) 117M->117M(229M) 150.493ms
[2020-08-08T11:46:32.296+0300][186.862s][debug][gc] GC(1310) Expanding ParOldGen from 117760K by 116736K to 234496K
[2020-08-08T11:46:32.296+0300][186.863s][info ][gc] GC(1310) Pause Full (Ergonomics) 117M->117M(343M) 379.490ms
[2020-08-08T11:46:32.407+0300][186.973s][info ][gc] GC(1311) Pause Young (Allocation Failure) 174M->174M(343M) 99.109ms
[2020-08-08T11:46:32.586+0300][187.152s][info ][gc] GC(1312) Pause Young (Allocation Failure) 232M->232M(343M) 169.671ms
[2020-08-08T11:46:32.902+0300][187.468s][debug][gc] GC(1313) Shrinking ParOldGen from 234496K by 15360K to 219136K
[2020-08-08T11:46:32.902+0300][187.468s][info ][gc] GC(1313) Pause Full (Ergonomics) 232M->98M(328M) 316.103ms
[2020-08-08T11:46:32.973+0300][187.540s][info ][gc] GC(1314) Pause Young (Allocation Failure) 156M->156M(328M) 64.139ms
[2020-08-08T11:46:32.997+0300][187.563s][debug][gc] GC(1315) Shrinking ParOldGen from 219136K by 83968K to 135168K
[2020-08-08T11:46:32.997+0300][187.563s][info ][gc] GC(1315) Pause Full (Ergonomics) 156M->22M(246M) 23.362ms
[2020-08-08T11:46:33.087+0300][187.654s][info ][gc] GC(1316) Pause Young (Allocation Failure) 80M->79M(246M) 79.231ms
[2020-08-08T11:46:33.239+0300][187.806s][info ][gc] GC(1317) Pause Young (Allocation Failure) 136M->136M(246M) 141.204ms
[2020-08-08T11:46:33.248+0300][187.815s][debug][gc] GC(1318) Shrinking ParOldGen from 135168K by 18432K to 116736K
[2020-08-08T11:46:33.249+0300][187.815s][info ][gc] GC(1318) Pause Full (Ergonomics) 136M->2M(228M) 9.089ms
[2020-08-08T11:46:33.321+0300][187.887s][info ][gc] GC(1319) Pause Young (Allocation Failure) 60M->59M(228M) 64.105ms
[2020-08-08T11:46:33.479+0300][188.045s][info ][gc] GC(1320) Pause Young (Allocation Failure) 117M->117M(228M) 149.517ms
[2020-08-08T11:46:33.862+0300][188.428s][debug][gc] GC(1321) Expanding ParOldGen from 116736K by 116224K to 232960K
[2020-08-08T11:46:33.862+0300][188.428s][info ][gc] GC(1321) Pause Full (Ergonomics) 117M->117M(341M) 382.616ms
[2020-08-08T11:46:33.970+0300][188.537s][info ][gc] GC(1322) Pause Young (Allocation Failure) 174M->174M(341M) 100.471ms
[2020-08-08T11:46:34.149+0300][188.715s][info ][gc] GC(1323) Pause Young (Allocation Failure) 232M->232M(341M) 169.335ms
[2020-08-08T11:46:34.463+0300][189.030s][debug][gc] GC(1324) Shrinking ParOldGen from 232960K by 14848K to 218112K
[2020-08-08T11:46:34.463+0300][189.030s][info ][gc] GC(1324) Pause Full (Ergonomics) 232M->98M(327M) 314.186ms
[2020-08-08T11:46:34.540+0300][189.106s][info ][gc] GC(1325) Pause Young (Allocation Failure) 156M->156M(327M) 65.658ms
[2020-08-08T11:46:34.700+0300][189.266s][info ][gc] GC(1326) Pause Young (Allocation Failure) 213M->213M(327M) 149.501ms
[2020-08-08T11:46:34.939+0300][189.506s][debug][gc] GC(1327) Shrinking ParOldGen from 218112K by 17920K to 200192K
[2020-08-08T11:46:34.939+0300][189.506s][info ][gc] GC(1327) Pause Full (Ergonomics) 213M->79M(309M) 239.755ms
[2020-08-08T11:46:35.027+0300][189.593s][info ][gc] GC(1328) Pause Young (Allocation Failure) 136M->136M(309M) 77.426ms
[2020-08-08T11:46:35.172+0300][189.739s][info ][gc] GC(1329) Pause Young (Allocation Failure) 193M->193M(309M) 136.838ms
[2020-08-08T11:46:35.337+0300][189.903s][debug][gc] GC(1330) Shrinking ParOldGen from 200192K by 19968K to 180224K
[2020-08-08T11:46:35.337+0300][189.903s][info ][gc] GC(1330) Pause Full (Ergonomics) 193M->59M(290M) 164.594ms
[2020-08-08T11:46:35.432+0300][189.998s][info ][gc] GC(1331) Pause Young (Allocation Failure) 117M->117M(290M) 83.279ms
[2020-08-08T11:46:35.582+0300][190.148s][info ][gc] GC(1332) Pause Young (Allocation Failure) 174M->174M(290M) 139.563ms
[2020-08-08T11:46:35.677+0300][190.243s][debug][gc] GC(1333) Shrinking ParOldGen from 180224K by 17920K to 162304K
[2020-08-08T11:46:35.677+0300][190.244s][info ][gc] GC(1333) Pause Full (Ergonomics) 174M->41M(272M) 95.165ms
[2020-08-08T11:46:35.767+0300][190.333s][info ][gc] GC(1334) Pause Young (Allocation Failure) 98M->98M(272M) 78.334ms
[2020-08-08T11:46:35.905+0300][190.471s][info ][gc] GC(1335) Pause Young (Allocation Failure) 156M->156M(272M) 130.681ms
[2020-08-08T11:46:35.927+0300][190.493s][debug][gc] GC(1336) Shrinking ParOldGen from 162304K by 11264K to 151040K
[2020-08-08T11:46:35.927+0300][190.493s][info ][gc] GC(1336) Pause Full (Ergonomics) 156M->22M(261M) 21.511ms
[2020-08-08T11:46:36.017+0300][190.583s][info ][gc] GC(1337) Pause Young (Allocation Failure) 80M->80M(261M) 79.307ms
[2020-08-08T11:46:36.168+0300][190.735s][info ][gc] GC(1338) Pause Young (Allocation Failure) 136M->136M(261M) 142.679ms
[2020-08-08T11:46:36.178+0300][190.744s][debug][gc] GC(1339) Shrinking ParOldGen from 151040K by 21504K to 129536K
[2020-08-08T11:46:36.178+0300][190.744s][info ][gc] GC(1339) Pause Full (Ergonomics) 136M->2M(240M) 9.540ms
[2020-08-08T11:46:36.254+0300][190.820s][info ][gc] GC(1340) Pause Young (Allocation Failure) 60M->59M(240M) 64.404ms
[2020-08-08T11:46:36.412+0300][190.978s][info ][gc] GC(1341) Pause Young (Allocation Failure) 117M->117M(240M) 147.957ms
[2020-08-08T11:46:36.791+0300][191.358s][debug][gc] GC(1342) Expanding ParOldGen from 129536K by 116736K to 246272K
[2020-08-08T11:46:36.791+0300][191.358s][info ][gc] GC(1342) Pause Full (Ergonomics) 117M->117M(354M) 379.797ms
[2020-08-08T11:46:36.866+0300][191.432s][info ][gc] GC(1343) Pause Young (Allocation Failure) 174M->174M(354M) 66.193ms
[2020-08-08T11:46:37.041+0300][191.608s][info ][gc] GC(1344) Pause Young (Allocation Failure) 232M->232M(354M) 166.428ms
[2020-08-08T11:46:37.356+0300][191.923s][debug][gc] GC(1345) Shrinking ParOldGen from 246272K by 19456K to 226816K
[2020-08-08T11:46:37.357+0300][191.923s][info ][gc] GC(1345) Pause Full (Ergonomics) 232M->98M(335M) 315.177ms
[2020-08-08T11:46:37.433+0300][191.999s][info ][gc] GC(1346) Pause Young (Allocation Failure) 156M->155M(335M) 64.583ms
[2020-08-08T11:46:37.455+0300][192.022s][debug][gc] GC(1347) Shrinking ParOldGen from 226816K by 83968K to 142848K
[2020-08-08T11:46:37.455+0300][192.022s][info ][gc] GC(1347) Pause Full (Ergonomics) 155M->22M(253M) 22.185ms
[2020-08-08T11:46:37.545+0300][192.111s][info ][gc] GC(1348) Pause Young (Allocation Failure) 79M->79M(253M) 78.754ms
[2020-08-08T11:46:37.697+0300][192.263s][info ][gc] GC(1349) Pause Young (Allocation Failure) 137M->136M(253M) 142.441ms
[2020-08-08T11:46:37.706+0300][192.272s][debug][gc] GC(1350) Shrinking ParOldGen from 142848K by 19968K to 122880K
[2020-08-08T11:46:37.706+0300][192.272s][info ][gc] GC(1350) Pause Full (Ergonomics) 136M->2M(234M) 9.216ms
[2020-08-08T11:46:37.778+0300][192.345s][info ][gc] GC(1351) Pause Young (Allocation Failure) 60M->59M(234M) 63.865ms
[2020-08-08T11:46:37.935+0300][192.502s][info ][gc] GC(1352) Pause Young (Allocation Failure) 117M->117M(234M) 147.548ms
[2020-08-08T11:46:38.311+0300][192.878s][debug][gc] GC(1353) Expanding ParOldGen from 122880K by 118272K to 241152K
[2020-08-08T11:46:38.312+0300][192.878s][info ][gc] GC(1353) Pause Full (Ergonomics) 117M->117M(349M) 375.962ms
[2020-08-08T11:46:38.392+0300][192.958s][info ][gc] GC(1354) Pause Young (Allocation Failure) 174M->174M(349M) 69.395ms
[2020-08-08T11:46:38.571+0300][193.137s][info ][gc] GC(1355) Pause Young (Allocation Failure) 232M->232M(349M) 169.608ms
[2020-08-08T11:46:38.891+0300][193.457s][debug][gc] GC(1356) Shrinking ParOldGen from 241152K by 18432K to 222720K
[2020-08-08T11:46:38.891+0300][193.457s][info ][gc] GC(1356) Pause Full (Ergonomics) 232M->98M(331M) 319.720ms
[2020-08-08T11:46:38.962+0300][193.528s][info ][gc] GC(1357) Pause Young (Allocation Failure) 156M->156M(331M) 62.980ms
[2020-08-08T11:46:38.984+0300][193.551s][debug][gc] GC(1358) Shrinking ParOldGen from 222720K by 83968K to 138752K
[2020-08-08T11:46:38.984+0300][193.551s][info ][gc] GC(1358) Pause Full (Ergonomics) 156M->22M(249M) 22.414ms
[2020-08-08T11:46:39.074+0300][193.640s][info ][gc] GC(1359) Pause Young (Allocation Failure) 80M->79M(249M) 77.531ms
[2020-08-08T11:46:39.228+0300][193.794s][info ][gc] GC(1360) Pause Young (Allocation Failure) 136M->136M(249M) 143.092ms
[2020-08-08T11:46:39.238+0300][193.804s][debug][gc] GC(1361) Shrinking ParOldGen from 138752K by 18944K to 119808K
[2020-08-08T11:46:39.238+0300][193.804s][info ][gc] GC(1361) Pause Full (Ergonomics) 136M->2M(231M) 9.735ms
[2020-08-08T11:46:39.311+0300][193.877s][info ][gc] GC(1362) Pause Young (Allocation Failure) 60M->59M(231M) 63.839ms
[2020-08-08T11:46:39.469+0300][194.036s][info ][gc] GC(1363) Pause Young (Allocation Failure) 117M->117M(231M) 148.157ms
[2020-08-08T11:46:39.854+0300][194.420s][debug][gc] GC(1364) Expanding ParOldGen from 119808K by 118272K to 238080K
[2020-08-08T11:46:39.854+0300][194.420s][info ][gc] GC(1364) Pause Full (Ergonomics) 117M->117M(346M) 384.215ms
[2020-08-08T11:46:39.958+0300][194.524s][info ][gc] GC(1365) Pause Young (Allocation Failure) 174M->174M(346M) 95.577ms
[2020-08-08T11:46:40.137+0300][194.703s][info ][gc] GC(1366) Pause Young (Allocation Failure) 232M->232M(346M) 169.238ms
[2020-08-08T11:46:40.452+0300][195.018s][debug][gc] GC(1367) Shrinking ParOldGen from 238080K by 17408K to 220672K
[2020-08-08T11:46:40.452+0300][195.018s][info ][gc] GC(1367) Pause Full (Ergonomics) 232M->98M(329M) 315.181ms
[2020-08-08T11:46:40.527+0300][195.094s][info ][gc] GC(1368) Pause Young (Allocation Failure) 156M->155M(329M) 65.141ms
[2020-08-08T11:46:40.551+0300][195.117s][debug][gc] GC(1369) Shrinking ParOldGen from 220672K by 83968K to 136704K
[2020-08-08T11:46:40.551+0300][195.117s][info ][gc] GC(1369) Pause Full (Ergonomics) 155M->22M(247M) 23.535ms
[2020-08-08T11:46:40.642+0300][195.208s][info ][gc] GC(1370) Pause Young (Allocation Failure) 79M->79M(247M) 79.663ms
[2020-08-08T11:46:40.794+0300][195.360s][info ][gc] GC(1371) Pause Young (Allocation Failure) 137M->136M(247M) 142.362ms
[2020-08-08T11:46:40.804+0300][195.370s][debug][gc] GC(1372) Shrinking ParOldGen from 136704K by 18944K to 117760K
[2020-08-08T11:46:40.804+0300][195.370s][info ][gc] GC(1372) Pause Full (Ergonomics) 136M->2M(229M) 9.629ms
[2020-08-08T11:46:40.876+0300][195.442s][info ][gc] GC(1373) Pause Young (Allocation Failure) 60M->59M(229M) 63.439ms
[2020-08-08T11:46:41.033+0300][195.600s][info ][gc] GC(1374) Pause Young (Allocation Failure) 117M->117M(229M) 147.851ms
[2020-08-08T11:46:41.413+0300][195.979s][debug][gc] GC(1375) Expanding ParOldGen from 117760K by 116736K to 234496K
[2020-08-08T11:46:41.413+0300][195.979s][info ][gc] GC(1375) Pause Full (Ergonomics) 117M->117M(343M) 379.786ms
[2020-08-08T11:46:41.523+0300][196.089s][info ][gc] GC(1376) Pause Young (Allocation Failure) 174M->174M(343M) 99.151ms
[2020-08-08T11:46:41.705+0300][196.271s][info ][gc] GC(1377) Pause Young (Allocation Failure) 232M->232M(343M) 172.248ms
[2020-08-08T11:46:42.022+0300][196.588s][debug][gc] GC(1378) Shrinking ParOldGen from 234496K by 15360K to 219136K
[2020-08-08T11:46:42.022+0300][196.588s][info ][gc] GC(1378) Pause Full (Ergonomics) 232M->98M(328M) 317.255ms
[2020-08-08T11:46:42.094+0300][196.660s][info ][gc] GC(1379) Pause Young (Allocation Failure) 156M->156M(328M) 64.042ms
[2020-08-08T11:46:42.118+0300][196.684s][debug][gc] GC(1380) Shrinking ParOldGen from 219136K by 83968K to 135168K
[2020-08-08T11:46:42.118+0300][196.684s][info ][gc] GC(1380) Pause Full (Ergonomics) 156M->22M(246M) 23.849ms
[2020-08-08T11:46:42.209+0300][196.776s][info ][gc] GC(1381) Pause Young (Allocation Failure) 80M->79M(246M) 78.806ms
[2020-08-08T11:46:42.361+0300][196.927s][info ][gc] GC(1382) Pause Young (Allocation Failure) 136M->136M(246M) 140.610ms
[2020-08-08T11:46:42.370+0300][196.936s][debug][gc] GC(1383) Shrinking ParOldGen from 135168K by 18432K to 116736K
[2020-08-08T11:46:42.370+0300][196.936s][info ][gc] GC(1383) Pause Full (Ergonomics) 136M->2M(228M) 9.560ms
[2020-08-08T11:46:42.442+0300][197.008s][info ][gc] GC(1384) Pause Young (Allocation Failure) 60M->59M(228M) 63.127ms
[2020-08-08T11:46:42.599+0300][197.165s][info ][gc] GC(1385) Pause Young (Allocation Failure) 117M->117M(228M) 146.978ms
[2020-08-08T11:46:42.983+0300][197.549s][debug][gc] GC(1386) Expanding ParOldGen from 116736K by 116224K to 232960K
[2020-08-08T11:46:42.983+0300][197.550s][info ][gc] GC(1386) Pause Full (Ergonomics) 117M->117M(341M) 384.661ms
[2020-08-08T11:46:43.092+0300][197.659s][info ][gc] GC(1387) Pause Young (Allocation Failure) 174M->174M(341M) 100.986ms
[2020-08-08T11:46:43.271+0300][197.837s][info ][gc] GC(1388) Pause Young (Allocation Failure) 232M->232M(341M) 168.495ms
[2020-08-08T11:46:43.585+0300][198.151s][debug][gc] GC(1389) Shrinking ParOldGen from 232960K by 14848K to 218112K
[2020-08-08T11:46:43.585+0300][198.151s][info ][gc] GC(1389) Pause Full (Ergonomics) 232M->98M(327M) 314.064ms
[2020-08-08T11:46:43.662+0300][198.228s][info ][gc] GC(1390) Pause Young (Allocation Failure) 156M->156M(327M) 66.457ms
[2020-08-08T11:46:43.818+0300][198.385s][info ][gc] GC(1391) Pause Young (Allocation Failure) 213M->213M(327M) 146.346ms
[2020-08-08T11:46:44.058+0300][198.625s][debug][gc] GC(1392) Shrinking ParOldGen from 218112K by 17920K to 200192K
[2020-08-08T11:46:44.058+0300][198.625s][info ][gc] GC(1392) Pause Full (Ergonomics) 213M->79M(309M) 239.903ms
[2020-08-08T11:46:44.145+0300][198.711s][info ][gc] GC(1393) Pause Young (Allocation Failure) 136M->136M(309M) 76.127ms
[2020-08-08T11:46:44.291+0300][198.857s][info ][gc] GC(1394) Pause Young (Allocation Failure) 193M->193M(309M) 135.104ms
[2020-08-08T11:46:44.454+0300][199.020s][debug][gc] GC(1395) Shrinking ParOldGen from 200192K by 19968K to 180224K
[2020-08-08T11:46:44.454+0300][199.020s][info ][gc] GC(1395) Pause Full (Ergonomics) 193M->59M(290M) 163.074ms
[2020-08-08T11:46:44.542+0300][199.108s][info ][gc] GC(1396) Pause Young (Allocation Failure) 117M->117M(290M) 78.015ms
[2020-08-08T11:46:44.684+0300][199.250s][info ][gc] GC(1397) Pause Young (Allocation Failure) 174M->174M(290M) 133.401ms
[2020-08-08T11:46:44.779+0300][199.345s][debug][gc] GC(1398) Shrinking ParOldGen from 180224K by 17920K to 162304K
[2020-08-08T11:46:44.779+0300][199.345s][info ][gc] GC(1398) Pause Full (Ergonomics) 174M->41M(272M) 94.353ms
[2020-08-08T11:46:44.866+0300][199.433s][info ][gc] GC(1399) Pause Young (Allocation Failure) 98M->98M(272M) 77.771ms
[2020-08-08T11:46:45.002+0300][199.568s][info ][gc] GC(1400) Pause Young (Allocation Failure) 156M->156M(272M) 128.737ms
[2020-08-08T11:46:45.023+0300][199.589s][debug][gc] GC(1401) Shrinking ParOldGen from 162304K by 11264K to 151040K
[2020-08-08T11:46:45.023+0300][199.589s][info ][gc] GC(1401) Pause Full (Ergonomics) 156M->22M(261M) 20.863ms
[2020-08-08T11:46:45.110+0300][199.677s][info ][gc] GC(1402) Pause Young (Allocation Failure) 80M->80M(261M) 77.631ms
[2020-08-08T11:46:45.262+0300][199.828s][info ][gc] GC(1403) Pause Young (Allocation Failure) 136M->136M(261M) 141.445ms
[2020-08-08T11:46:45.271+0300][199.837s][debug][gc] GC(1404) Shrinking ParOldGen from 151040K by 21504K to 129536K
[2020-08-08T11:46:45.271+0300][199.838s][info ][gc] GC(1404) Pause Full (Ergonomics) 136M->2M(240M) 9.685ms
[2020-08-08T11:46:45.346+0300][199.912s][info ][gc] GC(1405) Pause Young (Allocation Failure) 60M->59M(240M) 63.241ms
[2020-08-08T11:46:45.504+0300][200.070s][info ][gc] GC(1406) Pause Young (Allocation Failure) 117M->117M(240M) 147.914ms
[2020-08-08T11:46:45.883+0300][200.449s][debug][gc] GC(1407) Expanding ParOldGen from 129536K by 116736K to 246272K
[2020-08-08T11:46:45.883+0300][200.449s][info ][gc] GC(1407) Pause Full (Ergonomics) 117M->117M(354M) 378.998ms
[2020-08-08T11:46:45.959+0300][200.526s][info ][gc] GC(1408) Pause Young (Allocation Failure) 174M->174M(354M) 67.027ms
[2020-08-08T11:46:46.134+0300][200.700s][info ][gc] GC(1409) Pause Young (Allocation Failure) 232M->232M(354M) 164.893ms
[2020-08-08T11:46:46.451+0300][201.017s][debug][gc] GC(1410) Shrinking ParOldGen from 246272K by 19456K to 226816K
[2020-08-08T11:46:46.451+0300][201.017s][info ][gc] GC(1410) Pause Full (Ergonomics) 232M->98M(335M) 316.769ms
[2020-08-08T11:46:46.526+0300][201.092s][info ][gc] GC(1411) Pause Young (Allocation Failure) 156M->155M(335M) 65.326ms
[2020-08-08T11:46:46.548+0300][201.114s][debug][gc] GC(1412) Shrinking ParOldGen from 226816K by 83968K to 142848K
[2020-08-08T11:46:46.548+0300][201.114s][info ][gc] GC(1412) Pause Full (Ergonomics) 155M->22M(253M) 22.190ms
[2020-08-08T11:46:46.641+0300][201.207s][info ][gc] GC(1413) Pause Young (Allocation Failure) 79M->79M(253M) 79.784ms
[2020-08-08T11:46:46.792+0300][201.359s][info ][gc] GC(1414) Pause Young (Allocation Failure) 137M->136M(253M) 142.077ms
[2020-08-08T11:46:46.802+0300][201.368s][debug][gc] GC(1415) Shrinking ParOldGen from 142848K by 19968K to 122880K
[2020-08-08T11:46:46.802+0300][201.368s][info ][gc] GC(1415) Pause Full (Ergonomics) 136M->2M(234M) 9.495ms
[2020-08-08T11:46:46.874+0300][201.440s][info ][gc] GC(1416) Pause Young (Allocation Failure) 60M->59M(234M) 63.707ms
[2020-08-08T11:46:47.031+0300][201.597s][info ][gc] GC(1417) Pause Young (Allocation Failure) 117M->117M(234M) 147.601ms
[2020-08-08T11:46:47.407+0300][201.973s][debug][gc] GC(1418) Expanding ParOldGen from 122880K by 118272K to 241152K
[2020-08-08T11:46:47.407+0300][201.973s][info ][gc] GC(1418) Pause Full (Ergonomics) 117M->117M(349M) 376.028ms
[2020-08-08T11:46:47.486+0300][202.052s][info ][gc] GC(1419) Pause Young (Allocation Failure) 174M->174M(349M) 67.690ms
[2020-08-08T11:46:47.666+0300][202.232s][info ][gc] GC(1420) Pause Young (Allocation Failure) 232M->232M(349M) 171.327ms
[2020-08-08T11:46:47.984+0300][202.550s][debug][gc] GC(1421) Shrinking ParOldGen from 241152K by 18432K to 222720K
[2020-08-08T11:46:47.984+0300][202.550s][info ][gc] GC(1421) Pause Full (Ergonomics) 232M->98M(331M) 317.785ms
[2020-08-08T11:46:48.056+0300][202.622s][info ][gc] GC(1422) Pause Young (Allocation Failure) 156M->156M(331M) 63.823ms
[2020-08-08T11:46:48.079+0300][202.645s][debug][gc] GC(1423) Shrinking ParOldGen from 222720K by 83968K to 138752K
[2020-08-08T11:46:48.079+0300][202.645s][info ][gc] GC(1423) Pause Full (Ergonomics) 156M->22M(249M) 23.227ms
[2020-08-08T11:46:48.168+0300][202.734s][info ][gc] GC(1424) Pause Young (Allocation Failure) 80M->79M(249M) 77.718ms
[2020-08-08T11:46:48.323+0300][202.890s][info ][gc] GC(1425) Pause Young (Allocation Failure) 136M->136M(249M) 143.410ms
[2020-08-08T11:46:48.333+0300][202.899s][debug][gc] GC(1426) Shrinking ParOldGen from 138752K by 18944K to 119808K
[2020-08-08T11:46:48.333+0300][202.899s][info ][gc] GC(1426) Pause Full (Ergonomics) 136M->2M(231M) 9.269ms
[2020-08-08T11:46:48.408+0300][202.974s][info ][gc] GC(1427) Pause Young (Allocation Failure) 60M->59M(231M) 64.342ms
[2020-08-08T11:46:48.567+0300][203.133s][info ][gc] GC(1428) Pause Young (Allocation Failure) 117M->117M(231M) 149.312ms
[2020-08-08T11:46:48.954+0300][203.520s][debug][gc] GC(1429) Expanding ParOldGen from 119808K by 118272K to 238080K
[2020-08-08T11:46:48.954+0300][203.520s][info ][gc] GC(1429) Pause Full (Ergonomics) 117M->117M(346M) 386.848ms
[2020-08-08T11:46:49.056+0300][203.623s][info ][gc] GC(1430) Pause Young (Allocation Failure) 174M->174M(346M) 95.139ms
[2020-08-08T11:46:49.237+0300][203.803s][info ][gc] GC(1431) Pause Young (Allocation Failure) 232M->232M(346M) 170.331ms
[2020-08-08T11:46:49.554+0300][204.120s][debug][gc] GC(1432) Shrinking ParOldGen from 238080K by 17408K to 220672K
[2020-08-08T11:46:49.554+0300][204.120s][info ][gc] GC(1432) Pause Full (Ergonomics) 232M->98M(329M) 316.647ms
[2020-08-08T11:46:49.631+0300][204.197s][info ][gc] GC(1433) Pause Young (Allocation Failure) 156M->155M(329M) 65.488ms
[2020-08-08T11:46:49.654+0300][204.220s][debug][gc] GC(1434) Shrinking ParOldGen from 220672K by 83968K to 136704K
[2020-08-08T11:46:49.654+0300][204.220s][info ][gc] GC(1434) Pause Full (Ergonomics) 155M->22M(247M) 22.890ms
[2020-08-08T11:46:49.743+0300][204.310s][info ][gc] GC(1435) Pause Young (Allocation Failure) 79M->79M(247M) 78.827ms
[2020-08-08T11:46:49.895+0300][204.462s][info ][gc] GC(1436) Pause Young (Allocation Failure) 137M->136M(247M) 142.445ms
[2020-08-08T11:46:49.905+0300][204.471s][debug][gc] GC(1437) Shrinking ParOldGen from 136704K by 18944K to 117760K
[2020-08-08T11:46:49.905+0300][204.471s][info ][gc] GC(1437) Pause Full (Ergonomics) 136M->2M(229M) 9.473ms
[2020-08-08T11:46:49.977+0300][204.543s][info ][gc] GC(1438) Pause Young (Allocation Failure) 60M->59M(229M) 63.407ms
[2020-08-08T11:46:50.132+0300][204.699s][info ][gc] GC(1439) Pause Young (Allocation Failure) 117M->117M(229M) 146.113ms
[2020-08-08T11:46:50.511+0300][205.078s][debug][gc] GC(1440) Expanding ParOldGen from 117760K by 116736K to 234496K
[2020-08-08T11:46:50.512+0300][205.078s][info ][gc] GC(1440) Pause Full (Ergonomics) 117M->117M(343M) 379.055ms
[2020-08-08T11:46:50.624+0300][205.190s][info ][gc] GC(1441) Pause Young (Allocation Failure) 174M->174M(343M) 101.581ms
[2020-08-08T11:46:50.805+0300][205.372s][info ][gc] GC(1442) Pause Young (Allocation Failure) 232M->232M(343M) 171.426ms
[2020-08-08T11:46:51.122+0300][205.688s][debug][gc] GC(1443) Shrinking ParOldGen from 234496K by 15360K to 219136K
[2020-08-08T11:46:51.122+0300][205.688s][info ][gc] GC(1443) Pause Full (Ergonomics) 232M->98M(328M) 316.416ms
[2020-08-08T11:46:51.194+0300][205.760s][info ][gc] GC(1444) Pause Young (Allocation Failure) 156M->156M(328M) 64.176ms
[2020-08-08T11:46:51.216+0300][205.783s][debug][gc] GC(1445) Shrinking ParOldGen from 219136K by 83968K to 135168K
[2020-08-08T11:46:51.217+0300][205.783s][info ][gc] GC(1445) Pause Full (Ergonomics) 156M->22M(246M) 22.921ms
[2020-08-08T11:46:51.311+0300][205.877s][info ][gc] GC(1446) Pause Young (Allocation Failure) 80M->79M(246M) 80.040ms
[2020-08-08T11:46:51.466+0300][206.032s][info ][gc] GC(1447) Pause Young (Allocation Failure) 136M->136M(246M) 144.245ms
[2020-08-08T11:46:51.475+0300][206.041s][debug][gc] GC(1448) Shrinking ParOldGen from 135168K by 18432K to 116736K
[2020-08-08T11:46:51.475+0300][206.041s][info ][gc] GC(1448) Pause Full (Ergonomics) 136M->2M(228M) 9.392ms
[2020-08-08T11:46:51.548+0300][206.114s][info ][gc] GC(1449) Pause Young (Allocation Failure) 60M->59M(228M) 63.495ms
[2020-08-08T11:46:51.706+0300][206.272s][info ][gc] GC(1450) Pause Young (Allocation Failure) 117M->117M(228M) 148.980ms
[2020-08-08T11:46:52.086+0300][206.652s][debug][gc] GC(1451) Expanding ParOldGen from 116736K by 116224K to 232960K
[2020-08-08T11:46:52.086+0300][206.652s][info ][gc] GC(1451) Pause Full (Ergonomics) 117M->117M(341M) 379.769ms
[2020-08-08T11:46:52.194+0300][206.761s][info ][gc] GC(1452) Pause Young (Allocation Failure) 174M->174M(341M) 100.156ms
[2020-08-08T11:46:52.375+0300][206.942s][info ][gc] GC(1453) Pause Young (Allocation Failure) 232M->232M(341M) 171.447ms
[2020-08-08T11:46:52.690+0300][207.256s][debug][gc] GC(1454) Shrinking ParOldGen from 232960K by 14848K to 218112K
[2020-08-08T11:46:52.690+0300][207.256s][info ][gc] GC(1454) Pause Full (Ergonomics) 232M->98M(327M) 314.373ms
[2020-08-08T11:46:52.764+0300][207.331s][info ][gc] GC(1455) Pause Young (Allocation Failure) 156M->156M(327M) 63.990ms
[2020-08-08T11:46:52.922+0300][207.488s][info ][gc] GC(1456) Pause Young (Allocation Failure) 213M->213M(327M) 147.396ms
[2020-08-08T11:46:53.162+0300][207.728s][debug][gc] GC(1457) Shrinking ParOldGen from 218112K by 17920K to 200192K
[2020-08-08T11:46:53.162+0300][207.728s][info ][gc] GC(1457) Pause Full (Ergonomics) 213M->79M(309M) 240.058ms
[2020-08-08T11:46:53.249+0300][207.815s][info ][gc] GC(1458) Pause Young (Allocation Failure) 136M->136M(309M) 77.504ms
[2020-08-08T11:46:53.395+0300][207.961s][info ][gc] GC(1459) Pause Young (Allocation Failure) 193M->193M(309M) 136.621ms
[2020-08-08T11:46:53.558+0300][208.125s][debug][gc] GC(1460) Shrinking ParOldGen from 200192K by 19968K to 180224K
[2020-08-08T11:46:53.558+0300][208.125s][info ][gc] GC(1460) Pause Full (Ergonomics) 193M->59M(290M) 163.654ms
[2020-08-08T11:46:53.648+0300][208.215s][info ][gc] GC(1461) Pause Young (Allocation Failure) 117M->117M(290M) 78.591ms
[2020-08-08T11:46:53.787+0300][208.353s][info ][gc] GC(1462) Pause Young (Allocation Failure) 174M->174M(290M) 131.576ms
[2020-08-08T11:46:53.881+0300][208.447s][debug][gc] GC(1463) Shrinking ParOldGen from 180224K by 17920K to 162304K
[2020-08-08T11:46:53.881+0300][208.447s][info ][gc] GC(1463) Pause Full (Ergonomics) 174M->41M(272M) 93.920ms
[2020-08-08T11:46:53.970+0300][208.536s][info ][gc] GC(1464) Pause Young (Allocation Failure) 98M->98M(272M) 77.975ms
[2020-08-08T11:46:54.106+0300][208.672s][info ][gc] GC(1465) Pause Young (Allocation Failure) 156M->156M(272M) 127.979ms
[2020-08-08T11:46:54.126+0300][208.692s][debug][gc] GC(1466) Shrinking ParOldGen from 162304K by 11264K to 151040K
[2020-08-08T11:46:54.126+0300][208.693s][info ][gc] GC(1466) Pause Full (Ergonomics) 156M->22M(261M) 20.729ms
[2020-08-08T11:46:54.214+0300][208.780s][info ][gc] GC(1467) Pause Young (Allocation Failure) 80M->80M(261M) 77.906ms
[2020-08-08T11:46:54.365+0300][208.931s][info ][gc] GC(1468) Pause Young (Allocation Failure) 136M->136M(261M) 141.635ms
[2020-08-08T11:46:54.375+0300][208.941s][debug][gc] GC(1469) Shrinking ParOldGen from 151040K by 21504K to 129536K
[2020-08-08T11:46:54.375+0300][208.941s][info ][gc] GC(1469) Pause Full (Ergonomics) 136M->2M(240M) 9.612ms
[2020-08-08T11:46:54.450+0300][209.016s][info ][gc] GC(1470) Pause Young (Allocation Failure) 60M->59M(240M) 64.397ms
[2020-08-08T11:46:54.609+0300][209.176s][info ][gc] GC(1471) Pause Young (Allocation Failure) 117M->117M(240M) 149.921ms
[2020-08-08T11:46:54.990+0300][209.556s][debug][gc] GC(1472) Expanding ParOldGen from 129536K by 116736K to 246272K
[2020-08-08T11:46:54.990+0300][209.556s][info ][gc] GC(1472) Pause Full (Ergonomics) 117M->117M(354M) 380.231ms
[2020-08-08T11:46:55.065+0300][209.631s][info ][gc] GC(1473) Pause Young (Allocation Failure) 174M->174M(354M) 67.609ms
[2020-08-08T11:46:55.240+0300][209.806s][info ][gc] GC(1474) Pause Young (Allocation Failure) 232M->232M(354M) 166.126ms
[2020-08-08T11:46:55.558+0300][210.124s][debug][gc] GC(1475) Shrinking ParOldGen from 246272K by 19456K to 226816K
[2020-08-08T11:46:55.558+0300][210.124s][info ][gc] GC(1475) Pause Full (Ergonomics) 232M->98M(335M) 317.779ms
[2020-08-08T11:46:55.636+0300][210.203s][info ][gc] GC(1476) Pause Young (Allocation Failure) 156M->155M(335M) 66.318ms
[2020-08-08T11:46:55.658+0300][210.225s][debug][gc] GC(1477) Shrinking ParOldGen from 226816K by 83968K to 142848K
[2020-08-08T11:46:55.658+0300][210.225s][info ][gc] GC(1477) Pause Full (Ergonomics) 155M->22M(253M) 21.946ms
[2020-08-08T11:46:55.748+0300][210.314s][info ][gc] GC(1478) Pause Young (Allocation Failure) 79M->79M(253M) 78.697ms
[2020-08-08T11:46:55.897+0300][210.464s][info ][gc] GC(1479) Pause Young (Allocation Failure) 137M->136M(253M) 139.535ms
[2020-08-08T11:46:55.907+0300][210.473s][debug][gc] GC(1480) Shrinking ParOldGen from 142848K by 19968K to 122880K
[2020-08-08T11:46:55.907+0300][210.473s][info ][gc] GC(1480) Pause Full (Ergonomics) 136M->2M(234M) 9.157ms
[2020-08-08T11:46:55.978+0300][210.545s][info ][gc] GC(1481) Pause Young (Allocation Failure) 60M->59M(234M) 63.714ms
[2020-08-08T11:46:56.135+0300][210.702s][info ][gc] GC(1482) Pause Young (Allocation Failure) 117M->117M(234M) 146.980ms
[2020-08-08T11:46:56.512+0300][211.079s][debug][gc] GC(1483) Expanding ParOldGen from 122880K by 118272K to 241152K
[2020-08-08T11:46:56.512+0300][211.079s][info ][gc] GC(1483) Pause Full (Ergonomics) 117M->117M(349M) 376.958ms
[2020-08-08T11:46:56.593+0300][211.159s][info ][gc] GC(1484) Pause Young (Allocation Failure) 174M->174M(349M) 69.403ms
[2020-08-08T11:46:56.771+0300][211.338s][info ][gc] GC(1485) Pause Young (Allocation Failure) 232M->232M(349M) 168.943ms
[2020-08-08T11:46:57.089+0300][211.655s][debug][gc] GC(1486) Shrinking ParOldGen from 241152K by 18432K to 222720K
[2020-08-08T11:46:57.089+0300][211.655s][info ][gc] GC(1486) Pause Full (Ergonomics) 232M->98M(331M) 317.157ms
[2020-08-08T11:46:57.160+0300][211.727s][info ][gc] GC(1487) Pause Young (Allocation Failure) 156M->156M(331M) 63.242ms
[2020-08-08T11:46:57.184+0300][211.750s][debug][gc] GC(1488) Shrinking ParOldGen from 222720K by 83968K to 138752K
[2020-08-08T11:46:57.184+0300][211.750s][info ][gc] GC(1488) Pause Full (Ergonomics) 156M->22M(249M) 23.259ms
[2020-08-08T11:46:57.273+0300][211.839s][info ][gc] GC(1489) Pause Young (Allocation Failure) 80M->79M(249M) 77.949ms
[2020-08-08T11:46:57.427+0300][211.993s][info ][gc] GC(1490) Pause Young (Allocation Failure) 136M->136M(249M) 143.434ms
[2020-08-08T11:46:57.436+0300][212.003s][debug][gc] GC(1491) Shrinking ParOldGen from 138752K by 18944K to 119808K
[2020-08-08T11:46:57.437+0300][212.003s][info ][gc] GC(1491) Pause Full (Ergonomics) 136M->2M(231M) 9.665ms
[2020-08-08T11:46:57.510+0300][212.076s][info ][gc] GC(1492) Pause Young (Allocation Failure) 60M->59M(231M) 64.052ms
[2020-08-08T11:46:57.669+0300][212.235s][info ][gc] GC(1493) Pause Young (Allocation Failure) 117M->117M(231M) 149.347ms
[2020-08-08T11:46:58.053+0300][212.619s][debug][gc] GC(1494) Expanding ParOldGen from 119808K by 118272K to 238080K
[2020-08-08T11:46:58.053+0300][212.619s][info ][gc] GC(1494) Pause Full (Ergonomics) 117M->117M(346M) 384.253ms
[2020-08-08T11:46:58.156+0300][212.723s][info ][gc] GC(1495) Pause Young (Allocation Failure) 174M->174M(346M) 95.214ms
[2020-08-08T11:46:58.334+0300][212.901s][info ][gc] GC(1496) Pause Young (Allocation Failure) 232M->232M(346M) 168.771ms
[2020-08-08T11:46:58.652+0300][213.219s][debug][gc] GC(1497) Shrinking ParOldGen from 238080K by 17408K to 220672K
[2020-08-08T11:46:58.652+0300][213.219s][info ][gc] GC(1497) Pause Full (Ergonomics) 232M->98M(329M) 318.104ms
[2020-08-08T11:46:58.729+0300][213.295s][info ][gc] GC(1498) Pause Young (Allocation Failure) 156M->155M(329M) 65.245ms
[2020-08-08T11:46:58.752+0300][213.318s][debug][gc] GC(1499) Shrinking ParOldGen from 220672K by 83968K to 136704K
[2020-08-08T11:46:58.752+0300][213.318s][info ][gc] GC(1499) Pause Full (Ergonomics) 155M->22M(247M) 22.843ms
[2020-08-08T11:46:58.842+0300][213.408s][info ][gc] GC(1500) Pause Young (Allocation Failure) 79M->79M(247M) 78.527ms
[2020-08-08T11:46:58.993+0300][213.559s][info ][gc] GC(1501) Pause Young (Allocation Failure) 137M->136M(247M) 141.483ms
[2020-08-08T11:46:59.003+0300][213.569s][debug][gc] GC(1502) Shrinking ParOldGen from 136704K by 18944K to 117760K
[2020-08-08T11:46:59.003+0300][213.569s][info ][gc] GC(1502) Pause Full (Ergonomics) 136M->2M(229M) 9.477ms
[2020-08-08T11:46:59.075+0300][213.641s][info ][gc] GC(1503) Pause Young (Allocation Failure) 60M->59M(229M) 64.036ms
[2020-08-08T11:46:59.231+0300][213.797s][info ][gc] GC(1504) Pause Young (Allocation Failure) 117M->117M(229M) 146.813ms
[2020-08-08T11:46:59.614+0300][214.180s][debug][gc] GC(1505) Expanding ParOldGen from 117760K by 116736K to 234496K
[2020-08-08T11:46:59.614+0300][214.180s][info ][gc] GC(1505) Pause Full (Ergonomics) 117M->117M(343M) 382.974ms
[2020-08-08T11:46:59.724+0300][214.290s][info ][gc] GC(1506) Pause Young (Allocation Failure) 174M->174M(343M) 99.734ms
[2020-08-08T11:46:59.905+0300][214.471s][info ][gc] GC(1507) Pause Young (Allocation Failure) 232M->232M(343M) 170.934ms
[2020-08-08T11:47:00.223+0300][214.790s][debug][gc] GC(1508) Shrinking ParOldGen from 234496K by 15360K to 219136K
[2020-08-08T11:47:00.223+0300][214.790s][info ][gc] GC(1508) Pause Full (Ergonomics) 232M->98M(328M) 318.523ms
[2020-08-08T11:47:00.297+0300][214.863s][info ][gc] GC(1509) Pause Young (Allocation Failure) 156M->156M(328M) 65.263ms
[2020-08-08T11:47:00.320+0300][214.887s][debug][gc] GC(1510) Shrinking ParOldGen from 219136K by 83968K to 135168K
[2020-08-08T11:47:00.320+0300][214.887s][info ][gc] GC(1510) Pause Full (Ergonomics) 156M->22M(246M) 23.379ms
[2020-08-08T11:47:00.413+0300][214.979s][info ][gc] GC(1511) Pause Young (Allocation Failure) 79M->79M(246M) 79.852ms
[2020-08-08T11:47:00.564+0300][215.131s][info ][gc] GC(1512) Pause Young (Allocation Failure) 136M->136M(246M) 141.875ms
[2020-08-08T11:47:00.574+0300][215.140s][debug][gc] GC(1513) Shrinking ParOldGen from 135168K by 18432K to 116736K
[2020-08-08T11:47:00.574+0300][215.140s][info ][gc] GC(1513) Pause Full (Ergonomics) 136M->2M(228M) 9.225ms
[2020-08-08T11:47:00.646+0300][215.212s][info ][gc] GC(1514) Pause Young (Allocation Failure) 60M->59M(228M) 64.033ms
[2020-08-08T11:47:00.803+0300][215.369s][info ][gc] GC(1515) Pause Young (Allocation Failure) 117M->117M(228M) 147.475ms
[2020-08-08T11:47:01.183+0300][215.749s][debug][gc] GC(1516) Expanding ParOldGen from 116736K by 116224K to 232960K
[2020-08-08T11:47:01.183+0300][215.749s][info ][gc] GC(1516) Pause Full (Ergonomics) 117M->117M(341M) 380.222ms
[2020-08-08T11:47:01.291+0300][215.858s][info ][gc] GC(1517) Pause Young (Allocation Failure) 174M->174M(341M) 99.545ms
[2020-08-08T11:47:01.471+0300][216.038s][info ][gc] GC(1518) Pause Young (Allocation Failure) 232M->232M(341M) 169.662ms
[2020-08-08T11:47:01.786+0300][216.353s][debug][gc] GC(1519) Shrinking ParOldGen from 232960K by 14848K to 218112K
[2020-08-08T11:47:01.786+0300][216.353s][info ][gc] GC(1519) Pause Full (Ergonomics) 232M->98M(327M) 315.113ms
[2020-08-08T11:47:01.864+0300][216.430s][info ][gc] GC(1520) Pause Young (Allocation Failure) 156M->156M(327M) 65.097ms
[2020-08-08T11:47:02.021+0300][216.588s][info ][gc] GC(1521) Pause Young (Allocation Failure) 213M->213M(327M) 148.548ms
[2020-08-08T11:47:02.260+0300][216.826s][debug][gc] GC(1522) Shrinking ParOldGen from 218112K by 17920K to 200192K
[2020-08-08T11:47:02.260+0300][216.826s][info ][gc] GC(1522) Pause Full (Ergonomics) 213M->79M(309M) 238.786ms
[2020-08-08T11:47:02.347+0300][216.913s][info ][gc] GC(1523) Pause Young (Allocation Failure) 136M->136M(309M) 76.728ms
[2020-08-08T11:47:02.494+0300][217.060s][info ][gc] GC(1524) Pause Young (Allocation Failure) 193M->193M(309M) 135.525ms
[2020-08-08T11:47:02.657+0300][217.223s][debug][gc] GC(1525) Shrinking ParOldGen from 200192K by 19968K to 180224K
[2020-08-08T11:47:02.657+0300][217.223s][info ][gc] GC(1525) Pause Full (Ergonomics) 193M->59M(290M) 163.078ms
[2020-08-08T11:47:02.745+0300][217.311s][info ][gc] GC(1526) Pause Young (Allocation Failure) 117M->117M(290M) 77.723ms
[2020-08-08T11:47:02.886+0300][217.452s][info ][gc] GC(1527) Pause Young (Allocation Failure) 174M->174M(290M) 132.773ms
[2020-08-08T11:47:02.981+0300][217.547s][debug][gc] GC(1528) Shrinking ParOldGen from 180224K by 17920K to 162304K
[2020-08-08T11:47:02.981+0300][217.547s][info ][gc] GC(1528) Pause Full (Ergonomics) 174M->41M(272M) 94.919ms
[2020-08-08T11:47:03.069+0300][217.635s][info ][gc] GC(1529) Pause Young (Allocation Failure) 98M->98M(272M) 77.343ms
[2020-08-08T11:47:03.203+0300][217.770s][info ][gc] GC(1530) Pause Young (Allocation Failure) 156M->156M(272M) 127.657ms
[2020-08-08T11:47:03.225+0300][217.791s][debug][gc] GC(1531) Shrinking ParOldGen from 162304K by 11264K to 151040K
[2020-08-08T11:47:03.225+0300][217.791s][info ][gc] GC(1531) Pause Full (Ergonomics) 156M->22M(261M) 21.239ms
[2020-08-08T11:47:03.314+0300][217.880s][info ][gc] GC(1532) Pause Young (Allocation Failure) 80M->80M(261M) 78.397ms
[2020-08-08T11:47:03.464+0300][218.030s][info ][gc] GC(1533) Pause Young (Allocation Failure) 136M->136M(261M) 140.773ms
[2020-08-08T11:47:03.473+0300][218.039s][debug][gc] GC(1534) Shrinking ParOldGen from 151040K by 21504K to 129536K
[2020-08-08T11:47:03.473+0300][218.040s][info ][gc] GC(1534) Pause Full (Ergonomics) 136M->2M(240M) 9.420ms
[2020-08-08T11:47:03.549+0300][218.116s][info ][gc] GC(1535) Pause Young (Allocation Failure) 60M->59M(240M) 64.632ms
[2020-08-08T11:47:03.708+0300][218.275s][info ][gc] GC(1536) Pause Young (Allocation Failure) 117M->117M(240M) 149.019ms
[2020-08-08T11:47:04.089+0300][218.655s][debug][gc] GC(1537) Expanding ParOldGen from 129536K by 116736K to 246272K
[2020-08-08T11:47:04.089+0300][218.655s][info ][gc] GC(1537) Pause Full (Ergonomics) 117M->117M(354M) 380.771ms
[2020-08-08T11:47:04.165+0300][218.732s][info ][gc] GC(1538) Pause Young (Allocation Failure) 174M->174M(354M) 67.209ms
[2020-08-08T11:47:04.341+0300][218.908s][info ][gc] GC(1539) Pause Young (Allocation Failure) 232M->232M(354M) 166.186ms
[2020-08-08T11:47:04.657+0300][219.223s][debug][gc] GC(1540) Shrinking ParOldGen from 246272K by 19456K to 226816K
[2020-08-08T11:47:04.657+0300][219.224s][info ][gc] GC(1540) Pause Full (Ergonomics) 232M->98M(335M) 315.924ms
[2020-08-08T11:47:04.733+0300][219.299s][info ][gc] GC(1541) Pause Young (Allocation Failure) 156M->155M(335M) 65.370ms
[2020-08-08T11:47:04.756+0300][219.322s][debug][gc] GC(1542) Shrinking ParOldGen from 226816K by 83968K to 142848K
[2020-08-08T11:47:04.756+0300][219.322s][info ][gc] GC(1542) Pause Full (Ergonomics) 155M->22M(253M) 23.291ms
[2020-08-08T11:47:04.846+0300][219.412s][info ][gc] GC(1543) Pause Young (Allocation Failure) 79M->79M(253M) 78.872ms
[2020-08-08T11:47:04.997+0300][219.563s][info ][gc] GC(1544) Pause Young (Allocation Failure) 137M->136M(253M) 141.817ms
[2020-08-08T11:47:05.006+0300][219.573s][debug][gc] GC(1545) Shrinking ParOldGen from 142848K by 19968K to 122880K
[2020-08-08T11:47:05.007+0300][219.573s][info ][gc] GC(1545) Pause Full (Ergonomics) 136M->2M(234M) 9.341ms
[2020-08-08T11:47:05.078+0300][219.645s][info ][gc] GC(1546) Pause Young (Allocation Failure) 60M->59M(234M) 62.785ms
[2020-08-08T11:47:05.234+0300][219.800s][info ][gc] GC(1547) Pause Young (Allocation Failure) 117M->117M(234M) 146.398ms
[2020-08-08T11:47:05.612+0300][220.178s][debug][gc] GC(1548) Expanding ParOldGen from 122880K by 118272K to 241152K
[2020-08-08T11:47:05.612+0300][220.178s][info ][gc] GC(1548) Pause Full (Ergonomics) 117M->117M(349M) 377.679ms
[2020-08-08T11:47:05.691+0300][220.258s][info ][gc] GC(1549) Pause Young (Allocation Failure) 174M->174M(349M) 67.834ms
[2020-08-08T11:47:05.871+0300][220.437s][info ][gc] GC(1550) Pause Young (Allocation Failure) 232M->232M(349M) 169.497ms
[2020-08-08T11:47:06.186+0300][220.752s][debug][gc] GC(1551) Shrinking ParOldGen from 241152K by 18432K to 222720K
[2020-08-08T11:47:06.186+0300][220.752s][info ][gc] GC(1551) Pause Full (Ergonomics) 232M->98M(331M) 315.345ms
[2020-08-08T11:47:06.258+0300][220.824s][info ][gc] GC(1552) Pause Young (Allocation Failure) 156M->156M(331M) 63.666ms
[2020-08-08T11:47:06.281+0300][220.847s][debug][gc] GC(1553) Shrinking ParOldGen from 222720K by 83968K to 138752K
[2020-08-08T11:47:06.281+0300][220.847s][info ][gc] GC(1553) Pause Full (Ergonomics) 156M->22M(249M) 22.804ms
[2020-08-08T11:47:06.370+0300][220.936s][info ][gc] GC(1554) Pause Young (Allocation Failure) 80M->79M(249M) 78.528ms
[2020-08-08T11:47:06.523+0300][221.089s][info ][gc] GC(1555) Pause Young (Allocation Failure) 136M->136M(249M) 142.139ms
[2020-08-08T11:47:06.532+0300][221.098s][debug][gc] GC(1556) Shrinking ParOldGen from 138752K by 18944K to 119808K
[2020-08-08T11:47:06.532+0300][221.098s][info ][gc] GC(1556) Pause Full (Ergonomics) 136M->2M(231M) 9.232ms
[2020-08-08T11:47:06.607+0300][221.173s][info ][gc] GC(1557) Pause Young (Allocation Failure) 60M->59M(231M) 64.643ms
[2020-08-08T11:47:06.767+0300][221.333s][info ][gc] GC(1558) Pause Young (Allocation Failure) 117M->117M(231M) 148.141ms
[2020-08-08T11:47:07.148+0300][221.715s][debug][gc] GC(1559) Expanding ParOldGen from 119808K by 118272K to 238080K
[2020-08-08T11:47:07.149+0300][221.715s][info ][gc] GC(1559) Pause Full (Ergonomics) 117M->117M(346M) 381.796ms
[2020-08-08T11:47:07.252+0300][221.818s][info ][gc] GC(1560) Pause Young (Allocation Failure) 174M->174M(346M) 95.495ms
[2020-08-08T11:47:07.430+0300][221.996s][info ][gc] GC(1561) Pause Young (Allocation Failure) 232M->232M(346M) 169.633ms
[2020-08-08T11:47:07.749+0300][222.315s][debug][gc] GC(1562) Shrinking ParOldGen from 238080K by 17408K to 220672K
[2020-08-08T11:47:07.749+0300][222.315s][info ][gc] GC(1562) Pause Full (Ergonomics) 232M->98M(329M) 318.462ms
[2020-08-08T11:47:07.826+0300][222.392s][info ][gc] GC(1563) Pause Young (Allocation Failure) 156M->155M(329M) 65.211ms
[2020-08-08T11:47:07.849+0300][222.415s][debug][gc] GC(1564) Shrinking ParOldGen from 220672K by 83968K to 136704K
[2020-08-08T11:47:07.849+0300][222.415s][info ][gc] GC(1564) Pause Full (Ergonomics) 155M->22M(247M) 23.032ms
[2020-08-08T11:47:07.939+0300][222.505s][info ][gc] GC(1565) Pause Young (Allocation Failure) 79M->79M(247M) 79.055ms
[2020-08-08T11:47:08.088+0300][222.654s][info ][gc] GC(1566) Pause Young (Allocation Failure) 137M->136M(247M) 140.095ms
[2020-08-08T11:47:08.098+0300][222.664s][debug][gc] GC(1567) Shrinking ParOldGen from 136704K by 18944K to 117760K
[2020-08-08T11:47:08.098+0300][222.664s][info ][gc] GC(1567) Pause Full (Ergonomics) 136M->2M(229M) 9.657ms
[2020-08-08T11:47:08.170+0300][222.737s][info ][gc] GC(1568) Pause Young (Allocation Failure) 60M->59M(229M) 64.131ms
[2020-08-08T11:47:08.329+0300][222.895s][info ][gc] GC(1569) Pause Young (Allocation Failure) 117M->117M(229M) 148.706ms
[2020-08-08T11:47:08.711+0300][223.277s][debug][gc] GC(1570) Expanding ParOldGen from 117760K by 116736K to 234496K
[2020-08-08T11:47:08.711+0300][223.277s][info ][gc] GC(1570) Pause Full (Ergonomics) 117M->117M(343M) 381.604ms
[2020-08-08T11:47:08.823+0300][223.389s][info ][gc] GC(1571) Pause Young (Allocation Failure) 174M->174M(343M) 100.418ms
[2020-08-08T11:47:09.001+0300][223.567s][info ][gc] GC(1572) Pause Young (Allocation Failure) 232M->232M(343M) 169.061ms
[2020-08-08T11:47:09.317+0300][223.883s][debug][gc] GC(1573) Shrinking ParOldGen from 234496K by 15360K to 219136K
[2020-08-08T11:47:09.317+0300][223.883s][info ][gc] GC(1573) Pause Full (Ergonomics) 232M->98M(328M) 316.206ms
[2020-08-08T11:47:09.391+0300][223.957s][info ][gc] GC(1574) Pause Young (Allocation Failure) 156M->156M(328M) 66.629ms
[2020-08-08T11:47:09.415+0300][223.981s][debug][gc] GC(1575) Shrinking ParOldGen from 219136K by 83968K to 135168K
[2020-08-08T11:47:09.415+0300][223.981s][info ][gc] GC(1575) Pause Full (Ergonomics) 156M->22M(246M) 23.399ms
[2020-08-08T11:47:09.510+0300][224.076s][info ][gc] GC(1576) Pause Young (Allocation Failure) 80M->79M(246M) 81.417ms
[2020-08-08T11:47:09.670+0300][224.236s][info ][gc] GC(1577) Pause Young (Allocation Failure) 136M->136M(246M) 149.322ms
[2020-08-08T11:47:09.679+0300][224.245s][debug][gc] GC(1578) Shrinking ParOldGen from 135168K by 18432K to 116736K
[2020-08-08T11:47:09.679+0300][224.245s][info ][gc] GC(1578) Pause Full (Ergonomics) 136M->2M(228M) 9.193ms
[2020-08-08T11:47:09.752+0300][224.318s][info ][gc] GC(1579) Pause Young (Allocation Failure) 60M->59M(228M) 63.534ms
[2020-08-08T11:47:09.909+0300][224.475s][info ][gc] GC(1580) Pause Young (Allocation Failure) 117M->117M(228M) 147.806ms
[2020-08-08T11:47:10.290+0300][224.857s][debug][gc] GC(1581) Expanding ParOldGen from 116736K by 116224K to 232960K
[2020-08-08T11:47:10.290+0300][224.857s][info ][gc] GC(1581) Pause Full (Ergonomics) 117M->117M(341M) 381.424ms
[2020-08-08T11:47:10.400+0300][224.966s][info ][gc] GC(1582) Pause Young (Allocation Failure) 174M->174M(341M) 101.054ms
[2020-08-08T11:47:10.580+0300][225.146s][info ][gc] GC(1583) Pause Young (Allocation Failure) 232M->232M(341M) 170.716ms
[2020-08-08T11:47:10.895+0300][225.461s][debug][gc] GC(1584) Shrinking ParOldGen from 232960K by 14848K to 218112K
[2020-08-08T11:47:10.895+0300][225.461s][info ][gc] GC(1584) Pause Full (Ergonomics) 232M->98M(327M) 314.902ms
[2020-08-08T11:47:10.970+0300][225.536s][info ][gc] GC(1585) Pause Young (Allocation Failure) 156M->156M(327M) 64.982ms
[2020-08-08T11:47:11.125+0300][225.691s][info ][gc] GC(1586) Pause Young (Allocation Failure) 213M->213M(327M) 144.784ms
[2020-08-08T11:47:11.364+0300][225.930s][debug][gc] GC(1587) Shrinking ParOldGen from 218112K by 17920K to 200192K
[2020-08-08T11:47:11.364+0300][225.930s][info ][gc] GC(1587) Pause Full (Ergonomics) 213M->79M(309M) 239.112ms
[2020-08-08T11:47:11.449+0300][226.015s][info ][gc] GC(1588) Pause Young (Allocation Failure) 136M->136M(309M) 76.280ms
[2020-08-08T11:47:11.593+0300][226.160s][info ][gc] GC(1589) Pause Young (Allocation Failure) 193M->193M(309M) 135.265ms
[2020-08-08T11:47:11.757+0300][226.323s][debug][gc] GC(1590) Shrinking ParOldGen from 200192K by 19968K to 180224K
[2020-08-08T11:47:11.757+0300][226.323s][info ][gc] GC(1590) Pause Full (Ergonomics) 193M->59M(290M) 163.119ms
[2020-08-08T11:47:11.845+0300][226.411s][info ][gc] GC(1591) Pause Young (Allocation Failure) 117M->117M(290M) 77.338ms
[2020-08-08T11:47:11.984+0300][226.550s][info ][gc] GC(1592) Pause Young (Allocation Failure) 174M->174M(290M) 131.109ms
[2020-08-08T11:47:12.078+0300][226.644s][debug][gc] GC(1593) Shrinking ParOldGen from 180224K by 17920K to 162304K
[2020-08-08T11:47:12.078+0300][226.644s][info ][gc] GC(1593) Pause Full (Ergonomics) 174M->41M(272M) 93.687ms
[2020-08-08T11:47:12.166+0300][226.732s][info ][gc] GC(1594) Pause Young (Allocation Failure) 98M->98M(272M) 77.781ms
[2020-08-08T11:47:12.301+0300][226.867s][info ][gc] GC(1595) Pause Young (Allocation Failure) 156M->156M(272M) 127.507ms
[2020-08-08T11:47:12.323+0300][226.889s][debug][gc] GC(1596) Shrinking ParOldGen from 162304K by 11264K to 151040K
[2020-08-08T11:47:12.323+0300][226.889s][info ][gc] GC(1596) Pause Full (Ergonomics) 156M->22M(261M) 21.760ms
[2020-08-08T11:47:12.411+0300][226.977s][info ][gc] GC(1597) Pause Young (Allocation Failure) 80M->80M(261M) 77.996ms
[2020-08-08T11:47:12.564+0300][227.130s][info ][gc] GC(1598) Pause Young (Allocation Failure) 136M->136M(261M) 142.165ms
[2020-08-08T11:47:12.573+0300][227.139s][debug][gc] GC(1599) Shrinking ParOldGen from 151040K by 21504K to 129536K
[2020-08-08T11:47:12.573+0300][227.140s][info ][gc] GC(1599) Pause Full (Ergonomics) 136M->2M(240M) 9.527ms
[2020-08-08T11:47:12.650+0300][227.216s][info ][gc] GC(1600) Pause Young (Allocation Failure) 60M->59M(240M) 66.072ms
[2020-08-08T11:47:12.808+0300][227.375s][info ][gc] GC(1601) Pause Young (Allocation Failure) 117M->117M(240M) 148.867ms
[2020-08-08T11:47:13.188+0300][227.754s][debug][gc] GC(1602) Expanding ParOldGen from 129536K by 116736K to 246272K
[2020-08-08T11:47:13.188+0300][227.755s][info ][gc] GC(1602) Pause Full (Ergonomics) 117M->117M(354M) 379.951ms
[2020-08-08T11:47:13.265+0300][227.831s][info ][gc] GC(1603) Pause Young (Allocation Failure) 174M->174M(354M) 68.232ms
[2020-08-08T11:47:13.442+0300][228.008s][info ][gc] GC(1604) Pause Young (Allocation Failure) 232M->232M(354M) 167.552ms
[2020-08-08T11:47:13.764+0300][228.330s][debug][gc] GC(1605) Shrinking ParOldGen from 246272K by 19456K to 226816K
[2020-08-08T11:47:13.764+0300][228.330s][info ][gc] GC(1605) Pause Full (Ergonomics) 232M->98M(335M) 321.853ms
[2020-08-08T11:47:13.840+0300][228.407s][info ][gc] GC(1606) Pause Young (Allocation Failure) 156M->155M(335M) 65.700ms
[2020-08-08T11:47:13.863+0300][228.430s][debug][gc] GC(1607) Shrinking ParOldGen from 226816K by 83968K to 142848K
[2020-08-08T11:47:13.864+0300][228.430s][info ][gc] GC(1607) Pause Full (Ergonomics) 155M->22M(253M) 23.048ms
[2020-08-08T11:47:13.954+0300][228.520s][info ][gc] GC(1608) Pause Young (Allocation Failure) 79M->79M(253M) 78.869ms
[2020-08-08T11:47:14.105+0300][228.671s][info ][gc] GC(1609) Pause Young (Allocation Failure) 137M->136M(253M) 141.947ms
[2020-08-08T11:47:14.114+0300][228.681s][debug][gc] GC(1610) Shrinking ParOldGen from 142848K by 19968K to 122880K
[2020-08-08T11:47:14.115+0300][228.681s][info ][gc] GC(1610) Pause Full (Ergonomics) 136M->2M(234M) 9.621ms
[2020-08-08T11:47:14.188+0300][228.754s][info ][gc] GC(1611) Pause Young (Allocation Failure) 60M->59M(234M) 64.805ms
[2020-08-08T11:47:14.348+0300][228.914s][info ][gc] GC(1612) Pause Young (Allocation Failure) 117M->117M(234M) 149.812ms
[2020-08-08T11:47:14.731+0300][229.297s][debug][gc] GC(1613) Expanding ParOldGen from 122880K by 118272K to 241152K
[2020-08-08T11:47:14.731+0300][229.297s][info ][gc] GC(1613) Pause Full (Ergonomics) 117M->117M(349M) 382.925ms
[2020-08-08T11:47:14.811+0300][229.377s][info ][gc] GC(1614) Pause Young (Allocation Failure) 174M->174M(349M) 68.082ms
[2020-08-08T11:47:14.991+0300][229.557s][info ][gc] GC(1615) Pause Young (Allocation Failure) 232M->232M(349M) 169.841ms
[2020-08-08T11:47:15.311+0300][229.877s][debug][gc] GC(1616) Shrinking ParOldGen from 241152K by 18432K to 222720K
[2020-08-08T11:47:15.311+0300][229.877s][info ][gc] GC(1616) Pause Full (Ergonomics) 232M->98M(331M) 319.885ms
[2020-08-08T11:47:15.385+0300][229.951s][info ][gc] GC(1617) Pause Young (Allocation Failure) 156M->156M(331M) 65.091ms
[2020-08-08T11:47:15.407+0300][229.973s][debug][gc] GC(1618) Shrinking ParOldGen from 222720K by 83968K to 138752K
[2020-08-08T11:47:15.407+0300][229.973s][info ][gc] GC(1618) Pause Full (Ergonomics) 156M->22M(249M) 22.438ms
[2020-08-08T11:47:15.499+0300][230.065s][info ][gc] GC(1619) Pause Young (Allocation Failure) 80M->79M(249M) 78.772ms
[2020-08-08T11:47:15.654+0300][230.220s][info ][gc] GC(1620) Pause Young (Allocation Failure) 136M->136M(249M) 144.392ms
[2020-08-08T11:47:15.663+0300][230.229s][debug][gc] GC(1621) Shrinking ParOldGen from 138752K by 18944K to 119808K
[2020-08-08T11:47:15.663+0300][230.230s][info ][gc] GC(1621) Pause Full (Ergonomics) 136M->2M(231M) 9.329ms
[2020-08-08T11:47:15.737+0300][230.304s][info ][gc] GC(1622) Pause Young (Allocation Failure) 60M->59M(231M) 63.190ms
[2020-08-08T11:47:15.898+0300][230.464s][info ][gc] GC(1623) Pause Young (Allocation Failure) 117M->117M(231M) 150.411ms
[2020-08-08T11:47:16.285+0300][230.851s][debug][gc] GC(1624) Expanding ParOldGen from 119808K by 118272K to 238080K
[2020-08-08T11:47:16.285+0300][230.851s][info ][gc] GC(1624) Pause Full (Ergonomics) 117M->117M(346M) 386.973ms
[2020-08-08T11:47:16.390+0300][230.956s][info ][gc] GC(1625) Pause Young (Allocation Failure) 174M->174M(346M) 97.106ms
[2020-08-08T11:47:16.573+0300][231.139s][info ][gc] GC(1626) Pause Young (Allocation Failure) 232M->232M(346M) 172.227ms
[2020-08-08T11:47:16.893+0300][231.460s][debug][gc] GC(1627) Shrinking ParOldGen from 238080K by 17408K to 220672K
[2020-08-08T11:47:16.893+0300][231.460s][info ][gc] GC(1627) Pause Full (Ergonomics) 232M->98M(329M) 320.689ms
[2020-08-08T11:47:16.968+0300][231.534s][info ][gc] GC(1628) Pause Young (Allocation Failure) 156M->155M(329M) 64.619ms
[2020-08-08T11:47:16.991+0300][231.557s][debug][gc] GC(1629) Shrinking ParOldGen from 220672K by 83968K to 136704K
[2020-08-08T11:47:16.991+0300][231.557s][info ][gc] GC(1629) Pause Full (Ergonomics) 155M->22M(247M) 22.749ms
[2020-08-08T11:47:17.080+0300][231.646s][info ][gc] GC(1630) Pause Young (Allocation Failure) 79M->79M(247M) 78.526ms
[2020-08-08T11:47:17.235+0300][231.801s][info ][gc] GC(1631) Pause Young (Allocation Failure) 137M->136M(247M) 145.768ms
[2020-08-08T11:47:17.244+0300][231.810s][debug][gc] GC(1632) Shrinking ParOldGen from 136704K by 18944K to 117760K
[2020-08-08T11:47:17.244+0300][231.810s][info ][gc] GC(1632) Pause Full (Ergonomics) 136M->2M(229M) 9.393ms
[2020-08-08T11:47:17.319+0300][231.885s][info ][gc] GC(1633) Pause Young (Allocation Failure) 60M->59M(229M) 65.339ms
[2020-08-08T11:47:17.479+0300][232.046s][info ][gc] GC(1634) Pause Young (Allocation Failure) 117M->117M(229M) 150.101ms
[2020-08-08T11:47:17.865+0300][232.432s][debug][gc] GC(1635) Expanding ParOldGen from 117760K by 116736K to 234496K
[2020-08-08T11:47:17.865+0300][232.432s][info ][gc] GC(1635) Pause Full (Ergonomics) 117M->117M(343M) 386.060ms
[2020-08-08T11:47:17.975+0300][232.541s][info ][gc] GC(1636) Pause Young (Allocation Failure) 174M->174M(343M) 99.188ms
[2020-08-08T11:47:18.155+0300][232.721s][info ][gc] GC(1637) Pause Young (Allocation Failure) 232M->232M(343M) 170.256ms
[2020-08-08T11:47:18.471+0300][233.037s][debug][gc] GC(1638) Shrinking ParOldGen from 234496K by 15360K to 219136K
[2020-08-08T11:47:18.471+0300][233.037s][info ][gc] GC(1638) Pause Full (Ergonomics) 232M->98M(328M) 315.880ms
[2020-08-08T11:47:18.545+0300][233.111s][info ][gc] GC(1639) Pause Young (Allocation Failure) 156M->156M(328M) 65.593ms
[2020-08-08T11:47:18.569+0300][233.135s][debug][gc] GC(1640) Shrinking ParOldGen from 219136K by 83968K to 135168K
[2020-08-08T11:47:18.569+0300][233.135s][info ][gc] GC(1640) Pause Full (Ergonomics) 156M->22M(246M) 24.291ms
[2020-08-08T11:47:18.663+0300][233.229s][info ][gc] GC(1641) Pause Young (Allocation Failure) 80M->79M(246M) 79.168ms
[2020-08-08T11:47:18.815+0300][233.381s][info ][gc] GC(1642) Pause Young (Allocation Failure) 137M->136M(246M) 142.634ms
[2020-08-08T11:47:18.824+0300][233.390s][debug][gc] GC(1643) Shrinking ParOldGen from 135168K by 18432K to 116736K
[2020-08-08T11:47:18.824+0300][233.390s][info ][gc] GC(1643) Pause Full (Ergonomics) 136M->2M(228M) 9.022ms
[2020-08-08T11:47:18.896+0300][233.462s][info ][gc] GC(1644) Pause Young (Allocation Failure) 60M->59M(228M) 64.004ms
[2020-08-08T11:47:19.054+0300][233.621s][info ][gc] GC(1645) Pause Young (Allocation Failure) 117M->117M(228M) 149.230ms
[2020-08-08T11:47:19.437+0300][234.003s][debug][gc] GC(1646) Expanding ParOldGen from 116736K by 116224K to 232960K
[2020-08-08T11:47:19.437+0300][234.003s][info ][gc] GC(1646) Pause Full (Ergonomics) 117M->117M(341M) 382.190ms
[2020-08-08T11:47:19.545+0300][234.111s][info ][gc] GC(1647) Pause Young (Allocation Failure) 174M->174M(341M) 101.253ms
[2020-08-08T11:47:19.736+0300][234.302s][info ][gc] GC(1648) Pause Young (Allocation Failure) 232M->232M(341M) 177.907ms
[2020-08-08T11:47:20.051+0300][234.617s][debug][gc] GC(1649) Shrinking ParOldGen from 232960K by 14848K to 218112K
[2020-08-08T11:47:20.051+0300][234.617s][info ][gc] GC(1649) Pause Full (Ergonomics) 232M->98M(327M) 315.043ms
[2020-08-08T11:47:20.126+0300][234.692s][info ][gc] GC(1650) Pause Young (Allocation Failure) 156M->156M(327M) 66.105ms
[2020-08-08T11:47:20.282+0300][234.848s][info ][gc] GC(1651) Pause Young (Allocation Failure) 213M->213M(327M) 146.734ms
[2020-08-08T11:47:20.522+0300][235.088s][debug][gc] GC(1652) Shrinking ParOldGen from 218112K by 17920K to 200192K
[2020-08-08T11:47:20.522+0300][235.088s][info ][gc] GC(1652) Pause Full (Ergonomics) 213M->79M(309M) 239.754ms
[2020-08-08T11:47:20.613+0300][235.179s][info ][gc] GC(1653) Pause Young (Allocation Failure) 136M->136M(309M) 80.611ms
[2020-08-08T11:47:20.759+0300][235.325s][info ][gc] GC(1654) Pause Young (Allocation Failure) 193M->193M(309M) 135.953ms
[2020-08-08T11:47:20.922+0300][235.488s][debug][gc] GC(1655) Shrinking ParOldGen from 200192K by 19968K to 180224K
[2020-08-08T11:47:20.922+0300][235.488s][info ][gc] GC(1655) Pause Full (Ergonomics) 193M->59M(290M) 162.871ms
[2020-08-08T11:47:21.011+0300][235.578s][info ][gc] GC(1656) Pause Young (Allocation Failure) 117M->117M(290M) 79.025ms
[2020-08-08T11:47:21.154+0300][235.720s][info ][gc] GC(1657) Pause Young (Allocation Failure) 174M->174M(290M) 133.882ms
[2020-08-08T11:47:21.247+0300][235.813s][debug][gc] GC(1658) Shrinking ParOldGen from 180224K by 17920K to 162304K
[2020-08-08T11:47:21.247+0300][235.813s][info ][gc] GC(1658) Pause Full (Ergonomics) 174M->41M(272M) 93.280ms
[2020-08-08T11:47:21.335+0300][235.901s][info ][gc] GC(1659) Pause Young (Allocation Failure) 98M->98M(272M) 77.884ms
[2020-08-08T11:47:21.473+0300][236.039s][info ][gc] GC(1660) Pause Young (Allocation Failure) 156M->156M(272M) 129.758ms
[2020-08-08T11:47:21.493+0300][236.060s][debug][gc] GC(1661) Shrinking ParOldGen from 162304K by 11264K to 151040K
[2020-08-08T11:47:21.493+0300][236.060s][info ][gc] GC(1661) Pause Full (Ergonomics) 156M->22M(261M) 20.723ms
[2020-08-08T11:47:21.582+0300][236.148s][info ][gc] GC(1662) Pause Young (Allocation Failure) 80M->80M(261M) 78.496ms
[2020-08-08T11:47:21.738+0300][236.304s][info ][gc] GC(1663) Pause Young (Allocation Failure) 136M->136M(261M) 145.277ms
[2020-08-08T11:47:21.748+0300][236.314s][debug][gc] GC(1664) Shrinking ParOldGen from 151040K by 21504K to 129536K
[2020-08-08T11:47:21.748+0300][236.314s][info ][gc] GC(1664) Pause Full (Ergonomics) 136M->2M(240M) 9.561ms
[2020-08-08T11:47:21.821+0300][236.387s][info ][gc] GC(1665) Pause Young (Allocation Failure) 60M->59M(240M) 63.925ms
[2020-08-08T11:47:21.978+0300][236.544s][info ][gc] GC(1666) Pause Young (Allocation Failure) 117M->117M(240M) 146.673ms
[2020-08-08T11:47:22.357+0300][236.924s][debug][gc] GC(1667) Expanding ParOldGen from 129536K by 116736K to 246272K
[2020-08-08T11:47:22.358+0300][236.924s][info ][gc] GC(1667) Pause Full (Ergonomics) 117M->117M(354M) 379.931ms
[2020-08-08T11:47:22.433+0300][237.000s][info ][gc] GC(1668) Pause Young (Allocation Failure) 174M->174M(354M) 66.907ms
[2020-08-08T11:47:22.612+0300][237.178s][info ][gc] GC(1669) Pause Young (Allocation Failure) 232M->232M(354M) 168.196ms
[2020-08-08T11:47:22.929+0300][237.496s][debug][gc] GC(1670) Shrinking ParOldGen from 246272K by 19456K to 226816K
[2020-08-08T11:47:22.930+0300][237.496s][info ][gc] GC(1670) Pause Full (Ergonomics) 232M->98M(335M) 317.881ms
[2020-08-08T11:47:23.006+0300][237.572s][info ][gc] GC(1671) Pause Young (Allocation Failure) 156M->155M(335M) 65.532ms
[2020-08-08T11:47:23.029+0300][237.595s][debug][gc] GC(1672) Shrinking ParOldGen from 226816K by 83968K to 142848K
[2020-08-08T11:47:23.029+0300][237.595s][info ][gc] GC(1672) Pause Full (Ergonomics) 155M->22M(253M) 22.569ms
[2020-08-08T11:47:23.118+0300][237.684s][info ][gc] GC(1673) Pause Young (Allocation Failure) 79M->79M(253M) 79.050ms
[2020-08-08T11:47:23.267+0300][237.833s][info ][gc] GC(1674) Pause Young (Allocation Failure) 137M->136M(253M) 139.702ms
[2020-08-08T11:47:23.276+0300][237.842s][debug][gc] GC(1675) Shrinking ParOldGen from 142848K by 19968K to 122880K
[2020-08-08T11:47:23.276+0300][237.842s][info ][gc] GC(1675) Pause Full (Ergonomics) 136M->2M(234M) 9.248ms
[2020-08-08T11:47:23.348+0300][237.914s][info ][gc] GC(1676) Pause Young (Allocation Failure) 60M->59M(234M) 62.953ms
[2020-08-08T11:47:23.505+0300][238.071s][info ][gc] GC(1677) Pause Young (Allocation Failure) 117M->117M(234M) 146.859ms
[2020-08-08T11:47:23.881+0300][238.447s][debug][gc] GC(1678) Expanding ParOldGen from 122880K by 118272K to 241152K
[2020-08-08T11:47:23.881+0300][238.447s][info ][gc] GC(1678) Pause Full (Ergonomics) 117M->117M(349M) 376.386ms
[2020-08-08T11:47:23.961+0300][238.527s][info ][gc] GC(1679) Pause Young (Allocation Failure) 174M->174M(349M) 67.477ms
[2020-08-08T11:47:24.140+0300][238.706s][info ][gc] GC(1680) Pause Young (Allocation Failure) 232M->232M(349M) 169.578ms
[2020-08-08T11:47:24.458+0300][239.024s][debug][gc] GC(1681) Shrinking ParOldGen from 241152K by 18432K to 222720K
[2020-08-08T11:47:24.458+0300][239.024s][info ][gc] GC(1681) Pause Full (Ergonomics) 232M->98M(331M) 317.676ms
[2020-08-08T11:47:24.530+0300][239.096s][info ][gc] GC(1682) Pause Young (Allocation Failure) 156M->156M(331M) 63.995ms
[2020-08-08T11:47:24.554+0300][239.120s][debug][gc] GC(1683) Shrinking ParOldGen from 222720K by 83968K to 138752K
[2020-08-08T11:47:24.554+0300][239.120s][info ][gc] GC(1683) Pause Full (Ergonomics) 156M->22M(249M) 24.105ms
[2020-08-08T11:47:24.648+0300][239.215s][info ][gc] GC(1684) Pause Young (Allocation Failure) 80M->79M(249M) 79.059ms
[2020-08-08T11:47:24.803+0300][239.369s][info ][gc] GC(1685) Pause Young (Allocation Failure) 136M->136M(249M) 143.273ms
[2020-08-08T11:47:24.812+0300][239.378s][debug][gc] GC(1686) Shrinking ParOldGen from 138752K by 18944K to 119808K
[2020-08-08T11:47:24.812+0300][239.379s][info ][gc] GC(1686) Pause Full (Ergonomics) 136M->2M(231M) 9.354ms
[2020-08-08T11:47:24.884+0300][239.451s][info ][gc] GC(1687) Pause Young (Allocation Failure) 60M->59M(231M) 63.658ms
[2020-08-08T11:47:25.042+0300][239.608s][info ][gc] GC(1688) Pause Young (Allocation Failure) 117M->117M(231M) 147.378ms
[2020-08-08T11:47:25.423+0300][239.989s][debug][gc] GC(1689) Expanding ParOldGen from 119808K by 118272K to 238080K
[2020-08-08T11:47:25.423+0300][239.989s][info ][gc] GC(1689) Pause Full (Ergonomics) 117M->117M(346M) 380.853ms
[2020-08-08T11:47:25.526+0300][240.092s][info ][gc] GC(1690) Pause Young (Allocation Failure) 174M->174M(346M) 94.123ms
[2020-08-08T11:47:25.706+0300][240.273s][info ][gc] GC(1691) Pause Young (Allocation Failure) 232M->232M(346M) 171.225ms
[2020-08-08T11:47:26.020+0300][240.586s][debug][gc] GC(1692) Shrinking ParOldGen from 238080K by 17408K to 220672K
[2020-08-08T11:47:26.020+0300][240.587s][info ][gc] GC(1692) Pause Full (Ergonomics) 232M->98M(329M) 313.795ms
[2020-08-08T11:47:26.095+0300][240.661s][info ][gc] GC(1693) Pause Young (Allocation Failure) 156M->156M(329M) 64.124ms
[2020-08-08T11:47:26.252+0300][240.818s][info ][gc] GC(1694) Pause Young (Allocation Failure) 213M->213M(329M) 146.366ms
[2020-08-08T11:47:26.492+0300][241.058s][debug][gc] GC(1695) Shrinking ParOldGen from 220672K by 18432K to 202240K
[2020-08-08T11:47:26.492+0300][241.058s][info ][gc] GC(1695) Pause Full (Ergonomics) 213M->79M(311M) 240.364ms
[2020-08-08T11:47:26.578+0300][241.145s][info ][gc] GC(1696) Pause Young (Allocation Failure) 136M->136M(311M) 76.710ms
[2020-08-08T11:47:26.724+0300][241.291s][info ][gc] GC(1697) Pause Young (Allocation Failure) 193M->193M(311M) 135.292ms
[2020-08-08T11:47:26.892+0300][241.459s][debug][gc] GC(1698) Shrinking ParOldGen from 202240K by 19968K to 182272K
[2020-08-08T11:47:26.892+0300][241.459s][info ][gc] GC(1698) Pause Full (Ergonomics) 193M->59M(292M) 168.033ms
[2020-08-08T11:47:26.983+0300][241.549s][info ][gc] GC(1699) Pause Young (Allocation Failure) 117M->117M(292M) 78.683ms
[2020-08-08T11:47:27.123+0300][241.689s][info ][gc] GC(1700) Pause Young (Allocation Failure) 174M->174M(292M) 131.917ms
[2020-08-08T11:47:27.216+0300][241.782s][debug][gc] GC(1701) Shrinking ParOldGen from 182272K by 18432K to 163840K
[2020-08-08T11:47:27.216+0300][241.782s][info ][gc] GC(1701) Pause Full (Ergonomics) 174M->41M(274M) 93.332ms
[2020-08-08T11:47:27.305+0300][241.871s][info ][gc] GC(1702) Pause Young (Allocation Failure) 98M->98M(274M) 77.972ms
[2020-08-08T11:47:27.442+0300][242.008s][info ][gc] GC(1703) Pause Young (Allocation Failure) 156M->156M(274M) 128.694ms
[2020-08-08T11:47:27.462+0300][242.028s][debug][gc] GC(1704) Shrinking ParOldGen from 163840K by 11776K to 152064K
[2020-08-08T11:47:27.462+0300][242.028s][info ][gc] GC(1704) Pause Full (Ergonomics) 156M->22M(262M) 20.430ms
[2020-08-08T11:47:27.551+0300][242.117s][info ][gc] GC(1705) Pause Young (Allocation Failure) 80M->80M(262M) 77.711ms
[2020-08-08T11:47:27.702+0300][242.268s][info ][gc] GC(1706) Pause Young (Allocation Failure) 136M->136M(262M) 141.803ms
[2020-08-08T11:47:27.711+0300][242.277s][debug][gc] GC(1707) Shrinking ParOldGen from 152064K by 21504K to 130560K
[2020-08-08T11:47:27.711+0300][242.277s][info ][gc] GC(1707) Pause Full (Ergonomics) 136M->2M(241M) 9.368ms
[2020-08-08T11:47:27.789+0300][242.355s][info ][gc] GC(1708) Pause Young (Allocation Failure) 60M->59M(241M) 65.513ms
[2020-08-08T11:47:27.946+0300][242.512s][info ][gc] GC(1709) Pause Young (Allocation Failure) 117M->117M(241M) 147.007ms
[2020-08-08T11:47:28.325+0300][242.891s][debug][gc] GC(1710) Expanding ParOldGen from 130560K by 116736K to 247296K
[2020-08-08T11:47:28.325+0300][242.892s][info ][gc] GC(1710) Pause Full (Ergonomics) 117M->117M(355M) 379.380ms
[2020-08-08T11:47:28.400+0300][242.966s][info ][gc] GC(1711) Pause Young (Allocation Failure) 174M->174M(355M) 67.461ms
[2020-08-08T11:47:28.575+0300][243.141s][info ][gc] GC(1712) Pause Young (Allocation Failure) 232M->232M(355M) 165.608ms
[2020-08-08T11:47:28.892+0300][243.458s][debug][gc] GC(1713) Shrinking ParOldGen from 247296K by 19456K to 227840K
[2020-08-08T11:47:28.892+0300][243.458s][info ][gc] GC(1713) Pause Full (Ergonomics) 232M->98M(336M) 317.166ms
[2020-08-08T11:47:28.968+0300][243.534s][info ][gc] GC(1714) Pause Young (Allocation Failure) 156M->155M(336M) 65.478ms
[2020-08-08T11:47:28.990+0300][243.556s][debug][gc] GC(1715) Shrinking ParOldGen from 227840K by 84480K to 143360K
[2020-08-08T11:47:28.991+0300][243.556s][info ][gc] GC(1715) Pause Full (Ergonomics) 155M->22M(254M) 22.313ms
[2020-08-08T11:47:29.080+0300][243.646s][info ][gc] GC(1716) Pause Young (Allocation Failure) 79M->79M(254M) 78.961ms
[2020-08-08T11:47:29.232+0300][243.797s][info ][gc] GC(1717) Pause Young (Allocation Failure) 137M->136M(254M) 142.384ms
[2020-08-08T11:47:29.241+0300][243.807s][debug][gc] GC(1718) Shrinking ParOldGen from 143360K by 19968K to 123392K
[2020-08-08T11:47:29.241+0300][243.807s][info ][gc] GC(1718) Pause Full (Ergonomics) 136M->2M(234M) 9.433ms
[2020-08-08T11:47:29.313+0300][243.879s][info ][gc] GC(1719) Pause Young (Allocation Failure) 60M->59M(234M) 63.896ms
[2020-08-08T11:47:29.470+0300][244.036s][info ][gc] GC(1720) Pause Young (Allocation Failure) 117M->117M(234M) 147.557ms
[2020-08-08T11:47:29.850+0300][244.416s][debug][gc] GC(1721) Expanding ParOldGen from 123392K by 118272K to 241664K
[2020-08-08T11:47:29.850+0300][244.416s][info ][gc] GC(1721) Pause Full (Ergonomics) 117M->117M(350M) 379.742ms
[2020-08-08T11:47:29.931+0300][244.497s][info ][gc] GC(1722) Pause Young (Allocation Failure) 174M->174M(350M) 68.686ms
[2020-08-08T11:47:30.114+0300][244.679s][info ][gc] GC(1723) Pause Young (Allocation Failure) 232M->232M(350M) 171.224ms
[2020-08-08T11:47:30.434+0300][245.000s][debug][gc] GC(1724) Shrinking ParOldGen from 241664K by 18432K to 223232K
[2020-08-08T11:47:30.434+0300][245.000s][info ][gc] GC(1724) Pause Full (Ergonomics) 232M->98M(332M) 320.104ms
[2020-08-08T11:47:30.507+0300][245.073s][info ][gc] GC(1725) Pause Young (Allocation Failure) 156M->156M(332M) 64.558ms
[2020-08-08T11:47:30.530+0300][245.096s][debug][gc] GC(1726) Shrinking ParOldGen from 223232K by 83968K to 139264K
[2020-08-08T11:47:30.530+0300][245.096s][info ][gc] GC(1726) Pause Full (Ergonomics) 156M->22M(250M) 23.057ms
[2020-08-08T11:47:30.621+0300][245.186s][info ][gc] GC(1727) Pause Young (Allocation Failure) 79M->79M(250M) 79.190ms
[2020-08-08T11:47:30.774+0300][245.340s][info ][gc] GC(1728) Pause Young (Allocation Failure) 136M->136M(250M) 143.490ms
[2020-08-08T11:47:30.783+0300][245.349s][debug][gc] GC(1729) Shrinking ParOldGen from 139264K by 19456K to 119808K
[2020-08-08T11:47:30.784+0300][245.349s][info ][gc] GC(1729) Pause Full (Ergonomics) 136M->2M(231M) 9.144ms
[2020-08-08T11:47:30.860+0300][245.425s][info ][gc] GC(1730) Pause Young (Allocation Failure) 60M->59M(231M) 64.384ms
[2020-08-08T11:47:31.018+0300][245.584s][info ][gc] GC(1731) Pause Young (Allocation Failure) 117M->117M(231M) 148.841ms
[2020-08-08T11:47:31.401+0300][245.967s][debug][gc] GC(1732) Expanding ParOldGen from 119808K by 118272K to 238080K
[2020-08-08T11:47:31.401+0300][245.967s][info ][gc] GC(1732) Pause Full (Ergonomics) 117M->117M(346M) 383.595ms
[2020-08-08T11:47:31.505+0300][246.071s][info ][gc] GC(1733) Pause Young (Allocation Failure) 174M->174M(346M) 96.077ms
[2020-08-08T11:47:31.688+0300][246.254s][info ][gc] GC(1734) Pause Young (Allocation Failure) 232M->232M(346M) 172.944ms
[2020-08-08T11:47:32.008+0300][246.574s][debug][gc] GC(1735) Shrinking ParOldGen from 238080K by 17408K to 220672K
[2020-08-08T11:47:32.008+0300][246.574s][info ][gc] GC(1735) Pause Full (Ergonomics) 232M->98M(329M) 319.935ms
[2020-08-08T11:47:32.084+0300][246.650s][info ][gc] GC(1736) Pause Young (Allocation Failure) 156M->155M(329M) 64.836ms
[2020-08-08T11:47:32.106+0300][246.672s][debug][gc] GC(1737) Shrinking ParOldGen from 220672K by 83968K to 136704K
[2020-08-08T11:47:32.106+0300][246.672s][info ][gc] GC(1737) Pause Full (Ergonomics) 155M->22M(247M) 22.030ms
[2020-08-08T11:47:32.198+0300][246.764s][info ][gc] GC(1738) Pause Young (Allocation Failure) 79M->79M(247M) 78.266ms
[2020-08-08T11:47:32.349+0300][246.915s][info ][gc] GC(1739) Pause Young (Allocation Failure) 137M->136M(247M) 142.217ms
[2020-08-08T11:47:32.359+0300][246.924s][debug][gc] GC(1740) Shrinking ParOldGen from 136704K by 18944K to 117760K
[2020-08-08T11:47:32.359+0300][246.924s][info ][gc] GC(1740) Pause Full (Ergonomics) 136M->2M(229M) 9.689ms
[2020-08-08T11:47:32.432+0300][246.997s][info ][gc] GC(1741) Pause Young (Allocation Failure) 60M->59M(229M) 63.577ms
[2020-08-08T11:47:32.591+0300][247.157s][info ][gc] GC(1742) Pause Young (Allocation Failure) 117M->117M(229M) 149.225ms
[2020-08-08T11:47:32.973+0300][247.539s][debug][gc] GC(1743) Expanding ParOldGen from 117760K by 116736K to 234496K
[2020-08-08T11:47:32.973+0300][247.539s][info ][gc] GC(1743) Pause Full (Ergonomics) 117M->117M(343M) 382.209ms
[2020-08-08T11:47:33.085+0300][247.650s][info ][gc] GC(1744) Pause Young (Allocation Failure) 174M->174M(343M) 100.105ms
[2020-08-08T11:47:33.266+0300][247.832s][info ][gc] GC(1745) Pause Young (Allocation Failure) 232M->232M(343M) 171.660ms
[2020-08-08T11:47:33.586+0300][248.152s][debug][gc] GC(1746) Shrinking ParOldGen from 234496K by 15360K to 219136K
[2020-08-08T11:47:33.586+0300][248.152s][info ][gc] GC(1746) Pause Full (Ergonomics) 232M->98M(328M) 319.837ms
[2020-08-08T11:47:33.660+0300][248.226s][info ][gc] GC(1747) Pause Young (Allocation Failure) 156M->156M(328M) 66.384ms
[2020-08-08T11:47:33.683+0300][248.249s][debug][gc] GC(1748) Shrinking ParOldGen from 219136K by 83968K to 135168K
[2020-08-08T11:47:33.683+0300][248.249s][info ][gc] GC(1748) Pause Full (Ergonomics) 156M->22M(246M) 23.338ms
[2020-08-08T11:47:33.778+0300][248.344s][info ][gc] GC(1749) Pause Young (Allocation Failure) 80M->79M(246M) 80.025ms
[2020-08-08T11:47:33.931+0300][248.497s][info ][gc] GC(1750) Pause Young (Allocation Failure) 136M->136M(246M) 141.962ms
[2020-08-08T11:47:33.940+0300][248.506s][debug][gc] GC(1751) Shrinking ParOldGen from 135168K by 18432K to 116736K
[2020-08-08T11:47:33.940+0300][248.506s][info ][gc] GC(1751) Pause Full (Ergonomics) 136M->2M(228M) 9.385ms
[2020-08-08T11:47:34.012+0300][248.578s][info ][gc] GC(1752) Pause Young (Allocation Failure) 60M->59M(228M) 63.160ms
[2020-08-08T11:47:34.169+0300][248.735s][info ][gc] GC(1753) Pause Young (Allocation Failure) 117M->117M(228M) 146.717ms
[2020-08-08T11:47:34.550+0300][249.116s][debug][gc] GC(1754) Expanding ParOldGen from 116736K by 116224K to 232960K
[2020-08-08T11:47:34.550+0300][249.116s][info ][gc] GC(1754) Pause Full (Ergonomics) 117M->117M(341M) 380.689ms
[2020-08-08T11:47:34.657+0300][249.223s][info ][gc] GC(1755) Pause Young (Allocation Failure) 174M->174M(341M) 99.584ms
[2020-08-08T11:47:34.839+0300][249.405s][info ][gc] GC(1756) Pause Young (Allocation Failure) 232M->232M(341M) 173.105ms
[2020-08-08T11:47:35.154+0300][249.719s][debug][gc] GC(1757) Shrinking ParOldGen from 232960K by 14848K to 218112K
[2020-08-08T11:47:35.154+0300][249.719s][info ][gc] GC(1757) Pause Full (Ergonomics) 232M->98M(327M) 314.485ms
[2020-08-08T11:47:35.230+0300][249.796s][info ][gc] GC(1758) Pause Young (Allocation Failure) 156M->156M(327M) 65.759ms
[2020-08-08T11:47:35.388+0300][249.954s][info ][gc] GC(1759) Pause Young (Allocation Failure) 213M->213M(327M) 147.730ms
[2020-08-08T11:47:35.629+0300][250.195s][debug][gc] GC(1760) Shrinking ParOldGen from 218112K by 17920K to 200192K
[2020-08-08T11:47:35.629+0300][250.195s][info ][gc] GC(1760) Pause Full (Ergonomics) 213M->79M(309M) 241.466ms
[2020-08-08T11:47:35.715+0300][250.281s][info ][gc] GC(1761) Pause Young (Allocation Failure) 136M->136M(309M) 76.566ms
[2020-08-08T11:47:35.863+0300][250.429s][info ][gc] GC(1762) Pause Young (Allocation Failure) 193M->193M(309M) 137.656ms
[2020-08-08T11:47:36.026+0300][250.592s][debug][gc] GC(1763) Shrinking ParOldGen from 200192K by 19456K to 180736K
[2020-08-08T11:47:36.026+0300][250.592s][info ][gc] GC(1763) Pause Full (Ergonomics) 193M->59M(290M) 162.684ms
[2020-08-08T11:47:36.114+0300][250.680s][info ][gc] GC(1764) Pause Young (Allocation Failure) 117M->117M(290M) 77.936ms
[2020-08-08T11:47:36.253+0300][250.819s][info ][gc] GC(1765) Pause Young (Allocation Failure) 174M->174M(290M) 131.656ms
[2020-08-08T11:47:36.348+0300][250.914s][debug][gc] GC(1766) Shrinking ParOldGen from 180736K by 18432K to 162304K
[2020-08-08T11:47:36.348+0300][250.914s][info ][gc] GC(1766) Pause Full (Ergonomics) 174M->41M(272M) 94.798ms
[2020-08-08T11:47:36.438+0300][251.004s][info ][gc] GC(1767) Pause Young (Allocation Failure) 98M->98M(272M) 79.278ms
[2020-08-08T11:47:36.574+0300][251.140s][info ][gc] GC(1768) Pause Young (Allocation Failure) 156M->156M(272M) 128.703ms
[2020-08-08T11:47:36.595+0300][251.161s][debug][gc] GC(1769) Shrinking ParOldGen from 162304K by 11264K to 151040K
[2020-08-08T11:47:36.595+0300][251.161s][info ][gc] GC(1769) Pause Full (Ergonomics) 156M->22M(261M) 20.963ms
[2020-08-08T11:47:36.685+0300][251.250s][info ][gc] GC(1770) Pause Young (Allocation Failure) 80M->80M(261M) 77.340ms
[2020-08-08T11:47:36.838+0300][251.404s][info ][gc] GC(1771) Pause Young (Allocation Failure) 136M->136M(261M) 144.271ms
[2020-08-08T11:47:36.848+0300][251.414s][debug][gc] GC(1772) Shrinking ParOldGen from 151040K by 21504K to 129536K
[2020-08-08T11:47:36.848+0300][251.414s][info ][gc] GC(1772) Pause Full (Ergonomics) 136M->2M(240M) 9.705ms
[2020-08-08T11:47:36.926+0300][251.491s][info ][gc] GC(1773) Pause Young (Allocation Failure) 60M->59M(240M) 64.915ms
[2020-08-08T11:47:37.086+0300][251.652s][info ][gc] GC(1774) Pause Young (Allocation Failure) 117M->117M(240M) 150.184ms
[2020-08-08T11:47:37.468+0300][252.034s][debug][gc] GC(1775) Expanding ParOldGen from 129536K by 116736K to 246272K
[2020-08-08T11:47:37.468+0300][252.034s][info ][gc] GC(1775) Pause Full (Ergonomics) 117M->117M(354M) 381.612ms
[2020-08-08T11:47:37.544+0300][252.110s][info ][gc] GC(1776) Pause Young (Allocation Failure) 174M->174M(354M) 67.414ms
[2020-08-08T11:47:37.721+0300][252.287s][info ][gc] GC(1777) Pause Young (Allocation Failure) 232M->232M(354M) 167.460ms
[2020-08-08T11:47:38.038+0300][252.604s][debug][gc] GC(1778) Shrinking ParOldGen from 246272K by 19456K to 226816K
[2020-08-08T11:47:38.038+0300][252.604s][info ][gc] GC(1778) Pause Full (Ergonomics) 232M->98M(335M) 316.634ms
[2020-08-08T11:47:38.115+0300][252.681s][info ][gc] GC(1779) Pause Young (Allocation Failure) 156M->155M(335M) 66.360ms
[2020-08-08T11:47:38.138+0300][252.704s][debug][gc] GC(1780) Shrinking ParOldGen from 226816K by 83968K to 142848K
[2020-08-08T11:47:38.138+0300][252.704s][info ][gc] GC(1780) Pause Full (Ergonomics) 155M->22M(253M) 22.668ms
[2020-08-08T11:47:38.226+0300][252.792s][info ][gc] GC(1781) Pause Young (Allocation Failure) 79M->79M(253M) 77.085ms
[2020-08-08T11:47:38.382+0300][252.948s][info ][gc] GC(1782) Pause Young (Allocation Failure) 137M->136M(253M) 146.010ms
[2020-08-08T11:47:38.392+0300][252.957s][debug][gc] GC(1783) Shrinking ParOldGen from 142848K by 19968K to 122880K
[2020-08-08T11:47:38.392+0300][252.958s][info ][gc] GC(1783) Pause Full (Ergonomics) 136M->2M(234M) 9.372ms
[2020-08-08T11:47:38.463+0300][253.029s][info ][gc] GC(1784) Pause Young (Allocation Failure) 60M->59M(234M) 63.420ms
[2020-08-08T11:47:38.622+0300][253.188s][info ][gc] GC(1785) Pause Young (Allocation Failure) 117M->117M(234M) 149.221ms
[2020-08-08T11:47:39.003+0300][253.569s][debug][gc] GC(1786) Expanding ParOldGen from 122880K by 118272K to 241152K
[2020-08-08T11:47:39.003+0300][253.569s][info ][gc] GC(1786) Pause Full (Ergonomics) 117M->117M(349M) 380.925ms
[2020-08-08T11:47:39.084+0300][253.650s][info ][gc] GC(1787) Pause Young (Allocation Failure) 174M->174M(349M) 70.152ms
[2020-08-08T11:47:39.262+0300][253.828s][info ][gc] GC(1788) Pause Young (Allocation Failure) 232M->232M(349M) 168.404ms
[2020-08-08T11:47:39.584+0300][254.150s][debug][gc] GC(1789) Shrinking ParOldGen from 241152K by 18432K to 222720K
[2020-08-08T11:47:39.584+0300][254.150s][info ][gc] GC(1789) Pause Full (Ergonomics) 232M->98M(331M) 321.532ms
[2020-08-08T11:47:39.659+0300][254.225s][info ][gc] GC(1790) Pause Young (Allocation Failure) 156M->156M(331M) 67.618ms
[2020-08-08T11:47:39.683+0300][254.248s][debug][gc] GC(1791) Shrinking ParOldGen from 222720K by 83968K to 138752K
[2020-08-08T11:47:39.683+0300][254.249s][info ][gc] GC(1791) Pause Full (Ergonomics) 156M->22M(249M) 23.465ms
[2020-08-08T11:47:39.775+0300][254.341s][info ][gc] GC(1792) Pause Young (Allocation Failure) 80M->79M(249M) 81.483ms
[2020-08-08T11:47:39.934+0300][254.500s][info ][gc] GC(1793) Pause Young (Allocation Failure) 136M->136M(249M) 148.047ms
[2020-08-08T11:47:39.944+0300][254.510s][debug][gc] GC(1794) Shrinking ParOldGen from 138752K by 18944K to 119808K
[2020-08-08T11:47:39.944+0300][254.510s][info ][gc] GC(1794) Pause Full (Ergonomics) 136M->2M(231M) 9.814ms
[2020-08-08T11:47:40.018+0300][254.584s][info ][gc] GC(1795) Pause Young (Allocation Failure) 60M->59M(231M) 63.869ms
[2020-08-08T11:47:40.176+0300][254.741s][info ][gc] GC(1796) Pause Young (Allocation Failure) 117M->117M(231M) 148.769ms
[2020-08-08T11:47:40.560+0300][255.126s][debug][gc] GC(1797) Expanding ParOldGen from 119808K by 118272K to 238080K
[2020-08-08T11:47:40.560+0300][255.126s][info ][gc] GC(1797) Pause Full (Ergonomics) 117M->117M(346M) 384.538ms
[2020-08-08T11:47:40.665+0300][255.231s][info ][gc] GC(1798) Pause Young (Allocation Failure) 174M->174M(346M) 96.397ms
[2020-08-08T11:47:40.844+0300][255.410s][info ][gc] GC(1799) Pause Young (Allocation Failure) 232M->232M(346M) 169.755ms
[2020-08-08T11:47:41.161+0300][255.727s][debug][gc] GC(1800) Shrinking ParOldGen from 238080K by 17408K to 220672K
[2020-08-08T11:47:41.161+0300][255.727s][info ][gc] GC(1800) Pause Full (Ergonomics) 232M->98M(329M) 316.614ms
[2020-08-08T11:47:41.236+0300][255.802s][info ][gc] GC(1801) Pause Young (Allocation Failure) 156M->155M(329M) 64.916ms
[2020-08-08T11:47:41.259+0300][255.825s][debug][gc] GC(1802) Shrinking ParOldGen from 220672K by 83968K to 136704K
[2020-08-08T11:47:41.259+0300][255.825s][info ][gc] GC(1802) Pause Full (Ergonomics) 155M->22M(247M) 22.521ms
[2020-08-08T11:47:41.349+0300][255.915s][info ][gc] GC(1803) Pause Young (Allocation Failure) 79M->79M(247M) 78.350ms
[2020-08-08T11:47:41.502+0300][256.068s][info ][gc] GC(1804) Pause Young (Allocation Failure) 137M->136M(247M) 143.307ms
[2020-08-08T11:47:41.512+0300][256.078s][debug][gc] GC(1805) Shrinking ParOldGen from 136704K by 18944K to 117760K
[2020-08-08T11:47:41.512+0300][256.078s][info ][gc] GC(1805) Pause Full (Ergonomics) 136M->2M(229M) 9.376ms
[2020-08-08T11:47:41.585+0300][256.150s][info ][gc] GC(1806) Pause Young (Allocation Failure) 60M->59M(229M) 63.456ms
[2020-08-08T11:47:41.743+0300][256.309s][info ][gc] GC(1807) Pause Young (Allocation Failure) 117M->117M(229M) 148.842ms
[2020-08-08T11:47:42.125+0300][256.691s][debug][gc] GC(1808) Expanding ParOldGen from 117760K by 116736K to 234496K
[2020-08-08T11:47:42.125+0300][256.691s][info ][gc] GC(1808) Pause Full (Ergonomics) 117M->117M(343M) 382.260ms
[2020-08-08T11:47:42.237+0300][256.803s][info ][gc] GC(1809) Pause Young (Allocation Failure) 174M->174M(343M) 100.626ms
[2020-08-08T11:47:42.419+0300][256.984s][info ][gc] GC(1810) Pause Young (Allocation Failure) 232M->232M(343M) 170.972ms
[2020-08-08T11:47:42.736+0300][257.302s][debug][gc] GC(1811) Shrinking ParOldGen from 234496K by 15360K to 219136K
[2020-08-08T11:47:42.736+0300][257.302s][info ][gc] GC(1811) Pause Full (Ergonomics) 232M->98M(328M) 317.387ms
[2020-08-08T11:47:42.810+0300][257.375s][info ][gc] GC(1812) Pause Young (Allocation Failure) 156M->156M(328M) 65.168ms
[2020-08-08T11:47:42.833+0300][257.399s][debug][gc] GC(1813) Shrinking ParOldGen from 219136K by 83968K to 135168K
[2020-08-08T11:47:42.833+0300][257.399s][info ][gc] GC(1813) Pause Full (Ergonomics) 156M->22M(246M) 23.474ms
[2020-08-08T11:47:42.928+0300][257.494s][info ][gc] GC(1814) Pause Young (Allocation Failure) 80M->79M(246M) 79.901ms
[2020-08-08T11:47:43.086+0300][257.651s][info ][gc] GC(1815) Pause Young (Allocation Failure) 136M->136M(246M) 144.572ms
[2020-08-08T11:47:43.095+0300][257.661s][debug][gc] GC(1816) Shrinking ParOldGen from 135168K by 18432K to 116736K
[2020-08-08T11:47:43.095+0300][257.661s][info ][gc] GC(1816) Pause Full (Ergonomics) 136M->2M(228M) 9.418ms
[2020-08-08T11:47:43.169+0300][257.734s][info ][gc] GC(1817) Pause Young (Allocation Failure) 60M->59M(228M) 63.308ms
[2020-08-08T11:47:43.327+0300][257.893s][info ][gc] GC(1818) Pause Young (Allocation Failure) 117M->117M(228M) 148.486ms
[2020-08-08T11:47:43.710+0300][258.276s][debug][gc] GC(1819) Expanding ParOldGen from 116736K by 116224K to 232960K
[2020-08-08T11:47:43.710+0300][258.276s][info ][gc] GC(1819) Pause Full (Ergonomics) 117M->117M(341M) 383.402ms
[2020-08-08T11:47:43.818+0300][258.384s][info ][gc] GC(1820) Pause Young (Allocation Failure) 174M->174M(341M) 100.350ms
[2020-08-08T11:47:44.000+0300][258.566s][info ][gc] GC(1821) Pause Young (Allocation Failure) 232M->232M(341M) 170.629ms
[2020-08-08T11:47:44.317+0300][258.883s][debug][gc] GC(1822) Shrinking ParOldGen from 232960K by 14848K to 218112K
[2020-08-08T11:47:44.317+0300][258.883s][info ][gc] GC(1822) Pause Full (Ergonomics) 232M->98M(327M) 316.583ms
[2020-08-08T11:47:44.389+0300][258.955s][info ][gc] GC(1823) Pause Young (Allocation Failure) 156M->156M(327M) 63.952ms
[2020-08-08T11:47:44.546+0300][259.112s][info ][gc] GC(1824) Pause Young (Allocation Failure) 213M->213M(327M) 147.231ms
[2020-08-08T11:47:44.789+0300][259.354s][debug][gc] GC(1825) Shrinking ParOldGen from 218112K by 17920K to 200192K
[2020-08-08T11:47:44.789+0300][259.355s][info ][gc] GC(1825) Pause Full (Ergonomics) 213M->79M(309M) 242.476ms
[2020-08-08T11:47:44.877+0300][259.443s][info ][gc] GC(1826) Pause Young (Allocation Failure) 136M->136M(309M) 77.416ms
[2020-08-08T11:47:45.025+0300][259.591s][info ][gc] GC(1827) Pause Young (Allocation Failure) 193M->193M(309M) 136.537ms
[2020-08-08T11:47:45.188+0300][259.754s][debug][gc] GC(1828) Shrinking ParOldGen from 200192K by 19968K to 180224K
[2020-08-08T11:47:45.189+0300][259.754s][info ][gc] GC(1828) Pause Full (Ergonomics) 193M->59M(290M) 163.614ms
[2020-08-08T11:47:45.276+0300][259.842s][info ][gc] GC(1829) Pause Young (Allocation Failure) 117M->117M(290M) 77.949ms
[2020-08-08T11:47:45.415+0300][259.981s][info ][gc] GC(1830) Pause Young (Allocation Failure) 174M->174M(290M) 131.795ms
[2020-08-08T11:47:45.509+0300][260.075s][debug][gc] GC(1831) Shrinking ParOldGen from 180224K by 17920K to 162304K
[2020-08-08T11:47:45.509+0300][260.075s][info ][gc] GC(1831) Pause Full (Ergonomics) 174M->41M(272M) 93.698ms
[2020-08-08T11:47:45.598+0300][260.164s][info ][gc] GC(1832) Pause Young (Allocation Failure) 98M->98M(272M) 78.147ms
[2020-08-08T11:47:45.735+0300][260.301s][info ][gc] GC(1833) Pause Young (Allocation Failure) 156M->156M(272M) 129.834ms
[2020-08-08T11:47:45.756+0300][260.322s][debug][gc] GC(1834) Shrinking ParOldGen from 162304K by 11264K to 151040K
[2020-08-08T11:47:45.756+0300][260.322s][info ][gc] GC(1834) Pause Full (Ergonomics) 156M->22M(261M) 21.180ms
[2020-08-08T11:47:45.845+0300][260.411s][info ][gc] GC(1835) Pause Young (Allocation Failure) 80M->80M(261M) 78.033ms
[2020-08-08T11:47:45.999+0300][260.564s][info ][gc] GC(1836) Pause Young (Allocation Failure) 136M->136M(261M) 142.439ms
[2020-08-08T11:47:46.008+0300][260.574s][debug][gc] GC(1837) Shrinking ParOldGen from 151040K by 21504K to 129536K
[2020-08-08T11:47:46.008+0300][260.574s][info ][gc] GC(1837) Pause Full (Ergonomics) 136M->2M(240M) 9.547ms
[2020-08-08T11:47:46.082+0300][260.648s][info ][gc] GC(1838) Pause Young (Allocation Failure) 60M->59M(240M) 64.259ms
[2020-08-08T11:47:46.239+0300][260.805s][info ][gc] GC(1839) Pause Young (Allocation Failure) 117M->117M(240M) 147.869ms
[2020-08-08T11:47:46.620+0300][261.186s][debug][gc] GC(1840) Expanding ParOldGen from 129536K by 116736K to 246272K
[2020-08-08T11:47:46.620+0300][261.186s][info ][gc] GC(1840) Pause Full (Ergonomics) 117M->117M(354M) 381.056ms
[2020-08-08T11:47:46.695+0300][261.261s][info ][gc] GC(1841) Pause Young (Allocation Failure) 174M->174M(354M) 67.259ms
[2020-08-08T11:47:46.870+0300][261.436s][info ][gc] GC(1842) Pause Young (Allocation Failure) 232M->232M(354M) 165.914ms
[2020-08-08T11:47:47.187+0300][261.752s][debug][gc] GC(1843) Shrinking ParOldGen from 246272K by 19456K to 226816K
[2020-08-08T11:47:47.187+0300][261.753s][info ][gc] GC(1843) Pause Full (Ergonomics) 232M->98M(335M) 316.360ms
[2020-08-08T11:47:47.262+0300][261.828s][info ][gc] GC(1844) Pause Young (Allocation Failure) 156M->155M(335M) 65.029ms
[2020-08-08T11:47:47.285+0300][261.851s][debug][gc] GC(1845) Shrinking ParOldGen from 226816K by 83968K to 142848K
[2020-08-08T11:47:47.285+0300][261.851s][info ][gc] GC(1845) Pause Full (Ergonomics) 155M->22M(253M) 22.805ms
[2020-08-08T11:47:47.375+0300][261.941s][info ][gc] GC(1846) Pause Young (Allocation Failure) 79M->79M(253M) 78.861ms
[2020-08-08T11:47:47.525+0300][262.091s][info ][gc] GC(1847) Pause Young (Allocation Failure) 137M->136M(253M) 141.000ms
[2020-08-08T11:47:47.535+0300][262.101s][debug][gc] GC(1848) Shrinking ParOldGen from 142848K by 19968K to 122880K
[2020-08-08T11:47:47.535+0300][262.101s][info ][gc] GC(1848) Pause Full (Ergonomics) 136M->2M(234M) 9.771ms
[2020-08-08T11:47:47.609+0300][262.175s][info ][gc] GC(1849) Pause Young (Allocation Failure) 60M->59M(234M) 65.585ms
[2020-08-08T11:47:47.765+0300][262.331s][info ][gc] GC(1850) Pause Young (Allocation Failure) 117M->117M(234M) 146.078ms
[2020-08-08T11:47:48.144+0300][262.710s][debug][gc] GC(1851) Expanding ParOldGen from 122880K by 118272K to 241152K
[2020-08-08T11:47:48.144+0300][262.710s][info ][gc] GC(1851) Pause Full (Ergonomics) 117M->117M(349M) 378.892ms
[2020-08-08T11:47:48.223+0300][262.789s][info ][gc] GC(1852) Pause Young (Allocation Failure) 174M->174M(349M) 67.796ms
[2020-08-08T11:47:48.402+0300][262.968s][info ][gc] GC(1853) Pause Young (Allocation Failure) 232M->232M(349M) 168.958ms
[2020-08-08T11:47:48.722+0300][263.288s][debug][gc] GC(1854) Shrinking ParOldGen from 241152K by 18432K to 222720K
[2020-08-08T11:47:48.723+0300][263.288s][info ][gc] GC(1854) Pause Full (Ergonomics) 232M->98M(331M) 320.683ms
[2020-08-08T11:47:48.795+0300][263.361s][info ][gc] GC(1855) Pause Young (Allocation Failure) 156M->156M(331M) 64.502ms
[2020-08-08T11:47:48.818+0300][263.384s][debug][gc] GC(1856) Shrinking ParOldGen from 222720K by 83968K to 138752K
[2020-08-08T11:47:48.819+0300][263.384s][info ][gc] GC(1856) Pause Full (Ergonomics) 156M->22M(249M) 23.491ms
[2020-08-08T11:47:48.908+0300][263.474s][info ][gc] GC(1857) Pause Young (Allocation Failure) 80M->79M(249M) 78.667ms
[2020-08-08T11:47:49.064+0300][263.629s][info ][gc] GC(1858) Pause Young (Allocation Failure) 136M->136M(249M) 144.558ms
[2020-08-08T11:47:49.073+0300][263.638s][debug][gc] GC(1859) Shrinking ParOldGen from 138752K by 18944K to 119808K
[2020-08-08T11:47:49.073+0300][263.639s][info ][gc] GC(1859) Pause Full (Ergonomics) 136M->2M(231M) 9.154ms
[2020-08-08T11:47:49.145+0300][263.711s][info ][gc] GC(1860) Pause Young (Allocation Failure) 60M->59M(231M) 62.902ms
[2020-08-08T11:47:49.302+0300][263.868s][info ][gc] GC(1861) Pause Young (Allocation Failure) 117M->117M(231M) 147.688ms
[2020-08-08T11:47:49.689+0300][264.255s][debug][gc] GC(1862) Expanding ParOldGen from 119808K by 118272K to 238080K
[2020-08-08T11:47:49.689+0300][264.255s][info ][gc] GC(1862) Pause Full (Ergonomics) 117M->117M(346M) 386.993ms
[2020-08-08T11:47:49.792+0300][264.358s][info ][gc] GC(1863) Pause Young (Allocation Failure) 174M->174M(346M) 94.449ms
[2020-08-08T11:47:49.972+0300][264.538s][info ][gc] GC(1864) Pause Young (Allocation Failure) 232M->232M(346M) 170.051ms
[2020-08-08T11:47:50.288+0300][264.854s][debug][gc] GC(1865) Shrinking ParOldGen from 238080K by 17408K to 220672K
[2020-08-08T11:47:50.289+0300][264.854s][info ][gc] GC(1865) Pause Full (Ergonomics) 232M->98M(329M) 316.254ms
[2020-08-08T11:47:50.365+0300][264.930s][info ][gc] GC(1866) Pause Young (Allocation Failure) 156M->155M(329M) 66.045ms
[2020-08-08T11:47:50.389+0300][264.954s][debug][gc] GC(1867) Shrinking ParOldGen from 220672K by 83968K to 136704K
[2020-08-08T11:47:50.389+0300][264.954s][info ][gc] GC(1867) Pause Full (Ergonomics) 155M->22M(247M) 23.699ms
[2020-08-08T11:47:50.481+0300][265.046s][info ][gc] GC(1868) Pause Young (Allocation Failure) 79M->79M(247M) 79.421ms
[2020-08-08T11:47:50.635+0300][265.200s][info ][gc] GC(1869) Pause Young (Allocation Failure) 137M->136M(247M) 143.340ms
[2020-08-08T11:47:50.644+0300][265.209s][debug][gc] GC(1870) Shrinking ParOldGen from 136704K by 18944K to 117760K
[2020-08-08T11:47:50.644+0300][265.209s][info ][gc] GC(1870) Pause Full (Ergonomics) 136M->2M(229M) 9.211ms
[2020-08-08T11:47:50.718+0300][265.283s][info ][gc] GC(1871) Pause Young (Allocation Failure) 60M->59M(229M) 65.079ms
[2020-08-08T11:47:50.878+0300][265.443s][info ][gc] GC(1872) Pause Young (Allocation Failure) 117M->117M(229M) 150.269ms
[2020-08-08T11:47:51.261+0300][265.826s][debug][gc] GC(1873) Expanding ParOldGen from 117760K by 116736K to 234496K
[2020-08-08T11:47:51.261+0300][265.826s][info ][gc] GC(1873) Pause Full (Ergonomics) 117M->117M(343M) 383.233ms
[2020-08-08T11:47:51.370+0300][265.936s][info ][gc] GC(1874) Pause Young (Allocation Failure) 174M->174M(343M) 98.229ms
[2020-08-08T11:47:51.552+0300][266.117s][info ][gc] GC(1875) Pause Young (Allocation Failure) 232M->232M(343M) 171.640ms
[2020-08-08T11:47:51.874+0300][266.439s][debug][gc] GC(1876) Shrinking ParOldGen from 234496K by 15360K to 219136K
[2020-08-08T11:47:51.874+0300][266.440s][info ][gc] GC(1876) Pause Full (Ergonomics) 232M->98M(328M) 322.445ms
[2020-08-08T11:47:51.948+0300][266.514s][info ][gc] GC(1877) Pause Young (Allocation Failure) 156M->156M(328M) 66.537ms
[2020-08-08T11:47:51.974+0300][266.540s][debug][gc] GC(1878) Shrinking ParOldGen from 219136K by 83968K to 135168K
[2020-08-08T11:47:51.974+0300][266.540s][info ][gc] GC(1878) Pause Full (Ergonomics) 156M->22M(246M) 26.008ms
[2020-08-08T11:47:52.078+0300][266.643s][info ][gc] GC(1879) Pause Young (Allocation Failure) 80M->79M(246M) 85.612ms
[2020-08-08T11:47:52.232+0300][266.798s][info ][gc] GC(1880) Pause Young (Allocation Failure) 137M->136M(246M) 143.332ms
[2020-08-08T11:47:52.242+0300][266.807s][debug][gc] GC(1881) Shrinking ParOldGen from 135168K by 18432K to 116736K
[2020-08-08T11:47:52.242+0300][266.808s][info ][gc] GC(1881) Pause Full (Ergonomics) 136M->2M(228M) 9.573ms
[2020-08-08T11:47:52.316+0300][266.882s][info ][gc] GC(1882) Pause Young (Allocation Failure) 60M->59M(228M) 65.293ms
[2020-08-08T11:47:52.475+0300][267.040s][info ][gc] GC(1883) Pause Young (Allocation Failure) 117M->117M(228M) 148.210ms
[2020-08-08T11:47:52.858+0300][267.423s][debug][gc] GC(1884) Expanding ParOldGen from 116736K by 116224K to 232960K
[2020-08-08T11:47:52.858+0300][267.424s][info ][gc] GC(1884) Pause Full (Ergonomics) 117M->117M(341M) 383.483ms
[2020-08-08T11:47:52.966+0300][267.531s][info ][gc] GC(1885) Pause Young (Allocation Failure) 174M->174M(341M) 99.980ms
[2020-08-08T11:47:53.150+0300][267.716s][info ][gc] GC(1886) Pause Young (Allocation Failure) 232M->232M(341M) 171.781ms
[2020-08-08T11:47:53.467+0300][268.033s][debug][gc] GC(1887) Shrinking ParOldGen from 232960K by 14848K to 218112K
[2020-08-08T11:47:53.467+0300][268.033s][info ][gc] GC(1887) Pause Full (Ergonomics) 232M->98M(327M) 316.946ms
[2020-08-08T11:47:53.540+0300][268.106s][info ][gc] GC(1888) Pause Young (Allocation Failure) 156M->156M(327M) 64.716ms
[2020-08-08T11:47:53.564+0300][268.130s][debug][gc] GC(1889) Shrinking ParOldGen from 218112K by 83968K to 134144K
[2020-08-08T11:47:53.564+0300][268.130s][info ][gc] GC(1889) Pause Full (Ergonomics) 156M->22M(245M) 23.802ms
[2020-08-08T11:47:53.655+0300][268.220s][info ][gc] GC(1890) Pause Young (Allocation Failure) 80M->79M(245M) 78.430ms
[2020-08-08T11:47:53.805+0300][268.371s][info ][gc] GC(1891) Pause Young (Allocation Failure) 136M->136M(245M) 141.486ms
[2020-08-08T11:47:53.815+0300][268.381s][debug][gc] GC(1892) Shrinking ParOldGen from 134144K by 17920K to 116224K
[2020-08-08T11:47:53.815+0300][268.381s][info ][gc] GC(1892) Pause Full (Ergonomics) 136M->2M(227M) 9.679ms
[2020-08-08T11:47:53.886+0300][268.452s][info ][gc] GC(1893) Pause Young (Allocation Failure) 60M->59M(227M) 63.091ms
[2020-08-08T11:47:54.046+0300][268.612s][info ][gc] GC(1894) Pause Young (Allocation Failure) 117M->117M(227M) 147.201ms
[2020-08-08T11:47:54.428+0300][268.994s][debug][gc] GC(1895) Expanding ParOldGen from 116224K by 115200K to 231424K
[2020-08-08T11:47:54.428+0300][268.994s][info ][gc] GC(1895) Pause Full (Ergonomics) 117M->117M(340M) 381.863ms
[2020-08-08T11:47:54.541+0300][269.106s][info ][gc] GC(1896) Pause Young (Allocation Failure) 174M->174M(340M) 101.395ms
[2020-08-08T11:47:54.725+0300][269.290s][info ][gc] GC(1897) Pause Young (Allocation Failure) 232M->232M(340M) 173.285ms
[2020-08-08T11:47:55.051+0300][269.617s][debug][gc] GC(1898) Shrinking ParOldGen from 231424K by 13824K to 217600K
[2020-08-08T11:47:55.051+0300][269.617s][info ][gc] GC(1898) Pause Full (Ergonomics) 232M->98M(326M) 326.723ms
[2020-08-08T11:47:55.127+0300][269.693s][info ][gc] GC(1899) Pause Young (Allocation Failure) 156M->155M(326M) 65.552ms
[2020-08-08T11:47:55.151+0300][269.716s][debug][gc] GC(1900) Shrinking ParOldGen from 217600K by 83968K to 133632K
[2020-08-08T11:47:55.151+0300][269.717s][info ][gc] GC(1900) Pause Full (Ergonomics) 155M->22M(244M) 23.640ms
[2020-08-08T11:47:55.241+0300][269.806s][info ][gc] GC(1901) Pause Young (Allocation Failure) 79M->79M(244M) 79.065ms
[2020-08-08T11:47:55.393+0300][269.959s][info ][gc] GC(1902) Pause Young (Allocation Failure) 137M->136M(244M) 142.690ms
[2020-08-08T11:47:55.403+0300][269.968s][debug][gc] GC(1903) Shrinking ParOldGen from 133632K by 17920K to 115712K
[2020-08-08T11:47:55.403+0300][269.968s][info ][gc] GC(1903) Pause Full (Ergonomics) 136M->2M(227M) 9.552ms
[2020-08-08T11:47:55.476+0300][270.042s][info ][gc] GC(1904) Pause Young (Allocation Failure) 60M->59M(227M) 64.451ms
[2020-08-08T11:47:55.638+0300][270.204s][info ][gc] GC(1905) Pause Young (Allocation Failure) 117M->117M(227M) 150.631ms
[2020-08-08T11:47:56.021+0300][270.587s][debug][gc] GC(1906) Expanding ParOldGen from 115712K by 115200K to 230912K
[2020-08-08T11:47:56.021+0300][270.587s][info ][gc] GC(1906) Pause Full (Ergonomics) 117M->117M(339M) 383.108ms
[2020-08-08T11:47:56.133+0300][270.699s][info ][gc] GC(1907) Pause Young (Allocation Failure) 174M->174M(339M) 101.153ms
[2020-08-08T11:47:56.315+0300][270.880s][info ][gc] GC(1908) Pause Young (Allocation Failure) 232M->232M(339M) 172.130ms
[2020-08-08T11:47:56.634+0300][271.199s][debug][gc] GC(1909) Shrinking ParOldGen from 230912K by 13824K to 217088K
[2020-08-08T11:47:56.634+0300][271.199s][info ][gc] GC(1909) Pause Full (Ergonomics) 232M->98M(326M) 318.937ms
[2020-08-08T11:47:56.705+0300][271.270s][info ][gc] GC(1910) Pause Young (Allocation Failure) 156M->156M(326M) 63.383ms
[2020-08-08T11:47:56.730+0300][271.295s][debug][gc] GC(1911) Shrinking ParOldGen from 217088K by 83456K to 133632K
[2020-08-08T11:47:56.730+0300][271.295s][info ][gc] GC(1911) Pause Full (Ergonomics) 156M->22M(244M) 24.630ms
[2020-08-08T11:47:56.821+0300][271.387s][info ][gc] GC(1912) Pause Young (Allocation Failure) 80M->79M(244M) 79.554ms
[2020-08-08T11:47:56.971+0300][271.536s][info ][gc] GC(1913) Pause Young (Allocation Failure) 136M->136M(244M) 140.758ms
[2020-08-08T11:47:56.980+0300][271.546s][debug][gc] GC(1914) Shrinking ParOldGen from 133632K by 17920K to 115712K
[2020-08-08T11:47:56.980+0300][271.546s][info ][gc] GC(1914) Pause Full (Ergonomics) 136M->2M(227M) 9.325ms
[2020-08-08T11:47:57.055+0300][271.621s][info ][gc] GC(1915) Pause Young (Allocation Failure) 60M->59M(227M) 63.643ms
[2020-08-08T11:47:57.213+0300][271.779s][info ][gc] GC(1916) Pause Young (Allocation Failure) 117M->117M(227M) 146.067ms
[2020-08-08T11:47:57.596+0300][272.162s][debug][gc] GC(1917) Expanding ParOldGen from 115712K by 114688K to 230400K
[2020-08-08T11:47:57.596+0300][272.162s][info ][gc] GC(1917) Pause Full (Ergonomics) 117M->117M(339M) 383.175ms
[2020-08-08T11:47:57.706+0300][272.271s][info ][gc] GC(1918) Pause Young (Allocation Failure) 174M->174M(339M) 100.975ms
[2020-08-08T11:47:57.887+0300][272.453s][info ][gc] GC(1919) Pause Young (Allocation Failure) 232M->232M(339M) 172.705ms
[2020-08-08T11:47:58.203+0300][272.769s][debug][gc] GC(1920) Shrinking ParOldGen from 230400K by 13312K to 217088K
[2020-08-08T11:47:58.204+0300][272.769s][info ][gc] GC(1920) Pause Full (Ergonomics) 232M->98M(326M) 316.046ms
[2020-08-08T11:47:58.279+0300][272.844s][info ][gc] GC(1921) Pause Young (Allocation Failure) 156M->155M(326M) 64.986ms
[2020-08-08T11:47:58.302+0300][272.868s][debug][gc] GC(1922) Shrinking ParOldGen from 217088K by 83456K to 133632K
[2020-08-08T11:47:58.302+0300][272.868s][info ][gc] GC(1922) Pause Full (Ergonomics) 155M->22M(244M) 23.433ms
[2020-08-08T11:47:58.392+0300][272.957s][info ][gc] GC(1923) Pause Young (Allocation Failure) 79M->79M(244M) 78.295ms
[2020-08-08T11:47:58.545+0300][273.110s][info ][gc] GC(1924) Pause Young (Allocation Failure) 137M->136M(244M) 144.080ms
[2020-08-08T11:47:58.555+0300][273.120s][debug][gc] GC(1925) Shrinking ParOldGen from 133632K by 18432K to 115200K
[2020-08-08T11:47:58.555+0300][273.120s][info ][gc] GC(1925) Pause Full (Ergonomics) 136M->2M(226M) 10.129ms
[2020-08-08T11:47:58.632+0300][273.197s][info ][gc] GC(1926) Pause Young (Allocation Failure) 60M->59M(226M) 65.215ms
[2020-08-08T11:47:58.791+0300][273.356s][info ][gc] GC(1927) Pause Young (Allocation Failure) 117M->117M(226M) 149.371ms
[2020-08-08T11:47:59.170+0300][273.735s][debug][gc] GC(1928) Expanding ParOldGen from 115200K by 114688K to 229888K
[2020-08-08T11:47:59.170+0300][273.735s][info ][gc] GC(1928) Pause Full (Ergonomics) 117M->117M(338M) 378.817ms
[2020-08-08T11:47:59.282+0300][273.848s][info ][gc] GC(1929) Pause Young (Allocation Failure) 174M->174M(338M) 101.201ms
[2020-08-08T11:47:59.464+0300][274.029s][info ][gc] GC(1930) Pause Young (Allocation Failure) 232M->232M(338M) 172.144ms
[2020-08-08T11:47:59.785+0300][274.351s][debug][gc] GC(1931) Shrinking ParOldGen from 229888K by 12800K to 217088K
[2020-08-08T11:47:59.785+0300][274.351s][info ][gc] GC(1931) Pause Full (Ergonomics) 232M->98M(326M) 321.494ms
[2020-08-08T11:47:59.857+0300][274.423s][info ][gc] GC(1932) Pause Young (Allocation Failure) 156M->156M(326M) 64.413ms
[2020-08-08T11:47:59.880+0300][274.446s][debug][gc] GC(1933) Shrinking ParOldGen from 217088K by 83456K to 133632K
[2020-08-08T11:47:59.880+0300][274.446s][info ][gc] GC(1933) Pause Full (Ergonomics) 156M->22M(244M) 22.808ms
[2020-08-08T11:47:59.972+0300][274.537s][info ][gc] GC(1934) Pause Young (Allocation Failure) 80M->79M(244M) 78.853ms
[2020-08-08T11:48:00.127+0300][274.692s][info ][gc] GC(1935) Pause Young (Allocation Failure) 136M->136M(244M) 145.245ms
[2020-08-08T11:48:00.137+0300][274.702s][debug][gc] GC(1936) Shrinking ParOldGen from 133632K by 18432K to 115200K
[2020-08-08T11:48:00.137+0300][274.702s][info ][gc] GC(1936) Pause Full (Ergonomics) 136M->2M(226M) 10.053ms
[2020-08-08T11:48:00.217+0300][274.783s][info ][gc] GC(1937) Pause Young (Allocation Failure) 60M->59M(226M) 67.130ms
[2020-08-08T11:48:00.379+0300][274.944s][info ][gc] GC(1938) Pause Young (Allocation Failure) 117M->117M(226M) 150.275ms
[2020-08-08T11:48:00.771+0300][275.337s][debug][gc] GC(1939) Expanding ParOldGen from 115200K by 114688K to 229888K
[2020-08-08T11:48:00.771+0300][275.337s][info ][gc] GC(1939) Pause Full (Ergonomics) 117M->117M(338M) 392.456ms
[2020-08-08T11:48:00.885+0300][275.450s][info ][gc] GC(1940) Pause Young (Allocation Failure) 174M->174M(338M) 103.899ms
[2020-08-08T11:48:01.068+0300][275.634s][info ][gc] GC(1941) Pause Young (Allocation Failure) 232M->232M(338M) 172.516ms
[2020-08-08T11:48:01.387+0300][275.952s][debug][gc] GC(1942) Shrinking ParOldGen from 229888K by 13312K to 216576K
[2020-08-08T11:48:01.387+0300][275.952s][info ][gc] GC(1942) Pause Full (Ergonomics) 232M->98M(325M) 318.642ms
[2020-08-08T11:48:01.462+0300][276.027s][info ][gc] GC(1943) Pause Young (Allocation Failure) 156M->155M(325M) 64.262ms
[2020-08-08T11:48:01.486+0300][276.051s][debug][gc] GC(1944) Shrinking ParOldGen from 216576K by 83456K to 133120K
[2020-08-08T11:48:01.486+0300][276.051s][info ][gc] GC(1944) Pause Full (Ergonomics) 155M->22M(244M) 23.639ms
[2020-08-08T11:48:01.575+0300][276.140s][info ][gc] GC(1945) Pause Young (Allocation Failure) 79M->79M(244M) 78.298ms
[2020-08-08T11:48:01.727+0300][276.292s][info ][gc] GC(1946) Pause Young (Allocation Failure) 137M->136M(244M) 142.737ms
[2020-08-08T11:48:01.736+0300][276.302s][debug][gc] GC(1947) Shrinking ParOldGen from 133120K by 17920K to 115200K
[2020-08-08T11:48:01.736+0300][276.302s][info ][gc] GC(1947) Pause Full (Ergonomics) 136M->2M(226M) 9.524ms
[2020-08-08T11:48:01.809+0300][276.375s][info ][gc] GC(1948) Pause Young (Allocation Failure) 60M->59M(226M) 64.133ms
[2020-08-08T11:48:01.969+0300][276.534s][info ][gc] GC(1949) Pause Young (Allocation Failure) 117M->117M(226M) 149.363ms
[2020-08-08T11:48:02.358+0300][276.923s][debug][gc] GC(1950) Expanding ParOldGen from 115200K by 114688K to 229888K
[2020-08-08T11:48:02.358+0300][276.923s][info ][gc] GC(1950) Pause Full (Ergonomics) 117M->117M(338M) 388.966ms
[2020-08-08T11:48:02.473+0300][277.039s][info ][gc] GC(1951) Pause Young (Allocation Failure) 174M->174M(338M) 104.016ms
[2020-08-08T11:48:02.657+0300][277.223s][info ][gc] GC(1952) Pause Young (Allocation Failure) 232M->232M(338M) 173.117ms
[2020-08-08T11:48:02.979+0300][277.544s][debug][gc] GC(1953) Shrinking ParOldGen from 229888K by 13312K to 216576K
[2020-08-08T11:48:02.979+0300][277.544s][info ][gc] GC(1953) Pause Full (Ergonomics) 232M->98M(325M) 321.699ms
[2020-08-08T11:48:03.056+0300][277.621s][info ][gc] GC(1954) Pause Young (Allocation Failure) 156M->156M(325M) 66.338ms
[2020-08-08T11:48:03.080+0300][277.646s][debug][gc] GC(1955) Shrinking ParOldGen from 216576K by 82944K to 133632K
[2020-08-08T11:48:03.080+0300][277.646s][info ][gc] GC(1955) Pause Full (Ergonomics) 156M->22M(244M) 24.508ms
[2020-08-08T11:48:03.175+0300][277.741s][info ][gc] GC(1956) Pause Young (Allocation Failure) 80M->79M(244M) 80.859ms
[2020-08-08T11:48:03.332+0300][277.897s][info ][gc] GC(1957) Pause Young (Allocation Failure) 137M->136M(244M) 145.760ms
[2020-08-08T11:48:03.341+0300][277.907s][debug][gc] GC(1958) Shrinking ParOldGen from 133632K by 18432K to 115200K
[2020-08-08T11:48:03.341+0300][277.907s][info ][gc] GC(1958) Pause Full (Ergonomics) 136M->2M(226M) 9.612ms
[2020-08-08T11:48:03.419+0300][277.985s][info ][gc] GC(1959) Pause Young (Allocation Failure) 60M->59M(226M) 66.835ms
[2020-08-08T11:48:03.583+0300][278.148s][info ][gc] GC(1960) Pause Young (Allocation Failure) 117M->117M(226M) 150.705ms
[2020-08-08T11:48:03.970+0300][278.536s][debug][gc] GC(1961) Expanding ParOldGen from 115200K by 114688K to 229888K
[2020-08-08T11:48:03.971+0300][278.536s][info ][gc] GC(1961) Pause Full (Ergonomics) 117M->117M(338M) 387.886ms
[2020-08-08T11:48:04.082+0300][278.647s][info ][gc] GC(1962) Pause Young (Allocation Failure) 174M->174M(338M) 102.889ms
[2020-08-08T11:48:04.266+0300][278.831s][info ][gc] GC(1963) Pause Young (Allocation Failure) 232M->232M(338M) 172.393ms
[2020-08-08T11:48:04.589+0300][279.155s][debug][gc] GC(1964) Shrinking ParOldGen from 229888K by 12800K to 217088K
[2020-08-08T11:48:04.589+0300][279.155s][info ][gc] GC(1964) Pause Full (Ergonomics) 232M->98M(326M) 323.183ms
[2020-08-08T11:48:04.665+0300][279.231s][info ][gc] GC(1965) Pause Young (Allocation Failure) 156M->156M(326M) 65.868ms
[2020-08-08T11:48:04.823+0300][279.389s][info ][gc] GC(1966) Pause Young (Allocation Failure) 213M->213M(326M) 147.844ms
[2020-08-08T11:48:05.069+0300][279.634s][debug][gc] GC(1967) Shrinking ParOldGen from 217088K by 17920K to 199168K
[2020-08-08T11:48:05.069+0300][279.634s][info ][gc] GC(1967) Pause Full (Ergonomics) 213M->79M(308M) 245.737ms
[2020-08-08T11:48:05.157+0300][279.723s][info ][gc] GC(1968) Pause Young (Allocation Failure) 136M->136M(308M) 77.094ms
[2020-08-08T11:48:05.303+0300][279.868s][info ][gc] GC(1969) Pause Young (Allocation Failure) 193M->193M(308M) 137.070ms
[2020-08-08T11:48:05.469+0300][280.034s][debug][gc] GC(1970) Shrinking ParOldGen from 199168K by 19968K to 179200K
[2020-08-08T11:48:05.469+0300][280.034s][info ][gc] GC(1970) Pause Full (Ergonomics) 193M->59M(289M) 166.119ms
[2020-08-08T11:48:05.560+0300][280.125s][info ][gc] GC(1971) Pause Young (Allocation Failure) 117M->117M(289M) 80.609ms
[2020-08-08T11:48:05.706+0300][280.272s][info ][gc] GC(1972) Pause Young (Allocation Failure) 174M->175M(289M) 135.918ms
[2020-08-08T11:48:05.803+0300][280.368s][debug][gc] GC(1973) Shrinking ParOldGen from 179200K by 17920K to 161280K
[2020-08-08T11:48:05.803+0300][280.369s][info ][gc] GC(1973) Pause Full (Ergonomics) 175M->41M(271M) 96.947ms
[2020-08-08T11:48:05.903+0300][280.468s][info ][gc] GC(1974) Pause Young (Allocation Failure) 98M->98M(271M) 88.617ms
[2020-08-08T11:48:06.044+0300][280.609s][info ][gc] GC(1975) Pause Young (Allocation Failure) 156M->156M(271M) 131.065ms
[2020-08-08T11:48:06.066+0300][280.631s][debug][gc] GC(1976) Shrinking ParOldGen from 161280K by 11264K to 150016K
[2020-08-08T11:48:06.066+0300][280.631s][info ][gc] GC(1976) Pause Full (Ergonomics) 156M->22M(260M) 21.796ms
[2020-08-08T11:48:06.157+0300][280.722s][info ][gc] GC(1977) Pause Young (Allocation Failure) 80M->80M(260M) 79.632ms
[2020-08-08T11:48:06.311+0300][280.876s][info ][gc] GC(1978) Pause Young (Allocation Failure) 136M->136M(260M) 142.802ms
[2020-08-08T11:48:06.321+0300][280.886s][debug][gc] GC(1979) Shrinking ParOldGen from 150016K by 20992K to 129024K
[2020-08-08T11:48:06.321+0300][280.886s][info ][gc] GC(1979) Pause Full (Ergonomics) 136M->2M(240M) 9.838ms
[2020-08-08T11:48:06.394+0300][280.959s][info ][gc] GC(1980) Pause Young (Allocation Failure) 60M->59M(240M) 65.389ms
[2020-08-08T11:48:06.553+0300][281.118s][info ][gc] GC(1981) Pause Young (Allocation Failure) 117M->117M(240M) 148.529ms
[2020-08-08T11:48:06.940+0300][281.505s][debug][gc] GC(1982) Expanding ParOldGen from 129024K by 117248K to 246272K
[2020-08-08T11:48:06.940+0300][281.505s][info ][gc] GC(1982) Pause Full (Ergonomics) 117M->117M(354M) 386.675ms
[2020-08-08T11:48:07.016+0300][281.582s][info ][gc] GC(1983) Pause Young (Allocation Failure) 174M->174M(354M) 68.332ms
[2020-08-08T11:48:07.193+0300][281.759s][info ][gc] GC(1984) Pause Young (Allocation Failure) 232M->232M(354M) 167.294ms
[2020-08-08T11:48:07.513+0300][282.078s][debug][gc] GC(1985) Shrinking ParOldGen from 246272K by 19456K to 226816K
[2020-08-08T11:48:07.513+0300][282.078s][info ][gc] GC(1985) Pause Full (Ergonomics) 232M->98M(335M) 319.456ms
[2020-08-08T11:48:07.591+0300][282.156s][info ][gc] GC(1986) Pause Young (Allocation Failure) 156M->156M(335M) 65.637ms
[2020-08-08T11:48:07.752+0300][282.318s][info ][gc] GC(1987) Pause Young (Allocation Failure) 213M->213M(335M) 150.837ms
[2020-08-08T11:48:07.996+0300][282.561s][debug][gc] GC(1988) Shrinking ParOldGen from 226816K by 19456K to 207360K
[2020-08-08T11:48:07.996+0300][282.561s][info ][gc] GC(1988) Pause Full (Ergonomics) 213M->79M(316M) 243.585ms
[2020-08-08T11:48:08.084+0300][282.649s][info ][gc] GC(1989) Pause Young (Allocation Failure) 136M->136M(316M) 77.996ms
[2020-08-08T11:48:08.233+0300][282.799s][info ][gc] GC(1990) Pause Young (Allocation Failure) 193M->193M(316M) 140.166ms
[2020-08-08T11:48:08.398+0300][282.963s][debug][gc] GC(1991) Shrinking ParOldGen from 207360K by 20992K to 186368K
[2020-08-08T11:48:08.398+0300][282.963s][info ][gc] GC(1991) Pause Full (Ergonomics) 193M->59M(296M) 164.666ms
[2020-08-08T11:48:08.487+0300][283.053s][info ][gc] GC(1992) Pause Young (Allocation Failure) 117M->117M(296M) 79.158ms
[2020-08-08T11:48:08.630+0300][283.195s][info ][gc] GC(1993) Pause Young (Allocation Failure) 174M->174M(296M) 134.340ms
[2020-08-08T11:48:08.725+0300][283.290s][debug][gc] GC(1994) Shrinking ParOldGen from 186368K by 19456K to 166912K
[2020-08-08T11:48:08.725+0300][283.291s][info ][gc] GC(1994) Pause Full (Ergonomics) 174M->41M(277M) 95.505ms
[2020-08-08T11:48:08.816+0300][283.381s][info ][gc] GC(1995) Pause Young (Allocation Failure) 98M->98M(277M) 80.131ms
[2020-08-08T11:48:08.953+0300][283.518s][info ][gc] GC(1996) Pause Young (Allocation Failure) 156M->156M(277M) 128.969ms
[2020-08-08T11:48:08.975+0300][283.540s][debug][gc] GC(1997) Shrinking ParOldGen from 166912K by 12288K to 154624K
[2020-08-08T11:48:08.975+0300][283.540s][info ][gc] GC(1997) Pause Full (Ergonomics) 156M->22M(265M) 22.264ms
[2020-08-08T11:48:09.066+0300][283.632s][info ][gc] GC(1998) Pause Young (Allocation Failure) 80M->80M(265M) 80.326ms
[2020-08-08T11:48:09.219+0300][283.785s][info ][gc] GC(1999) Pause Young (Allocation Failure) 136M->136M(265M) 143.409ms
[2020-08-08T11:48:09.229+0300][283.794s][debug][gc] GC(2000) Shrinking ParOldGen from 154624K by 22016K to 132608K
[2020-08-08T11:48:09.229+0300][283.795s][info ][gc] GC(2000) Pause Full (Ergonomics) 136M->2M(243M) 9.708ms
[2020-08-08T11:48:09.307+0300][283.873s][info ][gc] GC(2001) Pause Young (Allocation Failure) 60M->59M(243M) 65.881ms
[2020-08-08T11:48:09.465+0300][284.031s][info ][gc] GC(2002) Pause Young (Allocation Failure) 117M->117M(243M) 148.163ms
[2020-08-08T11:48:09.852+0300][284.417s][debug][gc] GC(2003) Expanding ParOldGen from 132608K by 116224K to 248832K
[2020-08-08T11:48:09.852+0300][284.417s][info ][gc] GC(2003) Pause Full (Ergonomics) 117M->117M(357M) 386.325ms
[2020-08-08T11:48:09.928+0300][284.494s][info ][gc] GC(2004) Pause Young (Allocation Failure) 174M->174M(357M) 68.108ms
[2020-08-08T11:48:10.103+0300][284.669s][info ][gc] GC(2005) Pause Young (Allocation Failure) 232M->232M(357M) 164.825ms
[2020-08-08T11:48:10.425+0300][284.991s][debug][gc] GC(2006) Shrinking ParOldGen from 248832K by 19968K to 228864K
[2020-08-08T11:48:10.425+0300][284.991s][info ][gc] GC(2006) Pause Full (Ergonomics) 232M->98M(337M) 322.145ms
[2020-08-08T11:48:10.501+0300][285.067s][info ][gc] GC(2007) Pause Young (Allocation Failure) 156M->155M(337M) 65.519ms
[2020-08-08T11:48:10.524+0300][285.090s][debug][gc] GC(2008) Shrinking ParOldGen from 228864K by 83968K to 144896K
[2020-08-08T11:48:10.524+0300][285.090s][info ][gc] GC(2008) Pause Full (Ergonomics) 155M->22M(255M) 22.728ms
[2020-08-08T11:48:10.615+0300][285.181s][info ][gc] GC(2009) Pause Young (Allocation Failure) 79M->79M(255M) 80.561ms
[2020-08-08T11:48:10.767+0300][285.332s][info ][gc] GC(2010) Pause Young (Allocation Failure) 137M->136M(255M) 142.071ms
[2020-08-08T11:48:10.777+0300][285.342s][debug][gc] GC(2011) Shrinking ParOldGen from 144896K by 20480K to 124416K
[2020-08-08T11:48:10.777+0300][285.342s][info ][gc] GC(2011) Pause Full (Ergonomics) 136M->2M(235M) 9.601ms
[2020-08-08T11:48:10.848+0300][285.414s][info ][gc] GC(2012) Pause Young (Allocation Failure) 60M->59M(235M) 63.550ms
[2020-08-08T11:48:11.004+0300][285.570s][info ][gc] GC(2013) Pause Young (Allocation Failure) 117M->117M(235M) 146.324ms
[2020-08-08T11:48:11.381+0300][285.947s][debug][gc] GC(2014) Expanding ParOldGen from 124416K by 118272K to 242688K
[2020-08-08T11:48:11.381+0300][285.947s][info ][gc] GC(2014) Pause Full (Ergonomics) 117M->117M(351M) 377.209ms
[2020-08-08T11:48:11.459+0300][286.024s][info ][gc] GC(2015) Pause Young (Allocation Failure) 174M->174M(351M) 66.856ms
[2020-08-08T11:48:11.639+0300][286.204s][info ][gc] GC(2016) Pause Young (Allocation Failure) 232M->232M(351M) 170.193ms
[2020-08-08T11:48:11.954+0300][286.520s][debug][gc] GC(2017) Shrinking ParOldGen from 242688K by 18944K to 223744K
[2020-08-08T11:48:11.954+0300][286.520s][info ][gc] GC(2017) Pause Full (Ergonomics) 232M->98M(332M) 315.628ms
[2020-08-08T11:48:12.026+0300][286.591s][info ][gc] GC(2018) Pause Young (Allocation Failure) 156M->156M(332M) 63.924ms
[2020-08-08T11:48:12.049+0300][286.615s][debug][gc] GC(2019) Shrinking ParOldGen from 223744K by 83968K to 139776K
[2020-08-08T11:48:12.049+0300][286.615s][info ][gc] GC(2019) Pause Full (Ergonomics) 156M->22M(250M) 23.369ms
[2020-08-08T11:48:12.139+0300][286.704s][info ][gc] GC(2020) Pause Young (Allocation Failure) 80M->79M(250M) 78.393ms
[2020-08-08T11:48:12.292+0300][286.857s][info ][gc] GC(2021) Pause Young (Allocation Failure) 136M->136M(250M) 140.853ms
[2020-08-08T11:48:12.301+0300][286.867s][debug][gc] GC(2022) Shrinking ParOldGen from 139776K by 19456K to 120320K
[2020-08-08T11:48:12.301+0300][286.867s][info ][gc] GC(2022) Pause Full (Ergonomics) 136M->2M(231M) 9.695ms
[2020-08-08T11:48:12.374+0300][286.940s][info ][gc] GC(2023) Pause Young (Allocation Failure) 60M->59M(231M) 63.826ms
[2020-08-08T11:48:12.529+0300][287.095s][info ][gc] GC(2024) Pause Young (Allocation Failure) 117M->117M(231M) 145.933ms
[2020-08-08T11:48:12.909+0300][287.474s][debug][gc] GC(2025) Expanding ParOldGen from 120320K by 118784K to 239104K
[2020-08-08T11:48:12.909+0300][287.474s][info ][gc] GC(2025) Pause Full (Ergonomics) 117M->117M(347M) 379.241ms
[2020-08-08T11:48:12.984+0300][287.550s][info ][gc] GC(2026) Pause Young (Allocation Failure) 174M->174M(347M) 67.822ms
[2020-08-08T11:48:13.163+0300][287.728s][info ][gc] GC(2027) Pause Young (Allocation Failure) 232M->232M(347M) 168.565ms
[2020-08-08T11:48:13.484+0300][288.049s][debug][gc] GC(2028) Shrinking ParOldGen from 239104K by 17920K to 221184K
[2020-08-08T11:48:13.484+0300][288.049s][info ][gc] GC(2028) Pause Full (Ergonomics) 232M->98M(330M) 321.096ms
[2020-08-08T11:48:13.558+0300][288.124s][info ][gc] GC(2029) Pause Young (Allocation Failure) 156M->155M(330M) 64.426ms
[2020-08-08T11:48:13.582+0300][288.147s][debug][gc] GC(2030) Shrinking ParOldGen from 221184K by 83968K to 137216K
[2020-08-08T11:48:13.582+0300][288.147s][info ][gc] GC(2030) Pause Full (Ergonomics) 155M->22M(248M) 23.549ms
[2020-08-08T11:48:13.673+0300][288.238s][info ][gc] GC(2031) Pause Young (Allocation Failure) 79M->79M(248M) 79.833ms
[2020-08-08T11:48:13.823+0300][288.389s][info ][gc] GC(2032) Pause Young (Allocation Failure) 137M->136M(248M) 141.358ms
[2020-08-08T11:48:13.832+0300][288.398s][debug][gc] GC(2033) Shrinking ParOldGen from 137216K by 18944K to 118272K
[2020-08-08T11:48:13.832+0300][288.398s][info ][gc] GC(2033) Pause Full (Ergonomics) 136M->2M(229M) 9.059ms
[2020-08-08T11:48:13.907+0300][288.473s][info ][gc] GC(2034) Pause Young (Allocation Failure) 60M->59M(229M) 65.270ms
[2020-08-08T11:48:14.066+0300][288.631s][info ][gc] GC(2035) Pause Young (Allocation Failure) 117M->117M(229M) 148.703ms
[2020-08-08T11:48:14.445+0300][289.010s][debug][gc] GC(2036) Expanding ParOldGen from 118272K by 117248K to 235520K
[2020-08-08T11:48:14.445+0300][289.010s][info ][gc] GC(2036) Pause Full (Ergonomics) 117M->117M(344M) 379.312ms
[2020-08-08T11:48:14.556+0300][289.122s][info ][gc] GC(2037) Pause Young (Allocation Failure) 174M->174M(344M) 101.160ms
[2020-08-08T11:48:14.738+0300][289.303s][info ][gc] GC(2038) Pause Young (Allocation Failure) 232M->232M(344M) 171.802ms
[2020-08-08T11:48:15.054+0300][289.619s][debug][gc] GC(2039) Shrinking ParOldGen from 235520K by 16384K to 219136K
[2020-08-08T11:48:15.054+0300][289.619s][info ][gc] GC(2039) Pause Full (Ergonomics) 232M->98M(328M) 315.758ms
[2020-08-08T11:48:15.128+0300][289.693s][info ][gc] GC(2040) Pause Young (Allocation Failure) 156M->156M(328M) 66.058ms
[2020-08-08T11:48:15.152+0300][289.717s][debug][gc] GC(2041) Shrinking ParOldGen from 219136K by 83456K to 135680K
[2020-08-08T11:48:15.152+0300][289.717s][info ][gc] GC(2041) Pause Full (Ergonomics) 156M->22M(246M) 24.312ms
[2020-08-08T11:48:15.244+0300][289.810s][info ][gc] GC(2042) Pause Young (Allocation Failure) 80M->79M(246M) 79.997ms
[2020-08-08T11:48:15.404+0300][289.969s][info ][gc] GC(2043) Pause Young (Allocation Failure) 136M->136M(246M) 149.189ms
[2020-08-08T11:48:15.413+0300][289.979s][debug][gc] GC(2044) Shrinking ParOldGen from 135680K by 18432K to 117248K
[2020-08-08T11:48:15.413+0300][289.979s][info ][gc] GC(2044) Pause Full (Ergonomics) 136M->2M(228M) 9.244ms
[2020-08-08T11:48:15.486+0300][290.052s][info ][gc] GC(2045) Pause Young (Allocation Failure) 60M->59M(228M) 64.316ms
[2020-08-08T11:48:15.644+0300][290.209s][info ][gc] GC(2046) Pause Young (Allocation Failure) 117M->117M(228M) 148.502ms
[2020-08-08T11:48:16.026+0300][290.591s][debug][gc] GC(2047) Expanding ParOldGen from 117248K by 116224K to 233472K
[2020-08-08T11:48:16.026+0300][290.592s][info ][gc] GC(2047) Pause Full (Ergonomics) 117M->117M(342M) 382.267ms
[2020-08-08T11:48:16.133+0300][290.698s][info ][gc] GC(2048) Pause Young (Allocation Failure) 174M->174M(342M) 98.820ms
[2020-08-08T11:48:16.313+0300][290.879s][info ][gc] GC(2049) Pause Young (Allocation Failure) 232M->232M(342M) 168.663ms
[2020-08-08T11:48:16.627+0300][291.193s][debug][gc] GC(2050) Shrinking ParOldGen from 233472K by 14848K to 218624K
[2020-08-08T11:48:16.627+0300][291.193s][info ][gc] GC(2050) Pause Full (Ergonomics) 232M->98M(327M) 313.873ms
[2020-08-08T11:48:16.702+0300][291.268s][info ][gc] GC(2051) Pause Young (Allocation Failure) 156M->156M(327M) 64.072ms
[2020-08-08T11:48:16.857+0300][291.422s][info ][gc] GC(2052) Pause Young (Allocation Failure) 213M->213M(327M) 145.878ms
[2020-08-08T11:48:17.097+0300][291.662s][debug][gc] GC(2053) Shrinking ParOldGen from 218624K by 17920K to 200704K
[2020-08-08T11:48:17.097+0300][291.663s][info ][gc] GC(2053) Pause Full (Ergonomics) 213M->79M(310M) 240.070ms
[2020-08-08T11:48:17.183+0300][291.748s][info ][gc] GC(2054) Pause Young (Allocation Failure) 136M->136M(310M) 76.194ms
[2020-08-08T11:48:17.329+0300][291.894s][info ][gc] GC(2055) Pause Young (Allocation Failure) 193M->193M(310M) 135.892ms
[2020-08-08T11:48:17.491+0300][292.057s][debug][gc] GC(2056) Shrinking ParOldGen from 200704K by 19968K to 180736K
[2020-08-08T11:48:17.492+0300][292.057s][info ][gc] GC(2056) Pause Full (Ergonomics) 193M->59M(290M) 162.456ms
[2020-08-08T11:48:17.580+0300][292.146s][info ][gc] GC(2057) Pause Young (Allocation Failure) 117M->117M(290M) 78.497ms
[2020-08-08T11:48:17.721+0300][292.287s][info ][gc] GC(2058) Pause Young (Allocation Failure) 174M->174M(290M) 133.984ms
[2020-08-08T11:48:17.817+0300][292.383s][debug][gc] GC(2059) Shrinking ParOldGen from 180736K by 18432K to 162304K
[2020-08-08T11:48:17.817+0300][292.383s][info ][gc] GC(2059) Pause Full (Ergonomics) 174M->41M(272M) 95.776ms
[2020-08-08T11:48:17.905+0300][292.471s][info ][gc] GC(2060) Pause Young (Allocation Failure) 98M->98M(272M) 78.417ms
[2020-08-08T11:48:18.041+0300][292.607s][info ][gc] GC(2061) Pause Young (Allocation Failure) 156M->156M(272M) 128.572ms
[2020-08-08T11:48:18.062+0300][292.628s][debug][gc] GC(2062) Shrinking ParOldGen from 162304K by 11264K to 151040K
[2020-08-08T11:48:18.062+0300][292.628s][info ][gc] GC(2062) Pause Full (Ergonomics) 156M->22M(261M) 21.196ms
[2020-08-08T11:48:18.151+0300][292.716s][info ][gc] GC(2063) Pause Young (Allocation Failure) 80M->80M(261M) 77.658ms
[2020-08-08T11:48:18.302+0300][292.867s][info ][gc] GC(2064) Pause Young (Allocation Failure) 136M->136M(261M) 142.313ms
[2020-08-08T11:48:18.311+0300][292.876s][debug][gc] GC(2065) Shrinking ParOldGen from 151040K by 21504K to 129536K
[2020-08-08T11:48:18.311+0300][292.877s][info ][gc] GC(2065) Pause Full (Ergonomics) 136M->2M(240M) 9.502ms
[2020-08-08T11:48:18.387+0300][292.952s][info ][gc] GC(2066) Pause Young (Allocation Failure) 60M->59M(240M) 64.065ms
[2020-08-08T11:48:18.543+0300][293.109s][info ][gc] GC(2067) Pause Young (Allocation Failure) 117M->117M(240M) 146.319ms
[2020-08-08T11:48:18.923+0300][293.489s][debug][gc] GC(2068) Expanding ParOldGen from 129536K by 117248K to 246784K
[2020-08-08T11:48:18.923+0300][293.489s][info ][gc] GC(2068) Pause Full (Ergonomics) 117M->117M(355M) 380.188ms
[2020-08-08T11:48:19.000+0300][293.565s][info ][gc] GC(2069) Pause Young (Allocation Failure) 174M->174M(355M) 67.343ms
[2020-08-08T11:48:19.174+0300][293.739s][info ][gc] GC(2070) Pause Young (Allocation Failure) 232M->232M(355M) 165.226ms
[2020-08-08T11:48:19.490+0300][294.055s][debug][gc] GC(2071) Shrinking ParOldGen from 246784K by 19968K to 226816K
[2020-08-08T11:48:19.490+0300][294.055s][info ][gc] GC(2071) Pause Full (Ergonomics) 232M->98M(335M) 315.648ms
[2020-08-08T11:48:19.566+0300][294.131s][info ][gc] GC(2072) Pause Young (Allocation Failure) 156M->155M(335M) 65.951ms
[2020-08-08T11:48:19.588+0300][294.154s][debug][gc] GC(2073) Shrinking ParOldGen from 226816K by 83968K to 142848K
[2020-08-08T11:48:19.589+0300][294.154s][info ][gc] GC(2073) Pause Full (Ergonomics) 155M->22M(253M) 22.691ms
[2020-08-08T11:48:19.679+0300][294.245s][info ][gc] GC(2074) Pause Young (Allocation Failure) 79M->79M(253M) 79.802ms
[2020-08-08T11:48:19.829+0300][294.394s][info ][gc] GC(2075) Pause Young (Allocation Failure) 137M->136M(253M) 139.982ms
[2020-08-08T11:48:19.838+0300][294.404s][debug][gc] GC(2076) Shrinking ParOldGen from 142848K by 19968K to 122880K
[2020-08-08T11:48:19.838+0300][294.404s][info ][gc] GC(2076) Pause Full (Ergonomics) 136M->2M(234M) 9.440ms
[2020-08-08T11:48:19.911+0300][294.476s][info ][gc] GC(2077) Pause Young (Allocation Failure) 60M->59M(234M) 63.378ms
[2020-08-08T11:48:20.068+0300][294.634s][info ][gc] GC(2078) Pause Young (Allocation Failure) 117M->117M(234M) 146.975ms
[2020-08-08T11:48:20.448+0300][295.013s][debug][gc] GC(2079) Expanding ParOldGen from 122880K by 118272K to 241152K
[2020-08-08T11:48:20.448+0300][295.013s][info ][gc] GC(2079) Pause Full (Ergonomics) 117M->117M(349M) 379.237ms
[2020-08-08T11:48:20.526+0300][295.091s][info ][gc] GC(2080) Pause Young (Allocation Failure) 174M->174M(349M) 68.075ms
[2020-08-08T11:48:20.707+0300][295.273s][info ][gc] GC(2081) Pause Young (Allocation Failure) 232M->232M(349M) 171.672ms
[2020-08-08T11:48:21.025+0300][295.590s][debug][gc] GC(2082) Shrinking ParOldGen from 241152K by 18432K to 222720K
[2020-08-08T11:48:21.025+0300][295.590s][info ][gc] GC(2082) Pause Full (Ergonomics) 232M->98M(331M) 317.618ms
[2020-08-08T11:48:21.097+0300][295.663s][info ][gc] GC(2083) Pause Young (Allocation Failure) 156M->156M(331M) 63.691ms
[2020-08-08T11:48:21.121+0300][295.686s][debug][gc] GC(2084) Shrinking ParOldGen from 222720K by 83968K to 138752K
[2020-08-08T11:48:21.121+0300][295.686s][info ][gc] GC(2084) Pause Full (Ergonomics) 156M->22M(249M) 23.722ms
[2020-08-08T11:48:21.209+0300][295.775s][info ][gc] GC(2085) Pause Young (Allocation Failure) 79M->79M(249M) 77.728ms
[2020-08-08T11:48:21.359+0300][295.924s][info ][gc] GC(2086) Pause Young (Allocation Failure) 136M->136M(249M) 140.920ms
[2020-08-08T11:48:21.369+0300][295.934s][debug][gc] GC(2087) Shrinking ParOldGen from 138752K by 18944K to 119808K
[2020-08-08T11:48:21.369+0300][295.934s][info ][gc] GC(2087) Pause Full (Ergonomics) 136M->2M(231M) 9.754ms
[2020-08-08T11:48:21.444+0300][296.009s][info ][gc] GC(2088) Pause Young (Allocation Failure) 60M->59M(231M) 63.420ms
[2020-08-08T11:48:21.602+0300][296.167s][info ][gc] GC(2089) Pause Young (Allocation Failure) 117M->117M(231M) 148.686ms
[2020-08-08T11:48:21.985+0300][296.551s][debug][gc] GC(2090) Expanding ParOldGen from 119808K by 118272K to 238080K
[2020-08-08T11:48:21.985+0300][296.551s][info ][gc] GC(2090) Pause Full (Ergonomics) 117M->117M(346M) 383.722ms
[2020-08-08T11:48:22.089+0300][296.655s][info ][gc] GC(2091) Pause Young (Allocation Failure) 174M->174M(346M) 95.893ms
[2020-08-08T11:48:22.269+0300][296.834s][info ][gc] GC(2092) Pause Young (Allocation Failure) 232M->232M(346M) 169.276ms
[2020-08-08T11:48:22.586+0300][297.151s][debug][gc] GC(2093) Shrinking ParOldGen from 238080K by 17408K to 220672K
[2020-08-08T11:48:22.586+0300][297.151s][info ][gc] GC(2093) Pause Full (Ergonomics) 232M->98M(329M) 317.277ms
[2020-08-08T11:48:22.663+0300][297.228s][info ][gc] GC(2094) Pause Young (Allocation Failure) 156M->155M(329M) 66.198ms
[2020-08-08T11:48:22.685+0300][297.251s][debug][gc] GC(2095) Shrinking ParOldGen from 220672K by 83968K to 136704K
[2020-08-08T11:48:22.685+0300][297.251s][info ][gc] GC(2095) Pause Full (Ergonomics) 155M->22M(247M) 22.903ms
[2020-08-08T11:48:22.775+0300][297.341s][info ][gc] GC(2096) Pause Young (Allocation Failure) 79M->79M(247M) 78.498ms
[2020-08-08T11:48:22.926+0300][297.491s][info ][gc] GC(2097) Pause Young (Allocation Failure) 137M->136M(247M) 141.138ms
[2020-08-08T11:48:22.935+0300][297.501s][debug][gc] GC(2098) Shrinking ParOldGen from 136704K by 18944K to 117760K
[2020-08-08T11:48:22.935+0300][297.501s][info ][gc] GC(2098) Pause Full (Ergonomics) 136M->2M(229M) 9.668ms
[2020-08-08T11:48:23.009+0300][297.574s][info ][gc] GC(2099) Pause Young (Allocation Failure) 60M->59M(229M) 64.008ms
[2020-08-08T11:48:23.164+0300][297.730s][info ][gc] GC(2100) Pause Young (Allocation Failure) 117M->117M(229M) 146.049ms
[2020-08-08T11:48:23.545+0300][298.110s][debug][gc] GC(2101) Expanding ParOldGen from 117760K by 116736K to 234496K
[2020-08-08T11:48:23.545+0300][298.110s][info ][gc] GC(2101) Pause Full (Ergonomics) 117M->117M(343M) 380.520ms
[2020-08-08T11:48:23.656+0300][298.222s][info ][gc] GC(2102) Pause Young (Allocation Failure) 174M->174M(343M) 100.103ms
[2020-08-08T11:48:23.836+0300][298.402s][info ][gc] GC(2103) Pause Young (Allocation Failure) 232M->232M(343M) 171.001ms
[2020-08-08T11:48:24.153+0300][298.718s][debug][gc] GC(2104) Shrinking ParOldGen from 234496K by 15360K to 219136K
[2020-08-08T11:48:24.153+0300][298.718s][info ][gc] GC(2104) Pause Full (Ergonomics) 232M->98M(328M) 316.512ms
[2020-08-08T11:48:24.224+0300][298.790s][info ][gc] GC(2105) Pause Young (Allocation Failure) 156M->156M(328M) 63.977ms
[2020-08-08T11:48:24.249+0300][298.814s][debug][gc] GC(2106) Shrinking ParOldGen from 219136K by 83968K to 135168K
[2020-08-08T11:48:24.249+0300][298.814s][info ][gc] GC(2106) Pause Full (Ergonomics) 156M->22M(246M) 24.522ms
[2020-08-08T11:48:24.340+0300][298.905s][info ][gc] GC(2107) Pause Young (Allocation Failure) 80M->79M(246M) 77.743ms
[2020-08-08T11:48:24.495+0300][299.061s][info ][gc] GC(2108) Pause Young (Allocation Failure) 136M->136M(246M) 143.589ms
[2020-08-08T11:48:24.505+0300][299.070s][debug][gc] GC(2109) Shrinking ParOldGen from 135168K by 18432K to 116736K
[2020-08-08T11:48:24.505+0300][299.070s][info ][gc] GC(2109) Pause Full (Ergonomics) 136M->2M(228M) 9.226ms
[2020-08-08T11:48:24.577+0300][299.143s][info ][gc] GC(2110) Pause Young (Allocation Failure) 60M->59M(228M) 63.747ms
[2020-08-08T11:48:24.736+0300][299.302s][info ][gc] GC(2111) Pause Young (Allocation Failure) 117M->117M(228M) 150.053ms
[2020-08-08T11:48:25.119+0300][299.684s][debug][gc] GC(2112) Expanding ParOldGen from 116736K by 116224K to 232960K
[2020-08-08T11:48:25.119+0300][299.684s][info ][gc] GC(2112) Pause Full (Ergonomics) 117M->117M(341M) 382.282ms
[2020-08-08T11:48:25.225+0300][299.790s][info ][gc] GC(2113) Pause Young (Allocation Failure) 174M->174M(341M) 98.677ms
[2020-08-08T11:48:25.405+0300][299.970s][info ][gc] GC(2114) Pause Young (Allocation Failure) 232M->232M(341M) 170.381ms
[2020-08-08T11:48:25.719+0300][300.285s][debug][gc] GC(2115) Shrinking ParOldGen from 232960K by 14848K to 218112K
[2020-08-08T11:48:25.719+0300][300.285s][info ][gc] GC(2115) Pause Full (Ergonomics) 232M->98M(327M) 314.372ms
[2020-08-08T11:48:25.796+0300][300.362s][info ][gc] GC(2116) Pause Young (Allocation Failure) 156M->156M(327M) 65.720ms
[2020-08-08T11:48:25.953+0300][300.519s][info ][gc] GC(2117) Pause Young (Allocation Failure) 213M->213M(327M) 147.577ms
[2020-08-08T11:48:26.195+0300][300.761s][debug][gc] GC(2118) Shrinking ParOldGen from 218112K by 17920K to 200192K
[2020-08-08T11:48:26.195+0300][300.761s][info ][gc] GC(2118) Pause Full (Ergonomics) 213M->79M(309M) 241.802ms
[2020-08-08T11:48:26.281+0300][300.847s][info ][gc] GC(2119) Pause Young (Allocation Failure) 136M->136M(309M) 76.679ms
[2020-08-08T11:48:26.424+0300][300.989s][info ][gc] GC(2120) Pause Young (Allocation Failure) 193M->193M(309M) 134.982ms
[2020-08-08T11:48:26.592+0300][301.158s][debug][gc] GC(2121) Shrinking ParOldGen from 200192K by 19456K to 180736K
[2020-08-08T11:48:26.592+0300][301.158s][info ][gc] GC(2121) Pause Full (Ergonomics) 193M->59M(290M) 168.437ms
[2020-08-08T11:48:26.687+0300][301.253s][info ][gc] GC(2122) Pause Young (Allocation Failure) 117M->117M(290M) 79.523ms
[2020-08-08T11:48:26.828+0300][301.394s][info ][gc] GC(2123) Pause Young (Allocation Failure) 174M->174M(290M) 133.370ms
[2020-08-08T11:48:26.922+0300][301.488s][debug][gc] GC(2124) Shrinking ParOldGen from 180736K by 18432K to 162304K
[2020-08-08T11:48:26.922+0300][301.488s][info ][gc] GC(2124) Pause Full (Ergonomics) 174M->41M(272M) 94.026ms
[2020-08-08T11:48:27.011+0300][301.577s][info ][gc] GC(2125) Pause Young (Allocation Failure) 98M->98M(272M) 77.070ms
[2020-08-08T11:48:27.147+0300][301.712s][info ][gc] GC(2126) Pause Young (Allocation Failure) 156M->156M(272M) 127.097ms
[2020-08-08T11:48:27.167+0300][301.733s][debug][gc] GC(2127) Shrinking ParOldGen from 162304K by 11264K to 151040K
[2020-08-08T11:48:27.167+0300][301.733s][info ][gc] GC(2127) Pause Full (Ergonomics) 156M->22M(261M) 20.659ms
[2020-08-08T11:48:27.256+0300][301.822s][info ][gc] GC(2128) Pause Young (Allocation Failure) 80M->80M(261M) 78.203ms
[2020-08-08T11:48:27.406+0300][301.972s][info ][gc] GC(2129) Pause Young (Allocation Failure) 136M->136M(261M) 140.563ms
[2020-08-08T11:48:27.416+0300][301.981s][debug][gc] GC(2130) Shrinking ParOldGen from 151040K by 21504K to 129536K
[2020-08-08T11:48:27.416+0300][301.981s][info ][gc] GC(2130) Pause Full (Ergonomics) 136M->2M(240M) 9.368ms
[2020-08-08T11:48:27.492+0300][302.058s][info ][gc] GC(2131) Pause Young (Allocation Failure) 60M->59M(240M) 64.801ms
[2020-08-08T11:48:27.651+0300][302.216s][info ][gc] GC(2132) Pause Young (Allocation Failure) 117M->117M(240M) 149.277ms
[2020-08-08T11:48:28.031+0300][302.597s][debug][gc] GC(2133) Expanding ParOldGen from 129536K by 116736K to 246272K
[2020-08-08T11:48:28.031+0300][302.597s][info ][gc] GC(2133) Pause Full (Ergonomics) 117M->117M(354M) 380.424ms
[2020-08-08T11:48:28.105+0300][302.671s][info ][gc] GC(2134) Pause Young (Allocation Failure) 174M->174M(354M) 66.677ms
[2020-08-08T11:48:28.281+0300][302.847s][info ][gc] GC(2135) Pause Young (Allocation Failure) 232M->232M(354M) 166.130ms
[2020-08-08T11:48:28.599+0300][303.164s][debug][gc] GC(2136) Shrinking ParOldGen from 246272K by 19456K to 226816K
[2020-08-08T11:48:28.599+0300][303.164s][info ][gc] GC(2136) Pause Full (Ergonomics) 232M->98M(335M) 317.072ms
[2020-08-08T11:48:28.677+0300][303.242s][info ][gc] GC(2137) Pause Young (Allocation Failure) 156M->155M(335M) 65.158ms
[2020-08-08T11:48:28.700+0300][303.265s][debug][gc] GC(2138) Shrinking ParOldGen from 226816K by 83968K to 142848K
[2020-08-08T11:48:28.700+0300][303.265s][info ][gc] GC(2138) Pause Full (Ergonomics) 155M->22M(253M) 22.811ms
[2020-08-08T11:48:28.788+0300][303.354s][info ][gc] GC(2139) Pause Young (Allocation Failure) 79M->79M(253M) 78.629ms
[2020-08-08T11:48:28.939+0300][303.505s][info ][gc] GC(2140) Pause Young (Allocation Failure) 137M->136M(253M) 141.300ms
[2020-08-08T11:48:28.949+0300][303.514s][debug][gc] GC(2141) Shrinking ParOldGen from 142848K by 19968K to 122880K
[2020-08-08T11:48:28.949+0300][303.514s][info ][gc] GC(2141) Pause Full (Ergonomics) 136M->2M(234M) 9.482ms
[2020-08-08T11:48:29.020+0300][303.586s][info ][gc] GC(2142) Pause Young (Allocation Failure) 60M->59M(234M) 63.855ms
[2020-08-08T11:48:29.176+0300][303.741s][info ][gc] GC(2143) Pause Young (Allocation Failure) 117M->117M(234M) 146.083ms
[2020-08-08T11:48:29.553+0300][304.118s][debug][gc] GC(2144) Expanding ParOldGen from 122880K by 118272K to 241152K
[2020-08-08T11:48:29.553+0300][304.118s][info ][gc] GC(2144) Pause Full (Ergonomics) 117M->117M(349M) 376.775ms
[2020-08-08T11:48:29.633+0300][304.199s][info ][gc] GC(2145) Pause Young (Allocation Failure) 174M->174M(349M) 69.305ms
[2020-08-08T11:48:29.814+0300][304.379s][info ][gc] GC(2146) Pause Young (Allocation Failure) 232M->232M(349M) 171.327ms
[2020-08-08T11:48:30.131+0300][304.696s][debug][gc] GC(2147) Shrinking ParOldGen from 241152K by 18432K to 222720K
[2020-08-08T11:48:30.131+0300][304.696s][info ][gc] GC(2147) Pause Full (Ergonomics) 232M->98M(331M) 317.011ms
[2020-08-08T11:48:30.202+0300][304.768s][info ][gc] GC(2148) Pause Young (Allocation Failure) 156M->156M(331M) 63.899ms
[2020-08-08T11:48:30.227+0300][304.792s][debug][gc] GC(2149) Shrinking ParOldGen from 222720K by 83968K to 138752K
[2020-08-08T11:48:30.227+0300][304.792s][info ][gc] GC(2149) Pause Full (Ergonomics) 156M->22M(249M) 24.182ms
[2020-08-08T11:48:30.318+0300][304.883s][info ][gc] GC(2150) Pause Young (Allocation Failure) 80M->79M(249M) 79.515ms
[2020-08-08T11:48:30.471+0300][305.036s][info ][gc] GC(2151) Pause Young (Allocation Failure) 136M->136M(249M) 142.753ms
[2020-08-08T11:48:30.480+0300][305.046s][debug][gc] GC(2152) Shrinking ParOldGen from 138752K by 18944K to 119808K
[2020-08-08T11:48:30.480+0300][305.046s][info ][gc] GC(2152) Pause Full (Ergonomics) 136M->2M(231M) 9.237ms
[2020-08-08T11:48:30.556+0300][305.121s][info ][gc] GC(2153) Pause Young (Allocation Failure) 60M->59M(231M) 63.626ms
[2020-08-08T11:48:30.714+0300][305.280s][info ][gc] GC(2154) Pause Young (Allocation Failure) 117M->117M(231M) 148.659ms
[2020-08-08T11:48:31.097+0300][305.663s][debug][gc] GC(2155) Expanding ParOldGen from 119808K by 118272K to 238080K
[2020-08-08T11:48:31.097+0300][305.663s][info ][gc] GC(2155) Pause Full (Ergonomics) 117M->117M(346M) 383.090ms
[2020-08-08T11:48:31.200+0300][305.765s][info ][gc] GC(2156) Pause Young (Allocation Failure) 174M->174M(346M) 94.608ms
[2020-08-08T11:48:31.378+0300][305.943s][info ][gc] GC(2157) Pause Young (Allocation Failure) 232M->232M(346M) 169.211ms
[2020-08-08T11:48:31.696+0300][306.261s][debug][gc] GC(2158) Shrinking ParOldGen from 238080K by 17408K to 220672K
[2020-08-08T11:48:31.696+0300][306.261s][info ][gc] GC(2158) Pause Full (Ergonomics) 232M->98M(329M) 317.744ms
[2020-08-08T11:48:31.772+0300][306.337s][info ][gc] GC(2159) Pause Young (Allocation Failure) 156M->155M(329M) 65.489ms
[2020-08-08T11:48:31.794+0300][306.360s][debug][gc] GC(2160) Shrinking ParOldGen from 220672K by 83968K to 136704K
[2020-08-08T11:48:31.795+0300][306.360s][info ][gc] GC(2160) Pause Full (Ergonomics) 155M->22M(247M) 22.941ms
[2020-08-08T11:48:31.884+0300][306.449s][info ][gc] GC(2161) Pause Young (Allocation Failure) 79M->79M(247M) 77.867ms
[2020-08-08T11:48:32.033+0300][306.598s][info ][gc] GC(2162) Pause Young (Allocation Failure) 137M->136M(247M) 138.661ms
[2020-08-08T11:48:32.042+0300][306.607s][debug][gc] GC(2163) Shrinking ParOldGen from 136704K by 18944K to 117760K
[2020-08-08T11:48:32.042+0300][306.607s][info ][gc] GC(2163) Pause Full (Ergonomics) 136M->2M(229M) 8.646ms
[2020-08-08T11:48:32.114+0300][306.680s][info ][gc] GC(2164) Pause Young (Allocation Failure) 60M->59M(229M) 62.952ms
[2020-08-08T11:48:32.275+0300][306.840s][info ][gc] GC(2165) Pause Young (Allocation Failure) 117M->117M(229M) 151.236ms
[2020-08-08T11:48:32.663+0300][307.228s][debug][gc] GC(2166) Expanding ParOldGen from 117760K by 116736K to 234496K
[2020-08-08T11:48:32.663+0300][307.228s][info ][gc] GC(2166) Pause Full (Ergonomics) 117M->117M(343M) 388.030ms
[2020-08-08T11:48:32.777+0300][307.342s][info ][gc] GC(2167) Pause Young (Allocation Failure) 174M->174M(343M) 103.111ms
[2020-08-08T11:48:32.959+0300][307.525s][info ][gc] GC(2168) Pause Young (Allocation Failure) 232M->232M(343M) 173.124ms
[2020-08-08T11:48:33.281+0300][307.847s][debug][gc] GC(2169) Shrinking ParOldGen from 234496K by 15360K to 219136K
[2020-08-08T11:48:33.281+0300][307.847s][info ][gc] GC(2169) Pause Full (Ergonomics) 232M->98M(328M) 321.867ms
[2020-08-08T11:48:33.352+0300][307.918s][info ][gc] GC(2170) Pause Young (Allocation Failure) 156M->156M(328M) 63.716ms
[2020-08-08T11:48:33.378+0300][307.943s][debug][gc] GC(2171) Shrinking ParOldGen from 219136K by 83968K to 135168K
[2020-08-08T11:48:33.378+0300][307.944s][info ][gc] GC(2171) Pause Full (Ergonomics) 156M->22M(246M) 25.678ms
[2020-08-08T11:48:33.471+0300][308.036s][info ][gc] GC(2172) Pause Young (Allocation Failure) 80M->79M(246M) 79.072ms
[2020-08-08T11:48:33.639+0300][308.204s][info ][gc] GC(2173) Pause Young (Allocation Failure) 136M->136M(246M) 157.982ms
[2020-08-08T11:48:33.649+0300][308.215s][debug][gc] GC(2174) Shrinking ParOldGen from 135168K by 18432K to 116736K
[2020-08-08T11:48:33.649+0300][308.215s][info ][gc] GC(2174) Pause Full (Ergonomics) 136M->2M(228M) 10.764ms
[2020-08-08T11:48:33.732+0300][308.298s][info ][gc] GC(2175) Pause Young (Allocation Failure) 60M->59M(228M) 70.239ms
[2020-08-08T11:48:33.897+0300][308.462s][info ][gc] GC(2176) Pause Young (Allocation Failure) 117M->117M(228M) 151.099ms
[2020-08-08T11:48:34.278+0300][308.843s][debug][gc] GC(2177) Expanding ParOldGen from 116736K by 116224K to 232960K
[2020-08-08T11:48:34.278+0300][308.843s][info ][gc] GC(2177) Pause Full (Ergonomics) 117M->117M(341M) 380.956ms
[2020-08-08T11:48:34.392+0300][308.957s][info ][gc] GC(2178) Pause Young (Allocation Failure) 174M->174M(341M) 104.685ms
[2020-08-08T11:48:34.577+0300][309.143s][info ][gc] GC(2179) Pause Young (Allocation Failure) 232M->232M(341M) 173.758ms
[2020-08-08T11:48:34.894+0300][309.460s][debug][gc] GC(2180) Shrinking ParOldGen from 232960K by 14848K to 218112K
[2020-08-08T11:48:34.894+0300][309.460s][info ][gc] GC(2180) Pause Full (Ergonomics) 232M->98M(327M) 316.979ms
[2020-08-08T11:48:34.966+0300][309.532s][info ][gc] GC(2181) Pause Young (Allocation Failure) 156M->155M(327M) 62.700ms
[2020-08-08T11:48:35.122+0300][309.687s][info ][gc] GC(2182) Pause Young (Allocation Failure) 213M->213M(327M) 145.352ms
[2020-08-08T11:48:35.361+0300][309.927s][debug][gc] GC(2183) Shrinking ParOldGen from 218112K by 17920K to 200192K
[2020-08-08T11:48:35.361+0300][309.927s][info ][gc] GC(2183) Pause Full (Ergonomics) 213M->79M(309M) 239.721ms
[2020-08-08T11:48:35.449+0300][310.014s][info ][gc] GC(2184) Pause Young (Allocation Failure) 137M->136M(309M) 76.731ms
[2020-08-08T11:48:35.595+0300][310.161s][info ][gc] GC(2185) Pause Young (Allocation Failure) 193M->193M(309M) 137.685ms
[2020-08-08T11:48:35.759+0300][310.324s][debug][gc] GC(2186) Shrinking ParOldGen from 200192K by 19456K to 180736K
[2020-08-08T11:48:35.759+0300][310.325s][info ][gc] GC(2186) Pause Full (Ergonomics) 193M->59M(290M) 163.629ms
[2020-08-08T11:48:35.848+0300][310.414s][info ][gc] GC(2187) Pause Young (Allocation Failure) 117M->117M(290M) 77.503ms
[2020-08-08T11:48:35.987+0300][310.553s][info ][gc] GC(2188) Pause Young (Allocation Failure) 174M->174M(290M) 131.411ms
[2020-08-08T11:48:36.081+0300][310.647s][debug][gc] GC(2189) Shrinking ParOldGen from 180736K by 18432K to 162304K
[2020-08-08T11:48:36.081+0300][310.647s][info ][gc] GC(2189) Pause Full (Ergonomics) 174M->41M(272M) 94.148ms
[2020-08-08T11:48:36.169+0300][310.735s][info ][gc] GC(2190) Pause Young (Allocation Failure) 98M->98M(272M) 77.439ms
[2020-08-08T11:48:36.305+0300][310.870s][info ][gc] GC(2191) Pause Young (Allocation Failure) 156M->156M(272M) 127.455ms
[2020-08-08T11:48:36.325+0300][310.891s][debug][gc] GC(2192) Shrinking ParOldGen from 162304K by 11264K to 151040K
[2020-08-08T11:48:36.325+0300][310.891s][info ][gc] GC(2192) Pause Full (Ergonomics) 156M->22M(261M) 20.773ms
[2020-08-08T11:48:36.414+0300][310.979s][info ][gc] GC(2193) Pause Young (Allocation Failure) 80M->80M(261M) 78.587ms
[2020-08-08T11:48:36.569+0300][311.134s][info ][gc] GC(2194) Pause Young (Allocation Failure) 136M->136M(261M) 143.950ms
[2020-08-08T11:48:36.578+0300][311.144s][debug][gc] GC(2195) Shrinking ParOldGen from 151040K by 21504K to 129536K
[2020-08-08T11:48:36.579+0300][311.144s][info ][gc] GC(2195) Pause Full (Ergonomics) 136M->2M(240M) 9.724ms
[2020-08-08T11:48:36.653+0300][311.219s][info ][gc] GC(2196) Pause Young (Allocation Failure) 60M->59M(240M) 64.605ms
[2020-08-08T11:48:36.811+0300][311.376s][info ][gc] GC(2197) Pause Young (Allocation Failure) 117M->117M(240M) 148.488ms
[2020-08-08T11:48:37.191+0300][311.756s][debug][gc] GC(2198) Expanding ParOldGen from 129536K by 116736K to 246272K
[2020-08-08T11:48:37.191+0300][311.756s][info ][gc] GC(2198) Pause Full (Ergonomics) 117M->117M(354M) 380.040ms
[2020-08-08T11:48:37.266+0300][311.832s][info ][gc] GC(2199) Pause Young (Allocation Failure) 174M->174M(354M) 67.187ms
[2020-08-08T11:48:37.443+0300][312.008s][info ][gc] GC(2200) Pause Young (Allocation Failure) 232M->232M(354M) 167.552ms
[2020-08-08T11:48:37.763+0300][312.329s][debug][gc] GC(2201) Shrinking ParOldGen from 246272K by 19456K to 226816K
[2020-08-08T11:48:37.763+0300][312.329s][info ][gc] GC(2201) Pause Full (Ergonomics) 232M->98M(335M) 320.130ms
[2020-08-08T11:48:37.839+0300][312.404s][info ][gc] GC(2202) Pause Young (Allocation Failure) 156M->155M(335M) 63.764ms
[2020-08-08T11:48:37.862+0300][312.427s][debug][gc] GC(2203) Shrinking ParOldGen from 226816K by 83968K to 142848K
[2020-08-08T11:48:37.862+0300][312.427s][info ][gc] GC(2203) Pause Full (Ergonomics) 155M->22M(253M) 22.859ms
[2020-08-08T11:48:37.951+0300][312.517s][info ][gc] GC(2204) Pause Young (Allocation Failure) 79M->79M(253M) 79.039ms
[2020-08-08T11:48:38.100+0300][312.666s][info ][gc] GC(2205) Pause Young (Allocation Failure) 137M->136M(253M) 140.147ms
[2020-08-08T11:48:38.109+0300][312.675s][debug][gc] GC(2206) Shrinking ParOldGen from 142848K by 19968K to 122880K
[2020-08-08T11:48:38.109+0300][312.675s][info ][gc] GC(2206) Pause Full (Ergonomics) 136M->2M(234M) 9.224ms
[2020-08-08T11:48:38.182+0300][312.747s][info ][gc] GC(2207) Pause Young (Allocation Failure) 60M->59M(234M) 63.078ms
[2020-08-08T11:48:38.340+0300][312.905s][info ][gc] GC(2208) Pause Young (Allocation Failure) 117M->117M(234M) 148.322ms
[2020-08-08T11:48:38.717+0300][313.283s][debug][gc] GC(2209) Expanding ParOldGen from 122880K by 118272K to 241152K
[2020-08-08T11:48:38.717+0300][313.283s][info ][gc] GC(2209) Pause Full (Ergonomics) 117M->117M(349M) 377.292ms
[2020-08-08T11:48:38.799+0300][313.364s][info ][gc] GC(2210) Pause Young (Allocation Failure) 174M->174M(349M) 69.443ms
[2020-08-08T11:48:38.977+0300][313.543s][info ][gc] GC(2211) Pause Young (Allocation Failure) 232M->232M(349M) 169.473ms
[2020-08-08T11:48:39.293+0300][313.859s][debug][gc] GC(2212) Shrinking ParOldGen from 241152K by 18432K to 222720K
[2020-08-08T11:48:39.293+0300][313.859s][info ][gc] GC(2212) Pause Full (Ergonomics) 232M->98M(331M) 315.814ms
[2020-08-08T11:48:39.367+0300][313.932s][info ][gc] GC(2213) Pause Young (Allocation Failure) 156M->156M(331M) 64.967ms
[2020-08-08T11:48:39.390+0300][313.956s][debug][gc] GC(2214) Shrinking ParOldGen from 222720K by 83968K to 138752K
[2020-08-08T11:48:39.390+0300][313.956s][info ][gc] GC(2214) Pause Full (Ergonomics) 156M->22M(249M) 23.469ms
[2020-08-08T11:48:39.481+0300][314.046s][info ][gc] GC(2215) Pause Young (Allocation Failure) 80M->79M(249M) 79.223ms
[2020-08-08T11:48:39.637+0300][314.202s][info ][gc] GC(2216) Pause Young (Allocation Failure) 136M->136M(249M) 143.522ms
[2020-08-08T11:48:39.646+0300][314.212s][debug][gc] GC(2217) Shrinking ParOldGen from 138752K by 18944K to 119808K
[2020-08-08T11:48:39.646+0300][314.212s][info ][gc] GC(2217) Pause Full (Ergonomics) 136M->2M(231M) 9.491ms
[2020-08-08T11:48:39.719+0300][314.285s][info ][gc] GC(2218) Pause Young (Allocation Failure) 60M->59M(231M) 63.331ms
[2020-08-08T11:48:39.878+0300][314.443s][info ][gc] GC(2219) Pause Young (Allocation Failure) 117M->117M(231M) 149.362ms
[2020-08-08T11:48:40.261+0300][314.826s][debug][gc] GC(2220) Expanding ParOldGen from 119808K by 118272K to 238080K
[2020-08-08T11:48:40.261+0300][314.826s][info ][gc] GC(2220) Pause Full (Ergonomics) 117M->117M(346M) 383.023ms
[2020-08-08T11:48:40.366+0300][314.931s][info ][gc] GC(2221) Pause Young (Allocation Failure) 174M->174M(346M) 95.454ms
[2020-08-08T11:48:40.547+0300][315.113s][info ][gc] GC(2222) Pause Young (Allocation Failure) 232M->232M(346M) 171.829ms
[2020-08-08T11:48:40.865+0300][315.430s][debug][gc] GC(2223) Shrinking ParOldGen from 238080K by 17408K to 220672K
[2020-08-08T11:48:40.865+0300][315.430s][info ][gc] GC(2223) Pause Full (Ergonomics) 232M->98M(329M) 317.649ms
[2020-08-08T11:48:40.942+0300][315.507s][info ][gc] GC(2224) Pause Young (Allocation Failure) 156M->155M(329M) 65.919ms
[2020-08-08T11:48:40.965+0300][315.530s][debug][gc] GC(2225) Shrinking ParOldGen from 220672K by 83968K to 136704K
[2020-08-08T11:48:40.965+0300][315.530s][info ][gc] GC(2225) Pause Full (Ergonomics) 155M->22M(247M) 22.913ms
[2020-08-08T11:48:41.055+0300][315.620s][info ][gc] GC(2226) Pause Young (Allocation Failure) 79M->79M(247M) 78.851ms
[2020-08-08T11:48:41.204+0300][315.770s][info ][gc] GC(2227) Pause Young (Allocation Failure) 137M->136M(247M) 139.624ms
[2020-08-08T11:48:41.213+0300][315.778s][debug][gc] GC(2228) Shrinking ParOldGen from 136704K by 18944K to 117760K
[2020-08-08T11:48:41.213+0300][315.778s][info ][gc] GC(2228) Pause Full (Ergonomics) 136M->2M(229M) 8.697ms
[2020-08-08T11:48:41.285+0300][315.851s][info ][gc] GC(2229) Pause Young (Allocation Failure) 60M->59M(229M) 64.224ms
[2020-08-08T11:48:41.442+0300][316.008s][info ][gc] GC(2230) Pause Young (Allocation Failure) 117M->117M(229M) 147.584ms
[2020-08-08T11:48:41.828+0300][316.394s][debug][gc] GC(2231) Expanding ParOldGen from 117760K by 116736K to 234496K
[2020-08-08T11:48:41.828+0300][316.394s][info ][gc] GC(2231) Pause Full (Ergonomics) 117M->117M(343M) 385.893ms
[2020-08-08T11:48:41.937+0300][316.502s][info ][gc] GC(2232) Pause Young (Allocation Failure) 174M->174M(343M) 98.318ms
[2020-08-08T11:48:42.115+0300][316.681s][info ][gc] GC(2233) Pause Young (Allocation Failure) 232M->232M(343M) 168.628ms
[2020-08-08T11:48:42.431+0300][316.996s][debug][gc] GC(2234) Shrinking ParOldGen from 234496K by 15360K to 219136K
[2020-08-08T11:48:42.431+0300][316.996s][info ][gc] GC(2234) Pause Full (Ergonomics) 232M->98M(328M) 315.202ms
[2020-08-08T11:48:42.502+0300][317.068s][info ][gc] GC(2235) Pause Young (Allocation Failure) 156M->156M(328M) 63.985ms
[2020-08-08T11:48:42.526+0300][317.092s][debug][gc] GC(2236) Shrinking ParOldGen from 219136K by 83968K to 135168K
[2020-08-08T11:48:42.526+0300][317.092s][info ][gc] GC(2236) Pause Full (Ergonomics) 156M->22M(246M) 23.678ms
[2020-08-08T11:48:42.621+0300][317.186s][info ][gc] GC(2237) Pause Young (Allocation Failure) 80M->79M(246M) 81.296ms
[2020-08-08T11:48:42.773+0300][317.339s][info ][gc] GC(2238) Pause Young (Allocation Failure) 136M->136M(246M) 142.634ms
[2020-08-08T11:48:42.782+0300][317.348s][debug][gc] GC(2239) Shrinking ParOldGen from 135168K by 18432K to 116736K
[2020-08-08T11:48:42.782+0300][317.348s][info ][gc] GC(2239) Pause Full (Ergonomics) 136M->2M(228M) 9.114ms
[2020-08-08T11:48:42.854+0300][317.419s][info ][gc] GC(2240) Pause Young (Allocation Failure) 60M->59M(228M) 63.220ms
[2020-08-08T11:48:43.012+0300][317.577s][info ][gc] GC(2241) Pause Young (Allocation Failure) 117M->117M(228M) 148.008ms
[2020-08-08T11:48:43.392+0300][317.957s][debug][gc] GC(2242) Expanding ParOldGen from 116736K by 116224K to 232960K
[2020-08-08T11:48:43.392+0300][317.958s][info ][gc] GC(2242) Pause Full (Ergonomics) 117M->117M(341M) 380.077ms
[2020-08-08T11:48:43.499+0300][318.065s][info ][gc] GC(2243) Pause Young (Allocation Failure) 174M->174M(341M) 98.927ms
[2020-08-08T11:48:43.683+0300][318.249s][info ][gc] GC(2244) Pause Young (Allocation Failure) 232M->232M(341M) 172.957ms
[2020-08-08T11:48:43.999+0300][318.564s][debug][gc] GC(2245) Shrinking ParOldGen from 232960K by 14848K to 218112K
[2020-08-08T11:48:43.999+0300][318.564s][info ][gc] GC(2245) Pause Full (Ergonomics) 232M->98M(327M) 315.460ms
[2020-08-08T11:48:44.071+0300][318.636s][info ][gc] GC(2246) Pause Young (Allocation Failure) 156M->156M(327M) 63.279ms
[2020-08-08T11:48:44.225+0300][318.790s][info ][gc] GC(2247) Pause Young (Allocation Failure) 213M->213M(327M) 144.752ms
[2020-08-08T11:48:44.464+0300][319.030s][debug][gc] GC(2248) Shrinking ParOldGen from 218112K by 17920K to 200192K
[2020-08-08T11:48:44.465+0300][319.030s][info ][gc] GC(2248) Pause Full (Ergonomics) 213M->79M(309M) 239.921ms
[2020-08-08T11:48:44.551+0300][319.117s][info ][gc] GC(2249) Pause Young (Allocation Failure) 136M->136M(309M) 76.441ms
[2020-08-08T11:48:44.698+0300][319.263s][info ][gc] GC(2250) Pause Young (Allocation Failure) 193M->193M(309M) 137.117ms
[2020-08-08T11:48:44.861+0300][319.426s][debug][gc] GC(2251) Shrinking ParOldGen from 200192K by 19968K to 180224K
[2020-08-08T11:48:44.861+0300][319.426s][info ][gc] GC(2251) Pause Full (Ergonomics) 193M->59M(290M) 162.788ms
[2020-08-08T11:48:44.949+0300][319.514s][info ][gc] GC(2252) Pause Young (Allocation Failure) 117M->117M(290M) 77.554ms
[2020-08-08T11:48:45.090+0300][319.655s][info ][gc] GC(2253) Pause Young (Allocation Failure) 174M->174M(290M) 134.284ms
[2020-08-08T11:48:45.184+0300][319.749s][debug][gc] GC(2254) Shrinking ParOldGen from 180224K by 17920K to 162304K
[2020-08-08T11:48:45.184+0300][319.749s][info ][gc] GC(2254) Pause Full (Ergonomics) 174M->41M(272M) 93.821ms
[2020-08-08T11:48:45.278+0300][319.844s][info ][gc] GC(2255) Pause Young (Allocation Failure) 98M->98M(272M) 83.578ms
[2020-08-08T11:48:45.417+0300][319.983s][info ][gc] GC(2256) Pause Young (Allocation Failure) 156M->156M(272M) 131.363ms
[2020-08-08T11:48:45.438+0300][320.003s][debug][gc] GC(2257) Shrinking ParOldGen from 162304K by 11264K to 151040K
[2020-08-08T11:48:45.438+0300][320.003s][info ][gc] GC(2257) Pause Full (Ergonomics) 156M->22M(261M) 20.713ms
[2020-08-08T11:48:45.527+0300][320.093s][info ][gc] GC(2258) Pause Young (Allocation Failure) 80M->80M(261M) 78.755ms
[2020-08-08T11:48:45.684+0300][320.250s][info ][gc] GC(2259) Pause Young (Allocation Failure) 136M->136M(261M) 145.816ms
[2020-08-08T11:48:45.694+0300][320.259s][debug][gc] GC(2260) Shrinking ParOldGen from 151040K by 21504K to 129536K
[2020-08-08T11:48:45.694+0300][320.259s][info ][gc] GC(2260) Pause Full (Ergonomics) 136M->2M(240M) 9.179ms
[2020-08-08T11:48:45.769+0300][320.334s][info ][gc] GC(2261) Pause Young (Allocation Failure) 60M->59M(240M) 64.380ms
[2020-08-08T11:48:45.926+0300][320.492s][info ][gc] GC(2262) Pause Young (Allocation Failure) 117M->117M(240M) 148.472ms
[2020-08-08T11:48:46.306+0300][320.871s][debug][gc] GC(2263) Expanding ParOldGen from 129536K by 116736K to 246272K
[2020-08-08T11:48:46.306+0300][320.871s][info ][gc] GC(2263) Pause Full (Ergonomics) 117M->117M(354M) 379.608ms
[2020-08-08T11:48:46.382+0300][320.947s][info ][gc] GC(2264) Pause Young (Allocation Failure) 174M->174M(354M) 67.228ms
[2020-08-08T11:48:46.558+0300][321.124s][info ][gc] GC(2265) Pause Young (Allocation Failure) 232M->232M(354M) 166.217ms
[2020-08-08T11:48:46.875+0300][321.440s][debug][gc] GC(2266) Shrinking ParOldGen from 246272K by 19456K to 226816K
[2020-08-08T11:48:46.875+0300][321.440s][info ][gc] GC(2266) Pause Full (Ergonomics) 232M->98M(335M) 316.290ms
[2020-08-08T11:48:46.950+0300][321.516s][info ][gc] GC(2267) Pause Young (Allocation Failure) 156M->155M(335M) 65.638ms
[2020-08-08T11:48:46.973+0300][321.539s][debug][gc] GC(2268) Shrinking ParOldGen from 226816K by 83968K to 142848K
[2020-08-08T11:48:46.973+0300][321.539s][info ][gc] GC(2268) Pause Full (Ergonomics) 155M->22M(253M) 22.690ms
[2020-08-08T11:48:47.063+0300][321.628s][info ][gc] GC(2269) Pause Young (Allocation Failure) 79M->79M(253M) 78.726ms
[2020-08-08T11:48:47.212+0300][321.777s][info ][gc] GC(2270) Pause Young (Allocation Failure) 137M->136M(253M) 139.436ms
[2020-08-08T11:48:47.221+0300][321.787s][debug][gc] GC(2271) Shrinking ParOldGen from 142848K by 19968K to 122880K
[2020-08-08T11:48:47.221+0300][321.787s][info ][gc] GC(2271) Pause Full (Ergonomics) 136M->2M(234M) 9.557ms
[2020-08-08T11:48:47.293+0300][321.859s][info ][gc] GC(2272) Pause Young (Allocation Failure) 60M->59M(234M) 63.264ms
[2020-08-08T11:48:47.450+0300][322.016s][info ][gc] GC(2273) Pause Young (Allocation Failure) 117M->117M(234M) 147.354ms
[2020-08-08T11:48:47.831+0300][322.396s][debug][gc] GC(2274) Expanding ParOldGen from 122880K by 118272K to 241152K
[2020-08-08T11:48:47.831+0300][322.396s][info ][gc] GC(2274) Pause Full (Ergonomics) 117M->117M(349M) 380.458ms
[2020-08-08T11:48:47.909+0300][322.474s][info ][gc] GC(2275) Pause Young (Allocation Failure) 174M->174M(349M) 67.151ms
[2020-08-08T11:48:48.088+0300][322.653s][info ][gc] GC(2276) Pause Young (Allocation Failure) 232M->232M(349M) 169.567ms
[2020-08-08T11:48:48.405+0300][322.971s][debug][gc] GC(2277) Shrinking ParOldGen from 241152K by 18432K to 222720K
[2020-08-08T11:48:48.405+0300][322.971s][info ][gc] GC(2277) Pause Full (Ergonomics) 232M->98M(331M) 317.103ms
[2020-08-08T11:48:48.477+0300][323.042s][info ][gc] GC(2278) Pause Young (Allocation Failure) 156M->156M(331M) 63.969ms
[2020-08-08T11:48:48.500+0300][323.066s][debug][gc] GC(2279) Shrinking ParOldGen from 222720K by 83968K to 138752K
[2020-08-08T11:48:48.500+0300][323.066s][info ][gc] GC(2279) Pause Full (Ergonomics) 156M->22M(249M) 23.318ms
[2020-08-08T11:48:48.589+0300][323.155s][info ][gc] GC(2280) Pause Young (Allocation Failure) 80M->79M(249M) 78.570ms
[2020-08-08T11:48:48.745+0300][323.311s][info ][gc] GC(2281) Pause Young (Allocation Failure) 136M->136M(249M) 144.521ms
[2020-08-08T11:48:48.755+0300][323.320s][debug][gc] GC(2282) Shrinking ParOldGen from 138752K by 18944K to 119808K
[2020-08-08T11:48:48.755+0300][323.320s][info ][gc] GC(2282) Pause Full (Ergonomics) 136M->2M(231M) 9.634ms
[2020-08-08T11:48:48.828+0300][323.393s][info ][gc] GC(2283) Pause Young (Allocation Failure) 60M->59M(231M) 63.100ms
[2020-08-08T11:48:48.985+0300][323.551s][info ][gc] GC(2284) Pause Young (Allocation Failure) 117M->117M(231M) 148.347ms
[2020-08-08T11:48:49.366+0300][323.932s][debug][gc] GC(2285) Expanding ParOldGen from 119808K by 118272K to 238080K
[2020-08-08T11:48:49.367+0300][323.932s][info ][gc] GC(2285) Pause Full (Ergonomics) 117M->117M(346M) 381.005ms
[2020-08-08T11:48:49.470+0300][324.035s][info ][gc] GC(2286) Pause Young (Allocation Failure) 174M->174M(346M) 95.699ms
[2020-08-08T11:48:49.650+0300][324.215s][info ][gc] GC(2287) Pause Young (Allocation Failure) 232M->232M(346M) 170.868ms
[2020-08-08T11:48:49.969+0300][324.534s][debug][gc] GC(2288) Shrinking ParOldGen from 238080K by 17408K to 220672K
[2020-08-08T11:48:49.969+0300][324.535s][info ][gc] GC(2288) Pause Full (Ergonomics) 232M->98M(329M) 319.343ms
[2020-08-08T11:48:50.044+0300][324.610s][info ][gc] GC(2289) Pause Young (Allocation Failure) 156M->155M(329M) 64.003ms
[2020-08-08T11:48:50.068+0300][324.633s][debug][gc] GC(2290) Shrinking ParOldGen from 220672K by 83968K to 136704K
[2020-08-08T11:48:50.068+0300][324.633s][info ][gc] GC(2290) Pause Full (Ergonomics) 155M->22M(247M) 23.637ms
[2020-08-08T11:48:50.157+0300][324.723s][info ][gc] GC(2291) Pause Young (Allocation Failure) 79M->79M(247M) 78.603ms
[2020-08-08T11:48:50.307+0300][324.873s][info ][gc] GC(2292) Pause Young (Allocation Failure) 137M->136M(247M) 141.354ms
[2020-08-08T11:48:50.317+0300][324.882s][debug][gc] GC(2293) Shrinking ParOldGen from 136704K by 18944K to 117760K
[2020-08-08T11:48:50.317+0300][324.882s][info ][gc] GC(2293) Pause Full (Ergonomics) 136M->2M(229M) 9.580ms
[2020-08-08T11:48:50.389+0300][324.954s][info ][gc] GC(2294) Pause Young (Allocation Failure) 60M->59M(229M) 63.780ms
[2020-08-08T11:48:50.546+0300][325.111s][info ][gc] GC(2295) Pause Young (Allocation Failure) 117M->117M(229M) 147.460ms
[2020-08-08T11:48:50.926+0300][325.491s][debug][gc] GC(2296) Expanding ParOldGen from 117760K by 116736K to 234496K
[2020-08-08T11:48:50.926+0300][325.491s][info ][gc] GC(2296) Pause Full (Ergonomics) 117M->117M(343M) 379.735ms
[2020-08-08T11:48:51.037+0300][325.603s][info ][gc] GC(2297) Pause Young (Allocation Failure) 174M->174M(343M) 99.857ms
[2020-08-08T11:48:51.216+0300][325.781s][info ][gc] GC(2298) Pause Young (Allocation Failure) 232M->232M(343M) 168.988ms
[2020-08-08T11:48:51.533+0300][326.099s][debug][gc] GC(2299) Shrinking ParOldGen from 234496K by 15360K to 219136K
[2020-08-08T11:48:51.533+0300][326.099s][info ][gc] GC(2299) Pause Full (Ergonomics) 232M->98M(328M) 317.326ms
[2020-08-08T11:48:51.607+0300][326.172s][info ][gc] GC(2300) Pause Young (Allocation Failure) 156M->156M(328M) 64.938ms
[2020-08-08T11:48:51.630+0300][326.196s][debug][gc] GC(2301) Shrinking ParOldGen from 219136K by 83968K to 135168K
[2020-08-08T11:48:51.630+0300][326.196s][info ][gc] GC(2301) Pause Full (Ergonomics) 156M->22M(246M) 23.569ms
[2020-08-08T11:48:51.724+0300][326.290s][info ][gc] GC(2302) Pause Young (Allocation Failure) 80M->79M(246M) 80.060ms
[2020-08-08T11:48:51.877+0300][326.443s][info ][gc] GC(2303) Pause Young (Allocation Failure) 136M->136M(246M) 142.648ms
[2020-08-08T11:48:51.886+0300][326.452s][debug][gc] GC(2304) Shrinking ParOldGen from 135168K by 18432K to 116736K
[2020-08-08T11:48:51.887+0300][326.452s][info ][gc] GC(2304) Pause Full (Ergonomics) 136M->2M(228M) 9.333ms
[2020-08-08T11:48:51.961+0300][326.526s][info ][gc] GC(2305) Pause Young (Allocation Failure) 60M->59M(228M) 63.684ms
[2020-08-08T11:48:52.118+0300][326.683s][info ][gc] GC(2306) Pause Young (Allocation Failure) 117M->117M(228M) 146.693ms
[2020-08-08T11:48:52.500+0300][327.065s][debug][gc] GC(2307) Expanding ParOldGen from 116736K by 116224K to 232960K
[2020-08-08T11:48:52.500+0300][327.065s][info ][gc] GC(2307) Pause Full (Ergonomics) 117M->117M(341M) 382.236ms
[2020-08-08T11:48:52.610+0300][327.176s][info ][gc] GC(2308) Pause Young (Allocation Failure) 174M->174M(341M) 103.009ms
[2020-08-08T11:48:52.796+0300][327.361s][info ][gc] GC(2309) Pause Young (Allocation Failure) 232M->232M(341M) 173.604ms
[2020-08-08T11:48:53.110+0300][327.675s][debug][gc] GC(2310) Shrinking ParOldGen from 232960K by 14848K to 218112K
[2020-08-08T11:48:53.110+0300][327.675s][info ][gc] GC(2310) Pause Full (Ergonomics) 232M->98M(327M) 313.689ms
[2020-08-08T11:48:53.181+0300][327.747s][info ][gc] GC(2311) Pause Young (Allocation Failure) 156M->156M(327M) 63.133ms
[2020-08-08T11:48:53.336+0300][327.902s][info ][gc] GC(2312) Pause Young (Allocation Failure) 213M->213M(327M) 144.867ms
[2020-08-08T11:48:53.577+0300][328.143s][debug][gc] GC(2313) Shrinking ParOldGen from 218112K by 17920K to 200192K
[2020-08-08T11:48:53.577+0300][328.143s][info ][gc] GC(2313) Pause Full (Ergonomics) 213M->79M(309M) 240.929ms
[2020-08-08T11:48:53.665+0300][328.231s][info ][gc] GC(2314) Pause Young (Allocation Failure) 136M->136M(309M) 78.654ms
[2020-08-08T11:48:53.811+0300][328.376s][info ][gc] GC(2315) Pause Young (Allocation Failure) 193M->193M(309M) 134.852ms
[2020-08-08T11:48:53.974+0300][328.539s][debug][gc] GC(2316) Shrinking ParOldGen from 200192K by 19968K to 180224K
[2020-08-08T11:48:53.974+0300][328.539s][info ][gc] GC(2316) Pause Full (Ergonomics) 193M->59M(290M) 162.851ms
[2020-08-08T11:48:54.063+0300][328.628s][info ][gc] GC(2317) Pause Young (Allocation Failure) 117M->117M(290M) 76.837ms
[2020-08-08T11:48:54.201+0300][328.766s][info ][gc] GC(2318) Pause Young (Allocation Failure) 174M->174M(290M) 130.832ms
[2020-08-08T11:48:54.294+0300][328.860s][debug][gc] GC(2319) Shrinking ParOldGen from 180224K by 17920K to 162304K
[2020-08-08T11:48:54.294+0300][328.860s][info ][gc] GC(2319) Pause Full (Ergonomics) 174M->41M(272M) 93.499ms
[2020-08-08T11:48:54.383+0300][328.949s][info ][gc] GC(2320) Pause Young (Allocation Failure) 98M->98M(272M) 77.788ms
[2020-08-08T11:48:54.520+0300][329.085s][info ][gc] GC(2321) Pause Young (Allocation Failure) 156M->156M(272M) 128.911ms
[2020-08-08T11:48:54.540+0300][329.106s][debug][gc] GC(2322) Shrinking ParOldGen from 162304K by 11264K to 151040K
[2020-08-08T11:48:54.540+0300][329.106s][info ][gc] GC(2322) Pause Full (Ergonomics) 156M->22M(261M) 20.650ms
[2020-08-08T11:48:54.632+0300][329.197s][info ][gc] GC(2323) Pause Young (Allocation Failure) 80M->80M(261M) 80.160ms
[2020-08-08T11:48:54.786+0300][329.351s][info ][gc] GC(2324) Pause Young (Allocation Failure) 136M->136M(261M) 142.928ms
[2020-08-08T11:48:54.795+0300][329.361s][debug][gc] GC(2325) Shrinking ParOldGen from 151040K by 21504K to 129536K
[2020-08-08T11:48:54.795+0300][329.361s][info ][gc] GC(2325) Pause Full (Ergonomics) 136M->2M(240M) 9.354ms
[2020-08-08T11:48:54.869+0300][329.434s][info ][gc] GC(2326) Pause Young (Allocation Failure) 60M->59M(240M) 63.339ms
[2020-08-08T11:48:55.025+0300][329.591s][info ][gc] GC(2327) Pause Young (Allocation Failure) 117M->117M(240M) 147.149ms
[2020-08-08T11:48:55.404+0300][329.969s][debug][gc] GC(2328) Expanding ParOldGen from 129536K by 116736K to 246272K
[2020-08-08T11:48:55.404+0300][329.969s][info ][gc] GC(2328) Pause Full (Ergonomics) 117M->117M(354M) 378.664ms
[2020-08-08T11:48:55.479+0300][330.045s][info ][gc] GC(2329) Pause Young (Allocation Failure) 174M->174M(354M) 67.970ms
[2020-08-08T11:48:55.659+0300][330.224s][info ][gc] GC(2330) Pause Young (Allocation Failure) 232M->232M(354M) 169.614ms
[2020-08-08T11:48:55.976+0300][330.542s][debug][gc] GC(2331) Shrinking ParOldGen from 246272K by 19456K to 226816K
[2020-08-08T11:48:55.976+0300][330.542s][info ][gc] GC(2331) Pause Full (Ergonomics) 232M->98M(335M) 317.624ms
[2020-08-08T11:48:56.052+0300][330.618s][info ][gc] GC(2332) Pause Young (Allocation Failure) 156M->155M(335M) 64.692ms
[2020-08-08T11:48:56.075+0300][330.640s][debug][gc] GC(2333) Shrinking ParOldGen from 226816K by 83968K to 142848K
[2020-08-08T11:48:56.075+0300][330.640s][info ][gc] GC(2333) Pause Full (Ergonomics) 155M->22M(253M) 22.325ms
[2020-08-08T11:48:56.164+0300][330.729s][info ][gc] GC(2334) Pause Young (Allocation Failure) 79M->79M(253M) 78.642ms
[2020-08-08T11:48:56.313+0300][330.879s][info ][gc] GC(2335) Pause Young (Allocation Failure) 137M->136M(253M) 140.308ms
[2020-08-08T11:48:56.323+0300][330.888s][debug][gc] GC(2336) Shrinking ParOldGen from 142848K by 19968K to 122880K
[2020-08-08T11:48:56.323+0300][330.888s][info ][gc] GC(2336) Pause Full (Ergonomics) 136M->2M(234M) 9.457ms
[2020-08-08T11:48:56.395+0300][330.960s][info ][gc] GC(2337) Pause Young (Allocation Failure) 60M->59M(234M) 63.796ms
[2020-08-08T11:48:56.552+0300][331.117s][info ][gc] GC(2338) Pause Young (Allocation Failure) 117M->117M(234M) 147.322ms
[2020-08-08T11:48:56.931+0300][331.496s][debug][gc] GC(2339) Expanding ParOldGen from 122880K by 118272K to 241152K
[2020-08-08T11:48:56.931+0300][331.496s][info ][gc] GC(2339) Pause Full (Ergonomics) 117M->117M(349M) 379.423ms
[2020-08-08T11:48:57.011+0300][331.576s][info ][gc] GC(2340) Pause Young (Allocation Failure) 174M->174M(349M) 68.588ms
[2020-08-08T11:48:57.189+0300][331.754s][info ][gc] GC(2341) Pause Young (Allocation Failure) 232M->232M(349M) 168.536ms
[2020-08-08T11:48:57.503+0300][332.068s][debug][gc] GC(2342) Shrinking ParOldGen from 241152K by 18432K to 222720K
[2020-08-08T11:48:57.503+0300][332.068s][info ][gc] GC(2342) Pause Full (Ergonomics) 232M->98M(331M) 313.953ms
[2020-08-08T11:48:57.575+0300][332.140s][info ][gc] GC(2343) Pause Young (Allocation Failure) 156M->156M(331M) 64.112ms
[2020-08-08T11:48:57.598+0300][332.163s][debug][gc] GC(2344) Shrinking ParOldGen from 222720K by 83968K to 138752K
[2020-08-08T11:48:57.598+0300][332.164s][info ][gc] GC(2344) Pause Full (Ergonomics) 156M->22M(249M) 23.286ms
[2020-08-08T11:48:57.690+0300][332.255s][info ][gc] GC(2345) Pause Young (Allocation Failure) 80M->79M(249M) 78.191ms
[2020-08-08T11:48:57.842+0300][332.407s][info ][gc] GC(2346) Pause Young (Allocation Failure) 136M->136M(249M) 141.499ms
[2020-08-08T11:48:57.852+0300][332.417s][debug][gc] GC(2347) Shrinking ParOldGen from 138752K by 18944K to 119808K
[2020-08-08T11:48:57.852+0300][332.417s][info ][gc] GC(2347) Pause Full (Ergonomics) 136M->2M(231M) 9.691ms
[2020-08-08T11:48:57.925+0300][332.490s][info ][gc] GC(2348) Pause Young (Allocation Failure) 60M->59M(231M) 63.420ms
[2020-08-08T11:48:58.082+0300][332.648s][info ][gc] GC(2349) Pause Young (Allocation Failure) 117M->117M(231M) 146.987ms
[2020-08-08T11:48:58.465+0300][333.030s][debug][gc] GC(2350) Expanding ParOldGen from 119808K by 118272K to 238080K
[2020-08-08T11:48:58.465+0300][333.030s][info ][gc] GC(2350) Pause Full (Ergonomics) 117M->117M(346M) 382.220ms
[2020-08-08T11:48:58.569+0300][333.134s][info ][gc] GC(2351) Pause Young (Allocation Failure) 174M->174M(346M) 96.214ms
[2020-08-08T11:48:58.749+0300][333.314s][info ][gc] GC(2352) Pause Young (Allocation Failure) 232M->232M(346M) 170.301ms
[2020-08-08T11:48:59.064+0300][333.630s][debug][gc] GC(2353) Shrinking ParOldGen from 238080K by 17408K to 220672K
[2020-08-08T11:48:59.064+0300][333.630s][info ][gc] GC(2353) Pause Full (Ergonomics) 232M->98M(329M) 315.131ms
[2020-08-08T11:48:59.139+0300][333.705s][info ][gc] GC(2354) Pause Young (Allocation Failure) 156M->155M(329M) 64.214ms
[2020-08-08T11:48:59.162+0300][333.728s][debug][gc] GC(2355) Shrinking ParOldGen from 220672K by 83968K to 136704K
[2020-08-08T11:48:59.162+0300][333.728s][info ][gc] GC(2355) Pause Full (Ergonomics) 155M->22M(247M) 22.963ms
[2020-08-08T11:48:59.252+0300][333.817s][info ][gc] GC(2356) Pause Young (Allocation Failure) 79M->79M(247M) 78.530ms
[2020-08-08T11:48:59.401+0300][333.967s][info ][gc] GC(2357) Pause Young (Allocation Failure) 137M->136M(247M) 140.426ms
[2020-08-08T11:48:59.410+0300][333.976s][debug][gc] GC(2358) Shrinking ParOldGen from 136704K by 18944K to 117760K
[2020-08-08T11:48:59.410+0300][333.976s][info ][gc] GC(2358) Pause Full (Ergonomics) 136M->2M(229M) 9.052ms
[2020-08-08T11:48:59.482+0300][334.048s][info ][gc] GC(2359) Pause Young (Allocation Failure) 60M->59M(229M) 63.525ms
[2020-08-08T11:48:59.641+0300][334.206s][info ][gc] GC(2360) Pause Young (Allocation Failure) 117M->117M(229M) 148.626ms
[2020-08-08T11:49:00.023+0300][334.588s][debug][gc] GC(2361) Expanding ParOldGen from 117760K by 116736K to 234496K
[2020-08-08T11:49:00.023+0300][334.588s][info ][gc] GC(2361) Pause Full (Ergonomics) 117M->117M(343M) 382.150ms
[2020-08-08T11:49:00.135+0300][334.701s][info ][gc] GC(2362) Pause Young (Allocation Failure) 174M->174M(343M) 100.788ms
[2020-08-08T11:49:00.317+0300][334.883s][info ][gc] GC(2363) Pause Young (Allocation Failure) 232M->232M(343M) 171.773ms
[2020-08-08T11:49:00.634+0300][335.199s][debug][gc] GC(2364) Shrinking ParOldGen from 234496K by 15360K to 219136K
[2020-08-08T11:49:00.634+0300][335.200s][info ][gc] GC(2364) Pause Full (Ergonomics) 232M->98M(328M) 316.909ms
[2020-08-08T11:49:00.706+0300][335.272s][info ][gc] GC(2365) Pause Young (Allocation Failure) 156M->156M(328M) 64.186ms
[2020-08-08T11:49:00.730+0300][335.296s][debug][gc] GC(2366) Shrinking ParOldGen from 219136K by 83968K to 135168K
[2020-08-08T11:49:00.730+0300][335.296s][info ][gc] GC(2366) Pause Full (Ergonomics) 156M->22M(246M) 23.680ms
[2020-08-08T11:49:00.824+0300][335.389s][info ][gc] GC(2367) Pause Young (Allocation Failure) 80M->79M(246M) 80.347ms
[2020-08-08T11:49:00.977+0300][335.543s][info ][gc] GC(2368) Pause Young (Allocation Failure) 136M->136M(246M) 142.558ms
[2020-08-08T11:49:00.987+0300][335.552s][debug][gc] GC(2369) Shrinking ParOldGen from 135168K by 18432K to 116736K
[2020-08-08T11:49:00.987+0300][335.552s][info ][gc] GC(2369) Pause Full (Ergonomics) 136M->2M(228M) 9.533ms
[2020-08-08T11:49:01.058+0300][335.624s][info ][gc] GC(2370) Pause Young (Allocation Failure) 60M->59M(228M) 63.600ms
[2020-08-08T11:49:01.216+0300][335.781s][info ][gc] GC(2371) Pause Young (Allocation Failure) 117M->117M(228M) 147.369ms
[2020-08-08T11:49:01.596+0300][336.162s][debug][gc] GC(2372) Expanding ParOldGen from 116736K by 116224K to 232960K
[2020-08-08T11:49:01.596+0300][336.162s][info ][gc] GC(2372) Pause Full (Ergonomics) 117M->117M(341M) 380.262ms
[2020-08-08T11:49:01.706+0300][336.271s][info ][gc] GC(2373) Pause Young (Allocation Failure) 174M->174M(341M) 101.376ms
[2020-08-08T11:49:01.888+0300][336.453s][info ][gc] GC(2374) Pause Young (Allocation Failure) 232M->232M(341M) 170.877ms
[2020-08-08T11:49:02.202+0300][336.767s][debug][gc] GC(2375) Shrinking ParOldGen from 232960K by 14848K to 218112K
[2020-08-08T11:49:02.202+0300][336.767s][info ][gc] GC(2375) Pause Full (Ergonomics) 232M->98M(327M) 313.960ms
[2020-08-08T11:49:02.274+0300][336.839s][info ][gc] GC(2376) Pause Young (Allocation Failure) 156M->156M(327M) 63.293ms
[2020-08-08T11:49:02.427+0300][336.993s][info ][gc] GC(2377) Pause Young (Allocation Failure) 213M->213M(327M) 144.223ms
[2020-08-08T11:49:02.668+0300][337.234s][debug][gc] GC(2378) Shrinking ParOldGen from 218112K by 17920K to 200192K
[2020-08-08T11:49:02.669+0300][337.234s][info ][gc] GC(2378) Pause Full (Ergonomics) 213M->79M(309M) 241.298ms
[2020-08-08T11:49:02.756+0300][337.322s][info ][gc] GC(2379) Pause Young (Allocation Failure) 136M->136M(309M) 77.837ms
[2020-08-08T11:49:02.903+0300][337.468s][info ][gc] GC(2380) Pause Young (Allocation Failure) 193M->193M(309M) 136.059ms
[2020-08-08T11:49:03.067+0300][337.633s][debug][gc] GC(2381) Shrinking ParOldGen from 200192K by 19968K to 180224K
[2020-08-08T11:49:03.068+0300][337.633s][info ][gc] GC(2381) Pause Full (Ergonomics) 193M->59M(290M) 164.908ms
[2020-08-08T11:49:03.155+0300][337.721s][info ][gc] GC(2382) Pause Young (Allocation Failure) 117M->117M(290M) 77.627ms
[2020-08-08T11:49:03.294+0300][337.859s][info ][gc] GC(2383) Pause Young (Allocation Failure) 174M->174M(290M) 130.796ms
[2020-08-08T11:49:03.389+0300][337.954s][debug][gc] GC(2384) Shrinking ParOldGen from 180224K by 17920K to 162304K
[2020-08-08T11:49:03.389+0300][337.954s][info ][gc] GC(2384) Pause Full (Ergonomics) 174M->41M(272M) 94.993ms
[2020-08-08T11:49:03.477+0300][338.042s][info ][gc] GC(2385) Pause Young (Allocation Failure) 98M->98M(272M) 77.348ms
[2020-08-08T11:49:03.616+0300][338.182s][info ][gc] GC(2386) Pause Young (Allocation Failure) 156M->156M(272M) 131.544ms
[2020-08-08T11:49:03.637+0300][338.202s][debug][gc] GC(2387) Shrinking ParOldGen from 162304K by 11264K to 151040K
[2020-08-08T11:49:03.637+0300][338.202s][info ][gc] GC(2387) Pause Full (Ergonomics) 156M->22M(261M) 20.559ms
[2020-08-08T11:49:03.727+0300][338.292s][info ][gc] GC(2388) Pause Young (Allocation Failure) 80M->80M(261M) 78.871ms
[2020-08-08T11:49:03.880+0300][338.446s][info ][gc] GC(2389) Pause Young (Allocation Failure) 136M->136M(261M) 141.527ms
[2020-08-08T11:49:03.890+0300][338.455s][debug][gc] GC(2390) Shrinking ParOldGen from 151040K by 21504K to 129536K
[2020-08-08T11:49:03.890+0300][338.455s][info ][gc] GC(2390) Pause Full (Ergonomics) 136M->2M(240M) 9.487ms
[2020-08-08T11:49:03.963+0300][338.529s][info ][gc] GC(2391) Pause Young (Allocation Failure) 60M->59M(240M) 63.485ms
[2020-08-08T11:49:04.122+0300][338.687s][info ][gc] GC(2392) Pause Young (Allocation Failure) 117M->117M(240M) 148.442ms
[2020-08-08T11:49:04.502+0300][339.067s][debug][gc] GC(2393) Expanding ParOldGen from 129536K by 116736K to 246272K
[2020-08-08T11:49:04.502+0300][339.067s][info ][gc] GC(2393) Pause Full (Ergonomics) 117M->117M(354M) 380.088ms
[2020-08-08T11:49:04.577+0300][339.142s][info ][gc] GC(2394) Pause Young (Allocation Failure) 174M->174M(354M) 67.387ms
[2020-08-08T11:49:04.752+0300][339.318s][info ][gc] GC(2395) Pause Young (Allocation Failure) 232M->232M(354M) 166.594ms
[2020-08-08T11:49:05.069+0300][339.634s][debug][gc] GC(2396) Shrinking ParOldGen from 246272K by 19456K to 226816K
[2020-08-08T11:49:05.069+0300][339.634s][info ][gc] GC(2396) Pause Full (Ergonomics) 232M->98M(335M) 316.287ms
[2020-08-08T11:49:05.143+0300][339.708s][info ][gc] GC(2397) Pause Young (Allocation Failure) 156M->155M(335M) 63.940ms
[2020-08-08T11:49:05.165+0300][339.730s][debug][gc] GC(2398) Shrinking ParOldGen from 226816K by 83968K to 142848K
[2020-08-08T11:49:05.165+0300][339.730s][info ][gc] GC(2398) Pause Full (Ergonomics) 155M->22M(253M) 22.286ms
[2020-08-08T11:49:05.254+0300][339.820s][info ][gc] GC(2399) Pause Young (Allocation Failure) 79M->79M(253M) 78.564ms
[2020-08-08T11:49:05.406+0300][339.971s][info ][gc] GC(2400) Pause Young (Allocation Failure) 137M->136M(253M) 141.873ms
[2020-08-08T11:49:05.415+0300][339.981s][debug][gc] GC(2401) Shrinking ParOldGen from 142848K by 19968K to 122880K
[2020-08-08T11:49:05.415+0300][339.981s][info ][gc] GC(2401) Pause Full (Ergonomics) 136M->2M(234M) 9.636ms
[2020-08-08T11:49:05.489+0300][340.054s][info ][gc] GC(2402) Pause Young (Allocation Failure) 60M->59M(234M) 63.894ms
[2020-08-08T11:49:05.646+0300][340.211s][info ][gc] GC(2403) Pause Young (Allocation Failure) 117M->117M(234M) 148.219ms
[2020-08-08T11:49:06.023+0300][340.588s][debug][gc] GC(2404) Expanding ParOldGen from 122880K by 118272K to 241152K
[2020-08-08T11:49:06.023+0300][340.588s][info ][gc] GC(2404) Pause Full (Ergonomics) 117M->117M(349M) 376.809ms
[2020-08-08T11:49:06.102+0300][340.667s][info ][gc] GC(2405) Pause Young (Allocation Failure) 174M->174M(349M) 67.822ms
[2020-08-08T11:49:06.279+0300][340.845s][info ][gc] GC(2406) Pause Young (Allocation Failure) 232M->232M(349M) 167.800ms
[2020-08-08T11:49:06.594+0300][341.160s][debug][gc] GC(2407) Shrinking ParOldGen from 241152K by 18432K to 222720K
[2020-08-08T11:49:06.594+0300][341.160s][info ][gc] GC(2407) Pause Full (Ergonomics) 232M->98M(331M) 314.975ms
[2020-08-08T11:49:06.669+0300][341.234s][info ][gc] GC(2408) Pause Young (Allocation Failure) 156M->156M(331M) 65.790ms
[2020-08-08T11:49:06.692+0300][341.257s][debug][gc] GC(2409) Shrinking ParOldGen from 222720K by 83968K to 138752K
[2020-08-08T11:49:06.692+0300][341.258s][info ][gc] GC(2409) Pause Full (Ergonomics) 156M->22M(249M) 23.218ms
[2020-08-08T11:49:06.781+0300][341.346s][info ][gc] GC(2410) Pause Young (Allocation Failure) 80M->79M(249M) 78.291ms
[2020-08-08T11:49:06.933+0300][341.499s][info ][gc] GC(2411) Pause Young (Allocation Failure) 136M->136M(249M) 141.422ms
[2020-08-08T11:49:06.943+0300][341.508s][debug][gc] GC(2412) Shrinking ParOldGen from 138752K by 18944K to 119808K
[2020-08-08T11:49:06.943+0300][341.508s][info ][gc] GC(2412) Pause Full (Ergonomics) 136M->2M(231M) 9.385ms
[2020-08-08T11:49:07.015+0300][341.581s][info ][gc] GC(2413) Pause Young (Allocation Failure) 60M->59M(231M) 62.479ms
[2020-08-08T11:49:07.173+0300][341.738s][info ][gc] GC(2414) Pause Young (Allocation Failure) 117M->117M(231M) 147.011ms
[2020-08-08T11:49:07.557+0300][342.122s][debug][gc] GC(2415) Expanding ParOldGen from 119808K by 118272K to 238080K
[2020-08-08T11:49:07.557+0300][342.122s][info ][gc] GC(2415) Pause Full (Ergonomics) 117M->117M(346M) 383.909ms
[2020-08-08T11:49:07.664+0300][342.229s][info ][gc] GC(2416) Pause Young (Allocation Failure) 174M->174M(346M) 96.759ms
[2020-08-08T11:49:07.845+0300][342.411s][info ][gc] GC(2417) Pause Young (Allocation Failure) 232M->232M(346M) 169.921ms
[2020-08-08T11:49:08.160+0300][342.725s][debug][gc] GC(2418) Shrinking ParOldGen from 238080K by 17408K to 220672K
[2020-08-08T11:49:08.160+0300][342.725s][info ][gc] GC(2418) Pause Full (Ergonomics) 232M->98M(329M) 314.573ms
[2020-08-08T11:49:08.239+0300][342.804s][info ][gc] GC(2419) Pause Young (Allocation Failure) 156M->155M(329M) 67.632ms
[2020-08-08T11:49:08.262+0300][342.828s][debug][gc] GC(2420) Shrinking ParOldGen from 220672K by 83968K to 136704K
[2020-08-08T11:49:08.263+0300][342.828s][info ][gc] GC(2420) Pause Full (Ergonomics) 155M->22M(247M) 23.457ms
[2020-08-08T11:49:08.354+0300][342.919s][info ][gc] GC(2421) Pause Young (Allocation Failure) 79M->79M(247M) 78.957ms
[2020-08-08T11:49:08.510+0300][343.075s][info ][gc] GC(2422) Pause Young (Allocation Failure) 137M->136M(247M) 145.913ms
[2020-08-08T11:49:08.519+0300][343.085s][debug][gc] GC(2423) Shrinking ParOldGen from 136704K by 18944K to 117760K
[2020-08-08T11:49:08.520+0300][343.085s][info ][gc] GC(2423) Pause Full (Ergonomics) 136M->2M(229M) 9.569ms
[2020-08-08T11:49:08.592+0300][343.158s][info ][gc] GC(2424) Pause Young (Allocation Failure) 60M->59M(229M) 64.322ms
[2020-08-08T11:49:08.751+0300][343.316s][info ][gc] GC(2425) Pause Young (Allocation Failure) 117M->117M(229M) 148.404ms
[2020-08-08T11:49:09.130+0300][343.695s][debug][gc] GC(2426) Expanding ParOldGen from 117760K by 116736K to 234496K
[2020-08-08T11:49:09.130+0300][343.695s][info ][gc] GC(2426) Pause Full (Ergonomics) 117M->117M(343M) 379.227ms
[2020-08-08T11:49:09.237+0300][343.803s][info ][gc] GC(2427) Pause Young (Allocation Failure) 174M->174M(343M) 97.170ms
[2020-08-08T11:49:09.419+0300][343.984s][info ][gc] GC(2428) Pause Young (Allocation Failure) 232M->232M(343M) 172.289ms
[2020-08-08T11:49:09.737+0300][344.303s][debug][gc] GC(2429) Shrinking ParOldGen from 234496K by 15360K to 219136K
[2020-08-08T11:49:09.737+0300][344.303s][info ][gc] GC(2429) Pause Full (Ergonomics) 232M->98M(328M) 318.391ms
[2020-08-08T11:49:09.810+0300][344.376s][info ][gc] GC(2430) Pause Young (Allocation Failure) 156M->156M(328M) 65.169ms
[2020-08-08T11:49:09.833+0300][344.399s][debug][gc] GC(2431) Shrinking ParOldGen from 219136K by 83968K to 135168K
[2020-08-08T11:49:09.833+0300][344.399s][info ][gc] GC(2431) Pause Full (Ergonomics) 156M->22M(246M) 23.152ms
[2020-08-08T11:49:09.928+0300][344.494s][info ][gc] GC(2432) Pause Young (Allocation Failure) 80M->79M(246M) 81.082ms
[2020-08-08T11:49:10.083+0300][344.648s][info ][gc] GC(2433) Pause Young (Allocation Failure) 136M->136M(246M) 143.827ms
[2020-08-08T11:49:10.092+0300][344.658s][debug][gc] GC(2434) Shrinking ParOldGen from 135168K by 18432K to 116736K
[2020-08-08T11:49:10.092+0300][344.658s][info ][gc] GC(2434) Pause Full (Ergonomics) 136M->2M(228M) 9.242ms
[2020-08-08T11:49:10.164+0300][344.729s][info ][gc] GC(2435) Pause Young (Allocation Failure) 60M->59M(228M) 62.916ms
[2020-08-08T11:49:10.320+0300][344.886s][info ][gc] GC(2436) Pause Young (Allocation Failure) 117M->117M(228M) 146.844ms
[2020-08-08T11:49:10.704+0300][345.270s][debug][gc] GC(2437) Expanding ParOldGen from 116736K by 116224K to 232960K
[2020-08-08T11:49:10.704+0300][345.270s][info ][gc] GC(2437) Pause Full (Ergonomics) 117M->117M(341M) 383.913ms
[2020-08-08T11:49:10.811+0300][345.377s][info ][gc] GC(2438) Pause Young (Allocation Failure) 174M->174M(341M) 98.944ms
[2020-08-08T11:49:10.994+0300][345.559s][info ][gc] GC(2439) Pause Young (Allocation Failure) 232M->232M(341M) 170.090ms
[2020-08-08T11:49:11.307+0300][345.873s][debug][gc] GC(2440) Shrinking ParOldGen from 232960K by 14848K to 218112K
[2020-08-08T11:49:11.308+0300][345.873s][info ][gc] GC(2440) Pause Full (Ergonomics) 232M->98M(327M) 313.914ms
[2020-08-08T11:49:11.380+0300][345.945s][info ][gc] GC(2441) Pause Young (Allocation Failure) 156M->156M(327M) 62.657ms
[2020-08-08T11:49:11.535+0300][346.100s][info ][gc] GC(2442) Pause Young (Allocation Failure) 213M->213M(327M) 145.285ms
[2020-08-08T11:49:11.773+0300][346.339s][debug][gc] GC(2443) Shrinking ParOldGen from 218112K by 17920K to 200192K
[2020-08-08T11:49:11.773+0300][346.339s][info ][gc] GC(2443) Pause Full (Ergonomics) 213M->79M(309M) 238.496ms
[2020-08-08T11:49:11.859+0300][346.424s][info ][gc] GC(2444) Pause Young (Allocation Failure) 136M->136M(309M) 75.851ms
[2020-08-08T11:49:12.002+0300][346.568s][info ][gc] GC(2445) Pause Young (Allocation Failure) 193M->193M(309M) 133.251ms
[2020-08-08T11:49:12.163+0300][346.729s][debug][gc] GC(2446) Shrinking ParOldGen from 200192K by 19968K to 180224K
[2020-08-08T11:49:12.164+0300][346.729s][info ][gc] GC(2446) Pause Full (Ergonomics) 193M->59M(290M) 161.251ms
[2020-08-08T11:49:12.252+0300][346.817s][info ][gc] GC(2447) Pause Young (Allocation Failure) 117M->117M(290M) 77.240ms
[2020-08-08T11:49:12.393+0300][346.958s][info ][gc] GC(2448) Pause Young (Allocation Failure) 174M->174M(290M) 133.278ms
[2020-08-08T11:49:12.487+0300][347.052s][debug][gc] GC(2449) Shrinking ParOldGen from 180224K by 17920K to 162304K
[2020-08-08T11:49:12.487+0300][347.052s][info ][gc] GC(2449) Pause Full (Ergonomics) 174M->41M(272M) 94.150ms
[2020-08-08T11:49:12.575+0300][347.140s][info ][gc] GC(2450) Pause Young (Allocation Failure) 98M->98M(272M) 77.733ms
[2020-08-08T11:49:12.711+0300][347.277s][info ][gc] GC(2451) Pause Young (Allocation Failure) 156M->156M(272M) 128.590ms
[2020-08-08T11:49:12.733+0300][347.298s][debug][gc] GC(2452) Shrinking ParOldGen from 162304K by 11264K to 151040K
[2020-08-08T11:49:12.733+0300][347.298s][info ][gc] GC(2452) Pause Full (Ergonomics) 156M->22M(261M) 21.439ms
[2020-08-08T11:49:12.821+0300][347.386s][info ][gc] GC(2453) Pause Young (Allocation Failure) 80M->80M(261M) 78.067ms
[2020-08-08T11:49:12.972+0300][347.537s][info ][gc] GC(2454) Pause Young (Allocation Failure) 136M->136M(261M) 141.338ms
[2020-08-08T11:49:12.981+0300][347.547s][debug][gc] GC(2455) Shrinking ParOldGen from 151040K by 21504K to 129536K
[2020-08-08T11:49:12.981+0300][347.547s][info ][gc] GC(2455) Pause Full (Ergonomics) 136M->2M(240M) 9.454ms
[2020-08-08T11:49:13.057+0300][347.623s][info ][gc] GC(2456) Pause Young (Allocation Failure) 60M->59M(240M) 64.267ms
[2020-08-08T11:49:13.216+0300][347.781s][info ][gc] GC(2457) Pause Young (Allocation Failure) 117M->117M(240M) 148.206ms
[2020-08-08T11:49:13.596+0300][348.162s][debug][gc] GC(2458) Expanding ParOldGen from 129536K by 116736K to 246272K
[2020-08-08T11:49:13.596+0300][348.162s][info ][gc] GC(2458) Pause Full (Ergonomics) 117M->117M(354M) 380.631ms
[2020-08-08T11:49:13.674+0300][348.239s][info ][gc] GC(2459) Pause Young (Allocation Failure) 174M->174M(354M) 68.643ms
[2020-08-08T11:49:13.851+0300][348.416s][info ][gc] GC(2460) Pause Young (Allocation Failure) 232M->232M(354M) 166.895ms
[2020-08-08T11:49:14.168+0300][348.733s][debug][gc] GC(2461) Shrinking ParOldGen from 246272K by 19456K to 226816K
[2020-08-08T11:49:14.168+0300][348.733s][info ][gc] GC(2461) Pause Full (Ergonomics) 232M->98M(335M) 317.063ms
[2020-08-08T11:49:14.244+0300][348.809s][info ][gc] GC(2462) Pause Young (Allocation Failure) 156M->155M(335M) 64.674ms
[2020-08-08T11:49:14.266+0300][348.832s][debug][gc] GC(2463) Shrinking ParOldGen from 226816K by 83968K to 142848K
[2020-08-08T11:49:14.266+0300][348.832s][info ][gc] GC(2463) Pause Full (Ergonomics) 155M->22M(253M) 22.529ms
[2020-08-08T11:49:14.360+0300][348.926s][info ][gc] GC(2464) Pause Young (Allocation Failure) 79M->79M(253M) 83.393ms
[2020-08-08T11:49:14.525+0300][349.090s][info ][gc] GC(2465) Pause Young (Allocation Failure) 137M->136M(253M) 150.912ms
[2020-08-08T11:49:14.535+0300][349.100s][debug][gc] GC(2466) Shrinking ParOldGen from 142848K by 19968K to 122880K
[2020-08-08T11:49:14.535+0300][349.100s][info ][gc] GC(2466) Pause Full (Ergonomics) 136M->2M(234M) 9.937ms
[2020-08-08T11:49:14.610+0300][349.176s][info ][gc] GC(2467) Pause Young (Allocation Failure) 60M->59M(234M) 66.008ms
[2020-08-08T11:49:14.771+0300][349.337s][info ][gc] GC(2468) Pause Young (Allocation Failure) 117M->117M(234M) 148.222ms
[2020-08-08T11:49:15.147+0300][349.712s][debug][gc] GC(2469) Expanding ParOldGen from 122880K by 118272K to 241152K
[2020-08-08T11:49:15.147+0300][349.712s][info ][gc] GC(2469) Pause Full (Ergonomics) 117M->117M(349M) 375.906ms
[2020-08-08T11:49:15.226+0300][349.792s][info ][gc] GC(2470) Pause Young (Allocation Failure) 174M->174M(349M) 69.079ms
[2020-08-08T11:49:15.406+0300][349.971s][info ][gc] GC(2471) Pause Young (Allocation Failure) 232M->232M(349M) 169.666ms
[2020-08-08T11:49:15.724+0300][350.291s][debug][gc] GC(2472) Shrinking ParOldGen from 241152K by 18432K to 222720K
[2020-08-08T11:49:15.725+0300][350.291s][info ][gc] GC(2472) Pause Full (Ergonomics) 232M->98M(331M) 319.798ms
[2020-08-08T11:49:15.799+0300][350.365s][info ][gc] GC(2473) Pause Young (Allocation Failure) 156M->156M(331M) 65.906ms
[2020-08-08T11:49:15.822+0300][350.389s][debug][gc] GC(2474) Shrinking ParOldGen from 222720K by 83968K to 138752K
[2020-08-08T11:49:15.822+0300][350.389s][info ][gc] GC(2474) Pause Full (Ergonomics) 156M->22M(249M) 23.260ms
[2020-08-08T11:49:15.914+0300][350.480s][info ][gc] GC(2475) Pause Young (Allocation Failure) 80M->79M(249M) 80.560ms
[2020-08-08T11:49:16.075+0300][350.641s][info ][gc] GC(2476) Pause Young (Allocation Failure) 136M->136M(249M) 148.679ms
[2020-08-08T11:49:16.085+0300][350.650s][debug][gc] GC(2477) Shrinking ParOldGen from 138752K by 18944K to 119808K
[2020-08-08T11:49:16.085+0300][350.650s][info ][gc] GC(2477) Pause Full (Ergonomics) 136M->2M(231M) 9.283ms
[2020-08-08T11:49:16.158+0300][350.723s][info ][gc] GC(2478) Pause Young (Allocation Failure) 60M->59M(231M) 63.466ms
[2020-08-08T11:49:16.313+0300][350.879s][info ][gc] GC(2479) Pause Young (Allocation Failure) 117M->117M(231M) 146.717ms
[2020-08-08T11:49:16.695+0300][351.262s][debug][gc] GC(2480) Expanding ParOldGen from 119808K by 118272K to 238080K
[2020-08-08T11:49:16.695+0300][351.262s][info ][gc] GC(2480) Pause Full (Ergonomics) 117M->117M(346M) 382.407ms
[2020-08-08T11:49:16.800+0300][351.365s][info ][gc] GC(2481) Pause Young (Allocation Failure) 174M->174M(346M) 96.252ms
[2020-08-08T11:49:16.979+0300][351.546s][info ][gc] GC(2482) Pause Young (Allocation Failure) 232M->232M(346M) 170.824ms
[2020-08-08T11:49:17.297+0300][351.863s][debug][gc] GC(2483) Shrinking ParOldGen from 238080K by 17408K to 220672K
[2020-08-08T11:49:17.297+0300][351.863s][info ][gc] GC(2483) Pause Full (Ergonomics) 232M->98M(329M) 317.617ms
[2020-08-08T11:49:17.372+0300][351.938s][info ][gc] GC(2484) Pause Young (Allocation Failure) 156M->155M(329M) 64.483ms
[2020-08-08T11:49:17.395+0300][351.961s][debug][gc] GC(2485) Shrinking ParOldGen from 220672K by 83968K to 136704K
[2020-08-08T11:49:17.395+0300][351.962s][info ][gc] GC(2485) Pause Full (Ergonomics) 155M->22M(247M) 23.312ms
[2020-08-08T11:49:17.485+0300][352.050s][info ][gc] GC(2486) Pause Young (Allocation Failure) 79M->79M(247M) 78.386ms
[2020-08-08T11:49:17.637+0300][352.203s][info ][gc] GC(2487) Pause Young (Allocation Failure) 137M->136M(247M) 143.130ms
[2020-08-08T11:49:17.647+0300][352.212s][debug][gc] GC(2488) Shrinking ParOldGen from 136704K by 18944K to 117760K
[2020-08-08T11:49:17.647+0300][352.212s][info ][gc] GC(2488) Pause Full (Ergonomics) 136M->2M(229M) 9.499ms
[2020-08-08T11:49:17.718+0300][352.285s][info ][gc] GC(2489) Pause Young (Allocation Failure) 60M->59M(229M) 64.153ms
[2020-08-08T11:49:17.876+0300][352.443s][info ][gc] GC(2490) Pause Young (Allocation Failure) 117M->117M(229M) 148.912ms
[2020-08-08T11:49:18.259+0300][352.825s][debug][gc] GC(2491) Expanding ParOldGen from 117760K by 116736K to 234496K
[2020-08-08T11:49:18.259+0300][352.825s][info ][gc] GC(2491) Pause Full (Ergonomics) 117M->117M(343M) 382.172ms
[2020-08-08T11:49:18.367+0300][352.934s][info ][gc] GC(2492) Pause Young (Allocation Failure) 174M->174M(343M) 97.443ms
[2020-08-08T11:49:18.547+0300][353.112s][info ][gc] GC(2493) Pause Young (Allocation Failure) 232M->232M(343M) 169.609ms
[2020-08-08T11:49:18.863+0300][353.430s][debug][gc] GC(2494) Shrinking ParOldGen from 234496K by 15360K to 219136K
[2020-08-08T11:49:18.863+0300][353.430s][info ][gc] GC(2494) Pause Full (Ergonomics) 232M->98M(328M) 317.396ms
[2020-08-08T11:49:18.936+0300][353.502s][info ][gc] GC(2495) Pause Young (Allocation Failure) 156M->156M(328M) 64.503ms
[2020-08-08T11:49:18.960+0300][353.525s][debug][gc] GC(2496) Shrinking ParOldGen from 219136K by 83968K to 135168K
[2020-08-08T11:49:18.960+0300][353.525s][info ][gc] GC(2496) Pause Full (Ergonomics) 156M->22M(246M) 23.240ms
[2020-08-08T11:49:19.053+0300][353.618s][info ][gc] GC(2497) Pause Young (Allocation Failure) 80M->79M(246M) 79.298ms
[2020-08-08T11:49:19.203+0300][353.769s][info ][gc] GC(2498) Pause Young (Allocation Failure) 136M->136M(246M) 140.987ms
[2020-08-08T11:49:19.212+0300][353.778s][debug][gc] GC(2499) Shrinking ParOldGen from 135168K by 18432K to 116736K
[2020-08-08T11:49:19.212+0300][353.778s][info ][gc] GC(2499) Pause Full (Ergonomics) 136M->2M(228M) 9.104ms
[2020-08-08T11:49:19.286+0300][353.851s][info ][gc] GC(2500) Pause Young (Allocation Failure) 60M->59M(228M) 63.451ms
[2020-08-08T11:49:19.441+0300][354.007s][info ][gc] GC(2501) Pause Young (Allocation Failure) 117M->117M(228M) 147.177ms
[2020-08-08T11:49:19.825+0300][354.390s][debug][gc] GC(2502) Expanding ParOldGen from 116736K by 116224K to 232960K
[2020-08-08T11:49:19.825+0300][354.390s][info ][gc] GC(2502) Pause Full (Ergonomics) 117M->117M(341M) 382.543ms
[2020-08-08T11:49:19.933+0300][354.499s][info ][gc] GC(2503) Pause Young (Allocation Failure) 174M->174M(341M) 100.606ms
[2020-08-08T11:49:20.115+0300][354.682s][info ][gc] GC(2504) Pause Young (Allocation Failure) 232M->232M(341M) 170.870ms
[2020-08-08T11:49:20.431+0300][354.997s][debug][gc] GC(2505) Shrinking ParOldGen from 232960K by 14848K to 218112K
[2020-08-08T11:49:20.431+0300][354.997s][info ][gc] GC(2505) Pause Full (Ergonomics) 232M->98M(327M) 315.321ms
[2020-08-08T11:49:20.504+0300][355.070s][info ][gc] GC(2506) Pause Young (Allocation Failure) 156M->156M(327M) 63.481ms
[2020-08-08T11:49:20.663+0300][355.228s][info ][gc] GC(2507) Pause Young (Allocation Failure) 213M->213M(327M) 148.035ms
[2020-08-08T11:49:20.903+0300][355.469s][debug][gc] GC(2508) Shrinking ParOldGen from 218112K by 17920K to 200192K
[2020-08-08T11:49:20.903+0300][355.469s][info ][gc] GC(2508) Pause Full (Ergonomics) 213M->79M(309M) 240.700ms
[2020-08-08T11:49:20.990+0300][355.555s][info ][gc] GC(2509) Pause Young (Allocation Failure) 136M->136M(309M) 76.794ms
[2020-08-08T11:49:21.136+0300][355.701s][info ][gc] GC(2510) Pause Young (Allocation Failure) 193M->193M(309M) 136.518ms
[2020-08-08T11:49:21.297+0300][355.863s][debug][gc] GC(2511) Shrinking ParOldGen from 200192K by 19968K to 180224K
[2020-08-08T11:49:21.297+0300][355.863s][info ][gc] GC(2511) Pause Full (Ergonomics) 193M->59M(290M) 162.296ms
[2020-08-08T11:49:21.386+0300][355.952s][info ][gc] GC(2512) Pause Young (Allocation Failure) 117M->117M(290M) 77.607ms
[2020-08-08T11:49:21.524+0300][356.090s][info ][gc] GC(2513) Pause Young (Allocation Failure) 174M->174M(290M) 130.092ms
[2020-08-08T11:49:21.620+0300][356.186s][debug][gc] GC(2514) Shrinking ParOldGen from 180224K by 17920K to 162304K
[2020-08-08T11:49:21.620+0300][356.186s][info ][gc] GC(2514) Pause Full (Ergonomics) 174M->41M(272M) 95.316ms
[2020-08-08T11:49:21.708+0300][356.274s][info ][gc] GC(2515) Pause Young (Allocation Failure) 98M->98M(272M) 77.941ms
[2020-08-08T11:49:21.844+0300][356.411s][info ][gc] GC(2516) Pause Young (Allocation Failure) 156M->156M(272M) 129.424ms
[2020-08-08T11:49:21.867+0300][356.432s][debug][gc] GC(2517) Shrinking ParOldGen from 162304K by 11264K to 151040K
[2020-08-08T11:49:21.867+0300][356.432s][info ][gc] GC(2517) Pause Full (Ergonomics) 156M->22M(261M) 21.279ms
[2020-08-08T11:49:21.954+0300][356.520s][info ][gc] GC(2518) Pause Young (Allocation Failure) 80M->80M(261M) 78.240ms
[2020-08-08T11:49:22.108+0300][356.674s][info ][gc] GC(2519) Pause Young (Allocation Failure) 136M->136M(261M) 143.131ms
[2020-08-08T11:49:22.117+0300][356.684s][debug][gc] GC(2520) Shrinking ParOldGen from 151040K by 21504K to 129536K
[2020-08-08T11:49:22.117+0300][356.684s][info ][gc] GC(2520) Pause Full (Ergonomics) 136M->2M(240M) 9.629ms
[2020-08-08T11:49:22.191+0300][356.757s][info ][gc] GC(2521) Pause Young (Allocation Failure) 60M->59M(240M) 63.941ms
[2020-08-08T11:49:22.347+0300][356.913s][info ][gc] GC(2522) Pause Young (Allocation Failure) 117M->117M(240M) 146.506ms
[2020-08-08T11:49:22.733+0300][357.298s][debug][gc] GC(2523) Expanding ParOldGen from 129536K by 116736K to 246272K
[2020-08-08T11:49:22.733+0300][357.298s][info ][gc] GC(2523) Pause Full (Ergonomics) 117M->117M(354M) 385.485ms
[2020-08-08T11:49:22.807+0300][357.373s][info ][gc] GC(2524) Pause Young (Allocation Failure) 174M->174M(354M) 67.110ms
[2020-08-08T11:49:22.983+0300][357.549s][info ][gc] GC(2525) Pause Young (Allocation Failure) 232M->232M(354M) 166.002ms
[2020-08-08T11:49:23.299+0300][357.865s][debug][gc] GC(2526) Shrinking ParOldGen from 246272K by 19456K to 226816K
[2020-08-08T11:49:23.299+0300][357.865s][info ][gc] GC(2526) Pause Full (Ergonomics) 232M->98M(335M) 315.635ms
[2020-08-08T11:49:23.374+0300][357.940s][info ][gc] GC(2527) Pause Young (Allocation Failure) 156M->155M(335M) 64.435ms
[2020-08-08T11:49:23.397+0300][357.963s][debug][gc] GC(2528) Shrinking ParOldGen from 226816K by 83968K to 142848K
[2020-08-08T11:49:23.397+0300][357.963s][info ][gc] GC(2528) Pause Full (Ergonomics) 155M->22M(253M) 22.859ms
[2020-08-08T11:49:23.485+0300][358.052s][info ][gc] GC(2529) Pause Young (Allocation Failure) 79M->79M(253M) 78.426ms
[2020-08-08T11:49:23.637+0300][358.203s][info ][gc] GC(2530) Pause Young (Allocation Failure) 137M->136M(253M) 142.388ms
[2020-08-08T11:49:23.646+0300][358.212s][debug][gc] GC(2531) Shrinking ParOldGen from 142848K by 19968K to 122880K
[2020-08-08T11:49:23.646+0300][358.212s][info ][gc] GC(2531) Pause Full (Ergonomics) 136M->2M(234M) 9.531ms
[2020-08-08T11:49:23.718+0300][358.284s][info ][gc] GC(2532) Pause Young (Allocation Failure) 60M->59M(234M) 63.293ms
[2020-08-08T11:49:23.876+0300][358.442s][info ][gc] GC(2533) Pause Young (Allocation Failure) 117M->117M(234M) 148.019ms
[2020-08-08T11:49:24.253+0300][358.819s][debug][gc] GC(2534) Expanding ParOldGen from 122880K by 118272K to 241152K
[2020-08-08T11:49:24.253+0300][358.819s][info ][gc] GC(2534) Pause Full (Ergonomics) 117M->117M(349M) 377.078ms
[2020-08-08T11:49:24.332+0300][358.898s][info ][gc] GC(2535) Pause Young (Allocation Failure) 174M->174M(349M) 68.093ms
[2020-08-08T11:49:24.511+0300][359.077s][info ][gc] GC(2536) Pause Young (Allocation Failure) 232M->232M(349M) 169.471ms
[2020-08-08T11:49:24.829+0300][359.394s][debug][gc] GC(2537) Shrinking ParOldGen from 241152K by 18432K to 222720K
[2020-08-08T11:49:24.829+0300][359.394s][info ][gc] GC(2537) Pause Full (Ergonomics) 232M->98M(331M) 317.284ms
[2020-08-08T11:49:24.902+0300][359.467s][info ][gc] GC(2538) Pause Young (Allocation Failure) 156M->156M(331M) 65.215ms
[2020-08-08T11:49:24.924+0300][359.490s][debug][gc] GC(2539) Shrinking ParOldGen from 222720K by 83968K to 138752K
[2020-08-08T11:49:24.924+0300][359.490s][info ][gc] GC(2539) Pause Full (Ergonomics) 156M->22M(249M) 23.152ms
[2020-08-08T11:49:25.015+0300][359.580s][info ][gc] GC(2540) Pause Young (Allocation Failure) 80M->79M(249M) 78.378ms
[2020-08-08T11:49:25.168+0300][359.735s][info ][gc] GC(2541) Pause Young (Allocation Failure) 136M->136M(249M) 143.201ms
[2020-08-08T11:49:25.178+0300][359.744s][debug][gc] GC(2542) Shrinking ParOldGen from 138752K by 18944K to 119808K
[2020-08-08T11:49:25.178+0300][359.744s][info ][gc] GC(2542) Pause Full (Ergonomics) 136M->2M(231M) 9.415ms
[2020-08-08T11:49:25.252+0300][359.818s][info ][gc] GC(2543) Pause Young (Allocation Failure) 60M->59M(231M) 63.707ms
[2020-08-08T11:49:25.409+0300][359.975s][info ][gc] GC(2544) Pause Young (Allocation Failure) 117M->117M(231M) 148.008ms
[2020-08-08T11:49:25.795+0300][360.361s][debug][gc] GC(2545) Expanding ParOldGen from 119808K by 118272K to 238080K
[2020-08-08T11:49:25.795+0300][360.361s][info ][gc] GC(2545) Pause Full (Ergonomics) 117M->117M(346M) 385.857ms
[2020-08-08T11:49:25.898+0300][360.464s][info ][gc] GC(2546) Pause Young (Allocation Failure) 174M->174M(346M) 95.221ms
[2020-08-08T11:49:26.075+0300][360.642s][info ][gc] GC(2547) Pause Young (Allocation Failure) 232M->232M(346M) 168.815ms
[2020-08-08T11:49:26.393+0300][360.959s][debug][gc] GC(2548) Shrinking ParOldGen from 238080K by 17408K to 220672K
[2020-08-08T11:49:26.393+0300][360.959s][info ][gc] GC(2548) Pause Full (Ergonomics) 232M->98M(329M) 316.905ms
[2020-08-08T11:49:26.468+0300][361.034s][info ][gc] GC(2549) Pause Young (Allocation Failure) 156M->155M(329M) 65.112ms
[2020-08-08T11:49:26.492+0300][361.057s][debug][gc] GC(2550) Shrinking ParOldGen from 220672K by 83968K to 136704K
[2020-08-08T11:49:26.492+0300][361.057s][info ][gc] GC(2550) Pause Full (Ergonomics) 155M->22M(247M) 23.076ms
[2020-08-08T11:49:26.581+0300][361.147s][info ][gc] GC(2551) Pause Young (Allocation Failure) 79M->79M(247M) 78.748ms
[2020-08-08T11:49:26.732+0300][361.299s][info ][gc] GC(2552) Pause Young (Allocation Failure) 137M->136M(247M) 142.997ms
[2020-08-08T11:49:26.743+0300][361.308s][debug][gc] GC(2553) Shrinking ParOldGen from 136704K by 18944K to 117760K
[2020-08-08T11:49:26.743+0300][361.308s][info ][gc] GC(2553) Pause Full (Ergonomics) 136M->2M(229M) 9.234ms
[2020-08-08T11:49:26.816+0300][361.382s][info ][gc] GC(2554) Pause Young (Allocation Failure) 60M->59M(229M) 64.566ms
[2020-08-08T11:49:26.975+0300][361.540s][info ][gc] GC(2555) Pause Young (Allocation Failure) 117M->117M(229M) 149.013ms
[2020-08-08T11:49:27.354+0300][361.919s][debug][gc] GC(2556) Expanding ParOldGen from 117760K by 116736K to 234496K
[2020-08-08T11:49:27.354+0300][361.919s][info ][gc] GC(2556) Pause Full (Ergonomics) 117M->117M(343M) 378.790ms
[2020-08-08T11:49:27.464+0300][362.030s][info ][gc] GC(2557) Pause Young (Allocation Failure) 174M->174M(343M) 98.418ms
[2020-08-08T11:49:27.646+0300][362.212s][info ][gc] GC(2558) Pause Young (Allocation Failure) 232M->232M(343M) 172.401ms
[2020-08-08T11:49:27.963+0300][362.528s][debug][gc] GC(2559) Shrinking ParOldGen from 234496K by 15360K to 219136K
[2020-08-08T11:49:27.963+0300][362.528s][info ][gc] GC(2559) Pause Full (Ergonomics) 232M->98M(328M) 316.462ms
[2020-08-08T11:49:28.035+0300][362.601s][info ][gc] GC(2560) Pause Young (Allocation Failure) 156M->156M(328M) 64.777ms
[2020-08-08T11:49:28.059+0300][362.624s][debug][gc] GC(2561) Shrinking ParOldGen from 219136K by 83968K to 135168K
[2020-08-08T11:49:28.059+0300][362.625s][info ][gc] GC(2561) Pause Full (Ergonomics) 156M->22M(246M) 23.499ms
[2020-08-08T11:49:28.151+0300][362.717s][info ][gc] GC(2562) Pause Young (Allocation Failure) 80M->79M(246M) 78.550ms
[2020-08-08T11:49:28.302+0300][362.868s][info ][gc] GC(2563) Pause Young (Allocation Failure) 136M->136M(246M) 141.706ms
[2020-08-08T11:49:28.311+0300][362.878s][debug][gc] GC(2564) Shrinking ParOldGen from 135168K by 18432K to 116736K
[2020-08-08T11:49:28.311+0300][362.878s][info ][gc] GC(2564) Pause Full (Ergonomics) 136M->2M(228M) 9.250ms
[2020-08-08T11:49:28.385+0300][362.951s][info ][gc] GC(2565) Pause Young (Allocation Failure) 60M->59M(228M) 63.801ms
[2020-08-08T11:49:28.541+0300][363.108s][info ][gc] GC(2566) Pause Young (Allocation Failure) 117M->117M(228M) 147.086ms
[2020-08-08T11:49:28.921+0300][363.487s][debug][gc] GC(2567) Expanding ParOldGen from 116736K by 116224K to 232960K
[2020-08-08T11:49:28.921+0300][363.487s][info ][gc] GC(2567) Pause Full (Ergonomics) 117M->117M(341M) 379.364ms
[2020-08-08T11:49:29.030+0300][363.595s][info ][gc] GC(2568) Pause Young (Allocation Failure) 174M->174M(341M) 99.426ms
[2020-08-08T11:49:29.212+0300][363.778s][info ][gc] GC(2569) Pause Young (Allocation Failure) 232M->232M(341M) 168.517ms
[2020-08-08T11:49:29.527+0300][364.092s][debug][gc] GC(2570) Shrinking ParOldGen from 232960K by 14848K to 218112K
[2020-08-08T11:49:29.527+0300][364.092s][info ][gc] GC(2570) Pause Full (Ergonomics) 232M->98M(327M) 314.366ms
[2020-08-08T11:49:29.601+0300][364.166s][info ][gc] GC(2571) Pause Young (Allocation Failure) 156M->156M(327M) 64.612ms
[2020-08-08T11:49:29.758+0300][364.324s][info ][gc] GC(2572) Pause Young (Allocation Failure) 213M->213M(327M) 146.210ms
[2020-08-08T11:49:30.001+0300][364.567s][debug][gc] GC(2573) Shrinking ParOldGen from 218112K by 17920K to 200192K
[2020-08-08T11:49:30.001+0300][364.567s][info ][gc] GC(2573) Pause Full (Ergonomics) 213M->79M(309M) 242.473ms
[2020-08-08T11:49:30.088+0300][364.653s][info ][gc] GC(2574) Pause Young (Allocation Failure) 136M->136M(309M) 76.797ms
[2020-08-08T11:49:30.233+0300][364.798s][info ][gc] GC(2575) Pause Young (Allocation Failure) 193M->193M(309M) 135.446ms
[2020-08-08T11:49:30.396+0300][364.961s][debug][gc] GC(2576) Shrinking ParOldGen from 200192K by 19968K to 180224K
[2020-08-08T11:49:30.396+0300][364.961s][info ][gc] GC(2576) Pause Full (Ergonomics) 193M->59M(290M) 162.560ms
[2020-08-08T11:49:30.483+0300][365.049s][info ][gc] GC(2577) Pause Young (Allocation Failure) 117M->117M(290M) 78.295ms
[2020-08-08T11:49:30.625+0300][365.190s][info ][gc] GC(2578) Pause Young (Allocation Failure) 174M->174M(290M) 133.263ms
[2020-08-08T11:49:30.717+0300][365.284s][debug][gc] GC(2579) Shrinking ParOldGen from 180224K by 17920K to 162304K
[2020-08-08T11:49:30.718+0300][365.284s][info ][gc] GC(2579) Pause Full (Ergonomics) 174M->41M(272M) 93.891ms
[2020-08-08T11:49:30.807+0300][365.373s][info ][gc] GC(2580) Pause Young (Allocation Failure) 98M->98M(272M) 77.921ms
[2020-08-08T11:49:30.944+0300][365.510s][info ][gc] GC(2581) Pause Young (Allocation Failure) 156M->156M(272M) 128.661ms
[2020-08-08T11:49:30.965+0300][365.530s][debug][gc] GC(2582) Shrinking ParOldGen from 162304K by 11264K to 151040K
[2020-08-08T11:49:30.965+0300][365.531s][info ][gc] GC(2582) Pause Full (Ergonomics) 156M->22M(261M) 20.759ms
[2020-08-08T11:49:31.054+0300][365.620s][info ][gc] GC(2583) Pause Young (Allocation Failure) 80M->80M(261M) 78.889ms
[2020-08-08T11:49:31.209+0300][365.774s][info ][gc] GC(2584) Pause Young (Allocation Failure) 136M->136M(261M) 141.710ms
[2020-08-08T11:49:31.217+0300][365.784s][debug][gc] GC(2585) Shrinking ParOldGen from 151040K by 21504K to 129536K
[2020-08-08T11:49:31.217+0300][365.784s][info ][gc] GC(2585) Pause Full (Ergonomics) 136M->2M(240M) 9.548ms
[2020-08-08T11:49:31.292+0300][365.857s][info ][gc] GC(2586) Pause Young (Allocation Failure) 60M->59M(240M) 63.711ms
[2020-08-08T11:49:31.448+0300][366.014s][info ][gc] GC(2587) Pause Young (Allocation Failure) 117M->117M(240M) 147.001ms
[2020-08-08T11:49:31.830+0300][366.395s][debug][gc] GC(2588) Expanding ParOldGen from 129536K by 116736K to 246272K
[2020-08-08T11:49:31.830+0300][366.395s][info ][gc] GC(2588) Pause Full (Ergonomics) 117M->117M(354M) 381.041ms
[2020-08-08T11:49:31.905+0300][366.470s][info ][gc] GC(2589) Pause Young (Allocation Failure) 174M->174M(354M) 67.067ms
[2020-08-08T11:49:32.081+0300][366.646s][info ][gc] GC(2590) Pause Young (Allocation Failure) 232M->232M(354M) 166.875ms
[2020-08-08T11:49:32.399+0300][366.964s][debug][gc] GC(2591) Shrinking ParOldGen from 246272K by 19456K to 226816K
[2020-08-08T11:49:32.399+0300][366.964s][info ][gc] GC(2591) Pause Full (Ergonomics) 232M->98M(335M) 317.744ms
[2020-08-08T11:49:32.473+0300][367.038s][info ][gc] GC(2592) Pause Young (Allocation Failure) 156M->155M(335M) 64.577ms
[2020-08-08T11:49:32.495+0300][367.061s][debug][gc] GC(2593) Shrinking ParOldGen from 226816K by 83968K to 142848K
[2020-08-08T11:49:32.495+0300][367.061s][info ][gc] GC(2593) Pause Full (Ergonomics) 155M->22M(253M) 22.844ms
[2020-08-08T11:49:32.585+0300][367.150s][info ][gc] GC(2594) Pause Young (Allocation Failure) 79M->79M(253M) 78.908ms
[2020-08-08T11:49:32.739+0300][367.305s][info ][gc] GC(2595) Pause Young (Allocation Failure) 137M->136M(253M) 145.629ms
[2020-08-08T11:49:32.748+0300][367.314s][debug][gc] GC(2596) Shrinking ParOldGen from 142848K by 19968K to 122880K
[2020-08-08T11:49:32.748+0300][367.315s][info ][gc] GC(2596) Pause Full (Ergonomics) 136M->2M(234M) 9.489ms
[2020-08-08T11:49:32.821+0300][367.387s][info ][gc] GC(2597) Pause Young (Allocation Failure) 60M->59M(234M) 63.274ms
[2020-08-08T11:49:32.977+0300][367.543s][info ][gc] GC(2598) Pause Young (Allocation Failure) 117M->117M(234M) 147.406ms
[2020-08-08T11:49:33.353+0300][367.920s][debug][gc] GC(2599) Expanding ParOldGen from 122880K by 118272K to 241152K
[2020-08-08T11:49:33.353+0300][367.920s][info ][gc] GC(2599) Pause Full (Ergonomics) 117M->117M(349M) 376.180ms
[2020-08-08T11:49:33.432+0300][367.998s][info ][gc] GC(2600) Pause Young (Allocation Failure) 174M->174M(349M) 67.433ms
[2020-08-08T11:49:33.613+0300][368.179s][info ][gc] GC(2601) Pause Young (Allocation Failure) 232M->232M(349M) 171.062ms
[2020-08-08T11:49:33.929+0300][368.495s][debug][gc] GC(2602) Shrinking ParOldGen from 241152K by 18432K to 222720K
[2020-08-08T11:49:33.929+0300][368.496s][info ][gc] GC(2602) Pause Full (Ergonomics) 232M->98M(331M) 316.384ms
[2020-08-08T11:49:34.002+0300][368.568s][info ][gc] GC(2603) Pause Young (Allocation Failure) 156M->156M(331M) 63.814ms
[2020-08-08T11:49:34.026+0300][368.592s][debug][gc] GC(2604) Shrinking ParOldGen from 222720K by 83968K to 138752K
[2020-08-08T11:49:34.026+0300][368.592s][info ][gc] GC(2604) Pause Full (Ergonomics) 156M->22M(249M) 24.086ms
[2020-08-08T11:49:34.115+0300][368.681s][info ][gc] GC(2605) Pause Young (Allocation Failure) 80M->79M(249M) 78.021ms
[2020-08-08T11:49:34.267+0300][368.833s][info ][gc] GC(2606) Pause Young (Allocation Failure) 136M->136M(249M) 140.922ms
[2020-08-08T11:49:34.277+0300][368.842s][debug][gc] GC(2607) Shrinking ParOldGen from 138752K by 18944K to 119808K
[2020-08-08T11:49:34.277+0300][368.843s][info ][gc] GC(2607) Pause Full (Ergonomics) 136M->2M(231M) 9.233ms
[2020-08-08T11:49:34.349+0300][368.915s][info ][gc] GC(2608) Pause Young (Allocation Failure) 60M->59M(231M) 63.160ms
[2020-08-08T11:49:34.506+0300][369.072s][info ][gc] GC(2609) Pause Young (Allocation Failure) 117M->117M(231M) 147.132ms
[2020-08-08T11:49:34.894+0300][369.459s][debug][gc] GC(2610) Expanding ParOldGen from 119808K by 118272K to 238080K
[2020-08-08T11:49:34.894+0300][369.459s][info ][gc] GC(2610) Pause Full (Ergonomics) 117M->117M(346M) 386.761ms
[2020-08-08T11:49:34.997+0300][369.562s][info ][gc] GC(2611) Pause Young (Allocation Failure) 174M->174M(346M) 95.315ms
[2020-08-08T11:49:35.176+0300][369.741s][info ][gc] GC(2612) Pause Young (Allocation Failure) 232M->232M(346M) 170.038ms
[2020-08-08T11:49:35.493+0300][370.059s][debug][gc] GC(2613) Shrinking ParOldGen from 238080K by 17408K to 220672K
[2020-08-08T11:49:35.493+0300][370.059s][info ][gc] GC(2613) Pause Full (Ergonomics) 232M->98M(329M) 317.080ms
[2020-08-08T11:49:35.568+0300][370.135s][info ][gc] GC(2614) Pause Young (Allocation Failure) 156M->155M(329M) 66.287ms
[2020-08-08T11:49:35.592+0300][370.158s][debug][gc] GC(2615) Shrinking ParOldGen from 220672K by 83968K to 136704K
[2020-08-08T11:49:35.592+0300][370.158s][info ][gc] GC(2615) Pause Full (Ergonomics) 155M->22M(247M) 23.006ms
[2020-08-08T11:49:35.684+0300][370.249s][info ][gc] GC(2616) Pause Young (Allocation Failure) 79M->79M(247M) 80.298ms
[2020-08-08T11:49:35.835+0300][370.401s][info ][gc] GC(2617) Pause Young (Allocation Failure) 137M->136M(247M) 141.911ms
[2020-08-08T11:49:35.844+0300][370.410s][debug][gc] GC(2618) Shrinking ParOldGen from 136704K by 18944K to 117760K
[2020-08-08T11:49:35.844+0300][370.410s][info ][gc] GC(2618) Pause Full (Ergonomics) 136M->2M(229M) 9.431ms
[2020-08-08T11:49:35.916+0300][370.482s][info ][gc] GC(2619) Pause Young (Allocation Failure) 60M->59M(229M) 63.755ms
[2020-08-08T11:49:36.075+0300][370.640s][info ][gc] GC(2620) Pause Young (Allocation Failure) 117M->117M(229M) 148.014ms
[2020-08-08T11:49:36.459+0300][371.024s][debug][gc] GC(2621) Expanding ParOldGen from 117760K by 116736K to 234496K
[2020-08-08T11:49:36.459+0300][371.024s][info ][gc] GC(2621) Pause Full (Ergonomics) 117M->117M(343M) 383.518ms
[2020-08-08T11:49:36.570+0300][371.135s][info ][gc] GC(2622) Pause Young (Allocation Failure) 174M->174M(343M) 100.358ms
[2020-08-08T11:49:36.750+0300][371.317s][info ][gc] GC(2623) Pause Young (Allocation Failure) 232M->232M(343M) 171.196ms
[2020-08-08T11:49:37.067+0300][371.634s][debug][gc] GC(2624) Shrinking ParOldGen from 234496K by 15360K to 219136K
[2020-08-08T11:49:37.067+0300][371.634s][info ][gc] GC(2624) Pause Full (Ergonomics) 232M->98M(328M) 317.254ms
[2020-08-08T11:49:37.141+0300][371.707s][info ][gc] GC(2625) Pause Young (Allocation Failure) 156M->156M(328M) 65.335ms
[2020-08-08T11:49:37.165+0300][371.730s][debug][gc] GC(2626) Shrinking ParOldGen from 219136K by 83968K to 135168K
[2020-08-08T11:49:37.165+0300][371.730s][info ][gc] GC(2626) Pause Full (Ergonomics) 156M->22M(246M) 23.211ms
[2020-08-08T11:49:37.258+0300][371.823s][info ][gc] GC(2627) Pause Young (Allocation Failure) 80M->79M(246M) 78.703ms
[2020-08-08T11:49:37.409+0300][371.975s][info ][gc] GC(2628) Pause Young (Allocation Failure) 136M->136M(246M) 140.648ms
[2020-08-08T11:49:37.418+0300][371.984s][debug][gc] GC(2629) Shrinking ParOldGen from 135168K by 18432K to 116736K
[2020-08-08T11:49:37.418+0300][371.984s][info ][gc] GC(2629) Pause Full (Ergonomics) 136M->2M(228M) 9.127ms
[2020-08-08T11:49:37.490+0300][372.056s][info ][gc] GC(2630) Pause Young (Allocation Failure) 60M->59M(228M) 62.984ms
[2020-08-08T11:49:37.648+0300][372.214s][info ][gc] GC(2631) Pause Young (Allocation Failure) 117M->117M(228M) 148.437ms
[2020-08-08T11:49:38.029+0300][372.595s][debug][gc] GC(2632) Expanding ParOldGen from 116736K by 116224K to 232960K
[2020-08-08T11:49:38.029+0300][372.595s][info ][gc] GC(2632) Pause Full (Ergonomics) 117M->117M(341M) 381.085ms
[2020-08-08T11:49:38.135+0300][372.701s][info ][gc] GC(2633) Pause Young (Allocation Failure) 174M->174M(341M) 99.004ms
[2020-08-08T11:49:38.320+0300][372.886s][info ][gc] GC(2634) Pause Young (Allocation Failure) 232M->232M(341M) 170.609ms
[2020-08-08T11:49:38.636+0300][373.202s][debug][gc] GC(2635) Shrinking ParOldGen from 232960K by 14848K to 218112K
[2020-08-08T11:49:38.636+0300][373.202s][info ][gc] GC(2635) Pause Full (Ergonomics) 232M->98M(327M) 316.494ms
[2020-08-08T11:49:38.709+0300][373.274s][info ][gc] GC(2636) Pause Young (Allocation Failure) 156M->156M(327M) 62.757ms
[2020-08-08T11:49:38.865+0300][373.430s][info ][gc] GC(2637) Pause Young (Allocation Failure) 213M->213M(327M) 146.260ms
[2020-08-08T11:49:39.106+0300][373.672s][debug][gc] GC(2638) Shrinking ParOldGen from 218112K by 17920K to 200192K
[2020-08-08T11:49:39.106+0300][373.672s][info ][gc] GC(2638) Pause Full (Ergonomics) 213M->79M(309M) 241.871ms
[2020-08-08T11:49:39.194+0300][373.759s][info ][gc] GC(2639) Pause Young (Allocation Failure) 136M->136M(309M) 76.967ms
[2020-08-08T11:49:39.338+0300][373.905s][info ][gc] GC(2640) Pause Young (Allocation Failure) 193M->193M(309M) 135.105ms
[2020-08-08T11:49:39.501+0300][374.067s][debug][gc] GC(2641) Shrinking ParOldGen from 200192K by 19968K to 180224K
[2020-08-08T11:49:39.501+0300][374.067s][info ][gc] GC(2641) Pause Full (Ergonomics) 193M->59M(290M) 162.570ms
[2020-08-08T11:49:39.590+0300][374.157s][info ][gc] GC(2642) Pause Young (Allocation Failure) 117M->117M(290M) 77.669ms
[2020-08-08T11:49:39.732+0300][374.299s][info ][gc] GC(2643) Pause Young (Allocation Failure) 174M->174M(290M) 134.301ms
[2020-08-08T11:49:39.828+0300][374.393s][debug][gc] GC(2644) Shrinking ParOldGen from 180224K by 17920K to 162304K
[2020-08-08T11:49:39.828+0300][374.393s][info ][gc] GC(2644) Pause Full (Ergonomics) 174M->41M(272M) 94.307ms
[2020-08-08T11:49:39.915+0300][374.481s][info ][gc] GC(2645) Pause Young (Allocation Failure) 98M->98M(272M) 77.775ms
[2020-08-08T11:49:40.051+0300][374.617s][info ][gc] GC(2646) Pause Young (Allocation Failure) 156M->156M(272M) 127.593ms
[2020-08-08T11:49:40.072+0300][374.638s][debug][gc] GC(2647) Shrinking ParOldGen from 162304K by 11264K to 151040K
[2020-08-08T11:49:40.073+0300][374.638s][info ][gc] GC(2647) Pause Full (Ergonomics) 156M->22M(261M) 20.920ms
[2020-08-08T11:49:40.159+0300][374.725s][info ][gc] GC(2648) Pause Young (Allocation Failure) 80M->80M(261M) 77.354ms
[2020-08-08T11:49:40.313+0300][374.879s][info ][gc] GC(2649) Pause Young (Allocation Failure) 136M->136M(261M) 142.613ms
[2020-08-08T11:49:40.322+0300][374.889s][debug][gc] GC(2650) Shrinking ParOldGen from 151040K by 21504K to 129536K
[2020-08-08T11:49:40.322+0300][374.889s][info ][gc] GC(2650) Pause Full (Ergonomics) 136M->2M(240M) 9.482ms
[2020-08-08T11:49:40.396+0300][374.961s][info ][gc] GC(2651) Pause Young (Allocation Failure) 60M->59M(240M) 63.276ms
[2020-08-08T11:49:40.551+0300][375.116s][info ][gc] GC(2652) Pause Young (Allocation Failure) 117M->117M(240M) 146.130ms
[2020-08-08T11:49:40.929+0300][375.495s][debug][gc] GC(2653) Expanding ParOldGen from 129536K by 116736K to 246272K
[2020-08-08T11:49:40.929+0300][375.495s][info ][gc] GC(2653) Pause Full (Ergonomics) 117M->117M(354M) 378.742ms
[2020-08-08T11:49:41.005+0300][375.571s][info ][gc] GC(2654) Pause Young (Allocation Failure) 174M->174M(354M) 67.500ms
[2020-08-08T11:49:41.180+0300][375.747s][info ][gc] GC(2655) Pause Young (Allocation Failure) 232M->232M(354M) 166.887ms
[2020-08-08T11:49:41.496+0300][376.062s][debug][gc] GC(2656) Shrinking ParOldGen from 246272K by 19456K to 226816K
[2020-08-08T11:49:41.496+0300][376.062s][info ][gc] GC(2656) Pause Full (Ergonomics) 232M->98M(335M) 314.783ms
[2020-08-08T11:49:41.572+0300][376.138s][info ][gc] GC(2657) Pause Young (Allocation Failure) 156M->155M(335M) 66.092ms
[2020-08-08T11:49:41.594+0300][376.161s][debug][gc] GC(2658) Shrinking ParOldGen from 226816K by 83968K to 142848K
[2020-08-08T11:49:41.594+0300][376.161s][info ][gc] GC(2658) Pause Full (Ergonomics) 155M->22M(253M) 23.093ms
[2020-08-08T11:49:41.686+0300][376.252s][info ][gc] GC(2659) Pause Young (Allocation Failure) 79M->79M(253M) 78.231ms
[2020-08-08T11:49:41.836+0300][376.402s][info ][gc] GC(2660) Pause Young (Allocation Failure) 137M->136M(253M) 140.664ms
[2020-08-08T11:49:41.846+0300][376.412s][debug][gc] GC(2661) Shrinking ParOldGen from 142848K by 19968K to 122880K
[2020-08-08T11:49:41.846+0300][376.412s][info ][gc] GC(2661) Pause Full (Ergonomics) 136M->2M(234M) 9.665ms
[2020-08-08T11:49:41.918+0300][376.484s][info ][gc] GC(2662) Pause Young (Allocation Failure) 60M->59M(234M) 63.350ms
[2020-08-08T11:49:42.076+0300][376.641s][info ][gc] GC(2663) Pause Young (Allocation Failure) 117M->117M(234M) 146.721ms
[2020-08-08T11:49:42.453+0300][377.019s][debug][gc] GC(2664) Expanding ParOldGen from 122880K by 118272K to 241152K
[2020-08-08T11:49:42.453+0300][377.019s][info ][gc] GC(2664) Pause Full (Ergonomics) 117M->117M(349M) 377.331ms
[2020-08-08T11:49:42.530+0300][377.096s][info ][gc] GC(2665) Pause Young (Allocation Failure) 174M->174M(349M) 67.602ms
[2020-08-08T11:49:42.712+0300][377.278s][info ][gc] GC(2666) Pause Young (Allocation Failure) 232M->232M(349M) 171.298ms
[2020-08-08T11:49:43.028+0300][377.594s][debug][gc] GC(2667) Shrinking ParOldGen from 241152K by 18432K to 222720K
[2020-08-08T11:49:43.028+0300][377.594s][info ][gc] GC(2667) Pause Full (Ergonomics) 232M->98M(331M) 315.903ms
[2020-08-08T11:49:43.100+0300][377.665s][info ][gc] GC(2668) Pause Young (Allocation Failure) 156M->156M(331M) 64.028ms
[2020-08-08T11:49:43.123+0300][377.689s][debug][gc] GC(2669) Shrinking ParOldGen from 222720K by 83968K to 138752K
[2020-08-08T11:49:43.123+0300][377.689s][info ][gc] GC(2669) Pause Full (Ergonomics) 156M->22M(249M) 23.145ms
[2020-08-08T11:49:43.211+0300][377.778s][info ][gc] GC(2670) Pause Young (Allocation Failure) 80M->79M(249M) 78.396ms
[2020-08-08T11:49:43.367+0300][377.934s][info ][gc] GC(2671) Pause Young (Allocation Failure) 136M->136M(249M) 144.258ms
[2020-08-08T11:49:43.378+0300][377.943s][debug][gc] GC(2672) Shrinking ParOldGen from 138752K by 18944K to 119808K
[2020-08-08T11:49:43.378+0300][377.943s][info ][gc] GC(2672) Pause Full (Ergonomics) 136M->2M(231M) 9.300ms
[2020-08-08T11:49:43.450+0300][378.016s][info ][gc] GC(2673) Pause Young (Allocation Failure) 60M->59M(231M) 63.520ms
[2020-08-08T11:49:43.607+0300][378.174s][info ][gc] GC(2674) Pause Young (Allocation Failure) 117M->117M(231M) 148.631ms
[2020-08-08T11:49:43.989+0300][378.555s][debug][gc] GC(2675) Expanding ParOldGen from 119808K by 118272K to 238080K
[2020-08-08T11:49:43.990+0300][378.555s][info ][gc] GC(2675) Pause Full (Ergonomics) 117M->117M(346M) 381.224ms
[2020-08-08T11:49:44.093+0300][378.658s][info ][gc] GC(2676) Pause Young (Allocation Failure) 174M->174M(346M) 95.489ms
[2020-08-08T11:49:44.271+0300][378.838s][info ][gc] GC(2677) Pause Young (Allocation Failure) 232M->232M(346M) 170.063ms
[2020-08-08T11:49:44.588+0300][379.154s][debug][gc] GC(2678) Shrinking ParOldGen from 238080K by 17408K to 220672K
[2020-08-08T11:49:44.588+0300][379.154s][info ][gc] GC(2678) Pause Full (Ergonomics) 232M->98M(329M) 315.849ms
[2020-08-08T11:49:44.666+0300][379.232s][info ][gc] GC(2679) Pause Young (Allocation Failure) 156M->155M(329M) 67.429ms
[2020-08-08T11:49:44.690+0300][379.256s][debug][gc] GC(2680) Shrinking ParOldGen from 220672K by 83968K to 136704K
[2020-08-08T11:49:44.690+0300][379.256s][info ][gc] GC(2680) Pause Full (Ergonomics) 155M->22M(247M) 23.269ms
[2020-08-08T11:49:44.779+0300][379.345s][info ][gc] GC(2681) Pause Young (Allocation Failure) 79M->79M(247M) 78.330ms
[2020-08-08T11:49:44.929+0300][379.495s][info ][gc] GC(2682) Pause Young (Allocation Failure) 137M->136M(247M) 141.751ms
[2020-08-08T11:49:44.939+0300][379.505s][debug][gc] GC(2683) Shrinking ParOldGen from 136704K by 18944K to 117760K
[2020-08-08T11:49:44.939+0300][379.505s][info ][gc] GC(2683) Pause Full (Ergonomics) 136M->2M(229M) 9.531ms
[2020-08-08T11:49:45.011+0300][379.577s][info ][gc] GC(2684) Pause Young (Allocation Failure) 60M->59M(229M) 63.303ms
[2020-08-08T11:49:45.167+0300][379.733s][info ][gc] GC(2685) Pause Young (Allocation Failure) 117M->117M(229M) 147.040ms
[2020-08-08T11:49:45.550+0300][380.116s][debug][gc] GC(2686) Expanding ParOldGen from 117760K by 116736K to 234496K
[2020-08-08T11:49:45.550+0300][380.116s][info ][gc] GC(2686) Pause Full (Ergonomics) 117M->117M(343M) 382.796ms
[2020-08-08T11:49:45.662+0300][380.227s][info ][gc] GC(2687) Pause Young (Allocation Failure) 174M->174M(343M) 100.769ms
[2020-08-08T11:49:45.842+0300][380.408s][info ][gc] GC(2688) Pause Young (Allocation Failure) 232M->232M(343M) 171.079ms
[2020-08-08T11:49:46.157+0300][380.723s][debug][gc] GC(2689) Shrinking ParOldGen from 234496K by 15360K to 219136K
[2020-08-08T11:49:46.157+0300][380.723s][info ][gc] GC(2689) Pause Full (Ergonomics) 232M->98M(328M) 315.240ms
[2020-08-08T11:49:46.229+0300][380.796s][info ][gc] GC(2690) Pause Young (Allocation Failure) 156M->156M(328M) 64.588ms
[2020-08-08T11:49:46.254+0300][380.819s][debug][gc] GC(2691) Shrinking ParOldGen from 219136K by 83968K to 135168K
[2020-08-08T11:49:46.254+0300][380.819s][info ][gc] GC(2691) Pause Full (Ergonomics) 156M->22M(246M) 23.451ms
[2020-08-08T11:49:46.345+0300][380.911s][info ][gc] GC(2692) Pause Young (Allocation Failure) 80M->79M(246M) 78.023ms
[2020-08-08T11:49:46.497+0300][381.063s][info ][gc] GC(2693) Pause Young (Allocation Failure) 136M->136M(246M) 140.977ms
[2020-08-08T11:49:46.506+0300][381.072s][debug][gc] GC(2694) Shrinking ParOldGen from 135168K by 18432K to 116736K
[2020-08-08T11:49:46.506+0300][381.072s][info ][gc] GC(2694) Pause Full (Ergonomics) 136M->2M(228M) 9.138ms
[2020-08-08T11:49:46.580+0300][381.145s][info ][gc] GC(2695) Pause Young (Allocation Failure) 60M->59M(228M) 64.178ms
[2020-08-08T11:49:46.735+0300][381.301s][info ][gc] GC(2696) Pause Young (Allocation Failure) 117M->117M(228M) 147.046ms
[2020-08-08T11:49:47.117+0300][381.683s][debug][gc] GC(2697) Expanding ParOldGen from 116736K by 116224K to 232960K
[2020-08-08T11:49:47.117+0300][381.683s][info ][gc] GC(2697) Pause Full (Ergonomics) 117M->117M(341M) 381.972ms
[2020-08-08T11:49:47.225+0300][381.790s][info ][gc] GC(2698) Pause Young (Allocation Failure) 174M->174M(341M) 99.448ms
[2020-08-08T11:49:47.403+0300][381.970s][info ][gc] GC(2699) Pause Young (Allocation Failure) 232M->232M(341M) 170.150ms
[2020-08-08T11:49:47.719+0300][382.286s][debug][gc] GC(2700) Shrinking ParOldGen from 232960K by 14848K to 218112K
[2020-08-08T11:49:47.719+0300][382.286s][info ][gc] GC(2700) Pause Full (Ergonomics) 232M->98M(327M) 315.993ms
[2020-08-08T11:49:47.794+0300][382.360s][info ][gc] GC(2701) Pause Young (Allocation Failure) 156M->156M(327M) 64.346ms
[2020-08-08T11:49:47.952+0300][382.518s][info ][gc] GC(2702) Pause Young (Allocation Failure) 213M->213M(327M) 146.938ms
[2020-08-08T11:49:48.193+0300][382.758s][debug][gc] GC(2703) Shrinking ParOldGen from 218112K by 17920K to 200192K
[2020-08-08T11:49:48.193+0300][382.758s][info ][gc] GC(2703) Pause Full (Ergonomics) 213M->79M(309M) 240.808ms
[2020-08-08T11:49:48.280+0300][382.845s][info ][gc] GC(2704) Pause Young (Allocation Failure) 136M->136M(309M) 76.864ms
[2020-08-08T11:49:48.424+0300][382.991s][info ][gc] GC(2705) Pause Young (Allocation Failure) 193M->193M(309M) 136.632ms
[2020-08-08T11:49:48.590+0300][383.155s][debug][gc] GC(2706) Shrinking ParOldGen from 200192K by 19968K to 180224K
[2020-08-08T11:49:48.590+0300][383.155s][info ][gc] GC(2706) Pause Full (Ergonomics) 193M->59M(290M) 164.504ms
[2020-08-08T11:49:48.681+0300][383.246s][info ][gc] GC(2707) Pause Young (Allocation Failure) 117M->117M(290M) 80.182ms
[2020-08-08T11:49:48.825+0300][383.390s][info ][gc] GC(2708) Pause Young (Allocation Failure) 174M->174M(290M) 136.026ms
[2020-08-08T11:49:48.919+0300][383.485s][debug][gc] GC(2709) Shrinking ParOldGen from 180224K by 17920K to 162304K
[2020-08-08T11:49:48.919+0300][383.485s][info ][gc] GC(2709) Pause Full (Ergonomics) 174M->41M(272M) 94.897ms
[2020-08-08T11:49:49.016+0300][383.581s][info ][gc] GC(2710) Pause Young (Allocation Failure) 98M->98M(272M) 84.644ms
[2020-08-08T11:49:49.155+0300][383.721s][info ][gc] GC(2711) Pause Young (Allocation Failure) 156M->156M(272M) 132.033ms
[2020-08-08T11:49:49.176+0300][383.742s][debug][gc] GC(2712) Shrinking ParOldGen from 162304K by 11264K to 151040K
[2020-08-08T11:49:49.176+0300][383.742s][info ][gc] GC(2712) Pause Full (Ergonomics) 156M->22M(261M) 20.801ms
[2020-08-08T11:49:49.263+0300][383.830s][info ][gc] GC(2713) Pause Young (Allocation Failure) 80M->80M(261M) 77.449ms
[2020-08-08T11:49:49.419+0300][383.985s][info ][gc] GC(2714) Pause Young (Allocation Failure) 136M->136M(261M) 143.635ms
[2020-08-08T11:49:49.428+0300][383.995s][debug][gc] GC(2715) Shrinking ParOldGen from 151040K by 21504K to 129536K
[2020-08-08T11:49:49.428+0300][383.995s][info ][gc] GC(2715) Pause Full (Ergonomics) 136M->2M(240M) 9.702ms
[2020-08-08T11:49:49.503+0300][384.069s][info ][gc] GC(2716) Pause Young (Allocation Failure) 60M->59M(240M) 64.035ms
[2020-08-08T11:49:49.663+0300][384.229s][info ][gc] GC(2717) Pause Young (Allocation Failure) 117M->117M(240M) 149.772ms
[2020-08-08T11:49:50.046+0300][384.612s][debug][gc] GC(2718) Expanding ParOldGen from 129536K by 116736K to 246272K
[2020-08-08T11:49:50.046+0300][384.612s][info ][gc] GC(2718) Pause Full (Ergonomics) 117M->117M(354M) 383.844ms
[2020-08-08T11:49:50.123+0300][384.688s][info ][gc] GC(2719) Pause Young (Allocation Failure) 174M->174M(354M) 67.270ms
[2020-08-08T11:49:50.297+0300][384.863s][info ][gc] GC(2720) Pause Young (Allocation Failure) 232M->232M(354M) 165.598ms
[2020-08-08T11:49:50.611+0300][385.178s][debug][gc] GC(2721) Shrinking ParOldGen from 246272K by 19456K to 226816K
[2020-08-08T11:49:50.611+0300][385.178s][info ][gc] GC(2721) Pause Full (Ergonomics) 232M->98M(335M) 314.791ms
[2020-08-08T11:49:50.687+0300][385.253s][info ][gc] GC(2722) Pause Young (Allocation Failure) 156M->155M(335M) 64.830ms
[2020-08-08T11:49:50.710+0300][385.275s][debug][gc] GC(2723) Shrinking ParOldGen from 226816K by 83968K to 142848K
[2020-08-08T11:49:50.710+0300][385.275s][info ][gc] GC(2723) Pause Full (Ergonomics) 155M->22M(253M) 22.413ms
[2020-08-08T11:49:50.797+0300][385.363s][info ][gc] GC(2724) Pause Young (Allocation Failure) 79M->79M(253M) 77.294ms
[2020-08-08T11:49:50.947+0300][385.514s][info ][gc] GC(2725) Pause Young (Allocation Failure) 137M->136M(253M) 140.946ms
[2020-08-08T11:49:50.958+0300][385.523s][debug][gc] GC(2726) Shrinking ParOldGen from 142848K by 19968K to 122880K
[2020-08-08T11:49:50.958+0300][385.523s][info ][gc] GC(2726) Pause Full (Ergonomics) 136M->2M(234M) 9.183ms
[2020-08-08T11:49:51.030+0300][385.595s][info ][gc] GC(2727) Pause Young (Allocation Failure) 60M->59M(234M) 63.185ms
[2020-08-08T11:49:51.185+0300][385.751s][info ][gc] GC(2728) Pause Young (Allocation Failure) 117M->117M(234M) 146.795ms
[2020-08-08T11:49:51.564+0300][386.129s][debug][gc] GC(2729) Expanding ParOldGen from 122880K by 118272K to 241152K
[2020-08-08T11:49:51.564+0300][386.129s][info ][gc] GC(2729) Pause Full (Ergonomics) 117M->117M(349M) 378.006ms
[2020-08-08T11:49:51.644+0300][386.210s][info ][gc] GC(2730) Pause Young (Allocation Failure) 174M->174M(349M) 68.296ms
[2020-08-08T11:49:51.824+0300][386.390s][info ][gc] GC(2731) Pause Young (Allocation Failure) 232M->232M(349M) 171.248ms
[2020-08-08T11:49:52.141+0300][386.708s][debug][gc] GC(2732) Shrinking ParOldGen from 241152K by 18432K to 222720K
[2020-08-08T11:49:52.141+0300][386.708s][info ][gc] GC(2732) Pause Full (Ergonomics) 232M->98M(331M) 317.268ms
[2020-08-08T11:49:52.214+0300][386.779s][info ][gc] GC(2733) Pause Young (Allocation Failure) 156M->156M(331M) 63.840ms
[2020-08-08T11:49:52.237+0300][386.803s][debug][gc] GC(2734) Shrinking ParOldGen from 222720K by 83968K to 138752K
[2020-08-08T11:49:52.237+0300][386.803s][info ][gc] GC(2734) Pause Full (Ergonomics) 156M->22M(249M) 23.466ms
[2020-08-08T11:49:52.325+0300][386.891s][info ][gc] GC(2735) Pause Young (Allocation Failure) 80M->79M(249M) 78.004ms
[2020-08-08T11:49:52.479+0300][387.046s][info ][gc] GC(2736) Pause Young (Allocation Failure) 136M->136M(249M) 143.097ms
[2020-08-08T11:49:52.489+0300][387.055s][debug][gc] GC(2737) Shrinking ParOldGen from 138752K by 18944K to 119808K
[2020-08-08T11:49:52.490+0300][387.055s][info ][gc] GC(2737) Pause Full (Ergonomics) 136M->2M(231M) 9.391ms
[2020-08-08T11:49:52.561+0300][387.128s][info ][gc] GC(2738) Pause Young (Allocation Failure) 60M->59M(231M) 63.658ms
[2020-08-08T11:49:52.720+0300][387.285s][info ][gc] GC(2739) Pause Young (Allocation Failure) 117M->117M(231M) 147.606ms
[2020-08-08T11:49:53.103+0300][387.669s][debug][gc] GC(2740) Expanding ParOldGen from 119808K by 118272K to 238080K
[2020-08-08T11:49:53.103+0300][387.669s][info ][gc] GC(2740) Pause Full (Ergonomics) 117M->117M(346M) 383.949ms
[2020-08-08T11:49:53.206+0300][387.772s][info ][gc] GC(2741) Pause Young (Allocation Failure) 174M->174M(346M) 94.745ms
[2020-08-08T11:49:53.387+0300][387.953s][info ][gc] GC(2742) Pause Young (Allocation Failure) 232M->232M(346M) 171.026ms
[2020-08-08T11:49:53.706+0300][388.272s][debug][gc] GC(2743) Shrinking ParOldGen from 238080K by 17408K to 220672K
[2020-08-08T11:49:53.706+0300][388.272s][info ][gc] GC(2743) Pause Full (Ergonomics) 232M->98M(329M) 319.196ms
[2020-08-08T11:49:53.781+0300][388.346s][info ][gc] GC(2744) Pause Young (Allocation Failure) 156M->155M(329M) 63.854ms
[2020-08-08T11:49:53.803+0300][388.369s][debug][gc] GC(2745) Shrinking ParOldGen from 220672K by 83968K to 136704K
[2020-08-08T11:49:53.803+0300][388.369s][info ][gc] GC(2745) Pause Full (Ergonomics) 155M->22M(247M) 22.913ms
[2020-08-08T11:49:53.894+0300][388.459s][info ][gc] GC(2746) Pause Young (Allocation Failure) 79M->79M(247M) 79.148ms
[2020-08-08T11:49:54.043+0300][388.609s][info ][gc] GC(2747) Pause Young (Allocation Failure) 137M->136M(247M) 140.129ms
[2020-08-08T11:49:54.053+0300][388.618s][debug][gc] GC(2748) Shrinking ParOldGen from 136704K by 18944K to 117760K
[2020-08-08T11:49:54.053+0300][388.618s][info ][gc] GC(2748) Pause Full (Ergonomics) 136M->2M(229M) 9.492ms
[2020-08-08T11:49:54.125+0300][388.690s][info ][gc] GC(2749) Pause Young (Allocation Failure) 60M->59M(229M) 63.428ms
[2020-08-08T11:49:54.279+0300][388.845s][info ][gc] GC(2750) Pause Young (Allocation Failure) 117M->117M(229M) 145.993ms
[2020-08-08T11:49:54.661+0300][389.226s][debug][gc] GC(2751) Expanding ParOldGen from 117760K by 116736K to 234496K
[2020-08-08T11:49:54.661+0300][389.227s][info ][gc] GC(2751) Pause Full (Ergonomics) 117M->117M(343M) 381.259ms
[2020-08-08T11:49:54.770+0300][389.336s][info ][gc] GC(2752) Pause Young (Allocation Failure) 174M->174M(343M) 99.017ms
[2020-08-08T11:49:54.949+0300][389.516s][info ][gc] GC(2753) Pause Young (Allocation Failure) 232M->232M(343M) 170.346ms
[2020-08-08T11:49:55.264+0300][389.831s][debug][gc] GC(2754) Shrinking ParOldGen from 234496K by 15360K to 219136K
[2020-08-08T11:49:55.264+0300][389.831s][info ][gc] GC(2754) Pause Full (Ergonomics) 232M->98M(328M) 314.772ms
[2020-08-08T11:49:55.337+0300][389.903s][info ][gc] GC(2755) Pause Young (Allocation Failure) 156M->156M(328M) 64.047ms
[2020-08-08T11:49:55.361+0300][389.927s][debug][gc] GC(2756) Shrinking ParOldGen from 219136K by 83968K to 135168K
[2020-08-08T11:49:55.361+0300][389.928s][info ][gc] GC(2756) Pause Full (Ergonomics) 156M->22M(246M) 24.746ms
[2020-08-08T11:49:55.454+0300][390.021s][info ][gc] GC(2757) Pause Young (Allocation Failure) 80M->79M(246M) 79.020ms
[2020-08-08T11:49:55.607+0300][390.174s][info ][gc] GC(2758) Pause Young (Allocation Failure) 136M->136M(246M) 143.197ms
[2020-08-08T11:49:55.618+0300][390.183s][debug][gc] GC(2759) Shrinking ParOldGen from 135168K by 18432K to 116736K
[2020-08-08T11:49:55.618+0300][390.183s][info ][gc] GC(2759) Pause Full (Ergonomics) 136M->2M(228M) 9.535ms
[2020-08-08T11:49:55.688+0300][390.255s][info ][gc] GC(2760) Pause Young (Allocation Failure) 60M->59M(228M) 63.708ms
[2020-08-08T11:49:55.845+0300][390.410s][info ][gc] GC(2761) Pause Young (Allocation Failure) 117M->117M(228M) 145.947ms
[2020-08-08T11:49:56.225+0300][390.790s][debug][gc] GC(2762) Expanding ParOldGen from 116736K by 116224K to 232960K
[2020-08-08T11:49:56.225+0300][390.791s][info ][gc] GC(2762) Pause Full (Ergonomics) 117M->117M(341M) 380.031ms
[2020-08-08T11:49:56.332+0300][390.899s][info ][gc] GC(2763) Pause Young (Allocation Failure) 174M->174M(341M) 99.870ms
[2020-08-08T11:49:56.514+0300][391.080s][info ][gc] GC(2764) Pause Young (Allocation Failure) 232M->232M(341M) 171.803ms
[2020-08-08T11:49:56.830+0300][391.395s][debug][gc] GC(2765) Shrinking ParOldGen from 232960K by 14848K to 218112K
[2020-08-08T11:49:56.830+0300][391.395s][info ][gc] GC(2765) Pause Full (Ergonomics) 232M->98M(327M) 315.165ms
[2020-08-08T11:49:56.904+0300][391.470s][info ][gc] GC(2766) Pause Young (Allocation Failure) 156M->156M(327M) 64.943ms
[2020-08-08T11:49:57.058+0300][391.624s][info ][gc] GC(2767) Pause Young (Allocation Failure) 213M->213M(327M) 145.257ms
[2020-08-08T11:49:57.300+0300][391.865s][debug][gc] GC(2768) Shrinking ParOldGen from 218112K by 17920K to 200192K
[2020-08-08T11:49:57.300+0300][391.865s][info ][gc] GC(2768) Pause Full (Ergonomics) 213M->79M(309M) 240.517ms
[2020-08-08T11:49:57.386+0300][391.952s][info ][gc] GC(2769) Pause Young (Allocation Failure) 136M->136M(309M) 76.765ms
[2020-08-08T11:49:57.532+0300][392.098s][info ][gc] GC(2770) Pause Young (Allocation Failure) 193M->193M(309M) 135.743ms
[2020-08-08T11:49:57.696+0300][392.262s][debug][gc] GC(2771) Shrinking ParOldGen from 200192K by 19968K to 180224K
[2020-08-08T11:49:57.696+0300][392.262s][info ][gc] GC(2771) Pause Full (Ergonomics) 193M->59M(290M) 163.809ms
[2020-08-08T11:49:57.785+0300][392.350s][info ][gc] GC(2772) Pause Young (Allocation Failure) 117M->117M(290M) 78.150ms
[2020-08-08T11:49:57.925+0300][392.491s][info ][gc] GC(2773) Pause Young (Allocation Failure) 174M->174M(290M) 131.345ms
[2020-08-08T11:49:58.018+0300][392.584s][debug][gc] GC(2774) Shrinking ParOldGen from 180224K by 17920K to 162304K
[2020-08-08T11:49:58.018+0300][392.584s][info ][gc] GC(2774) Pause Full (Ergonomics) 174M->41M(272M) 93.394ms
[2020-08-08T11:49:58.107+0300][392.673s][info ][gc] GC(2775) Pause Young (Allocation Failure) 98M->98M(272M) 77.579ms
[2020-08-08T11:49:58.244+0300][392.810s][info ][gc] GC(2776) Pause Young (Allocation Failure) 156M->156M(272M) 128.751ms
[2020-08-08T11:49:58.265+0300][392.831s][debug][gc] GC(2777) Shrinking ParOldGen from 162304K by 11264K to 151040K
[2020-08-08T11:49:58.265+0300][392.831s][info ][gc] GC(2777) Pause Full (Ergonomics) 156M->22M(261M) 21.139ms
[2020-08-08T11:49:58.352+0300][392.919s][info ][gc] GC(2778) Pause Young (Allocation Failure) 80M->80M(261M) 77.774ms
[2020-08-08T11:49:58.505+0300][393.071s][info ][gc] GC(2779) Pause Young (Allocation Failure) 136M->136M(261M) 141.622ms
[2020-08-08T11:49:58.514+0300][393.081s][debug][gc] GC(2780) Shrinking ParOldGen from 151040K by 21504K to 129536K
[2020-08-08T11:49:58.514+0300][393.081s][info ][gc] GC(2780) Pause Full (Ergonomics) 136M->2M(240M) 9.762ms
[2020-08-08T11:49:58.593+0300][393.159s][info ][gc] GC(2781) Pause Young (Allocation Failure) 60M->59M(240M) 64.912ms
[2020-08-08T11:49:58.753+0300][393.318s][info ][gc] GC(2782) Pause Young (Allocation Failure) 117M->117M(240M) 149.883ms
[2020-08-08T11:49:59.133+0300][393.698s][debug][gc] GC(2783) Expanding ParOldGen from 129536K by 116736K to 246272K
[2020-08-08T11:49:59.133+0300][393.698s][info ][gc] GC(2783) Pause Full (Ergonomics) 117M->117M(354M) 379.653ms
[2020-08-08T11:49:59.207+0300][393.773s][info ][gc] GC(2784) Pause Young (Allocation Failure) 174M->174M(354M) 66.892ms
[2020-08-08T11:49:59.383+0300][393.949s][info ][gc] GC(2785) Pause Young (Allocation Failure) 232M->232M(354M) 166.411ms
[2020-08-08T11:49:59.702+0300][394.268s][debug][gc] GC(2786) Shrinking ParOldGen from 246272K by 19456K to 226816K
[2020-08-08T11:49:59.702+0300][394.268s][info ][gc] GC(2786) Pause Full (Ergonomics) 232M->98M(335M) 319.351ms
[2020-08-08T11:49:59.777+0300][394.344s][info ][gc] GC(2787) Pause Young (Allocation Failure) 156M->155M(335M) 64.568ms
[2020-08-08T11:49:59.799+0300][394.366s][debug][gc] GC(2788) Shrinking ParOldGen from 226816K by 83968K to 142848K
[2020-08-08T11:49:59.800+0300][394.366s][info ][gc] GC(2788) Pause Full (Ergonomics) 155M->22M(253M) 22.099ms
[2020-08-08T11:49:59.889+0300][394.455s][info ][gc] GC(2789) Pause Young (Allocation Failure) 79M->79M(253M) 78.341ms
[2020-08-08T11:50:00.040+0300][394.606s][info ][gc] GC(2790) Pause Young (Allocation Failure) 137M->136M(253M) 141.431ms
[2020-08-08T11:50:00.050+0300][394.616s][debug][gc] GC(2791) Shrinking ParOldGen from 142848K by 19968K to 122880K
[2020-08-08T11:50:00.050+0300][394.616s][info ][gc] GC(2791) Pause Full (Ergonomics) 136M->2M(234M) 9.845ms
[2020-08-08T11:50:00.124+0300][394.690s][info ][gc] GC(2792) Pause Young (Allocation Failure) 60M->59M(234M) 64.879ms
[2020-08-08T11:50:00.279+0300][394.846s][info ][gc] GC(2793) Pause Young (Allocation Failure) 117M->117M(234M) 146.554ms
[2020-08-08T11:50:00.656+0300][395.223s][debug][gc] GC(2794) Expanding ParOldGen from 122880K by 118272K to 241152K
[2020-08-08T11:50:00.656+0300][395.223s][info ][gc] GC(2794) Pause Full (Ergonomics) 117M->117M(349M) 376.916ms
[2020-08-08T11:50:00.734+0300][395.301s][info ][gc] GC(2795) Pause Young (Allocation Failure) 174M->174M(349M) 67.445ms
[2020-08-08T11:50:00.917+0300][395.482s][info ][gc] GC(2796) Pause Young (Allocation Failure) 232M->232M(349M) 170.734ms
[2020-08-08T11:50:01.233+0300][395.799s][debug][gc] GC(2797) Shrinking ParOldGen from 241152K by 18432K to 222720K
[2020-08-08T11:50:01.233+0300][395.799s][info ][gc] GC(2797) Pause Full (Ergonomics) 232M->98M(331M) 316.461ms
[2020-08-08T11:50:01.306+0300][395.871s][info ][gc] GC(2798) Pause Young (Allocation Failure) 156M->156M(331M) 64.116ms
[2020-08-08T11:50:01.328+0300][395.894s][debug][gc] GC(2799) Shrinking ParOldGen from 222720K by 83968K to 138752K
[2020-08-08T11:50:01.328+0300][395.894s][info ][gc] GC(2799) Pause Full (Ergonomics) 156M->22M(249M) 23.026ms
[2020-08-08T11:50:01.417+0300][395.983s][info ][gc] GC(2800) Pause Young (Allocation Failure) 80M->79M(249M) 77.928ms
[2020-08-08T11:50:01.572+0300][396.139s][info ][gc] GC(2801) Pause Young (Allocation Failure) 136M->136M(249M) 143.347ms
[2020-08-08T11:50:01.583+0300][396.148s][debug][gc] GC(2802) Shrinking ParOldGen from 138752K by 18944K to 119808K
[2020-08-08T11:50:01.583+0300][396.148s][info ][gc] GC(2802) Pause Full (Ergonomics) 136M->2M(231M) 9.216ms
[2020-08-08T11:50:01.657+0300][396.222s][info ][gc] GC(2803) Pause Young (Allocation Failure) 60M->59M(231M) 64.621ms
[2020-08-08T11:50:01.812+0300][396.379s][info ][gc] GC(2804) Pause Young (Allocation Failure) 117M->117M(231M) 147.720ms
[2020-08-08T11:50:02.216+0300][396.781s][debug][gc] GC(2805) Expanding ParOldGen from 119808K by 118272K to 238080K
[2020-08-08T11:50:02.216+0300][396.782s][info ][gc] GC(2805) Pause Full (Ergonomics) 117M->117M(346M) 402.615ms
[2020-08-08T11:50:02.320+0300][396.885s][info ][gc] GC(2806) Pause Young (Allocation Failure) 174M->174M(346M) 95.267ms
[2020-08-08T11:50:02.501+0300][397.066s][info ][gc] GC(2807) Pause Young (Allocation Failure) 232M->232M(346M) 171.315ms
[2020-08-08T11:50:02.816+0300][397.382s][debug][gc] GC(2808) Shrinking ParOldGen from 238080K by 17408K to 220672K
[2020-08-08T11:50:02.816+0300][397.382s][info ][gc] GC(2808) Pause Full (Ergonomics) 232M->98M(329M) 315.841ms
[2020-08-08T11:50:02.892+0300][397.458s][info ][gc] GC(2809) Pause Young (Allocation Failure) 156M->155M(329M) 64.882ms
[2020-08-08T11:50:02.915+0300][397.480s][debug][gc] GC(2810) Shrinking ParOldGen from 220672K by 83968K to 136704K
[2020-08-08T11:50:02.915+0300][397.480s][info ][gc] GC(2810) Pause Full (Ergonomics) 155M->22M(247M) 22.552ms
[2020-08-08T11:50:03.005+0300][397.570s][info ][gc] GC(2811) Pause Young (Allocation Failure) 79M->79M(247M) 78.875ms
[2020-08-08T11:50:03.155+0300][397.720s][info ][gc] GC(2812) Pause Young (Allocation Failure) 137M->136M(247M) 140.950ms
[2020-08-08T11:50:03.164+0300][397.729s][debug][gc] GC(2813) Shrinking ParOldGen from 136704K by 18944K to 117760K
[2020-08-08T11:50:03.164+0300][397.729s][info ][gc] GC(2813) Pause Full (Ergonomics) 136M->2M(229M) 8.937ms
[2020-08-08T11:50:03.235+0300][397.801s][info ][gc] GC(2814) Pause Young (Allocation Failure) 60M->59M(229M) 63.099ms
[2020-08-08T11:50:03.391+0300][397.957s][info ][gc] GC(2815) Pause Young (Allocation Failure) 117M->117M(229M) 146.823ms
[2020-08-08T11:50:03.780+0300][398.346s][debug][gc] GC(2816) Expanding ParOldGen from 117760K by 116736K to 234496K
[2020-08-08T11:50:03.780+0300][398.346s][info ][gc] GC(2816) Pause Full (Ergonomics) 117M->117M(343M) 388.543ms
[2020-08-08T11:50:03.889+0300][398.454s][info ][gc] GC(2817) Pause Young (Allocation Failure) 174M->174M(343M) 97.880ms
[2020-08-08T11:50:04.067+0300][398.633s][info ][gc] GC(2818) Pause Young (Allocation Failure) 232M->232M(343M) 168.880ms
[2020-08-08T11:50:04.381+0300][398.948s][debug][gc] GC(2819) Shrinking ParOldGen from 234496K by 15360K to 219136K
[2020-08-08T11:50:04.381+0300][398.948s][info ][gc] GC(2819) Pause Full (Ergonomics) 232M->98M(328M) 314.736ms
[2020-08-08T11:50:04.455+0300][399.021s][info ][gc] GC(2820) Pause Young (Allocation Failure) 156M->156M(328M) 65.444ms
[2020-08-08T11:50:04.479+0300][399.045s][debug][gc] GC(2821) Shrinking ParOldGen from 219136K by 83968K to 135168K
[2020-08-08T11:50:04.479+0300][399.045s][info ][gc] GC(2821) Pause Full (Ergonomics) 156M->22M(246M) 23.889ms
[2020-08-08T11:50:04.572+0300][399.138s][info ][gc] GC(2822) Pause Young (Allocation Failure) 79M->79M(246M) 79.543ms
[2020-08-08T11:50:04.725+0300][399.292s][info ][gc] GC(2823) Pause Young (Allocation Failure) 136M->136M(246M) 143.547ms
[2020-08-08T11:50:04.734+0300][399.301s][debug][gc] GC(2824) Shrinking ParOldGen from 135168K by 18432K to 116736K
[2020-08-08T11:50:04.734+0300][399.301s][info ][gc] GC(2824) Pause Full (Ergonomics) 136M->2M(228M) 9.215ms
[2020-08-08T11:50:04.809+0300][399.374s][info ][gc] GC(2825) Pause Young (Allocation Failure) 60M->59M(228M) 64.908ms
[2020-08-08T11:50:04.966+0300][399.531s][info ][gc] GC(2826) Pause Young (Allocation Failure) 117M->117M(228M) 147.778ms
[2020-08-08T11:50:05.348+0300][399.914s][debug][gc] GC(2827) Expanding ParOldGen from 116736K by 115712K to 232448K
[2020-08-08T11:50:05.348+0300][399.914s][info ][gc] GC(2827) Pause Full (Ergonomics) 117M->117M(341M) 382.428ms
[2020-08-08T11:50:05.456+0300][400.022s][info ][gc] GC(2828) Pause Young (Allocation Failure) 174M->174M(341M) 99.445ms
[2020-08-08T11:50:05.642+0300][400.207s][info ][gc] GC(2829) Pause Young (Allocation Failure) 232M->232M(341M) 172.158ms
[2020-08-08T11:50:05.955+0300][400.520s][debug][gc] GC(2830) Shrinking ParOldGen from 232448K by 14336K to 218112K
[2020-08-08T11:50:05.955+0300][400.520s][info ][gc] GC(2830) Pause Full (Ergonomics) 232M->98M(327M) 313.102ms
[2020-08-08T11:50:06.025+0300][400.591s][info ][gc] GC(2831) Pause Young (Allocation Failure) 156M->156M(327M) 62.779ms
[2020-08-08T11:50:06.180+0300][400.746s][info ][gc] GC(2832) Pause Young (Allocation Failure) 213M->213M(327M) 145.442ms
[2020-08-08T11:50:06.416+0300][400.983s][debug][gc] GC(2833) Shrinking ParOldGen from 218112K by 17920K to 200192K
[2020-08-08T11:50:06.416+0300][400.983s][info ][gc] GC(2833) Pause Full (Ergonomics) 213M->79M(309M) 236.493ms
[2020-08-08T11:50:06.504+0300][401.070s][info ][gc] GC(2834) Pause Young (Allocation Failure) 136M->136M(309M) 76.688ms
[2020-08-08T11:50:06.650+0300][401.216s][info ][gc] GC(2835) Pause Young (Allocation Failure) 193M->193M(309M) 136.609ms
[2020-08-08T11:50:06.812+0300][401.378s][debug][gc] GC(2836) Shrinking ParOldGen from 200192K by 19968K to 180224K
[2020-08-08T11:50:06.812+0300][401.378s][info ][gc] GC(2836) Pause Full (Ergonomics) 193M->59M(290M) 162.730ms
[2020-08-08T11:50:06.902+0300][401.467s][info ][gc] GC(2837) Pause Young (Allocation Failure) 117M->117M(290M) 77.845ms
[2020-08-08T11:50:07.040+0300][401.605s][info ][gc] GC(2838) Pause Young (Allocation Failure) 174M->174M(290M) 130.581ms
[2020-08-08T11:50:07.132+0300][401.699s][debug][gc] GC(2839) Shrinking ParOldGen from 180224K by 17920K to 162304K
[2020-08-08T11:50:07.132+0300][401.699s][info ][gc] GC(2839) Pause Full (Ergonomics) 174M->41M(272M) 93.518ms
[2020-08-08T11:50:07.222+0300][401.787s][info ][gc] GC(2840) Pause Young (Allocation Failure) 98M->98M(272M) 77.427ms
[2020-08-08T11:50:07.356+0300][401.922s][info ][gc] GC(2841) Pause Young (Allocation Failure) 156M->156M(272M) 127.378ms
[2020-08-08T11:50:07.378+0300][401.943s][debug][gc] GC(2842) Shrinking ParOldGen from 162304K by 11264K to 151040K
[2020-08-08T11:50:07.378+0300][401.943s][info ][gc] GC(2842) Pause Full (Ergonomics) 156M->22M(261M) 20.699ms
[2020-08-08T11:50:07.465+0300][402.031s][info ][gc] GC(2843) Pause Young (Allocation Failure) 80M->79M(261M) 77.357ms
[2020-08-08T11:50:07.619+0300][402.185s][info ][gc] GC(2844) Pause Young (Allocation Failure) 136M->136M(261M) 144.409ms
[2020-08-08T11:50:07.628+0300][402.194s][debug][gc] GC(2845) Shrinking ParOldGen from 151040K by 21504K to 129536K
[2020-08-08T11:50:07.628+0300][402.194s][info ][gc] GC(2845) Pause Full (Ergonomics) 136M->2M(240M) 9.141ms
[2020-08-08T11:50:07.702+0300][402.269s][info ][gc] GC(2846) Pause Young (Allocation Failure) 60M->59M(240M) 63.795ms
[2020-08-08T11:50:07.860+0300][402.426s][info ][gc] GC(2847) Pause Young (Allocation Failure) 117M->117M(240M) 148.007ms
[2020-08-08T11:50:08.250+0300][402.815s][debug][gc] GC(2848) Expanding ParOldGen from 129536K by 116736K to 246272K
[2020-08-08T11:50:08.250+0300][402.815s][info ][gc] GC(2848) Pause Full (Ergonomics) 117M->117M(354M) 389.329ms
[2020-08-08T11:50:08.324+0300][402.890s][info ][gc] GC(2849) Pause Young (Allocation Failure) 174M->174M(354M) 67.635ms
[2020-08-08T11:50:08.499+0300][403.066s][info ][gc] GC(2850) Pause Young (Allocation Failure) 232M->232M(354M) 166.692ms
[2020-08-08T11:50:08.818+0300][403.385s][debug][gc] GC(2851) Shrinking ParOldGen from 246272K by 19456K to 226816K
[2020-08-08T11:50:08.818+0300][403.385s][info ][gc] GC(2851) Pause Full (Ergonomics) 232M->98M(335M) 318.893ms
[2020-08-08T11:50:08.894+0300][403.461s][info ][gc] GC(2852) Pause Young (Allocation Failure) 156M->155M(335M) 65.490ms
[2020-08-08T11:50:08.917+0300][403.483s][debug][gc] GC(2853) Shrinking ParOldGen from 226816K by 83968K to 142848K
[2020-08-08T11:50:08.917+0300][403.483s][info ][gc] GC(2853) Pause Full (Ergonomics) 155M->22M(253M) 22.089ms
[2020-08-08T11:50:09.007+0300][403.573s][info ][gc] GC(2854) Pause Young (Allocation Failure) 79M->79M(253M) 77.858ms
[2020-08-08T11:50:09.156+0300][403.722s][info ][gc] GC(2855) Pause Young (Allocation Failure) 137M->136M(253M) 140.052ms
[2020-08-08T11:50:09.165+0300][403.731s][debug][gc] GC(2856) Shrinking ParOldGen from 142848K by 19968K to 122880K
[2020-08-08T11:50:09.165+0300][403.731s][info ][gc] GC(2856) Pause Full (Ergonomics) 136M->2M(234M) 9.146ms
[2020-08-08T11:50:09.237+0300][403.803s][info ][gc] GC(2857) Pause Young (Allocation Failure) 60M->59M(234M) 63.049ms
[2020-08-08T11:50:09.393+0300][403.959s][info ][gc] GC(2858) Pause Young (Allocation Failure) 117M->117M(234M) 146.422ms
[2020-08-08T11:50:09.801+0300][404.366s][debug][gc] GC(2859) Expanding ParOldGen from 122880K by 118272K to 241152K
[2020-08-08T11:50:09.801+0300][404.366s][info ][gc] GC(2859) Pause Full (Ergonomics) 117M->117M(349M) 407.130ms
[2020-08-08T11:50:09.880+0300][404.446s][info ][gc] GC(2860) Pause Young (Allocation Failure) 174M->174M(349M) 69.374ms
[2020-08-08T11:50:10.060+0300][404.626s][info ][gc] GC(2861) Pause Young (Allocation Failure) 232M->232M(349M) 169.916ms
[2020-08-08T11:50:10.375+0300][404.940s][debug][gc] GC(2862) Shrinking ParOldGen from 241152K by 18944K to 222208K
[2020-08-08T11:50:10.375+0300][404.940s][info ][gc] GC(2862) Pause Full (Ergonomics) 232M->98M(331M) 313.974ms
[2020-08-08T11:50:10.446+0300][405.012s][info ][gc] GC(2863) Pause Young (Allocation Failure) 155M->155M(331M) 63.504ms
[2020-08-08T11:50:10.467+0300][405.034s][debug][gc] GC(2864) Shrinking ParOldGen from 222208K by 83968K to 138240K
[2020-08-08T11:50:10.468+0300][405.034s][info ][gc] GC(2864) Pause Full (Ergonomics) 155M->22M(249M) 22.189ms
[2020-08-08T11:50:10.557+0300][405.124s][info ][gc] GC(2865) Pause Young (Allocation Failure) 79M->79M(249M) 78.166ms
[2020-08-08T11:50:10.714+0300][405.280s][info ][gc] GC(2866) Pause Young (Allocation Failure) 135M->136M(249M) 143.433ms
[2020-08-08T11:50:10.723+0300][405.288s][debug][gc] GC(2867) Shrinking ParOldGen from 138240K by 18432K to 119808K
[2020-08-08T11:50:10.723+0300][405.288s][info ][gc] GC(2867) Pause Full (Ergonomics) 136M->2M(231M) 8.764ms
[2020-08-08T11:50:10.795+0300][405.362s][info ][gc] GC(2868) Pause Young (Allocation Failure) 60M->59M(231M) 63.695ms
[2020-08-08T11:50:10.952+0300][405.519s][info ][gc] GC(2869) Pause Young (Allocation Failure) 117M->117M(231M) 147.642ms
[2020-08-08T11:50:11.358+0300][405.924s][debug][gc] GC(2870) Expanding ParOldGen from 119808K by 118272K to 238080K
[2020-08-08T11:50:11.358+0300][405.924s][info ][gc] GC(2870) Pause Full (Ergonomics) 117M->116M(346M) 405.534ms
[2020-08-08T11:50:11.434+0300][406.000s][info ][gc] GC(2871) Pause Young (Allocation Failure) 174M->174M(346M) 66.434ms
[2020-08-08T11:50:11.617+0300][406.182s][info ][gc] GC(2872) Pause Young (Allocation Failure) 231M->232M(346M) 171.812ms
[2020-08-08T11:50:11.926+0300][406.492s][debug][gc] GC(2873) Shrinking ParOldGen from 238080K by 17920K to 220160K
[2020-08-08T11:50:11.926+0300][406.492s][info ][gc] GC(2873) Pause Full (Ergonomics) 232M->98M(329M) 310.477ms
[2020-08-08T11:50:12.002+0300][406.569s][info ][gc] GC(2874) Pause Young (Allocation Failure) 155M->155M(329M) 64.648ms
[2020-08-08T11:50:12.026+0300][406.591s][debug][gc] GC(2875) Shrinking ParOldGen from 220160K by 83968K to 136192K
[2020-08-08T11:50:12.026+0300][406.592s][info ][gc] GC(2875) Pause Full (Ergonomics) 155M->22M(247M) 22.674ms
[2020-08-08T11:50:12.115+0300][406.681s][info ][gc] GC(2876) Pause Young (Allocation Failure) 79M->79M(247M) 77.957ms
[2020-08-08T11:50:12.264+0300][406.830s][info ][gc] GC(2877) Pause Young (Allocation Failure) 136M->136M(247M) 140.780ms
[2020-08-08T11:50:12.273+0300][406.839s][debug][gc] GC(2878) Shrinking ParOldGen from 136192K by 18432K to 117760K
[2020-08-08T11:50:12.273+0300][406.839s][info ][gc] GC(2878) Pause Full (Ergonomics) 136M->2M(229M) 8.707ms
[2020-08-08T11:50:12.344+0300][406.910s][info ][gc] GC(2879) Pause Young (Allocation Failure) 60M->59M(229M) 62.818ms
[2020-08-08T11:50:12.500+0300][407.066s][info ][gc] GC(2880) Pause Young (Allocation Failure) 117M->117M(229M) 146.503ms
[2020-08-08T11:50:12.892+0300][407.458s][debug][gc] GC(2881) Expanding ParOldGen from 117760K by 116736K to 234496K
[2020-08-08T11:50:12.892+0300][407.458s][info ][gc] GC(2881) Pause Full (Ergonomics) 117M->117M(343M) 391.261ms
[2020-08-08T11:50:13.003+0300][407.568s][info ][gc] GC(2882) Pause Young (Allocation Failure) 174M->174M(343M) 99.888ms
[2020-08-08T11:50:13.182+0300][407.748s][info ][gc] GC(2883) Pause Young (Allocation Failure) 231M->232M(343M) 170.352ms
[2020-08-08T11:50:13.495+0300][408.061s][debug][gc] GC(2884) Shrinking ParOldGen from 234496K by 15872K to 218624K
[2020-08-08T11:50:13.495+0300][408.061s][info ][gc] GC(2884) Pause Full (Ergonomics) 232M->98M(327M) 312.993ms
[2020-08-08T11:50:13.569+0300][408.136s][info ][gc] GC(2885) Pause Young (Allocation Failure) 155M->155M(327M) 67.364ms
[2020-08-08T11:50:13.593+0300][408.159s][debug][gc] GC(2886) Shrinking ParOldGen from 218624K by 83456K to 135168K
[2020-08-08T11:50:13.593+0300][408.159s][info ][gc] GC(2886) Pause Full (Ergonomics) 155M->22M(246M) 23.068ms
[2020-08-08T11:50:13.689+0300][408.254s][info ][gc] GC(2887) Pause Young (Allocation Failure) 79M->79M(246M) 79.676ms
[2020-08-08T11:50:13.841+0300][408.406s][info ][gc] GC(2888) Pause Young (Allocation Failure) 135M->136M(246M) 141.865ms
[2020-08-08T11:50:13.849+0300][408.415s][debug][gc] GC(2889) Shrinking ParOldGen from 135168K by 18432K to 116736K
[2020-08-08T11:50:13.849+0300][408.415s][info ][gc] GC(2889) Pause Full (Ergonomics) 136M->2M(228M) 8.681ms
[2020-08-08T11:50:13.921+0300][408.487s][info ][gc] GC(2890) Pause Young (Allocation Failure) 60M->59M(228M) 63.909ms
[2020-08-08T11:50:14.078+0300][408.644s][info ][gc] GC(2891) Pause Young (Allocation Failure) 117M->117M(228M) 146.165ms
[2020-08-08T11:50:14.486+0300][409.052s][debug][gc] GC(2892) Expanding ParOldGen from 116736K by 115712K to 232448K
[2020-08-08T11:50:14.486+0300][409.052s][info ][gc] GC(2892) Pause Full (Ergonomics) 117M->117M(341M) 408.166ms
[2020-08-08T11:50:14.594+0300][409.160s][info ][gc] GC(2893) Pause Young (Allocation Failure) 174M->174M(341M) 100.176ms
[2020-08-08T11:50:14.777+0300][409.344s][info ][gc] GC(2894) Pause Young (Allocation Failure) 232M->232M(341M) 171.292ms
[2020-08-08T11:50:15.086+0300][409.653s][debug][gc] GC(2895) Shrinking ParOldGen from 232448K by 14848K to 217600K
[2020-08-08T11:50:15.087+0300][409.653s][info ][gc] GC(2895) Pause Full (Ergonomics) 232M->98M(326M) 309.137ms
[2020-08-08T11:50:15.162+0300][409.727s][info ][gc] GC(2896) Pause Young (Allocation Failure) 155M->155M(326M) 63.385ms
[2020-08-08T11:50:15.316+0300][409.882s][info ][gc] GC(2897) Pause Young (Allocation Failure) 213M->213M(326M) 145.882ms
[2020-08-08T11:50:15.560+0300][410.125s][debug][gc] GC(2898) Shrinking ParOldGen from 217600K by 17408K to 200192K
[2020-08-08T11:50:15.560+0300][410.125s][info ][gc] GC(2898) Pause Full (Ergonomics) 213M->79M(309M) 242.993ms
[2020-08-08T11:50:15.648+0300][410.214s][info ][gc] GC(2899) Pause Young (Allocation Failure) 135M->135M(309M) 78.577ms
[2020-08-08T11:50:15.793+0300][410.359s][info ][gc] GC(2900) Pause Young (Allocation Failure) 193M->193M(309M) 135.301ms
[2020-08-08T11:50:15.956+0300][410.522s][debug][gc] GC(2901) Shrinking ParOldGen from 200192K by 19968K to 180224K
[2020-08-08T11:50:15.956+0300][410.522s][info ][gc] GC(2901) Pause Full (Ergonomics) 193M->59M(290M) 162.767ms
[2020-08-08T11:50:16.043+0300][410.610s][info ][gc] GC(2902) Pause Young (Allocation Failure) 117M->117M(290M) 77.560ms
[2020-08-08T11:50:16.183+0300][410.748s][info ][gc] GC(2903) Pause Young (Allocation Failure) 174M->174M(290M) 130.632ms
[2020-08-08T11:50:16.276+0300][410.841s][debug][gc] GC(2904) Shrinking ParOldGen from 180224K by 17920K to 162304K
[2020-08-08T11:50:16.276+0300][410.841s][info ][gc] GC(2904) Pause Full (Ergonomics) 174M->41M(272M) 92.808ms
[2020-08-08T11:50:16.363+0300][410.929s][info ][gc] GC(2905) Pause Young (Allocation Failure) 98M->98M(272M) 77.758ms
[2020-08-08T11:50:16.498+0300][411.064s][info ][gc] GC(2906) Pause Young (Allocation Failure) 156M->156M(272M) 127.185ms
[2020-08-08T11:50:16.518+0300][411.084s][debug][gc] GC(2907) Shrinking ParOldGen from 162304K by 11776K to 150528K
[2020-08-08T11:50:16.518+0300][411.084s][info ][gc] GC(2907) Pause Full (Ergonomics) 156M->22M(261M) 20.608ms
[2020-08-08T11:50:16.607+0300][411.174s][info ][gc] GC(2908) Pause Young (Allocation Failure) 79M->79M(261M) 79.272ms
[2020-08-08T11:50:16.765+0300][411.330s][info ][gc] GC(2909) Pause Young (Allocation Failure) 135M->136M(261M) 143.648ms
[2020-08-08T11:50:16.774+0300][411.339s][debug][gc] GC(2910) Shrinking ParOldGen from 150528K by 20992K to 129536K
[2020-08-08T11:50:16.774+0300][411.339s][info ][gc] GC(2910) Pause Full (Ergonomics) 136M->2M(240M) 8.755ms
[2020-08-08T11:50:16.845+0300][411.411s][info ][gc] GC(2911) Pause Young (Allocation Failure) 60M->59M(240M) 62.698ms
[2020-08-08T11:50:17.002+0300][411.568s][info ][gc] GC(2912) Pause Young (Allocation Failure) 117M->117M(240M) 147.478ms
[2020-08-08T11:50:17.385+0300][411.951s][debug][gc] GC(2913) Expanding ParOldGen from 129536K by 116736K to 246272K
[2020-08-08T11:50:17.385+0300][411.951s][info ][gc] GC(2913) Pause Full (Ergonomics) 117M->116M(354M) 382.711ms
[2020-08-08T11:50:17.461+0300][412.027s][info ][gc] GC(2914) Pause Young (Allocation Failure) 174M->174M(354M) 67.241ms
[2020-08-08T11:50:17.638+0300][412.204s][info ][gc] GC(2915) Pause Young (Allocation Failure) 231M->232M(354M) 167.434ms
[2020-08-08T11:50:17.951+0300][412.517s][debug][gc] GC(2916) Shrinking ParOldGen from 246272K by 19456K to 226816K
[2020-08-08T11:50:17.951+0300][412.517s][info ][gc] GC(2916) Pause Full (Ergonomics) 232M->98M(335M) 312.356ms
[2020-08-08T11:50:18.025+0300][412.591s][info ][gc] GC(2917) Pause Young (Allocation Failure) 155M->155M(335M) 64.109ms
[2020-08-08T11:50:18.047+0300][412.613s][debug][gc] GC(2918) Shrinking ParOldGen from 226816K by 84480K to 142336K
[2020-08-08T11:50:18.047+0300][412.613s][info ][gc] GC(2918) Pause Full (Ergonomics) 155M->22M(253M) 22.237ms
[2020-08-08T11:50:18.136+0300][412.702s][info ][gc] GC(2919) Pause Young (Allocation Failure) 79M->79M(253M) 78.424ms
[2020-08-08T11:50:18.287+0300][412.852s][info ][gc] GC(2920) Pause Young (Allocation Failure) 136M->135M(253M) 140.627ms
[2020-08-08T11:50:18.295+0300][412.861s][debug][gc] GC(2921) Shrinking ParOldGen from 142336K by 19456K to 122880K
[2020-08-08T11:50:18.295+0300][412.861s][info ][gc] GC(2921) Pause Full (Ergonomics) 135M->2M(234M) 8.581ms
[2020-08-08T11:50:18.368+0300][412.934s][info ][gc] GC(2922) Pause Young (Allocation Failure) 60M->59M(234M) 63.677ms
[2020-08-08T11:50:18.523+0300][413.089s][info ][gc] GC(2923) Pause Young (Allocation Failure) 117M->117M(234M) 146.443ms
[2020-08-08T11:50:18.917+0300][413.483s][debug][gc] GC(2924) Expanding ParOldGen from 122880K by 118272K to 241152K
[2020-08-08T11:50:18.917+0300][413.483s][info ][gc] GC(2924) Pause Full (Ergonomics) 117M->117M(349M) 393.225ms
[2020-08-08T11:50:18.999+0300][413.565s][info ][gc] GC(2925) Pause Young (Allocation Failure) 174M->174M(349M) 68.808ms
[2020-08-08T11:50:19.176+0300][413.742s][info ][gc] GC(2926) Pause Young (Allocation Failure) 231M->231M(349M) 168.445ms
[2020-08-08T11:50:19.491+0300][414.057s][debug][gc] GC(2927) Shrinking ParOldGen from 241152K by 18944K to 222208K
[2020-08-08T11:50:19.491+0300][414.057s][info ][gc] GC(2927) Pause Full (Ergonomics) 231M->98M(331M) 314.595ms
[2020-08-08T11:50:19.564+0300][414.131s][info ][gc] GC(2928) Pause Young (Allocation Failure) 155M->155M(331M) 65.088ms
[2020-08-08T11:50:19.588+0300][414.154s][debug][gc] GC(2929) Shrinking ParOldGen from 222208K by 83968K to 138240K
[2020-08-08T11:50:19.588+0300][414.154s][info ][gc] GC(2929) Pause Full (Ergonomics) 155M->22M(249M) 22.817ms
[2020-08-08T11:50:19.679+0300][414.244s][info ][gc] GC(2930) Pause Young (Allocation Failure) 79M->79M(249M) 79.758ms
[2020-08-08T11:50:19.833+0300][414.399s][info ][gc] GC(2931) Pause Young (Allocation Failure) 135M->136M(249M) 143.838ms
[2020-08-08T11:50:19.842+0300][414.408s][debug][gc] GC(2932) Shrinking ParOldGen from 138240K by 18432K to 119808K
[2020-08-08T11:50:19.842+0300][414.408s][info ][gc] GC(2932) Pause Full (Ergonomics) 136M->2M(231M) 8.641ms
[2020-08-08T11:50:19.917+0300][414.482s][info ][gc] GC(2933) Pause Young (Allocation Failure) 60M->59M(231M) 64.523ms
[2020-08-08T11:50:20.076+0300][414.641s][info ][gc] GC(2934) Pause Young (Allocation Failure) 117M->117M(231M) 149.357ms
[2020-08-08T11:50:20.458+0300][415.025s][debug][gc] GC(2935) Expanding ParOldGen from 119808K by 118272K to 238080K
[2020-08-08T11:50:20.458+0300][415.025s][info ][gc] GC(2935) Pause Full (Ergonomics) 117M->116M(346M) 383.152ms
[2020-08-08T11:50:20.536+0300][415.102s][info ][gc] GC(2936) Pause Young (Allocation Failure) 174M->174M(346M) 68.016ms
[2020-08-08T11:50:20.719+0300][415.284s][info ][gc] GC(2937) Pause Young (Allocation Failure) 231M->232M(346M) 172.159ms
[2020-08-08T11:50:21.031+0300][415.596s][debug][gc] GC(2938) Shrinking ParOldGen from 238080K by 17920K to 220160K
[2020-08-08T11:50:21.031+0300][415.596s][info ][gc] GC(2938) Pause Full (Ergonomics) 232M->98M(329M) 311.677ms
[2020-08-08T11:50:21.106+0300][415.671s][info ][gc] GC(2939) Pause Young (Allocation Failure) 155M->155M(329M) 64.802ms
[2020-08-08T11:50:21.129+0300][415.694s][debug][gc] GC(2940) Shrinking ParOldGen from 220160K by 83968K to 136192K
[2020-08-08T11:50:21.129+0300][415.694s][info ][gc] GC(2940) Pause Full (Ergonomics) 155M->22M(247M) 22.676ms
[2020-08-08T11:50:21.221+0300][415.786s][info ][gc] GC(2941) Pause Young (Allocation Failure) 79M->79M(247M) 81.768ms
[2020-08-08T11:50:21.384+0300][415.950s][info ][gc] GC(2942) Pause Young (Allocation Failure) 136M->135M(247M) 151.749ms
[2020-08-08T11:50:21.393+0300][415.959s][debug][gc] GC(2943) Shrinking ParOldGen from 136192K by 18432K to 117760K
[2020-08-08T11:50:21.393+0300][415.959s][info ][gc] GC(2943) Pause Full (Ergonomics) 135M->2M(229M) 8.710ms
[2020-08-08T11:50:21.464+0300][416.031s][info ][gc] GC(2944) Pause Young (Allocation Failure) 60M->59M(229M) 62.967ms
[2020-08-08T11:50:21.623+0300][416.189s][info ][gc] GC(2945) Pause Young (Allocation Failure) 117M->117M(229M) 148.655ms
[2020-08-08T11:50:22.015+0300][416.581s][debug][gc] GC(2946) Expanding ParOldGen from 117760K by 116736K to 234496K
[2020-08-08T11:50:22.015+0300][416.581s][info ][gc] GC(2946) Pause Full (Ergonomics) 117M->117M(343M) 392.380ms
[2020-08-08T11:50:22.125+0300][416.692s][info ][gc] GC(2947) Pause Young (Allocation Failure) 174M->174M(343M) 99.147ms
[2020-08-08T11:50:22.305+0300][416.871s][info ][gc] GC(2948) Pause Young (Allocation Failure) 231M->231M(343M) 169.111ms
[2020-08-08T11:50:22.619+0300][417.184s][debug][gc] GC(2949) Shrinking ParOldGen from 234496K by 15872K to 218624K
[2020-08-08T11:50:22.619+0300][417.184s][info ][gc] GC(2949) Pause Full (Ergonomics) 231M->98M(327M) 313.183ms
[2020-08-08T11:50:22.691+0300][417.257s][info ][gc] GC(2950) Pause Young (Allocation Failure) 155M->155M(327M) 64.213ms
[2020-08-08T11:50:22.713+0300][417.279s][debug][gc] GC(2951) Shrinking ParOldGen from 218624K by 83968K to 134656K
[2020-08-08T11:50:22.713+0300][417.279s][info ][gc] GC(2951) Pause Full (Ergonomics) 155M->22M(245M) 22.565ms
[2020-08-08T11:50:22.807+0300][417.372s][info ][gc] GC(2952) Pause Young (Allocation Failure) 79M->79M(245M) 79.081ms
[2020-08-08T11:50:22.956+0300][417.523s][info ][gc] GC(2953) Pause Young (Allocation Failure) 135M->135M(245M) 140.441ms
[2020-08-08T11:50:22.965+0300][417.531s][debug][gc] GC(2954) Shrinking ParOldGen from 134656K by 17920K to 116736K
[2020-08-08T11:50:22.965+0300][417.531s][info ][gc] GC(2954) Pause Full (Ergonomics) 135M->2M(228M) 8.272ms
[2020-08-08T11:50:23.038+0300][417.604s][info ][gc] GC(2955) Pause Young (Allocation Failure) 60M->59M(228M) 63.432ms
[2020-08-08T11:50:23.195+0300][417.761s][info ][gc] GC(2956) Pause Young (Allocation Failure) 117M->117M(228M) 146.606ms
[2020-08-08T11:50:23.586+0300][418.152s][debug][gc] GC(2957) Expanding ParOldGen from 116736K by 115712K to 232448K
[2020-08-08T11:50:23.586+0300][418.152s][info ][gc] GC(2957) Pause Full (Ergonomics) 117M->117M(341M) 391.430ms
[2020-08-08T11:50:23.698+0300][418.263s][info ][gc] GC(2958) Pause Young (Allocation Failure) 174M->174M(341M) 102.759ms
[2020-08-08T11:50:23.878+0300][418.445s][info ][gc] GC(2959) Pause Young (Allocation Failure) 232M->232M(341M) 170.849ms
[2020-08-08T11:50:24.190+0300][418.755s][debug][gc] GC(2960) Shrinking ParOldGen from 232448K by 14848K to 217600K
[2020-08-08T11:50:24.190+0300][418.755s][info ][gc] GC(2960) Pause Full (Ergonomics) 232M->98M(326M) 310.377ms
[2020-08-08T11:50:24.260+0300][418.826s][info ][gc] GC(2961) Pause Young (Allocation Failure) 155M->155M(326M) 62.422ms
[2020-08-08T11:50:24.414+0300][418.981s][info ][gc] GC(2962) Pause Young (Allocation Failure) 213M->213M(326M) 144.683ms
[2020-08-08T11:50:24.659+0300][419.225s][debug][gc] GC(2963) Shrinking ParOldGen from 217600K by 17408K to 200192K
[2020-08-08T11:50:24.659+0300][419.225s][info ][gc] GC(2963) Pause Full (Ergonomics) 213M->79M(309M) 244.541ms
[2020-08-08T11:50:24.746+0300][419.312s][info ][gc] GC(2964) Pause Young (Allocation Failure) 135M->135M(309M) 76.701ms
[2020-08-08T11:50:24.891+0300][419.458s][info ][gc] GC(2965) Pause Young (Allocation Failure) 193M->193M(309M) 135.517ms
[2020-08-08T11:50:25.053+0300][419.619s][debug][gc] GC(2966) Shrinking ParOldGen from 200192K by 19968K to 180224K
[2020-08-08T11:50:25.053+0300][419.619s][info ][gc] GC(2966) Pause Full (Ergonomics) 193M->59M(290M) 161.558ms
[2020-08-08T11:50:25.142+0300][419.708s][info ][gc] GC(2967) Pause Young (Allocation Failure) 117M->117M(290M) 77.291ms
[2020-08-08T11:50:25.280+0300][419.847s][info ][gc] GC(2968) Pause Young (Allocation Failure) 174M->174M(290M) 130.718ms
[2020-08-08T11:50:25.374+0300][419.940s][debug][gc] GC(2969) Shrinking ParOldGen from 180224K by 17920K to 162304K
[2020-08-08T11:50:25.374+0300][419.940s][info ][gc] GC(2969) Pause Full (Ergonomics) 174M->41M(272M) 93.088ms
[2020-08-08T11:50:25.461+0300][420.027s][info ][gc] GC(2970) Pause Young (Allocation Failure) 98M->98M(272M) 77.134ms
[2020-08-08T11:50:25.597+0300][420.163s][info ][gc] GC(2971) Pause Young (Allocation Failure) 156M->156M(272M) 128.819ms
[2020-08-08T11:50:25.620+0300][420.186s][debug][gc] GC(2972) Shrinking ParOldGen from 162304K by 11776K to 150528K
[2020-08-08T11:50:25.621+0300][420.186s][info ][gc] GC(2972) Pause Full (Ergonomics) 156M->22M(261M) 22.710ms
[2020-08-08T11:50:25.709+0300][420.274s][info ][gc] GC(2973) Pause Young (Allocation Failure) 79M->79M(261M) 78.858ms
[2020-08-08T11:50:25.865+0300][420.431s][info ][gc] GC(2974) Pause Young (Allocation Failure) 135M->136M(261M) 143.206ms
[2020-08-08T11:50:25.875+0300][420.440s][debug][gc] GC(2975) Shrinking ParOldGen from 150528K by 20992K to 129536K
[2020-08-08T11:50:25.875+0300][420.440s][info ][gc] GC(2975) Pause Full (Ergonomics) 136M->2M(240M) 8.639ms
[2020-08-08T11:50:25.948+0300][420.513s][info ][gc] GC(2976) Pause Young (Allocation Failure) 60M->59M(240M) 63.880ms
[2020-08-08T11:50:26.103+0300][420.669s][info ][gc] GC(2977) Pause Young (Allocation Failure) 117M->117M(240M) 146.879ms
[2020-08-08T11:50:26.485+0300][421.051s][debug][gc] GC(2978) Expanding ParOldGen from 129536K by 116736K to 246272K
[2020-08-08T11:50:26.485+0300][421.051s][info ][gc] GC(2978) Pause Full (Ergonomics) 117M->116M(354M) 381.947ms
[2020-08-08T11:50:26.559+0300][421.126s][info ][gc] GC(2979) Pause Young (Allocation Failure) 174M->174M(354M) 66.822ms
[2020-08-08T11:50:26.737+0300][421.304s][info ][gc] GC(2980) Pause Young (Allocation Failure) 231M->232M(354M) 167.723ms
[2020-08-08T11:50:27.050+0300][421.616s][debug][gc] GC(2981) Shrinking ParOldGen from 246272K by 19456K to 226816K
[2020-08-08T11:50:27.050+0300][421.616s][info ][gc] GC(2981) Pause Full (Ergonomics) 232M->98M(335M) 311.818ms
[2020-08-08T11:50:27.125+0300][421.691s][info ][gc] GC(2982) Pause Young (Allocation Failure) 155M->155M(335M) 64.823ms
[2020-08-08T11:50:27.147+0300][421.714s][debug][gc] GC(2983) Shrinking ParOldGen from 226816K by 84480K to 142336K
[2020-08-08T11:50:27.147+0300][421.714s][info ][gc] GC(2983) Pause Full (Ergonomics) 155M->22M(253M) 22.908ms
[2020-08-08T11:50:27.237+0300][421.802s][info ][gc] GC(2984) Pause Young (Allocation Failure) 79M->79M(253M) 78.651ms
[2020-08-08T11:50:27.387+0300][421.953s][info ][gc] GC(2985) Pause Young (Allocation Failure) 136M->135M(253M) 141.043ms
[2020-08-08T11:50:27.396+0300][421.962s][debug][gc] GC(2986) Shrinking ParOldGen from 142336K by 19456K to 122880K
[2020-08-08T11:50:27.397+0300][421.962s][info ][gc] GC(2986) Pause Full (Ergonomics) 135M->2M(234M) 8.937ms
[2020-08-08T11:50:27.467+0300][422.033s][info ][gc] GC(2987) Pause Young (Allocation Failure) 60M->59M(234M) 63.487ms
[2020-08-08T11:50:27.626+0300][422.192s][info ][gc] GC(2988) Pause Young (Allocation Failure) 117M->117M(234M) 148.858ms
[2020-08-08T11:50:28.022+0300][422.587s][debug][gc] GC(2989) Expanding ParOldGen from 122880K by 118272K to 241152K
[2020-08-08T11:50:28.022+0300][422.587s][info ][gc] GC(2989) Pause Full (Ergonomics) 117M->117M(349M) 395.450ms
[2020-08-08T11:50:28.101+0300][422.666s][info ][gc] GC(2990) Pause Young (Allocation Failure) 174M->174M(349M) 68.300ms
[2020-08-08T11:50:28.280+0300][422.845s][info ][gc] GC(2991) Pause Young (Allocation Failure) 231M->231M(349M) 169.229ms
[2020-08-08T11:50:28.593+0300][423.159s][debug][gc] GC(2992) Shrinking ParOldGen from 241152K by 18944K to 222208K
[2020-08-08T11:50:28.593+0300][423.159s][info ][gc] GC(2992) Pause Full (Ergonomics) 231M->98M(331M) 313.977ms
[2020-08-08T11:50:28.666+0300][423.232s][info ][gc] GC(2993) Pause Young (Allocation Failure) 155M->155M(331M) 65.376ms
[2020-08-08T11:50:28.689+0300][423.255s][debug][gc] GC(2994) Shrinking ParOldGen from 222208K by 83968K to 138240K
[2020-08-08T11:50:28.689+0300][423.255s][info ][gc] GC(2994) Pause Full (Ergonomics) 155M->22M(249M) 23.287ms
[2020-08-08T11:50:28.779+0300][423.344s][info ][gc] GC(2995) Pause Young (Allocation Failure) 79M->79M(249M) 78.357ms
[2020-08-08T11:50:28.931+0300][423.497s][info ][gc] GC(2996) Pause Young (Allocation Failure) 135M->136M(249M) 141.860ms
[2020-08-08T11:50:28.939+0300][423.505s][debug][gc] GC(2997) Shrinking ParOldGen from 138240K by 18432K to 119808K
[2020-08-08T11:50:28.939+0300][423.506s][info ][gc] GC(2997) Pause Full (Ergonomics) 136M->2M(231M) 8.699ms
[2020-08-08T11:50:29.013+0300][423.579s][info ][gc] GC(2998) Pause Young (Allocation Failure) 60M->59M(231M) 63.977ms
[2020-08-08T11:50:29.170+0300][423.737s][info ][gc] GC(2999) Pause Young (Allocation Failure) 117M->117M(231M) 147.791ms
[2020-08-08T11:50:29.554+0300][424.120s][debug][gc] GC(3000) Expanding ParOldGen from 119808K by 118272K to 238080K
[2020-08-08T11:50:29.554+0300][424.120s][info ][gc] GC(3000) Pause Full (Ergonomics) 117M->116M(346M) 383.658ms
[2020-08-08T11:50:29.633+0300][424.198s][info ][gc] GC(3001) Pause Young (Allocation Failure) 174M->174M(346M) 68.444ms
[2020-08-08T11:50:29.813+0300][424.379s][info ][gc] GC(3002) Pause Young (Allocation Failure) 231M->232M(346M) 170.731ms
[2020-08-08T11:50:30.124+0300][424.691s][debug][gc] GC(3003) Shrinking ParOldGen from 238080K by 17920K to 220160K
[2020-08-08T11:50:30.124+0300][424.691s][info ][gc] GC(3003) Pause Full (Ergonomics) 232M->98M(329M) 311.658ms
[2020-08-08T11:50:30.200+0300][424.766s][info ][gc] GC(3004) Pause Young (Allocation Failure) 155M->155M(329M) 64.592ms
[2020-08-08T11:50:30.223+0300][424.789s][debug][gc] GC(3005) Shrinking ParOldGen from 220160K by 83968K to 136192K
[2020-08-08T11:50:30.223+0300][424.789s][info ][gc] GC(3005) Pause Full (Ergonomics) 155M->22M(247M) 22.916ms
[2020-08-08T11:50:30.314+0300][424.879s][info ][gc] GC(3006) Pause Young (Allocation Failure) 79M->79M(247M) 78.200ms
[2020-08-08T11:50:30.463+0300][425.029s][info ][gc] GC(3007) Pause Young (Allocation Failure) 136M->135M(247M) 141.564ms
[2020-08-08T11:50:30.473+0300][425.038s][debug][gc] GC(3008) Shrinking ParOldGen from 136192K by 18432K to 117760K
[2020-08-08T11:50:30.473+0300][425.038s][info ][gc] GC(3008) Pause Full (Ergonomics) 135M->2M(229M) 8.661ms
[2020-08-08T11:50:30.545+0300][425.111s][info ][gc] GC(3009) Pause Young (Allocation Failure) 60M->59M(229M) 64.133ms
[2020-08-08T11:50:30.704+0300][425.270s][info ][gc] GC(3010) Pause Young (Allocation Failure) 117M->117M(229M) 148.445ms
[2020-08-08T11:50:31.097+0300][425.663s][debug][gc] GC(3011) Expanding ParOldGen from 117760K by 116736K to 234496K
[2020-08-08T11:50:31.097+0300][425.663s][info ][gc] GC(3011) Pause Full (Ergonomics) 117M->117M(343M) 392.364ms
[2020-08-08T11:50:31.206+0300][425.772s][info ][gc] GC(3012) Pause Young (Allocation Failure) 174M->174M(343M) 98.566ms
[2020-08-08T11:50:31.384+0300][425.949s][info ][gc] GC(3013) Pause Young (Allocation Failure) 231M->232M(343M) 168.459ms
[2020-08-08T11:50:31.697+0300][426.264s][debug][gc] GC(3014) Shrinking ParOldGen from 234496K by 15872K to 218624K
[2020-08-08T11:50:31.699+0300][426.264s][info ][gc] GC(3014) Pause Full (Ergonomics) 232M->98M(327M) 314.643ms
[2020-08-08T11:50:31.771+0300][426.337s][info ][gc] GC(3015) Pause Young (Allocation Failure) 155M->155M(327M) 65.286ms
[2020-08-08T11:50:31.794+0300][426.361s][debug][gc] GC(3016) Shrinking ParOldGen from 218624K by 83968K to 134656K
[2020-08-08T11:50:31.794+0300][426.361s][info ][gc] GC(3016) Pause Full (Ergonomics) 155M->22M(245M) 23.878ms
[2020-08-08T11:50:31.889+0300][426.454s][info ][gc] GC(3017) Pause Young (Allocation Failure) 79M->79M(245M) 79.919ms
[2020-08-08T11:50:32.039+0300][426.606s][info ][gc] GC(3018) Pause Young (Allocation Failure) 135M->136M(245M) 141.267ms
[2020-08-08T11:50:32.048+0300][426.614s][debug][gc] GC(3019) Shrinking ParOldGen from 134656K by 17920K to 116736K
[2020-08-08T11:50:32.048+0300][426.615s][info ][gc] GC(3019) Pause Full (Ergonomics) 136M->2M(228M) 8.726ms
[2020-08-08T11:50:32.121+0300][426.687s][info ][gc] GC(3020) Pause Young (Allocation Failure) 60M->59M(228M) 64.343ms
[2020-08-08T11:50:32.277+0300][426.843s][info ][gc] GC(3021) Pause Young (Allocation Failure) 117M->117M(228M) 146.832ms
[2020-08-08T11:50:32.670+0300][427.235s][debug][gc] GC(3022) Expanding ParOldGen from 116736K by 115712K to 232448K
[2020-08-08T11:50:32.670+0300][427.235s][info ][gc] GC(3022) Pause Full (Ergonomics) 117M->117M(341M) 392.778ms
[2020-08-08T11:50:32.778+0300][427.343s][info ][gc] GC(3023) Pause Young (Allocation Failure) 174M->174M(341M) 99.114ms
[2020-08-08T11:50:32.960+0300][427.527s][info ][gc] GC(3024) Pause Young (Allocation Failure) 232M->232M(341M) 172.815ms
[2020-08-08T11:50:33.270+0300][427.837s][debug][gc] GC(3025) Shrinking ParOldGen from 232448K by 14848K to 217600K
[2020-08-08T11:50:33.270+0300][427.837s][info ][gc] GC(3025) Pause Full (Ergonomics) 232M->98M(326M) 310.167ms
[2020-08-08T11:50:33.343+0300][427.909s][info ][gc] GC(3026) Pause Young (Allocation Failure) 155M->155M(326M) 63.170ms
[2020-08-08T11:50:33.498+0300][428.064s][info ][gc] GC(3027) Pause Young (Allocation Failure) 213M->213M(326M) 145.664ms
[2020-08-08T11:50:33.746+0300][428.312s][debug][gc] GC(3028) Shrinking ParOldGen from 217600K by 17408K to 200192K
[2020-08-08T11:50:33.746+0300][428.312s][info ][gc] GC(3028) Pause Full (Ergonomics) 213M->79M(309M) 247.394ms
[2020-08-08T11:50:33.832+0300][428.398s][info ][gc] GC(3029) Pause Young (Allocation Failure) 135M->135M(309M) 76.799ms
[2020-08-08T11:50:33.979+0300][428.545s][info ][gc] GC(3030) Pause Young (Allocation Failure) 193M->193M(309M) 136.396ms
[2020-08-08T11:50:34.140+0300][428.707s][debug][gc] GC(3031) Shrinking ParOldGen from 200192K by 19968K to 180224K
[2020-08-08T11:50:34.142+0300][428.707s][info ][gc] GC(3031) Pause Full (Ergonomics) 193M->59M(290M) 162.190ms
[2020-08-08T11:50:34.229+0300][428.796s][info ][gc] GC(3032) Pause Young (Allocation Failure) 117M->117M(290M) 78.327ms
[2020-08-08T11:50:34.371+0300][428.937s][info ][gc] GC(3033) Pause Young (Allocation Failure) 174M->174M(290M) 133.420ms
[2020-08-08T11:50:34.465+0300][429.031s][debug][gc] GC(3034) Shrinking ParOldGen from 180224K by 17920K to 162304K
[2020-08-08T11:50:34.465+0300][429.031s][info ][gc] GC(3034) Pause Full (Ergonomics) 174M->41M(272M) 93.507ms
[2020-08-08T11:50:34.554+0300][429.120s][info ][gc] GC(3035) Pause Young (Allocation Failure) 98M->98M(272M) 78.859ms
[2020-08-08T11:50:34.692+0300][429.258s][info ][gc] GC(3036) Pause Young (Allocation Failure) 156M->156M(272M) 130.290ms
[2020-08-08T11:50:34.714+0300][429.279s][debug][gc] GC(3037) Shrinking ParOldGen from 162304K by 11776K to 150528K
[2020-08-08T11:50:34.714+0300][429.279s][info ][gc] GC(3037) Pause Full (Ergonomics) 156M->22M(261M) 20.598ms
[2020-08-08T11:50:34.802+0300][429.368s][info ][gc] GC(3038) Pause Young (Allocation Failure) 79M->79M(261M) 77.948ms
[2020-08-08T11:50:34.956+0300][429.522s][info ][gc] GC(3039) Pause Young (Allocation Failure) 135M->136M(261M) 142.562ms
[2020-08-08T11:50:34.965+0300][429.531s][debug][gc] GC(3040) Shrinking ParOldGen from 150528K by 20992K to 129536K
[2020-08-08T11:50:34.965+0300][429.531s][info ][gc] GC(3040) Pause Full (Ergonomics) 136M->2M(240M) 8.677ms
[2020-08-08T11:50:35.038+0300][429.604s][info ][gc] GC(3041) Pause Young (Allocation Failure) 60M->59M(240M) 64.166ms
[2020-08-08T11:50:35.195+0300][429.761s][info ][gc] GC(3042) Pause Young (Allocation Failure) 117M->117M(240M) 147.297ms
[2020-08-08T11:50:35.578+0300][430.144s][debug][gc] GC(3043) Expanding ParOldGen from 129536K by 116736K to 246272K
[2020-08-08T11:50:35.579+0300][430.144s][info ][gc] GC(3043) Pause Full (Ergonomics) 117M->116M(354M) 382.736ms
[2020-08-08T11:50:35.654+0300][430.219s][info ][gc] GC(3044) Pause Young (Allocation Failure) 174M->174M(354M) 67.694ms
[2020-08-08T11:50:35.830+0300][430.396s][info ][gc] GC(3045) Pause Young (Allocation Failure) 231M->232M(354M) 167.747ms
[2020-08-08T11:50:36.141+0300][430.707s][debug][gc] GC(3046) Shrinking ParOldGen from 246272K by 19456K to 226816K
[2020-08-08T11:50:36.142+0300][430.707s][info ][gc] GC(3046) Pause Full (Ergonomics) 232M->98M(335M) 310.574ms
[2020-08-08T11:50:36.206+0300][430.772s][info ][gc] GC(3047) Pause Young (Allocation Failure) 136M->135M(335M) 54.886ms
[2020-08-08T11:50:36.329+0300][430.895s][info ][gc] GC(3048) Pause Young (Allocation Failure) 193M->193M(335M) 115.211ms
[2020-08-08T11:50:36.497+0300][431.064s][debug][gc] GC(3049) Shrinking ParOldGen from 226816K by 47104K to 179712K
[2020-08-08T11:50:36.497+0300][431.064s][info ][gc] GC(3049) Pause Full (Ergonomics) 193M->59M(289M) 168.377ms
[2020-08-08T11:50:36.585+0300][431.151s][info ][gc] GC(3050) Pause Young (Allocation Failure) 117M->117M(289M) 78.802ms
[2020-08-08T11:50:36.726+0300][431.293s][info ][gc] GC(3051) Pause Young (Allocation Failure) 174M->175M(289M) 133.517ms
[2020-08-08T11:50:36.821+0300][431.387s][debug][gc] GC(3052) Shrinking ParOldGen from 179712K by 17920K to 161792K
[2020-08-08T11:50:36.821+0300][431.387s][info ][gc] GC(3052) Pause Full (Ergonomics) 175M->41M(272M) 93.949ms
[2020-08-08T11:50:36.914+0300][431.480s][info ][gc] GC(3053) Pause Young (Allocation Failure) 98M->98M(272M) 81.598ms
[2020-08-08T11:50:37.052+0300][431.618s][info ][gc] GC(3054) Pause Young (Allocation Failure) 156M->156M(272M) 129.189ms
[2020-08-08T11:50:37.072+0300][431.637s][debug][gc] GC(3055) Shrinking ParOldGen from 161792K by 11776K to 150016K
[2020-08-08T11:50:37.072+0300][431.637s][info ][gc] GC(3055) Pause Full (Ergonomics) 156M->21M(260M) 18.877ms
[2020-08-08T11:50:37.158+0300][431.725s][info ][gc] GC(3056) Pause Young (Allocation Failure) 79M->79M(260M) 77.757ms
[2020-08-08T11:50:37.309+0300][431.876s][info ][gc] GC(3057) Pause Young (Allocation Failure) 136M->136M(260M) 141.583ms
[2020-08-08T11:50:37.319+0300][431.885s][debug][gc] GC(3058) Shrinking ParOldGen from 150016K by 20992K to 129024K
[2020-08-08T11:50:37.319+0300][431.885s][info ][gc] GC(3058) Pause Full (Ergonomics) 136M->2M(240M) 9.138ms
[2020-08-08T11:50:37.390+0300][431.956s][info ][gc] GC(3059) Pause Young (Allocation Failure) 60M->59M(240M) 63.613ms
[2020-08-08T11:50:37.546+0300][432.113s][info ][gc] GC(3060) Pause Young (Allocation Failure) 117M->117M(240M) 146.848ms
[2020-08-08T11:50:37.941+0300][432.507s][debug][gc] GC(3061) Expanding ParOldGen from 129024K by 116736K to 245760K
[2020-08-08T11:50:37.941+0300][432.507s][info ][gc] GC(3061) Pause Full (Ergonomics) 117M->117M(354M) 393.909ms
[2020-08-08T11:50:38.019+0300][432.585s][info ][gc] GC(3062) Pause Young (Allocation Failure) 174M->174M(354M) 68.100ms
[2020-08-08T11:50:38.195+0300][432.762s][info ][gc] GC(3063) Pause Young (Allocation Failure) 231M->231M(354M) 166.945ms
[2020-08-08T11:50:38.512+0300][433.077s][debug][gc] GC(3064) Shrinking ParOldGen from 245760K by 19456K to 226304K
[2020-08-08T11:50:38.512+0300][433.077s][info ][gc] GC(3064) Pause Full (Ergonomics) 231M->98M(335M) 315.599ms
[2020-08-08T11:50:38.585+0300][433.151s][info ][gc] GC(3065) Pause Young (Allocation Failure) 155M->155M(335M) 65.557ms
[2020-08-08T11:50:38.609+0300][433.174s][debug][gc] GC(3066) Shrinking ParOldGen from 226304K by 83968K to 142336K
[2020-08-08T11:50:38.609+0300][433.174s][info ][gc] GC(3066) Pause Full (Ergonomics) 155M->22M(253M) 23.027ms
[2020-08-08T11:50:38.700+0300][433.265s][info ][gc] GC(3067) Pause Young (Allocation Failure) 79M->79M(253M) 78.212ms
[2020-08-08T11:50:38.851+0300][433.416s][info ][gc] GC(3068) Pause Young (Allocation Failure) 136M->136M(253M) 142.105ms
[2020-08-08T11:50:38.859+0300][433.425s][debug][gc] GC(3069) Shrinking ParOldGen from 142336K by 19456K to 122880K
[2020-08-08T11:50:38.860+0300][433.425s][info ][gc] GC(3069) Pause Full (Ergonomics) 136M->2M(234M) 8.844ms
[2020-08-08T11:50:38.938+0300][433.503s][info ][gc] GC(3070) Pause Young (Allocation Failure) 60M->59M(234M) 64.843ms
[2020-08-08T11:50:39.097+0300][433.662s][info ][gc] GC(3071) Pause Young (Allocation Failure) 117M->117M(234M) 147.295ms
[2020-08-08T11:50:39.483+0300][434.049s][debug][gc] GC(3072) Expanding ParOldGen from 122880K by 117760K to 240640K
[2020-08-08T11:50:39.483+0300][434.049s][info ][gc] GC(3072) Pause Full (Ergonomics) 117M->116M(349M) 386.133ms
[2020-08-08T11:50:39.558+0300][434.125s][info ][gc] GC(3073) Pause Young (Allocation Failure) 174M->174M(349M) 68.334ms
[2020-08-08T11:50:39.741+0300][434.306s][info ][gc] GC(3074) Pause Young (Allocation Failure) 231M->232M(349M) 169.904ms
[2020-08-08T11:50:40.056+0300][434.621s][debug][gc] GC(3075) Shrinking ParOldGen from 240640K by 18432K to 222208K
[2020-08-08T11:50:40.056+0300][434.621s][info ][gc] GC(3075) Pause Full (Ergonomics) 232M->98M(331M) 315.159ms
[2020-08-08T11:50:40.131+0300][434.698s][info ][gc] GC(3076) Pause Young (Allocation Failure) 155M->155M(331M) 64.623ms
[2020-08-08T11:50:40.153+0300][434.720s][debug][gc] GC(3077) Shrinking ParOldGen from 222208K by 83968K to 138240K
[2020-08-08T11:50:40.154+0300][434.720s][info ][gc] GC(3077) Pause Full (Ergonomics) 155M->21M(249M) 22.323ms
[2020-08-08T11:50:40.243+0300][434.809s][info ][gc] GC(3078) Pause Young (Allocation Failure) 79M->79M(249M) 78.937ms
[2020-08-08T11:50:40.396+0300][434.961s][info ][gc] GC(3079) Pause Young (Allocation Failure) 136M->136M(249M) 142.650ms
[2020-08-08T11:50:40.404+0300][434.969s][debug][gc] GC(3080) Shrinking ParOldGen from 138240K by 18944K to 119296K
[2020-08-08T11:50:40.404+0300][434.970s][info ][gc] GC(3080) Pause Full (Ergonomics) 136M->2M(230M) 8.531ms
[2020-08-08T11:50:40.475+0300][435.042s][info ][gc] GC(3081) Pause Young (Allocation Failure) 60M->59M(230M) 64.249ms
[2020-08-08T11:50:40.635+0300][435.201s][info ][gc] GC(3082) Pause Young (Allocation Failure) 117M->117M(230M) 149.110ms
[2020-08-08T11:50:41.028+0300][435.594s][debug][gc] GC(3083) Expanding ParOldGen from 119296K by 117760K to 237056K
[2020-08-08T11:50:41.028+0300][435.594s][info ][gc] GC(3083) Pause Full (Ergonomics) 117M->117M(345M) 392.603ms
[2020-08-08T11:50:41.137+0300][435.702s][info ][gc] GC(3084) Pause Young (Allocation Failure) 174M->174M(345M) 97.240ms
[2020-08-08T11:50:41.317+0300][435.883s][info ][gc] GC(3085) Pause Young (Allocation Failure) 231M->231M(345M) 171.041ms
[2020-08-08T11:50:41.630+0300][436.195s][debug][gc] GC(3086) Shrinking ParOldGen from 237056K by 16896K to 220160K
[2020-08-08T11:50:41.630+0300][436.195s][info ][gc] GC(3086) Pause Full (Ergonomics) 231M->98M(329M) 311.956ms
[2020-08-08T11:50:41.703+0300][436.269s][info ][gc] GC(3087) Pause Young (Allocation Failure) 155M->155M(329M) 65.232ms
[2020-08-08T11:50:41.726+0300][436.292s][debug][gc] GC(3088) Shrinking ParOldGen from 220160K by 83968K to 136192K
[2020-08-08T11:50:41.726+0300][436.292s][info ][gc] GC(3088) Pause Full (Ergonomics) 155M->22M(247M) 22.841ms
[2020-08-08T11:50:41.815+0300][436.382s][info ][gc] GC(3089) Pause Young (Allocation Failure) 79M->79M(247M) 78.524ms
[2020-08-08T11:50:41.966+0300][436.533s][info ][gc] GC(3090) Pause Young (Allocation Failure) 135M->136M(247M) 142.231ms
[2020-08-08T11:50:41.976+0300][436.542s][debug][gc] GC(3091) Shrinking ParOldGen from 136192K by 18432K to 117760K
[2020-08-08T11:50:41.976+0300][436.542s][info ][gc] GC(3091) Pause Full (Ergonomics) 136M->2M(229M) 8.713ms
[2020-08-08T11:50:42.051+0300][436.617s][info ][gc] GC(3092) Pause Young (Allocation Failure) 60M->59M(229M) 64.110ms
[2020-08-08T11:50:42.209+0300][436.774s][info ][gc] GC(3093) Pause Young (Allocation Failure) 117M->117M(229M) 147.947ms
[2020-08-08T11:50:42.592+0300][437.157s][debug][gc] GC(3094) Expanding ParOldGen from 117760K by 116736K to 234496K
[2020-08-08T11:50:42.592+0300][437.157s][info ][gc] GC(3094) Pause Full (Ergonomics) 117M->116M(343M) 382.537ms
[2020-08-08T11:50:42.698+0300][437.264s][info ][gc] GC(3095) Pause Young (Allocation Failure) 174M->174M(343M) 98.813ms
[2020-08-08T11:50:42.880+0300][437.445s][info ][gc] GC(3096) Pause Young (Allocation Failure) 231M->232M(343M) 170.523ms
[2020-08-08T11:50:43.192+0300][437.758s][debug][gc] GC(3097) Shrinking ParOldGen from 234496K by 15872K to 218624K
[2020-08-08T11:50:43.192+0300][437.758s][info ][gc] GC(3097) Pause Full (Ergonomics) 232M->98M(327M) 312.662ms
[2020-08-08T11:50:43.266+0300][437.833s][info ][gc] GC(3098) Pause Young (Allocation Failure) 155M->155M(327M) 64.787ms
[2020-08-08T11:50:43.288+0300][437.855s][debug][gc] GC(3099) Shrinking ParOldGen from 218624K by 83968K to 134656K
[2020-08-08T11:50:43.290+0300][437.855s][info ][gc] GC(3099) Pause Full (Ergonomics) 155M->22M(245M) 21.976ms
[2020-08-08T11:50:43.380+0300][437.945s][info ][gc] GC(3100) Pause Young (Allocation Failure) 79M->79M(245M) 78.271ms
[2020-08-08T11:50:43.528+0300][438.095s][info ][gc] GC(3101) Pause Young (Allocation Failure) 136M->136M(245M) 140.864ms
[2020-08-08T11:50:43.537+0300][438.103s][debug][gc] GC(3102) Shrinking ParOldGen from 134656K by 17920K to 116736K
[2020-08-08T11:50:43.537+0300][438.103s][info ][gc] GC(3102) Pause Full (Ergonomics) 136M->2M(228M) 8.511ms
[2020-08-08T11:50:43.612+0300][438.178s][info ][gc] GC(3103) Pause Young (Allocation Failure) 60M->59M(228M) 65.289ms
[2020-08-08T11:50:43.770+0300][438.337s][info ][gc] GC(3104) Pause Young (Allocation Failure) 117M->117M(228M) 148.721ms
[2020-08-08T11:50:44.162+0300][438.727s][debug][gc] GC(3105) Expanding ParOldGen from 116736K by 115712K to 232448K
[2020-08-08T11:50:44.162+0300][438.727s][info ][gc] GC(3105) Pause Full (Ergonomics) 117M->117M(341M) 390.241ms
[2020-08-08T11:50:44.272+0300][438.839s][info ][gc] GC(3106) Pause Young (Allocation Failure) 174M->174M(341M) 100.425ms
[2020-08-08T11:50:44.453+0300][439.019s][info ][gc] GC(3107) Pause Young (Allocation Failure) 231M->232M(341M) 171.251ms
[2020-08-08T11:50:44.768+0300][439.334s][debug][gc] GC(3108) Shrinking ParOldGen from 232448K by 14848K to 217600K
[2020-08-08T11:50:44.768+0300][439.334s][info ][gc] GC(3108) Pause Full (Ergonomics) 232M->98M(326M) 314.681ms
[2020-08-08T11:50:44.839+0300][439.405s][info ][gc] GC(3109) Pause Young (Allocation Failure) 155M->155M(326M) 64.202ms
[2020-08-08T11:50:44.863+0300][439.429s][debug][gc] GC(3110) Shrinking ParOldGen from 217600K by 83456K to 134144K
[2020-08-08T11:50:44.863+0300][439.429s][info ][gc] GC(3110) Pause Full (Ergonomics) 155M->22M(245M) 23.261ms
[2020-08-08T11:50:44.954+0300][439.519s][info ][gc] GC(3111) Pause Young (Allocation Failure) 79M->79M(245M) 79.378ms
[2020-08-08T11:50:45.106+0300][439.672s][info ][gc] GC(3112) Pause Young (Allocation Failure) 135M->136M(245M) 142.046ms
[2020-08-08T11:50:45.114+0300][439.680s][debug][gc] GC(3113) Shrinking ParOldGen from 134144K by 17920K to 116224K
[2020-08-08T11:50:45.114+0300][439.680s][info ][gc] GC(3113) Pause Full (Ergonomics) 136M->2M(227M) 8.597ms
[2020-08-08T11:50:45.186+0300][439.752s][info ][gc] GC(3114) Pause Young (Allocation Failure) 60M->59M(227M) 62.944ms
[2020-08-08T11:50:45.343+0300][439.909s][info ][gc] GC(3115) Pause Young (Allocation Failure) 117M->117M(227M) 147.265ms
[2020-08-08T11:50:45.736+0300][440.302s][debug][gc] GC(3116) Expanding ParOldGen from 116224K by 115712K to 231936K
[2020-08-08T11:50:45.736+0300][440.302s][info ][gc] GC(3116) Pause Full (Ergonomics) 117M->116M(340M) 392.154ms
[2020-08-08T11:50:45.843+0300][440.409s][info ][gc] GC(3117) Pause Young (Allocation Failure) 174M->174M(340M) 100.152ms
[2020-08-08T11:50:46.025+0300][440.590s][info ][gc] GC(3118) Pause Young (Allocation Failure) 231M->232M(340M) 171.398ms
[2020-08-08T11:50:46.339+0300][440.904s][debug][gc] GC(3119) Shrinking ParOldGen from 231936K by 14848K to 217088K
[2020-08-08T11:50:46.339+0300][440.904s][info ][gc] GC(3119) Pause Full (Ergonomics) 232M->98M(326M) 313.956ms
[2020-08-08T11:50:46.415+0300][440.981s][info ][gc] GC(3120) Pause Young (Allocation Failure) 155M->155M(326M) 65.909ms
[2020-08-08T11:50:46.439+0300][441.004s][debug][gc] GC(3121) Shrinking ParOldGen from 217088K by 83456K to 133632K
[2020-08-08T11:50:46.439+0300][441.004s][info ][gc] GC(3121) Pause Full (Ergonomics) 155M->22M(244M) 23.319ms
[2020-08-08T11:50:46.526+0300][441.093s][info ][gc] GC(3122) Pause Young (Allocation Failure) 79M->79M(244M) 77.267ms
[2020-08-08T11:50:46.680+0300][441.245s][info ][gc] GC(3123) Pause Young (Allocation Failure) 136M->136M(244M) 143.316ms
[2020-08-08T11:50:46.689+0300][441.254s][debug][gc] GC(3124) Shrinking ParOldGen from 133632K by 17920K to 115712K
[2020-08-08T11:50:46.689+0300][441.254s][info ][gc] GC(3124) Pause Full (Ergonomics) 136M->2M(227M) 8.860ms
[2020-08-08T11:50:46.762+0300][441.327s][info ][gc] GC(3125) Pause Young (Allocation Failure) 60M->59M(227M) 64.049ms
[2020-08-08T11:50:46.917+0300][441.483s][info ][gc] GC(3126) Pause Young (Allocation Failure) 117M->117M(227M) 145.851ms
[2020-08-08T11:50:47.311+0300][441.876s][debug][gc] GC(3127) Expanding ParOldGen from 115712K by 114688K to 230400K
[2020-08-08T11:50:47.311+0300][441.876s][info ][gc] GC(3127) Pause Full (Ergonomics) 117M->117M(339M) 393.764ms
[2020-08-08T11:50:47.421+0300][441.988s][info ][gc] GC(3128) Pause Young (Allocation Failure) 174M->174M(339M) 100.232ms
[2020-08-08T11:50:47.605+0300][442.170s][info ][gc] GC(3129) Pause Young (Allocation Failure) 231M->232M(339M) 172.978ms
[2020-08-08T11:50:47.917+0300][442.484s][debug][gc] GC(3130) Shrinking ParOldGen from 230400K by 13312K to 217088K
[2020-08-08T11:50:47.919+0300][442.484s][info ][gc] GC(3130) Pause Full (Ergonomics) 232M->98M(326M) 313.677ms
[2020-08-08T11:50:47.991+0300][442.556s][info ][gc] GC(3131) Pause Young (Allocation Failure) 155M->155M(326M) 63.458ms
[2020-08-08T11:50:48.013+0300][442.579s][debug][gc] GC(3132) Shrinking ParOldGen from 217088K by 83456K to 133632K
[2020-08-08T11:50:48.013+0300][442.579s][info ][gc] GC(3132) Pause Full (Ergonomics) 155M->22M(244M) 23.182ms
[2020-08-08T11:50:48.106+0300][442.672s][info ][gc] GC(3133) Pause Young (Allocation Failure) 79M->79M(244M) 78.580ms
[2020-08-08T11:50:48.259+0300][442.826s][info ][gc] GC(3134) Pause Young (Allocation Failure) 135M->136M(244M) 143.683ms
[2020-08-08T11:50:48.269+0300][442.834s][debug][gc] GC(3135) Shrinking ParOldGen from 133632K by 17920K to 115712K
[2020-08-08T11:50:48.269+0300][442.834s][info ][gc] GC(3135) Pause Full (Ergonomics) 136M->2M(227M) 8.599ms
[2020-08-08T11:50:48.340+0300][442.906s][info ][gc] GC(3136) Pause Young (Allocation Failure) 60M->59M(227M) 63.543ms
[2020-08-08T11:50:48.497+0300][443.064s][info ][gc] GC(3137) Pause Young (Allocation Failure) 117M->117M(227M) 148.238ms
[2020-08-08T11:50:48.890+0300][443.455s][debug][gc] GC(3138) Expanding ParOldGen from 115712K by 114688K to 230400K
[2020-08-08T11:50:48.890+0300][443.456s][info ][gc] GC(3138) Pause Full (Ergonomics) 117M->117M(339M) 391.756ms
[2020-08-08T11:50:49.000+0300][443.565s][info ][gc] GC(3139) Pause Young (Allocation Failure) 174M->174M(339M) 101.294ms
[2020-08-08T11:50:49.181+0300][443.748s][info ][gc] GC(3140) Pause Young (Allocation Failure) 232M->232M(339M) 171.678ms
[2020-08-08T11:50:49.494+0300][444.059s][debug][gc] GC(3141) Shrinking ParOldGen from 230400K by 13824K to 216576K
[2020-08-08T11:50:49.494+0300][444.059s][info ][gc] GC(3141) Pause Full (Ergonomics) 232M->98M(325M) 311.619ms
[2020-08-08T11:50:49.566+0300][444.132s][info ][gc] GC(3142) Pause Young (Allocation Failure) 155M->155M(325M) 64.591ms
[2020-08-08T11:50:49.723+0300][444.289s][info ][gc] GC(3143) Pause Young (Allocation Failure) 213M->213M(325M) 146.424ms
[2020-08-08T11:50:49.969+0300][444.534s][debug][gc] GC(3144) Shrinking ParOldGen from 216576K by 17408K to 199168K
[2020-08-08T11:50:49.969+0300][444.534s][info ][gc] GC(3144) Pause Full (Ergonomics) 213M->79M(308M) 245.752ms
[2020-08-08T11:50:50.057+0300][444.622s][info ][gc] GC(3145) Pause Young (Allocation Failure) 135M->135M(308M) 77.582ms
[2020-08-08T11:50:50.204+0300][444.769s][info ][gc] GC(3146) Pause Young (Allocation Failure) 193M->193M(308M) 134.878ms
[2020-08-08T11:50:50.365+0300][444.931s][debug][gc] GC(3147) Shrinking ParOldGen from 199168K by 19456K to 179712K
[2020-08-08T11:50:50.365+0300][444.931s][info ][gc] GC(3147) Pause Full (Ergonomics) 193M->59M(289M) 162.435ms
[2020-08-08T11:50:50.453+0300][445.019s][info ][gc] GC(3148) Pause Young (Allocation Failure) 117M->117M(289M) 77.951ms
[2020-08-08T11:50:50.596+0300][445.163s][info ][gc] GC(3149) Pause Young (Allocation Failure) 174M->174M(289M) 135.978ms
[2020-08-08T11:50:50.692+0300][445.257s][debug][gc] GC(3150) Shrinking ParOldGen from 179712K by 17920K to 161792K
[2020-08-08T11:50:50.692+0300][445.257s][info ][gc] GC(3150) Pause Full (Ergonomics) 174M->41M(272M) 94.672ms
[2020-08-08T11:50:50.786+0300][445.353s][info ][gc] GC(3151) Pause Young (Allocation Failure) 98M->98M(272M) 84.993ms
[2020-08-08T11:50:50.927+0300][445.494s][info ][gc] GC(3152) Pause Young (Allocation Failure) 156M->156M(272M) 132.784ms
[2020-08-08T11:50:50.949+0300][445.514s][debug][gc] GC(3153) Shrinking ParOldGen from 161792K by 11776K to 150016K
[2020-08-08T11:50:50.949+0300][445.514s][info ][gc] GC(3153) Pause Full (Ergonomics) 156M->22M(260M) 20.589ms
[2020-08-08T11:50:51.035+0300][445.601s][info ][gc] GC(3154) Pause Young (Allocation Failure) 79M->79M(260M) 77.962ms
[2020-08-08T11:50:51.192+0300][445.758s][info ][gc] GC(3155) Pause Young (Allocation Failure) 136M->136M(260M) 144.958ms
[2020-08-08T11:50:51.201+0300][445.767s][debug][gc] GC(3156) Shrinking ParOldGen from 150016K by 20992K to 129024K
[2020-08-08T11:50:51.201+0300][445.767s][info ][gc] GC(3156) Pause Full (Ergonomics) 136M->2M(240M) 8.812ms
[2020-08-08T11:50:51.276+0300][445.841s][info ][gc] GC(3157) Pause Young (Allocation Failure) 60M->59M(240M) 64.734ms
[2020-08-08T11:50:51.432+0300][445.998s][info ][gc] GC(3158) Pause Young (Allocation Failure) 117M->117M(240M) 148.358ms
[2020-08-08T11:50:51.820+0300][446.385s][debug][gc] GC(3159) Expanding ParOldGen from 129024K by 116736K to 245760K
[2020-08-08T11:50:51.820+0300][446.385s][info ][gc] GC(3159) Pause Full (Ergonomics) 117M->116M(354M) 386.501ms
[2020-08-08T11:50:51.894+0300][446.461s][info ][gc] GC(3160) Pause Young (Allocation Failure) 174M->174M(354M) 67.877ms
[2020-08-08T11:50:52.072+0300][446.637s][info ][gc] GC(3161) Pause Young (Allocation Failure) 231M->232M(354M) 167.319ms
[2020-08-08T11:50:52.385+0300][446.950s][debug][gc] GC(3162) Shrinking ParOldGen from 245760K by 19456K to 226304K
[2020-08-08T11:50:52.385+0300][446.950s][info ][gc] GC(3162) Pause Full (Ergonomics) 232M->98M(335M) 313.268ms
[2020-08-08T11:50:52.460+0300][447.025s][info ][gc] GC(3163) Pause Young (Allocation Failure) 155M->155M(335M) 63.648ms
[2020-08-08T11:50:52.481+0300][447.047s][debug][gc] GC(3164) Shrinking ParOldGen from 226304K by 83968K to 142336K
[2020-08-08T11:50:52.481+0300][447.047s][info ][gc] GC(3164) Pause Full (Ergonomics) 155M->22M(253M) 21.998ms
[2020-08-08T11:50:52.571+0300][447.137s][info ][gc] GC(3165) Pause Young (Allocation Failure) 79M->79M(253M) 79.089ms
[2020-08-08T11:50:52.722+0300][447.289s][info ][gc] GC(3166) Pause Young (Allocation Failure) 136M->136M(253M) 141.892ms
[2020-08-08T11:50:52.732+0300][447.297s][debug][gc] GC(3167) Shrinking ParOldGen from 142336K by 19456K to 122880K
[2020-08-08T11:50:52.732+0300][447.298s][info ][gc] GC(3167) Pause Full (Ergonomics) 136M->2M(234M) 8.710ms
[2020-08-08T11:50:52.804+0300][447.370s][info ][gc] GC(3168) Pause Young (Allocation Failure) 60M->59M(234M) 63.783ms
[2020-08-08T11:50:52.961+0300][447.527s][info ][gc] GC(3169) Pause Young (Allocation Failure) 117M->117M(234M) 146.587ms
[2020-08-08T11:50:53.355+0300][447.921s][debug][gc] GC(3170) Expanding ParOldGen from 122880K by 117760K to 240640K
[2020-08-08T11:50:53.355+0300][447.921s][info ][gc] GC(3170) Pause Full (Ergonomics) 117M->117M(349M) 393.608ms
[2020-08-08T11:50:53.435+0300][448.001s][info ][gc] GC(3171) Pause Young (Allocation Failure) 174M->174M(349M) 66.997ms
[2020-08-08T11:50:53.617+0300][448.184s][info ][gc] GC(3172) Pause Young (Allocation Failure) 231M->231M(349M) 172.438ms
[2020-08-08T11:50:53.932+0300][448.497s][debug][gc] GC(3173) Shrinking ParOldGen from 240640K by 18432K to 222208K
[2020-08-08T11:50:53.932+0300][448.497s][info ][gc] GC(3173) Pause Full (Ergonomics) 231M->98M(331M) 313.453ms
[2020-08-08T11:50:54.003+0300][448.570s][info ][gc] GC(3174) Pause Young (Allocation Failure) 155M->155M(331M) 64.074ms
[2020-08-08T11:50:54.026+0300][448.593s][debug][gc] GC(3175) Shrinking ParOldGen from 222208K by 83968K to 138240K
[2020-08-08T11:50:54.027+0300][448.593s][info ][gc] GC(3175) Pause Full (Ergonomics) 155M->22M(249M) 23.336ms
[2020-08-08T11:50:54.120+0300][448.686s][info ][gc] GC(3176) Pause Young (Allocation Failure) 79M->79M(249M) 80.987ms
[2020-08-08T11:50:54.273+0300][448.839s][info ][gc] GC(3177) Pause Young (Allocation Failure) 135M->136M(249M) 143.204ms
[2020-08-08T11:50:54.282+0300][448.848s][debug][gc] GC(3178) Shrinking ParOldGen from 138240K by 18944K to 119296K
[2020-08-08T11:50:54.283+0300][448.848s][info ][gc] GC(3178) Pause Full (Ergonomics) 136M->2M(230M) 8.542ms
[2020-08-08T11:50:54.353+0300][448.919s][info ][gc] GC(3179) Pause Young (Allocation Failure) 60M->59M(230M) 63.717ms
[2020-08-08T11:50:54.511+0300][449.077s][info ][gc] GC(3180) Pause Young (Allocation Failure) 117M->117M(230M) 147.457ms
[2020-08-08T11:50:54.906+0300][449.471s][debug][gc] GC(3181) Expanding ParOldGen from 119296K by 117760K to 237056K
[2020-08-08T11:50:54.906+0300][449.471s][info ][gc] GC(3181) Pause Full (Ergonomics) 117M->117M(345M) 393.510ms
[2020-08-08T11:50:55.009+0300][449.576s][info ][gc] GC(3182) Pause Young (Allocation Failure) 174M->174M(345M) 97.224ms
[2020-08-08T11:50:55.191+0300][449.758s][info ][gc] GC(3183) Pause Young (Allocation Failure) 232M->232M(345M) 172.155ms
[2020-08-08T11:50:55.504+0300][450.069s][debug][gc] GC(3184) Shrinking ParOldGen from 237056K by 16896K to 220160K
[2020-08-08T11:50:55.504+0300][450.069s][info ][gc] GC(3184) Pause Full (Ergonomics) 232M->98M(329M) 311.666ms
[2020-08-08T11:50:55.580+0300][450.146s][info ][gc] GC(3185) Pause Young (Allocation Failure) 155M->155M(329M) 65.963ms
[2020-08-08T11:50:55.739+0300][450.305s][info ][gc] GC(3186) Pause Young (Allocation Failure) 213M->213M(329M) 149.302ms
[2020-08-08T11:50:55.985+0300][450.550s][debug][gc] GC(3187) Shrinking ParOldGen from 220160K by 18432K to 201728K
[2020-08-08T11:50:55.985+0300][450.550s][info ][gc] GC(3187) Pause Full (Ergonomics) 213M->79M(311M) 244.976ms
[2020-08-08T11:50:56.070+0300][450.637s][info ][gc] GC(3188) Pause Young (Allocation Failure) 135M->135M(311M) 76.430ms
[2020-08-08T11:50:56.216+0300][450.782s][info ][gc] GC(3189) Pause Young (Allocation Failure) 193M->193M(311M) 134.780ms
[2020-08-08T11:50:56.380+0300][450.945s][debug][gc] GC(3190) Shrinking ParOldGen from 201728K by 19456K to 182272K
[2020-08-08T11:50:56.380+0300][450.945s][info ][gc] GC(3190) Pause Full (Ergonomics) 193M->59M(292M) 162.491ms
[2020-08-08T11:50:56.467+0300][451.033s][info ][gc] GC(3191) Pause Young (Allocation Failure) 117M->117M(292M) 78.078ms
[2020-08-08T11:50:56.607+0300][451.173s][info ][gc] GC(3192) Pause Young (Allocation Failure) 174M->174M(292M) 132.041ms
[2020-08-08T11:50:56.702+0300][451.267s][debug][gc] GC(3193) Shrinking ParOldGen from 182272K by 18432K to 163840K
[2020-08-08T11:50:56.702+0300][451.267s][info ][gc] GC(3193) Pause Full (Ergonomics) 174M->41M(274M) 93.690ms
[2020-08-08T11:50:56.789+0300][451.355s][info ][gc] GC(3194) Pause Young (Allocation Failure) 98M->98M(274M) 78.309ms
[2020-08-08T11:50:56.924+0300][451.490s][info ][gc] GC(3195) Pause Young (Allocation Failure) 156M->156M(274M) 127.072ms
[2020-08-08T11:50:56.946+0300][451.511s][debug][gc] GC(3196) Shrinking ParOldGen from 163840K by 12288K to 151552K
[2020-08-08T11:50:56.946+0300][451.512s][info ][gc] GC(3196) Pause Full (Ergonomics) 156M->22M(262M) 21.707ms
[2020-08-08T11:50:57.032+0300][451.599s][info ][gc] GC(3197) Pause Young (Allocation Failure) 79M->79M(262M) 77.582ms
[2020-08-08T11:50:57.182+0300][451.747s][info ][gc] GC(3198) Pause Young (Allocation Failure) 135M->136M(262M) 139.840ms
[2020-08-08T11:50:57.190+0300][451.756s][debug][gc] GC(3199) Shrinking ParOldGen from 151552K by 21504K to 130048K
[2020-08-08T11:50:57.190+0300][451.756s][info ][gc] GC(3199) Pause Full (Ergonomics) 136M->2M(241M) 8.934ms
[2020-08-08T11:50:57.266+0300][451.831s][info ][gc] GC(3200) Pause Young (Allocation Failure) 60M->59M(241M) 64.019ms
[2020-08-08T11:50:57.422+0300][451.989s][info ][gc] GC(3201) Pause Young (Allocation Failure) 117M->117M(241M) 148.081ms
[2020-08-08T11:50:57.807+0300][452.374s][debug][gc] GC(3202) Expanding ParOldGen from 130048K by 116736K to 246784K
[2020-08-08T11:50:57.809+0300][452.374s][info ][gc] GC(3202) Pause Full (Ergonomics) 117M->116M(355M) 385.293ms
[2020-08-08T11:50:57.883+0300][452.449s][info ][gc] GC(3203) Pause Young (Allocation Failure) 174M->174M(355M) 67.160ms
[2020-08-08T11:50:58.060+0300][452.627s][info ][gc] GC(3204) Pause Young (Allocation Failure) 231M->231M(355M) 166.313ms
[2020-08-08T11:50:58.374+0300][452.939s][debug][gc] GC(3205) Shrinking ParOldGen from 246784K by 19456K to 227328K
[2020-08-08T11:50:58.374+0300][452.939s][info ][gc] GC(3205) Pause Full (Ergonomics) 231M->98M(336M) 312.117ms
[2020-08-08T11:50:58.448+0300][453.014s][info ][gc] GC(3206) Pause Young (Allocation Failure) 155M->155M(336M) 63.863ms
[2020-08-08T11:50:58.470+0300][453.036s][debug][gc] GC(3207) Shrinking ParOldGen from 227328K by 84480K to 142848K
[2020-08-08T11:50:58.470+0300][453.036s][info ][gc] GC(3207) Pause Full (Ergonomics) 155M->22M(253M) 22.116ms
[2020-08-08T11:50:58.559+0300][453.126s][info ][gc] GC(3208) Pause Young (Allocation Failure) 79M->79M(253M) 78.810ms
[2020-08-08T11:50:58.712+0300][453.278s][info ][gc] GC(3209) Pause Young (Allocation Failure) 136M->135M(253M) 142.663ms
[2020-08-08T11:50:58.721+0300][453.287s][debug][gc] GC(3210) Shrinking ParOldGen from 142848K by 19456K to 123392K
[2020-08-08T11:50:58.721+0300][453.287s][info ][gc] GC(3210) Pause Full (Ergonomics) 135M->2M(234M) 8.732ms
[2020-08-08T11:50:58.793+0300][453.360s][info ][gc] GC(3211) Pause Young (Allocation Failure) 60M->59M(234M) 64.252ms
[2020-08-08T11:50:58.952+0300][453.517s][info ][gc] GC(3212) Pause Young (Allocation Failure) 117M->117M(234M) 147.459ms
[2020-08-08T11:50:59.345+0300][453.910s][debug][gc] GC(3213) Expanding ParOldGen from 123392K by 117760K to 241152K
[2020-08-08T11:50:59.345+0300][453.910s][info ][gc] GC(3213) Pause Full (Ergonomics) 117M->117M(349M) 392.878ms
[2020-08-08T11:50:59.424+0300][453.989s][info ][gc] GC(3214) Pause Young (Allocation Failure) 174M->174M(349M) 67.983ms
[2020-08-08T11:50:59.604+0300][454.170s][info ][gc] GC(3215) Pause Young (Allocation Failure) 231M->231M(349M) 170.713ms
[2020-08-08T11:50:59.919+0300][454.484s][debug][gc] GC(3216) Shrinking ParOldGen from 241152K by 18432K to 222720K
[2020-08-08T11:50:59.919+0300][454.484s][info ][gc] GC(3216) Pause Full (Ergonomics) 231M->98M(331M) 314.398ms
[2020-08-08T11:50:59.992+0300][454.557s][info ][gc] GC(3217) Pause Young (Allocation Failure) 155M->155M(331M) 64.231ms
[2020-08-08T11:51:00.014+0300][454.579s][debug][gc] GC(3218) Shrinking ParOldGen from 222720K by 83968K to 138752K
[2020-08-08T11:51:00.014+0300][454.579s][info ][gc] GC(3218) Pause Full (Ergonomics) 155M->22M(249M) 22.153ms
[2020-08-08T11:51:00.108+0300][454.673s][info ][gc] GC(3219) Pause Young (Allocation Failure) 79M->79M(249M) 79.386ms
[2020-08-08T11:51:00.262+0300][454.827s][info ][gc] GC(3220) Pause Young (Allocation Failure) 135M->136M(249M) 141.869ms
[2020-08-08T11:51:00.270+0300][454.836s][debug][gc] GC(3221) Shrinking ParOldGen from 138752K by 18944K to 119808K
[2020-08-08T11:51:00.270+0300][454.836s][info ][gc] GC(3221) Pause Full (Ergonomics) 136M->2M(231M) 8.678ms
[2020-08-08T11:51:00.342+0300][454.909s][info ][gc] GC(3222) Pause Young (Allocation Failure) 60M->59M(231M) 63.131ms
[2020-08-08T11:51:00.501+0300][455.067s][info ][gc] GC(3223) Pause Young (Allocation Failure) 117M->117M(231M) 148.401ms
[2020-08-08T11:51:00.885+0300][455.451s][debug][gc] GC(3224) Expanding ParOldGen from 119808K by 118784K to 238592K
[2020-08-08T11:51:00.885+0300][455.451s][info ][gc] GC(3224) Pause Full (Ergonomics) 117M->116M(347M) 383.311ms
[2020-08-08T11:51:00.963+0300][455.529s][info ][gc] GC(3225) Pause Young (Allocation Failure) 174M->174M(347M) 68.293ms
[2020-08-08T11:51:01.143+0300][455.708s][info ][gc] GC(3226) Pause Young (Allocation Failure) 231M->232M(347M) 169.808ms
[2020-08-08T11:51:01.455+0300][456.021s][debug][gc] GC(3227) Shrinking ParOldGen from 238592K by 18432K to 220160K
[2020-08-08T11:51:01.455+0300][456.021s][info ][gc] GC(3227) Pause Full (Ergonomics) 232M->98M(329M) 312.620ms
[2020-08-08T11:51:01.530+0300][456.096s][info ][gc] GC(3228) Pause Young (Allocation Failure) 155M->155M(329M) 63.957ms
[2020-08-08T11:51:01.554+0300][456.120s][debug][gc] GC(3229) Shrinking ParOldGen from 220160K by 83968K to 136192K
[2020-08-08T11:51:01.554+0300][456.120s][info ][gc] GC(3229) Pause Full (Ergonomics) 155M->22M(247M) 23.783ms
[2020-08-08T11:51:01.646+0300][456.212s][info ][gc] GC(3230) Pause Young (Allocation Failure) 79M->79M(247M) 80.177ms
[2020-08-08T11:51:01.796+0300][456.362s][info ][gc] GC(3231) Pause Young (Allocation Failure) 136M->136M(247M) 141.522ms
[2020-08-08T11:51:01.806+0300][456.371s][debug][gc] GC(3232) Shrinking ParOldGen from 136192K by 18432K to 117760K
[2020-08-08T11:51:01.806+0300][456.371s][info ][gc] GC(3232) Pause Full (Ergonomics) 136M->2M(229M) 8.732ms
[2020-08-08T11:51:01.878+0300][456.444s][info ][gc] GC(3233) Pause Young (Allocation Failure) 60M->59M(229M) 62.874ms
[2020-08-08T11:51:02.038+0300][456.603s][info ][gc] GC(3234) Pause Young (Allocation Failure) 117M->117M(229M) 149.775ms
[2020-08-08T11:51:02.431+0300][456.996s][debug][gc] GC(3235) Expanding ParOldGen from 117760K by 116736K to 234496K
[2020-08-08T11:51:02.431+0300][456.996s][info ][gc] GC(3235) Pause Full (Ergonomics) 117M->117M(343M) 392.476ms
[2020-08-08T11:51:02.545+0300][457.111s][info ][gc] GC(3236) Pause Young (Allocation Failure) 174M->174M(343M) 101.135ms
[2020-08-08T11:51:02.726+0300][457.291s][info ][gc] GC(3237) Pause Young (Allocation Failure) 231M->231M(343M) 170.843ms
[2020-08-08T11:51:03.039+0300][457.604s][debug][gc] GC(3238) Shrinking ParOldGen from 234496K by 15872K to 218624K
[2020-08-08T11:51:03.039+0300][457.604s][info ][gc] GC(3238) Pause Full (Ergonomics) 231M->98M(327M) 312.762ms
[2020-08-08T11:51:03.110+0300][457.676s][info ][gc] GC(3239) Pause Young (Allocation Failure) 155M->155M(327M) 63.565ms
[2020-08-08T11:51:03.132+0300][457.699s][debug][gc] GC(3240) Shrinking ParOldGen from 218624K by 83456K to 135168K
[2020-08-08T11:51:03.132+0300][457.699s][info ][gc] GC(3240) Pause Full (Ergonomics) 155M->22M(246M) 22.714ms
[2020-08-08T11:51:03.227+0300][457.793s][info ][gc] GC(3241) Pause Young (Allocation Failure) 79M->79M(246M) 80.208ms
[2020-08-08T11:51:03.381+0300][457.947s][info ][gc] GC(3242) Pause Young (Allocation Failure) 135M->135M(246M) 143.203ms
[2020-08-08T11:51:03.390+0300][457.956s][debug][gc] GC(3243) Shrinking ParOldGen from 135168K by 18432K to 116736K
[2020-08-08T11:51:03.391+0300][457.956s][info ][gc] GC(3243) Pause Full (Ergonomics) 135M->2M(228M) 8.620ms
[2020-08-08T11:51:03.461+0300][458.028s][info ][gc] GC(3244) Pause Young (Allocation Failure) 60M->59M(228M) 63.252ms
[2020-08-08T11:51:03.621+0300][458.187s][info ][gc] GC(3245) Pause Young (Allocation Failure) 117M->117M(228M) 149.568ms
[2020-08-08T11:51:04.013+0300][458.579s][debug][gc] GC(3246) Expanding ParOldGen from 116736K by 115712K to 232448K
[2020-08-08T11:51:04.013+0300][458.579s][info ][gc] GC(3246) Pause Full (Ergonomics) 117M->117M(341M) 391.656ms
[2020-08-08T11:51:04.121+0300][458.686s][info ][gc] GC(3247) Pause Young (Allocation Failure) 174M->174M(341M) 98.774ms
[2020-08-08T11:51:04.300+0300][458.867s][info ][gc] GC(3248) Pause Young (Allocation Failure) 232M->232M(341M) 171.228ms
[2020-08-08T11:51:04.612+0300][459.177s][debug][gc] GC(3249) Shrinking ParOldGen from 232448K by 14848K to 217600K
[2020-08-08T11:51:04.612+0300][459.177s][info ][gc] GC(3249) Pause Full (Ergonomics) 232M->98M(326M) 310.259ms
[2020-08-08T11:51:04.686+0300][459.253s][info ][gc] GC(3250) Pause Young (Allocation Failure) 155M->155M(326M) 64.767ms
[2020-08-08T11:51:04.844+0300][459.410s][info ][gc] GC(3251) Pause Young (Allocation Failure) 213M->213M(326M) 147.523ms
[2020-08-08T11:51:05.091+0300][459.656s][debug][gc] GC(3252) Shrinking ParOldGen from 217600K by 17408K to 200192K
[2020-08-08T11:51:05.091+0300][459.656s][info ][gc] GC(3252) Pause Full (Ergonomics) 213M->79M(309M) 245.926ms
[2020-08-08T11:51:05.177+0300][459.743s][info ][gc] GC(3253) Pause Young (Allocation Failure) 135M->135M(309M) 76.503ms
[2020-08-08T11:51:05.322+0300][459.888s][info ][gc] GC(3254) Pause Young (Allocation Failure) 193M->193M(309M) 135.648ms
[2020-08-08T11:51:05.484+0300][460.050s][debug][gc] GC(3255) Shrinking ParOldGen from 200192K by 19456K to 180736K
[2020-08-08T11:51:05.484+0300][460.050s][info ][gc] GC(3255) Pause Full (Ergonomics) 193M->59M(290M) 162.105ms
[2020-08-08T11:51:05.575+0300][460.140s][info ][gc] GC(3256) Pause Young (Allocation Failure) 117M->117M(290M) 78.476ms
[2020-08-08T11:51:05.715+0300][460.281s][info ][gc] GC(3257) Pause Young (Allocation Failure) 174M->174M(290M) 133.110ms
[2020-08-08T11:51:05.810+0300][460.376s][debug][gc] GC(3258) Shrinking ParOldGen from 180736K by 18432K to 162304K
[2020-08-08T11:51:05.811+0300][460.376s][info ][gc] GC(3258) Pause Full (Ergonomics) 174M->41M(272M) 94.838ms
[2020-08-08T11:51:05.898+0300][460.465s][info ][gc] GC(3259) Pause Young (Allocation Failure) 98M->98M(272M) 77.850ms
[2020-08-08T11:51:06.034+0300][460.600s][info ][gc] GC(3260) Pause Young (Allocation Failure) 156M->156M(272M) 128.191ms
[2020-08-08T11:51:06.055+0300][460.620s][debug][gc] GC(3261) Shrinking ParOldGen from 162304K by 11776K to 150528K
[2020-08-08T11:51:06.055+0300][460.620s][info ][gc] GC(3261) Pause Full (Ergonomics) 156M->22M(261M) 20.252ms
[2020-08-08T11:51:06.144+0300][460.710s][info ][gc] GC(3262) Pause Young (Allocation Failure) 79M->79M(261M) 78.507ms
[2020-08-08T11:51:06.293+0300][460.860s][info ][gc] GC(3263) Pause Young (Allocation Failure) 135M->136M(261M) 141.473ms
[2020-08-08T11:51:06.303+0300][460.869s][debug][gc] GC(3264) Shrinking ParOldGen from 150528K by 20992K to 129536K
[2020-08-08T11:51:06.303+0300][460.869s][info ][gc] GC(3264) Pause Full (Ergonomics) 136M->2M(240M) 8.901ms
[2020-08-08T11:51:06.379+0300][460.945s][info ][gc] GC(3265) Pause Young (Allocation Failure) 60M->59M(240M) 63.950ms
[2020-08-08T11:51:06.536+0300][461.102s][info ][gc] GC(3266) Pause Young (Allocation Failure) 117M->117M(240M) 148.681ms
[2020-08-08T11:51:06.920+0300][461.485s][debug][gc] GC(3267) Expanding ParOldGen from 129536K by 116736K to 246272K
[2020-08-08T11:51:06.920+0300][461.485s][info ][gc] GC(3267) Pause Full (Ergonomics) 117M->116M(354M) 382.710ms
[2020-08-08T11:51:06.997+0300][461.562s][info ][gc] GC(3268) Pause Young (Allocation Failure) 174M->174M(354M) 66.942ms
[2020-08-08T11:51:07.173+0300][461.739s][info ][gc] GC(3269) Pause Young (Allocation Failure) 231M->231M(354M) 167.859ms
[2020-08-08T11:51:07.487+0300][462.053s][debug][gc] GC(3270) Shrinking ParOldGen from 246272K by 19456K to 226816K
[2020-08-08T11:51:07.487+0300][462.053s][info ][gc] GC(3270) Pause Full (Ergonomics) 231M->98M(335M) 313.409ms
[2020-08-08T11:51:07.562+0300][462.127s][info ][gc] GC(3271) Pause Young (Allocation Failure) 155M->155M(335M) 64.472ms
[2020-08-08T11:51:07.583+0300][462.149s][debug][gc] GC(3272) Shrinking ParOldGen from 226816K by 84480K to 142336K
[2020-08-08T11:51:07.583+0300][462.150s][info ][gc] GC(3272) Pause Full (Ergonomics) 155M->22M(253M) 22.053ms
[2020-08-08T11:51:07.675+0300][462.242s][info ][gc] GC(3273) Pause Young (Allocation Failure) 79M->79M(253M) 81.098ms
[2020-08-08T11:51:07.828+0300][462.394s][info ][gc] GC(3274) Pause Young (Allocation Failure) 136M->135M(253M) 142.907ms
[2020-08-08T11:51:07.837+0300][462.402s][debug][gc] GC(3275) Shrinking ParOldGen from 142336K by 19456K to 122880K
[2020-08-08T11:51:07.837+0300][462.403s][info ][gc] GC(3275) Pause Full (Ergonomics) 135M->2M(234M) 8.502ms
[2020-08-08T11:51:07.910+0300][462.476s][info ][gc] GC(3276) Pause Young (Allocation Failure) 60M->59M(234M) 64.374ms
[2020-08-08T11:51:08.068+0300][462.633s][info ][gc] GC(3277) Pause Young (Allocation Failure) 117M->117M(234M) 147.059ms
[2020-08-08T11:51:08.461+0300][463.027s][debug][gc] GC(3278) Expanding ParOldGen from 122880K by 118272K to 241152K
[2020-08-08T11:51:08.461+0300][463.027s][info ][gc] GC(3278) Pause Full (Ergonomics) 117M->117M(349M) 393.566ms
[2020-08-08T11:51:08.541+0300][463.106s][info ][gc] GC(3279) Pause Young (Allocation Failure) 174M->174M(349M) 68.155ms
[2020-08-08T11:51:08.723+0300][463.289s][info ][gc] GC(3280) Pause Young (Allocation Failure) 231M->231M(349M) 172.966ms
[2020-08-08T11:51:09.038+0300][463.604s][debug][gc] GC(3281) Shrinking ParOldGen from 241152K by 18944K to 222208K
[2020-08-08T11:51:09.038+0300][463.604s][info ][gc] GC(3281) Pause Full (Ergonomics) 231M->98M(331M) 314.486ms
[2020-08-08T11:51:09.110+0300][463.676s][info ][gc] GC(3282) Pause Young (Allocation Failure) 155M->155M(331M) 64.194ms
[2020-08-08T11:51:09.132+0300][463.698s][debug][gc] GC(3283) Shrinking ParOldGen from 222208K by 83968K to 138240K
[2020-08-08T11:51:09.132+0300][463.698s][info ][gc] GC(3283) Pause Full (Ergonomics) 155M->22M(249M) 22.435ms
[2020-08-08T11:51:09.221+0300][463.786s][info ][gc] GC(3284) Pause Young (Allocation Failure) 79M->79M(249M) 77.427ms
[2020-08-08T11:51:09.377+0300][463.942s][info ][gc] GC(3285) Pause Young (Allocation Failure) 135M->136M(249M) 144.214ms
[2020-08-08T11:51:09.385+0300][463.951s][debug][gc] GC(3286) Shrinking ParOldGen from 138240K by 18432K to 119808K
[2020-08-08T11:51:09.385+0300][463.951s][info ][gc] GC(3286) Pause Full (Ergonomics) 136M->2M(231M) 8.635ms
[2020-08-08T11:51:09.458+0300][464.024s][info ][gc] GC(3287) Pause Young (Allocation Failure) 60M->59M(231M) 63.817ms
[2020-08-08T11:51:09.617+0300][464.183s][info ][gc] GC(3288) Pause Young (Allocation Failure) 117M->117M(231M) 150.148ms
[2020-08-08T11:51:10.002+0300][464.567s][debug][gc] GC(3289) Expanding ParOldGen from 119808K by 118272K to 238080K
[2020-08-08T11:51:10.002+0300][464.567s][info ][gc] GC(3289) Pause Full (Ergonomics) 117M->116M(346M) 383.847ms
[2020-08-08T11:51:10.078+0300][464.643s][info ][gc] GC(3290) Pause Young (Allocation Failure) 174M->174M(346M) 68.041ms
[2020-08-08T11:51:10.256+0300][464.821s][info ][gc] GC(3291) Pause Young (Allocation Failure) 231M->232M(346M) 169.116ms
[2020-08-08T11:51:10.567+0300][465.133s][debug][gc] GC(3292) Shrinking ParOldGen from 238080K by 17920K to 220160K
[2020-08-08T11:51:10.567+0300][465.133s][info ][gc] GC(3292) Pause Full (Ergonomics) 232M->98M(329M) 311.462ms
[2020-08-08T11:51:10.645+0300][465.210s][info ][gc] GC(3293) Pause Young (Allocation Failure) 155M->155M(329M) 66.100ms
[2020-08-08T11:51:10.666+0300][465.232s][debug][gc] GC(3294) Shrinking ParOldGen from 220160K by 83968K to 136192K
[2020-08-08T11:51:10.666+0300][465.233s][info ][gc] GC(3294) Pause Full (Ergonomics) 155M->22M(247M) 22.071ms
[2020-08-08T11:51:10.757+0300][465.322s][info ][gc] GC(3295) Pause Young (Allocation Failure) 79M->79M(247M) 78.287ms
[2020-08-08T11:51:10.906+0300][465.472s][info ][gc] GC(3296) Pause Young (Allocation Failure) 136M->135M(247M) 140.565ms
[2020-08-08T11:51:10.915+0300][465.481s][debug][gc] GC(3297) Shrinking ParOldGen from 136192K by 18432K to 117760K
[2020-08-08T11:51:10.915+0300][465.481s][info ][gc] GC(3297) Pause Full (Ergonomics) 135M->2M(229M) 8.452ms
[2020-08-08T11:51:10.988+0300][465.554s][info ][gc] GC(3298) Pause Young (Allocation Failure) 60M->59M(229M) 63.822ms
[2020-08-08T11:51:11.143+0300][465.710s][info ][gc] GC(3299) Pause Young (Allocation Failure) 117M->117M(229M) 146.669ms
[2020-08-08T11:51:11.537+0300][466.102s][debug][gc] GC(3300) Expanding ParOldGen from 117760K by 116736K to 234496K
[2020-08-08T11:51:11.537+0300][466.102s][info ][gc] GC(3300) Pause Full (Ergonomics) 117M->117M(343M) 392.454ms
[2020-08-08T11:51:11.648+0300][466.213s][info ][gc] GC(3301) Pause Young (Allocation Failure) 174M->174M(343M) 100.014ms
[2020-08-08T11:51:11.828+0300][466.395s][info ][gc] GC(3302) Pause Young (Allocation Failure) 231M->232M(343M) 172.070ms
[2020-08-08T11:51:12.143+0300][466.708s][debug][gc] GC(3303) Shrinking ParOldGen from 234496K by 15872K to 218624K
[2020-08-08T11:51:12.143+0300][466.709s][info ][gc] GC(3303) Pause Full (Ergonomics) 232M->98M(327M) 313.613ms
[2020-08-08T11:51:12.213+0300][466.780s][info ][gc] GC(3304) Pause Young (Allocation Failure) 155M->155M(327M) 63.668ms
[2020-08-08T11:51:12.237+0300][466.803s][debug][gc] GC(3305) Shrinking ParOldGen from 218624K by 83968K to 134656K
[2020-08-08T11:51:12.237+0300][466.803s][info ][gc] GC(3305) Pause Full (Ergonomics) 155M->22M(245M) 23.351ms
[2020-08-08T11:51:12.330+0300][466.896s][info ][gc] GC(3306) Pause Young (Allocation Failure) 79M->79M(245M) 79.799ms
[2020-08-08T11:51:12.480+0300][467.047s][info ][gc] GC(3307) Pause Young (Allocation Failure) 135M->136M(245M) 141.492ms
[2020-08-08T11:51:12.490+0300][467.055s][debug][gc] GC(3308) Shrinking ParOldGen from 134656K by 17920K to 116736K
[2020-08-08T11:51:12.490+0300][467.055s][info ][gc] GC(3308) Pause Full (Ergonomics) 136M->2M(228M) 8.728ms
[2020-08-08T11:51:12.562+0300][467.128s][info ][gc] GC(3309) Pause Young (Allocation Failure) 60M->59M(228M) 64.595ms
[2020-08-08T11:51:12.720+0300][467.286s][info ][gc] GC(3310) Pause Young (Allocation Failure) 117M->117M(228M) 148.439ms
[2020-08-08T11:51:13.115+0300][467.680s][debug][gc] GC(3311) Expanding ParOldGen from 116736K by 115712K to 232448K
[2020-08-08T11:51:13.115+0300][467.680s][info ][gc] GC(3311) Pause Full (Ergonomics) 117M->117M(341M) 393.512ms
[2020-08-08T11:51:13.220+0300][467.787s][info ][gc] GC(3312) Pause Young (Allocation Failure) 174M->174M(341M) 99.171ms
[2020-08-08T11:51:13.401+0300][467.967s][info ][gc] GC(3313) Pause Young (Allocation Failure) 232M->232M(341M) 170.865ms
[2020-08-08T11:51:13.716+0300][468.281s][debug][gc] GC(3314) Shrinking ParOldGen from 232448K by 14848K to 217600K
[2020-08-08T11:51:13.716+0300][468.281s][info ][gc] GC(3314) Pause Full (Ergonomics) 232M->98M(326M) 313.727ms
[2020-08-08T11:51:13.791+0300][468.356s][info ][gc] GC(3315) Pause Young (Allocation Failure) 155M->155M(326M) 63.985ms
[2020-08-08T11:51:13.949+0300][468.516s][info ][gc] GC(3316) Pause Young (Allocation Failure) 213M->213M(326M) 148.980ms
[2020-08-08T11:51:14.195+0300][468.760s][debug][gc] GC(3317) Shrinking ParOldGen from 217600K by 17408K to 200192K
[2020-08-08T11:51:14.195+0300][468.760s][info ][gc] GC(3317) Pause Full (Ergonomics) 213M->79M(309M) 244.611ms
[2020-08-08T11:51:14.281+0300][468.846s][info ][gc] GC(3318) Pause Young (Allocation Failure) 135M->135M(309M) 76.740ms
[2020-08-08T11:51:14.426+0300][468.992s][info ][gc] GC(3319) Pause Young (Allocation Failure) 193M->193M(309M) 137.079ms
[2020-08-08T11:51:14.589+0300][469.155s][debug][gc] GC(3320) Shrinking ParOldGen from 200192K by 19968K to 180224K
[2020-08-08T11:51:14.589+0300][469.155s][info ][gc] GC(3320) Pause Full (Ergonomics) 193M->59M(290M) 162.967ms
[2020-08-08T11:51:14.680+0300][469.246s][info ][gc] GC(3321) Pause Young (Allocation Failure) 117M->117M(290M) 80.115ms
[2020-08-08T11:51:14.819+0300][469.385s][info ][gc] GC(3322) Pause Young (Allocation Failure) 174M->174M(290M) 131.022ms
[2020-08-08T11:51:14.913+0300][469.478s][debug][gc] GC(3323) Shrinking ParOldGen from 180224K by 17920K to 162304K
[2020-08-08T11:51:14.913+0300][469.478s][info ][gc] GC(3323) Pause Full (Ergonomics) 174M->41M(272M) 93.513ms
[2020-08-08T11:51:15.002+0300][469.568s][info ][gc] GC(3324) Pause Young (Allocation Failure) 98M->98M(272M) 78.628ms
[2020-08-08T11:51:15.137+0300][469.703s][info ][gc] GC(3325) Pause Young (Allocation Failure) 156M->156M(272M) 128.220ms
[2020-08-08T11:51:15.158+0300][469.723s][debug][gc] GC(3326) Shrinking ParOldGen from 162304K by 11776K to 150528K
[2020-08-08T11:51:15.158+0300][469.723s][info ][gc] GC(3326) Pause Full (Ergonomics) 156M->22M(261M) 20.148ms
[2020-08-08T11:51:15.245+0300][469.811s][info ][gc] GC(3327) Pause Young (Allocation Failure) 79M->79M(261M) 77.989ms
[2020-08-08T11:51:15.396+0300][469.962s][info ][gc] GC(3328) Pause Young (Allocation Failure) 135M->136M(261M) 142.020ms
[2020-08-08T11:51:15.405+0300][469.971s][debug][gc] GC(3329) Shrinking ParOldGen from 150528K by 20992K to 129536K
[2020-08-08T11:51:15.405+0300][469.971s][info ][gc] GC(3329) Pause Full (Ergonomics) 136M->2M(240M) 8.536ms
[2020-08-08T11:51:15.481+0300][470.047s][info ][gc] GC(3330) Pause Young (Allocation Failure) 60M->59M(240M) 64.861ms
[2020-08-08T11:51:15.640+0300][470.205s][info ][gc] GC(3331) Pause Young (Allocation Failure) 117M->117M(240M) 148.323ms
[2020-08-08T11:51:16.028+0300][470.593s][debug][gc] GC(3332) Expanding ParOldGen from 129536K by 116736K to 246272K
[2020-08-08T11:51:16.028+0300][470.593s][info ][gc] GC(3332) Pause Full (Ergonomics) 117M->116M(354M) 388.036ms
[2020-08-08T11:51:16.101+0300][470.667s][info ][gc] GC(3333) Pause Young (Allocation Failure) 174M->174M(354M) 66.824ms
[2020-08-08T11:51:16.277+0300][470.843s][info ][gc] GC(3334) Pause Young (Allocation Failure) 231M->231M(354M) 165.529ms
[2020-08-08T11:51:16.591+0300][471.156s][debug][gc] GC(3335) Shrinking ParOldGen from 246272K by 19456K to 226816K
[2020-08-08T11:51:16.591+0300][471.157s][info ][gc] GC(3335) Pause Full (Ergonomics) 231M->98M(335M) 313.700ms
[2020-08-08T11:51:16.668+0300][471.235s][info ][gc] GC(3336) Pause Young (Allocation Failure) 155M->155M(335M) 67.234ms
[2020-08-08T11:51:16.690+0300][471.257s][debug][gc] GC(3337) Shrinking ParOldGen from 226816K by 84480K to 142336K
[2020-08-08T11:51:16.691+0300][471.257s][info ][gc] GC(3337) Pause Full (Ergonomics) 155M->22M(253M) 22.194ms
[2020-08-08T11:51:16.780+0300][471.346s][info ][gc] GC(3338) Pause Young (Allocation Failure) 79M->79M(253M) 79.324ms
[2020-08-08T11:51:16.932+0300][471.499s][info ][gc] GC(3339) Pause Young (Allocation Failure) 136M->135M(253M) 142.064ms
[2020-08-08T11:51:16.942+0300][471.508s][debug][gc] GC(3340) Shrinking ParOldGen from 142336K by 19456K to 122880K
[2020-08-08T11:51:16.942+0300][471.508s][info ][gc] GC(3340) Pause Full (Ergonomics) 135M->2M(234M) 8.957ms
[2020-08-08T11:51:17.013+0300][471.580s][info ][gc] GC(3341) Pause Young (Allocation Failure) 60M->59M(234M) 63.600ms
[2020-08-08T11:51:17.169+0300][471.736s][info ][gc] GC(3342) Pause Young (Allocation Failure) 117M->117M(234M) 146.434ms
[2020-08-08T11:51:17.563+0300][472.128s][debug][gc] GC(3343) Expanding ParOldGen from 122880K by 118272K to 241152K
[2020-08-08T11:51:17.563+0300][472.128s][info ][gc] GC(3343) Pause Full (Ergonomics) 117M->117M(349M) 392.506ms
[2020-08-08T11:51:17.643+0300][472.209s][info ][gc] GC(3344) Pause Young (Allocation Failure) 174M->174M(349M) 67.895ms
[2020-08-08T11:51:17.825+0300][472.390s][info ][gc] GC(3345) Pause Young (Allocation Failure) 231M->231M(349M) 171.484ms
[2020-08-08T11:51:18.139+0300][472.704s][debug][gc] GC(3346) Shrinking ParOldGen from 241152K by 18944K to 222208K
[2020-08-08T11:51:18.139+0300][472.704s][info ][gc] GC(3346) Pause Full (Ergonomics) 231M->98M(331M) 313.698ms
[2020-08-08T11:51:18.209+0300][472.776s][info ][gc] GC(3347) Pause Young (Allocation Failure) 155M->155M(331M) 63.650ms
[2020-08-08T11:51:18.232+0300][472.799s][debug][gc] GC(3348) Shrinking ParOldGen from 222208K by 83968K to 138240K
[2020-08-08T11:51:18.233+0300][472.799s][info ][gc] GC(3348) Pause Full (Ergonomics) 155M->22M(249M) 23.079ms
[2020-08-08T11:51:18.324+0300][472.889s][info ][gc] GC(3349) Pause Young (Allocation Failure) 79M->79M(249M) 79.006ms
[2020-08-08T11:51:18.480+0300][473.045s][info ][gc] GC(3350) Pause Young (Allocation Failure) 135M->136M(249M) 145.125ms
[2020-08-08T11:51:18.487+0300][473.054s][debug][gc] GC(3351) Shrinking ParOldGen from 138240K by 18432K to 119808K
[2020-08-08T11:51:18.487+0300][473.054s][info ][gc] GC(3351) Pause Full (Ergonomics) 136M->2M(231M) 8.527ms
[2020-08-08T11:51:18.562+0300][473.127s][info ][gc] GC(3352) Pause Young (Allocation Failure) 60M->59M(231M) 64.460ms
[2020-08-08T11:51:18.720+0300][473.286s][info ][gc] GC(3353) Pause Young (Allocation Failure) 117M->117M(231M) 149.231ms
[2020-08-08T11:51:19.108+0300][473.675s][debug][gc] GC(3354) Expanding ParOldGen from 119808K by 118272K to 238080K
[2020-08-08T11:51:19.108+0300][473.675s][info ][gc] GC(3354) Pause Full (Ergonomics) 117M->116M(346M) 388.548ms
[2020-08-08T11:51:19.183+0300][473.750s][info ][gc] GC(3355) Pause Young (Allocation Failure) 174M->174M(346M) 67.358ms
[2020-08-08T11:51:19.363+0300][473.928s][info ][gc] GC(3356) Pause Young (Allocation Failure) 231M->232M(346M) 168.791ms
[2020-08-08T11:51:19.677+0300][474.243s][debug][gc] GC(3357) Shrinking ParOldGen from 238080K by 17920K to 220160K
[2020-08-08T11:51:19.677+0300][474.243s][info ][gc] GC(3357) Pause Full (Ergonomics) 232M->98M(329M) 315.210ms
[2020-08-08T11:51:19.752+0300][474.319s][info ][gc] GC(3358) Pause Young (Allocation Failure) 155M->155M(329M) 65.102ms
[2020-08-08T11:51:19.775+0300][474.342s][debug][gc] GC(3359) Shrinking ParOldGen from 220160K by 83968K to 136192K
[2020-08-08T11:51:19.775+0300][474.342s][info ][gc] GC(3359) Pause Full (Ergonomics) 155M->22M(247M) 23.008ms
[2020-08-08T11:51:19.865+0300][474.431s][info ][gc] GC(3360) Pause Young (Allocation Failure) 79M->79M(247M) 78.913ms
[2020-08-08T11:51:20.015+0300][474.581s][info ][gc] GC(3361) Pause Young (Allocation Failure) 136M->135M(247M) 140.530ms
[2020-08-08T11:51:20.024+0300][474.590s][debug][gc] GC(3362) Shrinking ParOldGen from 136192K by 18432K to 117760K
[2020-08-08T11:51:20.024+0300][474.590s][info ][gc] GC(3362) Pause Full (Ergonomics) 135M->2M(229M) 8.595ms
[2020-08-08T11:51:20.097+0300][474.662s][info ][gc] GC(3363) Pause Young (Allocation Failure) 60M->59M(229M) 63.922ms
[2020-08-08T11:51:20.253+0300][474.819s][info ][gc] GC(3364) Pause Young (Allocation Failure) 117M->117M(229M) 148.001ms
[2020-08-08T11:51:20.648+0300][475.214s][debug][gc] GC(3365) Expanding ParOldGen from 117760K by 116736K to 234496K
[2020-08-08T11:51:20.648+0300][475.214s][info ][gc] GC(3365) Pause Full (Ergonomics) 117M->117M(343M) 394.524ms
[2020-08-08T11:51:20.757+0300][475.323s][info ][gc] GC(3366) Pause Young (Allocation Failure) 174M->174M(343M) 99.971ms
[2020-08-08T11:51:20.939+0300][475.505s][info ][gc] GC(3367) Pause Young (Allocation Failure) 231M->232M(343M) 171.712ms
[2020-08-08T11:51:21.251+0300][475.817s][debug][gc] GC(3368) Shrinking ParOldGen from 234496K by 15872K to 218624K
[2020-08-08T11:51:21.251+0300][475.817s][info ][gc] GC(3368) Pause Full (Ergonomics) 232M->98M(327M) 311.388ms
[2020-08-08T11:51:21.322+0300][475.888s][info ][gc] GC(3369) Pause Young (Allocation Failure) 155M->155M(327M) 63.994ms
[2020-08-08T11:51:21.345+0300][475.911s][debug][gc] GC(3370) Shrinking ParOldGen from 218624K by 83968K to 134656K
[2020-08-08T11:51:21.345+0300][475.911s][info ][gc] GC(3370) Pause Full (Ergonomics) 155M->22M(245M) 22.824ms
[2020-08-08T11:51:21.438+0300][476.005s][info ][gc] GC(3371) Pause Young (Allocation Failure) 79M->79M(245M) 79.746ms
[2020-08-08T11:51:21.593+0300][476.158s][info ][gc] GC(3372) Pause Young (Allocation Failure) 135M->136M(245M) 142.944ms
[2020-08-08T11:51:21.600+0300][476.167s][debug][gc] GC(3373) Shrinking ParOldGen from 134656K by 17920K to 116736K
[2020-08-08T11:51:21.600+0300][476.167s][info ][gc] GC(3373) Pause Full (Ergonomics) 136M->2M(228M) 8.752ms
[2020-08-08T11:51:21.675+0300][476.241s][info ][gc] GC(3374) Pause Young (Allocation Failure) 60M->59M(228M) 63.123ms
[2020-08-08T11:51:21.833+0300][476.399s][info ][gc] GC(3375) Pause Young (Allocation Failure) 117M->117M(228M) 148.427ms
[2020-08-08T11:51:22.224+0300][476.789s][debug][gc] GC(3376) Expanding ParOldGen from 116736K by 115712K to 232448K
[2020-08-08T11:51:22.224+0300][476.789s][info ][gc] GC(3376) Pause Full (Ergonomics) 117M->117M(341M) 389.928ms
[2020-08-08T11:51:22.331+0300][476.898s][info ][gc] GC(3377) Pause Young (Allocation Failure) 174M->174M(341M) 99.966ms
[2020-08-08T11:51:22.517+0300][477.083s][info ][gc] GC(3378) Pause Young (Allocation Failure) 232M->232M(341M) 173.250ms
[2020-08-08T11:51:22.831+0300][477.396s][debug][gc] GC(3379) Shrinking ParOldGen from 232448K by 14848K to 217600K
[2020-08-08T11:51:22.831+0300][477.396s][info ][gc] GC(3379) Pause Full (Ergonomics) 232M->98M(326M) 313.184ms
[2020-08-08T11:51:22.904+0300][477.469s][info ][gc] GC(3380) Pause Young (Allocation Failure) 155M->155M(326M) 63.798ms
[2020-08-08T11:51:23.059+0300][477.624s][info ][gc] GC(3381) Pause Young (Allocation Failure) 213M->213M(326M) 146.014ms
[2020-08-08T11:51:23.304+0300][477.870s][debug][gc] GC(3382) Shrinking ParOldGen from 217600K by 17408K to 200192K
[2020-08-08T11:51:23.305+0300][477.870s][info ][gc] GC(3382) Pause Full (Ergonomics) 213M->79M(309M) 245.415ms
[2020-08-08T11:51:23.395+0300][477.960s][info ][gc] GC(3383) Pause Young (Allocation Failure) 135M->135M(309M) 80.429ms
[2020-08-08T11:51:23.548+0300][478.113s][info ][gc] GC(3384) Pause Young (Allocation Failure) 193M->193M(309M) 143.359ms
[2020-08-08T11:51:23.709+0300][478.275s][debug][gc] GC(3385) Shrinking ParOldGen from 200192K by 19968K to 180224K
[2020-08-08T11:51:23.709+0300][478.275s][info ][gc] GC(3385) Pause Full (Ergonomics) 193M->59M(290M) 161.587ms
[2020-08-08T11:51:23.803+0300][478.370s][info ][gc] GC(3386) Pause Young (Allocation Failure) 117M->117M(290M) 81.725ms
[2020-08-08T11:51:23.948+0300][478.514s][info ][gc] GC(3387) Pause Young (Allocation Failure) 174M->174M(290M) 136.169ms
[2020-08-08T11:51:24.044+0300][478.609s][debug][gc] GC(3388) Shrinking ParOldGen from 180224K by 17920K to 162304K
[2020-08-08T11:51:24.044+0300][478.609s][info ][gc] GC(3388) Pause Full (Ergonomics) 174M->41M(272M) 94.700ms
[2020-08-08T11:51:24.132+0300][478.699s][info ][gc] GC(3389) Pause Young (Allocation Failure) 98M->98M(272M) 79.594ms
[2020-08-08T11:51:24.273+0300][478.838s][info ][gc] GC(3390) Pause Young (Allocation Failure) 156M->156M(272M) 130.445ms
[2020-08-08T11:51:24.293+0300][478.859s][debug][gc] GC(3391) Shrinking ParOldGen from 162304K by 11776K to 150528K
[2020-08-08T11:51:24.293+0300][478.859s][info ][gc] GC(3391) Pause Full (Ergonomics) 156M->22M(261M) 20.848ms
[2020-08-08T11:51:24.383+0300][478.949s][info ][gc] GC(3392) Pause Young (Allocation Failure) 79M->79M(261M) 79.852ms
[2020-08-08T11:51:24.541+0300][479.106s][info ][gc] GC(3393) Pause Young (Allocation Failure) 135M->136M(261M) 144.655ms
[2020-08-08T11:51:24.549+0300][479.115s][debug][gc] GC(3394) Shrinking ParOldGen from 150528K by 20992K to 129536K
[2020-08-08T11:51:24.549+0300][479.115s][info ][gc] GC(3394) Pause Full (Ergonomics) 136M->2M(240M) 9.022ms
[2020-08-08T11:51:24.625+0300][479.190s][info ][gc] GC(3395) Pause Young (Allocation Failure) 60M->59M(240M) 65.361ms
[2020-08-08T11:51:24.781+0300][479.347s][info ][gc] GC(3396) Pause Young (Allocation Failure) 117M->117M(240M) 147.791ms
[2020-08-08T11:51:25.169+0300][479.734s][debug][gc] GC(3397) Expanding ParOldGen from 129536K by 116736K to 246272K
[2020-08-08T11:51:25.169+0300][479.734s][info ][gc] GC(3397) Pause Full (Ergonomics) 117M->116M(354M) 386.802ms
[2020-08-08T11:51:25.243+0300][479.810s][info ][gc] GC(3398) Pause Young (Allocation Failure) 174M->174M(354M) 67.468ms
[2020-08-08T11:51:25.419+0300][479.985s][info ][gc] GC(3399) Pause Young (Allocation Failure) 231M->232M(354M) 165.617ms
[2020-08-08T11:51:25.734+0300][480.299s][debug][gc] GC(3400) Shrinking ParOldGen from 246272K by 19456K to 226816K
[2020-08-08T11:51:25.734+0300][480.299s][info ][gc] GC(3400) Pause Full (Ergonomics) 232M->98M(335M) 314.710ms
[2020-08-08T11:51:25.810+0300][480.377s][info ][gc] GC(3401) Pause Young (Allocation Failure) 155M->155M(335M) 65.706ms
[2020-08-08T11:51:25.832+0300][480.399s][debug][gc] GC(3402) Shrinking ParOldGen from 226816K by 84480K to 142336K
[2020-08-08T11:51:25.832+0300][480.399s][info ][gc] GC(3402) Pause Full (Ergonomics) 155M->22M(253M) 21.960ms
[2020-08-08T11:51:25.921+0300][480.487s][info ][gc] GC(3403) Pause Young (Allocation Failure) 79M->79M(253M) 78.034ms
[2020-08-08T11:51:26.072+0300][480.639s][info ][gc] GC(3404) Pause Young (Allocation Failure) 136M->135M(253M) 141.315ms
[2020-08-08T11:51:26.081+0300][480.647s][debug][gc] GC(3405) Shrinking ParOldGen from 142336K by 19456K to 122880K
[2020-08-08T11:51:26.081+0300][480.647s][info ][gc] GC(3405) Pause Full (Ergonomics) 135M->2M(234M) 8.539ms
[2020-08-08T11:51:26.154+0300][480.719s][info ][gc] GC(3406) Pause Young (Allocation Failure) 60M->59M(234M) 63.692ms
[2020-08-08T11:51:26.312+0300][480.877s][info ][gc] GC(3407) Pause Young (Allocation Failure) 117M->117M(234M) 146.030ms
[2020-08-08T11:51:26.703+0300][481.268s][debug][gc] GC(3408) Expanding ParOldGen from 122880K by 118272K to 241152K
[2020-08-08T11:51:26.703+0300][481.268s][info ][gc] GC(3408) Pause Full (Ergonomics) 117M->117M(349M) 391.189ms
[2020-08-08T11:51:26.784+0300][481.349s][info ][gc] GC(3409) Pause Young (Allocation Failure) 174M->174M(349M) 70.032ms
[2020-08-08T11:51:26.962+0300][481.528s][info ][gc] GC(3410) Pause Young (Allocation Failure) 231M->231M(349M) 170.139ms
[2020-08-08T11:51:27.275+0300][481.842s][debug][gc] GC(3411) Shrinking ParOldGen from 241152K by 18944K to 222208K
[2020-08-08T11:51:27.277+0300][481.842s][info ][gc] GC(3411) Pause Full (Ergonomics) 231M->98M(331M) 313.544ms
[2020-08-08T11:51:27.351+0300][481.917s][info ][gc] GC(3412) Pause Young (Allocation Failure) 155M->155M(331M) 67.252ms
[2020-08-08T11:51:27.374+0300][481.940s][debug][gc] GC(3413) Shrinking ParOldGen from 222208K by 83968K to 138240K
[2020-08-08T11:51:27.374+0300][481.940s][info ][gc] GC(3413) Pause Full (Ergonomics) 155M->22M(249M) 23.420ms
[2020-08-08T11:51:27.468+0300][482.035s][info ][gc] GC(3414) Pause Young (Allocation Failure) 79M->79M(249M) 81.898ms
[2020-08-08T11:51:27.627+0300][482.193s][info ][gc] GC(3415) Pause Young (Allocation Failure) 135M->136M(249M) 148.587ms
[2020-08-08T11:51:27.636+0300][482.202s][debug][gc] GC(3416) Shrinking ParOldGen from 138240K by 18432K to 119808K
[2020-08-08T11:51:27.636+0300][482.202s][info ][gc] GC(3416) Pause Full (Ergonomics) 136M->2M(231M) 8.552ms
[2020-08-08T11:51:27.710+0300][482.276s][info ][gc] GC(3417) Pause Young (Allocation Failure) 60M->59M(231M) 64.196ms
[2020-08-08T11:51:27.869+0300][482.434s][info ][gc] GC(3418) Pause Young (Allocation Failure) 117M->117M(231M) 147.875ms
[2020-08-08T11:51:28.252+0300][482.817s][debug][gc] GC(3419) Expanding ParOldGen from 119808K by 118272K to 238080K
[2020-08-08T11:51:28.252+0300][482.817s][info ][gc] GC(3419) Pause Full (Ergonomics) 117M->116M(346M) 383.157ms
[2020-08-08T11:51:28.327+0300][482.892s][info ][gc] GC(3420) Pause Young (Allocation Failure) 174M->174M(346M) 67.470ms
[2020-08-08T11:51:28.504+0300][483.070s][info ][gc] GC(3421) Pause Young (Allocation Failure) 231M->232M(346M) 168.468ms
[2020-08-08T11:51:28.819+0300][483.385s][debug][gc] GC(3422) Shrinking ParOldGen from 238080K by 17920K to 220160K
[2020-08-08T11:51:28.819+0300][483.385s][info ][gc] GC(3422) Pause Full (Ergonomics) 232M->98M(329M) 314.779ms
[2020-08-08T11:51:28.894+0300][483.461s][info ][gc] GC(3423) Pause Young (Allocation Failure) 155M->155M(329M) 66.306ms
[2020-08-08T11:51:28.917+0300][483.483s][debug][gc] GC(3424) Shrinking ParOldGen from 220160K by 83968K to 136192K
[2020-08-08T11:51:28.917+0300][483.483s][info ][gc] GC(3424) Pause Full (Ergonomics) 155M->22M(247M) 22.221ms
[2020-08-08T11:51:29.007+0300][483.573s][info ][gc] GC(3425) Pause Young (Allocation Failure) 79M->79M(247M) 78.358ms
[2020-08-08T11:51:29.157+0300][483.724s][info ][gc] GC(3426) Pause Young (Allocation Failure) 136M->135M(247M) 140.536ms
[2020-08-08T11:51:29.166+0300][483.732s][debug][gc] GC(3427) Shrinking ParOldGen from 136192K by 18432K to 117760K
[2020-08-08T11:51:29.166+0300][483.732s][info ][gc] GC(3427) Pause Full (Ergonomics) 135M->2M(229M) 8.576ms
[2020-08-08T11:51:29.239+0300][483.804s][info ][gc] GC(3428) Pause Young (Allocation Failure) 60M->59M(229M) 63.036ms
[2020-08-08T11:51:29.395+0300][483.961s][info ][gc] GC(3429) Pause Young (Allocation Failure) 117M->117M(229M) 147.771ms
[2020-08-08T11:51:29.791+0300][484.357s][debug][gc] GC(3430) Expanding ParOldGen from 117760K by 116736K to 234496K
[2020-08-08T11:51:29.791+0300][484.357s][info ][gc] GC(3430) Pause Full (Ergonomics) 117M->117M(343M) 395.315ms
[2020-08-08T11:51:29.901+0300][484.466s][info ][gc] GC(3431) Pause Young (Allocation Failure) 174M->174M(343M) 98.576ms
[2020-08-08T11:51:30.080+0300][484.646s][info ][gc] GC(3432) Pause Young (Allocation Failure) 231M->232M(343M) 170.170ms
[2020-08-08T11:51:30.395+0300][484.961s][debug][gc] GC(3433) Shrinking ParOldGen from 234496K by 15872K to 218624K
[2020-08-08T11:51:30.395+0300][484.961s][info ][gc] GC(3433) Pause Full (Ergonomics) 232M->98M(327M) 315.046ms
[2020-08-08T11:51:30.467+0300][485.033s][info ][gc] GC(3434) Pause Young (Allocation Failure) 155M->155M(327M) 62.787ms
[2020-08-08T11:51:30.489+0300][485.056s][debug][gc] GC(3435) Shrinking ParOldGen from 218624K by 83968K to 134656K
[2020-08-08T11:51:30.489+0300][485.056s][info ][gc] GC(3435) Pause Full (Ergonomics) 155M->22M(245M) 22.919ms
[2020-08-08T11:51:30.580+0300][485.146s][info ][gc] GC(3436) Pause Young (Allocation Failure) 79M->79M(245M) 78.935ms
[2020-08-08T11:51:30.735+0300][485.301s][info ][gc] GC(3437) Pause Young (Allocation Failure) 135M->136M(245M) 145.501ms
[2020-08-08T11:51:30.744+0300][485.310s][debug][gc] GC(3438) Shrinking ParOldGen from 134656K by 17920K to 116736K
[2020-08-08T11:51:30.744+0300][485.310s][info ][gc] GC(3438) Pause Full (Ergonomics) 136M->2M(228M) 8.584ms
[2020-08-08T11:51:30.817+0300][485.383s][info ][gc] GC(3439) Pause Young (Allocation Failure) 60M->59M(228M) 64.283ms
[2020-08-08T11:51:30.974+0300][485.540s][info ][gc] GC(3440) Pause Young (Allocation Failure) 117M->117M(228M) 147.570ms
[2020-08-08T11:51:31.369+0300][485.934s][debug][gc] GC(3441) Expanding ParOldGen from 116736K by 115712K to 232448K
[2020-08-08T11:51:31.369+0300][485.934s][info ][gc] GC(3441) Pause Full (Ergonomics) 117M->117M(341M) 393.915ms
[2020-08-08T11:51:31.476+0300][486.041s][info ][gc] GC(3442) Pause Young (Allocation Failure) 174M->174M(341M) 99.336ms
[2020-08-08T11:51:31.661+0300][486.227s][info ][gc] GC(3443) Pause Young (Allocation Failure) 232M->232M(341M) 173.382ms
[2020-08-08T11:51:31.975+0300][486.540s][debug][gc] GC(3444) Shrinking ParOldGen from 232448K by 14848K to 217600K
[2020-08-08T11:51:31.975+0300][486.540s][info ][gc] GC(3444) Pause Full (Ergonomics) 232M->98M(326M) 312.919ms
[2020-08-08T11:51:32.046+0300][486.612s][info ][gc] GC(3445) Pause Young (Allocation Failure) 155M->155M(326M) 63.473ms
[2020-08-08T11:51:32.201+0300][486.768s][info ][gc] GC(3446) Pause Young (Allocation Failure) 213M->213M(326M) 146.090ms
[2020-08-08T11:51:32.447+0300][487.012s][debug][gc] GC(3447) Shrinking ParOldGen from 217600K by 17408K to 200192K
[2020-08-08T11:51:32.447+0300][487.012s][info ][gc] GC(3447) Pause Full (Ergonomics) 213M->79M(309M) 244.544ms
[2020-08-08T11:51:32.535+0300][487.101s][info ][gc] GC(3448) Pause Young (Allocation Failure) 135M->135M(309M) 77.860ms
[2020-08-08T11:51:32.679+0300][487.245s][info ][gc] GC(3449) Pause Young (Allocation Failure) 193M->193M(309M) 135.594ms
[2020-08-08T11:51:32.844+0300][487.409s][debug][gc] GC(3450) Shrinking ParOldGen from 200192K by 19456K to 180736K
[2020-08-08T11:51:32.844+0300][487.409s][info ][gc] GC(3450) Pause Full (Ergonomics) 193M->59M(290M) 163.690ms
[2020-08-08T11:51:32.933+0300][487.498s][info ][gc] GC(3451) Pause Young (Allocation Failure) 117M->117M(290M) 77.951ms
[2020-08-08T11:51:33.072+0300][487.637s][info ][gc] GC(3452) Pause Young (Allocation Failure) 174M->174M(290M) 131.051ms
[2020-08-08T11:51:33.165+0300][487.730s][debug][gc] GC(3453) Shrinking ParOldGen from 180736K by 18432K to 162304K
[2020-08-08T11:51:33.165+0300][487.731s][info ][gc] GC(3453) Pause Full (Ergonomics) 174M->41M(272M) 93.210ms
[2020-08-08T11:51:33.253+0300][487.819s][info ][gc] GC(3454) Pause Young (Allocation Failure) 98M->98M(272M) 77.984ms
[2020-08-08T11:51:33.389+0300][487.955s][info ][gc] GC(3455) Pause Young (Allocation Failure) 156M->156M(272M) 127.903ms
[2020-08-08T11:51:33.409+0300][487.976s][debug][gc] GC(3456) Shrinking ParOldGen from 162304K by 11776K to 150528K
[2020-08-08T11:51:33.409+0300][487.976s][info ][gc] GC(3456) Pause Full (Ergonomics) 156M->22M(261M) 20.382ms
[2020-08-08T11:51:33.498+0300][488.064s][info ][gc] GC(3457) Pause Young (Allocation Failure) 79M->79M(261M) 78.417ms
[2020-08-08T11:51:33.655+0300][488.220s][info ][gc] GC(3458) Pause Young (Allocation Failure) 135M->136M(261M) 144.820ms
[2020-08-08T11:51:33.663+0300][488.229s][debug][gc] GC(3459) Shrinking ParOldGen from 150528K by 20992K to 129536K
[2020-08-08T11:51:33.663+0300][488.229s][info ][gc] GC(3459) Pause Full (Ergonomics) 136M->2M(240M) 8.593ms
[2020-08-08T11:51:33.736+0300][488.302s][info ][gc] GC(3460) Pause Young (Allocation Failure) 60M->59M(240M) 63.619ms
[2020-08-08T11:51:33.895+0300][488.461s][info ][gc] GC(3461) Pause Young (Allocation Failure) 117M->117M(240M) 148.406ms
[2020-08-08T11:51:34.282+0300][488.847s][debug][gc] GC(3462) Expanding ParOldGen from 129536K by 116736K to 246272K
[2020-08-08T11:51:34.282+0300][488.847s][info ][gc] GC(3462) Pause Full (Ergonomics) 117M->116M(354M) 386.796ms
[2020-08-08T11:51:34.357+0300][488.922s][info ][gc] GC(3463) Pause Young (Allocation Failure) 174M->174M(354M) 66.719ms
[2020-08-08T11:51:34.532+0300][489.099s][info ][gc] GC(3464) Pause Young (Allocation Failure) 231M->232M(354M) 166.296ms
[2020-08-08T11:51:34.847+0300][489.413s][debug][gc] GC(3465) Shrinking ParOldGen from 246272K by 19456K to 226816K
[2020-08-08T11:51:34.847+0300][489.413s][info ][gc] GC(3465) Pause Full (Ergonomics) 232M->98M(335M) 313.941ms
[2020-08-08T11:51:34.922+0300][489.487s][info ][gc] GC(3466) Pause Young (Allocation Failure) 155M->155M(335M) 64.202ms
[2020-08-08T11:51:34.943+0300][489.510s][debug][gc] GC(3467) Shrinking ParOldGen from 226816K by 84480K to 142336K
[2020-08-08T11:51:34.943+0300][489.510s][info ][gc] GC(3467) Pause Full (Ergonomics) 155M->22M(253M) 22.406ms
[2020-08-08T11:51:35.032+0300][489.598s][info ][gc] GC(3468) Pause Young (Allocation Failure) 79M->79M(253M) 78.303ms
[2020-08-08T11:51:35.183+0300][489.748s][info ][gc] GC(3469) Pause Young (Allocation Failure) 136M->136M(253M) 141.255ms
[2020-08-08T11:51:35.191+0300][489.757s][debug][gc] GC(3470) Shrinking ParOldGen from 142336K by 19456K to 122880K
[2020-08-08T11:51:35.191+0300][489.757s][info ][gc] GC(3470) Pause Full (Ergonomics) 136M->2M(234M) 8.820ms
[2020-08-08T11:51:35.262+0300][489.828s][info ][gc] GC(3471) Pause Young (Allocation Failure) 60M->59M(234M) 63.264ms
[2020-08-08T11:51:35.419+0300][489.985s][info ][gc] GC(3472) Pause Young (Allocation Failure) 117M->117M(234M) 147.270ms
[2020-08-08T11:51:35.816+0300][490.382s][debug][gc] GC(3473) Expanding ParOldGen from 122880K by 118272K to 241152K
[2020-08-08T11:51:35.816+0300][490.382s][info ][gc] GC(3473) Pause Full (Ergonomics) 117M->117M(349M) 396.155ms
[2020-08-08T11:51:35.894+0300][490.461s][info ][gc] GC(3474) Pause Young (Allocation Failure) 174M->174M(349M) 69.327ms
[2020-08-08T11:51:36.075+0300][490.642s][info ][gc] GC(3475) Pause Young (Allocation Failure) 231M->231M(349M) 171.944ms
[2020-08-08T11:51:36.389+0300][490.955s][debug][gc] GC(3476) Shrinking ParOldGen from 241152K by 18944K to 222208K
[2020-08-08T11:51:36.389+0300][490.955s][info ][gc] GC(3476) Pause Full (Ergonomics) 231M->98M(331M) 313.066ms
[2020-08-08T11:51:36.462+0300][491.027s][info ][gc] GC(3477) Pause Young (Allocation Failure) 155M->155M(331M) 63.573ms
[2020-08-08T11:51:36.486+0300][491.053s][debug][gc] GC(3478) Shrinking ParOldGen from 222208K by 83968K to 138240K
[2020-08-08T11:51:36.488+0300][491.053s][info ][gc] GC(3478) Pause Full (Ergonomics) 155M->22M(249M) 25.825ms
[2020-08-08T11:51:36.578+0300][491.144s][info ][gc] GC(3479) Pause Young (Allocation Failure) 79M->79M(249M) 80.364ms
[2020-08-08T11:51:36.732+0300][491.298s][info ][gc] GC(3480) Pause Young (Allocation Failure) 135M->135M(249M) 144.074ms
[2020-08-08T11:51:36.740+0300][491.307s][debug][gc] GC(3481) Shrinking ParOldGen from 138240K by 18432K to 119808K
[2020-08-08T11:51:36.742+0300][491.307s][info ][gc] GC(3481) Pause Full (Ergonomics) 135M->2M(231M) 8.443ms
[2020-08-08T11:51:36.815+0300][491.382s][info ][gc] GC(3482) Pause Young (Allocation Failure) 60M->59M(231M) 64.249ms
[2020-08-08T11:51:36.972+0300][491.537s][info ][gc] GC(3483) Pause Young (Allocation Failure) 117M->117M(231M) 146.587ms
[2020-08-08T11:51:37.358+0300][491.923s][debug][gc] GC(3484) Expanding ParOldGen from 119808K by 118272K to 238080K
[2020-08-08T11:51:37.358+0300][491.923s][info ][gc] GC(3484) Pause Full (Ergonomics) 117M->116M(346M) 385.620ms
[2020-08-08T11:51:37.433+0300][492.000s][info ][gc] GC(3485) Pause Young (Allocation Failure) 174M->174M(346M) 67.692ms
[2020-08-08T11:51:37.614+0300][492.181s][info ][gc] GC(3486) Pause Young (Allocation Failure) 231M->232M(346M) 171.369ms
[2020-08-08T11:51:37.931+0300][492.496s][debug][gc] GC(3487) Shrinking ParOldGen from 238080K by 17920K to 220160K
[2020-08-08T11:51:37.931+0300][492.496s][info ][gc] GC(3487) Pause Full (Ergonomics) 232M->98M(329M) 315.340ms
[2020-08-08T11:51:38.006+0300][492.572s][info ][gc] GC(3488) Pause Young (Allocation Failure) 155M->155M(329M) 64.674ms
[2020-08-08T11:51:38.029+0300][492.595s][debug][gc] GC(3489) Shrinking ParOldGen from 220160K by 83968K to 136192K
[2020-08-08T11:51:38.029+0300][492.595s][info ][gc] GC(3489) Pause Full (Ergonomics) 155M->22M(247M) 22.906ms
[2020-08-08T11:51:38.120+0300][492.686s][info ][gc] GC(3490) Pause Young (Allocation Failure) 79M->79M(247M) 79.734ms
[2020-08-08T11:51:38.274+0300][492.839s][info ][gc] GC(3491) Pause Young (Allocation Failure) 136M->135M(247M) 143.544ms
[2020-08-08T11:51:38.282+0300][492.848s][debug][gc] GC(3492) Shrinking ParOldGen from 136192K by 18432K to 117760K
[2020-08-08T11:51:38.282+0300][492.848s][info ][gc] GC(3492) Pause Full (Ergonomics) 135M->2M(229M) 8.768ms
[2020-08-08T11:51:38.355+0300][492.922s][info ][gc] GC(3493) Pause Young (Allocation Failure) 60M->59M(229M) 65.528ms
[2020-08-08T11:51:38.515+0300][493.081s][info ][gc] GC(3494) Pause Young (Allocation Failure) 117M->117M(229M) 148.939ms
[2020-08-08T11:51:38.911+0300][493.477s][debug][gc] GC(3495) Expanding ParOldGen from 117760K by 116736K to 234496K
[2020-08-08T11:51:38.911+0300][493.477s][info ][gc] GC(3495) Pause Full (Ergonomics) 117M->117M(343M) 395.264ms
[2020-08-08T11:51:39.025+0300][493.590s][info ][gc] GC(3496) Pause Young (Allocation Failure) 174M->174M(343M) 101.591ms
[2020-08-08T11:51:39.206+0300][493.771s][info ][gc] GC(3497) Pause Young (Allocation Failure) 231M->232M(343M) 171.595ms
[2020-08-08T11:51:39.526+0300][494.091s][debug][gc] GC(3498) Shrinking ParOldGen from 234496K by 15872K to 218624K
[2020-08-08T11:51:39.526+0300][494.091s][info ][gc] GC(3498) Pause Full (Ergonomics) 232M->98M(327M) 319.702ms
[2020-08-08T11:51:39.602+0300][494.168s][info ][gc] GC(3499) Pause Young (Allocation Failure) 155M->155M(327M) 65.922ms
[2020-08-08T11:51:39.625+0300][494.192s][debug][gc] GC(3500) Shrinking ParOldGen from 218624K by 83968K to 134656K
[2020-08-08T11:51:39.625+0300][494.192s][info ][gc] GC(3500) Pause Full (Ergonomics) 155M->22M(245M) 24.199ms
[2020-08-08T11:51:39.718+0300][494.285s][info ][gc] GC(3501) Pause Young (Allocation Failure) 79M->79M(245M) 79.906ms
[2020-08-08T11:51:39.874+0300][494.441s][info ][gc] GC(3502) Pause Young (Allocation Failure) 135M->136M(245M) 145.504ms
[2020-08-08T11:51:39.884+0300][494.449s][debug][gc] GC(3503) Shrinking ParOldGen from 134656K by 17920K to 116736K
[2020-08-08T11:51:39.884+0300][494.449s][info ][gc] GC(3503) Pause Full (Ergonomics) 136M->2M(228M) 8.150ms
[2020-08-08T11:51:39.959+0300][494.524s][info ][gc] GC(3504) Pause Young (Allocation Failure) 60M->59M(228M) 65.956ms
[2020-08-08T11:51:40.117+0300][494.683s][info ][gc] GC(3505) Pause Young (Allocation Failure) 117M->117M(228M) 148.964ms
[2020-08-08T11:51:40.512+0300][495.078s][debug][gc] GC(3506) Expanding ParOldGen from 116736K by 115712K to 232448K
[2020-08-08T11:51:40.512+0300][495.078s][info ][gc] GC(3506) Pause Full (Ergonomics) 117M->117M(341M) 394.861ms
[2020-08-08T11:51:40.627+0300][495.193s][info ][gc] GC(3507) Pause Young (Allocation Failure) 174M->174M(341M) 104.282ms
[2020-08-08T11:51:40.807+0300][495.373s][info ][gc] GC(3508) Pause Young (Allocation Failure) 232M->232M(341M) 170.785ms
[2020-08-08T11:51:41.123+0300][495.689s][debug][gc] GC(3509) Shrinking ParOldGen from 232448K by 14848K to 217600K
[2020-08-08T11:51:41.123+0300][495.689s][info ][gc] GC(3509) Pause Full (Ergonomics) 232M->98M(326M) 315.650ms
[2020-08-08T11:51:41.196+0300][495.762s][info ][gc] GC(3510) Pause Young (Allocation Failure) 155M->155M(326M) 65.223ms
[2020-08-08T11:51:41.356+0300][495.922s][info ][gc] GC(3511) Pause Young (Allocation Failure) 213M->213M(326M) 150.494ms
[2020-08-08T11:51:41.607+0300][496.172s][debug][gc] GC(3512) Shrinking ParOldGen from 217600K by 17408K to 200192K
[2020-08-08T11:51:41.607+0300][496.172s][info ][gc] GC(3512) Pause Full (Ergonomics) 213M->79M(309M) 250.274ms
[2020-08-08T11:51:41.699+0300][496.264s][info ][gc] GC(3513) Pause Young (Allocation Failure) 135M->135M(309M) 79.449ms
[2020-08-08T11:51:41.845+0300][496.412s][info ][gc] GC(3514) Pause Young (Allocation Failure) 193M->193M(309M) 138.369ms
[2020-08-08T11:51:42.011+0300][496.577s][debug][gc] GC(3515) Shrinking ParOldGen from 200192K by 19968K to 180224K
[2020-08-08T11:51:42.011+0300][496.577s][info ][gc] GC(3515) Pause Full (Ergonomics) 193M->59M(290M) 165.666ms
[2020-08-08T11:51:42.103+0300][496.668s][info ][gc] GC(3516) Pause Young (Allocation Failure) 117M->117M(290M) 80.127ms
[2020-08-08T11:51:42.245+0300][496.812s][info ][gc] GC(3517) Pause Young (Allocation Failure) 174M->174M(290M) 134.216ms
[2020-08-08T11:51:42.342+0300][496.908s][debug][gc] GC(3518) Shrinking ParOldGen from 180224K by 17920K to 162304K
[2020-08-08T11:51:42.342+0300][496.908s][info ][gc] GC(3518) Pause Full (Ergonomics) 174M->41M(272M) 95.946ms
[2020-08-08T11:51:42.434+0300][497.001s][info ][gc] GC(3519) Pause Young (Allocation Failure) 98M->98M(272M) 81.525ms
[2020-08-08T11:51:42.573+0300][497.139s][info ][gc] GC(3520) Pause Young (Allocation Failure) 156M->156M(272M) 130.226ms
[2020-08-08T11:51:42.596+0300][497.162s][debug][gc] GC(3521) Shrinking ParOldGen from 162304K by 11776K to 150528K
[2020-08-08T11:51:42.596+0300][497.162s][info ][gc] GC(3521) Pause Full (Ergonomics) 156M->22M(261M) 22.102ms
[2020-08-08T11:51:42.693+0300][497.258s][info ][gc] GC(3522) Pause Young (Allocation Failure) 79M->79M(261M) 80.086ms
[2020-08-08T11:51:42.847+0300][497.413s][info ][gc] GC(3523) Pause Young (Allocation Failure) 136M->136M(261M) 145.066ms
[2020-08-08T11:51:42.857+0300][497.422s][debug][gc] GC(3524) Shrinking ParOldGen from 150528K by 20992K to 129536K
[2020-08-08T11:51:42.857+0300][497.422s][info ][gc] GC(3524) Pause Full (Ergonomics) 136M->2M(240M) 8.932ms
[2020-08-08T11:51:42.929+0300][497.496s][info ][gc] GC(3525) Pause Young (Allocation Failure) 60M->59M(240M) 64.356ms
[2020-08-08T11:51:43.091+0300][497.656s][info ][gc] GC(3526) Pause Young (Allocation Failure) 117M->117M(240M) 149.257ms
[2020-08-08T11:51:43.488+0300][498.054s][debug][gc] GC(3527) Expanding ParOldGen from 129536K by 116736K to 246272K
[2020-08-08T11:51:43.488+0300][498.054s][info ][gc] GC(3527) Pause Full (Ergonomics) 117M->117M(354M) 397.291ms
[2020-08-08T11:51:43.565+0300][498.130s][info ][gc] GC(3528) Pause Young (Allocation Failure) 174M->174M(354M) 68.345ms
[2020-08-08T11:51:43.750+0300][498.317s][info ][gc] GC(3529) Pause Young (Allocation Failure) 232M->232M(354M) 172.943ms
[2020-08-08T11:51:44.070+0300][498.636s][debug][gc] GC(3530) Shrinking ParOldGen from 246272K by 19456K to 226816K
[2020-08-08T11:51:44.070+0300][498.636s][info ][gc] GC(3530) Pause Full (Ergonomics) 232M->98M(335M) 319.138ms
[2020-08-08T11:51:44.142+0300][498.708s][info ][gc] GC(3531) Pause Young (Allocation Failure) 155M->155M(335M) 63.062ms
[2020-08-08T11:51:44.303+0300][498.869s][info ][gc] GC(3532) Pause Young (Allocation Failure) 213M->213M(335M) 151.642ms
[2020-08-08T11:51:44.553+0300][499.119s][debug][gc] GC(3533) Shrinking ParOldGen from 226816K by 19456K to 207360K
[2020-08-08T11:51:44.553+0300][499.119s][info ][gc] GC(3533) Pause Full (Ergonomics) 213M->79M(316M) 249.992ms
[2020-08-08T11:51:44.646+0300][499.212s][info ][gc] GC(3534) Pause Young (Allocation Failure) 135M->135M(316M) 80.838ms
[2020-08-08T11:51:44.795+0300][499.362s][info ][gc] GC(3535) Pause Young (Allocation Failure) 193M->193M(316M) 139.855ms
[2020-08-08T11:51:44.962+0300][499.528s][debug][gc] GC(3536) Shrinking ParOldGen from 207360K by 20992K to 186368K
[2020-08-08T11:51:44.962+0300][499.528s][info ][gc] GC(3536) Pause Full (Ergonomics) 193M->59M(296M) 166.398ms
[2020-08-08T11:51:45.054+0300][499.620s][info ][gc] GC(3537) Pause Young (Allocation Failure) 117M->117M(296M) 80.908ms
[2020-08-08T11:51:45.198+0300][499.763s][info ][gc] GC(3538) Pause Young (Allocation Failure) 174M->174M(296M) 134.481ms
[2020-08-08T11:51:45.291+0300][499.857s][debug][gc] GC(3539) Shrinking ParOldGen from 186368K by 18944K to 167424K
[2020-08-08T11:51:45.291+0300][499.857s][info ][gc] GC(3539) Pause Full (Ergonomics) 174M->41M(277M) 94.177ms
[2020-08-08T11:51:45.380+0300][499.947s][info ][gc] GC(3540) Pause Young (Allocation Failure) 98M->98M(277M) 79.103ms
[2020-08-08T11:51:45.521+0300][500.086s][info ][gc] GC(3541) Pause Young (Allocation Failure) 156M->156M(277M) 131.499ms
[2020-08-08T11:51:45.542+0300][500.107s][debug][gc] GC(3542) Shrinking ParOldGen from 167424K by 12800K to 154624K
[2020-08-08T11:51:45.542+0300][500.107s][info ][gc] GC(3542) Pause Full (Ergonomics) 156M->22M(265M) 21.002ms
[2020-08-08T11:51:45.633+0300][500.200s][info ][gc] GC(3543) Pause Young (Allocation Failure) 79M->79M(265M) 81.310ms
[2020-08-08T11:51:45.791+0300][500.358s][info ][gc] GC(3544) Pause Young (Allocation Failure) 136M->136M(265M) 146.242ms
[2020-08-08T11:51:45.801+0300][500.367s][debug][gc] GC(3545) Shrinking ParOldGen from 154624K by 22016K to 132608K
[2020-08-08T11:51:45.802+0300][500.367s][info ][gc] GC(3545) Pause Full (Ergonomics) 136M->2M(243M) 9.014ms
[2020-08-08T11:51:45.874+0300][500.440s][info ][gc] GC(3546) Pause Young (Allocation Failure) 60M->59M(243M) 63.983ms
[2020-08-08T11:51:46.032+0300][500.599s][info ][gc] GC(3547) Pause Young (Allocation Failure) 117M->117M(243M) 148.834ms
[2020-08-08T11:51:46.425+0300][500.990s][debug][gc] GC(3548) Expanding ParOldGen from 132608K by 116224K to 248832K
[2020-08-08T11:51:46.425+0300][500.990s][info ][gc] GC(3548) Pause Full (Ergonomics) 117M->116M(357M) 391.318ms
[2020-08-08T11:51:46.498+0300][501.065s][info ][gc] GC(3549) Pause Young (Allocation Failure) 174M->174M(357M) 67.046ms
[2020-08-08T11:51:46.677+0300][501.244s][info ][gc] GC(3550) Pause Young (Allocation Failure) 231M->232M(357M) 169.622ms
[2020-08-08T11:51:46.996+0300][501.562s][debug][gc] GC(3551) Shrinking ParOldGen from 248832K by 19968K to 228864K
[2020-08-08T11:51:46.996+0300][501.562s][info ][gc] GC(3551) Pause Full (Ergonomics) 232M->98M(337M) 317.949ms
[2020-08-08T11:51:47.072+0300][501.638s][info ][gc] GC(3552) Pause Young (Allocation Failure) 155M->155M(337M) 67.007ms
[2020-08-08T11:51:47.095+0300][501.661s][debug][gc] GC(3553) Shrinking ParOldGen from 228864K by 84480K to 144384K
[2020-08-08T11:51:47.095+0300][501.661s][info ][gc] GC(3553) Pause Full (Ergonomics) 155M->22M(255M) 22.290ms
[2020-08-08T11:51:47.184+0300][501.750s][info ][gc] GC(3554) Pause Young (Allocation Failure) 79M->79M(255M) 78.375ms
[2020-08-08T11:51:47.336+0300][501.902s][info ][gc] GC(3555) Pause Young (Allocation Failure) 136M->136M(255M) 141.799ms
[2020-08-08T11:51:47.345+0300][501.911s][debug][gc] GC(3556) Shrinking ParOldGen from 144384K by 19968K to 124416K
[2020-08-08T11:51:47.345+0300][501.911s][info ][gc] GC(3556) Pause Full (Ergonomics) 136M->2M(235M) 9.142ms
[2020-08-08T11:51:47.419+0300][501.985s][info ][gc] GC(3557) Pause Young (Allocation Failure) 60M->59M(235M) 65.280ms
[2020-08-08T11:51:47.580+0300][502.146s][info ][gc] GC(3558) Pause Young (Allocation Failure) 117M->117M(235M) 150.849ms
[2020-08-08T11:51:47.981+0300][502.547s][debug][gc] GC(3559) Expanding ParOldGen from 124416K by 117760K to 242176K
[2020-08-08T11:51:47.981+0300][502.547s][info ][gc] GC(3559) Pause Full (Ergonomics) 117M->117M(350M) 400.619ms
[2020-08-08T11:51:48.062+0300][502.627s][info ][gc] GC(3560) Pause Young (Allocation Failure) 174M->174M(350M) 69.289ms
[2020-08-08T11:51:48.242+0300][502.808s][info ][gc] GC(3561) Pause Young (Allocation Failure) 231M->231M(350M) 170.497ms
[2020-08-08T11:51:48.562+0300][503.128s][debug][gc] GC(3562) Shrinking ParOldGen from 242176K by 18944K to 223232K
[2020-08-08T11:51:48.562+0300][503.128s][info ][gc] GC(3562) Pause Full (Ergonomics) 231M->98M(332M) 320.046ms
[2020-08-08T11:51:48.638+0300][503.204s][info ][gc] GC(3563) Pause Young (Allocation Failure) 155M->155M(332M) 66.866ms
[2020-08-08T11:51:48.660+0300][503.227s][debug][gc] GC(3564) Shrinking ParOldGen from 223232K by 83968K to 139264K
[2020-08-08T11:51:48.661+0300][503.227s][info ][gc] GC(3564) Pause Full (Ergonomics) 155M->22M(250M) 22.505ms
[2020-08-08T11:51:48.756+0300][503.322s][info ][gc] GC(3565) Pause Young (Allocation Failure) 79M->79M(250M) 79.490ms
[2020-08-08T11:51:48.911+0300][503.477s][info ][gc] GC(3566) Pause Young (Allocation Failure) 135M->136M(250M) 145.035ms
[2020-08-08T11:51:48.920+0300][503.486s][debug][gc] GC(3567) Shrinking ParOldGen from 139264K by 18944K to 120320K
[2020-08-08T11:51:48.920+0300][503.486s][info ][gc] GC(3567) Pause Full (Ergonomics) 136M->2M(231M) 8.843ms
[2020-08-08T11:51:48.994+0300][503.561s][info ][gc] GC(3568) Pause Young (Allocation Failure) 59M->59M(231M) 63.431ms
[2020-08-08T11:51:49.153+0300][503.719s][info ][gc] GC(3569) Pause Young (Allocation Failure) 117M->117M(231M) 149.511ms
[2020-08-08T11:51:49.531+0300][504.097s][debug][gc] GC(3570) Expanding ParOldGen from 120320K by 118784K to 239104K
[2020-08-08T11:51:49.531+0300][504.097s][info ][gc] GC(3570) Pause Full (Ergonomics) 117M->116M(347M) 377.341ms
[2020-08-08T11:51:49.608+0300][504.174s][info ][gc] GC(3571) Pause Young (Allocation Failure) 174M->174M(347M) 68.672ms
[2020-08-08T11:51:49.794+0300][504.360s][info ][gc] GC(3572) Pause Young (Allocation Failure) 231M->231M(347M) 173.276ms
[2020-08-08T11:51:50.116+0300][504.682s][debug][gc] GC(3573) Shrinking ParOldGen from 239104K by 18432K to 220672K
[2020-08-08T11:51:50.116+0300][504.682s][info ][gc] GC(3573) Pause Full (Ergonomics) 231M->98M(329M) 322.053ms
[2020-08-08T11:51:50.190+0300][504.756s][info ][gc] GC(3574) Pause Young (Allocation Failure) 155M->155M(329M) 65.083ms
[2020-08-08T11:51:50.212+0300][504.778s][debug][gc] GC(3575) Shrinking ParOldGen from 220672K by 83968K to 136704K
[2020-08-08T11:51:50.212+0300][504.779s][info ][gc] GC(3575) Pause Full (Ergonomics) 155M->22M(247M) 22.131ms
[2020-08-08T11:51:50.303+0300][504.869s][info ][gc] GC(3576) Pause Young (Allocation Failure) 79M->79M(247M) 79.234ms
[2020-08-08T11:51:50.455+0300][505.021s][info ][gc] GC(3577) Pause Young (Allocation Failure) 136M->136M(247M) 141.439ms
[2020-08-08T11:51:50.463+0300][505.029s][debug][gc] GC(3578) Shrinking ParOldGen from 136704K by 18432K to 118272K
[2020-08-08T11:51:50.463+0300][505.029s][info ][gc] GC(3578) Pause Full (Ergonomics) 136M->2M(229M) 8.560ms
[2020-08-08T11:51:50.536+0300][505.102s][info ][gc] GC(3579) Pause Young (Allocation Failure) 60M->59M(229M) 63.694ms
[2020-08-08T11:51:50.697+0300][505.264s][info ][gc] GC(3580) Pause Young (Allocation Failure) 117M->117M(229M) 150.457ms
[2020-08-08T11:51:51.094+0300][505.660s][debug][gc] GC(3581) Expanding ParOldGen from 118272K by 116736K to 235008K
[2020-08-08T11:51:51.094+0300][505.660s][info ][gc] GC(3581) Pause Full (Ergonomics) 117M->117M(343M) 396.211ms
