[2020-08-08T13:29:27.227+0300][0.033s][info][gc] Using Serial
[2020-08-08T13:29:27.682+0300][0.488s][info][gc] GC(0) Pause Young (Allocation Failure) 136M->126M(494M) 161.899ms
[2020-08-08T13:29:27.958+0300][0.764s][info][gc] GC(1) Pause Young (Allocation Failure) 262M->255M(494M) 239.352ms
[2020-08-08T13:29:28.002+0300][0.808s][info][gc] GC(2) Pause Young (Allocation Failure) 392M->392M(494M) 0.052ms
[2020-08-08T13:29:28.242+0300][1.048s][info][gc] GC(3) Pause Full (Allocation Failure) 392M->124M(494M) 239.622ms
[2020-08-08T13:29:28.400+0300][1.206s][info][gc] GC(4) Pause Young (Allocation Failure) 260M->256M(494M) 115.172ms
[2020-08-08T13:29:28.431+0300][1.237s][info][gc] GC(5) Pause Young (Allocation Failure) 392M->392M(494M) 0.053ms
[2020-08-08T13:29:28.639+0300][1.445s][info][gc] GC(6) Pause Full (Allocation Failure) 392M->123M(494M) 208.774ms
[2020-08-08T13:29:28.773+0300][1.579s][info][gc] GC(7) Pause Young (Allocation Failure) 260M->259M(494M) 112.219ms
[2020-08-08T13:29:28.796+0300][1.602s][info][gc] GC(8) Pause Young (Allocation Failure) 396M->396M(494M) 0.044ms
[2020-08-08T13:29:28.998+0300][1.804s][info][gc] GC(9) Pause Full (Allocation Failure) 396M->128M(494M) 201.885ms
[2020-08-08T13:29:29.131+0300][1.937s][info][gc] GC(10) Pause Young (Allocation Failure) 265M->264M(494M) 110.316ms
[2020-08-08T13:29:29.153+0300][1.959s][info][gc] GC(11) Pause Young (Allocation Failure) 401M->401M(494M) 0.042ms
[2020-08-08T13:29:29.362+0300][2.168s][info][gc] GC(12) Pause Full (Allocation Failure) 401M->134M(494M) 208.827ms
[2020-08-08T13:29:29.386+0300][2.192s][info][gc] GC(13) Pause Young (Allocation Failure) 270M->135M(494M) 1.185ms
[2020-08-08T13:29:29.410+0300][2.216s][info][gc] GC(14) Pause Young (Allocation Failure) 270M->135M(494M) 1.178ms
[2020-08-08T13:29:29.435+0300][2.241s][info][gc] GC(15) Pause Young (Allocation Failure) 270M->135M(494M) 1.227ms
[2020-08-08T13:29:29.458+0300][2.265s][info][gc] GC(16) Pause Young (Allocation Failure) 270M->135M(494M) 1.181ms
[2020-08-08T13:29:29.482+0300][2.288s][info][gc] GC(17) Pause Young (Allocation Failure) 270M->135M(494M) 1.177ms
[2020-08-08T13:29:29.504+0300][2.310s][info][gc] GC(18) Pause Young (Allocation Failure) 270M->135M(494M) 1.182ms
[2020-08-08T13:29:29.526+0300][2.333s][info][gc] GC(19) Pause Young (Allocation Failure) 270M->135M(494M) 1.375ms
[2020-08-08T13:29:29.548+0300][2.354s][info][gc] GC(20) Pause Young (Allocation Failure) 270M->135M(494M) 1.184ms
[2020-08-08T13:29:29.570+0300][2.377s][info][gc] GC(21) Pause Young (Allocation Failure) 270M->135M(494M) 1.179ms
[2020-08-08T13:29:29.595+0300][2.402s][info][gc] GC(22) Pause Young (Allocation Failure) 270M->135M(494M) 1.187ms
[2020-08-08T13:29:29.621+0300][2.428s][info][gc] GC(23) Pause Young (Allocation Failure) 270M->135M(494M) 1.512ms
[2020-08-08T13:29:29.650+0300][2.456s][info][gc] GC(24) Pause Young (Allocation Failure) 270M->135M(494M) 1.258ms
[2020-08-08T13:29:29.674+0300][2.481s][info][gc] GC(25) Pause Young (Allocation Failure) 270M->135M(494M) 1.342ms
[2020-08-08T13:29:29.709+0300][2.516s][info][gc] GC(26) Pause Young (Allocation Failure) 271M->135M(494M) 1.274ms
[2020-08-08T13:29:29.736+0300][2.542s][info][gc] GC(27) Pause Young (Allocation Failure) 270M->135M(494M) 1.199ms
[2020-08-08T13:29:29.757+0300][2.563s][info][gc] GC(28) Pause Young (Allocation Failure) 270M->135M(494M) 1.194ms
[2020-08-08T13:29:29.778+0300][2.585s][info][gc] GC(29) Pause Young (Allocation Failure) 270M->135M(494M) 0.201ms
[2020-08-08T13:29:29.801+0300][2.608s][info][gc] GC(30) Pause Young (Allocation Failure) 270M->135M(494M) 0.264ms
[2020-08-08T13:29:29.828+0300][2.634s][info][gc] GC(31) Pause Young (Allocation Failure) 270M->135M(494M) 0.200ms
[2020-08-08T13:29:29.859+0300][2.665s][info][gc] GC(32) Pause Young (Allocation Failure) 271M->135M(494M) 0.778ms
[2020-08-08T13:29:29.887+0300][2.693s][info][gc] GC(33) Pause Young (Allocation Failure) 270M->135M(494M) 0.782ms
[2020-08-08T13:29:29.915+0300][2.721s][info][gc] GC(34) Pause Young (Allocation Failure) 271M->135M(494M) 0.765ms
[2020-08-08T13:29:29.942+0300][2.748s][info][gc] GC(35) Pause Young (Allocation Failure) 271M->135M(494M) 1.056ms
[2020-08-08T13:29:29.968+0300][2.775s][info][gc] GC(36) Pause Young (Allocation Failure) 271M->135M(494M) 1.069ms
[2020-08-08T13:29:29.998+0300][2.804s][info][gc] GC(37) Pause Young (Allocation Failure) 271M->135M(494M) 1.024ms
[2020-08-08T13:29:30.025+0300][2.832s][info][gc] GC(38) Pause Young (Allocation Failure) 270M->135M(494M) 0.958ms
[2020-08-08T13:29:30.055+0300][2.862s][info][gc] GC(39) Pause Young (Allocation Failure) 270M->135M(494M) 1.572ms
[2020-08-08T13:29:30.085+0300][2.892s][info][gc] GC(40) Pause Young (Allocation Failure) 271M->135M(494M) 0.915ms
[2020-08-08T13:29:30.117+0300][2.923s][info][gc] GC(41) Pause Young (Allocation Failure) 271M->135M(494M) 1.202ms
[2020-08-08T13:29:30.155+0300][2.961s][info][gc] GC(42) Pause Young (Allocation Failure) 271M->135M(494M) 1.068ms
[2020-08-08T13:29:30.180+0300][2.986s][info][gc] GC(43) Pause Young (Allocation Failure) 271M->135M(494M) 0.898ms
[2020-08-08T13:29:30.203+0300][3.009s][info][gc] GC(44) Pause Young (Allocation Failure) 271M->135M(494M) 0.875ms
[2020-08-08T13:29:30.226+0300][3.032s][info][gc] GC(45) Pause Young (Allocation Failure) 271M->135M(494M) 0.883ms
[2020-08-08T13:29:30.248+0300][3.054s][info][gc] GC(46) Pause Young (Allocation Failure) 271M->135M(494M) 0.899ms
[2020-08-08T13:29:30.272+0300][3.078s][info][gc] GC(47) Pause Young (Allocation Failure) 271M->135M(494M) 1.035ms
[2020-08-08T13:29:30.294+0300][3.101s][info][gc] GC(48) Pause Young (Allocation Failure) 271M->135M(494M) 1.065ms
[2020-08-08T13:29:30.317+0300][3.123s][info][gc] GC(49) Pause Young (Allocation Failure) 271M->135M(494M) 0.795ms
[2020-08-08T13:29:30.340+0300][3.147s][info][gc] GC(50) Pause Young (Allocation Failure) 271M->135M(494M) 0.800ms
[2020-08-08T13:29:30.364+0300][3.170s][info][gc] GC(51) Pause Young (Allocation Failure) 271M->135M(494M) 0.635ms
[2020-08-08T13:29:30.385+0300][3.192s][info][gc] GC(52) Pause Young (Allocation Failure) 271M->135M(494M) 0.490ms
[2020-08-08T13:29:30.408+0300][3.215s][info][gc] GC(53) Pause Young (Allocation Failure) 271M->135M(494M) 0.327ms
[2020-08-08T13:29:30.430+0300][3.236s][info][gc] GC(54) Pause Young (Allocation Failure) 271M->135M(494M) 0.265ms
[2020-08-08T13:29:30.451+0300][3.257s][info][gc] GC(55) Pause Young (Allocation Failure) 271M->135M(494M) 0.258ms
[2020-08-08T13:29:30.472+0300][3.278s][info][gc] GC(56) Pause Young (Allocation Failure) 271M->135M(494M) 0.331ms
[2020-08-08T13:29:30.497+0300][3.304s][info][gc] GC(57) Pause Young (Allocation Failure) 271M->135M(494M) 0.261ms
[2020-08-08T13:29:30.522+0300][3.328s][info][gc] GC(58) Pause Young (Allocation Failure) 271M->135M(494M) 0.442ms
[2020-08-08T13:29:30.546+0300][3.353s][info][gc] GC(59) Pause Young (Allocation Failure) 271M->135M(494M) 0.266ms
[2020-08-08T13:29:30.571+0300][3.377s][info][gc] GC(60) Pause Young (Allocation Failure) 271M->135M(494M) 0.459ms
[2020-08-08T13:29:30.594+0300][3.400s][info][gc] GC(61) Pause Young (Allocation Failure) 271M->135M(494M) 0.255ms
[2020-08-08T13:29:30.617+0300][3.423s][info][gc] GC(62) Pause Young (Allocation Failure) 271M->135M(494M) 0.255ms
[2020-08-08T13:29:30.644+0300][3.451s][info][gc] GC(63) Pause Young (Allocation Failure) 271M->135M(494M) 0.291ms
[2020-08-08T13:29:30.666+0300][3.472s][info][gc] GC(64) Pause Young (Allocation Failure) 271M->135M(494M) 0.259ms
[2020-08-08T13:29:30.687+0300][3.493s][info][gc] GC(65) Pause Young (Allocation Failure) 271M->135M(494M) 0.253ms
[2020-08-08T13:29:30.707+0300][3.514s][info][gc] GC(66) Pause Young (Allocation Failure) 271M->135M(494M) 0.246ms
[2020-08-08T13:29:30.731+0300][3.538s][info][gc] GC(67) Pause Young (Allocation Failure) 271M->135M(494M) 0.246ms
[2020-08-08T13:29:30.753+0300][3.560s][info][gc] GC(68) Pause Young (Allocation Failure) 271M->135M(494M) 0.247ms
[2020-08-08T13:29:30.779+0300][3.585s][info][gc] GC(69) Pause Young (Allocation Failure) 271M->135M(494M) 0.262ms
[2020-08-08T13:29:30.803+0300][3.609s][info][gc] GC(70) Pause Young (Allocation Failure) 271M->135M(494M) 0.343ms
[2020-08-08T13:29:30.825+0300][3.632s][info][gc] GC(71) Pause Young (Allocation Failure) 271M->135M(494M) 0.245ms
[2020-08-08T13:29:30.846+0300][3.653s][info][gc] GC(72) Pause Young (Allocation Failure) 271M->135M(494M) 0.254ms
[2020-08-08T13:29:30.869+0300][3.676s][info][gc] GC(73) Pause Young (Allocation Failure) 271M->135M(494M) 0.245ms
[2020-08-08T13:29:30.892+0300][3.698s][info][gc] GC(74) Pause Young (Allocation Failure) 271M->135M(494M) 0.438ms
[2020-08-08T13:29:30.915+0300][3.722s][info][gc] GC(75) Pause Young (Allocation Failure) 271M->135M(494M) 0.244ms
[2020-08-08T13:29:30.941+0300][3.748s][info][gc] GC(76) Pause Young (Allocation Failure) 271M->135M(494M) 0.577ms
[2020-08-08T13:29:30.967+0300][3.774s][info][gc] GC(77) Pause Young (Allocation Failure) 271M->135M(494M) 0.256ms
[2020-08-08T13:29:30.995+0300][3.802s][info][gc] GC(78) Pause Young (Allocation Failure) 271M->135M(494M) 0.230ms
[2020-08-08T13:29:31.019+0300][3.826s][info][gc] GC(79) Pause Young (Allocation Failure) 271M->135M(494M) 0.360ms
[2020-08-08T13:29:31.047+0300][3.853s][info][gc] GC(80) Pause Young (Allocation Failure) 272M->135M(494M) 0.419ms
[2020-08-08T13:29:31.069+0300][3.876s][info][gc] GC(81) Pause Young (Allocation Failure) 270M->135M(494M) 0.423ms
[2020-08-08T13:29:31.090+0300][3.897s][info][gc] GC(82) Pause Young (Allocation Failure) 270M->135M(494M) 0.373ms
[2020-08-08T13:29:31.113+0300][3.920s][info][gc] GC(83) Pause Young (Allocation Failure) 271M->135M(494M) 0.355ms
[2020-08-08T13:29:31.138+0300][3.945s][info][gc] GC(84) Pause Young (Allocation Failure) 271M->135M(494M) 0.446ms
[2020-08-08T13:29:31.161+0300][3.968s][info][gc] GC(85) Pause Young (Allocation Failure) 271M->135M(494M) 0.547ms
[2020-08-08T13:29:31.186+0300][3.993s][info][gc] GC(86) Pause Young (Allocation Failure) 271M->135M(494M) 0.352ms
[2020-08-08T13:29:31.213+0300][4.020s][info][gc] GC(87) Pause Young (Allocation Failure) 271M->135M(494M) 0.362ms
[2020-08-08T13:29:31.240+0300][4.046s][info][gc] GC(88) Pause Young (Allocation Failure) 271M->135M(494M) 0.356ms
[2020-08-08T13:29:31.262+0300][4.069s][info][gc] GC(89) Pause Young (Allocation Failure) 271M->135M(494M) 0.356ms
[2020-08-08T13:29:31.284+0300][4.090s][info][gc] GC(90) Pause Young (Allocation Failure) 271M->135M(494M) 0.453ms
[2020-08-08T13:29:31.305+0300][4.112s][info][gc] GC(91) Pause Young (Allocation Failure) 271M->135M(494M) 0.405ms
[2020-08-08T13:29:31.326+0300][4.133s][info][gc] GC(92) Pause Young (Allocation Failure) 271M->135M(494M) 0.351ms
[2020-08-08T13:29:31.347+0300][4.154s][info][gc] GC(93) Pause Young (Allocation Failure) 271M->135M(494M) 0.423ms
[2020-08-08T13:29:31.373+0300][4.179s][info][gc] GC(94) Pause Young (Allocation Failure) 271M->135M(494M) 0.428ms
[2020-08-08T13:29:31.397+0300][4.204s][info][gc] GC(95) Pause Young (Allocation Failure) 271M->135M(494M) 0.626ms
[2020-08-08T13:29:31.425+0300][4.232s][info][gc] GC(96) Pause Young (Allocation Failure) 271M->135M(494M) 0.661ms
[2020-08-08T13:29:31.452+0300][4.259s][info][gc] GC(97) Pause Young (Allocation Failure) 271M->135M(494M) 0.241ms
[2020-08-08T13:29:31.476+0300][4.282s][info][gc] GC(98) Pause Young (Allocation Failure) 271M->135M(494M) 0.242ms
[2020-08-08T13:29:31.498+0300][4.304s][info][gc] GC(99) Pause Young (Allocation Failure) 271M->135M(494M) 0.239ms
[2020-08-08T13:29:31.520+0300][4.326s][info][gc] GC(100) Pause Young (Allocation Failure) 271M->135M(494M) 0.237ms
[2020-08-08T13:29:31.541+0300][4.348s][info][gc] GC(101) Pause Young (Allocation Failure) 271M->135M(494M) 0.240ms
[2020-08-08T13:29:31.568+0300][4.374s][info][gc] GC(102) Pause Young (Allocation Failure) 271M->135M(494M) 0.258ms
[2020-08-08T13:29:31.592+0300][4.399s][info][gc] GC(103) Pause Young (Allocation Failure) 271M->135M(494M) 0.243ms
[2020-08-08T13:29:31.620+0300][4.427s][info][gc] GC(104) Pause Young (Allocation Failure) 271M->135M(494M) 0.253ms
[2020-08-08T13:29:31.652+0300][4.458s][info][gc] GC(105) Pause Young (Allocation Failure) 271M->135M(494M) 0.292ms
[2020-08-08T13:29:31.676+0300][4.482s][info][gc] GC(106) Pause Young (Allocation Failure) 271M->135M(494M) 0.243ms
[2020-08-08T13:29:31.698+0300][4.504s][info][gc] GC(107) Pause Young (Allocation Failure) 271M->135M(494M) 0.277ms
[2020-08-08T13:29:31.719+0300][4.525s][info][gc] GC(108) Pause Young (Allocation Failure) 271M->135M(494M) 0.278ms
[2020-08-08T13:29:31.741+0300][4.548s][info][gc] GC(109) Pause Young (Allocation Failure) 271M->135M(494M) 0.237ms
[2020-08-08T13:29:31.762+0300][4.569s][info][gc] GC(110) Pause Young (Allocation Failure) 271M->135M(494M) 0.241ms
[2020-08-08T13:29:31.786+0300][4.592s][info][gc] GC(111) Pause Young (Allocation Failure) 271M->135M(494M) 0.385ms
[2020-08-08T13:29:31.809+0300][4.615s][info][gc] GC(112) Pause Young (Allocation Failure) 271M->135M(494M) 0.261ms
[2020-08-08T13:29:31.834+0300][4.640s][info][gc] GC(113) Pause Young (Allocation Failure) 271M->135M(494M) 0.254ms
[2020-08-08T13:29:31.858+0300][4.665s][info][gc] GC(114) Pause Young (Allocation Failure) 271M->135M(494M) 0.231ms
[2020-08-08T13:29:31.883+0300][4.689s][info][gc] GC(115) Pause Young (Allocation Failure) 271M->135M(494M) 0.276ms
[2020-08-08T13:29:31.905+0300][4.712s][info][gc] GC(116) Pause Young (Allocation Failure) 271M->135M(494M) 0.263ms
[2020-08-08T13:29:31.928+0300][4.734s][info][gc] GC(117) Pause Young (Allocation Failure) 271M->135M(494M) 0.232ms
[2020-08-08T13:29:31.949+0300][4.755s][info][gc] GC(118) Pause Young (Allocation Failure) 271M->135M(494M) 0.252ms
[2020-08-08T13:29:31.971+0300][4.778s][info][gc] GC(119) Pause Young (Allocation Failure) 271M->135M(494M) 0.359ms
[2020-08-08T13:29:31.995+0300][4.801s][info][gc] GC(120) Pause Young (Allocation Failure) 271M->135M(494M) 0.291ms
[2020-08-08T13:29:32.020+0300][4.826s][info][gc] GC(121) Pause Young (Allocation Failure) 271M->135M(494M) 0.264ms
[2020-08-08T13:29:32.046+0300][4.853s][info][gc] GC(122) Pause Young (Allocation Failure) 272M->136M(494M) 0.306ms
[2020-08-08T13:29:32.072+0300][4.879s][info][gc] GC(123) Pause Young (Allocation Failure) 270M->136M(494M) 0.280ms
[2020-08-08T13:29:32.099+0300][4.905s][info][gc] GC(124) Pause Young (Allocation Failure) 270M->136M(494M) 0.628ms
[2020-08-08T13:29:32.134+0300][4.941s][info][gc] GC(125) Pause Young (Allocation Failure) 271M->136M(494M) 0.305ms
[2020-08-08T13:29:32.166+0300][4.972s][info][gc] GC(126) Pause Young (Allocation Failure) 271M->136M(494M) 0.291ms
[2020-08-08T13:29:32.199+0300][5.006s][info][gc] GC(127) Pause Young (Allocation Failure) 271M->136M(494M) 0.294ms
[2020-08-08T13:29:32.228+0300][5.034s][info][gc] GC(128) Pause Young (Allocation Failure) 271M->136M(494M) 0.280ms
[2020-08-08T13:29:32.251+0300][5.058s][info][gc] GC(129) Pause Young (Allocation Failure) 271M->136M(494M) 0.279ms
[2020-08-08T13:29:32.274+0300][5.081s][info][gc] GC(130) Pause Young (Allocation Failure) 271M->136M(494M) 0.296ms
[2020-08-08T13:29:32.295+0300][5.101s][info][gc] GC(131) Pause Young (Allocation Failure) 271M->136M(494M) 0.307ms
[2020-08-08T13:29:32.319+0300][5.125s][info][gc] GC(132) Pause Young (Allocation Failure) 271M->136M(494M) 0.359ms
[2020-08-08T13:29:32.342+0300][5.148s][info][gc] GC(133) Pause Young (Allocation Failure) 271M->136M(494M) 0.302ms
[2020-08-08T13:29:32.363+0300][5.170s][info][gc] GC(134) Pause Young (Allocation Failure) 271M->136M(494M) 0.282ms
[2020-08-08T13:29:32.384+0300][5.190s][info][gc] GC(135) Pause Young (Allocation Failure) 271M->136M(494M) 0.395ms
[2020-08-08T13:29:32.406+0300][5.213s][info][gc] GC(136) Pause Young (Allocation Failure) 271M->136M(494M) 0.286ms
[2020-08-08T13:29:32.428+0300][5.234s][info][gc] GC(137) Pause Young (Allocation Failure) 271M->136M(494M) 0.309ms
[2020-08-08T13:29:32.449+0300][5.256s][info][gc] GC(138) Pause Young (Allocation Failure) 271M->136M(494M) 0.238ms
[2020-08-08T13:29:32.475+0300][5.281s][info][gc] GC(139) Pause Young (Allocation Failure) 271M->136M(494M) 0.234ms
[2020-08-08T13:29:32.497+0300][5.304s][info][gc] GC(140) Pause Young (Allocation Failure) 271M->136M(494M) 0.235ms
[2020-08-08T13:29:32.523+0300][5.329s][info][gc] GC(141) Pause Young (Allocation Failure) 271M->136M(494M) 0.318ms
[2020-08-08T13:29:32.545+0300][5.351s][info][gc] GC(142) Pause Young (Allocation Failure) 271M->136M(494M) 0.231ms
[2020-08-08T13:29:32.569+0300][5.375s][info][gc] GC(143) Pause Young (Allocation Failure) 271M->136M(494M) 0.237ms
[2020-08-08T13:29:32.590+0300][5.397s][info][gc] GC(144) Pause Young (Allocation Failure) 271M->136M(494M) 0.256ms
[2020-08-08T13:29:32.612+0300][5.418s][info][gc] GC(145) Pause Young (Allocation Failure) 271M->136M(494M) 0.243ms
[2020-08-08T13:29:32.635+0300][5.442s][info][gc] GC(146) Pause Young (Allocation Failure) 271M->136M(494M) 0.234ms
[2020-08-08T13:29:32.658+0300][5.464s][info][gc] GC(147) Pause Young (Allocation Failure) 271M->136M(494M) 0.254ms
[2020-08-08T13:29:32.681+0300][5.488s][info][gc] GC(148) Pause Young (Allocation Failure) 271M->136M(494M) 0.232ms
[2020-08-08T13:29:32.707+0300][5.514s][info][gc] GC(149) Pause Young (Allocation Failure) 271M->136M(494M) 0.262ms
[2020-08-08T13:29:32.733+0300][5.540s][info][gc] GC(150) Pause Young (Allocation Failure) 271M->136M(494M) 0.238ms
[2020-08-08T13:29:32.759+0300][5.565s][info][gc] GC(151) Pause Young (Allocation Failure) 271M->136M(494M) 0.243ms
[2020-08-08T13:29:32.786+0300][5.592s][info][gc] GC(152) Pause Young (Allocation Failure) 271M->136M(494M) 0.238ms
[2020-08-08T13:29:32.808+0300][5.615s][info][gc] GC(153) Pause Young (Allocation Failure) 271M->136M(494M) 0.279ms
[2020-08-08T13:29:32.830+0300][5.636s][info][gc] GC(154) Pause Young (Allocation Failure) 271M->136M(494M) 0.234ms
[2020-08-08T13:29:32.851+0300][5.658s][info][gc] GC(155) Pause Young (Allocation Failure) 271M->136M(494M) 0.234ms
[2020-08-08T13:29:32.874+0300][5.680s][info][gc] GC(156) Pause Young (Allocation Failure) 271M->136M(494M) 0.238ms
[2020-08-08T13:29:32.895+0300][5.702s][info][gc] GC(157) Pause Young (Allocation Failure) 271M->136M(494M) 0.247ms
[2020-08-08T13:29:32.916+0300][5.722s][info][gc] GC(158) Pause Young (Allocation Failure) 271M->136M(494M) 0.234ms
[2020-08-08T13:29:32.943+0300][5.749s][info][gc] GC(159) Pause Young (Allocation Failure) 271M->136M(494M) 0.229ms
[2020-08-08T13:29:32.966+0300][5.772s][info][gc] GC(160) Pause Young (Allocation Failure) 271M->136M(494M) 0.425ms
[2020-08-08T13:29:32.993+0300][5.799s][info][gc] GC(161) Pause Young (Allocation Failure) 271M->136M(494M) 0.250ms
[2020-08-08T13:29:33.019+0300][5.826s][info][gc] GC(162) Pause Young (Allocation Failure) 271M->136M(494M) 0.272ms
[2020-08-08T13:29:33.041+0300][5.847s][info][gc] GC(163) Pause Young (Allocation Failure) 271M->136M(494M) 0.271ms
[2020-08-08T13:29:33.070+0300][5.876s][info][gc] GC(164) Pause Young (Allocation Failure) 271M->136M(494M) 0.284ms
[2020-08-08T13:29:33.092+0300][5.898s][info][gc] GC(165) Pause Young (Allocation Failure) 270M->136M(494M) 0.250ms
[2020-08-08T13:29:33.113+0300][5.919s][info][gc] GC(166) Pause Young (Allocation Failure) 270M->136M(494M) 0.245ms
[2020-08-08T13:29:33.135+0300][5.942s][info][gc] GC(167) Pause Young (Allocation Failure) 271M->136M(494M) 0.246ms
[2020-08-08T13:29:33.160+0300][5.966s][info][gc] GC(168) Pause Young (Allocation Failure) 271M->136M(494M) 0.240ms
[2020-08-08T13:29:33.184+0300][5.990s][info][gc] GC(169) Pause Young (Allocation Failure) 271M->136M(494M) 0.256ms
[2020-08-08T13:29:33.210+0300][6.016s][info][gc] GC(170) Pause Young (Allocation Failure) 271M->136M(494M) 0.251ms
[2020-08-08T13:29:33.236+0300][6.042s][info][gc] GC(171) Pause Young (Allocation Failure) 271M->136M(494M) 0.301ms
[2020-08-08T13:29:33.259+0300][6.065s][info][gc] GC(172) Pause Young (Allocation Failure) 271M->136M(494M) 0.239ms
[2020-08-08T13:29:33.281+0300][6.088s][info][gc] GC(173) Pause Young (Allocation Failure) 271M->136M(494M) 0.246ms
[2020-08-08T13:29:33.303+0300][6.110s][info][gc] GC(174) Pause Young (Allocation Failure) 271M->136M(494M) 0.235ms
[2020-08-08T13:29:33.326+0300][6.133s][info][gc] GC(175) Pause Young (Allocation Failure) 271M->136M(494M) 0.239ms
[2020-08-08T13:29:33.348+0300][6.154s][info][gc] GC(176) Pause Young (Allocation Failure) 271M->136M(494M) 0.305ms
[2020-08-08T13:29:33.369+0300][6.175s][info][gc] GC(177) Pause Young (Allocation Failure) 271M->136M(494M) 0.248ms
[2020-08-08T13:29:33.394+0300][6.200s][info][gc] GC(178) Pause Young (Allocation Failure) 271M->136M(494M) 0.266ms
[2020-08-08T13:29:33.428+0300][6.235s][info][gc] GC(179) Pause Young (Allocation Failure) 271M->136M(494M) 0.257ms
[2020-08-08T13:29:33.454+0300][6.260s][info][gc] GC(180) Pause Young (Allocation Failure) 271M->136M(494M) 0.233ms
[2020-08-08T13:29:33.478+0300][6.285s][info][gc] GC(181) Pause Young (Allocation Failure) 271M->136M(494M) 0.251ms
[2020-08-08T13:29:33.502+0300][6.308s][info][gc] GC(182) Pause Young (Allocation Failure) 271M->136M(494M) 0.269ms
[2020-08-08T13:29:33.525+0300][6.332s][info][gc] GC(183) Pause Young (Allocation Failure) 271M->136M(494M) 0.230ms
[2020-08-08T13:29:33.547+0300][6.354s][info][gc] GC(184) Pause Young (Allocation Failure) 271M->136M(494M) 0.238ms
[2020-08-08T13:29:33.572+0300][6.378s][info][gc] GC(185) Pause Young (Allocation Failure) 271M->136M(494M) 0.296ms
[2020-08-08T13:29:33.594+0300][6.401s][info][gc] GC(186) Pause Young (Allocation Failure) 271M->136M(494M) 0.256ms
[2020-08-08T13:29:33.622+0300][6.428s][info][gc] GC(187) Pause Young (Allocation Failure) 271M->136M(494M) 0.371ms
[2020-08-08T13:29:33.649+0300][6.455s][info][gc] GC(188) Pause Young (Allocation Failure) 271M->136M(494M) 0.409ms
[2020-08-08T13:29:33.677+0300][6.484s][info][gc] GC(189) Pause Young (Allocation Failure) 271M->136M(494M) 0.233ms
[2020-08-08T13:29:33.702+0300][6.509s][info][gc] GC(190) Pause Young (Allocation Failure) 271M->136M(494M) 0.236ms
[2020-08-08T13:29:33.724+0300][6.530s][info][gc] GC(191) Pause Young (Allocation Failure) 271M->136M(494M) 0.251ms
[2020-08-08T13:29:33.746+0300][6.552s][info][gc] GC(192) Pause Young (Allocation Failure) 271M->136M(494M) 0.240ms
[2020-08-08T13:29:33.766+0300][6.572s][info][gc] GC(193) Pause Young (Allocation Failure) 271M->136M(494M) 0.244ms
[2020-08-08T13:29:33.787+0300][6.593s][info][gc] GC(194) Pause Young (Allocation Failure) 271M->136M(494M) 0.244ms
[2020-08-08T13:29:33.808+0300][6.615s][info][gc] GC(195) Pause Young (Allocation Failure) 271M->136M(494M) 0.247ms
[2020-08-08T13:29:33.829+0300][6.636s][info][gc] GC(196) Pause Young (Allocation Failure) 271M->136M(494M) 0.241ms
[2020-08-08T13:29:33.852+0300][6.659s][info][gc] GC(197) Pause Young (Allocation Failure) 271M->136M(494M) 0.276ms
[2020-08-08T13:29:33.877+0300][6.683s][info][gc] GC(198) Pause Young (Allocation Failure) 271M->136M(494M) 0.239ms
[2020-08-08T13:29:33.900+0300][6.707s][info][gc] GC(199) Pause Young (Allocation Failure) 271M->136M(494M) 0.277ms
[2020-08-08T13:29:33.927+0300][6.734s][info][gc] GC(200) Pause Young (Allocation Failure) 271M->136M(494M) 0.324ms
[2020-08-08T13:29:33.951+0300][6.758s][info][gc] GC(201) Pause Young (Allocation Failure) 271M->136M(494M) 0.240ms
[2020-08-08T13:29:33.972+0300][6.779s][info][gc] GC(202) Pause Young (Allocation Failure) 271M->136M(494M) 0.241ms
[2020-08-08T13:29:33.994+0300][6.801s][info][gc] GC(203) Pause Young (Allocation Failure) 271M->136M(494M) 0.239ms
[2020-08-08T13:29:34.014+0300][6.821s][info][gc] GC(204) Pause Young (Allocation Failure) 271M->136M(494M) 0.242ms
[2020-08-08T13:29:34.035+0300][6.841s][info][gc] GC(205) Pause Young (Allocation Failure) 271M->136M(494M) 0.244ms
[2020-08-08T13:29:34.056+0300][6.863s][info][gc] GC(206) Pause Young (Allocation Failure) 271M->136M(494M) 0.322ms
[2020-08-08T13:29:34.081+0300][6.888s][info][gc] GC(207) Pause Young (Allocation Failure) 271M->136M(494M) 0.272ms
[2020-08-08T13:29:34.104+0300][6.910s][info][gc] GC(208) Pause Young (Allocation Failure) 270M->136M(494M) 0.324ms
[2020-08-08T13:29:34.130+0300][6.937s][info][gc] GC(209) Pause Young (Allocation Failure) 271M->136M(494M) 0.252ms
[2020-08-08T13:29:34.153+0300][6.959s][info][gc] GC(210) Pause Young (Allocation Failure) 271M->136M(494M) 0.258ms
[2020-08-08T13:29:34.175+0300][6.981s][info][gc] GC(211) Pause Young (Allocation Failure) 271M->136M(494M) 0.313ms
[2020-08-08T13:29:34.196+0300][7.002s][info][gc] GC(212) Pause Young (Allocation Failure) 271M->136M(494M) 0.259ms
[2020-08-08T13:29:34.216+0300][7.022s][info][gc] GC(213) Pause Young (Allocation Failure) 271M->136M(494M) 0.254ms
[2020-08-08T13:29:34.238+0300][7.044s][info][gc] GC(214) Pause Young (Allocation Failure) 271M->136M(494M) 0.299ms
[2020-08-08T13:29:34.258+0300][7.064s][info][gc] GC(215) Pause Young (Allocation Failure) 271M->136M(494M) 0.300ms
[2020-08-08T13:29:34.282+0300][7.089s][info][gc] GC(216) Pause Young (Allocation Failure) 271M->136M(494M) 0.258ms
[2020-08-08T13:29:34.306+0300][7.112s][info][gc] GC(217) Pause Young (Allocation Failure) 271M->136M(494M) 0.276ms
[2020-08-08T13:29:34.330+0300][7.137s][info][gc] GC(218) Pause Young (Allocation Failure) 271M->136M(494M) 0.253ms
[2020-08-08T13:29:34.353+0300][7.160s][info][gc] GC(219) Pause Young (Allocation Failure) 271M->136M(494M) 0.282ms
[2020-08-08T13:29:34.377+0300][7.183s][info][gc] GC(220) Pause Young (Allocation Failure) 271M->136M(494M) 0.255ms
[2020-08-08T13:29:34.398+0300][7.205s][info][gc] GC(221) Pause Young (Allocation Failure) 271M->136M(494M) 0.271ms
[2020-08-08T13:29:34.420+0300][7.227s][info][gc] GC(222) Pause Young (Allocation Failure) 271M->136M(494M) 0.260ms
[2020-08-08T13:29:34.442+0300][7.248s][info][gc] GC(223) Pause Young (Allocation Failure) 271M->136M(494M) 0.279ms
[2020-08-08T13:29:34.462+0300][7.268s][info][gc] GC(224) Pause Young (Allocation Failure) 271M->136M(494M) 0.237ms
[2020-08-08T13:29:34.484+0300][7.290s][info][gc] GC(225) Pause Young (Allocation Failure) 271M->136M(494M) 0.242ms
[2020-08-08T13:29:34.507+0300][7.314s][info][gc] GC(226) Pause Young (Allocation Failure) 271M->136M(494M) 0.236ms
[2020-08-08T13:29:34.532+0300][7.338s][info][gc] GC(227) Pause Young (Allocation Failure) 271M->136M(494M) 0.236ms
[2020-08-08T13:29:34.556+0300][7.362s][info][gc] GC(228) Pause Young (Allocation Failure) 271M->136M(494M) 0.407ms
[2020-08-08T13:29:34.581+0300][7.388s][info][gc] GC(229) Pause Young (Allocation Failure) 271M->136M(494M) 0.241ms
[2020-08-08T13:29:34.606+0300][7.412s][info][gc] GC(230) Pause Young (Allocation Failure) 271M->136M(494M) 0.253ms
[2020-08-08T13:29:34.629+0300][7.436s][info][gc] GC(231) Pause Young (Allocation Failure) 271M->136M(494M) 0.461ms
[2020-08-08T13:29:34.651+0300][7.457s][info][gc] GC(232) Pause Young (Allocation Failure) 271M->136M(494M) 0.244ms
[2020-08-08T13:29:34.673+0300][7.480s][info][gc] GC(233) Pause Young (Allocation Failure) 271M->136M(494M) 0.290ms
[2020-08-08T13:29:34.695+0300][7.501s][info][gc] GC(234) Pause Young (Allocation Failure) 271M->136M(494M) 0.273ms
[2020-08-08T13:29:34.717+0300][7.523s][info][gc] GC(235) Pause Young (Allocation Failure) 271M->136M(494M) 0.349ms
[2020-08-08T13:29:34.740+0300][7.546s][info][gc] GC(236) Pause Young (Allocation Failure) 271M->136M(494M) 0.243ms
[2020-08-08T13:29:34.763+0300][7.570s][info][gc] GC(237) Pause Young (Allocation Failure) 271M->136M(494M) 0.418ms
[2020-08-08T13:29:34.787+0300][7.593s][info][gc] GC(238) Pause Young (Allocation Failure) 271M->136M(494M) 0.240ms
[2020-08-08T13:29:34.810+0300][7.617s][info][gc] GC(239) Pause Young (Allocation Failure) 271M->136M(494M) 0.423ms
[2020-08-08T13:29:34.831+0300][7.638s][info][gc] GC(240) Pause Young (Allocation Failure) 271M->136M(494M) 0.242ms
[2020-08-08T13:29:34.852+0300][7.659s][info][gc] GC(241) Pause Young (Allocation Failure) 271M->136M(494M) 0.318ms
[2020-08-08T13:29:34.874+0300][7.680s][info][gc] GC(242) Pause Young (Allocation Failure) 271M->136M(494M) 0.244ms
[2020-08-08T13:29:34.894+0300][7.701s][info][gc] GC(243) Pause Young (Allocation Failure) 271M->136M(494M) 0.273ms
[2020-08-08T13:29:34.915+0300][7.721s][info][gc] GC(244) Pause Young (Allocation Failure) 271M->136M(494M) 0.398ms
[2020-08-08T13:29:34.939+0300][7.746s][info][gc] GC(245) Pause Young (Allocation Failure) 271M->136M(494M) 0.232ms
[2020-08-08T13:29:34.962+0300][7.768s][info][gc] GC(246) Pause Young (Allocation Failure) 271M->136M(494M) 0.425ms
[2020-08-08T13:29:34.989+0300][7.795s][info][gc] GC(247) Pause Young (Allocation Failure) 271M->136M(494M) 0.316ms
[2020-08-08T13:29:35.012+0300][7.819s][info][gc] GC(248) Pause Young (Allocation Failure) 271M->136M(494M) 0.335ms
[2020-08-08T13:29:35.035+0300][7.842s][info][gc] GC(249) Pause Young (Allocation Failure) 271M->136M(494M) 0.243ms
[2020-08-08T13:29:35.058+0300][7.864s][info][gc] GC(250) Pause Young (Allocation Failure) 271M->136M(494M) 0.279ms
[2020-08-08T13:29:35.080+0300][7.887s][info][gc] GC(251) Pause Young (Allocation Failure) 271M->136M(494M) 0.250ms
[2020-08-08T13:29:35.102+0300][7.908s][info][gc] GC(252) Pause Young (Allocation Failure) 271M->136M(494M) 0.346ms
[2020-08-08T13:29:35.124+0300][7.930s][info][gc] GC(253) Pause Young (Allocation Failure) 271M->136M(494M) 0.257ms
[2020-08-08T13:29:35.145+0300][7.952s][info][gc] GC(254) Pause Young (Allocation Failure) 271M->136M(494M) 0.252ms
[2020-08-08T13:29:35.169+0300][7.975s][info][gc] GC(255) Pause Young (Allocation Failure) 271M->136M(494M) 0.490ms
[2020-08-08T13:29:35.194+0300][8.000s][info][gc] GC(256) Pause Young (Allocation Failure) 271M->136M(494M) 0.259ms
[2020-08-08T13:29:35.217+0300][8.023s][info][gc] GC(257) Pause Young (Allocation Failure) 271M->136M(494M) 0.338ms
[2020-08-08T13:29:35.241+0300][8.048s][info][gc] GC(258) Pause Young (Allocation Failure) 271M->136M(494M) 0.255ms
[2020-08-08T13:29:35.263+0300][8.070s][info][gc] GC(259) Pause Young (Allocation Failure) 271M->136M(494M) 0.254ms
[2020-08-08T13:29:35.284+0300][8.090s][info][gc] GC(260) Pause Young (Allocation Failure) 271M->136M(494M) 0.254ms
[2020-08-08T13:29:35.305+0300][8.111s][info][gc] GC(261) Pause Young (Allocation Failure) 271M->136M(494M) 0.315ms
[2020-08-08T13:29:35.326+0300][8.132s][info][gc] GC(262) Pause Young (Allocation Failure) 271M->136M(494M) 0.256ms
[2020-08-08T13:29:35.346+0300][8.152s][info][gc] GC(263) Pause Young (Allocation Failure) 271M->136M(494M) 0.251ms
[2020-08-08T13:29:35.367+0300][8.174s][info][gc] GC(264) Pause Young (Allocation Failure) 271M->136M(494M) 0.251ms
[2020-08-08T13:29:35.390+0300][8.196s][info][gc] GC(265) Pause Young (Allocation Failure) 271M->136M(494M) 0.455ms
[2020-08-08T13:29:35.414+0300][8.220s][info][gc] GC(266) Pause Young (Allocation Failure) 271M->136M(494M) 0.251ms
[2020-08-08T13:29:35.440+0300][8.246s][info][gc] GC(267) Pause Young (Allocation Failure) 271M->136M(494M) 0.235ms
[2020-08-08T13:29:35.462+0300][8.269s][info][gc] GC(268) Pause Young (Allocation Failure) 271M->136M(494M) 0.243ms
[2020-08-08T13:29:35.488+0300][8.295s][info][gc] GC(269) Pause Young (Allocation Failure) 271M->136M(494M) 0.377ms
[2020-08-08T13:29:35.509+0300][8.315s][info][gc] GC(270) Pause Young (Allocation Failure) 271M->136M(494M) 0.242ms
[2020-08-08T13:29:35.530+0300][8.336s][info][gc] GC(271) Pause Young (Allocation Failure) 271M->136M(494M) 0.250ms
[2020-08-08T13:29:35.551+0300][8.358s][info][gc] GC(272) Pause Young (Allocation Failure) 271M->136M(494M) 0.237ms
[2020-08-08T13:29:35.573+0300][8.379s][info][gc] GC(273) Pause Young (Allocation Failure) 271M->136M(494M) 0.235ms
[2020-08-08T13:29:35.594+0300][8.401s][info][gc] GC(274) Pause Young (Allocation Failure) 271M->136M(494M) 0.253ms
[2020-08-08T13:29:35.619+0300][8.425s][info][gc] GC(275) Pause Young (Allocation Failure) 271M->136M(494M) 0.484ms
[2020-08-08T13:29:35.646+0300][8.452s][info][gc] GC(276) Pause Young (Allocation Failure) 271M->136M(494M) 0.238ms
[2020-08-08T13:29:35.670+0300][8.477s][info][gc] GC(277) Pause Young (Allocation Failure) 271M->136M(494M) 0.244ms
[2020-08-08T13:29:35.698+0300][8.505s][info][gc] GC(278) Pause Young (Allocation Failure) 271M->136M(494M) 0.413ms
[2020-08-08T13:29:35.719+0300][8.526s][info][gc] GC(279) Pause Young (Allocation Failure) 271M->136M(494M) 0.279ms
[2020-08-08T13:29:35.740+0300][8.547s][info][gc] GC(280) Pause Young (Allocation Failure) 271M->136M(494M) 0.238ms
[2020-08-08T13:29:35.760+0300][8.566s][info][gc] GC(281) Pause Young (Allocation Failure) 271M->136M(494M) 0.251ms
[2020-08-08T13:29:35.781+0300][8.588s][info][gc] GC(282) Pause Young (Allocation Failure) 271M->136M(494M) 0.257ms
[2020-08-08T13:29:35.803+0300][8.609s][info][gc] GC(283) Pause Young (Allocation Failure) 271M->136M(494M) 0.239ms
[2020-08-08T13:29:35.827+0300][8.633s][info][gc] GC(284) Pause Young (Allocation Failure) 271M->136M(494M) 0.236ms
[2020-08-08T13:29:35.849+0300][8.656s][info][gc] GC(285) Pause Young (Allocation Failure) 271M->136M(494M) 0.239ms
[2020-08-08T13:29:35.874+0300][8.681s][info][gc] GC(286) Pause Young (Allocation Failure) 271M->136M(494M) 0.241ms
[2020-08-08T13:29:35.897+0300][8.704s][info][gc] GC(287) Pause Young (Allocation Failure) 271M->136M(494M) 0.238ms
[2020-08-08T13:29:35.921+0300][8.728s][info][gc] GC(288) Pause Young (Allocation Failure) 271M->136M(494M) 0.347ms
[2020-08-08T13:29:35.943+0300][8.749s][info][gc] GC(289) Pause Young (Allocation Failure) 271M->136M(494M) 0.247ms
[2020-08-08T13:29:35.963+0300][8.769s][info][gc] GC(290) Pause Young (Allocation Failure) 271M->136M(494M) 0.238ms
[2020-08-08T13:29:35.984+0300][8.791s][info][gc] GC(291) Pause Young (Allocation Failure) 271M->136M(494M) 0.246ms
[2020-08-08T13:29:36.005+0300][8.812s][info][gc] GC(292) Pause Young (Allocation Failure) 271M->136M(494M) 0.234ms
[2020-08-08T13:29:36.026+0300][8.833s][info][gc] GC(293) Pause Young (Allocation Failure) 271M->136M(494M) 0.239ms
[2020-08-08T13:29:36.048+0300][8.855s][info][gc] GC(294) Pause Young (Allocation Failure) 271M->136M(494M) 0.275ms
[2020-08-08T13:29:36.073+0300][8.879s][info][gc] GC(295) Pause Young (Allocation Failure) 271M->136M(494M) 0.630ms
[2020-08-08T13:29:36.098+0300][8.905s][info][gc] GC(296) Pause Young (Allocation Failure) 271M->136M(494M) 0.305ms
[2020-08-08T13:29:36.126+0300][8.933s][info][gc] GC(297) Pause Young (Allocation Failure) 271M->136M(494M) 0.268ms
[2020-08-08T13:29:36.152+0300][8.959s][info][gc] GC(298) Pause Young (Allocation Failure) 271M->136M(494M) 0.251ms
[2020-08-08T13:29:36.173+0300][8.980s][info][gc] GC(299) Pause Young (Allocation Failure) 271M->136M(494M) 0.255ms
[2020-08-08T13:29:36.194+0300][9.001s][info][gc] GC(300) Pause Young (Allocation Failure) 271M->136M(494M) 0.252ms
[2020-08-08T13:29:36.214+0300][9.021s][info][gc] GC(301) Pause Young (Allocation Failure) 271M->136M(494M) 0.255ms
[2020-08-08T13:29:36.236+0300][9.042s][info][gc] GC(302) Pause Young (Allocation Failure) 271M->136M(494M) 0.259ms
[2020-08-08T13:29:36.255+0300][9.062s][info][gc] GC(303) Pause Young (Allocation Failure) 271M->136M(494M) 0.261ms
[2020-08-08T13:29:36.280+0300][9.086s][info][gc] GC(304) Pause Young (Allocation Failure) 271M->136M(494M) 0.272ms
[2020-08-08T13:29:36.302+0300][9.109s][info][gc] GC(305) Pause Young (Allocation Failure) 271M->136M(494M) 0.260ms
[2020-08-08T13:29:36.327+0300][9.134s][info][gc] GC(306) Pause Young (Allocation Failure) 271M->136M(494M) 0.261ms
[2020-08-08T13:29:36.350+0300][9.156s][info][gc] GC(307) Pause Young (Allocation Failure) 271M->136M(494M) 0.260ms
[2020-08-08T13:29:36.373+0300][9.180s][info][gc] GC(308) Pause Young (Allocation Failure) 271M->136M(494M) 0.256ms
[2020-08-08T13:29:36.394+0300][9.201s][info][gc] GC(309) Pause Young (Allocation Failure) 271M->136M(494M) 0.260ms
[2020-08-08T13:29:36.416+0300][9.222s][info][gc] GC(310) Pause Young (Allocation Failure) 271M->136M(494M) 0.267ms
[2020-08-08T13:29:36.437+0300][9.243s][info][gc] GC(311) Pause Young (Allocation Failure) 271M->136M(494M) 0.280ms
[2020-08-08T13:29:36.457+0300][9.264s][info][gc] GC(312) Pause Young (Allocation Failure) 271M->136M(494M) 0.251ms
[2020-08-08T13:29:36.478+0300][9.285s][info][gc] GC(313) Pause Young (Allocation Failure) 271M->136M(494M) 0.235ms
[2020-08-08T13:29:36.501+0300][9.307s][info][gc] GC(314) Pause Young (Allocation Failure) 271M->136M(494M) 0.244ms
[2020-08-08T13:29:36.525+0300][9.331s][info][gc] GC(315) Pause Young (Allocation Failure) 271M->136M(494M) 0.239ms
[2020-08-08T13:29:36.548+0300][9.354s][info][gc] GC(316) Pause Young (Allocation Failure) 271M->136M(494M) 0.258ms
[2020-08-08T13:29:36.576+0300][9.382s][info][gc] GC(317) Pause Young (Allocation Failure) 271M->136M(494M) 0.243ms
[2020-08-08T13:29:36.599+0300][9.406s][info][gc] GC(318) Pause Young (Allocation Failure) 271M->136M(494M) 0.380ms
[2020-08-08T13:29:36.622+0300][9.428s][info][gc] GC(319) Pause Young (Allocation Failure) 271M->136M(494M) 0.287ms
[2020-08-08T13:29:36.646+0300][9.452s][info][gc] GC(320) Pause Young (Allocation Failure) 271M->136M(494M) 0.371ms
[2020-08-08T13:29:36.666+0300][9.472s][info][gc] GC(321) Pause Young (Allocation Failure) 271M->136M(494M) 0.241ms
[2020-08-08T13:29:36.686+0300][9.493s][info][gc] GC(322) Pause Young (Allocation Failure) 271M->136M(494M) 0.239ms
[2020-08-08T13:29:36.710+0300][9.517s][info][gc] GC(323) Pause Young (Allocation Failure) 271M->136M(494M) 0.367ms
[2020-08-08T13:29:36.733+0300][9.539s][info][gc] GC(324) Pause Young (Allocation Failure) 271M->136M(494M) 0.255ms
[2020-08-08T13:29:36.756+0300][9.563s][info][gc] GC(325) Pause Young (Allocation Failure) 271M->136M(494M) 0.311ms
[2020-08-08T13:29:36.790+0300][9.596s][info][gc] GC(326) Pause Young (Allocation Failure) 271M->136M(494M) 0.440ms
[2020-08-08T13:29:36.817+0300][9.624s][info][gc] GC(327) Pause Young (Allocation Failure) 271M->136M(494M) 0.237ms
[2020-08-08T13:29:36.837+0300][9.644s][info][gc] GC(328) Pause Young (Allocation Failure) 271M->136M(494M) 0.373ms
[2020-08-08T13:29:36.859+0300][9.665s][info][gc] GC(329) Pause Young (Allocation Failure) 271M->136M(494M) 0.236ms
[2020-08-08T13:29:36.879+0300][9.686s][info][gc] GC(330) Pause Young (Allocation Failure) 271M->136M(494M) 0.235ms
[2020-08-08T13:29:36.900+0300][9.706s][info][gc] GC(331) Pause Young (Allocation Failure) 271M->136M(494M) 0.239ms
[2020-08-08T13:29:36.920+0300][9.727s][info][gc] GC(332) Pause Young (Allocation Failure) 271M->136M(494M) 0.241ms
[2020-08-08T13:29:36.945+0300][9.751s][info][gc] GC(333) Pause Young (Allocation Failure) 271M->136M(494M) 0.289ms
[2020-08-08T13:29:36.967+0300][9.773s][info][gc] GC(334) Pause Young (Allocation Failure) 271M->136M(494M) 0.281ms
[2020-08-08T13:29:36.993+0300][9.800s][info][gc] GC(335) Pause Young (Allocation Failure) 271M->136M(494M) 0.235ms
[2020-08-08T13:29:37.015+0300][9.822s][info][gc] GC(336) Pause Young (Allocation Failure) 271M->136M(494M) 0.241ms
[2020-08-08T13:29:37.041+0300][9.847s][info][gc] GC(337) Pause Young (Allocation Failure) 271M->136M(494M) 0.243ms
[2020-08-08T13:29:37.063+0300][9.869s][info][gc] GC(338) Pause Young (Allocation Failure) 271M->136M(494M) 0.349ms
[2020-08-08T13:29:37.085+0300][9.892s][info][gc] GC(339) Pause Young (Allocation Failure) 271M->136M(494M) 0.281ms
[2020-08-08T13:29:37.114+0300][9.921s][info][gc] GC(340) Pause Young (Allocation Failure) 271M->136M(494M) 0.259ms
[2020-08-08T13:29:37.146+0300][9.953s][info][gc] GC(341) Pause Young (Allocation Failure) 271M->136M(494M) 0.291ms
[2020-08-08T13:29:37.174+0300][9.981s][info][gc] GC(342) Pause Young (Allocation Failure) 271M->136M(494M) 0.280ms
[2020-08-08T13:29:37.198+0300][10.004s][info][gc] GC(343) Pause Young (Allocation Failure) 271M->136M(494M) 0.351ms
[2020-08-08T13:29:37.223+0300][10.030s][info][gc] GC(344) Pause Young (Allocation Failure) 271M->136M(494M) 0.269ms
[2020-08-08T13:29:37.248+0300][10.054s][info][gc] GC(345) Pause Young (Allocation Failure) 271M->136M(494M) 0.322ms
[2020-08-08T13:29:37.273+0300][10.079s][info][gc] GC(346) Pause Young (Allocation Failure) 271M->136M(494M) 0.283ms
[2020-08-08T13:29:37.294+0300][10.101s][info][gc] GC(347) Pause Young (Allocation Failure) 271M->136M(494M) 0.259ms
[2020-08-08T13:29:37.318+0300][10.124s][info][gc] GC(348) Pause Young (Allocation Failure) 271M->136M(494M) 0.330ms
[2020-08-08T13:29:37.338+0300][10.144s][info][gc] GC(349) Pause Young (Allocation Failure) 271M->136M(494M) 0.278ms
[2020-08-08T13:29:37.360+0300][10.167s][info][gc] GC(350) Pause Young (Allocation Failure) 271M->136M(494M) 0.296ms
[2020-08-08T13:29:37.382+0300][10.188s][info][gc] GC(351) Pause Young (Allocation Failure) 271M->136M(494M) 0.308ms
[2020-08-08T13:29:37.409+0300][10.216s][info][gc] GC(352) Pause Young (Allocation Failure) 271M->136M(494M) 0.268ms
[2020-08-08T13:29:37.434+0300][10.240s][info][gc] GC(353) Pause Young (Allocation Failure) 271M->136M(494M) 0.275ms
[2020-08-08T13:29:37.460+0300][10.266s][info][gc] GC(354) Pause Young (Allocation Failure) 271M->136M(494M) 0.260ms
[2020-08-08T13:29:37.484+0300][10.290s][info][gc] GC(355) Pause Young (Allocation Failure) 271M->136M(494M) 0.435ms
[2020-08-08T13:29:37.507+0300][10.314s][info][gc] GC(356) Pause Young (Allocation Failure) 271M->136M(494M) 0.241ms
[2020-08-08T13:29:37.528+0300][10.334s][info][gc] GC(357) Pause Young (Allocation Failure) 271M->136M(494M) 0.278ms
[2020-08-08T13:29:37.550+0300][10.356s][info][gc] GC(358) Pause Young (Allocation Failure) 271M->136M(494M) 0.238ms
[2020-08-08T13:29:37.570+0300][10.377s][info][gc] GC(359) Pause Young (Allocation Failure) 271M->136M(494M) 0.240ms
[2020-08-08T13:29:37.592+0300][10.399s][info][gc] GC(360) Pause Young (Allocation Failure) 271M->136M(494M) 0.254ms
[2020-08-08T13:29:37.615+0300][10.422s][info][gc] GC(361) Pause Young (Allocation Failure) 271M->136M(494M) 0.258ms
[2020-08-08T13:29:37.643+0300][10.450s][info][gc] GC(362) Pause Young (Allocation Failure) 271M->136M(494M) 0.246ms
[2020-08-08T13:29:37.665+0300][10.472s][info][gc] GC(363) Pause Young (Allocation Failure) 271M->136M(494M) 0.260ms
[2020-08-08T13:29:37.691+0300][10.497s][info][gc] GC(364) Pause Young (Allocation Failure) 271M->136M(494M) 0.278ms
[2020-08-08T13:29:37.716+0300][10.522s][info][gc] GC(365) Pause Young (Allocation Failure) 271M->136M(494M) 0.236ms
[2020-08-08T13:29:37.741+0300][10.547s][info][gc] GC(366) Pause Young (Allocation Failure) 271M->136M(494M) 0.321ms
[2020-08-08T13:29:37.762+0300][10.569s][info][gc] GC(367) Pause Young (Allocation Failure) 271M->136M(494M) 0.241ms
[2020-08-08T13:29:37.785+0300][10.592s][info][gc] GC(368) Pause Young (Allocation Failure) 271M->136M(494M) 0.240ms
[2020-08-08T13:29:37.808+0300][10.614s][info][gc] GC(369) Pause Young (Allocation Failure) 271M->136M(494M) 0.238ms
[2020-08-08T13:29:37.829+0300][10.636s][info][gc] GC(370) Pause Young (Allocation Failure) 271M->136M(494M) 0.242ms
[2020-08-08T13:29:37.852+0300][10.658s][info][gc] GC(371) Pause Young (Allocation Failure) 271M->136M(494M) 0.246ms
[2020-08-08T13:29:37.880+0300][10.686s][info][gc] GC(372) Pause Young (Allocation Failure) 271M->136M(494M) 0.262ms
[2020-08-08T13:29:37.907+0300][10.714s][info][gc] GC(373) Pause Young (Allocation Failure) 271M->136M(494M) 0.405ms
[2020-08-08T13:29:37.935+0300][10.741s][info][gc] GC(374) Pause Young (Allocation Failure) 271M->136M(494M) 0.290ms
[2020-08-08T13:29:37.962+0300][10.769s][info][gc] GC(375) Pause Young (Allocation Failure) 271M->136M(494M) 0.237ms
[2020-08-08T13:29:37.986+0300][10.792s][info][gc] GC(376) Pause Young (Allocation Failure) 271M->136M(494M) 0.257ms
[2020-08-08T13:29:38.007+0300][10.813s][info][gc] GC(377) Pause Young (Allocation Failure) 271M->136M(494M) 0.243ms
[2020-08-08T13:29:38.028+0300][10.834s][info][gc] GC(378) Pause Young (Allocation Failure) 271M->136M(494M) 0.294ms
[2020-08-08T13:29:38.049+0300][10.856s][info][gc] GC(379) Pause Young (Allocation Failure) 271M->136M(494M) 0.234ms
[2020-08-08T13:29:38.070+0300][10.876s][info][gc] GC(380) Pause Young (Allocation Failure) 271M->136M(494M) 0.230ms
[2020-08-08T13:29:38.090+0300][10.897s][info][gc] GC(381) Pause Young (Allocation Failure) 271M->136M(494M) 0.234ms
[2020-08-08T13:29:38.122+0300][10.928s][info][gc] GC(382) Pause Young (Allocation Failure) 271M->136M(494M) 0.515ms
[2020-08-08T13:29:38.149+0300][10.955s][info][gc] GC(383) Pause Young (Allocation Failure) 271M->136M(494M) 0.254ms
[2020-08-08T13:29:38.175+0300][10.981s][info][gc] GC(384) Pause Young (Allocation Failure) 271M->136M(494M) 0.243ms
[2020-08-08T13:29:38.197+0300][11.004s][info][gc] GC(385) Pause Young (Allocation Failure) 271M->136M(494M) 0.249ms
[2020-08-08T13:29:38.218+0300][11.024s][info][gc] GC(386) Pause Young (Allocation Failure) 271M->136M(494M) 0.241ms
[2020-08-08T13:29:38.239+0300][11.046s][info][gc] GC(387) Pause Young (Allocation Failure) 271M->136M(494M) 0.244ms
[2020-08-08T13:29:38.259+0300][11.066s][info][gc] GC(388) Pause Young (Allocation Failure) 271M->136M(494M) 0.245ms
[2020-08-08T13:29:38.281+0300][11.087s][info][gc] GC(389) Pause Young (Allocation Failure) 271M->136M(494M) 0.249ms
[2020-08-08T13:29:38.302+0300][11.108s][info][gc] GC(390) Pause Young (Allocation Failure) 271M->136M(494M) 0.252ms
[2020-08-08T13:29:38.323+0300][11.129s][info][gc] GC(391) Pause Young (Allocation Failure) 271M->136M(494M) 0.245ms
[2020-08-08T13:29:38.348+0300][11.155s][info][gc] GC(392) Pause Young (Allocation Failure) 271M->136M(494M) 0.247ms
[2020-08-08T13:29:38.374+0300][11.180s][info][gc] GC(393) Pause Young (Allocation Failure) 271M->136M(494M) 0.345ms
[2020-08-08T13:29:38.399+0300][11.206s][info][gc] GC(394) Pause Young (Allocation Failure) 271M->136M(494M) 0.254ms
[2020-08-08T13:29:38.427+0300][11.233s][info][gc] GC(395) Pause Young (Allocation Failure) 271M->136M(494M) 0.244ms
[2020-08-08T13:29:38.450+0300][11.256s][info][gc] GC(396) Pause Young (Allocation Failure) 271M->136M(494M) 0.246ms
[2020-08-08T13:29:38.472+0300][11.279s][info][gc] GC(397) Pause Young (Allocation Failure) 271M->136M(494M) 0.313ms
[2020-08-08T13:29:38.493+0300][11.300s][info][gc] GC(398) Pause Young (Allocation Failure) 271M->136M(494M) 0.246ms
[2020-08-08T13:29:38.514+0300][11.320s][info][gc] GC(399) Pause Young (Allocation Failure) 271M->136M(494M) 0.251ms
[2020-08-08T13:29:38.535+0300][11.341s][info][gc] GC(400) Pause Young (Allocation Failure) 271M->136M(494M) 0.242ms
[2020-08-08T13:29:38.556+0300][11.362s][info][gc] GC(401) Pause Young (Allocation Failure) 271M->136M(494M) 0.237ms
[2020-08-08T13:29:38.582+0300][11.388s][info][gc] GC(402) Pause Young (Allocation Failure) 271M->136M(494M) 0.245ms
[2020-08-08T13:29:38.608+0300][11.414s][info][gc] GC(403) Pause Young (Allocation Failure) 271M->136M(494M) 0.278ms
[2020-08-08T13:29:38.636+0300][11.442s][info][gc] GC(404) Pause Young (Allocation Failure) 271M->136M(494M) 0.412ms
[2020-08-08T13:29:38.660+0300][11.467s][info][gc] GC(405) Pause Young (Allocation Failure) 271M->136M(494M) 0.245ms
[2020-08-08T13:29:38.683+0300][11.490s][info][gc] GC(406) Pause Young (Allocation Failure) 271M->136M(494M) 0.241ms
[2020-08-08T13:29:38.705+0300][11.511s][info][gc] GC(407) Pause Young (Allocation Failure) 271M->136M(494M) 0.352ms
[2020-08-08T13:29:38.729+0300][11.535s][info][gc] GC(408) Pause Young (Allocation Failure) 271M->136M(494M) 0.282ms
[2020-08-08T13:29:38.751+0300][11.557s][info][gc] GC(409) Pause Young (Allocation Failure) 271M->136M(494M) 0.241ms
[2020-08-08T13:29:38.772+0300][11.579s][info][gc] GC(410) Pause Young (Allocation Failure) 271M->136M(494M) 0.240ms
[2020-08-08T13:29:38.795+0300][11.601s][info][gc] GC(411) Pause Young (Allocation Failure) 271M->136M(494M) 0.322ms
[2020-08-08T13:29:38.820+0300][11.626s][info][gc] GC(412) Pause Young (Allocation Failure) 271M->136M(494M) 0.244ms
[2020-08-08T13:29:38.846+0300][11.653s][info][gc] GC(413) Pause Young (Allocation Failure) 271M->136M(494M) 0.277ms
[2020-08-08T13:29:38.873+0300][11.679s][info][gc] GC(414) Pause Young (Allocation Failure) 271M->136M(494M) 0.518ms
[2020-08-08T13:29:38.898+0300][11.704s][info][gc] GC(415) Pause Young (Allocation Failure) 271M->136M(494M) 0.279ms
[2020-08-08T13:29:38.922+0300][11.728s][info][gc] GC(416) Pause Young (Allocation Failure) 271M->136M(494M) 0.262ms
[2020-08-08T13:29:38.946+0300][11.752s][info][gc] GC(417) Pause Young (Allocation Failure) 271M->136M(494M) 0.341ms
[2020-08-08T13:29:38.969+0300][11.775s][info][gc] GC(418) Pause Young (Allocation Failure) 271M->136M(494M) 0.279ms
[2020-08-08T13:29:38.993+0300][11.800s][info][gc] GC(419) Pause Young (Allocation Failure) 271M->136M(494M) 0.273ms
[2020-08-08T13:29:39.018+0300][11.825s][info][gc] GC(420) Pause Young (Allocation Failure) 271M->136M(494M) 0.261ms
[2020-08-08T13:29:39.039+0300][11.845s][info][gc] GC(421) Pause Young (Allocation Failure) 271M->136M(494M) 0.310ms
[2020-08-08T13:29:39.064+0300][11.871s][info][gc] GC(422) Pause Young (Allocation Failure) 271M->136M(494M) 0.253ms
[2020-08-08T13:29:39.087+0300][11.894s][info][gc] GC(423) Pause Young (Allocation Failure) 271M->136M(494M) 0.559ms
[2020-08-08T13:29:39.115+0300][11.921s][info][gc] GC(424) Pause Young (Allocation Failure) 271M->136M(494M) 0.262ms
[2020-08-08T13:29:39.140+0300][11.947s][info][gc] GC(425) Pause Young (Allocation Failure) 271M->136M(494M) 0.249ms
[2020-08-08T13:29:39.161+0300][11.968s][info][gc] GC(426) Pause Young (Allocation Failure) 271M->136M(494M) 0.246ms
[2020-08-08T13:29:39.183+0300][11.989s][info][gc] GC(427) Pause Young (Allocation Failure) 271M->136M(494M) 0.321ms
[2020-08-08T13:29:39.204+0300][12.011s][info][gc] GC(428) Pause Young (Allocation Failure) 271M->136M(494M) 0.292ms
[2020-08-08T13:29:39.226+0300][12.033s][info][gc] GC(429) Pause Young (Allocation Failure) 271M->136M(494M) 0.278ms
[2020-08-08T13:29:39.252+0300][12.059s][info][gc] GC(430) Pause Young (Allocation Failure) 271M->136M(494M) 0.245ms
[2020-08-08T13:29:39.280+0300][12.086s][info][gc] GC(431) Pause Young (Allocation Failure) 271M->136M(494M) 0.264ms
[2020-08-08T13:29:39.306+0300][12.112s][info][gc] GC(432) Pause Young (Allocation Failure) 271M->136M(494M) 0.632ms
[2020-08-08T13:29:39.332+0300][12.139s][info][gc] GC(433) Pause Young (Allocation Failure) 271M->136M(494M) 0.241ms
[2020-08-08T13:29:39.357+0300][12.163s][info][gc] GC(434) Pause Young (Allocation Failure) 271M->136M(494M) 0.288ms
[2020-08-08T13:29:39.379+0300][12.186s][info][gc] GC(435) Pause Young (Allocation Failure) 271M->136M(494M) 0.250ms
[2020-08-08T13:29:39.404+0300][12.210s][info][gc] GC(436) Pause Young (Allocation Failure) 271M->136M(494M) 0.302ms
[2020-08-08T13:29:39.428+0300][12.234s][info][gc] GC(437) Pause Young (Allocation Failure) 271M->136M(494M) 0.294ms
[2020-08-08T13:29:39.452+0300][12.259s][info][gc] GC(438) Pause Young (Allocation Failure) 271M->136M(494M) 0.245ms
[2020-08-08T13:29:39.477+0300][12.283s][info][gc] GC(439) Pause Young (Allocation Failure) 271M->136M(494M) 0.257ms
[2020-08-08T13:29:39.500+0300][12.306s][info][gc] GC(440) Pause Young (Allocation Failure) 271M->136M(494M) 0.238ms
[2020-08-08T13:29:39.522+0300][12.328s][info][gc] GC(441) Pause Young (Allocation Failure) 271M->136M(494M) 0.347ms
[2020-08-08T13:29:39.544+0300][12.351s][info][gc] GC(442) Pause Young (Allocation Failure) 271M->136M(494M) 0.254ms
[2020-08-08T13:29:39.568+0300][12.374s][info][gc] GC(443) Pause Young (Allocation Failure) 271M->136M(494M) 0.241ms
[2020-08-08T13:29:39.591+0300][12.397s][info][gc] GC(444) Pause Young (Allocation Failure) 271M->136M(494M) 0.232ms
[2020-08-08T13:29:39.613+0300][12.420s][info][gc] GC(445) Pause Young (Allocation Failure) 271M->136M(494M) 0.239ms
[2020-08-08T13:29:39.643+0300][12.450s][info][gc] GC(446) Pause Young (Allocation Failure) 271M->136M(494M) 0.234ms
[2020-08-08T13:29:39.668+0300][12.474s][info][gc] GC(447) Pause Young (Allocation Failure) 271M->136M(494M) 0.232ms
[2020-08-08T13:29:39.694+0300][12.500s][info][gc] GC(448) Pause Young (Allocation Failure) 271M->136M(494M) 0.273ms
[2020-08-08T13:29:39.719+0300][12.525s][info][gc] GC(449) Pause Young (Allocation Failure) 271M->136M(494M) 0.281ms
[2020-08-08T13:29:39.747+0300][12.554s][info][gc] GC(450) Pause Young (Allocation Failure) 271M->136M(494M) 0.241ms
[2020-08-08T13:29:39.768+0300][12.575s][info][gc] GC(451) Pause Young (Allocation Failure) 271M->136M(494M) 0.247ms
[2020-08-08T13:29:39.791+0300][12.598s][info][gc] GC(452) Pause Young (Allocation Failure) 271M->136M(494M) 0.240ms
[2020-08-08T13:29:39.813+0300][12.619s][info][gc] GC(453) Pause Young (Allocation Failure) 271M->136M(494M) 0.242ms
[2020-08-08T13:29:39.834+0300][12.640s][info][gc] GC(454) Pause Young (Allocation Failure) 271M->136M(494M) 0.235ms
[2020-08-08T13:29:39.858+0300][12.664s][info][gc] GC(455) Pause Young (Allocation Failure) 271M->136M(494M) 0.234ms
[2020-08-08T13:29:39.880+0300][12.686s][info][gc] GC(456) Pause Young (Allocation Failure) 271M->136M(494M) 0.236ms
[2020-08-08T13:29:39.905+0300][12.711s][info][gc] GC(457) Pause Young (Allocation Failure) 271M->136M(494M) 0.330ms
[2020-08-08T13:29:39.929+0300][12.736s][info][gc] GC(458) Pause Young (Allocation Failure) 271M->136M(494M) 0.394ms
[2020-08-08T13:29:39.952+0300][12.759s][info][gc] GC(459) Pause Young (Allocation Failure) 271M->136M(494M) 0.240ms
[2020-08-08T13:29:39.975+0300][12.781s][info][gc] GC(460) Pause Young (Allocation Failure) 271M->136M(494M) 0.244ms
[2020-08-08T13:29:39.997+0300][12.803s][info][gc] GC(461) Pause Young (Allocation Failure) 271M->136M(494M) 0.290ms
[2020-08-08T13:29:40.017+0300][12.824s][info][gc] GC(462) Pause Young (Allocation Failure) 271M->136M(494M) 0.243ms
[2020-08-08T13:29:40.039+0300][12.846s][info][gc] GC(463) Pause Young (Allocation Failure) 271M->136M(494M) 0.243ms
[2020-08-08T13:29:40.061+0300][12.868s][info][gc] GC(464) Pause Young (Allocation Failure) 271M->136M(494M) 0.237ms
[2020-08-08T13:29:40.086+0300][12.892s][info][gc] GC(465) Pause Young (Allocation Failure) 271M->136M(494M) 0.249ms
[2020-08-08T13:29:40.110+0300][12.917s][info][gc] GC(466) Pause Young (Allocation Failure) 271M->136M(494M) 0.237ms
[2020-08-08T13:29:40.142+0300][12.949s][info][gc] GC(467) Pause Young (Allocation Failure) 271M->136M(494M) 0.340ms
[2020-08-08T13:29:40.168+0300][12.974s][info][gc] GC(468) Pause Young (Allocation Failure) 271M->136M(494M) 0.269ms
[2020-08-08T13:29:40.191+0300][12.997s][info][gc] GC(469) Pause Young (Allocation Failure) 271M->136M(494M) 0.263ms
[2020-08-08T13:29:40.211+0300][13.017s][info][gc] GC(470) Pause Young (Allocation Failure) 271M->136M(494M) 0.261ms
[2020-08-08T13:29:40.232+0300][13.038s][info][gc] GC(471) Pause Young (Allocation Failure) 271M->136M(494M) 0.256ms
[2020-08-08T13:29:40.253+0300][13.060s][info][gc] GC(472) Pause Young (Allocation Failure) 271M->136M(494M) 0.260ms
[2020-08-08T13:29:40.274+0300][13.081s][info][gc] GC(473) Pause Young (Allocation Failure) 271M->136M(494M) 0.260ms
[2020-08-08T13:29:40.294+0300][13.101s][info][gc] GC(474) Pause Young (Allocation Failure) 271M->136M(494M) 0.280ms
[2020-08-08T13:29:40.319+0300][13.125s][info][gc] GC(475) Pause Young (Allocation Failure) 271M->136M(494M) 0.268ms
[2020-08-08T13:29:40.343+0300][13.149s][info][gc] GC(476) Pause Young (Allocation Failure) 271M->136M(494M) 0.263ms
[2020-08-08T13:29:40.368+0300][13.175s][info][gc] GC(477) Pause Young (Allocation Failure) 271M->136M(494M) 0.257ms
[2020-08-08T13:29:40.391+0300][13.197s][info][gc] GC(478) Pause Young (Allocation Failure) 271M->136M(494M) 0.266ms
[2020-08-08T13:29:40.415+0300][13.221s][info][gc] GC(479) Pause Young (Allocation Failure) 271M->136M(494M) 0.267ms
[2020-08-08T13:29:40.436+0300][13.242s][info][gc] GC(480) Pause Young (Allocation Failure) 271M->136M(494M) 0.260ms
[2020-08-08T13:29:40.457+0300][13.263s][info][gc] GC(481) Pause Young (Allocation Failure) 271M->136M(494M) 0.258ms
[2020-08-08T13:29:40.477+0300][13.284s][info][gc] GC(482) Pause Young (Allocation Failure) 271M->136M(494M) 0.262ms
[2020-08-08T13:29:40.498+0300][13.304s][info][gc] GC(483) Pause Young (Allocation Failure) 271M->136M(494M) 0.260ms
[2020-08-08T13:29:40.518+0300][13.325s][info][gc] GC(484) Pause Young (Allocation Failure) 271M->136M(494M) 0.281ms
[2020-08-08T13:29:40.540+0300][13.346s][info][gc] GC(485) Pause Young (Allocation Failure) 271M->136M(494M) 0.270ms
[2020-08-08T13:29:40.564+0300][13.370s][info][gc] GC(486) Pause Young (Allocation Failure) 271M->136M(494M) 0.254ms
[2020-08-08T13:29:40.590+0300][13.396s][info][gc] GC(487) Pause Young (Allocation Failure) 271M->136M(494M) 0.230ms
[2020-08-08T13:29:40.617+0300][13.424s][info][gc] GC(488) Pause Young (Allocation Failure) 271M->136M(494M) 0.394ms
[2020-08-08T13:29:40.646+0300][13.453s][info][gc] GC(489) Pause Young (Allocation Failure) 271M->136M(494M) 0.247ms
[2020-08-08T13:29:40.667+0300][13.473s][info][gc] GC(490) Pause Young (Allocation Failure) 271M->136M(494M) 0.241ms
[2020-08-08T13:29:40.691+0300][13.498s][info][gc] GC(491) Pause Young (Allocation Failure) 271M->136M(494M) 0.262ms
[2020-08-08T13:29:40.711+0300][13.518s][info][gc] GC(492) Pause Young (Allocation Failure) 271M->136M(494M) 0.237ms
[2020-08-08T13:29:40.732+0300][13.539s][info][gc] GC(493) Pause Young (Allocation Failure) 271M->136M(494M) 0.247ms
[2020-08-08T13:29:40.758+0300][13.564s][info][gc] GC(494) Pause Young (Allocation Failure) 271M->136M(494M) 0.246ms
[2020-08-08T13:29:40.780+0300][13.586s][info][gc] GC(495) Pause Young (Allocation Failure) 271M->136M(494M) 0.264ms
[2020-08-08T13:29:40.805+0300][13.612s][info][gc] GC(496) Pause Young (Allocation Failure) 271M->136M(494M) 0.395ms
[2020-08-08T13:29:40.828+0300][13.635s][info][gc] GC(497) Pause Young (Allocation Failure) 271M->136M(494M) 0.237ms
[2020-08-08T13:29:40.852+0300][13.659s][info][gc] GC(498) Pause Young (Allocation Failure) 271M->136M(494M) 0.236ms
[2020-08-08T13:29:40.874+0300][13.680s][info][gc] GC(499) Pause Young (Allocation Failure) 271M->136M(494M) 0.237ms
[2020-08-08T13:29:40.895+0300][13.701s][info][gc] GC(500) Pause Young (Allocation Failure) 271M->136M(494M) 0.237ms
[2020-08-08T13:29:40.915+0300][13.721s][info][gc] GC(501) Pause Young (Allocation Failure) 271M->136M(494M) 0.240ms
[2020-08-08T13:29:40.936+0300][13.742s][info][gc] GC(502) Pause Young (Allocation Failure) 271M->136M(494M) 0.259ms
[2020-08-08T13:29:40.957+0300][13.763s][info][gc] GC(503) Pause Young (Allocation Failure) 271M->136M(494M) 0.247ms
[2020-08-08T13:29:40.980+0300][13.787s][info][gc] GC(504) Pause Young (Allocation Failure) 271M->136M(494M) 0.263ms
[2020-08-08T13:29:41.004+0300][13.811s][info][gc] GC(505) Pause Young (Allocation Failure) 271M->136M(494M) 0.459ms
[2020-08-08T13:29:41.028+0300][13.834s][info][gc] GC(506) Pause Young (Allocation Failure) 271M->136M(494M) 0.236ms
[2020-08-08T13:29:41.052+0300][13.858s][info][gc] GC(507) Pause Young (Allocation Failure) 271M->136M(494M) 0.269ms
[2020-08-08T13:29:41.076+0300][13.882s][info][gc] GC(508) Pause Young (Allocation Failure) 271M->136M(494M) 0.239ms
[2020-08-08T13:29:41.097+0300][13.903s][info][gc] GC(509) Pause Young (Allocation Failure) 271M->136M(494M) 0.237ms
[2020-08-08T13:29:41.118+0300][13.924s][info][gc] GC(510) Pause Young (Allocation Failure) 271M->136M(494M) 0.241ms
[2020-08-08T13:29:41.140+0300][13.947s][info][gc] GC(511) Pause Young (Allocation Failure) 271M->136M(494M) 0.249ms
[2020-08-08T13:29:41.162+0300][13.969s][info][gc] GC(512) Pause Young (Allocation Failure) 271M->136M(494M) 0.251ms
[2020-08-08T13:29:41.183+0300][13.989s][info][gc] GC(513) Pause Young (Allocation Failure) 271M->136M(494M) 0.269ms
[2020-08-08T13:29:41.207+0300][14.013s][info][gc] GC(514) Pause Young (Allocation Failure) 271M->136M(494M) 0.269ms
[2020-08-08T13:29:41.231+0300][14.037s][info][gc] GC(515) Pause Young (Allocation Failure) 271M->136M(494M) 0.257ms
[2020-08-08T13:29:41.255+0300][14.061s][info][gc] GC(516) Pause Young (Allocation Failure) 271M->136M(494M) 0.417ms
[2020-08-08T13:29:41.279+0300][14.085s][info][gc] GC(517) Pause Young (Allocation Failure) 271M->136M(494M) 0.245ms
[2020-08-08T13:29:41.302+0300][14.108s][info][gc] GC(518) Pause Young (Allocation Failure) 271M->136M(494M) 0.268ms
[2020-08-08T13:29:41.323+0300][14.129s][info][gc] GC(519) Pause Young (Allocation Failure) 271M->136M(494M) 0.254ms
[2020-08-08T13:29:41.342+0300][14.149s][info][gc] GC(520) Pause Young (Allocation Failure) 271M->136M(494M) 0.268ms
[2020-08-08T13:29:41.364+0300][14.170s][info][gc] GC(521) Pause Young (Allocation Failure) 271M->136M(494M) 0.281ms
[2020-08-08T13:29:41.383+0300][14.190s][info][gc] GC(522) Pause Young (Allocation Failure) 271M->136M(494M) 0.246ms
[2020-08-08T13:29:41.405+0300][14.211s][info][gc] GC(523) Pause Young (Allocation Failure) 271M->136M(494M) 0.417ms
[2020-08-08T13:29:41.428+0300][14.234s][info][gc] GC(524) Pause Young (Allocation Failure) 271M->136M(494M) 0.264ms
[2020-08-08T13:29:41.452+0300][14.259s][info][gc] GC(525) Pause Young (Allocation Failure) 271M->136M(494M) 0.247ms
[2020-08-08T13:29:41.479+0300][14.285s][info][gc] GC(526) Pause Young (Allocation Failure) 271M->136M(494M) 0.284ms
[2020-08-08T13:29:41.504+0300][14.310s][info][gc] GC(527) Pause Young (Allocation Failure) 271M->136M(494M) 0.255ms
[2020-08-08T13:29:41.529+0300][14.336s][info][gc] GC(528) Pause Young (Allocation Failure) 271M->136M(494M) 0.235ms
[2020-08-08T13:29:41.552+0300][14.359s][info][gc] GC(529) Pause Young (Allocation Failure) 271M->136M(494M) 0.290ms
[2020-08-08T13:29:41.580+0300][14.386s][info][gc] GC(530) Pause Young (Allocation Failure) 271M->136M(494M) 0.251ms
[2020-08-08T13:29:41.607+0300][14.414s][info][gc] GC(531) Pause Young (Allocation Failure) 271M->136M(494M) 0.241ms
[2020-08-08T13:29:41.635+0300][14.442s][info][gc] GC(532) Pause Young (Allocation Failure) 271M->136M(494M) 0.249ms
[2020-08-08T13:29:41.668+0300][14.475s][info][gc] GC(533) Pause Young (Allocation Failure) 271M->136M(494M) 0.247ms
[2020-08-08T13:29:41.702+0300][14.508s][info][gc] GC(534) Pause Young (Allocation Failure) 271M->136M(494M) 0.275ms
[2020-08-08T13:29:41.730+0300][14.536s][info][gc] GC(535) Pause Young (Allocation Failure) 271M->136M(494M) 0.254ms
[2020-08-08T13:29:41.757+0300][14.563s][info][gc] GC(536) Pause Young (Allocation Failure) 271M->136M(494M) 0.354ms
[2020-08-08T13:29:41.781+0300][14.588s][info][gc] GC(537) Pause Young (Allocation Failure) 271M->136M(494M) 0.240ms
[2020-08-08T13:29:41.804+0300][14.611s][info][gc] GC(538) Pause Young (Allocation Failure) 271M->136M(494M) 0.284ms
[2020-08-08T13:29:41.826+0300][14.633s][info][gc] GC(539) Pause Young (Allocation Failure) 271M->136M(494M) 0.240ms
[2020-08-08T13:29:41.848+0300][14.654s][info][gc] GC(540) Pause Young (Allocation Failure) 271M->136M(494M) 0.245ms
[2020-08-08T13:29:41.870+0300][14.676s][info][gc] GC(541) Pause Young (Allocation Failure) 271M->136M(494M) 0.238ms
[2020-08-08T13:29:41.894+0300][14.701s][info][gc] GC(542) Pause Young (Allocation Failure) 271M->136M(494M) 0.252ms
[2020-08-08T13:29:41.917+0300][14.723s][info][gc] GC(543) Pause Young (Allocation Failure) 271M->136M(494M) 0.243ms
[2020-08-08T13:29:41.942+0300][14.748s][info][gc] GC(544) Pause Young (Allocation Failure) 271M->136M(494M) 0.247ms
[2020-08-08T13:29:41.964+0300][14.771s][info][gc] GC(545) Pause Young (Allocation Failure) 271M->136M(494M) 0.236ms
[2020-08-08T13:29:41.992+0300][14.799s][info][gc] GC(546) Pause Young (Allocation Failure) 271M->136M(494M) 0.285ms
[2020-08-08T13:29:42.019+0300][14.826s][info][gc] GC(547) Pause Young (Allocation Failure) 271M->136M(494M) 0.237ms
[2020-08-08T13:29:42.040+0300][14.847s][info][gc] GC(548) Pause Young (Allocation Failure) 271M->136M(494M) 0.266ms
[2020-08-08T13:29:42.062+0300][14.868s][info][gc] GC(549) Pause Young (Allocation Failure) 271M->136M(494M) 0.239ms
[2020-08-08T13:29:42.085+0300][14.892s][info][gc] GC(550) Pause Young (Allocation Failure) 271M->136M(494M) 0.250ms
[2020-08-08T13:29:42.107+0300][14.914s][info][gc] GC(551) Pause Young (Allocation Failure) 271M->136M(494M) 0.233ms
[2020-08-08T13:29:42.133+0300][14.940s][info][gc] GC(552) Pause Young (Allocation Failure) 271M->136M(494M) 0.279ms
[2020-08-08T13:29:42.155+0300][14.962s][info][gc] GC(553) Pause Young (Allocation Failure) 271M->136M(494M) 0.229ms
[2020-08-08T13:29:42.178+0300][14.984s][info][gc] GC(554) Pause Young (Allocation Failure) 271M->136M(494M) 0.268ms
[2020-08-08T13:29:42.198+0300][15.005s][info][gc] GC(555) Pause Young (Allocation Failure) 271M->136M(494M) 0.251ms
[2020-08-08T13:29:42.219+0300][15.025s][info][gc] GC(556) Pause Young (Allocation Failure) 271M->136M(494M) 0.351ms
[2020-08-08T13:29:42.240+0300][15.047s][info][gc] GC(557) Pause Young (Allocation Failure) 271M->136M(494M) 0.250ms
[2020-08-08T13:29:42.261+0300][15.067s][info][gc] GC(558) Pause Young (Allocation Failure) 271M->136M(494M) 0.271ms
[2020-08-08T13:29:42.281+0300][15.088s][info][gc] GC(559) Pause Young (Allocation Failure) 271M->136M(494M) 0.249ms
[2020-08-08T13:29:42.303+0300][15.110s][info][gc] GC(560) Pause Young (Allocation Failure) 271M->136M(494M) 0.250ms
[2020-08-08T13:29:42.324+0300][15.131s][info][gc] GC(561) Pause Young (Allocation Failure) 271M->136M(494M) 0.252ms
[2020-08-08T13:29:42.346+0300][15.152s][info][gc] GC(562) Pause Young (Allocation Failure) 271M->136M(494M) 0.344ms
[2020-08-08T13:29:42.368+0300][15.175s][info][gc] GC(563) Pause Young (Allocation Failure) 271M->136M(494M) 0.251ms
[2020-08-08T13:29:42.390+0300][15.197s][info][gc] GC(564) Pause Young (Allocation Failure) 271M->136M(494M) 0.264ms
[2020-08-08T13:29:42.413+0300][15.219s][info][gc] GC(565) Pause Young (Allocation Failure) 271M->136M(494M) 0.266ms
[2020-08-08T13:29:42.435+0300][15.241s][info][gc] GC(566) Pause Young (Allocation Failure) 271M->136M(494M) 0.253ms
[2020-08-08T13:29:42.457+0300][15.263s][info][gc] GC(567) Pause Young (Allocation Failure) 271M->136M(494M) 0.284ms
[2020-08-08T13:29:42.479+0300][15.285s][info][gc] GC(568) Pause Young (Allocation Failure) 271M->136M(494M) 0.320ms
[2020-08-08T13:29:42.500+0300][15.307s][info][gc] GC(569) Pause Young (Allocation Failure) 271M->136M(494M) 0.253ms
[2020-08-08T13:29:42.524+0300][15.330s][info][gc] GC(570) Pause Young (Allocation Failure) 271M->136M(494M) 0.243ms
[2020-08-08T13:29:42.544+0300][15.350s][info][gc] GC(571) Pause Young (Allocation Failure) 271M->136M(494M) 0.268ms
[2020-08-08T13:29:42.566+0300][15.373s][info][gc] GC(572) Pause Young (Allocation Failure) 271M->136M(494M) 0.242ms
[2020-08-08T13:29:42.588+0300][15.395s][info][gc] GC(573) Pause Young (Allocation Failure) 271M->136M(494M) 0.289ms
[2020-08-08T13:29:42.610+0300][15.416s][info][gc] GC(574) Pause Young (Allocation Failure) 271M->136M(494M) 0.237ms
[2020-08-08T13:29:42.634+0300][15.440s][info][gc] GC(575) Pause Young (Allocation Failure) 271M->136M(494M) 0.240ms
[2020-08-08T13:29:42.654+0300][15.461s][info][gc] GC(576) Pause Young (Allocation Failure) 271M->136M(494M) 0.295ms
[2020-08-08T13:29:42.675+0300][15.482s][info][gc] GC(577) Pause Young (Allocation Failure) 271M->136M(494M) 0.282ms
[2020-08-08T13:29:42.697+0300][15.503s][info][gc] GC(578) Pause Young (Allocation Failure) 271M->136M(494M) 0.255ms
[2020-08-08T13:29:42.717+0300][15.524s][info][gc] GC(579) Pause Young (Allocation Failure) 271M->136M(494M) 0.242ms
[2020-08-08T13:29:42.740+0300][15.547s][info][gc] GC(580) Pause Young (Allocation Failure) 271M->136M(494M) 0.263ms
[2020-08-08T13:29:42.761+0300][15.567s][info][gc] GC(581) Pause Young (Allocation Failure) 271M->136M(494M) 0.249ms
[2020-08-08T13:29:42.789+0300][15.595s][info][gc] GC(582) Pause Young (Allocation Failure) 271M->136M(494M) 0.259ms
[2020-08-08T13:29:42.811+0300][15.617s][info][gc] GC(583) Pause Young (Allocation Failure) 271M->136M(494M) 0.247ms
[2020-08-08T13:29:42.833+0300][15.639s][info][gc] GC(584) Pause Young (Allocation Failure) 271M->136M(494M) 0.243ms
[2020-08-08T13:29:42.855+0300][15.661s][info][gc] GC(585) Pause Young (Allocation Failure) 271M->136M(494M) 0.238ms
[2020-08-08T13:29:42.877+0300][15.684s][info][gc] GC(586) Pause Young (Allocation Failure) 271M->136M(494M) 0.243ms
[2020-08-08T13:29:42.899+0300][15.705s][info][gc] GC(587) Pause Young (Allocation Failure) 271M->136M(494M) 0.240ms
[2020-08-08T13:29:42.920+0300][15.726s][info][gc] GC(588) Pause Young (Allocation Failure) 271M->136M(494M) 0.285ms
[2020-08-08T13:29:42.941+0300][15.748s][info][gc] GC(589) Pause Young (Allocation Failure) 271M->136M(494M) 0.238ms
[2020-08-08T13:29:42.961+0300][15.767s][info][gc] GC(590) Pause Young (Allocation Failure) 271M->136M(494M) 0.248ms
[2020-08-08T13:29:42.982+0300][15.789s][info][gc] GC(591) Pause Young (Allocation Failure) 271M->136M(494M) 0.233ms
[2020-08-08T13:29:43.005+0300][15.812s][info][gc] GC(592) Pause Young (Allocation Failure) 271M->136M(494M) 0.249ms
[2020-08-08T13:29:43.027+0300][15.833s][info][gc] GC(593) Pause Young (Allocation Failure) 271M->136M(494M) 0.245ms
[2020-08-08T13:29:43.047+0300][15.854s][info][gc] GC(594) Pause Young (Allocation Failure) 271M->136M(494M) 0.236ms
[2020-08-08T13:29:43.069+0300][15.875s][info][gc] GC(595) Pause Young (Allocation Failure) 271M->136M(494M) 0.254ms
[2020-08-08T13:29:43.089+0300][15.895s][info][gc] GC(596) Pause Young (Allocation Failure) 271M->136M(494M) 0.241ms
[2020-08-08T13:29:43.110+0300][15.916s][info][gc] GC(597) Pause Young (Allocation Failure) 271M->136M(494M) 0.227ms
[2020-08-08T13:29:43.132+0300][15.938s][info][gc] GC(598) Pause Young (Allocation Failure) 271M->136M(494M) 0.229ms
[2020-08-08T13:29:43.155+0300][15.962s][info][gc] GC(599) Pause Young (Allocation Failure) 271M->136M(494M) 0.244ms
[2020-08-08T13:29:43.178+0300][15.984s][info][gc] GC(600) Pause Young (Allocation Failure) 271M->136M(494M) 0.254ms
[2020-08-08T13:29:43.199+0300][16.005s][info][gc] GC(601) Pause Young (Allocation Failure) 271M->136M(494M) 0.252ms
[2020-08-08T13:29:43.221+0300][16.027s][info][gc] GC(602) Pause Young (Allocation Failure) 271M->136M(494M) 0.385ms
[2020-08-08T13:29:43.243+0300][16.049s][info][gc] GC(603) Pause Young (Allocation Failure) 271M->136M(494M) 0.248ms
[2020-08-08T13:29:43.263+0300][16.069s][info][gc] GC(604) Pause Young (Allocation Failure) 271M->136M(494M) 0.263ms
[2020-08-08T13:29:43.283+0300][16.090s][info][gc] GC(605) Pause Young (Allocation Failure) 271M->136M(494M) 0.250ms
[2020-08-08T13:29:43.304+0300][16.110s][info][gc] GC(606) Pause Young (Allocation Failure) 271M->136M(494M) 0.348ms
[2020-08-08T13:29:43.325+0300][16.131s][info][gc] GC(607) Pause Young (Allocation Failure) 271M->136M(494M) 0.263ms
[2020-08-08T13:29:43.346+0300][16.152s][info][gc] GC(608) Pause Young (Allocation Failure) 271M->136M(494M) 0.246ms
[2020-08-08T13:29:43.366+0300][16.173s][info][gc] GC(609) Pause Young (Allocation Failure) 271M->136M(494M) 0.246ms
[2020-08-08T13:29:43.388+0300][16.194s][info][gc] GC(610) Pause Young (Allocation Failure) 271M->136M(494M) 0.244ms
[2020-08-08T13:29:43.410+0300][16.216s][info][gc] GC(611) Pause Young (Allocation Failure) 271M->136M(494M) 0.325ms
[2020-08-08T13:29:43.430+0300][16.237s][info][gc] GC(612) Pause Young (Allocation Failure) 271M->136M(494M) 0.248ms
[2020-08-08T13:29:43.453+0300][16.260s][info][gc] GC(613) Pause Young (Allocation Failure) 271M->136M(494M) 0.248ms
[2020-08-08T13:29:43.475+0300][16.281s][info][gc] GC(614) Pause Young (Allocation Failure) 271M->136M(494M) 0.253ms
[2020-08-08T13:29:43.495+0300][16.302s][info][gc] GC(615) Pause Young (Allocation Failure) 271M->136M(494M) 0.244ms
[2020-08-08T13:29:43.515+0300][16.322s][info][gc] GC(616) Pause Young (Allocation Failure) 271M->136M(494M) 0.238ms
[2020-08-08T13:29:43.536+0300][16.343s][info][gc] GC(617) Pause Young (Allocation Failure) 271M->136M(494M) 0.235ms
[2020-08-08T13:29:43.558+0300][16.365s][info][gc] GC(618) Pause Young (Allocation Failure) 271M->136M(494M) 0.244ms
[2020-08-08T13:29:43.579+0300][16.385s][info][gc] GC(619) Pause Young (Allocation Failure) 271M->136M(494M) 0.236ms
[2020-08-08T13:29:43.602+0300][16.408s][info][gc] GC(620) Pause Young (Allocation Failure) 271M->136M(494M) 0.243ms
[2020-08-08T13:29:43.628+0300][16.435s][info][gc] GC(621) Pause Young (Allocation Failure) 271M->136M(494M) 0.234ms
[2020-08-08T13:29:43.653+0300][16.460s][info][gc] GC(622) Pause Young (Allocation Failure) 271M->136M(494M) 0.239ms
[2020-08-08T13:29:43.677+0300][16.483s][info][gc] GC(623) Pause Young (Allocation Failure) 271M->136M(494M) 0.263ms
[2020-08-08T13:29:43.700+0300][16.506s][info][gc] GC(624) Pause Young (Allocation Failure) 271M->136M(494M) 0.242ms
[2020-08-08T13:29:43.721+0300][16.527s][info][gc] GC(625) Pause Young (Allocation Failure) 271M->136M(494M) 0.292ms
[2020-08-08T13:29:43.743+0300][16.550s][info][gc] GC(626) Pause Young (Allocation Failure) 271M->136M(494M) 0.242ms
[2020-08-08T13:29:43.765+0300][16.571s][info][gc] GC(627) Pause Young (Allocation Failure) 271M->136M(494M) 0.246ms
[2020-08-08T13:29:43.789+0300][16.596s][info][gc] GC(628) Pause Young (Allocation Failure) 271M->136M(494M) 0.316ms
[2020-08-08T13:29:43.811+0300][16.617s][info][gc] GC(629) Pause Young (Allocation Failure) 271M->136M(494M) 0.237ms
[2020-08-08T13:29:43.831+0300][16.638s][info][gc] GC(630) Pause Young (Allocation Failure) 271M->136M(494M) 0.239ms
[2020-08-08T13:29:43.855+0300][16.661s][info][gc] GC(631) Pause Young (Allocation Failure) 271M->136M(494M) 0.516ms
[2020-08-08T13:29:43.882+0300][16.688s][info][gc] GC(632) Pause Young (Allocation Failure) 271M->136M(494M) 0.246ms
[2020-08-08T13:29:43.911+0300][16.718s][info][gc] GC(633) Pause Young (Allocation Failure) 271M->136M(494M) 0.256ms
[2020-08-08T13:29:43.941+0300][16.747s][info][gc] GC(634) Pause Young (Allocation Failure) 271M->136M(494M) 0.245ms
[2020-08-08T13:29:43.964+0300][16.771s][info][gc] GC(635) Pause Young (Allocation Failure) 271M->136M(494M) 0.377ms
[2020-08-08T13:29:43.990+0300][16.796s][info][gc] GC(636) Pause Young (Allocation Failure) 271M->136M(494M) 0.262ms
[2020-08-08T13:29:44.014+0300][16.820s][info][gc] GC(637) Pause Young (Allocation Failure) 271M->136M(494M) 0.376ms
[2020-08-08T13:29:44.036+0300][16.843s][info][gc] GC(638) Pause Young (Allocation Failure) 271M->136M(494M) 0.242ms
[2020-08-08T13:29:44.063+0300][16.870s][info][gc] GC(639) Pause Young (Allocation Failure) 271M->136M(494M) 0.243ms
[2020-08-08T13:29:44.086+0300][16.893s][info][gc] GC(640) Pause Young (Allocation Failure) 271M->136M(494M) 0.261ms
[2020-08-08T13:29:44.112+0300][16.919s][info][gc] GC(641) Pause Young (Allocation Failure) 271M->136M(494M) 0.242ms
[2020-08-08T13:29:44.137+0300][16.943s][info][gc] GC(642) Pause Young (Allocation Failure) 271M->136M(494M) 0.285ms
[2020-08-08T13:29:44.160+0300][16.967s][info][gc] GC(643) Pause Young (Allocation Failure) 271M->136M(494M) 0.264ms
[2020-08-08T13:29:44.182+0300][16.989s][info][gc] GC(644) Pause Young (Allocation Failure) 271M->136M(494M) 0.326ms
[2020-08-08T13:29:44.204+0300][17.010s][info][gc] GC(645) Pause Young (Allocation Failure) 271M->136M(494M) 0.284ms
[2020-08-08T13:29:44.224+0300][17.031s][info][gc] GC(646) Pause Young (Allocation Failure) 271M->136M(494M) 0.270ms
[2020-08-08T13:29:44.245+0300][17.052s][info][gc] GC(647) Pause Young (Allocation Failure) 271M->136M(494M) 0.265ms
[2020-08-08T13:29:44.265+0300][17.072s][info][gc] GC(648) Pause Young (Allocation Failure) 271M->136M(494M) 0.273ms
[2020-08-08T13:29:44.286+0300][17.092s][info][gc] GC(649) Pause Young (Allocation Failure) 271M->136M(494M) 0.302ms
[2020-08-08T13:29:44.307+0300][17.114s][info][gc] GC(650) Pause Young (Allocation Failure) 271M->136M(494M) 0.342ms
[2020-08-08T13:29:44.328+0300][17.135s][info][gc] GC(651) Pause Young (Allocation Failure) 271M->136M(494M) 0.268ms
[2020-08-08T13:29:44.350+0300][17.157s][info][gc] GC(652) Pause Young (Allocation Failure) 271M->136M(494M) 0.267ms
[2020-08-08T13:29:44.372+0300][17.179s][info][gc] GC(653) Pause Young (Allocation Failure) 271M->136M(494M) 0.353ms
[2020-08-08T13:29:44.393+0300][17.199s][info][gc] GC(654) Pause Young (Allocation Failure) 271M->136M(494M) 0.268ms
[2020-08-08T13:29:44.415+0300][17.221s][info][gc] GC(655) Pause Young (Allocation Failure) 271M->136M(494M) 0.288ms
[2020-08-08T13:29:44.436+0300][17.243s][info][gc] GC(656) Pause Young (Allocation Failure) 271M->136M(494M) 0.258ms
[2020-08-08T13:29:44.457+0300][17.264s][info][gc] GC(657) Pause Young (Allocation Failure) 271M->136M(494M) 0.256ms
[2020-08-08T13:29:44.479+0300][17.285s][info][gc] GC(658) Pause Young (Allocation Failure) 271M->136M(494M) 0.288ms
[2020-08-08T13:29:44.499+0300][17.306s][info][gc] GC(659) Pause Young (Allocation Failure) 271M->136M(494M) 0.259ms
[2020-08-08T13:29:44.520+0300][17.327s][info][gc] GC(660) Pause Young (Allocation Failure) 271M->136M(494M) 0.246ms
[2020-08-08T13:29:44.545+0300][17.351s][info][gc] GC(661) Pause Young (Allocation Failure) 271M->136M(494M) 0.437ms
[2020-08-08T13:29:44.571+0300][17.378s][info][gc] GC(662) Pause Young (Allocation Failure) 271M->136M(494M) 0.343ms
[2020-08-08T13:29:44.597+0300][17.404s][info][gc] GC(663) Pause Young (Allocation Failure) 271M->136M(494M) 0.284ms
[2020-08-08T13:29:44.624+0300][17.430s][info][gc] GC(664) Pause Young (Allocation Failure) 271M->136M(494M) 0.244ms
[2020-08-08T13:29:44.651+0300][17.457s][info][gc] GC(665) Pause Young (Allocation Failure) 271M->136M(494M) 0.293ms
[2020-08-08T13:29:44.676+0300][17.482s][info][gc] GC(666) Pause Young (Allocation Failure) 271M->136M(494M) 0.238ms
[2020-08-08T13:29:44.701+0300][17.507s][info][gc] GC(667) Pause Young (Allocation Failure) 271M->136M(494M) 0.237ms
[2020-08-08T13:29:44.724+0300][17.531s][info][gc] GC(668) Pause Young (Allocation Failure) 271M->136M(494M) 0.238ms
[2020-08-08T13:29:44.749+0300][17.555s][info][gc] GC(669) Pause Young (Allocation Failure) 271M->136M(494M) 0.238ms
[2020-08-08T13:29:44.773+0300][17.580s][info][gc] GC(670) Pause Young (Allocation Failure) 271M->136M(494M) 0.270ms
[2020-08-08T13:29:44.804+0300][17.611s][info][gc] GC(671) Pause Young (Allocation Failure) 271M->136M(494M) 0.302ms
[2020-08-08T13:29:44.826+0300][17.633s][info][gc] GC(672) Pause Young (Allocation Failure) 271M->136M(494M) 0.238ms
[2020-08-08T13:29:44.847+0300][17.653s][info][gc] GC(673) Pause Young (Allocation Failure) 271M->136M(494M) 0.240ms
[2020-08-08T13:29:44.867+0300][17.674s][info][gc] GC(674) Pause Young (Allocation Failure) 271M->136M(494M) 0.287ms
[2020-08-08T13:29:44.887+0300][17.694s][info][gc] GC(675) Pause Young (Allocation Failure) 271M->136M(494M) 0.254ms
[2020-08-08T13:29:44.908+0300][17.715s][info][gc] GC(676) Pause Young (Allocation Failure) 271M->136M(494M) 0.238ms
[2020-08-08T13:29:44.929+0300][17.735s][info][gc] GC(677) Pause Young (Allocation Failure) 271M->136M(494M) 0.236ms
[2020-08-08T13:29:44.950+0300][17.756s][info][gc] GC(678) Pause Young (Allocation Failure) 271M->136M(494M) 0.244ms
[2020-08-08T13:29:44.970+0300][17.777s][info][gc] GC(679) Pause Young (Allocation Failure) 271M->136M(494M) 0.237ms
[2020-08-08T13:29:44.994+0300][17.801s][info][gc] GC(680) Pause Young (Allocation Failure) 271M->136M(494M) 0.239ms
[2020-08-08T13:29:45.014+0300][17.821s][info][gc] GC(681) Pause Young (Allocation Failure) 271M->136M(494M) 0.255ms
[2020-08-08T13:29:45.034+0300][17.841s][info][gc] GC(682) Pause Young (Allocation Failure) 271M->136M(494M) 0.241ms
[2020-08-08T13:29:45.056+0300][17.862s][info][gc] GC(683) Pause Young (Allocation Failure) 271M->136M(494M) 0.234ms
[2020-08-08T13:29:45.078+0300][17.885s][info][gc] GC(684) Pause Young (Allocation Failure) 271M->136M(494M) 0.246ms
[2020-08-08T13:29:45.099+0300][17.906s][info][gc] GC(685) Pause Young (Allocation Failure) 271M->136M(494M) 0.238ms
[2020-08-08T13:29:45.121+0300][17.927s][info][gc] GC(686) Pause Young (Allocation Failure) 271M->136M(494M) 0.324ms
[2020-08-08T13:29:45.143+0300][17.950s][info][gc] GC(687) Pause Young (Allocation Failure) 271M->136M(494M) 0.232ms
[2020-08-08T13:29:45.164+0300][17.971s][info][gc] GC(688) Pause Young (Allocation Failure) 271M->136M(494M) 0.279ms
[2020-08-08T13:29:45.187+0300][17.994s][info][gc] GC(689) Pause Young (Allocation Failure) 271M->136M(494M) 0.441ms
[2020-08-08T13:29:45.211+0300][18.017s][info][gc] GC(690) Pause Young (Allocation Failure) 271M->136M(494M) 0.282ms
[2020-08-08T13:29:45.235+0300][18.041s][info][gc] GC(691) Pause Young (Allocation Failure) 271M->136M(494M) 0.286ms
[2020-08-08T13:29:45.255+0300][18.062s][info][gc] GC(692) Pause Young (Allocation Failure) 271M->136M(494M) 0.257ms
[2020-08-08T13:29:45.277+0300][18.084s][info][gc] GC(693) Pause Young (Allocation Failure) 271M->136M(494M) 0.261ms
[2020-08-08T13:29:45.299+0300][18.105s][info][gc] GC(694) Pause Young (Allocation Failure) 271M->136M(494M) 0.274ms
[2020-08-08T13:29:45.320+0300][18.127s][info][gc] GC(695) Pause Young (Allocation Failure) 271M->136M(494M) 0.263ms
[2020-08-08T13:29:45.341+0300][18.148s][info][gc] GC(696) Pause Young (Allocation Failure) 271M->136M(494M) 0.275ms
[2020-08-08T13:29:45.363+0300][18.170s][info][gc] GC(697) Pause Young (Allocation Failure) 271M->136M(494M) 0.258ms
[2020-08-08T13:29:45.383+0300][18.190s][info][gc] GC(698) Pause Young (Allocation Failure) 271M->136M(494M) 0.278ms
[2020-08-08T13:29:45.405+0300][18.211s][info][gc] GC(699) Pause Young (Allocation Failure) 271M->136M(494M) 0.322ms
[2020-08-08T13:29:45.428+0300][18.235s][info][gc] GC(700) Pause Young (Allocation Failure) 271M->136M(494M) 0.255ms
[2020-08-08T13:29:45.450+0300][18.256s][info][gc] GC(701) Pause Young (Allocation Failure) 271M->136M(494M) 0.256ms
[2020-08-08T13:29:45.474+0300][18.280s][info][gc] GC(702) Pause Young (Allocation Failure) 271M->136M(494M) 0.257ms
[2020-08-08T13:29:45.500+0300][18.306s][info][gc] GC(703) Pause Young (Allocation Failure) 271M->136M(494M) 0.262ms
[2020-08-08T13:29:45.525+0300][18.332s][info][gc] GC(704) Pause Young (Allocation Failure) 271M->136M(494M) 0.260ms
[2020-08-08T13:29:45.550+0300][18.357s][info][gc] GC(705) Pause Young (Allocation Failure) 271M->136M(494M) 0.257ms
[2020-08-08T13:29:45.577+0300][18.384s][info][gc] GC(706) Pause Young (Allocation Failure) 271M->136M(494M) 0.267ms
[2020-08-08T13:29:45.603+0300][18.409s][info][gc] GC(707) Pause Young (Allocation Failure) 271M->136M(494M) 0.397ms
[2020-08-08T13:29:45.631+0300][18.438s][info][gc] GC(708) Pause Young (Allocation Failure) 271M->136M(494M) 0.451ms
[2020-08-08T13:29:45.659+0300][18.465s][info][gc] GC(709) Pause Young (Allocation Failure) 271M->136M(494M) 0.242ms
[2020-08-08T13:29:45.683+0300][18.490s][info][gc] GC(710) Pause Young (Allocation Failure) 271M->136M(494M) 0.306ms
[2020-08-08T13:29:45.710+0300][18.516s][info][gc] GC(711) Pause Young (Allocation Failure) 271M->136M(494M) 0.250ms
[2020-08-08T13:29:45.735+0300][18.541s][info][gc] GC(712) Pause Young (Allocation Failure) 271M->136M(494M) 0.298ms
[2020-08-08T13:29:45.759+0300][18.566s][info][gc] GC(713) Pause Young (Allocation Failure) 271M->136M(494M) 0.318ms
[2020-08-08T13:29:45.785+0300][18.592s][info][gc] GC(714) Pause Young (Allocation Failure) 271M->136M(494M) 0.243ms
[2020-08-08T13:29:45.816+0300][18.622s][info][gc] GC(715) Pause Young (Allocation Failure) 271M->136M(494M) 0.413ms
[2020-08-08T13:29:45.844+0300][18.650s][info][gc] GC(716) Pause Young (Allocation Failure) 271M->136M(494M) 0.281ms
[2020-08-08T13:29:45.868+0300][18.675s][info][gc] GC(717) Pause Young (Allocation Failure) 271M->136M(494M) 0.266ms
[2020-08-08T13:29:45.892+0300][18.698s][info][gc] GC(718) Pause Young (Allocation Failure) 271M->136M(494M) 0.251ms
[2020-08-08T13:29:45.916+0300][18.722s][info][gc] GC(719) Pause Young (Allocation Failure) 271M->136M(494M) 0.243ms
[2020-08-08T13:29:45.942+0300][18.748s][info][gc] GC(720) Pause Young (Allocation Failure) 271M->136M(494M) 0.430ms
[2020-08-08T13:29:45.973+0300][18.780s][info][gc] GC(721) Pause Young (Allocation Failure) 271M->136M(494M) 0.237ms
[2020-08-08T13:29:45.997+0300][18.803s][info][gc] GC(722) Pause Young (Allocation Failure) 271M->136M(494M) 0.243ms
[2020-08-08T13:29:46.020+0300][18.826s][info][gc] GC(723) Pause Young (Allocation Failure) 271M->136M(494M) 0.332ms
[2020-08-08T13:29:46.041+0300][18.847s][info][gc] GC(724) Pause Young (Allocation Failure) 271M->136M(494M) 0.264ms
[2020-08-08T13:29:46.062+0300][18.868s][info][gc] GC(725) Pause Young (Allocation Failure) 271M->136M(494M) 0.255ms
[2020-08-08T13:29:46.082+0300][18.889s][info][gc] GC(726) Pause Young (Allocation Failure) 271M->136M(494M) 0.266ms
[2020-08-08T13:29:46.106+0300][18.913s][info][gc] GC(727) Pause Young (Allocation Failure) 271M->136M(494M) 0.240ms
[2020-08-08T13:29:46.128+0300][18.935s][info][gc] GC(728) Pause Young (Allocation Failure) 271M->136M(494M) 0.237ms
[2020-08-08T13:29:46.149+0300][18.956s][info][gc] GC(729) Pause Young (Allocation Failure) 271M->136M(494M) 0.239ms
[2020-08-08T13:29:46.169+0300][18.976s][info][gc] GC(730) Pause Young (Allocation Failure) 271M->136M(494M) 0.244ms
[2020-08-08T13:29:46.192+0300][18.998s][info][gc] GC(731) Pause Young (Allocation Failure) 271M->136M(494M) 0.281ms
[2020-08-08T13:29:46.214+0300][19.020s][info][gc] GC(732) Pause Young (Allocation Failure) 271M->136M(494M) 0.262ms
[2020-08-08T13:29:46.235+0300][19.042s][info][gc] GC(733) Pause Young (Allocation Failure) 271M->136M(494M) 0.284ms
[2020-08-08T13:29:46.256+0300][19.062s][info][gc] GC(734) Pause Young (Allocation Failure) 271M->136M(494M) 0.263ms
[2020-08-08T13:29:46.277+0300][19.084s][info][gc] GC(735) Pause Young (Allocation Failure) 271M->136M(494M) 0.254ms
[2020-08-08T13:29:46.298+0300][19.104s][info][gc] GC(736) Pause Young (Allocation Failure) 271M->136M(494M) 0.311ms
[2020-08-08T13:29:46.322+0300][19.128s][info][gc] GC(737) Pause Young (Allocation Failure) 271M->136M(494M) 0.376ms
[2020-08-08T13:29:46.343+0300][19.149s][info][gc] GC(738) Pause Young (Allocation Failure) 271M->136M(494M) 0.284ms
[2020-08-08T13:29:46.365+0300][19.171s][info][gc] GC(739) Pause Young (Allocation Failure) 271M->136M(494M) 0.257ms
[2020-08-08T13:29:46.385+0300][19.192s][info][gc] GC(740) Pause Young (Allocation Failure) 271M->136M(494M) 0.270ms
[2020-08-08T13:29:46.407+0300][19.214s][info][gc] GC(741) Pause Young (Allocation Failure) 271M->136M(494M) 0.278ms
[2020-08-08T13:29:46.432+0300][19.238s][info][gc] GC(742) Pause Young (Allocation Failure) 271M->136M(494M) 0.267ms
[2020-08-08T13:29:46.454+0300][19.261s][info][gc] GC(743) Pause Young (Allocation Failure) 271M->136M(494M) 0.423ms
[2020-08-08T13:29:46.480+0300][19.287s][info][gc] GC(744) Pause Young (Allocation Failure) 271M->136M(494M) 0.379ms
[2020-08-08T13:29:46.505+0300][19.312s][info][gc] GC(745) Pause Young (Allocation Failure) 271M->136M(494M) 0.254ms
[2020-08-08T13:29:46.526+0300][19.332s][info][gc] GC(746) Pause Young (Allocation Failure) 271M->136M(494M) 0.258ms
[2020-08-08T13:29:46.552+0300][19.358s][info][gc] GC(747) Pause Young (Allocation Failure) 271M->136M(494M) 0.274ms
[2020-08-08T13:29:46.577+0300][19.383s][info][gc] GC(748) Pause Young (Allocation Failure) 271M->136M(494M) 0.286ms
[2020-08-08T13:29:46.605+0300][19.412s][info][gc] GC(749) Pause Young (Allocation Failure) 271M->136M(494M) 0.260ms
[2020-08-08T13:29:46.630+0300][19.437s][info][gc] GC(750) Pause Young (Allocation Failure) 271M->136M(494M) 0.501ms
[2020-08-08T13:29:46.655+0300][19.462s][info][gc] GC(751) Pause Young (Allocation Failure) 271M->136M(494M) 0.241ms
[2020-08-08T13:29:46.681+0300][19.487s][info][gc] GC(752) Pause Young (Allocation Failure) 271M->136M(494M) 0.240ms
[2020-08-08T13:29:46.704+0300][19.511s][info][gc] GC(753) Pause Young (Allocation Failure) 271M->136M(494M) 0.481ms
[2020-08-08T13:29:46.729+0300][19.535s][info][gc] GC(754) Pause Young (Allocation Failure) 271M->136M(494M) 0.239ms
[2020-08-08T13:29:46.753+0300][19.559s][info][gc] GC(755) Pause Young (Allocation Failure) 271M->136M(494M) 0.258ms
[2020-08-08T13:29:46.778+0300][19.584s][info][gc] GC(756) Pause Young (Allocation Failure) 271M->136M(494M) 0.242ms
[2020-08-08T13:29:46.803+0300][19.609s][info][gc] GC(757) Pause Young (Allocation Failure) 271M->136M(494M) 0.236ms
[2020-08-08T13:29:46.830+0300][19.636s][info][gc] GC(758) Pause Young (Allocation Failure) 271M->136M(494M) 0.268ms
[2020-08-08T13:29:46.855+0300][19.661s][info][gc] GC(759) Pause Young (Allocation Failure) 271M->136M(494M) 0.353ms
[2020-08-08T13:29:46.879+0300][19.686s][info][gc] GC(760) Pause Young (Allocation Failure) 271M->136M(494M) 0.238ms
[2020-08-08T13:29:46.901+0300][19.707s][info][gc] GC(761) Pause Young (Allocation Failure) 271M->136M(494M) 0.242ms
[2020-08-08T13:29:46.921+0300][19.728s][info][gc] GC(762) Pause Young (Allocation Failure) 271M->136M(494M) 0.238ms
[2020-08-08T13:29:46.942+0300][19.749s][info][gc] GC(763) Pause Young (Allocation Failure) 271M->136M(494M) 0.239ms
[2020-08-08T13:29:46.962+0300][19.768s][info][gc] GC(764) Pause Young (Allocation Failure) 271M->136M(494M) 0.244ms
[2020-08-08T13:29:46.984+0300][19.790s][info][gc] GC(765) Pause Young (Allocation Failure) 271M->136M(494M) 0.259ms
[2020-08-08T13:29:47.006+0300][19.813s][info][gc] GC(766) Pause Young (Allocation Failure) 271M->136M(494M) 0.238ms
[2020-08-08T13:29:47.027+0300][19.834s][info][gc] GC(767) Pause Young (Allocation Failure) 271M->136M(494M) 0.241ms
[2020-08-08T13:29:47.047+0300][19.854s][info][gc] GC(768) Pause Young (Allocation Failure) 271M->136M(494M) 0.243ms
[2020-08-08T13:29:47.069+0300][19.875s][info][gc] GC(769) Pause Young (Allocation Failure) 271M->136M(494M) 0.246ms
[2020-08-08T13:29:47.089+0300][19.895s][info][gc] GC(770) Pause Young (Allocation Failure) 271M->136M(494M) 0.258ms
[2020-08-08T13:29:47.111+0300][19.918s][info][gc] GC(771) Pause Young (Allocation Failure) 271M->136M(494M) 0.275ms
[2020-08-08T13:29:47.135+0300][19.942s][info][gc] GC(772) Pause Young (Allocation Failure) 271M->136M(494M) 0.255ms
[2020-08-08T13:29:47.157+0300][19.964s][info][gc] GC(773) Pause Young (Allocation Failure) 271M->136M(494M) 0.241ms
[2020-08-08T13:29:47.179+0300][19.985s][info][gc] GC(774) Pause Young (Allocation Failure) 271M->136M(494M) 0.249ms
[2020-08-08T13:29:47.204+0300][20.011s][info][gc] GC(775) Pause Young (Allocation Failure) 271M->136M(494M) 0.330ms
[2020-08-08T13:29:47.229+0300][20.035s][info][gc] GC(776) Pause Young (Allocation Failure) 271M->136M(494M) 0.255ms
[2020-08-08T13:29:47.251+0300][20.058s][info][gc] GC(777) Pause Young (Allocation Failure) 271M->136M(494M) 0.245ms
[2020-08-08T13:29:47.273+0300][20.080s][info][gc] GC(778) Pause Young (Allocation Failure) 271M->136M(494M) 0.248ms
[2020-08-08T13:29:47.294+0300][20.101s][info][gc] GC(779) Pause Young (Allocation Failure) 271M->136M(494M) 0.237ms
[2020-08-08T13:29:47.317+0300][20.124s][info][gc] GC(780) Pause Young (Allocation Failure) 271M->136M(494M) 0.241ms
[2020-08-08T13:29:47.338+0300][20.145s][info][gc] GC(781) Pause Young (Allocation Failure) 271M->136M(494M) 0.246ms
[2020-08-08T13:29:47.360+0300][20.167s][info][gc] GC(782) Pause Young (Allocation Failure) 271M->136M(494M) 0.244ms
[2020-08-08T13:29:47.382+0300][20.188s][info][gc] GC(783) Pause Young (Allocation Failure) 271M->136M(494M) 0.250ms
[2020-08-08T13:29:47.405+0300][20.211s][info][gc] GC(784) Pause Young (Allocation Failure) 271M->136M(494M) 0.328ms
[2020-08-08T13:29:47.429+0300][20.236s][info][gc] GC(785) Pause Young (Allocation Failure) 271M->136M(494M) 0.241ms
[2020-08-08T13:29:47.452+0300][20.258s][info][gc] GC(786) Pause Young (Allocation Failure) 271M->136M(494M) 0.247ms
[2020-08-08T13:29:47.474+0300][20.280s][info][gc] GC(787) Pause Young (Allocation Failure) 271M->136M(494M) 0.239ms
[2020-08-08T13:29:47.495+0300][20.302s][info][gc] GC(788) Pause Young (Allocation Failure) 271M->136M(494M) 0.242ms
[2020-08-08T13:29:47.516+0300][20.323s][info][gc] GC(789) Pause Young (Allocation Failure) 271M->136M(494M) 0.272ms
[2020-08-08T13:29:47.538+0300][20.344s][info][gc] GC(790) Pause Young (Allocation Failure) 271M->136M(494M) 0.253ms
[2020-08-08T13:29:47.563+0300][20.369s][info][gc] GC(791) Pause Young (Allocation Failure) 271M->136M(494M) 0.262ms
[2020-08-08T13:29:47.585+0300][20.392s][info][gc] GC(792) Pause Young (Allocation Failure) 271M->136M(494M) 0.238ms
[2020-08-08T13:29:47.608+0300][20.414s][info][gc] GC(793) Pause Young (Allocation Failure) 271M->136M(494M) 0.237ms
[2020-08-08T13:29:47.632+0300][20.438s][info][gc] GC(794) Pause Young (Allocation Failure) 271M->136M(494M) 0.242ms
[2020-08-08T13:29:47.659+0300][20.466s][info][gc] GC(795) Pause Young (Allocation Failure) 271M->136M(494M) 0.236ms
[2020-08-08T13:29:47.681+0300][20.487s][info][gc] GC(796) Pause Young (Allocation Failure) 271M->136M(494M) 0.244ms
[2020-08-08T13:29:47.702+0300][20.508s][info][gc] GC(797) Pause Young (Allocation Failure) 271M->136M(494M) 0.237ms
[2020-08-08T13:29:47.723+0300][20.529s][info][gc] GC(798) Pause Young (Allocation Failure) 271M->136M(494M) 0.247ms
[2020-08-08T13:29:47.743+0300][20.550s][info][gc] GC(799) Pause Young (Allocation Failure) 271M->136M(494M) 0.240ms
[2020-08-08T13:29:47.764+0300][20.570s][info][gc] GC(800) Pause Young (Allocation Failure) 271M->136M(494M) 0.262ms
[2020-08-08T13:29:47.785+0300][20.591s][info][gc] GC(801) Pause Young (Allocation Failure) 271M->136M(494M) 0.242ms
[2020-08-08T13:29:47.807+0300][20.613s][info][gc] GC(802) Pause Young (Allocation Failure) 271M->136M(494M) 0.256ms
[2020-08-08T13:29:47.831+0300][20.638s][info][gc] GC(803) Pause Young (Allocation Failure) 271M->136M(494M) 0.300ms
[2020-08-08T13:29:47.855+0300][20.662s][info][gc] GC(804) Pause Young (Allocation Failure) 271M->136M(494M) 0.249ms
[2020-08-08T13:29:47.880+0300][20.686s][info][gc] GC(805) Pause Young (Allocation Failure) 271M->136M(494M) 0.252ms
[2020-08-08T13:29:47.902+0300][20.709s][info][gc] GC(806) Pause Young (Allocation Failure) 271M->136M(494M) 0.238ms
[2020-08-08T13:29:47.924+0300][20.730s][info][gc] GC(807) Pause Young (Allocation Failure) 271M->136M(494M) 0.263ms
[2020-08-08T13:29:47.945+0300][20.751s][info][gc] GC(808) Pause Young (Allocation Failure) 271M->136M(494M) 0.238ms
[2020-08-08T13:29:47.965+0300][20.771s][info][gc] GC(809) Pause Young (Allocation Failure) 271M->136M(494M) 0.251ms
[2020-08-08T13:29:47.987+0300][20.793s][info][gc] GC(810) Pause Young (Allocation Failure) 271M->136M(494M) 0.244ms
[2020-08-08T13:29:48.008+0300][20.814s][info][gc] GC(811) Pause Young (Allocation Failure) 271M->136M(494M) 0.317ms
[2020-08-08T13:29:48.029+0300][20.835s][info][gc] GC(812) Pause Young (Allocation Failure) 271M->136M(494M) 0.238ms
[2020-08-08T13:29:48.050+0300][20.857s][info][gc] GC(813) Pause Young (Allocation Failure) 271M->136M(494M) 0.235ms
[2020-08-08T13:29:48.072+0300][20.879s][info][gc] GC(814) Pause Young (Allocation Failure) 271M->136M(494M) 0.309ms
[2020-08-08T13:29:48.095+0300][20.902s][info][gc] GC(815) Pause Young (Allocation Failure) 271M->136M(494M) 0.238ms
[2020-08-08T13:29:48.119+0300][20.926s][info][gc] GC(816) Pause Young (Allocation Failure) 271M->136M(494M) 0.237ms
[2020-08-08T13:29:48.144+0300][20.950s][info][gc] GC(817) Pause Young (Allocation Failure) 271M->136M(494M) 0.241ms
[2020-08-08T13:29:48.164+0300][20.970s][info][gc] GC(818) Pause Young (Allocation Failure) 271M->136M(494M) 0.241ms
[2020-08-08T13:29:48.185+0300][20.992s][info][gc] GC(819) Pause Young (Allocation Failure) 271M->136M(494M) 0.236ms
[2020-08-08T13:29:48.207+0300][21.013s][info][gc] GC(820) Pause Young (Allocation Failure) 271M->136M(494M) 0.248ms
[2020-08-08T13:29:48.228+0300][21.035s][info][gc] GC(821) Pause Young (Allocation Failure) 271M->136M(494M) 0.332ms
[2020-08-08T13:29:48.251+0300][21.058s][info][gc] GC(822) Pause Young (Allocation Failure) 271M->136M(494M) 0.257ms
[2020-08-08T13:29:48.273+0300][21.079s][info][gc] GC(823) Pause Young (Allocation Failure) 271M->136M(494M) 0.241ms
[2020-08-08T13:29:48.293+0300][21.100s][info][gc] GC(824) Pause Young (Allocation Failure) 271M->136M(494M) 0.240ms
[2020-08-08T13:29:48.317+0300][21.123s][info][gc] GC(825) Pause Young (Allocation Failure) 271M->136M(494M) 0.252ms
[2020-08-08T13:29:48.340+0300][21.146s][info][gc] GC(826) Pause Young (Allocation Failure) 271M->136M(494M) 0.260ms
[2020-08-08T13:29:48.370+0300][21.176s][info][gc] GC(827) Pause Young (Allocation Failure) 271M->136M(494M) 0.312ms
[2020-08-08T13:29:48.398+0300][21.205s][info][gc] GC(828) Pause Young (Allocation Failure) 271M->136M(494M) 0.259ms
[2020-08-08T13:29:48.429+0300][21.236s][info][gc] GC(829) Pause Young (Allocation Failure) 271M->136M(494M) 0.485ms
[2020-08-08T13:29:48.460+0300][21.267s][info][gc] GC(830) Pause Young (Allocation Failure) 271M->136M(494M) 0.401ms
[2020-08-08T13:29:48.491+0300][21.298s][info][gc] GC(831) Pause Young (Allocation Failure) 271M->136M(494M) 0.296ms
[2020-08-08T13:29:48.519+0300][21.325s][info][gc] GC(832) Pause Young (Allocation Failure) 271M->136M(494M) 0.434ms
[2020-08-08T13:29:48.548+0300][21.354s][info][gc] GC(833) Pause Young (Allocation Failure) 271M->136M(494M) 0.322ms
[2020-08-08T13:29:48.580+0300][21.386s][info][gc] GC(834) Pause Young (Allocation Failure) 271M->136M(494M) 0.434ms
[2020-08-08T13:29:48.611+0300][21.417s][info][gc] GC(835) Pause Young (Allocation Failure) 271M->136M(494M) 0.322ms
[2020-08-08T13:29:48.640+0300][21.446s][info][gc] GC(836) Pause Young (Allocation Failure) 271M->136M(494M) 0.240ms
[2020-08-08T13:29:48.668+0300][21.474s][info][gc] GC(837) Pause Young (Allocation Failure) 271M->136M(494M) 0.263ms
[2020-08-08T13:29:48.692+0300][21.499s][info][gc] GC(838) Pause Young (Allocation Failure) 271M->136M(494M) 0.235ms
[2020-08-08T13:29:48.714+0300][21.521s][info][gc] GC(839) Pause Young (Allocation Failure) 271M->136M(494M) 0.239ms
[2020-08-08T13:29:48.735+0300][21.542s][info][gc] GC(840) Pause Young (Allocation Failure) 271M->136M(494M) 0.264ms
[2020-08-08T13:29:48.756+0300][21.563s][info][gc] GC(841) Pause Young (Allocation Failure) 271M->136M(494M) 0.295ms
[2020-08-08T13:29:48.779+0300][21.585s][info][gc] GC(842) Pause Young (Allocation Failure) 271M->136M(494M) 0.239ms
[2020-08-08T13:29:48.800+0300][21.607s][info][gc] GC(843) Pause Young (Allocation Failure) 271M->136M(494M) 0.237ms
[2020-08-08T13:29:48.822+0300][21.628s][info][gc] GC(844) Pause Young (Allocation Failure) 271M->136M(494M) 0.357ms
[2020-08-08T13:29:48.844+0300][21.650s][info][gc] GC(845) Pause Young (Allocation Failure) 271M->136M(494M) 0.264ms
[2020-08-08T13:29:48.865+0300][21.672s][info][gc] GC(846) Pause Young (Allocation Failure) 271M->136M(494M) 0.238ms
[2020-08-08T13:29:48.885+0300][21.691s][info][gc] GC(847) Pause Young (Allocation Failure) 271M->136M(494M) 0.260ms
[2020-08-08T13:29:48.906+0300][21.713s][info][gc] GC(848) Pause Young (Allocation Failure) 271M->136M(494M) 0.237ms
[2020-08-08T13:29:48.927+0300][21.733s][info][gc] GC(849) Pause Young (Allocation Failure) 271M->136M(494M) 0.236ms
[2020-08-08T13:29:48.948+0300][21.754s][info][gc] GC(850) Pause Young (Allocation Failure) 271M->136M(494M) 0.287ms
[2020-08-08T13:29:48.970+0300][21.777s][info][gc] GC(851) Pause Young (Allocation Failure) 271M->136M(494M) 0.241ms
[2020-08-08T13:29:48.992+0300][21.799s][info][gc] GC(852) Pause Young (Allocation Failure) 271M->136M(494M) 0.238ms
[2020-08-08T13:29:49.012+0300][21.818s][info][gc] GC(853) Pause Young (Allocation Failure) 271M->136M(494M) 0.240ms
[2020-08-08T13:29:49.032+0300][21.839s][info][gc] GC(854) Pause Young (Allocation Failure) 271M->136M(494M) 0.241ms
[2020-08-08T13:29:49.053+0300][21.860s][info][gc] GC(855) Pause Young (Allocation Failure) 271M->136M(494M) 0.234ms
[2020-08-08T13:29:49.075+0300][21.881s][info][gc] GC(856) Pause Young (Allocation Failure) 271M->136M(494M) 0.241ms
[2020-08-08T13:29:49.095+0300][21.902s][info][gc] GC(857) Pause Young (Allocation Failure) 271M->136M(494M) 0.233ms
[2020-08-08T13:29:49.116+0300][21.923s][info][gc] GC(858) Pause Young (Allocation Failure) 271M->136M(494M) 0.240ms
[2020-08-08T13:29:49.138+0300][21.945s][info][gc] GC(859) Pause Young (Allocation Failure) 271M->136M(494M) 0.234ms
[2020-08-08T13:29:49.159+0300][21.965s][info][gc] GC(860) Pause Young (Allocation Failure) 271M->136M(494M) 0.236ms
[2020-08-08T13:29:49.183+0300][21.990s][info][gc] GC(861) Pause Young (Allocation Failure) 271M->136M(494M) 0.234ms
[2020-08-08T13:29:49.204+0300][22.011s][info][gc] GC(862) Pause Young (Allocation Failure) 271M->136M(494M) 0.278ms
[2020-08-08T13:29:49.226+0300][22.033s][info][gc] GC(863) Pause Young (Allocation Failure) 271M->136M(494M) 0.247ms
[2020-08-08T13:29:49.248+0300][22.055s][info][gc] GC(864) Pause Young (Allocation Failure) 271M->136M(494M) 0.240ms
[2020-08-08T13:29:49.269+0300][22.075s][info][gc] GC(865) Pause Young (Allocation Failure) 271M->136M(494M) 0.238ms
[2020-08-08T13:29:49.289+0300][22.095s][info][gc] GC(866) Pause Young (Allocation Failure) 271M->136M(494M) 0.248ms
[2020-08-08T13:29:49.310+0300][22.116s][info][gc] GC(867) Pause Young (Allocation Failure) 271M->136M(494M) 0.265ms
[2020-08-08T13:29:49.330+0300][22.137s][info][gc] GC(868) Pause Young (Allocation Failure) 271M->136M(494M) 0.243ms
[2020-08-08T13:29:49.351+0300][22.157s][info][gc] GC(869) Pause Young (Allocation Failure) 271M->136M(494M) 0.243ms
[2020-08-08T13:29:49.372+0300][22.178s][info][gc] GC(870) Pause Young (Allocation Failure) 271M->136M(494M) 0.243ms
[2020-08-08T13:29:49.392+0300][22.198s][info][gc] GC(871) Pause Young (Allocation Failure) 271M->136M(494M) 0.239ms
[2020-08-08T13:29:49.416+0300][22.222s][info][gc] GC(872) Pause Young (Allocation Failure) 271M->136M(494M) 0.241ms
[2020-08-08T13:29:49.438+0300][22.245s][info][gc] GC(873) Pause Young (Allocation Failure) 271M->136M(494M) 0.374ms
[2020-08-08T13:29:49.459+0300][22.265s][info][gc] GC(874) Pause Young (Allocation Failure) 271M->136M(494M) 0.241ms
[2020-08-08T13:29:49.480+0300][22.286s][info][gc] GC(875) Pause Young (Allocation Failure) 271M->136M(494M) 0.255ms
[2020-08-08T13:29:49.500+0300][22.307s][info][gc] GC(876) Pause Young (Allocation Failure) 271M->136M(494M) 0.244ms
[2020-08-08T13:29:49.521+0300][22.328s][info][gc] GC(877) Pause Young (Allocation Failure) 271M->136M(494M) 0.298ms
[2020-08-08T13:29:49.542+0300][22.348s][info][gc] GC(878) Pause Young (Allocation Failure) 271M->136M(494M) 0.453ms
[2020-08-08T13:29:49.573+0300][22.380s][info][gc] GC(879) Pause Young (Allocation Failure) 271M->136M(494M) 0.244ms
[2020-08-08T13:29:49.600+0300][22.406s][info][gc] GC(880) Pause Young (Allocation Failure) 271M->136M(494M) 0.233ms
[2020-08-08T13:29:49.623+0300][22.430s][info][gc] GC(881) Pause Young (Allocation Failure) 271M->136M(494M) 0.241ms
[2020-08-08T13:29:49.654+0300][22.461s][info][gc] GC(882) Pause Young (Allocation Failure) 271M->136M(494M) 0.339ms
[2020-08-08T13:29:49.678+0300][22.485s][info][gc] GC(883) Pause Young (Allocation Failure) 271M->136M(494M) 0.262ms
[2020-08-08T13:29:49.701+0300][22.508s][info][gc] GC(884) Pause Young (Allocation Failure) 271M->136M(494M) 0.239ms
[2020-08-08T13:29:49.727+0300][22.533s][info][gc] GC(885) Pause Young (Allocation Failure) 271M->136M(494M) 0.236ms
[2020-08-08T13:29:49.748+0300][22.555s][info][gc] GC(886) Pause Young (Allocation Failure) 271M->136M(494M) 0.236ms
[2020-08-08T13:29:49.770+0300][22.576s][info][gc] GC(887) Pause Young (Allocation Failure) 271M->136M(494M) 0.239ms
[2020-08-08T13:29:49.791+0300][22.597s][info][gc] GC(888) Pause Young (Allocation Failure) 271M->136M(494M) 0.242ms
[2020-08-08T13:29:49.812+0300][22.619s][info][gc] GC(889) Pause Young (Allocation Failure) 271M->136M(494M) 0.241ms
[2020-08-08T13:29:49.833+0300][22.640s][info][gc] GC(890) Pause Young (Allocation Failure) 271M->136M(494M) 0.238ms
[2020-08-08T13:29:49.857+0300][22.663s][info][gc] GC(891) Pause Young (Allocation Failure) 271M->136M(494M) 0.296ms
[2020-08-08T13:29:49.881+0300][22.687s][info][gc] GC(892) Pause Young (Allocation Failure) 271M->136M(494M) 0.241ms
[2020-08-08T13:29:49.905+0300][22.711s][info][gc] GC(893) Pause Young (Allocation Failure) 271M->136M(494M) 0.351ms
[2020-08-08T13:29:49.929+0300][22.735s][info][gc] GC(894) Pause Young (Allocation Failure) 271M->136M(494M) 0.346ms
[2020-08-08T13:29:49.953+0300][22.760s][info][gc] GC(895) Pause Young (Allocation Failure) 271M->136M(494M) 0.240ms
[2020-08-08T13:29:49.977+0300][22.783s][info][gc] GC(896) Pause Young (Allocation Failure) 271M->136M(494M) 0.239ms
[2020-08-08T13:29:49.998+0300][22.805s][info][gc] GC(897) Pause Young (Allocation Failure) 271M->136M(494M) 0.242ms
[2020-08-08T13:29:50.019+0300][22.826s][info][gc] GC(898) Pause Young (Allocation Failure) 271M->136M(494M) 0.239ms
[2020-08-08T13:29:50.039+0300][22.845s][info][gc] GC(899) Pause Young (Allocation Failure) 271M->136M(494M) 0.242ms
[2020-08-08T13:29:50.060+0300][22.866s][info][gc] GC(900) Pause Young (Allocation Failure) 271M->136M(494M) 0.239ms
[2020-08-08T13:29:50.080+0300][22.887s][info][gc] GC(901) Pause Young (Allocation Failure) 271M->136M(494M) 0.238ms
[2020-08-08T13:29:50.103+0300][22.910s][info][gc] GC(902) Pause Young (Allocation Failure) 271M->136M(494M) 0.239ms
[2020-08-08T13:29:50.128+0300][22.935s][info][gc] GC(903) Pause Young (Allocation Failure) 271M->136M(494M) 0.240ms
[2020-08-08T13:29:50.152+0300][22.959s][info][gc] GC(904) Pause Young (Allocation Failure) 271M->136M(494M) 0.241ms
[2020-08-08T13:29:50.177+0300][22.984s][info][gc] GC(905) Pause Young (Allocation Failure) 271M->136M(494M) 0.429ms
[2020-08-08T13:29:50.200+0300][23.007s][info][gc] GC(906) Pause Young (Allocation Failure) 271M->136M(494M) 0.238ms
[2020-08-08T13:29:50.223+0300][23.029s][info][gc] GC(907) Pause Young (Allocation Failure) 271M->136M(494M) 0.247ms
[2020-08-08T13:29:50.244+0300][23.050s][info][gc] GC(908) Pause Young (Allocation Failure) 271M->136M(494M) 0.238ms
[2020-08-08T13:29:50.266+0300][23.072s][info][gc] GC(909) Pause Young (Allocation Failure) 271M->136M(494M) 0.265ms
[2020-08-08T13:29:50.286+0300][23.092s][info][gc] GC(910) Pause Young (Allocation Failure) 271M->136M(494M) 0.241ms
[2020-08-08T13:29:50.307+0300][23.113s][info][gc] GC(911) Pause Young (Allocation Failure) 271M->136M(494M) 0.238ms
[2020-08-08T13:29:50.330+0300][23.137s][info][gc] GC(912) Pause Young (Allocation Failure) 271M->136M(494M) 0.337ms
[2020-08-08T13:29:50.355+0300][23.162s][info][gc] GC(913) Pause Young (Allocation Failure) 271M->136M(494M) 0.243ms
[2020-08-08T13:29:50.379+0300][23.186s][info][gc] GC(914) Pause Young (Allocation Failure) 271M->136M(494M) 0.268ms
[2020-08-08T13:29:50.403+0300][23.210s][info][gc] GC(915) Pause Young (Allocation Failure) 271M->136M(494M) 0.237ms
[2020-08-08T13:29:50.428+0300][23.234s][info][gc] GC(916) Pause Young (Allocation Failure) 271M->136M(494M) 0.286ms
[2020-08-08T13:29:50.448+0300][23.255s][info][gc] GC(917) Pause Young (Allocation Failure) 271M->136M(494M) 0.243ms
[2020-08-08T13:29:50.469+0300][23.276s][info][gc] GC(918) Pause Young (Allocation Failure) 271M->136M(494M) 0.268ms
[2020-08-08T13:29:50.490+0300][23.297s][info][gc] GC(919) Pause Young (Allocation Failure) 271M->136M(494M) 0.238ms
[2020-08-08T13:29:50.510+0300][23.316s][info][gc] GC(920) Pause Young (Allocation Failure) 271M->136M(494M) 0.255ms
[2020-08-08T13:29:50.530+0300][23.337s][info][gc] GC(921) Pause Young (Allocation Failure) 271M->136M(494M) 0.244ms
[2020-08-08T13:29:50.558+0300][23.364s][info][gc] GC(922) Pause Young (Allocation Failure) 271M->136M(494M) 0.332ms
[2020-08-08T13:29:50.583+0300][23.390s][info][gc] GC(923) Pause Young (Allocation Failure) 271M->136M(494M) 0.288ms
[2020-08-08T13:29:50.609+0300][23.415s][info][gc] GC(924) Pause Young (Allocation Failure) 271M->136M(494M) 0.347ms
[2020-08-08T13:29:50.638+0300][23.444s][info][gc] GC(925) Pause Young (Allocation Failure) 271M->136M(494M) 0.456ms
[2020-08-08T13:29:50.661+0300][23.468s][info][gc] GC(926) Pause Young (Allocation Failure) 271M->136M(494M) 0.273ms
[2020-08-08T13:29:50.683+0300][23.490s][info][gc] GC(927) Pause Young (Allocation Failure) 271M->136M(494M) 0.241ms
[2020-08-08T13:29:50.704+0300][23.510s][info][gc] GC(928) Pause Young (Allocation Failure) 271M->136M(494M) 0.357ms
[2020-08-08T13:29:50.725+0300][23.531s][info][gc] GC(929) Pause Young (Allocation Failure) 271M->136M(494M) 0.242ms
[2020-08-08T13:29:50.746+0300][23.553s][info][gc] GC(930) Pause Young (Allocation Failure) 271M->136M(494M) 0.453ms
[2020-08-08T13:29:50.769+0300][23.575s][info][gc] GC(931) Pause Young (Allocation Failure) 271M->136M(494M) 0.244ms
[2020-08-08T13:29:50.790+0300][23.596s][info][gc] GC(932) Pause Young (Allocation Failure) 271M->136M(494M) 0.244ms
[2020-08-08T13:29:50.814+0300][23.621s][info][gc] GC(933) Pause Young (Allocation Failure) 271M->136M(494M) 0.262ms
[2020-08-08T13:29:50.837+0300][23.643s][info][gc] GC(934) Pause Young (Allocation Failure) 271M->136M(494M) 0.267ms
[2020-08-08T13:29:50.865+0300][23.672s][info][gc] GC(935) Pause Young (Allocation Failure) 271M->136M(494M) 0.297ms
[2020-08-08T13:29:50.886+0300][23.692s][info][gc] GC(936) Pause Young (Allocation Failure) 271M->136M(494M) 0.447ms
[2020-08-08T13:29:50.907+0300][23.714s][info][gc] GC(937) Pause Young (Allocation Failure) 271M->136M(494M) 0.247ms
[2020-08-08T13:29:50.928+0300][23.734s][info][gc] GC(938) Pause Young (Allocation Failure) 271M->136M(494M) 0.236ms
[2020-08-08T13:29:50.948+0300][23.755s][info][gc] GC(939) Pause Young (Allocation Failure) 271M->136M(494M) 0.261ms
[2020-08-08T13:29:50.970+0300][23.777s][info][gc] GC(940) Pause Young (Allocation Failure) 271M->136M(494M) 0.240ms
[2020-08-08T13:29:50.994+0300][23.801s][info][gc] GC(941) Pause Young (Allocation Failure) 271M->136M(494M) 0.255ms
[2020-08-08T13:29:51.019+0300][23.825s][info][gc] GC(942) Pause Young (Allocation Failure) 271M->136M(494M) 0.248ms
[2020-08-08T13:29:51.041+0300][23.847s][info][gc] GC(943) Pause Young (Allocation Failure) 271M->136M(494M) 0.249ms
[2020-08-08T13:29:51.066+0300][23.873s][info][gc] GC(944) Pause Young (Allocation Failure) 271M->136M(494M) 0.271ms
[2020-08-08T13:29:51.088+0300][23.895s][info][gc] GC(945) Pause Young (Allocation Failure) 271M->136M(494M) 0.527ms
[2020-08-08T13:29:51.110+0300][23.916s][info][gc] GC(946) Pause Young (Allocation Failure) 271M->136M(494M) 0.240ms
[2020-08-08T13:29:51.132+0300][23.938s][info][gc] GC(947) Pause Young (Allocation Failure) 271M->136M(494M) 0.252ms
[2020-08-08T13:29:51.153+0300][23.959s][info][gc] GC(948) Pause Young (Allocation Failure) 271M->136M(494M) 0.243ms
[2020-08-08T13:29:51.173+0300][23.980s][info][gc] GC(949) Pause Young (Allocation Failure) 271M->136M(494M) 0.264ms
[2020-08-08T13:29:51.194+0300][24.000s][info][gc] GC(950) Pause Young (Allocation Failure) 271M->136M(494M) 0.241ms
[2020-08-08T13:29:51.217+0300][24.024s][info][gc] GC(951) Pause Young (Allocation Failure) 271M->136M(494M) 0.430ms
[2020-08-08T13:29:51.243+0300][24.049s][info][gc] GC(952) Pause Young (Allocation Failure) 271M->136M(494M) 0.253ms
[2020-08-08T13:29:51.268+0300][24.075s][info][gc] GC(953) Pause Young (Allocation Failure) 271M->136M(494M) 0.240ms
[2020-08-08T13:29:51.291+0300][24.098s][info][gc] GC(954) Pause Young (Allocation Failure) 271M->136M(494M) 0.458ms
[2020-08-08T13:29:51.315+0300][24.121s][info][gc] GC(955) Pause Young (Allocation Failure) 271M->136M(494M) 0.236ms
[2020-08-08T13:29:51.335+0300][24.141s][info][gc] GC(956) Pause Young (Allocation Failure) 271M->136M(494M) 0.244ms
[2020-08-08T13:29:51.356+0300][24.163s][info][gc] GC(957) Pause Young (Allocation Failure) 271M->136M(494M) 0.238ms
[2020-08-08T13:29:51.377+0300][24.183s][info][gc] GC(958) Pause Young (Allocation Failure) 271M->136M(494M) 0.246ms
[2020-08-08T13:29:51.397+0300][24.204s][info][gc] GC(959) Pause Young (Allocation Failure) 271M->136M(494M) 0.243ms
[2020-08-08T13:29:51.419+0300][24.225s][info][gc] GC(960) Pause Young (Allocation Failure) 271M->136M(494M) 0.238ms
[2020-08-08T13:29:51.443+0300][24.249s][info][gc] GC(961) Pause Young (Allocation Failure) 271M->136M(494M) 0.238ms
[2020-08-08T13:29:51.467+0300][24.273s][info][gc] GC(962) Pause Young (Allocation Failure) 271M->136M(494M) 0.253ms
[2020-08-08T13:29:51.491+0300][24.297s][info][gc] GC(963) Pause Young (Allocation Failure) 271M->136M(494M) 0.246ms
[2020-08-08T13:29:51.514+0300][24.321s][info][gc] GC(964) Pause Young (Allocation Failure) 271M->136M(494M) 0.245ms
[2020-08-08T13:29:51.536+0300][24.343s][info][gc] GC(965) Pause Young (Allocation Failure) 271M->136M(494M) 0.242ms
[2020-08-08T13:29:51.559+0300][24.365s][info][gc] GC(966) Pause Young (Allocation Failure) 271M->136M(494M) 0.251ms
[2020-08-08T13:29:51.579+0300][24.386s][info][gc] GC(967) Pause Young (Allocation Failure) 271M->136M(494M) 0.253ms
[2020-08-08T13:29:51.601+0300][24.407s][info][gc] GC(968) Pause Young (Allocation Failure) 271M->136M(494M) 0.256ms
[2020-08-08T13:29:51.624+0300][24.431s][info][gc] GC(969) Pause Young (Allocation Failure) 271M->136M(494M) 0.463ms
[2020-08-08T13:29:51.645+0300][24.452s][info][gc] GC(970) Pause Young (Allocation Failure) 271M->136M(494M) 0.238ms
[2020-08-08T13:29:51.669+0300][24.475s][info][gc] GC(971) Pause Young (Allocation Failure) 271M->136M(494M) 0.468ms
[2020-08-08T13:29:51.693+0300][24.499s][info][gc] GC(972) Pause Young (Allocation Failure) 271M->136M(494M) 0.241ms
[2020-08-08T13:29:51.717+0300][24.523s][info][gc] GC(973) Pause Young (Allocation Failure) 271M->136M(494M) 0.265ms
[2020-08-08T13:29:51.740+0300][24.547s][info][gc] GC(974) Pause Young (Allocation Failure) 271M->136M(494M) 0.241ms
[2020-08-08T13:29:51.763+0300][24.569s][info][gc] GC(975) Pause Young (Allocation Failure) 271M->136M(494M) 0.242ms
[2020-08-08T13:29:51.784+0300][24.591s][info][gc] GC(976) Pause Young (Allocation Failure) 271M->136M(494M) 0.242ms
[2020-08-08T13:29:51.805+0300][24.612s][info][gc] GC(977) Pause Young (Allocation Failure) 271M->136M(494M) 0.252ms
[2020-08-08T13:29:51.826+0300][24.632s][info][gc] GC(978) Pause Young (Allocation Failure) 271M->136M(494M) 0.244ms
[2020-08-08T13:29:51.846+0300][24.653s][info][gc] GC(979) Pause Young (Allocation Failure) 271M->136M(494M) 0.264ms
[2020-08-08T13:29:51.868+0300][24.674s][info][gc] GC(980) Pause Young (Allocation Failure) 271M->136M(494M) 0.338ms
[2020-08-08T13:29:51.893+0300][24.699s][info][gc] GC(981) Pause Young (Allocation Failure) 271M->136M(494M) 0.279ms
[2020-08-08T13:29:51.915+0300][24.722s][info][gc] GC(982) Pause Young (Allocation Failure) 271M->136M(494M) 0.427ms
[2020-08-08T13:29:51.940+0300][24.747s][info][gc] GC(983) Pause Young (Allocation Failure) 271M->136M(494M) 0.251ms
[2020-08-08T13:29:51.964+0300][24.770s][info][gc] GC(984) Pause Young (Allocation Failure) 271M->136M(494M) 0.296ms
[2020-08-08T13:29:51.990+0300][24.796s][info][gc] GC(985) Pause Young (Allocation Failure) 271M->136M(494M) 0.270ms
[2020-08-08T13:29:52.011+0300][24.817s][info][gc] GC(986) Pause Young (Allocation Failure) 271M->136M(494M) 0.239ms
[2020-08-08T13:29:52.031+0300][24.838s][info][gc] GC(987) Pause Young (Allocation Failure) 271M->136M(494M) 0.241ms
[2020-08-08T13:29:52.052+0300][24.858s][info][gc] GC(988) Pause Young (Allocation Failure) 271M->136M(494M) 0.241ms
[2020-08-08T13:29:52.073+0300][24.879s][info][gc] GC(989) Pause Young (Allocation Failure) 271M->136M(494M) 0.239ms
[2020-08-08T13:29:52.094+0300][24.900s][info][gc] GC(990) Pause Young (Allocation Failure) 271M->136M(494M) 0.242ms
[2020-08-08T13:29:52.121+0300][24.927s][info][gc] GC(991) Pause Young (Allocation Failure) 271M->136M(494M) 0.763ms
[2020-08-08T13:29:52.151+0300][24.958s][info][gc] GC(992) Pause Young (Allocation Failure) 271M->136M(494M) 0.246ms
[2020-08-08T13:29:52.181+0300][24.987s][info][gc] GC(993) Pause Young (Allocation Failure) 271M->136M(494M) 0.348ms
[2020-08-08T13:29:52.210+0300][25.017s][info][gc] GC(994) Pause Young (Allocation Failure) 271M->136M(494M) 0.379ms
[2020-08-08T13:29:52.241+0300][25.048s][info][gc] GC(995) Pause Young (Allocation Failure) 271M->136M(494M) 0.251ms
[2020-08-08T13:29:52.273+0300][25.079s][info][gc] GC(996) Pause Young (Allocation Failure) 271M->136M(494M) 0.372ms
[2020-08-08T13:29:52.302+0300][25.109s][info][gc] GC(997) Pause Young (Allocation Failure) 271M->136M(494M) 0.258ms
[2020-08-08T13:29:52.332+0300][25.138s][info][gc] GC(998) Pause Young (Allocation Failure) 271M->136M(494M) 0.385ms
[2020-08-08T13:29:52.363+0300][25.170s][info][gc] GC(999) Pause Young (Allocation Failure) 271M->136M(494M) 0.343ms
[2020-08-08T13:29:52.387+0300][25.193s][info][gc] GC(1000) Pause Young (Allocation Failure) 271M->136M(494M) 0.261ms
[2020-08-08T13:29:52.415+0300][25.222s][info][gc] GC(1001) Pause Young (Allocation Failure) 271M->136M(494M) 0.330ms
[2020-08-08T13:29:52.445+0300][25.252s][info][gc] GC(1002) Pause Young (Allocation Failure) 271M->136M(494M) 0.320ms
