[2020-08-08T11:28:32.755+0300][0.010s][info][gc] Using Parallel
[2020-08-08T11:28:33.111+0300][0.366s][info][gc] GC(0) Pause Young (Allocation Failure) 128M->118M(491M) 104.142ms
[2020-08-08T11:28:33.235+0300][0.490s][info][gc] GC(1) Pause Young (Allocation Failure) 247M->203M(491M) 91.623ms
[2020-08-08T11:28:33.339+0300][0.594s][info][gc] GC(2) Pause Young (Allocation Failure) 331M->281M(491M) 79.409ms
[2020-08-08T11:28:33.598+0300][0.852s][info][gc] GC(3) Pause Full (Ergonomics) 281M->98M(491M) 258.184ms
[2020-08-08T11:28:33.756+0300][1.011s][info][gc] GC(4) Pause Young (Allocation Failure) 227M->225M(491M) 118.396ms
[2020-08-08T11:28:33.855+0300][1.110s][info][gc] GC(5) Pause Young (Allocation Failure) 354M->287M(420M) 62.246ms
[2020-08-08T11:28:34.062+0300][1.317s][info][gc] GC(6) Pause Full (Ergonomics) 287M->83M(455M) 206.343ms
[2020-08-08T11:28:34.198+0300][1.453s][info][gc] GC(7) Pause Young (Allocation Failure) 137M->135M(455M) 121.205ms
[2020-08-08T11:28:34.327+0300][1.582s][info][gc] GC(8) Pause Young (Allocation Failure) 193M->193M(455M) 115.688ms
[2020-08-08T11:28:34.438+0300][1.693s][info][gc] GC(9) Pause Young (Allocation Failure) 250M->250M(455M) 91.514ms
[2020-08-08T11:28:34.487+0300][1.742s][info][gc] GC(10) Pause Young (Allocation Failure) 308M->240M(455M) 32.959ms
[2020-08-08T11:28:34.570+0300][1.825s][info][gc] GC(11) Pause Young (Allocation Failure) 298M->298M(455M) 64.679ms
[2020-08-08T11:28:34.822+0300][2.077s][info][gc] GC(12) Pause Full (Ergonomics) 298M->98M(455M) 251.567ms
[2020-08-08T11:28:34.939+0300][2.193s][info][gc] GC(13) Pause Young (Allocation Failure) 155M->155M(455M) 105.515ms
[2020-08-08T11:28:35.033+0300][2.288s][info][gc] GC(14) Pause Young (Allocation Failure) 212M->213M(455M) 83.383ms
[2020-08-08T11:28:35.360+0300][2.615s][info][gc] GC(15) Pause Young (Allocation Failure) 270M->269M(455M) 312.477ms
[2020-08-08T11:28:35.486+0300][2.741s][info][gc] GC(16) Pause Young (Allocation Failure) 327M->327M(455M) 116.408ms
[2020-08-08T11:28:35.609+0300][2.864s][info][gc] GC(17) Pause Full (Ergonomics) 327M->59M(455M) 123.680ms
[2020-08-08T11:28:35.800+0300][3.055s][info][gc] GC(18) Pause Young (Allocation Failure) 116M->116M(455M) 178.176ms
[2020-08-08T11:28:36.002+0300][3.257s][info][gc] GC(19) Pause Young (Allocation Failure) 174M->174M(455M) 194.120ms
[2020-08-08T11:28:36.102+0300][3.357s][info][gc] GC(20) Pause Young (Allocation Failure) 232M->232M(455M) 89.930ms
[2020-08-08T11:28:36.322+0300][3.577s][info][gc] GC(21) Pause Young (Allocation Failure) 289M->289M(455M) 208.055ms
[2020-08-08T11:28:36.416+0300][3.671s][info][gc] GC(22) Pause Young (Allocation Failure) 347M->347M(455M) 82.486ms
[2020-08-08T11:28:36.626+0300][3.881s][info][gc] GC(23) Pause Full (Ergonomics) 347M->79M(455M) 209.811ms
[2020-08-08T11:28:36.798+0300][4.053s][info][gc] GC(24) Pause Young (Allocation Failure) 136M->135M(455M) 157.106ms
[2020-08-08T11:28:36.914+0300][4.169s][info][gc] GC(25) Pause Young (Allocation Failure) 193M->193M(455M) 107.492ms
[2020-08-08T11:28:37.022+0300][4.277s][info][gc] GC(26) Pause Young (Allocation Failure) 250M->250M(455M) 96.101ms
[2020-08-08T11:28:37.248+0300][4.503s][info][gc] GC(27) Pause Young (Allocation Failure) 308M->308M(455M) 216.341ms
[2020-08-08T11:28:37.321+0300][4.576s][info][gc] GC(28) Pause Full (Ergonomics) 308M->40M(455M) 72.565ms
[2020-08-08T11:28:37.496+0300][4.751s][info][gc] GC(29) Pause Young (Allocation Failure) 98M->98M(455M) 164.742ms
[2020-08-08T11:28:37.748+0300][5.002s][info][gc] GC(30) Pause Young (Allocation Failure) 155M->155M(455M) 235.857ms
[2020-08-08T11:28:37.840+0300][5.095s][info][gc] GC(31) Pause Young (Allocation Failure) 213M->212M(455M) 79.835ms
[2020-08-08T11:28:38.185+0300][5.440s][info][gc] GC(32) Pause Young (Allocation Failure) 270M->269M(455M) 331.782ms
[2020-08-08T11:28:38.311+0300][5.566s][info][gc] GC(33) Pause Young (Allocation Failure) 327M->327M(455M) 114.857ms
[2020-08-08T11:28:38.436+0300][5.691s][info][gc] GC(34) Pause Full (Ergonomics) 327M->59M(455M) 125.272ms
[2020-08-08T11:28:38.630+0300][5.885s][info][gc] GC(35) Pause Young (Allocation Failure) 116M->116M(455M) 181.825ms
[2020-08-08T11:28:38.845+0300][6.100s][info][gc] GC(36) Pause Young (Allocation Failure) 174M->174M(455M) 204.203ms
[2020-08-08T11:28:38.946+0300][6.201s][info][gc] GC(37) Pause Young (Allocation Failure) 231M->231M(455M) 87.923ms
[2020-08-08T11:28:39.224+0300][6.479s][info][gc] GC(38) Pause Young (Allocation Failure) 270M->270M(455M) 269.760ms
[2020-08-08T11:28:39.314+0300][6.569s][info][gc] GC(39) Pause Young (Allocation Failure) 327M->326M(455M) 79.805ms
[2020-08-08T11:28:39.434+0300][6.689s][info][gc] GC(40) Pause Full (Ergonomics) 326M->59M(455M) 120.059ms
[2020-08-08T11:28:39.582+0300][6.837s][info][gc] GC(41) Pause Young (Allocation Failure) 116M->116M(455M) 132.823ms
[2020-08-08T11:28:39.760+0300][7.015s][info][gc] GC(42) Pause Young (Allocation Failure) 173M->173M(455M) 166.953ms
[2020-08-08T11:28:39.856+0300][7.111s][info][gc] GC(43) Pause Young (Allocation Failure) 230M->230M(455M) 83.829ms
[2020-08-08T11:28:40.178+0300][7.433s][info][gc] GC(44) Pause Young (Allocation Failure) 270M->270M(455M) 309.586ms
[2020-08-08T11:28:40.277+0300][7.532s][info][gc] GC(45) Pause Young (Allocation Failure) 328M->327M(455M) 87.382ms
[2020-08-08T11:28:40.397+0300][7.652s][info][gc] GC(46) Pause Full (Ergonomics) 327M->60M(455M) 120.189ms
[2020-08-08T11:28:40.601+0300][7.856s][info][gc] GC(47) Pause Young (Allocation Failure) 117M->117M(455M) 190.001ms
[2020-08-08T11:28:40.839+0300][8.093s][info][gc] GC(48) Pause Young (Allocation Failure) 175M->175M(455M) 222.984ms
[2020-08-08T11:28:40.950+0300][8.205s][info][gc] GC(49) Pause Young (Allocation Failure) 232M->232M(455M) 98.360ms
[2020-08-08T11:28:41.194+0300][8.449s][info][gc] GC(50) Pause Young (Allocation Failure) 271M->271M(455M) 233.855ms
[2020-08-08T11:28:41.283+0300][8.537s][info][gc] GC(51) Pause Young (Allocation Failure) 328M->328M(455M) 80.794ms
[2020-08-08T11:28:41.400+0300][8.654s][info][gc] GC(52) Pause Full (Ergonomics) 328M->60M(455M) 116.909ms
[2020-08-08T11:28:41.590+0300][8.845s][info][gc] GC(53) Pause Young (Allocation Failure) 118M->118M(455M) 180.631ms
[2020-08-08T11:28:41.800+0300][9.055s][info][gc] GC(54) Pause Young (Allocation Failure) 176M->176M(455M) 199.358ms
[2020-08-08T11:28:41.906+0300][9.161s][info][gc] GC(55) Pause Young (Allocation Failure) 233M->232M(455M) 89.091ms
[2020-08-08T11:28:42.205+0300][9.460s][info][gc] GC(56) Pause Young (Allocation Failure) 271M->271M(455M) 291.017ms
[2020-08-08T11:28:42.346+0300][9.601s][info][gc] GC(57) Pause Young (Allocation Failure) 328M->328M(455M) 132.366ms
[2020-08-08T11:28:42.477+0300][9.732s][info][gc] GC(58) Pause Full (Ergonomics) 328M->61M(455M) 131.548ms
[2020-08-08T11:28:42.653+0300][9.908s][info][gc] GC(59) Pause Young (Allocation Failure) 118M->119M(455M) 164.380ms
[2020-08-08T11:28:42.836+0300][10.091s][info][gc] GC(60) Pause Young (Allocation Failure) 176M->176M(455M) 167.469ms
[2020-08-08T11:28:42.939+0300][10.194s][info][gc] GC(61) Pause Young (Allocation Failure) 233M->233M(455M) 90.293ms
[2020-08-08T11:28:43.255+0300][10.510s][info][gc] GC(62) Pause Young (Allocation Failure) 291M->291M(455M) 306.982ms
[2020-08-08T11:28:43.345+0300][10.600s][info][gc] GC(63) Pause Young (Allocation Failure) 349M->349M(455M) 80.018ms
[2020-08-08T11:28:43.529+0300][10.784s][info][gc] GC(64) Pause Full (Ergonomics) 349M->80M(455M) 183.297ms
[2020-08-08T11:28:43.702+0300][10.956s][info][gc] GC(65) Pause Young (Allocation Failure) 138M->137M(455M) 163.495ms
[2020-08-08T11:28:43.826+0300][11.081s][info][gc] GC(66) Pause Young (Allocation Failure) 194M->194M(455M) 113.719ms
[2020-08-08T11:28:43.931+0300][11.186s][info][gc] GC(67) Pause Young (Allocation Failure) 252M->252M(455M) 94.090ms
[2020-08-08T11:28:44.156+0300][11.411s][info][gc] GC(68) Pause Young (Allocation Failure) 309M->310M(455M) 216.602ms
[2020-08-08T11:28:44.226+0300][11.481s][info][gc] GC(69) Pause Full (Ergonomics) 310M->42M(455M) 70.478ms
[2020-08-08T11:28:44.430+0300][11.685s][info][gc] GC(70) Pause Young (Allocation Failure) 100M->100M(455M) 193.584ms
[2020-08-08T11:28:44.745+0300][12.000s][info][gc] GC(71) Pause Young (Allocation Failure) 157M->157M(455M) 306.408ms
[2020-08-08T11:28:44.844+0300][12.098s][info][gc] GC(72) Pause Young (Allocation Failure) 215M->215M(455M) 83.699ms
[2020-08-08T11:28:45.160+0300][12.415s][info][gc] GC(73) Pause Young (Allocation Failure) 272M->271M(455M) 303.892ms
[2020-08-08T11:28:45.286+0300][12.540s][info][gc] GC(74) Pause Young (Allocation Failure) 329M->329M(455M) 117.655ms
[2020-08-08T11:28:45.414+0300][12.669s][info][gc] GC(75) Pause Full (Ergonomics) 329M->61M(455M) 128.806ms
[2020-08-08T11:28:45.606+0300][12.861s][info][gc] GC(76) Pause Young (Allocation Failure) 118M->118M(455M) 180.843ms
[2020-08-08T11:28:45.829+0300][13.084s][info][gc] GC(77) Pause Young (Allocation Failure) 176M->176M(455M) 214.084ms
[2020-08-08T11:28:45.929+0300][13.184s][info][gc] GC(78) Pause Young (Allocation Failure) 234M->233M(455M) 86.628ms
[2020-08-08T11:28:46.192+0300][13.447s][info][gc] GC(79) Pause Young (Allocation Failure) 291M->291M(455M) 254.209ms
[2020-08-08T11:28:46.288+0300][13.543s][info][gc] GC(80) Pause Young (Allocation Failure) 349M->349M(455M) 85.700ms
[2020-08-08T11:28:46.473+0300][13.728s][info][gc] GC(81) Pause Full (Ergonomics) 349M->79M(455M) 185.503ms
[2020-08-08T11:28:46.629+0300][13.884s][info][gc] GC(82) Pause Young (Allocation Failure) 137M->136M(455M) 144.915ms
[2020-08-08T11:28:46.745+0300][14.000s][info][gc] GC(83) Pause Young (Allocation Failure) 193M->193M(455M) 107.751ms
[2020-08-08T11:28:46.854+0300][14.109s][info][gc] GC(84) Pause Young (Allocation Failure) 251M->251M(455M) 95.640ms
[2020-08-08T11:28:47.039+0300][14.294s][info][gc] GC(85) Pause Young (Allocation Failure) 308M->309M(455M) 171.096ms
[2020-08-08T11:28:47.108+0300][14.363s][info][gc] GC(86) Pause Full (Ergonomics) 309M->41M(455M) 68.534ms
[2020-08-08T11:28:47.300+0300][14.555s][info][gc] GC(87) Pause Young (Allocation Failure) 99M->99M(455M) 181.608ms
[2020-08-08T11:28:47.595+0300][14.850s][info][gc] GC(88) Pause Young (Allocation Failure) 156M->156M(455M) 284.446ms
[2020-08-08T11:28:47.682+0300][14.937s][info][gc] GC(89) Pause Young (Allocation Failure) 214M->214M(455M) 77.278ms
[2020-08-08T11:28:47.983+0300][15.238s][info][gc] GC(90) Pause Young (Allocation Failure) 270M->270M(455M) 290.194ms
[2020-08-08T11:28:48.119+0300][15.374s][info][gc] GC(91) Pause Young (Allocation Failure) 328M->328M(455M) 124.543ms
[2020-08-08T11:28:48.243+0300][15.498s][info][gc] GC(92) Pause Full (Ergonomics) 328M->60M(455M) 124.269ms
[2020-08-08T11:28:48.448+0300][15.703s][info][gc] GC(93) Pause Young (Allocation Failure) 117M->117M(455M) 195.558ms
[2020-08-08T11:28:48.670+0300][15.925s][info][gc] GC(94) Pause Young (Allocation Failure) 175M->175M(455M) 212.494ms
[2020-08-08T11:28:48.773+0300][16.028s][info][gc] GC(95) Pause Young (Allocation Failure) 233M->233M(455M) 87.559ms
[2020-08-08T11:28:49.034+0300][16.289s][info][gc] GC(96) Pause Young (Allocation Failure) 290M->290M(455M) 252.120ms
[2020-08-08T11:28:49.125+0300][16.380s][info][gc] GC(97) Pause Young (Allocation Failure) 348M->348M(455M) 78.870ms
[2020-08-08T11:28:49.310+0300][16.565s][info][gc] GC(98) Pause Full (Ergonomics) 348M->80M(455M) 185.002ms
[2020-08-08T11:28:49.481+0300][16.736s][info][gc] GC(99) Pause Young (Allocation Failure) 136M->136M(455M) 160.539ms
[2020-08-08T11:28:49.599+0300][16.854s][info][gc] GC(100) Pause Young (Allocation Failure) 193M->193M(455M) 109.820ms
[2020-08-08T11:28:49.703+0300][16.958s][info][gc] GC(101) Pause Young (Allocation Failure) 251M->251M(455M) 93.672ms
[2020-08-08T11:28:49.870+0300][17.125s][info][gc] GC(102) Pause Young (Allocation Failure) 308M->309M(455M) 158.184ms
[2020-08-08T11:28:49.937+0300][17.192s][info][gc] GC(103) Pause Full (Ergonomics) 309M->41M(455M) 66.727ms
[2020-08-08T11:28:50.128+0300][17.383s][info][gc] GC(104) Pause Young (Allocation Failure) 99M->99M(455M) 178.450ms
[2020-08-08T11:28:50.414+0300][17.669s][info][gc] GC(105) Pause Young (Allocation Failure) 156M->156M(455M) 278.872ms
[2020-08-08T11:28:50.501+0300][17.756s][info][gc] GC(106) Pause Young (Allocation Failure) 214M->214M(455M) 75.955ms
[2020-08-08T11:28:50.820+0300][18.075s][info][gc] GC(107) Pause Young (Allocation Failure) 270M->270M(455M) 309.741ms
[2020-08-08T11:28:50.937+0300][18.192s][info][gc] GC(108) Pause Young (Allocation Failure) 328M->328M(455M) 107.083ms
[2020-08-08T11:28:51.062+0300][18.317s][info][gc] GC(109) Pause Full (Ergonomics) 328M->60M(455M) 125.117ms
[2020-08-08T11:28:51.249+0300][18.504s][info][gc] GC(110) Pause Young (Allocation Failure) 117M->117M(455M) 173.768ms
[2020-08-08T11:28:51.441+0300][18.696s][info][gc] GC(111) Pause Young (Allocation Failure) 175M->175M(455M) 184.394ms
[2020-08-08T11:28:51.536+0300][18.791s][info][gc] GC(112) Pause Young (Allocation Failure) 233M->233M(455M) 84.883ms
[2020-08-08T11:28:51.797+0300][19.052s][info][gc] GC(113) Pause Young (Allocation Failure) 290M->290M(455M) 251.318ms
[2020-08-08T11:28:51.889+0300][19.144s][info][gc] GC(114) Pause Young (Allocation Failure) 348M->348M(455M) 78.964ms
[2020-08-08T11:28:52.067+0300][19.322s][info][gc] GC(115) Pause Full (Ergonomics) 348M->79M(455M) 177.749ms
[2020-08-08T11:28:52.229+0300][19.484s][info][gc] GC(116) Pause Young (Allocation Failure) 136M->136M(455M) 149.869ms
[2020-08-08T11:28:52.342+0300][19.597s][info][gc] GC(117) Pause Young (Allocation Failure) 193M->193M(455M) 104.413ms
[2020-08-08T11:28:52.445+0300][19.700s][info][gc] GC(118) Pause Young (Allocation Failure) 251M->251M(455M) 93.598ms
[2020-08-08T11:28:52.616+0300][19.871s][info][gc] GC(119) Pause Young (Allocation Failure) 308M->309M(455M) 161.849ms
[2020-08-08T11:28:52.685+0300][19.940s][info][gc] GC(120) Pause Full (Ergonomics) 309M->41M(455M) 69.028ms
[2020-08-08T11:28:52.871+0300][20.126s][info][gc] GC(121) Pause Young (Allocation Failure) 99M->99M(455M) 175.042ms
[2020-08-08T11:28:53.161+0300][20.416s][info][gc] GC(122) Pause Young (Allocation Failure) 156M->156M(455M) 279.843ms
[2020-08-08T11:28:53.256+0300][20.511s][info][gc] GC(123) Pause Young (Allocation Failure) 214M->214M(455M) 82.269ms
[2020-08-08T11:28:53.552+0300][20.807s][info][gc] GC(124) Pause Young (Allocation Failure) 270M->270M(455M) 280.707ms
[2020-08-08T11:28:53.685+0300][20.940s][info][gc] GC(125) Pause Young (Allocation Failure) 328M->328M(455M) 123.977ms
[2020-08-08T11:28:53.807+0300][21.062s][info][gc] GC(126) Pause Full (Ergonomics) 328M->60M(455M) 121.797ms
[2020-08-08T11:28:54.018+0300][21.273s][info][gc] GC(127) Pause Young (Allocation Failure) 117M->117M(455M) 198.348ms
[2020-08-08T11:28:54.242+0300][21.497s][info][gc] GC(128) Pause Young (Allocation Failure) 175M->175M(455M) 212.970ms
[2020-08-08T11:28:54.339+0300][21.594s][info][gc] GC(129) Pause Young (Allocation Failure) 233M->233M(455M) 87.326ms
[2020-08-08T11:28:54.597+0300][21.852s][info][gc] GC(130) Pause Young (Allocation Failure) 290M->290M(455M) 247.615ms
[2020-08-08T11:28:54.695+0300][21.950s][info][gc] GC(131) Pause Young (Allocation Failure) 348M->348M(455M) 87.329ms
[2020-08-08T11:28:54.875+0300][22.130s][info][gc] GC(132) Pause Full (Ergonomics) 348M->79M(455M) 179.301ms
[2020-08-08T11:28:55.048+0300][22.303s][info][gc] GC(133) Pause Young (Allocation Failure) 136M->136M(455M) 162.345ms
[2020-08-08T11:28:55.177+0300][22.432s][info][gc] GC(134) Pause Young (Allocation Failure) 193M->193M(455M) 120.396ms
[2020-08-08T11:28:55.284+0300][22.539s][info][gc] GC(135) Pause Young (Allocation Failure) 251M->251M(455M) 95.874ms
[2020-08-08T11:28:55.459+0300][22.714s][info][gc] GC(136) Pause Young (Allocation Failure) 308M->309M(455M) 165.540ms
[2020-08-08T11:28:55.531+0300][22.786s][info][gc] GC(137) Pause Full (Ergonomics) 309M->41M(455M) 71.201ms
[2020-08-08T11:28:55.732+0300][22.987s][info][gc] GC(138) Pause Young (Allocation Failure) 98M->98M(455M) 191.198ms
[2020-08-08T11:28:56.045+0300][23.300s][info][gc] GC(139) Pause Young (Allocation Failure) 156M->156M(455M) 303.761ms
[2020-08-08T11:28:56.141+0300][23.396s][info][gc] GC(140) Pause Young (Allocation Failure) 214M->213M(455M) 82.943ms
[2020-08-08T11:28:56.522+0300][23.777s][info][gc] GC(141) Pause Young (Allocation Failure) 271M->270M(455M) 371.041ms
[2020-08-08T11:28:56.658+0300][23.913s][info][gc] GC(142) Pause Young (Allocation Failure) 327M->327M(455M) 127.829ms
[2020-08-08T11:28:56.782+0300][24.037s][info][gc] GC(143) Pause Full (Ergonomics) 327M->59M(455M) 124.316ms
[2020-08-08T11:28:56.973+0300][24.228s][info][gc] GC(144) Pause Young (Allocation Failure) 117M->117M(455M) 179.746ms
[2020-08-08T11:28:57.191+0300][24.446s][info][gc] GC(145) Pause Young (Allocation Failure) 175M->175M(455M) 210.564ms
[2020-08-08T11:28:57.297+0300][24.552s][info][gc] GC(146) Pause Young (Allocation Failure) 232M->232M(455M) 93.556ms
[2020-08-08T11:28:57.556+0300][24.811s][info][gc] GC(147) Pause Young (Allocation Failure) 290M->290M(455M) 251.127ms
[2020-08-08T11:28:57.644+0300][24.899s][info][gc] GC(148) Pause Young (Allocation Failure) 347M->347M(455M) 77.537ms
[2020-08-08T11:28:57.829+0300][25.084s][info][gc] GC(149) Pause Full (Ergonomics) 347M->79M(455M) 184.879ms
[2020-08-08T11:28:58.024+0300][25.279s][info][gc] GC(150) Pause Young (Allocation Failure) 136M->136M(455M) 185.660ms
[2020-08-08T11:28:58.164+0300][25.419s][info][gc] GC(151) Pause Young (Allocation Failure) 193M->193M(455M) 129.225ms
[2020-08-08T11:28:58.278+0300][25.533s][info][gc] GC(152) Pause Young (Allocation Failure) 251M->251M(455M) 98.564ms
[2020-08-08T11:28:58.510+0300][25.765s][info][gc] GC(153) Pause Young (Allocation Failure) 308M->309M(455M) 223.300ms
[2020-08-08T11:28:58.583+0300][25.838s][info][gc] GC(154) Pause Full (Ergonomics) 309M->41M(455M) 72.974ms
[2020-08-08T11:28:58.786+0300][26.040s][info][gc] GC(155) Pause Young (Allocation Failure) 98M->98M(455M) 190.436ms
[2020-08-08T11:28:59.102+0300][26.357s][info][gc] GC(156) Pause Young (Allocation Failure) 156M->156M(455M) 307.297ms
[2020-08-08T11:28:59.208+0300][26.463s][info][gc] GC(157) Pause Young (Allocation Failure) 213M->213M(455M) 90.117ms
[2020-08-08T11:28:59.548+0300][26.803s][info][gc] GC(158) Pause Young (Allocation Failure) 270M->270M(455M) 322.743ms
[2020-08-08T11:28:59.666+0300][26.921s][info][gc] GC(159) Pause Young (Allocation Failure) 327M->327M(455M) 109.058ms
[2020-08-08T11:28:59.791+0300][27.046s][info][gc] GC(160) Pause Full (Ergonomics) 327M->59M(455M) 124.413ms
[2020-08-08T11:28:59.962+0300][27.217s][info][gc] GC(161) Pause Young (Allocation Failure) 117M->117M(455M) 161.081ms
[2020-08-08T11:29:00.184+0300][27.439s][info][gc] GC(162) Pause Young (Allocation Failure) 175M->175M(455M) 214.451ms
[2020-08-08T11:29:00.285+0300][27.539s][info][gc] GC(163) Pause Young (Allocation Failure) 232M->232M(455M) 87.784ms
[2020-08-08T11:29:00.556+0300][27.811s][info][gc] GC(164) Pause Young (Allocation Failure) 290M->290M(455M) 255.407ms
[2020-08-08T11:29:00.653+0300][27.907s][info][gc] GC(165) Pause Young (Allocation Failure) 347M->347M(455M) 84.425ms
[2020-08-08T11:29:00.838+0300][28.093s][info][gc] GC(166) Pause Full (Ergonomics) 347M->79M(455M) 185.754ms
[2020-08-08T11:29:01.048+0300][28.303s][info][gc] GC(167) Pause Young (Allocation Failure) 136M->136M(455M) 197.900ms
[2020-08-08T11:29:01.188+0300][28.443s][info][gc] GC(168) Pause Young (Allocation Failure) 193M->193M(455M) 129.233ms
[2020-08-08T11:29:01.293+0300][28.548s][info][gc] GC(169) Pause Young (Allocation Failure) 251M->251M(455M) 93.923ms
[2020-08-08T11:29:01.499+0300][28.754s][info][gc] GC(170) Pause Young (Allocation Failure) 308M->309M(455M) 195.462ms
[2020-08-08T11:29:01.571+0300][28.826s][info][gc] GC(171) Pause Full (Ergonomics) 309M->41M(455M) 71.672ms
[2020-08-08T11:29:01.779+0300][29.034s][info][gc] GC(172) Pause Young (Allocation Failure) 98M->98M(455M) 197.194ms
[2020-08-08T11:29:02.097+0300][29.352s][info][gc] GC(173) Pause Young (Allocation Failure) 156M->156M(455M) 308.078ms
[2020-08-08T11:29:02.188+0300][29.443s][info][gc] GC(174) Pause Young (Allocation Failure) 213M->213M(455M) 79.705ms
[2020-08-08T11:29:02.509+0300][29.764s][info][gc] GC(175) Pause Young (Allocation Failure) 270M->270M(455M) 310.495ms
[2020-08-08T11:29:02.638+0300][29.893s][info][gc] GC(176) Pause Young (Allocation Failure) 327M->327M(455M) 120.444ms
[2020-08-08T11:29:02.764+0300][30.019s][info][gc] GC(177) Pause Full (Ergonomics) 327M->59M(455M) 125.406ms
[2020-08-08T11:29:02.909+0300][30.164s][info][gc] GC(178) Pause Young (Allocation Failure) 117M->117M(455M) 134.512ms
[2020-08-08T11:29:03.071+0300][30.326s][info][gc] GC(179) Pause Young (Allocation Failure) 174M->175M(455M) 154.365ms
[2020-08-08T11:29:03.167+0300][30.422s][info][gc] GC(180) Pause Young (Allocation Failure) 232M->232M(455M) 87.298ms
[2020-08-08T11:29:03.437+0300][30.692s][info][gc] GC(181) Pause Young (Allocation Failure) 290M->290M(455M) 259.819ms
[2020-08-08T11:29:03.528+0300][30.783s][info][gc] GC(182) Pause Young (Allocation Failure) 347M->347M(455M) 78.649ms
[2020-08-08T11:29:03.712+0300][30.967s][info][gc] GC(183) Pause Full (Ergonomics) 347M->79M(455M) 184.164ms
[2020-08-08T11:29:03.912+0300][31.167s][info][gc] GC(184) Pause Young (Allocation Failure) 136M->136M(455M) 190.215ms
[2020-08-08T11:29:04.050+0300][31.305s][info][gc] GC(185) Pause Young (Allocation Failure) 193M->193M(455M) 130.061ms
[2020-08-08T11:29:04.154+0300][31.409s][info][gc] GC(186) Pause Young (Allocation Failure) 251M->251M(455M) 93.923ms
[2020-08-08T11:29:04.367+0300][31.622s][info][gc] GC(187) Pause Young (Allocation Failure) 308M->309M(455M) 203.786ms
[2020-08-08T11:29:04.436+0300][31.691s][info][gc] GC(188) Pause Full (Ergonomics) 309M->41M(455M) 69.108ms
[2020-08-08T11:29:04.636+0300][31.891s][info][gc] GC(189) Pause Young (Allocation Failure) 98M->98M(455M) 188.756ms
[2020-08-08T11:29:04.950+0300][32.205s][info][gc] GC(190) Pause Young (Allocation Failure) 156M->156M(455M) 304.449ms
[2020-08-08T11:29:05.050+0300][32.305s][info][gc] GC(191) Pause Young (Allocation Failure) 213M->213M(455M) 89.117ms
[2020-08-08T11:29:05.373+0300][32.628s][info][gc] GC(192) Pause Young (Allocation Failure) 270M->270M(455M) 311.697ms
[2020-08-08T11:29:05.507+0300][32.762s][info][gc] GC(193) Pause Young (Allocation Failure) 327M->327M(455M) 124.070ms
[2020-08-08T11:29:05.634+0300][32.889s][info][gc] GC(194) Pause Full (Ergonomics) 327M->59M(455M) 126.418ms
[2020-08-08T11:29:05.795+0300][33.050s][info][gc] GC(195) Pause Young (Allocation Failure) 117M->117M(455M) 147.504ms
[2020-08-08T11:29:05.997+0300][33.252s][info][gc] GC(196) Pause Young (Allocation Failure) 174M->175M(455M) 194.695ms
[2020-08-08T11:29:06.098+0300][33.353s][info][gc] GC(197) Pause Young (Allocation Failure) 232M->232M(455M) 88.963ms
[2020-08-08T11:29:06.386+0300][33.641s][info][gc] GC(198) Pause Young (Allocation Failure) 290M->290M(455M) 278.838ms
[2020-08-08T11:29:06.478+0300][33.733s][info][gc] GC(199) Pause Young (Allocation Failure) 347M->347M(455M) 79.114ms
[2020-08-08T11:29:06.663+0300][33.918s][info][gc] GC(200) Pause Full (Ergonomics) 347M->79M(455M) 185.465ms
[2020-08-08T11:29:06.864+0300][34.119s][info][gc] GC(201) Pause Young (Allocation Failure) 137M->136M(455M) 190.024ms
[2020-08-08T11:29:07.011+0300][34.266s][info][gc] GC(202) Pause Young (Allocation Failure) 193M->193M(455M) 138.785ms
[2020-08-08T11:29:07.116+0300][34.371s][info][gc] GC(203) Pause Young (Allocation Failure) 251M->251M(455M) 95.582ms
[2020-08-08T11:29:07.328+0300][34.583s][info][gc] GC(204) Pause Young (Allocation Failure) 308M->309M(455M) 200.738ms
[2020-08-08T11:29:07.398+0300][34.653s][info][gc] GC(205) Pause Full (Ergonomics) 309M->41M(455M) 69.326ms
[2020-08-08T11:29:07.606+0300][34.861s][info][gc] GC(206) Pause Young (Allocation Failure) 98M->98M(455M) 196.841ms
[2020-08-08T11:29:07.918+0300][35.173s][info][gc] GC(207) Pause Young (Allocation Failure) 156M->156M(455M) 304.031ms
[2020-08-08T11:29:08.007+0300][35.262s][info][gc] GC(208) Pause Young (Allocation Failure) 213M->213M(455M) 79.288ms
[2020-08-08T11:29:08.323+0300][35.578s][info][gc] GC(209) Pause Young (Allocation Failure) 270M->270M(455M) 304.686ms
[2020-08-08T11:29:08.447+0300][35.702s][info][gc] GC(210) Pause Young (Allocation Failure) 327M->327M(455M) 113.669ms
[2020-08-08T11:29:08.574+0300][35.829s][info][gc] GC(211) Pause Full (Ergonomics) 327M->59M(455M) 126.562ms
[2020-08-08T11:29:08.769+0300][36.024s][info][gc] GC(212) Pause Young (Allocation Failure) 117M->117M(455M) 183.478ms
[2020-08-08T11:29:08.981+0300][36.236s][info][gc] GC(213) Pause Young (Allocation Failure) 174M->175M(455M) 204.531ms
[2020-08-08T11:29:09.088+0300][36.343s][info][gc] GC(214) Pause Young (Allocation Failure) 232M->232M(455M) 91.309ms
[2020-08-08T11:29:09.310+0300][36.565s][info][gc] GC(215) Pause Young (Allocation Failure) 290M->290M(455M) 212.691ms
[2020-08-08T11:29:09.408+0300][36.663s][info][gc] GC(216) Pause Young (Allocation Failure) 347M->347M(455M) 83.929ms
[2020-08-08T11:29:09.590+0300][36.845s][info][gc] GC(217) Pause Full (Ergonomics) 347M->79M(455M) 181.756ms
[2020-08-08T11:29:09.795+0300][37.050s][info][gc] GC(218) Pause Young (Allocation Failure) 137M->136M(455M) 193.903ms
[2020-08-08T11:29:09.933+0300][37.188s][info][gc] GC(219) Pause Young (Allocation Failure) 193M->193M(455M) 129.490ms
[2020-08-08T11:29:10.037+0300][37.292s][info][gc] GC(220) Pause Young (Allocation Failure) 251M->251M(455M) 93.990ms
[2020-08-08T11:29:10.236+0300][37.491s][info][gc] GC(221) Pause Young (Allocation Failure) 308M->309M(455M) 187.457ms
[2020-08-08T11:29:10.304+0300][37.559s][info][gc] GC(222) Pause Full (Ergonomics) 309M->41M(455M) 68.218ms
[2020-08-08T11:29:10.518+0300][37.773s][info][gc] GC(223) Pause Young (Allocation Failure) 98M->98M(455M) 200.296ms
[2020-08-08T11:29:10.836+0300][38.090s][info][gc] GC(224) Pause Young (Allocation Failure) 156M->156M(455M) 309.643ms
[2020-08-08T11:29:10.927+0300][38.182s][info][gc] GC(225) Pause Young (Allocation Failure) 213M->214M(455M) 78.579ms
[2020-08-08T11:29:11.279+0300][38.534s][info][gc] GC(226) Pause Young (Allocation Failure) 270M->270M(455M) 341.568ms
[2020-08-08T11:29:11.412+0300][38.667s][info][gc] GC(227) Pause Young (Allocation Failure) 327M->327M(455M) 123.850ms
[2020-08-08T11:29:11.542+0300][38.797s][info][gc] GC(228) Pause Full (Ergonomics) 327M->59M(455M) 129.668ms
[2020-08-08T11:29:11.732+0300][38.987s][info][gc] GC(229) Pause Young (Allocation Failure) 117M->117M(455M) 178.256ms
[2020-08-08T11:29:11.946+0300][39.201s][info][gc] GC(230) Pause Young (Allocation Failure) 174M->175M(455M) 204.924ms
[2020-08-08T11:29:12.041+0300][39.296s][info][gc] GC(231) Pause Young (Allocation Failure) 232M->232M(455M) 85.924ms
[2020-08-08T11:29:12.303+0300][39.558s][info][gc] GC(232) Pause Young (Allocation Failure) 290M->290M(455M) 252.168ms
[2020-08-08T11:29:12.392+0300][39.647s][info][gc] GC(233) Pause Young (Allocation Failure) 347M->347M(455M) 77.537ms
[2020-08-08T11:29:12.577+0300][39.832s][info][gc] GC(234) Pause Full (Ergonomics) 347M->79M(455M) 184.702ms
[2020-08-08T11:29:12.783+0300][40.038s][info][gc] GC(235) Pause Young (Allocation Failure) 136M->136M(455M) 194.399ms
[2020-08-08T11:29:12.926+0300][40.181s][info][gc] GC(236) Pause Young (Allocation Failure) 193M->193M(455M) 135.299ms
[2020-08-08T11:29:13.031+0300][40.286s][info][gc] GC(237) Pause Young (Allocation Failure) 251M->251M(455M) 95.414ms
[2020-08-08T11:29:13.241+0300][40.496s][info][gc] GC(238) Pause Young (Allocation Failure) 308M->309M(455M) 201.258ms
[2020-08-08T11:29:13.313+0300][40.568s][info][gc] GC(239) Pause Full (Ergonomics) 309M->41M(455M) 71.632ms
[2020-08-08T11:29:13.524+0300][40.779s][info][gc] GC(240) Pause Young (Allocation Failure) 98M->98M(455M) 200.023ms
[2020-08-08T11:29:13.839+0300][41.094s][info][gc] GC(241) Pause Young (Allocation Failure) 156M->156M(455M) 304.111ms
[2020-08-08T11:29:13.933+0300][41.188s][info][gc] GC(242) Pause Young (Allocation Failure) 213M->213M(455M) 82.327ms
[2020-08-08T11:29:14.249+0300][41.504s][info][gc] GC(243) Pause Young (Allocation Failure) 270M->270M(455M) 303.436ms
[2020-08-08T11:29:14.367+0300][41.622s][info][gc] GC(244) Pause Young (Allocation Failure) 327M->327M(455M) 109.057ms
[2020-08-08T11:29:14.494+0300][41.749s][info][gc] GC(245) Pause Full (Ergonomics) 327M->59M(455M) 126.582ms
[2020-08-08T11:29:14.680+0300][41.935s][info][gc] GC(246) Pause Young (Allocation Failure) 117M->117M(455M) 174.189ms
[2020-08-08T11:29:14.881+0300][42.136s][info][gc] GC(247) Pause Young (Allocation Failure) 174M->175M(455M) 192.953ms
[2020-08-08T11:29:14.978+0300][42.233s][info][gc] GC(248) Pause Young (Allocation Failure) 232M->232M(455M) 87.649ms
[2020-08-08T11:29:15.195+0300][42.450s][info][gc] GC(249) Pause Young (Allocation Failure) 290M->290M(455M) 208.335ms
[2020-08-08T11:29:15.278+0300][42.533s][info][gc] GC(250) Pause Young (Allocation Failure) 347M->347M(455M) 74.116ms
[2020-08-08T11:29:15.465+0300][42.720s][info][gc] GC(251) Pause Full (Ergonomics) 347M->79M(455M) 187.021ms
[2020-08-08T11:29:15.671+0300][42.926s][info][gc] GC(252) Pause Young (Allocation Failure) 136M->136M(455M) 192.439ms
[2020-08-08T11:29:15.817+0300][43.072s][info][gc] GC(253) Pause Young (Allocation Failure) 193M->193M(455M) 135.354ms
[2020-08-08T11:29:15.921+0300][43.176s][info][gc] GC(254) Pause Young (Allocation Failure) 251M->251M(455M) 93.557ms
[2020-08-08T11:29:16.120+0300][43.375s][info][gc] GC(255) Pause Young (Allocation Failure) 308M->309M(455M) 188.789ms
[2020-08-08T11:29:16.190+0300][43.445s][info][gc] GC(256) Pause Full (Ergonomics) 309M->41M(455M) 69.749ms
[2020-08-08T11:29:16.391+0300][43.646s][info][gc] GC(257) Pause Young (Allocation Failure) 98M->98M(455M) 191.593ms
[2020-08-08T11:29:16.701+0300][43.956s][info][gc] GC(258) Pause Young (Allocation Failure) 156M->156M(455M) 298.879ms
[2020-08-08T11:29:16.792+0300][44.047s][info][gc] GC(259) Pause Young (Allocation Failure) 213M->213M(455M) 80.715ms
[2020-08-08T11:29:17.106+0300][44.361s][info][gc] GC(260) Pause Young (Allocation Failure) 270M->270M(455M) 303.720ms
[2020-08-08T11:29:17.230+0300][44.485s][info][gc] GC(261) Pause Young (Allocation Failure) 327M->327M(455M) 116.014ms
[2020-08-08T11:29:17.353+0300][44.608s][info][gc] GC(262) Pause Full (Ergonomics) 327M->59M(455M) 122.545ms
[2020-08-08T11:29:17.533+0300][44.788s][info][gc] GC(263) Pause Young (Allocation Failure) 117M->117M(455M) 168.033ms
[2020-08-08T11:29:17.749+0300][45.004s][info][gc] GC(264) Pause Young (Allocation Failure) 174M->175M(455M) 206.598ms
[2020-08-08T11:29:17.843+0300][45.098s][info][gc] GC(265) Pause Young (Allocation Failure) 232M->232M(455M) 84.356ms
[2020-08-08T11:29:18.059+0300][45.314s][info][gc] GC(266) Pause Young (Allocation Failure) 290M->290M(455M) 206.845ms
[2020-08-08T11:29:18.145+0300][45.400s][info][gc] GC(267) Pause Young (Allocation Failure) 347M->347M(455M) 76.665ms
[2020-08-08T11:29:18.327+0300][45.582s][info][gc] GC(268) Pause Full (Ergonomics) 347M->79M(455M) 181.752ms
[2020-08-08T11:29:18.529+0300][45.784s][info][gc] GC(269) Pause Young (Allocation Failure) 136M->136M(455M) 191.437ms
[2020-08-08T11:29:18.675+0300][45.930s][info][gc] GC(270) Pause Young (Allocation Failure) 193M->193M(455M) 134.806ms
[2020-08-08T11:29:18.777+0300][46.032s][info][gc] GC(271) Pause Young (Allocation Failure) 251M->251M(455M) 91.860ms
[2020-08-08T11:29:18.976+0300][46.231s][info][gc] GC(272) Pause Young (Allocation Failure) 308M->309M(455M) 189.920ms
[2020-08-08T11:29:19.046+0300][46.301s][info][gc] GC(273) Pause Full (Ergonomics) 309M->41M(455M) 69.662ms
[2020-08-08T11:29:19.244+0300][46.499s][info][gc] GC(274) Pause Young (Allocation Failure) 98M->98M(455M) 188.415ms
[2020-08-08T11:29:19.556+0300][46.811s][info][gc] GC(275) Pause Young (Allocation Failure) 156M->156M(455M) 304.836ms
[2020-08-08T11:29:19.649+0300][46.904s][info][gc] GC(276) Pause Young (Allocation Failure) 214M->213M(455M) 79.770ms
[2020-08-08T11:29:20.038+0300][47.293s][info][gc] GC(277) Pause Young (Allocation Failure) 270M->270M(455M) 376.810ms
[2020-08-08T11:29:20.178+0300][47.433s][info][gc] GC(278) Pause Young (Allocation Failure) 327M->327M(455M) 132.077ms
[2020-08-08T11:29:20.304+0300][47.559s][info][gc] GC(279) Pause Full (Ergonomics) 327M->59M(455M) 125.524ms
[2020-08-08T11:29:20.485+0300][47.740s][info][gc] GC(280) Pause Young (Allocation Failure) 117M->117M(455M) 169.539ms
[2020-08-08T11:29:20.704+0300][47.959s][info][gc] GC(281) Pause Young (Allocation Failure) 174M->175M(455M) 210.146ms
[2020-08-08T11:29:20.810+0300][48.065s][info][gc] GC(282) Pause Young (Allocation Failure) 232M->232M(455M) 94.138ms
[2020-08-08T11:29:21.099+0300][48.354s][info][gc] GC(283) Pause Young (Allocation Failure) 290M->290M(455M) 279.985ms
[2020-08-08T11:29:21.192+0300][48.447s][info][gc] GC(284) Pause Young (Allocation Failure) 347M->347M(455M) 80.052ms
[2020-08-08T11:29:21.374+0300][48.629s][info][gc] GC(285) Pause Full (Ergonomics) 347M->79M(455M) 182.083ms
[2020-08-08T11:29:21.573+0300][48.828s][info][gc] GC(286) Pause Young (Allocation Failure) 136M->136M(455M) 188.351ms
[2020-08-08T11:29:21.714+0300][48.969s][info][gc] GC(287) Pause Young (Allocation Failure) 193M->193M(455M) 131.974ms
[2020-08-08T11:29:21.820+0300][49.075s][info][gc] GC(288) Pause Young (Allocation Failure) 251M->251M(455M) 95.040ms
[2020-08-08T11:29:21.997+0300][49.252s][info][gc] GC(289) Pause Young (Allocation Failure) 308M->309M(455M) 167.857ms
[2020-08-08T11:29:22.068+0300][49.323s][info][gc] GC(290) Pause Full (Ergonomics) 309M->41M(455M) 71.731ms
[2020-08-08T11:29:22.266+0300][49.521s][info][gc] GC(291) Pause Young (Allocation Failure) 98M->98M(455M) 186.881ms
[2020-08-08T11:29:22.577+0300][49.832s][info][gc] GC(292) Pause Young (Allocation Failure) 156M->156M(455M) 304.405ms
[2020-08-08T11:29:22.668+0300][49.923s][info][gc] GC(293) Pause Young (Allocation Failure) 214M->213M(455M) 79.381ms
[2020-08-08T11:29:23.012+0300][50.267s][info][gc] GC(294) Pause Young (Allocation Failure) 270M->270M(455M) 331.231ms
[2020-08-08T11:29:23.162+0300][50.417s][info][gc] GC(295) Pause Young (Allocation Failure) 327M->327M(455M) 140.997ms
[2020-08-08T11:29:23.285+0300][50.540s][info][gc] GC(296) Pause Full (Ergonomics) 327M->59M(455M) 123.617ms
[2020-08-08T11:29:23.469+0300][50.724s][info][gc] GC(297) Pause Young (Allocation Failure) 117M->117M(455M) 173.154ms
[2020-08-08T11:29:23.683+0300][50.938s][info][gc] GC(298) Pause Young (Allocation Failure) 175M->175M(455M) 204.902ms
[2020-08-08T11:29:23.787+0300][51.042s][info][gc] GC(299) Pause Young (Allocation Failure) 232M->232M(455M) 88.844ms
[2020-08-08T11:29:24.004+0300][51.259s][info][gc] GC(300) Pause Young (Allocation Failure) 290M->290M(455M) 208.782ms
[2020-08-08T11:29:24.091+0300][51.346s][info][gc] GC(301) Pause Young (Allocation Failure) 347M->347M(455M) 77.342ms
[2020-08-08T11:29:24.275+0300][51.530s][info][gc] GC(302) Pause Full (Ergonomics) 347M->79M(455M) 184.209ms
[2020-08-08T11:29:24.471+0300][51.726s][info][gc] GC(303) Pause Young (Allocation Failure) 136M->136M(455M) 185.966ms
[2020-08-08T11:29:24.602+0300][51.857s][info][gc] GC(304) Pause Young (Allocation Failure) 193M->193M(455M) 120.498ms
[2020-08-08T11:29:24.707+0300][51.962s][info][gc] GC(305) Pause Young (Allocation Failure) 251M->251M(455M) 94.472ms
[2020-08-08T11:29:24.945+0300][52.200s][info][gc] GC(306) Pause Young (Allocation Failure) 308M->308M(455M) 226.641ms
[2020-08-08T11:29:25.014+0300][52.269s][info][gc] GC(307) Pause Full (Ergonomics) 308M->41M(455M) 69.165ms
[2020-08-08T11:29:25.215+0300][52.470s][info][gc] GC(308) Pause Young (Allocation Failure) 98M->98M(455M) 190.724ms
[2020-08-08T11:29:25.534+0300][52.789s][info][gc] GC(309) Pause Young (Allocation Failure) 156M->156M(455M) 308.255ms
[2020-08-08T11:29:25.625+0300][52.880s][info][gc] GC(310) Pause Young (Allocation Failure) 213M->213M(455M) 80.034ms
[2020-08-08T11:29:25.971+0300][53.226s][info][gc] GC(311) Pause Young (Allocation Failure) 270M->270M(455M) 335.208ms
[2020-08-08T11:29:26.107+0300][53.362s][info][gc] GC(312) Pause Young (Allocation Failure) 327M->327M(455M) 128.617ms
[2020-08-08T11:29:26.231+0300][53.486s][info][gc] GC(313) Pause Full (Ergonomics) 327M->59M(455M) 123.777ms
[2020-08-08T11:29:26.411+0300][53.666s][info][gc] GC(314) Pause Young (Allocation Failure) 117M->117M(455M) 169.113ms
[2020-08-08T11:29:26.618+0300][53.873s][info][gc] GC(315) Pause Young (Allocation Failure) 175M->175M(455M) 197.416ms
[2020-08-08T11:29:26.721+0300][53.975s][info][gc] GC(316) Pause Young (Allocation Failure) 232M->232M(455M) 92.054ms
[2020-08-08T11:29:26.940+0300][54.195s][info][gc] GC(317) Pause Young (Allocation Failure) 290M->290M(455M) 211.225ms
[2020-08-08T11:29:27.027+0300][54.282s][info][gc] GC(318) Pause Young (Allocation Failure) 347M->347M(455M) 75.572ms
[2020-08-08T11:29:27.209+0300][54.464s][info][gc] GC(319) Pause Full (Ergonomics) 347M->79M(455M) 182.098ms
[2020-08-08T11:29:27.415+0300][54.670s][info][gc] GC(320) Pause Young (Allocation Failure) 136M->136M(455M) 195.403ms
[2020-08-08T11:29:27.549+0300][54.804s][info][gc] GC(321) Pause Young (Allocation Failure) 193M->193M(455M) 124.287ms
[2020-08-08T11:29:27.654+0300][54.909s][info][gc] GC(322) Pause Young (Allocation Failure) 251M->251M(455M) 93.781ms
[2020-08-08T11:29:27.876+0300][55.131s][info][gc] GC(323) Pause Young (Allocation Failure) 308M->309M(455M) 213.786ms
[2020-08-08T11:29:27.947+0300][55.202s][info][gc] GC(324) Pause Full (Ergonomics) 309M->41M(455M) 71.039ms
[2020-08-08T11:29:28.144+0300][55.399s][info][gc] GC(325) Pause Young (Allocation Failure) 98M->98M(455M) 187.231ms
[2020-08-08T11:29:28.449+0300][55.704s][info][gc] GC(326) Pause Young (Allocation Failure) 156M->156M(455M) 297.683ms
[2020-08-08T11:29:28.542+0300][55.797s][info][gc] GC(327) Pause Young (Allocation Failure) 213M->213M(455M) 82.598ms
[2020-08-08T11:29:28.848+0300][56.103s][info][gc] GC(328) Pause Young (Allocation Failure) 270M->270M(455M) 293.736ms
[2020-08-08T11:29:28.974+0300][56.229s][info][gc] GC(329) Pause Young (Allocation Failure) 327M->327M(455M) 116.304ms
[2020-08-08T11:29:29.102+0300][56.357s][info][gc] GC(330) Pause Full (Ergonomics) 327M->59M(455M) 127.720ms
[2020-08-08T11:29:29.274+0300][56.529s][info][gc] GC(331) Pause Young (Allocation Failure) 117M->117M(455M) 161.204ms
[2020-08-08T11:29:29.484+0300][56.739s][info][gc] GC(332) Pause Young (Allocation Failure) 175M->175M(455M) 202.184ms
[2020-08-08T11:29:29.580+0300][56.835s][info][gc] GC(333) Pause Young (Allocation Failure) 232M->232M(455M) 84.803ms
[2020-08-08T11:29:29.851+0300][57.106s][info][gc] GC(334) Pause Young (Allocation Failure) 290M->290M(455M) 259.958ms
[2020-08-08T11:29:29.944+0300][57.199s][info][gc] GC(335) Pause Young (Allocation Failure) 347M->347M(455M) 80.065ms
[2020-08-08T11:29:30.130+0300][57.385s][info][gc] GC(336) Pause Full (Ergonomics) 347M->79M(455M) 186.245ms
[2020-08-08T11:29:30.332+0300][57.587s][info][gc] GC(337) Pause Young (Allocation Failure) 136M->136M(455M) 190.192ms
[2020-08-08T11:29:30.474+0300][57.729s][info][gc] GC(338) Pause Young (Allocation Failure) 193M->193M(455M) 133.330ms
[2020-08-08T11:29:30.577+0300][57.832s][info][gc] GC(339) Pause Young (Allocation Failure) 251M->251M(455M) 93.095ms
[2020-08-08T11:29:30.770+0300][58.025s][info][gc] GC(340) Pause Young (Allocation Failure) 308M->309M(455M) 184.525ms
[2020-08-08T11:29:30.843+0300][58.098s][info][gc] GC(341) Pause Full (Ergonomics) 309M->41M(455M) 73.025ms
[2020-08-08T11:29:31.040+0300][58.295s][info][gc] GC(342) Pause Young (Allocation Failure) 98M->98M(455M) 186.343ms
[2020-08-08T11:29:31.341+0300][58.596s][info][gc] GC(343) Pause Young (Allocation Failure) 156M->156M(455M) 290.942ms
[2020-08-08T11:29:31.432+0300][58.687s][info][gc] GC(344) Pause Young (Allocation Failure) 213M->213M(455M) 79.654ms
[2020-08-08T11:29:31.788+0300][59.043s][info][gc] GC(345) Pause Young (Allocation Failure) 270M->270M(455M) 343.860ms
[2020-08-08T11:29:31.912+0300][59.167s][info][gc] GC(346) Pause Young (Allocation Failure) 327M->327M(455M) 113.476ms
[2020-08-08T11:29:32.044+0300][59.299s][info][gc] GC(347) Pause Full (Ergonomics) 327M->59M(455M) 131.309ms
[2020-08-08T11:29:32.191+0300][59.446s][info][gc] GC(348) Pause Young (Allocation Failure) 117M->117M(455M) 136.422ms
[2020-08-08T11:29:32.362+0300][59.617s][info][gc] GC(349) Pause Young (Allocation Failure) 174M->175M(455M) 163.273ms
[2020-08-08T11:29:32.457+0300][59.712s][info][gc] GC(350) Pause Young (Allocation Failure) 232M->232M(455M) 85.229ms
[2020-08-08T11:29:32.721+0300][59.976s][info][gc] GC(351) Pause Young (Allocation Failure) 290M->290M(455M) 252.451ms
[2020-08-08T11:29:32.825+0300][60.080s][info][gc] GC(352) Pause Young (Allocation Failure) 347M->347M(455M) 89.477ms
[2020-08-08T11:29:33.000+0300][60.255s][info][gc] GC(353) Pause Full (Ergonomics) 347M->79M(455M) 174.892ms
[2020-08-08T11:29:33.201+0300][60.455s][info][gc] GC(354) Pause Young (Allocation Failure) 136M->136M(455M) 191.270ms
[2020-08-08T11:29:33.317+0300][60.572s][info][gc] GC(355) Pause Young (Allocation Failure) 193M->193M(455M) 108.952ms
[2020-08-08T11:29:33.420+0300][60.675s][info][gc] GC(356) Pause Young (Allocation Failure) 251M->251M(455M) 92.644ms
[2020-08-08T11:29:33.631+0300][60.886s][info][gc] GC(357) Pause Young (Allocation Failure) 308M->309M(455M) 199.829ms
[2020-08-08T11:29:33.699+0300][60.954s][info][gc] GC(358) Pause Full (Ergonomics) 309M->41M(455M) 67.963ms
[2020-08-08T11:29:33.917+0300][61.172s][info][gc] GC(359) Pause Young (Allocation Failure) 98M->98M(455M) 200.985ms
[2020-08-08T11:29:34.223+0300][61.478s][info][gc] GC(360) Pause Young (Allocation Failure) 156M->156M(455M) 296.328ms
[2020-08-08T11:29:34.315+0300][61.570s][info][gc] GC(361) Pause Young (Allocation Failure) 213M->213M(455M) 82.338ms
[2020-08-08T11:29:34.638+0300][61.893s][info][gc] GC(362) Pause Young (Allocation Failure) 270M->270M(455M) 312.857ms
[2020-08-08T11:29:34.766+0300][62.021s][info][gc] GC(363) Pause Young (Allocation Failure) 327M->327M(455M) 119.114ms
[2020-08-08T11:29:34.893+0300][62.148s][info][gc] GC(364) Pause Full (Ergonomics) 327M->59M(455M) 126.193ms
[2020-08-08T11:29:35.082+0300][62.336s][info][gc] GC(365) Pause Young (Allocation Failure) 117M->117M(455M) 178.616ms
[2020-08-08T11:29:35.299+0300][62.554s][info][gc] GC(366) Pause Young (Allocation Failure) 174M->175M(455M) 210.319ms
[2020-08-08T11:29:35.397+0300][62.652s][info][gc] GC(367) Pause Young (Allocation Failure) 232M->232M(455M) 86.316ms
[2020-08-08T11:29:35.613+0300][62.868s][info][gc] GC(368) Pause Young (Allocation Failure) 290M->290M(455M) 207.615ms
[2020-08-08T11:29:35.702+0300][62.957s][info][gc] GC(369) Pause Young (Allocation Failure) 347M->347M(455M) 77.026ms
[2020-08-08T11:29:35.883+0300][63.138s][info][gc] GC(370) Pause Full (Ergonomics) 347M->79M(455M) 181.313ms
[2020-08-08T11:29:36.085+0300][63.340s][info][gc] GC(371) Pause Young (Allocation Failure) 136M->136M(455M) 189.876ms
[2020-08-08T11:29:36.227+0300][63.482s][info][gc] GC(372) Pause Young (Allocation Failure) 193M->193M(455M) 132.553ms
[2020-08-08T11:29:36.330+0300][63.585s][info][gc] GC(373) Pause Young (Allocation Failure) 251M->251M(455M) 93.622ms
[2020-08-08T11:29:36.541+0300][63.796s][info][gc] GC(374) Pause Young (Allocation Failure) 308M->309M(455M) 199.963ms
[2020-08-08T11:29:36.610+0300][63.865s][info][gc] GC(375) Pause Full (Ergonomics) 309M->41M(455M) 69.136ms
[2020-08-08T11:29:36.814+0300][64.069s][info][gc] GC(376) Pause Young (Allocation Failure) 98M->98M(455M) 192.712ms
[2020-08-08T11:29:37.123+0300][64.377s][info][gc] GC(377) Pause Young (Allocation Failure) 156M->156M(455M) 301.250ms
[2020-08-08T11:29:37.211+0300][64.465s][info][gc] GC(378) Pause Young (Allocation Failure) 213M->213M(455M) 78.346ms
[2020-08-08T11:29:37.557+0300][64.812s][info][gc] GC(379) Pause Young (Allocation Failure) 270M->270M(455M) 335.929ms
[2020-08-08T11:29:37.684+0300][64.939s][info][gc] GC(380) Pause Young (Allocation Failure) 327M->327M(455M) 117.537ms
[2020-08-08T11:29:37.810+0300][65.065s][info][gc] GC(381) Pause Full (Ergonomics) 327M->59M(455M) 126.013ms
[2020-08-08T11:29:38.007+0300][65.262s][info][gc] GC(382) Pause Young (Allocation Failure) 117M->117M(455M) 185.475ms
[2020-08-08T11:29:38.209+0300][65.464s][info][gc] GC(383) Pause Young (Allocation Failure) 174M->175M(455M) 193.543ms
[2020-08-08T11:29:38.308+0300][65.563s][info][gc] GC(384) Pause Young (Allocation Failure) 232M->232M(455M) 87.206ms
[2020-08-08T11:29:38.587+0300][65.842s][info][gc] GC(385) Pause Young (Allocation Failure) 290M->290M(455M) 271.254ms
[2020-08-08T11:29:38.683+0300][65.938s][info][gc] GC(386) Pause Young (Allocation Failure) 347M->347M(455M) 84.514ms
[2020-08-08T11:29:38.867+0300][66.122s][info][gc] GC(387) Pause Full (Ergonomics) 347M->79M(455M) 183.872ms
[2020-08-08T11:29:39.065+0300][66.320s][info][gc] GC(388) Pause Young (Allocation Failure) 136M->136M(455M) 187.695ms
[2020-08-08T11:29:39.195+0300][66.449s][info][gc] GC(389) Pause Young (Allocation Failure) 193M->193M(455M) 120.967ms
[2020-08-08T11:29:39.297+0300][66.552s][info][gc] GC(390) Pause Young (Allocation Failure) 251M->251M(455M) 93.481ms
[2020-08-08T11:29:39.493+0300][66.748s][info][gc] GC(391) Pause Young (Allocation Failure) 308M->309M(455M) 188.015ms
[2020-08-08T11:29:39.565+0300][66.820s][info][gc] GC(392) Pause Full (Ergonomics) 309M->41M(455M) 71.125ms
[2020-08-08T11:29:39.768+0300][67.023s][info][gc] GC(393) Pause Young (Allocation Failure) 98M->98M(455M) 190.886ms
[2020-08-08T11:29:40.077+0300][67.332s][info][gc] GC(394) Pause Young (Allocation Failure) 156M->156M(455M) 299.495ms
[2020-08-08T11:29:40.165+0300][67.420s][info][gc] GC(395) Pause Young (Allocation Failure) 213M->213M(455M) 79.076ms
[2020-08-08T11:29:40.492+0300][67.747s][info][gc] GC(396) Pause Young (Allocation Failure) 270M->270M(455M) 315.557ms
[2020-08-08T11:29:40.616+0300][67.871s][info][gc] GC(397) Pause Young (Allocation Failure) 327M->327M(455M) 113.755ms
[2020-08-08T11:29:40.739+0300][67.994s][info][gc] GC(398) Pause Full (Ergonomics) 327M->59M(455M) 123.658ms
[2020-08-08T11:29:40.934+0300][68.189s][info][gc] GC(399) Pause Young (Allocation Failure) 117M->117M(455M) 183.150ms
[2020-08-08T11:29:41.156+0300][68.411s][info][gc] GC(400) Pause Young (Allocation Failure) 174M->175M(455M) 212.085ms
[2020-08-08T11:29:41.263+0300][68.518s][info][gc] GC(401) Pause Young (Allocation Failure) 232M->232M(455M) 92.981ms
[2020-08-08T11:29:41.482+0300][68.737s][info][gc] GC(402) Pause Young (Allocation Failure) 290M->290M(455M) 210.814ms
[2020-08-08T11:29:41.568+0300][68.823s][info][gc] GC(403) Pause Young (Allocation Failure) 347M->347M(455M) 75.907ms
[2020-08-08T11:29:41.753+0300][69.008s][info][gc] GC(404) Pause Full (Ergonomics) 347M->79M(455M) 184.843ms
[2020-08-08T11:29:41.952+0300][69.207s][info][gc] GC(405) Pause Young (Allocation Failure) 136M->136M(455M) 188.480ms
[2020-08-08T11:29:42.077+0300][69.332s][info][gc] GC(406) Pause Young (Allocation Failure) 193M->193M(455M) 114.559ms
[2020-08-08T11:29:42.186+0300][69.441s][info][gc] GC(407) Pause Young (Allocation Failure) 251M->251M(455M) 99.107ms
[2020-08-08T11:29:42.395+0300][69.650s][info][gc] GC(408) Pause Young (Allocation Failure) 308M->309M(455M) 199.544ms
[2020-08-08T11:29:42.465+0300][69.720s][info][gc] GC(409) Pause Full (Ergonomics) 309M->41M(455M) 70.468ms
[2020-08-08T11:29:42.669+0300][69.923s][info][gc] GC(410) Pause Young (Allocation Failure) 98M->98M(455M) 192.856ms
[2020-08-08T11:29:42.983+0300][70.238s][info][gc] GC(411) Pause Young (Allocation Failure) 156M->156M(455M) 301.774ms
[2020-08-08T11:29:43.077+0300][70.332s][info][gc] GC(412) Pause Young (Allocation Failure) 213M->213M(455M) 83.999ms
[2020-08-08T11:29:43.398+0300][70.653s][info][gc] GC(413) Pause Young (Allocation Failure) 270M->270M(455M) 311.203ms
[2020-08-08T11:29:43.513+0300][70.768s][info][gc] GC(414) Pause Young (Allocation Failure) 327M->327M(455M) 106.203ms
[2020-08-08T11:29:43.641+0300][70.896s][info][gc] GC(415) Pause Full (Ergonomics) 327M->59M(455M) 127.361ms
[2020-08-08T11:29:43.814+0300][71.069s][info][gc] GC(416) Pause Young (Allocation Failure) 117M->117M(455M) 161.270ms
[2020-08-08T11:29:44.029+0300][71.284s][info][gc] GC(417) Pause Young (Allocation Failure) 174M->175M(455M) 205.901ms
[2020-08-08T11:29:44.127+0300][71.382s][info][gc] GC(418) Pause Young (Allocation Failure) 232M->232M(455M) 88.637ms
[2020-08-08T11:29:44.357+0300][71.611s][info][gc] GC(419) Pause Young (Allocation Failure) 290M->290M(455M) 220.911ms
[2020-08-08T11:29:44.447+0300][71.702s][info][gc] GC(420) Pause Young (Allocation Failure) 347M->347M(455M) 79.688ms
[2020-08-08T11:29:44.631+0300][71.886s][info][gc] GC(421) Pause Full (Ergonomics) 347M->80M(455M) 184.668ms
[2020-08-08T11:29:44.831+0300][72.086s][info][gc] GC(422) Pause Young (Allocation Failure) 136M->136M(455M) 187.767ms
[2020-08-08T11:29:44.969+0300][72.223s][info][gc] GC(423) Pause Young (Allocation Failure) 193M->193M(455M) 128.642ms
[2020-08-08T11:29:45.085+0300][72.339s][info][gc] GC(424) Pause Young (Allocation Failure) 251M->251M(455M) 99.284ms
[2020-08-08T11:29:45.281+0300][72.536s][info][gc] GC(425) Pause Young (Allocation Failure) 308M->309M(455M) 186.891ms
[2020-08-08T11:29:45.350+0300][72.605s][info][gc] GC(426) Pause Full (Ergonomics) 309M->41M(455M) 69.290ms
[2020-08-08T11:29:45.555+0300][72.810s][info][gc] GC(427) Pause Young (Allocation Failure) 98M->98M(455M) 194.174ms
[2020-08-08T11:29:45.864+0300][73.119s][info][gc] GC(428) Pause Young (Allocation Failure) 156M->156M(455M) 297.874ms
[2020-08-08T11:29:45.955+0300][73.210s][info][gc] GC(429) Pause Young (Allocation Failure) 213M->213M(455M) 80.277ms
[2020-08-08T11:29:46.233+0300][73.488s][info][gc] GC(430) Pause Young (Allocation Failure) 270M->270M(455M) 267.589ms
[2020-08-08T11:29:46.350+0300][73.605s][info][gc] GC(431) Pause Young (Allocation Failure) 327M->327M(455M) 108.515ms
[2020-08-08T11:29:46.474+0300][73.729s][info][gc] GC(432) Pause Full (Ergonomics) 327M->59M(455M) 124.328ms
[2020-08-08T11:29:46.650+0300][73.905s][info][gc] GC(433) Pause Young (Allocation Failure) 117M->117M(455M) 165.208ms
[2020-08-08T11:29:46.841+0300][74.096s][info][gc] GC(434) Pause Young (Allocation Failure) 175M->175M(455M) 182.483ms
[2020-08-08T11:29:46.938+0300][74.193s][info][gc] GC(435) Pause Young (Allocation Failure) 232M->232M(455M) 84.659ms
[2020-08-08T11:29:47.153+0300][74.408s][info][gc] GC(436) Pause Young (Allocation Failure) 290M->290M(455M) 205.383ms
[2020-08-08T11:29:47.240+0300][74.494s][info][gc] GC(437) Pause Young (Allocation Failure) 347M->347M(455M) 75.828ms
[2020-08-08T11:29:47.420+0300][74.675s][info][gc] GC(438) Pause Full (Ergonomics) 347M->80M(455M) 180.393ms
[2020-08-08T11:29:47.613+0300][74.868s][info][gc] GC(439) Pause Young (Allocation Failure) 136M->136M(455M) 182.886ms
[2020-08-08T11:29:47.746+0300][75.001s][info][gc] GC(440) Pause Young (Allocation Failure) 193M->193M(455M) 122.782ms
[2020-08-08T11:29:47.850+0300][75.105s][info][gc] GC(441) Pause Young (Allocation Failure) 251M->251M(455M) 94.134ms
[2020-08-08T11:29:48.078+0300][75.333s][info][gc] GC(442) Pause Young (Allocation Failure) 308M->309M(455M) 217.951ms
[2020-08-08T11:29:48.151+0300][75.406s][info][gc] GC(443) Pause Full (Ergonomics) 309M->41M(455M) 72.670ms
[2020-08-08T11:29:48.352+0300][75.607s][info][gc] GC(444) Pause Young (Allocation Failure) 98M->98M(455M) 189.745ms
[2020-08-08T11:29:48.672+0300][75.927s][info][gc] GC(445) Pause Young (Allocation Failure) 156M->156M(455M) 305.740ms
[2020-08-08T11:29:48.761+0300][76.016s][info][gc] GC(446) Pause Young (Allocation Failure) 213M->213M(455M) 78.961ms
[2020-08-08T11:29:49.079+0300][76.334s][info][gc] GC(447) Pause Young (Allocation Failure) 270M->270M(455M) 308.283ms
[2020-08-08T11:29:49.209+0300][76.464s][info][gc] GC(448) Pause Young (Allocation Failure) 327M->327M(455M) 121.231ms
[2020-08-08T11:29:49.334+0300][76.589s][info][gc] GC(449) Pause Full (Ergonomics) 327M->59M(455M) 125.407ms
[2020-08-08T11:29:49.477+0300][76.732s][info][gc] GC(450) Pause Young (Allocation Failure) 117M->117M(455M) 132.123ms
[2020-08-08T11:29:49.639+0300][76.894s][info][gc] GC(451) Pause Young (Allocation Failure) 174M->175M(455M) 154.025ms
[2020-08-08T11:29:49.737+0300][76.992s][info][gc] GC(452) Pause Young (Allocation Failure) 232M->232M(455M) 83.879ms
[2020-08-08T11:29:49.995+0300][77.249s][info][gc] GC(453) Pause Young (Allocation Failure) 290M->290M(455M) 248.765ms
[2020-08-08T11:29:50.082+0300][77.337s][info][gc] GC(454) Pause Young (Allocation Failure) 347M->347M(455M) 77.299ms
[2020-08-08T11:29:50.262+0300][77.517s][info][gc] GC(455) Pause Full (Ergonomics) 347M->79M(455M) 180.692ms
[2020-08-08T11:29:50.463+0300][77.717s][info][gc] GC(456) Pause Young (Allocation Failure) 136M->136M(455M) 186.677ms
[2020-08-08T11:29:50.596+0300][77.851s][info][gc] GC(457) Pause Young (Allocation Failure) 193M->193M(455M) 124.292ms
[2020-08-08T11:29:50.702+0300][77.957s][info][gc] GC(458) Pause Young (Allocation Failure) 251M->251M(455M) 96.513ms
[2020-08-08T11:29:50.895+0300][78.150s][info][gc] GC(459) Pause Young (Allocation Failure) 308M->309M(455M) 183.692ms
[2020-08-08T11:29:50.964+0300][78.219s][info][gc] GC(460) Pause Full (Ergonomics) 309M->41M(455M) 68.754ms
[2020-08-08T11:29:51.154+0300][78.409s][info][gc] GC(461) Pause Young (Allocation Failure) 98M->98M(455M) 177.469ms
[2020-08-08T11:29:51.465+0300][78.720s][info][gc] GC(462) Pause Young (Allocation Failure) 156M->156M(455M) 303.696ms
[2020-08-08T11:29:51.565+0300][78.820s][info][gc] GC(463) Pause Young (Allocation Failure) 213M->214M(455M) 89.406ms
[2020-08-08T11:29:51.906+0300][79.161s][info][gc] GC(464) Pause Young (Allocation Failure) 270M->270M(455M) 329.287ms
[2020-08-08T11:29:52.039+0300][79.294s][info][gc] GC(465) Pause Young (Allocation Failure) 327M->327M(455M) 122.430ms
[2020-08-08T11:29:52.166+0300][79.421s][info][gc] GC(466) Pause Full (Ergonomics) 327M->59M(455M) 126.524ms
[2020-08-08T11:29:52.349+0300][79.604s][info][gc] GC(467) Pause Young (Allocation Failure) 117M->117M(455M) 170.193ms
[2020-08-08T11:29:52.562+0300][79.817s][info][gc] GC(468) Pause Young (Allocation Failure) 174M->175M(455M) 202.080ms
[2020-08-08T11:29:52.663+0300][79.918s][info][gc] GC(469) Pause Young (Allocation Failure) 232M->232M(455M) 89.338ms
[2020-08-08T11:29:52.913+0300][80.168s][info][gc] GC(470) Pause Young (Allocation Failure) 290M->290M(455M) 238.967ms
[2020-08-08T11:29:53.002+0300][80.257s][info][gc] GC(471) Pause Young (Allocation Failure) 347M->347M(455M) 77.707ms
[2020-08-08T11:29:53.180+0300][80.435s][info][gc] GC(472) Pause Full (Ergonomics) 347M->79M(455M) 177.810ms
[2020-08-08T11:29:53.391+0300][80.646s][info][gc] GC(473) Pause Young (Allocation Failure) 136M->136M(455M) 194.512ms
[2020-08-08T11:29:53.530+0300][80.785s][info][gc] GC(474) Pause Young (Allocation Failure) 193M->193M(455M) 129.694ms
[2020-08-08T11:29:53.635+0300][80.890s][info][gc] GC(475) Pause Young (Allocation Failure) 251M->251M(455M) 94.957ms
[2020-08-08T11:29:53.862+0300][81.117s][info][gc] GC(476) Pause Young (Allocation Failure) 308M->309M(455M) 214.252ms
[2020-08-08T11:29:53.932+0300][81.186s][info][gc] GC(477) Pause Full (Ergonomics) 309M->41M(455M) 69.422ms
[2020-08-08T11:29:54.131+0300][81.386s][info][gc] GC(478) Pause Young (Allocation Failure) 98M->98M(455M) 188.207ms
[2020-08-08T11:29:54.431+0300][81.686s][info][gc] GC(479) Pause Young (Allocation Failure) 156M->156M(455M) 289.003ms
[2020-08-08T11:29:54.520+0300][81.775s][info][gc] GC(480) Pause Young (Allocation Failure) 213M->214M(455M) 78.526ms
[2020-08-08T11:29:54.833+0300][82.088s][info][gc] GC(481) Pause Young (Allocation Failure) 270M->270M(455M) 303.355ms
[2020-08-08T11:29:54.996+0300][82.251s][info][gc] GC(482) Pause Young (Allocation Failure) 327M->327M(455M) 151.787ms
[2020-08-08T11:29:55.119+0300][82.374s][info][gc] GC(483) Pause Full (Ergonomics) 327M->59M(455M) 122.729ms
[2020-08-08T11:29:55.291+0300][82.546s][info][gc] GC(484) Pause Young (Allocation Failure) 117M->117M(455M) 160.544ms
[2020-08-08T11:29:55.496+0300][82.751s][info][gc] GC(485) Pause Young (Allocation Failure) 174M->175M(455M) 196.889ms
[2020-08-08T11:29:55.589+0300][82.844s][info][gc] GC(486) Pause Young (Allocation Failure) 232M->232M(455M) 84.359ms
[2020-08-08T11:29:55.807+0300][83.062s][info][gc] GC(487) Pause Young (Allocation Failure) 290M->290M(455M) 210.037ms
[2020-08-08T11:29:55.893+0300][83.148s][info][gc] GC(488) Pause Young (Allocation Failure) 347M->347M(455M) 75.566ms
[2020-08-08T11:29:56.081+0300][83.336s][info][gc] GC(489) Pause Full (Ergonomics) 347M->79M(455M) 187.307ms
[2020-08-08T11:29:56.280+0300][83.535s][info][gc] GC(490) Pause Young (Allocation Failure) 136M->136M(455M) 186.731ms
[2020-08-08T11:29:56.420+0300][83.675s][info][gc] GC(491) Pause Young (Allocation Failure) 193M->193M(455M) 130.767ms
[2020-08-08T11:29:56.525+0300][83.780s][info][gc] GC(492) Pause Young (Allocation Failure) 251M->251M(455M) 95.117ms
[2020-08-08T11:29:56.724+0300][83.979s][info][gc] GC(493) Pause Young (Allocation Failure) 308M->309M(455M) 188.429ms
[2020-08-08T11:29:56.798+0300][84.053s][info][gc] GC(494) Pause Full (Ergonomics) 309M->41M(455M) 74.442ms
[2020-08-08T11:29:57.000+0300][84.255s][info][gc] GC(495) Pause Young (Allocation Failure) 98M->98M(455M) 189.601ms
[2020-08-08T11:29:57.318+0300][84.573s][info][gc] GC(496) Pause Young (Allocation Failure) 156M->156M(455M) 310.546ms
[2020-08-08T11:29:57.411+0300][84.665s][info][gc] GC(497) Pause Young (Allocation Failure) 213M->213M(455M) 80.024ms
[2020-08-08T11:29:57.730+0300][84.985s][info][gc] GC(498) Pause Young (Allocation Failure) 270M->270M(455M) 309.631ms
[2020-08-08T11:29:57.855+0300][85.109s][info][gc] GC(499) Pause Young (Allocation Failure) 327M->327M(455M) 115.534ms
[2020-08-08T11:29:57.978+0300][85.233s][info][gc] GC(500) Pause Full (Ergonomics) 327M->59M(455M) 123.092ms
[2020-08-08T11:29:58.170+0300][85.425s][info][gc] GC(501) Pause Young (Allocation Failure) 117M->117M(455M) 181.963ms
[2020-08-08T11:29:58.359+0300][85.614s][info][gc] GC(502) Pause Young (Allocation Failure) 174M->175M(455M) 178.910ms
[2020-08-08T11:29:58.468+0300][85.723s][info][gc] GC(503) Pause Young (Allocation Failure) 232M->232M(455M) 97.080ms
[2020-08-08T11:29:58.675+0300][85.930s][info][gc] GC(504) Pause Young (Allocation Failure) 290M->290M(455M) 197.656ms
[2020-08-08T11:29:58.760+0300][86.014s][info][gc] GC(505) Pause Young (Allocation Failure) 347M->347M(455M) 74.896ms
[2020-08-08T11:29:58.946+0300][86.200s][info][gc] GC(506) Pause Full (Ergonomics) 347M->80M(455M) 185.867ms
[2020-08-08T11:29:59.138+0300][86.393s][info][gc] GC(507) Pause Young (Allocation Failure) 136M->136M(455M) 180.138ms
[2020-08-08T11:29:59.286+0300][86.541s][info][gc] GC(508) Pause Young (Allocation Failure) 193M->193M(455M) 136.889ms
[2020-08-08T11:29:59.390+0300][86.645s][info][gc] GC(509) Pause Young (Allocation Failure) 251M->251M(455M) 94.186ms
[2020-08-08T11:29:59.597+0300][86.852s][info][gc] GC(510) Pause Young (Allocation Failure) 308M->309M(455M) 193.473ms
[2020-08-08T11:29:59.669+0300][86.924s][info][gc] GC(511) Pause Full (Ergonomics) 309M->41M(455M) 71.501ms
[2020-08-08T11:29:59.867+0300][87.122s][info][gc] GC(512) Pause Young (Allocation Failure) 98M->98M(455M) 185.915ms
[2020-08-08T11:30:00.163+0300][87.418s][info][gc] GC(513) Pause Young (Allocation Failure) 156M->156M(455M) 288.055ms
[2020-08-08T11:30:00.267+0300][87.522s][info][gc] GC(514) Pause Young (Allocation Failure) 213M->213M(455M) 89.960ms
[2020-08-08T11:30:00.608+0300][87.862s][info][gc] GC(515) Pause Young (Allocation Failure) 270M->270M(455M) 330.069ms
[2020-08-08T11:30:00.728+0300][87.983s][info][gc] GC(516) Pause Young (Allocation Failure) 327M->327M(455M) 111.435ms
[2020-08-08T11:30:00.852+0300][88.107s][info][gc] GC(517) Pause Full (Ergonomics) 327M->59M(455M) 124.039ms
[2020-08-08T11:30:01.036+0300][88.291s][info][gc] GC(518) Pause Young (Allocation Failure) 117M->117M(455M) 171.771ms
[2020-08-08T11:30:01.248+0300][88.503s][info][gc] GC(519) Pause Young (Allocation Failure) 174M->175M(455M) 204.143ms
[2020-08-08T11:30:01.348+0300][88.603s][info][gc] GC(520) Pause Young (Allocation Failure) 232M->232M(455M) 87.931ms
[2020-08-08T11:30:01.564+0300][88.819s][info][gc] GC(521) Pause Young (Allocation Failure) 290M->290M(455M) 207.697ms
[2020-08-08T11:30:01.651+0300][88.905s][info][gc] GC(522) Pause Young (Allocation Failure) 347M->347M(455M) 75.934ms
[2020-08-08T11:30:01.838+0300][89.093s][info][gc] GC(523) Pause Full (Ergonomics) 347M->80M(455M) 187.855ms
[2020-08-08T11:30:02.031+0300][89.286s][info][gc] GC(524) Pause Young (Allocation Failure) 136M->136M(455M) 181.944ms
[2020-08-08T11:30:02.157+0300][89.412s][info][gc] GC(525) Pause Young (Allocation Failure) 193M->193M(455M) 118.381ms
[2020-08-08T11:30:02.265+0300][89.519s][info][gc] GC(526) Pause Young (Allocation Failure) 251M->251M(455M) 96.070ms
[2020-08-08T11:30:02.448+0300][89.703s][info][gc] GC(527) Pause Young (Allocation Failure) 308M->309M(455M) 175.134ms
[2020-08-08T11:30:02.517+0300][89.772s][info][gc] GC(528) Pause Full (Ergonomics) 309M->41M(455M) 69.075ms
[2020-08-08T11:30:02.716+0300][89.971s][info][gc] GC(529) Pause Young (Allocation Failure) 98M->98M(455M) 188.307ms
[2020-08-08T11:30:03.036+0300][90.291s][info][gc] GC(530) Pause Young (Allocation Failure) 156M->156M(455M) 310.973ms
[2020-08-08T11:30:03.132+0300][90.387s][info][gc] GC(531) Pause Young (Allocation Failure) 214M->213M(455M) 82.263ms
[2020-08-08T11:30:03.505+0300][90.760s][info][gc] GC(532) Pause Young (Allocation Failure) 270M->270M(455M) 360.483ms
[2020-08-08T11:30:03.630+0300][90.885s][info][gc] GC(533) Pause Young (Allocation Failure) 327M->327M(455M) 115.765ms
[2020-08-08T11:30:03.754+0300][91.009s][info][gc] GC(534) Pause Full (Ergonomics) 327M->59M(455M) 124.636ms
[2020-08-08T11:30:03.924+0300][91.179s][info][gc] GC(535) Pause Young (Allocation Failure) 117M->117M(455M) 159.650ms
[2020-08-08T11:30:04.126+0300][91.381s][info][gc] GC(536) Pause Young (Allocation Failure) 175M->175M(455M) 191.939ms
[2020-08-08T11:30:04.222+0300][91.477s][info][gc] GC(537) Pause Young (Allocation Failure) 232M->232M(455M) 87.463ms
[2020-08-08T11:30:04.438+0300][91.693s][info][gc] GC(538) Pause Young (Allocation Failure) 290M->290M(455M) 205.502ms
[2020-08-08T11:30:04.523+0300][91.778s][info][gc] GC(539) Pause Young (Allocation Failure) 347M->347M(455M) 75.738ms
[2020-08-08T11:30:04.708+0300][91.963s][info][gc] GC(540) Pause Full (Ergonomics) 347M->80M(455M) 184.934ms
[2020-08-08T11:30:04.906+0300][92.161s][info][gc] GC(541) Pause Young (Allocation Failure) 136M->136M(455M) 189.174ms
[2020-08-08T11:30:05.045+0300][92.300s][info][gc] GC(542) Pause Young (Allocation Failure) 193M->193M(455M) 129.174ms
[2020-08-08T11:30:05.152+0300][92.406s][info][gc] GC(543) Pause Young (Allocation Failure) 251M->251M(455M) 97.296ms
[2020-08-08T11:30:05.386+0300][92.640s][info][gc] GC(544) Pause Young (Allocation Failure) 308M->309M(455M) 221.997ms
[2020-08-08T11:30:05.458+0300][92.713s][info][gc] GC(545) Pause Full (Ergonomics) 309M->41M(455M) 72.296ms
[2020-08-08T11:30:05.652+0300][92.907s][info][gc] GC(546) Pause Young (Allocation Failure) 98M->98M(455M) 183.517ms
[2020-08-08T11:30:05.965+0300][93.220s][info][gc] GC(547) Pause Young (Allocation Failure) 156M->156M(455M) 304.945ms
[2020-08-08T11:30:06.052+0300][93.307s][info][gc] GC(548) Pause Young (Allocation Failure) 213M->213M(455M) 76.492ms
[2020-08-08T11:30:06.364+0300][93.619s][info][gc] GC(549) Pause Young (Allocation Failure) 270M->270M(455M) 300.883ms
[2020-08-08T11:30:06.488+0300][93.742s][info][gc] GC(550) Pause Young (Allocation Failure) 327M->327M(455M) 113.405ms
[2020-08-08T11:30:06.621+0300][93.876s][info][gc] GC(551) Pause Full (Ergonomics) 327M->59M(455M) 132.940ms
[2020-08-08T11:30:06.762+0300][94.017s][info][gc] GC(552) Pause Young (Allocation Failure) 117M->117M(455M) 131.997ms
[2020-08-08T11:30:06.925+0300][94.180s][info][gc] GC(553) Pause Young (Allocation Failure) 174M->175M(455M) 154.719ms
[2020-08-08T11:30:07.021+0300][94.276s][info][gc] GC(554) Pause Young (Allocation Failure) 232M->232M(455M) 84.401ms
[2020-08-08T11:30:07.285+0300][94.539s][info][gc] GC(555) Pause Young (Allocation Failure) 290M->290M(455M) 254.748ms
[2020-08-08T11:30:07.380+0300][94.635s][info][gc] GC(556) Pause Young (Allocation Failure) 347M->347M(455M) 86.044ms
[2020-08-08T11:30:07.570+0300][94.825s][info][gc] GC(557) Pause Full (Ergonomics) 347M->80M(455M) 189.627ms
[2020-08-08T11:30:07.752+0300][95.007s][info][gc] GC(558) Pause Young (Allocation Failure) 136M->136M(455M) 168.521ms
[2020-08-08T11:30:07.883+0300][95.138s][info][gc] GC(559) Pause Young (Allocation Failure) 193M->193M(455M) 120.914ms
[2020-08-08T11:30:07.986+0300][95.241s][info][gc] GC(560) Pause Young (Allocation Failure) 251M->251M(455M) 93.508ms
[2020-08-08T11:30:08.195+0300][95.450s][info][gc] GC(561) Pause Young (Allocation Failure) 308M->309M(455M) 197.203ms
[2020-08-08T11:30:08.266+0300][95.521s][info][gc] GC(562) Pause Full (Ergonomics) 309M->41M(455M) 70.407ms
[2020-08-08T11:30:08.469+0300][95.724s][info][gc] GC(563) Pause Young (Allocation Failure) 98M->98M(455M) 193.461ms
[2020-08-08T11:30:08.780+0300][96.035s][info][gc] GC(564) Pause Young (Allocation Failure) 156M->156M(455M) 301.130ms
[2020-08-08T11:30:08.868+0300][96.123s][info][gc] GC(565) Pause Young (Allocation Failure) 213M->214M(455M) 77.826ms
[2020-08-08T11:30:09.190+0300][96.445s][info][gc] GC(566) Pause Young (Allocation Failure) 270M->270M(455M) 311.905ms
[2020-08-08T11:30:09.317+0300][96.572s][info][gc] GC(567) Pause Young (Allocation Failure) 327M->327M(455M) 118.741ms
[2020-08-08T11:30:09.445+0300][96.700s][info][gc] GC(568) Pause Full (Ergonomics) 327M->59M(455M) 127.645ms
[2020-08-08T11:30:09.619+0300][96.874s][info][gc] GC(569) Pause Young (Allocation Failure) 117M->117M(455M) 162.556ms
[2020-08-08T11:30:09.817+0300][97.072s][info][gc] GC(570) Pause Young (Allocation Failure) 174M->175M(455M) 189.342ms
[2020-08-08T11:30:09.914+0300][97.169s][info][gc] GC(571) Pause Young (Allocation Failure) 232M->232M(455M) 88.262ms
[2020-08-08T11:30:10.132+0300][97.387s][info][gc] GC(572) Pause Young (Allocation Failure) 290M->290M(455M) 209.756ms
[2020-08-08T11:30:10.218+0300][97.473s][info][gc] GC(573) Pause Young (Allocation Failure) 347M->347M(455M) 74.706ms
[2020-08-08T11:30:10.393+0300][97.648s][info][gc] GC(574) Pause Full (Ergonomics) 347M->79M(455M) 175.810ms
[2020-08-08T11:30:10.595+0300][97.850s][info][gc] GC(575) Pause Young (Allocation Failure) 136M->136M(455M) 191.635ms
[2020-08-08T11:30:10.713+0300][97.968s][info][gc] GC(576) Pause Young (Allocation Failure) 193M->193M(455M) 109.263ms
[2020-08-08T11:30:10.816+0300][98.071s][info][gc] GC(577) Pause Young (Allocation Failure) 251M->251M(455M) 92.925ms
[2020-08-08T11:30:11.030+0300][98.285s][info][gc] GC(578) Pause Young (Allocation Failure) 308M->309M(455M) 202.210ms
[2020-08-08T11:30:11.100+0300][98.355s][info][gc] GC(579) Pause Full (Ergonomics) 309M->41M(455M) 69.979ms
[2020-08-08T11:30:11.302+0300][98.557s][info][gc] GC(580) Pause Young (Allocation Failure) 98M->98M(455M) 190.494ms
[2020-08-08T11:30:11.603+0300][98.858s][info][gc] GC(581) Pause Young (Allocation Failure) 156M->156M(455M) 293.428ms
[2020-08-08T11:30:11.695+0300][98.950s][info][gc] GC(582) Pause Young (Allocation Failure) 213M->213M(455M) 79.927ms
[2020-08-08T11:30:12.009+0300][99.264s][info][gc] GC(583) Pause Young (Allocation Failure) 270M->270M(455M) 304.061ms
[2020-08-08T11:30:12.133+0300][99.388s][info][gc] GC(584) Pause Young (Allocation Failure) 327M->327M(455M) 115.384ms
[2020-08-08T11:30:12.258+0300][99.513s][info][gc] GC(585) Pause Full (Ergonomics) 327M->59M(455M) 124.733ms
[2020-08-08T11:30:12.445+0300][99.700s][info][gc] GC(586) Pause Young (Allocation Failure) 117M->117M(455M) 176.451ms
[2020-08-08T11:30:12.639+0300][99.894s][info][gc] GC(587) Pause Young (Allocation Failure) 174M->175M(455M) 185.566ms
[2020-08-08T11:30:12.740+0300][99.995s][info][gc] GC(588) Pause Young (Allocation Failure) 232M->232M(455M) 86.635ms
[2020-08-08T11:30:12.951+0300][100.206s][info][gc] GC(589) Pause Young (Allocation Failure) 290M->290M(455M) 202.970ms
[2020-08-08T11:30:13.034+0300][100.289s][info][gc] GC(590) Pause Young (Allocation Failure) 347M->347M(455M) 73.384ms
[2020-08-08T11:30:13.228+0300][100.483s][info][gc] GC(591) Pause Full (Ergonomics) 347M->80M(455M) 193.870ms
[2020-08-08T11:30:13.419+0300][100.674s][info][gc] GC(592) Pause Young (Allocation Failure) 136M->136M(455M) 179.155ms
[2020-08-08T11:30:13.541+0300][100.796s][info][gc] GC(593) Pause Young (Allocation Failure) 193M->193M(455M) 113.946ms
[2020-08-08T11:30:13.644+0300][100.899s][info][gc] GC(594) Pause Young (Allocation Failure) 251M->251M(455M) 93.214ms
[2020-08-08T11:30:13.858+0300][101.113s][info][gc] GC(595) Pause Young (Allocation Failure) 308M->309M(455M) 201.510ms
[2020-08-08T11:30:13.933+0300][101.188s][info][gc] GC(596) Pause Full (Ergonomics) 309M->41M(455M) 74.358ms
[2020-08-08T11:30:14.127+0300][101.381s][info][gc] GC(597) Pause Young (Allocation Failure) 98M->98M(455M) 183.272ms
[2020-08-08T11:30:14.436+0300][101.691s][info][gc] GC(598) Pause Young (Allocation Failure) 156M->156M(455M) 302.221ms
[2020-08-08T11:30:14.523+0300][101.778s][info][gc] GC(599) Pause Young (Allocation Failure) 214M->214M(455M) 77.329ms
[2020-08-08T11:30:14.811+0300][102.066s][info][gc] GC(600) Pause Young (Allocation Failure) 270M->270M(455M) 278.019ms
[2020-08-08T11:30:14.940+0300][102.195s][info][gc] GC(601) Pause Young (Allocation Failure) 327M->327M(455M) 119.414ms
[2020-08-08T11:30:15.068+0300][102.323s][info][gc] GC(602) Pause Full (Ergonomics) 327M->59M(455M) 127.798ms
[2020-08-08T11:30:15.211+0300][102.466s][info][gc] GC(603) Pause Young (Allocation Failure) 117M->117M(455M) 132.604ms
[2020-08-08T11:30:15.379+0300][102.634s][info][gc] GC(604) Pause Young (Allocation Failure) 174M->175M(455M) 160.715ms
[2020-08-08T11:30:15.474+0300][102.728s][info][gc] GC(605) Pause Young (Allocation Failure) 232M->232M(455M) 83.856ms
[2020-08-08T11:30:15.755+0300][103.010s][info][gc] GC(606) Pause Young (Allocation Failure) 290M->290M(455M) 269.791ms
[2020-08-08T11:30:15.848+0300][103.103s][info][gc] GC(607) Pause Young (Allocation Failure) 347M->347M(455M) 77.733ms
[2020-08-08T11:30:16.032+0300][103.287s][info][gc] GC(608) Pause Full (Ergonomics) 347M->79M(455M) 183.942ms
[2020-08-08T11:30:16.210+0300][103.464s][info][gc] GC(609) Pause Young (Allocation Failure) 136M->136M(455M) 168.077ms
[2020-08-08T11:30:16.342+0300][103.597s][info][gc] GC(610) Pause Young (Allocation Failure) 193M->193M(455M) 124.561ms
[2020-08-08T11:30:16.446+0300][103.701s][info][gc] GC(611) Pause Young (Allocation Failure) 251M->251M(455M) 94.290ms
[2020-08-08T11:30:16.659+0300][103.914s][info][gc] GC(612) Pause Young (Allocation Failure) 308M->309M(455M) 203.601ms
[2020-08-08T11:30:16.729+0300][103.984s][info][gc] GC(613) Pause Full (Ergonomics) 309M->41M(455M) 69.834ms
[2020-08-08T11:30:16.920+0300][104.175s][info][gc] GC(614) Pause Young (Allocation Failure) 98M->98M(455M) 178.890ms
[2020-08-08T11:30:17.227+0300][104.482s][info][gc] GC(615) Pause Young (Allocation Failure) 156M->156M(455M) 298.887ms
[2020-08-08T11:30:17.315+0300][104.569s][info][gc] GC(616) Pause Young (Allocation Failure) 213M->213M(455M) 77.589ms
[2020-08-08T11:30:17.627+0300][104.882s][info][gc] GC(617) Pause Young (Allocation Failure) 270M->270M(455M) 302.033ms
[2020-08-08T11:30:17.747+0300][105.002s][info][gc] GC(618) Pause Young (Allocation Failure) 327M->327M(455M) 111.186ms
[2020-08-08T11:30:17.873+0300][105.128s][info][gc] GC(619) Pause Full (Ergonomics) 327M->59M(455M) 125.352ms
[2020-08-08T11:30:18.049+0300][105.304s][info][gc] GC(620) Pause Young (Allocation Failure) 117M->117M(455M) 163.556ms
[2020-08-08T11:30:18.259+0300][105.514s][info][gc] GC(621) Pause Young (Allocation Failure) 174M->175M(455M) 201.681ms
[2020-08-08T11:30:18.354+0300][105.609s][info][gc] GC(622) Pause Young (Allocation Failure) 232M->232M(455M) 84.261ms
[2020-08-08T11:30:18.569+0300][105.824s][info][gc] GC(623) Pause Young (Allocation Failure) 290M->290M(455M) 206.992ms
[2020-08-08T11:30:18.658+0300][105.913s][info][gc] GC(624) Pause Young (Allocation Failure) 347M->347M(455M) 75.799ms
[2020-08-08T11:30:18.843+0300][106.098s][info][gc] GC(625) Pause Full (Ergonomics) 347M->79M(455M) 184.647ms
[2020-08-08T11:30:19.040+0300][106.295s][info][gc] GC(626) Pause Young (Allocation Failure) 136M->136M(455M) 185.080ms
[2020-08-08T11:30:19.179+0300][106.434s][info][gc] GC(627) Pause Young (Allocation Failure) 193M->193M(455M) 130.689ms
[2020-08-08T11:30:19.285+0300][106.540s][info][gc] GC(628) Pause Young (Allocation Failure) 251M->251M(455M) 96.044ms
[2020-08-08T11:30:19.494+0300][106.749s][info][gc] GC(629) Pause Young (Allocation Failure) 308M->309M(455M) 200.146ms
[2020-08-08T11:30:19.567+0300][106.822s][info][gc] GC(630) Pause Full (Ergonomics) 309M->41M(455M) 72.689ms
[2020-08-08T11:30:19.767+0300][107.022s][info][gc] GC(631) Pause Young (Allocation Failure) 98M->98M(455M) 188.645ms
[2020-08-08T11:30:20.064+0300][107.319s][info][gc] GC(632) Pause Young (Allocation Failure) 156M->156M(455M) 284.716ms
[2020-08-08T11:30:20.155+0300][107.410s][info][gc] GC(633) Pause Young (Allocation Failure) 213M->214M(455M) 79.469ms
[2020-08-08T11:30:20.464+0300][107.719s][info][gc] GC(634) Pause Young (Allocation Failure) 270M->270M(455M) 297.568ms
[2020-08-08T11:30:20.578+0300][107.833s][info][gc] GC(635) Pause Young (Allocation Failure) 327M->327M(455M) 105.854ms
[2020-08-08T11:30:20.711+0300][107.966s][info][gc] GC(636) Pause Full (Ergonomics) 327M->59M(455M) 132.966ms
[2020-08-08T11:30:20.898+0300][108.153s][info][gc] GC(637) Pause Young (Allocation Failure) 117M->117M(455M) 174.877ms
[2020-08-08T11:30:21.083+0300][108.338s][info][gc] GC(638) Pause Young (Allocation Failure) 174M->175M(455M) 175.151ms
[2020-08-08T11:30:21.179+0300][108.434s][info][gc] GC(639) Pause Young (Allocation Failure) 232M->232M(455M) 86.057ms
[2020-08-08T11:30:21.387+0300][108.642s][info][gc] GC(640) Pause Young (Allocation Failure) 290M->290M(455M) 199.276ms
[2020-08-08T11:30:21.475+0300][108.730s][info][gc] GC(641) Pause Young (Allocation Failure) 347M->347M(455M) 75.862ms
[2020-08-08T11:30:21.658+0300][108.913s][info][gc] GC(642) Pause Full (Ergonomics) 347M->79M(455M) 183.699ms
[2020-08-08T11:30:21.858+0300][109.113s][info][gc] GC(643) Pause Young (Allocation Failure) 136M->136M(455M) 188.945ms
[2020-08-08T11:30:21.988+0300][109.243s][info][gc] GC(644) Pause Young (Allocation Failure) 193M->193M(455M) 118.452ms
[2020-08-08T11:30:22.090+0300][109.345s][info][gc] GC(645) Pause Young (Allocation Failure) 251M->251M(455M) 92.648ms
[2020-08-08T11:30:22.266+0300][109.521s][info][gc] GC(646) Pause Young (Allocation Failure) 308M->309M(455M) 166.493ms
[2020-08-08T11:30:22.336+0300][109.591s][info][gc] GC(647) Pause Full (Ergonomics) 309M->41M(455M) 69.971ms
[2020-08-08T11:30:22.535+0300][109.790s][info][gc] GC(648) Pause Young (Allocation Failure) 98M->98M(455M) 188.374ms
[2020-08-08T11:30:22.840+0300][110.095s][info][gc] GC(649) Pause Young (Allocation Failure) 156M->156M(455M) 295.568ms
[2020-08-08T11:30:22.952+0300][110.207s][info][gc] GC(650) Pause Young (Allocation Failure) 214M->213M(455M) 96.030ms
[2020-08-08T11:30:23.264+0300][110.519s][info][gc] GC(651) Pause Young (Allocation Failure) 270M->270M(455M) 301.821ms
[2020-08-08T11:30:23.377+0300][110.632s][info][gc] GC(652) Pause Young (Allocation Failure) 327M->327M(455M) 104.660ms
[2020-08-08T11:30:23.501+0300][110.756s][info][gc] GC(653) Pause Full (Ergonomics) 327M->59M(455M) 124.576ms
[2020-08-08T11:30:23.674+0300][110.929s][info][gc] GC(654) Pause Young (Allocation Failure) 117M->117M(455M) 161.397ms
[2020-08-08T11:30:23.885+0300][111.140s][info][gc] GC(655) Pause Young (Allocation Failure) 175M->175M(455M) 202.543ms
[2020-08-08T11:30:23.984+0300][111.239s][info][gc] GC(656) Pause Young (Allocation Failure) 232M->232M(455M) 86.014ms
[2020-08-08T11:30:24.285+0300][111.540s][info][gc] GC(657) Pause Young (Allocation Failure) 290M->290M(455M) 292.117ms
[2020-08-08T11:30:24.373+0300][111.628s][info][gc] GC(658) Pause Young (Allocation Failure) 347M->347M(455M) 79.338ms
[2020-08-08T11:30:24.561+0300][111.816s][info][gc] GC(659) Pause Full (Ergonomics) 347M->80M(455M) 188.210ms
[2020-08-08T11:30:24.757+0300][112.012s][info][gc] GC(660) Pause Young (Allocation Failure) 136M->136M(455M) 185.528ms
[2020-08-08T11:30:24.889+0300][112.144s][info][gc] GC(661) Pause Young (Allocation Failure) 193M->193M(455M) 123.304ms
[2020-08-08T11:30:24.996+0300][112.251s][info][gc] GC(662) Pause Young (Allocation Failure) 251M->251M(455M) 95.566ms
[2020-08-08T11:30:25.200+0300][112.455s][info][gc] GC(663) Pause Young (Allocation Failure) 308M->309M(455M) 195.641ms
[2020-08-08T11:30:25.269+0300][112.524s][info][gc] GC(664) Pause Full (Ergonomics) 309M->41M(455M) 68.520ms
[2020-08-08T11:30:25.467+0300][112.722s][info][gc] GC(665) Pause Young (Allocation Failure) 98M->98M(455M) 187.854ms
[2020-08-08T11:30:25.764+0300][113.019s][info][gc] GC(666) Pause Young (Allocation Failure) 156M->156M(455M) 290.186ms
[2020-08-08T11:30:25.849+0300][113.104s][info][gc] GC(667) Pause Young (Allocation Failure) 213M->214M(455M) 75.449ms
[2020-08-08T11:30:26.166+0300][113.421s][info][gc] GC(668) Pause Young (Allocation Failure) 270M->270M(455M) 304.805ms
[2020-08-08T11:30:26.287+0300][113.542s][info][gc] GC(669) Pause Young (Allocation Failure) 327M->327M(455M) 110.779ms
[2020-08-08T11:30:26.413+0300][113.668s][info][gc] GC(670) Pause Full (Ergonomics) 327M->59M(455M) 126.593ms
[2020-08-08T11:30:26.555+0300][113.810s][info][gc] GC(671) Pause Young (Allocation Failure) 117M->117M(455M) 130.631ms
[2020-08-08T11:30:26.724+0300][113.979s][info][gc] GC(672) Pause Young (Allocation Failure) 174M->175M(455M) 161.044ms
[2020-08-08T11:30:26.823+0300][114.078s][info][gc] GC(673) Pause Young (Allocation Failure) 232M->232M(455M) 88.588ms
[2020-08-08T11:30:27.098+0300][114.353s][info][gc] GC(674) Pause Young (Allocation Failure) 290M->290M(455M) 266.729ms
[2020-08-08T11:30:27.192+0300][114.447s][info][gc] GC(675) Pause Young (Allocation Failure) 348M->347M(455M) 79.306ms
[2020-08-08T11:30:27.376+0300][114.631s][info][gc] GC(676) Pause Full (Ergonomics) 347M->79M(455M) 184.515ms
[2020-08-08T11:30:27.571+0300][114.825s][info][gc] GC(677) Pause Young (Allocation Failure) 136M->136M(455M) 184.279ms
[2020-08-08T11:30:27.695+0300][114.950s][info][gc] GC(678) Pause Young (Allocation Failure) 193M->193M(455M) 116.156ms
[2020-08-08T11:30:27.799+0300][115.054s][info][gc] GC(679) Pause Young (Allocation Failure) 251M->251M(455M) 95.105ms
[2020-08-08T11:30:27.996+0300][115.251s][info][gc] GC(680) Pause Young (Allocation Failure) 308M->309M(455M) 188.501ms
[2020-08-08T11:30:28.070+0300][115.325s][info][gc] GC(681) Pause Full (Ergonomics) 309M->41M(455M) 74.207ms
[2020-08-08T11:30:28.270+0300][115.525s][info][gc] GC(682) Pause Young (Allocation Failure) 98M->98M(455M) 190.046ms
[2020-08-08T11:30:28.578+0300][115.833s][info][gc] GC(683) Pause Young (Allocation Failure) 156M->156M(455M) 299.435ms
[2020-08-08T11:30:28.665+0300][115.920s][info][gc] GC(684) Pause Young (Allocation Failure) 213M->214M(455M) 76.400ms
[2020-08-08T11:30:28.979+0300][116.233s][info][gc] GC(685) Pause Young (Allocation Failure) 270M->270M(455M) 303.119ms
[2020-08-08T11:30:29.107+0300][116.362s][info][gc] GC(686) Pause Young (Allocation Failure) 327M->327M(455M) 119.812ms
[2020-08-08T11:30:29.227+0300][116.482s][info][gc] GC(687) Pause Full (Ergonomics) 327M->59M(455M) 120.551ms
[2020-08-08T11:30:29.418+0300][116.673s][info][gc] GC(688) Pause Young (Allocation Failure) 117M->117M(455M) 179.290ms
[2020-08-08T11:30:29.612+0300][116.867s][info][gc] GC(689) Pause Young (Allocation Failure) 174M->175M(455M) 182.632ms
[2020-08-08T11:30:29.710+0300][116.965s][info][gc] GC(690) Pause Young (Allocation Failure) 232M->232M(455M) 87.335ms
[2020-08-08T11:30:30.002+0300][117.257s][info][gc] GC(691) Pause Young (Allocation Failure) 290M->290M(455M) 282.668ms
[2020-08-08T11:30:30.096+0300][117.351s][info][gc] GC(692) Pause Young (Allocation Failure) 347M->347M(455M) 84.126ms
[2020-08-08T11:30:30.278+0300][117.533s][info][gc] GC(693) Pause Full (Ergonomics) 347M->80M(455M) 181.720ms
[2020-08-08T11:30:30.479+0300][117.734s][info][gc] GC(694) Pause Young (Allocation Failure) 136M->136M(455M) 191.023ms
[2020-08-08T11:30:30.608+0300][117.863s][info][gc] GC(695) Pause Young (Allocation Failure) 193M->193M(455M) 117.862ms
[2020-08-08T11:30:30.714+0300][117.969s][info][gc] GC(696) Pause Young (Allocation Failure) 251M->251M(455M) 95.811ms
[2020-08-08T11:30:30.893+0300][118.148s][info][gc] GC(697) Pause Young (Allocation Failure) 308M->309M(455M) 169.184ms
[2020-08-08T11:30:30.963+0300][118.218s][info][gc] GC(698) Pause Full (Ergonomics) 309M->41M(455M) 69.989ms
[2020-08-08T11:30:31.161+0300][118.416s][info][gc] GC(699) Pause Young (Allocation Failure) 98M->98M(455M) 186.627ms
[2020-08-08T11:30:31.466+0300][118.721s][info][gc] GC(700) Pause Young (Allocation Failure) 156M->156M(455M) 296.753ms
[2020-08-08T11:30:31.557+0300][118.812s][info][gc] GC(701) Pause Young (Allocation Failure) 213M->213M(455M) 78.847ms
[2020-08-08T11:30:31.867+0300][119.122s][info][gc] GC(702) Pause Young (Allocation Failure) 270M->270M(455M) 300.052ms
[2020-08-08T11:30:31.982+0300][119.237s][info][gc] GC(703) Pause Young (Allocation Failure) 327M->327M(455M) 107.803ms
[2020-08-08T11:30:32.107+0300][119.362s][info][gc] GC(704) Pause Full (Ergonomics) 327M->59M(455M) 125.029ms
[2020-08-08T11:30:32.284+0300][119.539s][info][gc] GC(705) Pause Young (Allocation Failure) 117M->117M(455M) 166.475ms
[2020-08-08T11:30:32.489+0300][119.744s][info][gc] GC(706) Pause Young (Allocation Failure) 175M->175M(455M) 196.330ms
[2020-08-08T11:30:32.588+0300][119.843s][info][gc] GC(707) Pause Young (Allocation Failure) 232M->232M(455M) 88.737ms
[2020-08-08T11:30:32.877+0300][120.132s][info][gc] GC(708) Pause Young (Allocation Failure) 290M->290M(455M) 280.616ms
[2020-08-08T11:30:32.970+0300][120.225s][info][gc] GC(709) Pause Young (Allocation Failure) 347M->347M(455M) 81.720ms
[2020-08-08T11:30:33.157+0300][120.412s][info][gc] GC(710) Pause Full (Ergonomics) 347M->80M(455M) 186.677ms
[2020-08-08T11:30:33.356+0300][120.611s][info][gc] GC(711) Pause Young (Allocation Failure) 136M->136M(455M) 189.835ms
[2020-08-08T11:30:33.505+0300][120.760s][info][gc] GC(712) Pause Young (Allocation Failure) 193M->193M(455M) 139.786ms
[2020-08-08T11:30:33.611+0300][120.866s][info][gc] GC(713) Pause Young (Allocation Failure) 251M->251M(455M) 94.288ms
[2020-08-08T11:30:33.836+0300][121.091s][info][gc] GC(714) Pause Young (Allocation Failure) 308M->309M(455M) 216.639ms
[2020-08-08T11:30:33.905+0300][121.160s][info][gc] GC(715) Pause Full (Ergonomics) 309M->41M(455M) 69.585ms
[2020-08-08T11:30:34.104+0300][121.359s][info][gc] GC(716) Pause Young (Allocation Failure) 98M->98M(455M) 188.531ms
[2020-08-08T11:30:34.415+0300][121.670s][info][gc] GC(717) Pause Young (Allocation Failure) 156M->156M(455M) 302.775ms
[2020-08-08T11:30:34.508+0300][121.763s][info][gc] GC(718) Pause Young (Allocation Failure) 213M->213M(455M) 80.236ms
[2020-08-08T11:30:34.849+0300][122.104s][info][gc] GC(719) Pause Young (Allocation Failure) 270M->270M(455M) 329.879ms
[2020-08-08T11:30:34.967+0300][122.222s][info][gc] GC(720) Pause Young (Allocation Failure) 327M->327M(455M) 109.324ms
[2020-08-08T11:30:35.092+0300][122.347s][info][gc] GC(721) Pause Full (Ergonomics) 327M->59M(455M) 124.851ms
[2020-08-08T11:30:35.279+0300][122.534s][info][gc] GC(722) Pause Young (Allocation Failure) 117M->117M(455M) 176.638ms
[2020-08-08T11:30:35.470+0300][122.725s][info][gc] GC(723) Pause Young (Allocation Failure) 175M->175M(455M) 183.962ms
[2020-08-08T11:30:35.566+0300][122.821s][info][gc] GC(724) Pause Young (Allocation Failure) 232M->232M(455M) 85.033ms
[2020-08-08T11:30:35.811+0300][123.066s][info][gc] GC(725) Pause Young (Allocation Failure) 290M->290M(455M) 232.520ms
[2020-08-08T11:30:35.896+0300][123.151s][info][gc] GC(726) Pause Young (Allocation Failure) 347M->347M(455M) 74.922ms
[2020-08-08T11:30:36.090+0300][123.345s][info][gc] GC(727) Pause Full (Ergonomics) 347M->80M(455M) 193.810ms
[2020-08-08T11:30:36.288+0300][123.543s][info][gc] GC(728) Pause Young (Allocation Failure) 136M->136M(455M) 187.858ms
[2020-08-08T11:30:36.418+0300][123.673s][info][gc] GC(729) Pause Young (Allocation Failure) 193M->193M(455M) 121.658ms
[2020-08-08T11:30:36.523+0300][123.778s][info][gc] GC(730) Pause Young (Allocation Failure) 251M->251M(455M) 94.283ms
[2020-08-08T11:30:36.706+0300][123.961s][info][gc] GC(731) Pause Young (Allocation Failure) 308M->309M(455M) 174.406ms
[2020-08-08T11:30:36.775+0300][124.030s][info][gc] GC(732) Pause Full (Ergonomics) 309M->41M(455M) 68.806ms
[2020-08-08T11:30:36.968+0300][124.223s][info][gc] GC(733) Pause Young (Allocation Failure) 98M->98M(455M) 180.720ms
[2020-08-08T11:30:37.271+0300][124.526s][info][gc] GC(734) Pause Young (Allocation Failure) 156M->156M(455M) 294.515ms
[2020-08-08T11:30:37.357+0300][124.612s][info][gc] GC(735) Pause Young (Allocation Failure) 213M->214M(455M) 76.621ms
[2020-08-08T11:30:37.697+0300][124.952s][info][gc] GC(736) Pause Young (Allocation Failure) 270M->270M(455M) 329.904ms
[2020-08-08T11:30:37.842+0300][125.097s][info][gc] GC(737) Pause Young (Allocation Failure) 327M->327M(455M) 134.038ms
[2020-08-08T11:30:37.970+0300][125.225s][info][gc] GC(738) Pause Full (Ergonomics) 327M->59M(455M) 128.438ms
[2020-08-08T11:30:38.151+0300][125.406s][info][gc] GC(739) Pause Young (Allocation Failure) 117M->117M(455M) 169.289ms
[2020-08-08T11:30:38.355+0300][125.610s][info][gc] GC(740) Pause Young (Allocation Failure) 174M->175M(455M) 197.068ms
[2020-08-08T11:30:38.450+0300][125.705s][info][gc] GC(741) Pause Young (Allocation Failure) 232M->232M(455M) 84.568ms
[2020-08-08T11:30:38.658+0300][125.913s][info][gc] GC(742) Pause Young (Allocation Failure) 290M->290M(455M) 200.260ms
[2020-08-08T11:30:38.751+0300][126.006s][info][gc] GC(743) Pause Young (Allocation Failure) 347M->347M(455M) 76.879ms
[2020-08-08T11:30:38.942+0300][126.196s][info][gc] GC(744) Pause Full (Ergonomics) 347M->79M(455M) 190.817ms
[2020-08-08T11:30:39.124+0300][126.379s][info][gc] GC(745) Pause Young (Allocation Failure) 136M->136M(455M) 172.371ms
[2020-08-08T11:30:39.246+0300][126.501s][info][gc] GC(746) Pause Young (Allocation Failure) 193M->193M(455M) 114.425ms
[2020-08-08T11:30:39.348+0300][126.603s][info][gc] GC(747) Pause Young (Allocation Failure) 251M->251M(455M) 93.333ms
[2020-08-08T11:30:39.528+0300][126.783s][info][gc] GC(748) Pause Young (Allocation Failure) 308M->309M(455M) 171.081ms
[2020-08-08T11:30:39.597+0300][126.852s][info][gc] GC(749) Pause Full (Ergonomics) 309M->41M(455M) 69.233ms
[2020-08-08T11:30:39.802+0300][127.057s][info][gc] GC(750) Pause Young (Allocation Failure) 98M->98M(455M) 192.695ms
[2020-08-08T11:30:40.116+0300][127.371s][info][gc] GC(751) Pause Young (Allocation Failure) 137M->136M(455M) 304.819ms
[2020-08-08T11:30:40.203+0300][127.458s][info][gc] GC(752) Pause Young (Allocation Failure) 193M->193M(455M) 79.185ms
[2020-08-08T11:30:40.306+0300][127.561s][info][gc] GC(753) Pause Young (Allocation Failure) 251M->251M(455M) 93.499ms
[2020-08-08T11:30:40.488+0300][127.743s][info][gc] GC(754) Pause Young (Allocation Failure) 309M->309M(455M) 173.245ms
[2020-08-08T11:30:40.560+0300][127.815s][info][gc] GC(755) Pause Full (Ergonomics) 309M->41M(455M) 72.177ms
[2020-08-08T11:30:40.763+0300][128.018s][info][gc] GC(756) Pause Young (Allocation Failure) 98M->98M(455M) 192.288ms
[2020-08-08T11:30:41.073+0300][128.328s][info][gc] GC(757) Pause Young (Allocation Failure) 156M->156M(455M) 302.802ms
[2020-08-08T11:30:41.166+0300][128.421s][info][gc] GC(758) Pause Young (Allocation Failure) 214M->213M(455M) 81.073ms
[2020-08-08T11:30:41.494+0300][128.748s][info][gc] GC(759) Pause Young (Allocation Failure) 271M->270M(455M) 317.521ms
[2020-08-08T11:30:41.608+0300][128.863s][info][gc] GC(760) Pause Young (Allocation Failure) 327M->327M(455M) 107.463ms
[2020-08-08T11:30:41.735+0300][128.990s][info][gc] GC(761) Pause Full (Ergonomics) 327M->60M(455M) 126.983ms
[2020-08-08T11:30:41.933+0300][129.188s][info][gc] GC(762) Pause Young (Allocation Failure) 117M->117M(455M) 187.370ms
[2020-08-08T11:30:42.163+0300][129.418s][info][gc] GC(763) Pause Young (Allocation Failure) 175M->175M(455M) 220.075ms
[2020-08-08T11:30:42.263+0300][129.518s][info][gc] GC(764) Pause Young (Allocation Failure) 233M->233M(455M) 86.455ms
[2020-08-08T11:30:42.551+0300][129.806s][info][gc] GC(765) Pause Young (Allocation Failure) 290M->290M(455M) 279.426ms
[2020-08-08T11:30:42.639+0300][129.894s][info][gc] GC(766) Pause Young (Allocation Failure) 348M->348M(455M) 76.957ms
[2020-08-08T11:30:42.823+0300][130.078s][info][gc] GC(767) Pause Full (Ergonomics) 348M->79M(455M) 184.611ms
[2020-08-08T11:30:43.026+0300][130.281s][info][gc] GC(768) Pause Young (Allocation Failure) 136M->136M(455M) 193.240ms
[2020-08-08T11:30:43.153+0300][130.408s][info][gc] GC(769) Pause Young (Allocation Failure) 193M->193M(455M) 117.318ms
[2020-08-08T11:30:43.259+0300][130.514s][info][gc] GC(770) Pause Young (Allocation Failure) 251M->251M(455M) 94.947ms
[2020-08-08T11:30:43.470+0300][130.725s][info][gc] GC(771) Pause Young (Allocation Failure) 308M->308M(455M) 202.297ms
[2020-08-08T11:30:43.539+0300][130.794s][info][gc] GC(772) Pause Full (Ergonomics) 308M->41M(455M) 69.033ms
[2020-08-08T11:30:43.727+0300][130.982s][info][gc] GC(773) Pause Young (Allocation Failure) 99M->99M(455M) 177.855ms
[2020-08-08T11:30:44.005+0300][131.260s][info][gc] GC(774) Pause Young (Allocation Failure) 156M->156M(455M) 269.896ms
[2020-08-08T11:30:44.091+0300][131.345s][info][gc] GC(775) Pause Young (Allocation Failure) 214M->214M(455M) 75.392ms
[2020-08-08T11:30:44.454+0300][131.709s][info][gc] GC(776) Pause Young (Allocation Failure) 270M->270M(455M) 353.944ms
[2020-08-08T11:30:44.595+0300][131.850s][info][gc] GC(777) Pause Young (Allocation Failure) 328M->328M(455M) 130.323ms
[2020-08-08T11:30:44.721+0300][131.976s][info][gc] GC(778) Pause Full (Ergonomics) 328M->60M(455M) 125.833ms
[2020-08-08T11:30:44.860+0300][132.115s][info][gc] GC(779) Pause Young (Allocation Failure) 117M->117M(455M) 128.651ms
[2020-08-08T11:30:45.020+0300][132.275s][info][gc] GC(780) Pause Young (Allocation Failure) 175M->175M(455M) 152.972ms
[2020-08-08T11:30:45.117+0300][132.372s][info][gc] GC(781) Pause Young (Allocation Failure) 233M->233M(455M) 86.803ms
[2020-08-08T11:30:45.391+0300][132.646s][info][gc] GC(782) Pause Young (Allocation Failure) 290M->290M(455M) 264.736ms
[2020-08-08T11:30:45.484+0300][132.739s][info][gc] GC(783) Pause Young (Allocation Failure) 348M->348M(455M) 79.222ms
[2020-08-08T11:30:45.657+0300][132.912s][info][gc] GC(784) Pause Full (Ergonomics) 348M->79M(455M) 172.262ms
[2020-08-08T11:30:45.858+0300][133.113s][info][gc] GC(785) Pause Young (Allocation Failure) 137M->136M(455M) 192.097ms
[2020-08-08T11:30:45.995+0300][133.250s][info][gc] GC(786) Pause Young (Allocation Failure) 193M->193M(455M) 129.197ms
[2020-08-08T11:30:46.098+0300][133.353s][info][gc] GC(787) Pause Young (Allocation Failure) 251M->251M(455M) 93.553ms
[2020-08-08T11:30:46.267+0300][133.522s][info][gc] GC(788) Pause Young (Allocation Failure) 308M->309M(455M) 160.594ms
[2020-08-08T11:30:46.337+0300][133.592s][info][gc] GC(789) Pause Full (Ergonomics) 309M->41M(455M) 70.427ms
[2020-08-08T11:30:46.519+0300][133.774s][info][gc] GC(790) Pause Young (Allocation Failure) 99M->99M(455M) 167.595ms
[2020-08-08T11:30:46.784+0300][134.039s][info][gc] GC(791) Pause Young (Allocation Failure) 156M->156M(455M) 256.141ms
[2020-08-08T11:30:46.867+0300][134.122s][info][gc] GC(792) Pause Young (Allocation Failure) 214M->214M(455M) 73.454ms
[2020-08-08T11:30:47.233+0300][134.488s][info][gc] GC(793) Pause Young (Allocation Failure) 270M->270M(455M) 356.228ms
[2020-08-08T11:30:47.367+0300][134.622s][info][gc] GC(794) Pause Young (Allocation Failure) 328M->328M(455M) 123.307ms
[2020-08-08T11:30:47.494+0300][134.749s][info][gc] GC(795) Pause Full (Ergonomics) 328M->60M(455M) 126.432ms
[2020-08-08T11:30:47.672+0300][134.927s][info][gc] GC(796) Pause Young (Allocation Failure) 117M->117M(455M) 165.977ms
[2020-08-08T11:30:47.862+0300][135.117s][info][gc] GC(797) Pause Young (Allocation Failure) 175M->175M(455M) 182.973ms
[2020-08-08T11:30:47.957+0300][135.212s][info][gc] GC(798) Pause Young (Allocation Failure) 233M->233M(455M) 85.114ms
[2020-08-08T11:30:48.213+0300][135.468s][info][gc] GC(799) Pause Young (Allocation Failure) 290M->290M(455M) 247.783ms
[2020-08-08T11:30:48.298+0300][135.553s][info][gc] GC(800) Pause Young (Allocation Failure) 348M->348M(455M) 74.983ms
[2020-08-08T11:30:48.488+0300][135.743s][info][gc] GC(801) Pause Full (Ergonomics) 348M->80M(455M) 189.712ms
[2020-08-08T11:30:48.683+0300][135.938s][info][gc] GC(802) Pause Young (Allocation Failure) 136M->136M(455M) 182.956ms
[2020-08-08T11:30:48.808+0300][136.063s][info][gc] GC(803) Pause Young (Allocation Failure) 193M->193M(455M) 115.699ms
[2020-08-08T11:30:48.911+0300][136.165s][info][gc] GC(804) Pause Young (Allocation Failure) 251M->251M(455M) 93.063ms
[2020-08-08T11:30:49.119+0300][136.374s][info][gc] GC(805) Pause Young (Allocation Failure) 308M->309M(455M) 199.144ms
[2020-08-08T11:30:49.189+0300][136.444s][info][gc] GC(806) Pause Full (Ergonomics) 309M->41M(455M) 70.383ms
[2020-08-08T11:30:49.377+0300][136.632s][info][gc] GC(807) Pause Young (Allocation Failure) 99M->99M(455M) 177.894ms
[2020-08-08T11:30:49.652+0300][136.907s][info][gc] GC(808) Pause Young (Allocation Failure) 156M->156M(455M) 265.694ms
[2020-08-08T11:30:49.742+0300][136.997s][info][gc] GC(809) Pause Young (Allocation Failure) 214M->214M(455M) 78.007ms
[2020-08-08T11:30:50.027+0300][137.282s][info][gc] GC(810) Pause Young (Allocation Failure) 270M->270M(455M) 274.913ms
[2020-08-08T11:30:50.141+0300][137.396s][info][gc] GC(811) Pause Young (Allocation Failure) 328M->328M(455M) 106.020ms
[2020-08-08T11:30:50.265+0300][137.520s][info][gc] GC(812) Pause Full (Ergonomics) 328M->60M(455M) 124.350ms
[2020-08-08T11:30:50.468+0300][137.723s][info][gc] GC(813) Pause Young (Allocation Failure) 117M->117M(455M) 192.088ms
[2020-08-08T11:30:50.674+0300][137.929s][info][gc] GC(814) Pause Young (Allocation Failure) 175M->175M(455M) 196.111ms
[2020-08-08T11:30:50.773+0300][138.028s][info][gc] GC(815) Pause Young (Allocation Failure) 233M->233M(455M) 86.854ms
[2020-08-08T11:30:51.032+0300][138.287s][info][gc] GC(816) Pause Young (Allocation Failure) 290M->290M(455M) 250.767ms
[2020-08-08T11:30:51.116+0300][138.371s][info][gc] GC(817) Pause Young (Allocation Failure) 348M->348M(455M) 75.081ms
[2020-08-08T11:30:51.301+0300][138.556s][info][gc] GC(818) Pause Full (Ergonomics) 348M->80M(455M) 185.186ms
[2020-08-08T11:30:51.501+0300][138.756s][info][gc] GC(819) Pause Young (Allocation Failure) 136M->136M(455M) 189.681ms
[2020-08-08T11:30:51.626+0300][138.881s][info][gc] GC(820) Pause Young (Allocation Failure) 193M->193M(455M) 113.199ms
[2020-08-08T11:30:51.733+0300][138.988s][info][gc] GC(821) Pause Young (Allocation Failure) 251M->251M(455M) 93.342ms
[2020-08-08T11:30:51.963+0300][139.218s][info][gc] GC(822) Pause Young (Allocation Failure) 308M->309M(455M) 221.102ms
[2020-08-08T11:30:52.033+0300][139.288s][info][gc] GC(823) Pause Full (Ergonomics) 309M->41M(455M) 69.599ms
[2020-08-08T11:30:52.207+0300][139.462s][info][gc] GC(824) Pause Young (Allocation Failure) 99M->99M(455M) 164.015ms
[2020-08-08T11:30:52.493+0300][139.748s][info][gc] GC(825) Pause Young (Allocation Failure) 156M->156M(455M) 278.960ms
[2020-08-08T11:30:52.582+0300][139.837s][info][gc] GC(826) Pause Young (Allocation Failure) 214M->214M(455M) 77.934ms
[2020-08-08T11:30:52.890+0300][140.145s][info][gc] GC(827) Pause Young (Allocation Failure) 270M->270M(455M) 297.965ms
[2020-08-08T11:30:53.000+0300][140.255s][info][gc] GC(828) Pause Young (Allocation Failure) 328M->328M(455M) 101.623ms
[2020-08-08T11:30:53.124+0300][140.379s][info][gc] GC(829) Pause Full (Ergonomics) 328M->60M(455M) 123.919ms
[2020-08-08T11:30:53.323+0300][140.578s][info][gc] GC(830) Pause Young (Allocation Failure) 117M->118M(455M) 190.047ms
[2020-08-08T11:30:53.531+0300][140.786s][info][gc] GC(831) Pause Young (Allocation Failure) 175M->175M(455M) 200.654ms
[2020-08-08T11:30:53.633+0300][140.888s][info][gc] GC(832) Pause Young (Allocation Failure) 233M->233M(455M) 89.480ms
[2020-08-08T11:30:53.871+0300][141.126s][info][gc] GC(833) Pause Young (Allocation Failure) 290M->290M(455M) 230.037ms
[2020-08-08T11:30:53.955+0300][141.210s][info][gc] GC(834) Pause Young (Allocation Failure) 348M->348M(455M) 74.264ms
[2020-08-08T11:30:54.137+0300][141.392s][info][gc] GC(835) Pause Full (Ergonomics) 348M->80M(455M) 182.104ms
[2020-08-08T11:30:54.330+0300][141.585s][info][gc] GC(836) Pause Young (Allocation Failure) 136M->136M(455M) 182.645ms
[2020-08-08T11:30:54.452+0300][141.707s][info][gc] GC(837) Pause Young (Allocation Failure) 193M->193M(455M) 114.061ms
[2020-08-08T11:30:54.553+0300][141.808s][info][gc] GC(838) Pause Young (Allocation Failure) 251M->251M(455M) 91.925ms
[2020-08-08T11:30:54.758+0300][142.013s][info][gc] GC(839) Pause Young (Allocation Failure) 308M->309M(455M) 192.633ms
[2020-08-08T11:30:54.829+0300][142.084s][info][gc] GC(840) Pause Full (Ergonomics) 309M->41M(455M) 70.928ms
[2020-08-08T11:30:55.017+0300][142.271s][info][gc] GC(841) Pause Young (Allocation Failure) 99M->99M(455M) 177.858ms
[2020-08-08T11:30:55.303+0300][142.558s][info][gc] GC(842) Pause Young (Allocation Failure) 156M->156M(455M) 278.784ms
[2020-08-08T11:30:55.391+0300][142.646s][info][gc] GC(843) Pause Young (Allocation Failure) 214M->214M(455M) 78.200ms
[2020-08-08T11:30:55.758+0300][143.013s][info][gc] GC(844) Pause Young (Allocation Failure) 270M->270M(455M) 355.845ms
[2020-08-08T11:30:55.884+0300][143.138s][info][gc] GC(845) Pause Young (Allocation Failure) 328M->328M(455M) 111.365ms
[2020-08-08T11:30:56.004+0300][143.259s][info][gc] GC(846) Pause Full (Ergonomics) 328M->59M(455M) 120.007ms
[2020-08-08T11:30:56.173+0300][143.428s][info][gc] GC(847) Pause Young (Allocation Failure) 117M->117M(455M) 159.475ms
[2020-08-08T11:30:56.364+0300][143.619s][info][gc] GC(848) Pause Young (Allocation Failure) 174M->175M(455M) 183.350ms
[2020-08-08T11:30:56.457+0300][143.712s][info][gc] GC(849) Pause Young (Allocation Failure) 232M->232M(455M) 83.897ms
[2020-08-08T11:30:56.700+0300][143.955s][info][gc] GC(850) Pause Young (Allocation Failure) 290M->290M(455M) 234.071ms
[2020-08-08T11:30:56.807+0300][144.062s][info][gc] GC(851) Pause Young (Allocation Failure) 347M->347M(455M) 95.228ms
[2020-08-08T11:30:56.994+0300][144.249s][info][gc] GC(852) Pause Full (Ergonomics) 347M->79M(455M) 186.949ms
[2020-08-08T11:30:57.173+0300][144.428s][info][gc] GC(853) Pause Young (Allocation Failure) 136M->136M(455M) 166.898ms
[2020-08-08T11:30:57.323+0300][144.577s][info][gc] GC(854) Pause Young (Allocation Failure) 193M->193M(455M) 140.605ms
[2020-08-08T11:30:57.428+0300][144.683s][info][gc] GC(855) Pause Young (Allocation Failure) 251M->251M(455M) 95.672ms
[2020-08-08T11:30:57.580+0300][144.835s][info][gc] GC(856) Pause Young (Allocation Failure) 308M->309M(455M) 142.597ms
[2020-08-08T11:30:57.652+0300][144.907s][info][gc] GC(857) Pause Full (Ergonomics) 309M->41M(455M) 71.542ms
[2020-08-08T11:30:57.833+0300][145.088s][info][gc] GC(858) Pause Young (Allocation Failure) 98M->98M(455M) 170.418ms
[2020-08-08T11:30:58.144+0300][145.399s][info][gc] GC(859) Pause Young (Allocation Failure) 156M->156M(455M) 300.756ms
[2020-08-08T11:30:58.230+0300][145.485s][info][gc] GC(860) Pause Young (Allocation Failure) 213M->214M(455M) 77.123ms
[2020-08-08T11:30:58.543+0300][145.798s][info][gc] GC(861) Pause Young (Allocation Failure) 270M->270M(455M) 302.756ms
[2020-08-08T11:30:58.656+0300][145.911s][info][gc] GC(862) Pause Young (Allocation Failure) 327M->327M(455M) 104.430ms
[2020-08-08T11:30:58.782+0300][146.037s][info][gc] GC(863) Pause Full (Ergonomics) 327M->59M(455M) 125.812ms
[2020-08-08T11:30:58.966+0300][146.220s][info][gc] GC(864) Pause Young (Allocation Failure) 117M->117M(455M) 173.965ms
[2020-08-08T11:30:59.145+0300][146.400s][info][gc] GC(865) Pause Young (Allocation Failure) 175M->175M(455M) 168.459ms
[2020-08-08T11:30:59.239+0300][146.494s][info][gc] GC(866) Pause Young (Allocation Failure) 232M->232M(455M) 84.610ms
[2020-08-08T11:30:59.522+0300][146.776s][info][gc] GC(867) Pause Young (Allocation Failure) 290M->290M(455M) 274.885ms
[2020-08-08T11:30:59.606+0300][146.861s][info][gc] GC(868) Pause Young (Allocation Failure) 347M->347M(455M) 75.177ms
[2020-08-08T11:30:59.790+0300][147.045s][info][gc] GC(869) Pause Full (Ergonomics) 347M->80M(455M) 184.053ms
[2020-08-08T11:30:59.981+0300][147.236s][info][gc] GC(870) Pause Young (Allocation Failure) 136M->136M(455M) 180.875ms
[2020-08-08T11:31:00.117+0300][147.372s][info][gc] GC(871) Pause Young (Allocation Failure) 193M->193M(455M) 125.245ms
[2020-08-08T11:31:00.220+0300][147.475s][info][gc] GC(872) Pause Young (Allocation Failure) 251M->251M(455M) 93.078ms
[2020-08-08T11:31:00.452+0300][147.707s][info][gc] GC(873) Pause Young (Allocation Failure) 308M->309M(455M) 222.514ms
[2020-08-08T11:31:00.521+0300][147.776s][info][gc] GC(874) Pause Full (Ergonomics) 309M->41M(455M) 69.144ms
[2020-08-08T11:31:00.721+0300][147.976s][info][gc] GC(875) Pause Young (Allocation Failure) 98M->98M(455M) 189.239ms
[2020-08-08T11:31:01.028+0300][148.283s][info][gc] GC(876) Pause Young (Allocation Failure) 156M->156M(455M) 298.669ms
[2020-08-08T11:31:01.122+0300][148.377s][info][gc] GC(877) Pause Young (Allocation Failure) 213M->213M(455M) 81.159ms
[2020-08-08T11:31:01.460+0300][148.715s][info][gc] GC(878) Pause Young (Allocation Failure) 270M->270M(455M) 328.010ms
[2020-08-08T11:31:01.583+0300][148.838s][info][gc] GC(879) Pause Young (Allocation Failure) 327M->327M(455M) 114.471ms
[2020-08-08T11:31:01.707+0300][148.962s][info][gc] GC(880) Pause Full (Ergonomics) 327M->59M(455M) 124.450ms
[2020-08-08T11:31:01.872+0300][149.127s][info][gc] GC(881) Pause Young (Allocation Failure) 117M->117M(455M) 155.201ms
[2020-08-08T11:31:02.061+0300][149.316s][info][gc] GC(882) Pause Young (Allocation Failure) 175M->175M(455M) 181.566ms
[2020-08-08T11:31:02.168+0300][149.423s][info][gc] GC(883) Pause Young (Allocation Failure) 232M->232M(455M) 94.617ms
[2020-08-08T11:31:02.414+0300][149.669s][info][gc] GC(884) Pause Young (Allocation Failure) 290M->290M(455M) 233.441ms
[2020-08-08T11:31:02.501+0300][149.756s][info][gc] GC(885) Pause Young (Allocation Failure) 347M->347M(455M) 76.717ms
[2020-08-08T11:31:02.683+0300][149.938s][info][gc] GC(886) Pause Full (Ergonomics) 347M->80M(455M) 181.910ms
[2020-08-08T11:31:02.873+0300][150.128s][info][gc] GC(887) Pause Young (Allocation Failure) 136M->136M(455M) 179.418ms
[2020-08-08T11:31:02.999+0300][150.254s][info][gc] GC(888) Pause Young (Allocation Failure) 193M->193M(455M) 118.677ms
[2020-08-08T11:31:03.102+0300][150.357s][info][gc] GC(889) Pause Young (Allocation Failure) 251M->251M(455M) 93.231ms
[2020-08-08T11:31:03.302+0300][150.557s][info][gc] GC(890) Pause Young (Allocation Failure) 308M->309M(455M) 188.902ms
[2020-08-08T11:31:03.371+0300][150.626s][info][gc] GC(891) Pause Full (Ergonomics) 309M->41M(455M) 68.898ms
[2020-08-08T11:31:03.569+0300][150.824s][info][gc] GC(892) Pause Young (Allocation Failure) 98M->98M(455M) 187.233ms
[2020-08-08T11:31:03.878+0300][151.133s][info][gc] GC(893) Pause Young (Allocation Failure) 156M->156M(455M) 300.845ms
[2020-08-08T11:31:03.967+0300][151.222s][info][gc] GC(894) Pause Young (Allocation Failure) 213M->214M(455M) 79.504ms
[2020-08-08T11:31:04.284+0300][151.539s][info][gc] GC(895) Pause Young (Allocation Failure) 270M->270M(455M) 306.705ms
[2020-08-08T11:31:04.410+0300][151.665s][info][gc] GC(896) Pause Young (Allocation Failure) 327M->327M(455M) 115.961ms
[2020-08-08T11:31:04.536+0300][151.791s][info][gc] GC(897) Pause Full (Ergonomics) 327M->59M(455M) 125.729ms
[2020-08-08T11:31:04.728+0300][151.983s][info][gc] GC(898) Pause Young (Allocation Failure) 117M->117M(455M) 181.025ms
[2020-08-08T11:31:04.924+0300][152.179s][info][gc] GC(899) Pause Young (Allocation Failure) 174M->175M(455M) 187.444ms
[2020-08-08T11:31:05.022+0300][152.277s][info][gc] GC(900) Pause Young (Allocation Failure) 232M->232M(455M) 87.730ms
[2020-08-08T11:31:05.237+0300][152.492s][info][gc] GC(901) Pause Young (Allocation Failure) 290M->290M(455M) 205.339ms
[2020-08-08T11:31:05.325+0300][152.580s][info][gc] GC(902) Pause Young (Allocation Failure) 347M->347M(455M) 76.755ms
[2020-08-08T11:31:05.510+0300][152.765s][info][gc] GC(903) Pause Full (Ergonomics) 347M->79M(455M) 184.648ms
[2020-08-08T11:31:05.708+0300][152.963s][info][gc] GC(904) Pause Young (Allocation Failure) 136M->136M(455M) 187.751ms
[2020-08-08T11:31:05.838+0300][153.093s][info][gc] GC(905) Pause Young (Allocation Failure) 193M->193M(455M) 119.391ms
[2020-08-08T11:31:05.939+0300][153.194s][info][gc] GC(906) Pause Young (Allocation Failure) 251M->251M(455M) 91.526ms
[2020-08-08T11:31:06.134+0300][153.389s][info][gc] GC(907) Pause Young (Allocation Failure) 308M->309M(455M) 185.097ms
[2020-08-08T11:31:06.204+0300][153.458s][info][gc] GC(908) Pause Full (Ergonomics) 309M->41M(455M) 69.611ms
[2020-08-08T11:31:06.399+0300][153.654s][info][gc] GC(909) Pause Young (Allocation Failure) 98M->98M(455M) 185.375ms
[2020-08-08T11:31:06.714+0300][153.969s][info][gc] GC(910) Pause Young (Allocation Failure) 156M->156M(455M) 304.270ms
[2020-08-08T11:31:06.804+0300][154.059s][info][gc] GC(911) Pause Young (Allocation Failure) 213M->213M(455M) 78.508ms
[2020-08-08T11:31:07.117+0300][154.372s][info][gc] GC(912) Pause Young (Allocation Failure) 270M->270M(455M) 302.717ms
[2020-08-08T11:31:07.228+0300][154.483s][info][gc] GC(913) Pause Young (Allocation Failure) 327M->327M(455M) 103.055ms
[2020-08-08T11:31:07.356+0300][154.611s][info][gc] GC(914) Pause Full (Ergonomics) 327M->59M(455M) 128.058ms
[2020-08-08T11:31:07.525+0300][154.780s][info][gc] GC(915) Pause Young (Allocation Failure) 117M->117M(455M) 158.062ms
[2020-08-08T11:31:07.702+0300][154.957s][info][gc] GC(916) Pause Young (Allocation Failure) 175M->175M(455M) 167.445ms
[2020-08-08T11:31:07.798+0300][155.053s][info][gc] GC(917) Pause Young (Allocation Failure) 232M->232M(455M) 85.777ms
[2020-08-08T11:31:08.062+0300][155.317s][info][gc] GC(918) Pause Young (Allocation Failure) 290M->290M(455M) 254.938ms
[2020-08-08T11:31:08.153+0300][155.408s][info][gc] GC(919) Pause Young (Allocation Failure) 347M->347M(455M) 81.353ms
[2020-08-08T11:31:08.336+0300][155.591s][info][gc] GC(920) Pause Full (Ergonomics) 347M->80M(455M) 182.793ms
[2020-08-08T11:31:08.537+0300][155.791s][info][gc] GC(921) Pause Young (Allocation Failure) 136M->136M(455M) 190.227ms
[2020-08-08T11:31:08.661+0300][155.916s][info][gc] GC(922) Pause Young (Allocation Failure) 193M->193M(455M) 112.693ms
[2020-08-08T11:31:08.764+0300][156.019s][info][gc] GC(923) Pause Young (Allocation Failure) 251M->251M(455M) 93.256ms
[2020-08-08T11:31:08.999+0300][156.253s][info][gc] GC(924) Pause Young (Allocation Failure) 308M->309M(455M) 226.053ms
[2020-08-08T11:31:09.068+0300][156.323s][info][gc] GC(925) Pause Full (Ergonomics) 309M->41M(455M) 69.674ms
[2020-08-08T11:31:09.264+0300][156.519s][info][gc] GC(926) Pause Young (Allocation Failure) 98M->98M(455M) 185.449ms
[2020-08-08T11:31:09.577+0300][156.832s][info][gc] GC(927) Pause Young (Allocation Failure) 156M->156M(455M) 304.530ms
[2020-08-08T11:31:09.666+0300][156.921s][info][gc] GC(928) Pause Young (Allocation Failure) 213M->213M(455M) 77.209ms
[2020-08-08T11:31:09.980+0300][157.235s][info][gc] GC(929) Pause Young (Allocation Failure) 270M->270M(455M) 303.799ms
[2020-08-08T11:31:10.120+0300][157.375s][info][gc] GC(930) Pause Young (Allocation Failure) 327M->327M(455M) 131.445ms
[2020-08-08T11:31:10.244+0300][157.499s][info][gc] GC(931) Pause Full (Ergonomics) 327M->59M(455M) 123.604ms
[2020-08-08T11:31:10.430+0300][157.685s][info][gc] GC(932) Pause Young (Allocation Failure) 117M->117M(455M) 176.201ms
[2020-08-08T11:31:10.634+0300][157.889s][info][gc] GC(933) Pause Young (Allocation Failure) 175M->175M(455M) 196.286ms
[2020-08-08T11:31:10.739+0300][157.994s][info][gc] GC(934) Pause Young (Allocation Failure) 232M->232M(455M) 90.034ms
[2020-08-08T11:31:10.997+0300][158.252s][info][gc] GC(935) Pause Young (Allocation Failure) 290M->290M(455M) 249.246ms
[2020-08-08T11:31:11.082+0300][158.337s][info][gc] GC(936) Pause Young (Allocation Failure) 347M->347M(455M) 75.662ms
[2020-08-08T11:31:11.266+0300][158.521s][info][gc] GC(937) Pause Full (Ergonomics) 347M->80M(455M) 184.175ms
[2020-08-08T11:31:11.458+0300][158.713s][info][gc] GC(938) Pause Young (Allocation Failure) 136M->136M(455M) 181.372ms
[2020-08-08T11:31:11.592+0300][158.847s][info][gc] GC(939) Pause Young (Allocation Failure) 193M->193M(455M) 126.807ms
[2020-08-08T11:31:11.702+0300][158.957s][info][gc] GC(940) Pause Young (Allocation Failure) 251M->251M(455M) 95.230ms
[2020-08-08T11:31:11.897+0300][159.152s][info][gc] GC(941) Pause Young (Allocation Failure) 308M->309M(455M) 184.655ms
[2020-08-08T11:31:11.965+0300][159.220s][info][gc] GC(942) Pause Full (Ergonomics) 309M->41M(455M) 67.997ms
[2020-08-08T11:31:12.162+0300][159.417s][info][gc] GC(943) Pause Young (Allocation Failure) 98M->98M(455M) 187.010ms
[2020-08-08T11:31:12.474+0300][159.729s][info][gc] GC(944) Pause Young (Allocation Failure) 156M->156M(455M) 303.299ms
[2020-08-08T11:31:12.561+0300][159.816s][info][gc] GC(945) Pause Young (Allocation Failure) 213M->214M(455M) 76.274ms
[2020-08-08T11:31:12.868+0300][160.123s][info][gc] GC(946) Pause Young (Allocation Failure) 270M->270M(455M) 297.313ms
[2020-08-08T11:31:12.990+0300][160.245s][info][gc] GC(947) Pause Young (Allocation Failure) 327M->327M(455M) 112.057ms
[2020-08-08T11:31:13.117+0300][160.372s][info][gc] GC(948) Pause Full (Ergonomics) 327M->59M(455M) 126.784ms
[2020-08-08T11:31:13.306+0300][160.561s][info][gc] GC(949) Pause Young (Allocation Failure) 117M->117M(455M) 179.480ms
[2020-08-08T11:31:13.510+0300][160.765s][info][gc] GC(950) Pause Young (Allocation Failure) 174M->175M(455M) 195.017ms
[2020-08-08T11:31:13.605+0300][160.860s][info][gc] GC(951) Pause Young (Allocation Failure) 232M->232M(455M) 85.192ms
[2020-08-08T11:31:13.821+0300][161.076s][info][gc] GC(952) Pause Young (Allocation Failure) 290M->290M(455M) 208.602ms
[2020-08-08T11:31:13.907+0300][161.162s][info][gc] GC(953) Pause Young (Allocation Failure) 347M->347M(455M) 74.200ms
[2020-08-08T11:31:14.088+0300][161.343s][info][gc] GC(954) Pause Full (Ergonomics) 347M->79M(455M) 181.001ms
[2020-08-08T11:31:14.287+0300][161.542s][info][gc] GC(955) Pause Young (Allocation Failure) 136M->136M(455M) 188.708ms
[2020-08-08T11:31:14.408+0300][161.663s][info][gc] GC(956) Pause Young (Allocation Failure) 193M->193M(455M) 113.594ms
[2020-08-08T11:31:14.511+0300][161.766s][info][gc] GC(957) Pause Young (Allocation Failure) 251M->251M(455M) 93.659ms
[2020-08-08T11:31:14.710+0300][161.964s][info][gc] GC(958) Pause Young (Allocation Failure) 308M->309M(455M) 189.394ms
[2020-08-08T11:31:14.781+0300][162.036s][info][gc] GC(959) Pause Full (Ergonomics) 309M->41M(455M) 71.338ms
[2020-08-08T11:31:14.980+0300][162.235s][info][gc] GC(960) Pause Young (Allocation Failure) 98M->98M(455M) 189.304ms
[2020-08-08T11:31:15.296+0300][162.551s][info][gc] GC(961) Pause Young (Allocation Failure) 156M->156M(455M) 303.700ms
[2020-08-08T11:31:15.384+0300][162.639s][info][gc] GC(962) Pause Young (Allocation Failure) 213M->214M(455M) 76.911ms
[2020-08-08T11:31:15.693+0300][162.948s][info][gc] GC(963) Pause Young (Allocation Failure) 270M->270M(455M) 299.614ms
[2020-08-08T11:31:15.809+0300][163.064s][info][gc] GC(964) Pause Young (Allocation Failure) 327M->327M(455M) 106.676ms
[2020-08-08T11:31:15.932+0300][163.187s][info][gc] GC(965) Pause Full (Ergonomics) 327M->59M(455M) 123.013ms
[2020-08-08T11:31:16.123+0300][163.378s][info][gc] GC(966) Pause Young (Allocation Failure) 117M->117M(455M) 180.152ms
[2020-08-08T11:31:16.301+0300][163.556s][info][gc] GC(967) Pause Young (Allocation Failure) 175M->175M(455M) 169.246ms
[2020-08-08T11:31:16.395+0300][163.650s][info][gc] GC(968) Pause Young (Allocation Failure) 232M->232M(455M) 84.139ms
[2020-08-08T11:31:16.605+0300][163.860s][info][gc] GC(969) Pause Young (Allocation Failure) 290M->290M(455M) 202.033ms
[2020-08-08T11:31:16.693+0300][163.948s][info][gc] GC(970) Pause Young (Allocation Failure) 347M->347M(455M) 74.510ms
[2020-08-08T11:31:16.883+0300][164.138s][info][gc] GC(971) Pause Full (Ergonomics) 347M->80M(455M) 190.288ms
[2020-08-08T11:31:17.080+0300][164.335s][info][gc] GC(972) Pause Young (Allocation Failure) 136M->136M(455M) 186.670ms
[2020-08-08T11:31:17.206+0300][164.461s][info][gc] GC(973) Pause Young (Allocation Failure) 193M->193M(455M) 117.964ms
[2020-08-08T11:31:17.314+0300][164.569s][info][gc] GC(974) Pause Young (Allocation Failure) 251M->251M(455M) 94.209ms
[2020-08-08T11:31:17.521+0300][164.776s][info][gc] GC(975) Pause Young (Allocation Failure) 308M->309M(455M) 197.141ms
[2020-08-08T11:31:17.592+0300][164.847s][info][gc] GC(976) Pause Full (Ergonomics) 309M->41M(455M) 70.971ms
[2020-08-08T11:31:17.795+0300][165.049s][info][gc] GC(977) Pause Young (Allocation Failure) 98M->98M(455M) 192.597ms
[2020-08-08T11:31:18.103+0300][165.358s][info][gc] GC(978) Pause Young (Allocation Failure) 156M->156M(455M) 299.948ms
[2020-08-08T11:31:18.191+0300][165.446s][info][gc] GC(979) Pause Young (Allocation Failure) 213M->213M(455M) 78.206ms
[2020-08-08T11:31:18.508+0300][165.763s][info][gc] GC(980) Pause Young (Allocation Failure) 270M->270M(455M) 302.035ms
[2020-08-08T11:31:18.620+0300][165.875s][info][gc] GC(981) Pause Young (Allocation Failure) 327M->327M(455M) 103.642ms
[2020-08-08T11:31:18.744+0300][165.999s][info][gc] GC(982) Pause Full (Ergonomics) 327M->59M(455M) 124.165ms
[2020-08-08T11:31:18.917+0300][166.172s][info][gc] GC(983) Pause Young (Allocation Failure) 117M->117M(455M) 161.815ms
[2020-08-08T11:31:19.113+0300][166.368s][info][gc] GC(984) Pause Young (Allocation Failure) 175M->175M(455M) 188.022ms
[2020-08-08T11:31:19.207+0300][166.462s][info][gc] GC(985) Pause Young (Allocation Failure) 232M->232M(455M) 84.997ms
[2020-08-08T11:31:19.486+0300][166.741s][info][gc] GC(986) Pause Young (Allocation Failure) 290M->290M(455M) 264.623ms
[2020-08-08T11:31:19.573+0300][166.828s][info][gc] GC(987) Pause Young (Allocation Failure) 347M->347M(455M) 76.925ms
[2020-08-08T11:31:19.759+0300][167.014s][info][gc] GC(988) Pause Full (Ergonomics) 347M->80M(455M) 185.775ms
[2020-08-08T11:31:19.959+0300][167.214s][info][gc] GC(989) Pause Young (Allocation Failure) 136M->136M(455M) 189.755ms
[2020-08-08T11:31:20.122+0300][167.376s][info][gc] GC(990) Pause Young (Allocation Failure) 193M->193M(455M) 154.940ms
[2020-08-08T11:31:20.232+0300][167.487s][info][gc] GC(991) Pause Young (Allocation Failure) 251M->251M(455M) 99.005ms
[2020-08-08T11:31:20.438+0300][167.693s][info][gc] GC(992) Pause Young (Allocation Failure) 308M->308M(455M) 191.758ms
[2020-08-08T11:31:20.505+0300][167.760s][info][gc] GC(993) Pause Full (Ergonomics) 308M->41M(455M) 66.612ms
[2020-08-08T11:31:20.707+0300][167.962s][info][gc] GC(994) Pause Young (Allocation Failure) 98M->98M(455M) 191.826ms
[2020-08-08T11:31:21.015+0300][168.270s][info][gc] GC(995) Pause Young (Allocation Failure) 156M->156M(455M) 299.122ms
[2020-08-08T11:31:21.101+0300][168.356s][info][gc] GC(996) Pause Young (Allocation Failure) 213M->213M(455M) 77.018ms
[2020-08-08T11:31:21.417+0300][168.672s][info][gc] GC(997) Pause Young (Allocation Failure) 270M->270M(455M) 306.013ms
[2020-08-08T11:31:21.548+0300][168.803s][info][gc] GC(998) Pause Young (Allocation Failure) 327M->327M(455M) 120.203ms
[2020-08-08T11:31:21.673+0300][168.928s][info][gc] GC(999) Pause Full (Ergonomics) 327M->59M(455M) 124.892ms
[2020-08-08T11:31:21.854+0300][169.109s][info][gc] GC(1000) Pause Young (Allocation Failure) 117M->117M(455M) 170.401ms
[2020-08-08T11:31:22.060+0300][169.315s][info][gc] GC(1001) Pause Young (Allocation Failure) 174M->175M(455M) 198.349ms
[2020-08-08T11:31:22.156+0300][169.411s][info][gc] GC(1002) Pause Young (Allocation Failure) 232M->232M(455M) 85.899ms
[2020-08-08T11:31:22.362+0300][169.617s][info][gc] GC(1003) Pause Young (Allocation Failure) 290M->290M(455M) 198.763ms
[2020-08-08T11:31:22.453+0300][169.708s][info][gc] GC(1004) Pause Young (Allocation Failure) 347M->347M(455M) 76.224ms
[2020-08-08T11:31:22.638+0300][169.893s][info][gc] GC(1005) Pause Full (Ergonomics) 347M->79M(455M) 185.257ms
[2020-08-08T11:31:22.840+0300][170.095s][info][gc] GC(1006) Pause Young (Allocation Failure) 136M->136M(455M) 191.735ms
[2020-08-08T11:31:22.979+0300][170.234s][info][gc] GC(1007) Pause Young (Allocation Failure) 193M->193M(455M) 129.574ms
[2020-08-08T11:31:23.081+0300][170.336s][info][gc] GC(1008) Pause Young (Allocation Failure) 251M->251M(455M) 92.665ms
[2020-08-08T11:31:23.289+0300][170.544s][info][gc] GC(1009) Pause Young (Allocation Failure) 308M->309M(455M) 197.772ms
[2020-08-08T11:31:23.359+0300][170.614s][info][gc] GC(1010) Pause Full (Ergonomics) 309M->41M(455M) 70.326ms
[2020-08-08T11:31:23.554+0300][170.809s][info][gc] GC(1011) Pause Young (Allocation Failure) 98M->98M(455M) 184.981ms
[2020-08-08T11:31:23.863+0300][171.117s][info][gc] GC(1012) Pause Young (Allocation Failure) 156M->156M(455M) 297.794ms
[2020-08-08T11:31:23.949+0300][171.203s][info][gc] GC(1013) Pause Young (Allocation Failure) 213M->213M(455M) 76.855ms
[2020-08-08T11:31:24.261+0300][171.516s][info][gc] GC(1014) Pause Young (Allocation Failure) 270M->270M(455M) 302.784ms
[2020-08-08T11:31:24.407+0300][171.662s][info][gc] GC(1015) Pause Young (Allocation Failure) 327M->327M(455M) 136.733ms
[2020-08-08T11:31:24.534+0300][171.789s][info][gc] GC(1016) Pause Full (Ergonomics) 327M->59M(455M) 127.376ms
[2020-08-08T11:31:24.711+0300][171.966s][info][gc] GC(1017) Pause Young (Allocation Failure) 117M->117M(455M) 162.510ms
[2020-08-08T11:31:24.895+0300][172.150s][info][gc] GC(1018) Pause Young (Allocation Failure) 174M->175M(455M) 176.861ms
[2020-08-08T11:31:24.990+0300][172.245s][info][gc] GC(1019) Pause Young (Allocation Failure) 232M->232M(455M) 84.847ms
[2020-08-08T11:31:25.204+0300][172.459s][info][gc] GC(1020) Pause Young (Allocation Failure) 290M->290M(455M) 206.272ms
[2020-08-08T11:31:25.290+0300][172.545s][info][gc] GC(1021) Pause Young (Allocation Failure) 347M->347M(455M) 76.123ms
[2020-08-08T11:31:25.472+0300][172.727s][info][gc] GC(1022) Pause Full (Ergonomics) 347M->80M(455M) 182.172ms
[2020-08-08T11:31:25.675+0300][172.930s][info][gc] GC(1023) Pause Young (Allocation Failure) 136M->136M(455M) 189.904ms
[2020-08-08T11:31:25.799+0300][173.054s][info][gc] GC(1024) Pause Young (Allocation Failure) 193M->193M(455M) 113.425ms
[2020-08-08T11:31:25.902+0300][173.157s][info][gc] GC(1025) Pause Young (Allocation Failure) 251M->251M(455M) 93.102ms
[2020-08-08T11:31:26.095+0300][173.350s][info][gc] GC(1026) Pause Young (Allocation Failure) 308M->309M(455M) 185.022ms
[2020-08-08T11:31:26.167+0300][173.422s][info][gc] GC(1027) Pause Full (Ergonomics) 309M->41M(455M) 71.296ms
[2020-08-08T11:31:26.335+0300][173.590s][info][gc] GC(1028) Pause Young (Allocation Failure) 98M->98M(455M) 157.304ms
[2020-08-08T11:31:26.625+0300][173.880s][info][gc] GC(1029) Pause Young (Allocation Failure) 156M->156M(455M) 282.122ms
[2020-08-08T11:31:26.722+0300][173.977s][info][gc] GC(1030) Pause Young (Allocation Failure) 214M->214M(455M) 82.134ms
[2020-08-08T11:31:27.009+0300][174.264s][info][gc] GC(1031) Pause Young (Allocation Failure) 270M->270M(455M) 272.685ms
[2020-08-08T11:31:27.121+0300][174.376s][info][gc] GC(1032) Pause Young (Allocation Failure) 327M->328M(455M) 103.315ms
[2020-08-08T11:31:27.248+0300][174.503s][info][gc] GC(1033) Pause Full (Ergonomics) 328M->59M(455M) 126.420ms
[2020-08-08T11:31:27.436+0300][174.691s][info][gc] GC(1034) Pause Young (Allocation Failure) 117M->117M(455M) 177.079ms
[2020-08-08T11:31:27.621+0300][174.876s][info][gc] GC(1035) Pause Young (Allocation Failure) 175M->175M(455M) 176.537ms
[2020-08-08T11:31:27.724+0300][174.979s][info][gc] GC(1036) Pause Young (Allocation Failure) 232M->232M(455M) 87.803ms
[2020-08-08T11:31:27.982+0300][175.237s][info][gc] GC(1037) Pause Young (Allocation Failure) 290M->290M(455M) 249.637ms
[2020-08-08T11:31:28.068+0300][175.323s][info][gc] GC(1038) Pause Young (Allocation Failure) 347M->347M(455M) 75.796ms
[2020-08-08T11:31:28.252+0300][175.507s][info][gc] GC(1039) Pause Full (Ergonomics) 347M->79M(455M) 183.457ms
[2020-08-08T11:31:28.448+0300][175.703s][info][gc] GC(1040) Pause Young (Allocation Failure) 136M->136M(455M) 186.297ms
[2020-08-08T11:31:28.560+0300][175.815s][info][gc] GC(1041) Pause Young (Allocation Failure) 193M->193M(455M) 104.995ms
[2020-08-08T11:31:28.665+0300][175.920s][info][gc] GC(1042) Pause Young (Allocation Failure) 251M->251M(455M) 94.689ms
[2020-08-08T11:31:28.875+0300][176.130s][info][gc] GC(1043) Pause Young (Allocation Failure) 308M->309M(455M) 194.162ms
[2020-08-08T11:31:28.947+0300][176.202s][info][gc] GC(1044) Pause Full (Ergonomics) 309M->41M(455M) 71.962ms
[2020-08-08T11:31:29.136+0300][176.391s][info][gc] GC(1045) Pause Young (Allocation Failure) 99M->99M(455M) 178.878ms
[2020-08-08T11:31:29.406+0300][176.661s][info][gc] GC(1046) Pause Young (Allocation Failure) 156M->156M(455M) 262.508ms
[2020-08-08T11:31:29.488+0300][176.743s][info][gc] GC(1047) Pause Young (Allocation Failure) 214M->214M(455M) 72.773ms
[2020-08-08T11:31:29.861+0300][177.116s][info][gc] GC(1048) Pause Young (Allocation Failure) 270M->270M(455M) 362.867ms
[2020-08-08T11:31:29.992+0300][177.247s][info][gc] GC(1049) Pause Young (Allocation Failure) 328M->328M(455M) 118.454ms
[2020-08-08T11:31:30.118+0300][177.373s][info][gc] GC(1050) Pause Full (Ergonomics) 328M->59M(455M) 126.047ms
[2020-08-08T11:31:30.314+0300][177.569s][info][gc] GC(1051) Pause Young (Allocation Failure) 117M->117M(455M) 186.026ms
[2020-08-08T11:31:30.516+0300][177.771s][info][gc] GC(1052) Pause Young (Allocation Failure) 174M->175M(455M) 195.416ms
[2020-08-08T11:31:30.611+0300][177.866s][info][gc] GC(1053) Pause Young (Allocation Failure) 232M->232M(455M) 84.722ms
[2020-08-08T11:31:30.816+0300][178.071s][info][gc] GC(1054) Pause Young (Allocation Failure) 290M->290M(455M) 195.783ms
[2020-08-08T11:31:30.902+0300][178.157s][info][gc] GC(1055) Pause Young (Allocation Failure) 347M->347M(455M) 74.237ms
[2020-08-08T11:31:31.085+0300][178.340s][info][gc] GC(1056) Pause Full (Ergonomics) 347M->79M(455M) 182.743ms
[2020-08-08T11:31:31.285+0300][178.540s][info][gc] GC(1057) Pause Young (Allocation Failure) 136M->136M(455M) 189.169ms
[2020-08-08T11:31:31.419+0300][178.674s][info][gc] GC(1058) Pause Young (Allocation Failure) 193M->193M(455M) 124.558ms
[2020-08-08T11:31:31.522+0300][178.777s][info][gc] GC(1059) Pause Young (Allocation Failure) 251M->251M(455M) 93.471ms
[2020-08-08T11:31:31.713+0300][178.968s][info][gc] GC(1060) Pause Young (Allocation Failure) 308M->309M(455M) 182.045ms
[2020-08-08T11:31:31.782+0300][179.037s][info][gc] GC(1061) Pause Full (Ergonomics) 309M->41M(455M) 68.997ms
[2020-08-08T11:31:31.972+0300][179.227s][info][gc] GC(1062) Pause Young (Allocation Failure) 99M->99M(455M) 180.619ms
[2020-08-08T11:31:32.243+0300][179.498s][info][gc] GC(1063) Pause Young (Allocation Failure) 156M->156M(455M) 260.655ms
[2020-08-08T11:31:32.329+0300][179.584s][info][gc] GC(1064) Pause Young (Allocation Failure) 214M->214M(455M) 76.956ms
[2020-08-08T11:31:32.685+0300][179.940s][info][gc] GC(1065) Pause Young (Allocation Failure) 270M->270M(455M) 345.984ms
[2020-08-08T11:31:32.814+0300][180.069s][info][gc] GC(1066) Pause Young (Allocation Failure) 328M->328M(455M) 120.257ms
[2020-08-08T11:31:32.941+0300][180.195s][info][gc] GC(1067) Pause Full (Ergonomics) 328M->59M(455M) 126.271ms
[2020-08-08T11:31:33.112+0300][180.367s][info][gc] GC(1068) Pause Young (Allocation Failure) 117M->117M(455M) 162.513ms
[2020-08-08T11:31:33.326+0300][180.581s][info][gc] GC(1069) Pause Young (Allocation Failure) 175M->175M(455M) 203.442ms
[2020-08-08T11:31:33.424+0300][180.679s][info][gc] GC(1070) Pause Young (Allocation Failure) 232M->232M(455M) 88.827ms
[2020-08-08T11:31:33.644+0300][180.899s][info][gc] GC(1071) Pause Young (Allocation Failure) 290M->290M(455M) 210.900ms
[2020-08-08T11:31:33.726+0300][180.981s][info][gc] GC(1072) Pause Young (Allocation Failure) 347M->347M(455M) 73.141ms
[2020-08-08T11:31:33.910+0300][181.165s][info][gc] GC(1073) Pause Full (Ergonomics) 347M->80M(455M) 183.195ms
[2020-08-08T11:31:34.108+0300][181.363s][info][gc] GC(1074) Pause Young (Allocation Failure) 136M->136M(455M) 188.353ms
[2020-08-08T11:31:34.236+0300][181.490s][info][gc] GC(1075) Pause Young (Allocation Failure) 193M->193M(455M) 117.889ms
[2020-08-08T11:31:34.338+0300][181.593s][info][gc] GC(1076) Pause Young (Allocation Failure) 251M->251M(455M) 93.187ms
[2020-08-08T11:31:34.561+0300][181.816s][info][gc] GC(1077) Pause Young (Allocation Failure) 308M->309M(455M) 214.576ms
[2020-08-08T11:31:34.629+0300][181.883s][info][gc] GC(1078) Pause Full (Ergonomics) 309M->41M(455M) 67.626ms
[2020-08-08T11:31:34.820+0300][182.075s][info][gc] GC(1079) Pause Young (Allocation Failure) 99M->99M(455M) 181.887ms
[2020-08-08T11:31:35.109+0300][182.364s][info][gc] GC(1080) Pause Young (Allocation Failure) 156M->156M(455M) 281.457ms
[2020-08-08T11:31:35.197+0300][182.452s][info][gc] GC(1081) Pause Young (Allocation Failure) 214M->214M(455M) 76.149ms
[2020-08-08T11:31:35.565+0300][182.820s][info][gc] GC(1082) Pause Young (Allocation Failure) 270M->270M(455M) 357.160ms
[2020-08-08T11:31:35.706+0300][182.961s][info][gc] GC(1083) Pause Young (Allocation Failure) 328M->328M(455M) 132.644ms
[2020-08-08T11:31:35.834+0300][183.089s][info][gc] GC(1084) Pause Full (Ergonomics) 328M->59M(455M) 128.325ms
[2020-08-08T11:31:36.018+0300][183.273s][info][gc] GC(1085) Pause Young (Allocation Failure) 117M->117M(455M) 173.104ms
[2020-08-08T11:31:36.222+0300][183.477s][info][gc] GC(1086) Pause Young (Allocation Failure) 175M->175M(455M) 195.437ms
[2020-08-08T11:31:36.321+0300][183.576s][info][gc] GC(1087) Pause Young (Allocation Failure) 232M->232M(455M) 87.244ms
[2020-08-08T11:31:36.577+0300][183.832s][info][gc] GC(1088) Pause Young (Allocation Failure) 290M->290M(455M) 248.027ms
[2020-08-08T11:31:36.663+0300][183.918s][info][gc] GC(1089) Pause Young (Allocation Failure) 347M->347M(455M) 75.547ms
[2020-08-08T11:31:36.852+0300][184.107s][info][gc] GC(1090) Pause Full (Ergonomics) 347M->80M(455M) 188.997ms
[2020-08-08T11:31:37.052+0300][184.306s][info][gc] GC(1091) Pause Young (Allocation Failure) 136M->136M(455M) 189.377ms
[2020-08-08T11:31:37.162+0300][184.417s][info][gc] GC(1092) Pause Young (Allocation Failure) 193M->193M(455M) 102.640ms
[2020-08-08T11:31:37.271+0300][184.525s][info][gc] GC(1093) Pause Young (Allocation Failure) 251M->251M(455M) 98.690ms
[2020-08-08T11:31:37.471+0300][184.726s][info][gc] GC(1094) Pause Young (Allocation Failure) 308M->309M(455M) 189.177ms
[2020-08-08T11:31:37.538+0300][184.793s][info][gc] GC(1095) Pause Full (Ergonomics) 309M->41M(455M) 66.191ms
[2020-08-08T11:31:37.708+0300][184.963s][info][gc] GC(1096) Pause Young (Allocation Failure) 99M->99M(455M) 160.506ms
[2020-08-08T11:31:37.996+0300][185.251s][info][gc] GC(1097) Pause Young (Allocation Failure) 156M->156M(455M) 280.136ms
[2020-08-08T11:31:38.085+0300][185.340s][info][gc] GC(1098) Pause Young (Allocation Failure) 214M->214M(455M) 79.203ms
[2020-08-08T11:31:38.454+0300][185.709s][info][gc] GC(1099) Pause Young (Allocation Failure) 270M->270M(455M) 359.156ms
[2020-08-08T11:31:38.581+0300][185.836s][info][gc] GC(1100) Pause Young (Allocation Failure) 328M->328M(455M) 116.663ms
[2020-08-08T11:31:38.709+0300][185.964s][info][gc] GC(1101) Pause Full (Ergonomics) 328M->59M(455M) 128.054ms
[2020-08-08T11:31:38.861+0300][186.116s][info][gc] GC(1102) Pause Young (Allocation Failure) 117M->117M(455M) 139.742ms
[2020-08-08T11:31:39.051+0300][186.305s][info][gc] GC(1103) Pause Young (Allocation Failure) 174M->175M(455M) 181.130ms
[2020-08-08T11:31:39.147+0300][186.402s][info][gc] GC(1104) Pause Young (Allocation Failure) 232M->232M(455M) 85.671ms
[2020-08-08T11:31:39.361+0300][186.616s][info][gc] GC(1105) Pause Young (Allocation Failure) 290M->290M(455M) 206.916ms
[2020-08-08T11:31:39.450+0300][186.705s][info][gc] GC(1106) Pause Young (Allocation Failure) 347M->347M(455M) 76.182ms
[2020-08-08T11:31:39.635+0300][186.890s][info][gc] GC(1107) Pause Full (Ergonomics) 347M->79M(455M) 184.466ms
[2020-08-08T11:31:39.819+0300][187.074s][info][gc] GC(1108) Pause Young (Allocation Failure) 136M->136M(455M) 173.845ms
[2020-08-08T11:31:39.946+0300][187.201s][info][gc] GC(1109) Pause Young (Allocation Failure) 193M->193M(455M) 118.513ms
[2020-08-08T11:31:40.056+0300][187.311s][info][gc] GC(1110) Pause Young (Allocation Failure) 251M->251M(455M) 100.707ms
[2020-08-08T11:31:40.250+0300][187.505s][info][gc] GC(1111) Pause Young (Allocation Failure) 308M->309M(455M) 185.500ms
[2020-08-08T11:31:40.321+0300][187.576s][info][gc] GC(1112) Pause Full (Ergonomics) 309M->41M(455M) 70.421ms
[2020-08-08T11:31:40.513+0300][187.768s][info][gc] GC(1113) Pause Young (Allocation Failure) 99M->99M(455M) 182.860ms
[2020-08-08T11:31:40.810+0300][188.065s][info][gc] GC(1114) Pause Young (Allocation Failure) 156M->156M(455M) 285.507ms
[2020-08-08T11:31:40.896+0300][188.151s][info][gc] GC(1115) Pause Young (Allocation Failure) 214M->214M(455M) 76.263ms
[2020-08-08T11:31:41.256+0300][188.512s][info][gc] GC(1116) Pause Young (Allocation Failure) 270M->270M(455M) 349.991ms
[2020-08-08T11:31:41.387+0300][188.643s][info][gc] GC(1117) Pause Young (Allocation Failure) 328M->328M(455M) 122.715ms
[2020-08-08T11:31:41.514+0300][188.769s][info][gc] GC(1118) Pause Full (Ergonomics) 328M->59M(455M) 126.366ms
[2020-08-08T11:31:41.686+0300][188.941s][info][gc] GC(1119) Pause Young (Allocation Failure) 117M->117M(455M) 158.415ms
[2020-08-08T11:31:41.891+0300][189.146s][info][gc] GC(1120) Pause Young (Allocation Failure) 174M->175M(455M) 196.613ms
[2020-08-08T11:31:41.986+0300][189.241s][info][gc] GC(1121) Pause Young (Allocation Failure) 232M->232M(455M) 85.742ms
[2020-08-08T11:31:42.191+0300][189.446s][info][gc] GC(1122) Pause Young (Allocation Failure) 290M->290M(455M) 196.983ms
[2020-08-08T11:31:42.275+0300][189.530s][info][gc] GC(1123) Pause Young (Allocation Failure) 347M->347M(455M) 74.591ms
[2020-08-08T11:31:42.462+0300][189.718s][info][gc] GC(1124) Pause Full (Ergonomics) 347M->80M(455M) 187.360ms
[2020-08-08T11:31:42.659+0300][189.914s][info][gc] GC(1125) Pause Young (Allocation Failure) 136M->136M(455M) 183.474ms
[2020-08-08T11:31:42.777+0300][190.032s][info][gc] GC(1126) Pause Young (Allocation Failure) 193M->193M(455M) 109.216ms
[2020-08-08T11:31:42.879+0300][190.134s][info][gc] GC(1127) Pause Young (Allocation Failure) 251M->251M(455M) 92.977ms
[2020-08-08T11:31:43.080+0300][190.335s][info][gc] GC(1128) Pause Young (Allocation Failure) 308M->309M(455M) 191.337ms
[2020-08-08T11:31:43.153+0300][190.408s][info][gc] GC(1129) Pause Full (Ergonomics) 309M->41M(455M) 73.099ms
[2020-08-08T11:31:43.338+0300][190.593s][info][gc] GC(1130) Pause Young (Allocation Failure) 99M->99M(455M) 175.513ms
[2020-08-08T11:31:43.624+0300][190.880s][info][gc] GC(1131) Pause Young (Allocation Failure) 156M->157M(455M) 278.309ms
[2020-08-08T11:31:43.716+0300][190.971s][info][gc] GC(1132) Pause Young (Allocation Failure) 214M->214M(455M) 79.580ms
[2020-08-08T11:31:43.968+0300][191.223s][info][gc] GC(1133) Pause Young (Allocation Failure) 270M->270M(455M) 242.119ms
[2020-08-08T11:31:44.077+0300][191.332s][info][gc] GC(1134) Pause Young (Allocation Failure) 328M->328M(455M) 100.921ms
[2020-08-08T11:31:44.204+0300][191.459s][info][gc] GC(1135) Pause Full (Ergonomics) 328M->59M(455M) 126.331ms
[2020-08-08T11:31:44.371+0300][191.626s][info][gc] GC(1136) Pause Young (Allocation Failure) 117M->117M(455M) 157.078ms
[2020-08-08T11:31:44.581+0300][191.836s][info][gc] GC(1137) Pause Young (Allocation Failure) 175M->175M(455M) 201.785ms
[2020-08-08T11:31:44.686+0300][191.941s][info][gc] GC(1138) Pause Young (Allocation Failure) 232M->232M(455M) 90.590ms
[2020-08-08T11:31:44.939+0300][192.194s][info][gc] GC(1139) Pause Young (Allocation Failure) 290M->290M(455M) 244.060ms
[2020-08-08T11:31:45.022+0300][192.277s][info][gc] GC(1140) Pause Young (Allocation Failure) 347M->347M(455M) 73.376ms
[2020-08-08T11:31:45.208+0300][192.463s][info][gc] GC(1141) Pause Full (Ergonomics) 347M->80M(455M) 185.185ms
[2020-08-08T11:31:45.399+0300][192.654s][info][gc] GC(1142) Pause Young (Allocation Failure) 136M->136M(455M) 181.485ms
[2020-08-08T11:31:45.538+0300][192.793s][info][gc] GC(1143) Pause Young (Allocation Failure) 193M->193M(455M) 130.060ms
[2020-08-08T11:31:45.648+0300][192.903s][info][gc] GC(1144) Pause Young (Allocation Failure) 251M->251M(455M) 96.987ms
[2020-08-08T11:31:45.858+0300][193.113s][info][gc] GC(1145) Pause Young (Allocation Failure) 308M->309M(455M) 200.682ms
[2020-08-08T11:31:45.931+0300][193.186s][info][gc] GC(1146) Pause Full (Ergonomics) 309M->41M(455M) 72.951ms
[2020-08-08T11:31:46.111+0300][193.366s][info][gc] GC(1147) Pause Young (Allocation Failure) 99M->99M(455M) 170.437ms
[2020-08-08T11:31:46.368+0300][193.623s][info][gc] GC(1148) Pause Young (Allocation Failure) 156M->156M(455M) 248.946ms
[2020-08-08T11:31:46.453+0300][193.708s][info][gc] GC(1149) Pause Young (Allocation Failure) 214M->214M(455M) 75.683ms
[2020-08-08T11:31:46.825+0300][194.080s][info][gc] GC(1150) Pause Young (Allocation Failure) 270M->270M(455M) 362.661ms
[2020-08-08T11:31:46.955+0300][194.210s][info][gc] GC(1151) Pause Young (Allocation Failure) 328M->328M(455M) 119.290ms
[2020-08-08T11:31:47.079+0300][194.334s][info][gc] GC(1152) Pause Full (Ergonomics) 328M->59M(455M) 123.864ms
[2020-08-08T11:31:47.263+0300][194.518s][info][gc] GC(1153) Pause Young (Allocation Failure) 117M->117M(455M) 173.137ms
[2020-08-08T11:31:47.463+0300][194.718s][info][gc] GC(1154) Pause Young (Allocation Failure) 174M->175M(455M) 192.038ms
[2020-08-08T11:31:47.559+0300][194.814s][info][gc] GC(1155) Pause Young (Allocation Failure) 232M->232M(455M) 85.099ms
[2020-08-08T11:31:47.769+0300][195.024s][info][gc] GC(1156) Pause Young (Allocation Failure) 290M->290M(455M) 201.498ms
[2020-08-08T11:31:47.858+0300][195.113s][info][gc] GC(1157) Pause Young (Allocation Failure) 347M->347M(455M) 76.099ms
[2020-08-08T11:31:48.041+0300][195.297s][info][gc] GC(1158) Pause Full (Ergonomics) 347M->79M(455M) 183.392ms
[2020-08-08T11:31:48.237+0300][195.492s][info][gc] GC(1159) Pause Young (Allocation Failure) 136M->136M(455M) 185.303ms
[2020-08-08T11:31:48.352+0300][195.607s][info][gc] GC(1160) Pause Young (Allocation Failure) 193M->193M(455M) 107.762ms
[2020-08-08T11:31:48.456+0300][195.711s][info][gc] GC(1161) Pause Young (Allocation Failure) 251M->251M(455M) 93.239ms
[2020-08-08T11:31:48.647+0300][195.902s][info][gc] GC(1162) Pause Young (Allocation Failure) 308M->309M(455M) 182.753ms
[2020-08-08T11:31:48.717+0300][195.972s][info][gc] GC(1163) Pause Full (Ergonomics) 309M->41M(455M) 70.071ms
[2020-08-08T11:31:48.900+0300][196.155s][info][gc] GC(1164) Pause Young (Allocation Failure) 99M->99M(455M) 172.840ms
[2020-08-08T11:31:49.187+0300][196.442s][info][gc] GC(1165) Pause Young (Allocation Failure) 156M->156M(455M) 276.382ms
[2020-08-08T11:31:49.270+0300][196.525s][info][gc] GC(1166) Pause Young (Allocation Failure) 214M->214M(455M) 72.929ms
[2020-08-08T11:31:49.561+0300][196.816s][info][gc] GC(1167) Pause Young (Allocation Failure) 270M->270M(455M) 281.471ms
[2020-08-08T11:31:49.677+0300][196.932s][info][gc] GC(1168) Pause Young (Allocation Failure) 328M->328M(455M) 107.975ms
[2020-08-08T11:31:49.803+0300][197.058s][info][gc] GC(1169) Pause Full (Ergonomics) 328M->59M(455M) 126.056ms
[2020-08-08T11:31:49.981+0300][197.236s][info][gc] GC(1170) Pause Young (Allocation Failure) 117M->117M(455M) 167.139ms
[2020-08-08T11:31:50.171+0300][197.426s][info][gc] GC(1171) Pause Young (Allocation Failure) 175M->175M(455M) 179.775ms
[2020-08-08T11:31:50.267+0300][197.522s][info][gc] GC(1172) Pause Young (Allocation Failure) 232M->232M(455M) 85.338ms
[2020-08-08T11:31:50.551+0300][197.806s][info][gc] GC(1173) Pause Young (Allocation Failure) 290M->290M(455M) 275.820ms
[2020-08-08T11:31:50.635+0300][197.890s][info][gc] GC(1174) Pause Young (Allocation Failure) 347M->347M(455M) 73.947ms
[2020-08-08T11:31:50.824+0300][198.079s][info][gc] GC(1175) Pause Full (Ergonomics) 347M->80M(455M) 189.023ms
[2020-08-08T11:31:51.022+0300][198.277s][info][gc] GC(1176) Pause Young (Allocation Failure) 136M->136M(455M) 188.114ms
[2020-08-08T11:31:51.146+0300][198.401s][info][gc] GC(1177) Pause Young (Allocation Failure) 193M->193M(455M) 112.903ms
[2020-08-08T11:31:51.249+0300][198.504s][info][gc] GC(1178) Pause Young (Allocation Failure) 251M->251M(455M) 94.214ms
[2020-08-08T11:31:51.460+0300][198.715s][info][gc] GC(1179) Pause Young (Allocation Failure) 308M->309M(455M) 202.534ms
[2020-08-08T11:31:51.529+0300][198.784s][info][gc] GC(1180) Pause Full (Ergonomics) 309M->41M(455M) 68.963ms
[2020-08-08T11:31:51.720+0300][198.975s][info][gc] GC(1181) Pause Young (Allocation Failure) 99M->99M(455M) 181.238ms
[2020-08-08T11:31:51.992+0300][199.247s][info][gc] GC(1182) Pause Young (Allocation Failure) 156M->156M(455M) 263.345ms
[2020-08-08T11:31:52.084+0300][199.339s][info][gc] GC(1183) Pause Young (Allocation Failure) 214M->214M(455M) 79.688ms
[2020-08-08T11:31:52.455+0300][199.710s][info][gc] GC(1184) Pause Young (Allocation Failure) 270M->270M(455M) 359.497ms
[2020-08-08T11:31:52.585+0300][199.840s][info][gc] GC(1185) Pause Young (Allocation Failure) 328M->328M(455M) 123.018ms
[2020-08-08T11:31:52.711+0300][199.966s][info][gc] GC(1186) Pause Full (Ergonomics) 328M->59M(455M) 125.260ms
[2020-08-08T11:31:52.877+0300][200.132s][info][gc] GC(1187) Pause Young (Allocation Failure) 117M->117M(455M) 155.367ms
[2020-08-08T11:31:53.079+0300][200.334s][info][gc] GC(1188) Pause Young (Allocation Failure) 175M->175M(455M) 194.452ms
[2020-08-08T11:31:53.177+0300][200.432s][info][gc] GC(1189) Pause Young (Allocation Failure) 232M->232M(455M) 85.841ms
[2020-08-08T11:31:53.475+0300][200.730s][info][gc] GC(1190) Pause Young (Allocation Failure) 290M->290M(455M) 290.616ms
[2020-08-08T11:31:53.563+0300][200.818s][info][gc] GC(1191) Pause Young (Allocation Failure) 347M->347M(455M) 77.978ms
[2020-08-08T11:31:53.746+0300][201.001s][info][gc] GC(1192) Pause Full (Ergonomics) 347M->80M(455M) 182.885ms
[2020-08-08T11:31:53.944+0300][201.199s][info][gc] GC(1193) Pause Young (Allocation Failure) 136M->136M(455M) 187.577ms
[2020-08-08T11:31:54.076+0300][201.331s][info][gc] GC(1194) Pause Young (Allocation Failure) 193M->193M(455M) 124.296ms
[2020-08-08T11:31:54.182+0300][201.437s][info][gc] GC(1195) Pause Young (Allocation Failure) 251M->251M(455M) 95.653ms
[2020-08-08T11:31:54.391+0300][201.646s][info][gc] GC(1196) Pause Young (Allocation Failure) 308M->309M(455M) 199.524ms
[2020-08-08T11:31:54.462+0300][201.718s][info][gc] GC(1197) Pause Full (Ergonomics) 309M->41M(455M) 71.119ms
[2020-08-08T11:31:54.653+0300][201.908s][info][gc] GC(1198) Pause Young (Allocation Failure) 99M->99M(455M) 179.964ms
[2020-08-08T11:31:54.918+0300][202.173s][info][gc] GC(1199) Pause Young (Allocation Failure) 156M->156M(455M) 257.657ms
[2020-08-08T11:31:55.003+0300][202.258s][info][gc] GC(1200) Pause Young (Allocation Failure) 214M->214M(455M) 75.027ms
[2020-08-08T11:31:55.315+0300][202.570s][info][gc] GC(1201) Pause Young (Allocation Failure) 270M->270M(455M) 301.969ms
[2020-08-08T11:31:55.441+0300][202.696s][info][gc] GC(1202) Pause Young (Allocation Failure) 328M->328M(455M) 116.184ms
[2020-08-08T11:31:55.564+0300][202.819s][info][gc] GC(1203) Pause Full (Ergonomics) 328M->59M(455M) 122.878ms
[2020-08-08T11:31:55.758+0300][203.013s][info][gc] GC(1204) Pause Young (Allocation Failure) 117M->117M(455M) 183.422ms
[2020-08-08T11:31:55.973+0300][203.228s][info][gc] GC(1205) Pause Young (Allocation Failure) 174M->175M(455M) 206.812ms
[2020-08-08T11:31:56.068+0300][203.323s][info][gc] GC(1206) Pause Young (Allocation Failure) 232M->232M(455M) 85.166ms
[2020-08-08T11:31:56.320+0300][203.575s][info][gc] GC(1207) Pause Young (Allocation Failure) 290M->290M(455M) 243.347ms
[2020-08-08T11:31:56.408+0300][203.663s][info][gc] GC(1208) Pause Young (Allocation Failure) 347M->347M(455M) 76.090ms
[2020-08-08T11:31:56.594+0300][203.849s][info][gc] GC(1209) Pause Full (Ergonomics) 347M->79M(455M) 185.710ms
[2020-08-08T11:31:56.795+0300][204.050s][info][gc] GC(1210) Pause Young (Allocation Failure) 136M->136M(455M) 189.237ms
[2020-08-08T11:31:56.919+0300][204.174s][info][gc] GC(1211) Pause Young (Allocation Failure) 193M->193M(455M) 114.058ms
[2020-08-08T11:31:57.021+0300][204.276s][info][gc] GC(1212) Pause Young (Allocation Failure) 251M->251M(455M) 91.966ms
[2020-08-08T11:31:57.228+0300][204.483s][info][gc] GC(1213) Pause Young (Allocation Failure) 308M->309M(455M) 195.968ms
[2020-08-08T11:31:57.299+0300][204.554s][info][gc] GC(1214) Pause Full (Ergonomics) 309M->41M(455M) 71.489ms
[2020-08-08T11:31:57.477+0300][204.732s][info][gc] GC(1215) Pause Young (Allocation Failure) 98M->98M(455M) 164.448ms
[2020-08-08T11:31:57.789+0300][205.044s][info][gc] GC(1216) Pause Young (Allocation Failure) 156M->156M(455M) 302.840ms
[2020-08-08T11:31:57.881+0300][205.136s][info][gc] GC(1217) Pause Young (Allocation Failure) 213M->214M(455M) 78.340ms
[2020-08-08T11:31:58.247+0300][205.502s][info][gc] GC(1218) Pause Young (Allocation Failure) 270M->270M(455M) 354.596ms
[2020-08-08T11:31:58.387+0300][205.642s][info][gc] GC(1219) Pause Young (Allocation Failure) 327M->327M(455M) 131.452ms
[2020-08-08T11:31:58.515+0300][205.770s][info][gc] GC(1220) Pause Full (Ergonomics) 327M->59M(455M) 128.153ms
[2020-08-08T11:31:58.693+0300][205.948s][info][gc] GC(1221) Pause Young (Allocation Failure) 117M->117M(455M) 164.246ms
[2020-08-08T11:31:58.861+0300][206.116s][info][gc] GC(1222) Pause Young (Allocation Failure) 174M->175M(455M) 160.009ms
[2020-08-08T11:31:58.960+0300][206.215s][info][gc] GC(1223) Pause Young (Allocation Failure) 232M->232M(455M) 88.866ms
[2020-08-08T11:31:59.168+0300][206.423s][info][gc] GC(1224) Pause Young (Allocation Failure) 290M->290M(455M) 199.732ms
[2020-08-08T11:31:59.252+0300][206.507s][info][gc] GC(1225) Pause Young (Allocation Failure) 347M->347M(455M) 73.779ms
[2020-08-08T11:31:59.437+0300][206.692s][info][gc] GC(1226) Pause Full (Ergonomics) 347M->80M(455M) 185.185ms
[2020-08-08T11:31:59.633+0300][206.888s][info][gc] GC(1227) Pause Young (Allocation Failure) 136M->136M(455M) 182.786ms
[2020-08-08T11:31:59.769+0300][207.024s][info][gc] GC(1228) Pause Young (Allocation Failure) 193M->193M(455M) 126.794ms
[2020-08-08T11:31:59.872+0300][207.127s][info][gc] GC(1229) Pause Young (Allocation Failure) 251M->251M(455M) 93.262ms
[2020-08-08T11:32:00.076+0300][207.331s][info][gc] GC(1230) Pause Young (Allocation Failure) 308M->309M(455M) 194.198ms
[2020-08-08T11:32:00.147+0300][207.402s][info][gc] GC(1231) Pause Full (Ergonomics) 309M->41M(455M) 70.963ms
[2020-08-08T11:32:00.349+0300][207.604s][info][gc] GC(1232) Pause Young (Allocation Failure) 98M->98M(455M) 191.416ms
[2020-08-08T11:32:00.662+0300][207.917s][info][gc] GC(1233) Pause Young (Allocation Failure) 156M->156M(455M) 304.371ms
[2020-08-08T11:32:00.757+0300][208.012s][info][gc] GC(1234) Pause Young (Allocation Failure) 214M->214M(455M) 79.324ms
[2020-08-08T11:32:01.106+0300][208.361s][info][gc] GC(1235) Pause Young (Allocation Failure) 270M->270M(455M) 339.067ms
[2020-08-08T11:32:01.216+0300][208.471s][info][gc] GC(1236) Pause Young (Allocation Failure) 327M->327M(455M) 100.642ms
[2020-08-08T11:32:01.342+0300][208.597s][info][gc] GC(1237) Pause Full (Ergonomics) 327M->59M(455M) 126.257ms
[2020-08-08T11:32:01.514+0300][208.769s][info][gc] GC(1238) Pause Young (Allocation Failure) 117M->117M(455M) 161.367ms
[2020-08-08T11:32:01.729+0300][208.984s][info][gc] GC(1239) Pause Young (Allocation Failure) 175M->174M(455M) 202.691ms
[2020-08-08T11:32:01.825+0300][209.080s][info][gc] GC(1240) Pause Young (Allocation Failure) 232M->232M(455M) 84.590ms
[2020-08-08T11:32:02.088+0300][209.343s][info][gc] GC(1241) Pause Young (Allocation Failure) 271M->270M(455M) 255.898ms
[2020-08-08T11:32:02.179+0300][209.434s][info][gc] GC(1242) Pause Young (Allocation Failure) 327M->327M(455M) 82.697ms
[2020-08-08T11:32:02.313+0300][209.568s][info][gc] GC(1243) Pause Full (Ergonomics) 327M->59M(455M) 134.141ms
[2020-08-08T11:32:02.485+0300][209.740s][info][gc] GC(1244) Pause Young (Allocation Failure) 117M->117M(455M) 161.589ms
[2020-08-08T11:32:02.674+0300][209.929s][info][gc] GC(1245) Pause Young (Allocation Failure) 175M->175M(455M) 176.086ms
[2020-08-08T11:32:02.772+0300][210.027s][info][gc] GC(1246) Pause Young (Allocation Failure) 232M->232M(455M) 87.844ms
[2020-08-08T11:32:02.984+0300][210.239s][info][gc] GC(1247) Pause Young (Allocation Failure) 290M->290M(455M) 199.069ms
[2020-08-08T11:32:03.068+0300][210.323s][info][gc] GC(1248) Pause Young (Allocation Failure) 347M->347M(455M) 74.070ms
[2020-08-08T11:32:03.259+0300][210.514s][info][gc] GC(1249) Pause Full (Ergonomics) 347M->80M(455M) 190.623ms
[2020-08-08T11:32:03.459+0300][210.714s][info][gc] GC(1250) Pause Young (Allocation Failure) 136M->136M(455M) 189.158ms
[2020-08-08T11:32:03.578+0300][210.833s][info][gc] GC(1251) Pause Young (Allocation Failure) 193M->193M(455M) 108.986ms
[2020-08-08T11:32:03.682+0300][210.937s][info][gc] GC(1252) Pause Young (Allocation Failure) 251M->251M(455M) 93.172ms
[2020-08-08T11:32:03.896+0300][211.151s][info][gc] GC(1253) Pause Young (Allocation Failure) 308M->309M(455M) 203.148ms
[2020-08-08T11:32:03.966+0300][211.221s][info][gc] GC(1254) Pause Full (Ergonomics) 309M->41M(455M) 70.284ms
[2020-08-08T11:32:04.164+0300][211.419s][info][gc] GC(1255) Pause Young (Allocation Failure) 98M->98M(455M) 186.322ms
[2020-08-08T11:32:04.479+0300][211.734s][info][gc] GC(1256) Pause Young (Allocation Failure) 156M->156M(455M) 306.634ms
[2020-08-08T11:32:04.581+0300][211.836s][info][gc] GC(1257) Pause Young (Allocation Failure) 213M->213M(455M) 88.346ms
[2020-08-08T11:32:04.893+0300][212.148s][info][gc] GC(1258) Pause Young (Allocation Failure) 270M->270M(455M) 302.749ms
[2020-08-08T11:32:05.010+0300][212.265s][info][gc] GC(1259) Pause Young (Allocation Failure) 327M->327M(455M) 109.011ms
[2020-08-08T11:32:05.136+0300][212.391s][info][gc] GC(1260) Pause Full (Ergonomics) 327M->59M(455M) 126.057ms
[2020-08-08T11:32:05.284+0300][212.540s][info][gc] GC(1261) Pause Young (Allocation Failure) 117M->117M(455M) 137.279ms
[2020-08-08T11:32:05.441+0300][212.696s][info][gc] GC(1262) Pause Young (Allocation Failure) 175M->175M(455M) 148.742ms
[2020-08-08T11:32:05.536+0300][212.792s][info][gc] GC(1263) Pause Young (Allocation Failure) 232M->232M(455M) 84.835ms
[2020-08-08T11:32:05.779+0300][213.034s][info][gc] GC(1264) Pause Young (Allocation Failure) 290M->290M(455M) 229.568ms
[2020-08-08T11:32:05.882+0300][213.137s][info][gc] GC(1265) Pause Young (Allocation Failure) 347M->347M(455M) 91.836ms
[2020-08-08T11:32:06.066+0300][213.321s][info][gc] GC(1266) Pause Full (Ergonomics) 347M->80M(455M) 183.987ms
[2020-08-08T11:32:06.261+0300][213.516s][info][gc] GC(1267) Pause Young (Allocation Failure) 136M->136M(455M) 185.221ms
[2020-08-08T11:32:06.374+0300][213.629s][info][gc] GC(1268) Pause Young (Allocation Failure) 193M->193M(455M) 105.111ms
[2020-08-08T11:32:06.476+0300][213.731s][info][gc] GC(1269) Pause Young (Allocation Failure) 251M->251M(455M) 92.892ms
[2020-08-08T11:32:06.686+0300][213.941s][info][gc] GC(1270) Pause Young (Allocation Failure) 308M->309M(455M) 200.988ms
[2020-08-08T11:32:06.762+0300][214.017s][info][gc] GC(1271) Pause Full (Ergonomics) 309M->41M(455M) 75.579ms
[2020-08-08T11:32:06.958+0300][214.213s][info][gc] GC(1272) Pause Young (Allocation Failure) 98M->98M(455M) 182.950ms
[2020-08-08T11:32:07.267+0300][214.522s][info][gc] GC(1273) Pause Young (Allocation Failure) 156M->156M(455M) 300.637ms
[2020-08-08T11:32:07.353+0300][214.608s][info][gc] GC(1274) Pause Young (Allocation Failure) 213M->214M(455M) 76.454ms
[2020-08-08T11:32:07.668+0300][214.923s][info][gc] GC(1275) Pause Young (Allocation Failure) 270M->270M(455M) 305.718ms
[2020-08-08T11:32:07.796+0300][215.051s][info][gc] GC(1276) Pause Young (Allocation Failure) 327M->327M(455M) 116.838ms
[2020-08-08T11:32:07.919+0300][215.174s][info][gc] GC(1277) Pause Full (Ergonomics) 327M->59M(455M) 122.939ms
[2020-08-08T11:32:08.108+0300][215.363s][info][gc] GC(1278) Pause Young (Allocation Failure) 117M->117M(455M) 179.014ms
[2020-08-08T11:32:08.310+0300][215.565s][info][gc] GC(1279) Pause Young (Allocation Failure) 174M->175M(455M) 193.758ms
[2020-08-08T11:32:08.405+0300][215.660s][info][gc] GC(1280) Pause Young (Allocation Failure) 232M->232M(455M) 84.510ms
[2020-08-08T11:32:08.616+0300][215.871s][info][gc] GC(1281) Pause Young (Allocation Failure) 290M->290M(455M) 201.516ms
[2020-08-08T11:32:08.702+0300][215.957s][info][gc] GC(1282) Pause Young (Allocation Failure) 347M->347M(455M) 74.916ms
[2020-08-08T11:32:08.888+0300][216.143s][info][gc] GC(1283) Pause Full (Ergonomics) 347M->80M(455M) 185.697ms
[2020-08-08T11:32:09.088+0300][216.343s][info][gc] GC(1284) Pause Young (Allocation Failure) 136M->136M(455M) 186.738ms
[2020-08-08T11:32:09.208+0300][216.463s][info][gc] GC(1285) Pause Young (Allocation Failure) 193M->193M(455M) 108.801ms
[2020-08-08T11:32:09.312+0300][216.567s][info][gc] GC(1286) Pause Young (Allocation Failure) 251M->251M(455M) 94.326ms
[2020-08-08T11:32:09.517+0300][216.772s][info][gc] GC(1287) Pause Young (Allocation Failure) 308M->309M(455M) 195.990ms
[2020-08-08T11:32:09.587+0300][216.842s][info][gc] GC(1288) Pause Full (Ergonomics) 309M->41M(455M) 69.965ms
[2020-08-08T11:32:09.782+0300][217.037s][info][gc] GC(1289) Pause Young (Allocation Failure) 98M->98M(455M) 183.660ms
[2020-08-08T11:32:10.085+0300][217.340s][info][gc] GC(1290) Pause Young (Allocation Failure) 156M->156M(455M) 296.423ms
[2020-08-08T11:32:10.177+0300][217.432s][info][gc] GC(1291) Pause Young (Allocation Failure) 214M->213M(455M) 79.178ms
[2020-08-08T11:32:10.475+0300][217.730s][info][gc] GC(1292) Pause Young (Allocation Failure) 270M->270M(455M) 288.563ms
[2020-08-08T11:32:10.598+0300][217.853s][info][gc] GC(1293) Pause Young (Allocation Failure) 327M->327M(455M) 114.452ms
[2020-08-08T11:32:10.719+0300][217.974s][info][gc] GC(1294) Pause Full (Ergonomics) 327M->59M(455M) 121.470ms
[2020-08-08T11:32:10.902+0300][218.157s][info][gc] GC(1295) Pause Young (Allocation Failure) 117M->117M(455M) 171.513ms
[2020-08-08T11:32:11.087+0300][218.343s][info][gc] GC(1296) Pause Young (Allocation Failure) 175M->175M(455M) 178.341ms
[2020-08-08T11:32:11.186+0300][218.441s][info][gc] GC(1297) Pause Young (Allocation Failure) 232M->232M(455M) 86.036ms
[2020-08-08T11:32:11.443+0300][218.698s][info][gc] GC(1298) Pause Young (Allocation Failure) 290M->290M(455M) 248.334ms
[2020-08-08T11:32:11.529+0300][218.784s][info][gc] GC(1299) Pause Young (Allocation Failure) 347M->347M(455M) 76.652ms
[2020-08-08T11:32:11.722+0300][218.977s][info][gc] GC(1300) Pause Full (Ergonomics) 347M->80M(455M) 193.218ms
[2020-08-08T11:32:11.922+0300][219.177s][info][gc] GC(1301) Pause Young (Allocation Failure) 136M->136M(455M) 190.691ms
[2020-08-08T11:32:12.045+0300][219.300s][info][gc] GC(1302) Pause Young (Allocation Failure) 193M->193M(455M) 114.988ms
[2020-08-08T11:32:12.151+0300][219.407s][info][gc] GC(1303) Pause Young (Allocation Failure) 251M->251M(455M) 96.064ms
[2020-08-08T11:32:12.359+0300][219.614s][info][gc] GC(1304) Pause Young (Allocation Failure) 308M->309M(455M) 197.108ms
[2020-08-08T11:32:12.428+0300][219.683s][info][gc] GC(1305) Pause Full (Ergonomics) 309M->41M(455M) 68.853ms
[2020-08-08T11:32:12.628+0300][219.883s][info][gc] GC(1306) Pause Young (Allocation Failure) 98M->98M(455M) 189.956ms
[2020-08-08T11:32:12.925+0300][220.180s][info][gc] GC(1307) Pause Young (Allocation Failure) 156M->156M(455M) 289.604ms
[2020-08-08T11:32:13.012+0300][220.267s][info][gc] GC(1308) Pause Young (Allocation Failure) 213M->214M(455M) 76.466ms
[2020-08-08T11:32:13.329+0300][220.584s][info][gc] GC(1309) Pause Young (Allocation Failure) 270M->270M(455M) 307.063ms
[2020-08-08T11:32:13.446+0300][220.701s][info][gc] GC(1310) Pause Young (Allocation Failure) 327M->327M(455M) 106.111ms
[2020-08-08T11:32:13.573+0300][220.828s][info][gc] GC(1311) Pause Full (Ergonomics) 327M->59M(455M) 126.586ms
[2020-08-08T11:32:13.744+0300][221.000s][info][gc] GC(1312) Pause Young (Allocation Failure) 117M->117M(455M) 161.540ms
[2020-08-08T11:32:13.951+0300][221.206s][info][gc] GC(1313) Pause Young (Allocation Failure) 174M->175M(455M) 199.264ms
[2020-08-08T11:32:14.049+0300][221.304s][info][gc] GC(1314) Pause Young (Allocation Failure) 232M->232M(455M) 87.925ms
[2020-08-08T11:32:14.335+0300][221.590s][info][gc] GC(1315) Pause Young (Allocation Failure) 290M->290M(455M) 278.299ms
[2020-08-08T11:32:14.430+0300][221.685s][info][gc] GC(1316) Pause Young (Allocation Failure) 347M->347M(455M) 80.682ms
[2020-08-08T11:32:14.612+0300][221.867s][info][gc] GC(1317) Pause Full (Ergonomics) 347M->79M(455M) 182.478ms
[2020-08-08T11:32:14.812+0300][222.067s][info][gc] GC(1318) Pause Young (Allocation Failure) 136M->136M(455M) 189.302ms
[2020-08-08T11:32:14.936+0300][222.191s][info][gc] GC(1319) Pause Young (Allocation Failure) 193M->193M(455M) 114.497ms
[2020-08-08T11:32:15.041+0300][222.296s][info][gc] GC(1320) Pause Young (Allocation Failure) 251M->251M(455M) 93.777ms
[2020-08-08T11:32:15.242+0300][222.497s][info][gc] GC(1321) Pause Young (Allocation Failure) 308M->309M(455M) 193.458ms
[2020-08-08T11:32:15.314+0300][222.569s][info][gc] GC(1322) Pause Full (Ergonomics) 309M->41M(455M) 72.017ms
[2020-08-08T11:32:15.511+0300][222.766s][info][gc] GC(1323) Pause Young (Allocation Failure) 98M->98M(455M) 185.134ms
[2020-08-08T11:32:15.815+0300][223.070s][info][gc] GC(1324) Pause Young (Allocation Failure) 156M->156M(455M) 296.191ms
[2020-08-08T11:32:15.900+0300][223.155s][info][gc] GC(1325) Pause Young (Allocation Failure) 213M->214M(455M) 75.193ms
[2020-08-08T11:32:16.239+0300][223.494s][info][gc] GC(1326) Pause Young (Allocation Failure) 270M->270M(455M) 328.076ms
[2020-08-08T11:32:16.349+0300][223.604s][info][gc] GC(1327) Pause Young (Allocation Failure) 327M->327M(455M) 102.867ms
[2020-08-08T11:32:16.472+0300][223.727s][info][gc] GC(1328) Pause Full (Ergonomics) 327M->59M(455M) 122.891ms
[2020-08-08T11:32:16.647+0300][223.902s][info][gc] GC(1329) Pause Young (Allocation Failure) 117M->117M(455M) 160.759ms
[2020-08-08T11:32:16.837+0300][224.092s][info][gc] GC(1330) Pause Young (Allocation Failure) 174M->175M(455M) 180.698ms
[2020-08-08T11:32:16.933+0300][224.188s][info][gc] GC(1331) Pause Young (Allocation Failure) 232M->232M(455M) 84.535ms
[2020-08-08T11:32:17.144+0300][224.399s][info][gc] GC(1332) Pause Young (Allocation Failure) 290M->290M(455M) 200.809ms
[2020-08-08T11:32:17.229+0300][224.484s][info][gc] GC(1333) Pause Young (Allocation Failure) 347M->347M(455M) 75.312ms
[2020-08-08T11:32:17.416+0300][224.671s][info][gc] GC(1334) Pause Full (Ergonomics) 347M->80M(455M) 186.879ms
[2020-08-08T11:32:17.600+0300][224.855s][info][gc] GC(1335) Pause Young (Allocation Failure) 136M->136M(455M) 169.031ms
[2020-08-08T11:32:17.739+0300][224.994s][info][gc] GC(1336) Pause Young (Allocation Failure) 193M->193M(455M) 128.999ms
[2020-08-08T11:32:17.847+0300][225.102s][info][gc] GC(1337) Pause Young (Allocation Failure) 251M->251M(455M) 96.754ms
[2020-08-08T11:32:18.054+0300][225.309s][info][gc] GC(1338) Pause Young (Allocation Failure) 308M->309M(455M) 198.898ms
[2020-08-08T11:32:18.123+0300][225.378s][info][gc] GC(1339) Pause Full (Ergonomics) 309M->41M(455M) 68.918ms
[2020-08-08T11:32:18.318+0300][225.573s][info][gc] GC(1340) Pause Young (Allocation Failure) 98M->98M(455M) 184.724ms
[2020-08-08T11:32:18.624+0300][225.879s][info][gc] GC(1341) Pause Young (Allocation Failure) 156M->156M(455M) 299.470ms
[2020-08-08T11:32:18.714+0300][225.969s][info][gc] GC(1342) Pause Young (Allocation Failure) 214M->214M(455M) 77.823ms
[2020-08-08T11:32:19.062+0300][226.317s][info][gc] GC(1343) Pause Young (Allocation Failure) 270M->270M(455M) 337.258ms
[2020-08-08T11:32:19.180+0300][226.435s][info][gc] GC(1344) Pause Young (Allocation Failure) 327M->327M(455M) 110.144ms
[2020-08-08T11:32:19.303+0300][226.558s][info][gc] GC(1345) Pause Full (Ergonomics) 327M->59M(455M) 122.789ms
[2020-08-08T11:32:19.479+0300][226.734s][info][gc] GC(1346) Pause Young (Allocation Failure) 117M->117M(455M) 165.698ms
[2020-08-08T11:32:19.687+0300][226.942s][info][gc] GC(1347) Pause Young (Allocation Failure) 175M->175M(455M) 199.417ms
[2020-08-08T11:32:19.791+0300][227.046s][info][gc] GC(1348) Pause Young (Allocation Failure) 232M->232M(455M) 89.484ms
[2020-08-08T11:32:20.097+0300][227.353s][info][gc] GC(1349) Pause Young (Allocation Failure) 290M->290M(455M) 298.008ms
[2020-08-08T11:32:20.182+0300][227.437s][info][gc] GC(1350) Pause Young (Allocation Failure) 347M->347M(455M) 75.115ms
[2020-08-08T11:32:20.366+0300][227.621s][info][gc] GC(1351) Pause Full (Ergonomics) 347M->80M(455M) 183.425ms
[2020-08-08T11:32:20.562+0300][227.817s][info][gc] GC(1352) Pause Young (Allocation Failure) 136M->136M(455M) 185.672ms
[2020-08-08T11:32:20.682+0300][227.937s][info][gc] GC(1353) Pause Young (Allocation Failure) 193M->193M(455M) 111.815ms
[2020-08-08T11:32:20.789+0300][228.044s][info][gc] GC(1354) Pause Young (Allocation Failure) 251M->251M(455M) 93.799ms
[2020-08-08T11:32:20.992+0300][228.247s][info][gc] GC(1355) Pause Young (Allocation Failure) 308M->309M(455M) 195.321ms
[2020-08-08T11:32:21.060+0300][228.315s][info][gc] GC(1356) Pause Full (Ergonomics) 309M->41M(455M) 67.673ms
[2020-08-08T11:32:21.259+0300][228.514s][info][gc] GC(1357) Pause Young (Allocation Failure) 98M->98M(455M) 188.237ms
[2020-08-08T11:32:21.567+0300][228.822s][info][gc] GC(1358) Pause Young (Allocation Failure) 156M->156M(455M) 300.789ms
[2020-08-08T11:32:21.653+0300][228.909s][info][gc] GC(1359) Pause Young (Allocation Failure) 213M->213M(455M) 75.536ms
[2020-08-08T11:32:21.995+0300][229.250s][info][gc] GC(1360) Pause Young (Allocation Failure) 270M->270M(455M) 328.229ms
[2020-08-08T11:32:22.114+0300][229.369s][info][gc] GC(1361) Pause Young (Allocation Failure) 327M->327M(455M) 109.478ms
[2020-08-08T11:32:22.241+0300][229.496s][info][gc] GC(1362) Pause Full (Ergonomics) 327M->59M(455M) 127.458ms
[2020-08-08T11:32:22.380+0300][229.635s][info][gc] GC(1363) Pause Young (Allocation Failure) 117M->117M(455M) 128.625ms
[2020-08-08T11:32:22.536+0300][229.791s][info][gc] GC(1364) Pause Young (Allocation Failure) 174M->175M(455M) 149.226ms
[2020-08-08T11:32:22.632+0300][229.887s][info][gc] GC(1365) Pause Young (Allocation Failure) 232M->232M(455M) 84.428ms
[2020-08-08T11:32:22.887+0300][230.142s][info][gc] GC(1366) Pause Young (Allocation Failure) 290M->290M(455M) 247.234ms
[2020-08-08T11:32:22.973+0300][230.228s][info][gc] GC(1367) Pause Young (Allocation Failure) 347M->347M(455M) 75.993ms
[2020-08-08T11:32:23.149+0300][230.404s][info][gc] GC(1368) Pause Full (Ergonomics) 347M->80M(455M) 175.763ms
[2020-08-08T11:32:23.347+0300][230.602s][info][gc] GC(1369) Pause Young (Allocation Failure) 136M->136M(455M) 185.791ms
[2020-08-08T11:32:23.477+0300][230.732s][info][gc] GC(1370) Pause Young (Allocation Failure) 193M->193M(455M) 121.301ms
[2020-08-08T11:32:23.581+0300][230.836s][info][gc] GC(1371) Pause Young (Allocation Failure) 251M->251M(455M) 94.166ms
[2020-08-08T11:32:23.763+0300][231.018s][info][gc] GC(1372) Pause Young (Allocation Failure) 308M->309M(455M) 173.462ms
[2020-08-08T11:32:23.832+0300][231.087s][info][gc] GC(1373) Pause Full (Ergonomics) 309M->41M(455M) 69.407ms
[2020-08-08T11:32:24.035+0300][231.290s][info][gc] GC(1374) Pause Young (Allocation Failure) 98M->98M(455M) 189.219ms
[2020-08-08T11:32:24.348+0300][231.603s][info][gc] GC(1375) Pause Young (Allocation Failure) 156M->156M(455M) 302.328ms
[2020-08-08T11:32:24.437+0300][231.692s][info][gc] GC(1376) Pause Young (Allocation Failure) 213M->214M(455M) 78.325ms
[2020-08-08T11:32:24.768+0300][232.023s][info][gc] GC(1377) Pause Young (Allocation Failure) 270M->270M(455M) 320.371ms
[2020-08-08T11:32:24.876+0300][232.131s][info][gc] GC(1378) Pause Young (Allocation Failure) 327M->327M(455M) 100.455ms
[2020-08-08T11:32:25.003+0300][232.258s][info][gc] GC(1379) Pause Full (Ergonomics) 327M->59M(455M) 127.055ms
[2020-08-08T11:32:25.177+0300][232.432s][info][gc] GC(1380) Pause Young (Allocation Failure) 117M->117M(455M) 163.822ms
[2020-08-08T11:32:25.360+0300][232.615s][info][gc] GC(1381) Pause Young (Allocation Failure) 174M->175M(455M) 174.216ms
[2020-08-08T11:32:25.455+0300][232.710s][info][gc] GC(1382) Pause Young (Allocation Failure) 232M->232M(455M) 85.331ms
[2020-08-08T11:32:25.663+0300][232.918s][info][gc] GC(1383) Pause Young (Allocation Failure) 290M->290M(455M) 199.327ms
[2020-08-08T11:32:25.748+0300][233.003s][info][gc] GC(1384) Pause Young (Allocation Failure) 347M->347M(455M) 74.624ms
[2020-08-08T11:32:25.939+0300][233.194s][info][gc] GC(1385) Pause Full (Ergonomics) 347M->80M(455M) 190.711ms
[2020-08-08T11:32:26.136+0300][233.391s][info][gc] GC(1386) Pause Young (Allocation Failure) 136M->136M(455M) 187.678ms
[2020-08-08T11:32:26.261+0300][233.517s][info][gc] GC(1387) Pause Young (Allocation Failure) 193M->193M(455M) 116.780ms
[2020-08-08T11:32:26.366+0300][233.621s][info][gc] GC(1388) Pause Young (Allocation Failure) 251M->251M(455M) 93.062ms
[2020-08-08T11:32:26.556+0300][233.811s][info][gc] GC(1389) Pause Young (Allocation Failure) 308M->309M(455M) 179.060ms
[2020-08-08T11:32:26.623+0300][233.878s][info][gc] GC(1390) Pause Full (Ergonomics) 309M->41M(455M) 67.426ms
[2020-08-08T11:32:26.821+0300][234.076s][info][gc] GC(1391) Pause Young (Allocation Failure) 98M->98M(455M) 188.876ms
[2020-08-08T11:32:27.121+0300][234.376s][info][gc] GC(1392) Pause Young (Allocation Failure) 156M->156M(455M) 292.697ms
[2020-08-08T11:32:27.212+0300][234.467s][info][gc] GC(1393) Pause Young (Allocation Failure) 214M->214M(455M) 80.625ms
[2020-08-08T11:32:27.524+0300][234.779s][info][gc] GC(1394) Pause Young (Allocation Failure) 270M->270M(455M) 302.380ms
[2020-08-08T11:32:27.638+0300][234.893s][info][gc] GC(1395) Pause Young (Allocation Failure) 327M->327M(455M) 102.693ms
[2020-08-08T11:32:27.762+0300][235.017s][info][gc] GC(1396) Pause Full (Ergonomics) 327M->59M(455M) 124.004ms
[2020-08-08T11:32:27.903+0300][235.158s][info][gc] GC(1397) Pause Young (Allocation Failure) 117M->117M(455M) 129.856ms
[2020-08-08T11:32:28.060+0300][235.315s][info][gc] GC(1398) Pause Young (Allocation Failure) 174M->175M(455M) 149.591ms
[2020-08-08T11:32:28.154+0300][235.409s][info][gc] GC(1399) Pause Young (Allocation Failure) 232M->232M(455M) 84.086ms
[2020-08-08T11:32:28.409+0300][235.664s][info][gc] GC(1400) Pause Young (Allocation Failure) 290M->290M(455M) 243.485ms
[2020-08-08T11:32:28.495+0300][235.750s][info][gc] GC(1401) Pause Young (Allocation Failure) 347M->347M(455M) 76.868ms
[2020-08-08T11:32:28.677+0300][235.933s][info][gc] GC(1402) Pause Full (Ergonomics) 347M->80M(455M) 181.976ms
[2020-08-08T11:32:28.879+0300][236.134s][info][gc] GC(1403) Pause Young (Allocation Failure) 136M->136M(455M) 189.408ms
[2020-08-08T11:32:29.013+0300][236.268s][info][gc] GC(1404) Pause Young (Allocation Failure) 193M->193M(455M) 126.581ms
[2020-08-08T11:32:29.115+0300][236.370s][info][gc] GC(1405) Pause Young (Allocation Failure) 251M->251M(455M) 92.078ms
[2020-08-08T11:32:29.310+0300][236.565s][info][gc] GC(1406) Pause Young (Allocation Failure) 308M->309M(455M) 185.970ms
[2020-08-08T11:32:29.379+0300][236.634s][info][gc] GC(1407) Pause Full (Ergonomics) 309M->41M(455M) 69.328ms
[2020-08-08T11:32:29.581+0300][236.836s][info][gc] GC(1408) Pause Young (Allocation Failure) 98M->98M(455M) 189.886ms
[2020-08-08T11:32:29.894+0300][237.149s][info][gc] GC(1409) Pause Young (Allocation Failure) 156M->156M(455M) 303.438ms
[2020-08-08T11:32:29.979+0300][237.234s][info][gc] GC(1410) Pause Young (Allocation Failure) 213M->214M(455M) 75.850ms
[2020-08-08T11:32:30.283+0300][237.538s][info][gc] GC(1411) Pause Young (Allocation Failure) 270M->270M(455M) 294.708ms
[2020-08-08T11:32:30.402+0300][237.658s][info][gc] GC(1412) Pause Young (Allocation Failure) 327M->327M(455M) 111.097ms
[2020-08-08T11:32:30.527+0300][237.782s][info][gc] GC(1413) Pause Full (Ergonomics) 327M->59M(455M) 124.348ms
[2020-08-08T11:32:30.712+0300][237.967s][info][gc] GC(1414) Pause Young (Allocation Failure) 117M->117M(455M) 175.216ms
[2020-08-08T11:32:30.911+0300][238.166s][info][gc] GC(1415) Pause Young (Allocation Failure) 174M->175M(455M) 189.135ms
[2020-08-08T11:32:31.006+0300][238.261s][info][gc] GC(1416) Pause Young (Allocation Failure) 232M->232M(455M) 84.621ms
[2020-08-08T11:32:31.211+0300][238.467s][info][gc] GC(1417) Pause Young (Allocation Failure) 290M->290M(455M) 197.428ms
[2020-08-08T11:32:31.299+0300][238.554s][info][gc] GC(1418) Pause Young (Allocation Failure) 347M->347M(455M) 73.637ms
[2020-08-08T11:32:31.481+0300][238.736s][info][gc] GC(1419) Pause Full (Ergonomics) 347M->79M(455M) 181.780ms
[2020-08-08T11:32:31.677+0300][238.932s][info][gc] GC(1420) Pause Young (Allocation Failure) 136M->136M(455M) 185.567ms
[2020-08-08T11:32:31.820+0300][239.076s][info][gc] GC(1421) Pause Young (Allocation Failure) 193M->193M(455M) 134.205ms
[2020-08-08T11:32:31.924+0300][239.179s][info][gc] GC(1422) Pause Young (Allocation Failure) 251M->251M(455M) 93.909ms
[2020-08-08T11:32:32.118+0300][239.373s][info][gc] GC(1423) Pause Young (Allocation Failure) 308M->309M(455M) 184.201ms
[2020-08-08T11:32:32.188+0300][239.443s][info][gc] GC(1424) Pause Full (Ergonomics) 309M->41M(455M) 70.300ms
[2020-08-08T11:32:32.386+0300][239.641s][info][gc] GC(1425) Pause Young (Allocation Failure) 98M->98M(455M) 188.063ms
[2020-08-08T11:32:32.690+0300][239.945s][info][gc] GC(1426) Pause Young (Allocation Failure) 156M->156M(455M) 294.313ms
[2020-08-08T11:32:32.783+0300][240.038s][info][gc] GC(1427) Pause Young (Allocation Failure) 213M->213M(455M) 79.097ms
[2020-08-08T11:32:33.116+0300][240.371s][info][gc] GC(1428) Pause Young (Allocation Failure) 270M->270M(455M) 323.605ms
[2020-08-08T11:32:33.225+0300][240.480s][info][gc] GC(1429) Pause Young (Allocation Failure) 327M->327M(455M) 100.817ms
[2020-08-08T11:32:33.345+0300][240.600s][info][gc] GC(1430) Pause Full (Ergonomics) 327M->59M(455M) 120.263ms
[2020-08-08T11:32:33.508+0300][240.764s][info][gc] GC(1431) Pause Young (Allocation Failure) 117M->117M(455M) 152.735ms
[2020-08-08T11:32:33.711+0300][240.966s][info][gc] GC(1432) Pause Young (Allocation Failure) 175M->175M(455M) 193.854ms
[2020-08-08T11:32:33.813+0300][241.068s][info][gc] GC(1433) Pause Young (Allocation Failure) 232M->232M(455M) 89.785ms
[2020-08-08T11:32:34.015+0300][241.270s][info][gc] GC(1434) Pause Young (Allocation Failure) 290M->290M(455M) 194.106ms
[2020-08-08T11:32:34.103+0300][241.358s][info][gc] GC(1435) Pause Young (Allocation Failure) 347M->347M(455M) 77.581ms
[2020-08-08T11:32:34.286+0300][241.542s][info][gc] GC(1436) Pause Full (Ergonomics) 347M->80M(455M) 183.308ms
[2020-08-08T11:32:34.483+0300][241.738s][info][gc] GC(1437) Pause Young (Allocation Failure) 136M->136M(455M) 186.984ms
[2020-08-08T11:32:34.605+0300][241.860s][info][gc] GC(1438) Pause Young (Allocation Failure) 193M->193M(455M) 112.087ms
[2020-08-08T11:32:34.709+0300][241.964s][info][gc] GC(1439) Pause Young (Allocation Failure) 251M->251M(455M) 94.438ms
[2020-08-08T11:32:34.930+0300][242.185s][info][gc] GC(1440) Pause Young (Allocation Failure) 308M->309M(455M) 209.833ms
[2020-08-08T11:32:34.998+0300][242.253s][info][gc] GC(1441) Pause Full (Ergonomics) 309M->41M(455M) 68.156ms
[2020-08-08T11:32:35.196+0300][242.451s][info][gc] GC(1442) Pause Young (Allocation Failure) 98M->98M(455M) 187.950ms
[2020-08-08T11:32:35.501+0300][242.756s][info][gc] GC(1443) Pause Young (Allocation Failure) 156M->156M(455M) 298.063ms
[2020-08-08T11:32:35.588+0300][242.844s][info][gc] GC(1444) Pause Young (Allocation Failure) 213M->213M(455M) 77.818ms
[2020-08-08T11:32:35.903+0300][243.158s][info][gc] GC(1445) Pause Young (Allocation Failure) 270M->270M(455M) 304.440ms
[2020-08-08T11:32:36.023+0300][243.278s][info][gc] GC(1446) Pause Young (Allocation Failure) 327M->327M(455M) 110.844ms
[2020-08-08T11:32:36.148+0300][243.403s][info][gc] GC(1447) Pause Full (Ergonomics) 327M->59M(455M) 124.636ms
[2020-08-08T11:32:36.287+0300][243.542s][info][gc] GC(1448) Pause Young (Allocation Failure) 117M->117M(455M) 129.405ms
[2020-08-08T11:32:36.453+0300][243.708s][info][gc] GC(1449) Pause Young (Allocation Failure) 174M->175M(455M) 157.821ms
[2020-08-08T11:32:36.553+0300][243.808s][info][gc] GC(1450) Pause Young (Allocation Failure) 232M->232M(455M) 86.769ms
[2020-08-08T11:32:36.829+0300][244.084s][info][gc] GC(1451) Pause Young (Allocation Failure) 290M->290M(455M) 266.592ms
[2020-08-08T11:32:36.915+0300][244.170s][info][gc] GC(1452) Pause Young (Allocation Failure) 347M->347M(455M) 76.619ms
[2020-08-08T11:32:37.101+0300][244.356s][info][gc] GC(1453) Pause Full (Ergonomics) 347M->80M(455M) 185.990ms
[2020-08-08T11:32:37.298+0300][244.553s][info][gc] GC(1454) Pause Young (Allocation Failure) 136M->136M(455M) 185.073ms
[2020-08-08T11:32:37.416+0300][244.671s][info][gc] GC(1455) Pause Young (Allocation Failure) 193M->193M(455M) 109.118ms
[2020-08-08T11:32:37.518+0300][244.773s][info][gc] GC(1456) Pause Young (Allocation Failure) 251M->251M(455M) 92.876ms
[2020-08-08T11:32:37.721+0300][244.976s][info][gc] GC(1457) Pause Young (Allocation Failure) 308M->309M(455M) 190.765ms
[2020-08-08T11:32:37.789+0300][245.044s][info][gc] GC(1458) Pause Full (Ergonomics) 309M->41M(455M) 67.486ms
[2020-08-08T11:32:37.984+0300][245.239s][info][gc] GC(1459) Pause Young (Allocation Failure) 98M->98M(455M) 184.766ms
[2020-08-08T11:32:38.279+0300][245.534s][info][gc] GC(1460) Pause Young (Allocation Failure) 156M->156M(455M) 286.055ms
[2020-08-08T11:32:38.366+0300][245.621s][info][gc] GC(1461) Pause Young (Allocation Failure) 213M->214M(455M) 77.404ms
[2020-08-08T11:32:38.679+0300][245.934s][info][gc] GC(1462) Pause Young (Allocation Failure) 270M->270M(455M) 303.794ms
[2020-08-08T11:32:38.797+0300][246.052s][info][gc] GC(1463) Pause Young (Allocation Failure) 327M->327M(455M) 107.804ms
[2020-08-08T11:32:38.920+0300][246.175s][info][gc] GC(1464) Pause Full (Ergonomics) 327M->59M(455M) 122.900ms
[2020-08-08T11:32:39.109+0300][246.364s][info][gc] GC(1465) Pause Young (Allocation Failure) 117M->117M(455M) 178.119ms
[2020-08-08T11:32:39.300+0300][246.555s][info][gc] GC(1466) Pause Young (Allocation Failure) 174M->175M(455M) 182.086ms
[2020-08-08T11:32:39.394+0300][246.649s][info][gc] GC(1467) Pause Young (Allocation Failure) 232M->232M(455M) 84.216ms
[2020-08-08T11:32:39.651+0300][246.906s][info][gc] GC(1468) Pause Young (Allocation Failure) 290M->290M(455M) 248.837ms
[2020-08-08T11:32:39.738+0300][246.993s][info][gc] GC(1469) Pause Young (Allocation Failure) 347M->347M(455M) 76.245ms
[2020-08-08T11:32:39.921+0300][247.176s][info][gc] GC(1470) Pause Full (Ergonomics) 347M->79M(455M) 182.673ms
[2020-08-08T11:32:40.119+0300][247.374s][info][gc] GC(1471) Pause Young (Allocation Failure) 136M->136M(455M) 187.780ms
[2020-08-08T11:32:40.267+0300][247.522s][info][gc] GC(1472) Pause Young (Allocation Failure) 193M->193M(455M) 136.701ms
[2020-08-08T11:32:40.368+0300][247.623s][info][gc] GC(1473) Pause Young (Allocation Failure) 251M->251M(455M) 92.099ms
[2020-08-08T11:32:40.570+0300][247.825s][info][gc] GC(1474) Pause Young (Allocation Failure) 308M->309M(455M) 191.735ms
[2020-08-08T11:32:40.636+0300][247.891s][info][gc] GC(1475) Pause Full (Ergonomics) 309M->41M(455M) 66.750ms
[2020-08-08T11:32:40.839+0300][248.094s][info][gc] GC(1476) Pause Young (Allocation Failure) 98M->98M(455M) 191.772ms
[2020-08-08T11:32:41.149+0300][248.404s][info][gc] GC(1477) Pause Young (Allocation Failure) 156M->156M(455M) 300.493ms
[2020-08-08T11:32:41.238+0300][248.493s][info][gc] GC(1478) Pause Young (Allocation Failure) 213M->213M(455M) 77.555ms
[2020-08-08T11:32:41.548+0300][248.803s][info][gc] GC(1479) Pause Young (Allocation Failure) 270M->270M(455M) 300.687ms
[2020-08-08T11:32:41.659+0300][248.914s][info][gc] GC(1480) Pause Young (Allocation Failure) 327M->327M(455M) 101.996ms
[2020-08-08T11:32:41.783+0300][249.038s][info][gc] GC(1481) Pause Full (Ergonomics) 327M->59M(455M) 123.097ms
[2020-08-08T11:32:41.957+0300][249.212s][info][gc] GC(1482) Pause Young (Allocation Failure) 117M->117M(455M) 163.171ms
[2020-08-08T11:32:42.159+0300][249.414s][info][gc] GC(1483) Pause Young (Allocation Failure) 174M->175M(455M) 193.476ms
[2020-08-08T11:32:42.257+0300][249.512s][info][gc] GC(1484) Pause Young (Allocation Failure) 232M->232M(455M) 86.210ms
[2020-08-08T11:32:42.469+0300][249.724s][info][gc] GC(1485) Pause Young (Allocation Failure) 290M->290M(455M) 201.737ms
[2020-08-08T11:32:42.553+0300][249.808s][info][gc] GC(1486) Pause Young (Allocation Failure) 347M->347M(455M) 74.108ms
[2020-08-08T11:32:42.732+0300][249.987s][info][gc] GC(1487) Pause Full (Ergonomics) 347M->79M(455M) 179.554ms
[2020-08-08T11:32:42.928+0300][250.183s][info][gc] GC(1488) Pause Young (Allocation Failure) 136M->136M(455M) 183.374ms
[2020-08-08T11:32:43.063+0300][250.318s][info][gc] GC(1489) Pause Young (Allocation Failure) 193M->193M(455M) 124.881ms
[2020-08-08T11:32:43.167+0300][250.422s][info][gc] GC(1490) Pause Young (Allocation Failure) 251M->251M(455M) 93.138ms
[2020-08-08T11:32:43.372+0300][250.627s][info][gc] GC(1491) Pause Young (Allocation Failure) 308M->309M(455M) 192.106ms
[2020-08-08T11:32:43.444+0300][250.699s][info][gc] GC(1492) Pause Full (Ergonomics) 309M->41M(455M) 71.826ms
[2020-08-08T11:32:43.648+0300][250.903s][info][gc] GC(1493) Pause Young (Allocation Failure) 98M->98M(455M) 194.910ms
[2020-08-08T11:32:43.952+0300][251.207s][info][gc] GC(1494) Pause Young (Allocation Failure) 156M->156M(455M) 291.868ms
[2020-08-08T11:32:44.047+0300][251.302s][info][gc] GC(1495) Pause Young (Allocation Failure) 213M->213M(455M) 84.751ms
[2020-08-08T11:32:44.381+0300][251.636s][info][gc] GC(1496) Pause Young (Allocation Failure) 270M->270M(455M) 324.163ms
[2020-08-08T11:32:44.492+0300][251.747s][info][gc] GC(1497) Pause Young (Allocation Failure) 327M->327M(455M) 101.828ms
[2020-08-08T11:32:44.617+0300][251.872s][info][gc] GC(1498) Pause Full (Ergonomics) 327M->59M(455M) 124.714ms
[2020-08-08T11:32:44.756+0300][252.012s][info][gc] GC(1499) Pause Young (Allocation Failure) 117M->117M(455M) 128.911ms
[2020-08-08T11:32:44.911+0300][252.166s][info][gc] GC(1500) Pause Young (Allocation Failure) 174M->175M(455M) 145.886ms
[2020-08-08T11:32:45.007+0300][252.262s][info][gc] GC(1501) Pause Young (Allocation Failure) 232M->232M(455M) 85.900ms
[2020-08-08T11:32:45.219+0300][252.474s][info][gc] GC(1502) Pause Young (Allocation Failure) 290M->290M(455M) 203.248ms
[2020-08-08T11:32:45.306+0300][252.561s][info][gc] GC(1503) Pause Young (Allocation Failure) 347M->347M(455M) 78.036ms
[2020-08-08T11:32:45.497+0300][252.752s][info][gc] GC(1504) Pause Full (Ergonomics) 347M->80M(455M) 190.753ms
[2020-08-08T11:32:45.697+0300][252.952s][info][gc] GC(1505) Pause Young (Allocation Failure) 136M->136M(455M) 188.615ms
[2020-08-08T11:32:45.830+0300][253.085s][info][gc] GC(1506) Pause Young (Allocation Failure) 193M->193M(455M) 123.708ms
[2020-08-08T11:32:45.936+0300][253.191s][info][gc] GC(1507) Pause Young (Allocation Failure) 251M->251M(455M) 93.556ms
[2020-08-08T11:32:46.144+0300][253.399s][info][gc] GC(1508) Pause Young (Allocation Failure) 308M->309M(455M) 198.676ms
[2020-08-08T11:32:46.215+0300][253.470s][info][gc] GC(1509) Pause Full (Ergonomics) 309M->41M(455M) 70.835ms
[2020-08-08T11:32:46.412+0300][253.667s][info][gc] GC(1510) Pause Young (Allocation Failure) 98M->98M(455M) 186.867ms
[2020-08-08T11:32:46.717+0300][253.972s][info][gc] GC(1511) Pause Young (Allocation Failure) 156M->156M(455M) 295.596ms
[2020-08-08T11:32:46.808+0300][254.063s][info][gc] GC(1512) Pause Young (Allocation Failure) 213M->214M(455M) 79.074ms
[2020-08-08T11:32:47.151+0300][254.406s][info][gc] GC(1513) Pause Young (Allocation Failure) 270M->270M(455M) 331.440ms
[2020-08-08T11:32:47.263+0300][254.518s][info][gc] GC(1514) Pause Young (Allocation Failure) 327M->327M(455M) 104.413ms
[2020-08-08T11:32:47.392+0300][254.647s][info][gc] GC(1515) Pause Full (Ergonomics) 327M->59M(455M) 129.503ms
[2020-08-08T11:32:47.578+0300][254.833s][info][gc] GC(1516) Pause Young (Allocation Failure) 117M->117M(455M) 175.896ms
[2020-08-08T11:32:47.786+0300][255.041s][info][gc] GC(1517) Pause Young (Allocation Failure) 175M->175M(455M) 199.187ms
[2020-08-08T11:32:47.884+0300][255.139s][info][gc] GC(1518) Pause Young (Allocation Failure) 232M->232M(455M) 88.103ms
[2020-08-08T11:32:48.175+0300][255.430s][info][gc] GC(1519) Pause Young (Allocation Failure) 290M->290M(455M) 279.788ms
[2020-08-08T11:32:48.264+0300][255.519s][info][gc] GC(1520) Pause Young (Allocation Failure) 347M->347M(455M) 79.620ms
[2020-08-08T11:32:48.444+0300][255.700s][info][gc] GC(1521) Pause Full (Ergonomics) 347M->79M(455M) 180.196ms
[2020-08-08T11:32:48.634+0300][255.889s][info][gc] GC(1522) Pause Young (Allocation Failure) 136M->136M(455M) 179.898ms
[2020-08-08T11:32:48.799+0300][256.054s][info][gc] GC(1523) Pause Young (Allocation Failure) 193M->193M(455M) 155.656ms
[2020-08-08T11:32:48.902+0300][256.157s][info][gc] GC(1524) Pause Young (Allocation Failure) 251M->251M(455M) 93.196ms
[2020-08-08T11:32:49.077+0300][256.332s][info][gc] GC(1525) Pause Young (Allocation Failure) 308M->309M(455M) 163.708ms
[2020-08-08T11:32:49.149+0300][256.404s][info][gc] GC(1526) Pause Full (Ergonomics) 309M->41M(455M) 71.754ms
[2020-08-08T11:32:49.348+0300][256.603s][info][gc] GC(1527) Pause Young (Allocation Failure) 98M->98M(455M) 188.653ms
[2020-08-08T11:32:49.658+0300][256.913s][info][gc] GC(1528) Pause Young (Allocation Failure) 156M->156M(455M) 301.575ms
[2020-08-08T11:32:49.750+0300][257.005s][info][gc] GC(1529) Pause Young (Allocation Failure) 213M->213M(455M) 78.282ms
[2020-08-08T11:32:50.064+0300][257.319s][info][gc] GC(1530) Pause Young (Allocation Failure) 270M->270M(455M) 304.394ms
[2020-08-08T11:32:50.182+0300][257.437s][info][gc] GC(1531) Pause Young (Allocation Failure) 327M->327M(455M) 107.475ms
[2020-08-08T11:32:50.308+0300][257.563s][info][gc] GC(1532) Pause Full (Ergonomics) 327M->59M(455M) 126.052ms
[2020-08-08T11:32:50.494+0300][257.749s][info][gc] GC(1533) Pause Young (Allocation Failure) 117M->117M(455M) 175.992ms
[2020-08-08T11:32:50.702+0300][257.957s][info][gc] GC(1534) Pause Young (Allocation Failure) 174M->175M(455M) 199.655ms
[2020-08-08T11:32:50.802+0300][258.057s][info][gc] GC(1535) Pause Young (Allocation Failure) 232M->232M(455M) 88.783ms
[2020-08-08T11:32:51.013+0300][258.268s][info][gc] GC(1536) Pause Young (Allocation Failure) 290M->290M(455M) 202.204ms
[2020-08-08T11:32:51.099+0300][258.354s][info][gc] GC(1537) Pause Young (Allocation Failure) 347M->347M(455M) 74.081ms
[2020-08-08T11:32:51.287+0300][258.542s][info][gc] GC(1538) Pause Full (Ergonomics) 347M->79M(455M) 187.980ms
[2020-08-08T11:32:51.481+0300][258.736s][info][gc] GC(1539) Pause Young (Allocation Failure) 136M->136M(455M) 184.047ms
[2020-08-08T11:32:51.613+0300][258.868s][info][gc] GC(1540) Pause Young (Allocation Failure) 193M->193M(455M) 123.475ms
[2020-08-08T11:32:51.719+0300][258.974s][info][gc] GC(1541) Pause Young (Allocation Failure) 251M->251M(455M) 93.485ms
[2020-08-08T11:32:51.904+0300][259.159s][info][gc] GC(1542) Pause Young (Allocation Failure) 308M->309M(455M) 175.085ms
[2020-08-08T11:32:51.972+0300][259.227s][info][gc] GC(1543) Pause Full (Ergonomics) 309M->41M(455M) 67.649ms
[2020-08-08T11:32:52.172+0300][259.427s][info][gc] GC(1544) Pause Young (Allocation Failure) 98M->98M(455M) 190.100ms
[2020-08-08T11:32:52.473+0300][259.728s][info][gc] GC(1545) Pause Young (Allocation Failure) 156M->156M(455M) 292.072ms
[2020-08-08T11:32:52.561+0300][259.816s][info][gc] GC(1546) Pause Young (Allocation Failure) 213M->213M(455M) 78.611ms
[2020-08-08T11:32:52.859+0300][260.114s][info][gc] GC(1547) Pause Young (Allocation Failure) 270M->270M(455M) 288.442ms
[2020-08-08T11:32:52.973+0300][260.228s][info][gc] GC(1548) Pause Young (Allocation Failure) 327M->327M(455M) 104.205ms
[2020-08-08T11:32:53.098+0300][260.353s][info][gc] GC(1549) Pause Full (Ergonomics) 327M->59M(455M) 125.280ms
[2020-08-08T11:32:53.237+0300][260.492s][info][gc] GC(1550) Pause Young (Allocation Failure) 117M->117M(455M) 128.358ms
[2020-08-08T11:32:53.400+0300][260.655s][info][gc] GC(1551) Pause Young (Allocation Failure) 174M->175M(455M) 155.448ms
[2020-08-08T11:32:53.493+0300][260.748s][info][gc] GC(1552) Pause Young (Allocation Failure) 232M->232M(455M) 83.354ms
[2020-08-08T11:32:53.770+0300][261.025s][info][gc] GC(1553) Pause Young (Allocation Failure) 290M->290M(455M) 268.525ms
[2020-08-08T11:32:53.855+0300][261.110s][info][gc] GC(1554) Pause Young (Allocation Failure) 347M->347M(455M) 75.166ms
[2020-08-08T11:32:54.036+0300][261.291s][info][gc] GC(1555) Pause Full (Ergonomics) 347M->79M(455M) 181.193ms
[2020-08-08T11:32:54.238+0300][261.493s][info][gc] GC(1556) Pause Young (Allocation Failure) 136M->136M(455M) 189.867ms
[2020-08-08T11:32:54.373+0300][261.628s][info][gc] GC(1557) Pause Young (Allocation Failure) 193M->193M(455M) 124.132ms
[2020-08-08T11:32:54.475+0300][261.730s][info][gc] GC(1558) Pause Young (Allocation Failure) 251M->251M(455M) 92.308ms
[2020-08-08T11:32:54.695+0300][261.950s][info][gc] GC(1559) Pause Young (Allocation Failure) 308M->309M(455M) 212.096ms
[2020-08-08T11:32:54.765+0300][262.020s][info][gc] GC(1560) Pause Full (Ergonomics) 309M->41M(455M) 70.176ms
[2020-08-08T11:32:54.964+0300][262.219s][info][gc] GC(1561) Pause Young (Allocation Failure) 98M->98M(455M) 188.761ms
[2020-08-08T11:32:55.271+0300][262.526s][info][gc] GC(1562) Pause Young (Allocation Failure) 156M->156M(455M) 296.245ms
[2020-08-08T11:32:55.357+0300][262.612s][info][gc] GC(1563) Pause Young (Allocation Failure) 213M->213M(455M) 76.134ms
[2020-08-08T11:32:55.666+0300][262.921s][info][gc] GC(1564) Pause Young (Allocation Failure) 270M->270M(455M) 299.092ms
[2020-08-08T11:32:55.782+0300][263.037s][info][gc] GC(1565) Pause Young (Allocation Failure) 327M->327M(455M) 107.327ms
[2020-08-08T11:32:55.907+0300][263.162s][info][gc] GC(1566) Pause Full (Ergonomics) 327M->59M(455M) 124.462ms
[2020-08-08T11:32:56.072+0300][263.327s][info][gc] GC(1567) Pause Young (Allocation Failure) 117M->117M(455M) 155.297ms
[2020-08-08T11:32:56.274+0300][263.529s][info][gc] GC(1568) Pause Young (Allocation Failure) 175M->175M(455M) 193.495ms
[2020-08-08T11:32:56.369+0300][263.624s][info][gc] GC(1569) Pause Young (Allocation Failure) 232M->232M(455M) 85.572ms
[2020-08-08T11:32:56.623+0300][263.878s][info][gc] GC(1570) Pause Young (Allocation Failure) 290M->290M(455M) 244.468ms
[2020-08-08T11:32:56.708+0300][263.963s][info][gc] GC(1571) Pause Young (Allocation Failure) 347M->347M(455M) 75.338ms
[2020-08-08T11:32:56.893+0300][264.148s][info][gc] GC(1572) Pause Full (Ergonomics) 347M->79M(455M) 185.122ms
[2020-08-08T11:32:57.087+0300][264.342s][info][gc] GC(1573) Pause Young (Allocation Failure) 136M->136M(455M) 184.738ms
[2020-08-08T11:32:57.212+0300][264.467s][info][gc] GC(1574) Pause Young (Allocation Failure) 193M->193M(455M) 115.157ms
[2020-08-08T11:32:57.313+0300][264.568s][info][gc] GC(1575) Pause Young (Allocation Failure) 251M->251M(455M) 91.500ms
[2020-08-08T11:32:57.502+0300][264.757s][info][gc] GC(1576) Pause Young (Allocation Failure) 308M->309M(455M) 177.729ms
[2020-08-08T11:32:57.572+0300][264.827s][info][gc] GC(1577) Pause Full (Ergonomics) 309M->41M(455M) 70.207ms
[2020-08-08T11:32:57.773+0300][265.028s][info][gc] GC(1578) Pause Young (Allocation Failure) 98M->98M(455M) 191.532ms
[2020-08-08T11:32:58.084+0300][265.339s][info][gc] GC(1579) Pause Young (Allocation Failure) 156M->156M(455M) 302.865ms
[2020-08-08T11:32:58.174+0300][265.429s][info][gc] GC(1580) Pause Young (Allocation Failure) 213M->213M(455M) 78.800ms
[2020-08-08T11:32:58.487+0300][265.742s][info][gc] GC(1581) Pause Young (Allocation Failure) 270M->270M(455M) 303.740ms
[2020-08-08T11:32:58.604+0300][265.859s][info][gc] GC(1582) Pause Young (Allocation Failure) 327M->327M(455M) 106.008ms
[2020-08-08T11:32:58.729+0300][265.984s][info][gc] GC(1583) Pause Full (Ergonomics) 327M->59M(455M) 124.753ms
[2020-08-08T11:32:58.919+0300][266.174s][info][gc] GC(1584) Pause Young (Allocation Failure) 117M->117M(455M) 179.170ms
[2020-08-08T11:32:59.122+0300][266.377s][info][gc] GC(1585) Pause Young (Allocation Failure) 174M->175M(455M) 194.476ms
[2020-08-08T11:32:59.220+0300][266.475s][info][gc] GC(1586) Pause Young (Allocation Failure) 232M->232M(455M) 87.619ms
[2020-08-08T11:32:59.427+0300][266.682s][info][gc] GC(1587) Pause Young (Allocation Failure) 290M->290M(455M) 198.869ms
[2020-08-08T11:32:59.510+0300][266.765s][info][gc] GC(1588) Pause Young (Allocation Failure) 347M->347M(455M) 72.704ms
[2020-08-08T11:32:59.687+0300][266.942s][info][gc] GC(1589) Pause Full (Ergonomics) 347M->79M(455M) 176.854ms
[2020-08-08T11:32:59.886+0300][267.141s][info][gc] GC(1590) Pause Young (Allocation Failure) 136M->136M(455M) 188.190ms
[2020-08-08T11:33:00.027+0300][267.282s][info][gc] GC(1591) Pause Young (Allocation Failure) 193M->193M(455M) 132.932ms
[2020-08-08T11:33:00.131+0300][267.386s][info][gc] GC(1592) Pause Young (Allocation Failure) 251M->251M(455M) 92.761ms
[2020-08-08T11:33:00.332+0300][267.587s][info][gc] GC(1593) Pause Young (Allocation Failure) 308M->309M(455M) 188.692ms
[2020-08-08T11:33:00.403+0300][267.658s][info][gc] GC(1594) Pause Full (Ergonomics) 309M->41M(455M) 70.967ms
[2020-08-08T11:33:00.607+0300][267.862s][info][gc] GC(1595) Pause Young (Allocation Failure) 98M->98M(455M) 192.782ms
[2020-08-08T11:33:00.916+0300][268.171s][info][gc] GC(1596) Pause Young (Allocation Failure) 156M->156M(455M) 301.081ms
[2020-08-08T11:33:01.001+0300][268.256s][info][gc] GC(1597) Pause Young (Allocation Failure) 213M->213M(455M) 74.879ms
[2020-08-08T11:33:01.340+0300][268.595s][info][gc] GC(1598) Pause Young (Allocation Failure) 270M->270M(455M) 328.249ms
[2020-08-08T11:33:01.455+0300][268.710s][info][gc] GC(1599) Pause Young (Allocation Failure) 327M->327M(455M) 103.772ms
[2020-08-08T11:33:01.583+0300][268.838s][info][gc] GC(1600) Pause Full (Ergonomics) 327M->59M(455M) 128.170ms
[2020-08-08T11:33:01.718+0300][268.973s][info][gc] GC(1601) Pause Young (Allocation Failure) 117M->117M(455M) 123.035ms
[2020-08-08T11:33:01.881+0300][269.136s][info][gc] GC(1602) Pause Young (Allocation Failure) 174M->175M(455M) 155.553ms
[2020-08-08T11:33:01.977+0300][269.232s][info][gc] GC(1603) Pause Young (Allocation Failure) 232M->232M(455M) 85.682ms
[2020-08-08T11:33:02.186+0300][269.441s][info][gc] GC(1604) Pause Young (Allocation Failure) 290M->290M(455M) 199.789ms
[2020-08-08T11:33:02.272+0300][269.527s][info][gc] GC(1605) Pause Young (Allocation Failure) 347M->347M(455M) 77.351ms
[2020-08-08T11:33:02.454+0300][269.709s][info][gc] GC(1606) Pause Full (Ergonomics) 347M->79M(455M) 181.338ms
[2020-08-08T11:33:02.654+0300][269.909s][info][gc] GC(1607) Pause Young (Allocation Failure) 136M->136M(455M) 187.054ms
[2020-08-08T11:33:02.787+0300][270.043s][info][gc] GC(1608) Pause Young (Allocation Failure) 193M->193M(455M) 125.463ms
[2020-08-08T11:33:02.890+0300][270.145s][info][gc] GC(1609) Pause Young (Allocation Failure) 251M->251M(455M) 93.196ms
[2020-08-08T11:33:03.092+0300][270.347s][info][gc] GC(1610) Pause Young (Allocation Failure) 308M->309M(455M) 193.787ms
[2020-08-08T11:33:03.166+0300][270.421s][info][gc] GC(1611) Pause Full (Ergonomics) 309M->41M(455M) 73.795ms
[2020-08-08T11:33:03.367+0300][270.622s][info][gc] GC(1612) Pause Young (Allocation Failure) 98M->98M(455M) 190.982ms
[2020-08-08T11:33:03.667+0300][270.922s][info][gc] GC(1613) Pause Young (Allocation Failure) 156M->156M(455M) 288.726ms
[2020-08-08T11:33:03.759+0300][271.014s][info][gc] GC(1614) Pause Young (Allocation Failure) 214M->214M(455M) 78.971ms
[2020-08-08T11:33:04.068+0300][271.323s][info][gc] GC(1615) Pause Young (Allocation Failure) 270M->270M(455M) 299.712ms
[2020-08-08T11:33:04.184+0300][271.439s][info][gc] GC(1616) Pause Young (Allocation Failure) 327M->327M(455M) 107.259ms
[2020-08-08T11:33:04.317+0300][271.573s][info][gc] GC(1617) Pause Full (Ergonomics) 327M->59M(455M) 133.307ms
[2020-08-08T11:33:04.487+0300][271.742s][info][gc] GC(1618) Pause Young (Allocation Failure) 117M->117M(455M) 159.270ms
[2020-08-08T11:33:04.677+0300][271.932s][info][gc] GC(1619) Pause Young (Allocation Failure) 175M->175M(455M) 176.647ms
[2020-08-08T11:33:04.777+0300][272.032s][info][gc] GC(1620) Pause Young (Allocation Failure) 232M->232M(455M) 87.261ms
[2020-08-08T11:33:04.986+0300][272.241s][info][gc] GC(1621) Pause Young (Allocation Failure) 290M->290M(455M) 199.788ms
[2020-08-08T11:33:05.071+0300][272.326s][info][gc] GC(1622) Pause Young (Allocation Failure) 347M->347M(455M) 75.502ms
[2020-08-08T11:33:05.258+0300][272.514s][info][gc] GC(1623) Pause Full (Ergonomics) 347M->80M(455M) 187.542ms
[2020-08-08T11:33:05.456+0300][272.711s][info][gc] GC(1624) Pause Young (Allocation Failure) 136M->136M(455M) 186.336ms
[2020-08-08T11:33:05.590+0300][272.845s][info][gc] GC(1625) Pause Young (Allocation Failure) 193M->193M(455M) 122.469ms
[2020-08-08T11:33:05.697+0300][272.952s][info][gc] GC(1626) Pause Young (Allocation Failure) 251M->251M(455M) 97.590ms
[2020-08-08T11:33:05.914+0300][273.169s][info][gc] GC(1627) Pause Young (Allocation Failure) 308M->309M(455M) 204.402ms
[2020-08-08T11:33:05.983+0300][273.238s][info][gc] GC(1628) Pause Full (Ergonomics) 309M->41M(455M) 69.718ms
[2020-08-08T11:33:06.169+0300][273.424s][info][gc] GC(1629) Pause Young (Allocation Failure) 99M->99M(455M) 175.101ms
[2020-08-08T11:33:06.433+0300][273.688s][info][gc] GC(1630) Pause Young (Allocation Failure) 156M->156M(455M) 257.069ms
[2020-08-08T11:33:06.520+0300][273.775s][info][gc] GC(1631) Pause Young (Allocation Failure) 214M->214M(455M) 76.008ms
[2020-08-08T11:33:06.815+0300][274.070s][info][gc] GC(1632) Pause Young (Allocation Failure) 270M->270M(455M) 281.741ms
[2020-08-08T11:33:06.933+0300][274.188s][info][gc] GC(1633) Pause Young (Allocation Failure) 328M->328M(455M) 108.886ms
[2020-08-08T11:33:07.058+0300][274.313s][info][gc] GC(1634) Pause Full (Ergonomics) 328M->59M(455M) 125.167ms
[2020-08-08T11:33:07.238+0300][274.493s][info][gc] GC(1635) Pause Young (Allocation Failure) 117M->117M(455M) 168.892ms
[2020-08-08T11:33:07.423+0300][274.678s][info][gc] GC(1636) Pause Young (Allocation Failure) 175M->175M(455M) 178.030ms
[2020-08-08T11:33:07.518+0300][274.773s][info][gc] GC(1637) Pause Young (Allocation Failure) 232M->232M(455M) 84.533ms
[2020-08-08T11:33:07.816+0300][275.071s][info][gc] GC(1638) Pause Young (Allocation Failure) 290M->290M(455M) 288.760ms
[2020-08-08T11:33:07.907+0300][275.162s][info][gc] GC(1639) Pause Young (Allocation Failure) 348M->347M(455M) 77.007ms
[2020-08-08T11:33:08.105+0300][275.360s][info][gc] GC(1640) Pause Full (Ergonomics) 347M->80M(455M) 198.111ms
[2020-08-08T11:33:08.301+0300][275.556s][info][gc] GC(1641) Pause Young (Allocation Failure) 136M->136M(455M) 186.193ms
[2020-08-08T11:33:08.428+0300][275.683s][info][gc] GC(1642) Pause Young (Allocation Failure) 193M->193M(455M) 118.789ms
[2020-08-08T11:33:08.533+0300][275.788s][info][gc] GC(1643) Pause Young (Allocation Failure) 251M->251M(455M) 94.156ms
[2020-08-08T11:33:08.720+0300][275.975s][info][gc] GC(1644) Pause Young (Allocation Failure) 308M->309M(455M) 178.316ms
[2020-08-08T11:33:08.794+0300][276.049s][info][gc] GC(1645) Pause Full (Ergonomics) 309M->41M(455M) 73.927ms
[2020-08-08T11:33:08.983+0300][276.238s][info][gc] GC(1646) Pause Young (Allocation Failure) 99M->99M(455M) 171.892ms
[2020-08-08T11:33:09.255+0300][276.510s][info][gc] GC(1647) Pause Young (Allocation Failure) 156M->156M(455M) 260.740ms
[2020-08-08T11:33:09.344+0300][276.599s][info][gc] GC(1648) Pause Young (Allocation Failure) 214M->214M(455M) 75.435ms
[2020-08-08T11:33:09.646+0300][276.901s][info][gc] GC(1649) Pause Young (Allocation Failure) 270M->270M(455M) 290.935ms
[2020-08-08T11:33:09.761+0300][277.016s][info][gc] GC(1650) Pause Young (Allocation Failure) 328M->328M(455M) 103.372ms
[2020-08-08T11:33:09.897+0300][277.152s][info][gc] GC(1651) Pause Full (Ergonomics) 328M->59M(455M) 135.496ms
[2020-08-08T11:33:10.080+0300][277.335s][info][gc] GC(1652) Pause Young (Allocation Failure) 117M->117M(455M) 170.903ms
[2020-08-08T11:33:10.282+0300][277.537s][info][gc] GC(1653) Pause Young (Allocation Failure) 174M->175M(455M) 193.699ms
[2020-08-08T11:33:10.383+0300][277.638s][info][gc] GC(1654) Pause Young (Allocation Failure) 232M->232M(455M) 90.136ms
[2020-08-08T11:33:10.594+0300][277.849s][info][gc] GC(1655) Pause Young (Allocation Failure) 290M->290M(455M) 200.886ms
[2020-08-08T11:33:10.686+0300][277.941s][info][gc] GC(1656) Pause Young (Allocation Failure) 347M->347M(455M) 77.651ms
[2020-08-08T11:33:10.872+0300][278.127s][info][gc] GC(1657) Pause Full (Ergonomics) 347M->80M(455M) 186.417ms
[2020-08-08T11:33:11.069+0300][278.324s][info][gc] GC(1658) Pause Young (Allocation Failure) 136M->136M(455M) 184.594ms
[2020-08-08T11:33:11.201+0300][278.456s][info][gc] GC(1659) Pause Young (Allocation Failure) 193M->193M(455M) 122.366ms
[2020-08-08T11:33:11.306+0300][278.561s][info][gc] GC(1660) Pause Young (Allocation Failure) 251M->251M(455M) 95.001ms
[2020-08-08T11:33:11.495+0300][278.750s][info][gc] GC(1661) Pause Young (Allocation Failure) 308M->309M(455M) 178.813ms
[2020-08-08T11:33:11.566+0300][278.821s][info][gc] GC(1662) Pause Full (Ergonomics) 309M->41M(455M) 70.996ms
[2020-08-08T11:33:11.738+0300][278.994s][info][gc] GC(1663) Pause Young (Allocation Failure) 99M->99M(455M) 161.063ms
[2020-08-08T11:33:12.013+0300][279.268s][info][gc] GC(1664) Pause Young (Allocation Failure) 156M->157M(455M) 266.070ms
[2020-08-08T11:33:12.106+0300][279.361s][info][gc] GC(1665) Pause Young (Allocation Failure) 214M->214M(455M) 78.497ms
[2020-08-08T11:33:12.455+0300][279.710s][info][gc] GC(1666) Pause Young (Allocation Failure) 270M->270M(455M) 337.723ms
[2020-08-08T11:33:12.582+0300][279.837s][info][gc] GC(1667) Pause Young (Allocation Failure) 328M->328M(455M) 116.509ms
[2020-08-08T11:33:12.709+0300][279.964s][info][gc] GC(1668) Pause Full (Ergonomics) 328M->59M(455M) 127.133ms
[2020-08-08T11:33:12.895+0300][280.150s][info][gc] GC(1669) Pause Young (Allocation Failure) 117M->117M(455M) 175.146ms
[2020-08-08T11:33:13.096+0300][280.352s][info][gc] GC(1670) Pause Young (Allocation Failure) 175M->175M(455M) 193.456ms
[2020-08-08T11:33:13.198+0300][280.453s][info][gc] GC(1671) Pause Young (Allocation Failure) 232M->232M(455M) 88.188ms
[2020-08-08T11:33:13.456+0300][280.711s][info][gc] GC(1672) Pause Young (Allocation Failure) 290M->290M(455M) 248.734ms
[2020-08-08T11:33:13.542+0300][280.797s][info][gc] GC(1673) Pause Young (Allocation Failure) 347M->347M(455M) 75.758ms
[2020-08-08T11:33:13.743+0300][280.998s][info][gc] GC(1674) Pause Full (Ergonomics) 347M->80M(455M) 201.266ms
[2020-08-08T11:33:13.949+0300][281.204s][info][gc] GC(1675) Pause Young (Allocation Failure) 136M->136M(455M) 195.394ms
[2020-08-08T11:33:14.066+0300][281.321s][info][gc] GC(1676) Pause Young (Allocation Failure) 193M->193M(455M) 105.265ms
[2020-08-08T11:33:14.172+0300][281.427s][info][gc] GC(1677) Pause Young (Allocation Failure) 251M->251M(455M) 95.122ms
[2020-08-08T11:33:14.364+0300][281.619s][info][gc] GC(1678) Pause Young (Allocation Failure) 308M->309M(455M) 179.600ms
[2020-08-08T11:33:14.433+0300][281.688s][info][gc] GC(1679) Pause Full (Ergonomics) 309M->41M(455M) 69.357ms
[2020-08-08T11:33:14.634+0300][281.889s][info][gc] GC(1680) Pause Young (Allocation Failure) 98M->98M(455M) 190.206ms
[2020-08-08T11:33:14.945+0300][282.200s][info][gc] GC(1681) Pause Young (Allocation Failure) 156M->156M(455M) 302.963ms
[2020-08-08T11:33:15.034+0300][282.289s][info][gc] GC(1682) Pause Young (Allocation Failure) 213M->214M(455M) 78.375ms
[2020-08-08T11:33:15.347+0300][282.602s][info][gc] GC(1683) Pause Young (Allocation Failure) 270M->270M(455M) 300.681ms
[2020-08-08T11:33:15.465+0300][282.721s][info][gc] GC(1684) Pause Young (Allocation Failure) 327M->327M(455M) 107.862ms
[2020-08-08T11:33:15.593+0300][282.848s][info][gc] GC(1685) Pause Full (Ergonomics) 327M->59M(455M) 127.483ms
[2020-08-08T11:33:15.779+0300][283.034s][info][gc] GC(1686) Pause Young (Allocation Failure) 117M->117M(455M) 175.340ms
[2020-08-08T11:33:15.985+0300][283.240s][info][gc] GC(1687) Pause Young (Allocation Failure) 174M->175M(455M) 198.773ms
[2020-08-08T11:33:16.079+0300][283.334s][info][gc] GC(1688) Pause Young (Allocation Failure) 232M->232M(455M) 84.710ms
[2020-08-08T11:33:16.287+0300][283.542s][info][gc] GC(1689) Pause Young (Allocation Failure) 290M->290M(455M) 199.436ms
[2020-08-08T11:33:16.372+0300][283.628s][info][gc] GC(1690) Pause Young (Allocation Failure) 347M->347M(455M) 74.308ms
[2020-08-08T11:33:16.555+0300][283.810s][info][gc] GC(1691) Pause Full (Ergonomics) 347M->79M(455M) 182.555ms
[2020-08-08T11:33:16.750+0300][284.005s][info][gc] GC(1692) Pause Young (Allocation Failure) 136M->136M(455M) 183.039ms
[2020-08-08T11:33:16.881+0300][284.136s][info][gc] GC(1693) Pause Young (Allocation Failure) 193M->193M(455M) 122.765ms
[2020-08-08T11:33:16.985+0300][284.240s][info][gc] GC(1694) Pause Young (Allocation Failure) 251M->251M(455M) 93.004ms
[2020-08-08T11:33:17.175+0300][284.430s][info][gc] GC(1695) Pause Young (Allocation Failure) 308M->309M(455M) 182.177ms
[2020-08-08T11:33:17.249+0300][284.504s][info][gc] GC(1696) Pause Full (Ergonomics) 309M->41M(455M) 73.700ms
[2020-08-08T11:33:17.451+0300][284.706s][info][gc] GC(1697) Pause Young (Allocation Failure) 98M->98M(455M) 191.998ms
[2020-08-08T11:33:17.755+0300][285.010s][info][gc] GC(1698) Pause Young (Allocation Failure) 156M->156M(455M) 293.745ms
[2020-08-08T11:33:17.846+0300][285.101s][info][gc] GC(1699) Pause Young (Allocation Failure) 213M->214M(455M) 78.458ms
[2020-08-08T11:33:18.210+0300][285.465s][info][gc] GC(1700) Pause Young (Allocation Failure) 270M->270M(455M) 354.054ms
[2020-08-08T11:33:18.344+0300][285.599s][info][gc] GC(1701) Pause Young (Allocation Failure) 327M->327M(455M) 125.553ms
[2020-08-08T11:33:18.471+0300][285.726s][info][gc] GC(1702) Pause Full (Ergonomics) 327M->59M(455M) 127.171ms
[2020-08-08T11:33:18.642+0300][285.897s][info][gc] GC(1703) Pause Young (Allocation Failure) 117M->117M(455M) 157.373ms
[2020-08-08T11:33:18.847+0300][286.102s][info][gc] GC(1704) Pause Young (Allocation Failure) 174M->175M(455M) 197.857ms
[2020-08-08T11:33:18.942+0300][286.197s][info][gc] GC(1705) Pause Young (Allocation Failure) 232M->232M(455M) 84.985ms
[2020-08-08T11:33:19.151+0300][286.406s][info][gc] GC(1706) Pause Young (Allocation Failure) 290M->290M(455M) 200.531ms
[2020-08-08T11:33:19.234+0300][286.489s][info][gc] GC(1707) Pause Young (Allocation Failure) 347M->347M(455M) 73.071ms
[2020-08-08T11:33:19.417+0300][286.672s][info][gc] GC(1708) Pause Full (Ergonomics) 347M->80M(455M) 183.293ms
[2020-08-08T11:33:19.618+0300][286.873s][info][gc] GC(1709) Pause Young (Allocation Failure) 136M->136M(455M) 190.192ms
[2020-08-08T11:33:19.740+0300][286.995s][info][gc] GC(1710) Pause Young (Allocation Failure) 193M->193M(455M) 111.962ms
[2020-08-08T11:33:19.843+0300][287.098s][info][gc] GC(1711) Pause Young (Allocation Failure) 251M->251M(455M) 94.178ms
[2020-08-08T11:33:20.072+0300][287.327s][info][gc] GC(1712) Pause Young (Allocation Failure) 308M->309M(455M) 219.056ms
[2020-08-08T11:33:20.144+0300][287.399s][info][gc] GC(1713) Pause Full (Ergonomics) 309M->41M(455M) 72.491ms
[2020-08-08T11:33:20.340+0300][287.595s][info][gc] GC(1714) Pause Young (Allocation Failure) 98M->98M(455M) 186.474ms
[2020-08-08T11:33:20.643+0300][287.898s][info][gc] GC(1715) Pause Young (Allocation Failure) 156M->156M(455M) 295.016ms
[2020-08-08T11:33:20.736+0300][287.991s][info][gc] GC(1716) Pause Young (Allocation Failure) 213M->213M(455M) 78.583ms
[2020-08-08T11:33:21.104+0300][288.359s][info][gc] GC(1717) Pause Young (Allocation Failure) 270M->270M(455M) 358.562ms
[2020-08-08T11:33:21.246+0300][288.501s][info][gc] GC(1718) Pause Young (Allocation Failure) 327M->327M(455M) 133.544ms
[2020-08-08T11:33:21.373+0300][288.628s][info][gc] GC(1719) Pause Full (Ergonomics) 327M->59M(455M) 126.266ms
[2020-08-08T11:33:21.545+0300][288.800s][info][gc] GC(1720) Pause Young (Allocation Failure) 117M->117M(455M) 162.558ms
[2020-08-08T11:33:21.728+0300][288.983s][info][gc] GC(1721) Pause Young (Allocation Failure) 175M->175M(455M) 174.729ms
[2020-08-08T11:33:21.826+0300][289.081s][info][gc] GC(1722) Pause Young (Allocation Failure) 232M->232M(455M) 85.971ms
[2020-08-08T11:33:22.087+0300][289.342s][info][gc] GC(1723) Pause Young (Allocation Failure) 290M->290M(455M) 253.251ms
[2020-08-08T11:33:22.171+0300][289.426s][info][gc] GC(1724) Pause Young (Allocation Failure) 347M->347M(455M) 74.050ms
[2020-08-08T11:33:22.356+0300][289.611s][info][gc] GC(1725) Pause Full (Ergonomics) 347M->80M(455M) 184.875ms
[2020-08-08T11:33:22.548+0300][289.803s][info][gc] GC(1726) Pause Young (Allocation Failure) 136M->136M(455M) 181.153ms
[2020-08-08T11:33:22.673+0300][289.928s][info][gc] GC(1727) Pause Young (Allocation Failure) 193M->193M(455M) 116.737ms
[2020-08-08T11:33:22.779+0300][290.034s][info][gc] GC(1728) Pause Young (Allocation Failure) 251M->251M(455M) 95.018ms
[2020-08-08T11:33:22.967+0300][290.222s][info][gc] GC(1729) Pause Young (Allocation Failure) 308M->309M(455M) 176.436ms
[2020-08-08T11:33:23.041+0300][290.296s][info][gc] GC(1730) Pause Full (Ergonomics) 309M->41M(455M) 73.766ms
[2020-08-08T11:33:23.240+0300][290.495s][info][gc] GC(1731) Pause Young (Allocation Failure) 98M->98M(455M) 188.641ms
[2020-08-08T11:33:23.549+0300][290.804s][info][gc] GC(1732) Pause Young (Allocation Failure) 156M->156M(455M) 300.909ms
[2020-08-08T11:33:23.638+0300][290.893s][info][gc] GC(1733) Pause Young (Allocation Failure) 213M->214M(455M) 78.032ms
[2020-08-08T11:33:23.949+0300][291.204s][info][gc] GC(1734) Pause Young (Allocation Failure) 270M->270M(455M) 301.759ms
[2020-08-08T11:33:24.064+0300][291.319s][info][gc] GC(1735) Pause Young (Allocation Failure) 327M->327M(455M) 105.354ms
[2020-08-08T11:33:24.188+0300][291.443s][info][gc] GC(1736) Pause Full (Ergonomics) 327M->59M(455M) 124.189ms
[2020-08-08T11:33:24.379+0300][291.634s][info][gc] GC(1737) Pause Young (Allocation Failure) 117M->117M(455M) 180.972ms
[2020-08-08T11:33:24.584+0300][291.840s][info][gc] GC(1738) Pause Young (Allocation Failure) 174M->175M(455M) 198.345ms
[2020-08-08T11:33:24.680+0300][291.935s][info][gc] GC(1739) Pause Young (Allocation Failure) 232M->232M(455M) 85.363ms
[2020-08-08T11:33:24.895+0300][292.150s][info][gc] GC(1740) Pause Young (Allocation Failure) 290M->290M(455M) 203.033ms
[2020-08-08T11:33:24.985+0300][292.240s][info][gc] GC(1741) Pause Young (Allocation Failure) 347M->347M(455M) 76.744ms
[2020-08-08T11:33:25.176+0300][292.431s][info][gc] GC(1742) Pause Full (Ergonomics) 347M->79M(455M) 191.070ms
[2020-08-08T11:33:25.369+0300][292.624s][info][gc] GC(1743) Pause Young (Allocation Failure) 136M->136M(455M) 182.393ms
[2020-08-08T11:33:25.487+0300][292.742s][info][gc] GC(1744) Pause Young (Allocation Failure) 193M->193M(455M) 110.267ms
[2020-08-08T11:33:25.590+0300][292.845s][info][gc] GC(1745) Pause Young (Allocation Failure) 251M->251M(455M) 93.557ms
[2020-08-08T11:33:25.798+0300][293.053s][info][gc] GC(1746) Pause Young (Allocation Failure) 308M->309M(455M) 200.002ms
[2020-08-08T11:33:25.868+0300][293.123s][info][gc] GC(1747) Pause Full (Ergonomics) 309M->41M(455M) 70.642ms
[2020-08-08T11:33:26.070+0300][293.325s][info][gc] GC(1748) Pause Young (Allocation Failure) 98M->98M(455M) 189.878ms
[2020-08-08T11:33:26.376+0300][293.631s][info][gc] GC(1749) Pause Young (Allocation Failure) 156M->156M(455M) 297.792ms
[2020-08-08T11:33:26.465+0300][293.720s][info][gc] GC(1750) Pause Young (Allocation Failure) 213M->214M(455M) 77.882ms
[2020-08-08T11:33:26.844+0300][294.099s][info][gc] GC(1751) Pause Young (Allocation Failure) 270M->270M(455M) 369.264ms
[2020-08-08T11:33:26.980+0300][294.235s][info][gc] GC(1752) Pause Young (Allocation Failure) 327M->327M(455M) 124.957ms
[2020-08-08T11:33:27.107+0300][294.362s][info][gc] GC(1753) Pause Full (Ergonomics) 327M->59M(455M) 126.952ms
[2020-08-08T11:33:27.298+0300][294.553s][info][gc] GC(1754) Pause Young (Allocation Failure) 117M->117M(455M) 180.905ms
[2020-08-08T11:33:27.499+0300][294.754s][info][gc] GC(1755) Pause Young (Allocation Failure) 174M->175M(455M) 193.741ms
[2020-08-08T11:33:27.594+0300][294.849s][info][gc] GC(1756) Pause Young (Allocation Failure) 232M->232M(455M) 85.080ms
[2020-08-08T11:33:27.806+0300][295.061s][info][gc] GC(1757) Pause Young (Allocation Failure) 290M->290M(455M) 203.990ms
[2020-08-08T11:33:27.893+0300][295.148s][info][gc] GC(1758) Pause Young (Allocation Failure) 347M->347M(455M) 74.499ms
[2020-08-08T11:33:28.077+0300][295.332s][info][gc] GC(1759) Pause Full (Ergonomics) 347M->79M(455M) 183.546ms
[2020-08-08T11:33:28.276+0300][295.531s][info][gc] GC(1760) Pause Young (Allocation Failure) 136M->136M(455M) 189.315ms
[2020-08-08T11:33:28.391+0300][295.646s][info][gc] GC(1761) Pause Young (Allocation Failure) 193M->193M(455M) 107.793ms
[2020-08-08T11:33:28.492+0300][295.747s][info][gc] GC(1762) Pause Young (Allocation Failure) 251M->251M(455M) 92.263ms
[2020-08-08T11:33:28.692+0300][295.948s][info][gc] GC(1763) Pause Young (Allocation Failure) 308M->309M(455M) 191.114ms
[2020-08-08T11:33:28.763+0300][296.018s][info][gc] GC(1764) Pause Full (Ergonomics) 309M->41M(455M) 70.660ms
[2020-08-08T11:33:28.949+0300][296.204s][info][gc] GC(1765) Pause Young (Allocation Failure) 99M->99M(455M) 175.094ms
[2020-08-08T11:33:29.233+0300][296.488s][info][gc] GC(1766) Pause Young (Allocation Failure) 156M->156M(455M) 275.348ms
[2020-08-08T11:33:29.318+0300][296.573s][info][gc] GC(1767) Pause Young (Allocation Failure) 214M->214M(455M) 74.746ms
[2020-08-08T11:33:29.629+0300][296.884s][info][gc] GC(1768) Pause Young (Allocation Failure) 270M->270M(455M) 301.566ms
[2020-08-08T11:33:29.739+0300][296.994s][info][gc] GC(1769) Pause Young (Allocation Failure) 328M->328M(455M) 100.991ms
[2020-08-08T11:33:29.869+0300][297.124s][info][gc] GC(1770) Pause Full (Ergonomics) 328M->59M(455M) 129.927ms
[2020-08-08T11:33:30.036+0300][297.291s][info][gc] GC(1771) Pause Young (Allocation Failure) 117M->117M(455M) 157.341ms
[2020-08-08T11:33:30.241+0300][297.496s][info][gc] GC(1772) Pause Young (Allocation Failure) 175M->175M(455M) 195.058ms
[2020-08-08T11:33:30.335+0300][297.590s][info][gc] GC(1773) Pause Young (Allocation Failure) 232M->232M(455M) 84.305ms
[2020-08-08T11:33:30.612+0300][297.867s][info][gc] GC(1774) Pause Young (Allocation Failure) 290M->290M(455M) 268.786ms
[2020-08-08T11:33:30.704+0300][297.959s][info][gc] GC(1775) Pause Young (Allocation Failure) 347M->347M(455M) 79.894ms
[2020-08-08T11:33:30.885+0300][298.140s][info][gc] GC(1776) Pause Full (Ergonomics) 347M->80M(455M) 180.787ms
[2020-08-08T11:33:31.080+0300][298.335s][info][gc] GC(1777) Pause Young (Allocation Failure) 136M->136M(455M) 183.765ms
[2020-08-08T11:33:31.203+0300][298.458s][info][gc] GC(1778) Pause Young (Allocation Failure) 193M->193M(455M) 113.428ms
[2020-08-08T11:33:31.307+0300][298.562s][info][gc] GC(1779) Pause Young (Allocation Failure) 251M->251M(455M) 93.349ms
[2020-08-08T11:33:31.537+0300][298.792s][info][gc] GC(1780) Pause Young (Allocation Failure) 308M->309M(455M) 221.495ms
[2020-08-08T11:33:31.604+0300][298.859s][info][gc] GC(1781) Pause Full (Ergonomics) 309M->41M(455M) 67.439ms
[2020-08-08T11:33:31.775+0300][299.030s][info][gc] GC(1782) Pause Young (Allocation Failure) 99M->99M(455M) 160.588ms
[2020-08-08T11:33:32.046+0300][299.301s][info][gc] GC(1783) Pause Young (Allocation Failure) 156M->156M(455M) 264.537ms
[2020-08-08T11:33:32.133+0300][299.388s][info][gc] GC(1784) Pause Young (Allocation Failure) 214M->214M(455M) 75.386ms
[2020-08-08T11:33:32.419+0300][299.674s][info][gc] GC(1785) Pause Young (Allocation Failure) 270M->270M(455M) 274.162ms
[2020-08-08T11:33:32.533+0300][299.788s][info][gc] GC(1786) Pause Young (Allocation Failure) 328M->328M(455M) 105.734ms
[2020-08-08T11:33:32.660+0300][299.915s][info][gc] GC(1787) Pause Full (Ergonomics) 328M->59M(455M) 126.474ms
[2020-08-08T11:33:32.834+0300][300.089s][info][gc] GC(1788) Pause Young (Allocation Failure) 117M->117M(455M) 164.143ms
[2020-08-08T11:33:33.033+0300][300.288s][info][gc] GC(1789) Pause Young (Allocation Failure) 175M->175M(455M) 190.693ms
[2020-08-08T11:33:33.127+0300][300.382s][info][gc] GC(1790) Pause Young (Allocation Failure) 232M->232M(455M) 84.541ms
[2020-08-08T11:33:33.392+0300][300.647s][info][gc] GC(1791) Pause Young (Allocation Failure) 290M->290M(455M) 254.727ms
[2020-08-08T11:33:33.479+0300][300.734s][info][gc] GC(1792) Pause Young (Allocation Failure) 347M->347M(455M) 77.628ms
[2020-08-08T11:33:33.663+0300][300.918s][info][gc] GC(1793) Pause Full (Ergonomics) 347M->80M(455M) 183.868ms
[2020-08-08T11:33:33.865+0300][301.120s][info][gc] GC(1794) Pause Young (Allocation Failure) 136M->136M(455M) 191.703ms
[2020-08-08T11:33:33.982+0300][301.237s][info][gc] GC(1795) Pause Young (Allocation Failure) 193M->193M(455M) 109.323ms
[2020-08-08T11:33:34.085+0300][301.340s][info][gc] GC(1796) Pause Young (Allocation Failure) 251M->251M(455M) 93.498ms
[2020-08-08T11:33:34.294+0300][301.549s][info][gc] GC(1797) Pause Young (Allocation Failure) 308M->309M(455M) 198.494ms
[2020-08-08T11:33:34.367+0300][301.622s][info][gc] GC(1798) Pause Full (Ergonomics) 309M->41M(455M) 73.607ms
[2020-08-08T11:33:34.563+0300][301.818s][info][gc] GC(1799) Pause Young (Allocation Failure) 98M->98M(455M) 183.321ms
[2020-08-08T11:33:34.867+0300][302.122s][info][gc] GC(1800) Pause Young (Allocation Failure) 156M->156M(455M) 295.972ms
[2020-08-08T11:33:34.953+0300][302.208s][info][gc] GC(1801) Pause Young (Allocation Failure) 213M->214M(455M) 75.906ms
[2020-08-08T11:33:35.265+0300][302.520s][info][gc] GC(1802) Pause Young (Allocation Failure) 270M->270M(455M) 302.102ms
[2020-08-08T11:33:35.377+0300][302.632s][info][gc] GC(1803) Pause Young (Allocation Failure) 327M->327M(455M) 100.663ms
[2020-08-08T11:33:35.502+0300][302.757s][info][gc] GC(1804) Pause Full (Ergonomics) 327M->59M(455M) 124.796ms
[2020-08-08T11:33:35.685+0300][302.940s][info][gc] GC(1805) Pause Young (Allocation Failure) 117M->117M(455M) 173.776ms
[2020-08-08T11:33:35.885+0300][303.140s][info][gc] GC(1806) Pause Young (Allocation Failure) 174M->175M(455M) 191.248ms
[2020-08-08T11:33:35.980+0300][303.235s][info][gc] GC(1807) Pause Young (Allocation Failure) 232M->232M(455M) 84.752ms
[2020-08-08T11:33:36.188+0300][303.443s][info][gc] GC(1808) Pause Young (Allocation Failure) 290M->290M(455M) 199.657ms
[2020-08-08T11:33:36.271+0300][303.526s][info][gc] GC(1809) Pause Young (Allocation Failure) 347M->347M(455M) 73.254ms
[2020-08-08T11:33:36.457+0300][303.712s][info][gc] GC(1810) Pause Full (Ergonomics) 347M->80M(455M) 185.696ms
[2020-08-08T11:33:36.653+0300][303.908s][info][gc] GC(1811) Pause Young (Allocation Failure) 136M->136M(455M) 183.226ms
[2020-08-08T11:33:36.778+0300][304.033s][info][gc] GC(1812) Pause Young (Allocation Failure) 193M->193M(455M) 116.985ms
[2020-08-08T11:33:36.881+0300][304.136s][info][gc] GC(1813) Pause Young (Allocation Failure) 251M->251M(455M) 93.581ms
[2020-08-08T11:33:37.086+0300][304.341s][info][gc] GC(1814) Pause Young (Allocation Failure) 308M->309M(455M) 196.648ms
[2020-08-08T11:33:37.156+0300][304.411s][info][gc] GC(1815) Pause Full (Ergonomics) 309M->41M(455M) 69.241ms
[2020-08-08T11:33:37.341+0300][304.596s][info][gc] GC(1816) Pause Young (Allocation Failure) 99M->99M(455M) 175.923ms
[2020-08-08T11:33:37.621+0300][304.876s][info][gc] GC(1817) Pause Young (Allocation Failure) 156M->156M(455M) 270.979ms
[2020-08-08T11:33:37.708+0300][304.963s][info][gc] GC(1818) Pause Young (Allocation Failure) 214M->214M(455M) 76.581ms
[2020-08-08T11:33:38.073+0300][305.328s][info][gc] GC(1819) Pause Young (Allocation Failure) 270M->270M(455M) 354.726ms
[2020-08-08T11:33:38.202+0300][305.457s][info][gc] GC(1820) Pause Young (Allocation Failure) 328M->328M(455M) 120.932ms
[2020-08-08T11:33:38.326+0300][305.582s][info][gc] GC(1821) Pause Full (Ergonomics) 328M->59M(455M) 124.360ms
[2020-08-08T11:33:38.514+0300][305.769s][info][gc] GC(1822) Pause Young (Allocation Failure) 117M->117M(455M) 174.666ms
[2020-08-08T11:33:38.699+0300][305.955s][info][gc] GC(1823) Pause Young (Allocation Failure) 174M->175M(455M) 177.128ms
[2020-08-08T11:33:38.795+0300][306.050s][info][gc] GC(1824) Pause Young (Allocation Failure) 232M->232M(455M) 85.846ms
[2020-08-08T11:33:39.002+0300][306.258s][info][gc] GC(1825) Pause Young (Allocation Failure) 290M->290M(455M) 198.940ms
[2020-08-08T11:33:39.087+0300][306.342s][info][gc] GC(1826) Pause Young (Allocation Failure) 347M->347M(455M) 74.677ms
[2020-08-08T11:33:39.267+0300][306.522s][info][gc] GC(1827) Pause Full (Ergonomics) 347M->80M(455M) 180.345ms
[2020-08-08T11:33:39.464+0300][306.719s][info][gc] GC(1828) Pause Young (Allocation Failure) 136M->136M(455M) 186.870ms
[2020-08-08T11:33:39.590+0300][306.845s][info][gc] GC(1829) Pause Young (Allocation Failure) 193M->193M(455M) 113.569ms
[2020-08-08T11:33:39.692+0300][306.947s][info][gc] GC(1830) Pause Young (Allocation Failure) 250M->251M(455M) 92.349ms
[2020-08-08T11:33:39.893+0300][307.148s][info][gc] GC(1831) Pause Young (Allocation Failure) 308M->308M(455M) 189.361ms
[2020-08-08T11:33:39.961+0300][307.216s][info][gc] GC(1832) Pause Full (Ergonomics) 308M->41M(455M) 68.109ms
[2020-08-08T11:33:40.142+0300][307.397s][info][gc] GC(1833) Pause Young (Allocation Failure) 98M->99M(455M) 170.157ms
[2020-08-08T11:33:40.415+0300][307.670s][info][gc] GC(1834) Pause Young (Allocation Failure) 156M->156M(455M) 266.627ms
[2020-08-08T11:33:40.504+0300][307.759s][info][gc] GC(1835) Pause Young (Allocation Failure) 214M->214M(455M) 76.143ms
[2020-08-08T11:33:40.755+0300][308.010s][info][gc] GC(1836) Pause Young (Allocation Failure) 271M->270M(455M) 241.051ms
[2020-08-08T11:33:40.869+0300][308.124s][info][gc] GC(1837) Pause Young (Allocation Failure) 328M->328M(455M) 106.066ms
[2020-08-08T11:33:40.994+0300][308.249s][info][gc] GC(1838) Pause Full (Ergonomics) 328M->59M(455M) 125.097ms
[2020-08-08T11:33:41.168+0300][308.423s][info][gc] GC(1839) Pause Young (Allocation Failure) 117M->117M(455M) 164.359ms
[2020-08-08T11:33:41.355+0300][308.610s][info][gc] GC(1840) Pause Young (Allocation Failure) 175M->175M(455M) 179.120ms
[2020-08-08T11:33:41.449+0300][308.704s][info][gc] GC(1841) Pause Young (Allocation Failure) 232M->232M(455M) 83.948ms
[2020-08-08T11:33:41.758+0300][309.013s][info][gc] GC(1842) Pause Young (Allocation Failure) 290M->290M(455M) 295.496ms
[2020-08-08T11:33:41.848+0300][309.103s][info][gc] GC(1843) Pause Young (Allocation Failure) 347M->347M(455M) 78.364ms
[2020-08-08T11:33:42.038+0300][309.293s][info][gc] GC(1844) Pause Full (Ergonomics) 347M->80M(455M) 190.216ms
[2020-08-08T11:33:42.233+0300][309.488s][info][gc] GC(1845) Pause Young (Allocation Failure) 136M->136M(455M) 184.885ms
[2020-08-08T11:33:42.351+0300][309.606s][info][gc] GC(1846) Pause Young (Allocation Failure) 193M->193M(455M) 109.111ms
[2020-08-08T11:33:42.454+0300][309.709s][info][gc] GC(1847) Pause Young (Allocation Failure) 251M->251M(455M) 92.622ms
[2020-08-08T11:33:42.678+0300][309.933s][info][gc] GC(1848) Pause Young (Allocation Failure) 308M->309M(455M) 213.167ms
[2020-08-08T11:33:42.745+0300][310.000s][info][gc] GC(1849) Pause Full (Ergonomics) 309M->41M(455M) 67.471ms
[2020-08-08T11:33:42.936+0300][310.191s][info][gc] GC(1850) Pause Young (Allocation Failure) 99M->99M(455M) 180.037ms
[2020-08-08T11:33:43.206+0300][310.461s][info][gc] GC(1851) Pause Young (Allocation Failure) 156M->156M(455M) 262.628ms
[2020-08-08T11:33:43.292+0300][310.547s][info][gc] GC(1852) Pause Young (Allocation Failure) 214M->214M(455M) 76.177ms
[2020-08-08T11:33:43.602+0300][310.858s][info][gc] GC(1853) Pause Young (Allocation Failure) 270M->270M(455M) 300.354ms
[2020-08-08T11:33:43.721+0300][310.976s][info][gc] GC(1854) Pause Young (Allocation Failure) 328M->328M(455M) 107.550ms
[2020-08-08T11:33:43.851+0300][311.106s][info][gc] GC(1855) Pause Full (Ergonomics) 328M->59M(455M) 129.279ms
[2020-08-08T11:33:44.041+0300][311.296s][info][gc] GC(1856) Pause Young (Allocation Failure) 117M->117M(455M) 179.779ms
[2020-08-08T11:33:44.239+0300][311.494s][info][gc] GC(1857) Pause Young (Allocation Failure) 174M->175M(455M) 190.420ms
[2020-08-08T11:33:44.333+0300][311.588s][info][gc] GC(1858) Pause Young (Allocation Failure) 232M->232M(455M) 84.182ms
[2020-08-08T11:33:44.610+0300][311.865s][info][gc] GC(1859) Pause Young (Allocation Failure) 290M->290M(455M) 268.788ms
[2020-08-08T11:33:44.705+0300][311.960s][info][gc] GC(1860) Pause Young (Allocation Failure) 347M->347M(455M) 79.714ms
[2020-08-08T11:33:44.890+0300][312.145s][info][gc] GC(1861) Pause Full (Ergonomics) 347M->79M(455M) 184.792ms
[2020-08-08T11:33:45.083+0300][312.338s][info][gc] GC(1862) Pause Young (Allocation Failure) 136M->136M(455M) 183.114ms
[2020-08-08T11:33:45.195+0300][312.450s][info][gc] GC(1863) Pause Young (Allocation Failure) 193M->193M(455M) 104.558ms
[2020-08-08T11:33:45.298+0300][312.553s][info][gc] GC(1864) Pause Young (Allocation Failure) 251M->251M(455M) 92.239ms
[2020-08-08T11:33:45.500+0300][312.755s][info][gc] GC(1865) Pause Young (Allocation Failure) 308M->309M(455M) 194.109ms
[2020-08-08T11:33:45.571+0300][312.826s][info][gc] GC(1866) Pause Full (Ergonomics) 309M->41M(455M) 70.969ms
[2020-08-08T11:33:45.758+0300][313.013s][info][gc] GC(1867) Pause Young (Allocation Failure) 99M->99M(455M) 174.523ms
[2020-08-08T11:33:46.046+0300][313.301s][info][gc] GC(1868) Pause Young (Allocation Failure) 156M->156M(455M) 280.485ms
[2020-08-08T11:33:46.129+0300][313.384s][info][gc] GC(1869) Pause Young (Allocation Failure) 214M->214M(455M) 73.634ms
[2020-08-08T11:33:46.403+0300][313.658s][info][gc] GC(1870) Pause Young (Allocation Failure) 270M->270M(455M) 264.808ms
[2020-08-08T11:33:46.517+0300][313.772s][info][gc] GC(1871) Pause Young (Allocation Failure) 328M->328M(455M) 105.893ms
[2020-08-08T11:33:46.643+0300][313.898s][info][gc] GC(1872) Pause Full (Ergonomics) 328M->59M(455M) 125.794ms
[2020-08-08T11:33:46.812+0300][314.068s][info][gc] GC(1873) Pause Young (Allocation Failure) 117M->117M(455M) 157.405ms
[2020-08-08T11:33:46.998+0300][314.253s][info][gc] GC(1874) Pause Young (Allocation Failure) 174M->175M(455M) 178.376ms
[2020-08-08T11:33:47.093+0300][314.348s][info][gc] GC(1875) Pause Young (Allocation Failure) 232M->232M(455M) 84.958ms
[2020-08-08T11:33:47.370+0300][314.625s][info][gc] GC(1876) Pause Young (Allocation Failure) 290M->290M(455M) 268.173ms
[2020-08-08T11:33:47.455+0300][314.710s][info][gc] GC(1877) Pause Young (Allocation Failure) 347M->347M(455M) 75.131ms
[2020-08-08T11:33:47.632+0300][314.887s][info][gc] GC(1878) Pause Full (Ergonomics) 347M->80M(455M) 177.566ms
[2020-08-08T11:33:47.830+0300][315.085s][info][gc] GC(1879) Pause Young (Allocation Failure) 136M->136M(455M) 185.142ms
[2020-08-08T11:33:47.960+0300][315.215s][info][gc] GC(1880) Pause Young (Allocation Failure) 193M->193M(455M) 121.153ms
[2020-08-08T11:33:48.065+0300][315.320s][info][gc] GC(1881) Pause Young (Allocation Failure) 251M->251M(455M) 94.524ms
[2020-08-08T11:33:48.265+0300][315.520s][info][gc] GC(1882) Pause Young (Allocation Failure) 308M->309M(455M) 189.051ms
[2020-08-08T11:33:48.335+0300][315.590s][info][gc] GC(1883) Pause Full (Ergonomics) 309M->41M(455M) 69.971ms
[2020-08-08T11:33:48.524+0300][315.780s][info][gc] GC(1884) Pause Young (Allocation Failure) 99M->99M(455M) 178.767ms
[2020-08-08T11:33:48.803+0300][316.058s][info][gc] GC(1885) Pause Young (Allocation Failure) 156M->157M(455M) 271.008ms
[2020-08-08T11:33:48.893+0300][316.148s][info][gc] GC(1886) Pause Young (Allocation Failure) 214M->214M(455M) 77.657ms
[2020-08-08T11:33:49.141+0300][316.396s][info][gc] GC(1887) Pause Young (Allocation Failure) 270M->270M(455M) 238.282ms
[2020-08-08T11:33:49.249+0300][316.504s][info][gc] GC(1888) Pause Young (Allocation Failure) 328M->328M(455M) 101.261ms
[2020-08-08T11:33:49.371+0300][316.626s][info][gc] GC(1889) Pause Full (Ergonomics) 328M->59M(455M) 121.605ms
[2020-08-08T11:33:49.536+0300][316.791s][info][gc] GC(1890) Pause Young (Allocation Failure) 117M->117M(455M) 154.231ms
[2020-08-08T11:33:49.737+0300][316.992s][info][gc] GC(1891) Pause Young (Allocation Failure) 175M->175M(455M) 191.203ms
[2020-08-08T11:33:49.842+0300][317.097s][info][gc] GC(1892) Pause Young (Allocation Failure) 232M->232M(455M) 92.210ms
[2020-08-08T11:33:50.067+0300][317.322s][info][gc] GC(1893) Pause Young (Allocation Failure) 290M->290M(455M) 211.663ms
[2020-08-08T11:33:50.152+0300][317.407s][info][gc] GC(1894) Pause Young (Allocation Failure) 347M->347M(455M) 76.340ms
[2020-08-08T11:33:50.343+0300][317.598s][info][gc] GC(1895) Pause Full (Ergonomics) 347M->80M(455M) 190.403ms
[2020-08-08T11:33:50.535+0300][317.790s][info][gc] GC(1896) Pause Young (Allocation Failure) 136M->136M(455M) 181.628ms
[2020-08-08T11:33:50.665+0300][317.920s][info][gc] GC(1897) Pause Young (Allocation Failure) 193M->193M(455M) 121.454ms
[2020-08-08T11:33:50.767+0300][318.022s][info][gc] GC(1898) Pause Young (Allocation Failure) 251M->251M(455M) 92.324ms
[2020-08-08T11:33:50.981+0300][318.236s][info][gc] GC(1899) Pause Young (Allocation Failure) 308M->309M(455M) 201.809ms
[2020-08-08T11:33:51.049+0300][318.304s][info][gc] GC(1900) Pause Full (Ergonomics) 309M->41M(455M) 68.171ms
[2020-08-08T11:33:51.228+0300][318.483s][info][gc] GC(1901) Pause Young (Allocation Failure) 99M->99M(455M) 169.333ms
[2020-08-08T11:33:51.511+0300][318.766s][info][gc] GC(1902) Pause Young (Allocation Failure) 156M->156M(455M) 275.528ms
[2020-08-08T11:33:51.595+0300][318.850s][info][gc] GC(1903) Pause Young (Allocation Failure) 214M->214M(455M) 73.961ms
[2020-08-08T11:33:51.876+0300][319.131s][info][gc] GC(1904) Pause Young (Allocation Failure) 270M->270M(455M) 271.433ms
[2020-08-08T11:33:51.987+0300][319.242s][info][gc] GC(1905) Pause Young (Allocation Failure) 328M->328M(455M) 100.942ms
[2020-08-08T11:33:52.112+0300][319.367s][info][gc] GC(1906) Pause Full (Ergonomics) 328M->59M(455M) 125.621ms
[2020-08-08T11:33:52.298+0300][319.553s][info][gc] GC(1907) Pause Young (Allocation Failure) 117M->117M(455M) 175.806ms
[2020-08-08T11:33:52.493+0300][319.748s][info][gc] GC(1908) Pause Young (Allocation Failure) 174M->175M(455M) 186.882ms
[2020-08-08T11:33:52.586+0300][319.841s][info][gc] GC(1909) Pause Young (Allocation Failure) 232M->232M(455M) 83.688ms
[2020-08-08T11:33:52.795+0300][320.050s][info][gc] GC(1910) Pause Young (Allocation Failure) 290M->290M(455M) 200.401ms
[2020-08-08T11:33:52.879+0300][320.134s][info][gc] GC(1911) Pause Young (Allocation Failure) 347M->347M(455M) 73.857ms
[2020-08-08T11:33:53.063+0300][320.318s][info][gc] GC(1912) Pause Full (Ergonomics) 347M->80M(455M) 183.978ms
[2020-08-08T11:33:53.264+0300][320.519s][info][gc] GC(1913) Pause Young (Allocation Failure) 136M->136M(455M) 188.719ms
[2020-08-08T11:33:53.392+0300][320.647s][info][gc] GC(1914) Pause Young (Allocation Failure) 193M->193M(455M) 119.601ms
[2020-08-08T11:33:53.497+0300][320.752s][info][gc] GC(1915) Pause Young (Allocation Failure) 251M->251M(455M) 95.922ms
[2020-08-08T11:33:53.707+0300][320.962s][info][gc] GC(1916) Pause Young (Allocation Failure) 308M->309M(455M) 201.225ms
[2020-08-08T11:33:53.778+0300][321.033s][info][gc] GC(1917) Pause Full (Ergonomics) 309M->41M(455M) 70.738ms
[2020-08-08T11:33:53.974+0300][321.229s][info][gc] GC(1918) Pause Young (Allocation Failure) 98M->98M(455M) 185.704ms
[2020-08-08T11:33:54.292+0300][321.547s][info][gc] GC(1919) Pause Young (Allocation Failure) 156M->156M(455M) 306.362ms
[2020-08-08T11:33:54.378+0300][321.633s][info][gc] GC(1920) Pause Young (Allocation Failure) 213M->214M(455M) 76.620ms
[2020-08-08T11:33:54.692+0300][321.947s][info][gc] GC(1921) Pause Young (Allocation Failure) 270M->270M(455M) 301.511ms
[2020-08-08T11:33:54.804+0300][322.059s][info][gc] GC(1922) Pause Young (Allocation Failure) 327M->327M(455M) 103.646ms
[2020-08-08T11:33:54.929+0300][322.184s][info][gc] GC(1923) Pause Full (Ergonomics) 327M->59M(455M) 125.129ms
[2020-08-08T11:33:55.116+0300][322.371s][info][gc] GC(1924) Pause Young (Allocation Failure) 117M->117M(455M) 172.224ms
[2020-08-08T11:33:55.319+0300][322.574s][info][gc] GC(1925) Pause Young (Allocation Failure) 174M->175M(455M) 195.179ms
[2020-08-08T11:33:55.411+0300][322.666s][info][gc] GC(1926) Pause Young (Allocation Failure) 232M->232M(455M) 83.491ms
[2020-08-08T11:33:55.680+0300][322.935s][info][gc] GC(1927) Pause Young (Allocation Failure) 290M->290M(455M) 257.532ms
[2020-08-08T11:33:55.765+0300][323.020s][info][gc] GC(1928) Pause Young (Allocation Failure) 347M->347M(455M) 76.114ms
[2020-08-08T11:33:55.943+0300][323.199s][info][gc] GC(1929) Pause Full (Ergonomics) 347M->80M(455M) 178.183ms
[2020-08-08T11:33:56.132+0300][323.387s][info][gc] GC(1930) Pause Young (Allocation Failure) 136M->136M(455M) 177.193ms
[2020-08-08T11:33:56.254+0300][323.509s][info][gc] GC(1931) Pause Young (Allocation Failure) 193M->193M(455M) 113.941ms
[2020-08-08T11:33:56.355+0300][323.610s][info][gc] GC(1932) Pause Young (Allocation Failure) 251M->251M(455M) 92.363ms
[2020-08-08T11:33:56.556+0300][323.811s][info][gc] GC(1933) Pause Young (Allocation Failure) 308M->309M(455M) 191.315ms
[2020-08-08T11:33:56.631+0300][323.886s][info][gc] GC(1934) Pause Full (Ergonomics) 309M->41M(455M) 75.170ms
[2020-08-08T11:33:56.802+0300][324.057s][info][gc] GC(1935) Pause Young (Allocation Failure) 99M->99M(455M) 159.821ms
[2020-08-08T11:33:57.081+0300][324.336s][info][gc] GC(1936) Pause Young (Allocation Failure) 156M->157M(455M) 270.927ms
[2020-08-08T11:33:57.168+0300][324.423s][info][gc] GC(1937) Pause Young (Allocation Failure) 214M->214M(455M) 75.740ms
[2020-08-08T11:33:57.418+0300][324.673s][info][gc] GC(1938) Pause Young (Allocation Failure) 270M->270M(455M) 239.335ms
[2020-08-08T11:33:57.530+0300][324.785s][info][gc] GC(1939) Pause Young (Allocation Failure) 328M->328M(455M) 102.534ms
[2020-08-08T11:33:57.656+0300][324.911s][info][gc] GC(1940) Pause Full (Ergonomics) 328M->59M(455M) 126.449ms
[2020-08-08T11:33:57.827+0300][325.082s][info][gc] GC(1941) Pause Young (Allocation Failure) 117M->117M(455M) 161.123ms
[2020-08-08T11:33:58.029+0300][325.284s][info][gc] GC(1942) Pause Young (Allocation Failure) 174M->175M(455M) 195.587ms
[2020-08-08T11:33:58.128+0300][325.383s][info][gc] GC(1943) Pause Young (Allocation Failure) 232M->232M(455M) 87.569ms
[2020-08-08T11:33:58.381+0300][325.636s][info][gc] GC(1944) Pause Young (Allocation Failure) 290M->290M(455M) 242.004ms
[2020-08-08T11:33:58.465+0300][325.720s][info][gc] GC(1945) Pause Young (Allocation Failure) 347M->347M(455M) 74.311ms
[2020-08-08T11:33:58.646+0300][325.901s][info][gc] GC(1946) Pause Full (Ergonomics) 347M->80M(455M) 180.355ms
[2020-08-08T11:33:58.842+0300][326.097s][info][gc] GC(1947) Pause Young (Allocation Failure) 136M->136M(455M) 186.386ms
[2020-08-08T11:33:58.955+0300][326.211s][info][gc] GC(1948) Pause Young (Allocation Failure) 193M->193M(455M) 106.130ms
[2020-08-08T11:33:59.057+0300][326.312s][info][gc] GC(1949) Pause Young (Allocation Failure) 251M->251M(455M) 92.393ms
[2020-08-08T11:33:59.234+0300][326.489s][info][gc] GC(1950) Pause Young (Allocation Failure) 308M->309M(455M) 165.522ms
[2020-08-08T11:33:59.302+0300][326.557s][info][gc] GC(1951) Pause Full (Ergonomics) 309M->41M(455M) 68.221ms
[2020-08-08T11:33:59.494+0300][326.749s][info][gc] GC(1952) Pause Young (Allocation Failure) 99M->99M(455M) 181.282ms
[2020-08-08T11:33:59.784+0300][327.039s][info][gc] GC(1953) Pause Young (Allocation Failure) 156M->156M(455M) 283.198ms
[2020-08-08T11:33:59.872+0300][327.127s][info][gc] GC(1954) Pause Young (Allocation Failure) 214M->214M(455M) 77.990ms
[2020-08-08T11:34:00.182+0300][327.437s][info][gc] GC(1955) Pause Young (Allocation Failure) 270M->270M(455M) 298.797ms
[2020-08-08T11:34:00.293+0300][327.548s][info][gc] GC(1956) Pause Young (Allocation Failure) 328M->328M(455M) 100.187ms
[2020-08-08T11:34:00.418+0300][327.673s][info][gc] GC(1957) Pause Full (Ergonomics) 328M->59M(455M) 124.547ms
[2020-08-08T11:34:00.608+0300][327.863s][info][gc] GC(1958) Pause Young (Allocation Failure) 117M->117M(455M) 179.672ms
[2020-08-08T11:34:00.813+0300][328.068s][info][gc] GC(1959) Pause Young (Allocation Failure) 174M->175M(455M) 197.942ms
[2020-08-08T11:34:00.910+0300][328.165s][info][gc] GC(1960) Pause Young (Allocation Failure) 232M->232M(455M) 87.574ms
[2020-08-08T11:34:01.113+0300][328.368s][info][gc] GC(1961) Pause Young (Allocation Failure) 290M->290M(455M) 193.474ms
[2020-08-08T11:34:01.198+0300][328.453s][info][gc] GC(1962) Pause Young (Allocation Failure) 347M->347M(455M) 74.009ms
[2020-08-08T11:34:01.381+0300][328.637s][info][gc] GC(1963) Pause Full (Ergonomics) 347M->79M(455M) 183.764ms
[2020-08-08T11:34:01.580+0300][328.835s][info][gc] GC(1964) Pause Young (Allocation Failure) 136M->136M(455M) 185.229ms
[2020-08-08T11:34:01.713+0300][328.968s][info][gc] GC(1965) Pause Young (Allocation Failure) 193M->193M(455M) 125.025ms
[2020-08-08T11:34:01.818+0300][329.073s][info][gc] GC(1966) Pause Young (Allocation Failure) 251M->251M(455M) 95.076ms
[2020-08-08T11:34:02.028+0300][329.283s][info][gc] GC(1967) Pause Young (Allocation Failure) 308M->309M(455M) 198.691ms
[2020-08-08T11:34:02.095+0300][329.350s][info][gc] GC(1968) Pause Full (Ergonomics) 309M->41M(455M) 67.201ms
[2020-08-08T11:34:02.283+0300][329.538s][info][gc] GC(1969) Pause Young (Allocation Failure) 99M->99M(455M) 177.305ms
[2020-08-08T11:34:02.578+0300][329.833s][info][gc] GC(1970) Pause Young (Allocation Failure) 156M->156M(455M) 286.148ms
[2020-08-08T11:34:02.665+0300][329.920s][info][gc] GC(1971) Pause Young (Allocation Failure) 214M->214M(455M) 75.926ms
[2020-08-08T11:34:02.948+0300][330.203s][info][gc] GC(1972) Pause Young (Allocation Failure) 270M->270M(455M) 273.694ms
[2020-08-08T11:34:03.064+0300][330.319s][info][gc] GC(1973) Pause Young (Allocation Failure) 328M->328M(455M) 108.179ms
[2020-08-08T11:34:03.189+0300][330.444s][info][gc] GC(1974) Pause Full (Ergonomics) 328M->59M(455M) 125.022ms
[2020-08-08T11:34:03.362+0300][330.617s][info][gc] GC(1975) Pause Young (Allocation Failure) 117M->117M(455M) 163.070ms
[2020-08-08T11:34:03.551+0300][330.806s][info][gc] GC(1976) Pause Young (Allocation Failure) 175M->175M(455M) 178.761ms
[2020-08-08T11:34:03.647+0300][330.902s][info][gc] GC(1977) Pause Young (Allocation Failure) 232M->232M(455M) 84.839ms
[2020-08-08T11:34:03.932+0300][331.187s][info][gc] GC(1978) Pause Young (Allocation Failure) 290M->290M(455M) 276.863ms
[2020-08-08T11:34:04.025+0300][331.280s][info][gc] GC(1979) Pause Young (Allocation Failure) 347M->347M(455M) 82.442ms
[2020-08-08T11:34:04.201+0300][331.456s][info][gc] GC(1980) Pause Full (Ergonomics) 347M->80M(455M) 176.148ms
[2020-08-08T11:34:04.399+0300][331.654s][info][gc] GC(1981) Pause Young (Allocation Failure) 136M->136M(455M) 188.529ms
[2020-08-08T11:34:04.526+0300][331.781s][info][gc] GC(1982) Pause Young (Allocation Failure) 193M->193M(455M) 114.222ms
[2020-08-08T11:34:04.629+0300][331.884s][info][gc] GC(1983) Pause Young (Allocation Failure) 251M->251M(455M) 93.885ms
[2020-08-08T11:34:04.859+0300][332.114s][info][gc] GC(1984) Pause Young (Allocation Failure) 308M->309M(455M) 221.125ms
[2020-08-08T11:34:04.930+0300][332.185s][info][gc] GC(1985) Pause Full (Ergonomics) 309M->41M(455M) 70.756ms
[2020-08-08T11:34:05.118+0300][332.373s][info][gc] GC(1986) Pause Young (Allocation Failure) 99M->99M(455M) 177.768ms
[2020-08-08T11:34:05.408+0300][332.663s][info][gc] GC(1987) Pause Young (Allocation Failure) 156M->156M(455M) 282.197ms
[2020-08-08T11:34:05.508+0300][332.764s][info][gc] GC(1988) Pause Young (Allocation Failure) 214M->214M(455M) 87.088ms
[2020-08-08T11:34:05.792+0300][333.047s][info][gc] GC(1989) Pause Young (Allocation Failure) 270M->270M(455M) 273.258ms
[2020-08-08T11:34:05.907+0300][333.162s][info][gc] GC(1990) Pause Young (Allocation Failure) 328M->328M(455M) 105.696ms
[2020-08-08T11:34:06.030+0300][333.285s][info][gc] GC(1991) Pause Full (Ergonomics) 328M->59M(455M) 122.583ms
[2020-08-08T11:34:06.199+0300][333.454s][info][gc] GC(1992) Pause Young (Allocation Failure) 117M->117M(455M) 158.499ms
[2020-08-08T11:34:06.389+0300][333.644s][info][gc] GC(1993) Pause Young (Allocation Failure) 175M->175M(455M) 182.986ms
[2020-08-08T11:34:06.486+0300][333.741s][info][gc] GC(1994) Pause Young (Allocation Failure) 232M->232M(455M) 86.982ms
[2020-08-08T11:34:06.739+0300][333.994s][info][gc] GC(1995) Pause Young (Allocation Failure) 290M->290M(455M) 242.701ms
[2020-08-08T11:34:06.825+0300][334.080s][info][gc] GC(1996) Pause Young (Allocation Failure) 347M->347M(455M) 75.947ms
[2020-08-08T11:34:07.010+0300][334.265s][info][gc] GC(1997) Pause Full (Ergonomics) 347M->80M(455M) 185.229ms
[2020-08-08T11:34:07.210+0300][334.465s][info][gc] GC(1998) Pause Young (Allocation Failure) 136M->136M(455M) 189.869ms
[2020-08-08T11:34:07.343+0300][334.598s][info][gc] GC(1999) Pause Young (Allocation Failure) 193M->193M(455M) 125.580ms
[2020-08-08T11:34:07.445+0300][334.700s][info][gc] GC(2000) Pause Young (Allocation Failure) 251M->251M(455M) 92.835ms
[2020-08-08T11:34:07.644+0300][334.899s][info][gc] GC(2001) Pause Young (Allocation Failure) 308M->309M(455M) 186.623ms
[2020-08-08T11:34:07.716+0300][334.971s][info][gc] GC(2002) Pause Full (Ergonomics) 309M->41M(455M) 71.451ms
[2020-08-08T11:34:07.907+0300][335.162s][info][gc] GC(2003) Pause Young (Allocation Failure) 99M->99M(455M) 181.309ms
[2020-08-08T11:34:08.195+0300][335.450s][info][gc] GC(2004) Pause Young (Allocation Failure) 156M->156M(455M) 280.551ms
[2020-08-08T11:34:08.280+0300][335.535s][info][gc] GC(2005) Pause Young (Allocation Failure) 214M->214M(455M) 74.997ms
[2020-08-08T11:34:08.641+0300][335.896s][info][gc] GC(2006) Pause Young (Allocation Failure) 270M->270M(455M) 350.933ms
[2020-08-08T11:34:08.768+0300][336.023s][info][gc] GC(2007) Pause Young (Allocation Failure) 328M->328M(455M) 115.501ms
[2020-08-08T11:34:08.893+0300][336.148s][info][gc] GC(2008) Pause Full (Ergonomics) 328M->59M(455M) 125.261ms
[2020-08-08T11:34:09.079+0300][336.334s][info][gc] GC(2009) Pause Young (Allocation Failure) 117M->117M(455M) 175.581ms
[2020-08-08T11:34:09.271+0300][336.526s][info][gc] GC(2010) Pause Young (Allocation Failure) 174M->175M(455M) 184.937ms
[2020-08-08T11:34:09.364+0300][336.619s][info][gc] GC(2011) Pause Young (Allocation Failure) 232M->232M(455M) 83.760ms
[2020-08-08T11:34:09.574+0300][336.829s][info][gc] GC(2012) Pause Young (Allocation Failure) 290M->290M(455M) 201.314ms
[2020-08-08T11:34:09.660+0300][336.916s][info][gc] GC(2013) Pause Young (Allocation Failure) 347M->347M(455M) 77.076ms
[2020-08-08T11:34:09.849+0300][337.104s][info][gc] GC(2014) Pause Full (Ergonomics) 347M->80M(455M) 188.552ms
[2020-08-08T11:34:10.046+0300][337.301s][info][gc] GC(2015) Pause Young (Allocation Failure) 136M->136M(455M) 184.356ms
[2020-08-08T11:34:10.156+0300][337.411s][info][gc] GC(2016) Pause Young (Allocation Failure) 193M->193M(455M) 102.364ms
[2020-08-08T11:34:10.258+0300][337.513s][info][gc] GC(2017) Pause Young (Allocation Failure) 251M->251M(455M) 92.744ms
[2020-08-08T11:34:10.469+0300][337.724s][info][gc] GC(2018) Pause Young (Allocation Failure) 308M->309M(455M) 200.133ms
[2020-08-08T11:34:10.542+0300][337.797s][info][gc] GC(2019) Pause Full (Ergonomics) 309M->41M(455M) 72.346ms
[2020-08-08T11:34:10.723+0300][337.978s][info][gc] GC(2020) Pause Young (Allocation Failure) 99M->99M(455M) 170.976ms
[2020-08-08T11:34:11.014+0300][338.269s][info][gc] GC(2021) Pause Young (Allocation Failure) 156M->156M(455M) 280.235ms
[2020-08-08T11:34:11.098+0300][338.353s][info][gc] GC(2022) Pause Young (Allocation Failure) 214M->214M(455M) 74.032ms
[2020-08-08T11:34:11.412+0300][338.667s][info][gc] GC(2023) Pause Young (Allocation Failure) 270M->270M(455M) 303.066ms
[2020-08-08T11:34:11.528+0300][338.783s][info][gc] GC(2024) Pause Young (Allocation Failure) 328M->328M(455M) 109.243ms
[2020-08-08T11:34:11.653+0300][338.908s][info][gc] GC(2025) Pause Full (Ergonomics) 328M->59M(455M) 124.641ms
[2020-08-08T11:34:11.820+0300][339.075s][info][gc] GC(2026) Pause Young (Allocation Failure) 117M->117M(455M) 156.047ms
[2020-08-08T11:34:12.017+0300][339.272s][info][gc] GC(2027) Pause Young (Allocation Failure) 175M->175M(455M) 187.548ms
[2020-08-08T11:34:12.113+0300][339.368s][info][gc] GC(2028) Pause Young (Allocation Failure) 232M->232M(455M) 86.516ms
[2020-08-08T11:34:12.321+0300][339.576s][info][gc] GC(2029) Pause Young (Allocation Failure) 290M->290M(455M) 198.927ms
[2020-08-08T11:34:12.404+0300][339.659s][info][gc] GC(2030) Pause Young (Allocation Failure) 347M->347M(455M) 73.372ms
[2020-08-08T11:34:12.588+0300][339.843s][info][gc] GC(2031) Pause Full (Ergonomics) 347M->80M(455M) 183.517ms
[2020-08-08T11:34:12.782+0300][340.037s][info][gc] GC(2032) Pause Young (Allocation Failure) 136M->136M(455M) 185.019ms
[2020-08-08T11:34:12.905+0300][340.161s][info][gc] GC(2033) Pause Young (Allocation Failure) 193M->193M(455M) 113.938ms
[2020-08-08T11:34:13.016+0300][340.271s][info][gc] GC(2034) Pause Young (Allocation Failure) 250M->250M(455M) 98.697ms
[2020-08-08T11:34:13.217+0300][340.472s][info][gc] GC(2035) Pause Young (Allocation Failure) 308M->308M(455M) 192.376ms
[2020-08-08T11:34:13.288+0300][340.543s][info][gc] GC(2036) Pause Full (Ergonomics) 308M->40M(455M) 71.322ms
[2020-08-08T11:34:13.490+0300][340.745s][info][gc] GC(2037) Pause Young (Allocation Failure) 98M->98M(455M) 191.953ms
[2020-08-08T11:34:13.798+0300][341.053s][info][gc] GC(2038) Pause Young (Allocation Failure) 155M->156M(455M) 298.816ms
[2020-08-08T11:34:13.891+0300][341.146s][info][gc] GC(2039) Pause Young (Allocation Failure) 213M->213M(455M) 79.611ms
[2020-08-08T11:34:14.202+0300][341.457s][info][gc] GC(2040) Pause Young (Allocation Failure) 270M->270M(455M) 301.529ms
[2020-08-08T11:34:14.318+0300][341.573s][info][gc] GC(2041) Pause Young (Allocation Failure) 327M->327M(455M) 107.458ms
[2020-08-08T11:34:14.448+0300][341.703s][info][gc] GC(2042) Pause Full (Ergonomics) 327M->59M(455M) 130.437ms
[2020-08-08T11:34:14.633+0300][341.888s][info][gc] GC(2043) Pause Young (Allocation Failure) 117M->117M(455M) 174.570ms
[2020-08-08T11:34:14.815+0300][342.070s][info][gc] GC(2044) Pause Young (Allocation Failure) 175M->175M(455M) 174.369ms
[2020-08-08T11:34:14.915+0300][342.170s][info][gc] GC(2045) Pause Young (Allocation Failure) 232M->232M(455M) 88.660ms
[2020-08-08T11:34:15.191+0300][342.446s][info][gc] GC(2046) Pause Young (Allocation Failure) 290M->290M(455M) 267.061ms
[2020-08-08T11:34:15.275+0300][342.530s][info][gc] GC(2047) Pause Young (Allocation Failure) 347M->347M(455M) 75.171ms
[2020-08-08T11:34:15.467+0300][342.722s][info][gc] GC(2048) Pause Full (Ergonomics) 347M->80M(455M) 192.161ms
[2020-08-08T11:34:15.665+0300][342.920s][info][gc] GC(2049) Pause Young (Allocation Failure) 136M->136M(455M) 187.669ms
[2020-08-08T11:34:15.795+0300][343.050s][info][gc] GC(2050) Pause Young (Allocation Failure) 193M->193M(455M) 122.313ms
[2020-08-08T11:34:15.898+0300][343.153s][info][gc] GC(2051) Pause Young (Allocation Failure) 251M->251M(455M) 93.122ms
[2020-08-08T11:34:16.094+0300][343.350s][info][gc] GC(2052) Pause Young (Allocation Failure) 308M->309M(455M) 182.675ms
[2020-08-08T11:34:16.163+0300][343.418s][info][gc] GC(2053) Pause Full (Ergonomics) 309M->41M(455M) 68.906ms
[2020-08-08T11:34:16.347+0300][343.602s][info][gc] GC(2054) Pause Young (Allocation Failure) 99M->99M(455M) 172.700ms
[2020-08-08T11:34:16.640+0300][343.895s][info][gc] GC(2055) Pause Young (Allocation Failure) 156M->156M(455M) 284.487ms
[2020-08-08T11:34:16.727+0300][343.982s][info][gc] GC(2056) Pause Young (Allocation Failure) 214M->214M(455M) 73.493ms
[2020-08-08T11:34:17.030+0300][344.285s][info][gc] GC(2057) Pause Young (Allocation Failure) 270M->270M(455M) 293.537ms
[2020-08-08T11:34:17.140+0300][344.395s][info][gc] GC(2058) Pause Young (Allocation Failure) 328M->328M(455M) 100.479ms
[2020-08-08T11:34:17.274+0300][344.529s][info][gc] GC(2059) Pause Full (Ergonomics) 328M->59M(455M) 133.223ms
[2020-08-08T11:34:17.461+0300][344.716s][info][gc] GC(2060) Pause Young (Allocation Failure) 117M->117M(455M) 176.927ms
[2020-08-08T11:34:17.663+0300][344.918s][info][gc] GC(2061) Pause Young (Allocation Failure) 174M->175M(455M) 194.853ms
[2020-08-08T11:34:17.760+0300][345.015s][info][gc] GC(2062) Pause Young (Allocation Failure) 232M->232M(455M) 85.009ms
[2020-08-08T11:34:17.967+0300][345.222s][info][gc] GC(2063) Pause Young (Allocation Failure) 290M->290M(455M) 199.510ms
[2020-08-08T11:34:18.054+0300][345.309s][info][gc] GC(2064) Pause Young (Allocation Failure) 347M->347M(455M) 75.071ms
[2020-08-08T11:34:18.235+0300][345.490s][info][gc] GC(2065) Pause Full (Ergonomics) 347M->79M(455M) 181.041ms
[2020-08-08T11:34:18.431+0300][345.686s][info][gc] GC(2066) Pause Young (Allocation Failure) 136M->136M(455M) 186.047ms
[2020-08-08T11:34:18.545+0300][345.800s][info][gc] GC(2067) Pause Young (Allocation Failure) 193M->193M(455M) 104.230ms
[2020-08-08T11:34:18.648+0300][345.903s][info][gc] GC(2068) Pause Young (Allocation Failure) 251M->251M(455M) 92.769ms
[2020-08-08T11:34:18.839+0300][346.094s][info][gc] GC(2069) Pause Young (Allocation Failure) 308M->309M(455M) 182.109ms
[2020-08-08T11:34:18.911+0300][346.166s][info][gc] GC(2070) Pause Full (Ergonomics) 309M->41M(455M) 71.341ms
[2020-08-08T11:34:19.084+0300][346.339s][info][gc] GC(2071) Pause Young (Allocation Failure) 99M->99M(455M) 158.939ms
[2020-08-08T11:34:19.354+0300][346.609s][info][gc] GC(2072) Pause Young (Allocation Failure) 156M->156M(455M) 262.762ms
[2020-08-08T11:34:19.444+0300][346.699s][info][gc] GC(2073) Pause Young (Allocation Failure) 214M->214M(455M) 79.398ms
[2020-08-08T11:34:19.752+0300][347.007s][info][gc] GC(2074) Pause Young (Allocation Failure) 270M->270M(455M) 299.099ms
[2020-08-08T11:34:19.867+0300][347.122s][info][gc] GC(2075) Pause Young (Allocation Failure) 328M->328M(455M) 106.625ms
[2020-08-08T11:34:19.992+0300][347.247s][info][gc] GC(2076) Pause Full (Ergonomics) 328M->59M(455M) 125.101ms
[2020-08-08T11:34:20.160+0300][347.415s][info][gc] GC(2077) Pause Young (Allocation Failure) 117M->117M(455M) 156.209ms
[2020-08-08T11:34:20.364+0300][347.619s][info][gc] GC(2078) Pause Young (Allocation Failure) 174M->175M(455M) 195.560ms
[2020-08-08T11:34:20.459+0300][347.714s][info][gc] GC(2079) Pause Young (Allocation Failure) 232M->232M(455M) 85.590ms
[2020-08-08T11:34:20.669+0300][347.924s][info][gc] GC(2080) Pause Young (Allocation Failure) 290M->290M(455M) 201.672ms
[2020-08-08T11:34:20.754+0300][348.009s][info][gc] GC(2081) Pause Young (Allocation Failure) 347M->347M(455M) 75.579ms
[2020-08-08T11:34:20.946+0300][348.201s][info][gc] GC(2082) Pause Full (Ergonomics) 347M->80M(455M) 191.795ms
[2020-08-08T11:34:21.138+0300][348.393s][info][gc] GC(2083) Pause Young (Allocation Failure) 136M->136M(455M) 180.528ms
[2020-08-08T11:34:21.259+0300][348.514s][info][gc] GC(2084) Pause Young (Allocation Failure) 193M->193M(455M) 112.273ms
[2020-08-08T11:34:21.363+0300][348.618s][info][gc] GC(2085) Pause Young (Allocation Failure) 251M->251M(455M) 94.507ms
[2020-08-08T11:34:21.563+0300][348.818s][info][gc] GC(2086) Pause Young (Allocation Failure) 308M->309M(455M) 190.147ms
[2020-08-08T11:34:21.633+0300][348.888s][info][gc] GC(2087) Pause Full (Ergonomics) 309M->41M(455M) 70.598ms
[2020-08-08T11:34:21.823+0300][349.078s][info][gc] GC(2088) Pause Young (Allocation Failure) 99M->99M(455M) 179.558ms
[2020-08-08T11:34:22.100+0300][349.355s][info][gc] GC(2089) Pause Young (Allocation Failure) 156M->157M(455M) 270.124ms
[2020-08-08T11:34:22.191+0300][349.446s][info][gc] GC(2090) Pause Young (Allocation Failure) 214M->214M(455M) 77.604ms
[2020-08-08T11:34:22.439+0300][349.694s][info][gc] GC(2091) Pause Young (Allocation Failure) 270M->270M(455M) 239.111ms
[2020-08-08T11:34:22.547+0300][349.802s][info][gc] GC(2092) Pause Young (Allocation Failure) 328M->328M(455M) 100.993ms
[2020-08-08T11:34:22.681+0300][349.936s][info][gc] GC(2093) Pause Full (Ergonomics) 328M->59M(455M) 133.623ms
[2020-08-08T11:34:22.854+0300][350.109s][info][gc] GC(2094) Pause Young (Allocation Failure) 117M->117M(455M) 161.942ms
[2020-08-08T11:34:23.051+0300][350.306s][info][gc] GC(2095) Pause Young (Allocation Failure) 175M->175M(455M) 188.249ms
[2020-08-08T11:34:23.151+0300][350.406s][info][gc] GC(2096) Pause Young (Allocation Failure) 232M->232M(455M) 87.629ms
[2020-08-08T11:34:23.405+0300][350.660s][info][gc] GC(2097) Pause Young (Allocation Failure) 290M->290M(455M) 246.394ms
[2020-08-08T11:34:23.490+0300][350.745s][info][gc] GC(2098) Pause Young (Allocation Failure) 347M->347M(455M) 75.339ms
[2020-08-08T11:34:23.675+0300][350.930s][info][gc] GC(2099) Pause Full (Ergonomics) 347M->80M(455M) 185.277ms
[2020-08-08T11:34:23.872+0300][351.127s][info][gc] GC(2100) Pause Young (Allocation Failure) 136M->136M(455M) 186.607ms
[2020-08-08T11:34:24.003+0300][351.258s][info][gc] GC(2101) Pause Young (Allocation Failure) 193M->193M(455M) 124.034ms
[2020-08-08T11:34:24.106+0300][351.361s][info][gc] GC(2102) Pause Young (Allocation Failure) 251M->251M(455M) 93.580ms
[2020-08-08T11:34:24.313+0300][351.568s][info][gc] GC(2103) Pause Young (Allocation Failure) 308M->309M(455M) 196.073ms
[2020-08-08T11:34:24.383+0300][351.638s][info][gc] GC(2104) Pause Full (Ergonomics) 309M->41M(455M) 69.974ms
[2020-08-08T11:34:24.571+0300][351.827s][info][gc] GC(2105) Pause Young (Allocation Failure) 99M->99M(455M) 178.060ms
[2020-08-08T11:34:24.854+0300][352.109s][info][gc] GC(2106) Pause Young (Allocation Failure) 156M->156M(455M) 274.862ms
[2020-08-08T11:34:24.941+0300][352.196s][info][gc] GC(2107) Pause Young (Allocation Failure) 214M->214M(455M) 75.607ms
[2020-08-08T11:34:25.220+0300][352.475s][info][gc] GC(2108) Pause Young (Allocation Failure) 270M->270M(455M) 269.512ms
[2020-08-08T11:34:25.331+0300][352.586s][info][gc] GC(2109) Pause Young (Allocation Failure) 328M->328M(455M) 101.210ms
[2020-08-08T11:34:25.456+0300][352.711s][info][gc] GC(2110) Pause Full (Ergonomics) 328M->59M(455M) 124.287ms
[2020-08-08T11:34:25.632+0300][352.887s][info][gc] GC(2111) Pause Young (Allocation Failure) 117M->117M(455M) 166.697ms
[2020-08-08T11:34:25.847+0300][353.102s][info][gc] GC(2112) Pause Young (Allocation Failure) 174M->175M(455M) 206.059ms
[2020-08-08T11:34:25.947+0300][353.202s][info][gc] GC(2113) Pause Young (Allocation Failure) 232M->232M(455M) 90.787ms
[2020-08-08T11:34:26.223+0300][353.478s][info][gc] GC(2114) Pause Young (Allocation Failure) 290M->290M(455M) 267.992ms
[2020-08-08T11:34:26.310+0300][353.566s][info][gc] GC(2115) Pause Young (Allocation Failure) 347M->347M(455M) 74.568ms
[2020-08-08T11:34:26.494+0300][353.749s][info][gc] GC(2116) Pause Full (Ergonomics) 347M->79M(455M) 183.216ms
[2020-08-08T11:34:26.693+0300][353.948s][info][gc] GC(2117) Pause Young (Allocation Failure) 136M->136M(455M) 189.586ms
[2020-08-08T11:34:26.825+0300][354.080s][info][gc] GC(2118) Pause Young (Allocation Failure) 193M->193M(455M) 124.369ms
[2020-08-08T11:34:26.926+0300][354.181s][info][gc] GC(2119) Pause Young (Allocation Failure) 251M->251M(455M) 91.578ms
[2020-08-08T11:34:27.134+0300][354.389s][info][gc] GC(2120) Pause Young (Allocation Failure) 308M->309M(455M) 195.774ms
[2020-08-08T11:34:27.202+0300][354.457s][info][gc] GC(2121) Pause Full (Ergonomics) 309M->41M(455M) 68.677ms
[2020-08-08T11:34:27.386+0300][354.641s][info][gc] GC(2122) Pause Young (Allocation Failure) 99M->99M(455M) 172.466ms
[2020-08-08T11:34:27.657+0300][354.912s][info][gc] GC(2123) Pause Young (Allocation Failure) 156M->156M(455M) 262.457ms
[2020-08-08T11:34:27.743+0300][354.998s][info][gc] GC(2124) Pause Young (Allocation Failure) 214M->214M(455M) 76.127ms
[2020-08-08T11:34:28.051+0300][355.306s][info][gc] GC(2125) Pause Young (Allocation Failure) 270M->270M(455M) 297.525ms
[2020-08-08T11:34:28.164+0300][355.419s][info][gc] GC(2126) Pause Young (Allocation Failure) 328M->328M(455M) 104.196ms
[2020-08-08T11:34:28.288+0300][355.543s][info][gc] GC(2127) Pause Full (Ergonomics) 328M->59M(455M) 124.255ms
[2020-08-08T11:34:28.461+0300][355.716s][info][gc] GC(2128) Pause Young (Allocation Failure) 117M->117M(455M) 160.018ms
[2020-08-08T11:34:28.648+0300][355.903s][info][gc] GC(2129) Pause Young (Allocation Failure) 174M->175M(455M) 179.694ms
[2020-08-08T11:34:28.746+0300][356.001s][info][gc] GC(2130) Pause Young (Allocation Failure) 232M->232M(455M) 87.071ms
[2020-08-08T11:34:29.031+0300][356.286s][info][gc] GC(2131) Pause Young (Allocation Failure) 290M->290M(455M) 276.050ms
[2020-08-08T11:34:29.126+0300][356.381s][info][gc] GC(2132) Pause Young (Allocation Failure) 347M->347M(455M) 85.585ms
[2020-08-08T11:34:29.308+0300][356.563s][info][gc] GC(2133) Pause Full (Ergonomics) 347M->80M(455M) 182.297ms
[2020-08-08T11:34:29.505+0300][356.760s][info][gc] GC(2134) Pause Young (Allocation Failure) 136M->136M(455M) 184.999ms
[2020-08-08T11:34:29.639+0300][356.894s][info][gc] GC(2135) Pause Young (Allocation Failure) 193M->193M(455M) 124.915ms
[2020-08-08T11:34:29.744+0300][356.999s][info][gc] GC(2136) Pause Young (Allocation Failure) 251M->251M(455M) 95.421ms
[2020-08-08T11:34:29.935+0300][357.190s][info][gc] GC(2137) Pause Young (Allocation Failure) 308M->309M(455M) 181.885ms
[2020-08-08T11:34:30.004+0300][357.259s][info][gc] GC(2138) Pause Full (Ergonomics) 309M->41M(455M) 69.332ms
[2020-08-08T11:34:30.190+0300][357.445s][info][gc] GC(2139) Pause Young (Allocation Failure) 99M->99M(455M) 173.110ms
[2020-08-08T11:34:30.476+0300][357.731s][info][gc] GC(2140) Pause Young (Allocation Failure) 156M->157M(455M) 279.765ms
[2020-08-08T11:34:30.565+0300][357.820s][info][gc] GC(2141) Pause Young (Allocation Failure) 214M->214M(455M) 77.102ms
[2020-08-08T11:34:30.812+0300][358.067s][info][gc] GC(2142) Pause Young (Allocation Failure) 270M->270M(455M) 237.780ms
[2020-08-08T11:34:30.918+0300][358.173s][info][gc] GC(2143) Pause Young (Allocation Failure) 328M->328M(455M) 98.159ms
[2020-08-08T11:34:31.043+0300][358.298s][info][gc] GC(2144) Pause Full (Ergonomics) 328M->59M(455M) 125.385ms
[2020-08-08T11:34:31.229+0300][358.484s][info][gc] GC(2145) Pause Young (Allocation Failure) 117M->117M(455M) 174.526ms
[2020-08-08T11:34:31.413+0300][358.669s][info][gc] GC(2146) Pause Young (Allocation Failure) 175M->175M(455M) 176.973ms
[2020-08-08T11:34:31.509+0300][358.764s][info][gc] GC(2147) Pause Young (Allocation Failure) 232M->232M(455M) 86.237ms
[2020-08-08T11:34:31.756+0300][359.011s][info][gc] GC(2148) Pause Young (Allocation Failure) 290M->290M(455M) 236.569ms
[2020-08-08T11:34:31.841+0300][359.096s][info][gc] GC(2149) Pause Young (Allocation Failure) 347M->347M(455M) 73.389ms
[2020-08-08T11:34:32.022+0300][359.277s][info][gc] GC(2150) Pause Full (Ergonomics) 347M->80M(455M) 181.138ms
[2020-08-08T11:34:32.221+0300][359.476s][info][gc] GC(2151) Pause Young (Allocation Failure) 136M->136M(455M) 185.513ms
[2020-08-08T11:34:32.347+0300][359.602s][info][gc] GC(2152) Pause Young (Allocation Failure) 193M->193M(455M) 118.695ms
[2020-08-08T11:34:32.450+0300][359.705s][info][gc] GC(2153) Pause Young (Allocation Failure) 251M->251M(455M) 92.961ms
[2020-08-08T11:34:32.648+0300][359.904s][info][gc] GC(2154) Pause Young (Allocation Failure) 308M->309M(455M) 190.849ms
[2020-08-08T11:34:32.720+0300][359.975s][info][gc] GC(2155) Pause Full (Ergonomics) 309M->41M(455M) 71.896ms
[2020-08-08T11:34:32.918+0300][360.173s][info][gc] GC(2156) Pause Young (Allocation Failure) 98M->98M(455M) 184.831ms
[2020-08-08T11:34:33.226+0300][360.481s][info][gc] GC(2157) Pause Young (Allocation Failure) 156M->156M(455M) 300.740ms
[2020-08-08T11:34:33.317+0300][360.572s][info][gc] GC(2158) Pause Young (Allocation Failure) 213M->214M(455M) 81.044ms
[2020-08-08T11:34:33.639+0300][360.894s][info][gc] GC(2159) Pause Young (Allocation Failure) 270M->270M(455M) 311.057ms
[2020-08-08T11:34:33.757+0300][361.012s][info][gc] GC(2160) Pause Young (Allocation Failure) 327M->327M(455M) 104.876ms
[2020-08-08T11:34:33.884+0300][361.139s][info][gc] GC(2161) Pause Full (Ergonomics) 327M->59M(455M) 127.181ms
[2020-08-08T11:34:34.060+0300][361.315s][info][gc] GC(2162) Pause Young (Allocation Failure) 117M->117M(455M) 165.702ms
[2020-08-08T11:34:34.271+0300][361.526s][info][gc] GC(2163) Pause Young (Allocation Failure) 174M->175M(455M) 202.768ms
[2020-08-08T11:34:34.364+0300][361.619s][info][gc] GC(2164) Pause Young (Allocation Failure) 232M->232M(455M) 84.339ms
[2020-08-08T11:34:34.664+0300][361.919s][info][gc] GC(2165) Pause Young (Allocation Failure) 290M->290M(455M) 291.791ms
[2020-08-08T11:34:34.760+0300][362.015s][info][gc] GC(2166) Pause Young (Allocation Failure) 347M->347M(455M) 83.097ms
[2020-08-08T11:34:34.941+0300][362.196s][info][gc] GC(2167) Pause Full (Ergonomics) 347M->79M(455M) 180.627ms
[2020-08-08T11:34:35.142+0300][362.397s][info][gc] GC(2168) Pause Young (Allocation Failure) 136M->136M(455M) 191.843ms
[2020-08-08T11:34:35.272+0300][362.527s][info][gc] GC(2169) Pause Young (Allocation Failure) 193M->193M(455M) 122.131ms
[2020-08-08T11:34:35.374+0300][362.629s][info][gc] GC(2170) Pause Young (Allocation Failure) 251M->251M(455M) 92.656ms
[2020-08-08T11:34:35.577+0300][362.832s][info][gc] GC(2171) Pause Young (Allocation Failure) 308M->309M(455M) 194.654ms
[2020-08-08T11:34:35.654+0300][362.909s][info][gc] GC(2172) Pause Full (Ergonomics) 309M->41M(455M) 76.495ms
[2020-08-08T11:34:35.838+0300][363.093s][info][gc] GC(2173) Pause Young (Allocation Failure) 99M->99M(455M) 173.017ms
[2020-08-08T11:34:36.124+0300][363.379s][info][gc] GC(2174) Pause Young (Allocation Failure) 156M->156M(455M) 277.939ms
[2020-08-08T11:34:36.209+0300][363.464s][info][gc] GC(2175) Pause Young (Allocation Failure) 214M->214M(455M) 76.271ms
[2020-08-08T11:34:36.484+0300][363.739s][info][gc] GC(2176) Pause Young (Allocation Failure) 270M->270M(455M) 265.244ms
[2020-08-08T11:34:36.599+0300][363.854s][info][gc] GC(2177) Pause Young (Allocation Failure) 328M->328M(455M) 106.384ms
[2020-08-08T11:34:36.729+0300][363.984s][info][gc] GC(2178) Pause Full (Ergonomics) 328M->59M(455M) 130.019ms
[2020-08-08T11:34:36.912+0300][364.167s][info][gc] GC(2179) Pause Young (Allocation Failure) 117M->117M(455M) 169.416ms
[2020-08-08T11:34:37.096+0300][364.351s][info][gc] GC(2180) Pause Young (Allocation Failure) 174M->175M(455M) 176.018ms
[2020-08-08T11:34:37.190+0300][364.445s][info][gc] GC(2181) Pause Young (Allocation Failure) 232M->232M(455M) 84.692ms
[2020-08-08T11:34:37.476+0300][364.731s][info][gc] GC(2182) Pause Young (Allocation Failure) 290M->290M(455M) 277.369ms
[2020-08-08T11:34:37.563+0300][364.818s][info][gc] GC(2183) Pause Young (Allocation Failure) 347M->347M(455M) 77.476ms
[2020-08-08T11:34:37.753+0300][365.008s][info][gc] GC(2184) Pause Full (Ergonomics) 347M->80M(455M) 190.179ms
[2020-08-08T11:34:37.952+0300][365.207s][info][gc] GC(2185) Pause Young (Allocation Failure) 136M->136M(455M) 187.330ms
[2020-08-08T11:34:38.076+0300][365.331s][info][gc] GC(2186) Pause Young (Allocation Failure) 193M->193M(455M) 114.362ms
[2020-08-08T11:34:38.177+0300][365.433s][info][gc] GC(2187) Pause Young (Allocation Failure) 251M->251M(455M) 92.745ms
[2020-08-08T11:34:38.384+0300][365.639s][info][gc] GC(2188) Pause Young (Allocation Failure) 308M->309M(455M) 196.282ms
[2020-08-08T11:34:38.460+0300][365.715s][info][gc] GC(2189) Pause Full (Ergonomics) 309M->41M(455M) 75.126ms
[2020-08-08T11:34:38.645+0300][365.900s][info][gc] GC(2190) Pause Young (Allocation Failure) 99M->99M(455M) 175.191ms
[2020-08-08T11:34:38.933+0300][366.188s][info][gc] GC(2191) Pause Young (Allocation Failure) 156M->157M(455M) 280.871ms
[2020-08-08T11:34:39.023+0300][366.278s][info][gc] GC(2192) Pause Young (Allocation Failure) 214M->214M(455M) 77.481ms
[2020-08-08T11:34:39.271+0300][366.526s][info][gc] GC(2193) Pause Young (Allocation Failure) 270M->270M(455M) 237.079ms
[2020-08-08T11:34:39.382+0300][366.637s][info][gc] GC(2194) Pause Young (Allocation Failure) 328M->328M(455M) 103.818ms
[2020-08-08T11:34:39.507+0300][366.762s][info][gc] GC(2195) Pause Full (Ergonomics) 328M->59M(455M) 124.605ms
[2020-08-08T11:34:39.692+0300][366.947s][info][gc] GC(2196) Pause Young (Allocation Failure) 117M->117M(455M) 175.371ms
[2020-08-08T11:34:39.893+0300][367.148s][info][gc] GC(2197) Pause Young (Allocation Failure) 175M->175M(455M) 191.238ms
[2020-08-08T11:34:39.993+0300][367.248s][info][gc] GC(2198) Pause Young (Allocation Failure) 232M->232M(455M) 87.591ms
[2020-08-08T11:34:40.247+0300][367.502s][info][gc] GC(2199) Pause Young (Allocation Failure) 290M->290M(455M) 246.207ms
[2020-08-08T11:34:40.331+0300][367.586s][info][gc] GC(2200) Pause Young (Allocation Failure) 347M->347M(455M) 73.613ms
[2020-08-08T11:34:40.510+0300][367.765s][info][gc] GC(2201) Pause Full (Ergonomics) 347M->80M(455M) 178.863ms
[2020-08-08T11:34:40.710+0300][367.965s][info][gc] GC(2202) Pause Young (Allocation Failure) 136M->136M(455M) 189.943ms
[2020-08-08T11:34:40.838+0300][368.093s][info][gc] GC(2203) Pause Young (Allocation Failure) 193M->193M(455M) 118.215ms
[2020-08-08T11:34:40.943+0300][368.198s][info][gc] GC(2204) Pause Young (Allocation Failure) 251M->251M(455M) 94.275ms
[2020-08-08T11:34:41.124+0300][368.379s][info][gc] GC(2205) Pause Young (Allocation Failure) 308M->309M(455M) 169.776ms
[2020-08-08T11:34:41.194+0300][368.449s][info][gc] GC(2206) Pause Full (Ergonomics) 309M->41M(455M) 69.484ms
[2020-08-08T11:34:41.370+0300][368.625s][info][gc] GC(2207) Pause Young (Allocation Failure) 99M->99M(455M) 167.095ms
[2020-08-08T11:34:41.660+0300][368.915s][info][gc] GC(2208) Pause Young (Allocation Failure) 156M->156M(455M) 283.183ms
[2020-08-08T11:34:41.747+0300][369.002s][info][gc] GC(2209) Pause Young (Allocation Failure) 214M->214M(455M) 76.587ms
[2020-08-08T11:34:42.028+0300][369.283s][info][gc] GC(2210) Pause Young (Allocation Failure) 270M->270M(455M) 270.970ms
[2020-08-08T11:34:42.166+0300][369.421s][info][gc] GC(2211) Pause Young (Allocation Failure) 328M->328M(455M) 128.773ms
[2020-08-08T11:34:42.287+0300][369.543s][info][gc] GC(2212) Pause Full (Ergonomics) 328M->59M(455M) 120.992ms
[2020-08-08T11:34:42.479+0300][369.735s][info][gc] GC(2213) Pause Young (Allocation Failure) 117M->117M(455M) 181.296ms
[2020-08-08T11:34:42.699+0300][369.954s][info][gc] GC(2214) Pause Young (Allocation Failure) 174M->175M(455M) 210.930ms
[2020-08-08T11:34:42.800+0300][370.055s][info][gc] GC(2215) Pause Young (Allocation Failure) 232M->232M(455M) 88.978ms
[2020-08-08T11:34:43.006+0300][370.261s][info][gc] GC(2216) Pause Young (Allocation Failure) 290M->290M(455M) 195.855ms
[2020-08-08T11:34:43.110+0300][370.365s][info][gc] GC(2217) Pause Young (Allocation Failure) 347M->347M(455M) 89.509ms
[2020-08-08T11:34:43.295+0300][370.550s][info][gc] GC(2218) Pause Full (Ergonomics) 347M->79M(455M) 184.867ms
[2020-08-08T11:34:43.495+0300][370.750s][info][gc] GC(2219) Pause Young (Allocation Failure) 136M->136M(455M) 187.990ms
[2020-08-08T11:34:43.625+0300][370.880s][info][gc] GC(2220) Pause Young (Allocation Failure) 193M->193M(455M) 119.689ms
[2020-08-08T11:34:43.734+0300][370.989s][info][gc] GC(2221) Pause Young (Allocation Failure) 251M->251M(455M) 97.504ms
[2020-08-08T11:34:43.951+0300][371.206s][info][gc] GC(2222) Pause Young (Allocation Failure) 308M->309M(455M) 204.690ms
[2020-08-08T11:34:44.021+0300][371.276s][info][gc] GC(2223) Pause Full (Ergonomics) 309M->41M(455M) 70.197ms
[2020-08-08T11:34:44.197+0300][371.452s][info][gc] GC(2224) Pause Young (Allocation Failure) 99M->99M(455M) 161.201ms
[2020-08-08T11:34:44.460+0300][371.715s][info][gc] GC(2225) Pause Young (Allocation Failure) 156M->156M(455M) 252.946ms
[2020-08-08T11:34:44.547+0300][371.802s][info][gc] GC(2226) Pause Young (Allocation Failure) 214M->214M(455M) 73.829ms
[2020-08-08T11:34:44.831+0300][372.086s][info][gc] GC(2227) Pause Young (Allocation Failure) 270M->270M(455M) 272.767ms
[2020-08-08T11:34:44.946+0300][372.201s][info][gc] GC(2228) Pause Young (Allocation Failure) 328M->328M(455M) 104.050ms
[2020-08-08T11:34:45.073+0300][372.328s][info][gc] GC(2229) Pause Full (Ergonomics) 328M->59M(455M) 127.828ms
[2020-08-08T11:34:45.248+0300][372.503s][info][gc] GC(2230) Pause Young (Allocation Failure) 117M->117M(455M) 162.279ms
[2020-08-08T11:34:45.417+0300][372.672s][info][gc] GC(2231) Pause Young (Allocation Failure) 174M->175M(455M) 160.314ms
[2020-08-08T11:34:45.513+0300][372.768s][info][gc] GC(2232) Pause Young (Allocation Failure) 232M->232M(455M) 85.275ms
[2020-08-08T11:34:45.724+0300][372.979s][info][gc] GC(2233) Pause Young (Allocation Failure) 290M->290M(455M) 200.912ms
[2020-08-08T11:34:45.811+0300][373.066s][info][gc] GC(2234) Pause Young (Allocation Failure) 347M->347M(455M) 74.260ms
[2020-08-08T11:34:46.003+0300][373.258s][info][gc] GC(2235) Pause Full (Ergonomics) 347M->80M(455M) 191.879ms
[2020-08-08T11:34:46.202+0300][373.457s][info][gc] GC(2236) Pause Young (Allocation Failure) 136M->136M(455M) 187.471ms
[2020-08-08T11:34:46.322+0300][373.578s][info][gc] GC(2237) Pause Young (Allocation Failure) 193M->193M(455M) 110.062ms
[2020-08-08T11:34:46.425+0300][373.680s][info][gc] GC(2238) Pause Young (Allocation Failure) 251M->251M(455M) 93.457ms
[2020-08-08T11:34:46.646+0300][373.901s][info][gc] GC(2239) Pause Young (Allocation Failure) 308M->309M(455M) 212.067ms
[2020-08-08T11:34:46.718+0300][373.973s][info][gc] GC(2240) Pause Full (Ergonomics) 309M->41M(455M) 71.527ms
[2020-08-08T11:34:46.884+0300][374.140s][info][gc] GC(2241) Pause Young (Allocation Failure) 99M->99M(455M) 153.418ms
[2020-08-08T11:34:47.117+0300][374.372s][info][gc] GC(2242) Pause Young (Allocation Failure) 156M->156M(455M) 224.657ms
[2020-08-08T11:34:47.213+0300][374.468s][info][gc] GC(2243) Pause Young (Allocation Failure) 214M->214M(455M) 83.565ms
[2020-08-08T11:34:47.532+0300][374.787s][info][gc] GC(2244) Pause Young (Allocation Failure) 270M->270M(455M) 309.391ms
[2020-08-08T11:34:47.657+0300][374.912s][info][gc] GC(2245) Pause Young (Allocation Failure) 328M->328M(455M) 115.680ms
[2020-08-08T11:34:47.783+0300][375.038s][info][gc] GC(2246) Pause Full (Ergonomics) 328M->59M(455M) 126.204ms
[2020-08-08T11:34:47.955+0300][375.211s][info][gc] GC(2247) Pause Young (Allocation Failure) 117M->117M(455M) 162.518ms
[2020-08-08T11:34:48.133+0300][375.388s][info][gc] GC(2248) Pause Young (Allocation Failure) 175M->175M(455M) 170.862ms
[2020-08-08T11:34:48.233+0300][375.488s][info][gc] GC(2249) Pause Young (Allocation Failure) 232M->232M(455M) 86.819ms
[2020-08-08T11:34:48.495+0300][375.750s][info][gc] GC(2250) Pause Young (Allocation Failure) 290M->290M(455M) 253.415ms
[2020-08-08T11:34:48.590+0300][375.845s][info][gc] GC(2251) Pause Young (Allocation Failure) 347M->347M(455M) 86.399ms
[2020-08-08T11:34:48.773+0300][376.028s][info][gc] GC(2252) Pause Full (Ergonomics) 347M->80M(455M) 182.903ms
[2020-08-08T11:34:48.973+0300][376.228s][info][gc] GC(2253) Pause Young (Allocation Failure) 136M->136M(455M) 190.498ms
[2020-08-08T11:34:49.095+0300][376.350s][info][gc] GC(2254) Pause Young (Allocation Failure) 193M->193M(455M) 113.602ms
[2020-08-08T11:34:49.205+0300][376.460s][info][gc] GC(2255) Pause Young (Allocation Failure) 251M->251M(455M) 98.307ms
[2020-08-08T11:34:49.388+0300][376.643s][info][gc] GC(2256) Pause Young (Allocation Failure) 308M->309M(455M) 172.280ms
[2020-08-08T11:34:49.457+0300][376.712s][info][gc] GC(2257) Pause Full (Ergonomics) 309M->41M(455M) 68.885ms
[2020-08-08T11:34:49.636+0300][376.891s][info][gc] GC(2258) Pause Young (Allocation Failure) 99M->99M(455M) 169.301ms
[2020-08-08T11:34:49.900+0300][377.155s][info][gc] GC(2259) Pause Young (Allocation Failure) 156M->156M(455M) 256.361ms
[2020-08-08T11:34:49.985+0300][377.240s][info][gc] GC(2260) Pause Young (Allocation Failure) 214M->214M(455M) 76.044ms
[2020-08-08T11:34:50.277+0300][377.532s][info][gc] GC(2261) Pause Young (Allocation Failure) 270M->270M(455M) 280.462ms
[2020-08-08T11:34:50.389+0300][377.644s][info][gc] GC(2262) Pause Young (Allocation Failure) 328M->328M(455M) 102.222ms
[2020-08-08T11:34:50.514+0300][377.769s][info][gc] GC(2263) Pause Full (Ergonomics) 328M->59M(455M) 125.431ms
[2020-08-08T11:34:50.705+0300][377.960s][info][gc] GC(2264) Pause Young (Allocation Failure) 117M->117M(455M) 180.307ms
[2020-08-08T11:34:50.914+0300][378.169s][info][gc] GC(2265) Pause Young (Allocation Failure) 174M->175M(455M) 201.589ms
[2020-08-08T11:34:51.010+0300][378.265s][info][gc] GC(2266) Pause Young (Allocation Failure) 232M->232M(455M) 85.624ms
[2020-08-08T11:34:51.219+0300][378.474s][info][gc] GC(2267) Pause Young (Allocation Failure) 290M->290M(455M) 197.835ms
[2020-08-08T11:34:51.307+0300][378.562s][info][gc] GC(2268) Pause Young (Allocation Failure) 347M->347M(455M) 75.071ms
[2020-08-08T11:34:51.489+0300][378.744s][info][gc] GC(2269) Pause Full (Ergonomics) 347M->79M(455M) 181.773ms
[2020-08-08T11:34:51.683+0300][378.938s][info][gc] GC(2270) Pause Young (Allocation Failure) 136M->136M(455M) 184.843ms
[2020-08-08T11:34:51.812+0300][379.067s][info][gc] GC(2271) Pause Young (Allocation Failure) 193M->193M(455M) 120.396ms
[2020-08-08T11:34:51.913+0300][379.168s][info][gc] GC(2272) Pause Young (Allocation Failure) 251M->251M(455M) 92.249ms
[2020-08-08T11:34:52.118+0300][379.373s][info][gc] GC(2273) Pause Young (Allocation Failure) 308M->309M(455M) 195.881ms
[2020-08-08T11:34:52.187+0300][379.442s][info][gc] GC(2274) Pause Full (Ergonomics) 309M->41M(455M) 69.284ms
[2020-08-08T11:34:52.387+0300][379.642s][info][gc] GC(2275) Pause Young (Allocation Failure) 98M->98M(455M) 185.275ms
[2020-08-08T11:34:52.695+0300][379.950s][info][gc] GC(2276) Pause Young (Allocation Failure) 156M->156M(455M) 300.156ms
[2020-08-08T11:34:52.784+0300][380.039s][info][gc] GC(2277) Pause Young (Allocation Failure) 213M->214M(455M) 76.440ms
[2020-08-08T11:34:53.099+0300][380.354s][info][gc] GC(2278) Pause Young (Allocation Failure) 270M->270M(455M) 305.267ms
[2020-08-08T11:34:53.217+0300][380.473s][info][gc] GC(2279) Pause Young (Allocation Failure) 327M->327M(455M) 109.263ms
[2020-08-08T11:34:53.344+0300][380.599s][info][gc] GC(2280) Pause Full (Ergonomics) 327M->59M(455M) 126.404ms
[2020-08-08T11:34:53.511+0300][380.766s][info][gc] GC(2281) Pause Young (Allocation Failure) 117M->117M(455M) 154.728ms
[2020-08-08T11:34:53.719+0300][380.974s][info][gc] GC(2282) Pause Young (Allocation Failure) 174M->175M(455M) 199.347ms
[2020-08-08T11:34:53.817+0300][381.072s][info][gc] GC(2283) Pause Young (Allocation Failure) 232M->232M(455M) 89.160ms
[2020-08-08T11:34:54.024+0300][381.279s][info][gc] GC(2284) Pause Young (Allocation Failure) 290M->290M(455M) 198.450ms
[2020-08-08T11:34:54.107+0300][381.362s][info][gc] GC(2285) Pause Young (Allocation Failure) 347M->347M(455M) 72.871ms
[2020-08-08T11:34:54.290+0300][381.545s][info][gc] GC(2286) Pause Full (Ergonomics) 347M->80M(455M) 183.636ms
[2020-08-08T11:34:54.491+0300][381.746s][info][gc] GC(2287) Pause Young (Allocation Failure) 136M->136M(455M) 188.120ms
[2020-08-08T11:34:54.617+0300][381.872s][info][gc] GC(2288) Pause Young (Allocation Failure) 193M->193M(455M) 117.854ms
[2020-08-08T11:34:54.722+0300][381.977s][info][gc] GC(2289) Pause Young (Allocation Failure) 251M->251M(455M) 93.328ms
[2020-08-08T11:34:54.919+0300][382.174s][info][gc] GC(2290) Pause Young (Allocation Failure) 308M->309M(455M) 188.897ms
[2020-08-08T11:34:54.994+0300][382.249s][info][gc] GC(2291) Pause Full (Ergonomics) 309M->41M(455M) 74.712ms
[2020-08-08T11:34:55.180+0300][382.435s][info][gc] GC(2292) Pause Young (Allocation Failure) 99M->99M(455M) 176.454ms
[2020-08-08T11:34:55.471+0300][382.726s][info][gc] GC(2293) Pause Young (Allocation Failure) 156M->157M(455M) 282.994ms
[2020-08-08T11:34:55.559+0300][382.815s][info][gc] GC(2294) Pause Young (Allocation Failure) 214M->214M(455M) 76.879ms
[2020-08-08T11:34:55.798+0300][383.053s][info][gc] GC(2295) Pause Young (Allocation Failure) 270M->270M(455M) 228.669ms
[2020-08-08T11:34:55.908+0300][383.163s][info][gc] GC(2296) Pause Young (Allocation Failure) 328M->328M(455M) 102.204ms
[2020-08-08T11:34:56.033+0300][383.288s][info][gc] GC(2297) Pause Full (Ergonomics) 328M->59M(455M) 124.711ms
[2020-08-08T11:34:56.218+0300][383.473s][info][gc] GC(2298) Pause Young (Allocation Failure) 117M->117M(455M) 175.470ms
[2020-08-08T11:34:56.418+0300][383.673s][info][gc] GC(2299) Pause Young (Allocation Failure) 175M->175M(455M) 191.052ms
[2020-08-08T11:34:56.517+0300][383.772s][info][gc] GC(2300) Pause Young (Allocation Failure) 232M->232M(455M) 89.395ms
[2020-08-08T11:34:56.781+0300][384.037s][info][gc] GC(2301) Pause Young (Allocation Failure) 290M->290M(455M) 254.690ms
[2020-08-08T11:34:56.873+0300][384.128s][info][gc] GC(2302) Pause Young (Allocation Failure) 347M->347M(455M) 81.644ms
[2020-08-08T11:34:57.056+0300][384.311s][info][gc] GC(2303) Pause Full (Ergonomics) 347M->80M(455M) 182.644ms
[2020-08-08T11:34:57.253+0300][384.508s][info][gc] GC(2304) Pause Young (Allocation Failure) 136M->136M(455M) 186.953ms
[2020-08-08T11:34:57.382+0300][384.637s][info][gc] GC(2305) Pause Young (Allocation Failure) 193M->193M(455M) 117.311ms
[2020-08-08T11:34:57.487+0300][384.742s][info][gc] GC(2306) Pause Young (Allocation Failure) 251M->251M(455M) 94.787ms
[2020-08-08T11:34:57.713+0300][384.969s][info][gc] GC(2307) Pause Young (Allocation Failure) 308M->309M(455M) 217.930ms
[2020-08-08T11:34:57.784+0300][385.039s][info][gc] GC(2308) Pause Full (Ergonomics) 309M->41M(455M) 69.973ms
[2020-08-08T11:34:57.972+0300][385.227s][info][gc] GC(2309) Pause Young (Allocation Failure) 99M->99M(455M) 178.842ms
[2020-08-08T11:34:58.233+0300][385.489s][info][gc] GC(2310) Pause Young (Allocation Failure) 156M->156M(455M) 253.708ms
[2020-08-08T11:34:58.336+0300][385.591s][info][gc] GC(2311) Pause Young (Allocation Failure) 214M->214M(455M) 89.068ms
[2020-08-08T11:34:58.707+0300][385.962s][info][gc] GC(2312) Pause Young (Allocation Failure) 270M->270M(455M) 358.419ms
[2020-08-08T11:34:58.822+0300][386.077s][info][gc] GC(2313) Pause Young (Allocation Failure) 328M->328M(455M) 107.386ms
[2020-08-08T11:34:58.945+0300][386.200s][info][gc] GC(2314) Pause Full (Ergonomics) 328M->59M(455M) 122.597ms
[2020-08-08T11:34:59.129+0300][386.384s][info][gc] GC(2315) Pause Young (Allocation Failure) 117M->117M(455M) 173.948ms
[2020-08-08T11:34:59.326+0300][386.581s][info][gc] GC(2316) Pause Young (Allocation Failure) 175M->175M(455M) 189.503ms
[2020-08-08T11:34:59.426+0300][386.681s][info][gc] GC(2317) Pause Young (Allocation Failure) 232M->232M(455M) 88.703ms
[2020-08-08T11:34:59.687+0300][386.942s][info][gc] GC(2318) Pause Young (Allocation Failure) 290M->290M(455M) 252.935ms
[2020-08-08T11:34:59.771+0300][387.026s][info][gc] GC(2319) Pause Young (Allocation Failure) 347M->347M(455M) 73.991ms
[2020-08-08T11:34:59.955+0300][387.211s][info][gc] GC(2320) Pause Full (Ergonomics) 347M->80M(455M) 184.141ms
[2020-08-08T11:35:00.154+0300][387.409s][info][gc] GC(2321) Pause Young (Allocation Failure) 136M->136M(455M) 188.414ms
[2020-08-08T11:35:00.265+0300][387.520s][info][gc] GC(2322) Pause Young (Allocation Failure) 193M->193M(455M) 103.804ms
[2020-08-08T11:35:00.368+0300][387.623s][info][gc] GC(2323) Pause Young (Allocation Failure) 251M->251M(455M) 93.143ms
[2020-08-08T11:35:00.571+0300][387.826s][info][gc] GC(2324) Pause Young (Allocation Failure) 308M->309M(455M) 189.804ms
[2020-08-08T11:35:00.641+0300][387.896s][info][gc] GC(2325) Pause Full (Ergonomics) 309M->41M(455M) 70.091ms
[2020-08-08T11:35:00.825+0300][388.080s][info][gc] GC(2326) Pause Young (Allocation Failure) 99M->99M(455M) 173.341ms
[2020-08-08T11:35:01.087+0300][388.342s][info][gc] GC(2327) Pause Young (Allocation Failure) 156M->156M(455M) 254.411ms
[2020-08-08T11:35:01.173+0300][388.428s][info][gc] GC(2328) Pause Young (Allocation Failure) 214M->214M(455M) 76.843ms
[2020-08-08T11:35:01.485+0300][388.740s][info][gc] GC(2329) Pause Young (Allocation Failure) 270M->270M(455M) 300.573ms
[2020-08-08T11:35:01.603+0300][388.858s][info][gc] GC(2330) Pause Young (Allocation Failure) 328M->328M(455M) 107.764ms
[2020-08-08T11:35:01.727+0300][388.982s][info][gc] GC(2331) Pause Full (Ergonomics) 328M->59M(455M) 124.789ms
[2020-08-08T11:35:01.909+0300][389.164s][info][gc] GC(2332) Pause Young (Allocation Failure) 117M->117M(455M) 170.098ms
[2020-08-08T11:35:02.112+0300][389.367s][info][gc] GC(2333) Pause Young (Allocation Failure) 174M->175M(455M) 196.081ms
[2020-08-08T11:35:02.207+0300][389.462s][info][gc] GC(2334) Pause Young (Allocation Failure) 232M->232M(455M) 85.897ms
[2020-08-08T11:35:02.416+0300][389.671s][info][gc] GC(2335) Pause Young (Allocation Failure) 290M->290M(455M) 200.829ms
[2020-08-08T11:35:02.518+0300][389.773s][info][gc] GC(2336) Pause Young (Allocation Failure) 347M->347M(455M) 86.248ms
[2020-08-08T11:35:02.700+0300][389.955s][info][gc] GC(2337) Pause Full (Ergonomics) 347M->79M(455M) 182.068ms
[2020-08-08T11:35:02.893+0300][390.149s][info][gc] GC(2338) Pause Young (Allocation Failure) 136M->136M(455M) 184.021ms
[2020-08-08T11:35:03.019+0300][390.275s][info][gc] GC(2339) Pause Young (Allocation Failure) 193M->193M(455M) 118.626ms
[2020-08-08T11:35:03.122+0300][390.377s][info][gc] GC(2340) Pause Young (Allocation Failure) 251M->251M(455M) 92.245ms
[2020-08-08T11:35:03.324+0300][390.580s][info][gc] GC(2341) Pause Young (Allocation Failure) 308M->309M(455M) 193.291ms
[2020-08-08T11:35:03.398+0300][390.653s][info][gc] GC(2342) Pause Full (Ergonomics) 309M->41M(455M) 73.162ms
[2020-08-08T11:35:03.583+0300][390.838s][info][gc] GC(2343) Pause Young (Allocation Failure) 99M->99M(455M) 174.455ms
[2020-08-08T11:35:03.859+0300][391.114s][info][gc] GC(2344) Pause Young (Allocation Failure) 156M->156M(455M) 266.288ms
[2020-08-08T11:35:03.943+0300][391.198s][info][gc] GC(2345) Pause Young (Allocation Failure) 214M->214M(455M) 74.868ms
[2020-08-08T11:35:04.222+0300][391.477s][info][gc] GC(2346) Pause Young (Allocation Failure) 270M->270M(455M) 270.056ms
[2020-08-08T11:35:04.334+0300][391.589s][info][gc] GC(2347) Pause Young (Allocation Failure) 328M->328M(455M) 104.503ms
[2020-08-08T11:35:04.463+0300][391.718s][info][gc] GC(2348) Pause Full (Ergonomics) 328M->59M(455M) 128.925ms
[2020-08-08T11:35:04.636+0300][391.891s][info][gc] GC(2349) Pause Young (Allocation Failure) 117M->117M(455M) 161.650ms
[2020-08-08T11:35:04.821+0300][392.076s][info][gc] GC(2350) Pause Young (Allocation Failure) 175M->175M(455M) 174.902ms
[2020-08-08T11:35:04.916+0300][392.171s][info][gc] GC(2351) Pause Young (Allocation Failure) 232M->232M(455M) 85.271ms
[2020-08-08T11:35:05.120+0300][392.375s][info][gc] GC(2352) Pause Young (Allocation Failure) 290M->290M(455M) 196.409ms
[2020-08-08T11:35:05.202+0300][392.458s][info][gc] GC(2353) Pause Young (Allocation Failure) 347M->347M(455M) 73.261ms
[2020-08-08T11:35:05.385+0300][392.640s][info][gc] GC(2354) Pause Full (Ergonomics) 347M->80M(455M) 182.048ms
[2020-08-08T11:35:05.586+0300][392.841s][info][gc] GC(2355) Pause Young (Allocation Failure) 136M->136M(455M) 191.261ms
[2020-08-08T11:35:05.721+0300][392.976s][info][gc] GC(2356) Pause Young (Allocation Failure) 193M->193M(455M) 125.291ms
[2020-08-08T11:35:05.828+0300][393.083s][info][gc] GC(2357) Pause Young (Allocation Failure) 251M->251M(455M) 94.834ms
[2020-08-08T11:35:06.037+0300][393.292s][info][gc] GC(2358) Pause Young (Allocation Failure) 308M->309M(455M) 199.750ms
[2020-08-08T11:35:06.106+0300][393.361s][info][gc] GC(2359) Pause Full (Ergonomics) 309M->41M(455M) 69.296ms
[2020-08-08T11:35:06.302+0300][393.557s][info][gc] GC(2360) Pause Young (Allocation Failure) 99M->99M(455M) 186.177ms
[2020-08-08T11:35:06.578+0300][393.833s][info][gc] GC(2361) Pause Young (Allocation Failure) 156M->156M(455M) 268.173ms
[2020-08-08T11:35:06.663+0300][393.918s][info][gc] GC(2362) Pause Young (Allocation Failure) 214M->214M(455M) 74.116ms
[2020-08-08T11:35:06.968+0300][394.223s][info][gc] GC(2363) Pause Young (Allocation Failure) 270M->270M(455M) 295.104ms
[2020-08-08T11:35:07.081+0300][394.337s][info][gc] GC(2364) Pause Young (Allocation Failure) 328M->328M(455M) 103.614ms
[2020-08-08T11:35:07.211+0300][394.466s][info][gc] GC(2365) Pause Full (Ergonomics) 328M->59M(455M) 129.088ms
[2020-08-08T11:35:07.405+0300][394.660s][info][gc] GC(2366) Pause Young (Allocation Failure) 117M->117M(455M) 183.742ms
[2020-08-08T11:35:07.606+0300][394.861s][info][gc] GC(2367) Pause Young (Allocation Failure) 174M->175M(455M) 193.129ms
[2020-08-08T11:35:07.700+0300][394.955s][info][gc] GC(2368) Pause Young (Allocation Failure) 232M->232M(455M) 84.017ms
[2020-08-08T11:35:07.911+0300][395.166s][info][gc] GC(2369) Pause Young (Allocation Failure) 290M->290M(455M) 200.124ms
[2020-08-08T11:35:08.002+0300][395.257s][info][gc] GC(2370) Pause Young (Allocation Failure) 347M->347M(455M) 78.038ms
[2020-08-08T11:35:08.187+0300][395.442s][info][gc] GC(2371) Pause Full (Ergonomics) 347M->79M(455M) 185.431ms
[2020-08-08T11:35:08.385+0300][395.640s][info][gc] GC(2372) Pause Young (Allocation Failure) 136M->136M(455M) 188.172ms
[2020-08-08T11:35:08.517+0300][395.772s][info][gc] GC(2373) Pause Young (Allocation Failure) 193M->193M(455M) 122.796ms
[2020-08-08T11:35:08.619+0300][395.874s][info][gc] GC(2374) Pause Young (Allocation Failure) 251M->251M(455M) 92.888ms
[2020-08-08T11:35:08.824+0300][396.079s][info][gc] GC(2375) Pause Young (Allocation Failure) 308M->309M(455M) 195.554ms
[2020-08-08T11:35:08.898+0300][396.153s][info][gc] GC(2376) Pause Full (Ergonomics) 309M->41M(455M) 73.828ms
[2020-08-08T11:35:09.077+0300][396.332s][info][gc] GC(2377) Pause Young (Allocation Failure) 99M->99M(455M) 168.849ms
[2020-08-08T11:35:09.364+0300][396.619s][info][gc] GC(2378) Pause Young (Allocation Failure) 156M->156M(455M) 278.590ms
[2020-08-08T11:35:09.446+0300][396.701s][info][gc] GC(2379) Pause Young (Allocation Failure) 214M->214M(455M) 72.687ms
[2020-08-08T11:35:09.759+0300][397.014s][info][gc] GC(2380) Pause Young (Allocation Failure) 270M->270M(455M) 302.759ms
[2020-08-08T11:35:09.874+0300][397.129s][info][gc] GC(2381) Pause Young (Allocation Failure) 328M->328M(455M) 106.754ms
[2020-08-08T11:35:09.997+0300][397.252s][info][gc] GC(2382) Pause Full (Ergonomics) 328M->59M(455M) 122.544ms
[2020-08-08T11:35:10.162+0300][397.417s][info][gc] GC(2383) Pause Young (Allocation Failure) 117M->117M(455M) 154.614ms
[2020-08-08T11:35:10.345+0300][397.600s][info][gc] GC(2384) Pause Young (Allocation Failure) 174M->175M(455M) 174.279ms
[2020-08-08T11:35:10.441+0300][397.696s][info][gc] GC(2385) Pause Young (Allocation Failure) 232M->232M(455M) 83.975ms
[2020-08-08T11:35:10.728+0300][397.983s][info][gc] GC(2386) Pause Young (Allocation Failure) 290M->290M(455M) 278.700ms
[2020-08-08T11:35:10.821+0300][398.077s][info][gc] GC(2387) Pause Young (Allocation Failure) 347M->347M(455M) 81.042ms
[2020-08-08T11:35:11.007+0300][398.263s][info][gc] GC(2388) Pause Full (Ergonomics) 347M->80M(455M) 185.940ms
[2020-08-08T11:35:11.204+0300][398.459s][info][gc] GC(2389) Pause Young (Allocation Failure) 136M->136M(455M) 185.959ms
[2020-08-08T11:35:11.322+0300][398.577s][info][gc] GC(2390) Pause Young (Allocation Failure) 193M->193M(455M) 109.431ms
[2020-08-08T11:35:11.425+0300][398.680s][info][gc] GC(2391) Pause Young (Allocation Failure) 251M->251M(455M) 93.314ms
[2020-08-08T11:35:11.605+0300][398.860s][info][gc] GC(2392) Pause Young (Allocation Failure) 308M->309M(455M) 171.197ms
[2020-08-08T11:35:11.680+0300][398.935s][info][gc] GC(2393) Pause Full (Ergonomics) 309M->41M(455M) 74.941ms
[2020-08-08T11:35:11.877+0300][399.132s][info][gc] GC(2394) Pause Young (Allocation Failure) 98M->98M(455M) 186.591ms
[2020-08-08T11:35:12.176+0300][399.432s][info][gc] GC(2395) Pause Young (Allocation Failure) 156M->156M(455M) 292.400ms
[2020-08-08T11:35:12.262+0300][399.517s][info][gc] GC(2396) Pause Young (Allocation Failure) 214M->214M(455M) 75.778ms
[2020-08-08T11:35:12.549+0300][399.804s][info][gc] GC(2397) Pause Young (Allocation Failure) 270M->270M(455M) 275.096ms
[2020-08-08T11:35:12.659+0300][399.914s][info][gc] GC(2398) Pause Young (Allocation Failure) 327M->327M(455M) 100.694ms
[2020-08-08T11:35:12.782+0300][400.037s][info][gc] GC(2399) Pause Full (Ergonomics) 327M->59M(455M) 122.773ms
[2020-08-08T11:35:12.949+0300][400.204s][info][gc] GC(2400) Pause Young (Allocation Failure) 117M->117M(455M) 156.685ms
[2020-08-08T11:35:13.127+0300][400.382s][info][gc] GC(2401) Pause Young (Allocation Failure) 175M->175M(455M) 170.892ms
[2020-08-08T11:35:13.225+0300][400.480s][info][gc] GC(2402) Pause Young (Allocation Failure) 232M->232M(455M) 86.386ms
[2020-08-08T11:35:13.479+0300][400.734s][info][gc] GC(2403) Pause Young (Allocation Failure) 290M->290M(455M) 243.486ms
[2020-08-08T11:35:13.564+0300][400.819s][info][gc] GC(2404) Pause Young (Allocation Failure) 347M->347M(455M) 75.058ms
[2020-08-08T11:35:13.747+0300][401.002s][info][gc] GC(2405) Pause Full (Ergonomics) 347M->80M(455M) 182.937ms
[2020-08-08T11:35:13.947+0300][401.203s][info][gc] GC(2406) Pause Young (Allocation Failure) 136M->136M(455M) 189.669ms
[2020-08-08T11:35:14.064+0300][401.319s][info][gc] GC(2407) Pause Young (Allocation Failure) 193M->193M(455M) 108.515ms
[2020-08-08T11:35:14.167+0300][401.422s][info][gc] GC(2408) Pause Young (Allocation Failure) 251M->251M(455M) 93.537ms
[2020-08-08T11:35:14.361+0300][401.616s][info][gc] GC(2409) Pause Young (Allocation Failure) 308M->309M(455M) 181.918ms
[2020-08-08T11:35:14.435+0300][401.690s][info][gc] GC(2410) Pause Full (Ergonomics) 309M->41M(455M) 73.751ms
[2020-08-08T11:35:14.624+0300][401.879s][info][gc] GC(2411) Pause Young (Allocation Failure) 99M->99M(455M) 177.032ms
[2020-08-08T11:35:14.881+0300][402.136s][info][gc] GC(2412) Pause Young (Allocation Failure) 156M->156M(455M) 249.285ms
[2020-08-08T11:35:14.968+0300][402.223s][info][gc] GC(2413) Pause Young (Allocation Failure) 214M->214M(455M) 77.055ms
[2020-08-08T11:35:15.251+0300][402.506s][info][gc] GC(2414) Pause Young (Allocation Failure) 270M->270M(455M) 273.186ms
[2020-08-08T11:35:15.363+0300][402.618s][info][gc] GC(2415) Pause Young (Allocation Failure) 328M->328M(455M) 103.914ms
[2020-08-08T11:35:15.485+0300][402.740s][info][gc] GC(2416) Pause Full (Ergonomics) 328M->59M(455M) 121.786ms
[2020-08-08T11:35:15.659+0300][402.914s][info][gc] GC(2417) Pause Young (Allocation Failure) 117M->117M(455M) 162.375ms
[2020-08-08T11:35:15.853+0300][403.108s][info][gc] GC(2418) Pause Young (Allocation Failure) 174M->175M(455M) 186.381ms
[2020-08-08T11:35:15.950+0300][403.205s][info][gc] GC(2419) Pause Young (Allocation Failure) 232M->232M(455M) 87.110ms
[2020-08-08T11:35:16.152+0300][403.407s][info][gc] GC(2420) Pause Young (Allocation Failure) 290M->290M(455M) 194.239ms
[2020-08-08T11:35:16.235+0300][403.490s][info][gc] GC(2421) Pause Young (Allocation Failure) 347M->347M(455M) 73.930ms
[2020-08-08T11:35:16.419+0300][403.674s][info][gc] GC(2422) Pause Full (Ergonomics) 347M->80M(455M) 183.525ms
[2020-08-08T11:35:16.612+0300][403.867s][info][gc] GC(2423) Pause Young (Allocation Failure) 136M->136M(455M) 180.134ms
[2020-08-08T11:35:16.749+0300][404.004s][info][gc] GC(2424) Pause Young (Allocation Failure) 193M->193M(455M) 128.573ms
[2020-08-08T11:35:16.851+0300][404.106s][info][gc] GC(2425) Pause Young (Allocation Failure) 251M->251M(455M) 91.688ms
[2020-08-08T11:35:17.043+0300][404.298s][info][gc] GC(2426) Pause Young (Allocation Failure) 308M->309M(455M) 183.186ms
[2020-08-08T11:35:17.117+0300][404.372s][info][gc] GC(2427) Pause Full (Ergonomics) 309M->41M(455M) 74.209ms
[2020-08-08T11:35:17.306+0300][404.561s][info][gc] GC(2428) Pause Young (Allocation Failure) 99M->99M(455M) 179.106ms
[2020-08-08T11:35:17.565+0300][404.820s][info][gc] GC(2429) Pause Young (Allocation Failure) 156M->157M(455M) 251.170ms
[2020-08-08T11:35:17.654+0300][404.909s][info][gc] GC(2430) Pause Young (Allocation Failure) 214M->214M(455M) 76.591ms
[2020-08-08T11:35:17.905+0300][405.160s][info][gc] GC(2431) Pause Young (Allocation Failure) 270M->270M(455M) 241.350ms
[2020-08-08T11:35:18.018+0300][405.273s][info][gc] GC(2432) Pause Young (Allocation Failure) 328M->328M(455M) 106.054ms
[2020-08-08T11:35:18.144+0300][405.399s][info][gc] GC(2433) Pause Full (Ergonomics) 328M->59M(455M) 125.731ms
[2020-08-08T11:35:18.329+0300][405.584s][info][gc] GC(2434) Pause Young (Allocation Failure) 117M->117M(455M) 175.147ms
[2020-08-08T11:35:18.533+0300][405.788s][info][gc] GC(2435) Pause Young (Allocation Failure) 175M->175M(455M) 196.786ms
[2020-08-08T11:35:18.637+0300][405.892s][info][gc] GC(2436) Pause Young (Allocation Failure) 232M->232M(455M) 90.135ms
[2020-08-08T11:35:18.881+0300][406.136s][info][gc] GC(2437) Pause Young (Allocation Failure) 290M->290M(455M) 233.987ms
[2020-08-08T11:35:18.965+0300][406.220s][info][gc] GC(2438) Pause Young (Allocation Failure) 347M->347M(455M) 74.733ms
[2020-08-08T11:35:19.147+0300][406.402s][info][gc] GC(2439) Pause Full (Ergonomics) 347M->80M(455M) 182.260ms
[2020-08-08T11:35:19.339+0300][406.594s][info][gc] GC(2440) Pause Young (Allocation Failure) 136M->136M(455M) 182.140ms
[2020-08-08T11:35:19.454+0300][406.709s][info][gc] GC(2441) Pause Young (Allocation Failure) 193M->193M(455M) 107.084ms
[2020-08-08T11:35:19.555+0300][406.810s][info][gc] GC(2442) Pause Young (Allocation Failure) 251M->251M(455M) 92.246ms
[2020-08-08T11:35:19.751+0300][407.006s][info][gc] GC(2443) Pause Young (Allocation Failure) 308M->309M(455M) 182.154ms
[2020-08-08T11:35:19.821+0300][407.076s][info][gc] GC(2444) Pause Full (Ergonomics) 309M->41M(455M) 69.802ms
[2020-08-08T11:35:20.001+0300][407.256s][info][gc] GC(2445) Pause Young (Allocation Failure) 99M->99M(455M) 170.972ms
[2020-08-08T11:35:20.272+0300][407.527s][info][gc] GC(2446) Pause Young (Allocation Failure) 156M->156M(455M) 263.603ms
[2020-08-08T11:35:20.361+0300][407.616s][info][gc] GC(2447) Pause Young (Allocation Failure) 214M->214M(455M) 79.983ms
[2020-08-08T11:35:20.658+0300][407.913s][info][gc] GC(2448) Pause Young (Allocation Failure) 270M->270M(455M) 286.541ms
[2020-08-08T11:35:20.770+0300][408.025s][info][gc] GC(2449) Pause Young (Allocation Failure) 328M->328M(455M) 102.495ms
[2020-08-08T11:35:20.893+0300][408.148s][info][gc] GC(2450) Pause Full (Ergonomics) 328M->59M(455M) 123.062ms
[2020-08-08T11:35:21.081+0300][408.336s][info][gc] GC(2451) Pause Young (Allocation Failure) 117M->117M(455M) 178.493ms
[2020-08-08T11:35:21.289+0300][408.544s][info][gc] GC(2452) Pause Young (Allocation Failure) 174M->175M(455M) 200.039ms
[2020-08-08T11:35:21.386+0300][408.641s][info][gc] GC(2453) Pause Young (Allocation Failure) 232M->232M(455M) 87.745ms
[2020-08-08T11:35:21.592+0300][408.848s][info][gc] GC(2454) Pause Young (Allocation Failure) 290M->290M(455M) 198.222ms
[2020-08-08T11:35:21.682+0300][408.937s][info][gc] GC(2455) Pause Young (Allocation Failure) 347M->347M(455M) 74.756ms
[2020-08-08T11:35:21.863+0300][409.118s][info][gc] GC(2456) Pause Full (Ergonomics) 347M->79M(455M) 181.387ms
[2020-08-08T11:35:22.061+0300][409.316s][info][gc] GC(2457) Pause Young (Allocation Failure) 136M->136M(455M) 188.070ms
[2020-08-08T11:35:22.184+0300][409.439s][info][gc] GC(2458) Pause Young (Allocation Failure) 193M->193M(455M) 113.609ms
[2020-08-08T11:35:22.286+0300][409.541s][info][gc] GC(2459) Pause Young (Allocation Failure) 251M->251M(455M) 92.226ms
[2020-08-08T11:35:22.471+0300][409.726s][info][gc] GC(2460) Pause Young (Allocation Failure) 308M->309M(455M) 176.943ms
[2020-08-08T11:35:22.543+0300][409.798s][info][gc] GC(2461) Pause Full (Ergonomics) 309M->41M(455M) 71.998ms
[2020-08-08T11:35:22.735+0300][409.991s][info][gc] GC(2462) Pause Young (Allocation Failure) 99M->99M(455M) 181.757ms
[2020-08-08T11:35:23.001+0300][410.256s][info][gc] GC(2463) Pause Young (Allocation Failure) 156M->156M(455M) 256.100ms
[2020-08-08T11:35:23.087+0300][410.342s][info][gc] GC(2464) Pause Young (Allocation Failure) 214M->214M(455M) 76.555ms
[2020-08-08T11:35:23.395+0300][410.650s][info][gc] GC(2465) Pause Young (Allocation Failure) 270M->270M(455M) 297.617ms
[2020-08-08T11:35:23.508+0300][410.763s][info][gc] GC(2466) Pause Young (Allocation Failure) 328M->328M(455M) 105.808ms
[2020-08-08T11:35:23.636+0300][410.891s][info][gc] GC(2467) Pause Full (Ergonomics) 328M->59M(455M) 127.823ms
[2020-08-08T11:35:23.809+0300][411.064s][info][gc] GC(2468) Pause Young (Allocation Failure) 117M->117M(455M) 162.748ms
[2020-08-08T11:35:23.993+0300][411.248s][info][gc] GC(2469) Pause Young (Allocation Failure) 175M->175M(455M) 174.311ms
[2020-08-08T11:35:24.088+0300][411.343s][info][gc] GC(2470) Pause Young (Allocation Failure) 232M->232M(455M) 85.588ms
[2020-08-08T11:35:24.358+0300][411.613s][info][gc] GC(2471) Pause Young (Allocation Failure) 290M->290M(455M) 261.733ms
[2020-08-08T11:35:24.448+0300][411.703s][info][gc] GC(2472) Pause Young (Allocation Failure) 347M->347M(455M) 79.538ms
[2020-08-08T11:35:24.631+0300][411.886s][info][gc] GC(2473) Pause Full (Ergonomics) 347M->80M(455M) 182.957ms
[2020-08-08T11:35:24.831+0300][412.086s][info][gc] GC(2474) Pause Young (Allocation Failure) 136M->136M(455M) 188.808ms
[2020-08-08T11:35:24.966+0300][412.221s][info][gc] GC(2475) Pause Young (Allocation Failure) 193M->193M(455M) 123.950ms
[2020-08-08T11:35:25.069+0300][412.324s][info][gc] GC(2476) Pause Young (Allocation Failure) 251M->251M(455M) 93.200ms
[2020-08-08T11:35:25.295+0300][412.550s][info][gc] GC(2477) Pause Young (Allocation Failure) 308M->309M(455M) 216.861ms
[2020-08-08T11:35:25.363+0300][412.618s][info][gc] GC(2478) Pause Full (Ergonomics) 309M->41M(455M) 68.278ms
[2020-08-08T11:35:25.553+0300][412.808s][info][gc] GC(2479) Pause Young (Allocation Failure) 99M->99M(455M) 179.620ms
[2020-08-08T11:35:25.827+0300][413.082s][info][gc] GC(2480) Pause Young (Allocation Failure) 156M->156M(455M) 266.293ms
[2020-08-08T11:35:25.915+0300][413.170s][info][gc] GC(2481) Pause Young (Allocation Failure) 214M->214M(455M) 76.611ms
[2020-08-08T11:35:26.282+0300][413.537s][info][gc] GC(2482) Pause Young (Allocation Failure) 270M->270M(455M) 357.491ms
[2020-08-08T11:35:26.412+0300][413.667s][info][gc] GC(2483) Pause Young (Allocation Failure) 328M->328M(455M) 122.537ms
[2020-08-08T11:35:26.544+0300][413.799s][info][gc] GC(2484) Pause Full (Ergonomics) 328M->59M(455M) 132.021ms
[2020-08-08T11:35:26.718+0300][413.973s][info][gc] GC(2485) Pause Young (Allocation Failure) 117M->117M(455M) 162.638ms
[2020-08-08T11:35:26.891+0300][414.146s][info][gc] GC(2486) Pause Young (Allocation Failure) 175M->175M(455M) 165.322ms
[2020-08-08T11:35:26.989+0300][414.244s][info][gc] GC(2487) Pause Young (Allocation Failure) 232M->232M(455M) 86.232ms
[2020-08-08T11:35:27.291+0300][414.546s][info][gc] GC(2488) Pause Young (Allocation Failure) 290M->290M(455M) 294.130ms
[2020-08-08T11:35:27.378+0300][414.633s][info][gc] GC(2489) Pause Young (Allocation Failure) 347M->347M(455M) 77.625ms
[2020-08-08T11:35:27.561+0300][414.816s][info][gc] GC(2490) Pause Full (Ergonomics) 347M->80M(455M) 182.785ms
[2020-08-08T11:35:27.760+0300][415.015s][info][gc] GC(2491) Pause Young (Allocation Failure) 136M->136M(455M) 188.841ms
[2020-08-08T11:35:27.879+0300][415.135s][info][gc] GC(2492) Pause Young (Allocation Failure) 193M->193M(455M) 111.436ms
[2020-08-08T11:35:27.985+0300][415.240s][info][gc] GC(2493) Pause Young (Allocation Failure) 251M->251M(455M) 93.800ms
[2020-08-08T11:35:28.190+0300][415.445s][info][gc] GC(2494) Pause Young (Allocation Failure) 308M->309M(455M) 195.596ms
[2020-08-08T11:35:28.263+0300][415.518s][info][gc] GC(2495) Pause Full (Ergonomics) 309M->41M(455M) 72.689ms
[2020-08-08T11:35:28.439+0300][415.694s][info][gc] GC(2496) Pause Young (Allocation Failure) 99M->99M(455M) 165.696ms
[2020-08-08T11:35:28.704+0300][415.959s][info][gc] GC(2497) Pause Young (Allocation Failure) 156M->156M(455M) 257.704ms
[2020-08-08T11:35:28.788+0300][416.043s][info][gc] GC(2498) Pause Young (Allocation Failure) 214M->214M(455M) 74.385ms
[2020-08-08T11:35:29.141+0300][416.396s][info][gc] GC(2499) Pause Young (Allocation Failure) 270M->270M(455M) 342.364ms
[2020-08-08T11:35:29.269+0300][416.524s][info][gc] GC(2500) Pause Young (Allocation Failure) 328M->328M(455M) 118.312ms
[2020-08-08T11:35:29.394+0300][416.649s][info][gc] GC(2501) Pause Full (Ergonomics) 328M->59M(455M) 125.017ms
[2020-08-08T11:35:29.585+0300][416.840s][info][gc] GC(2502) Pause Young (Allocation Failure) 117M->117M(455M) 181.080ms
[2020-08-08T11:35:29.791+0300][417.046s][info][gc] GC(2503) Pause Young (Allocation Failure) 174M->175M(455M) 197.695ms
[2020-08-08T11:35:29.887+0300][417.142s][info][gc] GC(2504) Pause Young (Allocation Failure) 232M->232M(455M) 85.974ms
[2020-08-08T11:35:30.189+0300][417.444s][info][gc] GC(2505) Pause Young (Allocation Failure) 290M->290M(455M) 293.599ms
[2020-08-08T11:35:30.282+0300][417.537s][info][gc] GC(2506) Pause Young (Allocation Failure) 347M->347M(455M) 81.739ms
[2020-08-08T11:35:30.464+0300][417.719s][info][gc] GC(2507) Pause Full (Ergonomics) 347M->79M(455M) 182.156ms
[2020-08-08T11:35:30.660+0300][417.915s][info][gc] GC(2508) Pause Young (Allocation Failure) 136M->136M(455M) 184.885ms
[2020-08-08T11:35:30.778+0300][418.033s][info][gc] GC(2509) Pause Young (Allocation Failure) 193M->193M(455M) 110.118ms
[2020-08-08T11:35:30.881+0300][418.136s][info][gc] GC(2510) Pause Young (Allocation Failure) 251M->251M(455M) 93.441ms
[2020-08-08T11:35:31.085+0300][418.340s][info][gc] GC(2511) Pause Young (Allocation Failure) 308M->309M(455M) 195.298ms
[2020-08-08T11:35:31.156+0300][418.411s][info][gc] GC(2512) Pause Full (Ergonomics) 309M->41M(455M) 71.375ms
[2020-08-08T11:35:31.355+0300][418.610s][info][gc] GC(2513) Pause Young (Allocation Failure) 98M->98M(455M) 187.659ms
[2020-08-08T11:35:31.658+0300][418.913s][info][gc] GC(2514) Pause Young (Allocation Failure) 156M->156M(455M) 295.099ms
[2020-08-08T11:35:31.754+0300][419.009s][info][gc] GC(2515) Pause Young (Allocation Failure) 213M->214M(455M) 82.697ms
[2020-08-08T11:35:32.066+0300][419.321s][info][gc] GC(2516) Pause Young (Allocation Failure) 270M->270M(455M) 303.062ms
[2020-08-08T11:35:32.187+0300][419.442s][info][gc] GC(2517) Pause Young (Allocation Failure) 327M->327M(455M) 113.332ms
[2020-08-08T11:35:32.314+0300][419.569s][info][gc] GC(2518) Pause Full (Ergonomics) 327M->59M(455M) 127.170ms
[2020-08-08T11:35:32.498+0300][419.753s][info][gc] GC(2519) Pause Young (Allocation Failure) 117M->117M(455M) 172.567ms
[2020-08-08T11:35:32.702+0300][419.957s][info][gc] GC(2520) Pause Young (Allocation Failure) 174M->175M(455M) 195.554ms
[2020-08-08T11:35:32.801+0300][420.056s][info][gc] GC(2521) Pause Young (Allocation Failure) 232M->232M(455M) 89.078ms
[2020-08-08T11:35:33.012+0300][420.267s][info][gc] GC(2522) Pause Young (Allocation Failure) 290M->290M(455M) 201.715ms
[2020-08-08T11:35:33.097+0300][420.352s][info][gc] GC(2523) Pause Young (Allocation Failure) 347M->347M(455M) 74.834ms
[2020-08-08T11:35:33.292+0300][420.547s][info][gc] GC(2524) Pause Full (Ergonomics) 347M->80M(455M) 195.801ms
[2020-08-08T11:35:33.488+0300][420.743s][info][gc] GC(2525) Pause Young (Allocation Failure) 136M->136M(455M) 181.944ms
[2020-08-08T11:35:33.618+0300][420.873s][info][gc] GC(2526) Pause Young (Allocation Failure) 193M->193M(455M) 121.378ms
[2020-08-08T11:35:33.723+0300][420.978s][info][gc] GC(2527) Pause Young (Allocation Failure) 251M->251M(455M) 95.119ms
[2020-08-08T11:35:33.921+0300][421.176s][info][gc] GC(2528) Pause Young (Allocation Failure) 308M->309M(455M) 189.980ms
[2020-08-08T11:35:33.991+0300][421.246s][info][gc] GC(2529) Pause Full (Ergonomics) 309M->41M(455M) 70.023ms
[2020-08-08T11:35:34.175+0300][421.430s][info][gc] GC(2530) Pause Young (Allocation Failure) 99M->99M(455M) 174.249ms
[2020-08-08T11:35:34.456+0300][421.711s][info][gc] GC(2531) Pause Young (Allocation Failure) 156M->157M(455M) 274.465ms
[2020-08-08T11:35:34.543+0300][421.798s][info][gc] GC(2532) Pause Young (Allocation Failure) 214M->214M(455M) 75.637ms
[2020-08-08T11:35:34.797+0300][422.053s][info][gc] GC(2533) Pause Young (Allocation Failure) 270M->270M(455M) 243.703ms
[2020-08-08T11:35:34.906+0300][422.161s][info][gc] GC(2534) Pause Young (Allocation Failure) 328M->328M(455M) 100.046ms
[2020-08-08T11:35:35.030+0300][422.285s][info][gc] GC(2535) Pause Full (Ergonomics) 328M->59M(455M) 124.614ms
[2020-08-08T11:35:35.201+0300][422.456s][info][gc] GC(2536) Pause Young (Allocation Failure) 117M->117M(455M) 161.300ms
[2020-08-08T11:35:35.407+0300][422.662s][info][gc] GC(2537) Pause Young (Allocation Failure) 175M->175M(455M) 198.501ms
[2020-08-08T11:35:35.505+0300][422.760s][info][gc] GC(2538) Pause Young (Allocation Failure) 232M->232M(455M) 86.708ms
[2020-08-08T11:35:35.755+0300][423.010s][info][gc] GC(2539) Pause Young (Allocation Failure) 290M->290M(455M) 241.185ms
[2020-08-08T11:35:35.839+0300][423.094s][info][gc] GC(2540) Pause Young (Allocation Failure) 347M->347M(455M) 73.597ms
[2020-08-08T11:35:36.033+0300][423.288s][info][gc] GC(2541) Pause Full (Ergonomics) 347M->80M(455M) 193.815ms
[2020-08-08T11:35:36.230+0300][423.485s][info][gc] GC(2542) Pause Young (Allocation Failure) 136M->136M(455M) 188.092ms
[2020-08-08T11:35:36.372+0300][423.627s][info][gc] GC(2543) Pause Young (Allocation Failure) 193M->193M(455M) 133.327ms
[2020-08-08T11:35:36.482+0300][423.737s][info][gc] GC(2544) Pause Young (Allocation Failure) 251M->251M(455M) 95.002ms
[2020-08-08T11:35:36.671+0300][423.926s][info][gc] GC(2545) Pause Young (Allocation Failure) 308M->309M(455M) 179.399ms
[2020-08-08T11:35:36.740+0300][423.995s][info][gc] GC(2546) Pause Full (Ergonomics) 309M->41M(455M) 68.980ms
[2020-08-08T11:35:36.931+0300][424.186s][info][gc] GC(2547) Pause Young (Allocation Failure) 99M->99M(455M) 179.778ms
[2020-08-08T11:35:37.199+0300][424.454s][info][gc] GC(2548) Pause Young (Allocation Failure) 156M->156M(455M) 260.212ms
[2020-08-08T11:35:37.285+0300][424.540s][info][gc] GC(2549) Pause Young (Allocation Failure) 214M->214M(455M) 76.614ms
[2020-08-08T11:35:37.595+0300][424.850s][info][gc] GC(2550) Pause Young (Allocation Failure) 270M->270M(455M) 299.901ms
[2020-08-08T11:35:37.723+0300][424.978s][info][gc] GC(2551) Pause Young (Allocation Failure) 328M->328M(455M) 117.736ms
[2020-08-08T11:35:37.847+0300][425.102s][info][gc] GC(2552) Pause Full (Ergonomics) 328M->59M(455M) 123.859ms
[2020-08-08T11:35:38.038+0300][425.293s][info][gc] GC(2553) Pause Young (Allocation Failure) 117M->117M(455M) 180.281ms
[2020-08-08T11:35:38.216+0300][425.472s][info][gc] GC(2554) Pause Young (Allocation Failure) 174M->175M(455M) 170.703ms
[2020-08-08T11:35:38.311+0300][425.566s][info][gc] GC(2555) Pause Young (Allocation Failure) 232M->232M(455M) 84.417ms
[2020-08-08T11:35:38.519+0300][425.774s][info][gc] GC(2556) Pause Young (Allocation Failure) 290M->290M(455M) 200.205ms
[2020-08-08T11:35:38.603+0300][425.858s][info][gc] GC(2557) Pause Young (Allocation Failure) 347M->347M(455M) 73.974ms
[2020-08-08T11:35:38.792+0300][426.047s][info][gc] GC(2558) Pause Full (Ergonomics) 347M->80M(455M) 189.319ms
[2020-08-08T11:35:38.987+0300][426.242s][info][gc] GC(2559) Pause Young (Allocation Failure) 136M->136M(455M) 182.363ms
[2020-08-08T11:35:39.106+0300][426.362s][info][gc] GC(2560) Pause Young (Allocation Failure) 193M->193M(455M) 111.892ms
[2020-08-08T11:35:39.209+0300][426.464s][info][gc] GC(2561) Pause Young (Allocation Failure) 251M->251M(455M) 92.645ms
[2020-08-08T11:35:39.402+0300][426.657s][info][gc] GC(2562) Pause Young (Allocation Failure) 308M->309M(455M) 184.447ms
[2020-08-08T11:35:39.469+0300][426.724s][info][gc] GC(2563) Pause Full (Ergonomics) 309M->41M(455M) 67.229ms
[2020-08-08T11:35:39.659+0300][426.914s][info][gc] GC(2564) Pause Young (Allocation Failure) 99M->99M(455M) 180.000ms
[2020-08-08T11:35:39.930+0300][427.185s][info][gc] GC(2565) Pause Young (Allocation Failure) 156M->156M(455M) 262.151ms
[2020-08-08T11:35:40.022+0300][427.277s][info][gc] GC(2566) Pause Young (Allocation Failure) 214M->214M(455M) 78.990ms
[2020-08-08T11:35:40.335+0300][427.590s][info][gc] GC(2567) Pause Young (Allocation Failure) 270M->270M(455M) 300.433ms
[2020-08-08T11:35:40.448+0300][427.703s][info][gc] GC(2568) Pause Young (Allocation Failure) 328M->328M(455M) 104.753ms
[2020-08-08T11:35:40.580+0300][427.835s][info][gc] GC(2569) Pause Full (Ergonomics) 328M->59M(455M) 131.877ms
[2020-08-08T11:35:40.749+0300][428.004s][info][gc] GC(2570) Pause Young (Allocation Failure) 117M->117M(455M) 158.744ms
[2020-08-08T11:35:40.938+0300][428.193s][info][gc] GC(2571) Pause Young (Allocation Failure) 175M->175M(455M) 179.898ms
[2020-08-08T11:35:41.035+0300][428.290s][info][gc] GC(2572) Pause Young (Allocation Failure) 232M->232M(455M) 86.251ms
[2020-08-08T11:35:41.295+0300][428.550s][info][gc] GC(2573) Pause Young (Allocation Failure) 290M->290M(455M) 251.887ms
[2020-08-08T11:35:41.386+0300][428.641s][info][gc] GC(2574) Pause Young (Allocation Failure) 347M->347M(455M) 80.681ms
[2020-08-08T11:35:41.576+0300][428.831s][info][gc] GC(2575) Pause Full (Ergonomics) 347M->80M(455M) 189.580ms
[2020-08-08T11:35:41.776+0300][429.031s][info][gc] GC(2576) Pause Young (Allocation Failure) 136M->136M(455M) 190.835ms
[2020-08-08T11:35:41.891+0300][429.146s][info][gc] GC(2577) Pause Young (Allocation Failure) 193M->193M(455M) 107.056ms
[2020-08-08T11:35:41.994+0300][429.249s][info][gc] GC(2578) Pause Young (Allocation Failure) 251M->251M(455M) 93.037ms
[2020-08-08T11:35:42.222+0300][429.477s][info][gc] GC(2579) Pause Young (Allocation Failure) 308M->309M(455M) 216.669ms
[2020-08-08T11:35:42.292+0300][429.547s][info][gc] GC(2580) Pause Full (Ergonomics) 309M->41M(455M) 69.342ms
[2020-08-08T11:35:42.482+0300][429.737s][info][gc] GC(2581) Pause Young (Allocation Failure) 99M->99M(455M) 180.380ms
[2020-08-08T11:35:42.751+0300][430.006s][info][gc] GC(2582) Pause Young (Allocation Failure) 156M->156M(455M) 261.187ms
[2020-08-08T11:35:42.840+0300][430.095s][info][gc] GC(2583) Pause Young (Allocation Failure) 214M->214M(455M) 75.391ms
[2020-08-08T11:35:43.142+0300][430.397s][info][gc] GC(2584) Pause Young (Allocation Failure) 270M->270M(455M) 292.288ms
[2020-08-08T11:35:43.261+0300][430.516s][info][gc] GC(2585) Pause Young (Allocation Failure) 328M->328M(455M) 110.069ms
[2020-08-08T11:35:43.383+0300][430.638s][info][gc] GC(2586) Pause Full (Ergonomics) 328M->59M(455M) 122.296ms
[2020-08-08T11:35:43.555+0300][430.810s][info][gc] GC(2587) Pause Young (Allocation Failure) 117M->117M(455M) 160.615ms
[2020-08-08T11:35:43.742+0300][430.997s][info][gc] GC(2588) Pause Young (Allocation Failure) 175M->175M(455M) 178.778ms
[2020-08-08T11:35:43.839+0300][431.094s][info][gc] GC(2589) Pause Young (Allocation Failure) 232M->232M(455M) 87.490ms
[2020-08-08T11:35:44.096+0300][431.351s][info][gc] GC(2590) Pause Young (Allocation Failure) 290M->290M(455M) 244.054ms
[2020-08-08T11:35:44.184+0300][431.439s][info][gc] GC(2591) Pause Young (Allocation Failure) 347M->347M(455M) 76.972ms
[2020-08-08T11:35:44.377+0300][431.632s][info][gc] GC(2592) Pause Full (Ergonomics) 347M->79M(455M) 193.143ms
[2020-08-08T11:35:44.576+0300][431.831s][info][gc] GC(2593) Pause Young (Allocation Failure) 136M->136M(455M) 188.932ms
[2020-08-08T11:35:44.700+0300][431.955s][info][gc] GC(2594) Pause Young (Allocation Failure) 193M->193M(455M) 117.007ms
[2020-08-08T11:35:44.804+0300][432.059s][info][gc] GC(2595) Pause Young (Allocation Failure) 251M->251M(455M) 94.898ms
[2020-08-08T11:35:45.007+0300][432.262s][info][gc] GC(2596) Pause Young (Allocation Failure) 308M->309M(455M) 194.073ms
[2020-08-08T11:35:45.078+0300][432.333s][info][gc] GC(2597) Pause Full (Ergonomics) 309M->41M(455M) 71.159ms
[2020-08-08T11:35:45.269+0300][432.524s][info][gc] GC(2598) Pause Young (Allocation Failure) 99M->99M(455M) 178.461ms
[2020-08-08T11:35:45.556+0300][432.811s][info][gc] GC(2599) Pause Young (Allocation Failure) 156M->156M(455M) 279.570ms
[2020-08-08T11:35:45.642+0300][432.897s][info][gc] GC(2600) Pause Young (Allocation Failure) 214M->214M(455M) 76.309ms
[2020-08-08T11:35:45.953+0300][433.208s][info][gc] GC(2601) Pause Young (Allocation Failure) 270M->270M(455M) 301.318ms
[2020-08-08T11:35:46.073+0300][433.328s][info][gc] GC(2602) Pause Young (Allocation Failure) 328M->328M(455M) 111.650ms
[2020-08-08T11:35:46.197+0300][433.452s][info][gc] GC(2603) Pause Full (Ergonomics) 328M->59M(455M) 124.196ms
[2020-08-08T11:35:46.382+0300][433.637s][info][gc] GC(2604) Pause Young (Allocation Failure) 117M->117M(455M) 172.635ms
[2020-08-08T11:35:46.570+0300][433.825s][info][gc] GC(2605) Pause Young (Allocation Failure) 174M->175M(455M) 180.239ms
[2020-08-08T11:35:46.665+0300][433.920s][info][gc] GC(2606) Pause Young (Allocation Failure) 232M->232M(455M) 85.056ms
[2020-08-08T11:35:46.927+0300][434.182s][info][gc] GC(2607) Pause Young (Allocation Failure) 290M->290M(455M) 254.011ms
[2020-08-08T11:35:47.015+0300][434.270s][info][gc] GC(2608) Pause Young (Allocation Failure) 347M->347M(455M) 78.298ms
[2020-08-08T11:35:47.201+0300][434.456s][info][gc] GC(2609) Pause Full (Ergonomics) 347M->80M(455M) 185.647ms
[2020-08-08T11:35:47.396+0300][434.651s][info][gc] GC(2610) Pause Young (Allocation Failure) 136M->136M(455M) 183.085ms
[2020-08-08T11:35:47.529+0300][434.784s][info][gc] GC(2611) Pause Young (Allocation Failure) 193M->193M(455M) 125.283ms
[2020-08-08T11:35:47.633+0300][434.888s][info][gc] GC(2612) Pause Young (Allocation Failure) 251M->251M(455M) 93.303ms
[2020-08-08T11:35:47.838+0300][435.093s][info][gc] GC(2613) Pause Young (Allocation Failure) 308M->309M(455M) 197.005ms
[2020-08-08T11:35:47.910+0300][435.165s][info][gc] GC(2614) Pause Full (Ergonomics) 309M->41M(455M) 71.317ms
[2020-08-08T11:35:48.081+0300][435.336s][info][gc] GC(2615) Pause Young (Allocation Failure) 99M->99M(455M) 160.372ms
[2020-08-08T11:35:48.348+0300][435.603s][info][gc] GC(2616) Pause Young (Allocation Failure) 156M->157M(455M) 260.003ms
[2020-08-08T11:35:48.439+0300][435.694s][info][gc] GC(2617) Pause Young (Allocation Failure) 214M->214M(455M) 78.639ms
[2020-08-08T11:35:48.688+0300][435.944s][info][gc] GC(2618) Pause Young (Allocation Failure) 270M->270M(455M) 239.627ms
[2020-08-08T11:35:48.798+0300][436.053s][info][gc] GC(2619) Pause Young (Allocation Failure) 328M->328M(455M) 101.882ms
[2020-08-08T11:35:48.923+0300][436.178s][info][gc] GC(2620) Pause Full (Ergonomics) 328M->59M(455M) 125.518ms
[2020-08-08T11:35:49.113+0300][436.368s][info][gc] GC(2621) Pause Young (Allocation Failure) 117M->117M(455M) 179.034ms
[2020-08-08T11:35:49.303+0300][436.558s][info][gc] GC(2622) Pause Young (Allocation Failure) 175M->175M(455M) 182.678ms
[2020-08-08T11:35:49.403+0300][436.658s][info][gc] GC(2623) Pause Young (Allocation Failure) 232M->232M(455M) 85.878ms
[2020-08-08T11:35:49.709+0300][436.964s][info][gc] GC(2624) Pause Young (Allocation Failure) 290M->290M(455M) 296.701ms
[2020-08-08T11:35:49.798+0300][437.053s][info][gc] GC(2625) Pause Young (Allocation Failure) 347M->347M(455M) 76.494ms
[2020-08-08T11:35:49.989+0300][437.244s][info][gc] GC(2626) Pause Full (Ergonomics) 347M->80M(455M) 191.479ms
[2020-08-08T11:35:50.186+0300][437.441s][info][gc] GC(2627) Pause Young (Allocation Failure) 136M->136M(455M) 187.166ms
[2020-08-08T11:35:50.302+0300][437.557s][info][gc] GC(2628) Pause Young (Allocation Failure) 193M->193M(455M) 107.647ms
[2020-08-08T11:35:50.407+0300][437.662s][info][gc] GC(2629) Pause Young (Allocation Failure) 251M->251M(455M) 93.889ms
[2020-08-08T11:35:50.608+0300][437.863s][info][gc] GC(2630) Pause Young (Allocation Failure) 308M->309M(455M) 190.062ms
[2020-08-08T11:35:50.682+0300][437.937s][info][gc] GC(2631) Pause Full (Ergonomics) 309M->41M(455M) 73.715ms
[2020-08-08T11:35:50.821+0300][438.076s][info][gc] GC(2632) Pause Young (Allocation Failure) 98M->98M(455M) 128.299ms
[2020-08-08T11:35:51.030+0300][438.285s][info][gc] GC(2633) Pause Young (Allocation Failure) 156M->156M(455M) 201.982ms
[2020-08-08T11:35:51.110+0300][438.365s][info][gc] GC(2634) Pause Young (Allocation Failure) 213M->213M(455M) 71.383ms
[2020-08-08T11:35:51.456+0300][438.711s][info][gc] GC(2635) Pause Young (Allocation Failure) 270M->270M(455M) 335.687ms
[2020-08-08T11:35:51.571+0300][438.826s][info][gc] GC(2636) Pause Young (Allocation Failure) 327M->327M(455M) 104.753ms
[2020-08-08T11:35:51.696+0300][438.951s][info][gc] GC(2637) Pause Full (Ergonomics) 327M->59M(455M) 125.012ms
[2020-08-08T11:35:51.852+0300][439.107s][info][gc] GC(2638) Pause Young (Allocation Failure) 117M->117M(455M) 145.749ms
[2020-08-08T11:35:52.039+0300][439.294s][info][gc] GC(2639) Pause Young (Allocation Failure) 174M->175M(455M) 179.431ms
[2020-08-08T11:35:52.133+0300][439.388s][info][gc] GC(2640) Pause Young (Allocation Failure) 232M->232M(455M) 84.003ms
[2020-08-08T11:35:52.386+0300][439.641s][info][gc] GC(2641) Pause Young (Allocation Failure) 290M->290M(455M) 245.361ms
[2020-08-08T11:35:52.473+0300][439.728s][info][gc] GC(2642) Pause Young (Allocation Failure) 347M->347M(455M) 76.343ms
[2020-08-08T11:35:52.658+0300][439.913s][info][gc] GC(2643) Pause Full (Ergonomics) 347M->79M(455M) 185.617ms
[2020-08-08T11:35:52.858+0300][440.113s][info][gc] GC(2644) Pause Young (Allocation Failure) 136M->136M(455M) 187.644ms
[2020-08-08T11:35:52.987+0300][440.242s][info][gc] GC(2645) Pause Young (Allocation Failure) 193M->193M(455M) 121.004ms
[2020-08-08T11:35:53.089+0300][440.344s][info][gc] GC(2646) Pause Young (Allocation Failure) 251M->251M(455M) 92.495ms
[2020-08-08T11:35:53.291+0300][440.546s][info][gc] GC(2647) Pause Young (Allocation Failure) 308M->309M(455M) 192.554ms
[2020-08-08T11:35:53.361+0300][440.616s][info][gc] GC(2648) Pause Full (Ergonomics) 309M->41M(455M) 70.224ms
[2020-08-08T11:35:53.557+0300][440.812s][info][gc] GC(2649) Pause Young (Allocation Failure) 98M->98M(455M) 184.663ms
[2020-08-08T11:35:53.868+0300][441.123s][info][gc] GC(2650) Pause Young (Allocation Failure) 156M->156M(455M) 303.098ms
[2020-08-08T11:35:53.958+0300][441.213s][info][gc] GC(2651) Pause Young (Allocation Failure) 213M->213M(455M) 77.992ms
[2020-08-08T11:35:54.274+0300][441.529s][info][gc] GC(2652) Pause Young (Allocation Failure) 270M->270M(455M) 306.897ms
[2020-08-08T11:35:54.383+0300][441.638s][info][gc] GC(2653) Pause Young (Allocation Failure) 327M->327M(455M) 101.271ms
[2020-08-08T11:35:54.508+0300][441.763s][info][gc] GC(2654) Pause Full (Ergonomics) 327M->59M(455M) 124.872ms
[2020-08-08T11:35:54.695+0300][441.950s][info][gc] GC(2655) Pause Young (Allocation Failure) 117M->117M(455M) 176.986ms
[2020-08-08T11:35:54.908+0300][442.163s][info][gc] GC(2656) Pause Young (Allocation Failure) 175M->175M(455M) 202.590ms
[2020-08-08T11:35:55.004+0300][442.259s][info][gc] GC(2657) Pause Young (Allocation Failure) 232M->232M(455M) 86.075ms
[2020-08-08T11:35:55.218+0300][442.473s][info][gc] GC(2658) Pause Young (Allocation Failure) 290M->290M(455M) 206.062ms
[2020-08-08T11:35:55.301+0300][442.556s][info][gc] GC(2659) Pause Young (Allocation Failure) 347M->347M(455M) 73.459ms
[2020-08-08T11:35:55.481+0300][442.736s][info][gc] GC(2660) Pause Full (Ergonomics) 347M->79M(455M) 179.999ms
[2020-08-08T11:35:55.682+0300][442.937s][info][gc] GC(2661) Pause Young (Allocation Failure) 136M->136M(455M) 190.713ms
[2020-08-08T11:35:55.809+0300][443.064s][info][gc] GC(2662) Pause Young (Allocation Failure) 193M->193M(455M) 114.478ms
[2020-08-08T11:35:55.911+0300][443.166s][info][gc] GC(2663) Pause Young (Allocation Failure) 251M->251M(455M) 92.286ms
[2020-08-08T11:35:56.089+0300][443.344s][info][gc] GC(2664) Pause Young (Allocation Failure) 308M->309M(455M) 168.699ms
[2020-08-08T11:35:56.156+0300][443.411s][info][gc] GC(2665) Pause Full (Ergonomics) 309M->41M(455M) 67.392ms
[2020-08-08T11:35:56.355+0300][443.610s][info][gc] GC(2666) Pause Young (Allocation Failure) 98M->98M(455M) 188.894ms
[2020-08-08T11:35:56.657+0300][443.912s][info][gc] GC(2667) Pause Young (Allocation Failure) 156M->156M(455M) 295.111ms
[2020-08-08T11:35:56.745+0300][444.000s][info][gc] GC(2668) Pause Young (Allocation Failure) 213M->213M(455M) 77.417ms
[2020-08-08T11:35:57.079+0300][444.334s][info][gc] GC(2669) Pause Young (Allocation Failure) 270M->270M(455M) 320.193ms
[2020-08-08T11:35:57.188+0300][444.443s][info][gc] GC(2670) Pause Young (Allocation Failure) 327M->327M(455M) 101.153ms
[2020-08-08T11:35:57.316+0300][444.571s][info][gc] GC(2671) Pause Full (Ergonomics) 327M->59M(455M) 127.626ms
[2020-08-08T11:35:57.502+0300][444.757s][info][gc] GC(2672) Pause Young (Allocation Failure) 117M->117M(455M) 176.593ms
[2020-08-08T11:35:57.704+0300][444.959s][info][gc] GC(2673) Pause Young (Allocation Failure) 175M->175M(455M) 193.367ms
[2020-08-08T11:35:57.798+0300][445.053s][info][gc] GC(2674) Pause Young (Allocation Failure) 232M->232M(455M) 84.402ms
[2020-08-08T11:35:58.051+0300][445.306s][info][gc] GC(2675) Pause Young (Allocation Failure) 290M->290M(455M) 239.433ms
[2020-08-08T11:35:58.134+0300][445.389s][info][gc] GC(2676) Pause Young (Allocation Failure) 347M->347M(455M) 73.197ms
[2020-08-08T11:35:58.316+0300][445.571s][info][gc] GC(2677) Pause Full (Ergonomics) 347M->79M(455M) 181.982ms
[2020-08-08T11:35:58.514+0300][445.769s][info][gc] GC(2678) Pause Young (Allocation Failure) 136M->136M(455M) 187.973ms
[2020-08-08T11:35:58.634+0300][445.890s][info][gc] GC(2679) Pause Young (Allocation Failure) 193M->193M(455M) 112.318ms
[2020-08-08T11:35:58.741+0300][445.996s][info][gc] GC(2680) Pause Young (Allocation Failure) 251M->251M(455M) 93.806ms
[2020-08-08T11:35:58.937+0300][446.192s][info][gc] GC(2681) Pause Young (Allocation Failure) 308M->309M(455M) 187.256ms
[2020-08-08T11:35:59.010+0300][446.265s][info][gc] GC(2682) Pause Full (Ergonomics) 309M->41M(455M) 73.617ms
[2020-08-08T11:35:59.206+0300][446.461s][info][gc] GC(2683) Pause Young (Allocation Failure) 98M->98M(455M) 183.067ms
[2020-08-08T11:35:59.507+0300][446.762s][info][gc] GC(2684) Pause Young (Allocation Failure) 156M->156M(455M) 293.369ms
[2020-08-08T11:35:59.595+0300][446.850s][info][gc] GC(2685) Pause Young (Allocation Failure) 213M->214M(455M) 77.447ms
[2020-08-08T11:35:59.911+0300][447.166s][info][gc] GC(2686) Pause Young (Allocation Failure) 270M->270M(455M) 307.663ms
[2020-08-08T11:36:00.027+0300][447.282s][info][gc] GC(2687) Pause Young (Allocation Failure) 327M->327M(455M) 105.968ms
[2020-08-08T11:36:00.151+0300][447.406s][info][gc] GC(2688) Pause Full (Ergonomics) 327M->59M(455M) 123.559ms
[2020-08-08T11:36:00.321+0300][447.576s][info][gc] GC(2689) Pause Young (Allocation Failure) 117M->117M(455M) 159.755ms
[2020-08-08T11:36:00.510+0300][447.765s][info][gc] GC(2690) Pause Young (Allocation Failure) 174M->175M(455M) 181.749ms
[2020-08-08T11:36:00.605+0300][447.860s][info][gc] GC(2691) Pause Young (Allocation Failure) 232M->232M(455M) 84.377ms
[2020-08-08T11:36:00.893+0300][448.148s][info][gc] GC(2692) Pause Young (Allocation Failure) 290M->290M(455M) 279.913ms
[2020-08-08T11:36:00.980+0300][448.235s][info][gc] GC(2693) Pause Young (Allocation Failure) 347M->347M(455M) 75.335ms
[2020-08-08T11:36:01.154+0300][448.409s][info][gc] GC(2694) Pause Full (Ergonomics) 347M->79M(455M) 173.541ms
[2020-08-08T11:36:01.341+0300][448.596s][info][gc] GC(2695) Pause Young (Allocation Failure) 136M->136M(455M) 175.539ms
[2020-08-08T11:36:01.470+0300][448.725s][info][gc] GC(2696) Pause Young (Allocation Failure) 193M->193M(455M) 121.075ms
[2020-08-08T11:36:01.572+0300][448.827s][info][gc] GC(2697) Pause Young (Allocation Failure) 251M->251M(455M) 92.867ms
[2020-08-08T11:36:01.774+0300][449.029s][info][gc] GC(2698) Pause Young (Allocation Failure) 308M->309M(455M) 193.060ms
[2020-08-08T11:36:01.845+0300][449.100s][info][gc] GC(2699) Pause Full (Ergonomics) 309M->41M(455M) 71.295ms
[2020-08-08T11:36:02.048+0300][449.303s][info][gc] GC(2700) Pause Young (Allocation Failure) 98M->98M(455M) 192.046ms
[2020-08-08T11:36:02.357+0300][449.612s][info][gc] GC(2701) Pause Young (Allocation Failure) 156M->156M(455M) 299.797ms
[2020-08-08T11:36:02.444+0300][449.699s][info][gc] GC(2702) Pause Young (Allocation Failure) 213M->213M(455M) 77.156ms
[2020-08-08T11:36:02.752+0300][450.007s][info][gc] GC(2703) Pause Young (Allocation Failure) 270M->270M(455M) 297.902ms
[2020-08-08T11:36:02.866+0300][450.121s][info][gc] GC(2704) Pause Young (Allocation Failure) 327M->327M(455M) 105.459ms
[2020-08-08T11:36:02.994+0300][450.249s][info][gc] GC(2705) Pause Full (Ergonomics) 327M->59M(455M) 127.294ms
[2020-08-08T11:36:03.165+0300][450.420s][info][gc] GC(2706) Pause Young (Allocation Failure) 117M->117M(455M) 162.110ms
[2020-08-08T11:36:03.366+0300][450.621s][info][gc] GC(2707) Pause Young (Allocation Failure) 175M->175M(455M) 191.003ms
[2020-08-08T11:36:03.461+0300][450.716s][info][gc] GC(2708) Pause Young (Allocation Failure) 232M->232M(455M) 84.585ms
[2020-08-08T11:36:03.666+0300][450.921s][info][gc] GC(2709) Pause Young (Allocation Failure) 290M->290M(455M) 196.846ms
[2020-08-08T11:36:03.750+0300][451.005s][info][gc] GC(2710) Pause Young (Allocation Failure) 347M->347M(455M) 73.823ms
[2020-08-08T11:36:03.936+0300][451.191s][info][gc] GC(2711) Pause Full (Ergonomics) 347M->79M(455M) 185.464ms
[2020-08-08T11:36:04.128+0300][451.383s][info][gc] GC(2712) Pause Young (Allocation Failure) 136M->136M(455M) 181.439ms
[2020-08-08T11:36:04.262+0300][451.517s][info][gc] GC(2713) Pause Young (Allocation Failure) 193M->193M(455M) 126.240ms
[2020-08-08T11:36:04.367+0300][451.622s][info][gc] GC(2714) Pause Young (Allocation Failure) 251M->251M(455M) 93.131ms
[2020-08-08T11:36:04.571+0300][451.826s][info][gc] GC(2715) Pause Young (Allocation Failure) 308M->308M(455M) 194.932ms
[2020-08-08T11:36:04.640+0300][451.895s][info][gc] GC(2716) Pause Full (Ergonomics) 308M->41M(455M) 68.768ms
[2020-08-08T11:36:04.843+0300][452.098s][info][gc] GC(2717) Pause Young (Allocation Failure) 98M->98M(455M) 191.028ms
[2020-08-08T11:36:05.152+0300][452.407s][info][gc] GC(2718) Pause Young (Allocation Failure) 156M->156M(455M) 299.950ms
[2020-08-08T11:36:05.238+0300][452.493s][info][gc] GC(2719) Pause Young (Allocation Failure) 213M->213M(455M) 76.566ms
[2020-08-08T11:36:05.532+0300][452.787s][info][gc] GC(2720) Pause Young (Allocation Failure) 270M->270M(455M) 279.351ms
[2020-08-08T11:36:05.643+0300][452.898s][info][gc] GC(2721) Pause Young (Allocation Failure) 327M->327M(455M) 102.504ms
[2020-08-08T11:36:05.769+0300][453.024s][info][gc] GC(2722) Pause Full (Ergonomics) 327M->59M(455M) 125.513ms
[2020-08-08T11:36:05.948+0300][453.203s][info][gc] GC(2723) Pause Young (Allocation Failure) 117M->117M(455M) 169.121ms
[2020-08-08T11:36:06.138+0300][453.393s][info][gc] GC(2724) Pause Young (Allocation Failure) 175M->175M(455M) 182.350ms
[2020-08-08T11:36:06.237+0300][453.492s][info][gc] GC(2725) Pause Young (Allocation Failure) 232M->232M(455M) 89.335ms
[2020-08-08T11:36:06.489+0300][453.744s][info][gc] GC(2726) Pause Young (Allocation Failure) 290M->290M(455M) 243.962ms
[2020-08-08T11:36:06.576+0300][453.831s][info][gc] GC(2727) Pause Young (Allocation Failure) 347M->347M(455M) 75.562ms
[2020-08-08T11:36:06.762+0300][454.017s][info][gc] GC(2728) Pause Full (Ergonomics) 347M->79M(455M) 186.015ms
[2020-08-08T11:36:06.961+0300][454.216s][info][gc] GC(2729) Pause Young (Allocation Failure) 136M->136M(455M) 189.218ms
[2020-08-08T11:36:07.086+0300][454.341s][info][gc] GC(2730) Pause Young (Allocation Failure) 193M->193M(455M) 117.107ms
[2020-08-08T11:36:07.191+0300][454.446s][info][gc] GC(2731) Pause Young (Allocation Failure) 251M->251M(455M) 94.155ms
[2020-08-08T11:36:07.395+0300][454.650s][info][gc] GC(2732) Pause Young (Allocation Failure) 308M->309M(455M) 196.310ms
[2020-08-08T11:36:07.469+0300][454.724s][info][gc] GC(2733) Pause Full (Ergonomics) 309M->41M(455M) 73.867ms
[2020-08-08T11:36:07.665+0300][454.920s][info][gc] GC(2734) Pause Young (Allocation Failure) 98M->98M(455M) 183.044ms
[2020-08-08T11:36:07.989+0300][455.244s][info][gc] GC(2735) Pause Young (Allocation Failure) 156M->156M(455M) 315.217ms
[2020-08-08T11:36:08.077+0300][455.332s][info][gc] GC(2736) Pause Young (Allocation Failure) 213M->213M(455M) 78.962ms
[2020-08-08T11:36:08.382+0300][455.637s][info][gc] GC(2737) Pause Young (Allocation Failure) 270M->270M(455M) 295.401ms
[2020-08-08T11:36:08.501+0300][455.756s][info][gc] GC(2738) Pause Young (Allocation Failure) 327M->327M(455M) 109.534ms
[2020-08-08T11:36:08.629+0300][455.884s][info][gc] GC(2739) Pause Full (Ergonomics) 327M->59M(455M) 128.270ms
[2020-08-08T11:36:08.820+0300][456.075s][info][gc] GC(2740) Pause Young (Allocation Failure) 117M->117M(455M) 178.438ms
[2020-08-08T11:36:09.014+0300][456.269s][info][gc] GC(2741) Pause Young (Allocation Failure) 174M->175M(455M) 186.562ms
[2020-08-08T11:36:09.109+0300][456.364s][info][gc] GC(2742) Pause Young (Allocation Failure) 232M->232M(455M) 85.127ms
[2020-08-08T11:36:09.319+0300][456.574s][info][gc] GC(2743) Pause Young (Allocation Failure) 290M->290M(455M) 201.637ms
[2020-08-08T11:36:09.400+0300][456.655s][info][gc] GC(2744) Pause Young (Allocation Failure) 347M->347M(455M) 72.086ms
[2020-08-08T11:36:09.582+0300][456.837s][info][gc] GC(2745) Pause Full (Ergonomics) 347M->79M(455M) 182.067ms
[2020-08-08T11:36:09.785+0300][457.040s][info][gc] GC(2746) Pause Young (Allocation Failure) 136M->136M(455M) 190.870ms
[2020-08-08T11:36:09.898+0300][457.153s][info][gc] GC(2747) Pause Young (Allocation Failure) 193M->193M(455M) 104.843ms
[2020-08-08T11:36:10.001+0300][457.256s][info][gc] GC(2748) Pause Young (Allocation Failure) 251M->251M(455M) 93.665ms
[2020-08-08T11:36:10.204+0300][457.459s][info][gc] GC(2749) Pause Young (Allocation Failure) 308M->309M(455M) 193.942ms
[2020-08-08T11:36:10.278+0300][457.533s][info][gc] GC(2750) Pause Full (Ergonomics) 309M->41M(455M) 73.868ms
[2020-08-08T11:36:10.474+0300][457.729s][info][gc] GC(2751) Pause Young (Allocation Failure) 98M->98M(455M) 185.996ms
[2020-08-08T11:36:10.785+0300][458.040s][info][gc] GC(2752) Pause Young (Allocation Failure) 156M->156M(455M) 301.504ms
[2020-08-08T11:36:10.878+0300][458.133s][info][gc] GC(2753) Pause Young (Allocation Failure) 213M->213M(455M) 78.197ms
[2020-08-08T11:36:11.211+0300][458.466s][info][gc] GC(2754) Pause Young (Allocation Failure) 269M->270M(455M) 322.824ms
[2020-08-08T11:36:11.332+0300][458.587s][info][gc] GC(2755) Pause Young (Allocation Failure) 327M->327M(455M) 113.480ms
[2020-08-08T11:36:11.462+0300][458.717s][info][gc] GC(2756) Pause Full (Ergonomics) 327M->59M(455M) 129.321ms
[2020-08-08T11:36:11.648+0300][458.903s][info][gc] GC(2757) Pause Young (Allocation Failure) 117M->117M(455M) 175.907ms
[2020-08-08T11:36:11.835+0300][459.090s][info][gc] GC(2758) Pause Young (Allocation Failure) 175M->175M(455M) 179.315ms
[2020-08-08T11:36:11.942+0300][459.197s][info][gc] GC(2759) Pause Young (Allocation Failure) 232M->232M(455M) 93.674ms
[2020-08-08T11:36:12.197+0300][459.452s][info][gc] GC(2760) Pause Young (Allocation Failure) 290M->290M(455M) 246.808ms
[2020-08-08T11:36:12.281+0300][459.536s][info][gc] GC(2761) Pause Young (Allocation Failure) 347M->347M(455M) 73.993ms
[2020-08-08T11:36:12.470+0300][459.725s][info][gc] GC(2762) Pause Full (Ergonomics) 347M->79M(455M) 189.072ms
[2020-08-08T11:36:12.667+0300][459.922s][info][gc] GC(2763) Pause Young (Allocation Failure) 136M->136M(455M) 186.965ms
[2020-08-08T11:36:12.795+0300][460.050s][info][gc] GC(2764) Pause Young (Allocation Failure) 193M->193M(455M) 119.379ms
[2020-08-08T11:36:12.905+0300][460.160s][info][gc] GC(2765) Pause Young (Allocation Failure) 251M->251M(455M) 94.663ms
[2020-08-08T11:36:13.104+0300][460.359s][info][gc] GC(2766) Pause Young (Allocation Failure) 308M->309M(455M) 191.758ms
[2020-08-08T11:36:13.173+0300][460.428s][info][gc] GC(2767) Pause Full (Ergonomics) 309M->41M(455M) 68.895ms
[2020-08-08T11:36:13.371+0300][460.626s][info][gc] GC(2768) Pause Young (Allocation Failure) 98M->98M(455M) 187.708ms
[2020-08-08T11:36:13.680+0300][460.935s][info][gc] GC(2769) Pause Young (Allocation Failure) 156M->156M(455M) 301.039ms
[2020-08-08T11:36:13.771+0300][461.026s][info][gc] GC(2770) Pause Young (Allocation Failure) 213M->213M(455M) 78.605ms
[2020-08-08T11:36:14.087+0300][461.342s][info][gc] GC(2771) Pause Young (Allocation Failure) 270M->270M(455M) 305.468ms
[2020-08-08T11:36:14.210+0300][461.465s][info][gc] GC(2772) Pause Young (Allocation Failure) 327M->327M(455M) 113.032ms
[2020-08-08T11:36:14.342+0300][461.597s][info][gc] GC(2773) Pause Full (Ergonomics) 327M->59M(455M) 131.769ms
[2020-08-08T11:36:14.513+0300][461.768s][info][gc] GC(2774) Pause Young (Allocation Failure) 117M->117M(455M) 160.382ms
[2020-08-08T11:36:14.705+0300][461.960s][info][gc] GC(2775) Pause Young (Allocation Failure) 174M->175M(455M) 182.717ms
[2020-08-08T11:36:14.800+0300][462.055s][info][gc] GC(2776) Pause Young (Allocation Failure) 232M->232M(455M) 83.711ms
[2020-08-08T11:36:15.057+0300][462.312s][info][gc] GC(2777) Pause Young (Allocation Failure) 290M->290M(455M) 247.421ms
[2020-08-08T11:36:15.150+0300][462.405s][info][gc] GC(2778) Pause Young (Allocation Failure) 347M->347M(455M) 78.628ms
[2020-08-08T11:36:15.331+0300][462.587s][info][gc] GC(2779) Pause Full (Ergonomics) 347M->79M(455M) 181.609ms
[2020-08-08T11:36:15.531+0300][462.786s][info][gc] GC(2780) Pause Young (Allocation Failure) 136M->136M(455M) 187.152ms
[2020-08-08T11:36:15.662+0300][462.917s][info][gc] GC(2781) Pause Young (Allocation Failure) 193M->193M(455M) 121.345ms
[2020-08-08T11:36:15.766+0300][463.021s][info][gc] GC(2782) Pause Young (Allocation Failure) 251M->251M(455M) 92.669ms
[2020-08-08T11:36:15.955+0300][463.210s][info][gc] GC(2783) Pause Young (Allocation Failure) 308M->309M(455M) 179.438ms
[2020-08-08T11:36:16.025+0300][463.280s][info][gc] GC(2784) Pause Full (Ergonomics) 309M->41M(455M) 69.594ms
[2020-08-08T11:36:16.224+0300][463.479s][info][gc] GC(2785) Pause Young (Allocation Failure) 98M->98M(455M) 182.904ms
[2020-08-08T11:36:16.534+0300][463.789s][info][gc] GC(2786) Pause Young (Allocation Failure) 156M->156M(455M) 302.204ms
[2020-08-08T11:36:16.623+0300][463.878s][info][gc] GC(2787) Pause Young (Allocation Failure) 213M->213M(455M) 77.361ms
[2020-08-08T11:36:16.938+0300][464.193s][info][gc] GC(2788) Pause Young (Allocation Failure) 270M->270M(455M) 305.081ms
[2020-08-08T11:36:17.053+0300][464.308s][info][gc] GC(2789) Pause Young (Allocation Failure) 327M->327M(455M) 106.802ms
[2020-08-08T11:36:17.181+0300][464.436s][info][gc] GC(2790) Pause Full (Ergonomics) 327M->59M(455M) 127.990ms
[2020-08-08T11:36:17.372+0300][464.627s][info][gc] GC(2791) Pause Young (Allocation Failure) 117M->117M(455M) 178.078ms
[2020-08-08T11:36:17.572+0300][464.827s][info][gc] GC(2792) Pause Young (Allocation Failure) 174M->175M(455M) 192.466ms
[2020-08-08T11:36:17.667+0300][464.922s][info][gc] GC(2793) Pause Young (Allocation Failure) 232M->232M(455M) 84.701ms
[2020-08-08T11:36:17.879+0300][465.134s][info][gc] GC(2794) Pause Young (Allocation Failure) 290M->290M(455M) 204.389ms
[2020-08-08T11:36:17.962+0300][465.217s][info][gc] GC(2795) Pause Young (Allocation Failure) 347M->347M(455M) 73.313ms
[2020-08-08T11:36:18.142+0300][465.397s][info][gc] GC(2796) Pause Full (Ergonomics) 347M->80M(455M) 180.239ms
[2020-08-08T11:36:18.334+0300][465.589s][info][gc] GC(2797) Pause Young (Allocation Failure) 136M->136M(455M) 178.642ms
[2020-08-08T11:36:18.462+0300][465.717s][info][gc] GC(2798) Pause Young (Allocation Failure) 193M->193M(455M) 118.611ms
[2020-08-08T11:36:18.568+0300][465.823s][info][gc] GC(2799) Pause Young (Allocation Failure) 251M->251M(455M) 94.834ms
[2020-08-08T11:36:18.761+0300][466.016s][info][gc] GC(2800) Pause Young (Allocation Failure) 308M->309M(455M) 183.474ms
[2020-08-08T11:36:18.830+0300][466.085s][info][gc] GC(2801) Pause Full (Ergonomics) 309M->41M(455M) 69.575ms
[2020-08-08T11:36:19.020+0300][466.275s][info][gc] GC(2802) Pause Young (Allocation Failure) 98M->98M(455M) 177.803ms
[2020-08-08T11:36:19.325+0300][466.580s][info][gc] GC(2803) Pause Young (Allocation Failure) 156M->156M(455M) 297.345ms
[2020-08-08T11:36:19.413+0300][466.668s][info][gc] GC(2804) Pause Young (Allocation Failure) 214M->213M(455M) 77.608ms
[2020-08-08T11:36:19.762+0300][467.017s][info][gc] GC(2805) Pause Young (Allocation Failure) 270M->270M(455M) 339.035ms
[2020-08-08T11:36:19.880+0300][467.135s][info][gc] GC(2806) Pause Young (Allocation Failure) 327M->327M(455M) 109.263ms
[2020-08-08T11:36:20.004+0300][467.259s][info][gc] GC(2807) Pause Full (Ergonomics) 327M->59M(455M) 124.295ms
[2020-08-08T11:36:20.173+0300][467.428s][info][gc] GC(2808) Pause Young (Allocation Failure) 117M->117M(455M) 158.939ms
[2020-08-08T11:36:20.381+0300][467.636s][info][gc] GC(2809) Pause Young (Allocation Failure) 174M->175M(455M) 200.658ms
[2020-08-08T11:36:20.479+0300][467.734s][info][gc] GC(2810) Pause Young (Allocation Failure) 232M->232M(455M) 86.174ms
[2020-08-08T11:36:20.738+0300][467.993s][info][gc] GC(2811) Pause Young (Allocation Failure) 290M->290M(455M) 250.091ms
[2020-08-08T11:36:20.824+0300][468.079s][info][gc] GC(2812) Pause Young (Allocation Failure) 347M->347M(455M) 75.355ms
[2020-08-08T11:36:21.008+0300][468.263s][info][gc] GC(2813) Pause Full (Ergonomics) 347M->80M(455M) 184.515ms
[2020-08-08T11:36:21.202+0300][468.457s][info][gc] GC(2814) Pause Young (Allocation Failure) 136M->136M(455M) 182.646ms
[2020-08-08T11:36:21.316+0300][468.571s][info][gc] GC(2815) Pause Young (Allocation Failure) 193M->193M(455M) 106.907ms
[2020-08-08T11:36:21.419+0300][468.674s][info][gc] GC(2816) Pause Young (Allocation Failure) 251M->251M(455M) 93.198ms
[2020-08-08T11:36:21.628+0300][468.883s][info][gc] GC(2817) Pause Young (Allocation Failure) 308M->309M(455M) 195.096ms
[2020-08-08T11:36:21.696+0300][468.952s][info][gc] GC(2818) Pause Full (Ergonomics) 309M->41M(455M) 68.588ms
[2020-08-08T11:36:21.898+0300][469.153s][info][gc] GC(2819) Pause Young (Allocation Failure) 98M->98M(455M) 189.913ms
[2020-08-08T11:36:22.204+0300][469.459s][info][gc] GC(2820) Pause Young (Allocation Failure) 156M->156M(455M) 298.912ms
[2020-08-08T11:36:22.290+0300][469.545s][info][gc] GC(2821) Pause Young (Allocation Failure) 213M->213M(455M) 76.712ms
[2020-08-08T11:36:22.592+0300][469.847s][info][gc] GC(2822) Pause Young (Allocation Failure) 270M->270M(455M) 291.782ms
[2020-08-08T11:36:22.710+0300][469.965s][info][gc] GC(2823) Pause Young (Allocation Failure) 327M->327M(455M) 108.193ms
[2020-08-08T11:36:22.834+0300][470.089s][info][gc] GC(2824) Pause Full (Ergonomics) 327M->59M(455M) 124.166ms
[2020-08-08T11:36:23.004+0300][470.259s][info][gc] GC(2825) Pause Young (Allocation Failure) 117M->117M(455M) 159.781ms
[2020-08-08T11:36:23.171+0300][470.426s][info][gc] GC(2826) Pause Young (Allocation Failure) 174M->175M(455M) 159.565ms
[2020-08-08T11:36:23.265+0300][470.520s][info][gc] GC(2827) Pause Young (Allocation Failure) 232M->232M(455M) 83.493ms
