[2020-08-08T12:40:20.980+0300][0.010s][info][gc] Using Parallel
[2020-08-08T12:40:21.438+0300][0.468s][info][gc] GC(0) Pause Young (Allocation Failure) 128M->118M(491M) 210.251ms
[2020-08-08T12:40:21.703+0300][0.733s][info][gc] GC(1) Pause Young (Allocation Failure) 247M->205M(491M) 233.718ms
[2020-08-08T12:40:21.975+0300][1.005s][info][gc] GC(2) Pause Young (Allocation Failure) 333M->285M(491M) 242.105ms
[2020-08-08T12:40:22.324+0300][1.354s][info][gc] GC(3) Pause Full (Ergonomics) 285M->100M(491M) 348.492ms
[2020-08-08T12:40:22.522+0300][1.552s][info][gc] GC(4) Pause Young (Allocation Failure) 229M->225M(491M) 172.695ms
[2020-08-08T12:40:22.781+0300][1.811s][info][gc] GC(5) Pause Young (Allocation Failure) 354M->354M(420M) 236.026ms
[2020-08-08T12:40:23.070+0300][2.100s][info][gc] GC(6) Pause Full (Ergonomics) 354M->86M(455M) 288.427ms
[2020-08-08T12:40:23.153+0300][2.183s][info][gc] GC(7) Pause Young (Allocation Failure) 136M->135M(455M) 74.219ms
[2020-08-08T12:40:23.303+0300][2.333s][info][gc] GC(8) Pause Young (Allocation Failure) 192M->192M(455M) 142.476ms
[2020-08-08T12:40:23.497+0300][2.527s][info][gc] GC(9) Pause Young (Allocation Failure) 250M->250M(455M) 184.061ms
[2020-08-08T12:40:23.661+0300][2.691s][info][gc] GC(10) Pause Young (Allocation Failure) 307M->308M(455M) 156.242ms
[2020-08-08T12:40:23.753+0300][2.783s][info][gc] GC(11) Pause Full (Ergonomics) 308M->40M(455M) 91.384ms
[2020-08-08T12:40:23.849+0300][2.879s][info][gc] GC(12) Pause Young (Allocation Failure) 97M->97M(455M) 86.282ms
[2020-08-08T12:40:24.006+0300][3.036s][info][gc] GC(13) Pause Young (Allocation Failure) 155M->155M(455M) 147.304ms
[2020-08-08T12:40:24.159+0300][3.189s][info][gc] GC(14) Pause Young (Allocation Failure) 213M->213M(455M) 141.948ms
[2020-08-08T12:40:24.335+0300][3.365s][info][gc] GC(15) Pause Young (Allocation Failure) 270M->269M(455M) 165.892ms
[2020-08-08T12:40:24.502+0300][3.532s][info][gc] GC(16) Pause Young (Allocation Failure) 327M->327M(455M) 158.570ms
[2020-08-08T12:40:24.670+0300][3.700s][info][gc] GC(17) Pause Full (Ergonomics) 327M->59M(455M) 168.115ms
[2020-08-08T12:40:24.772+0300][3.802s][info][gc] GC(18) Pause Young (Allocation Failure) 116M->116M(455M) 89.850ms
[2020-08-08T12:40:24.929+0300][3.959s][info][gc] GC(19) Pause Young (Allocation Failure) 174M->174M(455M) 147.851ms
[2020-08-08T12:40:25.097+0300][4.127s][info][gc] GC(20) Pause Young (Allocation Failure) 232M->232M(455M) 155.814ms
[2020-08-08T12:40:25.258+0300][4.288s][info][gc] GC(21) Pause Young (Allocation Failure) 289M->289M(455M) 153.339ms
[2020-08-08T12:40:25.429+0300][4.459s][info][gc] GC(22) Pause Young (Allocation Failure) 347M->347M(455M) 160.702ms
[2020-08-08T12:40:25.680+0300][4.710s][info][gc] GC(23) Pause Full (Ergonomics) 347M->79M(455M) 250.383ms
[2020-08-08T12:40:25.776+0300][4.806s][info][gc] GC(24) Pause Young (Allocation Failure) 136M->135M(455M) 85.293ms
[2020-08-08T12:40:25.929+0300][4.959s][info][gc] GC(25) Pause Young (Allocation Failure) 193M->193M(455M) 143.696ms
[2020-08-08T12:40:26.106+0300][5.136s][info][gc] GC(26) Pause Young (Allocation Failure) 250M->250M(455M) 159.481ms
[2020-08-08T12:40:26.269+0300][5.299s][info][gc] GC(27) Pause Young (Allocation Failure) 307M->307M(455M) 152.912ms
[2020-08-08T12:40:26.441+0300][5.471s][info][gc] GC(28) Pause Young (Allocation Failure) 365M->364M(455M) 160.956ms
[2020-08-08T12:40:26.760+0300][5.789s][info][gc] GC(29) Pause Full (Ergonomics) 364M->97M(455M) 318.698ms
[2020-08-08T12:40:26.830+0300][5.860s][info][gc] GC(30) Pause Young (Allocation Failure) 136M->135M(455M) 60.815ms
[2020-08-08T12:40:26.961+0300][5.990s][info][gc] GC(31) Pause Young (Allocation Failure) 193M->193M(455M) 121.086ms
[2020-08-08T12:40:27.134+0300][6.163s][info][gc] GC(32) Pause Young (Allocation Failure) 250M->250M(455M) 158.162ms
[2020-08-08T12:40:27.294+0300][6.324s][info][gc] GC(33) Pause Young (Allocation Failure) 308M->307M(455M) 151.018ms
[2020-08-08T12:40:27.469+0300][6.498s][info][gc] GC(34) Pause Young (Allocation Failure) 365M->365M(455M) 161.493ms
[2020-08-08T12:40:27.786+0300][6.815s][info][gc] GC(35) Pause Full (Ergonomics) 365M->97M(455M) 316.821ms
[2020-08-08T12:40:27.856+0300][6.885s][info][gc] GC(36) Pause Young (Allocation Failure) 136M->135M(455M) 61.388ms
[2020-08-08T12:40:27.988+0300][7.018s][info][gc] GC(37) Pause Young (Allocation Failure) 193M->193M(455M) 121.223ms
[2020-08-08T12:40:28.158+0300][7.187s][info][gc] GC(38) Pause Young (Allocation Failure) 250M->250M(455M) 155.407ms
[2020-08-08T12:40:28.319+0300][7.349s][info][gc] GC(39) Pause Young (Allocation Failure) 307M->307M(455M) 152.035ms
[2020-08-08T12:40:28.491+0300][7.520s][info][gc] GC(40) Pause Young (Allocation Failure) 364M->364M(455M) 161.042ms
[2020-08-08T12:40:28.804+0300][7.834s][info][gc] GC(41) Pause Full (Ergonomics) 364M->96M(455M) 313.241ms
[2020-08-08T12:40:28.875+0300][7.905s][info][gc] GC(42) Pause Young (Allocation Failure) 136M->136M(455M) 61.009ms
[2020-08-08T12:40:29.007+0300][8.036s][info][gc] GC(43) Pause Young (Allocation Failure) 193M->193M(455M) 120.283ms
[2020-08-08T12:40:29.176+0300][8.205s][info][gc] GC(44) Pause Young (Allocation Failure) 250M->250M(455M) 155.115ms
[2020-08-08T12:40:29.344+0300][8.374s][info][gc] GC(45) Pause Young (Allocation Failure) 307M->307M(455M) 157.672ms
[2020-08-08T12:40:29.520+0300][8.549s][info][gc] GC(46) Pause Young (Allocation Failure) 365M->365M(455M) 163.858ms
[2020-08-08T12:40:29.835+0300][8.864s][info][gc] GC(47) Pause Full (Ergonomics) 365M->97M(455M) 315.236ms
[2020-08-08T12:40:29.904+0300][8.933s][info][gc] GC(48) Pause Young (Allocation Failure) 136M->136M(455M) 61.240ms
[2020-08-08T12:40:30.035+0300][9.065s][info][gc] GC(49) Pause Young (Allocation Failure) 193M->193M(455M) 123.650ms
[2020-08-08T12:40:30.223+0300][9.253s][info][gc] GC(50) Pause Young (Allocation Failure) 251M->251M(455M) 171.023ms
[2020-08-08T12:40:30.390+0300][9.419s][info][gc] GC(51) Pause Young (Allocation Failure) 308M->308M(455M) 154.675ms
[2020-08-08T12:40:30.565+0300][9.595s][info][gc] GC(52) Pause Young (Allocation Failure) 365M->366M(455M) 163.346ms
[2020-08-08T12:40:30.887+0300][9.916s][info][gc] GC(53) Pause Full (Ergonomics) 366M->98M(455M) 321.282ms
[2020-08-08T12:40:30.955+0300][9.984s][info][gc] GC(54) Pause Young (Allocation Failure) 137M->136M(455M) 60.282ms
[2020-08-08T12:40:31.083+0300][10.113s][info][gc] GC(55) Pause Young (Allocation Failure) 193M->193M(455M) 120.737ms
[2020-08-08T12:40:31.251+0300][10.281s][info][gc] GC(56) Pause Young (Allocation Failure) 251M->251M(455M) 157.481ms
[2020-08-08T12:40:31.412+0300][10.441s][info][gc] GC(57) Pause Young (Allocation Failure) 309M->308M(455M) 150.701ms
[2020-08-08T12:40:31.586+0300][10.615s][info][gc] GC(58) Pause Young (Allocation Failure) 366M->366M(455M) 162.859ms
[2020-08-08T12:40:31.905+0300][10.935s][info][gc] GC(59) Pause Full (Ergonomics) 366M->98M(455M) 319.734ms
[2020-08-08T12:40:31.971+0300][11.001s][info][gc] GC(60) Pause Young (Allocation Failure) 137M->136M(455M) 59.291ms
[2020-08-08T12:40:32.099+0300][11.128s][info][gc] GC(61) Pause Young (Allocation Failure) 193M->193M(455M) 119.281ms
[2020-08-08T12:40:32.265+0300][11.295s][info][gc] GC(62) Pause Young (Allocation Failure) 251M->251M(455M) 156.786ms
[2020-08-08T12:40:32.425+0300][11.455s][info][gc] GC(63) Pause Young (Allocation Failure) 309M->308M(455M) 150.365ms
[2020-08-08T12:40:32.596+0300][11.625s][info][gc] GC(64) Pause Young (Allocation Failure) 366M->366M(455M) 159.972ms
[2020-08-08T12:40:32.923+0300][11.952s][info][gc] GC(65) Pause Full (Ergonomics) 366M->99M(455M) 327.260ms
[2020-08-08T12:40:33.003+0300][12.032s][info][gc] GC(66) Pause Young (Allocation Failure) 156M->156M(455M) 70.640ms
[2020-08-08T12:40:33.157+0300][12.186s][info][gc] GC(67) Pause Young (Allocation Failure) 214M->214M(455M) 143.895ms
[2020-08-08T12:40:33.331+0300][12.360s][info][gc] GC(68) Pause Young (Allocation Failure) 270M->270M(455M) 164.426ms
[2020-08-08T12:40:33.493+0300][12.523s][info][gc] GC(69) Pause Young (Allocation Failure) 328M->327M(455M) 152.357ms
[2020-08-08T12:40:33.662+0300][12.691s][info][gc] GC(70) Pause Full (Ergonomics) 327M->60M(455M) 168.749ms
[2020-08-08T12:40:33.760+0300][12.790s][info][gc] GC(71) Pause Young (Allocation Failure) 118M->118M(455M) 87.903ms
[2020-08-08T12:40:33.914+0300][12.943s][info][gc] GC(72) Pause Young (Allocation Failure) 175M->175M(455M) 144.171ms
[2020-08-08T12:40:34.079+0300][13.108s][info][gc] GC(73) Pause Young (Allocation Failure) 233M->233M(455M) 154.602ms
[2020-08-08T12:40:34.241+0300][13.270s][info][gc] GC(74) Pause Young (Allocation Failure) 290M->291M(455M) 154.159ms
[2020-08-08T12:40:34.260+0300][13.290s][info][gc] GC(75) Pause Full (Ergonomics) 291M->22M(455M) 19.348ms
[2020-08-08T12:40:34.361+0300][13.391s][info][gc] GC(76) Pause Young (Allocation Failure) 80M->80M(455M) 86.296ms
[2020-08-08T12:40:34.532+0300][13.561s][info][gc] GC(77) Pause Young (Allocation Failure) 137M->136M(455M) 160.338ms
[2020-08-08T12:40:34.688+0300][13.718s][info][gc] GC(78) Pause Young (Allocation Failure) 194M->194M(455M) 146.162ms
[2020-08-08T12:40:34.862+0300][13.891s][info][gc] GC(79) Pause Young (Allocation Failure) 251M->252M(455M) 157.773ms
[2020-08-08T12:40:35.022+0300][14.051s][info][gc] GC(80) Pause Young (Allocation Failure) 309M->309M(455M) 151.291ms
[2020-08-08T12:40:35.116+0300][14.145s][info][gc] GC(81) Pause Full (Ergonomics) 309M->42M(455M) 94.108ms
[2020-08-08T12:40:35.216+0300][14.246s][info][gc] GC(82) Pause Young (Allocation Failure) 99M->99M(455M) 88.323ms
[2020-08-08T12:40:35.370+0300][14.399s][info][gc] GC(83) Pause Young (Allocation Failure) 157M->157M(455M) 144.695ms
[2020-08-08T12:40:35.537+0300][14.566s][info][gc] GC(84) Pause Young (Allocation Failure) 214M->214M(455M) 152.124ms
[2020-08-08T12:40:35.717+0300][14.747s][info][gc] GC(85) Pause Young (Allocation Failure) 271M->271M(455M) 169.501ms
[2020-08-08T12:40:35.881+0300][14.910s][info][gc] GC(86) Pause Young (Allocation Failure) 328M->328M(455M) 151.931ms
[2020-08-08T12:40:36.048+0300][15.078s][info][gc] GC(87) Pause Full (Ergonomics) 328M->60M(455M) 167.149ms
[2020-08-08T12:40:36.145+0300][15.174s][info][gc] GC(88) Pause Young (Allocation Failure) 118M->118M(455M) 86.239ms
[2020-08-08T12:40:36.301+0300][15.330s][info][gc] GC(89) Pause Young (Allocation Failure) 175M->176M(455M) 148.216ms
[2020-08-08T12:40:36.472+0300][15.501s][info][gc] GC(90) Pause Young (Allocation Failure) 233M->233M(455M) 156.488ms
[2020-08-08T12:40:36.631+0300][15.660s][info][gc] GC(91) Pause Young (Allocation Failure) 291M->291M(455M) 150.668ms
[2020-08-08T12:40:36.651+0300][15.681s][info][gc] GC(92) Pause Full (Ergonomics) 291M->23M(455M) 20.053ms
[2020-08-08T12:40:36.748+0300][15.777s][info][gc] GC(93) Pause Young (Allocation Failure) 80M->80M(455M) 87.053ms
[2020-08-08T12:40:36.917+0300][15.947s][info][gc] GC(94) Pause Young (Allocation Failure) 136M->136M(455M) 158.191ms
[2020-08-08T12:40:37.068+0300][16.098s][info][gc] GC(95) Pause Young (Allocation Failure) 194M->194M(455M) 142.661ms
[2020-08-08T12:40:37.233+0300][16.262s][info][gc] GC(96) Pause Young (Allocation Failure) 252M->252M(455M) 155.139ms
[2020-08-08T12:40:37.391+0300][16.420s][info][gc] GC(97) Pause Young (Allocation Failure) 309M->309M(455M) 150.385ms
[2020-08-08T12:40:37.485+0300][16.515s][info][gc] GC(98) Pause Full (Ergonomics) 309M->42M(455M) 94.263ms
[2020-08-08T12:40:37.586+0300][16.616s][info][gc] GC(99) Pause Young (Allocation Failure) 99M->99M(455M) 88.663ms
[2020-08-08T12:40:37.739+0300][16.768s][info][gc] GC(100) Pause Young (Allocation Failure) 157M->157M(455M) 145.212ms
[2020-08-08T12:40:37.895+0300][16.924s][info][gc] GC(101) Pause Young (Allocation Failure) 214M->214M(455M) 143.843ms
[2020-08-08T12:40:38.071+0300][17.100s][info][gc] GC(102) Pause Young (Allocation Failure) 271M->271M(455M) 166.099ms
[2020-08-08T12:40:38.232+0300][17.261s][info][gc] GC(103) Pause Young (Allocation Failure) 328M->328M(455M) 151.369ms
[2020-08-08T12:40:38.398+0300][17.428s][info][gc] GC(104) Pause Full (Ergonomics) 328M->60M(455M) 166.252ms
[2020-08-08T12:40:38.499+0300][17.529s][info][gc] GC(105) Pause Young (Allocation Failure) 118M->118M(455M) 86.996ms
[2020-08-08T12:40:38.653+0300][17.682s][info][gc] GC(106) Pause Young (Allocation Failure) 175M->175M(455M) 145.844ms
[2020-08-08T12:40:38.817+0300][17.846s][info][gc] GC(107) Pause Young (Allocation Failure) 233M->233M(455M) 155.012ms
[2020-08-08T12:40:38.977+0300][18.006s][info][gc] GC(108) Pause Young (Allocation Failure) 291M->291M(455M) 152.431ms
[2020-08-08T12:40:38.997+0300][18.026s][info][gc] GC(109) Pause Full (Ergonomics) 291M->23M(455M) 19.881ms
[2020-08-08T12:40:39.094+0300][18.123s][info][gc] GC(110) Pause Young (Allocation Failure) 80M->80M(455M) 87.184ms
[2020-08-08T12:40:39.264+0300][18.293s][info][gc] GC(111) Pause Young (Allocation Failure) 136M->136M(455M) 159.008ms
[2020-08-08T12:40:39.418+0300][18.447s][info][gc] GC(112) Pause Young (Allocation Failure) 194M->194M(455M) 145.535ms
[2020-08-08T12:40:39.588+0300][18.617s][info][gc] GC(113) Pause Young (Allocation Failure) 252M->251M(455M) 156.179ms
[2020-08-08T12:40:39.748+0300][18.777s][info][gc] GC(114) Pause Young (Allocation Failure) 309M->309M(455M) 151.453ms
[2020-08-08T12:40:39.842+0300][18.871s][info][gc] GC(115) Pause Full (Ergonomics) 309M->42M(455M) 94.389ms
[2020-08-08T12:40:39.940+0300][18.969s][info][gc] GC(116) Pause Young (Allocation Failure) 99M->99M(455M) 86.939ms
[2020-08-08T12:40:40.092+0300][19.121s][info][gc] GC(117) Pause Young (Allocation Failure) 157M->157M(455M) 143.840ms
[2020-08-08T12:40:40.247+0300][19.276s][info][gc] GC(118) Pause Young (Allocation Failure) 214M->214M(455M) 142.303ms
[2020-08-08T12:40:40.423+0300][19.452s][info][gc] GC(119) Pause Young (Allocation Failure) 271M->271M(455M) 166.768ms
[2020-08-08T12:40:40.586+0300][19.615s][info][gc] GC(120) Pause Young (Allocation Failure) 328M->328M(455M) 152.286ms
[2020-08-08T12:40:40.753+0300][19.782s][info][gc] GC(121) Pause Full (Ergonomics) 328M->60M(455M) 166.465ms
[2020-08-08T12:40:40.850+0300][19.879s][info][gc] GC(122) Pause Young (Allocation Failure) 118M->118M(455M) 87.297ms
[2020-08-08T12:40:41.003+0300][20.032s][info][gc] GC(123) Pause Young (Allocation Failure) 175M->175M(455M) 144.761ms
[2020-08-08T12:40:41.166+0300][20.196s][info][gc] GC(124) Pause Young (Allocation Failure) 233M->233M(455M) 154.162ms
[2020-08-08T12:40:41.325+0300][20.355s][info][gc] GC(125) Pause Young (Allocation Failure) 291M->291M(455M) 150.847ms
[2020-08-08T12:40:41.345+0300][20.375s][info][gc] GC(126) Pause Full (Ergonomics) 291M->23M(455M) 19.896ms
[2020-08-08T12:40:41.449+0300][20.478s][info][gc] GC(127) Pause Young (Allocation Failure) 80M->80M(455M) 88.184ms
[2020-08-08T12:40:41.618+0300][20.648s][info][gc] GC(128) Pause Young (Allocation Failure) 137M->136M(455M) 160.050ms
[2020-08-08T12:40:41.771+0300][20.800s][info][gc] GC(129) Pause Young (Allocation Failure) 194M->194M(455M) 145.005ms
[2020-08-08T12:40:41.937+0300][20.966s][info][gc] GC(130) Pause Young (Allocation Failure) 252M->252M(455M) 155.895ms
[2020-08-08T12:40:42.094+0300][21.124s][info][gc] GC(131) Pause Young (Allocation Failure) 309M->309M(455M) 149.492ms
[2020-08-08T12:40:42.197+0300][21.226s][info][gc] GC(132) Pause Full (Ergonomics) 309M->41M(455M) 102.134ms
[2020-08-08T12:40:42.294+0300][21.323s][info][gc] GC(133) Pause Young (Allocation Failure) 98M->98M(455M) 87.389ms
[2020-08-08T12:40:42.445+0300][21.475s][info][gc] GC(134) Pause Young (Allocation Failure) 156M->156M(455M) 142.955ms
[2020-08-08T12:40:42.613+0300][21.642s][info][gc] GC(135) Pause Young (Allocation Failure) 213M->213M(455M) 155.427ms
[2020-08-08T12:40:42.788+0300][21.817s][info][gc] GC(136) Pause Young (Allocation Failure) 270M->270M(455M) 164.357ms
[2020-08-08T12:40:42.946+0300][21.975s][info][gc] GC(137) Pause Young (Allocation Failure) 327M->327M(455M) 150.698ms
[2020-08-08T12:40:43.112+0300][22.142s][info][gc] GC(138) Pause Full (Ergonomics) 327M->59M(455M) 166.153ms
[2020-08-08T12:40:43.209+0300][22.238s][info][gc] GC(139) Pause Young (Allocation Failure) 117M->117M(455M) 86.650ms
[2020-08-08T12:40:43.362+0300][22.391s][info][gc] GC(140) Pause Young (Allocation Failure) 174M->175M(455M) 143.899ms
[2020-08-08T12:40:43.531+0300][22.560s][info][gc] GC(141) Pause Young (Allocation Failure) 232M->232M(455M) 155.586ms
[2020-08-08T12:40:43.690+0300][22.719s][info][gc] GC(142) Pause Young (Allocation Failure) 290M->290M(455M) 150.845ms
[2020-08-08T12:40:43.710+0300][22.739s][info][gc] GC(143) Pause Full (Ergonomics) 290M->22M(455M) 20.018ms
[2020-08-08T12:40:43.808+0300][22.837s][info][gc] GC(144) Pause Young (Allocation Failure) 80M->79M(455M) 87.165ms
[2020-08-08T12:40:43.976+0300][23.006s][info][gc] GC(145) Pause Young (Allocation Failure) 136M->136M(455M) 157.633ms
[2020-08-08T12:40:44.130+0300][23.159s][info][gc] GC(146) Pause Young (Allocation Failure) 193M->193M(455M) 144.689ms
[2020-08-08T12:40:44.296+0300][23.325s][info][gc] GC(147) Pause Young (Allocation Failure) 251M->251M(455M) 156.762ms
[2020-08-08T12:40:44.455+0300][23.484s][info][gc] GC(148) Pause Young (Allocation Failure) 309M->309M(455M) 150.567ms
[2020-08-08T12:40:44.550+0300][23.579s][info][gc] GC(149) Pause Full (Ergonomics) 309M->41M(455M) 95.118ms
[2020-08-08T12:40:44.654+0300][23.683s][info][gc] GC(150) Pause Young (Allocation Failure) 98M->98M(455M) 89.255ms
[2020-08-08T12:40:44.805+0300][23.834s][info][gc] GC(151) Pause Young (Allocation Failure) 156M->156M(455M) 144.011ms
[2020-08-08T12:40:44.959+0300][23.989s][info][gc] GC(152) Pause Young (Allocation Failure) 213M->213M(455M) 143.284ms
[2020-08-08T12:40:45.136+0300][24.166s][info][gc] GC(153) Pause Young (Allocation Failure) 270M->270M(455M) 165.023ms
[2020-08-08T12:40:45.295+0300][24.324s][info][gc] GC(154) Pause Young (Allocation Failure) 327M->327M(455M) 150.590ms
[2020-08-08T12:40:45.462+0300][24.492s][info][gc] GC(155) Pause Full (Ergonomics) 327M->59M(455M) 167.311ms
[2020-08-08T12:40:45.564+0300][24.594s][info][gc] GC(156) Pause Young (Allocation Failure) 117M->117M(455M) 87.550ms
[2020-08-08T12:40:45.717+0300][24.746s][info][gc] GC(157) Pause Young (Allocation Failure) 174M->174M(455M) 143.704ms
[2020-08-08T12:40:45.882+0300][24.911s][info][gc] GC(158) Pause Young (Allocation Failure) 232M->232M(455M) 155.147ms
[2020-08-08T12:40:46.039+0300][25.069s][info][gc] GC(159) Pause Young (Allocation Failure) 290M->290M(455M) 149.770ms
[2020-08-08T12:40:46.059+0300][25.088s][info][gc] GC(160) Pause Full (Ergonomics) 290M->22M(455M) 19.797ms
[2020-08-08T12:40:46.156+0300][25.186s][info][gc] GC(161) Pause Young (Allocation Failure) 80M->79M(455M) 86.507ms
[2020-08-08T12:40:46.326+0300][25.355s][info][gc] GC(162) Pause Young (Allocation Failure) 136M->136M(455M) 159.543ms
[2020-08-08T12:40:46.479+0300][25.509s][info][gc] GC(163) Pause Young (Allocation Failure) 193M->193M(455M) 143.529ms
[2020-08-08T12:40:46.652+0300][25.682s][info][gc] GC(164) Pause Young (Allocation Failure) 251M->251M(455M) 159.021ms
[2020-08-08T12:40:46.810+0300][25.840s][info][gc] GC(165) Pause Young (Allocation Failure) 308M->309M(455M) 150.753ms
[2020-08-08T12:40:46.905+0300][25.934s][info][gc] GC(166) Pause Full (Ergonomics) 309M->41M(455M) 94.377ms
[2020-08-08T12:40:47.001+0300][26.030s][info][gc] GC(167) Pause Young (Allocation Failure) 98M->98M(455M) 86.797ms
[2020-08-08T12:40:47.152+0300][26.181s][info][gc] GC(168) Pause Young (Allocation Failure) 156M->156M(455M) 143.398ms
[2020-08-08T12:40:47.306+0300][26.336s][info][gc] GC(169) Pause Young (Allocation Failure) 213M->213M(455M) 143.435ms
[2020-08-08T12:40:47.484+0300][26.513s][info][gc] GC(170) Pause Young (Allocation Failure) 270M->270M(455M) 165.684ms
[2020-08-08T12:40:47.649+0300][26.678s][info][gc] GC(171) Pause Young (Allocation Failure) 327M->327M(455M) 153.231ms
[2020-08-08T12:40:47.815+0300][26.844s][info][gc] GC(172) Pause Full (Ergonomics) 327M->59M(455M) 166.077ms
[2020-08-08T12:40:47.912+0300][26.941s][info][gc] GC(173) Pause Young (Allocation Failure) 117M->117M(455M) 86.418ms
[2020-08-08T12:40:48.063+0300][27.092s][info][gc] GC(174) Pause Young (Allocation Failure) 174M->174M(455M) 142.823ms
[2020-08-08T12:40:48.226+0300][27.255s][info][gc] GC(175) Pause Young (Allocation Failure) 232M->232M(455M) 153.673ms
[2020-08-08T12:40:48.383+0300][27.413s][info][gc] GC(176) Pause Young (Allocation Failure) 290M->290M(455M) 149.936ms
[2020-08-08T12:40:48.404+0300][27.433s][info][gc] GC(177) Pause Full (Ergonomics) 290M->22M(455M) 20.290ms
[2020-08-08T12:40:48.504+0300][27.534s][info][gc] GC(178) Pause Young (Allocation Failure) 80M->79M(455M) 87.359ms
[2020-08-08T12:40:48.675+0300][27.704s][info][gc] GC(179) Pause Young (Allocation Failure) 137M->136M(455M) 160.050ms
[2020-08-08T12:40:48.828+0300][27.858s][info][gc] GC(180) Pause Young (Allocation Failure) 193M->193M(455M) 144.897ms
[2020-08-08T12:40:48.996+0300][28.025s][info][gc] GC(181) Pause Young (Allocation Failure) 251M->251M(455M) 156.638ms
[2020-08-08T12:40:49.155+0300][28.184s][info][gc] GC(182) Pause Young (Allocation Failure) 309M->309M(455M) 150.731ms
[2020-08-08T12:40:49.249+0300][28.279s][info][gc] GC(183) Pause Full (Ergonomics) 309M->41M(455M) 94.371ms
[2020-08-08T12:40:49.346+0300][28.375s][info][gc] GC(184) Pause Young (Allocation Failure) 98M->98M(455M) 86.770ms
[2020-08-08T12:40:49.499+0300][28.529s][info][gc] GC(185) Pause Young (Allocation Failure) 156M->156M(455M) 143.798ms
[2020-08-08T12:40:49.665+0300][28.694s][info][gc] GC(186) Pause Young (Allocation Failure) 213M->213M(455M) 153.179ms
[2020-08-08T12:40:49.834+0300][28.864s][info][gc] GC(187) Pause Young (Allocation Failure) 270M->270M(455M) 159.677ms
[2020-08-08T12:40:49.986+0300][29.015s][info][gc] GC(188) Pause Young (Allocation Failure) 327M->327M(455M) 143.822ms
[2020-08-08T12:40:50.153+0300][29.183s][info][gc] GC(189) Pause Full (Ergonomics) 327M->59M(455M) 167.384ms
[2020-08-08T12:40:50.250+0300][29.279s][info][gc] GC(190) Pause Young (Allocation Failure) 117M->117M(455M) 86.733ms
[2020-08-08T12:40:50.403+0300][29.432s][info][gc] GC(191) Pause Young (Allocation Failure) 174M->175M(455M) 144.352ms
[2020-08-08T12:40:50.572+0300][29.601s][info][gc] GC(192) Pause Young (Allocation Failure) 232M->232M(455M) 155.952ms
[2020-08-08T12:40:50.732+0300][29.761s][info][gc] GC(193) Pause Young (Allocation Failure) 290M->290M(455M) 152.321ms
[2020-08-08T12:40:50.753+0300][29.782s][info][gc] GC(194) Pause Full (Ergonomics) 290M->22M(455M) 20.827ms
[2020-08-08T12:40:50.849+0300][29.879s][info][gc] GC(195) Pause Young (Allocation Failure) 80M->80M(455M) 86.838ms
[2020-08-08T12:40:51.018+0300][30.047s][info][gc] GC(196) Pause Young (Allocation Failure) 136M->136M(455M) 158.690ms
[2020-08-08T12:40:51.169+0300][30.198s][info][gc] GC(197) Pause Young (Allocation Failure) 193M->193M(455M) 144.119ms
[2020-08-08T12:40:51.336+0300][30.366s][info][gc] GC(198) Pause Young (Allocation Failure) 251M->251M(455M) 156.305ms
[2020-08-08T12:40:51.495+0300][30.524s][info][gc] GC(199) Pause Young (Allocation Failure) 309M->309M(455M) 150.231ms
[2020-08-08T12:40:51.590+0300][30.619s][info][gc] GC(200) Pause Full (Ergonomics) 309M->41M(455M) 94.807ms
[2020-08-08T12:40:51.693+0300][30.722s][info][gc] GC(201) Pause Young (Allocation Failure) 98M->98M(455M) 89.933ms
[2020-08-08T12:40:51.846+0300][30.876s][info][gc] GC(202) Pause Young (Allocation Failure) 156M->156M(455M) 143.668ms
[2020-08-08T12:40:51.998+0300][31.027s][info][gc] GC(203) Pause Young (Allocation Failure) 213M->213M(455M) 142.244ms
[2020-08-08T12:40:52.174+0300][31.204s][info][gc] GC(204) Pause Young (Allocation Failure) 270M->270M(455M) 165.446ms
[2020-08-08T12:40:52.331+0300][31.361s][info][gc] GC(205) Pause Young (Allocation Failure) 327M->327M(455M) 149.312ms
[2020-08-08T12:40:52.500+0300][31.530s][info][gc] GC(206) Pause Full (Ergonomics) 327M->59M(455M) 168.967ms
[2020-08-08T12:40:52.602+0300][31.631s][info][gc] GC(207) Pause Young (Allocation Failure) 117M->117M(455M) 88.717ms
[2020-08-08T12:40:52.756+0300][31.785s][info][gc] GC(208) Pause Young (Allocation Failure) 174M->174M(455M) 144.184ms
[2020-08-08T12:40:52.920+0300][31.949s][info][gc] GC(209) Pause Young (Allocation Failure) 232M->232M(455M) 153.716ms
[2020-08-08T12:40:53.078+0300][32.107s][info][gc] GC(210) Pause Young (Allocation Failure) 290M->290M(455M) 149.255ms
[2020-08-08T12:40:53.098+0300][32.127s][info][gc] GC(211) Pause Full (Ergonomics) 290M->22M(455M) 19.803ms
[2020-08-08T12:40:53.195+0300][32.224s][info][gc] GC(212) Pause Young (Allocation Failure) 80M->80M(455M) 86.818ms
[2020-08-08T12:40:53.364+0300][32.394s][info][gc] GC(213) Pause Young (Allocation Failure) 136M->136M(455M) 159.156ms
[2020-08-08T12:40:53.516+0300][32.546s][info][gc] GC(214) Pause Young (Allocation Failure) 193M->193M(455M) 143.643ms
[2020-08-08T12:40:53.691+0300][32.720s][info][gc] GC(215) Pause Young (Allocation Failure) 251M->251M(455M) 158.401ms
[2020-08-08T12:40:53.849+0300][32.879s][info][gc] GC(216) Pause Young (Allocation Failure) 308M->309M(455M) 151.254ms
[2020-08-08T12:40:53.944+0300][32.973s][info][gc] GC(217) Pause Full (Ergonomics) 309M->41M(455M) 94.340ms
[2020-08-08T12:40:54.040+0300][33.069s][info][gc] GC(218) Pause Young (Allocation Failure) 98M->98M(455M) 86.176ms
[2020-08-08T12:40:54.190+0300][33.219s][info][gc] GC(219) Pause Young (Allocation Failure) 156M->156M(455M) 141.929ms
[2020-08-08T12:40:54.343+0300][33.373s][info][gc] GC(220) Pause Young (Allocation Failure) 213M->213M(455M) 143.004ms
[2020-08-08T12:40:54.519+0300][33.549s][info][gc] GC(221) Pause Young (Allocation Failure) 270M->270M(455M) 165.948ms
[2020-08-08T12:40:54.682+0300][33.712s][info][gc] GC(222) Pause Young (Allocation Failure) 327M->327M(455M) 151.681ms
[2020-08-08T12:40:54.848+0300][33.878s][info][gc] GC(223) Pause Full (Ergonomics) 327M->59M(455M) 165.855ms
[2020-08-08T12:40:54.946+0300][33.975s][info][gc] GC(224) Pause Young (Allocation Failure) 117M->117M(455M) 86.705ms
[2020-08-08T12:40:55.098+0300][34.127s][info][gc] GC(225) Pause Young (Allocation Failure) 174M->174M(455M) 143.363ms
[2020-08-08T12:40:55.262+0300][34.292s][info][gc] GC(226) Pause Young (Allocation Failure) 232M->232M(455M) 154.580ms
[2020-08-08T12:40:55.422+0300][34.451s][info][gc] GC(227) Pause Young (Allocation Failure) 290M->290M(455M) 151.257ms
[2020-08-08T12:40:55.442+0300][34.471s][info][gc] GC(228) Pause Full (Ergonomics) 290M->22M(455M) 20.024ms
[2020-08-08T12:40:55.539+0300][34.568s][info][gc] GC(229) Pause Young (Allocation Failure) 80M->80M(455M) 86.861ms
[2020-08-08T12:40:55.714+0300][34.743s][info][gc] GC(230) Pause Young (Allocation Failure) 136M->136M(455M) 162.297ms
[2020-08-08T12:40:55.865+0300][34.895s][info][gc] GC(231) Pause Young (Allocation Failure) 193M->193M(455M) 143.710ms
[2020-08-08T12:40:56.031+0300][35.061s][info][gc] GC(232) Pause Young (Allocation Failure) 251M->251M(455M) 156.755ms
[2020-08-08T12:40:56.189+0300][35.218s][info][gc] GC(233) Pause Young (Allocation Failure) 309M->309M(455M) 149.790ms
[2020-08-08T12:40:56.284+0300][35.314s][info][gc] GC(234) Pause Full (Ergonomics) 309M->41M(455M) 95.368ms
[2020-08-08T12:40:56.381+0300][35.410s][info][gc] GC(235) Pause Young (Allocation Failure) 98M->98M(455M) 86.663ms
[2020-08-08T12:40:56.533+0300][35.562s][info][gc] GC(236) Pause Young (Allocation Failure) 156M->156M(455M) 143.905ms
[2020-08-08T12:40:56.702+0300][35.731s][info][gc] GC(237) Pause Young (Allocation Failure) 213M->213M(455M) 156.232ms
[2020-08-08T12:40:56.879+0300][35.908s][info][gc] GC(238) Pause Young (Allocation Failure) 270M->270M(455M) 167.449ms
[2020-08-08T12:40:57.039+0300][36.069s][info][gc] GC(239) Pause Young (Allocation Failure) 327M->327M(455M) 150.693ms
[2020-08-08T12:40:57.207+0300][36.236s][info][gc] GC(240) Pause Full (Ergonomics) 327M->59M(455M) 167.405ms
[2020-08-08T12:40:57.304+0300][36.334s][info][gc] GC(241) Pause Young (Allocation Failure) 117M->117M(455M) 87.439ms
[2020-08-08T12:40:57.458+0300][36.487s][info][gc] GC(242) Pause Young (Allocation Failure) 174M->175M(455M) 144.293ms
[2020-08-08T12:40:57.623+0300][36.652s][info][gc] GC(243) Pause Young (Allocation Failure) 232M->232M(455M) 154.938ms
[2020-08-08T12:40:57.784+0300][36.813s][info][gc] GC(244) Pause Young (Allocation Failure) 290M->290M(455M) 150.762ms
[2020-08-08T12:40:57.953+0300][36.982s][info][gc] GC(245) Pause Young (Allocation Failure) 347M->347M(455M) 159.495ms
[2020-08-08T12:40:58.201+0300][37.231s][info][gc] GC(246) Pause Full (Ergonomics) 347M->79M(455M) 248.313ms
[2020-08-08T12:40:58.296+0300][37.325s][info][gc] GC(247) Pause Young (Allocation Failure) 136M->136M(455M) 85.032ms
[2020-08-08T12:40:58.449+0300][37.479s][info][gc] GC(248) Pause Young (Allocation Failure) 193M->193M(455M) 144.289ms
[2020-08-08T12:40:58.617+0300][37.646s][info][gc] GC(249) Pause Young (Allocation Failure) 251M->251M(455M) 157.856ms
[2020-08-08T12:40:58.778+0300][37.807s][info][gc] GC(250) Pause Young (Allocation Failure) 308M->308M(455M) 150.191ms
[2020-08-08T12:40:58.872+0300][37.902s][info][gc] GC(251) Pause Full (Ergonomics) 308M->41M(455M) 94.652ms
[2020-08-08T12:40:58.969+0300][37.998s][info][gc] GC(252) Pause Young (Allocation Failure) 98M->98M(455M) 86.571ms
[2020-08-08T12:40:59.120+0300][38.149s][info][gc] GC(253) Pause Young (Allocation Failure) 156M->156M(455M) 143.479ms
[2020-08-08T12:40:59.272+0300][38.302s][info][gc] GC(254) Pause Young (Allocation Failure) 213M->213M(455M) 143.404ms
[2020-08-08T12:40:59.447+0300][38.476s][info][gc] GC(255) Pause Young (Allocation Failure) 270M->270M(455M) 165.569ms
[2020-08-08T12:40:59.607+0300][38.636s][info][gc] GC(256) Pause Young (Allocation Failure) 327M->327M(455M) 151.970ms
[2020-08-08T12:40:59.775+0300][38.805s][info][gc] GC(257) Pause Full (Ergonomics) 327M->59M(455M) 168.215ms
[2020-08-08T12:40:59.876+0300][38.905s][info][gc] GC(258) Pause Young (Allocation Failure) 117M->117M(455M) 86.858ms
[2020-08-08T12:41:00.028+0300][39.057s][info][gc] GC(259) Pause Young (Allocation Failure) 174M->174M(455M) 144.965ms
[2020-08-08T12:41:00.193+0300][39.223s][info][gc] GC(260) Pause Young (Allocation Failure) 232M->232M(455M) 154.049ms
[2020-08-08T12:41:00.351+0300][39.380s][info][gc] GC(261) Pause Young (Allocation Failure) 290M->290M(455M) 149.880ms
[2020-08-08T12:41:00.371+0300][39.400s][info][gc] GC(262) Pause Full (Ergonomics) 290M->22M(455M) 20.002ms
[2020-08-08T12:41:00.468+0300][39.497s][info][gc] GC(263) Pause Young (Allocation Failure) 80M->80M(455M) 87.178ms
[2020-08-08T12:41:00.637+0300][39.667s][info][gc] GC(264) Pause Young (Allocation Failure) 136M->136M(455M) 159.874ms
[2020-08-08T12:41:00.795+0300][39.825s][info][gc] GC(265) Pause Young (Allocation Failure) 193M->193M(455M) 143.353ms
[2020-08-08T12:41:00.961+0300][39.990s][info][gc] GC(266) Pause Young (Allocation Failure) 251M->251M(455M) 155.713ms
[2020-08-08T12:41:01.118+0300][40.148s][info][gc] GC(267) Pause Young (Allocation Failure) 308M->309M(455M) 148.876ms
[2020-08-08T12:41:01.213+0300][40.243s][info][gc] GC(268) Pause Full (Ergonomics) 309M->41M(455M) 94.708ms
[2020-08-08T12:41:01.310+0300][40.340s][info][gc] GC(269) Pause Young (Allocation Failure) 98M->98M(455M) 86.808ms
[2020-08-08T12:41:01.461+0300][40.491s][info][gc] GC(270) Pause Young (Allocation Failure) 156M->156M(455M) 142.376ms
[2020-08-08T12:41:01.616+0300][40.646s][info][gc] GC(271) Pause Young (Allocation Failure) 213M->213M(455M) 144.645ms
[2020-08-08T12:41:01.797+0300][40.826s][info][gc] GC(272) Pause Young (Allocation Failure) 270M->270M(455M) 166.413ms
[2020-08-08T12:41:01.955+0300][40.985s][info][gc] GC(273) Pause Young (Allocation Failure) 327M->327M(455M) 150.335ms
[2020-08-08T12:41:02.122+0300][41.152s][info][gc] GC(274) Pause Full (Ergonomics) 327M->59M(455M) 166.989ms
[2020-08-08T12:41:02.219+0300][41.249s][info][gc] GC(275) Pause Young (Allocation Failure) 117M->117M(455M) 87.297ms
[2020-08-08T12:41:02.374+0300][41.403s][info][gc] GC(276) Pause Young (Allocation Failure) 174M->175M(455M) 145.182ms
[2020-08-08T12:41:02.536+0300][41.565s][info][gc] GC(277) Pause Young (Allocation Failure) 232M->232M(455M) 153.167ms
[2020-08-08T12:41:02.698+0300][41.728s][info][gc] GC(278) Pause Young (Allocation Failure) 290M->290M(455M) 151.461ms
[2020-08-08T12:41:02.868+0300][41.897s][info][gc] GC(279) Pause Young (Allocation Failure) 347M->347M(455M) 160.015ms
[2020-08-08T12:41:03.117+0300][42.146s][info][gc] GC(280) Pause Full (Ergonomics) 347M->79M(455M) 248.531ms
[2020-08-08T12:41:03.211+0300][42.241s][info][gc] GC(281) Pause Young (Allocation Failure) 136M->136M(455M) 84.955ms
[2020-08-08T12:41:03.366+0300][42.395s][info][gc] GC(282) Pause Young (Allocation Failure) 193M->193M(455M) 144.205ms
[2020-08-08T12:41:03.531+0300][42.561s][info][gc] GC(283) Pause Young (Allocation Failure) 251M->251M(455M) 155.342ms
[2020-08-08T12:41:03.691+0300][42.721s][info][gc] GC(284) Pause Young (Allocation Failure) 308M->309M(455M) 150.827ms
[2020-08-08T12:41:03.785+0300][42.815s][info][gc] GC(285) Pause Full (Ergonomics) 309M->41M(455M) 93.740ms
[2020-08-08T12:41:03.887+0300][42.917s][info][gc] GC(286) Pause Young (Allocation Failure) 98M->98M(455M) 88.404ms
[2020-08-08T12:41:04.040+0300][43.069s][info][gc] GC(287) Pause Young (Allocation Failure) 156M->156M(455M) 142.639ms
[2020-08-08T12:41:04.188+0300][43.218s][info][gc] GC(288) Pause Young (Allocation Failure) 213M->213M(455M) 138.606ms
[2020-08-08T12:41:04.364+0300][43.394s][info][gc] GC(289) Pause Young (Allocation Failure) 270M->270M(455M) 165.785ms
[2020-08-08T12:41:04.524+0300][43.553s][info][gc] GC(290) Pause Young (Allocation Failure) 327M->327M(455M) 150.897ms
[2020-08-08T12:41:04.693+0300][43.723s][info][gc] GC(291) Pause Full (Ergonomics) 327M->59M(455M) 169.505ms
[2020-08-08T12:41:04.794+0300][43.823s][info][gc] GC(292) Pause Young (Allocation Failure) 117M->117M(455M) 87.357ms
[2020-08-08T12:41:04.946+0300][43.975s][info][gc] GC(293) Pause Young (Allocation Failure) 174M->174M(455M) 143.489ms
[2020-08-08T12:41:05.108+0300][44.138s][info][gc] GC(294) Pause Young (Allocation Failure) 232M->232M(455M) 153.139ms
[2020-08-08T12:41:05.264+0300][44.294s][info][gc] GC(295) Pause Young (Allocation Failure) 290M->290M(455M) 148.364ms
[2020-08-08T12:41:05.285+0300][44.314s][info][gc] GC(296) Pause Full (Ergonomics) 290M->22M(455M) 20.262ms
[2020-08-08T12:41:05.381+0300][44.410s][info][gc] GC(297) Pause Young (Allocation Failure) 80M->80M(455M) 86.321ms
[2020-08-08T12:41:05.548+0300][44.578s][info][gc] GC(298) Pause Young (Allocation Failure) 136M->136M(455M) 158.057ms
[2020-08-08T12:41:05.702+0300][44.731s][info][gc] GC(299) Pause Young (Allocation Failure) 193M->193M(455M) 144.640ms
[2020-08-08T12:41:05.872+0300][44.901s][info][gc] GC(300) Pause Young (Allocation Failure) 251M->251M(455M) 158.883ms
[2020-08-08T12:41:06.029+0300][45.058s][info][gc] GC(301) Pause Young (Allocation Failure) 308M->309M(455M) 149.714ms
[2020-08-08T12:41:06.122+0300][45.152s][info][gc] GC(302) Pause Full (Ergonomics) 309M->41M(455M) 93.329ms
[2020-08-08T12:41:06.218+0300][45.248s][info][gc] GC(303) Pause Young (Allocation Failure) 98M->98M(455M) 86.888ms
[2020-08-08T12:41:06.371+0300][45.401s][info][gc] GC(304) Pause Young (Allocation Failure) 156M->156M(455M) 143.966ms
[2020-08-08T12:41:06.525+0300][45.555s][info][gc] GC(305) Pause Young (Allocation Failure) 213M->213M(455M) 142.916ms
[2020-08-08T12:41:06.703+0300][45.732s][info][gc] GC(306) Pause Young (Allocation Failure) 270M->270M(455M) 166.953ms
[2020-08-08T12:41:06.864+0300][45.894s][info][gc] GC(307) Pause Young (Allocation Failure) 327M->327M(455M) 151.469ms
[2020-08-08T12:41:07.031+0300][46.060s][info][gc] GC(308) Pause Full (Ergonomics) 327M->59M(455M) 166.163ms
[2020-08-08T12:41:07.127+0300][46.157s][info][gc] GC(309) Pause Young (Allocation Failure) 117M->117M(455M) 86.798ms
[2020-08-08T12:41:07.279+0300][46.308s][info][gc] GC(310) Pause Young (Allocation Failure) 174M->174M(455M) 143.044ms
[2020-08-08T12:41:07.442+0300][46.471s][info][gc] GC(311) Pause Young (Allocation Failure) 232M->232M(455M) 153.006ms
[2020-08-08T12:41:07.598+0300][46.627s][info][gc] GC(312) Pause Young (Allocation Failure) 290M->290M(455M) 148.579ms
[2020-08-08T12:41:07.620+0300][46.649s][info][gc] GC(313) Pause Full (Ergonomics) 290M->22M(455M) 22.194ms
[2020-08-08T12:41:07.721+0300][46.751s][info][gc] GC(314) Pause Young (Allocation Failure) 80M->79M(455M) 88.959ms
[2020-08-08T12:41:07.892+0300][46.921s][info][gc] GC(315) Pause Young (Allocation Failure) 137M->136M(455M) 159.850ms
[2020-08-08T12:41:08.046+0300][47.076s][info][gc] GC(316) Pause Young (Allocation Failure) 193M->193M(455M) 143.885ms
[2020-08-08T12:41:08.213+0300][47.242s][info][gc] GC(317) Pause Young (Allocation Failure) 251M->251M(455M) 154.700ms
[2020-08-08T12:41:08.372+0300][47.401s][info][gc] GC(318) Pause Young (Allocation Failure) 309M->309M(455M) 150.510ms
[2020-08-08T12:41:08.467+0300][47.496s][info][gc] GC(319) Pause Full (Ergonomics) 309M->41M(455M) 94.891ms
[2020-08-08T12:41:08.561+0300][47.590s][info][gc] GC(320) Pause Young (Allocation Failure) 98M->98M(455M) 84.183ms
[2020-08-08T12:41:08.707+0300][47.736s][info][gc] GC(321) Pause Young (Allocation Failure) 156M->156M(455M) 137.747ms
[2020-08-08T12:41:08.872+0300][47.901s][info][gc] GC(322) Pause Young (Allocation Failure) 213M->213M(455M) 152.527ms
[2020-08-08T12:41:09.048+0300][48.077s][info][gc] GC(323) Pause Young (Allocation Failure) 270M->270M(455M) 166.620ms
[2020-08-08T12:41:09.208+0300][48.238s][info][gc] GC(324) Pause Young (Allocation Failure) 327M->327M(455M) 150.162ms
[2020-08-08T12:41:09.377+0300][48.406s][info][gc] GC(325) Pause Full (Ergonomics) 327M->59M(455M) 168.604ms
[2020-08-08T12:41:09.468+0300][48.498s][info][gc] GC(326) Pause Young (Allocation Failure) 117M->117M(455M) 80.645ms
[2020-08-08T12:41:09.620+0300][48.649s][info][gc] GC(327) Pause Young (Allocation Failure) 174M->175M(455M) 143.885ms
[2020-08-08T12:41:09.785+0300][48.814s][info][gc] GC(328) Pause Young (Allocation Failure) 232M->232M(455M) 153.156ms
[2020-08-08T12:41:09.943+0300][48.972s][info][gc] GC(329) Pause Young (Allocation Failure) 290M->290M(455M) 150.731ms
[2020-08-08T12:41:09.963+0300][48.992s][info][gc] GC(330) Pause Full (Ergonomics) 290M->22M(455M) 20.033ms
[2020-08-08T12:41:10.058+0300][49.088s][info][gc] GC(331) Pause Young (Allocation Failure) 80M->80M(455M) 84.647ms
[2020-08-08T12:41:10.221+0300][49.250s][info][gc] GC(332) Pause Young (Allocation Failure) 136M->136M(455M) 153.093ms
[2020-08-08T12:41:10.374+0300][49.403s][info][gc] GC(333) Pause Young (Allocation Failure) 193M->193M(455M) 144.023ms
[2020-08-08T12:41:10.539+0300][49.568s][info][gc] GC(334) Pause Young (Allocation Failure) 251M->251M(455M) 155.898ms
[2020-08-08T12:41:10.700+0300][49.729s][info][gc] GC(335) Pause Young (Allocation Failure) 309M->309M(455M) 152.823ms
[2020-08-08T12:41:10.794+0300][49.824s][info][gc] GC(336) Pause Full (Ergonomics) 309M->41M(455M) 94.171ms
[2020-08-08T12:41:10.897+0300][49.926s][info][gc] GC(337) Pause Young (Allocation Failure) 98M->98M(455M) 87.094ms
[2020-08-08T12:41:11.046+0300][50.076s][info][gc] GC(338) Pause Young (Allocation Failure) 156M->156M(455M) 141.960ms
[2020-08-08T12:41:11.196+0300][50.225s][info][gc] GC(339) Pause Young (Allocation Failure) 213M->213M(455M) 139.195ms
[2020-08-08T12:41:11.372+0300][50.401s][info][gc] GC(340) Pause Young (Allocation Failure) 270M->270M(455M) 165.367ms
[2020-08-08T12:41:11.529+0300][50.558s][info][gc] GC(341) Pause Young (Allocation Failure) 327M->327M(455M) 149.594ms
[2020-08-08T12:41:11.698+0300][50.727s][info][gc] GC(342) Pause Full (Ergonomics) 327M->59M(455M) 168.883ms
[2020-08-08T12:41:11.800+0300][50.829s][info][gc] GC(343) Pause Young (Allocation Failure) 117M->117M(455M) 89.882ms
[2020-08-08T12:41:11.954+0300][50.984s][info][gc] GC(344) Pause Young (Allocation Failure) 174M->174M(455M) 145.231ms
[2020-08-08T12:41:12.120+0300][51.150s][info][gc] GC(345) Pause Young (Allocation Failure) 232M->232M(455M) 155.032ms
[2020-08-08T12:41:12.277+0300][51.306s][info][gc] GC(346) Pause Young (Allocation Failure) 290M->290M(455M) 149.052ms
[2020-08-08T12:41:12.297+0300][51.327s][info][gc] GC(347) Pause Full (Ergonomics) 290M->22M(455M) 20.573ms
[2020-08-08T12:41:12.392+0300][51.421s][info][gc] GC(348) Pause Young (Allocation Failure) 80M->80M(455M) 84.578ms
[2020-08-08T12:41:12.556+0300][51.585s][info][gc] GC(349) Pause Young (Allocation Failure) 136M->136M(455M) 153.305ms
[2020-08-08T12:41:12.709+0300][51.739s][info][gc] GC(350) Pause Young (Allocation Failure) 193M->193M(455M) 143.028ms
[2020-08-08T12:41:12.878+0300][51.908s][info][gc] GC(351) Pause Young (Allocation Failure) 251M->251M(455M) 156.491ms
[2020-08-08T12:41:13.031+0300][52.061s][info][gc] GC(352) Pause Young (Allocation Failure) 308M->309M(455M) 144.704ms
[2020-08-08T12:41:13.125+0300][52.155s][info][gc] GC(353) Pause Full (Ergonomics) 309M->41M(455M) 94.045ms
[2020-08-08T12:41:13.219+0300][52.249s][info][gc] GC(354) Pause Young (Allocation Failure) 98M->98M(455M) 84.067ms
[2020-08-08T12:41:13.365+0300][52.395s][info][gc] GC(355) Pause Young (Allocation Failure) 156M->156M(455M) 138.548ms
[2020-08-08T12:41:13.519+0300][52.548s][info][gc] GC(356) Pause Young (Allocation Failure) 213M->213M(455M) 141.516ms
[2020-08-08T12:41:13.691+0300][52.720s][info][gc] GC(357) Pause Young (Allocation Failure) 270M->270M(455M) 161.935ms
[2020-08-08T12:41:13.852+0300][52.882s][info][gc] GC(358) Pause Young (Allocation Failure) 327M->327M(455M) 147.667ms
[2020-08-08T12:41:14.019+0300][53.048s][info][gc] GC(359) Pause Full (Ergonomics) 327M->59M(455M) 166.601ms
[2020-08-08T12:41:14.109+0300][53.139s][info][gc] GC(360) Pause Young (Allocation Failure) 117M->117M(455M) 81.155ms
[2020-08-08T12:41:14.260+0300][53.290s][info][gc] GC(361) Pause Young (Allocation Failure) 174M->174M(455M) 141.052ms
[2020-08-08T12:41:14.421+0300][53.450s][info][gc] GC(362) Pause Young (Allocation Failure) 232M->232M(455M) 150.246ms
[2020-08-08T12:41:14.568+0300][53.597s][info][gc] GC(363) Pause Young (Allocation Failure) 290M->290M(455M) 139.625ms
[2020-08-08T12:41:14.588+0300][53.618s][info][gc] GC(364) Pause Full (Ergonomics) 290M->22M(455M) 20.208ms
[2020-08-08T12:41:14.683+0300][53.712s][info][gc] GC(365) Pause Young (Allocation Failure) 80M->80M(455M) 84.466ms
[2020-08-08T12:41:14.857+0300][53.886s][info][gc] GC(366) Pause Young (Allocation Failure) 136M->136M(455M) 159.073ms
[2020-08-08T12:41:15.009+0300][54.039s][info][gc] GC(367) Pause Young (Allocation Failure) 193M->193M(455M) 144.336ms
[2020-08-08T12:41:15.177+0300][54.206s][info][gc] GC(368) Pause Young (Allocation Failure) 251M->251M(455M) 156.951ms
[2020-08-08T12:41:15.330+0300][54.360s][info][gc] GC(369) Pause Young (Allocation Failure) 309M->309M(455M) 146.112ms
[2020-08-08T12:41:15.424+0300][54.453s][info][gc] GC(370) Pause Full (Ergonomics) 309M->41M(455M) 93.426ms
[2020-08-08T12:41:15.516+0300][54.545s][info][gc] GC(371) Pause Young (Allocation Failure) 98M->98M(455M) 82.155ms
[2020-08-08T12:41:15.666+0300][54.695s][info][gc] GC(372) Pause Young (Allocation Failure) 156M->156M(455M) 142.062ms
[2020-08-08T12:41:15.829+0300][54.858s][info][gc] GC(373) Pause Young (Allocation Failure) 213M->214M(455M) 152.627ms
[2020-08-08T12:41:15.998+0300][55.027s][info][gc] GC(374) Pause Young (Allocation Failure) 270M->270M(455M) 157.615ms
[2020-08-08T12:41:16.148+0300][55.178s][info][gc] GC(375) Pause Young (Allocation Failure) 327M->327M(455M) 143.092ms
[2020-08-08T12:41:16.318+0300][55.347s][info][gc] GC(376) Pause Full (Ergonomics) 327M->59M(455M) 169.266ms
[2020-08-08T12:41:16.407+0300][55.436s][info][gc] GC(377) Pause Young (Allocation Failure) 117M->117M(455M) 79.409ms
[2020-08-08T12:41:16.548+0300][55.577s][info][gc] GC(378) Pause Young (Allocation Failure) 174M->175M(455M) 134.151ms
[2020-08-08T12:41:16.712+0300][55.741s][info][gc] GC(379) Pause Young (Allocation Failure) 232M->232M(455M) 153.854ms
[2020-08-08T12:41:16.883+0300][55.913s][info][gc] GC(380) Pause Young (Allocation Failure) 290M->290M(455M) 145.414ms
[2020-08-08T12:41:17.049+0300][56.078s][info][gc] GC(381) Pause Young (Allocation Failure) 347M->347M(455M) 154.193ms
[2020-08-08T12:41:17.299+0300][56.328s][info][gc] GC(382) Pause Full (Ergonomics) 347M->79M(455M) 250.338ms
[2020-08-08T12:41:17.386+0300][56.415s][info][gc] GC(383) Pause Young (Allocation Failure) 136M->136M(455M) 76.384ms
[2020-08-08T12:41:17.532+0300][56.561s][info][gc] GC(384) Pause Young (Allocation Failure) 193M->193M(455M) 137.537ms
[2020-08-08T12:41:17.699+0300][56.728s][info][gc] GC(385) Pause Young (Allocation Failure) 251M->251M(455M) 156.713ms
[2020-08-08T12:41:17.846+0300][56.875s][info][gc] GC(386) Pause Young (Allocation Failure) 308M->309M(455M) 139.908ms
[2020-08-08T12:41:17.939+0300][56.969s][info][gc] GC(387) Pause Full (Ergonomics) 309M->41M(455M) 93.508ms
[2020-08-08T12:41:18.035+0300][57.064s][info][gc] GC(388) Pause Young (Allocation Failure) 98M->98M(455M) 81.776ms
[2020-08-08T12:41:18.185+0300][57.215s][info][gc] GC(389) Pause Young (Allocation Failure) 156M->156M(455M) 143.541ms
[2020-08-08T12:41:18.336+0300][57.366s][info][gc] GC(390) Pause Young (Allocation Failure) 213M->213M(455M) 138.925ms
[2020-08-08T12:41:18.511+0300][57.540s][info][gc] GC(391) Pause Young (Allocation Failure) 270M->270M(455M) 163.614ms
[2020-08-08T12:41:18.668+0300][57.697s][info][gc] GC(392) Pause Young (Allocation Failure) 327M->327M(455M) 148.227ms
[2020-08-08T12:41:18.835+0300][57.865s][info][gc] GC(393) Pause Full (Ergonomics) 327M->59M(455M) 167.275ms
[2020-08-08T12:41:18.934+0300][57.964s][info][gc] GC(394) Pause Young (Allocation Failure) 117M->117M(455M) 85.989ms
[2020-08-08T12:41:19.079+0300][58.109s][info][gc] GC(395) Pause Young (Allocation Failure) 174M->174M(455M) 136.258ms
[2020-08-08T12:41:19.241+0300][58.271s][info][gc] GC(396) Pause Young (Allocation Failure) 232M->232M(455M) 152.331ms
[2020-08-08T12:41:19.391+0300][58.420s][info][gc] GC(397) Pause Young (Allocation Failure) 290M->290M(455M) 142.284ms
[2020-08-08T12:41:19.411+0300][58.440s][info][gc] GC(398) Pause Full (Ergonomics) 290M->22M(455M) 20.293ms
[2020-08-08T12:41:19.507+0300][58.536s][info][gc] GC(399) Pause Young (Allocation Failure) 80M->80M(455M) 85.170ms
[2020-08-08T12:41:19.671+0300][58.700s][info][gc] GC(400) Pause Young (Allocation Failure) 136M->136M(455M) 153.923ms
[2020-08-08T12:41:19.823+0300][58.852s][info][gc] GC(401) Pause Young (Allocation Failure) 193M->193M(455M) 141.618ms
[2020-08-08T12:41:19.995+0300][59.024s][info][gc] GC(402) Pause Young (Allocation Failure) 251M->251M(455M) 158.122ms
[2020-08-08T12:41:20.145+0300][59.174s][info][gc] GC(403) Pause Young (Allocation Failure) 308M->309M(455M) 142.403ms
[2020-08-08T12:41:20.239+0300][59.269s][info][gc] GC(404) Pause Full (Ergonomics) 309M->41M(455M) 94.470ms
[2020-08-08T12:41:20.330+0300][59.360s][info][gc] GC(405) Pause Young (Allocation Failure) 98M->98M(455M) 81.499ms
[2020-08-08T12:41:20.480+0300][59.510s][info][gc] GC(406) Pause Young (Allocation Failure) 156M->156M(455M) 139.446ms
[2020-08-08T12:41:20.627+0300][59.656s][info][gc] GC(407) Pause Young (Allocation Failure) 213M->213M(455M) 135.441ms
[2020-08-08T12:41:20.798+0300][59.828s][info][gc] GC(408) Pause Young (Allocation Failure) 270M->270M(455M) 161.456ms
[2020-08-08T12:41:20.954+0300][59.983s][info][gc] GC(409) Pause Young (Allocation Failure) 327M->327M(455M) 143.973ms
[2020-08-08T12:41:21.120+0300][60.149s][info][gc] GC(410) Pause Full (Ergonomics) 327M->59M(455M) 166.222ms
[2020-08-08T12:41:21.209+0300][60.238s][info][gc] GC(411) Pause Young (Allocation Failure) 117M->117M(455M) 78.926ms
[2020-08-08T12:41:21.353+0300][60.383s][info][gc] GC(412) Pause Young (Allocation Failure) 174M->174M(455M) 137.272ms
[2020-08-08T12:41:21.519+0300][60.548s][info][gc] GC(413) Pause Young (Allocation Failure) 232M->232M(455M) 153.313ms
[2020-08-08T12:41:21.675+0300][60.705s][info][gc] GC(414) Pause Young (Allocation Failure) 290M->290M(455M) 149.067ms
[2020-08-08T12:41:21.697+0300][60.726s][info][gc] GC(415) Pause Full (Ergonomics) 290M->22M(455M) 20.994ms
[2020-08-08T12:41:21.795+0300][60.825s][info][gc] GC(416) Pause Young (Allocation Failure) 80M->80M(455M) 87.647ms
[2020-08-08T12:41:21.963+0300][60.992s][info][gc] GC(417) Pause Young (Allocation Failure) 136M->136M(455M) 154.947ms
[2020-08-08T12:41:22.107+0300][61.137s][info][gc] GC(418) Pause Young (Allocation Failure) 193M->193M(455M) 136.310ms
[2020-08-08T12:41:22.274+0300][61.303s][info][gc] GC(419) Pause Young (Allocation Failure) 251M->251M(455M) 156.725ms
[2020-08-08T12:41:22.423+0300][61.452s][info][gc] GC(420) Pause Young (Allocation Failure) 309M->309M(455M) 141.950ms
[2020-08-08T12:41:22.518+0300][61.547s][info][gc] GC(421) Pause Full (Ergonomics) 309M->41M(455M) 94.676ms
[2020-08-08T12:41:22.607+0300][61.637s][info][gc] GC(422) Pause Young (Allocation Failure) 98M->98M(455M) 79.276ms
[2020-08-08T12:41:22.751+0300][61.780s][info][gc] GC(423) Pause Young (Allocation Failure) 156M->156M(455M) 133.002ms
[2020-08-08T12:41:22.915+0300][61.944s][info][gc] GC(424) Pause Young (Allocation Failure) 213M->214M(455M) 152.621ms
[2020-08-08T12:41:23.087+0300][62.116s][info][gc] GC(425) Pause Young (Allocation Failure) 270M->270M(455M) 159.431ms
[2020-08-08T12:41:23.239+0300][62.268s][info][gc] GC(426) Pause Young (Allocation Failure) 327M->327M(455M) 142.594ms
[2020-08-08T12:41:23.408+0300][62.437s][info][gc] GC(427) Pause Full (Ergonomics) 327M->59M(455M) 169.556ms
[2020-08-08T12:41:23.498+0300][62.527s][info][gc] GC(428) Pause Young (Allocation Failure) 117M->117M(455M) 79.029ms
[2020-08-08T12:41:23.642+0300][62.671s][info][gc] GC(429) Pause Young (Allocation Failure) 174M->175M(455M) 136.209ms
[2020-08-08T12:41:23.803+0300][62.832s][info][gc] GC(430) Pause Young (Allocation Failure) 232M->232M(455M) 151.950ms
[2020-08-08T12:41:23.954+0300][62.983s][info][gc] GC(431) Pause Young (Allocation Failure) 290M->290M(455M) 140.559ms
[2020-08-08T12:41:24.122+0300][63.152s][info][gc] GC(432) Pause Young (Allocation Failure) 347M->347M(455M) 159.365ms
[2020-08-08T12:41:24.375+0300][63.405s][info][gc] GC(433) Pause Full (Ergonomics) 347M->80M(455M) 252.936ms
[2020-08-08T12:41:24.466+0300][63.495s][info][gc] GC(434) Pause Young (Allocation Failure) 136M->136M(455M) 80.529ms
[2020-08-08T12:41:24.613+0300][63.643s][info][gc] GC(435) Pause Young (Allocation Failure) 193M->193M(455M) 139.080ms
[2020-08-08T12:41:24.779+0300][63.808s][info][gc] GC(436) Pause Young (Allocation Failure) 251M->251M(455M) 155.475ms
[2020-08-08T12:41:24.927+0300][63.956s][info][gc] GC(437) Pause Young (Allocation Failure) 308M->309M(455M) 140.638ms
[2020-08-08T12:41:25.021+0300][64.050s][info][gc] GC(438) Pause Full (Ergonomics) 309M->41M(455M) 93.733ms
[2020-08-08T12:41:25.113+0300][64.142s][info][gc] GC(439) Pause Young (Allocation Failure) 98M->98M(455M) 80.321ms
[2020-08-08T12:41:25.256+0300][64.285s][info][gc] GC(440) Pause Young (Allocation Failure) 156M->156M(455M) 135.448ms
[2020-08-08T12:41:25.403+0300][64.432s][info][gc] GC(441) Pause Young (Allocation Failure) 213M->213M(455M) 135.389ms
[2020-08-08T12:41:25.568+0300][64.598s][info][gc] GC(442) Pause Young (Allocation Failure) 270M->270M(455M) 155.637ms
[2020-08-08T12:41:25.720+0300][64.750s][info][gc] GC(443) Pause Young (Allocation Failure) 327M->327M(455M) 144.201ms
[2020-08-08T12:41:25.890+0300][64.919s][info][gc] GC(444) Pause Full (Ergonomics) 327M->59M(455M) 169.581ms
[2020-08-08T12:41:25.985+0300][65.015s][info][gc] GC(445) Pause Young (Allocation Failure) 117M->117M(455M) 79.035ms
[2020-08-08T12:41:26.130+0300][65.159s][info][gc] GC(446) Pause Young (Allocation Failure) 174M->174M(455M) 137.623ms
[2020-08-08T12:41:26.295+0300][65.324s][info][gc] GC(447) Pause Young (Allocation Failure) 232M->232M(455M) 153.065ms
[2020-08-08T12:41:26.448+0300][65.477s][info][gc] GC(448) Pause Young (Allocation Failure) 290M->290M(455M) 145.100ms
[2020-08-08T12:41:26.468+0300][65.498s][info][gc] GC(449) Pause Full (Ergonomics) 290M->22M(455M) 20.612ms
[2020-08-08T12:41:26.558+0300][65.587s][info][gc] GC(450) Pause Young (Allocation Failure) 80M->80M(455M) 79.686ms
[2020-08-08T12:41:26.712+0300][65.742s][info][gc] GC(451) Pause Young (Allocation Failure) 136M->136M(455M) 144.584ms
[2020-08-08T12:41:26.859+0300][65.888s][info][gc] GC(452) Pause Young (Allocation Failure) 193M->193M(455M) 137.652ms
[2020-08-08T12:41:27.035+0300][66.064s][info][gc] GC(453) Pause Young (Allocation Failure) 251M->251M(455M) 160.059ms
[2020-08-08T12:41:27.190+0300][66.219s][info][gc] GC(454) Pause Young (Allocation Failure) 308M->309M(455M) 148.165ms
[2020-08-08T12:41:27.284+0300][66.314s][info][gc] GC(455) Pause Full (Ergonomics) 309M->41M(455M) 94.150ms
[2020-08-08T12:41:27.373+0300][66.402s][info][gc] GC(456) Pause Young (Allocation Failure) 98M->98M(455M) 79.066ms
[2020-08-08T12:41:27.512+0300][66.541s][info][gc] GC(457) Pause Young (Allocation Failure) 156M->156M(455M) 131.852ms
[2020-08-08T12:41:27.651+0300][66.680s][info][gc] GC(458) Pause Young (Allocation Failure) 213M->213M(455M) 129.720ms
[2020-08-08T12:41:27.816+0300][66.846s][info][gc] GC(459) Pause Young (Allocation Failure) 270M->270M(455M) 156.679ms
[2020-08-08T12:41:27.981+0300][67.011s][info][gc] GC(460) Pause Young (Allocation Failure) 327M->327M(455M) 150.177ms
[2020-08-08T12:41:28.148+0300][67.177s][info][gc] GC(461) Pause Full (Ergonomics) 327M->59M(455M) 166.467ms
[2020-08-08T12:41:28.238+0300][67.267s][info][gc] GC(462) Pause Young (Allocation Failure) 117M->117M(455M) 79.966ms
[2020-08-08T12:41:28.380+0300][67.409s][info][gc] GC(463) Pause Young (Allocation Failure) 174M->174M(455M) 134.887ms
[2020-08-08T12:41:28.543+0300][67.572s][info][gc] GC(464) Pause Young (Allocation Failure) 232M->232M(455M) 152.942ms
[2020-08-08T12:41:28.694+0300][67.724s][info][gc] GC(465) Pause Young (Allocation Failure) 290M->290M(455M) 143.061ms
[2020-08-08T12:41:28.715+0300][67.744s][info][gc] GC(466) Pause Full (Ergonomics) 290M->22M(455M) 20.405ms
[2020-08-08T12:41:28.812+0300][67.841s][info][gc] GC(467) Pause Young (Allocation Failure) 80M->80M(455M) 86.837ms
[2020-08-08T12:41:28.978+0300][68.007s][info][gc] GC(468) Pause Young (Allocation Failure) 136M->136M(455M) 155.553ms
[2020-08-08T12:41:29.128+0300][68.157s][info][gc] GC(469) Pause Young (Allocation Failure) 193M->193M(455M) 137.680ms
[2020-08-08T12:41:29.294+0300][68.323s][info][gc] GC(470) Pause Young (Allocation Failure) 251M->251M(455M) 156.962ms
[2020-08-08T12:41:29.442+0300][68.471s][info][gc] GC(471) Pause Young (Allocation Failure) 308M->309M(455M) 139.098ms
[2020-08-08T12:41:29.536+0300][68.565s][info][gc] GC(472) Pause Full (Ergonomics) 309M->41M(455M) 94.269ms
[2020-08-08T12:41:29.630+0300][68.659s][info][gc] GC(473) Pause Young (Allocation Failure) 98M->98M(455M) 83.452ms
[2020-08-08T12:41:29.783+0300][68.812s][info][gc] GC(474) Pause Young (Allocation Failure) 156M->156M(455M) 143.258ms
[2020-08-08T12:41:29.932+0300][68.961s][info][gc] GC(475) Pause Young (Allocation Failure) 213M->213M(455M) 137.527ms
[2020-08-08T12:41:30.102+0300][69.131s][info][gc] GC(476) Pause Young (Allocation Failure) 270M->270M(455M) 154.451ms
[2020-08-08T12:41:30.253+0300][69.283s][info][gc] GC(477) Pause Young (Allocation Failure) 327M->327M(455M) 143.442ms
[2020-08-08T12:41:30.423+0300][69.453s][info][gc] GC(478) Pause Full (Ergonomics) 327M->59M(455M) 170.014ms
[2020-08-08T12:41:30.512+0300][69.542s][info][gc] GC(479) Pause Young (Allocation Failure) 117M->117M(455M) 79.052ms
[2020-08-08T12:41:30.655+0300][69.684s][info][gc] GC(480) Pause Young (Allocation Failure) 174M->175M(455M) 133.516ms
[2020-08-08T12:41:30.817+0300][69.846s][info][gc] GC(481) Pause Young (Allocation Failure) 232M->232M(455M) 152.636ms
[2020-08-08T12:41:30.961+0300][69.991s][info][gc] GC(482) Pause Young (Allocation Failure) 290M->290M(455M) 137.009ms
[2020-08-08T12:41:31.129+0300][70.159s][info][gc] GC(483) Pause Young (Allocation Failure) 347M->347M(455M) 154.034ms
[2020-08-08T12:41:31.380+0300][70.410s][info][gc] GC(484) Pause Full (Ergonomics) 347M->79M(455M) 251.000ms
[2020-08-08T12:41:31.471+0300][70.500s][info][gc] GC(485) Pause Young (Allocation Failure) 136M->136M(455M) 80.552ms
[2020-08-08T12:41:31.622+0300][70.652s][info][gc] GC(486) Pause Young (Allocation Failure) 193M->193M(455M) 142.144ms
[2020-08-08T12:41:31.786+0300][70.816s][info][gc] GC(487) Pause Young (Allocation Failure) 251M->251M(455M) 155.135ms
[2020-08-08T12:41:31.937+0300][70.966s][info][gc] GC(488) Pause Young (Allocation Failure) 308M->309M(455M) 143.116ms
[2020-08-08T12:41:32.031+0300][71.060s][info][gc] GC(489) Pause Full (Ergonomics) 309M->41M(455M) 93.524ms
[2020-08-08T12:41:32.128+0300][71.157s][info][gc] GC(490) Pause Young (Allocation Failure) 98M->98M(455M) 84.809ms
[2020-08-08T12:41:32.268+0300][71.298s][info][gc] GC(491) Pause Young (Allocation Failure) 156M->156M(455M) 132.997ms
[2020-08-08T12:41:32.409+0300][71.438s][info][gc] GC(492) Pause Young (Allocation Failure) 213M->213M(455M) 130.981ms
[2020-08-08T12:41:32.571+0300][71.600s][info][gc] GC(493) Pause Young (Allocation Failure) 270M->270M(455M) 152.625ms
[2020-08-08T12:41:32.722+0300][71.751s][info][gc] GC(494) Pause Young (Allocation Failure) 327M->327M(455M) 143.212ms
[2020-08-08T12:41:32.890+0300][71.920s][info][gc] GC(495) Pause Full (Ergonomics) 327M->59M(455M) 168.600ms
[2020-08-08T12:41:32.981+0300][72.011s][info][gc] GC(496) Pause Young (Allocation Failure) 117M->117M(455M) 78.416ms
[2020-08-08T12:41:33.123+0300][72.152s][info][gc] GC(497) Pause Young (Allocation Failure) 174M->174M(455M) 132.387ms
[2020-08-08T12:41:33.285+0300][72.315s][info][gc] GC(498) Pause Young (Allocation Failure) 232M->232M(455M) 153.610ms
[2020-08-08T12:41:33.433+0300][72.463s][info][gc] GC(499) Pause Young (Allocation Failure) 290M->290M(455M) 140.843ms
[2020-08-08T12:41:33.454+0300][72.483s][info][gc] GC(500) Pause Full (Ergonomics) 290M->22M(455M) 20.429ms
[2020-08-08T12:41:33.548+0300][72.578s][info][gc] GC(501) Pause Young (Allocation Failure) 80M->80M(455M) 84.778ms
[2020-08-08T12:41:33.709+0300][72.739s][info][gc] GC(502) Pause Young (Allocation Failure) 136M->136M(455M) 150.902ms
[2020-08-08T12:41:33.854+0300][72.884s][info][gc] GC(503) Pause Young (Allocation Failure) 193M->193M(455M) 136.768ms
[2020-08-08T12:41:34.020+0300][73.049s][info][gc] GC(504) Pause Young (Allocation Failure) 251M->251M(455M) 155.867ms
[2020-08-08T12:41:34.170+0300][73.200s][info][gc] GC(505) Pause Young (Allocation Failure) 309M->309M(455M) 139.962ms
[2020-08-08T12:41:34.266+0300][73.295s][info][gc] GC(506) Pause Full (Ergonomics) 309M->41M(455M) 94.950ms
[2020-08-08T12:41:34.356+0300][73.385s][info][gc] GC(507) Pause Young (Allocation Failure) 98M->98M(455M) 79.256ms
[2020-08-08T12:41:34.495+0300][73.524s][info][gc] GC(508) Pause Young (Allocation Failure) 156M->156M(455M) 130.905ms
[2020-08-08T12:41:34.636+0300][73.665s][info][gc] GC(509) Pause Young (Allocation Failure) 213M->213M(455M) 131.008ms
[2020-08-08T12:41:34.797+0300][73.826s][info][gc] GC(510) Pause Young (Allocation Failure) 270M->270M(455M) 151.595ms
[2020-08-08T12:41:34.948+0300][73.978s][info][gc] GC(511) Pause Young (Allocation Failure) 327M->327M(455M) 143.284ms
[2020-08-08T12:41:35.118+0300][74.147s][info][gc] GC(512) Pause Full (Ergonomics) 327M->59M(455M) 169.722ms
[2020-08-08T12:41:35.215+0300][74.244s][info][gc] GC(513) Pause Young (Allocation Failure) 117M->117M(455M) 83.752ms
[2020-08-08T12:41:35.366+0300][74.396s][info][gc] GC(514) Pause Young (Allocation Failure) 174M->174M(455M) 141.088ms
[2020-08-08T12:41:35.527+0300][74.557s][info][gc] GC(515) Pause Young (Allocation Failure) 232M->232M(455M) 151.611ms
[2020-08-08T12:41:35.679+0300][74.708s][info][gc] GC(516) Pause Young (Allocation Failure) 290M->290M(455M) 143.527ms
[2020-08-08T12:41:35.699+0300][74.728s][info][gc] GC(517) Pause Full (Ergonomics) 290M->22M(455M) 20.345ms
[2020-08-08T12:41:35.794+0300][74.824s][info][gc] GC(518) Pause Young (Allocation Failure) 80M->80M(455M) 85.382ms
[2020-08-08T12:41:35.953+0300][74.982s][info][gc] GC(519) Pause Young (Allocation Failure) 136M->136M(455M) 148.912ms
[2020-08-08T12:41:36.102+0300][75.131s][info][gc] GC(520) Pause Young (Allocation Failure) 193M->193M(455M) 139.229ms
[2020-08-08T12:41:36.275+0300][75.304s][info][gc] GC(521) Pause Young (Allocation Failure) 251M->251M(455M) 162.302ms
[2020-08-08T12:41:36.424+0300][75.453s][info][gc] GC(522) Pause Young (Allocation Failure) 308M->309M(455M) 141.159ms
[2020-08-08T12:41:36.520+0300][75.550s][info][gc] GC(523) Pause Full (Ergonomics) 309M->41M(455M) 96.448ms
[2020-08-08T12:41:36.612+0300][75.641s][info][gc] GC(524) Pause Young (Allocation Failure) 98M->98M(455M) 80.033ms
[2020-08-08T12:41:36.752+0300][75.781s][info][gc] GC(525) Pause Young (Allocation Failure) 156M->156M(455M) 130.577ms
[2020-08-08T12:41:36.893+0300][75.922s][info][gc] GC(526) Pause Young (Allocation Failure) 213M->213M(455M) 130.417ms
[2020-08-08T12:41:37.059+0300][76.089s][info][gc] GC(527) Pause Young (Allocation Failure) 270M->270M(455M) 156.235ms
[2020-08-08T12:41:37.223+0300][76.252s][info][gc] GC(528) Pause Young (Allocation Failure) 327M->327M(455M) 150.836ms
[2020-08-08T12:41:37.391+0300][76.421s][info][gc] GC(529) Pause Full (Ergonomics) 327M->59M(455M) 168.625ms
[2020-08-08T12:41:37.484+0300][76.514s][info][gc] GC(530) Pause Young (Allocation Failure) 117M->117M(455M) 80.153ms
[2020-08-08T12:41:37.634+0300][76.663s][info][gc] GC(531) Pause Young (Allocation Failure) 174M->174M(455M) 140.410ms
[2020-08-08T12:41:37.800+0300][76.830s][info][gc] GC(532) Pause Young (Allocation Failure) 232M->232M(455M) 155.018ms
[2020-08-08T12:41:37.948+0300][76.978s][info][gc] GC(533) Pause Young (Allocation Failure) 290M->290M(455M) 139.474ms
[2020-08-08T12:41:37.970+0300][77.000s][info][gc] GC(534) Pause Full (Ergonomics) 290M->22M(455M) 21.745ms
[2020-08-08T12:41:38.068+0300][77.097s][info][gc] GC(535) Pause Young (Allocation Failure) 80M->79M(455M) 80.994ms
[2020-08-08T12:41:38.224+0300][77.253s][info][gc] GC(536) Pause Young (Allocation Failure) 137M->136M(455M) 145.710ms
[2020-08-08T12:41:38.370+0300][77.400s][info][gc] GC(537) Pause Young (Allocation Failure) 193M->193M(455M) 137.341ms
[2020-08-08T12:41:38.539+0300][77.568s][info][gc] GC(538) Pause Young (Allocation Failure) 251M->251M(455M) 157.922ms
[2020-08-08T12:41:38.688+0300][77.718s][info][gc] GC(539) Pause Young (Allocation Failure) 309M->309M(455M) 140.207ms
[2020-08-08T12:41:38.784+0300][77.814s][info][gc] GC(540) Pause Full (Ergonomics) 309M->41M(455M) 95.604ms
[2020-08-08T12:41:38.879+0300][77.908s][info][gc] GC(541) Pause Young (Allocation Failure) 98M->98M(455M) 81.709ms
[2020-08-08T12:41:39.022+0300][78.052s][info][gc] GC(542) Pause Young (Allocation Failure) 156M->156M(455M) 132.298ms
[2020-08-08T12:41:39.190+0300][78.219s][info][gc] GC(543) Pause Young (Allocation Failure) 213M->213M(455M) 154.380ms
[2020-08-08T12:41:39.353+0300][78.382s][info][gc] GC(544) Pause Young (Allocation Failure) 270M->270M(455M) 152.481ms
[2020-08-08T12:41:39.505+0300][78.534s][info][gc] GC(545) Pause Young (Allocation Failure) 327M->327M(455M) 143.649ms
[2020-08-08T12:41:39.675+0300][78.705s][info][gc] GC(546) Pause Full (Ergonomics) 327M->59M(455M) 170.427ms
[2020-08-08T12:41:39.765+0300][78.794s][info][gc] GC(547) Pause Young (Allocation Failure) 117M->117M(455M) 78.624ms
[2020-08-08T12:41:39.905+0300][78.935s][info][gc] GC(548) Pause Young (Allocation Failure) 174M->175M(455M) 131.955ms
[2020-08-08T12:41:40.068+0300][79.098s][info][gc] GC(549) Pause Young (Allocation Failure) 232M->232M(455M) 153.928ms
[2020-08-08T12:41:40.215+0300][79.245s][info][gc] GC(550) Pause Young (Allocation Failure) 290M->290M(455M) 137.034ms
[2020-08-08T12:41:40.381+0300][79.411s][info][gc] GC(551) Pause Young (Allocation Failure) 347M->347M(455M) 156.102ms
[2020-08-08T12:41:40.634+0300][79.663s][info][gc] GC(552) Pause Full (Ergonomics) 347M->80M(455M) 252.312ms
[2020-08-08T12:41:40.722+0300][79.751s][info][gc] GC(553) Pause Young (Allocation Failure) 136M->136M(455M) 77.527ms
[2020-08-08T12:41:40.865+0300][79.894s][info][gc] GC(554) Pause Young (Allocation Failure) 193M->193M(455M) 135.631ms
[2020-08-08T12:41:41.031+0300][80.060s][info][gc] GC(555) Pause Young (Allocation Failure) 251M->251M(455M) 156.534ms
[2020-08-08T12:41:41.181+0300][80.210s][info][gc] GC(556) Pause Young (Allocation Failure) 308M->308M(455M) 140.139ms
[2020-08-08T12:41:41.277+0300][80.306s][info][gc] GC(557) Pause Full (Ergonomics) 308M->41M(455M) 95.449ms
[2020-08-08T12:41:41.365+0300][80.395s][info][gc] GC(558) Pause Young (Allocation Failure) 98M->98M(455M) 78.870ms
[2020-08-08T12:41:41.504+0300][80.533s][info][gc] GC(559) Pause Young (Allocation Failure) 156M->156M(455M) 130.709ms
[2020-08-08T12:41:41.645+0300][80.674s][info][gc] GC(560) Pause Young (Allocation Failure) 213M->213M(455M) 131.847ms
[2020-08-08T12:41:41.805+0300][80.834s][info][gc] GC(561) Pause Young (Allocation Failure) 270M->270M(455M) 150.366ms
[2020-08-08T12:41:41.957+0300][80.986s][info][gc] GC(562) Pause Young (Allocation Failure) 327M->327M(455M) 143.974ms
[2020-08-08T12:41:42.127+0300][81.156s][info][gc] GC(563) Pause Full (Ergonomics) 327M->59M(455M) 169.766ms
[2020-08-08T12:41:42.224+0300][81.253s][info][gc] GC(564) Pause Young (Allocation Failure) 117M->117M(455M) 84.906ms
[2020-08-08T12:41:42.368+0300][81.397s][info][gc] GC(565) Pause Young (Allocation Failure) 174M->174M(455M) 135.958ms
[2020-08-08T12:41:42.531+0300][81.560s][info][gc] GC(566) Pause Young (Allocation Failure) 232M->232M(455M) 153.816ms
[2020-08-08T12:41:42.680+0300][81.709s][info][gc] GC(567) Pause Young (Allocation Failure) 290M->290M(455M) 139.817ms
[2020-08-08T12:41:42.701+0300][81.730s][info][gc] GC(568) Pause Full (Ergonomics) 290M->22M(455M) 21.289ms
[2020-08-08T12:41:42.790+0300][81.819s][info][gc] GC(569) Pause Young (Allocation Failure) 80M->80M(455M) 79.444ms
[2020-08-08T12:41:42.944+0300][81.974s][info][gc] GC(570) Pause Young (Allocation Failure) 136M->136M(455M) 145.096ms
[2020-08-08T12:41:43.088+0300][82.118s][info][gc] GC(571) Pause Young (Allocation Failure) 193M->193M(455M) 136.351ms
[2020-08-08T12:41:43.258+0300][82.288s][info][gc] GC(572) Pause Young (Allocation Failure) 251M->251M(455M) 156.181ms
[2020-08-08T12:41:43.407+0300][82.436s][info][gc] GC(573) Pause Young (Allocation Failure) 308M->309M(455M) 139.917ms
[2020-08-08T12:41:43.502+0300][82.532s][info][gc] GC(574) Pause Full (Ergonomics) 309M->41M(455M) 95.375ms
[2020-08-08T12:41:43.592+0300][82.621s][info][gc] GC(575) Pause Young (Allocation Failure) 98M->98M(455M) 79.561ms
[2020-08-08T12:41:43.730+0300][82.759s][info][gc] GC(576) Pause Young (Allocation Failure) 156M->156M(455M) 130.303ms
[2020-08-08T12:41:43.872+0300][82.901s][info][gc] GC(577) Pause Young (Allocation Failure) 213M->213M(455M) 131.643ms
[2020-08-08T12:41:44.032+0300][83.062s][info][gc] GC(578) Pause Young (Allocation Failure) 270M->270M(455M) 151.871ms
[2020-08-08T12:41:44.185+0300][83.214s][info][gc] GC(579) Pause Young (Allocation Failure) 327M->327M(455M) 142.283ms
[2020-08-08T12:41:44.352+0300][83.381s][info][gc] GC(580) Pause Full (Ergonomics) 327M->59M(455M) 167.311ms
[2020-08-08T12:41:44.442+0300][83.471s][info][gc] GC(581) Pause Young (Allocation Failure) 117M->117M(455M) 79.750ms
[2020-08-08T12:41:44.584+0300][83.613s][info][gc] GC(582) Pause Young (Allocation Failure) 174M->174M(455M) 134.504ms
[2020-08-08T12:41:44.748+0300][83.777s][info][gc] GC(583) Pause Young (Allocation Failure) 232M->232M(455M) 153.785ms
[2020-08-08T12:41:44.896+0300][83.925s][info][gc] GC(584) Pause Young (Allocation Failure) 290M->290M(455M) 140.812ms
[2020-08-08T12:41:44.917+0300][83.946s][info][gc] GC(585) Pause Full (Ergonomics) 290M->22M(455M) 20.620ms
[2020-08-08T12:41:45.013+0300][84.042s][info][gc] GC(586) Pause Young (Allocation Failure) 80M->80M(455M) 85.180ms
[2020-08-08T12:41:45.175+0300][84.205s][info][gc] GC(587) Pause Young (Allocation Failure) 136M->136M(455M) 151.192ms
[2020-08-08T12:41:45.320+0300][84.349s][info][gc] GC(588) Pause Young (Allocation Failure) 193M->193M(455M) 137.145ms
[2020-08-08T12:41:45.487+0300][84.517s][info][gc] GC(589) Pause Young (Allocation Failure) 251M->251M(455M) 158.247ms
[2020-08-08T12:41:45.637+0300][84.666s][info][gc] GC(590) Pause Young (Allocation Failure) 309M->309M(455M) 142.020ms
[2020-08-08T12:41:45.730+0300][84.760s][info][gc] GC(591) Pause Full (Ergonomics) 309M->41M(455M) 93.832ms
[2020-08-08T12:41:45.821+0300][84.850s][info][gc] GC(592) Pause Young (Allocation Failure) 98M->98M(455M) 79.412ms
[2020-08-08T12:41:45.958+0300][84.987s][info][gc] GC(593) Pause Young (Allocation Failure) 156M->156M(455M) 129.919ms
[2020-08-08T12:41:46.115+0300][85.144s][info][gc] GC(594) Pause Young (Allocation Failure) 213M->214M(455M) 147.299ms
[2020-08-08T12:41:46.278+0300][85.308s][info][gc] GC(595) Pause Young (Allocation Failure) 270M->270M(455M) 152.588ms
[2020-08-08T12:41:46.429+0300][85.458s][info][gc] GC(596) Pause Young (Allocation Failure) 327M->327M(455M) 142.780ms
[2020-08-08T12:41:46.599+0300][85.628s][info][gc] GC(597) Pause Full (Ergonomics) 327M->59M(455M) 169.857ms
[2020-08-08T12:41:46.690+0300][85.719s][info][gc] GC(598) Pause Young (Allocation Failure) 117M->117M(455M) 78.914ms
[2020-08-08T12:41:46.831+0300][85.861s][info][gc] GC(599) Pause Young (Allocation Failure) 174M->175M(455M) 134.145ms
[2020-08-08T12:41:46.992+0300][86.021s][info][gc] GC(600) Pause Young (Allocation Failure) 232M->232M(455M) 150.838ms
[2020-08-08T12:41:47.140+0300][86.169s][info][gc] GC(601) Pause Young (Allocation Failure) 290M->290M(455M) 140.507ms
[2020-08-08T12:41:47.313+0300][86.342s][info][gc] GC(602) Pause Young (Allocation Failure) 347M->347M(455M) 157.465ms
[2020-08-08T12:41:47.568+0300][86.597s][info][gc] GC(603) Pause Full (Ergonomics) 347M->80M(455M) 254.580ms
[2020-08-08T12:41:47.659+0300][86.688s][info][gc] GC(604) Pause Young (Allocation Failure) 136M->136M(455M) 81.284ms
[2020-08-08T12:41:47.804+0300][86.834s][info][gc] GC(605) Pause Young (Allocation Failure) 193M->193M(455M) 137.314ms
[2020-08-08T12:41:47.970+0300][86.999s][info][gc] GC(606) Pause Young (Allocation Failure) 251M->251M(455M) 155.927ms
[2020-08-08T12:41:48.120+0300][87.149s][info][gc] GC(607) Pause Young (Allocation Failure) 308M->309M(455M) 142.688ms
[2020-08-08T12:41:48.214+0300][87.244s][info][gc] GC(608) Pause Full (Ergonomics) 309M->41M(455M) 94.070ms
[2020-08-08T12:41:48.307+0300][87.337s][info][gc] GC(609) Pause Young (Allocation Failure) 98M->98M(455M) 80.415ms
[2020-08-08T12:41:48.448+0300][87.477s][info][gc] GC(610) Pause Young (Allocation Failure) 156M->156M(455M) 132.708ms
[2020-08-08T12:41:48.589+0300][87.618s][info][gc] GC(611) Pause Young (Allocation Failure) 213M->213M(455M) 131.609ms
[2020-08-08T12:41:48.752+0300][87.782s][info][gc] GC(612) Pause Young (Allocation Failure) 270M->270M(455M) 153.657ms
[2020-08-08T12:41:48.903+0300][87.933s][info][gc] GC(613) Pause Young (Allocation Failure) 327M->327M(455M) 143.271ms
[2020-08-08T12:41:49.073+0300][88.102s][info][gc] GC(614) Pause Full (Ergonomics) 327M->59M(455M) 169.673ms
[2020-08-08T12:41:49.165+0300][88.194s][info][gc] GC(615) Pause Young (Allocation Failure) 117M->117M(455M) 80.006ms
[2020-08-08T12:41:49.307+0300][88.337s][info][gc] GC(616) Pause Young (Allocation Failure) 174M->174M(455M) 133.710ms
[2020-08-08T12:41:49.471+0300][88.500s][info][gc] GC(617) Pause Young (Allocation Failure) 232M->232M(455M) 153.274ms
[2020-08-08T12:41:49.616+0300][88.645s][info][gc] GC(618) Pause Young (Allocation Failure) 290M->290M(455M) 137.775ms
[2020-08-08T12:41:49.637+0300][88.666s][info][gc] GC(619) Pause Full (Ergonomics) 290M->22M(455M) 20.650ms
[2020-08-08T12:41:49.726+0300][88.755s][info][gc] GC(620) Pause Young (Allocation Failure) 80M->80M(455M) 79.080ms
[2020-08-08T12:41:49.880+0300][88.910s][info][gc] GC(621) Pause Young (Allocation Failure) 136M->136M(455M) 144.272ms
[2020-08-08T12:41:50.024+0300][89.053s][info][gc] GC(622) Pause Young (Allocation Failure) 193M->193M(455M) 136.212ms
[2020-08-08T12:41:50.190+0300][89.219s][info][gc] GC(623) Pause Young (Allocation Failure) 251M->251M(455M) 156.617ms
[2020-08-08T12:41:50.339+0300][89.368s][info][gc] GC(624) Pause Young (Allocation Failure) 309M->309M(455M) 138.727ms
[2020-08-08T12:41:50.434+0300][89.464s][info][gc] GC(625) Pause Full (Ergonomics) 309M->41M(455M) 95.321ms
[2020-08-08T12:41:50.524+0300][89.553s][info][gc] GC(626) Pause Young (Allocation Failure) 98M->98M(455M) 79.496ms
[2020-08-08T12:41:50.660+0300][89.690s][info][gc] GC(627) Pause Young (Allocation Failure) 156M->156M(455M) 129.005ms
[2020-08-08T12:41:50.800+0300][89.829s][info][gc] GC(628) Pause Young (Allocation Failure) 213M->213M(455M) 129.728ms
[2020-08-08T12:41:50.961+0300][89.990s][info][gc] GC(629) Pause Young (Allocation Failure) 270M->270M(455M) 151.684ms
[2020-08-08T12:41:51.113+0300][90.142s][info][gc] GC(630) Pause Young (Allocation Failure) 327M->327M(455M) 143.448ms
[2020-08-08T12:41:51.283+0300][90.312s][info][gc] GC(631) Pause Full (Ergonomics) 327M->59M(455M) 169.805ms
[2020-08-08T12:41:51.374+0300][90.403s][info][gc] GC(632) Pause Young (Allocation Failure) 117M->117M(455M) 78.864ms
[2020-08-08T12:41:51.515+0300][90.545s][info][gc] GC(633) Pause Young (Allocation Failure) 174M->174M(455M) 134.331ms
[2020-08-08T12:41:51.677+0300][90.707s][info][gc] GC(634) Pause Young (Allocation Failure) 232M->232M(455M) 152.140ms
[2020-08-08T12:41:51.823+0300][90.852s][info][gc] GC(635) Pause Young (Allocation Failure) 290M->290M(455M) 137.729ms
[2020-08-08T12:41:51.844+0300][90.873s][info][gc] GC(636) Pause Full (Ergonomics) 290M->22M(455M) 20.562ms
[2020-08-08T12:41:51.933+0300][90.963s][info][gc] GC(637) Pause Young (Allocation Failure) 80M->80M(455M) 79.228ms
[2020-08-08T12:41:52.087+0300][91.116s][info][gc] GC(638) Pause Young (Allocation Failure) 136M->136M(455M) 143.922ms
[2020-08-08T12:41:52.231+0300][91.260s][info][gc] GC(639) Pause Young (Allocation Failure) 193M->193M(455M) 135.971ms
[2020-08-08T12:41:52.401+0300][91.431s][info][gc] GC(640) Pause Young (Allocation Failure) 251M->251M(455M) 157.805ms
[2020-08-08T12:41:52.549+0300][91.578s][info][gc] GC(641) Pause Young (Allocation Failure) 308M->309M(455M) 139.750ms
[2020-08-08T12:41:52.645+0300][91.674s][info][gc] GC(642) Pause Full (Ergonomics) 309M->41M(455M) 96.089ms
[2020-08-08T12:41:52.737+0300][91.766s][info][gc] GC(643) Pause Young (Allocation Failure) 98M->98M(455M) 82.254ms
[2020-08-08T12:41:52.885+0300][91.914s][info][gc] GC(644) Pause Young (Allocation Failure) 156M->156M(455M) 138.272ms
[2020-08-08T12:41:53.024+0300][92.053s][info][gc] GC(645) Pause Young (Allocation Failure) 213M->213M(455M) 129.222ms
[2020-08-08T12:41:53.185+0300][92.214s][info][gc] GC(646) Pause Young (Allocation Failure) 270M->270M(455M) 152.522ms
[2020-08-08T12:41:53.340+0300][92.369s][info][gc] GC(647) Pause Young (Allocation Failure) 327M->327M(455M) 144.991ms
[2020-08-08T12:41:53.507+0300][92.536s][info][gc] GC(648) Pause Full (Ergonomics) 327M->59M(455M) 166.754ms
[2020-08-08T12:41:53.597+0300][92.627s][info][gc] GC(649) Pause Young (Allocation Failure) 117M->117M(455M) 79.540ms
[2020-08-08T12:41:53.741+0300][92.770s][info][gc] GC(650) Pause Young (Allocation Failure) 174M->174M(455M) 134.162ms
[2020-08-08T12:41:53.904+0300][92.933s][info][gc] GC(651) Pause Young (Allocation Failure) 232M->232M(455M) 153.079ms
[2020-08-08T12:41:54.048+0300][93.077s][info][gc] GC(652) Pause Young (Allocation Failure) 290M->290M(455M) 136.619ms
[2020-08-08T12:41:54.069+0300][93.098s][info][gc] GC(653) Pause Full (Ergonomics) 290M->22M(455M) 21.036ms
[2020-08-08T12:41:54.157+0300][93.186s][info][gc] GC(654) Pause Young (Allocation Failure) 80M->80M(455M) 78.750ms
[2020-08-08T12:41:54.313+0300][93.342s][info][gc] GC(655) Pause Young (Allocation Failure) 136M->136M(455M) 144.207ms
[2020-08-08T12:41:54.456+0300][93.486s][info][gc] GC(656) Pause Young (Allocation Failure) 193M->193M(455M) 135.603ms
[2020-08-08T12:41:54.624+0300][93.654s][info][gc] GC(657) Pause Young (Allocation Failure) 251M->251M(455M) 158.320ms
[2020-08-08T12:41:54.773+0300][93.802s][info][gc] GC(658) Pause Young (Allocation Failure) 309M->309M(455M) 141.203ms
[2020-08-08T12:41:54.867+0300][93.896s][info][gc] GC(659) Pause Full (Ergonomics) 309M->41M(455M) 94.258ms
[2020-08-08T12:41:54.956+0300][93.986s][info][gc] GC(660) Pause Young (Allocation Failure) 98M->98M(455M) 79.193ms
[2020-08-08T12:41:55.094+0300][94.123s][info][gc] GC(661) Pause Young (Allocation Failure) 156M->156M(455M) 130.615ms
[2020-08-08T12:41:55.253+0300][94.283s][info][gc] GC(662) Pause Young (Allocation Failure) 213M->214M(455M) 149.095ms
[2020-08-08T12:41:55.417+0300][94.446s][info][gc] GC(663) Pause Young (Allocation Failure) 270M->270M(455M) 152.549ms
[2020-08-08T12:41:55.568+0300][94.598s][info][gc] GC(664) Pause Young (Allocation Failure) 327M->327M(455M) 143.621ms
[2020-08-08T12:41:55.739+0300][94.768s][info][gc] GC(665) Pause Full (Ergonomics) 327M->59M(455M) 170.103ms
[2020-08-08T12:41:55.828+0300][94.857s][info][gc] GC(666) Pause Young (Allocation Failure) 117M->117M(455M) 79.396ms
[2020-08-08T12:41:55.970+0300][94.999s][info][gc] GC(667) Pause Young (Allocation Failure) 174M->175M(455M) 134.510ms
[2020-08-08T12:41:56.130+0300][95.159s][info][gc] GC(668) Pause Young (Allocation Failure) 232M->232M(455M) 151.151ms
[2020-08-08T12:41:56.274+0300][95.304s][info][gc] GC(669) Pause Young (Allocation Failure) 290M->290M(455M) 136.972ms
[2020-08-08T12:41:56.442+0300][95.471s][info][gc] GC(670) Pause Young (Allocation Failure) 347M->347M(455M) 155.631ms
[2020-08-08T12:41:56.695+0300][95.724s][info][gc] GC(671) Pause Full (Ergonomics) 347M->80M(455M) 253.085ms
[2020-08-08T12:41:56.786+0300][95.815s][info][gc] GC(672) Pause Young (Allocation Failure) 136M->136M(455M) 81.415ms
[2020-08-08T12:41:56.938+0300][95.967s][info][gc] GC(673) Pause Young (Allocation Failure) 193M->193M(455M) 142.379ms
[2020-08-08T12:41:57.103+0300][96.132s][info][gc] GC(674) Pause Young (Allocation Failure) 251M->251M(455M) 155.132ms
[2020-08-08T12:41:57.254+0300][96.284s][info][gc] GC(675) Pause Young (Allocation Failure) 308M->309M(455M) 143.490ms
[2020-08-08T12:41:57.349+0300][96.378s][info][gc] GC(676) Pause Full (Ergonomics) 309M->41M(455M) 94.809ms
[2020-08-08T12:41:57.449+0300][96.478s][info][gc] GC(677) Pause Young (Allocation Failure) 98M->98M(455M) 86.540ms
[2020-08-08T12:41:57.591+0300][96.620s][info][gc] GC(678) Pause Young (Allocation Failure) 156M->156M(455M) 134.779ms
[2020-08-08T12:41:57.732+0300][96.761s][info][gc] GC(679) Pause Young (Allocation Failure) 213M->213M(455M) 130.564ms
[2020-08-08T12:41:57.894+0300][96.923s][info][gc] GC(680) Pause Young (Allocation Failure) 270M->270M(455M) 152.965ms
[2020-08-08T12:41:58.046+0300][97.075s][info][gc] GC(681) Pause Young (Allocation Failure) 327M->327M(455M) 143.989ms
[2020-08-08T12:41:58.216+0300][97.245s][info][gc] GC(682) Pause Full (Ergonomics) 327M->59M(455M) 169.795ms
[2020-08-08T12:41:58.309+0300][97.339s][info][gc] GC(683) Pause Young (Allocation Failure) 117M->117M(455M) 79.678ms
[2020-08-08T12:41:58.449+0300][97.478s][info][gc] GC(684) Pause Young (Allocation Failure) 174M->174M(455M) 131.732ms
[2020-08-08T12:41:58.612+0300][97.642s][info][gc] GC(685) Pause Young (Allocation Failure) 232M->232M(455M) 153.784ms
[2020-08-08T12:41:58.758+0300][97.788s][info][gc] GC(686) Pause Young (Allocation Failure) 290M->290M(455M) 138.118ms
[2020-08-08T12:41:58.779+0300][97.809s][info][gc] GC(687) Pause Full (Ergonomics) 290M->22M(455M) 20.755ms
[2020-08-08T12:41:58.868+0300][97.898s][info][gc] GC(688) Pause Young (Allocation Failure) 80M->80M(455M) 79.189ms
[2020-08-08T12:41:59.022+0300][98.051s][info][gc] GC(689) Pause Young (Allocation Failure) 136M->136M(455M) 144.526ms
[2020-08-08T12:41:59.165+0300][98.195s][info][gc] GC(690) Pause Young (Allocation Failure) 193M->193M(455M) 136.629ms
[2020-08-08T12:41:59.332+0300][98.362s][info][gc] GC(691) Pause Young (Allocation Failure) 251M->251M(455M) 157.237ms
[2020-08-08T12:41:59.484+0300][98.513s][info][gc] GC(692) Pause Young (Allocation Failure) 309M->309M(455M) 141.250ms
[2020-08-08T12:41:59.579+0300][98.609s][info][gc] GC(693) Pause Full (Ergonomics) 309M->41M(455M) 95.362ms
[2020-08-08T12:41:59.669+0300][98.698s][info][gc] GC(694) Pause Young (Allocation Failure) 98M->98M(455M) 79.165ms
[2020-08-08T12:41:59.808+0300][98.837s][info][gc] GC(695) Pause Young (Allocation Failure) 156M->156M(455M) 130.806ms
[2020-08-08T12:41:59.948+0300][98.977s][info][gc] GC(696) Pause Young (Allocation Failure) 213M->213M(455M) 130.191ms
[2020-08-08T12:42:00.108+0300][99.137s][info][gc] GC(697) Pause Young (Allocation Failure) 270M->270M(455M) 150.730ms
[2020-08-08T12:42:00.260+0300][99.289s][info][gc] GC(698) Pause Young (Allocation Failure) 327M->327M(455M) 143.676ms
[2020-08-08T12:42:00.431+0300][99.460s][info][gc] GC(699) Pause Full (Ergonomics) 327M->59M(455M) 170.639ms
[2020-08-08T12:42:00.529+0300][99.559s][info][gc] GC(700) Pause Young (Allocation Failure) 117M->117M(455M) 83.222ms
[2020-08-08T12:42:00.682+0300][99.712s][info][gc] GC(701) Pause Young (Allocation Failure) 174M->174M(455M) 142.969ms
[2020-08-08T12:42:00.846+0300][99.876s][info][gc] GC(702) Pause Young (Allocation Failure) 232M->232M(455M) 153.618ms
[2020-08-08T12:42:01.000+0300][100.029s][info][gc] GC(703) Pause Young (Allocation Failure) 290M->290M(455M) 145.770ms
[2020-08-08T12:42:01.021+0300][100.050s][info][gc] GC(704) Pause Full (Ergonomics) 290M->22M(455M) 20.868ms
[2020-08-08T12:42:01.108+0300][100.138s][info][gc] GC(705) Pause Young (Allocation Failure) 80M->80M(455M) 77.926ms
[2020-08-08T12:42:01.263+0300][100.292s][info][gc] GC(706) Pause Young (Allocation Failure) 136M->136M(455M) 145.043ms
[2020-08-08T12:42:01.410+0300][100.439s][info][gc] GC(707) Pause Young (Allocation Failure) 193M->193M(455M) 135.660ms
[2020-08-08T12:42:01.578+0300][100.607s][info][gc] GC(708) Pause Young (Allocation Failure) 251M->251M(455M) 158.538ms
[2020-08-08T12:42:01.728+0300][100.757s][info][gc] GC(709) Pause Young (Allocation Failure) 308M->309M(455M) 141.774ms
[2020-08-08T12:42:01.822+0300][100.851s][info][gc] GC(710) Pause Full (Ergonomics) 309M->41M(455M) 94.215ms
[2020-08-08T12:42:01.910+0300][100.939s][info][gc] GC(711) Pause Young (Allocation Failure) 98M->98M(455M) 78.662ms
[2020-08-08T12:42:02.047+0300][101.076s][info][gc] GC(712) Pause Young (Allocation Failure) 156M->156M(455M) 129.206ms
[2020-08-08T12:42:02.188+0300][101.217s][info][gc] GC(713) Pause Young (Allocation Failure) 213M->213M(455M) 130.437ms
[2020-08-08T12:42:02.352+0300][101.381s][info][gc] GC(714) Pause Young (Allocation Failure) 270M->270M(455M) 155.561ms
[2020-08-08T12:42:02.517+0300][101.546s][info][gc] GC(715) Pause Young (Allocation Failure) 327M->327M(455M) 150.102ms
[2020-08-08T12:42:02.685+0300][101.714s][info][gc] GC(716) Pause Full (Ergonomics) 327M->59M(455M) 167.555ms
[2020-08-08T12:42:02.775+0300][101.804s][info][gc] GC(717) Pause Young (Allocation Failure) 117M->117M(455M) 79.574ms
[2020-08-08T12:42:02.917+0300][101.946s][info][gc] GC(718) Pause Young (Allocation Failure) 174M->174M(455M) 135.093ms
[2020-08-08T12:42:03.078+0300][102.107s][info][gc] GC(719) Pause Young (Allocation Failure) 232M->232M(455M) 150.692ms
[2020-08-08T12:42:03.224+0300][102.253s][info][gc] GC(720) Pause Young (Allocation Failure) 290M->290M(455M) 138.981ms
[2020-08-08T12:42:03.245+0300][102.274s][info][gc] GC(721) Pause Full (Ergonomics) 290M->22M(455M) 20.720ms
[2020-08-08T12:42:03.338+0300][102.367s][info][gc] GC(722) Pause Young (Allocation Failure) 80M->79M(455M) 79.951ms
[2020-08-08T12:42:03.491+0300][102.520s][info][gc] GC(723) Pause Young (Allocation Failure) 136M->136M(455M) 143.760ms
[2020-08-08T12:42:03.636+0300][102.666s][info][gc] GC(724) Pause Young (Allocation Failure) 193M->193M(455M) 138.058ms
[2020-08-08T12:42:03.804+0300][102.833s][info][gc] GC(725) Pause Young (Allocation Failure) 251M->251M(455M) 157.453ms
[2020-08-08T12:42:03.952+0300][102.981s][info][gc] GC(726) Pause Young (Allocation Failure) 309M->309M(455M) 140.679ms
[2020-08-08T12:42:04.047+0300][103.076s][info][gc] GC(727) Pause Full (Ergonomics) 309M->41M(455M) 94.645ms
[2020-08-08T12:42:04.135+0300][103.165s][info][gc] GC(728) Pause Young (Allocation Failure) 98M->98M(455M) 78.160ms
[2020-08-08T12:42:04.277+0300][103.306s][info][gc] GC(729) Pause Young (Allocation Failure) 156M->156M(455M) 134.078ms
[2020-08-08T12:42:04.443+0300][103.472s][info][gc] GC(730) Pause Young (Allocation Failure) 213M->213M(455M) 151.919ms
[2020-08-08T12:42:04.615+0300][103.645s][info][gc] GC(731) Pause Young (Allocation Failure) 270M->270M(455M) 163.363ms
[2020-08-08T12:42:04.772+0300][103.801s][info][gc] GC(732) Pause Young (Allocation Failure) 327M->327M(455M) 148.299ms
[2020-08-08T12:42:04.943+0300][103.972s][info][gc] GC(733) Pause Full (Ergonomics) 327M->59M(455M) 170.747ms
[2020-08-08T12:42:05.032+0300][104.062s][info][gc] GC(734) Pause Young (Allocation Failure) 117M->117M(455M) 79.473ms
[2020-08-08T12:42:05.175+0300][104.204s][info][gc] GC(735) Pause Young (Allocation Failure) 174M->175M(455M) 134.972ms
[2020-08-08T12:42:05.337+0300][104.366s][info][gc] GC(736) Pause Young (Allocation Failure) 232M->232M(455M) 152.200ms
[2020-08-08T12:42:05.488+0300][104.517s][info][gc] GC(737) Pause Young (Allocation Failure) 290M->290M(455M) 141.003ms
[2020-08-08T12:42:05.656+0300][104.685s][info][gc] GC(738) Pause Young (Allocation Failure) 347M->347M(455M) 157.865ms
[2020-08-08T12:42:05.909+0300][104.939s][info][gc] GC(739) Pause Full (Ergonomics) 347M->80M(455M) 253.661ms
[2020-08-08T12:42:05.995+0300][105.025s][info][gc] GC(740) Pause Young (Allocation Failure) 136M->136M(455M) 76.394ms
[2020-08-08T12:42:06.138+0300][105.168s][info][gc] GC(741) Pause Young (Allocation Failure) 193M->193M(455M) 135.355ms
[2020-08-08T12:42:06.306+0300][105.335s][info][gc] GC(742) Pause Young (Allocation Failure) 251M->251M(455M) 157.115ms
[2020-08-08T12:42:06.455+0300][105.485s][info][gc] GC(743) Pause Young (Allocation Failure) 308M->308M(455M) 139.022ms
[2020-08-08T12:42:06.550+0300][105.580s][info][gc] GC(744) Pause Full (Ergonomics) 308M->41M(455M) 94.947ms
[2020-08-08T12:42:06.640+0300][105.670s][info][gc] GC(745) Pause Young (Allocation Failure) 98M->98M(455M) 79.905ms
[2020-08-08T12:42:06.778+0300][105.808s][info][gc] GC(746) Pause Young (Allocation Failure) 156M->156M(455M) 130.883ms
[2020-08-08T12:42:06.919+0300][105.948s][info][gc] GC(747) Pause Young (Allocation Failure) 213M->213M(455M) 130.926ms
[2020-08-08T12:42:07.079+0300][106.109s][info][gc] GC(748) Pause Young (Allocation Failure) 270M->270M(455M) 150.673ms
[2020-08-08T12:42:07.232+0300][106.261s][info][gc] GC(749) Pause Young (Allocation Failure) 327M->327M(455M) 144.237ms
[2020-08-08T12:42:07.404+0300][106.433s][info][gc] GC(750) Pause Full (Ergonomics) 327M->59M(455M) 171.804ms
[2020-08-08T12:42:07.496+0300][106.525s][info][gc] GC(751) Pause Young (Allocation Failure) 117M->117M(455M) 80.447ms
[2020-08-08T12:42:07.638+0300][106.667s][info][gc] GC(752) Pause Young (Allocation Failure) 174M->174M(455M) 134.235ms
[2020-08-08T12:42:07.801+0300][106.830s][info][gc] GC(753) Pause Young (Allocation Failure) 232M->232M(455M) 152.927ms
[2020-08-08T12:42:07.945+0300][106.974s][info][gc] GC(754) Pause Young (Allocation Failure) 290M->290M(455M) 136.800ms
[2020-08-08T12:42:07.965+0300][106.995s][info][gc] GC(755) Pause Full (Ergonomics) 290M->22M(455M) 20.504ms
[2020-08-08T12:42:08.055+0300][107.084s][info][gc] GC(756) Pause Young (Allocation Failure) 80M->80M(455M) 79.257ms
[2020-08-08T12:42:08.208+0300][107.237s][info][gc] GC(757) Pause Young (Allocation Failure) 136M->136M(455M) 143.740ms
[2020-08-08T12:42:08.356+0300][107.385s][info][gc] GC(758) Pause Young (Allocation Failure) 193M->193M(455M) 140.718ms
[2020-08-08T12:42:08.526+0300][107.556s][info][gc] GC(759) Pause Young (Allocation Failure) 251M->251M(455M) 157.523ms
[2020-08-08T12:42:08.682+0300][107.711s][info][gc] GC(760) Pause Young (Allocation Failure) 308M->309M(455M) 147.752ms
[2020-08-08T12:42:08.778+0300][107.807s][info][gc] GC(761) Pause Full (Ergonomics) 309M->41M(455M) 95.582ms
[2020-08-08T12:42:08.867+0300][107.896s][info][gc] GC(762) Pause Young (Allocation Failure) 98M->98M(455M) 79.293ms
[2020-08-08T12:42:09.007+0300][108.036s][info][gc] GC(763) Pause Young (Allocation Failure) 156M->156M(455M) 132.766ms
[2020-08-08T12:42:09.146+0300][108.175s][info][gc] GC(764) Pause Young (Allocation Failure) 213M->213M(455M) 128.754ms
[2020-08-08T12:42:09.306+0300][108.336s][info][gc] GC(765) Pause Young (Allocation Failure) 270M->270M(455M) 150.994ms
[2020-08-08T12:42:09.464+0300][108.493s][info][gc] GC(766) Pause Young (Allocation Failure) 327M->327M(455M) 146.290ms
[2020-08-08T12:42:09.630+0300][108.659s][info][gc] GC(767) Pause Full (Ergonomics) 327M->59M(455M) 166.338ms
[2020-08-08T12:42:09.718+0300][108.747s][info][gc] GC(768) Pause Young (Allocation Failure) 117M->117M(455M) 77.877ms
[2020-08-08T12:42:09.860+0300][108.889s][info][gc] GC(769) Pause Young (Allocation Failure) 174M->174M(455M) 134.098ms
[2020-08-08T12:42:10.022+0300][109.052s][info][gc] GC(770) Pause Young (Allocation Failure) 232M->232M(455M) 153.252ms
[2020-08-08T12:42:10.166+0300][109.195s][info][gc] GC(771) Pause Young (Allocation Failure) 290M->290M(455M) 136.304ms
[2020-08-08T12:42:10.186+0300][109.216s][info][gc] GC(772) Pause Full (Ergonomics) 290M->22M(455M) 20.550ms
[2020-08-08T12:42:10.276+0300][109.305s][info][gc] GC(773) Pause Young (Allocation Failure) 80M->80M(455M) 79.033ms
[2020-08-08T12:42:10.428+0300][109.458s][info][gc] GC(774) Pause Young (Allocation Failure) 136M->136M(455M) 143.545ms
[2020-08-08T12:42:10.581+0300][109.610s][info][gc] GC(775) Pause Young (Allocation Failure) 193M->193M(455M) 140.591ms
[2020-08-08T12:42:10.749+0300][109.779s][info][gc] GC(776) Pause Young (Allocation Failure) 251M->251M(455M) 157.367ms
[2020-08-08T12:42:10.897+0300][109.927s][info][gc] GC(777) Pause Young (Allocation Failure) 308M->309M(455M) 140.462ms
[2020-08-08T12:42:10.992+0300][110.022s][info][gc] GC(778) Pause Full (Ergonomics) 309M->41M(455M) 95.327ms
[2020-08-08T12:42:11.080+0300][110.110s][info][gc] GC(779) Pause Young (Allocation Failure) 98M->98M(455M) 77.683ms
[2020-08-08T12:42:11.216+0300][110.246s][info][gc] GC(780) Pause Young (Allocation Failure) 156M->156M(455M) 128.820ms
[2020-08-08T12:42:11.356+0300][110.386s][info][gc] GC(781) Pause Young (Allocation Failure) 213M->213M(455M) 130.092ms
[2020-08-08T12:42:11.519+0300][110.549s][info][gc] GC(782) Pause Young (Allocation Failure) 270M->270M(455M) 149.991ms
[2020-08-08T12:42:11.672+0300][110.702s][info][gc] GC(783) Pause Young (Allocation Failure) 327M->327M(455M) 145.639ms
[2020-08-08T12:42:11.844+0300][110.874s][info][gc] GC(784) Pause Full (Ergonomics) 327M->59M(455M) 171.368ms
[2020-08-08T12:42:11.934+0300][110.964s][info][gc] GC(785) Pause Young (Allocation Failure) 117M->117M(455M) 79.194ms
[2020-08-08T12:42:12.076+0300][111.106s][info][gc] GC(786) Pause Young (Allocation Failure) 174M->175M(455M) 133.527ms
[2020-08-08T12:42:12.237+0300][111.267s][info][gc] GC(787) Pause Young (Allocation Failure) 232M->232M(455M) 152.181ms
[2020-08-08T12:42:12.379+0300][111.409s][info][gc] GC(788) Pause Young (Allocation Failure) 290M->290M(455M) 134.796ms
[2020-08-08T12:42:12.547+0300][111.577s][info][gc] GC(789) Pause Young (Allocation Failure) 347M->347M(455M) 155.675ms
[2020-08-08T12:42:12.801+0300][111.831s][info][gc] GC(790) Pause Full (Ergonomics) 347M->80M(455M) 253.731ms
[2020-08-08T12:42:12.888+0300][111.918s][info][gc] GC(791) Pause Young (Allocation Failure) 136M->136M(455M) 77.470ms
[2020-08-08T12:42:13.032+0300][112.062s][info][gc] GC(792) Pause Young (Allocation Failure) 193M->193M(455M) 136.282ms
[2020-08-08T12:42:13.198+0300][112.228s][info][gc] GC(793) Pause Young (Allocation Failure) 251M->251M(455M) 156.569ms
[2020-08-08T12:42:13.346+0300][112.376s][info][gc] GC(794) Pause Young (Allocation Failure) 308M->309M(455M) 139.829ms
[2020-08-08T12:42:13.441+0300][112.470s][info][gc] GC(795) Pause Full (Ergonomics) 309M->41M(455M) 94.657ms
[2020-08-08T12:42:13.534+0300][112.564s][info][gc] GC(796) Pause Young (Allocation Failure) 98M->98M(455M) 78.687ms
[2020-08-08T12:42:13.675+0300][112.704s][info][gc] GC(797) Pause Young (Allocation Failure) 156M->156M(455M) 132.464ms
[2020-08-08T12:42:13.814+0300][112.843s][info][gc] GC(798) Pause Young (Allocation Failure) 213M->213M(455M) 129.191ms
[2020-08-08T12:42:13.974+0300][113.004s][info][gc] GC(799) Pause Young (Allocation Failure) 270M->270M(455M) 151.446ms
[2020-08-08T12:42:14.125+0300][113.155s][info][gc] GC(800) Pause Young (Allocation Failure) 327M->327M(455M) 143.378ms
[2020-08-08T12:42:14.296+0300][113.326s][info][gc] GC(801) Pause Full (Ergonomics) 327M->59M(455M) 170.405ms
[2020-08-08T12:42:14.386+0300][113.415s][info][gc] GC(802) Pause Young (Allocation Failure) 117M->117M(455M) 79.342ms
[2020-08-08T12:42:14.532+0300][113.561s][info][gc] GC(803) Pause Young (Allocation Failure) 174M->174M(455M) 135.420ms
[2020-08-08T12:42:14.694+0300][113.724s][info][gc] GC(804) Pause Young (Allocation Failure) 232M->232M(455M) 152.671ms
[2020-08-08T12:42:14.839+0300][113.869s][info][gc] GC(805) Pause Young (Allocation Failure) 290M->290M(455M) 136.857ms
[2020-08-08T12:42:14.859+0300][113.889s][info][gc] GC(806) Pause Full (Ergonomics) 290M->22M(455M) 20.642ms
[2020-08-08T12:42:14.948+0300][113.978s][info][gc] GC(807) Pause Young (Allocation Failure) 80M->80M(455M) 78.738ms
[2020-08-08T12:42:15.102+0300][114.132s][info][gc] GC(808) Pause Young (Allocation Failure) 136M->136M(455M) 144.063ms
[2020-08-08T12:42:15.246+0300][114.276s][info][gc] GC(809) Pause Young (Allocation Failure) 193M->193M(455M) 136.914ms
[2020-08-08T12:42:15.412+0300][114.442s][info][gc] GC(810) Pause Young (Allocation Failure) 251M->251M(455M) 155.996ms
[2020-08-08T12:42:15.563+0300][114.593s][info][gc] GC(811) Pause Young (Allocation Failure) 309M->309M(455M) 141.324ms
[2020-08-08T12:42:15.659+0300][114.689s][info][gc] GC(812) Pause Full (Ergonomics) 309M->41M(455M) 95.884ms
[2020-08-08T12:42:15.748+0300][114.778s][info][gc] GC(813) Pause Young (Allocation Failure) 98M->98M(455M) 79.225ms
[2020-08-08T12:42:15.887+0300][114.917s][info][gc] GC(814) Pause Young (Allocation Failure) 156M->156M(455M) 131.496ms
[2020-08-08T12:42:16.026+0300][115.056s][info][gc] GC(815) Pause Young (Allocation Failure) 213M->213M(455M) 129.294ms
[2020-08-08T12:42:16.191+0300][115.221s][info][gc] GC(816) Pause Young (Allocation Failure) 270M->270M(455M) 155.386ms
[2020-08-08T12:42:16.346+0300][115.376s][info][gc] GC(817) Pause Young (Allocation Failure) 327M->327M(455M) 148.284ms
[2020-08-08T12:42:16.517+0300][115.547s][info][gc] GC(818) Pause Full (Ergonomics) 327M->59M(455M) 170.782ms
[2020-08-08T12:42:16.611+0300][115.641s][info][gc] GC(819) Pause Young (Allocation Failure) 117M->117M(455M) 81.908ms
[2020-08-08T12:42:16.753+0300][115.783s][info][gc] GC(820) Pause Young (Allocation Failure) 174M->174M(455M) 133.799ms
[2020-08-08T12:42:16.915+0300][115.945s][info][gc] GC(821) Pause Young (Allocation Failure) 232M->232M(455M) 151.825ms
[2020-08-08T12:42:17.060+0300][116.090s][info][gc] GC(822) Pause Young (Allocation Failure) 290M->290M(455M) 137.226ms
[2020-08-08T12:42:17.081+0300][116.111s][info][gc] GC(823) Pause Full (Ergonomics) 290M->22M(455M) 20.649ms
[2020-08-08T12:42:17.169+0300][116.199s][info][gc] GC(824) Pause Young (Allocation Failure) 80M->80M(455M) 77.886ms
[2020-08-08T12:42:17.325+0300][116.354s][info][gc] GC(825) Pause Young (Allocation Failure) 136M->136M(455M) 145.914ms
[2020-08-08T12:42:17.468+0300][116.498s][info][gc] GC(826) Pause Young (Allocation Failure) 193M->193M(455M) 136.084ms
[2020-08-08T12:42:17.639+0300][116.668s][info][gc] GC(827) Pause Young (Allocation Failure) 251M->251M(455M) 158.498ms
[2020-08-08T12:42:17.788+0300][116.818s][info][gc] GC(828) Pause Young (Allocation Failure) 308M->309M(455M) 141.276ms
[2020-08-08T12:42:17.883+0300][116.913s][info][gc] GC(829) Pause Full (Ergonomics) 309M->41M(455M) 94.546ms
[2020-08-08T12:42:17.972+0300][117.002s][info][gc] GC(830) Pause Young (Allocation Failure) 98M->98M(455M) 79.047ms
[2020-08-08T12:42:18.110+0300][117.140s][info][gc] GC(831) Pause Young (Allocation Failure) 156M->156M(455M) 130.601ms
[2020-08-08T12:42:18.250+0300][117.280s][info][gc] GC(832) Pause Young (Allocation Failure) 213M->213M(455M) 130.503ms
[2020-08-08T12:42:18.408+0300][117.438s][info][gc] GC(833) Pause Young (Allocation Failure) 270M->270M(455M) 148.951ms
[2020-08-08T12:42:18.559+0300][117.589s][info][gc] GC(834) Pause Young (Allocation Failure) 327M->327M(455M) 143.780ms
[2020-08-08T12:42:18.729+0300][117.759s][info][gc] GC(835) Pause Full (Ergonomics) 327M->59M(455M) 170.119ms
[2020-08-08T12:42:18.822+0300][117.852s][info][gc] GC(836) Pause Young (Allocation Failure) 117M->117M(455M) 79.433ms
[2020-08-08T12:42:18.963+0300][117.993s][info][gc] GC(837) Pause Young (Allocation Failure) 174M->174M(455M) 134.517ms
[2020-08-08T12:42:19.126+0300][118.156s][info][gc] GC(838) Pause Young (Allocation Failure) 232M->232M(455M) 152.954ms
[2020-08-08T12:42:19.272+0300][118.302s][info][gc] GC(839) Pause Young (Allocation Failure) 290M->290M(455M) 137.927ms
[2020-08-08T12:42:19.292+0300][118.322s][info][gc] GC(840) Pause Full (Ergonomics) 290M->22M(455M) 20.365ms
[2020-08-08T12:42:19.381+0300][118.411s][info][gc] GC(841) Pause Young (Allocation Failure) 80M->80M(455M) 78.657ms
[2020-08-08T12:42:19.534+0300][118.564s][info][gc] GC(842) Pause Young (Allocation Failure) 136M->136M(455M) 142.785ms
[2020-08-08T12:42:19.685+0300][118.714s][info][gc] GC(843) Pause Young (Allocation Failure) 193M->193M(455M) 139.502ms
[2020-08-08T12:42:19.851+0300][118.881s][info][gc] GC(844) Pause Young (Allocation Failure) 251M->251M(455M) 156.796ms
[2020-08-08T12:42:19.997+0300][119.027s][info][gc] GC(845) Pause Young (Allocation Failure) 308M->309M(455M) 138.513ms
[2020-08-08T12:42:20.094+0300][119.123s][info][gc] GC(846) Pause Full (Ergonomics) 309M->41M(455M) 96.024ms
[2020-08-08T12:42:20.183+0300][119.213s][info][gc] GC(847) Pause Young (Allocation Failure) 98M->98M(455M) 79.304ms
[2020-08-08T12:42:20.321+0300][119.351s][info][gc] GC(848) Pause Young (Allocation Failure) 156M->156M(455M) 130.831ms
[2020-08-08T12:42:20.461+0300][119.491s][info][gc] GC(849) Pause Young (Allocation Failure) 213M->213M(455M) 130.983ms
[2020-08-08T12:42:20.625+0300][119.655s][info][gc] GC(850) Pause Young (Allocation Failure) 270M->270M(455M) 151.276ms
[2020-08-08T12:42:20.776+0300][119.806s][info][gc] GC(851) Pause Young (Allocation Failure) 327M->327M(455M) 143.596ms
[2020-08-08T12:42:20.946+0300][119.976s][info][gc] GC(852) Pause Full (Ergonomics) 327M->59M(455M) 170.256ms
[2020-08-08T12:42:21.035+0300][120.065s][info][gc] GC(853) Pause Young (Allocation Failure) 117M->117M(455M) 79.031ms
[2020-08-08T12:42:21.176+0300][120.206s][info][gc] GC(854) Pause Young (Allocation Failure) 174M->175M(455M) 133.745ms
[2020-08-08T12:42:21.339+0300][120.368s][info][gc] GC(855) Pause Young (Allocation Failure) 232M->232M(455M) 152.710ms
[2020-08-08T12:42:21.482+0300][120.512s][info][gc] GC(856) Pause Young (Allocation Failure) 290M->290M(455M) 135.497ms
[2020-08-08T12:42:21.651+0300][120.680s][info][gc] GC(857) Pause Young (Allocation Failure) 347M->347M(455M) 156.309ms
[2020-08-08T12:42:21.903+0300][120.933s][info][gc] GC(858) Pause Full (Ergonomics) 347M->79M(455M) 252.247ms
[2020-08-08T12:42:21.990+0300][121.020s][info][gc] GC(859) Pause Young (Allocation Failure) 136M->136M(455M) 77.841ms
[2020-08-08T12:42:22.134+0300][121.163s][info][gc] GC(860) Pause Young (Allocation Failure) 193M->193M(455M) 136.444ms
[2020-08-08T12:42:22.299+0300][121.329s][info][gc] GC(861) Pause Young (Allocation Failure) 251M->251M(455M) 155.588ms
[2020-08-08T12:42:22.445+0300][121.475s][info][gc] GC(862) Pause Young (Allocation Failure) 308M->309M(455M) 138.294ms
[2020-08-08T12:42:22.539+0300][121.569s][info][gc] GC(863) Pause Full (Ergonomics) 309M->41M(455M) 94.251ms
[2020-08-08T12:42:22.638+0300][121.668s][info][gc] GC(864) Pause Young (Allocation Failure) 98M->98M(455M) 82.306ms
[2020-08-08T12:42:22.776+0300][121.806s][info][gc] GC(865) Pause Young (Allocation Failure) 156M->156M(455M) 130.876ms
[2020-08-08T12:42:22.917+0300][121.946s][info][gc] GC(866) Pause Young (Allocation Failure) 213M->213M(455M) 130.854ms
[2020-08-08T12:42:23.077+0300][122.107s][info][gc] GC(867) Pause Young (Allocation Failure) 270M->270M(455M) 150.664ms
[2020-08-08T12:42:23.225+0300][122.255s][info][gc] GC(868) Pause Young (Allocation Failure) 327M->327M(455M) 140.857ms
[2020-08-08T12:42:23.396+0300][122.426s][info][gc] GC(869) Pause Full (Ergonomics) 327M->59M(455M) 170.515ms
[2020-08-08T12:42:23.485+0300][122.514s][info][gc] GC(870) Pause Young (Allocation Failure) 117M->117M(455M) 78.013ms
[2020-08-08T12:42:23.631+0300][122.660s][info][gc] GC(871) Pause Young (Allocation Failure) 174M->174M(455M) 135.879ms
[2020-08-08T12:42:23.792+0300][122.822s][info][gc] GC(872) Pause Young (Allocation Failure) 232M->232M(455M) 151.726ms
[2020-08-08T12:42:23.941+0300][122.971s][info][gc] GC(873) Pause Young (Allocation Failure) 290M->290M(455M) 140.784ms
[2020-08-08T12:42:23.962+0300][122.992s][info][gc] GC(874) Pause Full (Ergonomics) 290M->22M(455M) 20.737ms
[2020-08-08T12:42:24.057+0300][123.087s][info][gc] GC(875) Pause Young (Allocation Failure) 80M->80M(455M) 84.543ms
[2020-08-08T12:42:24.219+0300][123.249s][info][gc] GC(876) Pause Young (Allocation Failure) 136M->136M(455M) 152.024ms
[2020-08-08T12:42:24.369+0300][123.399s][info][gc] GC(877) Pause Young (Allocation Failure) 193M->193M(455M) 143.085ms
[2020-08-08T12:42:24.536+0300][123.566s][info][gc] GC(878) Pause Young (Allocation Failure) 251M->251M(455M) 157.116ms
[2020-08-08T12:42:24.691+0300][123.721s][info][gc] GC(879) Pause Young (Allocation Failure) 309M->309M(455M) 144.456ms
[2020-08-08T12:42:24.786+0300][123.816s][info][gc] GC(880) Pause Full (Ergonomics) 309M->41M(455M) 94.912ms
[2020-08-08T12:42:24.875+0300][123.905s][info][gc] GC(881) Pause Young (Allocation Failure) 98M->98M(455M) 79.284ms
[2020-08-08T12:42:25.012+0300][124.042s][info][gc] GC(882) Pause Young (Allocation Failure) 156M->156M(455M) 129.147ms
[2020-08-08T12:42:25.153+0300][124.183s][info][gc] GC(883) Pause Young (Allocation Failure) 213M->213M(455M) 131.323ms
[2020-08-08T12:42:25.314+0300][124.344s][info][gc] GC(884) Pause Young (Allocation Failure) 270M->270M(455M) 152.446ms
[2020-08-08T12:42:25.466+0300][124.496s][info][gc] GC(885) Pause Young (Allocation Failure) 327M->327M(455M) 143.887ms
[2020-08-08T12:42:25.637+0300][124.667s][info][gc] GC(886) Pause Full (Ergonomics) 327M->59M(455M) 170.472ms
[2020-08-08T12:42:25.730+0300][124.760s][info][gc] GC(887) Pause Young (Allocation Failure) 117M->117M(455M) 79.409ms
[2020-08-08T12:42:25.869+0300][124.899s][info][gc] GC(888) Pause Young (Allocation Failure) 174M->174M(455M) 131.094ms
[2020-08-08T12:42:26.031+0300][125.060s][info][gc] GC(889) Pause Young (Allocation Failure) 232M->232M(455M) 152.329ms
[2020-08-08T12:42:26.175+0300][125.205s][info][gc] GC(890) Pause Young (Allocation Failure) 290M->290M(455M) 137.476ms
[2020-08-08T12:42:26.196+0300][125.226s][info][gc] GC(891) Pause Full (Ergonomics) 290M->22M(455M) 20.787ms
[2020-08-08T12:42:26.285+0300][125.315s][info][gc] GC(892) Pause Young (Allocation Failure) 80M->80M(455M) 79.084ms
[2020-08-08T12:42:26.438+0300][125.468s][info][gc] GC(893) Pause Young (Allocation Failure) 136M->136M(455M) 144.013ms
[2020-08-08T12:42:26.583+0300][125.613s][info][gc] GC(894) Pause Young (Allocation Failure) 193M->193M(455M) 136.480ms
[2020-08-08T12:42:26.755+0300][125.785s][info][gc] GC(895) Pause Young (Allocation Failure) 251M->251M(455M) 159.036ms
[2020-08-08T12:42:26.904+0300][125.933s][info][gc] GC(896) Pause Young (Allocation Failure) 308M->309M(455M) 140.424ms
[2020-08-08T12:42:26.998+0300][126.028s][info][gc] GC(897) Pause Full (Ergonomics) 309M->41M(455M) 94.389ms
[2020-08-08T12:42:27.086+0300][126.116s][info][gc] GC(898) Pause Young (Allocation Failure) 98M->98M(455M) 78.559ms
[2020-08-08T12:42:27.225+0300][126.254s][info][gc] GC(899) Pause Young (Allocation Failure) 156M->156M(455M) 130.218ms
[2020-08-08T12:42:27.365+0300][126.394s][info][gc] GC(900) Pause Young (Allocation Failure) 213M->213M(455M) 129.616ms
[2020-08-08T12:42:27.526+0300][126.556s][info][gc] GC(901) Pause Young (Allocation Failure) 270M->270M(455M) 151.595ms
[2020-08-08T12:42:27.683+0300][126.712s][info][gc] GC(902) Pause Young (Allocation Failure) 327M->327M(455M) 144.855ms
[2020-08-08T12:42:27.849+0300][126.878s][info][gc] GC(903) Pause Full (Ergonomics) 327M->59M(455M) 165.985ms
[2020-08-08T12:42:27.938+0300][126.968s][info][gc] GC(904) Pause Young (Allocation Failure) 117M->117M(455M) 79.203ms
[2020-08-08T12:42:28.079+0300][127.109s][info][gc] GC(905) Pause Young (Allocation Failure) 174M->174M(455M) 133.297ms
[2020-08-08T12:42:28.241+0300][127.271s][info][gc] GC(906) Pause Young (Allocation Failure) 232M->232M(455M) 153.086ms
[2020-08-08T12:42:28.385+0300][127.414s][info][gc] GC(907) Pause Young (Allocation Failure) 290M->290M(455M) 136.085ms
[2020-08-08T12:42:28.406+0300][127.436s][info][gc] GC(908) Pause Full (Ergonomics) 290M->22M(455M) 21.041ms
[2020-08-08T12:42:28.495+0300][127.525s][info][gc] GC(909) Pause Young (Allocation Failure) 80M->80M(455M) 79.322ms
[2020-08-08T12:42:28.650+0300][127.680s][info][gc] GC(910) Pause Young (Allocation Failure) 136M->136M(455M) 146.457ms
[2020-08-08T12:42:28.796+0300][127.826s][info][gc] GC(911) Pause Young (Allocation Failure) 193M->193M(455M) 136.355ms
[2020-08-08T12:42:28.962+0300][127.992s][info][gc] GC(912) Pause Young (Allocation Failure) 251M->251M(455M) 156.277ms
[2020-08-08T12:42:29.110+0300][128.140s][info][gc] GC(913) Pause Young (Allocation Failure) 308M->309M(455M) 140.175ms
[2020-08-08T12:42:29.204+0300][128.234s][info][gc] GC(914) Pause Full (Ergonomics) 309M->41M(455M) 93.981ms
[2020-08-08T12:42:29.293+0300][128.323s][info][gc] GC(915) Pause Young (Allocation Failure) 98M->98M(455M) 79.232ms
[2020-08-08T12:42:29.430+0300][128.460s][info][gc] GC(916) Pause Young (Allocation Failure) 156M->156M(455M) 129.028ms
[2020-08-08T12:42:29.571+0300][128.601s][info][gc] GC(917) Pause Young (Allocation Failure) 213M->213M(455M) 129.987ms
[2020-08-08T12:42:29.735+0300][128.765s][info][gc] GC(918) Pause Young (Allocation Failure) 270M->270M(455M) 151.668ms
[2020-08-08T12:42:29.887+0300][128.917s][info][gc] GC(919) Pause Young (Allocation Failure) 327M->327M(455M) 144.066ms
[2020-08-08T12:42:30.057+0300][129.087s][info][gc] GC(920) Pause Full (Ergonomics) 327M->59M(455M) 169.856ms
[2020-08-08T12:42:30.145+0300][129.175s][info][gc] GC(921) Pause Young (Allocation Failure) 117M->117M(455M) 78.105ms
[2020-08-08T12:42:30.287+0300][129.316s][info][gc] GC(922) Pause Young (Allocation Failure) 174M->175M(455M) 133.722ms
[2020-08-08T12:42:30.448+0300][129.478s][info][gc] GC(923) Pause Young (Allocation Failure) 232M->232M(455M) 152.139ms
[2020-08-08T12:42:30.594+0300][129.624s][info][gc] GC(924) Pause Young (Allocation Failure) 290M->290M(455M) 138.577ms
[2020-08-08T12:42:30.763+0300][129.793s][info][gc] GC(925) Pause Young (Allocation Failure) 347M->347M(455M) 155.117ms
[2020-08-08T12:42:31.017+0300][130.047s][info][gc] GC(926) Pause Full (Ergonomics) 347M->80M(455M) 253.988ms
[2020-08-08T12:42:31.104+0300][130.134s][info][gc] GC(927) Pause Young (Allocation Failure) 136M->136M(455M) 77.449ms
[2020-08-08T12:42:31.248+0300][130.278s][info][gc] GC(928) Pause Young (Allocation Failure) 193M->193M(455M) 135.564ms
[2020-08-08T12:42:31.414+0300][130.444s][info][gc] GC(929) Pause Young (Allocation Failure) 251M->251M(455M) 156.961ms
[2020-08-08T12:42:31.564+0300][130.594s][info][gc] GC(930) Pause Young (Allocation Failure) 308M->309M(455M) 141.159ms
[2020-08-08T12:42:31.659+0300][130.688s][info][gc] GC(931) Pause Full (Ergonomics) 309M->41M(455M) 94.843ms
[2020-08-08T12:42:31.751+0300][130.781s][info][gc] GC(932) Pause Young (Allocation Failure) 98M->98M(455M) 79.724ms
[2020-08-08T12:42:31.894+0300][130.923s][info][gc] GC(933) Pause Young (Allocation Failure) 156M->156M(455M) 135.328ms
[2020-08-08T12:42:32.040+0300][131.070s][info][gc] GC(934) Pause Young (Allocation Failure) 213M->213M(455M) 135.119ms
[2020-08-08T12:42:32.207+0300][131.237s][info][gc] GC(935) Pause Young (Allocation Failure) 270M->270M(455M) 156.699ms
[2020-08-08T12:42:32.359+0300][131.389s][info][gc] GC(936) Pause Young (Allocation Failure) 327M->327M(455M) 144.501ms
[2020-08-08T12:42:32.529+0300][131.559s][info][gc] GC(937) Pause Full (Ergonomics) 327M->59M(455M) 169.632ms
[2020-08-08T12:42:32.618+0300][131.648s][info][gc] GC(938) Pause Young (Allocation Failure) 117M->117M(455M) 79.014ms
[2020-08-08T12:42:32.763+0300][131.793s][info][gc] GC(939) Pause Young (Allocation Failure) 174M->174M(455M) 134.077ms
[2020-08-08T12:42:32.927+0300][131.957s][info][gc] GC(940) Pause Young (Allocation Failure) 232M->232M(455M) 153.641ms
[2020-08-08T12:42:33.072+0300][132.102s][info][gc] GC(941) Pause Young (Allocation Failure) 290M->290M(455M) 136.881ms
[2020-08-08T12:42:33.092+0300][132.122s][info][gc] GC(942) Pause Full (Ergonomics) 290M->22M(455M) 19.961ms
[2020-08-08T12:42:33.181+0300][132.211s][info][gc] GC(943) Pause Young (Allocation Failure) 80M->80M(455M) 77.853ms
[2020-08-08T12:42:33.336+0300][132.366s][info][gc] GC(944) Pause Young (Allocation Failure) 136M->136M(455M) 144.926ms
[2020-08-08T12:42:33.481+0300][132.511s][info][gc] GC(945) Pause Young (Allocation Failure) 193M->193M(455M) 136.849ms
[2020-08-08T12:42:33.650+0300][132.680s][info][gc] GC(946) Pause Young (Allocation Failure) 251M->251M(455M) 158.478ms
[2020-08-08T12:42:33.799+0300][132.829s][info][gc] GC(947) Pause Young (Allocation Failure) 309M->309M(455M) 140.001ms
[2020-08-08T12:42:33.894+0300][132.924s][info][gc] GC(948) Pause Full (Ergonomics) 309M->41M(455M) 94.585ms
[2020-08-08T12:42:33.983+0300][133.013s][info][gc] GC(949) Pause Young (Allocation Failure) 98M->98M(455M) 79.053ms
[2020-08-08T12:42:34.119+0300][133.149s][info][gc] GC(950) Pause Young (Allocation Failure) 156M->156M(455M) 128.710ms
[2020-08-08T12:42:34.259+0300][133.289s][info][gc] GC(951) Pause Young (Allocation Failure) 213M->213M(455M) 130.805ms
[2020-08-08T12:42:34.419+0300][133.449s][info][gc] GC(952) Pause Young (Allocation Failure) 270M->270M(455M) 150.310ms
[2020-08-08T12:42:34.571+0300][133.601s][info][gc] GC(953) Pause Young (Allocation Failure) 327M->327M(455M) 143.269ms
[2020-08-08T12:42:34.741+0300][133.771s][info][gc] GC(954) Pause Full (Ergonomics) 327M->59M(455M) 170.371ms
[2020-08-08T12:42:34.835+0300][133.865s][info][gc] GC(955) Pause Young (Allocation Failure) 117M->117M(455M) 80.674ms
[2020-08-08T12:42:34.976+0300][134.005s][info][gc] GC(956) Pause Young (Allocation Failure) 174M->174M(455M) 133.235ms
[2020-08-08T12:42:35.139+0300][134.169s][info][gc] GC(957) Pause Young (Allocation Failure) 232M->232M(455M) 153.100ms
[2020-08-08T12:42:35.283+0300][134.313s][info][gc] GC(958) Pause Young (Allocation Failure) 290M->290M(455M) 136.428ms
[2020-08-08T12:42:35.304+0300][134.334s][info][gc] GC(959) Pause Full (Ergonomics) 290M->22M(455M) 20.824ms
[2020-08-08T12:42:35.393+0300][134.423s][info][gc] GC(960) Pause Young (Allocation Failure) 80M->80M(455M) 78.585ms
[2020-08-08T12:42:35.548+0300][134.577s][info][gc] GC(961) Pause Young (Allocation Failure) 136M->136M(455M) 144.994ms
[2020-08-08T12:42:35.693+0300][134.723s][info][gc] GC(962) Pause Young (Allocation Failure) 193M->193M(455M) 136.326ms
[2020-08-08T12:42:35.864+0300][134.893s][info][gc] GC(963) Pause Young (Allocation Failure) 251M->251M(455M) 156.943ms
[2020-08-08T12:42:36.010+0300][135.040s][info][gc] GC(964) Pause Young (Allocation Failure) 308M->309M(455M) 138.619ms
[2020-08-08T12:42:36.105+0300][135.134s][info][gc] GC(965) Pause Full (Ergonomics) 309M->41M(455M) 94.165ms
[2020-08-08T12:42:36.193+0300][135.223s][info][gc] GC(966) Pause Young (Allocation Failure) 98M->98M(455M) 78.454ms
[2020-08-08T12:42:36.331+0300][135.361s][info][gc] GC(967) Pause Young (Allocation Failure) 156M->156M(455M) 130.080ms
[2020-08-08T12:42:36.470+0300][135.500s][info][gc] GC(968) Pause Young (Allocation Failure) 213M->213M(455M) 129.127ms
[2020-08-08T12:42:36.631+0300][135.660s][info][gc] GC(969) Pause Young (Allocation Failure) 270M->270M(455M) 150.684ms
[2020-08-08T12:42:36.783+0300][135.813s][info][gc] GC(970) Pause Young (Allocation Failure) 327M->327M(455M) 142.600ms
[2020-08-08T12:42:36.950+0300][135.980s][info][gc] GC(971) Pause Full (Ergonomics) 327M->59M(455M) 166.305ms
[2020-08-08T12:42:37.038+0300][136.068s][info][gc] GC(972) Pause Young (Allocation Failure) 117M->117M(455M) 79.173ms
[2020-08-08T12:42:37.180+0300][136.209s][info][gc] GC(973) Pause Young (Allocation Failure) 174M->174M(455M) 133.591ms
[2020-08-08T12:42:37.341+0300][136.370s][info][gc] GC(974) Pause Young (Allocation Failure) 232M->232M(455M) 151.156ms
[2020-08-08T12:42:37.485+0300][136.515s][info][gc] GC(975) Pause Young (Allocation Failure) 290M->290M(455M) 136.797ms
[2020-08-08T12:42:37.506+0300][136.536s][info][gc] GC(976) Pause Full (Ergonomics) 290M->22M(455M) 20.861ms
[2020-08-08T12:42:37.596+0300][136.626s][info][gc] GC(977) Pause Young (Allocation Failure) 80M->80M(455M) 79.233ms
[2020-08-08T12:42:37.753+0300][136.783s][info][gc] GC(978) Pause Young (Allocation Failure) 136M->136M(455M) 147.855ms
[2020-08-08T12:42:37.899+0300][136.929s][info][gc] GC(979) Pause Young (Allocation Failure) 193M->193M(455M) 136.032ms
[2020-08-08T12:42:38.066+0300][137.095s][info][gc] GC(980) Pause Young (Allocation Failure) 251M->251M(455M) 157.191ms
[2020-08-08T12:42:38.213+0300][137.242s][info][gc] GC(981) Pause Young (Allocation Failure) 308M->309M(455M) 139.750ms
[2020-08-08T12:42:38.308+0300][137.338s][info][gc] GC(982) Pause Full (Ergonomics) 309M->41M(455M) 95.416ms
[2020-08-08T12:42:38.398+0300][137.427s][info][gc] GC(983) Pause Young (Allocation Failure) 98M->98M(455M) 78.934ms
[2020-08-08T12:42:38.539+0300][137.569s][info][gc] GC(984) Pause Young (Allocation Failure) 156M->156M(455M) 133.103ms
[2020-08-08T12:42:38.688+0300][137.718s][info][gc] GC(985) Pause Young (Allocation Failure) 213M->213M(455M) 138.360ms
[2020-08-08T12:42:38.854+0300][137.884s][info][gc] GC(986) Pause Young (Allocation Failure) 270M->270M(455M) 155.011ms
[2020-08-08T12:42:39.007+0300][138.036s][info][gc] GC(987) Pause Young (Allocation Failure) 327M->327M(455M) 143.634ms
[2020-08-08T12:42:39.177+0300][138.207s][info][gc] GC(988) Pause Full (Ergonomics) 327M->59M(455M) 170.636ms
[2020-08-08T12:42:39.265+0300][138.295s][info][gc] GC(989) Pause Young (Allocation Failure) 117M->117M(455M) 77.989ms
[2020-08-08T12:42:39.406+0300][138.436s][info][gc] GC(990) Pause Young (Allocation Failure) 174M->175M(455M) 132.652ms
[2020-08-08T12:42:39.569+0300][138.599s][info][gc] GC(991) Pause Young (Allocation Failure) 232M->232M(455M) 153.675ms
[2020-08-08T12:42:39.714+0300][138.744s][info][gc] GC(992) Pause Young (Allocation Failure) 290M->290M(455M) 137.387ms
[2020-08-08T12:42:39.883+0300][138.913s][info][gc] GC(993) Pause Young (Allocation Failure) 347M->347M(455M) 157.011ms
[2020-08-08T12:42:40.136+0300][139.166s][info][gc] GC(994) Pause Full (Ergonomics) 347M->80M(455M) 253.210ms
[2020-08-08T12:42:40.224+0300][139.253s][info][gc] GC(995) Pause Young (Allocation Failure) 136M->136M(455M) 77.286ms
[2020-08-08T12:42:40.368+0300][139.398s][info][gc] GC(996) Pause Young (Allocation Failure) 193M->193M(455M) 136.550ms
[2020-08-08T12:42:40.534+0300][139.563s][info][gc] GC(997) Pause Young (Allocation Failure) 251M->251M(455M) 156.703ms
[2020-08-08T12:42:40.684+0300][139.714s][info][gc] GC(998) Pause Young (Allocation Failure) 308M->309M(455M) 142.565ms
[2020-08-08T12:42:40.778+0300][139.808s][info][gc] GC(999) Pause Full (Ergonomics) 309M->41M(455M) 94.093ms
[2020-08-08T12:42:40.870+0300][139.900s][info][gc] GC(1000) Pause Young (Allocation Failure) 98M->98M(455M) 80.597ms
[2020-08-08T12:42:41.008+0300][140.038s][info][gc] GC(1001) Pause Young (Allocation Failure) 156M->156M(455M) 130.753ms
[2020-08-08T12:42:41.147+0300][140.177s][info][gc] GC(1002) Pause Young (Allocation Failure) 213M->213M(455M) 128.871ms
[2020-08-08T12:42:41.307+0300][140.337s][info][gc] GC(1003) Pause Young (Allocation Failure) 270M->270M(455M) 150.141ms
[2020-08-08T12:42:41.457+0300][140.487s][info][gc] GC(1004) Pause Young (Allocation Failure) 327M->327M(455M) 142.449ms
[2020-08-08T12:42:41.630+0300][140.660s][info][gc] GC(1005) Pause Full (Ergonomics) 327M->59M(455M) 172.306ms
[2020-08-08T12:42:41.718+0300][140.748s][info][gc] GC(1006) Pause Young (Allocation Failure) 117M->117M(455M) 78.123ms
[2020-08-08T12:42:41.866+0300][140.896s][info][gc] GC(1007) Pause Young (Allocation Failure) 174M->174M(455M) 135.917ms
[2020-08-08T12:42:42.028+0300][141.058s][info][gc] GC(1008) Pause Young (Allocation Failure) 232M->232M(455M) 152.778ms
[2020-08-08T12:42:42.173+0300][141.203s][info][gc] GC(1009) Pause Young (Allocation Failure) 290M->290M(455M) 137.603ms
[2020-08-08T12:42:42.194+0300][141.224s][info][gc] GC(1010) Pause Full (Ergonomics) 290M->22M(455M) 20.864ms
[2020-08-08T12:42:42.283+0300][141.312s][info][gc] GC(1011) Pause Young (Allocation Failure) 80M->80M(455M) 78.900ms
[2020-08-08T12:42:42.435+0300][141.465s][info][gc] GC(1012) Pause Young (Allocation Failure) 136M->136M(455M) 143.258ms
[2020-08-08T12:42:42.580+0300][141.610s][info][gc] GC(1013) Pause Young (Allocation Failure) 193M->193M(455M) 136.925ms
[2020-08-08T12:42:42.748+0300][141.778s][info][gc] GC(1014) Pause Young (Allocation Failure) 251M->251M(455M) 158.267ms
[2020-08-08T12:42:42.918+0300][141.948s][info][gc] GC(1015) Pause Young (Allocation Failure) 309M->309M(455M) 154.328ms
[2020-08-08T12:42:43.012+0300][142.042s][info][gc] GC(1016) Pause Full (Ergonomics) 309M->41M(455M) 94.276ms
[2020-08-08T12:42:43.102+0300][142.131s][info][gc] GC(1017) Pause Young (Allocation Failure) 98M->98M(455M) 79.255ms
[2020-08-08T12:42:43.241+0300][142.271s][info][gc] GC(1018) Pause Young (Allocation Failure) 156M->156M(455M) 131.874ms
[2020-08-08T12:42:43.381+0300][142.411s][info][gc] GC(1019) Pause Young (Allocation Failure) 213M->213M(455M) 130.695ms
[2020-08-08T12:42:43.541+0300][142.571s][info][gc] GC(1020) Pause Young (Allocation Failure) 270M->270M(455M) 150.869ms
[2020-08-08T12:42:43.693+0300][142.723s][info][gc] GC(1021) Pause Young (Allocation Failure) 327M->327M(455M) 142.961ms
[2020-08-08T12:42:43.864+0300][142.894s][info][gc] GC(1022) Pause Full (Ergonomics) 327M->59M(455M) 171.285ms
[2020-08-08T12:42:43.957+0300][142.987s][info][gc] GC(1023) Pause Young (Allocation Failure) 117M->117M(455M) 80.638ms
[2020-08-08T12:42:44.098+0300][143.128s][info][gc] GC(1024) Pause Young (Allocation Failure) 174M->174M(455M) 133.561ms
[2020-08-08T12:42:44.261+0300][143.291s][info][gc] GC(1025) Pause Young (Allocation Failure) 232M->232M(455M) 153.005ms
[2020-08-08T12:42:44.406+0300][143.436s][info][gc] GC(1026) Pause Young (Allocation Failure) 290M->290M(455M) 136.848ms
[2020-08-08T12:42:44.427+0300][143.457s][info][gc] GC(1027) Pause Full (Ergonomics) 290M->22M(455M) 20.860ms
[2020-08-08T12:42:44.516+0300][143.546s][info][gc] GC(1028) Pause Young (Allocation Failure) 80M->80M(455M) 79.033ms
[2020-08-08T12:42:44.668+0300][143.698s][info][gc] GC(1029) Pause Young (Allocation Failure) 136M->136M(455M) 142.985ms
[2020-08-08T12:42:44.814+0300][143.844s][info][gc] GC(1030) Pause Young (Allocation Failure) 193M->193M(455M) 137.424ms
[2020-08-08T12:42:44.986+0300][144.016s][info][gc] GC(1031) Pause Young (Allocation Failure) 251M->251M(455M) 157.971ms
[2020-08-08T12:42:45.134+0300][144.164s][info][gc] GC(1032) Pause Young (Allocation Failure) 308M->309M(455M) 140.528ms
[2020-08-08T12:42:45.229+0300][144.258s][info][gc] GC(1033) Pause Full (Ergonomics) 309M->41M(455M) 94.772ms
[2020-08-08T12:42:45.318+0300][144.348s][info][gc] GC(1034) Pause Young (Allocation Failure) 98M->98M(455M) 78.077ms
[2020-08-08T12:42:45.454+0300][144.484s][info][gc] GC(1035) Pause Young (Allocation Failure) 156M->156M(455M) 129.256ms
[2020-08-08T12:42:45.595+0300][144.624s][info][gc] GC(1036) Pause Young (Allocation Failure) 213M->213M(455M) 131.305ms
[2020-08-08T12:42:45.755+0300][144.785s][info][gc] GC(1037) Pause Young (Allocation Failure) 270M->270M(455M) 151.257ms
[2020-08-08T12:42:45.911+0300][144.941s][info][gc] GC(1038) Pause Young (Allocation Failure) 327M->327M(455M) 145.005ms
[2020-08-08T12:42:46.078+0300][145.108s][info][gc] GC(1039) Pause Full (Ergonomics) 327M->59M(455M) 167.191ms
[2020-08-08T12:42:46.170+0300][145.200s][info][gc] GC(1040) Pause Young (Allocation Failure) 117M->117M(455M) 82.658ms
[2020-08-08T12:42:46.321+0300][145.351s][info][gc] GC(1041) Pause Young (Allocation Failure) 174M->174M(455M) 140.424ms
[2020-08-08T12:42:46.483+0300][145.513s][info][gc] GC(1042) Pause Young (Allocation Failure) 232M->232M(455M) 153.211ms
[2020-08-08T12:42:46.630+0300][145.660s][info][gc] GC(1043) Pause Young (Allocation Failure) 290M->290M(455M) 139.968ms
[2020-08-08T12:42:46.651+0300][145.681s][info][gc] GC(1044) Pause Full (Ergonomics) 290M->22M(455M) 20.701ms
[2020-08-08T12:42:46.740+0300][145.770s][info][gc] GC(1045) Pause Young (Allocation Failure) 80M->80M(455M) 79.135ms
[2020-08-08T12:42:46.894+0300][145.923s][info][gc] GC(1046) Pause Young (Allocation Failure) 136M->136M(455M) 144.395ms
[2020-08-08T12:42:47.039+0300][146.069s][info][gc] GC(1047) Pause Young (Allocation Failure) 193M->193M(455M) 135.393ms
[2020-08-08T12:42:47.206+0300][146.236s][info][gc] GC(1048) Pause Young (Allocation Failure) 251M->251M(455M) 156.999ms
[2020-08-08T12:42:47.354+0300][146.384s][info][gc] GC(1049) Pause Young (Allocation Failure) 308M->309M(455M) 140.822ms
[2020-08-08T12:42:47.449+0300][146.479s][info][gc] GC(1050) Pause Full (Ergonomics) 309M->41M(455M) 94.579ms
[2020-08-08T12:42:47.538+0300][146.568s][info][gc] GC(1051) Pause Young (Allocation Failure) 98M->98M(455M) 79.006ms
[2020-08-08T12:42:47.677+0300][146.707s][info][gc] GC(1052) Pause Young (Allocation Failure) 156M->156M(455M) 131.161ms
[2020-08-08T12:42:47.817+0300][146.847s][info][gc] GC(1053) Pause Young (Allocation Failure) 213M->213M(455M) 130.072ms
[2020-08-08T12:42:47.979+0300][147.009s][info][gc] GC(1054) Pause Young (Allocation Failure) 270M->270M(455M) 151.054ms
[2020-08-08T12:42:48.130+0300][147.160s][info][gc] GC(1055) Pause Young (Allocation Failure) 327M->327M(455M) 142.509ms
[2020-08-08T12:42:48.300+0300][147.330s][info][gc] GC(1056) Pause Full (Ergonomics) 327M->59M(455M) 170.474ms
[2020-08-08T12:42:48.390+0300][147.419s][info][gc] GC(1057) Pause Young (Allocation Failure) 117M->117M(455M) 79.013ms
[2020-08-08T12:42:48.530+0300][147.560s][info][gc] GC(1058) Pause Young (Allocation Failure) 174M->175M(455M) 132.610ms
[2020-08-08T12:42:48.692+0300][147.722s][info][gc] GC(1059) Pause Young (Allocation Failure) 232M->232M(455M) 152.223ms
[2020-08-08T12:42:48.837+0300][147.866s][info][gc] GC(1060) Pause Young (Allocation Failure) 290M->290M(455M) 136.746ms
[2020-08-08T12:42:49.007+0300][148.037s][info][gc] GC(1061) Pause Young (Allocation Failure) 347M->347M(455M) 155.665ms
[2020-08-08T12:42:49.261+0300][148.290s][info][gc] GC(1062) Pause Full (Ergonomics) 347M->80M(455M) 253.595ms
[2020-08-08T12:42:49.348+0300][148.378s][info][gc] GC(1063) Pause Young (Allocation Failure) 136M->136M(455M) 77.451ms
[2020-08-08T12:42:49.494+0300][148.524s][info][gc] GC(1064) Pause Young (Allocation Failure) 193M->193M(455M) 137.472ms
[2020-08-08T12:42:49.662+0300][148.692s][info][gc] GC(1065) Pause Young (Allocation Failure) 251M->251M(455M) 158.504ms
[2020-08-08T12:42:49.810+0300][148.840s][info][gc] GC(1066) Pause Young (Allocation Failure) 308M->309M(455M) 140.004ms
[2020-08-08T12:42:49.904+0300][148.934s][info][gc] GC(1067) Pause Full (Ergonomics) 309M->41M(455M) 93.913ms
[2020-08-08T12:42:49.996+0300][149.026s][info][gc] GC(1068) Pause Young (Allocation Failure) 98M->98M(455M) 80.427ms
[2020-08-08T12:42:50.133+0300][149.163s][info][gc] GC(1069) Pause Young (Allocation Failure) 156M->156M(455M) 129.799ms
[2020-08-08T12:42:50.274+0300][149.304s][info][gc] GC(1070) Pause Young (Allocation Failure) 213M->213M(455M) 130.992ms
[2020-08-08T12:42:50.432+0300][149.462s][info][gc] GC(1071) Pause Young (Allocation Failure) 270M->270M(455M) 148.981ms
[2020-08-08T12:42:50.585+0300][149.615s][info][gc] GC(1072) Pause Young (Allocation Failure) 327M->327M(455M) 143.963ms
[2020-08-08T12:42:50.756+0300][149.785s][info][gc] GC(1073) Pause Full (Ergonomics) 327M->59M(455M) 170.731ms
[2020-08-08T12:42:50.845+0300][149.875s][info][gc] GC(1074) Pause Young (Allocation Failure) 117M->117M(455M) 79.378ms
[2020-08-08T12:42:50.990+0300][150.020s][info][gc] GC(1075) Pause Young (Allocation Failure) 174M->174M(455M) 134.839ms
[2020-08-08T12:42:51.152+0300][150.182s][info][gc] GC(1076) Pause Young (Allocation Failure) 232M->232M(455M) 151.490ms
[2020-08-08T12:42:51.297+0300][150.327s][info][gc] GC(1077) Pause Young (Allocation Failure) 290M->290M(455M) 137.588ms
[2020-08-08T12:42:51.318+0300][150.348s][info][gc] GC(1078) Pause Full (Ergonomics) 290M->22M(455M) 21.553ms
[2020-08-08T12:42:51.407+0300][150.437s][info][gc] GC(1079) Pause Young (Allocation Failure) 80M->80M(455M) 78.768ms
[2020-08-08T12:42:51.559+0300][150.589s][info][gc] GC(1080) Pause Young (Allocation Failure) 136M->136M(455M) 143.285ms
[2020-08-08T12:42:51.705+0300][150.735s][info][gc] GC(1081) Pause Young (Allocation Failure) 193M->193M(455M) 136.612ms
[2020-08-08T12:42:51.871+0300][150.900s][info][gc] GC(1082) Pause Young (Allocation Failure) 251M->251M(455M) 155.423ms
[2020-08-08T12:42:52.022+0300][151.052s][info][gc] GC(1083) Pause Young (Allocation Failure) 309M->309M(455M) 141.328ms
[2020-08-08T12:42:52.118+0300][151.148s][info][gc] GC(1084) Pause Full (Ergonomics) 309M->41M(455M) 96.102ms
[2020-08-08T12:42:52.208+0300][151.238s][info][gc] GC(1085) Pause Young (Allocation Failure) 98M->98M(455M) 78.851ms
[2020-08-08T12:42:52.345+0300][151.375s][info][gc] GC(1086) Pause Young (Allocation Failure) 156M->156M(455M) 129.339ms
[2020-08-08T12:42:52.486+0300][151.516s][info][gc] GC(1087) Pause Young (Allocation Failure) 213M->213M(455M) 130.186ms
[2020-08-08T12:42:52.645+0300][151.675s][info][gc] GC(1088) Pause Young (Allocation Failure) 270M->270M(455M) 150.425ms
[2020-08-08T12:42:52.797+0300][151.827s][info][gc] GC(1089) Pause Young (Allocation Failure) 327M->327M(455M) 143.047ms
[2020-08-08T12:42:52.967+0300][151.997s][info][gc] GC(1090) Pause Full (Ergonomics) 327M->59M(455M) 170.330ms
[2020-08-08T12:42:53.060+0300][152.090s][info][gc] GC(1091) Pause Young (Allocation Failure) 117M->117M(455M) 79.524ms
[2020-08-08T12:42:53.201+0300][152.231s][info][gc] GC(1092) Pause Young (Allocation Failure) 174M->174M(455M) 132.733ms
[2020-08-08T12:42:53.365+0300][152.394s][info][gc] GC(1093) Pause Young (Allocation Failure) 232M->232M(455M) 153.836ms
[2020-08-08T12:42:53.509+0300][152.539s][info][gc] GC(1094) Pause Young (Allocation Failure) 290M->290M(455M) 136.691ms
[2020-08-08T12:42:53.530+0300][152.560s][info][gc] GC(1095) Pause Full (Ergonomics) 290M->22M(455M) 20.926ms
[2020-08-08T12:42:53.622+0300][152.652s][info][gc] GC(1096) Pause Young (Allocation Failure) 80M->80M(455M) 80.663ms
[2020-08-08T12:42:53.779+0300][152.809s][info][gc] GC(1097) Pause Young (Allocation Failure) 136M->136M(455M) 147.700ms
[2020-08-08T12:42:53.930+0300][152.960s][info][gc] GC(1098) Pause Young (Allocation Failure) 193M->193M(455M) 141.924ms
[2020-08-08T12:42:54.103+0300][153.133s][info][gc] GC(1099) Pause Young (Allocation Failure) 251M->251M(455M) 158.791ms
[2020-08-08T12:42:54.255+0300][153.285s][info][gc] GC(1100) Pause Young (Allocation Failure) 308M->309M(455M) 142.715ms
[2020-08-08T12:42:54.350+0300][153.380s][info][gc] GC(1101) Pause Full (Ergonomics) 309M->41M(455M) 95.245ms
[2020-08-08T12:42:54.440+0300][153.470s][info][gc] GC(1102) Pause Young (Allocation Failure) 98M->98M(455M) 79.369ms
[2020-08-08T12:42:54.578+0300][153.608s][info][gc] GC(1103) Pause Young (Allocation Failure) 156M->156M(455M) 130.283ms
[2020-08-08T12:42:54.718+0300][153.748s][info][gc] GC(1104) Pause Young (Allocation Failure) 213M->213M(455M) 130.161ms
[2020-08-08T12:42:54.877+0300][153.907s][info][gc] GC(1105) Pause Young (Allocation Failure) 270M->270M(455M) 150.647ms
[2020-08-08T12:42:55.031+0300][154.061s][info][gc] GC(1106) Pause Young (Allocation Failure) 327M->327M(455M) 143.849ms
[2020-08-08T12:42:55.198+0300][154.228s][info][gc] GC(1107) Pause Full (Ergonomics) 327M->59M(455M) 166.842ms
[2020-08-08T12:42:55.288+0300][154.318s][info][gc] GC(1108) Pause Young (Allocation Failure) 117M->117M(455M) 79.456ms
[2020-08-08T12:42:55.428+0300][154.458s][info][gc] GC(1109) Pause Young (Allocation Failure) 174M->174M(455M) 132.593ms
[2020-08-08T12:42:55.591+0300][154.621s][info][gc] GC(1110) Pause Young (Allocation Failure) 232M->232M(455M) 153.313ms
[2020-08-08T12:42:55.738+0300][154.767s][info][gc] GC(1111) Pause Young (Allocation Failure) 290M->290M(455M) 138.244ms
[2020-08-08T12:42:55.758+0300][154.788s][info][gc] GC(1112) Pause Full (Ergonomics) 290M->22M(455M) 20.598ms
[2020-08-08T12:42:55.846+0300][154.876s][info][gc] GC(1113) Pause Young (Allocation Failure) 80M->80M(455M) 77.821ms
[2020-08-08T12:42:56.001+0300][155.031s][info][gc] GC(1114) Pause Young (Allocation Failure) 136M->136M(455M) 142.947ms
[2020-08-08T12:42:56.147+0300][155.177s][info][gc] GC(1115) Pause Young (Allocation Failure) 193M->193M(455M) 135.663ms
[2020-08-08T12:42:56.312+0300][155.342s][info][gc] GC(1116) Pause Young (Allocation Failure) 251M->251M(455M) 155.666ms
[2020-08-08T12:42:56.458+0300][155.488s][info][gc] GC(1117) Pause Young (Allocation Failure) 308M->309M(455M) 138.093ms
[2020-08-08T12:42:56.553+0300][155.583s][info][gc] GC(1118) Pause Full (Ergonomics) 309M->41M(455M) 95.204ms
[2020-08-08T12:42:56.643+0300][155.673s][info][gc] GC(1119) Pause Young (Allocation Failure) 98M->98M(455M) 79.835ms
[2020-08-08T12:42:56.781+0300][155.811s][info][gc] GC(1120) Pause Young (Allocation Failure) 156M->156M(455M) 130.341ms
[2020-08-08T12:42:56.921+0300][155.951s][info][gc] GC(1121) Pause Young (Allocation Failure) 213M->213M(455M) 131.015ms
[2020-08-08T12:42:57.087+0300][156.116s][info][gc] GC(1122) Pause Young (Allocation Failure) 270M->270M(455M) 152.567ms
[2020-08-08T12:42:57.238+0300][156.268s][info][gc] GC(1123) Pause Young (Allocation Failure) 327M->327M(455M) 143.601ms
[2020-08-08T12:42:57.408+0300][156.438s][info][gc] GC(1124) Pause Full (Ergonomics) 327M->59M(455M) 170.498ms
[2020-08-08T12:42:57.498+0300][156.527s][info][gc] GC(1125) Pause Young (Allocation Failure) 117M->117M(455M) 79.026ms
[2020-08-08T12:42:57.641+0300][156.671s][info][gc] GC(1126) Pause Young (Allocation Failure) 174M->175M(455M) 135.468ms
[2020-08-08T12:42:57.802+0300][156.832s][info][gc] GC(1127) Pause Young (Allocation Failure) 232M->232M(455M) 152.150ms
[2020-08-08T12:42:57.952+0300][156.982s][info][gc] GC(1128) Pause Young (Allocation Failure) 290M->290M(455M) 141.776ms
[2020-08-08T12:42:58.122+0300][157.152s][info][gc] GC(1129) Pause Young (Allocation Failure) 347M->347M(455M) 158.894ms
[2020-08-08T12:42:58.373+0300][157.403s][info][gc] GC(1130) Pause Full (Ergonomics) 347M->80M(455M) 250.560ms
[2020-08-08T12:42:58.463+0300][157.493s][info][gc] GC(1131) Pause Young (Allocation Failure) 136M->136M(455M) 80.184ms
[2020-08-08T12:42:58.610+0300][157.640s][info][gc] GC(1132) Pause Young (Allocation Failure) 193M->193M(455M) 138.588ms
[2020-08-08T12:42:58.776+0300][157.806s][info][gc] GC(1133) Pause Young (Allocation Failure) 251M->251M(455M) 154.978ms
[2020-08-08T12:42:58.927+0300][157.957s][info][gc] GC(1134) Pause Young (Allocation Failure) 308M->309M(455M) 143.565ms
[2020-08-08T12:42:59.022+0300][158.052s][info][gc] GC(1135) Pause Full (Ergonomics) 309M->41M(455M) 94.262ms
[2020-08-08T12:42:59.113+0300][158.143s][info][gc] GC(1136) Pause Young (Allocation Failure) 98M->98M(455M) 79.041ms
[2020-08-08T12:42:59.253+0300][158.282s][info][gc] GC(1137) Pause Young (Allocation Failure) 156M->156M(455M) 132.137ms
[2020-08-08T12:42:59.392+0300][158.421s][info][gc] GC(1138) Pause Young (Allocation Failure) 213M->213M(455M) 129.922ms
[2020-08-08T12:42:59.554+0300][158.584s][info][gc] GC(1139) Pause Young (Allocation Failure) 270M->270M(455M) 152.657ms
[2020-08-08T12:42:59.705+0300][158.735s][info][gc] GC(1140) Pause Young (Allocation Failure) 327M->327M(455M) 142.576ms
[2020-08-08T12:42:59.877+0300][158.907s][info][gc] GC(1141) Pause Full (Ergonomics) 327M->59M(455M) 171.942ms
[2020-08-08T12:42:59.966+0300][158.996s][info][gc] GC(1142) Pause Young (Allocation Failure) 117M->117M(455M) 79.264ms
[2020-08-08T12:43:00.112+0300][159.142s][info][gc] GC(1143) Pause Young (Allocation Failure) 174M->174M(455M) 136.236ms
[2020-08-08T12:43:00.276+0300][159.306s][info][gc] GC(1144) Pause Young (Allocation Failure) 232M->232M(455M) 153.329ms
[2020-08-08T12:43:00.419+0300][159.449s][info][gc] GC(1145) Pause Young (Allocation Failure) 290M->290M(455M) 135.965ms
[2020-08-08T12:43:00.440+0300][159.470s][info][gc] GC(1146) Pause Full (Ergonomics) 290M->22M(455M) 20.891ms
[2020-08-08T12:43:00.529+0300][159.559s][info][gc] GC(1147) Pause Young (Allocation Failure) 80M->80M(455M) 78.919ms
[2020-08-08T12:43:00.684+0300][159.714s][info][gc] GC(1148) Pause Young (Allocation Failure) 136M->136M(455M) 145.404ms
[2020-08-08T12:43:00.830+0300][159.859s][info][gc] GC(1149) Pause Young (Allocation Failure) 193M->193M(455M) 137.417ms
[2020-08-08T12:43:00.994+0300][160.024s][info][gc] GC(1150) Pause Young (Allocation Failure) 251M->251M(455M) 155.131ms
[2020-08-08T12:43:01.145+0300][160.175s][info][gc] GC(1151) Pause Young (Allocation Failure) 309M->309M(455M) 141.356ms
[2020-08-08T12:43:01.241+0300][160.271s][info][gc] GC(1152) Pause Full (Ergonomics) 309M->41M(455M) 95.347ms
[2020-08-08T12:43:01.330+0300][160.359s][info][gc] GC(1153) Pause Young (Allocation Failure) 98M->98M(455M) 79.031ms
[2020-08-08T12:43:01.468+0300][160.498s][info][gc] GC(1154) Pause Young (Allocation Failure) 156M->156M(455M) 130.402ms
[2020-08-08T12:43:01.614+0300][160.644s][info][gc] GC(1155) Pause Young (Allocation Failure) 213M->213M(455M) 135.938ms
[2020-08-08T12:43:01.786+0300][160.816s][info][gc] GC(1156) Pause Young (Allocation Failure) 270M->270M(455M) 162.603ms
[2020-08-08T12:43:01.940+0300][160.970s][info][gc] GC(1157) Pause Young (Allocation Failure) 327M->327M(455M) 147.330ms
[2020-08-08T12:43:02.111+0300][161.141s][info][gc] GC(1158) Pause Full (Ergonomics) 327M->59M(455M) 170.589ms
[2020-08-08T12:43:02.210+0300][161.240s][info][gc] GC(1159) Pause Young (Allocation Failure) 117M->117M(455M) 86.241ms
[2020-08-08T12:43:02.355+0300][161.384s][info][gc] GC(1160) Pause Young (Allocation Failure) 174M->174M(455M) 136.697ms
[2020-08-08T12:43:02.518+0300][161.548s][info][gc] GC(1161) Pause Young (Allocation Failure) 232M->232M(455M) 153.773ms
[2020-08-08T12:43:02.665+0300][161.695s][info][gc] GC(1162) Pause Young (Allocation Failure) 290M->290M(455M) 139.171ms
[2020-08-08T12:43:02.686+0300][161.715s][info][gc] GC(1163) Pause Full (Ergonomics) 290M->22M(455M) 20.715ms
[2020-08-08T12:43:02.775+0300][161.805s][info][gc] GC(1164) Pause Young (Allocation Failure) 80M->80M(455M) 79.521ms
[2020-08-08T12:43:02.927+0300][161.957s][info][gc] GC(1165) Pause Young (Allocation Failure) 136M->136M(455M) 143.037ms
[2020-08-08T12:43:03.073+0300][162.103s][info][gc] GC(1166) Pause Young (Allocation Failure) 193M->193M(455M) 137.248ms
[2020-08-08T12:43:03.244+0300][162.274s][info][gc] GC(1167) Pause Young (Allocation Failure) 251M->251M(455M) 159.054ms
[2020-08-08T12:43:03.392+0300][162.421s][info][gc] GC(1168) Pause Young (Allocation Failure) 308M->309M(455M) 139.858ms
[2020-08-08T12:43:03.486+0300][162.516s][info][gc] GC(1169) Pause Full (Ergonomics) 309M->41M(455M) 93.997ms
[2020-08-08T12:43:03.575+0300][162.605s][info][gc] GC(1170) Pause Young (Allocation Failure) 98M->98M(455M) 79.511ms
[2020-08-08T12:43:03.714+0300][162.744s][info][gc] GC(1171) Pause Young (Allocation Failure) 156M->156M(455M) 130.991ms
[2020-08-08T12:43:03.853+0300][162.883s][info][gc] GC(1172) Pause Young (Allocation Failure) 213M->213M(455M) 129.101ms
[2020-08-08T12:43:04.014+0300][163.044s][info][gc] GC(1173) Pause Young (Allocation Failure) 270M->270M(455M) 150.813ms
[2020-08-08T12:43:04.169+0300][163.199s][info][gc] GC(1174) Pause Young (Allocation Failure) 327M->327M(455M) 144.905ms
[2020-08-08T12:43:04.336+0300][163.366s][info][gc] GC(1175) Pause Full (Ergonomics) 327M->59M(455M) 166.574ms
[2020-08-08T12:43:04.425+0300][163.455s][info][gc] GC(1176) Pause Young (Allocation Failure) 117M->117M(455M) 79.196ms
[2020-08-08T12:43:04.567+0300][163.597s][info][gc] GC(1177) Pause Young (Allocation Failure) 174M->174M(455M) 133.079ms
[2020-08-08T12:43:04.731+0300][163.761s][info][gc] GC(1178) Pause Young (Allocation Failure) 232M->232M(455M) 154.346ms
[2020-08-08T12:43:04.876+0300][163.906s][info][gc] GC(1179) Pause Young (Allocation Failure) 290M->290M(455M) 136.976ms
[2020-08-08T12:43:04.898+0300][163.927s][info][gc] GC(1180) Pause Full (Ergonomics) 290M->22M(455M) 21.032ms
[2020-08-08T12:43:04.986+0300][164.016s][info][gc] GC(1181) Pause Young (Allocation Failure) 80M->80M(455M) 78.666ms
[2020-08-08T12:43:05.142+0300][164.172s][info][gc] GC(1182) Pause Young (Allocation Failure) 136M->136M(455M) 145.185ms
[2020-08-08T12:43:05.286+0300][164.315s][info][gc] GC(1183) Pause Young (Allocation Failure) 193M->193M(455M) 136.072ms
[2020-08-08T12:43:05.450+0300][164.480s][info][gc] GC(1184) Pause Young (Allocation Failure) 251M->251M(455M) 155.138ms
[2020-08-08T12:43:05.598+0300][164.627s][info][gc] GC(1185) Pause Young (Allocation Failure) 309M->309M(455M) 139.998ms
[2020-08-08T12:43:05.692+0300][164.722s][info][gc] GC(1186) Pause Full (Ergonomics) 309M->41M(455M) 94.602ms
[2020-08-08T12:43:05.781+0300][164.811s][info][gc] GC(1187) Pause Young (Allocation Failure) 98M->98M(455M) 78.373ms
[2020-08-08T12:43:05.918+0300][164.947s][info][gc] GC(1188) Pause Young (Allocation Failure) 156M->156M(455M) 129.071ms
[2020-08-08T12:43:06.076+0300][165.105s][info][gc] GC(1189) Pause Young (Allocation Failure) 213M->214M(455M) 148.289ms
[2020-08-08T12:43:06.241+0300][165.271s][info][gc] GC(1190) Pause Young (Allocation Failure) 270M->270M(455M) 150.800ms
[2020-08-08T12:43:06.391+0300][165.421s][info][gc] GC(1191) Pause Young (Allocation Failure) 327M->327M(455M) 142.707ms
[2020-08-08T12:43:06.562+0300][165.592s][info][gc] GC(1192) Pause Full (Ergonomics) 327M->59M(455M) 171.236ms
[2020-08-08T12:43:06.653+0300][165.683s][info][gc] GC(1193) Pause Young (Allocation Failure) 117M->117M(455M) 79.864ms
[2020-08-08T12:43:06.793+0300][165.823s][info][gc] GC(1194) Pause Young (Allocation Failure) 174M->175M(455M) 132.913ms
[2020-08-08T12:43:06.956+0300][165.985s][info][gc] GC(1195) Pause Young (Allocation Failure) 232M->232M(455M) 152.354ms
[2020-08-08T12:43:07.099+0300][166.128s][info][gc] GC(1196) Pause Young (Allocation Failure) 290M->290M(455M) 135.570ms
[2020-08-08T12:43:07.267+0300][166.296s][info][gc] GC(1197) Pause Young (Allocation Failure) 347M->347M(455M) 155.623ms
[2020-08-08T12:43:07.520+0300][166.549s][info][gc] GC(1198) Pause Full (Ergonomics) 347M->80M(455M) 252.475ms
[2020-08-08T12:43:07.608+0300][166.637s][info][gc] GC(1199) Pause Young (Allocation Failure) 136M->136M(455M) 78.297ms
[2020-08-08T12:43:07.754+0300][166.783s][info][gc] GC(1200) Pause Young (Allocation Failure) 193M->193M(455M) 136.351ms
[2020-08-08T12:43:07.920+0300][166.949s][info][gc] GC(1201) Pause Young (Allocation Failure) 251M->251M(455M) 156.283ms
[2020-08-08T12:43:08.069+0300][167.098s][info][gc] GC(1202) Pause Young (Allocation Failure) 308M->309M(455M) 140.661ms
[2020-08-08T12:43:08.163+0300][167.192s][info][gc] GC(1203) Pause Full (Ergonomics) 309M->41M(455M) 94.028ms
[2020-08-08T12:43:08.256+0300][167.285s][info][gc] GC(1204) Pause Young (Allocation Failure) 98M->98M(455M) 80.211ms
[2020-08-08T12:43:08.393+0300][167.422s][info][gc] GC(1205) Pause Young (Allocation Failure) 156M->156M(455M) 130.069ms
[2020-08-08T12:43:08.533+0300][167.562s][info][gc] GC(1206) Pause Young (Allocation Failure) 213M->213M(455M) 129.815ms
[2020-08-08T12:43:08.694+0300][167.723s][info][gc] GC(1207) Pause Young (Allocation Failure) 270M->270M(455M) 151.652ms
[2020-08-08T12:43:08.845+0300][167.875s][info][gc] GC(1208) Pause Young (Allocation Failure) 327M->327M(455M) 143.569ms
[2020-08-08T12:43:09.016+0300][168.045s][info][gc] GC(1209) Pause Full (Ergonomics) 327M->59M(455M) 170.405ms
[2020-08-08T12:43:09.108+0300][168.137s][info][gc] GC(1210) Pause Young (Allocation Failure) 117M->117M(455M) 80.187ms
[2020-08-08T12:43:09.251+0300][168.281s][info][gc] GC(1211) Pause Young (Allocation Failure) 174M->174M(455M) 133.230ms
[2020-08-08T12:43:09.414+0300][168.443s][info][gc] GC(1212) Pause Young (Allocation Failure) 232M->232M(455M) 152.938ms
[2020-08-08T12:43:09.562+0300][168.591s][info][gc] GC(1213) Pause Young (Allocation Failure) 290M->290M(455M) 140.544ms
[2020-08-08T12:43:09.583+0300][168.613s][info][gc] GC(1214) Pause Full (Ergonomics) 290M->22M(455M) 21.192ms
[2020-08-08T12:43:09.679+0300][168.709s][info][gc] GC(1215) Pause Young (Allocation Failure) 80M->80M(455M) 86.333ms
[2020-08-08T12:43:09.839+0300][168.869s][info][gc] GC(1216) Pause Young (Allocation Failure) 136M->136M(455M) 149.220ms
[2020-08-08T12:43:09.984+0300][169.014s][info][gc] GC(1217) Pause Young (Allocation Failure) 193M->193M(455M) 135.811ms
[2020-08-08T12:43:10.151+0300][169.180s][info][gc] GC(1218) Pause Young (Allocation Failure) 251M->251M(455M) 156.333ms
[2020-08-08T12:43:10.300+0300][169.330s][info][gc] GC(1219) Pause Young (Allocation Failure) 309M->309M(455M) 139.392ms
[2020-08-08T12:43:10.396+0300][169.425s][info][gc] GC(1220) Pause Full (Ergonomics) 309M->41M(455M) 95.450ms
[2020-08-08T12:43:10.487+0300][169.516s][info][gc] GC(1221) Pause Young (Allocation Failure) 98M->98M(455M) 78.773ms
[2020-08-08T12:43:10.627+0300][169.656s][info][gc] GC(1222) Pause Young (Allocation Failure) 156M->156M(455M) 132.955ms
[2020-08-08T12:43:10.767+0300][169.796s][info][gc] GC(1223) Pause Young (Allocation Failure) 213M->213M(455M) 129.971ms
[2020-08-08T12:43:10.929+0300][169.958s][info][gc] GC(1224) Pause Young (Allocation Failure) 270M->270M(455M) 152.887ms
[2020-08-08T12:43:11.080+0300][170.110s][info][gc] GC(1225) Pause Young (Allocation Failure) 327M->327M(455M) 142.473ms
[2020-08-08T12:43:11.251+0300][170.281s][info][gc] GC(1226) Pause Full (Ergonomics) 327M->59M(455M) 170.870ms
[2020-08-08T12:43:11.345+0300][170.374s][info][gc] GC(1227) Pause Young (Allocation Failure) 117M->117M(455M) 80.137ms
[2020-08-08T12:43:11.487+0300][170.517s][info][gc] GC(1228) Pause Young (Allocation Failure) 174M->174M(455M) 132.132ms
[2020-08-08T12:43:11.650+0300][170.680s][info][gc] GC(1229) Pause Young (Allocation Failure) 232M->232M(455M) 153.705ms
[2020-08-08T12:43:11.794+0300][170.823s][info][gc] GC(1230) Pause Young (Allocation Failure) 290M->290M(455M) 136.389ms
[2020-08-08T12:43:11.815+0300][170.844s][info][gc] GC(1231) Pause Full (Ergonomics) 290M->22M(455M) 20.739ms
[2020-08-08T12:43:11.903+0300][170.932s][info][gc] GC(1232) Pause Young (Allocation Failure) 80M->80M(455M) 78.458ms
[2020-08-08T12:43:12.057+0300][171.087s][info][gc] GC(1233) Pause Young (Allocation Failure) 136M->136M(455M) 145.334ms
[2020-08-08T12:43:12.205+0300][171.235s][info][gc] GC(1234) Pause Young (Allocation Failure) 193M->193M(455M) 137.221ms
[2020-08-08T12:43:12.371+0300][171.400s][info][gc] GC(1235) Pause Young (Allocation Failure) 251M->251M(455M) 155.975ms
[2020-08-08T12:43:12.518+0300][171.548s][info][gc] GC(1236) Pause Young (Allocation Failure) 308M->309M(455M) 140.221ms
[2020-08-08T12:43:12.613+0300][171.643s][info][gc] GC(1237) Pause Full (Ergonomics) 309M->41M(455M) 94.480ms
[2020-08-08T12:43:12.702+0300][171.732s][info][gc] GC(1238) Pause Young (Allocation Failure) 98M->98M(455M) 78.790ms
[2020-08-08T12:43:12.839+0300][171.869s][info][gc] GC(1239) Pause Young (Allocation Failure) 156M->156M(455M) 130.072ms
[2020-08-08T12:43:12.979+0300][172.009s][info][gc] GC(1240) Pause Young (Allocation Failure) 213M->213M(455M) 129.355ms
[2020-08-08T12:43:13.140+0300][172.169s][info][gc] GC(1241) Pause Young (Allocation Failure) 270M->270M(455M) 150.702ms
[2020-08-08T12:43:13.294+0300][172.323s][info][gc] GC(1242) Pause Young (Allocation Failure) 327M->327M(455M) 142.824ms
[2020-08-08T12:43:13.461+0300][172.490s][info][gc] GC(1243) Pause Full (Ergonomics) 327M->59M(455M) 166.824ms
[2020-08-08T12:43:13.551+0300][172.580s][info][gc] GC(1244) Pause Young (Allocation Failure) 117M->117M(455M) 79.507ms
[2020-08-08T12:43:13.693+0300][172.723s][info][gc] GC(1245) Pause Young (Allocation Failure) 174M->174M(455M) 134.161ms
[2020-08-08T12:43:13.855+0300][172.884s][info][gc] GC(1246) Pause Young (Allocation Failure) 232M->232M(455M) 151.478ms
[2020-08-08T12:43:13.998+0300][173.028s][info][gc] GC(1247) Pause Young (Allocation Failure) 290M->290M(455M) 135.814ms
[2020-08-08T12:43:14.019+0300][173.049s][info][gc] GC(1248) Pause Full (Ergonomics) 290M->22M(455M) 20.742ms
[2020-08-08T12:43:14.108+0300][173.138s][info][gc] GC(1249) Pause Young (Allocation Failure) 80M->80M(455M) 78.710ms
[2020-08-08T12:43:14.264+0300][173.293s][info][gc] GC(1250) Pause Young (Allocation Failure) 136M->136M(455M) 144.110ms
[2020-08-08T12:43:14.407+0300][173.437s][info][gc] GC(1251) Pause Young (Allocation Failure) 193M->193M(455M) 135.528ms
[2020-08-08T12:43:14.573+0300][173.603s][info][gc] GC(1252) Pause Young (Allocation Failure) 251M->251M(455M) 156.554ms
[2020-08-08T12:43:14.723+0300][173.752s][info][gc] GC(1253) Pause Young (Allocation Failure) 309M->309M(455M) 141.605ms
[2020-08-08T12:43:14.817+0300][173.846s][info][gc] GC(1254) Pause Full (Ergonomics) 309M->41M(455M) 93.946ms
[2020-08-08T12:43:14.905+0300][173.934s][info][gc] GC(1255) Pause Young (Allocation Failure) 98M->98M(455M) 78.824ms
[2020-08-08T12:43:15.042+0300][174.071s][info][gc] GC(1256) Pause Young (Allocation Failure) 156M->156M(455M) 129.836ms
[2020-08-08T12:43:15.200+0300][174.230s][info][gc] GC(1257) Pause Young (Allocation Failure) 213M->214M(455M) 148.271ms
[2020-08-08T12:43:15.361+0300][174.391s][info][gc] GC(1258) Pause Young (Allocation Failure) 270M->270M(455M) 150.584ms
[2020-08-08T12:43:15.512+0300][174.542s][info][gc] GC(1259) Pause Young (Allocation Failure) 327M->327M(455M) 142.428ms
[2020-08-08T12:43:15.684+0300][174.714s][info][gc] GC(1260) Pause Full (Ergonomics) 327M->59M(455M) 171.985ms
[2020-08-08T12:43:15.774+0300][174.803s][info][gc] GC(1261) Pause Young (Allocation Failure) 117M->117M(455M) 79.123ms
[2020-08-08T12:43:15.913+0300][174.943s][info][gc] GC(1262) Pause Young (Allocation Failure) 174M->175M(455M) 132.334ms
[2020-08-08T12:43:16.079+0300][175.109s][info][gc] GC(1263) Pause Young (Allocation Failure) 232M->232M(455M) 155.952ms
[2020-08-08T12:43:16.236+0300][175.265s][info][gc] GC(1264) Pause Young (Allocation Failure) 290M->290M(455M) 147.390ms
[2020-08-08T12:43:16.400+0300][175.429s][info][gc] GC(1265) Pause Young (Allocation Failure) 347M->347M(455M) 154.514ms
[2020-08-08T12:43:16.652+0300][175.681s][info][gc] GC(1266) Pause Full (Ergonomics) 347M->80M(455M) 251.611ms
[2020-08-08T12:43:16.738+0300][175.768s][info][gc] GC(1267) Pause Young (Allocation Failure) 136M->136M(455M) 77.543ms
[2020-08-08T12:43:16.881+0300][175.911s][info][gc] GC(1268) Pause Young (Allocation Failure) 193M->193M(455M) 135.701ms
[2020-08-08T12:43:17.047+0300][176.076s][info][gc] GC(1269) Pause Young (Allocation Failure) 251M->251M(455M) 155.236ms
[2020-08-08T12:43:17.195+0300][176.225s][info][gc] GC(1270) Pause Young (Allocation Failure) 308M->309M(455M) 140.533ms
[2020-08-08T12:43:17.289+0300][176.319s][info][gc] GC(1271) Pause Full (Ergonomics) 309M->41M(455M) 93.836ms
[2020-08-08T12:43:17.382+0300][176.412s][info][gc] GC(1272) Pause Young (Allocation Failure) 98M->98M(455M) 79.429ms
[2020-08-08T12:43:17.520+0300][176.550s][info][gc] GC(1273) Pause Young (Allocation Failure) 156M->156M(455M) 130.052ms
[2020-08-08T12:43:17.661+0300][176.690s][info][gc] GC(1274) Pause Young (Allocation Failure) 213M->213M(455M) 131.610ms
[2020-08-08T12:43:17.821+0300][176.851s][info][gc] GC(1275) Pause Young (Allocation Failure) 270M->270M(455M) 151.000ms
[2020-08-08T12:43:17.972+0300][177.002s][info][gc] GC(1276) Pause Young (Allocation Failure) 327M->327M(455M) 143.097ms
[2020-08-08T12:43:18.143+0300][177.172s][info][gc] GC(1277) Pause Full (Ergonomics) 327M->59M(455M) 170.384ms
[2020-08-08T12:43:18.240+0300][177.270s][info][gc] GC(1278) Pause Young (Allocation Failure) 117M->117M(455M) 85.756ms
[2020-08-08T12:43:18.382+0300][177.412s][info][gc] GC(1279) Pause Young (Allocation Failure) 174M->174M(455M) 134.828ms
[2020-08-08T12:43:18.546+0300][177.576s][info][gc] GC(1280) Pause Young (Allocation Failure) 232M->232M(455M) 152.933ms
[2020-08-08T12:43:18.695+0300][177.725s][info][gc] GC(1281) Pause Young (Allocation Failure) 290M->290M(455M) 140.159ms
[2020-08-08T12:43:18.717+0300][177.746s][info][gc] GC(1282) Pause Full (Ergonomics) 290M->22M(455M) 21.128ms
[2020-08-08T12:43:18.807+0300][177.836s][info][gc] GC(1283) Pause Young (Allocation Failure) 80M->80M(455M) 79.318ms
[2020-08-08T12:43:18.962+0300][177.991s][info][gc] GC(1284) Pause Young (Allocation Failure) 136M->136M(455M) 144.097ms
[2020-08-08T12:43:19.108+0300][178.137s][info][gc] GC(1285) Pause Young (Allocation Failure) 193M->193M(455M) 136.493ms
[2020-08-08T12:43:19.277+0300][178.306s][info][gc] GC(1286) Pause Young (Allocation Failure) 251M->251M(455M) 156.431ms
[2020-08-08T12:43:19.425+0300][178.455s][info][gc] GC(1287) Pause Young (Allocation Failure) 309M->309M(455M) 140.151ms
[2020-08-08T12:43:19.520+0300][178.549s][info][gc] GC(1288) Pause Full (Ergonomics) 309M->41M(455M) 94.575ms
[2020-08-08T12:43:19.609+0300][178.638s][info][gc] GC(1289) Pause Young (Allocation Failure) 98M->98M(455M) 79.311ms
[2020-08-08T12:43:19.746+0300][178.776s][info][gc] GC(1290) Pause Young (Allocation Failure) 156M->156M(455M) 129.208ms
[2020-08-08T12:43:19.886+0300][178.915s][info][gc] GC(1291) Pause Young (Allocation Failure) 213M->213M(455M) 129.717ms
[2020-08-08T12:43:20.048+0300][179.077s][info][gc] GC(1292) Pause Young (Allocation Failure) 270M->270M(455M) 152.138ms
[2020-08-08T12:43:20.199+0300][179.228s][info][gc] GC(1293) Pause Young (Allocation Failure) 327M->327M(455M) 142.845ms
[2020-08-08T12:43:20.370+0300][179.399s][info][gc] GC(1294) Pause Full (Ergonomics) 327M->59M(455M) 171.197ms
[2020-08-08T12:43:20.462+0300][179.491s][info][gc] GC(1295) Pause Young (Allocation Failure) 117M->117M(455M) 80.106ms
[2020-08-08T12:43:20.603+0300][179.633s][info][gc] GC(1296) Pause Young (Allocation Failure) 174M->174M(455M) 133.457ms
[2020-08-08T12:43:20.768+0300][179.797s][info][gc] GC(1297) Pause Young (Allocation Failure) 232M->232M(455M) 152.403ms
[2020-08-08T12:43:20.913+0300][179.942s][info][gc] GC(1298) Pause Young (Allocation Failure) 290M->290M(455M) 137.663ms
[2020-08-08T12:43:20.934+0300][179.963s][info][gc] GC(1299) Pause Full (Ergonomics) 290M->22M(455M) 20.924ms
[2020-08-08T12:43:21.023+0300][180.052s][info][gc] GC(1300) Pause Young (Allocation Failure) 80M->80M(455M) 78.984ms
[2020-08-08T12:43:21.178+0300][180.207s][info][gc] GC(1301) Pause Young (Allocation Failure) 136M->136M(455M) 146.103ms
[2020-08-08T12:43:21.326+0300][180.356s][info][gc] GC(1302) Pause Young (Allocation Failure) 193M->193M(455M) 136.339ms
[2020-08-08T12:43:21.493+0300][180.522s][info][gc] GC(1303) Pause Young (Allocation Failure) 251M->251M(455M) 157.397ms
[2020-08-08T12:43:21.643+0300][180.672s][info][gc] GC(1304) Pause Young (Allocation Failure) 308M->309M(455M) 142.284ms
[2020-08-08T12:43:21.737+0300][180.767s][info][gc] GC(1305) Pause Full (Ergonomics) 309M->41M(455M) 94.163ms
[2020-08-08T12:43:21.826+0300][180.855s][info][gc] GC(1306) Pause Young (Allocation Failure) 98M->98M(455M) 79.233ms
[2020-08-08T12:43:21.964+0300][180.993s][info][gc] GC(1307) Pause Young (Allocation Failure) 156M->156M(455M) 130.435ms
[2020-08-08T12:43:22.105+0300][181.135s][info][gc] GC(1308) Pause Young (Allocation Failure) 213M->213M(455M) 130.725ms
[2020-08-08T12:43:22.267+0300][181.297s][info][gc] GC(1309) Pause Young (Allocation Failure) 270M->270M(455M) 153.055ms
[2020-08-08T12:43:22.420+0300][181.449s][info][gc] GC(1310) Pause Young (Allocation Failure) 327M->327M(455M) 142.499ms
[2020-08-08T12:43:22.586+0300][181.616s][info][gc] GC(1311) Pause Full (Ergonomics) 327M->59M(455M) 166.688ms
[2020-08-08T12:43:22.681+0300][181.711s][info][gc] GC(1312) Pause Young (Allocation Failure) 117M->117M(455M) 84.497ms
[2020-08-08T12:43:22.830+0300][181.859s][info][gc] GC(1313) Pause Young (Allocation Failure) 174M->174M(455M) 140.172ms
[2020-08-08T12:43:22.989+0300][182.019s][info][gc] GC(1314) Pause Young (Allocation Failure) 232M->232M(455M) 150.603ms
[2020-08-08T12:43:23.135+0300][182.165s][info][gc] GC(1315) Pause Young (Allocation Failure) 290M->290M(455M) 138.480ms
[2020-08-08T12:43:23.156+0300][182.185s][info][gc] GC(1316) Pause Full (Ergonomics) 290M->22M(455M) 20.515ms
[2020-08-08T12:43:23.250+0300][182.280s][info][gc] GC(1317) Pause Young (Allocation Failure) 80M->80M(455M) 82.833ms
[2020-08-08T12:43:23.415+0300][182.444s][info][gc] GC(1318) Pause Young (Allocation Failure) 136M->136M(455M) 155.170ms
[2020-08-08T12:43:23.562+0300][182.592s][info][gc] GC(1319) Pause Young (Allocation Failure) 193M->193M(455M) 139.649ms
[2020-08-08T12:43:23.730+0300][182.759s][info][gc] GC(1320) Pause Young (Allocation Failure) 251M->251M(455M) 157.096ms
[2020-08-08T12:43:23.885+0300][182.915s][info][gc] GC(1321) Pause Young (Allocation Failure) 309M->309M(455M) 147.290ms
[2020-08-08T12:43:23.979+0300][183.009s][info][gc] GC(1322) Pause Full (Ergonomics) 309M->41M(455M) 93.911ms
[2020-08-08T12:43:24.070+0300][183.100s][info][gc] GC(1323) Pause Young (Allocation Failure) 98M->98M(455M) 79.327ms
[2020-08-08T12:43:24.209+0300][183.239s][info][gc] GC(1324) Pause Young (Allocation Failure) 156M->156M(455M) 131.920ms
[2020-08-08T12:43:24.371+0300][183.401s][info][gc] GC(1325) Pause Young (Allocation Failure) 213M->214M(455M) 150.437ms
[2020-08-08T12:43:24.534+0300][183.563s][info][gc] GC(1326) Pause Young (Allocation Failure) 270M->270M(455M) 152.844ms
[2020-08-08T12:43:24.684+0300][183.713s][info][gc] GC(1327) Pause Young (Allocation Failure) 327M->327M(455M) 141.936ms
[2020-08-08T12:43:24.854+0300][183.884s][info][gc] GC(1328) Pause Full (Ergonomics) 327M->59M(455M) 170.520ms
[2020-08-08T12:43:24.943+0300][183.973s][info][gc] GC(1329) Pause Young (Allocation Failure) 117M->117M(455M) 78.867ms
[2020-08-08T12:43:25.084+0300][184.114s][info][gc] GC(1330) Pause Young (Allocation Failure) 174M->175M(455M) 133.226ms
[2020-08-08T12:43:25.245+0300][184.275s][info][gc] GC(1331) Pause Young (Allocation Failure) 232M->232M(455M) 151.160ms
[2020-08-08T12:43:25.391+0300][184.421s][info][gc] GC(1332) Pause Young (Allocation Failure) 290M->290M(455M) 136.612ms
[2020-08-08T12:43:25.554+0300][184.584s][info][gc] GC(1333) Pause Young (Allocation Failure) 347M->347M(455M) 153.667ms
[2020-08-08T12:43:25.808+0300][184.838s][info][gc] GC(1334) Pause Full (Ergonomics) 347M->80M(455M) 253.700ms
[2020-08-08T12:43:25.896+0300][184.925s][info][gc] GC(1335) Pause Young (Allocation Failure) 136M->136M(455M) 76.983ms
[2020-08-08T12:43:26.040+0300][185.069s][info][gc] GC(1336) Pause Young (Allocation Failure) 193M->193M(455M) 136.400ms
[2020-08-08T12:43:26.207+0300][185.236s][info][gc] GC(1337) Pause Young (Allocation Failure) 251M->251M(455M) 156.441ms
[2020-08-08T12:43:26.356+0300][185.386s][info][gc] GC(1338) Pause Young (Allocation Failure) 308M->309M(455M) 139.634ms
[2020-08-08T12:43:26.450+0300][185.480s][info][gc] GC(1339) Pause Full (Ergonomics) 309M->41M(455M) 93.932ms
[2020-08-08T12:43:26.539+0300][185.568s][info][gc] GC(1340) Pause Young (Allocation Failure) 98M->98M(455M) 78.800ms
[2020-08-08T12:43:26.679+0300][185.708s][info][gc] GC(1341) Pause Young (Allocation Failure) 156M->156M(455M) 131.701ms
[2020-08-08T12:43:26.819+0300][185.849s][info][gc] GC(1342) Pause Young (Allocation Failure) 213M->213M(455M) 130.907ms
[2020-08-08T12:43:26.979+0300][186.008s][info][gc] GC(1343) Pause Young (Allocation Failure) 270M->270M(455M) 149.854ms
[2020-08-08T12:43:27.130+0300][186.160s][info][gc] GC(1344) Pause Young (Allocation Failure) 327M->327M(455M) 142.893ms
[2020-08-08T12:43:27.300+0300][186.330s][info][gc] GC(1345) Pause Full (Ergonomics) 327M->59M(455M) 170.283ms
[2020-08-08T12:43:27.394+0300][186.423s][info][gc] GC(1346) Pause Young (Allocation Failure) 117M->117M(455M) 79.737ms
[2020-08-08T12:43:27.533+0300][186.563s][info][gc] GC(1347) Pause Young (Allocation Failure) 174M->174M(455M) 131.464ms
[2020-08-08T12:43:27.696+0300][186.726s][info][gc] GC(1348) Pause Young (Allocation Failure) 232M->232M(455M) 152.976ms
[2020-08-08T12:43:27.841+0300][186.870s][info][gc] GC(1349) Pause Young (Allocation Failure) 290M->290M(455M) 137.356ms
[2020-08-08T12:43:27.861+0300][186.891s][info][gc] GC(1350) Pause Full (Ergonomics) 290M->22M(455M) 20.515ms
[2020-08-08T12:43:27.949+0300][186.979s][info][gc] GC(1351) Pause Young (Allocation Failure) 80M->80M(455M) 78.003ms
[2020-08-08T12:43:28.099+0300][187.129s][info][gc] GC(1352) Pause Young (Allocation Failure) 136M->136M(455M) 141.436ms
[2020-08-08T12:43:28.244+0300][187.274s][info][gc] GC(1353) Pause Young (Allocation Failure) 193M->193M(455M) 136.768ms
[2020-08-08T12:43:28.414+0300][187.443s][info][gc] GC(1354) Pause Young (Allocation Failure) 251M->251M(455M) 158.441ms
[2020-08-08T12:43:28.562+0300][187.592s][info][gc] GC(1355) Pause Young (Allocation Failure) 309M->309M(455M) 139.890ms
[2020-08-08T12:43:28.659+0300][187.688s][info][gc] GC(1356) Pause Full (Ergonomics) 309M->41M(455M) 96.452ms
[2020-08-08T12:43:28.747+0300][187.777s][info][gc] GC(1357) Pause Young (Allocation Failure) 98M->98M(455M) 78.068ms
[2020-08-08T12:43:28.884+0300][187.914s][info][gc] GC(1358) Pause Young (Allocation Failure) 156M->156M(455M) 129.036ms
[2020-08-08T12:43:29.023+0300][188.053s][info][gc] GC(1359) Pause Young (Allocation Failure) 213M->213M(455M) 129.283ms
[2020-08-08T12:43:29.183+0300][188.213s][info][gc] GC(1360) Pause Young (Allocation Failure) 270M->270M(455M) 150.554ms
[2020-08-08T12:43:29.334+0300][188.364s][info][gc] GC(1361) Pause Young (Allocation Failure) 327M->327M(455M) 143.074ms
[2020-08-08T12:43:29.505+0300][188.534s][info][gc] GC(1362) Pause Full (Ergonomics) 327M->59M(455M) 170.389ms
[2020-08-08T12:43:29.597+0300][188.627s][info][gc] GC(1363) Pause Young (Allocation Failure) 117M->117M(455M) 78.656ms
[2020-08-08T12:43:29.740+0300][188.769s][info][gc] GC(1364) Pause Young (Allocation Failure) 174M->174M(455M) 134.968ms
[2020-08-08T12:43:29.901+0300][188.931s][info][gc] GC(1365) Pause Young (Allocation Failure) 232M->232M(455M) 151.420ms
[2020-08-08T12:43:30.046+0300][189.076s][info][gc] GC(1366) Pause Young (Allocation Failure) 290M->290M(455M) 136.652ms
[2020-08-08T12:43:30.067+0300][189.097s][info][gc] GC(1367) Pause Full (Ergonomics) 290M->22M(455M) 21.021ms
[2020-08-08T12:43:30.155+0300][189.185s][info][gc] GC(1368) Pause Young (Allocation Failure) 80M->80M(455M) 78.872ms
[2020-08-08T12:43:30.311+0300][189.340s][info][gc] GC(1369) Pause Young (Allocation Failure) 136M->136M(455M) 146.597ms
[2020-08-08T12:43:30.464+0300][189.494s][info][gc] GC(1370) Pause Young (Allocation Failure) 193M->193M(455M) 142.579ms
[2020-08-08T12:43:30.631+0300][189.661s][info][gc] GC(1371) Pause Young (Allocation Failure) 251M->251M(455M) 156.377ms
[2020-08-08T12:43:30.782+0300][189.812s][info][gc] GC(1372) Pause Young (Allocation Failure) 308M->309M(455M) 142.121ms
[2020-08-08T12:43:30.877+0300][189.907s][info][gc] GC(1373) Pause Full (Ergonomics) 309M->41M(455M) 94.601ms
[2020-08-08T12:43:30.966+0300][189.996s][info][gc] GC(1374) Pause Young (Allocation Failure) 98M->98M(455M) 79.244ms
[2020-08-08T12:43:31.106+0300][190.135s][info][gc] GC(1375) Pause Young (Allocation Failure) 156M->156M(455M) 131.913ms
[2020-08-08T12:43:31.245+0300][190.274s][info][gc] GC(1376) Pause Young (Allocation Failure) 213M->213M(455M) 129.131ms
[2020-08-08T12:43:31.407+0300][190.436s][info][gc] GC(1377) Pause Young (Allocation Failure) 270M->270M(455M) 151.088ms
[2020-08-08T12:43:31.558+0300][190.588s][info][gc] GC(1378) Pause Young (Allocation Failure) 327M->327M(455M) 143.097ms
[2020-08-08T12:43:31.724+0300][190.754s][info][gc] GC(1379) Pause Full (Ergonomics) 327M->59M(455M) 165.832ms
[2020-08-08T12:43:31.813+0300][190.843s][info][gc] GC(1380) Pause Young (Allocation Failure) 117M->117M(455M) 78.857ms
[2020-08-08T12:43:31.956+0300][190.985s][info][gc] GC(1381) Pause Young (Allocation Failure) 174M->175M(455M) 133.359ms
[2020-08-08T12:43:32.117+0300][191.147s][info][gc] GC(1382) Pause Young (Allocation Failure) 232M->232M(455M) 152.440ms
[2020-08-08T12:43:32.261+0300][191.290s][info][gc] GC(1383) Pause Young (Allocation Failure) 290M->290M(455M) 136.465ms
[2020-08-08T12:43:32.428+0300][191.457s][info][gc] GC(1384) Pause Young (Allocation Failure) 347M->347M(455M) 154.973ms
[2020-08-08T12:43:32.683+0300][191.712s][info][gc] GC(1385) Pause Full (Ergonomics) 347M->80M(455M) 255.004ms
[2020-08-08T12:43:32.771+0300][191.801s][info][gc] GC(1386) Pause Young (Allocation Failure) 136M->136M(455M) 77.801ms
[2020-08-08T12:43:32.915+0300][191.945s][info][gc] GC(1387) Pause Young (Allocation Failure) 193M->193M(455M) 136.594ms
[2020-08-08T12:43:33.081+0300][192.111s][info][gc] GC(1388) Pause Young (Allocation Failure) 251M->251M(455M) 155.542ms
[2020-08-08T12:43:33.227+0300][192.257s][info][gc] GC(1389) Pause Young (Allocation Failure) 308M->309M(455M) 138.900ms
[2020-08-08T12:43:33.322+0300][192.351s][info][gc] GC(1390) Pause Full (Ergonomics) 309M->41M(455M) 93.948ms
[2020-08-08T12:43:33.412+0300][192.442s][info][gc] GC(1391) Pause Young (Allocation Failure) 98M->98M(455M) 79.322ms
[2020-08-08T12:43:33.552+0300][192.582s][info][gc] GC(1392) Pause Young (Allocation Failure) 156M->156M(455M) 131.692ms
[2020-08-08T12:43:33.695+0300][192.724s][info][gc] GC(1393) Pause Young (Allocation Failure) 213M->213M(455M) 131.631ms
[2020-08-08T12:43:33.854+0300][192.883s][info][gc] GC(1394) Pause Young (Allocation Failure) 270M->270M(455M) 149.542ms
[2020-08-08T12:43:34.004+0300][193.033s][info][gc] GC(1395) Pause Young (Allocation Failure) 327M->327M(455M) 141.782ms
[2020-08-08T12:43:34.175+0300][193.205s][info][gc] GC(1396) Pause Full (Ergonomics) 327M->59M(455M) 171.538ms
[2020-08-08T12:43:34.264+0300][193.294s][info][gc] GC(1397) Pause Young (Allocation Failure) 117M->117M(455M) 78.314ms
[2020-08-08T12:43:34.407+0300][193.436s][info][gc] GC(1398) Pause Young (Allocation Failure) 174M->175M(455M) 134.491ms
[2020-08-08T12:43:34.570+0300][193.600s][info][gc] GC(1399) Pause Young (Allocation Failure) 232M->232M(455M) 151.849ms
[2020-08-08T12:43:34.715+0300][193.745s][info][gc] GC(1400) Pause Young (Allocation Failure) 290M->290M(455M) 137.353ms
[2020-08-08T12:43:34.737+0300][193.766s][info][gc] GC(1401) Pause Full (Ergonomics) 290M->22M(455M) 21.092ms
[2020-08-08T12:43:34.826+0300][193.855s][info][gc] GC(1402) Pause Young (Allocation Failure) 80M->80M(455M) 79.296ms
[2020-08-08T12:43:34.978+0300][194.007s][info][gc] GC(1403) Pause Young (Allocation Failure) 136M->136M(455M) 143.123ms
[2020-08-08T12:43:35.122+0300][194.152s][info][gc] GC(1404) Pause Young (Allocation Failure) 193M->193M(455M) 135.727ms
[2020-08-08T12:43:35.287+0300][194.317s][info][gc] GC(1405) Pause Young (Allocation Failure) 251M->251M(455M) 156.290ms
[2020-08-08T12:43:35.438+0300][194.467s][info][gc] GC(1406) Pause Young (Allocation Failure) 309M->309M(455M) 140.189ms
[2020-08-08T12:43:35.533+0300][194.562s][info][gc] GC(1407) Pause Full (Ergonomics) 309M->41M(455M) 94.764ms
[2020-08-08T12:43:35.625+0300][194.654s][info][gc] GC(1408) Pause Young (Allocation Failure) 98M->98M(455M) 80.151ms
[2020-08-08T12:43:35.761+0300][194.791s][info][gc] GC(1409) Pause Young (Allocation Failure) 156M->156M(455M) 129.520ms
[2020-08-08T12:43:35.901+0300][194.931s][info][gc] GC(1410) Pause Young (Allocation Failure) 213M->213M(455M) 129.940ms
[2020-08-08T12:43:36.060+0300][195.090s][info][gc] GC(1411) Pause Young (Allocation Failure) 270M->270M(455M) 149.968ms
[2020-08-08T12:43:36.211+0300][195.241s][info][gc] GC(1412) Pause Young (Allocation Failure) 327M->327M(455M) 142.849ms
[2020-08-08T12:43:36.383+0300][195.413s][info][gc] GC(1413) Pause Full (Ergonomics) 327M->59M(455M) 171.611ms
[2020-08-08T12:43:36.477+0300][195.507s][info][gc] GC(1414) Pause Young (Allocation Failure) 117M->117M(455M) 81.517ms
[2020-08-08T12:43:36.620+0300][195.650s][info][gc] GC(1415) Pause Young (Allocation Failure) 174M->174M(455M) 134.383ms
[2020-08-08T12:43:36.781+0300][195.810s][info][gc] GC(1416) Pause Young (Allocation Failure) 232M->232M(455M) 151.667ms
[2020-08-08T12:43:36.925+0300][195.955s][info][gc] GC(1417) Pause Young (Allocation Failure) 290M->290M(455M) 137.092ms
[2020-08-08T12:43:36.947+0300][195.976s][info][gc] GC(1418) Pause Full (Ergonomics) 290M->22M(455M) 21.456ms
[2020-08-08T12:43:37.035+0300][196.065s][info][gc] GC(1419) Pause Young (Allocation Failure) 80M->80M(455M) 78.718ms
[2020-08-08T12:43:37.187+0300][196.216s][info][gc] GC(1420) Pause Young (Allocation Failure) 136M->136M(455M) 142.568ms
[2020-08-08T12:43:37.331+0300][196.360s][info][gc] GC(1421) Pause Young (Allocation Failure) 193M->193M(455M) 136.053ms
[2020-08-08T12:43:37.500+0300][196.530s][info][gc] GC(1422) Pause Young (Allocation Failure) 251M->251M(455M) 157.061ms
[2020-08-08T12:43:37.649+0300][196.679s][info][gc] GC(1423) Pause Young (Allocation Failure) 309M->309M(455M) 141.092ms
[2020-08-08T12:43:37.743+0300][196.773s][info][gc] GC(1424) Pause Full (Ergonomics) 309M->41M(455M) 93.942ms
[2020-08-08T12:43:37.833+0300][196.863s][info][gc] GC(1425) Pause Young (Allocation Failure) 98M->98M(455M) 79.257ms
[2020-08-08T12:43:37.970+0300][196.999s][info][gc] GC(1426) Pause Young (Allocation Failure) 156M->156M(455M) 129.361ms
[2020-08-08T12:43:38.109+0300][197.139s][info][gc] GC(1427) Pause Young (Allocation Failure) 213M->213M(455M) 129.764ms
[2020-08-08T12:43:38.268+0300][197.297s][info][gc] GC(1428) Pause Young (Allocation Failure) 270M->270M(455M) 149.306ms
[2020-08-08T12:43:38.419+0300][197.448s][info][gc] GC(1429) Pause Young (Allocation Failure) 327M->327M(455M) 143.647ms
[2020-08-08T12:43:38.591+0300][197.621s][info][gc] GC(1430) Pause Full (Ergonomics) 327M->59M(455M) 172.212ms
[2020-08-08T12:43:38.688+0300][197.718s][info][gc] GC(1431) Pause Young (Allocation Failure) 117M->117M(455M) 83.032ms
[2020-08-08T12:43:38.832+0300][197.861s][info][gc] GC(1432) Pause Young (Allocation Failure) 174M->174M(455M) 134.755ms
[2020-08-08T12:43:38.996+0300][198.026s][info][gc] GC(1433) Pause Young (Allocation Failure) 232M->232M(455M) 152.975ms
[2020-08-08T12:43:39.139+0300][198.169s][info][gc] GC(1434) Pause Young (Allocation Failure) 290M->290M(455M) 135.474ms
[2020-08-08T12:43:39.160+0300][198.190s][info][gc] GC(1435) Pause Full (Ergonomics) 290M->22M(455M) 20.665ms
[2020-08-08T12:43:39.249+0300][198.279s][info][gc] GC(1436) Pause Young (Allocation Failure) 80M->80M(455M) 78.638ms
[2020-08-08T12:43:39.402+0300][198.431s][info][gc] GC(1437) Pause Young (Allocation Failure) 136M->136M(455M) 143.424ms
[2020-08-08T12:43:39.549+0300][198.579s][info][gc] GC(1438) Pause Young (Allocation Failure) 193M->193M(455M) 137.916ms
[2020-08-08T12:43:39.718+0300][198.748s][info][gc] GC(1439) Pause Young (Allocation Failure) 251M->251M(455M) 158.451ms
[2020-08-08T12:43:39.865+0300][198.895s][info][gc] GC(1440) Pause Young (Allocation Failure) 308M->309M(455M) 139.806ms
[2020-08-08T12:43:39.960+0300][198.989s][info][gc] GC(1441) Pause Full (Ergonomics) 309M->41M(455M) 94.242ms
[2020-08-08T12:43:40.048+0300][199.078s][info][gc] GC(1442) Pause Young (Allocation Failure) 98M->98M(455M) 78.316ms
[2020-08-08T12:43:40.186+0300][199.215s][info][gc] GC(1443) Pause Young (Allocation Failure) 156M->156M(455M) 129.902ms
[2020-08-08T12:43:40.326+0300][199.356s][info][gc] GC(1444) Pause Young (Allocation Failure) 213M->213M(455M) 130.178ms
[2020-08-08T12:43:40.485+0300][199.515s][info][gc] GC(1445) Pause Young (Allocation Failure) 270M->270M(455M) 149.945ms
[2020-08-08T12:43:40.643+0300][199.673s][info][gc] GC(1446) Pause Young (Allocation Failure) 327M->327M(455M) 146.084ms
[2020-08-08T12:43:40.811+0300][199.841s][info][gc] GC(1447) Pause Full (Ergonomics) 327M->59M(455M) 168.075ms
[2020-08-08T12:43:40.900+0300][199.929s][info][gc] GC(1448) Pause Young (Allocation Failure) 117M->117M(455M) 78.799ms
[2020-08-08T12:43:41.040+0300][200.069s][info][gc] GC(1449) Pause Young (Allocation Failure) 174M->174M(455M) 132.696ms
[2020-08-08T12:43:41.202+0300][200.231s][info][gc] GC(1450) Pause Young (Allocation Failure) 232M->232M(455M) 151.615ms
[2020-08-08T12:43:41.338+0300][200.368s][info][gc] GC(1451) Pause Young (Allocation Failure) 290M->290M(455M) 129.607ms
[2020-08-08T12:43:41.360+0300][200.389s][info][gc] GC(1452) Pause Full (Ergonomics) 290M->22M(455M) 21.357ms
[2020-08-08T12:43:41.453+0300][200.483s][info][gc] GC(1453) Pause Young (Allocation Failure) 80M->80M(455M) 80.144ms
[2020-08-08T12:43:41.607+0300][200.637s][info][gc] GC(1454) Pause Young (Allocation Failure) 136M->136M(455M) 144.842ms
[2020-08-08T12:43:41.754+0300][200.783s][info][gc] GC(1455) Pause Young (Allocation Failure) 193M->193M(455M) 136.046ms
[2020-08-08T12:43:41.919+0300][200.949s][info][gc] GC(1456) Pause Young (Allocation Failure) 251M->251M(455M) 156.101ms
[2020-08-08T12:43:42.068+0300][201.097s][info][gc] GC(1457) Pause Young (Allocation Failure) 309M->309M(455M) 140.359ms
[2020-08-08T12:43:42.162+0300][201.192s][info][gc] GC(1458) Pause Full (Ergonomics) 309M->41M(455M) 93.975ms
[2020-08-08T12:43:42.251+0300][201.281s][info][gc] GC(1459) Pause Young (Allocation Failure) 98M->98M(455M) 79.154ms
[2020-08-08T12:43:42.388+0300][201.417s][info][gc] GC(1460) Pause Young (Allocation Failure) 156M->156M(455M) 129.226ms
[2020-08-08T12:43:42.547+0300][201.577s][info][gc] GC(1461) Pause Young (Allocation Failure) 213M->214M(455M) 147.746ms
[2020-08-08T12:43:42.709+0300][201.738s][info][gc] GC(1462) Pause Young (Allocation Failure) 270M->270M(455M) 150.757ms
[2020-08-08T12:43:42.860+0300][201.890s][info][gc] GC(1463) Pause Young (Allocation Failure) 327M->327M(455M) 143.482ms
[2020-08-08T12:43:43.032+0300][202.061s][info][gc] GC(1464) Pause Full (Ergonomics) 327M->59M(455M) 171.231ms
[2020-08-08T12:43:43.120+0300][202.150s][info][gc] GC(1465) Pause Young (Allocation Failure) 117M->117M(455M) 78.241ms
[2020-08-08T12:43:43.259+0300][202.289s][info][gc] GC(1466) Pause Young (Allocation Failure) 174M->175M(455M) 131.823ms
[2020-08-08T12:43:43.421+0300][202.450s][info][gc] GC(1467) Pause Young (Allocation Failure) 232M->232M(455M) 151.864ms
[2020-08-08T12:43:43.566+0300][202.596s][info][gc] GC(1468) Pause Young (Allocation Failure) 290M->290M(455M) 135.724ms
[2020-08-08T12:43:43.731+0300][202.760s][info][gc] GC(1469) Pause Young (Allocation Failure) 347M->347M(455M) 153.663ms
[2020-08-08T12:43:43.982+0300][203.012s][info][gc] GC(1470) Pause Full (Ergonomics) 347M->80M(455M) 251.610ms
[2020-08-08T12:43:44.069+0300][203.099s][info][gc] GC(1471) Pause Young (Allocation Failure) 136M->136M(455M) 76.745ms
[2020-08-08T12:43:44.212+0300][203.242s][info][gc] GC(1472) Pause Young (Allocation Failure) 193M->193M(455M) 135.933ms
[2020-08-08T12:43:44.379+0300][203.409s][info][gc] GC(1473) Pause Young (Allocation Failure) 251M->251M(455M) 156.878ms
[2020-08-08T12:43:44.527+0300][203.557s][info][gc] GC(1474) Pause Young (Allocation Failure) 308M->309M(455M) 140.204ms
[2020-08-08T12:43:44.622+0300][203.651s][info][gc] GC(1475) Pause Full (Ergonomics) 309M->41M(455M) 94.182ms
[2020-08-08T12:43:44.713+0300][203.743s][info][gc] GC(1476) Pause Young (Allocation Failure) 98M->98M(455M) 79.984ms
[2020-08-08T12:43:44.855+0300][203.885s][info][gc] GC(1477) Pause Young (Allocation Failure) 156M->156M(455M) 133.505ms
[2020-08-08T12:43:45.001+0300][204.031s][info][gc] GC(1478) Pause Young (Allocation Failure) 213M->213M(455M) 136.696ms
[2020-08-08T12:43:45.165+0300][204.195s][info][gc] GC(1479) Pause Young (Allocation Failure) 270M->270M(455M) 154.863ms
[2020-08-08T12:43:45.319+0300][204.348s][info][gc] GC(1480) Pause Young (Allocation Failure) 327M->327M(455M) 145.469ms
[2020-08-08T12:43:45.489+0300][204.519s][info][gc] GC(1481) Pause Full (Ergonomics) 327M->59M(455M) 170.217ms
[2020-08-08T12:43:45.588+0300][204.617s][info][gc] GC(1482) Pause Young (Allocation Failure) 117M->117M(455M) 86.642ms
[2020-08-08T12:43:45.733+0300][204.763s][info][gc] GC(1483) Pause Young (Allocation Failure) 174M->174M(455M) 137.733ms
[2020-08-08T12:43:45.895+0300][204.925s][info][gc] GC(1484) Pause Young (Allocation Failure) 232M->232M(455M) 152.236ms
[2020-08-08T12:43:46.042+0300][205.072s][info][gc] GC(1485) Pause Young (Allocation Failure) 290M->290M(455M) 139.170ms
[2020-08-08T12:43:46.063+0300][205.093s][info][gc] GC(1486) Pause Full (Ergonomics) 290M->22M(455M) 21.301ms
[2020-08-08T12:43:46.152+0300][205.182s][info][gc] GC(1487) Pause Young (Allocation Failure) 80M->80M(455M) 78.721ms
[2020-08-08T12:43:46.304+0300][205.333s][info][gc] GC(1488) Pause Young (Allocation Failure) 136M->136M(455M) 143.261ms
[2020-08-08T12:43:46.447+0300][205.477s][info][gc] GC(1489) Pause Young (Allocation Failure) 193M->193M(455M) 135.261ms
[2020-08-08T12:43:46.618+0300][205.648s][info][gc] GC(1490) Pause Young (Allocation Failure) 251M->251M(455M) 159.962ms
[2020-08-08T12:43:46.765+0300][205.795s][info][gc] GC(1491) Pause Young (Allocation Failure) 309M->309M(455M) 139.576ms
[2020-08-08T12:43:46.859+0300][205.889s][info][gc] GC(1492) Pause Full (Ergonomics) 309M->41M(455M) 93.960ms
[2020-08-08T12:43:46.948+0300][205.977s][info][gc] GC(1493) Pause Young (Allocation Failure) 98M->98M(455M) 78.562ms
[2020-08-08T12:43:47.084+0300][206.114s][info][gc] GC(1494) Pause Young (Allocation Failure) 156M->156M(455M) 129.260ms
[2020-08-08T12:43:47.225+0300][206.254s][info][gc] GC(1495) Pause Young (Allocation Failure) 213M->213M(455M) 130.331ms
[2020-08-08T12:43:47.384+0300][206.414s][info][gc] GC(1496) Pause Young (Allocation Failure) 270M->270M(455M) 149.926ms
[2020-08-08T12:43:47.535+0300][206.565s][info][gc] GC(1497) Pause Young (Allocation Failure) 327M->327M(455M) 142.522ms
[2020-08-08T12:43:47.706+0300][206.736s][info][gc] GC(1498) Pause Full (Ergonomics) 327M->59M(455M) 171.276ms
[2020-08-08T12:43:47.798+0300][206.828s][info][gc] GC(1499) Pause Young (Allocation Failure) 117M->117M(455M) 79.804ms
[2020-08-08T12:43:47.940+0300][206.969s][info][gc] GC(1500) Pause Young (Allocation Failure) 174M->174M(455M) 133.271ms
[2020-08-08T12:43:48.100+0300][207.130s][info][gc] GC(1501) Pause Young (Allocation Failure) 232M->232M(455M) 151.258ms
[2020-08-08T12:43:48.243+0300][207.272s][info][gc] GC(1502) Pause Young (Allocation Failure) 290M->290M(455M) 135.385ms
[2020-08-08T12:43:48.264+0300][207.293s][info][gc] GC(1503) Pause Full (Ergonomics) 290M->22M(455M) 20.635ms
[2020-08-08T12:43:48.353+0300][207.382s][info][gc] GC(1504) Pause Young (Allocation Failure) 80M->80M(455M) 78.781ms
[2020-08-08T12:43:48.506+0300][207.535s][info][gc] GC(1505) Pause Young (Allocation Failure) 136M->136M(455M) 143.499ms
[2020-08-08T12:43:48.660+0300][207.690s][info][gc] GC(1506) Pause Young (Allocation Failure) 193M->193M(455M) 143.193ms
[2020-08-08T12:43:48.826+0300][207.856s][info][gc] GC(1507) Pause Young (Allocation Failure) 251M->251M(455M) 156.228ms
[2020-08-08T12:43:48.976+0300][208.006s][info][gc] GC(1508) Pause Young (Allocation Failure) 308M->309M(455M) 142.371ms
[2020-08-08T12:43:49.070+0300][208.100s][info][gc] GC(1509) Pause Full (Ergonomics) 309M->41M(455M) 94.281ms
[2020-08-08T12:43:49.159+0300][208.189s][info][gc] GC(1510) Pause Young (Allocation Failure) 98M->98M(455M) 78.537ms
[2020-08-08T12:43:49.297+0300][208.327s][info][gc] GC(1511) Pause Young (Allocation Failure) 156M->156M(455M) 131.046ms
[2020-08-08T12:43:49.438+0300][208.468s][info][gc] GC(1512) Pause Young (Allocation Failure) 213M->213M(455M) 130.913ms
[2020-08-08T12:43:49.598+0300][208.628s][info][gc] GC(1513) Pause Young (Allocation Failure) 270M->270M(455M) 151.583ms
[2020-08-08T12:43:49.754+0300][208.784s][info][gc] GC(1514) Pause Young (Allocation Failure) 327M->327M(455M) 141.982ms
[2020-08-08T12:43:49.921+0300][208.951s][info][gc] GC(1515) Pause Full (Ergonomics) 327M->59M(455M) 167.134ms
[2020-08-08T12:43:50.010+0300][209.040s][info][gc] GC(1516) Pause Young (Allocation Failure) 117M->117M(455M) 78.960ms
[2020-08-08T12:43:50.151+0300][209.180s][info][gc] GC(1517) Pause Young (Allocation Failure) 174M->174M(455M) 132.385ms
[2020-08-08T12:43:50.311+0300][209.341s][info][gc] GC(1518) Pause Young (Allocation Failure) 232M->232M(455M) 151.109ms
[2020-08-08T12:43:50.456+0300][209.485s][info][gc] GC(1519) Pause Young (Allocation Failure) 290M->290M(455M) 136.979ms
[2020-08-08T12:43:50.477+0300][209.506s][info][gc] GC(1520) Pause Full (Ergonomics) 290M->22M(455M) 20.901ms
[2020-08-08T12:43:50.569+0300][209.599s][info][gc] GC(1521) Pause Young (Allocation Failure) 80M->80M(455M) 79.622ms
[2020-08-08T12:43:50.726+0300][209.756s][info][gc] GC(1522) Pause Young (Allocation Failure) 136M->136M(455M) 144.331ms
[2020-08-08T12:43:50.873+0300][209.902s][info][gc] GC(1523) Pause Young (Allocation Failure) 193M->193M(455M) 136.893ms
[2020-08-08T12:43:51.039+0300][210.068s][info][gc] GC(1524) Pause Young (Allocation Failure) 251M->251M(455M) 156.907ms
[2020-08-08T12:43:51.186+0300][210.216s][info][gc] GC(1525) Pause Young (Allocation Failure) 309M->309M(455M) 139.847ms
[2020-08-08T12:43:51.280+0300][210.310s][info][gc] GC(1526) Pause Full (Ergonomics) 309M->41M(455M) 93.852ms
[2020-08-08T12:43:51.369+0300][210.398s][info][gc] GC(1527) Pause Young (Allocation Failure) 98M->98M(455M) 78.637ms
[2020-08-08T12:43:51.505+0300][210.535s][info][gc] GC(1528) Pause Young (Allocation Failure) 156M->156M(455M) 129.464ms
[2020-08-08T12:43:51.666+0300][210.696s][info][gc] GC(1529) Pause Young (Allocation Failure) 213M->214M(455M) 148.541ms
[2020-08-08T12:43:51.827+0300][210.856s][info][gc] GC(1530) Pause Young (Allocation Failure) 270M->270M(455M) 150.355ms
[2020-08-08T12:43:51.976+0300][211.006s][info][gc] GC(1531) Pause Young (Allocation Failure) 327M->327M(455M) 141.924ms
[2020-08-08T12:43:52.146+0300][211.176s][info][gc] GC(1532) Pause Full (Ergonomics) 327M->59M(455M) 170.163ms
[2020-08-08T12:43:52.235+0300][211.265s][info][gc] GC(1533) Pause Young (Allocation Failure) 117M->117M(455M) 78.940ms
[2020-08-08T12:43:52.377+0300][211.406s][info][gc] GC(1534) Pause Young (Allocation Failure) 174M->175M(455M) 134.010ms
[2020-08-08T12:43:52.538+0300][211.567s][info][gc] GC(1535) Pause Young (Allocation Failure) 232M->232M(455M) 151.025ms
[2020-08-08T12:43:52.684+0300][211.714s][info][gc] GC(1536) Pause Young (Allocation Failure) 290M->290M(455M) 136.185ms
[2020-08-08T12:43:52.849+0300][211.879s][info][gc] GC(1537) Pause Young (Allocation Failure) 347M->347M(455M) 155.373ms
[2020-08-08T12:43:53.103+0300][212.132s][info][gc] GC(1538) Pause Full (Ergonomics) 347M->80M(455M) 253.203ms
[2020-08-08T12:43:53.190+0300][212.219s][info][gc] GC(1539) Pause Young (Allocation Failure) 136M->136M(455M) 76.782ms
[2020-08-08T12:43:53.333+0300][212.363s][info][gc] GC(1540) Pause Young (Allocation Failure) 193M->193M(455M) 136.050ms
[2020-08-08T12:43:53.500+0300][212.530s][info][gc] GC(1541) Pause Young (Allocation Failure) 251M->251M(455M) 157.031ms
[2020-08-08T12:43:53.650+0300][212.680s][info][gc] GC(1542) Pause Young (Allocation Failure) 308M->308M(455M) 141.246ms
[2020-08-08T12:43:53.744+0300][212.773s][info][gc] GC(1543) Pause Full (Ergonomics) 308M->41M(455M) 93.499ms
[2020-08-08T12:43:53.834+0300][212.863s][info][gc] GC(1544) Pause Young (Allocation Failure) 98M->98M(455M) 78.933ms
[2020-08-08T12:43:53.972+0300][213.001s][info][gc] GC(1545) Pause Young (Allocation Failure) 156M->156M(455M) 130.323ms
[2020-08-08T12:43:54.110+0300][213.140s][info][gc] GC(1546) Pause Young (Allocation Failure) 213M->213M(455M) 129.671ms
[2020-08-08T12:43:54.270+0300][213.299s][info][gc] GC(1547) Pause Young (Allocation Failure) 270M->270M(455M) 150.199ms
[2020-08-08T12:43:54.419+0300][213.449s][info][gc] GC(1548) Pause Young (Allocation Failure) 327M->327M(455M) 142.006ms
[2020-08-08T12:43:54.590+0300][213.619s][info][gc] GC(1549) Pause Full (Ergonomics) 327M->59M(455M) 170.590ms
[2020-08-08T12:43:54.686+0300][213.715s][info][gc] GC(1550) Pause Young (Allocation Failure) 117M->117M(455M) 80.798ms
[2020-08-08T12:43:54.829+0300][213.859s][info][gc] GC(1551) Pause Young (Allocation Failure) 174M->174M(455M) 135.169ms
[2020-08-08T12:43:54.991+0300][214.021s][info][gc] GC(1552) Pause Young (Allocation Failure) 232M->232M(455M) 151.109ms
[2020-08-08T12:43:55.137+0300][214.166s][info][gc] GC(1553) Pause Young (Allocation Failure) 290M->290M(455M) 136.724ms
[2020-08-08T12:43:55.158+0300][214.187s][info][gc] GC(1554) Pause Full (Ergonomics) 290M->22M(455M) 20.621ms
[2020-08-08T12:43:55.246+0300][214.276s][info][gc] GC(1555) Pause Young (Allocation Failure) 80M->80M(455M) 77.564ms
[2020-08-08T12:43:55.405+0300][214.435s][info][gc] GC(1556) Pause Young (Allocation Failure) 136M->136M(455M) 147.997ms
[2020-08-08T12:43:55.550+0300][214.579s][info][gc] GC(1557) Pause Young (Allocation Failure) 193M->193M(455M) 135.609ms
[2020-08-08T12:43:55.719+0300][214.749s][info][gc] GC(1558) Pause Young (Allocation Failure) 251M->251M(455M) 157.825ms
[2020-08-08T12:43:55.867+0300][214.897s][info][gc] GC(1559) Pause Young (Allocation Failure) 309M->309M(455M) 139.448ms
[2020-08-08T12:43:55.962+0300][214.992s][info][gc] GC(1560) Pause Full (Ergonomics) 309M->41M(455M) 94.718ms
[2020-08-08T12:43:56.051+0300][215.080s][info][gc] GC(1561) Pause Young (Allocation Failure) 98M->98M(455M) 78.202ms
[2020-08-08T12:43:56.191+0300][215.221s][info][gc] GC(1562) Pause Young (Allocation Failure) 156M->156M(455M) 132.651ms
[2020-08-08T12:43:56.331+0300][215.360s][info][gc] GC(1563) Pause Young (Allocation Failure) 213M->213M(455M) 129.924ms
[2020-08-08T12:43:56.494+0300][215.523s][info][gc] GC(1564) Pause Young (Allocation Failure) 270M->270M(455M) 153.266ms
[2020-08-08T12:43:56.646+0300][215.675s][info][gc] GC(1565) Pause Young (Allocation Failure) 327M->327M(455M) 144.347ms
[2020-08-08T12:43:56.817+0300][215.847s][info][gc] GC(1566) Pause Full (Ergonomics) 327M->59M(455M) 171.471ms
[2020-08-08T12:43:56.909+0300][215.939s][info][gc] GC(1567) Pause Young (Allocation Failure) 117M->117M(455M) 80.151ms
[2020-08-08T12:43:57.051+0300][216.080s][info][gc] GC(1568) Pause Young (Allocation Failure) 174M->174M(455M) 134.007ms
[2020-08-08T12:43:57.213+0300][216.242s][info][gc] GC(1569) Pause Young (Allocation Failure) 232M->232M(455M) 152.882ms
[2020-08-08T12:43:57.359+0300][216.389s][info][gc] GC(1570) Pause Young (Allocation Failure) 290M->290M(455M) 138.787ms
[2020-08-08T12:43:57.380+0300][216.409s][info][gc] GC(1571) Pause Full (Ergonomics) 290M->22M(455M) 20.679ms
[2020-08-08T12:43:57.469+0300][216.498s][info][gc] GC(1572) Pause Young (Allocation Failure) 80M->80M(455M) 78.788ms
[2020-08-08T12:43:57.625+0300][216.655s][info][gc] GC(1573) Pause Young (Allocation Failure) 136M->136M(455M) 146.618ms
[2020-08-08T12:43:57.773+0300][216.803s][info][gc] GC(1574) Pause Young (Allocation Failure) 193M->193M(455M) 137.179ms
[2020-08-08T12:43:57.938+0300][216.967s][info][gc] GC(1575) Pause Young (Allocation Failure) 251M->251M(455M) 155.390ms
[2020-08-08T12:43:58.085+0300][217.115s][info][gc] GC(1576) Pause Young (Allocation Failure) 308M->309M(455M) 139.116ms
[2020-08-08T12:43:58.179+0300][217.209s][info][gc] GC(1577) Pause Full (Ergonomics) 309M->41M(455M) 94.255ms
[2020-08-08T12:43:58.269+0300][217.298s][info][gc] GC(1578) Pause Young (Allocation Failure) 98M->98M(455M) 78.821ms
[2020-08-08T12:43:58.408+0300][217.437s][info][gc] GC(1579) Pause Young (Allocation Failure) 156M->156M(455M) 131.704ms
[2020-08-08T12:43:58.548+0300][217.577s][info][gc] GC(1580) Pause Young (Allocation Failure) 213M->213M(455M) 130.317ms
[2020-08-08T12:43:58.717+0300][217.747s][info][gc] GC(1581) Pause Young (Allocation Failure) 270M->270M(455M) 160.011ms
[2020-08-08T12:43:58.878+0300][217.908s][info][gc] GC(1582) Pause Young (Allocation Failure) 327M->327M(455M) 149.413ms
[2020-08-08T12:43:59.045+0300][218.074s][info][gc] GC(1583) Pause Full (Ergonomics) 327M->59M(455M) 166.738ms
[2020-08-08T12:43:59.135+0300][218.164s][info][gc] GC(1584) Pause Young (Allocation Failure) 117M->117M(455M) 79.662ms
[2020-08-08T12:43:59.278+0300][218.308s][info][gc] GC(1585) Pause Young (Allocation Failure) 174M->174M(455M) 135.147ms
[2020-08-08T12:43:59.439+0300][218.468s][info][gc] GC(1586) Pause Young (Allocation Failure) 232M->232M(455M) 151.102ms
[2020-08-08T12:43:59.586+0300][218.615s][info][gc] GC(1587) Pause Young (Allocation Failure) 290M->290M(455M) 139.385ms
[2020-08-08T12:43:59.607+0300][218.636s][info][gc] GC(1588) Pause Full (Ergonomics) 290M->22M(455M) 20.669ms
[2020-08-08T12:43:59.701+0300][218.730s][info][gc] GC(1589) Pause Young (Allocation Failure) 80M->80M(455M) 80.021ms
[2020-08-08T12:43:59.855+0300][218.885s][info][gc] GC(1590) Pause Young (Allocation Failure) 136M->136M(455M) 145.053ms
[2020-08-08T12:44:00.000+0300][219.030s][info][gc] GC(1591) Pause Young (Allocation Failure) 193M->193M(455M) 137.094ms
[2020-08-08T12:44:00.168+0300][219.197s][info][gc] GC(1592) Pause Young (Allocation Failure) 251M->251M(455M) 158.321ms
[2020-08-08T12:44:00.315+0300][219.345s][info][gc] GC(1593) Pause Young (Allocation Failure) 309M->309M(455M) 139.663ms
[2020-08-08T12:44:00.409+0300][219.439s][info][gc] GC(1594) Pause Full (Ergonomics) 309M->41M(455M) 94.032ms
[2020-08-08T12:44:00.498+0300][219.528s][info][gc] GC(1595) Pause Young (Allocation Failure) 98M->98M(455M) 79.037ms
[2020-08-08T12:44:00.636+0300][219.666s][info][gc] GC(1596) Pause Young (Allocation Failure) 156M->156M(455M) 130.906ms
[2020-08-08T12:44:00.797+0300][219.827s][info][gc] GC(1597) Pause Young (Allocation Failure) 213M->213M(455M) 148.660ms
[2020-08-08T12:44:00.955+0300][219.985s][info][gc] GC(1598) Pause Young (Allocation Failure) 270M->270M(455M) 149.013ms
[2020-08-08T12:44:01.106+0300][220.135s][info][gc] GC(1599) Pause Young (Allocation Failure) 327M->327M(455M) 142.656ms
[2020-08-08T12:44:01.275+0300][220.305s][info][gc] GC(1600) Pause Full (Ergonomics) 327M->59M(455M) 169.674ms
[2020-08-08T12:44:01.364+0300][220.393s][info][gc] GC(1601) Pause Young (Allocation Failure) 117M->117M(455M) 78.291ms
[2020-08-08T12:44:01.507+0300][220.537s][info][gc] GC(1602) Pause Young (Allocation Failure) 174M->175M(455M) 134.667ms
[2020-08-08T12:44:01.671+0300][220.701s][info][gc] GC(1603) Pause Young (Allocation Failure) 232M->232M(455M) 153.852ms
[2020-08-08T12:44:01.819+0300][220.848s][info][gc] GC(1604) Pause Young (Allocation Failure) 290M->290M(455M) 137.654ms
[2020-08-08T12:44:01.982+0300][221.012s][info][gc] GC(1605) Pause Young (Allocation Failure) 347M->347M(455M) 154.594ms
[2020-08-08T12:44:02.233+0300][221.263s][info][gc] GC(1606) Pause Full (Ergonomics) 347M->80M(455M) 251.242ms
[2020-08-08T12:44:02.320+0300][221.350s][info][gc] GC(1607) Pause Young (Allocation Failure) 136M->136M(455M) 76.714ms
[2020-08-08T12:44:02.463+0300][221.493s][info][gc] GC(1608) Pause Young (Allocation Failure) 193M->193M(455M) 135.986ms
[2020-08-08T12:44:02.631+0300][221.661s][info][gc] GC(1609) Pause Young (Allocation Failure) 251M->251M(455M) 158.208ms
[2020-08-08T12:44:02.781+0300][221.811s][info][gc] GC(1610) Pause Young (Allocation Failure) 308M->309M(455M) 139.579ms
[2020-08-08T12:44:02.875+0300][221.904s][info][gc] GC(1611) Pause Full (Ergonomics) 309M->41M(455M) 93.696ms
[2020-08-08T12:44:02.964+0300][221.993s][info][gc] GC(1612) Pause Young (Allocation Failure) 98M->98M(455M) 78.553ms
[2020-08-08T12:44:03.102+0300][222.131s][info][gc] GC(1613) Pause Young (Allocation Failure) 156M->156M(455M) 129.996ms
[2020-08-08T12:44:03.241+0300][222.270s][info][gc] GC(1614) Pause Young (Allocation Failure) 213M->213M(455M) 129.384ms
[2020-08-08T12:44:03.400+0300][222.429s][info][gc] GC(1615) Pause Young (Allocation Failure) 270M->270M(455M) 149.655ms
[2020-08-08T12:44:03.551+0300][222.580s][info][gc] GC(1616) Pause Young (Allocation Failure) 327M->327M(455M) 143.175ms
[2020-08-08T12:44:03.721+0300][222.751s][info][gc] GC(1617) Pause Full (Ergonomics) 327M->59M(455M) 170.229ms
[2020-08-08T12:44:03.816+0300][222.845s][info][gc] GC(1618) Pause Young (Allocation Failure) 117M->117M(455M) 82.504ms
[2020-08-08T12:44:03.957+0300][222.986s][info][gc] GC(1619) Pause Young (Allocation Failure) 174M->174M(455M) 133.877ms
[2020-08-08T12:44:04.119+0300][223.148s][info][gc] GC(1620) Pause Young (Allocation Failure) 232M->232M(455M) 152.946ms
[2020-08-08T12:44:04.263+0300][223.292s][info][gc] GC(1621) Pause Young (Allocation Failure) 290M->290M(455M) 136.438ms
[2020-08-08T12:44:04.284+0300][223.313s][info][gc] GC(1622) Pause Full (Ergonomics) 290M->22M(455M) 20.956ms
[2020-08-08T12:44:04.372+0300][223.402s][info][gc] GC(1623) Pause Young (Allocation Failure) 80M->80M(455M) 78.854ms
[2020-08-08T12:44:04.524+0300][223.554s][info][gc] GC(1624) Pause Young (Allocation Failure) 136M->136M(455M) 143.168ms
[2020-08-08T12:44:04.670+0300][223.699s][info][gc] GC(1625) Pause Young (Allocation Failure) 193M->193M(455M) 137.331ms
[2020-08-08T12:44:04.839+0300][223.868s][info][gc] GC(1626) Pause Young (Allocation Failure) 251M->251M(455M) 157.673ms
[2020-08-08T12:44:04.987+0300][224.017s][info][gc] GC(1627) Pause Young (Allocation Failure) 309M->309M(455M) 139.833ms
[2020-08-08T12:44:05.082+0300][224.112s][info][gc] GC(1628) Pause Full (Ergonomics) 309M->41M(455M) 94.461ms
[2020-08-08T12:44:05.171+0300][224.200s][info][gc] GC(1629) Pause Young (Allocation Failure) 98M->98M(455M) 78.427ms
[2020-08-08T12:44:05.310+0300][224.339s][info][gc] GC(1630) Pause Young (Allocation Failure) 156M->156M(455M) 131.407ms
[2020-08-08T12:44:05.450+0300][224.480s][info][gc] GC(1631) Pause Young (Allocation Failure) 213M->213M(455M) 130.119ms
[2020-08-08T12:44:05.610+0300][224.640s][info][gc] GC(1632) Pause Young (Allocation Failure) 270M->270M(455M) 151.532ms
[2020-08-08T12:44:05.762+0300][224.792s][info][gc] GC(1633) Pause Young (Allocation Failure) 327M->327M(455M) 142.766ms
[2020-08-08T12:44:05.933+0300][224.962s][info][gc] GC(1634) Pause Full (Ergonomics) 327M->59M(455M) 170.667ms
[2020-08-08T12:44:06.024+0300][225.054s][info][gc] GC(1635) Pause Young (Allocation Failure) 117M->117M(455M) 79.717ms
[2020-08-08T12:44:06.165+0300][225.194s][info][gc] GC(1636) Pause Young (Allocation Failure) 174M->174M(455M) 133.102ms
[2020-08-08T12:44:06.327+0300][225.357s][info][gc] GC(1637) Pause Young (Allocation Failure) 232M->232M(455M) 152.471ms
[2020-08-08T12:44:06.472+0300][225.501s][info][gc] GC(1638) Pause Young (Allocation Failure) 290M->290M(455M) 137.213ms
[2020-08-08T12:44:06.493+0300][225.523s][info][gc] GC(1639) Pause Full (Ergonomics) 290M->22M(455M) 20.996ms
[2020-08-08T12:44:06.582+0300][225.612s][info][gc] GC(1640) Pause Young (Allocation Failure) 80M->80M(455M) 79.246ms
[2020-08-08T12:44:06.736+0300][225.766s][info][gc] GC(1641) Pause Young (Allocation Failure) 136M->136M(455M) 144.724ms
[2020-08-08T12:44:06.883+0300][225.912s][info][gc] GC(1642) Pause Young (Allocation Failure) 193M->193M(455M) 136.080ms
[2020-08-08T12:44:07.048+0300][226.078s][info][gc] GC(1643) Pause Young (Allocation Failure) 251M->251M(455M) 155.666ms
[2020-08-08T12:44:07.195+0300][226.225s][info][gc] GC(1644) Pause Young (Allocation Failure) 308M->309M(455M) 139.300ms
[2020-08-08T12:44:07.290+0300][226.320s][info][gc] GC(1645) Pause Full (Ergonomics) 309M->41M(455M) 94.566ms
[2020-08-08T12:44:07.379+0300][226.409s][info][gc] GC(1646) Pause Young (Allocation Failure) 98M->98M(455M) 78.575ms
[2020-08-08T12:44:07.518+0300][226.548s][info][gc] GC(1647) Pause Young (Allocation Failure) 156M->156M(455M) 131.352ms
[2020-08-08T12:44:07.660+0300][226.689s][info][gc] GC(1648) Pause Young (Allocation Failure) 213M->213M(455M) 132.175ms
[2020-08-08T12:44:07.819+0300][226.848s][info][gc] GC(1649) Pause Young (Allocation Failure) 270M->270M(455M) 149.469ms
[2020-08-08T12:44:07.971+0300][227.001s][info][gc] GC(1650) Pause Young (Allocation Failure) 327M->327M(455M) 142.962ms
[2020-08-08T12:44:08.137+0300][227.167s][info][gc] GC(1651) Pause Full (Ergonomics) 327M->59M(455M) 165.742ms
[2020-08-08T12:44:08.226+0300][227.256s][info][gc] GC(1652) Pause Young (Allocation Failure) 117M->117M(455M) 78.966ms
[2020-08-08T12:44:08.368+0300][227.398s][info][gc] GC(1653) Pause Young (Allocation Failure) 174M->174M(455M) 133.644ms
[2020-08-08T12:44:08.530+0300][227.559s][info][gc] GC(1654) Pause Young (Allocation Failure) 232M->232M(455M) 152.023ms
[2020-08-08T12:44:08.675+0300][227.705s][info][gc] GC(1655) Pause Young (Allocation Failure) 290M->290M(455M) 137.762ms
[2020-08-08T12:44:08.696+0300][227.726s][info][gc] GC(1656) Pause Full (Ergonomics) 290M->22M(455M) 21.020ms
[2020-08-08T12:44:08.788+0300][227.818s][info][gc] GC(1657) Pause Young (Allocation Failure) 80M->80M(455M) 80.443ms
[2020-08-08T12:44:08.941+0300][227.970s][info][gc] GC(1658) Pause Young (Allocation Failure) 136M->136M(455M) 142.340ms
[2020-08-08T12:44:09.084+0300][228.113s][info][gc] GC(1659) Pause Young (Allocation Failure) 193M->193M(455M) 136.024ms
[2020-08-08T12:44:09.250+0300][228.279s][info][gc] GC(1660) Pause Young (Allocation Failure) 251M->251M(455M) 156.368ms
[2020-08-08T12:44:09.397+0300][228.427s][info][gc] GC(1661) Pause Young (Allocation Failure) 309M->309M(455M) 140.383ms
[2020-08-08T12:44:09.492+0300][228.521s][info][gc] GC(1662) Pause Full (Ergonomics) 309M->41M(455M) 94.345ms
[2020-08-08T12:44:09.580+0300][228.610s][info][gc] GC(1663) Pause Young (Allocation Failure) 98M->98M(455M) 78.756ms
[2020-08-08T12:44:09.718+0300][228.748s][info][gc] GC(1664) Pause Young (Allocation Failure) 156M->156M(455M) 130.250ms
[2020-08-08T12:44:09.878+0300][228.907s][info][gc] GC(1665) Pause Young (Allocation Failure) 213M->214M(455M) 148.155ms
[2020-08-08T12:44:10.037+0300][229.066s][info][gc] GC(1666) Pause Young (Allocation Failure) 270M->270M(455M) 149.029ms
[2020-08-08T12:44:10.187+0300][229.216s][info][gc] GC(1667) Pause Young (Allocation Failure) 327M->327M(455M) 142.193ms
[2020-08-08T12:44:10.357+0300][229.387s][info][gc] GC(1668) Pause Full (Ergonomics) 327M->59M(455M) 170.398ms
[2020-08-08T12:44:10.447+0300][229.476s][info][gc] GC(1669) Pause Young (Allocation Failure) 117M->117M(455M) 78.047ms
[2020-08-08T12:44:10.588+0300][229.617s][info][gc] GC(1670) Pause Young (Allocation Failure) 174M->175M(455M) 133.609ms
[2020-08-08T12:44:10.751+0300][229.780s][info][gc] GC(1671) Pause Young (Allocation Failure) 232M->232M(455M) 153.325ms
[2020-08-08T12:44:10.895+0300][229.925s][info][gc] GC(1672) Pause Young (Allocation Failure) 290M->290M(455M) 135.629ms
[2020-08-08T12:44:11.060+0300][230.090s][info][gc] GC(1673) Pause Young (Allocation Failure) 347M->347M(455M) 154.702ms
[2020-08-08T12:44:11.312+0300][230.342s][info][gc] GC(1674) Pause Full (Ergonomics) 347M->80M(455M) 251.820ms
[2020-08-08T12:44:11.399+0300][230.428s][info][gc] GC(1675) Pause Young (Allocation Failure) 136M->136M(455M) 77.052ms
[2020-08-08T12:44:11.543+0300][230.572s][info][gc] GC(1676) Pause Young (Allocation Failure) 193M->193M(455M) 136.105ms
[2020-08-08T12:44:11.710+0300][230.739s][info][gc] GC(1677) Pause Young (Allocation Failure) 251M->251M(455M) 156.527ms
[2020-08-08T12:44:11.858+0300][230.888s][info][gc] GC(1678) Pause Young (Allocation Failure) 308M->309M(455M) 140.338ms
[2020-08-08T12:44:11.952+0300][230.982s][info][gc] GC(1679) Pause Full (Ergonomics) 309M->41M(455M) 94.011ms
[2020-08-08T12:44:12.043+0300][231.072s][info][gc] GC(1680) Pause Young (Allocation Failure) 98M->98M(455M) 79.355ms
[2020-08-08T12:44:12.181+0300][231.210s][info][gc] GC(1681) Pause Young (Allocation Failure) 156M->156M(455M) 129.695ms
[2020-08-08T12:44:12.321+0300][231.351s][info][gc] GC(1682) Pause Young (Allocation Failure) 213M->213M(455M) 129.696ms
[2020-08-08T12:44:12.481+0300][231.510s][info][gc] GC(1683) Pause Young (Allocation Failure) 270M->270M(455M) 150.832ms
[2020-08-08T12:44:12.634+0300][231.664s][info][gc] GC(1684) Pause Young (Allocation Failure) 327M->327M(455M) 144.368ms
[2020-08-08T12:44:12.805+0300][231.835s][info][gc] GC(1685) Pause Full (Ergonomics) 327M->59M(455M) 170.857ms
[2020-08-08T12:44:12.897+0300][231.927s][info][gc] GC(1686) Pause Young (Allocation Failure) 117M->117M(455M) 79.538ms
[2020-08-08T12:44:13.038+0300][232.068s][info][gc] GC(1687) Pause Young (Allocation Failure) 174M->174M(455M) 133.242ms
[2020-08-08T12:44:13.199+0300][232.228s][info][gc] GC(1688) Pause Young (Allocation Failure) 232M->232M(455M) 150.673ms
[2020-08-08T12:44:13.343+0300][232.372s][info][gc] GC(1689) Pause Young (Allocation Failure) 290M->290M(455M) 136.904ms
[2020-08-08T12:44:13.364+0300][232.394s][info][gc] GC(1690) Pause Full (Ergonomics) 290M->22M(455M) 21.417ms
[2020-08-08T12:44:13.454+0300][232.483s][info][gc] GC(1691) Pause Young (Allocation Failure) 80M->80M(455M) 78.959ms
[2020-08-08T12:44:13.606+0300][232.635s][info][gc] GC(1692) Pause Young (Allocation Failure) 136M->136M(455M) 142.961ms
[2020-08-08T12:44:13.750+0300][232.779s][info][gc] GC(1693) Pause Young (Allocation Failure) 193M->193M(455M) 136.060ms
[2020-08-08T12:44:13.918+0300][232.947s][info][gc] GC(1694) Pause Young (Allocation Failure) 251M->251M(455M) 156.356ms
[2020-08-08T12:44:14.067+0300][233.096s][info][gc] GC(1695) Pause Young (Allocation Failure) 309M->309M(455M) 140.110ms
[2020-08-08T12:44:14.161+0300][233.191s][info][gc] GC(1696) Pause Full (Ergonomics) 309M->41M(455M) 94.282ms
[2020-08-08T12:44:14.249+0300][233.279s][info][gc] GC(1697) Pause Young (Allocation Failure) 98M->98M(455M) 78.204ms
[2020-08-08T12:44:14.386+0300][233.415s][info][gc] GC(1698) Pause Young (Allocation Failure) 156M->156M(455M) 129.104ms
[2020-08-08T12:44:14.525+0300][233.555s][info][gc] GC(1699) Pause Young (Allocation Failure) 213M->213M(455M) 130.228ms
[2020-08-08T12:44:14.687+0300][233.716s][info][gc] GC(1700) Pause Young (Allocation Failure) 270M->270M(455M) 151.900ms
[2020-08-08T12:44:14.838+0300][233.868s][info][gc] GC(1701) Pause Young (Allocation Failure) 327M->327M(455M) 143.615ms
[2020-08-08T12:44:15.009+0300][234.039s][info][gc] GC(1702) Pause Full (Ergonomics) 327M->59M(455M) 170.905ms
[2020-08-08T12:44:15.100+0300][234.130s][info][gc] GC(1703) Pause Young (Allocation Failure) 117M->117M(455M) 78.738ms
[2020-08-08T12:44:15.241+0300][234.271s][info][gc] GC(1704) Pause Young (Allocation Failure) 174M->174M(455M) 133.321ms
[2020-08-08T12:44:15.404+0300][234.433s][info][gc] GC(1705) Pause Young (Allocation Failure) 232M->232M(455M) 152.997ms
[2020-08-08T12:44:15.549+0300][234.579s][info][gc] GC(1706) Pause Young (Allocation Failure) 290M->290M(455M) 137.887ms
[2020-08-08T12:44:15.571+0300][234.600s][info][gc] GC(1707) Pause Full (Ergonomics) 290M->22M(455M) 21.522ms
[2020-08-08T12:44:15.660+0300][234.690s][info][gc] GC(1708) Pause Young (Allocation Failure) 80M->80M(455M) 79.262ms
[2020-08-08T12:44:15.812+0300][234.842s][info][gc] GC(1709) Pause Young (Allocation Failure) 136M->136M(455M) 142.309ms
[2020-08-08T12:44:15.958+0300][234.988s][info][gc] GC(1710) Pause Young (Allocation Failure) 193M->193M(455M) 136.636ms
[2020-08-08T12:44:16.124+0300][235.154s][info][gc] GC(1711) Pause Young (Allocation Failure) 251M->251M(455M) 156.078ms
[2020-08-08T12:44:16.270+0300][235.300s][info][gc] GC(1712) Pause Young (Allocation Failure) 308M->309M(455M) 138.928ms
[2020-08-08T12:44:16.366+0300][235.395s][info][gc] GC(1713) Pause Full (Ergonomics) 309M->41M(455M) 95.068ms
[2020-08-08T12:44:16.455+0300][235.484s][info][gc] GC(1714) Pause Young (Allocation Failure) 98M->98M(455M) 78.798ms
[2020-08-08T12:44:16.592+0300][235.622s][info][gc] GC(1715) Pause Young (Allocation Failure) 156M->156M(455M) 130.559ms
[2020-08-08T12:44:16.734+0300][235.764s][info][gc] GC(1716) Pause Young (Allocation Failure) 213M->213M(455M) 131.503ms
[2020-08-08T12:44:16.894+0300][235.923s][info][gc] GC(1717) Pause Young (Allocation Failure) 270M->270M(455M) 149.475ms
[2020-08-08T12:44:17.047+0300][236.077s][info][gc] GC(1718) Pause Young (Allocation Failure) 327M->327M(455M) 143.417ms
[2020-08-08T12:44:17.214+0300][236.243s][info][gc] GC(1719) Pause Full (Ergonomics) 327M->59M(455M) 166.507ms
[2020-08-08T12:44:17.303+0300][236.333s][info][gc] GC(1720) Pause Young (Allocation Failure) 117M->117M(455M) 78.941ms
[2020-08-08T12:44:17.443+0300][236.473s][info][gc] GC(1721) Pause Young (Allocation Failure) 174M->174M(455M) 132.345ms
[2020-08-08T12:44:17.605+0300][236.634s][info][gc] GC(1722) Pause Young (Allocation Failure) 232M->232M(455M) 152.126ms
[2020-08-08T12:44:17.751+0300][236.781s][info][gc] GC(1723) Pause Young (Allocation Failure) 290M->290M(455M) 136.222ms
[2020-08-08T12:44:17.773+0300][236.802s][info][gc] GC(1724) Pause Full (Ergonomics) 290M->22M(455M) 21.254ms
[2020-08-08T12:44:17.861+0300][236.891s][info][gc] GC(1725) Pause Young (Allocation Failure) 80M->80M(455M) 78.383ms
[2020-08-08T12:44:18.016+0300][237.046s][info][gc] GC(1726) Pause Young (Allocation Failure) 136M->136M(455M) 143.694ms
[2020-08-08T12:44:18.159+0300][237.189s][info][gc] GC(1727) Pause Young (Allocation Failure) 193M->193M(455M) 134.844ms
[2020-08-08T12:44:18.325+0300][237.354s][info][gc] GC(1728) Pause Young (Allocation Failure) 251M->251M(455M) 156.082ms
[2020-08-08T12:44:18.470+0300][237.500s][info][gc] GC(1729) Pause Young (Allocation Failure) 309M->309M(455M) 138.561ms
[2020-08-08T12:44:18.566+0300][237.595s][info][gc] GC(1730) Pause Full (Ergonomics) 309M->41M(455M) 95.251ms
[2020-08-08T12:44:18.655+0300][237.685s][info][gc] GC(1731) Pause Young (Allocation Failure) 98M->98M(455M) 79.270ms
[2020-08-08T12:44:18.791+0300][237.821s][info][gc] GC(1732) Pause Young (Allocation Failure) 156M->156M(455M) 129.284ms
[2020-08-08T12:44:18.949+0300][237.979s][info][gc] GC(1733) Pause Young (Allocation Failure) 213M->214M(455M) 147.870ms
[2020-08-08T12:44:19.111+0300][238.141s][info][gc] GC(1734) Pause Young (Allocation Failure) 270M->270M(455M) 151.304ms
[2020-08-08T12:44:19.262+0300][238.292s][info][gc] GC(1735) Pause Young (Allocation Failure) 327M->327M(455M) 142.919ms
[2020-08-08T12:44:19.433+0300][238.463s][info][gc] GC(1736) Pause Full (Ergonomics) 327M->59M(455M) 170.862ms
[2020-08-08T12:44:19.522+0300][238.552s][info][gc] GC(1737) Pause Young (Allocation Failure) 117M->117M(455M) 79.460ms
[2020-08-08T12:44:19.665+0300][238.695s][info][gc] GC(1738) Pause Young (Allocation Failure) 174M->175M(455M) 134.958ms
[2020-08-08T12:44:19.827+0300][238.857s][info][gc] GC(1739) Pause Young (Allocation Failure) 232M->232M(455M) 152.078ms
[2020-08-08T12:44:19.979+0300][239.009s][info][gc] GC(1740) Pause Young (Allocation Failure) 290M->290M(455M) 142.851ms
[2020-08-08T12:44:20.145+0300][239.174s][info][gc] GC(1741) Pause Young (Allocation Failure) 347M->347M(455M) 155.090ms
[2020-08-08T12:44:20.398+0300][239.427s][info][gc] GC(1742) Pause Full (Ergonomics) 347M->80M(455M) 252.951ms
[2020-08-08T12:44:20.485+0300][239.514s][info][gc] GC(1743) Pause Young (Allocation Failure) 136M->136M(455M) 76.352ms
[2020-08-08T12:44:20.631+0300][239.661s][info][gc] GC(1744) Pause Young (Allocation Failure) 193M->193M(455M) 138.796ms
[2020-08-08T12:44:20.796+0300][239.826s][info][gc] GC(1745) Pause Young (Allocation Failure) 251M->251M(455M) 155.167ms
[2020-08-08T12:44:20.943+0300][239.973s][info][gc] GC(1746) Pause Young (Allocation Failure) 308M->309M(455M) 139.185ms
[2020-08-08T12:44:21.038+0300][240.067s][info][gc] GC(1747) Pause Full (Ergonomics) 309M->41M(455M) 94.569ms
[2020-08-08T12:44:21.129+0300][240.158s][info][gc] GC(1748) Pause Young (Allocation Failure) 98M->98M(455M) 78.687ms
[2020-08-08T12:44:21.266+0300][240.296s][info][gc] GC(1749) Pause Young (Allocation Failure) 156M->156M(455M) 130.016ms
[2020-08-08T12:44:21.407+0300][240.437s][info][gc] GC(1750) Pause Young (Allocation Failure) 213M->213M(455M) 130.354ms
[2020-08-08T12:44:21.568+0300][240.597s][info][gc] GC(1751) Pause Young (Allocation Failure) 270M->270M(455M) 151.350ms
[2020-08-08T12:44:21.719+0300][240.749s][info][gc] GC(1752) Pause Young (Allocation Failure) 327M->327M(455M) 143.158ms
[2020-08-08T12:44:21.890+0300][240.920s][info][gc] GC(1753) Pause Full (Ergonomics) 327M->59M(455M) 171.419ms
[2020-08-08T12:44:21.983+0300][241.013s][info][gc] GC(1754) Pause Young (Allocation Failure) 117M->117M(455M) 79.888ms
[2020-08-08T12:44:22.125+0300][241.155s][info][gc] GC(1755) Pause Young (Allocation Failure) 174M->174M(455M) 134.497ms
[2020-08-08T12:44:22.287+0300][241.317s][info][gc] GC(1756) Pause Young (Allocation Failure) 232M->232M(455M) 152.606ms
[2020-08-08T12:44:22.433+0300][241.462s][info][gc] GC(1757) Pause Young (Allocation Failure) 290M->290M(455M) 137.797ms
[2020-08-08T12:44:22.453+0300][241.483s][info][gc] GC(1758) Pause Full (Ergonomics) 290M->22M(455M) 20.823ms
[2020-08-08T12:44:22.542+0300][241.572s][info][gc] GC(1759) Pause Young (Allocation Failure) 80M->80M(455M) 79.187ms
[2020-08-08T12:44:22.695+0300][241.725s][info][gc] GC(1760) Pause Young (Allocation Failure) 136M->136M(455M) 142.560ms
[2020-08-08T12:44:22.840+0300][241.870s][info][gc] GC(1761) Pause Young (Allocation Failure) 193M->193M(455M) 136.412ms
[2020-08-08T12:44:23.008+0300][242.037s][info][gc] GC(1762) Pause Young (Allocation Failure) 251M->251M(455M) 157.600ms
[2020-08-08T12:44:23.160+0300][242.189s][info][gc] GC(1763) Pause Young (Allocation Failure) 309M->309M(455M) 140.717ms
[2020-08-08T12:44:23.254+0300][242.284s][info][gc] GC(1764) Pause Full (Ergonomics) 309M->41M(455M) 94.304ms
[2020-08-08T12:44:23.342+0300][242.372s][info][gc] GC(1765) Pause Young (Allocation Failure) 98M->98M(455M) 78.001ms
[2020-08-08T12:44:23.480+0300][242.510s][info][gc] GC(1766) Pause Young (Allocation Failure) 156M->156M(455M) 130.236ms
[2020-08-08T12:44:23.622+0300][242.652s][info][gc] GC(1767) Pause Young (Allocation Failure) 213M->213M(455M) 131.811ms
[2020-08-08T12:44:23.781+0300][242.810s][info][gc] GC(1768) Pause Young (Allocation Failure) 270M->270M(455M) 149.807ms
[2020-08-08T12:44:23.931+0300][242.961s][info][gc] GC(1769) Pause Young (Allocation Failure) 327M->327M(455M) 142.910ms
[2020-08-08T12:44:24.102+0300][243.132s][info][gc] GC(1770) Pause Full (Ergonomics) 327M->59M(455M) 170.485ms
[2020-08-08T12:44:24.194+0300][243.224s][info][gc] GC(1771) Pause Young (Allocation Failure) 117M->117M(455M) 79.831ms
[2020-08-08T12:44:24.336+0300][243.366s][info][gc] GC(1772) Pause Young (Allocation Failure) 174M->174M(455M) 134.183ms
[2020-08-08T12:44:24.500+0300][243.529s][info][gc] GC(1773) Pause Young (Allocation Failure) 232M->232M(455M) 152.766ms
[2020-08-08T12:44:24.644+0300][243.674s][info][gc] GC(1774) Pause Young (Allocation Failure) 290M->290M(455M) 137.489ms
[2020-08-08T12:44:24.665+0300][243.694s][info][gc] GC(1775) Pause Full (Ergonomics) 290M->22M(455M) 20.367ms
[2020-08-08T12:44:24.754+0300][243.784s][info][gc] GC(1776) Pause Young (Allocation Failure) 80M->80M(455M) 79.091ms
[2020-08-08T12:44:24.907+0300][243.936s][info][gc] GC(1777) Pause Young (Allocation Failure) 136M->136M(455M) 142.891ms
[2020-08-08T12:44:25.054+0300][244.083s][info][gc] GC(1778) Pause Young (Allocation Failure) 193M->193M(455M) 137.705ms
[2020-08-08T12:44:25.220+0300][244.250s][info][gc] GC(1779) Pause Young (Allocation Failure) 251M->251M(455M) 155.680ms
[2020-08-08T12:44:25.368+0300][244.398s][info][gc] GC(1780) Pause Young (Allocation Failure) 308M->309M(455M) 140.422ms
[2020-08-08T12:44:25.463+0300][244.493s][info][gc] GC(1781) Pause Full (Ergonomics) 309M->41M(455M) 94.788ms
[2020-08-08T12:44:25.553+0300][244.582s][info][gc] GC(1782) Pause Young (Allocation Failure) 98M->98M(455M) 79.218ms
[2020-08-08T12:44:25.692+0300][244.721s][info][gc] GC(1783) Pause Young (Allocation Failure) 156M->156M(455M) 131.055ms
[2020-08-08T12:44:25.832+0300][244.862s][info][gc] GC(1784) Pause Young (Allocation Failure) 213M->213M(455M) 130.738ms
[2020-08-08T12:44:25.991+0300][245.020s][info][gc] GC(1785) Pause Young (Allocation Failure) 270M->270M(455M) 149.946ms
[2020-08-08T12:44:26.144+0300][245.174s][info][gc] GC(1786) Pause Young (Allocation Failure) 327M->327M(455M) 143.892ms
[2020-08-08T12:44:26.311+0300][245.341s][info][gc] GC(1787) Pause Full (Ergonomics) 327M->59M(455M) 166.539ms
[2020-08-08T12:44:26.400+0300][245.430s][info][gc] GC(1788) Pause Young (Allocation Failure) 117M->117M(455M) 78.754ms
[2020-08-08T12:44:26.541+0300][245.570s][info][gc] GC(1789) Pause Young (Allocation Failure) 174M->174M(455M) 133.113ms
[2020-08-08T12:44:26.703+0300][245.733s][info][gc] GC(1790) Pause Young (Allocation Failure) 232M->232M(455M) 152.049ms
[2020-08-08T12:44:26.846+0300][245.876s][info][gc] GC(1791) Pause Young (Allocation Failure) 290M->290M(455M) 135.528ms
[2020-08-08T12:44:26.867+0300][245.896s][info][gc] GC(1792) Pause Full (Ergonomics) 290M->22M(455M) 20.480ms
[2020-08-08T12:44:26.955+0300][245.984s][info][gc] GC(1793) Pause Young (Allocation Failure) 80M->80M(455M) 78.454ms
[2020-08-08T12:44:27.109+0300][246.139s][info][gc] GC(1794) Pause Young (Allocation Failure) 136M->136M(455M) 143.400ms
[2020-08-08T12:44:27.252+0300][246.282s][info][gc] GC(1795) Pause Young (Allocation Failure) 193M->193M(455M) 134.498ms
[2020-08-08T12:44:27.419+0300][246.448s][info][gc] GC(1796) Pause Young (Allocation Failure) 251M->251M(455M) 156.958ms
[2020-08-08T12:44:27.567+0300][246.597s][info][gc] GC(1797) Pause Young (Allocation Failure) 309M->309M(455M) 140.715ms
[2020-08-08T12:44:27.661+0300][246.691s][info][gc] GC(1798) Pause Full (Ergonomics) 309M->41M(455M) 93.966ms
[2020-08-08T12:44:27.750+0300][246.780s][info][gc] GC(1799) Pause Young (Allocation Failure) 98M->98M(455M) 79.140ms
[2020-08-08T12:44:27.888+0300][246.917s][info][gc] GC(1800) Pause Young (Allocation Failure) 156M->156M(455M) 130.255ms
[2020-08-08T12:44:28.049+0300][247.078s][info][gc] GC(1801) Pause Young (Allocation Failure) 213M->214M(455M) 151.198ms
[2020-08-08T12:44:28.222+0300][247.251s][info][gc] GC(1802) Pause Young (Allocation Failure) 270M->270M(455M) 161.240ms
[2020-08-08T12:44:28.372+0300][247.402s][info][gc] GC(1803) Pause Young (Allocation Failure) 327M->327M(455M) 142.975ms
[2020-08-08T12:44:28.544+0300][247.573s][info][gc] GC(1804) Pause Full (Ergonomics) 327M->59M(455M) 171.208ms
[2020-08-08T12:44:28.635+0300][247.664s][info][gc] GC(1805) Pause Young (Allocation Failure) 117M->117M(455M) 80.469ms
[2020-08-08T12:44:28.775+0300][247.804s][info][gc] GC(1806) Pause Young (Allocation Failure) 174M->175M(455M) 131.990ms
[2020-08-08T12:44:28.936+0300][247.965s][info][gc] GC(1807) Pause Young (Allocation Failure) 232M->232M(455M) 151.849ms
[2020-08-08T12:44:29.083+0300][248.112s][info][gc] GC(1808) Pause Young (Allocation Failure) 290M->290M(455M) 136.168ms
[2020-08-08T12:44:29.249+0300][248.279s][info][gc] GC(1809) Pause Young (Allocation Failure) 347M->347M(455M) 155.448ms
[2020-08-08T12:44:29.502+0300][248.531s][info][gc] GC(1810) Pause Full (Ergonomics) 347M->80M(455M) 252.514ms
[2020-08-08T12:44:29.589+0300][248.619s][info][gc] GC(1811) Pause Young (Allocation Failure) 136M->136M(455M) 77.275ms
[2020-08-08T12:44:29.734+0300][248.764s][info][gc] GC(1812) Pause Young (Allocation Failure) 193M->193M(455M) 137.014ms
[2020-08-08T12:44:29.899+0300][248.929s][info][gc] GC(1813) Pause Young (Allocation Failure) 251M->251M(455M) 155.423ms
[2020-08-08T12:44:30.046+0300][249.076s][info][gc] GC(1814) Pause Young (Allocation Failure) 308M->309M(455M) 139.860ms
[2020-08-08T12:44:30.140+0300][249.170s][info][gc] GC(1815) Pause Full (Ergonomics) 309M->41M(455M) 93.747ms
[2020-08-08T12:44:30.232+0300][249.262s][info][gc] GC(1816) Pause Young (Allocation Failure) 98M->98M(455M) 79.941ms
[2020-08-08T12:44:30.369+0300][249.399s][info][gc] GC(1817) Pause Young (Allocation Failure) 156M->156M(455M) 128.991ms
[2020-08-08T12:44:30.509+0300][249.538s][info][gc] GC(1818) Pause Young (Allocation Failure) 213M->213M(455M) 130.841ms
[2020-08-08T12:44:30.671+0300][249.701s][info][gc] GC(1819) Pause Young (Allocation Failure) 270M->270M(455M) 152.568ms
[2020-08-08T12:44:30.822+0300][249.851s][info][gc] GC(1820) Pause Young (Allocation Failure) 327M->327M(455M) 142.827ms
[2020-08-08T12:44:30.993+0300][250.022s][info][gc] GC(1821) Pause Full (Ergonomics) 327M->59M(455M) 170.868ms
[2020-08-08T12:44:31.084+0300][250.114s][info][gc] GC(1822) Pause Young (Allocation Failure) 117M->117M(455M) 80.154ms
[2020-08-08T12:44:31.225+0300][250.255s][info][gc] GC(1823) Pause Young (Allocation Failure) 174M->174M(455M) 133.121ms
[2020-08-08T12:44:31.387+0300][250.416s][info][gc] GC(1824) Pause Young (Allocation Failure) 232M->232M(455M) 151.963ms
[2020-08-08T12:44:31.530+0300][250.560s][info][gc] GC(1825) Pause Young (Allocation Failure) 290M->290M(455M) 135.693ms
[2020-08-08T12:44:31.552+0300][250.581s][info][gc] GC(1826) Pause Full (Ergonomics) 290M->22M(455M) 21.393ms
[2020-08-08T12:44:31.641+0300][250.671s][info][gc] GC(1827) Pause Young (Allocation Failure) 80M->80M(455M) 79.457ms
[2020-08-08T12:44:31.794+0300][250.823s][info][gc] GC(1828) Pause Young (Allocation Failure) 136M->136M(455M) 143.659ms
[2020-08-08T12:44:31.938+0300][250.968s][info][gc] GC(1829) Pause Young (Allocation Failure) 193M->193M(455M) 135.118ms
[2020-08-08T12:44:32.103+0300][251.133s][info][gc] GC(1830) Pause Young (Allocation Failure) 251M->251M(455M) 155.837ms
[2020-08-08T12:44:32.254+0300][251.284s][info][gc] GC(1831) Pause Young (Allocation Failure) 309M->309M(455M) 140.302ms
[2020-08-08T12:44:32.350+0300][251.379s][info][gc] GC(1832) Pause Full (Ergonomics) 309M->41M(455M) 95.189ms
[2020-08-08T12:44:32.438+0300][251.467s][info][gc] GC(1833) Pause Young (Allocation Failure) 98M->98M(455M) 77.911ms
[2020-08-08T12:44:32.577+0300][251.606s][info][gc] GC(1834) Pause Young (Allocation Failure) 156M->156M(455M) 131.575ms
[2020-08-08T12:44:32.718+0300][251.748s][info][gc] GC(1835) Pause Young (Allocation Failure) 213M->213M(455M) 130.743ms
[2020-08-08T12:44:32.879+0300][251.908s][info][gc] GC(1836) Pause Young (Allocation Failure) 270M->270M(455M) 151.493ms
[2020-08-08T12:44:33.029+0300][252.058s][info][gc] GC(1837) Pause Young (Allocation Failure) 327M->327M(455M) 142.247ms
[2020-08-08T12:44:33.199+0300][252.229s][info][gc] GC(1838) Pause Full (Ergonomics) 327M->59M(455M) 170.180ms
[2020-08-08T12:44:33.290+0300][252.320s][info][gc] GC(1839) Pause Young (Allocation Failure) 117M->117M(455M) 79.612ms
[2020-08-08T12:44:33.430+0300][252.460s][info][gc] GC(1840) Pause Young (Allocation Failure) 174M->174M(455M) 131.539ms
[2020-08-08T12:44:33.593+0300][252.623s][info][gc] GC(1841) Pause Young (Allocation Failure) 232M->232M(455M) 152.742ms
[2020-08-08T12:44:33.739+0300][252.769s][info][gc] GC(1842) Pause Young (Allocation Failure) 290M->290M(455M) 137.708ms
[2020-08-08T12:44:33.760+0300][252.789s][info][gc] GC(1843) Pause Full (Ergonomics) 290M->22M(455M) 20.562ms
[2020-08-08T12:44:33.849+0300][252.878s][info][gc] GC(1844) Pause Young (Allocation Failure) 80M->80M(455M) 78.701ms
[2020-08-08T12:44:34.001+0300][253.031s][info][gc] GC(1845) Pause Young (Allocation Failure) 136M->136M(455M) 142.744ms
[2020-08-08T12:44:34.153+0300][253.182s][info][gc] GC(1846) Pause Young (Allocation Failure) 193M->193M(455M) 142.084ms
[2020-08-08T12:44:34.319+0300][253.349s][info][gc] GC(1847) Pause Young (Allocation Failure) 251M->251M(455M) 157.060ms
[2020-08-08T12:44:34.475+0300][253.504s][info][gc] GC(1848) Pause Young (Allocation Failure) 308M->309M(455M) 148.368ms
[2020-08-08T12:44:34.570+0300][253.600s][info][gc] GC(1849) Pause Full (Ergonomics) 309M->41M(455M) 95.210ms
[2020-08-08T12:44:34.661+0300][253.691s][info][gc] GC(1850) Pause Young (Allocation Failure) 98M->98M(455M) 80.276ms
[2020-08-08T12:44:34.801+0300][253.831s][info][gc] GC(1851) Pause Young (Allocation Failure) 156M->156M(455M) 132.305ms
[2020-08-08T12:44:34.942+0300][253.971s][info][gc] GC(1852) Pause Young (Allocation Failure) 213M->213M(455M) 130.693ms
[2020-08-08T12:44:35.101+0300][254.131s][info][gc] GC(1853) Pause Young (Allocation Failure) 270M->270M(455M) 150.367ms
[2020-08-08T12:44:35.255+0300][254.284s][info][gc] GC(1854) Pause Young (Allocation Failure) 327M->327M(455M) 144.460ms
[2020-08-08T12:44:35.421+0300][254.450s][info][gc] GC(1855) Pause Full (Ergonomics) 327M->59M(455M) 166.221ms
[2020-08-08T12:44:35.510+0300][254.539s][info][gc] GC(1856) Pause Young (Allocation Failure) 117M->117M(455M) 78.454ms
[2020-08-08T12:44:35.652+0300][254.681s][info][gc] GC(1857) Pause Young (Allocation Failure) 174M->174M(455M) 133.406ms
[2020-08-08T12:44:35.812+0300][254.841s][info][gc] GC(1858) Pause Young (Allocation Failure) 232M->232M(455M) 151.141ms
[2020-08-08T12:44:35.957+0300][254.987s][info][gc] GC(1859) Pause Young (Allocation Failure) 290M->290M(455M) 137.391ms
[2020-08-08T12:44:35.979+0300][255.008s][info][gc] GC(1860) Pause Full (Ergonomics) 290M->22M(455M) 21.033ms
[2020-08-08T12:44:36.068+0300][255.098s][info][gc] GC(1861) Pause Young (Allocation Failure) 80M->80M(455M) 78.825ms
[2020-08-08T12:44:36.224+0300][255.253s][info][gc] GC(1862) Pause Young (Allocation Failure) 136M->136M(455M) 145.018ms
[2020-08-08T12:44:36.368+0300][255.398s][info][gc] GC(1863) Pause Young (Allocation Failure) 193M->193M(455M) 135.420ms
[2020-08-08T12:44:36.535+0300][255.565s][info][gc] GC(1864) Pause Young (Allocation Failure) 251M->251M(455M) 157.656ms
[2020-08-08T12:44:36.684+0300][255.713s][info][gc] GC(1865) Pause Young (Allocation Failure) 309M->309M(455M) 140.506ms
[2020-08-08T12:44:36.778+0300][255.807s][info][gc] GC(1866) Pause Full (Ergonomics) 309M->41M(455M) 94.133ms
[2020-08-08T12:44:36.867+0300][255.897s][info][gc] GC(1867) Pause Young (Allocation Failure) 98M->98M(455M) 79.108ms
[2020-08-08T12:44:37.004+0300][256.033s][info][gc] GC(1868) Pause Young (Allocation Failure) 156M->156M(455M) 129.274ms
[2020-08-08T12:44:37.161+0300][256.190s][info][gc] GC(1869) Pause Young (Allocation Failure) 213M->214M(455M) 147.732ms
[2020-08-08T12:44:37.323+0300][256.352s][info][gc] GC(1870) Pause Young (Allocation Failure) 270M->270M(455M) 150.602ms
[2020-08-08T12:44:37.472+0300][256.502s][info][gc] GC(1871) Pause Young (Allocation Failure) 327M->327M(455M) 142.040ms
[2020-08-08T12:44:37.643+0300][256.673s][info][gc] GC(1872) Pause Full (Ergonomics) 327M->59M(455M) 170.853ms
[2020-08-08T12:44:37.732+0300][256.761s][info][gc] GC(1873) Pause Young (Allocation Failure) 117M->117M(455M) 78.395ms
[2020-08-08T12:44:37.874+0300][256.903s][info][gc] GC(1874) Pause Young (Allocation Failure) 174M->175M(455M) 134.185ms
[2020-08-08T12:44:38.035+0300][257.064s][info][gc] GC(1875) Pause Young (Allocation Failure) 232M->232M(455M) 151.894ms
[2020-08-08T12:44:38.179+0300][257.209s][info][gc] GC(1876) Pause Young (Allocation Failure) 290M->290M(455M) 136.221ms
[2020-08-08T12:44:38.345+0300][257.374s][info][gc] GC(1877) Pause Young (Allocation Failure) 347M->347M(455M) 154.431ms
[2020-08-08T12:44:38.597+0300][257.627s][info][gc] GC(1878) Pause Full (Ergonomics) 347M->80M(455M) 252.511ms
[2020-08-08T12:44:38.686+0300][257.716s][info][gc] GC(1879) Pause Young (Allocation Failure) 136M->136M(455M) 77.010ms
[2020-08-08T12:44:38.829+0300][257.858s][info][gc] GC(1880) Pause Young (Allocation Failure) 193M->193M(455M) 135.289ms
[2020-08-08T12:44:38.994+0300][258.023s][info][gc] GC(1881) Pause Young (Allocation Failure) 251M->251M(455M) 155.454ms
[2020-08-08T12:44:39.140+0300][258.170s][info][gc] GC(1882) Pause Young (Allocation Failure) 308M->309M(455M) 138.585ms
[2020-08-08T12:44:39.234+0300][258.264s][info][gc] GC(1883) Pause Full (Ergonomics) 309M->41M(455M) 93.853ms
[2020-08-08T12:44:39.325+0300][258.354s][info][gc] GC(1884) Pause Young (Allocation Failure) 98M->98M(455M) 78.745ms
[2020-08-08T12:44:39.462+0300][258.491s][info][gc] GC(1885) Pause Young (Allocation Failure) 156M->156M(455M) 129.889ms
[2020-08-08T12:44:39.603+0300][258.632s][info][gc] GC(1886) Pause Young (Allocation Failure) 213M->213M(455M) 130.480ms
[2020-08-08T12:44:39.763+0300][258.793s][info][gc] GC(1887) Pause Young (Allocation Failure) 270M->270M(455M) 149.013ms
[2020-08-08T12:44:39.913+0300][258.943s][info][gc] GC(1888) Pause Young (Allocation Failure) 327M->327M(455M) 141.327ms
[2020-08-08T12:44:40.083+0300][259.113s][info][gc] GC(1889) Pause Full (Ergonomics) 327M->59M(455M) 169.949ms
[2020-08-08T12:44:40.175+0300][259.204s][info][gc] GC(1890) Pause Young (Allocation Failure) 117M->117M(455M) 80.058ms
[2020-08-08T12:44:40.319+0300][259.349s][info][gc] GC(1891) Pause Young (Allocation Failure) 174M->174M(455M) 133.289ms
[2020-08-08T12:44:40.480+0300][259.509s][info][gc] GC(1892) Pause Young (Allocation Failure) 232M->232M(455M) 151.711ms
[2020-08-08T12:44:40.626+0300][259.655s][info][gc] GC(1893) Pause Young (Allocation Failure) 290M->290M(455M) 137.291ms
[2020-08-08T12:44:40.646+0300][259.676s][info][gc] GC(1894) Pause Full (Ergonomics) 290M->22M(455M) 20.633ms
[2020-08-08T12:44:40.735+0300][259.764s][info][gc] GC(1895) Pause Young (Allocation Failure) 80M->80M(455M) 78.738ms
[2020-08-08T12:44:40.887+0300][259.917s][info][gc] GC(1896) Pause Young (Allocation Failure) 136M->136M(455M) 143.169ms
[2020-08-08T12:44:41.030+0300][260.059s][info][gc] GC(1897) Pause Young (Allocation Failure) 193M->193M(455M) 135.053ms
[2020-08-08T12:44:41.197+0300][260.226s][info][gc] GC(1898) Pause Young (Allocation Failure) 251M->251M(455M) 157.294ms
[2020-08-08T12:44:41.346+0300][260.375s][info][gc] GC(1899) Pause Young (Allocation Failure) 309M->309M(455M) 139.285ms
[2020-08-08T12:44:41.441+0300][260.470s][info][gc] GC(1900) Pause Full (Ergonomics) 309M->41M(455M) 94.757ms
[2020-08-08T12:44:41.530+0300][260.559s][info][gc] GC(1901) Pause Young (Allocation Failure) 98M->98M(455M) 78.858ms
[2020-08-08T12:44:41.666+0300][260.695s][info][gc] GC(1902) Pause Young (Allocation Failure) 156M->156M(455M) 128.472ms
[2020-08-08T12:44:41.805+0300][260.834s][info][gc] GC(1903) Pause Young (Allocation Failure) 213M->213M(455M) 129.202ms
[2020-08-08T12:44:41.963+0300][260.992s][info][gc] GC(1904) Pause Young (Allocation Failure) 270M->270M(455M) 148.752ms
[2020-08-08T12:44:42.114+0300][261.144s][info][gc] GC(1905) Pause Young (Allocation Failure) 327M->327M(455M) 143.150ms
[2020-08-08T12:44:42.285+0300][261.314s][info][gc] GC(1906) Pause Full (Ergonomics) 327M->59M(455M) 170.483ms
[2020-08-08T12:44:42.376+0300][261.405s][info][gc] GC(1907) Pause Young (Allocation Failure) 117M->117M(455M) 79.093ms
[2020-08-08T12:44:42.516+0300][261.546s][info][gc] GC(1908) Pause Young (Allocation Failure) 174M->174M(455M) 132.680ms
[2020-08-08T12:44:42.679+0300][261.709s][info][gc] GC(1909) Pause Young (Allocation Failure) 232M->232M(455M) 153.763ms
[2020-08-08T12:44:42.824+0300][261.854s][info][gc] GC(1910) Pause Young (Allocation Failure) 290M->290M(455M) 137.314ms
[2020-08-08T12:44:42.845+0300][261.875s][info][gc] GC(1911) Pause Full (Ergonomics) 290M->22M(455M) 20.779ms
[2020-08-08T12:44:42.935+0300][261.964s][info][gc] GC(1912) Pause Young (Allocation Failure) 80M->80M(455M) 78.812ms
[2020-08-08T12:44:43.088+0300][262.117s][info][gc] GC(1913) Pause Young (Allocation Failure) 136M->136M(455M) 143.367ms
[2020-08-08T12:44:43.231+0300][262.260s][info][gc] GC(1914) Pause Young (Allocation Failure) 193M->193M(455M) 135.696ms
[2020-08-08T12:44:43.400+0300][262.430s][info][gc] GC(1915) Pause Young (Allocation Failure) 251M->251M(455M) 156.874ms
[2020-08-08T12:44:43.548+0300][262.577s][info][gc] GC(1916) Pause Young (Allocation Failure) 308M->309M(455M) 139.155ms
[2020-08-08T12:44:43.644+0300][262.673s][info][gc] GC(1917) Pause Full (Ergonomics) 309M->41M(455M) 95.955ms
[2020-08-08T12:44:43.732+0300][262.762s][info][gc] GC(1918) Pause Young (Allocation Failure) 98M->98M(455M) 79.054ms
[2020-08-08T12:44:43.870+0300][262.900s][info][gc] GC(1919) Pause Young (Allocation Failure) 156M->156M(455M) 130.070ms
[2020-08-08T12:44:44.009+0300][263.039s][info][gc] GC(1920) Pause Young (Allocation Failure) 213M->213M(455M) 130.237ms
[2020-08-08T12:44:44.170+0300][263.200s][info][gc] GC(1921) Pause Young (Allocation Failure) 270M->270M(455M) 151.022ms
[2020-08-08T12:44:44.325+0300][263.354s][info][gc] GC(1922) Pause Young (Allocation Failure) 327M->327M(455M) 143.995ms
[2020-08-08T12:44:44.492+0300][263.522s][info][gc] GC(1923) Pause Full (Ergonomics) 327M->59M(455M) 167.225ms
[2020-08-08T12:44:44.582+0300][263.611s][info][gc] GC(1924) Pause Young (Allocation Failure) 117M->117M(455M) 79.499ms
[2020-08-08T12:44:44.724+0300][263.753s][info][gc] GC(1925) Pause Young (Allocation Failure) 174M->174M(455M) 134.664ms
[2020-08-08T12:44:44.887+0300][263.916s][info][gc] GC(1926) Pause Young (Allocation Failure) 232M->232M(455M) 153.018ms
[2020-08-08T12:44:45.031+0300][264.060s][info][gc] GC(1927) Pause Young (Allocation Failure) 290M->290M(455M) 136.534ms
[2020-08-08T12:44:45.052+0300][264.081s][info][gc] GC(1928) Pause Full (Ergonomics) 290M->22M(455M) 20.761ms
[2020-08-08T12:44:45.141+0300][264.170s][info][gc] GC(1929) Pause Young (Allocation Failure) 80M->80M(455M) 79.117ms
[2020-08-08T12:44:45.296+0300][264.325s][info][gc] GC(1930) Pause Young (Allocation Failure) 136M->136M(455M) 143.287ms
[2020-08-08T12:44:45.442+0300][264.471s][info][gc] GC(1931) Pause Young (Allocation Failure) 193M->193M(455M) 136.677ms
[2020-08-08T12:44:45.610+0300][264.639s][info][gc] GC(1932) Pause Young (Allocation Failure) 251M->251M(455M) 158.857ms
[2020-08-08T12:44:45.756+0300][264.786s][info][gc] GC(1933) Pause Young (Allocation Failure) 308M->309M(455M) 138.207ms
[2020-08-08T12:44:45.851+0300][264.881s][info][gc] GC(1934) Pause Full (Ergonomics) 309M->41M(455M) 95.168ms
[2020-08-08T12:44:45.941+0300][264.970s][info][gc] GC(1935) Pause Young (Allocation Failure) 98M->98M(455M) 79.154ms
[2020-08-08T12:44:46.078+0300][265.107s][info][gc] GC(1936) Pause Young (Allocation Failure) 156M->156M(455M) 129.947ms
[2020-08-08T12:44:46.219+0300][265.248s][info][gc] GC(1937) Pause Young (Allocation Failure) 213M->214M(455M) 131.187ms
[2020-08-08T12:44:46.382+0300][265.411s][info][gc] GC(1938) Pause Young (Allocation Failure) 270M->270M(455M) 151.383ms
[2020-08-08T12:44:46.534+0300][265.563s][info][gc] GC(1939) Pause Young (Allocation Failure) 327M->327M(455M) 144.228ms
[2020-08-08T12:44:46.706+0300][265.735s][info][gc] GC(1940) Pause Full (Ergonomics) 327M->59M(455M) 171.767ms
[2020-08-08T12:44:46.794+0300][265.823s][info][gc] GC(1941) Pause Young (Allocation Failure) 117M->117M(455M) 78.171ms
[2020-08-08T12:44:46.935+0300][265.965s][info][gc] GC(1942) Pause Young (Allocation Failure) 174M->175M(455M) 132.926ms
[2020-08-08T12:44:47.096+0300][266.126s][info][gc] GC(1943) Pause Young (Allocation Failure) 232M->232M(455M) 151.321ms
[2020-08-08T12:44:47.241+0300][266.270s][info][gc] GC(1944) Pause Young (Allocation Failure) 290M->290M(455M) 136.522ms
[2020-08-08T12:44:47.409+0300][266.439s][info][gc] GC(1945) Pause Young (Allocation Failure) 347M->347M(455M) 156.709ms
[2020-08-08T12:44:47.662+0300][266.692s][info][gc] GC(1946) Pause Full (Ergonomics) 347M->80M(455M) 253.312ms
[2020-08-08T12:44:47.750+0300][266.780s][info][gc] GC(1947) Pause Young (Allocation Failure) 136M->136M(455M) 77.734ms
[2020-08-08T12:44:47.895+0300][266.925s][info][gc] GC(1948) Pause Young (Allocation Failure) 193M->193M(455M) 137.002ms
[2020-08-08T12:44:48.061+0300][267.091s][info][gc] GC(1949) Pause Young (Allocation Failure) 251M->251M(455M) 156.737ms
[2020-08-08T12:44:48.209+0300][267.239s][info][gc] GC(1950) Pause Young (Allocation Failure) 308M->309M(455M) 140.073ms
[2020-08-08T12:44:48.304+0300][267.333s][info][gc] GC(1951) Pause Full (Ergonomics) 309M->41M(455M) 94.411ms
[2020-08-08T12:44:48.396+0300][267.425s][info][gc] GC(1952) Pause Young (Allocation Failure) 98M->98M(455M) 79.134ms
[2020-08-08T12:44:48.535+0300][267.565s][info][gc] GC(1953) Pause Young (Allocation Failure) 156M->156M(455M) 131.110ms
[2020-08-08T12:44:48.676+0300][267.705s][info][gc] GC(1954) Pause Young (Allocation Failure) 213M->213M(455M) 131.251ms
[2020-08-08T12:44:48.836+0300][267.866s][info][gc] GC(1955) Pause Young (Allocation Failure) 270M->270M(455M) 150.992ms
[2020-08-08T12:44:48.988+0300][268.018s][info][gc] GC(1956) Pause Young (Allocation Failure) 327M->327M(455M) 143.865ms
[2020-08-08T12:44:49.159+0300][268.189s][info][gc] GC(1957) Pause Full (Ergonomics) 327M->59M(455M) 170.895ms
[2020-08-08T12:44:49.249+0300][268.279s][info][gc] GC(1958) Pause Young (Allocation Failure) 117M->117M(455M) 79.159ms
[2020-08-08T12:44:49.390+0300][268.419s][info][gc] GC(1959) Pause Young (Allocation Failure) 174M->174M(455M) 132.431ms
[2020-08-08T12:44:49.552+0300][268.582s][info][gc] GC(1960) Pause Young (Allocation Failure) 232M->232M(455M) 151.611ms
[2020-08-08T12:44:49.698+0300][268.727s][info][gc] GC(1961) Pause Young (Allocation Failure) 290M->290M(455M) 138.081ms
[2020-08-08T12:44:49.718+0300][268.748s][info][gc] GC(1962) Pause Full (Ergonomics) 290M->22M(455M) 20.314ms
[2020-08-08T12:44:49.807+0300][268.837s][info][gc] GC(1963) Pause Young (Allocation Failure) 80M->80M(455M) 78.835ms
[2020-08-08T12:44:49.959+0300][268.988s][info][gc] GC(1964) Pause Young (Allocation Failure) 136M->136M(455M) 141.546ms
[2020-08-08T12:44:50.103+0300][269.132s][info][gc] GC(1965) Pause Young (Allocation Failure) 193M->193M(455M) 136.130ms
[2020-08-08T12:44:50.267+0300][269.296s][info][gc] GC(1966) Pause Young (Allocation Failure) 251M->251M(455M) 154.225ms
[2020-08-08T12:44:50.419+0300][269.448s][info][gc] GC(1967) Pause Young (Allocation Failure) 309M->309M(455M) 141.794ms
[2020-08-08T12:44:50.515+0300][269.545s][info][gc] GC(1968) Pause Full (Ergonomics) 309M->41M(455M) 96.510ms
[2020-08-08T12:44:50.604+0300][269.634s][info][gc] GC(1969) Pause Young (Allocation Failure) 98M->98M(455M) 79.118ms
[2020-08-08T12:44:50.745+0300][269.775s][info][gc] GC(1970) Pause Young (Allocation Failure) 156M->156M(455M) 131.383ms
[2020-08-08T12:44:50.885+0300][269.915s][info][gc] GC(1971) Pause Young (Allocation Failure) 213M->213M(455M) 130.228ms
[2020-08-08T12:44:51.046+0300][270.075s][info][gc] GC(1972) Pause Young (Allocation Failure) 270M->270M(455M) 150.588ms
[2020-08-08T12:44:51.197+0300][270.227s][info][gc] GC(1973) Pause Young (Allocation Failure) 327M->327M(455M) 143.513ms
[2020-08-08T12:44:51.368+0300][270.397s][info][gc] GC(1974) Pause Full (Ergonomics) 327M->59M(455M) 170.348ms
[2020-08-08T12:44:51.461+0300][270.490s][info][gc] GC(1975) Pause Young (Allocation Failure) 117M->117M(455M) 80.379ms
[2020-08-08T12:44:51.602+0300][270.632s][info][gc] GC(1976) Pause Young (Allocation Failure) 174M->174M(455M) 134.280ms
[2020-08-08T12:44:51.768+0300][270.797s][info][gc] GC(1977) Pause Young (Allocation Failure) 232M->232M(455M) 153.318ms
[2020-08-08T12:44:51.911+0300][270.941s][info][gc] GC(1978) Pause Young (Allocation Failure) 290M->290M(455M) 136.692ms
[2020-08-08T12:44:51.933+0300][270.962s][info][gc] GC(1979) Pause Full (Ergonomics) 290M->22M(455M) 21.493ms
[2020-08-08T12:44:52.022+0300][271.051s][info][gc] GC(1980) Pause Young (Allocation Failure) 80M->80M(455M) 78.398ms
[2020-08-08T12:44:52.172+0300][271.202s][info][gc] GC(1981) Pause Young (Allocation Failure) 136M->136M(455M) 141.352ms
[2020-08-08T12:44:52.317+0300][271.346s][info][gc] GC(1982) Pause Young (Allocation Failure) 193M->193M(455M) 136.221ms
[2020-08-08T12:44:52.487+0300][271.516s][info][gc] GC(1983) Pause Young (Allocation Failure) 251M->251M(455M) 158.674ms
[2020-08-08T12:44:52.637+0300][271.666s][info][gc] GC(1984) Pause Young (Allocation Failure) 308M->309M(455M) 142.401ms
[2020-08-08T12:44:52.732+0300][271.761s][info][gc] GC(1985) Pause Full (Ergonomics) 309M->41M(455M) 94.743ms
[2020-08-08T12:44:52.822+0300][271.851s][info][gc] GC(1986) Pause Young (Allocation Failure) 98M->98M(455M) 79.917ms
[2020-08-08T12:44:52.960+0300][271.989s][info][gc] GC(1987) Pause Young (Allocation Failure) 156M->156M(455M) 131.163ms
[2020-08-08T12:44:53.101+0300][272.130s][info][gc] GC(1988) Pause Young (Allocation Failure) 213M->213M(455M) 130.846ms
[2020-08-08T12:44:53.261+0300][272.290s][info][gc] GC(1989) Pause Young (Allocation Failure) 270M->270M(455M) 150.588ms
[2020-08-08T12:44:53.420+0300][272.450s][info][gc] GC(1990) Pause Young (Allocation Failure) 327M->327M(455M) 147.156ms
[2020-08-08T12:44:53.590+0300][272.620s][info][gc] GC(1991) Pause Full (Ergonomics) 327M->59M(455M) 169.863ms
[2020-08-08T12:44:53.684+0300][272.713s][info][gc] GC(1992) Pause Young (Allocation Failure) 117M->117M(455M) 81.264ms
[2020-08-08T12:44:53.828+0300][272.858s][info][gc] GC(1993) Pause Young (Allocation Failure) 174M->174M(455M) 135.526ms
[2020-08-08T12:44:53.994+0300][273.024s][info][gc] GC(1994) Pause Young (Allocation Failure) 232M->232M(455M) 154.810ms
[2020-08-08T12:44:54.144+0300][273.174s][info][gc] GC(1995) Pause Young (Allocation Failure) 290M->290M(455M) 141.088ms
[2020-08-08T12:44:54.166+0300][273.195s][info][gc] GC(1996) Pause Full (Ergonomics) 290M->22M(455M) 21.461ms
[2020-08-08T12:44:54.257+0300][273.287s][info][gc] GC(1997) Pause Young (Allocation Failure) 80M->80M(455M) 80.606ms
[2020-08-08T12:44:54.416+0300][273.445s][info][gc] GC(1998) Pause Young (Allocation Failure) 136M->136M(455M) 146.113ms
[2020-08-08T12:44:54.564+0300][273.593s][info][gc] GC(1999) Pause Young (Allocation Failure) 193M->193M(455M) 137.546ms
[2020-08-08T12:44:54.736+0300][273.765s][info][gc] GC(2000) Pause Young (Allocation Failure) 251M->251M(455M) 160.804ms
[2020-08-08T12:44:54.885+0300][273.914s][info][gc] GC(2001) Pause Young (Allocation Failure) 308M->309M(455M) 141.066ms
[2020-08-08T12:44:54.981+0300][274.010s][info][gc] GC(2002) Pause Full (Ergonomics) 309M->41M(455M) 95.831ms
[2020-08-08T12:44:55.087+0300][274.116s][info][gc] GC(2003) Pause Young (Allocation Failure) 98M->98M(455M) 95.583ms
[2020-08-08T12:44:55.260+0300][274.290s][info][gc] GC(2004) Pause Young (Allocation Failure) 156M->156M(455M) 159.439ms
[2020-08-08T12:44:55.418+0300][274.448s][info][gc] GC(2005) Pause Young (Allocation Failure) 213M->213M(455M) 140.113ms
[2020-08-08T12:44:55.595+0300][274.625s][info][gc] GC(2006) Pause Young (Allocation Failure) 270M->270M(455M) 166.031ms
[2020-08-08T12:44:55.766+0300][274.795s][info][gc] GC(2007) Pause Young (Allocation Failure) 327M->327M(455M) 162.524ms
[2020-08-08T12:44:55.954+0300][274.983s][info][gc] GC(2008) Pause Full (Ergonomics) 327M->59M(455M) 187.778ms
[2020-08-08T12:44:56.042+0300][275.072s][info][gc] GC(2009) Pause Young (Allocation Failure) 117M->117M(455M) 79.120ms
[2020-08-08T12:44:56.184+0300][275.213s][info][gc] GC(2010) Pause Young (Allocation Failure) 174M->175M(455M) 133.661ms
[2020-08-08T12:44:56.346+0300][275.375s][info][gc] GC(2011) Pause Young (Allocation Failure) 232M->232M(455M) 152.544ms
[2020-08-08T12:44:56.496+0300][275.525s][info][gc] GC(2012) Pause Young (Allocation Failure) 290M->290M(455M) 138.325ms
[2020-08-08T12:44:56.665+0300][275.694s][info][gc] GC(2013) Pause Young (Allocation Failure) 347M->347M(455M) 159.647ms
[2020-08-08T12:44:56.918+0300][275.948s][info][gc] GC(2014) Pause Full (Ergonomics) 347M->80M(455M) 253.287ms
[2020-08-08T12:44:57.006+0300][276.035s][info][gc] GC(2015) Pause Young (Allocation Failure) 136M->136M(455M) 77.643ms
[2020-08-08T12:44:57.149+0300][276.178s][info][gc] GC(2016) Pause Young (Allocation Failure) 193M->193M(455M) 135.120ms
[2020-08-08T12:44:57.315+0300][276.345s][info][gc] GC(2017) Pause Young (Allocation Failure) 251M->251M(455M) 157.342ms
[2020-08-08T12:44:57.467+0300][276.497s][info][gc] GC(2018) Pause Young (Allocation Failure) 308M->308M(455M) 142.546ms
[2020-08-08T12:44:57.563+0300][276.592s][info][gc] GC(2019) Pause Full (Ergonomics) 308M->41M(455M) 95.331ms
[2020-08-08T12:44:57.652+0300][276.682s][info][gc] GC(2020) Pause Young (Allocation Failure) 98M->98M(455M) 79.009ms
[2020-08-08T12:44:57.790+0300][276.820s][info][gc] GC(2021) Pause Young (Allocation Failure) 156M->156M(455M) 130.973ms
[2020-08-08T12:44:57.931+0300][276.961s][info][gc] GC(2022) Pause Young (Allocation Failure) 213M->213M(455M) 130.617ms
[2020-08-08T12:44:58.091+0300][277.121s][info][gc] GC(2023) Pause Young (Allocation Failure) 270M->270M(455M) 150.472ms
[2020-08-08T12:44:58.242+0300][277.272s][info][gc] GC(2024) Pause Young (Allocation Failure) 327M->327M(455M) 142.487ms
[2020-08-08T12:44:58.414+0300][277.443s][info][gc] GC(2025) Pause Full (Ergonomics) 327M->59M(455M) 171.339ms
[2020-08-08T12:44:58.510+0300][277.540s][info][gc] GC(2026) Pause Young (Allocation Failure) 117M->117M(455M) 83.115ms
[2020-08-08T12:44:58.664+0300][277.693s][info][gc] GC(2027) Pause Young (Allocation Failure) 174M->174M(455M) 144.414ms
[2020-08-08T12:44:58.824+0300][277.854s][info][gc] GC(2028) Pause Young (Allocation Failure) 232M->232M(455M) 150.233ms
[2020-08-08T12:44:58.970+0300][278.000s][info][gc] GC(2029) Pause Young (Allocation Failure) 290M->290M(455M) 138.659ms
[2020-08-08T12:44:58.991+0300][278.020s][info][gc] GC(2030) Pause Full (Ergonomics) 290M->22M(455M) 20.756ms
[2020-08-08T12:44:59.080+0300][278.109s][info][gc] GC(2031) Pause Young (Allocation Failure) 80M->80M(455M) 78.931ms
[2020-08-08T12:44:59.234+0300][278.264s][info][gc] GC(2032) Pause Young (Allocation Failure) 136M->136M(455M) 145.365ms
[2020-08-08T12:44:59.380+0300][278.409s][info][gc] GC(2033) Pause Young (Allocation Failure) 193M->193M(455M) 137.556ms
[2020-08-08T12:44:59.554+0300][278.584s][info][gc] GC(2034) Pause Young (Allocation Failure) 251M->251M(455M) 158.294ms
[2020-08-08T12:44:59.711+0300][278.740s][info][gc] GC(2035) Pause Young (Allocation Failure) 308M->309M(455M) 148.544ms
[2020-08-08T12:44:59.808+0300][278.838s][info][gc] GC(2036) Pause Full (Ergonomics) 309M->41M(455M) 97.431ms
[2020-08-08T12:44:59.898+0300][278.927s][info][gc] GC(2037) Pause Young (Allocation Failure) 98M->98M(455M) 78.888ms
[2020-08-08T12:45:00.039+0300][279.068s][info][gc] GC(2038) Pause Young (Allocation Failure) 156M->156M(455M) 133.560ms
[2020-08-08T12:45:00.180+0300][279.209s][info][gc] GC(2039) Pause Young (Allocation Failure) 213M->213M(455M) 130.894ms
[2020-08-08T12:45:00.341+0300][279.370s][info][gc] GC(2040) Pause Young (Allocation Failure) 270M->270M(455M) 151.640ms
[2020-08-08T12:45:00.496+0300][279.526s][info][gc] GC(2041) Pause Young (Allocation Failure) 327M->327M(455M) 144.841ms
[2020-08-08T12:45:00.663+0300][279.693s][info][gc] GC(2042) Pause Full (Ergonomics) 327M->59M(455M) 166.718ms
[2020-08-08T12:45:00.753+0300][279.782s][info][gc] GC(2043) Pause Young (Allocation Failure) 117M->117M(455M) 79.301ms
[2020-08-08T12:45:00.893+0300][279.922s][info][gc] GC(2044) Pause Young (Allocation Failure) 174M->174M(455M) 132.430ms
[2020-08-08T12:45:01.055+0300][280.085s][info][gc] GC(2045) Pause Young (Allocation Failure) 232M->232M(455M) 152.988ms
[2020-08-08T12:45:01.199+0300][280.228s][info][gc] GC(2046) Pause Young (Allocation Failure) 290M->290M(455M) 135.499ms
[2020-08-08T12:45:01.219+0300][280.248s][info][gc] GC(2047) Pause Full (Ergonomics) 290M->22M(455M) 20.161ms
[2020-08-08T12:45:01.309+0300][280.339s][info][gc] GC(2048) Pause Young (Allocation Failure) 80M->80M(455M) 79.725ms
[2020-08-08T12:45:01.465+0300][280.494s][info][gc] GC(2049) Pause Young (Allocation Failure) 136M->136M(455M) 144.161ms
[2020-08-08T12:45:01.613+0300][280.642s][info][gc] GC(2050) Pause Young (Allocation Failure) 193M->193M(455M) 138.970ms
[2020-08-08T12:45:01.779+0300][280.809s][info][gc] GC(2051) Pause Young (Allocation Failure) 251M->251M(455M) 156.599ms
[2020-08-08T12:45:01.927+0300][280.956s][info][gc] GC(2052) Pause Young (Allocation Failure) 308M->309M(455M) 139.885ms
[2020-08-08T12:45:02.021+0300][281.051s][info][gc] GC(2053) Pause Full (Ergonomics) 309M->41M(455M) 94.660ms
[2020-08-08T12:45:02.109+0300][281.138s][info][gc] GC(2054) Pause Young (Allocation Failure) 98M->98M(455M) 78.221ms
[2020-08-08T12:45:02.247+0300][281.277s][info][gc] GC(2055) Pause Young (Allocation Failure) 156M->156M(455M) 130.929ms
[2020-08-08T12:45:02.404+0300][281.434s][info][gc] GC(2056) Pause Young (Allocation Failure) 213M->214M(455M) 147.037ms
[2020-08-08T12:45:02.569+0300][281.599s][info][gc] GC(2057) Pause Young (Allocation Failure) 270M->270M(455M) 153.312ms
[2020-08-08T12:45:02.721+0300][281.750s][info][gc] GC(2058) Pause Young (Allocation Failure) 327M->327M(455M) 143.722ms
[2020-08-08T12:45:02.893+0300][281.922s][info][gc] GC(2059) Pause Full (Ergonomics) 327M->59M(455M) 171.605ms
[2020-08-08T12:45:02.981+0300][282.011s][info][gc] GC(2060) Pause Young (Allocation Failure) 117M->117M(455M) 78.760ms
[2020-08-08T12:45:03.123+0300][282.152s][info][gc] GC(2061) Pause Young (Allocation Failure) 174M->175M(455M) 133.543ms
[2020-08-08T12:45:03.285+0300][282.314s][info][gc] GC(2062) Pause Young (Allocation Failure) 232M->232M(455M) 153.086ms
[2020-08-08T12:45:03.430+0300][282.459s][info][gc] GC(2063) Pause Young (Allocation Failure) 290M->290M(455M) 137.314ms
[2020-08-08T12:45:03.601+0300][282.630s][info][gc] GC(2064) Pause Young (Allocation Failure) 347M->347M(455M) 155.856ms
[2020-08-08T12:45:03.856+0300][282.885s][info][gc] GC(2065) Pause Full (Ergonomics) 347M->80M(455M) 255.348ms
[2020-08-08T12:45:03.944+0300][282.973s][info][gc] GC(2066) Pause Young (Allocation Failure) 136M->136M(455M) 77.221ms
[2020-08-08T12:45:04.088+0300][283.118s][info][gc] GC(2067) Pause Young (Allocation Failure) 193M->193M(455M) 136.399ms
[2020-08-08T12:45:04.255+0300][283.284s][info][gc] GC(2068) Pause Young (Allocation Failure) 251M->251M(455M) 156.394ms
[2020-08-08T12:45:04.402+0300][283.432s][info][gc] GC(2069) Pause Young (Allocation Failure) 308M->309M(455M) 139.912ms
[2020-08-08T12:45:04.498+0300][283.528s][info][gc] GC(2070) Pause Full (Ergonomics) 309M->41M(455M) 96.377ms
[2020-08-08T12:45:04.589+0300][283.619s][info][gc] GC(2071) Pause Young (Allocation Failure) 98M->98M(455M) 79.353ms
[2020-08-08T12:45:04.728+0300][283.758s][info][gc] GC(2072) Pause Young (Allocation Failure) 156M->156M(455M) 130.466ms
[2020-08-08T12:45:04.869+0300][283.899s][info][gc] GC(2073) Pause Young (Allocation Failure) 213M->213M(455M) 130.030ms
[2020-08-08T12:45:05.027+0300][284.057s][info][gc] GC(2074) Pause Young (Allocation Failure) 270M->270M(455M) 149.848ms
[2020-08-08T12:45:05.178+0300][284.208s][info][gc] GC(2075) Pause Young (Allocation Failure) 327M->327M(455M) 142.672ms
[2020-08-08T12:45:05.348+0300][284.378s][info][gc] GC(2076) Pause Full (Ergonomics) 327M->59M(455M) 170.373ms
[2020-08-08T12:45:05.441+0300][284.471s][info][gc] GC(2077) Pause Young (Allocation Failure) 117M->117M(455M) 80.278ms
[2020-08-08T12:45:05.583+0300][284.613s][info][gc] GC(2078) Pause Young (Allocation Failure) 174M->174M(455M) 133.952ms
[2020-08-08T12:45:05.745+0300][284.775s][info][gc] GC(2079) Pause Young (Allocation Failure) 232M->232M(455M) 152.196ms
[2020-08-08T12:45:05.889+0300][284.919s][info][gc] GC(2080) Pause Young (Allocation Failure) 290M->290M(455M) 136.235ms
[2020-08-08T12:45:05.910+0300][284.940s][info][gc] GC(2081) Pause Full (Ergonomics) 290M->22M(455M) 21.045ms
[2020-08-08T12:45:05.999+0300][285.029s][info][gc] GC(2082) Pause Young (Allocation Failure) 80M->80M(455M) 78.318ms
[2020-08-08T12:45:06.150+0300][285.180s][info][gc] GC(2083) Pause Young (Allocation Failure) 136M->136M(455M) 142.273ms
[2020-08-08T12:45:06.294+0300][285.323s][info][gc] GC(2084) Pause Young (Allocation Failure) 193M->193M(455M) 136.752ms
[2020-08-08T12:45:06.460+0300][285.490s][info][gc] GC(2085) Pause Young (Allocation Failure) 251M->251M(455M) 156.704ms
[2020-08-08T12:45:06.612+0300][285.642s][info][gc] GC(2086) Pause Young (Allocation Failure) 309M->309M(455M) 141.570ms
[2020-08-08T12:45:06.708+0300][285.738s][info][gc] GC(2087) Pause Full (Ergonomics) 309M->41M(455M) 95.065ms
[2020-08-08T12:45:06.797+0300][285.827s][info][gc] GC(2088) Pause Young (Allocation Failure) 98M->98M(455M) 79.264ms
[2020-08-08T12:45:06.934+0300][285.964s][info][gc] GC(2089) Pause Young (Allocation Failure) 156M->156M(455M) 130.122ms
[2020-08-08T12:45:07.074+0300][286.104s][info][gc] GC(2090) Pause Young (Allocation Failure) 213M->213M(455M) 129.866ms
[2020-08-08T12:45:07.232+0300][286.262s][info][gc] GC(2091) Pause Young (Allocation Failure) 270M->270M(455M) 149.113ms
[2020-08-08T12:45:07.382+0300][286.412s][info][gc] GC(2092) Pause Young (Allocation Failure) 327M->327M(455M) 142.079ms
[2020-08-08T12:45:07.552+0300][286.582s][info][gc] GC(2093) Pause Full (Ergonomics) 327M->59M(455M) 170.260ms
[2020-08-08T12:45:07.646+0300][286.676s][info][gc] GC(2094) Pause Young (Allocation Failure) 117M->117M(455M) 81.046ms
[2020-08-08T12:45:07.788+0300][286.818s][info][gc] GC(2095) Pause Young (Allocation Failure) 174M->174M(455M) 134.922ms
[2020-08-08T12:45:07.950+0300][286.980s][info][gc] GC(2096) Pause Young (Allocation Failure) 232M->232M(455M) 152.104ms
[2020-08-08T12:45:08.092+0300][287.122s][info][gc] GC(2097) Pause Young (Allocation Failure) 290M->290M(455M) 135.187ms
[2020-08-08T12:45:08.114+0300][287.144s][info][gc] GC(2098) Pause Full (Ergonomics) 290M->22M(455M) 21.198ms
[2020-08-08T12:45:08.202+0300][287.232s][info][gc] GC(2099) Pause Young (Allocation Failure) 80M->80M(455M) 78.532ms
[2020-08-08T12:45:08.354+0300][287.384s][info][gc] GC(2100) Pause Young (Allocation Failure) 136M->136M(455M) 143.353ms
[2020-08-08T12:45:08.500+0300][287.529s][info][gc] GC(2101) Pause Young (Allocation Failure) 193M->193M(455M) 136.519ms
[2020-08-08T12:45:08.670+0300][287.700s][info][gc] GC(2102) Pause Young (Allocation Failure) 251M->251M(455M) 157.455ms
[2020-08-08T12:45:08.817+0300][287.847s][info][gc] GC(2103) Pause Young (Allocation Failure) 308M->309M(455M) 139.870ms
[2020-08-08T12:45:08.911+0300][287.941s][info][gc] GC(2104) Pause Full (Ergonomics) 309M->41M(455M) 93.948ms
[2020-08-08T12:45:09.000+0300][288.029s][info][gc] GC(2105) Pause Young (Allocation Failure) 98M->98M(455M) 78.063ms
[2020-08-08T12:45:09.134+0300][288.164s][info][gc] GC(2106) Pause Young (Allocation Failure) 156M->156M(455M) 127.861ms
[2020-08-08T12:45:09.273+0300][288.303s][info][gc] GC(2107) Pause Young (Allocation Failure) 213M->213M(455M) 129.225ms
[2020-08-08T12:45:09.432+0300][288.462s][info][gc] GC(2108) Pause Young (Allocation Failure) 270M->270M(455M) 148.943ms
[2020-08-08T12:45:09.585+0300][288.615s][info][gc] GC(2109) Pause Young (Allocation Failure) 327M->327M(455M) 143.490ms
[2020-08-08T12:45:09.752+0300][288.782s][info][gc] GC(2110) Pause Full (Ergonomics) 327M->59M(455M) 166.582ms
[2020-08-08T12:45:09.840+0300][288.870s][info][gc] GC(2111) Pause Young (Allocation Failure) 117M->117M(455M) 78.505ms
[2020-08-08T12:45:09.980+0300][289.010s][info][gc] GC(2112) Pause Young (Allocation Failure) 174M->174M(455M) 132.079ms
[2020-08-08T12:45:10.143+0300][289.173s][info][gc] GC(2113) Pause Young (Allocation Failure) 232M->232M(455M) 152.449ms
[2020-08-08T12:45:10.285+0300][289.315s][info][gc] GC(2114) Pause Young (Allocation Failure) 290M->290M(455M) 134.943ms
[2020-08-08T12:45:10.307+0300][289.336s][info][gc] GC(2115) Pause Full (Ergonomics) 290M->22M(455M) 21.145ms
[2020-08-08T12:45:10.395+0300][289.425s][info][gc] GC(2116) Pause Young (Allocation Failure) 80M->80M(455M) 78.441ms
[2020-08-08T12:45:10.550+0300][289.580s][info][gc] GC(2117) Pause Young (Allocation Failure) 136M->136M(455M) 144.005ms
[2020-08-08T12:45:10.698+0300][289.728s][info][gc] GC(2118) Pause Young (Allocation Failure) 193M->193M(455M) 137.818ms
[2020-08-08T12:45:10.864+0300][289.894s][info][gc] GC(2119) Pause Young (Allocation Failure) 251M->251M(455M) 156.314ms
[2020-08-08T12:45:11.010+0300][290.040s][info][gc] GC(2120) Pause Young (Allocation Failure) 308M->309M(455M) 138.848ms
[2020-08-08T12:45:11.104+0300][290.134s][info][gc] GC(2121) Pause Full (Ergonomics) 309M->41M(455M) 94.248ms
[2020-08-08T12:45:11.193+0300][290.223s][info][gc] GC(2122) Pause Young (Allocation Failure) 98M->98M(455M) 77.644ms
[2020-08-08T12:45:11.330+0300][290.360s][info][gc] GC(2123) Pause Young (Allocation Failure) 156M->156M(455M) 129.742ms
[2020-08-08T12:45:11.472+0300][290.502s][info][gc] GC(2124) Pause Young (Allocation Failure) 213M->213M(455M) 131.110ms
[2020-08-08T12:45:11.634+0300][290.664s][info][gc] GC(2125) Pause Young (Allocation Failure) 270M->270M(455M) 151.037ms
[2020-08-08T12:45:11.786+0300][290.816s][info][gc] GC(2126) Pause Young (Allocation Failure) 327M->327M(455M) 143.264ms
[2020-08-08T12:45:11.956+0300][290.986s][info][gc] GC(2127) Pause Full (Ergonomics) 327M->59M(455M) 169.894ms
[2020-08-08T12:45:12.044+0300][291.074s][info][gc] GC(2128) Pause Young (Allocation Failure) 117M->117M(455M) 78.495ms
[2020-08-08T12:45:12.185+0300][291.215s][info][gc] GC(2129) Pause Young (Allocation Failure) 174M->175M(455M) 132.970ms
[2020-08-08T12:45:12.346+0300][291.376s][info][gc] GC(2130) Pause Young (Allocation Failure) 232M->232M(455M) 151.339ms
[2020-08-08T12:45:12.492+0300][291.522s][info][gc] GC(2131) Pause Young (Allocation Failure) 290M->290M(455M) 137.593ms
[2020-08-08T12:45:12.659+0300][291.689s][info][gc] GC(2132) Pause Young (Allocation Failure) 347M->347M(455M) 155.850ms
[2020-08-08T12:45:12.911+0300][291.941s][info][gc] GC(2133) Pause Full (Ergonomics) 347M->80M(455M) 251.889ms
[2020-08-08T12:45:12.998+0300][292.028s][info][gc] GC(2134) Pause Young (Allocation Failure) 136M->136M(455M) 77.484ms
[2020-08-08T12:45:13.141+0300][292.171s][info][gc] GC(2135) Pause Young (Allocation Failure) 193M->193M(455M) 135.862ms
[2020-08-08T12:45:13.305+0300][292.335s][info][gc] GC(2136) Pause Young (Allocation Failure) 251M->251M(455M) 154.943ms
[2020-08-08T12:45:13.452+0300][292.482s][info][gc] GC(2137) Pause Young (Allocation Failure) 308M->309M(455M) 138.882ms
[2020-08-08T12:45:13.546+0300][292.576s][info][gc] GC(2138) Pause Full (Ergonomics) 309M->41M(455M) 93.745ms
[2020-08-08T12:45:13.642+0300][292.672s][info][gc] GC(2139) Pause Young (Allocation Failure) 98M->98M(455M) 83.361ms
[2020-08-08T12:45:13.780+0300][292.810s][info][gc] GC(2140) Pause Young (Allocation Failure) 156M->156M(455M) 130.501ms
[2020-08-08T12:45:13.920+0300][292.950s][info][gc] GC(2141) Pause Young (Allocation Failure) 213M->213M(455M) 130.568ms
[2020-08-08T12:45:14.080+0300][293.110s][info][gc] GC(2142) Pause Young (Allocation Failure) 270M->270M(455M) 149.583ms
[2020-08-08T12:45:14.231+0300][293.261s][info][gc] GC(2143) Pause Young (Allocation Failure) 327M->327M(455M) 143.266ms
[2020-08-08T12:45:14.402+0300][293.432s][info][gc] GC(2144) Pause Full (Ergonomics) 327M->59M(455M) 171.360ms
[2020-08-08T12:45:14.491+0300][293.521s][info][gc] GC(2145) Pause Young (Allocation Failure) 117M->117M(455M) 79.257ms
[2020-08-08T12:45:14.637+0300][293.667s][info][gc] GC(2146) Pause Young (Allocation Failure) 174M->175M(455M) 135.813ms
[2020-08-08T12:45:14.799+0300][293.829s][info][gc] GC(2147) Pause Young (Allocation Failure) 232M->232M(455M) 151.276ms
[2020-08-08T12:45:14.942+0300][293.972s][info][gc] GC(2148) Pause Young (Allocation Failure) 290M->290M(455M) 136.070ms
[2020-08-08T12:45:14.963+0300][293.993s][info][gc] GC(2149) Pause Full (Ergonomics) 290M->22M(455M) 21.130ms
[2020-08-08T12:45:15.052+0300][294.082s][info][gc] GC(2150) Pause Young (Allocation Failure) 80M->80M(455M) 78.890ms
[2020-08-08T12:45:15.204+0300][294.234s][info][gc] GC(2151) Pause Young (Allocation Failure) 136M->136M(455M) 142.447ms
[2020-08-08T12:45:15.347+0300][294.377s][info][gc] GC(2152) Pause Young (Allocation Failure) 193M->193M(455M) 135.251ms
[2020-08-08T12:45:15.513+0300][294.543s][info][gc] GC(2153) Pause Young (Allocation Failure) 251M->251M(455M) 156.849ms
[2020-08-08T12:45:15.664+0300][294.694s][info][gc] GC(2154) Pause Young (Allocation Failure) 309M->309M(455M) 140.328ms
[2020-08-08T12:45:15.759+0300][294.789s][info][gc] GC(2155) Pause Full (Ergonomics) 309M->41M(455M) 94.769ms
[2020-08-08T12:45:15.848+0300][294.878s][info][gc] GC(2156) Pause Young (Allocation Failure) 98M->98M(455M) 78.864ms
[2020-08-08T12:45:15.986+0300][295.016s][info][gc] GC(2157) Pause Young (Allocation Failure) 156M->156M(455M) 130.541ms
[2020-08-08T12:45:16.126+0300][295.156s][info][gc] GC(2158) Pause Young (Allocation Failure) 213M->213M(455M) 129.936ms
[2020-08-08T12:45:16.285+0300][295.315s][info][gc] GC(2159) Pause Young (Allocation Failure) 270M->270M(455M) 150.021ms
[2020-08-08T12:45:16.435+0300][295.464s][info][gc] GC(2160) Pause Young (Allocation Failure) 327M->327M(455M) 142.206ms
[2020-08-08T12:45:16.607+0300][295.637s][info][gc] GC(2161) Pause Full (Ergonomics) 327M->59M(455M) 172.507ms
[2020-08-08T12:45:16.700+0300][295.730s][info][gc] GC(2162) Pause Young (Allocation Failure) 117M->117M(455M) 79.375ms
[2020-08-08T12:45:16.840+0300][295.870s][info][gc] GC(2163) Pause Young (Allocation Failure) 174M->174M(455M) 132.263ms
[2020-08-08T12:45:17.001+0300][296.031s][info][gc] GC(2164) Pause Young (Allocation Failure) 232M->232M(455M) 151.346ms
[2020-08-08T12:45:17.145+0300][296.175s][info][gc] GC(2165) Pause Young (Allocation Failure) 290M->290M(455M) 136.084ms
[2020-08-08T12:45:17.166+0300][296.196s][info][gc] GC(2166) Pause Full (Ergonomics) 290M->22M(455M) 20.579ms
[2020-08-08T12:45:17.255+0300][296.285s][info][gc] GC(2167) Pause Young (Allocation Failure) 80M->80M(455M) 78.868ms
[2020-08-08T12:45:17.407+0300][296.437s][info][gc] GC(2168) Pause Young (Allocation Failure) 136M->136M(455M) 142.417ms
[2020-08-08T12:45:17.550+0300][296.580s][info][gc] GC(2169) Pause Young (Allocation Failure) 193M->193M(455M) 135.443ms
[2020-08-08T12:45:17.719+0300][296.749s][info][gc] GC(2170) Pause Young (Allocation Failure) 251M->251M(455M) 158.588ms
[2020-08-08T12:45:17.866+0300][296.896s][info][gc] GC(2171) Pause Young (Allocation Failure) 308M->309M(455M) 139.156ms
[2020-08-08T12:45:17.961+0300][296.991s][info][gc] GC(2172) Pause Full (Ergonomics) 309M->41M(455M) 94.891ms
[2020-08-08T12:45:18.051+0300][297.081s][info][gc] GC(2173) Pause Young (Allocation Failure) 98M->98M(455M) 78.766ms
[2020-08-08T12:45:18.187+0300][297.217s][info][gc] GC(2174) Pause Young (Allocation Failure) 156M->156M(455M) 128.452ms
[2020-08-08T12:45:18.327+0300][297.356s][info][gc] GC(2175) Pause Young (Allocation Failure) 213M->213M(455M) 130.330ms
[2020-08-08T12:45:18.485+0300][297.515s][info][gc] GC(2176) Pause Young (Allocation Failure) 270M->270M(455M) 149.415ms
[2020-08-08T12:45:18.637+0300][297.667s][info][gc] GC(2177) Pause Young (Allocation Failure) 327M->327M(455M) 143.817ms
[2020-08-08T12:45:18.810+0300][297.840s][info][gc] GC(2178) Pause Full (Ergonomics) 327M->59M(455M) 172.486ms
[2020-08-08T12:45:18.901+0300][297.931s][info][gc] GC(2179) Pause Young (Allocation Failure) 117M->117M(455M) 78.724ms
[2020-08-08T12:45:19.041+0300][298.071s][info][gc] GC(2180) Pause Young (Allocation Failure) 174M->174M(455M) 132.767ms
[2020-08-08T12:45:19.204+0300][298.234s][info][gc] GC(2181) Pause Young (Allocation Failure) 232M->232M(455M) 152.672ms
[2020-08-08T12:45:19.348+0300][298.378s][info][gc] GC(2182) Pause Young (Allocation Failure) 290M->290M(455M) 136.848ms
[2020-08-08T12:45:19.369+0300][298.399s][info][gc] GC(2183) Pause Full (Ergonomics) 290M->22M(455M) 21.291ms
[2020-08-08T12:45:19.458+0300][298.488s][info][gc] GC(2184) Pause Young (Allocation Failure) 80M->80M(455M) 79.280ms
[2020-08-08T12:45:19.611+0300][298.641s][info][gc] GC(2185) Pause Young (Allocation Failure) 136M->136M(455M) 143.727ms
[2020-08-08T12:45:19.761+0300][298.791s][info][gc] GC(2186) Pause Young (Allocation Failure) 193M->193M(455M) 139.048ms
[2020-08-08T12:45:19.927+0300][298.957s][info][gc] GC(2187) Pause Young (Allocation Failure) 251M->251M(455M) 156.535ms
[2020-08-08T12:45:20.075+0300][299.105s][info][gc] GC(2188) Pause Young (Allocation Failure) 308M->309M(455M) 138.890ms
[2020-08-08T12:45:20.169+0300][299.199s][info][gc] GC(2189) Pause Full (Ergonomics) 309M->41M(455M) 94.251ms
[2020-08-08T12:45:20.258+0300][299.288s][info][gc] GC(2190) Pause Young (Allocation Failure) 98M->98M(455M) 79.129ms
[2020-08-08T12:45:20.396+0300][299.426s][info][gc] GC(2191) Pause Young (Allocation Failure) 156M->156M(455M) 129.677ms
[2020-08-08T12:45:20.536+0300][299.566s][info][gc] GC(2192) Pause Young (Allocation Failure) 213M->213M(455M) 129.719ms
[2020-08-08T12:45:20.700+0300][299.730s][info][gc] GC(2193) Pause Young (Allocation Failure) 270M->270M(455M) 151.357ms
[2020-08-08T12:45:20.851+0300][299.881s][info][gc] GC(2194) Pause Young (Allocation Failure) 327M->327M(455M) 143.162ms
[2020-08-08T12:45:21.017+0300][300.047s][info][gc] GC(2195) Pause Full (Ergonomics) 327M->59M(455M) 166.152ms
[2020-08-08T12:45:21.106+0300][300.136s][info][gc] GC(2196) Pause Young (Allocation Failure) 117M->117M(455M) 78.765ms
[2020-08-08T12:45:21.247+0300][300.277s][info][gc] GC(2197) Pause Young (Allocation Failure) 174M->175M(455M) 133.319ms
[2020-08-08T12:45:21.408+0300][300.438s][info][gc] GC(2198) Pause Young (Allocation Failure) 232M->232M(455M) 151.763ms
[2020-08-08T12:45:21.552+0300][300.582s][info][gc] GC(2199) Pause Young (Allocation Failure) 290M->290M(455M) 136.777ms
[2020-08-08T12:45:21.720+0300][300.750s][info][gc] GC(2200) Pause Young (Allocation Failure) 347M->347M(455M) 156.927ms
[2020-08-08T12:45:21.973+0300][301.003s][info][gc] GC(2201) Pause Full (Ergonomics) 347M->80M(455M) 252.965ms
[2020-08-08T12:45:22.061+0300][301.091s][info][gc] GC(2202) Pause Young (Allocation Failure) 136M->136M(455M) 77.013ms
[2020-08-08T12:45:22.205+0300][301.235s][info][gc] GC(2203) Pause Young (Allocation Failure) 193M->193M(455M) 135.953ms
[2020-08-08T12:45:22.369+0300][301.399s][info][gc] GC(2204) Pause Young (Allocation Failure) 251M->251M(455M) 154.202ms
[2020-08-08T12:45:22.517+0300][301.547s][info][gc] GC(2205) Pause Young (Allocation Failure) 308M->309M(455M) 140.991ms
[2020-08-08T12:45:22.613+0300][301.643s][info][gc] GC(2206) Pause Full (Ergonomics) 309M->41M(455M) 96.000ms
[2020-08-08T12:45:22.706+0300][301.736s][info][gc] GC(2207) Pause Young (Allocation Failure) 98M->98M(455M) 80.225ms
[2020-08-08T12:45:22.843+0300][301.873s][info][gc] GC(2208) Pause Young (Allocation Failure) 156M->156M(455M) 129.770ms
[2020-08-08T12:45:22.984+0300][302.014s][info][gc] GC(2209) Pause Young (Allocation Failure) 213M->213M(455M) 130.359ms
[2020-08-08T12:45:23.141+0300][302.171s][info][gc] GC(2210) Pause Young (Allocation Failure) 270M->270M(455M) 148.177ms
[2020-08-08T12:45:23.292+0300][302.322s][info][gc] GC(2211) Pause Young (Allocation Failure) 327M->327M(455M) 142.638ms
[2020-08-08T12:45:23.464+0300][302.494s][info][gc] GC(2212) Pause Full (Ergonomics) 327M->59M(455M) 171.168ms
[2020-08-08T12:45:23.553+0300][302.583s][info][gc] GC(2213) Pause Young (Allocation Failure) 117M->117M(455M) 79.253ms
[2020-08-08T12:45:23.696+0300][302.726s][info][gc] GC(2214) Pause Young (Allocation Failure) 174M->175M(455M) 134.553ms
[2020-08-08T12:45:23.861+0300][302.891s][info][gc] GC(2215) Pause Young (Allocation Failure) 232M->232M(455M) 153.867ms
[2020-08-08T12:45:24.005+0300][303.035s][info][gc] GC(2216) Pause Young (Allocation Failure) 290M->290M(455M) 136.419ms
[2020-08-08T12:45:24.027+0300][303.057s][info][gc] GC(2217) Pause Full (Ergonomics) 290M->22M(455M) 21.783ms
[2020-08-08T12:45:24.117+0300][303.147s][info][gc] GC(2218) Pause Young (Allocation Failure) 80M->80M(455M) 79.520ms
[2020-08-08T12:45:24.269+0300][303.299s][info][gc] GC(2219) Pause Young (Allocation Failure) 136M->136M(455M) 143.878ms
[2020-08-08T12:45:24.416+0300][303.446s][info][gc] GC(2220) Pause Young (Allocation Failure) 193M->193M(455M) 137.684ms
[2020-08-08T12:45:24.583+0300][303.613s][info][gc] GC(2221) Pause Young (Allocation Failure) 251M->251M(455M) 157.185ms
[2020-08-08T12:45:24.735+0300][303.765s][info][gc] GC(2222) Pause Young (Allocation Failure) 309M->309M(455M) 143.572ms
[2020-08-08T12:45:24.830+0300][303.860s][info][gc] GC(2223) Pause Full (Ergonomics) 309M->41M(455M) 94.071ms
[2020-08-08T12:45:24.919+0300][303.949s][info][gc] GC(2224) Pause Young (Allocation Failure) 98M->98M(455M) 78.243ms
[2020-08-08T12:45:25.057+0300][304.087s][info][gc] GC(2225) Pause Young (Allocation Failure) 156M->156M(455M) 129.937ms
[2020-08-08T12:45:25.197+0300][304.227s][info][gc] GC(2226) Pause Young (Allocation Failure) 213M->213M(455M) 130.007ms
[2020-08-08T12:45:25.356+0300][304.386s][info][gc] GC(2227) Pause Young (Allocation Failure) 270M->270M(455M) 149.671ms
[2020-08-08T12:45:25.505+0300][304.535s][info][gc] GC(2228) Pause Young (Allocation Failure) 327M->327M(455M) 140.872ms
[2020-08-08T12:45:25.678+0300][304.708s][info][gc] GC(2229) Pause Full (Ergonomics) 327M->59M(455M) 172.768ms
[2020-08-08T12:45:25.770+0300][304.800s][info][gc] GC(2230) Pause Young (Allocation Failure) 117M->117M(455M) 79.938ms
[2020-08-08T12:45:25.909+0300][304.939s][info][gc] GC(2231) Pause Young (Allocation Failure) 174M->174M(455M) 131.714ms
[2020-08-08T12:45:26.070+0300][305.100s][info][gc] GC(2232) Pause Young (Allocation Failure) 232M->232M(455M) 151.231ms
[2020-08-08T12:45:26.212+0300][305.242s][info][gc] GC(2233) Pause Young (Allocation Failure) 290M->290M(455M) 134.323ms
[2020-08-08T12:45:26.232+0300][305.262s][info][gc] GC(2234) Pause Full (Ergonomics) 290M->22M(455M) 20.595ms
[2020-08-08T12:45:26.321+0300][305.351s][info][gc] GC(2235) Pause Young (Allocation Failure) 80M->80M(455M) 78.896ms
[2020-08-08T12:45:26.473+0300][305.503s][info][gc] GC(2236) Pause Young (Allocation Failure) 136M->136M(455M) 142.257ms
[2020-08-08T12:45:26.617+0300][305.647s][info][gc] GC(2237) Pause Young (Allocation Failure) 193M->193M(455M) 136.923ms
[2020-08-08T12:45:26.786+0300][305.816s][info][gc] GC(2238) Pause Young (Allocation Failure) 251M->251M(455M) 158.795ms
[2020-08-08T12:45:26.934+0300][305.964s][info][gc] GC(2239) Pause Young (Allocation Failure) 309M->309M(455M) 139.063ms
[2020-08-08T12:45:27.029+0300][306.058s][info][gc] GC(2240) Pause Full (Ergonomics) 309M->41M(455M) 94.802ms
[2020-08-08T12:45:27.117+0300][306.147s][info][gc] GC(2241) Pause Young (Allocation Failure) 98M->98M(455M) 78.156ms
[2020-08-08T12:45:27.250+0300][306.280s][info][gc] GC(2242) Pause Young (Allocation Failure) 156M->156M(455M) 126.780ms
[2020-08-08T12:45:27.390+0300][306.420s][info][gc] GC(2243) Pause Young (Allocation Failure) 213M->213M(455M) 130.413ms
[2020-08-08T12:45:27.550+0300][306.580s][info][gc] GC(2244) Pause Young (Allocation Failure) 270M->270M(455M) 150.399ms
[2020-08-08T12:45:27.703+0300][306.733s][info][gc] GC(2245) Pause Young (Allocation Failure) 327M->327M(455M) 144.547ms
[2020-08-08T12:45:27.874+0300][306.904s][info][gc] GC(2246) Pause Full (Ergonomics) 327M->59M(455M) 171.152ms
[2020-08-08T12:45:27.965+0300][306.995s][info][gc] GC(2247) Pause Young (Allocation Failure) 117M->117M(455M) 78.994ms
[2020-08-08T12:45:28.106+0300][307.136s][info][gc] GC(2248) Pause Young (Allocation Failure) 174M->174M(455M) 132.461ms
[2020-08-08T12:45:28.268+0300][307.298s][info][gc] GC(2249) Pause Young (Allocation Failure) 232M->232M(455M) 152.521ms
[2020-08-08T12:45:28.413+0300][307.443s][info][gc] GC(2250) Pause Young (Allocation Failure) 289M->290M(455M) 137.214ms
[2020-08-08T12:45:28.433+0300][307.463s][info][gc] GC(2251) Pause Full (Ergonomics) 290M->22M(455M) 19.577ms
[2020-08-08T12:45:28.522+0300][307.552s][info][gc] GC(2252) Pause Young (Allocation Failure) 79M->79M(455M) 78.638ms
[2020-08-08T12:45:28.676+0300][307.706s][info][gc] GC(2253) Pause Young (Allocation Failure) 137M->136M(455M) 144.958ms
[2020-08-08T12:45:28.827+0300][307.857s][info][gc] GC(2254) Pause Young (Allocation Failure) 193M->193M(455M) 139.223ms
[2020-08-08T12:45:28.991+0300][308.021s][info][gc] GC(2255) Pause Young (Allocation Failure) 251M->251M(455M) 155.181ms
[2020-08-08T12:45:29.138+0300][308.168s][info][gc] GC(2256) Pause Young (Allocation Failure) 308M->308M(455M) 139.066ms
[2020-08-08T12:45:29.230+0300][308.260s][info][gc] GC(2257) Pause Full (Ergonomics) 308M->40M(455M) 91.839ms
[2020-08-08T12:45:29.320+0300][308.350s][info][gc] GC(2258) Pause Young (Allocation Failure) 98M->98M(455M) 79.413ms
[2020-08-08T12:45:29.458+0300][308.488s][info][gc] GC(2259) Pause Young (Allocation Failure) 155M->156M(455M) 130.795ms
[2020-08-08T12:45:29.599+0300][308.629s][info][gc] GC(2260) Pause Young (Allocation Failure) 213M->213M(455M) 130.540ms
[2020-08-08T12:45:29.758+0300][308.788s][info][gc] GC(2261) Pause Young (Allocation Failure) 271M->270M(455M) 149.822ms
[2020-08-08T12:45:29.914+0300][308.944s][info][gc] GC(2262) Pause Young (Allocation Failure) 327M->327M(455M) 143.602ms
[2020-08-08T12:45:30.083+0300][309.113s][info][gc] GC(2263) Pause Full (Ergonomics) 327M->60M(455M) 168.953ms
[2020-08-08T12:45:30.172+0300][309.202s][info][gc] GC(2264) Pause Young (Allocation Failure) 117M->117M(455M) 78.748ms
[2020-08-08T12:45:30.313+0300][309.343s][info][gc] GC(2265) Pause Young (Allocation Failure) 175M->175M(455M) 133.684ms
[2020-08-08T12:45:30.475+0300][309.505s][info][gc] GC(2266) Pause Young (Allocation Failure) 232M->232M(455M) 152.464ms
[2020-08-08T12:45:30.620+0300][309.650s][info][gc] GC(2267) Pause Young (Allocation Failure) 290M->290M(455M) 137.654ms
[2020-08-08T12:45:30.640+0300][309.670s][info][gc] GC(2268) Pause Full (Ergonomics) 290M->22M(455M) 19.480ms
[2020-08-08T12:45:30.729+0300][309.759s][info][gc] GC(2269) Pause Young (Allocation Failure) 79M->79M(455M) 78.740ms
[2020-08-08T12:45:30.889+0300][309.919s][info][gc] GC(2270) Pause Young (Allocation Failure) 136M->136M(455M) 147.116ms
[2020-08-08T12:45:31.034+0300][310.064s][info][gc] GC(2271) Pause Young (Allocation Failure) 193M->194M(455M) 136.340ms
[2020-08-08T12:45:31.199+0300][310.230s][info][gc] GC(2272) Pause Young (Allocation Failure) 251M->251M(455M) 156.556ms
[2020-08-08T12:45:31.347+0300][310.377s][info][gc] GC(2273) Pause Young (Allocation Failure) 309M->309M(455M) 140.022ms
[2020-08-08T12:45:31.442+0300][310.473s][info][gc] GC(2274) Pause Full (Ergonomics) 309M->41M(455M) 95.624ms
[2020-08-08T12:45:31.531+0300][310.562s][info][gc] GC(2275) Pause Young (Allocation Failure) 98M->98M(455M) 79.139ms
[2020-08-08T12:45:31.671+0300][310.701s][info][gc] GC(2276) Pause Young (Allocation Failure) 156M->156M(455M) 131.638ms
[2020-08-08T12:45:31.835+0300][310.865s][info][gc] GC(2277) Pause Young (Allocation Failure) 214M->214M(455M) 153.342ms
[2020-08-08T12:45:31.995+0300][311.025s][info][gc] GC(2278) Pause Young (Allocation Failure) 270M->270M(455M) 149.073ms
[2020-08-08T12:45:32.145+0300][311.176s][info][gc] GC(2279) Pause Young (Allocation Failure) 327M->327M(455M) 143.052ms
[2020-08-08T12:45:32.315+0300][311.345s][info][gc] GC(2280) Pause Full (Ergonomics) 327M->60M(455M) 169.121ms
[2020-08-08T12:45:32.403+0300][311.433s][info][gc] GC(2281) Pause Young (Allocation Failure) 117M->117M(455M) 78.720ms
[2020-08-08T12:45:32.544+0300][311.574s][info][gc] GC(2282) Pause Young (Allocation Failure) 175M->175M(455M) 134.040ms
[2020-08-08T12:45:32.708+0300][311.738s][info][gc] GC(2283) Pause Young (Allocation Failure) 233M->233M(455M) 154.261ms
[2020-08-08T12:45:32.857+0300][311.887s][info][gc] GC(2284) Pause Young (Allocation Failure) 290M->290M(455M) 138.565ms
[2020-08-08T12:45:33.023+0300][312.053s][info][gc] GC(2285) Pause Young (Allocation Failure) 348M->348M(455M) 155.703ms
[2020-08-08T12:45:33.276+0300][312.306s][info][gc] GC(2286) Pause Full (Ergonomics) 348M->80M(455M) 253.124ms
[2020-08-08T12:45:33.363+0300][312.393s][info][gc] GC(2287) Pause Young (Allocation Failure) 136M->136M(455M) 77.310ms
[2020-08-08T12:45:33.511+0300][312.541s][info][gc] GC(2288) Pause Young (Allocation Failure) 193M->193M(455M) 138.689ms
[2020-08-08T12:45:33.677+0300][312.707s][info][gc] GC(2289) Pause Young (Allocation Failure) 251M->251M(455M) 156.435ms
[2020-08-08T12:45:33.826+0300][312.856s][info][gc] GC(2290) Pause Young (Allocation Failure) 308M->309M(455M) 141.053ms
[2020-08-08T12:45:33.920+0300][312.950s][info][gc] GC(2291) Pause Full (Ergonomics) 309M->41M(455M) 94.167ms
[2020-08-08T12:45:34.014+0300][313.044s][info][gc] GC(2292) Pause Young (Allocation Failure) 99M->99M(455M) 79.116ms
[2020-08-08T12:45:34.150+0300][313.180s][info][gc] GC(2293) Pause Young (Allocation Failure) 156M->156M(455M) 128.224ms
[2020-08-08T12:45:34.290+0300][313.320s][info][gc] GC(2294) Pause Young (Allocation Failure) 214M->214M(455M) 131.018ms
[2020-08-08T12:45:34.450+0300][313.480s][info][gc] GC(2295) Pause Young (Allocation Failure) 270M->270M(455M) 149.912ms
[2020-08-08T12:45:34.601+0300][313.631s][info][gc] GC(2296) Pause Young (Allocation Failure) 328M->328M(455M) 143.739ms
[2020-08-08T12:45:34.769+0300][313.799s][info][gc] GC(2297) Pause Full (Ergonomics) 328M->60M(455M) 168.269ms
[2020-08-08T12:45:34.860+0300][313.890s][info][gc] GC(2298) Pause Young (Allocation Failure) 117M->117M(455M) 79.478ms
[2020-08-08T12:45:35.002+0300][314.032s][info][gc] GC(2299) Pause Young (Allocation Failure) 175M->175M(455M) 133.898ms
[2020-08-08T12:45:35.163+0300][314.193s][info][gc] GC(2300) Pause Young (Allocation Failure) 232M->233M(455M) 151.697ms
[2020-08-08T12:45:35.308+0300][314.338s][info][gc] GC(2301) Pause Young (Allocation Failure) 290M->290M(455M) 137.160ms
[2020-08-08T12:45:35.329+0300][314.359s][info][gc] GC(2302) Pause Full (Ergonomics) 290M->22M(455M) 20.909ms
[2020-08-08T12:45:35.417+0300][314.447s][info][gc] GC(2303) Pause Young (Allocation Failure) 80M->80M(455M) 78.502ms
[2020-08-08T12:45:35.571+0300][314.601s][info][gc] GC(2304) Pause Young (Allocation Failure) 136M->136M(455M) 144.049ms
[2020-08-08T12:45:35.717+0300][314.747s][info][gc] GC(2305) Pause Young (Allocation Failure) 193M->194M(455M) 137.381ms
[2020-08-08T12:45:35.884+0300][314.914s][info][gc] GC(2306) Pause Young (Allocation Failure) 251M->251M(455M) 156.703ms
[2020-08-08T12:45:36.033+0300][315.063s][info][gc] GC(2307) Pause Young (Allocation Failure) 309M->309M(455M) 140.508ms
[2020-08-08T12:45:36.128+0300][315.158s][info][gc] GC(2308) Pause Full (Ergonomics) 309M->41M(455M) 94.722ms
[2020-08-08T12:45:36.216+0300][315.246s][info][gc] GC(2309) Pause Young (Allocation Failure) 99M->99M(455M) 78.072ms
[2020-08-08T12:45:36.355+0300][315.385s][info][gc] GC(2310) Pause Young (Allocation Failure) 156M->156M(455M) 130.871ms
[2020-08-08T12:45:36.494+0300][315.524s][info][gc] GC(2311) Pause Young (Allocation Failure) 214M->214M(455M) 128.740ms
[2020-08-08T12:45:36.655+0300][315.685s][info][gc] GC(2312) Pause Young (Allocation Failure) 270M->270M(455M) 151.643ms
[2020-08-08T12:45:36.805+0300][315.836s][info][gc] GC(2313) Pause Young (Allocation Failure) 328M->328M(455M) 143.397ms
[2020-08-08T12:45:36.972+0300][316.002s][info][gc] GC(2314) Pause Full (Ergonomics) 328M->60M(455M) 166.683ms
[2020-08-08T12:45:37.064+0300][316.094s][info][gc] GC(2315) Pause Young (Allocation Failure) 117M->117M(455M) 78.730ms
[2020-08-08T12:45:37.206+0300][316.236s][info][gc] GC(2316) Pause Young (Allocation Failure) 175M->175M(455M) 134.218ms
[2020-08-08T12:45:37.368+0300][316.398s][info][gc] GC(2317) Pause Young (Allocation Failure) 232M->233M(455M) 152.519ms
[2020-08-08T12:45:37.513+0300][316.543s][info][gc] GC(2318) Pause Young (Allocation Failure) 290M->290M(455M) 137.324ms
[2020-08-08T12:45:37.534+0300][316.564s][info][gc] GC(2319) Pause Full (Ergonomics) 290M->22M(455M) 21.039ms
[2020-08-08T12:45:37.624+0300][316.654s][info][gc] GC(2320) Pause Young (Allocation Failure) 80M->80M(455M) 80.017ms
[2020-08-08T12:45:37.777+0300][316.808s][info][gc] GC(2321) Pause Young (Allocation Failure) 136M->136M(455M) 143.533ms
[2020-08-08T12:45:37.925+0300][316.955s][info][gc] GC(2322) Pause Young (Allocation Failure) 193M->193M(455M) 137.424ms
[2020-08-08T12:45:38.092+0300][317.122s][info][gc] GC(2323) Pause Young (Allocation Failure) 251M->251M(455M) 156.704ms
[2020-08-08T12:45:38.240+0300][317.270s][info][gc] GC(2324) Pause Young (Allocation Failure) 308M->309M(455M) 139.659ms
[2020-08-08T12:45:38.334+0300][317.364s][info][gc] GC(2325) Pause Full (Ergonomics) 309M->41M(455M) 94.482ms
[2020-08-08T12:45:38.423+0300][317.453s][info][gc] GC(2326) Pause Young (Allocation Failure) 99M->99M(455M) 78.613ms
[2020-08-08T12:45:38.562+0300][317.592s][info][gc] GC(2327) Pause Young (Allocation Failure) 156M->156M(455M) 130.573ms
[2020-08-08T12:45:38.705+0300][317.735s][info][gc] GC(2328) Pause Young (Allocation Failure) 214M->214M(455M) 131.691ms
[2020-08-08T12:45:38.863+0300][317.894s][info][gc] GC(2329) Pause Young (Allocation Failure) 270M->270M(455M) 149.618ms
[2020-08-08T12:45:39.031+0300][318.061s][info][gc] GC(2330) Pause Young (Allocation Failure) 328M->328M(455M) 144.075ms
[2020-08-08T12:45:39.198+0300][318.228s][info][gc] GC(2331) Pause Full (Ergonomics) 328M->60M(455M) 166.866ms
[2020-08-08T12:45:39.287+0300][318.317s][info][gc] GC(2332) Pause Young (Allocation Failure) 117M->117M(455M) 79.418ms
[2020-08-08T12:45:39.428+0300][318.458s][info][gc] GC(2333) Pause Young (Allocation Failure) 175M->175M(455M) 133.218ms
[2020-08-08T12:45:39.591+0300][318.622s][info][gc] GC(2334) Pause Young (Allocation Failure) 232M->233M(455M) 153.703ms
[2020-08-08T12:45:39.740+0300][318.770s][info][gc] GC(2335) Pause Young (Allocation Failure) 290M->290M(455M) 140.271ms
[2020-08-08T12:45:39.761+0300][318.791s][info][gc] GC(2336) Pause Full (Ergonomics) 290M->22M(455M) 20.867ms
[2020-08-08T12:45:39.851+0300][318.881s][info][gc] GC(2337) Pause Young (Allocation Failure) 80M->80M(455M) 78.787ms
[2020-08-08T12:45:40.006+0300][319.036s][info][gc] GC(2338) Pause Young (Allocation Failure) 136M->136M(455M) 144.369ms
[2020-08-08T12:45:40.151+0300][319.181s][info][gc] GC(2339) Pause Young (Allocation Failure) 193M->194M(455M) 136.851ms
[2020-08-08T12:45:40.317+0300][319.347s][info][gc] GC(2340) Pause Young (Allocation Failure) 251M->251M(455M) 157.396ms
[2020-08-08T12:45:40.463+0300][319.493s][info][gc] GC(2341) Pause Young (Allocation Failure) 309M->309M(455M) 138.241ms
[2020-08-08T12:45:40.557+0300][319.588s][info][gc] GC(2342) Pause Full (Ergonomics) 309M->41M(455M) 94.899ms
[2020-08-08T12:45:40.648+0300][319.678s][info][gc] GC(2343) Pause Young (Allocation Failure) 99M->99M(455M) 79.777ms
[2020-08-08T12:45:40.785+0300][319.815s][info][gc] GC(2344) Pause Young (Allocation Failure) 156M->156M(455M) 130.182ms
[2020-08-08T12:45:40.944+0300][319.974s][info][gc] GC(2345) Pause Young (Allocation Failure) 214M->214M(455M) 147.841ms
[2020-08-08T12:45:41.104+0300][320.134s][info][gc] GC(2346) Pause Young (Allocation Failure) 270M->270M(455M) 149.796ms
[2020-08-08T12:45:41.255+0300][320.285s][info][gc] GC(2347) Pause Young (Allocation Failure) 328M->328M(455M) 142.651ms
[2020-08-08T12:45:41.424+0300][320.454s][info][gc] GC(2348) Pause Full (Ergonomics) 328M->60M(455M) 168.985ms
[2020-08-08T12:45:41.512+0300][320.542s][info][gc] GC(2349) Pause Young (Allocation Failure) 117M->117M(455M) 77.916ms
[2020-08-08T12:45:41.655+0300][320.686s][info][gc] GC(2350) Pause Young (Allocation Failure) 175M->175M(455M) 135.572ms
[2020-08-08T12:45:41.820+0300][320.850s][info][gc] GC(2351) Pause Young (Allocation Failure) 233M->233M(455M) 154.819ms
[2020-08-08T12:45:41.968+0300][320.998s][info][gc] GC(2352) Pause Young (Allocation Failure) 290M->290M(455M) 139.086ms
[2020-08-08T12:45:42.135+0300][321.165s][info][gc] GC(2353) Pause Young (Allocation Failure) 348M->348M(455M) 156.738ms
[2020-08-08T12:45:42.392+0300][321.422s][info][gc] GC(2354) Pause Full (Ergonomics) 348M->80M(455M) 256.493ms
[2020-08-08T12:45:42.481+0300][321.511s][info][gc] GC(2355) Pause Young (Allocation Failure) 136M->136M(455M) 77.931ms
[2020-08-08T12:45:42.628+0300][321.658s][info][gc] GC(2356) Pause Young (Allocation Failure) 193M->193M(455M) 137.497ms
[2020-08-08T12:45:42.794+0300][321.824s][info][gc] GC(2357) Pause Young (Allocation Failure) 251M->251M(455M) 156.016ms
[2020-08-08T12:45:42.944+0300][321.974s][info][gc] GC(2358) Pause Young (Allocation Failure) 308M->309M(455M) 140.365ms
[2020-08-08T12:45:43.039+0300][322.069s][info][gc] GC(2359) Pause Full (Ergonomics) 309M->41M(455M) 94.941ms
[2020-08-08T12:45:43.133+0300][322.163s][info][gc] GC(2360) Pause Young (Allocation Failure) 99M->99M(455M) 81.919ms
[2020-08-08T12:45:43.273+0300][322.303s][info][gc] GC(2361) Pause Young (Allocation Failure) 156M->156M(455M) 131.796ms
[2020-08-08T12:45:43.414+0300][322.444s][info][gc] GC(2362) Pause Young (Allocation Failure) 214M->214M(455M) 131.549ms
[2020-08-08T12:45:43.576+0300][322.606s][info][gc] GC(2363) Pause Young (Allocation Failure) 270M->270M(455M) 150.386ms
[2020-08-08T12:45:43.729+0300][322.759s][info][gc] GC(2364) Pause Young (Allocation Failure) 328M->328M(455M) 144.567ms
[2020-08-08T12:45:43.897+0300][322.927s][info][gc] GC(2365) Pause Full (Ergonomics) 328M->60M(455M) 167.590ms
[2020-08-08T12:45:43.989+0300][323.019s][info][gc] GC(2366) Pause Young (Allocation Failure) 117M->117M(455M) 79.507ms
[2020-08-08T12:45:44.129+0300][323.159s][info][gc] GC(2367) Pause Young (Allocation Failure) 175M->175M(455M) 132.450ms
[2020-08-08T12:45:44.292+0300][323.322s][info][gc] GC(2368) Pause Young (Allocation Failure) 232M->233M(455M) 153.324ms
[2020-08-08T12:45:44.440+0300][323.470s][info][gc] GC(2369) Pause Young (Allocation Failure) 290M->290M(455M) 138.680ms
[2020-08-08T12:45:44.461+0300][323.491s][info][gc] GC(2370) Pause Full (Ergonomics) 290M->22M(455M) 20.637ms
[2020-08-08T12:45:44.551+0300][323.581s][info][gc] GC(2371) Pause Young (Allocation Failure) 80M->80M(455M) 78.701ms
[2020-08-08T12:45:44.705+0300][323.735s][info][gc] GC(2372) Pause Young (Allocation Failure) 136M->136M(455M) 144.918ms
[2020-08-08T12:45:44.850+0300][323.880s][info][gc] GC(2373) Pause Young (Allocation Failure) 193M->194M(455M) 137.559ms
[2020-08-08T12:45:45.021+0300][324.051s][info][gc] GC(2374) Pause Young (Allocation Failure) 251M->251M(455M) 159.268ms
[2020-08-08T12:45:45.169+0300][324.199s][info][gc] GC(2375) Pause Young (Allocation Failure) 308M->309M(455M) 140.901ms
[2020-08-08T12:45:45.263+0300][324.293s][info][gc] GC(2376) Pause Full (Ergonomics) 309M->41M(455M) 93.961ms
[2020-08-08T12:45:45.352+0300][324.382s][info][gc] GC(2377) Pause Young (Allocation Failure) 99M->99M(455M) 78.043ms
[2020-08-08T12:45:45.489+0300][324.519s][info][gc] GC(2378) Pause Young (Allocation Failure) 156M->156M(455M) 129.740ms
[2020-08-08T12:45:45.632+0300][324.662s][info][gc] GC(2379) Pause Young (Allocation Failure) 214M->214M(455M) 132.582ms
[2020-08-08T12:45:45.791+0300][324.821s][info][gc] GC(2380) Pause Young (Allocation Failure) 270M->270M(455M) 149.201ms
[2020-08-08T12:45:45.942+0300][324.972s][info][gc] GC(2381) Pause Young (Allocation Failure) 328M->328M(455M) 142.499ms
[2020-08-08T12:45:46.111+0300][325.141s][info][gc] GC(2382) Pause Full (Ergonomics) 328M->60M(455M) 169.137ms
[2020-08-08T12:45:46.204+0300][325.234s][info][gc] GC(2383) Pause Young (Allocation Failure) 117M->117M(455M) 80.625ms
[2020-08-08T12:45:46.346+0300][325.376s][info][gc] GC(2384) Pause Young (Allocation Failure) 175M->175M(455M) 134.257ms
[2020-08-08T12:45:46.509+0300][325.539s][info][gc] GC(2385) Pause Young (Allocation Failure) 232M->233M(455M) 152.613ms
[2020-08-08T12:45:46.655+0300][325.685s][info][gc] GC(2386) Pause Young (Allocation Failure) 290M->290M(455M) 137.803ms
[2020-08-08T12:45:46.675+0300][325.705s][info][gc] GC(2387) Pause Full (Ergonomics) 290M->22M(455M) 20.410ms
[2020-08-08T12:45:46.765+0300][325.795s][info][gc] GC(2388) Pause Young (Allocation Failure) 80M->80M(455M) 79.682ms
[2020-08-08T12:45:46.919+0300][325.949s][info][gc] GC(2389) Pause Young (Allocation Failure) 136M->136M(455M) 144.500ms
[2020-08-08T12:45:47.069+0300][326.099s][info][gc] GC(2390) Pause Young (Allocation Failure) 193M->193M(455M) 139.207ms
[2020-08-08T12:45:47.233+0300][326.263s][info][gc] GC(2391) Pause Young (Allocation Failure) 251M->251M(455M) 155.171ms
[2020-08-08T12:45:47.383+0300][326.413s][info][gc] GC(2392) Pause Young (Allocation Failure) 308M->309M(455M) 142.158ms
[2020-08-08T12:45:47.478+0300][326.508s][info][gc] GC(2393) Pause Full (Ergonomics) 309M->41M(455M) 95.077ms
[2020-08-08T12:45:47.569+0300][326.599s][info][gc] GC(2394) Pause Young (Allocation Failure) 98M->98M(455M) 79.590ms
[2020-08-08T12:45:47.707+0300][326.737s][info][gc] GC(2395) Pause Young (Allocation Failure) 156M->156M(455M) 130.555ms
[2020-08-08T12:45:47.849+0300][326.879s][info][gc] GC(2396) Pause Young (Allocation Failure) 213M->213M(455M) 132.163ms
[2020-08-08T12:45:48.010+0300][327.040s][info][gc] GC(2397) Pause Young (Allocation Failure) 270M->270M(455M) 151.450ms
[2020-08-08T12:45:48.163+0300][327.193s][info][gc] GC(2398) Pause Young (Allocation Failure) 327M->327M(455M) 142.550ms
[2020-08-08T12:45:48.329+0300][327.359s][info][gc] GC(2399) Pause Full (Ergonomics) 327M->60M(455M) 166.045ms
[2020-08-08T12:45:48.420+0300][327.450s][info][gc] GC(2400) Pause Young (Allocation Failure) 117M->117M(455M) 79.839ms
[2020-08-08T12:45:48.561+0300][327.591s][info][gc] GC(2401) Pause Young (Allocation Failure) 175M->175M(455M) 133.813ms
[2020-08-08T12:45:48.725+0300][327.755s][info][gc] GC(2402) Pause Young (Allocation Failure) 232M->233M(455M) 153.602ms
[2020-08-08T12:45:48.869+0300][327.899s][info][gc] GC(2403) Pause Young (Allocation Failure) 290M->290M(455M) 136.076ms
[2020-08-08T12:45:48.890+0300][327.920s][info][gc] GC(2404) Pause Full (Ergonomics) 290M->22M(455M) 20.886ms
[2020-08-08T12:45:48.982+0300][328.012s][info][gc] GC(2405) Pause Young (Allocation Failure) 80M->79M(455M) 80.134ms
[2020-08-08T12:45:49.137+0300][328.167s][info][gc] GC(2406) Pause Young (Allocation Failure) 137M->136M(455M) 144.456ms
[2020-08-08T12:45:49.283+0300][328.313s][info][gc] GC(2407) Pause Young (Allocation Failure) 193M->193M(455M) 137.296ms
[2020-08-08T12:45:49.449+0300][328.479s][info][gc] GC(2408) Pause Young (Allocation Failure) 251M->251M(455M) 157.029ms
[2020-08-08T12:45:49.595+0300][328.626s][info][gc] GC(2409) Pause Young (Allocation Failure) 309M->309M(455M) 139.239ms
[2020-08-08T12:45:49.690+0300][328.721s][info][gc] GC(2410) Pause Full (Ergonomics) 309M->41M(455M) 94.975ms
[2020-08-08T12:45:49.780+0300][328.810s][info][gc] GC(2411) Pause Young (Allocation Failure) 99M->99M(455M) 79.155ms
[2020-08-08T12:45:49.918+0300][328.948s][info][gc] GC(2412) Pause Young (Allocation Failure) 156M->156M(455M) 130.263ms
[2020-08-08T12:45:50.077+0300][329.107s][info][gc] GC(2413) Pause Young (Allocation Failure) 214M->214M(455M) 148.281ms
[2020-08-08T12:45:50.238+0300][329.268s][info][gc] GC(2414) Pause Young (Allocation Failure) 270M->270M(455M) 151.397ms
[2020-08-08T12:45:50.389+0300][329.419s][info][gc] GC(2415) Pause Young (Allocation Failure) 328M->328M(455M) 143.405ms
[2020-08-08T12:45:50.556+0300][329.586s][info][gc] GC(2416) Pause Full (Ergonomics) 328M->60M(455M) 167.703ms
[2020-08-08T12:45:50.647+0300][329.677s][info][gc] GC(2417) Pause Young (Allocation Failure) 117M->117M(455M) 79.833ms
[2020-08-08T12:45:50.787+0300][329.817s][info][gc] GC(2418) Pause Young (Allocation Failure) 175M->175M(455M) 133.248ms
[2020-08-08T12:45:50.951+0300][329.981s][info][gc] GC(2419) Pause Young (Allocation Failure) 233M->233M(455M) 153.371ms
[2020-08-08T12:45:51.096+0300][330.126s][info][gc] GC(2420) Pause Young (Allocation Failure) 290M->290M(455M) 135.555ms
[2020-08-08T12:45:51.261+0300][330.291s][info][gc] GC(2421) Pause Young (Allocation Failure) 348M->348M(455M) 155.347ms
[2020-08-08T12:45:51.514+0300][330.544s][info][gc] GC(2422) Pause Full (Ergonomics) 348M->80M(455M) 252.769ms
[2020-08-08T12:45:51.601+0300][330.631s][info][gc] GC(2423) Pause Young (Allocation Failure) 136M->136M(455M) 77.883ms
[2020-08-08T12:45:51.749+0300][330.779s][info][gc] GC(2424) Pause Young (Allocation Failure) 193M->193M(455M) 137.511ms
[2020-08-08T12:45:51.917+0300][330.947s][info][gc] GC(2425) Pause Young (Allocation Failure) 251M->251M(455M) 157.783ms
[2020-08-08T12:45:52.070+0300][331.100s][info][gc] GC(2426) Pause Young (Allocation Failure) 308M->308M(455M) 141.668ms
[2020-08-08T12:45:52.165+0300][331.195s][info][gc] GC(2427) Pause Full (Ergonomics) 308M->41M(455M) 94.963ms
[2020-08-08T12:45:52.254+0300][331.284s][info][gc] GC(2428) Pause Young (Allocation Failure) 99M->99M(455M) 79.212ms
[2020-08-08T12:45:52.392+0300][331.422s][info][gc] GC(2429) Pause Young (Allocation Failure) 156M->156M(455M) 130.460ms
[2020-08-08T12:45:52.532+0300][331.563s][info][gc] GC(2430) Pause Young (Allocation Failure) 214M->214M(455M) 130.348ms
[2020-08-08T12:45:52.695+0300][331.725s][info][gc] GC(2431) Pause Young (Allocation Failure) 270M->270M(455M) 151.823ms
[2020-08-08T12:45:52.848+0300][331.878s][info][gc] GC(2432) Pause Young (Allocation Failure) 328M->328M(455M) 144.464ms
[2020-08-08T12:45:53.017+0300][332.047s][info][gc] GC(2433) Pause Full (Ergonomics) 328M->60M(455M) 168.932ms
[2020-08-08T12:45:53.110+0300][332.140s][info][gc] GC(2434) Pause Young (Allocation Failure) 117M->117M(455M) 81.059ms
[2020-08-08T12:45:53.252+0300][332.282s][info][gc] GC(2435) Pause Young (Allocation Failure) 175M->175M(455M) 134.208ms
[2020-08-08T12:45:53.415+0300][332.445s][info][gc] GC(2436) Pause Young (Allocation Failure) 232M->233M(455M) 154.020ms
[2020-08-08T12:45:53.561+0300][332.591s][info][gc] GC(2437) Pause Young (Allocation Failure) 290M->290M(455M) 136.742ms
[2020-08-08T12:45:53.583+0300][332.613s][info][gc] GC(2438) Pause Full (Ergonomics) 290M->22M(455M) 21.808ms
[2020-08-08T12:45:53.673+0300][332.703s][info][gc] GC(2439) Pause Young (Allocation Failure) 80M->80M(455M) 79.835ms
[2020-08-08T12:45:53.827+0300][332.857s][info][gc] GC(2440) Pause Young (Allocation Failure) 136M->136M(455M) 144.908ms
[2020-08-08T12:45:53.971+0300][333.001s][info][gc] GC(2441) Pause Young (Allocation Failure) 193M->194M(455M) 135.782ms
[2020-08-08T12:45:54.140+0300][333.170s][info][gc] GC(2442) Pause Young (Allocation Failure) 251M->251M(455M) 156.970ms
[2020-08-08T12:45:54.290+0300][333.320s][info][gc] GC(2443) Pause Young (Allocation Failure) 308M->309M(455M) 141.688ms
[2020-08-08T12:45:54.386+0300][333.416s][info][gc] GC(2444) Pause Full (Ergonomics) 309M->41M(455M) 95.746ms
[2020-08-08T12:45:54.475+0300][333.505s][info][gc] GC(2445) Pause Young (Allocation Failure) 99M->99M(455M) 79.061ms
[2020-08-08T12:45:54.617+0300][333.647s][info][gc] GC(2446) Pause Young (Allocation Failure) 156M->156M(455M) 132.780ms
[2020-08-08T12:45:54.760+0300][333.790s][info][gc] GC(2447) Pause Young (Allocation Failure) 214M->214M(455M) 132.255ms
[2020-08-08T12:45:54.919+0300][333.949s][info][gc] GC(2448) Pause Young (Allocation Failure) 270M->270M(455M) 149.265ms
[2020-08-08T12:45:55.072+0300][334.103s][info][gc] GC(2449) Pause Young (Allocation Failure) 328M->328M(455M) 144.269ms
[2020-08-08T12:45:55.241+0300][334.271s][info][gc] GC(2450) Pause Full (Ergonomics) 328M->60M(455M) 168.271ms
[2020-08-08T12:45:55.336+0300][334.366s][info][gc] GC(2451) Pause Young (Allocation Failure) 117M->117M(455M) 81.254ms
[2020-08-08T12:45:55.478+0300][334.508s][info][gc] GC(2452) Pause Young (Allocation Failure) 175M->175M(455M) 133.682ms
[2020-08-08T12:45:55.642+0300][334.672s][info][gc] GC(2453) Pause Young (Allocation Failure) 232M->233M(455M) 154.068ms
[2020-08-08T12:45:55.790+0300][334.820s][info][gc] GC(2454) Pause Young (Allocation Failure) 290M->290M(455M) 139.099ms
[2020-08-08T12:45:55.811+0300][334.841s][info][gc] GC(2455) Pause Full (Ergonomics) 290M->22M(455M) 20.837ms
[2020-08-08T12:45:55.902+0300][334.932s][info][gc] GC(2456) Pause Young (Allocation Failure) 80M->80M(455M) 79.975ms
[2020-08-08T12:45:56.057+0300][335.087s][info][gc] GC(2457) Pause Young (Allocation Failure) 136M->136M(455M) 145.868ms
[2020-08-08T12:45:56.214+0300][335.244s][info][gc] GC(2458) Pause Young (Allocation Failure) 193M->193M(455M) 142.342ms
[2020-08-08T12:45:56.381+0300][335.411s][info][gc] GC(2459) Pause Young (Allocation Failure) 251M->251M(455M) 157.191ms
[2020-08-08T12:45:56.530+0300][335.560s][info][gc] GC(2460) Pause Young (Allocation Failure) 308M->309M(455M) 141.123ms
[2020-08-08T12:45:56.626+0300][335.656s][info][gc] GC(2461) Pause Full (Ergonomics) 309M->41M(455M) 95.975ms
[2020-08-08T12:45:56.716+0300][335.746s][info][gc] GC(2462) Pause Young (Allocation Failure) 99M->99M(455M) 79.616ms
[2020-08-08T12:45:56.855+0300][335.885s][info][gc] GC(2463) Pause Young (Allocation Failure) 156M->156M(455M) 130.827ms
[2020-08-08T12:45:56.997+0300][336.027s][info][gc] GC(2464) Pause Young (Allocation Failure) 214M->214M(455M) 130.878ms
[2020-08-08T12:45:57.157+0300][336.187s][info][gc] GC(2465) Pause Young (Allocation Failure) 270M->270M(455M) 149.580ms
[2020-08-08T12:45:57.308+0300][336.338s][info][gc] GC(2466) Pause Young (Allocation Failure) 328M->328M(455M) 142.847ms
[2020-08-08T12:45:57.477+0300][336.507s][info][gc] GC(2467) Pause Full (Ergonomics) 328M->60M(455M) 168.590ms
[2020-08-08T12:45:57.567+0300][336.597s][info][gc] GC(2468) Pause Young (Allocation Failure) 117M->117M(455M) 79.413ms
[2020-08-08T12:45:57.709+0300][336.739s][info][gc] GC(2469) Pause Young (Allocation Failure) 175M->175M(455M) 133.982ms
[2020-08-08T12:45:57.872+0300][336.902s][info][gc] GC(2470) Pause Young (Allocation Failure) 233M->233M(455M) 152.804ms
[2020-08-08T12:45:58.015+0300][337.045s][info][gc] GC(2471) Pause Young (Allocation Failure) 290M->290M(455M) 135.696ms
[2020-08-08T12:45:58.184+0300][337.214s][info][gc] GC(2472) Pause Young (Allocation Failure) 348M->348M(455M) 156.369ms
[2020-08-08T12:45:58.438+0300][337.468s][info][gc] GC(2473) Pause Full (Ergonomics) 348M->80M(455M) 254.420ms
[2020-08-08T12:45:58.526+0300][337.556s][info][gc] GC(2474) Pause Young (Allocation Failure) 136M->136M(455M) 76.463ms
[2020-08-08T12:45:58.673+0300][337.703s][info][gc] GC(2475) Pause Young (Allocation Failure) 193M->193M(455M) 138.829ms
[2020-08-08T12:45:58.840+0300][337.870s][info][gc] GC(2476) Pause Young (Allocation Failure) 251M->251M(455M) 156.668ms
[2020-08-08T12:45:58.990+0300][338.020s][info][gc] GC(2477) Pause Young (Allocation Failure) 308M->309M(455M) 141.076ms
[2020-08-08T12:45:59.084+0300][338.114s][info][gc] GC(2478) Pause Full (Ergonomics) 309M->41M(455M) 94.117ms
[2020-08-08T12:45:59.179+0300][338.209s][info][gc] GC(2479) Pause Young (Allocation Failure) 99M->99M(455M) 81.394ms
[2020-08-08T12:45:59.321+0300][338.351s][info][gc] GC(2480) Pause Young (Allocation Failure) 156M->156M(455M) 133.824ms
[2020-08-08T12:45:59.470+0300][338.500s][info][gc] GC(2481) Pause Young (Allocation Failure) 214M->214M(455M) 137.614ms
[2020-08-08T12:45:59.638+0300][338.668s][info][gc] GC(2482) Pause Young (Allocation Failure) 270M->270M(455M) 157.590ms
[2020-08-08T12:45:59.790+0300][338.820s][info][gc] GC(2483) Pause Young (Allocation Failure) 328M->328M(455M) 144.161ms
[2020-08-08T12:45:59.958+0300][338.988s][info][gc] GC(2484) Pause Full (Ergonomics) 328M->60M(455M) 167.911ms
[2020-08-08T12:46:00.049+0300][339.079s][info][gc] GC(2485) Pause Young (Allocation Failure) 117M->117M(455M) 80.401ms
[2020-08-08T12:46:00.211+0300][339.241s][info][gc] GC(2486) Pause Young (Allocation Failure) 175M->175M(455M) 149.890ms
[2020-08-08T12:46:00.376+0300][339.406s][info][gc] GC(2487) Pause Young (Allocation Failure) 232M->233M(455M) 154.518ms
[2020-08-08T12:46:00.530+0300][339.560s][info][gc] GC(2488) Pause Young (Allocation Failure) 290M->290M(455M) 146.486ms
[2020-08-08T12:46:00.551+0300][339.581s][info][gc] GC(2489) Pause Full (Ergonomics) 290M->22M(455M) 21.288ms
[2020-08-08T12:46:00.641+0300][339.671s][info][gc] GC(2490) Pause Young (Allocation Failure) 80M->80M(455M) 79.773ms
[2020-08-08T12:46:00.797+0300][339.827s][info][gc] GC(2491) Pause Young (Allocation Failure) 136M->136M(455M) 146.286ms
[2020-08-08T12:46:00.940+0300][339.970s][info][gc] GC(2492) Pause Young (Allocation Failure) 193M->194M(455M) 135.118ms
[2020-08-08T12:46:01.105+0300][340.135s][info][gc] GC(2493) Pause Young (Allocation Failure) 251M->251M(455M) 156.203ms
[2020-08-08T12:46:01.258+0300][340.288s][info][gc] GC(2494) Pause Young (Allocation Failure) 309M->309M(455M) 142.196ms
[2020-08-08T12:46:01.355+0300][340.385s][info][gc] GC(2495) Pause Full (Ergonomics) 309M->41M(455M) 96.854ms
[2020-08-08T12:46:01.445+0300][340.475s][info][gc] GC(2496) Pause Young (Allocation Failure) 99M->99M(455M) 78.536ms
[2020-08-08T12:46:01.584+0300][340.614s][info][gc] GC(2497) Pause Young (Allocation Failure) 156M->156M(455M) 131.261ms
[2020-08-08T12:46:01.725+0300][340.755s][info][gc] GC(2498) Pause Young (Allocation Failure) 214M->214M(455M) 131.599ms
[2020-08-08T12:46:01.883+0300][340.913s][info][gc] GC(2499) Pause Young (Allocation Failure) 270M->270M(455M) 148.727ms
[2020-08-08T12:46:02.034+0300][341.064s][info][gc] GC(2500) Pause Young (Allocation Failure) 328M->328M(455M) 143.303ms
[2020-08-08T12:46:02.202+0300][341.232s][info][gc] GC(2501) Pause Full (Ergonomics) 328M->60M(455M) 167.499ms
[2020-08-08T12:46:02.293+0300][341.323s][info][gc] GC(2502) Pause Young (Allocation Failure) 117M->117M(455M) 79.995ms
[2020-08-08T12:46:02.435+0300][341.465s][info][gc] GC(2503) Pause Young (Allocation Failure) 175M->175M(455M) 133.766ms
[2020-08-08T12:46:02.599+0300][341.629s][info][gc] GC(2504) Pause Young (Allocation Failure) 232M->233M(455M) 154.431ms
[2020-08-08T12:46:02.746+0300][341.776s][info][gc] GC(2505) Pause Young (Allocation Failure) 290M->290M(455M) 137.309ms
[2020-08-08T12:46:02.767+0300][341.797s][info][gc] GC(2506) Pause Full (Ergonomics) 290M->22M(455M) 21.123ms
[2020-08-08T12:46:02.856+0300][341.886s][info][gc] GC(2507) Pause Young (Allocation Failure) 80M->80M(455M) 79.007ms
[2020-08-08T12:46:03.011+0300][342.041s][info][gc] GC(2508) Pause Young (Allocation Failure) 136M->136M(455M) 144.856ms
[2020-08-08T12:46:03.158+0300][342.189s][info][gc] GC(2509) Pause Young (Allocation Failure) 193M->194M(455M) 137.298ms
[2020-08-08T12:46:03.331+0300][342.361s][info][gc] GC(2510) Pause Young (Allocation Failure) 251M->251M(455M) 159.927ms
[2020-08-08T12:46:03.479+0300][342.509s][info][gc] GC(2511) Pause Young (Allocation Failure) 308M->309M(455M) 140.967ms
[2020-08-08T12:46:03.576+0300][342.606s][info][gc] GC(2512) Pause Full (Ergonomics) 309M->41M(455M) 96.760ms
[2020-08-08T12:46:03.672+0300][342.702s][info][gc] GC(2513) Pause Young (Allocation Failure) 98M->98M(455M) 82.234ms
[2020-08-08T12:46:03.817+0300][342.847s][info][gc] GC(2514) Pause Young (Allocation Failure) 156M->156M(455M) 134.729ms
[2020-08-08T12:46:03.958+0300][342.988s][info][gc] GC(2515) Pause Young (Allocation Failure) 213M->213M(455M) 130.987ms
[2020-08-08T12:46:04.118+0300][343.148s][info][gc] GC(2516) Pause Young (Allocation Failure) 270M->270M(455M) 150.631ms
[2020-08-08T12:46:04.272+0300][343.302s][info][gc] GC(2517) Pause Young (Allocation Failure) 327M->327M(455M) 143.931ms
[2020-08-08T12:46:04.439+0300][343.469s][info][gc] GC(2518) Pause Full (Ergonomics) 327M->59M(455M) 166.674ms
[2020-08-08T12:46:04.528+0300][343.558s][info][gc] GC(2519) Pause Young (Allocation Failure) 117M->117M(455M) 79.280ms
[2020-08-08T12:46:04.671+0300][343.702s][info][gc] GC(2520) Pause Young (Allocation Failure) 174M->174M(455M) 134.617ms
[2020-08-08T12:46:04.835+0300][343.865s][info][gc] GC(2521) Pause Young (Allocation Failure) 232M->232M(455M) 153.161ms
[2020-08-08T12:46:04.981+0300][344.012s][info][gc] GC(2522) Pause Young (Allocation Failure) 290M->290M(455M) 139.100ms
[2020-08-08T12:46:05.003+0300][344.033s][info][gc] GC(2523) Pause Full (Ergonomics) 290M->22M(455M) 21.331ms
[2020-08-08T12:46:05.095+0300][344.125s][info][gc] GC(2524) Pause Young (Allocation Failure) 80M->80M(455M) 82.154ms
[2020-08-08T12:46:05.252+0300][344.282s][info][gc] GC(2525) Pause Young (Allocation Failure) 136M->136M(455M) 145.842ms
[2020-08-08T12:46:05.395+0300][344.425s][info][gc] GC(2526) Pause Young (Allocation Failure) 193M->193M(455M) 135.006ms
[2020-08-08T12:46:05.563+0300][344.593s][info][gc] GC(2527) Pause Young (Allocation Failure) 251M->251M(455M) 158.561ms
[2020-08-08T12:46:05.713+0300][344.743s][info][gc] GC(2528) Pause Young (Allocation Failure) 309M->309M(455M) 141.698ms
[2020-08-08T12:46:05.808+0300][344.838s][info][gc] GC(2529) Pause Full (Ergonomics) 309M->41M(455M) 95.155ms
[2020-08-08T12:46:05.898+0300][344.928s][info][gc] GC(2530) Pause Young (Allocation Failure) 98M->98M(455M) 79.142ms
[2020-08-08T12:46:06.034+0300][345.064s][info][gc] GC(2531) Pause Young (Allocation Failure) 156M->156M(455M) 128.707ms
[2020-08-08T12:46:06.190+0300][345.220s][info][gc] GC(2532) Pause Young (Allocation Failure) 214M->214M(455M) 147.466ms
[2020-08-08T12:46:06.355+0300][345.385s][info][gc] GC(2533) Pause Young (Allocation Failure) 270M->270M(455M) 151.999ms
[2020-08-08T12:46:06.509+0300][345.539s][info][gc] GC(2534) Pause Young (Allocation Failure) 327M->327M(455M) 144.440ms
[2020-08-08T12:46:06.683+0300][345.713s][info][gc] GC(2535) Pause Full (Ergonomics) 327M->59M(455M) 173.787ms
[2020-08-08T12:46:06.771+0300][345.801s][info][gc] GC(2536) Pause Young (Allocation Failure) 117M->117M(455M) 78.321ms
[2020-08-08T12:46:06.912+0300][345.942s][info][gc] GC(2537) Pause Young (Allocation Failure) 174M->175M(455M) 133.704ms
[2020-08-08T12:46:07.073+0300][346.103s][info][gc] GC(2538) Pause Young (Allocation Failure) 232M->232M(455M) 150.760ms
[2020-08-08T12:46:07.218+0300][346.248s][info][gc] GC(2539) Pause Young (Allocation Failure) 290M->290M(455M) 137.306ms
[2020-08-08T12:46:07.386+0300][346.416s][info][gc] GC(2540) Pause Young (Allocation Failure) 347M->347M(455M) 156.613ms
[2020-08-08T12:46:07.639+0300][346.670s][info][gc] GC(2541) Pause Full (Ergonomics) 347M->80M(455M) 253.414ms
[2020-08-08T12:46:07.727+0300][346.757s][info][gc] GC(2542) Pause Young (Allocation Failure) 136M->136M(455M) 77.499ms
[2020-08-08T12:46:07.875+0300][346.905s][info][gc] GC(2543) Pause Young (Allocation Failure) 193M->193M(455M) 138.380ms
[2020-08-08T12:46:08.043+0300][347.073s][info][gc] GC(2544) Pause Young (Allocation Failure) 251M->251M(455M) 157.362ms
[2020-08-08T12:46:08.191+0300][347.221s][info][gc] GC(2545) Pause Young (Allocation Failure) 308M->309M(455M) 139.290ms
[2020-08-08T12:46:08.286+0300][347.316s][info][gc] GC(2546) Pause Full (Ergonomics) 309M->41M(455M) 94.960ms
[2020-08-08T12:46:08.379+0300][347.409s][info][gc] GC(2547) Pause Young (Allocation Failure) 98M->98M(455M) 79.952ms
[2020-08-08T12:46:08.518+0300][347.548s][info][gc] GC(2548) Pause Young (Allocation Failure) 156M->156M(455M) 130.202ms
[2020-08-08T12:46:08.657+0300][347.687s][info][gc] GC(2549) Pause Young (Allocation Failure) 213M->213M(455M) 130.421ms
[2020-08-08T12:46:08.817+0300][347.847s][info][gc] GC(2550) Pause Young (Allocation Failure) 270M->270M(455M) 150.160ms
[2020-08-08T12:46:08.971+0300][348.001s][info][gc] GC(2551) Pause Young (Allocation Failure) 327M->327M(455M) 146.330ms
[2020-08-08T12:46:09.145+0300][348.175s][info][gc] GC(2552) Pause Full (Ergonomics) 327M->59M(455M) 174.141ms
[2020-08-08T12:46:09.237+0300][348.267s][info][gc] GC(2553) Pause Young (Allocation Failure) 117M->117M(455M) 79.851ms
[2020-08-08T12:46:09.379+0300][348.409s][info][gc] GC(2554) Pause Young (Allocation Failure) 174M->174M(455M) 133.804ms
[2020-08-08T12:46:09.542+0300][348.572s][info][gc] GC(2555) Pause Young (Allocation Failure) 232M->232M(455M) 153.358ms
[2020-08-08T12:46:09.689+0300][348.719s][info][gc] GC(2556) Pause Young (Allocation Failure) 290M->290M(455M) 138.285ms
[2020-08-08T12:46:09.710+0300][348.740s][info][gc] GC(2557) Pause Full (Ergonomics) 290M->22M(455M) 20.362ms
[2020-08-08T12:46:09.798+0300][348.828s][info][gc] GC(2558) Pause Young (Allocation Failure) 80M->80M(455M) 78.784ms
[2020-08-08T12:46:09.951+0300][348.981s][info][gc] GC(2559) Pause Young (Allocation Failure) 136M->136M(455M) 143.914ms
[2020-08-08T12:46:10.095+0300][349.125s][info][gc] GC(2560) Pause Young (Allocation Failure) 193M->193M(455M) 135.897ms
[2020-08-08T12:46:10.263+0300][349.293s][info][gc] GC(2561) Pause Young (Allocation Failure) 251M->251M(455M) 158.117ms
[2020-08-08T12:46:10.413+0300][349.443s][info][gc] GC(2562) Pause Young (Allocation Failure) 309M->309M(455M) 139.561ms
[2020-08-08T12:46:10.508+0300][349.538s][info][gc] GC(2563) Pause Full (Ergonomics) 309M->41M(455M) 95.321ms
[2020-08-08T12:46:10.599+0300][349.629s][info][gc] GC(2564) Pause Young (Allocation Failure) 98M->98M(455M) 79.984ms
[2020-08-08T12:46:10.739+0300][349.769s][info][gc] GC(2565) Pause Young (Allocation Failure) 156M->156M(455M) 130.434ms
[2020-08-08T12:46:10.878+0300][349.908s][info][gc] GC(2566) Pause Young (Allocation Failure) 213M->213M(455M) 129.515ms
[2020-08-08T12:46:11.037+0300][350.067s][info][gc] GC(2567) Pause Young (Allocation Failure) 270M->270M(455M) 149.411ms
[2020-08-08T12:46:11.189+0300][350.219s][info][gc] GC(2568) Pause Young (Allocation Failure) 327M->327M(455M) 144.416ms
[2020-08-08T12:46:11.362+0300][350.392s][info][gc] GC(2569) Pause Full (Ergonomics) 327M->59M(455M) 173.183ms
[2020-08-08T12:46:11.456+0300][350.486s][info][gc] GC(2570) Pause Young (Allocation Failure) 117M->117M(455M) 80.557ms
[2020-08-08T12:46:11.597+0300][350.627s][info][gc] GC(2571) Pause Young (Allocation Failure) 174M->174M(455M) 132.974ms
[2020-08-08T12:46:11.762+0300][350.792s][info][gc] GC(2572) Pause Young (Allocation Failure) 232M->232M(455M) 155.180ms
[2020-08-08T12:46:11.906+0300][350.936s][info][gc] GC(2573) Pause Young (Allocation Failure) 290M->290M(455M) 136.346ms
[2020-08-08T12:46:11.927+0300][350.957s][info][gc] GC(2574) Pause Full (Ergonomics) 290M->22M(455M) 20.733ms
[2020-08-08T12:46:12.016+0300][351.047s][info][gc] GC(2575) Pause Young (Allocation Failure) 80M->80M(455M) 78.945ms
[2020-08-08T12:46:12.170+0300][351.200s][info][gc] GC(2576) Pause Young (Allocation Failure) 136M->136M(455M) 144.665ms
[2020-08-08T12:46:12.316+0300][351.346s][info][gc] GC(2577) Pause Young (Allocation Failure) 193M->193M(455M) 135.582ms
[2020-08-08T12:46:12.484+0300][351.514s][info][gc] GC(2578) Pause Young (Allocation Failure) 251M->251M(455M) 158.654ms
[2020-08-08T12:46:12.634+0300][351.664s][info][gc] GC(2579) Pause Young (Allocation Failure) 308M->309M(455M) 142.423ms
[2020-08-08T12:46:12.728+0300][351.758s][info][gc] GC(2580) Pause Full (Ergonomics) 309M->41M(455M) 94.187ms
[2020-08-08T12:46:12.818+0300][351.848s][info][gc] GC(2581) Pause Young (Allocation Failure) 98M->98M(455M) 79.758ms
[2020-08-08T12:46:12.956+0300][351.986s][info][gc] GC(2582) Pause Young (Allocation Failure) 156M->156M(455M) 130.432ms
[2020-08-08T12:46:13.095+0300][352.125s][info][gc] GC(2583) Pause Young (Allocation Failure) 213M->213M(455M) 129.408ms
[2020-08-08T12:46:13.255+0300][352.285s][info][gc] GC(2584) Pause Young (Allocation Failure) 270M->270M(455M) 150.402ms
[2020-08-08T12:46:13.410+0300][352.440s][info][gc] GC(2585) Pause Young (Allocation Failure) 327M->327M(455M) 145.225ms
[2020-08-08T12:46:13.577+0300][352.607s][info][gc] GC(2586) Pause Full (Ergonomics) 327M->59M(455M) 167.084ms
[2020-08-08T12:46:13.667+0300][352.697s][info][gc] GC(2587) Pause Young (Allocation Failure) 117M->117M(455M) 80.112ms
[2020-08-08T12:46:13.810+0300][352.840s][info][gc] GC(2588) Pause Young (Allocation Failure) 174M->174M(455M) 134.266ms
[2020-08-08T12:46:13.972+0300][353.002s][info][gc] GC(2589) Pause Young (Allocation Failure) 232M->232M(455M) 151.956ms
[2020-08-08T12:46:14.114+0300][353.145s][info][gc] GC(2590) Pause Young (Allocation Failure) 290M->290M(455M) 135.375ms
[2020-08-08T12:46:14.135+0300][353.165s][info][gc] GC(2591) Pause Full (Ergonomics) 290M->22M(455M) 20.163ms
[2020-08-08T12:46:14.224+0300][353.254s][info][gc] GC(2592) Pause Young (Allocation Failure) 80M->80M(455M) 79.162ms
[2020-08-08T12:46:14.380+0300][353.410s][info][gc] GC(2593) Pause Young (Allocation Failure) 136M->136M(455M) 143.648ms
[2020-08-08T12:46:14.525+0300][353.555s][info][gc] GC(2594) Pause Young (Allocation Failure) 193M->193M(455M) 137.152ms
[2020-08-08T12:46:14.694+0300][353.724s][info][gc] GC(2595) Pause Young (Allocation Failure) 251M->251M(455M) 159.004ms
[2020-08-08T12:46:14.841+0300][353.871s][info][gc] GC(2596) Pause Young (Allocation Failure) 309M->309M(455M) 139.335ms
[2020-08-08T12:46:14.934+0300][353.964s][info][gc] GC(2597) Pause Full (Ergonomics) 309M->41M(455M) 93.406ms
[2020-08-08T12:46:15.023+0300][354.053s][info][gc] GC(2598) Pause Young (Allocation Failure) 98M->98M(455M) 79.199ms
[2020-08-08T12:46:15.160+0300][354.190s][info][gc] GC(2599) Pause Young (Allocation Failure) 156M->156M(455M) 129.446ms
[2020-08-08T12:46:15.321+0300][354.351s][info][gc] GC(2600) Pause Young (Allocation Failure) 214M->214M(455M) 149.741ms
[2020-08-08T12:46:15.481+0300][354.512s][info][gc] GC(2601) Pause Young (Allocation Failure) 270M->270M(455M) 150.569ms
[2020-08-08T12:46:15.634+0300][354.664s][info][gc] GC(2602) Pause Young (Allocation Failure) 327M->327M(455M) 143.867ms
[2020-08-08T12:46:15.807+0300][354.837s][info][gc] GC(2603) Pause Full (Ergonomics) 327M->59M(455M) 172.861ms
[2020-08-08T12:46:15.897+0300][354.927s][info][gc] GC(2604) Pause Young (Allocation Failure) 117M->117M(455M) 79.193ms
[2020-08-08T12:46:16.038+0300][355.068s][info][gc] GC(2605) Pause Young (Allocation Failure) 174M->175M(455M) 134.173ms
[2020-08-08T12:46:16.202+0300][355.232s][info][gc] GC(2606) Pause Young (Allocation Failure) 232M->232M(455M) 153.941ms
[2020-08-08T12:46:16.350+0300][355.380s][info][gc] GC(2607) Pause Young (Allocation Failure) 290M->290M(455M) 137.753ms
[2020-08-08T12:46:16.514+0300][355.544s][info][gc] GC(2608) Pause Young (Allocation Failure) 347M->347M(455M) 154.393ms
[2020-08-08T12:46:16.768+0300][355.798s][info][gc] GC(2609) Pause Full (Ergonomics) 347M->80M(455M) 254.002ms
[2020-08-08T12:46:16.855+0300][355.885s][info][gc] GC(2610) Pause Young (Allocation Failure) 136M->136M(455M) 77.931ms
[2020-08-08T12:46:16.999+0300][356.029s][info][gc] GC(2611) Pause Young (Allocation Failure) 193M->193M(455M) 134.710ms
[2020-08-08T12:46:17.166+0300][356.196s][info][gc] GC(2612) Pause Young (Allocation Failure) 251M->251M(455M) 157.593ms
[2020-08-08T12:46:17.313+0300][356.343s][info][gc] GC(2613) Pause Young (Allocation Failure) 308M->309M(455M) 139.113ms
[2020-08-08T12:46:17.408+0300][356.438s][info][gc] GC(2614) Pause Full (Ergonomics) 309M->41M(455M) 94.948ms
[2020-08-08T12:46:17.500+0300][356.530s][info][gc] GC(2615) Pause Young (Allocation Failure) 98M->98M(455M) 79.781ms
[2020-08-08T12:46:17.640+0300][356.670s][info][gc] GC(2616) Pause Young (Allocation Failure) 156M->156M(455M) 132.736ms
[2020-08-08T12:46:17.780+0300][356.810s][info][gc] GC(2617) Pause Young (Allocation Failure) 213M->213M(455M) 130.011ms
[2020-08-08T12:46:17.940+0300][356.970s][info][gc] GC(2618) Pause Young (Allocation Failure) 270M->270M(455M) 150.752ms
[2020-08-08T12:46:18.092+0300][357.122s][info][gc] GC(2619) Pause Young (Allocation Failure) 327M->327M(455M) 143.309ms
[2020-08-08T12:46:18.264+0300][357.294s][info][gc] GC(2620) Pause Full (Ergonomics) 327M->59M(455M) 172.335ms
[2020-08-08T12:46:18.356+0300][357.386s][info][gc] GC(2621) Pause Young (Allocation Failure) 117M->117M(455M) 80.328ms
[2020-08-08T12:46:18.497+0300][357.527s][info][gc] GC(2622) Pause Young (Allocation Failure) 174M->174M(455M) 132.514ms
[2020-08-08T12:46:18.661+0300][357.691s][info][gc] GC(2623) Pause Young (Allocation Failure) 232M->232M(455M) 154.701ms
[2020-08-08T12:46:18.807+0300][357.837s][info][gc] GC(2624) Pause Young (Allocation Failure) 290M->290M(455M) 138.185ms
[2020-08-08T12:46:18.828+0300][357.858s][info][gc] GC(2625) Pause Full (Ergonomics) 290M->22M(455M) 20.678ms
[2020-08-08T12:46:18.916+0300][357.946s][info][gc] GC(2626) Pause Young (Allocation Failure) 80M->80M(455M) 78.547ms
[2020-08-08T12:46:19.068+0300][358.098s][info][gc] GC(2627) Pause Young (Allocation Failure) 136M->136M(455M) 142.028ms
[2020-08-08T12:46:19.210+0300][358.240s][info][gc] GC(2628) Pause Young (Allocation Failure) 193M->193M(455M) 134.831ms
[2020-08-08T12:46:19.379+0300][358.409s][info][gc] GC(2629) Pause Young (Allocation Failure) 251M->251M(455M) 156.843ms
[2020-08-08T12:46:19.529+0300][358.559s][info][gc] GC(2630) Pause Young (Allocation Failure) 309M->309M(455M) 140.947ms
[2020-08-08T12:46:19.624+0300][358.654s][info][gc] GC(2631) Pause Full (Ergonomics) 309M->41M(455M) 95.628ms
[2020-08-08T12:46:19.713+0300][358.744s][info][gc] GC(2632) Pause Young (Allocation Failure) 98M->98M(455M) 79.156ms
[2020-08-08T12:46:19.851+0300][358.881s][info][gc] GC(2633) Pause Young (Allocation Failure) 156M->156M(455M) 129.053ms
[2020-08-08T12:46:19.992+0300][359.022s][info][gc] GC(2634) Pause Young (Allocation Failure) 213M->213M(455M) 130.764ms
[2020-08-08T12:46:20.151+0300][359.181s][info][gc] GC(2635) Pause Young (Allocation Failure) 270M->270M(455M) 150.563ms
[2020-08-08T12:46:20.302+0300][359.332s][info][gc] GC(2636) Pause Young (Allocation Failure) 327M->327M(455M) 143.190ms
[2020-08-08T12:46:20.474+0300][359.504s][info][gc] GC(2637) Pause Full (Ergonomics) 327M->59M(455M) 171.735ms
[2020-08-08T12:46:20.568+0300][359.598s][info][gc] GC(2638) Pause Young (Allocation Failure) 117M->117M(455M) 80.066ms
[2020-08-08T12:46:20.710+0300][359.740s][info][gc] GC(2639) Pause Young (Allocation Failure) 174M->174M(455M) 133.490ms
[2020-08-08T12:46:20.872+0300][359.902s][info][gc] GC(2640) Pause Young (Allocation Failure) 232M->232M(455M) 152.176ms
[2020-08-08T12:46:21.015+0300][360.045s][info][gc] GC(2641) Pause Young (Allocation Failure) 290M->290M(455M) 136.013ms
[2020-08-08T12:46:21.037+0300][360.067s][info][gc] GC(2642) Pause Full (Ergonomics) 290M->22M(455M) 21.264ms
[2020-08-08T12:46:21.125+0300][360.155s][info][gc] GC(2643) Pause Young (Allocation Failure) 80M->80M(455M) 78.781ms
[2020-08-08T12:46:21.278+0300][360.308s][info][gc] GC(2644) Pause Young (Allocation Failure) 136M->136M(455M) 143.844ms
[2020-08-08T12:46:21.425+0300][360.455s][info][gc] GC(2645) Pause Young (Allocation Failure) 193M->193M(455M) 136.286ms
[2020-08-08T12:46:21.592+0300][360.623s][info][gc] GC(2646) Pause Young (Allocation Failure) 251M->251M(455M) 157.282ms
[2020-08-08T12:46:21.742+0300][360.772s][info][gc] GC(2647) Pause Young (Allocation Failure) 308M->309M(455M) 141.336ms
[2020-08-08T12:46:21.838+0300][360.868s][info][gc] GC(2648) Pause Full (Ergonomics) 309M->41M(455M) 95.816ms
[2020-08-08T12:46:21.929+0300][360.960s][info][gc] GC(2649) Pause Young (Allocation Failure) 98M->98M(455M) 79.201ms
[2020-08-08T12:46:22.067+0300][361.097s][info][gc] GC(2650) Pause Young (Allocation Failure) 156M->156M(455M) 128.775ms
[2020-08-08T12:46:22.206+0300][361.237s][info][gc] GC(2651) Pause Young (Allocation Failure) 213M->213M(455M) 130.496ms
[2020-08-08T12:46:22.366+0300][361.396s][info][gc] GC(2652) Pause Young (Allocation Failure) 270M->270M(455M) 150.226ms
[2020-08-08T12:46:22.524+0300][361.554s][info][gc] GC(2653) Pause Young (Allocation Failure) 327M->327M(455M) 148.267ms
[2020-08-08T12:46:22.694+0300][361.724s][info][gc] GC(2654) Pause Full (Ergonomics) 327M->60M(455M) 169.578ms
[2020-08-08T12:46:22.784+0300][361.815s][info][gc] GC(2655) Pause Young (Allocation Failure) 117M->117M(455M) 80.465ms
[2020-08-08T12:46:22.925+0300][361.955s][info][gc] GC(2656) Pause Young (Allocation Failure) 175M->175M(455M) 132.641ms
[2020-08-08T12:46:23.089+0300][362.119s][info][gc] GC(2657) Pause Young (Allocation Failure) 232M->233M(455M) 153.532ms
[2020-08-08T12:46:23.233+0300][362.264s][info][gc] GC(2658) Pause Young (Allocation Failure) 290M->290M(455M) 135.904ms
[2020-08-08T12:46:23.255+0300][362.285s][info][gc] GC(2659) Pause Full (Ergonomics) 290M->22M(455M) 21.480ms
[2020-08-08T12:46:23.347+0300][362.377s][info][gc] GC(2660) Pause Young (Allocation Failure) 80M->80M(455M) 78.624ms
[2020-08-08T12:46:23.501+0300][362.531s][info][gc] GC(2661) Pause Young (Allocation Failure) 136M->136M(455M) 143.119ms
[2020-08-08T12:46:23.645+0300][362.675s][info][gc] GC(2662) Pause Young (Allocation Failure) 193M->193M(455M) 135.925ms
[2020-08-08T12:46:23.814+0300][362.844s][info][gc] GC(2663) Pause Young (Allocation Failure) 251M->251M(455M) 159.398ms
[2020-08-08T12:46:23.963+0300][362.993s][info][gc] GC(2664) Pause Young (Allocation Failure) 309M->309M(455M) 140.538ms
[2020-08-08T12:46:24.058+0300][363.088s][info][gc] GC(2665) Pause Full (Ergonomics) 309M->41M(455M) 95.219ms
[2020-08-08T12:46:24.149+0300][363.179s][info][gc] GC(2666) Pause Young (Allocation Failure) 98M->98M(455M) 80.078ms
[2020-08-08T12:46:24.286+0300][363.316s][info][gc] GC(2667) Pause Young (Allocation Failure) 156M->156M(455M) 130.340ms
[2020-08-08T12:46:24.446+0300][363.476s][info][gc] GC(2668) Pause Young (Allocation Failure) 214M->214M(455M) 147.621ms
[2020-08-08T12:46:24.609+0300][363.639s][info][gc] GC(2669) Pause Young (Allocation Failure) 270M->270M(455M) 153.309ms
[2020-08-08T12:46:24.762+0300][363.792s][info][gc] GC(2670) Pause Young (Allocation Failure) 327M->327M(455M) 143.235ms
[2020-08-08T12:46:24.938+0300][363.968s][info][gc] GC(2671) Pause Full (Ergonomics) 327M->59M(455M) 175.920ms
[2020-08-08T12:46:25.028+0300][364.058s][info][gc] GC(2672) Pause Young (Allocation Failure) 117M->117M(455M) 78.763ms
[2020-08-08T12:46:25.172+0300][364.202s][info][gc] GC(2673) Pause Young (Allocation Failure) 174M->175M(455M) 136.639ms
[2020-08-08T12:46:25.337+0300][364.367s][info][gc] GC(2674) Pause Young (Allocation Failure) 232M->232M(455M) 153.741ms
[2020-08-08T12:46:25.488+0300][364.518s][info][gc] GC(2675) Pause Young (Allocation Failure) 290M->290M(455M) 140.014ms
[2020-08-08T12:46:25.663+0300][364.693s][info][gc] GC(2676) Pause Young (Allocation Failure) 347M->347M(455M) 163.687ms
[2020-08-08T12:46:25.918+0300][364.948s][info][gc] GC(2677) Pause Full (Ergonomics) 347M->80M(455M) 254.638ms
[2020-08-08T12:46:26.005+0300][365.035s][info][gc] GC(2678) Pause Young (Allocation Failure) 136M->136M(455M) 77.808ms
[2020-08-08T12:46:26.149+0300][365.179s][info][gc] GC(2679) Pause Young (Allocation Failure) 193M->193M(455M) 135.491ms
[2020-08-08T12:46:26.314+0300][365.345s][info][gc] GC(2680) Pause Young (Allocation Failure) 251M->251M(455M) 156.787ms
[2020-08-08T12:46:26.469+0300][365.499s][info][gc] GC(2681) Pause Young (Allocation Failure) 308M->309M(455M) 143.940ms
[2020-08-08T12:46:26.564+0300][365.594s][info][gc] GC(2682) Pause Full (Ergonomics) 309M->41M(455M) 95.493ms
[2020-08-08T12:46:26.659+0300][365.689s][info][gc] GC(2683) Pause Young (Allocation Failure) 98M->98M(455M) 81.395ms
[2020-08-08T12:46:26.803+0300][365.833s][info][gc] GC(2684) Pause Young (Allocation Failure) 156M->156M(455M) 133.034ms
[2020-08-08T12:46:26.951+0300][365.981s][info][gc] GC(2685) Pause Young (Allocation Failure) 213M->213M(455M) 134.743ms
[2020-08-08T12:46:27.111+0300][366.141s][info][gc] GC(2686) Pause Young (Allocation Failure) 270M->270M(455M) 151.303ms
[2020-08-08T12:46:27.261+0300][366.291s][info][gc] GC(2687) Pause Young (Allocation Failure) 327M->327M(455M) 141.961ms
[2020-08-08T12:46:27.433+0300][366.463s][info][gc] GC(2688) Pause Full (Ergonomics) 327M->59M(455M) 171.506ms
[2020-08-08T12:46:27.529+0300][366.559s][info][gc] GC(2689) Pause Young (Allocation Failure) 117M->117M(455M) 79.997ms
[2020-08-08T12:46:27.670+0300][366.700s][info][gc] GC(2690) Pause Young (Allocation Failure) 174M->174M(455M) 133.296ms
[2020-08-08T12:46:27.833+0300][366.863s][info][gc] GC(2691) Pause Young (Allocation Failure) 232M->232M(455M) 152.578ms
[2020-08-08T12:46:27.976+0300][367.006s][info][gc] GC(2692) Pause Young (Allocation Failure) 290M->290M(455M) 135.596ms
[2020-08-08T12:46:27.997+0300][367.027s][info][gc] GC(2693) Pause Full (Ergonomics) 290M->22M(455M) 20.634ms
[2020-08-08T12:46:28.084+0300][367.114s][info][gc] GC(2694) Pause Young (Allocation Failure) 80M->80M(455M) 78.102ms
[2020-08-08T12:46:28.238+0300][367.268s][info][gc] GC(2695) Pause Young (Allocation Failure) 136M->136M(455M) 144.524ms
[2020-08-08T12:46:28.380+0300][367.410s][info][gc] GC(2696) Pause Young (Allocation Failure) 193M->193M(455M) 134.875ms
[2020-08-08T12:46:28.551+0300][367.581s][info][gc] GC(2697) Pause Young (Allocation Failure) 251M->251M(455M) 157.064ms
[2020-08-08T12:46:28.701+0300][367.731s][info][gc] GC(2698) Pause Young (Allocation Failure) 308M->309M(455M) 141.402ms
[2020-08-08T12:46:28.797+0300][367.827s][info][gc] GC(2699) Pause Full (Ergonomics) 309M->41M(455M) 95.865ms
[2020-08-08T12:46:28.886+0300][367.916s][info][gc] GC(2700) Pause Young (Allocation Failure) 98M->98M(455M) 78.540ms
[2020-08-08T12:46:29.023+0300][368.053s][info][gc] GC(2701) Pause Young (Allocation Failure) 156M->156M(455M) 129.941ms
[2020-08-08T12:46:29.168+0300][368.198s][info][gc] GC(2702) Pause Young (Allocation Failure) 213M->213M(455M) 134.819ms
[2020-08-08T12:46:29.340+0300][368.370s][info][gc] GC(2703) Pause Young (Allocation Failure) 270M->270M(455M) 161.807ms
[2020-08-08T12:46:29.496+0300][368.526s][info][gc] GC(2704) Pause Young (Allocation Failure) 327M->327M(455M) 145.208ms
[2020-08-08T12:46:29.663+0300][368.693s][info][gc] GC(2705) Pause Full (Ergonomics) 327M->59M(455M) 166.721ms
[2020-08-08T12:46:29.755+0300][368.785s][info][gc] GC(2706) Pause Young (Allocation Failure) 117M->117M(455M) 79.620ms
[2020-08-08T12:46:29.896+0300][368.926s][info][gc] GC(2707) Pause Young (Allocation Failure) 174M->174M(455M) 133.640ms
[2020-08-08T12:46:30.058+0300][369.088s][info][gc] GC(2708) Pause Young (Allocation Failure) 232M->232M(455M) 151.984ms
[2020-08-08T12:46:30.202+0300][369.232s][info][gc] GC(2709) Pause Young (Allocation Failure) 290M->290M(455M) 135.258ms
[2020-08-08T12:46:30.222+0300][369.252s][info][gc] GC(2710) Pause Full (Ergonomics) 290M->22M(455M) 20.684ms
[2020-08-08T12:46:30.311+0300][369.341s][info][gc] GC(2711) Pause Young (Allocation Failure) 80M->80M(455M) 78.001ms
[2020-08-08T12:46:30.468+0300][369.498s][info][gc] GC(2712) Pause Young (Allocation Failure) 136M->136M(455M) 147.577ms
[2020-08-08T12:46:30.623+0300][369.653s][info][gc] GC(2713) Pause Young (Allocation Failure) 193M->193M(455M) 144.901ms
[2020-08-08T12:46:30.788+0300][369.818s][info][gc] GC(2714) Pause Young (Allocation Failure) 251M->251M(455M) 156.142ms
[2020-08-08T12:46:30.936+0300][369.966s][info][gc] GC(2715) Pause Young (Allocation Failure) 308M->309M(455M) 140.613ms
[2020-08-08T12:46:31.031+0300][370.061s][info][gc] GC(2716) Pause Full (Ergonomics) 309M->41M(455M) 94.494ms
[2020-08-08T12:46:31.121+0300][370.151s][info][gc] GC(2717) Pause Young (Allocation Failure) 98M->98M(455M) 80.327ms
[2020-08-08T12:46:31.262+0300][370.292s][info][gc] GC(2718) Pause Young (Allocation Failure) 156M->156M(455M) 133.392ms
[2020-08-08T12:46:31.404+0300][370.434s][info][gc] GC(2719) Pause Young (Allocation Failure) 213M->213M(455M) 131.551ms
[2020-08-08T12:46:31.568+0300][370.598s][info][gc] GC(2720) Pause Young (Allocation Failure) 270M->270M(455M) 151.047ms
[2020-08-08T12:46:31.719+0300][370.749s][info][gc] GC(2721) Pause Young (Allocation Failure) 327M->327M(455M) 143.187ms
[2020-08-08T12:46:31.893+0300][370.923s][info][gc] GC(2722) Pause Full (Ergonomics) 327M->59M(455M) 173.841ms
[2020-08-08T12:46:31.983+0300][371.013s][info][gc] GC(2723) Pause Young (Allocation Failure) 117M->117M(455M) 79.337ms
[2020-08-08T12:46:32.125+0300][371.155s][info][gc] GC(2724) Pause Young (Allocation Failure) 174M->175M(455M) 133.311ms
[2020-08-08T12:46:32.289+0300][371.319s][info][gc] GC(2725) Pause Young (Allocation Failure) 232M->232M(455M) 153.695ms
[2020-08-08T12:46:32.433+0300][371.463s][info][gc] GC(2726) Pause Young (Allocation Failure) 290M->290M(455M) 135.901ms
[2020-08-08T12:46:32.603+0300][371.633s][info][gc] GC(2727) Pause Young (Allocation Failure) 347M->347M(455M) 156.431ms
[2020-08-08T12:46:32.855+0300][371.886s][info][gc] GC(2728) Pause Full (Ergonomics) 347M->80M(455M) 252.769ms
[2020-08-08T12:46:32.943+0300][371.973s][info][gc] GC(2729) Pause Young (Allocation Failure) 136M->136M(455M) 76.886ms
[2020-08-08T12:46:33.088+0300][372.118s][info][gc] GC(2730) Pause Young (Allocation Failure) 193M->193M(455M) 136.638ms
[2020-08-08T12:46:33.254+0300][372.284s][info][gc] GC(2731) Pause Young (Allocation Failure) 251M->251M(455M) 155.731ms
[2020-08-08T12:46:33.404+0300][372.434s][info][gc] GC(2732) Pause Young (Allocation Failure) 308M->309M(455M) 140.910ms
[2020-08-08T12:46:33.499+0300][372.529s][info][gc] GC(2733) Pause Full (Ergonomics) 309M->41M(455M) 94.670ms
[2020-08-08T12:46:33.594+0300][372.624s][info][gc] GC(2734) Pause Young (Allocation Failure) 98M->98M(455M) 82.578ms
[2020-08-08T12:46:33.734+0300][372.764s][info][gc] GC(2735) Pause Young (Allocation Failure) 156M->156M(455M) 131.765ms
[2020-08-08T12:46:33.874+0300][372.905s][info][gc] GC(2736) Pause Young (Allocation Failure) 213M->213M(455M) 131.478ms
[2020-08-08T12:46:34.032+0300][373.062s][info][gc] GC(2737) Pause Young (Allocation Failure) 270M->270M(455M) 148.535ms
[2020-08-08T12:46:34.182+0300][373.212s][info][gc] GC(2738) Pause Young (Allocation Failure) 327M->327M(455M) 142.019ms
[2020-08-08T12:46:34.354+0300][373.384s][info][gc] GC(2739) Pause Full (Ergonomics) 327M->59M(455M) 172.437ms
[2020-08-08T12:46:34.445+0300][373.475s][info][gc] GC(2740) Pause Young (Allocation Failure) 117M->117M(455M) 79.249ms
[2020-08-08T12:46:34.589+0300][373.619s][info][gc] GC(2741) Pause Young (Allocation Failure) 174M->174M(455M) 134.313ms
[2020-08-08T12:46:34.752+0300][373.782s][info][gc] GC(2742) Pause Young (Allocation Failure) 232M->232M(455M) 152.750ms
[2020-08-08T12:46:34.897+0300][373.927s][info][gc] GC(2743) Pause Young (Allocation Failure) 290M->290M(455M) 135.980ms
[2020-08-08T12:46:34.918+0300][373.948s][info][gc] GC(2744) Pause Full (Ergonomics) 290M->22M(455M) 20.697ms
[2020-08-08T12:46:35.007+0300][374.037s][info][gc] GC(2745) Pause Young (Allocation Failure) 80M->80M(455M) 78.368ms
[2020-08-08T12:46:35.159+0300][374.189s][info][gc] GC(2746) Pause Young (Allocation Failure) 136M->136M(455M) 142.555ms
[2020-08-08T12:46:35.303+0300][374.333s][info][gc] GC(2747) Pause Young (Allocation Failure) 193M->193M(455M) 136.037ms
[2020-08-08T12:46:35.469+0300][374.499s][info][gc] GC(2748) Pause Young (Allocation Failure) 251M->251M(455M) 156.714ms
[2020-08-08T12:46:35.630+0300][374.660s][info][gc] GC(2749) Pause Young (Allocation Failure) 309M->309M(455M) 147.983ms
[2020-08-08T12:46:35.726+0300][374.756s][info][gc] GC(2750) Pause Full (Ergonomics) 309M->41M(455M) 95.940ms
[2020-08-08T12:46:35.819+0300][374.849s][info][gc] GC(2751) Pause Young (Allocation Failure) 98M->98M(455M) 79.932ms
[2020-08-08T12:46:35.959+0300][374.989s][info][gc] GC(2752) Pause Young (Allocation Failure) 156M->156M(455M) 132.121ms
[2020-08-08T12:46:36.102+0300][375.132s][info][gc] GC(2753) Pause Young (Allocation Failure) 213M->213M(455M) 130.889ms
[2020-08-08T12:46:36.264+0300][375.294s][info][gc] GC(2754) Pause Young (Allocation Failure) 270M->270M(455M) 150.521ms
[2020-08-08T12:46:36.418+0300][375.448s][info][gc] GC(2755) Pause Young (Allocation Failure) 327M->327M(455M) 144.404ms
[2020-08-08T12:46:36.590+0300][375.621s][info][gc] GC(2756) Pause Full (Ergonomics) 327M->59M(455M) 172.787ms
[2020-08-08T12:46:36.689+0300][375.719s][info][gc] GC(2757) Pause Young (Allocation Failure) 117M->117M(455M) 82.216ms
[2020-08-08T12:46:36.834+0300][375.864s][info][gc] GC(2758) Pause Young (Allocation Failure) 174M->174M(455M) 136.192ms
[2020-08-08T12:46:36.998+0300][376.028s][info][gc] GC(2759) Pause Young (Allocation Failure) 232M->232M(455M) 152.463ms
[2020-08-08T12:46:37.141+0300][376.171s][info][gc] GC(2760) Pause Young (Allocation Failure) 290M->290M(455M) 135.706ms
[2020-08-08T12:46:37.161+0300][376.191s][info][gc] GC(2761) Pause Full (Ergonomics) 290M->22M(455M) 20.452ms
[2020-08-08T12:46:37.251+0300][376.281s][info][gc] GC(2762) Pause Young (Allocation Failure) 80M->80M(455M) 79.253ms
[2020-08-08T12:46:37.401+0300][376.431s][info][gc] GC(2763) Pause Young (Allocation Failure) 136M->136M(455M) 140.909ms
[2020-08-08T12:46:37.545+0300][376.575s][info][gc] GC(2764) Pause Young (Allocation Failure) 193M->193M(455M) 136.660ms
[2020-08-08T12:46:37.717+0300][376.747s][info][gc] GC(2765) Pause Young (Allocation Failure) 251M->251M(455M) 159.514ms
[2020-08-08T12:46:37.865+0300][376.895s][info][gc] GC(2766) Pause Young (Allocation Failure) 308M->309M(455M) 140.175ms
[2020-08-08T12:46:37.959+0300][376.990s][info][gc] GC(2767) Pause Full (Ergonomics) 309M->41M(455M) 94.400ms
[2020-08-08T12:46:38.049+0300][377.079s][info][gc] GC(2768) Pause Young (Allocation Failure) 98M->98M(455M) 78.921ms
[2020-08-08T12:46:38.186+0300][377.216s][info][gc] GC(2769) Pause Young (Allocation Failure) 156M->156M(455M) 128.921ms
[2020-08-08T12:46:38.325+0300][377.355s][info][gc] GC(2770) Pause Young (Allocation Failure) 213M->213M(455M) 129.838ms
[2020-08-08T12:46:38.483+0300][377.513s][info][gc] GC(2771) Pause Young (Allocation Failure) 270M->270M(455M) 149.251ms
[2020-08-08T12:46:38.637+0300][377.667s][info][gc] GC(2772) Pause Young (Allocation Failure) 327M->327M(455M) 143.635ms
[2020-08-08T12:46:38.805+0300][377.835s][info][gc] GC(2773) Pause Full (Ergonomics) 327M->60M(455M) 168.080ms
[2020-08-08T12:46:38.894+0300][377.924s][info][gc] GC(2774) Pause Young (Allocation Failure) 117M->117M(455M) 79.015ms
[2020-08-08T12:46:39.034+0300][378.064s][info][gc] GC(2775) Pause Young (Allocation Failure) 175M->175M(455M) 132.483ms
[2020-08-08T12:46:39.195+0300][378.225s][info][gc] GC(2776) Pause Young (Allocation Failure) 232M->233M(455M) 151.101ms
[2020-08-08T12:46:39.340+0300][378.370s][info][gc] GC(2777) Pause Young (Allocation Failure) 290M->290M(455M) 137.708ms
[2020-08-08T12:46:39.361+0300][378.391s][info][gc] GC(2778) Pause Full (Ergonomics) 290M->22M(455M) 21.192ms
[2020-08-08T12:46:39.451+0300][378.481s][info][gc] GC(2779) Pause Young (Allocation Failure) 80M->80M(455M) 78.797ms
[2020-08-08T12:46:39.605+0300][378.635s][info][gc] GC(2780) Pause Young (Allocation Failure) 136M->136M(455M) 143.492ms
[2020-08-08T12:46:39.753+0300][378.783s][info][gc] GC(2781) Pause Young (Allocation Failure) 193M->193M(455M) 136.605ms
[2020-08-08T12:46:39.919+0300][378.949s][info][gc] GC(2782) Pause Young (Allocation Failure) 251M->251M(455M) 156.707ms
[2020-08-08T12:46:40.067+0300][379.097s][info][gc] GC(2783) Pause Young (Allocation Failure) 308M->309M(455M) 139.949ms
[2020-08-08T12:46:40.162+0300][379.192s][info][gc] GC(2784) Pause Full (Ergonomics) 309M->41M(455M) 95.173ms
[2020-08-08T12:46:40.251+0300][379.281s][info][gc] GC(2785) Pause Young (Allocation Failure) 98M->98M(455M) 78.807ms
[2020-08-08T12:46:40.388+0300][379.418s][info][gc] GC(2786) Pause Young (Allocation Failure) 156M->156M(455M) 130.354ms
[2020-08-08T12:46:40.530+0300][379.559s][info][gc] GC(2787) Pause Young (Allocation Failure) 213M->214M(455M) 130.830ms
[2020-08-08T12:46:40.694+0300][379.724s][info][gc] GC(2788) Pause Young (Allocation Failure) 270M->270M(455M) 152.646ms
[2020-08-08T12:46:40.844+0300][379.874s][info][gc] GC(2789) Pause Young (Allocation Failure) 327M->327M(455M) 141.968ms
[2020-08-08T12:46:41.017+0300][380.047s][info][gc] GC(2790) Pause Full (Ergonomics) 327M->59M(455M) 172.874ms
[2020-08-08T12:46:41.105+0300][380.135s][info][gc] GC(2791) Pause Young (Allocation Failure) 117M->117M(455M) 79.050ms
[2020-08-08T12:46:41.245+0300][380.275s][info][gc] GC(2792) Pause Young (Allocation Failure) 174M->175M(455M) 131.115ms
[2020-08-08T12:46:41.407+0300][380.436s][info][gc] GC(2793) Pause Young (Allocation Failure) 232M->232M(455M) 151.254ms
[2020-08-08T12:46:41.552+0300][380.582s][info][gc] GC(2794) Pause Young (Allocation Failure) 290M->290M(455M) 137.773ms
[2020-08-08T12:46:41.719+0300][380.749s][info][gc] GC(2795) Pause Young (Allocation Failure) 347M->347M(455M) 155.012ms
[2020-08-08T12:46:41.972+0300][381.002s][info][gc] GC(2796) Pause Full (Ergonomics) 347M->80M(455M) 252.877ms
[2020-08-08T12:46:42.061+0300][381.091s][info][gc] GC(2797) Pause Young (Allocation Failure) 136M->136M(455M) 77.662ms
[2020-08-08T12:46:42.205+0300][381.235s][info][gc] GC(2798) Pause Young (Allocation Failure) 193M->193M(455M) 135.635ms
[2020-08-08T12:46:42.371+0300][381.401s][info][gc] GC(2799) Pause Young (Allocation Failure) 251M->251M(455M) 157.047ms
[2020-08-08T12:46:42.521+0300][381.551s][info][gc] GC(2800) Pause Young (Allocation Failure) 308M->309M(455M) 141.920ms
[2020-08-08T12:46:42.615+0300][381.645s][info][gc] GC(2801) Pause Full (Ergonomics) 309M->41M(455M) 94.328ms
[2020-08-08T12:46:42.707+0300][381.737s][info][gc] GC(2802) Pause Young (Allocation Failure) 98M->98M(455M) 80.022ms
[2020-08-08T12:46:42.845+0300][381.875s][info][gc] GC(2803) Pause Young (Allocation Failure) 156M->156M(455M) 130.184ms
[2020-08-08T12:46:42.985+0300][382.015s][info][gc] GC(2804) Pause Young (Allocation Failure) 213M->213M(455M) 130.017ms
[2020-08-08T12:46:43.143+0300][382.173s][info][gc] GC(2805) Pause Young (Allocation Failure) 270M->270M(455M) 148.381ms
[2020-08-08T12:46:43.295+0300][382.324s][info][gc] GC(2806) Pause Young (Allocation Failure) 327M->327M(455M) 144.214ms
[2020-08-08T12:46:43.468+0300][382.498s][info][gc] GC(2807) Pause Full (Ergonomics) 327M->59M(455M) 173.608ms
[2020-08-08T12:46:43.558+0300][382.588s][info][gc] GC(2808) Pause Young (Allocation Failure) 117M->117M(455M) 78.513ms
[2020-08-08T12:46:43.706+0300][382.736s][info][gc] GC(2809) Pause Young (Allocation Failure) 174M->174M(455M) 135.044ms
[2020-08-08T12:46:43.868+0300][382.898s][info][gc] GC(2810) Pause Young (Allocation Failure) 232M->232M(455M) 152.800ms
[2020-08-08T12:46:44.012+0300][383.042s][info][gc] GC(2811) Pause Young (Allocation Failure) 290M->290M(455M) 136.740ms
[2020-08-08T12:46:44.033+0300][383.063s][info][gc] GC(2812) Pause Full (Ergonomics) 290M->22M(455M) 21.056ms
[2020-08-08T12:46:44.122+0300][383.152s][info][gc] GC(2813) Pause Young (Allocation Failure) 80M->80M(455M) 79.328ms
[2020-08-08T12:46:44.273+0300][383.303s][info][gc] GC(2814) Pause Young (Allocation Failure) 136M->136M(455M) 142.605ms
[2020-08-08T12:46:44.417+0300][383.447s][info][gc] GC(2815) Pause Young (Allocation Failure) 193M->193M(455M) 135.850ms
[2020-08-08T12:46:44.585+0300][383.615s][info][gc] GC(2816) Pause Young (Allocation Failure) 251M->251M(455M) 157.091ms
[2020-08-08T12:46:44.736+0300][383.766s][info][gc] GC(2817) Pause Young (Allocation Failure) 309M->309M(455M) 140.892ms
[2020-08-08T12:46:44.832+0300][383.862s][info][gc] GC(2818) Pause Full (Ergonomics) 309M->41M(455M) 95.789ms
[2020-08-08T12:46:44.920+0300][383.949s][info][gc] GC(2819) Pause Young (Allocation Failure) 98M->98M(455M) 77.839ms
[2020-08-08T12:46:45.058+0300][384.088s][info][gc] GC(2820) Pause Young (Allocation Failure) 156M->156M(455M) 130.364ms
[2020-08-08T12:46:45.198+0300][384.228s][info][gc] GC(2821) Pause Young (Allocation Failure) 213M->213M(455M) 129.856ms
[2020-08-08T12:46:45.357+0300][384.387s][info][gc] GC(2822) Pause Young (Allocation Failure) 270M->270M(455M) 150.455ms
[2020-08-08T12:46:45.510+0300][384.540s][info][gc] GC(2823) Pause Young (Allocation Failure) 327M->327M(455M) 144.188ms
[2020-08-08T12:46:45.683+0300][384.713s][info][gc] GC(2824) Pause Full (Ergonomics) 327M->59M(455M) 172.550ms
[2020-08-08T12:46:45.775+0300][384.805s][info][gc] GC(2825) Pause Young (Allocation Failure) 117M->117M(455M) 79.372ms
[2020-08-08T12:46:45.915+0300][384.945s][info][gc] GC(2826) Pause Young (Allocation Failure) 174M->174M(455M) 132.595ms
[2020-08-08T12:46:46.077+0300][385.107s][info][gc] GC(2827) Pause Young (Allocation Failure) 232M->232M(455M) 151.571ms
