[2020-08-01T12:08:21.964+0300][0.007s][debug][gc] ConcGCThreads: 2 offset 12
[2020-08-01T12:08:21.964+0300][0.007s][debug][gc] ParallelGCThreads: 6
[2020-08-01T12:08:21.964+0300][0.007s][debug][gc] Initialize mark stack with 4096 chunks, maximum 16384
[2020-08-01T12:08:21.969+0300][0.013s][info ][gc] Using G1
[2020-08-01T12:08:21.986+0300][0.029s][info ][gc] Periodic GC disabled
[2020-08-01T12:08:22.532+0300][0.576s][info ][gc] GC(0) To-space exhausted
[2020-08-01T12:08:22.533+0300][0.576s][info ][gc] GC(0) Pause Young (Normal) (G1 Evacuation Pause) 304M->320M(512M) 172.736ms
[2020-08-01T12:08:22.695+0300][0.738s][info ][gc] GC(1) Pause Young (Concurrent Start) (G1 Evacuation Pause) 367M->368M(512M) 83.532ms
[2020-08-01T12:08:22.695+0300][0.738s][info ][gc] GC(2) Concurrent Cycle
[2020-08-01T12:08:22.732+0300][0.776s][info ][gc] GC(3) Pause Young (Normal) (G1 Evacuation Pause) 398M->399M(512M) 17.190ms
[2020-08-01T12:08:22.749+0300][0.793s][debug][gc] GC(2) Reclaimed 229 empty regions
[2020-08-01T12:08:22.749+0300][0.793s][info ][gc] GC(2) Pause Remark 409M->180M(512M) 0.603ms
[2020-08-01T12:08:22.767+0300][0.811s][info ][gc] GC(4) Pause Young (Normal) (G1 Evacuation Pause) 190M->191M(512M) 12.285ms
[2020-08-01T12:08:22.807+0300][0.851s][info ][gc] GC(2) Pause Cleanup 268M->268M(512M) 0.078ms
[2020-08-01T12:08:22.809+0300][0.853s][info ][gc] GC(2) Concurrent Cycle 114.487ms
[2020-08-01T12:08:22.855+0300][0.898s][info ][gc] GC(5) Pause Young (Prepare Mixed) (G1 Evacuation Pause) 295M->296M(512M) 36.044ms
[2020-08-01T12:08:22.875+0300][0.918s][info ][gc] GC(6) Pause Young (Mixed) (G1 Evacuation Pause) 310M->277M(512M) 14.255ms
[2020-08-01T12:08:22.904+0300][0.948s][info ][gc] GC(7) Pause Young (Concurrent Start) (G1 Humongous Allocation) 307M->308M(512M) 17.131ms
[2020-08-01T12:08:22.904+0300][0.948s][info ][gc] GC(8) Concurrent Cycle
[2020-08-01T12:08:22.917+0300][0.961s][debug][gc] GC(8) Reclaimed 253 empty regions
[2020-08-01T12:08:22.917+0300][0.961s][info ][gc] GC(8) Pause Remark 340M->87M(512M) 0.457ms
[2020-08-01T12:08:22.937+0300][0.981s][info ][gc] GC(8) Pause Cleanup 115M->115M(512M) 0.119ms
[2020-08-01T12:08:22.938+0300][0.982s][info ][gc] GC(8) Concurrent Cycle 34.486ms
[2020-08-01T12:08:22.964+0300][1.008s][info ][gc] GC(9) Pause Young (Normal) (G1 Evacuation Pause) 122M->114M(512M) 23.936ms
[2020-08-01T12:08:23.079+0300][1.123s][info ][gc] GC(10) Pause Young (Normal) (G1 Evacuation Pause) 242M->243M(512M) 53.625ms
[2020-08-01T12:08:23.152+0300][1.196s][info ][gc] GC(11) Pause Young (Normal) (G1 Evacuation Pause) 310M->311M(512M) 40.900ms
[2020-08-01T12:08:23.168+0300][1.212s][info ][gc] GC(12) Pause Young (Concurrent Start) (G1 Humongous Allocation) 319M->320M(512M) 10.316ms
[2020-08-01T12:08:23.168+0300][1.212s][info ][gc] GC(13) Concurrent Cycle
[2020-08-01T12:08:23.177+0300][1.221s][debug][gc] GC(13) Reclaimed 275 empty regions
[2020-08-01T12:08:23.177+0300][1.221s][info ][gc] GC(13) Pause Remark 340M->65M(512M) 0.527ms
[2020-08-01T12:08:23.190+0300][1.233s][info ][gc] GC(13) Pause Cleanup 85M->85M(512M) 0.109ms
[2020-08-01T12:08:23.190+0300][1.234s][info ][gc] GC(13) Concurrent Cycle 22.429ms
[2020-08-01T12:08:23.217+0300][1.261s][info ][gc] GC(14) Pause Young (Normal) (G1 Evacuation Pause) 108M->102M(512M) 16.813ms
[2020-08-01T12:08:23.337+0300][1.380s][info ][gc] GC(15) Pause Young (Normal) (G1 Evacuation Pause) 233M->234M(512M) 45.218ms
[2020-08-01T12:08:23.400+0300][1.444s][info ][gc] GC(16) Pause Young (Normal) (G1 Evacuation Pause) 303M->305M(512M) 31.410ms
[2020-08-01T12:08:23.410+0300][1.454s][info ][gc] GC(17) Pause Young (Concurrent Start) (G1 Humongous Allocation) 311M->314M(512M) 7.244ms
[2020-08-01T12:08:23.410+0300][1.454s][info ][gc] GC(18) Concurrent Cycle
[2020-08-01T12:08:23.420+0300][1.463s][debug][gc] GC(18) Reclaimed 268 empty regions
[2020-08-01T12:08:23.420+0300][1.463s][info ][gc] GC(18) Pause Remark 338M->70M(512M) 0.441ms
[2020-08-01T12:08:23.432+0300][1.476s][info ][gc] GC(18) Pause Cleanup 91M->91M(512M) 0.129ms
[2020-08-01T12:08:23.434+0300][1.477s][info ][gc] GC(18) Concurrent Cycle 23.435ms
[2020-08-01T12:08:23.461+0300][1.505s][info ][gc] GC(19) Pause Young (Normal) (G1 Evacuation Pause) 111M->105M(512M) 18.504ms
[2020-08-01T12:08:23.596+0300][1.640s][info ][gc] GC(20) Pause Young (Normal) (G1 Evacuation Pause) 235M->236M(512M) 44.878ms
[2020-08-01T12:08:23.665+0300][1.709s][info ][gc] GC(21) Pause Young (Normal) (G1 Evacuation Pause) 305M->307M(512M) 37.849ms
[2020-08-01T12:08:23.678+0300][1.721s][info ][gc] GC(22) Pause Young (Concurrent Start) (G1 Humongous Allocation) 312M->313M(512M) 8.643ms
[2020-08-01T12:08:23.678+0300][1.721s][info ][gc] GC(23) Concurrent Cycle
[2020-08-01T12:08:23.689+0300][1.732s][debug][gc] GC(23) Reclaimed 270 empty regions
[2020-08-01T12:08:23.689+0300][1.732s][info ][gc] GC(23) Pause Remark 345M->75M(512M) 0.446ms
[2020-08-01T12:08:23.701+0300][1.745s][info ][gc] GC(23) Pause Cleanup 106M->106M(512M) 0.094ms
[2020-08-01T12:08:23.702+0300][1.746s][info ][gc] GC(23) Concurrent Cycle 24.282ms
[2020-08-01T12:08:23.719+0300][1.763s][info ][gc] GC(24) Pause Young (Normal) (G1 Evacuation Pause) 107M->103M(512M) 17.018ms
[2020-08-01T12:08:23.831+0300][1.875s][info ][gc] GC(25) Pause Young (Normal) (G1 Evacuation Pause) 234M->236M(512M) 55.901ms
[2020-08-01T12:08:23.906+0300][1.950s][info ][gc] GC(26) Pause Young (Normal) (G1 Evacuation Pause) 305M->306M(512M) 45.451ms
[2020-08-01T12:08:23.918+0300][1.961s][info ][gc] GC(27) Pause Young (Concurrent Start) (G1 Humongous Allocation) 311M->313M(512M) 9.063ms
[2020-08-01T12:08:23.918+0300][1.962s][info ][gc] GC(28) Concurrent Cycle
[2020-08-01T12:08:23.928+0300][1.972s][debug][gc] GC(28) Reclaimed 269 empty regions
[2020-08-01T12:08:23.928+0300][1.972s][info ][gc] GC(28) Pause Remark 335M->66M(512M) 0.567ms
[2020-08-01T12:08:23.940+0300][1.984s][info ][gc] GC(28) Pause Cleanup 88M->88M(512M) 0.129ms
[2020-08-01T12:08:23.941+0300][1.985s][info ][gc] GC(28) Concurrent Cycle 23.078ms
[2020-08-01T12:08:23.974+0300][2.018s][info ][gc] GC(29) Pause Young (Normal) (G1 Evacuation Pause) 109M->104M(512M) 23.849ms
[2020-08-01T12:08:24.064+0300][2.108s][info ][gc] GC(30) Pause Young (Normal) (G1 Evacuation Pause) 234M->235M(512M) 43.228ms
[2020-08-01T12:08:24.125+0300][2.169s][info ][gc] GC(31) Pause Young (Normal) (G1 Evacuation Pause) 304M->305M(512M) 33.040ms
[2020-08-01T12:08:24.135+0300][2.179s][info ][gc] GC(32) Pause Young (Concurrent Start) (G1 Humongous Allocation) 310M->313M(512M) 7.452ms
[2020-08-01T12:08:24.135+0300][2.179s][info ][gc] GC(33) Concurrent Cycle
[2020-08-01T12:08:24.143+0300][2.187s][debug][gc] GC(33) Reclaimed 267 empty regions
[2020-08-01T12:08:24.144+0300][2.187s][info ][gc] GC(33) Pause Remark 340M->73M(512M) 0.457ms
[2020-08-01T12:08:24.156+0300][2.200s][info ][gc] GC(33) Pause Cleanup 102M->102M(512M) 0.119ms
[2020-08-01T12:08:24.157+0300][2.201s][info ][gc] GC(33) Concurrent Cycle 21.833ms
[2020-08-01T12:08:24.180+0300][2.223s][info ][gc] GC(34) Pause Young (Normal) (G1 Evacuation Pause) 111M->106M(512M) 19.646ms
[2020-08-01T12:08:24.273+0300][2.316s][info ][gc] GC(35) Pause Young (Normal) (G1 Evacuation Pause) 235M->236M(512M) 46.595ms
[2020-08-01T12:08:24.332+0300][2.376s][info ][gc] GC(36) Pause Young (Normal) (G1 Evacuation Pause) 305M->307M(512M) 32.197ms
[2020-08-01T12:08:24.344+0300][2.388s][info ][gc] GC(37) Pause Young (Concurrent Start) (G1 Humongous Allocation) 313M->315M(512M) 9.015ms
[2020-08-01T12:08:24.344+0300][2.388s][info ][gc] GC(38) Concurrent Cycle
[2020-08-01T12:08:24.353+0300][2.397s][debug][gc] GC(38) Reclaimed 269 empty regions
[2020-08-01T12:08:24.353+0300][2.397s][info ][gc] GC(38) Pause Remark 345M->76M(512M) 0.436ms
[2020-08-01T12:08:24.365+0300][2.409s][info ][gc] GC(38) Pause Cleanup 106M->106M(512M) 0.093ms
[2020-08-01T12:08:24.366+0300][2.410s][info ][gc] GC(38) Concurrent Cycle 21.801ms
[2020-08-01T12:08:24.386+0300][2.430s][info ][gc] GC(39) Pause Young (Normal) (G1 Evacuation Pause) 110M->104M(512M) 19.082ms
[2020-08-01T12:08:24.488+0300][2.532s][info ][gc] GC(40) Pause Young (Normal) (G1 Evacuation Pause) 234M->236M(512M) 53.891ms
[2020-08-01T12:08:24.554+0300][2.598s][info ][gc] GC(41) Pause Young (Normal) (G1 Evacuation Pause) 305M->306M(512M) 38.383ms
[2020-08-01T12:08:24.567+0300][2.611s][info ][gc] GC(42) Pause Young (Concurrent Start) (G1 Humongous Allocation) 313M->316M(512M) 9.494ms
[2020-08-01T12:08:24.567+0300][2.611s][info ][gc] GC(43) Concurrent Cycle
[2020-08-01T12:08:24.576+0300][2.620s][debug][gc] GC(43) Reclaimed 265 empty regions
[2020-08-01T12:08:24.576+0300][2.620s][info ][gc] GC(43) Pause Remark 342M->77M(512M) 0.510ms
[2020-08-01T12:08:24.589+0300][2.632s][info ][gc] GC(43) Pause Cleanup 106M->106M(512M) 0.069ms
[2020-08-01T12:08:24.589+0300][2.633s][info ][gc] GC(43) Concurrent Cycle 22.219ms
[2020-08-01T12:08:24.613+0300][2.657s][info ][gc] GC(44) Pause Young (Prepare Mixed) (G1 Evacuation Pause) 115M->108M(512M) 20.585ms
[2020-08-01T12:08:24.658+0300][2.702s][info ][gc] GC(45) Pause Young (Mixed) (G1 Evacuation Pause) 126M->98M(512M) 29.131ms
[2020-08-01T12:08:24.757+0300][2.801s][info ][gc] GC(46) Pause Young (Normal) (G1 Evacuation Pause) 231M->232M(512M) 48.709ms
[2020-08-01T12:08:24.806+0300][2.850s][info ][gc] GC(47) Pause Young (Concurrent Start) (G1 Humongous Allocation) 286M->288M(512M) 26.627ms
[2020-08-01T12:08:24.806+0300][2.850s][info ][gc] GC(48) Concurrent Cycle
[2020-08-01T12:08:24.830+0300][2.873s][debug][gc] GC(48) Reclaimed 211 empty regions
[2020-08-01T12:08:24.830+0300][2.873s][info ][gc] GC(48) Pause Remark 357M->146M(512M) 0.430ms
[2020-08-01T12:08:24.854+0300][2.898s][info ][gc] GC(49) Pause Young (Normal) (G1 Evacuation Pause) 149M->140M(512M) 22.996ms
[2020-08-01T12:08:24.899+0300][2.943s][info ][gc] GC(48) Pause Cleanup 223M->223M(512M) 0.078ms
[2020-08-01T12:08:24.900+0300][2.944s][info ][gc] GC(48) Concurrent Cycle 93.648ms
[2020-08-01T12:08:24.955+0300][2.999s][info ][gc] GC(50) Pause Young (Normal) (G1 Evacuation Pause) 259M->260M(512M) 41.279ms
[2020-08-01T12:08:25.011+0300][3.054s][info ][gc] GC(51) Pause Young (Concurrent Start) (G1 Evacuation Pause) 321M->323M(512M) 30.436ms
[2020-08-01T12:08:25.011+0300][3.054s][info ][gc] GC(52) Concurrent Cycle
[2020-08-01T12:08:25.053+0300][3.097s][info ][gc] GC(53) Pause Young (Normal) (G1 Evacuation Pause) 385M->387M(512M) 20.905ms
[2020-08-01T12:08:25.077+0300][3.121s][info ][gc] GC(54) Pause Young (Normal) (G1 Evacuation Pause) 409M->410M(512M) 14.630ms
[2020-08-01T12:08:25.097+0300][3.140s][info ][gc] GC(55) Pause Young (Normal) (G1 Evacuation Pause) 431M->433M(512M) 10.349ms
[2020-08-01T12:08:25.117+0300][3.161s][info ][gc] GC(56) Pause Young (Normal) (G1 Evacuation Pause) 454M->456M(512M) 11.281ms
[2020-08-01T12:08:25.136+0300][3.180s][info ][gc] GC(57) Pause Young (Normal) (G1 Evacuation Pause) 477M->478M(512M) 10.504ms
[2020-08-01T12:08:25.144+0300][3.188s][info ][gc] GC(58) Pause Young (Normal) (G1 Humongous Allocation) 483M->484M(512M) 4.861ms
[2020-08-01T12:08:25.148+0300][3.192s][debug][gc] GC(52) Reclaimed 167 empty regions
[2020-08-01T12:08:25.149+0300][3.192s][info ][gc] GC(52) Pause Remark 508M->341M(512M) 0.437ms
[2020-08-01T12:08:25.168+0300][3.212s][info ][gc] GC(59) Pause Young (Normal) (G1 Evacuation Pause) 358M->359M(512M) 11.558ms
[2020-08-01T12:08:25.195+0300][3.238s][info ][gc] GC(60) Pause Young (Normal) (G1 Evacuation Pause) 389M->390M(512M) 14.021ms
[2020-08-01T12:08:25.215+0300][3.259s][info ][gc] GC(61) Pause Young (Normal) (G1 Evacuation Pause) 410M->412M(512M) 12.228ms
[2020-08-01T12:08:25.248+0300][3.292s][info ][gc] GC(62) Pause Young (Normal) (G1 Evacuation Pause) 433M->434M(512M) 11.105ms
[2020-08-01T12:08:25.270+0300][3.314s][info ][gc] GC(63) Pause Young (Normal) (G1 Evacuation Pause) 455M->456M(512M) 12.799ms
[2020-08-01T12:08:25.309+0300][3.353s][info ][gc] GC(64) To-space exhausted
[2020-08-01T12:08:25.309+0300][3.353s][info ][gc] GC(64) Pause Young (Normal) (G1 Evacuation Pause) 497M->505M(512M) 22.258ms
[2020-08-01T12:08:25.333+0300][3.377s][info ][gc] GC(65) To-space exhausted
[2020-08-01T12:08:25.333+0300][3.377s][info ][gc] GC(65) Pause Young (Normal) (G1 Evacuation Pause) 512M->512M(512M) 18.797ms
[2020-08-01T12:08:25.334+0300][3.377s][debug][gc] GC(66) Clear Next Bitmap 0.227ms
[2020-08-01T12:08:25.363+0300][3.407s][info ][gc] GC(66) Pause Full (G1 Evacuation Pause) 512M->47M(512M) 29.922ms
[2020-08-01T12:08:25.364+0300][3.407s][info ][gc] GC(52) Concurrent Cycle 352.899ms
[2020-08-01T12:08:25.464+0300][3.508s][info ][gc] GC(67) Pause Young (Normal) (G1 Evacuation Pause) 196M->196M(512M) 48.577ms
[2020-08-01T12:08:25.535+0300][3.579s][info ][gc] GC(68) Pause Young (Normal) (G1 Evacuation Pause) 297M->299M(512M) 37.276ms
[2020-08-01T12:08:25.581+0300][3.625s][info ][gc] GC(69) Pause Young (Concurrent Start) (G1 Evacuation Pause) 347M->348M(512M) 27.069ms
[2020-08-01T12:08:25.581+0300][3.625s][info ][gc] GC(70) Concurrent Cycle
[2020-08-01T12:08:25.618+0300][3.662s][info ][gc] GC(71) Pause Young (Normal) (G1 Evacuation Pause) 381M->382M(512M) 15.750ms
[2020-08-01T12:08:25.640+0300][3.684s][info ][gc] GC(72) Pause Young (Normal) (G1 Evacuation Pause) 404M->405M(512M) 12.039ms
[2020-08-01T12:08:25.653+0300][3.697s][debug][gc] GC(70) Reclaimed 252 empty regions
[2020-08-01T12:08:25.653+0300][3.697s][info ][gc] GC(70) Pause Remark 445M->196M(512M) 0.680ms
[2020-08-01T12:08:25.665+0300][3.709s][info ][gc] GC(73) Pause Young (Normal) (G1 Evacuation Pause) 197M->199M(512M) 11.535ms
[2020-08-01T12:08:25.732+0300][3.776s][info ][gc] GC(74) Pause Young (Normal) (G1 Evacuation Pause) 279M->281M(512M) 32.356ms
[2020-08-01T12:08:25.794+0300][3.838s][info ][gc] GC(75) Pause Young (Normal) (G1 Evacuation Pause) 355M->356M(512M) 28.688ms
[2020-08-01T12:08:25.806+0300][3.850s][info ][gc] GC(70) Pause Cleanup 357M->357M(512M) 0.144ms
[2020-08-01T12:08:25.808+0300][3.851s][info ][gc] GC(70) Concurrent Cycle 226.398ms
[2020-08-01T12:08:25.840+0300][3.884s][info ][gc] GC(76) Pause Young (Normal) (G1 Evacuation Pause) 387M->388M(512M) 16.696ms
[2020-08-01T12:08:25.860+0300][3.904s][info ][gc] GC(77) Pause Young (Concurrent Start) (G1 Evacuation Pause) 409M->410M(512M) 11.319ms
[2020-08-01T12:08:25.860+0300][3.904s][info ][gc] GC(78) Concurrent Cycle
[2020-08-01T12:08:25.879+0300][3.923s][info ][gc] GC(79) Pause Young (Normal) (G1 Evacuation Pause) 431M->432M(512M) 10.550ms
[2020-08-01T12:08:25.902+0300][3.946s][info ][gc] GC(80) Pause Young (Normal) (G1 Evacuation Pause) 473M->474M(512M) 11.874ms
[2020-08-01T12:08:25.932+0300][3.976s][info ][gc] GC(81) To-space exhausted
[2020-08-01T12:08:25.932+0300][3.976s][info ][gc] GC(81) Pause Young (Normal) (G1 Evacuation Pause) 495M->505M(512M) 18.301ms
[2020-08-01T12:08:25.949+0300][3.993s][info ][gc] GC(82) To-space exhausted
[2020-08-01T12:08:25.950+0300][3.993s][info ][gc] GC(82) Pause Young (Normal) (G1 Evacuation Pause) 511M->511M(512M) 14.450ms
[2020-08-01T12:08:25.950+0300][3.994s][debug][gc] GC(83) Clear Next Bitmap 0.282ms
[2020-08-01T12:08:25.988+0300][4.032s][info ][gc] GC(83) Pause Full (G1 Evacuation Pause) 511M->61M(512M) 38.723ms
[2020-08-01T12:08:25.989+0300][4.033s][info ][gc] GC(78) Concurrent Cycle 129.079ms
[2020-08-01T12:08:26.089+0300][4.133s][info ][gc] GC(84) Pause Young (Normal) (G1 Evacuation Pause) 206M->204M(512M) 46.939ms
[2020-08-01T12:08:26.169+0300][4.212s][info ][gc] GC(85) Pause Young (Normal) (G1 Evacuation Pause) 303M->303M(512M) 45.290ms
[2020-08-01T12:08:26.211+0300][4.255s][info ][gc] GC(86) Pause Young (Concurrent Start) (G1 Evacuation Pause) 350M->352M(512M) 24.090ms
[2020-08-01T12:08:26.212+0300][4.255s][info ][gc] GC(87) Concurrent Cycle
[2020-08-01T12:08:26.248+0300][4.292s][info ][gc] GC(88) Pause Young (Normal) (G1 Evacuation Pause) 383M->384M(512M) 19.636ms
[2020-08-01T12:08:26.273+0300][4.317s][info ][gc] GC(89) Pause Young (Normal) (G1 Evacuation Pause) 405M->406M(512M) 15.031ms
[2020-08-01T12:08:26.300+0300][4.344s][info ][gc] GC(90) Pause Young (Normal) (G1 Evacuation Pause) 447M->448M(512M) 15.363ms
[2020-08-01T12:08:26.305+0300][4.349s][debug][gc] GC(87) Reclaimed 234 empty regions
[2020-08-01T12:08:26.305+0300][4.349s][info ][gc] GC(87) Pause Remark 456M->223M(512M) 0.593ms
[2020-08-01T12:08:26.329+0300][4.373s][info ][gc] GC(91) Pause Young (Normal) (G1 Evacuation Pause) 237M->239M(512M) 16.154ms
[2020-08-01T12:08:26.390+0300][4.434s][info ][gc] GC(92) Pause Young (Normal) (G1 Evacuation Pause) 306M->308M(512M) 31.696ms
[2020-08-01T12:08:26.449+0300][4.493s][info ][gc] GC(93) Pause Young (Normal) (G1 Evacuation Pause) 374M->375M(512M) 28.404ms
[2020-08-01T12:08:26.478+0300][4.522s][info ][gc] GC(94) Pause Young (Normal) (G1 Evacuation Pause) 399M->401M(512M) 18.519ms
[2020-08-01T12:08:26.506+0300][4.550s][info ][gc] GC(95) Pause Young (Normal) (G1 Evacuation Pause) 422M->423M(512M) 18.428ms
[2020-08-01T12:08:26.509+0300][4.553s][info ][gc] GC(87) Pause Cleanup 426M->426M(512M) 0.105ms
[2020-08-01T12:08:26.509+0300][4.553s][info ][gc] GC(87) Concurrent Cycle 297.628ms
[2020-08-01T12:08:26.539+0300][4.582s][info ][gc] GC(96) Pause Young (Prepare Mixed) (G1 Evacuation Pause) 444M->447M(512M) 19.183ms
[2020-08-01T12:08:26.646+0300][4.690s][info ][gc] GC(97) To-space exhausted
[2020-08-01T12:08:26.646+0300][4.690s][info ][gc] GC(97) Pause Young (Mixed) (G1 Evacuation Pause) 488M->474M(512M) 96.368ms
[2020-08-01T12:08:26.676+0300][4.720s][info ][gc] GC(98) To-space exhausted
[2020-08-01T12:08:26.676+0300][4.720s][info ][gc] GC(98) Pause Young (Concurrent Start) (G1 Evacuation Pause) 495M->503M(512M) 21.685ms
[2020-08-01T12:08:26.676+0300][4.720s][info ][gc] GC(99) Concurrent Cycle
[2020-08-01T12:08:26.695+0300][4.739s][info ][gc] GC(100) To-space exhausted
[2020-08-01T12:08:26.695+0300][4.739s][info ][gc] GC(100) Pause Young (Normal) (G1 Evacuation Pause) 510M->510M(512M) 14.692ms
[2020-08-01T12:08:26.696+0300][4.740s][debug][gc] GC(101) Clear Next Bitmap 0.371ms
[2020-08-01T12:08:26.731+0300][4.775s][info ][gc] GC(101) Pause Full (G1 Evacuation Pause) 510M->57M(512M) 35.707ms
[2020-08-01T12:08:26.731+0300][4.775s][info ][gc] GC(99) Concurrent Cycle 55.068ms
[2020-08-01T12:08:26.796+0300][4.840s][info ][gc] GC(102) Pause Young (Concurrent Start) (G1 Humongous Allocation) 137M->137M(512M) 32.507ms
[2020-08-01T12:08:26.796+0300][4.840s][info ][gc] GC(103) Concurrent Cycle
[2020-08-01T12:08:26.823+0300][4.867s][debug][gc] GC(103) Reclaimed 46 empty regions
[2020-08-01T12:08:26.823+0300][4.867s][info ][gc] GC(103) Pause Remark 211M->167M(512M) 0.464ms
[2020-08-01T12:08:26.882+0300][4.925s][info ][gc] GC(104) Pause Young (Normal) (G1 Evacuation Pause) 214M->199M(512M) 39.998ms
[2020-08-01T12:08:26.902+0300][4.945s][info ][gc] GC(103) Pause Cleanup 259M->259M(512M) 0.106ms
[2020-08-01T12:08:26.905+0300][4.948s][info ][gc] GC(103) Concurrent Cycle 108.236ms
[2020-08-01T12:08:26.964+0300][5.007s][info ][gc] GC(105) Pause Young (Normal) (G1 Evacuation Pause) 300M->301M(512M) 41.508ms
[2020-08-01T12:08:27.007+0300][5.051s][info ][gc] GC(106) Pause Young (Concurrent Start) (G1 Humongous Allocation) 349M->350M(512M) 24.675ms
[2020-08-01T12:08:27.007+0300][5.051s][info ][gc] GC(107) Concurrent Cycle
[2020-08-01T12:08:27.045+0300][5.089s][info ][gc] GC(108) Pause Young (Normal) (G1 Evacuation Pause) 403M->404M(512M) 18.421ms
[2020-08-01T12:08:27.049+0300][5.093s][debug][gc] GC(107) Reclaimed 275 empty regions
[2020-08-01T12:08:27.049+0300][5.093s][info ][gc] GC(107) Pause Remark 412M->137M(512M) 0.508ms
[2020-08-01T12:08:27.065+0300][5.109s][info ][gc] GC(109) Pause Young (Normal) (G1 Evacuation Pause) 148M->149M(512M) 11.057ms
[2020-08-01T12:08:27.153+0300][5.196s][info ][gc] GC(110) Pause Young (Normal) (G1 Evacuation Pause) 265M->266M(512M) 45.038ms
[2020-08-01T12:08:27.158+0300][5.202s][info ][gc] GC(107) Pause Cleanup 271M->271M(512M) 0.137ms
[2020-08-01T12:08:27.159+0300][5.203s][info ][gc] GC(107) Concurrent Cycle 151.364ms
[2020-08-01T12:08:27.221+0300][5.265s][info ][gc] GC(111) Pause Young (Normal) (G1 Evacuation Pause) 325M->326M(512M) 34.167ms
[2020-08-01T12:08:27.245+0300][5.289s][info ][gc] GC(112) Pause Young (Concurrent Start) (G1 Humongous Allocation) 350M->351M(512M) 13.925ms
[2020-08-01T12:08:27.245+0300][5.289s][info ][gc] GC(113) Concurrent Cycle
[2020-08-01T12:08:27.258+0300][5.302s][debug][gc] GC(113) Reclaimed 299 empty regions
[2020-08-01T12:08:27.258+0300][5.302s][info ][gc] GC(113) Pause Remark 396M->97M(512M) 0.509ms
[2020-08-01T12:08:27.277+0300][5.321s][info ][gc] GC(114) Pause Young (Normal) (G1 Evacuation Pause) 105M->100M(512M) 14.643ms
[2020-08-01T12:08:27.293+0300][5.337s][info ][gc] GC(113) Pause Cleanup 140M->140M(512M) 0.079ms
[2020-08-01T12:08:27.294+0300][5.337s][info ][gc] GC(113) Concurrent Cycle 48.650ms
[2020-08-01T12:08:27.348+0300][5.392s][info ][gc] GC(115) Pause Young (Concurrent Start) (G1 Humongous Allocation) 182M->183M(512M) 38.125ms
[2020-08-01T12:08:27.348+0300][5.392s][info ][gc] GC(116) Concurrent Cycle
[2020-08-01T12:08:27.375+0300][5.419s][debug][gc] GC(116) Reclaimed 73 empty regions
[2020-08-01T12:08:27.375+0300][5.419s][info ][gc] GC(116) Pause Remark 264M->191M(512M) 0.445ms
[2020-08-01T12:08:27.423+0300][5.466s][info ][gc] GC(117) Pause Young (Normal) (G1 Evacuation Pause) 215M->201M(512M) 37.953ms
[2020-08-01T12:08:27.458+0300][5.502s][info ][gc] GC(116) Pause Cleanup 294M->294M(512M) 0.125ms
[2020-08-01T12:08:27.459+0300][5.503s][info ][gc] GC(116) Concurrent Cycle 110.875ms
[2020-08-01T12:08:27.509+0300][5.553s][info ][gc] GC(118) Pause Young (Normal) (G1 Evacuation Pause) 301M->303M(512M) 47.333ms
[2020-08-01T12:08:27.551+0300][5.595s][info ][gc] GC(119) Pause Young (Concurrent Start) (G1 Evacuation Pause) 351M->352M(512M) 23.199ms
[2020-08-01T12:08:27.552+0300][5.595s][info ][gc] GC(120) Concurrent Cycle
[2020-08-01T12:08:27.586+0300][5.629s][info ][gc] GC(121) Pause Young (Normal) (G1 Evacuation Pause) 404M->406M(512M) 17.134ms
[2020-08-01T12:08:27.604+0300][5.648s][info ][gc] GC(122) Pause Young (Normal) (G1 Evacuation Pause) 426M->427M(512M) 10.380ms
[2020-08-01T12:08:27.625+0300][5.669s][info ][gc] GC(123) Pause Young (Normal) (G1 Evacuation Pause) 448M->450M(512M) 11.611ms
[2020-08-01T12:08:27.647+0300][5.691s][info ][gc] GC(124) Pause Young (Normal) (G1 Evacuation Pause) 471M->472M(512M) 12.781ms
[2020-08-01T12:08:27.675+0300][5.719s][info ][gc] GC(125) To-space exhausted
[2020-08-01T12:08:27.675+0300][5.719s][info ][gc] GC(125) Pause Young (Normal) (G1 Evacuation Pause) 493M->501M(512M) 18.701ms
[2020-08-01T12:08:27.699+0300][5.743s][info ][gc] GC(126) To-space exhausted
[2020-08-01T12:08:27.700+0300][5.743s][info ][gc] GC(126) Pause Young (Normal) (G1 Evacuation Pause) 511M->511M(512M) 19.920ms
[2020-08-01T12:08:27.700+0300][5.744s][debug][gc] GC(127) Clear Next Bitmap 0.367ms
[2020-08-01T12:08:27.803+0300][5.847s][info ][gc] GC(127) Pause Full (G1 Evacuation Pause) 511M->130M(512M) 103.130ms
[2020-08-01T12:08:27.803+0300][5.847s][info ][gc] GC(120) Concurrent Cycle 251.479ms
[2020-08-01T12:08:27.810+0300][5.854s][info ][gc] GC(128) Pause Young (Concurrent Start) (G1 Humongous Allocation) 136M->136M(512M) 4.442ms
[2020-08-01T12:08:27.810+0300][5.854s][info ][gc] GC(129) Concurrent Cycle
[2020-08-01T12:08:27.816+0300][5.860s][debug][gc] GC(129) Reclaimed 127 empty regions
[2020-08-01T12:08:27.816+0300][5.860s][info ][gc] GC(129) Pause Remark 161M->37M(512M) 0.659ms
[2020-08-01T12:08:27.823+0300][5.867s][info ][gc] GC(129) Pause Cleanup 53M->53M(512M) 0.056ms
[2020-08-01T12:08:27.823+0300][5.867s][info ][gc] GC(129) Concurrent Cycle 13.102ms
[2020-08-01T12:08:27.893+0300][5.937s][info ][gc] GC(130) Pause Young (Normal) (G1 Evacuation Pause) 132M->125M(512M) 38.408ms
[2020-08-01T12:08:27.912+0300][5.956s][info ][gc] GC(131) Pause Young (Concurrent Start) (G1 Humongous Allocation) 140M->142M(512M) 12.789ms
[2020-08-01T12:08:27.912+0300][5.956s][info ][gc] GC(132) Concurrent Cycle
[2020-08-01T12:08:27.923+0300][5.967s][debug][gc] GC(132) Reclaimed 104 empty regions
[2020-08-01T12:08:27.923+0300][5.967s][info ][gc] GC(132) Pause Remark 184M->80M(512M) 0.447ms
[2020-08-01T12:08:27.938+0300][5.982s][info ][gc] GC(132) Pause Cleanup 117M->117M(512M) 0.079ms
[2020-08-01T12:08:27.939+0300][5.983s][info ][gc] GC(132) Concurrent Cycle 27.200ms
[2020-08-01T12:08:27.995+0300][6.039s][info ][gc] GC(133) Pause Young (Normal) (G1 Evacuation Pause) 156M->142M(512M) 40.753ms
[2020-08-01T12:08:28.015+0300][6.059s][info ][gc] GC(134) Pause Young (Concurrent Start) (G1 Humongous Allocation) 159M->160M(512M) 13.638ms
[2020-08-01T12:08:28.016+0300][6.059s][info ][gc] GC(135) Concurrent Cycle
[2020-08-01T12:08:28.028+0300][6.072s][debug][gc] GC(135) Reclaimed 121 empty regions
[2020-08-01T12:08:28.028+0300][6.072s][info ][gc] GC(135) Pause Remark 204M->83M(512M) 0.463ms
[2020-08-01T12:08:28.044+0300][6.088s][info ][gc] GC(135) Pause Cleanup 124M->124M(512M) 0.066ms
[2020-08-01T12:08:28.045+0300][6.089s][info ][gc] GC(135) Concurrent Cycle 29.512ms
[2020-08-01T12:08:28.090+0300][6.134s][info ][gc] GC(136) Pause Young (Normal) (G1 Evacuation Pause) 151M->137M(512M) 33.943ms
[2020-08-01T12:08:28.114+0300][6.157s][info ][gc] GC(137) Pause Young (Concurrent Start) (G1 Humongous Allocation) 160M->162M(512M) 14.489ms
[2020-08-01T12:08:28.114+0300][6.157s][info ][gc] GC(138) Concurrent Cycle
[2020-08-01T12:08:28.130+0300][6.174s][debug][gc] GC(138) Reclaimed 117 empty regions
[2020-08-01T12:08:28.130+0300][6.174s][info ][gc] GC(138) Pause Remark 210M->93M(512M) 0.610ms
[2020-08-01T12:08:28.151+0300][6.195s][info ][gc] GC(138) Pause Cleanup 139M->139M(512M) 0.108ms
[2020-08-01T12:08:28.152+0300][6.196s][info ][gc] GC(138) Concurrent Cycle 38.088ms
[2020-08-01T12:08:28.196+0300][6.240s][info ][gc] GC(139) Pause Young (Normal) (G1 Evacuation Pause) 157M->142M(512M) 37.614ms
[2020-08-01T12:08:28.222+0300][6.266s][info ][gc] GC(140) Pause Young (Concurrent Start) (G1 Humongous Allocation) 166M->167M(512M) 15.275ms
[2020-08-01T12:08:28.222+0300][6.266s][info ][gc] GC(141) Concurrent Cycle
[2020-08-01T12:08:28.237+0300][6.280s][debug][gc] GC(141) Reclaimed 121 empty regions
[2020-08-01T12:08:28.237+0300][6.280s][info ][gc] GC(141) Pause Remark 216M->95M(512M) 0.491ms
[2020-08-01T12:08:28.257+0300][6.301s][info ][gc] GC(141) Pause Cleanup 146M->146M(512M) 0.060ms
[2020-08-01T12:08:28.257+0300][6.301s][info ][gc] GC(141) Concurrent Cycle 35.378ms
[2020-08-01T12:08:28.297+0300][6.341s][info ][gc] GC(142) Pause Young (Normal) (G1 Evacuation Pause) 158M->145M(512M) 35.416ms
[2020-08-01T12:08:28.323+0300][6.367s][info ][gc] GC(143) Pause Young (Concurrent Start) (G1 Humongous Allocation) 168M->169M(512M) 16.551ms
[2020-08-01T12:08:28.323+0300][6.367s][info ][gc] GC(144) Concurrent Cycle
[2020-08-01T12:08:28.339+0300][6.383s][debug][gc] GC(144) Reclaimed 114 empty regions
[2020-08-01T12:08:28.339+0300][6.383s][info ][gc] GC(144) Pause Remark 217M->103M(512M) 0.467ms
[2020-08-01T12:08:28.358+0300][6.402s][info ][gc] GC(144) Pause Cleanup 152M->152M(512M) 0.075ms
[2020-08-01T12:08:28.359+0300][6.403s][info ][gc] GC(144) Concurrent Cycle 36.062ms
[2020-08-01T12:08:28.400+0300][6.444s][info ][gc] GC(145) Pause Young (Normal) (G1 Evacuation Pause) 165M->152M(512M) 36.222ms
[2020-08-01T12:08:28.427+0300][6.471s][info ][gc] GC(146) Pause Young (Concurrent Start) (G1 Humongous Allocation) 177M->178M(512M) 16.754ms
[2020-08-01T12:08:28.427+0300][6.471s][info ][gc] GC(147) Concurrent Cycle
[2020-08-01T12:08:28.441+0300][6.485s][debug][gc] GC(147) Reclaimed 121 empty regions
[2020-08-01T12:08:28.441+0300][6.485s][info ][gc] GC(147) Pause Remark 226M->105M(512M) 0.474ms
[2020-08-01T12:08:28.462+0300][6.506s][info ][gc] GC(147) Pause Cleanup 156M->156M(512M) 0.104ms
[2020-08-01T12:08:28.462+0300][6.506s][info ][gc] GC(147) Concurrent Cycle 35.380ms
[2020-08-01T12:08:28.502+0300][6.546s][info ][gc] GC(148) Pause Young (Normal) (G1 Evacuation Pause) 164M->151M(512M) 36.567ms
[2020-08-01T12:08:28.530+0300][6.574s][info ][gc] GC(149) Pause Young (Concurrent Start) (G1 Humongous Allocation) 179M->180M(512M) 17.203ms
[2020-08-01T12:08:28.530+0300][6.574s][info ][gc] GC(150) Concurrent Cycle
[2020-08-01T12:08:28.546+0300][6.590s][debug][gc] GC(150) Reclaimed 120 empty regions
[2020-08-01T12:08:28.546+0300][6.590s][info ][gc] GC(150) Pause Remark 229M->109M(512M) 0.453ms
[2020-08-01T12:08:28.568+0300][6.612s][info ][gc] GC(150) Pause Cleanup 164M->164M(512M) 0.095ms
[2020-08-01T12:08:28.569+0300][6.613s][info ][gc] GC(150) Concurrent Cycle 38.800ms
[2020-08-01T12:08:28.603+0300][6.647s][info ][gc] GC(151) Pause Young (Normal) (G1 Evacuation Pause) 166M->154M(512M) 34.081ms
[2020-08-01T12:08:28.634+0300][6.678s][info ][gc] GC(152) Pause Young (Concurrent Start) (G1 Humongous Allocation) 183M->184M(512M) 18.816ms
[2020-08-01T12:08:28.634+0300][6.678s][info ][gc] GC(153) Concurrent Cycle
[2020-08-01T12:08:28.651+0300][6.695s][debug][gc] GC(153) Reclaimed 123 empty regions
[2020-08-01T12:08:28.651+0300][6.695s][info ][gc] GC(153) Pause Remark 236M->113M(512M) 0.631ms
[2020-08-01T12:08:28.707+0300][6.751s][info ][gc] GC(154) Pause Young (Normal) (G1 Evacuation Pause) 166M->152M(512M) 34.195ms
[2020-08-01T12:08:28.708+0300][6.752s][info ][gc] GC(153) Pause Cleanup 154M->154M(512M) 0.089ms
[2020-08-01T12:08:28.709+0300][6.753s][info ][gc] GC(153) Concurrent Cycle 75.041ms
[2020-08-01T12:08:28.745+0300][6.789s][info ][gc] GC(155) Pause Young (Concurrent Start) (G1 Humongous Allocation) 182M->183M(512M) 25.286ms
[2020-08-01T12:08:28.745+0300][6.789s][info ][gc] GC(156) Concurrent Cycle
[2020-08-01T12:08:28.761+0300][6.805s][debug][gc] GC(156) Reclaimed 122 empty regions
[2020-08-01T12:08:28.761+0300][6.805s][info ][gc] GC(156) Pause Remark 229M->107M(512M) 0.520ms
[2020-08-01T12:08:28.784+0300][6.828s][info ][gc] GC(156) Pause Cleanup 164M->164M(512M) 0.075ms
[2020-08-01T12:08:28.785+0300][6.828s][info ][gc] GC(156) Concurrent Cycle 39.694ms
[2020-08-01T12:08:28.818+0300][6.861s][info ][gc] GC(157) Pause Young (Normal) (G1 Evacuation Pause) 166M->154M(512M) 32.469ms
[2020-08-01T12:08:28.847+0300][6.891s][info ][gc] GC(158) Pause Young (Concurrent Start) (G1 Humongous Allocation) 184M->185M(512M) 17.495ms
[2020-08-01T12:08:28.847+0300][6.891s][info ][gc] GC(159) Concurrent Cycle
[2020-08-01T12:08:28.862+0300][6.906s][debug][gc] GC(159) Reclaimed 123 empty regions
[2020-08-01T12:08:28.862+0300][6.906s][info ][gc] GC(159) Pause Remark 236M->113M(512M) 0.467ms
[2020-08-01T12:08:28.919+0300][6.963s][info ][gc] GC(160) Pause Young (Normal) (G1 Evacuation Pause) 167M->154M(512M) 34.875ms
[2020-08-01T12:08:28.920+0300][6.964s][info ][gc] GC(159) Pause Cleanup 157M->157M(512M) 0.093ms
[2020-08-01T12:08:28.921+0300][6.965s][info ][gc] GC(159) Concurrent Cycle 73.651ms
[2020-08-01T12:08:28.957+0300][7.001s][info ][gc] GC(161) Pause Young (Concurrent Start) (G1 Humongous Allocation) 184M->185M(512M) 25.673ms
[2020-08-01T12:08:28.957+0300][7.001s][info ][gc] GC(162) Concurrent Cycle
[2020-08-01T12:08:28.974+0300][7.018s][debug][gc] GC(162) Reclaimed 124 empty regions
[2020-08-01T12:08:28.974+0300][7.018s][info ][gc] GC(162) Pause Remark 235M->111M(512M) 0.484ms
[2020-08-01T12:08:29.033+0300][7.077s][info ][gc] GC(163) Pause Young (Normal) (G1 Evacuation Pause) 166M->153M(512M) 36.850ms
[2020-08-01T12:08:29.034+0300][7.078s][info ][gc] GC(162) Pause Cleanup 154M->154M(512M) 0.126ms
[2020-08-01T12:08:29.035+0300][7.079s][info ][gc] GC(162) Concurrent Cycle 77.891ms
[2020-08-01T12:08:29.075+0300][7.119s][info ][gc] GC(164) Pause Young (Concurrent Start) (G1 Humongous Allocation) 183M->184M(512M) 27.574ms
[2020-08-01T12:08:29.075+0300][7.119s][info ][gc] GC(165) Concurrent Cycle
[2020-08-01T12:08:29.091+0300][7.135s][debug][gc] GC(165) Reclaimed 123 empty regions
[2020-08-01T12:08:29.091+0300][7.135s][info ][gc] GC(165) Pause Remark 235M->112M(512M) 0.451ms
[2020-08-01T12:08:29.149+0300][7.192s][info ][gc] GC(166) Pause Young (Normal) (G1 Evacuation Pause) 166M->153M(512M) 35.809ms
[2020-08-01T12:08:29.150+0300][7.194s][info ][gc] GC(165) Pause Cleanup 155M->155M(512M) 0.116ms
[2020-08-01T12:08:29.152+0300][7.196s][info ][gc] GC(165) Concurrent Cycle 76.627ms
[2020-08-01T12:08:29.194+0300][7.238s][info ][gc] GC(167) Pause Young (Concurrent Start) (G1 Humongous Allocation) 184M->185M(512M) 29.349ms
[2020-08-01T12:08:29.194+0300][7.238s][info ][gc] GC(168) Concurrent Cycle
[2020-08-01T12:08:29.211+0300][7.255s][debug][gc] GC(168) Reclaimed 123 empty regions
[2020-08-01T12:08:29.211+0300][7.255s][info ][gc] GC(168) Pause Remark 238M->115M(512M) 0.532ms
[2020-08-01T12:08:29.270+0300][7.314s][info ][gc] GC(169) Pause Young (Normal) (G1 Evacuation Pause) 169M->156M(512M) 37.364ms
[2020-08-01T12:08:29.272+0300][7.316s][info ][gc] GC(168) Pause Cleanup 159M->159M(512M) 0.082ms
[2020-08-01T12:08:29.273+0300][7.317s][info ][gc] GC(168) Concurrent Cycle 78.893ms
[2020-08-01T12:08:29.310+0300][7.353s][info ][gc] GC(170) Pause Young (Concurrent Start) (G1 Humongous Allocation) 184M->185M(512M) 26.758ms
[2020-08-01T12:08:29.310+0300][7.354s][info ][gc] GC(171) Concurrent Cycle
[2020-08-01T12:08:29.325+0300][7.368s][debug][gc] GC(171) Reclaimed 126 empty regions
[2020-08-01T12:08:29.325+0300][7.368s][info ][gc] GC(171) Pause Remark 234M->108M(512M) 0.511ms
[2020-08-01T12:08:29.346+0300][7.390s][info ][gc] GC(171) Pause Cleanup 162M->162M(512M) 0.122ms
[2020-08-01T12:08:29.347+0300][7.391s][info ][gc] GC(171) Concurrent Cycle 37.127ms
[2020-08-01T12:08:29.383+0300][7.427s][info ][gc] GC(172) Pause Young (Normal) (G1 Evacuation Pause) 164M->152M(512M) 35.841ms
[2020-08-01T12:08:29.412+0300][7.456s][info ][gc] GC(173) Pause Young (Concurrent Start) (G1 Humongous Allocation) 182M->183M(512M) 17.375ms
[2020-08-01T12:08:29.412+0300][7.456s][info ][gc] GC(174) Concurrent Cycle
[2020-08-01T12:08:29.429+0300][7.473s][debug][gc] GC(174) Reclaimed 122 empty regions
[2020-08-01T12:08:29.429+0300][7.473s][info ][gc] GC(174) Pause Remark 235M->113M(512M) 0.503ms
[2020-08-01T12:08:29.484+0300][7.528s][info ][gc] GC(175) Pause Young (Normal) (G1 Evacuation Pause) 166M->153M(512M) 33.437ms
[2020-08-01T12:08:29.486+0300][7.530s][info ][gc] GC(174) Pause Cleanup 157M->157M(512M) 0.125ms
[2020-08-01T12:08:29.487+0300][7.531s][info ][gc] GC(174) Concurrent Cycle 74.428ms
[2020-08-01T12:08:29.524+0300][7.568s][info ][gc] GC(176) Pause Young (Concurrent Start) (G1 Humongous Allocation) 183M->185M(512M) 27.196ms
[2020-08-01T12:08:29.524+0300][7.568s][info ][gc] GC(177) Concurrent Cycle
[2020-08-01T12:08:29.539+0300][7.583s][debug][gc] GC(177) Reclaimed 122 empty regions
[2020-08-01T12:08:29.539+0300][7.583s][info ][gc] GC(177) Pause Remark 236M->114M(512M) 0.452ms
[2020-08-01T12:08:29.598+0300][7.642s][info ][gc] GC(178) Pause Young (Normal) (G1 Evacuation Pause) 168M->155M(512M) 36.813ms
[2020-08-01T12:08:29.600+0300][7.643s][info ][gc] GC(177) Pause Cleanup 159M->159M(512M) 0.089ms
[2020-08-01T12:08:29.600+0300][7.644s][info ][gc] GC(177) Concurrent Cycle 76.036ms
[2020-08-01T12:08:29.637+0300][7.680s][info ][gc] GC(179) Pause Young (Concurrent Start) (G1 Humongous Allocation) 185M->186M(512M) 26.339ms
[2020-08-01T12:08:29.637+0300][7.681s][info ][gc] GC(180) Concurrent Cycle
[2020-08-01T12:08:29.654+0300][7.698s][debug][gc] GC(180) Reclaimed 125 empty regions
[2020-08-01T12:08:29.654+0300][7.698s][info ][gc] GC(180) Pause Remark 238M->113M(512M) 0.526ms
[2020-08-01T12:08:29.709+0300][7.753s][info ][gc] GC(181) Pause Young (Normal) (G1 Evacuation Pause) 165M->153M(512M) 33.008ms
[2020-08-01T12:08:29.712+0300][7.756s][info ][gc] GC(180) Pause Cleanup 159M->159M(512M) 0.113ms
[2020-08-01T12:08:29.713+0300][7.757s][info ][gc] GC(180) Concurrent Cycle 76.120ms
[2020-08-01T12:08:29.751+0300][7.795s][info ][gc] GC(182) Pause Young (Concurrent Start) (G1 Humongous Allocation) 184M->185M(512M) 29.064ms
[2020-08-01T12:08:29.751+0300][7.795s][info ][gc] GC(183) Concurrent Cycle
[2020-08-01T12:08:29.767+0300][7.811s][debug][gc] GC(183) Reclaimed 122 empty regions
[2020-08-01T12:08:29.767+0300][7.811s][info ][gc] GC(183) Pause Remark 237M->115M(512M) 0.493ms
[2020-08-01T12:08:29.822+0300][7.865s][info ][gc] GC(184) Pause Young (Normal) (G1 Evacuation Pause) 168M->155M(512M) 33.661ms
[2020-08-01T12:08:29.824+0300][7.868s][info ][gc] GC(183) Pause Cleanup 161M->161M(512M) 0.081ms
[2020-08-01T12:08:29.825+0300][7.868s][info ][gc] GC(183) Concurrent Cycle 73.227ms
[2020-08-01T12:08:29.859+0300][7.902s][info ][gc] GC(185) Pause Young (Concurrent Start) (G1 Humongous Allocation) 185M->187M(512M) 24.836ms
[2020-08-01T12:08:29.859+0300][7.903s][info ][gc] GC(186) Concurrent Cycle
[2020-08-01T12:08:29.875+0300][7.919s][debug][gc] GC(186) Reclaimed 125 empty regions
[2020-08-01T12:08:29.875+0300][7.919s][info ][gc] GC(186) Pause Remark 239M->114M(512M) 0.476ms
[2020-08-01T12:08:29.928+0300][7.972s][info ][gc] GC(187) Pause Young (Normal) (G1 Evacuation Pause) 166M->154M(512M) 32.299ms
[2020-08-01T12:08:29.931+0300][7.974s][info ][gc] GC(186) Pause Cleanup 160M->160M(512M) 0.090ms
[2020-08-01T12:08:29.932+0300][7.975s][info ][gc] GC(186) Concurrent Cycle 72.840ms
[2020-08-01T12:08:29.967+0300][8.011s][info ][gc] GC(188) Pause Young (Concurrent Start) (G1 Humongous Allocation) 185M->186M(512M) 25.974ms
[2020-08-01T12:08:29.967+0300][8.011s][info ][gc] GC(189) Concurrent Cycle
[2020-08-01T12:08:29.982+0300][8.026s][debug][gc] GC(189) Reclaimed 123 empty regions
[2020-08-01T12:08:29.983+0300][8.026s][info ][gc] GC(189) Pause Remark 238M->115M(512M) 0.480ms
[2020-08-01T12:08:30.039+0300][8.083s][info ][gc] GC(190) Pause Young (Normal) (G1 Evacuation Pause) 167M->154M(512M) 35.568ms
[2020-08-01T12:08:30.042+0300][8.085s][info ][gc] GC(189) Pause Cleanup 156M->156M(512M) 0.110ms
[2020-08-01T12:08:30.042+0300][8.086s][info ][gc] GC(189) Concurrent Cycle 75.436ms
[2020-08-01T12:08:30.079+0300][8.123s][info ][gc] GC(191) Pause Young (Concurrent Start) (G1 Humongous Allocation) 185M->186M(512M) 25.788ms
[2020-08-01T12:08:30.079+0300][8.123s][info ][gc] GC(192) Concurrent Cycle
[2020-08-01T12:08:30.096+0300][8.140s][debug][gc] GC(192) Reclaimed 124 empty regions
[2020-08-01T12:08:30.096+0300][8.140s][info ][gc] GC(192) Pause Remark 240M->116M(512M) 0.499ms
[2020-08-01T12:08:30.155+0300][8.198s][info ][gc] GC(193) Pause Young (Normal) (G1 Evacuation Pause) 167M->155M(512M) 37.591ms
[2020-08-01T12:08:30.158+0300][8.202s][info ][gc] GC(192) Pause Cleanup 158M->158M(512M) 0.123ms
[2020-08-01T12:08:30.159+0300][8.203s][info ][gc] GC(192) Concurrent Cycle 79.713ms
[2020-08-01T12:08:30.202+0300][8.246s][info ][gc] GC(194) Pause Young (Concurrent Start) (G1 Humongous Allocation) 186M->186M(512M) 31.016ms
[2020-08-01T12:08:30.202+0300][8.246s][info ][gc] GC(195) Concurrent Cycle
[2020-08-01T12:08:30.218+0300][8.262s][debug][gc] GC(195) Reclaimed 124 empty regions
[2020-08-01T12:08:30.218+0300][8.262s][info ][gc] GC(195) Pause Remark 238M->114M(512M) 0.593ms
[2020-08-01T12:08:30.277+0300][8.321s][info ][gc] GC(196) Pause Young (Normal) (G1 Evacuation Pause) 167M->155M(512M) 36.226ms
[2020-08-01T12:08:30.277+0300][8.321s][info ][gc] GC(195) Pause Cleanup 156M->156M(512M) 0.072ms
[2020-08-01T12:08:30.278+0300][8.322s][info ][gc] GC(195) Concurrent Cycle 75.504ms
[2020-08-01T12:08:30.316+0300][8.360s][info ][gc] GC(197) Pause Young (Concurrent Start) (G1 Humongous Allocation) 185M->186M(512M) 26.953ms
[2020-08-01T12:08:30.316+0300][8.360s][info ][gc] GC(198) Concurrent Cycle
[2020-08-01T12:08:30.331+0300][8.375s][debug][gc] GC(198) Reclaimed 121 empty regions
[2020-08-01T12:08:30.331+0300][8.375s][info ][gc] GC(198) Pause Remark 237M->116M(512M) 0.465ms
[2020-08-01T12:08:30.388+0300][8.432s][info ][gc] GC(199) Pause Young (Normal) (G1 Evacuation Pause) 170M->157M(512M) 34.751ms
[2020-08-01T12:08:30.390+0300][8.434s][info ][gc] GC(198) Pause Cleanup 161M->161M(512M) 0.082ms
[2020-08-01T12:08:30.390+0300][8.434s][info ][gc] GC(198) Concurrent Cycle 74.006ms
[2020-08-01T12:08:30.427+0300][8.470s][info ][gc] GC(200) Pause Young (Concurrent Start) (G1 Humongous Allocation) 187M->188M(512M) 26.232ms
[2020-08-01T12:08:30.427+0300][8.470s][info ][gc] GC(201) Concurrent Cycle
[2020-08-01T12:08:30.442+0300][8.486s][debug][gc] GC(201) Reclaimed 123 empty regions
[2020-08-01T12:08:30.442+0300][8.486s][info ][gc] GC(201) Pause Remark 239M->116M(512M) 0.478ms
[2020-08-01T12:08:30.497+0300][8.541s][info ][gc] GC(202) Pause Young (Normal) (G1 Evacuation Pause) 169M->156M(512M) 33.850ms
[2020-08-01T12:08:30.499+0300][8.542s][info ][gc] GC(201) Pause Cleanup 161M->161M(512M) 0.092ms
[2020-08-01T12:08:30.499+0300][8.543s][info ][gc] GC(201) Concurrent Cycle 72.685ms
[2020-08-01T12:08:30.535+0300][8.579s][info ][gc] GC(203) Pause Young (Concurrent Start) (G1 Humongous Allocation) 187M->189M(512M) 25.589ms
[2020-08-01T12:08:30.535+0300][8.579s][info ][gc] GC(204) Concurrent Cycle
[2020-08-01T12:08:30.551+0300][8.595s][debug][gc] GC(204) Reclaimed 123 empty regions
[2020-08-01T12:08:30.551+0300][8.595s][info ][gc] GC(204) Pause Remark 241M->118M(512M) 0.606ms
[2020-08-01T12:08:30.605+0300][8.649s][info ][gc] GC(205) Pause Young (Normal) (G1 Evacuation Pause) 169M->157M(512M) 33.183ms
[2020-08-01T12:08:30.609+0300][8.653s][info ][gc] GC(204) Pause Cleanup 165M->165M(512M) 0.095ms
[2020-08-01T12:08:30.609+0300][8.653s][info ][gc] GC(204) Concurrent Cycle 74.517ms
[2020-08-01T12:08:30.645+0300][8.689s][info ][gc] GC(206) Pause Young (Concurrent Start) (G1 Humongous Allocation) 189M->190M(512M) 25.985ms
[2020-08-01T12:08:30.645+0300][8.689s][info ][gc] GC(207) Concurrent Cycle
[2020-08-01T12:08:30.663+0300][8.706s][debug][gc] GC(207) Reclaimed 123 empty regions
[2020-08-01T12:08:30.663+0300][8.706s][info ][gc] GC(207) Pause Remark 245M->122M(512M) 0.485ms
[2020-08-01T12:08:30.715+0300][8.759s][info ][gc] GC(208) Pause Young (Normal) (G1 Evacuation Pause) 170M->158M(512M) 33.149ms
[2020-08-01T12:08:30.719+0300][8.763s][info ][gc] GC(207) Pause Cleanup 169M->169M(512M) 0.084ms
[2020-08-01T12:08:30.720+0300][8.764s][info ][gc] GC(207) Concurrent Cycle 74.945ms
[2020-08-01T12:08:30.755+0300][8.799s][info ][gc] GC(209) Pause Young (Concurrent Start) (G1 Humongous Allocation) 190M->192M(512M) 27.372ms
[2020-08-01T12:08:30.755+0300][8.799s][info ][gc] GC(210) Concurrent Cycle
[2020-08-01T12:08:30.772+0300][8.816s][debug][gc] GC(210) Reclaimed 125 empty regions
[2020-08-01T12:08:30.772+0300][8.816s][info ][gc] GC(210) Pause Remark 246M->121M(512M) 0.467ms
[2020-08-01T12:08:30.826+0300][8.870s][info ][gc] GC(211) Pause Young (Normal) (G1 Evacuation Pause) 170M->157M(512M) 33.522ms
[2020-08-01T12:08:30.830+0300][8.874s][info ][gc] GC(210) Pause Cleanup 167M->167M(512M) 0.079ms
[2020-08-01T12:08:30.830+0300][8.874s][info ][gc] GC(210) Concurrent Cycle 75.161ms
[2020-08-01T12:08:30.864+0300][8.908s][info ][gc] GC(212) Pause Young (Concurrent Start) (G1 Humongous Allocation) 189M->190M(512M) 25.404ms
[2020-08-01T12:08:30.864+0300][8.908s][info ][gc] GC(213) Concurrent Cycle
[2020-08-01T12:08:30.880+0300][8.924s][debug][gc] GC(213) Reclaimed 123 empty regions
[2020-08-01T12:08:30.880+0300][8.924s][info ][gc] GC(213) Pause Remark 243M->120M(512M) 0.451ms
[2020-08-01T12:08:30.932+0300][8.976s][info ][gc] GC(214) Pause Young (Normal) (G1 Evacuation Pause) 170M->158M(512M) 32.383ms
[2020-08-01T12:08:30.936+0300][8.980s][info ][gc] GC(213) Pause Cleanup 166M->166M(512M) 0.089ms
[2020-08-01T12:08:30.937+0300][8.981s][info ][gc] GC(213) Concurrent Cycle 72.359ms
[2020-08-01T12:08:30.972+0300][9.016s][info ][gc] GC(215) Pause Young (Concurrent Start) (G1 Humongous Allocation) 190M->191M(512M) 26.369ms
[2020-08-01T12:08:30.972+0300][9.016s][info ][gc] GC(216) Concurrent Cycle
[2020-08-01T12:08:30.989+0300][9.033s][debug][gc] GC(216) Reclaimed 124 empty regions
[2020-08-01T12:08:30.990+0300][9.033s][info ][gc] GC(216) Pause Remark 246M->122M(512M) 0.482ms
[2020-08-01T12:08:31.041+0300][9.085s][info ][gc] GC(217) Pause Young (Normal) (G1 Evacuation Pause) 170M->157M(512M) 32.425ms
[2020-08-01T12:08:31.046+0300][9.090s][info ][gc] GC(216) Pause Cleanup 168M->168M(512M) 0.100ms
[2020-08-01T12:08:31.047+0300][9.091s][info ][gc] GC(216) Concurrent Cycle 74.605ms
[2020-08-01T12:08:31.083+0300][9.127s][info ][gc] GC(218) Pause Young (Concurrent Start) (G1 Humongous Allocation) 189M->190M(512M) 28.278ms
[2020-08-01T12:08:31.083+0300][9.127s][info ][gc] GC(219) Concurrent Cycle
[2020-08-01T12:08:31.099+0300][9.143s][debug][gc] GC(219) Reclaimed 123 empty regions
[2020-08-01T12:08:31.099+0300][9.143s][info ][gc] GC(219) Pause Remark 242M->119M(512M) 0.456ms
[2020-08-01T12:08:31.152+0300][9.195s][info ][gc] GC(220) Pause Young (Normal) (G1 Evacuation Pause) 170M->157M(512M) 32.199ms
[2020-08-01T12:08:31.155+0300][9.199s][info ][gc] GC(219) Pause Cleanup 166M->166M(512M) 0.090ms
[2020-08-01T12:08:31.156+0300][9.200s][info ][gc] GC(219) Concurrent Cycle 73.072ms
[2020-08-01T12:08:31.197+0300][9.241s][info ][gc] GC(221) Pause Young (Concurrent Start) (G1 Humongous Allocation) 190M->190M(512M) 31.116ms
[2020-08-01T12:08:31.197+0300][9.241s][info ][gc] GC(222) Concurrent Cycle
[2020-08-01T12:08:31.216+0300][9.260s][debug][gc] GC(222) Reclaimed 123 empty regions
[2020-08-01T12:08:31.216+0300][9.260s][info ][gc] GC(222) Pause Remark 245M->122M(512M) 0.554ms
[2020-08-01T12:08:31.276+0300][9.319s][info ][gc] GC(223) Pause Young (Normal) (G1 Evacuation Pause) 171M->158M(512M) 38.895ms
[2020-08-01T12:08:31.280+0300][9.324s][info ][gc] GC(222) Pause Cleanup 167M->167M(512M) 0.098ms
[2020-08-01T12:08:31.281+0300][9.324s][info ][gc] GC(222) Concurrent Cycle 83.519ms
[2020-08-01T12:08:31.315+0300][9.359s][info ][gc] GC(224) Pause Young (Concurrent Start) (G1 Humongous Allocation) 189M->189M(512M) 26.150ms
[2020-08-01T12:08:31.316+0300][9.359s][info ][gc] GC(225) Concurrent Cycle
[2020-08-01T12:08:31.332+0300][9.375s][debug][gc] GC(225) Reclaimed 119 empty regions
[2020-08-01T12:08:31.332+0300][9.375s][info ][gc] GC(225) Pause Remark 242M->123M(512M) 0.489ms
[2020-08-01T12:08:31.385+0300][9.429s][info ][gc] GC(226) Pause Young (Normal) (G1 Evacuation Pause) 173M->160M(512M) 33.112ms
[2020-08-01T12:08:31.388+0300][9.432s][info ][gc] GC(225) Pause Cleanup 168M->168M(512M) 0.086ms
[2020-08-01T12:08:31.389+0300][9.432s][info ][gc] GC(225) Concurrent Cycle 73.056ms
[2020-08-01T12:08:31.423+0300][9.467s][info ][gc] GC(227) Pause Young (Concurrent Start) (G1 Humongous Allocation) 192M->193M(512M) 25.280ms
[2020-08-01T12:08:31.423+0300][9.467s][info ][gc] GC(228) Concurrent Cycle
[2020-08-01T12:08:31.440+0300][9.484s][debug][gc] GC(228) Reclaimed 121 empty regions
[2020-08-01T12:08:31.440+0300][9.484s][info ][gc] GC(228) Pause Remark 247M->126M(512M) 0.447ms
[2020-08-01T12:08:31.494+0300][9.538s][info ][gc] GC(229) Pause Young (Normal) (G1 Evacuation Pause) 174M->161M(512M) 34.341ms
[2020-08-01T12:08:31.499+0300][9.542s][info ][gc] GC(228) Pause Cleanup 171M->171M(512M) 0.092ms
[2020-08-01T12:08:31.499+0300][9.543s][info ][gc] GC(228) Concurrent Cycle 75.756ms
[2020-08-01T12:08:31.535+0300][9.579s][info ][gc] GC(230) Pause Young (Concurrent Start) (G1 Humongous Allocation) 194M->195M(512M) 26.782ms
[2020-08-01T12:08:31.535+0300][9.579s][info ][gc] GC(231) Concurrent Cycle
[2020-08-01T12:08:31.550+0300][9.594s][debug][gc] GC(231) Reclaimed 123 empty regions
[2020-08-01T12:08:31.550+0300][9.594s][info ][gc] GC(231) Pause Remark 248M->125M(512M) 0.458ms
[2020-08-01T12:08:31.602+0300][9.645s][info ][gc] GC(232) Pause Young (Normal) (G1 Evacuation Pause) 173M->161M(512M) 31.727ms
[2020-08-01T12:08:31.606+0300][9.650s][info ][gc] GC(231) Pause Cleanup 172M->172M(512M) 0.090ms
[2020-08-01T12:08:31.607+0300][9.651s][info ][gc] GC(231) Concurrent Cycle 72.018ms
[2020-08-01T12:08:31.642+0300][9.686s][info ][gc] GC(233) Pause Young (Concurrent Start) (G1 Humongous Allocation) 195M->197M(512M) 26.255ms
[2020-08-01T12:08:31.642+0300][9.686s][info ][gc] GC(234) Concurrent Cycle
[2020-08-01T12:08:31.661+0300][9.705s][debug][gc] GC(234) Reclaimed 123 empty regions
[2020-08-01T12:08:31.661+0300][9.705s][info ][gc] GC(234) Pause Remark 254M->131M(512M) 0.454ms
[2020-08-01T12:08:31.712+0300][9.755s][info ][gc] GC(235) Pause Young (Normal) (G1 Evacuation Pause) 175M->163M(512M) 33.113ms
[2020-08-01T12:08:31.719+0300][9.762s][info ][gc] GC(234) Pause Cleanup 179M->179M(512M) 0.097ms
[2020-08-01T12:08:31.719+0300][9.763s][info ][gc] GC(234) Concurrent Cycle 77.329ms
[2020-08-01T12:08:31.753+0300][9.797s][info ][gc] GC(236) Pause Young (Concurrent Start) (G1 Humongous Allocation) 197M->198M(512M) 27.052ms
[2020-08-01T12:08:31.753+0300][9.797s][info ][gc] GC(237) Concurrent Cycle
[2020-08-01T12:08:31.769+0300][9.813s][debug][gc] GC(237) Reclaimed 124 empty regions
[2020-08-01T12:08:31.770+0300][9.813s][info ][gc] GC(237) Pause Remark 251M->127M(512M) 0.502ms
[2020-08-01T12:08:31.820+0300][9.864s][info ][gc] GC(238) Pause Young (Normal) (G1 Evacuation Pause) 174M->162M(512M) 31.440ms
[2020-08-01T12:08:31.825+0300][9.869s][info ][gc] GC(237) Pause Cleanup 175M->175M(512M) 0.101ms
[2020-08-01T12:08:31.826+0300][9.869s][info ][gc] GC(237) Concurrent Cycle 72.509ms
[2020-08-01T12:08:31.860+0300][9.904s][info ][gc] GC(239) Pause Young (Concurrent Start) (G1 Humongous Allocation) 197M->198M(512M) 26.054ms
[2020-08-01T12:08:31.860+0300][9.904s][info ][gc] GC(240) Concurrent Cycle
[2020-08-01T12:08:31.878+0300][9.921s][debug][gc] GC(240) Reclaimed 124 empty regions
[2020-08-01T12:08:31.878+0300][9.921s][info ][gc] GC(240) Pause Remark 253M->129M(512M) 0.482ms
[2020-08-01T12:08:31.926+0300][9.970s][info ][gc] GC(241) Pause Young (Normal) (G1 Evacuation Pause) 174M->163M(512M) 30.408ms
[2020-08-01T12:08:31.933+0300][9.976s][info ][gc] GC(240) Pause Cleanup 179M->179M(512M) 0.098ms
[2020-08-01T12:08:31.933+0300][9.977s][info ][gc] GC(240) Concurrent Cycle 73.150ms
[2020-08-01T12:08:31.966+0300][10.010s][info ][gc] GC(242) Pause Young (Concurrent Start) (G1 Humongous Allocation) 198M->199M(512M) 25.606ms
[2020-08-01T12:08:31.966+0300][10.010s][info ][gc] GC(243) Concurrent Cycle
[2020-08-01T12:08:31.983+0300][10.026s][debug][gc] GC(243) Reclaimed 124 empty regions
[2020-08-01T12:08:31.983+0300][10.026s][info ][gc] GC(243) Pause Remark 252M->128M(512M) 0.472ms
[2020-08-01T12:08:32.033+0300][10.077s][info ][gc] GC(244) Pause Young (Normal) (G1 Evacuation Pause) 175M->163M(512M) 31.463ms
[2020-08-01T12:08:32.038+0300][10.082s][info ][gc] GC(243) Pause Cleanup 177M->177M(512M) 0.101ms
[2020-08-01T12:08:32.039+0300][10.083s][info ][gc] GC(243) Concurrent Cycle 72.751ms
[2020-08-01T12:08:32.073+0300][10.117s][info ][gc] GC(245) Pause Young (Concurrent Start) (G1 Humongous Allocation) 198M->199M(512M) 26.053ms
[2020-08-01T12:08:32.073+0300][10.117s][info ][gc] GC(246) Concurrent Cycle
[2020-08-01T12:08:32.093+0300][10.137s][debug][gc] GC(246) Reclaimed 125 empty regions
[2020-08-01T12:08:32.093+0300][10.137s][info ][gc] GC(246) Pause Remark 256M->131M(512M) 0.594ms
[2020-08-01T12:08:32.142+0300][10.186s][info ][gc] GC(247) Pause Young (Normal) (G1 Evacuation Pause) 174M->163M(512M) 31.467ms
[2020-08-01T12:08:32.149+0300][10.193s][info ][gc] GC(246) Pause Cleanup 181M->181M(512M) 0.109ms
[2020-08-01T12:08:32.150+0300][10.194s][info ][gc] GC(246) Concurrent Cycle 77.163ms
[2020-08-01T12:08:32.184+0300][10.228s][info ][gc] GC(248) Pause Young (Concurrent Start) (G1 Humongous Allocation) 198M->199M(512M) 26.032ms
[2020-08-01T12:08:32.184+0300][10.228s][info ][gc] GC(249) Concurrent Cycle
[2020-08-01T12:08:32.202+0300][10.246s][debug][gc] GC(249) Reclaimed 124 empty regions
[2020-08-01T12:08:32.202+0300][10.246s][info ][gc] GC(249) Pause Remark 254M->130M(512M) 0.674ms
[2020-08-01T12:08:32.252+0300][10.296s][info ][gc] GC(250) Pause Young (Normal) (G1 Evacuation Pause) 175M->164M(512M) 30.549ms
[2020-08-01T12:08:32.258+0300][10.302s][info ][gc] GC(249) Pause Cleanup 178M->178M(512M) 0.102ms
[2020-08-01T12:08:32.259+0300][10.303s][info ][gc] GC(249) Concurrent Cycle 75.045ms
[2020-08-01T12:08:32.294+0300][10.337s][info ][gc] GC(251) Pause Young (Concurrent Start) (G1 Humongous Allocation) 199M->200M(512M) 26.437ms
[2020-08-01T12:08:32.294+0300][10.337s][info ][gc] GC(252) Concurrent Cycle
[2020-08-01T12:08:32.311+0300][10.355s][debug][gc] GC(252) Reclaimed 123 empty regions
[2020-08-01T12:08:32.311+0300][10.355s][info ][gc] GC(252) Pause Remark 255M->132M(512M) 0.480ms
[2020-08-01T12:08:32.361+0300][10.405s][info ][gc] GC(253) Pause Young (Normal) (G1 Evacuation Pause) 177M->165M(512M) 31.526ms
[2020-08-01T12:08:32.367+0300][10.411s][info ][gc] GC(252) Pause Cleanup 180M->180M(512M) 0.091ms
[2020-08-01T12:08:32.368+0300][10.412s][info ][gc] GC(252) Concurrent Cycle 74.159ms
[2020-08-01T12:08:32.445+0300][10.489s][info ][gc] GC(254) Pause Young (Prepare Mixed) (G1 Evacuation Pause) 276M->278M(512M) 46.163ms
[2020-08-01T12:08:32.504+0300][10.548s][info ][gc] GC(255) Pause Young (Mixed) (G1 Evacuation Pause) 290M->264M(512M) 54.544ms
[2020-08-01T12:08:32.544+0300][10.587s][info ][gc] GC(256) Pause Young (Concurrent Start) (G1 Humongous Allocation) 311M->311M(512M) 20.766ms
[2020-08-01T12:08:32.544+0300][10.587s][info ][gc] GC(257) Concurrent Cycle
[2020-08-01T12:08:32.561+0300][10.605s][debug][gc] GC(257) Reclaimed 250 empty regions
[2020-08-01T12:08:32.561+0300][10.605s][info ][gc] GC(257) Pause Remark 368M->118M(512M) 0.577ms
[2020-08-01T12:08:32.585+0300][10.628s][info ][gc] GC(258) Pause Young (Normal) (G1 Evacuation Pause) 126M->119M(512M) 19.676ms
[2020-08-01T12:08:32.608+0300][10.652s][info ][gc] GC(257) Pause Cleanup 179M->179M(512M) 0.066ms
[2020-08-01T12:08:32.609+0300][10.653s][info ][gc] GC(257) Concurrent Cycle 65.263ms
[2020-08-01T12:08:32.645+0300][10.689s][info ][gc] GC(259) Pause Young (Concurrent Start) (G1 Humongous Allocation) 189M->190M(512M) 32.728ms
[2020-08-01T12:08:32.645+0300][10.689s][info ][gc] GC(260) Concurrent Cycle
[2020-08-01T12:08:32.671+0300][10.715s][debug][gc] GC(260) Reclaimed 102 empty regions
[2020-08-01T12:08:32.671+0300][10.715s][info ][gc] GC(260) Pause Remark 267M->165M(512M) 0.462ms
[2020-08-01T12:08:32.717+0300][10.761s][info ][gc] GC(261) Pause Young (Normal) (G1 Evacuation Pause) 191M->179M(512M) 34.850ms
[2020-08-01T12:08:32.743+0300][10.787s][info ][gc] GC(260) Pause Cleanup 260M->260M(512M) 0.088ms
[2020-08-01T12:08:32.744+0300][10.788s][info ][gc] GC(260) Concurrent Cycle 98.647ms
[2020-08-01T12:08:32.800+0300][10.844s][info ][gc] GC(262) Pause Young (Normal) (G1 Evacuation Pause) 286M->287M(512M) 46.703ms
[2020-08-01T12:08:32.847+0300][10.891s][info ][gc] GC(263) Pause Young (Concurrent Start) (G1 Evacuation Pause) 340M->342M(512M) 25.159ms
[2020-08-01T12:08:32.847+0300][10.891s][info ][gc] GC(264) Concurrent Cycle
[2020-08-01T12:08:32.884+0300][10.927s][info ][gc] GC(265) Pause Young (Normal) (G1 Evacuation Pause) 398M->399M(512M) 18.483ms
[2020-08-01T12:08:32.902+0300][10.946s][info ][gc] GC(266) Pause Young (Normal) (G1 Evacuation Pause) 418M->419M(512M) 10.469ms
[2020-08-01T12:08:32.921+0300][10.965s][info ][gc] GC(267) Pause Young (Normal) (G1 Evacuation Pause) 440M->442M(512M) 10.629ms
[2020-08-01T12:08:32.941+0300][10.985s][info ][gc] GC(268) Pause Young (Normal) (G1 Evacuation Pause) 463M->464M(512M) 10.682ms
[2020-08-01T12:08:32.962+0300][11.006s][info ][gc] GC(269) Pause Young (Normal) (G1 Evacuation Pause) 485M->486M(512M) 11.836ms
[2020-08-01T12:08:32.981+0300][11.025s][info ][gc] GC(270) To-space exhausted
[2020-08-01T12:08:32.981+0300][11.025s][info ][gc] GC(270) Pause Young (Normal) (G1 Evacuation Pause) 512M->512M(512M) 14.339ms
[2020-08-01T12:08:32.982+0300][11.025s][debug][gc] GC(271) Clear Next Bitmap 0.375ms
[2020-08-01T12:08:32.993+0300][11.037s][info ][gc] GC(271) Pause Full (G1 Evacuation Pause) 512M->24M(512M) 12.060ms
[2020-08-01T12:08:32.994+0300][11.037s][info ][gc] GC(264) Concurrent Cycle 146.726ms
[2020-08-01T12:08:33.080+0300][11.124s][info ][gc] GC(272) Pause Young (Concurrent Start) (G1 Humongous Allocation) 136M->137M(512M) 41.675ms
[2020-08-01T12:08:33.080+0300][11.124s][info ][gc] GC(273) Concurrent Cycle
[2020-08-01T12:08:33.115+0300][11.159s][debug][gc] GC(273) Reclaimed 23 empty regions
[2020-08-01T12:08:33.115+0300][11.159s][info ][gc] GC(273) Pause Remark 235M->214M(512M) 0.459ms
[2020-08-01T12:08:33.164+0300][11.208s][info ][gc] GC(274) Pause Young (Normal) (G1 Evacuation Pause) 235M->218M(512M) 39.894ms
[2020-08-01T12:08:33.248+0300][11.292s][info ][gc] GC(275) Pause Young (Normal) (G1 Evacuation Pause) 312M->313M(512M) 44.888ms
[2020-08-01T12:08:33.255+0300][11.298s][info ][gc] GC(273) Pause Cleanup 326M->326M(512M) 0.084ms
[2020-08-01T12:08:33.255+0300][11.299s][info ][gc] GC(273) Concurrent Cycle 175.238ms
[2020-08-01T12:08:33.304+0300][11.348s][info ][gc] GC(276) Pause Young (Normal) (G1 Evacuation Pause) 357M->358M(512M) 36.870ms
[2020-08-01T12:08:33.319+0300][11.362s][info ][gc] GC(277) Pause Young (Concurrent Start) (G1 Humongous Allocation) 372M->373M(512M) 9.102ms
[2020-08-01T12:08:33.319+0300][11.362s][info ][gc] GC(278) Concurrent Cycle
[2020-08-01T12:08:33.328+0300][11.372s][debug][gc] GC(278) Reclaimed 337 empty regions
[2020-08-01T12:08:33.328+0300][11.372s][info ][gc] GC(278) Pause Remark 410M->73M(512M) 0.572ms
[2020-08-01T12:08:33.345+0300][11.389s][info ][gc] GC(279) Pause Young (Normal) (G1 Evacuation Pause) 82M->79M(512M) 13.056ms
[2020-08-01T12:08:33.356+0300][11.400s][info ][gc] GC(278) Pause Cleanup 106M->106M(512M) 0.111ms
[2020-08-01T12:08:33.357+0300][11.400s][info ][gc] GC(278) Concurrent Cycle 37.967ms
[2020-08-01T12:08:33.418+0300][11.462s][info ][gc] GC(280) Pause Young (Concurrent Start) (G1 Humongous Allocation) 168M->169M(512M) 37.445ms
[2020-08-01T12:08:33.418+0300][11.462s][info ][gc] GC(281) Concurrent Cycle
[2020-08-01T12:08:33.448+0300][11.492s][debug][gc] GC(281) Reclaimed 60 empty regions
[2020-08-01T12:08:33.448+0300][11.492s][info ][gc] GC(281) Pause Remark 253M->193M(512M) 0.483ms
[2020-08-01T12:08:33.491+0300][11.535s][info ][gc] GC(282) Pause Young (Normal) (G1 Evacuation Pause) 218M->204M(512M) 33.277ms
[2020-08-01T12:08:33.568+0300][11.612s][info ][gc] GC(283) Pause Young (Normal) (G1 Evacuation Pause) 302M->303M(512M) 44.455ms
[2020-08-01T12:08:33.570+0300][11.613s][info ][gc] GC(281) Pause Cleanup 307M->307M(512M) 0.084ms
[2020-08-01T12:08:33.570+0300][11.614s][info ][gc] GC(281) Concurrent Cycle 151.941ms
[2020-08-01T12:08:33.624+0300][11.667s][info ][gc] GC(284) Pause Young (Normal) (G1 Evacuation Pause) 350M->352M(512M) 36.270ms
[2020-08-01T12:08:33.641+0300][11.685s][info ][gc] GC(285) Pause Young (Concurrent Start) (G1 Humongous Allocation) 368M->369M(512M) 10.587ms
[2020-08-01T12:08:33.641+0300][11.685s][info ][gc] GC(286) Concurrent Cycle
[2020-08-01T12:08:33.652+0300][11.695s][debug][gc] GC(286) Reclaimed 330 empty regions
[2020-08-01T12:08:33.652+0300][11.695s][info ][gc] GC(286) Pause Remark 409M->79M(512M) 0.768ms
[2020-08-01T12:08:33.668+0300][11.712s][info ][gc] GC(287) Pause Young (Normal) (G1 Evacuation Pause) 86M->82M(512M) 12.647ms
[2020-08-01T12:08:33.682+0300][11.726s][info ][gc] GC(286) Pause Cleanup 115M->115M(512M) 0.077ms
[2020-08-01T12:08:33.682+0300][11.726s][info ][gc] GC(286) Concurrent Cycle 41.393ms
[2020-08-01T12:08:33.741+0300][11.784s][info ][gc] GC(288) Pause Young (Concurrent Start) (G1 Humongous Allocation) 170M->171M(512M) 37.256ms
[2020-08-01T12:08:33.741+0300][11.784s][info ][gc] GC(289) Concurrent Cycle
[2020-08-01T12:08:33.769+0300][11.813s][debug][gc] GC(289) Reclaimed 64 empty regions
[2020-08-01T12:08:33.769+0300][11.813s][info ][gc] GC(289) Pause Remark 254M->190M(512M) 0.483ms
[2020-08-01T12:08:33.813+0300][11.857s][info ][gc] GC(290) Pause Young (Normal) (G1 Evacuation Pause) 216M->201M(512M) 33.320ms
[2020-08-01T12:08:33.891+0300][11.935s][info ][gc] GC(291) Pause Young (Normal) (G1 Evacuation Pause) 300M->302M(512M) 44.939ms
[2020-08-01T12:08:33.892+0300][11.935s][info ][gc] GC(289) Pause Cleanup 303M->303M(512M) 0.139ms
[2020-08-01T12:08:33.893+0300][11.936s][info ][gc] GC(289) Concurrent Cycle 151.863ms
[2020-08-01T12:08:33.951+0300][11.994s][info ][gc] GC(292) Pause Young (Normal) (G1 Evacuation Pause) 350M->351M(512M) 39.532ms
[2020-08-01T12:08:33.965+0300][12.009s][info ][gc] GC(293) Pause Young (Concurrent Start) (G1 Humongous Allocation) 365M->366M(512M) 9.182ms
[2020-08-01T12:08:33.965+0300][12.009s][info ][gc] GC(294) Concurrent Cycle
[2020-08-01T12:08:33.976+0300][12.019s][debug][gc] GC(294) Reclaimed 329 empty regions
[2020-08-01T12:08:33.976+0300][12.019s][info ][gc] GC(294) Pause Remark 405M->76M(512M) 0.572ms
[2020-08-01T12:08:33.993+0300][12.036s][info ][gc] GC(295) Pause Young (Normal) (G1 Evacuation Pause) 85M->82M(512M) 12.990ms
[2020-08-01T12:08:34.004+0300][12.048s][info ][gc] GC(294) Pause Cleanup 110M->110M(512M) 0.086ms
[2020-08-01T12:08:34.004+0300][12.048s][info ][gc] GC(294) Concurrent Cycle 39.006ms
[2020-08-01T12:08:34.064+0300][12.108s][info ][gc] GC(296) Pause Young (Concurrent Start) (G1 Humongous Allocation) 169M->170M(512M) 37.062ms
[2020-08-01T12:08:34.064+0300][12.108s][info ][gc] GC(297) Concurrent Cycle
[2020-08-01T12:08:34.092+0300][12.136s][debug][gc] GC(297) Reclaimed 62 empty regions
[2020-08-01T12:08:34.092+0300][12.136s][info ][gc] GC(297) Pause Remark 252M->190M(512M) 0.448ms
[2020-08-01T12:08:34.138+0300][12.182s][info ][gc] GC(298) Pause Young (Normal) (G1 Evacuation Pause) 217M->202M(512M) 34.837ms
[2020-08-01T12:08:34.173+0300][12.217s][info ][gc] GC(297) Pause Cleanup 298M->298M(512M) 0.089ms
[2020-08-01T12:08:34.173+0300][12.217s][info ][gc] GC(297) Concurrent Cycle 109.172ms
[2020-08-01T12:08:34.224+0300][12.268s][info ][gc] GC(299) Pause Young (Normal) (G1 Evacuation Pause) 301M->303M(512M) 49.442ms
[2020-08-01T12:08:34.266+0300][12.310s][info ][gc] GC(300) Pause Young (Concurrent Start) (G1 Evacuation Pause) 350M->351M(512M) 23.394ms
[2020-08-01T12:08:34.266+0300][12.310s][info ][gc] GC(301) Concurrent Cycle
[2020-08-01T12:08:34.299+0300][12.343s][info ][gc] GC(302) Pause Young (Normal) (G1 Evacuation Pause) 403M->404M(512M) 16.361ms
[2020-08-01T12:08:34.317+0300][12.361s][info ][gc] GC(303) Pause Young (Normal) (G1 Evacuation Pause) 424M->425M(512M) 10.136ms
[2020-08-01T12:08:34.337+0300][12.380s][info ][gc] GC(304) Pause Young (Normal) (G1 Evacuation Pause) 446M->447M(512M) 10.519ms
[2020-08-01T12:08:34.357+0300][12.401s][info ][gc] GC(305) Pause Young (Normal) (G1 Evacuation Pause) 468M->470M(512M) 11.333ms
[2020-08-01T12:08:34.382+0300][12.425s][info ][gc] GC(306) To-space exhausted
[2020-08-01T12:08:34.382+0300][12.425s][info ][gc] GC(306) Pause Young (Normal) (G1 Evacuation Pause) 491M->498M(512M) 16.092ms
[2020-08-01T12:08:34.408+0300][12.451s][info ][gc] GC(307) To-space exhausted
[2020-08-01T12:08:34.408+0300][12.452s][info ][gc] GC(307) Pause Young (Normal) (G1 Evacuation Pause) 510M->510M(512M) 20.502ms
[2020-08-01T12:08:34.408+0300][12.452s][debug][gc] GC(308) Clear Next Bitmap 0.324ms
[2020-08-01T12:08:34.497+0300][12.541s][info ][gc] GC(308) Pause Full (G1 Evacuation Pause) 510M->134M(512M) 89.474ms
[2020-08-01T12:08:34.498+0300][12.541s][info ][gc] GC(301) Concurrent Cycle 231.677ms
[2020-08-01T12:08:34.501+0300][12.545s][info ][gc] GC(309) Pause Young (Concurrent Start) (G1 Humongous Allocation) 137M->136M(512M) 2.843ms
[2020-08-01T12:08:34.501+0300][12.545s][info ][gc] GC(310) Concurrent Cycle
[2020-08-01T12:08:34.507+0300][12.550s][debug][gc] GC(310) Reclaimed 131 empty regions
[2020-08-01T12:08:34.507+0300][12.550s][info ][gc] GC(310) Pause Remark 162M->34M(512M) 0.679ms
[2020-08-01T12:08:34.513+0300][12.557s][info ][gc] GC(310) Pause Cleanup 50M->50M(512M) 0.062ms
[2020-08-01T12:08:34.514+0300][12.558s][info ][gc] GC(310) Concurrent Cycle 12.406ms
[2020-08-01T12:08:34.584+0300][12.628s][info ][gc] GC(311) Pause Young (Normal) (G1 Evacuation Pause) 129M->126M(512M) 39.616ms
[2020-08-01T12:08:34.603+0300][12.647s][info ][gc] GC(312) Pause Young (Concurrent Start) (G1 Humongous Allocation) 140M->142M(512M) 13.229ms
[2020-08-01T12:08:34.603+0300][12.647s][info ][gc] GC(313) Concurrent Cycle
[2020-08-01T12:08:34.614+0300][12.658s][debug][gc] GC(313) Reclaimed 107 empty regions
[2020-08-01T12:08:34.614+0300][12.658s][info ][gc] GC(313) Pause Remark 182M->75M(512M) 0.476ms
[2020-08-01T12:08:34.628+0300][12.672s][info ][gc] GC(313) Pause Cleanup 111M->111M(512M) 0.054ms
[2020-08-01T12:08:34.629+0300][12.673s][info ][gc] GC(313) Concurrent Cycle 25.521ms
[2020-08-01T12:08:34.692+0300][12.736s][info ][gc] GC(314) Pause Young (Normal) (G1 Evacuation Pause) 153M->140M(512M) 45.713ms
[2020-08-01T12:08:34.712+0300][12.756s][info ][gc] GC(315) Pause Young (Concurrent Start) (G1 Humongous Allocation) 157M->157M(512M) 13.333ms
[2020-08-01T12:08:34.712+0300][12.756s][info ][gc] GC(316) Concurrent Cycle
[2020-08-01T12:08:34.724+0300][12.768s][debug][gc] GC(316) Reclaimed 119 empty regions
[2020-08-01T12:08:34.725+0300][12.768s][info ][gc] GC(316) Pause Remark 201M->82M(512M) 0.530ms
[2020-08-01T12:08:34.741+0300][12.784s][info ][gc] GC(316) Pause Cleanup 122M->122M(512M) 0.074ms
[2020-08-01T12:08:34.741+0300][12.785s][info ][gc] GC(316) Concurrent Cycle 29.163ms
[2020-08-01T12:08:34.788+0300][12.832s][info ][gc] GC(317) Pause Young (Normal) (G1 Evacuation Pause) 152M->138M(512M) 35.882ms
[2020-08-01T12:08:34.811+0300][12.855s][info ][gc] GC(318) Pause Young (Concurrent Start) (G1 Humongous Allocation) 159M->161M(512M) 14.210ms
[2020-08-01T12:08:34.811+0300][12.855s][info ][gc] GC(319) Concurrent Cycle
[2020-08-01T12:08:34.824+0300][12.868s][debug][gc] GC(319) Reclaimed 119 empty regions
[2020-08-01T12:08:34.824+0300][12.868s][info ][gc] GC(319) Pause Remark 207M->88M(512M) 0.473ms
[2020-08-01T12:08:34.842+0300][12.886s][info ][gc] GC(319) Pause Cleanup 132M->132M(512M) 0.153ms
[2020-08-01T12:08:34.843+0300][12.887s][info ][gc] GC(319) Concurrent Cycle 31.688ms
[2020-08-01T12:08:34.886+0300][12.930s][info ][gc] GC(320) Pause Young (Normal) (G1 Evacuation Pause) 154M->140M(512M) 34.911ms
[2020-08-01T12:08:34.909+0300][12.953s][info ][gc] GC(321) Pause Young (Concurrent Start) (G1 Humongous Allocation) 163M->164M(512M) 14.216ms
[2020-08-01T12:08:34.909+0300][12.953s][info ][gc] GC(322) Concurrent Cycle
[2020-08-01T12:08:34.922+0300][12.966s][debug][gc] GC(322) Reclaimed 120 empty regions
[2020-08-01T12:08:34.922+0300][12.966s][info ][gc] GC(322) Pause Remark 211M->91M(512M) 0.496ms
[2020-08-01T12:08:34.941+0300][12.985s][info ][gc] GC(322) Pause Cleanup 139M->139M(512M) 0.059ms
[2020-08-01T12:08:34.942+0300][12.986s][info ][gc] GC(322) Concurrent Cycle 32.669ms
[2020-08-01T12:08:34.982+0300][13.026s][info ][gc] GC(323) Pause Young (Normal) (G1 Evacuation Pause) 156M->143M(512M) 33.748ms
[2020-08-01T12:08:35.007+0300][13.050s][info ][gc] GC(324) Pause Young (Concurrent Start) (G1 Humongous Allocation) 166M->167M(512M) 15.406ms
[2020-08-01T12:08:35.007+0300][13.050s][info ][gc] GC(325) Concurrent Cycle
[2020-08-01T12:08:35.021+0300][13.065s][debug][gc] GC(325) Reclaimed 123 empty regions
[2020-08-01T12:08:35.021+0300][13.065s][info ][gc] GC(325) Pause Remark 214M->91M(512M) 0.471ms
[2020-08-01T12:08:35.040+0300][13.084s][info ][gc] GC(325) Pause Cleanup 140M->140M(512M) 0.063ms
[2020-08-01T12:08:35.041+0300][13.085s][info ][gc] GC(325) Concurrent Cycle 34.488ms
[2020-08-01T12:08:35.081+0300][13.125s][info ][gc] GC(326) Pause Young (Normal) (G1 Evacuation Pause) 155M->143M(512M) 33.890ms
[2020-08-01T12:08:35.106+0300][13.150s][info ][gc] GC(327) Pause Young (Concurrent Start) (G1 Humongous Allocation) 167M->168M(512M) 15.391ms
[2020-08-01T12:08:35.106+0300][13.150s][info ][gc] GC(328) Concurrent Cycle
[2020-08-01T12:08:35.119+0300][13.163s][debug][gc] GC(328) Reclaimed 123 empty regions
[2020-08-01T12:08:35.120+0300][13.163s][info ][gc] GC(328) Pause Remark 216M->93M(512M) 0.516ms
[2020-08-01T12:08:35.139+0300][13.183s][info ][gc] GC(328) Pause Cleanup 143M->143M(512M) 0.058ms
[2020-08-01T12:08:35.140+0300][13.183s][info ][gc] GC(328) Concurrent Cycle 33.708ms
[2020-08-01T12:08:35.177+0300][13.221s][info ][gc] GC(329) Pause Young (Normal) (G1 Evacuation Pause) 155M->143M(512M) 33.093ms
[2020-08-01T12:08:35.210+0300][13.254s][info ][gc] GC(330) Pause Young (Concurrent Start) (G1 Humongous Allocation) 168M->169M(512M) 19.882ms
[2020-08-01T12:08:35.210+0300][13.254s][info ][gc] GC(331) Concurrent Cycle
[2020-08-01T12:08:35.226+0300][13.270s][debug][gc] GC(331) Reclaimed 125 empty regions
[2020-08-01T12:08:35.226+0300][13.270s][info ][gc] GC(331) Pause Remark 219M->94M(512M) 0.496ms
[2020-08-01T12:08:35.246+0300][13.290s][info ][gc] GC(331) Pause Cleanup 143M->143M(512M) 0.060ms
[2020-08-01T12:08:35.246+0300][13.290s][info ][gc] GC(331) Concurrent Cycle 36.276ms
[2020-08-01T12:08:35.286+0300][13.330s][info ][gc] GC(332) Pause Young (Normal) (G1 Evacuation Pause) 155M->142M(512M) 34.761ms
[2020-08-01T12:08:35.312+0300][13.356s][info ][gc] GC(333) Pause Young (Concurrent Start) (G1 Humongous Allocation) 166M->167M(512M) 16.633ms
[2020-08-01T12:08:35.312+0300][13.356s][info ][gc] GC(334) Concurrent Cycle
[2020-08-01T12:08:35.326+0300][13.370s][debug][gc] GC(334) Reclaimed 121 empty regions
[2020-08-01T12:08:35.326+0300][13.370s][info ][gc] GC(334) Pause Remark 214M->93M(512M) 0.507ms
[2020-08-01T12:08:35.345+0300][13.389s][info ][gc] GC(334) Pause Cleanup 141M->141M(512M) 0.064ms
[2020-08-01T12:08:35.346+0300][13.389s][info ][gc] GC(334) Concurrent Cycle 33.275ms
[2020-08-01T12:08:35.385+0300][13.429s][info ][gc] GC(335) Pause Young (Normal) (G1 Evacuation Pause) 156M->143M(512M) 33.974ms
[2020-08-01T12:08:35.410+0300][13.454s][info ][gc] GC(336) Pause Young (Concurrent Start) (G1 Humongous Allocation) 168M->169M(512M) 15.277ms
[2020-08-01T12:08:35.410+0300][13.454s][info ][gc] GC(337) Concurrent Cycle
[2020-08-01T12:08:35.425+0300][13.469s][debug][gc] GC(337) Reclaimed 121 empty regions
[2020-08-01T12:08:35.425+0300][13.469s][info ][gc] GC(337) Pause Remark 218M->97M(512M) 0.515ms
[2020-08-01T12:08:35.445+0300][13.489s][info ][gc] GC(337) Pause Cleanup 148M->148M(512M) 0.068ms
[2020-08-01T12:08:35.446+0300][13.490s][info ][gc] GC(337) Concurrent Cycle 35.833ms
[2020-08-01T12:08:35.485+0300][13.528s][info ][gc] GC(338) Pause Young (Normal) (G1 Evacuation Pause) 158M->145M(512M) 34.787ms
[2020-08-01T12:08:35.510+0300][13.554s][info ][gc] GC(339) Pause Young (Concurrent Start) (G1 Humongous Allocation) 170M->171M(512M) 15.640ms
[2020-08-01T12:08:35.510+0300][13.554s][info ][gc] GC(340) Concurrent Cycle
[2020-08-01T12:08:35.525+0300][13.569s][debug][gc] GC(340) Reclaimed 125 empty regions
[2020-08-01T12:08:35.525+0300][13.569s][info ][gc] GC(340) Pause Remark 219M->94M(512M) 0.488ms
[2020-08-01T12:08:35.545+0300][13.589s][info ][gc] GC(340) Pause Cleanup 144M->144M(512M) 0.079ms
[2020-08-01T12:08:35.545+0300][13.589s][info ][gc] GC(340) Concurrent Cycle 35.323ms
[2020-08-01T12:08:35.583+0300][13.627s][info ][gc] GC(341) Pause Young (Normal) (G1 Evacuation Pause) 155M->143M(512M) 33.420ms
[2020-08-01T12:08:35.609+0300][13.653s][info ][gc] GC(342) Pause Young (Concurrent Start) (G1 Humongous Allocation) 169M->169M(512M) 15.830ms
[2020-08-01T12:08:35.609+0300][13.653s][info ][gc] GC(343) Concurrent Cycle
[2020-08-01T12:08:35.623+0300][13.666s][debug][gc] GC(343) Reclaimed 122 empty regions
[2020-08-01T12:08:35.623+0300][13.666s][info ][gc] GC(343) Pause Remark 217M->95M(512M) 0.498ms
[2020-08-01T12:08:35.643+0300][13.687s][info ][gc] GC(343) Pause Cleanup 146M->146M(512M) 0.071ms
[2020-08-01T12:08:35.644+0300][13.687s][info ][gc] GC(343) Concurrent Cycle 34.696ms
[2020-08-01T12:08:35.683+0300][13.726s][info ][gc] GC(344) Pause Young (Normal) (G1 Evacuation Pause) 157M->145M(512M) 34.152ms
[2020-08-01T12:08:35.710+0300][13.754s][info ][gc] GC(345) Pause Young (Concurrent Start) (G1 Humongous Allocation) 170M->171M(512M) 17.421ms
[2020-08-01T12:08:35.710+0300][13.754s][info ][gc] GC(346) Concurrent Cycle
[2020-08-01T12:08:35.724+0300][13.768s][debug][gc] GC(346) Reclaimed 124 empty regions
[2020-08-01T12:08:35.724+0300][13.768s][info ][gc] GC(346) Pause Remark 219M->95M(512M) 0.530ms
[2020-08-01T12:08:35.744+0300][13.788s][info ][gc] GC(346) Pause Cleanup 146M->146M(512M) 0.065ms
[2020-08-01T12:08:35.745+0300][13.788s][info ][gc] GC(346) Concurrent Cycle 34.592ms
[2020-08-01T12:08:35.782+0300][13.826s][info ][gc] GC(347) Pause Young (Normal) (G1 Evacuation Pause) 156M->143M(512M) 33.447ms
[2020-08-01T12:08:35.809+0300][13.853s][info ][gc] GC(348) Pause Young (Concurrent Start) (G1 Humongous Allocation) 169M->170M(512M) 16.812ms
[2020-08-01T12:08:35.809+0300][13.853s][info ][gc] GC(349) Concurrent Cycle
[2020-08-01T12:08:35.823+0300][13.867s][debug][gc] GC(349) Reclaimed 123 empty regions
[2020-08-01T12:08:35.823+0300][13.867s][info ][gc] GC(349) Pause Remark 219M->96M(512M) 0.501ms
[2020-08-01T12:08:35.844+0300][13.888s][info ][gc] GC(349) Pause Cleanup 146M->146M(512M) 0.064ms
[2020-08-01T12:08:35.844+0300][13.888s][info ][gc] GC(349) Concurrent Cycle 35.181ms
[2020-08-01T12:08:35.882+0300][13.926s][info ][gc] GC(350) Pause Young (Normal) (G1 Evacuation Pause) 157M->145M(512M) 33.918ms
[2020-08-01T12:08:35.908+0300][13.952s][info ][gc] GC(351) Pause Young (Concurrent Start) (G1 Humongous Allocation) 170M->170M(512M) 15.498ms
[2020-08-01T12:08:35.908+0300][13.952s][info ][gc] GC(352) Concurrent Cycle
[2020-08-01T12:08:35.922+0300][13.966s][debug][gc] GC(352) Reclaimed 124 empty regions
[2020-08-01T12:08:35.922+0300][13.966s][info ][gc] GC(352) Pause Remark 219M->95M(512M) 0.472ms
[2020-08-01T12:08:35.942+0300][13.986s][info ][gc] GC(352) Pause Cleanup 145M->145M(512M) 0.074ms
[2020-08-01T12:08:35.943+0300][13.986s][info ][gc] GC(352) Concurrent Cycle 34.776ms
[2020-08-01T12:08:35.981+0300][14.025s][info ][gc] GC(353) Pause Young (Normal) (G1 Evacuation Pause) 156M->143M(512M) 34.520ms
[2020-08-01T12:08:36.006+0300][14.050s][info ][gc] GC(354) Pause Young (Concurrent Start) (G1 Humongous Allocation) 168M->170M(512M) 15.085ms
[2020-08-01T12:08:36.006+0300][14.050s][info ][gc] GC(355) Concurrent Cycle
[2020-08-01T12:08:36.020+0300][14.064s][debug][gc] GC(355) Reclaimed 123 empty regions
[2020-08-01T12:08:36.020+0300][14.064s][info ][gc] GC(355) Pause Remark 218M->95M(512M) 0.481ms
[2020-08-01T12:08:36.040+0300][14.084s][info ][gc] GC(355) Pause Cleanup 145M->145M(512M) 0.067ms
[2020-08-01T12:08:36.041+0300][14.084s][info ][gc] GC(355) Concurrent Cycle 34.261ms
[2020-08-01T12:08:36.077+0300][14.121s][info ][gc] GC(356) Pause Young (Normal) (G1 Evacuation Pause) 156M->143M(512M) 32.420ms
[2020-08-01T12:08:36.103+0300][14.147s][info ][gc] GC(357) Pause Young (Concurrent Start) (G1 Humongous Allocation) 169M->171M(512M) 15.321ms
[2020-08-01T12:08:36.103+0300][14.147s][info ][gc] GC(358) Concurrent Cycle
[2020-08-01T12:08:36.117+0300][14.161s][debug][gc] GC(358) Reclaimed 123 empty regions
[2020-08-01T12:08:36.117+0300][14.161s][info ][gc] GC(358) Pause Remark 220M->97M(512M) 0.478ms
[2020-08-01T12:08:36.137+0300][14.181s][info ][gc] GC(358) Pause Cleanup 148M->148M(512M) 0.067ms
[2020-08-01T12:08:36.138+0300][14.182s][info ][gc] GC(358) Concurrent Cycle 34.795ms
[2020-08-01T12:08:36.174+0300][14.218s][info ][gc] GC(359) Pause Young (Normal) (G1 Evacuation Pause) 157M->144M(512M) 33.009ms
[2020-08-01T12:08:36.201+0300][14.245s][info ][gc] GC(360) Pause Young (Concurrent Start) (G1 Humongous Allocation) 170M->172M(512M) 16.521ms
[2020-08-01T12:08:36.201+0300][14.245s][info ][gc] GC(361) Concurrent Cycle
[2020-08-01T12:08:36.220+0300][14.264s][debug][gc] GC(361) Reclaimed 124 empty regions
[2020-08-01T12:08:36.221+0300][14.264s][info ][gc] GC(361) Pause Remark 225M->101M(512M) 0.720ms
[2020-08-01T12:08:36.242+0300][14.286s][info ][gc] GC(361) Pause Cleanup 153M->153M(512M) 0.083ms
[2020-08-01T12:08:36.243+0300][14.287s][info ][gc] GC(361) Concurrent Cycle 41.593ms
[2020-08-01T12:08:36.279+0300][14.323s][info ][gc] GC(362) Pause Young (Normal) (G1 Evacuation Pause) 157M->144M(512M) 34.824ms
[2020-08-01T12:08:36.306+0300][14.350s][info ][gc] GC(363) Pause Young (Concurrent Start) (G1 Humongous Allocation) 170M->171M(512M) 16.194ms
[2020-08-01T12:08:36.306+0300][14.350s][info ][gc] GC(364) Concurrent Cycle
[2020-08-01T12:08:36.320+0300][14.364s][debug][gc] GC(364) Reclaimed 119 empty regions
[2020-08-01T12:08:36.320+0300][14.364s][info ][gc] GC(364) Pause Remark 220M->101M(512M) 0.499ms
[2020-08-01T12:08:36.340+0300][14.384s][info ][gc] GC(364) Pause Cleanup 152M->152M(512M) 0.067ms
[2020-08-01T12:08:36.341+0300][14.385s][info ][gc] GC(364) Concurrent Cycle 34.973ms
[2020-08-01T12:08:36.377+0300][14.421s][info ][gc] GC(365) Pause Young (Normal) (G1 Evacuation Pause) 161M->149M(512M) 32.759ms
[2020-08-01T12:08:36.403+0300][14.446s][info ][gc] GC(366) Pause Young (Concurrent Start) (G1 Humongous Allocation) 175M->176M(512M) 15.478ms
[2020-08-01T12:08:36.403+0300][14.446s][info ][gc] GC(367) Concurrent Cycle
[2020-08-01T12:08:36.417+0300][14.461s][debug][gc] GC(367) Reclaimed 124 empty regions
[2020-08-01T12:08:36.417+0300][14.461s][info ][gc] GC(367) Pause Remark 226M->102M(512M) 0.491ms
[2020-08-01T12:08:36.438+0300][14.482s][info ][gc] GC(367) Pause Cleanup 154M->154M(512M) 0.069ms
[2020-08-01T12:08:36.438+0300][14.482s][info ][gc] GC(367) Concurrent Cycle 35.844ms
[2020-08-01T12:08:36.473+0300][14.517s][info ][gc] GC(368) Pause Young (Normal) (G1 Evacuation Pause) 160M->148M(512M) 32.241ms
[2020-08-01T12:08:36.500+0300][14.544s][info ][gc] GC(369) Pause Young (Concurrent Start) (G1 Humongous Allocation) 175M->176M(512M) 16.356ms
[2020-08-01T12:08:36.500+0300][14.544s][info ][gc] GC(370) Concurrent Cycle
[2020-08-01T12:08:36.515+0300][14.559s][debug][gc] GC(370) Reclaimed 123 empty regions
[2020-08-01T12:08:36.515+0300][14.559s][info ][gc] GC(370) Pause Remark 226M->103M(512M) 0.508ms
[2020-08-01T12:08:36.536+0300][14.580s][info ][gc] GC(370) Pause Cleanup 156M->156M(512M) 0.078ms
[2020-08-01T12:08:36.537+0300][14.581s][info ][gc] GC(370) Concurrent Cycle 36.958ms
[2020-08-01T12:08:36.572+0300][14.615s][info ][gc] GC(371) Pause Young (Normal) (G1 Evacuation Pause) 161M->148M(512M) 32.975ms
[2020-08-01T12:08:36.599+0300][14.643s][info ][gc] GC(372) Pause Young (Concurrent Start) (G1 Humongous Allocation) 175M->176M(512M) 16.268ms
[2020-08-01T12:08:36.599+0300][14.643s][info ][gc] GC(373) Concurrent Cycle
[2020-08-01T12:08:36.613+0300][14.657s][debug][gc] GC(373) Reclaimed 124 empty regions
[2020-08-01T12:08:36.614+0300][14.657s][info ][gc] GC(373) Pause Remark 225M->101M(512M) 0.650ms
[2020-08-01T12:08:36.634+0300][14.678s][info ][gc] GC(373) Pause Cleanup 155M->155M(512M) 0.076ms
[2020-08-01T12:08:36.635+0300][14.679s][info ][gc] GC(373) Concurrent Cycle 36.326ms
[2020-08-01T12:08:36.671+0300][14.715s][info ][gc] GC(374) Pause Young (Normal) (G1 Evacuation Pause) 160M->148M(512M) 34.369ms
[2020-08-01T12:08:36.699+0300][14.743s][info ][gc] GC(375) Pause Young (Concurrent Start) (G1 Humongous Allocation) 175M->175M(512M) 15.705ms
[2020-08-01T12:08:36.699+0300][14.743s][info ][gc] GC(376) Concurrent Cycle
[2020-08-01T12:08:36.713+0300][14.757s][debug][gc] GC(376) Reclaimed 123 empty regions
[2020-08-01T12:08:36.713+0300][14.757s][info ][gc] GC(376) Pause Remark 223M->100M(512M) 0.594ms
[2020-08-01T12:08:36.734+0300][14.778s][info ][gc] GC(376) Pause Cleanup 153M->153M(512M) 0.081ms
[2020-08-01T12:08:36.735+0300][14.779s][info ][gc] GC(376) Concurrent Cycle 36.254ms
[2020-08-01T12:08:36.771+0300][14.815s][info ][gc] GC(377) Pause Young (Normal) (G1 Evacuation Pause) 160M->148M(512M) 33.617ms
[2020-08-01T12:08:36.798+0300][14.842s][info ][gc] GC(378) Pause Young (Concurrent Start) (G1 Humongous Allocation) 175M->177M(512M) 16.003ms
[2020-08-01T12:08:36.798+0300][14.842s][info ][gc] GC(379) Concurrent Cycle
[2020-08-01T12:08:36.813+0300][14.857s][debug][gc] GC(379) Reclaimed 124 empty regions
[2020-08-01T12:08:36.813+0300][14.857s][info ][gc] GC(379) Pause Remark 227M->103M(512M) 0.490ms
[2020-08-01T12:08:36.834+0300][14.878s][info ][gc] GC(379) Pause Cleanup 156M->156M(512M) 0.066ms
[2020-08-01T12:08:36.834+0300][14.878s][info ][gc] GC(379) Concurrent Cycle 36.016ms
[2020-08-01T12:08:36.870+0300][14.913s][info ][gc] GC(380) Pause Young (Normal) (G1 Evacuation Pause) 160M->147M(512M) 33.784ms
[2020-08-01T12:08:36.899+0300][14.943s][info ][gc] GC(381) Pause Young (Concurrent Start) (G1 Humongous Allocation) 175M->176M(512M) 18.153ms
[2020-08-01T12:08:36.899+0300][14.943s][info ][gc] GC(382) Concurrent Cycle
[2020-08-01T12:08:36.915+0300][14.959s][debug][gc] GC(382) Reclaimed 122 empty regions
[2020-08-01T12:08:36.915+0300][14.959s][info ][gc] GC(382) Pause Remark 226M->104M(512M) 0.502ms
[2020-08-01T12:08:36.937+0300][14.981s][info ][gc] GC(382) Pause Cleanup 158M->158M(512M) 0.069ms
[2020-08-01T12:08:36.937+0300][14.981s][info ][gc] GC(382) Concurrent Cycle 38.431ms
[2020-08-01T12:08:36.971+0300][15.015s][info ][gc] GC(383) Pause Young (Normal) (G1 Evacuation Pause) 162M->149M(512M) 32.150ms
[2020-08-01T12:08:36.997+0300][15.041s][info ][gc] GC(384) Pause Young (Concurrent Start) (G1 Humongous Allocation) 176M->177M(512M) 15.989ms
[2020-08-01T12:08:36.998+0300][15.041s][info ][gc] GC(385) Concurrent Cycle
[2020-08-01T12:08:37.012+0300][15.056s][debug][gc] GC(385) Reclaimed 125 empty regions
[2020-08-01T12:08:37.012+0300][15.056s][info ][gc] GC(385) Pause Remark 225M->100M(512M) 0.488ms
[2020-08-01T12:08:37.033+0300][15.077s][info ][gc] GC(385) Pause Cleanup 153M->153M(512M) 0.066ms
[2020-08-01T12:08:37.034+0300][15.077s][info ][gc] GC(385) Concurrent Cycle 35.928ms
[2020-08-01T12:08:37.068+0300][15.112s][info ][gc] GC(386) Pause Young (Normal) (G1 Evacuation Pause) 159M->146M(512M) 32.334ms
[2020-08-01T12:08:37.095+0300][15.139s][info ][gc] GC(387) Pause Young (Concurrent Start) (G1 Humongous Allocation) 174M->175M(512M) 16.405ms
[2020-08-01T12:08:37.095+0300][15.139s][info ][gc] GC(388) Concurrent Cycle
[2020-08-01T12:08:37.111+0300][15.154s][debug][gc] GC(388) Reclaimed 122 empty regions
[2020-08-01T12:08:37.111+0300][15.154s][info ][gc] GC(388) Pause Remark 225M->103M(512M) 0.534ms
[2020-08-01T12:08:37.132+0300][15.176s][info ][gc] GC(388) Pause Cleanup 158M->158M(512M) 0.067ms
[2020-08-01T12:08:37.133+0300][15.177s][info ][gc] GC(388) Concurrent Cycle 37.362ms
[2020-08-01T12:08:37.168+0300][15.211s][info ][gc] GC(389) Pause Young (Normal) (G1 Evacuation Pause) 161M->148M(512M) 33.773ms
[2020-08-01T12:08:37.195+0300][15.239s][info ][gc] GC(390) Pause Young (Concurrent Start) (G1 Humongous Allocation) 175M->177M(512M) 16.648ms
[2020-08-01T12:08:37.195+0300][15.239s][info ][gc] GC(391) Concurrent Cycle
[2020-08-01T12:08:37.213+0300][15.257s][debug][gc] GC(391) Reclaimed 124 empty regions
[2020-08-01T12:08:37.213+0300][15.257s][info ][gc] GC(391) Pause Remark 224M->100M(512M) 1.103ms
[2020-08-01T12:08:37.236+0300][15.280s][info ][gc] GC(391) Pause Cleanup 152M->152M(512M) 0.069ms
[2020-08-01T12:08:37.236+0300][15.280s][info ][gc] GC(391) Concurrent Cycle 40.965ms
[2020-08-01T12:08:37.274+0300][15.317s][info ][gc] GC(392) Pause Young (Normal) (G1 Evacuation Pause) 160M->147M(512M) 34.025ms
[2020-08-01T12:08:37.301+0300][15.345s][info ][gc] GC(393) Pause Young (Concurrent Start) (G1 Humongous Allocation) 175M->176M(512M) 16.788ms
[2020-08-01T12:08:37.302+0300][15.345s][info ][gc] GC(394) Concurrent Cycle
[2020-08-01T12:08:37.316+0300][15.360s][debug][gc] GC(394) Reclaimed 121 empty regions
[2020-08-01T12:08:37.316+0300][15.360s][info ][gc] GC(394) Pause Remark 226M->105M(512M) 0.489ms
[2020-08-01T12:08:37.337+0300][15.381s][info ][gc] GC(394) Pause Cleanup 158M->158M(512M) 0.072ms
[2020-08-01T12:08:37.338+0300][15.382s][info ][gc] GC(394) Concurrent Cycle 36.488ms
[2020-08-01T12:08:37.372+0300][15.416s][info ][gc] GC(395) Pause Young (Normal) (G1 Evacuation Pause) 163M->150M(512M) 32.421ms
[2020-08-01T12:08:37.401+0300][15.445s][info ][gc] GC(396) Pause Young (Concurrent Start) (G1 Humongous Allocation) 177M->178M(512M) 17.787ms
[2020-08-01T12:08:37.401+0300][15.445s][info ][gc] GC(397) Concurrent Cycle
[2020-08-01T12:08:37.415+0300][15.459s][debug][gc] GC(397) Reclaimed 125 empty regions
[2020-08-01T12:08:37.415+0300][15.459s][info ][gc] GC(397) Pause Remark 227M->102M(512M) 0.495ms
[2020-08-01T12:08:37.436+0300][15.480s][info ][gc] GC(397) Pause Cleanup 153M->153M(512M) 0.062ms
[2020-08-01T12:08:37.437+0300][15.481s][info ][gc] GC(397) Concurrent Cycle 35.873ms
[2020-08-01T12:08:37.472+0300][15.516s][info ][gc] GC(398) Pause Young (Normal) (G1 Evacuation Pause) 160M->148M(512M) 32.894ms
[2020-08-01T12:08:37.500+0300][15.543s][info ][gc] GC(399) Pause Young (Concurrent Start) (G1 Humongous Allocation) 176M->177M(512M) 16.513ms
[2020-08-01T12:08:37.500+0300][15.543s][info ][gc] GC(400) Concurrent Cycle
[2020-08-01T12:08:37.514+0300][15.558s][debug][gc] GC(400) Reclaimed 122 empty regions
[2020-08-01T12:08:37.514+0300][15.558s][info ][gc] GC(400) Pause Remark 227M->105M(512M) 0.497ms
[2020-08-01T12:08:37.536+0300][15.579s][info ][gc] GC(400) Pause Cleanup 159M->159M(512M) 0.079ms
[2020-08-01T12:08:37.536+0300][15.580s][info ][gc] GC(400) Concurrent Cycle 36.313ms
[2020-08-01T12:08:37.570+0300][15.614s][info ][gc] GC(401) Pause Young (Normal) (G1 Evacuation Pause) 163M->151M(512M) 32.586ms
[2020-08-01T12:08:37.597+0300][15.641s][info ][gc] GC(402) Pause Young (Concurrent Start) (G1 Humongous Allocation) 178M->179M(512M) 16.243ms
[2020-08-01T12:08:37.597+0300][15.641s][info ][gc] GC(403) Concurrent Cycle
[2020-08-01T12:08:37.612+0300][15.656s][debug][gc] GC(403) Reclaimed 125 empty regions
[2020-08-01T12:08:37.612+0300][15.656s][info ][gc] GC(403) Pause Remark 229M->104M(512M) 0.498ms
[2020-08-01T12:08:37.633+0300][15.677s][info ][gc] GC(403) Pause Cleanup 157M->157M(512M) 0.071ms
[2020-08-01T12:08:37.634+0300][15.677s][info ][gc] GC(403) Concurrent Cycle 36.539ms
[2020-08-01T12:08:37.667+0300][15.711s][info ][gc] GC(404) Pause Young (Normal) (G1 Evacuation Pause) 161M->148M(512M) 32.553ms
[2020-08-01T12:08:37.696+0300][15.740s][info ][gc] GC(405) Pause Young (Concurrent Start) (G1 Humongous Allocation) 176M->177M(512M) 16.452ms
[2020-08-01T12:08:37.696+0300][15.740s][info ][gc] GC(406) Concurrent Cycle
[2020-08-01T12:08:37.710+0300][15.754s][debug][gc] GC(406) Reclaimed 123 empty regions
[2020-08-01T12:08:37.710+0300][15.754s][info ][gc] GC(406) Pause Remark 227M->104M(512M) 0.513ms
[2020-08-01T12:08:37.731+0300][15.775s][info ][gc] GC(406) Pause Cleanup 158M->158M(512M) 0.067ms
[2020-08-01T12:08:37.732+0300][15.776s][info ][gc] GC(406) Concurrent Cycle 36.223ms
[2020-08-01T12:08:37.770+0300][15.814s][info ][gc] GC(407) Pause Young (Normal) (G1 Evacuation Pause) 161M->149M(512M) 37.241ms
[2020-08-01T12:08:37.798+0300][15.842s][info ][gc] GC(408) Pause Young (Concurrent Start) (G1 Humongous Allocation) 177M->178M(512M) 17.023ms
[2020-08-01T12:08:37.798+0300][15.842s][info ][gc] GC(409) Concurrent Cycle
[2020-08-01T12:08:37.814+0300][15.858s][debug][gc] GC(409) Reclaimed 123 empty regions
[2020-08-01T12:08:37.814+0300][15.858s][info ][gc] GC(409) Pause Remark 228M->105M(512M) 0.490ms
[2020-08-01T12:08:37.836+0300][15.879s][info ][gc] GC(409) Pause Cleanup 158M->158M(512M) 0.064ms
[2020-08-01T12:08:37.836+0300][15.880s][info ][gc] GC(409) Concurrent Cycle 37.608ms
[2020-08-01T12:08:37.871+0300][15.915s][info ][gc] GC(410) Pause Young (Normal) (G1 Evacuation Pause) 162M->149M(512M) 33.808ms
[2020-08-01T12:08:37.899+0300][15.943s][info ][gc] GC(411) Pause Young (Concurrent Start) (G1 Humongous Allocation) 177M->178M(512M) 16.821ms
[2020-08-01T12:08:37.899+0300][15.943s][info ][gc] GC(412) Concurrent Cycle
[2020-08-01T12:08:37.914+0300][15.957s][debug][gc] GC(412) Reclaimed 123 empty regions
[2020-08-01T12:08:37.914+0300][15.958s][info ][gc] GC(412) Pause Remark 226M->103M(512M) 0.505ms
[2020-08-01T12:08:37.935+0300][15.979s][info ][gc] GC(412) Pause Cleanup 157M->157M(512M) 0.075ms
[2020-08-01T12:08:37.936+0300][15.979s][info ][gc] GC(412) Concurrent Cycle 36.242ms
[2020-08-01T12:08:37.970+0300][16.014s][info ][gc] GC(413) Pause Young (Normal) (G1 Evacuation Pause) 162M->149M(512M) 32.512ms
[2020-08-01T12:08:37.998+0300][16.041s][info ][gc] GC(414) Pause Young (Concurrent Start) (G1 Humongous Allocation) 177M->178M(512M) 16.811ms
[2020-08-01T12:08:37.998+0300][16.041s][info ][gc] GC(415) Concurrent Cycle
[2020-08-01T12:08:38.013+0300][16.057s][debug][gc] GC(415) Reclaimed 124 empty regions
[2020-08-01T12:08:38.013+0300][16.057s][info ][gc] GC(415) Pause Remark 228M->104M(512M) 0.530ms
[2020-08-01T12:08:38.035+0300][16.078s][info ][gc] GC(415) Pause Cleanup 159M->159M(512M) 0.077ms
[2020-08-01T12:08:38.035+0300][16.079s][info ][gc] GC(415) Concurrent Cycle 37.594ms
[2020-08-01T12:08:38.069+0300][16.112s][info ][gc] GC(416) Pause Young (Normal) (G1 Evacuation Pause) 161M->149M(512M) 32.499ms
[2020-08-01T12:08:38.096+0300][16.140s][info ][gc] GC(417) Pause Young (Concurrent Start) (G1 Humongous Allocation) 177M->178M(512M) 16.137ms
[2020-08-01T12:08:38.096+0300][16.140s][info ][gc] GC(418) Concurrent Cycle
[2020-08-01T12:08:38.110+0300][16.154s][debug][gc] GC(418) Reclaimed 123 empty regions
[2020-08-01T12:08:38.110+0300][16.154s][info ][gc] GC(418) Pause Remark 228M->105M(512M) 0.504ms
[2020-08-01T12:08:38.132+0300][16.175s][info ][gc] GC(418) Pause Cleanup 159M->159M(512M) 0.070ms
[2020-08-01T12:08:38.132+0300][16.176s][info ][gc] GC(418) Concurrent Cycle 36.135ms
[2020-08-01T12:08:38.166+0300][16.210s][info ][gc] GC(419) Pause Young (Normal) (G1 Evacuation Pause) 162M->149M(512M) 32.646ms
[2020-08-01T12:08:38.193+0300][16.237s][info ][gc] GC(420) Pause Young (Concurrent Start) (G1 Humongous Allocation) 177M->177M(512M) 16.525ms
[2020-08-01T12:08:38.193+0300][16.237s][info ][gc] GC(421) Concurrent Cycle
[2020-08-01T12:08:38.209+0300][16.253s][debug][gc] GC(421) Reclaimed 123 empty regions
[2020-08-01T12:08:38.209+0300][16.253s][info ][gc] GC(421) Pause Remark 226M->103M(512M) 0.571ms
[2020-08-01T12:08:38.232+0300][16.276s][info ][gc] GC(421) Pause Cleanup 155M->155M(512M) 0.067ms
[2020-08-01T12:08:38.233+0300][16.276s][info ][gc] GC(421) Concurrent Cycle 39.303ms
[2020-08-01T12:08:38.269+0300][16.313s][info ][gc] GC(422) Pause Young (Normal) (G1 Evacuation Pause) 162M->149M(512M) 33.925ms
[2020-08-01T12:08:38.298+0300][16.341s][info ][gc] GC(423) Pause Young (Concurrent Start) (G1 Humongous Allocation) 176M->178M(512M) 17.568ms
[2020-08-01T12:08:38.298+0300][16.341s][info ][gc] GC(424) Concurrent Cycle
[2020-08-01T12:08:38.313+0300][16.357s][debug][gc] GC(424) Reclaimed 122 empty regions
[2020-08-01T12:08:38.313+0300][16.357s][info ][gc] GC(424) Pause Remark 228M->106M(512M) 0.498ms
[2020-08-01T12:08:38.334+0300][16.378s][info ][gc] GC(424) Pause Cleanup 159M->159M(512M) 0.070ms
[2020-08-01T12:08:38.334+0300][16.378s][info ][gc] GC(424) Concurrent Cycle 36.602ms
[2020-08-01T12:08:38.368+0300][16.411s][info ][gc] GC(425) Pause Young (Normal) (G1 Evacuation Pause) 163M->150M(512M) 31.992ms
[2020-08-01T12:08:38.395+0300][16.439s][info ][gc] GC(426) Pause Young (Concurrent Start) (G1 Humongous Allocation) 178M->179M(512M) 16.150ms
[2020-08-01T12:08:38.395+0300][16.439s][info ][gc] GC(427) Concurrent Cycle
[2020-08-01T12:08:38.410+0300][16.453s][debug][gc] GC(427) Reclaimed 121 empty regions
[2020-08-01T12:08:38.410+0300][16.453s][info ][gc] GC(427) Pause Remark 229M->108M(512M) 0.521ms
[2020-08-01T12:08:38.431+0300][16.475s][info ][gc] GC(427) Pause Cleanup 162M->162M(512M) 0.069ms
[2020-08-01T12:08:38.431+0300][16.475s][info ][gc] GC(427) Concurrent Cycle 36.503ms
[2020-08-01T12:08:38.465+0300][16.509s][info ][gc] GC(428) Pause Young (Normal) (G1 Evacuation Pause) 165M->152M(512M) 32.236ms
[2020-08-01T12:08:38.492+0300][16.536s][info ][gc] GC(429) Pause Young (Concurrent Start) (G1 Humongous Allocation) 180M->181M(512M) 16.295ms
[2020-08-01T12:08:38.492+0300][16.536s][info ][gc] GC(430) Concurrent Cycle
[2020-08-01T12:08:38.507+0300][16.551s][debug][gc] GC(430) Reclaimed 124 empty regions
[2020-08-01T12:08:38.507+0300][16.551s][info ][gc] GC(430) Pause Remark 232M->108M(512M) 0.540ms
[2020-08-01T12:08:38.529+0300][16.573s][info ][gc] GC(430) Pause Cleanup 163M->163M(512M) 0.071ms
[2020-08-01T12:08:38.563+0300][16.607s][info ][gc] GC(431) Pause Young (Normal) (G1 Evacuation Pause) 163M->150M(512M) 33.050ms
[2020-08-01T12:08:38.563+0300][16.607s][info ][gc] GC(430) Concurrent Cycle 70.705ms
[2020-08-01T12:08:38.591+0300][16.635s][info ][gc] GC(432) Pause Young (Concurrent Start) (G1 Humongous Allocation) 179M->180M(512M) 16.734ms
[2020-08-01T12:08:38.591+0300][16.635s][info ][gc] GC(433) Concurrent Cycle
[2020-08-01T12:08:38.606+0300][16.650s][debug][gc] GC(433) Reclaimed 122 empty regions
[2020-08-01T12:08:38.606+0300][16.650s][info ][gc] GC(433) Pause Remark 231M->109M(512M) 0.501ms
[2020-08-01T12:08:38.662+0300][16.706s][info ][gc] GC(434) Pause Young (Normal) (G1 Evacuation Pause) 164M->151M(512M) 33.801ms
[2020-08-01T12:08:38.662+0300][16.706s][info ][gc] GC(433) Pause Cleanup 152M->152M(512M) 0.074ms
[2020-08-01T12:08:38.663+0300][16.707s][info ][gc] GC(433) Concurrent Cycle 71.879ms
[2020-08-01T12:08:38.701+0300][16.745s][info ][gc] GC(435) Pause Young (Concurrent Start) (G1 Humongous Allocation) 180M->181M(512M) 26.082ms
[2020-08-01T12:08:38.701+0300][16.745s][info ][gc] GC(436) Concurrent Cycle
[2020-08-01T12:08:38.716+0300][16.760s][debug][gc] GC(436) Reclaimed 122 empty regions
[2020-08-01T12:08:38.716+0300][16.760s][info ][gc] GC(436) Pause Remark 230M->108M(512M) 0.493ms
[2020-08-01T12:08:38.738+0300][16.781s][info ][gc] GC(436) Pause Cleanup 163M->163M(512M) 0.071ms
[2020-08-01T12:08:38.738+0300][16.782s][info ][gc] GC(436) Concurrent Cycle 37.212ms
[2020-08-01T12:08:38.771+0300][16.815s][info ][gc] GC(437) Pause Young (Normal) (G1 Evacuation Pause) 165M->153M(512M) 32.542ms
[2020-08-01T12:08:38.800+0300][16.843s][info ][gc] GC(438) Pause Young (Concurrent Start) (G1 Humongous Allocation) 182M->183M(512M) 16.645ms
[2020-08-01T12:08:38.800+0300][16.843s][info ][gc] GC(439) Concurrent Cycle
[2020-08-01T12:08:38.815+0300][16.858s][debug][gc] GC(439) Reclaimed 124 empty regions
[2020-08-01T12:08:38.815+0300][16.858s][info ][gc] GC(439) Pause Remark 233M->109M(512M) 0.495ms
[2020-08-01T12:08:38.872+0300][16.915s][info ][gc] GC(440) Pause Young (Normal) (G1 Evacuation Pause) 164M->151M(512M) 34.807ms
[2020-08-01T12:08:38.872+0300][16.916s][info ][gc] GC(439) Pause Cleanup 152M->152M(512M) 0.065ms
[2020-08-01T12:08:38.873+0300][16.917s][info ][gc] GC(439) Concurrent Cycle 73.047ms
[2020-08-01T12:08:38.910+0300][16.953s][info ][gc] GC(441) Pause Young (Concurrent Start) (G1 Humongous Allocation) 181M->182M(512M) 25.870ms
[2020-08-01T12:08:38.910+0300][16.953s][info ][gc] GC(442) Concurrent Cycle
[2020-08-01T12:08:38.924+0300][16.968s][debug][gc] GC(442) Reclaimed 123 empty regions
[2020-08-01T12:08:38.925+0300][16.968s][info ][gc] GC(442) Pause Remark 233M->110M(512M) 0.524ms
[2020-08-01T12:08:38.980+0300][17.024s][info ][gc] GC(443) Pause Young (Normal) (G1 Evacuation Pause) 165M->153M(512M) 33.304ms
[2020-08-01T12:08:38.981+0300][17.025s][info ][gc] GC(442) Pause Cleanup 155M->155M(512M) 0.078ms
[2020-08-01T12:08:38.981+0300][17.025s][info ][gc] GC(442) Concurrent Cycle 71.849ms
[2020-08-01T12:08:39.017+0300][17.061s][info ][gc] GC(444) Pause Young (Concurrent Start) (G1 Humongous Allocation) 182M->183M(512M) 25.276ms
[2020-08-01T12:08:39.017+0300][17.061s][info ][gc] GC(445) Concurrent Cycle
[2020-08-01T12:08:39.032+0300][17.076s][debug][gc] GC(445) Reclaimed 124 empty regions
[2020-08-01T12:08:39.032+0300][17.076s][info ][gc] GC(445) Pause Remark 233M->109M(512M) 0.497ms
[2020-08-01T12:08:39.088+0300][17.132s][info ][gc] GC(446) Pause Young (Normal) (G1 Evacuation Pause) 164M->152M(512M) 33.498ms
[2020-08-01T12:08:39.089+0300][17.132s][info ][gc] GC(445) Pause Cleanup 153M->153M(512M) 0.075ms
[2020-08-01T12:08:39.089+0300][17.133s][info ][gc] GC(445) Concurrent Cycle 72.249ms
[2020-08-01T12:08:39.126+0300][17.170s][info ][gc] GC(447) Pause Young (Concurrent Start) (G1 Humongous Allocation) 182M->183M(512M) 25.743ms
[2020-08-01T12:08:39.126+0300][17.170s][info ][gc] GC(448) Concurrent Cycle
[2020-08-01T12:08:39.141+0300][17.185s][debug][gc] GC(448) Reclaimed 123 empty regions
[2020-08-01T12:08:39.141+0300][17.185s][info ][gc] GC(448) Pause Remark 234M->111M(512M) 0.557ms
[2020-08-01T12:08:39.196+0300][17.240s][info ][gc] GC(449) Pause Young (Normal) (G1 Evacuation Pause) 165M->152M(512M) 33.503ms
[2020-08-01T12:08:39.197+0300][17.241s][info ][gc] GC(448) Pause Cleanup 153M->153M(512M) 0.102ms
[2020-08-01T12:08:39.198+0300][17.242s][info ][gc] GC(448) Concurrent Cycle 72.101ms
[2020-08-01T12:08:39.243+0300][17.287s][info ][gc] GC(450) Pause Young (Concurrent Start) (G1 Humongous Allocation) 182M->184M(512M) 31.220ms
[2020-08-01T12:08:39.244+0300][17.287s][info ][gc] GC(451) Concurrent Cycle
[2020-08-01T12:08:39.261+0300][17.304s][debug][gc] GC(451) Reclaimed 124 empty regions
[2020-08-01T12:08:39.261+0300][17.305s][info ][gc] GC(451) Pause Remark 236M->112M(512M) 0.542ms
[2020-08-01T12:08:39.315+0300][17.359s][info ][gc] GC(452) Pause Young (Normal) (G1 Evacuation Pause) 166M->154M(512M) 32.603ms
[2020-08-01T12:08:39.316+0300][17.360s][info ][gc] GC(451) Pause Cleanup 157M->157M(512M) 0.075ms
[2020-08-01T12:08:39.317+0300][17.361s][info ][gc] GC(451) Concurrent Cycle 73.354ms
[2020-08-01T12:08:39.352+0300][17.396s][info ][gc] GC(453) Pause Young (Concurrent Start) (G1 Humongous Allocation) 183M->184M(512M) 25.487ms
[2020-08-01T12:08:39.352+0300][17.396s][info ][gc] GC(454) Concurrent Cycle
[2020-08-01T12:08:39.367+0300][17.411s][debug][gc] GC(454) Reclaimed 121 empty regions
[2020-08-01T12:08:39.367+0300][17.411s][info ][gc] GC(454) Pause Remark 234M->113M(512M) 0.522ms
[2020-08-01T12:08:39.422+0300][17.466s][info ][gc] GC(455) Pause Young (Normal) (G1 Evacuation Pause) 168M->156M(512M) 33.137ms
[2020-08-01T12:08:39.423+0300][17.467s][info ][gc] GC(454) Pause Cleanup 157M->157M(512M) 0.090ms
[2020-08-01T12:08:39.424+0300][17.468s][info ][gc] GC(454) Concurrent Cycle 71.312ms
[2020-08-01T12:08:39.461+0300][17.505s][info ][gc] GC(456) Pause Young (Concurrent Start) (G1 Humongous Allocation) 186M->187M(512M) 26.107ms
[2020-08-01T12:08:39.461+0300][17.505s][info ][gc] GC(457) Concurrent Cycle
[2020-08-01T12:08:39.476+0300][17.520s][debug][gc] GC(457) Reclaimed 123 empty regions
[2020-08-01T12:08:39.476+0300][17.520s][info ][gc] GC(457) Pause Remark 238M->115M(512M) 0.539ms
[2020-08-01T12:08:39.531+0300][17.574s][info ][gc] GC(458) Pause Young (Normal) (G1 Evacuation Pause) 168M->156M(512M) 32.972ms
[2020-08-01T12:08:39.532+0300][17.576s][info ][gc] GC(457) Pause Cleanup 160M->160M(512M) 0.085ms
[2020-08-01T12:08:39.533+0300][17.577s][info ][gc] GC(457) Concurrent Cycle 71.900ms
[2020-08-01T12:08:39.569+0300][17.613s][info ][gc] GC(459) Pause Young (Concurrent Start) (G1 Humongous Allocation) 187M->188M(512M) 26.165ms
[2020-08-01T12:08:39.569+0300][17.613s][info ][gc] GC(460) Concurrent Cycle
[2020-08-01T12:08:39.585+0300][17.629s][debug][gc] GC(460) Reclaimed 123 empty regions
[2020-08-01T12:08:39.585+0300][17.629s][info ][gc] GC(460) Pause Remark 238M->115M(512M) 0.683ms
[2020-08-01T12:08:39.640+0300][17.683s][info ][gc] GC(461) Pause Young (Normal) (G1 Evacuation Pause) 169M->156M(512M) 32.894ms
[2020-08-01T12:08:39.642+0300][17.685s][info ][gc] GC(460) Pause Cleanup 160M->160M(512M) 0.124ms
[2020-08-01T12:08:39.643+0300][17.686s][info ][gc] GC(460) Concurrent Cycle 73.223ms
[2020-08-01T12:08:39.680+0300][17.724s][info ][gc] GC(462) Pause Young (Concurrent Start) (G1 Humongous Allocation) 187M->188M(512M) 26.585ms
[2020-08-01T12:08:39.680+0300][17.724s][info ][gc] GC(463) Concurrent Cycle
[2020-08-01T12:08:39.696+0300][17.740s][debug][gc] GC(463) Reclaimed 123 empty regions
[2020-08-01T12:08:39.696+0300][17.740s][info ][gc] GC(463) Pause Remark 241M->118M(512M) 0.534ms
[2020-08-01T12:08:39.751+0300][17.795s][info ][gc] GC(464) Pause Young (Normal) (G1 Evacuation Pause) 169M->156M(512M) 34.483ms
[2020-08-01T12:08:39.754+0300][17.798s][info ][gc] GC(463) Pause Cleanup 162M->162M(512M) 0.085ms
[2020-08-01T12:08:39.754+0300][17.798s][info ][gc] GC(463) Concurrent Cycle 74.188ms
[2020-08-01T12:08:39.791+0300][17.834s][info ][gc] GC(465) Pause Young (Concurrent Start) (G1 Humongous Allocation) 187M->188M(512M) 26.860ms
[2020-08-01T12:08:39.791+0300][17.834s][info ][gc] GC(466) Concurrent Cycle
[2020-08-01T12:08:39.806+0300][17.850s][debug][gc] GC(466) Reclaimed 123 empty regions
[2020-08-01T12:08:39.806+0300][17.850s][info ][gc] GC(466) Pause Remark 239M->116M(512M) 0.532ms
[2020-08-01T12:08:39.861+0300][17.905s][info ][gc] GC(467) Pause Young (Normal) (G1 Evacuation Pause) 169M->156M(512M) 33.723ms
[2020-08-01T12:08:39.863+0300][17.907s][info ][gc] GC(466) Pause Cleanup 160M->160M(512M) 0.090ms
[2020-08-01T12:08:39.864+0300][17.908s][info ][gc] GC(466) Concurrent Cycle 73.167ms
[2020-08-01T12:08:39.902+0300][17.946s][info ][gc] GC(468) Pause Young (Concurrent Start) (G1 Humongous Allocation) 187M->189M(512M) 27.576ms
[2020-08-01T12:08:39.902+0300][17.946s][info ][gc] GC(469) Concurrent Cycle
[2020-08-01T12:08:39.918+0300][17.962s][debug][gc] GC(469) Reclaimed 123 empty regions
[2020-08-01T12:08:39.919+0300][17.962s][info ][gc] GC(469) Pause Remark 243M->120M(512M) 0.945ms
[2020-08-01T12:08:39.975+0300][18.018s][info ][gc] GC(470) Pause Young (Normal) (G1 Evacuation Pause) 169M->156M(512M) 36.072ms
[2020-08-01T12:08:39.978+0300][18.022s][info ][gc] GC(469) Pause Cleanup 164M->164M(512M) 0.071ms
[2020-08-01T12:08:39.979+0300][18.022s][info ][gc] GC(469) Concurrent Cycle 76.775ms
[2020-08-01T12:08:40.014+0300][18.057s][info ][gc] GC(471) Pause Young (Concurrent Start) (G1 Humongous Allocation) 188M->189M(512M) 25.839ms
[2020-08-01T12:08:40.014+0300][18.057s][info ][gc] GC(472) Concurrent Cycle
[2020-08-01T12:08:40.029+0300][18.073s][debug][gc] GC(472) Reclaimed 122 empty regions
[2020-08-01T12:08:40.029+0300][18.073s][info ][gc] GC(472) Pause Remark 242M->120M(512M) 0.530ms
[2020-08-01T12:08:40.083+0300][18.126s][info ][gc] GC(473) Pause Young (Normal) (G1 Evacuation Pause) 171M->158M(512M) 32.418ms
[2020-08-01T12:08:40.086+0300][18.130s][info ][gc] GC(472) Pause Cleanup 166M->166M(512M) 0.095ms
[2020-08-01T12:08:40.087+0300][18.131s][info ][gc] GC(472) Concurrent Cycle 73.187ms
[2020-08-01T12:08:40.121+0300][18.165s][info ][gc] GC(474) Pause Young (Concurrent Start) (G1 Humongous Allocation) 189M->190M(512M) 25.434ms
[2020-08-01T12:08:40.121+0300][18.165s][info ][gc] GC(475) Concurrent Cycle
[2020-08-01T12:08:40.137+0300][18.181s][debug][gc] GC(475) Reclaimed 124 empty regions
[2020-08-01T12:08:40.137+0300][18.181s][info ][gc] GC(475) Pause Remark 243M->119M(512M) 0.612ms
[2020-08-01T12:08:40.189+0300][18.233s][info ][gc] GC(476) Pause Young (Normal) (G1 Evacuation Pause) 169M->156M(512M) 31.616ms
[2020-08-01T12:08:40.192+0300][18.236s][info ][gc] GC(475) Pause Cleanup 163M->163M(512M) 0.079ms
[2020-08-01T12:08:40.192+0300][18.236s][info ][gc] GC(475) Concurrent Cycle 71.273ms
[2020-08-01T12:08:40.233+0300][18.276s][info ][gc] GC(477) Pause Young (Concurrent Start) (G1 Humongous Allocation) 188M->190M(512M) 30.396ms
[2020-08-01T12:08:40.233+0300][18.276s][info ][gc] GC(478) Concurrent Cycle
[2020-08-01T12:08:40.248+0300][18.292s][debug][gc] GC(478) Reclaimed 123 empty regions
[2020-08-01T12:08:40.248+0300][18.292s][info ][gc] GC(478) Pause Remark 242M->119M(512M) 0.569ms
[2020-08-01T12:08:40.304+0300][18.347s][info ][gc] GC(479) Pause Young (Normal) (G1 Evacuation Pause) 170M->157M(512M) 33.585ms
[2020-08-01T12:08:40.308+0300][18.352s][info ][gc] GC(478) Pause Cleanup 166M->166M(512M) 0.116ms
[2020-08-01T12:08:40.309+0300][18.352s][info ][gc] GC(478) Concurrent Cycle 76.004ms
[2020-08-01T12:08:40.346+0300][18.390s][info ][gc] GC(480) Pause Young (Concurrent Start) (G1 Humongous Allocation) 189M->191M(512M) 28.322ms
[2020-08-01T12:08:40.347+0300][18.390s][info ][gc] GC(481) Concurrent Cycle
[2020-08-01T12:08:40.363+0300][18.407s][debug][gc] GC(481) Reclaimed 122 empty regions
[2020-08-01T12:08:40.363+0300][18.407s][info ][gc] GC(481) Pause Remark 246M->124M(512M) 0.526ms
[2020-08-01T12:08:40.416+0300][18.460s][info ][gc] GC(482) Pause Young (Normal) (G1 Evacuation Pause) 172M->159M(512M) 33.789ms
[2020-08-01T12:08:40.421+0300][18.465s][info ][gc] GC(481) Pause Cleanup 170M->170M(512M) 0.079ms
[2020-08-01T12:08:40.421+0300][18.465s][info ][gc] GC(481) Concurrent Cycle 74.872ms
[2020-08-01T12:08:40.457+0300][18.501s][info ][gc] GC(483) Pause Young (Concurrent Start) (G1 Humongous Allocation) 191M->193M(512M) 27.310ms
[2020-08-01T12:08:40.457+0300][18.501s][info ][gc] GC(484) Concurrent Cycle
[2020-08-01T12:08:40.472+0300][18.516s][debug][gc] GC(484) Reclaimed 124 empty regions
[2020-08-01T12:08:40.472+0300][18.516s][info ][gc] GC(484) Pause Remark 245M->121M(512M) 0.535ms
[2020-08-01T12:08:40.525+0300][18.569s][info ][gc] GC(485) Pause Young (Normal) (G1 Evacuation Pause) 171M->157M(512M) 32.911ms
[2020-08-01T12:08:40.529+0300][18.573s][info ][gc] GC(484) Pause Cleanup 166M->166M(512M) 0.101ms
[2020-08-01T12:08:40.530+0300][18.574s][info ][gc] GC(484) Concurrent Cycle 73.243ms
[2020-08-01T12:08:40.566+0300][18.609s][info ][gc] GC(486) Pause Young (Concurrent Start) (G1 Humongous Allocation) 190M->191M(512M) 26.299ms
[2020-08-01T12:08:40.566+0300][18.609s][info ][gc] GC(487) Concurrent Cycle
[2020-08-01T12:08:40.581+0300][18.625s][debug][gc] GC(487) Reclaimed 122 empty regions
[2020-08-01T12:08:40.581+0300][18.625s][info ][gc] GC(487) Pause Remark 244M->122M(512M) 0.501ms
[2020-08-01T12:08:40.634+0300][18.678s][info ][gc] GC(488) Pause Young (Normal) (G1 Evacuation Pause) 172M->159M(512M) 32.260ms
[2020-08-01T12:08:40.637+0300][18.681s][info ][gc] GC(487) Pause Cleanup 167M->167M(512M) 0.079ms
[2020-08-01T12:08:40.638+0300][18.681s][info ][gc] GC(487) Concurrent Cycle 72.012ms
[2020-08-01T12:08:40.673+0300][18.717s][info ][gc] GC(489) Pause Young (Concurrent Start) (G1 Humongous Allocation) 191M->192M(512M) 25.315ms
[2020-08-01T12:08:40.673+0300][18.717s][info ][gc] GC(490) Concurrent Cycle
[2020-08-01T12:08:40.688+0300][18.732s][debug][gc] GC(490) Reclaimed 123 empty regions
[2020-08-01T12:08:40.688+0300][18.732s][info ][gc] GC(490) Pause Remark 245M->122M(512M) 0.512ms
[2020-08-01T12:08:40.742+0300][18.785s][info ][gc] GC(491) Pause Young (Normal) (G1 Evacuation Pause) 172M->159M(512M) 33.371ms
[2020-08-01T12:08:40.745+0300][18.789s][info ][gc] GC(490) Pause Cleanup 167M->167M(512M) 0.137ms
[2020-08-01T12:08:40.746+0300][18.790s][info ][gc] GC(490) Concurrent Cycle 73.297ms
[2020-08-01T12:08:40.781+0300][18.825s][info ][gc] GC(492) Pause Young (Concurrent Start) (G1 Humongous Allocation) 191M->192M(512M) 26.013ms
[2020-08-01T12:08:40.782+0300][18.825s][info ][gc] GC(493) Concurrent Cycle
[2020-08-01T12:08:40.798+0300][18.842s][debug][gc] GC(493) Reclaimed 123 empty regions
[2020-08-01T12:08:40.798+0300][18.842s][info ][gc] GC(493) Pause Remark 245M->122M(512M) 0.502ms
[2020-08-01T12:08:40.851+0300][18.895s][info ][gc] GC(494) Pause Young (Normal) (G1 Evacuation Pause) 172M->159M(512M) 32.090ms
[2020-08-01T12:08:40.854+0300][18.898s][info ][gc] GC(493) Pause Cleanup 166M->166M(512M) 0.088ms
[2020-08-01T12:08:40.855+0300][18.899s][info ][gc] GC(493) Concurrent Cycle 73.296ms
[2020-08-01T12:08:40.890+0300][18.934s][info ][gc] GC(495) Pause Young (Concurrent Start) (G1 Humongous Allocation) 191M->193M(512M) 26.024ms
[2020-08-01T12:08:40.890+0300][18.934s][info ][gc] GC(496) Concurrent Cycle
[2020-08-01T12:08:40.907+0300][18.950s][debug][gc] GC(496) Reclaimed 123 empty regions
[2020-08-01T12:08:40.907+0300][18.950s][info ][gc] GC(496) Pause Remark 246M->123M(512M) 0.486ms
[2020-08-01T12:08:40.959+0300][19.002s][info ][gc] GC(497) Pause Young (Normal) (G1 Evacuation Pause) 172M->159M(512M) 32.064ms
[2020-08-01T12:08:40.962+0300][19.006s][info ][gc] GC(496) Pause Cleanup 167M->167M(512M) 0.083ms
[2020-08-01T12:08:40.962+0300][19.006s][info ][gc] GC(496) Concurrent Cycle 72.080ms
[2020-08-01T12:08:40.998+0300][19.041s][info ][gc] GC(498) Pause Young (Concurrent Start) (G1 Humongous Allocation) 192M->194M(512M) 25.729ms
[2020-08-01T12:08:40.998+0300][19.041s][info ][gc] GC(499) Concurrent Cycle
[2020-08-01T12:08:41.014+0300][19.058s][debug][gc] GC(499) Reclaimed 124 empty regions
[2020-08-01T12:08:41.014+0300][19.058s][info ][gc] GC(499) Pause Remark 248M->124M(512M) 0.525ms
[2020-08-01T12:08:41.065+0300][19.109s][info ][gc] GC(500) Pause Young (Normal) (G1 Evacuation Pause) 172M->159M(512M) 31.634ms
[2020-08-01T12:08:41.070+0300][19.113s][info ][gc] GC(499) Pause Cleanup 169M->169M(512M) 0.084ms
[2020-08-01T12:08:41.070+0300][19.114s][info ][gc] GC(499) Concurrent Cycle 72.716ms
[2020-08-01T12:08:41.105+0300][19.148s][info ][gc] GC(501) Pause Young (Concurrent Start) (G1 Humongous Allocation) 192M->193M(512M) 25.701ms
[2020-08-01T12:08:41.105+0300][19.148s][info ][gc] GC(502) Concurrent Cycle
[2020-08-01T12:08:41.120+0300][19.164s][debug][gc] GC(502) Reclaimed 123 empty regions
[2020-08-01T12:08:41.120+0300][19.164s][info ][gc] GC(502) Pause Remark 246M->123M(512M) 0.504ms
[2020-08-01T12:08:41.173+0300][19.217s][info ][gc] GC(503) Pause Young (Normal) (G1 Evacuation Pause) 172M->159M(512M) 33.261ms
[2020-08-01T12:08:41.177+0300][19.221s][info ][gc] GC(502) Pause Cleanup 169M->169M(512M) 0.087ms
[2020-08-01T12:08:41.177+0300][19.221s][info ][gc] GC(502) Concurrent Cycle 72.644ms
[2020-08-01T12:08:41.212+0300][19.255s][info ][gc] GC(504) Pause Young (Concurrent Start) (G1 Humongous Allocation) 192M->194M(512M) 25.198ms
[2020-08-01T12:08:41.212+0300][19.255s][info ][gc] GC(505) Concurrent Cycle
[2020-08-01T12:08:41.231+0300][19.275s][debug][gc] GC(505) Reclaimed 124 empty regions
[2020-08-01T12:08:41.231+0300][19.275s][info ][gc] GC(505) Pause Remark 247M->123M(512M) 0.706ms
[2020-08-01T12:08:41.285+0300][19.328s][info ][gc] GC(506) Pause Young (Normal) (G1 Evacuation Pause) 172M->159M(512M) 32.261ms
[2020-08-01T12:08:41.289+0300][19.333s][info ][gc] GC(505) Pause Cleanup 168M->168M(512M) 0.136ms
[2020-08-01T12:08:41.290+0300][19.333s][info ][gc] GC(505) Concurrent Cycle 78.051ms
[2020-08-01T12:08:41.326+0300][19.370s][info ][gc] GC(507) Pause Young (Concurrent Start) (G1 Humongous Allocation) 192M->193M(512M) 26.412ms
[2020-08-01T12:08:41.326+0300][19.370s][info ][gc] GC(508) Concurrent Cycle
[2020-08-01T12:08:41.341+0300][19.385s][debug][gc] GC(508) Reclaimed 121 empty regions
[2020-08-01T12:08:41.341+0300][19.385s][info ][gc] GC(508) Pause Remark 246M->125M(512M) 0.488ms
[2020-08-01T12:08:41.393+0300][19.437s][info ][gc] GC(509) Pause Young (Normal) (G1 Evacuation Pause) 174M->161M(512M) 32.300ms
[2020-08-01T12:08:41.397+0300][19.441s][info ][gc] GC(508) Pause Cleanup 170M->170M(512M) 0.078ms
[2020-08-01T12:08:41.397+0300][19.441s][info ][gc] GC(508) Concurrent Cycle 71.625ms
[2020-08-01T12:08:41.432+0300][19.476s][info ][gc] GC(510) Pause Young (Concurrent Start) (G1 Humongous Allocation) 194M->196M(512M) 25.769ms
[2020-08-01T12:08:41.432+0300][19.476s][info ][gc] GC(511) Concurrent Cycle
[2020-08-01T12:08:41.449+0300][19.493s][debug][gc] GC(511) Reclaimed 123 empty regions
[2020-08-01T12:08:41.449+0300][19.493s][info ][gc] GC(511) Pause Remark 250M->127M(512M) 0.490ms
[2020-08-01T12:08:41.500+0300][19.544s][info ][gc] GC(512) Pause Young (Normal) (G1 Evacuation Pause) 174M->162M(512M) 31.577ms
[2020-08-01T12:08:41.505+0300][19.549s][info ][gc] GC(511) Pause Cleanup 174M->174M(512M) 0.083ms
[2020-08-01T12:08:41.506+0300][19.550s][info ][gc] GC(511) Concurrent Cycle 73.369ms
[2020-08-01T12:08:41.540+0300][19.584s][info ][gc] GC(513) Pause Young (Concurrent Start) (G1 Humongous Allocation) 196M->196M(512M) 25.699ms
[2020-08-01T12:08:41.540+0300][19.584s][info ][gc] GC(514) Concurrent Cycle
[2020-08-01T12:08:41.556+0300][19.599s][debug][gc] GC(514) Reclaimed 123 empty regions
[2020-08-01T12:08:41.556+0300][19.600s][info ][gc] GC(514) Pause Remark 249M->126M(512M) 0.538ms
[2020-08-01T12:08:41.606+0300][19.650s][info ][gc] GC(515) Pause Young (Normal) (G1 Evacuation Pause) 174M->163M(512M) 31.219ms
[2020-08-01T12:08:41.611+0300][19.655s][info ][gc] GC(514) Pause Cleanup 174M->174M(512M) 0.084ms
[2020-08-01T12:08:41.611+0300][19.655s][info ][gc] GC(514) Concurrent Cycle 71.386ms
[2020-08-01T12:08:41.646+0300][19.690s][info ][gc] GC(516) Pause Young (Concurrent Start) (G1 Humongous Allocation) 197M->198M(512M) 25.378ms
[2020-08-01T12:08:41.646+0300][19.690s][info ][gc] GC(517) Concurrent Cycle
[2020-08-01T12:08:41.665+0300][19.709s][debug][gc] GC(517) Reclaimed 125 empty regions
[2020-08-01T12:08:41.665+0300][19.709s][info ][gc] GC(517) Pause Remark 255M->130M(512M) 0.500ms
[2020-08-01T12:08:41.714+0300][19.758s][info ][gc] GC(518) Pause Young (Normal) (G1 Evacuation Pause) 174M->163M(512M) 31.489ms
[2020-08-01T12:08:41.720+0300][19.764s][info ][gc] GC(517) Pause Cleanup 177M->177M(512M) 0.085ms
[2020-08-01T12:08:41.721+0300][19.764s][info ][gc] GC(517) Concurrent Cycle 74.811ms
[2020-08-01T12:08:41.756+0300][19.800s][info ][gc] GC(519) Pause Young (Concurrent Start) (G1 Humongous Allocation) 197M->198M(512M) 27.264ms
[2020-08-01T12:08:41.756+0300][19.800s][info ][gc] GC(520) Concurrent Cycle
[2020-08-01T12:08:41.772+0300][19.816s][debug][gc] GC(520) Reclaimed 124 empty regions
[2020-08-01T12:08:41.772+0300][19.816s][info ][gc] GC(520) Pause Remark 252M->128M(512M) 0.495ms
[2020-08-01T12:08:41.823+0300][19.867s][info ][gc] GC(521) Pause Young (Normal) (G1 Evacuation Pause) 175M->162M(512M) 32.079ms
[2020-08-01T12:08:41.828+0300][19.871s][info ][gc] GC(520) Pause Cleanup 174M->174M(512M) 0.079ms
[2020-08-01T12:08:41.828+0300][19.872s][info ][gc] GC(520) Concurrent Cycle 72.392ms
[2020-08-01T12:08:41.862+0300][19.906s][info ][gc] GC(522) Pause Young (Concurrent Start) (G1 Humongous Allocation) 196M->197M(512M) 25.749ms
[2020-08-01T12:08:41.862+0300][19.906s][info ][gc] GC(523) Concurrent Cycle
[2020-08-01T12:08:41.879+0300][19.923s][debug][gc] GC(523) Reclaimed 124 empty regions
[2020-08-01T12:08:41.879+0300][19.923s][info ][gc] GC(523) Pause Remark 252M->128M(512M) 0.526ms
[2020-08-01T12:08:41.929+0300][19.973s][info ][gc] GC(524) Pause Young (Normal) (G1 Evacuation Pause) 174M->162M(512M) 31.528ms
[2020-08-01T12:08:41.935+0300][19.979s][info ][gc] GC(523) Pause Cleanup 175M->175M(512M) 0.121ms
[2020-08-01T12:08:41.936+0300][19.980s][info ][gc] GC(523) Concurrent Cycle 73.693ms
[2020-08-01T12:08:41.971+0300][20.014s][info ][gc] GC(525) Pause Young (Concurrent Start) (G1 Humongous Allocation) 196M->198M(512M) 26.689ms
[2020-08-01T12:08:41.971+0300][20.014s][info ][gc] GC(526) Concurrent Cycle
[2020-08-01T12:08:41.986+0300][20.030s][debug][gc] GC(526) Reclaimed 124 empty regions
[2020-08-01T12:08:41.986+0300][20.030s][info ][gc] GC(526) Pause Remark 251M->127M(512M) 0.508ms
[2020-08-01T12:08:42.037+0300][20.081s][info ][gc] GC(527) Pause Young (Normal) (G1 Evacuation Pause) 175M->163M(512M) 32.047ms
[2020-08-01T12:08:42.042+0300][20.086s][info ][gc] GC(526) Pause Cleanup 175M->175M(512M) 0.087ms
[2020-08-01T12:08:42.043+0300][20.086s][info ][gc] GC(526) Concurrent Cycle 72.066ms
[2020-08-01T12:08:42.077+0300][20.121s][info ][gc] GC(528) Pause Young (Concurrent Start) (G1 Humongous Allocation) 197M->199M(512M) 25.736ms
[2020-08-01T12:08:42.077+0300][20.121s][info ][gc] GC(529) Concurrent Cycle
[2020-08-01T12:08:42.094+0300][20.137s][debug][gc] GC(529) Reclaimed 125 empty regions
[2020-08-01T12:08:42.094+0300][20.137s][info ][gc] GC(529) Pause Remark 253M->128M(512M) 0.503ms
[2020-08-01T12:08:42.145+0300][20.189s][info ][gc] GC(530) Pause Young (Normal) (G1 Evacuation Pause) 174M->161M(512M) 32.486ms
[2020-08-01T12:08:42.150+0300][20.194s][info ][gc] GC(529) Pause Cleanup 173M->173M(512M) 0.088ms
[2020-08-01T12:08:42.151+0300][20.195s][info ][gc] GC(529) Concurrent Cycle 73.866ms
[2020-08-01T12:08:42.186+0300][20.229s][info ][gc] GC(531) Pause Young (Concurrent Start) (G1 Humongous Allocation) 196M->198M(512M) 26.004ms
[2020-08-01T12:08:42.186+0300][20.229s][info ][gc] GC(532) Concurrent Cycle
[2020-08-01T12:08:42.201+0300][20.245s][debug][gc] GC(532) Reclaimed 123 empty regions
[2020-08-01T12:08:42.201+0300][20.245s][info ][gc] GC(532) Pause Remark 252M->129M(512M) 0.650ms
[2020-08-01T12:08:42.262+0300][20.306s][info ][gc] GC(533) Pause Young (Normal) (G1 Evacuation Pause) 176M->164M(512M) 39.617ms
[2020-08-01T12:08:42.266+0300][20.310s][info ][gc] GC(532) Pause Cleanup 174M->174M(512M) 0.079ms
[2020-08-01T12:08:42.267+0300][20.310s][info ][gc] GC(532) Concurrent Cycle 80.962ms
[2020-08-01T12:08:42.303+0300][20.347s][info ][gc] GC(534) Pause Young (Concurrent Start) (G1 Humongous Allocation) 198M->199M(512M) 27.079ms
[2020-08-01T12:08:42.303+0300][20.347s][info ][gc] GC(535) Concurrent Cycle
[2020-08-01T12:08:42.324+0300][20.368s][debug][gc] GC(535) Reclaimed 122 empty regions
[2020-08-01T12:08:42.324+0300][20.368s][info ][gc] GC(535) Pause Remark 255M->133M(512M) 0.666ms
[2020-08-01T12:08:42.377+0300][20.421s][info ][gc] GC(536) Pause Young (Normal) (G1 Evacuation Pause) 178M->167M(512M) 34.850ms
[2020-08-01T12:08:42.383+0300][20.427s][info ][gc] GC(535) Pause Cleanup 181M->181M(512M) 0.093ms
[2020-08-01T12:08:42.384+0300][20.428s][info ][gc] GC(535) Concurrent Cycle 80.693ms
[2020-08-01T12:08:42.469+0300][20.513s][info ][gc] GC(537) Pause Young (Prepare Mixed) (G1 Evacuation Pause) 278M->278M(512M) 53.624ms
[2020-08-01T12:08:42.531+0300][20.575s][info ][gc] GC(538) Pause Young (Mixed) (G1 Evacuation Pause) 290M->263M(512M) 56.756ms
[2020-08-01T12:08:42.570+0300][20.613s][info ][gc] GC(539) Pause Young (Concurrent Start) (G1 Humongous Allocation) 308M->309M(512M) 20.689ms
[2020-08-01T12:08:42.570+0300][20.613s][info ][gc] GC(540) Concurrent Cycle
[2020-08-01T12:08:42.587+0300][20.631s][debug][gc] GC(540) Reclaimed 251 empty regions
[2020-08-01T12:08:42.587+0300][20.631s][info ][gc] GC(540) Pause Remark 365M->114M(512M) 0.524ms
[2020-08-01T12:08:42.613+0300][20.657s][info ][gc] GC(541) Pause Young (Normal) (G1 Evacuation Pause) 124M->118M(512M) 21.306ms
[2020-08-01T12:08:42.635+0300][20.679s][info ][gc] GC(540) Pause Cleanup 173M->173M(512M) 0.172ms
[2020-08-01T12:08:42.635+0300][20.679s][info ][gc] GC(540) Concurrent Cycle 65.711ms
[2020-08-01T12:08:42.676+0300][20.719s][info ][gc] GC(542) Pause Young (Concurrent Start) (G1 Humongous Allocation) 187M->188M(512M) 35.049ms
[2020-08-01T12:08:42.676+0300][20.719s][info ][gc] GC(543) Concurrent Cycle
[2020-08-01T12:08:42.701+0300][20.745s][debug][gc] GC(543) Reclaimed 103 empty regions
[2020-08-01T12:08:42.701+0300][20.745s][info ][gc] GC(543) Pause Remark 260M->157M(512M) 0.662ms
[2020-08-01T12:08:42.750+0300][20.794s][info ][gc] GC(544) Pause Young (Normal) (G1 Evacuation Pause) 189M->175M(512M) 35.971ms
[2020-08-01T12:08:42.774+0300][20.818s][info ][gc] GC(543) Pause Cleanup 247M->247M(512M) 0.089ms
[2020-08-01T12:08:42.775+0300][20.819s][info ][gc] GC(543) Concurrent Cycle 99.052ms
[2020-08-01T12:08:42.837+0300][20.881s][info ][gc] GC(545) Pause Young (Normal) (G1 Evacuation Pause) 283M->284M(512M) 48.444ms
[2020-08-01T12:08:42.885+0300][20.929s][info ][gc] GC(546) Pause Young (Concurrent Start) (G1 Evacuation Pause) 338M->340M(512M) 26.458ms
[2020-08-01T12:08:42.885+0300][20.929s][info ][gc] GC(547) Concurrent Cycle
[2020-08-01T12:08:42.922+0300][20.966s][info ][gc] GC(548) Pause Young (Normal) (G1 Evacuation Pause) 396M->398M(512M) 18.880ms
[2020-08-01T12:08:42.941+0300][20.985s][info ][gc] GC(549) Pause Young (Normal) (G1 Evacuation Pause) 417M->419M(512M) 10.486ms
[2020-08-01T12:08:42.961+0300][21.005s][info ][gc] GC(550) Pause Young (Normal) (G1 Evacuation Pause) 440M->442M(512M) 10.804ms
[2020-08-01T12:08:42.980+0300][21.024s][info ][gc] GC(551) Pause Young (Normal) (G1 Evacuation Pause) 463M->463M(512M) 9.980ms
[2020-08-01T12:08:42.999+0300][21.043s][info ][gc] GC(552) Pause Young (Normal) (G1 Evacuation Pause) 484M->486M(512M) 10.669ms
[2020-08-01T12:08:43.021+0300][21.065s][info ][gc] GC(553) To-space exhausted
[2020-08-01T12:08:43.021+0300][21.065s][info ][gc] GC(553) Pause Young (Normal) (G1 Evacuation Pause) 512M->512M(512M) 15.827ms
[2020-08-01T12:08:43.022+0300][21.066s][debug][gc] GC(554) Clear Next Bitmap 0.311ms
[2020-08-01T12:08:43.036+0300][21.080s][info ][gc] GC(554) Pause Full (G1 Evacuation Pause) 512M->27M(512M) 14.378ms
[2020-08-01T12:08:43.036+0300][21.080s][info ][gc] GC(547) Concurrent Cycle 151.213ms
[2020-08-01T12:08:43.140+0300][21.184s][info ][gc] GC(555) Pause Young (Normal) (G1 Evacuation Pause) 181M->182M(512M) 49.511ms
[2020-08-01T12:08:43.211+0300][21.255s][info ][gc] GC(556) Pause Young (Concurrent Start) (G1 Evacuation Pause) 266M->267M(512M) 37.683ms
[2020-08-01T12:08:43.211+0300][21.255s][info ][gc] GC(557) Concurrent Cycle
[2020-08-01T12:08:43.276+0300][21.320s][info ][gc] GC(558) Pause Young (Normal) (G1 Evacuation Pause) 345M->346M(512M) 27.835ms
[2020-08-01T12:08:43.307+0300][21.351s][info ][gc] GC(559) Pause Young (Normal) (G1 Evacuation Pause) 379M->380M(512M) 17.319ms
[2020-08-01T12:08:43.329+0300][21.372s][info ][gc] GC(560) Pause Young (Normal) (G1 Evacuation Pause) 402M->403M(512M) 12.036ms
[2020-08-01T12:08:43.340+0300][21.384s][debug][gc] GC(557) Reclaimed 34 empty regions
[2020-08-01T12:08:43.340+0300][21.384s][info ][gc] GC(557) Pause Remark 442M->412M(512M) 0.544ms
[2020-08-01T12:08:43.353+0300][21.397s][info ][gc] GC(561) Pause Young (Normal) (G1 Evacuation Pause) 414M->416M(512M) 12.107ms
[2020-08-01T12:08:43.376+0300][21.419s][info ][gc] GC(562) Pause Young (Normal) (G1 Evacuation Pause) 437M->438M(512M) 13.896ms
[2020-08-01T12:08:43.400+0300][21.444s][info ][gc] GC(563) Pause Young (Normal) (G1 Evacuation Pause) 459M->461M(512M) 16.057ms
[2020-08-01T12:08:43.427+0300][21.471s][info ][gc] GC(564) Pause Young (Normal) (G1 Evacuation Pause) 482M->483M(512M) 18.315ms
[2020-08-01T12:08:43.472+0300][21.516s][info ][gc] GC(565) To-space exhausted
[2020-08-01T12:08:43.472+0300][21.516s][info ][gc] GC(565) Pause Young (Normal) (G1 Evacuation Pause) 504M->510M(512M) 35.637ms
[2020-08-01T12:08:43.490+0300][21.534s][info ][gc] GC(566) To-space exhausted
[2020-08-01T12:08:43.491+0300][21.534s][info ][gc] GC(566) Pause Young (Normal) (G1 Evacuation Pause) 511M->511M(512M) 17.731ms
[2020-08-01T12:08:43.491+0300][21.535s][debug][gc] GC(567) Clear Next Bitmap 0.243ms
[2020-08-01T12:08:43.578+0300][21.621s][info ][gc] GC(567) Pause Full (G1 Evacuation Pause) 511M->119M(512M) 86.886ms
[2020-08-01T12:08:43.578+0300][21.622s][info ][gc] GC(557) Concurrent Cycle 366.448ms
[2020-08-01T12:08:43.594+0300][21.638s][info ][gc] GC(568) Pause Young (Concurrent Start) (G1 Humongous Allocation) 136M->136M(512M) 8.875ms
[2020-08-01T12:08:43.594+0300][21.638s][info ][gc] GC(569) Concurrent Cycle
[2020-08-01T12:08:43.602+0300][21.646s][debug][gc] GC(569) Reclaimed 117 empty regions
[2020-08-01T12:08:43.602+0300][21.646s][info ][gc] GC(569) Pause Remark 170M->57M(512M) 0.557ms
[2020-08-01T12:08:43.611+0300][21.654s][info ][gc] GC(569) Pause Cleanup 78M->78M(512M) 0.069ms
[2020-08-01T12:08:43.611+0300][21.655s][info ][gc] GC(569) Concurrent Cycle 17.443ms
[2020-08-01T12:08:43.674+0300][21.718s][info ][gc] GC(570) Pause Young (Normal) (G1 Evacuation Pause) 143M->129M(512M) 37.767ms
[2020-08-01T12:08:43.694+0300][21.738s][info ][gc] GC(571) Pause Young (Concurrent Start) (G1 Humongous Allocation) 145M->146M(512M) 12.602ms
[2020-08-01T12:08:43.694+0300][21.738s][info ][gc] GC(572) Concurrent Cycle
[2020-08-01T12:08:43.706+0300][21.749s][debug][gc] GC(572) Reclaimed 106 empty regions
[2020-08-01T12:08:43.706+0300][21.750s][info ][gc] GC(572) Pause Remark 188M->82M(512M) 0.583ms
[2020-08-01T12:08:43.722+0300][21.765s][info ][gc] GC(572) Pause Cleanup 122M->122M(512M) 0.065ms
[2020-08-01T12:08:43.722+0300][21.766s][info ][gc] GC(572) Concurrent Cycle 27.974ms
[2020-08-01T12:08:43.773+0300][21.817s][info ][gc] GC(573) Pause Young (Normal) (G1 Evacuation Pause) 157M->143M(512M) 37.159ms
[2020-08-01T12:08:43.793+0300][21.837s][info ][gc] GC(574) Pause Young (Concurrent Start) (G1 Humongous Allocation) 161M->162M(512M) 13.045ms
[2020-08-01T12:08:43.793+0300][21.837s][info ][gc] GC(575) Concurrent Cycle
[2020-08-01T12:08:43.805+0300][21.849s][debug][gc] GC(575) Reclaimed 122 empty regions
[2020-08-01T12:08:43.805+0300][21.849s][info ][gc] GC(575) Pause Remark 206M->84M(512M) 0.532ms
[2020-08-01T12:08:43.822+0300][21.866s][info ][gc] GC(575) Pause Cleanup 126M->126M(512M) 0.059ms
[2020-08-01T12:08:43.822+0300][21.866s][info ][gc] GC(575) Concurrent Cycle 29.145ms
[2020-08-01T12:08:43.868+0300][21.912s][info ][gc] GC(576) Pause Young (Normal) (G1 Evacuation Pause) 152M->140M(512M) 35.335ms
[2020-08-01T12:08:43.892+0300][21.936s][info ][gc] GC(577) Pause Young (Concurrent Start) (G1 Humongous Allocation) 163M->164M(512M) 15.230ms
[2020-08-01T12:08:43.892+0300][21.936s][info ][gc] GC(578) Concurrent Cycle
[2020-08-01T12:08:43.908+0300][21.951s][debug][gc] GC(578) Reclaimed 118 empty regions
[2020-08-01T12:08:43.908+0300][21.951s][info ][gc] GC(578) Pause Remark 211M->93M(512M) 0.511ms
[2020-08-01T12:08:43.926+0300][21.970s][info ][gc] GC(578) Pause Cleanup 140M->140M(512M) 0.062ms
[2020-08-01T12:08:43.927+0300][21.971s][info ][gc] GC(578) Concurrent Cycle 34.691ms
[2020-08-01T12:08:43.968+0300][22.012s][info ][gc] GC(579) Pause Young (Normal) (G1 Evacuation Pause) 157M->143M(512M) 35.094ms
[2020-08-01T12:08:43.993+0300][22.037s][info ][gc] GC(580) Pause Young (Concurrent Start) (G1 Humongous Allocation) 167M->168M(512M) 15.341ms
[2020-08-01T12:08:43.993+0300][22.037s][info ][gc] GC(581) Concurrent Cycle
[2020-08-01T12:08:44.007+0300][22.051s][debug][gc] GC(581) Reclaimed 122 empty regions
[2020-08-01T12:08:44.008+0300][22.051s][info ][gc] GC(581) Pause Remark 214M->92M(512M) 0.533ms
[2020-08-01T12:08:44.027+0300][22.071s][info ][gc] GC(581) Pause Cleanup 141M->141M(512M) 0.065ms
[2020-08-01T12:08:44.028+0300][22.072s][info ][gc] GC(581) Concurrent Cycle 34.535ms
[2020-08-01T12:08:44.069+0300][22.113s][info ][gc] GC(582) Pause Young (Normal) (G1 Evacuation Pause) 156M->143M(512M) 35.350ms
[2020-08-01T12:08:44.095+0300][22.139s][info ][gc] GC(583) Pause Young (Concurrent Start) (G1 Humongous Allocation) 168M->170M(512M) 15.985ms
[2020-08-01T12:08:44.095+0300][22.139s][info ][gc] GC(584) Concurrent Cycle
[2020-08-01T12:08:44.111+0300][22.155s][debug][gc] GC(584) Reclaimed 123 empty regions
[2020-08-01T12:08:44.111+0300][22.155s][info ][gc] GC(584) Pause Remark 218M->95M(512M) 0.535ms
[2020-08-01T12:08:44.131+0300][22.175s][info ][gc] GC(584) Pause Cleanup 145M->145M(512M) 0.066ms
[2020-08-01T12:08:44.132+0300][22.176s][info ][gc] GC(584) Concurrent Cycle 37.093ms
[2020-08-01T12:08:44.174+0300][22.218s][info ][gc] GC(585) Pause Young (Normal) (G1 Evacuation Pause) 157M->144M(512M) 37.247ms
[2020-08-01T12:08:44.200+0300][22.244s][info ][gc] GC(586) Pause Young (Concurrent Start) (G1 Humongous Allocation) 169M->170M(512M) 16.264ms
[2020-08-01T12:08:44.200+0300][22.244s][info ][gc] GC(587) Concurrent Cycle
[2020-08-01T12:08:44.214+0300][22.258s][debug][gc] GC(587) Reclaimed 124 empty regions
[2020-08-01T12:08:44.214+0300][22.258s][info ][gc] GC(587) Pause Remark 217M->93M(512M) 0.556ms
[2020-08-01T12:08:44.235+0300][22.279s][info ][gc] GC(587) Pause Cleanup 111M->111M(512M) 0.141ms
[2020-08-01T12:08:44.236+0300][22.280s][info ][gc] GC(587) Concurrent Cycle 35.701ms
[2020-08-01T12:08:44.301+0300][22.345s][info ][gc] GC(588) Pause Young (Normal) (G1 Evacuation Pause) 156M->143M(512M) 47.323ms
[2020-08-01T12:08:44.330+0300][22.374s][info ][gc] GC(589) Pause Young (Concurrent Start) (G1 Humongous Allocation) 169M->170M(512M) 18.010ms
[2020-08-01T12:08:44.331+0300][22.374s][info ][gc] GC(590) Concurrent Cycle
[2020-08-01T12:08:44.346+0300][22.390s][debug][gc] GC(590) Reclaimed 121 empty regions
[2020-08-01T12:08:44.346+0300][22.390s][info ][gc] GC(590) Pause Remark 219M->98M(512M) 0.579ms
[2020-08-01T12:08:44.367+0300][22.410s][info ][gc] GC(590) Pause Cleanup 143M->143M(512M) 0.106ms
[2020-08-01T12:08:44.368+0300][22.411s][info ][gc] GC(590) Concurrent Cycle 36.992ms
[2020-08-01T12:08:44.412+0300][22.456s][info ][gc] GC(591) Pause Young (Normal) (G1 Evacuation Pause) 159M->146M(512M) 38.636ms
[2020-08-01T12:08:44.438+0300][22.482s][info ][gc] GC(592) Pause Young (Concurrent Start) (G1 Humongous Allocation) 171M->171M(512M) 15.675ms
[2020-08-01T12:08:44.438+0300][22.482s][info ][gc] GC(593) Concurrent Cycle
[2020-08-01T12:08:44.452+0300][22.496s][debug][gc] GC(593) Reclaimed 120 empty regions
[2020-08-01T12:08:44.452+0300][22.496s][info ][gc] GC(593) Pause Remark 219M->99M(512M) 0.611ms
[2020-08-01T12:08:44.472+0300][22.516s][info ][gc] GC(593) Pause Cleanup 150M->150M(512M) 0.079ms
[2020-08-01T12:08:44.473+0300][22.516s][info ][gc] GC(593) Concurrent Cycle 34.703ms
[2020-08-01T12:08:44.511+0300][22.555s][info ][gc] GC(594) Pause Young (Normal) (G1 Evacuation Pause) 160M->148M(512M) 34.788ms
[2020-08-01T12:08:44.538+0300][22.582s][info ][gc] GC(595) Pause Young (Concurrent Start) (G1 Humongous Allocation) 174M->175M(512M) 16.178ms
[2020-08-01T12:08:44.538+0300][22.582s][info ][gc] GC(596) Concurrent Cycle
[2020-08-01T12:08:44.552+0300][22.595s][debug][gc] GC(596) Reclaimed 122 empty regions
[2020-08-01T12:08:44.552+0300][22.595s][info ][gc] GC(596) Pause Remark 223M->101M(512M) 0.595ms
[2020-08-01T12:08:44.572+0300][22.616s][info ][gc] GC(596) Pause Cleanup 152M->152M(512M) 0.066ms
[2020-08-01T12:08:44.573+0300][22.617s][info ][gc] GC(596) Concurrent Cycle 34.833ms
[2020-08-01T12:08:44.609+0300][22.653s][info ][gc] GC(597) Pause Young (Normal) (G1 Evacuation Pause) 161M->148M(512M) 32.577ms
[2020-08-01T12:08:44.635+0300][22.678s][info ][gc] GC(598) Pause Young (Concurrent Start) (G1 Humongous Allocation) 175M->176M(512M) 15.359ms
[2020-08-01T12:08:44.635+0300][22.679s][info ][gc] GC(599) Concurrent Cycle
[2020-08-01T12:08:44.651+0300][22.695s][debug][gc] GC(599) Reclaimed 123 empty regions
[2020-08-01T12:08:44.651+0300][22.695s][info ][gc] GC(599) Pause Remark 228M->105M(512M) 0.569ms
[2020-08-01T12:08:44.672+0300][22.716s][info ][gc] GC(599) Pause Cleanup 159M->159M(512M) 0.064ms
[2020-08-01T12:08:44.673+0300][22.716s][info ][gc] GC(599) Concurrent Cycle 37.830ms
[2020-08-01T12:08:44.706+0300][22.750s][info ][gc] GC(600) Pause Young (Normal) (G1 Evacuation Pause) 161M->148M(512M) 33.189ms
[2020-08-01T12:08:44.735+0300][22.779s][info ][gc] GC(601) Pause Young (Concurrent Start) (G1 Humongous Allocation) 175M->176M(512M) 17.861ms
[2020-08-01T12:08:44.735+0300][22.779s][info ][gc] GC(602) Concurrent Cycle
[2020-08-01T12:08:44.750+0300][22.794s][debug][gc] GC(602) Reclaimed 123 empty regions
[2020-08-01T12:08:44.750+0300][22.794s][info ][gc] GC(602) Pause Remark 225M->102M(512M) 0.629ms
[2020-08-01T12:08:44.772+0300][22.815s][info ][gc] GC(602) Pause Cleanup 155M->155M(512M) 0.082ms
[2020-08-01T12:08:44.772+0300][22.816s][info ][gc] GC(602) Concurrent Cycle 36.936ms
[2020-08-01T12:08:44.810+0300][22.854s][info ][gc] GC(603) Pause Young (Normal) (G1 Evacuation Pause) 161M->149M(512M) 35.811ms
[2020-08-01T12:08:44.839+0300][22.883s][info ][gc] GC(604) Pause Young (Concurrent Start) (G1 Humongous Allocation) 176M->177M(512M) 18.164ms
[2020-08-01T12:08:44.839+0300][22.883s][info ][gc] GC(605) Concurrent Cycle
[2020-08-01T12:08:44.854+0300][22.898s][debug][gc] GC(605) Reclaimed 123 empty regions
[2020-08-01T12:08:44.854+0300][22.898s][info ][gc] GC(605) Pause Remark 226M->103M(512M) 0.675ms
[2020-08-01T12:08:44.876+0300][22.920s][info ][gc] GC(605) Pause Cleanup 157M->157M(512M) 0.074ms
[2020-08-01T12:08:44.877+0300][22.921s][info ][gc] GC(605) Concurrent Cycle 37.793ms
[2020-08-01T12:08:44.915+0300][22.959s][info ][gc] GC(606) Pause Young (Normal) (G1 Evacuation Pause) 162M->149M(512M) 36.489ms
[2020-08-01T12:08:44.944+0300][22.988s][info ][gc] GC(607) Pause Young (Concurrent Start) (G1 Humongous Allocation) 176M->178M(512M) 18.424ms
[2020-08-01T12:08:44.944+0300][22.988s][info ][gc] GC(608) Concurrent Cycle
[2020-08-01T12:08:44.960+0300][23.004s][debug][gc] GC(608) Reclaimed 124 empty regions
[2020-08-01T12:08:44.960+0300][23.004s][info ][gc] GC(608) Pause Remark 228M->104M(512M) 0.577ms
[2020-08-01T12:08:44.982+0300][23.025s][info ][gc] GC(608) Pause Cleanup 155M->155M(512M) 0.073ms
[2020-08-01T12:08:44.982+0300][23.026s][info ][gc] GC(608) Concurrent Cycle 37.644ms
[2020-08-01T12:08:45.022+0300][23.066s][info ][gc] GC(609) Pause Young (Normal) (G1 Evacuation Pause) 161M->148M(512M) 38.129ms
[2020-08-01T12:08:45.052+0300][23.096s][info ][gc] GC(610) Pause Young (Concurrent Start) (G1 Humongous Allocation) 176M->176M(512M) 18.056ms
[2020-08-01T12:08:45.052+0300][23.096s][info ][gc] GC(611) Concurrent Cycle
[2020-08-01T12:08:45.067+0300][23.110s][debug][gc] GC(611) Reclaimed 122 empty regions
[2020-08-01T12:08:45.067+0300][23.110s][info ][gc] GC(611) Pause Remark 226M->104M(512M) 0.558ms
[2020-08-01T12:08:45.088+0300][23.132s][info ][gc] GC(611) Pause Cleanup 158M->158M(512M) 0.071ms
[2020-08-01T12:08:45.089+0300][23.133s][info ][gc] GC(611) Concurrent Cycle 37.202ms
[2020-08-01T12:08:45.128+0300][23.171s][info ][gc] GC(612) Pause Young (Normal) (G1 Evacuation Pause) 162M->149M(512M) 37.026ms
[2020-08-01T12:08:45.156+0300][23.200s][info ][gc] GC(613) Pause Young (Concurrent Start) (G1 Humongous Allocation) 176M->178M(512M) 17.373ms
[2020-08-01T12:08:45.156+0300][23.200s][info ][gc] GC(614) Concurrent Cycle
[2020-08-01T12:08:45.173+0300][23.217s][debug][gc] GC(614) Reclaimed 124 empty regions
[2020-08-01T12:08:45.173+0300][23.217s][info ][gc] GC(614) Pause Remark 228M->104M(512M) 0.535ms
[2020-08-01T12:08:45.195+0300][23.238s][info ][gc] GC(614) Pause Cleanup 152M->152M(512M) 0.079ms
[2020-08-01T12:08:45.195+0300][23.239s][info ][gc] GC(614) Concurrent Cycle 39.099ms
[2020-08-01T12:08:45.235+0300][23.278s][info ][gc] GC(615) Pause Young (Normal) (G1 Evacuation Pause) 161M->148M(512M) 36.120ms
[2020-08-01T12:08:45.266+0300][23.310s][info ][gc] GC(616) Pause Young (Concurrent Start) (G1 Humongous Allocation) 176M->177M(512M) 19.429ms
[2020-08-01T12:08:45.266+0300][23.310s][info ][gc] GC(617) Concurrent Cycle
[2020-08-01T12:08:45.283+0300][23.326s][debug][gc] GC(617) Reclaimed 122 empty regions
[2020-08-01T12:08:45.283+0300][23.326s][info ][gc] GC(617) Pause Remark 228M->106M(512M) 0.572ms
[2020-08-01T12:08:45.305+0300][23.348s][info ][gc] GC(617) Pause Cleanup 160M->160M(512M) 0.081ms
[2020-08-01T12:08:45.305+0300][23.349s][info ][gc] GC(617) Concurrent Cycle 38.786ms
[2020-08-01T12:08:45.342+0300][23.386s][info ][gc] GC(618) Pause Young (Normal) (G1 Evacuation Pause) 163M->150M(512M) 36.432ms
[2020-08-01T12:08:45.370+0300][23.414s][info ][gc] GC(619) Pause Young (Concurrent Start) (G1 Humongous Allocation) 177M->178M(512M) 16.957ms
[2020-08-01T12:08:45.370+0300][23.414s][info ][gc] GC(620) Concurrent Cycle
[2020-08-01T12:08:45.387+0300][23.431s][debug][gc] GC(620) Reclaimed 125 empty regions
[2020-08-01T12:08:45.387+0300][23.431s][info ][gc] GC(620) Pause Remark 227M->102M(512M) 0.522ms
[2020-08-01T12:08:45.409+0300][23.452s][info ][gc] GC(620) Pause Cleanup 155M->155M(512M) 0.084ms
[2020-08-01T12:08:45.409+0300][23.453s][info ][gc] GC(620) Concurrent Cycle 39.129ms
[2020-08-01T12:08:45.445+0300][23.489s][info ][gc] GC(621) Pause Young (Normal) (G1 Evacuation Pause) 160M->148M(512M) 34.339ms
[2020-08-01T12:08:45.475+0300][23.518s][info ][gc] GC(622) Pause Young (Concurrent Start) (G1 Humongous Allocation) 176M->177M(512M) 17.745ms
[2020-08-01T12:08:45.475+0300][23.518s][info ][gc] GC(623) Concurrent Cycle
[2020-08-01T12:08:45.489+0300][23.533s][debug][gc] GC(623) Reclaimed 123 empty regions
[2020-08-01T12:08:45.489+0300][23.533s][info ][gc] GC(623) Pause Remark 227M->104M(512M) 0.511ms
[2020-08-01T12:08:45.511+0300][23.555s][info ][gc] GC(623) Pause Cleanup 158M->158M(512M) 0.066ms
[2020-08-01T12:08:45.511+0300][23.555s][info ][gc] GC(623) Concurrent Cycle 36.528ms
[2020-08-01T12:08:45.551+0300][23.595s][info ][gc] GC(624) Pause Young (Normal) (G1 Evacuation Pause) 162M->149M(512M) 38.012ms
[2020-08-01T12:08:45.580+0300][23.624s][info ][gc] GC(625) Pause Young (Concurrent Start) (G1 Humongous Allocation) 176M->177M(512M) 18.761ms
[2020-08-01T12:08:45.580+0300][23.624s][info ][gc] GC(626) Concurrent Cycle
[2020-08-01T12:08:45.595+0300][23.639s][debug][gc] GC(626) Reclaimed 124 empty regions
[2020-08-01T12:08:45.595+0300][23.639s][info ][gc] GC(626) Pause Remark 226M->102M(512M) 0.623ms
[2020-08-01T12:08:45.617+0300][23.661s][info ][gc] GC(626) Pause Cleanup 154M->154M(512M) 0.073ms
[2020-08-01T12:08:45.617+0300][23.661s][info ][gc] GC(626) Concurrent Cycle 36.968ms
[2020-08-01T12:08:45.659+0300][23.703s][info ][gc] GC(627) Pause Young (Normal) (G1 Evacuation Pause) 161M->149M(512M) 38.585ms
[2020-08-01T12:08:45.688+0300][23.732s][info ][gc] GC(628) Pause Young (Concurrent Start) (G1 Humongous Allocation) 176M->177M(512M) 16.844ms
[2020-08-01T12:08:45.688+0300][23.732s][info ][gc] GC(629) Concurrent Cycle
[2020-08-01T12:08:45.702+0300][23.746s][debug][gc] GC(629) Reclaimed 123 empty regions
[2020-08-01T12:08:45.702+0300][23.746s][info ][gc] GC(629) Pause Remark 227M->104M(512M) 0.582ms
[2020-08-01T12:08:45.724+0300][23.768s][info ][gc] GC(629) Pause Cleanup 157M->157M(512M) 0.077ms
[2020-08-01T12:08:45.725+0300][23.769s][info ][gc] GC(629) Concurrent Cycle 36.861ms
[2020-08-01T12:08:45.763+0300][23.806s][info ][gc] GC(630) Pause Young (Normal) (G1 Evacuation Pause) 162M->149M(512M) 36.070ms
[2020-08-01T12:08:45.791+0300][23.834s][info ][gc] GC(631) Pause Young (Concurrent Start) (G1 Humongous Allocation) 176M->178M(512M) 17.195ms
[2020-08-01T12:08:45.791+0300][23.834s][info ][gc] GC(632) Concurrent Cycle
[2020-08-01T12:08:45.805+0300][23.849s][debug][gc] GC(632) Reclaimed 124 empty regions
[2020-08-01T12:08:45.805+0300][23.849s][info ][gc] GC(632) Pause Remark 227M->103M(512M) 0.576ms
[2020-08-01T12:08:45.826+0300][23.870s][info ][gc] GC(632) Pause Cleanup 155M->155M(512M) 0.066ms
[2020-08-01T12:08:45.827+0300][23.870s][info ][gc] GC(632) Concurrent Cycle 35.966ms
[2020-08-01T12:08:45.866+0300][23.910s][info ][gc] GC(633) Pause Young (Normal) (G1 Evacuation Pause) 161M->148M(512M) 37.542ms
[2020-08-01T12:08:45.895+0300][23.939s][info ][gc] GC(634) Pause Young (Concurrent Start) (G1 Humongous Allocation) 176M->177M(512M) 17.472ms
[2020-08-01T12:08:45.895+0300][23.939s][info ][gc] GC(635) Concurrent Cycle
[2020-08-01T12:08:45.910+0300][23.954s][debug][gc] GC(635) Reclaimed 122 empty regions
[2020-08-01T12:08:45.910+0300][23.954s][info ][gc] GC(635) Pause Remark 227M->105M(512M) 0.548ms
[2020-08-01T12:08:45.932+0300][23.976s][info ][gc] GC(635) Pause Cleanup 159M->159M(512M) 0.075ms
[2020-08-01T12:08:45.932+0300][23.976s][info ][gc] GC(635) Concurrent Cycle 37.020ms
[2020-08-01T12:08:45.967+0300][24.011s][info ][gc] GC(636) Pause Young (Normal) (G1 Evacuation Pause) 163M->150M(512M) 33.292ms
[2020-08-01T12:08:45.995+0300][24.038s][info ][gc] GC(637) Pause Young (Concurrent Start) (G1 Humongous Allocation) 177M->179M(512M) 17.160ms
[2020-08-01T12:08:45.995+0300][24.038s][info ][gc] GC(638) Concurrent Cycle
[2020-08-01T12:08:46.009+0300][24.052s][debug][gc] GC(638) Reclaimed 125 empty regions
[2020-08-01T12:08:46.009+0300][24.052s][info ][gc] GC(638) Pause Remark 228M->103M(512M) 0.506ms
[2020-08-01T12:08:46.030+0300][24.074s][info ][gc] GC(638) Pause Cleanup 155M->155M(512M) 0.068ms
[2020-08-01T12:08:46.030+0300][24.074s][info ][gc] GC(638) Concurrent Cycle 35.730ms
[2020-08-01T12:08:46.066+0300][24.110s][info ][gc] GC(639) Pause Young (Normal) (G1 Evacuation Pause) 161M->148M(512M) 33.396ms
[2020-08-01T12:08:46.095+0300][24.139s][info ][gc] GC(640) Pause Young (Concurrent Start) (G1 Humongous Allocation) 176M->177M(512M) 18.281ms
[2020-08-01T12:08:46.095+0300][24.139s][info ][gc] GC(641) Concurrent Cycle
[2020-08-01T12:08:46.111+0300][24.155s][debug][gc] GC(641) Reclaimed 122 empty regions
[2020-08-01T12:08:46.111+0300][24.155s][info ][gc] GC(641) Pause Remark 228M->106M(512M) 0.493ms
[2020-08-01T12:08:46.132+0300][24.176s][info ][gc] GC(641) Pause Cleanup 159M->159M(512M) 0.071ms
[2020-08-01T12:08:46.133+0300][24.177s][info ][gc] GC(641) Concurrent Cycle 37.390ms
[2020-08-01T12:08:46.169+0300][24.213s][info ][gc] GC(642) Pause Young (Normal) (G1 Evacuation Pause) 163M->150M(512M) 35.011ms
[2020-08-01T12:08:46.197+0300][24.241s][info ][gc] GC(643) Pause Young (Concurrent Start) (G1 Humongous Allocation) 177M->177M(512M) 17.107ms
[2020-08-01T12:08:46.197+0300][24.241s][info ][gc] GC(644) Concurrent Cycle
[2020-08-01T12:08:46.212+0300][24.256s][debug][gc] GC(644) Reclaimed 124 empty regions
[2020-08-01T12:08:46.212+0300][24.256s][info ][gc] GC(644) Pause Remark 226M->102M(512M) 0.547ms
[2020-08-01T12:08:46.233+0300][24.277s][info ][gc] GC(644) Pause Cleanup 154M->154M(512M) 0.081ms
[2020-08-01T12:08:46.234+0300][24.278s][info ][gc] GC(644) Concurrent Cycle 37.117ms
[2020-08-01T12:08:46.270+0300][24.313s][info ][gc] GC(645) Pause Young (Normal) (G1 Evacuation Pause) 161M->148M(512M) 32.636ms
[2020-08-01T12:08:46.297+0300][24.341s][info ][gc] GC(646) Pause Young (Concurrent Start) (G1 Humongous Allocation) 175M->176M(512M) 16.729ms
[2020-08-01T12:08:46.297+0300][24.341s][info ][gc] GC(647) Concurrent Cycle
[2020-08-01T12:08:46.313+0300][24.357s][debug][gc] GC(647) Reclaimed 123 empty regions
[2020-08-01T12:08:46.313+0300][24.357s][info ][gc] GC(647) Pause Remark 225M->102M(512M) 0.529ms
[2020-08-01T12:08:46.334+0300][24.378s][info ][gc] GC(647) Pause Cleanup 156M->156M(512M) 0.072ms
[2020-08-01T12:08:46.335+0300][24.378s][info ][gc] GC(647) Concurrent Cycle 37.488ms
[2020-08-01T12:08:46.369+0300][24.413s][info ][gc] GC(648) Pause Young (Normal) (G1 Evacuation Pause) 161M->148M(512M) 32.868ms
[2020-08-01T12:08:46.397+0300][24.441s][info ][gc] GC(649) Pause Young (Concurrent Start) (G1 Humongous Allocation) 175M->177M(512M) 16.274ms
[2020-08-01T12:08:46.397+0300][24.441s][info ][gc] GC(650) Concurrent Cycle
[2020-08-01T12:08:46.411+0300][24.455s][debug][gc] GC(650) Reclaimed 123 empty regions
[2020-08-01T12:08:46.411+0300][24.455s][info ][gc] GC(650) Pause Remark 226M->103M(512M) 0.534ms
[2020-08-01T12:08:46.432+0300][24.476s][info ][gc] GC(650) Pause Cleanup 157M->157M(512M) 0.070ms
[2020-08-01T12:08:46.433+0300][24.476s][info ][gc] GC(650) Concurrent Cycle 35.866ms
[2020-08-01T12:08:46.468+0300][24.512s][info ][gc] GC(651) Pause Young (Normal) (G1 Evacuation Pause) 161M->148M(512M) 33.599ms
[2020-08-01T12:08:46.494+0300][24.538s][info ][gc] GC(652) Pause Young (Concurrent Start) (G1 Humongous Allocation) 176M->177M(512M) 15.728ms
[2020-08-01T12:08:46.494+0300][24.538s][info ][gc] GC(653) Concurrent Cycle
[2020-08-01T12:08:46.510+0300][24.554s][debug][gc] GC(653) Reclaimed 122 empty regions
[2020-08-01T12:08:46.510+0300][24.554s][info ][gc] GC(653) Pause Remark 228M->106M(512M) 0.504ms
[2020-08-01T12:08:46.532+0300][24.576s][info ][gc] GC(653) Pause Cleanup 160M->160M(512M) 0.065ms
[2020-08-01T12:08:46.532+0300][24.576s][info ][gc] GC(653) Concurrent Cycle 37.895ms
[2020-08-01T12:08:46.566+0300][24.609s][info ][gc] GC(654) Pause Young (Normal) (G1 Evacuation Pause) 162M->150M(512M) 32.609ms
[2020-08-01T12:08:46.594+0300][24.638s][info ][gc] GC(655) Pause Young (Concurrent Start) (G1 Humongous Allocation) 178M->179M(512M) 17.025ms
[2020-08-01T12:08:46.594+0300][24.638s][info ][gc] GC(656) Concurrent Cycle
[2020-08-01T12:08:46.609+0300][24.653s][debug][gc] GC(656) Reclaimed 124 empty regions
[2020-08-01T12:08:46.609+0300][24.653s][info ][gc] GC(656) Pause Remark 231M->107M(512M) 0.507ms
[2020-08-01T12:08:46.631+0300][24.675s][info ][gc] GC(656) Pause Cleanup 162M->162M(512M) 0.070ms
[2020-08-01T12:08:46.665+0300][24.709s][info ][gc] GC(657) Pause Young (Normal) (G1 Evacuation Pause) 162M->149M(512M) 33.318ms
[2020-08-01T12:08:46.666+0300][24.710s][info ][gc] GC(656) Concurrent Cycle 72.279ms
[2020-08-01T12:08:46.695+0300][24.739s][info ][gc] GC(658) Pause Young (Concurrent Start) (G1 Humongous Allocation) 177M->178M(512M) 18.319ms
[2020-08-01T12:08:46.695+0300][24.739s][info ][gc] GC(659) Concurrent Cycle
[2020-08-01T12:08:46.710+0300][24.753s][debug][gc] GC(659) Reclaimed 123 empty regions
[2020-08-01T12:08:46.710+0300][24.753s][info ][gc] GC(659) Pause Remark 228M->105M(512M) 0.510ms
[2020-08-01T12:08:46.731+0300][24.775s][info ][gc] GC(659) Pause Cleanup 160M->160M(512M) 0.072ms
[2020-08-01T12:08:46.732+0300][24.775s][info ][gc] GC(659) Concurrent Cycle 36.422ms
[2020-08-01T12:08:46.768+0300][24.812s][info ][gc] GC(660) Pause Young (Normal) (G1 Evacuation Pause) 162M->149M(512M) 35.567ms
[2020-08-01T12:08:46.796+0300][24.840s][info ][gc] GC(661) Pause Young (Concurrent Start) (G1 Humongous Allocation) 177M->178M(512M) 16.794ms
[2020-08-01T12:08:46.796+0300][24.840s][info ][gc] GC(662) Concurrent Cycle
[2020-08-01T12:08:46.811+0300][24.855s][debug][gc] GC(662) Reclaimed 123 empty regions
[2020-08-01T12:08:46.811+0300][24.855s][info ][gc] GC(662) Pause Remark 228M->105M(512M) 0.538ms
[2020-08-01T12:08:46.833+0300][24.876s][info ][gc] GC(662) Pause Cleanup 159M->159M(512M) 0.071ms
[2020-08-01T12:08:46.833+0300][24.877s][info ][gc] GC(662) Concurrent Cycle 36.743ms
[2020-08-01T12:08:46.872+0300][24.916s][info ][gc] GC(663) Pause Young (Normal) (G1 Evacuation Pause) 162M->149M(512M) 37.753ms
[2020-08-01T12:08:46.903+0300][24.947s][info ][gc] GC(664) Pause Young (Concurrent Start) (G1 Humongous Allocation) 177M->178M(512M) 19.741ms
[2020-08-01T12:08:46.903+0300][24.947s][info ][gc] GC(665) Concurrent Cycle
[2020-08-01T12:08:46.918+0300][24.961s][debug][gc] GC(665) Reclaimed 123 empty regions
[2020-08-01T12:08:46.918+0300][24.961s][info ][gc] GC(665) Pause Remark 228M->105M(512M) 0.589ms
[2020-08-01T12:08:46.939+0300][24.983s][info ][gc] GC(665) Pause Cleanup 160M->160M(512M) 0.075ms
[2020-08-01T12:08:46.940+0300][24.984s][info ][gc] GC(665) Concurrent Cycle 36.613ms
[2020-08-01T12:08:46.973+0300][25.016s][info ][gc] GC(666) Pause Young (Normal) (G1 Evacuation Pause) 162M->149M(512M) 32.263ms
[2020-08-01T12:08:47.002+0300][25.046s][info ][gc] GC(667) Pause Young (Concurrent Start) (G1 Humongous Allocation) 177M->178M(512M) 18.166ms
[2020-08-01T12:08:47.002+0300][25.046s][info ][gc] GC(668) Concurrent Cycle
[2020-08-01T12:08:47.017+0300][25.061s][debug][gc] GC(668) Reclaimed 124 empty regions
[2020-08-01T12:08:47.017+0300][25.061s][info ][gc] GC(668) Pause Remark 228M->104M(512M) 0.535ms
[2020-08-01T12:08:47.039+0300][25.083s][info ][gc] GC(668) Pause Cleanup 157M->157M(512M) 0.068ms
[2020-08-01T12:08:47.040+0300][25.083s][info ][gc] GC(668) Concurrent Cycle 37.571ms
[2020-08-01T12:08:47.077+0300][25.121s][info ][gc] GC(669) Pause Young (Normal) (G1 Evacuation Pause) 161M->149M(512M) 36.324ms
[2020-08-01T12:08:47.109+0300][25.152s][info ][gc] GC(670) Pause Young (Concurrent Start) (G1 Humongous Allocation) 177M->178M(512M) 20.171ms
[2020-08-01T12:08:47.109+0300][25.152s][info ][gc] GC(671) Concurrent Cycle
[2020-08-01T12:08:47.124+0300][25.168s][debug][gc] GC(671) Reclaimed 123 empty regions
[2020-08-01T12:08:47.124+0300][25.168s][info ][gc] GC(671) Pause Remark 228M->105M(512M) 0.549ms
[2020-08-01T12:08:47.145+0300][25.189s][info ][gc] GC(671) Pause Cleanup 158M->158M(512M) 0.072ms
[2020-08-01T12:08:47.146+0300][25.190s][info ][gc] GC(671) Concurrent Cycle 37.167ms
[2020-08-01T12:08:47.181+0300][25.225s][info ][gc] GC(672) Pause Young (Normal) (G1 Evacuation Pause) 162M->150M(512M) 34.288ms
[2020-08-01T12:08:47.211+0300][25.255s][info ][gc] GC(673) Pause Young (Concurrent Start) (G1 Humongous Allocation) 178M->179M(512M) 18.206ms
[2020-08-01T12:08:47.211+0300][25.255s][info ][gc] GC(674) Concurrent Cycle
[2020-08-01T12:08:47.227+0300][25.271s][debug][gc] GC(674) Reclaimed 124 empty regions
[2020-08-01T12:08:47.227+0300][25.271s][info ][gc] GC(674) Pause Remark 223M->99M(512M) 0.578ms
[2020-08-01T12:08:47.250+0300][25.293s][info ][gc] GC(674) Pause Cleanup 147M->147M(512M) 0.079ms
[2020-08-01T12:08:47.250+0300][25.294s][info ][gc] GC(674) Concurrent Cycle 39.365ms
[2020-08-01T12:08:47.293+0300][25.337s][info ][gc] GC(675) Pause Young (Normal) (G1 Evacuation Pause) 162M->148M(512M) 36.759ms
[2020-08-01T12:08:47.323+0300][25.366s][info ][gc] GC(676) Pause Young (Concurrent Start) (G1 Humongous Allocation) 176M->177M(512M) 18.137ms
[2020-08-01T12:08:47.323+0300][25.367s][info ][gc] GC(677) Concurrent Cycle
[2020-08-01T12:08:47.338+0300][25.382s][debug][gc] GC(677) Reclaimed 121 empty regions
[2020-08-01T12:08:47.338+0300][25.382s][info ][gc] GC(677) Pause Remark 227M->106M(512M) 0.587ms
[2020-08-01T12:08:47.360+0300][25.404s][info ][gc] GC(677) Pause Cleanup 161M->161M(512M) 0.075ms
[2020-08-01T12:08:47.361+0300][25.404s][info ][gc] GC(677) Concurrent Cycle 37.933ms
[2020-08-01T12:08:47.397+0300][25.440s][info ][gc] GC(678) Pause Young (Normal) (G1 Evacuation Pause) 164M->152M(512M) 34.947ms
[2020-08-01T12:08:47.425+0300][25.468s][info ][gc] GC(679) Pause Young (Concurrent Start) (G1 Humongous Allocation) 179M->180M(512M) 16.386ms
[2020-08-01T12:08:47.425+0300][25.469s][info ][gc] GC(680) Concurrent Cycle
[2020-08-01T12:08:47.439+0300][25.483s][debug][gc] GC(680) Reclaimed 123 empty regions
[2020-08-01T12:08:47.439+0300][25.483s][info ][gc] GC(680) Pause Remark 229M->106M(512M) 0.507ms
[2020-08-01T12:08:47.460+0300][25.504s][info ][gc] GC(680) Pause Cleanup 159M->159M(512M) 0.082ms
[2020-08-01T12:08:47.460+0300][25.504s][info ][gc] GC(680) Concurrent Cycle 35.636ms
[2020-08-01T12:08:47.494+0300][25.538s][info ][gc] GC(681) Pause Young (Normal) (G1 Evacuation Pause) 163M->150M(512M) 32.553ms
[2020-08-01T12:08:47.523+0300][25.567s][info ][gc] GC(682) Pause Young (Concurrent Start) (G1 Humongous Allocation) 179M->180M(512M) 17.094ms
[2020-08-01T12:08:47.523+0300][25.567s][info ][gc] GC(683) Concurrent Cycle
[2020-08-01T12:08:47.538+0300][25.582s][debug][gc] GC(683) Reclaimed 121 empty regions
[2020-08-01T12:08:47.538+0300][25.582s][info ][gc] GC(683) Pause Remark 230M->109M(512M) 0.577ms
[2020-08-01T12:08:47.561+0300][25.604s][info ][gc] GC(683) Pause Cleanup 166M->166M(512M) 0.079ms
[2020-08-01T12:08:47.593+0300][25.637s][info ][gc] GC(684) Pause Young (Normal) (G1 Evacuation Pause) 166M->153M(512M) 32.402ms
[2020-08-01T12:08:47.594+0300][25.638s][info ][gc] GC(683) Concurrent Cycle 70.925ms
[2020-08-01T12:08:47.621+0300][25.665s][info ][gc] GC(685) Pause Young (Concurrent Start) (G1 Humongous Allocation) 181M->182M(512M) 16.236ms
[2020-08-01T12:08:47.621+0300][25.665s][info ][gc] GC(686) Concurrent Cycle
[2020-08-01T12:08:47.636+0300][25.680s][debug][gc] GC(686) Reclaimed 124 empty regions
[2020-08-01T12:08:47.636+0300][25.680s][info ][gc] GC(686) Pause Remark 234M->110M(512M) 0.652ms
[2020-08-01T12:08:47.659+0300][25.703s][info ][gc] GC(686) Pause Cleanup 164M->164M(512M) 0.072ms
[2020-08-01T12:08:47.694+0300][25.738s][info ][gc] GC(687) Pause Young (Normal) (G1 Evacuation Pause) 164M->151M(512M) 34.600ms
[2020-08-01T12:08:47.695+0300][25.738s][info ][gc] GC(686) Concurrent Cycle 73.628ms
[2020-08-01T12:08:47.723+0300][25.767s][info ][gc] GC(688) Pause Young (Concurrent Start) (G1 Humongous Allocation) 180M->182M(512M) 17.033ms
[2020-08-01T12:08:47.723+0300][25.767s][info ][gc] GC(689) Concurrent Cycle
[2020-08-01T12:08:47.738+0300][25.782s][debug][gc] GC(689) Reclaimed 123 empty regions
[2020-08-01T12:08:47.738+0300][25.782s][info ][gc] GC(689) Pause Remark 234M->111M(512M) 0.686ms
[2020-08-01T12:08:47.794+0300][25.838s][info ][gc] GC(690) Pause Young (Normal) (G1 Evacuation Pause) 165M->152M(512M) 33.956ms
[2020-08-01T12:08:47.795+0300][25.839s][info ][gc] GC(689) Pause Cleanup 153M->153M(512M) 0.071ms
[2020-08-01T12:08:47.795+0300][25.839s][info ][gc] GC(689) Concurrent Cycle 72.447ms
[2020-08-01T12:08:47.832+0300][25.876s][info ][gc] GC(691) Pause Young (Concurrent Start) (G1 Humongous Allocation) 181M->182M(512M) 26.038ms
[2020-08-01T12:08:47.832+0300][25.876s][info ][gc] GC(692) Concurrent Cycle
[2020-08-01T12:08:47.848+0300][25.892s][debug][gc] GC(692) Reclaimed 123 empty regions
[2020-08-01T12:08:47.848+0300][25.892s][info ][gc] GC(692) Pause Remark 233M->110M(512M) 0.531ms
[2020-08-01T12:08:47.870+0300][25.914s][info ][gc] GC(692) Pause Cleanup 165M->165M(512M) 0.069ms
[2020-08-01T12:08:47.904+0300][25.948s][info ][gc] GC(693) Pause Young (Normal) (G1 Evacuation Pause) 165M->153M(512M) 33.815ms
[2020-08-01T12:08:47.905+0300][25.949s][info ][gc] GC(692) Concurrent Cycle 73.339ms
[2020-08-01T12:08:47.933+0300][25.977s][info ][gc] GC(694) Pause Young (Concurrent Start) (G1 Humongous Allocation) 182M->183M(512M) 16.913ms
[2020-08-01T12:08:47.933+0300][25.977s][info ][gc] GC(695) Concurrent Cycle
[2020-08-01T12:08:47.949+0300][25.993s][debug][gc] GC(695) Reclaimed 124 empty regions
[2020-08-01T12:08:47.949+0300][25.993s][info ][gc] GC(695) Pause Remark 233M->109M(512M) 0.654ms
[2020-08-01T12:08:47.972+0300][26.016s][info ][gc] GC(695) Pause Cleanup 161M->161M(512M) 0.075ms
[2020-08-01T12:08:47.973+0300][26.017s][info ][gc] GC(695) Concurrent Cycle 39.476ms
[2020-08-01T12:08:48.013+0300][26.056s][info ][gc] GC(696) Pause Young (Normal) (G1 Evacuation Pause) 164M->151M(512M) 38.987ms
[2020-08-01T12:08:48.044+0300][26.088s][info ][gc] GC(697) Pause Young (Concurrent Start) (G1 Humongous Allocation) 181M->182M(512M) 19.748ms
[2020-08-01T12:08:48.045+0300][26.088s][info ][gc] GC(698) Concurrent Cycle
[2020-08-01T12:08:48.063+0300][26.107s][debug][gc] GC(698) Reclaimed 123 empty regions
[2020-08-01T12:08:48.063+0300][26.107s][info ][gc] GC(698) Pause Remark 234M->111M(512M) 0.633ms
[2020-08-01T12:08:48.126+0300][26.170s][info ][gc] GC(699) Pause Young (Normal) (G1 Evacuation Pause) 165M->152M(512M) 40.745ms
[2020-08-01T12:08:48.127+0300][26.170s][info ][gc] GC(698) Pause Cleanup 153M->153M(512M) 0.090ms
[2020-08-01T12:08:48.128+0300][26.171s][info ][gc] GC(698) Concurrent Cycle 83.008ms
[2020-08-01T12:08:48.171+0300][26.215s][info ][gc] GC(700) Pause Young (Concurrent Start) (G1 Humongous Allocation) 181M->182M(512M) 31.934ms
[2020-08-01T12:08:48.171+0300][26.215s][info ][gc] GC(701) Concurrent Cycle
[2020-08-01T12:08:48.187+0300][26.231s][debug][gc] GC(701) Reclaimed 124 empty regions
[2020-08-01T12:08:48.187+0300][26.231s][info ][gc] GC(701) Pause Remark 233M->109M(512M) 0.739ms
[2020-08-01T12:08:48.210+0300][26.254s][info ][gc] GC(701) Pause Cleanup 164M->164M(512M) 0.096ms
[2020-08-01T12:08:48.254+0300][26.298s][info ][gc] GC(702) Pause Young (Normal) (G1 Evacuation Pause) 164M->152M(512M) 43.770ms
[2020-08-01T12:08:48.255+0300][26.299s][info ][gc] GC(701) Concurrent Cycle 83.761ms
[2020-08-01T12:08:48.289+0300][26.333s][info ][gc] GC(703) Pause Young (Concurrent Start) (G1 Humongous Allocation) 181M->183M(512M) 21.228ms
[2020-08-01T12:08:48.290+0300][26.333s][info ][gc] GC(704) Concurrent Cycle
[2020-08-01T12:08:48.307+0300][26.351s][debug][gc] GC(704) Reclaimed 124 empty regions
[2020-08-01T12:08:48.307+0300][26.351s][info ][gc] GC(704) Pause Remark 234M->110M(512M) 0.647ms
[2020-08-01T12:08:48.364+0300][26.407s][info ][gc] GC(705) Pause Young (Normal) (G1 Evacuation Pause) 165M->152M(512M) 34.197ms
[2020-08-01T12:08:48.364+0300][26.408s][info ][gc] GC(704) Pause Cleanup 153M->153M(512M) 0.074ms
[2020-08-01T12:08:48.365+0300][26.408s][info ][gc] GC(704) Concurrent Cycle 75.128ms
[2020-08-01T12:08:48.402+0300][26.446s][info ][gc] GC(706) Pause Young (Concurrent Start) (G1 Humongous Allocation) 181M->182M(512M) 26.591ms
[2020-08-01T12:08:48.402+0300][26.446s][info ][gc] GC(707) Concurrent Cycle
[2020-08-01T12:08:48.418+0300][26.461s][debug][gc] GC(707) Reclaimed 122 empty regions
[2020-08-01T12:08:48.418+0300][26.461s][info ][gc] GC(707) Pause Remark 232M->110M(512M) 0.583ms
[2020-08-01T12:08:48.440+0300][26.484s][info ][gc] GC(707) Pause Cleanup 166M->166M(512M) 0.072ms
[2020-08-01T12:08:48.474+0300][26.518s][info ][gc] GC(708) Pause Young (Normal) (G1 Evacuation Pause) 166M->153M(512M) 33.706ms
[2020-08-01T12:08:48.474+0300][26.518s][info ][gc] GC(707) Concurrent Cycle 72.436ms
[2020-08-01T12:08:48.505+0300][26.549s][info ][gc] GC(709) Pause Young (Concurrent Start) (G1 Humongous Allocation) 182M->183M(512M) 19.163ms
[2020-08-01T12:08:48.505+0300][26.549s][info ][gc] GC(710) Concurrent Cycle
[2020-08-01T12:08:48.520+0300][26.564s][debug][gc] GC(710) Reclaimed 122 empty regions
[2020-08-01T12:08:48.520+0300][26.564s][info ][gc] GC(710) Pause Remark 233M->111M(512M) 0.551ms
[2020-08-01T12:08:48.543+0300][26.586s][info ][gc] GC(710) Pause Cleanup 166M->166M(512M) 0.081ms
[2020-08-01T12:08:48.543+0300][26.587s][info ][gc] GC(710) Concurrent Cycle 38.101ms
[2020-08-01T12:08:48.575+0300][26.619s][info ][gc] GC(711) Pause Young (Normal) (G1 Evacuation Pause) 167M->155M(512M) 31.961ms
[2020-08-01T12:08:48.603+0300][26.647s][info ][gc] GC(712) Pause Young (Concurrent Start) (G1 Humongous Allocation) 184M->185M(512M) 16.608ms
[2020-08-01T12:08:48.603+0300][26.647s][info ][gc] GC(713) Concurrent Cycle
[2020-08-01T12:08:48.619+0300][26.662s][debug][gc] GC(713) Reclaimed 125 empty regions
[2020-08-01T12:08:48.619+0300][26.662s][info ][gc] GC(713) Pause Remark 236M->111M(512M) 0.512ms
[2020-08-01T12:08:48.673+0300][26.717s][info ][gc] GC(714) Pause Young (Normal) (G1 Evacuation Pause) 165M->153M(512M) 33.074ms
[2020-08-01T12:08:48.674+0300][26.718s][info ][gc] GC(713) Pause Cleanup 155M->155M(512M) 0.073ms
[2020-08-01T12:08:48.675+0300][26.719s][info ][gc] GC(713) Concurrent Cycle 71.671ms
[2020-08-01T12:08:48.713+0300][26.757s][info ][gc] GC(715) Pause Young (Concurrent Start) (G1 Humongous Allocation) 183M->183M(512M) 26.742ms
[2020-08-01T12:08:48.713+0300][26.757s][info ][gc] GC(716) Concurrent Cycle
[2020-08-01T12:08:48.730+0300][26.774s][debug][gc] GC(716) Reclaimed 121 empty regions
[2020-08-01T12:08:48.730+0300][26.774s][info ][gc] GC(716) Pause Remark 234M->113M(512M) 0.542ms
[2020-08-01T12:08:48.789+0300][26.832s][info ][gc] GC(717) Pause Young (Normal) (G1 Evacuation Pause) 168M->156M(512M) 35.388ms
[2020-08-01T12:08:48.789+0300][26.833s][info ][gc] GC(716) Pause Cleanup 157M->157M(512M) 0.077ms
[2020-08-01T12:08:48.790+0300][26.833s][info ][gc] GC(716) Concurrent Cycle 76.095ms
[2020-08-01T12:08:48.826+0300][26.870s][info ][gc] GC(718) Pause Young (Concurrent Start) (G1 Humongous Allocation) 185M->186M(512M) 25.628ms
[2020-08-01T12:08:48.826+0300][26.870s][info ][gc] GC(719) Concurrent Cycle
[2020-08-01T12:08:48.841+0300][26.884s][debug][gc] GC(719) Reclaimed 124 empty regions
[2020-08-01T12:08:48.841+0300][26.884s][info ][gc] GC(719) Pause Remark 236M->112M(512M) 0.514ms
[2020-08-01T12:08:48.863+0300][26.906s][info ][gc] GC(719) Pause Cleanup 167M->167M(512M) 0.083ms
[2020-08-01T12:08:48.895+0300][26.939s][info ][gc] GC(720) Pause Young (Normal) (G1 Evacuation Pause) 167M->154M(512M) 32.151ms
[2020-08-01T12:08:48.896+0300][26.940s][info ][gc] GC(719) Concurrent Cycle 69.822ms
[2020-08-01T12:08:48.924+0300][26.967s][info ][gc] GC(721) Pause Young (Concurrent Start) (G1 Humongous Allocation) 184M->185M(512M) 16.572ms
[2020-08-01T12:08:48.924+0300][26.967s][info ][gc] GC(722) Concurrent Cycle
[2020-08-01T12:08:48.941+0300][26.985s][debug][gc] GC(722) Reclaimed 123 empty regions
[2020-08-01T12:08:48.941+0300][26.985s][info ][gc] GC(722) Pause Remark 239M->116M(512M) 0.529ms
[2020-08-01T12:08:48.995+0300][27.039s][info ][gc] GC(723) Pause Young (Normal) (G1 Evacuation Pause) 167M->153M(512M) 33.383ms
[2020-08-01T12:08:48.998+0300][27.042s][info ][gc] GC(722) Pause Cleanup 159M->159M(512M) 0.226ms
[2020-08-01T12:08:48.999+0300][27.043s][info ][gc] GC(722) Concurrent Cycle 75.142ms
[2020-08-01T12:08:49.035+0300][27.079s][info ][gc] GC(724) Pause Young (Concurrent Start) (G1 Humongous Allocation) 183M->185M(512M) 27.118ms
[2020-08-01T12:08:49.035+0300][27.079s][info ][gc] GC(725) Concurrent Cycle
[2020-08-01T12:08:49.050+0300][27.094s][debug][gc] GC(725) Reclaimed 122 empty regions
[2020-08-01T12:08:49.050+0300][27.094s][info ][gc] GC(725) Pause Remark 236M->114M(512M) 0.541ms
[2020-08-01T12:08:49.105+0300][27.149s][info ][gc] GC(726) Pause Young (Normal) (G1 Evacuation Pause) 168M->156M(512M) 33.123ms
[2020-08-01T12:08:49.106+0300][27.150s][info ][gc] GC(725) Pause Cleanup 160M->160M(512M) 0.082ms
[2020-08-01T12:08:49.107+0300][27.151s][info ][gc] GC(725) Concurrent Cycle 72.022ms
[2020-08-01T12:08:49.142+0300][27.186s][info ][gc] GC(727) Pause Young (Concurrent Start) (G1 Humongous Allocation) 186M->186M(512M) 25.346ms
[2020-08-01T12:08:49.142+0300][27.186s][info ][gc] GC(728) Concurrent Cycle
[2020-08-01T12:08:49.160+0300][27.204s][debug][gc] GC(728) Reclaimed 124 empty regions
[2020-08-01T12:08:49.160+0300][27.204s][info ][gc] GC(728) Pause Remark 238M->114M(512M) 0.514ms
[2020-08-01T12:08:49.214+0300][27.258s][info ][gc] GC(729) Pause Young (Normal) (G1 Evacuation Pause) 167M->155M(512M) 33.578ms
[2020-08-01T12:08:49.217+0300][27.261s][info ][gc] GC(728) Pause Cleanup 160M->160M(512M) 0.095ms
[2020-08-01T12:08:49.218+0300][27.262s][info ][gc] GC(728) Concurrent Cycle 75.585ms
[2020-08-01T12:08:49.259+0300][27.302s][info ][gc] GC(730) Pause Young (Concurrent Start) (G1 Humongous Allocation) 185M->186M(512M) 30.820ms
[2020-08-01T12:08:49.259+0300][27.302s][info ][gc] GC(731) Concurrent Cycle
[2020-08-01T12:08:49.274+0300][27.317s][debug][gc] GC(731) Reclaimed 123 empty regions
[2020-08-01T12:08:49.274+0300][27.317s][info ][gc] GC(731) Pause Remark 238M->115M(512M) 0.524ms
[2020-08-01T12:08:49.330+0300][27.374s][info ][gc] GC(732) Pause Young (Normal) (G1 Evacuation Pause) 168M->155M(512M) 35.434ms
[2020-08-01T12:08:49.332+0300][27.376s][info ][gc] GC(731) Pause Cleanup 159M->159M(512M) 0.079ms
[2020-08-01T12:08:49.333+0300][27.377s][info ][gc] GC(731) Concurrent Cycle 74.100ms
[2020-08-01T12:08:49.368+0300][27.412s][info ][gc] GC(733) Pause Young (Concurrent Start) (G1 Humongous Allocation) 185M->187M(512M) 25.682ms
[2020-08-01T12:08:49.368+0300][27.412s][info ][gc] GC(734) Concurrent Cycle
[2020-08-01T12:08:49.385+0300][27.429s][debug][gc] GC(734) Reclaimed 122 empty regions
[2020-08-01T12:08:49.385+0300][27.429s][info ][gc] GC(734) Pause Remark 238M->116M(512M) 0.705ms
[2020-08-01T12:08:49.441+0300][27.485s][info ][gc] GC(735) Pause Young (Normal) (G1 Evacuation Pause) 169M->157M(512M) 35.166ms
[2020-08-01T12:08:49.444+0300][27.488s][info ][gc] GC(734) Pause Cleanup 162M->162M(512M) 0.220ms
[2020-08-01T12:08:49.446+0300][27.490s][info ][gc] GC(734) Concurrent Cycle 77.803ms
[2020-08-01T12:08:49.490+0300][27.534s][info ][gc] GC(736) Pause Young (Concurrent Start) (G1 Humongous Allocation) 188M->189M(512M) 32.565ms
[2020-08-01T12:08:49.490+0300][27.534s][info ][gc] GC(737) Concurrent Cycle
[2020-08-01T12:08:49.513+0300][27.557s][debug][gc] GC(737) Reclaimed 123 empty regions
[2020-08-01T12:08:49.513+0300][27.557s][info ][gc] GC(737) Pause Remark 247M->124M(512M) 0.862ms
[2020-08-01T12:08:49.578+0300][27.622s][info ][gc] GC(738) Pause Young (Normal) (G1 Evacuation Pause) 170M->157M(512M) 43.877ms
[2020-08-01T12:08:49.584+0300][27.628s][info ][gc] GC(737) Pause Cleanup 168M->168M(512M) 0.315ms
[2020-08-01T12:08:49.585+0300][27.629s][info ][gc] GC(737) Concurrent Cycle 95.109ms
[2020-08-01T12:08:49.623+0300][27.666s][info ][gc] GC(739) Pause Young (Concurrent Start) (G1 Humongous Allocation) 188M->189M(512M) 28.626ms
[2020-08-01T12:08:49.623+0300][27.667s][info ][gc] GC(740) Concurrent Cycle
[2020-08-01T12:08:49.641+0300][27.684s][debug][gc] GC(740) Reclaimed 124 empty regions
[2020-08-01T12:08:49.641+0300][27.685s][info ][gc] GC(740) Pause Remark 244M->120M(512M) 1.057ms
[2020-08-01T12:08:49.700+0300][27.744s][info ][gc] GC(741) Pause Young (Normal) (G1 Evacuation Pause) 169M->156M(512M) 35.098ms
[2020-08-01T12:08:49.704+0300][27.748s][info ][gc] GC(740) Pause Cleanup 164M->164M(512M) 0.115ms
[2020-08-01T12:08:49.708+0300][27.752s][info ][gc] GC(740) Concurrent Cycle 85.484ms
[2020-08-01T12:08:49.760+0300][27.803s][info ][gc] GC(742) Pause Young (Concurrent Start) (G1 Humongous Allocation) 187M->188M(512M) 37.824ms
[2020-08-01T12:08:49.760+0300][27.803s][info ][gc] GC(743) Concurrent Cycle
[2020-08-01T12:08:49.777+0300][27.821s][debug][gc] GC(743) Reclaimed 123 empty regions
[2020-08-01T12:08:49.777+0300][27.821s][info ][gc] GC(743) Pause Remark 241M->118M(512M) 0.615ms
[2020-08-01T12:08:49.844+0300][27.888s][info ][gc] GC(744) Pause Young (Normal) (G1 Evacuation Pause) 169M->156M(512M) 42.892ms
[2020-08-01T12:08:49.848+0300][27.892s][info ][gc] GC(743) Pause Cleanup 163M->163M(512M) 0.173ms
[2020-08-01T12:08:49.850+0300][27.893s][info ][gc] GC(743) Concurrent Cycle 89.901ms
[2020-08-01T12:08:49.894+0300][27.937s][info ][gc] GC(745) Pause Young (Concurrent Start) (G1 Humongous Allocation) 187M->188M(512M) 34.370ms
[2020-08-01T12:08:49.894+0300][27.938s][info ][gc] GC(746) Concurrent Cycle
[2020-08-01T12:08:49.912+0300][27.956s][debug][gc] GC(746) Reclaimed 122 empty regions
[2020-08-01T12:08:49.912+0300][27.956s][info ][gc] GC(746) Pause Remark 242M->120M(512M) 0.571ms
[2020-08-01T12:08:49.967+0300][28.011s][info ][gc] GC(747) Pause Young (Normal) (G1 Evacuation Pause) 170M->157M(512M) 34.115ms
[2020-08-01T12:08:49.971+0300][28.014s][info ][gc] GC(746) Pause Cleanup 165M->165M(512M) 0.084ms
[2020-08-01T12:08:49.971+0300][28.015s][info ][gc] GC(746) Concurrent Cycle 77.410ms
[2020-08-01T12:08:50.005+0300][28.049s][info ][gc] GC(748) Pause Young (Concurrent Start) (G1 Humongous Allocation) 188M->189M(512M) 25.117ms
[2020-08-01T12:08:50.005+0300][28.049s][info ][gc] GC(749) Concurrent Cycle
[2020-08-01T12:08:50.020+0300][28.064s][debug][gc] GC(749) Reclaimed 124 empty regions
[2020-08-01T12:08:50.020+0300][28.064s][info ][gc] GC(749) Pause Remark 241M->117M(512M) 0.512ms
[2020-08-01T12:08:50.075+0300][28.119s][info ][gc] GC(750) Pause Young (Normal) (G1 Evacuation Pause) 169M->157M(512M) 33.937ms
[2020-08-01T12:08:50.078+0300][28.122s][info ][gc] GC(749) Pause Cleanup 163M->163M(512M) 0.141ms
[2020-08-01T12:08:50.079+0300][28.123s][info ][gc] GC(749) Concurrent Cycle 74.162ms
[2020-08-01T12:08:50.117+0300][28.161s][info ][gc] GC(751) Pause Young (Concurrent Start) (G1 Humongous Allocation) 188M->189M(512M) 28.771ms
[2020-08-01T12:08:50.117+0300][28.161s][info ][gc] GC(752) Concurrent Cycle
[2020-08-01T12:08:50.134+0300][28.178s][debug][gc] GC(752) Reclaimed 123 empty regions
[2020-08-01T12:08:50.134+0300][28.178s][info ][gc] GC(752) Pause Remark 242M->119M(512M) 0.681ms
[2020-08-01T12:08:50.190+0300][28.234s][info ][gc] GC(753) Pause Young (Normal) (G1 Evacuation Pause) 170M->157M(512M) 35.154ms
[2020-08-01T12:08:50.193+0300][28.237s][info ][gc] GC(752) Pause Cleanup 164M->164M(512M) 0.086ms
[2020-08-01T12:08:50.194+0300][28.238s][info ][gc] GC(752) Concurrent Cycle 76.586ms
[2020-08-01T12:08:50.230+0300][28.274s][info ][gc] GC(754) Pause Young (Concurrent Start) (G1 Humongous Allocation) 188M->190M(512M) 27.426ms
[2020-08-01T12:08:50.231+0300][28.274s][info ][gc] GC(755) Concurrent Cycle
[2020-08-01T12:08:50.247+0300][28.291s][debug][gc] GC(755) Reclaimed 124 empty regions
[2020-08-01T12:08:50.247+0300][28.291s][info ][gc] GC(755) Pause Remark 237M->113M(512M) 0.575ms
[2020-08-01T12:08:50.272+0300][28.315s][info ][gc] GC(755) Pause Cleanup 169M->169M(512M) 0.085ms
[2020-08-01T12:08:50.306+0300][28.350s][info ][gc] GC(756) Pause Young (Normal) (G1 Evacuation Pause) 169M->157M(512M) 34.279ms
[2020-08-01T12:08:50.307+0300][28.351s][info ][gc] GC(755) Concurrent Cycle 76.250ms
[2020-08-01T12:08:50.339+0300][28.383s][info ][gc] GC(757) Pause Young (Concurrent Start) (G1 Humongous Allocation) 189M->190M(512M) 19.499ms
[2020-08-01T12:08:50.339+0300][28.383s][info ][gc] GC(758) Concurrent Cycle
[2020-08-01T12:08:50.355+0300][28.399s][debug][gc] GC(758) Reclaimed 122 empty regions
[2020-08-01T12:08:50.355+0300][28.399s][info ][gc] GC(758) Pause Remark 243M->121M(512M) 0.534ms
[2020-08-01T12:08:50.410+0300][28.453s][info ][gc] GC(759) Pause Young (Normal) (G1 Evacuation Pause) 171M->158M(512M) 34.514ms
[2020-08-01T12:08:50.413+0300][28.457s][info ][gc] GC(758) Pause Cleanup 166M->166M(512M) 0.091ms
[2020-08-01T12:08:50.414+0300][28.458s][info ][gc] GC(758) Concurrent Cycle 75.166ms
[2020-08-01T12:08:50.451+0300][28.495s][info ][gc] GC(760) Pause Young (Concurrent Start) (G1 Humongous Allocation) 190M->191M(512M) 27.449ms
[2020-08-01T12:08:50.451+0300][28.495s][info ][gc] GC(761) Concurrent Cycle
[2020-08-01T12:08:50.467+0300][28.511s][debug][gc] GC(761) Reclaimed 124 empty regions
[2020-08-01T12:08:50.467+0300][28.511s][info ][gc] GC(761) Pause Remark 242M->118M(512M) 0.526ms
[2020-08-01T12:08:50.520+0300][28.564s][info ][gc] GC(762) Pause Young (Normal) (G1 Evacuation Pause) 170M->157M(512M) 32.061ms
[2020-08-01T12:08:50.524+0300][28.568s][info ][gc] GC(761) Pause Cleanup 165M->165M(512M) 0.104ms
[2020-08-01T12:08:50.524+0300][28.568s][info ][gc] GC(761) Concurrent Cycle 73.642ms
[2020-08-01T12:08:50.560+0300][28.604s][info ][gc] GC(763) Pause Young (Concurrent Start) (G1 Humongous Allocation) 189M->189M(512M) 25.940ms
[2020-08-01T12:08:50.560+0300][28.604s][info ][gc] GC(764) Concurrent Cycle
[2020-08-01T12:08:50.576+0300][28.620s][debug][gc] GC(764) Reclaimed 122 empty regions
[2020-08-01T12:08:50.576+0300][28.620s][info ][gc] GC(764) Pause Remark 243M->121M(512M) 0.558ms
[2020-08-01T12:08:50.630+0300][28.674s][info ][gc] GC(765) Pause Young (Normal) (G1 Evacuation Pause) 171M->159M(512M) 33.869ms
[2020-08-01T12:08:50.633+0300][28.677s][info ][gc] GC(764) Pause Cleanup 168M->168M(512M) 0.084ms
[2020-08-01T12:08:50.634+0300][28.678s][info ][gc] GC(764) Concurrent Cycle 74.180ms
[2020-08-01T12:08:50.669+0300][28.712s][info ][gc] GC(766) Pause Young (Concurrent Start) (G1 Humongous Allocation) 190M->191M(512M) 26.073ms
[2020-08-01T12:08:50.669+0300][28.713s][info ][gc] GC(767) Concurrent Cycle
[2020-08-01T12:08:50.686+0300][28.730s][debug][gc] GC(767) Reclaimed 124 empty regions
[2020-08-01T12:08:50.686+0300][28.730s][info ][gc] GC(767) Pause Remark 245M->121M(512M) 0.560ms
[2020-08-01T12:08:50.739+0300][28.783s][info ][gc] GC(768) Pause Young (Normal) (G1 Evacuation Pause) 170M->158M(512M) 33.468ms
[2020-08-01T12:08:50.743+0300][28.787s][info ][gc] GC(767) Pause Cleanup 166M->166M(512M) 0.154ms
[2020-08-01T12:08:50.744+0300][28.788s][info ][gc] GC(767) Concurrent Cycle 75.285ms
[2020-08-01T12:08:50.779+0300][28.823s][info ][gc] GC(769) Pause Young (Concurrent Start) (G1 Humongous Allocation) 190M->191M(512M) 25.716ms
[2020-08-01T12:08:50.779+0300][28.823s][info ][gc] GC(770) Concurrent Cycle
[2020-08-01T12:08:50.794+0300][28.838s][debug][gc] GC(770) Reclaimed 123 empty regions
[2020-08-01T12:08:50.794+0300][28.838s][info ][gc] GC(770) Pause Remark 243M->120M(512M) 0.534ms
[2020-08-01T12:08:50.858+0300][28.902s][info ][gc] GC(771) Pause Young (Normal) (G1 Evacuation Pause) 171M->159M(512M) 42.503ms
[2020-08-01T12:08:50.862+0300][28.906s][info ][gc] GC(770) Pause Cleanup 166M->166M(512M) 0.138ms
[2020-08-01T12:08:50.863+0300][28.907s][info ][gc] GC(770) Concurrent Cycle 84.506ms
[2020-08-01T12:08:50.905+0300][28.949s][info ][gc] GC(772) Pause Young (Concurrent Start) (G1 Humongous Allocation) 191M->191M(512M) 31.478ms
[2020-08-01T12:08:50.905+0300][28.949s][info ][gc] GC(773) Concurrent Cycle
[2020-08-01T12:08:50.921+0300][28.965s][debug][gc] GC(773) Reclaimed 124 empty regions
[2020-08-01T12:08:50.921+0300][28.965s][info ][gc] GC(773) Pause Remark 243M->119M(512M) 0.524ms
[2020-08-01T12:08:50.976+0300][29.020s][info ][gc] GC(774) Pause Young (Normal) (G1 Evacuation Pause) 170M->157M(512M) 34.304ms
[2020-08-01T12:08:50.979+0300][29.023s][info ][gc] GC(773) Pause Cleanup 164M->164M(512M) 0.110ms
[2020-08-01T12:08:50.980+0300][29.023s][info ][gc] GC(773) Concurrent Cycle 74.686ms
[2020-08-01T12:08:51.015+0300][29.058s][info ][gc] GC(775) Pause Young (Concurrent Start) (G1 Humongous Allocation) 189M->191M(512M) 25.398ms
[2020-08-01T12:08:51.015+0300][29.058s][info ][gc] GC(776) Concurrent Cycle
[2020-08-01T12:08:51.032+0300][29.075s][debug][gc] GC(776) Reclaimed 123 empty regions
[2020-08-01T12:08:51.032+0300][29.075s][info ][gc] GC(776) Pause Remark 243M->120M(512M) 0.524ms
[2020-08-01T12:08:51.087+0300][29.130s][info ][gc] GC(777) Pause Young (Normal) (G1 Evacuation Pause) 171M->158M(512M) 33.907ms
[2020-08-01T12:08:51.090+0300][29.134s][info ][gc] GC(776) Pause Cleanup 166M->166M(512M) 0.082ms
[2020-08-01T12:08:51.090+0300][29.134s][info ][gc] GC(776) Concurrent Cycle 75.663ms
[2020-08-01T12:08:51.125+0300][29.169s][info ][gc] GC(778) Pause Young (Concurrent Start) (G1 Humongous Allocation) 190M->191M(512M) 25.396ms
[2020-08-01T12:08:51.125+0300][29.169s][info ][gc] GC(779) Concurrent Cycle
[2020-08-01T12:08:51.142+0300][29.186s][debug][gc] GC(779) Reclaimed 123 empty regions
[2020-08-01T12:08:51.142+0300][29.186s][info ][gc] GC(779) Pause Remark 245M->122M(512M) 0.723ms
[2020-08-01T12:08:51.208+0300][29.252s][info ][gc] GC(780) Pause Young (Normal) (G1 Evacuation Pause) 171M->159M(512M) 42.345ms
[2020-08-01T12:08:51.209+0300][29.253s][info ][gc] GC(779) Pause Cleanup 160M->160M(512M) 0.097ms
[2020-08-01T12:08:51.210+0300][29.254s][info ][gc] GC(779) Concurrent Cycle 84.708ms
[2020-08-01T12:08:51.255+0300][29.299s][info ][gc] GC(781) Pause Young (Concurrent Start) (G1 Humongous Allocation) 191M->192M(512M) 32.675ms
[2020-08-01T12:08:51.256+0300][29.299s][info ][gc] GC(782) Concurrent Cycle
[2020-08-01T12:08:51.273+0300][29.317s][debug][gc] GC(782) Reclaimed 124 empty regions
[2020-08-01T12:08:51.273+0300][29.317s][info ][gc] GC(782) Pause Remark 243M->119M(512M) 0.569ms
[2020-08-01T12:08:51.336+0300][29.380s][info ][gc] GC(783) Pause Young (Normal) (G1 Evacuation Pause) 171M->159M(512M) 40.904ms
[2020-08-01T12:08:51.339+0300][29.383s][info ][gc] GC(782) Pause Cleanup 164M->164M(512M) 0.118ms
[2020-08-01T12:08:51.340+0300][29.384s][info ][gc] GC(782) Concurrent Cycle 84.613ms
[2020-08-01T12:08:51.380+0300][29.424s][info ][gc] GC(784) Pause Young (Concurrent Start) (G1 Humongous Allocation) 191M->192M(512M) 29.838ms
[2020-08-01T12:08:51.380+0300][29.424s][info ][gc] GC(785) Concurrent Cycle
[2020-08-01T12:08:51.396+0300][29.440s][debug][gc] GC(785) Reclaimed 123 empty regions
[2020-08-01T12:08:51.396+0300][29.440s][info ][gc] GC(785) Pause Remark 244M->121M(512M) 0.696ms
[2020-08-01T12:08:51.452+0300][29.496s][info ][gc] GC(786) Pause Young (Normal) (G1 Evacuation Pause) 172M->159M(512M) 32.271ms
[2020-08-01T12:08:51.457+0300][29.501s][info ][gc] GC(785) Pause Cleanup 168M->168M(512M) 0.086ms
[2020-08-01T12:08:51.458+0300][29.502s][info ][gc] GC(785) Concurrent Cycle 77.869ms
[2020-08-01T12:08:51.493+0300][29.537s][info ][gc] GC(787) Pause Young (Concurrent Start) (G1 Humongous Allocation) 191M->192M(512M) 26.197ms
[2020-08-01T12:08:51.493+0300][29.537s][info ][gc] GC(788) Concurrent Cycle
[2020-08-01T12:08:51.510+0300][29.554s][debug][gc] GC(788) Reclaimed 124 empty regions
[2020-08-01T12:08:51.510+0300][29.554s][info ][gc] GC(788) Pause Remark 246M->122M(512M) 0.539ms
[2020-08-01T12:08:51.563+0300][29.607s][info ][gc] GC(789) Pause Young (Normal) (G1 Evacuation Pause) 171M->158M(512M) 32.943ms
[2020-08-01T12:08:51.567+0300][29.611s][info ][gc] GC(788) Pause Cleanup 167M->167M(512M) 0.091ms
[2020-08-01T12:08:51.567+0300][29.611s][info ][gc] GC(788) Concurrent Cycle 74.357ms
[2020-08-01T12:08:51.603+0300][29.647s][info ][gc] GC(790) Pause Young (Concurrent Start) (G1 Humongous Allocation) 190M->191M(512M) 26.933ms
[2020-08-01T12:08:51.603+0300][29.647s][info ][gc] GC(791) Concurrent Cycle
[2020-08-01T12:08:51.619+0300][29.663s][debug][gc] GC(791) Reclaimed 122 empty regions
[2020-08-01T12:08:51.619+0300][29.663s][info ][gc] GC(791) Pause Remark 243M->121M(512M) 0.501ms
[2020-08-01T12:08:51.676+0300][29.720s][info ][gc] GC(792) Pause Young (Normal) (G1 Evacuation Pause) 172M->159M(512M) 36.005ms
[2020-08-01T12:08:51.681+0300][29.724s][info ][gc] GC(791) Pause Cleanup 169M->169M(512M) 0.159ms
[2020-08-01T12:08:51.681+0300][29.725s][info ][gc] GC(791) Concurrent Cycle 78.225ms
[2020-08-01T12:08:51.718+0300][29.762s][info ][gc] GC(793) Pause Young (Concurrent Start) (G1 Humongous Allocation) 191M->193M(512M) 28.250ms
[2020-08-01T12:08:51.718+0300][29.762s][info ][gc] GC(794) Concurrent Cycle
[2020-08-01T12:08:51.736+0300][29.779s][debug][gc] GC(794) Reclaimed 124 empty regions
[2020-08-01T12:08:51.736+0300][29.780s][info ][gc] GC(794) Pause Remark 239M->115M(512M) 0.672ms
[2020-08-01T12:08:51.759+0300][29.803s][info ][gc] GC(794) Pause Cleanup 171M->171M(512M) 0.076ms
[2020-08-01T12:08:51.760+0300][29.804s][info ][gc] GC(794) Concurrent Cycle 41.663ms
[2020-08-01T12:08:51.795+0300][29.838s][info ][gc] GC(795) Pause Young (Normal) (G1 Evacuation Pause) 172M->159M(512M) 34.453ms
[2020-08-01T12:08:51.826+0300][29.870s][info ][gc] GC(796) Pause Young (Concurrent Start) (G1 Humongous Allocation) 191M->192M(512M) 18.661ms
[2020-08-01T12:08:51.826+0300][29.870s][info ][gc] GC(797) Concurrent Cycle
[2020-08-01T12:08:51.842+0300][29.886s][debug][gc] GC(797) Reclaimed 123 empty regions
[2020-08-01T12:08:51.842+0300][29.886s][info ][gc] GC(797) Pause Remark 244M->121M(512M) 0.523ms
[2020-08-01T12:08:51.899+0300][29.942s][info ][gc] GC(798) Pause Young (Normal) (G1 Evacuation Pause) 172M->159M(512M) 36.042ms
[2020-08-01T12:08:51.902+0300][29.946s][info ][gc] GC(797) Pause Cleanup 167M->167M(512M) 0.101ms
[2020-08-01T12:08:51.903+0300][29.947s][info ][gc] GC(797) Concurrent Cycle 76.781ms
[2020-08-01T12:08:51.940+0300][29.984s][info ][gc] GC(799) Pause Young (Concurrent Start) (G1 Humongous Allocation) 191M->191M(512M) 28.114ms
[2020-08-01T12:08:51.940+0300][29.984s][info ][gc] GC(800) Concurrent Cycle
[2020-08-01T12:08:51.957+0300][30.001s][debug][gc] GC(800) Reclaimed 123 empty regions
[2020-08-01T12:08:51.957+0300][30.001s][info ][gc] GC(800) Pause Remark 244M->121M(512M) 0.513ms
[2020-08-01T12:08:52.012+0300][30.056s][info ][gc] GC(801) Pause Young (Normal) (G1 Evacuation Pause) 171M->158M(512M) 34.652ms
[2020-08-01T12:08:52.016+0300][30.060s][info ][gc] GC(800) Pause Cleanup 167M->167M(512M) 0.095ms
[2020-08-01T12:08:52.017+0300][30.060s][info ][gc] GC(800) Concurrent Cycle 76.306ms
[2020-08-01T12:08:52.052+0300][30.096s][info ][gc] GC(802) Pause Young (Concurrent Start) (G1 Humongous Allocation) 190M->191M(512M) 26.666ms
[2020-08-01T12:08:52.052+0300][30.096s][info ][gc] GC(803) Concurrent Cycle
[2020-08-01T12:08:52.068+0300][30.112s][debug][gc] GC(803) Reclaimed 122 empty regions
[2020-08-01T12:08:52.068+0300][30.112s][info ][gc] GC(803) Pause Remark 244M->122M(512M) 0.710ms
[2020-08-01T12:08:52.122+0300][30.166s][info ][gc] GC(804) Pause Young (Normal) (G1 Evacuation Pause) 172M->159M(512M) 33.883ms
[2020-08-01T12:08:52.126+0300][30.170s][info ][gc] GC(803) Pause Cleanup 167M->167M(512M) 0.099ms
[2020-08-01T12:08:52.127+0300][30.171s][info ][gc] GC(803) Concurrent Cycle 75.060ms
[2020-08-01T12:08:52.163+0300][30.206s][info ][gc] GC(805) Pause Young (Concurrent Start) (G1 Humongous Allocation) 191M->192M(512M) 25.849ms
[2020-08-01T12:08:52.163+0300][30.207s][info ][gc] GC(806) Concurrent Cycle
[2020-08-01T12:08:52.180+0300][30.224s][debug][gc] GC(806) Reclaimed 124 empty regions
[2020-08-01T12:08:52.180+0300][30.224s][info ][gc] GC(806) Pause Remark 246M->122M(512M) 0.748ms
[2020-08-01T12:08:52.237+0300][30.280s][info ][gc] GC(807) Pause Young (Normal) (G1 Evacuation Pause) 171M->159M(512M) 33.419ms
[2020-08-01T12:08:52.240+0300][30.284s][info ][gc] GC(806) Pause Cleanup 167M->167M(512M) 0.117ms
[2020-08-01T12:08:52.241+0300][30.285s][info ][gc] GC(806) Concurrent Cycle 78.391ms
[2020-08-01T12:08:52.283+0300][30.327s][info ][gc] GC(808) Pause Young (Concurrent Start) (G1 Humongous Allocation) 191M->191M(512M) 32.410ms
[2020-08-01T12:08:52.283+0300][30.327s][info ][gc] GC(809) Concurrent Cycle
[2020-08-01T12:08:52.300+0300][30.344s][debug][gc] GC(809) Reclaimed 123 empty regions
[2020-08-01T12:08:52.300+0300][30.344s][info ][gc] GC(809) Pause Remark 240M->117M(512M) 0.698ms
[2020-08-01T12:08:52.356+0300][30.400s][info ][gc] GC(810) Pause Young (Normal) (G1 Evacuation Pause) 171M->158M(512M) 33.503ms
[2020-08-01T12:08:52.358+0300][30.402s][info ][gc] GC(809) Pause Cleanup 163M->163M(512M) 0.112ms
[2020-08-01T12:08:52.359+0300][30.403s][info ][gc] GC(809) Concurrent Cycle 76.091ms
[2020-08-01T12:08:52.398+0300][30.442s][info ][gc] GC(811) Pause Young (Concurrent Start) (G1 Humongous Allocation) 190M->191M(512M) 27.511ms
[2020-08-01T12:08:52.398+0300][30.442s][info ][gc] GC(812) Concurrent Cycle
[2020-08-01T12:08:52.413+0300][30.457s][debug][gc] GC(812) Reclaimed 122 empty regions
[2020-08-01T12:08:52.413+0300][30.457s][info ][gc] GC(812) Pause Remark 243M->121M(512M) 0.593ms
[2020-08-01T12:08:52.468+0300][30.512s][info ][gc] GC(813) Pause Young (Normal) (G1 Evacuation Pause) 172M->159M(512M) 33.264ms
[2020-08-01T12:08:52.471+0300][30.515s][info ][gc] GC(812) Pause Cleanup 167M->167M(512M) 0.104ms
[2020-08-01T12:08:52.472+0300][30.516s][info ][gc] GC(812) Concurrent Cycle 73.917ms
[2020-08-01T12:08:52.510+0300][30.554s][info ][gc] GC(814) Pause Young (Concurrent Start) (G1 Humongous Allocation) 191M->193M(512M) 29.311ms
[2020-08-01T12:08:52.510+0300][30.554s][info ][gc] GC(815) Concurrent Cycle
[2020-08-01T12:08:52.528+0300][30.572s][debug][gc] GC(815) Reclaimed 124 empty regions
[2020-08-01T12:08:52.528+0300][30.572s][info ][gc] GC(815) Pause Remark 247M->123M(512M) 0.574ms
[2020-08-01T12:08:52.584+0300][30.628s][info ][gc] GC(816) Pause Young (Normal) (G1 Evacuation Pause) 172M->159M(512M) 35.493ms
[2020-08-01T12:08:52.588+0300][30.632s][info ][gc] GC(815) Pause Cleanup 168M->168M(512M) 0.098ms
[2020-08-01T12:08:52.589+0300][30.633s][info ][gc] GC(815) Concurrent Cycle 78.434ms
[2020-08-01T12:08:52.628+0300][30.671s][info ][gc] GC(817) Pause Young (Concurrent Start) (G1 Humongous Allocation) 191M->192M(512M) 29.863ms
[2020-08-01T12:08:52.628+0300][30.671s][info ][gc] GC(818) Concurrent Cycle
[2020-08-01T12:08:52.645+0300][30.688s][debug][gc] GC(818) Reclaimed 124 empty regions
[2020-08-01T12:08:52.645+0300][30.688s][info ][gc] GC(818) Pause Remark 245M->121M(512M) 0.591ms
[2020-08-01T12:08:52.702+0300][30.746s][info ][gc] GC(819) Pause Young (Normal) (G1 Evacuation Pause) 171M->158M(512M) 35.497ms
[2020-08-01T12:08:52.705+0300][30.749s][info ][gc] GC(818) Pause Cleanup 166M->166M(512M) 0.100ms
[2020-08-01T12:08:52.706+0300][30.750s][info ][gc] GC(818) Concurrent Cycle 78.211ms
[2020-08-01T12:08:52.750+0300][30.793s][info ][gc] GC(820) Pause Young (Concurrent Start) (G1 Humongous Allocation) 190M->191M(512M) 34.970ms
[2020-08-01T12:08:52.750+0300][30.794s][info ][gc] GC(821) Concurrent Cycle
[2020-08-01T12:08:52.766+0300][30.810s][debug][gc] GC(821) Reclaimed 122 empty regions
[2020-08-01T12:08:52.766+0300][30.810s][info ][gc] GC(821) Pause Remark 242M->120M(512M) 0.556ms
[2020-08-01T12:08:52.826+0300][30.870s][info ][gc] GC(822) Pause Young (Normal) (G1 Evacuation Pause) 172M->159M(512M) 38.916ms
[2020-08-01T12:08:52.830+0300][30.874s][info ][gc] GC(821) Pause Cleanup 166M->166M(512M) 0.135ms
[2020-08-01T12:08:52.831+0300][30.875s][info ][gc] GC(821) Concurrent Cycle 81.031ms
[2020-08-01T12:08:52.866+0300][30.910s][info ][gc] GC(823) Pause Young (Concurrent Start) (G1 Humongous Allocation) 191M->192M(512M) 25.526ms
[2020-08-01T12:08:52.867+0300][30.910s][info ][gc] GC(824) Concurrent Cycle
[2020-08-01T12:08:52.882+0300][30.926s][debug][gc] GC(824) Reclaimed 124 empty regions
[2020-08-01T12:08:52.882+0300][30.926s][info ][gc] GC(824) Pause Remark 245M->121M(512M) 0.609ms
[2020-08-01T12:08:52.935+0300][30.979s][info ][gc] GC(825) Pause Young (Normal) (G1 Evacuation Pause) 171M->158M(512M) 32.707ms
[2020-08-01T12:08:52.939+0300][30.983s][info ][gc] GC(824) Pause Cleanup 166M->166M(512M) 0.080ms
[2020-08-01T12:08:52.939+0300][30.983s][info ][gc] GC(824) Concurrent Cycle 72.809ms
[2020-08-01T12:08:52.976+0300][31.020s][info ][gc] GC(826) Pause Young (Concurrent Start) (G1 Humongous Allocation) 190M->190M(512M) 27.807ms
[2020-08-01T12:08:52.976+0300][31.020s][info ][gc] GC(827) Concurrent Cycle
[2020-08-01T12:08:52.992+0300][31.036s][debug][gc] GC(827) Reclaimed 122 empty regions
[2020-08-01T12:08:52.992+0300][31.036s][info ][gc] GC(827) Pause Remark 242M->120M(512M) 0.643ms
[2020-08-01T12:08:53.051+0300][31.094s][info ][gc] GC(828) Pause Young (Normal) (G1 Evacuation Pause) 171M->158M(512M) 37.588ms
[2020-08-01T12:08:53.054+0300][31.098s][info ][gc] GC(827) Pause Cleanup 166M->166M(512M) 0.141ms
[2020-08-01T12:08:53.055+0300][31.099s][info ][gc] GC(827) Concurrent Cycle 78.452ms
[2020-08-01T12:08:53.094+0300][31.138s][info ][gc] GC(829) Pause Young (Concurrent Start) (G1 Humongous Allocation) 190M->191M(512M) 29.999ms
[2020-08-01T12:08:53.094+0300][31.138s][info ][gc] GC(830) Concurrent Cycle
[2020-08-01T12:08:53.112+0300][31.156s][debug][gc] GC(830) Reclaimed 123 empty regions
[2020-08-01T12:08:53.112+0300][31.156s][info ][gc] GC(830) Pause Remark 241M->118M(512M) 0.558ms
[2020-08-01T12:08:53.167+0300][31.211s][info ][gc] GC(831) Pause Young (Normal) (G1 Evacuation Pause) 171M->159M(512M) 33.248ms
[2020-08-01T12:08:53.169+0300][31.213s][info ][gc] GC(830) Pause Cleanup 163M->163M(512M) 0.126ms
[2020-08-01T12:08:53.170+0300][31.214s][info ][gc] GC(830) Concurrent Cycle 75.485ms
[2020-08-01T12:08:53.213+0300][31.257s][info ][gc] GC(832) Pause Young (Concurrent Start) (G1 Humongous Allocation) 191M->192M(512M) 30.805ms
[2020-08-01T12:08:53.213+0300][31.257s][info ][gc] GC(833) Concurrent Cycle
[2020-08-01T12:08:53.230+0300][31.274s][debug][gc] GC(833) Reclaimed 123 empty regions
[2020-08-01T12:08:53.230+0300][31.274s][info ][gc] GC(833) Pause Remark 246M->123M(512M) 0.568ms
[2020-08-01T12:08:53.285+0300][31.329s][info ][gc] GC(834) Pause Young (Normal) (G1 Evacuation Pause) 172M->159M(512M) 33.330ms
[2020-08-01T12:08:53.288+0300][31.331s][info ][gc] GC(833) Pause Cleanup 165M->165M(512M) 0.097ms
[2020-08-01T12:08:53.288+0300][31.332s][info ][gc] GC(833) Concurrent Cycle 75.332ms
[2020-08-01T12:08:53.324+0300][31.368s][info ][gc] GC(835) Pause Young (Concurrent Start) (G1 Humongous Allocation) 191M->193M(512M) 25.924ms
[2020-08-01T12:08:53.324+0300][31.368s][info ][gc] GC(836) Concurrent Cycle
[2020-08-01T12:08:53.341+0300][31.385s][debug][gc] GC(836) Reclaimed 124 empty regions
[2020-08-01T12:08:53.341+0300][31.385s][info ][gc] GC(836) Pause Remark 247M->123M(512M) 0.619ms
[2020-08-01T12:08:53.392+0300][31.436s][info ][gc] GC(837) Pause Young (Normal) (G1 Evacuation Pause) 171M->158M(512M) 31.790ms
[2020-08-01T12:08:53.397+0300][31.441s][info ][gc] GC(836) Pause Cleanup 168M->168M(512M) 0.087ms
[2020-08-01T12:08:53.397+0300][31.441s][info ][gc] GC(836) Concurrent Cycle 73.249ms
[2020-08-01T12:08:53.432+0300][31.475s][info ][gc] GC(838) Pause Young (Concurrent Start) (G1 Humongous Allocation) 191M->192M(512M) 25.316ms
[2020-08-01T12:08:53.432+0300][31.475s][info ][gc] GC(839) Concurrent Cycle
[2020-08-01T12:08:53.447+0300][31.491s][debug][gc] GC(839) Reclaimed 124 empty regions
[2020-08-01T12:08:53.447+0300][31.491s][info ][gc] GC(839) Pause Remark 245M->121M(512M) 0.524ms
[2020-08-01T12:08:53.499+0300][31.543s][info ][gc] GC(840) Pause Young (Normal) (G1 Evacuation Pause) 171M->158M(512M) 32.149ms
[2020-08-01T12:08:53.503+0300][31.546s][info ][gc] GC(839) Pause Cleanup 167M->167M(512M) 0.111ms
[2020-08-01T12:08:53.503+0300][31.547s][info ][gc] GC(839) Concurrent Cycle 71.771ms
[2020-08-01T12:08:53.538+0300][31.582s][info ][gc] GC(841) Pause Young (Concurrent Start) (G1 Humongous Allocation) 190M->191M(512M) 25.681ms
[2020-08-01T12:08:53.538+0300][31.582s][info ][gc] GC(842) Concurrent Cycle
[2020-08-01T12:08:53.555+0300][31.599s][debug][gc] GC(842) Reclaimed 123 empty regions
[2020-08-01T12:08:53.556+0300][31.599s][info ][gc] GC(842) Pause Remark 245M->122M(512M) 0.683ms
[2020-08-01T12:08:53.618+0300][31.661s][info ][gc] GC(843) Pause Young (Normal) (G1 Evacuation Pause) 171M->159M(512M) 39.778ms
[2020-08-01T12:08:53.621+0300][31.665s][info ][gc] GC(842) Pause Cleanup 164M->164M(512M) 0.162ms
[2020-08-01T12:08:53.622+0300][31.666s][info ][gc] GC(842) Concurrent Cycle 83.869ms
[2020-08-01T12:08:53.662+0300][31.706s][info ][gc] GC(844) Pause Young (Concurrent Start) (G1 Humongous Allocation) 191M->192M(512M) 29.574ms
[2020-08-01T12:08:53.662+0300][31.706s][info ][gc] GC(845) Concurrent Cycle
[2020-08-01T12:08:53.681+0300][31.725s][debug][gc] GC(845) Reclaimed 122 empty regions
[2020-08-01T12:08:53.681+0300][31.725s][info ][gc] GC(845) Pause Remark 236M->114M(512M) 0.775ms
[2020-08-01T12:08:53.706+0300][31.750s][info ][gc] GC(845) Pause Cleanup 154M->154M(512M) 0.122ms
[2020-08-01T12:08:53.707+0300][31.751s][info ][gc] GC(845) Concurrent Cycle 44.636ms
[2020-08-01T12:08:53.756+0300][31.799s][info ][gc] GC(846) Pause Young (Normal) (G1 Evacuation Pause) 173M->160M(512M) 41.029ms
[2020-08-01T12:08:53.788+0300][31.832s][info ][gc] GC(847) Pause Young (Concurrent Start) (G1 Humongous Allocation) 192M->194M(512M) 19.247ms
[2020-08-01T12:08:53.788+0300][31.832s][info ][gc] GC(848) Concurrent Cycle
[2020-08-01T12:08:53.804+0300][31.848s][debug][gc] GC(848) Reclaimed 124 empty regions
[2020-08-01T12:08:53.804+0300][31.848s][info ][gc] GC(848) Pause Remark 245M->121M(512M) 0.586ms
[2020-08-01T12:08:53.860+0300][31.904s][info ][gc] GC(849) Pause Young (Normal) (G1 Evacuation Pause) 172M->159M(512M) 35.059ms
[2020-08-01T12:08:53.863+0300][31.907s][info ][gc] GC(848) Pause Cleanup 166M->166M(512M) 0.091ms
[2020-08-01T12:08:53.864+0300][31.908s][info ][gc] GC(848) Concurrent Cycle 75.859ms
[2020-08-01T12:08:53.900+0300][31.944s][info ][gc] GC(850) Pause Young (Concurrent Start) (G1 Humongous Allocation) 192M->193M(512M) 26.559ms
[2020-08-01T12:08:53.901+0300][31.944s][info ][gc] GC(851) Concurrent Cycle
[2020-08-01T12:08:53.917+0300][31.961s][debug][gc] GC(851) Reclaimed 124 empty regions
[2020-08-01T12:08:53.917+0300][31.961s][info ][gc] GC(851) Pause Remark 244M->120M(512M) 0.568ms
[2020-08-01T12:08:53.969+0300][32.012s][info ][gc] GC(852) Pause Young (Normal) (G1 Evacuation Pause) 171M->159M(512M) 31.121ms
[2020-08-01T12:08:53.972+0300][32.015s][info ][gc] GC(851) Pause Cleanup 167M->167M(512M) 0.081ms
[2020-08-01T12:08:53.972+0300][32.016s][info ][gc] GC(851) Concurrent Cycle 71.684ms
[2020-08-01T12:08:54.008+0300][32.052s][info ][gc] GC(853) Pause Young (Concurrent Start) (G1 Humongous Allocation) 192M->192M(512M) 26.088ms
[2020-08-01T12:08:54.008+0300][32.052s][info ][gc] GC(854) Concurrent Cycle
[2020-08-01T12:08:54.023+0300][32.067s][debug][gc] GC(854) Reclaimed 123 empty regions
[2020-08-01T12:08:54.023+0300][32.067s][info ][gc] GC(854) Pause Remark 244M->121M(512M) 0.542ms
[2020-08-01T12:08:54.078+0300][32.122s][info ][gc] GC(855) Pause Young (Normal) (G1 Evacuation Pause) 172M->160M(512M) 33.903ms
[2020-08-01T12:08:54.082+0300][32.126s][info ][gc] GC(854) Pause Cleanup 169M->169M(512M) 0.104ms
[2020-08-01T12:08:54.083+0300][32.126s][info ][gc] GC(854) Concurrent Cycle 74.580ms
[2020-08-01T12:08:54.118+0300][32.162s][info ][gc] GC(856) Pause Young (Concurrent Start) (G1 Humongous Allocation) 192M->193M(512M) 26.584ms
[2020-08-01T12:08:54.118+0300][32.162s][info ][gc] GC(857) Concurrent Cycle
[2020-08-01T12:08:54.135+0300][32.179s][debug][gc] GC(857) Reclaimed 123 empty regions
[2020-08-01T12:08:54.135+0300][32.179s][info ][gc] GC(857) Pause Remark 248M->125M(512M) 0.734ms
[2020-08-01T12:08:54.186+0300][32.230s][info ][gc] GC(858) Pause Young (Normal) (G1 Evacuation Pause) 172M->159M(512M) 32.244ms
[2020-08-01T12:08:54.191+0300][32.234s][info ][gc] GC(857) Pause Cleanup 165M->165M(512M) 0.097ms
[2020-08-01T12:08:54.191+0300][32.235s][info ][gc] GC(857) Concurrent Cycle 73.113ms
[2020-08-01T12:08:54.232+0300][32.276s][info ][gc] GC(859) Pause Young (Concurrent Start) (G1 Humongous Allocation) 192M->193M(512M) 30.226ms
[2020-08-01T12:08:54.232+0300][32.276s][info ][gc] GC(860) Concurrent Cycle
[2020-08-01T12:08:54.249+0300][32.293s][debug][gc] GC(860) Reclaimed 123 empty regions
[2020-08-01T12:08:54.249+0300][32.293s][info ][gc] GC(860) Pause Remark 244M->121M(512M) 0.783ms
[2020-08-01T12:08:54.304+0300][32.348s][info ][gc] GC(861) Pause Young (Normal) (G1 Evacuation Pause) 172M->159M(512M) 32.086ms
[2020-08-01T12:08:54.307+0300][32.351s][info ][gc] GC(860) Pause Cleanup 163M->163M(512M) 0.131ms
[2020-08-01T12:08:54.308+0300][32.352s][info ][gc] GC(860) Concurrent Cycle 75.765ms
[2020-08-01T12:08:54.346+0300][32.390s][info ][gc] GC(862) Pause Young (Concurrent Start) (G1 Humongous Allocation) 192M->193M(512M) 26.868ms
[2020-08-01T12:08:54.346+0300][32.390s][info ][gc] GC(863) Concurrent Cycle
[2020-08-01T12:08:54.362+0300][32.405s][debug][gc] GC(863) Reclaimed 123 empty regions
[2020-08-01T12:08:54.362+0300][32.406s][info ][gc] GC(863) Pause Remark 246M->123M(512M) 0.556ms
[2020-08-01T12:08:54.423+0300][32.467s][info ][gc] GC(864) Pause Young (Normal) (G1 Evacuation Pause) 172M->159M(512M) 41.200ms
[2020-08-01T12:08:54.428+0300][32.472s][info ][gc] GC(863) Pause Cleanup 169M->169M(512M) 0.092ms
[2020-08-01T12:08:54.429+0300][32.473s][info ][gc] GC(863) Concurrent Cycle 82.483ms
[2020-08-01T12:08:54.473+0300][32.517s][info ][gc] GC(865) Pause Young (Concurrent Start) (G1 Humongous Allocation) 192M->193M(512M) 35.783ms
[2020-08-01T12:08:54.474+0300][32.517s][info ][gc] GC(866) Concurrent Cycle
[2020-08-01T12:08:54.491+0300][32.535s][debug][gc] GC(866) Reclaimed 123 empty regions
[2020-08-01T12:08:54.491+0300][32.535s][info ][gc] GC(866) Pause Remark 246M->123M(512M) 0.539ms
[2020-08-01T12:08:54.548+0300][32.592s][info ][gc] GC(867) Pause Young (Normal) (G1 Evacuation Pause) 172M->160M(512M) 35.918ms
[2020-08-01T12:08:54.552+0300][32.596s][info ][gc] GC(866) Pause Cleanup 168M->168M(512M) 0.131ms
[2020-08-01T12:08:54.553+0300][32.597s][info ][gc] GC(866) Concurrent Cycle 79.237ms
[2020-08-01T12:08:54.592+0300][32.636s][info ][gc] GC(868) Pause Young (Concurrent Start) (G1 Humongous Allocation) 193M->194M(512M) 29.496ms
[2020-08-01T12:08:54.592+0300][32.636s][info ][gc] GC(869) Concurrent Cycle
[2020-08-01T12:08:54.608+0300][32.651s][debug][gc] GC(869) Reclaimed 123 empty regions
[2020-08-01T12:08:54.608+0300][32.651s][info ][gc] GC(869) Pause Remark 246M->123M(512M) 0.539ms
[2020-08-01T12:08:54.662+0300][32.706s][info ][gc] GC(870) Pause Young (Normal) (G1 Evacuation Pause) 173M->161M(512M) 34.316ms
[2020-08-01T12:08:54.666+0300][32.710s][info ][gc] GC(869) Pause Cleanup 170M->170M(512M) 0.133ms
[2020-08-01T12:08:54.666+0300][32.710s][info ][gc] GC(869) Concurrent Cycle 74.594ms
[2020-08-01T12:08:54.704+0300][32.747s][info ][gc] GC(871) Pause Young (Concurrent Start) (G1 Humongous Allocation) 194M->195M(512M) 26.797ms
[2020-08-01T12:08:54.704+0300][32.747s][info ][gc] GC(872) Concurrent Cycle
[2020-08-01T12:08:54.720+0300][32.763s][debug][gc] GC(872) Reclaimed 124 empty regions
[2020-08-01T12:08:54.720+0300][32.763s][info ][gc] GC(872) Pause Remark 248M->124M(512M) 0.551ms
[2020-08-01T12:08:54.774+0300][32.818s][info ][gc] GC(873) Pause Young (Normal) (G1 Evacuation Pause) 173M->161M(512M) 34.199ms
[2020-08-01T12:08:54.778+0300][32.822s][info ][gc] GC(872) Pause Cleanup 169M->169M(512M) 0.088ms
[2020-08-01T12:08:54.779+0300][32.823s][info ][gc] GC(872) Concurrent Cycle 75.495ms
[2020-08-01T12:08:54.816+0300][32.859s][info ][gc] GC(874) Pause Young (Concurrent Start) (G1 Humongous Allocation) 194M->195M(512M) 26.693ms
[2020-08-01T12:08:54.816+0300][32.859s][info ][gc] GC(875) Concurrent Cycle
[2020-08-01T12:08:54.833+0300][32.876s][debug][gc] GC(875) Reclaimed 125 empty regions
[2020-08-01T12:08:54.833+0300][32.877s][info ][gc] GC(875) Pause Remark 248M->123M(512M) 0.590ms
[2020-08-01T12:08:54.887+0300][32.931s][info ][gc] GC(876) Pause Young (Normal) (G1 Evacuation Pause) 172M->161M(512M) 34.285ms
[2020-08-01T12:08:54.891+0300][32.935s][info ][gc] GC(875) Pause Cleanup 171M->171M(512M) 0.090ms
[2020-08-01T12:08:54.891+0300][32.935s][info ][gc] GC(875) Concurrent Cycle 75.633ms
[2020-08-01T12:08:54.929+0300][32.973s][info ][gc] GC(877) Pause Young (Concurrent Start) (G1 Humongous Allocation) 194M->196M(512M) 28.698ms
[2020-08-01T12:08:54.929+0300][32.973s][info ][gc] GC(878) Concurrent Cycle
[2020-08-01T12:08:54.944+0300][32.988s][debug][gc] GC(878) Reclaimed 125 empty regions
[2020-08-01T12:08:54.944+0300][32.988s][info ][gc] GC(878) Pause Remark 248M->123M(512M) 0.579ms
[2020-08-01T12:08:55.001+0300][33.045s][info ][gc] GC(879) Pause Young (Normal) (G1 Evacuation Pause) 173M->161M(512M) 36.561ms
[2020-08-01T12:08:55.005+0300][33.049s][info ][gc] GC(878) Pause Cleanup 169M->169M(512M) 0.096ms
[2020-08-01T12:08:55.006+0300][33.050s][info ][gc] GC(878) Concurrent Cycle 77.181ms
[2020-08-01T12:08:55.045+0300][33.089s][info ][gc] GC(880) Pause Young (Concurrent Start) (G1 Humongous Allocation) 194M->195M(512M) 29.052ms
[2020-08-01T12:08:55.045+0300][33.089s][info ][gc] GC(881) Concurrent Cycle
[2020-08-01T12:08:55.061+0300][33.105s][debug][gc] GC(881) Reclaimed 125 empty regions
[2020-08-01T12:08:55.062+0300][33.105s][info ][gc] GC(881) Pause Remark 249M->124M(512M) 0.525ms
[2020-08-01T12:08:55.115+0300][33.158s][info ][gc] GC(882) Pause Young (Normal) (G1 Evacuation Pause) 172M->160M(512M) 33.512ms
[2020-08-01T12:08:55.119+0300][33.163s][info ][gc] GC(881) Pause Cleanup 170M->170M(512M) 0.089ms
[2020-08-01T12:08:55.119+0300][33.163s][info ][gc] GC(881) Concurrent Cycle 74.571ms
[2020-08-01T12:08:55.155+0300][33.199s][info ][gc] GC(883) Pause Young (Concurrent Start) (G1 Humongous Allocation) 193M->194M(512M) 26.789ms
[2020-08-01T12:08:55.155+0300][33.199s][info ][gc] GC(884) Concurrent Cycle
[2020-08-01T12:08:55.171+0300][33.215s][debug][gc] GC(884) Reclaimed 123 empty regions
[2020-08-01T12:08:55.171+0300][33.215s][info ][gc] GC(884) Pause Remark 247M->124M(512M) 0.601ms
[2020-08-01T12:08:55.224+0300][33.268s][info ][gc] GC(885) Pause Young (Normal) (G1 Evacuation Pause) 173M->160M(512M) 33.370ms
[2020-08-01T12:08:55.228+0300][33.272s][info ][gc] GC(884) Pause Cleanup 170M->170M(512M) 0.101ms
[2020-08-01T12:08:55.229+0300][33.273s][info ][gc] GC(884) Concurrent Cycle 74.123ms
[2020-08-01T12:08:55.264+0300][33.307s][info ][gc] GC(886) Pause Young (Concurrent Start) (G1 Humongous Allocation) 193M->194M(512M) 25.893ms
[2020-08-01T12:08:55.264+0300][33.308s][info ][gc] GC(887) Concurrent Cycle
[2020-08-01T12:08:55.281+0300][33.324s][debug][gc] GC(887) Reclaimed 123 empty regions
[2020-08-01T12:08:55.281+0300][33.324s][info ][gc] GC(887) Pause Remark 247M->124M(512M) 0.532ms
[2020-08-01T12:08:55.334+0300][33.377s][info ][gc] GC(888) Pause Young (Normal) (G1 Evacuation Pause) 173M->160M(512M) 33.232ms
[2020-08-01T12:08:55.337+0300][33.381s][info ][gc] GC(887) Pause Cleanup 169M->169M(512M) 0.088ms
[2020-08-01T12:08:55.338+0300][33.382s][info ][gc] GC(887) Concurrent Cycle 74.397ms
[2020-08-01T12:08:55.379+0300][33.423s][info ][gc] GC(889) Pause Young (Concurrent Start) (G1 Humongous Allocation) 193M->194M(512M) 31.548ms
[2020-08-01T12:08:55.379+0300][33.423s][info ][gc] GC(890) Concurrent Cycle
[2020-08-01T12:08:55.394+0300][33.438s][debug][gc] GC(890) Reclaimed 124 empty regions
[2020-08-01T12:08:55.395+0300][33.438s][info ][gc] GC(890) Pause Remark 247M->123M(512M) 0.536ms
[2020-08-01T12:08:55.445+0300][33.489s][info ][gc] GC(891) Pause Young (Normal) (G1 Evacuation Pause) 172M->159M(512M) 31.162ms
[2020-08-01T12:08:55.450+0300][33.494s][info ][gc] GC(890) Pause Cleanup 169M->169M(512M) 0.133ms
[2020-08-01T12:08:55.451+0300][33.494s][info ][gc] GC(890) Concurrent Cycle 71.612ms
[2020-08-01T12:08:55.485+0300][33.528s][info ][gc] GC(892) Pause Young (Concurrent Start) (G1 Humongous Allocation) 192M->193M(512M) 25.422ms
[2020-08-01T12:08:55.485+0300][33.528s][info ][gc] GC(893) Concurrent Cycle
[2020-08-01T12:08:55.501+0300][33.544s][debug][gc] GC(893) Reclaimed 123 empty regions
[2020-08-01T12:08:55.501+0300][33.544s][info ][gc] GC(893) Pause Remark 246M->123M(512M) 0.584ms
[2020-08-01T12:08:55.553+0300][33.596s][info ][gc] GC(894) Pause Young (Normal) (G1 Evacuation Pause) 173M->160M(512M) 32.091ms
[2020-08-01T12:08:55.557+0300][33.601s][info ][gc] GC(893) Pause Cleanup 168M->168M(512M) 0.115ms
[2020-08-01T12:08:55.557+0300][33.601s][info ][gc] GC(893) Concurrent Cycle 72.779ms
[2020-08-01T12:08:55.592+0300][33.636s][info ][gc] GC(895) Pause Young (Concurrent Start) (G1 Humongous Allocation) 192M->194M(512M) 25.934ms
[2020-08-01T12:08:55.592+0300][33.636s][info ][gc] GC(896) Concurrent Cycle
[2020-08-01T12:08:55.608+0300][33.652s][debug][gc] GC(896) Reclaimed 123 empty regions
[2020-08-01T12:08:55.608+0300][33.652s][info ][gc] GC(896) Pause Remark 246M->123M(512M) 0.532ms
[2020-08-01T12:08:55.660+0300][33.704s][info ][gc] GC(897) Pause Young (Normal) (G1 Evacuation Pause) 173M->160M(512M) 32.036ms
[2020-08-01T12:08:55.665+0300][33.709s][info ][gc] GC(896) Pause Cleanup 170M->170M(512M) 0.302ms
[2020-08-01T12:08:55.666+0300][33.710s][info ][gc] GC(896) Concurrent Cycle 73.677ms
[2020-08-01T12:08:55.700+0300][33.744s][info ][gc] GC(898) Pause Young (Concurrent Start) (G1 Humongous Allocation) 193M->194M(512M) 25.183ms
[2020-08-01T12:08:55.700+0300][33.744s][info ][gc] GC(899) Concurrent Cycle
[2020-08-01T12:08:55.716+0300][33.760s][debug][gc] GC(899) Reclaimed 124 empty regions
[2020-08-01T12:08:55.716+0300][33.760s][info ][gc] GC(899) Pause Remark 248M->124M(512M) 0.576ms
[2020-08-01T12:08:55.768+0300][33.812s][info ][gc] GC(900) Pause Young (Normal) (G1 Evacuation Pause) 172M->160M(512M) 32.535ms
[2020-08-01T12:08:55.772+0300][33.816s][info ][gc] GC(899) Pause Cleanup 169M->169M(512M) 0.080ms
[2020-08-01T12:08:55.773+0300][33.817s][info ][gc] GC(899) Concurrent Cycle 72.716ms
[2020-08-01T12:08:55.807+0300][33.851s][info ][gc] GC(901) Pause Young (Concurrent Start) (G1 Humongous Allocation) 193M->194M(512M) 25.227ms
[2020-08-01T12:08:55.807+0300][33.851s][info ][gc] GC(902) Concurrent Cycle
[2020-08-01T12:08:55.823+0300][33.866s][debug][gc] GC(902) Reclaimed 124 empty regions
[2020-08-01T12:08:55.823+0300][33.866s][info ][gc] GC(902) Pause Remark 247M->123M(512M) 0.539ms
[2020-08-01T12:08:55.874+0300][33.918s][info ][gc] GC(903) Pause Young (Normal) (G1 Evacuation Pause) 172M->159M(512M) 31.583ms
[2020-08-01T12:08:55.878+0300][33.922s][info ][gc] GC(902) Pause Cleanup 167M->167M(512M) 0.125ms
[2020-08-01T12:08:55.879+0300][33.923s][info ][gc] GC(902) Concurrent Cycle 72.044ms
[2020-08-01T12:08:55.914+0300][33.958s][info ][gc] GC(904) Pause Young (Concurrent Start) (G1 Humongous Allocation) 192M->193M(512M) 25.622ms
[2020-08-01T12:08:55.915+0300][33.958s][info ][gc] GC(905) Concurrent Cycle
[2020-08-01T12:08:55.931+0300][33.975s][debug][gc] GC(905) Reclaimed 123 empty regions
[2020-08-01T12:08:55.931+0300][33.975s][info ][gc] GC(905) Pause Remark 246M->123M(512M) 0.650ms
[2020-08-01T12:08:55.982+0300][34.026s][info ][gc] GC(906) Pause Young (Normal) (G1 Evacuation Pause) 172M->160M(512M) 31.426ms
[2020-08-01T12:08:55.986+0300][34.030s][info ][gc] GC(905) Pause Cleanup 170M->170M(512M) 0.080ms
[2020-08-01T12:08:55.987+0300][34.031s][info ][gc] GC(905) Concurrent Cycle 72.196ms
[2020-08-01T12:08:56.021+0300][34.064s][info ][gc] GC(907) Pause Young (Concurrent Start) (G1 Humongous Allocation) 193M->194M(512M) 25.088ms
[2020-08-01T12:08:56.021+0300][34.064s][info ][gc] GC(908) Concurrent Cycle
[2020-08-01T12:08:56.036+0300][34.080s][debug][gc] GC(908) Reclaimed 122 empty regions
[2020-08-01T12:08:56.036+0300][34.080s][info ][gc] GC(908) Pause Remark 247M->125M(512M) 0.537ms
[2020-08-01T12:08:56.089+0300][34.132s][info ][gc] GC(909) Pause Young (Normal) (G1 Evacuation Pause) 174M->161M(512M) 32.018ms
[2020-08-01T12:08:56.093+0300][34.137s][info ][gc] GC(908) Pause Cleanup 171M->171M(512M) 0.093ms
[2020-08-01T12:08:56.094+0300][34.138s][info ][gc] GC(908) Concurrent Cycle 73.298ms
[2020-08-01T12:08:56.128+0300][34.172s][info ][gc] GC(910) Pause Young (Concurrent Start) (G1 Humongous Allocation) 194M->196M(512M) 25.580ms
[2020-08-01T12:08:56.128+0300][34.172s][info ][gc] GC(911) Concurrent Cycle
[2020-08-01T12:08:56.144+0300][34.187s][debug][gc] GC(911) Reclaimed 124 empty regions
[2020-08-01T12:08:56.144+0300][34.187s][info ][gc] GC(911) Pause Remark 248M->124M(512M) 0.536ms
[2020-08-01T12:08:56.197+0300][34.240s][info ][gc] GC(912) Pause Young (Normal) (G1 Evacuation Pause) 174M->162M(512M) 32.715ms
[2020-08-01T12:08:56.201+0300][34.245s][info ][gc] GC(911) Pause Cleanup 172M->172M(512M) 0.084ms
[2020-08-01T12:08:56.201+0300][34.245s][info ][gc] GC(911) Concurrent Cycle 72.958ms
[2020-08-01T12:08:56.236+0300][34.279s][info ][gc] GC(913) Pause Young (Concurrent Start) (G1 Humongous Allocation) 195M->196M(512M) 25.390ms
[2020-08-01T12:08:56.236+0300][34.279s][info ][gc] GC(914) Concurrent Cycle
[2020-08-01T12:08:56.252+0300][34.296s][debug][gc] GC(914) Reclaimed 124 empty regions
[2020-08-01T12:08:56.252+0300][34.296s][info ][gc] GC(914) Pause Remark 246M->122M(512M) 0.661ms
[2020-08-01T12:08:56.304+0300][34.348s][info ][gc] GC(915) Pause Young (Normal) (G1 Evacuation Pause) 174M->163M(512M) 31.241ms
[2020-08-01T12:08:56.308+0300][34.351s][info ][gc] GC(914) Pause Cleanup 172M->172M(512M) 0.098ms
[2020-08-01T12:08:56.309+0300][34.353s][info ][gc] GC(914) Concurrent Cycle 73.105ms
[2020-08-01T12:08:56.350+0300][34.393s][info ][gc] GC(916) Pause Young (Concurrent Start) (G1 Humongous Allocation) 196M->197M(512M) 31.869ms
[2020-08-01T12:08:56.350+0300][34.394s][info ][gc] GC(917) Concurrent Cycle
[2020-08-01T12:08:56.366+0300][34.410s][debug][gc] GC(917) Reclaimed 125 empty regions
[2020-08-01T12:08:56.367+0300][34.410s][info ][gc] GC(917) Pause Remark 251M->126M(512M) 0.529ms
[2020-08-01T12:08:56.419+0300][34.463s][info ][gc] GC(918) Pause Young (Normal) (G1 Evacuation Pause) 173M->161M(512M) 33.572ms
[2020-08-01T12:08:56.424+0300][34.468s][info ][gc] GC(917) Pause Cleanup 173M->173M(512M) 0.083ms
[2020-08-01T12:08:56.424+0300][34.468s][info ][gc] GC(917) Concurrent Cycle 74.748ms
[2020-08-01T12:08:56.458+0300][34.502s][info ][gc] GC(919) Pause Young (Concurrent Start) (G1 Humongous Allocation) 195M->196M(512M) 25.622ms
[2020-08-01T12:08:56.458+0300][34.502s][info ][gc] GC(920) Concurrent Cycle
[2020-08-01T12:08:56.474+0300][34.518s][debug][gc] GC(920) Reclaimed 124 empty regions
[2020-08-01T12:08:56.474+0300][34.518s][info ][gc] GC(920) Pause Remark 249M->125M(512M) 0.528ms
[2020-08-01T12:08:56.528+0300][34.571s][info ][gc] GC(921) Pause Young (Normal) (G1 Evacuation Pause) 174M->162M(512M) 33.359ms
[2020-08-01T12:08:56.533+0300][34.576s][info ][gc] GC(920) Pause Cleanup 173M->173M(512M) 0.112ms
[2020-08-01T12:08:56.533+0300][34.577s][info ][gc] GC(920) Concurrent Cycle 74.671ms
[2020-08-01T12:08:56.567+0300][34.610s][info ][gc] GC(922) Pause Young (Concurrent Start) (G1 Humongous Allocation) 195M->197M(512M) 25.219ms
[2020-08-01T12:08:56.567+0300][34.611s][info ][gc] GC(923) Concurrent Cycle
[2020-08-01T12:08:56.584+0300][34.628s][debug][gc] GC(923) Reclaimed 125 empty regions
[2020-08-01T12:08:56.584+0300][34.628s][info ][gc] GC(923) Pause Remark 252M->127M(512M) 0.629ms
[2020-08-01T12:08:56.636+0300][34.680s][info ][gc] GC(924) Pause Young (Normal) (G1 Evacuation Pause) 173M->160M(512M) 33.682ms
[2020-08-01T12:08:56.641+0300][34.685s][info ][gc] GC(923) Pause Cleanup 172M->172M(512M) 0.089ms
[2020-08-01T12:08:56.642+0300][34.686s][info ][gc] GC(923) Concurrent Cycle 75.073ms
[2020-08-01T12:08:56.677+0300][34.721s][info ][gc] GC(925) Pause Young (Concurrent Start) (G1 Humongous Allocation) 194M->195M(512M) 27.240ms
[2020-08-01T12:08:56.677+0300][34.721s][info ][gc] GC(926) Concurrent Cycle
[2020-08-01T12:08:56.695+0300][34.739s][debug][gc] GC(926) Reclaimed 123 empty regions
[2020-08-01T12:08:56.695+0300][34.739s][info ][gc] GC(926) Pause Remark 251M->128M(512M) 0.553ms
[2020-08-01T12:08:56.749+0300][34.793s][info ][gc] GC(927) Pause Young (Normal) (G1 Evacuation Pause) 174M->162M(512M) 34.935ms
[2020-08-01T12:08:56.754+0300][34.798s][info ][gc] GC(926) Pause Cleanup 174M->174M(512M) 0.153ms
[2020-08-01T12:08:56.755+0300][34.799s][info ][gc] GC(926) Concurrent Cycle 77.826ms
[2020-08-01T12:08:56.792+0300][34.836s][info ][gc] GC(928) Pause Young (Concurrent Start) (G1 Humongous Allocation) 195M->196M(512M) 28.073ms
[2020-08-01T12:08:56.792+0300][34.836s][info ][gc] GC(929) Concurrent Cycle
[2020-08-01T12:08:56.808+0300][34.852s][debug][gc] GC(929) Reclaimed 124 empty regions
[2020-08-01T12:08:56.808+0300][34.852s][info ][gc] GC(929) Pause Remark 250M->126M(512M) 0.593ms
[2020-08-01T12:08:56.860+0300][34.903s][info ][gc] GC(930) Pause Young (Normal) (G1 Evacuation Pause) 174M->163M(512M) 31.561ms
[2020-08-01T12:08:56.864+0300][34.908s][info ][gc] GC(929) Pause Cleanup 174M->174M(512M) 0.086ms
[2020-08-01T12:08:56.864+0300][34.908s][info ][gc] GC(929) Concurrent Cycle 72.484ms
[2020-08-01T12:08:56.899+0300][34.942s][info ][gc] GC(931) Pause Young (Concurrent Start) (G1 Humongous Allocation) 196M->197M(512M) 25.888ms
[2020-08-01T12:08:56.899+0300][34.943s][info ][gc] GC(932) Concurrent Cycle
[2020-08-01T12:08:56.914+0300][34.958s][debug][gc] GC(932) Reclaimed 125 empty regions
[2020-08-01T12:08:56.914+0300][34.958s][info ][gc] GC(932) Pause Remark 249M->124M(512M) 0.527ms
[2020-08-01T12:08:56.966+0300][35.010s][info ][gc] GC(933) Pause Young (Normal) (G1 Evacuation Pause) 173M->162M(512M) 32.241ms
[2020-08-01T12:08:56.971+0300][35.015s][info ][gc] GC(932) Pause Cleanup 172M->172M(512M) 0.094ms
[2020-08-01T12:08:56.971+0300][35.015s][info ][gc] GC(932) Concurrent Cycle 72.575ms
[2020-08-01T12:08:57.007+0300][35.051s][info ][gc] GC(934) Pause Young (Concurrent Start) (G1 Humongous Allocation) 196M->197M(512M) 26.797ms
[2020-08-01T12:08:57.007+0300][35.051s][info ][gc] GC(935) Concurrent Cycle
[2020-08-01T12:08:57.023+0300][35.067s][debug][gc] GC(935) Reclaimed 124 empty regions
[2020-08-01T12:08:57.023+0300][35.067s][info ][gc] GC(935) Pause Remark 251M->127M(512M) 0.534ms
[2020-08-01T12:08:57.075+0300][35.118s][info ][gc] GC(936) Pause Young (Normal) (G1 Evacuation Pause) 174M->162M(512M) 32.226ms
[2020-08-01T12:08:57.080+0300][35.123s][info ][gc] GC(935) Pause Cleanup 174M->174M(512M) 0.089ms
[2020-08-01T12:08:57.080+0300][35.124s][info ][gc] GC(935) Concurrent Cycle 72.878ms
[2020-08-01T12:08:57.114+0300][35.158s][info ][gc] GC(937) Pause Young (Concurrent Start) (G1 Humongous Allocation) 196M->197M(512M) 25.757ms
[2020-08-01T12:08:57.114+0300][35.158s][info ][gc] GC(938) Concurrent Cycle
[2020-08-01T12:08:57.130+0300][35.174s][debug][gc] GC(938) Reclaimed 125 empty regions
[2020-08-01T12:08:57.130+0300][35.174s][info ][gc] GC(938) Pause Remark 251M->126M(512M) 0.534ms
[2020-08-01T12:08:57.180+0300][35.224s][info ][gc] GC(939) Pause Young (Normal) (G1 Evacuation Pause) 173M->162M(512M) 31.654ms
[2020-08-01T12:08:57.186+0300][35.230s][info ][gc] GC(938) Pause Cleanup 175M->175M(512M) 0.087ms
[2020-08-01T12:08:57.187+0300][35.230s][info ][gc] GC(938) Concurrent Cycle 72.474ms
[2020-08-01T12:08:57.220+0300][35.264s][info ][gc] GC(940) Pause Young (Concurrent Start) (G1 Humongous Allocation) 196M->196M(512M) 25.828ms
[2020-08-01T12:08:57.220+0300][35.264s][info ][gc] GC(941) Concurrent Cycle
[2020-08-01T12:08:57.237+0300][35.281s][debug][gc] GC(941) Reclaimed 124 empty regions
[2020-08-01T12:08:57.237+0300][35.281s][info ][gc] GC(941) Pause Remark 251M->127M(512M) 0.733ms
[2020-08-01T12:08:57.289+0300][35.333s][info ][gc] GC(942) Pause Young (Normal) (G1 Evacuation Pause) 174M->162M(512M) 31.719ms
[2020-08-01T12:08:57.293+0300][35.337s][info ][gc] GC(941) Pause Cleanup 173M->173M(512M) 0.097ms
[2020-08-01T12:08:57.294+0300][35.338s][info ][gc] GC(941) Concurrent Cycle 73.755ms
[2020-08-01T12:08:57.328+0300][35.371s][info ][gc] GC(943) Pause Young (Concurrent Start) (G1 Humongous Allocation) 195M->197M(512M) 25.418ms
[2020-08-01T12:08:57.328+0300][35.372s][info ][gc] GC(944) Concurrent Cycle
[2020-08-01T12:08:57.345+0300][35.389s][debug][gc] GC(944) Reclaimed 124 empty regions
[2020-08-01T12:08:57.345+0300][35.389s][info ][gc] GC(944) Pause Remark 252M->128M(512M) 0.586ms
[2020-08-01T12:08:57.397+0300][35.441s][info ][gc] GC(945) Pause Young (Normal) (G1 Evacuation Pause) 174M->162M(512M) 32.696ms
[2020-08-01T12:08:57.403+0300][35.447s][info ][gc] GC(944) Pause Cleanup 176M->176M(512M) 0.087ms
[2020-08-01T12:08:57.404+0300][35.447s][info ][gc] GC(944) Concurrent Cycle 75.779ms
[2020-08-01T12:08:57.437+0300][35.481s][info ][gc] GC(946) Pause Young (Concurrent Start) (G1 Humongous Allocation) 196M->197M(512M) 25.838ms
[2020-08-01T12:08:57.437+0300][35.481s][info ][gc] GC(947) Concurrent Cycle
[2020-08-01T12:08:57.454+0300][35.497s][debug][gc] GC(947) Reclaimed 122 empty regions
[2020-08-01T12:08:57.454+0300][35.497s][info ][gc] GC(947) Pause Remark 252M->130M(512M) 0.531ms
[2020-08-01T12:08:57.504+0300][35.548s][info ][gc] GC(948) Pause Young (Normal) (G1 Evacuation Pause) 176M->164M(512M) 31.349ms
[2020-08-01T12:08:57.509+0300][35.553s][info ][gc] GC(947) Pause Cleanup 177M->177M(512M) 0.093ms
[2020-08-01T12:08:57.510+0300][35.553s][info ][gc] GC(947) Concurrent Cycle 72.464ms
[2020-08-01T12:08:57.589+0300][35.633s][info ][gc] GC(949) Pause Young (Prepare Mixed) (G1 Evacuation Pause) 276M->278M(512M) 47.274ms
[2020-08-01T12:08:57.648+0300][35.691s][info ][gc] GC(950) Pause Young (Mixed) (G1 Evacuation Pause) 290M->265M(512M) 53.892ms
[2020-08-01T12:08:57.686+0300][35.730s][info ][gc] GC(951) Pause Young (Concurrent Start) (G1 Humongous Allocation) 310M->311M(512M) 19.572ms
[2020-08-01T12:08:57.686+0300][35.730s][info ][gc] GC(952) Concurrent Cycle
[2020-08-01T12:08:57.704+0300][35.747s][debug][gc] GC(952) Reclaimed 254 empty regions
[2020-08-01T12:08:57.704+0300][35.747s][info ][gc] GC(952) Pause Remark 368M->114M(512M) 0.615ms
[2020-08-01T12:08:57.726+0300][35.770s][info ][gc] GC(953) Pause Young (Normal) (G1 Evacuation Pause) 123M->117M(512M) 18.690ms
[2020-08-01T12:08:57.749+0300][35.793s][info ][gc] GC(952) Pause Cleanup 175M->175M(512M) 0.061ms
[2020-08-01T12:08:57.750+0300][35.793s][info ][gc] GC(952) Concurrent Cycle 63.590ms
[2020-08-01T12:08:57.786+0300][35.830s][info ][gc] GC(954) Pause Young (Concurrent Start) (G1 Humongous Allocation) 186M->187M(512M) 32.354ms
[2020-08-01T12:08:57.786+0300][35.830s][info ][gc] GC(955) Concurrent Cycle
[2020-08-01T12:08:57.810+0300][35.854s][debug][gc] GC(955) Reclaimed 102 empty regions
[2020-08-01T12:08:57.810+0300][35.854s][info ][gc] GC(955) Pause Remark 259M->157M(512M) 0.529ms
[2020-08-01T12:08:57.856+0300][35.900s][info ][gc] GC(956) Pause Young (Normal) (G1 Evacuation Pause) 190M->176M(512M) 32.569ms
[2020-08-01T12:08:57.880+0300][35.923s][info ][gc] GC(955) Pause Cleanup 251M->251M(512M) 0.070ms
[2020-08-01T12:08:57.880+0300][35.924s][info ][gc] GC(955) Concurrent Cycle 94.199ms
[2020-08-01T12:08:57.939+0300][35.983s][info ][gc] GC(957) Pause Young (Normal) (G1 Evacuation Pause) 284M->286M(512M) 46.225ms
[2020-08-01T12:08:57.985+0300][36.029s][info ][gc] GC(958) Pause Young (Concurrent Start) (G1 Evacuation Pause) 339M->340M(512M) 25.402ms
[2020-08-01T12:08:57.985+0300][36.029s][info ][gc] GC(959) Concurrent Cycle
[2020-08-01T12:08:58.021+0300][36.065s][info ][gc] GC(960) Pause Young (Normal) (G1 Evacuation Pause) 396M->398M(512M) 17.744ms
[2020-08-01T12:08:58.042+0300][36.086s][info ][gc] GC(961) Pause Young (Normal) (G1 Evacuation Pause) 417M->419M(512M) 13.215ms
[2020-08-01T12:08:58.068+0300][36.111s][info ][gc] GC(962) Pause Young (Normal) (G1 Evacuation Pause) 440M->441M(512M) 15.655ms
[2020-08-01T12:08:58.091+0300][36.135s][info ][gc] GC(963) Pause Young (Normal) (G1 Evacuation Pause) 462M->463M(512M) 12.684ms
[2020-08-01T12:08:58.115+0300][36.159s][info ][gc] GC(964) Pause Young (Normal) (G1 Evacuation Pause) 484M->485M(512M) 11.854ms
[2020-08-01T12:08:58.135+0300][36.179s][info ][gc] GC(965) To-space exhausted
[2020-08-01T12:08:58.135+0300][36.179s][info ][gc] GC(965) Pause Young (Normal) (G1 Evacuation Pause) 511M->512M(512M) 15.199ms
[2020-08-01T12:08:58.136+0300][36.179s][debug][gc] GC(966) Clear Next Bitmap 0.326ms
[2020-08-01T12:08:58.150+0300][36.194s][info ][gc] GC(966) Pause Full (G1 Evacuation Pause) 512M->27M(512M) 14.537ms
[2020-08-01T12:08:58.150+0300][36.194s][info ][gc] GC(959) Concurrent Cycle 164.652ms
[2020-08-01T12:08:58.257+0300][36.301s][info ][gc] GC(967) Pause Young (Normal) (G1 Evacuation Pause) 181M->182M(512M) 52.960ms
[2020-08-01T12:08:58.344+0300][36.388s][info ][gc] GC(968) Pause Young (Concurrent Start) (G1 Evacuation Pause) 266M->266M(512M) 47.763ms
[2020-08-01T12:08:58.344+0300][36.388s][info ][gc] GC(969) Concurrent Cycle
[2020-08-01T12:08:58.413+0300][36.457s][info ][gc] GC(970) Pause Young (Normal) (G1 Evacuation Pause) 344M->345M(512M) 38.661ms
[2020-08-01T12:08:58.445+0300][36.489s][info ][gc] GC(971) Pause Young (Normal) (G1 Evacuation Pause) 378M->380M(512M) 17.382ms
[2020-08-01T12:08:58.466+0300][36.509s][info ][gc] GC(972) Pause Young (Normal) (G1 Evacuation Pause) 402M->404M(512M) 11.478ms
[2020-08-01T12:08:58.488+0300][36.532s][info ][gc] GC(973) Pause Young (Normal) (G1 Evacuation Pause) 445M->446M(512M) 12.450ms
[2020-08-01T12:08:58.490+0300][36.534s][debug][gc] GC(969) Reclaimed 49 empty regions
[2020-08-01T12:08:58.491+0300][36.534s][info ][gc] GC(969) Pause Remark 451M->406M(512M) 0.519ms
[2020-08-01T12:08:58.508+0300][36.552s][info ][gc] GC(974) Pause Young (Normal) (G1 Evacuation Pause) 422M->423M(512M) 10.663ms
[2020-08-01T12:08:58.529+0300][36.573s][info ][gc] GC(975) Pause Young (Normal) (G1 Evacuation Pause) 444M->446M(512M) 12.796ms
[2020-08-01T12:08:58.553+0300][36.597s][info ][gc] GC(976) Pause Young (Normal) (G1 Evacuation Pause) 467M->468M(512M) 15.390ms
[2020-08-01T12:08:58.583+0300][36.626s][info ][gc] GC(977) To-space exhausted
[2020-08-01T12:08:58.583+0300][36.626s][info ][gc] GC(977) Pause Young (Normal) (G1 Evacuation Pause) 489M->496M(512M) 20.728ms
[2020-08-01T12:08:58.621+0300][36.664s][info ][gc] GC(978) To-space exhausted
[2020-08-01T12:08:58.621+0300][36.664s][info ][gc] GC(978) Pause Young (Normal) (G1 Evacuation Pause) 511M->511M(512M) 31.459ms
[2020-08-01T12:08:58.621+0300][36.665s][debug][gc] GC(979) Clear Next Bitmap 0.304ms
[2020-08-01T12:08:58.713+0300][36.757s][info ][gc] GC(979) Pause Full (G1 Evacuation Pause) 511M->133M(512M) 92.293ms
[2020-08-01T12:08:58.713+0300][36.757s][info ][gc] GC(969) Concurrent Cycle 369.407ms
[2020-08-01T12:08:58.718+0300][36.762s][info ][gc] GC(980) Pause Young (Concurrent Start) (G1 Humongous Allocation) 136M->136M(512M) 3.295ms
[2020-08-01T12:08:58.718+0300][36.762s][info ][gc] GC(981) Concurrent Cycle
[2020-08-01T12:08:58.723+0300][36.766s][debug][gc] GC(981) Reclaimed 129 empty regions
[2020-08-01T12:08:58.723+0300][36.766s][info ][gc] GC(981) Pause Remark 162M->35M(512M) 0.645ms
[2020-08-01T12:08:58.732+0300][36.775s][info ][gc] GC(981) Pause Cleanup 55M->55M(512M) 0.086ms
[2020-08-01T12:08:58.732+0300][36.776s][info ][gc] GC(981) Concurrent Cycle 14.363ms
[2020-08-01T12:08:58.803+0300][36.847s][info ][gc] GC(982) Pause Young (Normal) (G1 Evacuation Pause) 129M->126M(512M) 42.244ms
[2020-08-01T12:08:58.822+0300][36.866s][info ][gc] GC(983) Pause Young (Concurrent Start) (G1 Humongous Allocation) 141M->143M(512M) 12.838ms
[2020-08-01T12:08:58.822+0300][36.866s][info ][gc] GC(984) Concurrent Cycle
[2020-08-01T12:08:58.834+0300][36.878s][debug][gc] GC(984) Reclaimed 105 empty regions
[2020-08-01T12:08:58.834+0300][36.878s][info ][gc] GC(984) Pause Remark 184M->79M(512M) 0.719ms
[2020-08-01T12:08:58.849+0300][36.892s][info ][gc] GC(984) Pause Cleanup 115M->115M(512M) 0.065ms
[2020-08-01T12:08:58.849+0300][36.893s][info ][gc] GC(984) Concurrent Cycle 26.725ms
[2020-08-01T12:08:58.904+0300][36.948s][info ][gc] GC(985) Pause Young (Normal) (G1 Evacuation Pause) 156M->143M(512M) 38.596ms
[2020-08-01T12:08:58.924+0300][36.968s][info ][gc] GC(986) Pause Young (Concurrent Start) (G1 Humongous Allocation) 160M->161M(512M) 14.041ms
[2020-08-01T12:08:58.925+0300][36.968s][info ][gc] GC(987) Concurrent Cycle
[2020-08-01T12:08:58.937+0300][36.981s][debug][gc] GC(987) Reclaimed 121 empty regions
[2020-08-01T12:08:58.938+0300][36.981s][info ][gc] GC(987) Pause Remark 206M->85M(512M) 0.545ms
[2020-08-01T12:08:58.954+0300][36.998s][info ][gc] GC(987) Pause Cleanup 126M->126M(512M) 0.070ms
[2020-08-01T12:08:58.954+0300][36.998s][info ][gc] GC(987) Concurrent Cycle 29.941ms
[2020-08-01T12:08:59.001+0300][37.045s][info ][gc] GC(988) Pause Young (Normal) (G1 Evacuation Pause) 152M->139M(512M) 36.685ms
[2020-08-01T12:08:59.026+0300][37.070s][info ][gc] GC(989) Pause Young (Concurrent Start) (G1 Humongous Allocation) 162M->163M(512M) 15.590ms
[2020-08-01T12:08:59.026+0300][37.070s][info ][gc] GC(990) Concurrent Cycle
[2020-08-01T12:08:59.040+0300][37.084s][debug][gc] GC(990) Reclaimed 117 empty regions
[2020-08-01T12:08:59.040+0300][37.084s][info ][gc] GC(990) Pause Remark 210M->93M(512M) 0.617ms
[2020-08-01T12:08:59.059+0300][37.103s][info ][gc] GC(990) Pause Cleanup 141M->141M(512M) 0.066ms
[2020-08-01T12:08:59.060+0300][37.104s][info ][gc] GC(990) Concurrent Cycle 33.773ms
[2020-08-01T12:08:59.102+0300][37.146s][info ][gc] GC(991) Pause Young (Normal) (G1 Evacuation Pause) 158M->145M(512M) 35.975ms
[2020-08-01T12:08:59.127+0300][37.171s][info ][gc] GC(992) Pause Young (Concurrent Start) (G1 Humongous Allocation) 168M->170M(512M) 14.866ms
[2020-08-01T12:08:59.127+0300][37.171s][info ][gc] GC(993) Concurrent Cycle
[2020-08-01T12:08:59.141+0300][37.185s][debug][gc] GC(993) Reclaimed 124 empty regions
[2020-08-01T12:08:59.141+0300][37.185s][info ][gc] GC(993) Pause Remark 218M->94M(512M) 0.570ms
[2020-08-01T12:08:59.161+0300][37.205s][info ][gc] GC(993) Pause Cleanup 142M->142M(512M) 0.076ms
[2020-08-01T12:08:59.161+0300][37.205s][info ][gc] GC(993) Concurrent Cycle 34.158ms
[2020-08-01T12:08:59.203+0300][37.247s][info ][gc] GC(994) Pause Young (Normal) (G1 Evacuation Pause) 156M->143M(512M) 36.769ms
[2020-08-01T12:08:59.230+0300][37.273s][info ][gc] GC(995) Pause Young (Concurrent Start) (G1 Humongous Allocation) 168M->169M(512M) 16.524ms
[2020-08-01T12:08:59.230+0300][37.273s][info ][gc] GC(996) Concurrent Cycle
[2020-08-01T12:08:59.245+0300][37.289s][debug][gc] GC(996) Reclaimed 123 empty regions
[2020-08-01T12:08:59.245+0300][37.289s][info ][gc] GC(996) Pause Remark 217M->94M(512M) 0.592ms
[2020-08-01T12:08:59.265+0300][37.309s][info ][gc] GC(996) Pause Cleanup 140M->140M(512M) 0.072ms
[2020-08-01T12:08:59.265+0300][37.309s][info ][gc] GC(996) Concurrent Cycle 35.800ms
[2020-08-01T12:08:59.309+0300][37.352s][info ][gc] GC(997) Pause Young (Normal) (G1 Evacuation Pause) 156M->143M(512M) 37.017ms
[2020-08-01T12:08:59.339+0300][37.383s][info ][gc] GC(998) Pause Young (Concurrent Start) (G1 Humongous Allocation) 169M->170M(512M) 18.933ms
[2020-08-01T12:08:59.339+0300][37.383s][info ][gc] GC(999) Concurrent Cycle
[2020-08-01T12:08:59.354+0300][37.398s][debug][gc] GC(999) Reclaimed 120 empty regions
[2020-08-01T12:08:59.354+0300][37.398s][info ][gc] GC(999) Pause Remark 212M->92M(512M) 0.643ms
[2020-08-01T12:08:59.375+0300][37.419s][info ][gc] GC(999) Pause Cleanup 140M->140M(512M) 0.072ms
[2020-08-01T12:08:59.375+0300][37.419s][info ][gc] GC(999) Concurrent Cycle 36.350ms
[2020-08-01T12:08:59.421+0300][37.465s][info ][gc] GC(1000) Pause Young (Normal) (G1 Evacuation Pause) 160M->147M(512M) 37.419ms
[2020-08-01T12:08:59.447+0300][37.491s][info ][gc] GC(1001) Pause Young (Concurrent Start) (G1 Humongous Allocation) 172M->173M(512M) 16.688ms
[2020-08-01T12:08:59.447+0300][37.491s][info ][gc] GC(1002) Concurrent Cycle
[2020-08-01T12:08:59.463+0300][37.507s][debug][gc] GC(1002) Reclaimed 120 empty regions
[2020-08-01T12:08:59.463+0300][37.507s][info ][gc] GC(1002) Pause Remark 221M->101M(512M) 0.615ms
[2020-08-01T12:08:59.483+0300][37.527s][info ][gc] GC(1002) Pause Cleanup 150M->150M(512M) 0.070ms
[2020-08-01T12:08:59.484+0300][37.528s][info ][gc] GC(1002) Concurrent Cycle 36.441ms
[2020-08-01T12:08:59.522+0300][37.566s][info ][gc] GC(1003) Pause Young (Normal) (G1 Evacuation Pause) 162M->150M(512M) 33.852ms
[2020-08-01T12:08:59.549+0300][37.592s][info ][gc] GC(1004) Pause Young (Concurrent Start) (G1 Humongous Allocation) 176M->177M(512M) 16.179ms
[2020-08-01T12:08:59.549+0300][37.592s][info ][gc] GC(1005) Concurrent Cycle
[2020-08-01T12:08:59.564+0300][37.607s][debug][gc] GC(1005) Reclaimed 122 empty regions
[2020-08-01T12:08:59.564+0300][37.607s][info ][gc] GC(1005) Pause Remark 226M->104M(512M) 0.674ms
[2020-08-01T12:08:59.584+0300][37.628s][info ][gc] GC(1005) Pause Cleanup 155M->155M(512M) 0.090ms
[2020-08-01T12:08:59.585+0300][37.629s][info ][gc] GC(1005) Concurrent Cycle 36.162ms
[2020-08-01T12:08:59.626+0300][37.670s][info ][gc] GC(1006) Pause Young (Normal) (G1 Evacuation Pause) 163M->151M(512M) 38.593ms
[2020-08-01T12:08:59.655+0300][37.699s][info ][gc] GC(1007) Pause Young (Concurrent Start) (G1 Humongous Allocation) 178M->179M(512M) 17.710ms
[2020-08-01T12:08:59.655+0300][37.699s][info ][gc] GC(1008) Concurrent Cycle
[2020-08-01T12:08:59.671+0300][37.715s][debug][gc] GC(1008) Reclaimed 123 empty regions
[2020-08-01T12:08:59.672+0300][37.715s][info ][gc] GC(1008) Pause Remark 231M->108M(512M) 0.540ms
[2020-08-01T12:08:59.694+0300][37.738s][info ][gc] GC(1008) Pause Cleanup 161M->161M(512M) 0.073ms
[2020-08-01T12:08:59.694+0300][37.738s][info ][gc] GC(1008) Concurrent Cycle 39.489ms
[2020-08-01T12:08:59.731+0300][37.775s][info ][gc] GC(1009) Pause Young (Normal) (G1 Evacuation Pause) 163M->150M(512M) 36.099ms
[2020-08-01T12:08:59.760+0300][37.804s][info ][gc] GC(1010) Pause Young (Concurrent Start) (G1 Humongous Allocation) 178M->179M(512M) 17.716ms
[2020-08-01T12:08:59.760+0300][37.804s][info ][gc] GC(1011) Concurrent Cycle
[2020-08-01T12:08:59.775+0300][37.819s][debug][gc] GC(1011) Reclaimed 123 empty regions
[2020-08-01T12:08:59.775+0300][37.819s][info ][gc] GC(1011) Pause Remark 229M->106M(512M) 0.558ms
[2020-08-01T12:08:59.797+0300][37.841s][info ][gc] GC(1011) Pause Cleanup 161M->161M(512M) 0.073ms
[2020-08-01T12:08:59.798+0300][37.841s][info ][gc] GC(1011) Concurrent Cycle 37.101ms
[2020-08-01T12:08:59.833+0300][37.877s][info ][gc] GC(1012) Pause Young (Normal) (G1 Evacuation Pause) 163M->150M(512M) 34.880ms
[2020-08-01T12:08:59.861+0300][37.905s][info ][gc] GC(1013) Pause Young (Concurrent Start) (G1 Humongous Allocation) 178M->179M(512M) 17.312ms
[2020-08-01T12:08:59.862+0300][37.905s][info ][gc] GC(1014) Concurrent Cycle
[2020-08-01T12:08:59.878+0300][37.922s][debug][gc] GC(1014) Reclaimed 122 empty regions
[2020-08-01T12:08:59.878+0300][37.922s][info ][gc] GC(1014) Pause Remark 230M->108M(512M) 0.603ms
[2020-08-01T12:08:59.899+0300][37.943s][info ][gc] GC(1014) Pause Cleanup 161M->161M(512M) 0.074ms
[2020-08-01T12:08:59.900+0300][37.944s][info ][gc] GC(1014) Concurrent Cycle 38.473ms
[2020-08-01T12:08:59.946+0300][37.990s][info ][gc] GC(1015) Pause Young (Normal) (G1 Evacuation Pause) 164M->151M(512M) 44.957ms
[2020-08-01T12:08:59.977+0300][38.020s][info ][gc] GC(1016) Pause Young (Concurrent Start) (G1 Humongous Allocation) 179M->180M(512M) 19.221ms
[2020-08-01T12:08:59.977+0300][38.021s][info ][gc] GC(1017) Concurrent Cycle
[2020-08-01T12:08:59.992+0300][38.036s][debug][gc] GC(1017) Reclaimed 124 empty regions
[2020-08-01T12:08:59.992+0300][38.036s][info ][gc] GC(1017) Pause Remark 230M->106M(512M) 0.579ms
[2020-08-01T12:09:00.014+0300][38.058s][info ][gc] GC(1017) Pause Cleanup 161M->161M(512M) 0.095ms
[2020-08-01T12:09:00.015+0300][38.058s][info ][gc] GC(1017) Concurrent Cycle 37.957ms
[2020-08-01T12:09:00.047+0300][38.091s][info ][gc] GC(1018) Pause Young (Normal) (G1 Evacuation Pause) 163M->151M(512M) 32.069ms
[2020-08-01T12:09:00.075+0300][38.118s][info ][gc] GC(1019) Pause Young (Concurrent Start) (G1 Humongous Allocation) 179M->180M(512M) 16.182ms
[2020-08-01T12:09:00.075+0300][38.118s][info ][gc] GC(1020) Concurrent Cycle
[2020-08-01T12:09:00.092+0300][38.136s][debug][gc] GC(1020) Reclaimed 123 empty regions
[2020-08-01T12:09:00.092+0300][38.136s][info ][gc] GC(1020) Pause Remark 233M->110M(512M) 0.574ms
[2020-08-01T12:09:00.152+0300][38.196s][info ][gc] GC(1021) Pause Young (Normal) (G1 Evacuation Pause) 164M->152M(512M) 38.734ms
[2020-08-01T12:09:00.153+0300][38.197s][info ][gc] GC(1020) Pause Cleanup 153M->153M(512M) 0.123ms
[2020-08-01T12:09:00.154+0300][38.198s][info ][gc] GC(1020) Concurrent Cycle 79.490ms
[2020-08-01T12:09:00.193+0300][38.236s][info ][gc] GC(1022) Pause Young (Concurrent Start) (G1 Humongous Allocation) 180M->181M(512M) 27.823ms
[2020-08-01T12:09:00.193+0300][38.236s][info ][gc] GC(1023) Concurrent Cycle
[2020-08-01T12:09:00.208+0300][38.252s][debug][gc] GC(1023) Reclaimed 124 empty regions
[2020-08-01T12:09:00.208+0300][38.252s][info ][gc] GC(1023) Pause Remark 230M->106M(512M) 0.573ms
[2020-08-01T12:09:00.229+0300][38.273s][info ][gc] GC(1023) Pause Cleanup 161M->161M(512M) 0.067ms
[2020-08-01T12:09:00.230+0300][38.274s][info ][gc] GC(1023) Concurrent Cycle 37.542ms
[2020-08-01T12:09:00.268+0300][38.311s][info ][gc] GC(1024) Pause Young (Normal) (G1 Evacuation Pause) 163M->151M(512M) 36.774ms
[2020-08-01T12:09:00.306+0300][38.350s][info ][gc] GC(1025) Pause Young (Concurrent Start) (G1 Humongous Allocation) 180M->181M(512M) 24.148ms
[2020-08-01T12:09:00.306+0300][38.350s][info ][gc] GC(1026) Concurrent Cycle
[2020-08-01T12:09:00.323+0300][38.367s][debug][gc] GC(1026) Reclaimed 123 empty regions
[2020-08-01T12:09:00.323+0300][38.367s][info ][gc] GC(1026) Pause Remark 226M->103M(512M) 0.617ms
[2020-08-01T12:09:00.346+0300][38.390s][info ][gc] GC(1026) Pause Cleanup 153M->153M(512M) 0.081ms
[2020-08-01T12:09:00.347+0300][38.390s][info ][gc] GC(1026) Concurrent Cycle 40.372ms
[2020-08-01T12:09:00.387+0300][38.430s][info ][gc] GC(1027) Pause Young (Normal) (G1 Evacuation Pause) 164M->151M(512M) 35.755ms
[2020-08-01T12:09:00.417+0300][38.461s][info ][gc] GC(1028) Pause Young (Concurrent Start) (G1 Humongous Allocation) 180M->181M(512M) 18.842ms
[2020-08-01T12:09:00.417+0300][38.461s][info ][gc] GC(1029) Concurrent Cycle
[2020-08-01T12:09:00.433+0300][38.477s][debug][gc] GC(1029) Reclaimed 122 empty regions
[2020-08-01T12:09:00.433+0300][38.477s][info ][gc] GC(1029) Pause Remark 233M->111M(512M) 0.592ms
[2020-08-01T12:09:00.456+0300][38.500s][info ][gc] GC(1029) Pause Cleanup 165M->165M(512M) 0.074ms
[2020-08-01T12:09:00.493+0300][38.537s][info ][gc] GC(1030) Pause Young (Normal) (G1 Evacuation Pause) 165M->152M(512M) 36.961ms
[2020-08-01T12:09:00.494+0300][38.537s][info ][gc] GC(1029) Concurrent Cycle 76.718ms
[2020-08-01T12:09:00.524+0300][38.568s][info ][gc] GC(1031) Pause Young (Concurrent Start) (G1 Humongous Allocation) 181M->182M(512M) 19.394ms
[2020-08-01T12:09:00.524+0300][38.568s][info ][gc] GC(1032) Concurrent Cycle
[2020-08-01T12:09:00.542+0300][38.585s][debug][gc] GC(1032) Reclaimed 124 empty regions
[2020-08-01T12:09:00.542+0300][38.585s][info ][gc] GC(1032) Pause Remark 230M->106M(512M) 0.596ms
[2020-08-01T12:09:00.563+0300][38.607s][info ][gc] GC(1032) Pause Cleanup 161M->161M(512M) 0.077ms
[2020-08-01T12:09:00.564+0300][38.608s][info ][gc] GC(1032) Concurrent Cycle 39.880ms
[2020-08-01T12:09:00.599+0300][38.642s][info ][gc] GC(1033) Pause Young (Normal) (G1 Evacuation Pause) 164M->151M(512M) 33.699ms
[2020-08-01T12:09:00.627+0300][38.671s][info ][gc] GC(1034) Pause Young (Concurrent Start) (G1 Humongous Allocation) 180M->181M(512M) 17.291ms
[2020-08-01T12:09:00.627+0300][38.671s][info ][gc] GC(1035) Concurrent Cycle
[2020-08-01T12:09:00.643+0300][38.687s][debug][gc] GC(1035) Reclaimed 123 empty regions
[2020-08-01T12:09:00.643+0300][38.687s][info ][gc] GC(1035) Pause Remark 234M->111M(512M) 0.699ms
[2020-08-01T12:09:00.699+0300][38.743s][info ][gc] GC(1036) Pause Young (Normal) (G1 Evacuation Pause) 164M->151M(512M) 33.503ms
[2020-08-01T12:09:00.701+0300][38.744s][info ][gc] GC(1035) Pause Cleanup 154M->154M(512M) 0.148ms
[2020-08-01T12:09:00.701+0300][38.745s][info ][gc] GC(1035) Concurrent Cycle 73.751ms
[2020-08-01T12:09:00.739+0300][38.782s][info ][gc] GC(1037) Pause Young (Concurrent Start) (G1 Humongous Allocation) 180M->180M(512M) 27.441ms
[2020-08-01T12:09:00.739+0300][38.782s][info ][gc] GC(1038) Concurrent Cycle
[2020-08-01T12:09:00.756+0300][38.800s][debug][gc] GC(1038) Reclaimed 122 empty regions
[2020-08-01T12:09:00.756+0300][38.800s][info ][gc] GC(1038) Pause Remark 233M->111M(512M) 0.532ms
[2020-08-01T12:09:00.814+0300][38.858s][info ][gc] GC(1039) Pause Young (Normal) (G1 Evacuation Pause) 165M->152M(512M) 35.901ms
[2020-08-01T12:09:00.815+0300][38.858s][info ][gc] GC(1038) Pause Cleanup 153M->153M(512M) 0.132ms
[2020-08-01T12:09:00.816+0300][38.860s][info ][gc] GC(1038) Concurrent Cycle 77.036ms
[2020-08-01T12:09:00.854+0300][38.897s][info ][gc] GC(1040) Pause Young (Concurrent Start) (G1 Humongous Allocation) 180M->181M(512M) 27.448ms
[2020-08-01T12:09:00.854+0300][38.897s][info ][gc] GC(1041) Concurrent Cycle
[2020-08-01T12:09:00.869+0300][38.913s][debug][gc] GC(1041) Reclaimed 124 empty regions
[2020-08-01T12:09:00.869+0300][38.913s][info ][gc] GC(1041) Pause Remark 232M->108M(512M) 0.558ms
[2020-08-01T12:09:00.891+0300][38.935s][info ][gc] GC(1041) Pause Cleanup 160M->160M(512M) 0.069ms
[2020-08-01T12:09:00.891+0300][38.935s][info ][gc] GC(1041) Concurrent Cycle 37.724ms
[2020-08-01T12:09:00.929+0300][38.973s][info ][gc] GC(1042) Pause Young (Normal) (G1 Evacuation Pause) 163M->151M(512M) 36.474ms
[2020-08-01T12:09:00.960+0300][39.004s][info ][gc] GC(1043) Pause Young (Concurrent Start) (G1 Humongous Allocation) 180M->181M(512M) 19.772ms
[2020-08-01T12:09:00.960+0300][39.004s][info ][gc] GC(1044) Concurrent Cycle
[2020-08-01T12:09:00.977+0300][39.021s][debug][gc] GC(1044) Reclaimed 122 empty regions
[2020-08-01T12:09:00.977+0300][39.021s][info ][gc] GC(1044) Pause Remark 232M->110M(512M) 0.608ms
[2020-08-01T12:09:01.000+0300][39.044s][info ][gc] GC(1044) Pause Cleanup 165M->165M(512M) 0.074ms
[2020-08-01T12:09:01.036+0300][39.080s][info ][gc] GC(1045) Pause Young (Normal) (G1 Evacuation Pause) 165M->152M(512M) 36.228ms
[2020-08-01T12:09:01.037+0300][39.081s][info ][gc] GC(1044) Concurrent Cycle 76.687ms
[2020-08-01T12:09:01.068+0300][39.112s][info ][gc] GC(1046) Pause Young (Concurrent Start) (G1 Humongous Allocation) 181M->183M(512M) 19.697ms
[2020-08-01T12:09:01.068+0300][39.112s][info ][gc] GC(1047) Concurrent Cycle
[2020-08-01T12:09:01.084+0300][39.127s][debug][gc] GC(1047) Reclaimed 124 empty regions
[2020-08-01T12:09:01.084+0300][39.127s][info ][gc] GC(1047) Pause Remark 234M->110M(512M) 0.590ms
[2020-08-01T12:09:01.141+0300][39.185s][info ][gc] GC(1048) Pause Young (Normal) (G1 Evacuation Pause) 165M->152M(512M) 35.357ms
[2020-08-01T12:09:01.142+0300][39.186s][info ][gc] GC(1047) Pause Cleanup 154M->154M(512M) 0.077ms
[2020-08-01T12:09:01.143+0300][39.187s][info ][gc] GC(1047) Concurrent Cycle 74.359ms
[2020-08-01T12:09:01.179+0300][39.223s][info ][gc] GC(1049) Pause Young (Concurrent Start) (G1 Humongous Allocation) 181M->182M(512M) 25.939ms
[2020-08-01T12:09:01.179+0300][39.223s][info ][gc] GC(1050) Concurrent Cycle
[2020-08-01T12:09:01.196+0300][39.240s][debug][gc] GC(1050) Reclaimed 123 empty regions
[2020-08-01T12:09:01.196+0300][39.240s][info ][gc] GC(1050) Pause Remark 234M->111M(512M) 0.585ms
[2020-08-01T12:09:01.254+0300][39.298s][info ][gc] GC(1051) Pause Young (Normal) (G1 Evacuation Pause) 165M->153M(512M) 36.116ms
[2020-08-01T12:09:01.255+0300][39.299s][info ][gc] GC(1050) Pause Cleanup 154M->154M(512M) 0.121ms
[2020-08-01T12:09:01.256+0300][39.300s][info ][gc] GC(1050) Concurrent Cycle 76.816ms
[2020-08-01T12:09:01.299+0300][39.343s][info ][gc] GC(1052) Pause Young (Concurrent Start) (G1 Humongous Allocation) 182M->183M(512M) 31.432ms
[2020-08-01T12:09:01.299+0300][39.343s][info ][gc] GC(1053) Concurrent Cycle
[2020-08-01T12:09:01.316+0300][39.360s][debug][gc] GC(1053) Reclaimed 124 empty regions
[2020-08-01T12:09:01.316+0300][39.360s][info ][gc] GC(1053) Pause Remark 221M->97M(512M) 1.040ms
[2020-08-01T12:09:01.339+0300][39.383s][info ][gc] GC(1053) Pause Cleanup 151M->151M(512M) 0.069ms
[2020-08-01T12:09:01.340+0300][39.383s][info ][gc] GC(1053) Concurrent Cycle 40.237ms
[2020-08-01T12:09:01.381+0300][39.425s][info ][gc] GC(1054) Pause Young (Normal) (G1 Evacuation Pause) 165M->152M(512M) 36.131ms
[2020-08-01T12:09:01.412+0300][39.456s][info ][gc] GC(1055) Pause Young (Concurrent Start) (G1 Humongous Allocation) 181M->183M(512M) 18.756ms
[2020-08-01T12:09:01.412+0300][39.456s][info ][gc] GC(1056) Concurrent Cycle
[2020-08-01T12:09:01.427+0300][39.471s][debug][gc] GC(1056) Reclaimed 124 empty regions
[2020-08-01T12:09:01.427+0300][39.471s][info ][gc] GC(1056) Pause Remark 234M->110M(512M) 0.591ms
[2020-08-01T12:09:01.450+0300][39.493s][info ][gc] GC(1056) Pause Cleanup 165M->165M(512M) 0.082ms
[2020-08-01T12:09:01.483+0300][39.527s][info ][gc] GC(1057) Pause Young (Normal) (G1 Evacuation Pause) 165M->152M(512M) 33.222ms
[2020-08-01T12:09:01.484+0300][39.528s][info ][gc] GC(1056) Concurrent Cycle 71.804ms
[2020-08-01T12:09:01.512+0300][39.555s][info ][gc] GC(1058) Pause Young (Concurrent Start) (G1 Humongous Allocation) 181M->183M(512M) 17.146ms
[2020-08-01T12:09:01.512+0300][39.555s][info ][gc] GC(1059) Concurrent Cycle
[2020-08-01T12:09:01.527+0300][39.570s][debug][gc] GC(1059) Reclaimed 124 empty regions
[2020-08-01T12:09:01.527+0300][39.570s][info ][gc] GC(1059) Pause Remark 233M->109M(512M) 0.554ms
[2020-08-01T12:09:01.549+0300][39.592s][info ][gc] GC(1059) Pause Cleanup 165M->165M(512M) 0.074ms
[2020-08-01T12:09:01.581+0300][39.625s][info ][gc] GC(1060) Pause Young (Normal) (G1 Evacuation Pause) 165M->152M(512M) 32.460ms
[2020-08-01T12:09:01.582+0300][39.626s][info ][gc] GC(1059) Concurrent Cycle 70.210ms
[2020-08-01T12:09:01.610+0300][39.654s][info ][gc] GC(1061) Pause Young (Concurrent Start) (G1 Humongous Allocation) 181M->182M(512M) 17.320ms
[2020-08-01T12:09:01.610+0300][39.654s][info ][gc] GC(1062) Concurrent Cycle
[2020-08-01T12:09:01.626+0300][39.670s][debug][gc] GC(1062) Reclaimed 124 empty regions
[2020-08-01T12:09:01.626+0300][39.670s][info ][gc] GC(1062) Pause Remark 234M->110M(512M) 0.632ms
[2020-08-01T12:09:01.649+0300][39.693s][info ][gc] GC(1062) Pause Cleanup 164M->164M(512M) 0.092ms
[2020-08-01T12:09:01.687+0300][39.730s][info ][gc] GC(1063) Pause Young (Normal) (G1 Evacuation Pause) 164M->152M(512M) 36.794ms
[2020-08-01T12:09:01.687+0300][39.731s][info ][gc] GC(1062) Concurrent Cycle 76.433ms
[2020-08-01T12:09:01.717+0300][39.761s][info ][gc] GC(1064) Pause Young (Concurrent Start) (G1 Humongous Allocation) 181M->182M(512M) 18.030ms
[2020-08-01T12:09:01.717+0300][39.761s][info ][gc] GC(1065) Concurrent Cycle
[2020-08-01T12:09:01.733+0300][39.777s][debug][gc] GC(1065) Reclaimed 123 empty regions
[2020-08-01T12:09:01.733+0300][39.777s][info ][gc] GC(1065) Pause Remark 232M->109M(512M) 0.716ms
[2020-08-01T12:09:01.755+0300][39.799s][info ][gc] GC(1065) Pause Cleanup 162M->162M(512M) 0.094ms
[2020-08-01T12:09:01.756+0300][39.800s][info ][gc] GC(1065) Concurrent Cycle 39.045ms
[2020-08-01T12:09:01.794+0300][39.838s][info ][gc] GC(1066) Pause Young (Normal) (G1 Evacuation Pause) 165M->152M(512M) 37.228ms
[2020-08-01T12:09:01.824+0300][39.868s][info ][gc] GC(1067) Pause Young (Concurrent Start) (G1 Humongous Allocation) 181M->183M(512M) 18.432ms
[2020-08-01T12:09:01.824+0300][39.868s][info ][gc] GC(1068) Concurrent Cycle
[2020-08-01T12:09:01.843+0300][39.886s][debug][gc] GC(1068) Reclaimed 124 empty regions
[2020-08-01T12:09:01.843+0300][39.886s][info ][gc] GC(1068) Pause Remark 235M->111M(512M) 0.605ms
[2020-08-01T12:09:01.903+0300][39.946s][info ][gc] GC(1069) Pause Young (Normal) (G1 Evacuation Pause) 165M->153M(512M) 37.488ms
[2020-08-01T12:09:01.903+0300][39.947s][info ][gc] GC(1068) Pause Cleanup 154M->154M(512M) 0.086ms
[2020-08-01T12:09:01.904+0300][39.948s][info ][gc] GC(1068) Concurrent Cycle 79.690ms
[2020-08-01T12:09:01.944+0300][39.988s][info ][gc] GC(1070) Pause Young (Concurrent Start) (G1 Humongous Allocation) 182M->183M(512M) 29.590ms
[2020-08-01T12:09:01.944+0300][39.988s][info ][gc] GC(1071) Concurrent Cycle
[2020-08-01T12:09:01.960+0300][40.004s][debug][gc] GC(1071) Reclaimed 124 empty regions
[2020-08-01T12:09:01.960+0300][40.004s][info ][gc] GC(1071) Pause Remark 234M->110M(512M) 0.611ms
[2020-08-01T12:09:02.021+0300][40.065s][info ][gc] GC(1072) Pause Young (Normal) (G1 Evacuation Pause) 165M->152M(512M) 38.347ms
[2020-08-01T12:09:02.021+0300][40.065s][info ][gc] GC(1071) Pause Cleanup 153M->153M(512M) 0.082ms
[2020-08-01T12:09:02.022+0300][40.066s][info ][gc] GC(1071) Concurrent Cycle 77.646ms
[2020-08-01T12:09:02.061+0300][40.105s][info ][gc] GC(1073) Pause Young (Concurrent Start) (G1 Humongous Allocation) 181M->182M(512M) 28.064ms
[2020-08-01T12:09:02.061+0300][40.105s][info ][gc] GC(1074) Concurrent Cycle
[2020-08-01T12:09:02.076+0300][40.120s][debug][gc] GC(1074) Reclaimed 124 empty regions
[2020-08-01T12:09:02.077+0300][40.120s][info ][gc] GC(1074) Pause Remark 232M->108M(512M) 0.623ms
[2020-08-01T12:09:02.099+0300][40.143s][info ][gc] GC(1074) Pause Cleanup 163M->163M(512M) 0.071ms
[2020-08-01T12:09:02.100+0300][40.143s][info ][gc] GC(1074) Concurrent Cycle 38.306ms
[2020-08-01T12:09:02.136+0300][40.180s][info ][gc] GC(1075) Pause Young (Normal) (G1 Evacuation Pause) 164M->152M(512M) 36.013ms
[2020-08-01T12:09:02.165+0300][40.209s][info ][gc] GC(1076) Pause Young (Concurrent Start) (G1 Humongous Allocation) 181M->182M(512M) 17.832ms
[2020-08-01T12:09:02.165+0300][40.209s][info ][gc] GC(1077) Concurrent Cycle
[2020-08-01T12:09:02.180+0300][40.224s][debug][gc] GC(1077) Reclaimed 124 empty regions
[2020-08-01T12:09:02.180+0300][40.224s][info ][gc] GC(1077) Pause Remark 231M->107M(512M) 0.622ms
[2020-08-01T12:09:02.202+0300][40.246s][info ][gc] GC(1077) Pause Cleanup 161M->161M(512M) 0.073ms
[2020-08-01T12:09:02.203+0300][40.246s][info ][gc] GC(1077) Concurrent Cycle 37.576ms
[2020-08-01T12:09:02.238+0300][40.281s][info ][gc] GC(1078) Pause Young (Normal) (G1 Evacuation Pause) 164M->151M(512M) 34.022ms
[2020-08-01T12:09:02.267+0300][40.311s][info ][gc] GC(1079) Pause Young (Concurrent Start) (G1 Humongous Allocation) 180M->182M(512M) 17.935ms
[2020-08-01T12:09:02.267+0300][40.311s][info ][gc] GC(1080) Concurrent Cycle
[2020-08-01T12:09:02.285+0300][40.329s][debug][gc] GC(1080) Reclaimed 123 empty regions
[2020-08-01T12:09:02.285+0300][40.329s][info ][gc] GC(1080) Pause Remark 229M->106M(512M) 0.989ms
[2020-08-01T12:09:02.308+0300][40.352s][info ][gc] GC(1080) Pause Cleanup 160M->160M(512M) 0.083ms
[2020-08-01T12:09:02.308+0300][40.352s][info ][gc] GC(1080) Concurrent Cycle 41.217ms
[2020-08-01T12:09:02.345+0300][40.389s][info ][gc] GC(1081) Pause Young (Normal) (G1 Evacuation Pause) 165M->152M(512M) 34.941ms
[2020-08-01T12:09:02.375+0300][40.419s][info ][gc] GC(1082) Pause Young (Concurrent Start) (G1 Humongous Allocation) 181M->182M(512M) 18.000ms
[2020-08-01T12:09:02.375+0300][40.419s][info ][gc] GC(1083) Concurrent Cycle
[2020-08-01T12:09:02.390+0300][40.434s][debug][gc] GC(1083) Reclaimed 120 empty regions
[2020-08-01T12:09:02.390+0300][40.434s][info ][gc] GC(1083) Pause Remark 233M->113M(512M) 0.585ms
[2020-08-01T12:09:02.449+0300][40.493s][info ][gc] GC(1084) Pause Young (Normal) (G1 Evacuation Pause) 168M->156M(512M) 36.627ms
[2020-08-01T12:09:02.450+0300][40.494s][info ][gc] GC(1083) Pause Cleanup 157M->157M(512M) 0.076ms
[2020-08-01T12:09:02.450+0300][40.494s][info ][gc] GC(1083) Concurrent Cycle 75.387ms
[2020-08-01T12:09:02.490+0300][40.533s][info ][gc] GC(1085) Pause Young (Concurrent Start) (G1 Humongous Allocation) 185M->186M(512M) 28.611ms
[2020-08-01T12:09:02.490+0300][40.533s][info ][gc] GC(1086) Concurrent Cycle
[2020-08-01T12:09:02.507+0300][40.551s][debug][gc] GC(1086) Reclaimed 123 empty regions
[2020-08-01T12:09:02.507+0300][40.551s][info ][gc] GC(1086) Pause Remark 236M->113M(512M) 0.540ms
[2020-08-01T12:09:02.530+0300][40.573s][info ][gc] GC(1086) Pause Cleanup 167M->167M(512M) 0.113ms
[2020-08-01T12:09:02.564+0300][40.608s][info ][gc] GC(1087) Pause Young (Normal) (G1 Evacuation Pause) 168M->156M(512M) 34.058ms
[2020-08-01T12:09:02.564+0300][40.608s][info ][gc] GC(1086) Concurrent Cycle 74.772ms
[2020-08-01T12:09:02.595+0300][40.639s][info ][gc] GC(1088) Pause Young (Concurrent Start) (G1 Humongous Allocation) 186M->187M(512M) 18.822ms
[2020-08-01T12:09:02.596+0300][40.639s][info ][gc] GC(1089) Concurrent Cycle
[2020-08-01T12:09:02.611+0300][40.655s][debug][gc] GC(1089) Reclaimed 123 empty regions
[2020-08-01T12:09:02.611+0300][40.655s][info ][gc] GC(1089) Pause Remark 239M->116M(512M) 0.612ms
[2020-08-01T12:09:02.666+0300][40.709s][info ][gc] GC(1090) Pause Young (Normal) (G1 Evacuation Pause) 168M->156M(512M) 33.306ms
[2020-08-01T12:09:02.670+0300][40.713s][info ][gc] GC(1089) Pause Cleanup 163M->163M(512M) 0.141ms
[2020-08-01T12:09:02.671+0300][40.714s][info ][gc] GC(1089) Concurrent Cycle 74.959ms
[2020-08-01T12:09:02.705+0300][40.749s][info ][gc] GC(1091) Pause Young (Concurrent Start) (G1 Humongous Allocation) 187M->188M(512M) 25.443ms
[2020-08-01T12:09:02.705+0300][40.749s][info ][gc] GC(1092) Concurrent Cycle
[2020-08-01T12:09:02.721+0300][40.765s][debug][gc] GC(1092) Reclaimed 122 empty regions
[2020-08-01T12:09:02.721+0300][40.765s][info ][gc] GC(1092) Pause Remark 241M->119M(512M) 0.532ms
[2020-08-01T12:09:02.775+0300][40.819s][info ][gc] GC(1093) Pause Young (Normal) (G1 Evacuation Pause) 170M->158M(512M) 32.857ms
[2020-08-01T12:09:02.778+0300][40.822s][info ][gc] GC(1092) Pause Cleanup 165M->165M(512M) 0.132ms
[2020-08-01T12:09:02.779+0300][40.823s][info ][gc] GC(1092) Concurrent Cycle 74.133ms
[2020-08-01T12:09:02.815+0300][40.859s][info ][gc] GC(1094) Pause Young (Concurrent Start) (G1 Humongous Allocation) 189M->189M(512M) 27.240ms
[2020-08-01T12:09:02.815+0300][40.859s][info ][gc] GC(1095) Concurrent Cycle
[2020-08-01T12:09:02.831+0300][40.875s][debug][gc] GC(1095) Reclaimed 124 empty regions
[2020-08-01T12:09:02.831+0300][40.875s][info ][gc] GC(1095) Pause Remark 241M->117M(512M) 0.544ms
[2020-08-01T12:09:02.886+0300][40.929s][info ][gc] GC(1096) Pause Young (Normal) (G1 Evacuation Pause) 169M->156M(512M) 33.534ms
[2020-08-01T12:09:02.888+0300][40.932s][info ][gc] GC(1095) Pause Cleanup 162M->162M(512M) 0.090ms
[2020-08-01T12:09:02.889+0300][40.932s][info ][gc] GC(1095) Concurrent Cycle 73.252ms
[2020-08-01T12:09:02.926+0300][40.969s][info ][gc] GC(1097) Pause Young (Concurrent Start) (G1 Humongous Allocation) 187M->189M(512M) 27.316ms
[2020-08-01T12:09:02.926+0300][40.969s][info ][gc] GC(1098) Concurrent Cycle
[2020-08-01T12:09:02.942+0300][40.986s][debug][gc] GC(1098) Reclaimed 123 empty regions
[2020-08-01T12:09:02.942+0300][40.986s][info ][gc] GC(1098) Pause Remark 241M->118M(512M) 0.575ms
[2020-08-01T12:09:02.997+0300][41.041s][info ][gc] GC(1099) Pause Young (Normal) (G1 Evacuation Pause) 170M->158M(512M) 33.735ms
[2020-08-01T12:09:02.999+0300][41.043s][info ][gc] GC(1098) Pause Cleanup 164M->164M(512M) 0.091ms
[2020-08-01T12:09:03.000+0300][41.044s][info ][gc] GC(1098) Concurrent Cycle 74.869ms
[2020-08-01T12:09:03.036+0300][41.080s][info ][gc] GC(1100) Pause Young (Concurrent Start) (G1 Humongous Allocation) 189M->190M(512M) 26.370ms
[2020-08-01T12:09:03.037+0300][41.080s][info ][gc] GC(1101) Concurrent Cycle
[2020-08-01T12:09:03.053+0300][41.097s][debug][gc] GC(1101) Reclaimed 124 empty regions
[2020-08-01T12:09:03.053+0300][41.097s][info ][gc] GC(1101) Pause Remark 244M->120M(512M) 0.562ms
[2020-08-01T12:09:03.108+0300][41.152s][info ][gc] GC(1102) Pause Young (Normal) (G1 Evacuation Pause) 169M->156M(512M) 34.896ms
[2020-08-01T12:09:03.111+0300][41.155s][info ][gc] GC(1101) Pause Cleanup 163M->163M(512M) 0.087ms
[2020-08-01T12:09:03.111+0300][41.155s][info ][gc] GC(1101) Concurrent Cycle 74.864ms
[2020-08-01T12:09:03.148+0300][41.192s][info ][gc] GC(1103) Pause Young (Concurrent Start) (G1 Humongous Allocation) 188M->190M(512M) 27.489ms
[2020-08-01T12:09:03.148+0300][41.192s][info ][gc] GC(1104) Concurrent Cycle
[2020-08-01T12:09:03.166+0300][41.210s][debug][gc] GC(1104) Reclaimed 123 empty regions
[2020-08-01T12:09:03.166+0300][41.210s][info ][gc] GC(1104) Pause Remark 244M->121M(512M) 0.546ms
[2020-08-01T12:09:03.218+0300][41.261s][info ][gc] GC(1105) Pause Young (Normal) (G1 Evacuation Pause) 170M->158M(512M) 31.783ms
[2020-08-01T12:09:03.222+0300][41.266s][info ][gc] GC(1104) Pause Cleanup 167M->167M(512M) 0.086ms
[2020-08-01T12:09:03.222+0300][41.266s][info ][gc] GC(1104) Concurrent Cycle 73.785ms
[2020-08-01T12:09:03.257+0300][41.301s][info ][gc] GC(1106) Pause Young (Concurrent Start) (G1 Humongous Allocation) 190M->191M(512M) 25.776ms
[2020-08-01T12:09:03.257+0300][41.301s][info ][gc] GC(1107) Concurrent Cycle
[2020-08-01T12:09:03.274+0300][41.317s][debug][gc] GC(1107) Reclaimed 125 empty regions
[2020-08-01T12:09:03.274+0300][41.317s][info ][gc] GC(1107) Pause Remark 243M->118M(512M) 0.569ms
[2020-08-01T12:09:03.337+0300][41.381s][info ][gc] GC(1108) Pause Young (Normal) (G1 Evacuation Pause) 169M->156M(512M) 41.375ms
[2020-08-01T12:09:03.339+0300][41.383s][info ][gc] GC(1107) Pause Cleanup 160M->160M(512M) 0.102ms
[2020-08-01T12:09:03.340+0300][41.384s][info ][gc] GC(1107) Concurrent Cycle 82.847ms
[2020-08-01T12:09:03.380+0300][41.424s][info ][gc] GC(1109) Pause Young (Concurrent Start) (G1 Humongous Allocation) 188M->190M(512M) 28.555ms
[2020-08-01T12:09:03.380+0300][41.424s][info ][gc] GC(1110) Concurrent Cycle
[2020-08-01T12:09:03.396+0300][41.440s][debug][gc] GC(1110) Reclaimed 123 empty regions
[2020-08-01T12:09:03.396+0300][41.440s][info ][gc] GC(1110) Pause Remark 243M->120M(512M) 0.587ms
[2020-08-01T12:09:03.464+0300][41.508s][info ][gc] GC(1111) Pause Young (Normal) (G1 Evacuation Pause) 170M->157M(512M) 47.597ms
[2020-08-01T12:09:03.468+0300][41.512s][info ][gc] GC(1110) Pause Cleanup 166M->166M(512M) 0.152ms
[2020-08-01T12:09:03.469+0300][41.513s][info ][gc] GC(1110) Concurrent Cycle 88.940ms
[2020-08-01T12:09:03.511+0300][41.555s][info ][gc] GC(1112) Pause Young (Concurrent Start) (G1 Humongous Allocation) 189M->191M(512M) 33.419ms
[2020-08-01T12:09:03.511+0300][41.555s][info ][gc] GC(1113) Concurrent Cycle
[2020-08-01T12:09:03.527+0300][41.571s][debug][gc] GC(1113) Reclaimed 124 empty regions
[2020-08-01T12:09:03.527+0300][41.571s][info ][gc] GC(1113) Pause Remark 245M->121M(512M) 0.548ms
[2020-08-01T12:09:03.579+0300][41.622s][info ][gc] GC(1114) Pause Young (Normal) (G1 Evacuation Pause) 170M->158M(512M) 31.957ms
[2020-08-01T12:09:03.582+0300][41.626s][info ][gc] GC(1113) Pause Cleanup 168M->168M(512M) 0.083ms
[2020-08-01T12:09:03.583+0300][41.627s][info ][gc] GC(1113) Concurrent Cycle 72.260ms
[2020-08-01T12:09:03.617+0300][41.661s][info ][gc] GC(1115) Pause Young (Concurrent Start) (G1 Humongous Allocation) 190M->191M(512M) 25.323ms
[2020-08-01T12:09:03.617+0300][41.661s][info ][gc] GC(1116) Concurrent Cycle
[2020-08-01T12:09:03.633+0300][41.677s][debug][gc] GC(1116) Reclaimed 124 empty regions
[2020-08-01T12:09:03.633+0300][41.677s][info ][gc] GC(1116) Pause Remark 244M->120M(512M) 0.566ms
[2020-08-01T12:09:03.693+0300][41.737s][info ][gc] GC(1117) Pause Young (Normal) (G1 Evacuation Pause) 170M->158M(512M) 38.652ms
[2020-08-01T12:09:03.696+0300][41.740s][info ][gc] GC(1116) Pause Cleanup 166M->166M(512M) 0.082ms
[2020-08-01T12:09:03.697+0300][41.741s][info ][gc] GC(1116) Concurrent Cycle 79.511ms
[2020-08-01T12:09:03.732+0300][41.776s][info ][gc] GC(1118) Pause Young (Concurrent Start) (G1 Humongous Allocation) 190M->191M(512M) 26.511ms
[2020-08-01T12:09:03.732+0300][41.776s][info ][gc] GC(1119) Concurrent Cycle
[2020-08-01T12:09:03.749+0300][41.792s][debug][gc] GC(1119) Reclaimed 124 empty regions
[2020-08-01T12:09:03.749+0300][41.792s][info ][gc] GC(1119) Pause Remark 242M->118M(512M) 0.694ms
[2020-08-01T12:09:03.808+0300][41.852s][info ][gc] GC(1120) Pause Young (Normal) (G1 Evacuation Pause) 170M->157M(512M) 37.793ms
[2020-08-01T12:09:03.810+0300][41.854s][info ][gc] GC(1119) Pause Cleanup 162M->162M(512M) 0.099ms
[2020-08-01T12:09:03.811+0300][41.855s][info ][gc] GC(1119) Concurrent Cycle 78.251ms
[2020-08-01T12:09:03.849+0300][41.893s][info ][gc] GC(1121) Pause Young (Concurrent Start) (G1 Humongous Allocation) 189M->190M(512M) 27.940ms
[2020-08-01T12:09:03.849+0300][41.893s][info ][gc] GC(1122) Concurrent Cycle
[2020-08-01T12:09:03.867+0300][41.910s][debug][gc] GC(1122) Reclaimed 124 empty regions
[2020-08-01T12:09:03.867+0300][41.910s][info ][gc] GC(1122) Pause Remark 243M->119M(512M) 0.575ms
[2020-08-01T12:09:03.923+0300][41.966s][info ][gc] GC(1123) Pause Young (Normal) (G1 Evacuation Pause) 169M->156M(512M) 35.633ms
[2020-08-01T12:09:03.926+0300][41.970s][info ][gc] GC(1122) Pause Cleanup 165M->165M(512M) 0.084ms
[2020-08-01T12:09:03.927+0300][41.971s][info ][gc] GC(1122) Concurrent Cycle 78.018ms
[2020-08-01T12:09:03.961+0300][42.005s][info ][gc] GC(1124) Pause Young (Concurrent Start) (G1 Humongous Allocation) 188M->189M(512M) 25.406ms
[2020-08-01T12:09:03.961+0300][42.005s][info ][gc] GC(1125) Concurrent Cycle
[2020-08-01T12:09:03.977+0300][42.021s][debug][gc] GC(1125) Reclaimed 123 empty regions
[2020-08-01T12:09:03.977+0300][42.021s][info ][gc] GC(1125) Pause Remark 243M->120M(512M) 0.578ms
[2020-08-01T12:09:04.031+0300][42.075s][info ][gc] GC(1126) Pause Young (Normal) (G1 Evacuation Pause) 170M->158M(512M) 33.290ms
[2020-08-01T12:09:04.034+0300][42.078s][info ][gc] GC(1125) Pause Cleanup 166M->166M(512M) 0.098ms
[2020-08-01T12:09:04.035+0300][42.079s][info ][gc] GC(1125) Concurrent Cycle 73.307ms
[2020-08-01T12:09:04.071+0300][42.114s][info ][gc] GC(1127) Pause Young (Concurrent Start) (G1 Humongous Allocation) 189M->190M(512M) 27.256ms
[2020-08-01T12:09:04.071+0300][42.115s][info ][gc] GC(1128) Concurrent Cycle
[2020-08-01T12:09:04.089+0300][42.132s][debug][gc] GC(1128) Reclaimed 124 empty regions
[2020-08-01T12:09:04.089+0300][42.133s][info ][gc] GC(1128) Pause Remark 241M->117M(512M) 0.635ms
[2020-08-01T12:09:04.145+0300][42.189s][info ][gc] GC(1129) Pause Young (Normal) (G1 Evacuation Pause) 169M->156M(512M) 34.858ms
[2020-08-01T12:09:04.148+0300][42.191s][info ][gc] GC(1128) Pause Cleanup 161M->161M(512M) 0.098ms
[2020-08-01T12:09:04.148+0300][42.192s][info ][gc] GC(1128) Concurrent Cycle 77.678ms
[2020-08-01T12:09:04.188+0300][42.231s][info ][gc] GC(1130) Pause Young (Concurrent Start) (G1 Humongous Allocation) 188M->190M(512M) 28.525ms
[2020-08-01T12:09:04.188+0300][42.231s][info ][gc] GC(1131) Concurrent Cycle
[2020-08-01T12:09:04.203+0300][42.247s][debug][gc] GC(1131) Reclaimed 123 empty regions
[2020-08-01T12:09:04.203+0300][42.247s][info ][gc] GC(1131) Pause Remark 243M->120M(512M) 0.529ms
[2020-08-01T12:09:04.257+0300][42.301s][info ][gc] GC(1132) Pause Young (Normal) (G1 Evacuation Pause) 170M->157M(512M) 33.440ms
[2020-08-01T12:09:04.261+0300][42.305s][info ][gc] GC(1131) Pause Cleanup 164M->164M(512M) 0.109ms
[2020-08-01T12:09:04.261+0300][42.305s][info ][gc] GC(1131) Concurrent Cycle 73.784ms
[2020-08-01T12:09:04.298+0300][42.342s][info ][gc] GC(1133) Pause Young (Concurrent Start) (G1 Humongous Allocation) 189M->190M(512M) 27.222ms
[2020-08-01T12:09:04.298+0300][42.342s][info ][gc] GC(1134) Concurrent Cycle
[2020-08-01T12:09:04.316+0300][42.360s][debug][gc] GC(1134) Reclaimed 124 empty regions
[2020-08-01T12:09:04.316+0300][42.360s][info ][gc] GC(1134) Pause Remark 245M->121M(512M) 0.595ms
[2020-08-01T12:09:04.371+0300][42.414s][info ][gc] GC(1135) Pause Young (Normal) (G1 Evacuation Pause) 169M->156M(512M) 34.735ms
[2020-08-01T12:09:04.375+0300][42.419s][info ][gc] GC(1134) Pause Cleanup 163M->163M(512M) 0.111ms
[2020-08-01T12:09:04.378+0300][42.421s][info ][gc] GC(1134) Concurrent Cycle 79.257ms
[2020-08-01T12:09:04.418+0300][42.462s][info ][gc] GC(1136) Pause Young (Concurrent Start) (G1 Humongous Allocation) 188M->189M(512M) 29.477ms
[2020-08-01T12:09:04.418+0300][42.462s][info ][gc] GC(1137) Concurrent Cycle
[2020-08-01T12:09:04.434+0300][42.478s][debug][gc] GC(1137) Reclaimed 119 empty regions
[2020-08-01T12:09:04.434+0300][42.478s][info ][gc] GC(1137) Pause Remark 242M->123M(512M) 0.639ms
[2020-08-01T12:09:04.486+0300][42.530s][info ][gc] GC(1138) Pause Young (Normal) (G1 Evacuation Pause) 174M->162M(512M) 31.607ms
[2020-08-01T12:09:04.489+0300][42.533s][info ][gc] GC(1137) Pause Cleanup 169M->169M(512M) 0.081ms
[2020-08-01T12:09:04.490+0300][42.534s][info ][gc] GC(1137) Concurrent Cycle 71.857ms
[2020-08-01T12:09:04.524+0300][42.567s][info ][gc] GC(1139) Pause Young (Concurrent Start) (G1 Humongous Allocation) 193M->194M(512M) 24.827ms
[2020-08-01T12:09:04.524+0300][42.568s][info ][gc] GC(1140) Concurrent Cycle
[2020-08-01T12:09:04.540+0300][42.584s][debug][gc] GC(1140) Reclaimed 124 empty regions
[2020-08-01T12:09:04.540+0300][42.584s][info ][gc] GC(1140) Pause Remark 247M->123M(512M) 0.566ms
[2020-08-01T12:09:04.592+0300][42.636s][info ][gc] GC(1141) Pause Young (Normal) (G1 Evacuation Pause) 172M->159M(512M) 31.869ms
[2020-08-01T12:09:04.596+0300][42.640s][info ][gc] GC(1140) Pause Cleanup 169M->169M(512M) 0.091ms
[2020-08-01T12:09:04.596+0300][42.640s][info ][gc] GC(1140) Concurrent Cycle 72.669ms
[2020-08-01T12:09:04.631+0300][42.675s][info ][gc] GC(1142) Pause Young (Concurrent Start) (G1 Humongous Allocation) 192M->193M(512M) 26.106ms
[2020-08-01T12:09:04.632+0300][42.675s][info ][gc] GC(1143) Concurrent Cycle
[2020-08-01T12:09:04.648+0300][42.692s][debug][gc] GC(1143) Reclaimed 122 empty regions
[2020-08-01T12:09:04.648+0300][42.692s][info ][gc] GC(1143) Pause Remark 246M->124M(512M) 0.623ms
[2020-08-01T12:09:04.701+0300][42.745s][info ][gc] GC(1144) Pause Young (Normal) (G1 Evacuation Pause) 173M->160M(512M) 32.806ms
[2020-08-01T12:09:04.706+0300][42.749s][info ][gc] GC(1143) Pause Cleanup 170M->170M(512M) 0.108ms
[2020-08-01T12:09:04.706+0300][42.750s][info ][gc] GC(1143) Concurrent Cycle 74.879ms
[2020-08-01T12:09:04.743+0300][42.787s][info ][gc] GC(1145) Pause Young (Concurrent Start) (G1 Humongous Allocation) 193M->194M(512M) 27.465ms
[2020-08-01T12:09:04.743+0300][42.787s][info ][gc] GC(1146) Concurrent Cycle
[2020-08-01T12:09:04.760+0300][42.804s][debug][gc] GC(1146) Reclaimed 124 empty regions
[2020-08-01T12:09:04.760+0300][42.804s][info ][gc] GC(1146) Pause Remark 248M->124M(512M) 0.568ms
[2020-08-01T12:09:04.810+0300][42.854s][info ][gc] GC(1147) Pause Young (Normal) (G1 Evacuation Pause) 172M->160M(512M) 31.289ms
[2020-08-01T12:09:04.815+0300][42.858s][info ][gc] GC(1146) Pause Cleanup 170M->170M(512M) 0.087ms
[2020-08-01T12:09:04.815+0300][42.859s][info ][gc] GC(1146) Concurrent Cycle 72.276ms
[2020-08-01T12:09:04.849+0300][42.893s][info ][gc] GC(1148) Pause Young (Concurrent Start) (G1 Humongous Allocation) 193M->194M(512M) 25.485ms
[2020-08-01T12:09:04.849+0300][42.893s][info ][gc] GC(1149) Concurrent Cycle
[2020-08-01T12:09:04.865+0300][42.909s][debug][gc] GC(1149) Reclaimed 123 empty regions
[2020-08-01T12:09:04.865+0300][42.909s][info ][gc] GC(1149) Pause Remark 247M->124M(512M) 0.567ms
[2020-08-01T12:09:04.916+0300][42.960s][info ][gc] GC(1150) Pause Young (Normal) (G1 Evacuation Pause) 173M->160M(512M) 31.117ms
[2020-08-01T12:09:04.919+0300][42.963s][info ][gc] GC(1149) Pause Cleanup 169M->169M(512M) 0.079ms
[2020-08-01T12:09:04.920+0300][42.964s][info ][gc] GC(1149) Concurrent Cycle 70.597ms
[2020-08-01T12:09:04.955+0300][42.999s][info ][gc] GC(1151) Pause Young (Concurrent Start) (G1 Humongous Allocation) 193M->194M(512M) 25.628ms
[2020-08-01T12:09:04.955+0300][42.999s][info ][gc] GC(1152) Concurrent Cycle
[2020-08-01T12:09:04.972+0300][43.015s][debug][gc] GC(1152) Reclaimed 124 empty regions
[2020-08-01T12:09:04.972+0300][43.015s][info ][gc] GC(1152) Pause Remark 248M->124M(512M) 0.593ms
[2020-08-01T12:09:05.023+0300][43.067s][info ][gc] GC(1153) Pause Young (Normal) (G1 Evacuation Pause) 172M->160M(512M) 32.440ms
[2020-08-01T12:09:05.028+0300][43.072s][info ][gc] GC(1152) Pause Cleanup 171M->171M(512M) 0.084ms
[2020-08-01T12:09:05.029+0300][43.072s][info ][gc] GC(1152) Concurrent Cycle 73.819ms
[2020-08-01T12:09:05.062+0300][43.106s][info ][gc] GC(1154) Pause Young (Concurrent Start) (G1 Humongous Allocation) 193M->194M(512M) 25.224ms
[2020-08-01T12:09:05.062+0300][43.106s][info ][gc] GC(1155) Concurrent Cycle
[2020-08-01T12:09:05.078+0300][43.122s][debug][gc] GC(1155) Reclaimed 123 empty regions
[2020-08-01T12:09:05.078+0300][43.122s][info ][gc] GC(1155) Pause Remark 247M->124M(512M) 0.575ms
[2020-08-01T12:09:05.129+0300][43.173s][info ][gc] GC(1156) Pause Young (Normal) (G1 Evacuation Pause) 173M->161M(512M) 31.604ms
[2020-08-01T12:09:05.133+0300][43.177s][info ][gc] GC(1155) Pause Cleanup 170M->170M(512M) 0.088ms
[2020-08-01T12:09:05.133+0300][43.177s][info ][gc] GC(1155) Concurrent Cycle 71.161ms
[2020-08-01T12:09:05.169+0300][43.213s][info ][gc] GC(1157) Pause Young (Concurrent Start) (G1 Humongous Allocation) 194M->195M(512M) 26.479ms
[2020-08-01T12:09:05.169+0300][43.213s][info ][gc] GC(1158) Concurrent Cycle
[2020-08-01T12:09:05.187+0300][43.231s][debug][gc] GC(1158) Reclaimed 124 empty regions
[2020-08-01T12:09:05.187+0300][43.231s][info ][gc] GC(1158) Pause Remark 248M->124M(512M) 0.573ms
[2020-08-01T12:09:05.238+0300][43.282s][info ][gc] GC(1159) Pause Young (Normal) (G1 Evacuation Pause) 173M->161M(512M) 31.741ms
[2020-08-01T12:09:05.242+0300][43.286s][info ][gc] GC(1158) Pause Cleanup 170M->170M(512M) 0.087ms
[2020-08-01T12:09:05.243+0300][43.287s][info ][gc] GC(1158) Concurrent Cycle 74.048ms
[2020-08-01T12:09:05.278+0300][43.322s][info ][gc] GC(1160) Pause Young (Concurrent Start) (G1 Humongous Allocation) 194M->195M(512M) 26.197ms
[2020-08-01T12:09:05.278+0300][43.322s][info ][gc] GC(1161) Concurrent Cycle
[2020-08-01T12:09:05.294+0300][43.338s][debug][gc] GC(1161) Reclaimed 125 empty regions
[2020-08-01T12:09:05.294+0300][43.338s][info ][gc] GC(1161) Pause Remark 247M->122M(512M) 0.576ms
[2020-08-01T12:09:05.347+0300][43.391s][info ][gc] GC(1162) Pause Young (Normal) (G1 Evacuation Pause) 172M->161M(512M) 32.496ms
[2020-08-01T12:09:05.351+0300][43.395s][info ][gc] GC(1161) Pause Cleanup 170M->170M(512M) 0.118ms
[2020-08-01T12:09:05.352+0300][43.396s][info ][gc] GC(1161) Concurrent Cycle 73.601ms
[2020-08-01T12:09:05.391+0300][43.435s][info ][gc] GC(1163) Pause Young (Concurrent Start) (G1 Humongous Allocation) 194M->194M(512M) 29.584ms
[2020-08-01T12:09:05.391+0300][43.435s][info ][gc] GC(1164) Concurrent Cycle
[2020-08-01T12:09:05.408+0300][43.451s][debug][gc] GC(1164) Reclaimed 124 empty regions
[2020-08-01T12:09:05.408+0300][43.452s][info ][gc] GC(1164) Pause Remark 248M->124M(512M) 0.557ms
[2020-08-01T12:09:05.458+0300][43.502s][info ][gc] GC(1165) Pause Young (Normal) (G1 Evacuation Pause) 172M->159M(512M) 31.500ms
[2020-08-01T12:09:05.463+0300][43.507s][info ][gc] GC(1164) Pause Cleanup 169M->169M(512M) 0.085ms
[2020-08-01T12:09:05.463+0300][43.507s][info ][gc] GC(1164) Concurrent Cycle 72.630ms
[2020-08-01T12:09:05.497+0300][43.541s][info ][gc] GC(1166) Pause Young (Concurrent Start) (G1 Humongous Allocation) 192M->194M(512M) 25.347ms
[2020-08-01T12:09:05.497+0300][43.541s][info ][gc] GC(1167) Concurrent Cycle
[2020-08-01T12:09:05.513+0300][43.557s][debug][gc] GC(1167) Reclaimed 123 empty regions
[2020-08-01T12:09:05.513+0300][43.557s][info ][gc] GC(1167) Pause Remark 246M->123M(512M) 0.555ms
[2020-08-01T12:09:05.565+0300][43.608s][info ][gc] GC(1168) Pause Young (Normal) (G1 Evacuation Pause) 173M->161M(512M) 31.611ms
[2020-08-01T12:09:05.568+0300][43.612s][info ][gc] GC(1167) Pause Cleanup 169M->169M(512M) 0.085ms
[2020-08-01T12:09:05.569+0300][43.613s][info ][gc] GC(1167) Concurrent Cycle 71.308ms
[2020-08-01T12:09:05.604+0300][43.647s][info ][gc] GC(1169) Pause Young (Concurrent Start) (G1 Humongous Allocation) 194M->195M(512M) 25.636ms
[2020-08-01T12:09:05.604+0300][43.647s][info ][gc] GC(1170) Concurrent Cycle
[2020-08-01T12:09:05.622+0300][43.666s][debug][gc] GC(1170) Reclaimed 124 empty regions
[2020-08-01T12:09:05.622+0300][43.666s][info ][gc] GC(1170) Pause Remark 250M->126M(512M) 0.711ms
[2020-08-01T12:09:05.683+0300][43.727s][info ][gc] GC(1171) Pause Young (Normal) (G1 Evacuation Pause) 173M->162M(512M) 34.743ms
[2020-08-01T12:09:05.689+0300][43.733s][info ][gc] GC(1170) Pause Cleanup 175M->175M(512M) 0.152ms
[2020-08-01T12:09:05.690+0300][43.734s][info ][gc] GC(1170) Concurrent Cycle 86.123ms
[2020-08-01T12:09:05.724+0300][43.767s][info ][gc] GC(1172) Pause Young (Concurrent Start) (G1 Humongous Allocation) 195M->196M(512M) 26.288ms
[2020-08-01T12:09:05.724+0300][43.767s][info ][gc] GC(1173) Concurrent Cycle
[2020-08-01T12:09:05.740+0300][43.784s][debug][gc] GC(1173) Reclaimed 125 empty regions
[2020-08-01T12:09:05.740+0300][43.784s][info ][gc] GC(1173) Pause Remark 248M->123M(512M) 0.626ms
[2020-08-01T12:09:05.798+0300][43.841s][info ][gc] GC(1174) Pause Young (Normal) (G1 Evacuation Pause) 173M->161M(512M) 36.901ms
[2020-08-01T12:09:05.801+0300][43.845s][info ][gc] GC(1173) Pause Cleanup 170M->170M(512M) 0.087ms
[2020-08-01T12:09:05.802+0300][43.846s][info ][gc] GC(1173) Concurrent Cycle 78.239ms
[2020-08-01T12:09:05.843+0300][43.887s][info ][gc] GC(1175) Pause Young (Concurrent Start) (G1 Humongous Allocation) 194M->195M(512M) 31.731ms
[2020-08-01T12:09:05.843+0300][43.887s][info ][gc] GC(1176) Concurrent Cycle
[2020-08-01T12:09:05.860+0300][43.904s][debug][gc] GC(1176) Reclaimed 125 empty regions
[2020-08-01T12:09:05.860+0300][43.904s][info ][gc] GC(1176) Pause Remark 249M->124M(512M) 0.803ms
[2020-08-01T12:09:05.921+0300][43.965s][info ][gc] GC(1177) Pause Young (Normal) (G1 Evacuation Pause) 172M->161M(512M) 37.071ms
[2020-08-01T12:09:05.922+0300][43.966s][info ][gc] GC(1176) Pause Cleanup 163M->163M(512M) 0.089ms
[2020-08-01T12:09:05.923+0300][43.966s][info ][gc] GC(1176) Concurrent Cycle 79.523ms
[2020-08-01T12:09:05.966+0300][44.010s][info ][gc] GC(1178) Pause Young (Concurrent Start) (G1 Humongous Allocation) 194M->195M(512M) 31.635ms
[2020-08-01T12:09:05.966+0300][44.010s][info ][gc] GC(1179) Concurrent Cycle
[2020-08-01T12:09:05.983+0300][44.027s][debug][gc] GC(1179) Reclaimed 124 empty regions
[2020-08-01T12:09:05.983+0300][44.027s][info ][gc] GC(1179) Pause Remark 248M->124M(512M) 0.576ms
[2020-08-01T12:09:06.037+0300][44.081s][info ][gc] GC(1180) Pause Young (Normal) (G1 Evacuation Pause) 173M->161M(512M) 32.873ms
[2020-08-01T12:09:06.041+0300][44.085s][info ][gc] GC(1179) Pause Cleanup 170M->170M(512M) 0.107ms
[2020-08-01T12:09:06.041+0300][44.085s][info ][gc] GC(1179) Concurrent Cycle 75.067ms
[2020-08-01T12:09:06.081+0300][44.125s][info ][gc] GC(1181) Pause Young (Concurrent Start) (G1 Humongous Allocation) 194M->195M(512M) 29.918ms
[2020-08-01T12:09:06.081+0300][44.125s][info ][gc] GC(1182) Concurrent Cycle
[2020-08-01T12:09:06.098+0300][44.142s][debug][gc] GC(1182) Reclaimed 124 empty regions
[2020-08-01T12:09:06.098+0300][44.142s][info ][gc] GC(1182) Pause Remark 249M->125M(512M) 0.718ms
[2020-08-01T12:09:06.153+0300][44.197s][info ][gc] GC(1183) Pause Young (Normal) (G1 Evacuation Pause) 173M->161M(512M) 34.069ms
[2020-08-01T12:09:06.158+0300][44.201s][info ][gc] GC(1182) Pause Cleanup 171M->171M(512M) 0.083ms
[2020-08-01T12:09:06.158+0300][44.202s][info ][gc] GC(1182) Concurrent Cycle 77.409ms
[2020-08-01T12:09:06.204+0300][44.247s][info ][gc] GC(1184) Pause Young (Concurrent Start) (G1 Humongous Allocation) 194M->195M(512M) 36.671ms
[2020-08-01T12:09:06.204+0300][44.247s][info ][gc] GC(1185) Concurrent Cycle
[2020-08-01T12:09:06.220+0300][44.264s][debug][gc] GC(1185) Reclaimed 125 empty regions
[2020-08-01T12:09:06.220+0300][44.264s][info ][gc] GC(1185) Pause Remark 237M->112M(512M) 0.622ms
[2020-08-01T12:09:06.243+0300][44.287s][info ][gc] GC(1185) Pause Cleanup 170M->170M(512M) 0.078ms
[2020-08-01T12:09:06.244+0300][44.288s][info ][gc] GC(1185) Concurrent Cycle 40.337ms
[2020-08-01T12:09:06.278+0300][44.322s][info ][gc] GC(1186) Pause Young (Normal) (G1 Evacuation Pause) 172M->160M(512M) 33.964ms
[2020-08-01T12:09:06.312+0300][44.355s][info ][gc] GC(1187) Pause Young (Concurrent Start) (G1 Humongous Allocation) 193M->194M(512M) 19.254ms
[2020-08-01T12:09:06.312+0300][44.355s][info ][gc] GC(1188) Concurrent Cycle
[2020-08-01T12:09:06.328+0300][44.371s][debug][gc] GC(1188) Reclaimed 123 empty regions
[2020-08-01T12:09:06.328+0300][44.371s][info ][gc] GC(1188) Pause Remark 246M->123M(512M) 0.569ms
[2020-08-01T12:09:06.384+0300][44.428s][info ][gc] GC(1189) Pause Young (Normal) (G1 Evacuation Pause) 173M->160M(512M) 35.711ms
[2020-08-01T12:09:06.388+0300][44.431s][info ][gc] GC(1188) Pause Cleanup 168M->168M(512M) 0.120ms
[2020-08-01T12:09:06.388+0300][44.432s][info ][gc] GC(1188) Concurrent Cycle 76.611ms
[2020-08-01T12:09:06.425+0300][44.469s][info ][gc] GC(1190) Pause Young (Concurrent Start) (G1 Humongous Allocation) 193M->194M(512M) 27.792ms
[2020-08-01T12:09:06.425+0300][44.469s][info ][gc] GC(1191) Concurrent Cycle
[2020-08-01T12:09:06.441+0300][44.485s][debug][gc] GC(1191) Reclaimed 124 empty regions
[2020-08-01T12:09:06.441+0300][44.485s][info ][gc] GC(1191) Pause Remark 247M->123M(512M) 0.568ms
[2020-08-01T12:09:06.496+0300][44.540s][info ][gc] GC(1192) Pause Young (Normal) (G1 Evacuation Pause) 172M->159M(512M) 35.297ms
[2020-08-01T12:09:06.500+0300][44.544s][info ][gc] GC(1191) Pause Cleanup 169M->169M(512M) 0.093ms
[2020-08-01T12:09:06.501+0300][44.545s][info ][gc] GC(1191) Concurrent Cycle 75.672ms
[2020-08-01T12:09:06.539+0300][44.583s][info ][gc] GC(1193) Pause Young (Concurrent Start) (G1 Humongous Allocation) 192M->193M(512M) 29.057ms
[2020-08-01T12:09:06.539+0300][44.583s][info ][gc] GC(1194) Concurrent Cycle
[2020-08-01T12:09:06.557+0300][44.601s][debug][gc] GC(1194) Reclaimed 123 empty regions
[2020-08-01T12:09:06.557+0300][44.601s][info ][gc] GC(1194) Pause Remark 245M->122M(512M) 0.577ms
[2020-08-01T12:09:06.613+0300][44.657s][info ][gc] GC(1195) Pause Young (Normal) (G1 Evacuation Pause) 173M->161M(512M) 35.292ms
[2020-08-01T12:09:06.617+0300][44.661s][info ][gc] GC(1194) Pause Cleanup 170M->170M(512M) 0.081ms
[2020-08-01T12:09:06.617+0300][44.661s][info ][gc] GC(1194) Concurrent Cycle 78.577ms
[2020-08-01T12:09:06.653+0300][44.696s][info ][gc] GC(1196) Pause Young (Concurrent Start) (G1 Humongous Allocation) 193M->193M(512M) 25.925ms
[2020-08-01T12:09:06.653+0300][44.697s][info ][gc] GC(1197) Concurrent Cycle
[2020-08-01T12:09:06.670+0300][44.714s][debug][gc] GC(1197) Reclaimed 123 empty regions
[2020-08-01T12:09:06.670+0300][44.714s][info ][gc] GC(1197) Pause Remark 248M->125M(512M) 0.621ms
[2020-08-01T12:09:06.725+0300][44.769s][info ][gc] GC(1198) Pause Young (Normal) (G1 Evacuation Pause) 173M->161M(512M) 34.704ms
[2020-08-01T12:09:06.728+0300][44.772s][info ][gc] GC(1197) Pause Cleanup 169M->169M(512M) 0.084ms
[2020-08-01T12:09:06.729+0300][44.773s][info ][gc] GC(1197) Concurrent Cycle 76.166ms
[2020-08-01T12:09:06.766+0300][44.810s][info ][gc] GC(1199) Pause Young (Concurrent Start) (G1 Humongous Allocation) 193M->194M(512M) 27.499ms
[2020-08-01T12:09:06.766+0300][44.810s][info ][gc] GC(1200) Concurrent Cycle
[2020-08-01T12:09:06.785+0300][44.829s][debug][gc] GC(1200) Reclaimed 123 empty regions
[2020-08-01T12:09:06.785+0300][44.829s][info ][gc] GC(1200) Pause Remark 248M->125M(512M) 0.895ms
[2020-08-01T12:09:06.839+0300][44.883s][info ][gc] GC(1201) Pause Young (Normal) (G1 Evacuation Pause) 173M->161M(512M) 35.080ms
[2020-08-01T12:09:06.844+0300][44.888s][info ][gc] GC(1200) Pause Cleanup 171M->171M(512M) 0.092ms
[2020-08-01T12:09:06.845+0300][44.888s][info ][gc] GC(1200) Concurrent Cycle 78.554ms
[2020-08-01T12:09:06.881+0300][44.925s][info ][gc] GC(1202) Pause Young (Concurrent Start) (G1 Humongous Allocation) 194M->195M(512M) 27.693ms
[2020-08-01T12:09:06.881+0300][44.925s][info ][gc] GC(1203) Concurrent Cycle
[2020-08-01T12:09:06.898+0300][44.942s][debug][gc] GC(1203) Reclaimed 124 empty regions
[2020-08-01T12:09:06.898+0300][44.942s][info ][gc] GC(1203) Pause Remark 248M->124M(512M) 0.669ms
[2020-08-01T12:09:06.954+0300][44.998s][info ][gc] GC(1204) Pause Young (Normal) (G1 Evacuation Pause) 173M->160M(512M) 35.709ms
[2020-08-01T12:09:06.957+0300][45.001s][info ][gc] GC(1203) Pause Cleanup 167M->167M(512M) 0.088ms
[2020-08-01T12:09:06.958+0300][45.001s][info ][gc] GC(1203) Concurrent Cycle 76.543ms
[2020-08-01T12:09:06.997+0300][45.041s][info ][gc] GC(1205) Pause Young (Concurrent Start) (G1 Humongous Allocation) 193M->195M(512M) 29.133ms
[2020-08-01T12:09:06.997+0300][45.041s][info ][gc] GC(1206) Concurrent Cycle
[2020-08-01T12:09:07.015+0300][45.059s][debug][gc] GC(1206) Reclaimed 124 empty regions
[2020-08-01T12:09:07.015+0300][45.059s][info ][gc] GC(1206) Pause Remark 239M->115M(512M) 0.774ms
[2020-08-01T12:09:07.039+0300][45.082s][info ][gc] GC(1206) Pause Cleanup 159M->159M(512M) 0.079ms
[2020-08-01T12:09:07.039+0300][45.083s][info ][gc] GC(1206) Concurrent Cycle 41.941ms
[2020-08-01T12:09:07.079+0300][45.123s][info ][gc] GC(1207) Pause Young (Normal) (G1 Evacuation Pause) 173M->160M(512M) 34.910ms
[2020-08-01T12:09:07.111+0300][45.155s][info ][gc] GC(1208) Pause Young (Concurrent Start) (G1 Humongous Allocation) 193M->194M(512M) 18.492ms
[2020-08-01T12:09:07.111+0300][45.155s][info ][gc] GC(1209) Concurrent Cycle
[2020-08-01T12:09:07.127+0300][45.170s][debug][gc] GC(1209) Reclaimed 123 empty regions
[2020-08-01T12:09:07.127+0300][45.170s][info ][gc] GC(1209) Pause Remark 247M->124M(512M) 0.567ms
[2020-08-01T12:09:07.181+0300][45.225s][info ][gc] GC(1210) Pause Young (Normal) (G1 Evacuation Pause) 173M->160M(512M) 34.195ms
[2020-08-01T12:09:07.185+0300][45.229s][info ][gc] GC(1209) Pause Cleanup 169M->169M(512M) 0.133ms
[2020-08-01T12:09:07.185+0300][45.229s][info ][gc] GC(1209) Concurrent Cycle 74.423ms
[2020-08-01T12:09:07.222+0300][45.266s][info ][gc] GC(1211) Pause Young (Concurrent Start) (G1 Humongous Allocation) 193M->194M(512M) 27.808ms
[2020-08-01T12:09:07.222+0300][45.266s][info ][gc] GC(1212) Concurrent Cycle
[2020-08-01T12:09:07.241+0300][45.284s][debug][gc] GC(1212) Reclaimed 124 empty regions
[2020-08-01T12:09:07.241+0300][45.285s][info ][gc] GC(1212) Pause Remark 250M->126M(512M) 0.785ms
[2020-08-01T12:09:07.292+0300][45.336s][info ][gc] GC(1213) Pause Young (Normal) (G1 Evacuation Pause) 172M->160M(512M) 33.050ms
[2020-08-01T12:09:07.298+0300][45.341s][info ][gc] GC(1212) Pause Cleanup 165M->165M(512M) 0.108ms
[2020-08-01T12:09:07.298+0300][45.342s][info ][gc] GC(1212) Concurrent Cycle 75.957ms
[2020-08-01T12:09:07.336+0300][45.380s][info ][gc] GC(1214) Pause Young (Concurrent Start) (G1 Humongous Allocation) 193M->194M(512M) 26.523ms
[2020-08-01T12:09:07.336+0300][45.380s][info ][gc] GC(1215) Concurrent Cycle
[2020-08-01T12:09:07.352+0300][45.395s][debug][gc] GC(1215) Reclaimed 123 empty regions
[2020-08-01T12:09:07.352+0300][45.395s][info ][gc] GC(1215) Pause Remark 248M->125M(512M) 0.684ms
[2020-08-01T12:09:07.402+0300][45.446s][info ][gc] GC(1216) Pause Young (Normal) (G1 Evacuation Pause) 173M->161M(512M) 31.328ms
[2020-08-01T12:09:07.406+0300][45.450s][info ][gc] GC(1215) Pause Cleanup 170M->170M(512M) 0.079ms
[2020-08-01T12:09:07.407+0300][45.451s][info ][gc] GC(1215) Concurrent Cycle 70.953ms
[2020-08-01T12:09:07.441+0300][45.485s][info ][gc] GC(1217) Pause Young (Concurrent Start) (G1 Humongous Allocation) 194M->195M(512M) 25.160ms
[2020-08-01T12:09:07.441+0300][45.485s][info ][gc] GC(1218) Concurrent Cycle
[2020-08-01T12:09:07.458+0300][45.501s][debug][gc] GC(1218) Reclaimed 124 empty regions
[2020-08-01T12:09:07.458+0300][45.502s][info ][gc] GC(1218) Pause Remark 248M->124M(512M) 0.574ms
[2020-08-01T12:09:07.510+0300][45.553s][info ][gc] GC(1219) Pause Young (Normal) (G1 Evacuation Pause) 173M->160M(512M) 32.201ms
[2020-08-01T12:09:07.514+0300][45.557s][info ][gc] GC(1218) Pause Cleanup 169M->169M(512M) 0.095ms
[2020-08-01T12:09:07.514+0300][45.558s][info ][gc] GC(1218) Concurrent Cycle 73.091ms
[2020-08-01T12:09:07.549+0300][45.592s][info ][gc] GC(1220) Pause Young (Concurrent Start) (G1 Humongous Allocation) 193M->194M(512M) 25.450ms
[2020-08-01T12:09:07.549+0300][45.592s][info ][gc] GC(1221) Concurrent Cycle
[2020-08-01T12:09:07.564+0300][45.608s][debug][gc] GC(1221) Reclaimed 123 empty regions
[2020-08-01T12:09:07.564+0300][45.608s][info ][gc] GC(1221) Pause Remark 247M->124M(512M) 0.571ms
[2020-08-01T12:09:07.616+0300][45.660s][info ][gc] GC(1222) Pause Young (Normal) (G1 Evacuation Pause) 173M->161M(512M) 32.267ms
[2020-08-01T12:09:07.620+0300][45.664s][info ][gc] GC(1221) Pause Cleanup 170M->170M(512M) 0.096ms
[2020-08-01T12:09:07.620+0300][45.664s][info ][gc] GC(1221) Concurrent Cycle 71.857ms
[2020-08-01T12:09:07.655+0300][45.699s][info ][gc] GC(1223) Pause Young (Concurrent Start) (G1 Humongous Allocation) 194M->195M(512M) 25.468ms
[2020-08-01T12:09:07.655+0300][45.699s][info ][gc] GC(1224) Concurrent Cycle
[2020-08-01T12:09:07.674+0300][45.718s][debug][gc] GC(1224) Reclaimed 124 empty regions
[2020-08-01T12:09:07.674+0300][45.718s][info ][gc] GC(1224) Pause Remark 251M->127M(512M) 0.631ms
[2020-08-01T12:09:07.726+0300][45.770s][info ][gc] GC(1225) Pause Young (Normal) (G1 Evacuation Pause) 173M->160M(512M) 33.553ms
[2020-08-01T12:09:07.731+0300][45.775s][info ][gc] GC(1224) Pause Cleanup 171M->171M(512M) 0.084ms
[2020-08-01T12:09:07.731+0300][45.775s][info ][gc] GC(1224) Concurrent Cycle 76.283ms
[2020-08-01T12:09:07.766+0300][45.809s][info ][gc] GC(1226) Pause Young (Concurrent Start) (G1 Humongous Allocation) 193M->194M(512M) 25.534ms
[2020-08-01T12:09:07.766+0300][45.809s][info ][gc] GC(1227) Concurrent Cycle
[2020-08-01T12:09:07.782+0300][45.826s][debug][gc] GC(1227) Reclaimed 123 empty regions
[2020-08-01T12:09:07.783+0300][45.826s][info ][gc] GC(1227) Pause Remark 248M->125M(512M) 0.652ms
[2020-08-01T12:09:07.834+0300][45.877s][info ][gc] GC(1228) Pause Young (Normal) (G1 Evacuation Pause) 173M->160M(512M) 31.829ms
[2020-08-01T12:09:07.838+0300][45.882s][info ][gc] GC(1227) Pause Cleanup 170M->170M(512M) 0.094ms
[2020-08-01T12:09:07.838+0300][45.882s][info ][gc] GC(1227) Concurrent Cycle 72.774ms
[2020-08-01T12:09:07.872+0300][45.916s][info ][gc] GC(1229) Pause Young (Concurrent Start) (G1 Humongous Allocation) 193M->194M(512M) 25.440ms
[2020-08-01T12:09:07.872+0300][45.916s][info ][gc] GC(1230) Concurrent Cycle
[2020-08-01T12:09:07.889+0300][45.933s][debug][gc] GC(1230) Reclaimed 123 empty regions
[2020-08-01T12:09:07.889+0300][45.933s][info ][gc] GC(1230) Pause Remark 248M->125M(512M) 0.577ms
[2020-08-01T12:09:07.940+0300][45.984s][info ][gc] GC(1231) Pause Young (Normal) (G1 Evacuation Pause) 173M->161M(512M) 31.267ms
[2020-08-01T12:09:07.944+0300][45.988s][info ][gc] GC(1230) Pause Cleanup 172M->172M(512M) 0.081ms
[2020-08-01T12:09:07.945+0300][45.989s][info ][gc] GC(1230) Concurrent Cycle 72.483ms
[2020-08-01T12:09:07.979+0300][46.022s][info ][gc] GC(1232) Pause Young (Concurrent Start) (G1 Humongous Allocation) 194M->195M(512M) 25.377ms
[2020-08-01T12:09:07.979+0300][46.022s][info ][gc] GC(1233) Concurrent Cycle
[2020-08-01T12:09:07.994+0300][46.038s][debug][gc] GC(1233) Reclaimed 124 empty regions
[2020-08-01T12:09:07.994+0300][46.038s][info ][gc] GC(1233) Pause Remark 248M->124M(512M) 0.575ms
[2020-08-01T12:09:08.053+0300][46.097s][info ][gc] GC(1234) Pause Young (Normal) (G1 Evacuation Pause) 173M->161M(512M) 36.084ms
[2020-08-01T12:09:08.054+0300][46.098s][info ][gc] GC(1233) Pause Cleanup 163M->163M(512M) 0.107ms
[2020-08-01T12:09:08.055+0300][46.098s][info ][gc] GC(1233) Concurrent Cycle 75.960ms
[2020-08-01T12:09:08.093+0300][46.137s][info ][gc] GC(1235) Pause Young (Concurrent Start) (G1 Humongous Allocation) 194M->194M(512M) 26.443ms
[2020-08-01T12:09:08.093+0300][46.137s][info ][gc] GC(1236) Concurrent Cycle
[2020-08-01T12:09:08.111+0300][46.155s][debug][gc] GC(1236) Reclaimed 124 empty regions
[2020-08-01T12:09:08.111+0300][46.155s][info ][gc] GC(1236) Pause Remark 248M->124M(512M) 0.611ms
[2020-08-01T12:09:08.168+0300][46.212s][info ][gc] GC(1237) Pause Young (Normal) (G1 Evacuation Pause) 172M->161M(512M) 36.861ms
[2020-08-01T12:09:08.172+0300][46.216s][info ][gc] GC(1236) Pause Cleanup 167M->167M(512M) 0.094ms
[2020-08-01T12:09:08.173+0300][46.217s][info ][gc] GC(1236) Concurrent Cycle 79.915ms
[2020-08-01T12:09:08.210+0300][46.254s][info ][gc] GC(1238) Pause Young (Concurrent Start) (G1 Humongous Allocation) 194M->195M(512M) 27.111ms
[2020-08-01T12:09:08.210+0300][46.254s][info ][gc] GC(1239) Concurrent Cycle
[2020-08-01T12:09:08.227+0300][46.271s][debug][gc] GC(1239) Reclaimed 124 empty regions
[2020-08-01T12:09:08.227+0300][46.271s][info ][gc] GC(1239) Pause Remark 248M->124M(512M) 0.649ms
[2020-08-01T12:09:08.286+0300][46.329s][info ][gc] GC(1240) Pause Young (Normal) (G1 Evacuation Pause) 173M->161M(512M) 38.413ms
[2020-08-01T12:09:08.290+0300][46.334s][info ][gc] GC(1239) Pause Cleanup 163M->163M(512M) 0.121ms
[2020-08-01T12:09:08.290+0300][46.334s][info ][gc] GC(1239) Concurrent Cycle 79.947ms
[2020-08-01T12:09:08.330+0300][46.374s][info ][gc] GC(1241) Pause Young (Concurrent Start) (G1 Humongous Allocation) 194M->195M(512M) 26.653ms
[2020-08-01T12:09:08.330+0300][46.374s][info ][gc] GC(1242) Concurrent Cycle
[2020-08-01T12:09:08.346+0300][46.390s][debug][gc] GC(1242) Reclaimed 124 empty regions
[2020-08-01T12:09:08.346+0300][46.390s][info ][gc] GC(1242) Pause Remark 247M->123M(512M) 0.648ms
[2020-08-01T12:09:08.398+0300][46.441s][info ][gc] GC(1243) Pause Young (Normal) (G1 Evacuation Pause) 173M->161M(512M) 31.387ms
[2020-08-01T12:09:08.401+0300][46.445s][info ][gc] GC(1242) Pause Cleanup 170M->170M(512M) 0.085ms
[2020-08-01T12:09:08.402+0300][46.446s][info ][gc] GC(1242) Concurrent Cycle 71.828ms
[2020-08-01T12:09:08.440+0300][46.484s][info ][gc] GC(1244) Pause Young (Concurrent Start) (G1 Humongous Allocation) 194M->195M(512M) 29.156ms
[2020-08-01T12:09:08.440+0300][46.484s][info ][gc] GC(1245) Concurrent Cycle
[2020-08-01T12:09:08.461+0300][46.504s][debug][gc] GC(1245) Reclaimed 123 empty regions
[2020-08-01T12:09:08.461+0300][46.504s][info ][gc] GC(1245) Pause Remark 253M->130M(512M) 0.613ms
[2020-08-01T12:09:08.519+0300][46.562s][info ][gc] GC(1246) Pause Young (Normal) (G1 Evacuation Pause) 174M->161M(512M) 39.273ms
[2020-08-01T12:09:08.524+0300][46.568s][info ][gc] GC(1245) Pause Cleanup 174M->174M(512M) 0.086ms
[2020-08-01T12:09:08.525+0300][46.568s][info ][gc] GC(1245) Concurrent Cycle 84.292ms
[2020-08-01T12:09:08.559+0300][46.603s][info ][gc] GC(1247) Pause Young (Concurrent Start) (G1 Humongous Allocation) 194M->196M(512M) 26.707ms
[2020-08-01T12:09:08.559+0300][46.603s][info ][gc] GC(1248) Concurrent Cycle
[2020-08-01T12:09:08.574+0300][46.618s][debug][gc] GC(1248) Reclaimed 124 empty regions
[2020-08-01T12:09:08.574+0300][46.618s][info ][gc] GC(1248) Pause Remark 250M->126M(512M) 0.578ms
[2020-08-01T12:09:08.626+0300][46.670s][info ][gc] GC(1249) Pause Young (Normal) (G1 Evacuation Pause) 174M->161M(512M) 32.182ms
[2020-08-01T12:09:08.630+0300][46.674s][info ][gc] GC(1248) Pause Cleanup 171M->171M(512M) 0.081ms
[2020-08-01T12:09:08.631+0300][46.674s][info ][gc] GC(1248) Concurrent Cycle 71.827ms
[2020-08-01T12:09:08.665+0300][46.709s][info ][gc] GC(1250) Pause Young (Concurrent Start) (G1 Humongous Allocation) 194M->195M(512M) 25.797ms
[2020-08-01T12:09:08.665+0300][46.709s][info ][gc] GC(1251) Concurrent Cycle
[2020-08-01T12:09:08.684+0300][46.727s][debug][gc] GC(1251) Reclaimed 124 empty regions
[2020-08-01T12:09:08.684+0300][46.727s][info ][gc] GC(1251) Pause Remark 250M->126M(512M) 0.613ms
[2020-08-01T12:09:08.738+0300][46.782s][info ][gc] GC(1252) Pause Young (Normal) (G1 Evacuation Pause) 173M->162M(512M) 34.908ms
[2020-08-01T12:09:08.743+0300][46.787s][info ][gc] GC(1251) Pause Cleanup 173M->173M(512M) 0.092ms
[2020-08-01T12:09:08.743+0300][46.787s][info ][gc] GC(1251) Concurrent Cycle 78.112ms
[2020-08-01T12:09:08.780+0300][46.824s][info ][gc] GC(1253) Pause Young (Concurrent Start) (G1 Humongous Allocation) 195M->196M(512M) 28.061ms
[2020-08-01T12:09:08.780+0300][46.824s][info ][gc] GC(1254) Concurrent Cycle
[2020-08-01T12:09:08.800+0300][46.844s][debug][gc] GC(1254) Reclaimed 124 empty regions
[2020-08-01T12:09:08.800+0300][46.844s][info ][gc] GC(1254) Pause Remark 249M->125M(512M) 0.723ms
[2020-08-01T12:09:08.860+0300][46.904s][info ][gc] GC(1255) Pause Young (Normal) (G1 Evacuation Pause) 174M->163M(512M) 39.411ms
[2020-08-01T12:09:08.864+0300][46.908s][info ][gc] GC(1254) Pause Cleanup 172M->172M(512M) 0.102ms
[2020-08-01T12:09:08.865+0300][46.909s][info ][gc] GC(1254) Concurrent Cycle 85.151ms
[2020-08-01T12:09:08.905+0300][46.949s][info ][gc] GC(1256) Pause Young (Concurrent Start) (G1 Humongous Allocation) 196M->197M(512M) 30.898ms
[2020-08-01T12:09:08.905+0300][46.949s][info ][gc] GC(1257) Concurrent Cycle
[2020-08-01T12:09:08.921+0300][46.965s][debug][gc] GC(1257) Reclaimed 125 empty regions
[2020-08-01T12:09:08.921+0300][46.965s][info ][gc] GC(1257) Pause Remark 250M->125M(512M) 0.654ms
[2020-08-01T12:09:08.974+0300][47.018s][info ][gc] GC(1258) Pause Young (Normal) (G1 Evacuation Pause) 173M->161M(512M) 32.788ms
[2020-08-01T12:09:08.978+0300][47.022s][info ][gc] GC(1257) Pause Cleanup 171M->171M(512M) 0.107ms
[2020-08-01T12:09:08.979+0300][47.023s][info ][gc] GC(1257) Concurrent Cycle 73.525ms
[2020-08-01T12:09:09.015+0300][47.058s][info ][gc] GC(1259) Pause Young (Concurrent Start) (G1 Humongous Allocation) 195M->196M(512M) 26.608ms
[2020-08-01T12:09:09.015+0300][47.058s][info ][gc] GC(1260) Concurrent Cycle
[2020-08-01T12:09:09.033+0300][47.077s][debug][gc] GC(1260) Reclaimed 123 empty regions
[2020-08-01T12:09:09.033+0300][47.077s][info ][gc] GC(1260) Pause Remark 250M->127M(512M) 0.653ms
[2020-08-01T12:09:09.088+0300][47.131s][info ][gc] GC(1261) Pause Young (Normal) (G1 Evacuation Pause) 175M->163M(512M) 33.235ms
[2020-08-01T12:09:09.092+0300][47.136s][info ][gc] GC(1260) Pause Cleanup 174M->174M(512M) 0.096ms
[2020-08-01T12:09:09.093+0300][47.136s][info ][gc] GC(1260) Concurrent Cycle 77.911ms
[2020-08-01T12:09:09.129+0300][47.173s][info ][gc] GC(1262) Pause Young (Concurrent Start) (G1 Humongous Allocation) 196M->198M(512M) 27.748ms
[2020-08-01T12:09:09.129+0300][47.173s][info ][gc] GC(1263) Concurrent Cycle
[2020-08-01T12:09:09.145+0300][47.189s][debug][gc] GC(1263) Reclaimed 126 empty regions
[2020-08-01T12:09:09.145+0300][47.189s][info ][gc] GC(1263) Pause Remark 251M->125M(512M) 0.593ms
[2020-08-01T12:09:09.201+0300][47.245s][info ][gc] GC(1264) Pause Young (Normal) (G1 Evacuation Pause) 173M->161M(512M) 37.294ms
[2020-08-01T12:09:09.206+0300][47.250s][info ][gc] GC(1263) Pause Cleanup 172M->172M(512M) 0.090ms
[2020-08-01T12:09:09.207+0300][47.250s][info ][gc] GC(1263) Concurrent Cycle 77.596ms
[2020-08-01T12:09:09.246+0300][47.290s][info ][gc] GC(1265) Pause Young (Concurrent Start) (G1 Humongous Allocation) 195M->196M(512M) 30.992ms
[2020-08-01T12:09:09.246+0300][47.290s][info ][gc] GC(1266) Concurrent Cycle
[2020-08-01T12:09:09.264+0300][47.308s][debug][gc] GC(1266) Reclaimed 123 empty regions
[2020-08-01T12:09:09.264+0300][47.308s][info ][gc] GC(1266) Pause Remark 249M->126M(512M) 0.607ms
[2020-08-01T12:09:09.324+0300][47.367s][info ][gc] GC(1267) Pause Young (Normal) (G1 Evacuation Pause) 175M->163M(512M) 38.843ms
[2020-08-01T12:09:09.329+0300][47.373s][info ][gc] GC(1266) Pause Cleanup 173M->173M(512M) 0.164ms
[2020-08-01T12:09:09.330+0300][47.374s][info ][gc] GC(1266) Concurrent Cycle 83.398ms
[2020-08-01T12:09:09.368+0300][47.411s][info ][gc] GC(1268) Pause Young (Concurrent Start) (G1 Humongous Allocation) 196M->198M(512M) 28.862ms
[2020-08-01T12:09:09.368+0300][47.412s][info ][gc] GC(1269) Concurrent Cycle
[2020-08-01T12:09:09.385+0300][47.429s][debug][gc] GC(1269) Reclaimed 126 empty regions
[2020-08-01T12:09:09.385+0300][47.429s][info ][gc] GC(1269) Pause Remark 251M->125M(512M) 0.622ms
[2020-08-01T12:09:09.441+0300][47.485s][info ][gc] GC(1270) Pause Young (Normal) (G1 Evacuation Pause) 173M->161M(512M) 35.240ms
[2020-08-01T12:09:09.445+0300][47.489s][info ][gc] GC(1269) Pause Cleanup 171M->171M(512M) 0.084ms
[2020-08-01T12:09:09.446+0300][47.489s][info ][gc] GC(1269) Concurrent Cycle 77.962ms
[2020-08-01T12:09:09.484+0300][47.528s][info ][gc] GC(1271) Pause Young (Concurrent Start) (G1 Humongous Allocation) 195M->197M(512M) 28.892ms
[2020-08-01T12:09:09.484+0300][47.528s][info ][gc] GC(1272) Concurrent Cycle
[2020-08-01T12:09:09.501+0300][47.545s][debug][gc] GC(1272) Reclaimed 124 empty regions
[2020-08-01T12:09:09.501+0300][47.545s][info ][gc] GC(1272) Pause Remark 251M->127M(512M) 0.828ms
[2020-08-01T12:09:09.554+0300][47.597s][info ][gc] GC(1273) Pause Young (Normal) (G1 Evacuation Pause) 174M->161M(512M) 32.790ms
[2020-08-01T12:09:09.558+0300][47.602s][info ][gc] GC(1272) Pause Cleanup 172M->172M(512M) 0.084ms
[2020-08-01T12:09:09.559+0300][47.603s][info ][gc] GC(1272) Concurrent Cycle 74.485ms
[2020-08-01T12:09:09.593+0300][47.637s][info ][gc] GC(1274) Pause Young (Concurrent Start) (G1 Humongous Allocation) 195M->196M(512M) 25.513ms
[2020-08-01T12:09:09.593+0300][47.637s][info ][gc] GC(1275) Concurrent Cycle
[2020-08-01T12:09:09.609+0300][47.652s][debug][gc] GC(1275) Reclaimed 123 empty regions
[2020-08-01T12:09:09.609+0300][47.652s][info ][gc] GC(1275) Pause Remark 249M->126M(512M) 0.630ms
[2020-08-01T12:09:09.662+0300][47.706s][info ][gc] GC(1276) Pause Young (Normal) (G1 Evacuation Pause) 175M->162M(512M) 34.306ms
[2020-08-01T12:09:09.668+0300][47.712s][info ][gc] GC(1275) Pause Cleanup 175M->175M(512M) 0.147ms
[2020-08-01T12:09:09.669+0300][47.713s][info ][gc] GC(1275) Concurrent Cycle 76.339ms
[2020-08-01T12:09:09.706+0300][47.750s][info ][gc] GC(1277) Pause Young (Concurrent Start) (G1 Humongous Allocation) 195M->197M(512M) 29.181ms
[2020-08-01T12:09:09.706+0300][47.750s][info ][gc] GC(1278) Concurrent Cycle
[2020-08-01T12:09:09.724+0300][47.768s][debug][gc] GC(1278) Reclaimed 125 empty regions
[2020-08-01T12:09:09.725+0300][47.768s][info ][gc] GC(1278) Pause Remark 251M->126M(512M) 0.634ms
[2020-08-01T12:09:09.778+0300][47.822s][info ][gc] GC(1279) Pause Young (Normal) (G1 Evacuation Pause) 173M->161M(512M) 34.190ms
[2020-08-01T12:09:09.783+0300][47.827s][info ][gc] GC(1278) Pause Cleanup 172M->172M(512M) 0.083ms
[2020-08-01T12:09:09.784+0300][47.828s][info ][gc] GC(1278) Concurrent Cycle 77.920ms
[2020-08-01T12:09:09.820+0300][47.864s][info ][gc] GC(1280) Pause Young (Concurrent Start) (G1 Humongous Allocation) 195M->196M(512M) 27.207ms
[2020-08-01T12:09:09.820+0300][47.864s][info ][gc] GC(1281) Concurrent Cycle
[2020-08-01T12:09:09.838+0300][47.881s][debug][gc] GC(1281) Reclaimed 124 empty regions
[2020-08-01T12:09:09.838+0300][47.881s][info ][gc] GC(1281) Pause Remark 248M->124M(512M) 0.648ms
[2020-08-01T12:09:09.891+0300][47.935s][info ][gc] GC(1282) Pause Young (Normal) (G1 Evacuation Pause) 174M->161M(512M) 32.666ms
[2020-08-01T12:09:09.895+0300][47.939s][info ][gc] GC(1281) Pause Cleanup 170M->170M(512M) 0.086ms
[2020-08-01T12:09:09.895+0300][47.939s][info ][gc] GC(1281) Concurrent Cycle 75.446ms
[2020-08-01T12:09:09.932+0300][47.976s][info ][gc] GC(1283) Pause Young (Concurrent Start) (G1 Humongous Allocation) 194M->195M(512M) 27.250ms
[2020-08-01T12:09:09.932+0300][47.976s][info ][gc] GC(1284) Concurrent Cycle
[2020-08-01T12:09:09.949+0300][47.993s][debug][gc] GC(1284) Reclaimed 124 empty regions
[2020-08-01T12:09:09.949+0300][47.993s][info ][gc] GC(1284) Pause Remark 247M->123M(512M) 0.581ms
[2020-08-01T12:09:10.007+0300][48.051s][info ][gc] GC(1285) Pause Young (Normal) (G1 Evacuation Pause) 173M->162M(512M) 37.859ms
[2020-08-01T12:09:10.012+0300][48.055s][info ][gc] GC(1284) Pause Cleanup 168M->168M(512M) 0.113ms
[2020-08-01T12:09:10.012+0300][48.056s][info ][gc] GC(1284) Concurrent Cycle 80.375ms
[2020-08-01T12:09:10.060+0300][48.103s][info ][gc] GC(1286) Pause Young (Concurrent Start) (G1 Humongous Allocation) 195M->196M(512M) 35.224ms
[2020-08-01T12:09:10.060+0300][48.103s][info ][gc] GC(1287) Concurrent Cycle
[2020-08-01T12:09:10.079+0300][48.123s][debug][gc] GC(1287) Reclaimed 124 empty regions
[2020-08-01T12:09:10.079+0300][48.123s][info ][gc] GC(1287) Pause Remark 253M->129M(512M) 0.589ms
[2020-08-01T12:09:10.132+0300][48.176s][info ][gc] GC(1288) Pause Young (Normal) (G1 Evacuation Pause) 174M->163M(512M) 34.829ms
[2020-08-01T12:09:10.138+0300][48.182s][info ][gc] GC(1287) Pause Cleanup 175M->175M(512M) 0.113ms
[2020-08-01T12:09:10.139+0300][48.182s][info ][gc] GC(1287) Concurrent Cycle 79.002ms
[2020-08-01T12:09:10.176+0300][48.220s][info ][gc] GC(1289) Pause Young (Concurrent Start) (G1 Humongous Allocation) 196M->197M(512M) 28.570ms
[2020-08-01T12:09:10.176+0300][48.220s][info ][gc] GC(1290) Concurrent Cycle
[2020-08-01T12:09:10.193+0300][48.237s][debug][gc] GC(1290) Reclaimed 125 empty regions
[2020-08-01T12:09:10.193+0300][48.237s][info ][gc] GC(1290) Pause Remark 252M->127M(512M) 0.712ms
[2020-08-01T12:09:10.246+0300][48.290s][info ][gc] GC(1291) Pause Young (Normal) (G1 Evacuation Pause) 173M->161M(512M) 34.356ms
[2020-08-01T12:09:10.251+0300][48.295s][info ][gc] GC(1290) Pause Cleanup 172M->172M(512M) 0.096ms
[2020-08-01T12:09:10.252+0300][48.296s][info ][gc] GC(1290) Concurrent Cycle 75.638ms
[2020-08-01T12:09:10.288+0300][48.332s][info ][gc] GC(1292) Pause Young (Concurrent Start) (G1 Humongous Allocation) 195M->195M(512M) 27.533ms
[2020-08-01T12:09:10.288+0300][48.332s][info ][gc] GC(1293) Concurrent Cycle
[2020-08-01T12:09:10.308+0300][48.352s][debug][gc] GC(1293) Reclaimed 123 empty regions
[2020-08-01T12:09:10.308+0300][48.352s][info ][gc] GC(1293) Pause Remark 249M->126M(512M) 0.582ms
[2020-08-01T12:09:10.360+0300][48.404s][info ][gc] GC(1294) Pause Young (Normal) (G1 Evacuation Pause) 174M->161M(512M) 32.515ms
[2020-08-01T12:09:10.364+0300][48.408s][info ][gc] GC(1293) Pause Cleanup 172M->172M(512M) 0.080ms
[2020-08-01T12:09:10.365+0300][48.409s][info ][gc] GC(1293) Concurrent Cycle 77.117ms
[2020-08-01T12:09:10.399+0300][48.443s][info ][gc] GC(1295) Pause Young (Concurrent Start) (G1 Humongous Allocation) 194M->195M(512M) 25.323ms
[2020-08-01T12:09:10.399+0300][48.443s][info ][gc] GC(1296) Concurrent Cycle
[2020-08-01T12:09:10.416+0300][48.460s][debug][gc] GC(1296) Reclaimed 124 empty regions
[2020-08-01T12:09:10.416+0300][48.460s][info ][gc] GC(1296) Pause Remark 248M->124M(512M) 0.573ms
[2020-08-01T12:09:10.469+0300][48.513s][info ][gc] GC(1297) Pause Young (Normal) (G1 Evacuation Pause) 173M->161M(512M) 33.288ms
[2020-08-01T12:09:10.474+0300][48.518s][info ][gc] GC(1296) Pause Cleanup 170M->170M(512M) 0.094ms
[2020-08-01T12:09:10.474+0300][48.518s][info ][gc] GC(1296) Concurrent Cycle 75.127ms
[2020-08-01T12:09:10.514+0300][48.557s][info ][gc] GC(1298) Pause Young (Concurrent Start) (G1 Humongous Allocation) 194M->195M(512M) 29.889ms
[2020-08-01T12:09:10.514+0300][48.557s][info ][gc] GC(1299) Concurrent Cycle
[2020-08-01T12:09:10.530+0300][48.573s][debug][gc] GC(1299) Reclaimed 121 empty regions
[2020-08-01T12:09:10.530+0300][48.573s][info ][gc] GC(1299) Pause Remark 248M->127M(512M) 0.586ms
[2020-08-01T12:09:10.585+0300][48.629s][info ][gc] GC(1300) Pause Young (Normal) (G1 Evacuation Pause) 176M->163M(512M) 35.888ms
[2020-08-01T12:09:10.589+0300][48.633s][info ][gc] GC(1299) Pause Cleanup 172M->172M(512M) 0.079ms
[2020-08-01T12:09:10.590+0300][48.633s][info ][gc] GC(1299) Concurrent Cycle 76.067ms
[2020-08-01T12:09:10.678+0300][48.722s][info ][gc] GC(1301) Pause Young (Prepare Mixed) (G1 Evacuation Pause) 275M->276M(512M) 53.481ms
[2020-08-01T12:09:10.743+0300][48.787s][info ][gc] GC(1302) Pause Young (Mixed) (G1 Evacuation Pause) 288M->263M(512M) 59.125ms
[2020-08-01T12:09:10.780+0300][48.824s][info ][gc] GC(1303) Pause Young (Concurrent Start) (G1 Humongous Allocation) 307M->308M(512M) 19.470ms
[2020-08-01T12:09:10.780+0300][48.824s][info ][gc] GC(1304) Concurrent Cycle
[2020-08-01T12:09:10.797+0300][48.840s][debug][gc] GC(1304) Reclaimed 251 empty regions
[2020-08-01T12:09:10.797+0300][48.840s][info ][gc] GC(1304) Pause Remark 363M->112M(512M) 0.646ms
[2020-08-01T12:09:10.823+0300][48.867s][info ][gc] GC(1305) Pause Young (Normal) (G1 Evacuation Pause) 123M->116M(512M) 21.404ms
[2020-08-01T12:09:10.844+0300][48.888s][info ][gc] GC(1304) Pause Cleanup 168M->168M(512M) 0.071ms
[2020-08-01T12:09:10.845+0300][48.889s][info ][gc] GC(1304) Concurrent Cycle 64.980ms
[2020-08-01T12:09:10.887+0300][48.930s][info ][gc] GC(1306) Pause Young (Concurrent Start) (G1 Humongous Allocation) 185M->187M(512M) 35.425ms
[2020-08-01T12:09:10.887+0300][48.930s][info ][gc] GC(1307) Concurrent Cycle
[2020-08-01T12:09:10.912+0300][48.956s][debug][gc] GC(1307) Reclaimed 101 empty regions
[2020-08-01T12:09:10.912+0300][48.956s][info ][gc] GC(1307) Pause Remark 260M->159M(512M) 0.667ms
[2020-08-01T12:09:10.961+0300][49.005s][info ][gc] GC(1308) Pause Young (Normal) (G1 Evacuation Pause) 190M->176M(512M) 35.649ms
[2020-08-01T12:09:10.985+0300][49.029s][info ][gc] GC(1307) Pause Cleanup 253M->253M(512M) 0.071ms
[2020-08-01T12:09:10.986+0300][49.030s][info ][gc] GC(1307) Concurrent Cycle 99.442ms
[2020-08-01T12:09:11.045+0300][49.088s][info ][gc] GC(1309) Pause Young (Normal) (G1 Evacuation Pause) 284M->285M(512M) 46.862ms
[2020-08-01T12:09:11.094+0300][49.138s][info ][gc] GC(1310) Pause Young (Concurrent Start) (G1 Evacuation Pause) 338M->339M(512M) 27.637ms
[2020-08-01T12:09:11.094+0300][49.138s][info ][gc] GC(1311) Concurrent Cycle
[2020-08-01T12:09:11.131+0300][49.175s][info ][gc] GC(1312) Pause Young (Normal) (G1 Evacuation Pause) 395M->396M(512M) 17.871ms
[2020-08-01T12:09:11.150+0300][49.194s][info ][gc] GC(1313) Pause Young (Normal) (G1 Evacuation Pause) 415M->416M(512M) 10.870ms
[2020-08-01T12:09:11.170+0300][49.214s][info ][gc] GC(1314) Pause Young (Normal) (G1 Evacuation Pause) 437M->439M(512M) 11.010ms
[2020-08-01T12:09:11.191+0300][49.234s][info ][gc] GC(1315) Pause Young (Normal) (G1 Evacuation Pause) 460M->461M(512M) 12.174ms
[2020-08-01T12:09:11.211+0300][49.255s][info ][gc] GC(1316) Pause Young (Normal) (G1 Evacuation Pause) 482M->483M(512M) 10.947ms
[2020-08-01T12:09:11.232+0300][49.276s][info ][gc] GC(1317) To-space exhausted
[2020-08-01T12:09:11.232+0300][49.276s][info ][gc] GC(1317) Pause Young (Normal) (G1 Evacuation Pause) 511M->511M(512M) 15.963ms
[2020-08-01T12:09:11.232+0300][49.276s][debug][gc] GC(1318) Clear Next Bitmap 0.351ms
[2020-08-01T12:09:11.246+0300][49.290s][info ][gc] GC(1318) Pause Full (G1 Evacuation Pause) 511M->28M(512M) 14.512ms
[2020-08-01T12:09:11.247+0300][49.290s][info ][gc] GC(1311) Concurrent Cycle 152.601ms
[2020-08-01T12:09:11.350+0300][49.394s][info ][gc] GC(1319) Pause Young (Normal) (G1 Evacuation Pause) 182M->182M(512M) 49.605ms
[2020-08-01T12:09:11.422+0300][49.466s][info ][gc] GC(1320) Pause Young (Concurrent Start) (G1 Evacuation Pause) 267M->269M(512M) 37.801ms
[2020-08-01T12:09:11.422+0300][49.466s][info ][gc] GC(1321) Concurrent Cycle
[2020-08-01T12:09:11.479+0300][49.523s][info ][gc] GC(1322) Pause Young (Normal) (G1 Evacuation Pause) 346M->347M(512M) 27.515ms
[2020-08-01T12:09:11.509+0300][49.553s][info ][gc] GC(1323) Pause Young (Normal) (G1 Evacuation Pause) 380M->381M(512M) 16.739ms
[2020-08-01T12:09:11.531+0300][49.574s][info ][gc] GC(1324) Pause Young (Normal) (G1 Evacuation Pause) 403M->404M(512M) 11.816ms
[2020-08-01T12:09:11.541+0300][49.585s][debug][gc] GC(1321) Reclaimed 96 empty regions
[2020-08-01T12:09:11.541+0300][49.585s][info ][gc] GC(1321) Pause Remark 444M->352M(512M) 0.600ms
[2020-08-01T12:09:11.554+0300][49.598s][info ][gc] GC(1325) Pause Young (Normal) (G1 Evacuation Pause) 353M->354M(512M) 12.671ms
[2020-08-01T12:09:11.585+0300][49.629s][info ][gc] GC(1326) Pause Young (Normal) (G1 Evacuation Pause) 386M->389M(512M) 17.625ms
[2020-08-01T12:09:11.612+0300][49.656s][info ][gc] GC(1327) Pause Young (Normal) (G1 Evacuation Pause) 410M->411M(512M) 18.285ms
[2020-08-01T12:09:11.640+0300][49.684s][info ][gc] GC(1328) Pause Young (Normal) (G1 Evacuation Pause) 432M->433M(512M) 19.268ms
[2020-08-01T12:09:11.671+0300][49.715s][info ][gc] GC(1329) Pause Young (Normal) (G1 Evacuation Pause) 454M->456M(512M) 21.769ms
[2020-08-01T12:09:11.713+0300][49.757s][info ][gc] GC(1330) To-space exhausted
[2020-08-01T12:09:11.714+0300][49.757s][info ][gc] GC(1330) Pause Young (Normal) (G1 Evacuation Pause) 497M->503M(512M) 31.797ms
[2020-08-01T12:09:11.746+0300][49.790s][info ][gc] GC(1331) To-space exhausted
[2020-08-01T12:09:11.746+0300][49.790s][info ][gc] GC(1331) Pause Young (Normal) (G1 Evacuation Pause) 511M->511M(512M) 29.086ms
[2020-08-01T12:09:11.746+0300][49.790s][debug][gc] GC(1332) Clear Next Bitmap 0.294ms
[2020-08-01T12:09:11.772+0300][49.816s][info ][gc] GC(1332) Pause Full (G1 Evacuation Pause) 511M->45M(512M) 26.242ms
[2020-08-01T12:09:11.773+0300][49.816s][info ][gc] GC(1321) Concurrent Cycle 350.659ms
[2020-08-01T12:09:11.874+0300][49.918s][info ][gc] GC(1333) Pause Young (Normal) (G1 Evacuation Pause) 195M->195M(512M) 49.170ms
[2020-08-01T12:09:11.940+0300][49.984s][info ][gc] GC(1334) Pause Young (Concurrent Start) (G1 Humongous Allocation) 271M->272M(512M) 34.858ms
[2020-08-01T12:09:11.940+0300][49.984s][info ][gc] GC(1335) Concurrent Cycle
[2020-08-01T12:09:11.993+0300][50.036s][info ][gc] GC(1336) Pause Young (Normal) (G1 Evacuation Pause) 349M->351M(512M) 26.982ms
[2020-08-01T12:09:11.996+0300][50.040s][debug][gc] GC(1335) Reclaimed 173 empty regions
[2020-08-01T12:09:11.996+0300][50.040s][info ][gc] GC(1335) Pause Remark 359M->188M(512M) 0.632ms
[2020-08-01T12:09:12.024+0300][50.068s][info ][gc] GC(1337) Pause Young (Normal) (G1 Evacuation Pause) 212M->213M(512M) 17.460ms
[2020-08-01T12:09:12.094+0300][50.138s][info ][gc] GC(1338) Pause Young (Normal) (G1 Evacuation Pause) 309M->310M(512M) 36.551ms
[2020-08-01T12:09:12.147+0300][50.191s][info ][gc] GC(1339) Pause Young (Normal) (G1 Evacuation Pause) 355M->357M(512M) 35.165ms
[2020-08-01T12:09:12.157+0300][50.201s][info ][gc] GC(1335) Pause Cleanup 397M->397M(512M) 0.100ms
[2020-08-01T12:09:12.158+0300][50.202s][info ][gc] GC(1335) Concurrent Cycle 217.893ms
[2020-08-01T12:09:12.194+0300][50.238s][info ][gc] GC(1340) Pause Young (Normal) (G1 Evacuation Pause) 408M->409M(512M) 32.206ms
[2020-08-01T12:09:12.213+0300][50.257s][info ][gc] GC(1341) Pause Young (Concurrent Start) (G1 Evacuation Pause) 429M->431M(512M) 10.859ms
[2020-08-01T12:09:12.213+0300][50.257s][info ][gc] GC(1342) Concurrent Cycle
[2020-08-01T12:09:12.232+0300][50.276s][info ][gc] GC(1343) Pause Young (Normal) (G1 Evacuation Pause) 452M->453M(512M) 10.283ms
[2020-08-01T12:09:12.252+0300][50.296s][info ][gc] GC(1344) Pause Young (Normal) (G1 Evacuation Pause) 474M->475M(512M) 11.265ms
[2020-08-01T12:09:12.281+0300][50.325s][info ][gc] GC(1345) To-space exhausted
[2020-08-01T12:09:12.281+0300][50.325s][info ][gc] GC(1345) Pause Young (Normal) (G1 Evacuation Pause) 496M->503M(512M) 19.550ms
[2020-08-01T12:09:12.300+0300][50.344s][info ][gc] GC(1346) To-space exhausted
[2020-08-01T12:09:12.300+0300][50.344s][info ][gc] GC(1346) Pause Young (Normal) (G1 Evacuation Pause) 511M->511M(512M) 15.912ms
[2020-08-01T12:09:12.301+0300][50.345s][debug][gc] GC(1347) Clear Next Bitmap 0.327ms
[2020-08-01T12:09:12.382+0300][50.425s][info ][gc] GC(1347) Pause Full (G1 Evacuation Pause) 511M->124M(512M) 80.919ms
[2020-08-01T12:09:12.382+0300][50.426s][info ][gc] GC(1342) Concurrent Cycle 168.491ms
[2020-08-01T12:09:12.393+0300][50.437s][info ][gc] GC(1348) Pause Young (Concurrent Start) (G1 Humongous Allocation) 137M->136M(512M) 6.157ms
[2020-08-01T12:09:12.393+0300][50.437s][info ][gc] GC(1349) Concurrent Cycle
[2020-08-01T12:09:12.402+0300][50.446s][debug][gc] GC(1349) Reclaimed 113 empty regions
[2020-08-01T12:09:12.402+0300][50.446s][info ][gc] GC(1349) Pause Remark 165M->54M(512M) 0.807ms
[2020-08-01T12:09:12.409+0300][50.453s][info ][gc] GC(1349) Pause Cleanup 71M->71M(512M) 0.064ms
[2020-08-01T12:09:12.409+0300][50.453s][info ][gc] GC(1349) Concurrent Cycle 16.151ms
[2020-08-01T12:09:12.477+0300][50.521s][info ][gc] GC(1350) Pause Young (Normal) (G1 Evacuation Pause) 147M->134M(512M) 38.100ms
[2020-08-01T12:09:12.496+0300][50.540s][info ][gc] GC(1351) Pause Young (Concurrent Start) (G1 Humongous Allocation) 147M->150M(512M) 13.273ms
[2020-08-01T12:09:12.496+0300][50.540s][info ][gc] GC(1352) Concurrent Cycle
[2020-08-01T12:09:12.509+0300][50.553s][debug][gc] GC(1352) Reclaimed 103 empty regions
[2020-08-01T12:09:12.509+0300][50.553s][info ][gc] GC(1352) Pause Remark 189M->86M(512M) 0.619ms
[2020-08-01T12:09:12.524+0300][50.568s][info ][gc] GC(1352) Pause Cleanup 124M->124M(512M) 0.083ms
[2020-08-01T12:09:12.525+0300][50.569s][info ][gc] GC(1352) Concurrent Cycle 28.851ms
[2020-08-01T12:09:12.577+0300][50.621s][info ][gc] GC(1353) Pause Young (Normal) (G1 Evacuation Pause) 164M->150M(512M) 37.352ms
[2020-08-01T12:09:12.601+0300][50.645s][info ][gc] GC(1354) Pause Young (Concurrent Start) (G1 Humongous Allocation) 168M->169M(512M) 16.020ms
[2020-08-01T12:09:12.601+0300][50.645s][info ][gc] GC(1355) Concurrent Cycle
[2020-08-01T12:09:12.614+0300][50.658s][debug][gc] GC(1355) Reclaimed 119 empty regions
[2020-08-01T12:09:12.614+0300][50.658s][info ][gc] GC(1355) Pause Remark 214M->95M(512M) 0.580ms
[2020-08-01T12:09:12.630+0300][50.674s][info ][gc] GC(1355) Pause Cleanup 137M->137M(512M) 0.073ms
[2020-08-01T12:09:12.631+0300][50.675s][info ][gc] GC(1355) Concurrent Cycle 29.927ms
[2020-08-01T12:09:12.677+0300][50.720s][info ][gc] GC(1356) Pause Young (Normal) (G1 Evacuation Pause) 160M->147M(512M) 36.838ms
[2020-08-01T12:09:12.704+0300][50.748s][info ][gc] GC(1357) Pause Young (Concurrent Start) (G1 Humongous Allocation) 172M->173M(512M) 16.562ms
[2020-08-01T12:09:12.704+0300][50.748s][info ][gc] GC(1358) Concurrent Cycle
[2020-08-01T12:09:12.719+0300][50.763s][debug][gc] GC(1358) Reclaimed 117 empty regions
[2020-08-01T12:09:12.719+0300][50.763s][info ][gc] GC(1358) Pause Remark 222M->105M(512M) 0.539ms
[2020-08-01T12:09:12.739+0300][50.783s][info ][gc] GC(1358) Pause Cleanup 155M->155M(512M) 0.109ms
[2020-08-01T12:09:12.740+0300][50.784s][info ][gc] GC(1358) Concurrent Cycle 36.058ms
[2020-08-01T12:09:12.779+0300][50.823s][info ][gc] GC(1359) Pause Young (Normal) (G1 Evacuation Pause) 165M->153M(512M) 35.583ms
[2020-08-01T12:09:12.806+0300][50.849s][info ][gc] GC(1360) Pause Young (Concurrent Start) (G1 Humongous Allocation) 179M->179M(512M) 16.272ms
[2020-08-01T12:09:12.806+0300][50.850s][info ][gc] GC(1361) Concurrent Cycle
[2020-08-01T12:09:12.820+0300][50.864s][debug][gc] GC(1361) Reclaimed 122 empty regions
[2020-08-01T12:09:12.820+0300][50.864s][info ][gc] GC(1361) Pause Remark 228M->106M(512M) 0.626ms
[2020-08-01T12:09:12.840+0300][50.884s][info ][gc] GC(1361) Pause Cleanup 156M->156M(512M) 0.069ms
[2020-08-01T12:09:12.840+0300][50.884s][info ][gc] GC(1361) Concurrent Cycle 34.500ms
[2020-08-01T12:09:12.876+0300][50.920s][info ][gc] GC(1362) Pause Young (Normal) (G1 Evacuation Pause) 164M->152M(512M) 32.895ms
[2020-08-01T12:09:12.904+0300][50.948s][info ][gc] GC(1363) Pause Young (Concurrent Start) (G1 Humongous Allocation) 180M->180M(512M) 16.261ms
[2020-08-01T12:09:12.904+0300][50.948s][info ][gc] GC(1364) Concurrent Cycle
[2020-08-01T12:09:12.920+0300][50.964s][debug][gc] GC(1364) Reclaimed 121 empty regions
[2020-08-01T12:09:12.920+0300][50.964s][info ][gc] GC(1364) Pause Remark 230M->109M(512M) 0.571ms
[2020-08-01T12:09:12.941+0300][50.985s][info ][gc] GC(1364) Pause Cleanup 162M->162M(512M) 0.069ms
[2020-08-01T12:09:12.941+0300][50.985s][info ][gc] GC(1364) Concurrent Cycle 37.254ms
[2020-08-01T12:09:12.979+0300][51.022s][info ][gc] GC(1365) Pause Young (Normal) (G1 Evacuation Pause) 165M->153M(512M) 36.163ms
[2020-08-01T12:09:13.007+0300][51.051s][info ][gc] GC(1366) Pause Young (Concurrent Start) (G1 Humongous Allocation) 182M->183M(512M) 17.256ms
[2020-08-01T12:09:13.008+0300][51.051s][info ][gc] GC(1367) Concurrent Cycle
[2020-08-01T12:09:13.022+0300][51.066s][debug][gc] GC(1367) Reclaimed 122 empty regions
[2020-08-01T12:09:13.023+0300][51.066s][info ][gc] GC(1367) Pause Remark 233M->111M(512M) 0.571ms
[2020-08-01T12:09:13.044+0300][51.088s][info ][gc] GC(1367) Pause Cleanup 161M->161M(512M) 0.073ms
[2020-08-01T12:09:13.045+0300][51.088s][info ][gc] GC(1367) Concurrent Cycle 37.008ms
[2020-08-01T12:09:13.082+0300][51.125s][info ][gc] GC(1368) Pause Young (Normal) (G1 Evacuation Pause) 167M->154M(512M) 34.898ms
[2020-08-01T12:09:13.112+0300][51.156s][info ][gc] GC(1369) Pause Young (Concurrent Start) (G1 Humongous Allocation) 183M->185M(512M) 19.027ms
[2020-08-01T12:09:13.112+0300][51.156s][info ][gc] GC(1370) Concurrent Cycle
[2020-08-01T12:09:13.128+0300][51.172s][debug][gc] GC(1370) Reclaimed 124 empty regions
[2020-08-01T12:09:13.128+0300][51.172s][info ][gc] GC(1370) Pause Remark 234M->110M(512M) 0.630ms
[2020-08-01T12:09:13.149+0300][51.193s][info ][gc] GC(1370) Pause Cleanup 165M->165M(512M) 0.069ms
[2020-08-01T12:09:13.150+0300][51.194s][info ][gc] GC(1370) Concurrent Cycle 37.741ms
[2020-08-01T12:09:13.185+0300][51.228s][info ][gc] GC(1371) Pause Young (Normal) (G1 Evacuation Pause) 166M->153M(512M) 34.409ms
[2020-08-01T12:09:13.215+0300][51.259s][info ][gc] GC(1372) Pause Young (Concurrent Start) (G1 Humongous Allocation) 183M->184M(512M) 18.217ms
[2020-08-01T12:09:13.215+0300][51.259s][info ][gc] GC(1373) Concurrent Cycle
[2020-08-01T12:09:13.231+0300][51.274s][debug][gc] GC(1373) Reclaimed 123 empty regions
[2020-08-01T12:09:13.231+0300][51.274s][info ][gc] GC(1373) Pause Remark 236M->113M(512M) 0.590ms
[2020-08-01T12:09:13.288+0300][51.332s][info ][gc] GC(1374) Pause Young (Normal) (G1 Evacuation Pause) 166M->153M(512M) 35.099ms
[2020-08-01T12:09:13.289+0300][51.333s][info ][gc] GC(1373) Pause Cleanup 154M->154M(512M) 0.078ms
[2020-08-01T12:09:13.290+0300][51.334s][info ][gc] GC(1373) Concurrent Cycle 74.896ms
[2020-08-01T12:09:13.329+0300][51.372s][info ][gc] GC(1375) Pause Young (Concurrent Start) (G1 Humongous Allocation) 183M->184M(512M) 27.486ms
[2020-08-01T12:09:13.329+0300][51.373s][info ][gc] GC(1376) Concurrent Cycle
[2020-08-01T12:09:13.345+0300][51.389s][debug][gc] GC(1376) Reclaimed 123 empty regions
[2020-08-01T12:09:13.345+0300][51.389s][info ][gc] GC(1376) Pause Remark 237M->114M(512M) 0.632ms
[2020-08-01T12:09:13.368+0300][51.412s][info ][gc] GC(1376) Pause Cleanup 165M->165M(512M) 0.083ms
[2020-08-01T12:09:13.410+0300][51.454s][info ][gc] GC(1377) Pause Young (Normal) (G1 Evacuation Pause) 166M->154M(512M) 40.683ms
[2020-08-01T12:09:13.410+0300][51.454s][info ][gc] GC(1376) Concurrent Cycle 81.439ms
[2020-08-01T12:09:13.446+0300][51.490s][info ][gc] GC(1378) Pause Young (Concurrent Start) (G1 Humongous Allocation) 184M->185M(512M) 23.379ms
[2020-08-01T12:09:13.447+0300][51.490s][info ][gc] GC(1379) Concurrent Cycle
[2020-08-01T12:09:13.464+0300][51.507s][debug][gc] GC(1379) Reclaimed 122 empty regions
[2020-08-01T12:09:13.464+0300][51.508s][info ][gc] GC(1379) Pause Remark 234M->112M(512M) 0.657ms
[2020-08-01T12:09:13.487+0300][51.531s][info ][gc] GC(1379) Pause Cleanup 164M->164M(512M) 0.097ms
[2020-08-01T12:09:13.488+0300][51.531s][info ][gc] GC(1379) Concurrent Cycle 41.113ms
[2020-08-01T12:09:13.525+0300][51.569s][info ][gc] GC(1380) Pause Young (Normal) (G1 Evacuation Pause) 168M->156M(512M) 35.791ms
[2020-08-01T12:09:13.554+0300][51.598s][info ][gc] GC(1381) Pause Young (Concurrent Start) (G1 Humongous Allocation) 186M->186M(512M) 17.179ms
[2020-08-01T12:09:13.554+0300][51.598s][info ][gc] GC(1382) Concurrent Cycle
[2020-08-01T12:09:13.570+0300][51.614s][debug][gc] GC(1382) Reclaimed 124 empty regions
[2020-08-01T12:09:13.570+0300][51.614s][info ][gc] GC(1382) Pause Remark 238M->114M(512M) 0.653ms
[2020-08-01T12:09:13.627+0300][51.671s][info ][gc] GC(1383) Pause Young (Normal) (G1 Evacuation Pause) 167M->155M(512M) 35.042ms
[2020-08-01T12:09:13.628+0300][51.672s][info ][gc] GC(1382) Pause Cleanup 158M->158M(512M) 0.083ms
[2020-08-01T12:09:13.629+0300][51.672s][info ][gc] GC(1382) Concurrent Cycle 74.290ms
[2020-08-01T12:09:13.666+0300][51.710s][info ][gc] GC(1384) Pause Young (Concurrent Start) (G1 Humongous Allocation) 185M->186M(512M) 27.412ms
[2020-08-01T12:09:13.666+0300][51.710s][info ][gc] GC(1385) Concurrent Cycle
[2020-08-01T12:09:13.684+0300][51.728s][debug][gc] GC(1385) Reclaimed 123 empty regions
[2020-08-01T12:09:13.685+0300][51.728s][info ][gc] GC(1385) Pause Remark 236M->113M(512M) 0.841ms
[2020-08-01T12:09:13.745+0300][51.788s][info ][gc] GC(1386) Pause Young (Normal) (G1 Evacuation Pause) 168M->155M(512M) 37.786ms
[2020-08-01T12:09:13.745+0300][51.789s][info ][gc] GC(1385) Pause Cleanup 156M->156M(512M) 0.115ms
[2020-08-01T12:09:13.746+0300][51.790s][info ][gc] GC(1385) Concurrent Cycle 80.061ms
[2020-08-01T12:09:13.784+0300][51.828s][info ][gc] GC(1387) Pause Young (Concurrent Start) (G1 Humongous Allocation) 185M->187M(512M) 25.768ms
[2020-08-01T12:09:13.784+0300][51.828s][info ][gc] GC(1388) Concurrent Cycle
[2020-08-01T12:09:13.799+0300][51.843s][debug][gc] GC(1388) Reclaimed 124 empty regions
[2020-08-01T12:09:13.799+0300][51.843s][info ][gc] GC(1388) Pause Remark 237M->113M(512M) 0.567ms
[2020-08-01T12:09:13.854+0300][51.898s][info ][gc] GC(1389) Pause Young (Normal) (G1 Evacuation Pause) 167M->154M(512M) 33.852ms
[2020-08-01T12:09:13.855+0300][51.899s][info ][gc] GC(1388) Pause Cleanup 157M->157M(512M) 0.076ms
[2020-08-01T12:09:13.856+0300][51.900s][info ][gc] GC(1388) Concurrent Cycle 72.151ms
[2020-08-01T12:09:13.894+0300][51.938s][info ][gc] GC(1390) Pause Young (Concurrent Start) (G1 Humongous Allocation) 185M->187M(512M) 27.690ms
[2020-08-01T12:09:13.894+0300][51.938s][info ][gc] GC(1391) Concurrent Cycle
[2020-08-01T12:09:13.913+0300][51.957s][debug][gc] GC(1391) Reclaimed 122 empty regions
[2020-08-01T12:09:13.913+0300][51.957s][info ][gc] GC(1391) Pause Remark 239M->117M(512M) 0.576ms
[2020-08-01T12:09:13.967+0300][52.011s][info ][gc] GC(1392) Pause Young (Normal) (G1 Evacuation Pause) 169M->156M(512M) 33.605ms
[2020-08-01T12:09:13.970+0300][52.014s][info ][gc] GC(1391) Pause Cleanup 161M->161M(512M) 0.106ms
[2020-08-01T12:09:13.971+0300][52.014s][info ][gc] GC(1391) Concurrent Cycle 76.174ms
[2020-08-01T12:09:14.006+0300][52.050s][info ][gc] GC(1393) Pause Young (Concurrent Start) (G1 Humongous Allocation) 187M->188M(512M) 25.552ms
[2020-08-01T12:09:14.006+0300][52.050s][info ][gc] GC(1394) Concurrent Cycle
[2020-08-01T12:09:14.021+0300][52.065s][debug][gc] GC(1394) Reclaimed 125 empty regions
[2020-08-01T12:09:14.021+0300][52.065s][info ][gc] GC(1394) Pause Remark 240M->115M(512M) 0.653ms
[2020-08-01T12:09:14.077+0300][52.120s][info ][gc] GC(1395) Pause Young (Normal) (G1 Evacuation Pause) 167M->155M(512M) 32.804ms
[2020-08-01T12:09:14.077+0300][52.121s][info ][gc] GC(1394) Pause Cleanup 156M->156M(512M) 0.078ms
[2020-08-01T12:09:14.078+0300][52.122s][info ][gc] GC(1394) Concurrent Cycle 71.948ms
[2020-08-01T12:09:14.120+0300][52.164s][info ][gc] GC(1396) Pause Young (Concurrent Start) (G1 Humongous Allocation) 186M->187M(512M) 30.943ms
[2020-08-01T12:09:14.120+0300][52.164s][info ][gc] GC(1397) Concurrent Cycle
[2020-08-01T12:09:14.144+0300][52.187s][debug][gc] GC(1397) Reclaimed 123 empty regions
[2020-08-01T12:09:14.144+0300][52.187s][info ][gc] GC(1397) Pause Remark 245M->122M(512M) 0.601ms
[2020-08-01T12:09:14.195+0300][52.239s][info ][gc] GC(1398) Pause Young (Normal) (G1 Evacuation Pause) 168M->156M(512M) 32.434ms
[2020-08-01T12:09:14.201+0300][52.245s][info ][gc] GC(1397) Pause Cleanup 165M->165M(512M) 0.126ms
[2020-08-01T12:09:14.201+0300][52.245s][info ][gc] GC(1397) Concurrent Cycle 81.284ms
[2020-08-01T12:09:14.241+0300][52.285s][info ][gc] GC(1399) Pause Young (Concurrent Start) (G1 Humongous Allocation) 187M->188M(512M) 30.890ms
[2020-08-01T12:09:14.241+0300][52.285s][info ][gc] GC(1400) Concurrent Cycle
[2020-08-01T12:09:14.257+0300][52.301s][debug][gc] GC(1400) Reclaimed 124 empty regions
[2020-08-01T12:09:14.257+0300][52.301s][info ][gc] GC(1400) Pause Remark 239M->115M(512M) 0.566ms
[2020-08-01T12:09:14.314+0300][52.358s][info ][gc] GC(1401) Pause Young (Normal) (G1 Evacuation Pause) 168M->155M(512M) 35.911ms
[2020-08-01T12:09:14.317+0300][52.360s][info ][gc] GC(1400) Pause Cleanup 159M->159M(512M) 0.091ms
[2020-08-01T12:09:14.317+0300][52.361s][info ][gc] GC(1400) Concurrent Cycle 76.000ms
[2020-08-01T12:09:14.358+0300][52.402s][info ][gc] GC(1402) Pause Young (Concurrent Start) (G1 Humongous Allocation) 186M->187M(512M) 29.771ms
[2020-08-01T12:09:14.358+0300][52.402s][info ][gc] GC(1403) Concurrent Cycle
[2020-08-01T12:09:14.375+0300][52.419s][debug][gc] GC(1403) Reclaimed 124 empty regions
[2020-08-01T12:09:14.375+0300][52.419s][info ][gc] GC(1403) Pause Remark 237M->113M(512M) 0.664ms
[2020-08-01T12:09:14.438+0300][52.482s][info ][gc] GC(1404) Pause Young (Normal) (G1 Evacuation Pause) 167M->154M(512M) 38.637ms
[2020-08-01T12:09:14.439+0300][52.483s][info ][gc] GC(1403) Pause Cleanup 155M->155M(512M) 0.088ms
[2020-08-01T12:09:14.440+0300][52.483s][info ][gc] GC(1403) Concurrent Cycle 81.644ms
[2020-08-01T12:09:14.479+0300][52.523s][info ][gc] GC(1405) Pause Young (Concurrent Start) (G1 Humongous Allocation) 185M->187M(512M) 28.198ms
[2020-08-01T12:09:14.479+0300][52.523s][info ][gc] GC(1406) Concurrent Cycle
[2020-08-01T12:09:14.495+0300][52.539s][debug][gc] GC(1406) Reclaimed 122 empty regions
[2020-08-01T12:09:14.495+0300][52.539s][info ][gc] GC(1406) Pause Remark 239M->117M(512M) 0.600ms
[2020-08-01T12:09:14.552+0300][52.596s][info ][gc] GC(1407) Pause Young (Normal) (G1 Evacuation Pause) 169M->156M(512M) 36.406ms
[2020-08-01T12:09:14.554+0300][52.598s][info ][gc] GC(1406) Pause Cleanup 161M->161M(512M) 0.085ms
[2020-08-01T12:09:14.555+0300][52.599s][info ][gc] GC(1406) Concurrent Cycle 76.007ms
[2020-08-01T12:09:14.591+0300][52.635s][info ][gc] GC(1408) Pause Young (Concurrent Start) (G1 Humongous Allocation) 187M->188M(512M) 26.120ms
[2020-08-01T12:09:14.591+0300][52.635s][info ][gc] GC(1409) Concurrent Cycle
[2020-08-01T12:09:14.608+0300][52.652s][debug][gc] GC(1409) Reclaimed 125 empty regions
[2020-08-01T12:09:14.608+0300][52.652s][info ][gc] GC(1409) Pause Remark 240M->115M(512M) 0.579ms
[2020-08-01T12:09:14.661+0300][52.705s][info ][gc] GC(1410) Pause Young (Normal) (G1 Evacuation Pause) 167M->154M(512M) 32.538ms
[2020-08-01T12:09:14.664+0300][52.708s][info ][gc] GC(1409) Pause Cleanup 159M->159M(512M) 0.087ms
[2020-08-01T12:09:14.665+0300][52.708s][info ][gc] GC(1409) Concurrent Cycle 73.585ms
[2020-08-01T12:09:14.702+0300][52.745s][info ][gc] GC(1411) Pause Young (Concurrent Start) (G1 Humongous Allocation) 185M->187M(512M) 26.034ms
[2020-08-01T12:09:14.702+0300][52.745s][info ][gc] GC(1412) Concurrent Cycle
[2020-08-01T12:09:14.717+0300][52.761s][debug][gc] GC(1412) Reclaimed 123 empty regions
[2020-08-01T12:09:14.717+0300][52.761s][info ][gc] GC(1412) Pause Remark 238M->115M(512M) 0.569ms
[2020-08-01T12:09:14.775+0300][52.818s][info ][gc] GC(1413) Pause Young (Normal) (G1 Evacuation Pause) 168M->155M(512M) 36.119ms
[2020-08-01T12:09:14.776+0300][52.820s][info ][gc] GC(1412) Pause Cleanup 159M->159M(512M) 0.074ms
[2020-08-01T12:09:14.777+0300][52.821s][info ][gc] GC(1412) Concurrent Cycle 75.402ms
[2020-08-01T12:09:14.816+0300][52.859s][info ][gc] GC(1414) Pause Young (Concurrent Start) (G1 Humongous Allocation) 186M->188M(512M) 28.577ms
[2020-08-01T12:09:14.816+0300][52.860s][info ][gc] GC(1415) Concurrent Cycle
[2020-08-01T12:09:14.833+0300][52.877s][debug][gc] GC(1415) Reclaimed 124 empty regions
[2020-08-01T12:09:14.834+0300][52.877s][info ][gc] GC(1415) Pause Remark 240M->116M(512M) 0.575ms
[2020-08-01T12:09:14.889+0300][52.933s][info ][gc] GC(1416) Pause Young (Normal) (G1 Evacuation Pause) 168M->156M(512M) 34.425ms
[2020-08-01T12:09:14.892+0300][52.936s][info ][gc] GC(1415) Pause Cleanup 162M->162M(512M) 0.112ms
[2020-08-01T12:09:14.893+0300][52.937s][info ][gc] GC(1415) Concurrent Cycle 77.063ms
[2020-08-01T12:09:14.930+0300][52.974s][info ][gc] GC(1417) Pause Young (Concurrent Start) (G1 Humongous Allocation) 187M->187M(512M) 27.969ms
[2020-08-01T12:09:14.930+0300][52.974s][info ][gc] GC(1418) Concurrent Cycle
[2020-08-01T12:09:14.947+0300][52.990s][debug][gc] GC(1418) Reclaimed 124 empty regions
[2020-08-01T12:09:14.947+0300][52.991s][info ][gc] GC(1418) Pause Remark 239M->115M(512M) 0.608ms
[2020-08-01T12:09:15.001+0300][53.044s][info ][gc] GC(1419) Pause Young (Normal) (G1 Evacuation Pause) 167M->155M(512M) 32.827ms
[2020-08-01T12:09:15.002+0300][53.046s][info ][gc] GC(1418) Pause Cleanup 159M->159M(512M) 0.076ms
[2020-08-01T12:09:15.003+0300][53.047s][info ][gc] GC(1418) Concurrent Cycle 72.759ms
[2020-08-01T12:09:15.039+0300][53.083s][info ][gc] GC(1420) Pause Young (Concurrent Start) (G1 Humongous Allocation) 186M->187M(512M) 26.182ms
[2020-08-01T12:09:15.039+0300][53.083s][info ][gc] GC(1421) Concurrent Cycle
[2020-08-01T12:09:15.056+0300][53.100s][debug][gc] GC(1421) Reclaimed 123 empty regions
[2020-08-01T12:09:15.056+0300][53.100s][info ][gc] GC(1421) Pause Remark 239M->116M(512M) 0.618ms
[2020-08-01T12:09:15.110+0300][53.154s][info ][gc] GC(1422) Pause Young (Normal) (G1 Evacuation Pause) 168M->155M(512M) 33.105ms
[2020-08-01T12:09:15.112+0300][53.156s][info ][gc] GC(1421) Pause Cleanup 161M->161M(512M) 0.107ms
[2020-08-01T12:09:15.113+0300][53.157s][info ][gc] GC(1421) Concurrent Cycle 73.988ms
[2020-08-01T12:09:15.150+0300][53.194s][info ][gc] GC(1423) Pause Young (Concurrent Start) (G1 Humongous Allocation) 186M->187M(512M) 26.744ms
[2020-08-01T12:09:15.150+0300][53.194s][info ][gc] GC(1424) Concurrent Cycle
[2020-08-01T12:09:15.165+0300][53.209s][debug][gc] GC(1424) Reclaimed 124 empty regions
[2020-08-01T12:09:15.165+0300][53.209s][info ][gc] GC(1424) Pause Remark 238M->114M(512M) 0.575ms
[2020-08-01T12:09:15.218+0300][53.262s][info ][gc] GC(1425) Pause Young (Normal) (G1 Evacuation Pause) 167M->155M(512M) 32.131ms
[2020-08-01T12:09:15.220+0300][53.264s][info ][gc] GC(1424) Pause Cleanup 159M->159M(512M) 0.074ms
[2020-08-01T12:09:15.221+0300][53.264s][info ][gc] GC(1424) Concurrent Cycle 70.771ms
[2020-08-01T12:09:15.257+0300][53.301s][info ][gc] GC(1426) Pause Young (Concurrent Start) (G1 Humongous Allocation) 186M->187M(512M) 26.476ms
[2020-08-01T12:09:15.257+0300][53.301s][info ][gc] GC(1427) Concurrent Cycle
[2020-08-01T12:09:15.274+0300][53.318s][debug][gc] GC(1427) Reclaimed 123 empty regions
[2020-08-01T12:09:15.274+0300][53.318s][info ][gc] GC(1427) Pause Remark 240M->117M(512M) 0.611ms
[2020-08-01T12:09:15.328+0300][53.372s][info ][gc] GC(1428) Pause Young (Normal) (G1 Evacuation Pause) 168M->156M(512M) 33.431ms
[2020-08-01T12:09:15.331+0300][53.375s][info ][gc] GC(1427) Pause Cleanup 162M->162M(512M) 0.116ms
[2020-08-01T12:09:15.332+0300][53.376s][info ][gc] GC(1427) Concurrent Cycle 74.895ms
[2020-08-01T12:09:15.366+0300][53.410s][info ][gc] GC(1429) Pause Young (Concurrent Start) (G1 Humongous Allocation) 187M->188M(512M) 24.934ms
[2020-08-01T12:09:15.366+0300][53.410s][info ][gc] GC(1430) Concurrent Cycle
[2020-08-01T12:09:15.382+0300][53.426s][debug][gc] GC(1430) Reclaimed 122 empty regions
[2020-08-01T12:09:15.382+0300][53.426s][info ][gc] GC(1430) Pause Remark 241M->119M(512M) 0.620ms
[2020-08-01T12:09:15.438+0300][53.482s][info ][gc] GC(1431) Pause Young (Normal) (G1 Evacuation Pause) 170M->157M(512M) 34.391ms
[2020-08-01T12:09:15.440+0300][53.484s][info ][gc] GC(1430) Pause Cleanup 163M->163M(512M) 0.085ms
[2020-08-01T12:09:15.441+0300][53.485s][info ][gc] GC(1430) Concurrent Cycle 74.532ms
[2020-08-01T12:09:15.477+0300][53.520s][info ][gc] GC(1432) Pause Young (Concurrent Start) (G1 Humongous Allocation) 188M->189M(512M) 26.277ms
[2020-08-01T12:09:15.477+0300][53.520s][info ][gc] GC(1433) Concurrent Cycle
[2020-08-01T12:09:15.493+0300][53.537s][debug][gc] GC(1433) Reclaimed 123 empty regions
[2020-08-01T12:09:15.493+0300][53.537s][info ][gc] GC(1433) Pause Remark 241M->118M(512M) 0.639ms
[2020-08-01T12:09:15.546+0300][53.590s][info ][gc] GC(1434) Pause Young (Normal) (G1 Evacuation Pause) 170M->158M(512M) 32.256ms
[2020-08-01T12:09:15.549+0300][53.592s][info ][gc] GC(1433) Pause Cleanup 163M->163M(512M) 0.117ms
[2020-08-01T12:09:15.550+0300][53.593s][info ][gc] GC(1433) Concurrent Cycle 72.974ms
[2020-08-01T12:09:15.584+0300][53.628s][info ][gc] GC(1435) Pause Young (Concurrent Start) (G1 Humongous Allocation) 189M->190M(512M) 25.025ms
[2020-08-01T12:09:15.584+0300][53.628s][info ][gc] GC(1436) Concurrent Cycle
[2020-08-01T12:09:15.600+0300][53.643s][debug][gc] GC(1436) Reclaimed 123 empty regions
[2020-08-01T12:09:15.600+0300][53.643s][info ][gc] GC(1436) Pause Remark 242M->119M(512M) 0.614ms
[2020-08-01T12:09:15.654+0300][53.698s][info ][gc] GC(1437) Pause Young (Normal) (G1 Evacuation Pause) 170M->157M(512M) 33.679ms
[2020-08-01T12:09:15.656+0300][53.700s][info ][gc] GC(1436) Pause Cleanup 163M->163M(512M) 0.087ms
[2020-08-01T12:09:15.657+0300][53.701s][info ][gc] GC(1436) Concurrent Cycle 72.783ms
[2020-08-01T12:09:15.694+0300][53.738s][info ][gc] GC(1438) Pause Young (Concurrent Start) (G1 Humongous Allocation) 189M->190M(512M) 26.292ms
[2020-08-01T12:09:15.694+0300][53.738s][info ][gc] GC(1439) Concurrent Cycle
[2020-08-01T12:09:15.711+0300][53.755s][debug][gc] GC(1439) Reclaimed 123 empty regions
[2020-08-01T12:09:15.711+0300][53.755s][info ][gc] GC(1439) Pause Remark 243M->120M(512M) 0.575ms
[2020-08-01T12:09:15.764+0300][53.808s][info ][gc] GC(1440) Pause Young (Normal) (G1 Evacuation Pause) 170M->157M(512M) 33.000ms
[2020-08-01T12:09:15.768+0300][53.812s][info ][gc] GC(1439) Pause Cleanup 165M->165M(512M) 0.133ms
[2020-08-01T12:09:15.769+0300][53.813s][info ][gc] GC(1439) Concurrent Cycle 74.825ms
[2020-08-01T12:09:15.806+0300][53.850s][info ][gc] GC(1441) Pause Young (Concurrent Start) (G1 Humongous Allocation) 189M->190M(512M) 27.678ms
[2020-08-01T12:09:15.806+0300][53.850s][info ][gc] GC(1442) Concurrent Cycle
[2020-08-01T12:09:15.823+0300][53.866s][debug][gc] GC(1442) Reclaimed 123 empty regions
[2020-08-01T12:09:15.823+0300][53.866s][info ][gc] GC(1442) Pause Remark 242M->119M(512M) 0.650ms
[2020-08-01T12:09:15.885+0300][53.929s][info ][gc] GC(1443) Pause Young (Normal) (G1 Evacuation Pause) 170M->157M(512M) 41.883ms
[2020-08-01T12:09:15.888+0300][53.932s][info ][gc] GC(1442) Pause Cleanup 164M->164M(512M) 0.085ms
[2020-08-01T12:09:15.889+0300][53.932s][info ][gc] GC(1442) Concurrent Cycle 82.151ms
[2020-08-01T12:09:15.932+0300][53.976s][info ][gc] GC(1444) Pause Young (Concurrent Start) (G1 Humongous Allocation) 189M->191M(512M) 33.510ms
[2020-08-01T12:09:15.932+0300][53.976s][info ][gc] GC(1445) Concurrent Cycle
[2020-08-01T12:09:15.950+0300][53.993s][debug][gc] GC(1445) Reclaimed 123 empty regions
[2020-08-01T12:09:15.950+0300][53.994s][info ][gc] GC(1445) Pause Remark 245M->122M(512M) 0.581ms
[2020-08-01T12:09:16.003+0300][54.047s][info ][gc] GC(1446) Pause Young (Normal) (G1 Evacuation Pause) 171M->158M(512M) 33.331ms
[2020-08-01T12:09:16.007+0300][54.050s][info ][gc] GC(1445) Pause Cleanup 166M->166M(512M) 0.108ms
[2020-08-01T12:09:16.007+0300][54.051s][info ][gc] GC(1445) Concurrent Cycle 74.766ms
[2020-08-01T12:09:16.043+0300][54.087s][info ][gc] GC(1447) Pause Young (Concurrent Start) (G1 Humongous Allocation) 190M->191M(512M) 27.323ms
[2020-08-01T12:09:16.044+0300][54.087s][info ][gc] GC(1448) Concurrent Cycle
[2020-08-01T12:09:16.060+0300][54.104s][debug][gc] GC(1448) Reclaimed 124 empty regions
[2020-08-01T12:09:16.060+0300][54.104s][info ][gc] GC(1448) Pause Remark 244M->120M(512M) 0.689ms
[2020-08-01T12:09:16.115+0300][54.159s][info ][gc] GC(1449) Pause Young (Normal) (G1 Evacuation Pause) 170M->157M(512M) 34.533ms
[2020-08-01T12:09:16.118+0300][54.162s][info ][gc] GC(1448) Pause Cleanup 164M->164M(512M) 0.090ms
[2020-08-01T12:09:16.119+0300][54.163s][info ][gc] GC(1448) Concurrent Cycle 75.231ms
[2020-08-01T12:09:16.159+0300][54.203s][info ][gc] GC(1450) Pause Young (Concurrent Start) (G1 Humongous Allocation) 189M->191M(512M) 30.829ms
[2020-08-01T12:09:16.159+0300][54.203s][info ][gc] GC(1451) Concurrent Cycle
[2020-08-01T12:09:16.177+0300][54.221s][debug][gc] GC(1451) Reclaimed 123 empty regions
[2020-08-01T12:09:16.177+0300][54.221s][info ][gc] GC(1451) Pause Remark 242M->119M(512M) 0.658ms
[2020-08-01T12:09:16.239+0300][54.283s][info ][gc] GC(1452) Pause Young (Normal) (G1 Evacuation Pause) 171M->158M(512M) 40.701ms
[2020-08-01T12:09:16.242+0300][54.286s][info ][gc] GC(1451) Pause Cleanup 164M->164M(512M) 0.147ms
[2020-08-01T12:09:16.243+0300][54.287s][info ][gc] GC(1451) Concurrent Cycle 83.581ms
[2020-08-01T12:09:16.282+0300][54.325s][info ][gc] GC(1453) Pause Young (Concurrent Start) (G1 Humongous Allocation) 190M->191M(512M) 28.830ms
[2020-08-01T12:09:16.282+0300][54.325s][info ][gc] GC(1454) Concurrent Cycle
[2020-08-01T12:09:16.298+0300][54.342s][debug][gc] GC(1454) Reclaimed 124 empty regions
[2020-08-01T12:09:16.298+0300][54.342s][info ][gc] GC(1454) Pause Remark 242M->118M(512M) 0.627ms
[2020-08-01T12:09:16.354+0300][54.398s][info ][gc] GC(1455) Pause Young (Normal) (G1 Evacuation Pause) 170M->157M(512M) 35.143ms
[2020-08-01T12:09:16.357+0300][54.400s][info ][gc] GC(1454) Pause Cleanup 162M->162M(512M) 0.080ms
[2020-08-01T12:09:16.357+0300][54.401s][info ][gc] GC(1454) Concurrent Cycle 75.484ms
[2020-08-01T12:09:16.394+0300][54.438s][info ][gc] GC(1456) Pause Young (Concurrent Start) (G1 Humongous Allocation) 189M->191M(512M) 26.697ms
[2020-08-01T12:09:16.394+0300][54.438s][info ][gc] GC(1457) Concurrent Cycle
[2020-08-01T12:09:16.412+0300][54.456s][debug][gc] GC(1457) Reclaimed 123 empty regions
[2020-08-01T12:09:16.412+0300][54.456s][info ][gc] GC(1457) Pause Remark 245M->122M(512M) 0.629ms
[2020-08-01T12:09:16.468+0300][54.512s][info ][gc] GC(1458) Pause Young (Normal) (G1 Evacuation Pause) 171M->159M(512M) 35.606ms
[2020-08-01T12:09:16.472+0300][54.516s][info ][gc] GC(1457) Pause Cleanup 168M->168M(512M) 0.099ms
[2020-08-01T12:09:16.473+0300][54.517s][info ][gc] GC(1457) Concurrent Cycle 78.561ms
[2020-08-01T12:09:16.512+0300][54.555s][info ][gc] GC(1459) Pause Young (Concurrent Start) (G1 Humongous Allocation) 191M->192M(512M) 30.053ms
[2020-08-01T12:09:16.512+0300][54.555s][info ][gc] GC(1460) Concurrent Cycle
[2020-08-01T12:09:16.528+0300][54.572s][debug][gc] GC(1460) Reclaimed 124 empty regions
[2020-08-01T12:09:16.528+0300][54.572s][info ][gc] GC(1460) Pause Remark 243M->119M(512M) 0.665ms
[2020-08-01T12:09:16.584+0300][54.628s][info ][gc] GC(1461) Pause Young (Normal) (G1 Evacuation Pause) 171M->159M(512M) 35.291ms
[2020-08-01T12:09:16.587+0300][54.630s][info ][gc] GC(1460) Pause Cleanup 165M->165M(512M) 0.082ms
[2020-08-01T12:09:16.587+0300][54.631s][info ][gc] GC(1460) Concurrent Cycle 75.385ms
[2020-08-01T12:09:16.625+0300][54.669s][info ][gc] GC(1462) Pause Young (Concurrent Start) (G1 Humongous Allocation) 191M->192M(512M) 28.541ms
[2020-08-01T12:09:16.626+0300][54.669s][info ][gc] GC(1463) Concurrent Cycle
[2020-08-01T12:09:16.643+0300][54.687s][debug][gc] GC(1463) Reclaimed 124 empty regions
[2020-08-01T12:09:16.643+0300][54.687s][info ][gc] GC(1463) Pause Remark 245M->121M(512M) 0.594ms
[2020-08-01T12:09:16.705+0300][54.749s][info ][gc] GC(1464) Pause Young (Normal) (G1 Evacuation Pause) 171M->158M(512M) 39.922ms
[2020-08-01T12:09:16.709+0300][54.753s][info ][gc] GC(1463) Pause Cleanup 165M->165M(512M) 0.154ms
[2020-08-01T12:09:16.710+0300][54.754s][info ][gc] GC(1463) Concurrent Cycle 84.578ms
[2020-08-01T12:09:16.756+0300][54.800s][info ][gc] GC(1465) Pause Young (Concurrent Start) (G1 Humongous Allocation) 190M->191M(512M) 35.985ms
[2020-08-01T12:09:16.756+0300][54.800s][info ][gc] GC(1466) Concurrent Cycle
[2020-08-01T12:09:16.774+0300][54.818s][debug][gc] GC(1466) Reclaimed 123 empty regions
[2020-08-01T12:09:16.774+0300][54.818s][info ][gc] GC(1466) Pause Remark 241M->118M(512M) 0.805ms
[2020-08-01T12:09:16.834+0300][54.878s][info ][gc] GC(1467) Pause Young (Normal) (G1 Evacuation Pause) 171M->159M(512M) 37.465ms
[2020-08-01T12:09:16.836+0300][54.880s][info ][gc] GC(1466) Pause Cleanup 162M->162M(512M) 0.125ms
[2020-08-01T12:09:16.837+0300][54.880s][info ][gc] GC(1466) Concurrent Cycle 80.332ms
[2020-08-01T12:09:16.876+0300][54.919s][info ][gc] GC(1468) Pause Young (Concurrent Start) (G1 Humongous Allocation) 191M->192M(512M) 27.958ms
[2020-08-01T12:09:16.876+0300][54.920s][info ][gc] GC(1469) Concurrent Cycle
[2020-08-01T12:09:16.892+0300][54.935s][debug][gc] GC(1469) Reclaimed 124 empty regions
[2020-08-01T12:09:16.892+0300][54.936s][info ][gc] GC(1469) Pause Remark 245M->121M(512M) 0.573ms
[2020-08-01T12:09:16.949+0300][54.993s][info ][gc] GC(1470) Pause Young (Normal) (G1 Evacuation Pause) 171M->158M(512M) 37.077ms
[2020-08-01T12:09:16.952+0300][54.996s][info ][gc] GC(1469) Pause Cleanup 163M->163M(512M) 0.125ms
[2020-08-01T12:09:16.953+0300][54.997s][info ][gc] GC(1469) Concurrent Cycle 77.456ms
[2020-08-01T12:09:16.994+0300][55.038s][info ][gc] GC(1471) Pause Young (Concurrent Start) (G1 Humongous Allocation) 190M->191M(512M) 30.343ms
[2020-08-01T12:09:16.994+0300][55.038s][info ][gc] GC(1472) Concurrent Cycle
[2020-08-01T12:09:17.011+0300][55.055s][debug][gc] GC(1472) Reclaimed 123 empty regions
[2020-08-01T12:09:17.011+0300][55.055s][info ][gc] GC(1472) Pause Remark 243M->120M(512M) 0.712ms
[2020-08-01T12:09:17.075+0300][55.119s][info ][gc] GC(1473) Pause Young (Normal) (G1 Evacuation Pause) 171M->158M(512M) 42.674ms
[2020-08-01T12:09:17.079+0300][55.123s][info ][gc] GC(1472) Pause Cleanup 166M->166M(512M) 0.125ms
[2020-08-01T12:09:17.080+0300][55.124s][info ][gc] GC(1472) Concurrent Cycle 86.170ms
[2020-08-01T12:09:17.120+0300][55.164s][info ][gc] GC(1474) Pause Young (Concurrent Start) (G1 Humongous Allocation) 190M->191M(512M) 30.053ms
[2020-08-01T12:09:17.120+0300][55.164s][info ][gc] GC(1475) Concurrent Cycle
[2020-08-01T12:09:17.136+0300][55.180s][debug][gc] GC(1475) Reclaimed 123 empty regions
[2020-08-01T12:09:17.136+0300][55.180s][info ][gc] GC(1475) Pause Remark 239M->116M(512M) 0.626ms
[2020-08-01T12:09:17.195+0300][55.238s][info ][gc] GC(1476) Pause Young (Normal) (G1 Evacuation Pause) 171M->158M(512M) 36.342ms
[2020-08-01T12:09:17.197+0300][55.240s][info ][gc] GC(1475) Pause Cleanup 162M->162M(512M) 0.092ms
[2020-08-01T12:09:17.197+0300][55.241s][info ][gc] GC(1475) Concurrent Cycle 77.269ms
[2020-08-01T12:09:17.235+0300][55.279s][info ][gc] GC(1477) Pause Young (Concurrent Start) (G1 Humongous Allocation) 190M->191M(512M) 27.596ms
[2020-08-01T12:09:17.235+0300][55.279s][info ][gc] GC(1478) Concurrent Cycle
[2020-08-01T12:09:17.252+0300][55.296s][debug][gc] GC(1478) Reclaimed 123 empty regions
[2020-08-01T12:09:17.252+0300][55.296s][info ][gc] GC(1478) Pause Remark 244M->121M(512M) 0.681ms
[2020-08-01T12:09:17.308+0300][55.352s][info ][gc] GC(1479) Pause Young (Normal) (G1 Evacuation Pause) 171M->158M(512M) 35.598ms
[2020-08-01T12:09:17.312+0300][55.356s][info ][gc] GC(1478) Pause Cleanup 165M->165M(512M) 0.091ms
[2020-08-01T12:09:17.313+0300][55.357s][info ][gc] GC(1478) Concurrent Cycle 77.318ms
[2020-08-01T12:09:17.352+0300][55.396s][info ][gc] GC(1480) Pause Young (Concurrent Start) (G1 Humongous Allocation) 190M->191M(512M) 29.075ms
[2020-08-01T12:09:17.352+0300][55.396s][info ][gc] GC(1481) Concurrent Cycle
[2020-08-01T12:09:17.370+0300][55.414s][debug][gc] GC(1481) Reclaimed 124 empty regions
[2020-08-01T12:09:17.370+0300][55.414s][info ][gc] GC(1481) Pause Remark 245M->121M(512M) 0.637ms
[2020-08-01T12:09:17.425+0300][55.469s][info ][gc] GC(1482) Pause Young (Normal) (G1 Evacuation Pause) 170M->157M(512M) 34.921ms
[2020-08-01T12:09:17.428+0300][55.472s][info ][gc] GC(1481) Pause Cleanup 164M->164M(512M) 0.105ms
[2020-08-01T12:09:17.429+0300][55.473s][info ][gc] GC(1481) Concurrent Cycle 76.417ms
[2020-08-01T12:09:17.471+0300][55.515s][info ][gc] GC(1483) Pause Young (Concurrent Start) (G1 Humongous Allocation) 189M->190M(512M) 32.347ms
[2020-08-01T12:09:17.471+0300][55.515s][info ][gc] GC(1484) Concurrent Cycle
[2020-08-01T12:09:17.487+0300][55.531s][debug][gc] GC(1484) Reclaimed 120 empty regions
[2020-08-01T12:09:17.487+0300][55.531s][info ][gc] GC(1484) Pause Remark 243M->123M(512M) 0.554ms
[2020-08-01T12:09:17.541+0300][55.585s][info ][gc] GC(1485) Pause Young (Normal) (G1 Evacuation Pause) 173M->160M(512M) 33.561ms
[2020-08-01T12:09:17.545+0300][55.589s][info ][gc] GC(1484) Pause Cleanup 168M->168M(512M) 0.116ms
[2020-08-01T12:09:17.546+0300][55.589s][info ][gc] GC(1484) Concurrent Cycle 74.491ms
[2020-08-01T12:09:17.580+0300][55.624s][info ][gc] GC(1486) Pause Young (Concurrent Start) (G1 Humongous Allocation) 192M->194M(512M) 25.416ms
[2020-08-01T12:09:17.580+0300][55.624s][info ][gc] GC(1487) Concurrent Cycle
[2020-08-01T12:09:17.596+0300][55.640s][debug][gc] GC(1487) Reclaimed 123 empty regions
[2020-08-01T12:09:17.596+0300][55.640s][info ][gc] GC(1487) Pause Remark 248M->125M(512M) 0.585ms
[2020-08-01T12:09:17.649+0300][55.693s][info ][gc] GC(1488) Pause Young (Normal) (G1 Evacuation Pause) 173M->160M(512M) 33.626ms
[2020-08-01T12:09:17.653+0300][55.697s][info ][gc] GC(1487) Pause Cleanup 170M->170M(512M) 0.081ms
[2020-08-01T12:09:17.654+0300][55.698s][info ][gc] GC(1487) Concurrent Cycle 73.849ms
[2020-08-01T12:09:17.690+0300][55.734s][info ][gc] GC(1489) Pause Young (Concurrent Start) (G1 Humongous Allocation) 193M->195M(512M) 26.387ms
[2020-08-01T12:09:17.690+0300][55.734s][info ][gc] GC(1490) Concurrent Cycle
[2020-08-01T12:09:17.705+0300][55.749s][debug][gc] GC(1490) Reclaimed 124 empty regions
[2020-08-01T12:09:17.705+0300][55.749s][info ][gc] GC(1490) Pause Remark 247M->123M(512M) 0.610ms
[2020-08-01T12:09:17.763+0300][55.806s][info ][gc] GC(1491) Pause Young (Normal) (G1 Evacuation Pause) 173M->160M(512M) 36.199ms
[2020-08-01T12:09:17.766+0300][55.810s][info ][gc] GC(1490) Pause Cleanup 168M->168M(512M) 0.149ms
[2020-08-01T12:09:17.767+0300][55.811s][info ][gc] GC(1490) Concurrent Cycle 77.370ms
[2020-08-01T12:09:17.802+0300][55.846s][info ][gc] GC(1492) Pause Young (Concurrent Start) (G1 Humongous Allocation) 193M->194M(512M) 25.721ms
[2020-08-01T12:09:17.802+0300][55.846s][info ][gc] GC(1493) Concurrent Cycle
[2020-08-01T12:09:17.820+0300][55.863s][debug][gc] GC(1493) Reclaimed 124 empty regions
[2020-08-01T12:09:17.820+0300][55.863s][info ][gc] GC(1493) Pause Remark 247M->123M(512M) 0.855ms
[2020-08-01T12:09:17.875+0300][55.919s][info ][gc] GC(1494) Pause Young (Normal) (G1 Evacuation Pause) 172M->159M(512M) 35.487ms
[2020-08-01T12:09:17.878+0300][55.922s][info ][gc] GC(1493) Pause Cleanup 167M->167M(512M) 0.086ms
[2020-08-01T12:09:17.879+0300][55.922s][info ][gc] GC(1493) Concurrent Cycle 76.346ms
[2020-08-01T12:09:17.914+0300][55.958s][info ][gc] GC(1495) Pause Young (Concurrent Start) (G1 Humongous Allocation) 192M->193M(512M) 25.419ms
[2020-08-01T12:09:17.914+0300][55.958s][info ][gc] GC(1496) Concurrent Cycle
[2020-08-01T12:09:17.929+0300][55.973s][debug][gc] GC(1496) Reclaimed 122 empty regions
[2020-08-01T12:09:17.929+0300][55.973s][info ][gc] GC(1496) Pause Remark 245M->123M(512M) 0.565ms
[2020-08-01T12:09:17.982+0300][56.026s][info ][gc] GC(1497) Pause Young (Normal) (G1 Evacuation Pause) 174M->162M(512M) 32.645ms
[2020-08-01T12:09:17.986+0300][56.030s][info ][gc] GC(1496) Pause Cleanup 170M->170M(512M) 0.156ms
[2020-08-01T12:09:17.987+0300][56.031s][info ][gc] GC(1496) Concurrent Cycle 73.232ms
[2020-08-01T12:09:18.022+0300][56.066s][info ][gc] GC(1498) Pause Young (Concurrent Start) (G1 Humongous Allocation) 194M->195M(512M) 25.657ms
[2020-08-01T12:09:18.022+0300][56.066s][info ][gc] GC(1499) Concurrent Cycle
[2020-08-01T12:09:18.038+0300][56.082s][debug][gc] GC(1499) Reclaimed 124 empty regions
[2020-08-01T12:09:18.038+0300][56.082s][info ][gc] GC(1499) Pause Remark 247M->123M(512M) 0.559ms
[2020-08-01T12:09:18.092+0300][56.136s][info ][gc] GC(1500) Pause Young (Normal) (G1 Evacuation Pause) 173M->161M(512M) 33.776ms
[2020-08-01T12:09:18.096+0300][56.139s][info ][gc] GC(1499) Pause Cleanup 168M->168M(512M) 0.165ms
[2020-08-01T12:09:18.096+0300][56.140s][info ][gc] GC(1499) Concurrent Cycle 74.185ms
[2020-08-01T12:09:18.131+0300][56.175s][info ][gc] GC(1501) Pause Young (Concurrent Start) (G1 Humongous Allocation) 194M->195M(512M) 25.332ms
[2020-08-01T12:09:18.131+0300][56.175s][info ][gc] GC(1502) Concurrent Cycle
[2020-08-01T12:09:18.152+0300][56.196s][debug][gc] GC(1502) Reclaimed 124 empty regions
[2020-08-01T12:09:18.152+0300][56.196s][info ][gc] GC(1502) Pause Remark 255M->131M(512M) 1.073ms
[2020-08-01T12:09:18.203+0300][56.247s][info ][gc] GC(1503) Pause Young (Normal) (G1 Evacuation Pause) 173M->161M(512M) 32.725ms
[2020-08-01T12:09:18.209+0300][56.253s][info ][gc] GC(1502) Pause Cleanup 177M->177M(512M) 0.095ms
[2020-08-01T12:09:18.210+0300][56.254s][info ][gc] GC(1502) Concurrent Cycle 78.980ms
[2020-08-01T12:09:18.242+0300][56.286s][info ][gc] GC(1504) Pause Young (Concurrent Start) (G1 Humongous Allocation) 194M->195M(512M) 25.955ms
[2020-08-01T12:09:18.242+0300][56.286s][info ][gc] GC(1505) Concurrent Cycle
[2020-08-01T12:09:18.259+0300][56.303s][debug][gc] GC(1505) Reclaimed 124 empty regions
[2020-08-01T12:09:18.259+0300][56.303s][info ][gc] GC(1505) Pause Remark 249M->125M(512M) 0.609ms
[2020-08-01T12:09:18.312+0300][56.356s][info ][gc] GC(1506) Pause Young (Normal) (G1 Evacuation Pause) 173M->161M(512M) 33.053ms
[2020-08-01T12:09:18.316+0300][56.360s][info ][gc] GC(1505) Pause Cleanup 165M->165M(512M) 0.106ms
[2020-08-01T12:09:18.317+0300][56.361s][info ][gc] GC(1505) Concurrent Cycle 74.868ms
[2020-08-01T12:09:18.353+0300][56.397s][info ][gc] GC(1507) Pause Young (Concurrent Start) (G1 Humongous Allocation) 194M->195M(512M) 25.265ms
[2020-08-01T12:09:18.353+0300][56.397s][info ][gc] GC(1508) Concurrent Cycle
[2020-08-01T12:09:18.369+0300][56.413s][debug][gc] GC(1508) Reclaimed 124 empty regions
[2020-08-01T12:09:18.369+0300][56.413s][info ][gc] GC(1508) Pause Remark 248M->124M(512M) 0.575ms
[2020-08-01T12:09:18.420+0300][56.463s][info ][gc] GC(1509) Pause Young (Normal) (G1 Evacuation Pause) 173M->162M(512M) 30.860ms
[2020-08-01T12:09:18.423+0300][56.467s][info ][gc] GC(1508) Pause Cleanup 171M->171M(512M) 0.084ms
[2020-08-01T12:09:18.424+0300][56.468s][info ][gc] GC(1508) Concurrent Cycle 70.539ms
[2020-08-01T12:09:18.464+0300][56.508s][info ][gc] GC(1510) Pause Young (Concurrent Start) (G1 Humongous Allocation) 195M->196M(512M) 30.627ms
[2020-08-01T12:09:18.464+0300][56.508s][info ][gc] GC(1511) Concurrent Cycle
[2020-08-01T12:09:18.480+0300][56.524s][debug][gc] GC(1511) Reclaimed 123 empty regions
[2020-08-01T12:09:18.480+0300][56.524s][info ][gc] GC(1511) Pause Remark 249M->126M(512M) 0.570ms
[2020-08-01T12:09:18.531+0300][56.575s][info ][gc] GC(1512) Pause Young (Normal) (G1 Evacuation Pause) 174M->162M(512M) 31.494ms
[2020-08-01T12:09:18.536+0300][56.579s][info ][gc] GC(1511) Pause Cleanup 173M->173M(512M) 0.106ms
[2020-08-01T12:09:18.536+0300][56.580s][info ][gc] GC(1511) Concurrent Cycle 72.412ms
[2020-08-01T12:09:18.571+0300][56.615s][info ][gc] GC(1513) Pause Young (Concurrent Start) (G1 Humongous Allocation) 196M->198M(512M) 26.156ms
[2020-08-01T12:09:18.571+0300][56.615s][info ][gc] GC(1514) Concurrent Cycle
[2020-08-01T12:09:18.587+0300][56.631s][debug][gc] GC(1514) Reclaimed 123 empty regions
[2020-08-01T12:09:18.587+0300][56.631s][info ][gc] GC(1514) Pause Remark 252M->129M(512M) 0.560ms
[2020-08-01T12:09:18.637+0300][56.681s][info ][gc] GC(1515) Pause Young (Normal) (G1 Evacuation Pause) 176M->165M(512M) 31.577ms
[2020-08-01T12:09:18.642+0300][56.686s][info ][gc] GC(1514) Pause Cleanup 177M->177M(512M) 0.070ms
[2020-08-01T12:09:18.643+0300][56.687s][info ][gc] GC(1514) Concurrent Cycle 71.448ms
[2020-08-01T12:09:18.724+0300][56.768s][info ][gc] GC(1516) Pause Young (Prepare Mixed) (G1 Evacuation Pause) 276M->278M(512M) 48.418ms
[2020-08-01T12:09:18.784+0300][56.827s][info ][gc] GC(1517) Pause Young (Mixed) (G1 Evacuation Pause) 290M->266M(512M) 54.649ms
[2020-08-01T12:09:18.827+0300][56.871s][info ][gc] GC(1518) Pause Young (Concurrent Start) (G1 Humongous Allocation) 312M->313M(512M) 24.659ms
[2020-08-01T12:09:18.827+0300][56.871s][info ][gc] GC(1519) Concurrent Cycle
[2020-08-01T12:09:18.845+0300][56.888s][debug][gc] GC(1519) Reclaimed 254 empty regions
[2020-08-01T12:09:18.845+0300][56.888s][info ][gc] GC(1519) Pause Remark 366M->112M(512M) 0.656ms
[2020-08-01T12:09:18.871+0300][56.915s][info ][gc] GC(1520) Pause Young (Normal) (G1 Evacuation Pause) 124M->117M(512M) 21.203ms
[2020-08-01T12:09:18.894+0300][56.937s][info ][gc] GC(1519) Pause Cleanup 174M->174M(512M) 0.109ms
[2020-08-01T12:09:18.894+0300][56.938s][info ][gc] GC(1519) Concurrent Cycle 67.166ms
[2020-08-01T12:09:18.933+0300][56.976s][info ][gc] GC(1521) Pause Young (Concurrent Start) (G1 Humongous Allocation) 187M->188M(512M) 33.281ms
[2020-08-01T12:09:18.933+0300][56.976s][info ][gc] GC(1522) Concurrent Cycle
[2020-08-01T12:09:18.958+0300][57.002s][debug][gc] GC(1522) Reclaimed 102 empty regions
[2020-08-01T12:09:18.958+0300][57.002s][info ][gc] GC(1522) Pause Remark 262M->160M(512M) 0.614ms
[2020-08-01T12:09:19.003+0300][57.047s][info ][gc] GC(1523) Pause Young (Normal) (G1 Evacuation Pause) 190M->177M(512M) 32.465ms
[2020-08-01T12:09:19.029+0300][57.073s][info ][gc] GC(1522) Pause Cleanup 255M->255M(512M) 0.084ms
[2020-08-01T12:09:19.029+0300][57.073s][info ][gc] GC(1522) Concurrent Cycle 96.867ms
[2020-08-01T12:09:19.087+0300][57.131s][info ][gc] GC(1524) Pause Young (Normal) (G1 Evacuation Pause) 284M->286M(512M) 46.169ms
[2020-08-01T12:09:19.134+0300][57.178s][info ][gc] GC(1525) Pause Young (Concurrent Start) (G1 Evacuation Pause) 339M->340M(512M) 26.457ms
[2020-08-01T12:09:19.134+0300][57.178s][info ][gc] GC(1526) Concurrent Cycle
[2020-08-01T12:09:19.174+0300][57.218s][info ][gc] GC(1527) Pause Young (Normal) (G1 Evacuation Pause) 396M->398M(512M) 19.521ms
[2020-08-01T12:09:19.194+0300][57.238s][info ][gc] GC(1528) Pause Young (Normal) (G1 Evacuation Pause) 417M->418M(512M) 11.503ms
[2020-08-01T12:09:19.214+0300][57.257s][info ][gc] GC(1529) Pause Young (Normal) (G1 Evacuation Pause) 439M->440M(512M) 10.845ms
[2020-08-01T12:09:19.233+0300][57.277s][info ][gc] GC(1530) Pause Young (Normal) (G1 Evacuation Pause) 461M->463M(512M) 10.376ms
[2020-08-01T12:09:19.252+0300][57.295s][info ][gc] GC(1531) Pause Young (Normal) (G1 Evacuation Pause) 484M->485M(512M) 9.729ms
[2020-08-01T12:09:19.270+0300][57.314s][info ][gc] GC(1532) To-space exhausted
[2020-08-01T12:09:19.270+0300][57.314s][info ][gc] GC(1532) Pause Young (Normal) (G1 Evacuation Pause) 511M->511M(512M) 14.398ms
[2020-08-01T12:09:19.271+0300][57.314s][debug][gc] GC(1533) Clear Next Bitmap 0.227ms
[2020-08-01T12:09:19.282+0300][57.326s][info ][gc] GC(1533) Pause Full (G1 Evacuation Pause) 511M->25M(512M) 11.872ms
[2020-08-01T12:09:19.282+0300][57.326s][info ][gc] GC(1526) Concurrent Cycle 148.144ms
[2020-08-01T12:09:19.386+0300][57.430s][info ][gc] GC(1534) Pause Young (Normal) (G1 Evacuation Pause) 180M->180M(512M) 49.858ms
[2020-08-01T12:09:19.458+0300][57.502s][info ][gc] GC(1535) Pause Young (Concurrent Start) (G1 Evacuation Pause) 265M->266M(512M) 38.648ms
[2020-08-01T12:09:19.459+0300][57.502s][info ][gc] GC(1536) Concurrent Cycle
[2020-08-01T12:09:19.523+0300][57.567s][info ][gc] GC(1537) Pause Young (Normal) (G1 Evacuation Pause) 344M->345M(512M) 31.419ms
[2020-08-01T12:09:19.554+0300][57.598s][info ][gc] GC(1538) Pause Young (Normal) (G1 Evacuation Pause) 378M->380M(512M) 16.547ms
[2020-08-01T12:09:19.575+0300][57.619s][info ][gc] GC(1539) Pause Young (Normal) (G1 Evacuation Pause) 402M->403M(512M) 12.261ms
[2020-08-01T12:09:19.586+0300][57.629s][debug][gc] GC(1536) Reclaimed 77 empty regions
[2020-08-01T12:09:19.586+0300][57.630s][info ][gc] GC(1536) Pause Remark 444M->370M(512M) 0.645ms
[2020-08-01T12:09:19.598+0300][57.642s][info ][gc] GC(1540) Pause Young (Normal) (G1 Evacuation Pause) 370M->372M(512M) 11.990ms
[2020-08-01T12:09:19.635+0300][57.679s][info ][gc] GC(1541) Pause Young (Normal) (G1 Evacuation Pause) 398M->399M(512M) 22.378ms
[2020-08-01T12:09:19.668+0300][57.712s][info ][gc] GC(1542) Pause Young (Normal) (G1 Evacuation Pause) 420M->421M(512M) 23.271ms
[2020-08-01T12:09:19.698+0300][57.742s][info ][gc] GC(1543) Pause Young (Normal) (G1 Evacuation Pause) 442M->444M(512M) 20.210ms
[2020-08-01T12:09:19.734+0300][57.778s][info ][gc] GC(1544) Pause Young (Normal) (G1 Evacuation Pause) 465M->467M(512M) 24.929ms
[2020-08-01T12:09:19.796+0300][57.840s][info ][gc] GC(1545) To-space exhausted
[2020-08-01T12:09:19.796+0300][57.840s][info ][gc] GC(1545) Pause Young (Normal) (G1 Evacuation Pause) 508M->510M(512M) 50.095ms
[2020-08-01T12:09:19.796+0300][57.840s][debug][gc] GC(1546) Clear Next Bitmap 0.364ms
[2020-08-01T12:09:19.819+0300][57.863s][info ][gc] GC(1546) Pause Full (G1 Evacuation Pause) 510M->30M(512M) 22.811ms
[2020-08-01T12:09:19.819+0300][57.863s][info ][gc] GC(1536) Concurrent Cycle 360.581ms
[2020-08-01T12:09:19.944+0300][57.988s][info ][gc] GC(1547) Pause Young (Normal) (G1 Evacuation Pause) 185M->185M(512M) 63.482ms
[2020-08-01T12:09:20.030+0300][58.074s][info ][gc] GC(1548) Pause Young (Concurrent Start) (G1 Evacuation Pause) 269M->270M(512M) 50.425ms
[2020-08-01T12:09:20.030+0300][58.074s][info ][gc] GC(1549) Concurrent Cycle
[2020-08-01T12:09:20.094+0300][58.138s][info ][gc] GC(1550) Pause Young (Normal) (G1 Evacuation Pause) 347M->348M(512M) 26.631ms
[2020-08-01T12:09:20.132+0300][58.176s][info ][gc] GC(1551) Pause Young (Normal) (G1 Evacuation Pause) 381M->383M(512M) 23.035ms
[2020-08-01T12:09:20.160+0300][58.204s][info ][gc] GC(1552) Pause Young (Normal) (G1 Evacuation Pause) 405M->406M(512M) 18.310ms
[2020-08-01T12:09:20.185+0300][58.229s][info ][gc] GC(1553) Pause Young (Normal) (G1 Evacuation Pause) 447M->449M(512M) 12.402ms
[2020-08-01T12:09:20.189+0300][58.233s][debug][gc] GC(1549) Reclaimed 50 empty regions
[2020-08-01T12:09:20.189+0300][58.233s][info ][gc] GC(1549) Pause Remark 457M->410M(512M) 0.713ms
[2020-08-01T12:09:20.207+0300][58.250s][info ][gc] GC(1554) Pause Young (Normal) (G1 Evacuation Pause) 422M->424M(512M) 11.949ms
[2020-08-01T12:09:20.235+0300][58.279s][info ][gc] GC(1555) Pause Young (Normal) (G1 Evacuation Pause) 445M->446M(512M) 19.023ms
[2020-08-01T12:09:20.266+0300][58.310s][info ][gc] GC(1556) Pause Young (Normal) (G1 Evacuation Pause) 467M->468M(512M) 21.115ms
[2020-08-01T12:09:20.301+0300][58.344s][info ][gc] GC(1557) To-space exhausted
[2020-08-01T12:09:20.301+0300][58.345s][info ][gc] GC(1557) Pause Young (Normal) (G1 Evacuation Pause) 489M->495M(512M) 24.908ms
[2020-08-01T12:09:20.346+0300][58.390s][info ][gc] GC(1558) To-space exhausted
[2020-08-01T12:09:20.346+0300][58.390s][info ][gc] GC(1558) Pause Young (Normal) (G1 Humongous Allocation) 510M->511M(512M) 36.959ms
[2020-08-01T12:09:20.347+0300][58.391s][debug][gc] GC(1559) Clear Next Bitmap 0.451ms
[2020-08-01T12:09:20.355+0300][58.399s][info ][gc] GC(1559) Pause Full (G1 Humongous Allocation) 511M->2M(512M) 8.237ms
[2020-08-01T12:09:20.355+0300][58.399s][info ][gc] GC(1549) Concurrent Cycle 324.673ms
[2020-08-01T12:09:20.494+0300][58.538s][info ][gc] GC(1560) Pause Young (Normal) (G1 Evacuation Pause) 185M->185M(512M) 74.898ms
[2020-08-01T12:09:20.573+0300][58.617s][info ][gc] GC(1561) Pause Young (Concurrent Start) (G1 Evacuation Pause) 269M->270M(512M) 42.336ms
[2020-08-01T12:09:20.573+0300][58.617s][info ][gc] GC(1562) Concurrent Cycle
[2020-08-01T12:09:20.643+0300][58.687s][info ][gc] GC(1563) Pause Young (Normal) (G1 Evacuation Pause) 347M->348M(512M) 36.162ms
[2020-08-01T12:09:20.683+0300][58.726s][info ][gc] GC(1564) Pause Young (Normal) (G1 Evacuation Pause) 381M->382M(512M) 23.009ms
[2020-08-01T12:09:20.707+0300][58.751s][info ][gc] GC(1565) Pause Young (Normal) (G1 Evacuation Pause) 404M->406M(512M) 14.803ms
[2020-08-01T12:09:20.733+0300][58.777s][info ][gc] GC(1566) Pause Young (Normal) (G1 Evacuation Pause) 447M->449M(512M) 13.796ms
[2020-08-01T12:09:20.737+0300][58.781s][debug][gc] GC(1562) Reclaimed 55 empty regions
[2020-08-01T12:09:20.737+0300][58.781s][info ][gc] GC(1562) Pause Remark 454M->399M(512M) 0.762ms
[2020-08-01T12:09:20.755+0300][58.799s][info ][gc] GC(1567) Pause Young (Normal) (G1 Evacuation Pause) 415M->416M(512M) 11.682ms
[2020-08-01T12:09:20.779+0300][58.823s][info ][gc] GC(1568) Pause Young (Normal) (G1 Evacuation Pause) 437M->439M(512M) 14.794ms
[2020-08-01T12:09:20.806+0300][58.850s][info ][gc] GC(1569) Pause Young (Normal) (G1 Evacuation Pause) 460M->462M(512M) 17.900ms
[2020-08-01T12:09:20.835+0300][58.879s][info ][gc] GC(1570) To-space exhausted
[2020-08-01T12:09:20.835+0300][58.879s][info ][gc] GC(1570) Pause Young (Normal) (G1 Evacuation Pause) 483M->486M(512M) 19.994ms
[2020-08-01T12:09:20.873+0300][58.917s][info ][gc] GC(1571) To-space exhausted
[2020-08-01T12:09:20.873+0300][58.917s][info ][gc] GC(1571) Pause Young (Normal) (G1 Humongous Allocation) 501M->505M(512M) 30.794ms
[2020-08-01T12:09:20.874+0300][58.918s][debug][gc] GC(1572) Clear Next Bitmap 0.436ms
[2020-08-01T12:09:20.880+0300][58.924s][info ][gc] GC(1572) Pause Full (G1 Humongous Allocation) 505M->2M(512M) 6.544ms
[2020-08-01T12:09:20.880+0300][58.924s][info ][gc] GC(1562) Concurrent Cycle 307.127ms
[2020-08-01T12:09:20.995+0300][59.039s][info ][gc] GC(1573) Pause Young (Normal) (G1 Evacuation Pause) 185M->185M(512M) 56.169ms
[2020-08-01T12:09:21.067+0300][59.110s][info ][gc] GC(1574) Pause Young (Concurrent Start) (G1 Evacuation Pause) 269M->271M(512M) 37.824ms
[2020-08-01T12:09:21.067+0300][59.111s][info ][gc] GC(1575) Concurrent Cycle
[2020-08-01T12:09:21.125+0300][59.169s][info ][gc] GC(1576) Pause Young (Normal) (G1 Evacuation Pause) 348M->349M(512M) 27.779ms
[2020-08-01T12:09:21.155+0300][59.199s][info ][gc] GC(1577) Pause Young (Normal) (G1 Evacuation Pause) 381M->382M(512M) 17.041ms
[2020-08-01T12:09:21.177+0300][59.221s][info ][gc] GC(1578) Pause Young (Normal) (G1 Evacuation Pause) 404M->405M(512M) 12.503ms
[2020-08-01T12:09:21.202+0300][59.246s][info ][gc] GC(1579) Pause Young (Normal) (G1 Evacuation Pause) 446M->447M(512M) 14.509ms
[2020-08-01T12:09:21.207+0300][59.251s][debug][gc] GC(1575) Reclaimed 58 empty regions
[2020-08-01T12:09:21.207+0300][59.251s][info ][gc] GC(1575) Pause Remark 456M->398M(512M) 0.604ms
[2020-08-01T12:09:21.224+0300][59.268s][info ][gc] GC(1580) Pause Young (Normal) (G1 Evacuation Pause) 410M->412M(512M) 11.673ms
[2020-08-01T12:09:21.247+0300][59.291s][info ][gc] GC(1581) Pause Young (Normal) (G1 Evacuation Pause) 433M->434M(512M) 14.531ms
[2020-08-01T12:09:21.273+0300][59.317s][info ][gc] GC(1582) Pause Young (Normal) (G1 Evacuation Pause) 455M->456M(512M) 16.285ms
[2020-08-01T12:09:21.300+0300][59.344s][info ][gc] GC(1583) Pause Young (Normal) (G1 Evacuation Pause) 477M->478M(512M) 18.465ms
[2020-08-01T12:09:21.333+0300][59.377s][info ][gc] GC(1584) To-space exhausted
[2020-08-01T12:09:21.333+0300][59.377s][info ][gc] GC(1584) Pause Young (Normal) (G1 Humongous Allocation) 495M->502M(512M) 24.866ms
[2020-08-01T12:09:21.333+0300][59.377s][debug][gc] GC(1585) Clear Next Bitmap 0.256ms
[2020-08-01T12:09:21.339+0300][59.383s][info ][gc] GC(1585) Pause Full (G1 Humongous Allocation) 502M->2M(512M) 5.825ms
[2020-08-01T12:09:21.339+0300][59.383s][info ][gc] GC(1575) Concurrent Cycle 272.354ms
[2020-08-01T12:09:21.450+0300][59.493s][info ][gc] GC(1586) Pause Young (Normal) (G1 Evacuation Pause) 184M->184M(512M) 52.493ms
[2020-08-01T12:09:21.523+0300][59.567s][info ][gc] GC(1587) Pause Young (Concurrent Start) (G1 Evacuation Pause) 268M->269M(512M) 38.712ms
[2020-08-01T12:09:21.523+0300][59.567s][info ][gc] GC(1588) Concurrent Cycle
[2020-08-01T12:09:21.579+0300][59.623s][info ][gc] GC(1589) Pause Young (Normal) (G1 Evacuation Pause) 346M->348M(512M) 26.625ms
[2020-08-01T12:09:21.609+0300][59.653s][info ][gc] GC(1590) Pause Young (Normal) (G1 Evacuation Pause) 381M->382M(512M) 16.847ms
[2020-08-01T12:09:21.631+0300][59.674s][info ][gc] GC(1591) Pause Young (Normal) (G1 Evacuation Pause) 404M->405M(512M) 12.060ms
[2020-08-01T12:09:21.654+0300][59.698s][info ][gc] GC(1592) Pause Young (Normal) (G1 Evacuation Pause) 446M->448M(512M) 13.092ms
[2020-08-01T12:09:21.659+0300][59.703s][debug][gc] GC(1588) Reclaimed 80 empty regions
[2020-08-01T12:09:21.659+0300][59.703s][info ][gc] GC(1588) Pause Remark 456M->376M(512M) 0.753ms
[2020-08-01T12:09:21.675+0300][59.718s][info ][gc] GC(1593) Pause Young (Normal) (G1 Evacuation Pause) 389M->390M(512M) 10.118ms
[2020-08-01T12:09:21.700+0300][59.743s][info ][gc] GC(1594) Pause Young (Normal) (G1 Evacuation Pause) 411M->412M(512M) 16.346ms
[2020-08-01T12:09:21.732+0300][59.775s][info ][gc] GC(1595) Pause Young (Normal) (G1 Evacuation Pause) 433M->434M(512M) 21.218ms
[2020-08-01T12:09:21.761+0300][59.804s][info ][gc] GC(1596) Pause Young (Normal) (G1 Evacuation Pause) 455M->456M(512M) 19.205ms
[2020-08-01T12:09:21.802+0300][59.846s][info ][gc] GC(1597) To-space exhausted
[2020-08-01T12:09:21.802+0300][59.846s][info ][gc] GC(1597) Pause Young (Normal) (G1 Evacuation Pause) 497M->502M(512M) 31.171ms
[2020-08-01T12:09:21.830+0300][59.874s][info ][gc] GC(1598) To-space exhausted
[2020-08-01T12:09:21.830+0300][59.874s][info ][gc] GC(1598) Pause Young (Normal) (G1 Evacuation Pause) 509M->509M(512M) 24.511ms
[2020-08-01T12:09:21.830+0300][59.874s][debug][gc] GC(1599) Clear Next Bitmap 0.311ms
[2020-08-01T12:09:21.847+0300][59.891s][info ][gc] GC(1599) Pause Full (G1 Evacuation Pause) 509M->34M(512M) 16.860ms
[2020-08-01T12:09:21.847+0300][59.891s][info ][gc] GC(1588) Concurrent Cycle 324.196ms
[2020-08-01T12:09:21.955+0300][59.999s][info ][gc] GC(1600) Pause Young (Normal) (G1 Evacuation Pause) 187M->187M(512M) 52.971ms
[2020-08-01T12:09:22.029+0300][60.073s][info ][gc] GC(1601) Pause Young (Concurrent Start) (G1 Evacuation Pause) 271M->273M(512M) 39.265ms
[2020-08-01T12:09:22.029+0300][60.073s][info ][gc] GC(1602) Concurrent Cycle
[2020-08-01T12:09:22.089+0300][60.133s][info ][gc] GC(1603) Pause Young (Normal) (G1 Evacuation Pause) 349M->350M(512M) 31.884ms
[2020-08-01T12:09:22.127+0300][60.171s][info ][gc] GC(1604) Pause Young (Normal) (G1 Evacuation Pause) 382M->383M(512M) 23.141ms
[2020-08-01T12:09:22.155+0300][60.199s][info ][gc] GC(1605) Pause Young (Normal) (G1 Evacuation Pause) 405M->407M(512M) 17.103ms
[2020-08-01T12:09:22.184+0300][60.228s][info ][gc] GC(1606) Pause Young (Normal) (G1 Evacuation Pause) 448M->449M(512M) 15.017ms
[2020-08-01T12:09:22.187+0300][60.231s][debug][gc] GC(1602) Reclaimed 38 empty regions
[2020-08-01T12:09:22.187+0300][60.231s][info ][gc] GC(1602) Pause Remark 453M->417M(512M) 0.656ms
[2020-08-01T12:09:22.206+0300][60.250s][info ][gc] GC(1607) Pause Young (Normal) (G1 Evacuation Pause) 435M->436M(512M) 11.816ms
[2020-08-01T12:09:22.230+0300][60.274s][info ][gc] GC(1608) Pause Young (Normal) (G1 Evacuation Pause) 457M->459M(512M) 14.520ms
[2020-08-01T12:09:22.255+0300][60.299s][info ][gc] GC(1609) Pause Young (Normal) (G1 Evacuation Pause) 480M->481M(512M) 16.588ms
[2020-08-01T12:09:22.296+0300][60.340s][info ][gc] GC(1610) To-space exhausted
[2020-08-01T12:09:22.296+0300][60.340s][info ][gc] GC(1610) Pause Young (Normal) (G1 Evacuation Pause) 502M->510M(512M) 31.581ms
[2020-08-01T12:09:22.312+0300][60.356s][info ][gc] GC(1611) To-space exhausted
[2020-08-01T12:09:22.312+0300][60.356s][info ][gc] GC(1611) Pause Young (Normal) (G1 Evacuation Pause) 511M->511M(512M) 15.695ms
[2020-08-01T12:09:22.313+0300][60.357s][debug][gc] GC(1612) Clear Next Bitmap 0.306ms
[2020-08-01T12:09:22.392+0300][60.436s][info ][gc] GC(1612) Pause Full (G1 Evacuation Pause) 511M->122M(512M) 79.231ms
[2020-08-01T12:09:22.392+0300][60.436s][info ][gc] GC(1602) Concurrent Cycle 363.187ms
[2020-08-01T12:09:22.405+0300][60.449s][info ][gc] GC(1613) Pause Young (Concurrent Start) (G1 Humongous Allocation) 137M->136M(512M) 7.053ms
[2020-08-01T12:09:22.405+0300][60.449s][info ][gc] GC(1614) Concurrent Cycle
[2020-08-01T12:09:22.414+0300][60.458s][debug][gc] GC(1614) Reclaimed 121 empty regions
[2020-08-01T12:09:22.414+0300][60.458s][info ][gc] GC(1614) Pause Remark 168M->51M(512M) 0.702ms
[2020-08-01T12:09:22.421+0300][60.465s][info ][gc] GC(1614) Pause Cleanup 67M->67M(512M) 0.063ms
[2020-08-01T12:09:22.421+0300][60.465s][info ][gc] GC(1614) Concurrent Cycle 16.085ms
[2020-08-01T12:09:22.493+0300][60.537s][info ][gc] GC(1615) Pause Young (Normal) (G1 Evacuation Pause) 139M->124M(512M) 42.657ms
[2020-08-01T12:09:22.514+0300][60.558s][info ][gc] GC(1616) Pause Young (Concurrent Start) (G1 Humongous Allocation) 140M->142M(512M) 14.640ms
[2020-08-01T12:09:22.514+0300][60.558s][info ][gc] GC(1617) Concurrent Cycle
[2020-08-01T12:09:22.527+0300][60.571s][debug][gc] GC(1617) Reclaimed 100 empty regions
[2020-08-01T12:09:22.527+0300][60.571s][info ][gc] GC(1617) Pause Remark 185M->85M(512M) 0.605ms
[2020-08-01T12:09:22.542+0300][60.586s][info ][gc] GC(1617) Pause Cleanup 124M->124M(512M) 0.063ms
[2020-08-01T12:09:22.542+0300][60.586s][info ][gc] GC(1617) Concurrent Cycle 28.001ms
[2020-08-01T12:09:22.594+0300][60.638s][info ][gc] GC(1618) Pause Young (Normal) (G1 Evacuation Pause) 161M->147M(512M) 37.116ms
[2020-08-01T12:09:22.616+0300][60.660s][info ][gc] GC(1619) Pause Young (Concurrent Start) (G1 Humongous Allocation) 163M->164M(512M) 15.525ms
[2020-08-01T12:09:22.616+0300][60.660s][info ][gc] GC(1620) Concurrent Cycle
[2020-08-01T12:09:22.630+0300][60.674s][debug][gc] GC(1620) Reclaimed 121 empty regions
[2020-08-01T12:09:22.630+0300][60.674s][info ][gc] GC(1620) Pause Remark 208M->87M(512M) 0.628ms
[2020-08-01T12:09:22.648+0300][60.692s][info ][gc] GC(1620) Pause Cleanup 130M->130M(512M) 0.116ms
[2020-08-01T12:09:22.649+0300][60.693s][info ][gc] GC(1620) Concurrent Cycle 32.915ms
[2020-08-01T12:09:22.697+0300][60.741s][info ][gc] GC(1621) Pause Young (Normal) (G1 Evacuation Pause) 155M->142M(512M) 38.419ms
[2020-08-01T12:09:22.723+0300][60.766s][info ][gc] GC(1622) Pause Young (Concurrent Start) (G1 Humongous Allocation) 165M->166M(512M) 16.015ms
[2020-08-01T12:09:22.723+0300][60.766s][info ][gc] GC(1623) Concurrent Cycle
[2020-08-01T12:09:22.737+0300][60.781s][debug][gc] GC(1623) Reclaimed 117 empty regions
[2020-08-01T12:09:22.737+0300][60.781s][info ][gc] GC(1623) Pause Remark 213M->96M(512M) 0.730ms
[2020-08-01T12:09:22.757+0300][60.800s][info ][gc] GC(1623) Pause Cleanup 144M->144M(512M) 0.067ms
[2020-08-01T12:09:22.757+0300][60.801s][info ][gc] GC(1623) Concurrent Cycle 34.330ms
[2020-08-01T12:09:22.800+0300][60.844s][info ][gc] GC(1624) Pause Young (Normal) (G1 Evacuation Pause) 160M->147M(512M) 37.160ms
[2020-08-01T12:09:22.826+0300][60.870s][info ][gc] GC(1625) Pause Young (Concurrent Start) (G1 Humongous Allocation) 171M->173M(512M) 15.835ms
[2020-08-01T12:09:22.826+0300][60.870s][info ][gc] GC(1626) Concurrent Cycle
[2020-08-01T12:09:22.842+0300][60.886s][debug][gc] GC(1626) Reclaimed 122 empty regions
[2020-08-01T12:09:22.842+0300][60.886s][info ][gc] GC(1626) Pause Remark 222M->100M(512M) 0.768ms
[2020-08-01T12:09:22.862+0300][60.906s][info ][gc] GC(1626) Pause Cleanup 147M->147M(512M) 0.083ms
[2020-08-01T12:09:22.863+0300][60.907s][info ][gc] GC(1626) Concurrent Cycle 36.919ms
[2020-08-01T12:09:22.907+0300][60.951s][info ][gc] GC(1627) Pause Young (Normal) (G1 Evacuation Pause) 160M->147M(512M) 39.587ms
[2020-08-01T12:09:22.934+0300][60.978s][info ][gc] GC(1628) Pause Young (Concurrent Start) (G1 Humongous Allocation) 173M->174M(512M) 16.332ms
[2020-08-01T12:09:22.934+0300][60.978s][info ][gc] GC(1629) Concurrent Cycle
[2020-08-01T12:09:22.949+0300][60.992s][debug][gc] GC(1629) Reclaimed 123 empty regions
[2020-08-01T12:09:22.949+0300][60.992s][info ][gc] GC(1629) Pause Remark 223M->100M(512M) 0.616ms
[2020-08-01T12:09:22.969+0300][61.013s][info ][gc] GC(1629) Pause Cleanup 150M->150M(512M) 0.103ms
[2020-08-01T12:09:22.970+0300][61.014s][info ][gc] GC(1629) Concurrent Cycle 35.584ms
[2020-08-01T12:09:23.010+0300][61.053s][info ][gc] GC(1630) Pause Young (Normal) (G1 Evacuation Pause) 159M->146M(512M) 34.496ms
[2020-08-01T12:09:23.042+0300][61.086s][info ][gc] GC(1631) Pause Young (Concurrent Start) (G1 Humongous Allocation) 173M->174M(512M) 20.212ms
[2020-08-01T12:09:23.042+0300][61.086s][info ][gc] GC(1632) Concurrent Cycle
[2020-08-01T12:09:23.059+0300][61.103s][debug][gc] GC(1632) Reclaimed 122 empty regions
[2020-08-01T12:09:23.059+0300][61.103s][info ][gc] GC(1632) Pause Remark 224M->102M(512M) 0.602ms
[2020-08-01T12:09:23.081+0300][61.124s][info ][gc] GC(1632) Pause Cleanup 152M->152M(512M) 0.065ms
[2020-08-01T12:09:23.081+0300][61.125s][info ][gc] GC(1632) Concurrent Cycle 39.139ms
[2020-08-01T12:09:23.120+0300][61.164s][info ][gc] GC(1633) Pause Young (Normal) (G1 Evacuation Pause) 160M->147M(512M) 35.988ms
[2020-08-01T12:09:23.150+0300][61.193s][info ][gc] GC(1634) Pause Young (Concurrent Start) (G1 Humongous Allocation) 174M->175M(512M) 17.768ms
[2020-08-01T12:09:23.150+0300][61.193s][info ][gc] GC(1635) Concurrent Cycle
[2020-08-01T12:09:23.165+0300][61.209s][debug][gc] GC(1635) Reclaimed 122 empty regions
[2020-08-01T12:09:23.165+0300][61.209s][info ][gc] GC(1635) Pause Remark 225M->103M(512M) 0.625ms
[2020-08-01T12:09:23.185+0300][61.229s][info ][gc] GC(1635) Pause Cleanup 153M->153M(512M) 0.098ms
[2020-08-01T12:09:23.186+0300][61.230s][info ][gc] GC(1635) Concurrent Cycle 36.483ms
[2020-08-01T12:09:23.224+0300][61.268s][info ][gc] GC(1636) Pause Young (Normal) (G1 Evacuation Pause) 161M->148M(512M) 35.324ms
[2020-08-01T12:09:23.252+0300][61.296s][info ][gc] GC(1637) Pause Young (Concurrent Start) (G1 Humongous Allocation) 175M->176M(512M) 17.325ms
[2020-08-01T12:09:23.252+0300][61.296s][info ][gc] GC(1638) Concurrent Cycle
[2020-08-01T12:09:23.268+0300][61.312s][debug][gc] GC(1638) Reclaimed 123 empty regions
[2020-08-01T12:09:23.269+0300][61.312s][info ][gc] GC(1638) Pause Remark 227M->104M(512M) 0.776ms
[2020-08-01T12:09:23.290+0300][61.333s][info ][gc] GC(1638) Pause Cleanup 156M->156M(512M) 0.094ms
[2020-08-01T12:09:23.290+0300][61.334s][info ][gc] GC(1638) Concurrent Cycle 37.973ms
[2020-08-01T12:09:23.328+0300][61.372s][info ][gc] GC(1639) Pause Young (Normal) (G1 Evacuation Pause) 161M->148M(512M) 36.182ms
[2020-08-01T12:09:23.358+0300][61.401s][info ][gc] GC(1640) Pause Young (Concurrent Start) (G1 Humongous Allocation) 175M->176M(512M) 17.019ms
[2020-08-01T12:09:23.358+0300][61.402s][info ][gc] GC(1641) Concurrent Cycle
[2020-08-01T12:09:23.373+0300][61.417s][debug][gc] GC(1641) Reclaimed 124 empty regions
[2020-08-01T12:09:23.373+0300][61.417s][info ][gc] GC(1641) Pause Remark 225M->101M(512M) 0.639ms
[2020-08-01T12:09:23.393+0300][61.437s][info ][gc] GC(1641) Pause Cleanup 152M->152M(512M) 0.072ms
[2020-08-01T12:09:23.394+0300][61.438s][info ][gc] GC(1641) Concurrent Cycle 36.089ms
[2020-08-01T12:09:23.432+0300][61.475s][info ][gc] GC(1642) Pause Young (Normal) (G1 Evacuation Pause) 160M->147M(512M) 34.875ms
[2020-08-01T12:09:23.458+0300][61.502s][info ][gc] GC(1643) Pause Young (Concurrent Start) (G1 Humongous Allocation) 174M->175M(512M) 15.878ms
[2020-08-01T12:09:23.458+0300][61.502s][info ][gc] GC(1644) Concurrent Cycle
[2020-08-01T12:09:23.474+0300][61.518s][debug][gc] GC(1644) Reclaimed 123 empty regions
[2020-08-01T12:09:23.474+0300][61.518s][info ][gc] GC(1644) Pause Remark 225M->102M(512M) 0.603ms
[2020-08-01T12:09:23.495+0300][61.539s][info ][gc] GC(1644) Pause Cleanup 154M->154M(512M) 0.109ms
[2020-08-01T12:09:23.496+0300][61.540s][info ][gc] GC(1644) Concurrent Cycle 37.419ms
[2020-08-01T12:09:23.535+0300][61.578s][info ][gc] GC(1645) Pause Young (Normal) (G1 Evacuation Pause) 160M->148M(512M) 36.588ms
[2020-08-01T12:09:23.565+0300][61.609s][info ][gc] GC(1646) Pause Young (Concurrent Start) (G1 Humongous Allocation) 175M->176M(512M) 18.184ms
[2020-08-01T12:09:23.565+0300][61.609s][info ][gc] GC(1647) Concurrent Cycle
[2020-08-01T12:09:23.581+0300][61.625s][debug][gc] GC(1647) Reclaimed 123 empty regions
[2020-08-01T12:09:23.581+0300][61.625s][info ][gc] GC(1647) Pause Remark 228M->105M(512M) 0.817ms
[2020-08-01T12:09:23.603+0300][61.647s][info ][gc] GC(1647) Pause Cleanup 157M->157M(512M) 0.077ms
[2020-08-01T12:09:23.604+0300][61.647s][info ][gc] GC(1647) Concurrent Cycle 38.803ms
[2020-08-01T12:09:23.640+0300][61.684s][info ][gc] GC(1648) Pause Young (Normal) (G1 Evacuation Pause) 161M->148M(512M) 35.302ms
[2020-08-01T12:09:23.667+0300][61.711s][info ][gc] GC(1649) Pause Young (Concurrent Start) (G1 Humongous Allocation) 175M->176M(512M) 16.022ms
[2020-08-01T12:09:23.667+0300][61.711s][info ][gc] GC(1650) Concurrent Cycle
[2020-08-01T12:09:23.685+0300][61.728s][debug][gc] GC(1650) Reclaimed 124 empty regions
[2020-08-01T12:09:23.685+0300][61.728s][info ][gc] GC(1650) Pause Remark 227M->103M(512M) 0.652ms
[2020-08-01T12:09:23.705+0300][61.749s][info ][gc] GC(1650) Pause Cleanup 155M->155M(512M) 0.064ms
[2020-08-01T12:09:23.706+0300][61.750s][info ][gc] GC(1650) Concurrent Cycle 39.057ms
[2020-08-01T12:09:23.743+0300][61.787s][info ][gc] GC(1651) Pause Young (Normal) (G1 Evacuation Pause) 160M->147M(512M) 35.300ms
[2020-08-01T12:09:23.769+0300][61.813s][info ][gc] GC(1652) Pause Young (Concurrent Start) (G1 Humongous Allocation) 174M->176M(512M) 15.439ms
[2020-08-01T12:09:23.769+0300][61.813s][info ][gc] GC(1653) Concurrent Cycle
[2020-08-01T12:09:23.784+0300][61.828s][debug][gc] GC(1653) Reclaimed 123 empty regions
[2020-08-01T12:09:23.784+0300][61.828s][info ][gc] GC(1653) Pause Remark 225M->102M(512M) 0.817ms
[2020-08-01T12:09:23.804+0300][61.848s][info ][gc] GC(1653) Pause Cleanup 155M->155M(512M) 0.065ms
[2020-08-01T12:09:23.805+0300][61.849s][info ][gc] GC(1653) Concurrent Cycle 35.387ms
[2020-08-01T12:09:23.843+0300][61.887s][info ][gc] GC(1654) Pause Young (Normal) (G1 Evacuation Pause) 161M->148M(512M) 35.682ms
[2020-08-01T12:09:23.871+0300][61.914s][info ][gc] GC(1655) Pause Young (Concurrent Start) (G1 Humongous Allocation) 175M->176M(512M) 16.975ms
[2020-08-01T12:09:23.871+0300][61.914s][info ][gc] GC(1656) Concurrent Cycle
[2020-08-01T12:09:23.887+0300][61.931s][debug][gc] GC(1656) Reclaimed 124 empty regions
[2020-08-01T12:09:23.887+0300][61.931s][info ][gc] GC(1656) Pause Remark 227M->103M(512M) 0.664ms
[2020-08-01T12:09:23.908+0300][61.951s][info ][gc] GC(1656) Pause Cleanup 155M->155M(512M) 0.076ms
[2020-08-01T12:09:23.908+0300][61.952s][info ][gc] GC(1656) Concurrent Cycle 37.672ms
[2020-08-01T12:09:23.947+0300][61.990s][info ][gc] GC(1657) Pause Young (Normal) (G1 Evacuation Pause) 160M->148M(512M) 36.478ms
[2020-08-01T12:09:23.975+0300][62.019s][info ][gc] GC(1658) Pause Young (Concurrent Start) (G1 Humongous Allocation) 175M->176M(512M) 17.398ms
[2020-08-01T12:09:23.975+0300][62.019s][info ][gc] GC(1659) Concurrent Cycle
[2020-08-01T12:09:23.991+0300][62.034s][debug][gc] GC(1659) Reclaimed 123 empty regions
[2020-08-01T12:09:23.991+0300][62.035s][info ][gc] GC(1659) Pause Remark 215M->92M(512M) 0.775ms
[2020-08-01T12:09:24.012+0300][62.056s][info ][gc] GC(1659) Pause Cleanup 140M->140M(512M) 0.075ms
[2020-08-01T12:09:24.013+0300][62.056s][info ][gc] GC(1659) Concurrent Cycle 37.891ms
[2020-08-01T12:09:24.057+0300][62.101s][info ][gc] GC(1660) Pause Young (Normal) (G1 Evacuation Pause) 161M->148M(512M) 36.259ms
[2020-08-01T12:09:24.085+0300][62.128s][info ][gc] GC(1661) Pause Young (Concurrent Start) (G1 Humongous Allocation) 175M->177M(512M) 16.811ms
[2020-08-01T12:09:24.085+0300][62.128s][info ][gc] GC(1662) Concurrent Cycle
[2020-08-01T12:09:24.101+0300][62.145s][debug][gc] GC(1662) Reclaimed 123 empty regions
[2020-08-01T12:09:24.101+0300][62.145s][info ][gc] GC(1662) Pause Remark 228M->105M(512M) 0.818ms
[2020-08-01T12:09:24.122+0300][62.166s][info ][gc] GC(1662) Pause Cleanup 156M->156M(512M) 0.075ms
[2020-08-01T12:09:24.123+0300][62.167s][info ][gc] GC(1662) Concurrent Cycle 38.093ms
[2020-08-01T12:09:24.162+0300][62.206s][info ][gc] GC(1663) Pause Young (Normal) (G1 Evacuation Pause) 162M->149M(512M) 36.832ms
[2020-08-01T12:09:24.191+0300][62.234s][info ][gc] GC(1664) Pause Young (Concurrent Start) (G1 Humongous Allocation) 176M->177M(512M) 17.099ms
[2020-08-01T12:09:24.191+0300][62.234s][info ][gc] GC(1665) Concurrent Cycle
[2020-08-01T12:09:24.205+0300][62.249s][debug][gc] GC(1665) Reclaimed 124 empty regions
[2020-08-01T12:09:24.205+0300][62.249s][info ][gc] GC(1665) Pause Remark 226M->102M(512M) 0.604ms
[2020-08-01T12:09:24.226+0300][62.269s][info ][gc] GC(1665) Pause Cleanup 154M->154M(512M) 0.080ms
[2020-08-01T12:09:24.226+0300][62.270s][info ][gc] GC(1665) Concurrent Cycle 35.603ms
[2020-08-01T12:09:24.263+0300][62.307s][info ][gc] GC(1666) Pause Young (Normal) (G1 Evacuation Pause) 161M->149M(512M) 34.440ms
[2020-08-01T12:09:24.293+0300][62.336s][info ][gc] GC(1667) Pause Young (Concurrent Start) (G1 Humongous Allocation) 176M->177M(512M) 18.541ms
[2020-08-01T12:09:24.293+0300][62.336s][info ][gc] GC(1668) Concurrent Cycle
[2020-08-01T12:09:24.309+0300][62.353s][debug][gc] GC(1668) Reclaimed 125 empty regions
[2020-08-01T12:09:24.309+0300][62.353s][info ][gc] GC(1668) Pause Remark 228M->103M(512M) 0.617ms
[2020-08-01T12:09:24.329+0300][62.373s][info ][gc] GC(1668) Pause Cleanup 155M->155M(512M) 0.064ms
[2020-08-01T12:09:24.330+0300][62.374s][info ][gc] GC(1668) Concurrent Cycle 37.357ms
[2020-08-01T12:09:24.364+0300][62.408s][info ][gc] GC(1669) Pause Young (Normal) (G1 Evacuation Pause) 160M->148M(512M) 32.672ms
[2020-08-01T12:09:24.391+0300][62.435s][info ][gc] GC(1670) Pause Young (Concurrent Start) (G1 Humongous Allocation) 175M->176M(512M) 15.975ms
[2020-08-01T12:09:24.391+0300][62.435s][info ][gc] GC(1671) Concurrent Cycle
[2020-08-01T12:09:24.406+0300][62.450s][debug][gc] GC(1671) Reclaimed 124 empty regions
[2020-08-01T12:09:24.406+0300][62.450s][info ][gc] GC(1671) Pause Remark 226M->102M(512M) 0.588ms
[2020-08-01T12:09:24.426+0300][62.470s][info ][gc] GC(1671) Pause Cleanup 153M->153M(512M) 0.062ms
[2020-08-01T12:09:24.427+0300][62.471s][info ][gc] GC(1671) Concurrent Cycle 35.514ms
[2020-08-01T12:09:24.465+0300][62.509s][info ][gc] GC(1672) Pause Young (Normal) (G1 Evacuation Pause) 160M->148M(512M) 35.903ms
[2020-08-01T12:09:24.492+0300][62.536s][info ][gc] GC(1673) Pause Young (Concurrent Start) (G1 Humongous Allocation) 175M->176M(512M) 16.207ms
[2020-08-01T12:09:24.492+0300][62.536s][info ][gc] GC(1674) Concurrent Cycle
[2020-08-01T12:09:24.508+0300][62.552s][debug][gc] GC(1674) Reclaimed 123 empty regions
[2020-08-01T12:09:24.508+0300][62.552s][info ][gc] GC(1674) Pause Remark 228M->105M(512M) 0.651ms
[2020-08-01T12:09:24.529+0300][62.573s][info ][gc] GC(1674) Pause Cleanup 157M->157M(512M) 0.070ms
[2020-08-01T12:09:24.530+0300][62.573s][info ][gc] GC(1674) Concurrent Cycle 37.523ms
[2020-08-01T12:09:24.565+0300][62.609s][info ][gc] GC(1675) Pause Young (Normal) (G1 Evacuation Pause) 161M->147M(512M) 33.891ms
[2020-08-01T12:09:24.592+0300][62.636s][info ][gc] GC(1676) Pause Young (Concurrent Start) (G1 Humongous Allocation) 174M->175M(512M) 16.859ms
[2020-08-01T12:09:24.593+0300][62.636s][info ][gc] GC(1677) Concurrent Cycle
[2020-08-01T12:09:24.608+0300][62.652s][debug][gc] GC(1677) Reclaimed 122 empty regions
[2020-08-01T12:09:24.608+0300][62.652s][info ][gc] GC(1677) Pause Remark 226M->104M(512M) 0.629ms
[2020-08-01T12:09:24.629+0300][62.672s][info ][gc] GC(1677) Pause Cleanup 155M->155M(512M) 0.076ms
[2020-08-01T12:09:24.629+0300][62.673s][info ][gc] GC(1677) Concurrent Cycle 36.405ms
[2020-08-01T12:09:24.676+0300][62.720s][info ][gc] GC(1678) Pause Young (Normal) (G1 Evacuation Pause) 161M->148M(512M) 45.385ms
[2020-08-01T12:09:24.708+0300][62.752s][info ][gc] GC(1679) Pause Young (Concurrent Start) (G1 Humongous Allocation) 175M->176M(512M) 19.619ms
[2020-08-01T12:09:24.708+0300][62.752s][info ][gc] GC(1680) Concurrent Cycle
[2020-08-01T12:09:24.724+0300][62.768s][debug][gc] GC(1680) Reclaimed 123 empty regions
[2020-08-01T12:09:24.724+0300][62.768s][info ][gc] GC(1680) Pause Remark 227M->104M(512M) 0.662ms
[2020-08-01T12:09:24.746+0300][62.790s][info ][gc] GC(1680) Pause Cleanup 156M->156M(512M) 0.068ms
[2020-08-01T12:09:24.747+0300][62.791s][info ][gc] GC(1680) Concurrent Cycle 38.900ms
[2020-08-01T12:09:24.784+0300][62.827s][info ][gc] GC(1681) Pause Young (Normal) (G1 Evacuation Pause) 161M->148M(512M) 35.095ms
[2020-08-01T12:09:24.811+0300][62.855s][info ][gc] GC(1682) Pause Young (Concurrent Start) (G1 Humongous Allocation) 175M->177M(512M) 16.855ms
[2020-08-01T12:09:24.811+0300][62.855s][info ][gc] GC(1683) Concurrent Cycle
[2020-08-01T12:09:24.826+0300][62.869s][debug][gc] GC(1683) Reclaimed 123 empty regions
[2020-08-01T12:09:24.826+0300][62.869s][info ][gc] GC(1683) Pause Remark 226M->103M(512M) 0.640ms
[2020-08-01T12:09:24.847+0300][62.890s][info ][gc] GC(1683) Pause Cleanup 155M->155M(512M) 0.067ms
[2020-08-01T12:09:24.847+0300][62.891s][info ][gc] GC(1683) Concurrent Cycle 35.828ms
[2020-08-01T12:09:24.886+0300][62.929s][info ][gc] GC(1684) Pause Young (Normal) (G1 Evacuation Pause) 162M->149M(512M) 36.003ms
[2020-08-01T12:09:24.914+0300][62.957s][info ][gc] GC(1685) Pause Young (Concurrent Start) (G1 Humongous Allocation) 176M->177M(512M) 17.298ms
[2020-08-01T12:09:24.914+0300][62.958s][info ][gc] GC(1686) Concurrent Cycle
[2020-08-01T12:09:24.928+0300][62.972s][debug][gc] GC(1686) Reclaimed 124 empty regions
[2020-08-01T12:09:24.928+0300][62.972s][info ][gc] GC(1686) Pause Remark 227M->103M(512M) 0.595ms
[2020-08-01T12:09:24.949+0300][62.993s][info ][gc] GC(1686) Pause Cleanup 155M->155M(512M) 0.068ms
[2020-08-01T12:09:24.950+0300][62.994s][info ][gc] GC(1686) Concurrent Cycle 36.006ms
[2020-08-01T12:09:24.987+0300][63.030s][info ][gc] GC(1687) Pause Young (Normal) (G1 Evacuation Pause) 161M->148M(512M) 34.683ms
[2020-08-01T12:09:25.014+0300][63.058s][info ][gc] GC(1688) Pause Young (Concurrent Start) (G1 Humongous Allocation) 175M->176M(512M) 16.537ms
[2020-08-01T12:09:25.014+0300][63.058s][info ][gc] GC(1689) Concurrent Cycle
[2020-08-01T12:09:25.029+0300][63.073s][debug][gc] GC(1689) Reclaimed 123 empty regions
[2020-08-01T12:09:25.029+0300][63.073s][info ][gc] GC(1689) Pause Remark 224M->101M(512M) 0.610ms
[2020-08-01T12:09:25.050+0300][63.094s][info ][gc] GC(1689) Pause Cleanup 152M->152M(512M) 0.095ms
[2020-08-01T12:09:25.051+0300][63.095s][info ][gc] GC(1689) Concurrent Cycle 36.941ms
[2020-08-01T12:09:25.089+0300][63.133s][info ][gc] GC(1690) Pause Young (Normal) (G1 Evacuation Pause) 161M->148M(512M) 34.677ms
[2020-08-01T12:09:25.117+0300][63.161s][info ][gc] GC(1691) Pause Young (Concurrent Start) (G1 Humongous Allocation) 175M->177M(512M) 17.558ms
[2020-08-01T12:09:25.117+0300][63.161s][info ][gc] GC(1692) Concurrent Cycle
[2020-08-01T12:09:25.132+0300][63.176s][debug][gc] GC(1692) Reclaimed 123 empty regions
[2020-08-01T12:09:25.132+0300][63.176s][info ][gc] GC(1692) Pause Remark 227M->104M(512M) 0.678ms
[2020-08-01T12:09:25.154+0300][63.197s][info ][gc] GC(1692) Pause Cleanup 156M->156M(512M) 0.072ms
[2020-08-01T12:09:25.154+0300][63.198s][info ][gc] GC(1692) Concurrent Cycle 36.934ms
[2020-08-01T12:09:25.199+0300][63.242s][info ][gc] GC(1693) Pause Young (Normal) (G1 Evacuation Pause) 162M->149M(512M) 42.271ms
[2020-08-01T12:09:25.230+0300][63.274s][info ][gc] GC(1694) Pause Young (Concurrent Start) (G1 Humongous Allocation) 176M->178M(512M) 18.588ms
[2020-08-01T12:09:25.230+0300][63.274s][info ][gc] GC(1695) Concurrent Cycle
[2020-08-01T12:09:25.246+0300][63.290s][debug][gc] GC(1695) Reclaimed 123 empty regions
[2020-08-01T12:09:25.246+0300][63.290s][info ][gc] GC(1695) Pause Remark 227M->104M(512M) 0.828ms
[2020-08-01T12:09:25.267+0300][63.311s][info ][gc] GC(1695) Pause Cleanup 150M->150M(512M) 0.086ms
[2020-08-01T12:09:25.268+0300][63.312s][info ][gc] GC(1695) Concurrent Cycle 38.212ms
[2020-08-01T12:09:25.312+0300][63.356s][info ][gc] GC(1696) Pause Young (Normal) (G1 Evacuation Pause) 162M->149M(512M) 38.954ms
[2020-08-01T12:09:25.342+0300][63.386s][info ][gc] GC(1697) Pause Young (Concurrent Start) (G1 Humongous Allocation) 177M->178M(512M) 18.795ms
[2020-08-01T12:09:25.342+0300][63.386s][info ][gc] GC(1698) Concurrent Cycle
[2020-08-01T12:09:25.359+0300][63.403s][debug][gc] GC(1698) Reclaimed 124 empty regions
[2020-08-01T12:09:25.359+0300][63.403s][info ][gc] GC(1698) Pause Remark 220M->96M(512M) 0.695ms
[2020-08-01T12:09:25.380+0300][63.424s][info ][gc] GC(1698) Pause Cleanup 148M->148M(512M) 0.072ms
[2020-08-01T12:09:25.381+0300][63.425s][info ][gc] GC(1698) Concurrent Cycle 38.643ms
[2020-08-01T12:09:25.424+0300][63.468s][info ][gc] GC(1699) Pause Young (Normal) (G1 Evacuation Pause) 161M->149M(512M) 38.551ms
[2020-08-01T12:09:25.454+0300][63.497s][info ][gc] GC(1700) Pause Young (Concurrent Start) (G1 Humongous Allocation) 177M->178M(512M) 17.928ms
[2020-08-01T12:09:25.454+0300][63.497s][info ][gc] GC(1701) Concurrent Cycle
[2020-08-01T12:09:25.470+0300][63.514s][debug][gc] GC(1701) Reclaimed 121 empty regions
[2020-08-01T12:09:25.470+0300][63.514s][info ][gc] GC(1701) Pause Remark 226M->105M(512M) 0.795ms
[2020-08-01T12:09:25.493+0300][63.536s][info ][gc] GC(1701) Pause Cleanup 156M->156M(512M) 0.077ms
[2020-08-01T12:09:25.493+0300][63.537s][info ][gc] GC(1701) Concurrent Cycle 39.610ms
[2020-08-01T12:09:25.531+0300][63.574s][info ][gc] GC(1702) Pause Young (Normal) (G1 Evacuation Pause) 164M->151M(512M) 33.892ms
[2020-08-01T12:09:25.562+0300][63.605s][info ][gc] GC(1703) Pause Young (Concurrent Start) (G1 Humongous Allocation) 179M->180M(512M) 20.050ms
[2020-08-01T12:09:25.562+0300][63.606s][info ][gc] GC(1704) Concurrent Cycle
[2020-08-01T12:09:25.577+0300][63.621s][debug][gc] GC(1704) Reclaimed 121 empty regions
[2020-08-01T12:09:25.578+0300][63.621s][info ][gc] GC(1704) Pause Remark 231M->110M(512M) 0.776ms
[2020-08-01T12:09:25.599+0300][63.643s][info ][gc] GC(1704) Pause Cleanup 163M->163M(512M) 0.075ms
[2020-08-01T12:09:25.600+0300][63.643s][info ][gc] GC(1704) Concurrent Cycle 37.865ms
[2020-08-01T12:09:25.638+0300][63.682s][info ][gc] GC(1705) Pause Young (Normal) (G1 Evacuation Pause) 166M->153M(512M) 37.492ms
[2020-08-01T12:09:25.667+0300][63.710s][info ][gc] GC(1706) Pause Young (Concurrent Start) (G1 Humongous Allocation) 181M->182M(512M) 17.342ms
[2020-08-01T12:09:25.667+0300][63.711s][info ][gc] GC(1707) Concurrent Cycle
[2020-08-01T12:09:25.684+0300][63.727s][debug][gc] GC(1707) Reclaimed 123 empty regions
[2020-08-01T12:09:25.684+0300][63.728s][info ][gc] GC(1707) Pause Remark 233M->110M(512M) 0.740ms
[2020-08-01T12:09:25.705+0300][63.749s][info ][gc] GC(1707) Pause Cleanup 163M->163M(512M) 0.102ms
[2020-08-01T12:09:25.706+0300][63.750s][info ][gc] GC(1707) Concurrent Cycle 38.956ms
[2020-08-01T12:09:25.740+0300][63.784s][info ][gc] GC(1708) Pause Young (Normal) (G1 Evacuation Pause) 165M->152M(512M) 33.374ms
[2020-08-01T12:09:25.768+0300][63.812s][info ][gc] GC(1709) Pause Young (Concurrent Start) (G1 Humongous Allocation) 181M->183M(512M) 16.814ms
[2020-08-01T12:09:25.768+0300][63.812s][info ][gc] GC(1710) Concurrent Cycle
[2020-08-01T12:09:25.784+0300][63.828s][debug][gc] GC(1710) Reclaimed 123 empty regions
[2020-08-01T12:09:25.784+0300][63.828s][info ][gc] GC(1710) Pause Remark 233M->110M(512M) 0.698ms
[2020-08-01T12:09:25.806+0300][63.850s][info ][gc] GC(1710) Pause Cleanup 166M->166M(512M) 0.079ms
[2020-08-01T12:09:25.842+0300][63.886s][info ][gc] GC(1711) Pause Young (Normal) (G1 Evacuation Pause) 166M->153M(512M) 35.943ms
[2020-08-01T12:09:25.843+0300][63.887s][info ][gc] GC(1710) Concurrent Cycle 74.532ms
[2020-08-01T12:09:25.871+0300][63.915s][info ][gc] GC(1712) Pause Young (Concurrent Start) (G1 Humongous Allocation) 182M->184M(512M) 16.646ms
[2020-08-01T12:09:25.871+0300][63.915s][info ][gc] GC(1713) Concurrent Cycle
[2020-08-01T12:09:25.887+0300][63.931s][debug][gc] GC(1713) Reclaimed 124 empty regions
[2020-08-01T12:09:25.887+0300][63.931s][info ][gc] GC(1713) Pause Remark 236M->112M(512M) 0.607ms
[2020-08-01T12:09:25.944+0300][63.987s][info ][gc] GC(1714) Pause Young (Normal) (G1 Evacuation Pause) 165M->152M(512M) 35.068ms
[2020-08-01T12:09:25.944+0300][63.988s][info ][gc] GC(1713) Pause Cleanup 154M->154M(512M) 0.087ms
[2020-08-01T12:09:25.945+0300][63.989s][info ][gc] GC(1713) Concurrent Cycle 73.498ms
[2020-08-01T12:09:25.982+0300][64.026s][info ][gc] GC(1715) Pause Young (Concurrent Start) (G1 Humongous Allocation) 182M->184M(512M) 26.578ms
[2020-08-01T12:09:25.982+0300][64.026s][info ][gc] GC(1716) Concurrent Cycle
[2020-08-01T12:09:25.998+0300][64.042s][debug][gc] GC(1716) Reclaimed 123 empty regions
[2020-08-01T12:09:25.999+0300][64.042s][info ][gc] GC(1716) Pause Remark 235M->112M(512M) 0.619ms
[2020-08-01T12:09:26.057+0300][64.101s][info ][gc] GC(1717) Pause Young (Normal) (G1 Evacuation Pause) 166M->153M(512M) 37.148ms
[2020-08-01T12:09:26.059+0300][64.103s][info ][gc] GC(1716) Pause Cleanup 156M->156M(512M) 0.114ms
[2020-08-01T12:09:26.060+0300][64.104s][info ][gc] GC(1716) Concurrent Cycle 77.249ms
[2020-08-01T12:09:26.103+0300][64.147s][info ][gc] GC(1718) Pause Young (Concurrent Start) (G1 Humongous Allocation) 183M->184M(512M) 32.247ms
[2020-08-01T12:09:26.103+0300][64.147s][info ][gc] GC(1719) Concurrent Cycle
[2020-08-01T12:09:26.120+0300][64.164s][debug][gc] GC(1719) Reclaimed 124 empty regions
[2020-08-01T12:09:26.120+0300][64.164s][info ][gc] GC(1719) Pause Remark 235M->111M(512M) 0.713ms
[2020-08-01T12:09:26.178+0300][64.222s][info ][gc] GC(1720) Pause Young (Normal) (G1 Evacuation Pause) 165M->152M(512M) 35.080ms
[2020-08-01T12:09:26.179+0300][64.222s][info ][gc] GC(1719) Pause Cleanup 154M->154M(512M) 0.082ms
[2020-08-01T12:09:26.179+0300][64.223s][info ][gc] GC(1719) Concurrent Cycle 75.977ms
[2020-08-01T12:09:26.217+0300][64.260s][info ][gc] GC(1721) Pause Young (Concurrent Start) (G1 Humongous Allocation) 182M->183M(512M) 26.674ms
[2020-08-01T12:09:26.217+0300][64.260s][info ][gc] GC(1722) Concurrent Cycle
[2020-08-01T12:09:26.234+0300][64.278s][debug][gc] GC(1722) Reclaimed 123 empty regions
[2020-08-01T12:09:26.234+0300][64.278s][info ][gc] GC(1722) Pause Remark 235M->112M(512M) 0.747ms
[2020-08-01T12:09:26.289+0300][64.333s][info ][gc] GC(1723) Pause Young (Normal) (G1 Evacuation Pause) 166M->154M(512M) 33.522ms
[2020-08-01T12:09:26.291+0300][64.335s][info ][gc] GC(1722) Pause Cleanup 157M->157M(512M) 0.111ms
[2020-08-01T12:09:26.291+0300][64.335s][info ][gc] GC(1722) Concurrent Cycle 74.753ms
[2020-08-01T12:09:26.330+0300][64.374s][info ][gc] GC(1724) Pause Young (Concurrent Start) (G1 Humongous Allocation) 183M->184M(512M) 28.536ms
[2020-08-01T12:09:26.330+0300][64.374s][info ][gc] GC(1725) Concurrent Cycle
[2020-08-01T12:09:26.348+0300][64.392s][debug][gc] GC(1725) Reclaimed 125 empty regions
[2020-08-01T12:09:26.348+0300][64.392s][info ][gc] GC(1725) Pause Remark 235M->110M(512M) 0.626ms
[2020-08-01T12:09:26.403+0300][64.447s][info ][gc] GC(1726) Pause Young (Normal) (G1 Evacuation Pause) 164M->151M(512M) 33.926ms
[2020-08-01T12:09:26.404+0300][64.447s][info ][gc] GC(1725) Pause Cleanup 152M->152M(512M) 0.079ms
[2020-08-01T12:09:26.404+0300][64.448s][info ][gc] GC(1725) Concurrent Cycle 74.022ms
[2020-08-01T12:09:26.443+0300][64.487s][info ][gc] GC(1727) Pause Young (Concurrent Start) (G1 Humongous Allocation) 181M->182M(512M) 27.816ms
[2020-08-01T12:09:26.443+0300][64.487s][info ][gc] GC(1728) Concurrent Cycle
[2020-08-01T12:09:26.459+0300][64.503s][debug][gc] GC(1728) Reclaimed 122 empty regions
[2020-08-01T12:09:26.459+0300][64.503s][info ][gc] GC(1728) Pause Remark 231M->109M(512M) 0.608ms
[2020-08-01T12:09:26.482+0300][64.526s][info ][gc] GC(1728) Pause Cleanup 159M->159M(512M) 0.092ms
[2020-08-01T12:09:26.483+0300][64.527s][info ][gc] GC(1728) Concurrent Cycle 39.334ms
[2020-08-01T12:09:26.525+0300][64.569s][info ][gc] GC(1729) Pause Young (Normal) (G1 Evacuation Pause) 166M->154M(512M) 39.404ms
[2020-08-01T12:09:26.557+0300][64.600s][info ][gc] GC(1730) Pause Young (Concurrent Start) (G1 Humongous Allocation) 183M->184M(512M) 17.392ms
[2020-08-01T12:09:26.557+0300][64.600s][info ][gc] GC(1731) Concurrent Cycle
[2020-08-01T12:09:26.572+0300][64.616s][debug][gc] GC(1731) Reclaimed 125 empty regions
[2020-08-01T12:09:26.572+0300][64.616s][info ][gc] GC(1731) Pause Remark 236M->111M(512M) 0.640ms
[2020-08-01T12:09:26.627+0300][64.671s][info ][gc] GC(1732) Pause Young (Normal) (G1 Evacuation Pause) 164M->152M(512M) 32.887ms
[2020-08-01T12:09:26.628+0300][64.671s][info ][gc] GC(1731) Pause Cleanup 154M->154M(512M) 0.072ms
[2020-08-01T12:09:26.628+0300][64.672s][info ][gc] GC(1731) Concurrent Cycle 71.438ms
[2020-08-01T12:09:26.664+0300][64.708s][info ][gc] GC(1733) Pause Young (Concurrent Start) (G1 Humongous Allocation) 182M->183M(512M) 25.439ms
[2020-08-01T12:09:26.664+0300][64.708s][info ][gc] GC(1734) Concurrent Cycle
[2020-08-01T12:09:26.682+0300][64.725s][debug][gc] GC(1734) Reclaimed 122 empty regions
[2020-08-01T12:09:26.682+0300][64.725s][info ][gc] GC(1734) Pause Remark 237M->115M(512M) 0.635ms
[2020-08-01T12:09:26.737+0300][64.781s][info ][gc] GC(1735) Pause Young (Normal) (G1 Evacuation Pause) 167M->154M(512M) 34.510ms
[2020-08-01T12:09:26.739+0300][64.783s][info ][gc] GC(1734) Pause Cleanup 156M->156M(512M) 0.094ms
[2020-08-01T12:09:26.740+0300][64.783s][info ][gc] GC(1734) Concurrent Cycle 75.234ms
[2020-08-01T12:09:26.776+0300][64.820s][info ][gc] GC(1736) Pause Young (Concurrent Start) (G1 Humongous Allocation) 183M->184M(512M) 25.761ms
[2020-08-01T12:09:26.776+0300][64.820s][info ][gc] GC(1737) Concurrent Cycle
[2020-08-01T12:09:26.791+0300][64.835s][debug][gc] GC(1737) Reclaimed 125 empty regions
[2020-08-01T12:09:26.791+0300][64.835s][info ][gc] GC(1737) Pause Remark 235M->110M(512M) 0.611ms
[2020-08-01T12:09:26.846+0300][64.890s][info ][gc] GC(1738) Pause Young (Normal) (G1 Evacuation Pause) 164M->151M(512M) 32.760ms
[2020-08-01T12:09:26.847+0300][64.890s][info ][gc] GC(1737) Pause Cleanup 153M->153M(512M) 0.074ms
[2020-08-01T12:09:26.847+0300][64.891s][info ][gc] GC(1737) Concurrent Cycle 71.176ms
[2020-08-01T12:09:26.884+0300][64.927s][info ][gc] GC(1739) Pause Young (Concurrent Start) (G1 Humongous Allocation) 181M->183M(512M) 25.864ms
[2020-08-01T12:09:26.884+0300][64.928s][info ][gc] GC(1740) Concurrent Cycle
[2020-08-01T12:09:26.899+0300][64.943s][debug][gc] GC(1740) Reclaimed 122 empty regions
[2020-08-01T12:09:26.899+0300][64.943s][info ][gc] GC(1740) Pause Remark 235M->113M(512M) 0.608ms
[2020-08-01T12:09:26.954+0300][64.998s][info ][gc] GC(1741) Pause Young (Normal) (G1 Evacuation Pause) 167M->154M(512M) 33.156ms
[2020-08-01T12:09:26.955+0300][64.999s][info ][gc] GC(1740) Pause Cleanup 156M->156M(512M) 0.083ms
[2020-08-01T12:09:26.956+0300][65.000s][info ][gc] GC(1740) Concurrent Cycle 72.150ms
[2020-08-01T12:09:26.992+0300][65.036s][info ][gc] GC(1742) Pause Young (Concurrent Start) (G1 Humongous Allocation) 183M->184M(512M) 26.083ms
[2020-08-01T12:09:26.992+0300][65.036s][info ][gc] GC(1743) Concurrent Cycle
[2020-08-01T12:09:27.008+0300][65.052s][debug][gc] GC(1743) Reclaimed 124 empty regions
[2020-08-01T12:09:27.008+0300][65.052s][info ][gc] GC(1743) Pause Remark 235M->111M(512M) 0.970ms
[2020-08-01T12:09:27.063+0300][65.107s][info ][gc] GC(1744) Pause Young (Normal) (G1 Evacuation Pause) 165M->152M(512M) 33.066ms
[2020-08-01T12:09:27.063+0300][65.107s][info ][gc] GC(1743) Pause Cleanup 153M->153M(512M) 0.076ms
[2020-08-01T12:09:27.064+0300][65.108s][info ][gc] GC(1743) Concurrent Cycle 71.826ms
[2020-08-01T12:09:27.104+0300][65.148s][info ][gc] GC(1745) Pause Young (Concurrent Start) (G1 Humongous Allocation) 182M->183M(512M) 29.482ms
[2020-08-01T12:09:27.105+0300][65.148s][info ][gc] GC(1746) Concurrent Cycle
[2020-08-01T12:09:27.121+0300][65.165s][debug][gc] GC(1746) Reclaimed 123 empty regions
[2020-08-01T12:09:27.121+0300][65.165s][info ][gc] GC(1746) Pause Remark 236M->113M(512M) 0.631ms
[2020-08-01T12:09:27.176+0300][65.220s][info ][gc] GC(1747) Pause Young (Normal) (G1 Evacuation Pause) 166M->153M(512M) 34.178ms
[2020-08-01T12:09:27.178+0300][65.222s][info ][gc] GC(1746) Pause Cleanup 157M->157M(512M) 0.137ms
[2020-08-01T12:09:27.179+0300][65.223s][info ][gc] GC(1746) Concurrent Cycle 74.525ms
[2020-08-01T12:09:27.216+0300][65.259s][info ][gc] GC(1748) Pause Young (Concurrent Start) (G1 Humongous Allocation) 182M->184M(512M) 26.817ms
[2020-08-01T12:09:27.216+0300][65.259s][info ][gc] GC(1749) Concurrent Cycle
[2020-08-01T12:09:27.232+0300][65.276s][debug][gc] GC(1749) Reclaimed 124 empty regions
[2020-08-01T12:09:27.232+0300][65.276s][info ][gc] GC(1749) Pause Remark 236M->112M(512M) 0.758ms
[2020-08-01T12:09:27.288+0300][65.332s][info ][gc] GC(1750) Pause Young (Normal) (G1 Evacuation Pause) 165M->152M(512M) 33.476ms
[2020-08-01T12:09:27.289+0300][65.332s][info ][gc] GC(1749) Pause Cleanup 154M->154M(512M) 0.077ms
[2020-08-01T12:09:27.289+0300][65.333s][info ][gc] GC(1749) Concurrent Cycle 73.738ms
[2020-08-01T12:09:27.327+0300][65.371s][info ][gc] GC(1751) Pause Young (Concurrent Start) (G1 Humongous Allocation) 182M->183M(512M) 26.946ms
[2020-08-01T12:09:27.327+0300][65.371s][info ][gc] GC(1752) Concurrent Cycle
[2020-08-01T12:09:27.344+0300][65.388s][debug][gc] GC(1752) Reclaimed 123 empty regions
[2020-08-01T12:09:27.344+0300][65.388s][info ][gc] GC(1752) Pause Remark 229M->106M(512M) 0.818ms
[2020-08-01T12:09:27.367+0300][65.411s][info ][gc] GC(1752) Pause Cleanup 159M->159M(512M) 0.079ms
[2020-08-01T12:09:27.368+0300][65.411s][info ][gc] GC(1752) Concurrent Cycle 40.442ms
[2020-08-01T12:09:27.411+0300][65.455s][info ][gc] GC(1753) Pause Young (Normal) (G1 Evacuation Pause) 166M->153M(512M) 40.331ms
[2020-08-01T12:09:27.441+0300][65.485s][info ][gc] GC(1754) Pause Young (Concurrent Start) (G1 Humongous Allocation) 182M->183M(512M) 18.563ms
[2020-08-01T12:09:27.441+0300][65.485s][info ][gc] GC(1755) Concurrent Cycle
[2020-08-01T12:09:27.457+0300][65.501s][debug][gc] GC(1755) Reclaimed 123 empty regions
[2020-08-01T12:09:27.457+0300][65.501s][info ][gc] GC(1755) Pause Remark 234M->111M(512M) 0.722ms
[2020-08-01T12:09:27.480+0300][65.524s][info ][gc] GC(1755) Pause Cleanup 161M->161M(512M) 0.081ms
[2020-08-01T12:09:27.481+0300][65.524s][info ][gc] GC(1755) Concurrent Cycle 39.338ms
[2020-08-01T12:09:27.521+0300][65.565s][info ][gc] GC(1756) Pause Young (Normal) (G1 Evacuation Pause) 166M->154M(512M) 38.698ms
[2020-08-01T12:09:27.550+0300][65.593s][info ][gc] GC(1757) Pause Young (Concurrent Start) (G1 Humongous Allocation) 183M->184M(512M) 17.009ms
[2020-08-01T12:09:27.550+0300][65.593s][info ][gc] GC(1758) Concurrent Cycle
[2020-08-01T12:09:27.565+0300][65.609s][debug][gc] GC(1758) Reclaimed 123 empty regions
[2020-08-01T12:09:27.565+0300][65.609s][info ][gc] GC(1758) Pause Remark 235M->112M(512M) 0.616ms
[2020-08-01T12:09:27.587+0300][65.631s][info ][gc] GC(1758) Pause Cleanup 166M->166M(512M) 0.068ms
[2020-08-01T12:09:27.620+0300][65.663s][info ][gc] GC(1759) Pause Young (Normal) (G1 Evacuation Pause) 166M->153M(512M) 32.070ms
[2020-08-01T12:09:27.620+0300][65.664s][info ][gc] GC(1758) Concurrent Cycle 70.172ms
[2020-08-01T12:09:27.649+0300][65.693s][info ][gc] GC(1760) Pause Young (Concurrent Start) (G1 Humongous Allocation) 183M->184M(512M) 17.751ms
[2020-08-01T12:09:27.649+0300][65.693s][info ][gc] GC(1761) Concurrent Cycle
[2020-08-01T12:09:27.667+0300][65.711s][debug][gc] GC(1761) Reclaimed 121 empty regions
[2020-08-01T12:09:27.667+0300][65.711s][info ][gc] GC(1761) Pause Remark 238M->117M(512M) 0.597ms
[2020-08-01T12:09:27.722+0300][65.765s][info ][gc] GC(1762) Pause Young (Normal) (G1 Evacuation Pause) 168M->156M(512M) 33.383ms
[2020-08-01T12:09:27.723+0300][65.767s][info ][gc] GC(1761) Pause Cleanup 160M->160M(512M) 0.076ms
[2020-08-01T12:09:27.724+0300][65.768s][info ][gc] GC(1761) Concurrent Cycle 74.806ms
[2020-08-01T12:09:27.761+0300][65.805s][info ][gc] GC(1763) Pause Young (Concurrent Start) (G1 Humongous Allocation) 186M->187M(512M) 27.392ms
[2020-08-01T12:09:27.762+0300][65.805s][info ][gc] GC(1764) Concurrent Cycle
[2020-08-01T12:09:27.777+0300][65.821s][debug][gc] GC(1764) Reclaimed 124 empty regions
[2020-08-01T12:09:27.777+0300][65.821s][info ][gc] GC(1764) Pause Remark 238M->114M(512M) 0.599ms
[2020-08-01T12:09:27.830+0300][65.874s][info ][gc] GC(1765) Pause Young (Normal) (G1 Evacuation Pause) 167M->155M(512M) 32.203ms
[2020-08-01T12:09:27.832+0300][65.876s][info ][gc] GC(1764) Pause Cleanup 160M->160M(512M) 0.107ms
[2020-08-01T12:09:27.833+0300][65.877s][info ][gc] GC(1764) Concurrent Cycle 71.672ms
[2020-08-01T12:09:27.869+0300][65.913s][info ][gc] GC(1766) Pause Young (Concurrent Start) (G1 Humongous Allocation) 186M->186M(512M) 26.136ms
[2020-08-01T12:09:27.869+0300][65.913s][info ][gc] GC(1767) Concurrent Cycle
[2020-08-01T12:09:27.886+0300][65.930s][debug][gc] GC(1767) Reclaimed 122 empty regions
[2020-08-01T12:09:27.886+0300][65.930s][info ][gc] GC(1767) Pause Remark 240M->118M(512M) 0.623ms
[2020-08-01T12:09:27.940+0300][65.984s][info ][gc] GC(1768) Pause Young (Normal) (G1 Evacuation Pause) 169M->156M(512M) 32.818ms
[2020-08-01T12:09:27.942+0300][65.986s][info ][gc] GC(1767) Pause Cleanup 162M->162M(512M) 0.088ms
[2020-08-01T12:09:27.943+0300][65.987s][info ][gc] GC(1767) Concurrent Cycle 73.484ms
[2020-08-01T12:09:27.977+0300][66.021s][info ][gc] GC(1769) Pause Young (Concurrent Start) (G1 Humongous Allocation) 186M->188M(512M) 24.704ms
[2020-08-01T12:09:27.977+0300][66.021s][info ][gc] GC(1770) Concurrent Cycle
[2020-08-01T12:09:27.992+0300][66.036s][debug][gc] GC(1770) Reclaimed 124 empty regions
[2020-08-01T12:09:27.992+0300][66.036s][info ][gc] GC(1770) Pause Remark 240M->116M(512M) 0.630ms
[2020-08-01T12:09:28.046+0300][66.090s][info ][gc] GC(1771) Pause Young (Normal) (G1 Evacuation Pause) 168M->155M(512M) 32.801ms
[2020-08-01T12:09:28.048+0300][66.092s][info ][gc] GC(1770) Pause Cleanup 161M->161M(512M) 0.090ms
[2020-08-01T12:09:28.049+0300][66.093s][info ][gc] GC(1770) Concurrent Cycle 72.219ms
[2020-08-01T12:09:28.086+0300][66.130s][info ][gc] GC(1772) Pause Young (Concurrent Start) (G1 Humongous Allocation) 186M->187M(512M) 27.529ms
[2020-08-01T12:09:28.086+0300][66.130s][info ][gc] GC(1773) Concurrent Cycle
[2020-08-01T12:09:28.102+0300][66.146s][debug][gc] GC(1773) Reclaimed 122 empty regions
[2020-08-01T12:09:28.102+0300][66.146s][info ][gc] GC(1773) Pause Remark 240M->118M(512M) 0.581ms
[2020-08-01T12:09:28.158+0300][66.202s][info ][gc] GC(1774) Pause Young (Normal) (G1 Evacuation Pause) 169M->156M(512M) 34.932ms
[2020-08-01T12:09:28.160+0300][66.204s][info ][gc] GC(1773) Pause Cleanup 162M->162M(512M) 0.084ms
[2020-08-01T12:09:28.161+0300][66.205s][info ][gc] GC(1773) Concurrent Cycle 74.549ms
[2020-08-01T12:09:28.198+0300][66.242s][info ][gc] GC(1775) Pause Young (Concurrent Start) (G1 Humongous Allocation) 187M->189M(512M) 27.832ms
[2020-08-01T12:09:28.198+0300][66.242s][info ][gc] GC(1776) Concurrent Cycle
[2020-08-01T12:09:28.214+0300][66.258s][debug][gc] GC(1776) Reclaimed 124 empty regions
[2020-08-01T12:09:28.214+0300][66.258s][info ][gc] GC(1776) Pause Remark 242M->118M(512M) 0.593ms
[2020-08-01T12:09:28.272+0300][66.316s][info ][gc] GC(1777) Pause Young (Normal) (G1 Evacuation Pause) 169M->156M(512M) 36.425ms
[2020-08-01T12:09:28.275+0300][66.318s][info ][gc] GC(1776) Pause Cleanup 161M->161M(512M) 0.129ms
[2020-08-01T12:09:28.275+0300][66.319s][info ][gc] GC(1776) Concurrent Cycle 76.972ms
[2020-08-01T12:09:28.316+0300][66.360s][info ][gc] GC(1778) Pause Young (Concurrent Start) (G1 Humongous Allocation) 187M->188M(512M) 29.192ms
[2020-08-01T12:09:28.316+0300][66.360s][info ][gc] GC(1779) Concurrent Cycle
[2020-08-01T12:09:28.335+0300][66.379s][debug][gc] GC(1779) Reclaimed 123 empty regions
[2020-08-01T12:09:28.335+0300][66.379s][info ][gc] GC(1779) Pause Remark 239M->116M(512M) 1.123ms
[2020-08-01T12:09:28.395+0300][66.439s][info ][gc] GC(1780) Pause Young (Normal) (G1 Evacuation Pause) 169M->156M(512M) 36.522ms
[2020-08-01T12:09:28.395+0300][66.439s][info ][gc] GC(1779) Pause Cleanup 157M->157M(512M) 0.079ms
[2020-08-01T12:09:28.396+0300][66.440s][info ][gc] GC(1779) Concurrent Cycle 80.227ms
[2020-08-01T12:09:28.434+0300][66.477s][info ][gc] GC(1781) Pause Young (Concurrent Start) (G1 Humongous Allocation) 187M->189M(512M) 26.287ms
[2020-08-01T12:09:28.434+0300][66.478s][info ][gc] GC(1782) Concurrent Cycle
[2020-08-01T12:09:28.450+0300][66.493s][debug][gc] GC(1782) Reclaimed 124 empty regions
[2020-08-01T12:09:28.450+0300][66.493s][info ][gc] GC(1782) Pause Remark 241M->117M(512M) 0.610ms
[2020-08-01T12:09:28.507+0300][66.551s][info ][gc] GC(1783) Pause Young (Normal) (G1 Evacuation Pause) 169M->155M(512M) 36.890ms
[2020-08-01T12:09:28.510+0300][66.553s][info ][gc] GC(1782) Pause Cleanup 160M->160M(512M) 0.086ms
[2020-08-01T12:09:28.510+0300][66.554s][info ][gc] GC(1782) Concurrent Cycle 76.408ms
[2020-08-01T12:09:28.549+0300][66.593s][info ][gc] GC(1784) Pause Young (Concurrent Start) (G1 Humongous Allocation) 186M->187M(512M) 28.600ms
[2020-08-01T12:09:28.549+0300][66.593s][info ][gc] GC(1785) Concurrent Cycle
[2020-08-01T12:09:28.566+0300][66.610s][debug][gc] GC(1785) Reclaimed 123 empty regions
[2020-08-01T12:09:28.566+0300][66.610s][info ][gc] GC(1785) Pause Remark 240M->117M(512M) 0.714ms
[2020-08-01T12:09:28.620+0300][66.663s][info ][gc] GC(1786) Pause Young (Normal) (G1 Evacuation Pause) 168M->156M(512M) 32.727ms
[2020-08-01T12:09:28.623+0300][66.667s][info ][gc] GC(1785) Pause Cleanup 163M->163M(512M) 0.115ms
[2020-08-01T12:09:28.624+0300][66.667s][info ][gc] GC(1785) Concurrent Cycle 74.524ms
[2020-08-01T12:09:28.658+0300][66.702s][info ][gc] GC(1787) Pause Young (Concurrent Start) (G1 Humongous Allocation) 187M->187M(512M) 25.538ms
[2020-08-01T12:09:28.658+0300][66.702s][info ][gc] GC(1788) Concurrent Cycle
[2020-08-01T12:09:28.676+0300][66.719s][debug][gc] GC(1788) Reclaimed 123 empty regions
[2020-08-01T12:09:28.676+0300][66.719s][info ][gc] GC(1788) Pause Remark 242M->119M(512M) 0.662ms
[2020-08-01T12:09:28.730+0300][66.773s][info ][gc] GC(1789) Pause Young (Normal) (G1 Evacuation Pause) 168M->156M(512M) 34.095ms
[2020-08-01T12:09:28.733+0300][66.777s][info ][gc] GC(1788) Pause Cleanup 164M->164M(512M) 0.092ms
[2020-08-01T12:09:28.733+0300][66.777s][info ][gc] GC(1788) Concurrent Cycle 75.172ms
[2020-08-01T12:09:28.767+0300][66.811s][info ][gc] GC(1790) Pause Young (Concurrent Start) (G1 Humongous Allocation) 187M->188M(512M) 25.030ms
[2020-08-01T12:09:28.767+0300][66.811s][info ][gc] GC(1791) Concurrent Cycle
[2020-08-01T12:09:28.785+0300][66.828s][debug][gc] GC(1791) Reclaimed 123 empty regions
[2020-08-01T12:09:28.785+0300][66.828s][info ][gc] GC(1791) Pause Remark 243M->120M(512M) 0.762ms
[2020-08-01T12:09:28.837+0300][66.881s][info ][gc] GC(1792) Pause Young (Normal) (G1 Evacuation Pause) 169M->156M(512M) 32.849ms
[2020-08-01T12:09:28.841+0300][66.885s][info ][gc] GC(1791) Pause Cleanup 164M->164M(512M) 0.079ms
[2020-08-01T12:09:28.842+0300][66.885s][info ][gc] GC(1791) Concurrent Cycle 74.197ms
[2020-08-01T12:09:28.876+0300][66.920s][info ][gc] GC(1793) Pause Young (Concurrent Start) (G1 Humongous Allocation) 187M->188M(512M) 25.623ms
[2020-08-01T12:09:28.876+0300][66.920s][info ][gc] GC(1794) Concurrent Cycle
[2020-08-01T12:09:28.892+0300][66.936s][debug][gc] GC(1794) Reclaimed 123 empty regions
[2020-08-01T12:09:28.892+0300][66.936s][info ][gc] GC(1794) Pause Remark 242M->119M(512M) 0.629ms
[2020-08-01T12:09:28.944+0300][66.988s][info ][gc] GC(1795) Pause Young (Normal) (G1 Evacuation Pause) 169M->156M(512M) 31.600ms
[2020-08-01T12:09:28.946+0300][66.990s][info ][gc] GC(1794) Pause Cleanup 163M->163M(512M) 0.083ms
[2020-08-01T12:09:28.947+0300][66.991s][info ][gc] GC(1794) Concurrent Cycle 70.876ms
[2020-08-01T12:09:28.982+0300][67.026s][info ][gc] GC(1796) Pause Young (Concurrent Start) (G1 Humongous Allocation) 187M->188M(512M) 25.410ms
[2020-08-01T12:09:28.982+0300][67.026s][info ][gc] GC(1797) Concurrent Cycle
[2020-08-01T12:09:28.999+0300][67.043s][debug][gc] GC(1797) Reclaimed 124 empty regions
[2020-08-01T12:09:28.999+0300][67.043s][info ][gc] GC(1797) Pause Remark 242M->118M(512M) 0.600ms
[2020-08-01T12:09:29.054+0300][67.097s][info ][gc] GC(1798) Pause Young (Normal) (G1 Evacuation Pause) 168M->156M(512M) 33.932ms
[2020-08-01T12:09:29.057+0300][67.100s][info ][gc] GC(1797) Pause Cleanup 163M->163M(512M) 0.111ms
[2020-08-01T12:09:29.057+0300][67.101s][info ][gc] GC(1797) Concurrent Cycle 75.390ms
[2020-08-01T12:09:29.092+0300][67.136s][info ][gc] GC(1799) Pause Young (Concurrent Start) (G1 Humongous Allocation) 187M->188M(512M) 25.562ms
[2020-08-01T12:09:29.092+0300][67.136s][info ][gc] GC(1800) Concurrent Cycle
[2020-08-01T12:09:29.108+0300][67.151s][debug][gc] GC(1800) Reclaimed 123 empty regions
[2020-08-01T12:09:29.108+0300][67.151s][info ][gc] GC(1800) Pause Remark 241M->118M(512M) 0.598ms
[2020-08-01T12:09:29.161+0300][67.205s][info ][gc] GC(1801) Pause Young (Normal) (G1 Evacuation Pause) 169M->156M(512M) 33.350ms
[2020-08-01T12:09:29.164+0300][67.208s][info ][gc] GC(1800) Pause Cleanup 162M->162M(512M) 0.080ms
[2020-08-01T12:09:29.164+0300][67.208s][info ][gc] GC(1800) Concurrent Cycle 72.312ms
[2020-08-01T12:09:29.199+0300][67.243s][info ][gc] GC(1802) Pause Young (Concurrent Start) (G1 Humongous Allocation) 187M->188M(512M) 25.136ms
[2020-08-01T12:09:29.199+0300][67.243s][info ][gc] GC(1803) Concurrent Cycle
[2020-08-01T12:09:29.216+0300][67.259s][debug][gc] GC(1803) Reclaimed 123 empty regions
[2020-08-01T12:09:29.216+0300][67.259s][info ][gc] GC(1803) Pause Remark 241M->118M(512M) 0.646ms
[2020-08-01T12:09:29.269+0300][67.313s][info ][gc] GC(1804) Pause Young (Normal) (G1 Evacuation Pause) 169M->157M(512M) 32.710ms
[2020-08-01T12:09:29.272+0300][67.316s][info ][gc] GC(1803) Pause Cleanup 163M->163M(512M) 0.153ms
[2020-08-01T12:09:29.273+0300][67.317s][info ][gc] GC(1803) Concurrent Cycle 74.052ms
[2020-08-01T12:09:29.308+0300][67.351s][info ][gc] GC(1805) Pause Young (Concurrent Start) (G1 Humongous Allocation) 188M->189M(512M) 25.567ms
[2020-08-01T12:09:29.308+0300][67.351s][info ][gc] GC(1806) Concurrent Cycle
[2020-08-01T12:09:29.325+0300][67.369s][debug][gc] GC(1806) Reclaimed 124 empty regions
[2020-08-01T12:09:29.325+0300][67.369s][info ][gc] GC(1806) Pause Remark 242M->118M(512M) 0.651ms
[2020-08-01T12:09:29.380+0300][67.424s][info ][gc] GC(1807) Pause Young (Normal) (G1 Evacuation Pause) 168M->155M(512M) 33.959ms
[2020-08-01T12:09:29.382+0300][67.426s][info ][gc] GC(1806) Pause Cleanup 156M->156M(512M) 0.106ms
[2020-08-01T12:09:29.383+0300][67.427s][info ][gc] GC(1806) Concurrent Cycle 75.400ms
[2020-08-01T12:09:29.424+0300][67.468s][info ][gc] GC(1808) Pause Young (Concurrent Start) (G1 Humongous Allocation) 187M->188M(512M) 28.829ms
[2020-08-01T12:09:29.424+0300][67.468s][info ][gc] GC(1809) Concurrent Cycle
[2020-08-01T12:09:29.442+0300][67.485s][debug][gc] GC(1809) Reclaimed 123 empty regions
[2020-08-01T12:09:29.442+0300][67.485s][info ][gc] GC(1809) Pause Remark 241M->118M(512M) 0.596ms
[2020-08-01T12:09:29.496+0300][67.539s][info ][gc] GC(1810) Pause Young (Normal) (G1 Evacuation Pause) 169M->157M(512M) 33.410ms
[2020-08-01T12:09:29.499+0300][67.543s][info ][gc] GC(1809) Pause Cleanup 163M->163M(512M) 0.119ms
[2020-08-01T12:09:29.500+0300][67.544s][info ][gc] GC(1809) Concurrent Cycle 75.335ms
[2020-08-01T12:09:29.539+0300][67.583s][info ][gc] GC(1811) Pause Young (Concurrent Start) (G1 Humongous Allocation) 188M->189M(512M) 29.883ms
[2020-08-01T12:09:29.539+0300][67.583s][info ][gc] GC(1812) Concurrent Cycle
[2020-08-01T12:09:29.555+0300][67.599s][debug][gc] GC(1812) Reclaimed 124 empty regions
[2020-08-01T12:09:29.555+0300][67.599s][info ][gc] GC(1812) Pause Remark 241M->117M(512M) 0.593ms
[2020-08-01T12:09:29.609+0300][67.653s][info ][gc] GC(1813) Pause Young (Normal) (G1 Evacuation Pause) 169M->157M(512M) 33.266ms
[2020-08-01T12:09:29.612+0300][67.656s][info ][gc] GC(1812) Pause Cleanup 163M->163M(512M) 0.085ms
[2020-08-01T12:09:29.612+0300][67.656s][info ][gc] GC(1812) Concurrent Cycle 72.918ms
[2020-08-01T12:09:29.648+0300][67.692s][info ][gc] GC(1814) Pause Young (Concurrent Start) (G1 Humongous Allocation) 188M->189M(512M) 26.604ms
[2020-08-01T12:09:29.648+0300][67.692s][info ][gc] GC(1815) Concurrent Cycle
[2020-08-01T12:09:29.667+0300][67.711s][debug][gc] GC(1815) Reclaimed 124 empty regions
[2020-08-01T12:09:29.667+0300][67.711s][info ][gc] GC(1815) Pause Remark 244M->120M(512M) 0.598ms
[2020-08-01T12:09:29.721+0300][67.765s][info ][gc] GC(1816) Pause Young (Normal) (G1 Evacuation Pause) 169M->157M(512M) 34.044ms
[2020-08-01T12:09:29.724+0300][67.768s][info ][gc] GC(1815) Pause Cleanup 165M->165M(512M) 0.108ms
[2020-08-01T12:09:29.725+0300][67.769s][info ][gc] GC(1815) Concurrent Cycle 76.566ms
[2020-08-01T12:09:29.761+0300][67.805s][info ][gc] GC(1817) Pause Young (Concurrent Start) (G1 Humongous Allocation) 188M->189M(512M) 26.819ms
[2020-08-01T12:09:29.761+0300][67.805s][info ][gc] GC(1818) Concurrent Cycle
[2020-08-01T12:09:29.776+0300][67.820s][debug][gc] GC(1818) Reclaimed 124 empty regions
[2020-08-01T12:09:29.777+0300][67.820s][info ][gc] GC(1818) Pause Remark 241M->117M(512M) 0.629ms
[2020-08-01T12:09:29.829+0300][67.872s][info ][gc] GC(1819) Pause Young (Normal) (G1 Evacuation Pause) 169M->157M(512M) 31.407ms
[2020-08-01T12:09:29.831+0300][67.875s][info ][gc] GC(1818) Pause Cleanup 163M->163M(512M) 0.080ms
[2020-08-01T12:09:29.831+0300][67.875s][info ][gc] GC(1818) Concurrent Cycle 70.620ms
[2020-08-01T12:09:29.866+0300][67.910s][info ][gc] GC(1820) Pause Young (Concurrent Start) (G1 Humongous Allocation) 188M->189M(512M) 25.364ms
[2020-08-01T12:09:29.866+0300][67.910s][info ][gc] GC(1821) Concurrent Cycle
[2020-08-01T12:09:29.883+0300][67.927s][debug][gc] GC(1821) Reclaimed 124 empty regions
[2020-08-01T12:09:29.884+0300][67.927s][info ][gc] GC(1821) Pause Remark 243M->119M(512M) 0.678ms
[2020-08-01T12:09:29.936+0300][67.980s][info ][gc] GC(1822) Pause Young (Normal) (G1 Evacuation Pause) 169M->156M(512M) 32.490ms
[2020-08-01T12:09:29.940+0300][67.983s][info ][gc] GC(1821) Pause Cleanup 164M->164M(512M) 0.100ms
[2020-08-01T12:09:29.940+0300][67.984s][info ][gc] GC(1821) Concurrent Cycle 73.871ms
[2020-08-01T12:09:29.976+0300][68.020s][info ][gc] GC(1823) Pause Young (Concurrent Start) (G1 Humongous Allocation) 187M->189M(512M) 26.944ms
[2020-08-01T12:09:29.976+0300][68.020s][info ][gc] GC(1824) Concurrent Cycle
[2020-08-01T12:09:29.992+0300][68.036s][debug][gc] GC(1824) Reclaimed 124 empty regions
[2020-08-01T12:09:29.992+0300][68.036s][info ][gc] GC(1824) Pause Remark 242M->118M(512M) 0.740ms
[2020-08-01T12:09:30.052+0300][68.096s][info ][gc] GC(1825) Pause Young (Normal) (G1 Evacuation Pause) 169M->157M(512M) 38.665ms
[2020-08-01T12:09:30.054+0300][68.098s][info ][gc] GC(1824) Pause Cleanup 161M->161M(512M) 0.102ms
[2020-08-01T12:09:30.055+0300][68.099s][info ][gc] GC(1824) Concurrent Cycle 79.046ms
[2020-08-01T12:09:30.095+0300][68.139s][info ][gc] GC(1826) Pause Young (Concurrent Start) (G1 Humongous Allocation) 188M->189M(512M) 30.346ms
[2020-08-01T12:09:30.096+0300][68.139s][info ][gc] GC(1827) Concurrent Cycle
[2020-08-01T12:09:30.115+0300][68.158s][debug][gc] GC(1827) Reclaimed 124 empty regions
[2020-08-01T12:09:30.115+0300][68.158s][info ][gc] GC(1827) Pause Remark 242M->118M(512M) 0.683ms
[2020-08-01T12:09:30.179+0300][68.222s][info ][gc] GC(1828) Pause Young (Normal) (G1 Evacuation Pause) 169M->156M(512M) 42.331ms
[2020-08-01T12:09:30.183+0300][68.227s][info ][gc] GC(1827) Pause Cleanup 157M->157M(512M) 0.124ms
[2020-08-01T12:09:30.184+0300][68.228s][info ][gc] GC(1827) Concurrent Cycle 88.913ms
[2020-08-01T12:09:30.231+0300][68.275s][info ][gc] GC(1829) Pause Young (Concurrent Start) (G1 Humongous Allocation) 187M->189M(512M) 34.293ms
[2020-08-01T12:09:30.231+0300][68.275s][info ][gc] GC(1830) Concurrent Cycle
[2020-08-01T12:09:30.248+0300][68.291s][debug][gc] GC(1830) Reclaimed 124 empty regions
[2020-08-01T12:09:30.248+0300][68.291s][info ][gc] GC(1830) Pause Remark 240M->116M(512M) 0.697ms
[2020-08-01T12:09:30.306+0300][68.350s][info ][gc] GC(1831) Pause Young (Normal) (G1 Evacuation Pause) 169M->156M(512M) 35.159ms
[2020-08-01T12:09:30.307+0300][68.350s][info ][gc] GC(1830) Pause Cleanup 157M->157M(512M) 0.080ms
[2020-08-01T12:09:30.307+0300][68.351s][info ][gc] GC(1830) Concurrent Cycle 76.315ms
[2020-08-01T12:09:30.346+0300][68.390s][info ][gc] GC(1832) Pause Young (Concurrent Start) (G1 Humongous Allocation) 187M->188M(512M) 26.841ms
[2020-08-01T12:09:30.346+0300][68.390s][info ][gc] GC(1833) Concurrent Cycle
[2020-08-01T12:09:30.363+0300][68.407s][debug][gc] GC(1833) Reclaimed 123 empty regions
[2020-08-01T12:09:30.363+0300][68.407s][info ][gc] GC(1833) Pause Remark 240M->117M(512M) 0.684ms
[2020-08-01T12:09:30.418+0300][68.462s][info ][gc] GC(1834) Pause Young (Normal) (G1 Evacuation Pause) 169M->156M(512M) 33.946ms
[2020-08-01T12:09:30.420+0300][68.464s][info ][gc] GC(1833) Pause Cleanup 161M->161M(512M) 0.080ms
[2020-08-01T12:09:30.421+0300][68.465s][info ][gc] GC(1833) Concurrent Cycle 74.841ms
[2020-08-01T12:09:30.457+0300][68.500s][info ][gc] GC(1835) Pause Young (Concurrent Start) (G1 Humongous Allocation) 187M->188M(512M) 25.799ms
[2020-08-01T12:09:30.457+0300][68.501s][info ][gc] GC(1836) Concurrent Cycle
[2020-08-01T12:09:30.472+0300][68.516s][debug][gc] GC(1836) Reclaimed 123 empty regions
[2020-08-01T12:09:30.472+0300][68.516s][info ][gc] GC(1836) Pause Remark 240M->117M(512M) 0.625ms
[2020-08-01T12:09:30.534+0300][68.578s][info ][gc] GC(1837) Pause Young (Normal) (G1 Evacuation Pause) 169M->156M(512M) 39.638ms
[2020-08-01T12:09:30.537+0300][68.581s][info ][gc] GC(1836) Pause Cleanup 161M->161M(512M) 0.133ms
[2020-08-01T12:09:30.538+0300][68.582s][info ][gc] GC(1836) Concurrent Cycle 81.116ms
[2020-08-01T12:09:30.575+0300][68.619s][info ][gc] GC(1838) Pause Young (Concurrent Start) (G1 Humongous Allocation) 187M->189M(512M) 27.275ms
[2020-08-01T12:09:30.575+0300][68.619s][info ][gc] GC(1839) Concurrent Cycle
[2020-08-01T12:09:30.592+0300][68.636s][debug][gc] GC(1839) Reclaimed 124 empty regions
[2020-08-01T12:09:30.592+0300][68.636s][info ][gc] GC(1839) Pause Remark 243M->119M(512M) 0.701ms
[2020-08-01T12:09:30.656+0300][68.700s][info ][gc] GC(1840) Pause Young (Normal) (G1 Evacuation Pause) 169M->156M(512M) 42.993ms
[2020-08-01T12:09:30.659+0300][68.703s][info ][gc] GC(1839) Pause Cleanup 163M->163M(512M) 0.087ms
[2020-08-01T12:09:30.659+0300][68.703s][info ][gc] GC(1839) Concurrent Cycle 84.383ms
[2020-08-01T12:09:30.699+0300][68.742s][info ][gc] GC(1841) Pause Young (Concurrent Start) (G1 Humongous Allocation) 187M->188M(512M) 29.543ms
[2020-08-01T12:09:30.699+0300][68.742s][info ][gc] GC(1842) Concurrent Cycle
[2020-08-01T12:09:30.717+0300][68.761s][debug][gc] GC(1842) Reclaimed 124 empty regions
[2020-08-01T12:09:30.717+0300][68.761s][info ][gc] GC(1842) Pause Remark 243M->119M(512M) 0.701ms
[2020-08-01T12:09:30.779+0300][68.822s][info ][gc] GC(1843) Pause Young (Normal) (G1 Evacuation Pause) 168M->156M(512M) 39.020ms
[2020-08-01T12:09:30.781+0300][68.825s][info ][gc] GC(1842) Pause Cleanup 160M->160M(512M) 0.157ms
[2020-08-01T12:09:30.782+0300][68.826s][info ][gc] GC(1842) Concurrent Cycle 83.277ms
[2020-08-01T12:09:30.822+0300][68.866s][info ][gc] GC(1844) Pause Young (Concurrent Start) (G1 Humongous Allocation) 187M->188M(512M) 29.851ms
[2020-08-01T12:09:30.822+0300][68.866s][info ][gc] GC(1845) Concurrent Cycle
[2020-08-01T12:09:30.839+0300][68.883s][debug][gc] GC(1845) Reclaimed 123 empty regions
[2020-08-01T12:09:30.839+0300][68.883s][info ][gc] GC(1845) Pause Remark 243M->120M(512M) 0.795ms
[2020-08-01T12:09:30.895+0300][68.938s][info ][gc] GC(1846) Pause Young (Normal) (G1 Evacuation Pause) 169M->157M(512M) 33.852ms
[2020-08-01T12:09:30.897+0300][68.941s][info ][gc] GC(1845) Pause Cleanup 163M->163M(512M) 0.084ms
[2020-08-01T12:09:30.898+0300][68.942s][info ][gc] GC(1845) Concurrent Cycle 75.327ms
[2020-08-01T12:09:30.933+0300][68.977s][info ][gc] GC(1847) Pause Young (Concurrent Start) (G1 Humongous Allocation) 188M->189M(512M) 26.175ms
[2020-08-01T12:09:30.933+0300][68.977s][info ][gc] GC(1848) Concurrent Cycle
[2020-08-01T12:09:30.949+0300][68.993s][debug][gc] GC(1848) Reclaimed 124 empty regions
[2020-08-01T12:09:30.949+0300][68.993s][info ][gc] GC(1848) Pause Remark 242M->118M(512M) 0.595ms
[2020-08-01T12:09:31.005+0300][69.049s][info ][gc] GC(1849) Pause Young (Normal) (G1 Evacuation Pause) 169M->156M(512M) 34.961ms
[2020-08-01T12:09:31.008+0300][69.052s][info ][gc] GC(1848) Pause Cleanup 163M->163M(512M) 0.115ms
[2020-08-01T12:09:31.009+0300][69.052s][info ][gc] GC(1848) Concurrent Cycle 75.336ms
[2020-08-01T12:09:31.045+0300][69.089s][info ][gc] GC(1850) Pause Young (Concurrent Start) (G1 Humongous Allocation) 187M->188M(512M) 27.152ms
[2020-08-01T12:09:31.045+0300][69.089s][info ][gc] GC(1851) Concurrent Cycle
[2020-08-01T12:09:31.062+0300][69.106s][debug][gc] GC(1851) Reclaimed 124 empty regions
[2020-08-01T12:09:31.062+0300][69.106s][info ][gc] GC(1851) Pause Remark 241M->117M(512M) 0.660ms
[2020-08-01T12:09:31.117+0300][69.161s][info ][gc] GC(1852) Pause Young (Normal) (G1 Evacuation Pause) 168M->155M(512M) 34.243ms
[2020-08-01T12:09:31.119+0300][69.163s][info ][gc] GC(1851) Pause Cleanup 161M->161M(512M) 0.087ms
[2020-08-01T12:09:31.120+0300][69.164s][info ][gc] GC(1851) Concurrent Cycle 74.823ms
[2020-08-01T12:09:31.157+0300][69.200s][info ][gc] GC(1853) Pause Young (Concurrent Start) (G1 Humongous Allocation) 186M->188M(512M) 26.900ms
[2020-08-01T12:09:31.157+0300][69.200s][info ][gc] GC(1854) Concurrent Cycle
[2020-08-01T12:09:31.172+0300][69.216s][debug][gc] GC(1854) Reclaimed 123 empty regions
[2020-08-01T12:09:31.172+0300][69.216s][info ][gc] GC(1854) Pause Remark 241M->118M(512M) 0.586ms
[2020-08-01T12:09:31.228+0300][69.272s][info ][gc] GC(1855) Pause Young (Normal) (G1 Evacuation Pause) 169M->156M(512M) 35.625ms
[2020-08-01T12:09:31.231+0300][69.275s][info ][gc] GC(1854) Pause Cleanup 163M->163M(512M) 0.089ms
[2020-08-01T12:09:31.232+0300][69.276s][info ][gc] GC(1854) Concurrent Cycle 75.426ms
[2020-08-01T12:09:31.267+0300][69.311s][info ][gc] GC(1856) Pause Young (Concurrent Start) (G1 Humongous Allocation) 187M->187M(512M) 25.864ms
[2020-08-01T12:09:31.267+0300][69.311s][info ][gc] GC(1857) Concurrent Cycle
[2020-08-01T12:09:31.284+0300][69.328s][debug][gc] GC(1857) Reclaimed 123 empty regions
[2020-08-01T12:09:31.284+0300][69.328s][info ][gc] GC(1857) Pause Remark 241M->118M(512M) 0.717ms
[2020-08-01T12:09:31.337+0300][69.381s][info ][gc] GC(1858) Pause Young (Normal) (G1 Evacuation Pause) 168M->155M(512M) 33.480ms
[2020-08-01T12:09:31.341+0300][69.385s][info ][gc] GC(1857) Pause Cleanup 160M->160M(512M) 0.103ms
[2020-08-01T12:09:31.342+0300][69.385s][info ][gc] GC(1857) Concurrent Cycle 74.400ms
[2020-08-01T12:09:31.377+0300][69.421s][info ][gc] GC(1859) Pause Young (Concurrent Start) (G1 Humongous Allocation) 186M->187M(512M) 25.446ms
[2020-08-01T12:09:31.377+0300][69.421s][info ][gc] GC(1860) Concurrent Cycle
[2020-08-01T12:09:31.393+0300][69.437s][debug][gc] GC(1860) Reclaimed 123 empty regions
[2020-08-01T12:09:31.393+0300][69.437s][info ][gc] GC(1860) Pause Remark 240M->117M(512M) 0.621ms
[2020-08-01T12:09:31.448+0300][69.492s][info ][gc] GC(1861) Pause Young (Normal) (G1 Evacuation Pause) 169M->156M(512M) 34.463ms
[2020-08-01T12:09:31.451+0300][69.495s][info ][gc] GC(1860) Pause Cleanup 163M->163M(512M) 0.117ms
[2020-08-01T12:09:31.452+0300][69.496s][info ][gc] GC(1860) Concurrent Cycle 75.007ms
[2020-08-01T12:09:31.492+0300][69.536s][info ][gc] GC(1862) Pause Young (Concurrent Start) (G1 Humongous Allocation) 186M->187M(512M) 31.130ms
[2020-08-01T12:09:31.492+0300][69.536s][info ][gc] GC(1863) Concurrent Cycle
[2020-08-01T12:09:31.511+0300][69.555s][debug][gc] GC(1863) Reclaimed 124 empty regions
[2020-08-01T12:09:31.511+0300][69.555s][info ][gc] GC(1863) Pause Remark 233M->109M(512M) 0.700ms
[2020-08-01T12:09:31.536+0300][69.579s][info ][gc] GC(1863) Pause Cleanup 160M->160M(512M) 0.170ms
[2020-08-01T12:09:31.536+0300][69.580s][info ][gc] GC(1863) Concurrent Cycle 44.026ms
[2020-08-01T12:09:31.573+0300][69.617s][info ][gc] GC(1864) Pause Young (Normal) (G1 Evacuation Pause) 167M->155M(512M) 33.959ms
[2020-08-01T12:09:31.604+0300][69.648s][info ][gc] GC(1865) Pause Young (Concurrent Start) (G1 Humongous Allocation) 186M->186M(512M) 19.091ms
[2020-08-01T12:09:31.604+0300][69.648s][info ][gc] GC(1866) Concurrent Cycle
[2020-08-01T12:09:31.621+0300][69.665s][debug][gc] GC(1866) Reclaimed 122 empty regions
[2020-08-01T12:09:31.621+0300][69.665s][info ][gc] GC(1866) Pause Remark 240M->118M(512M) 0.635ms
[2020-08-01T12:09:31.679+0300][69.722s][info ][gc] GC(1867) Pause Young (Normal) (G1 Evacuation Pause) 169M->157M(512M) 36.152ms
[2020-08-01T12:09:31.682+0300][69.726s][info ][gc] GC(1866) Pause Cleanup 163M->163M(512M) 0.143ms
[2020-08-01T12:09:31.683+0300][69.727s][info ][gc] GC(1866) Concurrent Cycle 78.338ms
[2020-08-01T12:09:31.721+0300][69.764s][info ][gc] GC(1868) Pause Young (Concurrent Start) (G1 Humongous Allocation) 187M->188M(512M) 28.285ms
[2020-08-01T12:09:31.721+0300][69.764s][info ][gc] GC(1869) Concurrent Cycle
[2020-08-01T12:09:31.737+0300][69.781s][debug][gc] GC(1869) Reclaimed 124 empty regions
[2020-08-01T12:09:31.737+0300][69.781s][info ][gc] GC(1869) Pause Remark 240M->116M(512M) 0.625ms
[2020-08-01T12:09:31.795+0300][69.839s][info ][gc] GC(1870) Pause Young (Normal) (G1 Evacuation Pause) 168M->155M(512M) 36.164ms
[2020-08-01T12:09:31.796+0300][69.840s][info ][gc] GC(1869) Pause Cleanup 158M->158M(512M) 0.077ms
[2020-08-01T12:09:31.797+0300][69.841s][info ][gc] GC(1869) Concurrent Cycle 76.103ms
[2020-08-01T12:09:31.835+0300][69.879s][info ][gc] GC(1871) Pause Young (Concurrent Start) (G1 Humongous Allocation) 186M->187M(512M) 27.751ms
[2020-08-01T12:09:31.835+0300][69.879s][info ][gc] GC(1872) Concurrent Cycle
[2020-08-01T12:09:31.851+0300][69.895s][debug][gc] GC(1872) Reclaimed 123 empty regions
[2020-08-01T12:09:31.851+0300][69.895s][info ][gc] GC(1872) Pause Remark 240M->117M(512M) 0.804ms
[2020-08-01T12:09:31.905+0300][69.949s][info ][gc] GC(1873) Pause Young (Normal) (G1 Evacuation Pause) 168M->156M(512M) 33.884ms
[2020-08-01T12:09:31.909+0300][69.952s][info ][gc] GC(1872) Pause Cleanup 162M->162M(512M) 0.117ms
[2020-08-01T12:09:31.909+0300][69.953s][info ][gc] GC(1872) Concurrent Cycle 74.002ms
[2020-08-01T12:09:31.946+0300][69.989s][info ][gc] GC(1874) Pause Young (Concurrent Start) (G1 Humongous Allocation) 187M->189M(512M) 26.679ms
[2020-08-01T12:09:31.946+0300][69.989s][info ][gc] GC(1875) Concurrent Cycle
[2020-08-01T12:09:31.962+0300][70.006s][debug][gc] GC(1875) Reclaimed 124 empty regions
[2020-08-01T12:09:31.962+0300][70.006s][info ][gc] GC(1875) Pause Remark 244M->120M(512M) 0.601ms
[2020-08-01T12:09:32.017+0300][70.061s][info ][gc] GC(1876) Pause Young (Normal) (G1 Evacuation Pause) 169M->156M(512M) 35.339ms
[2020-08-01T12:09:32.020+0300][70.064s][info ][gc] GC(1875) Pause Cleanup 162M->162M(512M) 0.077ms
[2020-08-01T12:09:32.021+0300][70.064s][info ][gc] GC(1875) Concurrent Cycle 75.054ms
[2020-08-01T12:09:32.056+0300][70.100s][info ][gc] GC(1877) Pause Young (Concurrent Start) (G1 Humongous Allocation) 187M->188M(512M) 26.024ms
[2020-08-01T12:09:32.056+0300][70.100s][info ][gc] GC(1878) Concurrent Cycle
[2020-08-01T12:09:32.072+0300][70.116s][debug][gc] GC(1878) Reclaimed 124 empty regions
[2020-08-01T12:09:32.072+0300][70.116s][info ][gc] GC(1878) Pause Remark 240M->116M(512M) 0.601ms
[2020-08-01T12:09:32.126+0300][70.170s][info ][gc] GC(1879) Pause Young (Normal) (G1 Evacuation Pause) 168M->155M(512M) 33.235ms
[2020-08-01T12:09:32.128+0300][70.172s][info ][gc] GC(1878) Pause Cleanup 160M->160M(512M) 0.125ms
[2020-08-01T12:09:32.129+0300][70.173s][info ][gc] GC(1878) Concurrent Cycle 72.991ms
[2020-08-01T12:09:32.167+0300][70.211s][info ][gc] GC(1880) Pause Young (Concurrent Start) (G1 Humongous Allocation) 186M->187M(512M) 27.517ms
[2020-08-01T12:09:32.167+0300][70.211s][info ][gc] GC(1881) Concurrent Cycle
[2020-08-01T12:09:32.183+0300][70.227s][debug][gc] GC(1881) Reclaimed 122 empty regions
[2020-08-01T12:09:32.184+0300][70.227s][info ][gc] GC(1881) Pause Remark 241M->119M(512M) 0.594ms
[2020-08-01T12:09:32.237+0300][70.281s][info ][gc] GC(1882) Pause Young (Normal) (G1 Evacuation Pause) 169M->156M(512M) 33.289ms
[2020-08-01T12:09:32.240+0300][70.284s][info ][gc] GC(1881) Pause Cleanup 163M->163M(512M) 0.079ms
[2020-08-01T12:09:32.240+0300][70.284s][info ][gc] GC(1881) Concurrent Cycle 73.451ms
[2020-08-01T12:09:32.276+0300][70.319s][info ][gc] GC(1883) Pause Young (Concurrent Start) (G1 Humongous Allocation) 187M->188M(512M) 25.988ms
[2020-08-01T12:09:32.276+0300][70.319s][info ][gc] GC(1884) Concurrent Cycle
[2020-08-01T12:09:32.292+0300][70.335s][debug][gc] GC(1884) Reclaimed 124 empty regions
[2020-08-01T12:09:32.292+0300][70.335s][info ][gc] GC(1884) Pause Remark 240M->116M(512M) 0.658ms
[2020-08-01T12:09:32.349+0300][70.393s][info ][gc] GC(1885) Pause Young (Normal) (G1 Evacuation Pause) 168M->156M(512M) 33.400ms
[2020-08-01T12:09:32.349+0300][70.393s][info ][gc] GC(1884) Pause Cleanup 157M->157M(512M) 0.090ms
[2020-08-01T12:09:32.350+0300][70.394s][info ][gc] GC(1884) Concurrent Cycle 74.530ms
[2020-08-01T12:09:32.390+0300][70.434s][info ][gc] GC(1886) Pause Young (Concurrent Start) (G1 Humongous Allocation) 187M->188M(512M) 26.109ms
[2020-08-01T12:09:32.390+0300][70.434s][info ][gc] GC(1887) Concurrent Cycle
[2020-08-01T12:09:32.407+0300][70.451s][debug][gc] GC(1887) Reclaimed 123 empty regions
[2020-08-01T12:09:32.407+0300][70.451s][info ][gc] GC(1887) Pause Remark 240M->117M(512M) 0.669ms
[2020-08-01T12:09:32.463+0300][70.507s][info ][gc] GC(1888) Pause Young (Normal) (G1 Evacuation Pause) 169M->156M(512M) 35.257ms
[2020-08-01T12:09:32.466+0300][70.509s][info ][gc] GC(1887) Pause Cleanup 161M->161M(512M) 0.108ms
[2020-08-01T12:09:32.466+0300][70.510s][info ][gc] GC(1887) Concurrent Cycle 75.987ms
[2020-08-01T12:09:32.503+0300][70.547s][info ][gc] GC(1889) Pause Young (Concurrent Start) (G1 Humongous Allocation) 187M->188M(512M) 26.488ms
[2020-08-01T12:09:32.503+0300][70.547s][info ][gc] GC(1890) Concurrent Cycle
[2020-08-01T12:09:32.522+0300][70.566s][debug][gc] GC(1890) Reclaimed 123 empty regions
[2020-08-01T12:09:32.522+0300][70.566s][info ][gc] GC(1890) Pause Remark 239M->116M(512M) 0.734ms
[2020-08-01T12:09:32.581+0300][70.625s][info ][gc] GC(1891) Pause Young (Normal) (G1 Evacuation Pause) 169M->156M(512M) 35.328ms
[2020-08-01T12:09:32.581+0300][70.625s][info ][gc] GC(1890) Pause Cleanup 157M->157M(512M) 0.076ms
[2020-08-01T12:09:32.582+0300][70.626s][info ][gc] GC(1890) Concurrent Cycle 78.614ms
[2020-08-01T12:09:32.623+0300][70.667s][info ][gc] GC(1892) Pause Young (Concurrent Start) (G1 Humongous Allocation) 187M->189M(512M) 29.724ms
[2020-08-01T12:09:32.623+0300][70.667s][info ][gc] GC(1893) Concurrent Cycle
[2020-08-01T12:09:32.639+0300][70.683s][debug][gc] GC(1893) Reclaimed 124 empty regions
[2020-08-01T12:09:32.639+0300][70.683s][info ][gc] GC(1893) Pause Remark 241M->117M(512M) 0.594ms
[2020-08-01T12:09:32.696+0300][70.740s][info ][gc] GC(1894) Pause Young (Normal) (G1 Evacuation Pause) 169M->156M(512M) 33.972ms
[2020-08-01T12:09:32.699+0300][70.742s][info ][gc] GC(1893) Pause Cleanup 162M->162M(512M) 0.084ms
[2020-08-01T12:09:32.699+0300][70.743s][info ][gc] GC(1893) Concurrent Cycle 75.701ms
[2020-08-01T12:09:32.735+0300][70.779s][info ][gc] GC(1895) Pause Young (Concurrent Start) (G1 Humongous Allocation) 187M->188M(512M) 26.351ms
[2020-08-01T12:09:32.735+0300][70.779s][info ][gc] GC(1896) Concurrent Cycle
[2020-08-01T12:09:32.751+0300][70.795s][debug][gc] GC(1896) Reclaimed 123 empty regions
[2020-08-01T12:09:32.751+0300][70.795s][info ][gc] GC(1896) Pause Remark 240M->117M(512M) 0.702ms
[2020-08-01T12:09:32.805+0300][70.849s][info ][gc] GC(1897) Pause Young (Normal) (G1 Evacuation Pause) 169M->156M(512M) 33.474ms
[2020-08-01T12:09:32.807+0300][70.851s][info ][gc] GC(1896) Pause Cleanup 160M->160M(512M) 0.083ms
[2020-08-01T12:09:32.808+0300][70.852s][info ][gc] GC(1896) Concurrent Cycle 72.950ms
[2020-08-01T12:09:32.846+0300][70.889s][info ][gc] GC(1898) Pause Young (Concurrent Start) (G1 Humongous Allocation) 187M->189M(512M) 27.164ms
[2020-08-01T12:09:32.846+0300][70.889s][info ][gc] GC(1899) Concurrent Cycle
[2020-08-01T12:09:32.863+0300][70.906s][debug][gc] GC(1899) Reclaimed 123 empty regions
[2020-08-01T12:09:32.863+0300][70.907s][info ][gc] GC(1899) Pause Remark 242M->119M(512M) 0.594ms
[2020-08-01T12:09:32.920+0300][70.963s][info ][gc] GC(1900) Pause Young (Normal) (G1 Evacuation Pause) 170M->157M(512M) 36.027ms
[2020-08-01T12:09:32.923+0300][70.966s][info ][gc] GC(1899) Pause Cleanup 162M->162M(512M) 0.130ms
[2020-08-01T12:09:32.923+0300][70.967s][info ][gc] GC(1899) Concurrent Cycle 77.535ms
[2020-08-01T12:09:32.965+0300][71.009s][info ][gc] GC(1901) Pause Young (Concurrent Start) (G1 Humongous Allocation) 188M->189M(512M) 30.603ms
[2020-08-01T12:09:32.965+0300][71.009s][info ][gc] GC(1902) Concurrent Cycle
[2020-08-01T12:09:32.981+0300][71.025s][debug][gc] GC(1902) Reclaimed 125 empty regions
[2020-08-01T12:09:32.981+0300][71.025s][info ][gc] GC(1902) Pause Remark 241M->116M(512M) 0.596ms
[2020-08-01T12:09:33.037+0300][71.081s][info ][gc] GC(1903) Pause Young (Normal) (G1 Evacuation Pause) 168M->156M(512M) 34.468ms
[2020-08-01T12:09:33.039+0300][71.082s][info ][gc] GC(1902) Pause Cleanup 159M->159M(512M) 0.124ms
[2020-08-01T12:09:33.039+0300][71.083s][info ][gc] GC(1902) Concurrent Cycle 73.921ms
[2020-08-01T12:09:33.078+0300][71.122s][info ][gc] GC(1904) Pause Young (Concurrent Start) (G1 Humongous Allocation) 187M->187M(512M) 28.270ms
[2020-08-01T12:09:33.078+0300][71.122s][info ][gc] GC(1905) Concurrent Cycle
[2020-08-01T12:09:33.094+0300][71.138s][debug][gc] GC(1905) Reclaimed 123 empty regions
[2020-08-01T12:09:33.094+0300][71.138s][info ][gc] GC(1905) Pause Remark 238M->115M(512M) 0.644ms
[2020-08-01T12:09:33.150+0300][71.194s][info ][gc] GC(1906) Pause Young (Normal) (G1 Evacuation Pause) 168M->156M(512M) 34.130ms
[2020-08-01T12:09:33.152+0300][71.196s][info ][gc] GC(1905) Pause Cleanup 160M->160M(512M) 0.080ms
[2020-08-01T12:09:33.153+0300][71.197s][info ][gc] GC(1905) Concurrent Cycle 74.493ms
[2020-08-01T12:09:33.190+0300][71.234s][info ][gc] GC(1907) Pause Young (Concurrent Start) (G1 Humongous Allocation) 187M->188M(512M) 27.186ms
[2020-08-01T12:09:33.190+0300][71.234s][info ][gc] GC(1908) Concurrent Cycle
[2020-08-01T12:09:33.206+0300][71.250s][debug][gc] GC(1908) Reclaimed 123 empty regions
[2020-08-01T12:09:33.206+0300][71.250s][info ][gc] GC(1908) Pause Remark 241M->118M(512M) 0.598ms
[2020-08-01T12:09:33.261+0300][71.305s][info ][gc] GC(1909) Pause Young (Normal) (G1 Evacuation Pause) 169M->156M(512M) 34.330ms
[2020-08-01T12:09:33.263+0300][71.307s][info ][gc] GC(1908) Pause Cleanup 162M->162M(512M) 0.082ms
[2020-08-01T12:09:33.264+0300][71.308s][info ][gc] GC(1908) Concurrent Cycle 73.823ms
[2020-08-01T12:09:33.302+0300][71.345s][info ][gc] GC(1910) Pause Young (Concurrent Start) (G1 Humongous Allocation) 187M->189M(512M) 27.888ms
[2020-08-01T12:09:33.302+0300][71.345s][info ][gc] GC(1911) Concurrent Cycle
[2020-08-01T12:09:33.318+0300][71.362s][debug][gc] GC(1911) Reclaimed 124 empty regions
[2020-08-01T12:09:33.318+0300][71.362s][info ][gc] GC(1911) Pause Remark 242M->118M(512M) 0.652ms
[2020-08-01T12:09:33.372+0300][71.416s][info ][gc] GC(1912) Pause Young (Normal) (G1 Evacuation Pause) 169M->156M(512M) 33.647ms
[2020-08-01T12:09:33.376+0300][71.420s][info ][gc] GC(1911) Pause Cleanup 163M->163M(512M) 0.170ms
[2020-08-01T12:09:33.377+0300][71.421s][info ][gc] GC(1911) Concurrent Cycle 75.583ms
[2020-08-01T12:09:33.412+0300][71.456s][info ][gc] GC(1913) Pause Young (Concurrent Start) (G1 Humongous Allocation) 187M->188M(512M) 25.496ms
[2020-08-01T12:09:33.413+0300][71.456s][info ][gc] GC(1914) Concurrent Cycle
[2020-08-01T12:09:33.428+0300][71.472s][debug][gc] GC(1914) Reclaimed 123 empty regions
[2020-08-01T12:09:33.428+0300][71.472s][info ][gc] GC(1914) Pause Remark 240M->117M(512M) 0.600ms
[2020-08-01T12:09:33.485+0300][71.529s][info ][gc] GC(1915) Pause Young (Normal) (G1 Evacuation Pause) 169M->156M(512M) 35.708ms
[2020-08-01T12:09:33.487+0300][71.531s][info ][gc] GC(1914) Pause Cleanup 159M->159M(512M) 0.105ms
[2020-08-01T12:09:33.488+0300][71.531s][info ][gc] GC(1914) Concurrent Cycle 75.034ms
[2020-08-01T12:09:33.525+0300][71.569s][info ][gc] GC(1916) Pause Young (Concurrent Start) (G1 Humongous Allocation) 187M->188M(512M) 26.824ms
[2020-08-01T12:09:33.525+0300][71.569s][info ][gc] GC(1917) Concurrent Cycle
[2020-08-01T12:09:33.546+0300][71.589s][debug][gc] GC(1917) Reclaimed 123 empty regions
[2020-08-01T12:09:33.546+0300][71.590s][info ][gc] GC(1917) Pause Remark 246M->123M(512M) 0.694ms
[2020-08-01T12:09:33.605+0300][71.648s][info ][gc] GC(1918) Pause Young (Normal) (G1 Evacuation Pause) 169M->156M(512M) 38.554ms
[2020-08-01T12:09:33.609+0300][71.652s][info ][gc] GC(1917) Pause Cleanup 165M->165M(512M) 0.090ms
[2020-08-01T12:09:33.609+0300][71.653s][info ][gc] GC(1917) Concurrent Cycle 83.865ms
[2020-08-01T12:09:33.643+0300][71.687s][info ][gc] GC(1919) Pause Young (Concurrent Start) (G1 Humongous Allocation) 187M->188M(512M) 25.540ms
[2020-08-01T12:09:33.643+0300][71.687s][info ][gc] GC(1920) Concurrent Cycle
[2020-08-01T12:09:33.662+0300][71.706s][debug][gc] GC(1920) Reclaimed 124 empty regions
[2020-08-01T12:09:33.662+0300][71.706s][info ][gc] GC(1920) Pause Remark 244M->120M(512M) 0.631ms
[2020-08-01T12:09:33.715+0300][71.759s][info ][gc] GC(1921) Pause Young (Normal) (G1 Evacuation Pause) 168M->155M(512M) 32.965ms
[2020-08-01T12:09:33.718+0300][71.762s][info ][gc] GC(1920) Pause Cleanup 162M->162M(512M) 0.097ms
[2020-08-01T12:09:33.719+0300][71.763s][info ][gc] GC(1920) Concurrent Cycle 75.488ms
[2020-08-01T12:09:33.760+0300][71.804s][info ][gc] GC(1922) Pause Young (Concurrent Start) (G1 Humongous Allocation) 186M->188M(512M) 31.127ms
[2020-08-01T12:09:33.760+0300][71.804s][info ][gc] GC(1923) Concurrent Cycle
[2020-08-01T12:09:33.777+0300][71.821s][debug][gc] GC(1923) Reclaimed 123 empty regions
[2020-08-01T12:09:33.777+0300][71.821s][info ][gc] GC(1923) Pause Remark 241M->118M(512M) 0.595ms
[2020-08-01T12:09:33.830+0300][71.874s][info ][gc] GC(1924) Pause Young (Normal) (G1 Evacuation Pause) 169M->156M(512M) 32.580ms
[2020-08-01T12:09:33.833+0300][71.877s][info ][gc] GC(1923) Pause Cleanup 162M->162M(512M) 0.103ms
[2020-08-01T12:09:33.834+0300][71.878s][info ][gc] GC(1923) Concurrent Cycle 74.380ms
[2020-08-01T12:09:33.869+0300][71.913s][info ][gc] GC(1925) Pause Young (Concurrent Start) (G1 Humongous Allocation) 187M->188M(512M) 25.474ms
[2020-08-01T12:09:33.869+0300][71.913s][info ][gc] GC(1926) Concurrent Cycle
[2020-08-01T12:09:33.885+0300][71.929s][debug][gc] GC(1926) Reclaimed 124 empty regions
[2020-08-01T12:09:33.885+0300][71.929s][info ][gc] GC(1926) Pause Remark 241M->117M(512M) 0.634ms
[2020-08-01T12:09:33.938+0300][71.982s][info ][gc] GC(1927) Pause Young (Normal) (G1 Evacuation Pause) 168M->156M(512M) 32.846ms
[2020-08-01T12:09:33.940+0300][71.984s][info ][gc] GC(1926) Pause Cleanup 161M->161M(512M) 0.075ms
[2020-08-01T12:09:33.941+0300][71.985s][info ][gc] GC(1926) Concurrent Cycle 71.946ms
[2020-08-01T12:09:33.977+0300][72.021s][info ][gc] GC(1928) Pause Young (Concurrent Start) (G1 Humongous Allocation) 187M->188M(512M) 26.368ms
[2020-08-01T12:09:33.977+0300][72.021s][info ][gc] GC(1929) Concurrent Cycle
[2020-08-01T12:09:33.995+0300][72.039s][debug][gc] GC(1929) Reclaimed 123 empty regions
[2020-08-01T12:09:33.995+0300][72.039s][info ][gc] GC(1929) Pause Remark 241M->118M(512M) 0.617ms
[2020-08-01T12:09:34.052+0300][72.096s][info ][gc] GC(1930) Pause Young (Normal) (G1 Evacuation Pause) 169M->156M(512M) 35.313ms
[2020-08-01T12:09:34.054+0300][72.098s][info ][gc] GC(1929) Pause Cleanup 159M->159M(512M) 0.141ms
[2020-08-01T12:09:34.055+0300][72.099s][info ][gc] GC(1929) Concurrent Cycle 78.144ms
[2020-08-01T12:09:34.092+0300][72.136s][info ][gc] GC(1931) Pause Young (Concurrent Start) (G1 Humongous Allocation) 187M->188M(512M) 26.397ms
[2020-08-01T12:09:34.092+0300][72.136s][info ][gc] GC(1932) Concurrent Cycle
[2020-08-01T12:09:34.108+0300][72.152s][debug][gc] GC(1932) Reclaimed 124 empty regions
[2020-08-01T12:09:34.108+0300][72.152s][info ][gc] GC(1932) Pause Remark 240M->116M(512M) 0.612ms
[2020-08-01T12:09:34.162+0300][72.205s][info ][gc] GC(1933) Pause Young (Normal) (G1 Evacuation Pause) 168M->155M(512M) 32.940ms
[2020-08-01T12:09:34.164+0300][72.208s][info ][gc] GC(1932) Pause Cleanup 161M->161M(512M) 0.078ms
[2020-08-01T12:09:34.164+0300][72.208s][info ][gc] GC(1932) Concurrent Cycle 72.164ms
[2020-08-01T12:09:34.199+0300][72.243s][info ][gc] GC(1934) Pause Young (Concurrent Start) (G1 Humongous Allocation) 186M->188M(512M) 25.257ms
[2020-08-01T12:09:34.199+0300][72.243s][info ][gc] GC(1935) Concurrent Cycle
[2020-08-01T12:09:34.215+0300][72.258s][debug][gc] GC(1935) Reclaimed 123 empty regions
[2020-08-01T12:09:34.215+0300][72.258s][info ][gc] GC(1935) Pause Remark 240M->117M(512M) 0.618ms
[2020-08-01T12:09:34.269+0300][72.312s][info ][gc] GC(1936) Pause Young (Normal) (G1 Evacuation Pause) 169M->156M(512M) 33.014ms
[2020-08-01T12:09:34.271+0300][72.315s][info ][gc] GC(1935) Pause Cleanup 161M->161M(512M) 0.113ms
[2020-08-01T12:09:34.272+0300][72.316s][info ][gc] GC(1935) Concurrent Cycle 72.871ms
[2020-08-01T12:09:34.308+0300][72.351s][info ][gc] GC(1937) Pause Young (Concurrent Start) (G1 Humongous Allocation) 187M->188M(512M) 25.909ms
[2020-08-01T12:09:34.308+0300][72.352s][info ][gc] GC(1938) Concurrent Cycle
[2020-08-01T12:09:34.324+0300][72.367s][debug][gc] GC(1938) Reclaimed 124 empty regions
[2020-08-01T12:09:34.324+0300][72.367s][info ][gc] GC(1938) Pause Remark 241M->117M(512M) 0.751ms
[2020-08-01T12:09:34.376+0300][72.420s][info ][gc] GC(1939) Pause Young (Normal) (G1 Evacuation Pause) 168M->156M(512M) 32.025ms
[2020-08-01T12:09:34.379+0300][72.423s][info ][gc] GC(1938) Pause Cleanup 162M->162M(512M) 0.125ms
[2020-08-01T12:09:34.380+0300][72.424s][info ][gc] GC(1938) Concurrent Cycle 72.025ms
[2020-08-01T12:09:34.420+0300][72.464s][info ][gc] GC(1940) Pause Young (Concurrent Start) (G1 Humongous Allocation) 187M->187M(512M) 30.387ms
[2020-08-01T12:09:34.420+0300][72.464s][info ][gc] GC(1941) Concurrent Cycle
[2020-08-01T12:09:34.436+0300][72.480s][debug][gc] GC(1941) Reclaimed 123 empty regions
[2020-08-01T12:09:34.436+0300][72.480s][info ][gc] GC(1941) Pause Remark 239M->116M(512M) 0.599ms
[2020-08-01T12:09:34.490+0300][72.534s][info ][gc] GC(1942) Pause Young (Normal) (G1 Evacuation Pause) 168M->156M(512M) 32.300ms
[2020-08-01T12:09:34.492+0300][72.536s][info ][gc] GC(1941) Pause Cleanup 160M->160M(512M) 0.123ms
[2020-08-01T12:09:34.493+0300][72.537s][info ][gc] GC(1941) Concurrent Cycle 72.455ms
[2020-08-01T12:09:34.531+0300][72.575s][info ][gc] GC(1943) Pause Young (Concurrent Start) (G1 Humongous Allocation) 187M->188M(512M) 27.124ms
[2020-08-01T12:09:34.531+0300][72.575s][info ][gc] GC(1944) Concurrent Cycle
[2020-08-01T12:09:34.548+0300][72.592s][debug][gc] GC(1944) Reclaimed 123 empty regions
[2020-08-01T12:09:34.548+0300][72.592s][info ][gc] GC(1944) Pause Remark 242M->119M(512M) 0.652ms
[2020-08-01T12:09:34.604+0300][72.648s][info ][gc] GC(1945) Pause Young (Normal) (G1 Evacuation Pause) 169M->156M(512M) 33.879ms
[2020-08-01T12:09:34.607+0300][72.651s][info ][gc] GC(1944) Pause Cleanup 163M->163M(512M) 0.083ms
[2020-08-01T12:09:34.607+0300][72.651s][info ][gc] GC(1944) Concurrent Cycle 76.454ms
[2020-08-01T12:09:34.644+0300][72.688s][info ][gc] GC(1946) Pause Young (Concurrent Start) (G1 Humongous Allocation) 187M->188M(512M) 27.728ms
[2020-08-01T12:09:34.644+0300][72.688s][info ][gc] GC(1947) Concurrent Cycle
[2020-08-01T12:09:34.662+0300][72.706s][debug][gc] GC(1947) Reclaimed 124 empty regions
[2020-08-01T12:09:34.662+0300][72.706s][info ][gc] GC(1947) Pause Remark 242M->118M(512M) 0.594ms
[2020-08-01T12:09:34.715+0300][72.759s][info ][gc] GC(1948) Pause Young (Normal) (G1 Evacuation Pause) 168M->156M(512M) 33.028ms
[2020-08-01T12:09:34.718+0300][72.762s][info ][gc] GC(1947) Pause Cleanup 161M->161M(512M) 0.150ms
[2020-08-01T12:09:34.719+0300][72.763s][info ][gc] GC(1947) Concurrent Cycle 74.460ms
[2020-08-01T12:09:34.757+0300][72.801s][info ][gc] GC(1949) Pause Young (Concurrent Start) (G1 Humongous Allocation) 187M->189M(512M) 27.820ms
[2020-08-01T12:09:34.757+0300][72.801s][info ][gc] GC(1950) Concurrent Cycle
[2020-08-01T12:09:34.773+0300][72.817s][debug][gc] GC(1950) Reclaimed 124 empty regions
[2020-08-01T12:09:34.773+0300][72.817s][info ][gc] GC(1950) Pause Remark 238M->114M(512M) 0.624ms
[2020-08-01T12:09:34.829+0300][72.873s][info ][gc] GC(1951) Pause Young (Normal) (G1 Evacuation Pause) 169M->156M(512M) 33.062ms
[2020-08-01T12:09:34.829+0300][72.873s][info ][gc] GC(1950) Pause Cleanup 157M->157M(512M) 0.078ms
[2020-08-01T12:09:34.830+0300][72.874s][info ][gc] GC(1950) Concurrent Cycle 72.749ms
[2020-08-01T12:09:34.867+0300][72.911s][info ][gc] GC(1952) Pause Young (Concurrent Start) (G1 Humongous Allocation) 187M->188M(512M) 25.986ms
[2020-08-01T12:09:34.867+0300][72.911s][info ][gc] GC(1953) Concurrent Cycle
[2020-08-01T12:09:34.883+0300][72.927s][debug][gc] GC(1953) Reclaimed 122 empty regions
[2020-08-01T12:09:34.883+0300][72.927s][info ][gc] GC(1953) Pause Remark 241M->119M(512M) 0.592ms
[2020-08-01T12:09:34.935+0300][72.979s][info ][gc] GC(1954) Pause Young (Normal) (G1 Evacuation Pause) 170M->157M(512M) 31.741ms
[2020-08-01T12:09:34.938+0300][72.982s][info ][gc] GC(1953) Pause Cleanup 163M->163M(512M) 0.089ms
[2020-08-01T12:09:34.939+0300][72.982s][info ][gc] GC(1953) Concurrent Cycle 71.175ms
[2020-08-01T12:09:34.973+0300][73.017s][info ][gc] GC(1955) Pause Young (Concurrent Start) (G1 Humongous Allocation) 188M->189M(512M) 25.429ms
[2020-08-01T12:09:34.973+0300][73.017s][info ][gc] GC(1956) Concurrent Cycle
[2020-08-01T12:09:34.989+0300][73.033s][debug][gc] GC(1956) Reclaimed 124 empty regions
[2020-08-01T12:09:34.989+0300][73.033s][info ][gc] GC(1956) Pause Remark 243M->119M(512M) 0.698ms
[2020-08-01T12:09:35.042+0300][73.085s][info ][gc] GC(1957) Pause Young (Normal) (G1 Evacuation Pause) 169M->157M(512M) 31.780ms
[2020-08-01T12:09:35.044+0300][73.088s][info ][gc] GC(1956) Pause Cleanup 164M->164M(512M) 0.082ms
[2020-08-01T12:09:35.045+0300][73.089s][info ][gc] GC(1956) Concurrent Cycle 71.779ms
[2020-08-01T12:09:35.081+0300][73.124s][info ][gc] GC(1958) Pause Young (Concurrent Start) (G1 Humongous Allocation) 188M->189M(512M) 26.423ms
[2020-08-01T12:09:35.081+0300][73.124s][info ][gc] GC(1959) Concurrent Cycle
[2020-08-01T12:09:35.096+0300][73.140s][debug][gc] GC(1959) Reclaimed 123 empty regions
[2020-08-01T12:09:35.096+0300][73.140s][info ][gc] GC(1959) Pause Remark 242M->119M(512M) 0.585ms
[2020-08-01T12:09:35.150+0300][73.194s][info ][gc] GC(1960) Pause Young (Normal) (G1 Evacuation Pause) 170M->157M(512M) 33.128ms
[2020-08-01T12:09:35.153+0300][73.197s][info ][gc] GC(1959) Pause Cleanup 163M->163M(512M) 0.088ms
[2020-08-01T12:09:35.154+0300][73.198s][info ][gc] GC(1959) Concurrent Cycle 73.217ms
[2020-08-01T12:09:35.189+0300][73.233s][info ][gc] GC(1961) Pause Young (Concurrent Start) (G1 Humongous Allocation) 188M->189M(512M) 26.048ms
[2020-08-01T12:09:35.189+0300][73.233s][info ][gc] GC(1962) Concurrent Cycle
[2020-08-01T12:09:35.205+0300][73.249s][debug][gc] GC(1962) Reclaimed 124 empty regions
[2020-08-01T12:09:35.205+0300][73.249s][info ][gc] GC(1962) Pause Remark 243M->119M(512M) 0.624ms
[2020-08-01T12:09:35.259+0300][73.303s][info ][gc] GC(1963) Pause Young (Normal) (G1 Evacuation Pause) 169M->156M(512M) 33.696ms
[2020-08-01T12:09:35.262+0300][73.306s][info ][gc] GC(1962) Pause Cleanup 162M->162M(512M) 0.091ms
[2020-08-01T12:09:35.263+0300][73.307s][info ][gc] GC(1962) Concurrent Cycle 73.434ms
[2020-08-01T12:09:35.299+0300][73.342s][info ][gc] GC(1964) Pause Young (Concurrent Start) (G1 Humongous Allocation) 187M->188M(512M) 26.505ms
[2020-08-01T12:09:35.299+0300][73.343s][info ][gc] GC(1965) Concurrent Cycle
[2020-08-01T12:09:35.315+0300][73.358s][debug][gc] GC(1965) Reclaimed 123 empty regions
[2020-08-01T12:09:35.315+0300][73.358s][info ][gc] GC(1965) Pause Remark 240M->117M(512M) 0.616ms
[2020-08-01T12:09:35.370+0300][73.413s][info ][gc] GC(1966) Pause Young (Normal) (G1 Evacuation Pause) 169M->157M(512M) 33.717ms
[2020-08-01T12:09:35.372+0300][73.416s][info ][gc] GC(1965) Pause Cleanup 162M->162M(512M) 0.110ms
[2020-08-01T12:09:35.373+0300][73.416s][info ][gc] GC(1965) Concurrent Cycle 73.840ms
[2020-08-01T12:09:35.409+0300][73.453s][info ][gc] GC(1967) Pause Young (Concurrent Start) (G1 Humongous Allocation) 188M->189M(512M) 26.152ms
[2020-08-01T12:09:35.409+0300][73.453s][info ][gc] GC(1968) Concurrent Cycle
[2020-08-01T12:09:35.426+0300][73.470s][debug][gc] GC(1968) Reclaimed 123 empty regions
[2020-08-01T12:09:35.426+0300][73.470s][info ][gc] GC(1968) Pause Remark 243M->120M(512M) 0.740ms
[2020-08-01T12:09:35.481+0300][73.524s][info ][gc] GC(1969) Pause Young (Normal) (G1 Evacuation Pause) 170M->157M(512M) 33.894ms
[2020-08-01T12:09:35.483+0300][73.527s][info ][gc] GC(1968) Pause Cleanup 163M->163M(512M) 0.083ms
[2020-08-01T12:09:35.484+0300][73.528s][info ][gc] GC(1968) Concurrent Cycle 74.698ms
[2020-08-01T12:09:35.520+0300][73.564s][info ][gc] GC(1970) Pause Young (Concurrent Start) (G1 Humongous Allocation) 188M->189M(512M) 26.894ms
[2020-08-01T12:09:35.520+0300][73.564s][info ][gc] GC(1971) Concurrent Cycle
[2020-08-01T12:09:35.536+0300][73.580s][debug][gc] GC(1971) Reclaimed 123 empty regions
[2020-08-01T12:09:35.536+0300][73.580s][info ][gc] GC(1971) Pause Remark 242M->119M(512M) 0.622ms
[2020-08-01T12:09:35.595+0300][73.639s][info ][gc] GC(1972) Pause Young (Normal) (G1 Evacuation Pause) 170M->158M(512M) 37.610ms
[2020-08-01T12:09:35.598+0300][73.642s][info ][gc] GC(1971) Pause Cleanup 164M->164M(512M) 0.089ms
[2020-08-01T12:09:35.599+0300][73.643s][info ][gc] GC(1971) Concurrent Cycle 78.956ms
[2020-08-01T12:09:35.634+0300][73.678s][info ][gc] GC(1973) Pause Young (Concurrent Start) (G1 Humongous Allocation) 189M->190M(512M) 25.291ms
[2020-08-01T12:09:35.634+0300][73.678s][info ][gc] GC(1974) Concurrent Cycle
[2020-08-01T12:09:35.651+0300][73.695s][debug][gc] GC(1974) Reclaimed 123 empty regions
[2020-08-01T12:09:35.651+0300][73.695s][info ][gc] GC(1974) Pause Remark 240M->117M(512M) 1.332ms
[2020-08-01T12:09:35.676+0300][73.719s][info ][gc] GC(1974) Pause Cleanup 170M->170M(512M) 0.077ms
[2020-08-01T12:09:35.708+0300][73.752s][info ][gc] GC(1975) Pause Young (Normal) (G1 Evacuation Pause) 170M->157M(512M) 32.483ms
[2020-08-01T12:09:35.709+0300][73.753s][info ][gc] GC(1974) Concurrent Cycle 75.165ms
[2020-08-01T12:09:35.741+0300][73.785s][info ][gc] GC(1976) Pause Young (Concurrent Start) (G1 Humongous Allocation) 189M->191M(512M) 20.064ms
[2020-08-01T12:09:35.741+0300][73.785s][info ][gc] GC(1977) Concurrent Cycle
[2020-08-01T12:09:35.758+0300][73.802s][debug][gc] GC(1977) Reclaimed 123 empty regions
[2020-08-01T12:09:35.758+0300][73.802s][info ][gc] GC(1977) Pause Remark 243M->120M(512M) 0.625ms
[2020-08-01T12:09:35.812+0300][73.856s][info ][gc] GC(1978) Pause Young (Normal) (G1 Evacuation Pause) 171M->158M(512M) 32.895ms
[2020-08-01T12:09:35.814+0300][73.858s][info ][gc] GC(1977) Pause Cleanup 164M->164M(512M) 0.125ms
[2020-08-01T12:09:35.815+0300][73.859s][info ][gc] GC(1977) Concurrent Cycle 74.151ms
[2020-08-01T12:09:35.852+0300][73.896s][info ][gc] GC(1979) Pause Young (Concurrent Start) (G1 Humongous Allocation) 190M->191M(512M) 26.730ms
[2020-08-01T12:09:35.852+0300][73.896s][info ][gc] GC(1980) Concurrent Cycle
[2020-08-01T12:09:35.869+0300][73.913s][debug][gc] GC(1980) Reclaimed 123 empty regions
[2020-08-01T12:09:35.869+0300][73.913s][info ][gc] GC(1980) Pause Remark 244M->121M(512M) 0.742ms
[2020-08-01T12:09:35.921+0300][73.965s][info ][gc] GC(1981) Pause Young (Normal) (G1 Evacuation Pause) 171M->159M(512M) 31.718ms
[2020-08-01T12:09:35.924+0300][73.968s][info ][gc] GC(1980) Pause Cleanup 167M->167M(512M) 0.086ms
[2020-08-01T12:09:35.925+0300][73.969s][info ][gc] GC(1980) Concurrent Cycle 72.576ms
[2020-08-01T12:09:35.959+0300][74.003s][info ][gc] GC(1982) Pause Young (Concurrent Start) (G1 Humongous Allocation) 191M->192M(512M) 25.151ms
[2020-08-01T12:09:35.959+0300][74.003s][info ][gc] GC(1983) Concurrent Cycle
[2020-08-01T12:09:35.975+0300][74.019s][debug][gc] GC(1983) Reclaimed 124 empty regions
[2020-08-01T12:09:35.975+0300][74.019s][info ][gc] GC(1983) Pause Remark 246M->122M(512M) 0.634ms
[2020-08-01T12:09:36.028+0300][74.072s][info ][gc] GC(1984) Pause Young (Normal) (G1 Evacuation Pause) 171M->158M(512M) 33.367ms
[2020-08-01T12:09:36.032+0300][74.076s][info ][gc] GC(1983) Pause Cleanup 167M->167M(512M) 0.114ms
[2020-08-01T12:09:36.033+0300][74.077s][info ][gc] GC(1983) Concurrent Cycle 74.102ms
[2020-08-01T12:09:36.069+0300][74.113s][info ][gc] GC(1985) Pause Young (Concurrent Start) (G1 Humongous Allocation) 190M->192M(512M) 27.318ms
[2020-08-01T12:09:36.069+0300][74.113s][info ][gc] GC(1986) Concurrent Cycle
[2020-08-01T12:09:36.086+0300][74.130s][debug][gc] GC(1986) Reclaimed 124 empty regions
[2020-08-01T12:09:36.086+0300][74.130s][info ][gc] GC(1986) Pause Remark 246M->122M(512M) 0.696ms
[2020-08-01T12:09:36.140+0300][74.184s][info ][gc] GC(1987) Pause Young (Normal) (G1 Evacuation Pause) 171M->158M(512M) 33.778ms
[2020-08-01T12:09:36.143+0300][74.187s][info ][gc] GC(1986) Pause Cleanup 166M->166M(512M) 0.083ms
[2020-08-01T12:09:36.144+0300][74.188s][info ][gc] GC(1986) Concurrent Cycle 74.503ms
[2020-08-01T12:09:36.180+0300][74.224s][info ][gc] GC(1988) Pause Young (Concurrent Start) (G1 Humongous Allocation) 190M->192M(512M) 27.059ms
[2020-08-01T12:09:36.180+0300][74.224s][info ][gc] GC(1989) Concurrent Cycle
[2020-08-01T12:09:36.196+0300][74.240s][debug][gc] GC(1989) Reclaimed 124 empty regions
[2020-08-01T12:09:36.196+0300][74.240s][info ][gc] GC(1989) Pause Remark 246M->122M(512M) 0.756ms
[2020-08-01T12:09:36.250+0300][74.293s][info ][gc] GC(1990) Pause Young (Normal) (G1 Evacuation Pause) 171M->158M(512M) 33.752ms
[2020-08-01T12:09:36.253+0300][74.297s][info ][gc] GC(1989) Pause Cleanup 167M->167M(512M) 0.090ms
[2020-08-01T12:09:36.254+0300][74.298s][info ][gc] GC(1989) Concurrent Cycle 74.334ms
[2020-08-01T12:09:36.289+0300][74.332s][info ][gc] GC(1991) Pause Young (Concurrent Start) (G1 Humongous Allocation) 190M->191M(512M) 25.620ms
[2020-08-01T12:09:36.289+0300][74.333s][info ][gc] GC(1992) Concurrent Cycle
[2020-08-01T12:09:36.305+0300][74.348s][debug][gc] GC(1992) Reclaimed 124 empty regions
[2020-08-01T12:09:36.305+0300][74.348s][info ][gc] GC(1992) Pause Remark 244M->120M(512M) 0.722ms
[2020-08-01T12:09:36.358+0300][74.402s][info ][gc] GC(1993) Pause Young (Normal) (G1 Evacuation Pause) 170M->157M(512M) 32.881ms
[2020-08-01T12:09:36.361+0300][74.405s][info ][gc] GC(1992) Pause Cleanup 164M->164M(512M) 0.076ms
[2020-08-01T12:09:36.361+0300][74.405s][info ][gc] GC(1992) Concurrent Cycle 72.685ms
[2020-08-01T12:09:36.397+0300][74.441s][info ][gc] GC(1994) Pause Young (Concurrent Start) (G1 Humongous Allocation) 189M->190M(512M) 26.670ms
[2020-08-01T12:09:36.397+0300][74.441s][info ][gc] GC(1995) Concurrent Cycle
[2020-08-01T12:09:36.416+0300][74.460s][debug][gc] GC(1995) Reclaimed 123 empty regions
[2020-08-01T12:09:36.416+0300][74.460s][info ][gc] GC(1995) Pause Remark 240M->117M(512M) 0.852ms
[2020-08-01T12:09:36.472+0300][74.515s][info ][gc] GC(1996) Pause Young (Normal) (G1 Evacuation Pause) 170M->157M(512M) 34.043ms
[2020-08-01T12:09:36.474+0300][74.518s][info ][gc] GC(1995) Pause Cleanup 162M->162M(512M) 0.121ms
[2020-08-01T12:09:36.475+0300][74.519s][info ][gc] GC(1995) Concurrent Cycle 77.270ms
[2020-08-01T12:09:36.512+0300][74.556s][info ][gc] GC(1997) Pause Young (Concurrent Start) (G1 Humongous Allocation) 189M->190M(512M) 26.959ms
[2020-08-01T12:09:36.512+0300][74.556s][info ][gc] GC(1998) Concurrent Cycle
[2020-08-01T12:09:36.529+0300][74.573s][debug][gc] GC(1998) Reclaimed 122 empty regions
[2020-08-01T12:09:36.529+0300][74.573s][info ][gc] GC(1998) Pause Remark 243M->121M(512M) 0.619ms
[2020-08-01T12:09:36.583+0300][74.627s][info ][gc] GC(1999) Pause Young (Normal) (G1 Evacuation Pause) 171M->158M(512M) 33.247ms
[2020-08-01T12:09:36.587+0300][74.631s][info ][gc] GC(1998) Pause Cleanup 167M->167M(512M) 0.095ms
[2020-08-01T12:09:36.588+0300][74.632s][info ][gc] GC(1998) Concurrent Cycle 75.925ms
[2020-08-01T12:09:36.625+0300][74.669s][info ][gc] GC(2000) Pause Young (Concurrent Start) (G1 Humongous Allocation) 190M->191M(512M) 27.794ms
[2020-08-01T12:09:36.625+0300][74.669s][info ][gc] GC(2001) Concurrent Cycle
[2020-08-01T12:09:36.641+0300][74.685s][debug][gc] GC(2001) Reclaimed 122 empty regions
[2020-08-01T12:09:36.641+0300][74.685s][info ][gc] GC(2001) Pause Remark 244M->122M(512M) 0.645ms
[2020-08-01T12:09:36.696+0300][74.740s][info ][gc] GC(2002) Pause Young (Normal) (G1 Evacuation Pause) 172M->160M(512M) 34.032ms
[2020-08-01T12:09:36.699+0300][74.743s][info ][gc] GC(2001) Pause Cleanup 166M->166M(512M) 0.114ms
[2020-08-01T12:09:36.700+0300][74.744s][info ][gc] GC(2001) Concurrent Cycle 74.796ms
[2020-08-01T12:09:36.740+0300][74.784s][info ][gc] GC(2003) Pause Young (Concurrent Start) (G1 Humongous Allocation) 192M->194M(512M) 29.742ms
[2020-08-01T12:09:36.740+0300][74.784s][info ][gc] GC(2004) Concurrent Cycle
[2020-08-01T12:09:36.757+0300][74.801s][debug][gc] GC(2004) Reclaimed 123 empty regions
[2020-08-01T12:09:36.757+0300][74.801s][info ][gc] GC(2004) Pause Remark 246M->123M(512M) 0.667ms
[2020-08-01T12:09:36.813+0300][74.857s][info ][gc] GC(2005) Pause Young (Normal) (G1 Evacuation Pause) 173M->160M(512M) 35.442ms
[2020-08-01T12:09:36.816+0300][74.860s][info ][gc] GC(2004) Pause Cleanup 167M->167M(512M) 0.094ms
[2020-08-01T12:09:36.817+0300][74.861s][info ][gc] GC(2004) Concurrent Cycle 76.936ms
[2020-08-01T12:09:36.854+0300][74.897s][info ][gc] GC(2006) Pause Young (Concurrent Start) (G1 Humongous Allocation) 193M->195M(512M) 26.395ms
[2020-08-01T12:09:36.854+0300][74.898s][info ][gc] GC(2007) Concurrent Cycle
[2020-08-01T12:09:36.870+0300][74.914s][debug][gc] GC(2007) Reclaimed 125 empty regions
[2020-08-01T12:09:36.870+0300][74.914s][info ][gc] GC(2007) Pause Remark 247M->122M(512M) 0.756ms
[2020-08-01T12:09:36.924+0300][74.967s][info ][gc] GC(2008) Pause Young (Normal) (G1 Evacuation Pause) 172M->159M(512M) 33.331ms
[2020-08-01T12:09:36.927+0300][74.971s][info ][gc] GC(2007) Pause Cleanup 166M->166M(512M) 0.118ms
[2020-08-01T12:09:36.928+0300][74.972s][info ][gc] GC(2007) Concurrent Cycle 74.088ms
[2020-08-01T12:09:36.964+0300][75.008s][info ][gc] GC(2009) Pause Young (Concurrent Start) (G1 Humongous Allocation) 192M->193M(512M) 26.818ms
[2020-08-01T12:09:36.965+0300][75.008s][info ][gc] GC(2010) Concurrent Cycle
[2020-08-01T12:09:36.981+0300][75.025s][debug][gc] GC(2010) Reclaimed 123 empty regions
[2020-08-01T12:09:36.981+0300][75.025s][info ][gc] GC(2010) Pause Remark 247M->124M(512M) 0.607ms
[2020-08-01T12:09:37.033+0300][75.077s][info ][gc] GC(2011) Pause Young (Normal) (G1 Evacuation Pause) 172M->160M(512M) 32.817ms
[2020-08-01T12:09:37.037+0300][75.081s][info ][gc] GC(2010) Pause Cleanup 170M->170M(512M) 0.086ms
[2020-08-01T12:09:37.038+0300][75.082s][info ][gc] GC(2010) Concurrent Cycle 73.544ms
[2020-08-01T12:09:37.073+0300][75.117s][info ][gc] GC(2012) Pause Young (Concurrent Start) (G1 Humongous Allocation) 193M->194M(512M) 26.495ms
[2020-08-01T12:09:37.073+0300][75.117s][info ][gc] GC(2013) Concurrent Cycle
[2020-08-01T12:09:37.090+0300][75.134s][debug][gc] GC(2013) Reclaimed 124 empty regions
[2020-08-01T12:09:37.090+0300][75.134s][info ][gc] GC(2013) Pause Remark 247M->123M(512M) 0.646ms
[2020-08-01T12:09:37.143+0300][75.187s][info ][gc] GC(2014) Pause Young (Normal) (G1 Evacuation Pause) 172M->159M(512M) 33.523ms
[2020-08-01T12:09:37.147+0300][75.191s][info ][gc] GC(2013) Pause Cleanup 167M->167M(512M) 0.127ms
[2020-08-01T12:09:37.148+0300][75.191s][info ][gc] GC(2013) Concurrent Cycle 74.339ms
[2020-08-01T12:09:37.183+0300][75.227s][info ][gc] GC(2015) Pause Young (Concurrent Start) (G1 Humongous Allocation) 192M->193M(512M) 25.993ms
[2020-08-01T12:09:37.183+0300][75.227s][info ][gc] GC(2016) Concurrent Cycle
[2020-08-01T12:09:37.201+0300][75.245s][debug][gc] GC(2016) Reclaimed 123 empty regions
[2020-08-01T12:09:37.201+0300][75.245s][info ][gc] GC(2016) Pause Remark 247M->124M(512M) 0.759ms
[2020-08-01T12:09:37.255+0300][75.299s][info ][gc] GC(2017) Pause Young (Normal) (G1 Evacuation Pause) 173M->160M(512M) 34.140ms
[2020-08-01T12:09:37.259+0300][75.303s][info ][gc] GC(2016) Pause Cleanup 169M->169M(512M) 0.089ms
[2020-08-01T12:09:37.260+0300][75.304s][info ][gc] GC(2016) Concurrent Cycle 76.889ms
[2020-08-01T12:09:37.295+0300][75.339s][info ][gc] GC(2018) Pause Young (Concurrent Start) (G1 Humongous Allocation) 192M->193M(512M) 25.939ms
[2020-08-01T12:09:37.295+0300][75.339s][info ][gc] GC(2019) Concurrent Cycle
[2020-08-01T12:09:37.311+0300][75.355s][debug][gc] GC(2019) Reclaimed 123 empty regions
[2020-08-01T12:09:37.311+0300][75.355s][info ][gc] GC(2019) Pause Remark 246M->123M(512M) 0.600ms
[2020-08-01T12:09:37.365+0300][75.409s][info ][gc] GC(2020) Pause Young (Normal) (G1 Evacuation Pause) 173M->161M(512M) 34.075ms
[2020-08-01T12:09:37.369+0300][75.413s][info ][gc] GC(2019) Pause Cleanup 170M->170M(512M) 0.105ms
[2020-08-01T12:09:37.370+0300][75.414s][info ][gc] GC(2019) Concurrent Cycle 75.123ms
[2020-08-01T12:09:37.405+0300][75.449s][info ][gc] GC(2021) Pause Young (Concurrent Start) (G1 Humongous Allocation) 193M->194M(512M) 26.215ms
[2020-08-01T12:09:37.405+0300][75.449s][info ][gc] GC(2022) Concurrent Cycle
[2020-08-01T12:09:37.424+0300][75.467s][debug][gc] GC(2022) Reclaimed 125 empty regions
[2020-08-01T12:09:37.424+0300][75.468s][info ][gc] GC(2022) Pause Remark 248M->123M(512M) 0.659ms
[2020-08-01T12:09:37.479+0300][75.523s][info ][gc] GC(2023) Pause Young (Normal) (G1 Evacuation Pause) 171M->158M(512M) 35.789ms
[2020-08-01T12:09:37.483+0300][75.527s][info ][gc] GC(2022) Pause Cleanup 167M->167M(512M) 0.095ms
[2020-08-01T12:09:37.484+0300][75.527s][info ][gc] GC(2022) Concurrent Cycle 78.217ms
[2020-08-01T12:09:37.522+0300][75.566s][info ][gc] GC(2024) Pause Young (Concurrent Start) (G1 Humongous Allocation) 191M->192M(512M) 28.870ms
[2020-08-01T12:09:37.522+0300][75.566s][info ][gc] GC(2025) Concurrent Cycle
[2020-08-01T12:09:37.539+0300][75.582s][debug][gc] GC(2025) Reclaimed 121 empty regions
[2020-08-01T12:09:37.539+0300][75.582s][info ][gc] GC(2025) Pause Remark 246M->125M(512M) 0.722ms
[2020-08-01T12:09:37.595+0300][75.639s][info ][gc] GC(2026) Pause Young (Normal) (G1 Evacuation Pause) 174M->162M(512M) 35.846ms
[2020-08-01T12:09:37.599+0300][75.643s][info ][gc] GC(2025) Pause Cleanup 170M->170M(512M) 0.118ms
[2020-08-01T12:09:37.600+0300][75.644s][info ][gc] GC(2025) Concurrent Cycle 77.849ms
[2020-08-01T12:09:37.635+0300][75.679s][info ][gc] GC(2027) Pause Young (Concurrent Start) (G1 Humongous Allocation) 194M->195M(512M) 26.313ms
[2020-08-01T12:09:37.635+0300][75.679s][info ][gc] GC(2028) Concurrent Cycle
[2020-08-01T12:09:37.652+0300][75.696s][debug][gc] GC(2028) Reclaimed 122 empty regions
[2020-08-01T12:09:37.652+0300][75.696s][info ][gc] GC(2028) Pause Remark 250M->128M(512M) 0.612ms
[2020-08-01T12:09:37.705+0300][75.749s][info ][gc] GC(2029) Pause Young (Normal) (G1 Evacuation Pause) 175M->163M(512M) 33.284ms
[2020-08-01T12:09:37.710+0300][75.753s][info ][gc] GC(2028) Pause Cleanup 174M->174M(512M) 0.121ms
[2020-08-01T12:09:37.710+0300][75.754s][info ][gc] GC(2028) Concurrent Cycle 74.931ms
[2020-08-01T12:09:37.746+0300][75.790s][info ][gc] GC(2030) Pause Young (Concurrent Start) (G1 Humongous Allocation) 196M->197M(512M) 27.349ms
[2020-08-01T12:09:37.746+0300][75.790s][info ][gc] GC(2031) Concurrent Cycle
[2020-08-01T12:09:37.762+0300][75.806s][debug][gc] GC(2031) Reclaimed 124 empty regions
[2020-08-01T12:09:37.762+0300][75.806s][info ][gc] GC(2031) Pause Remark 250M->126M(512M) 0.603ms
[2020-08-01T12:09:37.813+0300][75.857s][info ][gc] GC(2032) Pause Young (Normal) (G1 Evacuation Pause) 174M->162M(512M) 31.941ms
[2020-08-01T12:09:37.818+0300][75.862s][info ][gc] GC(2031) Pause Cleanup 172M->172M(512M) 0.115ms
[2020-08-01T12:09:37.818+0300][75.862s][info ][gc] GC(2031) Concurrent Cycle 72.393ms
[2020-08-01T12:09:37.854+0300][75.898s][info ][gc] GC(2033) Pause Young (Concurrent Start) (G1 Humongous Allocation) 196M->197M(512M) 26.563ms
[2020-08-01T12:09:37.855+0300][75.898s][info ][gc] GC(2034) Concurrent Cycle
[2020-08-01T12:09:37.871+0300][75.915s][debug][gc] GC(2034) Reclaimed 124 empty regions
[2020-08-01T12:09:37.871+0300][75.915s][info ][gc] GC(2034) Pause Remark 251M->127M(512M) 0.712ms
[2020-08-01T12:09:37.922+0300][75.965s][info ][gc] GC(2035) Pause Young (Normal) (G1 Evacuation Pause) 174M->162M(512M) 31.219ms
[2020-08-01T12:09:37.926+0300][75.970s][info ][gc] GC(2034) Pause Cleanup 173M->173M(512M) 0.081ms
[2020-08-01T12:09:37.927+0300][75.970s][info ][gc] GC(2034) Concurrent Cycle 72.041ms
[2020-08-01T12:09:37.961+0300][76.005s][info ][gc] GC(2036) Pause Young (Concurrent Start) (G1 Humongous Allocation) 196M->197M(512M) 25.748ms
[2020-08-01T12:09:37.961+0300][76.005s][info ][gc] GC(2037) Concurrent Cycle
[2020-08-01T12:09:37.977+0300][76.021s][debug][gc] GC(2037) Reclaimed 124 empty regions
[2020-08-01T12:09:37.977+0300][76.021s][info ][gc] GC(2037) Pause Remark 251M->127M(512M) 0.602ms
[2020-08-01T12:09:38.027+0300][76.071s][info ][gc] GC(2038) Pause Young (Normal) (G1 Evacuation Pause) 174M->162M(512M) 31.054ms
[2020-08-01T12:09:38.032+0300][76.076s][info ][gc] GC(2037) Pause Cleanup 174M->174M(512M) 0.093ms
[2020-08-01T12:09:38.033+0300][76.077s][info ][gc] GC(2037) Concurrent Cycle 71.723ms
[2020-08-01T12:09:38.067+0300][76.111s][info ][gc] GC(2039) Pause Young (Concurrent Start) (G1 Humongous Allocation) 196M->197M(512M) 25.619ms
[2020-08-01T12:09:38.067+0300][76.111s][info ][gc] GC(2040) Concurrent Cycle
[2020-08-01T12:09:38.084+0300][76.128s][debug][gc] GC(2040) Reclaimed 124 empty regions
[2020-08-01T12:09:38.084+0300][76.128s][info ][gc] GC(2040) Pause Remark 252M->128M(512M) 0.809ms
[2020-08-01T12:09:38.137+0300][76.181s][info ][gc] GC(2041) Pause Young (Normal) (G1 Evacuation Pause) 174M->162M(512M) 34.338ms
[2020-08-01T12:09:38.142+0300][76.186s][info ][gc] GC(2040) Pause Cleanup 175M->175M(512M) 0.087ms
[2020-08-01T12:09:38.142+0300][76.186s][info ][gc] GC(2040) Concurrent Cycle 75.371ms
[2020-08-01T12:09:38.177+0300][76.221s][info ][gc] GC(2042) Pause Young (Concurrent Start) (G1 Humongous Allocation) 196M->197M(512M) 26.809ms
[2020-08-01T12:09:38.177+0300][76.221s][info ][gc] GC(2043) Concurrent Cycle
[2020-08-01T12:09:38.194+0300][76.238s][debug][gc] GC(2043) Reclaimed 123 empty regions
[2020-08-01T12:09:38.194+0300][76.238s][info ][gc] GC(2043) Pause Remark 252M->129M(512M) 0.609ms
[2020-08-01T12:09:38.246+0300][76.290s][info ][gc] GC(2044) Pause Young (Normal) (G1 Evacuation Pause) 175M->164M(512M) 33.557ms
[2020-08-01T12:09:38.252+0300][76.296s][info ][gc] GC(2043) Pause Cleanup 177M->177M(512M) 0.090ms
[2020-08-01T12:09:38.252+0300][76.296s][info ][gc] GC(2043) Concurrent Cycle 75.210ms
[2020-08-01T12:09:38.287+0300][76.331s][info ][gc] GC(2045) Pause Young (Concurrent Start) (G1 Humongous Allocation) 198M->199M(512M) 26.869ms
[2020-08-01T12:09:38.287+0300][76.331s][info ][gc] GC(2046) Concurrent Cycle
[2020-08-01T12:09:38.305+0300][76.348s][debug][gc] GC(2046) Reclaimed 125 empty regions
[2020-08-01T12:09:38.305+0300][76.348s][info ][gc] GC(2046) Pause Remark 255M->130M(512M) 0.607ms
[2020-08-01T12:09:38.355+0300][76.398s][info ][gc] GC(2047) Pause Young (Normal) (G1 Evacuation Pause) 175M->164M(512M) 31.838ms
[2020-08-01T12:09:38.360+0300][76.404s][info ][gc] GC(2046) Pause Cleanup 177M->177M(512M) 0.097ms
[2020-08-01T12:09:38.360+0300][76.404s][info ][gc] GC(2046) Concurrent Cycle 73.148ms
[2020-08-01T12:09:38.397+0300][76.441s][info ][gc] GC(2048) Pause Young (Concurrent Start) (G1 Humongous Allocation) 198M->199M(512M) 28.442ms
[2020-08-01T12:09:38.397+0300][76.441s][info ][gc] GC(2049) Concurrent Cycle
[2020-08-01T12:09:38.415+0300][76.459s][debug][gc] GC(2049) Reclaimed 126 empty regions
[2020-08-01T12:09:38.415+0300][76.459s][info ][gc] GC(2049) Pause Remark 255M->129M(512M) 0.983ms
[2020-08-01T12:09:38.469+0300][76.512s][info ][gc] GC(2050) Pause Young (Normal) (G1 Evacuation Pause) 174M->162M(512M) 34.449ms
[2020-08-01T12:09:38.474+0300][76.518s][info ][gc] GC(2049) Pause Cleanup 171M->171M(512M) 0.124ms
[2020-08-01T12:09:38.475+0300][76.518s][info ][gc] GC(2049) Concurrent Cycle 77.878ms
[2020-08-01T12:09:38.511+0300][76.555s][info ][gc] GC(2051) Pause Young (Concurrent Start) (G1 Humongous Allocation) 196M->198M(512M) 27.146ms
[2020-08-01T12:09:38.511+0300][76.555s][info ][gc] GC(2052) Concurrent Cycle
[2020-08-01T12:09:38.529+0300][76.573s][debug][gc] GC(2052) Reclaimed 124 empty regions
[2020-08-01T12:09:38.529+0300][76.573s][info ][gc] GC(2052) Pause Remark 252M->128M(512M) 0.636ms
[2020-08-01T12:09:38.591+0300][76.635s][info ][gc] GC(2053) Pause Young (Normal) (G1 Evacuation Pause) 175M->163M(512M) 39.608ms
[2020-08-01T12:09:38.593+0300][76.637s][info ][gc] GC(2052) Pause Cleanup 169M->169M(512M) 0.091ms
[2020-08-01T12:09:38.594+0300][76.638s][info ][gc] GC(2052) Concurrent Cycle 82.896ms
[2020-08-01T12:09:38.632+0300][76.676s][info ][gc] GC(2054) Pause Young (Concurrent Start) (G1 Humongous Allocation) 197M->198M(512M) 27.482ms
[2020-08-01T12:09:38.633+0300][76.676s][info ][gc] GC(2055) Concurrent Cycle
[2020-08-01T12:09:38.651+0300][76.695s][debug][gc] GC(2055) Reclaimed 125 empty regions
[2020-08-01T12:09:38.651+0300][76.695s][info ][gc] GC(2055) Pause Remark 254M->129M(512M) 1.114ms
[2020-08-01T12:09:38.703+0300][76.746s][info ][gc] GC(2056) Pause Young (Normal) (G1 Evacuation Pause) 174M->163M(512M) 33.252ms
[2020-08-01T12:09:38.708+0300][76.752s][info ][gc] GC(2055) Pause Cleanup 176M->176M(512M) 0.083ms
[2020-08-01T12:09:38.708+0300][76.752s][info ][gc] GC(2055) Concurrent Cycle 75.725ms
[2020-08-01T12:09:38.744+0300][76.788s][info ][gc] GC(2057) Pause Young (Concurrent Start) (G1 Humongous Allocation) 197M->198M(512M) 28.237ms
[2020-08-01T12:09:38.745+0300][76.788s][info ][gc] GC(2058) Concurrent Cycle
[2020-08-01T12:09:38.761+0300][76.805s][debug][gc] GC(2058) Reclaimed 124 empty regions
[2020-08-01T12:09:38.761+0300][76.805s][info ][gc] GC(2058) Pause Remark 251M->127M(512M) 0.640ms
[2020-08-01T12:09:38.813+0300][76.857s][info ][gc] GC(2059) Pause Young (Normal) (G1 Evacuation Pause) 175M->163M(512M) 31.820ms
[2020-08-01T12:09:38.817+0300][76.861s][info ][gc] GC(2058) Pause Cleanup 173M->173M(512M) 0.091ms
[2020-08-01T12:09:38.817+0300][76.861s][info ][gc] GC(2058) Concurrent Cycle 72.877ms
[2020-08-01T12:09:38.852+0300][76.896s][info ][gc] GC(2060) Pause Young (Concurrent Start) (G1 Humongous Allocation) 197M->198M(512M) 25.728ms
[2020-08-01T12:09:38.852+0300][76.896s][info ][gc] GC(2061) Concurrent Cycle
[2020-08-01T12:09:38.868+0300][76.912s][debug][gc] GC(2061) Reclaimed 125 empty regions
[2020-08-01T12:09:38.868+0300][76.912s][info ][gc] GC(2061) Pause Remark 252M->127M(512M) 0.594ms
[2020-08-01T12:09:38.919+0300][76.962s][info ][gc] GC(2062) Pause Young (Normal) (G1 Evacuation Pause) 174M->162M(512M) 31.646ms
[2020-08-01T12:09:38.923+0300][76.967s][info ][gc] GC(2061) Pause Cleanup 174M->174M(512M) 0.088ms
[2020-08-01T12:09:38.924+0300][76.968s][info ][gc] GC(2061) Concurrent Cycle 71.975ms
[2020-08-01T12:09:38.960+0300][77.003s][info ][gc] GC(2063) Pause Young (Concurrent Start) (G1 Humongous Allocation) 196M->196M(512M) 26.907ms
[2020-08-01T12:09:38.960+0300][77.004s][info ][gc] GC(2064) Concurrent Cycle
[2020-08-01T12:09:38.979+0300][77.023s][debug][gc] GC(2064) Reclaimed 123 empty regions
[2020-08-01T12:09:38.979+0300][77.023s][info ][gc] GC(2064) Pause Remark 253M->130M(512M) 0.647ms
[2020-08-01T12:09:39.030+0300][77.074s][info ][gc] GC(2065) Pause Young (Normal) (G1 Evacuation Pause) 175M->164M(512M) 32.875ms
[2020-08-01T12:09:39.037+0300][77.080s][info ][gc] GC(2064) Pause Cleanup 179M->179M(512M) 0.082ms
[2020-08-01T12:09:39.037+0300][77.081s][info ][gc] GC(2064) Concurrent Cycle 77.407ms
[2020-08-01T12:09:39.070+0300][77.114s][info ][gc] GC(2066) Pause Young (Concurrent Start) (G1 Humongous Allocation) 197M->198M(512M) 26.370ms
[2020-08-01T12:09:39.070+0300][77.114s][info ][gc] GC(2067) Concurrent Cycle
[2020-08-01T12:09:39.087+0300][77.131s][debug][gc] GC(2067) Reclaimed 125 empty regions
[2020-08-01T12:09:39.087+0300][77.131s][info ][gc] GC(2067) Pause Remark 252M->127M(512M) 0.612ms
[2020-08-01T12:09:39.139+0300][77.183s][info ][gc] GC(2068) Pause Young (Normal) (G1 Evacuation Pause) 174M->162M(512M) 32.977ms
[2020-08-01T12:09:39.143+0300][77.187s][info ][gc] GC(2067) Pause Cleanup 172M->172M(512M) 0.085ms
[2020-08-01T12:09:39.144+0300][77.188s][info ][gc] GC(2067) Concurrent Cycle 73.583ms
[2020-08-01T12:09:39.179+0300][77.223s][info ][gc] GC(2069) Pause Young (Concurrent Start) (G1 Humongous Allocation) 196M->198M(512M) 26.366ms
[2020-08-01T12:09:39.179+0300][77.223s][info ][gc] GC(2070) Concurrent Cycle
[2020-08-01T12:09:39.197+0300][77.241s][debug][gc] GC(2070) Reclaimed 124 empty regions
[2020-08-01T12:09:39.197+0300][77.241s][info ][gc] GC(2070) Pause Remark 253M->129M(512M) 0.638ms
[2020-08-01T12:09:39.249+0300][77.293s][info ][gc] GC(2071) Pause Young (Normal) (G1 Evacuation Pause) 175M->163M(512M) 33.661ms
[2020-08-01T12:09:39.255+0300][77.299s][info ][gc] GC(2070) Pause Cleanup 174M->174M(512M) 0.088ms
[2020-08-01T12:09:39.255+0300][77.299s][info ][gc] GC(2070) Concurrent Cycle 75.916ms
[2020-08-01T12:09:39.290+0300][77.334s][info ][gc] GC(2072) Pause Young (Concurrent Start) (G1 Humongous Allocation) 197M->198M(512M) 26.482ms
[2020-08-01T12:09:39.290+0300][77.334s][info ][gc] GC(2073) Concurrent Cycle
[2020-08-01T12:09:39.307+0300][77.351s][debug][gc] GC(2073) Reclaimed 125 empty regions
[2020-08-01T12:09:39.307+0300][77.351s][info ][gc] GC(2073) Pause Remark 253M->128M(512M) 0.604ms
[2020-08-01T12:09:39.357+0300][77.401s][info ][gc] GC(2074) Pause Young (Normal) (G1 Evacuation Pause) 174M->162M(512M) 31.221ms
[2020-08-01T12:09:39.362+0300][77.405s][info ][gc] GC(2073) Pause Cleanup 174M->174M(512M) 0.083ms
[2020-08-01T12:09:39.362+0300][77.406s][info ][gc] GC(2073) Concurrent Cycle 71.538ms
[2020-08-01T12:09:39.397+0300][77.441s][info ][gc] GC(2075) Pause Young (Concurrent Start) (G1 Humongous Allocation) 196M->198M(512M) 26.704ms
[2020-08-01T12:09:39.397+0300][77.441s][info ][gc] GC(2076) Concurrent Cycle
[2020-08-01T12:09:39.415+0300][77.458s][debug][gc] GC(2076) Reclaimed 124 empty regions
[2020-08-01T12:09:39.415+0300][77.458s][info ][gc] GC(2076) Pause Remark 253M->129M(512M) 0.604ms
[2020-08-01T12:09:39.466+0300][77.510s][info ][gc] GC(2077) Pause Young (Normal) (G1 Evacuation Pause) 175M->163M(512M) 32.062ms
[2020-08-01T12:09:39.471+0300][77.515s][info ][gc] GC(2076) Pause Cleanup 175M->175M(512M) 0.095ms
[2020-08-01T12:09:39.472+0300][77.516s][info ][gc] GC(2076) Concurrent Cycle 74.994ms
[2020-08-01T12:09:39.507+0300][77.550s][info ][gc] GC(2078) Pause Young (Concurrent Start) (G1 Humongous Allocation) 197M->198M(512M) 26.332ms
[2020-08-01T12:09:39.507+0300][77.550s][info ][gc] GC(2079) Concurrent Cycle
[2020-08-01T12:09:39.523+0300][77.566s][debug][gc] GC(2079) Reclaimed 123 empty regions
[2020-08-01T12:09:39.523+0300][77.566s][info ][gc] GC(2079) Pause Remark 252M->129M(512M) 0.607ms
[2020-08-01T12:09:39.577+0300][77.621s][info ][gc] GC(2080) Pause Young (Normal) (G1 Evacuation Pause) 176M->165M(512M) 35.166ms
[2020-08-01T12:09:39.582+0300][77.626s][info ][gc] GC(2079) Pause Cleanup 176M->176M(512M) 0.082ms
[2020-08-01T12:09:39.582+0300][77.626s][info ][gc] GC(2079) Concurrent Cycle 75.653ms
[2020-08-01T12:09:39.664+0300][77.708s][info ][gc] GC(2081) Pause Young (Prepare Mixed) (G1 Evacuation Pause) 276M->277M(512M) 47.825ms
[2020-08-01T12:09:39.727+0300][77.771s][info ][gc] GC(2082) Pause Young (Mixed) (G1 Evacuation Pause) 289M->265M(512M) 57.396ms
[2020-08-01T12:09:39.767+0300][77.811s][info ][gc] GC(2083) Pause Young (Concurrent Start) (G1 Humongous Allocation) 311M->312M(512M) 21.818ms
[2020-08-01T12:09:39.767+0300][77.811s][info ][gc] GC(2084) Concurrent Cycle
[2020-08-01T12:09:39.785+0300][77.828s][debug][gc] GC(2084) Reclaimed 252 empty regions
[2020-08-01T12:09:39.785+0300][77.828s][info ][gc] GC(2084) Pause Remark 367M->115M(512M) 0.734ms
[2020-08-01T12:09:39.809+0300][77.853s][info ][gc] GC(2085) Pause Young (Normal) (G1 Evacuation Pause) 125M->117M(512M) 20.079ms
[2020-08-01T12:09:39.832+0300][77.876s][info ][gc] GC(2084) Pause Cleanup 175M->175M(512M) 0.061ms
[2020-08-01T12:09:39.832+0300][77.876s][info ][gc] GC(2084) Concurrent Cycle 64.977ms
[2020-08-01T12:09:39.871+0300][77.915s][info ][gc] GC(2086) Pause Young (Concurrent Start) (G1 Humongous Allocation) 187M->188M(512M) 34.242ms
[2020-08-01T12:09:39.871+0300][77.915s][info ][gc] GC(2087) Concurrent Cycle
[2020-08-01T12:09:39.897+0300][77.941s][debug][gc] GC(2087) Reclaimed 102 empty regions
[2020-08-01T12:09:39.897+0300][77.941s][info ][gc] GC(2087) Pause Remark 262M->160M(512M) 0.666ms
[2020-08-01T12:09:39.942+0300][77.986s][info ][gc] GC(2088) Pause Young (Normal) (G1 Evacuation Pause) 190M->177M(512M) 33.047ms
[2020-08-01T12:09:39.968+0300][78.012s][info ][gc] GC(2087) Pause Cleanup 255M->255M(512M) 0.067ms
[2020-08-01T12:09:39.969+0300][78.012s][info ][gc] GC(2087) Concurrent Cycle 97.407ms
[2020-08-01T12:09:40.026+0300][78.070s][info ][gc] GC(2089) Pause Young (Normal) (G1 Evacuation Pause) 284M->285M(512M) 46.275ms
[2020-08-01T12:09:40.072+0300][78.116s][info ][gc] GC(2090) Pause Young (Concurrent Start) (G1 Evacuation Pause) 338M->339M(512M) 24.877ms
[2020-08-01T12:09:40.072+0300][78.116s][info ][gc] GC(2091) Concurrent Cycle
[2020-08-01T12:09:40.111+0300][78.155s][info ][gc] GC(2092) Pause Young (Normal) (G1 Evacuation Pause) 395M->396M(512M) 18.878ms
[2020-08-01T12:09:40.130+0300][78.174s][info ][gc] GC(2093) Pause Young (Normal) (G1 Evacuation Pause) 415M->417M(512M) 11.398ms
[2020-08-01T12:09:40.150+0300][78.194s][info ][gc] GC(2094) Pause Young (Normal) (G1 Evacuation Pause) 438M->440M(512M) 10.545ms
[2020-08-01T12:09:40.169+0300][78.213s][info ][gc] GC(2095) Pause Young (Normal) (G1 Evacuation Pause) 461M->462M(512M) 10.597ms
[2020-08-01T12:09:40.189+0300][78.233s][info ][gc] GC(2096) Pause Young (Normal) (G1 Evacuation Pause) 483M->485M(512M) 11.694ms
[2020-08-01T12:09:40.207+0300][78.251s][info ][gc] GC(2097) To-space exhausted
[2020-08-01T12:09:40.207+0300][78.251s][info ][gc] GC(2097) Pause Young (Normal) (G1 Evacuation Pause) 511M->511M(512M) 13.592ms
[2020-08-01T12:09:40.208+0300][78.252s][debug][gc] GC(2098) Clear Next Bitmap 0.443ms
[2020-08-01T12:09:40.220+0300][78.264s][info ][gc] GC(2098) Pause Full (G1 Evacuation Pause) 511M->25M(512M) 12.962ms
[2020-08-01T12:09:40.221+0300][78.264s][info ][gc] GC(2091) Concurrent Cycle 148.661ms
[2020-08-01T12:09:40.325+0300][78.369s][info ][gc] GC(2099) Pause Young (Normal) (G1 Evacuation Pause) 180M->180M(512M) 50.702ms
[2020-08-01T12:09:40.396+0300][78.439s][info ][gc] GC(2100) Pause Young (Concurrent Start) (G1 Evacuation Pause) 265M->266M(512M) 36.923ms
[2020-08-01T12:09:40.396+0300][78.440s][info ][gc] GC(2101) Concurrent Cycle
[2020-08-01T12:09:40.455+0300][78.499s][info ][gc] GC(2102) Pause Young (Normal) (G1 Evacuation Pause) 344M->346M(512M) 28.866ms
[2020-08-01T12:09:40.487+0300][78.530s][info ][gc] GC(2103) Pause Young (Normal) (G1 Evacuation Pause) 379M->380M(512M) 17.072ms
[2020-08-01T12:09:40.508+0300][78.552s][info ][gc] GC(2104) Pause Young (Normal) (G1 Evacuation Pause) 403M->405M(512M) 12.218ms
[2020-08-01T12:09:40.518+0300][78.562s][debug][gc] GC(2101) Reclaimed 24 empty regions
[2020-08-01T12:09:40.518+0300][78.562s][info ][gc] GC(2101) Pause Remark 445M->424M(512M) 0.707ms
[2020-08-01T12:09:40.531+0300][78.575s][info ][gc] GC(2105) Pause Young (Normal) (G1 Evacuation Pause) 425M->426M(512M) 12.045ms
[2020-08-01T12:09:40.555+0300][78.599s][info ][gc] GC(2106) Pause Young (Normal) (G1 Evacuation Pause) 447M->448M(512M) 14.008ms
[2020-08-01T12:09:40.582+0300][78.626s][info ][gc] GC(2107) Pause Young (Normal) (G1 Evacuation Pause) 469M->471M(512M) 18.288ms
[2020-08-01T12:09:40.616+0300][78.660s][info ][gc] GC(2108) To-space exhausted
[2020-08-01T12:09:40.616+0300][78.660s][info ][gc] GC(2108) Pause Young (Normal) (G1 Evacuation Pause) 492M->500M(512M) 23.417ms
[2020-08-01T12:09:40.649+0300][78.693s][info ][gc] GC(2109) To-space exhausted
[2020-08-01T12:09:40.649+0300][78.693s][info ][gc] GC(2109) Pause Young (Normal) (G1 Evacuation Pause) 511M->511M(512M) 26.656ms
[2020-08-01T12:09:40.649+0300][78.693s][debug][gc] GC(2110) Clear Next Bitmap 0.233ms
[2020-08-01T12:09:40.726+0300][78.770s][info ][gc] GC(2110) Pause Full (G1 Evacuation Pause) 511M->109M(512M) 77.171ms
[2020-08-01T12:09:40.726+0300][78.770s][info ][gc] GC(2101) Concurrent Cycle 330.529ms
[2020-08-01T12:09:40.751+0300][78.795s][info ][gc] GC(2111) Pause Young (Concurrent Start) (G1 Humongous Allocation) 136M->136M(512M) 12.683ms
[2020-08-01T12:09:40.751+0300][78.795s][info ][gc] GC(2112) Concurrent Cycle
[2020-08-01T12:09:40.763+0300][78.807s][debug][gc] GC(2112) Reclaimed 107 empty regions
[2020-08-01T12:09:40.763+0300][78.807s][info ][gc] GC(2112) Pause Remark 177M->74M(512M) 0.880ms
[2020-08-01T12:09:40.776+0300][78.820s][info ][gc] GC(2112) Pause Cleanup 107M->107M(512M) 0.053ms
[2020-08-01T12:09:40.777+0300][78.821s][info ][gc] GC(2112) Concurrent Cycle 26.148ms
[2020-08-01T12:09:40.833+0300][78.876s][info ][gc] GC(2113) Pause Young (Normal) (G1 Evacuation Pause) 153M->139M(512M) 37.908ms
[2020-08-01T12:09:40.851+0300][78.895s][info ][gc] GC(2114) Pause Young (Concurrent Start) (G1 Humongous Allocation) 154M->156M(512M) 12.461ms
[2020-08-01T12:09:40.851+0300][78.895s][info ][gc] GC(2115) Concurrent Cycle
[2020-08-01T12:09:40.863+0300][78.907s][debug][gc] GC(2115) Reclaimed 118 empty regions
[2020-08-01T12:09:40.863+0300][78.907s][info ][gc] GC(2115) Pause Remark 199M->81M(512M) 0.667ms
[2020-08-01T12:09:40.878+0300][78.922s][info ][gc] GC(2115) Pause Cleanup 119M->119M(512M) 0.051ms
[2020-08-01T12:09:40.879+0300][78.923s][info ][gc] GC(2115) Concurrent Cycle 27.490ms
[2020-08-01T12:09:40.927+0300][78.971s][info ][gc] GC(2116) Pause Young (Normal) (G1 Evacuation Pause) 152M->138M(512M) 35.657ms
[2020-08-01T12:09:40.949+0300][78.993s][info ][gc] GC(2117) Pause Young (Concurrent Start) (G1 Humongous Allocation) 159M->161M(512M) 13.764ms
[2020-08-01T12:09:40.949+0300][78.993s][info ][gc] GC(2118) Concurrent Cycle
[2020-08-01T12:09:40.963+0300][79.007s][debug][gc] GC(2118) Reclaimed 118 empty regions
[2020-08-01T12:09:40.963+0300][79.007s][info ][gc] GC(2118) Pause Remark 207M->89M(512M) 0.644ms
[2020-08-01T12:09:40.981+0300][79.025s][info ][gc] GC(2118) Pause Cleanup 134M->134M(512M) 0.065ms
[2020-08-01T12:09:40.981+0300][79.025s][info ][gc] GC(2118) Concurrent Cycle 32.178ms
[2020-08-01T12:09:41.028+0300][79.072s][info ][gc] GC(2119) Pause Young (Normal) (G1 Evacuation Pause) 156M->142M(512M) 38.480ms
[2020-08-01T12:09:41.052+0300][79.095s][info ][gc] GC(2120) Pause Young (Concurrent Start) (G1 Humongous Allocation) 164M->165M(512M) 14.264ms
[2020-08-01T12:09:41.052+0300][79.095s][info ][gc] GC(2121) Concurrent Cycle
[2020-08-01T12:09:41.065+0300][79.108s][debug][gc] GC(2121) Reclaimed 121 empty regions
[2020-08-01T12:09:41.065+0300][79.109s][info ][gc] GC(2121) Pause Remark 211M->90M(512M) 0.627ms
[2020-08-01T12:09:41.083+0300][79.127s][info ][gc] GC(2121) Pause Cleanup 136M->136M(512M) 0.065ms
[2020-08-01T12:09:41.084+0300][79.128s][info ][gc] GC(2121) Concurrent Cycle 32.088ms
[2020-08-01T12:09:41.126+0300][79.169s][info ][gc] GC(2122) Pause Young (Normal) (G1 Evacuation Pause) 155M->142M(512M) 34.786ms
[2020-08-01T12:09:41.150+0300][79.194s][info ][gc] GC(2123) Pause Young (Concurrent Start) (G1 Humongous Allocation) 166M->168M(512M) 14.431ms
[2020-08-01T12:09:41.150+0300][79.194s][info ][gc] GC(2124) Concurrent Cycle
[2020-08-01T12:09:41.164+0300][79.207s][debug][gc] GC(2124) Reclaimed 122 empty regions
[2020-08-01T12:09:41.164+0300][79.207s][info ][gc] GC(2124) Pause Remark 215M->93M(512M) 0.629ms
[2020-08-01T12:09:41.184+0300][79.227s][info ][gc] GC(2124) Pause Cleanup 142M->142M(512M) 0.077ms
[2020-08-01T12:09:41.185+0300][79.228s][info ][gc] GC(2124) Concurrent Cycle 34.675ms
[2020-08-01T12:09:41.223+0300][79.267s][info ][gc] GC(2125) Pause Young (Normal) (G1 Evacuation Pause) 156M->143M(512M) 33.821ms
[2020-08-01T12:09:41.249+0300][79.293s][info ][gc] GC(2126) Pause Young (Concurrent Start) (G1 Humongous Allocation) 168M->169M(512M) 15.666ms
[2020-08-01T12:09:41.249+0300][79.293s][info ][gc] GC(2127) Concurrent Cycle
[2020-08-01T12:09:41.263+0300][79.307s][debug][gc] GC(2127) Reclaimed 123 empty regions
[2020-08-01T12:09:41.263+0300][79.307s][info ][gc] GC(2127) Pause Remark 216M->93M(512M) 0.638ms
[2020-08-01T12:09:41.283+0300][79.327s][info ][gc] GC(2127) Pause Cleanup 143M->143M(512M) 0.061ms
[2020-08-01T12:09:41.284+0300][79.327s][info ][gc] GC(2127) Concurrent Cycle 34.708ms
[2020-08-01T12:09:41.322+0300][79.366s][info ][gc] GC(2128) Pause Young (Normal) (G1 Evacuation Pause) 156M->143M(512M) 33.779ms
[2020-08-01T12:09:41.348+0300][79.392s][info ][gc] GC(2129) Pause Young (Concurrent Start) (G1 Humongous Allocation) 168M->170M(512M) 15.997ms
[2020-08-01T12:09:41.348+0300][79.392s][info ][gc] GC(2130) Concurrent Cycle
[2020-08-01T12:09:41.362+0300][79.406s][debug][gc] GC(2130) Reclaimed 123 empty regions
[2020-08-01T12:09:41.362+0300][79.406s][info ][gc] GC(2130) Pause Remark 218M->95M(512M) 0.617ms
[2020-08-01T12:09:41.382+0300][79.426s][info ][gc] GC(2130) Pause Cleanup 145M->145M(512M) 0.060ms
[2020-08-01T12:09:41.382+0300][79.426s][info ][gc] GC(2130) Concurrent Cycle 34.072ms
[2020-08-01T12:09:41.421+0300][79.465s][info ][gc] GC(2131) Pause Young (Normal) (G1 Evacuation Pause) 157M->144M(512M) 34.240ms
[2020-08-01T12:09:41.447+0300][79.491s][info ][gc] GC(2132) Pause Young (Concurrent Start) (G1 Humongous Allocation) 170M->171M(512M) 15.631ms
[2020-08-01T12:09:41.447+0300][79.491s][info ][gc] GC(2133) Concurrent Cycle
[2020-08-01T12:09:41.462+0300][79.506s][debug][gc] GC(2133) Reclaimed 124 empty regions
[2020-08-01T12:09:41.462+0300][79.506s][info ][gc] GC(2133) Pause Remark 220M->96M(512M) 0.669ms
[2020-08-01T12:09:41.482+0300][79.526s][info ][gc] GC(2133) Pause Cleanup 146M->146M(512M) 0.083ms
[2020-08-01T12:09:41.483+0300][79.526s][info ][gc] GC(2133) Concurrent Cycle 35.364ms
[2020-08-01T12:09:41.523+0300][79.567s][info ][gc] GC(2134) Pause Young (Normal) (G1 Evacuation Pause) 157M->144M(512M) 35.934ms
[2020-08-01T12:09:41.549+0300][79.592s][info ][gc] GC(2135) Pause Young (Concurrent Start) (G1 Humongous Allocation) 169M->170M(512M) 15.347ms
[2020-08-01T12:09:41.549+0300][79.593s][info ][gc] GC(2136) Concurrent Cycle
[2020-08-01T12:09:41.564+0300][79.608s][debug][gc] GC(2136) Reclaimed 120 empty regions
[2020-08-01T12:09:41.564+0300][79.608s][info ][gc] GC(2136) Pause Remark 219M->99M(512M) 0.659ms
[2020-08-01T12:09:41.585+0300][79.628s][info ][gc] GC(2136) Pause Cleanup 149M->149M(512M) 0.072ms
[2020-08-01T12:09:41.585+0300][79.629s][info ][gc] GC(2136) Concurrent Cycle 36.472ms
[2020-08-01T12:09:41.625+0300][79.668s][info ][gc] GC(2137) Pause Young (Normal) (G1 Evacuation Pause) 160M->147M(512M) 34.890ms
[2020-08-01T12:09:41.649+0300][79.693s][info ][gc] GC(2138) Pause Young (Concurrent Start) (G1 Humongous Allocation) 172M->173M(512M) 14.672ms
[2020-08-01T12:09:41.649+0300][79.693s][info ][gc] GC(2139) Concurrent Cycle
[2020-08-01T12:09:41.665+0300][79.709s][debug][gc] GC(2139) Reclaimed 122 empty regions
[2020-08-01T12:09:41.665+0300][79.709s][info ][gc] GC(2139) Pause Remark 223M->101M(512M) 0.671ms
[2020-08-01T12:09:41.685+0300][79.729s][info ][gc] GC(2139) Pause Cleanup 152M->152M(512M) 0.069ms
[2020-08-01T12:09:41.685+0300][79.729s][info ][gc] GC(2139) Concurrent Cycle 36.138ms
[2020-08-01T12:09:41.721+0300][79.765s][info ][gc] GC(2140) Pause Young (Normal) (G1 Evacuation Pause) 160M->148M(512M) 32.726ms
[2020-08-01T12:09:41.749+0300][79.793s][info ][gc] GC(2141) Pause Young (Concurrent Start) (G1 Humongous Allocation) 174M->175M(512M) 17.643ms
[2020-08-01T12:09:41.749+0300][79.793s][info ][gc] GC(2142) Concurrent Cycle
[2020-08-01T12:09:41.764+0300][79.808s][debug][gc] GC(2142) Reclaimed 123 empty regions
[2020-08-01T12:09:41.764+0300][79.808s][info ][gc] GC(2142) Pause Remark 225M->102M(512M) 0.723ms
[2020-08-01T12:09:41.785+0300][79.829s][info ][gc] GC(2142) Pause Cleanup 154M->154M(512M) 0.082ms
[2020-08-01T12:09:41.786+0300][79.830s][info ][gc] GC(2142) Concurrent Cycle 36.884ms
[2020-08-01T12:09:41.822+0300][79.866s][info ][gc] GC(2143) Pause Young (Normal) (G1 Evacuation Pause) 160M->148M(512M) 33.851ms
[2020-08-01T12:09:41.850+0300][79.894s][info ][gc] GC(2144) Pause Young (Concurrent Start) (G1 Humongous Allocation) 175M->176M(512M) 17.239ms
[2020-08-01T12:09:41.850+0300][79.894s][info ][gc] GC(2145) Concurrent Cycle
[2020-08-01T12:09:41.865+0300][79.909s][debug][gc] GC(2145) Reclaimed 123 empty regions
[2020-08-01T12:09:41.865+0300][79.909s][info ][gc] GC(2145) Pause Remark 225M->102M(512M) 0.673ms
[2020-08-01T12:09:41.886+0300][79.930s][info ][gc] GC(2145) Pause Cleanup 155M->155M(512M) 0.070ms
[2020-08-01T12:09:41.887+0300][79.930s][info ][gc] GC(2145) Concurrent Cycle 36.723ms
[2020-08-01T12:09:41.921+0300][79.965s][info ][gc] GC(2146) Pause Young (Normal) (G1 Evacuation Pause) 161M->149M(512M) 32.335ms
[2020-08-01T12:09:41.949+0300][79.993s][info ][gc] GC(2147) Pause Young (Concurrent Start) (G1 Humongous Allocation) 176M->178M(512M) 17.125ms
[2020-08-01T12:09:41.949+0300][79.993s][info ][gc] GC(2148) Concurrent Cycle
[2020-08-01T12:09:41.964+0300][80.008s][debug][gc] GC(2148) Reclaimed 125 empty regions
[2020-08-01T12:09:41.964+0300][80.008s][info ][gc] GC(2148) Pause Remark 228M->103M(512M) 0.627ms
[2020-08-01T12:09:41.985+0300][80.029s][info ][gc] GC(2148) Pause Cleanup 156M->156M(512M) 0.080ms
[2020-08-01T12:09:41.986+0300][80.030s][info ][gc] GC(2148) Concurrent Cycle 36.891ms
[2020-08-01T12:09:42.019+0300][80.063s][info ][gc] GC(2149) Pause Young (Normal) (G1 Evacuation Pause) 160M->147M(512M) 32.133ms
[2020-08-01T12:09:42.047+0300][80.091s][info ][gc] GC(2150) Pause Young (Concurrent Start) (G1 Humongous Allocation) 175M->176M(512M) 16.453ms
[2020-08-01T12:09:42.047+0300][80.091s][info ][gc] GC(2151) Concurrent Cycle
[2020-08-01T12:09:42.062+0300][80.106s][debug][gc] GC(2151) Reclaimed 123 empty regions
[2020-08-01T12:09:42.062+0300][80.106s][info ][gc] GC(2151) Pause Remark 225M->102M(512M) 0.633ms
[2020-08-01T12:09:42.084+0300][80.128s][info ][gc] GC(2151) Pause Cleanup 157M->157M(512M) 0.072ms
[2020-08-01T12:09:42.084+0300][80.128s][info ][gc] GC(2151) Concurrent Cycle 37.291ms
[2020-08-01T12:09:42.118+0300][80.162s][info ][gc] GC(2152) Pause Young (Normal) (G1 Evacuation Pause) 161M->148M(512M) 32.412ms
[2020-08-01T12:09:42.145+0300][80.189s][info ][gc] GC(2153) Pause Young (Concurrent Start) (G1 Humongous Allocation) 175M->176M(512M) 16.417ms
[2020-08-01T12:09:42.145+0300][80.189s][info ][gc] GC(2154) Concurrent Cycle
[2020-08-01T12:09:42.160+0300][80.204s][debug][gc] GC(2154) Reclaimed 124 empty regions
[2020-08-01T12:09:42.160+0300][80.204s][info ][gc] GC(2154) Pause Remark 226M->102M(512M) 0.669ms
[2020-08-01T12:09:42.181+0300][80.224s][info ][gc] GC(2154) Pause Cleanup 155M->155M(512M) 0.067ms
[2020-08-01T12:09:42.181+0300][80.225s][info ][gc] GC(2154) Concurrent Cycle 35.902ms
[2020-08-01T12:09:42.217+0300][80.260s][info ][gc] GC(2155) Pause Young (Normal) (G1 Evacuation Pause) 160M->148M(512M) 33.476ms
[2020-08-01T12:09:42.244+0300][80.288s][info ][gc] GC(2156) Pause Young (Concurrent Start) (G1 Humongous Allocation) 175M->176M(512M) 17.194ms
[2020-08-01T12:09:42.245+0300][80.288s][info ][gc] GC(2157) Concurrent Cycle
[2020-08-01T12:09:42.260+0300][80.304s][debug][gc] GC(2157) Reclaimed 123 empty regions
[2020-08-01T12:09:42.260+0300][80.304s][info ][gc] GC(2157) Pause Remark 227M->104M(512M) 0.635ms
[2020-08-01T12:09:42.281+0300][80.325s][info ][gc] GC(2157) Pause Cleanup 158M->158M(512M) 0.070ms
[2020-08-01T12:09:42.282+0300][80.326s][info ][gc] GC(2157) Concurrent Cycle 37.407ms
[2020-08-01T12:09:42.316+0300][80.359s][info ][gc] GC(2158) Pause Young (Normal) (G1 Evacuation Pause) 161M->149M(512M) 32.617ms
[2020-08-01T12:09:42.343+0300][80.386s][info ][gc] GC(2159) Pause Young (Concurrent Start) (G1 Humongous Allocation) 176M->177M(512M) 16.242ms
[2020-08-01T12:09:42.343+0300][80.386s][info ][gc] GC(2160) Concurrent Cycle
[2020-08-01T12:09:42.357+0300][80.401s][debug][gc] GC(2160) Reclaimed 124 empty regions
[2020-08-01T12:09:42.357+0300][80.401s][info ][gc] GC(2160) Pause Remark 226M->102M(512M) 0.631ms
[2020-08-01T12:09:42.378+0300][80.422s][info ][gc] GC(2160) Pause Cleanup 155M->155M(512M) 0.065ms
[2020-08-01T12:09:42.378+0300][80.422s][info ][gc] GC(2160) Concurrent Cycle 35.606ms
[2020-08-01T12:09:42.413+0300][80.457s][info ][gc] GC(2161) Pause Young (Normal) (G1 Evacuation Pause) 161M->148M(512M) 32.917ms
[2020-08-01T12:09:42.441+0300][80.485s][info ][gc] GC(2162) Pause Young (Concurrent Start) (G1 Humongous Allocation) 175M->176M(512M) 16.641ms
[2020-08-01T12:09:42.441+0300][80.485s][info ][gc] GC(2163) Concurrent Cycle
[2020-08-01T12:09:42.456+0300][80.500s][debug][gc] GC(2163) Reclaimed 123 empty regions
[2020-08-01T12:09:42.456+0300][80.500s][info ][gc] GC(2163) Pause Remark 226M->103M(512M) 0.635ms
[2020-08-01T12:09:42.477+0300][80.521s][info ][gc] GC(2163) Pause Cleanup 156M->156M(512M) 0.070ms
[2020-08-01T12:09:42.478+0300][80.522s][info ][gc] GC(2163) Concurrent Cycle 37.112ms
[2020-08-01T12:09:42.512+0300][80.556s][info ][gc] GC(2164) Pause Young (Normal) (G1 Evacuation Pause) 161M->149M(512M) 32.825ms
[2020-08-01T12:09:42.539+0300][80.583s][info ][gc] GC(2165) Pause Young (Concurrent Start) (G1 Humongous Allocation) 176M->177M(512M) 15.843ms
[2020-08-01T12:09:42.540+0300][80.583s][info ][gc] GC(2166) Concurrent Cycle
[2020-08-01T12:09:42.556+0300][80.600s][debug][gc] GC(2166) Reclaimed 124 empty regions
[2020-08-01T12:09:42.556+0300][80.600s][info ][gc] GC(2166) Pause Remark 228M->104M(512M) 0.697ms
[2020-08-01T12:09:42.578+0300][80.622s][info ][gc] GC(2166) Pause Cleanup 158M->158M(512M) 0.097ms
[2020-08-01T12:09:42.579+0300][80.623s][info ][gc] GC(2166) Concurrent Cycle 39.396ms
[2020-08-01T12:09:42.615+0300][80.658s][info ][gc] GC(2167) Pause Young (Normal) (G1 Evacuation Pause) 161M->148M(512M) 34.706ms
[2020-08-01T12:09:42.642+0300][80.685s][info ][gc] GC(2168) Pause Young (Concurrent Start) (G1 Humongous Allocation) 175M->176M(512M) 16.458ms
[2020-08-01T12:09:42.642+0300][80.685s][info ][gc] GC(2169) Concurrent Cycle
[2020-08-01T12:09:42.658+0300][80.702s][debug][gc] GC(2169) Reclaimed 124 empty regions
[2020-08-01T12:09:42.658+0300][80.702s][info ][gc] GC(2169) Pause Remark 228M->104M(512M) 0.676ms
[2020-08-01T12:09:42.679+0300][80.723s][info ][gc] GC(2169) Pause Cleanup 158M->158M(512M) 0.068ms
[2020-08-01T12:09:42.680+0300][80.724s][info ][gc] GC(2169) Concurrent Cycle 38.088ms
[2020-08-01T12:09:42.714+0300][80.758s][info ][gc] GC(2170) Pause Young (Normal) (G1 Evacuation Pause) 160M->148M(512M) 33.899ms
[2020-08-01T12:09:42.744+0300][80.788s][info ][gc] GC(2171) Pause Young (Concurrent Start) (G1 Humongous Allocation) 175M->176M(512M) 18.723ms
[2020-08-01T12:09:42.744+0300][80.788s][info ][gc] GC(2172) Concurrent Cycle
[2020-08-01T12:09:42.759+0300][80.803s][debug][gc] GC(2172) Reclaimed 123 empty regions
[2020-08-01T12:09:42.759+0300][80.803s][info ][gc] GC(2172) Pause Remark 225M->102M(512M) 0.633ms
[2020-08-01T12:09:42.780+0300][80.824s][info ][gc] GC(2172) Pause Cleanup 154M->154M(512M) 0.065ms
[2020-08-01T12:09:42.781+0300][80.824s][info ][gc] GC(2172) Concurrent Cycle 36.416ms
[2020-08-01T12:09:42.816+0300][80.859s][info ][gc] GC(2173) Pause Young (Normal) (G1 Evacuation Pause) 161M->148M(512M) 32.619ms
[2020-08-01T12:09:42.843+0300][80.887s][info ][gc] GC(2174) Pause Young (Concurrent Start) (G1 Humongous Allocation) 175M->176M(512M) 16.499ms
[2020-08-01T12:09:42.843+0300][80.887s][info ][gc] GC(2175) Concurrent Cycle
[2020-08-01T12:09:42.857+0300][80.901s][debug][gc] GC(2175) Reclaimed 124 empty regions
[2020-08-01T12:09:42.857+0300][80.901s][info ][gc] GC(2175) Pause Remark 225M->101M(512M) 0.627ms
[2020-08-01T12:09:42.878+0300][80.922s][info ][gc] GC(2175) Pause Cleanup 154M->154M(512M) 0.069ms
[2020-08-01T12:09:42.879+0300][80.923s][info ][gc] GC(2175) Concurrent Cycle 36.041ms
[2020-08-01T12:09:42.914+0300][80.958s][info ][gc] GC(2176) Pause Young (Normal) (G1 Evacuation Pause) 160M->147M(512M) 32.886ms
[2020-08-01T12:09:42.941+0300][80.985s][info ][gc] GC(2177) Pause Young (Concurrent Start) (G1 Humongous Allocation) 174M->175M(512M) 16.703ms
[2020-08-01T12:09:42.941+0300][80.985s][info ][gc] GC(2178) Concurrent Cycle
[2020-08-01T12:09:42.956+0300][81.000s][debug][gc] GC(2178) Reclaimed 123 empty regions
[2020-08-01T12:09:42.957+0300][81.000s][info ][gc] GC(2178) Pause Remark 226M->103M(512M) 0.681ms
[2020-08-01T12:09:42.978+0300][81.022s][info ][gc] GC(2178) Pause Cleanup 157M->157M(512M) 0.074ms
[2020-08-01T12:09:42.978+0300][81.022s][info ][gc] GC(2178) Concurrent Cycle 37.231ms
[2020-08-01T12:09:43.013+0300][81.056s][info ][gc] GC(2179) Pause Young (Normal) (G1 Evacuation Pause) 160M->147M(512M) 33.208ms
[2020-08-01T12:09:43.040+0300][81.084s][info ][gc] GC(2180) Pause Young (Concurrent Start) (G1 Humongous Allocation) 174M->175M(512M) 16.697ms
[2020-08-01T12:09:43.040+0300][81.084s][info ][gc] GC(2181) Concurrent Cycle
[2020-08-01T12:09:43.055+0300][81.099s][debug][gc] GC(2181) Reclaimed 123 empty regions
[2020-08-01T12:09:43.055+0300][81.099s][info ][gc] GC(2181) Pause Remark 224M->101M(512M) 0.639ms
[2020-08-01T12:09:43.076+0300][81.120s][info ][gc] GC(2181) Pause Cleanup 154M->154M(512M) 0.078ms
[2020-08-01T12:09:43.077+0300][81.121s][info ][gc] GC(2181) Concurrent Cycle 36.631ms
[2020-08-01T12:09:43.113+0300][81.156s][info ][gc] GC(2182) Pause Young (Normal) (G1 Evacuation Pause) 160M->148M(512M) 33.495ms
[2020-08-01T12:09:43.139+0300][81.182s][info ][gc] GC(2183) Pause Young (Concurrent Start) (G1 Humongous Allocation) 175M->176M(512M) 15.480ms
[2020-08-01T12:09:43.139+0300][81.182s][info ][gc] GC(2184) Concurrent Cycle
[2020-08-01T12:09:43.154+0300][81.197s][debug][gc] GC(2184) Reclaimed 123 empty regions
[2020-08-01T12:09:43.154+0300][81.198s][info ][gc] GC(2184) Pause Remark 226M->103M(512M) 0.642ms
[2020-08-01T12:09:43.175+0300][81.218s][info ][gc] GC(2184) Pause Cleanup 156M->156M(512M) 0.068ms
[2020-08-01T12:09:43.175+0300][81.219s][info ][gc] GC(2184) Concurrent Cycle 36.435ms
[2020-08-01T12:09:43.209+0300][81.253s][info ][gc] GC(2185) Pause Young (Normal) (G1 Evacuation Pause) 161M->148M(512M) 31.989ms
[2020-08-01T12:09:43.235+0300][81.279s][info ][gc] GC(2186) Pause Young (Concurrent Start) (G1 Humongous Allocation) 175M->177M(512M) 15.360ms
[2020-08-01T12:09:43.235+0300][81.279s][info ][gc] GC(2187) Concurrent Cycle
[2020-08-01T12:09:43.250+0300][81.294s][debug][gc] GC(2187) Reclaimed 123 empty regions
[2020-08-01T12:09:43.250+0300][81.294s][info ][gc] GC(2187) Pause Remark 227M->104M(512M) 0.665ms
[2020-08-01T12:09:43.272+0300][81.316s][info ][gc] GC(2187) Pause Cleanup 158M->158M(512M) 0.071ms
[2020-08-01T12:09:43.272+0300][81.316s][info ][gc] GC(2187) Concurrent Cycle 37.388ms
[2020-08-01T12:09:43.306+0300][81.350s][info ][gc] GC(2188) Pause Young (Normal) (G1 Evacuation Pause) 162M->149M(512M) 32.678ms
[2020-08-01T12:09:43.333+0300][81.376s][info ][gc] GC(2189) Pause Young (Concurrent Start) (G1 Humongous Allocation) 176M->177M(512M) 15.624ms
[2020-08-01T12:09:43.333+0300][81.376s][info ][gc] GC(2190) Concurrent Cycle
[2020-08-01T12:09:43.347+0300][81.391s][debug][gc] GC(2190) Reclaimed 124 empty regions
[2020-08-01T12:09:43.347+0300][81.391s][info ][gc] GC(2190) Pause Remark 225M->101M(512M) 0.665ms
[2020-08-01T12:09:43.368+0300][81.412s][info ][gc] GC(2190) Pause Cleanup 154M->154M(512M) 0.065ms
[2020-08-01T12:09:43.369+0300][81.412s][info ][gc] GC(2190) Concurrent Cycle 35.950ms
[2020-08-01T12:09:43.404+0300][81.448s][info ][gc] GC(2191) Pause Young (Normal) (G1 Evacuation Pause) 161M->149M(512M) 33.094ms
[2020-08-01T12:09:43.431+0300][81.475s][info ][gc] GC(2192) Pause Young (Concurrent Start) (G1 Humongous Allocation) 176M->177M(512M) 15.813ms
[2020-08-01T12:09:43.431+0300][81.475s][info ][gc] GC(2193) Concurrent Cycle
[2020-08-01T12:09:43.446+0300][81.490s][debug][gc] GC(2193) Reclaimed 125 empty regions
[2020-08-01T12:09:43.446+0300][81.490s][info ][gc] GC(2193) Pause Remark 225M->100M(512M) 0.894ms
[2020-08-01T12:09:43.468+0300][81.512s][info ][gc] GC(2193) Pause Cleanup 153M->153M(512M) 0.120ms
[2020-08-01T12:09:43.468+0300][81.512s][info ][gc] GC(2193) Concurrent Cycle 37.503ms
[2020-08-01T12:09:43.505+0300][81.549s][info ][gc] GC(2194) Pause Young (Normal) (G1 Evacuation Pause) 160M->147M(512M) 33.945ms
[2020-08-01T12:09:43.534+0300][81.578s][info ][gc] GC(2195) Pause Young (Concurrent Start) (G1 Humongous Allocation) 174M->176M(512M) 18.138ms
[2020-08-01T12:09:43.534+0300][81.578s][info ][gc] GC(2196) Concurrent Cycle
[2020-08-01T12:09:43.549+0300][81.593s][debug][gc] GC(2196) Reclaimed 123 empty regions
[2020-08-01T12:09:43.549+0300][81.593s][info ][gc] GC(2196) Pause Remark 226M->103M(512M) 0.695ms
[2020-08-01T12:09:43.571+0300][81.615s][info ][gc] GC(2196) Pause Cleanup 157M->157M(512M) 0.076ms
[2020-08-01T12:09:43.572+0300][81.616s][info ][gc] GC(2196) Concurrent Cycle 38.130ms
[2020-08-01T12:09:43.610+0300][81.654s][info ][gc] GC(2197) Pause Young (Normal) (G1 Evacuation Pause) 161M->148M(512M) 36.397ms
[2020-08-01T12:09:43.637+0300][81.680s][info ][gc] GC(2198) Pause Young (Concurrent Start) (G1 Humongous Allocation) 175M->176M(512M) 15.888ms
[2020-08-01T12:09:43.637+0300][81.680s][info ][gc] GC(2199) Concurrent Cycle
[2020-08-01T12:09:43.654+0300][81.698s][debug][gc] GC(2199) Reclaimed 123 empty regions
[2020-08-01T12:09:43.654+0300][81.698s][info ][gc] GC(2199) Pause Remark 229M->106M(512M) 0.664ms
[2020-08-01T12:09:43.676+0300][81.719s][info ][gc] GC(2199) Pause Cleanup 161M->161M(512M) 0.070ms
[2020-08-01T12:09:43.709+0300][81.752s][info ][gc] GC(2200) Pause Young (Normal) (G1 Evacuation Pause) 161M->149M(512M) 32.675ms
[2020-08-01T12:09:43.709+0300][81.753s][info ][gc] GC(2199) Concurrent Cycle 72.376ms
[2020-08-01T12:09:43.736+0300][81.779s][info ][gc] GC(2201) Pause Young (Concurrent Start) (G1 Humongous Allocation) 176M->177M(512M) 15.876ms
[2020-08-01T12:09:43.736+0300][81.779s][info ][gc] GC(2202) Concurrent Cycle
[2020-08-01T12:09:43.750+0300][81.794s][debug][gc] GC(2202) Reclaimed 124 empty regions
[2020-08-01T12:09:43.750+0300][81.794s][info ][gc] GC(2202) Pause Remark 226M->102M(512M) 0.638ms
[2020-08-01T12:09:43.771+0300][81.815s][info ][gc] GC(2202) Pause Cleanup 154M->154M(512M) 0.065ms
[2020-08-01T12:09:43.771+0300][81.815s][info ][gc] GC(2202) Concurrent Cycle 35.669ms
[2020-08-01T12:09:43.806+0300][81.850s][info ][gc] GC(2203) Pause Young (Normal) (G1 Evacuation Pause) 161M->149M(512M) 32.413ms
[2020-08-01T12:09:43.833+0300][81.877s][info ][gc] GC(2204) Pause Young (Concurrent Start) (G1 Humongous Allocation) 176M->177M(512M) 16.062ms
[2020-08-01T12:09:43.833+0300][81.877s][info ][gc] GC(2205) Concurrent Cycle
[2020-08-01T12:09:43.848+0300][81.892s][debug][gc] GC(2205) Reclaimed 124 empty regions
[2020-08-01T12:09:43.848+0300][81.892s][info ][gc] GC(2205) Pause Remark 226M->102M(512M) 0.631ms
[2020-08-01T12:09:43.869+0300][81.913s][info ][gc] GC(2205) Pause Cleanup 154M->154M(512M) 0.069ms
[2020-08-01T12:09:43.870+0300][81.914s][info ][gc] GC(2205) Concurrent Cycle 36.726ms
[2020-08-01T12:09:43.905+0300][81.949s][info ][gc] GC(2206) Pause Young (Normal) (G1 Evacuation Pause) 161M->148M(512M) 32.828ms
[2020-08-01T12:09:43.932+0300][81.976s][info ][gc] GC(2207) Pause Young (Concurrent Start) (G1 Humongous Allocation) 175M->176M(512M) 16.059ms
[2020-08-01T12:09:43.932+0300][81.976s][info ][gc] GC(2208) Concurrent Cycle
[2020-08-01T12:09:43.947+0300][81.991s][debug][gc] GC(2208) Reclaimed 124 empty regions
[2020-08-01T12:09:43.947+0300][81.991s][info ][gc] GC(2208) Pause Remark 226M->102M(512M) 0.658ms
[2020-08-01T12:09:43.968+0300][82.012s][info ][gc] GC(2208) Pause Cleanup 155M->155M(512M) 0.063ms
[2020-08-01T12:09:43.969+0300][82.013s][info ][gc] GC(2208) Concurrent Cycle 36.973ms
[2020-08-01T12:09:44.006+0300][82.050s][info ][gc] GC(2209) Pause Young (Normal) (G1 Evacuation Pause) 160M->148M(512M) 35.318ms
[2020-08-01T12:09:44.033+0300][82.076s][info ][gc] GC(2210) Pause Young (Concurrent Start) (G1 Humongous Allocation) 175M->176M(512M) 16.003ms
[2020-08-01T12:09:44.033+0300][82.076s][info ][gc] GC(2211) Concurrent Cycle
[2020-08-01T12:09:44.047+0300][82.091s][debug][gc] GC(2211) Reclaimed 123 empty regions
[2020-08-01T12:09:44.047+0300][82.091s][info ][gc] GC(2211) Pause Remark 226M->103M(512M) 0.703ms
[2020-08-01T12:09:44.069+0300][82.113s][info ][gc] GC(2211) Pause Cleanup 156M->156M(512M) 0.067ms
[2020-08-01T12:09:44.069+0300][82.113s][info ][gc] GC(2211) Concurrent Cycle 36.708ms
[2020-08-01T12:09:44.104+0300][82.148s][info ][gc] GC(2212) Pause Young (Normal) (G1 Evacuation Pause) 161M->149M(512M) 33.268ms
[2020-08-01T12:09:44.132+0300][82.176s][info ][gc] GC(2213) Pause Young (Concurrent Start) (G1 Humongous Allocation) 176M->178M(512M) 17.339ms
[2020-08-01T12:09:44.132+0300][82.176s][info ][gc] GC(2214) Concurrent Cycle
[2020-08-01T12:09:44.148+0300][82.191s][debug][gc] GC(2214) Reclaimed 125 empty regions
[2020-08-01T12:09:44.148+0300][82.191s][info ][gc] GC(2214) Pause Remark 228M->103M(512M) 0.673ms
[2020-08-01T12:09:44.168+0300][82.212s][info ][gc] GC(2214) Pause Cleanup 155M->155M(512M) 0.064ms
[2020-08-01T12:09:44.169+0300][82.213s][info ][gc] GC(2214) Concurrent Cycle 36.642ms
[2020-08-01T12:09:44.205+0300][82.249s][info ][gc] GC(2215) Pause Young (Normal) (G1 Evacuation Pause) 160M->147M(512M) 34.188ms
[2020-08-01T12:09:44.233+0300][82.277s][info ][gc] GC(2216) Pause Young (Concurrent Start) (G1 Humongous Allocation) 175M->176M(512M) 16.894ms
[2020-08-01T12:09:44.233+0300][82.277s][info ][gc] GC(2217) Concurrent Cycle
[2020-08-01T12:09:44.248+0300][82.292s][debug][gc] GC(2217) Reclaimed 123 empty regions
[2020-08-01T12:09:44.248+0300][82.292s][info ][gc] GC(2217) Pause Remark 226M->103M(512M) 0.703ms
[2020-08-01T12:09:44.270+0300][82.314s][info ][gc] GC(2217) Pause Cleanup 158M->158M(512M) 0.072ms
[2020-08-01T12:09:44.271+0300][82.315s][info ][gc] GC(2217) Concurrent Cycle 37.512ms
[2020-08-01T12:09:44.304+0300][82.348s][info ][gc] GC(2218) Pause Young (Normal) (G1 Evacuation Pause) 161M->149M(512M) 32.564ms
[2020-08-01T12:09:44.330+0300][82.374s][info ][gc] GC(2219) Pause Young (Concurrent Start) (G1 Humongous Allocation) 176M->177M(512M) 15.249ms
[2020-08-01T12:09:44.330+0300][82.374s][info ][gc] GC(2220) Concurrent Cycle
[2020-08-01T12:09:44.345+0300][82.389s][debug][gc] GC(2220) Reclaimed 124 empty regions
[2020-08-01T12:09:44.345+0300][82.389s][info ][gc] GC(2220) Pause Remark 226M->102M(512M) 0.672ms
[2020-08-01T12:09:44.366+0300][82.410s][info ][gc] GC(2220) Pause Cleanup 155M->155M(512M) 0.064ms
[2020-08-01T12:09:44.367+0300][82.411s][info ][gc] GC(2220) Concurrent Cycle 36.672ms
[2020-08-01T12:09:44.402+0300][82.445s][info ][gc] GC(2221) Pause Young (Normal) (G1 Evacuation Pause) 161M->149M(512M) 32.355ms
[2020-08-01T12:09:44.429+0300][82.472s][info ][gc] GC(2222) Pause Young (Concurrent Start) (G1 Humongous Allocation) 176M->177M(512M) 16.432ms
[2020-08-01T12:09:44.429+0300][82.473s][info ][gc] GC(2223) Concurrent Cycle
[2020-08-01T12:09:44.446+0300][82.489s][debug][gc] GC(2223) Reclaimed 124 empty regions
[2020-08-01T12:09:44.446+0300][82.489s][info ][gc] GC(2223) Pause Remark 230M->106M(512M) 0.833ms
[2020-08-01T12:09:44.467+0300][82.510s][info ][gc] GC(2223) Pause Cleanup 158M->158M(512M) 0.069ms
[2020-08-01T12:09:44.467+0300][82.511s][info ][gc] GC(2223) Concurrent Cycle 38.586ms
[2020-08-01T12:09:44.503+0300][82.547s][info ][gc] GC(2224) Pause Young (Normal) (G1 Evacuation Pause) 161M->148M(512M) 34.628ms
[2020-08-01T12:09:44.530+0300][82.574s][info ][gc] GC(2225) Pause Young (Concurrent Start) (G1 Humongous Allocation) 175M->177M(512M) 16.776ms
[2020-08-01T12:09:44.530+0300][82.574s][info ][gc] GC(2226) Concurrent Cycle
[2020-08-01T12:09:44.546+0300][82.590s][debug][gc] GC(2226) Reclaimed 122 empty regions
[2020-08-01T12:09:44.546+0300][82.590s][info ][gc] GC(2226) Pause Remark 226M->104M(512M) 0.710ms
[2020-08-01T12:09:44.568+0300][82.611s][info ][gc] GC(2226) Pause Cleanup 156M->156M(512M) 0.131ms
[2020-08-01T12:09:44.569+0300][82.612s][info ][gc] GC(2226) Concurrent Cycle 38.326ms
[2020-08-01T12:09:44.609+0300][82.653s][info ][gc] GC(2227) Pause Young (Normal) (G1 Evacuation Pause) 163M->150M(512M) 38.078ms
[2020-08-01T12:09:44.637+0300][82.680s][info ][gc] GC(2228) Pause Young (Concurrent Start) (G1 Humongous Allocation) 177M->178M(512M) 16.274ms
[2020-08-01T12:09:44.637+0300][82.680s][info ][gc] GC(2229) Concurrent Cycle
[2020-08-01T12:09:44.653+0300][82.697s][debug][gc] GC(2229) Reclaimed 122 empty regions
[2020-08-01T12:09:44.653+0300][82.697s][info ][gc] GC(2229) Pause Remark 230M->108M(512M) 0.616ms
[2020-08-01T12:09:44.675+0300][82.718s][info ][gc] GC(2229) Pause Cleanup 161M->161M(512M) 0.078ms
[2020-08-01T12:09:44.675+0300][82.719s][info ][gc] GC(2229) Concurrent Cycle 38.404ms
[2020-08-01T12:09:44.709+0300][82.753s][info ][gc] GC(2230) Pause Young (Normal) (G1 Evacuation Pause) 163M->150M(512M) 33.548ms
[2020-08-01T12:09:44.738+0300][82.782s][info ][gc] GC(2231) Pause Young (Concurrent Start) (G1 Humongous Allocation) 178M->179M(512M) 17.837ms
[2020-08-01T12:09:44.738+0300][82.782s][info ][gc] GC(2232) Concurrent Cycle
[2020-08-01T12:09:44.753+0300][82.797s][debug][gc] GC(2232) Reclaimed 122 empty regions
[2020-08-01T12:09:44.753+0300][82.797s][info ][gc] GC(2232) Pause Remark 229M->107M(512M) 0.642ms
[2020-08-01T12:09:44.775+0300][82.819s][info ][gc] GC(2232) Pause Cleanup 162M->162M(512M) 0.075ms
[2020-08-01T12:09:44.775+0300][82.819s][info ][gc] GC(2232) Concurrent Cycle 37.107ms
[2020-08-01T12:09:44.809+0300][82.853s][info ][gc] GC(2233) Pause Young (Normal) (G1 Evacuation Pause) 164M->151M(512M) 32.797ms
[2020-08-01T12:09:44.837+0300][82.881s][info ][gc] GC(2234) Pause Young (Concurrent Start) (G1 Humongous Allocation) 179M->180M(512M) 17.048ms
[2020-08-01T12:09:44.837+0300][82.881s][info ][gc] GC(2235) Concurrent Cycle
[2020-08-01T12:09:44.853+0300][82.896s][debug][gc] GC(2235) Reclaimed 124 empty regions
[2020-08-01T12:09:44.853+0300][82.896s][info ][gc] GC(2235) Pause Remark 231M->107M(512M) 0.636ms
[2020-08-01T12:09:44.874+0300][82.918s][info ][gc] GC(2235) Pause Cleanup 161M->161M(512M) 0.075ms
[2020-08-01T12:09:44.875+0300][82.919s][info ][gc] GC(2235) Concurrent Cycle 37.839ms
[2020-08-01T12:09:44.909+0300][82.952s][info ][gc] GC(2236) Pause Young (Normal) (G1 Evacuation Pause) 163M->151M(512M) 33.226ms
[2020-08-01T12:09:44.936+0300][82.980s][info ][gc] GC(2237) Pause Young (Concurrent Start) (G1 Humongous Allocation) 179M->180M(512M) 16.249ms
[2020-08-01T12:09:44.936+0300][82.980s][info ][gc] GC(2238) Concurrent Cycle
[2020-08-01T12:09:44.951+0300][82.994s][debug][gc] GC(2238) Reclaimed 123 empty regions
[2020-08-01T12:09:44.951+0300][82.994s][info ][gc] GC(2238) Pause Remark 230M->107M(512M) 0.722ms
[2020-08-01T12:09:44.972+0300][83.016s][info ][gc] GC(2238) Pause Cleanup 161M->161M(512M) 0.077ms
[2020-08-01T12:09:44.972+0300][83.016s][info ][gc] GC(2238) Concurrent Cycle 36.416ms
[2020-08-01T12:09:45.006+0300][83.050s][info ][gc] GC(2239) Pause Young (Normal) (G1 Evacuation Pause) 164M->152M(512M) 32.262ms
[2020-08-01T12:09:45.034+0300][83.078s][info ][gc] GC(2240) Pause Young (Concurrent Start) (G1 Humongous Allocation) 180M->181M(512M) 17.402ms
[2020-08-01T12:09:45.034+0300][83.078s][info ][gc] GC(2241) Concurrent Cycle
[2020-08-01T12:09:45.049+0300][83.093s][debug][gc] GC(2241) Reclaimed 124 empty regions
[2020-08-01T12:09:45.049+0300][83.093s][info ][gc] GC(2241) Pause Remark 232M->108M(512M) 0.626ms
[2020-08-01T12:09:45.071+0300][83.115s][info ][gc] GC(2241) Pause Cleanup 163M->163M(512M) 0.078ms
[2020-08-01T12:09:45.105+0300][83.148s][info ][gc] GC(2242) Pause Young (Normal) (G1 Evacuation Pause) 163M->151M(512M) 32.814ms
[2020-08-01T12:09:45.105+0300][83.149s][info ][gc] GC(2241) Concurrent Cycle 70.516ms
[2020-08-01T12:09:45.133+0300][83.177s][info ][gc] GC(2243) Pause Young (Concurrent Start) (G1 Humongous Allocation) 180M->181M(512M) 16.556ms
[2020-08-01T12:09:45.133+0300][83.177s][info ][gc] GC(2244) Concurrent Cycle
[2020-08-01T12:09:45.149+0300][83.192s][debug][gc] GC(2244) Reclaimed 123 empty regions
[2020-08-01T12:09:45.149+0300][83.192s][info ][gc] GC(2244) Pause Remark 232M->109M(512M) 0.633ms
[2020-08-01T12:09:45.204+0300][83.248s][info ][gc] GC(2245) Pause Young (Normal) (G1 Evacuation Pause) 164M->151M(512M) 33.091ms
[2020-08-01T12:09:45.204+0300][83.248s][info ][gc] GC(2244) Pause Cleanup 152M->152M(512M) 0.074ms
[2020-08-01T12:09:45.205+0300][83.249s][info ][gc] GC(2244) Concurrent Cycle 72.123ms
[2020-08-01T12:09:45.242+0300][83.286s][info ][gc] GC(2246) Pause Young (Concurrent Start) (G1 Humongous Allocation) 180M->181M(512M) 26.190ms
[2020-08-01T12:09:45.242+0300][83.286s][info ][gc] GC(2247) Concurrent Cycle
[2020-08-01T12:09:45.257+0300][83.301s][debug][gc] GC(2247) Reclaimed 123 empty regions
[2020-08-01T12:09:45.257+0300][83.301s][info ][gc] GC(2247) Pause Remark 231M->108M(512M) 0.686ms
[2020-08-01T12:09:45.279+0300][83.323s][info ][gc] GC(2247) Pause Cleanup 164M->164M(512M) 0.078ms
[2020-08-01T12:09:45.312+0300][83.356s][info ][gc] GC(2248) Pause Young (Normal) (G1 Evacuation Pause) 164M->151M(512M) 32.703ms
[2020-08-01T12:09:45.313+0300][83.356s][info ][gc] GC(2247) Concurrent Cycle 70.800ms
[2020-08-01T12:09:45.341+0300][83.385s][info ][gc] GC(2249) Pause Young (Concurrent Start) (G1 Humongous Allocation) 180M->181M(512M) 17.453ms
[2020-08-01T12:09:45.341+0300][83.385s][info ][gc] GC(2250) Concurrent Cycle
[2020-08-01T12:09:45.357+0300][83.400s][debug][gc] GC(2250) Reclaimed 124 empty regions
[2020-08-01T12:09:45.357+0300][83.400s][info ][gc] GC(2250) Pause Remark 233M->109M(512M) 0.659ms
[2020-08-01T12:09:45.414+0300][83.458s][info ][gc] GC(2251) Pause Young (Normal) (G1 Evacuation Pause) 163M->150M(512M) 35.486ms
[2020-08-01T12:09:45.415+0300][83.459s][info ][gc] GC(2250) Pause Cleanup 151M->151M(512M) 0.080ms
[2020-08-01T12:09:45.415+0300][83.459s][info ][gc] GC(2250) Concurrent Cycle 73.780ms
[2020-08-01T12:09:45.452+0300][83.496s][info ][gc] GC(2252) Pause Young (Concurrent Start) (G1 Humongous Allocation) 179M->180M(512M) 26.254ms
[2020-08-01T12:09:45.452+0300][83.496s][info ][gc] GC(2253) Concurrent Cycle
[2020-08-01T12:09:45.468+0300][83.512s][debug][gc] GC(2253) Reclaimed 123 empty regions
[2020-08-01T12:09:45.468+0300][83.512s][info ][gc] GC(2253) Pause Remark 230M->107M(512M) 0.625ms
[2020-08-01T12:09:45.490+0300][83.534s][info ][gc] GC(2253) Pause Cleanup 162M->162M(512M) 0.069ms
[2020-08-01T12:09:45.491+0300][83.535s][info ][gc] GC(2253) Concurrent Cycle 38.715ms
[2020-08-01T12:09:45.526+0300][83.570s][info ][gc] GC(2254) Pause Young (Normal) (G1 Evacuation Pause) 164M->152M(512M) 34.606ms
[2020-08-01T12:09:45.554+0300][83.598s][info ][gc] GC(2255) Pause Young (Concurrent Start) (G1 Humongous Allocation) 180M->181M(512M) 16.617ms
[2020-08-01T12:09:45.554+0300][83.598s][info ][gc] GC(2256) Concurrent Cycle
[2020-08-01T12:09:45.572+0300][83.616s][debug][gc] GC(2256) Reclaimed 124 empty regions
[2020-08-01T12:09:45.572+0300][83.616s][info ][gc] GC(2256) Pause Remark 235M->111M(512M) 1.075ms
[2020-08-01T12:09:45.634+0300][83.678s][info ][gc] GC(2257) Pause Young (Normal) (G1 Evacuation Pause) 163M->151M(512M) 38.597ms
[2020-08-01T12:09:45.635+0300][83.679s][info ][gc] GC(2256) Pause Cleanup 152M->152M(512M) 0.127ms
[2020-08-01T12:09:45.636+0300][83.680s][info ][gc] GC(2256) Concurrent Cycle 81.636ms
[2020-08-01T12:09:45.673+0300][83.717s][info ][gc] GC(2258) Pause Young (Concurrent Start) (G1 Humongous Allocation) 180M->181M(512M) 26.534ms
[2020-08-01T12:09:45.674+0300][83.717s][info ][gc] GC(2259) Concurrent Cycle
[2020-08-01T12:09:45.691+0300][83.734s][debug][gc] GC(2259) Reclaimed 124 empty regions
[2020-08-01T12:09:45.691+0300][83.734s][info ][gc] GC(2259) Pause Remark 234M->110M(512M) 0.628ms
[2020-08-01T12:09:45.747+0300][83.791s][info ][gc] GC(2260) Pause Young (Normal) (G1 Evacuation Pause) 163M->151M(512M) 35.225ms
[2020-08-01T12:09:45.749+0300][83.793s][info ][gc] GC(2259) Pause Cleanup 153M->153M(512M) 0.132ms
[2020-08-01T12:09:45.749+0300][83.793s][info ][gc] GC(2259) Concurrent Cycle 75.685ms
[2020-08-01T12:09:45.788+0300][83.832s][info ][gc] GC(2261) Pause Young (Concurrent Start) (G1 Humongous Allocation) 180M->181M(512M) 27.086ms
[2020-08-01T12:09:45.788+0300][83.832s][info ][gc] GC(2262) Concurrent Cycle
[2020-08-01T12:09:45.803+0300][83.847s][debug][gc] GC(2262) Reclaimed 123 empty regions
[2020-08-01T12:09:45.804+0300][83.847s][info ][gc] GC(2262) Pause Remark 234M->111M(512M) 0.634ms
[2020-08-01T12:09:45.858+0300][83.902s][info ][gc] GC(2263) Pause Young (Normal) (G1 Evacuation Pause) 164M->151M(512M) 33.424ms
[2020-08-01T12:09:45.860+0300][83.903s][info ][gc] GC(2262) Pause Cleanup 155M->155M(512M) 0.078ms
[2020-08-01T12:09:45.860+0300][83.904s][info ][gc] GC(2262) Concurrent Cycle 72.580ms
[2020-08-01T12:09:45.895+0300][83.939s][info ][gc] GC(2264) Pause Young (Concurrent Start) (G1 Humongous Allocation) 180M->181M(512M) 25.448ms
[2020-08-01T12:09:45.895+0300][83.939s][info ][gc] GC(2265) Concurrent Cycle
[2020-08-01T12:09:45.911+0300][83.954s][debug][gc] GC(2265) Reclaimed 123 empty regions
[2020-08-01T12:09:45.911+0300][83.954s][info ][gc] GC(2265) Pause Remark 231M->108M(512M) 0.659ms
[2020-08-01T12:09:45.969+0300][84.013s][info ][gc] GC(2266) Pause Young (Normal) (G1 Evacuation Pause) 164M->152M(512M) 36.398ms
[2020-08-01T12:09:45.970+0300][84.013s][info ][gc] GC(2265) Pause Cleanup 153M->153M(512M) 0.094ms
[2020-08-01T12:09:45.970+0300][84.014s][info ][gc] GC(2265) Concurrent Cycle 74.700ms
[2020-08-01T12:09:46.007+0300][84.051s][info ][gc] GC(2267) Pause Young (Concurrent Start) (G1 Humongous Allocation) 181M->181M(512M) 26.309ms
[2020-08-01T12:09:46.007+0300][84.051s][info ][gc] GC(2268) Concurrent Cycle
[2020-08-01T12:09:46.023+0300][84.067s][debug][gc] GC(2268) Reclaimed 124 empty regions
[2020-08-01T12:09:46.023+0300][84.067s][info ][gc] GC(2268) Pause Remark 232M->108M(512M) 0.800ms
[2020-08-01T12:09:46.079+0300][84.123s][info ][gc] GC(2269) Pause Young (Normal) (G1 Evacuation Pause) 163M->150M(512M) 33.627ms
[2020-08-01T12:09:46.079+0300][84.123s][info ][gc] GC(2268) Pause Cleanup 151M->151M(512M) 0.070ms
[2020-08-01T12:09:46.080+0300][84.124s][info ][gc] GC(2268) Concurrent Cycle 72.669ms
[2020-08-01T12:09:46.118+0300][84.161s][info ][gc] GC(2270) Pause Young (Concurrent Start) (G1 Humongous Allocation) 179M->180M(512M) 27.064ms
[2020-08-01T12:09:46.118+0300][84.161s][info ][gc] GC(2271) Concurrent Cycle
[2020-08-01T12:09:46.133+0300][84.177s][debug][gc] GC(2271) Reclaimed 123 empty regions
[2020-08-01T12:09:46.133+0300][84.177s][info ][gc] GC(2271) Pause Remark 230M->107M(512M) 0.641ms
[2020-08-01T12:09:46.155+0300][84.199s][info ][gc] GC(2271) Pause Cleanup 163M->163M(512M) 0.072ms
[2020-08-01T12:09:46.190+0300][84.234s][info ][gc] GC(2272) Pause Young (Normal) (G1 Evacuation Pause) 164M->152M(512M) 34.146ms
[2020-08-01T12:09:46.190+0300][84.234s][info ][gc] GC(2271) Concurrent Cycle 72.470ms
[2020-08-01T12:09:46.221+0300][84.265s][info ][gc] GC(2273) Pause Young (Concurrent Start) (G1 Humongous Allocation) 180M->181M(512M) 19.873ms
[2020-08-01T12:09:46.221+0300][84.265s][info ][gc] GC(2274) Concurrent Cycle
[2020-08-01T12:09:46.237+0300][84.281s][debug][gc] GC(2274) Reclaimed 124 empty regions
[2020-08-01T12:09:46.237+0300][84.281s][info ][gc] GC(2274) Pause Remark 232M->108M(512M) 0.732ms
[2020-08-01T12:09:46.259+0300][84.303s][info ][gc] GC(2274) Pause Cleanup 160M->160M(512M) 0.072ms
[2020-08-01T12:09:46.260+0300][84.304s][info ][gc] GC(2274) Concurrent Cycle 38.802ms
[2020-08-01T12:09:46.295+0300][84.339s][info ][gc] GC(2275) Pause Young (Normal) (G1 Evacuation Pause) 163M->151M(512M) 34.213ms
[2020-08-01T12:09:46.324+0300][84.368s][info ][gc] GC(2276) Pause Young (Concurrent Start) (G1 Humongous Allocation) 180M->181M(512M) 16.826ms
[2020-08-01T12:09:46.324+0300][84.368s][info ][gc] GC(2277) Concurrent Cycle
[2020-08-01T12:09:46.339+0300][84.383s][debug][gc] GC(2277) Reclaimed 123 empty regions
[2020-08-01T12:09:46.339+0300][84.383s][info ][gc] GC(2277) Pause Remark 232M->109M(512M) 0.638ms
[2020-08-01T12:09:46.396+0300][84.439s][info ][gc] GC(2278) Pause Young (Normal) (G1 Evacuation Pause) 164M->151M(512M) 34.503ms
[2020-08-01T12:09:46.396+0300][84.440s][info ][gc] GC(2277) Pause Cleanup 153M->153M(512M) 0.083ms
[2020-08-01T12:09:46.397+0300][84.441s][info ][gc] GC(2277) Concurrent Cycle 73.175ms
[2020-08-01T12:09:46.435+0300][84.479s][info ][gc] GC(2279) Pause Young (Concurrent Start) (G1 Humongous Allocation) 180M->182M(512M) 27.524ms
[2020-08-01T12:09:46.435+0300][84.479s][info ][gc] GC(2280) Concurrent Cycle
[2020-08-01T12:09:46.451+0300][84.495s][debug][gc] GC(2280) Reclaimed 124 empty regions
[2020-08-01T12:09:46.451+0300][84.495s][info ][gc] GC(2280) Pause Remark 233M->109M(512M) 1.198ms
[2020-08-01T12:09:46.507+0300][84.551s][info ][gc] GC(2281) Pause Young (Normal) (G1 Evacuation Pause) 164M->151M(512M) 33.754ms
[2020-08-01T12:09:46.508+0300][84.552s][info ][gc] GC(2280) Pause Cleanup 153M->153M(512M) 0.075ms
[2020-08-01T12:09:46.509+0300][84.552s][info ][gc] GC(2280) Concurrent Cycle 73.307ms
[2020-08-01T12:09:46.545+0300][84.588s][info ][gc] GC(2282) Pause Young (Concurrent Start) (G1 Humongous Allocation) 180M->181M(512M) 25.765ms
[2020-08-01T12:09:46.545+0300][84.588s][info ][gc] GC(2283) Concurrent Cycle
[2020-08-01T12:09:46.561+0300][84.605s][debug][gc] GC(2283) Reclaimed 119 empty regions
[2020-08-01T12:09:46.561+0300][84.605s][info ][gc] GC(2283) Pause Remark 233M->114M(512M) 0.642ms
[2020-08-01T12:09:46.620+0300][84.663s][info ][gc] GC(2284) Pause Young (Normal) (G1 Evacuation Pause) 168M->156M(512M) 35.529ms
[2020-08-01T12:09:46.620+0300][84.664s][info ][gc] GC(2283) Pause Cleanup 158M->158M(512M) 0.085ms
[2020-08-01T12:09:46.621+0300][84.665s][info ][gc] GC(2283) Concurrent Cycle 76.365ms
[2020-08-01T12:09:46.657+0300][84.701s][info ][gc] GC(2285) Pause Young (Concurrent Start) (G1 Humongous Allocation) 185M->186M(512M) 25.774ms
[2020-08-01T12:09:46.658+0300][84.701s][info ][gc] GC(2286) Concurrent Cycle
[2020-08-01T12:09:46.675+0300][84.719s][debug][gc] GC(2286) Reclaimed 123 empty regions
[2020-08-01T12:09:46.675+0300][84.719s][info ][gc] GC(2286) Pause Remark 241M->118M(512M) 0.690ms
[2020-08-01T12:09:46.729+0300][84.773s][info ][gc] GC(2287) Pause Young (Normal) (G1 Evacuation Pause) 168M->155M(512M) 33.950ms
[2020-08-01T12:09:46.732+0300][84.776s][info ][gc] GC(2286) Pause Cleanup 161M->161M(512M) 0.092ms
[2020-08-01T12:09:46.732+0300][84.776s][info ][gc] GC(2286) Concurrent Cycle 74.652ms
[2020-08-01T12:09:46.767+0300][84.811s][info ][gc] GC(2288) Pause Young (Concurrent Start) (G1 Humongous Allocation) 185M->187M(512M) 25.522ms
[2020-08-01T12:09:46.767+0300][84.811s][info ][gc] GC(2289) Concurrent Cycle
[2020-08-01T12:09:46.783+0300][84.826s][debug][gc] GC(2289) Reclaimed 123 empty regions
[2020-08-01T12:09:46.783+0300][84.827s][info ][gc] GC(2289) Pause Remark 239M->116M(512M) 0.656ms
[2020-08-01T12:09:46.838+0300][84.881s][info ][gc] GC(2290) Pause Young (Normal) (G1 Evacuation Pause) 168M->155M(512M) 34.152ms
[2020-08-01T12:09:46.840+0300][84.884s][info ][gc] GC(2289) Pause Cleanup 161M->161M(512M) 0.109ms
[2020-08-01T12:09:46.841+0300][84.885s][info ][gc] GC(2289) Concurrent Cycle 73.795ms
[2020-08-01T12:09:46.879+0300][84.922s][info ][gc] GC(2291) Pause Young (Concurrent Start) (G1 Humongous Allocation) 186M->187M(512M) 27.726ms
[2020-08-01T12:09:46.879+0300][84.922s][info ][gc] GC(2292) Concurrent Cycle
[2020-08-01T12:09:46.895+0300][84.939s][debug][gc] GC(2292) Reclaimed 123 empty regions
[2020-08-01T12:09:46.896+0300][84.939s][info ][gc] GC(2292) Pause Remark 240M->117M(512M) 0.710ms
[2020-08-01T12:09:46.951+0300][84.995s][info ][gc] GC(2293) Pause Young (Normal) (G1 Evacuation Pause) 168M->155M(512M) 34.843ms
[2020-08-01T12:09:46.954+0300][84.998s][info ][gc] GC(2292) Pause Cleanup 162M->162M(512M) 0.086ms
[2020-08-01T12:09:46.955+0300][84.998s][info ][gc] GC(2292) Concurrent Cycle 75.928ms
[2020-08-01T12:09:46.992+0300][85.036s][info ][gc] GC(2294) Pause Young (Concurrent Start) (G1 Humongous Allocation) 186M->187M(512M) 28.299ms
[2020-08-01T12:09:46.992+0300][85.036s][info ][gc] GC(2295) Concurrent Cycle
[2020-08-01T12:09:47.008+0300][85.052s][debug][gc] GC(2295) Reclaimed 122 empty regions
[2020-08-01T12:09:47.008+0300][85.052s][info ][gc] GC(2295) Pause Remark 240M->118M(512M) 0.713ms
[2020-08-01T12:09:47.061+0300][85.105s][info ][gc] GC(2296) Pause Young (Normal) (G1 Evacuation Pause) 169M->156M(512M) 32.883ms
[2020-08-01T12:09:47.065+0300][85.109s][info ][gc] GC(2295) Pause Cleanup 164M->164M(512M) 0.088ms
[2020-08-01T12:09:47.066+0300][85.109s][info ][gc] GC(2295) Concurrent Cycle 73.466ms
[2020-08-01T12:09:47.101+0300][85.144s][info ][gc] GC(2297) Pause Young (Concurrent Start) (G1 Humongous Allocation) 187M->188M(512M) 26.095ms
[2020-08-01T12:09:47.101+0300][85.144s][info ][gc] GC(2298) Concurrent Cycle
[2020-08-01T12:09:47.117+0300][85.161s][debug][gc] GC(2298) Reclaimed 124 empty regions
[2020-08-01T12:09:47.117+0300][85.161s][info ][gc] GC(2298) Pause Remark 241M->117M(512M) 0.898ms
[2020-08-01T12:09:47.173+0300][85.217s][info ][gc] GC(2299) Pause Young (Normal) (G1 Evacuation Pause) 168M->155M(512M) 35.285ms
[2020-08-01T12:09:47.176+0300][85.220s][info ][gc] GC(2298) Pause Cleanup 162M->162M(512M) 0.078ms
[2020-08-01T12:09:47.176+0300][85.220s][info ][gc] GC(2298) Concurrent Cycle 75.765ms
[2020-08-01T12:09:47.212+0300][85.256s][info ][gc] GC(2300) Pause Young (Concurrent Start) (G1 Humongous Allocation) 186M->187M(512M) 25.984ms
[2020-08-01T12:09:47.212+0300][85.256s][info ][gc] GC(2301) Concurrent Cycle
[2020-08-01T12:09:47.228+0300][85.272s][debug][gc] GC(2301) Reclaimed 123 empty regions
[2020-08-01T12:09:47.228+0300][85.272s][info ][gc] GC(2301) Pause Remark 240M->117M(512M) 0.692ms
[2020-08-01T12:09:47.282+0300][85.326s][info ][gc] GC(2302) Pause Young (Normal) (G1 Evacuation Pause) 168M->156M(512M) 33.063ms
[2020-08-01T12:09:47.285+0300][85.329s][info ][gc] GC(2301) Pause Cleanup 161M->161M(512M) 0.087ms
[2020-08-01T12:09:47.286+0300][85.330s][info ][gc] GC(2301) Concurrent Cycle 74.213ms
[2020-08-01T12:09:47.322+0300][85.366s][info ][gc] GC(2303) Pause Young (Concurrent Start) (G1 Humongous Allocation) 187M->187M(512M) 26.339ms
[2020-08-01T12:09:47.323+0300][85.366s][info ][gc] GC(2304) Concurrent Cycle
[2020-08-01T12:09:47.339+0300][85.383s][debug][gc] GC(2304) Reclaimed 123 empty regions
[2020-08-01T12:09:47.339+0300][85.383s][info ][gc] GC(2304) Pause Remark 239M->116M(512M) 0.701ms
[2020-08-01T12:09:47.394+0300][85.438s][info ][gc] GC(2305) Pause Young (Normal) (G1 Evacuation Pause) 168M->156M(512M) 33.678ms
[2020-08-01T12:09:47.397+0300][85.441s][info ][gc] GC(2304) Pause Cleanup 163M->163M(512M) 0.083ms
[2020-08-01T12:09:47.398+0300][85.441s][info ][gc] GC(2304) Concurrent Cycle 75.027ms
[2020-08-01T12:09:47.432+0300][85.476s][info ][gc] GC(2306) Pause Young (Concurrent Start) (G1 Humongous Allocation) 187M->187M(512M) 25.776ms
[2020-08-01T12:09:47.432+0300][85.476s][info ][gc] GC(2307) Concurrent Cycle
[2020-08-01T12:09:47.448+0300][85.492s][debug][gc] GC(2307) Reclaimed 123 empty regions
[2020-08-01T12:09:47.448+0300][85.492s][info ][gc] GC(2307) Pause Remark 239M->116M(512M) 0.701ms
[2020-08-01T12:09:47.503+0300][85.546s][info ][gc] GC(2308) Pause Young (Normal) (G1 Evacuation Pause) 168M->156M(512M) 32.889ms
[2020-08-01T12:09:47.505+0300][85.549s][info ][gc] GC(2307) Pause Cleanup 162M->162M(512M) 0.098ms
[2020-08-01T12:09:47.506+0300][85.550s][info ][gc] GC(2307) Concurrent Cycle 73.603ms
[2020-08-01T12:09:47.542+0300][85.586s][info ][gc] GC(2309) Pause Young (Concurrent Start) (G1 Humongous Allocation) 187M->188M(512M) 26.022ms
[2020-08-01T12:09:47.542+0300][85.586s][info ][gc] GC(2310) Concurrent Cycle
[2020-08-01T12:09:47.558+0300][85.601s][debug][gc] GC(2310) Reclaimed 123 empty regions
[2020-08-01T12:09:47.558+0300][85.602s][info ][gc] GC(2310) Pause Remark 240M->117M(512M) 0.757ms
[2020-08-01T12:09:47.615+0300][85.659s][info ][gc] GC(2311) Pause Young (Normal) (G1 Evacuation Pause) 169M->157M(512M) 33.887ms
[2020-08-01T12:09:47.617+0300][85.661s][info ][gc] GC(2310) Pause Cleanup 160M->160M(512M) 0.083ms
[2020-08-01T12:09:47.617+0300][85.661s][info ][gc] GC(2310) Concurrent Cycle 75.271ms
[2020-08-01T12:09:47.656+0300][85.700s][info ][gc] GC(2312) Pause Young (Concurrent Start) (G1 Humongous Allocation) 188M->188M(512M) 27.557ms
[2020-08-01T12:09:47.656+0300][85.700s][info ][gc] GC(2313) Concurrent Cycle
[2020-08-01T12:09:47.673+0300][85.717s][debug][gc] GC(2313) Reclaimed 124 empty regions
[2020-08-01T12:09:47.673+0300][85.717s][info ][gc] GC(2313) Pause Remark 242M->118M(512M) 0.668ms
[2020-08-01T12:09:47.726+0300][85.770s][info ][gc] GC(2314) Pause Young (Normal) (G1 Evacuation Pause) 168M->156M(512M) 32.979ms
[2020-08-01T12:09:47.730+0300][85.774s][info ][gc] GC(2313) Pause Cleanup 164M->164M(512M) 0.089ms
[2020-08-01T12:09:47.731+0300][85.774s][info ][gc] GC(2313) Concurrent Cycle 74.510ms
[2020-08-01T12:09:47.765+0300][85.809s][info ][gc] GC(2315) Pause Young (Concurrent Start) (G1 Humongous Allocation) 187M->189M(512M) 26.148ms
[2020-08-01T12:09:47.765+0300][85.809s][info ][gc] GC(2316) Concurrent Cycle
[2020-08-01T12:09:47.782+0300][85.825s][debug][gc] GC(2316) Reclaimed 124 empty regions
[2020-08-01T12:09:47.782+0300][85.826s][info ][gc] GC(2316) Pause Remark 242M->118M(512M) 0.869ms
[2020-08-01T12:09:47.836+0300][85.880s][info ][gc] GC(2317) Pause Young (Normal) (G1 Evacuation Pause) 169M->156M(512M) 34.091ms
[2020-08-01T12:09:47.839+0300][85.883s][info ][gc] GC(2316) Pause Cleanup 164M->164M(512M) 0.078ms
[2020-08-01T12:09:47.840+0300][85.884s][info ][gc] GC(2316) Concurrent Cycle 74.620ms
[2020-08-01T12:09:47.874+0300][85.918s][info ][gc] GC(2318) Pause Young (Concurrent Start) (G1 Humongous Allocation) 187M->188M(512M) 25.589ms
[2020-08-01T12:09:47.874+0300][85.918s][info ][gc] GC(2319) Concurrent Cycle
[2020-08-01T12:09:47.890+0300][85.934s][debug][gc] GC(2319) Reclaimed 124 empty regions
[2020-08-01T12:09:47.890+0300][85.934s][info ][gc] GC(2319) Pause Remark 240M->116M(512M) 0.641ms
[2020-08-01T12:09:47.944+0300][85.988s][info ][gc] GC(2320) Pause Young (Normal) (G1 Evacuation Pause) 168M->155M(512M) 33.195ms
[2020-08-01T12:09:47.947+0300][85.991s][info ][gc] GC(2319) Pause Cleanup 161M->161M(512M) 0.120ms
[2020-08-01T12:09:47.948+0300][85.992s][info ][gc] GC(2319) Concurrent Cycle 73.357ms
[2020-08-01T12:09:47.982+0300][86.026s][info ][gc] GC(2321) Pause Young (Concurrent Start) (G1 Humongous Allocation) 186M->187M(512M) 25.184ms
[2020-08-01T12:09:47.982+0300][86.026s][info ][gc] GC(2322) Concurrent Cycle
[2020-08-01T12:09:47.998+0300][86.042s][debug][gc] GC(2322) Reclaimed 123 empty regions
[2020-08-01T12:09:47.998+0300][86.042s][info ][gc] GC(2322) Pause Remark 240M->117M(512M) 0.653ms
[2020-08-01T12:09:48.051+0300][86.095s][info ][gc] GC(2323) Pause Young (Normal) (G1 Evacuation Pause) 168M->156M(512M) 31.908ms
[2020-08-01T12:09:48.054+0300][86.098s][info ][gc] GC(2322) Pause Cleanup 163M->163M(512M) 0.074ms
[2020-08-01T12:09:48.054+0300][86.098s][info ][gc] GC(2322) Concurrent Cycle 72.038ms
[2020-08-01T12:09:48.089+0300][86.133s][info ][gc] GC(2324) Pause Young (Concurrent Start) (G1 Humongous Allocation) 187M->188M(512M) 25.612ms
[2020-08-01T12:09:48.089+0300][86.133s][info ][gc] GC(2325) Concurrent Cycle
[2020-08-01T12:09:48.105+0300][86.149s][debug][gc] GC(2325) Reclaimed 123 empty regions
[2020-08-01T12:09:48.105+0300][86.149s][info ][gc] GC(2325) Pause Remark 240M->117M(512M) 0.645ms
[2020-08-01T12:09:48.159+0300][86.203s][info ][gc] GC(2326) Pause Young (Normal) (G1 Evacuation Pause) 169M->156M(512M) 32.845ms
[2020-08-01T12:09:48.162+0300][86.205s][info ][gc] GC(2325) Pause Cleanup 162M->162M(512M) 0.129ms
[2020-08-01T12:09:48.163+0300][86.206s][info ][gc] GC(2325) Concurrent Cycle 73.490ms
[2020-08-01T12:09:48.197+0300][86.241s][info ][gc] GC(2327) Pause Young (Concurrent Start) (G1 Humongous Allocation) 187M->188M(512M) 25.331ms
[2020-08-01T12:09:48.197+0300][86.241s][info ][gc] GC(2328) Concurrent Cycle
[2020-08-01T12:09:48.213+0300][86.257s][debug][gc] GC(2328) Reclaimed 124 empty regions
[2020-08-01T12:09:48.213+0300][86.257s][info ][gc] GC(2328) Pause Remark 240M->116M(512M) 0.811ms
[2020-08-01T12:09:48.268+0300][86.311s][info ][gc] GC(2329) Pause Young (Normal) (G1 Evacuation Pause) 168M->155M(512M) 33.175ms
[2020-08-01T12:09:48.270+0300][86.313s][info ][gc] GC(2328) Pause Cleanup 160M->160M(512M) 0.097ms
[2020-08-01T12:09:48.270+0300][86.314s][info ][gc] GC(2328) Concurrent Cycle 72.804ms
[2020-08-01T12:09:48.306+0300][86.349s][info ][gc] GC(2330) Pause Young (Concurrent Start) (G1 Humongous Allocation) 186M->187M(512M) 25.577ms
[2020-08-01T12:09:48.306+0300][86.350s][info ][gc] GC(2331) Concurrent Cycle
[2020-08-01T12:09:48.321+0300][86.365s][debug][gc] GC(2331) Reclaimed 123 empty regions
[2020-08-01T12:09:48.322+0300][86.365s][info ][gc] GC(2331) Pause Remark 239M->116M(512M) 0.663ms
[2020-08-01T12:09:48.376+0300][86.420s][info ][gc] GC(2332) Pause Young (Normal) (G1 Evacuation Pause) 168M->154M(512M) 33.884ms
[2020-08-01T12:09:48.379+0300][86.423s][info ][gc] GC(2331) Pause Cleanup 161M->161M(512M) 0.101ms
[2020-08-01T12:09:48.380+0300][86.424s][info ][gc] GC(2331) Concurrent Cycle 74.453ms
[2020-08-01T12:09:48.421+0300][86.464s][info ][gc] GC(2333) Pause Young (Concurrent Start) (G1 Humongous Allocation) 185M->186M(512M) 30.653ms
[2020-08-01T12:09:48.421+0300][86.464s][info ][gc] GC(2334) Concurrent Cycle
[2020-08-01T12:09:48.438+0300][86.482s][debug][gc] GC(2334) Reclaimed 122 empty regions
[2020-08-01T12:09:48.438+0300][86.482s][info ][gc] GC(2334) Pause Remark 238M->116M(512M) 0.703ms
[2020-08-01T12:09:48.494+0300][86.537s][info ][gc] GC(2335) Pause Young (Normal) (G1 Evacuation Pause) 169M->157M(512M) 33.252ms
[2020-08-01T12:09:48.495+0300][86.539s][info ][gc] GC(2334) Pause Cleanup 161M->161M(512M) 0.086ms
[2020-08-01T12:09:48.496+0300][86.540s][info ][gc] GC(2334) Concurrent Cycle 75.228ms
[2020-08-01T12:09:48.534+0300][86.578s][info ][gc] GC(2336) Pause Young (Concurrent Start) (G1 Humongous Allocation) 187M->188M(512M) 27.918ms
[2020-08-01T12:09:48.534+0300][86.578s][info ][gc] GC(2337) Concurrent Cycle
[2020-08-01T12:09:48.549+0300][86.593s][debug][gc] GC(2337) Reclaimed 124 empty regions
[2020-08-01T12:09:48.549+0300][86.593s][info ][gc] GC(2337) Pause Remark 239M->115M(512M) 0.673ms
[2020-08-01T12:09:48.573+0300][86.617s][info ][gc] GC(2337) Pause Cleanup 168M->168M(512M) 0.113ms
[2020-08-01T12:09:48.612+0300][86.656s][info ][gc] GC(2338) Pause Young (Normal) (G1 Evacuation Pause) 168M->155M(512M) 38.685ms
[2020-08-01T12:09:48.613+0300][86.657s][info ][gc] GC(2337) Concurrent Cycle 79.012ms
[2020-08-01T12:09:48.643+0300][86.686s][info ][gc] GC(2339) Pause Young (Concurrent Start) (G1 Humongous Allocation) 186M->187M(512M) 17.785ms
[2020-08-01T12:09:48.643+0300][86.686s][info ][gc] GC(2340) Concurrent Cycle
[2020-08-01T12:09:48.660+0300][86.704s][debug][gc] GC(2340) Reclaimed 122 empty regions
[2020-08-01T12:09:48.660+0300][86.704s][info ][gc] GC(2340) Pause Remark 241M->119M(512M) 0.658ms
[2020-08-01T12:09:48.714+0300][86.757s][info ][gc] GC(2341) Pause Young (Normal) (G1 Evacuation Pause) 169M->156M(512M) 33.718ms
[2020-08-01T12:09:48.717+0300][86.761s][info ][gc] GC(2340) Pause Cleanup 164M->164M(512M) 0.085ms
[2020-08-01T12:09:48.717+0300][86.761s][info ][gc] GC(2340) Concurrent Cycle 74.747ms
[2020-08-01T12:09:48.754+0300][86.798s][info ][gc] GC(2342) Pause Young (Concurrent Start) (G1 Humongous Allocation) 187M->188M(512M) 27.494ms
[2020-08-01T12:09:48.754+0300][86.798s][info ][gc] GC(2343) Concurrent Cycle
[2020-08-01T12:09:48.770+0300][86.813s][debug][gc] GC(2343) Reclaimed 124 empty regions
[2020-08-01T12:09:48.770+0300][86.813s][info ][gc] GC(2343) Pause Remark 240M->116M(512M) 0.649ms
[2020-08-01T12:09:48.826+0300][86.870s][info ][gc] GC(2344) Pause Young (Normal) (G1 Evacuation Pause) 168M->156M(512M) 35.525ms
[2020-08-01T12:09:48.829+0300][86.872s][info ][gc] GC(2343) Pause Cleanup 162M->162M(512M) 0.090ms
[2020-08-01T12:09:48.830+0300][86.873s][info ][gc] GC(2343) Concurrent Cycle 75.717ms
[2020-08-01T12:09:48.866+0300][86.910s][info ][gc] GC(2345) Pause Young (Concurrent Start) (G1 Humongous Allocation) 187M->188M(512M) 27.044ms
[2020-08-01T12:09:48.866+0300][86.910s][info ][gc] GC(2346) Concurrent Cycle
[2020-08-01T12:09:48.883+0300][86.927s][debug][gc] GC(2346) Reclaimed 123 empty regions
[2020-08-01T12:09:48.883+0300][86.927s][info ][gc] GC(2346) Pause Remark 242M->119M(512M) 0.620ms
[2020-08-01T12:09:48.939+0300][86.983s][info ][gc] GC(2347) Pause Young (Normal) (G1 Evacuation Pause) 169M->156M(512M) 35.287ms
[2020-08-01T12:09:48.942+0300][86.986s][info ][gc] GC(2346) Pause Cleanup 163M->163M(512M) 0.084ms
[2020-08-01T12:09:48.942+0300][86.986s][info ][gc] GC(2346) Concurrent Cycle 76.004ms
[2020-08-01T12:09:48.978+0300][87.021s][info ][gc] GC(2348) Pause Young (Concurrent Start) (G1 Humongous Allocation) 187M->189M(512M) 25.764ms
[2020-08-01T12:09:48.978+0300][87.021s][info ][gc] GC(2349) Concurrent Cycle
[2020-08-01T12:09:48.993+0300][87.037s][debug][gc] GC(2349) Reclaimed 124 empty regions
[2020-08-01T12:09:48.993+0300][87.037s][info ][gc] GC(2349) Pause Remark 241M->117M(512M) 0.613ms
[2020-08-01T12:09:49.048+0300][87.091s][info ][gc] GC(2350) Pause Young (Normal) (G1 Evacuation Pause) 169M->157M(512M) 33.476ms
[2020-08-01T12:09:49.050+0300][87.094s][info ][gc] GC(2349) Pause Cleanup 163M->163M(512M) 0.130ms
[2020-08-01T12:09:49.051+0300][87.095s][info ][gc] GC(2349) Concurrent Cycle 73.840ms
[2020-08-01T12:09:49.087+0300][87.131s][info ][gc] GC(2351) Pause Young (Concurrent Start) (G1 Humongous Allocation) 188M->188M(512M) 26.313ms
[2020-08-01T12:09:49.087+0300][87.131s][info ][gc] GC(2352) Concurrent Cycle
[2020-08-01T12:09:49.103+0300][87.147s][debug][gc] GC(2352) Reclaimed 124 empty regions
[2020-08-01T12:09:49.103+0300][87.147s][info ][gc] GC(2352) Pause Remark 242M->118M(512M) 0.668ms
[2020-08-01T12:09:49.156+0300][87.200s][info ][gc] GC(2353) Pause Young (Normal) (G1 Evacuation Pause) 168M->155M(512M) 32.616ms
[2020-08-01T12:09:49.159+0300][87.203s][info ][gc] GC(2352) Pause Cleanup 163M->163M(512M) 0.081ms
[2020-08-01T12:09:49.160+0300][87.204s][info ][gc] GC(2352) Concurrent Cycle 72.747ms
[2020-08-01T12:09:49.195+0300][87.238s][info ][gc] GC(2354) Pause Young (Concurrent Start) (G1 Humongous Allocation) 186M->187M(512M) 25.775ms
[2020-08-01T12:09:49.195+0300][87.238s][info ][gc] GC(2355) Concurrent Cycle
[2020-08-01T12:09:49.210+0300][87.254s][debug][gc] GC(2355) Reclaimed 123 empty regions
[2020-08-01T12:09:49.210+0300][87.254s][info ][gc] GC(2355) Pause Remark 239M->116M(512M) 0.634ms
[2020-08-01T12:09:49.265+0300][87.309s][info ][gc] GC(2356) Pause Young (Normal) (G1 Evacuation Pause) 168M->156M(512M) 34.252ms
[2020-08-01T12:09:49.268+0300][87.312s][info ][gc] GC(2355) Pause Cleanup 162M->162M(512M) 0.094ms
[2020-08-01T12:09:49.269+0300][87.313s][info ][gc] GC(2355) Concurrent Cycle 74.198ms
[2020-08-01T12:09:49.306+0300][87.350s][info ][gc] GC(2357) Pause Young (Concurrent Start) (G1 Humongous Allocation) 187M->188M(512M) 27.525ms
[2020-08-01T12:09:49.306+0300][87.350s][info ][gc] GC(2358) Concurrent Cycle
[2020-08-01T12:09:49.323+0300][87.367s][debug][gc] GC(2358) Reclaimed 123 empty regions
[2020-08-01T12:09:49.323+0300][87.367s][info ][gc] GC(2358) Pause Remark 242M->119M(512M) 0.649ms
[2020-08-01T12:09:49.377+0300][87.420s][info ][gc] GC(2359) Pause Young (Normal) (G1 Evacuation Pause) 169M->157M(512M) 33.459ms
[2020-08-01T12:09:49.380+0300][87.423s][info ][gc] GC(2358) Pause Cleanup 165M->165M(512M) 0.094ms
[2020-08-01T12:09:49.380+0300][87.424s][info ][gc] GC(2358) Concurrent Cycle 73.989ms
[2020-08-01T12:09:49.415+0300][87.458s][info ][gc] GC(2360) Pause Young (Concurrent Start) (G1 Humongous Allocation) 188M->189M(512M) 25.316ms
[2020-08-01T12:09:49.415+0300][87.458s][info ][gc] GC(2361) Concurrent Cycle
[2020-08-01T12:09:49.431+0300][87.475s][debug][gc] GC(2361) Reclaimed 124 empty regions
[2020-08-01T12:09:49.431+0300][87.475s][info ][gc] GC(2361) Pause Remark 243M->119M(512M) 0.632ms
[2020-08-01T12:09:49.484+0300][87.528s][info ][gc] GC(2362) Pause Young (Normal) (G1 Evacuation Pause) 169M->157M(512M) 32.139ms
[2020-08-01T12:09:49.487+0300][87.531s][info ][gc] GC(2361) Pause Cleanup 161M->161M(512M) 0.119ms
[2020-08-01T12:09:49.488+0300][87.532s][info ][gc] GC(2361) Concurrent Cycle 73.184ms
[2020-08-01T12:09:49.525+0300][87.568s][info ][gc] GC(2363) Pause Young (Concurrent Start) (G1 Humongous Allocation) 188M->189M(512M) 26.069ms
[2020-08-01T12:09:49.525+0300][87.569s][info ][gc] GC(2364) Concurrent Cycle
[2020-08-01T12:09:49.541+0300][87.585s][debug][gc] GC(2364) Reclaimed 125 empty regions
[2020-08-01T12:09:49.541+0300][87.585s][info ][gc] GC(2364) Pause Remark 240M->115M(512M) 0.877ms
[2020-08-01T12:09:49.595+0300][87.639s][info ][gc] GC(2365) Pause Young (Normal) (G1 Evacuation Pause) 168M->156M(512M) 32.745ms
[2020-08-01T12:09:49.598+0300][87.642s][info ][gc] GC(2364) Pause Cleanup 158M->158M(512M) 0.156ms
[2020-08-01T12:09:49.599+0300][87.643s][info ][gc] GC(2364) Concurrent Cycle 74.368ms
[2020-08-01T12:09:49.642+0300][87.685s][info ][gc] GC(2366) Pause Young (Concurrent Start) (G1 Humongous Allocation) 187M->188M(512M) 29.291ms
[2020-08-01T12:09:49.642+0300][87.686s][info ][gc] GC(2367) Concurrent Cycle
[2020-08-01T12:09:49.661+0300][87.705s][debug][gc] GC(2367) Reclaimed 123 empty regions
[2020-08-01T12:09:49.661+0300][87.705s][info ][gc] GC(2367) Pause Remark 244M->121M(512M) 0.855ms
[2020-08-01T12:09:49.716+0300][87.760s][info ][gc] GC(2368) Pause Young (Normal) (G1 Evacuation Pause) 169M->156M(512M) 35.047ms
[2020-08-01T12:09:49.720+0300][87.764s][info ][gc] GC(2367) Pause Cleanup 166M->166M(512M) 0.126ms
[2020-08-01T12:09:49.721+0300][87.765s][info ][gc] GC(2367) Concurrent Cycle 79.330ms
[2020-08-01T12:09:49.759+0300][87.803s][info ][gc] GC(2369) Pause Young (Concurrent Start) (G1 Humongous Allocation) 187M->188M(512M) 29.167ms
[2020-08-01T12:09:49.759+0300][87.803s][info ][gc] GC(2370) Concurrent Cycle
[2020-08-01T12:09:49.776+0300][87.820s][debug][gc] GC(2370) Reclaimed 124 empty regions
[2020-08-01T12:09:49.776+0300][87.820s][info ][gc] GC(2370) Pause Remark 240M->116M(512M) 0.701ms
[2020-08-01T12:09:49.835+0300][87.878s][info ][gc] GC(2371) Pause Young (Normal) (G1 Evacuation Pause) 168M->155M(512M) 37.582ms
[2020-08-01T12:09:49.837+0300][87.881s][info ][gc] GC(2370) Pause Cleanup 161M->161M(512M) 0.085ms
[2020-08-01T12:09:49.838+0300][87.882s][info ][gc] GC(2370) Concurrent Cycle 79.143ms
[2020-08-01T12:09:49.876+0300][87.920s][info ][gc] GC(2372) Pause Young (Concurrent Start) (G1 Humongous Allocation) 186M->187M(512M) 28.893ms
[2020-08-01T12:09:49.876+0300][87.920s][info ][gc] GC(2373) Concurrent Cycle
[2020-08-01T12:09:49.892+0300][87.936s][debug][gc] GC(2373) Reclaimed 123 empty regions
[2020-08-01T12:09:49.892+0300][87.936s][info ][gc] GC(2373) Pause Remark 238M->115M(512M) 0.682ms
[2020-08-01T12:09:49.952+0300][87.996s][info ][gc] GC(2374) Pause Young (Normal) (G1 Evacuation Pause) 168M->155M(512M) 37.650ms
[2020-08-01T12:09:49.953+0300][87.997s][info ][gc] GC(2373) Pause Cleanup 157M->157M(512M) 0.077ms
[2020-08-01T12:09:49.954+0300][87.998s][info ][gc] GC(2373) Concurrent Cycle 77.507ms
[2020-08-01T12:09:49.995+0300][88.038s][info ][gc] GC(2375) Pause Young (Concurrent Start) (G1 Humongous Allocation) 186M->187M(512M) 29.497ms
[2020-08-01T12:09:49.995+0300][88.038s][info ][gc] GC(2376) Concurrent Cycle
[2020-08-01T12:09:50.011+0300][88.055s][debug][gc] GC(2376) Reclaimed 123 empty regions
[2020-08-01T12:09:50.011+0300][88.055s][info ][gc] GC(2376) Pause Remark 240M->117M(512M) 0.644ms
[2020-08-01T12:09:50.065+0300][88.109s][info ][gc] GC(2377) Pause Young (Normal) (G1 Evacuation Pause) 168M->156M(512M) 33.926ms
[2020-08-01T12:09:50.068+0300][88.112s][info ][gc] GC(2376) Pause Cleanup 163M->163M(512M) 0.085ms
[2020-08-01T12:09:50.069+0300][88.112s][info ][gc] GC(2376) Concurrent Cycle 74.084ms
[2020-08-01T12:09:50.104+0300][88.148s][info ][gc] GC(2378) Pause Young (Concurrent Start) (G1 Humongous Allocation) 187M->188M(512M) 26.634ms
[2020-08-01T12:09:50.104+0300][88.148s][info ][gc] GC(2379) Concurrent Cycle
[2020-08-01T12:09:50.121+0300][88.165s][debug][gc] GC(2379) Reclaimed 123 empty regions
[2020-08-01T12:09:50.121+0300][88.165s][info ][gc] GC(2379) Pause Remark 241M->118M(512M) 0.677ms
[2020-08-01T12:09:50.178+0300][88.222s][info ][gc] GC(2380) Pause Young (Normal) (G1 Evacuation Pause) 169M->156M(512M) 36.015ms
[2020-08-01T12:09:50.181+0300][88.225s][info ][gc] GC(2379) Pause Cleanup 162M->162M(512M) 0.113ms
[2020-08-01T12:09:50.181+0300][88.225s][info ][gc] GC(2379) Concurrent Cycle 76.980ms
[2020-08-01T12:09:50.217+0300][88.261s][info ][gc] GC(2381) Pause Young (Concurrent Start) (G1 Humongous Allocation) 187M->188M(512M) 26.556ms
[2020-08-01T12:09:50.217+0300][88.261s][info ][gc] GC(2382) Concurrent Cycle
[2020-08-01T12:09:50.234+0300][88.277s][debug][gc] GC(2382) Reclaimed 124 empty regions
[2020-08-01T12:09:50.234+0300][88.277s][info ][gc] GC(2382) Pause Remark 241M->117M(512M) 0.736ms
[2020-08-01T12:09:50.287+0300][88.331s][info ][gc] GC(2383) Pause Young (Normal) (G1 Evacuation Pause) 168M->156M(512M) 32.970ms
[2020-08-01T12:09:50.290+0300][88.334s][info ][gc] GC(2382) Pause Cleanup 163M->163M(512M) 0.075ms
[2020-08-01T12:09:50.291+0300][88.334s][info ][gc] GC(2382) Concurrent Cycle 73.272ms
[2020-08-01T12:09:50.325+0300][88.368s][info ][gc] GC(2384) Pause Young (Concurrent Start) (G1 Humongous Allocation) 187M->188M(512M) 25.040ms
[2020-08-01T12:09:50.325+0300][88.368s][info ][gc] GC(2385) Concurrent Cycle
[2020-08-01T12:09:50.340+0300][88.384s][debug][gc] GC(2385) Reclaimed 123 empty regions
[2020-08-01T12:09:50.340+0300][88.384s][info ][gc] GC(2385) Pause Remark 241M->118M(512M) 0.620ms
[2020-08-01T12:09:50.396+0300][88.439s][info ][gc] GC(2386) Pause Young (Normal) (G1 Evacuation Pause) 169M->156M(512M) 34.545ms
[2020-08-01T12:09:50.398+0300][88.442s][info ][gc] GC(2385) Pause Cleanup 162M->162M(512M) 0.085ms
[2020-08-01T12:09:50.399+0300][88.443s][info ][gc] GC(2385) Concurrent Cycle 74.305ms
[2020-08-01T12:09:50.433+0300][88.477s][info ][gc] GC(2387) Pause Young (Concurrent Start) (G1 Humongous Allocation) 187M->188M(512M) 24.702ms
[2020-08-01T12:09:50.433+0300][88.477s][info ][gc] GC(2388) Concurrent Cycle
[2020-08-01T12:09:50.449+0300][88.493s][debug][gc] GC(2388) Reclaimed 123 empty regions
[2020-08-01T12:09:50.449+0300][88.493s][info ][gc] GC(2388) Pause Remark 241M->118M(512M) 0.641ms
[2020-08-01T12:09:50.502+0300][88.546s][info ][gc] GC(2389) Pause Young (Normal) (G1 Evacuation Pause) 169M->157M(512M) 31.809ms
[2020-08-01T12:09:50.505+0300][88.549s][info ][gc] GC(2388) Pause Cleanup 164M->164M(512M) 0.087ms
[2020-08-01T12:09:50.506+0300][88.550s][info ][gc] GC(2388) Concurrent Cycle 72.483ms
[2020-08-01T12:09:50.542+0300][88.586s][info ][gc] GC(2390) Pause Young (Concurrent Start) (G1 Humongous Allocation) 188M->189M(512M) 26.979ms
[2020-08-01T12:09:50.542+0300][88.586s][info ][gc] GC(2391) Concurrent Cycle
[2020-08-01T12:09:50.557+0300][88.601s][debug][gc] GC(2391) Reclaimed 124 empty regions
[2020-08-01T12:09:50.557+0300][88.601s][info ][gc] GC(2391) Pause Remark 241M->117M(512M) 0.636ms
[2020-08-01T12:09:50.581+0300][88.625s][info ][gc] GC(2391) Pause Cleanup 164M->164M(512M) 0.077ms
[2020-08-01T12:09:50.582+0300][88.625s][info ][gc] GC(2391) Concurrent Cycle 39.709ms
[2020-08-01T12:09:50.621+0300][88.665s][info ][gc] GC(2392) Pause Young (Normal) (G1 Evacuation Pause) 169M->156M(512M) 37.520ms
[2020-08-01T12:09:50.657+0300][88.700s][info ][gc] GC(2393) Pause Young (Concurrent Start) (G1 Humongous Allocation) 187M->188M(512M) 20.402ms
[2020-08-01T12:09:50.657+0300][88.700s][info ][gc] GC(2394) Concurrent Cycle
[2020-08-01T12:09:50.675+0300][88.719s][debug][gc] GC(2394) Reclaimed 122 empty regions
[2020-08-01T12:09:50.675+0300][88.719s][info ][gc] GC(2394) Pause Remark 242M->120M(512M) 0.876ms
[2020-08-01T12:09:50.727+0300][88.771s][info ][gc] GC(2395) Pause Young (Normal) (G1 Evacuation Pause) 170M->157M(512M) 32.499ms
[2020-08-01T12:09:50.731+0300][88.774s][info ][gc] GC(2394) Pause Cleanup 165M->165M(512M) 0.083ms
[2020-08-01T12:09:50.731+0300][88.775s][info ][gc] GC(2394) Concurrent Cycle 74.560ms
[2020-08-01T12:09:50.769+0300][88.813s][info ][gc] GC(2396) Pause Young (Concurrent Start) (G1 Humongous Allocation) 188M->189M(512M) 29.125ms
[2020-08-01T12:09:50.769+0300][88.813s][info ][gc] GC(2397) Concurrent Cycle
[2020-08-01T12:09:50.785+0300][88.829s][debug][gc] GC(2397) Reclaimed 123 empty regions
[2020-08-01T12:09:50.785+0300][88.829s][info ][gc] GC(2397) Pause Remark 239M->116M(512M) 0.803ms
[2020-08-01T12:09:50.842+0300][88.886s][info ][gc] GC(2398) Pause Young (Normal) (G1 Evacuation Pause) 170M->157M(512M) 34.947ms
[2020-08-01T12:09:50.844+0300][88.887s][info ][gc] GC(2397) Pause Cleanup 162M->162M(512M) 0.079ms
[2020-08-01T12:09:50.844+0300][88.888s][info ][gc] GC(2397) Concurrent Cycle 74.923ms
[2020-08-01T12:09:50.881+0300][88.925s][info ][gc] GC(2399) Pause Young (Concurrent Start) (G1 Humongous Allocation) 188M->189M(512M) 26.905ms
[2020-08-01T12:09:50.881+0300][88.925s][info ][gc] GC(2400) Concurrent Cycle
[2020-08-01T12:09:50.898+0300][88.942s][debug][gc] GC(2400) Reclaimed 122 empty regions
[2020-08-01T12:09:50.898+0300][88.942s][info ][gc] GC(2400) Pause Remark 241M->119M(512M) 0.646ms
[2020-08-01T12:09:50.952+0300][88.996s][info ][gc] GC(2401) Pause Young (Normal) (G1 Evacuation Pause) 171M->158M(512M) 33.247ms
[2020-08-01T12:09:50.955+0300][88.999s][info ][gc] GC(2400) Pause Cleanup 164M->164M(512M) 0.084ms
[2020-08-01T12:09:50.955+0300][88.999s][info ][gc] GC(2400) Concurrent Cycle 74.102ms
[2020-08-01T12:09:50.991+0300][89.034s][info ][gc] GC(2402) Pause Young (Concurrent Start) (G1 Humongous Allocation) 189M->190M(512M) 25.796ms
[2020-08-01T12:09:50.991+0300][89.035s][info ][gc] GC(2403) Concurrent Cycle
[2020-08-01T12:09:51.006+0300][89.050s][debug][gc] GC(2403) Reclaimed 123 empty regions
[2020-08-01T12:09:51.006+0300][89.050s][info ][gc] GC(2403) Pause Remark 243M->120M(512M) 0.688ms
[2020-08-01T12:09:51.061+0300][89.105s][info ][gc] GC(2404) Pause Young (Normal) (G1 Evacuation Pause) 170M->157M(512M) 34.941ms
[2020-08-01T12:09:51.064+0300][89.108s][info ][gc] GC(2403) Pause Cleanup 165M->165M(512M) 0.087ms
[2020-08-01T12:09:51.065+0300][89.109s][info ][gc] GC(2403) Concurrent Cycle 74.202ms
[2020-08-01T12:09:51.100+0300][89.144s][info ][gc] GC(2405) Pause Young (Concurrent Start) (G1 Humongous Allocation) 189M->190M(512M) 26.188ms
[2020-08-01T12:09:51.100+0300][89.144s][info ][gc] GC(2406) Concurrent Cycle
[2020-08-01T12:09:51.118+0300][89.162s][debug][gc] GC(2406) Reclaimed 123 empty regions
[2020-08-01T12:09:51.118+0300][89.162s][info ][gc] GC(2406) Pause Remark 243M->120M(512M) 0.907ms
[2020-08-01T12:09:51.171+0300][89.215s][info ][gc] GC(2407) Pause Young (Normal) (G1 Evacuation Pause) 170M->157M(512M) 33.282ms
[2020-08-01T12:09:51.175+0300][89.219s][info ][gc] GC(2406) Pause Cleanup 166M->166M(512M) 0.087ms
[2020-08-01T12:09:51.176+0300][89.219s][info ][gc] GC(2406) Concurrent Cycle 75.151ms
[2020-08-01T12:09:51.210+0300][89.254s][info ][gc] GC(2408) Pause Young (Concurrent Start) (G1 Humongous Allocation) 189M->190M(512M) 25.855ms
[2020-08-01T12:09:51.210+0300][89.254s][info ][gc] GC(2409) Concurrent Cycle
[2020-08-01T12:09:51.226+0300][89.270s][debug][gc] GC(2409) Reclaimed 123 empty regions
[2020-08-01T12:09:51.226+0300][89.270s][info ][gc] GC(2409) Pause Remark 244M->121M(512M) 0.727ms
[2020-08-01T12:09:51.282+0300][89.325s][info ][gc] GC(2410) Pause Young (Normal) (G1 Evacuation Pause) 170M->157M(512M) 35.653ms
[2020-08-01T12:09:51.286+0300][89.329s][info ][gc] GC(2409) Pause Cleanup 167M->167M(512M) 0.085ms
[2020-08-01T12:09:51.286+0300][89.330s][info ][gc] GC(2409) Concurrent Cycle 75.912ms
[2020-08-01T12:09:51.321+0300][89.365s][info ][gc] GC(2411) Pause Young (Concurrent Start) (G1 Humongous Allocation) 189M->191M(512M) 26.789ms
[2020-08-01T12:09:51.321+0300][89.365s][info ][gc] GC(2412) Concurrent Cycle
[2020-08-01T12:09:51.337+0300][89.381s][debug][gc] GC(2412) Reclaimed 123 empty regions
[2020-08-01T12:09:51.337+0300][89.381s][info ][gc] GC(2412) Pause Remark 244M->121M(512M) 0.666ms
[2020-08-01T12:09:51.391+0300][89.435s][info ][gc] GC(2413) Pause Young (Normal) (G1 Evacuation Pause) 171M->158M(512M) 33.755ms
[2020-08-01T12:09:51.395+0300][89.438s][info ][gc] GC(2412) Pause Cleanup 166M->166M(512M) 0.085ms
[2020-08-01T12:09:51.395+0300][89.439s][info ][gc] GC(2412) Concurrent Cycle 73.816ms
[2020-08-01T12:09:51.430+0300][89.473s][info ][gc] GC(2414) Pause Young (Concurrent Start) (G1 Humongous Allocation) 190M->191M(512M) 25.324ms
[2020-08-01T12:09:51.430+0300][89.473s][info ][gc] GC(2415) Concurrent Cycle
[2020-08-01T12:09:51.445+0300][89.489s][debug][gc] GC(2415) Reclaimed 124 empty regions
[2020-08-01T12:09:51.446+0300][89.489s][info ][gc] GC(2415) Pause Remark 244M->120M(512M) 0.731ms
[2020-08-01T12:09:51.500+0300][89.544s][info ][gc] GC(2416) Pause Young (Normal) (G1 Evacuation Pause) 170M->158M(512M) 34.652ms
[2020-08-01T12:09:51.504+0300][89.548s][info ][gc] GC(2415) Pause Cleanup 166M->166M(512M) 0.095ms
[2020-08-01T12:09:51.505+0300][89.548s][info ][gc] GC(2415) Concurrent Cycle 75.041ms
[2020-08-01T12:09:51.539+0300][89.583s][info ][gc] GC(2417) Pause Young (Concurrent Start) (G1 Humongous Allocation) 190M->191M(512M) 25.274ms
[2020-08-01T12:09:51.539+0300][89.583s][info ][gc] GC(2418) Concurrent Cycle
[2020-08-01T12:09:51.556+0300][89.599s][debug][gc] GC(2418) Reclaimed 123 empty regions
[2020-08-01T12:09:51.556+0300][89.600s][info ][gc] GC(2418) Pause Remark 246M->123M(512M) 0.690ms
[2020-08-01T12:09:51.613+0300][89.657s][info ][gc] GC(2419) Pause Young (Normal) (G1 Evacuation Pause) 171M->158M(512M) 37.287ms
[2020-08-01T12:09:51.617+0300][89.661s][info ][gc] GC(2418) Pause Cleanup 167M->167M(512M) 0.107ms
[2020-08-01T12:09:51.618+0300][89.661s][info ][gc] GC(2418) Concurrent Cycle 78.562ms
[2020-08-01T12:09:51.653+0300][89.696s][info ][gc] GC(2420) Pause Young (Concurrent Start) (G1 Humongous Allocation) 190M->191M(512M) 26.399ms
[2020-08-01T12:09:51.653+0300][89.696s][info ][gc] GC(2421) Concurrent Cycle
[2020-08-01T12:09:51.671+0300][89.715s][debug][gc] GC(2421) Reclaimed 123 empty regions
[2020-08-01T12:09:51.672+0300][89.715s][info ][gc] GC(2421) Pause Remark 245M->122M(512M) 0.692ms
[2020-08-01T12:09:51.723+0300][89.767s][info ][gc] GC(2422) Pause Young (Normal) (G1 Evacuation Pause) 171M->158M(512M) 32.158ms
[2020-08-01T12:09:51.727+0300][89.771s][info ][gc] GC(2421) Pause Cleanup 167M->167M(512M) 0.094ms
[2020-08-01T12:09:51.728+0300][89.772s][info ][gc] GC(2421) Concurrent Cycle 75.166ms
[2020-08-01T12:09:51.763+0300][89.806s][info ][gc] GC(2423) Pause Young (Concurrent Start) (G1 Humongous Allocation) 190M->191M(512M) 26.155ms
[2020-08-01T12:09:51.763+0300][89.807s][info ][gc] GC(2424) Concurrent Cycle
[2020-08-01T12:09:51.779+0300][89.823s][debug][gc] GC(2424) Reclaimed 123 empty regions
[2020-08-01T12:09:51.780+0300][89.823s][info ][gc] GC(2424) Pause Remark 246M->123M(512M) 0.741ms
[2020-08-01T12:09:51.831+0300][89.874s][info ][gc] GC(2425) Pause Young (Normal) (G1 Evacuation Pause) 171M->159M(512M) 31.778ms
[2020-08-01T12:09:51.834+0300][89.878s][info ][gc] GC(2424) Pause Cleanup 168M->168M(512M) 0.080ms
[2020-08-01T12:09:51.835+0300][89.879s][info ][gc] GC(2424) Concurrent Cycle 72.263ms
[2020-08-01T12:09:51.869+0300][89.913s][info ][gc] GC(2426) Pause Young (Concurrent Start) (G1 Humongous Allocation) 191M->191M(512M) 25.265ms
[2020-08-01T12:09:51.869+0300][89.913s][info ][gc] GC(2427) Concurrent Cycle
[2020-08-01T12:09:51.884+0300][89.928s][debug][gc] GC(2427) Reclaimed 123 empty regions
[2020-08-01T12:09:51.885+0300][89.928s][info ][gc] GC(2427) Pause Remark 244M->121M(512M) 0.720ms
[2020-08-01T12:09:51.938+0300][89.981s][info ][gc] GC(2428) Pause Young (Normal) (G1 Evacuation Pause) 171M->159M(512M) 32.897ms
[2020-08-01T12:09:51.941+0300][89.985s][info ][gc] GC(2427) Pause Cleanup 167M->167M(512M) 0.096ms
[2020-08-01T12:09:51.942+0300][89.986s][info ][gc] GC(2427) Concurrent Cycle 73.102ms
[2020-08-01T12:09:51.977+0300][90.021s][info ][gc] GC(2429) Pause Young (Concurrent Start) (G1 Humongous Allocation) 191M->192M(512M) 26.185ms
[2020-08-01T12:09:51.977+0300][90.021s][info ][gc] GC(2430) Concurrent Cycle
[2020-08-01T12:09:51.994+0300][90.038s][debug][gc] GC(2430) Reclaimed 124 empty regions
[2020-08-01T12:09:51.994+0300][90.038s][info ][gc] GC(2430) Pause Remark 246M->122M(512M) 0.810ms
[2020-08-01T12:09:52.047+0300][90.091s][info ][gc] GC(2431) Pause Young (Normal) (G1 Evacuation Pause) 171M->158M(512M) 33.207ms
[2020-08-01T12:09:52.051+0300][90.095s][info ][gc] GC(2430) Pause Cleanup 166M->166M(512M) 0.109ms
[2020-08-01T12:09:52.051+0300][90.095s][info ][gc] GC(2430) Concurrent Cycle 74.331ms
[2020-08-01T12:09:52.086+0300][90.130s][info ][gc] GC(2432) Pause Young (Concurrent Start) (G1 Humongous Allocation) 190M->191M(512M) 25.557ms
[2020-08-01T12:09:52.086+0300][90.130s][info ][gc] GC(2433) Concurrent Cycle
[2020-08-01T12:09:52.102+0300][90.146s][debug][gc] GC(2433) Reclaimed 123 empty regions
[2020-08-01T12:09:52.102+0300][90.146s][info ][gc] GC(2433) Pause Remark 245M->122M(512M) 0.635ms
[2020-08-01T12:09:52.158+0300][90.202s][info ][gc] GC(2434) Pause Young (Normal) (G1 Evacuation Pause) 171M->159M(512M) 35.814ms
[2020-08-01T12:09:52.161+0300][90.205s][info ][gc] GC(2433) Pause Cleanup 167M->167M(512M) 0.082ms
[2020-08-01T12:09:52.162+0300][90.206s][info ][gc] GC(2433) Concurrent Cycle 75.787ms
[2020-08-01T12:09:52.198+0300][90.242s][info ][gc] GC(2435) Pause Young (Concurrent Start) (G1 Humongous Allocation) 191M->192M(512M) 27.242ms
[2020-08-01T12:09:52.198+0300][90.242s][info ][gc] GC(2436) Concurrent Cycle
[2020-08-01T12:09:52.215+0300][90.259s][debug][gc] GC(2436) Reclaimed 123 empty regions
[2020-08-01T12:09:52.215+0300][90.259s][info ][gc] GC(2436) Pause Remark 245M->122M(512M) 0.647ms
[2020-08-01T12:09:52.267+0300][90.310s][info ][gc] GC(2437) Pause Young (Normal) (G1 Evacuation Pause) 172M->160M(512M) 31.265ms
[2020-08-01T12:09:52.270+0300][90.314s][info ][gc] GC(2436) Pause Cleanup 167M->167M(512M) 0.092ms
[2020-08-01T12:09:52.270+0300][90.314s][info ][gc] GC(2436) Concurrent Cycle 72.132ms
[2020-08-01T12:09:52.305+0300][90.349s][info ][gc] GC(2438) Pause Young (Concurrent Start) (G1 Humongous Allocation) 192M->193M(512M) 25.245ms
[2020-08-01T12:09:52.305+0300][90.349s][info ][gc] GC(2439) Concurrent Cycle
[2020-08-01T12:09:52.321+0300][90.365s][debug][gc] GC(2439) Reclaimed 124 empty regions
[2020-08-01T12:09:52.321+0300][90.365s][info ][gc] GC(2439) Pause Remark 246M->122M(512M) 0.628ms
[2020-08-01T12:09:52.374+0300][90.418s][info ][gc] GC(2440) Pause Young (Normal) (G1 Evacuation Pause) 172M->159M(512M) 33.665ms
[2020-08-01T12:09:52.378+0300][90.422s][info ][gc] GC(2439) Pause Cleanup 168M->168M(512M) 0.082ms
[2020-08-01T12:09:52.378+0300][90.422s][info ][gc] GC(2439) Concurrent Cycle 73.234ms
[2020-08-01T12:09:52.413+0300][90.456s][info ][gc] GC(2441) Pause Young (Concurrent Start) (G1 Humongous Allocation) 191M->192M(512M) 25.446ms
[2020-08-01T12:09:52.413+0300][90.457s][info ][gc] GC(2442) Concurrent Cycle
[2020-08-01T12:09:52.429+0300][90.473s][debug][gc] GC(2442) Reclaimed 124 empty regions
[2020-08-01T12:09:52.429+0300][90.473s][info ][gc] GC(2442) Pause Remark 247M->123M(512M) 0.684ms
[2020-08-01T12:09:52.482+0300][90.526s][info ][gc] GC(2443) Pause Young (Normal) (G1 Evacuation Pause) 171M->159M(512M) 32.766ms
[2020-08-01T12:09:52.485+0300][90.529s][info ][gc] GC(2442) Pause Cleanup 168M->168M(512M) 0.077ms
[2020-08-01T12:09:52.486+0300][90.530s][info ][gc] GC(2442) Concurrent Cycle 73.250ms
[2020-08-01T12:09:52.520+0300][90.564s][info ][gc] GC(2444) Pause Young (Concurrent Start) (G1 Humongous Allocation) 191M->192M(512M) 25.382ms
[2020-08-01T12:09:52.520+0300][90.564s][info ][gc] GC(2445) Concurrent Cycle
[2020-08-01T12:09:52.537+0300][90.580s][debug][gc] GC(2445) Reclaimed 123 empty regions
[2020-08-01T12:09:52.537+0300][90.581s][info ][gc] GC(2445) Pause Remark 243M->120M(512M) 0.651ms
[2020-08-01T12:09:52.592+0300][90.636s][info ][gc] GC(2446) Pause Young (Normal) (G1 Evacuation Pause) 172M->159M(512M) 34.141ms
[2020-08-01T12:09:52.595+0300][90.638s][info ][gc] GC(2445) Pause Cleanup 166M->166M(512M) 0.101ms
[2020-08-01T12:09:52.595+0300][90.639s][info ][gc] GC(2445) Concurrent Cycle 75.365ms
[2020-08-01T12:09:52.638+0300][90.682s][info ][gc] GC(2447) Pause Young (Concurrent Start) (G1 Humongous Allocation) 191M->192M(512M) 32.719ms
[2020-08-01T12:09:52.638+0300][90.682s][info ][gc] GC(2448) Concurrent Cycle
[2020-08-01T12:09:52.655+0300][90.699s][debug][gc] GC(2448) Reclaimed 123 empty regions
[2020-08-01T12:09:52.655+0300][90.699s][info ][gc] GC(2448) Pause Remark 245M->122M(512M) 0.723ms
[2020-08-01T12:09:52.710+0300][90.754s][info ][gc] GC(2449) Pause Young (Normal) (G1 Evacuation Pause) 172M->160M(512M) 33.183ms
[2020-08-01T12:09:52.713+0300][90.757s][info ][gc] GC(2448) Pause Cleanup 169M->169M(512M) 0.085ms
[2020-08-01T12:09:52.714+0300][90.758s][info ][gc] GC(2448) Concurrent Cycle 75.824ms
[2020-08-01T12:09:52.751+0300][90.795s][info ][gc] GC(2450) Pause Young (Concurrent Start) (G1 Humongous Allocation) 192M->193M(512M) 27.856ms
[2020-08-01T12:09:52.751+0300][90.795s][info ][gc] GC(2451) Concurrent Cycle
[2020-08-01T12:09:52.767+0300][90.811s][debug][gc] GC(2451) Reclaimed 125 empty regions
[2020-08-01T12:09:52.767+0300][90.811s][info ][gc] GC(2451) Pause Remark 245M->120M(512M) 0.888ms
[2020-08-01T12:09:52.823+0300][90.867s][info ][gc] GC(2452) Pause Young (Normal) (G1 Evacuation Pause) 171M->159M(512M) 35.092ms
[2020-08-01T12:09:52.826+0300][90.870s][info ][gc] GC(2451) Pause Cleanup 167M->167M(512M) 0.085ms
[2020-08-01T12:09:52.826+0300][90.870s][info ][gc] GC(2451) Concurrent Cycle 75.602ms
[2020-08-01T12:09:52.865+0300][90.909s][info ][gc] GC(2453) Pause Young (Concurrent Start) (G1 Humongous Allocation) 191M->192M(512M) 28.915ms
[2020-08-01T12:09:52.865+0300][90.909s][info ][gc] GC(2454) Concurrent Cycle
[2020-08-01T12:09:52.882+0300][90.925s][debug][gc] GC(2454) Reclaimed 123 empty regions
[2020-08-01T12:09:52.882+0300][90.925s][info ][gc] GC(2454) Pause Remark 244M->121M(512M) 0.716ms
[2020-08-01T12:09:52.939+0300][90.983s][info ][gc] GC(2455) Pause Young (Normal) (G1 Evacuation Pause) 172M->159M(512M) 36.205ms
[2020-08-01T12:09:52.942+0300][90.986s][info ][gc] GC(2454) Pause Cleanup 166M->166M(512M) 0.083ms
[2020-08-01T12:09:52.942+0300][90.986s][info ][gc] GC(2454) Concurrent Cycle 77.480ms
[2020-08-01T12:09:52.980+0300][91.024s][info ][gc] GC(2456) Pause Young (Concurrent Start) (G1 Humongous Allocation) 191M->192M(512M) 27.951ms
[2020-08-01T12:09:52.980+0300][91.024s][info ][gc] GC(2457) Concurrent Cycle
[2020-08-01T12:09:52.996+0300][91.040s][debug][gc] GC(2457) Reclaimed 123 empty regions
[2020-08-01T12:09:52.996+0300][91.040s][info ][gc] GC(2457) Pause Remark 245M->122M(512M) 0.727ms
[2020-08-01T12:09:53.056+0300][91.100s][info ][gc] GC(2458) Pause Young (Normal) (G1 Evacuation Pause) 172M->159M(512M) 39.289ms
[2020-08-01T12:09:53.060+0300][91.103s][info ][gc] GC(2457) Pause Cleanup 167M->167M(512M) 0.090ms
[2020-08-01T12:09:53.060+0300][91.104s][info ][gc] GC(2457) Concurrent Cycle 80.126ms
[2020-08-01T12:09:53.097+0300][91.141s][info ][gc] GC(2459) Pause Young (Concurrent Start) (G1 Humongous Allocation) 191M->193M(512M) 27.526ms
[2020-08-01T12:09:53.097+0300][91.141s][info ][gc] GC(2460) Concurrent Cycle
[2020-08-01T12:09:53.114+0300][91.157s][debug][gc] GC(2460) Reclaimed 124 empty regions
[2020-08-01T12:09:53.114+0300][91.157s][info ][gc] GC(2460) Pause Remark 248M->124M(512M) 0.648ms
[2020-08-01T12:09:53.169+0300][91.213s][info ][gc] GC(2461) Pause Young (Normal) (G1 Evacuation Pause) 172M->158M(512M) 35.702ms
[2020-08-01T12:09:53.173+0300][91.217s][info ][gc] GC(2460) Pause Cleanup 169M->169M(512M) 0.112ms
[2020-08-01T12:09:53.174+0300][91.218s][info ][gc] GC(2460) Concurrent Cycle 76.698ms
[2020-08-01T12:09:53.210+0300][91.253s][info ][gc] GC(2462) Pause Young (Concurrent Start) (G1 Humongous Allocation) 190M->192M(512M) 27.393ms
[2020-08-01T12:09:53.210+0300][91.253s][info ][gc] GC(2463) Concurrent Cycle
[2020-08-01T12:09:53.226+0300][91.269s][debug][gc] GC(2463) Reclaimed 123 empty regions
[2020-08-01T12:09:53.226+0300][91.270s][info ][gc] GC(2463) Pause Remark 244M->121M(512M) 0.709ms
[2020-08-01T12:09:53.289+0300][91.333s][info ][gc] GC(2464) Pause Young (Normal) (G1 Evacuation Pause) 172M->159M(512M) 42.335ms
[2020-08-01T12:09:53.292+0300][91.336s][info ][gc] GC(2463) Pause Cleanup 166M->166M(512M) 0.088ms
[2020-08-01T12:09:53.293+0300][91.336s][info ][gc] GC(2463) Concurrent Cycle 83.026ms
[2020-08-01T12:09:53.330+0300][91.374s][info ][gc] GC(2465) Pause Young (Concurrent Start) (G1 Humongous Allocation) 191M->193M(512M) 28.403ms
[2020-08-01T12:09:53.331+0300][91.374s][info ][gc] GC(2466) Concurrent Cycle
[2020-08-01T12:09:53.346+0300][91.390s][debug][gc] GC(2466) Reclaimed 124 empty regions
[2020-08-01T12:09:53.346+0300][91.390s][info ][gc] GC(2466) Pause Remark 245M->121M(512M) 0.707ms
[2020-08-01T12:09:53.402+0300][91.446s][info ][gc] GC(2467) Pause Young (Normal) (G1 Evacuation Pause) 172M->159M(512M) 34.122ms
[2020-08-01T12:09:53.404+0300][91.448s][info ][gc] GC(2466) Pause Cleanup 165M->165M(512M) 0.095ms
[2020-08-01T12:09:53.405+0300][91.449s][info ][gc] GC(2466) Concurrent Cycle 74.488ms
[2020-08-01T12:09:53.442+0300][91.485s][info ][gc] GC(2468) Pause Young (Concurrent Start) (G1 Humongous Allocation) 191M->192M(512M) 26.546ms
[2020-08-01T12:09:53.442+0300][91.485s][info ][gc] GC(2469) Concurrent Cycle
[2020-08-01T12:09:53.457+0300][91.501s][debug][gc] GC(2469) Reclaimed 123 empty regions
[2020-08-01T12:09:53.457+0300][91.501s][info ][gc] GC(2469) Pause Remark 244M->121M(512M) 0.646ms
[2020-08-01T12:09:53.514+0300][91.558s][info ][gc] GC(2470) Pause Young (Normal) (G1 Evacuation Pause) 172M->159M(512M) 35.705ms
[2020-08-01T12:09:53.517+0300][91.561s][info ][gc] GC(2469) Pause Cleanup 167M->167M(512M) 0.112ms
[2020-08-01T12:09:53.518+0300][91.562s][info ][gc] GC(2469) Concurrent Cycle 76.322ms
[2020-08-01T12:09:53.557+0300][91.601s][info ][gc] GC(2471) Pause Young (Concurrent Start) (G1 Humongous Allocation) 191M->192M(512M) 29.314ms
[2020-08-01T12:09:53.557+0300][91.601s][info ][gc] GC(2472) Concurrent Cycle
[2020-08-01T12:09:53.573+0300][91.617s][debug][gc] GC(2472) Reclaimed 124 empty regions
[2020-08-01T12:09:53.573+0300][91.617s][info ][gc] GC(2472) Pause Remark 244M->120M(512M) 0.698ms
[2020-08-01T12:09:53.625+0300][91.669s][info ][gc] GC(2473) Pause Young (Normal) (G1 Evacuation Pause) 171M->159M(512M) 31.711ms
[2020-08-01T12:09:53.629+0300][91.672s][info ][gc] GC(2472) Pause Cleanup 167M->167M(512M) 0.094ms
[2020-08-01T12:09:53.629+0300][91.673s][info ][gc] GC(2472) Concurrent Cycle 72.160ms
[2020-08-01T12:09:53.668+0300][91.712s][info ][gc] GC(2474) Pause Young (Concurrent Start) (G1 Humongous Allocation) 191M->192M(512M) 30.137ms
[2020-08-01T12:09:53.668+0300][91.712s][info ][gc] GC(2475) Concurrent Cycle
[2020-08-01T12:09:53.688+0300][91.732s][debug][gc] GC(2475) Reclaimed 123 empty regions
[2020-08-01T12:09:53.688+0300][91.732s][info ][gc] GC(2475) Pause Remark 250M->127M(512M) 0.644ms
[2020-08-01T12:09:53.745+0300][91.789s][info ][gc] GC(2476) Pause Young (Normal) (G1 Evacuation Pause) 172M->159M(512M) 38.520ms
[2020-08-01T12:09:53.751+0300][91.794s][info ][gc] GC(2475) Pause Cleanup 169M->169M(512M) 0.137ms
[2020-08-01T12:09:53.751+0300][91.795s][info ][gc] GC(2475) Concurrent Cycle 82.852ms
[2020-08-01T12:09:53.789+0300][91.833s][info ][gc] GC(2477) Pause Young (Concurrent Start) (G1 Humongous Allocation) 191M->192M(512M) 28.186ms
[2020-08-01T12:09:53.789+0300][91.833s][info ][gc] GC(2478) Concurrent Cycle
[2020-08-01T12:09:53.806+0300][91.850s][debug][gc] GC(2478) Reclaimed 124 empty regions
[2020-08-01T12:09:53.806+0300][91.850s][info ][gc] GC(2478) Pause Remark 246M->122M(512M) 0.727ms
[2020-08-01T12:09:53.862+0300][91.906s][info ][gc] GC(2479) Pause Young (Normal) (G1 Evacuation Pause) 171M->159M(512M) 36.069ms
[2020-08-01T12:09:53.866+0300][91.909s][info ][gc] GC(2478) Pause Cleanup 168M->168M(512M) 0.112ms
[2020-08-01T12:09:53.866+0300][91.910s][info ][gc] GC(2478) Concurrent Cycle 77.143ms
[2020-08-01T12:09:53.903+0300][91.947s][info ][gc] GC(2480) Pause Young (Concurrent Start) (G1 Humongous Allocation) 191M->193M(512M) 28.101ms
[2020-08-01T12:09:53.903+0300][91.947s][info ][gc] GC(2481) Concurrent Cycle
[2020-08-01T12:09:53.919+0300][91.963s][debug][gc] GC(2481) Reclaimed 124 empty regions
[2020-08-01T12:09:53.919+0300][91.963s][info ][gc] GC(2481) Pause Remark 245M->121M(512M) 0.637ms
[2020-08-01T12:09:53.974+0300][92.018s][info ][gc] GC(2482) Pause Young (Normal) (G1 Evacuation Pause) 172M->159M(512M) 34.903ms
[2020-08-01T12:09:53.978+0300][92.022s][info ][gc] GC(2481) Pause Cleanup 167M->167M(512M) 0.089ms
[2020-08-01T12:09:53.978+0300][92.022s][info ][gc] GC(2481) Concurrent Cycle 75.035ms
[2020-08-01T12:09:54.013+0300][92.057s][info ][gc] GC(2483) Pause Young (Concurrent Start) (G1 Humongous Allocation) 191M->192M(512M) 25.687ms
[2020-08-01T12:09:54.013+0300][92.057s][info ][gc] GC(2484) Concurrent Cycle
[2020-08-01T12:09:54.030+0300][92.074s][debug][gc] GC(2484) Reclaimed 124 empty regions
[2020-08-01T12:09:54.030+0300][92.074s][info ][gc] GC(2484) Pause Remark 246M->122M(512M) 0.702ms
[2020-08-01T12:09:54.082+0300][92.126s][info ][gc] GC(2485) Pause Young (Normal) (G1 Evacuation Pause) 171M->158M(512M) 32.369ms
[2020-08-01T12:09:54.086+0300][92.130s][info ][gc] GC(2484) Pause Cleanup 167M->167M(512M) 0.081ms
[2020-08-01T12:09:54.086+0300][92.130s][info ][gc] GC(2484) Concurrent Cycle 72.918ms
[2020-08-01T12:09:54.121+0300][92.165s][info ][gc] GC(2486) Pause Young (Concurrent Start) (G1 Humongous Allocation) 190M->190M(512M) 25.723ms
[2020-08-01T12:09:54.121+0300][92.165s][info ][gc] GC(2487) Concurrent Cycle
[2020-08-01T12:09:54.137+0300][92.181s][debug][gc] GC(2487) Reclaimed 122 empty regions
[2020-08-01T12:09:54.137+0300][92.181s][info ][gc] GC(2487) Pause Remark 243M->121M(512M) 0.662ms
[2020-08-01T12:09:54.190+0300][92.234s][info ][gc] GC(2488) Pause Young (Normal) (G1 Evacuation Pause) 171M->159M(512M) 33.123ms
[2020-08-01T12:09:54.194+0300][92.238s][info ][gc] GC(2487) Pause Cleanup 168M->168M(512M) 0.103ms
[2020-08-01T12:09:54.195+0300][92.239s][info ][gc] GC(2487) Concurrent Cycle 73.829ms
[2020-08-01T12:09:54.229+0300][92.273s][info ][gc] GC(2489) Pause Young (Concurrent Start) (G1 Humongous Allocation) 191M->191M(512M) 25.339ms
[2020-08-01T12:09:54.229+0300][92.273s][info ][gc] GC(2490) Concurrent Cycle
[2020-08-01T12:09:54.245+0300][92.289s][debug][gc] GC(2490) Reclaimed 123 empty regions
[2020-08-01T12:09:54.245+0300][92.289s][info ][gc] GC(2490) Pause Remark 246M->123M(512M) 0.662ms
[2020-08-01T12:09:54.298+0300][92.341s][info ][gc] GC(2491) Pause Young (Normal) (G1 Evacuation Pause) 171M->158M(512M) 32.680ms
[2020-08-01T12:09:54.301+0300][92.345s][info ][gc] GC(2490) Pause Cleanup 167M->167M(512M) 0.081ms
[2020-08-01T12:09:54.302+0300][92.346s][info ][gc] GC(2490) Concurrent Cycle 72.921ms
[2020-08-01T12:09:54.336+0300][92.380s][info ][gc] GC(2492) Pause Young (Concurrent Start) (G1 Humongous Allocation) 190M->191M(512M) 25.427ms
[2020-08-01T12:09:54.336+0300][92.380s][info ][gc] GC(2493) Concurrent Cycle
[2020-08-01T12:09:54.351+0300][92.395s][debug][gc] GC(2493) Reclaimed 123 empty regions
[2020-08-01T12:09:54.351+0300][92.395s][info ][gc] GC(2493) Pause Remark 243M->120M(512M) 0.624ms
[2020-08-01T12:09:54.406+0300][92.450s][info ][gc] GC(2494) Pause Young (Normal) (G1 Evacuation Pause) 171M->159M(512M) 34.166ms
[2020-08-01T12:09:54.409+0300][92.453s][info ][gc] GC(2493) Pause Cleanup 167M->167M(512M) 0.086ms
[2020-08-01T12:09:54.409+0300][92.453s][info ][gc] GC(2493) Concurrent Cycle 73.622ms
[2020-08-01T12:09:54.444+0300][92.488s][info ][gc] GC(2495) Pause Young (Concurrent Start) (G1 Humongous Allocation) 191M->191M(512M) 25.912ms
[2020-08-01T12:09:54.445+0300][92.488s][info ][gc] GC(2496) Concurrent Cycle
[2020-08-01T12:09:54.461+0300][92.505s][debug][gc] GC(2496) Reclaimed 123 empty regions
[2020-08-01T12:09:54.461+0300][92.505s][info ][gc] GC(2496) Pause Remark 244M->121M(512M) 0.644ms
[2020-08-01T12:09:54.514+0300][92.557s][info ][gc] GC(2497) Pause Young (Normal) (G1 Evacuation Pause) 171M->158M(512M) 32.410ms
[2020-08-01T12:09:54.517+0300][92.561s][info ][gc] GC(2496) Pause Cleanup 166M->166M(512M) 0.082ms
[2020-08-01T12:09:54.517+0300][92.561s][info ][gc] GC(2496) Concurrent Cycle 72.899ms
[2020-08-01T12:09:54.552+0300][92.596s][info ][gc] GC(2498) Pause Young (Concurrent Start) (G1 Humongous Allocation) 190M->192M(512M) 25.696ms
[2020-08-01T12:09:54.552+0300][92.596s][info ][gc] GC(2499) Concurrent Cycle
[2020-08-01T12:09:54.569+0300][92.612s][debug][gc] GC(2499) Reclaimed 123 empty regions
[2020-08-01T12:09:54.569+0300][92.612s][info ][gc] GC(2499) Pause Remark 244M->121M(512M) 0.639ms
[2020-08-01T12:09:54.625+0300][92.669s][info ][gc] GC(2500) Pause Young (Normal) (G1 Evacuation Pause) 172M->159M(512M) 35.254ms
[2020-08-01T12:09:54.628+0300][92.672s][info ][gc] GC(2499) Pause Cleanup 165M->165M(512M) 0.097ms
[2020-08-01T12:09:54.628+0300][92.672s][info ][gc] GC(2499) Concurrent Cycle 76.002ms
[2020-08-01T12:09:54.669+0300][92.713s][info ][gc] GC(2501) Pause Young (Concurrent Start) (G1 Humongous Allocation) 191M->193M(512M) 30.434ms
[2020-08-01T12:09:54.669+0300][92.713s][info ][gc] GC(2502) Concurrent Cycle
[2020-08-01T12:09:54.689+0300][92.732s][debug][gc] GC(2502) Reclaimed 124 empty regions
[2020-08-01T12:09:54.689+0300][92.733s][info ][gc] GC(2502) Pause Remark 247M->123M(512M) 0.689ms
[2020-08-01T12:09:54.743+0300][92.787s][info ][gc] GC(2503) Pause Young (Normal) (G1 Evacuation Pause) 172M->159M(512M) 34.186ms
[2020-08-01T12:09:54.747+0300][92.790s][info ][gc] GC(2502) Pause Cleanup 169M->169M(512M) 0.093ms
[2020-08-01T12:09:54.747+0300][92.791s][info ][gc] GC(2502) Concurrent Cycle 77.976ms
[2020-08-01T12:09:54.781+0300][92.825s][info ][gc] GC(2504) Pause Young (Concurrent Start) (G1 Humongous Allocation) 191M->192M(512M) 25.253ms
[2020-08-01T12:09:54.781+0300][92.825s][info ][gc] GC(2505) Concurrent Cycle
[2020-08-01T12:09:54.797+0300][92.841s][debug][gc] GC(2505) Reclaimed 123 empty regions
[2020-08-01T12:09:54.797+0300][92.841s][info ][gc] GC(2505) Pause Remark 245M->122M(512M) 0.677ms
[2020-08-01T12:09:54.851+0300][92.894s][info ][gc] GC(2506) Pause Young (Normal) (G1 Evacuation Pause) 172M->159M(512M) 33.126ms
[2020-08-01T12:09:54.855+0300][92.898s][info ][gc] GC(2505) Pause Cleanup 167M->167M(512M) 0.095ms
[2020-08-01T12:09:54.855+0300][92.899s][info ][gc] GC(2505) Concurrent Cycle 74.166ms
[2020-08-01T12:09:54.891+0300][92.935s][info ][gc] GC(2507) Pause Young (Concurrent Start) (G1 Humongous Allocation) 191M->193M(512M) 27.113ms
[2020-08-01T12:09:54.892+0300][92.935s][info ][gc] GC(2508) Concurrent Cycle
[2020-08-01T12:09:54.907+0300][92.951s][debug][gc] GC(2508) Reclaimed 124 empty regions
[2020-08-01T12:09:54.907+0300][92.951s][info ][gc] GC(2508) Pause Remark 247M->123M(512M) 0.636ms
[2020-08-01T12:09:54.964+0300][93.008s][info ][gc] GC(2509) Pause Young (Normal) (G1 Evacuation Pause) 172M->159M(512M) 36.983ms
[2020-08-01T12:09:54.968+0300][93.012s][info ][gc] GC(2508) Pause Cleanup 169M->169M(512M) 0.087ms
[2020-08-01T12:09:54.969+0300][93.013s][info ][gc] GC(2508) Concurrent Cycle 77.527ms
[2020-08-01T12:09:55.007+0300][93.051s][info ][gc] GC(2510) Pause Young (Concurrent Start) (G1 Humongous Allocation) 191M->192M(512M) 29.302ms
[2020-08-01T12:09:55.007+0300][93.051s][info ][gc] GC(2511) Concurrent Cycle
[2020-08-01T12:09:55.023+0300][93.067s][debug][gc] GC(2511) Reclaimed 123 empty regions
[2020-08-01T12:09:55.023+0300][93.067s][info ][gc] GC(2511) Pause Remark 245M->122M(512M) 0.712ms
[2020-08-01T12:09:55.081+0300][93.125s][info ][gc] GC(2512) Pause Young (Normal) (G1 Evacuation Pause) 172M->160M(512M) 37.279ms
[2020-08-01T12:09:55.084+0300][93.128s][info ][gc] GC(2511) Pause Cleanup 168M->168M(512M) 0.096ms
[2020-08-01T12:09:55.085+0300][93.129s][info ][gc] GC(2511) Concurrent Cycle 77.991ms
[2020-08-01T12:09:55.120+0300][93.164s][info ][gc] GC(2513) Pause Young (Concurrent Start) (G1 Humongous Allocation) 192M->192M(512M) 25.938ms
[2020-08-01T12:09:55.120+0300][93.164s][info ][gc] GC(2514) Concurrent Cycle
[2020-08-01T12:09:55.137+0300][93.181s][debug][gc] GC(2514) Reclaimed 124 empty regions
[2020-08-01T12:09:55.137+0300][93.181s][info ][gc] GC(2514) Pause Remark 247M->123M(512M) 0.764ms
[2020-08-01T12:09:55.189+0300][93.232s][info ][gc] GC(2515) Pause Young (Normal) (G1 Evacuation Pause) 171M->159M(512M) 31.960ms
[2020-08-01T12:09:55.193+0300][93.236s][info ][gc] GC(2514) Pause Cleanup 169M->169M(512M) 0.085ms
[2020-08-01T12:09:55.193+0300][93.237s][info ][gc] GC(2514) Concurrent Cycle 73.111ms
[2020-08-01T12:09:55.227+0300][93.270s][info ][gc] GC(2516) Pause Young (Concurrent Start) (G1 Humongous Allocation) 191M->192M(512M) 25.224ms
[2020-08-01T12:09:55.227+0300][93.271s][info ][gc] GC(2517) Concurrent Cycle
[2020-08-01T12:09:55.242+0300][93.286s][debug][gc] GC(2517) Reclaimed 123 empty regions
[2020-08-01T12:09:55.242+0300][93.286s][info ][gc] GC(2517) Pause Remark 245M->122M(512M) 0.662ms
[2020-08-01T12:09:55.297+0300][93.340s][info ][gc] GC(2518) Pause Young (Normal) (G1 Evacuation Pause) 172M->159M(512M) 34.120ms
[2020-08-01T12:09:55.300+0300][93.344s][info ][gc] GC(2517) Pause Cleanup 168M->168M(512M) 0.097ms
[2020-08-01T12:09:55.301+0300][93.345s][info ][gc] GC(2517) Concurrent Cycle 74.384ms
[2020-08-01T12:09:55.335+0300][93.379s][info ][gc] GC(2519) Pause Young (Concurrent Start) (G1 Humongous Allocation) 191M->192M(512M) 25.197ms
[2020-08-01T12:09:55.335+0300][93.379s][info ][gc] GC(2520) Concurrent Cycle
[2020-08-01T12:09:55.352+0300][93.396s][debug][gc] GC(2520) Reclaimed 124 empty regions
[2020-08-01T12:09:55.352+0300][93.396s][info ][gc] GC(2520) Pause Remark 247M->123M(512M) 0.656ms
[2020-08-01T12:09:55.403+0300][93.447s][info ][gc] GC(2521) Pause Young (Normal) (G1 Evacuation Pause) 171M->159M(512M) 31.672ms
[2020-08-01T12:09:55.407+0300][93.451s][info ][gc] GC(2520) Pause Cleanup 169M->169M(512M) 0.080ms
[2020-08-01T12:09:55.407+0300][93.451s][info ][gc] GC(2520) Concurrent Cycle 72.506ms
[2020-08-01T12:09:55.442+0300][93.485s][info ][gc] GC(2522) Pause Young (Concurrent Start) (G1 Humongous Allocation) 191M->192M(512M) 26.015ms
[2020-08-01T12:09:55.442+0300][93.486s][info ][gc] GC(2523) Concurrent Cycle
[2020-08-01T12:09:55.457+0300][93.501s][debug][gc] GC(2523) Reclaimed 123 empty regions
[2020-08-01T12:09:55.457+0300][93.501s][info ][gc] GC(2523) Pause Remark 245M->122M(512M) 0.633ms
[2020-08-01T12:09:55.510+0300][93.554s][info ][gc] GC(2524) Pause Young (Normal) (G1 Evacuation Pause) 172M->160M(512M) 33.311ms
[2020-08-01T12:09:55.514+0300][93.558s][info ][gc] GC(2523) Pause Cleanup 168M->168M(512M) 0.080ms
[2020-08-01T12:09:55.514+0300][93.558s][info ][gc] GC(2523) Concurrent Cycle 72.533ms
[2020-08-01T12:09:55.549+0300][93.592s][info ][gc] GC(2525) Pause Young (Concurrent Start) (G1 Humongous Allocation) 192M->193M(512M) 25.425ms
[2020-08-01T12:09:55.549+0300][93.593s][info ][gc] GC(2526) Concurrent Cycle
[2020-08-01T12:09:55.566+0300][93.610s][debug][gc] GC(2526) Reclaimed 124 empty regions
[2020-08-01T12:09:55.566+0300][93.610s][info ][gc] GC(2526) Pause Remark 247M->123M(512M) 0.683ms
[2020-08-01T12:09:55.619+0300][93.663s][info ][gc] GC(2527) Pause Young (Normal) (G1 Evacuation Pause) 172M->159M(512M) 33.269ms
[2020-08-01T12:09:55.623+0300][93.667s][info ][gc] GC(2526) Pause Cleanup 167M->167M(512M) 0.082ms
[2020-08-01T12:09:55.623+0300][93.667s][info ][gc] GC(2526) Concurrent Cycle 74.533ms
[2020-08-01T12:09:55.659+0300][93.703s][info ][gc] GC(2528) Pause Young (Concurrent Start) (G1 Humongous Allocation) 191M->192M(512M) 26.603ms
[2020-08-01T12:09:55.659+0300][93.703s][info ][gc] GC(2529) Concurrent Cycle
[2020-08-01T12:09:55.679+0300][93.723s][debug][gc] GC(2529) Reclaimed 121 empty regions
[2020-08-01T12:09:55.679+0300][93.723s][info ][gc] GC(2529) Pause Remark 250M->129M(512M) 0.708ms
[2020-08-01T12:09:55.735+0300][93.779s][info ][gc] GC(2530) Pause Young (Normal) (G1 Evacuation Pause) 174M->162M(512M) 36.712ms
[2020-08-01T12:09:55.740+0300][93.783s][info ][gc] GC(2529) Pause Cleanup 172M->172M(512M) 0.108ms
[2020-08-01T12:09:55.740+0300][93.784s][info ][gc] GC(2529) Concurrent Cycle 81.105ms
[2020-08-01T12:09:55.776+0300][93.819s][info ][gc] GC(2531) Pause Young (Concurrent Start) (G1 Humongous Allocation) 194M->195M(512M) 26.884ms
[2020-08-01T12:09:55.776+0300][93.820s][info ][gc] GC(2532) Concurrent Cycle
[2020-08-01T12:09:55.792+0300][93.835s][debug][gc] GC(2532) Reclaimed 123 empty regions
[2020-08-01T12:09:55.792+0300][93.835s][info ][gc] GC(2532) Pause Remark 248M->125M(512M) 0.665ms
[2020-08-01T12:09:55.844+0300][93.888s][info ][gc] GC(2533) Pause Young (Normal) (G1 Evacuation Pause) 174M->161M(512M) 32.756ms
[2020-08-01T12:09:55.848+0300][93.892s][info ][gc] GC(2532) Pause Cleanup 169M->169M(512M) 0.087ms
[2020-08-01T12:09:55.848+0300][93.892s][info ][gc] GC(2532) Concurrent Cycle 72.598ms
[2020-08-01T12:09:55.884+0300][93.928s][info ][gc] GC(2534) Pause Young (Concurrent Start) (G1 Humongous Allocation) 194M->195M(512M) 26.085ms
[2020-08-01T12:09:55.884+0300][93.928s][info ][gc] GC(2535) Concurrent Cycle
[2020-08-01T12:09:55.899+0300][93.943s][debug][gc] GC(2535) Reclaimed 123 empty regions
[2020-08-01T12:09:55.900+0300][93.943s][info ][gc] GC(2535) Pause Remark 248M->125M(512M) 0.685ms
[2020-08-01T12:09:55.953+0300][93.996s][info ][gc] GC(2536) Pause Young (Normal) (G1 Evacuation Pause) 174M->161M(512M) 33.426ms
[2020-08-01T12:09:55.956+0300][94.000s][info ][gc] GC(2535) Pause Cleanup 170M->170M(512M) 0.088ms
[2020-08-01T12:09:55.957+0300][94.001s][info ][gc] GC(2535) Concurrent Cycle 73.033ms
[2020-08-01T12:09:55.992+0300][94.036s][info ][gc] GC(2537) Pause Young (Concurrent Start) (G1 Humongous Allocation) 194M->195M(512M) 25.834ms
[2020-08-01T12:09:55.992+0300][94.036s][info ][gc] GC(2538) Concurrent Cycle
[2020-08-01T12:09:56.009+0300][94.053s][debug][gc] GC(2538) Reclaimed 124 empty regions
[2020-08-01T12:09:56.009+0300][94.053s][info ][gc] GC(2538) Pause Remark 249M->125M(512M) 0.644ms
[2020-08-01T12:09:56.061+0300][94.105s][info ][gc] GC(2539) Pause Young (Normal) (G1 Evacuation Pause) 173M->161M(512M) 32.626ms
[2020-08-01T12:09:56.065+0300][94.109s][info ][gc] GC(2538) Pause Cleanup 171M->171M(512M) 0.087ms
[2020-08-01T12:09:56.066+0300][94.109s][info ][gc] GC(2538) Concurrent Cycle 73.539ms
[2020-08-01T12:09:56.100+0300][94.143s][info ][gc] GC(2540) Pause Young (Concurrent Start) (G1 Humongous Allocation) 194M->195M(512M) 25.523ms
[2020-08-01T12:09:56.100+0300][94.143s][info ][gc] GC(2541) Concurrent Cycle
[2020-08-01T12:09:56.115+0300][94.159s][debug][gc] GC(2541) Reclaimed 123 empty regions
[2020-08-01T12:09:56.115+0300][94.159s][info ][gc] GC(2541) Pause Remark 248M->125M(512M) 0.641ms
[2020-08-01T12:09:56.170+0300][94.214s][info ][gc] GC(2542) Pause Young (Normal) (G1 Evacuation Pause) 174M->161M(512M) 34.984ms
[2020-08-01T12:09:56.174+0300][94.217s][info ][gc] GC(2541) Pause Cleanup 170M->170M(512M) 0.111ms
[2020-08-01T12:09:56.174+0300][94.218s][info ][gc] GC(2541) Concurrent Cycle 74.403ms
[2020-08-01T12:09:56.209+0300][94.252s][info ][gc] GC(2543) Pause Young (Concurrent Start) (G1 Humongous Allocation) 194M->195M(512M) 25.455ms
[2020-08-01T12:09:56.209+0300][94.253s][info ][gc] GC(2544) Concurrent Cycle
[2020-08-01T12:09:56.226+0300][94.270s][debug][gc] GC(2544) Reclaimed 123 empty regions
[2020-08-01T12:09:56.226+0300][94.270s][info ][gc] GC(2544) Pause Remark 250M->127M(512M) 0.680ms
[2020-08-01T12:09:56.279+0300][94.323s][info ][gc] GC(2545) Pause Young (Normal) (G1 Evacuation Pause) 174M->161M(512M) 34.203ms
[2020-08-01T12:09:56.283+0300][94.327s][info ][gc] GC(2544) Pause Cleanup 171M->171M(512M) 0.084ms
[2020-08-01T12:09:56.284+0300][94.328s][info ][gc] GC(2544) Concurrent Cycle 75.245ms
[2020-08-01T12:09:56.318+0300][94.362s][info ][gc] GC(2546) Pause Young (Concurrent Start) (G1 Humongous Allocation) 194M->196M(512M) 25.382ms
[2020-08-01T12:09:56.318+0300][94.362s][info ][gc] GC(2547) Concurrent Cycle
[2020-08-01T12:09:56.333+0300][94.377s][debug][gc] GC(2547) Reclaimed 124 empty regions
[2020-08-01T12:09:56.333+0300][94.377s][info ][gc] GC(2547) Pause Remark 249M->125M(512M) 0.669ms
[2020-08-01T12:09:56.387+0300][94.431s][info ][gc] GC(2548) Pause Young (Normal) (G1 Evacuation Pause) 174M->161M(512M) 33.855ms
[2020-08-01T12:09:56.390+0300][94.434s][info ][gc] GC(2547) Pause Cleanup 169M->169M(512M) 0.087ms
[2020-08-01T12:09:56.391+0300][94.435s][info ][gc] GC(2547) Concurrent Cycle 73.032ms
[2020-08-01T12:09:56.426+0300][94.470s][info ][gc] GC(2549) Pause Young (Concurrent Start) (G1 Humongous Allocation) 194M->195M(512M) 25.947ms
[2020-08-01T12:09:56.426+0300][94.470s][info ][gc] GC(2550) Concurrent Cycle
[2020-08-01T12:09:56.443+0300][94.487s][debug][gc] GC(2550) Reclaimed 124 empty regions
[2020-08-01T12:09:56.443+0300][94.487s][info ][gc] GC(2550) Pause Remark 249M->125M(512M) 0.684ms
[2020-08-01T12:09:56.495+0300][94.539s][info ][gc] GC(2551) Pause Young (Normal) (G1 Evacuation Pause) 173M->161M(512M) 32.680ms
[2020-08-01T12:09:56.499+0300][94.543s][info ][gc] GC(2550) Pause Cleanup 170M->170M(512M) 0.083ms
[2020-08-01T12:09:56.500+0300][94.543s][info ][gc] GC(2550) Concurrent Cycle 73.234ms
[2020-08-01T12:09:56.535+0300][94.579s][info ][gc] GC(2552) Pause Young (Concurrent Start) (G1 Humongous Allocation) 194M->195M(512M) 25.970ms
[2020-08-01T12:09:56.535+0300][94.579s][info ][gc] GC(2553) Concurrent Cycle
[2020-08-01T12:09:56.551+0300][94.595s][debug][gc] GC(2553) Reclaimed 123 empty regions
[2020-08-01T12:09:56.552+0300][94.595s][info ][gc] GC(2553) Pause Remark 248M->125M(512M) 0.845ms
[2020-08-01T12:09:56.606+0300][94.650s][info ][gc] GC(2554) Pause Young (Normal) (G1 Evacuation Pause) 174M->161M(512M) 35.162ms
[2020-08-01T12:09:56.610+0300][94.654s][info ][gc] GC(2553) Pause Cleanup 170M->170M(512M) 0.082ms
[2020-08-01T12:09:56.611+0300][94.654s][info ][gc] GC(2553) Concurrent Cycle 75.814ms
[2020-08-01T12:09:56.647+0300][94.691s][info ][gc] GC(2555) Pause Young (Concurrent Start) (G1 Humongous Allocation) 194M->194M(512M) 26.994ms
[2020-08-01T12:09:56.647+0300][94.691s][info ][gc] GC(2556) Concurrent Cycle
[2020-08-01T12:09:56.668+0300][94.712s][debug][gc] GC(2556) Reclaimed 122 empty regions
[2020-08-01T12:09:56.668+0300][94.712s][info ][gc] GC(2556) Pause Remark 248M->126M(512M) 0.807ms
[2020-08-01T12:09:56.723+0300][94.767s][info ][gc] GC(2557) Pause Young (Normal) (G1 Evacuation Pause) 174M->161M(512M) 33.727ms
[2020-08-01T12:09:56.727+0300][94.771s][info ][gc] GC(2556) Pause Cleanup 171M->171M(512M) 0.101ms
[2020-08-01T12:09:56.728+0300][94.772s][info ][gc] GC(2556) Concurrent Cycle 80.692ms
[2020-08-01T12:09:56.765+0300][94.809s][info ][gc] GC(2558) Pause Young (Concurrent Start) (G1 Humongous Allocation) 194M->195M(512M) 28.282ms
[2020-08-01T12:09:56.765+0300][94.809s][info ][gc] GC(2559) Concurrent Cycle
[2020-08-01T12:09:56.781+0300][94.825s][debug][gc] GC(2559) Reclaimed 122 empty regions
[2020-08-01T12:09:56.781+0300][94.825s][info ][gc] GC(2559) Pause Remark 248M->126M(512M) 0.645ms
[2020-08-01T12:09:56.835+0300][94.878s][info ][gc] GC(2560) Pause Young (Normal) (G1 Evacuation Pause) 175M->163M(512M) 33.992ms
[2020-08-01T12:09:56.838+0300][94.882s][info ][gc] GC(2559) Pause Cleanup 172M->172M(512M) 0.083ms
[2020-08-01T12:09:56.839+0300][94.883s][info ][gc] GC(2559) Concurrent Cycle 74.002ms
[2020-08-01T12:09:56.922+0300][94.966s][info ][gc] GC(2561) Pause Young (Prepare Mixed) (G1 Evacuation Pause) 275M->276M(512M) 48.460ms
[2020-08-01T12:09:56.980+0300][95.024s][info ][gc] GC(2562) Pause Young (Mixed) (G1 Evacuation Pause) 288M->264M(512M) 53.079ms
[2020-08-01T12:09:57.016+0300][95.060s][info ][gc] GC(2563) Pause Young (Concurrent Start) (G1 Humongous Allocation) 308M->309M(512M) 18.779ms
[2020-08-01T12:09:57.016+0300][95.060s][info ][gc] GC(2564) Concurrent Cycle
[2020-08-01T12:09:57.033+0300][95.077s][debug][gc] GC(2564) Reclaimed 253 empty regions
[2020-08-01T12:09:57.033+0300][95.077s][info ][gc] GC(2564) Pause Remark 365M->112M(512M) 0.736ms
[2020-08-01T12:09:57.059+0300][95.103s][info ][gc] GC(2565) Pause Young (Normal) (G1 Evacuation Pause) 122M->115M(512M) 21.138ms
[2020-08-01T12:09:57.081+0300][95.125s][info ][gc] GC(2564) Pause Cleanup 170M->170M(512M) 0.088ms
[2020-08-01T12:09:57.082+0300][95.125s][info ][gc] GC(2564) Concurrent Cycle 65.652ms
[2020-08-01T12:09:57.124+0300][95.167s][info ][gc] GC(2566) Pause Young (Concurrent Start) (G1 Humongous Allocation) 184M->186M(512M) 36.703ms
[2020-08-01T12:09:57.124+0300][95.168s][info ][gc] GC(2567) Concurrent Cycle
[2020-08-01T12:09:57.149+0300][95.193s][debug][gc] GC(2567) Reclaimed 102 empty regions
[2020-08-01T12:09:57.149+0300][95.193s][info ][gc] GC(2567) Pause Remark 260M->158M(512M) 0.713ms
[2020-08-01T12:09:57.197+0300][95.241s][info ][gc] GC(2568) Pause Young (Normal) (G1 Evacuation Pause) 189M->175M(512M) 35.587ms
[2020-08-01T12:09:57.221+0300][95.265s][info ][gc] GC(2567) Pause Cleanup 252M->252M(512M) 0.065ms
[2020-08-01T12:09:57.222+0300][95.266s][info ][gc] GC(2567) Concurrent Cycle 98.259ms
[2020-08-01T12:09:57.285+0300][95.329s][info ][gc] GC(2569) Pause Young (Normal) (G1 Evacuation Pause) 283M->284M(512M) 51.292ms
[2020-08-01T12:09:57.332+0300][95.376s][info ][gc] GC(2570) Pause Young (Concurrent Start) (G1 Evacuation Pause) 338M->339M(512M) 25.984ms
[2020-08-01T12:09:57.332+0300][95.376s][info ][gc] GC(2571) Concurrent Cycle
[2020-08-01T12:09:57.369+0300][95.413s][info ][gc] GC(2572) Pause Young (Normal) (G1 Evacuation Pause) 395M->397M(512M) 18.166ms
[2020-08-01T12:09:57.388+0300][95.432s][info ][gc] GC(2573) Pause Young (Normal) (G1 Evacuation Pause) 416M->417M(512M) 11.332ms
[2020-08-01T12:09:57.408+0300][95.452s][info ][gc] GC(2574) Pause Young (Normal) (G1 Evacuation Pause) 438M->439M(512M) 10.613ms
[2020-08-01T12:09:57.427+0300][95.471s][info ][gc] GC(2575) Pause Young (Normal) (G1 Evacuation Pause) 460M->461M(512M) 10.512ms
[2020-08-01T12:09:57.462+0300][95.505s][info ][gc] GC(2576) To-space exhausted
[2020-08-01T12:09:57.462+0300][95.505s][info ][gc] GC(2576) Pause Young (Normal) (G1 Evacuation Pause) 502M->509M(512M) 24.713ms
[2020-08-01T12:09:57.471+0300][95.515s][info ][gc] GC(2577) To-space exhausted
[2020-08-01T12:09:57.472+0300][95.515s][info ][gc] GC(2577) Pause Young (Normal) (G1 Evacuation Pause) 511M->511M(512M) 8.955ms
[2020-08-01T12:09:57.472+0300][95.516s][debug][gc] GC(2578) Clear Next Bitmap 0.376ms
[2020-08-01T12:09:57.483+0300][95.527s][info ][gc] GC(2578) Pause Full (G1 Evacuation Pause) 511M->24M(512M) 11.578ms
[2020-08-01T12:09:57.484+0300][95.527s][info ][gc] GC(2571) Concurrent Cycle 151.203ms
[2020-08-01T12:09:57.598+0300][95.642s][info ][gc] GC(2579) Pause Young (Normal) (G1 Evacuation Pause) 181M->181M(512M) 58.321ms
[2020-08-01T12:09:57.673+0300][95.717s][info ][gc] GC(2580) Pause Young (Concurrent Start) (G1 Evacuation Pause) 267M->268M(512M) 40.642ms
[2020-08-01T12:09:57.673+0300][95.717s][info ][gc] GC(2581) Concurrent Cycle
[2020-08-01T12:09:57.735+0300][95.778s][info ][gc] GC(2582) Pause Young (Normal) (G1 Evacuation Pause) 346M->347M(512M) 28.472ms
[2020-08-01T12:09:57.768+0300][95.812s][info ][gc] GC(2583) Pause Young (Normal) (G1 Evacuation Pause) 380M->381M(512M) 16.798ms
[2020-08-01T12:09:57.789+0300][95.833s][info ][gc] GC(2584) Pause Young (Normal) (G1 Evacuation Pause) 403M->405M(512M) 11.528ms
[2020-08-01T12:09:57.798+0300][95.842s][debug][gc] GC(2581) Reclaimed 45 empty regions
[2020-08-01T12:09:57.798+0300][95.842s][info ][gc] GC(2581) Pause Remark 443M->399M(512M) 0.709ms
[2020-08-01T12:09:57.814+0300][95.857s][info ][gc] GC(2585) Pause Young (Normal) (G1 Evacuation Pause) 402M->403M(512M) 13.817ms
[2020-08-01T12:09:57.836+0300][95.880s][info ][gc] GC(2586) Pause Young (Normal) (G1 Evacuation Pause) 424M->425M(512M) 14.218ms
[2020-08-01T12:09:57.862+0300][95.905s][info ][gc] GC(2587) Pause Young (Normal) (G1 Evacuation Pause) 446M->448M(512M) 16.319ms
[2020-08-01T12:09:57.891+0300][95.935s][info ][gc] GC(2588) Pause Young (Normal) (G1 Evacuation Pause) 469M->470M(512M) 20.794ms
[2020-08-01T12:09:57.928+0300][95.971s][info ][gc] GC(2589) To-space exhausted
[2020-08-01T12:09:57.928+0300][95.972s][info ][gc] GC(2589) Pause Young (Normal) (G1 Evacuation Pause) 491M->499M(512M) 28.030ms
[2020-08-01T12:09:57.959+0300][96.003s][info ][gc] GC(2590) To-space exhausted
[2020-08-01T12:09:57.959+0300][96.003s][info ][gc] GC(2590) Pause Young (Normal) (G1 Evacuation Pause) 509M->509M(512M) 27.366ms
[2020-08-01T12:09:57.960+0300][96.004s][debug][gc] GC(2591) Clear Next Bitmap 0.277ms
[2020-08-01T12:09:58.047+0300][96.091s][info ][gc] GC(2591) Pause Full (G1 Evacuation Pause) 509M->130M(512M) 87.796ms
[2020-08-01T12:09:58.047+0300][96.091s][info ][gc] GC(2581) Concurrent Cycle 374.484ms
[2020-08-01T12:09:58.055+0300][96.098s][info ][gc] GC(2592) Pause Young (Concurrent Start) (G1 Humongous Allocation) 136M->136M(512M) 4.650ms
[2020-08-01T12:09:58.055+0300][96.098s][info ][gc] GC(2593) Concurrent Cycle
[2020-08-01T12:09:58.061+0300][96.105s][debug][gc] GC(2593) Reclaimed 124 empty regions
[2020-08-01T12:09:58.061+0300][96.105s][info ][gc] GC(2593) Pause Remark 164M->43M(512M) 0.697ms
[2020-08-01T12:09:58.068+0300][96.112s][info ][gc] GC(2593) Pause Cleanup 60M->60M(512M) 0.061ms
[2020-08-01T12:09:58.069+0300][96.113s][info ][gc] GC(2593) Concurrent Cycle 14.309ms
[2020-08-01T12:09:58.137+0300][96.181s][info ][gc] GC(2594) Pause Young (Normal) (G1 Evacuation Pause) 136M->130M(512M) 38.113ms
[2020-08-01T12:09:58.154+0300][96.198s][info ][gc] GC(2595) Pause Young (Concurrent Start) (G1 Humongous Allocation) 144M->147M(512M) 11.526ms
[2020-08-01T12:09:58.154+0300][96.198s][info ][gc] GC(2596) Concurrent Cycle
[2020-08-01T12:09:58.165+0300][96.209s][debug][gc] GC(2596) Reclaimed 106 empty regions
[2020-08-01T12:09:58.165+0300][96.209s][info ][gc] GC(2596) Pause Remark 187M->81M(512M) 0.671ms
[2020-08-01T12:09:58.180+0300][96.223s][info ][gc] GC(2596) Pause Cleanup 118M->118M(512M) 0.072ms
[2020-08-01T12:09:58.180+0300][96.224s][info ][gc] GC(2596) Concurrent Cycle 26.248ms
[2020-08-01T12:09:58.232+0300][96.276s][info ][gc] GC(2597) Pause Young (Normal) (G1 Evacuation Pause) 158M->144M(512M) 36.363ms
[2020-08-01T12:09:58.253+0300][96.297s][info ][gc] GC(2598) Pause Young (Concurrent Start) (G1 Humongous Allocation) 162M->164M(512M) 13.480ms
[2020-08-01T12:09:58.253+0300][96.297s][info ][gc] GC(2599) Concurrent Cycle
[2020-08-01T12:09:58.266+0300][96.310s][debug][gc] GC(2599) Reclaimed 121 empty regions
[2020-08-01T12:09:58.266+0300][96.310s][info ][gc] GC(2599) Pause Remark 208M->87M(512M) 0.645ms
[2020-08-01T12:09:58.284+0300][96.327s][info ][gc] GC(2599) Pause Cleanup 130M->130M(512M) 0.105ms
[2020-08-01T12:09:58.284+0300][96.328s][info ][gc] GC(2599) Concurrent Cycle 31.073ms
[2020-08-01T12:09:58.329+0300][96.373s][info ][gc] GC(2600) Pause Young (Normal) (G1 Evacuation Pause) 155M->142M(512M) 35.023ms
[2020-08-01T12:09:58.353+0300][96.397s][info ][gc] GC(2601) Pause Young (Concurrent Start) (G1 Humongous Allocation) 165M->166M(512M) 14.752ms
[2020-08-01T12:09:58.353+0300][96.397s][info ][gc] GC(2602) Concurrent Cycle
[2020-08-01T12:09:58.367+0300][96.411s][debug][gc] GC(2602) Reclaimed 118 empty regions
[2020-08-01T12:09:58.367+0300][96.411s][info ][gc] GC(2602) Pause Remark 213M->95M(512M) 0.716ms
[2020-08-01T12:09:58.386+0300][96.430s][info ][gc] GC(2602) Pause Cleanup 143M->143M(512M) 0.067ms
[2020-08-01T12:09:58.387+0300][96.430s][info ][gc] GC(2602) Concurrent Cycle 33.078ms
[2020-08-01T12:09:58.431+0300][96.475s][info ][gc] GC(2603) Pause Young (Normal) (G1 Evacuation Pause) 159M->146M(512M) 38.511ms
[2020-08-01T12:09:58.458+0300][96.502s][info ][gc] GC(2604) Pause Young (Concurrent Start) (G1 Humongous Allocation) 170M->171M(512M) 17.512ms
[2020-08-01T12:09:58.458+0300][96.502s][info ][gc] GC(2605) Concurrent Cycle
[2020-08-01T12:09:58.473+0300][96.517s][debug][gc] GC(2605) Reclaimed 122 empty regions
[2020-08-01T12:09:58.473+0300][96.517s][info ][gc] GC(2605) Pause Remark 219M->97M(512M) 0.682ms
[2020-08-01T12:09:58.493+0300][96.536s][info ][gc] GC(2605) Pause Cleanup 144M->144M(512M) 0.073ms
[2020-08-01T12:09:58.493+0300][96.537s][info ][gc] GC(2605) Concurrent Cycle 34.813ms
[2020-08-01T12:09:58.538+0300][96.582s][info ][gc] GC(2606) Pause Young (Normal) (G1 Evacuation Pause) 158M->145M(512M) 39.895ms
[2020-08-01T12:09:58.565+0300][96.609s][info ][gc] GC(2607) Pause Young (Concurrent Start) (G1 Humongous Allocation) 171M->173M(512M) 16.685ms
[2020-08-01T12:09:58.565+0300][96.609s][info ][gc] GC(2608) Concurrent Cycle
[2020-08-01T12:09:58.580+0300][96.624s][debug][gc] GC(2608) Reclaimed 123 empty regions
[2020-08-01T12:09:58.580+0300][96.624s][info ][gc] GC(2608) Pause Remark 222M->99M(512M) 0.668ms
[2020-08-01T12:09:58.600+0300][96.644s][info ][gc] GC(2608) Pause Cleanup 148M->148M(512M) 0.063ms
[2020-08-01T12:09:58.600+0300][96.644s][info ][gc] GC(2608) Concurrent Cycle 35.043ms
[2020-08-01T12:09:58.642+0300][96.686s][info ][gc] GC(2609) Pause Young (Normal) (G1 Evacuation Pause) 159M->146M(512M) 37.158ms
[2020-08-01T12:09:58.672+0300][96.716s][info ][gc] GC(2610) Pause Young (Concurrent Start) (G1 Humongous Allocation) 172M->173M(512M) 19.601ms
[2020-08-01T12:09:58.672+0300][96.716s][info ][gc] GC(2611) Concurrent Cycle
[2020-08-01T12:09:58.693+0300][96.737s][debug][gc] GC(2611) Reclaimed 123 empty regions
[2020-08-01T12:09:58.693+0300][96.737s][info ][gc] GC(2611) Pause Remark 226M->103M(512M) 0.694ms
[2020-08-01T12:09:58.716+0300][96.760s][info ][gc] GC(2611) Pause Cleanup 154M->154M(512M) 0.101ms
[2020-08-01T12:09:58.717+0300][96.761s][info ][gc] GC(2611) Concurrent Cycle 45.175ms
[2020-08-01T12:09:58.758+0300][96.802s][info ][gc] GC(2612) Pause Young (Normal) (G1 Evacuation Pause) 159M->146M(512M) 38.397ms
[2020-08-01T12:09:58.785+0300][96.828s][info ][gc] GC(2613) Pause Young (Concurrent Start) (G1 Humongous Allocation) 172M->174M(512M) 15.262ms
[2020-08-01T12:09:58.785+0300][96.828s][info ][gc] GC(2614) Concurrent Cycle
[2020-08-01T12:09:58.801+0300][96.845s][debug][gc] GC(2614) Reclaimed 124 empty regions
[2020-08-01T12:09:58.801+0300][96.845s][info ][gc] GC(2614) Pause Remark 223M->99M(512M) 1.303ms
[2020-08-01T12:09:58.823+0300][96.867s][info ][gc] GC(2614) Pause Cleanup 151M->151M(512M) 0.079ms
[2020-08-01T12:09:58.823+0300][96.867s][info ][gc] GC(2614) Concurrent Cycle 38.721ms
[2020-08-01T12:09:58.868+0300][96.912s][info ][gc] GC(2615) Pause Young (Normal) (G1 Evacuation Pause) 159M->146M(512M) 41.846ms
[2020-08-01T12:09:58.899+0300][96.943s][info ][gc] GC(2616) Pause Young (Concurrent Start) (G1 Humongous Allocation) 172M->172M(512M) 20.226ms
[2020-08-01T12:09:58.899+0300][96.943s][info ][gc] GC(2617) Concurrent Cycle
[2020-08-01T12:09:58.915+0300][96.959s][debug][gc] GC(2617) Reclaimed 123 empty regions
[2020-08-01T12:09:58.915+0300][96.959s][info ][gc] GC(2617) Pause Remark 221M->98M(512M) 0.691ms
[2020-08-01T12:09:58.936+0300][96.980s][info ][gc] GC(2617) Pause Cleanup 151M->151M(512M) 0.086ms
[2020-08-01T12:09:58.937+0300][96.980s][info ][gc] GC(2617) Concurrent Cycle 37.498ms
[2020-08-01T12:09:58.974+0300][97.018s][info ][gc] GC(2618) Pause Young (Normal) (G1 Evacuation Pause) 158M->145M(512M) 34.551ms
[2020-08-01T12:09:59.000+0300][97.044s][info ][gc] GC(2619) Pause Young (Concurrent Start) (G1 Humongous Allocation) 171M->172M(512M) 15.756ms
[2020-08-01T12:09:59.000+0300][97.044s][info ][gc] GC(2620) Concurrent Cycle
[2020-08-01T12:09:59.017+0300][97.061s][debug][gc] GC(2620) Reclaimed 123 empty regions
[2020-08-01T12:09:59.017+0300][97.061s][info ][gc] GC(2620) Pause Remark 222M->99M(512M) 1.053ms
[2020-08-01T12:09:59.038+0300][97.082s][info ][gc] GC(2620) Pause Cleanup 150M->150M(512M) 0.077ms
[2020-08-01T12:09:59.039+0300][97.083s][info ][gc] GC(2620) Concurrent Cycle 39.246ms
[2020-08-01T12:09:59.081+0300][97.124s][info ][gc] GC(2621) Pause Young (Normal) (G1 Evacuation Pause) 158M->146M(512M) 38.826ms
[2020-08-01T12:09:59.108+0300][97.152s][info ][gc] GC(2622) Pause Young (Concurrent Start) (G1 Humongous Allocation) 172M->173M(512M) 17.298ms
[2020-08-01T12:09:59.108+0300][97.152s][info ][gc] GC(2623) Concurrent Cycle
[2020-08-01T12:09:59.126+0300][97.170s][debug][gc] GC(2623) Reclaimed 123 empty regions
[2020-08-01T12:09:59.126+0300][97.170s][info ][gc] GC(2623) Pause Remark 225M->102M(512M) 1.024ms
[2020-08-01T12:09:59.147+0300][97.191s][info ][gc] GC(2623) Pause Cleanup 153M->153M(512M) 0.129ms
[2020-08-01T12:09:59.148+0300][97.192s][info ][gc] GC(2623) Concurrent Cycle 40.036ms
[2020-08-01T12:09:59.186+0300][97.230s][info ][gc] GC(2624) Pause Young (Normal) (G1 Evacuation Pause) 159M->146M(512M) 36.046ms
[2020-08-01T12:09:59.215+0300][97.259s][info ][gc] GC(2625) Pause Young (Concurrent Start) (G1 Humongous Allocation) 172M->173M(512M) 17.705ms
[2020-08-01T12:09:59.215+0300][97.259s][info ][gc] GC(2626) Concurrent Cycle
[2020-08-01T12:09:59.231+0300][97.274s][debug][gc] GC(2626) Reclaimed 123 empty regions
[2020-08-01T12:09:59.231+0300][97.274s][info ][gc] GC(2626) Pause Remark 221M->98M(512M) 0.641ms
[2020-08-01T12:09:59.251+0300][97.295s][info ][gc] GC(2626) Pause Cleanup 148M->148M(512M) 0.064ms
[2020-08-01T12:09:59.251+0300][97.295s][info ][gc] GC(2626) Concurrent Cycle 36.479ms
[2020-08-01T12:09:59.289+0300][97.333s][info ][gc] GC(2627) Pause Young (Normal) (G1 Evacuation Pause) 159M->146M(512M) 33.337ms
[2020-08-01T12:09:59.315+0300][97.359s][info ][gc] GC(2628) Pause Young (Concurrent Start) (G1 Humongous Allocation) 172M->174M(512M) 15.717ms
[2020-08-01T12:09:59.315+0300][97.359s][info ][gc] GC(2629) Concurrent Cycle
[2020-08-01T12:09:59.331+0300][97.374s][debug][gc] GC(2629) Reclaimed 124 empty regions
[2020-08-01T12:09:59.331+0300][97.375s][info ][gc] GC(2629) Pause Remark 223M->99M(512M) 0.718ms
[2020-08-01T12:09:59.351+0300][97.395s][info ][gc] GC(2629) Pause Cleanup 149M->149M(512M) 0.064ms
[2020-08-01T12:09:59.351+0300][97.395s][info ][gc] GC(2629) Concurrent Cycle 36.013ms
[2020-08-01T12:09:59.388+0300][97.432s][info ][gc] GC(2630) Pause Young (Normal) (G1 Evacuation Pause) 159M->146M(512M) 33.502ms
[2020-08-01T12:09:59.416+0300][97.459s][info ][gc] GC(2631) Pause Young (Concurrent Start) (G1 Humongous Allocation) 172M->173M(512M) 17.050ms
[2020-08-01T12:09:59.416+0300][97.459s][info ][gc] GC(2632) Concurrent Cycle
[2020-08-01T12:09:59.431+0300][97.475s][debug][gc] GC(2632) Reclaimed 123 empty regions
[2020-08-01T12:09:59.431+0300][97.475s][info ][gc] GC(2632) Pause Remark 223M->100M(512M) 0.638ms
[2020-08-01T12:09:59.453+0300][97.497s][info ][gc] GC(2632) Pause Cleanup 152M->152M(512M) 0.066ms
[2020-08-01T12:09:59.454+0300][97.498s][info ][gc] GC(2632) Concurrent Cycle 38.092ms
[2020-08-01T12:09:59.492+0300][97.536s][info ][gc] GC(2633) Pause Young (Normal) (G1 Evacuation Pause) 159M->146M(512M) 35.508ms
[2020-08-01T12:09:59.519+0300][97.563s][info ][gc] GC(2634) Pause Young (Concurrent Start) (G1 Humongous Allocation) 172M->173M(512M) 16.848ms
[2020-08-01T12:09:59.519+0300][97.563s][info ][gc] GC(2635) Concurrent Cycle
[2020-08-01T12:09:59.536+0300][97.580s][debug][gc] GC(2635) Reclaimed 123 empty regions
[2020-08-01T12:09:59.536+0300][97.580s][info ][gc] GC(2635) Pause Remark 225M->102M(512M) 0.942ms
[2020-08-01T12:09:59.558+0300][97.601s][info ][gc] GC(2635) Pause Cleanup 154M->154M(512M) 0.088ms
[2020-08-01T12:09:59.558+0300][97.602s][info ][gc] GC(2635) Concurrent Cycle 38.884ms
[2020-08-01T12:09:59.596+0300][97.640s][info ][gc] GC(2636) Pause Young (Normal) (G1 Evacuation Pause) 159M->146M(512M) 35.820ms
[2020-08-01T12:09:59.622+0300][97.665s][info ][gc] GC(2637) Pause Young (Concurrent Start) (G1 Humongous Allocation) 172M->174M(512M) 15.437ms
[2020-08-01T12:09:59.622+0300][97.666s][info ][gc] GC(2638) Concurrent Cycle
[2020-08-01T12:09:59.636+0300][97.680s][debug][gc] GC(2638) Reclaimed 124 empty regions
[2020-08-01T12:09:59.636+0300][97.680s][info ][gc] GC(2638) Pause Remark 222M->98M(512M) 0.693ms
[2020-08-01T12:09:59.657+0300][97.701s][info ][gc] GC(2638) Pause Cleanup 149M->149M(512M) 0.067ms
[2020-08-01T12:09:59.658+0300][97.701s][info ][gc] GC(2638) Concurrent Cycle 35.741ms
[2020-08-01T12:09:59.696+0300][97.740s][info ][gc] GC(2639) Pause Young (Normal) (G1 Evacuation Pause) 159M->146M(512M) 35.170ms
[2020-08-01T12:09:59.723+0300][97.766s][info ][gc] GC(2640) Pause Young (Concurrent Start) (G1 Humongous Allocation) 172M->173M(512M) 15.686ms
[2020-08-01T12:09:59.723+0300][97.767s][info ][gc] GC(2641) Concurrent Cycle
[2020-08-01T12:09:59.740+0300][97.784s][debug][gc] GC(2641) Reclaimed 124 empty regions
[2020-08-01T12:09:59.740+0300][97.784s][info ][gc] GC(2641) Pause Remark 219M->95M(512M) 0.732ms
[2020-08-01T12:09:59.760+0300][97.804s][info ][gc] GC(2641) Pause Cleanup 146M->146M(512M) 0.069ms
[2020-08-01T12:09:59.761+0300][97.805s][info ][gc] GC(2641) Concurrent Cycle 38.120ms
[2020-08-01T12:09:59.809+0300][97.853s][info ][gc] GC(2642) Pause Young (Normal) (G1 Evacuation Pause) 158M->146M(512M) 43.853ms
[2020-08-01T12:09:59.839+0300][97.883s][info ][gc] GC(2643) Pause Young (Concurrent Start) (G1 Humongous Allocation) 172M->173M(512M) 19.375ms
[2020-08-01T12:09:59.839+0300][97.883s][info ][gc] GC(2644) Concurrent Cycle
[2020-08-01T12:09:59.856+0300][97.900s][debug][gc] GC(2644) Reclaimed 120 empty regions
[2020-08-01T12:09:59.856+0300][97.900s][info ][gc] GC(2644) Pause Remark 224M->104M(512M) 1.053ms
[2020-08-01T12:09:59.877+0300][97.921s][info ][gc] GC(2644) Pause Cleanup 155M->155M(512M) 0.093ms
[2020-08-01T12:09:59.878+0300][97.921s][info ][gc] GC(2644) Concurrent Cycle 38.100ms
[2020-08-01T12:09:59.915+0300][97.958s][info ][gc] GC(2645) Pause Young (Normal) (G1 Evacuation Pause) 162M->149M(512M) 34.581ms
[2020-08-01T12:09:59.943+0300][97.986s][info ][gc] GC(2646) Pause Young (Concurrent Start) (G1 Humongous Allocation) 175M->176M(512M) 17.517ms
[2020-08-01T12:09:59.943+0300][97.986s][info ][gc] GC(2647) Concurrent Cycle
[2020-08-01T12:09:59.960+0300][98.004s][debug][gc] GC(2647) Reclaimed 123 empty regions
[2020-08-01T12:09:59.960+0300][98.004s][info ][gc] GC(2647) Pause Remark 224M->101M(512M) 0.681ms
[2020-08-01T12:09:59.981+0300][98.025s][info ][gc] GC(2647) Pause Cleanup 152M->152M(512M) 0.070ms
[2020-08-01T12:09:59.982+0300][98.026s][info ][gc] GC(2647) Concurrent Cycle 39.232ms
[2020-08-01T12:10:00.023+0300][98.067s][info ][gc] GC(2648) Pause Young (Normal) (G1 Evacuation Pause) 161M->148M(512M) 37.381ms
[2020-08-01T12:10:00.050+0300][98.094s][info ][gc] GC(2649) Pause Young (Concurrent Start) (G1 Humongous Allocation) 175M->176M(512M) 15.806ms
[2020-08-01T12:10:00.050+0300][98.094s][info ][gc] GC(2650) Concurrent Cycle
[2020-08-01T12:10:00.066+0300][98.109s][debug][gc] GC(2650) Reclaimed 122 empty regions
[2020-08-01T12:10:00.066+0300][98.110s][info ][gc] GC(2650) Pause Remark 226M->104M(512M) 0.748ms
[2020-08-01T12:10:00.086+0300][98.130s][info ][gc] GC(2650) Pause Cleanup 154M->154M(512M) 0.068ms
[2020-08-01T12:10:00.087+0300][98.131s][info ][gc] GC(2650) Concurrent Cycle 36.526ms
[2020-08-01T12:10:00.123+0300][98.167s][info ][gc] GC(2651) Pause Young (Normal) (G1 Evacuation Pause) 162M->149M(512M) 33.099ms
[2020-08-01T12:10:00.150+0300][98.194s][info ][gc] GC(2652) Pause Young (Concurrent Start) (G1 Humongous Allocation) 176M->177M(512M) 16.483ms
[2020-08-01T12:10:00.150+0300][98.194s][info ][gc] GC(2653) Concurrent Cycle
[2020-08-01T12:10:00.166+0300][98.210s][debug][gc] GC(2653) Reclaimed 124 empty regions
[2020-08-01T12:10:00.166+0300][98.210s][info ][gc] GC(2653) Pause Remark 226M->102M(512M) 0.655ms
[2020-08-01T12:10:00.186+0300][98.230s][info ][gc] GC(2653) Pause Cleanup 153M->153M(512M) 0.067ms
[2020-08-01T12:10:00.187+0300][98.231s][info ][gc] GC(2653) Concurrent Cycle 36.598ms
[2020-08-01T12:10:00.224+0300][98.268s][info ][gc] GC(2654) Pause Young (Normal) (G1 Evacuation Pause) 161M->149M(512M) 34.488ms
[2020-08-01T12:10:00.251+0300][98.294s][info ][gc] GC(2655) Pause Young (Concurrent Start) (G1 Humongous Allocation) 176M->177M(512M) 15.466ms
[2020-08-01T12:10:00.251+0300][98.294s][info ][gc] GC(2656) Concurrent Cycle
[2020-08-01T12:10:00.265+0300][98.309s][debug][gc] GC(2656) Reclaimed 123 empty regions
[2020-08-01T12:10:00.265+0300][98.309s][info ][gc] GC(2656) Pause Remark 226M->103M(512M) 0.690ms
[2020-08-01T12:10:00.286+0300][98.329s][info ][gc] GC(2656) Pause Cleanup 155M->155M(512M) 0.070ms
[2020-08-01T12:10:00.286+0300][98.330s][info ][gc] GC(2656) Concurrent Cycle 35.389ms
[2020-08-01T12:10:00.322+0300][98.365s][info ][gc] GC(2657) Pause Young (Normal) (G1 Evacuation Pause) 162M->149M(512M) 33.006ms
[2020-08-01T12:10:00.348+0300][98.392s][info ][gc] GC(2658) Pause Young (Concurrent Start) (G1 Humongous Allocation) 176M->177M(512M) 15.991ms
[2020-08-01T12:10:00.348+0300][98.392s][info ][gc] GC(2659) Concurrent Cycle
[2020-08-01T12:10:00.364+0300][98.408s][debug][gc] GC(2659) Reclaimed 124 empty regions
[2020-08-01T12:10:00.364+0300][98.408s][info ][gc] GC(2659) Pause Remark 228M->104M(512M) 0.738ms
[2020-08-01T12:10:00.384+0300][98.428s][info ][gc] GC(2659) Pause Cleanup 155M->155M(512M) 0.066ms
[2020-08-01T12:10:00.385+0300][98.429s][info ][gc] GC(2659) Concurrent Cycle 36.480ms
[2020-08-01T12:10:00.421+0300][98.465s][info ][gc] GC(2660) Pause Young (Normal) (G1 Evacuation Pause) 161M->148M(512M) 33.828ms
[2020-08-01T12:10:00.447+0300][98.491s][info ][gc] GC(2661) Pause Young (Concurrent Start) (G1 Humongous Allocation) 175M->177M(512M) 15.732ms
[2020-08-01T12:10:00.447+0300][98.491s][info ][gc] GC(2662) Concurrent Cycle
[2020-08-01T12:10:00.462+0300][98.505s][debug][gc] GC(2662) Reclaimed 123 empty regions
[2020-08-01T12:10:00.462+0300][98.505s][info ][gc] GC(2662) Pause Remark 226M->103M(512M) 0.659ms
[2020-08-01T12:10:00.482+0300][98.526s][info ][gc] GC(2662) Pause Cleanup 154M->154M(512M) 0.072ms
[2020-08-01T12:10:00.482+0300][98.526s][info ][gc] GC(2662) Concurrent Cycle 35.182ms
[2020-08-01T12:10:00.519+0300][98.563s][info ][gc] GC(2663) Pause Young (Normal) (G1 Evacuation Pause) 162M->149M(512M) 34.229ms
[2020-08-01T12:10:00.547+0300][98.591s][info ][gc] GC(2664) Pause Young (Concurrent Start) (G1 Humongous Allocation) 176M->178M(512M) 17.354ms
[2020-08-01T12:10:00.547+0300][98.591s][info ][gc] GC(2665) Concurrent Cycle
[2020-08-01T12:10:00.562+0300][98.606s][debug][gc] GC(2665) Reclaimed 124 empty regions
[2020-08-01T12:10:00.562+0300][98.606s][info ][gc] GC(2665) Pause Remark 227M->103M(512M) 0.653ms
[2020-08-01T12:10:00.582+0300][98.626s][info ][gc] GC(2665) Pause Cleanup 154M->154M(512M) 0.063ms
[2020-08-01T12:10:00.583+0300][98.627s][info ][gc] GC(2665) Concurrent Cycle 35.373ms
[2020-08-01T12:10:00.620+0300][98.664s][info ][gc] GC(2666) Pause Young (Normal) (G1 Evacuation Pause) 161M->149M(512M) 35.125ms
[2020-08-01T12:10:00.649+0300][98.693s][info ][gc] GC(2667) Pause Young (Concurrent Start) (G1 Humongous Allocation) 177M->178M(512M) 17.606ms
[2020-08-01T12:10:00.649+0300][98.693s][info ][gc] GC(2668) Concurrent Cycle
[2020-08-01T12:10:00.668+0300][98.712s][debug][gc] GC(2668) Reclaimed 123 empty regions
[2020-08-01T12:10:00.668+0300][98.712s][info ][gc] GC(2668) Pause Remark 232M->109M(512M) 0.660ms
[2020-08-01T12:10:00.690+0300][98.734s][info ][gc] GC(2668) Pause Cleanup 162M->162M(512M) 0.073ms
[2020-08-01T12:10:00.728+0300][98.772s][info ][gc] GC(2669) Pause Young (Normal) (G1 Evacuation Pause) 162M->149M(512M) 37.694ms
[2020-08-01T12:10:00.729+0300][98.773s][info ][gc] GC(2668) Concurrent Cycle 79.752ms
[2020-08-01T12:10:00.758+0300][98.802s][info ][gc] GC(2670) Pause Young (Concurrent Start) (G1 Humongous Allocation) 177M->177M(512M) 17.787ms
[2020-08-01T12:10:00.759+0300][98.802s][info ][gc] GC(2671) Concurrent Cycle
[2020-08-01T12:10:00.778+0300][98.822s][debug][gc] GC(2671) Reclaimed 123 empty regions
[2020-08-01T12:10:00.779+0300][98.822s][info ][gc] GC(2671) Pause Remark 229M->106M(512M) 0.744ms
[2020-08-01T12:10:00.802+0300][98.846s][info ][gc] GC(2671) Pause Cleanup 156M->156M(512M) 0.106ms
[2020-08-01T12:10:00.803+0300][98.847s][info ][gc] GC(2671) Concurrent Cycle 44.596ms
[2020-08-01T12:10:00.841+0300][98.885s][info ][gc] GC(2672) Pause Young (Normal) (G1 Evacuation Pause) 162M->150M(512M) 36.044ms
[2020-08-01T12:10:00.870+0300][98.914s][info ][gc] GC(2673) Pause Young (Concurrent Start) (G1 Humongous Allocation) 177M->178M(512M) 18.092ms
[2020-08-01T12:10:00.870+0300][98.914s][info ][gc] GC(2674) Concurrent Cycle
[2020-08-01T12:10:00.885+0300][98.929s][debug][gc] GC(2674) Reclaimed 124 empty regions
[2020-08-01T12:10:00.885+0300][98.929s][info ][gc] GC(2674) Pause Remark 228M->104M(512M) 0.693ms
[2020-08-01T12:10:00.906+0300][98.950s][info ][gc] GC(2674) Pause Cleanup 155M->155M(512M) 0.084ms
[2020-08-01T12:10:00.906+0300][98.950s][info ][gc] GC(2674) Concurrent Cycle 36.292ms
[2020-08-01T12:10:00.941+0300][98.985s][info ][gc] GC(2675) Pause Young (Normal) (G1 Evacuation Pause) 161M->149M(512M) 32.726ms
[2020-08-01T12:10:00.970+0300][99.013s][info ][gc] GC(2676) Pause Young (Concurrent Start) (G1 Humongous Allocation) 177M->178M(512M) 16.920ms
[2020-08-01T12:10:00.970+0300][99.014s][info ][gc] GC(2677) Concurrent Cycle
[2020-08-01T12:10:00.985+0300][99.028s][debug][gc] GC(2677) Reclaimed 123 empty regions
[2020-08-01T12:10:00.985+0300][99.028s][info ][gc] GC(2677) Pause Remark 228M->105M(512M) 0.656ms
[2020-08-01T12:10:01.005+0300][99.049s][info ][gc] GC(2677) Pause Cleanup 157M->157M(512M) 0.069ms
[2020-08-01T12:10:01.006+0300][99.050s][info ][gc] GC(2677) Concurrent Cycle 36.219ms
[2020-08-01T12:10:01.040+0300][99.084s][info ][gc] GC(2678) Pause Young (Normal) (G1 Evacuation Pause) 162M->148M(512M) 32.456ms
[2020-08-01T12:10:01.067+0300][99.111s][info ][gc] GC(2679) Pause Young (Concurrent Start) (G1 Humongous Allocation) 176M->177M(512M) 16.253ms
[2020-08-01T12:10:01.067+0300][99.111s][info ][gc] GC(2680) Concurrent Cycle
[2020-08-01T12:10:01.086+0300][99.130s][debug][gc] GC(2680) Reclaimed 123 empty regions
[2020-08-01T12:10:01.086+0300][99.130s][info ][gc] GC(2680) Pause Remark 230M->107M(512M) 1.181ms
[2020-08-01T12:10:01.108+0300][99.152s][info ][gc] GC(2680) Pause Cleanup 161M->161M(512M) 0.067ms
[2020-08-01T12:10:01.108+0300][99.152s][info ][gc] GC(2680) Concurrent Cycle 40.870ms
[2020-08-01T12:10:01.141+0300][99.185s][info ][gc] GC(2681) Pause Young (Normal) (G1 Evacuation Pause) 162M->149M(512M) 32.889ms
[2020-08-01T12:10:01.171+0300][99.215s][info ][gc] GC(2682) Pause Young (Concurrent Start) (G1 Humongous Allocation) 176M->178M(512M) 18.866ms
[2020-08-01T12:10:01.172+0300][99.215s][info ][gc] GC(2683) Concurrent Cycle
[2020-08-01T12:10:01.188+0300][99.232s][debug][gc] GC(2683) Reclaimed 124 empty regions
[2020-08-01T12:10:01.188+0300][99.232s][info ][gc] GC(2683) Pause Remark 229M->105M(512M) 0.857ms
[2020-08-01T12:10:01.210+0300][99.254s][info ][gc] GC(2683) Pause Cleanup 158M->158M(512M) 0.069ms
[2020-08-01T12:10:01.210+0300][99.254s][info ][gc] GC(2683) Concurrent Cycle 38.773ms
[2020-08-01T12:10:01.250+0300][99.294s][info ][gc] GC(2684) Pause Young (Normal) (G1 Evacuation Pause) 161M->148M(512M) 38.383ms
[2020-08-01T12:10:01.280+0300][99.323s][info ][gc] GC(2685) Pause Young (Concurrent Start) (G1 Humongous Allocation) 176M->178M(512M) 18.073ms
[2020-08-01T12:10:01.280+0300][99.323s][info ][gc] GC(2686) Concurrent Cycle
[2020-08-01T12:10:01.297+0300][99.341s][debug][gc] GC(2686) Reclaimed 123 empty regions
[2020-08-01T12:10:01.297+0300][99.341s][info ][gc] GC(2686) Pause Remark 229M->106M(512M) 0.683ms
[2020-08-01T12:10:01.318+0300][99.362s][info ][gc] GC(2686) Pause Cleanup 159M->159M(512M) 0.068ms
[2020-08-01T12:10:01.319+0300][99.363s][info ][gc] GC(2686) Concurrent Cycle 39.181ms
[2020-08-01T12:10:01.355+0300][99.399s][info ][gc] GC(2687) Pause Young (Normal) (G1 Evacuation Pause) 162M->149M(512M) 35.072ms
[2020-08-01T12:10:01.386+0300][99.429s][info ][gc] GC(2688) Pause Young (Concurrent Start) (G1 Humongous Allocation) 177M->179M(512M) 18.931ms
[2020-08-01T12:10:01.386+0300][99.429s][info ][gc] GC(2689) Concurrent Cycle
[2020-08-01T12:10:01.403+0300][99.447s][debug][gc] GC(2689) Reclaimed 124 empty regions
[2020-08-01T12:10:01.403+0300][99.447s][info ][gc] GC(2689) Pause Remark 230M->106M(512M) 1.086ms
[2020-08-01T12:10:01.424+0300][99.468s][info ][gc] GC(2689) Pause Cleanup 158M->158M(512M) 0.077ms
[2020-08-01T12:10:01.425+0300][99.469s][info ][gc] GC(2689) Concurrent Cycle 39.488ms
[2020-08-01T12:10:01.459+0300][99.503s][info ][gc] GC(2690) Pause Young (Normal) (G1 Evacuation Pause) 162M->149M(512M) 32.967ms
[2020-08-01T12:10:01.488+0300][99.532s][info ][gc] GC(2691) Pause Young (Concurrent Start) (G1 Humongous Allocation) 177M->179M(512M) 16.900ms
[2020-08-01T12:10:01.488+0300][99.532s][info ][gc] GC(2692) Concurrent Cycle
[2020-08-01T12:10:01.505+0300][99.549s][debug][gc] GC(2692) Reclaimed 124 empty regions
[2020-08-01T12:10:01.505+0300][99.549s][info ][gc] GC(2692) Pause Remark 231M->107M(512M) 0.750ms
[2020-08-01T12:10:01.528+0300][99.572s][info ][gc] GC(2692) Pause Cleanup 162M->162M(512M) 0.078ms
[2020-08-01T12:10:01.565+0300][99.608s][info ][gc] GC(2693) Pause Young (Normal) (G1 Evacuation Pause) 162M->150M(512M) 36.250ms
[2020-08-01T12:10:01.565+0300][99.609s][info ][gc] GC(2692) Concurrent Cycle 77.287ms
[2020-08-01T12:10:01.594+0300][99.638s][info ][gc] GC(2694) Pause Young (Concurrent Start) (G1 Humongous Allocation) 178M->179M(512M) 17.205ms
[2020-08-01T12:10:01.594+0300][99.638s][info ][gc] GC(2695) Concurrent Cycle
[2020-08-01T12:10:01.609+0300][99.653s][debug][gc] GC(2695) Reclaimed 124 empty regions
[2020-08-01T12:10:01.609+0300][99.653s][info ][gc] GC(2695) Pause Remark 230M->106M(512M) 0.687ms
[2020-08-01T12:10:01.630+0300][99.674s][info ][gc] GC(2695) Pause Cleanup 158M->158M(512M) 0.071ms
[2020-08-01T12:10:01.631+0300][99.675s][info ][gc] GC(2695) Concurrent Cycle 36.937ms
[2020-08-01T12:10:01.666+0300][99.710s][info ][gc] GC(2696) Pause Young (Normal) (G1 Evacuation Pause) 162M->149M(512M) 34.119ms
[2020-08-01T12:10:01.695+0300][99.738s][info ][gc] GC(2697) Pause Young (Concurrent Start) (G1 Humongous Allocation) 177M->178M(512M) 16.339ms
[2020-08-01T12:10:01.695+0300][99.738s][info ][gc] GC(2698) Concurrent Cycle
[2020-08-01T12:10:01.712+0300][99.756s][debug][gc] GC(2698) Reclaimed 123 empty regions
[2020-08-01T12:10:01.712+0300][99.756s][info ][gc] GC(2698) Pause Remark 230M->107M(512M) 0.895ms
[2020-08-01T12:10:01.735+0300][99.779s][info ][gc] GC(2698) Pause Cleanup 156M->156M(512M) 0.096ms
[2020-08-01T12:10:01.736+0300][99.779s][info ][gc] GC(2698) Concurrent Cycle 40.924ms
[2020-08-01T12:10:01.777+0300][99.821s][info ][gc] GC(2699) Pause Young (Normal) (G1 Evacuation Pause) 162M->149M(512M) 38.842ms
[2020-08-01T12:10:01.809+0300][99.853s][info ][gc] GC(2700) Pause Young (Concurrent Start) (G1 Humongous Allocation) 177M->178M(512M) 19.793ms
[2020-08-01T12:10:01.809+0300][99.853s][info ][gc] GC(2701) Concurrent Cycle
[2020-08-01T12:10:01.828+0300][99.872s][debug][gc] GC(2701) Reclaimed 124 empty regions
[2020-08-01T12:10:01.828+0300][99.872s][info ][gc] GC(2701) Pause Remark 227M->103M(512M) 0.656ms
[2020-08-01T12:10:01.850+0300][99.894s][info ][gc] GC(2701) Pause Cleanup 155M->155M(512M) 0.098ms
[2020-08-01T12:10:01.851+0300][99.895s][info ][gc] GC(2701) Concurrent Cycle 41.972ms
[2020-08-01T12:10:01.888+0300][99.931s][info ][gc] GC(2702) Pause Young (Normal) (G1 Evacuation Pause) 161M->148M(512M) 34.245ms
[2020-08-01T12:10:01.916+0300][99.960s][info ][gc] GC(2703) Pause Young (Concurrent Start) (G1 Humongous Allocation) 176M->178M(512M) 17.078ms
[2020-08-01T12:10:01.916+0300][99.960s][info ][gc] GC(2704) Concurrent Cycle
[2020-08-01T12:10:01.934+0300][99.977s][debug][gc] GC(2704) Reclaimed 123 empty regions
[2020-08-01T12:10:01.934+0300][99.977s][info ][gc] GC(2704) Pause Remark 231M->108M(512M) 0.736ms
[2020-08-01T12:10:01.956+0300][100.000s][info ][gc] GC(2704) Pause Cleanup 162M->162M(512M) 0.070ms
[2020-08-01T12:10:01.989+0300][100.033s][info ][gc] GC(2705) Pause Young (Normal) (G1 Evacuation Pause) 162M->149M(512M) 33.131ms
[2020-08-01T12:10:01.990+0300][100.034s][info ][gc] GC(2704) Concurrent Cycle 73.949ms
[2020-08-01T12:10:02.016+0300][100.060s][info ][gc] GC(2706) Pause Young (Concurrent Start) (G1 Humongous Allocation) 177M->178M(512M) 15.697ms
[2020-08-01T12:10:02.016+0300][100.060s][info ][gc] GC(2707) Concurrent Cycle
[2020-08-01T12:10:02.032+0300][100.076s][debug][gc] GC(2707) Reclaimed 124 empty regions
[2020-08-01T12:10:02.032+0300][100.076s][info ][gc] GC(2707) Pause Remark 228M->104M(512M) 0.701ms
[2020-08-01T12:10:02.053+0300][100.097s][info ][gc] GC(2707) Pause Cleanup 157M->157M(512M) 0.072ms
[2020-08-01T12:10:02.054+0300][100.098s][info ][gc] GC(2707) Concurrent Cycle 37.718ms
[2020-08-01T12:10:02.088+0300][100.132s][info ][gc] GC(2708) Pause Young (Normal) (G1 Evacuation Pause) 161M->148M(512M) 32.819ms
[2020-08-01T12:10:02.115+0300][100.159s][info ][gc] GC(2709) Pause Young (Concurrent Start) (G1 Humongous Allocation) 176M->178M(512M) 15.792ms
[2020-08-01T12:10:02.115+0300][100.159s][info ][gc] GC(2710) Concurrent Cycle
[2020-08-01T12:10:02.129+0300][100.173s][debug][gc] GC(2710) Reclaimed 123 empty regions
[2020-08-01T12:10:02.130+0300][100.173s][info ][gc] GC(2710) Pause Remark 228M->105M(512M) 0.646ms
[2020-08-01T12:10:02.150+0300][100.194s][info ][gc] GC(2710) Pause Cleanup 157M->157M(512M) 0.071ms
[2020-08-01T12:10:02.151+0300][100.195s][info ][gc] GC(2710) Concurrent Cycle 36.146ms
[2020-08-01T12:10:02.185+0300][100.229s][info ][gc] GC(2711) Pause Young (Normal) (G1 Evacuation Pause) 162M->150M(512M) 32.713ms
[2020-08-01T12:10:02.213+0300][100.256s][info ][gc] GC(2712) Pause Young (Concurrent Start) (G1 Humongous Allocation) 178M->179M(512M) 16.057ms
[2020-08-01T12:10:02.213+0300][100.256s][info ][gc] GC(2713) Concurrent Cycle
[2020-08-01T12:10:02.230+0300][100.274s][debug][gc] GC(2713) Reclaimed 124 empty regions
[2020-08-01T12:10:02.230+0300][100.274s][info ][gc] GC(2713) Pause Remark 229M->105M(512M) 1.001ms
[2020-08-01T12:10:02.254+0300][100.298s][info ][gc] GC(2713) Pause Cleanup 159M->159M(512M) 0.077ms
[2020-08-01T12:10:02.255+0300][100.299s][info ][gc] GC(2713) Concurrent Cycle 42.137ms
[2020-08-01T12:10:02.291+0300][100.335s][info ][gc] GC(2714) Pause Young (Normal) (G1 Evacuation Pause) 162M->149M(512M) 35.551ms
[2020-08-01T12:10:02.321+0300][100.365s][info ][gc] GC(2715) Pause Young (Concurrent Start) (G1 Humongous Allocation) 177M->179M(512M) 18.167ms
[2020-08-01T12:10:02.321+0300][100.365s][info ][gc] GC(2716) Concurrent Cycle
[2020-08-01T12:10:02.338+0300][100.382s][debug][gc] GC(2716) Reclaimed 124 empty regions
[2020-08-01T12:10:02.338+0300][100.382s][info ][gc] GC(2716) Pause Remark 231M->107M(512M) 0.870ms
[2020-08-01T12:10:02.361+0300][100.404s][info ][gc] GC(2716) Pause Cleanup 161M->161M(512M) 0.076ms
[2020-08-01T12:10:02.361+0300][100.405s][info ][gc] GC(2716) Concurrent Cycle 40.177ms
[2020-08-01T12:10:02.394+0300][100.438s][info ][gc] GC(2717) Pause Young (Normal) (G1 Evacuation Pause) 162M->150M(512M) 33.089ms
[2020-08-01T12:10:02.422+0300][100.466s][info ][gc] GC(2718) Pause Young (Concurrent Start) (G1 Humongous Allocation) 178M->179M(512M) 16.545ms
[2020-08-01T12:10:02.422+0300][100.466s][info ][gc] GC(2719) Concurrent Cycle
[2020-08-01T12:10:02.439+0300][100.483s][debug][gc] GC(2719) Reclaimed 124 empty regions
[2020-08-01T12:10:02.439+0300][100.483s][info ][gc] GC(2719) Pause Remark 230M->106M(512M) 0.712ms
[2020-08-01T12:10:02.462+0300][100.505s][info ][gc] GC(2719) Pause Cleanup 159M->159M(512M) 0.068ms
[2020-08-01T12:10:02.462+0300][100.506s][info ][gc] GC(2719) Concurrent Cycle 39.817ms
[2020-08-01T12:10:02.501+0300][100.545s][info ][gc] GC(2720) Pause Young (Normal) (G1 Evacuation Pause) 162M->149M(512M) 38.265ms
[2020-08-01T12:10:02.533+0300][100.577s][info ][gc] GC(2721) Pause Young (Concurrent Start) (G1 Humongous Allocation) 177M->179M(512M) 19.600ms
[2020-08-01T12:10:02.533+0300][100.577s][info ][gc] GC(2722) Concurrent Cycle
[2020-08-01T12:10:02.550+0300][100.594s][debug][gc] GC(2722) Reclaimed 124 empty regions
[2020-08-01T12:10:02.550+0300][100.594s][info ][gc] GC(2722) Pause Remark 232M->108M(512M) 0.762ms
[2020-08-01T12:10:02.613+0300][100.657s][info ][gc] GC(2723) Pause Young (Normal) (G1 Evacuation Pause) 162M->149M(512M) 40.576ms
[2020-08-01T12:10:02.614+0300][100.657s][info ][gc] GC(2722) Pause Cleanup 150M->150M(512M) 0.072ms
[2020-08-01T12:10:02.615+0300][100.658s][info ][gc] GC(2722) Concurrent Cycle 81.775ms
[2020-08-01T12:10:02.653+0300][100.696s][info ][gc] GC(2724) Pause Young (Concurrent Start) (G1 Humongous Allocation) 177M->178M(512M) 27.298ms
[2020-08-01T12:10:02.653+0300][100.697s][info ][gc] GC(2725) Concurrent Cycle
[2020-08-01T12:10:02.672+0300][100.716s][debug][gc] GC(2725) Reclaimed 123 empty regions
[2020-08-01T12:10:02.672+0300][100.716s][info ][gc] GC(2725) Pause Remark 233M->110M(512M) 0.654ms
[2020-08-01T12:10:02.694+0300][100.738s][info ][gc] GC(2725) Pause Cleanup 162M->162M(512M) 0.066ms
[2020-08-01T12:10:02.730+0300][100.774s][info ][gc] GC(2726) Pause Young (Normal) (G1 Evacuation Pause) 162M->148M(512M) 35.732ms
[2020-08-01T12:10:02.731+0300][100.774s][info ][gc] GC(2725) Concurrent Cycle 77.804ms
[2020-08-01T12:10:02.762+0300][100.806s][info ][gc] GC(2727) Pause Young (Concurrent Start) (G1 Humongous Allocation) 176M->177M(512M) 19.790ms
[2020-08-01T12:10:02.762+0300][100.806s][info ][gc] GC(2728) Concurrent Cycle
[2020-08-01T12:10:02.778+0300][100.822s][debug][gc] GC(2728) Reclaimed 121 empty regions
[2020-08-01T12:10:02.778+0300][100.822s][info ][gc] GC(2728) Pause Remark 228M->107M(512M) 0.660ms
[2020-08-01T12:10:02.799+0300][100.842s][info ][gc] GC(2728) Pause Cleanup 159M->159M(512M) 0.072ms
[2020-08-01T12:10:02.799+0300][100.843s][info ][gc] GC(2728) Concurrent Cycle 37.131ms
[2020-08-01T12:10:02.837+0300][100.881s][info ][gc] GC(2729) Pause Young (Normal) (G1 Evacuation Pause) 164M->151M(512M) 35.559ms
[2020-08-01T12:10:02.865+0300][100.909s][info ][gc] GC(2730) Pause Young (Concurrent Start) (G1 Humongous Allocation) 178M->179M(512M) 17.437ms
[2020-08-01T12:10:02.866+0300][100.909s][info ][gc] GC(2731) Concurrent Cycle
[2020-08-01T12:10:02.883+0300][100.927s][debug][gc] GC(2731) Reclaimed 123 empty regions
[2020-08-01T12:10:02.883+0300][100.927s][info ][gc] GC(2731) Pause Remark 230M->107M(512M) 0.762ms
[2020-08-01T12:10:02.905+0300][100.949s][info ][gc] GC(2731) Pause Cleanup 159M->159M(512M) 0.087ms
[2020-08-01T12:10:02.906+0300][100.950s][info ][gc] GC(2731) Concurrent Cycle 40.367ms
[2020-08-01T12:10:02.940+0300][100.984s][info ][gc] GC(2732) Pause Young (Normal) (G1 Evacuation Pause) 163M->150M(512M) 33.102ms
[2020-08-01T12:10:02.971+0300][101.015s][info ][gc] GC(2733) Pause Young (Concurrent Start) (G1 Humongous Allocation) 178M->180M(512M) 19.703ms
[2020-08-01T12:10:02.971+0300][101.015s][info ][gc] GC(2734) Concurrent Cycle
[2020-08-01T12:10:02.988+0300][101.032s][debug][gc] GC(2734) Reclaimed 123 empty regions
[2020-08-01T12:10:02.988+0300][101.032s][info ][gc] GC(2734) Pause Remark 233M->110M(512M) 0.662ms
[2020-08-01T12:10:03.010+0300][101.054s][info ][gc] GC(2734) Pause Cleanup 163M->163M(512M) 0.074ms
[2020-08-01T12:10:03.050+0300][101.094s][info ][gc] GC(2735) Pause Young (Normal) (G1 Evacuation Pause) 164M->152M(512M) 39.114ms
[2020-08-01T12:10:03.050+0300][101.094s][info ][gc] GC(2734) Concurrent Cycle 78.620ms
[2020-08-01T12:10:03.080+0300][101.124s][info ][gc] GC(2736) Pause Young (Concurrent Start) (G1 Humongous Allocation) 180M->181M(512M) 18.561ms
[2020-08-01T12:10:03.080+0300][101.124s][info ][gc] GC(2737) Concurrent Cycle
[2020-08-01T12:10:03.094+0300][101.138s][debug][gc] GC(2737) Reclaimed 124 empty regions
[2020-08-01T12:10:03.094+0300][101.138s][info ][gc] GC(2737) Pause Remark 229M->105M(512M) 0.642ms
[2020-08-01T12:10:03.115+0300][101.159s][info ][gc] GC(2737) Pause Cleanup 158M->158M(512M) 0.071ms
[2020-08-01T12:10:03.116+0300][101.160s][info ][gc] GC(2737) Concurrent Cycle 36.072ms
[2020-08-01T12:10:03.159+0300][101.202s][info ][gc] GC(2738) Pause Young (Normal) (G1 Evacuation Pause) 163M->151M(512M) 40.801ms
[2020-08-01T12:10:03.188+0300][101.232s][info ][gc] GC(2739) Pause Young (Concurrent Start) (G1 Humongous Allocation) 180M->181M(512M) 17.731ms
[2020-08-01T12:10:03.188+0300][101.232s][info ][gc] GC(2740) Concurrent Cycle
[2020-08-01T12:10:03.206+0300][101.250s][debug][gc] GC(2740) Reclaimed 123 empty regions
[2020-08-01T12:10:03.206+0300][101.250s][info ][gc] GC(2740) Pause Remark 234M->111M(512M) 0.653ms
[2020-08-01T12:10:03.273+0300][101.317s][info ][gc] GC(2741) Pause Young (Normal) (G1 Evacuation Pause) 164M->152M(512M) 45.348ms
[2020-08-01T12:10:03.274+0300][101.318s][info ][gc] GC(2740) Pause Cleanup 155M->155M(512M) 0.071ms
[2020-08-01T12:10:03.275+0300][101.319s][info ][gc] GC(2740) Concurrent Cycle 87.007ms
[2020-08-01T12:10:03.315+0300][101.359s][info ][gc] GC(2742) Pause Young (Concurrent Start) (G1 Humongous Allocation) 181M->182M(512M) 29.244ms
[2020-08-01T12:10:03.315+0300][101.359s][info ][gc] GC(2743) Concurrent Cycle
[2020-08-01T12:10:03.332+0300][101.375s][debug][gc] GC(2743) Reclaimed 124 empty regions
[2020-08-01T12:10:03.332+0300][101.375s][info ][gc] GC(2743) Pause Remark 234M->110M(512M) 0.645ms
[2020-08-01T12:10:03.354+0300][101.398s][info ][gc] GC(2743) Pause Cleanup 164M->164M(512M) 0.100ms
[2020-08-01T12:10:03.390+0300][101.434s][info ][gc] GC(2744) Pause Young (Normal) (G1 Evacuation Pause) 164M->151M(512M) 35.647ms
[2020-08-01T12:10:03.391+0300][101.435s][info ][gc] GC(2743) Concurrent Cycle 75.996ms
[2020-08-01T12:10:03.419+0300][101.463s][info ][gc] GC(2745) Pause Young (Concurrent Start) (G1 Humongous Allocation) 180M->181M(512M) 16.602ms
[2020-08-01T12:10:03.419+0300][101.463s][info ][gc] GC(2746) Concurrent Cycle
[2020-08-01T12:10:03.434+0300][101.477s][debug][gc] GC(2746) Reclaimed 124 empty regions
[2020-08-01T12:10:03.434+0300][101.477s][info ][gc] GC(2746) Pause Remark 231M->107M(512M) 0.695ms
[2020-08-01T12:10:03.455+0300][101.499s][info ][gc] GC(2746) Pause Cleanup 161M->161M(512M) 0.074ms
[2020-08-01T12:10:03.456+0300][101.499s][info ][gc] GC(2746) Concurrent Cycle 36.865ms
[2020-08-01T12:10:03.488+0300][101.532s][info ][gc] GC(2747) Pause Young (Normal) (G1 Evacuation Pause) 163M->150M(512M) 32.145ms
[2020-08-01T12:10:03.516+0300][101.560s][info ][gc] GC(2748) Pause Young (Concurrent Start) (G1 Humongous Allocation) 179M->180M(512M) 16.264ms
[2020-08-01T12:10:03.516+0300][101.560s][info ][gc] GC(2749) Concurrent Cycle
[2020-08-01T12:10:03.531+0300][101.574s][debug][gc] GC(2749) Reclaimed 123 empty regions
[2020-08-01T12:10:03.531+0300][101.574s][info ][gc] GC(2749) Pause Remark 230M->107M(512M) 0.649ms
[2020-08-01T12:10:03.552+0300][101.596s][info ][gc] GC(2749) Pause Cleanup 161M->161M(512M) 0.068ms
[2020-08-01T12:10:03.552+0300][101.596s][info ][gc] GC(2749) Concurrent Cycle 36.502ms
[2020-08-01T12:10:03.586+0300][101.630s][info ][gc] GC(2750) Pause Young (Normal) (G1 Evacuation Pause) 164M->152M(512M) 32.713ms
[2020-08-01T12:10:03.614+0300][101.658s][info ][gc] GC(2751) Pause Young (Concurrent Start) (G1 Humongous Allocation) 180M->181M(512M) 16.930ms
[2020-08-01T12:10:03.614+0300][101.658s][info ][gc] GC(2752) Concurrent Cycle
[2020-08-01T12:10:03.632+0300][101.676s][debug][gc] GC(2752) Reclaimed 124 empty regions
[2020-08-01T12:10:03.632+0300][101.676s][info ][gc] GC(2752) Pause Remark 233M->109M(512M) 0.664ms
[2020-08-01T12:10:03.655+0300][101.699s][info ][gc] GC(2752) Pause Cleanup 158M->158M(512M) 0.082ms
[2020-08-01T12:10:03.656+0300][101.700s][info ][gc] GC(2752) Concurrent Cycle 41.613ms
[2020-08-01T12:10:03.693+0300][101.737s][info ][gc] GC(2753) Pause Young (Normal) (G1 Evacuation Pause) 163M->150M(512M) 34.959ms
[2020-08-01T12:10:03.725+0300][101.769s][info ][gc] GC(2754) Pause Young (Concurrent Start) (G1 Humongous Allocation) 179M->181M(512M) 20.545ms
[2020-08-01T12:10:03.725+0300][101.769s][info ][gc] GC(2755) Concurrent Cycle
[2020-08-01T12:10:03.743+0300][101.787s][debug][gc] GC(2755) Reclaimed 123 empty regions
[2020-08-01T12:10:03.743+0300][101.787s][info ][gc] GC(2755) Pause Remark 231M->108M(512M) 0.799ms
[2020-08-01T12:10:03.768+0300][101.812s][info ][gc] GC(2755) Pause Cleanup 160M->160M(512M) 0.087ms
[2020-08-01T12:10:03.769+0300][101.813s][info ][gc] GC(2755) Concurrent Cycle 44.540ms
[2020-08-01T12:10:03.804+0300][101.848s][info ][gc] GC(2756) Pause Young (Normal) (G1 Evacuation Pause) 164M->151M(512M) 33.317ms
[2020-08-01T12:10:03.836+0300][101.880s][info ][gc] GC(2757) Pause Young (Concurrent Start) (G1 Humongous Allocation) 180M->181M(512M) 19.912ms
[2020-08-01T12:10:03.836+0300][101.880s][info ][gc] GC(2758) Concurrent Cycle
[2020-08-01T12:10:03.855+0300][101.899s][debug][gc] GC(2758) Reclaimed 123 empty regions
[2020-08-01T12:10:03.855+0300][101.899s][info ][gc] GC(2758) Pause Remark 230M->107M(512M) 0.654ms
[2020-08-01T12:10:03.879+0300][101.922s][info ][gc] GC(2758) Pause Cleanup 163M->163M(512M) 0.076ms
[2020-08-01T12:10:03.879+0300][101.923s][info ][gc] GC(2758) Concurrent Cycle 42.777ms
[2020-08-01T12:10:03.913+0300][101.956s][info ][gc] GC(2759) Pause Young (Normal) (G1 Evacuation Pause) 164M->151M(512M) 33.435ms
[2020-08-01T12:10:03.944+0300][101.987s][info ][gc] GC(2760) Pause Young (Concurrent Start) (G1 Humongous Allocation) 180M->181M(512M) 19.475ms
[2020-08-01T12:10:03.944+0300][101.987s][info ][gc] GC(2761) Concurrent Cycle
[2020-08-01T12:10:03.961+0300][102.005s][debug][gc] GC(2761) Reclaimed 124 empty regions
[2020-08-01T12:10:03.961+0300][102.005s][info ][gc] GC(2761) Pause Remark 233M->109M(512M) 0.896ms
[2020-08-01T12:10:04.017+0300][102.061s][info ][gc] GC(2762) Pause Young (Normal) (G1 Evacuation Pause) 163M->151M(512M) 33.444ms
[2020-08-01T12:10:04.018+0300][102.062s][info ][gc] GC(2761) Pause Cleanup 153M->153M(512M) 0.086ms
[2020-08-01T12:10:04.019+0300][102.063s][info ][gc] GC(2761) Concurrent Cycle 75.641ms
[2020-08-01T12:10:04.056+0300][102.100s][info ][gc] GC(2763) Pause Young (Concurrent Start) (G1 Humongous Allocation) 180M->181M(512M) 26.592ms
[2020-08-01T12:10:04.056+0300][102.100s][info ][gc] GC(2764) Concurrent Cycle
[2020-08-01T12:10:04.074+0300][102.118s][debug][gc] GC(2764) Reclaimed 123 empty regions
[2020-08-01T12:10:04.074+0300][102.118s][info ][gc] GC(2764) Pause Remark 234M->111M(512M) 0.929ms
[2020-08-01T12:10:04.131+0300][102.175s][info ][gc] GC(2765) Pause Young (Normal) (G1 Evacuation Pause) 164M->151M(512M) 35.949ms
[2020-08-01T12:10:04.132+0300][102.176s][info ][gc] GC(2764) Pause Cleanup 153M->153M(512M) 0.067ms
[2020-08-01T12:10:04.133+0300][102.177s][info ][gc] GC(2764) Concurrent Cycle 76.659ms
[2020-08-01T12:10:04.169+0300][102.213s][info ][gc] GC(2766) Pause Young (Concurrent Start) (G1 Humongous Allocation) 180M->181M(512M) 25.821ms
[2020-08-01T12:10:04.169+0300][102.213s][info ][gc] GC(2767) Concurrent Cycle
[2020-08-01T12:10:04.184+0300][102.228s][debug][gc] GC(2767) Reclaimed 123 empty regions
[2020-08-01T12:10:04.184+0300][102.228s][info ][gc] GC(2767) Pause Remark 232M->109M(512M) 0.785ms
[2020-08-01T12:10:04.206+0300][102.249s][info ][gc] GC(2767) Pause Cleanup 163M->163M(512M) 0.069ms
[2020-08-01T12:10:04.206+0300][102.250s][info ][gc] GC(2767) Concurrent Cycle 37.160ms
[2020-08-01T12:10:04.239+0300][102.282s][info ][gc] GC(2768) Pause Young (Normal) (G1 Evacuation Pause) 164M->151M(512M) 32.081ms
[2020-08-01T12:10:04.269+0300][102.313s][info ][gc] GC(2769) Pause Young (Concurrent Start) (G1 Humongous Allocation) 180M->181M(512M) 19.087ms
[2020-08-01T12:10:04.269+0300][102.313s][info ][gc] GC(2770) Concurrent Cycle
[2020-08-01T12:10:04.284+0300][102.328s][debug][gc] GC(2770) Reclaimed 123 empty regions
[2020-08-01T12:10:04.284+0300][102.328s][info ][gc] GC(2770) Pause Remark 232M->109M(512M) 0.784ms
[2020-08-01T12:10:04.306+0300][102.350s][info ][gc] GC(2770) Pause Cleanup 163M->163M(512M) 0.081ms
[2020-08-01T12:10:04.306+0300][102.350s][info ][gc] GC(2770) Concurrent Cycle 37.125ms
[2020-08-01T12:10:04.340+0300][102.384s][info ][gc] GC(2771) Pause Young (Normal) (G1 Evacuation Pause) 164M->151M(512M) 33.363ms
[2020-08-01T12:10:04.367+0300][102.411s][info ][gc] GC(2772) Pause Young (Concurrent Start) (G1 Humongous Allocation) 180M->181M(512M) 15.933ms
[2020-08-01T12:10:04.367+0300][102.411s][info ][gc] GC(2773) Concurrent Cycle
[2020-08-01T12:10:04.382+0300][102.426s][debug][gc] GC(2773) Reclaimed 124 empty regions
[2020-08-01T12:10:04.382+0300][102.426s][info ][gc] GC(2773) Pause Remark 232M->108M(512M) 0.662ms
[2020-08-01T12:10:04.403+0300][102.447s][info ][gc] GC(2773) Pause Cleanup 161M->161M(512M) 0.069ms
[2020-08-01T12:10:04.404+0300][102.448s][info ][gc] GC(2773) Concurrent Cycle 36.785ms
[2020-08-01T12:10:04.437+0300][102.481s][info ][gc] GC(2774) Pause Young (Normal) (G1 Evacuation Pause) 163M->150M(512M) 32.488ms
[2020-08-01T12:10:04.465+0300][102.509s][info ][gc] GC(2775) Pause Young (Concurrent Start) (G1 Humongous Allocation) 179M->181M(512M) 17.164ms
[2020-08-01T12:10:04.465+0300][102.509s][info ][gc] GC(2776) Concurrent Cycle
[2020-08-01T12:10:04.481+0300][102.524s][debug][gc] GC(2776) Reclaimed 123 empty regions
[2020-08-01T12:10:04.481+0300][102.525s][info ][gc] GC(2776) Pause Remark 232M->109M(512M) 0.657ms
[2020-08-01T12:10:04.502+0300][102.546s][info ][gc] GC(2776) Pause Cleanup 162M->162M(512M) 0.068ms
[2020-08-01T12:10:04.503+0300][102.546s][info ][gc] GC(2776) Concurrent Cycle 37.158ms
[2020-08-01T12:10:04.535+0300][102.579s][info ][gc] GC(2777) Pause Young (Normal) (G1 Evacuation Pause) 164M->152M(512M) 31.977ms
[2020-08-01T12:10:04.568+0300][102.611s][info ][gc] GC(2778) Pause Young (Concurrent Start) (G1 Humongous Allocation) 181M->182M(512M) 21.157ms
[2020-08-01T12:10:04.568+0300][102.612s][info ][gc] GC(2779) Concurrent Cycle
[2020-08-01T12:10:04.585+0300][102.629s][debug][gc] GC(2779) Reclaimed 124 empty regions
[2020-08-01T12:10:04.585+0300][102.629s][info ][gc] GC(2779) Pause Remark 234M->110M(512M) 1.193ms
[2020-08-01T12:10:04.607+0300][102.651s][info ][gc] GC(2779) Pause Cleanup 163M->163M(512M) 0.068ms
[2020-08-01T12:10:04.608+0300][102.652s][info ][gc] GC(2779) Concurrent Cycle 40.397ms
[2020-08-01T12:10:04.647+0300][102.691s][info ][gc] GC(2780) Pause Young (Normal) (G1 Evacuation Pause) 164M->151M(512M) 39.239ms
[2020-08-01T12:10:04.682+0300][102.726s][info ][gc] GC(2781) Pause Young (Concurrent Start) (G1 Humongous Allocation) 180M->181M(512M) 21.413ms
[2020-08-01T12:10:04.682+0300][102.726s][info ][gc] GC(2782) Concurrent Cycle
[2020-08-01T12:10:04.699+0300][102.742s][debug][gc] GC(2782) Reclaimed 123 empty regions
[2020-08-01T12:10:04.699+0300][102.742s][info ][gc] GC(2782) Pause Remark 233M->110M(512M) 0.644ms
[2020-08-01T12:10:04.760+0300][102.804s][info ][gc] GC(2783) Pause Young (Normal) (G1 Evacuation Pause) 164M->152M(512M) 38.347ms
[2020-08-01T12:10:04.760+0300][102.804s][info ][gc] GC(2782) Pause Cleanup 153M->153M(512M) 0.111ms
[2020-08-01T12:10:04.761+0300][102.805s][info ][gc] GC(2782) Concurrent Cycle 79.079ms
[2020-08-01T12:10:04.808+0300][102.852s][info ][gc] GC(2784) Pause Young (Concurrent Start) (G1 Humongous Allocation) 181M->182M(512M) 35.055ms
[2020-08-01T12:10:04.808+0300][102.852s][info ][gc] GC(2785) Concurrent Cycle
[2020-08-01T12:10:04.827+0300][102.871s][debug][gc] GC(2785) Reclaimed 124 empty regions
[2020-08-01T12:10:04.827+0300][102.871s][info ][gc] GC(2785) Pause Remark 235M->111M(512M) 0.788ms
[2020-08-01T12:10:04.883+0300][102.926s][info ][gc] GC(2786) Pause Young (Normal) (G1 Evacuation Pause) 164M->151M(512M) 34.016ms
[2020-08-01T12:10:04.884+0300][102.928s][info ][gc] GC(2785) Pause Cleanup 153M->153M(512M) 0.090ms
[2020-08-01T12:10:04.884+0300][102.928s][info ][gc] GC(2785) Concurrent Cycle 75.982ms
[2020-08-01T12:10:04.921+0300][102.964s][info ][gc] GC(2787) Pause Young (Concurrent Start) (G1 Humongous Allocation) 180M->181M(512M) 26.000ms
[2020-08-01T12:10:04.921+0300][102.964s][info ][gc] GC(2788) Concurrent Cycle
[2020-08-01T12:10:04.936+0300][102.980s][debug][gc] GC(2788) Reclaimed 124 empty regions
[2020-08-01T12:10:04.936+0300][102.980s][info ][gc] GC(2788) Pause Remark 233M->109M(512M) 0.645ms
[2020-08-01T12:10:04.957+0300][103.001s][info ][gc] GC(2788) Pause Cleanup 162M->162M(512M) 0.069ms
[2020-08-01T12:10:04.958+0300][103.001s][info ][gc] GC(2788) Concurrent Cycle 37.022ms
[2020-08-01T12:10:04.992+0300][103.036s][info ][gc] GC(2789) Pause Young (Normal) (G1 Evacuation Pause) 163M->151M(512M) 34.354ms
[2020-08-01T12:10:05.021+0300][103.065s][info ][gc] GC(2790) Pause Young (Concurrent Start) (G1 Humongous Allocation) 180M->181M(512M) 17.397ms
[2020-08-01T12:10:05.021+0300][103.065s][info ][gc] GC(2791) Concurrent Cycle
[2020-08-01T12:10:05.036+0300][103.080s][debug][gc] GC(2791) Reclaimed 123 empty regions
[2020-08-01T12:10:05.036+0300][103.080s][info ][gc] GC(2791) Pause Remark 232M->109M(512M) 0.652ms
[2020-08-01T12:10:05.057+0300][103.101s][info ][gc] GC(2791) Pause Cleanup 163M->163M(512M) 0.069ms
[2020-08-01T12:10:05.058+0300][103.102s][info ][gc] GC(2791) Concurrent Cycle 36.879ms
[2020-08-01T12:10:05.090+0300][103.134s][info ][gc] GC(2792) Pause Young (Normal) (G1 Evacuation Pause) 164M->151M(512M) 32.316ms
[2020-08-01T12:10:05.118+0300][103.162s][info ][gc] GC(2793) Pause Young (Concurrent Start) (G1 Humongous Allocation) 180M->181M(512M) 16.080ms
[2020-08-01T12:10:05.118+0300][103.162s][info ][gc] GC(2794) Concurrent Cycle
[2020-08-01T12:10:05.133+0300][103.177s][debug][gc] GC(2794) Reclaimed 124 empty regions
[2020-08-01T12:10:05.133+0300][103.177s][info ][gc] GC(2794) Pause Remark 232M->108M(512M) 0.649ms
[2020-08-01T12:10:05.154+0300][103.198s][info ][gc] GC(2794) Pause Cleanup 161M->161M(512M) 0.074ms
[2020-08-01T12:10:05.155+0300][103.199s][info ][gc] GC(2794) Concurrent Cycle 36.922ms
[2020-08-01T12:10:05.189+0300][103.233s][info ][gc] GC(2795) Pause Young (Normal) (G1 Evacuation Pause) 163M->151M(512M) 33.511ms
[2020-08-01T12:10:05.217+0300][103.261s][info ][gc] GC(2796) Pause Young (Concurrent Start) (G1 Humongous Allocation) 180M->181M(512M) 16.578ms
[2020-08-01T12:10:05.217+0300][103.261s][info ][gc] GC(2797) Concurrent Cycle
[2020-08-01T12:10:05.232+0300][103.276s][debug][gc] GC(2797) Reclaimed 123 empty regions
[2020-08-01T12:10:05.232+0300][103.276s][info ][gc] GC(2797) Pause Remark 231M->108M(512M) 0.685ms
[2020-08-01T12:10:05.255+0300][103.298s][info ][gc] GC(2797) Pause Cleanup 164M->164M(512M) 0.087ms
[2020-08-01T12:10:05.287+0300][103.331s][info ][gc] GC(2798) Pause Young (Normal) (G1 Evacuation Pause) 164M->151M(512M) 32.155ms
[2020-08-01T12:10:05.288+0300][103.332s][info ][gc] GC(2797) Concurrent Cycle 70.509ms
[2020-08-01T12:10:05.315+0300][103.359s][info ][gc] GC(2799) Pause Young (Concurrent Start) (G1 Humongous Allocation) 180M->181M(512M) 16.666ms
[2020-08-01T12:10:05.315+0300][103.359s][info ][gc] GC(2800) Concurrent Cycle
[2020-08-01T12:10:05.330+0300][103.374s][debug][gc] GC(2800) Reclaimed 124 empty regions
[2020-08-01T12:10:05.331+0300][103.374s][info ][gc] GC(2800) Pause Remark 232M->108M(512M) 0.638ms
[2020-08-01T12:10:05.352+0300][103.396s][info ][gc] GC(2800) Pause Cleanup 161M->161M(512M) 0.078ms
[2020-08-01T12:10:05.352+0300][103.396s][info ][gc] GC(2800) Concurrent Cycle 36.743ms
[2020-08-01T12:10:05.385+0300][103.429s][info ][gc] GC(2801) Pause Young (Normal) (G1 Evacuation Pause) 163M->151M(512M) 31.940ms
[2020-08-01T12:10:05.412+0300][103.456s][info ][gc] GC(2802) Pause Young (Concurrent Start) (G1 Humongous Allocation) 180M->180M(512M) 16.136ms
[2020-08-01T12:10:05.412+0300][103.456s][info ][gc] GC(2803) Concurrent Cycle
[2020-08-01T12:10:05.428+0300][103.471s][debug][gc] GC(2803) Reclaimed 123 empty regions
[2020-08-01T12:10:05.428+0300][103.471s][info ][gc] GC(2803) Pause Remark 231M->108M(512M) 0.650ms
[2020-08-01T12:10:05.449+0300][103.493s][info ][gc] GC(2803) Pause Cleanup 163M->163M(512M) 0.073ms
[2020-08-01T12:10:05.450+0300][103.494s][info ][gc] GC(2803) Concurrent Cycle 37.499ms
[2020-08-01T12:10:05.482+0300][103.526s][info ][gc] GC(2804) Pause Young (Normal) (G1 Evacuation Pause) 164M->151M(512M) 32.360ms
[2020-08-01T12:10:05.510+0300][103.553s][info ][gc] GC(2805) Pause Young (Concurrent Start) (G1 Humongous Allocation) 179M->181M(512M) 16.162ms
[2020-08-01T12:10:05.510+0300][103.553s][info ][gc] GC(2806) Concurrent Cycle
[2020-08-01T12:10:05.524+0300][103.568s][debug][gc] GC(2806) Reclaimed 124 empty regions
[2020-08-01T12:10:05.524+0300][103.568s][info ][gc] GC(2806) Pause Remark 230M->106M(512M) 0.712ms
[2020-08-01T12:10:05.545+0300][103.589s][info ][gc] GC(2806) Pause Cleanup 158M->158M(512M) 0.069ms
[2020-08-01T12:10:05.546+0300][103.590s][info ][gc] GC(2806) Concurrent Cycle 36.207ms
[2020-08-01T12:10:05.580+0300][103.623s][info ][gc] GC(2807) Pause Young (Normal) (G1 Evacuation Pause) 163M->151M(512M) 32.111ms
[2020-08-01T12:10:05.607+0300][103.651s][info ][gc] GC(2808) Pause Young (Concurrent Start) (G1 Humongous Allocation) 180M->180M(512M) 16.269ms
[2020-08-01T12:10:05.607+0300][103.651s][info ][gc] GC(2809) Concurrent Cycle
[2020-08-01T12:10:05.622+0300][103.666s][debug][gc] GC(2809) Reclaimed 123 empty regions
[2020-08-01T12:10:05.622+0300][103.666s][info ][gc] GC(2809) Pause Remark 231M->108M(512M) 0.696ms
[2020-08-01T12:10:05.645+0300][103.689s][info ][gc] GC(2809) Pause Cleanup 161M->161M(512M) 0.166ms
[2020-08-01T12:10:05.646+0300][103.690s][info ][gc] GC(2809) Concurrent Cycle 38.551ms
[2020-08-01T12:10:05.679+0300][103.723s][info ][gc] GC(2810) Pause Young (Normal) (G1 Evacuation Pause) 164M->152M(512M) 32.629ms
[2020-08-01T12:10:05.708+0300][103.752s][info ][gc] GC(2811) Pause Young (Concurrent Start) (G1 Humongous Allocation) 180M->182M(512M) 17.277ms
[2020-08-01T12:10:05.708+0300][103.752s][info ][gc] GC(2812) Concurrent Cycle
[2020-08-01T12:10:05.723+0300][103.766s][debug][gc] GC(2812) Reclaimed 125 empty regions
[2020-08-01T12:10:05.723+0300][103.766s][info ][gc] GC(2812) Pause Remark 231M->106M(512M) 0.646ms
[2020-08-01T12:10:05.744+0300][103.788s][info ][gc] GC(2812) Pause Cleanup 160M->160M(512M) 0.087ms
[2020-08-01T12:10:05.745+0300][103.789s][info ][gc] GC(2812) Concurrent Cycle 36.855ms
[2020-08-01T12:10:05.783+0300][103.826s][info ][gc] GC(2813) Pause Young (Normal) (G1 Evacuation Pause) 163M->150M(512M) 36.699ms
[2020-08-01T12:10:05.818+0300][103.861s][info ][gc] GC(2814) Pause Young (Concurrent Start) (G1 Humongous Allocation) 179M->180M(512M) 22.823ms
[2020-08-01T12:10:05.818+0300][103.862s][info ][gc] GC(2815) Concurrent Cycle
[2020-08-01T12:10:05.834+0300][103.878s][debug][gc] GC(2815) Reclaimed 122 empty regions
[2020-08-01T12:10:05.834+0300][103.878s][info ][gc] GC(2815) Pause Remark 224M->102M(512M) 1.141ms
[2020-08-01T12:10:05.856+0300][103.900s][info ][gc] GC(2815) Pause Cleanup 146M->146M(512M) 0.074ms
[2020-08-01T12:10:05.857+0300][103.901s][info ][gc] GC(2815) Concurrent Cycle 38.974ms
[2020-08-01T12:10:05.900+0300][103.944s][info ][gc] GC(2816) Pause Young (Normal) (G1 Evacuation Pause) 165M->152M(512M) 36.383ms
[2020-08-01T12:10:05.931+0300][103.974s][info ][gc] GC(2817) Pause Young (Concurrent Start) (G1 Humongous Allocation) 180M->181M(512M) 19.365ms
[2020-08-01T12:10:05.931+0300][103.974s][info ][gc] GC(2818) Concurrent Cycle
[2020-08-01T12:10:05.946+0300][103.990s][debug][gc] GC(2818) Reclaimed 125 empty regions
[2020-08-01T12:10:05.946+0300][103.990s][info ][gc] GC(2818) Pause Remark 232M->107M(512M) 0.718ms
[2020-08-01T12:10:05.968+0300][104.011s][info ][gc] GC(2818) Pause Cleanup 161M->161M(512M) 0.085ms
[2020-08-01T12:10:05.968+0300][104.012s][info ][gc] GC(2818) Concurrent Cycle 37.525ms
[2020-08-01T12:10:06.005+0300][104.049s][info ][gc] GC(2819) Pause Young (Normal) (G1 Evacuation Pause) 162M->150M(512M) 36.696ms
[2020-08-01T12:10:06.035+0300][104.078s][info ][gc] GC(2820) Pause Young (Concurrent Start) (G1 Humongous Allocation) 179M->180M(512M) 18.090ms
[2020-08-01T12:10:06.035+0300][104.079s][info ][gc] GC(2821) Concurrent Cycle
[2020-08-01T12:10:06.050+0300][104.094s][debug][gc] GC(2821) Reclaimed 122 empty regions
[2020-08-01T12:10:06.050+0300][104.094s][info ][gc] GC(2821) Pause Remark 230M->108M(512M) 0.684ms
[2020-08-01T12:10:06.072+0300][104.115s][info ][gc] GC(2821) Pause Cleanup 161M->161M(512M) 0.072ms
[2020-08-01T12:10:06.072+0300][104.116s][info ][gc] GC(2821) Concurrent Cycle 37.414ms
[2020-08-01T12:10:06.109+0300][104.153s][info ][gc] GC(2822) Pause Young (Normal) (G1 Evacuation Pause) 165M->152M(512M) 35.369ms
[2020-08-01T12:10:06.137+0300][104.181s][info ][gc] GC(2823) Pause Young (Concurrent Start) (G1 Humongous Allocation) 180M->181M(512M) 17.497ms
[2020-08-01T12:10:06.137+0300][104.181s][info ][gc] GC(2824) Concurrent Cycle
[2020-08-01T12:10:06.153+0300][104.197s][debug][gc] GC(2824) Reclaimed 125 empty regions
[2020-08-01T12:10:06.153+0300][104.197s][info ][gc] GC(2824) Pause Remark 231M->106M(512M) 0.680ms
[2020-08-01T12:10:06.175+0300][104.218s][info ][gc] GC(2824) Pause Cleanup 160M->160M(512M) 0.065ms
[2020-08-01T12:10:06.175+0300][104.219s][info ][gc] GC(2824) Concurrent Cycle 37.651ms
[2020-08-01T12:10:06.210+0300][104.254s][info ][gc] GC(2825) Pause Young (Normal) (G1 Evacuation Pause) 162M->149M(512M) 34.505ms
[2020-08-01T12:10:06.239+0300][104.283s][info ][gc] GC(2826) Pause Young (Concurrent Start) (G1 Humongous Allocation) 178M->179M(512M) 16.846ms
[2020-08-01T12:10:06.239+0300][104.283s][info ][gc] GC(2827) Concurrent Cycle
[2020-08-01T12:10:06.254+0300][104.298s][debug][gc] GC(2827) Reclaimed 122 empty regions
[2020-08-01T12:10:06.254+0300][104.298s][info ][gc] GC(2827) Pause Remark 230M->108M(512M) 0.710ms
[2020-08-01T12:10:06.276+0300][104.320s][info ][gc] GC(2827) Pause Cleanup 162M->162M(512M) 0.071ms
[2020-08-01T12:10:06.276+0300][104.320s][info ][gc] GC(2827) Concurrent Cycle 37.284ms
[2020-08-01T12:10:06.310+0300][104.354s][info ][gc] GC(2828) Pause Young (Normal) (G1 Evacuation Pause) 164M->151M(512M) 33.007ms
[2020-08-01T12:10:06.338+0300][104.382s][info ][gc] GC(2829) Pause Young (Concurrent Start) (G1 Humongous Allocation) 179M->181M(512M) 16.667ms
[2020-08-01T12:10:06.338+0300][104.382s][info ][gc] GC(2830) Concurrent Cycle
[2020-08-01T12:10:06.354+0300][104.398s][debug][gc] GC(2830) Reclaimed 124 empty regions
[2020-08-01T12:10:06.354+0300][104.398s][info ][gc] GC(2830) Pause Remark 233M->109M(512M) 0.665ms
[2020-08-01T12:10:06.375+0300][104.419s][info ][gc] GC(2830) Pause Cleanup 161M->161M(512M) 0.075ms
[2020-08-01T12:10:06.376+0300][104.420s][info ][gc] GC(2830) Concurrent Cycle 38.155ms
[2020-08-01T12:10:06.409+0300][104.453s][info ][gc] GC(2831) Pause Young (Normal) (G1 Evacuation Pause) 163M->150M(512M) 32.889ms
[2020-08-01T12:10:06.438+0300][104.482s][info ][gc] GC(2832) Pause Young (Concurrent Start) (G1 Humongous Allocation) 179M->181M(512M) 17.642ms
[2020-08-01T12:10:06.438+0300][104.482s][info ][gc] GC(2833) Concurrent Cycle
[2020-08-01T12:10:06.453+0300][104.497s][debug][gc] GC(2833) Reclaimed 123 empty regions
[2020-08-01T12:10:06.453+0300][104.497s][info ][gc] GC(2833) Pause Remark 232M->109M(512M) 0.642ms
[2020-08-01T12:10:06.475+0300][104.518s][info ][gc] GC(2833) Pause Cleanup 163M->163M(512M) 0.070ms
[2020-08-01T12:10:06.475+0300][104.519s][info ][gc] GC(2833) Concurrent Cycle 36.748ms
[2020-08-01T12:10:06.511+0300][104.555s][info ][gc] GC(2834) Pause Young (Normal) (G1 Evacuation Pause) 164M->151M(512M) 35.659ms
[2020-08-01T12:10:06.540+0300][104.584s][info ][gc] GC(2835) Pause Young (Concurrent Start) (G1 Humongous Allocation) 180M->181M(512M) 17.323ms
[2020-08-01T12:10:06.540+0300][104.584s][info ][gc] GC(2836) Concurrent Cycle
[2020-08-01T12:10:06.556+0300][104.599s][debug][gc] GC(2836) Reclaimed 124 empty regions
[2020-08-01T12:10:06.556+0300][104.599s][info ][gc] GC(2836) Pause Remark 232M->108M(512M) 0.762ms
[2020-08-01T12:10:06.577+0300][104.621s][info ][gc] GC(2836) Pause Cleanup 162M->162M(512M) 0.084ms
[2020-08-01T12:10:06.578+0300][104.622s][info ][gc] GC(2836) Concurrent Cycle 37.396ms
[2020-08-01T12:10:06.610+0300][104.654s][info ][gc] GC(2837) Pause Young (Normal) (G1 Evacuation Pause) 163M->151M(512M) 32.418ms
[2020-08-01T12:10:06.638+0300][104.682s][info ][gc] GC(2838) Pause Young (Concurrent Start) (G1 Humongous Allocation) 180M->182M(512M) 16.299ms
[2020-08-01T12:10:06.638+0300][104.682s][info ][gc] GC(2839) Concurrent Cycle
[2020-08-01T12:10:06.655+0300][104.699s][debug][gc] GC(2839) Reclaimed 123 empty regions
[2020-08-01T12:10:06.655+0300][104.699s][info ][gc] GC(2839) Pause Remark 235M->112M(512M) 0.721ms
[2020-08-01T12:10:06.713+0300][104.757s][info ][gc] GC(2840) Pause Young (Normal) (G1 Evacuation Pause) 165M->152M(512M) 37.093ms
[2020-08-01T12:10:06.714+0300][104.758s][info ][gc] GC(2839) Pause Cleanup 154M->154M(512M) 0.091ms
[2020-08-01T12:10:06.715+0300][104.759s][info ][gc] GC(2839) Concurrent Cycle 76.594ms
[2020-08-01T12:10:06.755+0300][104.799s][info ][gc] GC(2841) Pause Young (Concurrent Start) (G1 Humongous Allocation) 181M->182M(512M) 29.824ms
[2020-08-01T12:10:06.755+0300][104.799s][info ][gc] GC(2842) Concurrent Cycle
[2020-08-01T12:10:06.771+0300][104.815s][debug][gc] GC(2842) Reclaimed 124 empty regions
[2020-08-01T12:10:06.771+0300][104.815s][info ][gc] GC(2842) Pause Remark 232M->108M(512M) 0.749ms
[2020-08-01T12:10:06.793+0300][104.837s][info ][gc] GC(2842) Pause Cleanup 161M->161M(512M) 0.076ms
[2020-08-01T12:10:06.794+0300][104.838s][info ][gc] GC(2842) Concurrent Cycle 38.710ms
[2020-08-01T12:10:06.838+0300][104.882s][info ][gc] GC(2843) Pause Young (Normal) (G1 Evacuation Pause) 164M->150M(512M) 42.843ms
[2020-08-01T12:10:06.868+0300][104.912s][info ][gc] GC(2844) Pause Young (Concurrent Start) (G1 Humongous Allocation) 179M->181M(512M) 18.272ms
[2020-08-01T12:10:06.868+0300][104.912s][info ][gc] GC(2845) Concurrent Cycle
[2020-08-01T12:10:06.884+0300][104.928s][debug][gc] GC(2845) Reclaimed 123 empty regions
[2020-08-01T12:10:06.884+0300][104.928s][info ][gc] GC(2845) Pause Remark 231M->108M(512M) 0.914ms
[2020-08-01T12:10:06.906+0300][104.950s][info ][gc] GC(2845) Pause Cleanup 162M->162M(512M) 0.066ms
[2020-08-01T12:10:06.906+0300][104.950s][info ][gc] GC(2845) Concurrent Cycle 38.190ms
[2020-08-01T12:10:06.943+0300][104.986s][info ][gc] GC(2846) Pause Young (Normal) (G1 Evacuation Pause) 164M->152M(512M) 35.640ms
[2020-08-01T12:10:06.972+0300][105.015s][info ][gc] GC(2847) Pause Young (Concurrent Start) (G1 Humongous Allocation) 181M->182M(512M) 17.747ms
[2020-08-01T12:10:06.972+0300][105.016s][info ][gc] GC(2848) Concurrent Cycle
[2020-08-01T12:10:06.987+0300][105.031s][debug][gc] GC(2848) Reclaimed 124 empty regions
[2020-08-01T12:10:06.987+0300][105.031s][info ][gc] GC(2848) Pause Remark 233M->109M(512M) 0.642ms
[2020-08-01T12:10:07.009+0300][105.053s][info ][gc] GC(2848) Pause Cleanup 163M->163M(512M) 0.067ms
[2020-08-01T12:10:07.009+0300][105.053s][info ][gc] GC(2848) Concurrent Cycle 37.644ms
[2020-08-01T12:10:07.044+0300][105.088s][info ][gc] GC(2849) Pause Young (Normal) (G1 Evacuation Pause) 164M->150M(512M) 34.737ms
[2020-08-01T12:10:07.074+0300][105.118s][info ][gc] GC(2850) Pause Young (Concurrent Start) (G1 Humongous Allocation) 179M->181M(512M) 18.085ms
[2020-08-01T12:10:07.074+0300][105.118s][info ][gc] GC(2851) Concurrent Cycle
[2020-08-01T12:10:07.090+0300][105.133s][debug][gc] GC(2851) Reclaimed 123 empty regions
[2020-08-01T12:10:07.090+0300][105.133s][info ][gc] GC(2851) Pause Remark 231M->108M(512M) 0.678ms
[2020-08-01T12:10:07.111+0300][105.155s][info ][gc] GC(2851) Pause Cleanup 161M->161M(512M) 0.067ms
[2020-08-01T12:10:07.112+0300][105.156s][info ][gc] GC(2851) Concurrent Cycle 37.448ms
[2020-08-01T12:10:07.149+0300][105.193s][info ][gc] GC(2852) Pause Young (Normal) (G1 Evacuation Pause) 164M->151M(512M) 36.086ms
[2020-08-01T12:10:07.180+0300][105.224s][info ][gc] GC(2853) Pause Young (Concurrent Start) (G1 Humongous Allocation) 180M->181M(512M) 19.726ms
[2020-08-01T12:10:07.180+0300][105.224s][info ][gc] GC(2854) Concurrent Cycle
[2020-08-01T12:10:07.195+0300][105.239s][debug][gc] GC(2854) Reclaimed 123 empty regions
[2020-08-01T12:10:07.195+0300][105.239s][info ][gc] GC(2854) Pause Remark 230M->107M(512M) 0.663ms
[2020-08-01T12:10:07.217+0300][105.261s][info ][gc] GC(2854) Pause Cleanup 162M->162M(512M) 0.074ms
[2020-08-01T12:10:07.218+0300][105.261s][info ][gc] GC(2854) Concurrent Cycle 37.610ms
[2020-08-01T12:10:07.252+0300][105.296s][info ][gc] GC(2855) Pause Young (Normal) (G1 Evacuation Pause) 164M->151M(512M) 33.411ms
[2020-08-01T12:10:07.282+0300][105.326s][info ][gc] GC(2856) Pause Young (Concurrent Start) (G1 Humongous Allocation) 180M->182M(512M) 18.487ms
[2020-08-01T12:10:07.282+0300][105.326s][info ][gc] GC(2857) Concurrent Cycle
[2020-08-01T12:10:07.300+0300][105.343s][debug][gc] GC(2857) Reclaimed 124 empty regions
[2020-08-01T12:10:07.300+0300][105.343s][info ][gc] GC(2857) Pause Remark 234M->110M(512M) 0.654ms
[2020-08-01T12:10:07.362+0300][105.406s][info ][gc] GC(2858) Pause Young (Normal) (G1 Evacuation Pause) 164M->152M(512M) 39.172ms
[2020-08-01T12:10:07.362+0300][105.406s][info ][gc] GC(2857) Pause Cleanup 153M->153M(512M) 0.063ms
[2020-08-01T12:10:07.363+0300][105.406s][info ][gc] GC(2857) Concurrent Cycle 80.364ms
[2020-08-01T12:10:07.406+0300][105.449s][info ][gc] GC(2859) Pause Young (Concurrent Start) (G1 Humongous Allocation) 181M->182M(512M) 31.840ms
[2020-08-01T12:10:07.406+0300][105.449s][info ][gc] GC(2860) Concurrent Cycle
[2020-08-01T12:10:07.423+0300][105.467s][debug][gc] GC(2860) Reclaimed 124 empty regions
[2020-08-01T12:10:07.423+0300][105.467s][info ][gc] GC(2860) Pause Remark 236M->112M(512M) 0.929ms
[2020-08-01T12:10:07.489+0300][105.532s][info ][gc] GC(2861) Pause Young (Normal) (G1 Evacuation Pause) 164M->151M(512M) 42.843ms
[2020-08-01T12:10:07.489+0300][105.533s][info ][gc] GC(2860) Pause Cleanup 153M->153M(512M) 0.109ms
[2020-08-01T12:10:07.490+0300][105.534s][info ][gc] GC(2860) Concurrent Cycle 84.386ms
[2020-08-01T12:10:07.529+0300][105.572s][info ][gc] GC(2862) Pause Young (Concurrent Start) (G1 Humongous Allocation) 180M->181M(512M) 27.547ms
[2020-08-01T12:10:07.529+0300][105.572s][info ][gc] GC(2863) Concurrent Cycle
[2020-08-01T12:10:07.544+0300][105.588s][debug][gc] GC(2863) Reclaimed 124 empty regions
[2020-08-01T12:10:07.544+0300][105.588s][info ][gc] GC(2863) Pause Remark 232M->108M(512M) 0.639ms
[2020-08-01T12:10:07.565+0300][105.609s][info ][gc] GC(2863) Pause Cleanup 162M->162M(512M) 0.067ms
[2020-08-01T12:10:07.566+0300][105.610s][info ][gc] GC(2863) Concurrent Cycle 37.326ms
[2020-08-01T12:10:07.599+0300][105.643s][info ][gc] GC(2864) Pause Young (Normal) (G1 Evacuation Pause) 163M->151M(512M) 32.509ms
[2020-08-01T12:10:07.627+0300][105.671s][info ][gc] GC(2865) Pause Young (Concurrent Start) (G1 Humongous Allocation) 180M->181M(512M) 16.743ms
[2020-08-01T12:10:07.627+0300][105.671s][info ][gc] GC(2866) Concurrent Cycle
[2020-08-01T12:10:07.643+0300][105.687s][debug][gc] GC(2866) Reclaimed 123 empty regions
[2020-08-01T12:10:07.643+0300][105.687s][info ][gc] GC(2866) Pause Remark 231M->108M(512M) 1.285ms
[2020-08-01T12:10:07.666+0300][105.709s][info ][gc] GC(2866) Pause Cleanup 164M->164M(512M) 0.068ms
[2020-08-01T12:10:07.699+0300][105.743s][info ][gc] GC(2867) Pause Young (Normal) (G1 Evacuation Pause) 164M->151M(512M) 33.034ms
[2020-08-01T12:10:07.700+0300][105.744s][info ][gc] GC(2866) Concurrent Cycle 72.793ms
[2020-08-01T12:10:07.728+0300][105.772s][info ][gc] GC(2868) Pause Young (Concurrent Start) (G1 Humongous Allocation) 180M->181M(512M) 17.810ms
[2020-08-01T12:10:07.729+0300][105.772s][info ][gc] GC(2869) Concurrent Cycle
[2020-08-01T12:10:07.744+0300][105.788s][debug][gc] GC(2869) Reclaimed 123 empty regions
[2020-08-01T12:10:07.745+0300][105.788s][info ][gc] GC(2869) Pause Remark 229M->106M(512M) 0.770ms
[2020-08-01T12:10:07.766+0300][105.810s][info ][gc] GC(2869) Pause Cleanup 162M->162M(512M) 0.065ms
[2020-08-01T12:10:07.767+0300][105.811s][info ][gc] GC(2869) Concurrent Cycle 38.604ms
[2020-08-01T12:10:07.801+0300][105.845s][info ][gc] GC(2870) Pause Young (Normal) (G1 Evacuation Pause) 164M->150M(512M) 33.117ms
[2020-08-01T12:10:07.834+0300][105.878s][info ][gc] GC(2871) Pause Young (Concurrent Start) (G1 Humongous Allocation) 179M->181M(512M) 21.430ms
[2020-08-01T12:10:07.834+0300][105.878s][info ][gc] GC(2872) Concurrent Cycle
[2020-08-01T12:10:07.850+0300][105.894s][debug][gc] GC(2872) Reclaimed 123 empty regions
[2020-08-01T12:10:07.850+0300][105.894s][info ][gc] GC(2872) Pause Remark 232M->109M(512M) 0.776ms
[2020-08-01T12:10:07.872+0300][105.916s][info ][gc] GC(2872) Pause Cleanup 162M->162M(512M) 0.076ms
[2020-08-01T12:10:07.873+0300][105.917s][info ][gc] GC(2872) Concurrent Cycle 38.625ms
[2020-08-01T12:10:07.906+0300][105.950s][info ][gc] GC(2873) Pause Young (Normal) (G1 Evacuation Pause) 164M->151M(512M) 32.952ms
[2020-08-01T12:10:07.935+0300][105.979s][info ][gc] GC(2874) Pause Young (Concurrent Start) (G1 Humongous Allocation) 180M->181M(512M) 17.236ms
[2020-08-01T12:10:07.935+0300][105.979s][info ][gc] GC(2875) Concurrent Cycle
[2020-08-01T12:10:07.950+0300][105.993s][debug][gc] GC(2875) Reclaimed 123 empty regions
[2020-08-01T12:10:07.950+0300][105.994s][info ][gc] GC(2875) Pause Remark 231M->108M(512M) 0.650ms
[2020-08-01T12:10:07.971+0300][106.015s][info ][gc] GC(2875) Pause Cleanup 162M->162M(512M) 0.066ms
[2020-08-01T12:10:07.971+0300][106.015s][info ][gc] GC(2875) Concurrent Cycle 36.316ms
[2020-08-01T12:10:08.004+0300][106.048s][info ][gc] GC(2876) Pause Young (Normal) (G1 Evacuation Pause) 164M->152M(512M) 32.107ms
[2020-08-01T12:10:08.034+0300][106.078s][info ][gc] GC(2877) Pause Young (Concurrent Start) (G1 Humongous Allocation) 181M->182M(512M) 18.125ms
[2020-08-01T12:10:08.034+0300][106.078s][info ][gc] GC(2878) Concurrent Cycle
[2020-08-01T12:10:08.049+0300][106.093s][debug][gc] GC(2878) Reclaimed 124 empty regions
[2020-08-01T12:10:08.049+0300][106.093s][info ][gc] GC(2878) Pause Remark 231M->107M(512M) 0.639ms
[2020-08-01T12:10:08.070+0300][106.114s][info ][gc] GC(2878) Pause Cleanup 161M->161M(512M) 0.070ms
[2020-08-01T12:10:08.071+0300][106.115s][info ][gc] GC(2878) Concurrent Cycle 36.927ms
[2020-08-01T12:10:08.105+0300][106.149s][info ][gc] GC(2879) Pause Young (Normal) (G1 Evacuation Pause) 164M->151M(512M) 32.803ms
[2020-08-01T12:10:08.134+0300][106.178s][info ][gc] GC(2880) Pause Young (Concurrent Start) (G1 Humongous Allocation) 180M->181M(512M) 17.842ms
[2020-08-01T12:10:08.134+0300][106.178s][info ][gc] GC(2881) Concurrent Cycle
[2020-08-01T12:10:08.149+0300][106.193s][debug][gc] GC(2881) Reclaimed 124 empty regions
[2020-08-01T12:10:08.149+0300][106.193s][info ][gc] GC(2881) Pause Remark 232M->108M(512M) 0.654ms
[2020-08-01T12:10:08.203+0300][106.247s][info ][gc] GC(2882) Pause Young (Normal) (G1 Evacuation Pause) 163M->151M(512M) 32.525ms
[2020-08-01T12:10:08.204+0300][106.248s][info ][gc] GC(2881) Pause Cleanup 152M->152M(512M) 0.066ms
[2020-08-01T12:10:08.205+0300][106.248s][info ][gc] GC(2881) Concurrent Cycle 70.286ms
[2020-08-01T12:10:08.241+0300][106.285s][info ][gc] GC(2883) Pause Young (Concurrent Start) (G1 Humongous Allocation) 180M->181M(512M) 25.933ms
[2020-08-01T12:10:08.241+0300][106.285s][info ][gc] GC(2884) Concurrent Cycle
[2020-08-01T12:10:08.256+0300][106.300s][debug][gc] GC(2884) Reclaimed 123 empty regions
[2020-08-01T12:10:08.257+0300][106.300s][info ][gc] GC(2884) Pause Remark 232M->109M(512M) 0.655ms
[2020-08-01T12:10:08.278+0300][106.322s][info ][gc] GC(2884) Pause Cleanup 163M->163M(512M) 0.069ms
[2020-08-01T12:10:08.279+0300][106.322s][info ][gc] GC(2884) Concurrent Cycle 37.598ms
[2020-08-01T12:10:08.312+0300][106.356s][info ][gc] GC(2885) Pause Young (Normal) (G1 Evacuation Pause) 164M->151M(512M) 33.259ms
[2020-08-01T12:10:08.341+0300][106.385s][info ][gc] GC(2886) Pause Young (Concurrent Start) (G1 Humongous Allocation) 180M->181M(512M) 17.038ms
[2020-08-01T12:10:08.341+0300][106.385s][info ][gc] GC(2887) Concurrent Cycle
[2020-08-01T12:10:08.357+0300][106.400s][debug][gc] GC(2887) Reclaimed 124 empty regions
[2020-08-01T12:10:08.357+0300][106.400s][info ][gc] GC(2887) Pause Remark 232M->108M(512M) 0.630ms
[2020-08-01T12:10:08.378+0300][106.422s][info ][gc] GC(2887) Pause Cleanup 163M->163M(512M) 0.065ms
[2020-08-01T12:10:08.411+0300][106.455s][info ][gc] GC(2888) Pause Young (Normal) (G1 Evacuation Pause) 163M->150M(512M) 32.298ms
[2020-08-01T12:10:08.411+0300][106.455s][info ][gc] GC(2887) Concurrent Cycle 70.211ms
[2020-08-01T12:10:08.439+0300][106.483s][info ][gc] GC(2889) Pause Young (Concurrent Start) (G1 Humongous Allocation) 179M->181M(512M) 16.768ms
[2020-08-01T12:10:08.439+0300][106.483s][info ][gc] GC(2890) Concurrent Cycle
[2020-08-01T12:10:08.454+0300][106.498s][debug][gc] GC(2890) Reclaimed 123 empty regions
[2020-08-01T12:10:08.454+0300][106.498s][info ][gc] GC(2890) Pause Remark 231M->108M(512M) 0.644ms
[2020-08-01T12:10:08.476+0300][106.519s][info ][gc] GC(2890) Pause Cleanup 162M->162M(512M) 0.073ms
[2020-08-01T12:10:08.476+0300][106.520s][info ][gc] GC(2890) Concurrent Cycle 36.684ms
[2020-08-01T12:10:08.509+0300][106.553s][info ][gc] GC(2891) Pause Young (Normal) (G1 Evacuation Pause) 164M->151M(512M) 32.258ms
[2020-08-01T12:10:08.537+0300][106.580s][info ][gc] GC(2892) Pause Young (Concurrent Start) (G1 Humongous Allocation) 180M->182M(512M) 16.438ms
[2020-08-01T12:10:08.537+0300][106.580s][info ][gc] GC(2893) Concurrent Cycle
[2020-08-01T12:10:08.552+0300][106.596s][debug][gc] GC(2893) Reclaimed 124 empty regions
[2020-08-01T12:10:08.552+0300][106.596s][info ][gc] GC(2893) Pause Remark 234M->110M(512M) 0.634ms
[2020-08-01T12:10:08.607+0300][106.651s][info ][gc] GC(2894) Pause Young (Normal) (G1 Evacuation Pause) 164M->151M(512M) 33.385ms
[2020-08-01T12:10:08.608+0300][106.652s][info ][gc] GC(2893) Pause Cleanup 152M->152M(512M) 0.072ms
[2020-08-01T12:10:08.609+0300][106.652s][info ][gc] GC(2893) Concurrent Cycle 71.871ms
[2020-08-01T12:10:08.645+0300][106.688s][info ][gc] GC(2895) Pause Young (Concurrent Start) (G1 Humongous Allocation) 180M->181M(512M) 25.537ms
[2020-08-01T12:10:08.645+0300][106.688s][info ][gc] GC(2896) Concurrent Cycle
[2020-08-01T12:10:08.661+0300][106.705s][debug][gc] GC(2896) Reclaimed 124 empty regions
[2020-08-01T12:10:08.661+0300][106.705s][info ][gc] GC(2896) Pause Remark 234M->110M(512M) 0.641ms
[2020-08-01T12:10:08.717+0300][106.761s][info ][gc] GC(2897) Pause Young (Normal) (G1 Evacuation Pause) 163M->151M(512M) 34.598ms
[2020-08-01T12:10:08.718+0300][106.762s][info ][gc] GC(2896) Pause Cleanup 152M->152M(512M) 0.077ms
[2020-08-01T12:10:08.719+0300][106.762s][info ][gc] GC(2896) Concurrent Cycle 73.965ms
[2020-08-01T12:10:08.756+0300][106.800s][info ][gc] GC(2898) Pause Young (Concurrent Start) (G1 Humongous Allocation) 180M->181M(512M) 26.927ms
[2020-08-01T12:10:08.756+0300][106.800s][info ][gc] GC(2899) Concurrent Cycle
[2020-08-01T12:10:08.771+0300][106.815s][debug][gc] GC(2899) Reclaimed 123 empty regions
[2020-08-01T12:10:08.772+0300][106.815s][info ][gc] GC(2899) Pause Remark 230M->107M(512M) 0.671ms
[2020-08-01T12:10:08.793+0300][106.837s][info ][gc] GC(2899) Pause Cleanup 162M->162M(512M) 0.078ms
[2020-08-01T12:10:08.794+0300][106.838s][info ][gc] GC(2899) Concurrent Cycle 37.829ms
[2020-08-01T12:10:08.833+0300][106.877s][info ][gc] GC(2900) Pause Young (Normal) (G1 Evacuation Pause) 164M->150M(512M) 38.547ms
[2020-08-01T12:10:08.866+0300][106.910s][info ][gc] GC(2901) Pause Young (Concurrent Start) (G1 Humongous Allocation) 179M->181M(512M) 20.738ms
[2020-08-01T12:10:08.866+0300][106.910s][info ][gc] GC(2902) Concurrent Cycle
[2020-08-01T12:10:08.883+0300][106.927s][debug][gc] GC(2902) Reclaimed 123 empty regions
[2020-08-01T12:10:08.883+0300][106.927s][info ][gc] GC(2902) Pause Remark 232M->109M(512M) 0.662ms
[2020-08-01T12:10:08.905+0300][106.949s][info ][gc] GC(2902) Pause Cleanup 161M->161M(512M) 0.084ms
[2020-08-01T12:10:08.906+0300][106.949s][info ][gc] GC(2902) Concurrent Cycle 39.585ms
[2020-08-01T12:10:08.942+0300][106.986s][info ][gc] GC(2903) Pause Young (Normal) (G1 Evacuation Pause) 164M->151M(512M) 35.804ms
[2020-08-01T12:10:08.972+0300][107.016s][info ][gc] GC(2904) Pause Young (Concurrent Start) (G1 Humongous Allocation) 180M->181M(512M) 18.280ms
[2020-08-01T12:10:08.972+0300][107.016s][info ][gc] GC(2905) Concurrent Cycle
[2020-08-01T12:10:08.987+0300][107.031s][debug][gc] GC(2905) Reclaimed 124 empty regions
[2020-08-01T12:10:08.987+0300][107.031s][info ][gc] GC(2905) Pause Remark 231M->107M(512M) 0.679ms
[2020-08-01T12:10:09.008+0300][107.052s][info ][gc] GC(2905) Pause Cleanup 160M->160M(512M) 0.076ms
[2020-08-01T12:10:09.009+0300][107.053s][info ][gc] GC(2905) Concurrent Cycle 37.230ms
[2020-08-01T12:10:09.049+0300][107.092s][info ][gc] GC(2906) Pause Young (Normal) (G1 Evacuation Pause) 163M->150M(512M) 38.565ms
[2020-08-01T12:10:09.079+0300][107.123s][info ][gc] GC(2907) Pause Young (Concurrent Start) (G1 Humongous Allocation) 179M->181M(512M) 19.023ms
[2020-08-01T12:10:09.079+0300][107.123s][info ][gc] GC(2908) Concurrent Cycle
[2020-08-01T12:10:09.095+0300][107.139s][debug][gc] GC(2908) Reclaimed 123 empty regions
[2020-08-01T12:10:09.095+0300][107.139s][info ][gc] GC(2908) Pause Remark 231M->108M(512M) 0.695ms
[2020-08-01T12:10:09.116+0300][107.160s][info ][gc] GC(2908) Pause Cleanup 162M->162M(512M) 0.076ms
[2020-08-01T12:10:09.117+0300][107.161s][info ][gc] GC(2908) Concurrent Cycle 37.677ms
[2020-08-01T12:10:09.153+0300][107.197s][info ][gc] GC(2909) Pause Young (Normal) (G1 Evacuation Pause) 164M->151M(512M) 35.087ms
[2020-08-01T12:10:09.182+0300][107.225s][info ][gc] GC(2910) Pause Young (Concurrent Start) (G1 Humongous Allocation) 180M->181M(512M) 17.310ms
[2020-08-01T12:10:09.182+0300][107.225s][info ][gc] GC(2911) Concurrent Cycle
[2020-08-01T12:10:09.196+0300][107.240s][debug][gc] GC(2911) Reclaimed 124 empty regions
[2020-08-01T12:10:09.196+0300][107.240s][info ][gc] GC(2911) Pause Remark 231M->107M(512M) 0.637ms
[2020-08-01T12:10:09.218+0300][107.261s][info ][gc] GC(2911) Pause Cleanup 161M->161M(512M) 0.076ms
[2020-08-01T12:10:09.218+0300][107.262s][info ][gc] GC(2911) Concurrent Cycle 36.608ms
[2020-08-01T12:10:09.251+0300][107.295s][info ][gc] GC(2912) Pause Young (Normal) (G1 Evacuation Pause) 163M->150M(512M) 32.629ms
[2020-08-01T12:10:09.280+0300][107.324s][info ][gc] GC(2913) Pause Young (Concurrent Start) (G1 Humongous Allocation) 179M->181M(512M) 17.339ms
[2020-08-01T12:10:09.280+0300][107.324s][info ][gc] GC(2914) Concurrent Cycle
[2020-08-01T12:10:09.296+0300][107.339s][debug][gc] GC(2914) Reclaimed 123 empty regions
[2020-08-01T12:10:09.296+0300][107.339s][info ][gc] GC(2914) Pause Remark 231M->108M(512M) 0.772ms
[2020-08-01T12:10:09.318+0300][107.362s][info ][gc] GC(2914) Pause Cleanup 161M->161M(512M) 0.074ms
[2020-08-01T12:10:09.318+0300][107.362s][info ][gc] GC(2914) Concurrent Cycle 38.002ms
[2020-08-01T12:10:09.354+0300][107.398s][info ][gc] GC(2915) Pause Young (Normal) (G1 Evacuation Pause) 164M->151M(512M) 34.611ms
[2020-08-01T12:10:09.384+0300][107.428s][info ][gc] GC(2916) Pause Young (Concurrent Start) (G1 Humongous Allocation) 180M->181M(512M) 18.436ms
[2020-08-01T12:10:09.384+0300][107.428s][info ][gc] GC(2917) Concurrent Cycle
[2020-08-01T12:10:09.399+0300][107.443s][debug][gc] GC(2917) Reclaimed 124 empty regions
[2020-08-01T12:10:09.399+0300][107.443s][info ][gc] GC(2917) Pause Remark 231M->107M(512M) 0.698ms
[2020-08-01T12:10:09.420+0300][107.464s][info ][gc] GC(2917) Pause Cleanup 160M->160M(512M) 0.073ms
[2020-08-01T12:10:09.421+0300][107.465s][info ][gc] GC(2917) Concurrent Cycle 36.984ms
[2020-08-01T12:10:09.456+0300][107.500s][info ][gc] GC(2918) Pause Young (Normal) (G1 Evacuation Pause) 163M->151M(512M) 34.365ms
[2020-08-01T12:10:09.485+0300][107.529s][info ][gc] GC(2919) Pause Young (Concurrent Start) (G1 Humongous Allocation) 180M->182M(512M) 16.857ms
[2020-08-01T12:10:09.485+0300][107.529s][info ][gc] GC(2920) Concurrent Cycle
[2020-08-01T12:10:09.500+0300][107.544s][debug][gc] GC(2920) Reclaimed 124 empty regions
[2020-08-01T12:10:09.500+0300][107.544s][info ][gc] GC(2920) Pause Remark 233M->109M(512M) 0.687ms
[2020-08-01T12:10:09.521+0300][107.565s][info ][gc] GC(2920) Pause Cleanup 161M->161M(512M) 0.067ms
[2020-08-01T12:10:09.522+0300][107.566s][info ][gc] GC(2920) Concurrent Cycle 36.565ms
[2020-08-01T12:10:09.558+0300][107.601s][info ][gc] GC(2921) Pause Young (Normal) (G1 Evacuation Pause) 164M->151M(512M) 35.011ms
[2020-08-01T12:10:09.586+0300][107.630s][info ][gc] GC(2922) Pause Young (Concurrent Start) (G1 Humongous Allocation) 180M->181M(512M) 16.980ms
[2020-08-01T12:10:09.586+0300][107.630s][info ][gc] GC(2923) Concurrent Cycle
[2020-08-01T12:10:09.601+0300][107.645s][debug][gc] GC(2923) Reclaimed 124 empty regions
[2020-08-01T12:10:09.601+0300][107.645s][info ][gc] GC(2923) Pause Remark 232M->108M(512M) 0.726ms
[2020-08-01T12:10:09.622+0300][107.666s][info ][gc] GC(2923) Pause Cleanup 162M->162M(512M) 0.071ms
[2020-08-01T12:10:09.623+0300][107.667s][info ][gc] GC(2923) Concurrent Cycle 37.048ms
[2020-08-01T12:10:09.657+0300][107.701s][info ][gc] GC(2924) Pause Young (Normal) (G1 Evacuation Pause) 163M->150M(512M) 34.102ms
[2020-08-01T12:10:09.695+0300][107.739s][info ][gc] GC(2925) Pause Young (Concurrent Start) (G1 Humongous Allocation) 179M->180M(512M) 24.872ms
[2020-08-01T12:10:09.695+0300][107.739s][info ][gc] GC(2926) Concurrent Cycle
[2020-08-01T12:10:09.712+0300][107.756s][debug][gc] GC(2926) Reclaimed 123 empty regions
[2020-08-01T12:10:09.712+0300][107.756s][info ][gc] GC(2926) Pause Remark 232M->109M(512M) 0.779ms
[2020-08-01T12:10:09.735+0300][107.779s][info ][gc] GC(2926) Pause Cleanup 164M->164M(512M) 0.126ms
[2020-08-01T12:10:09.775+0300][107.819s][info ][gc] GC(2927) Pause Young (Normal) (G1 Evacuation Pause) 164M->152M(512M) 39.040ms
[2020-08-01T12:10:09.775+0300][107.819s][info ][gc] GC(2926) Concurrent Cycle 80.488ms
[2020-08-01T12:10:09.804+0300][107.848s][info ][gc] GC(2928) Pause Young (Concurrent Start) (G1 Humongous Allocation) 180M->181M(512M) 16.661ms
[2020-08-01T12:10:09.804+0300][107.848s][info ][gc] GC(2929) Concurrent Cycle
[2020-08-01T12:10:09.822+0300][107.866s][debug][gc] GC(2929) Reclaimed 124 empty regions
[2020-08-01T12:10:09.822+0300][107.866s][info ][gc] GC(2929) Pause Remark 235M->111M(512M) 0.728ms
[2020-08-01T12:10:09.845+0300][107.889s][info ][gc] GC(2929) Pause Cleanup 163M->163M(512M) 0.079ms
[2020-08-01T12:10:09.882+0300][107.926s][info ][gc] GC(2930) Pause Young (Normal) (G1 Evacuation Pause) 163M->150M(512M) 36.869ms
[2020-08-01T12:10:09.882+0300][107.926s][info ][gc] GC(2929) Concurrent Cycle 78.307ms
[2020-08-01T12:10:09.916+0300][107.960s][info ][gc] GC(2931) Pause Young (Concurrent Start) (G1 Humongous Allocation) 179M->180M(512M) 20.654ms
[2020-08-01T12:10:09.916+0300][107.960s][info ][gc] GC(2932) Concurrent Cycle
[2020-08-01T12:10:09.932+0300][107.975s][debug][gc] GC(2932) Reclaimed 123 empty regions
[2020-08-01T12:10:09.932+0300][107.976s][info ][gc] GC(2932) Pause Remark 231M->108M(512M) 0.712ms
[2020-08-01T12:10:09.953+0300][107.997s][info ][gc] GC(2932) Pause Cleanup 161M->161M(512M) 0.076ms
[2020-08-01T12:10:09.953+0300][107.997s][info ][gc] GC(2932) Concurrent Cycle 37.226ms
[2020-08-01T12:10:09.989+0300][108.032s][info ][gc] GC(2933) Pause Young (Normal) (G1 Evacuation Pause) 163M->150M(512M) 34.614ms
[2020-08-01T12:10:10.020+0300][108.064s][info ][gc] GC(2934) Pause Young (Concurrent Start) (G1 Humongous Allocation) 179M->180M(512M) 19.675ms
[2020-08-01T12:10:10.020+0300][108.064s][info ][gc] GC(2935) Concurrent Cycle
[2020-08-01T12:10:10.035+0300][108.079s][debug][gc] GC(2935) Reclaimed 123 empty regions
[2020-08-01T12:10:10.035+0300][108.079s][info ][gc] GC(2935) Pause Remark 231M->108M(512M) 0.734ms
[2020-08-01T12:10:10.057+0300][108.100s][info ][gc] GC(2935) Pause Cleanup 162M->162M(512M) 0.070ms
[2020-08-01T12:10:10.057+0300][108.101s][info ][gc] GC(2935) Concurrent Cycle 37.314ms
[2020-08-01T12:10:10.092+0300][108.136s][info ][gc] GC(2936) Pause Young (Normal) (G1 Evacuation Pause) 164M->152M(512M) 34.583ms
[2020-08-01T12:10:10.120+0300][108.164s][info ][gc] GC(2937) Pause Young (Concurrent Start) (G1 Humongous Allocation) 180M->180M(512M) 16.584ms
[2020-08-01T12:10:10.120+0300][108.164s][info ][gc] GC(2938) Concurrent Cycle
[2020-08-01T12:10:10.135+0300][108.179s][debug][gc] GC(2938) Reclaimed 124 empty regions
[2020-08-01T12:10:10.135+0300][108.179s][info ][gc] GC(2938) Pause Remark 230M->106M(512M) 0.656ms
[2020-08-01T12:10:10.156+0300][108.200s][info ][gc] GC(2938) Pause Cleanup 158M->158M(512M) 0.097ms
[2020-08-01T12:10:10.157+0300][108.201s][info ][gc] GC(2938) Concurrent Cycle 36.626ms
[2020-08-01T12:10:10.195+0300][108.238s][info ][gc] GC(2939) Pause Young (Normal) (G1 Evacuation Pause) 163M->151M(512M) 36.232ms
[2020-08-01T12:10:10.223+0300][108.267s][info ][gc] GC(2940) Pause Young (Concurrent Start) (G1 Humongous Allocation) 179M->179M(512M) 17.191ms
[2020-08-01T12:10:10.223+0300][108.267s][info ][gc] GC(2941) Concurrent Cycle
[2020-08-01T12:10:10.238+0300][108.282s][debug][gc] GC(2941) Reclaimed 123 empty regions
[2020-08-01T12:10:10.238+0300][108.282s][info ][gc] GC(2941) Pause Remark 229M->106M(512M) 0.687ms
[2020-08-01T12:10:10.259+0300][108.303s][info ][gc] GC(2941) Pause Cleanup 157M->157M(512M) 0.076ms
[2020-08-01T12:10:10.260+0300][108.304s][info ][gc] GC(2941) Concurrent Cycle 36.796ms
[2020-08-01T12:10:10.298+0300][108.342s][info ][gc] GC(2942) Pause Young (Normal) (G1 Evacuation Pause) 163M->150M(512M) 36.391ms
[2020-08-01T12:10:10.327+0300][108.370s][info ][gc] GC(2943) Pause Young (Concurrent Start) (G1 Humongous Allocation) 178M->179M(512M) 17.155ms
[2020-08-01T12:10:10.327+0300][108.370s][info ][gc] GC(2944) Concurrent Cycle
[2020-08-01T12:10:10.342+0300][108.386s][debug][gc] GC(2944) Reclaimed 123 empty regions
[2020-08-01T12:10:10.342+0300][108.386s][info ][gc] GC(2944) Pause Remark 229M->106M(512M) 0.686ms
[2020-08-01T12:10:10.364+0300][108.407s][info ][gc] GC(2944) Pause Cleanup 160M->160M(512M) 0.069ms
[2020-08-01T12:10:10.364+0300][108.408s][info ][gc] GC(2944) Concurrent Cycle 37.431ms
[2020-08-01T12:10:10.402+0300][108.446s][info ][gc] GC(2945) Pause Young (Normal) (G1 Evacuation Pause) 163M->151M(512M) 37.105ms
[2020-08-01T12:10:10.431+0300][108.475s][info ][gc] GC(2946) Pause Young (Concurrent Start) (G1 Humongous Allocation) 179M->179M(512M) 18.009ms
[2020-08-01T12:10:10.431+0300][108.475s][info ][gc] GC(2947) Concurrent Cycle
[2020-08-01T12:10:10.447+0300][108.490s][debug][gc] GC(2947) Reclaimed 123 empty regions
[2020-08-01T12:10:10.447+0300][108.491s][info ][gc] GC(2947) Pause Remark 230M->107M(512M) 0.643ms
[2020-08-01T12:10:10.467+0300][108.511s][info ][gc] GC(2947) Pause Cleanup 159M->159M(512M) 0.069ms
[2020-08-01T12:10:10.468+0300][108.512s][info ][gc] GC(2947) Concurrent Cycle 36.590ms
[2020-08-01T12:10:10.507+0300][108.551s][info ][gc] GC(2948) Pause Young (Normal) (G1 Evacuation Pause) 163M->151M(512M) 37.379ms
[2020-08-01T12:10:10.536+0300][108.579s][info ][gc] GC(2949) Pause Young (Concurrent Start) (G1 Humongous Allocation) 179M->179M(512M) 17.471ms
[2020-08-01T12:10:10.536+0300][108.580s][info ][gc] GC(2950) Concurrent Cycle
[2020-08-01T12:10:10.550+0300][108.594s][debug][gc] GC(2950) Reclaimed 123 empty regions
[2020-08-01T12:10:10.551+0300][108.594s][info ][gc] GC(2950) Pause Remark 229M->106M(512M) 0.848ms
[2020-08-01T12:10:10.572+0300][108.616s][info ][gc] GC(2950) Pause Cleanup 159M->159M(512M) 0.088ms
[2020-08-01T12:10:10.572+0300][108.616s][info ][gc] GC(2950) Concurrent Cycle 36.520ms
[2020-08-01T12:10:10.607+0300][108.651s][info ][gc] GC(2951) Pause Young (Normal) (G1 Evacuation Pause) 163M->150M(512M) 33.030ms
[2020-08-01T12:10:10.635+0300][108.679s][info ][gc] GC(2952) Pause Young (Concurrent Start) (G1 Humongous Allocation) 178M->179M(512M) 17.507ms
[2020-08-01T12:10:10.635+0300][108.679s][info ][gc] GC(2953) Concurrent Cycle
[2020-08-01T12:10:10.652+0300][108.696s][debug][gc] GC(2953) Reclaimed 122 empty regions
[2020-08-01T12:10:10.652+0300][108.696s][info ][gc] GC(2953) Pause Remark 231M->109M(512M) 0.700ms
[2020-08-01T12:10:10.673+0300][108.717s][info ][gc] GC(2953) Pause Cleanup 161M->161M(512M) 0.068ms
[2020-08-01T12:10:10.673+0300][108.717s][info ][gc] GC(2953) Concurrent Cycle 38.193ms
[2020-08-01T12:10:10.709+0300][108.753s][info ][gc] GC(2954) Pause Young (Normal) (G1 Evacuation Pause) 164M->151M(512M) 34.366ms
[2020-08-01T12:10:10.738+0300][108.782s][info ][gc] GC(2955) Pause Young (Concurrent Start) (G1 Humongous Allocation) 179M->180M(512M) 17.535ms
[2020-08-01T12:10:10.738+0300][108.782s][info ][gc] GC(2956) Concurrent Cycle
[2020-08-01T12:10:10.753+0300][108.797s][debug][gc] GC(2956) Reclaimed 123 empty regions
[2020-08-01T12:10:10.753+0300][108.797s][info ][gc] GC(2956) Pause Remark 230M->107M(512M) 0.651ms
[2020-08-01T12:10:10.774+0300][108.818s][info ][gc] GC(2956) Pause Cleanup 160M->160M(512M) 0.071ms
[2020-08-01T12:10:10.774+0300][108.818s][info ][gc] GC(2956) Concurrent Cycle 36.412ms
[2020-08-01T12:10:10.814+0300][108.858s][info ][gc] GC(2957) Pause Young (Normal) (G1 Evacuation Pause) 164M->151M(512M) 38.580ms
[2020-08-01T12:10:10.844+0300][108.888s][info ][gc] GC(2958) Pause Young (Concurrent Start) (G1 Humongous Allocation) 179M->181M(512M) 18.770ms
[2020-08-01T12:10:10.844+0300][108.888s][info ][gc] GC(2959) Concurrent Cycle
[2020-08-01T12:10:10.862+0300][108.905s][debug][gc] GC(2959) Reclaimed 124 empty regions
[2020-08-01T12:10:10.862+0300][108.906s][info ][gc] GC(2959) Pause Remark 228M->104M(512M) 0.822ms
[2020-08-01T12:10:10.884+0300][108.927s][info ][gc] GC(2959) Pause Cleanup 150M->150M(512M) 0.138ms
[2020-08-01T12:10:10.884+0300][108.928s][info ][gc] GC(2959) Concurrent Cycle 40.069ms
[2020-08-01T12:10:10.926+0300][108.970s][info ][gc] GC(2960) Pause Young (Normal) (G1 Evacuation Pause) 163M->150M(512M) 36.758ms
[2020-08-01T12:10:10.956+0300][109.000s][info ][gc] GC(2961) Pause Young (Concurrent Start) (G1 Humongous Allocation) 179M->180M(512M) 18.123ms
[2020-08-01T12:10:10.956+0300][109.000s][info ][gc] GC(2962) Concurrent Cycle
[2020-08-01T12:10:10.972+0300][109.015s][debug][gc] GC(2962) Reclaimed 120 empty regions
[2020-08-01T12:10:10.972+0300][109.016s][info ][gc] GC(2962) Pause Remark 230M->110M(512M) 0.709ms
[2020-08-01T12:10:10.994+0300][109.038s][info ][gc] GC(2962) Pause Cleanup 166M->166M(512M) 0.073ms
[2020-08-01T12:10:10.994+0300][109.038s][info ][gc] GC(2962) Concurrent Cycle 37.969ms
[2020-08-01T12:10:11.030+0300][109.074s][info ][gc] GC(2963) Pause Young (Normal) (G1 Evacuation Pause) 167M->155M(512M) 35.178ms
[2020-08-01T12:10:11.058+0300][109.102s][info ][gc] GC(2964) Pause Young (Concurrent Start) (G1 Humongous Allocation) 183M->185M(512M) 17.451ms
[2020-08-01T12:10:11.058+0300][109.102s][info ][gc] GC(2965) Concurrent Cycle
[2020-08-01T12:10:11.073+0300][109.117s][debug][gc] GC(2965) Reclaimed 125 empty regions
[2020-08-01T12:10:11.073+0300][109.117s][info ][gc] GC(2965) Pause Remark 234M->109M(512M) 0.635ms
[2020-08-01T12:10:11.094+0300][109.138s][info ][gc] GC(2965) Pause Cleanup 161M->161M(512M) 0.083ms
[2020-08-01T12:10:11.095+0300][109.139s][info ][gc] GC(2965) Concurrent Cycle 36.391ms
[2020-08-01T12:10:11.129+0300][109.173s][info ][gc] GC(2966) Pause Young (Normal) (G1 Evacuation Pause) 165M->152M(512M) 32.848ms
[2020-08-01T12:10:11.158+0300][109.202s][info ][gc] GC(2967) Pause Young (Concurrent Start) (G1 Humongous Allocation) 182M->183M(512M) 17.191ms
[2020-08-01T12:10:11.158+0300][109.202s][info ][gc] GC(2968) Concurrent Cycle
[2020-08-01T12:10:11.174+0300][109.217s][debug][gc] GC(2968) Reclaimed 122 empty regions
[2020-08-01T12:10:11.174+0300][109.217s][info ][gc] GC(2968) Pause Remark 234M->112M(512M) 0.677ms
[2020-08-01T12:10:11.228+0300][109.272s][info ][gc] GC(2969) Pause Young (Normal) (G1 Evacuation Pause) 167M->155M(512M) 32.662ms
[2020-08-01T12:10:11.228+0300][109.272s][info ][gc] GC(2968) Pause Cleanup 156M->156M(512M) 0.071ms
[2020-08-01T12:10:11.229+0300][109.273s][info ][gc] GC(2968) Concurrent Cycle 71.072ms
[2020-08-01T12:10:11.266+0300][109.310s][info ][gc] GC(2970) Pause Young (Concurrent Start) (G1 Humongous Allocation) 184M->185M(512M) 25.810ms
[2020-08-01T12:10:11.266+0300][109.310s][info ][gc] GC(2971) Concurrent Cycle
[2020-08-01T12:10:11.281+0300][109.325s][debug][gc] GC(2971) Reclaimed 124 empty regions
[2020-08-01T12:10:11.281+0300][109.325s][info ][gc] GC(2971) Pause Remark 235M->111M(512M) 0.687ms
[2020-08-01T12:10:11.302+0300][109.346s][info ][gc] GC(2971) Pause Cleanup 166M->166M(512M) 0.081ms
[2020-08-01T12:10:11.335+0300][109.379s][info ][gc] GC(2972) Pause Young (Normal) (G1 Evacuation Pause) 166M->153M(512M) 32.453ms
[2020-08-01T12:10:11.335+0300][109.379s][info ][gc] GC(2971) Concurrent Cycle 69.305ms
[2020-08-01T12:10:11.366+0300][109.410s][info ][gc] GC(2973) Pause Young (Concurrent Start) (G1 Humongous Allocation) 183M->184M(512M) 18.815ms
[2020-08-01T12:10:11.366+0300][109.410s][info ][gc] GC(2974) Concurrent Cycle
[2020-08-01T12:10:11.382+0300][109.426s][debug][gc] GC(2974) Reclaimed 123 empty regions
[2020-08-01T12:10:11.382+0300][109.426s][info ][gc] GC(2974) Pause Remark 235M->112M(512M) 0.661ms
[2020-08-01T12:10:11.436+0300][109.480s][info ][gc] GC(2975) Pause Young (Normal) (G1 Evacuation Pause) 166M->154M(512M) 32.454ms
[2020-08-01T12:10:11.437+0300][109.481s][info ][gc] GC(2974) Pause Cleanup 156M->156M(512M) 0.078ms
[2020-08-01T12:10:11.437+0300][109.481s][info ][gc] GC(2974) Concurrent Cycle 71.071ms
[2020-08-01T12:10:11.474+0300][109.518s][info ][gc] GC(2976) Pause Young (Concurrent Start) (G1 Humongous Allocation) 184M->185M(512M) 26.369ms
[2020-08-01T12:10:11.475+0300][109.518s][info ][gc] GC(2977) Concurrent Cycle
[2020-08-01T12:10:11.490+0300][109.534s][debug][gc] GC(2977) Reclaimed 123 empty regions
[2020-08-01T12:10:11.490+0300][109.534s][info ][gc] GC(2977) Pause Remark 237M->114M(512M) 0.642ms
[2020-08-01T12:10:11.549+0300][109.593s][info ][gc] GC(2978) Pause Young (Normal) (G1 Evacuation Pause) 167M->154M(512M) 37.562ms
[2020-08-01T12:10:11.550+0300][109.594s][info ][gc] GC(2977) Pause Cleanup 158M->158M(512M) 0.072ms
[2020-08-01T12:10:11.551+0300][109.595s][info ][gc] GC(2977) Concurrent Cycle 76.437ms
[2020-08-01T12:10:11.587+0300][109.631s][info ][gc] GC(2979) Pause Young (Concurrent Start) (G1 Humongous Allocation) 184M->185M(512M) 26.209ms
[2020-08-01T12:10:11.587+0300][109.631s][info ][gc] GC(2980) Concurrent Cycle
[2020-08-01T12:10:11.602+0300][109.646s][debug][gc] GC(2980) Reclaimed 124 empty regions
[2020-08-01T12:10:11.602+0300][109.646s][info ][gc] GC(2980) Pause Remark 236M->112M(512M) 0.692ms
[2020-08-01T12:10:11.658+0300][109.701s][info ][gc] GC(2981) Pause Young (Normal) (G1 Evacuation Pause) 166M->154M(512M) 33.981ms
[2020-08-01T12:10:11.659+0300][109.703s][info ][gc] GC(2980) Pause Cleanup 156M->156M(512M) 0.079ms
[2020-08-01T12:10:11.659+0300][109.703s][info ][gc] GC(2980) Concurrent Cycle 72.294ms
[2020-08-01T12:10:11.700+0300][109.743s][info ][gc] GC(2982) Pause Young (Concurrent Start) (G1 Humongous Allocation) 184M->185M(512M) 28.846ms
[2020-08-01T12:10:11.700+0300][109.743s][info ][gc] GC(2983) Concurrent Cycle
[2020-08-01T12:10:11.716+0300][109.759s][debug][gc] GC(2983) Reclaimed 123 empty regions
[2020-08-01T12:10:11.716+0300][109.760s][info ][gc] GC(2983) Pause Remark 236M->113M(512M) 0.737ms
[2020-08-01T12:10:11.738+0300][109.782s][info ][gc] GC(2983) Pause Cleanup 166M->166M(512M) 0.076ms
[2020-08-01T12:10:11.738+0300][109.782s][info ][gc] GC(2983) Concurrent Cycle 38.706ms
[2020-08-01T12:10:11.775+0300][109.819s][info ][gc] GC(2984) Pause Young (Normal) (G1 Evacuation Pause) 167M->155M(512M) 36.599ms
[2020-08-01T12:10:11.807+0300][109.850s][info ][gc] GC(2985) Pause Young (Concurrent Start) (G1 Humongous Allocation) 185M->186M(512M) 18.815ms
[2020-08-01T12:10:11.807+0300][109.850s][info ][gc] GC(2986) Concurrent Cycle
[2020-08-01T12:10:11.822+0300][109.866s][debug][gc] GC(2986) Reclaimed 124 empty regions
[2020-08-01T12:10:11.822+0300][109.866s][info ][gc] GC(2986) Pause Remark 238M->114M(512M) 0.646ms
[2020-08-01T12:10:11.879+0300][109.923s][info ][gc] GC(2987) Pause Young (Normal) (G1 Evacuation Pause) 167M->155M(512M) 35.677ms
[2020-08-01T12:10:11.881+0300][109.924s][info ][gc] GC(2986) Pause Cleanup 159M->159M(512M) 0.077ms
[2020-08-01T12:10:11.882+0300][109.925s][info ][gc] GC(2986) Concurrent Cycle 74.922ms
[2020-08-01T12:10:11.924+0300][109.968s][info ][gc] GC(2988) Pause Young (Concurrent Start) (G1 Humongous Allocation) 185M->186M(512M) 32.624ms
[2020-08-01T12:10:11.925+0300][109.968s][info ][gc] GC(2989) Concurrent Cycle
[2020-08-01T12:10:11.941+0300][109.985s][debug][gc] GC(2989) Reclaimed 124 empty regions
[2020-08-01T12:10:11.941+0300][109.985s][info ][gc] GC(2989) Pause Remark 239M->115M(512M) 0.763ms
[2020-08-01T12:10:11.996+0300][110.040s][info ][gc] GC(2990) Pause Young (Normal) (G1 Evacuation Pause) 167M->154M(512M) 33.521ms
[2020-08-01T12:10:11.998+0300][110.042s][info ][gc] GC(2989) Pause Cleanup 157M->157M(512M) 0.067ms
[2020-08-01T12:10:11.998+0300][110.042s][info ][gc] GC(2989) Concurrent Cycle 73.924ms
[2020-08-01T12:10:12.035+0300][110.079s][info ][gc] GC(2991) Pause Young (Concurrent Start) (G1 Humongous Allocation) 184M->186M(512M) 26.587ms
[2020-08-01T12:10:12.035+0300][110.079s][info ][gc] GC(2992) Concurrent Cycle
[2020-08-01T12:10:12.051+0300][110.095s][debug][gc] GC(2992) Reclaimed 124 empty regions
[2020-08-01T12:10:12.051+0300][110.095s][info ][gc] GC(2992) Pause Remark 238M->114M(512M) 0.629ms
[2020-08-01T12:10:12.110+0300][110.154s][info ][gc] GC(2993) Pause Young (Normal) (G1 Evacuation Pause) 167M->154M(512M) 36.837ms
[2020-08-01T12:10:12.111+0300][110.154s][info ][gc] GC(2992) Pause Cleanup 156M->156M(512M) 0.099ms
[2020-08-01T12:10:12.111+0300][110.155s][info ][gc] GC(2992) Concurrent Cycle 76.084ms
[2020-08-01T12:10:12.148+0300][110.192s][info ][gc] GC(2994) Pause Young (Concurrent Start) (G1 Humongous Allocation) 184M->185M(512M) 26.242ms
[2020-08-01T12:10:12.148+0300][110.192s][info ][gc] GC(2995) Concurrent Cycle
[2020-08-01T12:10:12.163+0300][110.207s][debug][gc] GC(2995) Reclaimed 124 empty regions
[2020-08-01T12:10:12.164+0300][110.207s][info ][gc] GC(2995) Pause Remark 236M->112M(512M) 0.656ms
[2020-08-01T12:10:12.223+0300][110.267s][info ][gc] GC(2996) Pause Young (Normal) (G1 Evacuation Pause) 166M->153M(512M) 37.468ms
[2020-08-01T12:10:12.223+0300][110.267s][info ][gc] GC(2995) Pause Cleanup 154M->154M(512M) 0.063ms
[2020-08-01T12:10:12.224+0300][110.267s][info ][gc] GC(2995) Concurrent Cycle 75.290ms
[2020-08-01T12:10:12.266+0300][110.309s][info ][gc] GC(2997) Pause Young (Concurrent Start) (G1 Humongous Allocation) 183M->184M(512M) 30.390ms
[2020-08-01T12:10:12.266+0300][110.309s][info ][gc] GC(2998) Concurrent Cycle
[2020-08-01T12:10:12.281+0300][110.325s][debug][gc] GC(2998) Reclaimed 123 empty regions
[2020-08-01T12:10:12.281+0300][110.325s][info ][gc] GC(2998) Pause Remark 234M->111M(512M) 0.826ms
[2020-08-01T12:10:12.303+0300][110.347s][info ][gc] GC(2998) Pause Cleanup 165M->165M(512M) 0.089ms
[2020-08-01T12:10:12.304+0300][110.348s][info ][gc] GC(2998) Concurrent Cycle 38.501ms
[2020-08-01T12:10:12.340+0300][110.384s][info ][gc] GC(2999) Pause Young (Normal) (G1 Evacuation Pause) 166M->153M(512M) 35.511ms
[2020-08-01T12:10:12.370+0300][110.414s][info ][gc] GC(3000) Pause Young (Concurrent Start) (G1 Humongous Allocation) 183M->184M(512M) 18.235ms
[2020-08-01T12:10:12.370+0300][110.414s][info ][gc] GC(3001) Concurrent Cycle
[2020-08-01T12:10:12.386+0300][110.430s][debug][gc] GC(3001) Reclaimed 123 empty regions
[2020-08-01T12:10:12.386+0300][110.430s][info ][gc] GC(3001) Pause Remark 235M->112M(512M) 0.678ms
[2020-08-01T12:10:12.408+0300][110.452s][info ][gc] GC(3001) Pause Cleanup 164M->164M(512M) 0.074ms
[2020-08-01T12:10:12.408+0300][110.452s][info ][gc] GC(3001) Concurrent Cycle 38.097ms
[2020-08-01T12:10:12.444+0300][110.488s][info ][gc] GC(3002) Pause Young (Normal) (G1 Evacuation Pause) 166M->154M(512M) 35.585ms
[2020-08-01T12:10:12.474+0300][110.518s][info ][gc] GC(3003) Pause Young (Concurrent Start) (G1 Humongous Allocation) 184M->185M(512M) 17.490ms
[2020-08-01T12:10:12.474+0300][110.518s][info ][gc] GC(3004) Concurrent Cycle
[2020-08-01T12:10:12.489+0300][110.533s][debug][gc] GC(3004) Reclaimed 123 empty regions
[2020-08-01T12:10:12.489+0300][110.533s][info ][gc] GC(3004) Pause Remark 236M->113M(512M) 0.648ms
[2020-08-01T12:10:12.543+0300][110.587s][info ][gc] GC(3005) Pause Young (Normal) (G1 Evacuation Pause) 167M->154M(512M) 32.867ms
[2020-08-01T12:10:12.545+0300][110.589s][info ][gc] GC(3004) Pause Cleanup 157M->157M(512M) 0.071ms
[2020-08-01T12:10:12.545+0300][110.589s][info ][gc] GC(3004) Concurrent Cycle 71.498ms
[2020-08-01T12:10:12.582+0300][110.626s][info ][gc] GC(3006) Pause Young (Concurrent Start) (G1 Humongous Allocation) 184M->185M(512M) 26.634ms
[2020-08-01T12:10:12.582+0300][110.626s][info ][gc] GC(3007) Concurrent Cycle
[2020-08-01T12:10:12.597+0300][110.641s][debug][gc] GC(3007) Reclaimed 123 empty regions
[2020-08-01T12:10:12.597+0300][110.641s][info ][gc] GC(3007) Pause Remark 235M->112M(512M) 0.642ms
[2020-08-01T12:10:12.619+0300][110.663s][info ][gc] GC(3007) Pause Cleanup 166M->166M(512M) 0.069ms
[2020-08-01T12:10:12.620+0300][110.663s][info ][gc] GC(3007) Concurrent Cycle 37.413ms
[2020-08-01T12:10:12.652+0300][110.696s][info ][gc] GC(3008) Pause Young (Normal) (G1 Evacuation Pause) 167M->154M(512M) 32.299ms
[2020-08-01T12:10:12.685+0300][110.728s][info ][gc] GC(3009) Pause Young (Concurrent Start) (G1 Humongous Allocation) 184M->186M(512M) 19.584ms
[2020-08-01T12:10:12.685+0300][110.728s][info ][gc] GC(3010) Concurrent Cycle
[2020-08-01T12:10:12.700+0300][110.744s][debug][gc] GC(3010) Reclaimed 124 empty regions
[2020-08-01T12:10:12.700+0300][110.744s][info ][gc] GC(3010) Pause Remark 237M->113M(512M) 0.687ms
[2020-08-01T12:10:12.756+0300][110.800s][info ][gc] GC(3011) Pause Young (Normal) (G1 Evacuation Pause) 167M->154M(512M) 34.686ms
[2020-08-01T12:10:12.757+0300][110.800s][info ][gc] GC(3010) Pause Cleanup 155M->155M(512M) 0.079ms
[2020-08-01T12:10:12.757+0300][110.801s][info ][gc] GC(3010) Concurrent Cycle 72.579ms
[2020-08-01T12:10:12.794+0300][110.837s][info ][gc] GC(3012) Pause Young (Concurrent Start) (G1 Humongous Allocation) 184M->185M(512M) 25.446ms
[2020-08-01T12:10:12.794+0300][110.837s][info ][gc] GC(3013) Concurrent Cycle
[2020-08-01T12:10:12.809+0300][110.853s][debug][gc] GC(3013) Reclaimed 124 empty regions
[2020-08-01T12:10:12.810+0300][110.853s][info ][gc] GC(3013) Pause Remark 236M->112M(512M) 0.658ms
[2020-08-01T12:10:12.865+0300][110.909s][info ][gc] GC(3014) Pause Young (Normal) (G1 Evacuation Pause) 166M->154M(512M) 33.930ms
[2020-08-01T12:10:12.866+0300][110.910s][info ][gc] GC(3013) Pause Cleanup 156M->156M(512M) 0.093ms
[2020-08-01T12:10:12.867+0300][110.911s][info ][gc] GC(3013) Concurrent Cycle 73.399ms
[2020-08-01T12:10:12.906+0300][110.949s][info ][gc] GC(3015) Pause Young (Concurrent Start) (G1 Humongous Allocation) 184M->185M(512M) 27.772ms
[2020-08-01T12:10:12.906+0300][110.950s][info ][gc] GC(3016) Concurrent Cycle
[2020-08-01T12:10:12.923+0300][110.967s][debug][gc] GC(3016) Reclaimed 120 empty regions
[2020-08-01T12:10:12.923+0300][110.967s][info ][gc] GC(3016) Pause Remark 238M->118M(512M) 0.702ms
[2020-08-01T12:10:12.979+0300][111.023s][info ][gc] GC(3017) Pause Young (Normal) (G1 Evacuation Pause) 170M->157M(512M) 34.099ms
[2020-08-01T12:10:12.981+0300][111.025s][info ][gc] GC(3016) Pause Cleanup 162M->162M(512M) 0.092ms
[2020-08-01T12:10:12.982+0300][111.026s][info ][gc] GC(3016) Concurrent Cycle 76.257ms
[2020-08-01T12:10:13.018+0300][111.062s][info ][gc] GC(3018) Pause Young (Concurrent Start) (G1 Humongous Allocation) 187M->189M(512M) 26.693ms
[2020-08-01T12:10:13.018+0300][111.062s][info ][gc] GC(3019) Concurrent Cycle
[2020-08-01T12:10:13.034+0300][111.077s][debug][gc] GC(3019) Reclaimed 123 empty regions
[2020-08-01T12:10:13.034+0300][111.078s][info ][gc] GC(3019) Pause Remark 241M->118M(512M) 0.749ms
[2020-08-01T12:10:13.090+0300][111.133s][info ][gc] GC(3020) Pause Young (Normal) (G1 Evacuation Pause) 170M->158M(512M) 34.337ms
[2020-08-01T12:10:13.091+0300][111.135s][info ][gc] GC(3019) Pause Cleanup 161M->161M(512M) 0.074ms
[2020-08-01T12:10:13.091+0300][111.135s][info ][gc] GC(3019) Concurrent Cycle 72.933ms
[2020-08-01T12:10:13.130+0300][111.174s][info ][gc] GC(3021) Pause Young (Concurrent Start) (G1 Humongous Allocation) 189M->190M(512M) 28.460ms
[2020-08-01T12:10:13.130+0300][111.174s][info ][gc] GC(3022) Concurrent Cycle
[2020-08-01T12:10:13.146+0300][111.190s][debug][gc] GC(3022) Reclaimed 123 empty regions
[2020-08-01T12:10:13.146+0300][111.190s][info ][gc] GC(3022) Pause Remark 243M->120M(512M) 0.699ms
[2020-08-01T12:10:13.200+0300][111.244s][info ][gc] GC(3023) Pause Young (Normal) (G1 Evacuation Pause) 170M->157M(512M) 33.478ms
[2020-08-01T12:10:13.203+0300][111.246s][info ][gc] GC(3022) Pause Cleanup 163M->163M(512M) 0.091ms
[2020-08-01T12:10:13.203+0300][111.247s][info ][gc] GC(3022) Concurrent Cycle 72.575ms
[2020-08-01T12:10:13.240+0300][111.284s][info ][gc] GC(3024) Pause Young (Concurrent Start) (G1 Humongous Allocation) 189M->190M(512M) 26.749ms
[2020-08-01T12:10:13.240+0300][111.284s][info ][gc] GC(3025) Concurrent Cycle
[2020-08-01T12:10:13.256+0300][111.299s][debug][gc] GC(3025) Reclaimed 122 empty regions
[2020-08-01T12:10:13.256+0300][111.299s][info ][gc] GC(3025) Pause Remark 242M->120M(512M) 0.642ms
[2020-08-01T12:10:13.308+0300][111.352s][info ][gc] GC(3026) Pause Young (Normal) (G1 Evacuation Pause) 171M->159M(512M) 31.917ms
[2020-08-01T12:10:13.311+0300][111.355s][info ][gc] GC(3025) Pause Cleanup 165M->165M(512M) 0.083ms
[2020-08-01T12:10:13.312+0300][111.355s][info ][gc] GC(3025) Concurrent Cycle 71.677ms
[2020-08-01T12:10:13.348+0300][111.392s][info ][gc] GC(3027) Pause Young (Concurrent Start) (G1 Humongous Allocation) 191M->192M(512M) 27.386ms
[2020-08-01T12:10:13.348+0300][111.392s][info ][gc] GC(3028) Concurrent Cycle
[2020-08-01T12:10:13.365+0300][111.409s][debug][gc] GC(3028) Reclaimed 124 empty regions
[2020-08-01T12:10:13.365+0300][111.409s][info ][gc] GC(3028) Pause Remark 245M->121M(512M) 0.645ms
[2020-08-01T12:10:13.417+0300][111.461s][info ][gc] GC(3029) Pause Young (Normal) (G1 Evacuation Pause) 171M->158M(512M) 32.288ms
[2020-08-01T12:10:13.420+0300][111.464s][info ][gc] GC(3028) Pause Cleanup 166M->166M(512M) 0.076ms
[2020-08-01T12:10:13.421+0300][111.465s][info ][gc] GC(3028) Concurrent Cycle 72.569ms
